MemTotal:        1844596 kB
MemFree:         1352900 kB
MemAvailable:    1602744 kB
Buffers:           31836 kB
Cached:           348008 kB
MemTotal:        1844596 kB
MemFree:         1326000 kB
MemAvailable:    1575852 kB
Buffers:           31840 kB
Cached:           348012 kB
MemTotal:        1844596 kB
MemFree:         1323892 kB
MemAvailable:    1573744 kB
Buffers:           31840 kB
Cached:           348012 kB
MemTotal:        1844596 kB
MemFree:         1322280 kB
MemAvailable:    1572132 kB
Buffers:           31840 kB
Cached:           348012 kB
MemTotal:        1844596 kB
MemFree:         1323084 kB
MemAvailable:    1572936 kB
Buffers:           31840 kB
Cached:           348012 kB
MemTotal:        1844596 kB
MemFree:         1321596 kB
MemAvailable:    1571448 kB
Buffers:           31840 kB
Cached:           348012 kB
MemTotal:        1844596 kB
MemFree:         1320420 kB
MemAvailable:    1570272 kB
Buffers:           31840 kB
Cached:           348012 kB
MemTotal:        1844596 kB
MemFree:         1320040 kB
MemAvailable:    1569892 kB
Buffers:           31840 kB
Cached:           348012 kB
MemTotal:        1844596 kB
MemFree:         1320040 kB
MemAvailable:    1569892 kB
Buffers:           31840 kB
Cached:           348012 kB
MemTotal:        1844596 kB
MemFree:         1316884 kB
MemAvailable:    1566736 kB
Buffers:           31840 kB
Cached:           348012 kB
MemTotal:        1844596 kB
MemFree:         1314468 kB
MemAvailable:    1564320 kB
Buffers:           31840 kB
Cached:           348012 kB
MemTotal:        1844596 kB
MemFree:         1310436 kB
MemAvailable:    1560288 kB
Buffers:           31840 kB
Cached:           348012 kB
MemTotal:        1844596 kB
MemFree:         1310304 kB
MemAvailable:    1560156 kB
Buffers:           31840 kB
Cached:           348012 kB
MemTotal:        1844596 kB
MemFree:         1311484 kB
MemAvailable:    1561336 kB
Buffers:           31840 kB
Cached:           348012 kB
MemTotal:        1844596 kB
MemFree:         1311376 kB
MemAvailable:    1561228 kB
Buffers:           31840 kB
Cached:           348012 kB
MemTotal:        1844596 kB
MemFree:         1311628 kB
MemAvailable:    1561480 kB
Buffers:           31840 kB
Cached:           348012 kB
MemTotal:        1844596 kB
MemFree:         1310320 kB
MemAvailable:    1560172 kB
Buffers:           31840 kB
Cached:           348012 kB
MemTotal:        1844596 kB
MemFree:         1310196 kB
MemAvailable:    1560048 kB
Buffers:           31840 kB
Cached:           348012 kB
MemTotal:        1844596 kB
MemFree:         1309872 kB
MemAvailable:    1559724 kB
Buffers:           31840 kB
Cached:           348012 kB
MemTotal:        1844596 kB
MemFree:         1310120 kB
MemAvailable:    1559972 kB
Buffers:           31840 kB
Cached:           348012 kB
MemTotal:        1844596 kB
MemFree:         1310980 kB
MemAvailable:    1560832 kB
Buffers:           31840 kB
Cached:           348012 kB
MemTotal:        1844596 kB
MemFree:         1310872 kB
MemAvailable:    1560724 kB
Buffers:           31840 kB
Cached:           348012 kB
MemTotal:        1844596 kB
MemFree:         1310860 kB
MemAvailable:    1560712 kB
Buffers:           31840 kB
Cached:           348012 kB
MemTotal:        1844596 kB
MemFree:         1310872 kB
MemAvailable:    1560724 kB
Buffers:           31840 kB
Cached:           348012 kB
MemTotal:        1844596 kB
MemFree:         1310548 kB
MemAvailable:    1560400 kB
Buffers:           31840 kB
Cached:           348012 kB
MemTotal:        1844596 kB
MemFree:         1310548 kB
MemAvailable:    1560400 kB
Buffers:           31840 kB
Cached:           348012 kB
MemTotal:        1844596 kB
MemFree:         1309128 kB
MemAvailable:    1558980 kB
Buffers:           31840 kB
Cached:           348012 kB
MemTotal:        1844596 kB
MemFree:         1309120 kB
MemAvailable:    1558972 kB
Buffers:           31840 kB
Cached:           348012 kB
MemTotal:        1844596 kB
MemFree:         1308996 kB
MemAvailable:    1558848 kB
Buffers:           31840 kB
Cached:           348012 kB
MemTotal:        1844596 kB
MemFree:         1308888 kB
MemAvailable:    1558740 kB
Buffers:           31840 kB
Cached:           348012 kB
MemTotal:        1844596 kB
MemFree:         1308640 kB
MemAvailable:    1558492 kB
Buffers:           31840 kB
Cached:           348012 kB
MemTotal:        1844596 kB
MemFree:         1308748 kB
MemAvailable:    1558600 kB
Buffers:           31840 kB
Cached:           348012 kB
MemTotal:        1844596 kB
MemFree:         1307848 kB
MemAvailable:    1557700 kB
Buffers:           31840 kB
Cached:           348012 kB
MemTotal:        1844596 kB
MemFree:         1308316 kB
MemAvailable:    1558168 kB
Buffers:           31840 kB
Cached:           348012 kB
MemTotal:        1844596 kB
MemFree:         1308568 kB
MemAvailable:    1558420 kB
Buffers:           31840 kB
Cached:           348012 kB
MemTotal:        1844596 kB
MemFree:         1307264 kB
MemAvailable:    1557116 kB
Buffers:           31840 kB
Cached:           348012 kB
MemTotal:        1844596 kB
MemFree:         1308372 kB
MemAvailable:    1558224 kB
Buffers:           31840 kB
Cached:           348012 kB
MemTotal:        1844596 kB
MemFree:         1308496 kB
MemAvailable:    1558348 kB
Buffers:           31840 kB
Cached:           348012 kB
MemTotal:        1844596 kB
MemFree:         1308432 kB
MemAvailable:    1558284 kB
Buffers:           31840 kB
Cached:           348012 kB
MemTotal:        1844596 kB
MemFree:         1308488 kB
MemAvailable:    1558340 kB
Buffers:           31840 kB
Cached:           348012 kB
MemTotal:        1844596 kB
MemFree:         1308324 kB
MemAvailable:    1558176 kB
Buffers:           31840 kB
Cached:           348012 kB
MemTotal:        1844596 kB
MemFree:         1309136 kB
MemAvailable:    1558988 kB
Buffers:           31840 kB
Cached:           348012 kB
MemTotal:        1844596 kB
MemFree:         1310180 kB
MemAvailable:    1560036 kB
Buffers:           31840 kB
Cached:           348016 kB
MemTotal:        1844596 kB
MemFree:         1308392 kB
MemAvailable:    1558248 kB
Buffers:           31840 kB
Cached:           348016 kB
MemTotal:        1844596 kB
MemFree:         1305400 kB
MemAvailable:    1555256 kB
Buffers:           31840 kB
Cached:           348016 kB
MemTotal:        1844596 kB
MemFree:         1305400 kB
MemAvailable:    1555256 kB
Buffers:           31840 kB
Cached:           348016 kB
MemTotal:        1844596 kB
MemFree:         1304424 kB
MemAvailable:    1554280 kB
Buffers:           31840 kB
Cached:           348016 kB
MemTotal:        1844596 kB
MemFree:         1303432 kB
MemAvailable:    1553288 kB
Buffers:           31840 kB
Cached:           348016 kB
MemTotal:        1844596 kB
MemFree:         1304404 kB
MemAvailable:    1554260 kB
Buffers:           31840 kB
Cached:           348016 kB
MemTotal:        1844596 kB
MemFree:         1304472 kB
MemAvailable:    1554328 kB
Buffers:           31840 kB
Cached:           348016 kB
MemTotal:        1844596 kB
MemFree:         1304244 kB
MemAvailable:    1554100 kB
Buffers:           31840 kB
Cached:           348016 kB
MemTotal:        1844596 kB
MemFree:         1303936 kB
MemAvailable:    1553792 kB
Buffers:           31840 kB
Cached:           348016 kB
MemTotal:        1844596 kB
MemFree:         1303988 kB
MemAvailable:    1553844 kB
Buffers:           31840 kB
Cached:           348016 kB
MemTotal:        1844596 kB
MemFree:         1304324 kB
MemAvailable:    1554180 kB
Buffers:           31840 kB
Cached:           348016 kB
MemTotal:        1844596 kB
MemFree:         1302996 kB
MemAvailable:    1552852 kB
Buffers:           31840 kB
Cached:           348016 kB
MemTotal:        1844596 kB
MemFree:         1303852 kB
MemAvailable:    1553708 kB
Buffers:           31840 kB
Cached:           348016 kB
MemTotal:        1844596 kB
MemFree:         1303852 kB
MemAvailable:    1553708 kB
Buffers:           31840 kB
Cached:           348016 kB
MemTotal:        1844596 kB
MemFree:         1302556 kB
MemAvailable:    1552412 kB
Buffers:           31840 kB
Cached:           348016 kB
MemTotal:        1844596 kB
MemFree:         1303988 kB
MemAvailable:    1553844 kB
Buffers:           31840 kB
Cached:           348016 kB
MemTotal:        1844596 kB
MemFree:         1304068 kB
MemAvailable:    1553924 kB
Buffers:           31840 kB
Cached:           348016 kB
MemTotal:        1844596 kB
MemFree:         1302804 kB
MemAvailable:    1552668 kB
Buffers:           31840 kB
Cached:           348020 kB
MemTotal:        1844596 kB
MemFree:         1303932 kB
MemAvailable:    1553796 kB
Buffers:           31840 kB
Cached:           348020 kB
MemTotal:        1844596 kB
MemFree:         1298952 kB
MemAvailable:    1548816 kB
Buffers:           31840 kB
Cached:           348020 kB
MemTotal:        1844596 kB
MemFree:         1298544 kB
MemAvailable:    1548408 kB
Buffers:           31840 kB
Cached:           348020 kB
MemTotal:        1844596 kB
MemFree:         1298408 kB
MemAvailable:    1548272 kB
Buffers:           31840 kB
Cached:           348020 kB
MemTotal:        1844596 kB
MemFree:         1297844 kB
MemAvailable:    1547708 kB
Buffers:           31840 kB
Cached:           348020 kB
MemTotal:        1844596 kB
MemFree:         1297736 kB
MemAvailable:    1547600 kB
Buffers:           31840 kB
Cached:           348020 kB
MemTotal:        1844596 kB
MemFree:         1296348 kB
MemAvailable:    1546212 kB
Buffers:           31840 kB
Cached:           348020 kB
MemTotal:        1844596 kB
MemFree:         1296348 kB
MemAvailable:    1546212 kB
Buffers:           31840 kB
Cached:           348020 kB
MemTotal:        1844596 kB
MemFree:         1296024 kB
MemAvailable:    1545888 kB
Buffers:           31840 kB
Cached:           348020 kB
MemTotal:        1844596 kB
MemFree:         1295556 kB
MemAvailable:    1545420 kB
Buffers:           31840 kB
Cached:           348020 kB
MemTotal:        1844596 kB
MemFree:         1294380 kB
MemAvailable:    1544244 kB
Buffers:           31840 kB
Cached:           348020 kB
MemTotal:        1844596 kB
MemFree:         1295192 kB
MemAvailable:    1545056 kB
Buffers:           31840 kB
Cached:           348020 kB
MemTotal:        1844596 kB
MemFree:         1295184 kB
MemAvailable:    1545048 kB
Buffers:           31840 kB
Cached:           348020 kB
MemTotal:        1844596 kB
MemFree:         1295440 kB
MemAvailable:    1545304 kB
Buffers:           31840 kB
Cached:           348020 kB
MemTotal:        1844596 kB
MemFree:         1293936 kB
MemAvailable:    1543800 kB
Buffers:           31840 kB
Cached:           348020 kB
MemTotal:        1844596 kB
MemFree:         1295232 kB
MemAvailable:    1545096 kB
Buffers:           31840 kB
Cached:           348020 kB
MemTotal:        1844596 kB
MemFree:         1294380 kB
MemAvailable:    1544244 kB
Buffers:           31840 kB
Cached:           348020 kB
MemTotal:        1844596 kB
MemFree:         1295556 kB
MemAvailable:    1545420 kB
Buffers:           31840 kB
Cached:           348020 kB
MemTotal:        1844596 kB
MemFree:         1295364 kB
MemAvailable:    1545228 kB
Buffers:           31840 kB
Cached:           348020 kB
MemTotal:        1844596 kB
MemFree:         1295100 kB
MemAvailable:    1544964 kB
Buffers:           31840 kB
Cached:           348020 kB
MemTotal:        1844596 kB
MemFree:         1295352 kB
MemAvailable:    1545216 kB
Buffers:           31840 kB
Cached:           348020 kB
MemTotal:        1844596 kB
MemFree:         1294928 kB
MemAvailable:    1544792 kB
Buffers:           31840 kB
Cached:           348020 kB
MemTotal:        1844596 kB
MemFree:         1295264 kB
MemAvailable:    1545128 kB
Buffers:           31840 kB
Cached:           348020 kB
MemTotal:        1844596 kB
MemFree:         1294972 kB
MemAvailable:    1544836 kB
Buffers:           31840 kB
Cached:           348020 kB
MemTotal:        1844596 kB
MemFree:         1294972 kB
MemAvailable:    1544836 kB
Buffers:           31840 kB
Cached:           348020 kB
MemTotal:        1844596 kB
MemFree:         1293580 kB
MemAvailable:    1543444 kB
Buffers:           31840 kB
Cached:           348020 kB
MemTotal:        1844596 kB
MemFree:         1295012 kB
MemAvailable:    1544876 kB
Buffers:           31840 kB
Cached:           348020 kB
MemTotal:        1844596 kB
MemFree:         1294724 kB
MemAvailable:    1544588 kB
Buffers:           31840 kB
Cached:           348020 kB
MemTotal:        1844596 kB
MemFree:         1294808 kB
MemAvailable:    1544672 kB
Buffers:           31840 kB
Cached:           348020 kB
MemTotal:        1844596 kB
MemFree:         1294612 kB
MemAvailable:    1544476 kB
Buffers:           31840 kB
Cached:           348020 kB
MemTotal:        1844596 kB
MemFree:         1294948 kB
MemAvailable:    1544812 kB
Buffers:           31840 kB
Cached:           348020 kB
MemTotal:        1844596 kB
MemFree:         1294316 kB
MemAvailable:    1544180 kB
Buffers:           31840 kB
Cached:           348020 kB
MemTotal:        1844596 kB
MemFree:         1291092 kB
MemAvailable:    1540956 kB
Buffers:           31840 kB
Cached:           348020 kB
MemTotal:        1844596 kB
MemFree:         1288676 kB
MemAvailable:    1538540 kB
Buffers:           31840 kB
Cached:           348020 kB
MemTotal:        1844596 kB
MemFree:         1286876 kB
MemAvailable:    1536740 kB
Buffers:           31840 kB
Cached:           348020 kB
MemTotal:        1844596 kB
MemFree:         1286620 kB
MemAvailable:    1536484 kB
Buffers:           31840 kB
Cached:           348020 kB
MemTotal:        1844596 kB
MemFree:         1286548 kB
MemAvailable:    1536412 kB
Buffers:           31840 kB
Cached:           348020 kB
MemTotal:        1844596 kB
MemFree:         1286608 kB
MemAvailable:    1536472 kB
Buffers:           31840 kB
Cached:           348020 kB
MemTotal:        1844596 kB
MemFree:         1285552 kB
MemAvailable:    1535416 kB
Buffers:           31840 kB
Cached:           348020 kB
MemTotal:        1844596 kB
MemFree:         1286464 kB
MemAvailable:    1536328 kB
Buffers:           31840 kB
Cached:           348020 kB
MemTotal:        1844596 kB
MemFree:         1285288 kB
MemAvailable:    1535152 kB
Buffers:           31840 kB
Cached:           348020 kB
MemTotal:        1844596 kB
MemFree:         1285164 kB
MemAvailable:    1535028 kB
Buffers:           31840 kB
Cached:           348020 kB
MemTotal:        1844596 kB
MemFree:         1285868 kB
MemAvailable:    1535732 kB
Buffers:           31840 kB
Cached:           348020 kB
MemTotal:        1844596 kB
MemFree:         1286100 kB
MemAvailable:    1535964 kB
Buffers:           31840 kB
Cached:           348020 kB
MemTotal:        1844596 kB
MemFree:         1286184 kB
MemAvailable:    1536048 kB
Buffers:           31840 kB
Cached:           348020 kB
MemTotal:        1844596 kB
MemFree:         1286124 kB
MemAvailable:    1535988 kB
Buffers:           31840 kB
Cached:           348020 kB
MemTotal:        1844596 kB
MemFree:         1286376 kB
MemAvailable:    1536240 kB
Buffers:           31840 kB
Cached:           348020 kB
MemTotal:        1844596 kB
MemFree:         1286312 kB
MemAvailable:    1536176 kB
Buffers:           31840 kB
Cached:           348020 kB
MemTotal:        1844596 kB
MemFree:         1286380 kB
MemAvailable:    1536244 kB
Buffers:           31840 kB
Cached:           348020 kB
MemTotal:        1844596 kB
MemFree:         1285156 kB
MemAvailable:    1535020 kB
Buffers:           31840 kB
Cached:           348020 kB
MemTotal:        1844596 kB
MemFree:         1286188 kB
MemAvailable:    1536052 kB
Buffers:           31840 kB
Cached:           348020 kB
MemTotal:        1844596 kB
MemFree:         1286204 kB
MemAvailable:    1536068 kB
Buffers:           31840 kB
Cached:           348020 kB
MemTotal:        1844596 kB
MemFree:         1286016 kB
MemAvailable:    1535880 kB
Buffers:           31840 kB
Cached:           348020 kB
MemTotal:        1844596 kB
MemFree:         1285328 kB
MemAvailable:    1535192 kB
Buffers:           31840 kB
Cached:           348020 kB
MemTotal:        1844596 kB
MemFree:         1286256 kB
MemAvailable:    1536120 kB
Buffers:           31840 kB
Cached:           348020 kB
MemTotal:        1844596 kB
MemFree:         1286016 kB
MemAvailable:    1535880 kB
Buffers:           31840 kB
Cached:           348020 kB
MemTotal:        1844596 kB
MemFree:         1286272 kB
MemAvailable:    1536136 kB
Buffers:           31840 kB
Cached:           348020 kB
MemTotal:        1844596 kB
MemFree:         1286328 kB
MemAvailable:    1536192 kB
Buffers:           31840 kB
Cached:           348020 kB
MemTotal:        1844596 kB
MemFree:         1285452 kB
MemAvailable:    1535316 kB
Buffers:           31840 kB
Cached:           348020 kB
MemTotal:        1844596 kB
MemFree:         1286136 kB
MemAvailable:    1536000 kB
Buffers:           31840 kB
Cached:           348020 kB
MemTotal:        1844596 kB
MemFree:         1286388 kB
MemAvailable:    1536252 kB
Buffers:           31840 kB
Cached:           348020 kB
MemTotal:        1844596 kB
MemFree:         1284948 kB
MemAvailable:    1534812 kB
Buffers:           31840 kB
Cached:           348020 kB
MemTotal:        1844596 kB
MemFree:         1284948 kB
MemAvailable:    1534812 kB
Buffers:           31840 kB
Cached:           348020 kB
MemTotal:        1844596 kB
MemFree:         1286248 kB
MemAvailable:    1536112 kB
Buffers:           31840 kB
Cached:           348020 kB
MemTotal:        1844596 kB
MemFree:         1283584 kB
MemAvailable:    1533448 kB
Buffers:           31840 kB
Cached:           348020 kB
MemTotal:        1844596 kB
MemFree:         1280608 kB
MemAvailable:    1530472 kB
Buffers:           31840 kB
Cached:           348020 kB
MemTotal:        1844596 kB
MemFree:         1280376 kB
MemAvailable:    1530240 kB
Buffers:           31840 kB
Cached:           348020 kB
MemTotal:        1844596 kB
MemFree:         1277328 kB
MemAvailable:    1527192 kB
Buffers:           31840 kB
Cached:           348020 kB
MemTotal:        1844596 kB
MemFree:         1275896 kB
MemAvailable:    1525760 kB
Buffers:           31840 kB
Cached:           348020 kB
MemTotal:        1844596 kB
MemFree:         1277004 kB
MemAvailable:    1526868 kB
Buffers:           31840 kB
Cached:           348020 kB
MemTotal:        1844596 kB
MemFree:         1277196 kB
MemAvailable:    1527060 kB
Buffers:           31840 kB
Cached:           348020 kB
MemTotal:        1844596 kB
MemFree:         1276020 kB
MemAvailable:    1525884 kB
Buffers:           31840 kB
Cached:           348020 kB
MemTotal:        1844596 kB
MemFree:         1276020 kB
MemAvailable:    1525884 kB
Buffers:           31840 kB
Cached:           348020 kB
MemTotal:        1844596 kB
MemFree:         1274044 kB
MemAvailable:    1523908 kB
Buffers:           31840 kB
Cached:           348020 kB
MemTotal:        1844596 kB
MemFree:         1273788 kB
MemAvailable:    1523652 kB
Buffers:           31840 kB
Cached:           348020 kB
MemTotal:        1844596 kB
MemFree:         1273672 kB
MemAvailable:    1523544 kB
Buffers:           31840 kB
Cached:           348028 kB
MemTotal:        1844596 kB
MemFree:         1274524 kB
MemAvailable:    1524396 kB
Buffers:           31840 kB
Cached:           348028 kB
MemTotal:        1844596 kB
MemFree:         1274524 kB
MemAvailable:    1524396 kB
Buffers:           31840 kB
Cached:           348028 kB
MemTotal:        1844596 kB
MemFree:         1273160 kB
MemAvailable:    1523032 kB
Buffers:           31840 kB
Cached:           348028 kB
MemTotal:        1844596 kB
MemFree:         1274448 kB
MemAvailable:    1524320 kB
Buffers:           31840 kB
Cached:           348028 kB
MemTotal:        1844596 kB
MemFree:         1274436 kB
MemAvailable:    1524308 kB
Buffers:           31840 kB
Cached:           348028 kB
MemTotal:        1844596 kB
MemFree:         1274540 kB
MemAvailable:    1524412 kB
Buffers:           31840 kB
Cached:           348028 kB
MemTotal:        1844596 kB
MemFree:         1274492 kB
MemAvailable:    1524364 kB
Buffers:           31840 kB
Cached:           348028 kB
MemTotal:        1844596 kB
MemFree:         1274484 kB
MemAvailable:    1524356 kB
Buffers:           31840 kB
Cached:           348028 kB
MemTotal:        1844596 kB
MemFree:         1274548 kB
MemAvailable:    1524420 kB
Buffers:           31840 kB
Cached:           348028 kB
MemTotal:        1844596 kB
MemFree:         1273152 kB
MemAvailable:    1523024 kB
Buffers:           31840 kB
Cached:           348028 kB
MemTotal:        1844596 kB
MemFree:         1273796 kB
MemAvailable:    1523668 kB
Buffers:           31840 kB
Cached:           348028 kB
MemTotal:        1844596 kB
MemFree:         1274272 kB
MemAvailable:    1524144 kB
Buffers:           31840 kB
Cached:           348028 kB
MemTotal:        1844596 kB
MemFree:         1274528 kB
MemAvailable:    1524400 kB
Buffers:           31840 kB
Cached:           348028 kB
MemTotal:        1844596 kB
MemFree:         1274284 kB
MemAvailable:    1524156 kB
Buffers:           31840 kB
Cached:           348028 kB
MemTotal:        1844596 kB
MemFree:         1274284 kB
MemAvailable:    1524156 kB
Buffers:           31840 kB
Cached:           348028 kB
MemTotal:        1844596 kB
MemFree:         1274268 kB
MemAvailable:    1524140 kB
Buffers:           31840 kB
Cached:           348028 kB
MemTotal:        1844596 kB
MemFree:         1274300 kB
MemAvailable:    1524172 kB
Buffers:           31840 kB
Cached:           348028 kB
MemTotal:        1844596 kB
MemFree:         1272912 kB
MemAvailable:    1522784 kB
Buffers:           31840 kB
Cached:           348028 kB
MemTotal:        1844596 kB
MemFree:         1273128 kB
MemAvailable:    1523000 kB
Buffers:           31840 kB
Cached:           348028 kB
MemTotal:        1844596 kB
MemFree:         1273788 kB
MemAvailable:    1523660 kB
Buffers:           31840 kB
Cached:           348028 kB
MemTotal:        1844596 kB
MemFree:         1274216 kB
MemAvailable:    1524088 kB
Buffers:           31840 kB
Cached:           348028 kB
MemTotal:        1844596 kB
MemFree:         1274292 kB
MemAvailable:    1524164 kB
Buffers:           31840 kB
Cached:           348028 kB
MemTotal:        1844596 kB
MemFree:         1273164 kB
MemAvailable:    1523036 kB
Buffers:           31840 kB
Cached:           348028 kB
MemTotal:        1844596 kB
MemFree:         1273164 kB
MemAvailable:    1523036 kB
Buffers:           31840 kB
Cached:           348028 kB
MemTotal:        1844596 kB
MemFree:         1274404 kB
MemAvailable:    1524276 kB
Buffers:           31840 kB
Cached:           348028 kB
MemTotal:        1844596 kB
MemFree:         1274356 kB
MemAvailable:    1524228 kB
Buffers:           31840 kB
Cached:           348028 kB
MemTotal:        1844596 kB
MemFree:         1273108 kB
MemAvailable:    1522980 kB
Buffers:           31840 kB
Cached:           348028 kB
MemTotal:        1844596 kB
MemFree:         1274284 kB
MemAvailable:    1524156 kB
Buffers:           31840 kB
Cached:           348028 kB
MemTotal:        1844596 kB
MemFree:         1274344 kB
MemAvailable:    1524216 kB
Buffers:           31840 kB
Cached:           348028 kB
MemTotal:        1844596 kB
MemFree:         1274316 kB
MemAvailable:    1524188 kB
Buffers:           31840 kB
Cached:           348028 kB
MemTotal:        1844596 kB
MemFree:         1273548 kB
MemAvailable:    1523420 kB
Buffers:           31840 kB
Cached:           348028 kB
MemTotal:        1844596 kB
MemFree:         1274224 kB
MemAvailable:    1524096 kB
Buffers:           31840 kB
Cached:           348028 kB
MemTotal:        1844596 kB
MemFree:         1274476 kB
MemAvailable:    1524348 kB
Buffers:           31840 kB
Cached:           348028 kB
MemTotal:        1844596 kB
MemFree:         1272988 kB
MemAvailable:    1522860 kB
Buffers:           31840 kB
Cached:           348028 kB
MemTotal:        1844596 kB
MemFree:         1274264 kB
MemAvailable:    1524136 kB
Buffers:           31840 kB
Cached:           348028 kB
MemTotal:        1844596 kB
MemFree:         1274516 kB
MemAvailable:    1524388 kB
Buffers:           31840 kB
Cached:           348028 kB
MemTotal:        1844596 kB
MemFree:         1272996 kB
MemAvailable:    1522868 kB
Buffers:           31840 kB
Cached:           348028 kB
MemTotal:        1844596 kB
MemFree:         1273236 kB
MemAvailable:    1523108 kB
Buffers:           31840 kB
Cached:           348028 kB
MemTotal:        1844596 kB
MemFree:         1274484 kB
MemAvailable:    1524356 kB
Buffers:           31840 kB
Cached:           348028 kB
MemTotal:        1844596 kB
MemFree:         1274216 kB
MemAvailable:    1524088 kB
Buffers:           31840 kB
Cached:           348028 kB
MemTotal:        1844596 kB
MemFree:         1274292 kB
MemAvailable:    1524164 kB
Buffers:           31840 kB
Cached:           348028 kB
MemTotal:        1844596 kB
MemFree:         1273032 kB
MemAvailable:    1522904 kB
Buffers:           31840 kB
Cached:           348028 kB
MemTotal:        1844596 kB
MemFree:         1273540 kB
MemAvailable:    1523412 kB
Buffers:           31840 kB
Cached:           348028 kB
MemTotal:        1844596 kB
MemFree:         1274312 kB
MemAvailable:    1524192 kB
Buffers:           31840 kB
Cached:           348036 kB
MemTotal:        1844596 kB
MemFree:         1274160 kB
MemAvailable:    1524040 kB
Buffers:           31840 kB
Cached:           348036 kB
MemTotal:        1844596 kB
MemFree:         1274328 kB
MemAvailable:    1524208 kB
Buffers:           31840 kB
Cached:           348036 kB
MemTotal:        1844596 kB
MemFree:         1272912 kB
MemAvailable:    1522792 kB
Buffers:           31840 kB
Cached:           348036 kB
MemTotal:        1844596 kB
MemFree:         1274428 kB
MemAvailable:    1524308 kB
Buffers:           31840 kB
Cached:           348036 kB
MemTotal:        1844596 kB
MemFree:         1273120 kB
MemAvailable:    1523000 kB
Buffers:           31840 kB
Cached:           348036 kB
MemTotal:        1844596 kB
MemFree:         1272988 kB
MemAvailable:    1522868 kB
Buffers:           31840 kB
Cached:           348036 kB
MemTotal:        1844596 kB
MemFree:         1273672 kB
MemAvailable:    1523552 kB
Buffers:           31840 kB
Cached:           348036 kB
MemTotal:        1844596 kB
MemFree:         1273896 kB
MemAvailable:    1523776 kB
Buffers:           31840 kB
Cached:           348036 kB
MemTotal:        1844596 kB
MemFree:         1273896 kB
MemAvailable:    1523776 kB
Buffers:           31840 kB
Cached:           348036 kB
MemTotal:        1844596 kB
MemFree:         1272616 kB
MemAvailable:    1522496 kB
Buffers:           31840 kB
Cached:           348036 kB
MemTotal:        1844596 kB
MemFree:         1272660 kB
MemAvailable:    1522540 kB
Buffers:           31840 kB
Cached:           348036 kB
MemTotal:        1844596 kB
MemFree:         1273768 kB
MemAvailable:    1523648 kB
Buffers:           31840 kB
Cached:           348036 kB
MemTotal:        1844596 kB
MemFree:         1273712 kB
MemAvailable:    1523592 kB
Buffers:           31840 kB
Cached:           348036 kB
MemTotal:        1844596 kB
MemFree:         1273880 kB
MemAvailable:    1523760 kB
Buffers:           31840 kB
Cached:           348036 kB
MemTotal:        1844596 kB
MemFree:         1273476 kB
MemAvailable:    1523356 kB
Buffers:           31840 kB
Cached:           348036 kB
MemTotal:        1844596 kB
MemFree:         1273812 kB
MemAvailable:    1523692 kB
Buffers:           31840 kB
Cached:           348036 kB
MemTotal:        1844596 kB
MemFree:         1273596 kB
MemAvailable:    1523476 kB
Buffers:           31840 kB
Cached:           348036 kB
MemTotal:        1844596 kB
MemFree:         1273368 kB
MemAvailable:    1523248 kB
Buffers:           31840 kB
Cached:           348036 kB
MemTotal:        1844596 kB
MemFree:         1274228 kB
MemAvailable:    1524108 kB
Buffers:           31840 kB
Cached:           348036 kB
MemTotal:        1844596 kB
MemFree:         1272928 kB
MemAvailable:    1522808 kB
Buffers:           31840 kB
Cached:           348036 kB
MemTotal:        1844596 kB
MemFree:         1273360 kB
MemAvailable:    1523240 kB
Buffers:           31840 kB
Cached:           348036 kB
MemTotal:        1844596 kB
MemFree:         1273696 kB
MemAvailable:    1523576 kB
Buffers:           31840 kB
Cached:           348036 kB
MemTotal:        1844596 kB
MemFree:         1273420 kB
MemAvailable:    1523300 kB
Buffers:           31840 kB
Cached:           348036 kB
MemTotal:        1844596 kB
MemFree:         1272244 kB
MemAvailable:    1522124 kB
Buffers:           31840 kB
Cached:           348036 kB
MemTotal:        1844596 kB
MemFree:         1272236 kB
MemAvailable:    1522116 kB
Buffers:           31848 kB
Cached:           348028 kB
MemTotal:        1844596 kB
MemFree:         1273388 kB
MemAvailable:    1523268 kB
Buffers:           31848 kB
Cached:           348028 kB
MemTotal:        1844596 kB
MemFree:         1273556 kB
MemAvailable:    1523436 kB
Buffers:           31848 kB
Cached:           348028 kB
MemTotal:        1844596 kB
MemFree:         1273252 kB
MemAvailable:    1523132 kB
Buffers:           31848 kB
Cached:           348028 kB
MemTotal:        1844596 kB
MemFree:         1272256 kB
MemAvailable:    1522136 kB
Buffers:           31848 kB
Cached:           348028 kB
MemTotal:        1844596 kB
MemFree:         1272000 kB
MemAvailable:    1521880 kB
Buffers:           31848 kB
Cached:           348028 kB
MemTotal:        1844596 kB
MemFree:         1273488 kB
MemAvailable:    1523368 kB
Buffers:           31848 kB
Cached:           348028 kB
MemTotal:        1844596 kB
MemFree:         1273240 kB
MemAvailable:    1523120 kB
Buffers:           31848 kB
Cached:           348028 kB
MemTotal:        1844596 kB
MemFree:         1272556 kB
MemAvailable:    1522448 kB
Buffers:           31848 kB
Cached:           348040 kB
MemTotal:        1844596 kB
MemFree:         1271416 kB
MemAvailable:    1521308 kB
Buffers:           31848 kB
Cached:           348040 kB
MemTotal:        1844596 kB
MemFree:         1271884 kB
MemAvailable:    1521776 kB
Buffers:           31848 kB
Cached:           348040 kB
MemTotal:        1844596 kB
MemFree:         1273228 kB
MemAvailable:    1523120 kB
Buffers:           31848 kB
Cached:           348040 kB
MemTotal:        1844596 kB
MemFree:         1273112 kB
MemAvailable:    1523004 kB
Buffers:           31848 kB
Cached:           348040 kB
MemTotal:        1844596 kB
MemFree:         1272936 kB
MemAvailable:    1522828 kB
Buffers:           31848 kB
Cached:           348040 kB
MemTotal:        1844596 kB
MemFree:         1268952 kB
MemAvailable:    1518844 kB
Buffers:           31848 kB
Cached:           348040 kB
MemTotal:        1844596 kB
MemFree:         1264992 kB
MemAvailable:    1514884 kB
Buffers:           31848 kB
Cached:           348040 kB
MemTotal:        1844596 kB
MemFree:         1262936 kB
MemAvailable:    1512828 kB
Buffers:           31848 kB
Cached:           348040 kB
MemTotal:        1844596 kB
MemFree:         1262812 kB
MemAvailable:    1512704 kB
Buffers:           31848 kB
Cached:           348040 kB
MemTotal:        1844596 kB
MemFree:         1261644 kB
MemAvailable:    1511536 kB
Buffers:           31848 kB
Cached:           348040 kB
MemTotal:        1844596 kB
MemFree:         1262388 kB
MemAvailable:    1512280 kB
Buffers:           31848 kB
Cached:           348040 kB
MemTotal:        1844596 kB
MemFree:         1261272 kB
MemAvailable:    1511164 kB
Buffers:           31848 kB
Cached:           348040 kB
MemTotal:        1844596 kB
MemFree:         1262244 kB
MemAvailable:    1512136 kB
Buffers:           31848 kB
Cached:           348040 kB
MemTotal:        1844596 kB
MemFree:         1262500 kB
MemAvailable:    1512392 kB
Buffers:           31848 kB
Cached:           348040 kB
MemTotal:        1844596 kB
MemFree:         1262120 kB
MemAvailable:    1512012 kB
Buffers:           31848 kB
Cached:           348040 kB
MemTotal:        1844596 kB
MemFree:         1261752 kB
MemAvailable:    1511644 kB
Buffers:           31848 kB
Cached:           348040 kB
MemTotal:        1844596 kB
MemFree:         1261024 kB
MemAvailable:    1510916 kB
Buffers:           31848 kB
Cached:           348040 kB
MemTotal:        1844596 kB
MemFree:         1260768 kB
MemAvailable:    1510660 kB
Buffers:           31848 kB
Cached:           348040 kB
MemTotal:        1844596 kB
MemFree:         1260900 kB
MemAvailable:    1510792 kB
Buffers:           31848 kB
Cached:           348040 kB
MemTotal:        1844596 kB
MemFree:         1259892 kB
MemAvailable:    1509784 kB
Buffers:           31848 kB
Cached:           348040 kB
MemTotal:        1844596 kB
MemFree:         1259976 kB
MemAvailable:    1509868 kB
Buffers:           31848 kB
Cached:           348040 kB
MemTotal:        1844596 kB
MemFree:         1258648 kB
MemAvailable:    1508540 kB
Buffers:           31848 kB
Cached:           348040 kB
MemTotal:        1844596 kB
MemFree:         1259032 kB
MemAvailable:    1508924 kB
Buffers:           31848 kB
Cached:           348040 kB
MemTotal:        1844596 kB
MemFree:         1259716 kB
MemAvailable:    1509608 kB
Buffers:           31848 kB
Cached:           348040 kB
MemTotal:        1844596 kB
MemFree:         1260052 kB
MemAvailable:    1509944 kB
Buffers:           31848 kB
Cached:           348040 kB
MemTotal:        1844596 kB
MemFree:         1259776 kB
MemAvailable:    1509668 kB
Buffers:           31848 kB
Cached:           348040 kB
MemTotal:        1844596 kB
MemFree:         1259928 kB
MemAvailable:    1509820 kB
Buffers:           31848 kB
Cached:           348040 kB
MemTotal:        1844596 kB
MemFree:         1259164 kB
MemAvailable:    1509056 kB
Buffers:           31848 kB
Cached:           348040 kB
MemTotal:        1844596 kB
MemFree:         1259788 kB
MemAvailable:    1509680 kB
Buffers:           31848 kB
Cached:           348040 kB
MemTotal:        1844596 kB
MemFree:         1259756 kB
MemAvailable:    1509648 kB
Buffers:           31848 kB
Cached:           348040 kB
MemTotal:        1844596 kB
MemFree:         1259756 kB
MemAvailable:    1509648 kB
Buffers:           31848 kB
Cached:           348040 kB
MemTotal:        1844596 kB
MemFree:         1259956 kB
MemAvailable:    1509848 kB
Buffers:           31848 kB
Cached:           348040 kB
MemTotal:        1844596 kB
MemFree:         1258608 kB
MemAvailable:    1508500 kB
Buffers:           31848 kB
Cached:           348040 kB
MemTotal:        1844596 kB
MemFree:         1259832 kB
MemAvailable:    1509724 kB
Buffers:           31848 kB
Cached:           348040 kB
MemTotal:        1844596 kB
MemFree:         1259592 kB
MemAvailable:    1509484 kB
Buffers:           31848 kB
Cached:           348040 kB
MemTotal:        1844596 kB
MemFree:         1259596 kB
MemAvailable:    1509488 kB
Buffers:           31848 kB
Cached:           348040 kB
MemTotal:        1844596 kB
MemFree:         1258040 kB
MemAvailable:    1507932 kB
Buffers:           31848 kB
Cached:           348040 kB
MemTotal:        1844596 kB
MemFree:         1258604 kB
MemAvailable:    1508500 kB
Buffers:           31848 kB
Cached:           348044 kB
MemTotal:        1844596 kB
MemFree:         1257792 kB
MemAvailable:    1507688 kB
Buffers:           31848 kB
Cached:           348044 kB
MemTotal:        1844596 kB
MemFree:         1257876 kB
MemAvailable:    1507772 kB
Buffers:           31848 kB
Cached:           348044 kB
MemTotal:        1844596 kB
MemFree:         1257488 kB
MemAvailable:    1507384 kB
Buffers:           31848 kB
Cached:           348044 kB
MemTotal:        1844596 kB
MemFree:         1257740 kB
MemAvailable:    1507636 kB
Buffers:           31848 kB
Cached:           348044 kB
MemTotal:        1844596 kB
MemFree:         1257676 kB
MemAvailable:    1507572 kB
Buffers:           31848 kB
Cached:           348044 kB
MemTotal:        1844596 kB
MemFree:         1256124 kB
MemAvailable:    1506020 kB
Buffers:           31848 kB
Cached:           348044 kB
MemTotal:        1844596 kB
MemFree:         1256924 kB
MemAvailable:    1506820 kB
Buffers:           31848 kB
Cached:           348044 kB
MemTotal:        1844596 kB
MemFree:         1257180 kB
MemAvailable:    1507076 kB
Buffers:           31848 kB
Cached:           348044 kB
MemTotal:        1844596 kB
MemFree:         1255940 kB
MemAvailable:    1505836 kB
Buffers:           31848 kB
Cached:           348044 kB
MemTotal:        1844596 kB
MemFree:         1254576 kB
MemAvailable:    1504472 kB
Buffers:           31848 kB
Cached:           348044 kB
MemTotal:        1844596 kB
MemFree:         1255448 kB
MemAvailable:    1505344 kB
Buffers:           31848 kB
Cached:           348044 kB
MemTotal:        1844596 kB
MemFree:         1255388 kB
MemAvailable:    1505284 kB
Buffers:           31848 kB
Cached:           348044 kB
MemTotal:        1844596 kB
MemFree:         1253956 kB
MemAvailable:    1503852 kB
Buffers:           31848 kB
Cached:           348044 kB
MemTotal:        1844596 kB
MemFree:         1253824 kB
MemAvailable:    1503720 kB
Buffers:           31848 kB
Cached:           348044 kB
MemTotal:        1844596 kB
MemFree:         1254800 kB
MemAvailable:    1504696 kB
Buffers:           31848 kB
Cached:           348044 kB
MemTotal:        1844596 kB
MemFree:         1253700 kB
MemAvailable:    1503596 kB
Buffers:           31848 kB
Cached:           348044 kB
MemTotal:        1844596 kB
MemFree:         1254672 kB
MemAvailable:    1504568 kB
Buffers:           31848 kB
Cached:           348044 kB
MemTotal:        1844596 kB
MemFree:         1254924 kB
MemAvailable:    1504820 kB
Buffers:           31848 kB
Cached:           348044 kB
MemTotal:        1844596 kB
MemFree:         1254684 kB
MemAvailable:    1504580 kB
Buffers:           31848 kB
Cached:           348044 kB
MemTotal:        1844596 kB
MemFree:         1254936 kB
MemAvailable:    1504832 kB
Buffers:           31848 kB
Cached:           348044 kB
MemTotal:        1844596 kB
MemFree:         1254872 kB
MemAvailable:    1504768 kB
Buffers:           31848 kB
Cached:           348044 kB
MemTotal:        1844596 kB
MemFree:         1254500 kB
MemAvailable:    1504396 kB
Buffers:           31848 kB
Cached:           348044 kB
MemTotal:        1844596 kB
MemFree:         1254836 kB
MemAvailable:    1504732 kB
Buffers:           31848 kB
Cached:           348044 kB
MemTotal:        1844596 kB
MemFree:         1253508 kB
MemAvailable:    1503404 kB
Buffers:           31848 kB
Cached:           348044 kB
MemTotal:        1844596 kB
MemFree:         1254716 kB
MemAvailable:    1504612 kB
Buffers:           31848 kB
Cached:           348044 kB
MemTotal:        1844596 kB
MemFree:         1253716 kB
MemAvailable:    1503612 kB
Buffers:           31848 kB
Cached:           348044 kB
MemTotal:        1844596 kB
MemFree:         1254700 kB
MemAvailable:    1504600 kB
Buffers:           31848 kB
Cached:           348048 kB
MemTotal:        1844596 kB
MemFree:         1253584 kB
MemAvailable:    1503484 kB
Buffers:           31848 kB
Cached:           348048 kB
MemTotal:        1844596 kB
MemFree:         1254300 kB
MemAvailable:    1504200 kB
Buffers:           31848 kB
Cached:           348048 kB
MemTotal:        1844596 kB
MemFree:         1254636 kB
MemAvailable:    1504536 kB
Buffers:           31848 kB
Cached:           348048 kB
MemTotal:        1844596 kB
MemFree:         1253308 kB
MemAvailable:    1503208 kB
Buffers:           31848 kB
Cached:           348048 kB
MemTotal:        1844596 kB
MemFree:         1254576 kB
MemAvailable:    1504476 kB
Buffers:           31848 kB
Cached:           348048 kB
MemTotal:        1844596 kB
MemFree:         1253144 kB
MemAvailable:    1503044 kB
Buffers:           31848 kB
Cached:           348048 kB
MemTotal:        1844596 kB
MemFree:         1254420 kB
MemAvailable:    1504320 kB
Buffers:           31848 kB
Cached:           348048 kB
MemTotal:        1844596 kB
MemFree:         1254420 kB
MemAvailable:    1504320 kB
Buffers:           31848 kB
Cached:           348048 kB
MemTotal:        1844596 kB
MemFree:         1254436 kB
MemAvailable:    1504336 kB
Buffers:           31848 kB
Cached:           348048 kB
MemTotal:        1844596 kB
MemFree:         1254436 kB
MemAvailable:    1504336 kB
Buffers:           31848 kB
Cached:           348048 kB
MemTotal:        1844596 kB
MemFree:         1253156 kB
MemAvailable:    1503056 kB
Buffers:           31848 kB
Cached:           348048 kB
MemTotal:        1844596 kB
MemFree:         1254456 kB
MemAvailable:    1504356 kB
Buffers:           31848 kB
Cached:           348048 kB
MemTotal:        1844596 kB
MemFree:         1254312 kB
MemAvailable:    1504212 kB
Buffers:           31848 kB
Cached:           348048 kB
MemTotal:        1844596 kB
MemFree:         1254480 kB
MemAvailable:    1504380 kB
Buffers:           31848 kB
Cached:           348048 kB
MemTotal:        1844596 kB
MemFree:         1253328 kB
MemAvailable:    1503228 kB
Buffers:           31848 kB
Cached:           348048 kB
MemTotal:        1844596 kB
MemFree:         1253328 kB
MemAvailable:    1503228 kB
Buffers:           31848 kB
Cached:           348048 kB
MemTotal:        1844596 kB
MemFree:         1253164 kB
MemAvailable:    1503064 kB
Buffers:           31848 kB
Cached:           348048 kB
MemTotal:        1844596 kB
MemFree:         1251668 kB
MemAvailable:    1501568 kB
Buffers:           31848 kB
Cached:           348048 kB
MemTotal:        1844596 kB
MemFree:         1252528 kB
MemAvailable:    1502428 kB
Buffers:           31848 kB
Cached:           348048 kB
MemTotal:        1844596 kB
MemFree:         1251412 kB
MemAvailable:    1501312 kB
Buffers:           31848 kB
Cached:           348048 kB
MemTotal:        1844596 kB
MemFree:         1249244 kB
MemAvailable:    1499144 kB
Buffers:           31848 kB
Cached:           348048 kB
MemTotal:        1844596 kB
MemFree:         1247004 kB
MemAvailable:    1496904 kB
Buffers:           31848 kB
Cached:           348048 kB
MemTotal:        1844596 kB
MemFree:         1247004 kB
MemAvailable:    1496904 kB
Buffers:           31848 kB
Cached:           348048 kB
MemTotal:        1844596 kB
MemFree:         1243664 kB
MemAvailable:    1493564 kB
Buffers:           31848 kB
Cached:           348048 kB
MemTotal:        1844596 kB
MemFree:         1241120 kB
MemAvailable:    1491020 kB
Buffers:           31848 kB
Cached:           348048 kB
MemTotal:        1844596 kB
MemFree:         1236580 kB
MemAvailable:    1486480 kB
Buffers:           31848 kB
Cached:           348048 kB
MemTotal:        1844596 kB
MemFree:         1236580 kB
MemAvailable:    1486480 kB
Buffers:           31848 kB
Cached:           348048 kB
MemTotal:        1844596 kB
MemFree:         1234736 kB
MemAvailable:    1484636 kB
Buffers:           31848 kB
Cached:           348048 kB
MemTotal:        1844596 kB
MemFree:         1234728 kB
MemAvailable:    1484628 kB
Buffers:           31848 kB
Cached:           348048 kB
MemTotal:        1844596 kB
MemFree:         1235912 kB
MemAvailable:    1485812 kB
Buffers:           31848 kB
Cached:           348048 kB
MemTotal:        1844596 kB
MemFree:         1235712 kB
MemAvailable:    1485612 kB
Buffers:           31848 kB
Cached:           348048 kB
MemTotal:        1844596 kB
MemFree:         1235796 kB
MemAvailable:    1485696 kB
Buffers:           31848 kB
Cached:           348048 kB
MemTotal:        1844596 kB
MemFree:         1235608 kB
MemAvailable:    1485508 kB
Buffers:           31848 kB
Cached:           348048 kB
MemTotal:        1844596 kB
MemFree:         1234212 kB
MemAvailable:    1484112 kB
Buffers:           31848 kB
Cached:           348048 kB
MemTotal:        1844596 kB
MemFree:         1235448 kB
MemAvailable:    1485348 kB
Buffers:           31848 kB
Cached:           348048 kB
MemTotal:        1844596 kB
MemFree:         1235348 kB
MemAvailable:    1485248 kB
Buffers:           31848 kB
Cached:           348048 kB
MemTotal:        1844596 kB
MemFree:         1235216 kB
MemAvailable:    1485116 kB
Buffers:           31848 kB
Cached:           348048 kB
MemTotal:        1844596 kB
MemFree:         1235552 kB
MemAvailable:    1485452 kB
Buffers:           31848 kB
Cached:           348048 kB
MemTotal:        1844596 kB
MemFree:         1234356 kB
MemAvailable:    1484256 kB
Buffers:           31848 kB
Cached:           348048 kB
MemTotal:        1844596 kB
MemFree:         1235108 kB
MemAvailable:    1485008 kB
Buffers:           31848 kB
Cached:           348048 kB
MemTotal:        1844596 kB
MemFree:         1234712 kB
MemAvailable:    1484612 kB
Buffers:           31848 kB
Cached:           348048 kB
MemTotal:        1844596 kB
MemFree:         1235048 kB
MemAvailable:    1484948 kB
Buffers:           31848 kB
Cached:           348048 kB
MemTotal:        1844596 kB
MemFree:         1233472 kB
MemAvailable:    1483372 kB
Buffers:           31848 kB
Cached:           348048 kB
MemTotal:        1844596 kB
MemFree:         1234796 kB
MemAvailable:    1484696 kB
Buffers:           31848 kB
Cached:           348048 kB
MemTotal:        1844596 kB
MemFree:         1233992 kB
MemAvailable:    1483892 kB
Buffers:           31848 kB
Cached:           348048 kB
MemTotal:        1844596 kB
MemFree:         1234720 kB
MemAvailable:    1484624 kB
Buffers:           31848 kB
Cached:           348052 kB
MemTotal:        1844596 kB
MemFree:         1234804 kB
MemAvailable:    1484708 kB
Buffers:           31848 kB
Cached:           348052 kB
MemTotal:        1844596 kB
MemFree:         1234996 kB
MemAvailable:    1484900 kB
Buffers:           31848 kB
Cached:           348052 kB
MemTotal:        1844596 kB
MemFree:         1233436 kB
MemAvailable:    1483340 kB
Buffers:           31848 kB
Cached:           348052 kB
MemTotal:        1844596 kB
MemFree:         1234736 kB
MemAvailable:    1484640 kB
Buffers:           31848 kB
Cached:           348052 kB
MemTotal:        1844596 kB
MemFree:         1233868 kB
MemAvailable:    1483772 kB
Buffers:           31848 kB
Cached:           348052 kB
MemTotal:        1844596 kB
MemFree:         1234868 kB
MemAvailable:    1484772 kB
Buffers:           31848 kB
Cached:           348052 kB
MemTotal:        1844596 kB
MemFree:         1233984 kB
MemAvailable:    1483888 kB
Buffers:           31848 kB
Cached:           348052 kB
MemTotal:        1844596 kB
MemFree:         1234660 kB
MemAvailable:    1484564 kB
Buffers:           31848 kB
Cached:           348052 kB
MemTotal:        1844596 kB
MemFree:         1234860 kB
MemAvailable:    1484764 kB
Buffers:           31848 kB
Cached:           348052 kB
MemTotal:        1844596 kB
MemFree:         1233424 kB
MemAvailable:    1483328 kB
Buffers:           31848 kB
Cached:           348052 kB
MemTotal:        1844596 kB
MemFree:         1233416 kB
MemAvailable:    1483320 kB
Buffers:           31848 kB
Cached:           348052 kB
MemTotal:        1844596 kB
MemFree:         1233664 kB
MemAvailable:    1483568 kB
Buffers:           31848 kB
Cached:           348052 kB
MemTotal:        1844596 kB
MemFree:         1234760 kB
MemAvailable:    1484664 kB
Buffers:           31848 kB
Cached:           348052 kB
MemTotal:        1844596 kB
MemFree:         1234796 kB
MemAvailable:    1484700 kB
Buffers:           31848 kB
Cached:           348052 kB
MemTotal:        1844596 kB
MemFree:         1233448 kB
MemAvailable:    1483352 kB
Buffers:           31848 kB
Cached:           348052 kB
MemTotal:        1844596 kB
MemFree:         1234748 kB
MemAvailable:    1484652 kB
Buffers:           31848 kB
Cached:           348052 kB
MemTotal:        1844596 kB
MemFree:         1234740 kB
MemAvailable:    1484644 kB
Buffers:           31848 kB
Cached:           348052 kB
MemTotal:        1844596 kB
MemFree:         1234680 kB
MemAvailable:    1484584 kB
Buffers:           31848 kB
Cached:           348052 kB
MemTotal:        1844596 kB
MemFree:         1234932 kB
MemAvailable:    1484836 kB
Buffers:           31848 kB
Cached:           348052 kB
MemTotal:        1844596 kB
MemFree:         1233364 kB
MemAvailable:    1483268 kB
Buffers:           31848 kB
Cached:           348052 kB
MemTotal:        1844596 kB
MemFree:         1234672 kB
MemAvailable:    1484576 kB
Buffers:           31848 kB
Cached:           348052 kB
MemTotal:        1844596 kB
MemFree:         1234556 kB
MemAvailable:    1484460 kB
Buffers:           31848 kB
Cached:           348052 kB
MemTotal:        1844596 kB
MemFree:         1234728 kB
MemAvailable:    1484632 kB
Buffers:           31848 kB
Cached:           348052 kB
MemTotal:        1844596 kB
MemFree:         1230948 kB
MemAvailable:    1480852 kB
Buffers:           31848 kB
Cached:           348052 kB
MemTotal:        1844596 kB
MemFree:         1227792 kB
MemAvailable:    1477696 kB
Buffers:           31848 kB
Cached:           348052 kB
MemTotal:        1844596 kB
MemFree:         1225000 kB
MemAvailable:    1474904 kB
Buffers:           31848 kB
Cached:           348052 kB
MemTotal:        1844596 kB
MemFree:         1222460 kB
MemAvailable:    1472364 kB
Buffers:           31848 kB
Cached:           348052 kB
MemTotal:        1844596 kB
MemFree:         1220104 kB
MemAvailable:    1470008 kB
Buffers:           31848 kB
Cached:           348052 kB
MemTotal:        1844596 kB
MemFree:         1215880 kB
MemAvailable:    1465784 kB
Buffers:           31848 kB
Cached:           348052 kB
MemTotal:        1844596 kB
MemFree:         1217312 kB
MemAvailable:    1467216 kB
Buffers:           31848 kB
Cached:           348052 kB
MemTotal:        1844596 kB
MemFree:         1216996 kB
MemAvailable:    1466900 kB
Buffers:           31848 kB
Cached:           348052 kB
MemTotal:        1844596 kB
MemFree:         1216872 kB
MemAvailable:    1466776 kB
Buffers:           31848 kB
Cached:           348052 kB
MemTotal:        1844596 kB
MemFree:         1216940 kB
MemAvailable:    1466844 kB
Buffers:           31848 kB
Cached:           348052 kB
MemTotal:        1844596 kB
MemFree:         1215592 kB
MemAvailable:    1465496 kB
Buffers:           31848 kB
Cached:           348052 kB
MemTotal:        1844596 kB
MemFree:         1216864 kB
MemAvailable:    1466768 kB
Buffers:           31848 kB
Cached:           348052 kB
MemTotal:        1844596 kB
MemFree:         1216864 kB
MemAvailable:    1466768 kB
Buffers:           31848 kB
Cached:           348052 kB
MemTotal:        1844596 kB
MemFree:         1216684 kB
MemAvailable:    1466588 kB
Buffers:           31848 kB
Cached:           348052 kB
MemTotal:        1844596 kB
MemFree:         1217020 kB
MemAvailable:    1466924 kB
Buffers:           31848 kB
Cached:           348052 kB
MemTotal:        1844596 kB
MemFree:         1216552 kB
MemAvailable:    1466456 kB
Buffers:           31848 kB
Cached:           348052 kB
MemTotal:        1844596 kB
MemFree:         1216636 kB
MemAvailable:    1466540 kB
Buffers:           31848 kB
Cached:           348052 kB
MemTotal:        1844596 kB
MemFree:         1216512 kB
MemAvailable:    1466416 kB
Buffers:           31848 kB
Cached:           348052 kB
MemTotal:        1844596 kB
MemFree:         1215764 kB
MemAvailable:    1465668 kB
Buffers:           31848 kB
Cached:           348052 kB
MemTotal:        1844596 kB
MemFree:         1216448 kB
MemAvailable:    1466352 kB
Buffers:           31848 kB
Cached:           348052 kB
MemTotal:        1844596 kB
MemFree:         1216704 kB
MemAvailable:    1466608 kB
Buffers:           31848 kB
Cached:           348052 kB
MemTotal:        1844596 kB
MemFree:         1216412 kB
MemAvailable:    1466316 kB
Buffers:           31848 kB
Cached:           348052 kB
MemTotal:        1844596 kB
MemFree:         1216496 kB
MemAvailable:    1466400 kB
Buffers:           31848 kB
Cached:           348052 kB
MemTotal:        1844596 kB
MemFree:         1216628 kB
MemAvailable:    1466532 kB
Buffers:           31848 kB
Cached:           348052 kB
MemTotal:        1844596 kB
MemFree:         1216444 kB
MemAvailable:    1466356 kB
Buffers:           31848 kB
Cached:           348060 kB
MemTotal:        1844596 kB
MemFree:         1215764 kB
MemAvailable:    1465676 kB
Buffers:           31848 kB
Cached:           348060 kB
MemTotal:        1844596 kB
MemFree:         1216356 kB
MemAvailable:    1466268 kB
Buffers:           31848 kB
Cached:           348060 kB
MemTotal:        1844596 kB
MemFree:         1216692 kB
MemAvailable:    1466604 kB
Buffers:           31848 kB
Cached:           348060 kB
MemTotal:        1844596 kB
MemFree:         1215200 kB
MemAvailable:    1465112 kB
Buffers:           31848 kB
Cached:           348060 kB
MemTotal:        1844596 kB
MemFree:         1215368 kB
MemAvailable:    1465280 kB
Buffers:           31848 kB
Cached:           348060 kB
MemTotal:        1844596 kB
MemFree:         1216328 kB
MemAvailable:    1466240 kB
Buffers:           31848 kB
Cached:           348060 kB
MemTotal:        1844596 kB
MemFree:         1216496 kB
MemAvailable:    1466408 kB
Buffers:           31848 kB
Cached:           348060 kB
MemTotal:        1844596 kB
MemFree:         1215136 kB
MemAvailable:    1465048 kB
Buffers:           31848 kB
Cached:           348060 kB
MemTotal:        1844596 kB
MemFree:         1216368 kB
MemAvailable:    1466280 kB
Buffers:           31848 kB
Cached:           348060 kB
MemTotal:        1844596 kB
MemFree:         1216704 kB
MemAvailable:    1466616 kB
Buffers:           31848 kB
Cached:           348060 kB
MemTotal:        1844596 kB
MemFree:         1216680 kB
MemAvailable:    1466592 kB
Buffers:           31848 kB
Cached:           348060 kB
MemTotal:        1844596 kB
MemFree:         1215332 kB
MemAvailable:    1465244 kB
Buffers:           31848 kB
Cached:           348060 kB
MemTotal:        1844596 kB
MemFree:         1215572 kB
MemAvailable:    1465484 kB
Buffers:           31848 kB
Cached:           348060 kB
MemTotal:        1844596 kB
MemFree:         1215732 kB
MemAvailable:    1465644 kB
Buffers:           31848 kB
Cached:           348060 kB
MemTotal:        1844596 kB
MemFree:         1216496 kB
MemAvailable:    1466408 kB
Buffers:           31848 kB
Cached:           348060 kB
MemTotal:        1844596 kB
MemFree:         1215128 kB
MemAvailable:    1465040 kB
Buffers:           31848 kB
Cached:           348060 kB
MemTotal:        1844596 kB
MemFree:         1215756 kB
MemAvailable:    1465668 kB
Buffers:           31848 kB
Cached:           348060 kB
MemTotal:        1844596 kB
MemFree:         1216940 kB
MemAvailable:    1466856 kB
Buffers:           31848 kB
Cached:           348064 kB
MemTotal:        1844596 kB
MemFree:         1214452 kB
MemAvailable:    1464368 kB
Buffers:           31848 kB
Cached:           348064 kB
MemTotal:        1844596 kB
MemFree:         1211424 kB
MemAvailable:    1461340 kB
Buffers:           31848 kB
Cached:           348064 kB
MemTotal:        1844596 kB
MemFree:         1209028 kB
MemAvailable:    1458944 kB
Buffers:           31848 kB
Cached:           348064 kB
MemTotal:        1844596 kB
MemFree:         1206092 kB
MemAvailable:    1456008 kB
Buffers:           31848 kB
Cached:           348064 kB
MemTotal:        1844596 kB
MemFree:         1201812 kB
MemAvailable:    1451728 kB
Buffers:           31848 kB
Cached:           348064 kB
MemTotal:        1844596 kB
MemFree:         1199016 kB
MemAvailable:    1448932 kB
Buffers:           31848 kB
Cached:           348064 kB
MemTotal:        1844596 kB
MemFree:         1199008 kB
MemAvailable:    1448924 kB
Buffers:           31848 kB
Cached:           348064 kB
MemTotal:        1844596 kB
MemFree:         1198900 kB
MemAvailable:    1448816 kB
Buffers:           31848 kB
Cached:           348064 kB
MemTotal:        1844596 kB
MemFree:         1197604 kB
MemAvailable:    1447520 kB
Buffers:           31848 kB
Cached:           348064 kB
MemTotal:        1844596 kB
MemFree:         1197852 kB
MemAvailable:    1447768 kB
Buffers:           31848 kB
Cached:           348064 kB
MemTotal:        1844596 kB
MemFree:         1199028 kB
MemAvailable:    1448944 kB
Buffers:           31848 kB
Cached:           348064 kB
MemTotal:        1844596 kB
MemFree:         1198864 kB
MemAvailable:    1448780 kB
Buffers:           31848 kB
Cached:           348064 kB
MemTotal:        1844596 kB
MemFree:         1198948 kB
MemAvailable:    1448864 kB
Buffers:           31848 kB
Cached:           348064 kB
MemTotal:        1844596 kB
MemFree:         1197580 kB
MemAvailable:    1447496 kB
Buffers:           31848 kB
Cached:           348064 kB
MemTotal:        1844596 kB
MemFree:         1199104 kB
MemAvailable:    1449020 kB
Buffers:           31848 kB
Cached:           348064 kB
MemTotal:        1844596 kB
MemFree:         1198760 kB
MemAvailable:    1448676 kB
Buffers:           31848 kB
Cached:           348064 kB
MemTotal:        1844596 kB
MemFree:         1199096 kB
MemAvailable:    1449012 kB
Buffers:           31848 kB
Cached:           348064 kB
MemTotal:        1844596 kB
MemFree:         1198892 kB
MemAvailable:    1448808 kB
Buffers:           31848 kB
Cached:           348064 kB
MemTotal:        1844596 kB
MemFree:         1199032 kB
MemAvailable:    1448948 kB
Buffers:           31848 kB
Cached:           348064 kB
MemTotal:        1844596 kB
MemFree:         1198852 kB
MemAvailable:    1448768 kB
Buffers:           31848 kB
Cached:           348064 kB
MemTotal:        1844596 kB
MemFree:         1198832 kB
MemAvailable:    1448748 kB
Buffers:           31848 kB
Cached:           348064 kB
MemTotal:        1844596 kB
MemFree:         1199084 kB
MemAvailable:    1449000 kB
Buffers:           31848 kB
Cached:           348064 kB
MemTotal:        1844596 kB
MemFree:         1198880 kB
MemAvailable:    1448796 kB
Buffers:           31848 kB
Cached:           348064 kB
MemTotal:        1844596 kB
MemFree:         1197732 kB
MemAvailable:    1447648 kB
Buffers:           31848 kB
Cached:           348064 kB
MemTotal:        1844596 kB
MemFree:         1199068 kB
MemAvailable:    1448984 kB
Buffers:           31848 kB
Cached:           348064 kB
MemTotal:        1844596 kB
MemFree:         1199100 kB
MemAvailable:    1449016 kB
Buffers:           31848 kB
Cached:           348064 kB
MemTotal:        1844596 kB
MemFree:         1198960 kB
MemAvailable:    1448876 kB
Buffers:           31848 kB
Cached:           348064 kB
MemTotal:        1844596 kB
MemFree:         1198388 kB
MemAvailable:    1448304 kB
Buffers:           31848 kB
Cached:           348064 kB
MemTotal:        1844596 kB
MemFree:         1198652 kB
MemAvailable:    1448568 kB
Buffers:           31848 kB
Cached:           348064 kB
MemTotal:        1844596 kB
MemFree:         1197412 kB
MemAvailable:    1447332 kB
Buffers:           31848 kB
Cached:           348068 kB
MemTotal:        1844596 kB
MemFree:         1198140 kB
MemAvailable:    1448060 kB
Buffers:           31848 kB
Cached:           348068 kB
MemTotal:        1844596 kB
MemFree:         1198140 kB
MemAvailable:    1448060 kB
Buffers:           31848 kB
Cached:           348068 kB
MemTotal:        1844596 kB
MemFree:         1197852 kB
MemAvailable:    1447772 kB
Buffers:           31848 kB
Cached:           348068 kB
MemTotal:        1844596 kB
MemFree:         1198012 kB
MemAvailable:    1447932 kB
Buffers:           31848 kB
Cached:           348068 kB
MemTotal:        1844596 kB
MemFree:         1196544 kB
MemAvailable:    1446464 kB
Buffers:           31848 kB
Cached:           348068 kB
MemTotal:        1844596 kB
MemFree:         1196356 kB
MemAvailable:    1446276 kB
Buffers:           31848 kB
Cached:           348068 kB
MemTotal:        1844596 kB
MemFree:         1192940 kB
MemAvailable:    1442860 kB
Buffers:           31848 kB
Cached:           348068 kB
MemTotal:        1844596 kB
MemFree:         1192832 kB
MemAvailable:    1442752 kB
Buffers:           31848 kB
Cached:           348068 kB
MemTotal:        1844596 kB
MemFree:         1188344 kB
MemAvailable:    1438264 kB
Buffers:           31848 kB
Cached:           348068 kB
MemTotal:        1844596 kB
MemFree:         1188432 kB
MemAvailable:    1438352 kB
Buffers:           31848 kB
Cached:           348068 kB
MemTotal:        1844596 kB
MemFree:         1183896 kB
MemAvailable:    1433816 kB
Buffers:           31848 kB
Cached:           348068 kB
MemTotal:        1844596 kB
MemFree:         1180168 kB
MemAvailable:    1430088 kB
Buffers:           31848 kB
Cached:           348068 kB
MemTotal:        1844596 kB
MemFree:         1180252 kB
MemAvailable:    1430172 kB
Buffers:           31848 kB
Cached:           348068 kB
MemTotal:        1844596 kB
MemFree:         1176076 kB
MemAvailable:    1425996 kB
Buffers:           31848 kB
Cached:           348068 kB
MemTotal:        1844596 kB
MemFree:         1175400 kB
MemAvailable:    1425320 kB
Buffers:           31848 kB
Cached:           348068 kB
MemTotal:        1844596 kB
MemFree:         1173356 kB
MemAvailable:    1423276 kB
Buffers:           31848 kB
Cached:           348068 kB
MemTotal:        1844596 kB
MemFree:         1171728 kB
MemAvailable:    1421648 kB
Buffers:           31848 kB
Cached:           348068 kB
MemTotal:        1844596 kB
MemFree:         1171608 kB
MemAvailable:    1421528 kB
Buffers:           31848 kB
Cached:           348068 kB
MemTotal:        1844596 kB
MemFree:         1166900 kB
MemAvailable:    1416820 kB
Buffers:           31848 kB
Cached:           348068 kB
MemTotal:        1844596 kB
MemFree:         1167396 kB
MemAvailable:    1417316 kB
Buffers:           31848 kB
Cached:           348068 kB
MemTotal:        1844596 kB
MemFree:         1166280 kB
MemAvailable:    1416200 kB
Buffers:           31848 kB
Cached:           348068 kB
MemTotal:        1844596 kB
MemFree:         1166280 kB
MemAvailable:    1416200 kB
Buffers:           31848 kB
Cached:           348068 kB
MemTotal:        1844596 kB
MemFree:         1167588 kB
MemAvailable:    1417508 kB
Buffers:           31848 kB
Cached:           348068 kB
MemTotal:        1844596 kB
MemFree:         1167456 kB
MemAvailable:    1417376 kB
Buffers:           31848 kB
Cached:           348068 kB
MemTotal:        1844596 kB
MemFree:         1166024 kB
MemAvailable:    1415944 kB
Buffers:           31848 kB
Cached:           348068 kB
MemTotal:        1844596 kB
MemFree:         1167192 kB
MemAvailable:    1417112 kB
Buffers:           31848 kB
Cached:           348068 kB
MemTotal:        1844596 kB
MemFree:         1166288 kB
MemAvailable:    1416208 kB
Buffers:           31848 kB
Cached:           348068 kB
MemTotal:        1844596 kB
MemFree:         1167288 kB
MemAvailable:    1417208 kB
Buffers:           31848 kB
Cached:           348068 kB
MemTotal:        1844596 kB
MemFree:         1166404 kB
MemAvailable:    1416200 kB
Buffers:           31848 kB
Cached:           348068 kB
MemTotal:        1844596 kB
MemFree:         1166232 kB
MemAvailable:    1416152 kB
Buffers:           31848 kB
Cached:           348072 kB
MemTotal:        1844596 kB
MemFree:         1166100 kB
MemAvailable:    1416020 kB
Buffers:           31848 kB
Cached:           348072 kB
MemTotal:        1844596 kB
MemFree:         1164668 kB
MemAvailable:    1414588 kB
Buffers:           31848 kB
Cached:           348072 kB
MemTotal:        1844596 kB
MemFree:         1165860 kB
MemAvailable:    1415780 kB
Buffers:           31848 kB
Cached:           348072 kB
MemTotal:        1844596 kB
MemFree:         1166028 kB
MemAvailable:    1415948 kB
Buffers:           31848 kB
Cached:           348072 kB
MemTotal:        1844596 kB
MemFree:         1165844 kB
MemAvailable:    1415764 kB
Buffers:           31848 kB
Cached:           348072 kB
MemTotal:        1844596 kB
MemFree:         1166096 kB
MemAvailable:    1416016 kB
Buffers:           31848 kB
Cached:           348072 kB
MemTotal:        1844596 kB
MemFree:         1164628 kB
MemAvailable:    1414548 kB
Buffers:           31848 kB
Cached:           348072 kB
MemTotal:        1844596 kB
MemFree:         1165928 kB
MemAvailable:    1415848 kB
Buffers:           31848 kB
Cached:           348072 kB
MemTotal:        1844596 kB
MemFree:         1165728 kB
MemAvailable:    1415648 kB
Buffers:           31848 kB
Cached:           348072 kB
MemTotal:        1844596 kB
MemFree:         1165056 kB
MemAvailable:    1414976 kB
Buffers:           31848 kB
Cached:           348072 kB
MemTotal:        1844596 kB
MemFree:         1163800 kB
MemAvailable:    1413720 kB
Buffers:           31848 kB
Cached:           348072 kB
MemTotal:        1844596 kB
MemFree:         1163888 kB
MemAvailable:    1413808 kB
Buffers:           31848 kB
Cached:           348072 kB
MemTotal:        1844596 kB
MemFree:         1164868 kB
MemAvailable:    1414788 kB
Buffers:           31848 kB
Cached:           348072 kB
MemTotal:        1844596 kB
MemFree:         1163868 kB
MemAvailable:    1413788 kB
Buffers:           31848 kB
Cached:           348072 kB
MemTotal:        1844596 kB
MemFree:         1164348 kB
MemAvailable:    1414268 kB
Buffers:           31848 kB
Cached:           348072 kB
MemTotal:        1844596 kB
MemFree:         1164432 kB
MemAvailable:    1414352 kB
Buffers:           31848 kB
Cached:           348072 kB
MemTotal:        1844596 kB
MemFree:         1163380 kB
MemAvailable:    1413300 kB
Buffers:           31848 kB
Cached:           348072 kB
MemTotal:        1844596 kB
MemFree:         1162900 kB
MemAvailable:    1412820 kB
Buffers:           31848 kB
Cached:           348072 kB
MemTotal:        1844596 kB
MemFree:         1162460 kB
MemAvailable:    1412380 kB
Buffers:           31848 kB
Cached:           348072 kB
MemTotal:        1844596 kB
MemFree:         1162960 kB
MemAvailable:    1412880 kB
Buffers:           31848 kB
Cached:           348072 kB
MemTotal:        1844596 kB
MemFree:         1162956 kB
MemAvailable:    1412876 kB
Buffers:           31848 kB
Cached:           348072 kB
MemTotal:        1844596 kB
MemFree:         1162080 kB
MemAvailable:    1412000 kB
Buffers:           31848 kB
Cached:           348072 kB
MemTotal:        1844596 kB
MemFree:         1163380 kB
MemAvailable:    1413304 kB
Buffers:           31848 kB
Cached:           348076 kB
MemTotal:        1844596 kB
MemFree:         1163188 kB
MemAvailable:    1413112 kB
Buffers:           31848 kB
Cached:           348076 kB
MemTotal:        1844596 kB
MemFree:         1161940 kB
MemAvailable:    1411864 kB
Buffers:           31848 kB
Cached:           348076 kB
MemTotal:        1844596 kB
MemFree:         1162924 kB
MemAvailable:    1412848 kB
Buffers:           31848 kB
Cached:           348076 kB
MemTotal:        1844596 kB
MemFree:         1162584 kB
MemAvailable:    1412508 kB
Buffers:           31848 kB
Cached:           348076 kB
MemTotal:        1844596 kB
MemFree:         1162960 kB
MemAvailable:    1412884 kB
Buffers:           31848 kB
Cached:           348076 kB
MemTotal:        1844596 kB
MemFree:         1162936 kB
MemAvailable:    1412860 kB
Buffers:           31848 kB
Cached:           348076 kB
MemTotal:        1844596 kB
MemFree:         1162996 kB
MemAvailable:    1412920 kB
Buffers:           31848 kB
Cached:           348076 kB
MemTotal:        1844596 kB
MemFree:         1161708 kB
MemAvailable:    1411632 kB
Buffers:           31848 kB
Cached:           348076 kB
MemTotal:        1844596 kB
MemFree:         1163156 kB
MemAvailable:    1413080 kB
Buffers:           31848 kB
Cached:           348076 kB
MemTotal:        1844596 kB
MemFree:         1162816 kB
MemAvailable:    1412740 kB
Buffers:           31848 kB
Cached:           348076 kB
MemTotal:        1844596 kB
MemFree:         1163156 kB
MemAvailable:    1413080 kB
Buffers:           31848 kB
Cached:           348076 kB
MemTotal:        1844596 kB
MemFree:         1162940 kB
MemAvailable:    1412864 kB
Buffers:           31848 kB
Cached:           348076 kB
MemTotal:        1844596 kB
MemFree:         1163192 kB
MemAvailable:    1413116 kB
Buffers:           31848 kB
Cached:           348076 kB
MemTotal:        1844596 kB
MemFree:         1162960 kB
MemAvailable:    1412884 kB
Buffers:           31848 kB
Cached:           348076 kB
MemTotal:        1844596 kB
MemFree:         1163020 kB
MemAvailable:    1412944 kB
Buffers:           31848 kB
Cached:           348076 kB
MemTotal:        1844596 kB
MemFree:         1162792 kB
MemAvailable:    1412716 kB
Buffers:           31848 kB
Cached:           348076 kB
MemTotal:        1844596 kB
MemFree:         1162960 kB
MemAvailable:    1412884 kB
Buffers:           31848 kB
Cached:           348076 kB
MemTotal:        1844596 kB
MemFree:         1162928 kB
MemAvailable:    1412852 kB
Buffers:           31848 kB
Cached:           348076 kB
MemTotal:        1844596 kB
MemFree:         1162956 kB
MemAvailable:    1412880 kB
Buffers:           31848 kB
Cached:           348076 kB
MemTotal:        1844596 kB
MemFree:         1161576 kB
MemAvailable:    1411500 kB
Buffers:           31848 kB
Cached:           348076 kB
MemTotal:        1844596 kB
MemFree:         1162876 kB
MemAvailable:    1412800 kB
Buffers:           31848 kB
Cached:           348076 kB
MemTotal:        1844596 kB
MemFree:         1162892 kB
MemAvailable:    1412816 kB
Buffers:           31848 kB
Cached:           348076 kB
MemTotal:        1844596 kB
MemFree:         1163144 kB
MemAvailable:    1413068 kB
Buffers:           31848 kB
Cached:           348076 kB
MemTotal:        1844596 kB
MemFree:         1162960 kB
MemAvailable:    1412884 kB
Buffers:           31848 kB
Cached:           348076 kB
MemTotal:        1844596 kB
MemFree:         1163020 kB
MemAvailable:    1412944 kB
Buffers:           31848 kB
Cached:           348076 kB
MemTotal:        1844596 kB
MemFree:         1162984 kB
MemAvailable:    1412908 kB
Buffers:           31848 kB
Cached:           348076 kB
MemTotal:        1844596 kB
MemFree:         1162816 kB
MemAvailable:    1412740 kB
Buffers:           31848 kB
Cached:           348076 kB
MemTotal:        1844596 kB
MemFree:         1162816 kB
MemAvailable:    1412740 kB
Buffers:           31848 kB
Cached:           348076 kB
MemTotal:        1844596 kB
MemFree:         1162768 kB
MemAvailable:    1412692 kB
Buffers:           31848 kB
Cached:           348076 kB
MemTotal:        1844596 kB
MemFree:         1163104 kB
MemAvailable:    1413028 kB
Buffers:           31848 kB
Cached:           348076 kB
MemTotal:        1844596 kB
MemFree:         1162888 kB
MemAvailable:    1412812 kB
Buffers:           31848 kB
Cached:           348076 kB
MemTotal:        1844596 kB
MemFree:         1162888 kB
MemAvailable:    1412812 kB
Buffers:           31848 kB
Cached:           348076 kB
MemTotal:        1844596 kB
MemFree:         1162760 kB
MemAvailable:    1412684 kB
Buffers:           31848 kB
Cached:           348076 kB
MemTotal:        1844596 kB
MemFree:         1163096 kB
MemAvailable:    1413020 kB
Buffers:           31848 kB
Cached:           348076 kB
MemTotal:        1844596 kB
MemFree:         1161696 kB
MemAvailable:    1411620 kB
Buffers:           31848 kB
Cached:           348076 kB
MemTotal:        1844596 kB
MemFree:         1162732 kB
MemAvailable:    1412656 kB
Buffers:           31848 kB
Cached:           348076 kB
MemTotal:        1844596 kB
MemFree:         1162824 kB
MemAvailable:    1412748 kB
Buffers:           31848 kB
Cached:           348076 kB
MemTotal:        1844596 kB
MemFree:         1159220 kB
MemAvailable:    1409144 kB
Buffers:           31848 kB
Cached:           348076 kB
MemTotal:        1844596 kB
MemFree:         1157352 kB
MemAvailable:    1407276 kB
Buffers:           31848 kB
Cached:           348076 kB
MemTotal:        1844596 kB
MemFree:         1157440 kB
MemAvailable:    1407364 kB
Buffers:           31848 kB
Cached:           348076 kB
MemTotal:        1844596 kB
MemFree:         1156732 kB
MemAvailable:    1406656 kB
Buffers:           31848 kB
Cached:           348076 kB
MemTotal:        1844596 kB
MemFree:         1156624 kB
MemAvailable:    1406548 kB
Buffers:           31848 kB
Cached:           348076 kB
MemTotal:        1844596 kB
MemFree:         1156692 kB
MemAvailable:    1406616 kB
Buffers:           31848 kB
Cached:           348076 kB
MemTotal:        1844596 kB
MemFree:         1155364 kB
MemAvailable:    1405288 kB
Buffers:           31848 kB
Cached:           348076 kB
MemTotal:        1844596 kB
MemFree:         1156664 kB
MemAvailable:    1406588 kB
Buffers:           31848 kB
Cached:           348076 kB
MemTotal:        1844596 kB
MemFree:         1155316 kB
MemAvailable:    1405240 kB
Buffers:           31848 kB
Cached:           348076 kB
MemTotal:        1844596 kB
MemFree:         1156592 kB
MemAvailable:    1406516 kB
Buffers:           31848 kB
Cached:           348076 kB
MemTotal:        1844596 kB
MemFree:         1156844 kB
MemAvailable:    1406768 kB
Buffers:           31848 kB
Cached:           348076 kB
MemTotal:        1844596 kB
MemFree:         1156188 kB
MemAvailable:    1406112 kB
Buffers:           31848 kB
Cached:           348076 kB
MemTotal:        1844596 kB
MemFree:         1154756 kB
MemAvailable:    1404680 kB
Buffers:           31848 kB
Cached:           348076 kB
MemTotal:        1844596 kB
MemFree:         1156012 kB
MemAvailable:    1405936 kB
Buffers:           31848 kB
Cached:           348076 kB
MemTotal:        1844596 kB
MemFree:         1156132 kB
MemAvailable:    1406060 kB
Buffers:           31848 kB
Cached:           348080 kB
MemTotal:        1844596 kB
MemFree:         1156080 kB
MemAvailable:    1406008 kB
Buffers:           31848 kB
Cached:           348080 kB
MemTotal:        1844596 kB
MemFree:         1154632 kB
MemAvailable:    1404560 kB
Buffers:           31848 kB
Cached:           348080 kB
MemTotal:        1844596 kB
MemFree:         1156148 kB
MemAvailable:    1406076 kB
Buffers:           31848 kB
Cached:           348080 kB
MemTotal:        1844596 kB
MemFree:         1154504 kB
MemAvailable:    1404432 kB
Buffers:           31848 kB
Cached:           348080 kB
MemTotal:        1844596 kB
MemFree:         1155936 kB
MemAvailable:    1405864 kB
Buffers:           31848 kB
Cached:           348080 kB
MemTotal:        1844596 kB
MemFree:         1155508 kB
MemAvailable:    1405436 kB
Buffers:           31848 kB
Cached:           348080 kB
MemTotal:        1844596 kB
MemFree:         1154576 kB
MemAvailable:    1404504 kB
Buffers:           31848 kB
Cached:           348080 kB
MemTotal:        1844596 kB
MemFree:         1155852 kB
MemAvailable:    1405780 kB
Buffers:           31848 kB
Cached:           348080 kB
MemTotal:        1844596 kB
MemFree:         1155508 kB
MemAvailable:    1405436 kB
Buffers:           31848 kB
Cached:           348080 kB
MemTotal:        1844596 kB
MemFree:         1155868 kB
MemAvailable:    1405796 kB
Buffers:           31848 kB
Cached:           348080 kB
MemTotal:        1844596 kB
MemFree:         1155136 kB
MemAvailable:    1405064 kB
Buffers:           31848 kB
Cached:           348080 kB
MemTotal:        1844596 kB
MemFree:         1155004 kB
MemAvailable:    1404936 kB
Buffers:           31848 kB
Cached:           348084 kB
MemTotal:        1844596 kB
MemFree:         1155988 kB
MemAvailable:    1405920 kB
Buffers:           31848 kB
Cached:           348084 kB
MemTotal:        1844596 kB
MemFree:         1155384 kB
MemAvailable:    1405316 kB
Buffers:           31848 kB
Cached:           348084 kB
MemTotal:        1844596 kB
MemFree:         1154620 kB
MemAvailable:    1404552 kB
Buffers:           31848 kB
Cached:           348084 kB
MemTotal:        1844596 kB
MemFree:         1154620 kB
MemAvailable:    1404552 kB
Buffers:           31848 kB
Cached:           348084 kB
MemTotal:        1844596 kB
MemFree:         1155860 kB
MemAvailable:    1405792 kB
Buffers:           31848 kB
Cached:           348084 kB
MemTotal:        1844596 kB
MemFree:         1156112 kB
MemAvailable:    1406044 kB
Buffers:           31848 kB
Cached:           348084 kB
MemTotal:        1844596 kB
MemFree:         1154508 kB
MemAvailable:    1404440 kB
Buffers:           31848 kB
Cached:           348084 kB
MemTotal:        1844596 kB
MemFree:         1154592 kB
MemAvailable:    1404524 kB
Buffers:           31848 kB
Cached:           348084 kB
MemTotal:        1844596 kB
MemFree:         1154584 kB
MemAvailable:    1404516 kB
Buffers:           31848 kB
Cached:           348084 kB
MemTotal:        1844596 kB
MemFree:         1156076 kB
MemAvailable:    1406008 kB
Buffers:           31848 kB
Cached:           348084 kB
MemTotal:        1844596 kB
MemFree:         1155924 kB
MemAvailable:    1405856 kB
Buffers:           31848 kB
Cached:           348084 kB
MemTotal:        1844596 kB
MemFree:         1154576 kB
MemAvailable:    1404508 kB
Buffers:           31848 kB
Cached:           348084 kB
MemTotal:        1844596 kB
MemFree:         1155876 kB
MemAvailable:    1405808 kB
Buffers:           31848 kB
Cached:           348084 kB
MemTotal:        1844596 kB
MemFree:         1155676 kB
MemAvailable:    1405608 kB
Buffers:           31848 kB
Cached:           348084 kB
MemTotal:        1844596 kB
MemFree:         1155508 kB
MemAvailable:    1405440 kB
Buffers:           31848 kB
Cached:           348084 kB
MemTotal:        1844596 kB
MemFree:         1155824 kB
MemAvailable:    1405840 kB
Buffers:           31848 kB
Cached:           348208 kB
MemTotal:        1844596 kB
MemFree:         1155568 kB
MemAvailable:    1405668 kB
Buffers:           31848 kB
Cached:           348332 kB
MemTotal:        1844596 kB
MemFree:         1155692 kB
MemAvailable:    1405876 kB
Buffers:           31848 kB
Cached:           348332 kB
MemTotal:        1844596 kB
MemFree:         1155444 kB
MemAvailable:    1405796 kB
Buffers:           31848 kB
Cached:           348580 kB
MemTotal:        1844596 kB
MemFree:         1154012 kB
MemAvailable:    1404448 kB
Buffers:           31848 kB
Cached:           348704 kB
MemTotal:        1844596 kB
MemFree:         1154128 kB
MemAvailable:    1404648 kB
Buffers:           31848 kB
Cached:           348704 kB
MemTotal:        1844596 kB
MemFree:         1155312 kB
MemAvailable:    1405832 kB
Buffers:           31848 kB
Cached:           348704 kB
MemTotal:        1844596 kB
MemFree:         1155508 kB
MemAvailable:    1406028 kB
Buffers:           31848 kB
Cached:           348704 kB
MemTotal:        1844596 kB
MemFree:         1154144 kB
MemAvailable:    1404664 kB
Buffers:           31848 kB
Cached:           348704 kB
MemTotal:        1844596 kB
MemFree:         1155080 kB
MemAvailable:    1405600 kB
Buffers:           31848 kB
Cached:           348704 kB
MemTotal:        1844596 kB
MemFree:         1155080 kB
MemAvailable:    1405600 kB
Buffers:           31848 kB
Cached:           348704 kB
MemTotal:        1844596 kB
MemFree:         1155124 kB
MemAvailable:    1405644 kB
Buffers:           31848 kB
Cached:           348704 kB
MemTotal:        1844596 kB
MemFree:         1153960 kB
MemAvailable:    1404564 kB
Buffers:           31848 kB
Cached:           348828 kB
MemTotal:        1844596 kB
MemFree:         1155408 kB
MemAvailable:    1405340 kB
Buffers:           31848 kB
Cached:           348072 kB
MemTotal:        1844596 kB
MemFree:         1155408 kB
MemAvailable:    1405340 kB
Buffers:           31848 kB
Cached:           348072 kB
MemTotal:        1844596 kB
MemFree:         1310776 kB
MemAvailable:    1560708 kB
Buffers:           31848 kB
Cached:           348072 kB
MemTotal:        1844596 kB
MemFree:         1351700 kB
MemAvailable:    1601632 kB
Buffers:           31848 kB
Cached:           348072 kB
