MemTotal:        1844596 kB
MemFree:         1359348 kB
MemAvailable:    1602424 kB
Buffers:           30836 kB
Cached:           342452 kB
MemTotal:        1844596 kB
MemFree:         1332904 kB
MemAvailable:    1575992 kB
Buffers:           30840 kB
Cached:           342456 kB
MemTotal:        1844596 kB
MemFree:         1330284 kB
MemAvailable:    1573372 kB
Buffers:           30840 kB
Cached:           342456 kB
MemTotal:        1844596 kB
MemFree:         1329680 kB
MemAvailable:    1572768 kB
Buffers:           30840 kB
Cached:           342456 kB
MemTotal:        1844596 kB
MemFree:         1328796 kB
MemAvailable:    1571884 kB
Buffers:           30840 kB
Cached:           342456 kB
MemTotal:        1844596 kB
MemFree:         1327076 kB
MemAvailable:    1570164 kB
Buffers:           30840 kB
Cached:           342456 kB
MemTotal:        1844596 kB
MemFree:         1328252 kB
MemAvailable:    1571340 kB
Buffers:           30840 kB
Cached:           342456 kB
MemTotal:        1844596 kB
MemFree:         1328080 kB
MemAvailable:    1571168 kB
Buffers:           30840 kB
Cached:           342456 kB
MemTotal:        1844596 kB
MemFree:         1324828 kB
MemAvailable:    1567916 kB
Buffers:           30840 kB
Cached:           342456 kB
MemTotal:        1844596 kB
MemFree:         1324912 kB
MemAvailable:    1568000 kB
Buffers:           30840 kB
Cached:           342456 kB
MemTotal:        1844596 kB
MemFree:         1321680 kB
MemAvailable:    1564768 kB
Buffers:           30840 kB
Cached:           342456 kB
MemTotal:        1844596 kB
MemFree:         1317768 kB
MemAvailable:    1560856 kB
Buffers:           30852 kB
Cached:           342444 kB
MemTotal:        1844596 kB
MemFree:         1318252 kB
MemAvailable:    1561340 kB
Buffers:           30852 kB
Cached:           342444 kB
MemTotal:        1844596 kB
MemFree:         1317404 kB
MemAvailable:    1560492 kB
Buffers:           30852 kB
Cached:           342444 kB
MemTotal:        1844596 kB
MemFree:         1318380 kB
MemAvailable:    1561480 kB
Buffers:           30852 kB
Cached:           342456 kB
MemTotal:        1844596 kB
MemFree:         1318380 kB
MemAvailable:    1561480 kB
Buffers:           30852 kB
Cached:           342456 kB
MemTotal:        1844596 kB
MemFree:         1317952 kB
MemAvailable:    1561052 kB
Buffers:           30852 kB
Cached:           342456 kB
MemTotal:        1844596 kB
MemFree:         1317596 kB
MemAvailable:    1560696 kB
Buffers:           30852 kB
Cached:           342456 kB
MemTotal:        1844596 kB
MemFree:         1317932 kB
MemAvailable:    1561032 kB
Buffers:           30852 kB
Cached:           342456 kB
MemTotal:        1844596 kB
MemFree:         1317824 kB
MemAvailable:    1560924 kB
Buffers:           30852 kB
Cached:           342456 kB
MemTotal:        1844596 kB
MemFree:         1316660 kB
MemAvailable:    1559760 kB
Buffers:           30852 kB
Cached:           342456 kB
MemTotal:        1844596 kB
MemFree:         1316784 kB
MemAvailable:    1559884 kB
Buffers:           30852 kB
Cached:           342456 kB
MemTotal:        1844596 kB
MemFree:         1317512 kB
MemAvailable:    1560612 kB
Buffers:           30852 kB
Cached:           342456 kB
MemTotal:        1844596 kB
MemFree:         1317348 kB
MemAvailable:    1560448 kB
Buffers:           30852 kB
Cached:           342456 kB
MemTotal:        1844596 kB
MemFree:         1317564 kB
MemAvailable:    1560664 kB
Buffers:           30852 kB
Cached:           342456 kB
MemTotal:        1844596 kB
MemFree:         1317316 kB
MemAvailable:    1560416 kB
Buffers:           30852 kB
Cached:           342456 kB
MemTotal:        1844596 kB
MemFree:         1317016 kB
MemAvailable:    1560116 kB
Buffers:           30852 kB
Cached:           342456 kB
MemTotal:        1844596 kB
MemFree:         1317024 kB
MemAvailable:    1560124 kB
Buffers:           30852 kB
Cached:           342456 kB
MemTotal:        1844596 kB
MemFree:         1317280 kB
MemAvailable:    1560380 kB
Buffers:           30852 kB
Cached:           342456 kB
MemTotal:        1844596 kB
MemFree:         1316828 kB
MemAvailable:    1559928 kB
Buffers:           30852 kB
Cached:           342456 kB
MemTotal:        1844596 kB
MemFree:         1316596 kB
MemAvailable:    1559696 kB
Buffers:           30852 kB
Cached:           342456 kB
MemTotal:        1844596 kB
MemFree:         1315164 kB
MemAvailable:    1558264 kB
Buffers:           30852 kB
Cached:           342456 kB
MemTotal:        1844596 kB
MemFree:         1315288 kB
MemAvailable:    1558388 kB
Buffers:           30852 kB
Cached:           342456 kB
MemTotal:        1844596 kB
MemFree:         1316388 kB
MemAvailable:    1559488 kB
Buffers:           30852 kB
Cached:           342456 kB
MemTotal:        1844596 kB
MemFree:         1315404 kB
MemAvailable:    1558504 kB
Buffers:           30852 kB
Cached:           342456 kB
MemTotal:        1844596 kB
MemFree:         1314296 kB
MemAvailable:    1557396 kB
Buffers:           30852 kB
Cached:           342456 kB
MemTotal:        1844596 kB
MemFree:         1315232 kB
MemAvailable:    1558332 kB
Buffers:           30852 kB
Cached:           342456 kB
MemTotal:        1844596 kB
MemFree:         1315172 kB
MemAvailable:    1558272 kB
Buffers:           30852 kB
Cached:           342456 kB
MemTotal:        1844596 kB
MemFree:         1314992 kB
MemAvailable:    1558092 kB
Buffers:           30852 kB
Cached:           342456 kB
MemTotal:        1844596 kB
MemFree:         1314924 kB
MemAvailable:    1558024 kB
Buffers:           30852 kB
Cached:           342456 kB
MemTotal:        1844596 kB
MemFree:         1315120 kB
MemAvailable:    1558220 kB
Buffers:           30852 kB
Cached:           342456 kB
MemTotal:        1844596 kB
MemFree:         1315024 kB
MemAvailable:    1558124 kB
Buffers:           30852 kB
Cached:           342456 kB
MemTotal:        1844596 kB
MemFree:         1315108 kB
MemAvailable:    1558208 kB
Buffers:           30852 kB
Cached:           342456 kB
MemTotal:        1844596 kB
MemFree:         1316412 kB
MemAvailable:    1559512 kB
Buffers:           30852 kB
Cached:           342456 kB
MemTotal:        1844596 kB
MemFree:         1315916 kB
MemAvailable:    1559016 kB
Buffers:           30852 kB
Cached:           342456 kB
MemTotal:        1844596 kB
MemFree:         1316288 kB
MemAvailable:    1559392 kB
Buffers:           30852 kB
Cached:           342460 kB
MemTotal:        1844596 kB
MemFree:         1312552 kB
MemAvailable:    1555656 kB
Buffers:           30852 kB
Cached:           342460 kB
MemTotal:        1844596 kB
MemFree:         1312552 kB
MemAvailable:    1555656 kB
Buffers:           30852 kB
Cached:           342460 kB
MemTotal:        1844596 kB
MemFree:         1311264 kB
MemAvailable:    1554368 kB
Buffers:           30852 kB
Cached:           342460 kB
MemTotal:        1844596 kB
MemFree:         1309964 kB
MemAvailable:    1553068 kB
Buffers:           30852 kB
Cached:           342460 kB
MemTotal:        1844596 kB
MemFree:         1311128 kB
MemAvailable:    1554232 kB
Buffers:           30852 kB
Cached:           342460 kB
MemTotal:        1844596 kB
MemFree:         1310948 kB
MemAvailable:    1554052 kB
Buffers:           30852 kB
Cached:           342460 kB
MemTotal:        1844596 kB
MemFree:         1311088 kB
MemAvailable:    1554192 kB
Buffers:           30852 kB
Cached:           342460 kB
MemTotal:        1844596 kB
MemFree:         1311196 kB
MemAvailable:    1554300 kB
Buffers:           30852 kB
Cached:           342460 kB
MemTotal:        1844596 kB
MemFree:         1311008 kB
MemAvailable:    1554112 kB
Buffers:           30852 kB
Cached:           342460 kB
MemTotal:        1844596 kB
MemFree:         1310884 kB
MemAvailable:    1553988 kB
Buffers:           30852 kB
Cached:           342460 kB
MemTotal:        1844596 kB
MemFree:         1311016 kB
MemAvailable:    1554120 kB
Buffers:           30852 kB
Cached:           342460 kB
MemTotal:        1844596 kB
MemFree:         1310692 kB
MemAvailable:    1553796 kB
Buffers:           30852 kB
Cached:           342460 kB
MemTotal:        1844596 kB
MemFree:         1310948 kB
MemAvailable:    1554052 kB
Buffers:           30852 kB
Cached:           342460 kB
MemTotal:        1844596 kB
MemFree:         1310644 kB
MemAvailable:    1553748 kB
Buffers:           30852 kB
Cached:           342460 kB
MemTotal:        1844596 kB
MemFree:         1310812 kB
MemAvailable:    1553916 kB
Buffers:           30852 kB
Cached:           342460 kB
MemTotal:        1844596 kB
MemFree:         1310528 kB
MemAvailable:    1553632 kB
Buffers:           30852 kB
Cached:           342460 kB
MemTotal:        1844596 kB
MemFree:         1310784 kB
MemAvailable:    1553888 kB
Buffers:           30852 kB
Cached:           342460 kB
MemTotal:        1844596 kB
MemFree:         1310432 kB
MemAvailable:    1553536 kB
Buffers:           30852 kB
Cached:           342460 kB
MemTotal:        1844596 kB
MemFree:         1310656 kB
MemAvailable:    1553760 kB
Buffers:           30852 kB
Cached:           342460 kB
MemTotal:        1844596 kB
MemFree:         1304376 kB
MemAvailable:    1547480 kB
Buffers:           30852 kB
Cached:           342460 kB
MemTotal:        1844596 kB
MemFree:         1304012 kB
MemAvailable:    1547116 kB
Buffers:           30852 kB
Cached:           342460 kB
MemTotal:        1844596 kB
MemFree:         1304692 kB
MemAvailable:    1547796 kB
Buffers:           30852 kB
Cached:           342460 kB
MemTotal:        1844596 kB
MemFree:         1303392 kB
MemAvailable:    1546496 kB
Buffers:           30852 kB
Cached:           342460 kB
MemTotal:        1844596 kB
MemFree:         1303640 kB
MemAvailable:    1546744 kB
Buffers:           30852 kB
Cached:           342460 kB
MemTotal:        1844596 kB
MemFree:         1303136 kB
MemAvailable:    1546240 kB
Buffers:           30852 kB
Cached:           342460 kB
MemTotal:        1844596 kB
MemFree:         1302956 kB
MemAvailable:    1546060 kB
Buffers:           30852 kB
Cached:           342460 kB
MemTotal:        1844596 kB
MemFree:         1301284 kB
MemAvailable:    1544388 kB
Buffers:           30852 kB
Cached:           342460 kB
MemTotal:        1844596 kB
MemFree:         1302008 kB
MemAvailable:    1545112 kB
Buffers:           30852 kB
Cached:           342460 kB
MemTotal:        1844596 kB
MemFree:         1302260 kB
MemAvailable:    1545364 kB
Buffers:           30852 kB
Cached:           342460 kB
MemTotal:        1844596 kB
MemFree:         1302344 kB
MemAvailable:    1545448 kB
Buffers:           30852 kB
Cached:           342460 kB
MemTotal:        1844596 kB
MemFree:         1302088 kB
MemAvailable:    1545192 kB
Buffers:           30852 kB
Cached:           342460 kB
MemTotal:        1844596 kB
MemFree:         1300780 kB
MemAvailable:    1543884 kB
Buffers:           30852 kB
Cached:           342460 kB
MemTotal:        1844596 kB
MemFree:         1302096 kB
MemAvailable:    1545200 kB
Buffers:           30852 kB
Cached:           342460 kB
MemTotal:        1844596 kB
MemFree:         1300600 kB
MemAvailable:    1543704 kB
Buffers:           30852 kB
Cached:           342460 kB
MemTotal:        1844596 kB
MemFree:         1300600 kB
MemAvailable:    1543704 kB
Buffers:           30852 kB
Cached:           342460 kB
MemTotal:        1844596 kB
MemFree:         1300768 kB
MemAvailable:    1543872 kB
Buffers:           30852 kB
Cached:           342460 kB
MemTotal:        1844596 kB
MemFree:         1301888 kB
MemAvailable:    1544992 kB
Buffers:           30852 kB
Cached:           342460 kB
MemTotal:        1844596 kB
MemFree:         1300712 kB
MemAvailable:    1543816 kB
Buffers:           30852 kB
Cached:           342460 kB
MemTotal:        1844596 kB
MemFree:         1302080 kB
MemAvailable:    1545184 kB
Buffers:           30852 kB
Cached:           342460 kB
MemTotal:        1844596 kB
MemFree:         1301608 kB
MemAvailable:    1544712 kB
Buffers:           30852 kB
Cached:           342460 kB
MemTotal:        1844596 kB
MemFree:         1301664 kB
MemAvailable:    1544768 kB
Buffers:           30852 kB
Cached:           342460 kB
MemTotal:        1844596 kB
MemFree:         1300236 kB
MemAvailable:    1543340 kB
Buffers:           30852 kB
Cached:           342460 kB
MemTotal:        1844596 kB
MemFree:         1301484 kB
MemAvailable:    1544588 kB
Buffers:           30852 kB
Cached:           342460 kB
MemTotal:        1844596 kB
MemFree:         1300488 kB
MemAvailable:    1543592 kB
Buffers:           30852 kB
Cached:           342460 kB
MemTotal:        1844596 kB
MemFree:         1301588 kB
MemAvailable:    1544692 kB
Buffers:           30852 kB
Cached:           342460 kB
MemTotal:        1844596 kB
MemFree:         1300472 kB
MemAvailable:    1543576 kB
Buffers:           30852 kB
Cached:           342460 kB
MemTotal:        1844596 kB
MemFree:         1300224 kB
MemAvailable:    1543328 kB
Buffers:           30852 kB
Cached:           342460 kB
MemTotal:        1844596 kB
MemFree:         1300532 kB
MemAvailable:    1543644 kB
Buffers:           30852 kB
Cached:           342468 kB
MemTotal:        1844596 kB
MemFree:         1299236 kB
MemAvailable:    1542348 kB
Buffers:           30852 kB
Cached:           342468 kB
MemTotal:        1844596 kB
MemFree:         1297028 kB
MemAvailable:    1540140 kB
Buffers:           30852 kB
Cached:           342468 kB
MemTotal:        1844596 kB
MemFree:         1294464 kB
MemAvailable:    1537576 kB
Buffers:           30852 kB
Cached:           342468 kB
MemTotal:        1844596 kB
MemFree:         1293656 kB
MemAvailable:    1536768 kB
Buffers:           30852 kB
Cached:           342468 kB
MemTotal:        1844596 kB
MemFree:         1293464 kB
MemAvailable:    1536576 kB
Buffers:           30852 kB
Cached:           342468 kB
MemTotal:        1844596 kB
MemFree:         1292356 kB
MemAvailable:    1535468 kB
Buffers:           30852 kB
Cached:           342468 kB
MemTotal:        1844596 kB
MemFree:         1291796 kB
MemAvailable:    1534908 kB
Buffers:           30852 kB
Cached:           342468 kB
MemTotal:        1844596 kB
MemFree:         1293228 kB
MemAvailable:    1536340 kB
Buffers:           30852 kB
Cached:           342468 kB
MemTotal:        1844596 kB
MemFree:         1291796 kB
MemAvailable:    1534908 kB
Buffers:           30852 kB
Cached:           342468 kB
MemTotal:        1844596 kB
MemFree:         1293096 kB
MemAvailable:    1536208 kB
Buffers:           30852 kB
Cached:           342468 kB
MemTotal:        1844596 kB
MemFree:         1292764 kB
MemAvailable:    1535876 kB
Buffers:           30852 kB
Cached:           342468 kB
MemTotal:        1844596 kB
MemFree:         1293016 kB
MemAvailable:    1536128 kB
Buffers:           30852 kB
Cached:           342468 kB
MemTotal:        1844596 kB
MemFree:         1291400 kB
MemAvailable:    1534512 kB
Buffers:           30852 kB
Cached:           342468 kB
MemTotal:        1844596 kB
MemFree:         1293000 kB
MemAvailable:    1536112 kB
Buffers:           30852 kB
Cached:           342468 kB
MemTotal:        1844596 kB
MemFree:         1291692 kB
MemAvailable:    1534804 kB
Buffers:           30852 kB
Cached:           342468 kB
MemTotal:        1844596 kB
MemFree:         1292836 kB
MemAvailable:    1535948 kB
Buffers:           30852 kB
Cached:           342468 kB
MemTotal:        1844596 kB
MemFree:         1292836 kB
MemAvailable:    1535948 kB
Buffers:           30852 kB
Cached:           342468 kB
MemTotal:        1844596 kB
MemFree:         1292664 kB
MemAvailable:    1535776 kB
Buffers:           30852 kB
Cached:           342468 kB
MemTotal:        1844596 kB
MemFree:         1292832 kB
MemAvailable:    1535944 kB
Buffers:           30852 kB
Cached:           342468 kB
MemTotal:        1844596 kB
MemFree:         1292864 kB
MemAvailable:    1535976 kB
Buffers:           30852 kB
Cached:           342468 kB
MemTotal:        1844596 kB
MemFree:         1291676 kB
MemAvailable:    1534788 kB
Buffers:           30852 kB
Cached:           342468 kB
MemTotal:        1844596 kB
MemFree:         1292100 kB
MemAvailable:    1535212 kB
Buffers:           30852 kB
Cached:           342468 kB
MemTotal:        1844596 kB
MemFree:         1293284 kB
MemAvailable:    1536396 kB
Buffers:           30852 kB
Cached:           342468 kB
MemTotal:        1844596 kB
MemFree:         1292100 kB
MemAvailable:    1535212 kB
Buffers:           30852 kB
Cached:           342468 kB
MemTotal:        1844596 kB
MemFree:         1293216 kB
MemAvailable:    1536328 kB
Buffers:           30852 kB
Cached:           342468 kB
MemTotal:        1844596 kB
MemFree:         1292820 kB
MemAvailable:    1535932 kB
Buffers:           30852 kB
Cached:           342468 kB
MemTotal:        1844596 kB
MemFree:         1293156 kB
MemAvailable:    1536268 kB
Buffers:           30852 kB
Cached:           342468 kB
MemTotal:        1844596 kB
MemFree:         1291796 kB
MemAvailable:    1534908 kB
Buffers:           30852 kB
Cached:           342468 kB
MemTotal:        1844596 kB
MemFree:         1291540 kB
MemAvailable:    1534652 kB
Buffers:           30852 kB
Cached:           342468 kB
MemTotal:        1844596 kB
MemFree:         1291656 kB
MemAvailable:    1534768 kB
Buffers:           30852 kB
Cached:           342468 kB
MemTotal:        1844596 kB
MemFree:         1292932 kB
MemAvailable:    1536044 kB
Buffers:           30852 kB
Cached:           342468 kB
MemTotal:        1844596 kB
MemFree:         1293100 kB
MemAvailable:    1536212 kB
Buffers:           30852 kB
Cached:           342468 kB
MemTotal:        1844596 kB
MemFree:         1292656 kB
MemAvailable:    1535768 kB
Buffers:           30852 kB
Cached:           342468 kB
MemTotal:        1844596 kB
MemFree:         1292740 kB
MemAvailable:    1535852 kB
Buffers:           30852 kB
Cached:           342468 kB
MemTotal:        1844596 kB
MemFree:         1287636 kB
MemAvailable:    1530748 kB
Buffers:           30852 kB
Cached:           342468 kB
MemTotal:        1844596 kB
MemFree:         1286024 kB
MemAvailable:    1529136 kB
Buffers:           30852 kB
Cached:           342468 kB
MemTotal:        1844596 kB
MemFree:         1284792 kB
MemAvailable:    1527904 kB
Buffers:           30852 kB
Cached:           342468 kB
MemTotal:        1844596 kB
MemFree:         1282808 kB
MemAvailable:    1525920 kB
Buffers:           30852 kB
Cached:           342468 kB
MemTotal:        1844596 kB
MemFree:         1283680 kB
MemAvailable:    1526792 kB
Buffers:           30852 kB
Cached:           342468 kB
MemTotal:        1844596 kB
MemFree:         1282500 kB
MemAvailable:    1525612 kB
Buffers:           30852 kB
Cached:           342468 kB
MemTotal:        1844596 kB
MemFree:         1283344 kB
MemAvailable:    1526456 kB
Buffers:           30852 kB
Cached:           342468 kB
MemTotal:        1844596 kB
MemFree:         1283344 kB
MemAvailable:    1526456 kB
Buffers:           30852 kB
Cached:           342468 kB
MemTotal:        1844596 kB
MemFree:         1282932 kB
MemAvailable:    1526044 kB
Buffers:           30852 kB
Cached:           342468 kB
MemTotal:        1844596 kB
MemFree:         1281808 kB
MemAvailable:    1524920 kB
Buffers:           30852 kB
Cached:           342468 kB
MemTotal:        1844596 kB
MemFree:         1281808 kB
MemAvailable:    1524920 kB
Buffers:           30852 kB
Cached:           342468 kB
MemTotal:        1844596 kB
MemFree:         1281196 kB
MemAvailable:    1524308 kB
Buffers:           30852 kB
Cached:           342468 kB
MemTotal:        1844596 kB
MemFree:         1281124 kB
MemAvailable:    1524236 kB
Buffers:           30852 kB
Cached:           342468 kB
MemTotal:        1844596 kB
MemFree:         1280080 kB
MemAvailable:    1523192 kB
Buffers:           30852 kB
Cached:           342468 kB
MemTotal:        1844596 kB
MemFree:         1281060 kB
MemAvailable:    1524172 kB
Buffers:           30852 kB
Cached:           342468 kB
MemTotal:        1844596 kB
MemFree:         1279812 kB
MemAvailable:    1522924 kB
Buffers:           30852 kB
Cached:           342468 kB
MemTotal:        1844596 kB
MemFree:         1281136 kB
MemAvailable:    1524248 kB
Buffers:           30852 kB
Cached:           342468 kB
MemTotal:        1844596 kB
MemFree:         1279800 kB
MemAvailable:    1522912 kB
Buffers:           30852 kB
Cached:           342468 kB
MemTotal:        1844596 kB
MemFree:         1280940 kB
MemAvailable:    1524052 kB
Buffers:           30852 kB
Cached:           342468 kB
MemTotal:        1844596 kB
MemFree:         1281280 kB
MemAvailable:    1524392 kB
Buffers:           30852 kB
Cached:           342468 kB
MemTotal:        1844596 kB
MemFree:         1281084 kB
MemAvailable:    1524196 kB
Buffers:           30852 kB
Cached:           342468 kB
MemTotal:        1844596 kB
MemFree:         1281144 kB
MemAvailable:    1524256 kB
Buffers:           30852 kB
Cached:           342468 kB
MemTotal:        1844596 kB
MemFree:         1280328 kB
MemAvailable:    1523440 kB
Buffers:           30852 kB
Cached:           342468 kB
MemTotal:        1844596 kB
MemFree:         1281120 kB
MemAvailable:    1524232 kB
Buffers:           30852 kB
Cached:           342468 kB
MemTotal:        1844596 kB
MemFree:         1280864 kB
MemAvailable:    1523976 kB
Buffers:           30852 kB
Cached:           342468 kB
MemTotal:        1844596 kB
MemFree:         1281008 kB
MemAvailable:    1524120 kB
Buffers:           30852 kB
Cached:           342468 kB
MemTotal:        1844596 kB
MemFree:         1280816 kB
MemAvailable:    1523928 kB
Buffers:           30852 kB
Cached:           342468 kB
MemTotal:        1844596 kB
MemFree:         1280984 kB
MemAvailable:    1524096 kB
Buffers:           30852 kB
Cached:           342468 kB
MemTotal:        1844596 kB
MemFree:         1280948 kB
MemAvailable:    1524060 kB
Buffers:           30852 kB
Cached:           342468 kB
MemTotal:        1844596 kB
MemFree:         1281008 kB
MemAvailable:    1524120 kB
Buffers:           30852 kB
Cached:           342468 kB
MemTotal:        1844596 kB
MemFree:         1280808 kB
MemAvailable:    1523920 kB
Buffers:           30852 kB
Cached:           342468 kB
MemTotal:        1844596 kB
MemFree:         1281144 kB
MemAvailable:    1524256 kB
Buffers:           30852 kB
Cached:           342468 kB
MemTotal:        1844596 kB
MemFree:         1280900 kB
MemAvailable:    1524012 kB
Buffers:           30852 kB
Cached:           342468 kB
MemTotal:        1844596 kB
MemFree:         1281008 kB
MemAvailable:    1524120 kB
Buffers:           30852 kB
Cached:           342468 kB
MemTotal:        1844596 kB
MemFree:         1280940 kB
MemAvailable:    1524052 kB
Buffers:           30852 kB
Cached:           342468 kB
MemTotal:        1844596 kB
MemFree:         1280940 kB
MemAvailable:    1524052 kB
Buffers:           30852 kB
Cached:           342468 kB
MemTotal:        1844596 kB
MemFree:         1279700 kB
MemAvailable:    1522812 kB
Buffers:           30852 kB
Cached:           342468 kB
MemTotal:        1844596 kB
MemFree:         1281000 kB
MemAvailable:    1524112 kB
Buffers:           30852 kB
Cached:           342468 kB
MemTotal:        1844596 kB
MemFree:         1279700 kB
MemAvailable:    1522812 kB
Buffers:           30852 kB
Cached:           342468 kB
MemTotal:        1844596 kB
MemFree:         1279816 kB
MemAvailable:    1522928 kB
Buffers:           30852 kB
Cached:           342468 kB
MemTotal:        1844596 kB
MemFree:         1280072 kB
MemAvailable:    1523184 kB
Buffers:           30852 kB
Cached:           342468 kB
MemTotal:        1844596 kB
MemFree:         1281256 kB
MemAvailable:    1524372 kB
Buffers:           30852 kB
Cached:           342472 kB
MemTotal:        1844596 kB
MemFree:         1279824 kB
MemAvailable:    1522940 kB
Buffers:           30852 kB
Cached:           342472 kB
MemTotal:        1844596 kB
MemFree:         1279816 kB
MemAvailable:    1522932 kB
Buffers:           30852 kB
Cached:           342472 kB
MemTotal:        1844596 kB
MemFree:         1281180 kB
MemAvailable:    1524296 kB
Buffers:           30852 kB
Cached:           342472 kB
MemTotal:        1844596 kB
MemFree:         1281052 kB
MemAvailable:    1524168 kB
Buffers:           30852 kB
Cached:           342472 kB
MemTotal:        1844596 kB
MemFree:         1281052 kB
MemAvailable:    1524168 kB
Buffers:           30852 kB
Cached:           342472 kB
MemTotal:        1844596 kB
MemFree:         1281092 kB
MemAvailable:    1524212 kB
Buffers:           30852 kB
Cached:           342476 kB
MemTotal:        1844596 kB
MemFree:         1281008 kB
MemAvailable:    1524128 kB
Buffers:           30852 kB
Cached:           342476 kB
MemTotal:        1844596 kB
MemFree:         1281008 kB
MemAvailable:    1524128 kB
Buffers:           30852 kB
Cached:           342476 kB
MemTotal:        1844596 kB
MemFree:         1280900 kB
MemAvailable:    1524020 kB
Buffers:           30852 kB
Cached:           342476 kB
MemTotal:        1844596 kB
MemFree:         1280960 kB
MemAvailable:    1524080 kB
Buffers:           30852 kB
Cached:           342476 kB
MemTotal:        1844596 kB
MemFree:         1279784 kB
MemAvailable:    1522904 kB
Buffers:           30852 kB
Cached:           342476 kB
MemTotal:        1844596 kB
MemFree:         1281084 kB
MemAvailable:    1524204 kB
Buffers:           30852 kB
Cached:           342476 kB
MemTotal:        1844596 kB
MemFree:         1281016 kB
MemAvailable:    1524136 kB
Buffers:           30852 kB
Cached:           342476 kB
MemTotal:        1844596 kB
MemFree:         1280936 kB
MemAvailable:    1524056 kB
Buffers:           30852 kB
Cached:           342476 kB
MemTotal:        1844596 kB
MemFree:         1281008 kB
MemAvailable:    1524128 kB
Buffers:           30852 kB
Cached:           342476 kB
MemTotal:        1844596 kB
MemFree:         1280196 kB
MemAvailable:    1523316 kB
Buffers:           30852 kB
Cached:           342476 kB
MemTotal:        1844596 kB
MemFree:         1280872 kB
MemAvailable:    1523992 kB
Buffers:           30852 kB
Cached:           342476 kB
MemTotal:        1844596 kB
MemFree:         1280956 kB
MemAvailable:    1524076 kB
Buffers:           30852 kB
Cached:           342476 kB
MemTotal:        1844596 kB
MemFree:         1280868 kB
MemAvailable:    1523988 kB
Buffers:           30852 kB
Cached:           342476 kB
MemTotal:        1844596 kB
MemFree:         1281120 kB
MemAvailable:    1524240 kB
Buffers:           30852 kB
Cached:           342476 kB
MemTotal:        1844596 kB
MemFree:         1281120 kB
MemAvailable:    1524240 kB
Buffers:           30852 kB
Cached:           342476 kB
MemTotal:        1844596 kB
MemFree:         1280864 kB
MemAvailable:    1523984 kB
Buffers:           30852 kB
Cached:           342476 kB
MemTotal:        1844596 kB
MemFree:         1279556 kB
MemAvailable:    1522676 kB
Buffers:           30852 kB
Cached:           342476 kB
MemTotal:        1844596 kB
MemFree:         1280664 kB
MemAvailable:    1523784 kB
Buffers:           30852 kB
Cached:           342476 kB
MemTotal:        1844596 kB
MemFree:         1280920 kB
MemAvailable:    1524040 kB
Buffers:           30852 kB
Cached:           342476 kB
MemTotal:        1844596 kB
MemFree:         1280524 kB
MemAvailable:    1523644 kB
Buffers:           30852 kB
Cached:           342476 kB
MemTotal:        1844596 kB
MemFree:         1280608 kB
MemAvailable:    1523728 kB
Buffers:           30852 kB
Cached:           342476 kB
MemTotal:        1844596 kB
MemFree:         1280636 kB
MemAvailable:    1523756 kB
Buffers:           30852 kB
Cached:           342476 kB
MemTotal:        1844596 kB
MemFree:         1279280 kB
MemAvailable:    1522400 kB
Buffers:           30852 kB
Cached:           342476 kB
MemTotal:        1844596 kB
MemFree:         1279700 kB
MemAvailable:    1522820 kB
Buffers:           30852 kB
Cached:           342476 kB
MemTotal:        1844596 kB
MemFree:         1280300 kB
MemAvailable:    1523420 kB
Buffers:           30852 kB
Cached:           342476 kB
MemTotal:        1844596 kB
MemFree:         1280556 kB
MemAvailable:    1523676 kB
Buffers:           30852 kB
Cached:           342476 kB
MemTotal:        1844596 kB
MemFree:         1279052 kB
MemAvailable:    1522172 kB
Buffers:           30852 kB
Cached:           342476 kB
MemTotal:        1844596 kB
MemFree:         1280360 kB
MemAvailable:    1523480 kB
Buffers:           30852 kB
Cached:           342476 kB
MemTotal:        1844596 kB
MemFree:         1278928 kB
MemAvailable:    1522048 kB
Buffers:           30852 kB
Cached:           342476 kB
MemTotal:        1844596 kB
MemFree:         1280228 kB
MemAvailable:    1523348 kB
Buffers:           30852 kB
Cached:           342476 kB
MemTotal:        1844596 kB
MemFree:         1278840 kB
MemAvailable:    1521960 kB
Buffers:           30852 kB
Cached:           342476 kB
MemTotal:        1844596 kB
MemFree:         1280072 kB
MemAvailable:    1523192 kB
Buffers:           30852 kB
Cached:           342476 kB
MemTotal:        1844596 kB
MemFree:         1280328 kB
MemAvailable:    1523448 kB
Buffers:           30852 kB
Cached:           342476 kB
MemTotal:        1844596 kB
MemFree:         1278956 kB
MemAvailable:    1522076 kB
Buffers:           30852 kB
Cached:           342476 kB
MemTotal:        1844596 kB
MemFree:         1280384 kB
MemAvailable:    1523504 kB
Buffers:           30852 kB
Cached:           342476 kB
MemTotal:        1844596 kB
MemFree:         1279284 kB
MemAvailable:    1522404 kB
Buffers:           30852 kB
Cached:           342476 kB
MemTotal:        1844596 kB
MemFree:         1280388 kB
MemAvailable:    1523512 kB
Buffers:           30852 kB
Cached:           342480 kB
MemTotal:        1844596 kB
MemFree:         1279088 kB
MemAvailable:    1522212 kB
Buffers:           30852 kB
Cached:           342480 kB
MemTotal:        1844596 kB
MemFree:         1280028 kB
MemAvailable:    1523152 kB
Buffers:           30852 kB
Cached:           342480 kB
MemTotal:        1844596 kB
MemFree:         1278824 kB
MemAvailable:    1521948 kB
Buffers:           30852 kB
Cached:           342480 kB
MemTotal:        1844596 kB
MemFree:         1279908 kB
MemAvailable:    1523032 kB
Buffers:           30852 kB
Cached:           342480 kB
MemTotal:        1844596 kB
MemFree:         1280164 kB
MemAvailable:    1523288 kB
Buffers:           30852 kB
Cached:           342480 kB
MemTotal:        1844596 kB
MemFree:         1278336 kB
MemAvailable:    1521460 kB
Buffers:           30852 kB
Cached:           342480 kB
MemTotal:        1844596 kB
MemFree:         1278584 kB
MemAvailable:    1521708 kB
Buffers:           30852 kB
Cached:           342480 kB
MemTotal:        1844596 kB
MemFree:         1278716 kB
MemAvailable:    1521840 kB
Buffers:           30852 kB
Cached:           342480 kB
MemTotal:        1844596 kB
MemFree:         1278716 kB
MemAvailable:    1521840 kB
Buffers:           30852 kB
Cached:           342480 kB
MemTotal:        1844596 kB
MemFree:         1276344 kB
MemAvailable:    1519468 kB
Buffers:           30852 kB
Cached:           342480 kB
MemTotal:        1844596 kB
MemFree:         1276428 kB
MemAvailable:    1519552 kB
Buffers:           30852 kB
Cached:           342480 kB
MemTotal:        1844596 kB
MemFree:         1271400 kB
MemAvailable:    1514524 kB
Buffers:           30852 kB
Cached:           342480 kB
MemTotal:        1844596 kB
MemFree:         1269656 kB
MemAvailable:    1512780 kB
Buffers:           30852 kB
Cached:           342480 kB
MemTotal:        1844596 kB
MemFree:         1269656 kB
MemAvailable:    1512780 kB
Buffers:           30852 kB
Cached:           342480 kB
MemTotal:        1844596 kB
MemFree:         1269228 kB
MemAvailable:    1512352 kB
Buffers:           30852 kB
Cached:           342480 kB
MemTotal:        1844596 kB
MemFree:         1269564 kB
MemAvailable:    1512688 kB
Buffers:           30852 kB
Cached:           342480 kB
MemTotal:        1844596 kB
MemFree:         1269096 kB
MemAvailable:    1512220 kB
Buffers:           30852 kB
Cached:           342480 kB
MemTotal:        1844596 kB
MemFree:         1269096 kB
MemAvailable:    1512220 kB
Buffers:           30852 kB
Cached:           342480 kB
MemTotal:        1844596 kB
MemFree:         1268640 kB
MemAvailable:    1511764 kB
Buffers:           30852 kB
Cached:           342480 kB
MemTotal:        1844596 kB
MemFree:         1268796 kB
MemAvailable:    1511920 kB
Buffers:           30852 kB
Cached:           342480 kB
MemTotal:        1844596 kB
MemFree:         1267368 kB
MemAvailable:    1510492 kB
Buffers:           30852 kB
Cached:           342480 kB
MemTotal:        1844596 kB
MemFree:         1268036 kB
MemAvailable:    1511160 kB
Buffers:           30852 kB
Cached:           342480 kB
MemTotal:        1844596 kB
MemFree:         1268036 kB
MemAvailable:    1511160 kB
Buffers:           30852 kB
Cached:           342480 kB
MemTotal:        1844596 kB
MemFree:         1267344 kB
MemAvailable:    1510468 kB
Buffers:           30852 kB
Cached:           342480 kB
MemTotal:        1844596 kB
MemFree:         1265820 kB
MemAvailable:    1508944 kB
Buffers:           30852 kB
Cached:           342480 kB
MemTotal:        1844596 kB
MemFree:         1266688 kB
MemAvailable:    1509816 kB
Buffers:           30852 kB
Cached:           342484 kB
MemTotal:        1844596 kB
MemFree:         1266416 kB
MemAvailable:    1509544 kB
Buffers:           30852 kB
Cached:           342484 kB
MemTotal:        1844596 kB
MemFree:         1266752 kB
MemAvailable:    1509880 kB
Buffers:           30852 kB
Cached:           342484 kB
MemTotal:        1844596 kB
MemFree:         1266568 kB
MemAvailable:    1509696 kB
Buffers:           30852 kB
Cached:           342484 kB
MemTotal:        1844596 kB
MemFree:         1265572 kB
MemAvailable:    1508700 kB
Buffers:           30852 kB
Cached:           342484 kB
MemTotal:        1844596 kB
MemFree:         1266428 kB
MemAvailable:    1509556 kB
Buffers:           30852 kB
Cached:           342484 kB
MemTotal:        1844596 kB
MemFree:         1266480 kB
MemAvailable:    1509608 kB
Buffers:           30852 kB
Cached:           342484 kB
MemTotal:        1844596 kB
MemFree:         1266828 kB
MemAvailable:    1509956 kB
Buffers:           30852 kB
Cached:           342484 kB
MemTotal:        1844596 kB
MemFree:         1266828 kB
MemAvailable:    1509956 kB
Buffers:           30852 kB
Cached:           342484 kB
MemTotal:        1844596 kB
MemFree:         1266552 kB
MemAvailable:    1509680 kB
Buffers:           30852 kB
Cached:           342484 kB
MemTotal:        1844596 kB
MemFree:         1266540 kB
MemAvailable:    1509668 kB
Buffers:           30852 kB
Cached:           342484 kB
MemTotal:        1844596 kB
MemFree:         1266432 kB
MemAvailable:    1509560 kB
Buffers:           30852 kB
Cached:           342484 kB
MemTotal:        1844596 kB
MemFree:         1266440 kB
MemAvailable:    1509568 kB
Buffers:           30852 kB
Cached:           342484 kB
MemTotal:        1844596 kB
MemFree:         1265276 kB
MemAvailable:    1508404 kB
Buffers:           30852 kB
Cached:           342484 kB
MemTotal:        1844596 kB
MemFree:         1266252 kB
MemAvailable:    1509380 kB
Buffers:           30852 kB
Cached:           342484 kB
MemTotal:        1844596 kB
MemFree:         1265812 kB
MemAvailable:    1508944 kB
Buffers:           30852 kB
Cached:           342488 kB
MemTotal:        1844596 kB
MemFree:         1265508 kB
MemAvailable:    1508640 kB
Buffers:           30852 kB
Cached:           342488 kB
MemTotal:        1844596 kB
MemFree:         1265284 kB
MemAvailable:    1508416 kB
Buffers:           30852 kB
Cached:           342488 kB
MemTotal:        1844596 kB
MemFree:         1263588 kB
MemAvailable:    1506720 kB
Buffers:           30852 kB
Cached:           342488 kB
MemTotal:        1844596 kB
MemFree:         1263588 kB
MemAvailable:    1506720 kB
Buffers:           30852 kB
Cached:           342488 kB
MemTotal:        1844596 kB
MemFree:         1264316 kB
MemAvailable:    1507448 kB
Buffers:           30852 kB
Cached:           342488 kB
MemTotal:        1844596 kB
MemFree:         1264400 kB
MemAvailable:    1507532 kB
Buffers:           30852 kB
Cached:           342488 kB
MemTotal:        1844596 kB
MemFree:         1264380 kB
MemAvailable:    1507512 kB
Buffers:           30852 kB
Cached:           342488 kB
MemTotal:        1844596 kB
MemFree:         1263572 kB
MemAvailable:    1506704 kB
Buffers:           30852 kB
Cached:           342488 kB
MemTotal:        1844596 kB
MemFree:         1263656 kB
MemAvailable:    1506788 kB
Buffers:           30852 kB
Cached:           342488 kB
MemTotal:        1844596 kB
MemFree:         1263444 kB
MemAvailable:    1506576 kB
Buffers:           30852 kB
Cached:           342488 kB
MemTotal:        1844596 kB
MemFree:         1263696 kB
MemAvailable:    1506828 kB
Buffers:           30852 kB
Cached:           342488 kB
MemTotal:        1844596 kB
MemFree:         1262432 kB
MemAvailable:    1505564 kB
Buffers:           30852 kB
Cached:           342488 kB
MemTotal:        1844596 kB
MemFree:         1261348 kB
MemAvailable:    1504480 kB
Buffers:           30852 kB
Cached:           342488 kB
MemTotal:        1844596 kB
MemFree:         1261900 kB
MemAvailable:    1505032 kB
Buffers:           30852 kB
Cached:           342488 kB
MemTotal:        1844596 kB
MemFree:         1261984 kB
MemAvailable:    1505116 kB
Buffers:           30852 kB
Cached:           342488 kB
MemTotal:        1844596 kB
MemFree:         1261964 kB
MemAvailable:    1505096 kB
Buffers:           30852 kB
Cached:           342488 kB
MemTotal:        1844596 kB
MemFree:         1260612 kB
MemAvailable:    1503744 kB
Buffers:           30852 kB
Cached:           342488 kB
MemTotal:        1844596 kB
MemFree:         1261288 kB
MemAvailable:    1504420 kB
Buffers:           30852 kB
Cached:           342488 kB
MemTotal:        1844596 kB
MemFree:         1261512 kB
MemAvailable:    1504644 kB
Buffers:           30852 kB
Cached:           342488 kB
MemTotal:        1844596 kB
MemFree:         1261400 kB
MemAvailable:    1504532 kB
Buffers:           30852 kB
Cached:           342488 kB
MemTotal:        1844596 kB
MemFree:         1260224 kB
MemAvailable:    1503356 kB
Buffers:           30852 kB
Cached:           342488 kB
MemTotal:        1844596 kB
MemFree:         1261500 kB
MemAvailable:    1504632 kB
Buffers:           30852 kB
Cached:           342488 kB
MemTotal:        1844596 kB
MemFree:         1260068 kB
MemAvailable:    1503200 kB
Buffers:           30852 kB
Cached:           342488 kB
MemTotal:        1844596 kB
MemFree:         1260192 kB
MemAvailable:    1503324 kB
Buffers:           30852 kB
Cached:           342488 kB
MemTotal:        1844596 kB
MemFree:         1260192 kB
MemAvailable:    1503324 kB
Buffers:           30852 kB
Cached:           342488 kB
MemTotal:        1844596 kB
MemFree:         1260192 kB
MemAvailable:    1503324 kB
Buffers:           30852 kB
Cached:           342488 kB
MemTotal:        1844596 kB
MemFree:         1260604 kB
MemAvailable:    1503736 kB
Buffers:           30852 kB
Cached:           342488 kB
MemTotal:        1844596 kB
MemFree:         1261348 kB
MemAvailable:    1504484 kB
Buffers:           30852 kB
Cached:           342492 kB
MemTotal:        1844596 kB
MemFree:         1261108 kB
MemAvailable:    1504244 kB
Buffers:           30852 kB
Cached:           342492 kB
MemTotal:        1844596 kB
MemFree:         1261052 kB
MemAvailable:    1504188 kB
Buffers:           30852 kB
Cached:           342492 kB
MemTotal:        1844596 kB
MemFree:         1261232 kB
MemAvailable:    1504368 kB
Buffers:           30852 kB
Cached:           342492 kB
MemTotal:        1844596 kB
MemFree:         1260240 kB
MemAvailable:    1503376 kB
Buffers:           30852 kB
Cached:           342492 kB
MemTotal:        1844596 kB
MemFree:         1261040 kB
MemAvailable:    1504176 kB
Buffers:           30852 kB
Cached:           342492 kB
MemTotal:        1844596 kB
MemFree:         1261040 kB
MemAvailable:    1504176 kB
Buffers:           30852 kB
Cached:           342492 kB
MemTotal:        1844596 kB
MemFree:         1259672 kB
MemAvailable:    1502808 kB
Buffers:           30852 kB
Cached:           342492 kB
MemTotal:        1844596 kB
MemFree:         1259992 kB
MemAvailable:    1503128 kB
Buffers:           30852 kB
Cached:           342492 kB
MemTotal:        1844596 kB
MemFree:         1259820 kB
MemAvailable:    1502956 kB
Buffers:           30852 kB
Cached:           342492 kB
MemTotal:        1844596 kB
MemFree:         1261120 kB
MemAvailable:    1504256 kB
Buffers:           30852 kB
Cached:           342492 kB
MemTotal:        1844596 kB
MemFree:         1261240 kB
MemAvailable:    1504376 kB
Buffers:           30852 kB
Cached:           342492 kB
MemTotal:        1844596 kB
MemFree:         1261048 kB
MemAvailable:    1504184 kB
Buffers:           30852 kB
Cached:           342492 kB
MemTotal:        1844596 kB
MemFree:         1260852 kB
MemAvailable:    1503988 kB
Buffers:           30852 kB
Cached:           342492 kB
MemTotal:        1844596 kB
MemFree:         1261080 kB
MemAvailable:    1504216 kB
Buffers:           30852 kB
Cached:           342492 kB
MemTotal:        1844596 kB
MemFree:         1261336 kB
MemAvailable:    1504472 kB
Buffers:           30852 kB
Cached:           342492 kB
MemTotal:        1844596 kB
MemFree:         1261268 kB
MemAvailable:    1504404 kB
Buffers:           30852 kB
Cached:           342492 kB
MemTotal:        1844596 kB
MemFree:         1259960 kB
MemAvailable:    1503096 kB
Buffers:           30852 kB
Cached:           342492 kB
MemTotal:        1844596 kB
MemFree:         1259984 kB
MemAvailable:    1503120 kB
Buffers:           30852 kB
Cached:           342492 kB
MemTotal:        1844596 kB
MemFree:         1259372 kB
MemAvailable:    1502508 kB
Buffers:           30852 kB
Cached:           342492 kB
MemTotal:        1844596 kB
MemFree:         1259688 kB
MemAvailable:    1502824 kB
Buffers:           30852 kB
Cached:           342492 kB
MemTotal:        1844596 kB
MemFree:         1258440 kB
MemAvailable:    1501576 kB
Buffers:           30852 kB
Cached:           342492 kB
MemTotal:        1844596 kB
MemFree:         1258184 kB
MemAvailable:    1501320 kB
Buffers:           30852 kB
Cached:           342492 kB
MemTotal:        1844596 kB
MemFree:         1257448 kB
MemAvailable:    1500584 kB
Buffers:           30852 kB
Cached:           342492 kB
MemTotal:        1844596 kB
MemFree:         1256084 kB
MemAvailable:    1499220 kB
Buffers:           30852 kB
Cached:           342492 kB
MemTotal:        1844596 kB
MemFree:         1253668 kB
MemAvailable:    1496804 kB
Buffers:           30852 kB
Cached:           342492 kB
MemTotal:        1844596 kB
MemFree:         1251064 kB
MemAvailable:    1494200 kB
Buffers:           30852 kB
Cached:           342492 kB
MemTotal:        1844596 kB
MemFree:         1249204 kB
MemAvailable:    1492340 kB
Buffers:           30852 kB
Cached:           342492 kB
MemTotal:        1844596 kB
MemFree:         1246352 kB
MemAvailable:    1489488 kB
Buffers:           30852 kB
Cached:           342492 kB
MemTotal:        1844596 kB
MemFree:         1242632 kB
MemAvailable:    1485768 kB
Buffers:           30852 kB
Cached:           342492 kB
MemTotal:        1844596 kB
MemFree:         1242820 kB
MemAvailable:    1485956 kB
Buffers:           30852 kB
Cached:           342492 kB
MemTotal:        1844596 kB
MemFree:         1242208 kB
MemAvailable:    1485344 kB
Buffers:           30852 kB
Cached:           342492 kB
MemTotal:        1844596 kB
MemFree:         1242440 kB
MemAvailable:    1485576 kB
Buffers:           30852 kB
Cached:           342492 kB
MemTotal:        1844596 kB
MemFree:         1242428 kB
MemAvailable:    1485564 kB
Buffers:           30852 kB
Cached:           342492 kB
MemTotal:        1844596 kB
MemFree:         1242428 kB
MemAvailable:    1485564 kB
Buffers:           30852 kB
Cached:           342492 kB
MemTotal:        1844596 kB
MemFree:         1240880 kB
MemAvailable:    1484016 kB
Buffers:           30852 kB
Cached:           342492 kB
MemTotal:        1844596 kB
MemFree:         1240708 kB
MemAvailable:    1483844 kB
Buffers:           30852 kB
Cached:           342492 kB
MemTotal:        1844596 kB
MemFree:         1242308 kB
MemAvailable:    1485444 kB
Buffers:           30852 kB
Cached:           342492 kB
MemTotal:        1844596 kB
MemFree:         1242136 kB
MemAvailable:    1485272 kB
Buffers:           30852 kB
Cached:           342492 kB
MemTotal:        1844596 kB
MemFree:         1241956 kB
MemAvailable:    1485092 kB
Buffers:           30852 kB
Cached:           342492 kB
MemTotal:        1844596 kB
MemFree:         1242004 kB
MemAvailable:    1485140 kB
Buffers:           30852 kB
Cached:           342492 kB
MemTotal:        1844596 kB
MemFree:         1240888 kB
MemAvailable:    1484024 kB
Buffers:           30852 kB
Cached:           342492 kB
MemTotal:        1844596 kB
MemFree:         1241764 kB
MemAvailable:    1484900 kB
Buffers:           30852 kB
Cached:           342492 kB
MemTotal:        1844596 kB
MemFree:         1240516 kB
MemAvailable:    1483652 kB
Buffers:           30852 kB
Cached:           342492 kB
MemTotal:        1844596 kB
MemFree:         1241756 kB
MemAvailable:    1484892 kB
Buffers:           30852 kB
Cached:           342492 kB
MemTotal:        1844596 kB
MemFree:         1241756 kB
MemAvailable:    1484892 kB
Buffers:           30852 kB
Cached:           342492 kB
MemTotal:        1844596 kB
MemFree:         1241376 kB
MemAvailable:    1484512 kB
Buffers:           30852 kB
Cached:           342492 kB
MemTotal:        1844596 kB
MemFree:         1241588 kB
MemAvailable:    1484724 kB
Buffers:           30852 kB
Cached:           342492 kB
MemTotal:        1844596 kB
MemFree:         1241372 kB
MemAvailable:    1484508 kB
Buffers:           30852 kB
Cached:           342492 kB
MemTotal:        1844596 kB
MemFree:         1241456 kB
MemAvailable:    1484592 kB
Buffers:           30852 kB
Cached:           342492 kB
MemTotal:        1844596 kB
MemFree:         1241508 kB
MemAvailable:    1484644 kB
Buffers:           30852 kB
Cached:           342492 kB
MemTotal:        1844596 kB
MemFree:         1241592 kB
MemAvailable:    1484728 kB
Buffers:           30852 kB
Cached:           342492 kB
MemTotal:        1844596 kB
MemFree:         1241328 kB
MemAvailable:    1484464 kB
Buffers:           30852 kB
Cached:           342492 kB
MemTotal:        1844596 kB
MemFree:         1241580 kB
MemAvailable:    1484716 kB
Buffers:           30852 kB
Cached:           342492 kB
MemTotal:        1844596 kB
MemFree:         1241532 kB
MemAvailable:    1484676 kB
Buffers:           30852 kB
Cached:           342500 kB
MemTotal:        1844596 kB
MemFree:         1241392 kB
MemAvailable:    1484536 kB
Buffers:           30852 kB
Cached:           342500 kB
MemTotal:        1844596 kB
MemFree:         1241452 kB
MemAvailable:    1484596 kB
Buffers:           30852 kB
Cached:           342500 kB
MemTotal:        1844596 kB
MemFree:         1240648 kB
MemAvailable:    1483792 kB
Buffers:           30852 kB
Cached:           342500 kB
MemTotal:        1844596 kB
MemFree:         1241240 kB
MemAvailable:    1484384 kB
Buffers:           30852 kB
Cached:           342500 kB
MemTotal:        1844596 kB
MemFree:         1241576 kB
MemAvailable:    1484720 kB
Buffers:           30852 kB
Cached:           342500 kB
MemTotal:        1844596 kB
MemFree:         1241192 kB
MemAvailable:    1484336 kB
Buffers:           30852 kB
Cached:           342500 kB
MemTotal:        1844596 kB
MemFree:         1241528 kB
MemAvailable:    1484672 kB
Buffers:           30852 kB
Cached:           342500 kB
MemTotal:        1844596 kB
MemFree:         1241512 kB
MemAvailable:    1484656 kB
Buffers:           30852 kB
Cached:           342500 kB
MemTotal:        1844596 kB
MemFree:         1240328 kB
MemAvailable:    1483472 kB
Buffers:           30852 kB
Cached:           342500 kB
MemTotal:        1844596 kB
MemFree:         1241180 kB
MemAvailable:    1484324 kB
Buffers:           30852 kB
Cached:           342500 kB
MemTotal:        1844596 kB
MemFree:         1241516 kB
MemAvailable:    1484660 kB
Buffers:           30852 kB
Cached:           342500 kB
MemTotal:        1844596 kB
MemFree:         1241308 kB
MemAvailable:    1484452 kB
Buffers:           30852 kB
Cached:           342500 kB
MemTotal:        1844596 kB
MemFree:         1241308 kB
MemAvailable:    1484452 kB
Buffers:           30852 kB
Cached:           342500 kB
MemTotal:        1844596 kB
MemFree:         1240144 kB
MemAvailable:    1483288 kB
Buffers:           30852 kB
Cached:           342500 kB
MemTotal:        1844596 kB
MemFree:         1241392 kB
MemAvailable:    1484536 kB
Buffers:           30852 kB
Cached:           342500 kB
MemTotal:        1844596 kB
MemFree:         1241452 kB
MemAvailable:    1484596 kB
Buffers:           30852 kB
Cached:           342500 kB
MemTotal:        1844596 kB
MemFree:         1240228 kB
MemAvailable:    1483372 kB
Buffers:           30852 kB
Cached:           342500 kB
MemTotal:        1844596 kB
MemFree:         1241020 kB
MemAvailable:    1484164 kB
Buffers:           30852 kB
Cached:           342500 kB
MemTotal:        1844596 kB
MemFree:         1236368 kB
MemAvailable:    1479512 kB
Buffers:           30852 kB
Cached:           342500 kB
MemTotal:        1844596 kB
MemFree:         1232324 kB
MemAvailable:    1475468 kB
Buffers:           30852 kB
Cached:           342500 kB
MemTotal:        1844596 kB
MemFree:         1232412 kB
MemAvailable:    1475556 kB
Buffers:           30852 kB
Cached:           342500 kB
MemTotal:        1844596 kB
MemFree:         1229284 kB
MemAvailable:    1472428 kB
Buffers:           30852 kB
Cached:           342500 kB
MemTotal:        1844596 kB
MemFree:         1226388 kB
MemAvailable:    1469532 kB
Buffers:           30852 kB
Cached:           342500 kB
MemTotal:        1844596 kB
MemFree:         1223892 kB
MemAvailable:    1467036 kB
Buffers:           30852 kB
Cached:           342500 kB
MemTotal:        1844596 kB
MemFree:         1224144 kB
MemAvailable:    1467288 kB
Buffers:           30852 kB
Cached:           342500 kB
MemTotal:        1844596 kB
MemFree:         1223232 kB
MemAvailable:    1466376 kB
Buffers:           30852 kB
Cached:           342500 kB
MemTotal:        1844596 kB
MemFree:         1222616 kB
MemAvailable:    1465760 kB
Buffers:           30852 kB
Cached:           342500 kB
MemTotal:        1844596 kB
MemFree:         1223960 kB
MemAvailable:    1467108 kB
Buffers:           30852 kB
Cached:           342504 kB
MemTotal:        1844596 kB
MemFree:         1222668 kB
MemAvailable:    1465816 kB
Buffers:           30852 kB
Cached:           342504 kB
MemTotal:        1844596 kB
MemFree:         1223792 kB
MemAvailable:    1466940 kB
Buffers:           30852 kB
Cached:           342504 kB
MemTotal:        1844596 kB
MemFree:         1223504 kB
MemAvailable:    1466652 kB
Buffers:           30852 kB
Cached:           342504 kB
MemTotal:        1844596 kB
MemFree:         1223604 kB
MemAvailable:    1466752 kB
Buffers:           30852 kB
Cached:           342504 kB
MemTotal:        1844596 kB
MemFree:         1223720 kB
MemAvailable:    1466868 kB
Buffers:           30852 kB
Cached:           342504 kB
MemTotal:        1844596 kB
MemFree:         1223548 kB
MemAvailable:    1466696 kB
Buffers:           30852 kB
Cached:           342504 kB
MemTotal:        1844596 kB
MemFree:         1223356 kB
MemAvailable:    1466504 kB
Buffers:           30852 kB
Cached:           342504 kB
MemTotal:        1844596 kB
MemFree:         1222960 kB
MemAvailable:    1466108 kB
Buffers:           30852 kB
Cached:           342504 kB
MemTotal:        1844596 kB
MemFree:         1223296 kB
MemAvailable:    1466444 kB
Buffers:           30852 kB
Cached:           342504 kB
MemTotal:        1844596 kB
MemFree:         1223344 kB
MemAvailable:    1466492 kB
Buffers:           30852 kB
Cached:           342504 kB
MemTotal:        1844596 kB
MemFree:         1223124 kB
MemAvailable:    1466272 kB
Buffers:           30852 kB
Cached:           342504 kB
MemTotal:        1844596 kB
MemFree:         1223380 kB
MemAvailable:    1466528 kB
Buffers:           30852 kB
Cached:           342504 kB
MemTotal:        1844596 kB
MemFree:         1222000 kB
MemAvailable:    1465148 kB
Buffers:           30852 kB
Cached:           342504 kB
MemTotal:        1844596 kB
MemFree:         1223068 kB
MemAvailable:    1466216 kB
Buffers:           30852 kB
Cached:           342504 kB
MemTotal:        1844596 kB
MemFree:         1223288 kB
MemAvailable:    1466436 kB
Buffers:           30852 kB
Cached:           342504 kB
MemTotal:        1844596 kB
MemFree:         1223136 kB
MemAvailable:    1466284 kB
Buffers:           30852 kB
Cached:           342504 kB
MemTotal:        1844596 kB
MemFree:         1223472 kB
MemAvailable:    1466620 kB
Buffers:           30852 kB
Cached:           342504 kB
MemTotal:        1844596 kB
MemFree:         1223088 kB
MemAvailable:    1466236 kB
Buffers:           30852 kB
Cached:           342504 kB
MemTotal:        1844596 kB
MemFree:         1223088 kB
MemAvailable:    1466236 kB
Buffers:           30852 kB
Cached:           342504 kB
MemTotal:        1844596 kB
MemFree:         1223024 kB
MemAvailable:    1466172 kB
Buffers:           30852 kB
Cached:           342504 kB
MemTotal:        1844596 kB
MemFree:         1223192 kB
MemAvailable:    1466340 kB
Buffers:           30852 kB
Cached:           342504 kB
MemTotal:        1844596 kB
MemFree:         1221908 kB
MemAvailable:    1465056 kB
Buffers:           30852 kB
Cached:           342504 kB
MemTotal:        1844596 kB
MemFree:         1223232 kB
MemAvailable:    1466380 kB
Buffers:           30852 kB
Cached:           342504 kB
MemTotal:        1844596 kB
MemFree:         1222028 kB
MemAvailable:    1465176 kB
Buffers:           30852 kB
Cached:           342504 kB
MemTotal:        1844596 kB
MemFree:         1223064 kB
MemAvailable:    1466212 kB
Buffers:           30852 kB
Cached:           342504 kB
MemTotal:        1844596 kB
MemFree:         1223280 kB
MemAvailable:    1466428 kB
Buffers:           30852 kB
Cached:           342504 kB
MemTotal:        1844596 kB
MemFree:         1223184 kB
MemAvailable:    1466332 kB
Buffers:           30852 kB
Cached:           342504 kB
MemTotal:        1844596 kB
MemFree:         1222668 kB
MemAvailable:    1465816 kB
Buffers:           30852 kB
Cached:           342504 kB
MemTotal:        1844596 kB
MemFree:         1221984 kB
MemAvailable:    1465132 kB
Buffers:           30852 kB
Cached:           342504 kB
MemTotal:        1844596 kB
MemFree:         1222116 kB
MemAvailable:    1465264 kB
Buffers:           30852 kB
Cached:           342504 kB
MemTotal:        1844596 kB
MemFree:         1223232 kB
MemAvailable:    1466380 kB
Buffers:           30852 kB
Cached:           342504 kB
MemTotal:        1844596 kB
MemFree:         1223204 kB
MemAvailable:    1466352 kB
Buffers:           30852 kB
Cached:           342504 kB
MemTotal:        1844596 kB
MemFree:         1223228 kB
MemAvailable:    1466376 kB
Buffers:           30852 kB
Cached:           342504 kB
MemTotal:        1844596 kB
MemFree:         1221040 kB
MemAvailable:    1464188 kB
Buffers:           30852 kB
Cached:           342504 kB
MemTotal:        1844596 kB
MemFree:         1220508 kB
MemAvailable:    1463656 kB
Buffers:           30852 kB
Cached:           342504 kB
MemTotal:        1844596 kB
MemFree:         1216080 kB
MemAvailable:    1459228 kB
Buffers:           30852 kB
Cached:           342504 kB
MemTotal:        1844596 kB
MemFree:         1216040 kB
MemAvailable:    1459188 kB
Buffers:           30852 kB
Cached:           342504 kB
MemTotal:        1844596 kB
MemFree:         1210384 kB
MemAvailable:    1453532 kB
Buffers:           30852 kB
Cached:           342504 kB
MemTotal:        1844596 kB
MemFree:         1207972 kB
MemAvailable:    1451120 kB
Buffers:           30852 kB
Cached:           342504 kB
MemTotal:        1844596 kB
MemFree:         1204812 kB
MemAvailable:    1447960 kB
Buffers:           30852 kB
Cached:           342504 kB
MemTotal:        1844596 kB
MemFree:         1205548 kB
MemAvailable:    1448696 kB
Buffers:           30852 kB
Cached:           342504 kB
MemTotal:        1844596 kB
MemFree:         1205632 kB
MemAvailable:    1448780 kB
Buffers:           30852 kB
Cached:           342504 kB
MemTotal:        1844596 kB
MemFree:         1205532 kB
MemAvailable:    1448680 kB
Buffers:           30852 kB
Cached:           342504 kB
MemTotal:        1844596 kB
MemFree:         1205784 kB
MemAvailable:    1448932 kB
Buffers:           30852 kB
Cached:           342504 kB
MemTotal:        1844596 kB
MemFree:         1205668 kB
MemAvailable:    1448816 kB
Buffers:           30852 kB
Cached:           342504 kB
MemTotal:        1844596 kB
MemFree:         1205488 kB
MemAvailable:    1448636 kB
Buffers:           30852 kB
Cached:           342504 kB
MemTotal:        1844596 kB
MemFree:         1205744 kB
MemAvailable:    1448892 kB
Buffers:           30852 kB
Cached:           342504 kB
MemTotal:        1844596 kB
MemFree:         1205548 kB
MemAvailable:    1448696 kB
Buffers:           30852 kB
Cached:           342504 kB
MemTotal:        1844596 kB
MemFree:         1205600 kB
MemAvailable:    1448748 kB
Buffers:           30852 kB
Cached:           342504 kB
MemTotal:        1844596 kB
MemFree:         1205768 kB
MemAvailable:    1448916 kB
Buffers:           30852 kB
Cached:           342504 kB
MemTotal:        1844596 kB
MemFree:         1205908 kB
MemAvailable:    1449056 kB
Buffers:           30852 kB
Cached:           342504 kB
MemTotal:        1844596 kB
MemFree:         1205804 kB
MemAvailable:    1448952 kB
Buffers:           30856 kB
Cached:           342500 kB
MemTotal:        1844596 kB
MemFree:         1205936 kB
MemAvailable:    1449096 kB
Buffers:           30856 kB
Cached:           342512 kB
MemTotal:        1844596 kB
MemFree:         1204944 kB
MemAvailable:    1448104 kB
Buffers:           30856 kB
Cached:           342512 kB
MemTotal:        1844596 kB
MemFree:         1205676 kB
MemAvailable:    1448836 kB
Buffers:           30856 kB
Cached:           342512 kB
MemTotal:        1844596 kB
MemFree:         1204552 kB
MemAvailable:    1447712 kB
Buffers:           30856 kB
Cached:           342512 kB
MemTotal:        1844596 kB
MemFree:         1205604 kB
MemAvailable:    1448764 kB
Buffers:           30856 kB
Cached:           342512 kB
MemTotal:        1844596 kB
MemFree:         1204428 kB
MemAvailable:    1447588 kB
Buffers:           30856 kB
Cached:           342512 kB
MemTotal:        1844596 kB
MemFree:         1205728 kB
MemAvailable:    1448888 kB
Buffers:           30856 kB
Cached:           342512 kB
MemTotal:        1844596 kB
MemFree:         1205688 kB
MemAvailable:    1448848 kB
Buffers:           30856 kB
Cached:           342512 kB
MemTotal:        1844596 kB
MemFree:         1205376 kB
MemAvailable:    1448536 kB
Buffers:           30856 kB
Cached:           342512 kB
MemTotal:        1844596 kB
MemFree:         1205460 kB
MemAvailable:    1448620 kB
Buffers:           30856 kB
Cached:           342512 kB
MemTotal:        1844596 kB
MemFree:         1205004 kB
MemAvailable:    1448164 kB
Buffers:           30856 kB
Cached:           342512 kB
MemTotal:        1844596 kB
MemFree:         1204076 kB
MemAvailable:    1447236 kB
Buffers:           30856 kB
Cached:           342512 kB
MemTotal:        1844596 kB
MemFree:         1204744 kB
MemAvailable:    1447904 kB
Buffers:           30856 kB
Cached:           342512 kB
MemTotal:        1844596 kB
MemFree:         1203520 kB
MemAvailable:    1446680 kB
Buffers:           30856 kB
Cached:           342512 kB
MemTotal:        1844596 kB
MemFree:         1203396 kB
MemAvailable:    1446556 kB
Buffers:           30856 kB
Cached:           342512 kB
MemTotal:        1844596 kB
MemFree:         1204496 kB
MemAvailable:    1447656 kB
Buffers:           30856 kB
Cached:           342512 kB
MemTotal:        1844596 kB
MemFree:         1204496 kB
MemAvailable:    1447656 kB
Buffers:           30856 kB
Cached:           342512 kB
MemTotal:        1844596 kB
MemFree:         1201828 kB
MemAvailable:    1444988 kB
Buffers:           30856 kB
Cached:           342512 kB
MemTotal:        1844596 kB
MemFree:         1201956 kB
MemAvailable:    1445116 kB
Buffers:           30856 kB
Cached:           342512 kB
MemTotal:        1844596 kB
MemFree:         1197124 kB
MemAvailable:    1440284 kB
Buffers:           30856 kB
Cached:           342512 kB
MemTotal:        1844596 kB
MemFree:         1197256 kB
MemAvailable:    1440416 kB
Buffers:           30856 kB
Cached:           342512 kB
MemTotal:        1844596 kB
MemFree:         1193984 kB
MemAvailable:    1437144 kB
Buffers:           30856 kB
Cached:           342512 kB
MemTotal:        1844596 kB
MemFree:         1190684 kB
MemAvailable:    1433844 kB
Buffers:           30856 kB
Cached:           342512 kB
MemTotal:        1844596 kB
MemFree:         1188824 kB
MemAvailable:    1431988 kB
Buffers:           30856 kB
Cached:           342516 kB
MemTotal:        1844596 kB
MemFree:         1185660 kB
MemAvailable:    1428824 kB
Buffers:           30856 kB
Cached:           342516 kB
MemTotal:        1844596 kB
MemFree:         1184320 kB
MemAvailable:    1427484 kB
Buffers:           30856 kB
Cached:           342516 kB
MemTotal:        1844596 kB
MemFree:         1182120 kB
MemAvailable:    1425284 kB
Buffers:           30856 kB
Cached:           342516 kB
MemTotal:        1844596 kB
MemFree:         1181136 kB
MemAvailable:    1424300 kB
Buffers:           30856 kB
Cached:           342516 kB
MemTotal:        1844596 kB
MemFree:         1178888 kB
MemAvailable:    1422052 kB
Buffers:           30856 kB
Cached:           342516 kB
MemTotal:        1844596 kB
MemFree:         1178972 kB
MemAvailable:    1422136 kB
Buffers:           30856 kB
Cached:           342516 kB
MemTotal:        1844596 kB
MemFree:         1176664 kB
MemAvailable:    1419828 kB
Buffers:           30856 kB
Cached:           342516 kB
MemTotal:        1844596 kB
MemFree:         1173192 kB
MemAvailable:    1416356 kB
Buffers:           30856 kB
Cached:           342516 kB
MemTotal:        1844596 kB
MemFree:         1174252 kB
MemAvailable:    1417416 kB
Buffers:           30856 kB
Cached:           342516 kB
MemTotal:        1844596 kB
MemFree:         1173796 kB
MemAvailable:    1416960 kB
Buffers:           30856 kB
Cached:           342516 kB
MemTotal:        1844596 kB
MemFree:         1173880 kB
MemAvailable:    1417044 kB
Buffers:           30856 kB
Cached:           342516 kB
MemTotal:        1844596 kB
MemFree:         1174000 kB
MemAvailable:    1417164 kB
Buffers:           30856 kB
Cached:           342516 kB
MemTotal:        1844596 kB
MemFree:         1173448 kB
MemAvailable:    1416612 kB
Buffers:           30856 kB
Cached:           342516 kB
MemTotal:        1844596 kB
MemFree:         1173800 kB
MemAvailable:    1416964 kB
Buffers:           30856 kB
Cached:           342516 kB
MemTotal:        1844596 kB
MemFree:         1174056 kB
MemAvailable:    1417220 kB
Buffers:           30856 kB
Cached:           342516 kB
MemTotal:        1844596 kB
MemFree:         1172644 kB
MemAvailable:    1415808 kB
Buffers:           30856 kB
Cached:           342516 kB
MemTotal:        1844596 kB
MemFree:         1172768 kB
MemAvailable:    1415932 kB
Buffers:           30856 kB
Cached:           342516 kB
MemTotal:        1844596 kB
MemFree:         1172512 kB
MemAvailable:    1415676 kB
Buffers:           30856 kB
Cached:           342516 kB
MemTotal:        1844596 kB
MemFree:         1172820 kB
MemAvailable:    1415984 kB
Buffers:           30856 kB
Cached:           342516 kB
MemTotal:        1844596 kB
MemFree:         1172820 kB
MemAvailable:    1415984 kB
Buffers:           30856 kB
Cached:           342516 kB
MemTotal:        1844596 kB
MemFree:         1172716 kB
MemAvailable:    1415880 kB
Buffers:           30856 kB
Cached:           342516 kB
MemTotal:        1844596 kB
MemFree:         1171412 kB
MemAvailable:    1414576 kB
Buffers:           30856 kB
Cached:           342516 kB
MemTotal:        1844596 kB
MemFree:         1171404 kB
MemAvailable:    1414568 kB
Buffers:           30856 kB
Cached:           342516 kB
MemTotal:        1844596 kB
MemFree:         1172580 kB
MemAvailable:    1415744 kB
Buffers:           30856 kB
Cached:           342516 kB
MemTotal:        1844596 kB
MemFree:         1172248 kB
MemAvailable:    1415412 kB
Buffers:           30856 kB
Cached:           342516 kB
MemTotal:        1844596 kB
MemFree:         1172332 kB
MemAvailable:    1415316 kB
Buffers:           30856 kB
Cached:           342516 kB
MemTotal:        1844596 kB
MemFree:         1172076 kB
MemAvailable:    1415240 kB
Buffers:           30856 kB
Cached:           342516 kB
MemTotal:        1844596 kB
MemFree:         1172044 kB
MemAvailable:    1415208 kB
Buffers:           30856 kB
Cached:           342516 kB
MemTotal:        1844596 kB
MemFree:         1171960 kB
MemAvailable:    1415124 kB
Buffers:           30856 kB
Cached:           342516 kB
MemTotal:        1844596 kB
MemFree:         1171656 kB
MemAvailable:    1414820 kB
Buffers:           30856 kB
Cached:           342516 kB
MemTotal:        1844596 kB
MemFree:         1171648 kB
MemAvailable:    1414812 kB
Buffers:           30856 kB
Cached:           342516 kB
MemTotal:        1844596 kB
MemFree:         1170224 kB
MemAvailable:    1413388 kB
Buffers:           30856 kB
Cached:           342516 kB
MemTotal:        1844596 kB
MemFree:         1170092 kB
MemAvailable:    1413256 kB
Buffers:           30856 kB
Cached:           342516 kB
MemTotal:        1844596 kB
MemFree:         1170656 kB
MemAvailable:    1413820 kB
Buffers:           30856 kB
Cached:           342516 kB
MemTotal:        1844596 kB
MemFree:         1169232 kB
MemAvailable:    1412396 kB
Buffers:           30856 kB
Cached:           342516 kB
MemTotal:        1844596 kB
MemFree:         1169920 kB
MemAvailable:    1413084 kB
Buffers:           30856 kB
Cached:           342516 kB
MemTotal:        1844596 kB
MemFree:         1169780 kB
MemAvailable:    1412944 kB
Buffers:           30856 kB
Cached:           342516 kB
MemTotal:        1844596 kB
MemFree:         1169592 kB
MemAvailable:    1412756 kB
Buffers:           30856 kB
Cached:           342516 kB
MemTotal:        1844596 kB
MemFree:         1168452 kB
MemAvailable:    1411616 kB
Buffers:           30856 kB
Cached:           342516 kB
MemTotal:        1844596 kB
MemFree:         1169684 kB
MemAvailable:    1412848 kB
Buffers:           30856 kB
Cached:           342516 kB
MemTotal:        1844596 kB
MemFree:         1168452 kB
MemAvailable:    1411616 kB
Buffers:           30856 kB
Cached:           342516 kB
MemTotal:        1844596 kB
MemFree:         1169752 kB
MemAvailable:    1412916 kB
Buffers:           30856 kB
Cached:           342516 kB
MemTotal:        1844596 kB
MemFree:         1169552 kB
MemAvailable:    1412716 kB
Buffers:           30856 kB
Cached:           342516 kB
MemTotal:        1844596 kB
MemFree:         1169604 kB
MemAvailable:    1412768 kB
Buffers:           30856 kB
Cached:           342516 kB
MemTotal:        1844596 kB
MemFree:         1169584 kB
MemAvailable:    1412748 kB
Buffers:           30856 kB
Cached:           342516 kB
MemTotal:        1844596 kB
MemFree:         1169836 kB
MemAvailable:    1413000 kB
Buffers:           30856 kB
Cached:           342516 kB
MemTotal:        1844596 kB
MemFree:         1168480 kB
MemAvailable:    1411644 kB
Buffers:           30856 kB
Cached:           342516 kB
MemTotal:        1844596 kB
MemFree:         1169680 kB
MemAvailable:    1412844 kB
Buffers:           30856 kB
Cached:           342516 kB
MemTotal:        1844596 kB
MemFree:         1168308 kB
MemAvailable:    1411472 kB
Buffers:           30856 kB
Cached:           342516 kB
MemTotal:        1844596 kB
MemFree:         1169608 kB
MemAvailable:    1412772 kB
Buffers:           30856 kB
Cached:           342516 kB
MemTotal:        1844596 kB
MemFree:         1169576 kB
MemAvailable:    1412740 kB
Buffers:           30856 kB
Cached:           342516 kB
MemTotal:        1844596 kB
MemFree:         1169576 kB
MemAvailable:    1412740 kB
Buffers:           30856 kB
Cached:           342516 kB
MemTotal:        1844596 kB
MemFree:         1168408 kB
MemAvailable:    1411572 kB
Buffers:           30856 kB
Cached:           342516 kB
MemTotal:        1844596 kB
MemFree:         1168852 kB
MemAvailable:    1412016 kB
Buffers:           30856 kB
Cached:           342516 kB
MemTotal:        1844596 kB
MemFree:         1169976 kB
MemAvailable:    1413144 kB
Buffers:           30856 kB
Cached:           342520 kB
MemTotal:        1844596 kB
MemFree:         1168860 kB
MemAvailable:    1412028 kB
Buffers:           30856 kB
Cached:           342520 kB
MemTotal:        1844596 kB
MemFree:         1169748 kB
MemAvailable:    1412916 kB
Buffers:           30856 kB
Cached:           342520 kB
MemTotal:        1844596 kB
MemFree:         1169464 kB
MemAvailable:    1412632 kB
Buffers:           30856 kB
Cached:           342520 kB
MemTotal:        1844596 kB
MemFree:         1169800 kB
MemAvailable:    1412968 kB
Buffers:           30856 kB
Cached:           342520 kB
MemTotal:        1844596 kB
MemFree:         1169616 kB
MemAvailable:    1412784 kB
Buffers:           30856 kB
Cached:           342520 kB
MemTotal:        1844596 kB
MemFree:         1168852 kB
MemAvailable:    1412020 kB
Buffers:           30856 kB
Cached:           342520 kB
MemTotal:        1844596 kB
MemFree:         1169852 kB
MemAvailable:    1413024 kB
Buffers:           30856 kB
Cached:           342524 kB
MemTotal:        1844596 kB
MemFree:         1168736 kB
MemAvailable:    1411908 kB
Buffers:           30856 kB
Cached:           342524 kB
MemTotal:        1844596 kB
MemFree:         1169452 kB
MemAvailable:    1412624 kB
Buffers:           30856 kB
Cached:           342524 kB
MemTotal:        1844596 kB
MemFree:         1169788 kB
MemAvailable:    1412960 kB
Buffers:           30856 kB
Cached:           342524 kB
MemTotal:        1844596 kB
MemFree:         1169628 kB
MemAvailable:    1412800 kB
Buffers:           30856 kB
Cached:           342524 kB
MemTotal:        1844596 kB
MemFree:         1169664 kB
MemAvailable:    1412836 kB
Buffers:           30856 kB
Cached:           342524 kB
MemTotal:        1844596 kB
MemFree:         1169464 kB
MemAvailable:    1412636 kB
Buffers:           30856 kB
Cached:           342524 kB
MemTotal:        1844596 kB
MemFree:         1169800 kB
MemAvailable:    1412972 kB
Buffers:           30856 kB
Cached:           342524 kB
MemTotal:        1844596 kB
MemFree:         1169588 kB
MemAvailable:    1412760 kB
Buffers:           30856 kB
Cached:           342524 kB
MemTotal:        1844596 kB
MemFree:         1169640 kB
MemAvailable:    1412812 kB
Buffers:           30856 kB
Cached:           342524 kB
MemTotal:        1844596 kB
MemFree:         1169556 kB
MemAvailable:    1412728 kB
Buffers:           30856 kB
Cached:           342524 kB
MemTotal:        1844596 kB
MemFree:         1168984 kB
MemAvailable:    1412156 kB
Buffers:           30856 kB
Cached:           342524 kB
MemTotal:        1844596 kB
MemFree:         1168300 kB
MemAvailable:    1411472 kB
Buffers:           30856 kB
Cached:           342524 kB
MemTotal:        1844596 kB
MemFree:         1169608 kB
MemAvailable:    1412780 kB
Buffers:           30856 kB
Cached:           342524 kB
MemTotal:        1844596 kB
MemFree:         1168860 kB
MemAvailable:    1412032 kB
Buffers:           30856 kB
Cached:           342524 kB
MemTotal:        1844596 kB
MemFree:         1169736 kB
MemAvailable:    1412908 kB
Buffers:           30856 kB
Cached:           342524 kB
MemTotal:        1844596 kB
MemFree:         1168428 kB
MemAvailable:    1411600 kB
Buffers:           30856 kB
Cached:           342524 kB
MemTotal:        1844596 kB
MemFree:         1167556 kB
MemAvailable:    1410728 kB
Buffers:           30856 kB
Cached:           342524 kB
MemTotal:        1844596 kB
MemFree:         1165124 kB
MemAvailable:    1408296 kB
Buffers:           30856 kB
Cached:           342524 kB
MemTotal:        1844596 kB
MemFree:         1164344 kB
MemAvailable:    1407516 kB
Buffers:           30856 kB
Cached:           342524 kB
MemTotal:        1844596 kB
MemFree:         1163024 kB
MemAvailable:    1406196 kB
Buffers:           30856 kB
Cached:           342524 kB
MemTotal:        1844596 kB
MemFree:         1163024 kB
MemAvailable:    1406196 kB
Buffers:           30856 kB
Cached:           342524 kB
MemTotal:        1844596 kB
MemFree:         1162720 kB
MemAvailable:    1405892 kB
Buffers:           30856 kB
Cached:           342524 kB
MemTotal:        1844596 kB
MemFree:         1161668 kB
MemAvailable:    1404840 kB
Buffers:           30856 kB
Cached:           342524 kB
MemTotal:        1844596 kB
MemFree:         1163024 kB
MemAvailable:    1406196 kB
Buffers:           30856 kB
Cached:           342524 kB
MemTotal:        1844596 kB
MemFree:         1162288 kB
MemAvailable:    1405460 kB
Buffers:           30856 kB
Cached:           342524 kB
MemTotal:        1844596 kB
MemFree:         1162712 kB
MemAvailable:    1405884 kB
Buffers:           30856 kB
Cached:           342524 kB
MemTotal:        1844596 kB
MemFree:         1163048 kB
MemAvailable:    1406220 kB
Buffers:           30856 kB
Cached:           342524 kB
MemTotal:        1844596 kB
MemFree:         1162832 kB
MemAvailable:    1406004 kB
Buffers:           30856 kB
Cached:           342524 kB
MemTotal:        1844596 kB
MemFree:         1163084 kB
MemAvailable:    1406256 kB
Buffers:           30856 kB
Cached:           342524 kB
MemTotal:        1844596 kB
MemFree:         1161528 kB
MemAvailable:    1404700 kB
Buffers:           30856 kB
Cached:           342524 kB
MemTotal:        1844596 kB
MemFree:         1161728 kB
MemAvailable:    1404900 kB
Buffers:           30856 kB
Cached:           342524 kB
MemTotal:        1844596 kB
MemFree:         1161604 kB
MemAvailable:    1404776 kB
Buffers:           30856 kB
Cached:           342524 kB
MemTotal:        1844596 kB
MemFree:         1162904 kB
MemAvailable:    1406160 kB
Buffers:           30856 kB
Cached:           342648 kB
MemTotal:        1844596 kB
MemFree:         1162648 kB
MemAvailable:    1405988 kB
Buffers:           30856 kB
Cached:           342648 kB
MemTotal:        1844596 kB
MemFree:         1162516 kB
MemAvailable:    1405940 kB
Buffers:           30856 kB
Cached:           342896 kB
MemTotal:        1844596 kB
MemFree:         1162516 kB
MemAvailable:    1406108 kB
Buffers:           30856 kB
Cached:           342896 kB
MemTotal:        1844596 kB
MemFree:         1162664 kB
MemAvailable:    1406340 kB
Buffers:           30856 kB
Cached:           343020 kB
MemTotal:        1844596 kB
MemFree:         1161288 kB
MemAvailable:    1404964 kB
Buffers:           30856 kB
Cached:           343020 kB
MemTotal:        1844596 kB
MemFree:         1162328 kB
MemAvailable:    1406004 kB
Buffers:           30856 kB
Cached:           343020 kB
MemTotal:        1844596 kB
MemFree:         1162124 kB
MemAvailable:    1405884 kB
Buffers:           30856 kB
Cached:           343144 kB
MemTotal:        1844596 kB
MemFree:         1162208 kB
MemAvailable:    1405968 kB
Buffers:           30856 kB
Cached:           343144 kB
MemTotal:        1844596 kB
MemFree:         1162168 kB
MemAvailable:    1405928 kB
Buffers:           30856 kB
Cached:           343144 kB
MemTotal:        1844596 kB
MemFree:         1161964 kB
MemAvailable:    1405724 kB
Buffers:           30856 kB
Cached:           343144 kB
MemTotal:        1844596 kB
MemFree:         1161668 kB
MemAvailable:    1405428 kB
Buffers:           30856 kB
Cached:           343144 kB
MemTotal:        1844596 kB
MemFree:         1162224 kB
MemAvailable:    1405984 kB
Buffers:           30856 kB
Cached:           343144 kB
MemTotal:        1844596 kB
MemFree:         1162100 kB
MemAvailable:    1405860 kB
Buffers:           30856 kB
Cached:           343144 kB
MemTotal:        1844596 kB
MemFree:         1160924 kB
MemAvailable:    1404684 kB
Buffers:           30856 kB
Cached:           343144 kB
MemTotal:        1844596 kB
MemFree:         1161288 kB
MemAvailable:    1405132 kB
Buffers:           30856 kB
Cached:           343268 kB
MemTotal:        1844596 kB
MemFree:         1161892 kB
MemAvailable:    1405164 kB
Buffers:           30856 kB
Cached:           342612 kB
MemTotal:        1844596 kB
MemFree:         1161852 kB
MemAvailable:    1405124 kB
Buffers:           30856 kB
Cached:           342612 kB
MemTotal:        1844596 kB
MemFree:         1293276 kB
MemAvailable:    1536548 kB
Buffers:           30856 kB
Cached:           342612 kB
MemTotal:        1844596 kB
MemFree:         1240220 kB
MemAvailable:    1483492 kB
Buffers:           30856 kB
Cached:           342612 kB
