MemTotal:        1844596 kB
MemFree:         1361212 kB
MemAvailable:    1602312 kB
Buffers:           30552 kB
Cached:           340828 kB
MemTotal:        1844596 kB
MemFree:         1333460 kB
MemAvailable:    1574568 kB
Buffers:           30552 kB
Cached:           340832 kB
MemTotal:        1844596 kB
MemFree:         1332460 kB
MemAvailable:    1573568 kB
Buffers:           30552 kB
Cached:           340832 kB
MemTotal:        1844596 kB
MemFree:         1331536 kB
MemAvailable:    1572644 kB
Buffers:           30552 kB
Cached:           340832 kB
MemTotal:        1844596 kB
MemFree:         1330484 kB
MemAvailable:    1571592 kB
Buffers:           30552 kB
Cached:           340832 kB
MemTotal:        1844596 kB
MemFree:         1330544 kB
MemAvailable:    1571652 kB
Buffers:           30552 kB
Cached:           340832 kB
MemTotal:        1844596 kB
MemFree:         1330288 kB
MemAvailable:    1571396 kB
Buffers:           30552 kB
Cached:           340832 kB
MemTotal:        1844596 kB
MemFree:         1329740 kB
MemAvailable:    1570848 kB
Buffers:           30552 kB
Cached:           340832 kB
MemTotal:        1844596 kB
MemFree:         1327112 kB
MemAvailable:    1568220 kB
Buffers:           30552 kB
Cached:           340832 kB
MemTotal:        1844596 kB
MemFree:         1326516 kB
MemAvailable:    1567624 kB
Buffers:           30552 kB
Cached:           340832 kB
MemTotal:        1844596 kB
MemFree:         1324472 kB
MemAvailable:    1565580 kB
Buffers:           30552 kB
Cached:           340832 kB
MemTotal:        1844596 kB
MemFree:         1321928 kB
MemAvailable:    1563036 kB
Buffers:           30552 kB
Cached:           340832 kB
MemTotal:        1844596 kB
MemFree:         1319900 kB
MemAvailable:    1561008 kB
Buffers:           30552 kB
Cached:           340832 kB
MemTotal:        1844596 kB
MemFree:         1320236 kB
MemAvailable:    1561344 kB
Buffers:           30552 kB
Cached:           340832 kB
MemTotal:        1844596 kB
MemFree:         1320280 kB
MemAvailable:    1561388 kB
Buffers:           30552 kB
Cached:           340832 kB
MemTotal:        1844596 kB
MemFree:         1319688 kB
MemAvailable:    1560796 kB
Buffers:           30552 kB
Cached:           340832 kB
MemTotal:        1844596 kB
MemFree:         1319688 kB
MemAvailable:    1560796 kB
Buffers:           30552 kB
Cached:           340832 kB
MemTotal:        1844596 kB
MemFree:         1320052 kB
MemAvailable:    1561160 kB
Buffers:           30552 kB
Cached:           340832 kB
MemTotal:        1844596 kB
MemFree:         1320052 kB
MemAvailable:    1561160 kB
Buffers:           30552 kB
Cached:           340832 kB
MemTotal:        1844596 kB
MemFree:         1319624 kB
MemAvailable:    1560732 kB
Buffers:           30552 kB
Cached:           340832 kB
MemTotal:        1844596 kB
MemFree:         1319960 kB
MemAvailable:    1561068 kB
Buffers:           30552 kB
Cached:           340832 kB
MemTotal:        1844596 kB
MemFree:         1318764 kB
MemAvailable:    1559872 kB
Buffers:           30552 kB
Cached:           340832 kB
MemTotal:        1844596 kB
MemFree:         1318516 kB
MemAvailable:    1559624 kB
Buffers:           30552 kB
Cached:           340832 kB
MemTotal:        1844596 kB
MemFree:         1319660 kB
MemAvailable:    1560768 kB
Buffers:           30552 kB
Cached:           340832 kB
MemTotal:        1844596 kB
MemFree:         1318580 kB
MemAvailable:    1559688 kB
Buffers:           30552 kB
Cached:           340832 kB
MemTotal:        1844596 kB
MemFree:         1319308 kB
MemAvailable:    1560416 kB
Buffers:           30552 kB
Cached:           340832 kB
MemTotal:        1844596 kB
MemFree:         1319644 kB
MemAvailable:    1560752 kB
Buffers:           30552 kB
Cached:           340832 kB
MemTotal:        1844596 kB
MemFree:         1318904 kB
MemAvailable:    1560012 kB
Buffers:           30552 kB
Cached:           340832 kB
MemTotal:        1844596 kB
MemFree:         1318740 kB
MemAvailable:    1559848 kB
Buffers:           30552 kB
Cached:           340832 kB
MemTotal:        1844596 kB
MemFree:         1318716 kB
MemAvailable:    1559824 kB
Buffers:           30552 kB
Cached:           340832 kB
MemTotal:        1844596 kB
MemFree:         1318456 kB
MemAvailable:    1559564 kB
Buffers:           30552 kB
Cached:           340832 kB
MemTotal:        1844596 kB
MemFree:         1318324 kB
MemAvailable:    1559432 kB
Buffers:           30552 kB
Cached:           340832 kB
MemTotal:        1844596 kB
MemFree:         1318020 kB
MemAvailable:    1559128 kB
Buffers:           30552 kB
Cached:           340832 kB
MemTotal:        1844596 kB
MemFree:         1317376 kB
MemAvailable:    1558484 kB
Buffers:           30552 kB
Cached:           340832 kB
MemTotal:        1844596 kB
MemFree:         1317376 kB
MemAvailable:    1558484 kB
Buffers:           30552 kB
Cached:           340832 kB
MemTotal:        1844596 kB
MemFree:         1317068 kB
MemAvailable:    1558176 kB
Buffers:           30552 kB
Cached:           340832 kB
MemTotal:        1844596 kB
MemFree:         1317404 kB
MemAvailable:    1558512 kB
Buffers:           30552 kB
Cached:           340832 kB
MemTotal:        1844596 kB
MemFree:         1317152 kB
MemAvailable:    1558260 kB
Buffers:           30552 kB
Cached:           340832 kB
MemTotal:        1844596 kB
MemFree:         1316728 kB
MemAvailable:    1557836 kB
Buffers:           30552 kB
Cached:           340832 kB
MemTotal:        1844596 kB
MemFree:         1317028 kB
MemAvailable:    1558136 kB
Buffers:           30552 kB
Cached:           340832 kB
MemTotal:        1844596 kB
MemFree:         1317364 kB
MemAvailable:    1558472 kB
Buffers:           30552 kB
Cached:           340832 kB
MemTotal:        1844596 kB
MemFree:         1317264 kB
MemAvailable:    1558372 kB
Buffers:           30552 kB
Cached:           340832 kB
MemTotal:        1844596 kB
MemFree:         1316348 kB
MemAvailable:    1557456 kB
Buffers:           30552 kB
Cached:           340832 kB
MemTotal:        1844596 kB
MemFree:         1318360 kB
MemAvailable:    1559468 kB
Buffers:           30552 kB
Cached:           340832 kB
MemTotal:        1844596 kB
MemFree:         1318360 kB
MemAvailable:    1559468 kB
Buffers:           30552 kB
Cached:           340832 kB
MemTotal:        1844596 kB
MemFree:         1316036 kB
MemAvailable:    1557144 kB
Buffers:           30552 kB
Cached:           340832 kB
MemTotal:        1844596 kB
MemFree:         1313496 kB
MemAvailable:    1554604 kB
Buffers:           30552 kB
Cached:           340832 kB
MemTotal:        1844596 kB
MemFree:         1312132 kB
MemAvailable:    1553240 kB
Buffers:           30552 kB
Cached:           340832 kB
MemTotal:        1844596 kB
MemFree:         1312452 kB
MemAvailable:    1553560 kB
Buffers:           30552 kB
Cached:           340832 kB
MemTotal:        1844596 kB
MemFree:         1311808 kB
MemAvailable:    1552916 kB
Buffers:           30552 kB
Cached:           340832 kB
MemTotal:        1844596 kB
MemFree:         1311940 kB
MemAvailable:    1553048 kB
Buffers:           30552 kB
Cached:           340832 kB
MemTotal:        1844596 kB
MemFree:         1313216 kB
MemAvailable:    1554328 kB
Buffers:           30552 kB
Cached:           340836 kB
MemTotal:        1844596 kB
MemFree:         1313216 kB
MemAvailable:    1554328 kB
Buffers:           30552 kB
Cached:           340836 kB
MemTotal:        1844596 kB
MemFree:         1312884 kB
MemAvailable:    1553996 kB
Buffers:           30552 kB
Cached:           340836 kB
MemTotal:        1844596 kB
MemFree:         1312884 kB
MemAvailable:    1553996 kB
Buffers:           30552 kB
Cached:           340836 kB
MemTotal:        1844596 kB
MemFree:         1312828 kB
MemAvailable:    1553940 kB
Buffers:           30552 kB
Cached:           340836 kB
MemTotal:        1844596 kB
MemFree:         1312656 kB
MemAvailable:    1553768 kB
Buffers:           30552 kB
Cached:           340836 kB
MemTotal:        1844596 kB
MemFree:         1311476 kB
MemAvailable:    1552588 kB
Buffers:           30552 kB
Cached:           340836 kB
MemTotal:        1844596 kB
MemFree:         1312032 kB
MemAvailable:    1553144 kB
Buffers:           30552 kB
Cached:           340836 kB
MemTotal:        1844596 kB
MemFree:         1312584 kB
MemAvailable:    1553696 kB
Buffers:           30552 kB
Cached:           340836 kB
MemTotal:        1844596 kB
MemFree:         1312584 kB
MemAvailable:    1553696 kB
Buffers:           30552 kB
Cached:           340836 kB
MemTotal:        1844596 kB
MemFree:         1312728 kB
MemAvailable:    1553840 kB
Buffers:           30552 kB
Cached:           340836 kB
MemTotal:        1844596 kB
MemFree:         1312656 kB
MemAvailable:    1553768 kB
Buffers:           30552 kB
Cached:           340836 kB
MemTotal:        1844596 kB
MemFree:         1309992 kB
MemAvailable:    1551104 kB
Buffers:           30552 kB
Cached:           340836 kB
MemTotal:        1844596 kB
MemFree:         1306584 kB
MemAvailable:    1547696 kB
Buffers:           30552 kB
Cached:           340836 kB
MemTotal:        1844596 kB
MemFree:         1305956 kB
MemAvailable:    1547068 kB
Buffers:           30552 kB
Cached:           340836 kB
MemTotal:        1844596 kB
MemFree:         1306576 kB
MemAvailable:    1547692 kB
Buffers:           30552 kB
Cached:           340840 kB
MemTotal:        1844596 kB
MemFree:         1306576 kB
MemAvailable:    1547692 kB
Buffers:           30552 kB
Cached:           340840 kB
MemTotal:        1844596 kB
MemFree:         1306256 kB
MemAvailable:    1547372 kB
Buffers:           30552 kB
Cached:           340840 kB
MemTotal:        1844596 kB
MemFree:         1303732 kB
MemAvailable:    1544848 kB
Buffers:           30552 kB
Cached:           340840 kB
MemTotal:        1844596 kB
MemFree:         1304840 kB
MemAvailable:    1545956 kB
Buffers:           30552 kB
Cached:           340840 kB
MemTotal:        1844596 kB
MemFree:         1303236 kB
MemAvailable:    1544352 kB
Buffers:           30552 kB
Cached:           340840 kB
MemTotal:        1844596 kB
MemFree:         1304048 kB
MemAvailable:    1545164 kB
Buffers:           30552 kB
Cached:           340840 kB
MemTotal:        1844596 kB
MemFree:         1304104 kB
MemAvailable:    1545220 kB
Buffers:           30552 kB
Cached:           340840 kB
MemTotal:        1844596 kB
MemFree:         1304084 kB
MemAvailable:    1545200 kB
Buffers:           30552 kB
Cached:           340840 kB
MemTotal:        1844596 kB
MemFree:         1304336 kB
MemAvailable:    1545452 kB
Buffers:           30552 kB
Cached:           340840 kB
MemTotal:        1844596 kB
MemFree:         1303832 kB
MemAvailable:    1544948 kB
Buffers:           30552 kB
Cached:           340840 kB
MemTotal:        1844596 kB
MemFree:         1304084 kB
MemAvailable:    1545200 kB
Buffers:           30552 kB
Cached:           340840 kB
MemTotal:        1844596 kB
MemFree:         1303912 kB
MemAvailable:    1545028 kB
Buffers:           30552 kB
Cached:           340840 kB
MemTotal:        1844596 kB
MemFree:         1304080 kB
MemAvailable:    1545196 kB
Buffers:           30552 kB
Cached:           340840 kB
MemTotal:        1844596 kB
MemFree:         1304028 kB
MemAvailable:    1545144 kB
Buffers:           30552 kB
Cached:           340840 kB
MemTotal:        1844596 kB
MemFree:         1302680 kB
MemAvailable:    1543796 kB
Buffers:           30552 kB
Cached:           340840 kB
MemTotal:        1844596 kB
MemFree:         1302548 kB
MemAvailable:    1543664 kB
Buffers:           30552 kB
Cached:           340840 kB
MemTotal:        1844596 kB
MemFree:         1303824 kB
MemAvailable:    1544940 kB
Buffers:           30552 kB
Cached:           340840 kB
MemTotal:        1844596 kB
MemFree:         1303908 kB
MemAvailable:    1545024 kB
Buffers:           30552 kB
Cached:           340840 kB
MemTotal:        1844596 kB
MemFree:         1303840 kB
MemAvailable:    1544956 kB
Buffers:           30552 kB
Cached:           340840 kB
MemTotal:        1844596 kB
MemFree:         1303912 kB
MemAvailable:    1545028 kB
Buffers:           30552 kB
Cached:           340840 kB
MemTotal:        1844596 kB
MemFree:         1302444 kB
MemAvailable:    1543560 kB
Buffers:           30552 kB
Cached:           340840 kB
MemTotal:        1844596 kB
MemFree:         1303836 kB
MemAvailable:    1544952 kB
Buffers:           30552 kB
Cached:           340840 kB
MemTotal:        1844596 kB
MemFree:         1302604 kB
MemAvailable:    1543720 kB
Buffers:           30552 kB
Cached:           340840 kB
MemTotal:        1844596 kB
MemFree:         1303468 kB
MemAvailable:    1544584 kB
Buffers:           30552 kB
Cached:           340840 kB
MemTotal:        1844596 kB
MemFree:         1303468 kB
MemAvailable:    1544584 kB
Buffers:           30552 kB
Cached:           340840 kB
MemTotal:        1844596 kB
MemFree:         1303612 kB
MemAvailable:    1544728 kB
Buffers:           30552 kB
Cached:           340840 kB
MemTotal:        1844596 kB
MemFree:         1303104 kB
MemAvailable:    1544220 kB
Buffers:           30552 kB
Cached:           340840 kB
MemTotal:        1844596 kB
MemFree:         1299136 kB
MemAvailable:    1540252 kB
Buffers:           30552 kB
Cached:           340840 kB
MemTotal:        1844596 kB
MemFree:         1297160 kB
MemAvailable:    1538276 kB
Buffers:           30552 kB
Cached:           340840 kB
MemTotal:        1844596 kB
MemFree:         1295052 kB
MemAvailable:    1536168 kB
Buffers:           30552 kB
Cached:           340840 kB
MemTotal:        1844596 kB
MemFree:         1294424 kB
MemAvailable:    1535540 kB
Buffers:           30552 kB
Cached:           340840 kB
MemTotal:        1844596 kB
MemFree:         1295548 kB
MemAvailable:    1536664 kB
Buffers:           30552 kB
Cached:           340840 kB
MemTotal:        1844596 kB
MemFree:         1295436 kB
MemAvailable:    1536552 kB
Buffers:           30552 kB
Cached:           340840 kB
MemTotal:        1844596 kB
MemFree:         1295180 kB
MemAvailable:    1536296 kB
Buffers:           30552 kB
Cached:           340840 kB
MemTotal:        1844596 kB
MemFree:         1294920 kB
MemAvailable:    1536036 kB
Buffers:           30552 kB
Cached:           340840 kB
MemTotal:        1844596 kB
MemFree:         1294920 kB
MemAvailable:    1536036 kB
Buffers:           30552 kB
Cached:           340840 kB
MemTotal:        1844596 kB
MemFree:         1294920 kB
MemAvailable:    1536036 kB
Buffers:           30552 kB
Cached:           340840 kB
MemTotal:        1844596 kB
MemFree:         1294920 kB
MemAvailable:    1536036 kB
Buffers:           30552 kB
Cached:           340840 kB
MemTotal:        1844596 kB
MemFree:         1294740 kB
MemAvailable:    1535856 kB
Buffers:           30552 kB
Cached:           340840 kB
MemTotal:        1844596 kB
MemFree:         1294912 kB
MemAvailable:    1536028 kB
Buffers:           30552 kB
Cached:           340840 kB
MemTotal:        1844596 kB
MemFree:         1294908 kB
MemAvailable:    1536024 kB
Buffers:           30552 kB
Cached:           340840 kB
MemTotal:        1844596 kB
MemFree:         1294908 kB
MemAvailable:    1536024 kB
Buffers:           30552 kB
Cached:           340840 kB
MemTotal:        1844596 kB
MemFree:         1294972 kB
MemAvailable:    1536088 kB
Buffers:           30552 kB
Cached:           340840 kB
MemTotal:        1844596 kB
MemFree:         1295176 kB
MemAvailable:    1536292 kB
Buffers:           30552 kB
Cached:           340840 kB
MemTotal:        1844596 kB
MemFree:         1294308 kB
MemAvailable:    1535424 kB
Buffers:           30552 kB
Cached:           340840 kB
MemTotal:        1844596 kB
MemFree:         1294932 kB
MemAvailable:    1536048 kB
Buffers:           30552 kB
Cached:           340840 kB
MemTotal:        1844596 kB
MemFree:         1293792 kB
MemAvailable:    1534908 kB
Buffers:           30552 kB
Cached:           340840 kB
MemTotal:        1844596 kB
MemFree:         1294968 kB
MemAvailable:    1536084 kB
Buffers:           30552 kB
Cached:           340840 kB
MemTotal:        1844596 kB
MemFree:         1294728 kB
MemAvailable:    1535844 kB
Buffers:           30552 kB
Cached:           340840 kB
MemTotal:        1844596 kB
MemFree:         1294896 kB
MemAvailable:    1536012 kB
Buffers:           30552 kB
Cached:           340840 kB
MemTotal:        1844596 kB
MemFree:         1294864 kB
MemAvailable:    1535980 kB
Buffers:           30552 kB
Cached:           340840 kB
MemTotal:        1844596 kB
MemFree:         1294928 kB
MemAvailable:    1536044 kB
Buffers:           30552 kB
Cached:           340840 kB
MemTotal:        1844596 kB
MemFree:         1294184 kB
MemAvailable:    1535300 kB
Buffers:           30552 kB
Cached:           340840 kB
MemTotal:        1844596 kB
MemFree:         1294868 kB
MemAvailable:    1535984 kB
Buffers:           30552 kB
Cached:           340840 kB
MemTotal:        1844596 kB
MemFree:         1295060 kB
MemAvailable:    1536176 kB
Buffers:           30552 kB
Cached:           340840 kB
MemTotal:        1844596 kB
MemFree:         1294664 kB
MemAvailable:    1535780 kB
Buffers:           30552 kB
Cached:           340840 kB
MemTotal:        1844596 kB
MemFree:         1294916 kB
MemAvailable:    1536032 kB
Buffers:           30552 kB
Cached:           340840 kB
MemTotal:        1844596 kB
MemFree:         1294932 kB
MemAvailable:    1536048 kB
Buffers:           30552 kB
Cached:           340840 kB
MemTotal:        1844596 kB
MemFree:         1294976 kB
MemAvailable:    1536092 kB
Buffers:           30552 kB
Cached:           340840 kB
MemTotal:        1844596 kB
MemFree:         1293680 kB
MemAvailable:    1534796 kB
Buffers:           30552 kB
Cached:           340840 kB
MemTotal:        1844596 kB
MemFree:         1291820 kB
MemAvailable:    1532936 kB
Buffers:           30552 kB
Cached:           340840 kB
MemTotal:        1844596 kB
MemFree:         1289780 kB
MemAvailable:    1530896 kB
Buffers:           30552 kB
Cached:           340840 kB
MemTotal:        1844596 kB
MemFree:         1287364 kB
MemAvailable:    1528480 kB
Buffers:           30552 kB
Cached:           340840 kB
MemTotal:        1844596 kB
MemFree:         1285860 kB
MemAvailable:    1526984 kB
Buffers:           30552 kB
Cached:           340848 kB
MemTotal:        1844596 kB
MemFree:         1285944 kB
MemAvailable:    1527068 kB
Buffers:           30552 kB
Cached:           340848 kB
MemTotal:        1844596 kB
MemFree:         1285632 kB
MemAvailable:    1526756 kB
Buffers:           30552 kB
Cached:           340848 kB
MemTotal:        1844596 kB
MemFree:         1284200 kB
MemAvailable:    1525324 kB
Buffers:           30552 kB
Cached:           340848 kB
MemTotal:        1844596 kB
MemFree:         1284192 kB
MemAvailable:    1525316 kB
Buffers:           30552 kB
Cached:           340848 kB
MemTotal:        1844596 kB
MemFree:         1284192 kB
MemAvailable:    1525316 kB
Buffers:           30552 kB
Cached:           340848 kB
MemTotal:        1844596 kB
MemFree:         1283828 kB
MemAvailable:    1524952 kB
Buffers:           30552 kB
Cached:           340848 kB
MemTotal:        1844596 kB
MemFree:         1282528 kB
MemAvailable:    1523652 kB
Buffers:           30552 kB
Cached:           340848 kB
MemTotal:        1844596 kB
MemFree:         1283340 kB
MemAvailable:    1524464 kB
Buffers:           30552 kB
Cached:           340848 kB
MemTotal:        1844596 kB
MemFree:         1282092 kB
MemAvailable:    1523216 kB
Buffers:           30552 kB
Cached:           340848 kB
MemTotal:        1844596 kB
MemFree:         1283268 kB
MemAvailable:    1524392 kB
Buffers:           30552 kB
Cached:           340848 kB
MemTotal:        1844596 kB
MemFree:         1283112 kB
MemAvailable:    1524236 kB
Buffers:           30552 kB
Cached:           340848 kB
MemTotal:        1844596 kB
MemFree:         1283112 kB
MemAvailable:    1524236 kB
Buffers:           30552 kB
Cached:           340848 kB
MemTotal:        1844596 kB
MemFree:         1283216 kB
MemAvailable:    1524340 kB
Buffers:           30552 kB
Cached:           340848 kB
MemTotal:        1844596 kB
MemFree:         1282528 kB
MemAvailable:    1523652 kB
Buffers:           30552 kB
Cached:           340848 kB
MemTotal:        1844596 kB
MemFree:         1283256 kB
MemAvailable:    1524380 kB
Buffers:           30552 kB
Cached:           340848 kB
MemTotal:        1844596 kB
MemFree:         1283340 kB
MemAvailable:    1524464 kB
Buffers:           30552 kB
Cached:           340848 kB
MemTotal:        1844596 kB
MemFree:         1283136 kB
MemAvailable:    1524260 kB
Buffers:           30552 kB
Cached:           340848 kB
MemTotal:        1844596 kB
MemFree:         1283064 kB
MemAvailable:    1524188 kB
Buffers:           30552 kB
Cached:           340848 kB
MemTotal:        1844596 kB
MemFree:         1281888 kB
MemAvailable:    1523012 kB
Buffers:           30552 kB
Cached:           340848 kB
MemTotal:        1844596 kB
MemFree:         1281880 kB
MemAvailable:    1523004 kB
Buffers:           30552 kB
Cached:           340848 kB
MemTotal:        1844596 kB
MemFree:         1281840 kB
MemAvailable:    1522964 kB
Buffers:           30552 kB
Cached:           340848 kB
MemTotal:        1844596 kB
MemFree:         1283140 kB
MemAvailable:    1524264 kB
Buffers:           30552 kB
Cached:           340848 kB
MemTotal:        1844596 kB
MemFree:         1282280 kB
MemAvailable:    1523404 kB
Buffers:           30552 kB
Cached:           340848 kB
MemTotal:        1844596 kB
MemFree:         1282872 kB
MemAvailable:    1523996 kB
Buffers:           30552 kB
Cached:           340848 kB
MemTotal:        1844596 kB
MemFree:         1283040 kB
MemAvailable:    1524164 kB
Buffers:           30552 kB
Cached:           340848 kB
MemTotal:        1844596 kB
MemFree:         1283060 kB
MemAvailable:    1524184 kB
Buffers:           30552 kB
Cached:           340848 kB
MemTotal:        1844596 kB
MemFree:         1283232 kB
MemAvailable:    1524356 kB
Buffers:           30552 kB
Cached:           340848 kB
MemTotal:        1844596 kB
MemFree:         1283140 kB
MemAvailable:    1524264 kB
Buffers:           30552 kB
Cached:           340848 kB
MemTotal:        1844596 kB
MemFree:         1283224 kB
MemAvailable:    1524348 kB
Buffers:           30552 kB
Cached:           340848 kB
MemTotal:        1844596 kB
MemFree:         1283004 kB
MemAvailable:    1524128 kB
Buffers:           30552 kB
Cached:           340848 kB
MemTotal:        1844596 kB
MemFree:         1283032 kB
MemAvailable:    1524156 kB
Buffers:           30552 kB
Cached:           340848 kB
MemTotal:        1844596 kB
MemFree:         1283008 kB
MemAvailable:    1524132 kB
Buffers:           30552 kB
Cached:           340848 kB
MemTotal:        1844596 kB
MemFree:         1283260 kB
MemAvailable:    1524384 kB
Buffers:           30552 kB
Cached:           340848 kB
MemTotal:        1844596 kB
MemFree:         1282996 kB
MemAvailable:    1524120 kB
Buffers:           30552 kB
Cached:           340848 kB
MemTotal:        1844596 kB
MemFree:         1283248 kB
MemAvailable:    1524372 kB
Buffers:           30552 kB
Cached:           340848 kB
MemTotal:        1844596 kB
MemFree:         1283136 kB
MemAvailable:    1524260 kB
Buffers:           30552 kB
Cached:           340848 kB
MemTotal:        1844596 kB
MemFree:         1283148 kB
MemAvailable:    1524272 kB
Buffers:           30552 kB
Cached:           340848 kB
MemTotal:        1844596 kB
MemFree:         1283144 kB
MemAvailable:    1524268 kB
Buffers:           30552 kB
Cached:           340848 kB
MemTotal:        1844596 kB
MemFree:         1283180 kB
MemAvailable:    1524304 kB
Buffers:           30552 kB
Cached:           340848 kB
MemTotal:        1844596 kB
MemFree:         1281832 kB
MemAvailable:    1522956 kB
Buffers:           30552 kB
Cached:           340848 kB
MemTotal:        1844596 kB
MemFree:         1282976 kB
MemAvailable:    1524100 kB
Buffers:           30552 kB
Cached:           340848 kB
MemTotal:        1844596 kB
MemFree:         1283232 kB
MemAvailable:    1524356 kB
Buffers:           30552 kB
Cached:           340848 kB
MemTotal:        1844596 kB
MemFree:         1281644 kB
MemAvailable:    1522768 kB
Buffers:           30552 kB
Cached:           340848 kB
MemTotal:        1844596 kB
MemFree:         1283160 kB
MemAvailable:    1524284 kB
Buffers:           30552 kB
Cached:           340848 kB
MemTotal:        1844596 kB
MemFree:         1281976 kB
MemAvailable:    1523100 kB
Buffers:           30552 kB
Cached:           340848 kB
MemTotal:        1844596 kB
MemFree:         1281720 kB
MemAvailable:    1522844 kB
Buffers:           30552 kB
Cached:           340848 kB
MemTotal:        1844596 kB
MemFree:         1281852 kB
MemAvailable:    1522976 kB
Buffers:           30552 kB
Cached:           340848 kB
MemTotal:        1844596 kB
MemFree:         1282012 kB
MemAvailable:    1523136 kB
Buffers:           30552 kB
Cached:           340848 kB
MemTotal:        1844596 kB
MemFree:         1282948 kB
MemAvailable:    1524072 kB
Buffers:           30552 kB
Cached:           340848 kB
MemTotal:        1844596 kB
MemFree:         1283200 kB
MemAvailable:    1524324 kB
Buffers:           30552 kB
Cached:           340848 kB
MemTotal:        1844596 kB
MemFree:         1283088 kB
MemAvailable:    1524212 kB
Buffers:           30552 kB
Cached:           340848 kB
MemTotal:        1844596 kB
MemFree:         1283256 kB
MemAvailable:    1524380 kB
Buffers:           30552 kB
Cached:           340848 kB
MemTotal:        1844596 kB
MemFree:         1281644 kB
MemAvailable:    1522768 kB
Buffers:           30552 kB
Cached:           340848 kB
MemTotal:        1844596 kB
MemFree:         1281900 kB
MemAvailable:    1523024 kB
Buffers:           30552 kB
Cached:           340848 kB
MemTotal:        1844596 kB
MemFree:         1283016 kB
MemAvailable:    1524140 kB
Buffers:           30552 kB
Cached:           340848 kB
MemTotal:        1844596 kB
MemFree:         1282960 kB
MemAvailable:    1524084 kB
Buffers:           30552 kB
Cached:           340848 kB
MemTotal:        1844596 kB
MemFree:         1282960 kB
MemAvailable:    1524084 kB
Buffers:           30552 kB
Cached:           340848 kB
MemTotal:        1844596 kB
MemFree:         1283004 kB
MemAvailable:    1524128 kB
Buffers:           30552 kB
Cached:           340848 kB
MemTotal:        1844596 kB
MemFree:         1283260 kB
MemAvailable:    1524384 kB
Buffers:           30552 kB
Cached:           340848 kB
MemTotal:        1844596 kB
MemFree:         1282880 kB
MemAvailable:    1524004 kB
Buffers:           30552 kB
Cached:           340848 kB
MemTotal:        1844596 kB
MemFree:         1281632 kB
MemAvailable:    1522756 kB
Buffers:           30552 kB
Cached:           340848 kB
MemTotal:        1844596 kB
MemFree:         1282732 kB
MemAvailable:    1523856 kB
Buffers:           30552 kB
Cached:           340848 kB
MemTotal:        1844596 kB
MemFree:         1282376 kB
MemAvailable:    1523500 kB
Buffers:           30552 kB
Cached:           340848 kB
MemTotal:        1844596 kB
MemFree:         1282564 kB
MemAvailable:    1523688 kB
Buffers:           30552 kB
Cached:           340848 kB
MemTotal:        1844596 kB
MemFree:         1282032 kB
MemAvailable:    1523032 kB
Buffers:           30552 kB
Cached:           340848 kB
MemTotal:        1844596 kB
MemFree:         1282660 kB
MemAvailable:    1523784 kB
Buffers:           30552 kB
Cached:           340848 kB
MemTotal:        1844596 kB
MemFree:         1282372 kB
MemAvailable:    1523496 kB
Buffers:           30552 kB
Cached:           340848 kB
MemTotal:        1844596 kB
MemFree:         1282472 kB
MemAvailable:    1523596 kB
Buffers:           30552 kB
Cached:           340848 kB
MemTotal:        1844596 kB
MemFree:         1281236 kB
MemAvailable:    1522360 kB
Buffers:           30552 kB
Cached:           340848 kB
MemTotal:        1844596 kB
MemFree:         1282336 kB
MemAvailable:    1523460 kB
Buffers:           30552 kB
Cached:           340848 kB
MemTotal:        1844596 kB
MemFree:         1281236 kB
MemAvailable:    1522360 kB
Buffers:           30552 kB
Cached:           340848 kB
MemTotal:        1844596 kB
MemFree:         1282520 kB
MemAvailable:    1523644 kB
Buffers:           30552 kB
Cached:           340848 kB
MemTotal:        1844596 kB
MemFree:         1281412 kB
MemAvailable:    1522536 kB
Buffers:           30552 kB
Cached:           340848 kB
MemTotal:        1844596 kB
MemFree:         1282464 kB
MemAvailable:    1523588 kB
Buffers:           30552 kB
Cached:           340848 kB
MemTotal:        1844596 kB
MemFree:         1282332 kB
MemAvailable:    1523456 kB
Buffers:           30552 kB
Cached:           340848 kB
MemTotal:        1844596 kB
MemFree:         1281164 kB
MemAvailable:    1522288 kB
Buffers:           30552 kB
Cached:           340848 kB
MemTotal:        1844596 kB
MemFree:         1281880 kB
MemAvailable:    1523004 kB
Buffers:           30552 kB
Cached:           340848 kB
MemTotal:        1844596 kB
MemFree:         1282216 kB
MemAvailable:    1523340 kB
Buffers:           30552 kB
Cached:           340848 kB
MemTotal:        1844596 kB
MemFree:         1282024 kB
MemAvailable:    1523148 kB
Buffers:           30552 kB
Cached:           340848 kB
MemTotal:        1844596 kB
MemFree:         1280856 kB
MemAvailable:    1521980 kB
Buffers:           30552 kB
Cached:           340848 kB
MemTotal:        1844596 kB
MemFree:         1282156 kB
MemAvailable:    1523280 kB
Buffers:           30552 kB
Cached:           340848 kB
MemTotal:        1844596 kB
MemFree:         1282100 kB
MemAvailable:    1523236 kB
Buffers:           30552 kB
Cached:           340860 kB
MemTotal:        1844596 kB
MemFree:         1282100 kB
MemAvailable:    1523236 kB
Buffers:           30552 kB
Cached:           340860 kB
MemTotal:        1844596 kB
MemFree:         1280860 kB
MemAvailable:    1521996 kB
Buffers:           30552 kB
Cached:           340860 kB
MemTotal:        1844596 kB
MemFree:         1281108 kB
MemAvailable:    1522244 kB
Buffers:           30552 kB
Cached:           340860 kB
MemTotal:        1844596 kB
MemFree:         1282392 kB
MemAvailable:    1523528 kB
Buffers:           30552 kB
Cached:           340860 kB
MemTotal:        1844596 kB
MemFree:         1280528 kB
MemAvailable:    1521664 kB
Buffers:           30552 kB
Cached:           340860 kB
MemTotal:        1844596 kB
MemFree:         1280652 kB
MemAvailable:    1521788 kB
Buffers:           30552 kB
Cached:           340860 kB
MemTotal:        1844596 kB
MemFree:         1280784 kB
MemAvailable:    1521920 kB
Buffers:           30552 kB
Cached:           340860 kB
MemTotal:        1844596 kB
MemFree:         1280908 kB
MemAvailable:    1522044 kB
Buffers:           30552 kB
Cached:           340860 kB
MemTotal:        1844596 kB
MemFree:         1280048 kB
MemAvailable:    1521184 kB
Buffers:           30552 kB
Cached:           340860 kB
MemTotal:        1844596 kB
MemFree:         1278512 kB
MemAvailable:    1519648 kB
Buffers:           30552 kB
Cached:           340860 kB
MemTotal:        1844596 kB
MemFree:         1273932 kB
MemAvailable:    1515068 kB
Buffers:           30552 kB
Cached:           340860 kB
MemTotal:        1844596 kB
MemFree:         1271552 kB
MemAvailable:    1512688 kB
Buffers:           30552 kB
Cached:           340860 kB
MemTotal:        1844596 kB
MemFree:         1270244 kB
MemAvailable:    1511380 kB
Buffers:           30552 kB
Cached:           340860 kB
MemTotal:        1844596 kB
MemFree:         1271484 kB
MemAvailable:    1512620 kB
Buffers:           30552 kB
Cached:           340860 kB
MemTotal:        1844596 kB
MemFree:         1271056 kB
MemAvailable:    1512192 kB
Buffers:           30552 kB
Cached:           340860 kB
MemTotal:        1844596 kB
MemFree:         1270004 kB
MemAvailable:    1511140 kB
Buffers:           30552 kB
Cached:           340860 kB
MemTotal:        1844596 kB
MemFree:         1271168 kB
MemAvailable:    1512304 kB
Buffers:           30552 kB
Cached:           340860 kB
MemTotal:        1844596 kB
MemFree:         1270252 kB
MemAvailable:    1511388 kB
Buffers:           30552 kB
Cached:           340860 kB
MemTotal:        1844596 kB
MemFree:         1270876 kB
MemAvailable:    1512012 kB
Buffers:           30552 kB
Cached:           340860 kB
MemTotal:        1844596 kB
MemFree:         1270620 kB
MemAvailable:    1511756 kB
Buffers:           30552 kB
Cached:           340860 kB
MemTotal:        1844596 kB
MemFree:         1270312 kB
MemAvailable:    1511448 kB
Buffers:           30552 kB
Cached:           340860 kB
MemTotal:        1844596 kB
MemFree:         1269004 kB
MemAvailable:    1510140 kB
Buffers:           30552 kB
Cached:           340860 kB
MemTotal:        1844596 kB
MemFree:         1269260 kB
MemAvailable:    1510396 kB
Buffers:           30552 kB
Cached:           340860 kB
MemTotal:        1844596 kB
MemFree:         1268948 kB
MemAvailable:    1510084 kB
Buffers:           30552 kB
Cached:           340860 kB
MemTotal:        1844596 kB
MemFree:         1268692 kB
MemAvailable:    1509828 kB
Buffers:           30552 kB
Cached:           340860 kB
MemTotal:        1844596 kB
MemFree:         1268624 kB
MemAvailable:    1509760 kB
Buffers:           30552 kB
Cached:           340860 kB
MemTotal:        1844596 kB
MemFree:         1268624 kB
MemAvailable:    1509760 kB
Buffers:           30552 kB
Cached:           340860 kB
MemTotal:        1844596 kB
MemFree:         1268632 kB
MemAvailable:    1509768 kB
Buffers:           30552 kB
Cached:           340860 kB
MemTotal:        1844596 kB
MemFree:         1268884 kB
MemAvailable:    1510020 kB
Buffers:           30552 kB
Cached:           340860 kB
MemTotal:        1844596 kB
MemFree:         1268460 kB
MemAvailable:    1509596 kB
Buffers:           30552 kB
Cached:           340860 kB
MemTotal:        1844596 kB
MemFree:         1268716 kB
MemAvailable:    1509852 kB
Buffers:           30552 kB
Cached:           340860 kB
MemTotal:        1844596 kB
MemFree:         1267212 kB
MemAvailable:    1508348 kB
Buffers:           30552 kB
Cached:           340860 kB
MemTotal:        1844596 kB
MemFree:         1268872 kB
MemAvailable:    1510008 kB
Buffers:           30552 kB
Cached:           340860 kB
MemTotal:        1844596 kB
MemFree:         1268560 kB
MemAvailable:    1509696 kB
Buffers:           30552 kB
Cached:           340860 kB
MemTotal:        1844596 kB
MemFree:         1267896 kB
MemAvailable:    1509032 kB
Buffers:           30552 kB
Cached:           340860 kB
MemTotal:        1844596 kB
MemFree:         1268688 kB
MemAvailable:    1509824 kB
Buffers:           30552 kB
Cached:           340860 kB
MemTotal:        1844596 kB
MemFree:         1267256 kB
MemAvailable:    1508392 kB
Buffers:           30552 kB
Cached:           340860 kB
MemTotal:        1844596 kB
MemFree:         1267380 kB
MemAvailable:    1508516 kB
Buffers:           30552 kB
Cached:           340860 kB
MemTotal:        1844596 kB
MemFree:         1267380 kB
MemAvailable:    1508516 kB
Buffers:           30552 kB
Cached:           340860 kB
MemTotal:        1844596 kB
MemFree:         1267028 kB
MemAvailable:    1508164 kB
Buffers:           30552 kB
Cached:           340860 kB
MemTotal:        1844596 kB
MemFree:         1267276 kB
MemAvailable:    1508412 kB
Buffers:           30552 kB
Cached:           340860 kB
MemTotal:        1844596 kB
MemFree:         1266764 kB
MemAvailable:    1507900 kB
Buffers:           30552 kB
Cached:           340860 kB
MemTotal:        1844596 kB
MemFree:         1266848 kB
MemAvailable:    1507984 kB
Buffers:           30552 kB
Cached:           340860 kB
MemTotal:        1844596 kB
MemFree:         1266252 kB
MemAvailable:    1507388 kB
Buffers:           30552 kB
Cached:           340860 kB
MemTotal:        1844596 kB
MemFree:         1266336 kB
MemAvailable:    1507472 kB
Buffers:           30552 kB
Cached:           340860 kB
MemTotal:        1844596 kB
MemFree:         1266216 kB
MemAvailable:    1507352 kB
Buffers:           30552 kB
Cached:           340860 kB
MemTotal:        1844596 kB
MemFree:         1266216 kB
MemAvailable:    1507352 kB
Buffers:           30552 kB
Cached:           340860 kB
MemTotal:        1844596 kB
MemFree:         1265772 kB
MemAvailable:    1506908 kB
Buffers:           30552 kB
Cached:           340860 kB
MemTotal:        1844596 kB
MemFree:         1266108 kB
MemAvailable:    1507244 kB
Buffers:           30552 kB
Cached:           340860 kB
MemTotal:        1844596 kB
MemFree:         1264780 kB
MemAvailable:    1505916 kB
Buffers:           30552 kB
Cached:           340860 kB
MemTotal:        1844596 kB
MemFree:         1264416 kB
MemAvailable:    1505552 kB
Buffers:           30552 kB
Cached:           340860 kB
MemTotal:        1844596 kB
MemFree:         1264308 kB
MemAvailable:    1505444 kB
Buffers:           30552 kB
Cached:           340860 kB
MemTotal:        1844596 kB
MemFree:         1264168 kB
MemAvailable:    1505304 kB
Buffers:           30552 kB
Cached:           340860 kB
MemTotal:        1844596 kB
MemFree:         1264168 kB
MemAvailable:    1505304 kB
Buffers:           30552 kB
Cached:           340860 kB
MemTotal:        1844596 kB
MemFree:         1263672 kB
MemAvailable:    1504808 kB
Buffers:           30552 kB
Cached:           340860 kB
MemTotal:        1844596 kB
MemFree:         1263672 kB
MemAvailable:    1504808 kB
Buffers:           30552 kB
Cached:           340860 kB
MemTotal:        1844596 kB
MemFree:         1263416 kB
MemAvailable:    1504552 kB
Buffers:           30552 kB
Cached:           340860 kB
MemTotal:        1844596 kB
MemFree:         1263668 kB
MemAvailable:    1504804 kB
Buffers:           30552 kB
Cached:           340860 kB
MemTotal:        1844596 kB
MemFree:         1263412 kB
MemAvailable:    1504548 kB
Buffers:           30552 kB
Cached:           340860 kB
MemTotal:        1844596 kB
MemFree:         1263668 kB
MemAvailable:    1504804 kB
Buffers:           30552 kB
Cached:           340860 kB
MemTotal:        1844596 kB
MemFree:         1262248 kB
MemAvailable:    1503384 kB
Buffers:           30552 kB
Cached:           340860 kB
MemTotal:        1844596 kB
MemFree:         1262124 kB
MemAvailable:    1503260 kB
Buffers:           30552 kB
Cached:           340860 kB
MemTotal:        1844596 kB
MemFree:         1263400 kB
MemAvailable:    1504536 kB
Buffers:           30552 kB
Cached:           340860 kB
MemTotal:        1844596 kB
MemFree:         1263368 kB
MemAvailable:    1504504 kB
Buffers:           30552 kB
Cached:           340860 kB
MemTotal:        1844596 kB
MemFree:         1263404 kB
MemAvailable:    1504540 kB
Buffers:           30552 kB
Cached:           340860 kB
MemTotal:        1844596 kB
MemFree:         1262120 kB
MemAvailable:    1503256 kB
Buffers:           30552 kB
Cached:           340860 kB
MemTotal:        1844596 kB
MemFree:         1262236 kB
MemAvailable:    1503372 kB
Buffers:           30552 kB
Cached:           340860 kB
MemTotal:        1844596 kB
MemFree:         1263420 kB
MemAvailable:    1504556 kB
Buffers:           30552 kB
Cached:           340860 kB
MemTotal:        1844596 kB
MemFree:         1262244 kB
MemAvailable:    1503380 kB
Buffers:           30552 kB
Cached:           340860 kB
MemTotal:        1844596 kB
MemFree:         1262432 kB
MemAvailable:    1503568 kB
Buffers:           30552 kB
Cached:           340860 kB
MemTotal:        1844596 kB
MemFree:         1263308 kB
MemAvailable:    1504444 kB
Buffers:           30552 kB
Cached:           340860 kB
MemTotal:        1844596 kB
MemFree:         1263284 kB
MemAvailable:    1504420 kB
Buffers:           30552 kB
Cached:           340860 kB
MemTotal:        1844596 kB
MemFree:         1263172 kB
MemAvailable:    1504308 kB
Buffers:           30552 kB
Cached:           340860 kB
MemTotal:        1844596 kB
MemFree:         1262688 kB
MemAvailable:    1503824 kB
Buffers:           30552 kB
Cached:           340860 kB
MemTotal:        1844596 kB
MemFree:         1263356 kB
MemAvailable:    1504492 kB
Buffers:           30552 kB
Cached:           340860 kB
MemTotal:        1844596 kB
MemFree:         1263164 kB
MemAvailable:    1504300 kB
Buffers:           30552 kB
Cached:           340860 kB
MemTotal:        1844596 kB
MemFree:         1261936 kB
MemAvailable:    1503072 kB
Buffers:           30552 kB
Cached:           340860 kB
MemTotal:        1844596 kB
MemFree:         1262928 kB
MemAvailable:    1504072 kB
Buffers:           30552 kB
Cached:           340868 kB
MemTotal:        1844596 kB
MemFree:         1263240 kB
MemAvailable:    1504384 kB
Buffers:           30552 kB
Cached:           340868 kB
MemTotal:        1844596 kB
MemFree:         1263240 kB
MemAvailable:    1504384 kB
Buffers:           30552 kB
Cached:           340868 kB
MemTotal:        1844596 kB
MemFree:         1263320 kB
MemAvailable:    1504464 kB
Buffers:           30552 kB
Cached:           340868 kB
MemTotal:        1844596 kB
MemFree:         1263380 kB
MemAvailable:    1504524 kB
Buffers:           30552 kB
Cached:           340868 kB
MemTotal:        1844596 kB
MemFree:         1262440 kB
MemAvailable:    1503584 kB
Buffers:           30552 kB
Cached:           340868 kB
MemTotal:        1844596 kB
MemFree:         1263292 kB
MemAvailable:    1504436 kB
Buffers:           30552 kB
Cached:           340868 kB
MemTotal:        1844596 kB
MemFree:         1263376 kB
MemAvailable:    1504520 kB
Buffers:           30552 kB
Cached:           340868 kB
MemTotal:        1844596 kB
MemFree:         1262440 kB
MemAvailable:    1503584 kB
Buffers:           30552 kB
Cached:           340868 kB
MemTotal:        1844596 kB
MemFree:         1262128 kB
MemAvailable:    1503272 kB
Buffers:           30552 kB
Cached:           340868 kB
MemTotal:        1844596 kB
MemFree:         1261556 kB
MemAvailable:    1502700 kB
Buffers:           30552 kB
Cached:           340868 kB
MemTotal:        1844596 kB
MemFree:         1261640 kB
MemAvailable:    1502784 kB
Buffers:           30552 kB
Cached:           340868 kB
MemTotal:        1844596 kB
MemFree:         1260020 kB
MemAvailable:    1501164 kB
Buffers:           30552 kB
Cached:           340868 kB
MemTotal:        1844596 kB
MemFree:         1257464 kB
MemAvailable:    1498608 kB
Buffers:           30552 kB
Cached:           340868 kB
MemTotal:        1844596 kB
MemFree:         1256804 kB
MemAvailable:    1497948 kB
Buffers:           30552 kB
Cached:           340868 kB
MemTotal:        1844596 kB
MemFree:         1255000 kB
MemAvailable:    1496148 kB
Buffers:           30552 kB
Cached:           340872 kB
MemTotal:        1844596 kB
MemFree:         1251396 kB
MemAvailable:    1492544 kB
Buffers:           30552 kB
Cached:           340872 kB
MemTotal:        1844596 kB
MemFree:         1251484 kB
MemAvailable:    1492632 kB
Buffers:           30552 kB
Cached:           340872 kB
MemTotal:        1844596 kB
MemFree:         1246312 kB
MemAvailable:    1487460 kB
Buffers:           30552 kB
Cached:           340872 kB
MemTotal:        1844596 kB
MemFree:         1243964 kB
MemAvailable:    1485112 kB
Buffers:           30552 kB
Cached:           340872 kB
MemTotal:        1844596 kB
MemFree:         1244528 kB
MemAvailable:    1485676 kB
Buffers:           30552 kB
Cached:           340872 kB
MemTotal:        1844596 kB
MemFree:         1244784 kB
MemAvailable:    1485932 kB
Buffers:           30552 kB
Cached:           340872 kB
MemTotal:        1844596 kB
MemFree:         1244652 kB
MemAvailable:    1485800 kB
Buffers:           30552 kB
Cached:           340872 kB
MemTotal:        1844596 kB
MemFree:         1244508 kB
MemAvailable:    1485656 kB
Buffers:           30552 kB
Cached:           340872 kB
MemTotal:        1844596 kB
MemFree:         1244460 kB
MemAvailable:    1485608 kB
Buffers:           30552 kB
Cached:           340872 kB
MemTotal:        1844596 kB
MemFree:         1244320 kB
MemAvailable:    1485468 kB
Buffers:           30552 kB
Cached:           340872 kB
MemTotal:        1844596 kB
MemFree:         1244040 kB
MemAvailable:    1485188 kB
Buffers:           30552 kB
Cached:           340872 kB
MemTotal:        1844596 kB
MemFree:         1243072 kB
MemAvailable:    1484220 kB
Buffers:           30552 kB
Cached:           340872 kB
MemTotal:        1844596 kB
MemFree:         1244436 kB
MemAvailable:    1485584 kB
Buffers:           30552 kB
Cached:           340872 kB
MemTotal:        1844596 kB
MemFree:         1244140 kB
MemAvailable:    1485288 kB
Buffers:           30552 kB
Cached:           340872 kB
MemTotal:        1844596 kB
MemFree:         1243016 kB
MemAvailable:    1484164 kB
Buffers:           30552 kB
Cached:           340872 kB
MemTotal:        1844596 kB
MemFree:         1244132 kB
MemAvailable:    1485280 kB
Buffers:           30552 kB
Cached:           340872 kB
MemTotal:        1844596 kB
MemFree:         1243652 kB
MemAvailable:    1484800 kB
Buffers:           30552 kB
Cached:           340872 kB
MemTotal:        1844596 kB
MemFree:         1242220 kB
MemAvailable:    1483368 kB
Buffers:           30552 kB
Cached:           340872 kB
MemTotal:        1844596 kB
MemFree:         1243604 kB
MemAvailable:    1484752 kB
Buffers:           30552 kB
Cached:           340872 kB
MemTotal:        1844596 kB
MemFree:         1242352 kB
MemAvailable:    1483500 kB
Buffers:           30552 kB
Cached:           340872 kB
MemTotal:        1844596 kB
MemFree:         1243324 kB
MemAvailable:    1484472 kB
Buffers:           30552 kB
Cached:           340872 kB
MemTotal:        1844596 kB
MemFree:         1242892 kB
MemAvailable:    1484040 kB
Buffers:           30552 kB
Cached:           340872 kB
MemTotal:        1844596 kB
MemFree:         1243468 kB
MemAvailable:    1484616 kB
Buffers:           30552 kB
Cached:           340872 kB
MemTotal:        1844596 kB
MemFree:         1243356 kB
MemAvailable:    1484504 kB
Buffers:           30552 kB
Cached:           340872 kB
MemTotal:        1844596 kB
MemFree:         1243460 kB
MemAvailable:    1484608 kB
Buffers:           30552 kB
Cached:           340872 kB
MemTotal:        1844596 kB
MemFree:         1242724 kB
MemAvailable:    1483872 kB
Buffers:           30552 kB
Cached:           340872 kB
MemTotal:        1844596 kB
MemFree:         1243336 kB
MemAvailable:    1484484 kB
Buffers:           30552 kB
Cached:           340872 kB
MemTotal:        1844596 kB
MemFree:         1243420 kB
MemAvailable:    1484568 kB
Buffers:           30552 kB
Cached:           340872 kB
MemTotal:        1844596 kB
MemFree:         1243372 kB
MemAvailable:    1484520 kB
Buffers:           30552 kB
Cached:           340872 kB
MemTotal:        1844596 kB
MemFree:         1243716 kB
MemAvailable:    1484864 kB
Buffers:           30552 kB
Cached:           340872 kB
MemTotal:        1844596 kB
MemFree:         1242332 kB
MemAvailable:    1483480 kB
Buffers:           30552 kB
Cached:           340872 kB
MemTotal:        1844596 kB
MemFree:         1243392 kB
MemAvailable:    1484540 kB
Buffers:           30552 kB
Cached:           340872 kB
MemTotal:        1844596 kB
MemFree:         1243516 kB
MemAvailable:    1484664 kB
Buffers:           30552 kB
Cached:           340872 kB
MemTotal:        1844596 kB
MemFree:         1243504 kB
MemAvailable:    1484652 kB
Buffers:           30552 kB
Cached:           340872 kB
MemTotal:        1844596 kB
MemFree:         1243676 kB
MemAvailable:    1484824 kB
Buffers:           30552 kB
Cached:           340872 kB
MemTotal:        1844596 kB
MemFree:         1243280 kB
MemAvailable:    1484428 kB
Buffers:           30552 kB
Cached:           340872 kB
MemTotal:        1844596 kB
MemFree:         1243616 kB
MemAvailable:    1484764 kB
Buffers:           30552 kB
Cached:           340872 kB
MemTotal:        1844596 kB
MemFree:         1242332 kB
MemAvailable:    1483480 kB
Buffers:           30552 kB
Cached:           340872 kB
MemTotal:        1844596 kB
MemFree:         1243468 kB
MemAvailable:    1484616 kB
Buffers:           30552 kB
Cached:           340872 kB
MemTotal:        1844596 kB
MemFree:         1243468 kB
MemAvailable:    1484616 kB
Buffers:           30552 kB
Cached:           340872 kB
MemTotal:        1844596 kB
MemFree:         1243592 kB
MemAvailable:    1484740 kB
Buffers:           30552 kB
Cached:           340872 kB
MemTotal:        1844596 kB
MemFree:         1243524 kB
MemAvailable:    1484672 kB
Buffers:           30564 kB
Cached:           340860 kB
MemTotal:        1844596 kB
MemFree:         1243444 kB
MemAvailable:    1484592 kB
Buffers:           30564 kB
Cached:           340860 kB
MemTotal:        1844596 kB
MemFree:         1242848 kB
MemAvailable:    1483996 kB
Buffers:           30564 kB
Cached:           340860 kB
MemTotal:        1844596 kB
MemFree:         1242972 kB
MemAvailable:    1484120 kB
Buffers:           30564 kB
Cached:           340860 kB
MemTotal:        1844596 kB
MemFree:         1240552 kB
MemAvailable:    1481700 kB
Buffers:           30564 kB
Cached:           340860 kB
MemTotal:        1844596 kB
MemFree:         1237888 kB
MemAvailable:    1479036 kB
Buffers:           30564 kB
Cached:           340860 kB
MemTotal:        1844596 kB
MemFree:         1235160 kB
MemAvailable:    1476308 kB
Buffers:           30564 kB
Cached:           340860 kB
MemTotal:        1844596 kB
MemFree:         1233416 kB
MemAvailable:    1474584 kB
Buffers:           30564 kB
Cached:           340880 kB
MemTotal:        1844596 kB
MemFree:         1229564 kB
MemAvailable:    1470732 kB
Buffers:           30564 kB
Cached:           340880 kB
MemTotal:        1844596 kB
MemFree:         1229332 kB
MemAvailable:    1470500 kB
Buffers:           30564 kB
Cached:           340880 kB
MemTotal:        1844596 kB
MemFree:         1226044 kB
MemAvailable:    1467212 kB
Buffers:           30564 kB
Cached:           340880 kB
MemTotal:        1844596 kB
MemFree:         1225656 kB
MemAvailable:    1466824 kB
Buffers:           30564 kB
Cached:           340880 kB
MemTotal:        1844596 kB
MemFree:         1225804 kB
MemAvailable:    1466972 kB
Buffers:           30564 kB
Cached:           340880 kB
MemTotal:        1844596 kB
MemFree:         1225780 kB
MemAvailable:    1466948 kB
Buffers:           30564 kB
Cached:           340880 kB
MemTotal:        1844596 kB
MemFree:         1225664 kB
MemAvailable:    1466832 kB
Buffers:           30564 kB
Cached:           340880 kB
MemTotal:        1844596 kB
MemFree:         1225736 kB
MemAvailable:    1466904 kB
Buffers:           30564 kB
Cached:           340880 kB
MemTotal:        1844596 kB
MemFree:         1225584 kB
MemAvailable:    1466752 kB
Buffers:           30564 kB
Cached:           340880 kB
MemTotal:        1844596 kB
MemFree:         1225920 kB
MemAvailable:    1467088 kB
Buffers:           30564 kB
Cached:           340880 kB
MemTotal:        1844596 kB
MemFree:         1225760 kB
MemAvailable:    1466928 kB
Buffers:           30564 kB
Cached:           340880 kB
MemTotal:        1844596 kB
MemFree:         1225776 kB
MemAvailable:    1466944 kB
Buffers:           30564 kB
Cached:           340880 kB
MemTotal:        1844596 kB
MemFree:         1225548 kB
MemAvailable:    1466716 kB
Buffers:           30564 kB
Cached:           340880 kB
MemTotal:        1844596 kB
MemFree:         1225224 kB
MemAvailable:    1466392 kB
Buffers:           30564 kB
Cached:           340880 kB
MemTotal:        1844596 kB
MemFree:         1225480 kB
MemAvailable:    1466648 kB
Buffers:           30564 kB
Cached:           340880 kB
MemTotal:        1844596 kB
MemFree:         1225464 kB
MemAvailable:    1466632 kB
Buffers:           30564 kB
Cached:           340880 kB
MemTotal:        1844596 kB
MemFree:         1224132 kB
MemAvailable:    1465300 kB
Buffers:           30564 kB
Cached:           340880 kB
MemTotal:        1844596 kB
MemFree:         1225192 kB
MemAvailable:    1466360 kB
Buffers:           30564 kB
Cached:           340880 kB
MemTotal:        1844596 kB
MemFree:         1225448 kB
MemAvailable:    1466616 kB
Buffers:           30564 kB
Cached:           340880 kB
MemTotal:        1844596 kB
MemFree:         1225192 kB
MemAvailable:    1466360 kB
Buffers:           30564 kB
Cached:           340880 kB
MemTotal:        1844596 kB
MemFree:         1225252 kB
MemAvailable:    1466420 kB
Buffers:           30564 kB
Cached:           340880 kB
MemTotal:        1844596 kB
MemFree:         1224628 kB
MemAvailable:    1465672 kB
Buffers:           30564 kB
Cached:           340880 kB
MemTotal:        1844596 kB
MemFree:         1225096 kB
MemAvailable:    1466264 kB
Buffers:           30564 kB
Cached:           340880 kB
MemTotal:        1844596 kB
MemFree:         1225432 kB
MemAvailable:    1466600 kB
Buffers:           30564 kB
Cached:           340880 kB
MemTotal:        1844596 kB
MemFree:         1225108 kB
MemAvailable:    1466276 kB
Buffers:           30564 kB
Cached:           340880 kB
MemTotal:        1844596 kB
MemFree:         1225448 kB
MemAvailable:    1466616 kB
Buffers:           30564 kB
Cached:           340880 kB
MemTotal:        1844596 kB
MemFree:         1225228 kB
MemAvailable:    1466396 kB
Buffers:           30564 kB
Cached:           340880 kB
MemTotal:        1844596 kB
MemFree:         1225484 kB
MemAvailable:    1466652 kB
Buffers:           30564 kB
Cached:           340880 kB
MemTotal:        1844596 kB
MemFree:         1224236 kB
MemAvailable:    1465404 kB
Buffers:           30564 kB
Cached:           340880 kB
MemTotal:        1844596 kB
MemFree:         1225288 kB
MemAvailable:    1466456 kB
Buffers:           30564 kB
Cached:           340880 kB
MemTotal:        1844596 kB
MemFree:         1224628 kB
MemAvailable:    1465796 kB
Buffers:           30564 kB
Cached:           340880 kB
MemTotal:        1844596 kB
MemFree:         1225420 kB
MemAvailable:    1466588 kB
Buffers:           30564 kB
Cached:           340880 kB
MemTotal:        1844596 kB
MemFree:         1225308 kB
MemAvailable:    1466476 kB
Buffers:           30564 kB
Cached:           340880 kB
MemTotal:        1844596 kB
MemFree:         1225372 kB
MemAvailable:    1466540 kB
Buffers:           30564 kB
Cached:           340880 kB
MemTotal:        1844596 kB
MemFree:         1224248 kB
MemAvailable:    1465416 kB
Buffers:           30564 kB
Cached:           340880 kB
MemTotal:        1844596 kB
MemFree:         1224084 kB
MemAvailable:    1465252 kB
Buffers:           30564 kB
Cached:           340880 kB
MemTotal:        1844596 kB
MemFree:         1225384 kB
MemAvailable:    1466552 kB
Buffers:           30564 kB
Cached:           340880 kB
MemTotal:        1844596 kB
MemFree:         1224620 kB
MemAvailable:    1465788 kB
Buffers:           30564 kB
Cached:           340880 kB
MemTotal:        1844596 kB
MemFree:         1225120 kB
MemAvailable:    1466288 kB
Buffers:           30564 kB
Cached:           340880 kB
MemTotal:        1844596 kB
MemFree:         1225412 kB
MemAvailable:    1466580 kB
Buffers:           30564 kB
Cached:           340880 kB
MemTotal:        1844596 kB
MemFree:         1224092 kB
MemAvailable:    1465260 kB
Buffers:           30564 kB
Cached:           340880 kB
MemTotal:        1844596 kB
MemFree:         1221032 kB
MemAvailable:    1462200 kB
Buffers:           30564 kB
Cached:           340880 kB
MemTotal:        1844596 kB
MemFree:         1215816 kB
MemAvailable:    1456984 kB
Buffers:           30564 kB
Cached:           340880 kB
MemTotal:        1844596 kB
MemFree:         1215824 kB
MemAvailable:    1456992 kB
Buffers:           30564 kB
Cached:           340880 kB
MemTotal:        1844596 kB
MemFree:         1209996 kB
MemAvailable:    1451164 kB
Buffers:           30564 kB
Cached:           340880 kB
MemTotal:        1844596 kB
MemFree:         1207872 kB
MemAvailable:    1449040 kB
Buffers:           30564 kB
Cached:           340880 kB
MemTotal:        1844596 kB
MemFree:         1208208 kB
MemAvailable:    1449376 kB
Buffers:           30564 kB
Cached:           340880 kB
MemTotal:        1844596 kB
MemFree:         1207940 kB
MemAvailable:    1449108 kB
Buffers:           30564 kB
Cached:           340880 kB
MemTotal:        1844596 kB
MemFree:         1207768 kB
MemAvailable:    1448936 kB
Buffers:           30564 kB
Cached:           340880 kB
MemTotal:        1844596 kB
MemFree:         1206896 kB
MemAvailable:    1448064 kB
Buffers:           30564 kB
Cached:           340880 kB
MemTotal:        1844596 kB
MemFree:         1207972 kB
MemAvailable:    1449140 kB
Buffers:           30564 kB
Cached:           340884 kB
MemTotal:        1844596 kB
MemFree:         1207260 kB
MemAvailable:    1448428 kB
Buffers:           30564 kB
Cached:           340884 kB
MemTotal:        1844596 kB
MemFree:         1207688 kB
MemAvailable:    1448856 kB
Buffers:           30564 kB
Cached:           340884 kB
MemTotal:        1844596 kB
MemFree:         1207940 kB
MemAvailable:    1449108 kB
Buffers:           30564 kB
Cached:           340884 kB
MemTotal:        1844596 kB
MemFree:         1207444 kB
MemAvailable:    1448612 kB
Buffers:           30564 kB
Cached:           340884 kB
MemTotal:        1844596 kB
MemFree:         1207780 kB
MemAvailable:    1448948 kB
Buffers:           30564 kB
Cached:           340884 kB
MemTotal:        1844596 kB
MemFree:         1206496 kB
MemAvailable:    1447664 kB
Buffers:           30564 kB
Cached:           340884 kB
MemTotal:        1844596 kB
MemFree:         1207612 kB
MemAvailable:    1448780 kB
Buffers:           30564 kB
Cached:           340884 kB
MemTotal:        1844596 kB
MemFree:         1207868 kB
MemAvailable:    1449036 kB
Buffers:           30564 kB
Cached:           340884 kB
MemTotal:        1844596 kB
MemFree:         1206492 kB
MemAvailable:    1447660 kB
Buffers:           30564 kB
Cached:           340884 kB
MemTotal:        1844596 kB
MemFree:         1206888 kB
MemAvailable:    1448056 kB
Buffers:           30564 kB
Cached:           340884 kB
MemTotal:        1844596 kB
MemFree:         1207144 kB
MemAvailable:    1448316 kB
Buffers:           30564 kB
Cached:           340888 kB
MemTotal:        1844596 kB
MemFree:         1206888 kB
MemAvailable:    1448060 kB
Buffers:           30564 kB
Cached:           340888 kB
MemTotal:        1844596 kB
MemFree:         1206896 kB
MemAvailable:    1448068 kB
Buffers:           30564 kB
Cached:           340888 kB
MemTotal:        1844596 kB
MemFree:         1206640 kB
MemAvailable:    1447812 kB
Buffers:           30564 kB
Cached:           340888 kB
MemTotal:        1844596 kB
MemFree:         1207940 kB
MemAvailable:    1449112 kB
Buffers:           30564 kB
Cached:           340888 kB
MemTotal:        1844596 kB
MemFree:         1207260 kB
MemAvailable:    1448432 kB
Buffers:           30564 kB
Cached:           340888 kB
MemTotal:        1844596 kB
MemFree:         1207260 kB
MemAvailable:    1448432 kB
Buffers:           30564 kB
Cached:           340888 kB
MemTotal:        1844596 kB
MemFree:         1206748 kB
MemAvailable:    1447920 kB
Buffers:           30564 kB
Cached:           340888 kB
MemTotal:        1844596 kB
MemFree:         1207084 kB
MemAvailable:    1448256 kB
Buffers:           30564 kB
Cached:           340888 kB
MemTotal:        1844596 kB
MemFree:         1205640 kB
MemAvailable:    1446812 kB
Buffers:           30564 kB
Cached:           340888 kB
MemTotal:        1844596 kB
MemFree:         1206880 kB
MemAvailable:    1448052 kB
Buffers:           30564 kB
Cached:           340888 kB
MemTotal:        1844596 kB
MemFree:         1205904 kB
MemAvailable:    1447076 kB
Buffers:           30564 kB
Cached:           340888 kB
MemTotal:        1844596 kB
MemFree:         1206400 kB
MemAvailable:    1447572 kB
Buffers:           30564 kB
Cached:           340888 kB
MemTotal:        1844596 kB
MemFree:         1205392 kB
MemAvailable:    1446564 kB
Buffers:           30564 kB
Cached:           340888 kB
MemTotal:        1844596 kB
MemFree:         1203424 kB
MemAvailable:    1444596 kB
Buffers:           30564 kB
Cached:           340888 kB
MemTotal:        1844596 kB
MemFree:         1201176 kB
MemAvailable:    1442348 kB
Buffers:           30564 kB
Cached:           340888 kB
MemTotal:        1844596 kB
MemFree:         1201428 kB
MemAvailable:    1442600 kB
Buffers:           30564 kB
Cached:           340888 kB
MemTotal:        1844596 kB
MemFree:         1197340 kB
MemAvailable:    1438512 kB
Buffers:           30564 kB
Cached:           340888 kB
MemTotal:        1844596 kB
MemFree:         1197340 kB
MemAvailable:    1438512 kB
Buffers:           30564 kB
Cached:           340888 kB
MemTotal:        1844596 kB
MemFree:         1192132 kB
MemAvailable:    1433304 kB
Buffers:           30564 kB
Cached:           340888 kB
MemTotal:        1844596 kB
MemFree:         1191900 kB
MemAvailable:    1433072 kB
Buffers:           30564 kB
Cached:           340888 kB
MemTotal:        1844596 kB
MemFree:         1187784 kB
MemAvailable:    1428956 kB
Buffers:           30564 kB
Cached:           340888 kB
MemTotal:        1844596 kB
MemFree:         1187784 kB
MemAvailable:    1428956 kB
Buffers:           30564 kB
Cached:           340888 kB
MemTotal:        1844596 kB
MemFree:         1183948 kB
MemAvailable:    1425120 kB
Buffers:           30564 kB
Cached:           340888 kB
MemTotal:        1844596 kB
MemFree:         1182956 kB
MemAvailable:    1424128 kB
Buffers:           30564 kB
Cached:           340888 kB
MemTotal:        1844596 kB
MemFree:         1181288 kB
MemAvailable:    1422460 kB
Buffers:           30564 kB
Cached:           340888 kB
MemTotal:        1844596 kB
MemFree:         1178616 kB
MemAvailable:    1419788 kB
Buffers:           30564 kB
Cached:           340888 kB
MemTotal:        1844596 kB
MemFree:         1178632 kB
MemAvailable:    1419804 kB
Buffers:           30564 kB
Cached:           340888 kB
MemTotal:        1844596 kB
MemFree:         1176004 kB
MemAvailable:    1417176 kB
Buffers:           30564 kB
Cached:           340888 kB
MemTotal:        1844596 kB
MemFree:         1175896 kB
MemAvailable:    1417068 kB
Buffers:           30564 kB
Cached:           340888 kB
MemTotal:        1844596 kB
MemFree:         1175744 kB
MemAvailable:    1416916 kB
Buffers:           30564 kB
Cached:           340888 kB
MemTotal:        1844596 kB
MemFree:         1176080 kB
MemAvailable:    1417252 kB
Buffers:           30564 kB
Cached:           340888 kB
MemTotal:        1844596 kB
MemFree:         1175836 kB
MemAvailable:    1417008 kB
Buffers:           30564 kB
Cached:           340888 kB
MemTotal:        1844596 kB
MemFree:         1174656 kB
MemAvailable:    1415832 kB
Buffers:           30564 kB
Cached:           340892 kB
MemTotal:        1844596 kB
MemFree:         1175392 kB
MemAvailable:    1416568 kB
Buffers:           30564 kB
Cached:           340892 kB
MemTotal:        1844596 kB
MemFree:         1175828 kB
MemAvailable:    1417004 kB
Buffers:           30564 kB
Cached:           340892 kB
MemTotal:        1844596 kB
MemFree:         1176080 kB
MemAvailable:    1417256 kB
Buffers:           30564 kB
Cached:           340892 kB
MemTotal:        1844596 kB
MemFree:         1175880 kB
MemAvailable:    1417056 kB
Buffers:           30564 kB
Cached:           340892 kB
MemTotal:        1844596 kB
MemFree:         1176132 kB
MemAvailable:    1417308 kB
Buffers:           30564 kB
Cached:           340892 kB
MemTotal:        1844596 kB
MemFree:         1175020 kB
MemAvailable:    1416196 kB
Buffers:           30564 kB
Cached:           340892 kB
MemTotal:        1844596 kB
MemFree:         1175020 kB
MemAvailable:    1416196 kB
Buffers:           30564 kB
Cached:           340892 kB
MemTotal:        1844596 kB
MemFree:         1174592 kB
MemAvailable:    1415768 kB
Buffers:           30564 kB
Cached:           340892 kB
MemTotal:        1844596 kB
MemFree:         1174844 kB
MemAvailable:    1416020 kB
Buffers:           30564 kB
Cached:           340892 kB
MemTotal:        1844596 kB
MemFree:         1173604 kB
MemAvailable:    1414780 kB
Buffers:           30564 kB
Cached:           340892 kB
MemTotal:        1844596 kB
MemFree:         1173480 kB
MemAvailable:    1414656 kB
Buffers:           30564 kB
Cached:           340892 kB
MemTotal:        1844596 kB
MemFree:         1174720 kB
MemAvailable:    1415896 kB
Buffers:           30564 kB
Cached:           340892 kB
MemTotal:        1844596 kB
MemFree:         1173540 kB
MemAvailable:    1414716 kB
Buffers:           30564 kB
Cached:           340892 kB
MemTotal:        1844596 kB
MemFree:         1174268 kB
MemAvailable:    1415444 kB
Buffers:           30564 kB
Cached:           340892 kB
MemTotal:        1844596 kB
MemFree:         1174352 kB
MemAvailable:    1415528 kB
Buffers:           30564 kB
Cached:           340892 kB
MemTotal:        1844596 kB
MemFree:         1174468 kB
MemAvailable:    1415644 kB
Buffers:           30564 kB
Cached:           340892 kB
MemTotal:        1844596 kB
MemFree:         1174152 kB
MemAvailable:    1415328 kB
Buffers:           30564 kB
Cached:           340892 kB
MemTotal:        1844596 kB
MemFree:         1173848 kB
MemAvailable:    1415024 kB
Buffers:           30564 kB
Cached:           340892 kB
MemTotal:        1844596 kB
MemFree:         1173592 kB
MemAvailable:    1414768 kB
Buffers:           30564 kB
Cached:           340892 kB
MemTotal:        1844596 kB
MemFree:         1172176 kB
MemAvailable:    1413352 kB
Buffers:           30564 kB
Cached:           340892 kB
MemTotal:        1844596 kB
MemFree:         1172664 kB
MemAvailable:    1413840 kB
Buffers:           30564 kB
Cached:           340892 kB
MemTotal:        1844596 kB
MemFree:         1172664 kB
MemAvailable:    1413840 kB
Buffers:           30564 kB
Cached:           340892 kB
MemTotal:        1844596 kB
MemFree:         1171540 kB
MemAvailable:    1412716 kB
Buffers:           30564 kB
Cached:           340892 kB
MemTotal:        1844596 kB
MemFree:         1171008 kB
MemAvailable:    1412184 kB
Buffers:           30564 kB
Cached:           340892 kB
MemTotal:        1844596 kB
MemFree:         1172112 kB
MemAvailable:    1413288 kB
Buffers:           30564 kB
Cached:           340892 kB
MemTotal:        1844596 kB
MemFree:         1170812 kB
MemAvailable:    1411988 kB
Buffers:           30564 kB
Cached:           340892 kB
MemTotal:        1844596 kB
MemFree:         1171728 kB
MemAvailable:    1412904 kB
Buffers:           30564 kB
Cached:           340892 kB
MemTotal:        1844596 kB
MemFree:         1171616 kB
MemAvailable:    1412792 kB
Buffers:           30564 kB
Cached:           340892 kB
MemTotal:        1844596 kB
MemFree:         1171820 kB
MemAvailable:    1412996 kB
Buffers:           30564 kB
Cached:           340892 kB
MemTotal:        1844596 kB
MemFree:         1170936 kB
MemAvailable:    1412112 kB
Buffers:           30564 kB
Cached:           340892 kB
MemTotal:        1844596 kB
MemFree:         1172112 kB
MemAvailable:    1413292 kB
Buffers:           30564 kB
Cached:           340896 kB
MemTotal:        1844596 kB
MemFree:         1171980 kB
MemAvailable:    1413160 kB
Buffers:           30564 kB
Cached:           340896 kB
MemTotal:        1844596 kB
MemFree:         1170424 kB
MemAvailable:    1411604 kB
Buffers:           30564 kB
Cached:           340896 kB
MemTotal:        1844596 kB
MemFree:         1171656 kB
MemAvailable:    1412836 kB
Buffers:           30564 kB
Cached:           340896 kB
MemTotal:        1844596 kB
MemFree:         1171656 kB
MemAvailable:    1412836 kB
Buffers:           30564 kB
Cached:           340896 kB
MemTotal:        1844596 kB
MemFree:         1171632 kB
MemAvailable:    1412812 kB
Buffers:           30564 kB
Cached:           340896 kB
MemTotal:        1844596 kB
MemFree:         1171620 kB
MemAvailable:    1412800 kB
Buffers:           30564 kB
Cached:           340896 kB
MemTotal:        1844596 kB
MemFree:         1171876 kB
MemAvailable:    1413056 kB
Buffers:           30564 kB
Cached:           340896 kB
MemTotal:        1844596 kB
MemFree:         1170248 kB
MemAvailable:    1411428 kB
Buffers:           30564 kB
Cached:           340896 kB
MemTotal:        1844596 kB
MemFree:         1170504 kB
MemAvailable:    1411684 kB
Buffers:           30564 kB
Cached:           340896 kB
MemTotal:        1844596 kB
MemFree:         1170540 kB
MemAvailable:    1411720 kB
Buffers:           30564 kB
Cached:           340896 kB
MemTotal:        1844596 kB
MemFree:         1171716 kB
MemAvailable:    1412896 kB
Buffers:           30564 kB
Cached:           340896 kB
MemTotal:        1844596 kB
MemFree:         1170368 kB
MemAvailable:    1411548 kB
Buffers:           30564 kB
Cached:           340896 kB
MemTotal:        1844596 kB
MemFree:         1171636 kB
MemAvailable:    1412816 kB
Buffers:           30564 kB
Cached:           340896 kB
MemTotal:        1844596 kB
MemFree:         1171540 kB
MemAvailable:    1412720 kB
Buffers:           30564 kB
Cached:           340896 kB
MemTotal:        1844596 kB
MemFree:         1171684 kB
MemAvailable:    1412864 kB
Buffers:           30564 kB
Cached:           340896 kB
MemTotal:        1844596 kB
MemFree:         1170504 kB
MemAvailable:    1411684 kB
Buffers:           30564 kB
Cached:           340896 kB
MemTotal:        1844596 kB
MemFree:         1171728 kB
MemAvailable:    1412908 kB
Buffers:           30564 kB
Cached:           340896 kB
MemTotal:        1844596 kB
MemFree:         1171716 kB
MemAvailable:    1412896 kB
Buffers:           30564 kB
Cached:           340896 kB
MemTotal:        1844596 kB
MemFree:         1171740 kB
MemAvailable:    1412920 kB
Buffers:           30564 kB
Cached:           340896 kB
MemTotal:        1844596 kB
MemFree:         1170392 kB
MemAvailable:    1411572 kB
Buffers:           30564 kB
Cached:           340896 kB
MemTotal:        1844596 kB
MemFree:         1171500 kB
MemAvailable:    1412680 kB
Buffers:           30564 kB
Cached:           340896 kB
MemTotal:        1844596 kB
MemFree:         1171756 kB
MemAvailable:    1412936 kB
Buffers:           30564 kB
Cached:           340896 kB
MemTotal:        1844596 kB
MemFree:         1171704 kB
MemAvailable:    1412884 kB
Buffers:           30564 kB
Cached:           340896 kB
MemTotal:        1844596 kB
MemFree:         1170380 kB
MemAvailable:    1411560 kB
Buffers:           30564 kB
Cached:           340896 kB
MemTotal:        1844596 kB
MemFree:         1170440 kB
MemAvailable:    1411620 kB
Buffers:           30564 kB
Cached:           340896 kB
MemTotal:        1844596 kB
MemFree:         1170392 kB
MemAvailable:    1411572 kB
Buffers:           30564 kB
Cached:           340896 kB
MemTotal:        1844596 kB
MemFree:         1171672 kB
MemAvailable:    1412852 kB
Buffers:           30564 kB
Cached:           340896 kB
MemTotal:        1844596 kB
MemFree:         1171672 kB
MemAvailable:    1412852 kB
Buffers:           30564 kB
Cached:           340896 kB
MemTotal:        1844596 kB
MemFree:         1171524 kB
MemAvailable:    1412704 kB
Buffers:           30564 kB
Cached:           340896 kB
MemTotal:        1844596 kB
MemFree:         1171860 kB
MemAvailable:    1413040 kB
Buffers:           30564 kB
Cached:           340896 kB
MemTotal:        1844596 kB
MemFree:         1170564 kB
MemAvailable:    1411744 kB
Buffers:           30564 kB
Cached:           340896 kB
MemTotal:        1844596 kB
MemFree:         1170184 kB
MemAvailable:    1411364 kB
Buffers:           30564 kB
Cached:           340896 kB
MemTotal:        1844596 kB
MemFree:         1170432 kB
MemAvailable:    1411612 kB
Buffers:           30564 kB
Cached:           340896 kB
MemTotal:        1844596 kB
MemFree:         1169684 kB
MemAvailable:    1410864 kB
Buffers:           30564 kB
Cached:           340896 kB
MemTotal:        1844596 kB
MemFree:         1165836 kB
MemAvailable:    1407016 kB
Buffers:           30564 kB
Cached:           340896 kB
MemTotal:        1844596 kB
MemFree:         1165728 kB
MemAvailable:    1406908 kB
Buffers:           30564 kB
Cached:           340896 kB
MemTotal:        1844596 kB
MemFree:         1164308 kB
MemAvailable:    1405488 kB
Buffers:           30564 kB
Cached:           340896 kB
MemTotal:        1844596 kB
MemFree:         1164976 kB
MemAvailable:    1406156 kB
Buffers:           30564 kB
Cached:           340896 kB
MemTotal:        1844596 kB
MemFree:         1165212 kB
MemAvailable:    1406392 kB
Buffers:           30564 kB
Cached:           340896 kB
MemTotal:        1844596 kB
MemFree:         1165348 kB
MemAvailable:    1406528 kB
Buffers:           30564 kB
Cached:           340896 kB
MemTotal:        1844596 kB
MemFree:         1165316 kB
MemAvailable:    1406496 kB
Buffers:           30564 kB
Cached:           340896 kB
MemTotal:        1844596 kB
MemFree:         1163944 kB
MemAvailable:    1405124 kB
Buffers:           30564 kB
Cached:           340896 kB
MemTotal:        1844596 kB
MemFree:         1165052 kB
MemAvailable:    1406232 kB
Buffers:           30564 kB
Cached:           340896 kB
MemTotal:        1844596 kB
MemFree:         1165224 kB
MemAvailable:    1406404 kB
Buffers:           30564 kB
Cached:           340896 kB
MemTotal:        1844596 kB
MemFree:         1165288 kB
MemAvailable:    1406468 kB
Buffers:           30564 kB
Cached:           340896 kB
MemTotal:        1844596 kB
MemFree:         1164240 kB
MemAvailable:    1405420 kB
Buffers:           30564 kB
Cached:           340896 kB
MemTotal:        1844596 kB
MemFree:         1163744 kB
MemAvailable:    1404924 kB
Buffers:           30564 kB
Cached:           340896 kB
MemTotal:        1844596 kB
MemFree:         1163728 kB
MemAvailable:    1404912 kB
Buffers:           30564 kB
Cached:           340900 kB
MemTotal:        1844596 kB
MemFree:         1163356 kB
MemAvailable:    1404544 kB
Buffers:           30564 kB
Cached:           340904 kB
MemTotal:        1844596 kB
MemFree:         1163356 kB
MemAvailable:    1404544 kB
Buffers:           30564 kB
Cached:           340904 kB
MemTotal:        1844596 kB
MemFree:         1164452 kB
MemAvailable:    1405640 kB
Buffers:           30564 kB
Cached:           340904 kB
MemTotal:        1844596 kB
MemFree:         1164704 kB
MemAvailable:    1405892 kB
Buffers:           30564 kB
Cached:           340904 kB
MemTotal:        1844596 kB
MemFree:         1163352 kB
MemAvailable:    1404540 kB
Buffers:           30564 kB
Cached:           340904 kB
MemTotal:        1844596 kB
MemFree:         1163352 kB
MemAvailable:    1404540 kB
Buffers:           30564 kB
Cached:           340904 kB
MemTotal:        1844596 kB
MemFree:         1164592 kB
MemAvailable:    1405780 kB
Buffers:           30564 kB
Cached:           340904 kB
MemTotal:        1844596 kB
MemFree:         1164108 kB
MemAvailable:    1405296 kB
Buffers:           30564 kB
Cached:           340904 kB
MemTotal:        1844596 kB
MemFree:         1163612 kB
MemAvailable:    1404800 kB
Buffers:           30564 kB
Cached:           340904 kB
MemTotal:        1844596 kB
MemFree:         1163736 kB
MemAvailable:    1404924 kB
Buffers:           30564 kB
Cached:           340904 kB
MemTotal:        1844596 kB
MemFree:         1163480 kB
MemAvailable:    1404668 kB
Buffers:           30564 kB
Cached:           340904 kB
MemTotal:        1844596 kB
MemFree:         1164648 kB
MemAvailable:    1405836 kB
Buffers:           30564 kB
Cached:           340904 kB
MemTotal:        1844596 kB
MemFree:         1163308 kB
MemAvailable:    1404496 kB
Buffers:           30564 kB
Cached:           340904 kB
MemTotal:        1844596 kB
MemFree:         1164596 kB
MemAvailable:    1405784 kB
Buffers:           30564 kB
Cached:           340904 kB
MemTotal:        1844596 kB
MemFree:         1163340 kB
MemAvailable:    1404528 kB
Buffers:           30564 kB
Cached:           340904 kB
MemTotal:        1844596 kB
MemFree:         1163340 kB
MemAvailable:    1404528 kB
Buffers:           30564 kB
Cached:           340904 kB
MemTotal:        1844596 kB
MemFree:         1163332 kB
MemAvailable:    1404520 kB
Buffers:           30564 kB
Cached:           340904 kB
MemTotal:        1844596 kB
MemFree:         1163456 kB
MemAvailable:    1404644 kB
Buffers:           30564 kB
Cached:           340904 kB
MemTotal:        1844596 kB
MemFree:         1163704 kB
MemAvailable:    1404892 kB
Buffers:           30564 kB
Cached:           340904 kB
MemTotal:        1844596 kB
MemFree:         1164516 kB
MemAvailable:    1405704 kB
Buffers:           30564 kB
Cached:           340904 kB
MemTotal:        1844596 kB
MemFree:         1164516 kB
MemAvailable:    1405704 kB
Buffers:           30564 kB
Cached:           340904 kB
MemTotal:        1844596 kB
MemFree:         1163352 kB
MemAvailable:    1404540 kB
Buffers:           30564 kB
Cached:           340904 kB
MemTotal:        1844596 kB
MemFree:         1163312 kB
MemAvailable:    1404500 kB
Buffers:           30564 kB
Cached:           340904 kB
MemTotal:        1844596 kB
MemFree:         1163560 kB
MemAvailable:    1404748 kB
Buffers:           30564 kB
Cached:           340904 kB
MemTotal:        1844596 kB
MemFree:         1162668 kB
MemAvailable:    1404108 kB
Buffers:           30564 kB
Cached:           341152 kB
MemTotal:        1844596 kB
MemFree:         1162796 kB
MemAvailable:    1404236 kB
Buffers:           30564 kB
Cached:           341152 kB
MemTotal:        1844596 kB
MemFree:         1164096 kB
MemAvailable:    1405620 kB
Buffers:           30564 kB
Cached:           341276 kB
MemTotal:        1844596 kB
MemFree:         1163804 kB
MemAvailable:    1405496 kB
Buffers:           30564 kB
Cached:           341524 kB
MemTotal:        1844596 kB
MemFree:         1164140 kB
MemAvailable:    1405832 kB
Buffers:           30564 kB
Cached:           341524 kB
MemTotal:        1844596 kB
MemFree:         1163672 kB
MemAvailable:    1405448 kB
Buffers:           30564 kB
Cached:           341524 kB
MemTotal:        1844596 kB
MemFree:         1163924 kB
MemAvailable:    1405700 kB
Buffers:           30564 kB
Cached:           341524 kB
MemTotal:        1844596 kB
MemFree:         1163664 kB
MemAvailable:    1405524 kB
Buffers:           30564 kB
Cached:           341524 kB
MemTotal:        1844596 kB
MemFree:         1163664 kB
MemAvailable:    1405524 kB
Buffers:           30564 kB
Cached:           341524 kB
MemTotal:        1844596 kB
MemFree:         1163724 kB
MemAvailable:    1405584 kB
Buffers:           30564 kB
Cached:           341524 kB
MemTotal:        1844596 kB
MemFree:         1163980 kB
MemAvailable:    1405840 kB
Buffers:           30564 kB
Cached:           341524 kB
MemTotal:        1844596 kB
MemFree:         1163988 kB
MemAvailable:    1405848 kB
Buffers:           30564 kB
Cached:           341524 kB
MemTotal:        1844596 kB
MemFree:         1162472 kB
MemAvailable:    1404332 kB
Buffers:           30564 kB
Cached:           341524 kB
MemTotal:        1844596 kB
MemFree:         1163364 kB
MemAvailable:    1405224 kB
Buffers:           30564 kB
Cached:           341524 kB
MemTotal:        1844596 kB
MemFree:         1163572 kB
MemAvailable:    1404760 kB
Buffers:           30564 kB
Cached:           340892 kB
MemTotal:        1844596 kB
MemFree:         1163612 kB
MemAvailable:    1404800 kB
Buffers:           30564 kB
Cached:           340892 kB
MemTotal:        1844596 kB
MemFree:         1189080 kB
MemAvailable:    1430352 kB
Buffers:           30564 kB
Cached:           340892 kB
MemTotal:        1844596 kB
MemFree:         1347076 kB
MemAvailable:    1588264 kB
Buffers:           30564 kB
Cached:           340892 kB
