MemTotal:        1844596 kB
MemFree:         1312240 kB
MemAvailable:    1597384 kB
Buffers:           36632 kB
Cached:           379644 kB
MemTotal:        1844596 kB
MemFree:         1286532 kB
MemAvailable:    1571684 kB
Buffers:           36632 kB
Cached:           379648 kB
MemTotal:        1844596 kB
MemFree:         1283556 kB
MemAvailable:    1568708 kB
Buffers:           36632 kB
Cached:           379648 kB
MemTotal:        1844596 kB
MemFree:         1283184 kB
MemAvailable:    1568336 kB
Buffers:           36632 kB
Cached:           379648 kB
MemTotal:        1844596 kB
MemFree:         1281316 kB
MemAvailable:    1566468 kB
Buffers:           36632 kB
Cached:           379648 kB
MemTotal:        1844596 kB
MemFree:         1279828 kB
MemAvailable:    1564980 kB
Buffers:           36632 kB
Cached:           379648 kB
MemTotal:        1844596 kB
MemFree:         1281368 kB
MemAvailable:    1566520 kB
Buffers:           36632 kB
Cached:           379648 kB
MemTotal:        1844596 kB
MemFree:         1278472 kB
MemAvailable:    1563624 kB
Buffers:           36632 kB
Cached:           379648 kB
MemTotal:        1844596 kB
MemFree:         1278472 kB
MemAvailable:    1563624 kB
Buffers:           36632 kB
Cached:           379648 kB
MemTotal:        1844596 kB
MemFree:         1275316 kB
MemAvailable:    1560468 kB
Buffers:           36632 kB
Cached:           379648 kB
MemTotal:        1844596 kB
MemFree:         1270172 kB
MemAvailable:    1555324 kB
Buffers:           36632 kB
Cached:           379648 kB
MemTotal:        1844596 kB
MemFree:         1271516 kB
MemAvailable:    1556668 kB
Buffers:           36632 kB
Cached:           379648 kB
MemTotal:        1844596 kB
MemFree:         1270668 kB
MemAvailable:    1555820 kB
Buffers:           36632 kB
Cached:           379648 kB
MemTotal:        1844596 kB
MemFree:         1271260 kB
MemAvailable:    1556412 kB
Buffers:           36632 kB
Cached:           379648 kB
MemTotal:        1844596 kB
MemFree:         1271596 kB
MemAvailable:    1556748 kB
Buffers:           36632 kB
Cached:           379648 kB
MemTotal:        1844596 kB
MemFree:         1271392 kB
MemAvailable:    1556544 kB
Buffers:           36632 kB
Cached:           379648 kB
MemTotal:        1844596 kB
MemFree:         1270304 kB
MemAvailable:    1555456 kB
Buffers:           36632 kB
Cached:           379648 kB
MemTotal:        1844596 kB
MemFree:         1270908 kB
MemAvailable:    1556060 kB
Buffers:           36632 kB
Cached:           379648 kB
MemTotal:        1844596 kB
MemFree:         1271160 kB
MemAvailable:    1556312 kB
Buffers:           36632 kB
Cached:           379648 kB
MemTotal:        1844596 kB
MemFree:         1269620 kB
MemAvailable:    1554772 kB
Buffers:           36632 kB
Cached:           379648 kB
MemTotal:        1844596 kB
MemFree:         1269620 kB
MemAvailable:    1554772 kB
Buffers:           36632 kB
Cached:           379648 kB
MemTotal:        1844596 kB
MemFree:         1269496 kB
MemAvailable:    1554648 kB
Buffers:           36632 kB
Cached:           379648 kB
MemTotal:        1844596 kB
MemFree:         1270596 kB
MemAvailable:    1555748 kB
Buffers:           36632 kB
Cached:           379648 kB
MemTotal:        1844596 kB
MemFree:         1270848 kB
MemAvailable:    1556000 kB
Buffers:           36632 kB
Cached:           379648 kB
MemTotal:        1844596 kB
MemFree:         1269400 kB
MemAvailable:    1554552 kB
Buffers:           36632 kB
Cached:           379648 kB
MemTotal:        1844596 kB
MemFree:         1270232 kB
MemAvailable:    1555384 kB
Buffers:           36632 kB
Cached:           379648 kB
MemTotal:        1844596 kB
MemFree:         1269180 kB
MemAvailable:    1554332 kB
Buffers:           36632 kB
Cached:           379648 kB
MemTotal:        1844596 kB
MemFree:         1269856 kB
MemAvailable:    1555008 kB
Buffers:           36632 kB
Cached:           379648 kB
MemTotal:        1844596 kB
MemFree:         1270024 kB
MemAvailable:    1555176 kB
Buffers:           36632 kB
Cached:           379648 kB
MemTotal:        1844596 kB
MemFree:         1269604 kB
MemAvailable:    1554756 kB
Buffers:           36632 kB
Cached:           379648 kB
MemTotal:        1844596 kB
MemFree:         1269180 kB
MemAvailable:    1554332 kB
Buffers:           36632 kB
Cached:           379648 kB
MemTotal:        1844596 kB
MemFree:         1269316 kB
MemAvailable:    1554468 kB
Buffers:           36632 kB
Cached:           379648 kB
MemTotal:        1844596 kB
MemFree:         1269568 kB
MemAvailable:    1554720 kB
Buffers:           36632 kB
Cached:           379648 kB
MemTotal:        1844596 kB
MemFree:         1267428 kB
MemAvailable:    1552580 kB
Buffers:           36632 kB
Cached:           379648 kB
MemTotal:        1844596 kB
MemFree:         1268420 kB
MemAvailable:    1553572 kB
Buffers:           36632 kB
Cached:           379648 kB
MemTotal:        1844596 kB
MemFree:         1268256 kB
MemAvailable:    1553408 kB
Buffers:           36632 kB
Cached:           379648 kB
MemTotal:        1844596 kB
MemFree:         1268348 kB
MemAvailable:    1553500 kB
Buffers:           36632 kB
Cached:           379648 kB
MemTotal:        1844596 kB
MemFree:         1267040 kB
MemAvailable:    1552192 kB
Buffers:           36632 kB
Cached:           379648 kB
MemTotal:        1844596 kB
MemFree:         1267040 kB
MemAvailable:    1552192 kB
Buffers:           36632 kB
Cached:           379648 kB
MemTotal:        1844596 kB
MemFree:         1267164 kB
MemAvailable:    1552316 kB
Buffers:           36632 kB
Cached:           379648 kB
MemTotal:        1844596 kB
MemFree:         1267156 kB
MemAvailable:    1552308 kB
Buffers:           36632 kB
Cached:           379648 kB
MemTotal:        1844596 kB
MemFree:         1268412 kB
MemAvailable:    1553564 kB
Buffers:           36632 kB
Cached:           379648 kB
MemTotal:        1844596 kB
MemFree:         1269736 kB
MemAvailable:    1554888 kB
Buffers:           36632 kB
Cached:           379648 kB
MemTotal:        1844596 kB
MemFree:         1268188 kB
MemAvailable:    1553340 kB
Buffers:           36632 kB
Cached:           379648 kB
MemTotal:        1844596 kB
MemFree:         1266992 kB
MemAvailable:    1552148 kB
Buffers:           36632 kB
Cached:           379652 kB
MemTotal:        1844596 kB
MemFree:         1263352 kB
MemAvailable:    1548508 kB
Buffers:           36632 kB
Cached:           379652 kB
MemTotal:        1844596 kB
MemFree:         1264468 kB
MemAvailable:    1549624 kB
Buffers:           36632 kB
Cached:           379652 kB
MemTotal:        1844596 kB
MemFree:         1263476 kB
MemAvailable:    1548632 kB
Buffers:           36632 kB
Cached:           379652 kB
MemTotal:        1844596 kB
MemFree:         1264164 kB
MemAvailable:    1549320 kB
Buffers:           36632 kB
Cached:           379652 kB
MemTotal:        1844596 kB
MemFree:         1264500 kB
MemAvailable:    1549656 kB
Buffers:           36632 kB
Cached:           379652 kB
MemTotal:        1844596 kB
MemFree:         1264212 kB
MemAvailable:    1549368 kB
Buffers:           36632 kB
Cached:           379652 kB
MemTotal:        1844596 kB
MemFree:         1264296 kB
MemAvailable:    1549452 kB
Buffers:           36632 kB
Cached:           379652 kB
MemTotal:        1844596 kB
MemFree:         1264048 kB
MemAvailable:    1549204 kB
Buffers:           36632 kB
Cached:           379652 kB
MemTotal:        1844596 kB
MemFree:         1263976 kB
MemAvailable:    1549132 kB
Buffers:           36632 kB
Cached:           379652 kB
MemTotal:        1844596 kB
MemFree:         1263904 kB
MemAvailable:    1549060 kB
Buffers:           36632 kB
Cached:           379652 kB
MemTotal:        1844596 kB
MemFree:         1264072 kB
MemAvailable:    1549228 kB
Buffers:           36632 kB
Cached:           379652 kB
MemTotal:        1844596 kB
MemFree:         1262468 kB
MemAvailable:    1547624 kB
Buffers:           36632 kB
Cached:           379652 kB
MemTotal:        1844596 kB
MemFree:         1262856 kB
MemAvailable:    1548012 kB
Buffers:           36632 kB
Cached:           379652 kB
MemTotal:        1844596 kB
MemFree:         1262552 kB
MemAvailable:    1547708 kB
Buffers:           36632 kB
Cached:           379652 kB
MemTotal:        1844596 kB
MemFree:         1263724 kB
MemAvailable:    1548880 kB
Buffers:           36632 kB
Cached:           379652 kB
MemTotal:        1844596 kB
MemFree:         1262560 kB
MemAvailable:    1547716 kB
Buffers:           36632 kB
Cached:           379652 kB
MemTotal:        1844596 kB
MemFree:         1261988 kB
MemAvailable:    1547144 kB
Buffers:           36632 kB
Cached:           379652 kB
MemTotal:        1844596 kB
MemFree:         1258764 kB
MemAvailable:    1543920 kB
Buffers:           36632 kB
Cached:           379652 kB
MemTotal:        1844596 kB
MemFree:         1257152 kB
MemAvailable:    1542308 kB
Buffers:           36632 kB
Cached:           379652 kB
MemTotal:        1844596 kB
MemFree:         1256896 kB
MemAvailable:    1542056 kB
Buffers:           36632 kB
Cached:           379656 kB
MemTotal:        1844596 kB
MemFree:         1257880 kB
MemAvailable:    1543040 kB
Buffers:           36632 kB
Cached:           379656 kB
MemTotal:        1844596 kB
MemFree:         1257524 kB
MemAvailable:    1542684 kB
Buffers:           36632 kB
Cached:           379656 kB
MemTotal:        1844596 kB
MemFree:         1254920 kB
MemAvailable:    1540080 kB
Buffers:           36632 kB
Cached:           379656 kB
MemTotal:        1844596 kB
MemFree:         1255400 kB
MemAvailable:    1540560 kB
Buffers:           36632 kB
Cached:           379656 kB
MemTotal:        1844596 kB
MemFree:         1255400 kB
MemAvailable:    1540560 kB
Buffers:           36632 kB
Cached:           379656 kB
MemTotal:        1844596 kB
MemFree:         1253904 kB
MemAvailable:    1539064 kB
Buffers:           36632 kB
Cached:           379656 kB
MemTotal:        1844596 kB
MemFree:         1255228 kB
MemAvailable:    1540388 kB
Buffers:           36632 kB
Cached:           379656 kB
MemTotal:        1844596 kB
MemFree:         1255052 kB
MemAvailable:    1540212 kB
Buffers:           36632 kB
Cached:           379656 kB
MemTotal:        1844596 kB
MemFree:         1255212 kB
MemAvailable:    1540372 kB
Buffers:           36632 kB
Cached:           379656 kB
MemTotal:        1844596 kB
MemFree:         1254160 kB
MemAvailable:    1539320 kB
Buffers:           36632 kB
Cached:           379656 kB
MemTotal:        1844596 kB
MemFree:         1253780 kB
MemAvailable:    1538940 kB
Buffers:           36632 kB
Cached:           379656 kB
MemTotal:        1844596 kB
MemFree:         1254972 kB
MemAvailable:    1540132 kB
Buffers:           36632 kB
Cached:           379656 kB
MemTotal:        1844596 kB
MemFree:         1255224 kB
MemAvailable:    1540384 kB
Buffers:           36632 kB
Cached:           379656 kB
MemTotal:        1844596 kB
MemFree:         1255048 kB
MemAvailable:    1540208 kB
Buffers:           36632 kB
Cached:           379656 kB
MemTotal:        1844596 kB
MemFree:         1255148 kB
MemAvailable:    1540308 kB
Buffers:           36632 kB
Cached:           379656 kB
MemTotal:        1844596 kB
MemFree:         1255052 kB
MemAvailable:    1540212 kB
Buffers:           36632 kB
Cached:           379656 kB
MemTotal:        1844596 kB
MemFree:         1255180 kB
MemAvailable:    1540340 kB
Buffers:           36632 kB
Cached:           379656 kB
MemTotal:        1844596 kB
MemFree:         1254924 kB
MemAvailable:    1540084 kB
Buffers:           36632 kB
Cached:           379656 kB
MemTotal:        1844596 kB
MemFree:         1254052 kB
MemAvailable:    1539212 kB
Buffers:           36632 kB
Cached:           379656 kB
MemTotal:        1844596 kB
MemFree:         1253796 kB
MemAvailable:    1538956 kB
Buffers:           36632 kB
Cached:           379656 kB
MemTotal:        1844596 kB
MemFree:         1255104 kB
MemAvailable:    1540264 kB
Buffers:           36632 kB
Cached:           379656 kB
MemTotal:        1844596 kB
MemFree:         1253804 kB
MemAvailable:    1538964 kB
Buffers:           36632 kB
Cached:           379656 kB
MemTotal:        1844596 kB
MemFree:         1254644 kB
MemAvailable:    1539804 kB
Buffers:           36632 kB
Cached:           379656 kB
MemTotal:        1844596 kB
MemFree:         1254980 kB
MemAvailable:    1540140 kB
Buffers:           36632 kB
Cached:           379656 kB
MemTotal:        1844596 kB
MemFree:         1253488 kB
MemAvailable:    1538648 kB
Buffers:           36632 kB
Cached:           379656 kB
MemTotal:        1844596 kB
MemFree:         1254720 kB
MemAvailable:    1539880 kB
Buffers:           36632 kB
Cached:           379656 kB
MemTotal:        1844596 kB
MemFree:         1251192 kB
MemAvailable:    1536352 kB
Buffers:           36632 kB
Cached:           379656 kB
MemTotal:        1844596 kB
MemFree:         1249092 kB
MemAvailable:    1534252 kB
Buffers:           36632 kB
Cached:           379656 kB
MemTotal:        1844596 kB
MemFree:         1246852 kB
MemAvailable:    1532012 kB
Buffers:           36632 kB
Cached:           379656 kB
MemTotal:        1844596 kB
MemFree:         1245604 kB
MemAvailable:    1530764 kB
Buffers:           36632 kB
Cached:           379656 kB
MemTotal:        1844596 kB
MemFree:         1245480 kB
MemAvailable:    1530640 kB
Buffers:           36632 kB
Cached:           379656 kB
MemTotal:        1844596 kB
MemFree:         1246516 kB
MemAvailable:    1531676 kB
Buffers:           36632 kB
Cached:           379656 kB
MemTotal:        1844596 kB
MemFree:         1245248 kB
MemAvailable:    1530408 kB
Buffers:           36632 kB
Cached:           379656 kB
MemTotal:        1844596 kB
MemFree:         1246100 kB
MemAvailable:    1531260 kB
Buffers:           36632 kB
Cached:           379656 kB
MemTotal:        1844596 kB
MemFree:         1246184 kB
MemAvailable:    1531344 kB
Buffers:           36632 kB
Cached:           379656 kB
MemTotal:        1844596 kB
MemFree:         1244820 kB
MemAvailable:    1529980 kB
Buffers:           36632 kB
Cached:           379656 kB
MemTotal:        1844596 kB
MemFree:         1246252 kB
MemAvailable:    1531412 kB
Buffers:           36632 kB
Cached:           379656 kB
MemTotal:        1844596 kB
MemFree:         1245372 kB
MemAvailable:    1530532 kB
Buffers:           36632 kB
Cached:           379656 kB
MemTotal:        1844596 kB
MemFree:         1245248 kB
MemAvailable:    1530408 kB
Buffers:           36632 kB
Cached:           379656 kB
MemTotal:        1844596 kB
MemFree:         1246424 kB
MemAvailable:    1531584 kB
Buffers:           36632 kB
Cached:           379656 kB
MemTotal:        1844596 kB
MemFree:         1244984 kB
MemAvailable:    1530144 kB
Buffers:           36632 kB
Cached:           379656 kB
MemTotal:        1844596 kB
MemFree:         1246356 kB
MemAvailable:    1531516 kB
Buffers:           36632 kB
Cached:           379656 kB
MemTotal:        1844596 kB
MemFree:         1246216 kB
MemAvailable:    1531376 kB
Buffers:           36632 kB
Cached:           379656 kB
MemTotal:        1844596 kB
MemFree:         1245992 kB
MemAvailable:    1531152 kB
Buffers:           36632 kB
Cached:           379656 kB
MemTotal:        1844596 kB
MemFree:         1244820 kB
MemAvailable:    1529980 kB
Buffers:           36632 kB
Cached:           379656 kB
MemTotal:        1844596 kB
MemFree:         1246288 kB
MemAvailable:    1531448 kB
Buffers:           36632 kB
Cached:           379656 kB
MemTotal:        1844596 kB
MemFree:         1244856 kB
MemAvailable:    1530016 kB
Buffers:           36632 kB
Cached:           379656 kB
MemTotal:        1844596 kB
MemFree:         1246156 kB
MemAvailable:    1531316 kB
Buffers:           36632 kB
Cached:           379656 kB
MemTotal:        1844596 kB
MemFree:         1245056 kB
MemAvailable:    1530216 kB
Buffers:           36632 kB
Cached:           379656 kB
MemTotal:        1844596 kB
MemFree:         1244924 kB
MemAvailable:    1530084 kB
Buffers:           36632 kB
Cached:           379656 kB
MemTotal:        1844596 kB
MemFree:         1246068 kB
MemAvailable:    1531228 kB
Buffers:           36632 kB
Cached:           379656 kB
MemTotal:        1844596 kB
MemFree:         1246324 kB
MemAvailable:    1531484 kB
Buffers:           36632 kB
Cached:           379656 kB
MemTotal:        1844596 kB
MemFree:         1246100 kB
MemAvailable:    1531260 kB
Buffers:           36632 kB
Cached:           379656 kB
MemTotal:        1844596 kB
MemFree:         1245992 kB
MemAvailable:    1531152 kB
Buffers:           36632 kB
Cached:           379656 kB
MemTotal:        1844596 kB
MemFree:         1244944 kB
MemAvailable:    1530112 kB
Buffers:           36632 kB
Cached:           379664 kB
MemTotal:        1844596 kB
MemFree:         1244820 kB
MemAvailable:    1529988 kB
Buffers:           36632 kB
Cached:           379664 kB
MemTotal:        1844596 kB
MemFree:         1246088 kB
MemAvailable:    1531256 kB
Buffers:           36632 kB
Cached:           379664 kB
MemTotal:        1844596 kB
MemFree:         1246172 kB
MemAvailable:    1531340 kB
Buffers:           36632 kB
Cached:           379664 kB
MemTotal:        1844596 kB
MemFree:         1242024 kB
MemAvailable:    1527192 kB
Buffers:           36632 kB
Cached:           379664 kB
MemTotal:        1844596 kB
MemFree:         1239660 kB
MemAvailable:    1524828 kB
Buffers:           36632 kB
Cached:           379664 kB
MemTotal:        1844596 kB
MemFree:         1236196 kB
MemAvailable:    1521364 kB
Buffers:           36632 kB
Cached:           379664 kB
MemTotal:        1844596 kB
MemFree:         1236932 kB
MemAvailable:    1522100 kB
Buffers:           36632 kB
Cached:           379664 kB
MemTotal:        1844596 kB
MemFree:         1237184 kB
MemAvailable:    1522352 kB
Buffers:           36632 kB
Cached:           379664 kB
MemTotal:        1844596 kB
MemFree:         1236868 kB
MemAvailable:    1522036 kB
Buffers:           36632 kB
Cached:           379664 kB
MemTotal:        1844596 kB
MemFree:         1235684 kB
MemAvailable:    1520852 kB
Buffers:           36632 kB
Cached:           379664 kB
MemTotal:        1844596 kB
MemFree:         1234708 kB
MemAvailable:    1519876 kB
Buffers:           36632 kB
Cached:           379664 kB
MemTotal:        1844596 kB
MemFree:         1234196 kB
MemAvailable:    1519364 kB
Buffers:           36632 kB
Cached:           379664 kB
MemTotal:        1844596 kB
MemFree:         1233468 kB
MemAvailable:    1518636 kB
Buffers:           36632 kB
Cached:           379664 kB
MemTotal:        1844596 kB
MemFree:         1234328 kB
MemAvailable:    1519496 kB
Buffers:           36632 kB
Cached:           379664 kB
MemTotal:        1844596 kB
MemFree:         1234328 kB
MemAvailable:    1519496 kB
Buffers:           36632 kB
Cached:           379664 kB
MemTotal:        1844596 kB
MemFree:         1233168 kB
MemAvailable:    1518336 kB
Buffers:           36632 kB
Cached:           379664 kB
MemTotal:        1844596 kB
MemFree:         1234320 kB
MemAvailable:    1519488 kB
Buffers:           36632 kB
Cached:           379664 kB
MemTotal:        1844596 kB
MemFree:         1233200 kB
MemAvailable:    1518368 kB
Buffers:           36632 kB
Cached:           379664 kB
MemTotal:        1844596 kB
MemFree:         1234424 kB
MemAvailable:    1519592 kB
Buffers:           36632 kB
Cached:           379664 kB
MemTotal:        1844596 kB
MemFree:         1234392 kB
MemAvailable:    1519560 kB
Buffers:           36632 kB
Cached:           379664 kB
MemTotal:        1844596 kB
MemFree:         1233592 kB
MemAvailable:    1518760 kB
Buffers:           36632 kB
Cached:           379664 kB
MemTotal:        1844596 kB
MemFree:         1234072 kB
MemAvailable:    1519240 kB
Buffers:           36632 kB
Cached:           379664 kB
MemTotal:        1844596 kB
MemFree:         1234408 kB
MemAvailable:    1519576 kB
Buffers:           36632 kB
Cached:           379664 kB
MemTotal:        1844596 kB
MemFree:         1234196 kB
MemAvailable:    1519364 kB
Buffers:           36632 kB
Cached:           379664 kB
MemTotal:        1844596 kB
MemFree:         1234196 kB
MemAvailable:    1519364 kB
Buffers:           36632 kB
Cached:           379664 kB
MemTotal:        1844596 kB
MemFree:         1234072 kB
MemAvailable:    1519240 kB
Buffers:           36632 kB
Cached:           379664 kB
MemTotal:        1844596 kB
MemFree:         1232948 kB
MemAvailable:    1518116 kB
Buffers:           36632 kB
Cached:           379664 kB
MemTotal:        1844596 kB
MemFree:         1232948 kB
MemAvailable:    1518116 kB
Buffers:           36632 kB
Cached:           379664 kB
MemTotal:        1844596 kB
MemFree:         1234280 kB
MemAvailable:    1519448 kB
Buffers:           36632 kB
Cached:           379664 kB
MemTotal:        1844596 kB
MemFree:         1233468 kB
MemAvailable:    1518636 kB
Buffers:           36632 kB
Cached:           379664 kB
MemTotal:        1844596 kB
MemFree:         1234628 kB
MemAvailable:    1519800 kB
Buffers:           36632 kB
Cached:           379668 kB
MemTotal:        1844596 kB
MemFree:         1233220 kB
MemAvailable:    1518392 kB
Buffers:           36632 kB
Cached:           379668 kB
MemTotal:        1844596 kB
MemFree:         1234520 kB
MemAvailable:    1519692 kB
Buffers:           36632 kB
Cached:           379668 kB
MemTotal:        1844596 kB
MemFree:         1234388 kB
MemAvailable:    1519560 kB
Buffers:           36632 kB
Cached:           379668 kB
MemTotal:        1844596 kB
MemFree:         1233040 kB
MemAvailable:    1518212 kB
Buffers:           36632 kB
Cached:           379668 kB
MemTotal:        1844596 kB
MemFree:         1234276 kB
MemAvailable:    1519448 kB
Buffers:           36632 kB
Cached:           379668 kB
MemTotal:        1844596 kB
MemFree:         1234268 kB
MemAvailable:    1519440 kB
Buffers:           36632 kB
Cached:           379668 kB
MemTotal:        1844596 kB
MemFree:         1234372 kB
MemAvailable:    1519544 kB
Buffers:           36632 kB
Cached:           379668 kB
MemTotal:        1844596 kB
MemFree:         1234168 kB
MemAvailable:    1519340 kB
Buffers:           36632 kB
Cached:           379668 kB
MemTotal:        1844596 kB
MemFree:         1234212 kB
MemAvailable:    1519384 kB
Buffers:           36632 kB
Cached:           379668 kB
MemTotal:        1844596 kB
MemFree:         1234024 kB
MemAvailable:    1519196 kB
Buffers:           36632 kB
Cached:           379668 kB
MemTotal:        1844596 kB
MemFree:         1233704 kB
MemAvailable:    1518876 kB
Buffers:           36632 kB
Cached:           379668 kB
MemTotal:        1844596 kB
MemFree:         1234368 kB
MemAvailable:    1519540 kB
Buffers:           36632 kB
Cached:           379668 kB
MemTotal:        1844596 kB
MemFree:         1232768 kB
MemAvailable:    1517940 kB
Buffers:           36632 kB
Cached:           379668 kB
MemTotal:        1844596 kB
MemFree:         1234252 kB
MemAvailable:    1519424 kB
Buffers:           36632 kB
Cached:           379668 kB
MemTotal:        1844596 kB
MemFree:         1234252 kB
MemAvailable:    1519424 kB
Buffers:           36632 kB
Cached:           379668 kB
MemTotal:        1844596 kB
MemFree:         1234256 kB
MemAvailable:    1519428 kB
Buffers:           36632 kB
Cached:           379668 kB
MemTotal:        1844596 kB
MemFree:         1234216 kB
MemAvailable:    1519388 kB
Buffers:           36632 kB
Cached:           379668 kB
MemTotal:        1844596 kB
MemFree:         1234144 kB
MemAvailable:    1519316 kB
Buffers:           36632 kB
Cached:           379668 kB
MemTotal:        1844596 kB
MemFree:         1233848 kB
MemAvailable:    1519020 kB
Buffers:           36632 kB
Cached:           379668 kB
MemTotal:        1844596 kB
MemFree:         1234224 kB
MemAvailable:    1519396 kB
Buffers:           36632 kB
Cached:           379668 kB
MemTotal:        1844596 kB
MemFree:         1234344 kB
MemAvailable:    1519516 kB
Buffers:           36632 kB
Cached:           379668 kB
MemTotal:        1844596 kB
MemFree:         1234140 kB
MemAvailable:    1519312 kB
Buffers:           36632 kB
Cached:           379668 kB
MemTotal:        1844596 kB
MemFree:         1234392 kB
MemAvailable:    1519564 kB
Buffers:           36632 kB
Cached:           379668 kB
MemTotal:        1844596 kB
MemFree:         1234384 kB
MemAvailable:    1519556 kB
Buffers:           36632 kB
Cached:           379668 kB
MemTotal:        1844596 kB
MemFree:         1234212 kB
MemAvailable:    1519384 kB
Buffers:           36632 kB
Cached:           379668 kB
MemTotal:        1844596 kB
MemFree:         1234140 kB
MemAvailable:    1519312 kB
Buffers:           36632 kB
Cached:           379668 kB
MemTotal:        1844596 kB
MemFree:         1234140 kB
MemAvailable:    1519312 kB
Buffers:           36632 kB
Cached:           379668 kB
MemTotal:        1844596 kB
MemFree:         1234196 kB
MemAvailable:    1519368 kB
Buffers:           36632 kB
Cached:           379668 kB
MemTotal:        1844596 kB
MemFree:         1234448 kB
MemAvailable:    1519620 kB
Buffers:           36632 kB
Cached:           379668 kB
MemTotal:        1844596 kB
MemFree:         1234024 kB
MemAvailable:    1519196 kB
Buffers:           36632 kB
Cached:           379668 kB
MemTotal:        1844596 kB
MemFree:         1234280 kB
MemAvailable:    1519452 kB
Buffers:           36632 kB
Cached:           379668 kB
MemTotal:        1844596 kB
MemFree:         1234144 kB
MemAvailable:    1519316 kB
Buffers:           36632 kB
Cached:           379668 kB
MemTotal:        1844596 kB
MemFree:         1234096 kB
MemAvailable:    1519268 kB
Buffers:           36632 kB
Cached:           379668 kB
MemTotal:        1844596 kB
MemFree:         1234140 kB
MemAvailable:    1519312 kB
Buffers:           36632 kB
Cached:           379668 kB
MemTotal:        1844596 kB
MemFree:         1232832 kB
MemAvailable:    1518004 kB
Buffers:           36632 kB
Cached:           379668 kB
MemTotal:        1844596 kB
MemFree:         1234072 kB
MemAvailable:    1519244 kB
Buffers:           36632 kB
Cached:           379668 kB
MemTotal:        1844596 kB
MemFree:         1234072 kB
MemAvailable:    1519244 kB
Buffers:           36632 kB
Cached:           379668 kB
MemTotal:        1844596 kB
MemFree:         1233892 kB
MemAvailable:    1519064 kB
Buffers:           36632 kB
Cached:           379668 kB
MemTotal:        1844596 kB
MemFree:         1232716 kB
MemAvailable:    1517888 kB
Buffers:           36632 kB
Cached:           379668 kB
MemTotal:        1844596 kB
MemFree:         1232832 kB
MemAvailable:    1518004 kB
Buffers:           36632 kB
Cached:           379668 kB
MemTotal:        1844596 kB
MemFree:         1233568 kB
MemAvailable:    1518744 kB
Buffers:           36632 kB
Cached:           379672 kB
MemTotal:        1844596 kB
MemFree:         1233820 kB
MemAvailable:    1518996 kB
Buffers:           36632 kB
Cached:           379672 kB
MemTotal:        1844596 kB
MemFree:         1233652 kB
MemAvailable:    1518828 kB
Buffers:           36632 kB
Cached:           379672 kB
MemTotal:        1844596 kB
MemFree:         1233776 kB
MemAvailable:    1518952 kB
Buffers:           36632 kB
Cached:           379672 kB
MemTotal:        1844596 kB
MemFree:         1232848 kB
MemAvailable:    1518024 kB
Buffers:           36632 kB
Cached:           379672 kB
MemTotal:        1844596 kB
MemFree:         1233280 kB
MemAvailable:    1518456 kB
Buffers:           36632 kB
Cached:           379672 kB
MemTotal:        1844596 kB
MemFree:         1233448 kB
MemAvailable:    1518624 kB
Buffers:           36632 kB
Cached:           379672 kB
MemTotal:        1844596 kB
MemFree:         1233344 kB
MemAvailable:    1518520 kB
Buffers:           36632 kB
Cached:           379672 kB
MemTotal:        1844596 kB
MemFree:         1233356 kB
MemAvailable:    1518532 kB
Buffers:           36632 kB
Cached:           379672 kB
MemTotal:        1844596 kB
MemFree:         1232476 kB
MemAvailable:    1517652 kB
Buffers:           36632 kB
Cached:           379672 kB
MemTotal:        1844596 kB
MemFree:         1233088 kB
MemAvailable:    1518264 kB
Buffers:           36632 kB
Cached:           379672 kB
MemTotal:        1844596 kB
MemFree:         1231848 kB
MemAvailable:    1517024 kB
Buffers:           36632 kB
Cached:           379672 kB
MemTotal:        1844596 kB
MemFree:         1231972 kB
MemAvailable:    1517148 kB
Buffers:           36632 kB
Cached:           379672 kB
MemTotal:        1844596 kB
MemFree:         1233048 kB
MemAvailable:    1518224 kB
Buffers:           36632 kB
Cached:           379672 kB
MemTotal:        1844596 kB
MemFree:         1231932 kB
MemAvailable:    1517108 kB
Buffers:           36632 kB
Cached:           379672 kB
MemTotal:        1844596 kB
MemFree:         1232180 kB
MemAvailable:    1517356 kB
Buffers:           36632 kB
Cached:           379672 kB
MemTotal:        1844596 kB
MemFree:         1233204 kB
MemAvailable:    1518380 kB
Buffers:           36632 kB
Cached:           379672 kB
MemTotal:        1844596 kB
MemFree:         1232916 kB
MemAvailable:    1518092 kB
Buffers:           36632 kB
Cached:           379672 kB
MemTotal:        1844596 kB
MemFree:         1232776 kB
MemAvailable:    1517956 kB
Buffers:           36632 kB
Cached:           379676 kB
MemTotal:        1844596 kB
MemFree:         1232776 kB
MemAvailable:    1517956 kB
Buffers:           36632 kB
Cached:           379676 kB
MemTotal:        1844596 kB
MemFree:         1233220 kB
MemAvailable:    1518400 kB
Buffers:           36632 kB
Cached:           379676 kB
MemTotal:        1844596 kB
MemFree:         1231920 kB
MemAvailable:    1517100 kB
Buffers:           36632 kB
Cached:           379676 kB
MemTotal:        1844596 kB
MemFree:         1231912 kB
MemAvailable:    1517092 kB
Buffers:           36632 kB
Cached:           379676 kB
MemTotal:        1844596 kB
MemFree:         1230484 kB
MemAvailable:    1515664 kB
Buffers:           36632 kB
Cached:           379676 kB
MemTotal:        1844596 kB
MemFree:         1226276 kB
MemAvailable:    1511456 kB
Buffers:           36632 kB
Cached:           379676 kB
MemTotal:        1844596 kB
MemFree:         1223476 kB
MemAvailable:    1508656 kB
Buffers:           36632 kB
Cached:           379676 kB
MemTotal:        1844596 kB
MemFree:         1221564 kB
MemAvailable:    1506744 kB
Buffers:           36632 kB
Cached:           379676 kB
MemTotal:        1844596 kB
MemFree:         1222536 kB
MemAvailable:    1507716 kB
Buffers:           36632 kB
Cached:           379676 kB
MemTotal:        1844596 kB
MemFree:         1222872 kB
MemAvailable:    1508052 kB
Buffers:           36632 kB
Cached:           379676 kB
MemTotal:        1844596 kB
MemFree:         1221544 kB
MemAvailable:    1506724 kB
Buffers:           36632 kB
Cached:           379676 kB
MemTotal:        1844596 kB
MemFree:         1222492 kB
MemAvailable:    1507672 kB
Buffers:           36632 kB
Cached:           379676 kB
MemTotal:        1844596 kB
MemFree:         1221184 kB
MemAvailable:    1506364 kB
Buffers:           36632 kB
Cached:           379676 kB
MemTotal:        1844596 kB
MemFree:         1221068 kB
MemAvailable:    1506248 kB
Buffers:           36632 kB
Cached:           379676 kB
MemTotal:        1844596 kB
MemFree:         1221872 kB
MemAvailable:    1507052 kB
Buffers:           36632 kB
Cached:           379676 kB
MemTotal:        1844596 kB
MemFree:         1220556 kB
MemAvailable:    1505736 kB
Buffers:           36632 kB
Cached:           379676 kB
MemTotal:        1844596 kB
MemFree:         1220448 kB
MemAvailable:    1505628 kB
Buffers:           36632 kB
Cached:           379676 kB
MemTotal:        1844596 kB
MemFree:         1219944 kB
MemAvailable:    1505124 kB
Buffers:           36632 kB
Cached:           379676 kB
MemTotal:        1844596 kB
MemFree:         1220200 kB
MemAvailable:    1505380 kB
Buffers:           36632 kB
Cached:           379676 kB
MemTotal:        1844596 kB
MemFree:         1218704 kB
MemAvailable:    1503884 kB
Buffers:           36632 kB
Cached:           379676 kB
MemTotal:        1844596 kB
MemFree:         1219928 kB
MemAvailable:    1505108 kB
Buffers:           36632 kB
Cached:           379676 kB
MemTotal:        1844596 kB
MemFree:         1219632 kB
MemAvailable:    1504812 kB
Buffers:           36632 kB
Cached:           379676 kB
MemTotal:        1844596 kB
MemFree:         1219884 kB
MemAvailable:    1505064 kB
Buffers:           36632 kB
Cached:           379676 kB
MemTotal:        1844596 kB
MemFree:         1219684 kB
MemAvailable:    1504864 kB
Buffers:           36632 kB
Cached:           379676 kB
MemTotal:        1844596 kB
MemFree:         1219032 kB
MemAvailable:    1504212 kB
Buffers:           36632 kB
Cached:           379676 kB
MemTotal:        1844596 kB
MemFree:         1219956 kB
MemAvailable:    1505136 kB
Buffers:           36632 kB
Cached:           379676 kB
MemTotal:        1844596 kB
MemFree:         1219084 kB
MemAvailable:    1504264 kB
Buffers:           36632 kB
Cached:           379676 kB
MemTotal:        1844596 kB
MemFree:         1220120 kB
MemAvailable:    1505300 kB
Buffers:           36632 kB
Cached:           379676 kB
MemTotal:        1844596 kB
MemFree:         1218960 kB
MemAvailable:    1504140 kB
Buffers:           36632 kB
Cached:           379676 kB
MemTotal:        1844596 kB
MemFree:         1220136 kB
MemAvailable:    1505316 kB
Buffers:           36632 kB
Cached:           379676 kB
MemTotal:        1844596 kB
MemFree:         1220012 kB
MemAvailable:    1505192 kB
Buffers:           36632 kB
Cached:           379676 kB
MemTotal:        1844596 kB
MemFree:         1219880 kB
MemAvailable:    1505060 kB
Buffers:           36632 kB
Cached:           379676 kB
MemTotal:        1844596 kB
MemFree:         1218836 kB
MemAvailable:    1504016 kB
Buffers:           36632 kB
Cached:           379676 kB
MemTotal:        1844596 kB
MemFree:         1219516 kB
MemAvailable:    1504696 kB
Buffers:           36632 kB
Cached:           379676 kB
MemTotal:        1844596 kB
MemFree:         1219768 kB
MemAvailable:    1504948 kB
Buffers:           36632 kB
Cached:           379676 kB
MemTotal:        1844596 kB
MemFree:         1217968 kB
MemAvailable:    1503148 kB
Buffers:           36632 kB
Cached:           379676 kB
MemTotal:        1844596 kB
MemFree:         1217704 kB
MemAvailable:    1502884 kB
Buffers:           36632 kB
Cached:           379676 kB
MemTotal:        1844596 kB
MemFree:         1217704 kB
MemAvailable:    1502884 kB
Buffers:           36632 kB
Cached:           379676 kB
MemTotal:        1844596 kB
MemFree:         1217600 kB
MemAvailable:    1502780 kB
Buffers:           36632 kB
Cached:           379676 kB
MemTotal:        1844596 kB
MemFree:         1216300 kB
MemAvailable:    1501480 kB
Buffers:           36644 kB
Cached:           379664 kB
MemTotal:        1844596 kB
MemFree:         1216292 kB
MemAvailable:    1501472 kB
Buffers:           36644 kB
Cached:           379664 kB
MemTotal:        1844596 kB
MemFree:         1216416 kB
MemAvailable:    1501596 kB
Buffers:           36644 kB
Cached:           379664 kB
MemTotal:        1844596 kB
MemFree:         1217224 kB
MemAvailable:    1502404 kB
Buffers:           36644 kB
Cached:           379664 kB
MemTotal:        1844596 kB
MemFree:         1215976 kB
MemAvailable:    1501156 kB
Buffers:           36644 kB
Cached:           379664 kB
MemTotal:        1844596 kB
MemFree:         1215976 kB
MemAvailable:    1501156 kB
Buffers:           36644 kB
Cached:           379664 kB
MemTotal:        1844596 kB
MemFree:         1215472 kB
MemAvailable:    1500652 kB
Buffers:           36644 kB
Cached:           379664 kB
MemTotal:        1844596 kB
MemFree:         1214992 kB
MemAvailable:    1500172 kB
Buffers:           36644 kB
Cached:           379664 kB
MemTotal:        1844596 kB
MemFree:         1213976 kB
MemAvailable:    1499156 kB
Buffers:           36644 kB
Cached:           379664 kB
MemTotal:        1844596 kB
MemFree:         1214928 kB
MemAvailable:    1500108 kB
Buffers:           36644 kB
Cached:           379664 kB
MemTotal:        1844596 kB
MemFree:         1214796 kB
MemAvailable:    1499976 kB
Buffers:           36644 kB
Cached:           379664 kB
MemTotal:        1844596 kB
MemFree:         1213364 kB
MemAvailable:    1498544 kB
Buffers:           36644 kB
Cached:           379664 kB
MemTotal:        1844596 kB
MemFree:         1214556 kB
MemAvailable:    1499736 kB
Buffers:           36644 kB
Cached:           379664 kB
MemTotal:        1844596 kB
MemFree:         1214132 kB
MemAvailable:    1499312 kB
Buffers:           36644 kB
Cached:           379664 kB
MemTotal:        1844596 kB
MemFree:         1213332 kB
MemAvailable:    1498512 kB
Buffers:           36644 kB
Cached:           379664 kB
MemTotal:        1844596 kB
MemFree:         1214632 kB
MemAvailable:    1499812 kB
Buffers:           36644 kB
Cached:           379664 kB
MemTotal:        1844596 kB
MemFree:         1214604 kB
MemAvailable:    1499784 kB
Buffers:           36644 kB
Cached:           379664 kB
MemTotal:        1844596 kB
MemFree:         1214732 kB
MemAvailable:    1499912 kB
Buffers:           36644 kB
Cached:           379664 kB
MemTotal:        1844596 kB
MemFree:         1213256 kB
MemAvailable:    1498456 kB
Buffers:           36644 kB
Cached:           379684 kB
MemTotal:        1844596 kB
MemFree:         1214688 kB
MemAvailable:    1499888 kB
Buffers:           36644 kB
Cached:           379684 kB
MemTotal:        1844596 kB
MemFree:         1214556 kB
MemAvailable:    1499756 kB
Buffers:           36644 kB
Cached:           379684 kB
MemTotal:        1844596 kB
MemFree:         1213372 kB
MemAvailable:    1498572 kB
Buffers:           36644 kB
Cached:           379684 kB
MemTotal:        1844596 kB
MemFree:         1213124 kB
MemAvailable:    1498324 kB
Buffers:           36644 kB
Cached:           379684 kB
MemTotal:        1844596 kB
MemFree:         1214244 kB
MemAvailable:    1499444 kB
Buffers:           36644 kB
Cached:           379684 kB
MemTotal:        1844596 kB
MemFree:         1213076 kB
MemAvailable:    1498276 kB
Buffers:           36644 kB
Cached:           379684 kB
MemTotal:        1844596 kB
MemFree:         1214344 kB
MemAvailable:    1499544 kB
Buffers:           36644 kB
Cached:           379684 kB
MemTotal:        1844596 kB
MemFree:         1214324 kB
MemAvailable:    1499524 kB
Buffers:           36644 kB
Cached:           379684 kB
MemTotal:        1844596 kB
MemFree:         1212940 kB
MemAvailable:    1498140 kB
Buffers:           36644 kB
Cached:           379684 kB
MemTotal:        1844596 kB
MemFree:         1213324 kB
MemAvailable:    1498524 kB
Buffers:           36644 kB
Cached:           379684 kB
MemTotal:        1844596 kB
MemFree:         1213060 kB
MemAvailable:    1498260 kB
Buffers:           36644 kB
Cached:           379684 kB
MemTotal:        1844596 kB
MemFree:         1213140 kB
MemAvailable:    1498340 kB
Buffers:           36644 kB
Cached:           379684 kB
MemTotal:        1844596 kB
MemFree:         1212968 kB
MemAvailable:    1498168 kB
Buffers:           36644 kB
Cached:           379684 kB
MemTotal:        1844596 kB
MemFree:         1214496 kB
MemAvailable:    1499696 kB
Buffers:           36644 kB
Cached:           379684 kB
MemTotal:        1844596 kB
MemFree:         1214372 kB
MemAvailable:    1499572 kB
Buffers:           36644 kB
Cached:           379684 kB
MemTotal:        1844596 kB
MemFree:         1212984 kB
MemAvailable:    1498184 kB
Buffers:           36644 kB
Cached:           379684 kB
MemTotal:        1844596 kB
MemFree:         1214432 kB
MemAvailable:    1499632 kB
Buffers:           36644 kB
Cached:           379684 kB
MemTotal:        1844596 kB
MemFree:         1214116 kB
MemAvailable:    1499316 kB
Buffers:           36644 kB
Cached:           379684 kB
MemTotal:        1844596 kB
MemFree:         1214200 kB
MemAvailable:    1499400 kB
Buffers:           36644 kB
Cached:           379684 kB
MemTotal:        1844596 kB
MemFree:         1213324 kB
MemAvailable:    1498524 kB
Buffers:           36644 kB
Cached:           379684 kB
MemTotal:        1844596 kB
MemFree:         1213068 kB
MemAvailable:    1498268 kB
Buffers:           36644 kB
Cached:           379684 kB
MemTotal:        1844596 kB
MemFree:         1212828 kB
MemAvailable:    1498028 kB
Buffers:           36644 kB
Cached:           379684 kB
MemTotal:        1844596 kB
MemFree:         1211148 kB
MemAvailable:    1496348 kB
Buffers:           36644 kB
Cached:           379684 kB
MemTotal:        1844596 kB
MemFree:         1211232 kB
MemAvailable:    1496432 kB
Buffers:           36644 kB
Cached:           379684 kB
MemTotal:        1844596 kB
MemFree:         1208420 kB
MemAvailable:    1493620 kB
Buffers:           36644 kB
Cached:           379684 kB
MemTotal:        1844596 kB
MemFree:         1205700 kB
MemAvailable:    1490900 kB
Buffers:           36644 kB
Cached:           379684 kB
MemTotal:        1844596 kB
MemFree:         1203840 kB
MemAvailable:    1489040 kB
Buffers:           36644 kB
Cached:           379684 kB
MemTotal:        1844596 kB
MemFree:         1200120 kB
MemAvailable:    1485320 kB
Buffers:           36644 kB
Cached:           379684 kB
MemTotal:        1844596 kB
MemFree:         1196832 kB
MemAvailable:    1482032 kB
Buffers:           36644 kB
Cached:           379684 kB
MemTotal:        1844596 kB
MemFree:         1195036 kB
MemAvailable:    1480236 kB
Buffers:           36644 kB
Cached:           379684 kB
MemTotal:        1844596 kB
MemFree:         1195964 kB
MemAvailable:    1481164 kB
Buffers:           36644 kB
Cached:           379684 kB
MemTotal:        1844596 kB
MemFree:         1195724 kB
MemAvailable:    1480924 kB
Buffers:           36644 kB
Cached:           379684 kB
MemTotal:        1844596 kB
MemFree:         1195976 kB
MemAvailable:    1481176 kB
Buffers:           36644 kB
Cached:           379684 kB
MemTotal:        1844596 kB
MemFree:         1195708 kB
MemAvailable:    1480908 kB
Buffers:           36644 kB
Cached:           379684 kB
MemTotal:        1844596 kB
MemFree:         1195252 kB
MemAvailable:    1480452 kB
Buffers:           36644 kB
Cached:           379684 kB
MemTotal:        1844596 kB
MemFree:         1195252 kB
MemAvailable:    1480452 kB
Buffers:           36644 kB
Cached:           379684 kB
MemTotal:        1844596 kB
MemFree:         1195280 kB
MemAvailable:    1480480 kB
Buffers:           36644 kB
Cached:           379684 kB
MemTotal:        1844596 kB
MemFree:         1193988 kB
MemAvailable:    1479188 kB
Buffers:           36644 kB
Cached:           379684 kB
MemTotal:        1844596 kB
MemFree:         1195412 kB
MemAvailable:    1480612 kB
Buffers:           36644 kB
Cached:           379684 kB
MemTotal:        1844596 kB
MemFree:         1194532 kB
MemAvailable:    1479732 kB
Buffers:           36644 kB
Cached:           379684 kB
MemTotal:        1844596 kB
MemFree:         1194772 kB
MemAvailable:    1479976 kB
Buffers:           36644 kB
Cached:           379688 kB
MemTotal:        1844596 kB
MemFree:         1195108 kB
MemAvailable:    1480312 kB
Buffers:           36644 kB
Cached:           379688 kB
MemTotal:        1844596 kB
MemFree:         1194640 kB
MemAvailable:    1479844 kB
Buffers:           36644 kB
Cached:           379688 kB
MemTotal:        1844596 kB
MemFree:         1194640 kB
MemAvailable:    1479844 kB
Buffers:           36644 kB
Cached:           379688 kB
MemTotal:        1844596 kB
MemFree:         1193356 kB
MemAvailable:    1478560 kB
Buffers:           36644 kB
Cached:           379688 kB
MemTotal:        1844596 kB
MemFree:         1193356 kB
MemAvailable:    1478560 kB
Buffers:           36644 kB
Cached:           379688 kB
MemTotal:        1844596 kB
MemFree:         1194624 kB
MemAvailable:    1479828 kB
Buffers:           36644 kB
Cached:           379688 kB
MemTotal:        1844596 kB
MemFree:         1194664 kB
MemAvailable:    1479868 kB
Buffers:           36644 kB
Cached:           379688 kB
MemTotal:        1844596 kB
MemFree:         1194476 kB
MemAvailable:    1479680 kB
Buffers:           36644 kB
Cached:           379688 kB
MemTotal:        1844596 kB
MemFree:         1194280 kB
MemAvailable:    1479484 kB
Buffers:           36644 kB
Cached:           379688 kB
MemTotal:        1844596 kB
MemFree:         1194524 kB
MemAvailable:    1479728 kB
Buffers:           36644 kB
Cached:           379688 kB
MemTotal:        1844596 kB
MemFree:         1194776 kB
MemAvailable:    1479980 kB
Buffers:           36644 kB
Cached:           379688 kB
MemTotal:        1844596 kB
MemFree:         1194652 kB
MemAvailable:    1479856 kB
Buffers:           36644 kB
Cached:           379688 kB
MemTotal:        1844596 kB
MemFree:         1194472 kB
MemAvailable:    1479676 kB
Buffers:           36644 kB
Cached:           379688 kB
MemTotal:        1844596 kB
MemFree:         1194728 kB
MemAvailable:    1479932 kB
Buffers:           36644 kB
Cached:           379688 kB
MemTotal:        1844596 kB
MemFree:         1194592 kB
MemAvailable:    1479796 kB
Buffers:           36644 kB
Cached:           379688 kB
MemTotal:        1844596 kB
MemFree:         1194844 kB
MemAvailable:    1480048 kB
Buffers:           36644 kB
Cached:           379688 kB
MemTotal:        1844596 kB
MemFree:         1193416 kB
MemAvailable:    1478620 kB
Buffers:           36644 kB
Cached:           379688 kB
MemTotal:        1844596 kB
MemFree:         1193416 kB
MemAvailable:    1478620 kB
Buffers:           36644 kB
Cached:           379688 kB
MemTotal:        1844596 kB
MemFree:         1193664 kB
MemAvailable:    1478868 kB
Buffers:           36644 kB
Cached:           379688 kB
MemTotal:        1844596 kB
MemFree:         1194716 kB
MemAvailable:    1479920 kB
Buffers:           36644 kB
Cached:           379688 kB
MemTotal:        1844596 kB
MemFree:         1193284 kB
MemAvailable:    1478488 kB
Buffers:           36644 kB
Cached:           379688 kB
MemTotal:        1844596 kB
MemFree:         1194752 kB
MemAvailable:    1479956 kB
Buffers:           36644 kB
Cached:           379688 kB
MemTotal:        1844596 kB
MemFree:         1193408 kB
MemAvailable:    1478612 kB
Buffers:           36644 kB
Cached:           379688 kB
MemTotal:        1844596 kB
MemFree:         1193396 kB
MemAvailable:    1478600 kB
Buffers:           36644 kB
Cached:           379688 kB
MemTotal:        1844596 kB
MemFree:         1194624 kB
MemAvailable:    1479828 kB
Buffers:           36644 kB
Cached:           379688 kB
MemTotal:        1844596 kB
MemFree:         1194624 kB
MemAvailable:    1479828 kB
Buffers:           36644 kB
Cached:           379688 kB
MemTotal:        1844596 kB
MemFree:         1194668 kB
MemAvailable:    1479872 kB
Buffers:           36644 kB
Cached:           379688 kB
MemTotal:        1844596 kB
MemFree:         1193228 kB
MemAvailable:    1478432 kB
Buffers:           36644 kB
Cached:           379688 kB
MemTotal:        1844596 kB
MemFree:         1190572 kB
MemAvailable:    1475776 kB
Buffers:           36644 kB
Cached:           379688 kB
MemTotal:        1844596 kB
MemFree:         1186960 kB
MemAvailable:    1472168 kB
Buffers:           36644 kB
Cached:           379692 kB
MemTotal:        1844596 kB
MemFree:         1187172 kB
MemAvailable:    1472380 kB
Buffers:           36644 kB
Cached:           379692 kB
MemTotal:        1844596 kB
MemFree:         1181876 kB
MemAvailable:    1467084 kB
Buffers:           36644 kB
Cached:           379692 kB
MemTotal:        1844596 kB
MemFree:         1181876 kB
MemAvailable:    1467084 kB
Buffers:           36644 kB
Cached:           379692 kB
MemTotal:        1844596 kB
MemFree:         1176676 kB
MemAvailable:    1461884 kB
Buffers:           36644 kB
Cached:           379692 kB
MemTotal:        1844596 kB
MemFree:         1177304 kB
MemAvailable:    1462512 kB
Buffers:           36644 kB
Cached:           379692 kB
MemTotal:        1844596 kB
MemFree:         1176064 kB
MemAvailable:    1461272 kB
Buffers:           36644 kB
Cached:           379692 kB
MemTotal:        1844596 kB
MemFree:         1177116 kB
MemAvailable:    1462324 kB
Buffers:           36644 kB
Cached:           379692 kB
MemTotal:        1844596 kB
MemFree:         1176876 kB
MemAvailable:    1462084 kB
Buffers:           36644 kB
Cached:           379692 kB
MemTotal:        1844596 kB
MemFree:         1176876 kB
MemAvailable:    1462084 kB
Buffers:           36644 kB
Cached:           379692 kB
MemTotal:        1844596 kB
MemFree:         1176844 kB
MemAvailable:    1462052 kB
Buffers:           36644 kB
Cached:           379692 kB
MemTotal:        1844596 kB
MemFree:         1176816 kB
MemAvailable:    1462024 kB
Buffers:           36644 kB
Cached:           379692 kB
MemTotal:        1844596 kB
MemFree:         1176792 kB
MemAvailable:    1462000 kB
Buffers:           36644 kB
Cached:           379692 kB
MemTotal:        1844596 kB
MemFree:         1176932 kB
MemAvailable:    1462140 kB
Buffers:           36644 kB
Cached:           379692 kB
MemTotal:        1844596 kB
MemFree:         1176812 kB
MemAvailable:    1462020 kB
Buffers:           36644 kB
Cached:           379692 kB
MemTotal:        1844596 kB
MemFree:         1176736 kB
MemAvailable:    1461944 kB
Buffers:           36644 kB
Cached:           379692 kB
MemTotal:        1844596 kB
MemFree:         1176436 kB
MemAvailable:    1461644 kB
Buffers:           36644 kB
Cached:           379692 kB
MemTotal:        1844596 kB
MemFree:         1176440 kB
MemAvailable:    1461648 kB
Buffers:           36644 kB
Cached:           379692 kB
MemTotal:        1844596 kB
MemFree:         1175176 kB
MemAvailable:    1460384 kB
Buffers:           36644 kB
Cached:           379692 kB
MemTotal:        1844596 kB
MemFree:         1175424 kB
MemAvailable:    1460632 kB
Buffers:           36644 kB
Cached:           379692 kB
MemTotal:        1844596 kB
MemFree:         1175176 kB
MemAvailable:    1460384 kB
Buffers:           36644 kB
Cached:           379692 kB
MemTotal:        1844596 kB
MemFree:         1176400 kB
MemAvailable:    1461608 kB
Buffers:           36644 kB
Cached:           379692 kB
MemTotal:        1844596 kB
MemFree:         1176404 kB
MemAvailable:    1461612 kB
Buffers:           36644 kB
Cached:           379692 kB
MemTotal:        1844596 kB
MemFree:         1176404 kB
MemAvailable:    1461612 kB
Buffers:           36644 kB
Cached:           379692 kB
MemTotal:        1844596 kB
MemFree:         1176172 kB
MemAvailable:    1461380 kB
Buffers:           36644 kB
Cached:           379692 kB
MemTotal:        1844596 kB
MemFree:         1176508 kB
MemAvailable:    1461716 kB
Buffers:           36644 kB
Cached:           379692 kB
MemTotal:        1844596 kB
MemFree:         1176296 kB
MemAvailable:    1461504 kB
Buffers:           36644 kB
Cached:           379692 kB
MemTotal:        1844596 kB
MemFree:         1176296 kB
MemAvailable:    1461504 kB
Buffers:           36644 kB
Cached:           379692 kB
MemTotal:        1844596 kB
MemFree:         1176416 kB
MemAvailable:    1461624 kB
Buffers:           36644 kB
Cached:           379692 kB
MemTotal:        1844596 kB
MemFree:         1176196 kB
MemAvailable:    1461404 kB
Buffers:           36644 kB
Cached:           379692 kB
MemTotal:        1844596 kB
MemFree:         1175148 kB
MemAvailable:    1460356 kB
Buffers:           36644 kB
Cached:           379692 kB
MemTotal:        1844596 kB
MemFree:         1175052 kB
MemAvailable:    1460260 kB
Buffers:           36644 kB
Cached:           379692 kB
MemTotal:        1844596 kB
MemFree:         1176484 kB
MemAvailable:    1461692 kB
Buffers:           36644 kB
Cached:           379692 kB
MemTotal:        1844596 kB
MemFree:         1176280 kB
MemAvailable:    1461488 kB
Buffers:           36644 kB
Cached:           379692 kB
MemTotal:        1844596 kB
MemFree:         1176532 kB
MemAvailable:    1461740 kB
Buffers:           36644 kB
Cached:           379692 kB
MemTotal:        1844596 kB
MemFree:         1176284 kB
MemAvailable:    1461492 kB
Buffers:           36644 kB
Cached:           379692 kB
MemTotal:        1844596 kB
MemFree:         1176620 kB
MemAvailable:    1461828 kB
Buffers:           36644 kB
Cached:           379692 kB
MemTotal:        1844596 kB
MemFree:         1176436 kB
MemAvailable:    1461644 kB
Buffers:           36644 kB
Cached:           379692 kB
MemTotal:        1844596 kB
MemFree:         1175172 kB
MemAvailable:    1460380 kB
Buffers:           36644 kB
Cached:           379692 kB
MemTotal:        1844596 kB
MemFree:         1176364 kB
MemAvailable:    1461572 kB
Buffers:           36644 kB
Cached:           379692 kB
MemTotal:        1844596 kB
MemFree:         1176616 kB
MemAvailable:    1461824 kB
Buffers:           36644 kB
Cached:           379692 kB
MemTotal:        1844596 kB
MemFree:         1176448 kB
MemAvailable:    1461656 kB
Buffers:           36644 kB
Cached:           379692 kB
MemTotal:        1844596 kB
MemFree:         1175268 kB
MemAvailable:    1460476 kB
Buffers:           36644 kB
Cached:           379692 kB
MemTotal:        1844596 kB
MemFree:         1174452 kB
MemAvailable:    1459660 kB
Buffers:           36644 kB
Cached:           379692 kB
MemTotal:        1844596 kB
MemFree:         1169104 kB
MemAvailable:    1454312 kB
Buffers:           36644 kB
Cached:           379692 kB
MemTotal:        1844596 kB
MemFree:         1166764 kB
MemAvailable:    1451972 kB
Buffers:           36644 kB
Cached:           379692 kB
MemTotal:        1844596 kB
MemFree:         1163912 kB
MemAvailable:    1449120 kB
Buffers:           36644 kB
Cached:           379692 kB
MemTotal:        1844596 kB
MemFree:         1159076 kB
MemAvailable:    1444284 kB
Buffers:           36644 kB
Cached:           379692 kB
MemTotal:        1844596 kB
MemFree:         1157952 kB
MemAvailable:    1443160 kB
Buffers:           36644 kB
Cached:           379692 kB
MemTotal:        1844596 kB
MemFree:         1157712 kB
MemAvailable:    1442920 kB
Buffers:           36644 kB
Cached:           379692 kB
MemTotal:        1844596 kB
MemFree:         1158880 kB
MemAvailable:    1444088 kB
Buffers:           36644 kB
Cached:           379692 kB
MemTotal:        1844596 kB
MemFree:         1157580 kB
MemAvailable:    1442788 kB
Buffers:           36644 kB
Cached:           379692 kB
MemTotal:        1844596 kB
MemFree:         1157696 kB
MemAvailable:    1442904 kB
Buffers:           36644 kB
Cached:           379692 kB
MemTotal:        1844596 kB
MemFree:         1158812 kB
MemAvailable:    1444020 kB
Buffers:           36644 kB
Cached:           379692 kB
MemTotal:        1844596 kB
MemFree:         1158836 kB
MemAvailable:    1444044 kB
Buffers:           36644 kB
Cached:           379692 kB
MemTotal:        1844596 kB
MemFree:         1159012 kB
MemAvailable:    1444220 kB
Buffers:           36644 kB
Cached:           379692 kB
MemTotal:        1844596 kB
MemFree:         1158640 kB
MemAvailable:    1443848 kB
Buffers:           36644 kB
Cached:           379692 kB
MemTotal:        1844596 kB
MemFree:         1158772 kB
MemAvailable:    1443980 kB
Buffers:           36644 kB
Cached:           379692 kB
MemTotal:        1844596 kB
MemFree:         1157536 kB
MemAvailable:    1442744 kB
Buffers:           36644 kB
Cached:           379692 kB
MemTotal:        1844596 kB
MemFree:         1158836 kB
MemAvailable:    1444044 kB
Buffers:           36644 kB
Cached:           379692 kB
MemTotal:        1844596 kB
MemFree:         1158872 kB
MemAvailable:    1444080 kB
Buffers:           36644 kB
Cached:           379692 kB
MemTotal:        1844596 kB
MemFree:         1158864 kB
MemAvailable:    1444072 kB
Buffers:           36644 kB
Cached:           379692 kB
MemTotal:        1844596 kB
MemFree:         1158864 kB
MemAvailable:    1444072 kB
Buffers:           36644 kB
Cached:           379692 kB
MemTotal:        1844596 kB
MemFree:         1159056 kB
MemAvailable:    1444264 kB
Buffers:           36644 kB
Cached:           379692 kB
MemTotal:        1844596 kB
MemFree:         1158588 kB
MemAvailable:    1443796 kB
Buffers:           36644 kB
Cached:           379692 kB
MemTotal:        1844596 kB
MemFree:         1159136 kB
MemAvailable:    1444344 kB
Buffers:           36644 kB
Cached:           379692 kB
MemTotal:        1844596 kB
MemFree:         1157408 kB
MemAvailable:    1442616 kB
Buffers:           36644 kB
Cached:           379692 kB
MemTotal:        1844596 kB
MemFree:         1157524 kB
MemAvailable:    1442732 kB
Buffers:           36644 kB
Cached:           379692 kB
MemTotal:        1844596 kB
MemFree:         1157532 kB
MemAvailable:    1442740 kB
Buffers:           36644 kB
Cached:           379692 kB
MemTotal:        1844596 kB
MemFree:         1158144 kB
MemAvailable:    1443352 kB
Buffers:           36644 kB
Cached:           379692 kB
MemTotal:        1844596 kB
MemFree:         1157216 kB
MemAvailable:    1442424 kB
Buffers:           36644 kB
Cached:           379692 kB
MemTotal:        1844596 kB
MemFree:         1157924 kB
MemAvailable:    1443132 kB
Buffers:           36644 kB
Cached:           379692 kB
MemTotal:        1844596 kB
MemFree:         1157836 kB
MemAvailable:    1443044 kB
Buffers:           36644 kB
Cached:           379692 kB
MemTotal:        1844596 kB
MemFree:         1158084 kB
MemAvailable:    1443296 kB
Buffers:           36644 kB
Cached:           379696 kB
MemTotal:        1844596 kB
MemFree:         1157820 kB
MemAvailable:    1443032 kB
Buffers:           36644 kB
Cached:           379696 kB
MemTotal:        1844596 kB
MemFree:         1158072 kB
MemAvailable:    1443284 kB
Buffers:           36644 kB
Cached:           379696 kB
MemTotal:        1844596 kB
MemFree:         1157332 kB
MemAvailable:    1442544 kB
Buffers:           36644 kB
Cached:           379696 kB
MemTotal:        1844596 kB
MemFree:         1156976 kB
MemAvailable:    1442188 kB
Buffers:           36644 kB
Cached:           379696 kB
MemTotal:        1844596 kB
MemFree:         1154728 kB
MemAvailable:    1439940 kB
Buffers:           36644 kB
Cached:           379696 kB
MemTotal:        1844596 kB
MemFree:         1153184 kB
MemAvailable:    1438396 kB
Buffers:           36644 kB
Cached:           379696 kB
MemTotal:        1844596 kB
MemFree:         1149272 kB
MemAvailable:    1434492 kB
Buffers:           36644 kB
Cached:           379704 kB
MemTotal:        1844596 kB
MemFree:         1149360 kB
MemAvailable:    1434580 kB
Buffers:           36644 kB
Cached:           379704 kB
MemTotal:        1844596 kB
MemFree:         1143320 kB
MemAvailable:    1428540 kB
Buffers:           36644 kB
Cached:           379704 kB
MemTotal:        1844596 kB
MemFree:         1143320 kB
MemAvailable:    1428540 kB
Buffers:           36644 kB
Cached:           379704 kB
MemTotal:        1844596 kB
MemFree:         1138600 kB
MemAvailable:    1423820 kB
Buffers:           36644 kB
Cached:           379704 kB
MemTotal:        1844596 kB
MemFree:         1138368 kB
MemAvailable:    1423588 kB
Buffers:           36644 kB
Cached:           379704 kB
MemTotal:        1844596 kB
MemFree:         1134888 kB
MemAvailable:    1420108 kB
Buffers:           36644 kB
Cached:           379704 kB
MemTotal:        1844596 kB
MemFree:         1134460 kB
MemAvailable:    1419680 kB
Buffers:           36644 kB
Cached:           379704 kB
MemTotal:        1844596 kB
MemFree:         1132168 kB
MemAvailable:    1417388 kB
Buffers:           36644 kB
Cached:           379704 kB
MemTotal:        1844596 kB
MemFree:         1130044 kB
MemAvailable:    1415264 kB
Buffers:           36644 kB
Cached:           379704 kB
MemTotal:        1844596 kB
MemFree:         1130044 kB
MemAvailable:    1415264 kB
Buffers:           36644 kB
Cached:           379704 kB
MemTotal:        1844596 kB
MemFree:         1127332 kB
MemAvailable:    1412552 kB
Buffers:           36644 kB
Cached:           379704 kB
MemTotal:        1844596 kB
MemFree:         1126084 kB
MemAvailable:    1411304 kB
Buffers:           36644 kB
Cached:           379704 kB
MemTotal:        1844596 kB
MemFree:         1126084 kB
MemAvailable:    1411304 kB
Buffers:           36644 kB
Cached:           379704 kB
MemTotal:        1844596 kB
MemFree:         1127384 kB
MemAvailable:    1412604 kB
Buffers:           36644 kB
Cached:           379704 kB
MemTotal:        1844596 kB
MemFree:         1127192 kB
MemAvailable:    1412412 kB
Buffers:           36644 kB
Cached:           379704 kB
MemTotal:        1844596 kB
MemFree:         1126880 kB
MemAvailable:    1412100 kB
Buffers:           36644 kB
Cached:           379704 kB
MemTotal:        1844596 kB
MemFree:         1127132 kB
MemAvailable:    1412352 kB
Buffers:           36644 kB
Cached:           379704 kB
MemTotal:        1844596 kB
MemFree:         1125680 kB
MemAvailable:    1410900 kB
Buffers:           36644 kB
Cached:           379704 kB
MemTotal:        1844596 kB
MemFree:         1127120 kB
MemAvailable:    1412340 kB
Buffers:           36644 kB
Cached:           379704 kB
MemTotal:        1844596 kB
MemFree:         1126076 kB
MemAvailable:    1411296 kB
Buffers:           36644 kB
Cached:           379704 kB
MemTotal:        1844596 kB
MemFree:         1126076 kB
MemAvailable:    1411296 kB
Buffers:           36644 kB
Cached:           379704 kB
MemTotal:        1844596 kB
MemFree:         1125956 kB
MemAvailable:    1411176 kB
Buffers:           36644 kB
Cached:           379704 kB
MemTotal:        1844596 kB
MemFree:         1124776 kB
MemAvailable:    1409996 kB
Buffers:           36644 kB
Cached:           379704 kB
MemTotal:        1844596 kB
MemFree:         1124408 kB
MemAvailable:    1409628 kB
Buffers:           36644 kB
Cached:           379704 kB
MemTotal:        1844596 kB
MemFree:         1124692 kB
MemAvailable:    1409912 kB
Buffers:           36644 kB
Cached:           379704 kB
MemTotal:        1844596 kB
MemFree:         1126000 kB
MemAvailable:    1411220 kB
Buffers:           36644 kB
Cached:           379704 kB
MemTotal:        1844596 kB
MemFree:         1124596 kB
MemAvailable:    1409816 kB
Buffers:           36644 kB
Cached:           379704 kB
MemTotal:        1844596 kB
MemFree:         1125828 kB
MemAvailable:    1411048 kB
Buffers:           36644 kB
Cached:           379704 kB
MemTotal:        1844596 kB
MemFree:         1125648 kB
MemAvailable:    1410868 kB
Buffers:           36644 kB
Cached:           379704 kB
MemTotal:        1844596 kB
MemFree:         1125532 kB
MemAvailable:    1410752 kB
Buffers:           36644 kB
Cached:           379704 kB
MemTotal:        1844596 kB
MemFree:         1123860 kB
MemAvailable:    1409080 kB
Buffers:           36644 kB
Cached:           379704 kB
MemTotal:        1844596 kB
MemFree:         1124780 kB
MemAvailable:    1410000 kB
Buffers:           36644 kB
Cached:           379704 kB
MemTotal:        1844596 kB
MemFree:         1124216 kB
MemAvailable:    1409436 kB
Buffers:           36644 kB
Cached:           379704 kB
MemTotal:        1844596 kB
MemFree:         1124468 kB
MemAvailable:    1409688 kB
Buffers:           36644 kB
Cached:           379704 kB
MemTotal:        1844596 kB
MemFree:         1124236 kB
MemAvailable:    1409456 kB
Buffers:           36644 kB
Cached:           379704 kB
MemTotal:        1844596 kB
MemFree:         1123672 kB
MemAvailable:    1408892 kB
Buffers:           36644 kB
Cached:           379704 kB
MemTotal:        1844596 kB
MemFree:         1122852 kB
MemAvailable:    1408072 kB
Buffers:           36644 kB
Cached:           379704 kB
MemTotal:        1844596 kB
MemFree:         1122852 kB
MemAvailable:    1408072 kB
Buffers:           36644 kB
Cached:           379704 kB
MemTotal:        1844596 kB
MemFree:         1122716 kB
MemAvailable:    1407936 kB
Buffers:           36644 kB
Cached:           379704 kB
MemTotal:        1844596 kB
MemFree:         1122496 kB
MemAvailable:    1407716 kB
Buffers:           36644 kB
Cached:           379704 kB
MemTotal:        1844596 kB
MemFree:         1121572 kB
MemAvailable:    1406792 kB
Buffers:           36644 kB
Cached:           379704 kB
MemTotal:        1844596 kB
MemFree:         1121572 kB
MemAvailable:    1406792 kB
Buffers:           36644 kB
Cached:           379704 kB
MemTotal:        1844596 kB
MemFree:         1122872 kB
MemAvailable:    1408092 kB
Buffers:           36644 kB
Cached:           379704 kB
MemTotal:        1844596 kB
MemFree:         1122672 kB
MemAvailable:    1407892 kB
Buffers:           36644 kB
Cached:           379704 kB
MemTotal:        1844596 kB
MemFree:         1122924 kB
MemAvailable:    1408144 kB
Buffers:           36644 kB
Cached:           379704 kB
MemTotal:        1844596 kB
MemFree:         1122908 kB
MemAvailable:    1408128 kB
Buffers:           36644 kB
Cached:           379704 kB
MemTotal:        1844596 kB
MemFree:         1122868 kB
MemAvailable:    1408088 kB
Buffers:           36644 kB
Cached:           379704 kB
MemTotal:        1844596 kB
MemFree:         1122612 kB
MemAvailable:    1407832 kB
Buffers:           36644 kB
Cached:           379704 kB
MemTotal:        1844596 kB
MemFree:         1121604 kB
MemAvailable:    1406824 kB
Buffers:           36644 kB
Cached:           379704 kB
MemTotal:        1844596 kB
MemFree:         1121556 kB
MemAvailable:    1406776 kB
Buffers:           36644 kB
Cached:           379704 kB
MemTotal:        1844596 kB
MemFree:         1122760 kB
MemAvailable:    1407980 kB
Buffers:           36644 kB
Cached:           379704 kB
MemTotal:        1844596 kB
MemFree:         1122780 kB
MemAvailable:    1408000 kB
Buffers:           36644 kB
Cached:           379704 kB
MemTotal:        1844596 kB
MemFree:         1122952 kB
MemAvailable:    1408172 kB
Buffers:           36644 kB
Cached:           379704 kB
MemTotal:        1844596 kB
MemFree:         1122612 kB
MemAvailable:    1407832 kB
Buffers:           36644 kB
Cached:           379704 kB
MemTotal:        1844596 kB
MemFree:         1122796 kB
MemAvailable:    1408016 kB
Buffers:           36644 kB
Cached:           379704 kB
MemTotal:        1844596 kB
MemFree:         1122132 kB
MemAvailable:    1407352 kB
Buffers:           36644 kB
Cached:           379704 kB
MemTotal:        1844596 kB
MemFree:         1121620 kB
MemAvailable:    1406840 kB
Buffers:           36644 kB
Cached:           379704 kB
MemTotal:        1844596 kB
MemFree:         1122852 kB
MemAvailable:    1408072 kB
Buffers:           36644 kB
Cached:           379704 kB
MemTotal:        1844596 kB
MemFree:         1122796 kB
MemAvailable:    1408016 kB
Buffers:           36644 kB
Cached:           379704 kB
MemTotal:        1844596 kB
MemFree:         1121496 kB
MemAvailable:    1406716 kB
Buffers:           36644 kB
Cached:           379704 kB
MemTotal:        1844596 kB
MemFree:         1121736 kB
MemAvailable:    1406956 kB
Buffers:           36644 kB
Cached:           379704 kB
MemTotal:        1844596 kB
MemFree:         1123020 kB
MemAvailable:    1408240 kB
Buffers:           36644 kB
Cached:           379704 kB
MemTotal:        1844596 kB
MemFree:         1122716 kB
MemAvailable:    1407936 kB
Buffers:           36644 kB
Cached:           379704 kB
MemTotal:        1844596 kB
MemFree:         1122496 kB
MemAvailable:    1407716 kB
Buffers:           36644 kB
Cached:           379704 kB
MemTotal:        1844596 kB
MemFree:         1122748 kB
MemAvailable:    1407968 kB
Buffers:           36644 kB
Cached:           379704 kB
MemTotal:        1844596 kB
MemFree:         1121440 kB
MemAvailable:    1406660 kB
Buffers:           36644 kB
Cached:           379704 kB
MemTotal:        1844596 kB
MemFree:         1121564 kB
MemAvailable:    1406784 kB
Buffers:           36644 kB
Cached:           379704 kB
MemTotal:        1844596 kB
MemFree:         1122872 kB
MemAvailable:    1408092 kB
Buffers:           36644 kB
Cached:           379704 kB
MemTotal:        1844596 kB
MemFree:         1122908 kB
MemAvailable:    1408128 kB
Buffers:           36644 kB
Cached:           379704 kB
MemTotal:        1844596 kB
MemFree:         1121848 kB
MemAvailable:    1407068 kB
Buffers:           36644 kB
Cached:           379704 kB
MemTotal:        1844596 kB
MemFree:         1121468 kB
MemAvailable:    1406688 kB
Buffers:           36644 kB
Cached:           379704 kB
MemTotal:        1844596 kB
MemFree:         1122660 kB
MemAvailable:    1407880 kB
Buffers:           36644 kB
Cached:           379704 kB
MemTotal:        1844596 kB
MemFree:         1122660 kB
MemAvailable:    1407880 kB
Buffers:           36644 kB
Cached:           379704 kB
MemTotal:        1844596 kB
MemFree:         1122916 kB
MemAvailable:    1408140 kB
Buffers:           36644 kB
Cached:           379708 kB
MemTotal:        1844596 kB
MemFree:         1121856 kB
MemAvailable:    1407080 kB
Buffers:           36644 kB
Cached:           379708 kB
MemTotal:        1844596 kB
MemFree:         1121496 kB
MemAvailable:    1406724 kB
Buffers:           36644 kB
Cached:           379712 kB
MemTotal:        1844596 kB
MemFree:         1120472 kB
MemAvailable:    1405700 kB
Buffers:           36644 kB
Cached:           379712 kB
MemTotal:        1844596 kB
MemFree:         1120820 kB
MemAvailable:    1406048 kB
Buffers:           36644 kB
Cached:           379712 kB
MemTotal:        1844596 kB
MemFree:         1115304 kB
MemAvailable:    1400532 kB
Buffers:           36644 kB
Cached:           379712 kB
MemTotal:        1844596 kB
MemFree:         1116604 kB
MemAvailable:    1401832 kB
Buffers:           36644 kB
Cached:           379712 kB
MemTotal:        1844596 kB
MemFree:         1116536 kB
MemAvailable:    1401764 kB
Buffers:           36644 kB
Cached:           379712 kB
MemTotal:        1844596 kB
MemFree:         1116528 kB
MemAvailable:    1401756 kB
Buffers:           36644 kB
Cached:           379712 kB
MemTotal:        1844596 kB
MemFree:         1116424 kB
MemAvailable:    1401652 kB
Buffers:           36644 kB
Cached:           379712 kB
MemTotal:        1844596 kB
MemFree:         1115028 kB
MemAvailable:    1400256 kB
Buffers:           36644 kB
Cached:           379712 kB
MemTotal:        1844596 kB
MemFree:         1115420 kB
MemAvailable:    1400648 kB
Buffers:           36644 kB
Cached:           379712 kB
MemTotal:        1844596 kB
MemFree:         1116108 kB
MemAvailable:    1401340 kB
Buffers:           36644 kB
Cached:           379716 kB
MemTotal:        1844596 kB
MemFree:         1116360 kB
MemAvailable:    1401592 kB
Buffers:           36644 kB
Cached:           379716 kB
MemTotal:        1844596 kB
MemFree:         1116176 kB
MemAvailable:    1401408 kB
Buffers:           36644 kB
Cached:           379716 kB
MemTotal:        1844596 kB
MemFree:         1114552 kB
MemAvailable:    1399784 kB
Buffers:           36644 kB
Cached:           379716 kB
MemTotal:        1844596 kB
MemFree:         1114560 kB
MemAvailable:    1399792 kB
Buffers:           36644 kB
Cached:           379716 kB
MemTotal:        1844596 kB
MemFree:         1114428 kB
MemAvailable:    1399660 kB
Buffers:           36644 kB
Cached:           379716 kB
MemTotal:        1844596 kB
MemFree:         1115524 kB
MemAvailable:    1400756 kB
Buffers:           36644 kB
Cached:           379716 kB
MemTotal:        1844596 kB
MemFree:         1115180 kB
MemAvailable:    1400412 kB
Buffers:           36644 kB
Cached:           379716 kB
MemTotal:        1844596 kB
MemFree:         1114536 kB
MemAvailable:    1399768 kB
Buffers:           36644 kB
Cached:           379716 kB
MemTotal:        1844596 kB
MemFree:         1114916 kB
MemAvailable:    1400148 kB
Buffers:           36644 kB
Cached:           379716 kB
MemTotal:        1844596 kB
MemFree:         1115480 kB
MemAvailable:    1400712 kB
Buffers:           36644 kB
Cached:           379716 kB
MemTotal:        1844596 kB
MemFree:         1115056 kB
MemAvailable:    1400288 kB
Buffers:           36644 kB
Cached:           379716 kB
MemTotal:        1844596 kB
MemFree:         1115724 kB
MemAvailable:    1400956 kB
Buffers:           36644 kB
Cached:           379716 kB
MemTotal:        1844596 kB
MemFree:         1114368 kB
MemAvailable:    1399600 kB
Buffers:           36644 kB
Cached:           379716 kB
MemTotal:        1844596 kB
MemFree:         1114120 kB
MemAvailable:    1399352 kB
Buffers:           36644 kB
Cached:           379716 kB
MemTotal:        1844596 kB
MemFree:         1114412 kB
MemAvailable:    1399644 kB
Buffers:           36644 kB
Cached:           379716 kB
MemTotal:        1844596 kB
MemFree:         1114388 kB
MemAvailable:    1399620 kB
Buffers:           36644 kB
Cached:           379716 kB
MemTotal:        1844596 kB
MemFree:         1115736 kB
MemAvailable:    1400968 kB
Buffers:           36644 kB
Cached:           379716 kB
MemTotal:        1844596 kB
MemFree:         1114176 kB
MemAvailable:    1399408 kB
Buffers:           36644 kB
Cached:           379716 kB
MemTotal:        1844596 kB
MemFree:         1115580 kB
MemAvailable:    1400812 kB
Buffers:           36644 kB
Cached:           379716 kB
MemTotal:        1844596 kB
MemFree:         1115412 kB
MemAvailable:    1400644 kB
Buffers:           36644 kB
Cached:           379716 kB
MemTotal:        1844596 kB
MemFree:         1115656 kB
MemAvailable:    1400888 kB
Buffers:           36644 kB
Cached:           379716 kB
MemTotal:        1844596 kB
MemFree:         1114560 kB
MemAvailable:    1399792 kB
Buffers:           36644 kB
Cached:           379716 kB
MemTotal:        1844596 kB
MemFree:         1115612 kB
MemAvailable:    1400844 kB
Buffers:           36644 kB
Cached:           379716 kB
MemTotal:        1844596 kB
MemFree:         1114932 kB
MemAvailable:    1400164 kB
Buffers:           36644 kB
Cached:           379716 kB
MemTotal:        1844596 kB
MemFree:         1115532 kB
MemAvailable:    1400764 kB
Buffers:           36644 kB
Cached:           379716 kB
MemTotal:        1844596 kB
MemFree:         1115788 kB
MemAvailable:    1401020 kB
Buffers:           36644 kB
Cached:           379716 kB
MemTotal:        1844596 kB
MemFree:         1115656 kB
MemAvailable:    1401056 kB
Buffers:           36644 kB
Cached:           379840 kB
MemTotal:        1844596 kB
MemFree:         1115648 kB
MemAvailable:    1401048 kB
Buffers:           36644 kB
Cached:           379964 kB
MemTotal:        1844596 kB
MemFree:         1114276 kB
MemAvailable:    1399844 kB
Buffers:           36644 kB
Cached:           380088 kB
MemTotal:        1844596 kB
MemFree:         1115364 kB
MemAvailable:    1401100 kB
Buffers:           36644 kB
Cached:           380212 kB
MemTotal:        1844596 kB
MemFree:         1114992 kB
MemAvailable:    1400812 kB
Buffers:           36644 kB
Cached:           380336 kB
MemTotal:        1844596 kB
MemFree:         1113816 kB
MemAvailable:    1399636 kB
Buffers:           36644 kB
Cached:           380336 kB
MemTotal:        1844596 kB
MemFree:         1114788 kB
MemAvailable:    1400608 kB
Buffers:           36644 kB
Cached:           380336 kB
MemTotal:        1844596 kB
MemFree:         1114980 kB
MemAvailable:    1400800 kB
Buffers:           36644 kB
Cached:           380336 kB
MemTotal:        1844596 kB
MemFree:         1114684 kB
MemAvailable:    1400504 kB
Buffers:           36644 kB
Cached:           380336 kB
MemTotal:        1844596 kB
MemFree:         1114868 kB
MemAvailable:    1400688 kB
Buffers:           36644 kB
Cached:           380336 kB
MemTotal:        1844596 kB
MemFree:         1114188 kB
MemAvailable:    1400008 kB
Buffers:           36644 kB
Cached:           380336 kB
MemTotal:        1844596 kB
MemFree:         1114808 kB
MemAvailable:    1400628 kB
Buffers:           36644 kB
Cached:           380336 kB
MemTotal:        1844596 kB
MemFree:         1114920 kB
MemAvailable:    1400740 kB
Buffers:           36644 kB
Cached:           380336 kB
MemTotal:        1844596 kB
MemFree:         1113804 kB
MemAvailable:    1399624 kB
Buffers:           36644 kB
Cached:           380336 kB
MemTotal:        1844596 kB
MemFree:         1115420 kB
MemAvailable:    1400652 kB
Buffers:           36644 kB
Cached:           379704 kB
MemTotal:        1844596 kB
MemFree:         1114836 kB
MemAvailable:    1400068 kB
Buffers:           36644 kB
Cached:           379704 kB
MemTotal:        1844596 kB
MemFree:         1152820 kB
MemAvailable:    1438052 kB
Buffers:           36644 kB
Cached:           379704 kB
MemTotal:        1844596 kB
MemFree:         1311916 kB
MemAvailable:    1597148 kB
Buffers:           36644 kB
Cached:           379704 kB
