MemTotal:        1844596 kB
MemFree:         1333132 kB
MemAvailable:    1597392 kB
Buffers:           33920 kB
Cached:           362164 kB
MemTotal:        1844596 kB
MemFree:         1305000 kB
MemAvailable:    1569268 kB
Buffers:           33924 kB
Cached:           362168 kB
MemTotal:        1844596 kB
MemFree:         1305736 kB
MemAvailable:    1570004 kB
Buffers:           33924 kB
Cached:           362168 kB
MemTotal:        1844596 kB
MemFree:         1303380 kB
MemAvailable:    1567648 kB
Buffers:           33924 kB
Cached:           362168 kB
MemTotal:        1844596 kB
MemFree:         1303380 kB
MemAvailable:    1567648 kB
Buffers:           33924 kB
Cached:           362168 kB
MemTotal:        1844596 kB
MemFree:         1300908 kB
MemAvailable:    1565176 kB
Buffers:           33924 kB
Cached:           362168 kB
MemTotal:        1844596 kB
MemFree:         1300784 kB
MemAvailable:    1565052 kB
Buffers:           33924 kB
Cached:           362168 kB
MemTotal:        1844596 kB
MemFree:         1298636 kB
MemAvailable:    1562904 kB
Buffers:           33924 kB
Cached:           362168 kB
MemTotal:        1844596 kB
MemFree:         1298804 kB
MemAvailable:    1563072 kB
Buffers:           33924 kB
Cached:           362168 kB
MemTotal:        1844596 kB
MemFree:         1291972 kB
MemAvailable:    1556240 kB
Buffers:           33924 kB
Cached:           362168 kB
MemTotal:        1844596 kB
MemFree:         1291304 kB
MemAvailable:    1555572 kB
Buffers:           33924 kB
Cached:           362168 kB
MemTotal:        1844596 kB
MemFree:         1291056 kB
MemAvailable:    1555324 kB
Buffers:           33924 kB
Cached:           362168 kB
MemTotal:        1844596 kB
MemFree:         1291492 kB
MemAvailable:    1555760 kB
Buffers:           33924 kB
Cached:           362168 kB
MemTotal:        1844596 kB
MemFree:         1292184 kB
MemAvailable:    1556452 kB
Buffers:           33924 kB
Cached:           362168 kB
MemTotal:        1844596 kB
MemFree:         1292296 kB
MemAvailable:    1556564 kB
Buffers:           33924 kB
Cached:           362168 kB
MemTotal:        1844596 kB
MemFree:         1292172 kB
MemAvailable:    1556440 kB
Buffers:           33924 kB
Cached:           362168 kB
MemTotal:        1844596 kB
MemFree:         1291932 kB
MemAvailable:    1556200 kB
Buffers:           33924 kB
Cached:           362168 kB
MemTotal:        1844596 kB
MemFree:         1291932 kB
MemAvailable:    1556200 kB
Buffers:           33924 kB
Cached:           362168 kB
MemTotal:        1844596 kB
MemFree:         1291792 kB
MemAvailable:    1556060 kB
Buffers:           33924 kB
Cached:           362168 kB
MemTotal:        1844596 kB
MemFree:         1290444 kB
MemAvailable:    1554712 kB
Buffers:           33924 kB
Cached:           362168 kB
MemTotal:        1844596 kB
MemFree:         1291428 kB
MemAvailable:    1555696 kB
Buffers:           33924 kB
Cached:           362168 kB
MemTotal:        1844596 kB
MemFree:         1290624 kB
MemAvailable:    1554892 kB
Buffers:           33924 kB
Cached:           362168 kB
MemTotal:        1844596 kB
MemFree:         1291348 kB
MemAvailable:    1555616 kB
Buffers:           33924 kB
Cached:           362168 kB
MemTotal:        1844596 kB
MemFree:         1291604 kB
MemAvailable:    1555872 kB
Buffers:           33924 kB
Cached:           362168 kB
MemTotal:        1844596 kB
MemFree:         1291408 kB
MemAvailable:    1555676 kB
Buffers:           33924 kB
Cached:           362168 kB
MemTotal:        1844596 kB
MemFree:         1289976 kB
MemAvailable:    1554244 kB
Buffers:           33924 kB
Cached:           362168 kB
MemTotal:        1844596 kB
MemFree:         1290740 kB
MemAvailable:    1555008 kB
Buffers:           33924 kB
Cached:           362168 kB
MemTotal:        1844596 kB
MemFree:         1290728 kB
MemAvailable:    1554996 kB
Buffers:           33924 kB
Cached:           362168 kB
MemTotal:        1844596 kB
MemFree:         1290632 kB
MemAvailable:    1554900 kB
Buffers:           33924 kB
Cached:           362168 kB
MemTotal:        1844596 kB
MemFree:         1289244 kB
MemAvailable:    1553512 kB
Buffers:           33924 kB
Cached:           362168 kB
MemTotal:        1844596 kB
MemFree:         1289376 kB
MemAvailable:    1553644 kB
Buffers:           33924 kB
Cached:           362168 kB
MemTotal:        1844596 kB
MemFree:         1290252 kB
MemAvailable:    1554520 kB
Buffers:           33924 kB
Cached:           362168 kB
MemTotal:        1844596 kB
MemFree:         1288384 kB
MemAvailable:    1552652 kB
Buffers:           33924 kB
Cached:           362168 kB
MemTotal:        1844596 kB
MemFree:         1288384 kB
MemAvailable:    1552652 kB
Buffers:           33924 kB
Cached:           362168 kB
MemTotal:        1844596 kB
MemFree:         1288020 kB
MemAvailable:    1552288 kB
Buffers:           33924 kB
Cached:           362168 kB
MemTotal:        1844596 kB
MemFree:         1289244 kB
MemAvailable:    1553512 kB
Buffers:           33924 kB
Cached:           362168 kB
MemTotal:        1844596 kB
MemFree:         1289268 kB
MemAvailable:    1553536 kB
Buffers:           33924 kB
Cached:           362168 kB
MemTotal:        1844596 kB
MemFree:         1289184 kB
MemAvailable:    1553452 kB
Buffers:           33924 kB
Cached:           362168 kB
MemTotal:        1844596 kB
MemFree:         1289112 kB
MemAvailable:    1553380 kB
Buffers:           33924 kB
Cached:           362168 kB
MemTotal:        1844596 kB
MemFree:         1289268 kB
MemAvailable:    1553536 kB
Buffers:           33924 kB
Cached:           362168 kB
MemTotal:        1844596 kB
MemFree:         1287848 kB
MemAvailable:    1552116 kB
Buffers:           33924 kB
Cached:           362168 kB
MemTotal:        1844596 kB
MemFree:         1290480 kB
MemAvailable:    1554748 kB
Buffers:           33924 kB
Cached:           362168 kB
MemTotal:        1844596 kB
MemFree:         1289624 kB
MemAvailable:    1553892 kB
Buffers:           33924 kB
Cached:           362168 kB
MemTotal:        1844596 kB
MemFree:         1289392 kB
MemAvailable:    1553660 kB
Buffers:           33924 kB
Cached:           362168 kB
MemTotal:        1844596 kB
MemFree:         1285284 kB
MemAvailable:    1549556 kB
Buffers:           33924 kB
Cached:           362172 kB
MemTotal:        1844596 kB
MemFree:         1285276 kB
MemAvailable:    1549548 kB
Buffers:           33924 kB
Cached:           362172 kB
MemTotal:        1844596 kB
MemFree:         1285168 kB
MemAvailable:    1549440 kB
Buffers:           33924 kB
Cached:           362172 kB
MemTotal:        1844596 kB
MemFree:         1285016 kB
MemAvailable:    1549288 kB
Buffers:           33924 kB
Cached:           362172 kB
MemTotal:        1844596 kB
MemFree:         1284796 kB
MemAvailable:    1549068 kB
Buffers:           33924 kB
Cached:           362172 kB
MemTotal:        1844596 kB
MemFree:         1284864 kB
MemAvailable:    1549136 kB
Buffers:           33924 kB
Cached:           362172 kB
MemTotal:        1844596 kB
MemFree:         1284924 kB
MemAvailable:    1549196 kB
Buffers:           33924 kB
Cached:           362172 kB
MemTotal:        1844596 kB
MemFree:         1284856 kB
MemAvailable:    1549128 kB
Buffers:           33924 kB
Cached:           362172 kB
MemTotal:        1844596 kB
MemFree:         1285024 kB
MemAvailable:    1549296 kB
Buffers:           33924 kB
Cached:           362172 kB
MemTotal:        1844596 kB
MemFree:         1284724 kB
MemAvailable:    1548996 kB
Buffers:           33924 kB
Cached:           362172 kB
MemTotal:        1844596 kB
MemFree:         1283292 kB
MemAvailable:    1547564 kB
Buffers:           33924 kB
Cached:           362172 kB
MemTotal:        1844596 kB
MemFree:         1284740 kB
MemAvailable:    1549012 kB
Buffers:           33924 kB
Cached:           362172 kB
MemTotal:        1844596 kB
MemFree:         1284732 kB
MemAvailable:    1549004 kB
Buffers:           33924 kB
Cached:           362172 kB
MemTotal:        1844596 kB
MemFree:         1284712 kB
MemAvailable:    1548984 kB
Buffers:           33924 kB
Cached:           362172 kB
MemTotal:        1844596 kB
MemFree:         1284508 kB
MemAvailable:    1548780 kB
Buffers:           33924 kB
Cached:           362172 kB
MemTotal:        1844596 kB
MemFree:         1284760 kB
MemAvailable:    1549032 kB
Buffers:           33924 kB
Cached:           362172 kB
MemTotal:        1844596 kB
MemFree:         1284552 kB
MemAvailable:    1548824 kB
Buffers:           33924 kB
Cached:           362172 kB
MemTotal:        1844596 kB
MemFree:         1281076 kB
MemAvailable:    1545348 kB
Buffers:           33924 kB
Cached:           362172 kB
MemTotal:        1844596 kB
MemFree:         1277976 kB
MemAvailable:    1542248 kB
Buffers:           33924 kB
Cached:           362172 kB
MemTotal:        1844596 kB
MemFree:         1277728 kB
MemAvailable:    1542000 kB
Buffers:           33924 kB
Cached:           362172 kB
MemTotal:        1844596 kB
MemFree:         1278084 kB
MemAvailable:    1542356 kB
Buffers:           33924 kB
Cached:           362172 kB
MemTotal:        1844596 kB
MemFree:         1278084 kB
MemAvailable:    1542356 kB
Buffers:           33924 kB
Cached:           362172 kB
MemTotal:        1844596 kB
MemFree:         1276860 kB
MemAvailable:    1541132 kB
Buffers:           33924 kB
Cached:           362172 kB
MemTotal:        1844596 kB
MemFree:         1276224 kB
MemAvailable:    1540496 kB
Buffers:           33924 kB
Cached:           362172 kB
MemTotal:        1844596 kB
MemFree:         1276224 kB
MemAvailable:    1540496 kB
Buffers:           33924 kB
Cached:           362172 kB
MemTotal:        1844596 kB
MemFree:         1274728 kB
MemAvailable:    1539000 kB
Buffers:           33924 kB
Cached:           362172 kB
MemTotal:        1844596 kB
MemFree:         1275996 kB
MemAvailable:    1540268 kB
Buffers:           33924 kB
Cached:           362172 kB
MemTotal:        1844596 kB
MemFree:         1274940 kB
MemAvailable:    1539212 kB
Buffers:           33924 kB
Cached:           362172 kB
MemTotal:        1844596 kB
MemFree:         1275852 kB
MemAvailable:    1540124 kB
Buffers:           33924 kB
Cached:           362172 kB
MemTotal:        1844596 kB
MemFree:         1275124 kB
MemAvailable:    1539396 kB
Buffers:           33924 kB
Cached:           362172 kB
MemTotal:        1844596 kB
MemFree:         1276176 kB
MemAvailable:    1540452 kB
Buffers:           33924 kB
Cached:           362176 kB
MemTotal:        1844596 kB
MemFree:         1274992 kB
MemAvailable:    1539268 kB
Buffers:           33924 kB
Cached:           362176 kB
MemTotal:        1844596 kB
MemFree:         1275696 kB
MemAvailable:    1539972 kB
Buffers:           33924 kB
Cached:           362176 kB
MemTotal:        1844596 kB
MemFree:         1275952 kB
MemAvailable:    1540228 kB
Buffers:           33924 kB
Cached:           362176 kB
MemTotal:        1844596 kB
MemFree:         1274496 kB
MemAvailable:    1538772 kB
Buffers:           33924 kB
Cached:           362176 kB
MemTotal:        1844596 kB
MemFree:         1275680 kB
MemAvailable:    1539956 kB
Buffers:           33924 kB
Cached:           362176 kB
MemTotal:        1844596 kB
MemFree:         1275744 kB
MemAvailable:    1540020 kB
Buffers:           33924 kB
Cached:           362176 kB
MemTotal:        1844596 kB
MemFree:         1274440 kB
MemAvailable:    1538716 kB
Buffers:           33924 kB
Cached:           362176 kB
MemTotal:        1844596 kB
MemFree:         1274656 kB
MemAvailable:    1539016 kB
Buffers:           33924 kB
Cached:           362176 kB
MemTotal:        1844596 kB
MemFree:         1275460 kB
MemAvailable:    1539736 kB
Buffers:           33924 kB
Cached:           362176 kB
MemTotal:        1844596 kB
MemFree:         1275248 kB
MemAvailable:    1539524 kB
Buffers:           33924 kB
Cached:           362176 kB
MemTotal:        1844596 kB
MemFree:         1275668 kB
MemAvailable:    1539944 kB
Buffers:           33924 kB
Cached:           362176 kB
MemTotal:        1844596 kB
MemFree:         1274608 kB
MemAvailable:    1538884 kB
Buffers:           33924 kB
Cached:           362176 kB
MemTotal:        1844596 kB
MemFree:         1274444 kB
MemAvailable:    1538720 kB
Buffers:           33924 kB
Cached:           362176 kB
MemTotal:        1844596 kB
MemFree:         1274436 kB
MemAvailable:    1538712 kB
Buffers:           33924 kB
Cached:           362176 kB
MemTotal:        1844596 kB
MemFree:         1275488 kB
MemAvailable:    1539764 kB
Buffers:           33924 kB
Cached:           362176 kB
MemTotal:        1844596 kB
MemFree:         1273264 kB
MemAvailable:    1537540 kB
Buffers:           33924 kB
Cached:           362176 kB
MemTotal:        1844596 kB
MemFree:         1269792 kB
MemAvailable:    1534068 kB
Buffers:           33924 kB
Cached:           362176 kB
MemTotal:        1844596 kB
MemFree:         1267744 kB
MemAvailable:    1532020 kB
Buffers:           33924 kB
Cached:           362176 kB
MemTotal:        1844596 kB
MemFree:         1266312 kB
MemAvailable:    1530588 kB
Buffers:           33924 kB
Cached:           362176 kB
MemTotal:        1844596 kB
MemFree:         1267304 kB
MemAvailable:    1531580 kB
Buffers:           33924 kB
Cached:           362176 kB
MemTotal:        1844596 kB
MemFree:         1267304 kB
MemAvailable:    1531580 kB
Buffers:           33924 kB
Cached:           362176 kB
MemTotal:        1844596 kB
MemFree:         1265884 kB
MemAvailable:    1530160 kB
Buffers:           33924 kB
Cached:           362176 kB
MemTotal:        1844596 kB
MemFree:         1266992 kB
MemAvailable:    1531268 kB
Buffers:           33924 kB
Cached:           362176 kB
MemTotal:        1844596 kB
MemFree:         1266072 kB
MemAvailable:    1530348 kB
Buffers:           33924 kB
Cached:           362176 kB
MemTotal:        1844596 kB
MemFree:         1266988 kB
MemAvailable:    1531264 kB
Buffers:           33924 kB
Cached:           362176 kB
MemTotal:        1844596 kB
MemFree:         1266816 kB
MemAvailable:    1531092 kB
Buffers:           33924 kB
Cached:           362176 kB
MemTotal:        1844596 kB
MemFree:         1266736 kB
MemAvailable:    1531012 kB
Buffers:           33924 kB
Cached:           362176 kB
MemTotal:        1844596 kB
MemFree:         1266816 kB
MemAvailable:    1531092 kB
Buffers:           33924 kB
Cached:           362176 kB
MemTotal:        1844596 kB
MemFree:         1266988 kB
MemAvailable:    1531264 kB
Buffers:           33924 kB
Cached:           362176 kB
MemTotal:        1844596 kB
MemFree:         1265804 kB
MemAvailable:    1530080 kB
Buffers:           33924 kB
Cached:           362176 kB
MemTotal:        1844596 kB
MemFree:         1266740 kB
MemAvailable:    1531016 kB
Buffers:           33924 kB
Cached:           362176 kB
MemTotal:        1844596 kB
MemFree:         1266444 kB
MemAvailable:    1530720 kB
Buffers:           33924 kB
Cached:           362176 kB
MemTotal:        1844596 kB
MemFree:         1265520 kB
MemAvailable:    1529796 kB
Buffers:           33924 kB
Cached:           362176 kB
MemTotal:        1844596 kB
MemFree:         1266988 kB
MemAvailable:    1531264 kB
Buffers:           33924 kB
Cached:           362176 kB
MemTotal:        1844596 kB
MemFree:         1266808 kB
MemAvailable:    1531084 kB
Buffers:           33924 kB
Cached:           362176 kB
MemTotal:        1844596 kB
MemFree:         1266824 kB
MemAvailable:    1531100 kB
Buffers:           33924 kB
Cached:           362176 kB
MemTotal:        1844596 kB
MemFree:         1265520 kB
MemAvailable:    1529796 kB
Buffers:           33924 kB
Cached:           362176 kB
MemTotal:        1844596 kB
MemFree:         1266924 kB
MemAvailable:    1531200 kB
Buffers:           33924 kB
Cached:           362176 kB
MemTotal:        1844596 kB
MemFree:         1267008 kB
MemAvailable:    1531284 kB
Buffers:           33924 kB
Cached:           362176 kB
MemTotal:        1844596 kB
MemFree:         1266760 kB
MemAvailable:    1531036 kB
Buffers:           33924 kB
Cached:           362176 kB
MemTotal:        1844596 kB
MemFree:         1265632 kB
MemAvailable:    1529908 kB
Buffers:           33924 kB
Cached:           362176 kB
MemTotal:        1844596 kB
MemFree:         1266844 kB
MemAvailable:    1531120 kB
Buffers:           33936 kB
Cached:           362164 kB
MemTotal:        1844596 kB
MemFree:         1265628 kB
MemAvailable:    1529904 kB
Buffers:           33936 kB
Cached:           362164 kB
MemTotal:        1844596 kB
MemFree:         1265628 kB
MemAvailable:    1529904 kB
Buffers:           33936 kB
Cached:           362164 kB
MemTotal:        1844596 kB
MemFree:         1266848 kB
MemAvailable:    1531144 kB
Buffers:           33936 kB
Cached:           362184 kB
MemTotal:        1844596 kB
MemFree:         1265684 kB
MemAvailable:    1529980 kB
Buffers:           33936 kB
Cached:           362184 kB
MemTotal:        1844596 kB
MemFree:         1266840 kB
MemAvailable:    1531136 kB
Buffers:           33936 kB
Cached:           362184 kB
MemTotal:        1844596 kB
MemFree:         1266484 kB
MemAvailable:    1530780 kB
Buffers:           33936 kB
Cached:           362184 kB
MemTotal:        1844596 kB
MemFree:         1263004 kB
MemAvailable:    1527300 kB
Buffers:           33936 kB
Cached:           362184 kB
MemTotal:        1844596 kB
MemFree:         1259888 kB
MemAvailable:    1524184 kB
Buffers:           33936 kB
Cached:           362184 kB
MemTotal:        1844596 kB
MemFree:         1259656 kB
MemAvailable:    1523952 kB
Buffers:           33936 kB
Cached:           362184 kB
MemTotal:        1844596 kB
MemFree:         1256672 kB
MemAvailable:    1520968 kB
Buffers:           33936 kB
Cached:           362184 kB
MemTotal:        1844596 kB
MemFree:         1257920 kB
MemAvailable:    1522216 kB
Buffers:           33936 kB
Cached:           362184 kB
MemTotal:        1844596 kB
MemFree:         1256928 kB
MemAvailable:    1521224 kB
Buffers:           33936 kB
Cached:           362184 kB
MemTotal:        1844596 kB
MemFree:         1257352 kB
MemAvailable:    1521648 kB
Buffers:           33936 kB
Cached:           362184 kB
MemTotal:        1844596 kB
MemFree:         1257688 kB
MemAvailable:    1521984 kB
Buffers:           33936 kB
Cached:           362184 kB
MemTotal:        1844596 kB
MemFree:         1256244 kB
MemAvailable:    1520540 kB
Buffers:           33936 kB
Cached:           362184 kB
MemTotal:        1844596 kB
MemFree:         1254696 kB
MemAvailable:    1518992 kB
Buffers:           33936 kB
Cached:           362184 kB
MemTotal:        1844596 kB
MemFree:         1255812 kB
MemAvailable:    1520108 kB
Buffers:           33936 kB
Cached:           362184 kB
MemTotal:        1844596 kB
MemFree:         1254068 kB
MemAvailable:    1518364 kB
Buffers:           33936 kB
Cached:           362184 kB
MemTotal:        1844596 kB
MemFree:         1253944 kB
MemAvailable:    1518240 kB
Buffers:           33936 kB
Cached:           362184 kB
MemTotal:        1844596 kB
MemFree:         1255176 kB
MemAvailable:    1519472 kB
Buffers:           33936 kB
Cached:           362184 kB
MemTotal:        1844596 kB
MemFree:         1255260 kB
MemAvailable:    1519556 kB
Buffers:           33936 kB
Cached:           362184 kB
MemTotal:        1844596 kB
MemFree:         1255072 kB
MemAvailable:    1519368 kB
Buffers:           33936 kB
Cached:           362184 kB
MemTotal:        1844596 kB
MemFree:         1255108 kB
MemAvailable:    1519404 kB
Buffers:           33936 kB
Cached:           362184 kB
MemTotal:        1844596 kB
MemFree:         1254324 kB
MemAvailable:    1518620 kB
Buffers:           33936 kB
Cached:           362184 kB
MemTotal:        1844596 kB
MemFree:         1254896 kB
MemAvailable:    1519192 kB
Buffers:           33936 kB
Cached:           362184 kB
MemTotal:        1844596 kB
MemFree:         1255152 kB
MemAvailable:    1519448 kB
Buffers:           33936 kB
Cached:           362184 kB
MemTotal:        1844596 kB
MemFree:         1255128 kB
MemAvailable:    1519424 kB
Buffers:           33936 kB
Cached:           362184 kB
MemTotal:        1844596 kB
MemFree:         1254316 kB
MemAvailable:    1518612 kB
Buffers:           33936 kB
Cached:           362184 kB
MemTotal:        1844596 kB
MemFree:         1255308 kB
MemAvailable:    1519604 kB
Buffers:           33936 kB
Cached:           362184 kB
MemTotal:        1844596 kB
MemFree:         1255308 kB
MemAvailable:    1519604 kB
Buffers:           33936 kB
Cached:           362184 kB
MemTotal:        1844596 kB
MemFree:         1253904 kB
MemAvailable:    1518200 kB
Buffers:           33936 kB
Cached:           362184 kB
MemTotal:        1844596 kB
MemFree:         1255056 kB
MemAvailable:    1519352 kB
Buffers:           33936 kB
Cached:           362184 kB
MemTotal:        1844596 kB
MemFree:         1254888 kB
MemAvailable:    1519184 kB
Buffers:           33936 kB
Cached:           362184 kB
MemTotal:        1844596 kB
MemFree:         1255144 kB
MemAvailable:    1519440 kB
Buffers:           33936 kB
Cached:           362184 kB
MemTotal:        1844596 kB
MemFree:         1255056 kB
MemAvailable:    1519352 kB
Buffers:           33936 kB
Cached:           362184 kB
MemTotal:        1844596 kB
MemFree:         1255068 kB
MemAvailable:    1519364 kB
Buffers:           33936 kB
Cached:           362184 kB
MemTotal:        1844596 kB
MemFree:         1255044 kB
MemAvailable:    1519340 kB
Buffers:           33936 kB
Cached:           362184 kB
MemTotal:        1844596 kB
MemFree:         1254932 kB
MemAvailable:    1519228 kB
Buffers:           33936 kB
Cached:           362184 kB
MemTotal:        1844596 kB
MemFree:         1255004 kB
MemAvailable:    1519300 kB
Buffers:           33936 kB
Cached:           362184 kB
MemTotal:        1844596 kB
MemFree:         1254956 kB
MemAvailable:    1519252 kB
Buffers:           33936 kB
Cached:           362184 kB
MemTotal:        1844596 kB
MemFree:         1253780 kB
MemAvailable:    1518076 kB
Buffers:           33936 kB
Cached:           362184 kB
MemTotal:        1844596 kB
MemFree:         1255208 kB
MemAvailable:    1519504 kB
Buffers:           33936 kB
Cached:           362184 kB
MemTotal:        1844596 kB
MemFree:         1254876 kB
MemAvailable:    1519172 kB
Buffers:           33936 kB
Cached:           362184 kB
MemTotal:        1844596 kB
MemFree:         1254696 kB
MemAvailable:    1518992 kB
Buffers:           33936 kB
Cached:           362184 kB
MemTotal:        1844596 kB
MemFree:         1255116 kB
MemAvailable:    1519412 kB
Buffers:           33936 kB
Cached:           362184 kB
MemTotal:        1844596 kB
MemFree:         1253808 kB
MemAvailable:    1518104 kB
Buffers:           33936 kB
Cached:           362184 kB
MemTotal:        1844596 kB
MemFree:         1253768 kB
MemAvailable:    1518064 kB
Buffers:           33936 kB
Cached:           362184 kB
MemTotal:        1844596 kB
MemFree:         1254992 kB
MemAvailable:    1519288 kB
Buffers:           33936 kB
Cached:           362184 kB
MemTotal:        1844596 kB
MemFree:         1254936 kB
MemAvailable:    1519232 kB
Buffers:           33936 kB
Cached:           362184 kB
MemTotal:        1844596 kB
MemFree:         1255272 kB
MemAvailable:    1519568 kB
Buffers:           33936 kB
Cached:           362184 kB
MemTotal:        1844596 kB
MemFree:         1255080 kB
MemAvailable:    1519376 kB
Buffers:           33936 kB
Cached:           362184 kB
MemTotal:        1844596 kB
MemFree:         1253648 kB
MemAvailable:    1517944 kB
Buffers:           33936 kB
Cached:           362184 kB
MemTotal:        1844596 kB
MemFree:         1255008 kB
MemAvailable:    1519304 kB
Buffers:           33936 kB
Cached:           362184 kB
MemTotal:        1844596 kB
MemFree:         1254704 kB
MemAvailable:    1519000 kB
Buffers:           33936 kB
Cached:           362184 kB
MemTotal:        1844596 kB
MemFree:         1253688 kB
MemAvailable:    1517984 kB
Buffers:           33936 kB
Cached:           362184 kB
MemTotal:        1844596 kB
MemFree:         1253696 kB
MemAvailable:    1517992 kB
Buffers:           33936 kB
Cached:           362184 kB
MemTotal:        1844596 kB
MemFree:         1254796 kB
MemAvailable:    1519092 kB
Buffers:           33936 kB
Cached:           362184 kB
MemTotal:        1844596 kB
MemFree:         1254964 kB
MemAvailable:    1519260 kB
Buffers:           33936 kB
Cached:           362184 kB
MemTotal:        1844596 kB
MemFree:         1253768 kB
MemAvailable:    1518064 kB
Buffers:           33936 kB
Cached:           362184 kB
MemTotal:        1844596 kB
MemFree:         1253892 kB
MemAvailable:    1518188 kB
Buffers:           33936 kB
Cached:           362184 kB
MemTotal:        1844596 kB
MemFree:         1254912 kB
MemAvailable:    1519208 kB
Buffers:           33936 kB
Cached:           362184 kB
MemTotal:        1844596 kB
MemFree:         1255068 kB
MemAvailable:    1519364 kB
Buffers:           33936 kB
Cached:           362184 kB
MemTotal:        1844596 kB
MemFree:         1255008 kB
MemAvailable:    1519304 kB
Buffers:           33936 kB
Cached:           362184 kB
MemTotal:        1844596 kB
MemFree:         1254704 kB
MemAvailable:    1519000 kB
Buffers:           33936 kB
Cached:           362184 kB
MemTotal:        1844596 kB
MemFree:         1255080 kB
MemAvailable:    1519376 kB
Buffers:           33936 kB
Cached:           362184 kB
MemTotal:        1844596 kB
MemFree:         1254984 kB
MemAvailable:    1519280 kB
Buffers:           33936 kB
Cached:           362184 kB
MemTotal:        1844596 kB
MemFree:         1254324 kB
MemAvailable:    1518620 kB
Buffers:           33936 kB
Cached:           362184 kB
MemTotal:        1844596 kB
MemFree:         1255252 kB
MemAvailable:    1519548 kB
Buffers:           33936 kB
Cached:           362184 kB
MemTotal:        1844596 kB
MemFree:         1254796 kB
MemAvailable:    1519092 kB
Buffers:           33936 kB
Cached:           362184 kB
MemTotal:        1844596 kB
MemFree:         1254324 kB
MemAvailable:    1518620 kB
Buffers:           33936 kB
Cached:           362184 kB
MemTotal:        1844596 kB
MemFree:         1254700 kB
MemAvailable:    1518996 kB
Buffers:           33936 kB
Cached:           362184 kB
MemTotal:        1844596 kB
MemFree:         1254604 kB
MemAvailable:    1518900 kB
Buffers:           33936 kB
Cached:           362184 kB
MemTotal:        1844596 kB
MemFree:         1254532 kB
MemAvailable:    1518828 kB
Buffers:           33936 kB
Cached:           362184 kB
MemTotal:        1844596 kB
MemFree:         1254616 kB
MemAvailable:    1518912 kB
Buffers:           33936 kB
Cached:           362184 kB
MemTotal:        1844596 kB
MemFree:         1254392 kB
MemAvailable:    1518688 kB
Buffers:           33936 kB
Cached:           362184 kB
MemTotal:        1844596 kB
MemFree:         1253180 kB
MemAvailable:    1517476 kB
Buffers:           33936 kB
Cached:           362184 kB
MemTotal:        1844596 kB
MemFree:         1254308 kB
MemAvailable:    1518612 kB
Buffers:           33936 kB
Cached:           362192 kB
MemTotal:        1844596 kB
MemFree:         1254644 kB
MemAvailable:    1518948 kB
Buffers:           33936 kB
Cached:           362192 kB
MemTotal:        1844596 kB
MemFree:         1254260 kB
MemAvailable:    1518564 kB
Buffers:           33936 kB
Cached:           362192 kB
MemTotal:        1844596 kB
MemFree:         1254260 kB
MemAvailable:    1518564 kB
Buffers:           33936 kB
Cached:           362192 kB
MemTotal:        1844596 kB
MemFree:         1254316 kB
MemAvailable:    1518620 kB
Buffers:           33936 kB
Cached:           362192 kB
MemTotal:        1844596 kB
MemFree:         1252884 kB
MemAvailable:    1517188 kB
Buffers:           33936 kB
Cached:           362192 kB
MemTotal:        1844596 kB
MemFree:         1254312 kB
MemAvailable:    1518616 kB
Buffers:           33936 kB
Cached:           362192 kB
MemTotal:        1844596 kB
MemFree:         1254136 kB
MemAvailable:    1518440 kB
Buffers:           33936 kB
Cached:           362192 kB
MemTotal:        1844596 kB
MemFree:         1254096 kB
MemAvailable:    1518400 kB
Buffers:           33936 kB
Cached:           362192 kB
MemTotal:        1844596 kB
MemFree:         1252960 kB
MemAvailable:    1517264 kB
Buffers:           33936 kB
Cached:           362192 kB
MemTotal:        1844596 kB
MemFree:         1254028 kB
MemAvailable:    1518332 kB
Buffers:           33936 kB
Cached:           362192 kB
MemTotal:        1844596 kB
MemFree:         1254028 kB
MemAvailable:    1518332 kB
Buffers:           33936 kB
Cached:           362192 kB
MemTotal:        1844596 kB
MemFree:         1254088 kB
MemAvailable:    1518392 kB
Buffers:           33936 kB
Cached:           362192 kB
MemTotal:        1844596 kB
MemFree:         1254000 kB
MemAvailable:    1518304 kB
Buffers:           33936 kB
Cached:           362192 kB
MemTotal:        1844596 kB
MemFree:         1252776 kB
MemAvailable:    1517080 kB
Buffers:           33936 kB
Cached:           362192 kB
MemTotal:        1844596 kB
MemFree:         1253944 kB
MemAvailable:    1518248 kB
Buffers:           33936 kB
Cached:           362192 kB
MemTotal:        1844596 kB
MemFree:         1254084 kB
MemAvailable:    1518388 kB
Buffers:           33936 kB
Cached:           362192 kB
MemTotal:        1844596 kB
MemFree:         1252192 kB
MemAvailable:    1516496 kB
Buffers:           33936 kB
Cached:           362192 kB
MemTotal:        1844596 kB
MemFree:         1252572 kB
MemAvailable:    1516876 kB
Buffers:           33936 kB
Cached:           362192 kB
MemTotal:        1844596 kB
MemFree:         1253880 kB
MemAvailable:    1518184 kB
Buffers:           33936 kB
Cached:           362192 kB
MemTotal:        1844596 kB
MemFree:         1252780 kB
MemAvailable:    1517084 kB
Buffers:           33936 kB
Cached:           362192 kB
MemTotal:        1844596 kB
MemFree:         1249844 kB
MemAvailable:    1514148 kB
Buffers:           33936 kB
Cached:           362192 kB
MemTotal:        1844596 kB
MemFree:         1249240 kB
MemAvailable:    1513544 kB
Buffers:           33936 kB
Cached:           362192 kB
MemTotal:        1844596 kB
MemFree:         1245388 kB
MemAvailable:    1509692 kB
Buffers:           33936 kB
Cached:           362192 kB
MemTotal:        1844596 kB
MemFree:         1243784 kB
MemAvailable:    1508088 kB
Buffers:           33936 kB
Cached:           362192 kB
MemTotal:        1844596 kB
MemFree:         1242544 kB
MemAvailable:    1506848 kB
Buffers:           33936 kB
Cached:           362192 kB
MemTotal:        1844596 kB
MemFree:         1243720 kB
MemAvailable:    1508028 kB
Buffers:           33936 kB
Cached:           362196 kB
MemTotal:        1844596 kB
MemFree:         1242048 kB
MemAvailable:    1506356 kB
Buffers:           33936 kB
Cached:           362196 kB
MemTotal:        1844596 kB
MemFree:         1242040 kB
MemAvailable:    1506348 kB
Buffers:           33936 kB
Cached:           362196 kB
MemTotal:        1844596 kB
MemFree:         1243224 kB
MemAvailable:    1507532 kB
Buffers:           33936 kB
Cached:           362196 kB
MemTotal:        1844596 kB
MemFree:         1241916 kB
MemAvailable:    1506224 kB
Buffers:           33936 kB
Cached:           362196 kB
MemTotal:        1844596 kB
MemFree:         1242472 kB
MemAvailable:    1506780 kB
Buffers:           33936 kB
Cached:           362196 kB
MemTotal:        1844596 kB
MemFree:         1241428 kB
MemAvailable:    1505736 kB
Buffers:           33936 kB
Cached:           362196 kB
MemTotal:        1844596 kB
MemFree:         1241288 kB
MemAvailable:    1505596 kB
Buffers:           33936 kB
Cached:           362196 kB
MemTotal:        1844596 kB
MemFree:         1240684 kB
MemAvailable:    1504992 kB
Buffers:           33936 kB
Cached:           362196 kB
MemTotal:        1844596 kB
MemFree:         1240868 kB
MemAvailable:    1505176 kB
Buffers:           33936 kB
Cached:           362196 kB
MemTotal:        1844596 kB
MemFree:         1239444 kB
MemAvailable:    1503752 kB
Buffers:           33936 kB
Cached:           362196 kB
MemTotal:        1844596 kB
MemFree:         1240284 kB
MemAvailable:    1504592 kB
Buffers:           33936 kB
Cached:           362196 kB
MemTotal:        1844596 kB
MemFree:         1240620 kB
MemAvailable:    1504928 kB
Buffers:           33936 kB
Cached:           362196 kB
MemTotal:        1844596 kB
MemFree:         1240436 kB
MemAvailable:    1504744 kB
Buffers:           33936 kB
Cached:           362196 kB
MemTotal:        1844596 kB
MemFree:         1240304 kB
MemAvailable:    1504612 kB
Buffers:           33936 kB
Cached:           362196 kB
MemTotal:        1844596 kB
MemFree:         1240560 kB
MemAvailable:    1504868 kB
Buffers:           33936 kB
Cached:           362196 kB
MemTotal:        1844596 kB
MemFree:         1239016 kB
MemAvailable:    1503324 kB
Buffers:           33936 kB
Cached:           362196 kB
MemTotal:        1844596 kB
MemFree:         1239436 kB
MemAvailable:    1503744 kB
Buffers:           33936 kB
Cached:           362196 kB
MemTotal:        1844596 kB
MemFree:         1240572 kB
MemAvailable:    1504880 kB
Buffers:           33936 kB
Cached:           362196 kB
MemTotal:        1844596 kB
MemFree:         1239816 kB
MemAvailable:    1504124 kB
Buffers:           33936 kB
Cached:           362196 kB
MemTotal:        1844596 kB
MemFree:         1240808 kB
MemAvailable:    1505116 kB
Buffers:           33936 kB
Cached:           362196 kB
MemTotal:        1844596 kB
MemFree:         1239816 kB
MemAvailable:    1504124 kB
Buffers:           33936 kB
Cached:           362196 kB
MemTotal:        1844596 kB
MemFree:         1240408 kB
MemAvailable:    1504716 kB
Buffers:           33936 kB
Cached:           362196 kB
MemTotal:        1844596 kB
MemFree:         1240744 kB
MemAvailable:    1505052 kB
Buffers:           33936 kB
Cached:           362196 kB
MemTotal:        1844596 kB
MemFree:         1240560 kB
MemAvailable:    1504868 kB
Buffers:           33936 kB
Cached:           362196 kB
MemTotal:        1844596 kB
MemFree:         1240428 kB
MemAvailable:    1504736 kB
Buffers:           33936 kB
Cached:           362196 kB
MemTotal:        1844596 kB
MemFree:         1238824 kB
MemAvailable:    1503132 kB
Buffers:           33936 kB
Cached:           362196 kB
MemTotal:        1844596 kB
MemFree:         1239196 kB
MemAvailable:    1503504 kB
Buffers:           33936 kB
Cached:           362196 kB
MemTotal:        1844596 kB
MemFree:         1238700 kB
MemAvailable:    1503008 kB
Buffers:           33936 kB
Cached:           362196 kB
MemTotal:        1844596 kB
MemFree:         1237460 kB
MemAvailable:    1501768 kB
Buffers:           33936 kB
Cached:           362196 kB
MemTotal:        1844596 kB
MemFree:         1238196 kB
MemAvailable:    1502508 kB
Buffers:           33936 kB
Cached:           362200 kB
MemTotal:        1844596 kB
MemFree:         1238452 kB
MemAvailable:    1502764 kB
Buffers:           33936 kB
Cached:           362200 kB
MemTotal:        1844596 kB
MemFree:         1238340 kB
MemAvailable:    1502652 kB
Buffers:           33936 kB
Cached:           362200 kB
MemTotal:        1844596 kB
MemFree:         1237336 kB
MemAvailable:    1501648 kB
Buffers:           33936 kB
Cached:           362200 kB
MemTotal:        1844596 kB
MemFree:         1237700 kB
MemAvailable:    1502012 kB
Buffers:           33936 kB
Cached:           362200 kB
MemTotal:        1844596 kB
MemFree:         1237956 kB
MemAvailable:    1502268 kB
Buffers:           33936 kB
Cached:           362200 kB
MemTotal:        1844596 kB
MemFree:         1236584 kB
MemAvailable:    1500896 kB
Buffers:           33936 kB
Cached:           362200 kB
MemTotal:        1844596 kB
MemFree:         1236476 kB
MemAvailable:    1500788 kB
Buffers:           33936 kB
Cached:           362200 kB
MemTotal:        1844596 kB
MemFree:         1235088 kB
MemAvailable:    1499400 kB
Buffers:           33936 kB
Cached:           362200 kB
MemTotal:        1844596 kB
MemFree:         1235344 kB
MemAvailable:    1499656 kB
Buffers:           33936 kB
Cached:           362200 kB
MemTotal:        1844596 kB
MemFree:         1235716 kB
MemAvailable:    1500028 kB
Buffers:           33936 kB
Cached:           362200 kB
MemTotal:        1844596 kB
MemFree:         1235360 kB
MemAvailable:    1499672 kB
Buffers:           33936 kB
Cached:           362200 kB
MemTotal:        1844596 kB
MemFree:         1234096 kB
MemAvailable:    1498408 kB
Buffers:           33936 kB
Cached:           362200 kB
MemTotal:        1844596 kB
MemFree:         1235404 kB
MemAvailable:    1499716 kB
Buffers:           33936 kB
Cached:           362200 kB
MemTotal:        1844596 kB
MemFree:         1234228 kB
MemAvailable:    1498540 kB
Buffers:           33936 kB
Cached:           362200 kB
MemTotal:        1844596 kB
MemFree:         1235452 kB
MemAvailable:    1499764 kB
Buffers:           33936 kB
Cached:           362200 kB
MemTotal:        1844596 kB
MemFree:         1235324 kB
MemAvailable:    1499636 kB
Buffers:           33936 kB
Cached:           362200 kB
MemTotal:        1844596 kB
MemFree:         1235576 kB
MemAvailable:    1499888 kB
Buffers:           33936 kB
Cached:           362200 kB
MemTotal:        1844596 kB
MemFree:         1235608 kB
MemAvailable:    1499920 kB
Buffers:           33936 kB
Cached:           362200 kB
MemTotal:        1844596 kB
MemFree:         1235584 kB
MemAvailable:    1499896 kB
Buffers:           33936 kB
Cached:           362200 kB
MemTotal:        1844596 kB
MemFree:         1233956 kB
MemAvailable:    1498272 kB
Buffers:           33936 kB
Cached:           362204 kB
MemTotal:        1844596 kB
MemFree:         1235220 kB
MemAvailable:    1499536 kB
Buffers:           33936 kB
Cached:           362204 kB
MemTotal:        1844596 kB
MemFree:         1235476 kB
MemAvailable:    1499792 kB
Buffers:           33936 kB
Cached:           362204 kB
MemTotal:        1844596 kB
MemFree:         1235172 kB
MemAvailable:    1499488 kB
Buffers:           33936 kB
Cached:           362204 kB
MemTotal:        1844596 kB
MemFree:         1235172 kB
MemAvailable:    1499488 kB
Buffers:           33936 kB
Cached:           362204 kB
MemTotal:        1844596 kB
MemFree:         1233964 kB
MemAvailable:    1498280 kB
Buffers:           33936 kB
Cached:           362204 kB
MemTotal:        1844596 kB
MemFree:         1235224 kB
MemAvailable:    1499540 kB
Buffers:           33936 kB
Cached:           362204 kB
MemTotal:        1844596 kB
MemFree:         1234360 kB
MemAvailable:    1498676 kB
Buffers:           33936 kB
Cached:           362204 kB
MemTotal:        1844596 kB
MemFree:         1235036 kB
MemAvailable:    1499352 kB
Buffers:           33936 kB
Cached:           362204 kB
MemTotal:        1844596 kB
MemFree:         1235288 kB
MemAvailable:    1499604 kB
Buffers:           33936 kB
Cached:           362204 kB
MemTotal:        1844596 kB
MemFree:         1235084 kB
MemAvailable:    1499400 kB
Buffers:           33936 kB
Cached:           362204 kB
MemTotal:        1844596 kB
MemFree:         1235340 kB
MemAvailable:    1499656 kB
Buffers:           33936 kB
Cached:           362204 kB
MemTotal:        1844596 kB
MemFree:         1235228 kB
MemAvailable:    1499544 kB
Buffers:           33936 kB
Cached:           362204 kB
MemTotal:        1844596 kB
MemFree:         1235292 kB
MemAvailable:    1499608 kB
Buffers:           33936 kB
Cached:           362204 kB
MemTotal:        1844596 kB
MemFree:         1235024 kB
MemAvailable:    1499340 kB
Buffers:           33936 kB
Cached:           362204 kB
MemTotal:        1844596 kB
MemFree:         1235104 kB
MemAvailable:    1499420 kB
Buffers:           33936 kB
Cached:           362204 kB
MemTotal:        1844596 kB
MemFree:         1235276 kB
MemAvailable:    1499592 kB
Buffers:           33936 kB
Cached:           362204 kB
MemTotal:        1844596 kB
MemFree:         1234964 kB
MemAvailable:    1499280 kB
Buffers:           33936 kB
Cached:           362204 kB
MemTotal:        1844596 kB
MemFree:         1234732 kB
MemAvailable:    1499048 kB
Buffers:           33936 kB
Cached:           362204 kB
MemTotal:        1844596 kB
MemFree:         1235276 kB
MemAvailable:    1499592 kB
Buffers:           33936 kB
Cached:           362204 kB
MemTotal:        1844596 kB
MemFree:         1233244 kB
MemAvailable:    1497560 kB
Buffers:           33936 kB
Cached:           362204 kB
MemTotal:        1844596 kB
MemFree:         1234172 kB
MemAvailable:    1498488 kB
Buffers:           33936 kB
Cached:           362204 kB
MemTotal:        1844596 kB
MemFree:         1233792 kB
MemAvailable:    1498108 kB
Buffers:           33936 kB
Cached:           362204 kB
MemTotal:        1844596 kB
MemFree:         1232368 kB
MemAvailable:    1496684 kB
Buffers:           33936 kB
Cached:           362204 kB
MemTotal:        1844596 kB
MemFree:         1231320 kB
MemAvailable:    1495636 kB
Buffers:           33936 kB
Cached:           362204 kB
MemTotal:        1844596 kB
MemFree:         1230744 kB
MemAvailable:    1495060 kB
Buffers:           33936 kB
Cached:           362204 kB
MemTotal:        1844596 kB
MemFree:         1229968 kB
MemAvailable:    1494284 kB
Buffers:           33936 kB
Cached:           362204 kB
MemTotal:        1844596 kB
MemFree:         1224440 kB
MemAvailable:    1488756 kB
Buffers:           33936 kB
Cached:           362204 kB
MemTotal:        1844596 kB
MemFree:         1222268 kB
MemAvailable:    1486584 kB
Buffers:           33936 kB
Cached:           362204 kB
MemTotal:        1844596 kB
MemFree:         1219604 kB
MemAvailable:    1483920 kB
Buffers:           33936 kB
Cached:           362204 kB
MemTotal:        1844596 kB
MemFree:         1216736 kB
MemAvailable:    1481056 kB
Buffers:           33936 kB
Cached:           362208 kB
MemTotal:        1844596 kB
MemFree:         1216132 kB
MemAvailable:    1480452 kB
Buffers:           33936 kB
Cached:           362208 kB
MemTotal:        1844596 kB
MemFree:         1215244 kB
MemAvailable:    1479564 kB
Buffers:           33936 kB
Cached:           362208 kB
MemTotal:        1844596 kB
MemFree:         1216484 kB
MemAvailable:    1480804 kB
Buffers:           33936 kB
Cached:           362208 kB
MemTotal:        1844596 kB
MemFree:         1216736 kB
MemAvailable:    1481056 kB
Buffers:           33936 kB
Cached:           362208 kB
MemTotal:        1844596 kB
MemFree:         1216372 kB
MemAvailable:    1480692 kB
Buffers:           33936 kB
Cached:           362208 kB
MemTotal:        1844596 kB
MemFree:         1216552 kB
MemAvailable:    1480872 kB
Buffers:           33936 kB
Cached:           362208 kB
MemTotal:        1844596 kB
MemFree:         1215256 kB
MemAvailable:    1479576 kB
Buffers:           33936 kB
Cached:           362208 kB
MemTotal:        1844596 kB
MemFree:         1216276 kB
MemAvailable:    1480596 kB
Buffers:           33936 kB
Cached:           362208 kB
MemTotal:        1844596 kB
MemFree:         1216340 kB
MemAvailable:    1480660 kB
Buffers:           33936 kB
Cached:           362208 kB
MemTotal:        1844596 kB
MemFree:         1214892 kB
MemAvailable:    1479212 kB
Buffers:           33936 kB
Cached:           362208 kB
MemTotal:        1844596 kB
MemFree:         1216240 kB
MemAvailable:    1480560 kB
Buffers:           33936 kB
Cached:           362208 kB
MemTotal:        1844596 kB
MemFree:         1216208 kB
MemAvailable:    1480528 kB
Buffers:           33936 kB
Cached:           362208 kB
MemTotal:        1844596 kB
MemFree:         1214836 kB
MemAvailable:    1479156 kB
Buffers:           33936 kB
Cached:           362208 kB
MemTotal:        1844596 kB
MemFree:         1214520 kB
MemAvailable:    1478840 kB
Buffers:           33936 kB
Cached:           362208 kB
MemTotal:        1844596 kB
MemFree:         1214388 kB
MemAvailable:    1478708 kB
Buffers:           33936 kB
Cached:           362208 kB
MemTotal:        1844596 kB
MemFree:         1214380 kB
MemAvailable:    1478700 kB
Buffers:           33936 kB
Cached:           362208 kB
MemTotal:        1844596 kB
MemFree:         1214380 kB
MemAvailable:    1478700 kB
Buffers:           33936 kB
Cached:           362208 kB
MemTotal:        1844596 kB
MemFree:         1215424 kB
MemAvailable:    1479744 kB
Buffers:           33936 kB
Cached:           362208 kB
MemTotal:        1844596 kB
MemFree:         1215352 kB
MemAvailable:    1479672 kB
Buffers:           33936 kB
Cached:           362208 kB
MemTotal:        1844596 kB
MemFree:         1215604 kB
MemAvailable:    1479924 kB
Buffers:           33936 kB
Cached:           362208 kB
MemTotal:        1844596 kB
MemFree:         1214236 kB
MemAvailable:    1478556 kB
Buffers:           33936 kB
Cached:           362208 kB
MemTotal:        1844596 kB
MemFree:         1215500 kB
MemAvailable:    1479820 kB
Buffers:           33936 kB
Cached:           362208 kB
MemTotal:        1844596 kB
MemFree:         1214644 kB
MemAvailable:    1478964 kB
Buffers:           33936 kB
Cached:           362208 kB
MemTotal:        1844596 kB
MemFree:         1214212 kB
MemAvailable:    1478532 kB
Buffers:           33936 kB
Cached:           362208 kB
MemTotal:        1844596 kB
MemFree:         1215356 kB
MemAvailable:    1479676 kB
Buffers:           33936 kB
Cached:           362208 kB
MemTotal:        1844596 kB
MemFree:         1215372 kB
MemAvailable:    1479692 kB
Buffers:           33936 kB
Cached:           362208 kB
MemTotal:        1844596 kB
MemFree:         1214140 kB
MemAvailable:    1478460 kB
Buffers:           33936 kB
Cached:           362208 kB
MemTotal:        1844596 kB
MemFree:         1214100 kB
MemAvailable:    1478420 kB
Buffers:           33936 kB
Cached:           362208 kB
MemTotal:        1844596 kB
MemFree:         1215248 kB
MemAvailable:    1479568 kB
Buffers:           33936 kB
Cached:           362208 kB
MemTotal:        1844596 kB
MemFree:         1215264 kB
MemAvailable:    1479584 kB
Buffers:           33936 kB
Cached:           362208 kB
MemTotal:        1844596 kB
MemFree:         1215368 kB
MemAvailable:    1479688 kB
Buffers:           33936 kB
Cached:           362208 kB
MemTotal:        1844596 kB
MemFree:         1215272 kB
MemAvailable:    1479468 kB
Buffers:           33936 kB
Cached:           362208 kB
MemTotal:        1844596 kB
MemFree:         1215340 kB
MemAvailable:    1479660 kB
Buffers:           33936 kB
Cached:           362208 kB
MemTotal:        1844596 kB
MemFree:         1215320 kB
MemAvailable:    1479640 kB
Buffers:           33936 kB
Cached:           362208 kB
MemTotal:        1844596 kB
MemFree:         1215572 kB
MemAvailable:    1479892 kB
Buffers:           33936 kB
Cached:           362208 kB
MemTotal:        1844596 kB
MemFree:         1215360 kB
MemAvailable:    1479680 kB
Buffers:           33936 kB
Cached:           362208 kB
MemTotal:        1844596 kB
MemFree:         1215512 kB
MemAvailable:    1479832 kB
Buffers:           33936 kB
Cached:           362208 kB
MemTotal:        1844596 kB
MemFree:         1215560 kB
MemAvailable:    1479880 kB
Buffers:           33936 kB
Cached:           362208 kB
MemTotal:        1844596 kB
MemFree:         1214336 kB
MemAvailable:    1478656 kB
Buffers:           33936 kB
Cached:           362208 kB
MemTotal:        1844596 kB
MemFree:         1215308 kB
MemAvailable:    1479628 kB
Buffers:           33936 kB
Cached:           362208 kB
MemTotal:        1844596 kB
MemFree:         1215308 kB
MemAvailable:    1479628 kB
Buffers:           33936 kB
Cached:           362208 kB
MemTotal:        1844596 kB
MemFree:         1213464 kB
MemAvailable:    1477784 kB
Buffers:           33936 kB
Cached:           362208 kB
MemTotal:        1844596 kB
MemFree:         1210296 kB
MemAvailable:    1474616 kB
Buffers:           33936 kB
Cached:           362208 kB
MemTotal:        1844596 kB
MemFree:         1206956 kB
MemAvailable:    1471276 kB
Buffers:           33936 kB
Cached:           362208 kB
MemTotal:        1844596 kB
MemFree:         1204476 kB
MemAvailable:    1468796 kB
Buffers:           33936 kB
Cached:           362208 kB
MemTotal:        1844596 kB
MemFree:         1200988 kB
MemAvailable:    1465312 kB
Buffers:           33936 kB
Cached:           362212 kB
MemTotal:        1844596 kB
MemFree:         1198400 kB
MemAvailable:    1462724 kB
Buffers:           33936 kB
Cached:           362212 kB
MemTotal:        1844596 kB
MemFree:         1197840 kB
MemAvailable:    1462164 kB
Buffers:           33936 kB
Cached:           362212 kB
MemTotal:        1844596 kB
MemFree:         1196532 kB
MemAvailable:    1460856 kB
Buffers:           33936 kB
Cached:           362212 kB
MemTotal:        1844596 kB
MemFree:         1196532 kB
MemAvailable:    1460856 kB
Buffers:           33936 kB
Cached:           362212 kB
MemTotal:        1844596 kB
MemFree:         1197772 kB
MemAvailable:    1462096 kB
Buffers:           33936 kB
Cached:           362212 kB
MemTotal:        1844596 kB
MemFree:         1197832 kB
MemAvailable:    1462156 kB
Buffers:           33936 kB
Cached:           362212 kB
MemTotal:        1844596 kB
MemFree:         1197700 kB
MemAvailable:    1462024 kB
Buffers:           33936 kB
Cached:           362212 kB
MemTotal:        1844596 kB
MemFree:         1196476 kB
MemAvailable:    1460800 kB
Buffers:           33936 kB
Cached:           362212 kB
MemTotal:        1844596 kB
MemFree:         1197620 kB
MemAvailable:    1461944 kB
Buffers:           33936 kB
Cached:           362212 kB
MemTotal:        1844596 kB
MemFree:         1197656 kB
MemAvailable:    1461980 kB
Buffers:           33936 kB
Cached:           362212 kB
MemTotal:        1844596 kB
MemFree:         1197460 kB
MemAvailable:    1461784 kB
Buffers:           33936 kB
Cached:           362212 kB
MemTotal:        1844596 kB
MemFree:         1197712 kB
MemAvailable:    1462036 kB
Buffers:           33936 kB
Cached:           362212 kB
MemTotal:        1844596 kB
MemFree:         1197204 kB
MemAvailable:    1461528 kB
Buffers:           33936 kB
Cached:           362212 kB
MemTotal:        1844596 kB
MemFree:         1197540 kB
MemAvailable:    1461864 kB
Buffers:           33936 kB
Cached:           362212 kB
MemTotal:        1844596 kB
MemFree:         1197072 kB
MemAvailable:    1461396 kB
Buffers:           33936 kB
Cached:           362212 kB
MemTotal:        1844596 kB
MemFree:         1197408 kB
MemAvailable:    1461732 kB
Buffers:           33936 kB
Cached:           362212 kB
MemTotal:        1844596 kB
MemFree:         1196964 kB
MemAvailable:    1461288 kB
Buffers:           33936 kB
Cached:           362212 kB
MemTotal:        1844596 kB
MemFree:         1197300 kB
MemAvailable:    1461624 kB
Buffers:           33936 kB
Cached:           362212 kB
MemTotal:        1844596 kB
MemFree:         1197152 kB
MemAvailable:    1461476 kB
Buffers:           33936 kB
Cached:           362212 kB
MemTotal:        1844596 kB
MemFree:         1197152 kB
MemAvailable:    1461476 kB
Buffers:           33936 kB
Cached:           362212 kB
MemTotal:        1844596 kB
MemFree:         1197276 kB
MemAvailable:    1461600 kB
Buffers:           33936 kB
Cached:           362212 kB
MemTotal:        1844596 kB
MemFree:         1197044 kB
MemAvailable:    1461368 kB
Buffers:           33936 kB
Cached:           362212 kB
MemTotal:        1844596 kB
MemFree:         1195988 kB
MemAvailable:    1460312 kB
Buffers:           33936 kB
Cached:           362212 kB
MemTotal:        1844596 kB
MemFree:         1197284 kB
MemAvailable:    1461608 kB
Buffers:           33936 kB
Cached:           362212 kB
MemTotal:        1844596 kB
MemFree:         1197328 kB
MemAvailable:    1461652 kB
Buffers:           33936 kB
Cached:           362212 kB
MemTotal:        1844596 kB
MemFree:         1197220 kB
MemAvailable:    1461544 kB
Buffers:           33936 kB
Cached:           362212 kB
MemTotal:        1844596 kB
MemFree:         1197196 kB
MemAvailable:    1461520 kB
Buffers:           33936 kB
Cached:           362212 kB
MemTotal:        1844596 kB
MemFree:         1197196 kB
MemAvailable:    1461520 kB
Buffers:           33936 kB
Cached:           362212 kB
MemTotal:        1844596 kB
MemFree:         1195912 kB
MemAvailable:    1460236 kB
Buffers:           33936 kB
Cached:           362212 kB
MemTotal:        1844596 kB
MemFree:         1196000 kB
MemAvailable:    1460324 kB
Buffers:           33936 kB
Cached:           362212 kB
MemTotal:        1844596 kB
MemFree:         1196532 kB
MemAvailable:    1460856 kB
Buffers:           33936 kB
Cached:           362212 kB
MemTotal:        1844596 kB
MemFree:         1197716 kB
MemAvailable:    1462044 kB
Buffers:           33936 kB
Cached:           362216 kB
MemTotal:        1844596 kB
MemFree:         1197260 kB
MemAvailable:    1461588 kB
Buffers:           33936 kB
Cached:           362216 kB
MemTotal:        1844596 kB
MemFree:         1197344 kB
MemAvailable:    1461672 kB
Buffers:           33936 kB
Cached:           362216 kB
MemTotal:        1844596 kB
MemFree:         1196264 kB
MemAvailable:    1460592 kB
Buffers:           33936 kB
Cached:           362216 kB
MemTotal:        1844596 kB
MemFree:         1196020 kB
MemAvailable:    1460348 kB
Buffers:           33936 kB
Cached:           362216 kB
MemTotal:        1844596 kB
MemFree:         1197508 kB
MemAvailable:    1461836 kB
Buffers:           33936 kB
Cached:           362216 kB
MemTotal:        1844596 kB
MemFree:         1197272 kB
MemAvailable:    1461600 kB
Buffers:           33936 kB
Cached:           362216 kB
MemTotal:        1844596 kB
MemFree:         1195160 kB
MemAvailable:    1459488 kB
Buffers:           33936 kB
Cached:           362216 kB
MemTotal:        1844596 kB
MemFree:         1195160 kB
MemAvailable:    1459488 kB
Buffers:           33936 kB
Cached:           362216 kB
MemTotal:        1844596 kB
MemFree:         1189712 kB
MemAvailable:    1454040 kB
Buffers:           33936 kB
Cached:           362216 kB
MemTotal:        1844596 kB
MemFree:         1186868 kB
MemAvailable:    1451196 kB
Buffers:           33936 kB
Cached:           362216 kB
MemTotal:        1844596 kB
MemFree:         1181224 kB
MemAvailable:    1445552 kB
Buffers:           33936 kB
Cached:           362216 kB
MemTotal:        1844596 kB
MemFree:         1179784 kB
MemAvailable:    1444112 kB
Buffers:           33936 kB
Cached:           362216 kB
MemTotal:        1844596 kB
MemFree:         1180120 kB
MemAvailable:    1444448 kB
Buffers:           33936 kB
Cached:           362216 kB
MemTotal:        1844596 kB
MemFree:         1178676 kB
MemAvailable:    1443004 kB
Buffers:           33936 kB
Cached:           362216 kB
MemTotal:        1844596 kB
MemFree:         1178504 kB
MemAvailable:    1442832 kB
Buffers:           33936 kB
Cached:           362216 kB
MemTotal:        1844596 kB
MemFree:         1179600 kB
MemAvailable:    1443928 kB
Buffers:           33936 kB
Cached:           362216 kB
MemTotal:        1844596 kB
MemFree:         1179768 kB
MemAvailable:    1444096 kB
Buffers:           33936 kB
Cached:           362216 kB
MemTotal:        1844596 kB
MemFree:         1178372 kB
MemAvailable:    1442700 kB
Buffers:           33936 kB
Cached:           362216 kB
MemTotal:        1844596 kB
MemFree:         1179740 kB
MemAvailable:    1444068 kB
Buffers:           33936 kB
Cached:           362216 kB
MemTotal:        1844596 kB
MemFree:         1179608 kB
MemAvailable:    1443936 kB
Buffers:           33936 kB
Cached:           362216 kB
MemTotal:        1844596 kB
MemFree:         1179428 kB
MemAvailable:    1443756 kB
Buffers:           33936 kB
Cached:           362216 kB
MemTotal:        1844596 kB
MemFree:         1179656 kB
MemAvailable:    1443984 kB
Buffers:           33936 kB
Cached:           362216 kB
MemTotal:        1844596 kB
MemFree:         1179908 kB
MemAvailable:    1444236 kB
Buffers:           33936 kB
Cached:           362216 kB
MemTotal:        1844596 kB
MemFree:         1179660 kB
MemAvailable:    1443988 kB
Buffers:           33936 kB
Cached:           362216 kB
MemTotal:        1844596 kB
MemFree:         1179744 kB
MemAvailable:    1444072 kB
Buffers:           33936 kB
Cached:           362216 kB
MemTotal:        1844596 kB
MemFree:         1178416 kB
MemAvailable:    1442744 kB
Buffers:           33936 kB
Cached:           362216 kB
MemTotal:        1844596 kB
MemFree:         1179772 kB
MemAvailable:    1444100 kB
Buffers:           33936 kB
Cached:           362216 kB
MemTotal:        1844596 kB
MemFree:         1179668 kB
MemAvailable:    1443996 kB
Buffers:           33936 kB
Cached:           362216 kB
MemTotal:        1844596 kB
MemFree:         1178536 kB
MemAvailable:    1442864 kB
Buffers:           33936 kB
Cached:           362216 kB
MemTotal:        1844596 kB
MemFree:         1178436 kB
MemAvailable:    1442764 kB
Buffers:           33936 kB
Cached:           362216 kB
MemTotal:        1844596 kB
MemFree:         1179536 kB
MemAvailable:    1443864 kB
Buffers:           33936 kB
Cached:           362216 kB
MemTotal:        1844596 kB
MemFree:         1179304 kB
MemAvailable:    1443632 kB
Buffers:           33936 kB
Cached:           362216 kB
MemTotal:        1844596 kB
MemFree:         1179664 kB
MemAvailable:    1443992 kB
Buffers:           33936 kB
Cached:           362216 kB
MemTotal:        1844596 kB
MemFree:         1179364 kB
MemAvailable:    1443692 kB
Buffers:           33936 kB
Cached:           362216 kB
MemTotal:        1844596 kB
MemFree:         1178932 kB
MemAvailable:    1443260 kB
Buffers:           33936 kB
Cached:           362216 kB
MemTotal:        1844596 kB
MemFree:         1177560 kB
MemAvailable:    1441888 kB
Buffers:           33936 kB
Cached:           362216 kB
MemTotal:        1844596 kB
MemFree:         1177684 kB
MemAvailable:    1442012 kB
Buffers:           33936 kB
Cached:           362216 kB
MemTotal:        1844596 kB
MemFree:         1177560 kB
MemAvailable:    1441888 kB
Buffers:           33936 kB
Cached:           362216 kB
MemTotal:        1844596 kB
MemFree:         1178868 kB
MemAvailable:    1443196 kB
Buffers:           33936 kB
Cached:           362216 kB
MemTotal:        1844596 kB
MemFree:         1177320 kB
MemAvailable:    1441648 kB
Buffers:           33936 kB
Cached:           362216 kB
MemTotal:        1844596 kB
MemFree:         1176808 kB
MemAvailable:    1441136 kB
Buffers:           33936 kB
Cached:           362216 kB
MemTotal:        1844596 kB
MemFree:         1175956 kB
MemAvailable:    1440284 kB
Buffers:           33936 kB
Cached:           362216 kB
MemTotal:        1844596 kB
MemFree:         1172600 kB
MemAvailable:    1436928 kB
Buffers:           33936 kB
Cached:           362216 kB
MemTotal:        1844596 kB
MemFree:         1171244 kB
MemAvailable:    1435580 kB
Buffers:           33936 kB
Cached:           362224 kB
MemTotal:        1844596 kB
MemFree:         1168772 kB
MemAvailable:    1433108 kB
Buffers:           33936 kB
Cached:           362224 kB
MemTotal:        1844596 kB
MemFree:         1164416 kB
MemAvailable:    1428752 kB
Buffers:           33936 kB
Cached:           362224 kB
MemTotal:        1844596 kB
MemFree:         1164008 kB
MemAvailable:    1428344 kB
Buffers:           33936 kB
Cached:           362224 kB
MemTotal:        1844596 kB
MemFree:         1161440 kB
MemAvailable:    1425776 kB
Buffers:           33936 kB
Cached:           362224 kB
MemTotal:        1844596 kB
MemFree:         1160960 kB
MemAvailable:    1425296 kB
Buffers:           33936 kB
Cached:           362224 kB
MemTotal:        1844596 kB
MemFree:         1157984 kB
MemAvailable:    1422320 kB
Buffers:           33936 kB
Cached:           362224 kB
MemTotal:        1844596 kB
MemFree:         1155876 kB
MemAvailable:    1420212 kB
Buffers:           33936 kB
Cached:           362224 kB
MemTotal:        1844596 kB
MemFree:         1153892 kB
MemAvailable:    1418228 kB
Buffers:           33936 kB
Cached:           362224 kB
MemTotal:        1844596 kB
MemFree:         1152156 kB
MemAvailable:    1416492 kB
Buffers:           33936 kB
Cached:           362224 kB
MemTotal:        1844596 kB
MemFree:         1149288 kB
MemAvailable:    1413624 kB
Buffers:           33936 kB
Cached:           362224 kB
MemTotal:        1844596 kB
MemFree:         1148932 kB
MemAvailable:    1413268 kB
Buffers:           33936 kB
Cached:           362224 kB
MemTotal:        1844596 kB
MemFree:         1146816 kB
MemAvailable:    1411152 kB
Buffers:           33936 kB
Cached:           362224 kB
MemTotal:        1844596 kB
MemFree:         1147188 kB
MemAvailable:    1411524 kB
Buffers:           33936 kB
Cached:           362224 kB
MemTotal:        1844596 kB
MemFree:         1146816 kB
MemAvailable:    1411152 kB
Buffers:           33936 kB
Cached:           362224 kB
MemTotal:        1844596 kB
MemFree:         1146816 kB
MemAvailable:    1411152 kB
Buffers:           33936 kB
Cached:           362224 kB
MemTotal:        1844596 kB
MemFree:         1147792 kB
MemAvailable:    1412128 kB
Buffers:           33936 kB
Cached:           362224 kB
MemTotal:        1844596 kB
MemFree:         1147568 kB
MemAvailable:    1411904 kB
Buffers:           33936 kB
Cached:           362224 kB
MemTotal:        1844596 kB
MemFree:         1147988 kB
MemAvailable:    1412324 kB
Buffers:           33936 kB
Cached:           362224 kB
MemTotal:        1844596 kB
MemFree:         1146680 kB
MemAvailable:    1411016 kB
Buffers:           33936 kB
Cached:           362224 kB
MemTotal:        1844596 kB
MemFree:         1146680 kB
MemAvailable:    1411016 kB
Buffers:           33936 kB
Cached:           362224 kB
MemTotal:        1844596 kB
MemFree:         1146948 kB
MemAvailable:    1411284 kB
Buffers:           33936 kB
Cached:           362224 kB
MemTotal:        1844596 kB
MemFree:         1146752 kB
MemAvailable:    1411088 kB
Buffers:           33936 kB
Cached:           362224 kB
MemTotal:        1844596 kB
MemFree:         1145832 kB
MemAvailable:    1410168 kB
Buffers:           33936 kB
Cached:           362224 kB
MemTotal:        1844596 kB
MemFree:         1146556 kB
MemAvailable:    1410892 kB
Buffers:           33936 kB
Cached:           362224 kB
MemTotal:        1844596 kB
MemFree:         1146812 kB
MemAvailable:    1411148 kB
Buffers:           33936 kB
Cached:           362224 kB
MemTotal:        1844596 kB
MemFree:         1146700 kB
MemAvailable:    1411036 kB
Buffers:           33936 kB
Cached:           362224 kB
MemTotal:        1844596 kB
MemFree:         1146436 kB
MemAvailable:    1410772 kB
Buffers:           33936 kB
Cached:           362224 kB
MemTotal:        1844596 kB
MemFree:         1146772 kB
MemAvailable:    1411108 kB
Buffers:           33936 kB
Cached:           362224 kB
MemTotal:        1844596 kB
MemFree:         1146388 kB
MemAvailable:    1410724 kB
Buffers:           33936 kB
Cached:           362224 kB
MemTotal:        1844596 kB
MemFree:         1145468 kB
MemAvailable:    1409804 kB
Buffers:           33936 kB
Cached:           362224 kB
MemTotal:        1844596 kB
MemFree:         1146216 kB
MemAvailable:    1410552 kB
Buffers:           33936 kB
Cached:           362224 kB
MemTotal:        1844596 kB
MemFree:         1146128 kB
MemAvailable:    1410464 kB
Buffers:           33936 kB
Cached:           362224 kB
MemTotal:        1844596 kB
MemFree:         1145088 kB
MemAvailable:    1409424 kB
Buffers:           33936 kB
Cached:           362224 kB
MemTotal:        1844596 kB
MemFree:         1145892 kB
MemAvailable:    1410232 kB
Buffers:           33936 kB
Cached:           362228 kB
MemTotal:        1844596 kB
MemFree:         1144468 kB
MemAvailable:    1408808 kB
Buffers:           33936 kB
Cached:           362228 kB
MemTotal:        1844596 kB
MemFree:         1143964 kB
MemAvailable:    1408304 kB
Buffers:           33936 kB
Cached:           362228 kB
MemTotal:        1844596 kB
MemFree:         1145148 kB
MemAvailable:    1409488 kB
Buffers:           33936 kB
Cached:           362228 kB
MemTotal:        1844596 kB
MemFree:         1143972 kB
MemAvailable:    1408312 kB
Buffers:           33936 kB
Cached:           362228 kB
MemTotal:        1844596 kB
MemFree:         1143824 kB
MemAvailable:    1408164 kB
Buffers:           33936 kB
Cached:           362228 kB
MemTotal:        1844596 kB
MemFree:         1143824 kB
MemAvailable:    1408164 kB
Buffers:           33936 kB
Cached:           362228 kB
MemTotal:        1844596 kB
MemFree:         1143528 kB
MemAvailable:    1407868 kB
Buffers:           33936 kB
Cached:           362228 kB
MemTotal:        1844596 kB
MemFree:         1143864 kB
MemAvailable:    1408204 kB
Buffers:           33936 kB
Cached:           362228 kB
MemTotal:        1844596 kB
MemFree:         1143764 kB
MemAvailable:    1408104 kB
Buffers:           33936 kB
Cached:           362228 kB
MemTotal:        1844596 kB
MemFree:         1143560 kB
MemAvailable:    1407900 kB
Buffers:           33936 kB
Cached:           362228 kB
MemTotal:        1844596 kB
MemFree:         1143560 kB
MemAvailable:    1407900 kB
Buffers:           33936 kB
Cached:           362228 kB
MemTotal:        1844596 kB
MemFree:         1142572 kB
MemAvailable:    1406912 kB
Buffers:           33936 kB
Cached:           362228 kB
MemTotal:        1844596 kB
MemFree:         1143460 kB
MemAvailable:    1407800 kB
Buffers:           33936 kB
Cached:           362228 kB
MemTotal:        1844596 kB
MemFree:         1143104 kB
MemAvailable:    1407444 kB
Buffers:           33936 kB
Cached:           362228 kB
MemTotal:        1844596 kB
MemFree:         1143588 kB
MemAvailable:    1407928 kB
Buffers:           33936 kB
Cached:           362228 kB
MemTotal:        1844596 kB
MemFree:         1143468 kB
MemAvailable:    1407808 kB
Buffers:           33936 kB
Cached:           362228 kB
MemTotal:        1844596 kB
MemFree:         1143468 kB
MemAvailable:    1407808 kB
Buffers:           33936 kB
Cached:           362228 kB
MemTotal:        1844596 kB
MemFree:         1143468 kB
MemAvailable:    1407808 kB
Buffers:           33936 kB
Cached:           362228 kB
MemTotal:        1844596 kB
MemFree:         1143520 kB
MemAvailable:    1407860 kB
Buffers:           33936 kB
Cached:           362228 kB
MemTotal:        1844596 kB
MemFree:         1142352 kB
MemAvailable:    1406692 kB
Buffers:           33936 kB
Cached:           362228 kB
MemTotal:        1844596 kB
MemFree:         1143536 kB
MemAvailable:    1407876 kB
Buffers:           33936 kB
Cached:           362228 kB
MemTotal:        1844596 kB
MemFree:         1143788 kB
MemAvailable:    1408128 kB
Buffers:           33936 kB
Cached:           362228 kB
MemTotal:        1844596 kB
MemFree:         1143580 kB
MemAvailable:    1407920 kB
Buffers:           33936 kB
Cached:           362228 kB
MemTotal:        1844596 kB
MemFree:         1143360 kB
MemAvailable:    1407700 kB
Buffers:           33936 kB
Cached:           362228 kB
MemTotal:        1844596 kB
MemFree:         1142304 kB
MemAvailable:    1406644 kB
Buffers:           33936 kB
Cached:           362228 kB
MemTotal:        1844596 kB
MemFree:         1143584 kB
MemAvailable:    1407924 kB
Buffers:           33936 kB
Cached:           362228 kB
MemTotal:        1844596 kB
MemFree:         1143836 kB
MemAvailable:    1408176 kB
Buffers:           33936 kB
Cached:           362228 kB
MemTotal:        1844596 kB
MemFree:         1142304 kB
MemAvailable:    1406644 kB
Buffers:           33936 kB
Cached:           362228 kB
MemTotal:        1844596 kB
MemFree:         1143772 kB
MemAvailable:    1408112 kB
Buffers:           33936 kB
Cached:           362228 kB
MemTotal:        1844596 kB
MemFree:         1143748 kB
MemAvailable:    1408088 kB
Buffers:           33936 kB
Cached:           362228 kB
MemTotal:        1844596 kB
MemFree:         1142160 kB
MemAvailable:    1406500 kB
Buffers:           33936 kB
Cached:           362228 kB
MemTotal:        1844596 kB
MemFree:         1143592 kB
MemAvailable:    1407932 kB
Buffers:           33936 kB
Cached:           362228 kB
MemTotal:        1844596 kB
MemFree:         1142460 kB
MemAvailable:    1406800 kB
Buffers:           33936 kB
Cached:           362228 kB
MemTotal:        1844596 kB
MemFree:         1142568 kB
MemAvailable:    1406908 kB
Buffers:           33936 kB
Cached:           362228 kB
MemTotal:        1844596 kB
MemFree:         1143600 kB
MemAvailable:    1407940 kB
Buffers:           33936 kB
Cached:           362228 kB
MemTotal:        1844596 kB
MemFree:         1142592 kB
MemAvailable:    1406932 kB
Buffers:           33936 kB
Cached:           362228 kB
MemTotal:        1844596 kB
MemFree:         1142188 kB
MemAvailable:    1406528 kB
Buffers:           33936 kB
Cached:           362228 kB
MemTotal:        1844596 kB
MemFree:         1143476 kB
MemAvailable:    1407816 kB
Buffers:           33936 kB
Cached:           362228 kB
MemTotal:        1844596 kB
MemFree:         1142728 kB
MemAvailable:    1407068 kB
Buffers:           33936 kB
Cached:           362228 kB
MemTotal:        1844596 kB
MemFree:         1143612 kB
MemAvailable:    1407952 kB
Buffers:           33936 kB
Cached:           362228 kB
MemTotal:        1844596 kB
MemFree:         1143480 kB
MemAvailable:    1407820 kB
Buffers:           33940 kB
Cached:           362224 kB
MemTotal:        1844596 kB
MemFree:         1142444 kB
MemAvailable:    1406792 kB
Buffers:           33940 kB
Cached:           362232 kB
MemTotal:        1844596 kB
MemFree:         1143652 kB
MemAvailable:    1408000 kB
Buffers:           33940 kB
Cached:           362232 kB
MemTotal:        1844596 kB
MemFree:         1142980 kB
MemAvailable:    1407328 kB
Buffers:           33940 kB
Cached:           362232 kB
MemTotal:        1844596 kB
MemFree:         1143280 kB
MemAvailable:    1407628 kB
Buffers:           33940 kB
Cached:           362232 kB
MemTotal:        1844596 kB
MemFree:         1143280 kB
MemAvailable:    1407628 kB
Buffers:           33940 kB
Cached:           362232 kB
MemTotal:        1844596 kB
MemFree:         1140808 kB
MemAvailable:    1405156 kB
Buffers:           33940 kB
Cached:           362232 kB
MemTotal:        1844596 kB
MemFree:         1139880 kB
MemAvailable:    1404228 kB
Buffers:           33940 kB
Cached:           362232 kB
MemTotal:        1844596 kB
MemFree:         1137584 kB
MemAvailable:    1401932 kB
Buffers:           33940 kB
Cached:           362232 kB
MemTotal:        1844596 kB
MemFree:         1137136 kB
MemAvailable:    1401484 kB
Buffers:           33940 kB
Cached:           362232 kB
MemTotal:        1844596 kB
MemFree:         1137220 kB
MemAvailable:    1401568 kB
Buffers:           33940 kB
Cached:           362232 kB
MemTotal:        1844596 kB
MemFree:         1137032 kB
MemAvailable:    1401380 kB
Buffers:           33940 kB
Cached:           362232 kB
MemTotal:        1844596 kB
MemFree:         1135732 kB
MemAvailable:    1400080 kB
Buffers:           33940 kB
Cached:           362232 kB
MemTotal:        1844596 kB
MemFree:         1135848 kB
MemAvailable:    1400196 kB
Buffers:           33940 kB
Cached:           362232 kB
MemTotal:        1844596 kB
MemFree:         1136956 kB
MemAvailable:    1401304 kB
Buffers:           33940 kB
Cached:           362232 kB
MemTotal:        1844596 kB
MemFree:         1137208 kB
MemAvailable:    1401556 kB
Buffers:           33940 kB
Cached:           362232 kB
MemTotal:        1844596 kB
MemFree:         1137200 kB
MemAvailable:    1401548 kB
Buffers:           33940 kB
Cached:           362232 kB
MemTotal:        1844596 kB
MemFree:         1135768 kB
MemAvailable:    1400116 kB
Buffers:           33940 kB
Cached:           362232 kB
MemTotal:        1844596 kB
MemFree:         1136876 kB
MemAvailable:    1401224 kB
Buffers:           33940 kB
Cached:           362232 kB
MemTotal:        1844596 kB
MemFree:         1136572 kB
MemAvailable:    1400920 kB
Buffers:           33940 kB
Cached:           362232 kB
MemTotal:        1844596 kB
MemFree:         1136664 kB
MemAvailable:    1401012 kB
Buffers:           33940 kB
Cached:           362232 kB
MemTotal:        1844596 kB
MemFree:         1136648 kB
MemAvailable:    1400996 kB
Buffers:           33940 kB
Cached:           362232 kB
MemTotal:        1844596 kB
MemFree:         1136416 kB
MemAvailable:    1400764 kB
Buffers:           33940 kB
Cached:           362232 kB
MemTotal:        1844596 kB
MemFree:         1136516 kB
MemAvailable:    1400864 kB
Buffers:           33940 kB
Cached:           362232 kB
MemTotal:        1844596 kB
MemFree:         1136408 kB
MemAvailable:    1400756 kB
Buffers:           33940 kB
Cached:           362232 kB
MemTotal:        1844596 kB
MemFree:         1136704 kB
MemAvailable:    1401052 kB
Buffers:           33940 kB
Cached:           362232 kB
MemTotal:        1844596 kB
MemFree:         1136592 kB
MemAvailable:    1400940 kB
Buffers:           33940 kB
Cached:           362232 kB
MemTotal:        1844596 kB
MemFree:         1135912 kB
MemAvailable:    1400260 kB
Buffers:           33940 kB
Cached:           362232 kB
MemTotal:        1844596 kB
MemFree:         1136648 kB
MemAvailable:    1401080 kB
Buffers:           33940 kB
Cached:           362356 kB
MemTotal:        1844596 kB
MemFree:         1136648 kB
MemAvailable:    1401080 kB
Buffers:           33940 kB
Cached:           362356 kB
MemTotal:        1844596 kB
MemFree:         1135028 kB
MemAvailable:    1399544 kB
Buffers:           33940 kB
Cached:           362480 kB
MemTotal:        1844596 kB
MemFree:         1135152 kB
MemAvailable:    1399752 kB
Buffers:           33940 kB
Cached:           362604 kB
MemTotal:        1844596 kB
MemFree:         1136268 kB
MemAvailable:    1401036 kB
Buffers:           33940 kB
Cached:           362728 kB
MemTotal:        1844596 kB
MemFree:         1136260 kB
MemAvailable:    1401112 kB
Buffers:           33940 kB
Cached:           362728 kB
MemTotal:        1844596 kB
MemFree:         1136096 kB
MemAvailable:    1401032 kB
Buffers:           33940 kB
Cached:           362852 kB
MemTotal:        1844596 kB
MemFree:         1135864 kB
MemAvailable:    1400800 kB
Buffers:           33940 kB
Cached:           362852 kB
MemTotal:        1844596 kB
MemFree:         1135768 kB
MemAvailable:    1400788 kB
Buffers:           33940 kB
Cached:           362976 kB
MemTotal:        1844596 kB
MemFree:         1135852 kB
MemAvailable:    1400872 kB
Buffers:           33940 kB
Cached:           362976 kB
MemTotal:        1844596 kB
MemFree:         1136008 kB
MemAvailable:    1401028 kB
Buffers:           33940 kB
Cached:           362976 kB
MemTotal:        1844596 kB
MemFree:         1135044 kB
MemAvailable:    1400064 kB
Buffers:           33940 kB
Cached:           362976 kB
MemTotal:        1844596 kB
MemFree:         1135740 kB
MemAvailable:    1400760 kB
Buffers:           33940 kB
Cached:           362936 kB
MemTotal:        1844596 kB
MemFree:         1135996 kB
MemAvailable:    1401016 kB
Buffers:           33940 kB
Cached:           362936 kB
MemTotal:        1844596 kB
MemFree:         1135800 kB
MemAvailable:    1400820 kB
Buffers:           33940 kB
Cached:           362936 kB
MemTotal:        1844596 kB
MemFree:         1136336 kB
MemAvailable:    1400768 kB
Buffers:           33940 kB
Cached:           362304 kB
MemTotal:        1844596 kB
MemFree:         1134284 kB
MemAvailable:    1398716 kB
Buffers:           33940 kB
Cached:           362304 kB
MemTotal:        1844596 kB
MemFree:         1191404 kB
MemAvailable:    1455920 kB
Buffers:           33940 kB
Cached:           362304 kB
MemTotal:        1844596 kB
MemFree:         1329792 kB
MemAvailable:    1594224 kB
Buffers:           33940 kB
Cached:           362304 kB
