MemTotal:        1844596 kB
MemFree:         1302076 kB
MemAvailable:    1597948 kB
Buffers:           38048 kB
Cached:           388604 kB
MemTotal:        1844596 kB
MemFree:         1274564 kB
MemAvailable:    1570440 kB
Buffers:           38048 kB
Cached:           388608 kB
MemTotal:        1844596 kB
MemFree:         1273068 kB
MemAvailable:    1568944 kB
Buffers:           38048 kB
Cached:           388608 kB
MemTotal:        1844596 kB
MemFree:         1272332 kB
MemAvailable:    1568208 kB
Buffers:           38048 kB
Cached:           388608 kB
MemTotal:        1844596 kB
MemFree:         1271216 kB
MemAvailable:    1567092 kB
Buffers:           38048 kB
Cached:           388608 kB
MemTotal:        1844596 kB
MemFree:         1270896 kB
MemAvailable:    1566772 kB
Buffers:           38048 kB
Cached:           388608 kB
MemTotal:        1844596 kB
MemFree:         1269728 kB
MemAvailable:    1565604 kB
Buffers:           38048 kB
Cached:           388608 kB
MemTotal:        1844596 kB
MemFree:         1268852 kB
MemAvailable:    1564728 kB
Buffers:           38048 kB
Cached:           388608 kB
MemTotal:        1844596 kB
MemFree:         1268736 kB
MemAvailable:    1564612 kB
Buffers:           38048 kB
Cached:           388608 kB
MemTotal:        1844596 kB
MemFree:         1265076 kB
MemAvailable:    1560952 kB
Buffers:           38048 kB
Cached:           388608 kB
MemTotal:        1844596 kB
MemFree:         1263032 kB
MemAvailable:    1558908 kB
Buffers:           38048 kB
Cached:           388608 kB
MemTotal:        1844596 kB
MemFree:         1259668 kB
MemAvailable:    1555544 kB
Buffers:           38048 kB
Cached:           388608 kB
MemTotal:        1844596 kB
MemFree:         1260844 kB
MemAvailable:    1556720 kB
Buffers:           38048 kB
Cached:           388608 kB
MemTotal:        1844596 kB
MemFree:         1259476 kB
MemAvailable:    1555352 kB
Buffers:           38048 kB
Cached:           388608 kB
MemTotal:        1844596 kB
MemFree:         1259560 kB
MemAvailable:    1555436 kB
Buffers:           38048 kB
Cached:           388608 kB
MemTotal:        1844596 kB
MemFree:         1259636 kB
MemAvailable:    1555512 kB
Buffers:           38048 kB
Cached:           388608 kB
MemTotal:        1844596 kB
MemFree:         1259512 kB
MemAvailable:    1555388 kB
Buffers:           38048 kB
Cached:           388608 kB
MemTotal:        1844596 kB
MemFree:         1260812 kB
MemAvailable:    1556688 kB
Buffers:           38048 kB
Cached:           388608 kB
MemTotal:        1844596 kB
MemFree:         1259444 kB
MemAvailable:    1555320 kB
Buffers:           38048 kB
Cached:           388608 kB
MemTotal:        1844596 kB
MemFree:         1260488 kB
MemAvailable:    1556364 kB
Buffers:           38048 kB
Cached:           388608 kB
MemTotal:        1844596 kB
MemFree:         1259048 kB
MemAvailable:    1554924 kB
Buffers:           38048 kB
Cached:           388608 kB
MemTotal:        1844596 kB
MemFree:         1259180 kB
MemAvailable:    1555056 kB
Buffers:           38048 kB
Cached:           388608 kB
MemTotal:        1844596 kB
MemFree:         1260016 kB
MemAvailable:    1555892 kB
Buffers:           38048 kB
Cached:           388608 kB
MemTotal:        1844596 kB
MemFree:         1260112 kB
MemAvailable:    1555988 kB
Buffers:           38048 kB
Cached:           388608 kB
MemTotal:        1844596 kB
MemFree:         1259012 kB
MemAvailable:    1554888 kB
Buffers:           38048 kB
Cached:           388608 kB
MemTotal:        1844596 kB
MemFree:         1258888 kB
MemAvailable:    1554764 kB
Buffers:           38048 kB
Cached:           388608 kB
MemTotal:        1844596 kB
MemFree:         1259744 kB
MemAvailable:    1555620 kB
Buffers:           38048 kB
Cached:           388608 kB
MemTotal:        1844596 kB
MemFree:         1259480 kB
MemAvailable:    1555356 kB
Buffers:           38048 kB
Cached:           388608 kB
MemTotal:        1844596 kB
MemFree:         1258692 kB
MemAvailable:    1554444 kB
Buffers:           38048 kB
Cached:           388608 kB
MemTotal:        1844596 kB
MemFree:         1258992 kB
MemAvailable:    1554868 kB
Buffers:           38048 kB
Cached:           388608 kB
MemTotal:        1844596 kB
MemFree:         1259328 kB
MemAvailable:    1555204 kB
Buffers:           38048 kB
Cached:           388608 kB
MemTotal:        1844596 kB
MemFree:         1258008 kB
MemAvailable:    1553884 kB
Buffers:           38048 kB
Cached:           388608 kB
MemTotal:        1844596 kB
MemFree:         1258256 kB
MemAvailable:    1554132 kB
Buffers:           38048 kB
Cached:           388608 kB
MemTotal:        1844596 kB
MemFree:         1256948 kB
MemAvailable:    1552824 kB
Buffers:           38048 kB
Cached:           388608 kB
MemTotal:        1844596 kB
MemFree:         1257816 kB
MemAvailable:    1553692 kB
Buffers:           38048 kB
Cached:           388608 kB
MemTotal:        1844596 kB
MemFree:         1256528 kB
MemAvailable:    1552404 kB
Buffers:           38048 kB
Cached:           388608 kB
MemTotal:        1844596 kB
MemFree:         1256396 kB
MemAvailable:    1552272 kB
Buffers:           38048 kB
Cached:           388608 kB
MemTotal:        1844596 kB
MemFree:         1257740 kB
MemAvailable:    1553616 kB
Buffers:           38048 kB
Cached:           388608 kB
MemTotal:        1844596 kB
MemFree:         1256516 kB
MemAvailable:    1552392 kB
Buffers:           38048 kB
Cached:           388608 kB
MemTotal:        1844596 kB
MemFree:         1257720 kB
MemAvailable:    1553596 kB
Buffers:           38048 kB
Cached:           388608 kB
MemTotal:        1844596 kB
MemFree:         1256832 kB
MemAvailable:    1552708 kB
Buffers:           38060 kB
Cached:           388596 kB
MemTotal:        1844596 kB
MemFree:         1259124 kB
MemAvailable:    1555000 kB
Buffers:           38060 kB
Cached:           388596 kB
MemTotal:        1844596 kB
MemFree:         1257776 kB
MemAvailable:    1553652 kB
Buffers:           38060 kB
Cached:           388596 kB
MemTotal:        1844596 kB
MemFree:         1257884 kB
MemAvailable:    1553760 kB
Buffers:           38060 kB
Cached:           388596 kB
MemTotal:        1844596 kB
MemFree:         1255468 kB
MemAvailable:    1551344 kB
Buffers:           38060 kB
Cached:           388596 kB
MemTotal:        1844596 kB
MemFree:         1252616 kB
MemAvailable:    1548492 kB
Buffers:           38060 kB
Cached:           388596 kB
MemTotal:        1844596 kB
MemFree:         1252732 kB
MemAvailable:    1548608 kB
Buffers:           38060 kB
Cached:           388596 kB
MemTotal:        1844596 kB
MemFree:         1253584 kB
MemAvailable:    1549460 kB
Buffers:           38060 kB
Cached:           388596 kB
MemTotal:        1844596 kB
MemFree:         1253608 kB
MemAvailable:    1549484 kB
Buffers:           38060 kB
Cached:           388596 kB
MemTotal:        1844596 kB
MemFree:         1252304 kB
MemAvailable:    1548180 kB
Buffers:           38060 kB
Cached:           388596 kB
MemTotal:        1844596 kB
MemFree:         1253612 kB
MemAvailable:    1549488 kB
Buffers:           38060 kB
Cached:           388596 kB
MemTotal:        1844596 kB
MemFree:         1253544 kB
MemAvailable:    1549420 kB
Buffers:           38060 kB
Cached:           388596 kB
MemTotal:        1844596 kB
MemFree:         1253368 kB
MemAvailable:    1549244 kB
Buffers:           38060 kB
Cached:           388596 kB
MemTotal:        1844596 kB
MemFree:         1251980 kB
MemAvailable:    1547856 kB
Buffers:           38060 kB
Cached:           388596 kB
MemTotal:        1844596 kB
MemFree:         1253228 kB
MemAvailable:    1549104 kB
Buffers:           38060 kB
Cached:           388596 kB
MemTotal:        1844596 kB
MemFree:         1253216 kB
MemAvailable:    1549092 kB
Buffers:           38060 kB
Cached:           388596 kB
MemTotal:        1844596 kB
MemFree:         1253216 kB
MemAvailable:    1549092 kB
Buffers:           38060 kB
Cached:           388596 kB
MemTotal:        1844596 kB
MemFree:         1253248 kB
MemAvailable:    1549124 kB
Buffers:           38060 kB
Cached:           388596 kB
MemTotal:        1844596 kB
MemFree:         1252068 kB
MemAvailable:    1547944 kB
Buffers:           38060 kB
Cached:           388596 kB
MemTotal:        1844596 kB
MemFree:         1253292 kB
MemAvailable:    1549168 kB
Buffers:           38060 kB
Cached:           388596 kB
MemTotal:        1844596 kB
MemFree:         1251948 kB
MemAvailable:    1547828 kB
Buffers:           38060 kB
Cached:           388600 kB
MemTotal:        1844596 kB
MemFree:         1248268 kB
MemAvailable:    1544148 kB
Buffers:           38060 kB
Cached:           388600 kB
MemTotal:        1844596 kB
MemFree:         1248160 kB
MemAvailable:    1544040 kB
Buffers:           38060 kB
Cached:           388600 kB
MemTotal:        1844596 kB
MemFree:         1247144 kB
MemAvailable:    1543040 kB
Buffers:           38060 kB
Cached:           388616 kB
MemTotal:        1844596 kB
MemFree:         1247396 kB
MemAvailable:    1543292 kB
Buffers:           38060 kB
Cached:           388616 kB
MemTotal:        1844596 kB
MemFree:         1246788 kB
MemAvailable:    1542684 kB
Buffers:           38060 kB
Cached:           388616 kB
MemTotal:        1844596 kB
MemFree:         1245168 kB
MemAvailable:    1541064 kB
Buffers:           38060 kB
Cached:           388616 kB
MemTotal:        1844596 kB
MemFree:         1245184 kB
MemAvailable:    1541080 kB
Buffers:           38060 kB
Cached:           388616 kB
MemTotal:        1844596 kB
MemFree:         1243804 kB
MemAvailable:    1539700 kB
Buffers:           38060 kB
Cached:           388616 kB
MemTotal:        1844596 kB
MemFree:         1243688 kB
MemAvailable:    1539584 kB
Buffers:           38060 kB
Cached:           388616 kB
MemTotal:        1844596 kB
MemFree:         1243548 kB
MemAvailable:    1539444 kB
Buffers:           38060 kB
Cached:           388616 kB
MemTotal:        1844596 kB
MemFree:         1243548 kB
MemAvailable:    1539444 kB
Buffers:           38060 kB
Cached:           388616 kB
MemTotal:        1844596 kB
MemFree:         1243440 kB
MemAvailable:    1539336 kB
Buffers:           38060 kB
Cached:           388616 kB
MemTotal:        1844596 kB
MemFree:         1243556 kB
MemAvailable:    1539452 kB
Buffers:           38060 kB
Cached:           388616 kB
MemTotal:        1844596 kB
MemFree:         1244740 kB
MemAvailable:    1540636 kB
Buffers:           38060 kB
Cached:           388616 kB
MemTotal:        1844596 kB
MemFree:         1243440 kB
MemAvailable:    1539336 kB
Buffers:           38060 kB
Cached:           388616 kB
MemTotal:        1844596 kB
MemFree:         1244280 kB
MemAvailable:    1540176 kB
Buffers:           38060 kB
Cached:           388616 kB
MemTotal:        1844596 kB
MemFree:         1244364 kB
MemAvailable:    1540260 kB
Buffers:           38060 kB
Cached:           388616 kB
MemTotal:        1844596 kB
MemFree:         1244352 kB
MemAvailable:    1540248 kB
Buffers:           38060 kB
Cached:           388616 kB
MemTotal:        1844596 kB
MemFree:         1244352 kB
MemAvailable:    1540248 kB
Buffers:           38060 kB
Cached:           388616 kB
MemTotal:        1844596 kB
MemFree:         1243384 kB
MemAvailable:    1539280 kB
Buffers:           38060 kB
Cached:           388616 kB
MemTotal:        1844596 kB
MemFree:         1243376 kB
MemAvailable:    1539272 kB
Buffers:           38060 kB
Cached:           388616 kB
MemTotal:        1844596 kB
MemFree:         1243128 kB
MemAvailable:    1539024 kB
Buffers:           38060 kB
Cached:           388616 kB
MemTotal:        1844596 kB
MemFree:         1244236 kB
MemAvailable:    1540132 kB
Buffers:           38060 kB
Cached:           388616 kB
MemTotal:        1844596 kB
MemFree:         1243192 kB
MemAvailable:    1539088 kB
Buffers:           38060 kB
Cached:           388616 kB
MemTotal:        1844596 kB
MemFree:         1242756 kB
MemAvailable:    1538652 kB
Buffers:           38060 kB
Cached:           388616 kB
MemTotal:        1844596 kB
MemFree:         1243056 kB
MemAvailable:    1538952 kB
Buffers:           38060 kB
Cached:           388616 kB
MemTotal:        1844596 kB
MemFree:         1243048 kB
MemAvailable:    1538944 kB
Buffers:           38060 kB
Cached:           388616 kB
MemTotal:        1844596 kB
MemFree:         1244280 kB
MemAvailable:    1540176 kB
Buffers:           38060 kB
Cached:           388616 kB
MemTotal:        1844596 kB
MemFree:         1242184 kB
MemAvailable:    1538080 kB
Buffers:           38060 kB
Cached:           388616 kB
MemTotal:        1844596 kB
MemFree:         1242184 kB
MemAvailable:    1538080 kB
Buffers:           38060 kB
Cached:           388616 kB
MemTotal:        1844596 kB
MemFree:         1238356 kB
MemAvailable:    1534252 kB
Buffers:           38060 kB
Cached:           388616 kB
MemTotal:        1844596 kB
MemFree:         1235132 kB
MemAvailable:    1531028 kB
Buffers:           38060 kB
Cached:           388616 kB
MemTotal:        1844596 kB
MemFree:         1235984 kB
MemAvailable:    1531880 kB
Buffers:           38060 kB
Cached:           388616 kB
MemTotal:        1844596 kB
MemFree:         1235984 kB
MemAvailable:    1531880 kB
Buffers:           38060 kB
Cached:           388616 kB
MemTotal:        1844596 kB
MemFree:         1235868 kB
MemAvailable:    1531764 kB
Buffers:           38060 kB
Cached:           388616 kB
MemTotal:        1844596 kB
MemFree:         1236008 kB
MemAvailable:    1531904 kB
Buffers:           38060 kB
Cached:           388616 kB
MemTotal:        1844596 kB
MemFree:         1234504 kB
MemAvailable:    1530400 kB
Buffers:           38060 kB
Cached:           388616 kB
MemTotal:        1844596 kB
MemFree:         1234372 kB
MemAvailable:    1530268 kB
Buffers:           38060 kB
Cached:           388616 kB
MemTotal:        1844596 kB
MemFree:         1234372 kB
MemAvailable:    1530268 kB
Buffers:           38060 kB
Cached:           388616 kB
MemTotal:        1844596 kB
MemFree:         1235596 kB
MemAvailable:    1531492 kB
Buffers:           38060 kB
Cached:           388616 kB
MemTotal:        1844596 kB
MemFree:         1235408 kB
MemAvailable:    1531304 kB
Buffers:           38060 kB
Cached:           388616 kB
MemTotal:        1844596 kB
MemFree:         1234884 kB
MemAvailable:    1530780 kB
Buffers:           38060 kB
Cached:           388616 kB
MemTotal:        1844596 kB
MemFree:         1235444 kB
MemAvailable:    1531340 kB
Buffers:           38060 kB
Cached:           388616 kB
MemTotal:        1844596 kB
MemFree:         1235696 kB
MemAvailable:    1531592 kB
Buffers:           38060 kB
Cached:           388616 kB
MemTotal:        1844596 kB
MemFree:         1234216 kB
MemAvailable:    1530112 kB
Buffers:           38060 kB
Cached:           388616 kB
MemTotal:        1844596 kB
MemFree:         1234252 kB
MemAvailable:    1530148 kB
Buffers:           38060 kB
Cached:           388616 kB
MemTotal:        1844596 kB
MemFree:         1235552 kB
MemAvailable:    1531448 kB
Buffers:           38060 kB
Cached:           388616 kB
MemTotal:        1844596 kB
MemFree:         1234636 kB
MemAvailable:    1530532 kB
Buffers:           38060 kB
Cached:           388616 kB
MemTotal:        1844596 kB
MemFree:         1235312 kB
MemAvailable:    1531208 kB
Buffers:           38060 kB
Cached:           388616 kB
MemTotal:        1844596 kB
MemFree:         1235564 kB
MemAvailable:    1531460 kB
Buffers:           38060 kB
Cached:           388616 kB
MemTotal:        1844596 kB
MemFree:         1234244 kB
MemAvailable:    1530140 kB
Buffers:           38060 kB
Cached:           388616 kB
MemTotal:        1844596 kB
MemFree:         1234112 kB
MemAvailable:    1530008 kB
Buffers:           38060 kB
Cached:           388616 kB
MemTotal:        1844596 kB
MemFree:         1234328 kB
MemAvailable:    1530224 kB
Buffers:           38060 kB
Cached:           388616 kB
MemTotal:        1844596 kB
MemFree:         1235756 kB
MemAvailable:    1531652 kB
Buffers:           38060 kB
Cached:           388616 kB
MemTotal:        1844596 kB
MemFree:         1234240 kB
MemAvailable:    1530136 kB
Buffers:           38060 kB
Cached:           388616 kB
MemTotal:        1844596 kB
MemFree:         1235464 kB
MemAvailable:    1531360 kB
Buffers:           38060 kB
Cached:           388616 kB
MemTotal:        1844596 kB
MemFree:         1235336 kB
MemAvailable:    1531232 kB
Buffers:           38060 kB
Cached:           388616 kB
MemTotal:        1844596 kB
MemFree:         1235324 kB
MemAvailable:    1531220 kB
Buffers:           38060 kB
Cached:           388616 kB
MemTotal:        1844596 kB
MemFree:         1235356 kB
MemAvailable:    1531252 kB
Buffers:           38060 kB
Cached:           388616 kB
MemTotal:        1844596 kB
MemFree:         1235372 kB
MemAvailable:    1531268 kB
Buffers:           38060 kB
Cached:           388616 kB
MemTotal:        1844596 kB
MemFree:         1235708 kB
MemAvailable:    1531604 kB
Buffers:           38060 kB
Cached:           388616 kB
MemTotal:        1844596 kB
MemFree:         1231528 kB
MemAvailable:    1527424 kB
Buffers:           38060 kB
Cached:           388616 kB
MemTotal:        1844596 kB
MemFree:         1228312 kB
MemAvailable:    1524208 kB
Buffers:           38060 kB
Cached:           388616 kB
MemTotal:        1844596 kB
MemFree:         1226636 kB
MemAvailable:    1522532 kB
Buffers:           38060 kB
Cached:           388616 kB
MemTotal:        1844596 kB
MemFree:         1225468 kB
MemAvailable:    1521364 kB
Buffers:           38060 kB
Cached:           388616 kB
MemTotal:        1844596 kB
MemFree:         1226412 kB
MemAvailable:    1522316 kB
Buffers:           38060 kB
Cached:           388624 kB
MemTotal:        1844596 kB
MemFree:         1225336 kB
MemAvailable:    1521240 kB
Buffers:           38060 kB
Cached:           388624 kB
MemTotal:        1844596 kB
MemFree:         1224776 kB
MemAvailable:    1520680 kB
Buffers:           38060 kB
Cached:           388624 kB
MemTotal:        1844596 kB
MemFree:         1224592 kB
MemAvailable:    1520496 kB
Buffers:           38060 kB
Cached:           388624 kB
MemTotal:        1844596 kB
MemFree:         1224840 kB
MemAvailable:    1520744 kB
Buffers:           38060 kB
Cached:           388624 kB
MemTotal:        1844596 kB
MemFree:         1224592 kB
MemAvailable:    1520496 kB
Buffers:           38060 kB
Cached:           388624 kB
MemTotal:        1844596 kB
MemFree:         1224460 kB
MemAvailable:    1520364 kB
Buffers:           38060 kB
Cached:           388624 kB
MemTotal:        1844596 kB
MemFree:         1223964 kB
MemAvailable:    1519868 kB
Buffers:           38060 kB
Cached:           388624 kB
MemTotal:        1844596 kB
MemFree:         1223964 kB
MemAvailable:    1519868 kB
Buffers:           38060 kB
Cached:           388624 kB
MemTotal:        1844596 kB
MemFree:         1222344 kB
MemAvailable:    1518248 kB
Buffers:           38060 kB
Cached:           388624 kB
MemTotal:        1844596 kB
MemFree:         1223536 kB
MemAvailable:    1519440 kB
Buffers:           38060 kB
Cached:           388624 kB
MemTotal:        1844596 kB
MemFree:         1223788 kB
MemAvailable:    1519692 kB
Buffers:           38060 kB
Cached:           388624 kB
MemTotal:        1844596 kB
MemFree:         1222468 kB
MemAvailable:    1518372 kB
Buffers:           38060 kB
Cached:           388624 kB
MemTotal:        1844596 kB
MemFree:         1222468 kB
MemAvailable:    1518372 kB
Buffers:           38060 kB
Cached:           388624 kB
MemTotal:        1844596 kB
MemFree:         1222640 kB
MemAvailable:    1518544 kB
Buffers:           38060 kB
Cached:           388624 kB
MemTotal:        1844596 kB
MemFree:         1222508 kB
MemAvailable:    1518412 kB
Buffers:           38060 kB
Cached:           388624 kB
MemTotal:        1844596 kB
MemFree:         1222508 kB
MemAvailable:    1518412 kB
Buffers:           38060 kB
Cached:           388624 kB
MemTotal:        1844596 kB
MemFree:         1222624 kB
MemAvailable:    1518528 kB
Buffers:           38060 kB
Cached:           388624 kB
MemTotal:        1844596 kB
MemFree:         1222460 kB
MemAvailable:    1518364 kB
Buffers:           38060 kB
Cached:           388624 kB
MemTotal:        1844596 kB
MemFree:         1223612 kB
MemAvailable:    1519516 kB
Buffers:           38060 kB
Cached:           388624 kB
MemTotal:        1844596 kB
MemFree:         1223012 kB
MemAvailable:    1518916 kB
Buffers:           38060 kB
Cached:           388624 kB
MemTotal:        1844596 kB
MemFree:         1223804 kB
MemAvailable:    1519708 kB
Buffers:           38060 kB
Cached:           388624 kB
MemTotal:        1844596 kB
MemFree:         1222496 kB
MemAvailable:    1518400 kB
Buffers:           38060 kB
Cached:           388624 kB
MemTotal:        1844596 kB
MemFree:         1222372 kB
MemAvailable:    1518276 kB
Buffers:           38060 kB
Cached:           388624 kB
MemTotal:        1844596 kB
MemFree:         1223564 kB
MemAvailable:    1519468 kB
Buffers:           38060 kB
Cached:           388624 kB
MemTotal:        1844596 kB
MemFree:         1223816 kB
MemAvailable:    1519720 kB
Buffers:           38060 kB
Cached:           388624 kB
MemTotal:        1844596 kB
MemFree:         1223644 kB
MemAvailable:    1519548 kB
Buffers:           38060 kB
Cached:           388624 kB
MemTotal:        1844596 kB
MemFree:         1223704 kB
MemAvailable:    1519608 kB
Buffers:           38060 kB
Cached:           388624 kB
MemTotal:        1844596 kB
MemFree:         1222888 kB
MemAvailable:    1518792 kB
Buffers:           38060 kB
Cached:           388624 kB
MemTotal:        1844596 kB
MemFree:         1223572 kB
MemAvailable:    1519476 kB
Buffers:           38060 kB
Cached:           388624 kB
MemTotal:        1844596 kB
MemFree:         1223824 kB
MemAvailable:    1519728 kB
Buffers:           38060 kB
Cached:           388624 kB
MemTotal:        1844596 kB
MemFree:         1222384 kB
MemAvailable:    1518288 kB
Buffers:           38060 kB
Cached:           388624 kB
MemTotal:        1844596 kB
MemFree:         1223644 kB
MemAvailable:    1519548 kB
Buffers:           38060 kB
Cached:           388624 kB
MemTotal:        1844596 kB
MemFree:         1223564 kB
MemAvailable:    1519468 kB
Buffers:           38060 kB
Cached:           388624 kB
MemTotal:        1844596 kB
MemFree:         1223564 kB
MemAvailable:    1519468 kB
Buffers:           38060 kB
Cached:           388624 kB
MemTotal:        1844596 kB
MemFree:         1223804 kB
MemAvailable:    1519708 kB
Buffers:           38060 kB
Cached:           388624 kB
MemTotal:        1844596 kB
MemFree:         1222496 kB
MemAvailable:    1518400 kB
Buffers:           38060 kB
Cached:           388624 kB
MemTotal:        1844596 kB
MemFree:         1222372 kB
MemAvailable:    1518276 kB
Buffers:           38060 kB
Cached:           388624 kB
MemTotal:        1844596 kB
MemFree:         1223672 kB
MemAvailable:    1519576 kB
Buffers:           38060 kB
Cached:           388624 kB
MemTotal:        1844596 kB
MemFree:         1222888 kB
MemAvailable:    1518792 kB
Buffers:           38060 kB
Cached:           388624 kB
MemTotal:        1844596 kB
MemFree:         1222632 kB
MemAvailable:    1518536 kB
Buffers:           38060 kB
Cached:           388624 kB
MemTotal:        1844596 kB
MemFree:         1223988 kB
MemAvailable:    1519892 kB
Buffers:           38060 kB
Cached:           388624 kB
MemTotal:        1844596 kB
MemFree:         1223616 kB
MemAvailable:    1519520 kB
Buffers:           38060 kB
Cached:           388624 kB
MemTotal:        1844596 kB
MemFree:         1223868 kB
MemAvailable:    1519772 kB
Buffers:           38060 kB
Cached:           388624 kB
MemTotal:        1844596 kB
MemFree:         1223764 kB
MemAvailable:    1519668 kB
Buffers:           38060 kB
Cached:           388624 kB
MemTotal:        1844596 kB
MemFree:         1223860 kB
MemAvailable:    1519764 kB
Buffers:           38060 kB
Cached:           388624 kB
MemTotal:        1844596 kB
MemFree:         1223832 kB
MemAvailable:    1519736 kB
Buffers:           38060 kB
Cached:           388624 kB
MemTotal:        1844596 kB
MemFree:         1223964 kB
MemAvailable:    1519868 kB
Buffers:           38060 kB
Cached:           388624 kB
MemTotal:        1844596 kB
MemFree:         1223012 kB
MemAvailable:    1518916 kB
Buffers:           38060 kB
Cached:           388624 kB
MemTotal:        1844596 kB
MemFree:         1223544 kB
MemAvailable:    1519452 kB
Buffers:           38060 kB
Cached:           388628 kB
MemTotal:        1844596 kB
MemFree:         1223544 kB
MemAvailable:    1519452 kB
Buffers:           38060 kB
Cached:           388628 kB
MemTotal:        1844596 kB
MemFree:         1223644 kB
MemAvailable:    1519552 kB
Buffers:           38060 kB
Cached:           388628 kB
MemTotal:        1844596 kB
MemFree:         1223808 kB
MemAvailable:    1519716 kB
Buffers:           38060 kB
Cached:           388628 kB
MemTotal:        1844596 kB
MemFree:         1222880 kB
MemAvailable:    1518788 kB
Buffers:           38060 kB
Cached:           388628 kB
MemTotal:        1844596 kB
MemFree:         1223544 kB
MemAvailable:    1519456 kB
Buffers:           38060 kB
Cached:           388632 kB
MemTotal:        1844596 kB
MemFree:         1223888 kB
MemAvailable:    1519800 kB
Buffers:           38060 kB
Cached:           388632 kB
MemTotal:        1844596 kB
MemFree:         1222260 kB
MemAvailable:    1518172 kB
Buffers:           38060 kB
Cached:           388632 kB
MemTotal:        1844596 kB
MemFree:         1222128 kB
MemAvailable:    1518040 kB
Buffers:           38060 kB
Cached:           388632 kB
MemTotal:        1844596 kB
MemFree:         1223428 kB
MemAvailable:    1519340 kB
Buffers:           38060 kB
Cached:           388632 kB
MemTotal:        1844596 kB
MemFree:         1223180 kB
MemAvailable:    1519092 kB
Buffers:           38060 kB
Cached:           388632 kB
MemTotal:        1844596 kB
MemFree:         1223432 kB
MemAvailable:    1519344 kB
Buffers:           38060 kB
Cached:           388632 kB
MemTotal:        1844596 kB
MemFree:         1223064 kB
MemAvailable:    1518976 kB
Buffers:           38060 kB
Cached:           388632 kB
MemTotal:        1844596 kB
MemFree:         1223316 kB
MemAvailable:    1519228 kB
Buffers:           38060 kB
Cached:           388632 kB
MemTotal:        1844596 kB
MemFree:         1222008 kB
MemAvailable:    1517920 kB
Buffers:           38060 kB
Cached:           388632 kB
MemTotal:        1844596 kB
MemFree:         1223308 kB
MemAvailable:    1519220 kB
Buffers:           38060 kB
Cached:           388632 kB
MemTotal:        1844596 kB
MemFree:         1222268 kB
MemAvailable:    1518180 kB
Buffers:           38060 kB
Cached:           388632 kB
MemTotal:        1844596 kB
MemFree:         1223480 kB
MemAvailable:    1519392 kB
Buffers:           38060 kB
Cached:           388632 kB
MemTotal:        1844596 kB
MemFree:         1222276 kB
MemAvailable:    1518188 kB
Buffers:           38060 kB
Cached:           388632 kB
MemTotal:        1844596 kB
MemFree:         1222972 kB
MemAvailable:    1518884 kB
Buffers:           38060 kB
Cached:           388632 kB
MemTotal:        1844596 kB
MemFree:         1221772 kB
MemAvailable:    1517684 kB
Buffers:           38060 kB
Cached:           388632 kB
MemTotal:        1844596 kB
MemFree:         1222816 kB
MemAvailable:    1518728 kB
Buffers:           38060 kB
Cached:           388632 kB
MemTotal:        1844596 kB
MemFree:         1222612 kB
MemAvailable:    1518524 kB
Buffers:           38060 kB
Cached:           388632 kB
MemTotal:        1844596 kB
MemFree:         1222864 kB
MemAvailable:    1518776 kB
Buffers:           38060 kB
Cached:           388632 kB
MemTotal:        1844596 kB
MemFree:         1221468 kB
MemAvailable:    1517380 kB
Buffers:           38060 kB
Cached:           388632 kB
MemTotal:        1844596 kB
MemFree:         1221468 kB
MemAvailable:    1517380 kB
Buffers:           38060 kB
Cached:           388632 kB
MemTotal:        1844596 kB
MemFree:         1221460 kB
MemAvailable:    1517372 kB
Buffers:           38060 kB
Cached:           388632 kB
MemTotal:        1844596 kB
MemFree:         1221504 kB
MemAvailable:    1517416 kB
Buffers:           38060 kB
Cached:           388632 kB
MemTotal:        1844596 kB
MemFree:         1221496 kB
MemAvailable:    1517408 kB
Buffers:           38060 kB
Cached:           388632 kB
MemTotal:        1844596 kB
MemFree:         1221456 kB
MemAvailable:    1517368 kB
Buffers:           38060 kB
Cached:           388632 kB
MemTotal:        1844596 kB
MemFree:         1221324 kB
MemAvailable:    1517236 kB
Buffers:           38060 kB
Cached:           388632 kB
MemTotal:        1844596 kB
MemFree:         1221616 kB
MemAvailable:    1517528 kB
Buffers:           38060 kB
Cached:           388632 kB
MemTotal:        1844596 kB
MemFree:         1221312 kB
MemAvailable:    1517224 kB
Buffers:           38060 kB
Cached:           388632 kB
MemTotal:        1844596 kB
MemFree:         1222756 kB
MemAvailable:    1518668 kB
Buffers:           38060 kB
Cached:           388632 kB
MemTotal:        1844596 kB
MemFree:         1221356 kB
MemAvailable:    1517268 kB
Buffers:           38060 kB
Cached:           388632 kB
MemTotal:        1844596 kB
MemFree:         1221224 kB
MemAvailable:    1517136 kB
Buffers:           38060 kB
Cached:           388632 kB
MemTotal:        1844596 kB
MemFree:         1221224 kB
MemAvailable:    1517136 kB
Buffers:           38060 kB
Cached:           388632 kB
MemTotal:        1844596 kB
MemFree:         1221532 kB
MemAvailable:    1517532 kB
Buffers:           38060 kB
Cached:           388636 kB
MemTotal:        1844596 kB
MemFree:         1218044 kB
MemAvailable:    1513960 kB
Buffers:           38060 kB
Cached:           388636 kB
MemTotal:        1844596 kB
MemFree:         1213028 kB
MemAvailable:    1508944 kB
Buffers:           38060 kB
Cached:           388636 kB
MemTotal:        1844596 kB
MemFree:         1212216 kB
MemAvailable:    1508132 kB
Buffers:           38060 kB
Cached:           388636 kB
MemTotal:        1844596 kB
MemFree:         1212052 kB
MemAvailable:    1507968 kB
Buffers:           38060 kB
Cached:           388636 kB
MemTotal:        1844596 kB
MemFree:         1210544 kB
MemAvailable:    1506460 kB
Buffers:           38060 kB
Cached:           388636 kB
MemTotal:        1844596 kB
MemFree:         1211976 kB
MemAvailable:    1507892 kB
Buffers:           38060 kB
Cached:           388636 kB
MemTotal:        1844596 kB
MemFree:         1210860 kB
MemAvailable:    1506776 kB
Buffers:           38060 kB
Cached:           388636 kB
MemTotal:        1844596 kB
MemFree:         1211452 kB
MemAvailable:    1507368 kB
Buffers:           38060 kB
Cached:           388636 kB
MemTotal:        1844596 kB
MemFree:         1211452 kB
MemAvailable:    1507368 kB
Buffers:           38060 kB
Cached:           388636 kB
MemTotal:        1844596 kB
MemFree:         1211484 kB
MemAvailable:    1507400 kB
Buffers:           38060 kB
Cached:           388636 kB
MemTotal:        1844596 kB
MemFree:         1211044 kB
MemAvailable:    1506960 kB
Buffers:           38060 kB
Cached:           388636 kB
MemTotal:        1844596 kB
MemFree:         1209620 kB
MemAvailable:    1505536 kB
Buffers:           38060 kB
Cached:           388636 kB
MemTotal:        1844596 kB
MemFree:         1208876 kB
MemAvailable:    1504792 kB
Buffers:           38060 kB
Cached:           388636 kB
MemTotal:        1844596 kB
MemFree:         1208488 kB
MemAvailable:    1504404 kB
Buffers:           38060 kB
Cached:           388636 kB
MemTotal:        1844596 kB
MemFree:         1208080 kB
MemAvailable:    1503996 kB
Buffers:           38060 kB
Cached:           388636 kB
MemTotal:        1844596 kB
MemFree:         1208992 kB
MemAvailable:    1504908 kB
Buffers:           38060 kB
Cached:           388636 kB
MemTotal:        1844596 kB
MemFree:         1209248 kB
MemAvailable:    1505164 kB
Buffers:           38060 kB
Cached:           388636 kB
MemTotal:        1844596 kB
MemFree:         1209152 kB
MemAvailable:    1505068 kB
Buffers:           38060 kB
Cached:           388636 kB
MemTotal:        1844596 kB
MemFree:         1209000 kB
MemAvailable:    1504916 kB
Buffers:           38060 kB
Cached:           388636 kB
MemTotal:        1844596 kB
MemFree:         1209096 kB
MemAvailable:    1505012 kB
Buffers:           38060 kB
Cached:           388636 kB
MemTotal:        1844596 kB
MemFree:         1209124 kB
MemAvailable:    1505040 kB
Buffers:           38060 kB
Cached:           388636 kB
MemTotal:        1844596 kB
MemFree:         1209128 kB
MemAvailable:    1505044 kB
Buffers:           38060 kB
Cached:           388636 kB
MemTotal:        1844596 kB
MemFree:         1209128 kB
MemAvailable:    1505044 kB
Buffers:           38060 kB
Cached:           388636 kB
MemTotal:        1844596 kB
MemFree:         1209056 kB
MemAvailable:    1504972 kB
Buffers:           38060 kB
Cached:           388636 kB
MemTotal:        1844596 kB
MemFree:         1209308 kB
MemAvailable:    1505224 kB
Buffers:           38060 kB
Cached:           388636 kB
MemTotal:        1844596 kB
MemFree:         1207828 kB
MemAvailable:    1503744 kB
Buffers:           38060 kB
Cached:           388636 kB
MemTotal:        1844596 kB
MemFree:         1209108 kB
MemAvailable:    1505024 kB
Buffers:           38060 kB
Cached:           388636 kB
MemTotal:        1844596 kB
MemFree:         1209108 kB
MemAvailable:    1505024 kB
Buffers:           38060 kB
Cached:           388636 kB
MemTotal:        1844596 kB
MemFree:         1208944 kB
MemAvailable:    1504860 kB
Buffers:           38060 kB
Cached:           388636 kB
MemTotal:        1844596 kB
MemFree:         1207996 kB
MemAvailable:    1503912 kB
Buffers:           38060 kB
Cached:           388636 kB
MemTotal:        1844596 kB
MemFree:         1207732 kB
MemAvailable:    1503648 kB
Buffers:           38060 kB
Cached:           388636 kB
MemTotal:        1844596 kB
MemFree:         1208256 kB
MemAvailable:    1504172 kB
Buffers:           38060 kB
Cached:           388636 kB
MemTotal:        1844596 kB
MemFree:         1206768 kB
MemAvailable:    1502684 kB
Buffers:           38060 kB
Cached:           388636 kB
MemTotal:        1844596 kB
MemFree:         1207132 kB
MemAvailable:    1503048 kB
Buffers:           38060 kB
Cached:           388636 kB
MemTotal:        1844596 kB
MemFree:         1206776 kB
MemAvailable:    1502692 kB
Buffers:           38060 kB
Cached:           388636 kB
MemTotal:        1844596 kB
MemFree:         1206944 kB
MemAvailable:    1502860 kB
Buffers:           38060 kB
Cached:           388636 kB
MemTotal:        1844596 kB
MemFree:         1206940 kB
MemAvailable:    1502856 kB
Buffers:           38060 kB
Cached:           388636 kB
MemTotal:        1844596 kB
MemFree:         1206996 kB
MemAvailable:    1502912 kB
Buffers:           38060 kB
Cached:           388636 kB
MemTotal:        1844596 kB
MemFree:         1205272 kB
MemAvailable:    1501188 kB
Buffers:           38060 kB
Cached:           388636 kB
MemTotal:        1844596 kB
MemFree:         1206456 kB
MemAvailable:    1502372 kB
Buffers:           38060 kB
Cached:           388636 kB
MemTotal:        1844596 kB
MemFree:         1205588 kB
MemAvailable:    1501504 kB
Buffers:           38060 kB
Cached:           388636 kB
MemTotal:        1844596 kB
MemFree:         1205520 kB
MemAvailable:    1501436 kB
Buffers:           38060 kB
Cached:           388636 kB
MemTotal:        1844596 kB
MemFree:         1203668 kB
MemAvailable:    1499584 kB
Buffers:           38060 kB
Cached:           388636 kB
MemTotal:        1844596 kB
MemFree:         1203536 kB
MemAvailable:    1499452 kB
Buffers:           38060 kB
Cached:           388636 kB
MemTotal:        1844596 kB
MemFree:         1203916 kB
MemAvailable:    1499832 kB
Buffers:           38060 kB
Cached:           388636 kB
MemTotal:        1844596 kB
MemFree:         1204028 kB
MemAvailable:    1499944 kB
Buffers:           38060 kB
Cached:           388636 kB
MemTotal:        1844596 kB
MemFree:         1203028 kB
MemAvailable:    1498944 kB
Buffers:           38060 kB
Cached:           388636 kB
MemTotal:        1844596 kB
MemFree:         1202780 kB
MemAvailable:    1498696 kB
Buffers:           38060 kB
Cached:           388636 kB
MemTotal:        1844596 kB
MemFree:         1202780 kB
MemAvailable:    1498696 kB
Buffers:           38060 kB
Cached:           388636 kB
MemTotal:        1844596 kB
MemFree:         1204032 kB
MemAvailable:    1499948 kB
Buffers:           38060 kB
Cached:           388636 kB
MemTotal:        1844596 kB
MemFree:         1202852 kB
MemAvailable:    1498768 kB
Buffers:           38060 kB
Cached:           388636 kB
MemTotal:        1844596 kB
MemFree:         1203836 kB
MemAvailable:    1499752 kB
Buffers:           38060 kB
Cached:           388636 kB
MemTotal:        1844596 kB
MemFree:         1202720 kB
MemAvailable:    1498636 kB
Buffers:           38060 kB
Cached:           388636 kB
MemTotal:        1844596 kB
MemFree:         1203888 kB
MemAvailable:    1499804 kB
Buffers:           38060 kB
Cached:           388636 kB
MemTotal:        1844596 kB
MemFree:         1204060 kB
MemAvailable:    1499976 kB
Buffers:           38060 kB
Cached:           388636 kB
MemTotal:        1844596 kB
MemFree:         1202628 kB
MemAvailable:    1498544 kB
Buffers:           38060 kB
Cached:           388636 kB
MemTotal:        1844596 kB
MemFree:         1203844 kB
MemAvailable:    1499760 kB
Buffers:           38060 kB
Cached:           388636 kB
MemTotal:        1844596 kB
MemFree:         1203776 kB
MemAvailable:    1499692 kB
Buffers:           38060 kB
Cached:           388636 kB
MemTotal:        1844596 kB
MemFree:         1204020 kB
MemAvailable:    1499936 kB
Buffers:           38060 kB
Cached:           388636 kB
MemTotal:        1844596 kB
MemFree:         1202492 kB
MemAvailable:    1498408 kB
Buffers:           38060 kB
Cached:           388636 kB
MemTotal:        1844596 kB
MemFree:         1203828 kB
MemAvailable:    1499744 kB
Buffers:           38060 kB
Cached:           388636 kB
MemTotal:        1844596 kB
MemFree:         1203652 kB
MemAvailable:    1499568 kB
Buffers:           38060 kB
Cached:           388636 kB
MemTotal:        1844596 kB
MemFree:         1203904 kB
MemAvailable:    1499820 kB
Buffers:           38060 kB
Cached:           388636 kB
MemTotal:        1844596 kB
MemFree:         1203780 kB
MemAvailable:    1499696 kB
Buffers:           38060 kB
Cached:           388636 kB
MemTotal:        1844596 kB
MemFree:         1202656 kB
MemAvailable:    1498572 kB
Buffers:           38060 kB
Cached:           388636 kB
MemTotal:        1844596 kB
MemFree:         1203592 kB
MemAvailable:    1499508 kB
Buffers:           38060 kB
Cached:           388636 kB
MemTotal:        1844596 kB
MemFree:         1203844 kB
MemAvailable:    1499760 kB
Buffers:           38060 kB
Cached:           388636 kB
MemTotal:        1844596 kB
MemFree:         1203840 kB
MemAvailable:    1499756 kB
Buffers:           38060 kB
Cached:           388636 kB
MemTotal:        1844596 kB
MemFree:         1203852 kB
MemAvailable:    1499768 kB
Buffers:           38060 kB
Cached:           388636 kB
MemTotal:        1844596 kB
MemFree:         1202380 kB
MemAvailable:    1498296 kB
Buffers:           38060 kB
Cached:           388636 kB
MemTotal:        1844596 kB
MemFree:         1202420 kB
MemAvailable:    1498336 kB
Buffers:           38060 kB
Cached:           388636 kB
MemTotal:        1844596 kB
MemFree:         1203912 kB
MemAvailable:    1499828 kB
Buffers:           38060 kB
Cached:           388636 kB
MemTotal:        1844596 kB
MemFree:         1203868 kB
MemAvailable:    1499784 kB
Buffers:           38060 kB
Cached:           388636 kB
MemTotal:        1844596 kB
MemFree:         1202736 kB
MemAvailable:    1498652 kB
Buffers:           38060 kB
Cached:           388636 kB
MemTotal:        1844596 kB
MemFree:         1201312 kB
MemAvailable:    1497236 kB
Buffers:           38060 kB
Cached:           388644 kB
MemTotal:        1844596 kB
MemFree:         1201792 kB
MemAvailable:    1497716 kB
Buffers:           38060 kB
Cached:           388644 kB
MemTotal:        1844596 kB
MemFree:         1201792 kB
MemAvailable:    1497716 kB
Buffers:           38060 kB
Cached:           388644 kB
MemTotal:        1844596 kB
MemFree:         1198832 kB
MemAvailable:    1494756 kB
Buffers:           38060 kB
Cached:           388644 kB
MemTotal:        1844596 kB
MemFree:         1196708 kB
MemAvailable:    1492632 kB
Buffers:           38060 kB
Cached:           388644 kB
MemTotal:        1844596 kB
MemFree:         1196792 kB
MemAvailable:    1492716 kB
Buffers:           38060 kB
Cached:           388644 kB
MemTotal:        1844596 kB
MemFree:         1193684 kB
MemAvailable:    1489608 kB
Buffers:           38060 kB
Cached:           388644 kB
MemTotal:        1844596 kB
MemFree:         1189524 kB
MemAvailable:    1485448 kB
Buffers:           38060 kB
Cached:           388644 kB
MemTotal:        1844596 kB
MemFree:         1187168 kB
MemAvailable:    1483092 kB
Buffers:           38060 kB
Cached:           388644 kB
MemTotal:        1844596 kB
MemFree:         1184324 kB
MemAvailable:    1480248 kB
Buffers:           38060 kB
Cached:           388644 kB
MemTotal:        1844596 kB
MemFree:         1185500 kB
MemAvailable:    1481424 kB
Buffers:           38060 kB
Cached:           388644 kB
MemTotal:        1844596 kB
MemFree:         1185236 kB
MemAvailable:    1481160 kB
Buffers:           38060 kB
Cached:           388644 kB
MemTotal:        1844596 kB
MemFree:         1185112 kB
MemAvailable:    1481036 kB
Buffers:           38060 kB
Cached:           388644 kB
MemTotal:        1844596 kB
MemFree:         1183936 kB
MemAvailable:    1479860 kB
Buffers:           38060 kB
Cached:           388644 kB
MemTotal:        1844596 kB
MemFree:         1185048 kB
MemAvailable:    1480972 kB
Buffers:           38060 kB
Cached:           388644 kB
MemTotal:        1844596 kB
MemFree:         1184772 kB
MemAvailable:    1480696 kB
Buffers:           38060 kB
Cached:           388644 kB
MemTotal:        1844596 kB
MemFree:         1183568 kB
MemAvailable:    1479492 kB
Buffers:           38060 kB
Cached:           388644 kB
MemTotal:        1844596 kB
MemFree:         1184604 kB
MemAvailable:    1480528 kB
Buffers:           38060 kB
Cached:           388644 kB
MemTotal:        1844596 kB
MemFree:         1183644 kB
MemAvailable:    1479568 kB
Buffers:           38060 kB
Cached:           388644 kB
MemTotal:        1844596 kB
MemFree:         1184820 kB
MemAvailable:    1480744 kB
Buffers:           38060 kB
Cached:           388644 kB
MemTotal:        1844596 kB
MemFree:         1184388 kB
MemAvailable:    1480312 kB
Buffers:           38060 kB
Cached:           388644 kB
MemTotal:        1844596 kB
MemFree:         1183804 kB
MemAvailable:    1479728 kB
Buffers:           38060 kB
Cached:           388644 kB
MemTotal:        1844596 kB
MemFree:         1183704 kB
MemAvailable:    1479628 kB
Buffers:           38060 kB
Cached:           388644 kB
MemTotal:        1844596 kB
MemFree:         1183884 kB
MemAvailable:    1479808 kB
Buffers:           38060 kB
Cached:           388644 kB
MemTotal:        1844596 kB
MemFree:         1183952 kB
MemAvailable:    1479876 kB
Buffers:           38060 kB
Cached:           388644 kB
MemTotal:        1844596 kB
MemFree:         1184124 kB
MemAvailable:    1480048 kB
Buffers:           38060 kB
Cached:           388644 kB
MemTotal:        1844596 kB
MemFree:         1183952 kB
MemAvailable:    1479876 kB
Buffers:           38060 kB
Cached:           388644 kB
MemTotal:        1844596 kB
MemFree:         1183332 kB
MemAvailable:    1479256 kB
Buffers:           38060 kB
Cached:           388644 kB
MemTotal:        1844596 kB
MemFree:         1184016 kB
MemAvailable:    1479940 kB
Buffers:           38060 kB
Cached:           388644 kB
MemTotal:        1844596 kB
MemFree:         1184268 kB
MemAvailable:    1480192 kB
Buffers:           38060 kB
Cached:           388644 kB
MemTotal:        1844596 kB
MemFree:         1184068 kB
MemAvailable:    1479992 kB
Buffers:           38060 kB
Cached:           388644 kB
MemTotal:        1844596 kB
MemFree:         1184084 kB
MemAvailable:    1480008 kB
Buffers:           38060 kB
Cached:           388644 kB
MemTotal:        1844596 kB
MemFree:         1184004 kB
MemAvailable:    1479928 kB
Buffers:           38060 kB
Cached:           388644 kB
MemTotal:        1844596 kB
MemFree:         1184060 kB
MemAvailable:    1479984 kB
Buffers:           38060 kB
Cached:           388644 kB
MemTotal:        1844596 kB
MemFree:         1184188 kB
MemAvailable:    1480112 kB
Buffers:           38060 kB
Cached:           388644 kB
MemTotal:        1844596 kB
MemFree:         1182772 kB
MemAvailable:    1478696 kB
Buffers:           38060 kB
Cached:           388644 kB
MemTotal:        1844596 kB
MemFree:         1182780 kB
MemAvailable:    1478704 kB
Buffers:           38060 kB
Cached:           388644 kB
MemTotal:        1844596 kB
MemFree:         1184080 kB
MemAvailable:    1480004 kB
Buffers:           38060 kB
Cached:           388644 kB
MemTotal:        1844596 kB
MemFree:         1183208 kB
MemAvailable:    1479132 kB
Buffers:           38060 kB
Cached:           388644 kB
MemTotal:        1844596 kB
MemFree:         1183932 kB
MemAvailable:    1479856 kB
Buffers:           38060 kB
Cached:           388644 kB
MemTotal:        1844596 kB
MemFree:         1184188 kB
MemAvailable:    1480112 kB
Buffers:           38060 kB
Cached:           388644 kB
MemTotal:        1844596 kB
MemFree:         1183992 kB
MemAvailable:    1479916 kB
Buffers:           38060 kB
Cached:           388644 kB
MemTotal:        1844596 kB
MemFree:         1182900 kB
MemAvailable:    1478824 kB
Buffers:           38060 kB
Cached:           388644 kB
MemTotal:        1844596 kB
MemFree:         1183776 kB
MemAvailable:    1479700 kB
Buffers:           38060 kB
Cached:           388644 kB
MemTotal:        1844596 kB
MemFree:         1183876 kB
MemAvailable:    1479800 kB
Buffers:           38060 kB
Cached:           388644 kB
MemTotal:        1844596 kB
MemFree:         1184044 kB
MemAvailable:    1479968 kB
Buffers:           38060 kB
Cached:           388644 kB
MemTotal:        1844596 kB
MemFree:         1183856 kB
MemAvailable:    1479780 kB
Buffers:           38060 kB
Cached:           388644 kB
MemTotal:        1844596 kB
MemFree:         1183856 kB
MemAvailable:    1479780 kB
Buffers:           38060 kB
Cached:           388644 kB
MemTotal:        1844596 kB
MemFree:         1182648 kB
MemAvailable:    1478572 kB
Buffers:           38060 kB
Cached:           388644 kB
MemTotal:        1844596 kB
MemFree:         1180712 kB
MemAvailable:    1476636 kB
Buffers:           38060 kB
Cached:           388644 kB
MemTotal:        1844596 kB
MemFree:         1180480 kB
MemAvailable:    1476404 kB
Buffers:           38060 kB
Cached:           388644 kB
MemTotal:        1844596 kB
MemFree:         1176008 kB
MemAvailable:    1471932 kB
Buffers:           38060 kB
Cached:           388644 kB
MemTotal:        1844596 kB
MemFree:         1174768 kB
MemAvailable:    1470692 kB
Buffers:           38060 kB
Cached:           388644 kB
MemTotal:        1844596 kB
MemFree:         1172172 kB
MemAvailable:    1468096 kB
Buffers:           38060 kB
Cached:           388644 kB
MemTotal:        1844596 kB
MemFree:         1169628 kB
MemAvailable:    1465552 kB
Buffers:           38060 kB
Cached:           388644 kB
MemTotal:        1844596 kB
MemFree:         1166528 kB
MemAvailable:    1462452 kB
Buffers:           38060 kB
Cached:           388644 kB
MemTotal:        1844596 kB
MemFree:         1165220 kB
MemAvailable:    1461144 kB
Buffers:           38060 kB
Cached:           388644 kB
MemTotal:        1844596 kB
MemFree:         1166320 kB
MemAvailable:    1462244 kB
Buffers:           38060 kB
Cached:           388644 kB
MemTotal:        1844596 kB
MemFree:         1166572 kB
MemAvailable:    1462496 kB
Buffers:           38060 kB
Cached:           388644 kB
MemTotal:        1844596 kB
MemFree:         1166348 kB
MemAvailable:    1462272 kB
Buffers:           38060 kB
Cached:           388644 kB
MemTotal:        1844596 kB
MemFree:         1166084 kB
MemAvailable:    1462008 kB
Buffers:           38060 kB
Cached:           388644 kB
MemTotal:        1844596 kB
MemFree:         1166276 kB
MemAvailable:    1462200 kB
Buffers:           38060 kB
Cached:           388644 kB
MemTotal:        1844596 kB
MemFree:         1166444 kB
MemAvailable:    1462368 kB
Buffers:           38060 kB
Cached:           388644 kB
MemTotal:        1844596 kB
MemFree:         1166064 kB
MemAvailable:    1461988 kB
Buffers:           38060 kB
Cached:           388644 kB
MemTotal:        1844596 kB
MemFree:         1166248 kB
MemAvailable:    1462172 kB
Buffers:           38060 kB
Cached:           388644 kB
MemTotal:        1844596 kB
MemFree:         1166248 kB
MemAvailable:    1462172 kB
Buffers:           38060 kB
Cached:           388644 kB
MemTotal:        1844596 kB
MemFree:         1165956 kB
MemAvailable:    1461880 kB
Buffers:           38060 kB
Cached:           388644 kB
MemTotal:        1844596 kB
MemFree:         1165956 kB
MemAvailable:    1461880 kB
Buffers:           38060 kB
Cached:           388644 kB
MemTotal:        1844596 kB
MemFree:         1165704 kB
MemAvailable:    1461628 kB
Buffers:           38060 kB
Cached:           388644 kB
MemTotal:        1844596 kB
MemFree:         1165792 kB
MemAvailable:    1461716 kB
Buffers:           38060 kB
Cached:           388644 kB
MemTotal:        1844596 kB
MemFree:         1166044 kB
MemAvailable:    1461968 kB
Buffers:           38060 kB
Cached:           388644 kB
MemTotal:        1844596 kB
MemFree:         1164460 kB
MemAvailable:    1460388 kB
Buffers:           38060 kB
Cached:           388648 kB
MemTotal:        1844596 kB
MemFree:         1164676 kB
MemAvailable:    1460604 kB
Buffers:           38060 kB
Cached:           388648 kB
MemTotal:        1844596 kB
MemFree:         1165868 kB
MemAvailable:    1461804 kB
Buffers:           38060 kB
Cached:           388656 kB
MemTotal:        1844596 kB
MemFree:         1165752 kB
MemAvailable:    1461688 kB
Buffers:           38060 kB
Cached:           388656 kB
MemTotal:        1844596 kB
MemFree:         1165924 kB
MemAvailable:    1461860 kB
Buffers:           38060 kB
Cached:           388656 kB
MemTotal:        1844596 kB
MemFree:         1165736 kB
MemAvailable:    1461672 kB
Buffers:           38060 kB
Cached:           388656 kB
MemTotal:        1844596 kB
MemFree:         1164608 kB
MemAvailable:    1460544 kB
Buffers:           38060 kB
Cached:           388656 kB
MemTotal:        1844596 kB
MemFree:         1165908 kB
MemAvailable:    1461844 kB
Buffers:           38060 kB
Cached:           388656 kB
MemTotal:        1844596 kB
MemFree:         1165784 kB
MemAvailable:    1461720 kB
Buffers:           38060 kB
Cached:           388656 kB
MemTotal:        1844596 kB
MemFree:         1164428 kB
MemAvailable:    1460364 kB
Buffers:           38060 kB
Cached:           388656 kB
MemTotal:        1844596 kB
MemFree:         1165800 kB
MemAvailable:    1461736 kB
Buffers:           38060 kB
Cached:           388656 kB
MemTotal:        1844596 kB
MemFree:         1165896 kB
MemAvailable:    1461832 kB
Buffers:           38060 kB
Cached:           388656 kB
MemTotal:        1844596 kB
MemFree:         1164664 kB
MemAvailable:    1460600 kB
Buffers:           38060 kB
Cached:           388656 kB
MemTotal:        1844596 kB
MemFree:         1165788 kB
MemAvailable:    1461724 kB
Buffers:           38060 kB
Cached:           388656 kB
MemTotal:        1844596 kB
MemFree:         1165708 kB
MemAvailable:    1461644 kB
Buffers:           38060 kB
Cached:           388656 kB
MemTotal:        1844596 kB
MemFree:         1165708 kB
MemAvailable:    1461644 kB
Buffers:           38060 kB
Cached:           388656 kB
MemTotal:        1844596 kB
MemFree:         1165672 kB
MemAvailable:    1461608 kB
Buffers:           38060 kB
Cached:           388656 kB
MemTotal:        1844596 kB
MemFree:         1165892 kB
MemAvailable:    1461828 kB
Buffers:           38060 kB
Cached:           388656 kB
MemTotal:        1844596 kB
MemFree:         1165688 kB
MemAvailable:    1461624 kB
Buffers:           38060 kB
Cached:           388656 kB
MemTotal:        1844596 kB
MemFree:         1165940 kB
MemAvailable:    1461876 kB
Buffers:           38060 kB
Cached:           388656 kB
MemTotal:        1844596 kB
MemFree:         1164792 kB
MemAvailable:    1460728 kB
Buffers:           38060 kB
Cached:           388656 kB
MemTotal:        1844596 kB
MemFree:         1159508 kB
MemAvailable:    1455444 kB
Buffers:           38060 kB
Cached:           388656 kB
MemTotal:        1844596 kB
MemFree:         1159592 kB
MemAvailable:    1455528 kB
Buffers:           38060 kB
Cached:           388656 kB
MemTotal:        1844596 kB
MemFree:         1154748 kB
MemAvailable:    1450684 kB
Buffers:           38060 kB
Cached:           388656 kB
MemTotal:        1844596 kB
MemFree:         1150472 kB
MemAvailable:    1446408 kB
Buffers:           38060 kB
Cached:           388656 kB
MemTotal:        1844596 kB
MemFree:         1147744 kB
MemAvailable:    1443680 kB
Buffers:           38060 kB
Cached:           388656 kB
MemTotal:        1844596 kB
MemFree:         1147372 kB
MemAvailable:    1443308 kB
Buffers:           38060 kB
Cached:           388656 kB
MemTotal:        1844596 kB
MemFree:         1147248 kB
MemAvailable:    1443184 kB
Buffers:           38060 kB
Cached:           388656 kB
MemTotal:        1844596 kB
MemFree:         1148284 kB
MemAvailable:    1444220 kB
Buffers:           38060 kB
Cached:           388656 kB
MemTotal:        1844596 kB
MemFree:         1148348 kB
MemAvailable:    1444284 kB
Buffers:           38060 kB
Cached:           388656 kB
MemTotal:        1844596 kB
MemFree:         1148184 kB
MemAvailable:    1444120 kB
Buffers:           38060 kB
Cached:           388656 kB
MemTotal:        1844596 kB
MemFree:         1147104 kB
MemAvailable:    1443040 kB
Buffers:           38060 kB
Cached:           388656 kB
MemTotal:        1844596 kB
MemFree:         1147104 kB
MemAvailable:    1443040 kB
Buffers:           38060 kB
Cached:           388656 kB
MemTotal:        1844596 kB
MemFree:         1148532 kB
MemAvailable:    1444468 kB
Buffers:           38060 kB
Cached:           388656 kB
MemTotal:        1844596 kB
MemFree:         1148324 kB
MemAvailable:    1444260 kB
Buffers:           38060 kB
Cached:           388656 kB
MemTotal:        1844596 kB
MemFree:         1148116 kB
MemAvailable:    1444052 kB
Buffers:           38060 kB
Cached:           388656 kB
MemTotal:        1844596 kB
MemFree:         1148184 kB
MemAvailable:    1444120 kB
Buffers:           38060 kB
Cached:           388656 kB
MemTotal:        1844596 kB
MemFree:         1147060 kB
MemAvailable:    1442996 kB
Buffers:           38060 kB
Cached:           388656 kB
MemTotal:        1844596 kB
MemFree:         1148164 kB
MemAvailable:    1444100 kB
Buffers:           38060 kB
Cached:           388656 kB
MemTotal:        1844596 kB
MemFree:         1147992 kB
MemAvailable:    1443928 kB
Buffers:           38060 kB
Cached:           388656 kB
MemTotal:        1844596 kB
MemFree:         1148088 kB
MemAvailable:    1444024 kB
Buffers:           38060 kB
Cached:           388656 kB
MemTotal:        1844596 kB
MemFree:         1147444 kB
MemAvailable:    1443380 kB
Buffers:           38060 kB
Cached:           388656 kB
MemTotal:        1844596 kB
MemFree:         1146992 kB
MemAvailable:    1442928 kB
Buffers:           38060 kB
Cached:           388656 kB
MemTotal:        1844596 kB
MemFree:         1147000 kB
MemAvailable:    1442936 kB
Buffers:           38060 kB
Cached:           388656 kB
MemTotal:        1844596 kB
MemFree:         1148200 kB
MemAvailable:    1444136 kB
Buffers:           38060 kB
Cached:           388656 kB
MemTotal:        1844596 kB
MemFree:         1147496 kB
MemAvailable:    1443432 kB
Buffers:           38060 kB
Cached:           388656 kB
MemTotal:        1844596 kB
MemFree:         1147480 kB
MemAvailable:    1443416 kB
Buffers:           38060 kB
Cached:           388656 kB
MemTotal:        1844596 kB
MemFree:         1147480 kB
MemAvailable:    1443416 kB
Buffers:           38060 kB
Cached:           388656 kB
MemTotal:        1844596 kB
MemFree:         1147420 kB
MemAvailable:    1443356 kB
Buffers:           38060 kB
Cached:           388656 kB
MemTotal:        1844596 kB
MemFree:         1147312 kB
MemAvailable:    1443248 kB
Buffers:           38060 kB
Cached:           388656 kB
MemTotal:        1844596 kB
MemFree:         1146504 kB
MemAvailable:    1442440 kB
Buffers:           38060 kB
Cached:           388656 kB
MemTotal:        1844596 kB
MemFree:         1147372 kB
MemAvailable:    1443308 kB
Buffers:           38060 kB
Cached:           388656 kB
MemTotal:        1844596 kB
MemFree:         1147116 kB
MemAvailable:    1443052 kB
Buffers:           38060 kB
Cached:           388656 kB
MemTotal:        1844596 kB
MemFree:         1145812 kB
MemAvailable:    1441748 kB
Buffers:           38060 kB
Cached:           388656 kB
MemTotal:        1844596 kB
MemFree:         1146316 kB
MemAvailable:    1442252 kB
Buffers:           38060 kB
Cached:           388656 kB
MemTotal:        1844596 kB
MemFree:         1144024 kB
MemAvailable:    1439960 kB
Buffers:           38064 kB
Cached:           388652 kB
MemTotal:        1844596 kB
MemFree:         1141296 kB
MemAvailable:    1437232 kB
Buffers:           38064 kB
Cached:           388652 kB
MemTotal:        1844596 kB
MemFree:         1139892 kB
MemAvailable:    1435828 kB
Buffers:           38064 kB
Cached:           388652 kB
MemTotal:        1844596 kB
MemFree:         1137320 kB
MemAvailable:    1433256 kB
Buffers:           38064 kB
Cached:           388652 kB
MemTotal:        1844596 kB
MemFree:         1136584 kB
MemAvailable:    1432528 kB
Buffers:           38064 kB
Cached:           388660 kB
MemTotal:        1844596 kB
MemFree:         1132428 kB
MemAvailable:    1428372 kB
Buffers:           38064 kB
Cached:           388660 kB
MemTotal:        1844596 kB
MemFree:         1129640 kB
MemAvailable:    1425584 kB
Buffers:           38064 kB
Cached:           388660 kB
MemTotal:        1844596 kB
MemFree:         1126408 kB
MemAvailable:    1422352 kB
Buffers:           38064 kB
Cached:           388660 kB
MemTotal:        1844596 kB
MemFree:         1124360 kB
MemAvailable:    1420304 kB
Buffers:           38064 kB
Cached:           388660 kB
MemTotal:        1844596 kB
MemFree:         1122696 kB
MemAvailable:    1418640 kB
Buffers:           38064 kB
Cached:           388660 kB
MemTotal:        1844596 kB
MemFree:         1121476 kB
MemAvailable:    1417420 kB
Buffers:           38064 kB
Cached:           388660 kB
MemTotal:        1844596 kB
MemFree:         1119060 kB
MemAvailable:    1415004 kB
Buffers:           38064 kB
Cached:           388660 kB
MemTotal:        1844596 kB
MemFree:         1116440 kB
MemAvailable:    1412384 kB
Buffers:           38064 kB
Cached:           388660 kB
MemTotal:        1844596 kB
MemFree:         1116440 kB
MemAvailable:    1412384 kB
Buffers:           38064 kB
Cached:           388660 kB
MemTotal:        1844596 kB
MemFree:         1116484 kB
MemAvailable:    1412428 kB
Buffers:           38064 kB
Cached:           388660 kB
MemTotal:        1844596 kB
MemFree:         1116496 kB
MemAvailable:    1412440 kB
Buffers:           38064 kB
Cached:           388660 kB
MemTotal:        1844596 kB
MemFree:         1115628 kB
MemAvailable:    1411572 kB
Buffers:           38064 kB
Cached:           388660 kB
MemTotal:        1844596 kB
MemFree:         1116504 kB
MemAvailable:    1412448 kB
Buffers:           38064 kB
Cached:           388660 kB
MemTotal:        1844596 kB
MemFree:         1114944 kB
MemAvailable:    1410888 kB
Buffers:           38064 kB
Cached:           388660 kB
MemTotal:        1844596 kB
MemFree:         1115228 kB
MemAvailable:    1411172 kB
Buffers:           38064 kB
Cached:           388660 kB
MemTotal:        1844596 kB
MemFree:         1115332 kB
MemAvailable:    1411280 kB
Buffers:           38064 kB
Cached:           388664 kB
MemTotal:        1844596 kB
MemFree:         1116448 kB
MemAvailable:    1412396 kB
Buffers:           38064 kB
Cached:           388664 kB
MemTotal:        1844596 kB
MemFree:         1115368 kB
MemAvailable:    1411316 kB
Buffers:           38064 kB
Cached:           388664 kB
MemTotal:        1844596 kB
MemFree:         1115364 kB
MemAvailable:    1411312 kB
Buffers:           38064 kB
Cached:           388664 kB
MemTotal:        1844596 kB
MemFree:         1114264 kB
MemAvailable:    1410212 kB
Buffers:           38064 kB
Cached:           388664 kB
MemTotal:        1844596 kB
MemFree:         1113956 kB
MemAvailable:    1409904 kB
Buffers:           38064 kB
Cached:           388664 kB
MemTotal:        1844596 kB
MemFree:         1115124 kB
MemAvailable:    1411072 kB
Buffers:           38064 kB
Cached:           388664 kB
MemTotal:        1844596 kB
MemFree:         1115460 kB
MemAvailable:    1411408 kB
Buffers:           38064 kB
Cached:           388664 kB
MemTotal:        1844596 kB
MemFree:         1115184 kB
MemAvailable:    1411132 kB
Buffers:           38064 kB
Cached:           388664 kB
MemTotal:        1844596 kB
MemFree:         1114984 kB
MemAvailable:    1410932 kB
Buffers:           38064 kB
Cached:           388664 kB
MemTotal:        1844596 kB
MemFree:         1114388 kB
MemAvailable:    1410336 kB
Buffers:           38064 kB
Cached:           388664 kB
MemTotal:        1844596 kB
MemFree:         1114932 kB
MemAvailable:    1410880 kB
Buffers:           38064 kB
Cached:           388664 kB
MemTotal:        1844596 kB
MemFree:         1114760 kB
MemAvailable:    1410708 kB
Buffers:           38064 kB
Cached:           388664 kB
MemTotal:        1844596 kB
MemFree:         1114016 kB
MemAvailable:    1409964 kB
Buffers:           38064 kB
Cached:           388664 kB
MemTotal:        1844596 kB
MemFree:         1114620 kB
MemAvailable:    1410568 kB
Buffers:           38064 kB
Cached:           388668 kB
MemTotal:        1844596 kB
MemFree:         1114388 kB
MemAvailable:    1410336 kB
Buffers:           38064 kB
Cached:           388668 kB
MemTotal:        1844596 kB
MemFree:         1112876 kB
MemAvailable:    1408824 kB
Buffers:           38064 kB
Cached:           388668 kB
MemTotal:        1844596 kB
MemFree:         1113760 kB
MemAvailable:    1409708 kB
Buffers:           38064 kB
Cached:           388668 kB
MemTotal:        1844596 kB
MemFree:         1113760 kB
MemAvailable:    1409708 kB
Buffers:           38064 kB
Cached:           388668 kB
MemTotal:        1844596 kB
MemFree:         1113572 kB
MemAvailable:    1409520 kB
Buffers:           38064 kB
Cached:           388668 kB
MemTotal:        1844596 kB
MemFree:         1112024 kB
MemAvailable:    1407972 kB
Buffers:           38064 kB
Cached:           388668 kB
MemTotal:        1844596 kB
MemFree:         1111280 kB
MemAvailable:    1407228 kB
Buffers:           38064 kB
Cached:           388668 kB
MemTotal:        1844596 kB
MemFree:         1112132 kB
MemAvailable:    1408080 kB
Buffers:           38064 kB
Cached:           388668 kB
MemTotal:        1844596 kB
MemFree:         1112132 kB
MemAvailable:    1408080 kB
Buffers:           38064 kB
Cached:           388668 kB
MemTotal:        1844596 kB
MemFree:         1110852 kB
MemAvailable:    1406800 kB
Buffers:           38064 kB
Cached:           388668 kB
MemTotal:        1844596 kB
MemFree:         1112100 kB
MemAvailable:    1408048 kB
Buffers:           38064 kB
Cached:           388668 kB
MemTotal:        1844596 kB
MemFree:         1111268 kB
MemAvailable:    1407216 kB
Buffers:           38064 kB
Cached:           388668 kB
MemTotal:        1844596 kB
MemFree:         1110888 kB
MemAvailable:    1406836 kB
Buffers:           38064 kB
Cached:           388668 kB
MemTotal:        1844596 kB
MemFree:         1112080 kB
MemAvailable:    1408028 kB
Buffers:           38064 kB
Cached:           388668 kB
MemTotal:        1844596 kB
MemFree:         1112332 kB
MemAvailable:    1408280 kB
Buffers:           38064 kB
Cached:           388668 kB
MemTotal:        1844596 kB
MemFree:         1112144 kB
MemAvailable:    1408092 kB
Buffers:           38064 kB
Cached:           388668 kB
MemTotal:        1844596 kB
MemFree:         1111040 kB
MemAvailable:    1406988 kB
Buffers:           38064 kB
Cached:           388668 kB
MemTotal:        1844596 kB
MemFree:         1112216 kB
MemAvailable:    1408164 kB
Buffers:           38064 kB
Cached:           388668 kB
MemTotal:        1844596 kB
MemFree:         1112016 kB
MemAvailable:    1407964 kB
Buffers:           38064 kB
Cached:           388668 kB
MemTotal:        1844596 kB
MemFree:         1112352 kB
MemAvailable:    1408300 kB
Buffers:           38064 kB
Cached:           388668 kB
MemTotal:        1844596 kB
MemFree:         1110860 kB
MemAvailable:    1406808 kB
Buffers:           38064 kB
Cached:           388668 kB
MemTotal:        1844596 kB
MemFree:         1110860 kB
MemAvailable:    1406808 kB
Buffers:           38064 kB
Cached:           388668 kB
MemTotal:        1844596 kB
MemFree:         1112392 kB
MemAvailable:    1408340 kB
Buffers:           38064 kB
Cached:           388668 kB
MemTotal:        1844596 kB
MemFree:         1110904 kB
MemAvailable:    1406852 kB
Buffers:           38064 kB
Cached:           388668 kB
MemTotal:        1844596 kB
MemFree:         1112088 kB
MemAvailable:    1408036 kB
Buffers:           38064 kB
Cached:           388668 kB
MemTotal:        1844596 kB
MemFree:         1112340 kB
MemAvailable:    1408288 kB
Buffers:           38064 kB
Cached:           388668 kB
MemTotal:        1844596 kB
MemFree:         1112328 kB
MemAvailable:    1408276 kB
Buffers:           38064 kB
Cached:           388668 kB
MemTotal:        1844596 kB
MemFree:         1112016 kB
MemAvailable:    1407964 kB
Buffers:           38064 kB
Cached:           388668 kB
MemTotal:        1844596 kB
MemFree:         1112352 kB
MemAvailable:    1408300 kB
Buffers:           38064 kB
Cached:           388668 kB
MemTotal:        1844596 kB
MemFree:         1112160 kB
MemAvailable:    1408108 kB
Buffers:           38064 kB
Cached:           388668 kB
MemTotal:        1844596 kB
MemFree:         1111960 kB
MemAvailable:    1407908 kB
Buffers:           38064 kB
Cached:           388668 kB
MemTotal:        1844596 kB
MemFree:         1112296 kB
MemAvailable:    1408244 kB
Buffers:           38064 kB
Cached:           388668 kB
MemTotal:        1844596 kB
MemFree:         1111104 kB
MemAvailable:    1407052 kB
Buffers:           38064 kB
Cached:           388668 kB
MemTotal:        1844596 kB
MemFree:         1112256 kB
MemAvailable:    1408204 kB
Buffers:           38064 kB
Cached:           388668 kB
MemTotal:        1844596 kB
MemFree:         1111412 kB
MemAvailable:    1407360 kB
Buffers:           38064 kB
Cached:           388668 kB
MemTotal:        1844596 kB
MemFree:         1112004 kB
MemAvailable:    1407952 kB
Buffers:           38064 kB
Cached:           388668 kB
MemTotal:        1844596 kB
MemFree:         1112088 kB
MemAvailable:    1408036 kB
Buffers:           38064 kB
Cached:           388668 kB
MemTotal:        1844596 kB
MemFree:         1110764 kB
MemAvailable:    1406712 kB
Buffers:           38064 kB
Cached:           388668 kB
MemTotal:        1844596 kB
MemFree:         1112220 kB
MemAvailable:    1408168 kB
Buffers:           38064 kB
Cached:           388668 kB
MemTotal:        1844596 kB
MemFree:         1112192 kB
MemAvailable:    1408140 kB
Buffers:           38064 kB
Cached:           388668 kB
MemTotal:        1844596 kB
MemFree:         1112112 kB
MemAvailable:    1408060 kB
Buffers:           38064 kB
Cached:           388668 kB
MemTotal:        1844596 kB
MemFree:         1111784 kB
MemAvailable:    1407732 kB
Buffers:           38064 kB
Cached:           388668 kB
MemTotal:        1844596 kB
MemFree:         1112328 kB
MemAvailable:    1408276 kB
Buffers:           38064 kB
Cached:           388668 kB
MemTotal:        1844596 kB
MemFree:         1110980 kB
MemAvailable:    1406928 kB
Buffers:           38064 kB
Cached:           388668 kB
MemTotal:        1844596 kB
MemFree:         1112132 kB
MemAvailable:    1408080 kB
Buffers:           38064 kB
Cached:           388668 kB
MemTotal:        1844596 kB
MemFree:         1110844 kB
MemAvailable:    1406792 kB
Buffers:           38064 kB
Cached:           388668 kB
MemTotal:        1844596 kB
MemFree:         1110836 kB
MemAvailable:    1406784 kB
Buffers:           38064 kB
Cached:           388668 kB
MemTotal:        1844596 kB
MemFree:         1108312 kB
MemAvailable:    1404260 kB
Buffers:           38064 kB
Cached:           388668 kB
MemTotal:        1844596 kB
MemFree:         1104824 kB
MemAvailable:    1400772 kB
Buffers:           38064 kB
Cached:           388668 kB
MemTotal:        1844596 kB
MemFree:         1104336 kB
MemAvailable:    1400284 kB
Buffers:           38064 kB
Cached:           388668 kB
MemTotal:        1844596 kB
MemFree:         1104460 kB
MemAvailable:    1400408 kB
Buffers:           38064 kB
Cached:           388668 kB
MemTotal:        1844596 kB
MemFree:         1104832 kB
MemAvailable:    1400780 kB
Buffers:           38064 kB
Cached:           388668 kB
MemTotal:        1844596 kB
MemFree:         1105464 kB
MemAvailable:    1401412 kB
Buffers:           38064 kB
Cached:           388668 kB
MemTotal:        1844596 kB
MemFree:         1104156 kB
MemAvailable:    1400104 kB
Buffers:           38064 kB
Cached:           388668 kB
MemTotal:        1844596 kB
MemFree:         1104024 kB
MemAvailable:    1399972 kB
Buffers:           38064 kB
Cached:           388668 kB
MemTotal:        1844596 kB
MemFree:         1104156 kB
MemAvailable:    1400104 kB
Buffers:           38064 kB
Cached:           388668 kB
MemTotal:        1844596 kB
MemFree:         1105336 kB
MemAvailable:    1401292 kB
Buffers:           38064 kB
Cached:           388676 kB
MemTotal:        1844596 kB
MemFree:         1104180 kB
MemAvailable:    1400136 kB
Buffers:           38064 kB
Cached:           388676 kB
MemTotal:        1844596 kB
MemFree:         1104180 kB
MemAvailable:    1400136 kB
Buffers:           38064 kB
Cached:           388676 kB
MemTotal:        1844596 kB
MemFree:         1105460 kB
MemAvailable:    1401416 kB
Buffers:           38064 kB
Cached:           388676 kB
MemTotal:        1844596 kB
MemFree:         1104468 kB
MemAvailable:    1400424 kB
Buffers:           38064 kB
Cached:           388676 kB
MemTotal:        1844596 kB
MemFree:         1105024 kB
MemAvailable:    1401064 kB
Buffers:           38064 kB
Cached:           388800 kB
MemTotal:        1844596 kB
MemFree:         1105280 kB
MemAvailable:    1401404 kB
Buffers:           38064 kB
Cached:           388924 kB
MemTotal:        1844596 kB
MemFree:         1104760 kB
MemAvailable:    1401052 kB
Buffers:           38064 kB
Cached:           389048 kB
MemTotal:        1844596 kB
MemFree:         1104844 kB
MemAvailable:    1401136 kB
Buffers:           38064 kB
Cached:           389048 kB
MemTotal:        1844596 kB
MemFree:         1104844 kB
MemAvailable:    1401304 kB
Buffers:           38064 kB
Cached:           389296 kB
MemTotal:        1844596 kB
MemFree:         1104820 kB
MemAvailable:    1401280 kB
Buffers:           38064 kB
Cached:           389296 kB
MemTotal:        1844596 kB
MemFree:         1103840 kB
MemAvailable:    1400300 kB
Buffers:           38064 kB
Cached:           389296 kB
MemTotal:        1844596 kB
MemFree:         1105024 kB
MemAvailable:    1401484 kB
Buffers:           38064 kB
Cached:           389296 kB
MemTotal:        1844596 kB
MemFree:         1103848 kB
MemAvailable:    1400392 kB
Buffers:           38064 kB
Cached:           389296 kB
MemTotal:        1844596 kB
MemFree:         1104900 kB
MemAvailable:    1401444 kB
Buffers:           38064 kB
Cached:           389296 kB
MemTotal:        1844596 kB
MemFree:         1103848 kB
MemAvailable:    1400392 kB
Buffers:           38064 kB
Cached:           389296 kB
MemTotal:        1844596 kB
MemFree:         1104572 kB
MemAvailable:    1401116 kB
Buffers:           38064 kB
Cached:           389296 kB
MemTotal:        1844596 kB
MemFree:         1104828 kB
MemAvailable:    1401372 kB
Buffers:           38064 kB
Cached:           389296 kB
MemTotal:        1844596 kB
MemFree:         1104860 kB
MemAvailable:    1400900 kB
Buffers:           38064 kB
Cached:           388748 kB
MemTotal:        1844596 kB
MemFree:         1104860 kB
MemAvailable:    1400900 kB
Buffers:           38064 kB
Cached:           388748 kB
MemTotal:        1844596 kB
MemFree:         1103760 kB
MemAvailable:    1399800 kB
Buffers:           38064 kB
Cached:           388748 kB
MemTotal:        1844596 kB
MemFree:         1258908 kB
MemAvailable:    1554948 kB
Buffers:           38064 kB
Cached:           388748 kB
