MemTotal:        1844596 kB
MemFree:         1366460 kB
MemAvailable:    1605456 kB
Buffers:           30256 kB
Cached:           339084 kB
MemTotal:        1844596 kB
MemFree:         1340436 kB
MemAvailable:    1579436 kB
Buffers:           30256 kB
Cached:           339088 kB
MemTotal:        1844596 kB
MemFree:         1337708 kB
MemAvailable:    1576708 kB
Buffers:           30256 kB
Cached:           339088 kB
MemTotal:        1844596 kB
MemFree:         1336576 kB
MemAvailable:    1575576 kB
Buffers:           30256 kB
Cached:           339088 kB
MemTotal:        1844596 kB
MemFree:         1336660 kB
MemAvailable:    1575660 kB
Buffers:           30256 kB
Cached:           339088 kB
MemTotal:        1844596 kB
MemFree:         1334360 kB
MemAvailable:    1573360 kB
Buffers:           30256 kB
Cached:           339088 kB
MemTotal:        1844596 kB
MemFree:         1335668 kB
MemAvailable:    1574668 kB
Buffers:           30256 kB
Cached:           339088 kB
MemTotal:        1844596 kB
MemFree:         1332128 kB
MemAvailable:    1571128 kB
Buffers:           30256 kB
Cached:           339088 kB
MemTotal:        1844596 kB
MemFree:         1331872 kB
MemAvailable:    1570872 kB
Buffers:           30256 kB
Cached:           339088 kB
MemTotal:        1844596 kB
MemFree:         1326672 kB
MemAvailable:    1565672 kB
Buffers:           30256 kB
Cached:           339088 kB
MemTotal:        1844596 kB
MemFree:         1324440 kB
MemAvailable:    1563440 kB
Buffers:           30256 kB
Cached:           339088 kB
MemTotal:        1844596 kB
MemFree:         1324236 kB
MemAvailable:    1563236 kB
Buffers:           30256 kB
Cached:           339088 kB
MemTotal:        1844596 kB
MemFree:         1324272 kB
MemAvailable:    1563272 kB
Buffers:           30256 kB
Cached:           339088 kB
MemTotal:        1844596 kB
MemFree:         1325444 kB
MemAvailable:    1564444 kB
Buffers:           30256 kB
Cached:           339088 kB
MemTotal:        1844596 kB
MemFree:         1325356 kB
MemAvailable:    1564356 kB
Buffers:           30256 kB
Cached:           339088 kB
MemTotal:        1844596 kB
MemFree:         1324048 kB
MemAvailable:    1563048 kB
Buffers:           30256 kB
Cached:           339088 kB
MemTotal:        1844596 kB
MemFree:         1324048 kB
MemAvailable:    1563048 kB
Buffers:           30256 kB
Cached:           339088 kB
MemTotal:        1844596 kB
MemFree:         1324040 kB
MemAvailable:    1563040 kB
Buffers:           30256 kB
Cached:           339088 kB
MemTotal:        1844596 kB
MemFree:         1325244 kB
MemAvailable:    1564244 kB
Buffers:           30256 kB
Cached:           339088 kB
MemTotal:        1844596 kB
MemFree:         1323820 kB
MemAvailable:    1562820 kB
Buffers:           30256 kB
Cached:           339088 kB
MemTotal:        1844596 kB
MemFree:         1324636 kB
MemAvailable:    1563636 kB
Buffers:           30256 kB
Cached:           339088 kB
MemTotal:        1844596 kB
MemFree:         1324732 kB
MemAvailable:    1563732 kB
Buffers:           30256 kB
Cached:           339088 kB
MemTotal:        1844596 kB
MemFree:         1323820 kB
MemAvailable:    1562820 kB
Buffers:           30256 kB
Cached:           339088 kB
MemTotal:        1844596 kB
MemFree:         1324412 kB
MemAvailable:    1563412 kB
Buffers:           30256 kB
Cached:           339088 kB
MemTotal:        1844596 kB
MemFree:         1324636 kB
MemAvailable:    1563636 kB
Buffers:           30256 kB
Cached:           339088 kB
MemTotal:        1844596 kB
MemFree:         1323928 kB
MemAvailable:    1562928 kB
Buffers:           30256 kB
Cached:           339088 kB
MemTotal:        1844596 kB
MemFree:         1323696 kB
MemAvailable:    1562696 kB
Buffers:           30256 kB
Cached:           339088 kB
MemTotal:        1844596 kB
MemFree:         1323808 kB
MemAvailable:    1562808 kB
Buffers:           30256 kB
Cached:           339088 kB
MemTotal:        1844596 kB
MemFree:         1322684 kB
MemAvailable:    1561684 kB
Buffers:           30256 kB
Cached:           339088 kB
MemTotal:        1844596 kB
MemFree:         1323736 kB
MemAvailable:    1562736 kB
Buffers:           30256 kB
Cached:           339088 kB
MemTotal:        1844596 kB
MemFree:         1322580 kB
MemAvailable:    1561580 kB
Buffers:           30256 kB
Cached:           339088 kB
MemTotal:        1844596 kB
MemFree:         1323192 kB
MemAvailable:    1562192 kB
Buffers:           30256 kB
Cached:           339088 kB
MemTotal:        1844596 kB
MemFree:         1322448 kB
MemAvailable:    1561448 kB
Buffers:           30256 kB
Cached:           339088 kB
MemTotal:        1844596 kB
MemFree:         1322448 kB
MemAvailable:    1561448 kB
Buffers:           30256 kB
Cached:           339088 kB
MemTotal:        1844596 kB
MemFree:         1322372 kB
MemAvailable:    1561372 kB
Buffers:           30256 kB
Cached:           339088 kB
MemTotal:        1844596 kB
MemFree:         1322332 kB
MemAvailable:    1561332 kB
Buffers:           30256 kB
Cached:           339088 kB
MemTotal:        1844596 kB
MemFree:         1320900 kB
MemAvailable:    1559900 kB
Buffers:           30256 kB
Cached:           339088 kB
MemTotal:        1844596 kB
MemFree:         1322176 kB
MemAvailable:    1561176 kB
Buffers:           30256 kB
Cached:           339088 kB
MemTotal:        1844596 kB
MemFree:         1322176 kB
MemAvailable:    1561176 kB
Buffers:           30256 kB
Cached:           339088 kB
MemTotal:        1844596 kB
MemFree:         1322232 kB
MemAvailable:    1561232 kB
Buffers:           30256 kB
Cached:           339088 kB
MemTotal:        1844596 kB
MemFree:         1322076 kB
MemAvailable:    1561076 kB
Buffers:           30256 kB
Cached:           339088 kB
MemTotal:        1844596 kB
MemFree:         1323676 kB
MemAvailable:    1562676 kB
Buffers:           30256 kB
Cached:           339088 kB
MemTotal:        1844596 kB
MemFree:         1323260 kB
MemAvailable:    1562260 kB
Buffers:           30256 kB
Cached:           339088 kB
MemTotal:        1844596 kB
MemFree:         1320968 kB
MemAvailable:    1559968 kB
Buffers:           30256 kB
Cached:           339088 kB
MemTotal:        1844596 kB
MemFree:         1318472 kB
MemAvailable:    1557472 kB
Buffers:           30256 kB
Cached:           339088 kB
MemTotal:        1844596 kB
MemFree:         1318808 kB
MemAvailable:    1557808 kB
Buffers:           30256 kB
Cached:           339088 kB
MemTotal:        1844596 kB
MemFree:         1318340 kB
MemAvailable:    1557340 kB
Buffers:           30256 kB
Cached:           339088 kB
MemTotal:        1844596 kB
MemFree:         1316852 kB
MemAvailable:    1555852 kB
Buffers:           30256 kB
Cached:           339088 kB
MemTotal:        1844596 kB
MemFree:         1318212 kB
MemAvailable:    1557212 kB
Buffers:           30256 kB
Cached:           339088 kB
MemTotal:        1844596 kB
MemFree:         1317876 kB
MemAvailable:    1556876 kB
Buffers:           30256 kB
Cached:           339088 kB
MemTotal:        1844596 kB
MemFree:         1317976 kB
MemAvailable:    1556976 kB
Buffers:           30256 kB
Cached:           339088 kB
MemTotal:        1844596 kB
MemFree:         1318232 kB
MemAvailable:    1557232 kB
Buffers:           30256 kB
Cached:           339088 kB
MemTotal:        1844596 kB
MemFree:         1316852 kB
MemAvailable:    1555852 kB
Buffers:           30256 kB
Cached:           339088 kB
MemTotal:        1844596 kB
MemFree:         1316496 kB
MemAvailable:    1555496 kB
Buffers:           30256 kB
Cached:           339088 kB
MemTotal:        1844596 kB
MemFree:         1318036 kB
MemAvailable:    1557036 kB
Buffers:           30256 kB
Cached:           339088 kB
MemTotal:        1844596 kB
MemFree:         1317684 kB
MemAvailable:    1556684 kB
Buffers:           30256 kB
Cached:           339088 kB
MemTotal:        1844596 kB
MemFree:         1317940 kB
MemAvailable:    1556940 kB
Buffers:           30256 kB
Cached:           339088 kB
MemTotal:        1844596 kB
MemFree:         1317912 kB
MemAvailable:    1556912 kB
Buffers:           30256 kB
Cached:           339088 kB
MemTotal:        1844596 kB
MemFree:         1317124 kB
MemAvailable:    1556124 kB
Buffers:           30256 kB
Cached:           339088 kB
MemTotal:        1844596 kB
MemFree:         1317668 kB
MemAvailable:    1556668 kB
Buffers:           30256 kB
Cached:           339088 kB
MemTotal:        1844596 kB
MemFree:         1316608 kB
MemAvailable:    1555608 kB
Buffers:           30256 kB
Cached:           339088 kB
MemTotal:        1844596 kB
MemFree:         1314876 kB
MemAvailable:    1553876 kB
Buffers:           30256 kB
Cached:           339088 kB
MemTotal:        1844596 kB
MemFree:         1314960 kB
MemAvailable:    1553960 kB
Buffers:           30256 kB
Cached:           339088 kB
MemTotal:        1844596 kB
MemFree:         1310792 kB
MemAvailable:    1549792 kB
Buffers:           30256 kB
Cached:           339088 kB
MemTotal:        1844596 kB
MemFree:         1310792 kB
MemAvailable:    1549792 kB
Buffers:           30256 kB
Cached:           339088 kB
MemTotal:        1844596 kB
MemFree:         1311464 kB
MemAvailable:    1550464 kB
Buffers:           30256 kB
Cached:           339088 kB
MemTotal:        1844596 kB
MemFree:         1311296 kB
MemAvailable:    1550296 kB
Buffers:           30256 kB
Cached:           339088 kB
MemTotal:        1844596 kB
MemFree:         1310180 kB
MemAvailable:    1549188 kB
Buffers:           30256 kB
Cached:           339096 kB
MemTotal:        1844596 kB
MemFree:         1309984 kB
MemAvailable:    1548992 kB
Buffers:           30256 kB
Cached:           339096 kB
MemTotal:        1844596 kB
MemFree:         1309372 kB
MemAvailable:    1548380 kB
Buffers:           30256 kB
Cached:           339096 kB
MemTotal:        1844596 kB
MemFree:         1309324 kB
MemAvailable:    1548332 kB
Buffers:           30256 kB
Cached:           339096 kB
MemTotal:        1844596 kB
MemFree:         1308196 kB
MemAvailable:    1547204 kB
Buffers:           30256 kB
Cached:           339096 kB
MemTotal:        1844596 kB
MemFree:         1309120 kB
MemAvailable:    1548128 kB
Buffers:           30256 kB
Cached:           339096 kB
MemTotal:        1844596 kB
MemFree:         1309120 kB
MemAvailable:    1548128 kB
Buffers:           30256 kB
Cached:           339096 kB
MemTotal:        1844596 kB
MemFree:         1309000 kB
MemAvailable:    1548008 kB
Buffers:           30256 kB
Cached:           339096 kB
MemTotal:        1844596 kB
MemFree:         1309256 kB
MemAvailable:    1548264 kB
Buffers:           30256 kB
Cached:           339096 kB
MemTotal:        1844596 kB
MemFree:         1307876 kB
MemAvailable:    1546884 kB
Buffers:           30256 kB
Cached:           339096 kB
MemTotal:        1844596 kB
MemFree:         1308732 kB
MemAvailable:    1547740 kB
Buffers:           30256 kB
Cached:           339096 kB
MemTotal:        1844596 kB
MemFree:         1308984 kB
MemAvailable:    1547992 kB
Buffers:           30256 kB
Cached:           339096 kB
MemTotal:        1844596 kB
MemFree:         1309112 kB
MemAvailable:    1548120 kB
Buffers:           30256 kB
Cached:           339096 kB
MemTotal:        1844596 kB
MemFree:         1307764 kB
MemAvailable:    1546772 kB
Buffers:           30256 kB
Cached:           339096 kB
MemTotal:        1844596 kB
MemFree:         1307756 kB
MemAvailable:    1546764 kB
Buffers:           30256 kB
Cached:           339096 kB
MemTotal:        1844596 kB
MemFree:         1309100 kB
MemAvailable:    1548108 kB
Buffers:           30256 kB
Cached:           339096 kB
MemTotal:        1844596 kB
MemFree:         1308908 kB
MemAvailable:    1547916 kB
Buffers:           30256 kB
Cached:           339096 kB
MemTotal:        1844596 kB
MemFree:         1308072 kB
MemAvailable:    1547080 kB
Buffers:           30256 kB
Cached:           339096 kB
MemTotal:        1844596 kB
MemFree:         1308540 kB
MemAvailable:    1547548 kB
Buffers:           30256 kB
Cached:           339096 kB
MemTotal:        1844596 kB
MemFree:         1308876 kB
MemAvailable:    1547884 kB
Buffers:           30256 kB
Cached:           339096 kB
MemTotal:        1844596 kB
MemFree:         1307424 kB
MemAvailable:    1546432 kB
Buffers:           30256 kB
Cached:           339096 kB
MemTotal:        1844596 kB
MemFree:         1308624 kB
MemAvailable:    1547632 kB
Buffers:           30256 kB
Cached:           339096 kB
MemTotal:        1844596 kB
MemFree:         1308876 kB
MemAvailable:    1547884 kB
Buffers:           30256 kB
Cached:           339096 kB
MemTotal:        1844596 kB
MemFree:         1308560 kB
MemAvailable:    1547568 kB
Buffers:           30256 kB
Cached:           339096 kB
MemTotal:        1844596 kB
MemFree:         1307440 kB
MemAvailable:    1546448 kB
Buffers:           30256 kB
Cached:           339096 kB
MemTotal:        1844596 kB
MemFree:         1305840 kB
MemAvailable:    1544848 kB
Buffers:           30256 kB
Cached:           339096 kB
MemTotal:        1844596 kB
MemFree:         1302616 kB
MemAvailable:    1541624 kB
Buffers:           30256 kB
Cached:           339096 kB
MemTotal:        1844596 kB
MemFree:         1301244 kB
MemAvailable:    1540252 kB
Buffers:           30256 kB
Cached:           339096 kB
MemTotal:        1844596 kB
MemFree:         1300624 kB
MemAvailable:    1539632 kB
Buffers:           30256 kB
Cached:           339096 kB
MemTotal:        1844596 kB
MemFree:         1300880 kB
MemAvailable:    1539888 kB
Buffers:           30256 kB
Cached:           339096 kB
MemTotal:        1844596 kB
MemFree:         1299376 kB
MemAvailable:    1538384 kB
Buffers:           30256 kB
Cached:           339096 kB
MemTotal:        1844596 kB
MemFree:         1300608 kB
MemAvailable:    1539616 kB
Buffers:           30256 kB
Cached:           339096 kB
MemTotal:        1844596 kB
MemFree:         1299252 kB
MemAvailable:    1538260 kB
Buffers:           30256 kB
Cached:           339096 kB
MemTotal:        1844596 kB
MemFree:         1300128 kB
MemAvailable:    1539136 kB
Buffers:           30256 kB
Cached:           339096 kB
MemTotal:        1844596 kB
MemFree:         1300212 kB
MemAvailable:    1539220 kB
Buffers:           30264 kB
Cached:           339088 kB
MemTotal:        1844596 kB
MemFree:         1299948 kB
MemAvailable:    1538956 kB
Buffers:           30268 kB
Cached:           339084 kB
MemTotal:        1844596 kB
MemFree:         1300012 kB
MemAvailable:    1539020 kB
Buffers:           30268 kB
Cached:           339084 kB
MemTotal:        1844596 kB
MemFree:         1299860 kB
MemAvailable:    1538868 kB
Buffers:           30268 kB
Cached:           339084 kB
MemTotal:        1844596 kB
MemFree:         1300196 kB
MemAvailable:    1539204 kB
Buffers:           30268 kB
Cached:           339084 kB
MemTotal:        1844596 kB
MemFree:         1298828 kB
MemAvailable:    1537836 kB
Buffers:           30268 kB
Cached:           339084 kB
MemTotal:        1844596 kB
MemFree:         1299880 kB
MemAvailable:    1538888 kB
Buffers:           30268 kB
Cached:           339084 kB
MemTotal:        1844596 kB
MemFree:         1300044 kB
MemAvailable:    1539052 kB
Buffers:           30268 kB
Cached:           339084 kB
MemTotal:        1844596 kB
MemFree:         1300072 kB
MemAvailable:    1539080 kB
Buffers:           30268 kB
Cached:           339084 kB
MemTotal:        1844596 kB
MemFree:         1298972 kB
MemAvailable:    1537980 kB
Buffers:           30268 kB
Cached:           339084 kB
MemTotal:        1844596 kB
MemFree:         1300024 kB
MemAvailable:    1539032 kB
Buffers:           30268 kB
Cached:           339084 kB
MemTotal:        1844596 kB
MemFree:         1299952 kB
MemAvailable:    1538960 kB
Buffers:           30268 kB
Cached:           339084 kB
MemTotal:        1844596 kB
MemFree:         1299952 kB
MemAvailable:    1538960 kB
Buffers:           30268 kB
Cached:           339084 kB
MemTotal:        1844596 kB
MemFree:         1299996 kB
MemAvailable:    1539004 kB
Buffers:           30268 kB
Cached:           339084 kB
MemTotal:        1844596 kB
MemFree:         1300136 kB
MemAvailable:    1539144 kB
Buffers:           30268 kB
Cached:           339084 kB
MemTotal:        1844596 kB
MemFree:         1300184 kB
MemAvailable:    1539192 kB
Buffers:           30268 kB
Cached:           339084 kB
MemTotal:        1844596 kB
MemFree:         1298828 kB
MemAvailable:    1537836 kB
Buffers:           30268 kB
Cached:           339084 kB
MemTotal:        1844596 kB
MemFree:         1298704 kB
MemAvailable:    1537712 kB
Buffers:           30268 kB
Cached:           339084 kB
MemTotal:        1844596 kB
MemFree:         1299948 kB
MemAvailable:    1538956 kB
Buffers:           30268 kB
Cached:           339084 kB
MemTotal:        1844596 kB
MemFree:         1300012 kB
MemAvailable:    1539020 kB
Buffers:           30268 kB
Cached:           339084 kB
MemTotal:        1844596 kB
MemFree:         1299020 kB
MemAvailable:    1538028 kB
Buffers:           30268 kB
Cached:           339084 kB
MemTotal:        1844596 kB
MemFree:         1300096 kB
MemAvailable:    1539104 kB
Buffers:           30268 kB
Cached:           339084 kB
MemTotal:        1844596 kB
MemFree:         1298896 kB
MemAvailable:    1537904 kB
Buffers:           30268 kB
Cached:           339084 kB
MemTotal:        1844596 kB
MemFree:         1298524 kB
MemAvailable:    1537532 kB
Buffers:           30268 kB
Cached:           339084 kB
MemTotal:        1844596 kB
MemFree:         1295052 kB
MemAvailable:    1534060 kB
Buffers:           30268 kB
Cached:           339084 kB
MemTotal:        1844596 kB
MemFree:         1292872 kB
MemAvailable:    1531880 kB
Buffers:           30268 kB
Cached:           339084 kB
MemTotal:        1844596 kB
MemFree:         1290464 kB
MemAvailable:    1529472 kB
Buffers:           30268 kB
Cached:           339084 kB
MemTotal:        1844596 kB
MemFree:         1291020 kB
MemAvailable:    1530028 kB
Buffers:           30268 kB
Cached:           339084 kB
MemTotal:        1844596 kB
MemFree:         1290888 kB
MemAvailable:    1529896 kB
Buffers:           30268 kB
Cached:           339084 kB
MemTotal:        1844596 kB
MemFree:         1289968 kB
MemAvailable:    1528976 kB
Buffers:           30268 kB
Cached:           339084 kB
MemTotal:        1844596 kB
MemFree:         1290636 kB
MemAvailable:    1529644 kB
Buffers:           30268 kB
Cached:           339084 kB
MemTotal:        1844596 kB
MemFree:         1290028 kB
MemAvailable:    1529036 kB
Buffers:           30268 kB
Cached:           339084 kB
MemTotal:        1844596 kB
MemFree:         1288356 kB
MemAvailable:    1527364 kB
Buffers:           30268 kB
Cached:           339084 kB
MemTotal:        1844596 kB
MemFree:         1289044 kB
MemAvailable:    1528052 kB
Buffers:           30268 kB
Cached:           339084 kB
MemTotal:        1844596 kB
MemFree:         1288664 kB
MemAvailable:    1527672 kB
Buffers:           30268 kB
Cached:           339084 kB
MemTotal:        1844596 kB
MemFree:         1288472 kB
MemAvailable:    1527480 kB
Buffers:           30268 kB
Cached:           339084 kB
MemTotal:        1844596 kB
MemFree:         1287232 kB
MemAvailable:    1526240 kB
Buffers:           30268 kB
Cached:           339084 kB
MemTotal:        1844596 kB
MemFree:         1288080 kB
MemAvailable:    1527088 kB
Buffers:           30268 kB
Cached:           339084 kB
MemTotal:        1844596 kB
MemFree:         1288272 kB
MemAvailable:    1527280 kB
Buffers:           30268 kB
Cached:           339084 kB
MemTotal:        1844596 kB
MemFree:         1286828 kB
MemAvailable:    1525836 kB
Buffers:           30268 kB
Cached:           339084 kB
MemTotal:        1844596 kB
MemFree:         1287076 kB
MemAvailable:    1526084 kB
Buffers:           30268 kB
Cached:           339084 kB
MemTotal:        1844596 kB
MemFree:         1287044 kB
MemAvailable:    1526052 kB
Buffers:           30268 kB
Cached:           339084 kB
MemTotal:        1844596 kB
MemFree:         1288268 kB
MemAvailable:    1527276 kB
Buffers:           30268 kB
Cached:           339084 kB
MemTotal:        1844596 kB
MemFree:         1287028 kB
MemAvailable:    1526036 kB
Buffers:           30268 kB
Cached:           339084 kB
MemTotal:        1844596 kB
MemFree:         1288088 kB
MemAvailable:    1527096 kB
Buffers:           30268 kB
Cached:           339084 kB
MemTotal:        1844596 kB
MemFree:         1288128 kB
MemAvailable:    1527156 kB
Buffers:           30268 kB
Cached:           339104 kB
MemTotal:        1844596 kB
MemFree:         1287116 kB
MemAvailable:    1526144 kB
Buffers:           30268 kB
Cached:           339104 kB
MemTotal:        1844596 kB
MemFree:         1286992 kB
MemAvailable:    1526020 kB
Buffers:           30268 kB
Cached:           339104 kB
MemTotal:        1844596 kB
MemFree:         1288292 kB
MemAvailable:    1527320 kB
Buffers:           30268 kB
Cached:           339104 kB
MemTotal:        1844596 kB
MemFree:         1288160 kB
MemAvailable:    1527188 kB
Buffers:           30268 kB
Cached:           339104 kB
MemTotal:        1844596 kB
MemFree:         1286936 kB
MemAvailable:    1525964 kB
Buffers:           30268 kB
Cached:           339104 kB
MemTotal:        1844596 kB
MemFree:         1287096 kB
MemAvailable:    1526124 kB
Buffers:           30268 kB
Cached:           339104 kB
MemTotal:        1844596 kB
MemFree:         1286972 kB
MemAvailable:    1526000 kB
Buffers:           30268 kB
Cached:           339104 kB
MemTotal:        1844596 kB
MemFree:         1288272 kB
MemAvailable:    1527300 kB
Buffers:           30268 kB
Cached:           339104 kB
MemTotal:        1844596 kB
MemFree:         1288068 kB
MemAvailable:    1527096 kB
Buffers:           30268 kB
Cached:           339104 kB
MemTotal:        1844596 kB
MemFree:         1288260 kB
MemAvailable:    1527288 kB
Buffers:           30268 kB
Cached:           339104 kB
MemTotal:        1844596 kB
MemFree:         1287924 kB
MemAvailable:    1526952 kB
Buffers:           30268 kB
Cached:           339104 kB
MemTotal:        1844596 kB
MemFree:         1288092 kB
MemAvailable:    1527120 kB
Buffers:           30268 kB
Cached:           339104 kB
MemTotal:        1844596 kB
MemFree:         1286860 kB
MemAvailable:    1525888 kB
Buffers:           30268 kB
Cached:           339104 kB
MemTotal:        1844596 kB
MemFree:         1287480 kB
MemAvailable:    1526508 kB
Buffers:           30268 kB
Cached:           339104 kB
MemTotal:        1844596 kB
MemFree:         1287948 kB
MemAvailable:    1526976 kB
Buffers:           30268 kB
Cached:           339104 kB
MemTotal:        1844596 kB
MemFree:         1288284 kB
MemAvailable:    1527312 kB
Buffers:           30268 kB
Cached:           339104 kB
MemTotal:        1844596 kB
MemFree:         1286708 kB
MemAvailable:    1525736 kB
Buffers:           30268 kB
Cached:           339104 kB
MemTotal:        1844596 kB
MemFree:         1288224 kB
MemAvailable:    1527252 kB
Buffers:           30268 kB
Cached:           339104 kB
MemTotal:        1844596 kB
MemFree:         1287364 kB
MemAvailable:    1526392 kB
Buffers:           30268 kB
Cached:           339104 kB
MemTotal:        1844596 kB
MemFree:         1287060 kB
MemAvailable:    1526088 kB
Buffers:           30268 kB
Cached:           339104 kB
MemTotal:        1844596 kB
MemFree:         1288088 kB
MemAvailable:    1527116 kB
Buffers:           30268 kB
Cached:           339104 kB
MemTotal:        1844596 kB
MemFree:         1288340 kB
MemAvailable:    1527368 kB
Buffers:           30268 kB
Cached:           339104 kB
MemTotal:        1844596 kB
MemFree:         1288240 kB
MemAvailable:    1527268 kB
Buffers:           30268 kB
Cached:           339104 kB
MemTotal:        1844596 kB
MemFree:         1286856 kB
MemAvailable:    1525884 kB
Buffers:           30268 kB
Cached:           339104 kB
MemTotal:        1844596 kB
MemFree:         1286980 kB
MemAvailable:    1526008 kB
Buffers:           30268 kB
Cached:           339104 kB
MemTotal:        1844596 kB
MemFree:         1288280 kB
MemAvailable:    1527308 kB
Buffers:           30268 kB
Cached:           339104 kB
MemTotal:        1844596 kB
MemFree:         1288040 kB
MemAvailable:    1527068 kB
Buffers:           30268 kB
Cached:           339104 kB
MemTotal:        1844596 kB
MemFree:         1288040 kB
MemAvailable:    1527068 kB
Buffers:           30268 kB
Cached:           339104 kB
MemTotal:        1844596 kB
MemFree:         1286812 kB
MemAvailable:    1525840 kB
Buffers:           30268 kB
Cached:           339104 kB
MemTotal:        1844596 kB
MemFree:         1287496 kB
MemAvailable:    1526524 kB
Buffers:           30268 kB
Cached:           339104 kB
MemTotal:        1844596 kB
MemFree:         1288356 kB
MemAvailable:    1527384 kB
Buffers:           30268 kB
Cached:           339104 kB
MemTotal:        1844596 kB
MemFree:         1288084 kB
MemAvailable:    1527112 kB
Buffers:           30268 kB
Cached:           339104 kB
MemTotal:        1844596 kB
MemFree:         1288420 kB
MemAvailable:    1527448 kB
Buffers:           30268 kB
Cached:           339104 kB
MemTotal:        1844596 kB
MemFree:         1288152 kB
MemAvailable:    1527180 kB
Buffers:           30268 kB
Cached:           339104 kB
MemTotal:        1844596 kB
MemFree:         1286976 kB
MemAvailable:    1526004 kB
Buffers:           30268 kB
Cached:           339104 kB
MemTotal:        1844596 kB
MemFree:         1288200 kB
MemAvailable:    1527228 kB
Buffers:           30268 kB
Cached:           339104 kB
MemTotal:        1844596 kB
MemFree:         1287904 kB
MemAvailable:    1526932 kB
Buffers:           30268 kB
Cached:           339104 kB
MemTotal:        1844596 kB
MemFree:         1288156 kB
MemAvailable:    1527184 kB
Buffers:           30268 kB
Cached:           339104 kB
MemTotal:        1844596 kB
MemFree:         1287936 kB
MemAvailable:    1526964 kB
Buffers:           30268 kB
Cached:           339104 kB
MemTotal:        1844596 kB
MemFree:         1287936 kB
MemAvailable:    1526964 kB
Buffers:           30268 kB
Cached:           339104 kB
MemTotal:        1844596 kB
MemFree:         1287788 kB
MemAvailable:    1526816 kB
Buffers:           30268 kB
Cached:           339104 kB
MemTotal:        1844596 kB
MemFree:         1287956 kB
MemAvailable:    1526984 kB
Buffers:           30268 kB
Cached:           339104 kB
MemTotal:        1844596 kB
MemFree:         1287664 kB
MemAvailable:    1526692 kB
Buffers:           30268 kB
Cached:           339104 kB
MemTotal:        1844596 kB
MemFree:         1287916 kB
MemAvailable:    1526944 kB
Buffers:           30268 kB
Cached:           339104 kB
MemTotal:        1844596 kB
MemFree:         1287576 kB
MemAvailable:    1526604 kB
Buffers:           30268 kB
Cached:           339104 kB
MemTotal:        1844596 kB
MemFree:         1287660 kB
MemAvailable:    1526688 kB
Buffers:           30268 kB
Cached:           339104 kB
MemTotal:        1844596 kB
MemFree:         1287640 kB
MemAvailable:    1526668 kB
Buffers:           30268 kB
Cached:           339104 kB
MemTotal:        1844596 kB
MemFree:         1286736 kB
MemAvailable:    1525764 kB
Buffers:           30268 kB
Cached:           339104 kB
MemTotal:        1844596 kB
MemFree:         1287420 kB
MemAvailable:    1526448 kB
Buffers:           30268 kB
Cached:           339104 kB
MemTotal:        1844596 kB
MemFree:         1287420 kB
MemAvailable:    1526448 kB
Buffers:           30268 kB
Cached:           339104 kB
MemTotal:        1844596 kB
MemFree:         1286192 kB
MemAvailable:    1525220 kB
Buffers:           30268 kB
Cached:           339104 kB
MemTotal:        1844596 kB
MemFree:         1287428 kB
MemAvailable:    1526456 kB
Buffers:           30268 kB
Cached:           339104 kB
MemTotal:        1844596 kB
MemFree:         1287680 kB
MemAvailable:    1526708 kB
Buffers:           30268 kB
Cached:           339104 kB
MemTotal:        1844596 kB
MemFree:         1287480 kB
MemAvailable:    1526508 kB
Buffers:           30268 kB
Cached:           339104 kB
MemTotal:        1844596 kB
MemFree:         1286372 kB
MemAvailable:    1525400 kB
Buffers:           30268 kB
Cached:           339104 kB
MemTotal:        1844596 kB
MemFree:         1286976 kB
MemAvailable:    1526004 kB
Buffers:           30268 kB
Cached:           339104 kB
MemTotal:        1844596 kB
MemFree:         1285944 kB
MemAvailable:    1524972 kB
Buffers:           30268 kB
Cached:           339104 kB
MemTotal:        1844596 kB
MemFree:         1285936 kB
MemAvailable:    1524964 kB
Buffers:           30268 kB
Cached:           339104 kB
MemTotal:        1844596 kB
MemFree:         1285972 kB
MemAvailable:    1525000 kB
Buffers:           30268 kB
Cached:           339104 kB
MemTotal:        1844596 kB
MemFree:         1287204 kB
MemAvailable:    1526232 kB
Buffers:           30268 kB
Cached:           339104 kB
MemTotal:        1844596 kB
MemFree:         1287100 kB
MemAvailable:    1526128 kB
Buffers:           30268 kB
Cached:           339104 kB
MemTotal:        1844596 kB
MemFree:         1286372 kB
MemAvailable:    1525400 kB
Buffers:           30268 kB
Cached:           339104 kB
MemTotal:        1844596 kB
MemFree:         1287104 kB
MemAvailable:    1526132 kB
Buffers:           30268 kB
Cached:           339104 kB
MemTotal:        1844596 kB
MemFree:         1286372 kB
MemAvailable:    1525400 kB
Buffers:           30268 kB
Cached:           339104 kB
MemTotal:        1844596 kB
MemFree:         1287104 kB
MemAvailable:    1526132 kB
Buffers:           30268 kB
Cached:           339104 kB
MemTotal:        1844596 kB
MemFree:         1285940 kB
MemAvailable:    1524968 kB
Buffers:           30268 kB
Cached:           339104 kB
MemTotal:        1844596 kB
MemFree:         1287368 kB
MemAvailable:    1526396 kB
Buffers:           30268 kB
Cached:           339104 kB
MemTotal:        1844596 kB
MemFree:         1285868 kB
MemAvailable:    1524896 kB
Buffers:           30268 kB
Cached:           339104 kB
MemTotal:        1844596 kB
MemFree:         1286112 kB
MemAvailable:    1525140 kB
Buffers:           30268 kB
Cached:           339104 kB
MemTotal:        1844596 kB
MemFree:         1285864 kB
MemAvailable:    1524892 kB
Buffers:           30268 kB
Cached:           339104 kB
MemTotal:        1844596 kB
MemFree:         1285936 kB
MemAvailable:    1524964 kB
Buffers:           30268 kB
Cached:           339104 kB
MemTotal:        1844596 kB
MemFree:         1284884 kB
MemAvailable:    1523912 kB
Buffers:           30268 kB
Cached:           339104 kB
MemTotal:        1844596 kB
MemFree:         1281156 kB
MemAvailable:    1520184 kB
Buffers:           30268 kB
Cached:           339104 kB
MemTotal:        1844596 kB
MemFree:         1277876 kB
MemAvailable:    1516904 kB
Buffers:           30268 kB
Cached:           339104 kB
MemTotal:        1844596 kB
MemFree:         1276824 kB
MemAvailable:    1515852 kB
Buffers:           30268 kB
Cached:           339104 kB
MemTotal:        1844596 kB
MemFree:         1275320 kB
MemAvailable:    1514348 kB
Buffers:           30268 kB
Cached:           339104 kB
MemTotal:        1844596 kB
MemFree:         1276196 kB
MemAvailable:    1515224 kB
Buffers:           30268 kB
Cached:           339104 kB
MemTotal:        1844596 kB
MemFree:         1276196 kB
MemAvailable:    1515232 kB
Buffers:           30268 kB
Cached:           339112 kB
MemTotal:        1844596 kB
MemFree:         1275900 kB
MemAvailable:    1514936 kB
Buffers:           30268 kB
Cached:           339112 kB
MemTotal:        1844596 kB
MemFree:         1276016 kB
MemAvailable:    1515056 kB
Buffers:           30268 kB
Cached:           339116 kB
MemTotal:        1844596 kB
MemFree:         1276016 kB
MemAvailable:    1515056 kB
Buffers:           30268 kB
Cached:           339116 kB
MemTotal:        1844596 kB
MemFree:         1275520 kB
MemAvailable:    1514560 kB
Buffers:           30268 kB
Cached:           339116 kB
MemTotal:        1844596 kB
MemFree:         1275328 kB
MemAvailable:    1514368 kB
Buffers:           30268 kB
Cached:           339116 kB
MemTotal:        1844596 kB
MemFree:         1273228 kB
MemAvailable:    1512268 kB
Buffers:           30268 kB
Cached:           339116 kB
MemTotal:        1844596 kB
MemFree:         1273104 kB
MemAvailable:    1512144 kB
Buffers:           30268 kB
Cached:           339116 kB
MemTotal:        1844596 kB
MemFree:         1273684 kB
MemAvailable:    1512724 kB
Buffers:           30268 kB
Cached:           339116 kB
MemTotal:        1844596 kB
MemFree:         1272484 kB
MemAvailable:    1511524 kB
Buffers:           30268 kB
Cached:           339116 kB
MemTotal:        1844596 kB
MemFree:         1273772 kB
MemAvailable:    1512812 kB
Buffers:           30268 kB
Cached:           339116 kB
MemTotal:        1844596 kB
MemFree:         1273568 kB
MemAvailable:    1512608 kB
Buffers:           30268 kB
Cached:           339116 kB
MemTotal:        1844596 kB
MemFree:         1273600 kB
MemAvailable:    1512640 kB
Buffers:           30268 kB
Cached:           339116 kB
MemTotal:        1844596 kB
MemFree:         1273772 kB
MemAvailable:    1512812 kB
Buffers:           30268 kB
Cached:           339116 kB
MemTotal:        1844596 kB
MemFree:         1273664 kB
MemAvailable:    1512704 kB
Buffers:           30268 kB
Cached:           339116 kB
MemTotal:        1844596 kB
MemFree:         1272464 kB
MemAvailable:    1511504 kB
Buffers:           30268 kB
Cached:           339116 kB
MemTotal:        1844596 kB
MemFree:         1272712 kB
MemAvailable:    1511752 kB
Buffers:           30268 kB
Cached:           339116 kB
MemTotal:        1844596 kB
MemFree:         1273764 kB
MemAvailable:    1512804 kB
Buffers:           30268 kB
Cached:           339116 kB
MemTotal:        1844596 kB
MemFree:         1273692 kB
MemAvailable:    1512732 kB
Buffers:           30268 kB
Cached:           339116 kB
MemTotal:        1844596 kB
MemFree:         1273776 kB
MemAvailable:    1512816 kB
Buffers:           30268 kB
Cached:           339116 kB
MemTotal:        1844596 kB
MemFree:         1273412 kB
MemAvailable:    1512452 kB
Buffers:           30268 kB
Cached:           339116 kB
MemTotal:        1844596 kB
MemFree:         1273668 kB
MemAvailable:    1512708 kB
Buffers:           30268 kB
Cached:           339116 kB
MemTotal:        1844596 kB
MemFree:         1272352 kB
MemAvailable:    1511392 kB
Buffers:           30268 kB
Cached:           339116 kB
MemTotal:        1844596 kB
MemFree:         1272848 kB
MemAvailable:    1511888 kB
Buffers:           30268 kB
Cached:           339116 kB
MemTotal:        1844596 kB
MemFree:         1273832 kB
MemAvailable:    1512872 kB
Buffers:           30268 kB
Cached:           339116 kB
MemTotal:        1844596 kB
MemFree:         1273916 kB
MemAvailable:    1512956 kB
Buffers:           30268 kB
Cached:           339116 kB
MemTotal:        1844596 kB
MemFree:         1273032 kB
MemAvailable:    1512072 kB
Buffers:           30268 kB
Cached:           339116 kB
MemTotal:        1844596 kB
MemFree:         1272544 kB
MemAvailable:    1511584 kB
Buffers:           30268 kB
Cached:           339116 kB
MemTotal:        1844596 kB
MemFree:         1271244 kB
MemAvailable:    1510284 kB
Buffers:           30268 kB
Cached:           339116 kB
MemTotal:        1844596 kB
MemFree:         1271992 kB
MemAvailable:    1511032 kB
Buffers:           30268 kB
Cached:           339116 kB
MemTotal:        1844596 kB
MemFree:         1270684 kB
MemAvailable:    1509724 kB
Buffers:           30268 kB
Cached:           339116 kB
MemTotal:        1844596 kB
MemFree:         1271736 kB
MemAvailable:    1510776 kB
Buffers:           30268 kB
Cached:           339116 kB
MemTotal:        1844596 kB
MemFree:         1271676 kB
MemAvailable:    1510716 kB
Buffers:           30268 kB
Cached:           339116 kB
MemTotal:        1844596 kB
MemFree:         1271544 kB
MemAvailable:    1510584 kB
Buffers:           30268 kB
Cached:           339116 kB
MemTotal:        1844596 kB
MemFree:         1270968 kB
MemAvailable:    1510008 kB
Buffers:           30268 kB
Cached:           339116 kB
MemTotal:        1844596 kB
MemFree:         1270692 kB
MemAvailable:    1509732 kB
Buffers:           30268 kB
Cached:           339116 kB
MemTotal:        1844596 kB
MemFree:         1269740 kB
MemAvailable:    1508780 kB
Buffers:           30268 kB
Cached:           339116 kB
MemTotal:        1844596 kB
MemFree:         1269740 kB
MemAvailable:    1508780 kB
Buffers:           30268 kB
Cached:           339116 kB
MemTotal:        1844596 kB
MemFree:         1269636 kB
MemAvailable:    1508676 kB
Buffers:           30268 kB
Cached:           339116 kB
MemTotal:        1844596 kB
MemFree:         1269632 kB
MemAvailable:    1508672 kB
Buffers:           30268 kB
Cached:           339116 kB
MemTotal:        1844596 kB
MemFree:         1268960 kB
MemAvailable:    1508000 kB
Buffers:           30268 kB
Cached:           339116 kB
MemTotal:        1844596 kB
MemFree:         1268756 kB
MemAvailable:    1507796 kB
Buffers:           30268 kB
Cached:           339116 kB
MemTotal:        1844596 kB
MemFree:         1269012 kB
MemAvailable:    1508052 kB
Buffers:           30268 kB
Cached:           339116 kB
MemTotal:        1844596 kB
MemFree:         1267508 kB
MemAvailable:    1506548 kB
Buffers:           30268 kB
Cached:           339116 kB
MemTotal:        1844596 kB
MemFree:         1267260 kB
MemAvailable:    1506300 kB
Buffers:           30268 kB
Cached:           339116 kB
MemTotal:        1844596 kB
MemFree:         1268492 kB
MemAvailable:    1507532 kB
Buffers:           30268 kB
Cached:           339116 kB
MemTotal:        1844596 kB
MemFree:         1268748 kB
MemAvailable:    1507788 kB
Buffers:           30268 kB
Cached:           339116 kB
MemTotal:        1844596 kB
MemFree:         1268536 kB
MemAvailable:    1507576 kB
Buffers:           30268 kB
Cached:           339116 kB
MemTotal:        1844596 kB
MemFree:         1268616 kB
MemAvailable:    1507656 kB
Buffers:           30268 kB
Cached:           339116 kB
MemTotal:        1844596 kB
MemFree:         1267648 kB
MemAvailable:    1506688 kB
Buffers:           30268 kB
Cached:           339116 kB
MemTotal:        1844596 kB
MemFree:         1268320 kB
MemAvailable:    1507360 kB
Buffers:           30268 kB
Cached:           339116 kB
MemTotal:        1844596 kB
MemFree:         1268132 kB
MemAvailable:    1507172 kB
Buffers:           30268 kB
Cached:           339116 kB
MemTotal:        1844596 kB
MemFree:         1268516 kB
MemAvailable:    1507556 kB
Buffers:           30268 kB
Cached:           339116 kB
MemTotal:        1844596 kB
MemFree:         1268332 kB
MemAvailable:    1507376 kB
Buffers:           30268 kB
Cached:           339120 kB
MemTotal:        1844596 kB
MemFree:         1268068 kB
MemAvailable:    1507112 kB
Buffers:           30268 kB
Cached:           339120 kB
MemTotal:        1844596 kB
MemFree:         1267376 kB
MemAvailable:    1506420 kB
Buffers:           30268 kB
Cached:           339120 kB
MemTotal:        1844596 kB
MemFree:         1266860 kB
MemAvailable:    1505904 kB
Buffers:           30268 kB
Cached:           339120 kB
MemTotal:        1844596 kB
MemFree:         1267116 kB
MemAvailable:    1506160 kB
Buffers:           30268 kB
Cached:           339120 kB
MemTotal:        1844596 kB
MemFree:         1268088 kB
MemAvailable:    1507132 kB
Buffers:           30268 kB
Cached:           339120 kB
MemTotal:        1844596 kB
MemFree:         1268424 kB
MemAvailable:    1507468 kB
Buffers:           30268 kB
Cached:           339120 kB
MemTotal:        1844596 kB
MemFree:         1266888 kB
MemAvailable:    1505932 kB
Buffers:           30268 kB
Cached:           339120 kB
MemTotal:        1844596 kB
MemFree:         1266892 kB
MemAvailable:    1505936 kB
Buffers:           30268 kB
Cached:           339120 kB
MemTotal:        1844596 kB
MemFree:         1266640 kB
MemAvailable:    1505684 kB
Buffers:           30268 kB
Cached:           339120 kB
MemTotal:        1844596 kB
MemFree:         1268156 kB
MemAvailable:    1507200 kB
Buffers:           30268 kB
Cached:           339120 kB
MemTotal:        1844596 kB
MemFree:         1267648 kB
MemAvailable:    1506692 kB
Buffers:           30268 kB
Cached:           339120 kB
MemTotal:        1844596 kB
MemFree:         1268440 kB
MemAvailable:    1507484 kB
Buffers:           30268 kB
Cached:           339120 kB
MemTotal:        1844596 kB
MemFree:         1268492 kB
MemAvailable:    1507536 kB
Buffers:           30268 kB
Cached:           339120 kB
MemTotal:        1844596 kB
MemFree:         1267376 kB
MemAvailable:    1506420 kB
Buffers:           30268 kB
Cached:           339120 kB
MemTotal:        1844596 kB
MemFree:         1268260 kB
MemAvailable:    1507304 kB
Buffers:           30268 kB
Cached:           339120 kB
MemTotal:        1844596 kB
MemFree:         1268260 kB
MemAvailable:    1507304 kB
Buffers:           30268 kB
Cached:           339120 kB
MemTotal:        1844596 kB
MemFree:         1266884 kB
MemAvailable:    1505928 kB
Buffers:           30268 kB
Cached:           339120 kB
MemTotal:        1844596 kB
MemFree:         1266036 kB
MemAvailable:    1505080 kB
Buffers:           30268 kB
Cached:           339120 kB
MemTotal:        1844596 kB
MemFree:         1267212 kB
MemAvailable:    1506256 kB
Buffers:           30268 kB
Cached:           339120 kB
MemTotal:        1844596 kB
MemFree:         1266956 kB
MemAvailable:    1506000 kB
Buffers:           30268 kB
Cached:           339120 kB
MemTotal:        1844596 kB
MemFree:         1267012 kB
MemAvailable:    1506056 kB
Buffers:           30268 kB
Cached:           339120 kB
MemTotal:        1844596 kB
MemFree:         1265352 kB
MemAvailable:    1504396 kB
Buffers:           30268 kB
Cached:           339120 kB
MemTotal:        1844596 kB
MemFree:         1263308 kB
MemAvailable:    1502352 kB
Buffers:           30268 kB
Cached:           339120 kB
MemTotal:        1844596 kB
MemFree:         1262192 kB
MemAvailable:    1501236 kB
Buffers:           30268 kB
Cached:           339120 kB
MemTotal:        1844596 kB
MemFree:         1258952 kB
MemAvailable:    1497996 kB
Buffers:           30268 kB
Cached:           339120 kB
MemTotal:        1844596 kB
MemFree:         1257232 kB
MemAvailable:    1496276 kB
Buffers:           30268 kB
Cached:           339120 kB
MemTotal:        1844596 kB
MemFree:         1254868 kB
MemAvailable:    1493912 kB
Buffers:           30268 kB
Cached:           339120 kB
MemTotal:        1844596 kB
MemFree:         1252272 kB
MemAvailable:    1491316 kB
Buffers:           30268 kB
Cached:           339120 kB
MemTotal:        1844596 kB
MemFree:         1249752 kB
MemAvailable:    1488796 kB
Buffers:           30268 kB
Cached:           339120 kB
MemTotal:        1844596 kB
MemFree:         1248668 kB
MemAvailable:    1487712 kB
Buffers:           30268 kB
Cached:           339120 kB
MemTotal:        1844596 kB
MemFree:         1249488 kB
MemAvailable:    1488540 kB
Buffers:           30268 kB
Cached:           339128 kB
MemTotal:        1844596 kB
MemFree:         1249572 kB
MemAvailable:    1488624 kB
Buffers:           30268 kB
Cached:           339128 kB
MemTotal:        1844596 kB
MemFree:         1249604 kB
MemAvailable:    1488656 kB
Buffers:           30268 kB
Cached:           339128 kB
MemTotal:        1844596 kB
MemFree:         1249496 kB
MemAvailable:    1488548 kB
Buffers:           30268 kB
Cached:           339128 kB
MemTotal:        1844596 kB
MemFree:         1248800 kB
MemAvailable:    1487852 kB
Buffers:           30268 kB
Cached:           339128 kB
MemTotal:        1844596 kB
MemFree:         1249424 kB
MemAvailable:    1488476 kB
Buffers:           30268 kB
Cached:           339128 kB
MemTotal:        1844596 kB
MemFree:         1249224 kB
MemAvailable:    1488276 kB
Buffers:           30268 kB
Cached:           339128 kB
MemTotal:        1844596 kB
MemFree:         1249308 kB
MemAvailable:    1488360 kB
Buffers:           30268 kB
Cached:           339128 kB
MemTotal:        1844596 kB
MemFree:         1249132 kB
MemAvailable:    1488184 kB
Buffers:           30268 kB
Cached:           339128 kB
MemTotal:        1844596 kB
MemFree:         1249384 kB
MemAvailable:    1488436 kB
Buffers:           30268 kB
Cached:           339128 kB
MemTotal:        1844596 kB
MemFree:         1249144 kB
MemAvailable:    1488196 kB
Buffers:           30268 kB
Cached:           339128 kB
MemTotal:        1844596 kB
MemFree:         1249144 kB
MemAvailable:    1488196 kB
Buffers:           30268 kB
Cached:           339128 kB
MemTotal:        1844596 kB
MemFree:         1248728 kB
MemAvailable:    1487780 kB
Buffers:           30268 kB
Cached:           339128 kB
MemTotal:        1844596 kB
MemFree:         1249064 kB
MemAvailable:    1488116 kB
Buffers:           30268 kB
Cached:           339128 kB
MemTotal:        1844596 kB
MemFree:         1247620 kB
MemAvailable:    1486672 kB
Buffers:           30268 kB
Cached:           339128 kB
MemTotal:        1844596 kB
MemFree:         1248612 kB
MemAvailable:    1487664 kB
Buffers:           30268 kB
Cached:           339128 kB
MemTotal:        1844596 kB
MemFree:         1248340 kB
MemAvailable:    1487392 kB
Buffers:           30268 kB
Cached:           339128 kB
MemTotal:        1844596 kB
MemFree:         1248340 kB
MemAvailable:    1487392 kB
Buffers:           30268 kB
Cached:           339128 kB
MemTotal:        1844596 kB
MemFree:         1248400 kB
MemAvailable:    1487452 kB
Buffers:           30268 kB
Cached:           339128 kB
MemTotal:        1844596 kB
MemFree:         1248652 kB
MemAvailable:    1487704 kB
Buffers:           30268 kB
Cached:           339128 kB
MemTotal:        1844596 kB
MemFree:         1248400 kB
MemAvailable:    1487452 kB
Buffers:           30268 kB
Cached:           339128 kB
MemTotal:        1844596 kB
MemFree:         1248736 kB
MemAvailable:    1487788 kB
Buffers:           30268 kB
Cached:           339128 kB
MemTotal:        1844596 kB
MemFree:         1248420 kB
MemAvailable:    1487472 kB
Buffers:           30268 kB
Cached:           339128 kB
MemTotal:        1844596 kB
MemFree:         1248420 kB
MemAvailable:    1487472 kB
Buffers:           30268 kB
Cached:           339128 kB
MemTotal:        1844596 kB
MemFree:         1248456 kB
MemAvailable:    1487508 kB
Buffers:           30268 kB
Cached:           339128 kB
MemTotal:        1844596 kB
MemFree:         1248628 kB
MemAvailable:    1487680 kB
Buffers:           30268 kB
Cached:           339128 kB
MemTotal:        1844596 kB
MemFree:         1248532 kB
MemAvailable:    1487584 kB
Buffers:           30268 kB
Cached:           339128 kB
MemTotal:        1844596 kB
MemFree:         1248560 kB
MemAvailable:    1487612 kB
Buffers:           30268 kB
Cached:           339128 kB
MemTotal:        1844596 kB
MemFree:         1248364 kB
MemAvailable:    1487416 kB
Buffers:           30268 kB
Cached:           339128 kB
MemTotal:        1844596 kB
MemFree:         1248616 kB
MemAvailable:    1487668 kB
Buffers:           30268 kB
Cached:           339128 kB
MemTotal:        1844596 kB
MemFree:         1247424 kB
MemAvailable:    1486476 kB
Buffers:           30268 kB
Cached:           339128 kB
MemTotal:        1844596 kB
MemFree:         1248608 kB
MemAvailable:    1487660 kB
Buffers:           30268 kB
Cached:           339128 kB
MemTotal:        1844596 kB
MemFree:         1248428 kB
MemAvailable:    1487480 kB
Buffers:           30268 kB
Cached:           339128 kB
MemTotal:        1844596 kB
MemFree:         1248612 kB
MemAvailable:    1487664 kB
Buffers:           30268 kB
Cached:           339128 kB
MemTotal:        1844596 kB
MemFree:         1248420 kB
MemAvailable:    1487472 kB
Buffers:           30268 kB
Cached:           339128 kB
MemTotal:        1844596 kB
MemFree:         1248756 kB
MemAvailable:    1487808 kB
Buffers:           30268 kB
Cached:           339128 kB
MemTotal:        1844596 kB
MemFree:         1248564 kB
MemAvailable:    1487616 kB
Buffers:           30268 kB
Cached:           339128 kB
MemTotal:        1844596 kB
MemFree:         1247300 kB
MemAvailable:    1486352 kB
Buffers:           30268 kB
Cached:           339128 kB
MemTotal:        1844596 kB
MemFree:         1248600 kB
MemAvailable:    1487652 kB
Buffers:           30268 kB
Cached:           339128 kB
MemTotal:        1844596 kB
MemFree:         1247800 kB
MemAvailable:    1486852 kB
Buffers:           30268 kB
Cached:           339128 kB
MemTotal:        1844596 kB
MemFree:         1248984 kB
MemAvailable:    1488036 kB
Buffers:           30268 kB
Cached:           339128 kB
MemTotal:        1844596 kB
MemFree:         1247808 kB
MemAvailable:    1486860 kB
Buffers:           30268 kB
Cached:           339128 kB
MemTotal:        1844596 kB
MemFree:         1246132 kB
MemAvailable:    1485184 kB
Buffers:           30268 kB
Cached:           339128 kB
MemTotal:        1844596 kB
MemFree:         1242848 kB
MemAvailable:    1481900 kB
Buffers:           30268 kB
Cached:           339128 kB
MemTotal:        1844596 kB
MemFree:         1241476 kB
MemAvailable:    1480528 kB
Buffers:           30268 kB
Cached:           339128 kB
MemTotal:        1844596 kB
MemFree:         1238244 kB
MemAvailable:    1477296 kB
Buffers:           30268 kB
Cached:           339128 kB
MemTotal:        1844596 kB
MemFree:         1238244 kB
MemAvailable:    1477296 kB
Buffers:           30268 kB
Cached:           339128 kB
MemTotal:        1844596 kB
MemFree:         1235780 kB
MemAvailable:    1474832 kB
Buffers:           30268 kB
Cached:           339128 kB
MemTotal:        1844596 kB
MemFree:         1232672 kB
MemAvailable:    1471724 kB
Buffers:           30268 kB
Cached:           339128 kB
MemTotal:        1844596 kB
MemFree:         1230796 kB
MemAvailable:    1469852 kB
Buffers:           30268 kB
Cached:           339132 kB
MemTotal:        1844596 kB
MemFree:         1230796 kB
MemAvailable:    1469852 kB
Buffers:           30268 kB
Cached:           339132 kB
MemTotal:        1844596 kB
MemFree:         1230944 kB
MemAvailable:    1470000 kB
Buffers:           30268 kB
Cached:           339132 kB
MemTotal:        1844596 kB
MemFree:         1230856 kB
MemAvailable:    1469912 kB
Buffers:           30268 kB
Cached:           339132 kB
MemTotal:        1844596 kB
MemFree:         1230748 kB
MemAvailable:    1469804 kB
Buffers:           30268 kB
Cached:           339132 kB
MemTotal:        1844596 kB
MemFree:         1230520 kB
MemAvailable:    1469576 kB
Buffers:           30268 kB
Cached:           339132 kB
MemTotal:        1844596 kB
MemFree:         1229504 kB
MemAvailable:    1468560 kB
Buffers:           30268 kB
Cached:           339132 kB
MemTotal:        1844596 kB
MemFree:         1229580 kB
MemAvailable:    1468636 kB
Buffers:           30268 kB
Cached:           339132 kB
MemTotal:        1844596 kB
MemFree:         1229408 kB
MemAvailable:    1468464 kB
Buffers:           30268 kB
Cached:           339132 kB
MemTotal:        1844596 kB
MemFree:         1229656 kB
MemAvailable:    1468712 kB
Buffers:           30268 kB
Cached:           339132 kB
MemTotal:        1844596 kB
MemFree:         1230424 kB
MemAvailable:    1469480 kB
Buffers:           30268 kB
Cached:           339132 kB
MemTotal:        1844596 kB
MemFree:         1230508 kB
MemAvailable:    1469564 kB
Buffers:           30268 kB
Cached:           339132 kB
MemTotal:        1844596 kB
MemFree:         1230288 kB
MemAvailable:    1469344 kB
Buffers:           30268 kB
Cached:           339132 kB
MemTotal:        1844596 kB
MemFree:         1230372 kB
MemAvailable:    1469428 kB
Buffers:           30268 kB
Cached:           339132 kB
MemTotal:        1844596 kB
MemFree:         1230160 kB
MemAvailable:    1469216 kB
Buffers:           30268 kB
Cached:           339132 kB
MemTotal:        1844596 kB
MemFree:         1230412 kB
MemAvailable:    1469468 kB
Buffers:           30268 kB
Cached:           339132 kB
MemTotal:        1844596 kB
MemFree:         1229136 kB
MemAvailable:    1468192 kB
Buffers:           30268 kB
Cached:           339132 kB
MemTotal:        1844596 kB
MemFree:         1230504 kB
MemAvailable:    1469560 kB
Buffers:           30268 kB
Cached:           339132 kB
MemTotal:        1844596 kB
MemFree:         1229712 kB
MemAvailable:    1468768 kB
Buffers:           30268 kB
Cached:           339132 kB
MemTotal:        1844596 kB
MemFree:         1230756 kB
MemAvailable:    1469816 kB
Buffers:           30268 kB
Cached:           339136 kB
MemTotal:        1844596 kB
MemFree:         1229192 kB
MemAvailable:    1468252 kB
Buffers:           30268 kB
Cached:           339136 kB
MemTotal:        1844596 kB
MemFree:         1229068 kB
MemAvailable:    1468128 kB
Buffers:           30268 kB
Cached:           339136 kB
MemTotal:        1844596 kB
MemFree:         1230292 kB
MemAvailable:    1469352 kB
Buffers:           30268 kB
Cached:           339136 kB
MemTotal:        1844596 kB
MemFree:         1230544 kB
MemAvailable:    1469604 kB
Buffers:           30268 kB
Cached:           339136 kB
MemTotal:        1844596 kB
MemFree:         1230268 kB
MemAvailable:    1469328 kB
Buffers:           30268 kB
Cached:           339136 kB
MemTotal:        1844596 kB
MemFree:         1230260 kB
MemAvailable:    1469320 kB
Buffers:           30268 kB
Cached:           339136 kB
MemTotal:        1844596 kB
MemFree:         1229020 kB
MemAvailable:    1468080 kB
Buffers:           30268 kB
Cached:           339136 kB
MemTotal:        1844596 kB
MemFree:         1229268 kB
MemAvailable:    1468328 kB
Buffers:           30268 kB
Cached:           339136 kB
MemTotal:        1844596 kB
MemFree:         1230384 kB
MemAvailable:    1469444 kB
Buffers:           30268 kB
Cached:           339136 kB
MemTotal:        1844596 kB
MemFree:         1229448 kB
MemAvailable:    1468508 kB
Buffers:           30268 kB
Cached:           339136 kB
MemTotal:        1844596 kB
MemFree:         1230284 kB
MemAvailable:    1469348 kB
Buffers:           30268 kB
Cached:           339140 kB
MemTotal:        1844596 kB
MemFree:         1229572 kB
MemAvailable:    1468636 kB
Buffers:           30268 kB
Cached:           339140 kB
MemTotal:        1844596 kB
MemFree:         1230124 kB
MemAvailable:    1469188 kB
Buffers:           30268 kB
Cached:           339140 kB
MemTotal:        1844596 kB
MemFree:         1230208 kB
MemAvailable:    1469272 kB
Buffers:           30268 kB
Cached:           339140 kB
MemTotal:        1844596 kB
MemFree:         1229084 kB
MemAvailable:    1468148 kB
Buffers:           30268 kB
Cached:           339140 kB
MemTotal:        1844596 kB
MemFree:         1230144 kB
MemAvailable:    1469208 kB
Buffers:           30268 kB
Cached:           339140 kB
MemTotal:        1844596 kB
MemFree:         1230088 kB
MemAvailable:    1469152 kB
Buffers:           30268 kB
Cached:           339140 kB
MemTotal:        1844596 kB
MemFree:         1229076 kB
MemAvailable:    1468140 kB
Buffers:           30268 kB
Cached:           339140 kB
MemTotal:        1844596 kB
MemFree:         1229572 kB
MemAvailable:    1468636 kB
Buffers:           30268 kB
Cached:           339140 kB
MemTotal:        1844596 kB
MemFree:         1225968 kB
MemAvailable:    1465032 kB
Buffers:           30268 kB
Cached:           339140 kB
MemTotal:        1844596 kB
MemFree:         1226052 kB
MemAvailable:    1465116 kB
Buffers:           30268 kB
Cached:           339140 kB
MemTotal:        1844596 kB
MemFree:         1220396 kB
MemAvailable:    1459460 kB
Buffers:           30268 kB
Cached:           339140 kB
MemTotal:        1844596 kB
MemFree:         1218288 kB
MemAvailable:    1457352 kB
Buffers:           30268 kB
Cached:           339140 kB
MemTotal:        1844596 kB
MemFree:         1215992 kB
MemAvailable:    1455056 kB
Buffers:           30268 kB
Cached:           339140 kB
MemTotal:        1844596 kB
MemFree:         1212700 kB
MemAvailable:    1451764 kB
Buffers:           30268 kB
Cached:           339140 kB
MemTotal:        1844596 kB
MemFree:         1212700 kB
MemAvailable:    1451764 kB
Buffers:           30268 kB
Cached:           339140 kB
MemTotal:        1844596 kB
MemFree:         1212520 kB
MemAvailable:    1451584 kB
Buffers:           30268 kB
Cached:           339140 kB
MemTotal:        1844596 kB
MemFree:         1212856 kB
MemAvailable:    1451920 kB
Buffers:           30268 kB
Cached:           339140 kB
MemTotal:        1844596 kB
MemFree:         1212648 kB
MemAvailable:    1451712 kB
Buffers:           30268 kB
Cached:           339140 kB
MemTotal:        1844596 kB
MemFree:         1212648 kB
MemAvailable:    1451712 kB
Buffers:           30268 kB
Cached:           339140 kB
MemTotal:        1844596 kB
MemFree:         1212776 kB
MemAvailable:    1451840 kB
Buffers:           30268 kB
Cached:           339140 kB
MemTotal:        1844596 kB
MemFree:         1212776 kB
MemAvailable:    1451840 kB
Buffers:           30268 kB
Cached:           339140 kB
MemTotal:        1844596 kB
MemFree:         1212776 kB
MemAvailable:    1451840 kB
Buffers:           30268 kB
Cached:           339140 kB
MemTotal:        1844596 kB
MemFree:         1212668 kB
MemAvailable:    1451732 kB
Buffers:           30268 kB
Cached:           339140 kB
MemTotal:        1844596 kB
MemFree:         1211420 kB
MemAvailable:    1450484 kB
Buffers:           30268 kB
Cached:           339140 kB
MemTotal:        1844596 kB
MemFree:         1211552 kB
MemAvailable:    1450616 kB
Buffers:           30268 kB
Cached:           339140 kB
MemTotal:        1844596 kB
MemFree:         1212776 kB
MemAvailable:    1451840 kB
Buffers:           30268 kB
Cached:           339140 kB
MemTotal:        1844596 kB
MemFree:         1212564 kB
MemAvailable:    1451628 kB
Buffers:           30268 kB
Cached:           339140 kB
MemTotal:        1844596 kB
MemFree:         1212900 kB
MemAvailable:    1451964 kB
Buffers:           30268 kB
Cached:           339140 kB
MemTotal:        1844596 kB
MemFree:         1212516 kB
MemAvailable:    1451580 kB
Buffers:           30268 kB
Cached:           339140 kB
MemTotal:        1844596 kB
MemFree:         1212660 kB
MemAvailable:    1451724 kB
Buffers:           30268 kB
Cached:           339140 kB
MemTotal:        1844596 kB
MemFree:         1212668 kB
MemAvailable:    1451732 kB
Buffers:           30268 kB
Cached:           339140 kB
MemTotal:        1844596 kB
MemFree:         1212924 kB
MemAvailable:    1451988 kB
Buffers:           30268 kB
Cached:           339140 kB
MemTotal:        1844596 kB
MemFree:         1211584 kB
MemAvailable:    1450648 kB
Buffers:           30268 kB
Cached:           339140 kB
MemTotal:        1844596 kB
MemFree:         1212852 kB
MemAvailable:    1451916 kB
Buffers:           30268 kB
Cached:           339140 kB
MemTotal:        1844596 kB
MemFree:         1211972 kB
MemAvailable:    1451036 kB
Buffers:           30268 kB
Cached:           339140 kB
MemTotal:        1844596 kB
MemFree:         1212280 kB
MemAvailable:    1451348 kB
Buffers:           30268 kB
Cached:           339144 kB
MemTotal:        1844596 kB
MemFree:         1212284 kB
MemAvailable:    1451352 kB
Buffers:           30268 kB
Cached:           339144 kB
MemTotal:        1844596 kB
MemFree:         1211336 kB
MemAvailable:    1450404 kB
Buffers:           30268 kB
Cached:           339144 kB
MemTotal:        1844596 kB
MemFree:         1210344 kB
MemAvailable:    1449412 kB
Buffers:           30268 kB
Cached:           339144 kB
MemTotal:        1844596 kB
MemFree:         1210420 kB
MemAvailable:    1449488 kB
Buffers:           30268 kB
Cached:           339144 kB
MemTotal:        1844596 kB
MemFree:         1210464 kB
MemAvailable:    1449532 kB
Buffers:           30268 kB
Cached:           339144 kB
MemTotal:        1844596 kB
MemFree:         1211660 kB
MemAvailable:    1450728 kB
Buffers:           30268 kB
Cached:           339144 kB
MemTotal:        1844596 kB
MemFree:         1211164 kB
MemAvailable:    1450232 kB
Buffers:           30268 kB
Cached:           339144 kB
MemTotal:        1844596 kB
MemFree:         1209368 kB
MemAvailable:    1448436 kB
Buffers:           30268 kB
Cached:           339144 kB
MemTotal:        1844596 kB
MemFree:         1206872 kB
MemAvailable:    1445940 kB
Buffers:           30268 kB
Cached:           339144 kB
MemTotal:        1844596 kB
MemFree:         1206876 kB
MemAvailable:    1445944 kB
Buffers:           30268 kB
Cached:           339144 kB
MemTotal:        1844596 kB
MemFree:         1202664 kB
MemAvailable:    1441732 kB
Buffers:           30268 kB
Cached:           339144 kB
MemTotal:        1844596 kB
MemFree:         1200564 kB
MemAvailable:    1439632 kB
Buffers:           30268 kB
Cached:           339144 kB
MemTotal:        1844596 kB
MemFree:         1197464 kB
MemAvailable:    1436532 kB
Buffers:           30268 kB
Cached:           339144 kB
MemTotal:        1844596 kB
MemFree:         1194480 kB
MemAvailable:    1433548 kB
Buffers:           30268 kB
Cached:           339144 kB
MemTotal:        1844596 kB
MemFree:         1194480 kB
MemAvailable:    1433548 kB
Buffers:           30268 kB
Cached:           339144 kB
MemTotal:        1844596 kB
MemFree:         1190520 kB
MemAvailable:    1429588 kB
Buffers:           30268 kB
Cached:           339144 kB
MemTotal:        1844596 kB
MemFree:         1188164 kB
MemAvailable:    1427232 kB
Buffers:           30268 kB
Cached:           339144 kB
MemTotal:        1844596 kB
MemFree:         1186544 kB
MemAvailable:    1425612 kB
Buffers:           30268 kB
Cached:           339144 kB
MemTotal:        1844596 kB
MemFree:         1186676 kB
MemAvailable:    1425744 kB
Buffers:           30268 kB
Cached:           339144 kB
MemTotal:        1844596 kB
MemFree:         1182444 kB
MemAvailable:    1421512 kB
Buffers:           30268 kB
Cached:           339144 kB
MemTotal:        1844596 kB
MemFree:         1182088 kB
MemAvailable:    1421156 kB
Buffers:           30268 kB
Cached:           339144 kB
MemTotal:        1844596 kB
MemFree:         1180956 kB
MemAvailable:    1420024 kB
Buffers:           30268 kB
Cached:           339144 kB
MemTotal:        1844596 kB
MemFree:         1181292 kB
MemAvailable:    1420360 kB
Buffers:           30268 kB
Cached:           339144 kB
MemTotal:        1844596 kB
MemFree:         1179840 kB
MemAvailable:    1418908 kB
Buffers:           30268 kB
Cached:           339144 kB
MemTotal:        1844596 kB
MemFree:         1179716 kB
MemAvailable:    1418784 kB
Buffers:           30268 kB
Cached:           339144 kB
MemTotal:        1844596 kB
MemFree:         1180976 kB
MemAvailable:    1420044 kB
Buffers:           30268 kB
Cached:           339144 kB
MemTotal:        1844596 kB
MemFree:         1180772 kB
MemAvailable:    1419840 kB
Buffers:           30268 kB
Cached:           339144 kB
MemTotal:        1844596 kB
MemFree:         1180772 kB
MemAvailable:    1419840 kB
Buffers:           30268 kB
Cached:           339144 kB
MemTotal:        1844596 kB
MemFree:         1180912 kB
MemAvailable:    1419980 kB
Buffers:           30268 kB
Cached:           339144 kB
MemTotal:        1844596 kB
MemFree:         1180912 kB
MemAvailable:    1419980 kB
Buffers:           30268 kB
Cached:           339144 kB
MemTotal:        1844596 kB
MemFree:         1180708 kB
MemAvailable:    1419776 kB
Buffers:           30268 kB
Cached:           339144 kB
MemTotal:        1844596 kB
MemFree:         1180608 kB
MemAvailable:    1419676 kB
Buffers:           30268 kB
Cached:           339144 kB
MemTotal:        1844596 kB
MemFree:         1179932 kB
MemAvailable:    1419000 kB
Buffers:           30268 kB
Cached:           339144 kB
MemTotal:        1844596 kB
MemFree:         1178864 kB
MemAvailable:    1417932 kB
Buffers:           30268 kB
Cached:           339144 kB
MemTotal:        1844596 kB
MemFree:         1179848 kB
MemAvailable:    1418920 kB
Buffers:           30268 kB
Cached:           339148 kB
MemTotal:        1844596 kB
MemFree:         1179848 kB
MemAvailable:    1418920 kB
Buffers:           30268 kB
Cached:           339148 kB
MemTotal:        1844596 kB
MemFree:         1179888 kB
MemAvailable:    1418960 kB
Buffers:           30268 kB
Cached:           339148 kB
MemTotal:        1844596 kB
MemFree:         1178740 kB
MemAvailable:    1417812 kB
Buffers:           30268 kB
Cached:           339148 kB
MemTotal:        1844596 kB
MemFree:         1178856 kB
MemAvailable:    1417928 kB
Buffers:           30268 kB
Cached:           339148 kB
MemTotal:        1844596 kB
MemFree:         1179544 kB
MemAvailable:    1418616 kB
Buffers:           30268 kB
Cached:           339148 kB
MemTotal:        1844596 kB
MemFree:         1179352 kB
MemAvailable:    1418424 kB
Buffers:           30268 kB
Cached:           339148 kB
MemTotal:        1844596 kB
MemFree:         1178244 kB
MemAvailable:    1417316 kB
Buffers:           30268 kB
Cached:           339148 kB
MemTotal:        1844596 kB
MemFree:         1179224 kB
MemAvailable:    1418296 kB
Buffers:           30268 kB
Cached:           339148 kB
MemTotal:        1844596 kB
MemFree:         1178244 kB
MemAvailable:    1417316 kB
Buffers:           30268 kB
Cached:           339148 kB
MemTotal:        1844596 kB
MemFree:         1178916 kB
MemAvailable:    1417988 kB
Buffers:           30268 kB
Cached:           339148 kB
MemTotal:        1844596 kB
MemFree:         1178676 kB
MemAvailable:    1417748 kB
Buffers:           30268 kB
Cached:           339148 kB
MemTotal:        1844596 kB
MemFree:         1178236 kB
MemAvailable:    1417308 kB
Buffers:           30268 kB
Cached:           339148 kB
MemTotal:        1844596 kB
MemFree:         1178236 kB
MemAvailable:    1417308 kB
Buffers:           30268 kB
Cached:           339148 kB
MemTotal:        1844596 kB
MemFree:         1176748 kB
MemAvailable:    1415820 kB
Buffers:           30268 kB
Cached:           339148 kB
MemTotal:        1844596 kB
MemFree:         1176260 kB
MemAvailable:    1415332 kB
Buffers:           30268 kB
Cached:           339148 kB
MemTotal:        1844596 kB
MemFree:         1176988 kB
MemAvailable:    1416060 kB
Buffers:           30268 kB
Cached:           339148 kB
MemTotal:        1844596 kB
MemFree:         1177188 kB
MemAvailable:    1416260 kB
Buffers:           30268 kB
Cached:           339148 kB
MemTotal:        1844596 kB
MemFree:         1176600 kB
MemAvailable:    1415672 kB
Buffers:           30268 kB
Cached:           339148 kB
MemTotal:        1844596 kB
MemFree:         1176684 kB
MemAvailable:    1415756 kB
Buffers:           30268 kB
Cached:           339148 kB
MemTotal:        1844596 kB
MemFree:         1176568 kB
MemAvailable:    1415640 kB
Buffers:           30268 kB
Cached:           339148 kB
MemTotal:        1844596 kB
MemFree:         1176824 kB
MemAvailable:    1415896 kB
Buffers:           30268 kB
Cached:           339148 kB
MemTotal:        1844596 kB
MemFree:         1176860 kB
MemAvailable:    1415932 kB
Buffers:           30268 kB
Cached:           339148 kB
MemTotal:        1844596 kB
MemFree:         1176772 kB
MemAvailable:    1415844 kB
Buffers:           30268 kB
Cached:           339148 kB
MemTotal:        1844596 kB
MemFree:         1176012 kB
MemAvailable:    1415084 kB
Buffers:           30268 kB
Cached:           339148 kB
MemTotal:        1844596 kB
MemFree:         1175708 kB
MemAvailable:    1414780 kB
Buffers:           30268 kB
Cached:           339148 kB
MemTotal:        1844596 kB
MemFree:         1176604 kB
MemAvailable:    1415676 kB
Buffers:           30268 kB
Cached:           339148 kB
MemTotal:        1844596 kB
MemFree:         1176604 kB
MemAvailable:    1415676 kB
Buffers:           30268 kB
Cached:           339148 kB
MemTotal:        1844596 kB
MemFree:         1176604 kB
MemAvailable:    1415676 kB
Buffers:           30268 kB
Cached:           339148 kB
MemTotal:        1844596 kB
MemFree:         1176856 kB
MemAvailable:    1415928 kB
Buffers:           30268 kB
Cached:           339148 kB
MemTotal:        1844596 kB
MemFree:         1175496 kB
MemAvailable:    1414568 kB
Buffers:           30268 kB
Cached:           339148 kB
MemTotal:        1844596 kB
MemFree:         1176472 kB
MemAvailable:    1415544 kB
Buffers:           30268 kB
Cached:           339148 kB
MemTotal:        1844596 kB
MemFree:         1176640 kB
MemAvailable:    1415712 kB
Buffers:           30268 kB
Cached:           339148 kB
MemTotal:        1844596 kB
MemFree:         1176612 kB
MemAvailable:    1415684 kB
Buffers:           30268 kB
Cached:           339148 kB
MemTotal:        1844596 kB
MemFree:         1176868 kB
MemAvailable:    1415940 kB
Buffers:           30268 kB
Cached:           339148 kB
MemTotal:        1844596 kB
MemFree:         1176564 kB
MemAvailable:    1415636 kB
Buffers:           30268 kB
Cached:           339148 kB
MemTotal:        1844596 kB
MemFree:         1176624 kB
MemAvailable:    1415696 kB
Buffers:           30268 kB
Cached:           339148 kB
MemTotal:        1844596 kB
MemFree:         1176440 kB
MemAvailable:    1415512 kB
Buffers:           30268 kB
Cached:           339148 kB
MemTotal:        1844596 kB
MemFree:         1176776 kB
MemAvailable:    1415848 kB
Buffers:           30268 kB
Cached:           339148 kB
MemTotal:        1844596 kB
MemFree:         1176584 kB
MemAvailable:    1415656 kB
Buffers:           30268 kB
Cached:           339148 kB
MemTotal:        1844596 kB
MemFree:         1176840 kB
MemAvailable:    1415912 kB
Buffers:           30268 kB
Cached:           339148 kB
MemTotal:        1844596 kB
MemFree:         1176644 kB
MemAvailable:    1415716 kB
Buffers:           30268 kB
Cached:           339148 kB
MemTotal:        1844596 kB
MemFree:         1176828 kB
MemAvailable:    1415900 kB
Buffers:           30268 kB
Cached:           339148 kB
MemTotal:        1844596 kB
MemFree:         1176012 kB
MemAvailable:    1415084 kB
Buffers:           30268 kB
Cached:           339148 kB
MemTotal:        1844596 kB
MemFree:         1177004 kB
MemAvailable:    1416080 kB
Buffers:           30268 kB
Cached:           339152 kB
MemTotal:        1844596 kB
MemFree:         1176012 kB
MemAvailable:    1415088 kB
Buffers:           30276 kB
Cached:           339144 kB
MemTotal:        1844596 kB
MemFree:         1175328 kB
MemAvailable:    1414404 kB
Buffers:           30276 kB
Cached:           339144 kB
MemTotal:        1844596 kB
MemFree:         1176680 kB
MemAvailable:    1415756 kB
Buffers:           30276 kB
Cached:           339144 kB
MemTotal:        1844596 kB
MemFree:         1176632 kB
MemAvailable:    1415708 kB
Buffers:           30276 kB
Cached:           339144 kB
MemTotal:        1844596 kB
MemFree:         1175708 kB
MemAvailable:    1414784 kB
Buffers:           30276 kB
Cached:           339144 kB
MemTotal:        1844596 kB
MemFree:         1175344 kB
MemAvailable:    1414420 kB
Buffers:           30276 kB
Cached:           339144 kB
MemTotal:        1844596 kB
MemFree:         1175384 kB
MemAvailable:    1414460 kB
Buffers:           30276 kB
Cached:           339144 kB
MemTotal:        1844596 kB
MemFree:         1176700 kB
MemAvailable:    1415776 kB
Buffers:           30276 kB
Cached:           339144 kB
MemTotal:        1844596 kB
MemFree:         1175336 kB
MemAvailable:    1414412 kB
Buffers:           30276 kB
Cached:           339144 kB
MemTotal:        1844596 kB
MemFree:         1176816 kB
MemAvailable:    1415892 kB
Buffers:           30276 kB
Cached:           339144 kB
MemTotal:        1844596 kB
MemFree:         1176520 kB
MemAvailable:    1415596 kB
Buffers:           30276 kB
Cached:           339144 kB
MemTotal:        1844596 kB
MemFree:         1175336 kB
MemAvailable:    1414412 kB
Buffers:           30276 kB
Cached:           339144 kB
MemTotal:        1844596 kB
MemFree:         1174584 kB
MemAvailable:    1413660 kB
Buffers:           30276 kB
Cached:           339144 kB
MemTotal:        1844596 kB
MemFree:         1174028 kB
MemAvailable:    1413104 kB
Buffers:           30276 kB
Cached:           339144 kB
MemTotal:        1844596 kB
MemFree:         1173168 kB
MemAvailable:    1412244 kB
Buffers:           30276 kB
Cached:           339144 kB
MemTotal:        1844596 kB
MemFree:         1170600 kB
MemAvailable:    1409688 kB
Buffers:           30276 kB
Cached:           339156 kB
MemTotal:        1844596 kB
MemFree:         1170168 kB
MemAvailable:    1409256 kB
Buffers:           30276 kB
Cached:           339156 kB
MemTotal:        1844596 kB
MemFree:         1169936 kB
MemAvailable:    1409024 kB
Buffers:           30276 kB
Cached:           339156 kB
MemTotal:        1844596 kB
MemFree:         1170232 kB
MemAvailable:    1409320 kB
Buffers:           30276 kB
Cached:           339156 kB
MemTotal:        1844596 kB
MemFree:         1170052 kB
MemAvailable:    1409140 kB
Buffers:           30276 kB
Cached:           339156 kB
MemTotal:        1844596 kB
MemFree:         1168752 kB
MemAvailable:    1407840 kB
Buffers:           30276 kB
Cached:           339156 kB
MemTotal:        1844596 kB
MemFree:         1169896 kB
MemAvailable:    1408984 kB
Buffers:           30276 kB
Cached:           339156 kB
MemTotal:        1844596 kB
MemFree:         1170064 kB
MemAvailable:    1409152 kB
Buffers:           30276 kB
Cached:           339156 kB
MemTotal:        1844596 kB
MemFree:         1170108 kB
MemAvailable:    1409196 kB
Buffers:           30276 kB
Cached:           339156 kB
MemTotal:        1844596 kB
MemFree:         1170012 kB
MemAvailable:    1409100 kB
Buffers:           30276 kB
Cached:           339156 kB
MemTotal:        1844596 kB
MemFree:         1170268 kB
MemAvailable:    1409356 kB
Buffers:           30276 kB
Cached:           339156 kB
MemTotal:        1844596 kB
MemFree:         1170044 kB
MemAvailable:    1409132 kB
Buffers:           30276 kB
Cached:           339156 kB
MemTotal:        1844596 kB
MemFree:         1170184 kB
MemAvailable:    1409272 kB
Buffers:           30276 kB
Cached:           339156 kB
MemTotal:        1844596 kB
MemFree:         1168756 kB
MemAvailable:    1407844 kB
Buffers:           30276 kB
Cached:           339156 kB
MemTotal:        1844596 kB
MemFree:         1169864 kB
MemAvailable:    1409036 kB
Buffers:           30276 kB
Cached:           339280 kB
MemTotal:        1844596 kB
MemFree:         1169948 kB
MemAvailable:    1409204 kB
Buffers:           30276 kB
Cached:           339280 kB
MemTotal:        1844596 kB
MemFree:         1169844 kB
MemAvailable:    1409184 kB
Buffers:           30276 kB
Cached:           339404 kB
MemTotal:        1844596 kB
MemFree:         1168820 kB
MemAvailable:    1408244 kB
Buffers:           30276 kB
Cached:           339528 kB
MemTotal:        1844596 kB
MemFree:         1169568 kB
MemAvailable:    1409160 kB
Buffers:           30276 kB
Cached:           339652 kB
MemTotal:        1844596 kB
MemFree:         1169568 kB
MemAvailable:    1409160 kB
Buffers:           30276 kB
Cached:           339776 kB
MemTotal:        1844596 kB
MemFree:         1169244 kB
MemAvailable:    1408920 kB
Buffers:           30276 kB
Cached:           339776 kB
MemTotal:        1844596 kB
MemFree:         1169500 kB
MemAvailable:    1409176 kB
Buffers:           30276 kB
Cached:           339776 kB
MemTotal:        1844596 kB
MemFree:         1169148 kB
MemAvailable:    1408908 kB
Buffers:           30276 kB
Cached:           339900 kB
MemTotal:        1844596 kB
MemFree:         1168916 kB
MemAvailable:    1408676 kB
Buffers:           30276 kB
Cached:           339900 kB
MemTotal:        1844596 kB
MemFree:         1168160 kB
MemAvailable:    1407920 kB
Buffers:           30276 kB
Cached:           339900 kB
MemTotal:        1844596 kB
MemFree:         1169344 kB
MemAvailable:    1409104 kB
Buffers:           30276 kB
Cached:           339900 kB
MemTotal:        1844596 kB
MemFree:         1169360 kB
MemAvailable:    1409120 kB
Buffers:           30276 kB
Cached:           339900 kB
MemTotal:        1844596 kB
MemFree:         1169228 kB
MemAvailable:    1408988 kB
Buffers:           30276 kB
Cached:           339900 kB
MemTotal:        1844596 kB
MemFree:         1169484 kB
MemAvailable:    1409244 kB
Buffers:           30276 kB
Cached:           339900 kB
MemTotal:        1844596 kB
MemFree:         1168516 kB
MemAvailable:    1407660 kB
Buffers:           30276 kB
Cached:           339252 kB
MemTotal:        1844596 kB
MemFree:         1183784 kB
MemAvailable:    1422928 kB
Buffers:           30276 kB
Cached:           339252 kB
MemTotal:        1844596 kB
MemFree:         1243920 kB
MemAvailable:    1483068 kB
Buffers:           30276 kB
Cached:           339220 kB
MemTotal:        1844596 kB
MemFree:         1364188 kB
MemAvailable:    1603336 kB
Buffers:           30276 kB
Cached:           339220 kB
