MemTotal:        1844596 kB
MemFree:         1375688 kB
MemAvailable:    1605708 kB
Buffers:           29024 kB
Cached:           331628 kB
MemTotal:        1844596 kB
MemFree:         1349780 kB
MemAvailable:    1579804 kB
Buffers:           29032 kB
Cached:           331632 kB
MemTotal:        1844596 kB
MemFree:         1346804 kB
MemAvailable:    1576828 kB
Buffers:           29032 kB
Cached:           331632 kB
MemTotal:        1844596 kB
MemFree:         1344704 kB
MemAvailable:    1574728 kB
Buffers:           29032 kB
Cached:           331632 kB
MemTotal:        1844596 kB
MemFree:         1345928 kB
MemAvailable:    1575952 kB
Buffers:           29032 kB
Cached:           331632 kB
MemTotal:        1844596 kB
MemFree:         1344456 kB
MemAvailable:    1574480 kB
Buffers:           29032 kB
Cached:           331632 kB
MemTotal:        1844596 kB
MemFree:         1343340 kB
MemAvailable:    1573364 kB
Buffers:           29032 kB
Cached:           331632 kB
MemTotal:        1844596 kB
MemFree:         1342340 kB
MemAvailable:    1572364 kB
Buffers:           29032 kB
Cached:           331632 kB
MemTotal:        1844596 kB
MemFree:         1341168 kB
MemAvailable:    1571192 kB
Buffers:           29032 kB
Cached:           331632 kB
MemTotal:        1844596 kB
MemFree:         1339124 kB
MemAvailable:    1569148 kB
Buffers:           29032 kB
Cached:           331632 kB
MemTotal:        1844596 kB
MemFree:         1337636 kB
MemAvailable:    1567660 kB
Buffers:           29032 kB
Cached:           331632 kB
MemTotal:        1844596 kB
MemFree:         1333480 kB
MemAvailable:    1563504 kB
Buffers:           29032 kB
Cached:           331632 kB
MemTotal:        1844596 kB
MemFree:         1332304 kB
MemAvailable:    1562328 kB
Buffers:           29032 kB
Cached:           331632 kB
MemTotal:        1844596 kB
MemFree:         1334396 kB
MemAvailable:    1564420 kB
Buffers:           29032 kB
Cached:           331632 kB
MemTotal:        1844596 kB
MemFree:         1334392 kB
MemAvailable:    1564416 kB
Buffers:           29032 kB
Cached:           331632 kB
MemTotal:        1844596 kB
MemFree:         1334432 kB
MemAvailable:    1564456 kB
Buffers:           29032 kB
Cached:           331632 kB
MemTotal:        1844596 kB
MemFree:         1334288 kB
MemAvailable:    1564312 kB
Buffers:           29032 kB
Cached:           331632 kB
MemTotal:        1844596 kB
MemFree:         1333048 kB
MemAvailable:    1563072 kB
Buffers:           29032 kB
Cached:           331632 kB
MemTotal:        1844596 kB
MemFree:         1333296 kB
MemAvailable:    1563320 kB
Buffers:           29032 kB
Cached:           331632 kB
MemTotal:        1844596 kB
MemFree:         1334224 kB
MemAvailable:    1564248 kB
Buffers:           29032 kB
Cached:           331632 kB
MemTotal:        1844596 kB
MemFree:         1333048 kB
MemAvailable:    1563072 kB
Buffers:           29032 kB
Cached:           331632 kB
MemTotal:        1844596 kB
MemFree:         1333612 kB
MemAvailable:    1563636 kB
Buffers:           29032 kB
Cached:           331632 kB
MemTotal:        1844596 kB
MemFree:         1333792 kB
MemAvailable:    1563816 kB
Buffers:           29032 kB
Cached:           331632 kB
MemTotal:        1844596 kB
MemFree:         1333504 kB
MemAvailable:    1563528 kB
Buffers:           29032 kB
Cached:           331632 kB
MemTotal:        1844596 kB
MemFree:         1333564 kB
MemAvailable:    1563588 kB
Buffers:           29032 kB
Cached:           331632 kB
MemTotal:        1844596 kB
MemFree:         1332240 kB
MemAvailable:    1562264 kB
Buffers:           29032 kB
Cached:           331632 kB
MemTotal:        1844596 kB
MemFree:         1333172 kB
MemAvailable:    1563196 kB
Buffers:           29032 kB
Cached:           331632 kB
MemTotal:        1844596 kB
MemFree:         1332056 kB
MemAvailable:    1562080 kB
Buffers:           29032 kB
Cached:           331632 kB
MemTotal:        1844596 kB
MemFree:         1332780 kB
MemAvailable:    1562804 kB
Buffers:           29032 kB
Cached:           331632 kB
MemTotal:        1844596 kB
MemFree:         1332864 kB
MemAvailable:    1562888 kB
Buffers:           29032 kB
Cached:           331632 kB
MemTotal:        1844596 kB
MemFree:         1332528 kB
MemAvailable:    1562552 kB
Buffers:           29032 kB
Cached:           331632 kB
MemTotal:        1844596 kB
MemFree:         1332428 kB
MemAvailable:    1562452 kB
Buffers:           29032 kB
Cached:           331632 kB
MemTotal:        1844596 kB
MemFree:         1332432 kB
MemAvailable:    1562456 kB
Buffers:           29032 kB
Cached:           331632 kB
MemTotal:        1844596 kB
MemFree:         1330568 kB
MemAvailable:    1560592 kB
Buffers:           29032 kB
Cached:           331632 kB
MemTotal:        1844596 kB
MemFree:         1330436 kB
MemAvailable:    1560460 kB
Buffers:           29032 kB
Cached:           331632 kB
MemTotal:        1844596 kB
MemFree:         1331288 kB
MemAvailable:    1561312 kB
Buffers:           29032 kB
Cached:           331632 kB
MemTotal:        1844596 kB
MemFree:         1331372 kB
MemAvailable:    1561396 kB
Buffers:           29032 kB
Cached:           331632 kB
MemTotal:        1844596 kB
MemFree:         1330272 kB
MemAvailable:    1560296 kB
Buffers:           29032 kB
Cached:           331632 kB
MemTotal:        1844596 kB
MemFree:         1331352 kB
MemAvailable:    1561376 kB
Buffers:           29032 kB
Cached:           331632 kB
MemTotal:        1844596 kB
MemFree:         1331288 kB
MemAvailable:    1561312 kB
Buffers:           29032 kB
Cached:           331632 kB
MemTotal:        1844596 kB
MemFree:         1331288 kB
MemAvailable:    1561312 kB
Buffers:           29032 kB
Cached:           331632 kB
MemTotal:        1844596 kB
MemFree:         1330120 kB
MemAvailable:    1560144 kB
Buffers:           29032 kB
Cached:           331632 kB
MemTotal:        1844596 kB
MemFree:         1330684 kB
MemAvailable:    1560708 kB
Buffers:           29032 kB
Cached:           331632 kB
MemTotal:        1844596 kB
MemFree:         1332656 kB
MemAvailable:    1562680 kB
Buffers:           29032 kB
Cached:           331632 kB
MemTotal:        1844596 kB
MemFree:         1331436 kB
MemAvailable:    1561460 kB
Buffers:           29032 kB
Cached:           331632 kB
MemTotal:        1844596 kB
MemFree:         1328692 kB
MemAvailable:    1558716 kB
Buffers:           29032 kB
Cached:           331632 kB
MemTotal:        1844596 kB
MemFree:         1328692 kB
MemAvailable:    1558716 kB
Buffers:           29032 kB
Cached:           331632 kB
MemTotal:        1844596 kB
MemFree:         1327468 kB
MemAvailable:    1557492 kB
Buffers:           29032 kB
Cached:           331632 kB
MemTotal:        1844596 kB
MemFree:         1327396 kB
MemAvailable:    1557420 kB
Buffers:           29032 kB
Cached:           331632 kB
MemTotal:        1844596 kB
MemFree:         1325956 kB
MemAvailable:    1555980 kB
Buffers:           29032 kB
Cached:           331632 kB
MemTotal:        1844596 kB
MemFree:         1326088 kB
MemAvailable:    1556112 kB
Buffers:           29032 kB
Cached:           331632 kB
MemTotal:        1844596 kB
MemFree:         1326080 kB
MemAvailable:    1556104 kB
Buffers:           29032 kB
Cached:           331632 kB
MemTotal:        1844596 kB
MemFree:         1327132 kB
MemAvailable:    1557156 kB
Buffers:           29032 kB
Cached:           331632 kB
MemTotal:        1844596 kB
MemFree:         1326708 kB
MemAvailable:    1556732 kB
Buffers:           29032 kB
Cached:           331632 kB
MemTotal:        1844596 kB
MemFree:         1326876 kB
MemAvailable:    1556900 kB
Buffers:           29032 kB
Cached:           331632 kB
MemTotal:        1844596 kB
MemFree:         1326832 kB
MemAvailable:    1556856 kB
Buffers:           29032 kB
Cached:           331632 kB
MemTotal:        1844596 kB
MemFree:         1327084 kB
MemAvailable:    1557108 kB
Buffers:           29032 kB
Cached:           331632 kB
MemTotal:        1844596 kB
MemFree:         1326840 kB
MemAvailable:    1556864 kB
Buffers:           29032 kB
Cached:           331632 kB
MemTotal:        1844596 kB
MemFree:         1326980 kB
MemAvailable:    1557004 kB
Buffers:           29032 kB
Cached:           331632 kB
MemTotal:        1844596 kB
MemFree:         1326860 kB
MemAvailable:    1556884 kB
Buffers:           29032 kB
Cached:           331632 kB
MemTotal:        1844596 kB
MemFree:         1325680 kB
MemAvailable:    1555704 kB
Buffers:           29032 kB
Cached:           331632 kB
MemTotal:        1844596 kB
MemFree:         1326832 kB
MemAvailable:    1556856 kB
Buffers:           29032 kB
Cached:           331632 kB
MemTotal:        1844596 kB
MemFree:         1326844 kB
MemAvailable:    1556868 kB
Buffers:           29032 kB
Cached:           331632 kB
MemTotal:        1844596 kB
MemFree:         1325476 kB
MemAvailable:    1555500 kB
Buffers:           29032 kB
Cached:           331632 kB
MemTotal:        1844596 kB
MemFree:         1322692 kB
MemAvailable:    1552716 kB
Buffers:           29032 kB
Cached:           331632 kB
MemTotal:        1844596 kB
MemFree:         1320028 kB
MemAvailable:    1550052 kB
Buffers:           29032 kB
Cached:           331632 kB
MemTotal:        1844596 kB
MemFree:         1320944 kB
MemAvailable:    1550968 kB
Buffers:           29032 kB
Cached:           331632 kB
MemTotal:        1844596 kB
MemFree:         1320688 kB
MemAvailable:    1550712 kB
Buffers:           29032 kB
Cached:           331632 kB
MemTotal:        1844596 kB
MemFree:         1319532 kB
MemAvailable:    1549556 kB
Buffers:           29032 kB
Cached:           331632 kB
MemTotal:        1844596 kB
MemFree:         1319144 kB
MemAvailable:    1549168 kB
Buffers:           29032 kB
Cached:           331632 kB
MemTotal:        1844596 kB
MemFree:         1319368 kB
MemAvailable:    1549392 kB
Buffers:           29032 kB
Cached:           331632 kB
MemTotal:        1844596 kB
MemFree:         1318848 kB
MemAvailable:    1548872 kB
Buffers:           29032 kB
Cached:           331632 kB
MemTotal:        1844596 kB
MemFree:         1318416 kB
MemAvailable:    1548440 kB
Buffers:           29032 kB
Cached:           331632 kB
MemTotal:        1844596 kB
MemFree:         1318388 kB
MemAvailable:    1548412 kB
Buffers:           29032 kB
Cached:           331632 kB
MemTotal:        1844596 kB
MemFree:         1317168 kB
MemAvailable:    1547192 kB
Buffers:           29032 kB
Cached:           331632 kB
MemTotal:        1844596 kB
MemFree:         1318344 kB
MemAvailable:    1548368 kB
Buffers:           29032 kB
Cached:           331632 kB
MemTotal:        1844596 kB
MemFree:         1317996 kB
MemAvailable:    1548020 kB
Buffers:           29032 kB
Cached:           331632 kB
MemTotal:        1844596 kB
MemFree:         1318252 kB
MemAvailable:    1548276 kB
Buffers:           29032 kB
Cached:           331632 kB
MemTotal:        1844596 kB
MemFree:         1317980 kB
MemAvailable:    1548020 kB
Buffers:           29032 kB
Cached:           331640 kB
MemTotal:        1844596 kB
MemFree:         1317920 kB
MemAvailable:    1547960 kB
Buffers:           29032 kB
Cached:           331640 kB
MemTotal:        1844596 kB
MemFree:         1317980 kB
MemAvailable:    1548020 kB
Buffers:           29032 kB
Cached:           331640 kB
MemTotal:        1844596 kB
MemFree:         1316928 kB
MemAvailable:    1546968 kB
Buffers:           29032 kB
Cached:           331640 kB
MemTotal:        1844596 kB
MemFree:         1318048 kB
MemAvailable:    1548088 kB
Buffers:           29032 kB
Cached:           331640 kB
MemTotal:        1844596 kB
MemFree:         1317900 kB
MemAvailable:    1547940 kB
Buffers:           29032 kB
Cached:           331640 kB
MemTotal:        1844596 kB
MemFree:         1318156 kB
MemAvailable:    1548196 kB
Buffers:           29032 kB
Cached:           331640 kB
MemTotal:        1844596 kB
MemFree:         1316784 kB
MemAvailable:    1546824 kB
Buffers:           29032 kB
Cached:           331640 kB
MemTotal:        1844596 kB
MemFree:         1318128 kB
MemAvailable:    1548168 kB
Buffers:           29032 kB
Cached:           331640 kB
MemTotal:        1844596 kB
MemFree:         1318024 kB
MemAvailable:    1548064 kB
Buffers:           29032 kB
Cached:           331640 kB
MemTotal:        1844596 kB
MemFree:         1317720 kB
MemAvailable:    1547760 kB
Buffers:           29032 kB
Cached:           331640 kB
MemTotal:        1844596 kB
MemFree:         1317720 kB
MemAvailable:    1547760 kB
Buffers:           29032 kB
Cached:           331640 kB
MemTotal:        1844596 kB
MemFree:         1317672 kB
MemAvailable:    1547712 kB
Buffers:           29032 kB
Cached:           331640 kB
MemTotal:        1844596 kB
MemFree:         1317664 kB
MemAvailable:    1547704 kB
Buffers:           29032 kB
Cached:           331640 kB
MemTotal:        1844596 kB
MemFree:         1317308 kB
MemAvailable:    1547348 kB
Buffers:           29032 kB
Cached:           331640 kB
MemTotal:        1844596 kB
MemFree:         1317168 kB
MemAvailable:    1547208 kB
Buffers:           29032 kB
Cached:           331640 kB
MemTotal:        1844596 kB
MemFree:         1316440 kB
MemAvailable:    1546480 kB
Buffers:           29032 kB
Cached:           331640 kB
MemTotal:        1844596 kB
MemFree:         1313076 kB
MemAvailable:    1543116 kB
Buffers:           29032 kB
Cached:           331640 kB
MemTotal:        1844596 kB
MemFree:         1309968 kB
MemAvailable:    1540008 kB
Buffers:           29032 kB
Cached:           331640 kB
MemTotal:        1844596 kB
MemFree:         1309860 kB
MemAvailable:    1539900 kB
Buffers:           29032 kB
Cached:           331640 kB
MemTotal:        1844596 kB
MemFree:         1309540 kB
MemAvailable:    1539580 kB
Buffers:           29032 kB
Cached:           331640 kB
MemTotal:        1844596 kB
MemFree:         1309540 kB
MemAvailable:    1539580 kB
Buffers:           29032 kB
Cached:           331640 kB
MemTotal:        1844596 kB
MemFree:         1309336 kB
MemAvailable:    1539376 kB
Buffers:           29032 kB
Cached:           331640 kB
MemTotal:        1844596 kB
MemFree:         1309336 kB
MemAvailable:    1539376 kB
Buffers:           29032 kB
Cached:           331640 kB
MemTotal:        1844596 kB
MemFree:         1309476 kB
MemAvailable:    1539516 kB
Buffers:           29032 kB
Cached:           331640 kB
MemTotal:        1844596 kB
MemFree:         1307936 kB
MemAvailable:    1537976 kB
Buffers:           29032 kB
Cached:           331640 kB
MemTotal:        1844596 kB
MemFree:         1309160 kB
MemAvailable:    1539200 kB
Buffers:           29032 kB
Cached:           331640 kB
MemTotal:        1844596 kB
MemFree:         1307796 kB
MemAvailable:    1537836 kB
Buffers:           29032 kB
Cached:           331640 kB
MemTotal:        1844596 kB
MemFree:         1309104 kB
MemAvailable:    1539144 kB
Buffers:           29032 kB
Cached:           331640 kB
MemTotal:        1844596 kB
MemFree:         1308000 kB
MemAvailable:    1538040 kB
Buffers:           29032 kB
Cached:           331640 kB
MemTotal:        1844596 kB
MemFree:         1308980 kB
MemAvailable:    1539020 kB
Buffers:           29032 kB
Cached:           331640 kB
MemTotal:        1844596 kB
MemFree:         1307864 kB
MemAvailable:    1537904 kB
Buffers:           29032 kB
Cached:           331640 kB
MemTotal:        1844596 kB
MemFree:         1307856 kB
MemAvailable:    1537896 kB
Buffers:           29032 kB
Cached:           331640 kB
MemTotal:        1844596 kB
MemFree:         1308236 kB
MemAvailable:    1538276 kB
Buffers:           29032 kB
Cached:           331640 kB
MemTotal:        1844596 kB
MemFree:         1308976 kB
MemAvailable:    1539016 kB
Buffers:           29032 kB
Cached:           331640 kB
MemTotal:        1844596 kB
MemFree:         1309060 kB
MemAvailable:    1539100 kB
Buffers:           29032 kB
Cached:           331640 kB
MemTotal:        1844596 kB
MemFree:         1309220 kB
MemAvailable:    1539260 kB
Buffers:           29032 kB
Cached:           331640 kB
MemTotal:        1844596 kB
MemFree:         1309160 kB
MemAvailable:    1539200 kB
Buffers:           29032 kB
Cached:           331640 kB
MemTotal:        1844596 kB
MemFree:         1308372 kB
MemAvailable:    1538412 kB
Buffers:           29032 kB
Cached:           331640 kB
MemTotal:        1844596 kB
MemFree:         1309224 kB
MemAvailable:    1539268 kB
Buffers:           29032 kB
Cached:           331644 kB
MemTotal:        1844596 kB
MemFree:         1309560 kB
MemAvailable:    1539604 kB
Buffers:           29032 kB
Cached:           331644 kB
MemTotal:        1844596 kB
MemFree:         1309460 kB
MemAvailable:    1539504 kB
Buffers:           29032 kB
Cached:           331644 kB
MemTotal:        1844596 kB
MemFree:         1309100 kB
MemAvailable:    1539144 kB
Buffers:           29032 kB
Cached:           331644 kB
MemTotal:        1844596 kB
MemFree:         1308988 kB
MemAvailable:    1539032 kB
Buffers:           29032 kB
Cached:           331644 kB
MemTotal:        1844596 kB
MemFree:         1308824 kB
MemAvailable:    1538868 kB
Buffers:           29032 kB
Cached:           331644 kB
MemTotal:        1844596 kB
MemFree:         1308992 kB
MemAvailable:    1539036 kB
Buffers:           29032 kB
Cached:           331644 kB
MemTotal:        1844596 kB
MemFree:         1309104 kB
MemAvailable:    1539148 kB
Buffers:           29032 kB
Cached:           331644 kB
MemTotal:        1844596 kB
MemFree:         1308924 kB
MemAvailable:    1538968 kB
Buffers:           29032 kB
Cached:           331644 kB
MemTotal:        1844596 kB
MemFree:         1308984 kB
MemAvailable:    1539028 kB
Buffers:           29032 kB
Cached:           331644 kB
MemTotal:        1844596 kB
MemFree:         1306248 kB
MemAvailable:    1536292 kB
Buffers:           29032 kB
Cached:           331644 kB
MemTotal:        1844596 kB
MemFree:         1306140 kB
MemAvailable:    1536184 kB
Buffers:           29032 kB
Cached:           331644 kB
MemTotal:        1844596 kB
MemFree:         1302172 kB
MemAvailable:    1532216 kB
Buffers:           29032 kB
Cached:           331644 kB
MemTotal:        1844596 kB
MemFree:         1301792 kB
MemAvailable:    1531836 kB
Buffers:           29032 kB
Cached:           331644 kB
MemTotal:        1844596 kB
MemFree:         1300064 kB
MemAvailable:    1530108 kB
Buffers:           29032 kB
Cached:           331644 kB
MemTotal:        1844596 kB
MemFree:         1298948 kB
MemAvailable:    1528992 kB
Buffers:           29032 kB
Cached:           331644 kB
MemTotal:        1844596 kB
MemFree:         1299636 kB
MemAvailable:    1529680 kB
Buffers:           29032 kB
Cached:           331644 kB
MemTotal:        1844596 kB
MemFree:         1298700 kB
MemAvailable:    1528744 kB
Buffers:           29032 kB
Cached:           331644 kB
MemTotal:        1844596 kB
MemFree:         1299388 kB
MemAvailable:    1529432 kB
Buffers:           29032 kB
Cached:           331644 kB
MemTotal:        1844596 kB
MemFree:         1298320 kB
MemAvailable:    1528364 kB
Buffers:           29032 kB
Cached:           331644 kB
MemTotal:        1844596 kB
MemFree:         1298204 kB
MemAvailable:    1528248 kB
Buffers:           29032 kB
Cached:           331644 kB
MemTotal:        1844596 kB
MemFree:         1296460 kB
MemAvailable:    1526504 kB
Buffers:           29032 kB
Cached:           331644 kB
MemTotal:        1844596 kB
MemFree:         1297568 kB
MemAvailable:    1527612 kB
Buffers:           29032 kB
Cached:           331644 kB
MemTotal:        1844596 kB
MemFree:         1297188 kB
MemAvailable:    1527232 kB
Buffers:           29032 kB
Cached:           331644 kB
MemTotal:        1844596 kB
MemFree:         1297272 kB
MemAvailable:    1527316 kB
Buffers:           29032 kB
Cached:           331644 kB
MemTotal:        1844596 kB
MemFree:         1296072 kB
MemAvailable:    1526116 kB
Buffers:           29032 kB
Cached:           331644 kB
MemTotal:        1844596 kB
MemFree:         1297304 kB
MemAvailable:    1527348 kB
Buffers:           29032 kB
Cached:           331644 kB
MemTotal:        1844596 kB
MemFree:         1297248 kB
MemAvailable:    1527292 kB
Buffers:           29032 kB
Cached:           331644 kB
MemTotal:        1844596 kB
MemFree:         1297132 kB
MemAvailable:    1527176 kB
Buffers:           29032 kB
Cached:           331644 kB
MemTotal:        1844596 kB
MemFree:         1297300 kB
MemAvailable:    1527344 kB
Buffers:           29032 kB
Cached:           331644 kB
MemTotal:        1844596 kB
MemFree:         1297024 kB
MemAvailable:    1527068 kB
Buffers:           29032 kB
Cached:           331644 kB
MemTotal:        1844596 kB
MemFree:         1297360 kB
MemAvailable:    1527404 kB
Buffers:           29032 kB
Cached:           331644 kB
MemTotal:        1844596 kB
MemFree:         1296200 kB
MemAvailable:    1526244 kB
Buffers:           29032 kB
Cached:           331644 kB
MemTotal:        1844596 kB
MemFree:         1297136 kB
MemAvailable:    1527180 kB
Buffers:           29032 kB
Cached:           331644 kB
MemTotal:        1844596 kB
MemFree:         1296964 kB
MemAvailable:    1527008 kB
Buffers:           29032 kB
Cached:           331644 kB
MemTotal:        1844596 kB
MemFree:         1297184 kB
MemAvailable:    1527228 kB
Buffers:           29032 kB
Cached:           331644 kB
MemTotal:        1844596 kB
MemFree:         1297436 kB
MemAvailable:    1527480 kB
Buffers:           29032 kB
Cached:           331644 kB
MemTotal:        1844596 kB
MemFree:         1297072 kB
MemAvailable:    1527116 kB
Buffers:           29032 kB
Cached:           331644 kB
MemTotal:        1844596 kB
MemFree:         1297072 kB
MemAvailable:    1527116 kB
Buffers:           29032 kB
Cached:           331644 kB
MemTotal:        1844596 kB
MemFree:         1296948 kB
MemAvailable:    1527000 kB
Buffers:           29032 kB
Cached:           331652 kB
MemTotal:        1844596 kB
MemFree:         1297284 kB
MemAvailable:    1527336 kB
Buffers:           29032 kB
Cached:           331652 kB
MemTotal:        1844596 kB
MemFree:         1297212 kB
MemAvailable:    1527264 kB
Buffers:           29032 kB
Cached:           331652 kB
MemTotal:        1844596 kB
MemFree:         1295832 kB
MemAvailable:    1525884 kB
Buffers:           29032 kB
Cached:           331652 kB
MemTotal:        1844596 kB
MemFree:         1297024 kB
MemAvailable:    1527076 kB
Buffers:           29032 kB
Cached:           331652 kB
MemTotal:        1844596 kB
MemFree:         1297108 kB
MemAvailable:    1527160 kB
Buffers:           29032 kB
Cached:           331652 kB
MemTotal:        1844596 kB
MemFree:         1296924 kB
MemAvailable:    1526976 kB
Buffers:           29032 kB
Cached:           331652 kB
MemTotal:        1844596 kB
MemFree:         1297260 kB
MemAvailable:    1527312 kB
Buffers:           29032 kB
Cached:           331652 kB
MemTotal:        1844596 kB
MemFree:         1297128 kB
MemAvailable:    1527180 kB
Buffers:           29032 kB
Cached:           331652 kB
MemTotal:        1844596 kB
MemFree:         1297212 kB
MemAvailable:    1527264 kB
Buffers:           29032 kB
Cached:           331652 kB
MemTotal:        1844596 kB
MemFree:         1297200 kB
MemAvailable:    1527252 kB
Buffers:           29032 kB
Cached:           331652 kB
MemTotal:        1844596 kB
MemFree:         1295952 kB
MemAvailable:    1526004 kB
Buffers:           29032 kB
Cached:           331652 kB
MemTotal:        1844596 kB
MemFree:         1297060 kB
MemAvailable:    1527112 kB
Buffers:           29032 kB
Cached:           331652 kB
MemTotal:        1844596 kB
MemFree:         1297144 kB
MemAvailable:    1527196 kB
Buffers:           29032 kB
Cached:           331652 kB
MemTotal:        1844596 kB
MemFree:         1297256 kB
MemAvailable:    1527308 kB
Buffers:           29032 kB
Cached:           331652 kB
MemTotal:        1844596 kB
MemFree:         1297072 kB
MemAvailable:    1527124 kB
Buffers:           29032 kB
Cached:           331652 kB
MemTotal:        1844596 kB
MemFree:         1297324 kB
MemAvailable:    1527376 kB
Buffers:           29032 kB
Cached:           331652 kB
MemTotal:        1844596 kB
MemFree:         1295784 kB
MemAvailable:    1525836 kB
Buffers:           29032 kB
Cached:           331652 kB
MemTotal:        1844596 kB
MemFree:         1297216 kB
MemAvailable:    1527268 kB
Buffers:           29032 kB
Cached:           331652 kB
MemTotal:        1844596 kB
MemFree:         1296040 kB
MemAvailable:    1526092 kB
Buffers:           29032 kB
Cached:           331652 kB
MemTotal:        1844596 kB
MemFree:         1297468 kB
MemAvailable:    1527520 kB
Buffers:           29032 kB
Cached:           331652 kB
MemTotal:        1844596 kB
MemFree:         1297084 kB
MemAvailable:    1527136 kB
Buffers:           29032 kB
Cached:           331652 kB
MemTotal:        1844596 kB
MemFree:         1296556 kB
MemAvailable:    1526608 kB
Buffers:           29032 kB
Cached:           331652 kB
MemTotal:        1844596 kB
MemFree:         1295816 kB
MemAvailable:    1525868 kB
Buffers:           29032 kB
Cached:           331652 kB
MemTotal:        1844596 kB
MemFree:         1296024 kB
MemAvailable:    1526076 kB
Buffers:           29032 kB
Cached:           331652 kB
MemTotal:        1844596 kB
MemFree:         1295768 kB
MemAvailable:    1525820 kB
Buffers:           29032 kB
Cached:           331652 kB
MemTotal:        1844596 kB
MemFree:         1297068 kB
MemAvailable:    1527120 kB
Buffers:           29032 kB
Cached:           331652 kB
MemTotal:        1844596 kB
MemFree:         1297168 kB
MemAvailable:    1527220 kB
Buffers:           29032 kB
Cached:           331652 kB
MemTotal:        1844596 kB
MemFree:         1297168 kB
MemAvailable:    1527220 kB
Buffers:           29032 kB
Cached:           331652 kB
MemTotal:        1844596 kB
MemFree:         1297032 kB
MemAvailable:    1527084 kB
Buffers:           29032 kB
Cached:           331652 kB
MemTotal:        1844596 kB
MemFree:         1297368 kB
MemAvailable:    1527420 kB
Buffers:           29032 kB
Cached:           331652 kB
MemTotal:        1844596 kB
MemFree:         1295916 kB
MemAvailable:    1525968 kB
Buffers:           29032 kB
Cached:           331652 kB
MemTotal:        1844596 kB
MemFree:         1297092 kB
MemAvailable:    1527144 kB
Buffers:           29032 kB
Cached:           331652 kB
MemTotal:        1844596 kB
MemFree:         1296768 kB
MemAvailable:    1526820 kB
Buffers:           29032 kB
Cached:           331652 kB
MemTotal:        1844596 kB
MemFree:         1297104 kB
MemAvailable:    1527156 kB
Buffers:           29032 kB
Cached:           331652 kB
MemTotal:        1844596 kB
MemFree:         1295696 kB
MemAvailable:    1525748 kB
Buffers:           29032 kB
Cached:           331652 kB
MemTotal:        1844596 kB
MemFree:         1295564 kB
MemAvailable:    1525616 kB
Buffers:           29032 kB
Cached:           331652 kB
MemTotal:        1844596 kB
MemFree:         1296864 kB
MemAvailable:    1526916 kB
Buffers:           29032 kB
Cached:           331652 kB
MemTotal:        1844596 kB
MemFree:         1296776 kB
MemAvailable:    1526828 kB
Buffers:           29032 kB
Cached:           331652 kB
MemTotal:        1844596 kB
MemFree:         1296528 kB
MemAvailable:    1526580 kB
Buffers:           29032 kB
Cached:           331652 kB
MemTotal:        1844596 kB
MemFree:         1296784 kB
MemAvailable:    1526836 kB
Buffers:           29032 kB
Cached:           331652 kB
MemTotal:        1844596 kB
MemFree:         1296572 kB
MemAvailable:    1526624 kB
Buffers:           29032 kB
Cached:           331652 kB
MemTotal:        1844596 kB
MemFree:         1296824 kB
MemAvailable:    1526876 kB
Buffers:           29032 kB
Cached:           331652 kB
MemTotal:        1844596 kB
MemFree:         1296404 kB
MemAvailable:    1526456 kB
Buffers:           29032 kB
Cached:           331652 kB
MemTotal:        1844596 kB
MemFree:         1296656 kB
MemAvailable:    1526708 kB
Buffers:           29032 kB
Cached:           331652 kB
MemTotal:        1844596 kB
MemFree:         1296440 kB
MemAvailable:    1526492 kB
Buffers:           29032 kB
Cached:           331652 kB
MemTotal:        1844596 kB
MemFree:         1296344 kB
MemAvailable:    1526396 kB
Buffers:           29032 kB
Cached:           331652 kB
MemTotal:        1844596 kB
MemFree:         1296392 kB
MemAvailable:    1526444 kB
Buffers:           29032 kB
Cached:           331652 kB
MemTotal:        1844596 kB
MemFree:         1296212 kB
MemAvailable:    1526264 kB
Buffers:           29032 kB
Cached:           331652 kB
MemTotal:        1844596 kB
MemFree:         1296256 kB
MemAvailable:    1526308 kB
Buffers:           29032 kB
Cached:           331652 kB
MemTotal:        1844596 kB
MemFree:         1295476 kB
MemAvailable:    1525528 kB
Buffers:           29032 kB
Cached:           331652 kB
MemTotal:        1844596 kB
MemFree:         1296328 kB
MemAvailable:    1526380 kB
Buffers:           29032 kB
Cached:           331652 kB
MemTotal:        1844596 kB
MemFree:         1295716 kB
MemAvailable:    1525768 kB
Buffers:           29032 kB
Cached:           331652 kB
MemTotal:        1844596 kB
MemFree:         1296528 kB
MemAvailable:    1526580 kB
Buffers:           29032 kB
Cached:           331652 kB
MemTotal:        1844596 kB
MemFree:         1295352 kB
MemAvailable:    1525404 kB
Buffers:           29032 kB
Cached:           331652 kB
MemTotal:        1844596 kB
MemFree:         1296352 kB
MemAvailable:    1526404 kB
Buffers:           29032 kB
Cached:           331652 kB
MemTotal:        1844596 kB
MemFree:         1294956 kB
MemAvailable:    1525008 kB
Buffers:           29032 kB
Cached:           331652 kB
MemTotal:        1844596 kB
MemFree:         1295468 kB
MemAvailable:    1525520 kB
Buffers:           29032 kB
Cached:           331652 kB
MemTotal:        1844596 kB
MemFree:         1294828 kB
MemAvailable:    1524880 kB
Buffers:           29032 kB
Cached:           331652 kB
MemTotal:        1844596 kB
MemFree:         1294828 kB
MemAvailable:    1524880 kB
Buffers:           29032 kB
Cached:           331652 kB
MemTotal:        1844596 kB
MemFree:         1295200 kB
MemAvailable:    1525252 kB
Buffers:           29032 kB
Cached:           331652 kB
MemTotal:        1844596 kB
MemFree:         1294592 kB
MemAvailable:    1524644 kB
Buffers:           29032 kB
Cached:           331652 kB
MemTotal:        1844596 kB
MemFree:         1294668 kB
MemAvailable:    1524720 kB
Buffers:           29032 kB
Cached:           331652 kB
MemTotal:        1844596 kB
MemFree:         1295976 kB
MemAvailable:    1526028 kB
Buffers:           29032 kB
Cached:           331652 kB
MemTotal:        1844596 kB
MemFree:         1296208 kB
MemAvailable:    1526260 kB
Buffers:           29032 kB
Cached:           331652 kB
MemTotal:        1844596 kB
MemFree:         1293608 kB
MemAvailable:    1523660 kB
Buffers:           29032 kB
Cached:           331652 kB
MemTotal:        1844596 kB
MemFree:         1290576 kB
MemAvailable:    1520628 kB
Buffers:           29032 kB
Cached:           331652 kB
MemTotal:        1844596 kB
MemFree:         1285988 kB
MemAvailable:    1516040 kB
Buffers:           29032 kB
Cached:           331652 kB
MemTotal:        1844596 kB
MemFree:         1285488 kB
MemAvailable:    1515540 kB
Buffers:           29032 kB
Cached:           331652 kB
MemTotal:        1844596 kB
MemFree:         1285488 kB
MemAvailable:    1515540 kB
Buffers:           29032 kB
Cached:           331652 kB
MemTotal:        1844596 kB
MemFree:         1284384 kB
MemAvailable:    1514436 kB
Buffers:           29032 kB
Cached:           331652 kB
MemTotal:        1844596 kB
MemFree:         1285684 kB
MemAvailable:    1515736 kB
Buffers:           29032 kB
Cached:           331652 kB
MemTotal:        1844596 kB
MemFree:         1284936 kB
MemAvailable:    1514988 kB
Buffers:           29032 kB
Cached:           331652 kB
MemTotal:        1844596 kB
MemFree:         1285288 kB
MemAvailable:    1515340 kB
Buffers:           29032 kB
Cached:           331652 kB
MemTotal:        1844596 kB
MemFree:         1285288 kB
MemAvailable:    1515340 kB
Buffers:           29032 kB
Cached:           331652 kB
MemTotal:        1844596 kB
MemFree:         1284864 kB
MemAvailable:    1514916 kB
Buffers:           29032 kB
Cached:           331652 kB
MemTotal:        1844596 kB
MemFree:         1283448 kB
MemAvailable:    1513508 kB
Buffers:           29032 kB
Cached:           331660 kB
MemTotal:        1844596 kB
MemFree:         1283500 kB
MemAvailable:    1513560 kB
Buffers:           29032 kB
Cached:           331660 kB
MemTotal:        1844596 kB
MemFree:         1283192 kB
MemAvailable:    1513252 kB
Buffers:           29032 kB
Cached:           331660 kB
MemTotal:        1844596 kB
MemFree:         1281712 kB
MemAvailable:    1511772 kB
Buffers:           29032 kB
Cached:           331660 kB
MemTotal:        1844596 kB
MemFree:         1282676 kB
MemAvailable:    1512736 kB
Buffers:           29032 kB
Cached:           331660 kB
MemTotal:        1844596 kB
MemFree:         1282900 kB
MemAvailable:    1512960 kB
Buffers:           29032 kB
Cached:           331660 kB
MemTotal:        1844596 kB
MemFree:         1282564 kB
MemAvailable:    1512624 kB
Buffers:           29032 kB
Cached:           331660 kB
MemTotal:        1844596 kB
MemFree:         1282900 kB
MemAvailable:    1512960 kB
Buffers:           29032 kB
Cached:           331660 kB
MemTotal:        1844596 kB
MemFree:         1281568 kB
MemAvailable:    1511628 kB
Buffers:           29032 kB
Cached:           331660 kB
MemTotal:        1844596 kB
MemFree:         1282800 kB
MemAvailable:    1512860 kB
Buffers:           29032 kB
Cached:           331660 kB
MemTotal:        1844596 kB
MemFree:         1281560 kB
MemAvailable:    1511620 kB
Buffers:           29032 kB
Cached:           331660 kB
MemTotal:        1844596 kB
MemFree:         1282744 kB
MemAvailable:    1512804 kB
Buffers:           29032 kB
Cached:           331660 kB
MemTotal:        1844596 kB
MemFree:         1281828 kB
MemAvailable:    1511888 kB
Buffers:           29032 kB
Cached:           331660 kB
MemTotal:        1844596 kB
MemFree:         1282828 kB
MemAvailable:    1512888 kB
Buffers:           29032 kB
Cached:           331660 kB
MemTotal:        1844596 kB
MemFree:         1282740 kB
MemAvailable:    1512800 kB
Buffers:           29032 kB
Cached:           331660 kB
MemTotal:        1844596 kB
MemFree:         1282592 kB
MemAvailable:    1512652 kB
Buffers:           29032 kB
Cached:           331660 kB
MemTotal:        1844596 kB
MemFree:         1282764 kB
MemAvailable:    1512824 kB
Buffers:           29032 kB
Cached:           331660 kB
MemTotal:        1844596 kB
MemFree:         1281960 kB
MemAvailable:    1512020 kB
Buffers:           29032 kB
Cached:           331660 kB
MemTotal:        1844596 kB
MemFree:         1282744 kB
MemAvailable:    1512804 kB
Buffers:           29032 kB
Cached:           331660 kB
MemTotal:        1844596 kB
MemFree:         1282512 kB
MemAvailable:    1512572 kB
Buffers:           29032 kB
Cached:           331660 kB
MemTotal:        1844596 kB
MemFree:         1282512 kB
MemAvailable:    1512572 kB
Buffers:           29032 kB
Cached:           331660 kB
MemTotal:        1844596 kB
MemFree:         1280844 kB
MemAvailable:    1510904 kB
Buffers:           29032 kB
Cached:           331660 kB
MemTotal:        1844596 kB
MemFree:         1281820 kB
MemAvailable:    1511880 kB
Buffers:           29032 kB
Cached:           331660 kB
MemTotal:        1844596 kB
MemFree:         1279968 kB
MemAvailable:    1510028 kB
Buffers:           29032 kB
Cached:           331660 kB
MemTotal:        1844596 kB
MemFree:         1281052 kB
MemAvailable:    1511112 kB
Buffers:           29032 kB
Cached:           331660 kB
MemTotal:        1844596 kB
MemFree:         1279736 kB
MemAvailable:    1509796 kB
Buffers:           29032 kB
Cached:           331660 kB
MemTotal:        1844596 kB
MemFree:         1280780 kB
MemAvailable:    1510844 kB
Buffers:           29032 kB
Cached:           331664 kB
MemTotal:        1844596 kB
MemFree:         1280648 kB
MemAvailable:    1510712 kB
Buffers:           29032 kB
Cached:           331664 kB
MemTotal:        1844596 kB
MemFree:         1279844 kB
MemAvailable:    1509908 kB
Buffers:           29032 kB
Cached:           331664 kB
MemTotal:        1844596 kB
MemFree:         1280100 kB
MemAvailable:    1510164 kB
Buffers:           29032 kB
Cached:           331664 kB
MemTotal:        1844596 kB
MemFree:         1277604 kB
MemAvailable:    1507668 kB
Buffers:           29032 kB
Cached:           331664 kB
MemTotal:        1844596 kB
MemFree:         1277440 kB
MemAvailable:    1507504 kB
Buffers:           29032 kB
Cached:           331664 kB
MemTotal:        1844596 kB
MemFree:         1277116 kB
MemAvailable:    1507180 kB
Buffers:           29032 kB
Cached:           331664 kB
MemTotal:        1844596 kB
MemFree:         1278240 kB
MemAvailable:    1508304 kB
Buffers:           29032 kB
Cached:           331664 kB
MemTotal:        1844596 kB
MemFree:         1277604 kB
MemAvailable:    1507668 kB
Buffers:           29032 kB
Cached:           331664 kB
MemTotal:        1844596 kB
MemFree:         1277940 kB
MemAvailable:    1508004 kB
Buffers:           29032 kB
Cached:           331664 kB
MemTotal:        1844596 kB
MemFree:         1276496 kB
MemAvailable:    1506560 kB
Buffers:           29032 kB
Cached:           331664 kB
MemTotal:        1844596 kB
MemFree:         1277480 kB
MemAvailable:    1507544 kB
Buffers:           29032 kB
Cached:           331664 kB
MemTotal:        1844596 kB
MemFree:         1276232 kB
MemAvailable:    1506296 kB
Buffers:           29032 kB
Cached:           331664 kB
MemTotal:        1844596 kB
MemFree:         1277424 kB
MemAvailable:    1507488 kB
Buffers:           29032 kB
Cached:           331664 kB
MemTotal:        1844596 kB
MemFree:         1277372 kB
MemAvailable:    1507436 kB
Buffers:           29032 kB
Cached:           331664 kB
MemTotal:        1844596 kB
MemFree:         1277552 kB
MemAvailable:    1507616 kB
Buffers:           29032 kB
Cached:           331664 kB
MemTotal:        1844596 kB
MemFree:         1277124 kB
MemAvailable:    1507188 kB
Buffers:           29032 kB
Cached:           331664 kB
MemTotal:        1844596 kB
MemFree:         1276108 kB
MemAvailable:    1506172 kB
Buffers:           29032 kB
Cached:           331664 kB
MemTotal:        1844596 kB
MemFree:         1277540 kB
MemAvailable:    1507604 kB
Buffers:           29032 kB
Cached:           331664 kB
MemTotal:        1844596 kB
MemFree:         1277540 kB
MemAvailable:    1507604 kB
Buffers:           29032 kB
Cached:           331664 kB
MemTotal:        1844596 kB
MemFree:         1277464 kB
MemAvailable:    1507528 kB
Buffers:           29032 kB
Cached:           331664 kB
MemTotal:        1844596 kB
MemFree:         1277548 kB
MemAvailable:    1507612 kB
Buffers:           29032 kB
Cached:           331664 kB
MemTotal:        1844596 kB
MemFree:         1277184 kB
MemAvailable:    1507248 kB
Buffers:           29032 kB
Cached:           331664 kB
MemTotal:        1844596 kB
MemFree:         1277520 kB
MemAvailable:    1507584 kB
Buffers:           29032 kB
Cached:           331664 kB
MemTotal:        1844596 kB
MemFree:         1277412 kB
MemAvailable:    1507476 kB
Buffers:           29032 kB
Cached:           331664 kB
MemTotal:        1844596 kB
MemFree:         1277220 kB
MemAvailable:    1507284 kB
Buffers:           29032 kB
Cached:           331664 kB
MemTotal:        1844596 kB
MemFree:         1277384 kB
MemAvailable:    1507448 kB
Buffers:           29032 kB
Cached:           331664 kB
MemTotal:        1844596 kB
MemFree:         1276876 kB
MemAvailable:    1506940 kB
Buffers:           29032 kB
Cached:           331664 kB
MemTotal:        1844596 kB
MemFree:         1277180 kB
MemAvailable:    1507244 kB
Buffers:           29032 kB
Cached:           331664 kB
MemTotal:        1844596 kB
MemFree:         1277432 kB
MemAvailable:    1507496 kB
Buffers:           29032 kB
Cached:           331664 kB
MemTotal:        1844596 kB
MemFree:         1277304 kB
MemAvailable:    1507368 kB
Buffers:           29032 kB
Cached:           331664 kB
MemTotal:        1844596 kB
MemFree:         1277472 kB
MemAvailable:    1507536 kB
Buffers:           29032 kB
Cached:           331664 kB
MemTotal:        1844596 kB
MemFree:         1277052 kB
MemAvailable:    1507116 kB
Buffers:           29032 kB
Cached:           331664 kB
MemTotal:        1844596 kB
MemFree:         1277388 kB
MemAvailable:    1507452 kB
Buffers:           29032 kB
Cached:           331664 kB
MemTotal:        1844596 kB
MemFree:         1276228 kB
MemAvailable:    1506292 kB
Buffers:           29032 kB
Cached:           331664 kB
MemTotal:        1844596 kB
MemFree:         1276112 kB
MemAvailable:    1506176 kB
Buffers:           29032 kB
Cached:           331664 kB
MemTotal:        1844596 kB
MemFree:         1277468 kB
MemAvailable:    1507532 kB
Buffers:           29032 kB
Cached:           331664 kB
MemTotal:        1844596 kB
MemFree:         1276876 kB
MemAvailable:    1506816 kB
Buffers:           29032 kB
Cached:           331664 kB
MemTotal:        1844596 kB
MemFree:         1277052 kB
MemAvailable:    1507116 kB
Buffers:           29032 kB
Cached:           331664 kB
MemTotal:        1844596 kB
MemFree:         1277388 kB
MemAvailable:    1507452 kB
Buffers:           29032 kB
Cached:           331664 kB
MemTotal:        1844596 kB
MemFree:         1275256 kB
MemAvailable:    1505320 kB
Buffers:           29032 kB
Cached:           331664 kB
MemTotal:        1844596 kB
MemFree:         1276060 kB
MemAvailable:    1506124 kB
Buffers:           29032 kB
Cached:           331664 kB
MemTotal:        1844596 kB
MemFree:         1274892 kB
MemAvailable:    1504956 kB
Buffers:           29032 kB
Cached:           331664 kB
MemTotal:        1844596 kB
MemFree:         1274884 kB
MemAvailable:    1504948 kB
Buffers:           29032 kB
Cached:           331664 kB
MemTotal:        1844596 kB
MemFree:         1274884 kB
MemAvailable:    1504948 kB
Buffers:           29032 kB
Cached:           331664 kB
MemTotal:        1844596 kB
MemFree:         1272024 kB
MemAvailable:    1502088 kB
Buffers:           29032 kB
Cached:           331664 kB
MemTotal:        1844596 kB
MemFree:         1272360 kB
MemAvailable:    1502424 kB
Buffers:           29032 kB
Cached:           331664 kB
MemTotal:        1844596 kB
MemFree:         1267568 kB
MemAvailable:    1497632 kB
Buffers:           29032 kB
Cached:           331664 kB
MemTotal:        1844596 kB
MemFree:         1267568 kB
MemAvailable:    1497632 kB
Buffers:           29032 kB
Cached:           331664 kB
MemTotal:        1844596 kB
MemFree:         1263104 kB
MemAvailable:    1493168 kB
Buffers:           29032 kB
Cached:           331664 kB
MemTotal:        1844596 kB
MemFree:         1260136 kB
MemAvailable:    1490200 kB
Buffers:           29032 kB
Cached:           331664 kB
MemTotal:        1844596 kB
MemFree:         1258956 kB
MemAvailable:    1489020 kB
Buffers:           29032 kB
Cached:           331664 kB
MemTotal:        1844596 kB
MemFree:         1258716 kB
MemAvailable:    1488788 kB
Buffers:           29032 kB
Cached:           331672 kB
MemTotal:        1844596 kB
MemFree:         1258716 kB
MemAvailable:    1488788 kB
Buffers:           29032 kB
Cached:           331672 kB
MemTotal:        1844596 kB
MemFree:         1257608 kB
MemAvailable:    1487680 kB
Buffers:           29032 kB
Cached:           331672 kB
MemTotal:        1844596 kB
MemFree:         1257476 kB
MemAvailable:    1487548 kB
Buffers:           29032 kB
Cached:           331672 kB
MemTotal:        1844596 kB
MemFree:         1258652 kB
MemAvailable:    1488724 kB
Buffers:           29032 kB
Cached:           331672 kB
MemTotal:        1844596 kB
MemFree:         1258328 kB
MemAvailable:    1488400 kB
Buffers:           29032 kB
Cached:           331672 kB
MemTotal:        1844596 kB
MemFree:         1258584 kB
MemAvailable:    1488656 kB
Buffers:           29032 kB
Cached:           331672 kB
MemTotal:        1844596 kB
MemFree:         1257204 kB
MemAvailable:    1487276 kB
Buffers:           29032 kB
Cached:           331672 kB
MemTotal:        1844596 kB
MemFree:         1258188 kB
MemAvailable:    1488260 kB
Buffers:           29032 kB
Cached:           331672 kB
MemTotal:        1844596 kB
MemFree:         1258400 kB
MemAvailable:    1488472 kB
Buffers:           29032 kB
Cached:           331672 kB
MemTotal:        1844596 kB
MemFree:         1258248 kB
MemAvailable:    1488320 kB
Buffers:           29032 kB
Cached:           331672 kB
MemTotal:        1844596 kB
MemFree:         1258248 kB
MemAvailable:    1488320 kB
Buffers:           29032 kB
Cached:           331672 kB
MemTotal:        1844596 kB
MemFree:         1257708 kB
MemAvailable:    1487780 kB
Buffers:           29032 kB
Cached:           331672 kB
MemTotal:        1844596 kB
MemFree:         1257708 kB
MemAvailable:    1487780 kB
Buffers:           29032 kB
Cached:           331672 kB
MemTotal:        1844596 kB
MemFree:         1257596 kB
MemAvailable:    1487668 kB
Buffers:           29032 kB
Cached:           331672 kB
MemTotal:        1844596 kB
MemFree:         1257596 kB
MemAvailable:    1487668 kB
Buffers:           29032 kB
Cached:           331672 kB
MemTotal:        1844596 kB
MemFree:         1256360 kB
MemAvailable:    1486432 kB
Buffers:           29032 kB
Cached:           331672 kB
MemTotal:        1844596 kB
MemFree:         1256492 kB
MemAvailable:    1486564 kB
Buffers:           29032 kB
Cached:           331672 kB
MemTotal:        1844596 kB
MemFree:         1257524 kB
MemAvailable:    1487596 kB
Buffers:           29032 kB
Cached:           331672 kB
MemTotal:        1844596 kB
MemFree:         1257524 kB
MemAvailable:    1487596 kB
Buffers:           29032 kB
Cached:           331672 kB
MemTotal:        1844596 kB
MemFree:         1257476 kB
MemAvailable:    1487548 kB
Buffers:           29032 kB
Cached:           331672 kB
MemTotal:        1844596 kB
MemFree:         1257732 kB
MemAvailable:    1487804 kB
Buffers:           29032 kB
Cached:           331672 kB
MemTotal:        1844596 kB
MemFree:         1257536 kB
MemAvailable:    1487608 kB
Buffers:           29032 kB
Cached:           331672 kB
MemTotal:        1844596 kB
MemFree:         1256360 kB
MemAvailable:    1486432 kB
Buffers:           29032 kB
Cached:           331672 kB
MemTotal:        1844596 kB
MemFree:         1257600 kB
MemAvailable:    1487672 kB
Buffers:           29032 kB
Cached:           331672 kB
MemTotal:        1844596 kB
MemFree:         1256788 kB
MemAvailable:    1486860 kB
Buffers:           29032 kB
Cached:           331672 kB
MemTotal:        1844596 kB
MemFree:         1257380 kB
MemAvailable:    1487452 kB
Buffers:           29032 kB
Cached:           331672 kB
MemTotal:        1844596 kB
MemFree:         1257716 kB
MemAvailable:    1487788 kB
Buffers:           29032 kB
Cached:           331672 kB
MemTotal:        1844596 kB
MemFree:         1256388 kB
MemAvailable:    1486460 kB
Buffers:           29032 kB
Cached:           331672 kB
MemTotal:        1844596 kB
MemFree:         1256272 kB
MemAvailable:    1486344 kB
Buffers:           29032 kB
Cached:           331672 kB
MemTotal:        1844596 kB
MemFree:         1257656 kB
MemAvailable:    1487728 kB
Buffers:           29032 kB
Cached:           331672 kB
MemTotal:        1844596 kB
MemFree:         1256788 kB
MemAvailable:    1486860 kB
Buffers:           29032 kB
Cached:           331672 kB
MemTotal:        1844596 kB
MemFree:         1257536 kB
MemAvailable:    1487608 kB
Buffers:           29032 kB
Cached:           331672 kB
MemTotal:        1844596 kB
MemFree:         1256404 kB
MemAvailable:    1486476 kB
Buffers:           29032 kB
Cached:           331672 kB
MemTotal:        1844596 kB
MemFree:         1257560 kB
MemAvailable:    1487632 kB
Buffers:           29032 kB
Cached:           331672 kB
MemTotal:        1844596 kB
MemFree:         1257732 kB
MemAvailable:    1487804 kB
Buffers:           29032 kB
Cached:           331672 kB
MemTotal:        1844596 kB
MemFree:         1257504 kB
MemAvailable:    1487576 kB
Buffers:           29032 kB
Cached:           331672 kB
MemTotal:        1844596 kB
MemFree:         1257756 kB
MemAvailable:    1487828 kB
Buffers:           29032 kB
Cached:           331672 kB
MemTotal:        1844596 kB
MemFree:         1257704 kB
MemAvailable:    1487776 kB
Buffers:           29032 kB
Cached:           331672 kB
MemTotal:        1844596 kB
MemFree:         1257656 kB
MemAvailable:    1487728 kB
Buffers:           29032 kB
Cached:           331672 kB
MemTotal:        1844596 kB
MemFree:         1255920 kB
MemAvailable:    1485992 kB
Buffers:           29032 kB
Cached:           331672 kB
MemTotal:        1844596 kB
MemFree:         1253192 kB
MemAvailable:    1483264 kB
Buffers:           29032 kB
Cached:           331672 kB
MemTotal:        1844596 kB
MemFree:         1251828 kB
MemAvailable:    1481900 kB
Buffers:           29032 kB
Cached:           331672 kB
MemTotal:        1844596 kB
MemFree:         1249160 kB
MemAvailable:    1479232 kB
Buffers:           29032 kB
Cached:           331672 kB
MemTotal:        1844596 kB
MemFree:         1246348 kB
MemAvailable:    1476420 kB
Buffers:           29032 kB
Cached:           331672 kB
MemTotal:        1844596 kB
MemFree:         1246432 kB
MemAvailable:    1476504 kB
Buffers:           29032 kB
Cached:           331672 kB
MemTotal:        1844596 kB
MemFree:         1241280 kB
MemAvailable:    1471352 kB
Buffers:           29032 kB
Cached:           331672 kB
MemTotal:        1844596 kB
MemFree:         1241280 kB
MemAvailable:    1471352 kB
Buffers:           29032 kB
Cached:           331672 kB
MemTotal:        1844596 kB
MemFree:         1240048 kB
MemAvailable:    1470120 kB
Buffers:           29032 kB
Cached:           331672 kB
MemTotal:        1844596 kB
MemFree:         1239784 kB
MemAvailable:    1469856 kB
Buffers:           29032 kB
Cached:           331672 kB
MemTotal:        1844596 kB
MemFree:         1240040 kB
MemAvailable:    1470112 kB
Buffers:           29032 kB
Cached:           331672 kB
MemTotal:        1844596 kB
MemFree:         1239736 kB
MemAvailable:    1469808 kB
Buffers:           29032 kB
Cached:           331672 kB
MemTotal:        1844596 kB
MemFree:         1239904 kB
MemAvailable:    1469976 kB
Buffers:           29032 kB
Cached:           331672 kB
MemTotal:        1844596 kB
MemFree:         1238528 kB
MemAvailable:    1468600 kB
Buffers:           29032 kB
Cached:           331672 kB
MemTotal:        1844596 kB
MemFree:         1239764 kB
MemAvailable:    1469836 kB
Buffers:           29032 kB
Cached:           331672 kB
MemTotal:        1844596 kB
MemFree:         1240020 kB
MemAvailable:    1470092 kB
Buffers:           29032 kB
Cached:           331672 kB
MemTotal:        1844596 kB
MemFree:         1239632 kB
MemAvailable:    1469704 kB
Buffers:           29032 kB
Cached:           331672 kB
MemTotal:        1844596 kB
MemFree:         1239632 kB
MemAvailable:    1469704 kB
Buffers:           29032 kB
Cached:           331672 kB
MemTotal:        1844596 kB
MemFree:         1239504 kB
MemAvailable:    1469576 kB
Buffers:           29032 kB
Cached:           331672 kB
MemTotal:        1844596 kB
MemFree:         1239416 kB
MemAvailable:    1469488 kB
Buffers:           29032 kB
Cached:           331672 kB
MemTotal:        1844596 kB
MemFree:         1238188 kB
MemAvailable:    1468260 kB
Buffers:           29032 kB
Cached:           331672 kB
MemTotal:        1844596 kB
MemFree:         1238264 kB
MemAvailable:    1468336 kB
Buffers:           29032 kB
Cached:           331672 kB
MemTotal:        1844596 kB
MemFree:         1239380 kB
MemAvailable:    1469452 kB
Buffers:           29032 kB
Cached:           331672 kB
MemTotal:        1844596 kB
MemFree:         1239436 kB
MemAvailable:    1469508 kB
Buffers:           29032 kB
Cached:           331672 kB
MemTotal:        1844596 kB
MemFree:         1239472 kB
MemAvailable:    1469544 kB
Buffers:           29032 kB
Cached:           331672 kB
MemTotal:        1844596 kB
MemFree:         1238560 kB
MemAvailable:    1468632 kB
Buffers:           29032 kB
Cached:           331672 kB
MemTotal:        1844596 kB
MemFree:         1239676 kB
MemAvailable:    1469752 kB
Buffers:           29032 kB
Cached:           331676 kB
MemTotal:        1844596 kB
MemFree:         1239232 kB
MemAvailable:    1469308 kB
Buffers:           29032 kB
Cached:           331676 kB
MemTotal:        1844596 kB
MemFree:         1238932 kB
MemAvailable:    1469008 kB
Buffers:           29032 kB
Cached:           331676 kB
MemTotal:        1844596 kB
MemFree:         1238000 kB
MemAvailable:    1468076 kB
Buffers:           29032 kB
Cached:           331676 kB
MemTotal:        1844596 kB
MemFree:         1239408 kB
MemAvailable:    1469484 kB
Buffers:           29032 kB
Cached:           331676 kB
MemTotal:        1844596 kB
MemFree:         1239408 kB
MemAvailable:    1469484 kB
Buffers:           29032 kB
Cached:           331676 kB
MemTotal:        1844596 kB
MemFree:         1239440 kB
MemAvailable:    1469516 kB
Buffers:           29032 kB
Cached:           331676 kB
MemTotal:        1844596 kB
MemFree:         1238300 kB
MemAvailable:    1468376 kB
Buffers:           29032 kB
Cached:           331676 kB
MemTotal:        1844596 kB
MemFree:         1239368 kB
MemAvailable:    1469444 kB
Buffers:           29032 kB
Cached:           331676 kB
MemTotal:        1844596 kB
MemFree:         1239368 kB
MemAvailable:    1469444 kB
Buffers:           29032 kB
Cached:           331676 kB
MemTotal:        1844596 kB
MemFree:         1239504 kB
MemAvailable:    1469580 kB
Buffers:           29032 kB
Cached:           331676 kB
MemTotal:        1844596 kB
MemFree:         1239496 kB
MemAvailable:    1469572 kB
Buffers:           29032 kB
Cached:           331676 kB
MemTotal:        1844596 kB
MemFree:         1239560 kB
MemAvailable:    1469636 kB
Buffers:           29032 kB
Cached:           331676 kB
MemTotal:        1844596 kB
MemFree:         1239296 kB
MemAvailable:    1469380 kB
Buffers:           29032 kB
Cached:           331684 kB
MemTotal:        1844596 kB
MemFree:         1238196 kB
MemAvailable:    1468280 kB
Buffers:           29032 kB
Cached:           331684 kB
MemTotal:        1844596 kB
MemFree:         1239296 kB
MemAvailable:    1469380 kB
Buffers:           29032 kB
Cached:           331684 kB
MemTotal:        1844596 kB
MemFree:         1239636 kB
MemAvailable:    1469720 kB
Buffers:           29036 kB
Cached:           331680 kB
MemTotal:        1844596 kB
MemFree:         1239408 kB
MemAvailable:    1469492 kB
Buffers:           29040 kB
Cached:           331676 kB
MemTotal:        1844596 kB
MemFree:         1239408 kB
MemAvailable:    1469492 kB
Buffers:           29040 kB
Cached:           331676 kB
MemTotal:        1844596 kB
MemFree:         1239256 kB
MemAvailable:    1469340 kB
Buffers:           29040 kB
Cached:           331676 kB
MemTotal:        1844596 kB
MemFree:         1237080 kB
MemAvailable:    1467164 kB
Buffers:           29040 kB
Cached:           331676 kB
MemTotal:        1844596 kB
MemFree:         1234040 kB
MemAvailable:    1464124 kB
Buffers:           29040 kB
Cached:           331676 kB
MemTotal:        1844596 kB
MemFree:         1231252 kB
MemAvailable:    1461336 kB
Buffers:           29040 kB
Cached:           331676 kB
MemTotal:        1844596 kB
MemFree:         1228276 kB
MemAvailable:    1458360 kB
Buffers:           29040 kB
Cached:           331676 kB
MemTotal:        1844596 kB
MemFree:         1224120 kB
MemAvailable:    1454204 kB
Buffers:           29040 kB
Cached:           331676 kB
MemTotal:        1844596 kB
MemFree:         1220960 kB
MemAvailable:    1451044 kB
Buffers:           29040 kB
Cached:           331676 kB
MemTotal:        1844596 kB
MemFree:         1221076 kB
MemAvailable:    1451160 kB
Buffers:           29040 kB
Cached:           331676 kB
MemTotal:        1844596 kB
MemFree:         1221752 kB
MemAvailable:    1451836 kB
Buffers:           29040 kB
Cached:           331676 kB
MemTotal:        1844596 kB
MemFree:         1222004 kB
MemAvailable:    1452088 kB
Buffers:           29040 kB
Cached:           331676 kB
MemTotal:        1844596 kB
MemFree:         1221808 kB
MemAvailable:    1451892 kB
Buffers:           29040 kB
Cached:           331676 kB
MemTotal:        1844596 kB
MemFree:         1221960 kB
MemAvailable:    1452044 kB
Buffers:           29040 kB
Cached:           331676 kB
MemTotal:        1844596 kB
MemFree:         1221840 kB
MemAvailable:    1451924 kB
Buffers:           29040 kB
Cached:           331676 kB
MemTotal:        1844596 kB
MemFree:         1221876 kB
MemAvailable:    1451960 kB
Buffers:           29040 kB
Cached:           331676 kB
MemTotal:        1844596 kB
MemFree:         1221804 kB
MemAvailable:    1451888 kB
Buffers:           29040 kB
Cached:           331676 kB
MemTotal:        1844596 kB
MemFree:         1222056 kB
MemAvailable:    1452140 kB
Buffers:           29040 kB
Cached:           331676 kB
MemTotal:        1844596 kB
MemFree:         1220836 kB
MemAvailable:    1450920 kB
Buffers:           29040 kB
Cached:           331676 kB
MemTotal:        1844596 kB
MemFree:         1222188 kB
MemAvailable:    1452272 kB
Buffers:           29040 kB
Cached:           331676 kB
MemTotal:        1844596 kB
MemFree:         1222208 kB
MemAvailable:    1452292 kB
Buffers:           29040 kB
Cached:           331676 kB
MemTotal:        1844596 kB
MemFree:         1221208 kB
MemAvailable:    1451292 kB
Buffers:           29040 kB
Cached:           331676 kB
MemTotal:        1844596 kB
MemFree:         1221940 kB
MemAvailable:    1452024 kB
Buffers:           29040 kB
Cached:           331676 kB
MemTotal:        1844596 kB
MemFree:         1221828 kB
MemAvailable:    1451912 kB
Buffers:           29040 kB
Cached:           331676 kB
MemTotal:        1844596 kB
MemFree:         1221672 kB
MemAvailable:    1451756 kB
Buffers:           29040 kB
Cached:           331676 kB
MemTotal:        1844596 kB
MemFree:         1221928 kB
MemAvailable:    1452012 kB
Buffers:           29040 kB
Cached:           331676 kB
MemTotal:        1844596 kB
MemFree:         1221888 kB
MemAvailable:    1451972 kB
Buffers:           29040 kB
Cached:           331676 kB
MemTotal:        1844596 kB
MemFree:         1221904 kB
MemAvailable:    1451988 kB
Buffers:           29040 kB
Cached:           331676 kB
MemTotal:        1844596 kB
MemFree:         1221656 kB
MemAvailable:    1451740 kB
Buffers:           29040 kB
Cached:           331676 kB
MemTotal:        1844596 kB
MemFree:         1221716 kB
MemAvailable:    1451800 kB
Buffers:           29040 kB
Cached:           331676 kB
MemTotal:        1844596 kB
MemFree:         1221756 kB
MemAvailable:    1451840 kB
Buffers:           29040 kB
Cached:           331676 kB
MemTotal:        1844596 kB
MemFree:         1221332 kB
MemAvailable:    1451416 kB
Buffers:           29040 kB
Cached:           331676 kB
MemTotal:        1844596 kB
MemFree:         1221268 kB
MemAvailable:    1451352 kB
Buffers:           29040 kB
Cached:           331676 kB
MemTotal:        1844596 kB
MemFree:         1221084 kB
MemAvailable:    1451168 kB
Buffers:           29040 kB
Cached:           331676 kB
MemTotal:        1844596 kB
MemFree:         1219968 kB
MemAvailable:    1450052 kB
Buffers:           29040 kB
Cached:           331676 kB
MemTotal:        1844596 kB
MemFree:         1221192 kB
MemAvailable:    1451276 kB
Buffers:           29040 kB
Cached:           331676 kB
MemTotal:        1844596 kB
MemFree:         1219836 kB
MemAvailable:    1449920 kB
Buffers:           29040 kB
Cached:           331676 kB
MemTotal:        1844596 kB
MemFree:         1219208 kB
MemAvailable:    1449292 kB
Buffers:           29040 kB
Cached:           331676 kB
MemTotal:        1844596 kB
MemFree:         1219208 kB
MemAvailable:    1449292 kB
Buffers:           29040 kB
Cached:           331676 kB
MemTotal:        1844596 kB
MemFree:         1215000 kB
MemAvailable:    1445084 kB
Buffers:           29040 kB
Cached:           331676 kB
MemTotal:        1844596 kB
MemFree:         1215008 kB
MemAvailable:    1445092 kB
Buffers:           29040 kB
Cached:           331676 kB
MemTotal:        1844596 kB
MemFree:         1210032 kB
MemAvailable:    1440116 kB
Buffers:           29040 kB
Cached:           331676 kB
MemTotal:        1844596 kB
MemFree:         1209992 kB
MemAvailable:    1440076 kB
Buffers:           29040 kB
Cached:           331676 kB
MemTotal:        1844596 kB
MemFree:         1206264 kB
MemAvailable:    1436348 kB
Buffers:           29040 kB
Cached:           331676 kB
MemTotal:        1844596 kB
MemFree:         1203592 kB
MemAvailable:    1433676 kB
Buffers:           29040 kB
Cached:           331676 kB
MemTotal:        1844596 kB
MemFree:         1201104 kB
MemAvailable:    1431188 kB
Buffers:           29040 kB
Cached:           331676 kB
MemTotal:        1844596 kB
MemFree:         1201552 kB
MemAvailable:    1431636 kB
Buffers:           29040 kB
Cached:           331676 kB
MemTotal:        1844596 kB
MemFree:         1197896 kB
MemAvailable:    1427980 kB
Buffers:           29040 kB
Cached:           331676 kB
MemTotal:        1844596 kB
MemFree:         1197212 kB
MemAvailable:    1427296 kB
Buffers:           29040 kB
Cached:           331676 kB
MemTotal:        1844596 kB
MemFree:         1194796 kB
MemAvailable:    1424880 kB
Buffers:           29040 kB
Cached:           331676 kB
MemTotal:        1844596 kB
MemFree:         1193988 kB
MemAvailable:    1424072 kB
Buffers:           29040 kB
Cached:           331676 kB
MemTotal:        1844596 kB
MemFree:         1190332 kB
MemAvailable:    1420416 kB
Buffers:           29040 kB
Cached:           331676 kB
MemTotal:        1844596 kB
MemFree:         1190324 kB
MemAvailable:    1420408 kB
Buffers:           29040 kB
Cached:           331676 kB
MemTotal:        1844596 kB
MemFree:         1189928 kB
MemAvailable:    1420012 kB
Buffers:           29040 kB
Cached:           331676 kB
MemTotal:        1844596 kB
MemFree:         1190180 kB
MemAvailable:    1420264 kB
Buffers:           29040 kB
Cached:           331676 kB
MemTotal:        1844596 kB
MemFree:         1189932 kB
MemAvailable:    1420016 kB
Buffers:           29040 kB
Cached:           331676 kB
MemTotal:        1844596 kB
MemFree:         1190268 kB
MemAvailable:    1420352 kB
Buffers:           29040 kB
Cached:           331676 kB
MemTotal:        1844596 kB
MemFree:         1188908 kB
MemAvailable:    1418992 kB
Buffers:           29040 kB
Cached:           331676 kB
MemTotal:        1844596 kB
MemFree:         1188776 kB
MemAvailable:    1418860 kB
Buffers:           29040 kB
Cached:           331676 kB
MemTotal:        1844596 kB
MemFree:         1189952 kB
MemAvailable:    1420036 kB
Buffers:           29040 kB
Cached:           331676 kB
MemTotal:        1844596 kB
MemFree:         1190016 kB
MemAvailable:    1420100 kB
Buffers:           29040 kB
Cached:           331676 kB
MemTotal:        1844596 kB
MemFree:         1188896 kB
MemAvailable:    1418980 kB
Buffers:           29040 kB
Cached:           331676 kB
MemTotal:        1844596 kB
MemFree:         1188340 kB
MemAvailable:    1418424 kB
Buffers:           29040 kB
Cached:           331676 kB
MemTotal:        1844596 kB
MemFree:         1189152 kB
MemAvailable:    1419236 kB
Buffers:           29040 kB
Cached:           331676 kB
MemTotal:        1844596 kB
MemFree:         1187852 kB
MemAvailable:    1417936 kB
Buffers:           29040 kB
Cached:           331676 kB
MemTotal:        1844596 kB
MemFree:         1188820 kB
MemAvailable:    1418912 kB
Buffers:           29040 kB
Cached:           331684 kB
MemTotal:        1844596 kB
MemFree:         1188820 kB
MemAvailable:    1418912 kB
Buffers:           29040 kB
Cached:           331684 kB
MemTotal:        1844596 kB
MemFree:         1188648 kB
MemAvailable:    1418740 kB
Buffers:           29040 kB
Cached:           331684 kB
MemTotal:        1844596 kB
MemFree:         1188900 kB
MemAvailable:    1418992 kB
Buffers:           29040 kB
Cached:           331684 kB
MemTotal:        1844596 kB
MemFree:         1188596 kB
MemAvailable:    1418688 kB
Buffers:           29040 kB
Cached:           331684 kB
MemTotal:        1844596 kB
MemFree:         1188324 kB
MemAvailable:    1418416 kB
Buffers:           29040 kB
Cached:           331684 kB
MemTotal:        1844596 kB
MemFree:         1188324 kB
MemAvailable:    1418416 kB
Buffers:           29040 kB
Cached:           331684 kB
MemTotal:        1844596 kB
MemFree:         1187212 kB
MemAvailable:    1417304 kB
Buffers:           29040 kB
Cached:           331684 kB
MemTotal:        1844596 kB
MemFree:         1186964 kB
MemAvailable:    1417056 kB
Buffers:           29040 kB
Cached:           331684 kB
MemTotal:        1844596 kB
MemFree:         1188160 kB
MemAvailable:    1418252 kB
Buffers:           29040 kB
Cached:           331684 kB
MemTotal:        1844596 kB
MemFree:         1187852 kB
MemAvailable:    1417952 kB
Buffers:           29040 kB
Cached:           331692 kB
MemTotal:        1844596 kB
MemFree:         1186736 kB
MemAvailable:    1416836 kB
Buffers:           29040 kB
Cached:           331692 kB
MemTotal:        1844596 kB
MemFree:         1187152 kB
MemAvailable:    1417252 kB
Buffers:           29040 kB
Cached:           331692 kB
MemTotal:        1844596 kB
MemFree:         1186480 kB
MemAvailable:    1416580 kB
Buffers:           29040 kB
Cached:           331692 kB
MemTotal:        1844596 kB
MemFree:         1186564 kB
MemAvailable:    1416664 kB
Buffers:           29040 kB
Cached:           331692 kB
MemTotal:        1844596 kB
MemFree:         1184868 kB
MemAvailable:    1414968 kB
Buffers:           29040 kB
Cached:           331692 kB
MemTotal:        1844596 kB
MemFree:         1186240 kB
MemAvailable:    1416340 kB
Buffers:           29040 kB
Cached:           331692 kB
MemTotal:        1844596 kB
MemFree:         1184744 kB
MemAvailable:    1414844 kB
Buffers:           29040 kB
Cached:           331692 kB
MemTotal:        1844596 kB
MemFree:         1186108 kB
MemAvailable:    1416208 kB
Buffers:           29040 kB
Cached:           331692 kB
MemTotal:        1844596 kB
MemFree:         1185920 kB
MemAvailable:    1416020 kB
Buffers:           29040 kB
Cached:           331692 kB
MemTotal:        1844596 kB
MemFree:         1184752 kB
MemAvailable:    1414852 kB
Buffers:           29040 kB
Cached:           331692 kB
MemTotal:        1844596 kB
MemFree:         1185676 kB
MemAvailable:    1415776 kB
Buffers:           29040 kB
Cached:           331692 kB
MemTotal:        1844596 kB
MemFree:         1185900 kB
MemAvailable:    1416000 kB
Buffers:           29040 kB
Cached:           331692 kB
MemTotal:        1844596 kB
MemFree:         1185612 kB
MemAvailable:    1415712 kB
Buffers:           29040 kB
Cached:           331692 kB
MemTotal:        1844596 kB
MemFree:         1185868 kB
MemAvailable:    1415968 kB
Buffers:           29040 kB
Cached:           331692 kB
MemTotal:        1844596 kB
MemFree:         1184628 kB
MemAvailable:    1414728 kB
Buffers:           29040 kB
Cached:           331692 kB
MemTotal:        1844596 kB
MemFree:         1184876 kB
MemAvailable:    1414976 kB
Buffers:           29040 kB
Cached:           331692 kB
MemTotal:        1844596 kB
MemFree:         1184712 kB
MemAvailable:    1414812 kB
Buffers:           29040 kB
Cached:           331692 kB
MemTotal:        1844596 kB
MemFree:         1185124 kB
MemAvailable:    1415224 kB
Buffers:           29040 kB
Cached:           331692 kB
MemTotal:        1844596 kB
MemFree:         1185724 kB
MemAvailable:    1415824 kB
Buffers:           29040 kB
Cached:           331692 kB
MemTotal:        1844596 kB
MemFree:         1185980 kB
MemAvailable:    1416080 kB
Buffers:           29040 kB
Cached:           331692 kB
MemTotal:        1844596 kB
MemFree:         1184600 kB
MemAvailable:    1414700 kB
Buffers:           29040 kB
Cached:           331692 kB
MemTotal:        1844596 kB
MemFree:         1185584 kB
MemAvailable:    1415684 kB
Buffers:           29040 kB
Cached:           331692 kB
MemTotal:        1844596 kB
MemFree:         1185752 kB
MemAvailable:    1415852 kB
Buffers:           29040 kB
Cached:           331692 kB
MemTotal:        1844596 kB
MemFree:         1185804 kB
MemAvailable:    1415904 kB
Buffers:           29040 kB
Cached:           331692 kB
MemTotal:        1844596 kB
MemFree:         1185000 kB
MemAvailable:    1415100 kB
Buffers:           29040 kB
Cached:           331692 kB
MemTotal:        1844596 kB
MemFree:         1185248 kB
MemAvailable:    1415348 kB
Buffers:           29040 kB
Cached:           331692 kB
MemTotal:        1844596 kB
MemFree:         1186176 kB
MemAvailable:    1416276 kB
Buffers:           29040 kB
Cached:           331692 kB
MemTotal:        1844596 kB
MemFree:         1185984 kB
MemAvailable:    1416084 kB
Buffers:           29040 kB
Cached:           331692 kB
MemTotal:        1844596 kB
MemFree:         1185984 kB
MemAvailable:    1416084 kB
Buffers:           29040 kB
Cached:           331692 kB
MemTotal:        1844596 kB
MemFree:         1185672 kB
MemAvailable:    1415772 kB
Buffers:           29040 kB
Cached:           331692 kB
MemTotal:        1844596 kB
MemFree:         1184704 kB
MemAvailable:    1414804 kB
Buffers:           29040 kB
Cached:           331692 kB
MemTotal:        1844596 kB
MemFree:         1184696 kB
MemAvailable:    1414796 kB
Buffers:           29040 kB
Cached:           331692 kB
MemTotal:        1844596 kB
MemFree:         1185944 kB
MemAvailable:    1416044 kB
Buffers:           29040 kB
Cached:           331692 kB
MemTotal:        1844596 kB
MemFree:         1185000 kB
MemAvailable:    1415100 kB
Buffers:           29040 kB
Cached:           331692 kB
MemTotal:        1844596 kB
MemFree:         1185984 kB
MemAvailable:    1416088 kB
Buffers:           29040 kB
Cached:           331696 kB
MemTotal:        1844596 kB
MemFree:         1185984 kB
MemAvailable:    1416088 kB
Buffers:           29040 kB
Cached:           331696 kB
MemTotal:        1844596 kB
MemFree:         1184488 kB
MemAvailable:    1414592 kB
Buffers:           29040 kB
Cached:           331696 kB
MemTotal:        1844596 kB
MemFree:         1185796 kB
MemAvailable:    1415900 kB
Buffers:           29040 kB
Cached:           331696 kB
MemTotal:        1844596 kB
MemFree:         1185796 kB
MemAvailable:    1415900 kB
Buffers:           29040 kB
Cached:           331696 kB
MemTotal:        1844596 kB
MemFree:         1185728 kB
MemAvailable:    1415832 kB
Buffers:           29040 kB
Cached:           331696 kB
MemTotal:        1844596 kB
MemFree:         1185876 kB
MemAvailable:    1415980 kB
Buffers:           29040 kB
Cached:           331696 kB
MemTotal:        1844596 kB
MemFree:         1184620 kB
MemAvailable:    1414724 kB
Buffers:           29040 kB
Cached:           331696 kB
MemTotal:        1844596 kB
MemFree:         1185880 kB
MemAvailable:    1415984 kB
Buffers:           29040 kB
Cached:           331696 kB
MemTotal:        1844596 kB
MemFree:         1185856 kB
MemAvailable:    1415960 kB
Buffers:           29040 kB
Cached:           331696 kB
MemTotal:        1844596 kB
MemFree:         1185736 kB
MemAvailable:    1415840 kB
Buffers:           29040 kB
Cached:           331696 kB
MemTotal:        1844596 kB
MemFree:         1185620 kB
MemAvailable:    1415724 kB
Buffers:           29040 kB
Cached:           331696 kB
MemTotal:        1844596 kB
MemFree:         1182752 kB
MemAvailable:    1412856 kB
Buffers:           29040 kB
Cached:           331696 kB
MemTotal:        1844596 kB
MemFree:         1182752 kB
MemAvailable:    1412856 kB
Buffers:           29040 kB
Cached:           331696 kB
MemTotal:        1844596 kB
MemFree:         1179604 kB
MemAvailable:    1409708 kB
Buffers:           29040 kB
Cached:           331696 kB
MemTotal:        1844596 kB
MemFree:         1179148 kB
MemAvailable:    1409252 kB
Buffers:           29040 kB
Cached:           331696 kB
MemTotal:        1844596 kB
MemFree:         1179148 kB
MemAvailable:    1409252 kB
Buffers:           29040 kB
Cached:           331696 kB
MemTotal:        1844596 kB
MemFree:         1179104 kB
MemAvailable:    1409208 kB
Buffers:           29040 kB
Cached:           331696 kB
MemTotal:        1844596 kB
MemFree:         1178668 kB
MemAvailable:    1408772 kB
Buffers:           29040 kB
Cached:           331696 kB
MemTotal:        1844596 kB
MemFree:         1179604 kB
MemAvailable:    1409712 kB
Buffers:           29040 kB
Cached:           331700 kB
MemTotal:        1844596 kB
MemFree:         1178552 kB
MemAvailable:    1408660 kB
Buffers:           29040 kB
Cached:           331700 kB
MemTotal:        1844596 kB
MemFree:         1179112 kB
MemAvailable:    1409220 kB
Buffers:           29040 kB
Cached:           331700 kB
MemTotal:        1844596 kB
MemFree:         1179304 kB
MemAvailable:    1409412 kB
Buffers:           29040 kB
Cached:           331700 kB
MemTotal:        1844596 kB
MemFree:         1179048 kB
MemAvailable:    1409156 kB
Buffers:           29040 kB
Cached:           331700 kB
MemTotal:        1844596 kB
MemFree:         1178056 kB
MemAvailable:    1408164 kB
Buffers:           29040 kB
Cached:           331700 kB
MemTotal:        1844596 kB
MemFree:         1179184 kB
MemAvailable:    1409292 kB
Buffers:           29040 kB
Cached:           331700 kB
MemTotal:        1844596 kB
MemFree:         1178168 kB
MemAvailable:    1408276 kB
Buffers:           29040 kB
Cached:           331700 kB
MemTotal:        1844596 kB
MemFree:         1179040 kB
MemAvailable:    1409148 kB
Buffers:           29040 kB
Cached:           331700 kB
MemTotal:        1844596 kB
MemFree:         1179056 kB
MemAvailable:    1409164 kB
Buffers:           29040 kB
Cached:           331700 kB
MemTotal:        1844596 kB
MemFree:         1178992 kB
MemAvailable:    1409100 kB
Buffers:           29040 kB
Cached:           331700 kB
MemTotal:        1844596 kB
MemFree:         1179248 kB
MemAvailable:    1409356 kB
Buffers:           29040 kB
Cached:           331700 kB
MemTotal:        1844596 kB
MemFree:         1178868 kB
MemAvailable:    1409228 kB
Buffers:           29040 kB
Cached:           331948 kB
MemTotal:        1844596 kB
MemFree:         1178708 kB
MemAvailable:    1409152 kB
Buffers:           29040 kB
Cached:           332072 kB
MemTotal:        1844596 kB
MemFree:         1178468 kB
MemAvailable:    1408996 kB
Buffers:           29040 kB
Cached:           332196 kB
MemTotal:        1844596 kB
MemFree:         1178636 kB
MemAvailable:    1409164 kB
Buffers:           29040 kB
Cached:           332196 kB
MemTotal:        1844596 kB
MemFree:         1177172 kB
MemAvailable:    1407784 kB
Buffers:           29040 kB
Cached:           332320 kB
MemTotal:        1844596 kB
MemFree:         1177172 kB
MemAvailable:    1407784 kB
Buffers:           29040 kB
Cached:           332320 kB
MemTotal:        1844596 kB
MemFree:         1178404 kB
MemAvailable:    1409100 kB
Buffers:           29040 kB
Cached:           332320 kB
MemTotal:        1844596 kB
MemFree:         1178304 kB
MemAvailable:    1409000 kB
Buffers:           29040 kB
Cached:           332320 kB
MemTotal:        1844596 kB
MemFree:         1178400 kB
MemAvailable:    1409096 kB
Buffers:           29040 kB
Cached:           332320 kB
MemTotal:        1844596 kB
MemFree:         1178600 kB
MemAvailable:    1409296 kB
Buffers:           29040 kB
Cached:           332320 kB
MemTotal:        1844596 kB
MemFree:         1176996 kB
MemAvailable:    1407692 kB
Buffers:           29040 kB
Cached:           332320 kB
MemTotal:        1844596 kB
MemFree:         1178296 kB
MemAvailable:    1408992 kB
Buffers:           29040 kB
Cached:           332320 kB
MemTotal:        1844596 kB
MemFree:         1178636 kB
MemAvailable:    1409332 kB
Buffers:           29040 kB
Cached:           332320 kB
MemTotal:        1844596 kB
MemFree:         1178972 kB
MemAvailable:    1409140 kB
Buffers:           29040 kB
Cached:           331712 kB
MemTotal:        1844596 kB
MemFree:         1179224 kB
MemAvailable:    1409392 kB
Buffers:           29040 kB
Cached:           331712 kB
MemTotal:        1844596 kB
MemFree:         1217464 kB
MemAvailable:    1447580 kB
Buffers:           29040 kB
Cached:           331704 kB
MemTotal:        1844596 kB
MemFree:         1334192 kB
MemAvailable:    1564308 kB
Buffers:           29040 kB
Cached:           331704 kB
MemTotal:        1844596 kB
MemFree:         1373648 kB
MemAvailable:    1603764 kB
Buffers:           29040 kB
Cached:           331704 kB
