MemTotal:        1844596 kB
MemFree:         1316528 kB
MemAvailable:    1595084 kB
Buffers:           35820 kB
Cached:           374076 kB
MemTotal:        1844596 kB
MemFree:         1289440 kB
MemAvailable:    1568004 kB
Buffers:           35820 kB
Cached:           374084 kB
MemTotal:        1844596 kB
MemFree:         1287280 kB
MemAvailable:    1565844 kB
Buffers:           35820 kB
Cached:           374084 kB
MemTotal:        1844596 kB
MemFree:         1285924 kB
MemAvailable:    1564488 kB
Buffers:           35820 kB
Cached:           374084 kB
MemTotal:        1844596 kB
MemFree:         1285552 kB
MemAvailable:    1564116 kB
Buffers:           35820 kB
Cached:           374084 kB
MemTotal:        1844596 kB
MemFree:         1285164 kB
MemAvailable:    1563728 kB
Buffers:           35820 kB
Cached:           374084 kB
MemTotal:        1844596 kB
MemFree:         1284436 kB
MemAvailable:    1563000 kB
Buffers:           35820 kB
Cached:           374084 kB
MemTotal:        1844596 kB
MemFree:         1283568 kB
MemAvailable:    1562132 kB
Buffers:           35820 kB
Cached:           374084 kB
MemTotal:        1844596 kB
MemFree:         1280468 kB
MemAvailable:    1559032 kB
Buffers:           35820 kB
Cached:           374084 kB
MemTotal:        1844596 kB
MemFree:         1278908 kB
MemAvailable:    1557472 kB
Buffers:           35820 kB
Cached:           374084 kB
MemTotal:        1844596 kB
MemFree:         1274640 kB
MemAvailable:    1553204 kB
Buffers:           35820 kB
Cached:           374084 kB
MemTotal:        1844596 kB
MemFree:         1273028 kB
MemAvailable:    1551592 kB
Buffers:           35820 kB
Cached:           374084 kB
MemTotal:        1844596 kB
MemFree:         1273980 kB
MemAvailable:    1552544 kB
Buffers:           35820 kB
Cached:           374084 kB
MemTotal:        1844596 kB
MemFree:         1274996 kB
MemAvailable:    1553560 kB
Buffers:           35820 kB
Cached:           374084 kB
MemTotal:        1844596 kB
MemFree:         1275200 kB
MemAvailable:    1553764 kB
Buffers:           35820 kB
Cached:           374084 kB
MemTotal:        1844596 kB
MemFree:         1273872 kB
MemAvailable:    1552436 kB
Buffers:           35820 kB
Cached:           374084 kB
MemTotal:        1844596 kB
MemFree:         1273624 kB
MemAvailable:    1552188 kB
Buffers:           35820 kB
Cached:           374084 kB
MemTotal:        1844596 kB
MemFree:         1274732 kB
MemAvailable:    1553296 kB
Buffers:           35820 kB
Cached:           374084 kB
MemTotal:        1844596 kB
MemFree:         1273524 kB
MemAvailable:    1552088 kB
Buffers:           35820 kB
Cached:           374084 kB
MemTotal:        1844596 kB
MemFree:         1274724 kB
MemAvailable:    1553288 kB
Buffers:           35820 kB
Cached:           374084 kB
MemTotal:        1844596 kB
MemFree:         1273524 kB
MemAvailable:    1552088 kB
Buffers:           35820 kB
Cached:           374084 kB
MemTotal:        1844596 kB
MemFree:         1273228 kB
MemAvailable:    1551792 kB
Buffers:           35820 kB
Cached:           374084 kB
MemTotal:        1844596 kB
MemFree:         1274576 kB
MemAvailable:    1553140 kB
Buffers:           35820 kB
Cached:           374084 kB
MemTotal:        1844596 kB
MemFree:         1274252 kB
MemAvailable:    1552816 kB
Buffers:           35820 kB
Cached:           374084 kB
MemTotal:        1844596 kB
MemFree:         1274504 kB
MemAvailable:    1553068 kB
Buffers:           35820 kB
Cached:           374084 kB
MemTotal:        1844596 kB
MemFree:         1273896 kB
MemAvailable:    1552460 kB
Buffers:           35820 kB
Cached:           374084 kB
MemTotal:        1844596 kB
MemFree:         1272896 kB
MemAvailable:    1551460 kB
Buffers:           35820 kB
Cached:           374084 kB
MemTotal:        1844596 kB
MemFree:         1272648 kB
MemAvailable:    1551212 kB
Buffers:           35820 kB
Cached:           374084 kB
MemTotal:        1844596 kB
MemFree:         1273384 kB
MemAvailable:    1551948 kB
Buffers:           35820 kB
Cached:           374084 kB
MemTotal:        1844596 kB
MemFree:         1273276 kB
MemAvailable:    1551840 kB
Buffers:           35820 kB
Cached:           374084 kB
MemTotal:        1844596 kB
MemFree:         1271972 kB
MemAvailable:    1550536 kB
Buffers:           35820 kB
Cached:           374084 kB
MemTotal:        1844596 kB
MemFree:         1271408 kB
MemAvailable:    1549976 kB
Buffers:           35820 kB
Cached:           374088 kB
MemTotal:        1844596 kB
MemFree:         1272532 kB
MemAvailable:    1551100 kB
Buffers:           35820 kB
Cached:           374088 kB
MemTotal:        1844596 kB
MemFree:         1272136 kB
MemAvailable:    1550704 kB
Buffers:           35820 kB
Cached:           374088 kB
MemTotal:        1844596 kB
MemFree:         1271416 kB
MemAvailable:    1549984 kB
Buffers:           35820 kB
Cached:           374088 kB
MemTotal:        1844596 kB
MemFree:         1270732 kB
MemAvailable:    1549300 kB
Buffers:           35820 kB
Cached:           374088 kB
MemTotal:        1844596 kB
MemFree:         1272148 kB
MemAvailable:    1550716 kB
Buffers:           35820 kB
Cached:           374088 kB
MemTotal:        1844596 kB
MemFree:         1272224 kB
MemAvailable:    1550792 kB
Buffers:           35820 kB
Cached:           374088 kB
MemTotal:        1844596 kB
MemFree:         1272196 kB
MemAvailable:    1550764 kB
Buffers:           35820 kB
Cached:           374088 kB
MemTotal:        1844596 kB
MemFree:         1271416 kB
MemAvailable:    1549984 kB
Buffers:           35820 kB
Cached:           374088 kB
MemTotal:        1844596 kB
MemFree:         1273536 kB
MemAvailable:    1552104 kB
Buffers:           35820 kB
Cached:           374088 kB
MemTotal:        1844596 kB
MemFree:         1273460 kB
MemAvailable:    1552028 kB
Buffers:           35820 kB
Cached:           374088 kB
MemTotal:        1844596 kB
MemFree:         1271408 kB
MemAvailable:    1549976 kB
Buffers:           35820 kB
Cached:           374088 kB
MemTotal:        1844596 kB
MemFree:         1271176 kB
MemAvailable:    1549744 kB
Buffers:           35820 kB
Cached:           374088 kB
MemTotal:        1844596 kB
MemFree:         1267316 kB
MemAvailable:    1545884 kB
Buffers:           35820 kB
Cached:           374088 kB
MemTotal:        1844596 kB
MemFree:         1268484 kB
MemAvailable:    1547052 kB
Buffers:           35820 kB
Cached:           374088 kB
MemTotal:        1844596 kB
MemFree:         1267200 kB
MemAvailable:    1545768 kB
Buffers:           35820 kB
Cached:           374088 kB
MemTotal:        1844596 kB
MemFree:         1268304 kB
MemAvailable:    1546872 kB
Buffers:           35820 kB
Cached:           374088 kB
MemTotal:        1844596 kB
MemFree:         1266892 kB
MemAvailable:    1545460 kB
Buffers:           35820 kB
Cached:           374088 kB
MemTotal:        1844596 kB
MemFree:         1268176 kB
MemAvailable:    1546744 kB
Buffers:           35820 kB
Cached:           374088 kB
MemTotal:        1844596 kB
MemFree:         1267076 kB
MemAvailable:    1545644 kB
Buffers:           35820 kB
Cached:           374088 kB
MemTotal:        1844596 kB
MemFree:         1267772 kB
MemAvailable:    1546340 kB
Buffers:           35820 kB
Cached:           374088 kB
MemTotal:        1844596 kB
MemFree:         1267580 kB
MemAvailable:    1546148 kB
Buffers:           35820 kB
Cached:           374088 kB
MemTotal:        1844596 kB
MemFree:         1266572 kB
MemAvailable:    1545140 kB
Buffers:           35820 kB
Cached:           374088 kB
MemTotal:        1844596 kB
MemFree:         1266572 kB
MemAvailable:    1545140 kB
Buffers:           35820 kB
Cached:           374088 kB
MemTotal:        1844596 kB
MemFree:         1266400 kB
MemAvailable:    1544968 kB
Buffers:           35820 kB
Cached:           374088 kB
MemTotal:        1844596 kB
MemFree:         1267700 kB
MemAvailable:    1546268 kB
Buffers:           35820 kB
Cached:           374088 kB
MemTotal:        1844596 kB
MemFree:         1267736 kB
MemAvailable:    1546304 kB
Buffers:           35820 kB
Cached:           374088 kB
MemTotal:        1844596 kB
MemFree:         1267532 kB
MemAvailable:    1546100 kB
Buffers:           35820 kB
Cached:           374088 kB
MemTotal:        1844596 kB
MemFree:         1267616 kB
MemAvailable:    1546184 kB
Buffers:           35820 kB
Cached:           374088 kB
MemTotal:        1844596 kB
MemFree:         1267548 kB
MemAvailable:    1546116 kB
Buffers:           35820 kB
Cached:           374088 kB
MemTotal:        1844596 kB
MemFree:         1264208 kB
MemAvailable:    1542776 kB
Buffers:           35820 kB
Cached:           374088 kB
MemTotal:        1844596 kB
MemFree:         1262076 kB
MemAvailable:    1540644 kB
Buffers:           35820 kB
Cached:           374088 kB
MemTotal:        1844596 kB
MemFree:         1261976 kB
MemAvailable:    1540544 kB
Buffers:           35820 kB
Cached:           374088 kB
MemTotal:        1844596 kB
MemFree:         1261496 kB
MemAvailable:    1540064 kB
Buffers:           35820 kB
Cached:           374088 kB
MemTotal:        1844596 kB
MemFree:         1261488 kB
MemAvailable:    1540056 kB
Buffers:           35820 kB
Cached:           374088 kB
MemTotal:        1844596 kB
MemFree:         1259820 kB
MemAvailable:    1538388 kB
Buffers:           35820 kB
Cached:           374088 kB
MemTotal:        1844596 kB
MemFree:         1259752 kB
MemAvailable:    1538320 kB
Buffers:           35820 kB
Cached:           374088 kB
MemTotal:        1844596 kB
MemFree:         1258960 kB
MemAvailable:    1537528 kB
Buffers:           35820 kB
Cached:           374088 kB
MemTotal:        1844596 kB
MemFree:         1258396 kB
MemAvailable:    1536964 kB
Buffers:           35820 kB
Cached:           374088 kB
MemTotal:        1844596 kB
MemFree:         1259188 kB
MemAvailable:    1537756 kB
Buffers:           35820 kB
Cached:           374088 kB
MemTotal:        1844596 kB
MemFree:         1257840 kB
MemAvailable:    1536408 kB
Buffers:           35820 kB
Cached:           374088 kB
MemTotal:        1844596 kB
MemFree:         1258692 kB
MemAvailable:    1537260 kB
Buffers:           35820 kB
Cached:           374088 kB
MemTotal:        1844596 kB
MemFree:         1258860 kB
MemAvailable:    1537428 kB
Buffers:           35820 kB
Cached:           374088 kB
MemTotal:        1844596 kB
MemFree:         1258904 kB
MemAvailable:    1537472 kB
Buffers:           35820 kB
Cached:           374088 kB
MemTotal:        1844596 kB
MemFree:         1257724 kB
MemAvailable:    1536292 kB
Buffers:           35820 kB
Cached:           374088 kB
MemTotal:        1844596 kB
MemFree:         1258928 kB
MemAvailable:    1537496 kB
Buffers:           35820 kB
Cached:           374088 kB
MemTotal:        1844596 kB
MemFree:         1258760 kB
MemAvailable:    1537328 kB
Buffers:           35820 kB
Cached:           374088 kB
MemTotal:        1844596 kB
MemFree:         1259096 kB
MemAvailable:    1537664 kB
Buffers:           35820 kB
Cached:           374088 kB
MemTotal:        1844596 kB
MemFree:         1259076 kB
MemAvailable:    1537644 kB
Buffers:           35820 kB
Cached:           374088 kB
MemTotal:        1844596 kB
MemFree:         1258820 kB
MemAvailable:    1537388 kB
Buffers:           35820 kB
Cached:           374088 kB
MemTotal:        1844596 kB
MemFree:         1257512 kB
MemAvailable:    1536080 kB
Buffers:           35820 kB
Cached:           374088 kB
MemTotal:        1844596 kB
MemFree:         1258752 kB
MemAvailable:    1537320 kB
Buffers:           35820 kB
Cached:           374088 kB
MemTotal:        1844596 kB
MemFree:         1258752 kB
MemAvailable:    1537320 kB
Buffers:           35820 kB
Cached:           374088 kB
MemTotal:        1844596 kB
MemFree:         1258872 kB
MemAvailable:    1537440 kB
Buffers:           35820 kB
Cached:           374088 kB
MemTotal:        1844596 kB
MemFree:         1257908 kB
MemAvailable:    1536476 kB
Buffers:           35820 kB
Cached:           374088 kB
MemTotal:        1844596 kB
MemFree:         1258664 kB
MemAvailable:    1537236 kB
Buffers:           35820 kB
Cached:           374092 kB
MemTotal:        1844596 kB
MemFree:         1257404 kB
MemAvailable:    1535976 kB
Buffers:           35820 kB
Cached:           374092 kB
MemTotal:        1844596 kB
MemFree:         1257644 kB
MemAvailable:    1536216 kB
Buffers:           35820 kB
Cached:           374092 kB
MemTotal:        1844596 kB
MemFree:         1256720 kB
MemAvailable:    1535292 kB
Buffers:           35820 kB
Cached:           374092 kB
MemTotal:        1844596 kB
MemFree:         1253868 kB
MemAvailable:    1532440 kB
Buffers:           35820 kB
Cached:           374092 kB
MemTotal:        1844596 kB
MemFree:         1251908 kB
MemAvailable:    1530480 kB
Buffers:           35820 kB
Cached:           374092 kB
MemTotal:        1844596 kB
MemFree:         1250388 kB
MemAvailable:    1528960 kB
Buffers:           35820 kB
Cached:           374092 kB
MemTotal:        1844596 kB
MemFree:         1249024 kB
MemAvailable:    1527596 kB
Buffers:           35820 kB
Cached:           374092 kB
MemTotal:        1844596 kB
MemFree:         1250376 kB
MemAvailable:    1528948 kB
Buffers:           35820 kB
Cached:           374092 kB
MemTotal:        1844596 kB
MemFree:         1250172 kB
MemAvailable:    1528744 kB
Buffers:           35820 kB
Cached:           374092 kB
MemTotal:        1844596 kB
MemFree:         1249716 kB
MemAvailable:    1528288 kB
Buffers:           35820 kB
Cached:           374092 kB
MemTotal:        1844596 kB
MemFree:         1250024 kB
MemAvailable:    1528596 kB
Buffers:           35820 kB
Cached:           374092 kB
MemTotal:        1844596 kB
MemFree:         1250280 kB
MemAvailable:    1528852 kB
Buffers:           35820 kB
Cached:           374092 kB
MemTotal:        1844596 kB
MemFree:         1250140 kB
MemAvailable:    1528712 kB
Buffers:           35820 kB
Cached:           374092 kB
MemTotal:        1844596 kB
MemFree:         1248908 kB
MemAvailable:    1527480 kB
Buffers:           35820 kB
Cached:           374092 kB
MemTotal:        1844596 kB
MemFree:         1249900 kB
MemAvailable:    1528472 kB
Buffers:           35820 kB
Cached:           374092 kB
MemTotal:        1844596 kB
MemFree:         1248972 kB
MemAvailable:    1527544 kB
Buffers:           35820 kB
Cached:           374092 kB
MemTotal:        1844596 kB
MemFree:         1248840 kB
MemAvailable:    1527416 kB
Buffers:           35820 kB
Cached:           374096 kB
MemTotal:        1844596 kB
MemFree:         1249344 kB
MemAvailable:    1527920 kB
Buffers:           35820 kB
Cached:           374096 kB
MemTotal:        1844596 kB
MemFree:         1249344 kB
MemAvailable:    1527920 kB
Buffers:           35820 kB
Cached:           374096 kB
MemTotal:        1844596 kB
MemFree:         1248964 kB
MemAvailable:    1527540 kB
Buffers:           35820 kB
Cached:           374096 kB
MemTotal:        1844596 kB
MemFree:         1248716 kB
MemAvailable:    1527292 kB
Buffers:           35820 kB
Cached:           374096 kB
MemTotal:        1844596 kB
MemFree:         1249836 kB
MemAvailable:    1528412 kB
Buffers:           35820 kB
Cached:           374096 kB
MemTotal:        1844596 kB
MemFree:         1250068 kB
MemAvailable:    1528644 kB
Buffers:           35820 kB
Cached:           374096 kB
MemTotal:        1844596 kB
MemFree:         1248664 kB
MemAvailable:    1527240 kB
Buffers:           35820 kB
Cached:           374096 kB
MemTotal:        1844596 kB
MemFree:         1249940 kB
MemAvailable:    1528516 kB
Buffers:           35820 kB
Cached:           374096 kB
MemTotal:        1844596 kB
MemFree:         1249600 kB
MemAvailable:    1528176 kB
Buffers:           35820 kB
Cached:           374096 kB
MemTotal:        1844596 kB
MemFree:         1249964 kB
MemAvailable:    1528540 kB
Buffers:           35820 kB
Cached:           374096 kB
MemTotal:        1844596 kB
MemFree:         1249984 kB
MemAvailable:    1528560 kB
Buffers:           35820 kB
Cached:           374096 kB
MemTotal:        1844596 kB
MemFree:         1249824 kB
MemAvailable:    1528400 kB
Buffers:           35820 kB
Cached:           374096 kB
MemTotal:        1844596 kB
MemFree:         1249824 kB
MemAvailable:    1528400 kB
Buffers:           35820 kB
Cached:           374096 kB
MemTotal:        1844596 kB
MemFree:         1248700 kB
MemAvailable:    1527276 kB
Buffers:           35820 kB
Cached:           374096 kB
MemTotal:        1844596 kB
MemFree:         1248800 kB
MemAvailable:    1527376 kB
Buffers:           35820 kB
Cached:           374096 kB
MemTotal:        1844596 kB
MemFree:         1249328 kB
MemAvailable:    1527904 kB
Buffers:           35820 kB
Cached:           374096 kB
MemTotal:        1844596 kB
MemFree:         1249096 kB
MemAvailable:    1527672 kB
Buffers:           35820 kB
Cached:           374096 kB
MemTotal:        1844596 kB
MemFree:         1244996 kB
MemAvailable:    1523572 kB
Buffers:           35820 kB
Cached:           374096 kB
MemTotal:        1844596 kB
MemFree:         1242028 kB
MemAvailable:    1520604 kB
Buffers:           35820 kB
Cached:           374096 kB
MemTotal:        1844596 kB
MemFree:         1240780 kB
MemAvailable:    1519356 kB
Buffers:           35820 kB
Cached:           374096 kB
MemTotal:        1844596 kB
MemFree:         1239236 kB
MemAvailable:    1517812 kB
Buffers:           35820 kB
Cached:           374096 kB
MemTotal:        1844596 kB
MemFree:         1240652 kB
MemAvailable:    1519228 kB
Buffers:           35820 kB
Cached:           374096 kB
MemTotal:        1844596 kB
MemFree:         1240404 kB
MemAvailable:    1518980 kB
Buffers:           35820 kB
Cached:           374096 kB
MemTotal:        1844596 kB
MemFree:         1239292 kB
MemAvailable:    1517868 kB
Buffers:           35820 kB
Cached:           374096 kB
MemTotal:        1844596 kB
MemFree:         1239504 kB
MemAvailable:    1518080 kB
Buffers:           35820 kB
Cached:           374096 kB
MemTotal:        1844596 kB
MemFree:         1237316 kB
MemAvailable:    1515892 kB
Buffers:           35820 kB
Cached:           374096 kB
MemTotal:        1844596 kB
MemFree:         1237308 kB
MemAvailable:    1515884 kB
Buffers:           35820 kB
Cached:           374096 kB
MemTotal:        1844596 kB
MemFree:         1236772 kB
MemAvailable:    1515348 kB
Buffers:           35820 kB
Cached:           374096 kB
MemTotal:        1844596 kB
MemFree:         1236772 kB
MemAvailable:    1515348 kB
Buffers:           35820 kB
Cached:           374096 kB
MemTotal:        1844596 kB
MemFree:         1238200 kB
MemAvailable:    1516776 kB
Buffers:           35820 kB
Cached:           374096 kB
MemTotal:        1844596 kB
MemFree:         1237068 kB
MemAvailable:    1515644 kB
Buffers:           35820 kB
Cached:           374096 kB
MemTotal:        1844596 kB
MemFree:         1237916 kB
MemAvailable:    1516492 kB
Buffers:           35820 kB
Cached:           374096 kB
MemTotal:        1844596 kB
MemFree:         1238172 kB
MemAvailable:    1516748 kB
Buffers:           35820 kB
Cached:           374096 kB
MemTotal:        1844596 kB
MemFree:         1238052 kB
MemAvailable:    1516628 kB
Buffers:           35820 kB
Cached:           374096 kB
MemTotal:        1844596 kB
MemFree:         1237820 kB
MemAvailable:    1516272 kB
Buffers:           35820 kB
Cached:           374096 kB
MemTotal:        1844596 kB
MemFree:         1238012 kB
MemAvailable:    1516588 kB
Buffers:           35820 kB
Cached:           374096 kB
MemTotal:        1844596 kB
MemFree:         1238000 kB
MemAvailable:    1516576 kB
Buffers:           35820 kB
Cached:           374096 kB
MemTotal:        1844596 kB
MemFree:         1238252 kB
MemAvailable:    1516828 kB
Buffers:           35820 kB
Cached:           374096 kB
MemTotal:        1844596 kB
MemFree:         1238072 kB
MemAvailable:    1516648 kB
Buffers:           35820 kB
Cached:           374096 kB
MemTotal:        1844596 kB
MemFree:         1236808 kB
MemAvailable:    1515384 kB
Buffers:           35820 kB
Cached:           374096 kB
MemTotal:        1844596 kB
MemFree:         1237992 kB
MemAvailable:    1516568 kB
Buffers:           35820 kB
Cached:           374096 kB
MemTotal:        1844596 kB
MemFree:         1237688 kB
MemAvailable:    1516264 kB
Buffers:           35820 kB
Cached:           374096 kB
MemTotal:        1844596 kB
MemFree:         1238064 kB
MemAvailable:    1516640 kB
Buffers:           35820 kB
Cached:           374096 kB
MemTotal:        1844596 kB
MemFree:         1237872 kB
MemAvailable:    1516448 kB
Buffers:           35820 kB
Cached:           374096 kB
MemTotal:        1844596 kB
MemFree:         1237800 kB
MemAvailable:    1516376 kB
Buffers:           35820 kB
Cached:           374096 kB
MemTotal:        1844596 kB
MemFree:         1236748 kB
MemAvailable:    1515324 kB
Buffers:           35820 kB
Cached:           374096 kB
MemTotal:        1844596 kB
MemFree:         1238116 kB
MemAvailable:    1516692 kB
Buffers:           35820 kB
Cached:           374096 kB
MemTotal:        1844596 kB
MemFree:         1236696 kB
MemAvailable:    1515272 kB
Buffers:           35820 kB
Cached:           374096 kB
MemTotal:        1844596 kB
MemFree:         1237880 kB
MemAvailable:    1516456 kB
Buffers:           35820 kB
Cached:           374096 kB
MemTotal:        1844596 kB
MemFree:         1237936 kB
MemAvailable:    1516512 kB
Buffers:           35820 kB
Cached:           374096 kB
MemTotal:        1844596 kB
MemFree:         1236800 kB
MemAvailable:    1515376 kB
Buffers:           35820 kB
Cached:           374096 kB
MemTotal:        1844596 kB
MemFree:         1237992 kB
MemAvailable:    1516568 kB
Buffers:           35820 kB
Cached:           374096 kB
MemTotal:        1844596 kB
MemFree:         1237812 kB
MemAvailable:    1516388 kB
Buffers:           35820 kB
Cached:           374096 kB
MemTotal:        1844596 kB
MemFree:         1236756 kB
MemAvailable:    1515332 kB
Buffers:           35820 kB
Cached:           374096 kB
MemTotal:        1844596 kB
MemFree:         1238124 kB
MemAvailable:    1516700 kB
Buffers:           35820 kB
Cached:           374096 kB
MemTotal:        1844596 kB
MemFree:         1236800 kB
MemAvailable:    1515376 kB
Buffers:           35820 kB
Cached:           374096 kB
MemTotal:        1844596 kB
MemFree:         1236800 kB
MemAvailable:    1515376 kB
Buffers:           35820 kB
Cached:           374096 kB
MemTotal:        1844596 kB
MemFree:         1236800 kB
MemAvailable:    1515376 kB
Buffers:           35820 kB
Cached:           374096 kB
MemTotal:        1844596 kB
MemFree:         1236800 kB
MemAvailable:    1515376 kB
Buffers:           35820 kB
Cached:           374096 kB
MemTotal:        1844596 kB
MemFree:         1238164 kB
MemAvailable:    1516740 kB
Buffers:           35820 kB
Cached:           374096 kB
MemTotal:        1844596 kB
MemFree:         1237172 kB
MemAvailable:    1515748 kB
Buffers:           35820 kB
Cached:           374096 kB
MemTotal:        1844596 kB
MemFree:         1237048 kB
MemAvailable:    1515624 kB
Buffers:           35820 kB
Cached:           374096 kB
MemTotal:        1844596 kB
MemFree:         1237908 kB
MemAvailable:    1516484 kB
Buffers:           35820 kB
Cached:           374096 kB
MemTotal:        1844596 kB
MemFree:         1236920 kB
MemAvailable:    1515496 kB
Buffers:           35820 kB
Cached:           374096 kB
MemTotal:        1844596 kB
MemFree:         1238048 kB
MemAvailable:    1516624 kB
Buffers:           35820 kB
Cached:           374096 kB
MemTotal:        1844596 kB
MemFree:         1236616 kB
MemAvailable:    1515192 kB
Buffers:           35820 kB
Cached:           374096 kB
MemTotal:        1844596 kB
MemFree:         1238084 kB
MemAvailable:    1516660 kB
Buffers:           35820 kB
Cached:           374096 kB
MemTotal:        1844596 kB
MemFree:         1236776 kB
MemAvailable:    1515352 kB
Buffers:           35820 kB
Cached:           374096 kB
MemTotal:        1844596 kB
MemFree:         1236944 kB
MemAvailable:    1515520 kB
Buffers:           35820 kB
Cached:           374096 kB
MemTotal:        1844596 kB
MemFree:         1237996 kB
MemAvailable:    1516580 kB
Buffers:           35820 kB
Cached:           374104 kB
MemTotal:        1844596 kB
MemFree:         1237996 kB
MemAvailable:    1516580 kB
Buffers:           35820 kB
Cached:           374104 kB
MemTotal:        1844596 kB
MemFree:         1238012 kB
MemAvailable:    1516596 kB
Buffers:           35820 kB
Cached:           374104 kB
MemTotal:        1844596 kB
MemFree:         1237944 kB
MemAvailable:    1516528 kB
Buffers:           35820 kB
Cached:           374104 kB
MemTotal:        1844596 kB
MemFree:         1238072 kB
MemAvailable:    1516656 kB
Buffers:           35820 kB
Cached:           374104 kB
MemTotal:        1844596 kB
MemFree:         1237984 kB
MemAvailable:    1516568 kB
Buffers:           35820 kB
Cached:           374104 kB
MemTotal:        1844596 kB
MemFree:         1237936 kB
MemAvailable:    1516520 kB
Buffers:           35820 kB
Cached:           374104 kB
MemTotal:        1844596 kB
MemFree:         1237648 kB
MemAvailable:    1516232 kB
Buffers:           35820 kB
Cached:           374104 kB
MemTotal:        1844596 kB
MemFree:         1237900 kB
MemAvailable:    1516484 kB
Buffers:           35820 kB
Cached:           374104 kB
MemTotal:        1844596 kB
MemFree:         1237692 kB
MemAvailable:    1516276 kB
Buffers:           35820 kB
Cached:           374104 kB
MemTotal:        1844596 kB
MemFree:         1236384 kB
MemAvailable:    1514968 kB
Buffers:           35820 kB
Cached:           374104 kB
MemTotal:        1844596 kB
MemFree:         1237492 kB
MemAvailable:    1516076 kB
Buffers:           35820 kB
Cached:           374104 kB
MemTotal:        1844596 kB
MemFree:         1237440 kB
MemAvailable:    1516024 kB
Buffers:           35820 kB
Cached:           374104 kB
MemTotal:        1844596 kB
MemFree:         1237568 kB
MemAvailable:    1516152 kB
Buffers:           35820 kB
Cached:           374104 kB
MemTotal:        1844596 kB
MemFree:         1236268 kB
MemAvailable:    1514852 kB
Buffers:           35820 kB
Cached:           374104 kB
MemTotal:        1844596 kB
MemFree:         1237536 kB
MemAvailable:    1516120 kB
Buffers:           35820 kB
Cached:           374104 kB
MemTotal:        1844596 kB
MemFree:         1237368 kB
MemAvailable:    1515952 kB
Buffers:           35820 kB
Cached:           374104 kB
MemTotal:        1844596 kB
MemFree:         1236252 kB
MemAvailable:    1514836 kB
Buffers:           35820 kB
Cached:           374104 kB
MemTotal:        1844596 kB
MemFree:         1236128 kB
MemAvailable:    1514712 kB
Buffers:           35820 kB
Cached:           374104 kB
MemTotal:        1844596 kB
MemFree:         1236128 kB
MemAvailable:    1514712 kB
Buffers:           35820 kB
Cached:           374104 kB
MemTotal:        1844596 kB
MemFree:         1237552 kB
MemAvailable:    1516136 kB
Buffers:           35820 kB
Cached:           374104 kB
MemTotal:        1844596 kB
MemFree:         1237552 kB
MemAvailable:    1516136 kB
Buffers:           35820 kB
Cached:           374104 kB
MemTotal:        1844596 kB
MemFree:         1236120 kB
MemAvailable:    1514704 kB
Buffers:           35820 kB
Cached:           374104 kB
MemTotal:        1844596 kB
MemFree:         1235988 kB
MemAvailable:    1514572 kB
Buffers:           35820 kB
Cached:           374104 kB
MemTotal:        1844596 kB
MemFree:         1237096 kB
MemAvailable:    1515680 kB
Buffers:           35820 kB
Cached:           374104 kB
MemTotal:        1844596 kB
MemFree:         1236580 kB
MemAvailable:    1515164 kB
Buffers:           35820 kB
Cached:           374104 kB
MemTotal:        1844596 kB
MemFree:         1235780 kB
MemAvailable:    1514364 kB
Buffers:           35820 kB
Cached:           374104 kB
MemTotal:        1844596 kB
MemFree:         1237060 kB
MemAvailable:    1515644 kB
Buffers:           35820 kB
Cached:           374104 kB
MemTotal:        1844596 kB
MemFree:         1236952 kB
MemAvailable:    1515536 kB
Buffers:           35820 kB
Cached:           374104 kB
MemTotal:        1844596 kB
MemFree:         1237060 kB
MemAvailable:    1515644 kB
Buffers:           35820 kB
Cached:           374104 kB
MemTotal:        1844596 kB
MemFree:         1237312 kB
MemAvailable:    1515896 kB
Buffers:           35820 kB
Cached:           374104 kB
MemTotal:        1844596 kB
MemFree:         1235820 kB
MemAvailable:    1514404 kB
Buffers:           35820 kB
Cached:           374104 kB
MemTotal:        1844596 kB
MemFree:         1236872 kB
MemAvailable:    1515456 kB
Buffers:           35820 kB
Cached:           374104 kB
MemTotal:        1844596 kB
MemFree:         1236952 kB
MemAvailable:    1515536 kB
Buffers:           35820 kB
Cached:           374104 kB
MemTotal:        1844596 kB
MemFree:         1235644 kB
MemAvailable:    1514228 kB
Buffers:           35820 kB
Cached:           374104 kB
MemTotal:        1844596 kB
MemFree:         1235768 kB
MemAvailable:    1514352 kB
Buffers:           35820 kB
Cached:           374104 kB
MemTotal:        1844596 kB
MemFree:         1234092 kB
MemAvailable:    1512676 kB
Buffers:           35820 kB
Cached:           374104 kB
MemTotal:        1844596 kB
MemFree:         1230000 kB
MemAvailable:    1508584 kB
Buffers:           35820 kB
Cached:           374104 kB
MemTotal:        1844596 kB
MemFree:         1226604 kB
MemAvailable:    1505188 kB
Buffers:           35820 kB
Cached:           374104 kB
MemTotal:        1844596 kB
MemFree:         1226520 kB
MemAvailable:    1505104 kB
Buffers:           35820 kB
Cached:           374104 kB
MemTotal:        1844596 kB
MemFree:         1226508 kB
MemAvailable:    1505092 kB
Buffers:           35820 kB
Cached:           374104 kB
MemTotal:        1844596 kB
MemFree:         1226396 kB
MemAvailable:    1504980 kB
Buffers:           35820 kB
Cached:           374104 kB
MemTotal:        1844596 kB
MemFree:         1224972 kB
MemAvailable:    1503556 kB
Buffers:           35820 kB
Cached:           374104 kB
MemTotal:        1844596 kB
MemFree:         1225832 kB
MemAvailable:    1504416 kB
Buffers:           35820 kB
Cached:           374104 kB
MemTotal:        1844596 kB
MemFree:         1224584 kB
MemAvailable:    1503168 kB
Buffers:           35820 kB
Cached:           374104 kB
MemTotal:        1844596 kB
MemFree:         1225604 kB
MemAvailable:    1504188 kB
Buffers:           35820 kB
Cached:           374104 kB
MemTotal:        1844596 kB
MemFree:         1225040 kB
MemAvailable:    1503624 kB
Buffers:           35820 kB
Cached:           374104 kB
MemTotal:        1844596 kB
MemFree:         1225456 kB
MemAvailable:    1504040 kB
Buffers:           35820 kB
Cached:           374104 kB
MemTotal:        1844596 kB
MemFree:         1224048 kB
MemAvailable:    1502632 kB
Buffers:           35820 kB
Cached:           374104 kB
MemTotal:        1844596 kB
MemFree:         1224480 kB
MemAvailable:    1503068 kB
Buffers:           35820 kB
Cached:           374108 kB
MemTotal:        1844596 kB
MemFree:         1223056 kB
MemAvailable:    1501644 kB
Buffers:           35820 kB
Cached:           374108 kB
MemTotal:        1844596 kB
MemFree:         1222684 kB
MemAvailable:    1501272 kB
Buffers:           35820 kB
Cached:           374108 kB
MemTotal:        1844596 kB
MemFree:         1223968 kB
MemAvailable:    1502556 kB
Buffers:           35820 kB
Cached:           374108 kB
MemTotal:        1844596 kB
MemFree:         1222676 kB
MemAvailable:    1501264 kB
Buffers:           35820 kB
Cached:           374108 kB
MemTotal:        1844596 kB
MemFree:         1223456 kB
MemAvailable:    1502048 kB
Buffers:           35820 kB
Cached:           374112 kB
MemTotal:        1844596 kB
MemFree:         1223552 kB
MemAvailable:    1502144 kB
Buffers:           35820 kB
Cached:           374112 kB
MemTotal:        1844596 kB
MemFree:         1223724 kB
MemAvailable:    1502316 kB
Buffers:           35820 kB
Cached:           374112 kB
MemTotal:        1844596 kB
MemFree:         1223552 kB
MemAvailable:    1502144 kB
Buffers:           35820 kB
Cached:           374112 kB
MemTotal:        1844596 kB
MemFree:         1223776 kB
MemAvailable:    1502368 kB
Buffers:           35820 kB
Cached:           374112 kB
MemTotal:        1844596 kB
MemFree:         1222256 kB
MemAvailable:    1500848 kB
Buffers:           35820 kB
Cached:           374112 kB
MemTotal:        1844596 kB
MemFree:         1222312 kB
MemAvailable:    1500904 kB
Buffers:           35820 kB
Cached:           374112 kB
MemTotal:        1844596 kB
MemFree:         1223720 kB
MemAvailable:    1502312 kB
Buffers:           35820 kB
Cached:           374112 kB
MemTotal:        1844596 kB
MemFree:         1223420 kB
MemAvailable:    1502012 kB
Buffers:           35820 kB
Cached:           374112 kB
MemTotal:        1844596 kB
MemFree:         1222304 kB
MemAvailable:    1500896 kB
Buffers:           35820 kB
Cached:           374112 kB
MemTotal:        1844596 kB
MemFree:         1223544 kB
MemAvailable:    1502136 kB
Buffers:           35820 kB
Cached:           374112 kB
MemTotal:        1844596 kB
MemFree:         1223660 kB
MemAvailable:    1502252 kB
Buffers:           35820 kB
Cached:           374112 kB
MemTotal:        1844596 kB
MemFree:         1223276 kB
MemAvailable:    1501868 kB
Buffers:           35820 kB
Cached:           374112 kB
MemTotal:        1844596 kB
MemFree:         1221320 kB
MemAvailable:    1499912 kB
Buffers:           35820 kB
Cached:           374112 kB
MemTotal:        1844596 kB
MemFree:         1220452 kB
MemAvailable:    1499044 kB
Buffers:           35820 kB
Cached:           374112 kB
MemTotal:        1844596 kB
MemFree:         1221436 kB
MemAvailable:    1500028 kB
Buffers:           35820 kB
Cached:           374112 kB
MemTotal:        1844596 kB
MemFree:         1221312 kB
MemAvailable:    1499908 kB
Buffers:           35820 kB
Cached:           374116 kB
MemTotal:        1844596 kB
MemFree:         1220584 kB
MemAvailable:    1499180 kB
Buffers:           35820 kB
Cached:           374116 kB
MemTotal:        1844596 kB
MemFree:         1221248 kB
MemAvailable:    1499844 kB
Buffers:           35820 kB
Cached:           374116 kB
MemTotal:        1844596 kB
MemFree:         1220080 kB
MemAvailable:    1498676 kB
Buffers:           35820 kB
Cached:           374116 kB
MemTotal:        1844596 kB
MemFree:         1219452 kB
MemAvailable:    1498048 kB
Buffers:           35820 kB
Cached:           374116 kB
MemTotal:        1844596 kB
MemFree:         1220808 kB
MemAvailable:    1499404 kB
Buffers:           35820 kB
Cached:           374116 kB
MemTotal:        1844596 kB
MemFree:         1219520 kB
MemAvailable:    1498116 kB
Buffers:           35820 kB
Cached:           374116 kB
MemTotal:        1844596 kB
MemFree:         1219396 kB
MemAvailable:    1497992 kB
Buffers:           35820 kB
Cached:           374116 kB
MemTotal:        1844596 kB
MemFree:         1219460 kB
MemAvailable:    1498056 kB
Buffers:           35820 kB
Cached:           374116 kB
MemTotal:        1844596 kB
MemFree:         1217476 kB
MemAvailable:    1496072 kB
Buffers:           35820 kB
Cached:           374116 kB
MemTotal:        1844596 kB
MemFree:         1217708 kB
MemAvailable:    1496304 kB
Buffers:           35820 kB
Cached:           374116 kB
MemTotal:        1844596 kB
MemFree:         1217176 kB
MemAvailable:    1495772 kB
Buffers:           35820 kB
Cached:           374116 kB
MemTotal:        1844596 kB
MemFree:         1218308 kB
MemAvailable:    1496904 kB
Buffers:           35820 kB
Cached:           374116 kB
MemTotal:        1844596 kB
MemFree:         1218328 kB
MemAvailable:    1496924 kB
Buffers:           35820 kB
Cached:           374116 kB
MemTotal:        1844596 kB
MemFree:         1218404 kB
MemAvailable:    1497000 kB
Buffers:           35820 kB
Cached:           374116 kB
MemTotal:        1844596 kB
MemFree:         1218204 kB
MemAvailable:    1496800 kB
Buffers:           35820 kB
Cached:           374116 kB
MemTotal:        1844596 kB
MemFree:         1218544 kB
MemAvailable:    1497140 kB
Buffers:           35820 kB
Cached:           374116 kB
MemTotal:        1844596 kB
MemFree:         1218516 kB
MemAvailable:    1497112 kB
Buffers:           35820 kB
Cached:           374116 kB
MemTotal:        1844596 kB
MemFree:         1218336 kB
MemAvailable:    1496932 kB
Buffers:           35820 kB
Cached:           374116 kB
MemTotal:        1844596 kB
MemFree:         1218672 kB
MemAvailable:    1497268 kB
Buffers:           35820 kB
Cached:           374116 kB
MemTotal:        1844596 kB
MemFree:         1217180 kB
MemAvailable:    1495776 kB
Buffers:           35820 kB
Cached:           374116 kB
MemTotal:        1844596 kB
MemFree:         1218288 kB
MemAvailable:    1496884 kB
Buffers:           35820 kB
Cached:           374116 kB
MemTotal:        1844596 kB
MemFree:         1217800 kB
MemAvailable:    1496396 kB
Buffers:           35820 kB
Cached:           374116 kB
MemTotal:        1844596 kB
MemFree:         1218196 kB
MemAvailable:    1496792 kB
Buffers:           35820 kB
Cached:           374116 kB
MemTotal:        1844596 kB
MemFree:         1217980 kB
MemAvailable:    1496576 kB
Buffers:           35820 kB
Cached:           374116 kB
MemTotal:        1844596 kB
MemFree:         1218204 kB
MemAvailable:    1496800 kB
Buffers:           35820 kB
Cached:           374116 kB
MemTotal:        1844596 kB
MemFree:         1218204 kB
MemAvailable:    1496800 kB
Buffers:           35820 kB
Cached:           374116 kB
MemTotal:        1844596 kB
MemFree:         1216916 kB
MemAvailable:    1495512 kB
Buffers:           35820 kB
Cached:           374116 kB
MemTotal:        1844596 kB
MemFree:         1216916 kB
MemAvailable:    1495512 kB
Buffers:           35820 kB
Cached:           374116 kB
MemTotal:        1844596 kB
MemFree:         1217352 kB
MemAvailable:    1495948 kB
Buffers:           35820 kB
Cached:           374116 kB
MemTotal:        1844596 kB
MemFree:         1216960 kB
MemAvailable:    1495556 kB
Buffers:           35820 kB
Cached:           374116 kB
MemTotal:        1844596 kB
MemFree:         1216960 kB
MemAvailable:    1495556 kB
Buffers:           35820 kB
Cached:           374116 kB
MemTotal:        1844596 kB
MemFree:         1218240 kB
MemAvailable:    1496836 kB
Buffers:           35820 kB
Cached:           374116 kB
MemTotal:        1844596 kB
MemFree:         1218280 kB
MemAvailable:    1496876 kB
Buffers:           35820 kB
Cached:           374116 kB
MemTotal:        1844596 kB
MemFree:         1218088 kB
MemAvailable:    1496684 kB
Buffers:           35820 kB
Cached:           374116 kB
MemTotal:        1844596 kB
MemFree:         1217856 kB
MemAvailable:    1496452 kB
Buffers:           35820 kB
Cached:           374116 kB
MemTotal:        1844596 kB
MemFree:         1218212 kB
MemAvailable:    1496808 kB
Buffers:           35820 kB
Cached:           374116 kB
MemTotal:        1844596 kB
MemFree:         1218464 kB
MemAvailable:    1497060 kB
Buffers:           35820 kB
Cached:           374116 kB
MemTotal:        1844596 kB
MemFree:         1216972 kB
MemAvailable:    1495568 kB
Buffers:           35820 kB
Cached:           374116 kB
MemTotal:        1844596 kB
MemFree:         1217040 kB
MemAvailable:    1495636 kB
Buffers:           35820 kB
Cached:           374116 kB
MemTotal:        1844596 kB
MemFree:         1216908 kB
MemAvailable:    1495504 kB
Buffers:           35820 kB
Cached:           374116 kB
MemTotal:        1844596 kB
MemFree:         1216792 kB
MemAvailable:    1495388 kB
Buffers:           35820 kB
Cached:           374116 kB
MemTotal:        1844596 kB
MemFree:         1214996 kB
MemAvailable:    1493592 kB
Buffers:           35820 kB
Cached:           374116 kB
MemTotal:        1844596 kB
MemFree:         1214872 kB
MemAvailable:    1493468 kB
Buffers:           35820 kB
Cached:           374116 kB
MemTotal:        1844596 kB
MemFree:         1213756 kB
MemAvailable:    1492352 kB
Buffers:           35820 kB
Cached:           374116 kB
MemTotal:        1844596 kB
MemFree:         1209724 kB
MemAvailable:    1488320 kB
Buffers:           35820 kB
Cached:           374116 kB
MemTotal:        1844596 kB
MemFree:         1206184 kB
MemAvailable:    1484780 kB
Buffers:           35820 kB
Cached:           374116 kB
MemTotal:        1844596 kB
MemFree:         1206200 kB
MemAvailable:    1484796 kB
Buffers:           35820 kB
Cached:           374116 kB
MemTotal:        1844596 kB
MemFree:         1200852 kB
MemAvailable:    1479448 kB
Buffers:           35820 kB
Cached:           374116 kB
MemTotal:        1844596 kB
MemFree:         1200852 kB
MemAvailable:    1479448 kB
Buffers:           35820 kB
Cached:           374116 kB
MemTotal:        1844596 kB
MemFree:         1198868 kB
MemAvailable:    1477464 kB
Buffers:           35820 kB
Cached:           374116 kB
MemTotal:        1844596 kB
MemFree:         1198876 kB
MemAvailable:    1477472 kB
Buffers:           35820 kB
Cached:           374116 kB
MemTotal:        1844596 kB
MemFree:         1198504 kB
MemAvailable:    1477100 kB
Buffers:           35820 kB
Cached:           374116 kB
MemTotal:        1844596 kB
MemFree:         1199480 kB
MemAvailable:    1478076 kB
Buffers:           35820 kB
Cached:           374116 kB
MemTotal:        1844596 kB
MemFree:         1199000 kB
MemAvailable:    1477596 kB
Buffers:           35820 kB
Cached:           374116 kB
MemTotal:        1844596 kB
MemFree:         1199376 kB
MemAvailable:    1477972 kB
Buffers:           35820 kB
Cached:           374116 kB
MemTotal:        1844596 kB
MemFree:         1199220 kB
MemAvailable:    1477816 kB
Buffers:           35820 kB
Cached:           374116 kB
MemTotal:        1844596 kB
MemFree:         1199472 kB
MemAvailable:    1478068 kB
Buffers:           35820 kB
Cached:           374116 kB
MemTotal:        1844596 kB
MemFree:         1199260 kB
MemAvailable:    1477856 kB
Buffers:           35820 kB
Cached:           374116 kB
MemTotal:        1844596 kB
MemFree:         1199340 kB
MemAvailable:    1477936 kB
Buffers:           35820 kB
Cached:           374116 kB
MemTotal:        1844596 kB
MemFree:         1198744 kB
MemAvailable:    1477340 kB
Buffers:           35820 kB
Cached:           374116 kB
MemTotal:        1844596 kB
MemFree:         1198744 kB
MemAvailable:    1477340 kB
Buffers:           35820 kB
Cached:           374116 kB
MemTotal:        1844596 kB
MemFree:         1197200 kB
MemAvailable:    1475796 kB
Buffers:           35820 kB
Cached:           374116 kB
MemTotal:        1844596 kB
MemFree:         1198308 kB
MemAvailable:    1476904 kB
Buffers:           35820 kB
Cached:           374116 kB
MemTotal:        1844596 kB
MemFree:         1198560 kB
MemAvailable:    1477156 kB
Buffers:           35820 kB
Cached:           374116 kB
MemTotal:        1844596 kB
MemFree:         1197244 kB
MemAvailable:    1475840 kB
Buffers:           35820 kB
Cached:           374116 kB
MemTotal:        1844596 kB
MemFree:         1198352 kB
MemAvailable:    1476948 kB
Buffers:           35820 kB
Cached:           374116 kB
MemTotal:        1844596 kB
MemFree:         1197952 kB
MemAvailable:    1476548 kB
Buffers:           35820 kB
Cached:           374116 kB
MemTotal:        1844596 kB
MemFree:         1198240 kB
MemAvailable:    1476844 kB
Buffers:           35820 kB
Cached:           374124 kB
MemTotal:        1844596 kB
MemFree:         1198576 kB
MemAvailable:    1477180 kB
Buffers:           35820 kB
Cached:           374124 kB
MemTotal:        1844596 kB
MemFree:         1198416 kB
MemAvailable:    1477020 kB
Buffers:           35820 kB
Cached:           374124 kB
MemTotal:        1844596 kB
MemFree:         1198140 kB
MemAvailable:    1476744 kB
Buffers:           35820 kB
Cached:           374124 kB
MemTotal:        1844596 kB
MemFree:         1197084 kB
MemAvailable:    1475688 kB
Buffers:           35820 kB
Cached:           374124 kB
MemTotal:        1844596 kB
MemFree:         1197216 kB
MemAvailable:    1475820 kB
Buffers:           35820 kB
Cached:           374124 kB
MemTotal:        1844596 kB
MemFree:         1197752 kB
MemAvailable:    1476356 kB
Buffers:           35820 kB
Cached:           374124 kB
MemTotal:        1844596 kB
MemFree:         1197224 kB
MemAvailable:    1475828 kB
Buffers:           35820 kB
Cached:           374124 kB
MemTotal:        1844596 kB
MemFree:         1198644 kB
MemAvailable:    1477248 kB
Buffers:           35820 kB
Cached:           374124 kB
MemTotal:        1844596 kB
MemFree:         1198564 kB
MemAvailable:    1477168 kB
Buffers:           35820 kB
Cached:           374124 kB
MemTotal:        1844596 kB
MemFree:         1198192 kB
MemAvailable:    1476796 kB
Buffers:           35820 kB
Cached:           374124 kB
MemTotal:        1844596 kB
MemFree:         1198528 kB
MemAvailable:    1477132 kB
Buffers:           35820 kB
Cached:           374124 kB
MemTotal:        1844596 kB
MemFree:         1197244 kB
MemAvailable:    1475848 kB
Buffers:           35820 kB
Cached:           374124 kB
MemTotal:        1844596 kB
MemFree:         1197252 kB
MemAvailable:    1475856 kB
Buffers:           35820 kB
Cached:           374124 kB
MemTotal:        1844596 kB
MemFree:         1198560 kB
MemAvailable:    1477164 kB
Buffers:           35820 kB
Cached:           374124 kB
MemTotal:        1844596 kB
MemFree:         1198348 kB
MemAvailable:    1476952 kB
Buffers:           35820 kB
Cached:           374124 kB
MemTotal:        1844596 kB
MemFree:         1198600 kB
MemAvailable:    1477204 kB
Buffers:           35820 kB
Cached:           374124 kB
MemTotal:        1844596 kB
MemFree:         1197076 kB
MemAvailable:    1475680 kB
Buffers:           35820 kB
Cached:           374124 kB
MemTotal:        1844596 kB
MemFree:         1198508 kB
MemAvailable:    1477112 kB
Buffers:           35820 kB
Cached:           374124 kB
MemTotal:        1844596 kB
MemFree:         1198420 kB
MemAvailable:    1477024 kB
Buffers:           35820 kB
Cached:           374124 kB
MemTotal:        1844596 kB
MemFree:         1198372 kB
MemAvailable:    1476976 kB
Buffers:           35820 kB
Cached:           374124 kB
MemTotal:        1844596 kB
MemFree:         1195900 kB
MemAvailable:    1474504 kB
Buffers:           35820 kB
Cached:           374124 kB
MemTotal:        1844596 kB
MemFree:         1194776 kB
MemAvailable:    1473380 kB
Buffers:           35820 kB
Cached:           374124 kB
MemTotal:        1844596 kB
MemFree:         1189312 kB
MemAvailable:    1467916 kB
Buffers:           35820 kB
Cached:           374124 kB
MemTotal:        1844596 kB
MemFree:         1189204 kB
MemAvailable:    1467808 kB
Buffers:           35820 kB
Cached:           374124 kB
MemTotal:        1844596 kB
MemFree:         1185856 kB
MemAvailable:    1464460 kB
Buffers:           35820 kB
Cached:           374124 kB
MemTotal:        1844596 kB
MemFree:         1181516 kB
MemAvailable:    1460120 kB
Buffers:           35820 kB
Cached:           374124 kB
MemTotal:        1844596 kB
MemFree:         1179896 kB
MemAvailable:    1458500 kB
Buffers:           35820 kB
Cached:           374124 kB
MemTotal:        1844596 kB
MemFree:         1181204 kB
MemAvailable:    1459808 kB
Buffers:           35820 kB
Cached:           374124 kB
MemTotal:        1844596 kB
MemFree:         1180880 kB
MemAvailable:    1459484 kB
Buffers:           35820 kB
Cached:           374124 kB
MemTotal:        1844596 kB
MemFree:         1180648 kB
MemAvailable:    1459252 kB
Buffers:           35820 kB
Cached:           374124 kB
MemTotal:        1844596 kB
MemFree:         1179520 kB
MemAvailable:    1458124 kB
Buffers:           35820 kB
Cached:           374124 kB
MemTotal:        1844596 kB
MemFree:         1180988 kB
MemAvailable:    1459592 kB
Buffers:           35820 kB
Cached:           374124 kB
MemTotal:        1844596 kB
MemFree:         1180712 kB
MemAvailable:    1459316 kB
Buffers:           35820 kB
Cached:           374124 kB
MemTotal:        1844596 kB
MemFree:         1180568 kB
MemAvailable:    1459172 kB
Buffers:           35820 kB
Cached:           374124 kB
MemTotal:        1844596 kB
MemFree:         1180820 kB
MemAvailable:    1459424 kB
Buffers:           35820 kB
Cached:           374124 kB
MemTotal:        1844596 kB
MemFree:         1180592 kB
MemAvailable:    1459196 kB
Buffers:           35820 kB
Cached:           374124 kB
MemTotal:        1844596 kB
MemFree:         1180520 kB
MemAvailable:    1459124 kB
Buffers:           35820 kB
Cached:           374124 kB
MemTotal:        1844596 kB
MemFree:         1179408 kB
MemAvailable:    1458012 kB
Buffers:           35820 kB
Cached:           374124 kB
MemTotal:        1844596 kB
MemFree:         1180628 kB
MemAvailable:    1459236 kB
Buffers:           35820 kB
Cached:           374128 kB
MemTotal:        1844596 kB
MemFree:         1180516 kB
MemAvailable:    1459124 kB
Buffers:           35820 kB
Cached:           374128 kB
MemTotal:        1844596 kB
MemFree:         1180212 kB
MemAvailable:    1458820 kB
Buffers:           35820 kB
Cached:           374128 kB
MemTotal:        1844596 kB
MemFree:         1180464 kB
MemAvailable:    1459072 kB
Buffers:           35820 kB
Cached:           374128 kB
MemTotal:        1844596 kB
MemFree:         1178972 kB
MemAvailable:    1457580 kB
Buffers:           35820 kB
Cached:           374128 kB
MemTotal:        1844596 kB
MemFree:         1180404 kB
MemAvailable:    1459012 kB
Buffers:           35820 kB
Cached:           374128 kB
MemTotal:        1844596 kB
MemFree:         1180308 kB
MemAvailable:    1458916 kB
Buffers:           35820 kB
Cached:           374128 kB
MemTotal:        1844596 kB
MemFree:         1179008 kB
MemAvailable:    1457616 kB
Buffers:           35820 kB
Cached:           374128 kB
MemTotal:        1844596 kB
MemFree:         1180236 kB
MemAvailable:    1458844 kB
Buffers:           35820 kB
Cached:           374128 kB
MemTotal:        1844596 kB
MemFree:         1180152 kB
MemAvailable:    1458760 kB
Buffers:           35820 kB
Cached:           374128 kB
MemTotal:        1844596 kB
MemFree:         1178972 kB
MemAvailable:    1457580 kB
Buffers:           35820 kB
Cached:           374128 kB
MemTotal:        1844596 kB
MemFree:         1180256 kB
MemAvailable:    1458864 kB
Buffers:           35820 kB
Cached:           374128 kB
MemTotal:        1844596 kB
MemFree:         1180508 kB
MemAvailable:    1459116 kB
Buffers:           35820 kB
Cached:           374128 kB
MemTotal:        1844596 kB
MemFree:         1180204 kB
MemAvailable:    1458812 kB
Buffers:           35820 kB
Cached:           374128 kB
MemTotal:        1844596 kB
MemFree:         1178896 kB
MemAvailable:    1457504 kB
Buffers:           35820 kB
Cached:           374128 kB
MemTotal:        1844596 kB
MemFree:         1179028 kB
MemAvailable:    1457636 kB
Buffers:           35820 kB
Cached:           374128 kB
MemTotal:        1844596 kB
MemFree:         1180392 kB
MemAvailable:    1459000 kB
Buffers:           35820 kB
Cached:           374128 kB
MemTotal:        1844596 kB
MemFree:         1180476 kB
MemAvailable:    1459084 kB
Buffers:           35820 kB
Cached:           374128 kB
MemTotal:        1844596 kB
MemFree:         1179140 kB
MemAvailable:    1457748 kB
Buffers:           35820 kB
Cached:           374128 kB
MemTotal:        1844596 kB
MemFree:         1179016 kB
MemAvailable:    1457624 kB
Buffers:           35820 kB
Cached:           374128 kB
MemTotal:        1844596 kB
MemFree:         1179016 kB
MemAvailable:    1457624 kB
Buffers:           35820 kB
Cached:           374128 kB
MemTotal:        1844596 kB
MemFree:         1180220 kB
MemAvailable:    1458828 kB
Buffers:           35820 kB
Cached:           374128 kB
MemTotal:        1844596 kB
MemFree:         1180160 kB
MemAvailable:    1458768 kB
Buffers:           35820 kB
Cached:           374128 kB
MemTotal:        1844596 kB
MemFree:         1180288 kB
MemAvailable:    1458896 kB
Buffers:           35820 kB
Cached:           374128 kB
MemTotal:        1844596 kB
MemFree:         1179024 kB
MemAvailable:    1457632 kB
Buffers:           35820 kB
Cached:           374128 kB
MemTotal:        1844596 kB
MemFree:         1175936 kB
MemAvailable:    1454544 kB
Buffers:           35828 kB
Cached:           374120 kB
MemTotal:        1844596 kB
MemFree:         1171968 kB
MemAvailable:    1450576 kB
Buffers:           35828 kB
Cached:           374120 kB
MemTotal:        1844596 kB
MemFree:         1167504 kB
MemAvailable:    1446112 kB
Buffers:           35828 kB
Cached:           374120 kB
MemTotal:        1844596 kB
MemFree:         1163528 kB
MemAvailable:    1442136 kB
Buffers:           35828 kB
Cached:           374120 kB
MemTotal:        1844596 kB
MemFree:         1161668 kB
MemAvailable:    1440276 kB
Buffers:           35828 kB
Cached:           374120 kB
MemTotal:        1844596 kB
MemFree:         1161676 kB
MemAvailable:    1440284 kB
Buffers:           35828 kB
Cached:           374120 kB
MemTotal:        1844596 kB
MemFree:         1161380 kB
MemAvailable:    1439988 kB
Buffers:           35828 kB
Cached:           374120 kB
MemTotal:        1844596 kB
MemFree:         1162800 kB
MemAvailable:    1441408 kB
Buffers:           35828 kB
Cached:           374120 kB
MemTotal:        1844596 kB
MemFree:         1162732 kB
MemAvailable:    1441340 kB
Buffers:           35828 kB
Cached:           374120 kB
MemTotal:        1844596 kB
MemFree:         1161236 kB
MemAvailable:    1439844 kB
Buffers:           35828 kB
Cached:           374120 kB
MemTotal:        1844596 kB
MemFree:         1162836 kB
MemAvailable:    1441444 kB
Buffers:           35828 kB
Cached:           374120 kB
MemTotal:        1844596 kB
MemFree:         1161676 kB
MemAvailable:    1440284 kB
Buffers:           35828 kB
Cached:           374120 kB
MemTotal:        1844596 kB
MemFree:         1161512 kB
MemAvailable:    1440124 kB
Buffers:           35828 kB
Cached:           374124 kB
MemTotal:        1844596 kB
MemFree:         1162720 kB
MemAvailable:    1441332 kB
Buffers:           35828 kB
Cached:           374124 kB
MemTotal:        1844596 kB
MemFree:         1161436 kB
MemAvailable:    1440064 kB
Buffers:           35828 kB
Cached:           374136 kB
MemTotal:        1844596 kB
MemFree:         1162604 kB
MemAvailable:    1441232 kB
Buffers:           35828 kB
Cached:           374136 kB
MemTotal:        1844596 kB
MemFree:         1162544 kB
MemAvailable:    1441172 kB
Buffers:           35828 kB
Cached:           374136 kB
MemTotal:        1844596 kB
MemFree:         1162880 kB
MemAvailable:    1441508 kB
Buffers:           35828 kB
Cached:           374136 kB
MemTotal:        1844596 kB
MemFree:         1162736 kB
MemAvailable:    1441364 kB
Buffers:           35828 kB
Cached:           374136 kB
MemTotal:        1844596 kB
MemFree:         1161560 kB
MemAvailable:    1440188 kB
Buffers:           35828 kB
Cached:           374136 kB
MemTotal:        1844596 kB
MemFree:         1162744 kB
MemAvailable:    1441372 kB
Buffers:           35828 kB
Cached:           374136 kB
MemTotal:        1844596 kB
MemFree:         1161428 kB
MemAvailable:    1440056 kB
Buffers:           35828 kB
Cached:           374136 kB
MemTotal:        1844596 kB
MemFree:         1162604 kB
MemAvailable:    1441232 kB
Buffers:           35828 kB
Cached:           374136 kB
MemTotal:        1844596 kB
MemFree:         1161428 kB
MemAvailable:    1440056 kB
Buffers:           35828 kB
Cached:           374136 kB
MemTotal:        1844596 kB
MemFree:         1161064 kB
MemAvailable:    1439692 kB
Buffers:           35828 kB
Cached:           374136 kB
MemTotal:        1844596 kB
MemFree:         1162048 kB
MemAvailable:    1440676 kB
Buffers:           35828 kB
Cached:           374136 kB
MemTotal:        1844596 kB
MemFree:         1162032 kB
MemAvailable:    1440660 kB
Buffers:           35828 kB
Cached:           374136 kB
MemTotal:        1844596 kB
MemFree:         1160544 kB
MemAvailable:    1439172 kB
Buffers:           35828 kB
Cached:           374136 kB
MemTotal:        1844596 kB
MemFree:         1161792 kB
MemAvailable:    1440420 kB
Buffers:           35828 kB
Cached:           374136 kB
MemTotal:        1844596 kB
MemFree:         1161736 kB
MemAvailable:    1440364 kB
Buffers:           35828 kB
Cached:           374136 kB
MemTotal:        1844596 kB
MemFree:         1160364 kB
MemAvailable:    1438992 kB
Buffers:           35828 kB
Cached:           374136 kB
MemTotal:        1844596 kB
MemFree:         1159444 kB
MemAvailable:    1438072 kB
Buffers:           35828 kB
Cached:           374136 kB
MemTotal:        1844596 kB
MemFree:         1157396 kB
MemAvailable:    1436024 kB
Buffers:           35828 kB
Cached:           374136 kB
MemTotal:        1844596 kB
MemFree:         1155360 kB
MemAvailable:    1433988 kB
Buffers:           35828 kB
Cached:           374136 kB
MemTotal:        1844596 kB
MemFree:         1152632 kB
MemAvailable:    1431260 kB
Buffers:           35828 kB
Cached:           374136 kB
MemTotal:        1844596 kB
MemFree:         1149036 kB
MemAvailable:    1427664 kB
Buffers:           35828 kB
Cached:           374136 kB
MemTotal:        1844596 kB
MemFree:         1145556 kB
MemAvailable:    1424184 kB
Buffers:           35828 kB
Cached:           374136 kB
MemTotal:        1844596 kB
MemFree:         1144952 kB
MemAvailable:    1423580 kB
Buffers:           35828 kB
Cached:           374136 kB
MemTotal:        1844596 kB
MemFree:         1142384 kB
MemAvailable:    1421012 kB
Buffers:           35828 kB
Cached:           374136 kB
MemTotal:        1844596 kB
MemFree:         1140540 kB
MemAvailable:    1419168 kB
Buffers:           35828 kB
Cached:           374136 kB
MemTotal:        1844596 kB
MemFree:         1138124 kB
MemAvailable:    1416752 kB
Buffers:           35828 kB
Cached:           374136 kB
MemTotal:        1844596 kB
MemFree:         1137372 kB
MemAvailable:    1415996 kB
Buffers:           35828 kB
Cached:           374136 kB
MemTotal:        1844596 kB
MemFree:         1135396 kB
MemAvailable:    1414020 kB
Buffers:           35828 kB
Cached:           374136 kB
MemTotal:        1844596 kB
MemFree:         1132792 kB
MemAvailable:    1411416 kB
Buffers:           35828 kB
Cached:           374136 kB
MemTotal:        1844596 kB
MemFree:         1130064 kB
MemAvailable:    1408688 kB
Buffers:           35828 kB
Cached:           374136 kB
MemTotal:        1844596 kB
MemFree:         1130784 kB
MemAvailable:    1409408 kB
Buffers:           35828 kB
Cached:           374136 kB
MemTotal:        1844596 kB
MemFree:         1131036 kB
MemAvailable:    1409660 kB
Buffers:           35828 kB
Cached:           374136 kB
MemTotal:        1844596 kB
MemFree:         1130980 kB
MemAvailable:    1409604 kB
Buffers:           35828 kB
Cached:           374136 kB
MemTotal:        1844596 kB
MemFree:         1130872 kB
MemAvailable:    1409496 kB
Buffers:           35828 kB
Cached:           374136 kB
MemTotal:        1844596 kB
MemFree:         1130180 kB
MemAvailable:    1408804 kB
Buffers:           35828 kB
Cached:           374136 kB
MemTotal:        1844596 kB
MemFree:         1130844 kB
MemAvailable:    1409468 kB
Buffers:           35828 kB
Cached:           374136 kB
MemTotal:        1844596 kB
MemFree:         1131188 kB
MemAvailable:    1409812 kB
Buffers:           35828 kB
Cached:           374136 kB
MemTotal:        1844596 kB
MemFree:         1129644 kB
MemAvailable:    1408268 kB
Buffers:           35828 kB
Cached:           374136 kB
MemTotal:        1844596 kB
MemFree:         1130848 kB
MemAvailable:    1409472 kB
Buffers:           35828 kB
Cached:           374136 kB
MemTotal:        1844596 kB
MemFree:         1129692 kB
MemAvailable:    1408316 kB
Buffers:           35828 kB
Cached:           374136 kB
MemTotal:        1844596 kB
MemFree:         1130000 kB
MemAvailable:    1408624 kB
Buffers:           35828 kB
Cached:           374136 kB
MemTotal:        1844596 kB
MemFree:         1128824 kB
MemAvailable:    1407448 kB
Buffers:           35828 kB
Cached:           374136 kB
MemTotal:        1844596 kB
MemFree:         1129796 kB
MemAvailable:    1408420 kB
Buffers:           35828 kB
Cached:           374136 kB
MemTotal:        1844596 kB
MemFree:         1129552 kB
MemAvailable:    1408176 kB
Buffers:           35828 kB
Cached:           374136 kB
MemTotal:        1844596 kB
MemFree:         1129552 kB
MemAvailable:    1408176 kB
Buffers:           35828 kB
Cached:           374136 kB
MemTotal:        1844596 kB
MemFree:         1128512 kB
MemAvailable:    1407136 kB
Buffers:           35828 kB
Cached:           374136 kB
MemTotal:        1844596 kB
MemFree:         1128644 kB
MemAvailable:    1407268 kB
Buffers:           35828 kB
Cached:           374136 kB
MemTotal:        1844596 kB
MemFree:         1128328 kB
MemAvailable:    1406952 kB
Buffers:           35828 kB
Cached:           374136 kB
MemTotal:        1844596 kB
MemFree:         1128320 kB
MemAvailable:    1406944 kB
Buffers:           35828 kB
Cached:           374136 kB
MemTotal:        1844596 kB
MemFree:         1128196 kB
MemAvailable:    1406820 kB
Buffers:           35828 kB
Cached:           374136 kB
MemTotal:        1844596 kB
MemFree:         1127832 kB
MemAvailable:    1406456 kB
Buffers:           35828 kB
Cached:           374136 kB
MemTotal:        1844596 kB
MemFree:         1128700 kB
MemAvailable:    1407324 kB
Buffers:           35828 kB
Cached:           374136 kB
MemTotal:        1844596 kB
MemFree:         1127444 kB
MemAvailable:    1406068 kB
Buffers:           35828 kB
Cached:           374136 kB
MemTotal:        1844596 kB
MemFree:         1126964 kB
MemAvailable:    1405588 kB
Buffers:           35828 kB
Cached:           374136 kB
MemTotal:        1844596 kB
MemFree:         1126708 kB
MemAvailable:    1405332 kB
Buffers:           35828 kB
Cached:           374136 kB
MemTotal:        1844596 kB
MemFree:         1126824 kB
MemAvailable:    1405448 kB
Buffers:           35828 kB
Cached:           374136 kB
MemTotal:        1844596 kB
MemFree:         1126344 kB
MemAvailable:    1404968 kB
Buffers:           35828 kB
Cached:           374136 kB
MemTotal:        1844596 kB
MemFree:         1126720 kB
MemAvailable:    1405344 kB
Buffers:           35828 kB
Cached:           374136 kB
MemTotal:        1844596 kB
MemFree:         1126516 kB
MemAvailable:    1405140 kB
Buffers:           35828 kB
Cached:           374136 kB
MemTotal:        1844596 kB
MemFree:         1126768 kB
MemAvailable:    1405392 kB
Buffers:           35828 kB
Cached:           374136 kB
MemTotal:        1844596 kB
MemFree:         1125668 kB
MemAvailable:    1404292 kB
Buffers:           35828 kB
Cached:           374136 kB
MemTotal:        1844596 kB
MemFree:         1125544 kB
MemAvailable:    1404168 kB
Buffers:           35828 kB
Cached:           374136 kB
MemTotal:        1844596 kB
MemFree:         1125416 kB
MemAvailable:    1404040 kB
Buffers:           35828 kB
Cached:           374136 kB
MemTotal:        1844596 kB
MemFree:         1126644 kB
MemAvailable:    1405268 kB
Buffers:           35828 kB
Cached:           374136 kB
MemTotal:        1844596 kB
MemFree:         1126812 kB
MemAvailable:    1405436 kB
Buffers:           35828 kB
Cached:           374136 kB
MemTotal:        1844596 kB
MemFree:         1126728 kB
MemAvailable:    1405352 kB
Buffers:           35828 kB
Cached:           374136 kB
MemTotal:        1844596 kB
MemFree:         1126524 kB
MemAvailable:    1405148 kB
Buffers:           35828 kB
Cached:           374136 kB
MemTotal:        1844596 kB
MemFree:         1126776 kB
MemAvailable:    1405400 kB
Buffers:           35828 kB
Cached:           374136 kB
MemTotal:        1844596 kB
MemFree:         1126564 kB
MemAvailable:    1405188 kB
Buffers:           35828 kB
Cached:           374136 kB
MemTotal:        1844596 kB
MemFree:         1126648 kB
MemAvailable:    1405272 kB
Buffers:           35828 kB
Cached:           374136 kB
MemTotal:        1844596 kB
MemFree:         1126496 kB
MemAvailable:    1405128 kB
Buffers:           35828 kB
Cached:           374144 kB
MemTotal:        1844596 kB
MemFree:         1126468 kB
MemAvailable:    1405100 kB
Buffers:           35828 kB
Cached:           374144 kB
MemTotal:        1844596 kB
MemFree:         1126764 kB
MemAvailable:    1405396 kB
Buffers:           35828 kB
Cached:           374144 kB
MemTotal:        1844596 kB
MemFree:         1125848 kB
MemAvailable:    1404480 kB
Buffers:           35828 kB
Cached:           374144 kB
MemTotal:        1844596 kB
MemFree:         1126412 kB
MemAvailable:    1405044 kB
Buffers:           35828 kB
Cached:           374144 kB
MemTotal:        1844596 kB
MemFree:         1126748 kB
MemAvailable:    1405380 kB
Buffers:           35828 kB
Cached:           374144 kB
MemTotal:        1844596 kB
MemFree:         1126668 kB
MemAvailable:    1405300 kB
Buffers:           35828 kB
Cached:           374144 kB
MemTotal:        1844596 kB
MemFree:         1126836 kB
MemAvailable:    1405468 kB
Buffers:           35828 kB
Cached:           374144 kB
MemTotal:        1844596 kB
MemFree:         1126768 kB
MemAvailable:    1405400 kB
Buffers:           35828 kB
Cached:           374144 kB
MemTotal:        1844596 kB
MemFree:         1126728 kB
MemAvailable:    1405360 kB
Buffers:           35828 kB
Cached:           374144 kB
MemTotal:        1844596 kB
MemFree:         1125848 kB
MemAvailable:    1404480 kB
Buffers:           35828 kB
Cached:           374144 kB
MemTotal:        1844596 kB
MemFree:         1126412 kB
MemAvailable:    1405044 kB
Buffers:           35828 kB
Cached:           374144 kB
MemTotal:        1844596 kB
MemFree:         1126748 kB
MemAvailable:    1405380 kB
Buffers:           35828 kB
Cached:           374144 kB
MemTotal:        1844596 kB
MemFree:         1126732 kB
MemAvailable:    1405364 kB
Buffers:           35828 kB
Cached:           374144 kB
MemTotal:        1844596 kB
MemFree:         1126668 kB
MemAvailable:    1405300 kB
Buffers:           35828 kB
Cached:           374144 kB
MemTotal:        1844596 kB
MemFree:         1126660 kB
MemAvailable:    1405292 kB
Buffers:           35828 kB
Cached:           374144 kB
MemTotal:        1844596 kB
MemFree:         1126452 kB
MemAvailable:    1405084 kB
Buffers:           35828 kB
Cached:           374144 kB
MemTotal:        1844596 kB
MemFree:         1126792 kB
MemAvailable:    1405424 kB
Buffers:           35828 kB
Cached:           374144 kB
MemTotal:        1844596 kB
MemFree:         1126764 kB
MemAvailable:    1405396 kB
Buffers:           35828 kB
Cached:           374144 kB
MemTotal:        1844596 kB
MemFree:         1126592 kB
MemAvailable:    1405224 kB
Buffers:           35828 kB
Cached:           374144 kB
MemTotal:        1844596 kB
MemFree:         1125848 kB
MemAvailable:    1404480 kB
Buffers:           35828 kB
Cached:           374144 kB
MemTotal:        1844596 kB
MemFree:         1126552 kB
MemAvailable:    1405184 kB
Buffers:           35828 kB
Cached:           374144 kB
MemTotal:        1844596 kB
MemFree:         1125304 kB
MemAvailable:    1403936 kB
Buffers:           35828 kB
Cached:           374144 kB
MemTotal:        1844596 kB
MemFree:         1126628 kB
MemAvailable:    1405260 kB
Buffers:           35828 kB
Cached:           374144 kB
MemTotal:        1844596 kB
MemFree:         1126104 kB
MemAvailable:    1404736 kB
Buffers:           35828 kB
Cached:           374144 kB
MemTotal:        1844596 kB
MemFree:         1126544 kB
MemAvailable:    1405176 kB
Buffers:           35828 kB
Cached:           374144 kB
MemTotal:        1844596 kB
MemFree:         1126640 kB
MemAvailable:    1405272 kB
Buffers:           35828 kB
Cached:           374144 kB
MemTotal:        1844596 kB
MemFree:         1125724 kB
MemAvailable:    1404356 kB
Buffers:           35828 kB
Cached:           374144 kB
MemTotal:        1844596 kB
MemFree:         1125084 kB
MemAvailable:    1403716 kB
Buffers:           35828 kB
Cached:           374144 kB
MemTotal:        1844596 kB
MemFree:         1123924 kB
MemAvailable:    1402556 kB
Buffers:           35828 kB
Cached:           374144 kB
MemTotal:        1844596 kB
MemFree:         1125484 kB
MemAvailable:    1404116 kB
Buffers:           35828 kB
Cached:           374144 kB
MemTotal:        1844596 kB
MemFree:         1120500 kB
MemAvailable:    1399132 kB
Buffers:           35828 kB
Cached:           374144 kB
MemTotal:        1844596 kB
MemFree:         1119896 kB
MemAvailable:    1398528 kB
Buffers:           35828 kB
Cached:           374144 kB
MemTotal:        1844596 kB
MemFree:         1118972 kB
MemAvailable:    1397604 kB
Buffers:           35828 kB
Cached:           374144 kB
MemTotal:        1844596 kB
MemFree:         1119096 kB
MemAvailable:    1397728 kB
Buffers:           35828 kB
Cached:           374144 kB
MemTotal:        1844596 kB
MemFree:         1118964 kB
MemAvailable:    1397596 kB
Buffers:           35828 kB
Cached:           374144 kB
MemTotal:        1844596 kB
MemFree:         1120392 kB
MemAvailable:    1399024 kB
Buffers:           35828 kB
Cached:           374144 kB
MemTotal:        1844596 kB
MemFree:         1118960 kB
MemAvailable:    1397592 kB
Buffers:           35828 kB
Cached:           374144 kB
MemTotal:        1844596 kB
MemFree:         1120260 kB
MemAvailable:    1398892 kB
Buffers:           35828 kB
Cached:           374144 kB
MemTotal:        1844596 kB
MemFree:         1120380 kB
MemAvailable:    1399012 kB
Buffers:           35828 kB
Cached:           374144 kB
MemTotal:        1844596 kB
MemFree:         1120544 kB
MemAvailable:    1399176 kB
Buffers:           35828 kB
Cached:           374144 kB
MemTotal:        1844596 kB
MemFree:         1120328 kB
MemAvailable:    1398960 kB
Buffers:           35828 kB
Cached:           374144 kB
MemTotal:        1844596 kB
MemFree:         1120384 kB
MemAvailable:    1399016 kB
Buffers:           35828 kB
Cached:           374144 kB
MemTotal:        1844596 kB
MemFree:         1118904 kB
MemAvailable:    1397536 kB
Buffers:           35828 kB
Cached:           374144 kB
MemTotal:        1844596 kB
MemFree:         1119764 kB
MemAvailable:    1398564 kB
Buffers:           35828 kB
Cached:           374268 kB
MemTotal:        1844596 kB
MemFree:         1119532 kB
MemAvailable:    1398332 kB
Buffers:           35828 kB
Cached:           374268 kB
MemTotal:        1844596 kB
MemFree:         1119452 kB
MemAvailable:    1398336 kB
Buffers:           35828 kB
Cached:           374392 kB
MemTotal:        1844596 kB
MemFree:         1119280 kB
MemAvailable:    1398248 kB
Buffers:           35828 kB
Cached:           374516 kB
MemTotal:        1844596 kB
MemFree:         1118948 kB
MemAvailable:    1398168 kB
Buffers:           35828 kB
Cached:           374640 kB
MemTotal:        1844596 kB
MemFree:         1118780 kB
MemAvailable:    1398000 kB
Buffers:           35828 kB
Cached:           374640 kB
MemTotal:        1844596 kB
MemFree:         1119032 kB
MemAvailable:    1398252 kB
Buffers:           35828 kB
Cached:           374640 kB
MemTotal:        1844596 kB
MemFree:         1118016 kB
MemAvailable:    1397236 kB
Buffers:           35828 kB
Cached:           374764 kB
MemTotal:        1844596 kB
MemFree:         1117768 kB
MemAvailable:    1396988 kB
Buffers:           35828 kB
Cached:           374764 kB
MemTotal:        1844596 kB
MemFree:         1118868 kB
MemAvailable:    1398088 kB
Buffers:           35828 kB
Cached:           374764 kB
MemTotal:        1844596 kB
MemFree:         1118952 kB
MemAvailable:    1398172 kB
Buffers:           35828 kB
Cached:           374764 kB
MemTotal:        1844596 kB
MemFree:         1117600 kB
MemAvailable:    1396820 kB
Buffers:           35828 kB
Cached:           374764 kB
MemTotal:        1844596 kB
MemFree:         1119032 kB
MemAvailable:    1398252 kB
Buffers:           35828 kB
Cached:           374764 kB
MemTotal:        1844596 kB
MemFree:         1117912 kB
MemAvailable:    1397132 kB
Buffers:           35828 kB
Cached:           374888 kB
MemTotal:        1844596 kB
MemFree:         1119412 kB
MemAvailable:    1398036 kB
Buffers:           35828 kB
Cached:           374212 kB
MemTotal:        1844596 kB
MemFree:         1119500 kB
MemAvailable:    1398124 kB
Buffers:           35828 kB
Cached:           374212 kB
MemTotal:        1844596 kB
MemFree:         1195768 kB
MemAvailable:    1474392 kB
Buffers:           35828 kB
Cached:           374212 kB
MemTotal:        1844596 kB
MemFree:         1314644 kB
MemAvailable:    1593352 kB
Buffers:           35828 kB
Cached:           374212 kB
