MemTotal:        1844596 kB
MemFree:         1382832 kB
MemAvailable:    1605440 kB
Buffers:           27964 kB
Cached:           325508 kB
MemTotal:        1844596 kB
MemFree:         1356288 kB
MemAvailable:    1578904 kB
Buffers:           27964 kB
Cached:           325512 kB
MemTotal:        1844596 kB
MemFree:         1355032 kB
MemAvailable:    1577648 kB
Buffers:           27964 kB
Cached:           325512 kB
MemTotal:        1844596 kB
MemFree:         1354924 kB
MemAvailable:    1577540 kB
Buffers:           27964 kB
Cached:           325512 kB
MemTotal:        1844596 kB
MemFree:         1353248 kB
MemAvailable:    1575864 kB
Buffers:           27964 kB
Cached:           325512 kB
MemTotal:        1844596 kB
MemFree:         1352064 kB
MemAvailable:    1574680 kB
Buffers:           27964 kB
Cached:           325512 kB
MemTotal:        1844596 kB
MemFree:         1351560 kB
MemAvailable:    1574176 kB
Buffers:           27964 kB
Cached:           325512 kB
MemTotal:        1844596 kB
MemFree:         1351560 kB
MemAvailable:    1574176 kB
Buffers:           27964 kB
Cached:           325512 kB
MemTotal:        1844596 kB
MemFree:         1348344 kB
MemAvailable:    1570960 kB
Buffers:           27964 kB
Cached:           325512 kB
MemTotal:        1844596 kB
MemFree:         1348476 kB
MemAvailable:    1571092 kB
Buffers:           27964 kB
Cached:           325512 kB
MemTotal:        1844596 kB
MemFree:         1345180 kB
MemAvailable:    1567796 kB
Buffers:           27964 kB
Cached:           325512 kB
MemTotal:        1844596 kB
MemFree:         1340400 kB
MemAvailable:    1563016 kB
Buffers:           27964 kB
Cached:           325512 kB
MemTotal:        1844596 kB
MemFree:         1340484 kB
MemAvailable:    1563100 kB
Buffers:           27964 kB
Cached:           325512 kB
MemTotal:        1844596 kB
MemFree:         1341440 kB
MemAvailable:    1564056 kB
Buffers:           27964 kB
Cached:           325512 kB
MemTotal:        1844596 kB
MemFree:         1341692 kB
MemAvailable:    1564308 kB
Buffers:           27964 kB
Cached:           325512 kB
MemTotal:        1844596 kB
MemFree:         1340532 kB
MemAvailable:    1563148 kB
Buffers:           27964 kB
Cached:           325512 kB
MemTotal:        1844596 kB
MemFree:         1341656 kB
MemAvailable:    1564272 kB
Buffers:           27964 kB
Cached:           325512 kB
MemTotal:        1844596 kB
MemFree:         1340540 kB
MemAvailable:    1563156 kB
Buffers:           27964 kB
Cached:           325512 kB
MemTotal:        1844596 kB
MemFree:         1341656 kB
MemAvailable:    1564272 kB
Buffers:           27964 kB
Cached:           325512 kB
MemTotal:        1844596 kB
MemFree:         1340152 kB
MemAvailable:    1562768 kB
Buffers:           27964 kB
Cached:           325512 kB
MemTotal:        1844596 kB
MemFree:         1341392 kB
MemAvailable:    1564008 kB
Buffers:           27964 kB
Cached:           325512 kB
MemTotal:        1844596 kB
MemFree:         1341220 kB
MemAvailable:    1563836 kB
Buffers:           27964 kB
Cached:           325512 kB
MemTotal:        1844596 kB
MemFree:         1340044 kB
MemAvailable:    1562660 kB
Buffers:           27964 kB
Cached:           325512 kB
MemTotal:        1844596 kB
MemFree:         1340960 kB
MemAvailable:    1563576 kB
Buffers:           27964 kB
Cached:           325512 kB
MemTotal:        1844596 kB
MemFree:         1340168 kB
MemAvailable:    1562784 kB
Buffers:           27964 kB
Cached:           325512 kB
MemTotal:        1844596 kB
MemFree:         1339652 kB
MemAvailable:    1562268 kB
Buffers:           27964 kB
Cached:           325512 kB
MemTotal:        1844596 kB
MemFree:         1340960 kB
MemAvailable:    1563576 kB
Buffers:           27964 kB
Cached:           325512 kB
MemTotal:        1844596 kB
MemFree:         1340276 kB
MemAvailable:    1562892 kB
Buffers:           27964 kB
Cached:           325512 kB
MemTotal:        1844596 kB
MemFree:         1340276 kB
MemAvailable:    1562892 kB
Buffers:           27964 kB
Cached:           325512 kB
MemTotal:        1844596 kB
MemFree:         1339856 kB
MemAvailable:    1562472 kB
Buffers:           27964 kB
Cached:           325512 kB
MemTotal:        1844596 kB
MemFree:         1340192 kB
MemAvailable:    1562808 kB
Buffers:           27964 kB
Cached:           325512 kB
MemTotal:        1844596 kB
MemFree:         1338864 kB
MemAvailable:    1561480 kB
Buffers:           27964 kB
Cached:           325512 kB
MemTotal:        1844596 kB
MemFree:         1339044 kB
MemAvailable:    1561660 kB
Buffers:           27964 kB
Cached:           325512 kB
MemTotal:        1844596 kB
MemFree:         1339044 kB
MemAvailable:    1561660 kB
Buffers:           27964 kB
Cached:           325512 kB
MemTotal:        1844596 kB
MemFree:         1338732 kB
MemAvailable:    1561348 kB
Buffers:           27964 kB
Cached:           325512 kB
MemTotal:        1844596 kB
MemFree:         1337300 kB
MemAvailable:    1559916 kB
Buffers:           27976 kB
Cached:           325500 kB
MemTotal:        1844596 kB
MemFree:         1338484 kB
MemAvailable:    1561100 kB
Buffers:           27976 kB
Cached:           325500 kB
MemTotal:        1844596 kB
MemFree:         1338484 kB
MemAvailable:    1561100 kB
Buffers:           27976 kB
Cached:           325500 kB
MemTotal:        1844596 kB
MemFree:         1338404 kB
MemAvailable:    1561020 kB
Buffers:           27976 kB
Cached:           325500 kB
MemTotal:        1844596 kB
MemFree:         1338740 kB
MemAvailable:    1561356 kB
Buffers:           27976 kB
Cached:           325500 kB
MemTotal:        1844596 kB
MemFree:         1337412 kB
MemAvailable:    1560028 kB
Buffers:           27976 kB
Cached:           325500 kB
MemTotal:        1844596 kB
MemFree:         1339868 kB
MemAvailable:    1562484 kB
Buffers:           27976 kB
Cached:           325500 kB
MemTotal:        1844596 kB
MemFree:         1339868 kB
MemAvailable:    1562484 kB
Buffers:           27976 kB
Cached:           325500 kB
MemTotal:        1844596 kB
MemFree:         1339748 kB
MemAvailable:    1562364 kB
Buffers:           27976 kB
Cached:           325500 kB
MemTotal:        1844596 kB
MemFree:         1340004 kB
MemAvailable:    1562620 kB
Buffers:           27976 kB
Cached:           325500 kB
MemTotal:        1844596 kB
MemFree:         1336448 kB
MemAvailable:    1559064 kB
Buffers:           27976 kB
Cached:           325500 kB
MemTotal:        1844596 kB
MemFree:         1333968 kB
MemAvailable:    1556584 kB
Buffers:           27976 kB
Cached:           325500 kB
MemTotal:        1844596 kB
MemFree:         1334572 kB
MemAvailable:    1557188 kB
Buffers:           27976 kB
Cached:           325500 kB
MemTotal:        1844596 kB
MemFree:         1334824 kB
MemAvailable:    1557440 kB
Buffers:           27976 kB
Cached:           325500 kB
MemTotal:        1844596 kB
MemFree:         1334448 kB
MemAvailable:    1557064 kB
Buffers:           27976 kB
Cached:           325500 kB
MemTotal:        1844596 kB
MemFree:         1334448 kB
MemAvailable:    1557064 kB
Buffers:           27976 kB
Cached:           325500 kB
MemTotal:        1844596 kB
MemFree:         1334504 kB
MemAvailable:    1557120 kB
Buffers:           27976 kB
Cached:           325500 kB
MemTotal:        1844596 kB
MemFree:         1334300 kB
MemAvailable:    1556916 kB
Buffers:           27976 kB
Cached:           325500 kB
MemTotal:        1844596 kB
MemFree:         1334300 kB
MemAvailable:    1556916 kB
Buffers:           27976 kB
Cached:           325500 kB
MemTotal:        1844596 kB
MemFree:         1334196 kB
MemAvailable:    1556812 kB
Buffers:           27976 kB
Cached:           325500 kB
MemTotal:        1844596 kB
MemFree:         1334152 kB
MemAvailable:    1556768 kB
Buffers:           27976 kB
Cached:           325500 kB
MemTotal:        1844596 kB
MemFree:         1333960 kB
MemAvailable:    1556576 kB
Buffers:           27976 kB
Cached:           325500 kB
MemTotal:        1844596 kB
MemFree:         1334168 kB
MemAvailable:    1556784 kB
Buffers:           27976 kB
Cached:           325500 kB
MemTotal:        1844596 kB
MemFree:         1333100 kB
MemAvailable:    1555716 kB
Buffers:           27976 kB
Cached:           325500 kB
MemTotal:        1844596 kB
MemFree:         1334092 kB
MemAvailable:    1556708 kB
Buffers:           27976 kB
Cached:           325500 kB
MemTotal:        1844596 kB
MemFree:         1333100 kB
MemAvailable:    1555716 kB
Buffers:           27976 kB
Cached:           325500 kB
MemTotal:        1844596 kB
MemFree:         1333940 kB
MemAvailable:    1556556 kB
Buffers:           27976 kB
Cached:           325500 kB
MemTotal:        1844596 kB
MemFree:         1334164 kB
MemAvailable:    1556780 kB
Buffers:           27976 kB
Cached:           325500 kB
MemTotal:        1844596 kB
MemFree:         1332852 kB
MemAvailable:    1555468 kB
Buffers:           27976 kB
Cached:           325500 kB
MemTotal:        1844596 kB
MemFree:         1330928 kB
MemAvailable:    1553544 kB
Buffers:           27976 kB
Cached:           325500 kB
MemTotal:        1844596 kB
MemFree:         1327636 kB
MemAvailable:    1550252 kB
Buffers:           27976 kB
Cached:           325500 kB
MemTotal:        1844596 kB
MemFree:         1328388 kB
MemAvailable:    1551004 kB
Buffers:           27976 kB
Cached:           325500 kB
MemTotal:        1844596 kB
MemFree:         1327884 kB
MemAvailable:    1550500 kB
Buffers:           27976 kB
Cached:           325500 kB
MemTotal:        1844596 kB
MemFree:         1327884 kB
MemAvailable:    1550500 kB
Buffers:           27976 kB
Cached:           325500 kB
MemTotal:        1844596 kB
MemFree:         1326264 kB
MemAvailable:    1548880 kB
Buffers:           27976 kB
Cached:           325500 kB
MemTotal:        1844596 kB
MemFree:         1326600 kB
MemAvailable:    1549216 kB
Buffers:           27976 kB
Cached:           325500 kB
MemTotal:        1844596 kB
MemFree:         1325644 kB
MemAvailable:    1548260 kB
Buffers:           27976 kB
Cached:           325500 kB
MemTotal:        1844596 kB
MemFree:         1325728 kB
MemAvailable:    1548344 kB
Buffers:           27976 kB
Cached:           325500 kB
MemTotal:        1844596 kB
MemFree:         1324232 kB
MemAvailable:    1546848 kB
Buffers:           27976 kB
Cached:           325500 kB
MemTotal:        1844596 kB
MemFree:         1325156 kB
MemAvailable:    1547772 kB
Buffers:           27976 kB
Cached:           325500 kB
MemTotal:        1844596 kB
MemFree:         1325396 kB
MemAvailable:    1548032 kB
Buffers:           27976 kB
Cached:           325520 kB
MemTotal:        1844596 kB
MemFree:         1325648 kB
MemAvailable:    1548284 kB
Buffers:           27976 kB
Cached:           325520 kB
MemTotal:        1844596 kB
MemFree:         1325132 kB
MemAvailable:    1547768 kB
Buffers:           27976 kB
Cached:           325520 kB
MemTotal:        1844596 kB
MemFree:         1325468 kB
MemAvailable:    1548104 kB
Buffers:           27976 kB
Cached:           325520 kB
MemTotal:        1844596 kB
MemFree:         1325392 kB
MemAvailable:    1548028 kB
Buffers:           27976 kB
Cached:           325520 kB
MemTotal:        1844596 kB
MemFree:         1325320 kB
MemAvailable:    1547956 kB
Buffers:           27976 kB
Cached:           325520 kB
MemTotal:        1844596 kB
MemFree:         1324420 kB
MemAvailable:    1547056 kB
Buffers:           27976 kB
Cached:           325520 kB
MemTotal:        1844596 kB
MemFree:         1325420 kB
MemAvailable:    1548056 kB
Buffers:           27976 kB
Cached:           325520 kB
MemTotal:        1844596 kB
MemFree:         1324544 kB
MemAvailable:    1547180 kB
Buffers:           27976 kB
Cached:           325520 kB
MemTotal:        1844596 kB
MemFree:         1325168 kB
MemAvailable:    1547804 kB
Buffers:           27976 kB
Cached:           325520 kB
MemTotal:        1844596 kB
MemFree:         1325168 kB
MemAvailable:    1547804 kB
Buffers:           27976 kB
Cached:           325520 kB
MemTotal:        1844596 kB
MemFree:         1325292 kB
MemAvailable:    1547928 kB
Buffers:           27976 kB
Cached:           325520 kB
MemTotal:        1844596 kB
MemFree:         1324968 kB
MemAvailable:    1547604 kB
Buffers:           27976 kB
Cached:           325520 kB
MemTotal:        1844596 kB
MemFree:         1324968 kB
MemAvailable:    1547604 kB
Buffers:           27976 kB
Cached:           325520 kB
MemTotal:        1844596 kB
MemFree:         1325052 kB
MemAvailable:    1547688 kB
Buffers:           27976 kB
Cached:           325520 kB
MemTotal:        1844596 kB
MemFree:         1323780 kB
MemAvailable:    1546416 kB
Buffers:           27976 kB
Cached:           325520 kB
MemTotal:        1844596 kB
MemFree:         1325088 kB
MemAvailable:    1547724 kB
Buffers:           27976 kB
Cached:           325520 kB
MemTotal:        1844596 kB
MemFree:         1325040 kB
MemAvailable:    1547676 kB
Buffers:           27976 kB
Cached:           325520 kB
MemTotal:        1844596 kB
MemFree:         1324296 kB
MemAvailable:    1546932 kB
Buffers:           27976 kB
Cached:           325520 kB
MemTotal:        1844596 kB
MemFree:         1324296 kB
MemAvailable:    1546932 kB
Buffers:           27976 kB
Cached:           325520 kB
MemTotal:        1844596 kB
MemFree:         1323040 kB
MemAvailable:    1545676 kB
Buffers:           27976 kB
Cached:           325520 kB
MemTotal:        1844596 kB
MemFree:         1323252 kB
MemAvailable:    1545888 kB
Buffers:           27976 kB
Cached:           325520 kB
MemTotal:        1844596 kB
MemFree:         1318832 kB
MemAvailable:    1541468 kB
Buffers:           27976 kB
Cached:           325520 kB
MemTotal:        1844596 kB
MemFree:         1315864 kB
MemAvailable:    1538500 kB
Buffers:           27976 kB
Cached:           325520 kB
MemTotal:        1844596 kB
MemFree:         1315856 kB
MemAvailable:    1538492 kB
Buffers:           27976 kB
Cached:           325520 kB
MemTotal:        1844596 kB
MemFree:         1316964 kB
MemAvailable:    1539600 kB
Buffers:           27976 kB
Cached:           325520 kB
MemTotal:        1844596 kB
MemFree:         1316848 kB
MemAvailable:    1539484 kB
Buffers:           27976 kB
Cached:           325520 kB
MemTotal:        1844596 kB
MemFree:         1317040 kB
MemAvailable:    1539676 kB
Buffers:           27976 kB
Cached:           325520 kB
MemTotal:        1844596 kB
MemFree:         1316344 kB
MemAvailable:    1538980 kB
Buffers:           27976 kB
Cached:           325520 kB
MemTotal:        1844596 kB
MemFree:         1316680 kB
MemAvailable:    1539316 kB
Buffers:           27976 kB
Cached:           325520 kB
MemTotal:        1844596 kB
MemFree:         1315104 kB
MemAvailable:    1537740 kB
Buffers:           27976 kB
Cached:           325520 kB
MemTotal:        1844596 kB
MemFree:         1315104 kB
MemAvailable:    1537740 kB
Buffers:           27976 kB
Cached:           325520 kB
MemTotal:        1844596 kB
MemFree:         1316080 kB
MemAvailable:    1538716 kB
Buffers:           27976 kB
Cached:           325520 kB
MemTotal:        1844596 kB
MemFree:         1316416 kB
MemAvailable:    1539052 kB
Buffers:           27976 kB
Cached:           325520 kB
MemTotal:        1844596 kB
MemFree:         1316200 kB
MemAvailable:    1538836 kB
Buffers:           27976 kB
Cached:           325520 kB
MemTotal:        1844596 kB
MemFree:         1316200 kB
MemAvailable:    1538836 kB
Buffers:           27976 kB
Cached:           325520 kB
MemTotal:        1844596 kB
MemFree:         1316408 kB
MemAvailable:    1539044 kB
Buffers:           27976 kB
Cached:           325520 kB
MemTotal:        1844596 kB
MemFree:         1316300 kB
MemAvailable:    1538936 kB
Buffers:           27976 kB
Cached:           325520 kB
MemTotal:        1844596 kB
MemFree:         1316336 kB
MemAvailable:    1538972 kB
Buffers:           27976 kB
Cached:           325520 kB
MemTotal:        1844596 kB
MemFree:         1316088 kB
MemAvailable:    1538724 kB
Buffers:           27976 kB
Cached:           325520 kB
MemTotal:        1844596 kB
MemFree:         1316040 kB
MemAvailable:    1538676 kB
Buffers:           27976 kB
Cached:           325520 kB
MemTotal:        1844596 kB
MemFree:         1316188 kB
MemAvailable:    1538824 kB
Buffers:           27976 kB
Cached:           325520 kB
MemTotal:        1844596 kB
MemFree:         1316328 kB
MemAvailable:    1538964 kB
Buffers:           27976 kB
Cached:           325520 kB
MemTotal:        1844596 kB
MemFree:         1316332 kB
MemAvailable:    1538968 kB
Buffers:           27976 kB
Cached:           325520 kB
MemTotal:        1844596 kB
MemFree:         1316244 kB
MemAvailable:    1538880 kB
Buffers:           27976 kB
Cached:           325520 kB
MemTotal:        1844596 kB
MemFree:         1315996 kB
MemAvailable:    1538632 kB
Buffers:           27976 kB
Cached:           325520 kB
MemTotal:        1844596 kB
MemFree:         1316248 kB
MemAvailable:    1538884 kB
Buffers:           27976 kB
Cached:           325520 kB
MemTotal:        1844596 kB
MemFree:         1316264 kB
MemAvailable:    1538900 kB
Buffers:           27976 kB
Cached:           325520 kB
MemTotal:        1844596 kB
MemFree:         1315460 kB
MemAvailable:    1538096 kB
Buffers:           27976 kB
Cached:           325520 kB
MemTotal:        1844596 kB
MemFree:         1316052 kB
MemAvailable:    1538688 kB
Buffers:           27976 kB
Cached:           325520 kB
MemTotal:        1844596 kB
MemFree:         1316388 kB
MemAvailable:    1539024 kB
Buffers:           27976 kB
Cached:           325520 kB
MemTotal:        1844596 kB
MemFree:         1316264 kB
MemAvailable:    1538900 kB
Buffers:           27976 kB
Cached:           325520 kB
MemTotal:        1844596 kB
MemFree:         1315088 kB
MemAvailable:    1537724 kB
Buffers:           27976 kB
Cached:           325520 kB
MemTotal:        1844596 kB
MemFree:         1314792 kB
MemAvailable:    1537428 kB
Buffers:           27976 kB
Cached:           325520 kB
MemTotal:        1844596 kB
MemFree:         1315080 kB
MemAvailable:    1537716 kB
Buffers:           27976 kB
Cached:           325520 kB
MemTotal:        1844596 kB
MemFree:         1314576 kB
MemAvailable:    1537212 kB
Buffers:           27976 kB
Cached:           325520 kB
MemTotal:        1844596 kB
MemFree:         1313592 kB
MemAvailable:    1536228 kB
Buffers:           27976 kB
Cached:           325520 kB
MemTotal:        1844596 kB
MemFree:         1308948 kB
MemAvailable:    1531584 kB
Buffers:           27976 kB
Cached:           325520 kB
MemTotal:        1844596 kB
MemFree:         1307460 kB
MemAvailable:    1530096 kB
Buffers:           27976 kB
Cached:           325520 kB
MemTotal:        1844596 kB
MemFree:         1306160 kB
MemAvailable:    1528796 kB
Buffers:           27976 kB
Cached:           325520 kB
MemTotal:        1844596 kB
MemFree:         1307200 kB
MemAvailable:    1529836 kB
Buffers:           27976 kB
Cached:           325520 kB
MemTotal:        1844596 kB
MemFree:         1306744 kB
MemAvailable:    1529380 kB
Buffers:           27976 kB
Cached:           325520 kB
MemTotal:        1844596 kB
MemFree:         1306532 kB
MemAvailable:    1529168 kB
Buffers:           27976 kB
Cached:           325520 kB
MemTotal:        1844596 kB
MemFree:         1306784 kB
MemAvailable:    1529420 kB
Buffers:           27976 kB
Cached:           325520 kB
MemTotal:        1844596 kB
MemFree:         1305524 kB
MemAvailable:    1528160 kB
Buffers:           27976 kB
Cached:           325520 kB
MemTotal:        1844596 kB
MemFree:         1305168 kB
MemAvailable:    1527804 kB
Buffers:           27976 kB
Cached:           325520 kB
MemTotal:        1844596 kB
MemFree:         1304912 kB
MemAvailable:    1527548 kB
Buffers:           27976 kB
Cached:           325520 kB
MemTotal:        1844596 kB
MemFree:         1305168 kB
MemAvailable:    1527804 kB
Buffers:           27976 kB
Cached:           325520 kB
MemTotal:        1844596 kB
MemFree:         1304540 kB
MemAvailable:    1527176 kB
Buffers:           27976 kB
Cached:           325520 kB
MemTotal:        1844596 kB
MemFree:         1304540 kB
MemAvailable:    1527176 kB
Buffers:           27976 kB
Cached:           325520 kB
MemTotal:        1844596 kB
MemFree:         1304404 kB
MemAvailable:    1527040 kB
Buffers:           27976 kB
Cached:           325520 kB
MemTotal:        1844596 kB
MemFree:         1304660 kB
MemAvailable:    1527296 kB
Buffers:           27976 kB
Cached:           325520 kB
MemTotal:        1844596 kB
MemFree:         1303156 kB
MemAvailable:    1525792 kB
Buffers:           27976 kB
Cached:           325520 kB
MemTotal:        1844596 kB
MemFree:         1304220 kB
MemAvailable:    1526856 kB
Buffers:           27976 kB
Cached:           325520 kB
MemTotal:        1844596 kB
MemFree:         1304556 kB
MemAvailable:    1527192 kB
Buffers:           27976 kB
Cached:           325520 kB
MemTotal:        1844596 kB
MemFree:         1304340 kB
MemAvailable:    1526976 kB
Buffers:           27976 kB
Cached:           325520 kB
MemTotal:        1844596 kB
MemFree:         1304340 kB
MemAvailable:    1526976 kB
Buffers:           27976 kB
Cached:           325520 kB
MemTotal:        1844596 kB
MemFree:         1304596 kB
MemAvailable:    1527232 kB
Buffers:           27976 kB
Cached:           325520 kB
MemTotal:        1844596 kB
MemFree:         1303672 kB
MemAvailable:    1526308 kB
Buffers:           27976 kB
Cached:           325520 kB
MemTotal:        1844596 kB
MemFree:         1304856 kB
MemAvailable:    1527500 kB
Buffers:           27976 kB
Cached:           325528 kB
MemTotal:        1844596 kB
MemFree:         1303556 kB
MemAvailable:    1526200 kB
Buffers:           27976 kB
Cached:           325528 kB
MemTotal:        1844596 kB
MemFree:         1304556 kB
MemAvailable:    1527200 kB
Buffers:           27976 kB
Cached:           325528 kB
MemTotal:        1844596 kB
MemFree:         1303672 kB
MemAvailable:    1526320 kB
Buffers:           27976 kB
Cached:           325532 kB
MemTotal:        1844596 kB
MemFree:         1304348 kB
MemAvailable:    1526996 kB
Buffers:           27976 kB
Cached:           325532 kB
MemTotal:        1844596 kB
MemFree:         1304176 kB
MemAvailable:    1526824 kB
Buffers:           27976 kB
Cached:           325532 kB
MemTotal:        1844596 kB
MemFree:         1304484 kB
MemAvailable:    1527132 kB
Buffers:           27976 kB
Cached:           325532 kB
MemTotal:        1844596 kB
MemFree:         1304284 kB
MemAvailable:    1526932 kB
Buffers:           27976 kB
Cached:           325532 kB
MemTotal:        1844596 kB
MemFree:         1304536 kB
MemAvailable:    1527184 kB
Buffers:           27976 kB
Cached:           325532 kB
MemTotal:        1844596 kB
MemFree:         1304472 kB
MemAvailable:    1527120 kB
Buffers:           27976 kB
Cached:           325532 kB
MemTotal:        1844596 kB
MemFree:         1304364 kB
MemAvailable:    1527012 kB
Buffers:           27976 kB
Cached:           325532 kB
MemTotal:        1844596 kB
MemFree:         1304336 kB
MemAvailable:    1526984 kB
Buffers:           27976 kB
Cached:           325532 kB
MemTotal:        1844596 kB
MemFree:         1303284 kB
MemAvailable:    1525932 kB
Buffers:           27976 kB
Cached:           325532 kB
MemTotal:        1844596 kB
MemFree:         1303408 kB
MemAvailable:    1526056 kB
Buffers:           27976 kB
Cached:           325532 kB
MemTotal:        1844596 kB
MemFree:         1304376 kB
MemAvailable:    1527024 kB
Buffers:           27976 kB
Cached:           325532 kB
MemTotal:        1844596 kB
MemFree:         1304376 kB
MemAvailable:    1527024 kB
Buffers:           27976 kB
Cached:           325532 kB
MemTotal:        1844596 kB
MemFree:         1304436 kB
MemAvailable:    1527084 kB
Buffers:           27976 kB
Cached:           325532 kB
MemTotal:        1844596 kB
MemFree:         1303172 kB
MemAvailable:    1525820 kB
Buffers:           27976 kB
Cached:           325532 kB
MemTotal:        1844596 kB
MemFree:         1304472 kB
MemAvailable:    1527120 kB
Buffers:           27976 kB
Cached:           325532 kB
MemTotal:        1844596 kB
MemFree:         1304472 kB
MemAvailable:    1527120 kB
Buffers:           27976 kB
Cached:           325532 kB
MemTotal:        1844596 kB
MemFree:         1304340 kB
MemAvailable:    1526988 kB
Buffers:           27976 kB
Cached:           325532 kB
MemTotal:        1844596 kB
MemFree:         1304404 kB
MemAvailable:    1527052 kB
Buffers:           27976 kB
Cached:           325532 kB
MemTotal:        1844596 kB
MemFree:         1303432 kB
MemAvailable:    1526080 kB
Buffers:           27976 kB
Cached:           325532 kB
MemTotal:        1844596 kB
MemFree:         1304148 kB
MemAvailable:    1526796 kB
Buffers:           27976 kB
Cached:           325532 kB
MemTotal:        1844596 kB
MemFree:         1304484 kB
MemAvailable:    1527132 kB
Buffers:           27976 kB
Cached:           325532 kB
MemTotal:        1844596 kB
MemFree:         1302992 kB
MemAvailable:    1525640 kB
Buffers:           27976 kB
Cached:           325532 kB
MemTotal:        1844596 kB
MemFree:         1304424 kB
MemAvailable:    1527072 kB
Buffers:           27976 kB
Cached:           325532 kB
MemTotal:        1844596 kB
MemFree:         1303240 kB
MemAvailable:    1525888 kB
Buffers:           27976 kB
Cached:           325532 kB
MemTotal:        1844596 kB
MemFree:         1304260 kB
MemAvailable:    1526908 kB
Buffers:           27976 kB
Cached:           325532 kB
MemTotal:        1844596 kB
MemFree:         1304320 kB
MemAvailable:    1526968 kB
Buffers:           27976 kB
Cached:           325532 kB
MemTotal:        1844596 kB
MemFree:         1304104 kB
MemAvailable:    1526752 kB
Buffers:           27976 kB
Cached:           325532 kB
MemTotal:        1844596 kB
MemFree:         1304440 kB
MemAvailable:    1527088 kB
Buffers:           27976 kB
Cached:           325532 kB
MemTotal:        1844596 kB
MemFree:         1303116 kB
MemAvailable:    1525764 kB
Buffers:           27976 kB
Cached:           325532 kB
MemTotal:        1844596 kB
MemFree:         1303116 kB
MemAvailable:    1525764 kB
Buffers:           27976 kB
Cached:           325532 kB
MemTotal:        1844596 kB
MemFree:         1303240 kB
MemAvailable:    1525888 kB
Buffers:           27976 kB
Cached:           325532 kB
MemTotal:        1844596 kB
MemFree:         1304416 kB
MemAvailable:    1527064 kB
Buffers:           27976 kB
Cached:           325532 kB
MemTotal:        1844596 kB
MemFree:         1303108 kB
MemAvailable:    1525756 kB
Buffers:           27976 kB
Cached:           325532 kB
MemTotal:        1844596 kB
MemFree:         1304284 kB
MemAvailable:    1526932 kB
Buffers:           27976 kB
Cached:           325532 kB
MemTotal:        1844596 kB
MemFree:         1304376 kB
MemAvailable:    1527024 kB
Buffers:           27976 kB
Cached:           325532 kB
MemTotal:        1844596 kB
MemFree:         1304376 kB
MemAvailable:    1527024 kB
Buffers:           27976 kB
Cached:           325532 kB
MemTotal:        1844596 kB
MemFree:         1304344 kB
MemAvailable:    1526992 kB
Buffers:           27976 kB
Cached:           325532 kB
MemTotal:        1844596 kB
MemFree:         1302912 kB
MemAvailable:    1525560 kB
Buffers:           27976 kB
Cached:           325532 kB
MemTotal:        1844596 kB
MemFree:         1302740 kB
MemAvailable:    1525388 kB
Buffers:           27976 kB
Cached:           325532 kB
MemTotal:        1844596 kB
MemFree:         1303972 kB
MemAvailable:    1526620 kB
Buffers:           27976 kB
Cached:           325532 kB
MemTotal:        1844596 kB
MemFree:         1303972 kB
MemAvailable:    1526620 kB
Buffers:           27976 kB
Cached:           325532 kB
MemTotal:        1844596 kB
MemFree:         1304012 kB
MemAvailable:    1526660 kB
Buffers:           27976 kB
Cached:           325532 kB
MemTotal:        1844596 kB
MemFree:         1303940 kB
MemAvailable:    1526588 kB
Buffers:           27976 kB
Cached:           325532 kB
MemTotal:        1844596 kB
MemFree:         1303784 kB
MemAvailable:    1526432 kB
Buffers:           27976 kB
Cached:           325532 kB
MemTotal:        1844596 kB
MemFree:         1303868 kB
MemAvailable:    1526516 kB
Buffers:           27976 kB
Cached:           325532 kB
MemTotal:        1844596 kB
MemFree:         1303740 kB
MemAvailable:    1526388 kB
Buffers:           27976 kB
Cached:           325532 kB
MemTotal:        1844596 kB
MemFree:         1303720 kB
MemAvailable:    1526368 kB
Buffers:           27976 kB
Cached:           325532 kB
MemTotal:        1844596 kB
MemFree:         1303804 kB
MemAvailable:    1526452 kB
Buffers:           27976 kB
Cached:           325532 kB
MemTotal:        1844596 kB
MemFree:         1304112 kB
MemAvailable:    1526768 kB
Buffers:           27976 kB
Cached:           325540 kB
MemTotal:        1844596 kB
MemFree:         1302812 kB
MemAvailable:    1525468 kB
Buffers:           27976 kB
Cached:           325540 kB
MemTotal:        1844596 kB
MemFree:         1303500 kB
MemAvailable:    1526156 kB
Buffers:           27976 kB
Cached:           325540 kB
MemTotal:        1844596 kB
MemFree:         1302252 kB
MemAvailable:    1524908 kB
Buffers:           27976 kB
Cached:           325540 kB
MemTotal:        1844596 kB
MemFree:         1302252 kB
MemAvailable:    1524908 kB
Buffers:           27976 kB
Cached:           325540 kB
MemTotal:        1844596 kB
MemFree:         1302120 kB
MemAvailable:    1524776 kB
Buffers:           27976 kB
Cached:           325540 kB
MemTotal:        1844596 kB
MemFree:         1303464 kB
MemAvailable:    1526120 kB
Buffers:           27976 kB
Cached:           325540 kB
MemTotal:        1844596 kB
MemFree:         1302156 kB
MemAvailable:    1524812 kB
Buffers:           27976 kB
Cached:           325540 kB
MemTotal:        1844596 kB
MemFree:         1303348 kB
MemAvailable:    1526004 kB
Buffers:           27976 kB
Cached:           325540 kB
MemTotal:        1844596 kB
MemFree:         1303348 kB
MemAvailable:    1526004 kB
Buffers:           27976 kB
Cached:           325540 kB
MemTotal:        1844596 kB
MemFree:         1303244 kB
MemAvailable:    1525900 kB
Buffers:           27976 kB
Cached:           325540 kB
MemTotal:        1844596 kB
MemFree:         1303244 kB
MemAvailable:    1525900 kB
Buffers:           27976 kB
Cached:           325540 kB
MemTotal:        1844596 kB
MemFree:         1303236 kB
MemAvailable:    1525892 kB
Buffers:           27976 kB
Cached:           325540 kB
MemTotal:        1844596 kB
MemFree:         1303488 kB
MemAvailable:    1526144 kB
Buffers:           27976 kB
Cached:           325540 kB
MemTotal:        1844596 kB
MemFree:         1302124 kB
MemAvailable:    1524780 kB
Buffers:           27976 kB
Cached:           325540 kB
MemTotal:        1844596 kB
MemFree:         1302124 kB
MemAvailable:    1524780 kB
Buffers:           27976 kB
Cached:           325540 kB
MemTotal:        1844596 kB
MemFree:         1301812 kB
MemAvailable:    1524468 kB
Buffers:           27976 kB
Cached:           325540 kB
MemTotal:        1844596 kB
MemFree:         1302068 kB
MemAvailable:    1524724 kB
Buffers:           27976 kB
Cached:           325540 kB
MemTotal:        1844596 kB
MemFree:         1303368 kB
MemAvailable:    1526024 kB
Buffers:           27976 kB
Cached:           325540 kB
MemTotal:        1844596 kB
MemFree:         1303556 kB
MemAvailable:    1526212 kB
Buffers:           27976 kB
Cached:           325540 kB
MemTotal:        1844596 kB
MemFree:         1300952 kB
MemAvailable:    1523608 kB
Buffers:           27976 kB
Cached:           325540 kB
MemTotal:        1844596 kB
MemFree:         1296472 kB
MemAvailable:    1519128 kB
Buffers:           27976 kB
Cached:           325540 kB
MemTotal:        1844596 kB
MemFree:         1296472 kB
MemAvailable:    1519128 kB
Buffers:           27976 kB
Cached:           325540 kB
MemTotal:        1844596 kB
MemFree:         1293200 kB
MemAvailable:    1515856 kB
Buffers:           27976 kB
Cached:           325540 kB
MemTotal:        1844596 kB
MemFree:         1293068 kB
MemAvailable:    1515724 kB
Buffers:           27976 kB
Cached:           325540 kB
MemTotal:        1844596 kB
MemFree:         1293200 kB
MemAvailable:    1515856 kB
Buffers:           27976 kB
Cached:           325540 kB
MemTotal:        1844596 kB
MemFree:         1291520 kB
MemAvailable:    1514176 kB
Buffers:           27976 kB
Cached:           325540 kB
MemTotal:        1844596 kB
MemFree:         1292196 kB
MemAvailable:    1514852 kB
Buffers:           27976 kB
Cached:           325540 kB
MemTotal:        1844596 kB
MemFree:         1292336 kB
MemAvailable:    1514992 kB
Buffers:           27976 kB
Cached:           325540 kB
MemTotal:        1844596 kB
MemFree:         1292200 kB
MemAvailable:    1514856 kB
Buffers:           27976 kB
Cached:           325540 kB
MemTotal:        1844596 kB
MemFree:         1292092 kB
MemAvailable:    1514748 kB
Buffers:           27976 kB
Cached:           325540 kB
MemTotal:        1844596 kB
MemFree:         1291032 kB
MemAvailable:    1513688 kB
Buffers:           27976 kB
Cached:           325540 kB
MemTotal:        1844596 kB
MemFree:         1291636 kB
MemAvailable:    1514296 kB
Buffers:           27976 kB
Cached:           325544 kB
MemTotal:        1844596 kB
MemFree:         1291860 kB
MemAvailable:    1514520 kB
Buffers:           27976 kB
Cached:           325544 kB
MemTotal:        1844596 kB
MemFree:         1290728 kB
MemAvailable:    1513388 kB
Buffers:           27976 kB
Cached:           325544 kB
MemTotal:        1844596 kB
MemFree:         1290172 kB
MemAvailable:    1512832 kB
Buffers:           27976 kB
Cached:           325544 kB
MemTotal:        1844596 kB
MemFree:         1290108 kB
MemAvailable:    1512768 kB
Buffers:           27976 kB
Cached:           325544 kB
MemTotal:        1844596 kB
MemFree:         1288940 kB
MemAvailable:    1511600 kB
Buffers:           27976 kB
Cached:           325544 kB
MemTotal:        1844596 kB
MemFree:         1290108 kB
MemAvailable:    1512768 kB
Buffers:           27976 kB
Cached:           325544 kB
MemTotal:        1844596 kB
MemFree:         1288924 kB
MemAvailable:    1511584 kB
Buffers:           27976 kB
Cached:           325544 kB
MemTotal:        1844596 kB
MemFree:         1289904 kB
MemAvailable:    1512564 kB
Buffers:           27976 kB
Cached:           325544 kB
MemTotal:        1844596 kB
MemFree:         1288656 kB
MemAvailable:    1511316 kB
Buffers:           27976 kB
Cached:           325544 kB
MemTotal:        1844596 kB
MemFree:         1289716 kB
MemAvailable:    1512376 kB
Buffers:           27976 kB
Cached:           325544 kB
MemTotal:        1844596 kB
MemFree:         1290052 kB
MemAvailable:    1512712 kB
Buffers:           27976 kB
Cached:           325544 kB
MemTotal:        1844596 kB
MemFree:         1289892 kB
MemAvailable:    1512552 kB
Buffers:           27976 kB
Cached:           325544 kB
MemTotal:        1844596 kB
MemFree:         1289180 kB
MemAvailable:    1511840 kB
Buffers:           27976 kB
Cached:           325544 kB
MemTotal:        1844596 kB
MemFree:         1288744 kB
MemAvailable:    1511404 kB
Buffers:           27976 kB
Cached:           325544 kB
MemTotal:        1844596 kB
MemFree:         1289924 kB
MemAvailable:    1512584 kB
Buffers:           27976 kB
Cached:           325544 kB
MemTotal:        1844596 kB
MemFree:         1289924 kB
MemAvailable:    1512584 kB
Buffers:           27976 kB
Cached:           325544 kB
MemTotal:        1844596 kB
MemFree:         1289552 kB
MemAvailable:    1512212 kB
Buffers:           27976 kB
Cached:           325544 kB
MemTotal:        1844596 kB
MemFree:         1289772 kB
MemAvailable:    1512432 kB
Buffers:           27976 kB
Cached:           325544 kB
MemTotal:        1844596 kB
MemFree:         1289972 kB
MemAvailable:    1512632 kB
Buffers:           27976 kB
Cached:           325544 kB
MemTotal:        1844596 kB
MemFree:         1289920 kB
MemAvailable:    1512580 kB
Buffers:           27976 kB
Cached:           325544 kB
MemTotal:        1844596 kB
MemFree:         1288808 kB
MemAvailable:    1511468 kB
Buffers:           27976 kB
Cached:           325544 kB
MemTotal:        1844596 kB
MemFree:         1289172 kB
MemAvailable:    1511832 kB
Buffers:           27976 kB
Cached:           325544 kB
MemTotal:        1844596 kB
MemFree:         1287568 kB
MemAvailable:    1510228 kB
Buffers:           27976 kB
Cached:           325544 kB
MemTotal:        1844596 kB
MemFree:         1288064 kB
MemAvailable:    1510724 kB
Buffers:           27976 kB
Cached:           325544 kB
MemTotal:        1844596 kB
MemFree:         1287992 kB
MemAvailable:    1510652 kB
Buffers:           27976 kB
Cached:           325544 kB
MemTotal:        1844596 kB
MemFree:         1286676 kB
MemAvailable:    1509336 kB
Buffers:           27976 kB
Cached:           325544 kB
MemTotal:        1844596 kB
MemFree:         1287860 kB
MemAvailable:    1510520 kB
Buffers:           27976 kB
Cached:           325544 kB
MemTotal:        1844596 kB
MemFree:         1286576 kB
MemAvailable:    1509236 kB
Buffers:           27976 kB
Cached:           325544 kB
MemTotal:        1844596 kB
MemFree:         1287616 kB
MemAvailable:    1510276 kB
Buffers:           27976 kB
Cached:           325544 kB
MemTotal:        1844596 kB
MemFree:         1287196 kB
MemAvailable:    1509856 kB
Buffers:           27976 kB
Cached:           325544 kB
MemTotal:        1844596 kB
MemFree:         1287056 kB
MemAvailable:    1509716 kB
Buffers:           27976 kB
Cached:           325544 kB
MemTotal:        1844596 kB
MemFree:         1287312 kB
MemAvailable:    1509972 kB
Buffers:           27976 kB
Cached:           325544 kB
MemTotal:        1844596 kB
MemFree:         1284460 kB
MemAvailable:    1507120 kB
Buffers:           27976 kB
Cached:           325544 kB
MemTotal:        1844596 kB
MemFree:         1284460 kB
MemAvailable:    1507120 kB
Buffers:           27976 kB
Cached:           325544 kB
MemTotal:        1844596 kB
MemFree:         1285452 kB
MemAvailable:    1508116 kB
Buffers:           27976 kB
Cached:           325548 kB
MemTotal:        1844596 kB
MemFree:         1285452 kB
MemAvailable:    1508116 kB
Buffers:           27976 kB
Cached:           325548 kB
MemTotal:        1844596 kB
MemFree:         1284964 kB
MemAvailable:    1507628 kB
Buffers:           27976 kB
Cached:           325548 kB
MemTotal:        1844596 kB
MemFree:         1283848 kB
MemAvailable:    1506512 kB
Buffers:           27976 kB
Cached:           325548 kB
MemTotal:        1844596 kB
MemFree:         1284888 kB
MemAvailable:    1507552 kB
Buffers:           27976 kB
Cached:           325548 kB
MemTotal:        1844596 kB
MemFree:         1283704 kB
MemAvailable:    1506368 kB
Buffers:           27976 kB
Cached:           325548 kB
MemTotal:        1844596 kB
MemFree:         1284640 kB
MemAvailable:    1507304 kB
Buffers:           27976 kB
Cached:           325548 kB
MemTotal:        1844596 kB
MemFree:         1284892 kB
MemAvailable:    1507556 kB
Buffers:           27976 kB
Cached:           325548 kB
MemTotal:        1844596 kB
MemFree:         1284888 kB
MemAvailable:    1507552 kB
Buffers:           27976 kB
Cached:           325548 kB
MemTotal:        1844596 kB
MemFree:         1283664 kB
MemAvailable:    1506328 kB
Buffers:           27976 kB
Cached:           325548 kB
MemTotal:        1844596 kB
MemFree:         1284816 kB
MemAvailable:    1507480 kB
Buffers:           27976 kB
Cached:           325548 kB
MemTotal:        1844596 kB
MemFree:         1283972 kB
MemAvailable:    1506636 kB
Buffers:           27976 kB
Cached:           325548 kB
MemTotal:        1844596 kB
MemFree:         1284688 kB
MemAvailable:    1507352 kB
Buffers:           27976 kB
Cached:           325548 kB
MemTotal:        1844596 kB
MemFree:         1284940 kB
MemAvailable:    1507604 kB
Buffers:           27976 kB
Cached:           325548 kB
MemTotal:        1844596 kB
MemFree:         1284516 kB
MemAvailable:    1507180 kB
Buffers:           27976 kB
Cached:           325548 kB
MemTotal:        1844596 kB
MemFree:         1284516 kB
MemAvailable:    1507180 kB
Buffers:           27976 kB
Cached:           325548 kB
MemTotal:        1844596 kB
MemFree:         1284448 kB
MemAvailable:    1507112 kB
Buffers:           27976 kB
Cached:           325548 kB
MemTotal:        1844596 kB
MemFree:         1284704 kB
MemAvailable:    1507368 kB
Buffers:           27976 kB
Cached:           325548 kB
MemTotal:        1844596 kB
MemFree:         1283284 kB
MemAvailable:    1505948 kB
Buffers:           27976 kB
Cached:           325548 kB
MemTotal:        1844596 kB
MemFree:         1283028 kB
MemAvailable:    1505692 kB
Buffers:           27976 kB
Cached:           325548 kB
MemTotal:        1844596 kB
MemFree:         1284512 kB
MemAvailable:    1507176 kB
Buffers:           27976 kB
Cached:           325548 kB
MemTotal:        1844596 kB
MemFree:         1284372 kB
MemAvailable:    1507036 kB
Buffers:           27976 kB
Cached:           325548 kB
MemTotal:        1844596 kB
MemFree:         1284372 kB
MemAvailable:    1507036 kB
Buffers:           27976 kB
Cached:           325548 kB
MemTotal:        1844596 kB
MemFree:         1284440 kB
MemAvailable:    1507104 kB
Buffers:           27976 kB
Cached:           325548 kB
MemTotal:        1844596 kB
MemFree:         1284692 kB
MemAvailable:    1507356 kB
Buffers:           27976 kB
Cached:           325548 kB
MemTotal:        1844596 kB
MemFree:         1284400 kB
MemAvailable:    1507064 kB
Buffers:           27976 kB
Cached:           325548 kB
MemTotal:        1844596 kB
MemFree:         1284400 kB
MemAvailable:    1507064 kB
Buffers:           27976 kB
Cached:           325548 kB
MemTotal:        1844596 kB
MemFree:         1284328 kB
MemAvailable:    1506992 kB
Buffers:           27976 kB
Cached:           325548 kB
MemTotal:        1844596 kB
MemFree:         1284580 kB
MemAvailable:    1507244 kB
Buffers:           27976 kB
Cached:           325548 kB
MemTotal:        1844596 kB
MemFree:         1282964 kB
MemAvailable:    1505628 kB
Buffers:           27976 kB
Cached:           325548 kB
MemTotal:        1844596 kB
MemFree:         1283176 kB
MemAvailable:    1505840 kB
Buffers:           27976 kB
Cached:           325548 kB
MemTotal:        1844596 kB
MemFree:         1284476 kB
MemAvailable:    1507140 kB
Buffers:           27976 kB
Cached:           325548 kB
MemTotal:        1844596 kB
MemFree:         1284344 kB
MemAvailable:    1507008 kB
Buffers:           27976 kB
Cached:           325548 kB
MemTotal:        1844596 kB
MemFree:         1283536 kB
MemAvailable:    1506200 kB
Buffers:           27976 kB
Cached:           325548 kB
MemTotal:        1844596 kB
MemFree:         1283212 kB
MemAvailable:    1505876 kB
Buffers:           27976 kB
Cached:           325548 kB
MemTotal:        1844596 kB
MemFree:         1283468 kB
MemAvailable:    1506132 kB
Buffers:           27976 kB
Cached:           325548 kB
MemTotal:        1844596 kB
MemFree:         1281732 kB
MemAvailable:    1504396 kB
Buffers:           27976 kB
Cached:           325548 kB
MemTotal:        1844596 kB
MemFree:         1280376 kB
MemAvailable:    1503040 kB
Buffers:           27976 kB
Cached:           325548 kB
MemTotal:        1844596 kB
MemFree:         1280748 kB
MemAvailable:    1503412 kB
Buffers:           27976 kB
Cached:           325548 kB
MemTotal:        1844596 kB
MemFree:         1277212 kB
MemAvailable:    1499876 kB
Buffers:           27976 kB
Cached:           325548 kB
MemTotal:        1844596 kB
MemFree:         1276096 kB
MemAvailable:    1498760 kB
Buffers:           27976 kB
Cached:           325548 kB
MemTotal:        1844596 kB
MemFree:         1273804 kB
MemAvailable:    1496468 kB
Buffers:           27976 kB
Cached:           325548 kB
MemTotal:        1844596 kB
MemFree:         1271384 kB
MemAvailable:    1494052 kB
Buffers:           27976 kB
Cached:           325552 kB
MemTotal:        1844596 kB
MemFree:         1268588 kB
MemAvailable:    1491256 kB
Buffers:           27976 kB
Cached:           325552 kB
MemTotal:        1844596 kB
MemFree:         1267100 kB
MemAvailable:    1489768 kB
Buffers:           27976 kB
Cached:           325552 kB
MemTotal:        1844596 kB
MemFree:         1266108 kB
MemAvailable:    1488776 kB
Buffers:           27976 kB
Cached:           325552 kB
MemTotal:        1844596 kB
MemFree:         1266108 kB
MemAvailable:    1488776 kB
Buffers:           27976 kB
Cached:           325552 kB
MemTotal:        1844596 kB
MemFree:         1265828 kB
MemAvailable:    1488496 kB
Buffers:           27976 kB
Cached:           325552 kB
MemTotal:        1844596 kB
MemFree:         1265808 kB
MemAvailable:    1488476 kB
Buffers:           27976 kB
Cached:           325552 kB
MemTotal:        1844596 kB
MemFree:         1266060 kB
MemAvailable:    1488728 kB
Buffers:           27976 kB
Cached:           325552 kB
MemTotal:        1844596 kB
MemFree:         1265680 kB
MemAvailable:    1488348 kB
Buffers:           27976 kB
Cached:           325552 kB
MemTotal:        1844596 kB
MemFree:         1265680 kB
MemAvailable:    1488348 kB
Buffers:           27976 kB
Cached:           325552 kB
MemTotal:        1844596 kB
MemFree:         1265480 kB
MemAvailable:    1488148 kB
Buffers:           27976 kB
Cached:           325552 kB
MemTotal:        1844596 kB
MemFree:         1265732 kB
MemAvailable:    1488400 kB
Buffers:           27976 kB
Cached:           325552 kB
MemTotal:        1844596 kB
MemFree:         1265668 kB
MemAvailable:    1488336 kB
Buffers:           27976 kB
Cached:           325552 kB
MemTotal:        1844596 kB
MemFree:         1265560 kB
MemAvailable:    1488228 kB
Buffers:           27976 kB
Cached:           325552 kB
MemTotal:        1844596 kB
MemFree:         1264744 kB
MemAvailable:    1487412 kB
Buffers:           27976 kB
Cached:           325552 kB
MemTotal:        1844596 kB
MemFree:         1265544 kB
MemAvailable:    1488212 kB
Buffers:           27976 kB
Cached:           325552 kB
MemTotal:        1844596 kB
MemFree:         1265744 kB
MemAvailable:    1488412 kB
Buffers:           27976 kB
Cached:           325552 kB
MemTotal:        1844596 kB
MemFree:         1265308 kB
MemAvailable:    1487976 kB
Buffers:           27976 kB
Cached:           325552 kB
MemTotal:        1844596 kB
MemFree:         1264008 kB
MemAvailable:    1486676 kB
Buffers:           27976 kB
Cached:           325552 kB
MemTotal:        1844596 kB
MemFree:         1264732 kB
MemAvailable:    1487400 kB
Buffers:           27976 kB
Cached:           325552 kB
MemTotal:        1844596 kB
MemFree:         1264924 kB
MemAvailable:    1487592 kB
Buffers:           27976 kB
Cached:           325552 kB
MemTotal:        1844596 kB
MemFree:         1264812 kB
MemAvailable:    1487480 kB
Buffers:           27976 kB
Cached:           325552 kB
MemTotal:        1844596 kB
MemFree:         1264704 kB
MemAvailable:    1487372 kB
Buffers:           27976 kB
Cached:           325552 kB
MemTotal:        1844596 kB
MemFree:         1263464 kB
MemAvailable:    1486132 kB
Buffers:           27976 kB
Cached:           325552 kB
MemTotal:        1844596 kB
MemFree:         1264764 kB
MemAvailable:    1487432 kB
Buffers:           27976 kB
Cached:           325552 kB
MemTotal:        1844596 kB
MemFree:         1264764 kB
MemAvailable:    1487432 kB
Buffers:           27976 kB
Cached:           325552 kB
MemTotal:        1844596 kB
MemFree:         1264888 kB
MemAvailable:    1487556 kB
Buffers:           27976 kB
Cached:           325552 kB
MemTotal:        1844596 kB
MemFree:         1264944 kB
MemAvailable:    1487612 kB
Buffers:           27976 kB
Cached:           325552 kB
MemTotal:        1844596 kB
MemFree:         1263704 kB
MemAvailable:    1486372 kB
Buffers:           27976 kB
Cached:           325552 kB
MemTotal:        1844596 kB
MemFree:         1264848 kB
MemAvailable:    1487516 kB
Buffers:           27976 kB
Cached:           325552 kB
MemTotal:        1844596 kB
MemFree:         1264592 kB
MemAvailable:    1487260 kB
Buffers:           27976 kB
Cached:           325552 kB
MemTotal:        1844596 kB
MemFree:         1264928 kB
MemAvailable:    1487596 kB
Buffers:           27976 kB
Cached:           325552 kB
MemTotal:        1844596 kB
MemFree:         1264544 kB
MemAvailable:    1487296 kB
Buffers:           27976 kB
Cached:           325552 kB
MemTotal:        1844596 kB
MemFree:         1264696 kB
MemAvailable:    1487364 kB
Buffers:           27976 kB
Cached:           325552 kB
MemTotal:        1844596 kB
MemFree:         1264732 kB
MemAvailable:    1487400 kB
Buffers:           27976 kB
Cached:           325552 kB
MemTotal:        1844596 kB
MemFree:         1264988 kB
MemAvailable:    1487656 kB
Buffers:           27976 kB
Cached:           325552 kB
MemTotal:        1844596 kB
MemFree:         1264792 kB
MemAvailable:    1487460 kB
Buffers:           27976 kB
Cached:           325552 kB
MemTotal:        1844596 kB
MemFree:         1263996 kB
MemAvailable:    1486664 kB
Buffers:           27976 kB
Cached:           325552 kB
MemTotal:        1844596 kB
MemFree:         1264852 kB
MemAvailable:    1487520 kB
Buffers:           27976 kB
Cached:           325552 kB
MemTotal:        1844596 kB
MemFree:         1264496 kB
MemAvailable:    1487164 kB
Buffers:           27976 kB
Cached:           325552 kB
MemTotal:        1844596 kB
MemFree:         1264724 kB
MemAvailable:    1487392 kB
Buffers:           27976 kB
Cached:           325552 kB
MemTotal:        1844596 kB
MemFree:         1264636 kB
MemAvailable:    1487304 kB
Buffers:           27976 kB
Cached:           325552 kB
MemTotal:        1844596 kB
MemFree:         1264704 kB
MemAvailable:    1487372 kB
Buffers:           27976 kB
Cached:           325552 kB
MemTotal:        1844596 kB
MemFree:         1264608 kB
MemAvailable:    1487276 kB
Buffers:           27976 kB
Cached:           325552 kB
MemTotal:        1844596 kB
MemFree:         1264864 kB
MemAvailable:    1487532 kB
Buffers:           27976 kB
Cached:           325552 kB
MemTotal:        1844596 kB
MemFree:         1264256 kB
MemAvailable:    1486924 kB
Buffers:           27976 kB
Cached:           325552 kB
MemTotal:        1844596 kB
MemFree:         1261156 kB
MemAvailable:    1483824 kB
Buffers:           27976 kB
Cached:           325552 kB
MemTotal:        1844596 kB
MemFree:         1258916 kB
MemAvailable:    1481592 kB
Buffers:           27976 kB
Cached:           325560 kB
MemTotal:        1844596 kB
MemFree:         1257000 kB
MemAvailable:    1479676 kB
Buffers:           27976 kB
Cached:           325560 kB
MemTotal:        1844596 kB
MemFree:         1254452 kB
MemAvailable:    1477128 kB
Buffers:           27976 kB
Cached:           325560 kB
MemTotal:        1844596 kB
MemFree:         1251220 kB
MemAvailable:    1473896 kB
Buffers:           27976 kB
Cached:           325560 kB
MemTotal:        1844596 kB
MemFree:         1251220 kB
MemAvailable:    1473896 kB
Buffers:           27976 kB
Cached:           325560 kB
MemTotal:        1844596 kB
MemFree:         1247572 kB
MemAvailable:    1470248 kB
Buffers:           27976 kB
Cached:           325560 kB
MemTotal:        1844596 kB
MemFree:         1246144 kB
MemAvailable:    1468820 kB
Buffers:           27976 kB
Cached:           325560 kB
MemTotal:        1844596 kB
MemFree:         1247136 kB
MemAvailable:    1469812 kB
Buffers:           27976 kB
Cached:           325560 kB
MemTotal:        1844596 kB
MemFree:         1247136 kB
MemAvailable:    1469812 kB
Buffers:           27976 kB
Cached:           325560 kB
MemTotal:        1844596 kB
MemFree:         1247168 kB
MemAvailable:    1469844 kB
Buffers:           27976 kB
Cached:           325560 kB
MemTotal:        1844596 kB
MemFree:         1245712 kB
MemAvailable:    1468388 kB
Buffers:           27976 kB
Cached:           325560 kB
MemTotal:        1844596 kB
MemFree:         1246144 kB
MemAvailable:    1468820 kB
Buffers:           27976 kB
Cached:           325560 kB
MemTotal:        1844596 kB
MemFree:         1247268 kB
MemAvailable:    1469944 kB
Buffers:           27976 kB
Cached:           325560 kB
MemTotal:        1844596 kB
MemFree:         1246152 kB
MemAvailable:    1468828 kB
Buffers:           27976 kB
Cached:           325560 kB
MemTotal:        1844596 kB
MemFree:         1247000 kB
MemAvailable:    1469676 kB
Buffers:           27976 kB
Cached:           325560 kB
MemTotal:        1844596 kB
MemFree:         1246016 kB
MemAvailable:    1468692 kB
Buffers:           27976 kB
Cached:           325560 kB
MemTotal:        1844596 kB
MemFree:         1246620 kB
MemAvailable:    1469296 kB
Buffers:           27976 kB
Cached:           325560 kB
MemTotal:        1844596 kB
MemFree:         1246632 kB
MemAvailable:    1469308 kB
Buffers:           27976 kB
Cached:           325560 kB
MemTotal:        1844596 kB
MemFree:         1245284 kB
MemAvailable:    1467960 kB
Buffers:           27976 kB
Cached:           325560 kB
MemTotal:        1844596 kB
MemFree:         1246584 kB
MemAvailable:    1469260 kB
Buffers:           27976 kB
Cached:           325560 kB
MemTotal:        1844596 kB
MemFree:         1246600 kB
MemAvailable:    1469276 kB
Buffers:           27976 kB
Cached:           325560 kB
MemTotal:        1844596 kB
MemFree:         1246516 kB
MemAvailable:    1469192 kB
Buffers:           27976 kB
Cached:           325560 kB
MemTotal:        1844596 kB
MemFree:         1245276 kB
MemAvailable:    1467952 kB
Buffers:           27976 kB
Cached:           325560 kB
MemTotal:        1844596 kB
MemFree:         1246592 kB
MemAvailable:    1469268 kB
Buffers:           27976 kB
Cached:           325560 kB
MemTotal:        1844596 kB
MemFree:         1246524 kB
MemAvailable:    1469200 kB
Buffers:           27976 kB
Cached:           325560 kB
MemTotal:        1844596 kB
MemFree:         1246508 kB
MemAvailable:    1469184 kB
Buffers:           27976 kB
Cached:           325560 kB
MemTotal:        1844596 kB
MemFree:         1246220 kB
MemAvailable:    1468896 kB
Buffers:           27976 kB
Cached:           325560 kB
MemTotal:        1844596 kB
MemFree:         1246896 kB
MemAvailable:    1469572 kB
Buffers:           27976 kB
Cached:           325560 kB
MemTotal:        1844596 kB
MemFree:         1245656 kB
MemAvailable:    1468332 kB
Buffers:           27976 kB
Cached:           325560 kB
MemTotal:        1844596 kB
MemFree:         1246764 kB
MemAvailable:    1469440 kB
Buffers:           27976 kB
Cached:           325560 kB
MemTotal:        1844596 kB
MemFree:         1246764 kB
MemAvailable:    1469440 kB
Buffers:           27976 kB
Cached:           325560 kB
MemTotal:        1844596 kB
MemFree:         1246636 kB
MemAvailable:    1469312 kB
Buffers:           27976 kB
Cached:           325560 kB
MemTotal:        1844596 kB
MemFree:         1245656 kB
MemAvailable:    1468332 kB
Buffers:           27976 kB
Cached:           325560 kB
MemTotal:        1844596 kB
MemFree:         1246696 kB
MemAvailable:    1469372 kB
Buffers:           27976 kB
Cached:           325560 kB
MemTotal:        1844596 kB
MemFree:         1245492 kB
MemAvailable:    1468168 kB
Buffers:           27976 kB
Cached:           325560 kB
MemTotal:        1844596 kB
MemFree:         1245360 kB
MemAvailable:    1468036 kB
Buffers:           27976 kB
Cached:           325560 kB
MemTotal:        1844596 kB
MemFree:         1246384 kB
MemAvailable:    1469060 kB
Buffers:           27976 kB
Cached:           325560 kB
MemTotal:        1844596 kB
MemFree:         1246720 kB
MemAvailable:    1469396 kB
Buffers:           27976 kB
Cached:           325560 kB
MemTotal:        1844596 kB
MemFree:         1246668 kB
MemAvailable:    1469348 kB
Buffers:           27976 kB
Cached:           325564 kB
MemTotal:        1844596 kB
MemFree:         1245780 kB
MemAvailable:    1468460 kB
Buffers:           27976 kB
Cached:           325564 kB
MemTotal:        1844596 kB
MemFree:         1246484 kB
MemAvailable:    1469164 kB
Buffers:           27976 kB
Cached:           325564 kB
MemTotal:        1844596 kB
MemFree:         1245408 kB
MemAvailable:    1468088 kB
Buffers:           27976 kB
Cached:           325564 kB
MemTotal:        1844596 kB
MemFree:         1246648 kB
MemAvailable:    1469328 kB
Buffers:           27976 kB
Cached:           325564 kB
MemTotal:        1844596 kB
MemFree:         1246708 kB
MemAvailable:    1469388 kB
Buffers:           27976 kB
Cached:           325564 kB
MemTotal:        1844596 kB
MemFree:         1246276 kB
MemAvailable:    1468956 kB
Buffers:           27976 kB
Cached:           325564 kB
MemTotal:        1844596 kB
MemFree:         1246128 kB
MemAvailable:    1468808 kB
Buffers:           27976 kB
Cached:           325564 kB
MemTotal:        1844596 kB
MemFree:         1243484 kB
MemAvailable:    1466164 kB
Buffers:           27976 kB
Cached:           325564 kB
MemTotal:        1844596 kB
MemFree:         1240260 kB
MemAvailable:    1462816 kB
Buffers:           27976 kB
Cached:           325564 kB
MemTotal:        1844596 kB
MemFree:         1235860 kB
MemAvailable:    1458540 kB
Buffers:           27976 kB
Cached:           325564 kB
MemTotal:        1844596 kB
MemFree:         1232636 kB
MemAvailable:    1455316 kB
Buffers:           27976 kB
Cached:           325564 kB
MemTotal:        1844596 kB
MemFree:         1229660 kB
MemAvailable:    1452340 kB
Buffers:           27976 kB
Cached:           325564 kB
MemTotal:        1844596 kB
MemFree:         1229464 kB
MemAvailable:    1452144 kB
Buffers:           27976 kB
Cached:           325564 kB
MemTotal:        1844596 kB
MemFree:         1229140 kB
MemAvailable:    1451820 kB
Buffers:           27976 kB
Cached:           325564 kB
MemTotal:        1844596 kB
MemFree:         1229272 kB
MemAvailable:    1451952 kB
Buffers:           27976 kB
Cached:           325564 kB
MemTotal:        1844596 kB
MemFree:         1229196 kB
MemAvailable:    1451876 kB
Buffers:           27976 kB
Cached:           325564 kB
MemTotal:        1844596 kB
MemFree:         1228040 kB
MemAvailable:    1450720 kB
Buffers:           27976 kB
Cached:           325564 kB
MemTotal:        1844596 kB
MemFree:         1229032 kB
MemAvailable:    1451716 kB
Buffers:           27976 kB
Cached:           325568 kB
MemTotal:        1844596 kB
MemFree:         1229032 kB
MemAvailable:    1451716 kB
Buffers:           27976 kB
Cached:           325568 kB
MemTotal:        1844596 kB
MemFree:         1229052 kB
MemAvailable:    1451736 kB
Buffers:           27976 kB
Cached:           325568 kB
MemTotal:        1844596 kB
MemFree:         1227872 kB
MemAvailable:    1450556 kB
Buffers:           27976 kB
Cached:           325568 kB
MemTotal:        1844596 kB
MemFree:         1229096 kB
MemAvailable:    1451780 kB
Buffers:           27976 kB
Cached:           325568 kB
MemTotal:        1844596 kB
MemFree:         1228856 kB
MemAvailable:    1451540 kB
Buffers:           27976 kB
Cached:           325568 kB
MemTotal:        1844596 kB
MemFree:         1228916 kB
MemAvailable:    1451600 kB
Buffers:           27976 kB
Cached:           325568 kB
MemTotal:        1844596 kB
MemFree:         1228840 kB
MemAvailable:    1451524 kB
Buffers:           27976 kB
Cached:           325568 kB
MemTotal:        1844596 kB
MemFree:         1229008 kB
MemAvailable:    1451692 kB
Buffers:           27976 kB
Cached:           325568 kB
MemTotal:        1844596 kB
MemFree:         1228852 kB
MemAvailable:    1451536 kB
Buffers:           27976 kB
Cached:           325568 kB
MemTotal:        1844596 kB
MemFree:         1229108 kB
MemAvailable:    1451792 kB
Buffers:           27976 kB
Cached:           325568 kB
MemTotal:        1844596 kB
MemFree:         1227772 kB
MemAvailable:    1450456 kB
Buffers:           27976 kB
Cached:           325568 kB
MemTotal:        1844596 kB
MemFree:         1229068 kB
MemAvailable:    1451752 kB
Buffers:           27976 kB
Cached:           325568 kB
MemTotal:        1844596 kB
MemFree:         1228828 kB
MemAvailable:    1451512 kB
Buffers:           27976 kB
Cached:           325568 kB
MemTotal:        1844596 kB
MemFree:         1228544 kB
MemAvailable:    1451228 kB
Buffers:           27976 kB
Cached:           325568 kB
MemTotal:        1844596 kB
MemFree:         1228720 kB
MemAvailable:    1451404 kB
Buffers:           27976 kB
Cached:           325568 kB
MemTotal:        1844596 kB
MemFree:         1229056 kB
MemAvailable:    1451740 kB
Buffers:           27976 kB
Cached:           325568 kB
MemTotal:        1844596 kB
MemFree:         1228164 kB
MemAvailable:    1450848 kB
Buffers:           27976 kB
Cached:           325568 kB
MemTotal:        1844596 kB
MemFree:         1228420 kB
MemAvailable:    1451104 kB
Buffers:           27976 kB
Cached:           325568 kB
MemTotal:        1844596 kB
MemFree:         1228040 kB
MemAvailable:    1450724 kB
Buffers:           27976 kB
Cached:           325568 kB
MemTotal:        1844596 kB
MemFree:         1228288 kB
MemAvailable:    1450972 kB
Buffers:           27984 kB
Cached:           325560 kB
MemTotal:        1844596 kB
MemFree:         1228280 kB
MemAvailable:    1450964 kB
Buffers:           27984 kB
Cached:           325560 kB
MemTotal:        1844596 kB
MemFree:         1227032 kB
MemAvailable:    1449716 kB
Buffers:           27984 kB
Cached:           325560 kB
MemTotal:        1844596 kB
MemFree:         1227164 kB
MemAvailable:    1449848 kB
Buffers:           27984 kB
Cached:           325560 kB
MemTotal:        1844596 kB
MemFree:         1227000 kB
MemAvailable:    1449684 kB
Buffers:           27984 kB
Cached:           325560 kB
MemTotal:        1844596 kB
MemFree:         1225868 kB
MemAvailable:    1448552 kB
Buffers:           27984 kB
Cached:           325560 kB
MemTotal:        1844596 kB
MemFree:         1223584 kB
MemAvailable:    1446268 kB
Buffers:           27984 kB
Cached:           325560 kB
MemTotal:        1844596 kB
MemFree:         1222344 kB
MemAvailable:    1445028 kB
Buffers:           27984 kB
Cached:           325560 kB
MemTotal:        1844596 kB
MemFree:         1220112 kB
MemAvailable:    1442796 kB
Buffers:           27984 kB
Cached:           325560 kB
MemTotal:        1844596 kB
MemFree:         1218684 kB
MemAvailable:    1441368 kB
Buffers:           27984 kB
Cached:           325560 kB
MemTotal:        1844596 kB
MemFree:         1215648 kB
MemAvailable:    1438332 kB
Buffers:           27984 kB
Cached:           325560 kB
MemTotal:        1844596 kB
MemFree:         1211788 kB
MemAvailable:    1434472 kB
Buffers:           27984 kB
Cached:           325560 kB
MemTotal:        1844596 kB
MemFree:         1211748 kB
MemAvailable:    1434432 kB
Buffers:           27984 kB
Cached:           325560 kB
MemTotal:        1844596 kB
MemFree:         1208788 kB
MemAvailable:    1431472 kB
Buffers:           27984 kB
Cached:           325560 kB
MemTotal:        1844596 kB
MemFree:         1205480 kB
MemAvailable:    1428164 kB
Buffers:           27984 kB
Cached:           325560 kB
MemTotal:        1844596 kB
MemFree:         1205472 kB
MemAvailable:    1428156 kB
Buffers:           27984 kB
Cached:           325560 kB
MemTotal:        1844596 kB
MemFree:         1202496 kB
MemAvailable:    1425180 kB
Buffers:           27984 kB
Cached:           325560 kB
MemTotal:        1844596 kB
MemFree:         1201700 kB
MemAvailable:    1424384 kB
Buffers:           27984 kB
Cached:           325560 kB
MemTotal:        1844596 kB
MemFree:         1197660 kB
MemAvailable:    1420344 kB
Buffers:           27984 kB
Cached:           325560 kB
MemTotal:        1844596 kB
MemFree:         1196420 kB
MemAvailable:    1419104 kB
Buffers:           27984 kB
Cached:           325560 kB
MemTotal:        1844596 kB
MemFree:         1197172 kB
MemAvailable:    1419856 kB
Buffers:           27984 kB
Cached:           325560 kB
MemTotal:        1844596 kB
MemFree:         1196056 kB
MemAvailable:    1418740 kB
Buffers:           27984 kB
Cached:           325560 kB
MemTotal:        1844596 kB
MemFree:         1197020 kB
MemAvailable:    1419704 kB
Buffers:           27984 kB
Cached:           325560 kB
MemTotal:        1844596 kB
MemFree:         1197356 kB
MemAvailable:    1420040 kB
Buffers:           27984 kB
Cached:           325560 kB
MemTotal:        1844596 kB
MemFree:         1197296 kB
MemAvailable:    1419980 kB
Buffers:           27984 kB
Cached:           325560 kB
MemTotal:        1844596 kB
MemFree:         1197176 kB
MemAvailable:    1419860 kB
Buffers:           27984 kB
Cached:           325560 kB
MemTotal:        1844596 kB
MemFree:         1196304 kB
MemAvailable:    1418988 kB
Buffers:           27984 kB
Cached:           325560 kB
MemTotal:        1844596 kB
MemFree:         1197304 kB
MemAvailable:    1419988 kB
Buffers:           27984 kB
Cached:           325560 kB
MemTotal:        1844596 kB
MemFree:         1196040 kB
MemAvailable:    1418724 kB
Buffers:           27984 kB
Cached:           325560 kB
MemTotal:        1844596 kB
MemFree:         1196156 kB
MemAvailable:    1418840 kB
Buffers:           27984 kB
Cached:           325560 kB
MemTotal:        1844596 kB
MemFree:         1197232 kB
MemAvailable:    1419916 kB
Buffers:           27984 kB
Cached:           325560 kB
MemTotal:        1844596 kB
MemFree:         1196304 kB
MemAvailable:    1418988 kB
Buffers:           27984 kB
Cached:           325560 kB
MemTotal:        1844596 kB
MemFree:         1195908 kB
MemAvailable:    1418592 kB
Buffers:           27984 kB
Cached:           325560 kB
MemTotal:        1844596 kB
MemFree:         1195908 kB
MemAvailable:    1418592 kB
Buffers:           27984 kB
Cached:           325560 kB
MemTotal:        1844596 kB
MemFree:         1194880 kB
MemAvailable:    1417564 kB
Buffers:           27984 kB
Cached:           325560 kB
MemTotal:        1844596 kB
MemFree:         1195980 kB
MemAvailable:    1418664 kB
Buffers:           27984 kB
Cached:           325560 kB
MemTotal:        1844596 kB
MemFree:         1195900 kB
MemAvailable:    1418584 kB
Buffers:           27984 kB
Cached:           325560 kB
MemTotal:        1844596 kB
MemFree:         1195900 kB
MemAvailable:    1418584 kB
Buffers:           27984 kB
Cached:           325560 kB
MemTotal:        1844596 kB
MemFree:         1195860 kB
MemAvailable:    1418544 kB
Buffers:           27984 kB
Cached:           325560 kB
MemTotal:        1844596 kB
MemFree:         1195868 kB
MemAvailable:    1418552 kB
Buffers:           27984 kB
Cached:           325560 kB
MemTotal:        1844596 kB
MemFree:         1194568 kB
MemAvailable:    1417252 kB
Buffers:           27984 kB
Cached:           325560 kB
MemTotal:        1844596 kB
MemFree:         1195684 kB
MemAvailable:    1418384 kB
Buffers:           27984 kB
Cached:           325576 kB
MemTotal:        1844596 kB
MemFree:         1194196 kB
MemAvailable:    1416896 kB
Buffers:           27984 kB
Cached:           325576 kB
MemTotal:        1844596 kB
MemFree:         1194064 kB
MemAvailable:    1416764 kB
Buffers:           27984 kB
Cached:           325576 kB
MemTotal:        1844596 kB
MemFree:         1194436 kB
MemAvailable:    1417136 kB
Buffers:           27984 kB
Cached:           325576 kB
MemTotal:        1844596 kB
MemFree:         1194436 kB
MemAvailable:    1417136 kB
Buffers:           27984 kB
Cached:           325576 kB
MemTotal:        1844596 kB
MemFree:         1194064 kB
MemAvailable:    1416764 kB
Buffers:           27984 kB
Cached:           325576 kB
MemTotal:        1844596 kB
MemFree:         1194064 kB
MemAvailable:    1416764 kB
Buffers:           27984 kB
Cached:           325576 kB
MemTotal:        1844596 kB
MemFree:         1193204 kB
MemAvailable:    1415904 kB
Buffers:           27984 kB
Cached:           325576 kB
MemTotal:        1844596 kB
MemFree:         1191956 kB
MemAvailable:    1414656 kB
Buffers:           27984 kB
Cached:           325576 kB
MemTotal:        1844596 kB
MemFree:         1193308 kB
MemAvailable:    1416008 kB
Buffers:           27984 kB
Cached:           325576 kB
MemTotal:        1844596 kB
MemFree:         1193072 kB
MemAvailable:    1415772 kB
Buffers:           27984 kB
Cached:           325576 kB
MemTotal:        1844596 kB
MemFree:         1191964 kB
MemAvailable:    1414664 kB
Buffers:           27984 kB
Cached:           325576 kB
MemTotal:        1844596 kB
MemFree:         1193140 kB
MemAvailable:    1415840 kB
Buffers:           27984 kB
Cached:           325576 kB
MemTotal:        1844596 kB
MemFree:         1191840 kB
MemAvailable:    1414540 kB
Buffers:           27984 kB
Cached:           325576 kB
MemTotal:        1844596 kB
MemFree:         1193004 kB
MemAvailable:    1415704 kB
Buffers:           27984 kB
Cached:           325576 kB
MemTotal:        1844596 kB
MemFree:         1192936 kB
MemAvailable:    1415636 kB
Buffers:           27984 kB
Cached:           325576 kB
MemTotal:        1844596 kB
MemFree:         1192452 kB
MemAvailable:    1415152 kB
Buffers:           27984 kB
Cached:           325576 kB
MemTotal:        1844596 kB
MemFree:         1193452 kB
MemAvailable:    1416152 kB
Buffers:           27984 kB
Cached:           325576 kB
MemTotal:        1844596 kB
MemFree:         1193512 kB
MemAvailable:    1416212 kB
Buffers:           27984 kB
Cached:           325576 kB
MemTotal:        1844596 kB
MemFree:         1192584 kB
MemAvailable:    1415284 kB
Buffers:           27984 kB
Cached:           325576 kB
MemTotal:        1844596 kB
MemFree:         1192888 kB
MemAvailable:    1415588 kB
Buffers:           27984 kB
Cached:           325576 kB
MemTotal:        1844596 kB
MemFree:         1192888 kB
MemAvailable:    1415588 kB
Buffers:           27984 kB
Cached:           325576 kB
MemTotal:        1844596 kB
MemFree:         1192928 kB
MemAvailable:    1415628 kB
Buffers:           27984 kB
Cached:           325576 kB
MemTotal:        1844596 kB
MemFree:         1191704 kB
MemAvailable:    1414404 kB
Buffers:           27984 kB
Cached:           325576 kB
MemTotal:        1844596 kB
MemFree:         1192816 kB
MemAvailable:    1415516 kB
Buffers:           27984 kB
Cached:           325576 kB
MemTotal:        1844596 kB
MemFree:         1192708 kB
MemAvailable:    1415408 kB
Buffers:           27984 kB
Cached:           325576 kB
MemTotal:        1844596 kB
MemFree:         1192936 kB
MemAvailable:    1415636 kB
Buffers:           27984 kB
Cached:           325576 kB
MemTotal:        1844596 kB
MemFree:         1192936 kB
MemAvailable:    1415636 kB
Buffers:           27984 kB
Cached:           325576 kB
MemTotal:        1844596 kB
MemFree:         1192968 kB
MemAvailable:    1415668 kB
Buffers:           27984 kB
Cached:           325576 kB
MemTotal:        1844596 kB
MemFree:         1193004 kB
MemAvailable:    1415704 kB
Buffers:           27984 kB
Cached:           325576 kB
MemTotal:        1844596 kB
MemFree:         1192212 kB
MemAvailable:    1414912 kB
Buffers:           27984 kB
Cached:           325576 kB
MemTotal:        1844596 kB
MemFree:         1192896 kB
MemAvailable:    1415596 kB
Buffers:           27984 kB
Cached:           325576 kB
MemTotal:        1844596 kB
MemFree:         1192840 kB
MemAvailable:    1415540 kB
Buffers:           27984 kB
Cached:           325576 kB
MemTotal:        1844596 kB
MemFree:         1192968 kB
MemAvailable:    1415668 kB
Buffers:           27984 kB
Cached:           325576 kB
MemTotal:        1844596 kB
MemFree:         1192344 kB
MemAvailable:    1414920 kB
Buffers:           27984 kB
Cached:           325576 kB
MemTotal:        1844596 kB
MemFree:         1192776 kB
MemAvailable:    1415476 kB
Buffers:           27984 kB
Cached:           325576 kB
MemTotal:        1844596 kB
MemFree:         1193032 kB
MemAvailable:    1415732 kB
Buffers:           27984 kB
Cached:           325576 kB
MemTotal:        1844596 kB
MemFree:         1193004 kB
MemAvailable:    1415704 kB
Buffers:           27984 kB
Cached:           325576 kB
MemTotal:        1844596 kB
MemFree:         1192212 kB
MemAvailable:    1414912 kB
Buffers:           27984 kB
Cached:           325576 kB
MemTotal:        1844596 kB
MemFree:         1193004 kB
MemAvailable:    1415704 kB
Buffers:           27984 kB
Cached:           325576 kB
MemTotal:        1844596 kB
MemFree:         1191656 kB
MemAvailable:    1414356 kB
Buffers:           27984 kB
Cached:           325576 kB
MemTotal:        1844596 kB
MemFree:         1192956 kB
MemAvailable:    1415656 kB
Buffers:           27984 kB
Cached:           325576 kB
MemTotal:        1844596 kB
MemFree:         1192896 kB
MemAvailable:    1415596 kB
Buffers:           27984 kB
Cached:           325576 kB
MemTotal:        1844596 kB
MemFree:         1193144 kB
MemAvailable:    1415844 kB
Buffers:           27984 kB
Cached:           325576 kB
MemTotal:        1844596 kB
MemFree:         1192840 kB
MemAvailable:    1415540 kB
Buffers:           27984 kB
Cached:           325576 kB
MemTotal:        1844596 kB
MemFree:         1192968 kB
MemAvailable:    1415668 kB
Buffers:           27984 kB
Cached:           325576 kB
MemTotal:        1844596 kB
MemFree:         1192964 kB
MemAvailable:    1415664 kB
Buffers:           27984 kB
Cached:           325576 kB
MemTotal:        1844596 kB
MemFree:         1192884 kB
MemAvailable:    1415584 kB
Buffers:           27984 kB
Cached:           325576 kB
MemTotal:        1844596 kB
MemFree:         1193052 kB
MemAvailable:    1415752 kB
Buffers:           27984 kB
Cached:           325576 kB
MemTotal:        1844596 kB
MemFree:         1192804 kB
MemAvailable:    1415504 kB
Buffers:           27984 kB
Cached:           325576 kB
MemTotal:        1844596 kB
MemFree:         1193028 kB
MemAvailable:    1415728 kB
Buffers:           27984 kB
Cached:           325576 kB
MemTotal:        1844596 kB
MemFree:         1192956 kB
MemAvailable:    1415656 kB
Buffers:           27984 kB
Cached:           325576 kB
MemTotal:        1844596 kB
MemFree:         1192852 kB
MemAvailable:    1415552 kB
Buffers:           27984 kB
Cached:           325576 kB
MemTotal:        1844596 kB
MemFree:         1191592 kB
MemAvailable:    1414292 kB
Buffers:           27984 kB
Cached:           325576 kB
MemTotal:        1844596 kB
MemFree:         1190724 kB
MemAvailable:    1413424 kB
Buffers:           27984 kB
Cached:           325576 kB
MemTotal:        1844596 kB
MemFree:         1189112 kB
MemAvailable:    1411812 kB
Buffers:           27984 kB
Cached:           325576 kB
MemTotal:        1844596 kB
MemFree:         1186500 kB
MemAvailable:    1409200 kB
Buffers:           27984 kB
Cached:           325576 kB
MemTotal:        1844596 kB
MemFree:         1186500 kB
MemAvailable:    1409200 kB
Buffers:           27984 kB
Cached:           325576 kB
MemTotal:        1844596 kB
MemFree:         1186072 kB
MemAvailable:    1408772 kB
Buffers:           27984 kB
Cached:           325576 kB
MemTotal:        1844596 kB
MemFree:         1186320 kB
MemAvailable:    1409020 kB
Buffers:           27984 kB
Cached:           325576 kB
MemTotal:        1844596 kB
MemFree:         1186188 kB
MemAvailable:    1408888 kB
Buffers:           27984 kB
Cached:           325576 kB
MemTotal:        1844596 kB
MemFree:         1186188 kB
MemAvailable:    1408888 kB
Buffers:           27984 kB
Cached:           325576 kB
MemTotal:        1844596 kB
MemFree:         1186312 kB
MemAvailable:    1409012 kB
Buffers:           27984 kB
Cached:           325576 kB
MemTotal:        1844596 kB
MemFree:         1186264 kB
MemAvailable:    1408964 kB
Buffers:           27984 kB
Cached:           325576 kB
MemTotal:        1844596 kB
MemFree:         1186192 kB
MemAvailable:    1408892 kB
Buffers:           27984 kB
Cached:           325576 kB
MemTotal:        1844596 kB
MemFree:         1186192 kB
MemAvailable:    1408892 kB
Buffers:           27984 kB
Cached:           325576 kB
MemTotal:        1844596 kB
MemFree:         1186244 kB
MemAvailable:    1408944 kB
Buffers:           27984 kB
Cached:           325576 kB
MemTotal:        1844596 kB
MemFree:         1185992 kB
MemAvailable:    1408692 kB
Buffers:           27984 kB
Cached:           325576 kB
MemTotal:        1844596 kB
MemFree:         1185840 kB
MemAvailable:    1408540 kB
Buffers:           27984 kB
Cached:           325576 kB
MemTotal:        1844596 kB
MemFree:         1186008 kB
MemAvailable:    1408708 kB
Buffers:           27984 kB
Cached:           325576 kB
MemTotal:        1844596 kB
MemFree:         1184840 kB
MemAvailable:    1407540 kB
Buffers:           27984 kB
Cached:           325576 kB
MemTotal:        1844596 kB
MemFree:         1185612 kB
MemAvailable:    1408312 kB
Buffers:           27984 kB
Cached:           325576 kB
MemTotal:        1844596 kB
MemFree:         1185948 kB
MemAvailable:    1408648 kB
Buffers:           27984 kB
Cached:           325576 kB
MemTotal:        1844596 kB
MemFree:         1184456 kB
MemAvailable:    1407156 kB
Buffers:           27984 kB
Cached:           325576 kB
MemTotal:        1844596 kB
MemFree:         1185684 kB
MemAvailable:    1408384 kB
Buffers:           27984 kB
Cached:           325576 kB
MemTotal:        1844596 kB
MemFree:         1185684 kB
MemAvailable:    1408384 kB
Buffers:           27984 kB
Cached:           325576 kB
MemTotal:        1844596 kB
MemFree:         1185684 kB
MemAvailable:    1408384 kB
Buffers:           27984 kB
Cached:           325576 kB
MemTotal:        1844596 kB
MemFree:         1185768 kB
MemAvailable:    1408468 kB
Buffers:           27984 kB
Cached:           325576 kB
MemTotal:        1844596 kB
MemFree:         1185696 kB
MemAvailable:    1408396 kB
Buffers:           27984 kB
Cached:           325576 kB
MemTotal:        1844596 kB
MemFree:         1185772 kB
MemAvailable:    1408472 kB
Buffers:           27984 kB
Cached:           325576 kB
MemTotal:        1844596 kB
MemFree:         1185776 kB
MemAvailable:    1408476 kB
Buffers:           27984 kB
Cached:           325576 kB
MemTotal:        1844596 kB
MemFree:         1185572 kB
MemAvailable:    1408272 kB
Buffers:           27984 kB
Cached:           325576 kB
MemTotal:        1844596 kB
MemFree:         1185824 kB
MemAvailable:    1408524 kB
Buffers:           27984 kB
Cached:           325576 kB
MemTotal:        1844596 kB
MemFree:         1185756 kB
MemAvailable:    1408468 kB
Buffers:           27984 kB
Cached:           325588 kB
MemTotal:        1844596 kB
MemFree:         1184680 kB
MemAvailable:    1407392 kB
Buffers:           27984 kB
Cached:           325588 kB
MemTotal:        1844596 kB
MemFree:         1185656 kB
MemAvailable:    1408368 kB
Buffers:           27984 kB
Cached:           325588 kB
MemTotal:        1844596 kB
MemFree:         1185908 kB
MemAvailable:    1408620 kB
Buffers:           27984 kB
Cached:           325588 kB
MemTotal:        1844596 kB
MemFree:         1185608 kB
MemAvailable:    1408320 kB
Buffers:           27984 kB
Cached:           325588 kB
MemTotal:        1844596 kB
MemFree:         1185776 kB
MemAvailable:    1408488 kB
Buffers:           27984 kB
Cached:           325588 kB
MemTotal:        1844596 kB
MemFree:         1185508 kB
MemAvailable:    1408220 kB
Buffers:           27984 kB
Cached:           325588 kB
MemTotal:        1844596 kB
MemFree:         1185676 kB
MemAvailable:    1408388 kB
Buffers:           27984 kB
Cached:           325588 kB
MemTotal:        1844596 kB
MemFree:         1185372 kB
MemAvailable:    1408252 kB
Buffers:           27984 kB
Cached:           325836 kB
MemTotal:        1844596 kB
MemFree:         1184892 kB
MemAvailable:    1407856 kB
Buffers:           27984 kB
Cached:           325836 kB
MemTotal:        1844596 kB
MemFree:         1185436 kB
MemAvailable:    1408484 kB
Buffers:           27984 kB
Cached:           325960 kB
MemTotal:        1844596 kB
MemFree:         1184980 kB
MemAvailable:    1408196 kB
Buffers:           27984 kB
Cached:           326084 kB
MemTotal:        1844596 kB
MemFree:         1185316 kB
MemAvailable:    1408532 kB
Buffers:           27984 kB
Cached:           326084 kB
MemTotal:        1844596 kB
MemFree:         1185304 kB
MemAvailable:    1408604 kB
Buffers:           27984 kB
Cached:           326208 kB
MemTotal:        1844596 kB
MemFree:         1184184 kB
MemAvailable:    1407484 kB
Buffers:           27984 kB
Cached:           326208 kB
MemTotal:        1844596 kB
MemFree:         1183756 kB
MemAvailable:    1407056 kB
Buffers:           27984 kB
Cached:           326208 kB
MemTotal:        1844596 kB
MemFree:         1184004 kB
MemAvailable:    1407304 kB
Buffers:           27984 kB
Cached:           326208 kB
MemTotal:        1844596 kB
MemFree:         1184932 kB
MemAvailable:    1408232 kB
Buffers:           27984 kB
Cached:           326208 kB
MemTotal:        1844596 kB
MemFree:         1183916 kB
MemAvailable:    1407216 kB
Buffers:           27984 kB
Cached:           326208 kB
MemTotal:        1844596 kB
MemFree:         1185032 kB
MemAvailable:    1408332 kB
Buffers:           27984 kB
Cached:           326208 kB
MemTotal:        1844596 kB
MemFree:         1185092 kB
MemAvailable:    1408392 kB
Buffers:           27984 kB
Cached:           326208 kB
MemTotal:        1844596 kB
MemFree:         1184184 kB
MemAvailable:    1407484 kB
Buffers:           27984 kB
Cached:           326208 kB
MemTotal:        1844596 kB
MemFree:         1185520 kB
MemAvailable:    1408232 kB
Buffers:           27984 kB
Cached:           325576 kB
MemTotal:        1844596 kB
MemFree:         1184052 kB
MemAvailable:    1406764 kB
Buffers:           27984 kB
Cached:           325576 kB
MemTotal:        1844596 kB
MemFree:         1185856 kB
MemAvailable:    1408568 kB
Buffers:           27984 kB
Cached:           325576 kB
MemTotal:        1844596 kB
MemFree:         1339368 kB
MemAvailable:    1562080 kB
Buffers:           27984 kB
Cached:           325576 kB
