MemTotal:        1844596 kB
MemFree:         1350260 kB
MemAvailable:    1602320 kB
Buffers:           32144 kB
Cached:           349848 kB
MemTotal:        1844596 kB
MemFree:         1323740 kB
MemAvailable:    1575808 kB
Buffers:           32144 kB
Cached:           349852 kB
MemTotal:        1844596 kB
MemFree:         1322856 kB
MemAvailable:    1574924 kB
Buffers:           32144 kB
Cached:           349852 kB
MemTotal:        1844596 kB
MemFree:         1320824 kB
MemAvailable:    1572892 kB
Buffers:           32144 kB
Cached:           349852 kB
MemTotal:        1844596 kB
MemFree:         1319516 kB
MemAvailable:    1571584 kB
Buffers:           32144 kB
Cached:           349852 kB
MemTotal:        1844596 kB
MemFree:         1319260 kB
MemAvailable:    1571328 kB
Buffers:           32144 kB
Cached:           349852 kB
MemTotal:        1844596 kB
MemFree:         1319152 kB
MemAvailable:    1571220 kB
Buffers:           32144 kB
Cached:           349852 kB
MemTotal:        1844596 kB
MemFree:         1317772 kB
MemAvailable:    1569840 kB
Buffers:           32144 kB
Cached:           349852 kB
MemTotal:        1844596 kB
MemFree:         1317664 kB
MemAvailable:    1569732 kB
Buffers:           32144 kB
Cached:           349852 kB
MemTotal:        1844596 kB
MemFree:         1314060 kB
MemAvailable:    1566128 kB
Buffers:           32144 kB
Cached:           349852 kB
MemTotal:        1844596 kB
MemFree:         1311960 kB
MemAvailable:    1564028 kB
Buffers:           32144 kB
Cached:           349852 kB
MemTotal:        1844596 kB
MemFree:         1307496 kB
MemAvailable:    1559564 kB
Buffers:           32144 kB
Cached:           349852 kB
MemTotal:        1844596 kB
MemFree:         1307116 kB
MemAvailable:    1559184 kB
Buffers:           32144 kB
Cached:           349852 kB
MemTotal:        1844596 kB
MemFree:         1309392 kB
MemAvailable:    1561460 kB
Buffers:           32144 kB
Cached:           349852 kB
MemTotal:        1844596 kB
MemFree:         1309376 kB
MemAvailable:    1561444 kB
Buffers:           32144 kB
Cached:           349852 kB
MemTotal:        1844596 kB
MemFree:         1309416 kB
MemAvailable:    1561484 kB
Buffers:           32144 kB
Cached:           349852 kB
MemTotal:        1844596 kB
MemFree:         1309356 kB
MemAvailable:    1561424 kB
Buffers:           32144 kB
Cached:           349852 kB
MemTotal:        1844596 kB
MemFree:         1307984 kB
MemAvailable:    1560052 kB
Buffers:           32144 kB
Cached:           349852 kB
MemTotal:        1844596 kB
MemFree:         1308836 kB
MemAvailable:    1560904 kB
Buffers:           32144 kB
Cached:           349852 kB
MemTotal:        1844596 kB
MemFree:         1308836 kB
MemAvailable:    1560904 kB
Buffers:           32144 kB
Cached:           349852 kB
MemTotal:        1844596 kB
MemFree:         1308540 kB
MemAvailable:    1560608 kB
Buffers:           32144 kB
Cached:           349852 kB
MemTotal:        1844596 kB
MemFree:         1307544 kB
MemAvailable:    1559612 kB
Buffers:           32144 kB
Cached:           349852 kB
MemTotal:        1844596 kB
MemFree:         1308624 kB
MemAvailable:    1560692 kB
Buffers:           32156 kB
Cached:           349840 kB
MemTotal:        1844596 kB
MemFree:         1307496 kB
MemAvailable:    1559564 kB
Buffers:           32156 kB
Cached:           349840 kB
MemTotal:        1844596 kB
MemFree:         1307240 kB
MemAvailable:    1559308 kB
Buffers:           32156 kB
Cached:           349840 kB
MemTotal:        1844596 kB
MemFree:         1308100 kB
MemAvailable:    1560168 kB
Buffers:           32156 kB
Cached:           349840 kB
MemTotal:        1844596 kB
MemFree:         1308100 kB
MemAvailable:    1560168 kB
Buffers:           32156 kB
Cached:           349840 kB
MemTotal:        1844596 kB
MemFree:         1306696 kB
MemAvailable:    1558764 kB
Buffers:           32156 kB
Cached:           349840 kB
MemTotal:        1844596 kB
MemFree:         1308004 kB
MemAvailable:    1560072 kB
Buffers:           32156 kB
Cached:           349840 kB
MemTotal:        1844596 kB
MemFree:         1307488 kB
MemAvailable:    1559556 kB
Buffers:           32156 kB
Cached:           349840 kB
MemTotal:        1844596 kB
MemFree:         1307572 kB
MemAvailable:    1559640 kB
Buffers:           32156 kB
Cached:           349840 kB
MemTotal:        1844596 kB
MemFree:         1306992 kB
MemAvailable:    1559060 kB
Buffers:           32156 kB
Cached:           349840 kB
MemTotal:        1844596 kB
MemFree:         1306992 kB
MemAvailable:    1559060 kB
Buffers:           32156 kB
Cached:           349840 kB
MemTotal:        1844596 kB
MemFree:         1305372 kB
MemAvailable:    1557440 kB
Buffers:           32156 kB
Cached:           349840 kB
MemTotal:        1844596 kB
MemFree:         1305256 kB
MemAvailable:    1557324 kB
Buffers:           32156 kB
Cached:           349840 kB
MemTotal:        1844596 kB
MemFree:         1305380 kB
MemAvailable:    1557448 kB
Buffers:           32156 kB
Cached:           349840 kB
MemTotal:        1844596 kB
MemFree:         1306612 kB
MemAvailable:    1558680 kB
Buffers:           32156 kB
Cached:           349840 kB
MemTotal:        1844596 kB
MemFree:         1305248 kB
MemAvailable:    1557316 kB
Buffers:           32156 kB
Cached:           349840 kB
MemTotal:        1844596 kB
MemFree:         1306684 kB
MemAvailable:    1558752 kB
Buffers:           32156 kB
Cached:           349840 kB
MemTotal:        1844596 kB
MemFree:         1305124 kB
MemAvailable:    1557192 kB
Buffers:           32156 kB
Cached:           349840 kB
MemTotal:        1844596 kB
MemFree:         1306348 kB
MemAvailable:    1558416 kB
Buffers:           32156 kB
Cached:           349840 kB
MemTotal:        1844596 kB
MemFree:         1307620 kB
MemAvailable:    1559688 kB
Buffers:           32156 kB
Cached:           349840 kB
MemTotal:        1844596 kB
MemFree:         1307000 kB
MemAvailable:    1559068 kB
Buffers:           32156 kB
Cached:           349840 kB
MemTotal:        1844596 kB
MemFree:         1307372 kB
MemAvailable:    1559452 kB
Buffers:           32156 kB
Cached:           349852 kB
MemTotal:        1844596 kB
MemFree:         1304768 kB
MemAvailable:    1556848 kB
Buffers:           32156 kB
Cached:           349852 kB
MemTotal:        1844596 kB
MemFree:         1302396 kB
MemAvailable:    1554476 kB
Buffers:           32156 kB
Cached:           349852 kB
MemTotal:        1844596 kB
MemFree:         1302164 kB
MemAvailable:    1554244 kB
Buffers:           32156 kB
Cached:           349852 kB
MemTotal:        1844596 kB
MemFree:         1301028 kB
MemAvailable:    1553108 kB
Buffers:           32156 kB
Cached:           349852 kB
MemTotal:        1844596 kB
MemFree:         1300904 kB
MemAvailable:    1552984 kB
Buffers:           32156 kB
Cached:           349852 kB
MemTotal:        1844596 kB
MemFree:         1302288 kB
MemAvailable:    1554368 kB
Buffers:           32156 kB
Cached:           349852 kB
MemTotal:        1844596 kB
MemFree:         1301412 kB
MemAvailable:    1553492 kB
Buffers:           32156 kB
Cached:           349852 kB
MemTotal:        1844596 kB
MemFree:         1302580 kB
MemAvailable:    1554660 kB
Buffers:           32156 kB
Cached:           349852 kB
MemTotal:        1844596 kB
MemFree:         1301296 kB
MemAvailable:    1553376 kB
Buffers:           32156 kB
Cached:           349852 kB
MemTotal:        1844596 kB
MemFree:         1302092 kB
MemAvailable:    1554172 kB
Buffers:           32156 kB
Cached:           349852 kB
MemTotal:        1844596 kB
MemFree:         1301908 kB
MemAvailable:    1553988 kB
Buffers:           32156 kB
Cached:           349852 kB
MemTotal:        1844596 kB
MemFree:         1301992 kB
MemAvailable:    1554072 kB
Buffers:           32156 kB
Cached:           349852 kB
MemTotal:        1844596 kB
MemFree:         1301804 kB
MemAvailable:    1553884 kB
Buffers:           32156 kB
Cached:           349852 kB
MemTotal:        1844596 kB
MemFree:         1300664 kB
MemAvailable:    1552744 kB
Buffers:           32156 kB
Cached:           349852 kB
MemTotal:        1844596 kB
MemFree:         1300664 kB
MemAvailable:    1552744 kB
Buffers:           32156 kB
Cached:           349852 kB
MemTotal:        1844596 kB
MemFree:         1300664 kB
MemAvailable:    1552744 kB
Buffers:           32156 kB
Cached:           349852 kB
MemTotal:        1844596 kB
MemFree:         1301612 kB
MemAvailable:    1553692 kB
Buffers:           32156 kB
Cached:           349852 kB
MemTotal:        1844596 kB
MemFree:         1301952 kB
MemAvailable:    1554032 kB
Buffers:           32156 kB
Cached:           349852 kB
MemTotal:        1844596 kB
MemFree:         1299364 kB
MemAvailable:    1551444 kB
Buffers:           32156 kB
Cached:           349852 kB
MemTotal:        1844596 kB
MemFree:         1296088 kB
MemAvailable:    1548168 kB
Buffers:           32156 kB
Cached:           349852 kB
MemTotal:        1844596 kB
MemFree:         1295892 kB
MemAvailable:    1547972 kB
Buffers:           32156 kB
Cached:           349852 kB
MemTotal:        1844596 kB
MemFree:         1295460 kB
MemAvailable:    1547540 kB
Buffers:           32156 kB
Cached:           349852 kB
MemTotal:        1844596 kB
MemFree:         1295460 kB
MemAvailable:    1547540 kB
Buffers:           32156 kB
Cached:           349852 kB
MemTotal:        1844596 kB
MemFree:         1293716 kB
MemAvailable:    1545796 kB
Buffers:           32156 kB
Cached:           349852 kB
MemTotal:        1844596 kB
MemFree:         1293856 kB
MemAvailable:    1545936 kB
Buffers:           32156 kB
Cached:           349852 kB
MemTotal:        1844596 kB
MemFree:         1293544 kB
MemAvailable:    1545624 kB
Buffers:           32156 kB
Cached:           349852 kB
MemTotal:        1844596 kB
MemFree:         1293368 kB
MemAvailable:    1545448 kB
Buffers:           32156 kB
Cached:           349852 kB
MemTotal:        1844596 kB
MemFree:         1293228 kB
MemAvailable:    1545308 kB
Buffers:           32156 kB
Cached:           349852 kB
MemTotal:        1844596 kB
MemFree:         1293312 kB
MemAvailable:    1545392 kB
Buffers:           32156 kB
Cached:           349852 kB
MemTotal:        1844596 kB
MemFree:         1291732 kB
MemAvailable:    1543812 kB
Buffers:           32156 kB
Cached:           349852 kB
MemTotal:        1844596 kB
MemFree:         1292072 kB
MemAvailable:    1544152 kB
Buffers:           32156 kB
Cached:           349852 kB
MemTotal:        1844596 kB
MemFree:         1292984 kB
MemAvailable:    1545064 kB
Buffers:           32156 kB
Cached:           349852 kB
MemTotal:        1844596 kB
MemFree:         1293028 kB
MemAvailable:    1545108 kB
Buffers:           32156 kB
Cached:           349852 kB
MemTotal:        1844596 kB
MemFree:         1292112 kB
MemAvailable:    1544192 kB
Buffers:           32156 kB
Cached:           349852 kB
MemTotal:        1844596 kB
MemFree:         1293096 kB
MemAvailable:    1545184 kB
Buffers:           32156 kB
Cached:           349860 kB
MemTotal:        1844596 kB
MemFree:         1293096 kB
MemAvailable:    1545184 kB
Buffers:           32156 kB
Cached:           349860 kB
MemTotal:        1844596 kB
MemFree:         1292992 kB
MemAvailable:    1545080 kB
Buffers:           32156 kB
Cached:           349860 kB
MemTotal:        1844596 kB
MemFree:         1291552 kB
MemAvailable:    1543640 kB
Buffers:           32156 kB
Cached:           349860 kB
MemTotal:        1844596 kB
MemFree:         1291684 kB
MemAvailable:    1543772 kB
Buffers:           32156 kB
Cached:           349860 kB
MemTotal:        1844596 kB
MemFree:         1292984 kB
MemAvailable:    1545072 kB
Buffers:           32156 kB
Cached:           349860 kB
MemTotal:        1844596 kB
MemFree:         1292916 kB
MemAvailable:    1545004 kB
Buffers:           32156 kB
Cached:           349860 kB
MemTotal:        1844596 kB
MemFree:         1292916 kB
MemAvailable:    1545004 kB
Buffers:           32156 kB
Cached:           349860 kB
MemTotal:        1844596 kB
MemFree:         1292752 kB
MemAvailable:    1544840 kB
Buffers:           32156 kB
Cached:           349860 kB
MemTotal:        1844596 kB
MemFree:         1291488 kB
MemAvailable:    1543576 kB
Buffers:           32156 kB
Cached:           349860 kB
MemTotal:        1844596 kB
MemFree:         1291480 kB
MemAvailable:    1543572 kB
Buffers:           32156 kB
Cached:           349864 kB
MemTotal:        1844596 kB
MemFree:         1292476 kB
MemAvailable:    1544568 kB
Buffers:           32156 kB
Cached:           349864 kB
MemTotal:        1844596 kB
MemFree:         1292816 kB
MemAvailable:    1544908 kB
Buffers:           32156 kB
Cached:           349864 kB
MemTotal:        1844596 kB
MemFree:         1291444 kB
MemAvailable:    1543536 kB
Buffers:           32156 kB
Cached:           349864 kB
MemTotal:        1844596 kB
MemFree:         1292544 kB
MemAvailable:    1544636 kB
Buffers:           32156 kB
Cached:           349864 kB
MemTotal:        1844596 kB
MemFree:         1289204 kB
MemAvailable:    1541296 kB
Buffers:           32156 kB
Cached:           349864 kB
MemTotal:        1844596 kB
MemFree:         1286912 kB
MemAvailable:    1539004 kB
Buffers:           32156 kB
Cached:           349864 kB
MemTotal:        1844596 kB
MemFree:         1284664 kB
MemAvailable:    1536756 kB
Buffers:           32156 kB
Cached:           349864 kB
MemTotal:        1844596 kB
MemFree:         1284664 kB
MemAvailable:    1536756 kB
Buffers:           32156 kB
Cached:           349864 kB
MemTotal:        1844596 kB
MemFree:         1284236 kB
MemAvailable:    1536328 kB
Buffers:           32156 kB
Cached:           349864 kB
MemTotal:        1844596 kB
MemFree:         1284488 kB
MemAvailable:    1536580 kB
Buffers:           32156 kB
Cached:           349864 kB
MemTotal:        1844596 kB
MemFree:         1283172 kB
MemAvailable:    1535264 kB
Buffers:           32156 kB
Cached:           349864 kB
MemTotal:        1844596 kB
MemFree:         1283172 kB
MemAvailable:    1535264 kB
Buffers:           32156 kB
Cached:           349864 kB
MemTotal:        1844596 kB
MemFree:         1284280 kB
MemAvailable:    1536372 kB
Buffers:           32156 kB
Cached:           349864 kB
MemTotal:        1844596 kB
MemFree:         1284280 kB
MemAvailable:    1536372 kB
Buffers:           32156 kB
Cached:           349864 kB
MemTotal:        1844596 kB
MemFree:         1284072 kB
MemAvailable:    1536164 kB
Buffers:           32156 kB
Cached:           349864 kB
MemTotal:        1844596 kB
MemFree:         1282808 kB
MemAvailable:    1534900 kB
Buffers:           32156 kB
Cached:           349864 kB
MemTotal:        1844596 kB
MemFree:         1283308 kB
MemAvailable:    1535400 kB
Buffers:           32156 kB
Cached:           349864 kB
MemTotal:        1844596 kB
MemFree:         1284492 kB
MemAvailable:    1536584 kB
Buffers:           32156 kB
Cached:           349864 kB
MemTotal:        1844596 kB
MemFree:         1283192 kB
MemAvailable:    1535284 kB
Buffers:           32156 kB
Cached:           349864 kB
MemTotal:        1844596 kB
MemFree:         1284108 kB
MemAvailable:    1536200 kB
Buffers:           32156 kB
Cached:           349864 kB
MemTotal:        1844596 kB
MemFree:         1283988 kB
MemAvailable:    1536080 kB
Buffers:           32156 kB
Cached:           349864 kB
MemTotal:        1844596 kB
MemFree:         1283996 kB
MemAvailable:    1536088 kB
Buffers:           32156 kB
Cached:           349864 kB
MemTotal:        1844596 kB
MemFree:         1283316 kB
MemAvailable:    1535408 kB
Buffers:           32156 kB
Cached:           349864 kB
MemTotal:        1844596 kB
MemFree:         1283908 kB
MemAvailable:    1536000 kB
Buffers:           32156 kB
Cached:           349864 kB
MemTotal:        1844596 kB
MemFree:         1283992 kB
MemAvailable:    1536084 kB
Buffers:           32156 kB
Cached:           349864 kB
MemTotal:        1844596 kB
MemFree:         1283796 kB
MemAvailable:    1535888 kB
Buffers:           32156 kB
Cached:           349864 kB
MemTotal:        1844596 kB
MemFree:         1284136 kB
MemAvailable:    1536228 kB
Buffers:           32156 kB
Cached:           349864 kB
MemTotal:        1844596 kB
MemFree:         1284108 kB
MemAvailable:    1536200 kB
Buffers:           32156 kB
Cached:           349864 kB
MemTotal:        1844596 kB
MemFree:         1282760 kB
MemAvailable:    1534852 kB
Buffers:           32156 kB
Cached:           349864 kB
MemTotal:        1844596 kB
MemFree:         1283964 kB
MemAvailable:    1536056 kB
Buffers:           32156 kB
Cached:           349864 kB
MemTotal:        1844596 kB
MemFree:         1283316 kB
MemAvailable:    1535408 kB
Buffers:           32156 kB
Cached:           349864 kB
MemTotal:        1844596 kB
MemFree:         1283916 kB
MemAvailable:    1536008 kB
Buffers:           32156 kB
Cached:           349864 kB
MemTotal:        1844596 kB
MemFree:         1284172 kB
MemAvailable:    1536264 kB
Buffers:           32156 kB
Cached:           349864 kB
MemTotal:        1844596 kB
MemFree:         1282916 kB
MemAvailable:    1535008 kB
Buffers:           32156 kB
Cached:           349864 kB
MemTotal:        1844596 kB
MemFree:         1282800 kB
MemAvailable:    1534892 kB
Buffers:           32156 kB
Cached:           349864 kB
MemTotal:        1844596 kB
MemFree:         1283860 kB
MemAvailable:    1535952 kB
Buffers:           32156 kB
Cached:           349864 kB
MemTotal:        1844596 kB
MemFree:         1284112 kB
MemAvailable:    1536204 kB
Buffers:           32156 kB
Cached:           349864 kB
MemTotal:        1844596 kB
MemFree:         1282012 kB
MemAvailable:    1534104 kB
Buffers:           32156 kB
Cached:           349864 kB
MemTotal:        1844596 kB
MemFree:         1278480 kB
MemAvailable:    1530572 kB
Buffers:           32156 kB
Cached:           349864 kB
MemTotal:        1844596 kB
MemFree:         1275744 kB
MemAvailable:    1527836 kB
Buffers:           32156 kB
Cached:           349864 kB
MemTotal:        1844596 kB
MemFree:         1274264 kB
MemAvailable:    1526356 kB
Buffers:           32156 kB
Cached:           349864 kB
MemTotal:        1844596 kB
MemFree:         1273892 kB
MemAvailable:    1525984 kB
Buffers:           32156 kB
Cached:           349864 kB
MemTotal:        1844596 kB
MemFree:         1274760 kB
MemAvailable:    1526852 kB
Buffers:           32156 kB
Cached:           349864 kB
MemTotal:        1844596 kB
MemFree:         1273272 kB
MemAvailable:    1525364 kB
Buffers:           32156 kB
Cached:           349864 kB
MemTotal:        1844596 kB
MemFree:         1273944 kB
MemAvailable:    1526036 kB
Buffers:           32156 kB
Cached:           349864 kB
MemTotal:        1844596 kB
MemFree:         1272404 kB
MemAvailable:    1524496 kB
Buffers:           32156 kB
Cached:           349864 kB
MemTotal:        1844596 kB
MemFree:         1272760 kB
MemAvailable:    1524852 kB
Buffers:           32156 kB
Cached:           349864 kB
MemTotal:        1844596 kB
MemFree:         1273096 kB
MemAvailable:    1525188 kB
Buffers:           32156 kB
Cached:           349864 kB
MemTotal:        1844596 kB
MemFree:         1271156 kB
MemAvailable:    1523248 kB
Buffers:           32156 kB
Cached:           349864 kB
MemTotal:        1844596 kB
MemFree:         1271032 kB
MemAvailable:    1523124 kB
Buffers:           32156 kB
Cached:           349864 kB
MemTotal:        1844596 kB
MemFree:         1272332 kB
MemAvailable:    1524424 kB
Buffers:           32156 kB
Cached:           349864 kB
MemTotal:        1844596 kB
MemFree:         1272284 kB
MemAvailable:    1524376 kB
Buffers:           32156 kB
Cached:           349864 kB
MemTotal:        1844596 kB
MemFree:         1270852 kB
MemAvailable:    1522944 kB
Buffers:           32156 kB
Cached:           349864 kB
MemTotal:        1844596 kB
MemFree:         1272152 kB
MemAvailable:    1524244 kB
Buffers:           32156 kB
Cached:           349864 kB
MemTotal:        1844596 kB
MemFree:         1270972 kB
MemAvailable:    1523064 kB
Buffers:           32156 kB
Cached:           349864 kB
MemTotal:        1844596 kB
MemFree:         1272196 kB
MemAvailable:    1524288 kB
Buffers:           32156 kB
Cached:           349864 kB
MemTotal:        1844596 kB
MemFree:         1272124 kB
MemAvailable:    1524216 kB
Buffers:           32156 kB
Cached:           349864 kB
MemTotal:        1844596 kB
MemFree:         1272308 kB
MemAvailable:    1524400 kB
Buffers:           32156 kB
Cached:           349864 kB
MemTotal:        1844596 kB
MemFree:         1272136 kB
MemAvailable:    1524228 kB
Buffers:           32156 kB
Cached:           349864 kB
MemTotal:        1844596 kB
MemFree:         1271288 kB
MemAvailable:    1523380 kB
Buffers:           32156 kB
Cached:           349864 kB
MemTotal:        1844596 kB
MemFree:         1272088 kB
MemAvailable:    1524180 kB
Buffers:           32156 kB
Cached:           349864 kB
MemTotal:        1844596 kB
MemFree:         1272088 kB
MemAvailable:    1524180 kB
Buffers:           32156 kB
Cached:           349864 kB
MemTotal:        1844596 kB
MemFree:         1270776 kB
MemAvailable:    1522868 kB
Buffers:           32156 kB
Cached:           349864 kB
MemTotal:        1844596 kB
MemFree:         1272160 kB
MemAvailable:    1524252 kB
Buffers:           32156 kB
Cached:           349864 kB
MemTotal:        1844596 kB
MemFree:         1272212 kB
MemAvailable:    1524304 kB
Buffers:           32156 kB
Cached:           349864 kB
MemTotal:        1844596 kB
MemFree:         1271404 kB
MemAvailable:    1523496 kB
Buffers:           32156 kB
Cached:           349864 kB
MemTotal:        1844596 kB
MemFree:         1272272 kB
MemAvailable:    1524368 kB
Buffers:           32156 kB
Cached:           349868 kB
MemTotal:        1844596 kB
MemFree:         1272528 kB
MemAvailable:    1524624 kB
Buffers:           32156 kB
Cached:           349868 kB
MemTotal:        1844596 kB
MemFree:         1270892 kB
MemAvailable:    1522988 kB
Buffers:           32156 kB
Cached:           349868 kB
MemTotal:        1844596 kB
MemFree:         1271156 kB
MemAvailable:    1523252 kB
Buffers:           32156 kB
Cached:           349868 kB
MemTotal:        1844596 kB
MemFree:         1272340 kB
MemAvailable:    1524436 kB
Buffers:           32156 kB
Cached:           349868 kB
MemTotal:        1844596 kB
MemFree:         1272392 kB
MemAvailable:    1524488 kB
Buffers:           32156 kB
Cached:           349868 kB
MemTotal:        1844596 kB
MemFree:         1271288 kB
MemAvailable:    1523384 kB
Buffers:           32156 kB
Cached:           349868 kB
MemTotal:        1844596 kB
MemFree:         1272340 kB
MemAvailable:    1524436 kB
Buffers:           32156 kB
Cached:           349868 kB
MemTotal:        1844596 kB
MemFree:         1271040 kB
MemAvailable:    1523136 kB
Buffers:           32156 kB
Cached:           349868 kB
MemTotal:        1844596 kB
MemFree:         1272004 kB
MemAvailable:    1524100 kB
Buffers:           32156 kB
Cached:           349868 kB
MemTotal:        1844596 kB
MemFree:         1272256 kB
MemAvailable:    1524352 kB
Buffers:           32156 kB
Cached:           349868 kB
MemTotal:        1844596 kB
MemFree:         1270724 kB
MemAvailable:    1522824 kB
Buffers:           32156 kB
Cached:           349872 kB
MemTotal:        1844596 kB
MemFree:         1271096 kB
MemAvailable:    1523196 kB
Buffers:           32156 kB
Cached:           349872 kB
MemTotal:        1844596 kB
MemFree:         1272108 kB
MemAvailable:    1524208 kB
Buffers:           32156 kB
Cached:           349872 kB
MemTotal:        1844596 kB
MemFree:         1270988 kB
MemAvailable:    1523088 kB
Buffers:           32156 kB
Cached:           349872 kB
MemTotal:        1844596 kB
MemFree:         1270980 kB
MemAvailable:    1523080 kB
Buffers:           32156 kB
Cached:           349872 kB
MemTotal:        1844596 kB
MemFree:         1272032 kB
MemAvailable:    1524132 kB
Buffers:           32156 kB
Cached:           349872 kB
MemTotal:        1844596 kB
MemFree:         1270892 kB
MemAvailable:    1522992 kB
Buffers:           32156 kB
Cached:           349872 kB
MemTotal:        1844596 kB
MemFree:         1272192 kB
MemAvailable:    1524292 kB
Buffers:           32156 kB
Cached:           349872 kB
MemTotal:        1844596 kB
MemFree:         1272084 kB
MemAvailable:    1524184 kB
Buffers:           32156 kB
Cached:           349872 kB
MemTotal:        1844596 kB
MemFree:         1271412 kB
MemAvailable:    1523512 kB
Buffers:           32156 kB
Cached:           349872 kB
MemTotal:        1844596 kB
MemFree:         1272004 kB
MemAvailable:    1524104 kB
Buffers:           32156 kB
Cached:           349872 kB
MemTotal:        1844596 kB
MemFree:         1272340 kB
MemAvailable:    1524440 kB
Buffers:           32156 kB
Cached:           349872 kB
MemTotal:        1844596 kB
MemFree:         1270896 kB
MemAvailable:    1522996 kB
Buffers:           32156 kB
Cached:           349872 kB
MemTotal:        1844596 kB
MemFree:         1271956 kB
MemAvailable:    1524056 kB
Buffers:           32156 kB
Cached:           349872 kB
MemTotal:        1844596 kB
MemFree:         1272208 kB
MemAvailable:    1524308 kB
Buffers:           32156 kB
Cached:           349872 kB
MemTotal:        1844596 kB
MemFree:         1272268 kB
MemAvailable:    1524368 kB
Buffers:           32156 kB
Cached:           349872 kB
MemTotal:        1844596 kB
MemFree:         1271412 kB
MemAvailable:    1523512 kB
Buffers:           32156 kB
Cached:           349872 kB
MemTotal:        1844596 kB
MemFree:         1272404 kB
MemAvailable:    1524508 kB
Buffers:           32156 kB
Cached:           349876 kB
MemTotal:        1844596 kB
MemFree:         1271288 kB
MemAvailable:    1523392 kB
Buffers:           32156 kB
Cached:           349876 kB
MemTotal:        1844596 kB
MemFree:         1270896 kB
MemAvailable:    1523000 kB
Buffers:           32156 kB
Cached:           349876 kB
MemTotal:        1844596 kB
MemFree:         1272168 kB
MemAvailable:    1524272 kB
Buffers:           32156 kB
Cached:           349876 kB
MemTotal:        1844596 kB
MemFree:         1271912 kB
MemAvailable:    1524016 kB
Buffers:           32156 kB
Cached:           349876 kB
MemTotal:        1844596 kB
MemFree:         1272036 kB
MemAvailable:    1524140 kB
Buffers:           32156 kB
Cached:           349876 kB
MemTotal:        1844596 kB
MemFree:         1270604 kB
MemAvailable:    1522708 kB
Buffers:           32156 kB
Cached:           349876 kB
MemTotal:        1844596 kB
MemFree:         1271640 kB
MemAvailable:    1523744 kB
Buffers:           32156 kB
Cached:           349876 kB
MemTotal:        1844596 kB
MemFree:         1271836 kB
MemAvailable:    1523940 kB
Buffers:           32156 kB
Cached:           349876 kB
MemTotal:        1844596 kB
MemFree:         1271752 kB
MemAvailable:    1523856 kB
Buffers:           32156 kB
Cached:           349876 kB
MemTotal:        1844596 kB
MemFree:         1271764 kB
MemAvailable:    1523868 kB
Buffers:           32156 kB
Cached:           349876 kB
MemTotal:        1844596 kB
MemFree:         1271480 kB
MemAvailable:    1523584 kB
Buffers:           32156 kB
Cached:           349876 kB
MemTotal:        1844596 kB
MemFree:         1271648 kB
MemAvailable:    1523752 kB
Buffers:           32156 kB
Cached:           349876 kB
MemTotal:        1844596 kB
MemFree:         1270504 kB
MemAvailable:    1522608 kB
Buffers:           32156 kB
Cached:           349876 kB
MemTotal:        1844596 kB
MemFree:         1270248 kB
MemAvailable:    1522352 kB
Buffers:           32156 kB
Cached:           349876 kB
MemTotal:        1844596 kB
MemFree:         1270372 kB
MemAvailable:    1522476 kB
Buffers:           32156 kB
Cached:           349876 kB
MemTotal:        1844596 kB
MemFree:         1270240 kB
MemAvailable:    1522344 kB
Buffers:           32156 kB
Cached:           349876 kB
MemTotal:        1844596 kB
MemFree:         1271564 kB
MemAvailable:    1523668 kB
Buffers:           32156 kB
Cached:           349876 kB
MemTotal:        1844596 kB
MemFree:         1270296 kB
MemAvailable:    1522400 kB
Buffers:           32156 kB
Cached:           349876 kB
MemTotal:        1844596 kB
MemFree:         1271472 kB
MemAvailable:    1523576 kB
Buffers:           32156 kB
Cached:           349876 kB
MemTotal:        1844596 kB
MemFree:         1271280 kB
MemAvailable:    1523384 kB
Buffers:           32156 kB
Cached:           349876 kB
MemTotal:        1844596 kB
MemFree:         1270164 kB
MemAvailable:    1522144 kB
Buffers:           32156 kB
Cached:           349876 kB
MemTotal:        1844596 kB
MemFree:         1271012 kB
MemAvailable:    1523116 kB
Buffers:           32156 kB
Cached:           349876 kB
MemTotal:        1844596 kB
MemFree:         1271268 kB
MemAvailable:    1523372 kB
Buffers:           32156 kB
Cached:           349876 kB
MemTotal:        1844596 kB
MemFree:         1271156 kB
MemAvailable:    1523260 kB
Buffers:           32156 kB
Cached:           349876 kB
MemTotal:        1844596 kB
MemFree:         1270420 kB
MemAvailable:    1522524 kB
Buffers:           32156 kB
Cached:           349876 kB
MemTotal:        1844596 kB
MemFree:         1271104 kB
MemAvailable:    1523208 kB
Buffers:           32156 kB
Cached:           349876 kB
MemTotal:        1844596 kB
MemFree:         1271296 kB
MemAvailable:    1523400 kB
Buffers:           32156 kB
Cached:           349876 kB
MemTotal:        1844596 kB
MemFree:         1269792 kB
MemAvailable:    1521896 kB
Buffers:           32156 kB
Cached:           349876 kB
MemTotal:        1844596 kB
MemFree:         1270124 kB
MemAvailable:    1522228 kB
Buffers:           32156 kB
Cached:           349876 kB
MemTotal:        1844596 kB
MemFree:         1269744 kB
MemAvailable:    1521848 kB
Buffers:           32156 kB
Cached:           349876 kB
MemTotal:        1844596 kB
MemFree:         1270984 kB
MemAvailable:    1523088 kB
Buffers:           32156 kB
Cached:           349876 kB
MemTotal:        1844596 kB
MemFree:         1271032 kB
MemAvailable:    1523136 kB
Buffers:           32156 kB
Cached:           349876 kB
MemTotal:        1844596 kB
MemFree:         1270948 kB
MemAvailable:    1523052 kB
Buffers:           32156 kB
Cached:           349876 kB
MemTotal:        1844596 kB
MemFree:         1269912 kB
MemAvailable:    1522016 kB
Buffers:           32156 kB
Cached:           349876 kB
MemTotal:        1844596 kB
MemFree:         1271156 kB
MemAvailable:    1523264 kB
Buffers:           32156 kB
Cached:           349880 kB
MemTotal:        1844596 kB
MemFree:         1270040 kB
MemAvailable:    1522148 kB
Buffers:           32156 kB
Cached:           349880 kB
MemTotal:        1844596 kB
MemFree:         1269924 kB
MemAvailable:    1522032 kB
Buffers:           32156 kB
Cached:           349880 kB
MemTotal:        1844596 kB
MemFree:         1264220 kB
MemAvailable:    1516328 kB
Buffers:           32156 kB
Cached:           349880 kB
MemTotal:        1844596 kB
MemFree:         1261244 kB
MemAvailable:    1513352 kB
Buffers:           32156 kB
Cached:           349880 kB
MemTotal:        1844596 kB
MemFree:         1259384 kB
MemAvailable:    1511492 kB
Buffers:           32156 kB
Cached:           349880 kB
MemTotal:        1844596 kB
MemFree:         1259384 kB
MemAvailable:    1511492 kB
Buffers:           32156 kB
Cached:           349880 kB
MemTotal:        1844596 kB
MemFree:         1260252 kB
MemAvailable:    1512360 kB
Buffers:           32156 kB
Cached:           349880 kB
MemTotal:        1844596 kB
MemFree:         1258880 kB
MemAvailable:    1510988 kB
Buffers:           32156 kB
Cached:           349880 kB
MemTotal:        1844596 kB
MemFree:         1259128 kB
MemAvailable:    1511236 kB
Buffers:           32156 kB
Cached:           349880 kB
MemTotal:        1844596 kB
MemFree:         1259940 kB
MemAvailable:    1512048 kB
Buffers:           32156 kB
Cached:           349880 kB
MemTotal:        1844596 kB
MemFree:         1259652 kB
MemAvailable:    1511760 kB
Buffers:           32156 kB
Cached:           349880 kB
MemTotal:        1844596 kB
MemFree:         1258136 kB
MemAvailable:    1510244 kB
Buffers:           32156 kB
Cached:           349880 kB
MemTotal:        1844596 kB
MemFree:         1258392 kB
MemAvailable:    1510500 kB
Buffers:           32156 kB
Cached:           349880 kB
MemTotal:        1844596 kB
MemFree:         1256772 kB
MemAvailable:    1508880 kB
Buffers:           32156 kB
Cached:           349880 kB
MemTotal:        1844596 kB
MemFree:         1256276 kB
MemAvailable:    1508384 kB
Buffers:           32156 kB
Cached:           349880 kB
MemTotal:        1844596 kB
MemFree:         1256484 kB
MemAvailable:    1508592 kB
Buffers:           32156 kB
Cached:           349880 kB
MemTotal:        1844596 kB
MemFree:         1256484 kB
MemAvailable:    1508592 kB
Buffers:           32156 kB
Cached:           349880 kB
MemTotal:        1844596 kB
MemFree:         1257772 kB
MemAvailable:    1509880 kB
Buffers:           32156 kB
Cached:           349880 kB
MemTotal:        1844596 kB
MemFree:         1257892 kB
MemAvailable:    1510000 kB
Buffers:           32156 kB
Cached:           349880 kB
MemTotal:        1844596 kB
MemFree:         1257456 kB
MemAvailable:    1509564 kB
Buffers:           32156 kB
Cached:           349880 kB
MemTotal:        1844596 kB
MemFree:         1257792 kB
MemAvailable:    1509900 kB
Buffers:           32156 kB
Cached:           349880 kB
MemTotal:        1844596 kB
MemFree:         1257576 kB
MemAvailable:    1509684 kB
Buffers:           32156 kB
Cached:           349880 kB
MemTotal:        1844596 kB
MemFree:         1257828 kB
MemAvailable:    1509936 kB
Buffers:           32156 kB
Cached:           349880 kB
MemTotal:        1844596 kB
MemFree:         1257628 kB
MemAvailable:    1509736 kB
Buffers:           32156 kB
Cached:           349880 kB
MemTotal:        1844596 kB
MemFree:         1257880 kB
MemAvailable:    1509988 kB
Buffers:           32156 kB
Cached:           349880 kB
MemTotal:        1844596 kB
MemFree:         1257592 kB
MemAvailable:    1509704 kB
Buffers:           32156 kB
Cached:           349884 kB
MemTotal:        1844596 kB
MemFree:         1257524 kB
MemAvailable:    1509636 kB
Buffers:           32156 kB
Cached:           349884 kB
MemTotal:        1844596 kB
MemFree:         1257468 kB
MemAvailable:    1509580 kB
Buffers:           32156 kB
Cached:           349884 kB
MemTotal:        1844596 kB
MemFree:         1257468 kB
MemAvailable:    1509580 kB
Buffers:           32156 kB
Cached:           349884 kB
MemTotal:        1844596 kB
MemFree:         1256476 kB
MemAvailable:    1508588 kB
Buffers:           32156 kB
Cached:           349884 kB
MemTotal:        1844596 kB
MemFree:         1256964 kB
MemAvailable:    1509076 kB
Buffers:           32156 kB
Cached:           349884 kB
MemTotal:        1844596 kB
MemFree:         1255416 kB
MemAvailable:    1507528 kB
Buffers:           32156 kB
Cached:           349884 kB
MemTotal:        1844596 kB
MemFree:         1255640 kB
MemAvailable:    1507752 kB
Buffers:           32156 kB
Cached:           349884 kB
MemTotal:        1844596 kB
MemFree:         1255640 kB
MemAvailable:    1507752 kB
Buffers:           32156 kB
Cached:           349884 kB
MemTotal:        1844596 kB
MemFree:         1255268 kB
MemAvailable:    1507380 kB
Buffers:           32156 kB
Cached:           349884 kB
MemTotal:        1844596 kB
MemFree:         1255524 kB
MemAvailable:    1507636 kB
Buffers:           32156 kB
Cached:           349884 kB
MemTotal:        1844596 kB
MemFree:         1255228 kB
MemAvailable:    1507340 kB
Buffers:           32156 kB
Cached:           349884 kB
MemTotal:        1844596 kB
MemFree:         1254424 kB
MemAvailable:    1506536 kB
Buffers:           32156 kB
Cached:           349884 kB
MemTotal:        1844596 kB
MemFree:         1254780 kB
MemAvailable:    1506892 kB
Buffers:           32156 kB
Cached:           349884 kB
MemTotal:        1844596 kB
MemFree:         1255116 kB
MemAvailable:    1507228 kB
Buffers:           32156 kB
Cached:           349884 kB
MemTotal:        1844596 kB
MemFree:         1252812 kB
MemAvailable:    1504924 kB
Buffers:           32156 kB
Cached:           349884 kB
MemTotal:        1844596 kB
MemFree:         1253292 kB
MemAvailable:    1505404 kB
Buffers:           32156 kB
Cached:           349884 kB
MemTotal:        1844596 kB
MemFree:         1253376 kB
MemAvailable:    1505488 kB
Buffers:           32156 kB
Cached:           349884 kB
MemTotal:        1844596 kB
MemFree:         1253172 kB
MemAvailable:    1505284 kB
Buffers:           32156 kB
Cached:           349884 kB
MemTotal:        1844596 kB
MemFree:         1252872 kB
MemAvailable:    1504984 kB
Buffers:           32156 kB
Cached:           349884 kB
MemTotal:        1844596 kB
MemFree:         1252680 kB
MemAvailable:    1504792 kB
Buffers:           32156 kB
Cached:           349884 kB
MemTotal:        1844596 kB
MemFree:         1251308 kB
MemAvailable:    1503420 kB
Buffers:           32156 kB
Cached:           349884 kB
MemTotal:        1844596 kB
MemFree:         1251556 kB
MemAvailable:    1503668 kB
Buffers:           32156 kB
Cached:           349884 kB
MemTotal:        1844596 kB
MemFree:         1252408 kB
MemAvailable:    1504520 kB
Buffers:           32156 kB
Cached:           349884 kB
MemTotal:        1844596 kB
MemFree:         1252744 kB
MemAvailable:    1504856 kB
Buffers:           32156 kB
Cached:           349884 kB
MemTotal:        1844596 kB
MemFree:         1252360 kB
MemAvailable:    1504472 kB
Buffers:           32156 kB
Cached:           349884 kB
MemTotal:        1844596 kB
MemFree:         1252360 kB
MemAvailable:    1504472 kB
Buffers:           32156 kB
Cached:           349884 kB
MemTotal:        1844596 kB
MemFree:         1252592 kB
MemAvailable:    1504704 kB
Buffers:           32156 kB
Cached:           349884 kB
MemTotal:        1844596 kB
MemFree:         1251288 kB
MemAvailable:    1503400 kB
Buffers:           32156 kB
Cached:           349884 kB
MemTotal:        1844596 kB
MemFree:         1252624 kB
MemAvailable:    1504736 kB
Buffers:           32156 kB
Cached:           349884 kB
MemTotal:        1844596 kB
MemFree:         1252168 kB
MemAvailable:    1504280 kB
Buffers:           32156 kB
Cached:           349884 kB
MemTotal:        1844596 kB
MemFree:         1252252 kB
MemAvailable:    1504364 kB
Buffers:           32156 kB
Cached:           349884 kB
MemTotal:        1844596 kB
MemFree:         1250932 kB
MemAvailable:    1503044 kB
Buffers:           32156 kB
Cached:           349884 kB
MemTotal:        1844596 kB
MemFree:         1251180 kB
MemAvailable:    1503292 kB
Buffers:           32156 kB
Cached:           349884 kB
MemTotal:        1844596 kB
MemFree:         1252248 kB
MemAvailable:    1504360 kB
Buffers:           32156 kB
Cached:           349884 kB
MemTotal:        1844596 kB
MemFree:         1252416 kB
MemAvailable:    1504528 kB
Buffers:           32156 kB
Cached:           349884 kB
MemTotal:        1844596 kB
MemFree:         1252144 kB
MemAvailable:    1504256 kB
Buffers:           32156 kB
Cached:           349884 kB
MemTotal:        1844596 kB
MemFree:         1251188 kB
MemAvailable:    1503300 kB
Buffers:           32156 kB
Cached:           349884 kB
MemTotal:        1844596 kB
MemFree:         1252248 kB
MemAvailable:    1504360 kB
Buffers:           32156 kB
Cached:           349884 kB
MemTotal:        1844596 kB
MemFree:         1252248 kB
MemAvailable:    1504360 kB
Buffers:           32156 kB
Cached:           349884 kB
MemTotal:        1844596 kB
MemFree:         1252320 kB
MemAvailable:    1504432 kB
Buffers:           32156 kB
Cached:           349884 kB
MemTotal:        1844596 kB
MemFree:         1250888 kB
MemAvailable:    1503000 kB
Buffers:           32156 kB
Cached:           349884 kB
MemTotal:        1844596 kB
MemFree:         1251012 kB
MemAvailable:    1503124 kB
Buffers:           32156 kB
Cached:           349884 kB
MemTotal:        1844596 kB
MemFree:         1251012 kB
MemAvailable:    1503124 kB
Buffers:           32156 kB
Cached:           349884 kB
MemTotal:        1844596 kB
MemFree:         1252300 kB
MemAvailable:    1504412 kB
Buffers:           32156 kB
Cached:           349884 kB
MemTotal:        1844596 kB
MemFree:         1251448 kB
MemAvailable:    1503560 kB
Buffers:           32156 kB
Cached:           349884 kB
MemTotal:        1844596 kB
MemFree:         1252172 kB
MemAvailable:    1504284 kB
Buffers:           32156 kB
Cached:           349884 kB
MemTotal:        1844596 kB
MemFree:         1252428 kB
MemAvailable:    1504540 kB
Buffers:           32156 kB
Cached:           349884 kB
MemTotal:        1844596 kB
MemFree:         1250076 kB
MemAvailable:    1502188 kB
Buffers:           32156 kB
Cached:           349884 kB
MemTotal:        1844596 kB
MemFree:         1249828 kB
MemAvailable:    1501940 kB
Buffers:           32156 kB
Cached:           349884 kB
MemTotal:        1844596 kB
MemFree:         1251060 kB
MemAvailable:    1503172 kB
Buffers:           32156 kB
Cached:           349884 kB
MemTotal:        1844596 kB
MemFree:         1249524 kB
MemAvailable:    1501636 kB
Buffers:           32156 kB
Cached:           349884 kB
MemTotal:        1844596 kB
MemFree:         1248844 kB
MemAvailable:    1500956 kB
Buffers:           32156 kB
Cached:           349884 kB
MemTotal:        1844596 kB
MemFree:         1246604 kB
MemAvailable:    1498716 kB
Buffers:           32156 kB
Cached:           349884 kB
MemTotal:        1844596 kB
MemFree:         1244496 kB
MemAvailable:    1496616 kB
Buffers:           32156 kB
Cached:           349892 kB
MemTotal:        1844596 kB
MemFree:         1244628 kB
MemAvailable:    1496748 kB
Buffers:           32156 kB
Cached:           349892 kB
MemTotal:        1844596 kB
MemFree:         1239908 kB
MemAvailable:    1492028 kB
Buffers:           32156 kB
Cached:           349892 kB
MemTotal:        1844596 kB
MemFree:         1237992 kB
MemAvailable:    1490112 kB
Buffers:           32156 kB
Cached:           349892 kB
MemTotal:        1844596 kB
MemFree:         1233576 kB
MemAvailable:    1485696 kB
Buffers:           32156 kB
Cached:           349892 kB
MemTotal:        1844596 kB
MemFree:         1233592 kB
MemAvailable:    1485712 kB
Buffers:           32156 kB
Cached:           349892 kB
MemTotal:        1844596 kB
MemFree:         1233892 kB
MemAvailable:    1486012 kB
Buffers:           32156 kB
Cached:           349892 kB
MemTotal:        1844596 kB
MemFree:         1233892 kB
MemAvailable:    1486012 kB
Buffers:           32156 kB
Cached:           349892 kB
MemTotal:        1844596 kB
MemFree:         1233592 kB
MemAvailable:    1485712 kB
Buffers:           32156 kB
Cached:           349892 kB
MemTotal:        1844596 kB
MemFree:         1233544 kB
MemAvailable:    1485664 kB
Buffers:           32156 kB
Cached:           349892 kB
MemTotal:        1844596 kB
MemFree:         1232716 kB
MemAvailable:    1484836 kB
Buffers:           32156 kB
Cached:           349892 kB
MemTotal:        1844596 kB
MemFree:         1233652 kB
MemAvailable:    1485772 kB
Buffers:           32156 kB
Cached:           349892 kB
MemTotal:        1844596 kB
MemFree:         1233396 kB
MemAvailable:    1485516 kB
Buffers:           32156 kB
Cached:           349892 kB
MemTotal:        1844596 kB
MemFree:         1232352 kB
MemAvailable:    1484472 kB
Buffers:           32156 kB
Cached:           349892 kB
MemTotal:        1844596 kB
MemFree:         1233152 kB
MemAvailable:    1485272 kB
Buffers:           32156 kB
Cached:           349892 kB
MemTotal:        1844596 kB
MemFree:         1233344 kB
MemAvailable:    1485464 kB
Buffers:           32156 kB
Cached:           349892 kB
MemTotal:        1844596 kB
MemFree:         1231908 kB
MemAvailable:    1484028 kB
Buffers:           32156 kB
Cached:           349892 kB
MemTotal:        1844596 kB
MemFree:         1232708 kB
MemAvailable:    1484828 kB
Buffers:           32156 kB
Cached:           349892 kB
MemTotal:        1844596 kB
MemFree:         1232460 kB
MemAvailable:    1484580 kB
Buffers:           32156 kB
Cached:           349892 kB
MemTotal:        1844596 kB
MemFree:         1232700 kB
MemAvailable:    1484820 kB
Buffers:           32156 kB
Cached:           349892 kB
MemTotal:        1844596 kB
MemFree:         1231360 kB
MemAvailable:    1483480 kB
Buffers:           32156 kB
Cached:           349892 kB
MemTotal:        1844596 kB
MemFree:         1231980 kB
MemAvailable:    1484100 kB
Buffers:           32156 kB
Cached:           349892 kB
MemTotal:        1844596 kB
MemFree:         1232212 kB
MemAvailable:    1484332 kB
Buffers:           32156 kB
Cached:           349892 kB
MemTotal:        1844596 kB
MemFree:         1231348 kB
MemAvailable:    1483468 kB
Buffers:           32156 kB
Cached:           349892 kB
MemTotal:        1844596 kB
MemFree:         1232428 kB
MemAvailable:    1484552 kB
Buffers:           32156 kB
Cached:           349896 kB
MemTotal:        1844596 kB
MemFree:         1232684 kB
MemAvailable:    1484808 kB
Buffers:           32156 kB
Cached:           349896 kB
MemTotal:        1844596 kB
MemFree:         1232660 kB
MemAvailable:    1484784 kB
Buffers:           32156 kB
Cached:           349896 kB
MemTotal:        1844596 kB
MemFree:         1232536 kB
MemAvailable:    1484660 kB
Buffers:           32156 kB
Cached:           349896 kB
MemTotal:        1844596 kB
MemFree:         1232684 kB
MemAvailable:    1484808 kB
Buffers:           32156 kB
Cached:           349896 kB
MemTotal:        1844596 kB
MemFree:         1232460 kB
MemAvailable:    1484584 kB
Buffers:           32156 kB
Cached:           349896 kB
MemTotal:        1844596 kB
MemFree:         1232600 kB
MemAvailable:    1484724 kB
Buffers:           32156 kB
Cached:           349896 kB
MemTotal:        1844596 kB
MemFree:         1231172 kB
MemAvailable:    1483296 kB
Buffers:           32156 kB
Cached:           349896 kB
MemTotal:        1844596 kB
MemFree:         1232404 kB
MemAvailable:    1484528 kB
Buffers:           32156 kB
Cached:           349896 kB
MemTotal:        1844596 kB
MemFree:         1231928 kB
MemAvailable:    1484052 kB
Buffers:           32156 kB
Cached:           349896 kB
MemTotal:        1844596 kB
MemFree:         1232848 kB
MemAvailable:    1484972 kB
Buffers:           32156 kB
Cached:           349896 kB
MemTotal:        1844596 kB
MemFree:         1232776 kB
MemAvailable:    1484900 kB
Buffers:           32156 kB
Cached:           349896 kB
MemTotal:        1844596 kB
MemFree:         1232452 kB
MemAvailable:    1484576 kB
Buffers:           32156 kB
Cached:           349896 kB
MemTotal:        1844596 kB
MemFree:         1232480 kB
MemAvailable:    1484604 kB
Buffers:           32156 kB
Cached:           349896 kB
MemTotal:        1844596 kB
MemFree:         1232400 kB
MemAvailable:    1484524 kB
Buffers:           32156 kB
Cached:           349896 kB
MemTotal:        1844596 kB
MemFree:         1232476 kB
MemAvailable:    1484600 kB
Buffers:           32156 kB
Cached:           349896 kB
MemTotal:        1844596 kB
MemFree:         1232456 kB
MemAvailable:    1484580 kB
Buffers:           32156 kB
Cached:           349896 kB
MemTotal:        1844596 kB
MemFree:         1232712 kB
MemAvailable:    1484836 kB
Buffers:           32156 kB
Cached:           349896 kB
MemTotal:        1844596 kB
MemFree:         1232600 kB
MemAvailable:    1484724 kB
Buffers:           32156 kB
Cached:           349896 kB
MemTotal:        1844596 kB
MemFree:         1232396 kB
MemAvailable:    1484520 kB
Buffers:           32156 kB
Cached:           349896 kB
MemTotal:        1844596 kB
MemFree:         1232352 kB
MemAvailable:    1484476 kB
Buffers:           32156 kB
Cached:           349896 kB
MemTotal:        1844596 kB
MemFree:         1232648 kB
MemAvailable:    1484772 kB
Buffers:           32156 kB
Cached:           349896 kB
MemTotal:        1844596 kB
MemFree:         1231464 kB
MemAvailable:    1483588 kB
Buffers:           32156 kB
Cached:           349896 kB
MemTotal:        1844596 kB
MemFree:         1232220 kB
MemAvailable:    1484344 kB
Buffers:           32156 kB
Cached:           349896 kB
MemTotal:        1844596 kB
MemFree:         1231988 kB
MemAvailable:    1484112 kB
Buffers:           32156 kB
Cached:           349896 kB
MemTotal:        1844596 kB
MemFree:         1227260 kB
MemAvailable:    1479384 kB
Buffers:           32156 kB
Cached:           349896 kB
MemTotal:        1844596 kB
MemFree:         1227152 kB
MemAvailable:    1479276 kB
Buffers:           32156 kB
Cached:           349896 kB
MemTotal:        1844596 kB
MemFree:         1223176 kB
MemAvailable:    1475300 kB
Buffers:           32156 kB
Cached:           349896 kB
MemTotal:        1844596 kB
MemFree:         1221624 kB
MemAvailable:    1473748 kB
Buffers:           32156 kB
Cached:           349896 kB
MemTotal:        1844596 kB
MemFree:         1217092 kB
MemAvailable:    1469216 kB
Buffers:           32156 kB
Cached:           349896 kB
MemTotal:        1844596 kB
MemFree:         1217092 kB
MemAvailable:    1469216 kB
Buffers:           32156 kB
Cached:           349896 kB
MemTotal:        1844596 kB
MemFree:         1214852 kB
MemAvailable:    1466976 kB
Buffers:           32156 kB
Cached:           349896 kB
MemTotal:        1844596 kB
MemFree:         1215188 kB
MemAvailable:    1467312 kB
Buffers:           32156 kB
Cached:           349896 kB
MemTotal:        1844596 kB
MemFree:         1214720 kB
MemAvailable:    1466844 kB
Buffers:           32156 kB
Cached:           349896 kB
MemTotal:        1844596 kB
MemFree:         1214804 kB
MemAvailable:    1466928 kB
Buffers:           32156 kB
Cached:           349896 kB
MemTotal:        1844596 kB
MemFree:         1214676 kB
MemAvailable:    1466800 kB
Buffers:           32156 kB
Cached:           349896 kB
MemTotal:        1844596 kB
MemFree:         1214676 kB
MemAvailable:    1466800 kB
Buffers:           32156 kB
Cached:           349896 kB
MemTotal:        1844596 kB
MemFree:         1214664 kB
MemAvailable:    1466788 kB
Buffers:           32156 kB
Cached:           349896 kB
MemTotal:        1844596 kB
MemFree:         1213496 kB
MemAvailable:    1465620 kB
Buffers:           32156 kB
Cached:           349896 kB
MemTotal:        1844596 kB
MemFree:         1214680 kB
MemAvailable:    1466804 kB
Buffers:           32156 kB
Cached:           349896 kB
MemTotal:        1844596 kB
MemFree:         1214356 kB
MemAvailable:    1466480 kB
Buffers:           32156 kB
Cached:           349896 kB
MemTotal:        1844596 kB
MemFree:         1214356 kB
MemAvailable:    1466480 kB
Buffers:           32156 kB
Cached:           349896 kB
MemTotal:        1844596 kB
MemFree:         1214172 kB
MemAvailable:    1466296 kB
Buffers:           32156 kB
Cached:           349896 kB
MemTotal:        1844596 kB
MemFree:         1214424 kB
MemAvailable:    1466548 kB
Buffers:           32156 kB
Cached:           349896 kB
MemTotal:        1844596 kB
MemFree:         1214220 kB
MemAvailable:    1466344 kB
Buffers:           32156 kB
Cached:           349896 kB
MemTotal:        1844596 kB
MemFree:         1214556 kB
MemAvailable:    1466680 kB
Buffers:           32156 kB
Cached:           349896 kB
MemTotal:        1844596 kB
MemFree:         1213064 kB
MemAvailable:    1465188 kB
Buffers:           32156 kB
Cached:           349896 kB
MemTotal:        1844596 kB
MemFree:         1214296 kB
MemAvailable:    1466420 kB
Buffers:           32156 kB
Cached:           349896 kB
MemTotal:        1844596 kB
MemFree:         1214472 kB
MemAvailable:    1466596 kB
Buffers:           32156 kB
Cached:           349896 kB
MemTotal:        1844596 kB
MemFree:         1214464 kB
MemAvailable:    1466588 kB
Buffers:           32156 kB
Cached:           349896 kB
MemTotal:        1844596 kB
MemFree:         1214176 kB
MemAvailable:    1466300 kB
Buffers:           32156 kB
Cached:           349896 kB
MemTotal:        1844596 kB
MemFree:         1213096 kB
MemAvailable:    1465220 kB
Buffers:           32156 kB
Cached:           349896 kB
MemTotal:        1844596 kB
MemFree:         1213468 kB
MemAvailable:    1465592 kB
Buffers:           32156 kB
Cached:           349896 kB
MemTotal:        1844596 kB
MemFree:         1214476 kB
MemAvailable:    1466600 kB
Buffers:           32156 kB
Cached:           349896 kB
MemTotal:        1844596 kB
MemFree:         1214412 kB
MemAvailable:    1466536 kB
Buffers:           32156 kB
Cached:           349896 kB
MemTotal:        1844596 kB
MemFree:         1214364 kB
MemAvailable:    1466488 kB
Buffers:           32156 kB
Cached:           349896 kB
MemTotal:        1844596 kB
MemFree:         1214160 kB
MemAvailable:    1466284 kB
Buffers:           32156 kB
Cached:           349896 kB
MemTotal:        1844596 kB
MemFree:         1213820 kB
MemAvailable:    1465944 kB
Buffers:           32156 kB
Cached:           349896 kB
MemTotal:        1844596 kB
MemFree:         1214620 kB
MemAvailable:    1466744 kB
Buffers:           32156 kB
Cached:           349896 kB
MemTotal:        1844596 kB
MemFree:         1213504 kB
MemAvailable:    1465628 kB
Buffers:           32156 kB
Cached:           349896 kB
MemTotal:        1844596 kB
MemFree:         1214620 kB
MemAvailable:    1466744 kB
Buffers:           32156 kB
Cached:           349896 kB
MemTotal:        1844596 kB
MemFree:         1213752 kB
MemAvailable:    1465876 kB
Buffers:           32156 kB
Cached:           349896 kB
MemTotal:        1844596 kB
MemFree:         1214236 kB
MemAvailable:    1466360 kB
Buffers:           32156 kB
Cached:           349896 kB
MemTotal:        1844596 kB
MemFree:         1213132 kB
MemAvailable:    1465256 kB
Buffers:           32156 kB
Cached:           349896 kB
MemTotal:        1844596 kB
MemFree:         1214308 kB
MemAvailable:    1466432 kB
Buffers:           32156 kB
Cached:           349896 kB
MemTotal:        1844596 kB
MemFree:         1213504 kB
MemAvailable:    1465628 kB
Buffers:           32156 kB
Cached:           349896 kB
MemTotal:        1844596 kB
MemFree:         1214180 kB
MemAvailable:    1466304 kB
Buffers:           32156 kB
Cached:           349896 kB
MemTotal:        1844596 kB
MemFree:         1214432 kB
MemAvailable:    1466556 kB
Buffers:           32156 kB
Cached:           349896 kB
MemTotal:        1844596 kB
MemFree:         1213316 kB
MemAvailable:    1465440 kB
Buffers:           32156 kB
Cached:           349896 kB
MemTotal:        1844596 kB
MemFree:         1208660 kB
MemAvailable:    1460784 kB
Buffers:           32156 kB
Cached:           349896 kB
MemTotal:        1844596 kB
MemFree:         1205568 kB
MemAvailable:    1457692 kB
Buffers:           32156 kB
Cached:           349896 kB
MemTotal:        1844596 kB
MemFree:         1200476 kB
MemAvailable:    1452600 kB
Buffers:           32156 kB
Cached:           349896 kB
MemTotal:        1844596 kB
MemFree:         1199748 kB
MemAvailable:    1451872 kB
Buffers:           32156 kB
Cached:           349896 kB
MemTotal:        1844596 kB
MemFree:         1197012 kB
MemAvailable:    1449136 kB
Buffers:           32156 kB
Cached:           349896 kB
MemTotal:        1844596 kB
MemFree:         1197004 kB
MemAvailable:    1449128 kB
Buffers:           32156 kB
Cached:           349896 kB
MemTotal:        1844596 kB
MemFree:         1196996 kB
MemAvailable:    1449120 kB
Buffers:           32156 kB
Cached:           349896 kB
MemTotal:        1844596 kB
MemFree:         1195392 kB
MemAvailable:    1447524 kB
Buffers:           32156 kB
Cached:           349904 kB
MemTotal:        1844596 kB
MemFree:         1196824 kB
MemAvailable:    1448956 kB
Buffers:           32156 kB
Cached:           349904 kB
MemTotal:        1844596 kB
MemFree:         1195772 kB
MemAvailable:    1447904 kB
Buffers:           32156 kB
Cached:           349904 kB
MemTotal:        1844596 kB
MemFree:         1196888 kB
MemAvailable:    1449020 kB
Buffers:           32156 kB
Cached:           349904 kB
MemTotal:        1844596 kB
MemFree:         1195648 kB
MemAvailable:    1447780 kB
Buffers:           32156 kB
Cached:           349904 kB
MemTotal:        1844596 kB
MemFree:         1196716 kB
MemAvailable:    1448848 kB
Buffers:           32156 kB
Cached:           349904 kB
MemTotal:        1844596 kB
MemFree:         1196972 kB
MemAvailable:    1449104 kB
Buffers:           32156 kB
Cached:           349904 kB
MemTotal:        1844596 kB
MemFree:         1196756 kB
MemAvailable:    1448888 kB
Buffers:           32156 kB
Cached:           349904 kB
MemTotal:        1844596 kB
MemFree:         1196772 kB
MemAvailable:    1448904 kB
Buffers:           32156 kB
Cached:           349904 kB
MemTotal:        1844596 kB
MemFree:         1196948 kB
MemAvailable:    1449080 kB
Buffers:           32156 kB
Cached:           349904 kB
MemTotal:        1844596 kB
MemFree:         1196776 kB
MemAvailable:    1448908 kB
Buffers:           32156 kB
Cached:           349904 kB
MemTotal:        1844596 kB
MemFree:         1196020 kB
MemAvailable:    1448152 kB
Buffers:           32156 kB
Cached:           349904 kB
MemTotal:        1844596 kB
MemFree:         1196612 kB
MemAvailable:    1448744 kB
Buffers:           32156 kB
Cached:           349904 kB
MemTotal:        1844596 kB
MemFree:         1196696 kB
MemAvailable:    1448828 kB
Buffers:           32160 kB
Cached:           349900 kB
MemTotal:        1844596 kB
MemFree:         1195620 kB
MemAvailable:    1447752 kB
Buffers:           32164 kB
Cached:           349896 kB
MemTotal:        1844596 kB
MemFree:         1196744 kB
MemAvailable:    1448876 kB
Buffers:           32164 kB
Cached:           349896 kB
MemTotal:        1844596 kB
MemFree:         1195324 kB
MemAvailable:    1447456 kB
Buffers:           32164 kB
Cached:           349896 kB
MemTotal:        1844596 kB
MemFree:         1196756 kB
MemAvailable:    1448888 kB
Buffers:           32164 kB
Cached:           349896 kB
MemTotal:        1844596 kB
MemFree:         1196668 kB
MemAvailable:    1448800 kB
Buffers:           32164 kB
Cached:           349896 kB
MemTotal:        1844596 kB
MemFree:         1195028 kB
MemAvailable:    1447160 kB
Buffers:           32164 kB
Cached:           349896 kB
MemTotal:        1844596 kB
MemFree:         1196072 kB
MemAvailable:    1448204 kB
Buffers:           32164 kB
Cached:           349896 kB
MemTotal:        1844596 kB
MemFree:         1194640 kB
MemAvailable:    1446772 kB
Buffers:           32164 kB
Cached:           349896 kB
MemTotal:        1844596 kB
MemFree:         1195740 kB
MemAvailable:    1447872 kB
Buffers:           32164 kB
Cached:           349896 kB
MemTotal:        1844596 kB
MemFree:         1195824 kB
MemAvailable:    1447956 kB
Buffers:           32164 kB
Cached:           349896 kB
MemTotal:        1844596 kB
MemFree:         1195776 kB
MemAvailable:    1447908 kB
Buffers:           32164 kB
Cached:           349896 kB
MemTotal:        1844596 kB
MemFree:         1195520 kB
MemAvailable:    1447652 kB
Buffers:           32164 kB
Cached:           349896 kB
MemTotal:        1844596 kB
MemFree:         1194160 kB
MemAvailable:    1446292 kB
Buffers:           32164 kB
Cached:           349896 kB
MemTotal:        1844596 kB
MemFree:         1192044 kB
MemAvailable:    1444176 kB
Buffers:           32164 kB
Cached:           349896 kB
MemTotal:        1844596 kB
MemFree:         1192044 kB
MemAvailable:    1444176 kB
Buffers:           32164 kB
Cached:           349896 kB
MemTotal:        1844596 kB
MemFree:         1187952 kB
MemAvailable:    1440084 kB
Buffers:           32164 kB
Cached:           349896 kB
MemTotal:        1844596 kB
MemFree:         1185664 kB
MemAvailable:    1437796 kB
Buffers:           32164 kB
Cached:           349896 kB
MemTotal:        1844596 kB
MemFree:         1182752 kB
MemAvailable:    1434884 kB
Buffers:           32164 kB
Cached:           349896 kB
MemTotal:        1844596 kB
MemFree:         1180456 kB
MemAvailable:    1432588 kB
Buffers:           32164 kB
Cached:           349896 kB
MemTotal:        1844596 kB
MemFree:         1177916 kB
MemAvailable:    1430048 kB
Buffers:           32164 kB
Cached:           349896 kB
MemTotal:        1844596 kB
MemFree:         1176240 kB
MemAvailable:    1428380 kB
Buffers:           32164 kB
Cached:           349904 kB
MemTotal:        1844596 kB
MemFree:         1172956 kB
MemAvailable:    1425096 kB
Buffers:           32164 kB
Cached:           349904 kB
MemTotal:        1844596 kB
MemFree:         1171584 kB
MemAvailable:    1423724 kB
Buffers:           32164 kB
Cached:           349904 kB
MemTotal:        1844596 kB
MemFree:         1171584 kB
MemAvailable:    1423724 kB
Buffers:           32164 kB
Cached:           349904 kB
MemTotal:        1844596 kB
MemFree:         1167608 kB
MemAvailable:    1419748 kB
Buffers:           32164 kB
Cached:           349904 kB
MemTotal:        1844596 kB
MemFree:         1167500 kB
MemAvailable:    1419640 kB
Buffers:           32164 kB
Cached:           349904 kB
MemTotal:        1844596 kB
MemFree:         1165136 kB
MemAvailable:    1417276 kB
Buffers:           32164 kB
Cached:           349904 kB
MemTotal:        1844596 kB
MemFree:         1164888 kB
MemAvailable:    1417028 kB
Buffers:           32164 kB
Cached:           349904 kB
MemTotal:        1844596 kB
MemFree:         1165136 kB
MemAvailable:    1417284 kB
Buffers:           32164 kB
Cached:           349912 kB
MemTotal:        1844596 kB
MemFree:         1164772 kB
MemAvailable:    1416920 kB
Buffers:           32164 kB
Cached:           349912 kB
MemTotal:        1844596 kB
MemFree:         1164700 kB
MemAvailable:    1416848 kB
Buffers:           32164 kB
Cached:           349912 kB
MemTotal:        1844596 kB
MemFree:         1164868 kB
MemAvailable:    1417016 kB
Buffers:           32164 kB
Cached:           349912 kB
MemTotal:        1844596 kB
MemFree:         1163592 kB
MemAvailable:    1415740 kB
Buffers:           32164 kB
Cached:           349912 kB
MemTotal:        1844596 kB
MemFree:         1164900 kB
MemAvailable:    1417048 kB
Buffers:           32164 kB
Cached:           349912 kB
MemTotal:        1844596 kB
MemFree:         1164840 kB
MemAvailable:    1416988 kB
Buffers:           32164 kB
Cached:           349912 kB
MemTotal:        1844596 kB
MemFree:         1163848 kB
MemAvailable:    1415996 kB
Buffers:           32164 kB
Cached:           349912 kB
MemTotal:        1844596 kB
MemFree:         1163840 kB
MemAvailable:    1415988 kB
Buffers:           32164 kB
Cached:           349912 kB
MemTotal:        1844596 kB
MemFree:         1164088 kB
MemAvailable:    1416236 kB
Buffers:           32164 kB
Cached:           349912 kB
MemTotal:        1844596 kB
MemFree:         1163764 kB
MemAvailable:    1415912 kB
Buffers:           32164 kB
Cached:           349912 kB
MemTotal:        1844596 kB
MemFree:         1163532 kB
MemAvailable:    1415680 kB
Buffers:           32164 kB
Cached:           349912 kB
MemTotal:        1844596 kB
MemFree:         1163828 kB
MemAvailable:    1415976 kB
Buffers:           32164 kB
Cached:           349912 kB
MemTotal:        1844596 kB
MemFree:         1163656 kB
MemAvailable:    1415804 kB
Buffers:           32164 kB
Cached:           349912 kB
MemTotal:        1844596 kB
MemFree:         1163036 kB
MemAvailable:    1415184 kB
Buffers:           32164 kB
Cached:           349912 kB
MemTotal:        1844596 kB
MemFree:         1163896 kB
MemAvailable:    1416044 kB
Buffers:           32164 kB
Cached:           349912 kB
MemTotal:        1844596 kB
MemFree:         1163268 kB
MemAvailable:    1415416 kB
Buffers:           32164 kB
Cached:           349912 kB
MemTotal:        1844596 kB
MemFree:         1163352 kB
MemAvailable:    1415500 kB
Buffers:           32164 kB
Cached:           349912 kB
MemTotal:        1844596 kB
MemFree:         1162024 kB
MemAvailable:    1414172 kB
Buffers:           32164 kB
Cached:           349912 kB
MemTotal:        1844596 kB
MemFree:         1162024 kB
MemAvailable:    1414172 kB
Buffers:           32164 kB
Cached:           349912 kB
MemTotal:        1844596 kB
MemFree:         1162772 kB
MemAvailable:    1414920 kB
Buffers:           32164 kB
Cached:           349912 kB
MemTotal:        1844596 kB
MemFree:         1163108 kB
MemAvailable:    1415256 kB
Buffers:           32164 kB
Cached:           349912 kB
MemTotal:        1844596 kB
MemFree:         1162292 kB
MemAvailable:    1414440 kB
Buffers:           32164 kB
Cached:           349912 kB
MemTotal:        1844596 kB
MemFree:         1160912 kB
MemAvailable:    1413060 kB
Buffers:           32164 kB
Cached:           349912 kB
MemTotal:        1844596 kB
MemFree:         1161796 kB
MemAvailable:    1413944 kB
Buffers:           32164 kB
Cached:           349912 kB
MemTotal:        1844596 kB
MemFree:         1159936 kB
MemAvailable:    1412084 kB
Buffers:           32164 kB
Cached:           349912 kB
MemTotal:        1844596 kB
MemFree:         1159556 kB
MemAvailable:    1411704 kB
Buffers:           32164 kB
Cached:           349912 kB
MemTotal:        1844596 kB
MemFree:         1160988 kB
MemAvailable:    1413136 kB
Buffers:           32164 kB
Cached:           349912 kB
MemTotal:        1844596 kB
MemFree:         1160532 kB
MemAvailable:    1412680 kB
Buffers:           32164 kB
Cached:           349912 kB
MemTotal:        1844596 kB
MemFree:         1160616 kB
MemAvailable:    1412764 kB
Buffers:           32164 kB
Cached:           349912 kB
MemTotal:        1844596 kB
MemFree:         1160496 kB
MemAvailable:    1412644 kB
Buffers:           32164 kB
Cached:           349912 kB
MemTotal:        1844596 kB
MemFree:         1160868 kB
MemAvailable:    1413016 kB
Buffers:           32164 kB
Cached:           349912 kB
MemTotal:        1844596 kB
MemFree:         1160620 kB
MemAvailable:    1412768 kB
Buffers:           32164 kB
Cached:           349912 kB
MemTotal:        1844596 kB
MemFree:         1160488 kB
MemAvailable:    1412636 kB
Buffers:           32164 kB
Cached:           349912 kB
MemTotal:        1844596 kB
MemFree:         1159392 kB
MemAvailable:    1411540 kB
Buffers:           32164 kB
Cached:           349912 kB
MemTotal:        1844596 kB
MemFree:         1160640 kB
MemAvailable:    1412788 kB
Buffers:           32164 kB
Cached:           349912 kB
MemTotal:        1844596 kB
MemFree:         1159524 kB
MemAvailable:    1411672 kB
Buffers:           32164 kB
Cached:           349912 kB
MemTotal:        1844596 kB
MemFree:         1160824 kB
MemAvailable:    1412976 kB
Buffers:           32164 kB
Cached:           349916 kB
MemTotal:        1844596 kB
MemFree:         1160948 kB
MemAvailable:    1413100 kB
Buffers:           32164 kB
Cached:           349916 kB
MemTotal:        1844596 kB
MemFree:         1160840 kB
MemAvailable:    1412992 kB
Buffers:           32164 kB
Cached:           349916 kB
MemTotal:        1844596 kB
MemFree:         1159812 kB
MemAvailable:    1411964 kB
Buffers:           32164 kB
Cached:           349916 kB
MemTotal:        1844596 kB
MemFree:         1160988 kB
MemAvailable:    1413140 kB
Buffers:           32164 kB
Cached:           349916 kB
MemTotal:        1844596 kB
MemFree:         1160856 kB
MemAvailable:    1413008 kB
Buffers:           32164 kB
Cached:           349916 kB
MemTotal:        1844596 kB
MemFree:         1159548 kB
MemAvailable:    1411700 kB
Buffers:           32164 kB
Cached:           349916 kB
MemTotal:        1844596 kB
MemFree:         1160712 kB
MemAvailable:    1412864 kB
Buffers:           32164 kB
Cached:           349916 kB
MemTotal:        1844596 kB
MemFree:         1160672 kB
MemAvailable:    1412824 kB
Buffers:           32164 kB
Cached:           349916 kB
MemTotal:        1844596 kB
MemFree:         1159812 kB
MemAvailable:    1411964 kB
Buffers:           32164 kB
Cached:           349916 kB
MemTotal:        1844596 kB
MemFree:         1160928 kB
MemAvailable:    1413080 kB
Buffers:           32164 kB
Cached:           349916 kB
MemTotal:        1844596 kB
MemFree:         1160988 kB
MemAvailable:    1413140 kB
Buffers:           32164 kB
Cached:           349916 kB
MemTotal:        1844596 kB
MemFree:         1159680 kB
MemAvailable:    1411832 kB
Buffers:           32164 kB
Cached:           349916 kB
MemTotal:        1844596 kB
MemFree:         1160856 kB
MemAvailable:    1413008 kB
Buffers:           32164 kB
Cached:           349916 kB
MemTotal:        1844596 kB
MemFree:         1160864 kB
MemAvailable:    1413016 kB
Buffers:           32164 kB
Cached:           349916 kB
MemTotal:        1844596 kB
MemFree:         1159432 kB
MemAvailable:    1411584 kB
Buffers:           32164 kB
Cached:           349916 kB
MemTotal:        1844596 kB
MemFree:         1160732 kB
MemAvailable:    1412884 kB
Buffers:           32164 kB
Cached:           349916 kB
MemTotal:        1844596 kB
MemFree:         1159556 kB
MemAvailable:    1411708 kB
Buffers:           32164 kB
Cached:           349916 kB
MemTotal:        1844596 kB
MemFree:         1159796 kB
MemAvailable:    1411948 kB
Buffers:           32164 kB
Cached:           349916 kB
MemTotal:        1844596 kB
MemFree:         1160656 kB
MemAvailable:    1412808 kB
Buffers:           32164 kB
Cached:           349916 kB
MemTotal:        1844596 kB
MemFree:         1160992 kB
MemAvailable:    1413144 kB
Buffers:           32164 kB
Cached:           349916 kB
MemTotal:        1844596 kB
MemFree:         1159416 kB
MemAvailable:    1411568 kB
Buffers:           32164 kB
Cached:           349916 kB
MemTotal:        1844596 kB
MemFree:         1159548 kB
MemAvailable:    1411700 kB
Buffers:           32164 kB
Cached:           349916 kB
MemTotal:        1844596 kB
MemFree:         1159672 kB
MemAvailable:    1411824 kB
Buffers:           32164 kB
Cached:           349916 kB
MemTotal:        1844596 kB
MemFree:         1160804 kB
MemAvailable:    1412956 kB
Buffers:           32164 kB
Cached:           349916 kB
MemTotal:        1844596 kB
MemFree:         1159432 kB
MemAvailable:    1411584 kB
Buffers:           32164 kB
Cached:           349916 kB
MemTotal:        1844596 kB
MemFree:         1159424 kB
MemAvailable:    1411576 kB
Buffers:           32164 kB
Cached:           349916 kB
MemTotal:        1844596 kB
MemFree:         1160368 kB
MemAvailable:    1412520 kB
Buffers:           32164 kB
Cached:           349916 kB
MemTotal:        1844596 kB
MemFree:         1156712 kB
MemAvailable:    1408864 kB
Buffers:           32164 kB
Cached:           349916 kB
MemTotal:        1844596 kB
MemFree:         1157944 kB
MemAvailable:    1410096 kB
Buffers:           32164 kB
Cached:           349916 kB
MemTotal:        1844596 kB
MemFree:         1154540 kB
MemAvailable:    1406692 kB
Buffers:           32164 kB
Cached:           349916 kB
MemTotal:        1844596 kB
MemFree:         1154292 kB
MemAvailable:    1406444 kB
Buffers:           32164 kB
Cached:           349916 kB
MemTotal:        1844596 kB
MemFree:         1152852 kB
MemAvailable:    1405004 kB
Buffers:           32164 kB
Cached:           349916 kB
MemTotal:        1844596 kB
MemFree:         1154084 kB
MemAvailable:    1406236 kB
Buffers:           32164 kB
Cached:           349916 kB
MemTotal:        1844596 kB
MemFree:         1152596 kB
MemAvailable:    1404748 kB
Buffers:           32164 kB
Cached:           349916 kB
MemTotal:        1844596 kB
MemFree:         1154028 kB
MemAvailable:    1406180 kB
Buffers:           32164 kB
Cached:           349916 kB
MemTotal:        1844596 kB
MemFree:         1153920 kB
MemAvailable:    1406072 kB
Buffers:           32164 kB
Cached:           349916 kB
MemTotal:        1844596 kB
MemFree:         1153692 kB
MemAvailable:    1405844 kB
Buffers:           32164 kB
Cached:           349916 kB
MemTotal:        1844596 kB
MemFree:         1154028 kB
MemAvailable:    1406180 kB
Buffers:           32164 kB
Cached:           349916 kB
MemTotal:        1844596 kB
MemFree:         1153812 kB
MemAvailable:    1405964 kB
Buffers:           32164 kB
Cached:           349916 kB
MemTotal:        1844596 kB
MemFree:         1154064 kB
MemAvailable:    1406216 kB
Buffers:           32164 kB
Cached:           349916 kB
MemTotal:        1844596 kB
MemFree:         1153832 kB
MemAvailable:    1405984 kB
Buffers:           32164 kB
Cached:           349916 kB
MemTotal:        1844596 kB
MemFree:         1154084 kB
MemAvailable:    1406236 kB
Buffers:           32164 kB
Cached:           349916 kB
MemTotal:        1844596 kB
MemFree:         1153672 kB
MemAvailable:    1405824 kB
Buffers:           32164 kB
Cached:           350040 kB
MemTotal:        1844596 kB
MemFree:         1153928 kB
MemAvailable:    1406164 kB
Buffers:           32164 kB
Cached:           350040 kB
MemTotal:        1844596 kB
MemFree:         1153732 kB
MemAvailable:    1406136 kB
Buffers:           32164 kB
Cached:           350288 kB
MemTotal:        1844596 kB
MemFree:         1153608 kB
MemAvailable:    1406096 kB
Buffers:           32164 kB
Cached:           350288 kB
MemTotal:        1844596 kB
MemFree:         1152168 kB
MemAvailable:    1404740 kB
Buffers:           32164 kB
Cached:           350412 kB
MemTotal:        1844596 kB
MemFree:         1152240 kB
MemAvailable:    1404896 kB
Buffers:           32164 kB
Cached:           350412 kB
MemTotal:        1844596 kB
MemFree:         1153100 kB
MemAvailable:    1405840 kB
Buffers:           32164 kB
Cached:           350536 kB
MemTotal:        1844596 kB
MemFree:         1153184 kB
MemAvailable:    1405924 kB
Buffers:           32164 kB
Cached:           350536 kB
MemTotal:        1844596 kB
MemFree:         1153248 kB
MemAvailable:    1405988 kB
Buffers:           32164 kB
Cached:           350536 kB
MemTotal:        1844596 kB
MemFree:         1153176 kB
MemAvailable:    1405916 kB
Buffers:           32164 kB
Cached:           350536 kB
MemTotal:        1844596 kB
MemFree:         1153176 kB
MemAvailable:    1405916 kB
Buffers:           32164 kB
Cached:           350536 kB
MemTotal:        1844596 kB
MemFree:         1153232 kB
MemAvailable:    1405972 kB
Buffers:           32164 kB
Cached:           350536 kB
MemTotal:        1844596 kB
MemFree:         1153232 kB
MemAvailable:    1405972 kB
Buffers:           32164 kB
Cached:           350536 kB
MemTotal:        1844596 kB
MemFree:         1152992 kB
MemAvailable:    1405732 kB
Buffers:           32164 kB
Cached:           350536 kB
MemTotal:        1844596 kB
MemFree:         1153028 kB
MemAvailable:    1405852 kB
Buffers:           32164 kB
Cached:           350660 kB
MemTotal:        1844596 kB
MemFree:         1153200 kB
MemAvailable:    1406024 kB
Buffers:           32164 kB
Cached:           350660 kB
MemTotal:        1844596 kB
MemFree:         1152596 kB
MemAvailable:    1404748 kB
Buffers:           32164 kB
Cached:           349944 kB
MemTotal:        1844596 kB
MemFree:         1153772 kB
MemAvailable:    1405924 kB
Buffers:           32164 kB
Cached:           349944 kB
MemTotal:        1844596 kB
MemFree:         1302472 kB
MemAvailable:    1554708 kB
Buffers:           32164 kB
Cached:           349944 kB
