MemTotal:        1844596 kB
MemFree:         1297936 kB
MemAvailable:    1597560 kB
Buffers:           38516 kB
Cached:           391760 kB
MemTotal:        1844596 kB
MemFree:         1271004 kB
MemAvailable:    1570632 kB
Buffers:           38516 kB
Cached:           391764 kB
MemTotal:        1844596 kB
MemFree:         1270428 kB
MemAvailable:    1570056 kB
Buffers:           38516 kB
Cached:           391764 kB
MemTotal:        1844596 kB
MemFree:         1270012 kB
MemAvailable:    1569640 kB
Buffers:           38516 kB
Cached:           391764 kB
MemTotal:        1844596 kB
MemFree:         1268336 kB
MemAvailable:    1567964 kB
Buffers:           38516 kB
Cached:           391764 kB
MemTotal:        1844596 kB
MemFree:         1266972 kB
MemAvailable:    1566600 kB
Buffers:           38516 kB
Cached:           391764 kB
MemTotal:        1844596 kB
MemFree:         1266400 kB
MemAvailable:    1566028 kB
Buffers:           38516 kB
Cached:           391764 kB
MemTotal:        1844596 kB
MemFree:         1266400 kB
MemAvailable:    1566028 kB
Buffers:           38516 kB
Cached:           391764 kB
MemTotal:        1844596 kB
MemFree:         1263624 kB
MemAvailable:    1563252 kB
Buffers:           38516 kB
Cached:           391764 kB
MemTotal:        1844596 kB
MemFree:         1260092 kB
MemAvailable:    1559720 kB
Buffers:           38516 kB
Cached:           391764 kB
MemTotal:        1844596 kB
MemFree:         1257736 kB
MemAvailable:    1557364 kB
Buffers:           38516 kB
Cached:           391764 kB
MemTotal:        1844596 kB
MemFree:         1255592 kB
MemAvailable:    1555220 kB
Buffers:           38516 kB
Cached:           391764 kB
MemTotal:        1844596 kB
MemFree:         1257160 kB
MemAvailable:    1556788 kB
Buffers:           38516 kB
Cached:           391764 kB
MemTotal:        1844596 kB
MemFree:         1257240 kB
MemAvailable:    1556868 kB
Buffers:           38516 kB
Cached:           391764 kB
MemTotal:        1844596 kB
MemFree:         1257036 kB
MemAvailable:    1556664 kB
Buffers:           38516 kB
Cached:           391764 kB
MemTotal:        1844596 kB
MemFree:         1255876 kB
MemAvailable:    1555504 kB
Buffers:           38516 kB
Cached:           391764 kB
MemTotal:        1844596 kB
MemFree:         1256852 kB
MemAvailable:    1556480 kB
Buffers:           38516 kB
Cached:           391764 kB
MemTotal:        1844596 kB
MemFree:         1255876 kB
MemAvailable:    1555504 kB
Buffers:           38516 kB
Cached:           391764 kB
MemTotal:        1844596 kB
MemFree:         1256336 kB
MemAvailable:    1555964 kB
Buffers:           38516 kB
Cached:           391764 kB
MemTotal:        1844596 kB
MemFree:         1256124 kB
MemAvailable:    1555752 kB
Buffers:           38516 kB
Cached:           391764 kB
MemTotal:        1844596 kB
MemFree:         1254984 kB
MemAvailable:    1554612 kB
Buffers:           38516 kB
Cached:           391764 kB
MemTotal:        1844596 kB
MemFree:         1255116 kB
MemAvailable:    1554744 kB
Buffers:           38516 kB
Cached:           391764 kB
MemTotal:        1844596 kB
MemFree:         1255488 kB
MemAvailable:    1555116 kB
Buffers:           38516 kB
Cached:           391764 kB
MemTotal:        1844596 kB
MemFree:         1255132 kB
MemAvailable:    1554760 kB
Buffers:           38516 kB
Cached:           391764 kB
MemTotal:        1844596 kB
MemFree:         1255812 kB
MemAvailable:    1555440 kB
Buffers:           38516 kB
Cached:           391764 kB
MemTotal:        1844596 kB
MemFree:         1254504 kB
MemAvailable:    1554132 kB
Buffers:           38516 kB
Cached:           391764 kB
MemTotal:        1844596 kB
MemFree:         1255500 kB
MemAvailable:    1555128 kB
Buffers:           38516 kB
Cached:           391764 kB
MemTotal:        1844596 kB
MemFree:         1254264 kB
MemAvailable:    1553892 kB
Buffers:           38516 kB
Cached:           391764 kB
MemTotal:        1844596 kB
MemFree:         1255440 kB
MemAvailable:    1555068 kB
Buffers:           38516 kB
Cached:           391764 kB
MemTotal:        1844596 kB
MemFree:         1253892 kB
MemAvailable:    1553520 kB
Buffers:           38516 kB
Cached:           391764 kB
MemTotal:        1844596 kB
MemFree:         1254448 kB
MemAvailable:    1554076 kB
Buffers:           38516 kB
Cached:           391764 kB
MemTotal:        1844596 kB
MemFree:         1253768 kB
MemAvailable:    1553396 kB
Buffers:           38516 kB
Cached:           391764 kB
MemTotal:        1844596 kB
MemFree:         1253820 kB
MemAvailable:    1553448 kB
Buffers:           38516 kB
Cached:           391764 kB
MemTotal:        1844596 kB
MemFree:         1254072 kB
MemAvailable:    1553700 kB
Buffers:           38516 kB
Cached:           391764 kB
MemTotal:        1844596 kB
MemFree:         1253896 kB
MemAvailable:    1553524 kB
Buffers:           38516 kB
Cached:           391764 kB
MemTotal:        1844596 kB
MemFree:         1252596 kB
MemAvailable:    1552224 kB
Buffers:           38516 kB
Cached:           391764 kB
MemTotal:        1844596 kB
MemFree:         1253092 kB
MemAvailable:    1552720 kB
Buffers:           38516 kB
Cached:           391764 kB
MemTotal:        1844596 kB
MemFree:         1252968 kB
MemAvailable:    1552596 kB
Buffers:           38516 kB
Cached:           391764 kB
MemTotal:        1844596 kB
MemFree:         1252712 kB
MemAvailable:    1552340 kB
Buffers:           38516 kB
Cached:           391764 kB
MemTotal:        1844596 kB
MemFree:         1254636 kB
MemAvailable:    1554264 kB
Buffers:           38516 kB
Cached:           391764 kB
MemTotal:        1844596 kB
MemFree:         1255184 kB
MemAvailable:    1554812 kB
Buffers:           38516 kB
Cached:           391764 kB
MemTotal:        1844596 kB
MemFree:         1251776 kB
MemAvailable:    1551404 kB
Buffers:           38516 kB
Cached:           391764 kB
MemTotal:        1844596 kB
MemFree:         1249676 kB
MemAvailable:    1549304 kB
Buffers:           38516 kB
Cached:           391764 kB
MemTotal:        1844596 kB
MemFree:         1248924 kB
MemAvailable:    1548552 kB
Buffers:           38516 kB
Cached:           391764 kB
MemTotal:        1844596 kB
MemFree:         1250040 kB
MemAvailable:    1549668 kB
Buffers:           38516 kB
Cached:           391764 kB
MemTotal:        1844596 kB
MemFree:         1248932 kB
MemAvailable:    1548560 kB
Buffers:           38516 kB
Cached:           391764 kB
MemTotal:        1844596 kB
MemFree:         1249744 kB
MemAvailable:    1549376 kB
Buffers:           38516 kB
Cached:           391768 kB
MemTotal:        1844596 kB
MemFree:         1249912 kB
MemAvailable:    1549544 kB
Buffers:           38516 kB
Cached:           391768 kB
MemTotal:        1844596 kB
MemFree:         1249848 kB
MemAvailable:    1549480 kB
Buffers:           38516 kB
Cached:           391768 kB
MemTotal:        1844596 kB
MemFree:         1248664 kB
MemAvailable:    1548296 kB
Buffers:           38516 kB
Cached:           391768 kB
MemTotal:        1844596 kB
MemFree:         1248540 kB
MemAvailable:    1548172 kB
Buffers:           38516 kB
Cached:           391768 kB
MemTotal:        1844596 kB
MemFree:         1248408 kB
MemAvailable:    1548040 kB
Buffers:           38516 kB
Cached:           391768 kB
MemTotal:        1844596 kB
MemFree:         1249648 kB
MemAvailable:    1549280 kB
Buffers:           38516 kB
Cached:           391768 kB
MemTotal:        1844596 kB
MemFree:         1248400 kB
MemAvailable:    1548032 kB
Buffers:           38516 kB
Cached:           391768 kB
MemTotal:        1844596 kB
MemFree:         1248392 kB
MemAvailable:    1548024 kB
Buffers:           38516 kB
Cached:           391768 kB
MemTotal:        1844596 kB
MemFree:         1248272 kB
MemAvailable:    1547904 kB
Buffers:           38516 kB
Cached:           391768 kB
MemTotal:        1844596 kB
MemFree:         1248388 kB
MemAvailable:    1548020 kB
Buffers:           38516 kB
Cached:           391768 kB
MemTotal:        1844596 kB
MemFree:         1248380 kB
MemAvailable:    1548012 kB
Buffers:           38516 kB
Cached:           391768 kB
MemTotal:        1844596 kB
MemFree:         1244840 kB
MemAvailable:    1544472 kB
Buffers:           38516 kB
Cached:           391768 kB
MemTotal:        1844596 kB
MemFree:         1242600 kB
MemAvailable:    1542232 kB
Buffers:           38516 kB
Cached:           391768 kB
MemTotal:        1844596 kB
MemFree:         1244096 kB
MemAvailable:    1543728 kB
Buffers:           38516 kB
Cached:           391768 kB
MemTotal:        1844596 kB
MemFree:         1241980 kB
MemAvailable:    1541612 kB
Buffers:           38516 kB
Cached:           391768 kB
MemTotal:        1844596 kB
MemFree:         1243212 kB
MemAvailable:    1542844 kB
Buffers:           38516 kB
Cached:           391768 kB
MemTotal:        1844596 kB
MemFree:         1241492 kB
MemAvailable:    1541124 kB
Buffers:           38516 kB
Cached:           391768 kB
MemTotal:        1844596 kB
MemFree:         1239880 kB
MemAvailable:    1539512 kB
Buffers:           38516 kB
Cached:           391768 kB
MemTotal:        1844596 kB
MemFree:         1239748 kB
MemAvailable:    1539380 kB
Buffers:           38516 kB
Cached:           391768 kB
MemTotal:        1844596 kB
MemFree:         1241008 kB
MemAvailable:    1540640 kB
Buffers:           38516 kB
Cached:           391768 kB
MemTotal:        1844596 kB
MemFree:         1240856 kB
MemAvailable:    1540488 kB
Buffers:           38516 kB
Cached:           391768 kB
MemTotal:        1844596 kB
MemFree:         1239728 kB
MemAvailable:    1539360 kB
Buffers:           38516 kB
Cached:           391768 kB
MemTotal:        1844596 kB
MemFree:         1240960 kB
MemAvailable:    1540592 kB
Buffers:           38516 kB
Cached:           391768 kB
MemTotal:        1844596 kB
MemFree:         1239472 kB
MemAvailable:    1539104 kB
Buffers:           38516 kB
Cached:           391768 kB
MemTotal:        1844596 kB
MemFree:         1239348 kB
MemAvailable:    1538980 kB
Buffers:           38516 kB
Cached:           391768 kB
MemTotal:        1844596 kB
MemFree:         1239472 kB
MemAvailable:    1539104 kB
Buffers:           38516 kB
Cached:           391768 kB
MemTotal:        1844596 kB
MemFree:         1239472 kB
MemAvailable:    1539104 kB
Buffers:           38516 kB
Cached:           391768 kB
MemTotal:        1844596 kB
MemFree:         1239340 kB
MemAvailable:    1538972 kB
Buffers:           38516 kB
Cached:           391768 kB
MemTotal:        1844596 kB
MemFree:         1239632 kB
MemAvailable:    1539264 kB
Buffers:           38516 kB
Cached:           391768 kB
MemTotal:        1844596 kB
MemFree:         1240560 kB
MemAvailable:    1540192 kB
Buffers:           38516 kB
Cached:           391768 kB
MemTotal:        1844596 kB
MemFree:         1239252 kB
MemAvailable:    1538884 kB
Buffers:           38516 kB
Cached:           391768 kB
MemTotal:        1844596 kB
MemFree:         1239376 kB
MemAvailable:    1539008 kB
Buffers:           38516 kB
Cached:           391768 kB
MemTotal:        1844596 kB
MemFree:         1239336 kB
MemAvailable:    1538968 kB
Buffers:           38516 kB
Cached:           391768 kB
MemTotal:        1844596 kB
MemFree:         1240488 kB
MemAvailable:    1540120 kB
Buffers:           38516 kB
Cached:           391768 kB
MemTotal:        1844596 kB
MemFree:         1239376 kB
MemAvailable:    1539008 kB
Buffers:           38516 kB
Cached:           391768 kB
MemTotal:        1844596 kB
MemFree:         1240360 kB
MemAvailable:    1539996 kB
Buffers:           38516 kB
Cached:           391772 kB
MemTotal:        1844596 kB
MemFree:         1240500 kB
MemAvailable:    1540136 kB
Buffers:           38516 kB
Cached:           391772 kB
MemTotal:        1844596 kB
MemFree:         1240320 kB
MemAvailable:    1539956 kB
Buffers:           38516 kB
Cached:           391772 kB
MemTotal:        1844596 kB
MemFree:         1239072 kB
MemAvailable:    1538708 kB
Buffers:           38516 kB
Cached:           391772 kB
MemTotal:        1844596 kB
MemFree:         1237148 kB
MemAvailable:    1536784 kB
Buffers:           38516 kB
Cached:           391772 kB
MemTotal:        1844596 kB
MemFree:         1235548 kB
MemAvailable:    1535184 kB
Buffers:           38516 kB
Cached:           391772 kB
MemTotal:        1844596 kB
MemFree:         1232052 kB
MemAvailable:    1531688 kB
Buffers:           38516 kB
Cached:           391772 kB
MemTotal:        1844596 kB
MemFree:         1231696 kB
MemAvailable:    1531332 kB
Buffers:           38516 kB
Cached:           391772 kB
MemTotal:        1844596 kB
MemFree:         1230940 kB
MemAvailable:    1530576 kB
Buffers:           38516 kB
Cached:           391772 kB
MemTotal:        1844596 kB
MemFree:         1232048 kB
MemAvailable:    1531684 kB
Buffers:           38516 kB
Cached:           391772 kB
MemTotal:        1844596 kB
MemFree:         1232300 kB
MemAvailable:    1531936 kB
Buffers:           38516 kB
Cached:           391772 kB
MemTotal:        1844596 kB
MemFree:         1231936 kB
MemAvailable:    1531572 kB
Buffers:           38516 kB
Cached:           391772 kB
MemTotal:        1844596 kB
MemFree:         1231864 kB
MemAvailable:    1531500 kB
Buffers:           38516 kB
Cached:           391772 kB
MemTotal:        1844596 kB
MemFree:         1230696 kB
MemAvailable:    1530332 kB
Buffers:           38516 kB
Cached:           391772 kB
MemTotal:        1844596 kB
MemFree:         1231516 kB
MemAvailable:    1531156 kB
Buffers:           38516 kB
Cached:           391776 kB
MemTotal:        1844596 kB
MemFree:         1231244 kB
MemAvailable:    1530884 kB
Buffers:           38516 kB
Cached:           391776 kB
MemTotal:        1844596 kB
MemFree:         1230324 kB
MemAvailable:    1529964 kB
Buffers:           38516 kB
Cached:           391776 kB
MemTotal:        1844596 kB
MemFree:         1230536 kB
MemAvailable:    1530176 kB
Buffers:           38516 kB
Cached:           391776 kB
MemTotal:        1844596 kB
MemFree:         1231760 kB
MemAvailable:    1531400 kB
Buffers:           38516 kB
Cached:           391776 kB
MemTotal:        1844596 kB
MemFree:         1231812 kB
MemAvailable:    1531452 kB
Buffers:           38516 kB
Cached:           391776 kB
MemTotal:        1844596 kB
MemFree:         1231756 kB
MemAvailable:    1531396 kB
Buffers:           38516 kB
Cached:           391776 kB
MemTotal:        1844596 kB
MemFree:         1230580 kB
MemAvailable:    1530220 kB
Buffers:           38516 kB
Cached:           391776 kB
MemTotal:        1844596 kB
MemFree:         1230408 kB
MemAvailable:    1530048 kB
Buffers:           38516 kB
Cached:           391776 kB
MemTotal:        1844596 kB
MemFree:         1231680 kB
MemAvailable:    1531320 kB
Buffers:           38516 kB
Cached:           391776 kB
MemTotal:        1844596 kB
MemFree:         1231892 kB
MemAvailable:    1531532 kB
Buffers:           38516 kB
Cached:           391776 kB
MemTotal:        1844596 kB
MemFree:         1231700 kB
MemAvailable:    1531340 kB
Buffers:           38516 kB
Cached:           391776 kB
MemTotal:        1844596 kB
MemFree:         1230568 kB
MemAvailable:    1530208 kB
Buffers:           38516 kB
Cached:           391776 kB
MemTotal:        1844596 kB
MemFree:         1230580 kB
MemAvailable:    1530220 kB
Buffers:           38516 kB
Cached:           391776 kB
MemTotal:        1844596 kB
MemFree:         1230448 kB
MemAvailable:    1530088 kB
Buffers:           38516 kB
Cached:           391776 kB
MemTotal:        1844596 kB
MemFree:         1231764 kB
MemAvailable:    1531404 kB
Buffers:           38516 kB
Cached:           391776 kB
MemTotal:        1844596 kB
MemFree:         1231556 kB
MemAvailable:    1531196 kB
Buffers:           38516 kB
Cached:           391776 kB
MemTotal:        1844596 kB
MemFree:         1231556 kB
MemAvailable:    1531196 kB
Buffers:           38516 kB
Cached:           391776 kB
MemTotal:        1844596 kB
MemFree:         1231616 kB
MemAvailable:    1531256 kB
Buffers:           38516 kB
Cached:           391776 kB
MemTotal:        1844596 kB
MemFree:         1230524 kB
MemAvailable:    1530164 kB
Buffers:           38516 kB
Cached:           391776 kB
MemTotal:        1844596 kB
MemFree:         1231760 kB
MemAvailable:    1531400 kB
Buffers:           38516 kB
Cached:           391776 kB
MemTotal:        1844596 kB
MemFree:         1230208 kB
MemAvailable:    1529848 kB
Buffers:           38516 kB
Cached:           391776 kB
MemTotal:        1844596 kB
MemFree:         1226976 kB
MemAvailable:    1526620 kB
Buffers:           38516 kB
Cached:           391780 kB
MemTotal:        1844596 kB
MemFree:         1226496 kB
MemAvailable:    1526016 kB
Buffers:           38516 kB
Cached:           391780 kB
MemTotal:        1844596 kB
MemFree:         1223636 kB
MemAvailable:    1523280 kB
Buffers:           38516 kB
Cached:           391780 kB
MemTotal:        1844596 kB
MemFree:         1222704 kB
MemAvailable:    1522348 kB
Buffers:           38516 kB
Cached:           391780 kB
MemTotal:        1844596 kB
MemFree:         1221356 kB
MemAvailable:    1521000 kB
Buffers:           38516 kB
Cached:           391780 kB
MemTotal:        1844596 kB
MemFree:         1222392 kB
MemAvailable:    1522036 kB
Buffers:           38516 kB
Cached:           391780 kB
MemTotal:        1844596 kB
MemFree:         1222332 kB
MemAvailable:    1521976 kB
Buffers:           38516 kB
Cached:           391780 kB
MemTotal:        1844596 kB
MemFree:         1222140 kB
MemAvailable:    1521784 kB
Buffers:           38516 kB
Cached:           391780 kB
MemTotal:        1844596 kB
MemFree:         1220396 kB
MemAvailable:    1520040 kB
Buffers:           38516 kB
Cached:           391780 kB
MemTotal:        1844596 kB
MemFree:         1220648 kB
MemAvailable:    1520292 kB
Buffers:           38516 kB
Cached:           391780 kB
MemTotal:        1844596 kB
MemFree:         1219976 kB
MemAvailable:    1519620 kB
Buffers:           38516 kB
Cached:           391780 kB
MemTotal:        1844596 kB
MemFree:         1218800 kB
MemAvailable:    1518444 kB
Buffers:           38516 kB
Cached:           391780 kB
MemTotal:        1844596 kB
MemFree:         1220028 kB
MemAvailable:    1519672 kB
Buffers:           38516 kB
Cached:           391780 kB
MemTotal:        1844596 kB
MemFree:         1218676 kB
MemAvailable:    1518320 kB
Buffers:           38516 kB
Cached:           391780 kB
MemTotal:        1844596 kB
MemFree:         1218628 kB
MemAvailable:    1518272 kB
Buffers:           38516 kB
Cached:           391780 kB
MemTotal:        1844596 kB
MemFree:         1219984 kB
MemAvailable:    1519628 kB
Buffers:           38516 kB
Cached:           391780 kB
MemTotal:        1844596 kB
MemFree:         1219820 kB
MemAvailable:    1519464 kB
Buffers:           38516 kB
Cached:           391780 kB
MemTotal:        1844596 kB
MemFree:         1220164 kB
MemAvailable:    1519808 kB
Buffers:           38516 kB
Cached:           391780 kB
MemTotal:        1844596 kB
MemFree:         1218620 kB
MemAvailable:    1518264 kB
Buffers:           38516 kB
Cached:           391780 kB
MemTotal:        1844596 kB
MemFree:         1219920 kB
MemAvailable:    1519564 kB
Buffers:           38516 kB
Cached:           391780 kB
MemTotal:        1844596 kB
MemFree:         1219164 kB
MemAvailable:    1518808 kB
Buffers:           38516 kB
Cached:           391780 kB
MemTotal:        1844596 kB
MemFree:         1219868 kB
MemAvailable:    1519512 kB
Buffers:           38516 kB
Cached:           391780 kB
MemTotal:        1844596 kB
MemFree:         1220124 kB
MemAvailable:    1519768 kB
Buffers:           38516 kB
Cached:           391780 kB
MemTotal:        1844596 kB
MemFree:         1219928 kB
MemAvailable:    1519572 kB
Buffers:           38516 kB
Cached:           391780 kB
MemTotal:        1844596 kB
MemFree:         1218748 kB
MemAvailable:    1518392 kB
Buffers:           38516 kB
Cached:           391780 kB
MemTotal:        1844596 kB
MemFree:         1218552 kB
MemAvailable:    1518196 kB
Buffers:           38516 kB
Cached:           391780 kB
MemTotal:        1844596 kB
MemFree:         1219736 kB
MemAvailable:    1519380 kB
Buffers:           38516 kB
Cached:           391780 kB
MemTotal:        1844596 kB
MemFree:         1219992 kB
MemAvailable:    1519636 kB
Buffers:           38516 kB
Cached:           391780 kB
MemTotal:        1844596 kB
MemFree:         1219904 kB
MemAvailable:    1519548 kB
Buffers:           38516 kB
Cached:           391780 kB
MemTotal:        1844596 kB
MemFree:         1219916 kB
MemAvailable:    1519560 kB
Buffers:           38516 kB
Cached:           391780 kB
MemTotal:        1844596 kB
MemFree:         1219048 kB
MemAvailable:    1518692 kB
Buffers:           38516 kB
Cached:           391780 kB
MemTotal:        1844596 kB
MemFree:         1220028 kB
MemAvailable:    1519672 kB
Buffers:           38516 kB
Cached:           391780 kB
MemTotal:        1844596 kB
MemFree:         1218676 kB
MemAvailable:    1518320 kB
Buffers:           38516 kB
Cached:           391780 kB
MemTotal:        1844596 kB
MemFree:         1218536 kB
MemAvailable:    1518180 kB
Buffers:           38516 kB
Cached:           391780 kB
MemTotal:        1844596 kB
MemFree:         1219860 kB
MemAvailable:    1519504 kB
Buffers:           38516 kB
Cached:           391780 kB
MemTotal:        1844596 kB
MemFree:         1219652 kB
MemAvailable:    1519296 kB
Buffers:           38516 kB
Cached:           391780 kB
MemTotal:        1844596 kB
MemFree:         1219992 kB
MemAvailable:    1519636 kB
Buffers:           38516 kB
Cached:           391780 kB
MemTotal:        1844596 kB
MemFree:         1219964 kB
MemAvailable:    1519608 kB
Buffers:           38516 kB
Cached:           391780 kB
MemTotal:        1844596 kB
MemFree:         1219792 kB
MemAvailable:    1519436 kB
Buffers:           38516 kB
Cached:           391780 kB
MemTotal:        1844596 kB
MemFree:         1219172 kB
MemAvailable:    1518816 kB
Buffers:           38516 kB
Cached:           391780 kB
MemTotal:        1844596 kB
MemFree:         1219736 kB
MemAvailable:    1519380 kB
Buffers:           38516 kB
Cached:           391780 kB
MemTotal:        1844596 kB
MemFree:         1219988 kB
MemAvailable:    1519632 kB
Buffers:           38516 kB
Cached:           391780 kB
MemTotal:        1844596 kB
MemFree:         1218544 kB
MemAvailable:    1518188 kB
Buffers:           38516 kB
Cached:           391780 kB
MemTotal:        1844596 kB
MemFree:         1219744 kB
MemAvailable:    1519388 kB
Buffers:           38516 kB
Cached:           391780 kB
MemTotal:        1844596 kB
MemFree:         1218504 kB
MemAvailable:    1518148 kB
Buffers:           38516 kB
Cached:           391780 kB
MemTotal:        1844596 kB
MemFree:         1219928 kB
MemAvailable:    1519572 kB
Buffers:           38516 kB
Cached:           391780 kB
MemTotal:        1844596 kB
MemFree:         1219164 kB
MemAvailable:    1518808 kB
Buffers:           38516 kB
Cached:           391780 kB
MemTotal:        1844596 kB
MemFree:         1219716 kB
MemAvailable:    1519360 kB
Buffers:           38516 kB
Cached:           391780 kB
MemTotal:        1844596 kB
MemFree:         1219792 kB
MemAvailable:    1519436 kB
Buffers:           38516 kB
Cached:           391780 kB
MemTotal:        1844596 kB
MemFree:         1218620 kB
MemAvailable:    1518264 kB
Buffers:           38516 kB
Cached:           391780 kB
MemTotal:        1844596 kB
MemFree:         1218620 kB
MemAvailable:    1518264 kB
Buffers:           38516 kB
Cached:           391780 kB
MemTotal:        1844596 kB
MemFree:         1218788 kB
MemAvailable:    1518432 kB
Buffers:           38516 kB
Cached:           391780 kB
MemTotal:        1844596 kB
MemFree:         1219916 kB
MemAvailable:    1519560 kB
Buffers:           38516 kB
Cached:           391780 kB
MemTotal:        1844596 kB
MemFree:         1219164 kB
MemAvailable:    1518808 kB
Buffers:           38516 kB
Cached:           391780 kB
MemTotal:        1844596 kB
MemFree:         1219772 kB
MemAvailable:    1519416 kB
Buffers:           38516 kB
Cached:           391780 kB
MemTotal:        1844596 kB
MemFree:         1219172 kB
MemAvailable:    1518816 kB
Buffers:           38516 kB
Cached:           391780 kB
MemTotal:        1844596 kB
MemFree:         1220028 kB
MemAvailable:    1519672 kB
Buffers:           38516 kB
Cached:           391780 kB
MemTotal:        1844596 kB
MemFree:         1218552 kB
MemAvailable:    1518200 kB
Buffers:           38516 kB
Cached:           391784 kB
MemTotal:        1844596 kB
MemFree:         1219744 kB
MemAvailable:    1519392 kB
Buffers:           38516 kB
Cached:           391784 kB
MemTotal:        1844596 kB
MemFree:         1219784 kB
MemAvailable:    1519432 kB
Buffers:           38516 kB
Cached:           391784 kB
MemTotal:        1844596 kB
MemFree:         1219744 kB
MemAvailable:    1519392 kB
Buffers:           38516 kB
Cached:           391784 kB
MemTotal:        1844596 kB
MemFree:         1219672 kB
MemAvailable:    1519320 kB
Buffers:           38516 kB
Cached:           391784 kB
MemTotal:        1844596 kB
MemFree:         1218800 kB
MemAvailable:    1518448 kB
Buffers:           38516 kB
Cached:           391784 kB
MemTotal:        1844596 kB
MemFree:         1219528 kB
MemAvailable:    1519176 kB
Buffers:           38516 kB
Cached:           391784 kB
MemTotal:        1844596 kB
MemFree:         1219612 kB
MemAvailable:    1519260 kB
Buffers:           38516 kB
Cached:           391784 kB
MemTotal:        1844596 kB
MemFree:         1219364 kB
MemAvailable:    1519012 kB
Buffers:           38516 kB
Cached:           391784 kB
MemTotal:        1844596 kB
MemFree:         1219344 kB
MemAvailable:    1518992 kB
Buffers:           38516 kB
Cached:           391784 kB
MemTotal:        1844596 kB
MemFree:         1219344 kB
MemAvailable:    1518992 kB
Buffers:           38516 kB
Cached:           391784 kB
MemTotal:        1844596 kB
MemFree:         1219340 kB
MemAvailable:    1518988 kB
Buffers:           38516 kB
Cached:           391784 kB
MemTotal:        1844596 kB
MemFree:         1218968 kB
MemAvailable:    1518616 kB
Buffers:           38516 kB
Cached:           391784 kB
MemTotal:        1844596 kB
MemFree:         1219304 kB
MemAvailable:    1518952 kB
Buffers:           38516 kB
Cached:           391784 kB
MemTotal:        1844596 kB
MemFree:         1219088 kB
MemAvailable:    1518736 kB
Buffers:           38516 kB
Cached:           391784 kB
MemTotal:        1844596 kB
MemFree:         1219088 kB
MemAvailable:    1518736 kB
Buffers:           38516 kB
Cached:           391784 kB
MemTotal:        1844596 kB
MemFree:         1219344 kB
MemAvailable:    1518992 kB
Buffers:           38516 kB
Cached:           391784 kB
MemTotal:        1844596 kB
MemFree:         1218160 kB
MemAvailable:    1517808 kB
Buffers:           38516 kB
Cached:           391784 kB
MemTotal:        1844596 kB
MemFree:         1218036 kB
MemAvailable:    1517684 kB
Buffers:           38516 kB
Cached:           391784 kB
MemTotal:        1844596 kB
MemFree:         1218880 kB
MemAvailable:    1518528 kB
Buffers:           38516 kB
Cached:           391784 kB
MemTotal:        1844596 kB
MemFree:         1219048 kB
MemAvailable:    1518696 kB
Buffers:           38516 kB
Cached:           391784 kB
MemTotal:        1844596 kB
MemFree:         1217620 kB
MemAvailable:    1517268 kB
Buffers:           38516 kB
Cached:           391784 kB
MemTotal:        1844596 kB
MemFree:         1217796 kB
MemAvailable:    1517444 kB
Buffers:           38516 kB
Cached:           391784 kB
MemTotal:        1844596 kB
MemFree:         1217532 kB
MemAvailable:    1517180 kB
Buffers:           38516 kB
Cached:           391784 kB
MemTotal:        1844596 kB
MemFree:         1217624 kB
MemAvailable:    1517272 kB
Buffers:           38516 kB
Cached:           391784 kB
MemTotal:        1844596 kB
MemFree:         1218732 kB
MemAvailable:    1518380 kB
Buffers:           38516 kB
Cached:           391784 kB
MemTotal:        1844596 kB
MemFree:         1218760 kB
MemAvailable:    1518408 kB
Buffers:           38516 kB
Cached:           391784 kB
MemTotal:        1844596 kB
MemFree:         1219000 kB
MemAvailable:    1518648 kB
Buffers:           38516 kB
Cached:           391784 kB
MemTotal:        1844596 kB
MemFree:         1217560 kB
MemAvailable:    1517208 kB
Buffers:           38516 kB
Cached:           391784 kB
MemTotal:        1844596 kB
MemFree:         1217628 kB
MemAvailable:    1517276 kB
Buffers:           38528 kB
Cached:           391772 kB
MemTotal:        1844596 kB
MemFree:         1218728 kB
MemAvailable:    1518376 kB
Buffers:           38528 kB
Cached:           391772 kB
MemTotal:        1844596 kB
MemFree:         1218864 kB
MemAvailable:    1518512 kB
Buffers:           38528 kB
Cached:           391772 kB
MemTotal:        1844596 kB
MemFree:         1217368 kB
MemAvailable:    1517016 kB
Buffers:           38528 kB
Cached:           391772 kB
MemTotal:        1844596 kB
MemFree:         1217492 kB
MemAvailable:    1517140 kB
Buffers:           38528 kB
Cached:           391772 kB
MemTotal:        1844596 kB
MemFree:         1215700 kB
MemAvailable:    1515348 kB
Buffers:           38528 kB
Cached:           391772 kB
MemTotal:        1844596 kB
MemFree:         1213468 kB
MemAvailable:    1513116 kB
Buffers:           38528 kB
Cached:           391772 kB
MemTotal:        1844596 kB
MemFree:         1207144 kB
MemAvailable:    1506792 kB
Buffers:           38528 kB
Cached:           391772 kB
MemTotal:        1844596 kB
MemFree:         1207136 kB
MemAvailable:    1506784 kB
Buffers:           38528 kB
Cached:           391772 kB
MemTotal:        1844596 kB
MemFree:         1208088 kB
MemAvailable:    1507740 kB
Buffers:           38528 kB
Cached:           391776 kB
MemTotal:        1844596 kB
MemFree:         1208344 kB
MemAvailable:    1507996 kB
Buffers:           38528 kB
Cached:           391776 kB
MemTotal:        1844596 kB
MemFree:         1206716 kB
MemAvailable:    1506368 kB
Buffers:           38528 kB
Cached:           391776 kB
MemTotal:        1844596 kB
MemFree:         1207832 kB
MemAvailable:    1507484 kB
Buffers:           38528 kB
Cached:           391776 kB
MemTotal:        1844596 kB
MemFree:         1207436 kB
MemAvailable:    1507088 kB
Buffers:           38528 kB
Cached:           391776 kB
MemTotal:        1844596 kB
MemFree:         1207688 kB
MemAvailable:    1507340 kB
Buffers:           38528 kB
Cached:           391776 kB
MemTotal:        1844596 kB
MemFree:         1207520 kB
MemAvailable:    1507172 kB
Buffers:           38528 kB
Cached:           391776 kB
MemTotal:        1844596 kB
MemFree:         1207080 kB
MemAvailable:    1506732 kB
Buffers:           38528 kB
Cached:           391776 kB
MemTotal:        1844596 kB
MemFree:         1205160 kB
MemAvailable:    1504812 kB
Buffers:           38528 kB
Cached:           391776 kB
MemTotal:        1844596 kB
MemFree:         1205648 kB
MemAvailable:    1505300 kB
Buffers:           38528 kB
Cached:           391776 kB
MemTotal:        1844596 kB
MemFree:         1205648 kB
MemAvailable:    1505300 kB
Buffers:           38528 kB
Cached:           391776 kB
MemTotal:        1844596 kB
MemFree:         1205360 kB
MemAvailable:    1505012 kB
Buffers:           38528 kB
Cached:           391776 kB
MemTotal:        1844596 kB
MemFree:         1205512 kB
MemAvailable:    1505164 kB
Buffers:           38528 kB
Cached:           391776 kB
MemTotal:        1844596 kB
MemFree:         1205512 kB
MemAvailable:    1505164 kB
Buffers:           38528 kB
Cached:           391776 kB
MemTotal:        1844596 kB
MemFree:         1204036 kB
MemAvailable:    1503688 kB
Buffers:           38528 kB
Cached:           391776 kB
MemTotal:        1844596 kB
MemFree:         1204408 kB
MemAvailable:    1504060 kB
Buffers:           38528 kB
Cached:           391776 kB
MemTotal:        1844596 kB
MemFree:         1204252 kB
MemAvailable:    1503904 kB
Buffers:           38528 kB
Cached:           391776 kB
MemTotal:        1844596 kB
MemFree:         1205408 kB
MemAvailable:    1505060 kB
Buffers:           38528 kB
Cached:           391776 kB
MemTotal:        1844596 kB
MemFree:         1204252 kB
MemAvailable:    1503904 kB
Buffers:           38528 kB
Cached:           391776 kB
MemTotal:        1844596 kB
MemFree:         1205408 kB
MemAvailable:    1505060 kB
Buffers:           38528 kB
Cached:           391776 kB
MemTotal:        1844596 kB
MemFree:         1205344 kB
MemAvailable:    1504996 kB
Buffers:           38528 kB
Cached:           391776 kB
MemTotal:        1844596 kB
MemFree:         1205344 kB
MemAvailable:    1504996 kB
Buffers:           38528 kB
Cached:           391776 kB
MemTotal:        1844596 kB
MemFree:         1204116 kB
MemAvailable:    1503768 kB
Buffers:           38528 kB
Cached:           391776 kB
MemTotal:        1844596 kB
MemFree:         1205472 kB
MemAvailable:    1505124 kB
Buffers:           38528 kB
Cached:           391776 kB
MemTotal:        1844596 kB
MemFree:         1205440 kB
MemAvailable:    1505092 kB
Buffers:           38528 kB
Cached:           391776 kB
MemTotal:        1844596 kB
MemFree:         1203920 kB
MemAvailable:    1503572 kB
Buffers:           38528 kB
Cached:           391776 kB
MemTotal:        1844596 kB
MemFree:         1204352 kB
MemAvailable:    1504004 kB
Buffers:           38528 kB
Cached:           391776 kB
MemTotal:        1844596 kB
MemFree:         1203848 kB
MemAvailable:    1503500 kB
Buffers:           38528 kB
Cached:           391776 kB
MemTotal:        1844596 kB
MemFree:         1203292 kB
MemAvailable:    1502944 kB
Buffers:           38528 kB
Cached:           391776 kB
MemTotal:        1844596 kB
MemFree:         1203548 kB
MemAvailable:    1503200 kB
Buffers:           38528 kB
Cached:           391776 kB
MemTotal:        1844596 kB
MemFree:         1202300 kB
MemAvailable:    1501952 kB
Buffers:           38528 kB
Cached:           391776 kB
MemTotal:        1844596 kB
MemFree:         1202060 kB
MemAvailable:    1501712 kB
Buffers:           38528 kB
Cached:           391776 kB
MemTotal:        1844596 kB
MemFree:         1202492 kB
MemAvailable:    1502144 kB
Buffers:           38528 kB
Cached:           391776 kB
MemTotal:        1844596 kB
MemFree:         1201192 kB
MemAvailable:    1500844 kB
Buffers:           38528 kB
Cached:           391776 kB
MemTotal:        1844596 kB
MemFree:         1202240 kB
MemAvailable:    1501892 kB
Buffers:           38528 kB
Cached:           391776 kB
MemTotal:        1844596 kB
MemFree:         1202492 kB
MemAvailable:    1502144 kB
Buffers:           38528 kB
Cached:           391776 kB
MemTotal:        1844596 kB
MemFree:         1200076 kB
MemAvailable:    1499728 kB
Buffers:           38528 kB
Cached:           391776 kB
MemTotal:        1844596 kB
MemFree:         1199820 kB
MemAvailable:    1499472 kB
Buffers:           38528 kB
Cached:           391776 kB
MemTotal:        1844596 kB
MemFree:         1200060 kB
MemAvailable:    1499732 kB
Buffers:           38528 kB
Cached:           391796 kB
MemTotal:        1844596 kB
MemFree:         1199332 kB
MemAvailable:    1499004 kB
Buffers:           38528 kB
Cached:           391796 kB
MemTotal:        1844596 kB
MemFree:         1199324 kB
MemAvailable:    1498996 kB
Buffers:           38528 kB
Cached:           391796 kB
MemTotal:        1844596 kB
MemFree:         1200556 kB
MemAvailable:    1500228 kB
Buffers:           38528 kB
Cached:           391796 kB
MemTotal:        1844596 kB
MemFree:         1200176 kB
MemAvailable:    1499848 kB
Buffers:           38528 kB
Cached:           391796 kB
MemTotal:        1844596 kB
MemFree:         1200176 kB
MemAvailable:    1499848 kB
Buffers:           38528 kB
Cached:           391796 kB
MemTotal:        1844596 kB
MemFree:         1198904 kB
MemAvailable:    1498576 kB
Buffers:           38528 kB
Cached:           391796 kB
MemTotal:        1844596 kB
MemFree:         1200372 kB
MemAvailable:    1500044 kB
Buffers:           38528 kB
Cached:           391796 kB
MemTotal:        1844596 kB
MemFree:         1199456 kB
MemAvailable:    1499128 kB
Buffers:           38528 kB
Cached:           391796 kB
MemTotal:        1844596 kB
MemFree:         1199032 kB
MemAvailable:    1498704 kB
Buffers:           38528 kB
Cached:           391796 kB
MemTotal:        1844596 kB
MemFree:         1200236 kB
MemAvailable:    1499908 kB
Buffers:           38528 kB
Cached:           391796 kB
MemTotal:        1844596 kB
MemFree:         1199456 kB
MemAvailable:    1499128 kB
Buffers:           38528 kB
Cached:           391796 kB
MemTotal:        1844596 kB
MemFree:         1200020 kB
MemAvailable:    1499692 kB
Buffers:           38528 kB
Cached:           391796 kB
MemTotal:        1844596 kB
MemFree:         1200356 kB
MemAvailable:    1500028 kB
Buffers:           38528 kB
Cached:           391796 kB
MemTotal:        1844596 kB
MemFree:         1199888 kB
MemAvailable:    1499560 kB
Buffers:           38528 kB
Cached:           391796 kB
MemTotal:        1844596 kB
MemFree:         1200140 kB
MemAvailable:    1499812 kB
Buffers:           38528 kB
Cached:           391796 kB
MemTotal:        1844596 kB
MemFree:         1198780 kB
MemAvailable:    1498452 kB
Buffers:           38528 kB
Cached:           391796 kB
MemTotal:        1844596 kB
MemFree:         1200124 kB
MemAvailable:    1499796 kB
Buffers:           38528 kB
Cached:           391796 kB
MemTotal:        1844596 kB
MemFree:         1198816 kB
MemAvailable:    1498488 kB
Buffers:           38528 kB
Cached:           391796 kB
MemTotal:        1844596 kB
MemFree:         1198816 kB
MemAvailable:    1498488 kB
Buffers:           38528 kB
Cached:           391796 kB
MemTotal:        1844596 kB
MemFree:         1199876 kB
MemAvailable:    1499548 kB
Buffers:           38528 kB
Cached:           391796 kB
MemTotal:        1844596 kB
MemFree:         1200128 kB
MemAvailable:    1499800 kB
Buffers:           38528 kB
Cached:           391796 kB
MemTotal:        1844596 kB
MemFree:         1198948 kB
MemAvailable:    1498620 kB
Buffers:           38528 kB
Cached:           391796 kB
MemTotal:        1844596 kB
MemFree:         1198816 kB
MemAvailable:    1498488 kB
Buffers:           38528 kB
Cached:           391796 kB
MemTotal:        1844596 kB
MemFree:         1198900 kB
MemAvailable:    1498572 kB
Buffers:           38528 kB
Cached:           391796 kB
MemTotal:        1844596 kB
MemFree:         1198760 kB
MemAvailable:    1498432 kB
Buffers:           38528 kB
Cached:           391796 kB
MemTotal:        1844596 kB
MemFree:         1198588 kB
MemAvailable:    1498260 kB
Buffers:           38528 kB
Cached:           391796 kB
MemTotal:        1844596 kB
MemFree:         1198788 kB
MemAvailable:    1498460 kB
Buffers:           38528 kB
Cached:           391796 kB
MemTotal:        1844596 kB
MemFree:         1199812 kB
MemAvailable:    1499484 kB
Buffers:           38528 kB
Cached:           391796 kB
MemTotal:        1844596 kB
MemFree:         1199812 kB
MemAvailable:    1499484 kB
Buffers:           38528 kB
Cached:           391796 kB
MemTotal:        1844596 kB
MemFree:         1199020 kB
MemAvailable:    1498692 kB
Buffers:           38528 kB
Cached:           391796 kB
MemTotal:        1844596 kB
MemFree:         1198764 kB
MemAvailable:    1498436 kB
Buffers:           38528 kB
Cached:           391796 kB
MemTotal:        1844596 kB
MemFree:         1197332 kB
MemAvailable:    1497004 kB
Buffers:           38528 kB
Cached:           391796 kB
MemTotal:        1844596 kB
MemFree:         1198216 kB
MemAvailable:    1497888 kB
Buffers:           38528 kB
Cached:           391796 kB
MemTotal:        1844596 kB
MemFree:         1196720 kB
MemAvailable:    1496392 kB
Buffers:           38528 kB
Cached:           391796 kB
MemTotal:        1844596 kB
MemFree:         1196292 kB
MemAvailable:    1495964 kB
Buffers:           38528 kB
Cached:           391796 kB
MemTotal:        1844596 kB
MemFree:         1194928 kB
MemAvailable:    1494600 kB
Buffers:           38528 kB
Cached:           391796 kB
MemTotal:        1844596 kB
MemFree:         1193256 kB
MemAvailable:    1492928 kB
Buffers:           38528 kB
Cached:           391796 kB
MemTotal:        1844596 kB
MemFree:         1189536 kB
MemAvailable:    1489208 kB
Buffers:           38528 kB
Cached:           391796 kB
MemTotal:        1844596 kB
MemFree:         1187820 kB
MemAvailable:    1487492 kB
Buffers:           38528 kB
Cached:           391796 kB
MemTotal:        1844596 kB
MemFree:         1185072 kB
MemAvailable:    1484744 kB
Buffers:           38528 kB
Cached:           391796 kB
MemTotal:        1844596 kB
MemFree:         1182088 kB
MemAvailable:    1481760 kB
Buffers:           38528 kB
Cached:           391796 kB
MemTotal:        1844596 kB
MemFree:         1181980 kB
MemAvailable:    1481652 kB
Buffers:           38528 kB
Cached:           391796 kB
MemTotal:        1844596 kB
MemFree:         1181776 kB
MemAvailable:    1481448 kB
Buffers:           38528 kB
Cached:           391796 kB
MemTotal:        1844596 kB
MemFree:         1181536 kB
MemAvailable:    1481208 kB
Buffers:           38528 kB
Cached:           391796 kB
MemTotal:        1844596 kB
MemFree:         1180188 kB
MemAvailable:    1479860 kB
Buffers:           38528 kB
Cached:           391796 kB
MemTotal:        1844596 kB
MemFree:         1180180 kB
MemAvailable:    1479852 kB
Buffers:           38528 kB
Cached:           391796 kB
MemTotal:        1844596 kB
MemFree:         1180056 kB
MemAvailable:    1479728 kB
Buffers:           38528 kB
Cached:           391796 kB
MemTotal:        1844596 kB
MemFree:         1181092 kB
MemAvailable:    1480764 kB
Buffers:           38528 kB
Cached:           391796 kB
MemTotal:        1844596 kB
MemFree:         1181136 kB
MemAvailable:    1480808 kB
Buffers:           38528 kB
Cached:           391796 kB
MemTotal:        1844596 kB
MemFree:         1181112 kB
MemAvailable:    1480784 kB
Buffers:           38528 kB
Cached:           391796 kB
MemTotal:        1844596 kB
MemFree:         1180112 kB
MemAvailable:    1479784 kB
Buffers:           38528 kB
Cached:           391796 kB
MemTotal:        1844596 kB
MemFree:         1181088 kB
MemAvailable:    1480764 kB
Buffers:           38528 kB
Cached:           391800 kB
MemTotal:        1844596 kB
MemFree:         1181340 kB
MemAvailable:    1481016 kB
Buffers:           38528 kB
Cached:           391800 kB
MemTotal:        1844596 kB
MemFree:         1179484 kB
MemAvailable:    1479160 kB
Buffers:           38528 kB
Cached:           391800 kB
MemTotal:        1844596 kB
MemFree:         1179120 kB
MemAvailable:    1478796 kB
Buffers:           38528 kB
Cached:           391800 kB
MemTotal:        1844596 kB
MemFree:         1179236 kB
MemAvailable:    1478912 kB
Buffers:           38528 kB
Cached:           391800 kB
MemTotal:        1844596 kB
MemFree:         1178988 kB
MemAvailable:    1478664 kB
Buffers:           38528 kB
Cached:           391800 kB
MemTotal:        1844596 kB
MemFree:         1180372 kB
MemAvailable:    1480048 kB
Buffers:           38528 kB
Cached:           391800 kB
MemTotal:        1844596 kB
MemFree:         1179244 kB
MemAvailable:    1478920 kB
Buffers:           38528 kB
Cached:           391800 kB
MemTotal:        1844596 kB
MemFree:         1180568 kB
MemAvailable:    1480244 kB
Buffers:           38528 kB
Cached:           391800 kB
MemTotal:        1844596 kB
MemFree:         1180476 kB
MemAvailable:    1480152 kB
Buffers:           38528 kB
Cached:           391800 kB
MemTotal:        1844596 kB
MemFree:         1179072 kB
MemAvailable:    1478748 kB
Buffers:           38528 kB
Cached:           391800 kB
MemTotal:        1844596 kB
MemFree:         1180296 kB
MemAvailable:    1479972 kB
Buffers:           38528 kB
Cached:           391800 kB
MemTotal:        1844596 kB
MemFree:         1180308 kB
MemAvailable:    1479984 kB
Buffers:           38528 kB
Cached:           391800 kB
MemTotal:        1844596 kB
MemFree:         1180216 kB
MemAvailable:    1479892 kB
Buffers:           38528 kB
Cached:           391800 kB
MemTotal:        1844596 kB
MemFree:         1180524 kB
MemAvailable:    1480200 kB
Buffers:           38528 kB
Cached:           391800 kB
MemTotal:        1844596 kB
MemFree:         1180080 kB
MemAvailable:    1479756 kB
Buffers:           38528 kB
Cached:           391800 kB
MemTotal:        1844596 kB
MemFree:         1179048 kB
MemAvailable:    1478724 kB
Buffers:           38528 kB
Cached:           391800 kB
MemTotal:        1844596 kB
MemFree:         1180384 kB
MemAvailable:    1480060 kB
Buffers:           38528 kB
Cached:           391800 kB
MemTotal:        1844596 kB
MemFree:         1179112 kB
MemAvailable:    1478788 kB
Buffers:           38528 kB
Cached:           391800 kB
MemTotal:        1844596 kB
MemFree:         1180240 kB
MemAvailable:    1479920 kB
Buffers:           38528 kB
Cached:           391804 kB
MemTotal:        1844596 kB
MemFree:         1180444 kB
MemAvailable:    1480124 kB
Buffers:           38528 kB
Cached:           391804 kB
MemTotal:        1844596 kB
MemFree:         1179616 kB
MemAvailable:    1479296 kB
Buffers:           38528 kB
Cached:           391804 kB
MemTotal:        1844596 kB
MemFree:         1180668 kB
MemAvailable:    1480348 kB
Buffers:           38528 kB
Cached:           391804 kB
MemTotal:        1844596 kB
MemFree:         1180476 kB
MemAvailable:    1480156 kB
Buffers:           38528 kB
Cached:           391804 kB
MemTotal:        1844596 kB
MemFree:         1179492 kB
MemAvailable:    1479172 kB
Buffers:           38528 kB
Cached:           391804 kB
MemTotal:        1844596 kB
MemFree:         1180168 kB
MemAvailable:    1479848 kB
Buffers:           38528 kB
Cached:           391804 kB
MemTotal:        1844596 kB
MemFree:         1180420 kB
MemAvailable:    1480100 kB
Buffers:           38528 kB
Cached:           391804 kB
MemTotal:        1844596 kB
MemFree:         1180408 kB
MemAvailable:    1480088 kB
Buffers:           38528 kB
Cached:           391804 kB
MemTotal:        1844596 kB
MemFree:         1180236 kB
MemAvailable:    1479916 kB
Buffers:           38528 kB
Cached:           391804 kB
MemTotal:        1844596 kB
MemFree:         1180072 kB
MemAvailable:    1479752 kB
Buffers:           38528 kB
Cached:           391804 kB
MemTotal:        1844596 kB
MemFree:         1180408 kB
MemAvailable:    1480088 kB
Buffers:           38528 kB
Cached:           391804 kB
MemTotal:        1844596 kB
MemFree:         1176444 kB
MemAvailable:    1476124 kB
Buffers:           38528 kB
Cached:           391804 kB
MemTotal:        1844596 kB
MemFree:         1172664 kB
MemAvailable:    1472344 kB
Buffers:           38528 kB
Cached:           391804 kB
MemTotal:        1844596 kB
MemFree:         1171812 kB
MemAvailable:    1471492 kB
Buffers:           38528 kB
Cached:           391804 kB
MemTotal:        1844596 kB
MemFree:         1169324 kB
MemAvailable:    1469004 kB
Buffers:           38528 kB
Cached:           391804 kB
MemTotal:        1844596 kB
MemFree:         1165464 kB
MemAvailable:    1465144 kB
Buffers:           38528 kB
Cached:           391804 kB
MemTotal:        1844596 kB
MemFree:         1165356 kB
MemAvailable:    1465036 kB
Buffers:           38528 kB
Cached:           391804 kB
MemTotal:        1844596 kB
MemFree:         1162752 kB
MemAvailable:    1462432 kB
Buffers:           38528 kB
Cached:           391804 kB
MemTotal:        1844596 kB
MemFree:         1162480 kB
MemAvailable:    1462160 kB
Buffers:           38528 kB
Cached:           391804 kB
MemTotal:        1844596 kB
MemFree:         1162480 kB
MemAvailable:    1462160 kB
Buffers:           38528 kB
Cached:           391804 kB
MemTotal:        1844596 kB
MemFree:         1162676 kB
MemAvailable:    1462356 kB
Buffers:           38528 kB
Cached:           391804 kB
MemTotal:        1844596 kB
MemFree:         1162504 kB
MemAvailable:    1462184 kB
Buffers:           38528 kB
Cached:           391804 kB
MemTotal:        1844596 kB
MemFree:         1161760 kB
MemAvailable:    1461440 kB
Buffers:           38528 kB
Cached:           391804 kB
MemTotal:        1844596 kB
MemFree:         1162720 kB
MemAvailable:    1462400 kB
Buffers:           38528 kB
Cached:           391804 kB
MemTotal:        1844596 kB
MemFree:         1161244 kB
MemAvailable:    1460924 kB
Buffers:           38528 kB
Cached:           391804 kB
MemTotal:        1844596 kB
MemFree:         1161328 kB
MemAvailable:    1461008 kB
Buffers:           38528 kB
Cached:           391804 kB
MemTotal:        1844596 kB
MemFree:         1161072 kB
MemAvailable:    1460752 kB
Buffers:           38528 kB
Cached:           391804 kB
MemTotal:        1844596 kB
MemFree:         1162172 kB
MemAvailable:    1461852 kB
Buffers:           38528 kB
Cached:           391804 kB
MemTotal:        1844596 kB
MemFree:         1162172 kB
MemAvailable:    1461852 kB
Buffers:           38528 kB
Cached:           391804 kB
MemTotal:        1844596 kB
MemFree:         1160704 kB
MemAvailable:    1460384 kB
Buffers:           38528 kB
Cached:           391804 kB
MemTotal:        1844596 kB
MemFree:         1162004 kB
MemAvailable:    1461684 kB
Buffers:           38528 kB
Cached:           391804 kB
MemTotal:        1844596 kB
MemFree:         1160872 kB
MemAvailable:    1460552 kB
Buffers:           38528 kB
Cached:           391804 kB
MemTotal:        1844596 kB
MemFree:         1161932 kB
MemAvailable:    1461612 kB
Buffers:           38528 kB
Cached:           391804 kB
MemTotal:        1844596 kB
MemFree:         1161884 kB
MemAvailable:    1461564 kB
Buffers:           38528 kB
Cached:           391804 kB
MemTotal:        1844596 kB
MemFree:         1162180 kB
MemAvailable:    1461860 kB
Buffers:           38528 kB
Cached:           391804 kB
MemTotal:        1844596 kB
MemFree:         1160760 kB
MemAvailable:    1460440 kB
Buffers:           38528 kB
Cached:           391804 kB
MemTotal:        1844596 kB
MemFree:         1160844 kB
MemAvailable:    1460524 kB
Buffers:           38528 kB
Cached:           391804 kB
MemTotal:        1844596 kB
MemFree:         1160844 kB
MemAvailable:    1460524 kB
Buffers:           38528 kB
Cached:           391804 kB
MemTotal:        1844596 kB
MemFree:         1162120 kB
MemAvailable:    1461800 kB
Buffers:           38528 kB
Cached:           391804 kB
MemTotal:        1844596 kB
MemFree:         1162112 kB
MemAvailable:    1461792 kB
Buffers:           38528 kB
Cached:           391804 kB
MemTotal:        1844596 kB
MemFree:         1160760 kB
MemAvailable:    1460440 kB
Buffers:           38528 kB
Cached:           391804 kB
MemTotal:        1844596 kB
MemFree:         1162208 kB
MemAvailable:    1461888 kB
Buffers:           38528 kB
Cached:           391804 kB
MemTotal:        1844596 kB
MemFree:         1162044 kB
MemAvailable:    1461724 kB
Buffers:           38528 kB
Cached:           391804 kB
MemTotal:        1844596 kB
MemFree:         1162216 kB
MemAvailable:    1461896 kB
Buffers:           38528 kB
Cached:           391804 kB
MemTotal:        1844596 kB
MemFree:         1162184 kB
MemAvailable:    1461864 kB
Buffers:           38528 kB
Cached:           391804 kB
MemTotal:        1844596 kB
MemFree:         1162144 kB
MemAvailable:    1461824 kB
Buffers:           38528 kB
Cached:           391804 kB
MemTotal:        1844596 kB
MemFree:         1161264 kB
MemAvailable:    1460944 kB
Buffers:           38528 kB
Cached:           391804 kB
MemTotal:        1844596 kB
MemFree:         1161940 kB
MemAvailable:    1461620 kB
Buffers:           38528 kB
Cached:           391804 kB
MemTotal:        1844596 kB
MemFree:         1162192 kB
MemAvailable:    1461872 kB
Buffers:           38528 kB
Cached:           391804 kB
MemTotal:        1844596 kB
MemFree:         1161084 kB
MemAvailable:    1460764 kB
Buffers:           38528 kB
Cached:           391804 kB
MemTotal:        1844596 kB
MemFree:         1162076 kB
MemAvailable:    1461756 kB
Buffers:           38528 kB
Cached:           391804 kB
MemTotal:        1844596 kB
MemFree:         1161140 kB
MemAvailable:    1460820 kB
Buffers:           38528 kB
Cached:           391804 kB
MemTotal:        1844596 kB
MemFree:         1162080 kB
MemAvailable:    1461760 kB
Buffers:           38528 kB
Cached:           391804 kB
MemTotal:        1844596 kB
MemFree:         1162192 kB
MemAvailable:    1461872 kB
Buffers:           38528 kB
Cached:           391804 kB
MemTotal:        1844596 kB
MemFree:         1160448 kB
MemAvailable:    1460128 kB
Buffers:           38528 kB
Cached:           391804 kB
MemTotal:        1844596 kB
MemFree:         1157356 kB
MemAvailable:    1457036 kB
Buffers:           38528 kB
Cached:           391804 kB
MemTotal:        1844596 kB
MemFree:         1154320 kB
MemAvailable:    1454000 kB
Buffers:           38528 kB
Cached:           391804 kB
MemTotal:        1844596 kB
MemFree:         1150584 kB
MemAvailable:    1450268 kB
Buffers:           38528 kB
Cached:           391808 kB
MemTotal:        1844596 kB
MemFree:         1149980 kB
MemAvailable:    1449664 kB
Buffers:           38528 kB
Cached:           391808 kB
MemTotal:        1844596 kB
MemFree:         1145632 kB
MemAvailable:    1445316 kB
Buffers:           38528 kB
Cached:           391808 kB
MemTotal:        1844596 kB
MemFree:         1143532 kB
MemAvailable:    1443216 kB
Buffers:           38528 kB
Cached:           391808 kB
MemTotal:        1844596 kB
MemFree:         1144576 kB
MemAvailable:    1444260 kB
Buffers:           38528 kB
Cached:           391808 kB
MemTotal:        1844596 kB
MemFree:         1144372 kB
MemAvailable:    1444056 kB
Buffers:           38528 kB
Cached:           391808 kB
MemTotal:        1844596 kB
MemFree:         1143136 kB
MemAvailable:    1442820 kB
Buffers:           38528 kB
Cached:           391808 kB
MemTotal:        1844596 kB
MemFree:         1143128 kB
MemAvailable:    1442812 kB
Buffers:           38528 kB
Cached:           391808 kB
MemTotal:        1844596 kB
MemFree:         1144584 kB
MemAvailable:    1444268 kB
Buffers:           38528 kB
Cached:           391808 kB
MemTotal:        1844596 kB
MemFree:         1144548 kB
MemAvailable:    1444232 kB
Buffers:           38528 kB
Cached:           391808 kB
MemTotal:        1844596 kB
MemFree:         1143200 kB
MemAvailable:    1442884 kB
Buffers:           38528 kB
Cached:           391808 kB
MemTotal:        1844596 kB
MemFree:         1143244 kB
MemAvailable:    1442928 kB
Buffers:           38528 kB
Cached:           391808 kB
MemTotal:        1844596 kB
MemFree:         1144436 kB
MemAvailable:    1444120 kB
Buffers:           38528 kB
Cached:           391808 kB
MemTotal:        1844596 kB
MemFree:         1144776 kB
MemAvailable:    1444460 kB
Buffers:           38528 kB
Cached:           391808 kB
MemTotal:        1844596 kB
MemFree:         1144708 kB
MemAvailable:    1444392 kB
Buffers:           38528 kB
Cached:           391808 kB
MemTotal:        1844596 kB
MemFree:         1143520 kB
MemAvailable:    1443204 kB
Buffers:           38528 kB
Cached:           391808 kB
MemTotal:        1844596 kB
MemFree:         1144436 kB
MemAvailable:    1444120 kB
Buffers:           38528 kB
Cached:           391808 kB
MemTotal:        1844596 kB
MemFree:         1144532 kB
MemAvailable:    1444216 kB
Buffers:           38528 kB
Cached:           391808 kB
MemTotal:        1844596 kB
MemFree:         1144460 kB
MemAvailable:    1444152 kB
Buffers:           38528 kB
Cached:           391816 kB
MemTotal:        1844596 kB
MemFree:         1143284 kB
MemAvailable:    1442976 kB
Buffers:           38528 kB
Cached:           391816 kB
MemTotal:        1844596 kB
MemFree:         1143780 kB
MemAvailable:    1443472 kB
Buffers:           38528 kB
Cached:           391816 kB
MemTotal:        1844596 kB
MemFree:         1144848 kB
MemAvailable:    1444540 kB
Buffers:           38528 kB
Cached:           391816 kB
MemTotal:        1844596 kB
MemFree:         1143780 kB
MemAvailable:    1443472 kB
Buffers:           38528 kB
Cached:           391816 kB
MemTotal:        1844596 kB
MemFree:         1144460 kB
MemAvailable:    1444152 kB
Buffers:           38528 kB
Cached:           391816 kB
MemTotal:        1844596 kB
MemFree:         1142912 kB
MemAvailable:    1442604 kB
Buffers:           38528 kB
Cached:           391816 kB
MemTotal:        1844596 kB
MemFree:         1142540 kB
MemAvailable:    1442232 kB
Buffers:           38528 kB
Cached:           391816 kB
MemTotal:        1844596 kB
MemFree:         1142540 kB
MemAvailable:    1442232 kB
Buffers:           38528 kB
Cached:           391816 kB
MemTotal:        1844596 kB
MemFree:         1142912 kB
MemAvailable:    1442604 kB
Buffers:           38528 kB
Cached:           391816 kB
MemTotal:        1844596 kB
MemFree:         1142664 kB
MemAvailable:    1442356 kB
Buffers:           38528 kB
Cached:           391816 kB
MemTotal:        1844596 kB
MemFree:         1143780 kB
MemAvailable:    1443472 kB
Buffers:           38528 kB
Cached:           391816 kB
MemTotal:        1844596 kB
MemFree:         1143408 kB
MemAvailable:    1443100 kB
Buffers:           38528 kB
Cached:           391816 kB
MemTotal:        1844596 kB
MemFree:         1140292 kB
MemAvailable:    1439984 kB
Buffers:           38528 kB
Cached:           391816 kB
MemTotal:        1844596 kB
MemFree:         1140292 kB
MemAvailable:    1439984 kB
Buffers:           38528 kB
Cached:           391816 kB
MemTotal:        1844596 kB
MemFree:         1137020 kB
MemAvailable:    1436712 kB
Buffers:           38528 kB
Cached:           391816 kB
MemTotal:        1844596 kB
MemFree:         1133364 kB
MemAvailable:    1433056 kB
Buffers:           38528 kB
Cached:           391816 kB
MemTotal:        1844596 kB
MemFree:         1130628 kB
MemAvailable:    1430320 kB
Buffers:           38528 kB
Cached:           391816 kB
MemTotal:        1844596 kB
MemFree:         1127024 kB
MemAvailable:    1426716 kB
Buffers:           38528 kB
Cached:           391816 kB
MemTotal:        1844596 kB
MemFree:         1126916 kB
MemAvailable:    1426608 kB
Buffers:           38528 kB
Cached:           391816 kB
MemTotal:        1844596 kB
MemFree:         1123568 kB
MemAvailable:    1423260 kB
Buffers:           38528 kB
Cached:           391816 kB
MemTotal:        1844596 kB
MemFree:         1121512 kB
MemAvailable:    1421204 kB
Buffers:           38528 kB
Cached:           391816 kB
MemTotal:        1844596 kB
MemFree:         1119600 kB
MemAvailable:    1419292 kB
Buffers:           38528 kB
Cached:           391816 kB
MemTotal:        1844596 kB
MemFree:         1118344 kB
MemAvailable:    1418036 kB
Buffers:           38528 kB
Cached:           391816 kB
MemTotal:        1844596 kB
MemFree:         1118816 kB
MemAvailable:    1418508 kB
Buffers:           38528 kB
Cached:           391816 kB
MemTotal:        1844596 kB
MemFree:         1114004 kB
MemAvailable:    1413696 kB
Buffers:           38528 kB
Cached:           391816 kB
MemTotal:        1844596 kB
MemFree:         1113276 kB
MemAvailable:    1412968 kB
Buffers:           38528 kB
Cached:           391816 kB
MemTotal:        1844596 kB
MemFree:         1113088 kB
MemAvailable:    1412780 kB
Buffers:           38528 kB
Cached:           391816 kB
MemTotal:        1844596 kB
MemFree:         1112764 kB
MemAvailable:    1412456 kB
Buffers:           38528 kB
Cached:           391816 kB
MemTotal:        1844596 kB
MemFree:         1113016 kB
MemAvailable:    1412708 kB
Buffers:           38528 kB
Cached:           391816 kB
MemTotal:        1844596 kB
MemFree:         1112524 kB
MemAvailable:    1412216 kB
Buffers:           38528 kB
Cached:           391816 kB
MemTotal:        1844596 kB
MemFree:         1111664 kB
MemAvailable:    1411356 kB
Buffers:           38528 kB
Cached:           391816 kB
MemTotal:        1844596 kB
MemFree:         1111360 kB
MemAvailable:    1411052 kB
Buffers:           38528 kB
Cached:           391816 kB
MemTotal:        1844596 kB
MemFree:         1111484 kB
MemAvailable:    1411176 kB
Buffers:           38528 kB
Cached:           391816 kB
MemTotal:        1844596 kB
MemFree:         1111492 kB
MemAvailable:    1411184 kB
Buffers:           38528 kB
Cached:           391816 kB
MemTotal:        1844596 kB
MemFree:         1112716 kB
MemAvailable:    1412408 kB
Buffers:           38528 kB
Cached:           391816 kB
MemTotal:        1844596 kB
MemFree:         1111648 kB
MemAvailable:    1411340 kB
Buffers:           38528 kB
Cached:           391816 kB
MemTotal:        1844596 kB
MemFree:         1111292 kB
MemAvailable:    1410984 kB
Buffers:           38528 kB
Cached:           391816 kB
MemTotal:        1844596 kB
MemFree:         1110412 kB
MemAvailable:    1410104 kB
Buffers:           38528 kB
Cached:           391816 kB
MemTotal:        1844596 kB
MemFree:         1111528 kB
MemAvailable:    1411220 kB
Buffers:           38528 kB
Cached:           391816 kB
MemTotal:        1844596 kB
MemFree:         1110404 kB
MemAvailable:    1410096 kB
Buffers:           38528 kB
Cached:           391816 kB
MemTotal:        1844596 kB
MemFree:         1110396 kB
MemAvailable:    1410088 kB
Buffers:           38528 kB
Cached:           391816 kB
MemTotal:        1844596 kB
MemFree:         1110276 kB
MemAvailable:    1409968 kB
Buffers:           38528 kB
Cached:           391816 kB
MemTotal:        1844596 kB
MemFree:         1110516 kB
MemAvailable:    1410208 kB
Buffers:           38528 kB
Cached:           391816 kB
MemTotal:        1844596 kB
MemFree:         1111152 kB
MemAvailable:    1410844 kB
Buffers:           38528 kB
Cached:           391816 kB
MemTotal:        1844596 kB
MemFree:         1110548 kB
MemAvailable:    1410240 kB
Buffers:           38528 kB
Cached:           391816 kB
MemTotal:        1844596 kB
MemFree:         1110864 kB
MemAvailable:    1410556 kB
Buffers:           38528 kB
Cached:           391816 kB
MemTotal:        1844596 kB
MemFree:         1110540 kB
MemAvailable:    1410232 kB
Buffers:           38528 kB
Cached:           391816 kB
MemTotal:        1844596 kB
MemFree:         1110432 kB
MemAvailable:    1410124 kB
Buffers:           38528 kB
Cached:           391816 kB
MemTotal:        1844596 kB
MemFree:         1110168 kB
MemAvailable:    1409860 kB
Buffers:           38528 kB
Cached:           391816 kB
MemTotal:        1844596 kB
MemFree:         1108688 kB
MemAvailable:    1408380 kB
Buffers:           38528 kB
Cached:           391816 kB
MemTotal:        1844596 kB
MemFree:         1109912 kB
MemAvailable:    1409604 kB
Buffers:           38528 kB
Cached:           391816 kB
MemTotal:        1844596 kB
MemFree:         1107440 kB
MemAvailable:    1407132 kB
Buffers:           38528 kB
Cached:           391816 kB
MemTotal:        1844596 kB
MemFree:         1107448 kB
MemAvailable:    1407140 kB
Buffers:           38528 kB
Cached:           391816 kB
MemTotal:        1844596 kB
MemFree:         1108696 kB
MemAvailable:    1408388 kB
Buffers:           38528 kB
Cached:           391816 kB
MemTotal:        1844596 kB
MemFree:         1108640 kB
MemAvailable:    1408332 kB
Buffers:           38528 kB
Cached:           391816 kB
MemTotal:        1844596 kB
MemFree:         1107396 kB
MemAvailable:    1407088 kB
Buffers:           38528 kB
Cached:           391816 kB
MemTotal:        1844596 kB
MemFree:         1107264 kB
MemAvailable:    1406956 kB
Buffers:           38528 kB
Cached:           391816 kB
MemTotal:        1844596 kB
MemFree:         1107388 kB
MemAvailable:    1407080 kB
Buffers:           38528 kB
Cached:           391816 kB
MemTotal:        1844596 kB
MemFree:         1107260 kB
MemAvailable:    1406952 kB
Buffers:           38528 kB
Cached:           391816 kB
MemTotal:        1844596 kB
MemFree:         1107632 kB
MemAvailable:    1407324 kB
Buffers:           38528 kB
Cached:           391816 kB
MemTotal:        1844596 kB
MemFree:         1107384 kB
MemAvailable:    1407076 kB
Buffers:           38528 kB
Cached:           391816 kB
MemTotal:        1844596 kB
MemFree:         1108728 kB
MemAvailable:    1408420 kB
Buffers:           38528 kB
Cached:           391816 kB
MemTotal:        1844596 kB
MemFree:         1107572 kB
MemAvailable:    1407264 kB
Buffers:           38528 kB
Cached:           391816 kB
MemTotal:        1844596 kB
MemFree:         1108612 kB
MemAvailable:    1408304 kB
Buffers:           38528 kB
Cached:           391816 kB
MemTotal:        1844596 kB
MemFree:         1107056 kB
MemAvailable:    1406748 kB
Buffers:           38528 kB
Cached:           391816 kB
MemTotal:        1844596 kB
MemFree:         1108432 kB
MemAvailable:    1408124 kB
Buffers:           38528 kB
Cached:           391816 kB
MemTotal:        1844596 kB
MemFree:         1108572 kB
MemAvailable:    1408264 kB
Buffers:           38528 kB
Cached:           391816 kB
MemTotal:        1844596 kB
MemFree:         1108392 kB
MemAvailable:    1408084 kB
Buffers:           38528 kB
Cached:           391816 kB
MemTotal:        1844596 kB
MemFree:         1107180 kB
MemAvailable:    1406872 kB
Buffers:           38528 kB
Cached:           391816 kB
MemTotal:        1844596 kB
MemFree:         1107560 kB
MemAvailable:    1407252 kB
Buffers:           38528 kB
Cached:           391816 kB
MemTotal:        1844596 kB
MemFree:         1107436 kB
MemAvailable:    1407128 kB
Buffers:           38528 kB
Cached:           391816 kB
MemTotal:        1844596 kB
MemFree:         1107440 kB
MemAvailable:    1407144 kB
Buffers:           38528 kB
Cached:           391828 kB
MemTotal:        1844596 kB
MemFree:         1107184 kB
MemAvailable:    1406888 kB
Buffers:           38528 kB
Cached:           391828 kB
MemTotal:        1844596 kB
MemFree:         1108724 kB
MemAvailable:    1408428 kB
Buffers:           38528 kB
Cached:           391828 kB
MemTotal:        1844596 kB
MemFree:         1107944 kB
MemAvailable:    1407648 kB
Buffers:           38528 kB
Cached:           391828 kB
MemTotal:        1844596 kB
MemFree:         1108252 kB
MemAvailable:    1407956 kB
Buffers:           38528 kB
Cached:           391828 kB
MemTotal:        1844596 kB
MemFree:         1108508 kB
MemAvailable:    1408212 kB
Buffers:           38528 kB
Cached:           391828 kB
MemTotal:        1844596 kB
MemFree:         1107256 kB
MemAvailable:    1406960 kB
Buffers:           38528 kB
Cached:           391828 kB
MemTotal:        1844596 kB
MemFree:         1108372 kB
MemAvailable:    1408076 kB
Buffers:           38528 kB
Cached:           391828 kB
MemTotal:        1844596 kB
MemFree:         1108372 kB
MemAvailable:    1408076 kB
Buffers:           38528 kB
Cached:           391828 kB
MemTotal:        1844596 kB
MemFree:         1108452 kB
MemAvailable:    1408156 kB
Buffers:           38528 kB
Cached:           391828 kB
MemTotal:        1844596 kB
MemFree:         1108572 kB
MemAvailable:    1408276 kB
Buffers:           38528 kB
Cached:           391828 kB
MemTotal:        1844596 kB
MemFree:         1107696 kB
MemAvailable:    1407400 kB
Buffers:           38528 kB
Cached:           391828 kB
MemTotal:        1844596 kB
MemFree:         1108928 kB
MemAvailable:    1408632 kB
Buffers:           38528 kB
Cached:           391828 kB
MemTotal:        1844596 kB
MemFree:         1108936 kB
MemAvailable:    1408640 kB
Buffers:           38528 kB
Cached:           391828 kB
MemTotal:        1844596 kB
MemFree:         1109040 kB
MemAvailable:    1408744 kB
Buffers:           38528 kB
Cached:           391828 kB
MemTotal:        1844596 kB
MemFree:         1108920 kB
MemAvailable:    1408624 kB
Buffers:           38528 kB
Cached:           391828 kB
MemTotal:        1844596 kB
MemFree:         1107564 kB
MemAvailable:    1407268 kB
Buffers:           38528 kB
Cached:           391828 kB
MemTotal:        1844596 kB
MemFree:         1108548 kB
MemAvailable:    1408252 kB
Buffers:           38528 kB
Cached:           391828 kB
MemTotal:        1844596 kB
MemFree:         1108548 kB
MemAvailable:    1408252 kB
Buffers:           38528 kB
Cached:           391828 kB
MemTotal:        1844596 kB
MemFree:         1108300 kB
MemAvailable:    1408004 kB
Buffers:           38528 kB
Cached:           391828 kB
MemTotal:        1844596 kB
MemFree:         1104340 kB
MemAvailable:    1404044 kB
Buffers:           38528 kB
Cached:           391828 kB
MemTotal:        1844596 kB
MemFree:         1103728 kB
MemAvailable:    1403432 kB
Buffers:           38528 kB
Cached:           391828 kB
MemTotal:        1844596 kB
MemFree:         1102472 kB
MemAvailable:    1402176 kB
Buffers:           38528 kB
Cached:           391828 kB
MemTotal:        1844596 kB
MemFree:         1102364 kB
MemAvailable:    1402068 kB
Buffers:           38528 kB
Cached:           391828 kB
MemTotal:        1844596 kB
MemFree:         1101068 kB
MemAvailable:    1400772 kB
Buffers:           38528 kB
Cached:           391828 kB
MemTotal:        1844596 kB
MemFree:         1102536 kB
MemAvailable:    1402240 kB
Buffers:           38528 kB
Cached:           391828 kB
MemTotal:        1844596 kB
MemFree:         1101620 kB
MemAvailable:    1401324 kB
Buffers:           38528 kB
Cached:           391828 kB
MemTotal:        1844596 kB
MemFree:         1102232 kB
MemAvailable:    1401936 kB
Buffers:           38528 kB
Cached:           391828 kB
MemTotal:        1844596 kB
MemFree:         1102572 kB
MemAvailable:    1402276 kB
Buffers:           38528 kB
Cached:           391828 kB
MemTotal:        1844596 kB
MemFree:         1102376 kB
MemAvailable:    1402080 kB
Buffers:           38528 kB
Cached:           391828 kB
MemTotal:        1844596 kB
MemFree:         1102520 kB
MemAvailable:    1402224 kB
Buffers:           38528 kB
Cached:           391828 kB
MemTotal:        1844596 kB
MemFree:         1102124 kB
MemAvailable:    1401828 kB
Buffers:           38528 kB
Cached:           391828 kB
MemTotal:        1844596 kB
MemFree:         1100248 kB
MemAvailable:    1399952 kB
Buffers:           38528 kB
Cached:           391828 kB
MemTotal:        1844596 kB
MemFree:         1100620 kB
MemAvailable:    1400324 kB
Buffers:           38528 kB
Cached:           391828 kB
MemTotal:        1844596 kB
MemFree:         1100372 kB
MemAvailable:    1400076 kB
Buffers:           38528 kB
Cached:           391828 kB
MemTotal:        1844596 kB
MemFree:         1100124 kB
MemAvailable:    1399828 kB
Buffers:           38528 kB
Cached:           391828 kB
MemTotal:        1844596 kB
MemFree:         1099992 kB
MemAvailable:    1399696 kB
Buffers:           38528 kB
Cached:           391828 kB
MemTotal:        1844596 kB
MemFree:         1101352 kB
MemAvailable:    1401056 kB
Buffers:           38528 kB
Cached:           391828 kB
MemTotal:        1844596 kB
MemFree:         1101464 kB
MemAvailable:    1401168 kB
Buffers:           38528 kB
Cached:           391828 kB
MemTotal:        1844596 kB
MemFree:         1101236 kB
MemAvailable:    1400940 kB
Buffers:           38528 kB
Cached:           391828 kB
MemTotal:        1844596 kB
MemFree:         1101356 kB
MemAvailable:    1401060 kB
Buffers:           38528 kB
Cached:           391828 kB
MemTotal:        1844596 kB
MemFree:         1101504 kB
MemAvailable:    1401208 kB
Buffers:           38528 kB
Cached:           391828 kB
MemTotal:        1844596 kB
MemFree:         1100984 kB
MemAvailable:    1400688 kB
Buffers:           38528 kB
Cached:           391828 kB
MemTotal:        1844596 kB
MemFree:         1101152 kB
MemAvailable:    1400856 kB
Buffers:           38528 kB
Cached:           391828 kB
MemTotal:        1844596 kB
MemFree:         1099876 kB
MemAvailable:    1399580 kB
Buffers:           38528 kB
Cached:           391828 kB
MemTotal:        1844596 kB
MemFree:         1101300 kB
MemAvailable:    1401004 kB
Buffers:           38528 kB
Cached:           391828 kB
MemTotal:        1844596 kB
MemFree:         1099960 kB
MemAvailable:    1399664 kB
Buffers:           38528 kB
Cached:           391828 kB
MemTotal:        1844596 kB
MemFree:         1101292 kB
MemAvailable:    1400996 kB
Buffers:           38528 kB
Cached:           391828 kB
MemTotal:        1844596 kB
MemFree:         1100092 kB
MemAvailable:    1399796 kB
Buffers:           38528 kB
Cached:           391828 kB
MemTotal:        1844596 kB
MemFree:         1100008 kB
MemAvailable:    1399712 kB
Buffers:           38528 kB
Cached:           391828 kB
MemTotal:        1844596 kB
MemFree:         1099960 kB
MemAvailable:    1399664 kB
Buffers:           38528 kB
Cached:           391828 kB
MemTotal:        1844596 kB
MemFree:         1101456 kB
MemAvailable:    1401160 kB
Buffers:           38528 kB
Cached:           391828 kB
MemTotal:        1844596 kB
MemFree:         1100000 kB
MemAvailable:    1399704 kB
Buffers:           38528 kB
Cached:           391828 kB
MemTotal:        1844596 kB
MemFree:         1101300 kB
MemAvailable:    1401004 kB
Buffers:           38528 kB
Cached:           391828 kB
MemTotal:        1844596 kB
MemFree:         1101448 kB
MemAvailable:    1401152 kB
Buffers:           38528 kB
Cached:           391828 kB
MemTotal:        1844596 kB
MemFree:         1100244 kB
MemAvailable:    1399948 kB
Buffers:           38528 kB
Cached:           391828 kB
MemTotal:        1844596 kB
MemFree:         1099960 kB
MemAvailable:    1399664 kB
Buffers:           38528 kB
Cached:           391828 kB
MemTotal:        1844596 kB
MemFree:         1101188 kB
MemAvailable:    1400892 kB
Buffers:           38528 kB
Cached:           391828 kB
MemTotal:        1844596 kB
MemFree:         1101256 kB
MemAvailable:    1400960 kB
Buffers:           38528 kB
Cached:           391828 kB
MemTotal:        1844596 kB
MemFree:         1101232 kB
MemAvailable:    1400936 kB
Buffers:           38528 kB
Cached:           391828 kB
MemTotal:        1844596 kB
MemFree:         1100876 kB
MemAvailable:    1400580 kB
Buffers:           38528 kB
Cached:           391828 kB
MemTotal:        1844596 kB
MemFree:         1101236 kB
MemAvailable:    1400940 kB
Buffers:           38528 kB
Cached:           391828 kB
MemTotal:        1844596 kB
MemFree:         1101348 kB
MemAvailable:    1401052 kB
Buffers:           38528 kB
Cached:           391828 kB
MemTotal:        1844596 kB
MemFree:         1100068 kB
MemAvailable:    1399772 kB
Buffers:           38528 kB
Cached:           391828 kB
MemTotal:        1844596 kB
MemFree:         1100008 kB
MemAvailable:    1399712 kB
Buffers:           38528 kB
Cached:           391828 kB
MemTotal:        1844596 kB
MemFree:         1101108 kB
MemAvailable:    1400812 kB
Buffers:           38528 kB
Cached:           391828 kB
MemTotal:        1844596 kB
MemFree:         1101248 kB
MemAvailable:    1400952 kB
Buffers:           38528 kB
Cached:           391828 kB
MemTotal:        1844596 kB
MemFree:         1099960 kB
MemAvailable:    1399668 kB
Buffers:           38528 kB
Cached:           391832 kB
MemTotal:        1844596 kB
MemFree:         1101068 kB
MemAvailable:    1400780 kB
Buffers:           38528 kB
Cached:           391836 kB
MemTotal:        1844596 kB
MemFree:         1101124 kB
MemAvailable:    1400836 kB
Buffers:           38528 kB
Cached:           391836 kB
MemTotal:        1844596 kB
MemFree:         1099944 kB
MemAvailable:    1399656 kB
Buffers:           38528 kB
Cached:           391836 kB
MemTotal:        1844596 kB
MemFree:         1101252 kB
MemAvailable:    1400964 kB
Buffers:           38528 kB
Cached:           391836 kB
MemTotal:        1844596 kB
MemFree:         1101220 kB
MemAvailable:    1400932 kB
Buffers:           38528 kB
Cached:           391836 kB
MemTotal:        1844596 kB
MemFree:         1101124 kB
MemAvailable:    1400836 kB
Buffers:           38528 kB
Cached:           391836 kB
MemTotal:        1844596 kB
MemFree:         1101420 kB
MemAvailable:    1401132 kB
Buffers:           38528 kB
Cached:           391836 kB
MemTotal:        1844596 kB
MemFree:         1099948 kB
MemAvailable:    1399660 kB
Buffers:           38528 kB
Cached:           391836 kB
MemTotal:        1844596 kB
MemFree:         1101436 kB
MemAvailable:    1401148 kB
Buffers:           38528 kB
Cached:           391836 kB
MemTotal:        1844596 kB
MemFree:         1101176 kB
MemAvailable:    1400888 kB
Buffers:           38528 kB
Cached:           391836 kB
MemTotal:        1844596 kB
MemFree:         1101428 kB
MemAvailable:    1401140 kB
Buffers:           38528 kB
Cached:           391836 kB
MemTotal:        1844596 kB
MemFree:         1099876 kB
MemAvailable:    1399588 kB
Buffers:           38528 kB
Cached:           391836 kB
MemTotal:        1844596 kB
MemFree:         1101512 kB
MemAvailable:    1401224 kB
Buffers:           38528 kB
Cached:           391836 kB
MemTotal:        1844596 kB
MemFree:         1100860 kB
MemAvailable:    1400572 kB
Buffers:           38528 kB
Cached:           391836 kB
MemTotal:        1844596 kB
MemFree:         1100244 kB
MemAvailable:    1399956 kB
Buffers:           38528 kB
Cached:           391836 kB
MemTotal:        1844596 kB
MemFree:         1099812 kB
MemAvailable:    1399524 kB
Buffers:           38528 kB
Cached:           391836 kB
MemTotal:        1844596 kB
MemFree:         1100112 kB
MemAvailable:    1399824 kB
Buffers:           38528 kB
Cached:           391836 kB
MemTotal:        1844596 kB
MemFree:         1101300 kB
MemAvailable:    1401012 kB
Buffers:           38528 kB
Cached:           391836 kB
MemTotal:        1844596 kB
MemFree:         1100084 kB
MemAvailable:    1399796 kB
Buffers:           38528 kB
Cached:           391836 kB
MemTotal:        1844596 kB
MemFree:         1100008 kB
MemAvailable:    1399720 kB
Buffers:           38528 kB
Cached:           391836 kB
MemTotal:        1844596 kB
MemFree:         1095668 kB
MemAvailable:    1395380 kB
Buffers:           38528 kB
Cached:           391836 kB
MemTotal:        1844596 kB
MemFree:         1094048 kB
MemAvailable:    1393760 kB
Buffers:           38528 kB
Cached:           391836 kB
MemTotal:        1844596 kB
MemFree:         1095092 kB
MemAvailable:    1394804 kB
Buffers:           38528 kB
Cached:           391836 kB
MemTotal:        1844596 kB
MemFree:         1093748 kB
MemAvailable:    1393460 kB
Buffers:           38528 kB
Cached:           391836 kB
MemTotal:        1844596 kB
MemFree:         1093660 kB
MemAvailable:    1393372 kB
Buffers:           38528 kB
Cached:           391836 kB
MemTotal:        1844596 kB
MemFree:         1093900 kB
MemAvailable:    1393612 kB
Buffers:           38528 kB
Cached:           391836 kB
MemTotal:        1844596 kB
MemFree:         1093736 kB
MemAvailable:    1393448 kB
Buffers:           38528 kB
Cached:           391836 kB
MemTotal:        1844596 kB
MemFree:         1094748 kB
MemAvailable:    1394544 kB
Buffers:           38536 kB
Cached:           391952 kB
MemTotal:        1844596 kB
MemFree:         1094676 kB
MemAvailable:    1394472 kB
Buffers:           38536 kB
Cached:           391952 kB
MemTotal:        1844596 kB
MemFree:         1093372 kB
MemAvailable:    1393252 kB
Buffers:           38536 kB
Cached:           392076 kB
MemTotal:        1844596 kB
MemFree:         1094620 kB
MemAvailable:    1394668 kB
Buffers:           38536 kB
Cached:           392200 kB
MemTotal:        1844596 kB
MemFree:         1093684 kB
MemAvailable:    1393816 kB
Buffers:           38536 kB
Cached:           392324 kB
MemTotal:        1844596 kB
MemFree:         1094372 kB
MemAvailable:    1394588 kB
Buffers:           38536 kB
Cached:           392324 kB
MemTotal:        1844596 kB
MemFree:         1093000 kB
MemAvailable:    1393300 kB
Buffers:           38536 kB
Cached:           392448 kB
MemTotal:        1844596 kB
MemFree:         1094428 kB
MemAvailable:    1394728 kB
Buffers:           38536 kB
Cached:           392448 kB
MemTotal:        1844596 kB
MemFree:         1094044 kB
MemAvailable:    1394344 kB
Buffers:           38536 kB
Cached:           392448 kB
MemTotal:        1844596 kB
MemFree:         1092860 kB
MemAvailable:    1393160 kB
Buffers:           38536 kB
Cached:           392448 kB
MemTotal:        1844596 kB
MemFree:         1092984 kB
MemAvailable:    1393284 kB
Buffers:           38536 kB
Cached:           392448 kB
MemTotal:        1844596 kB
MemFree:         1092992 kB
MemAvailable:    1393292 kB
Buffers:           38536 kB
Cached:           392448 kB
MemTotal:        1844596 kB
MemFree:         1092992 kB
MemAvailable:    1393292 kB
Buffers:           38536 kB
Cached:           392448 kB
MemTotal:        1844596 kB
MemFree:         1094216 kB
MemAvailable:    1394600 kB
Buffers:           38536 kB
Cached:           392572 kB
MemTotal:        1844596 kB
MemFree:         1092544 kB
MemAvailable:    1392256 kB
Buffers:           38536 kB
Cached:           391900 kB
MemTotal:        1844596 kB
MemFree:         1143028 kB
MemAvailable:    1442740 kB
Buffers:           38536 kB
Cached:           391900 kB
MemTotal:        1844596 kB
MemFree:         1294496 kB
MemAvailable:    1594208 kB
Buffers:           38536 kB
Cached:           391900 kB
