MemTotal:        1844596 kB
MemFree:         1315460 kB
MemAvailable:    1597580 kB
Buffers:           36260 kB
Cached:           377088 kB
MemTotal:        1844596 kB
MemFree:         1288768 kB
MemAvailable:    1570896 kB
Buffers:           36260 kB
Cached:           377092 kB
MemTotal:        1844596 kB
MemFree:         1286536 kB
MemAvailable:    1568664 kB
Buffers:           36260 kB
Cached:           377092 kB
MemTotal:        1844596 kB
MemFree:         1285916 kB
MemAvailable:    1568044 kB
Buffers:           36260 kB
Cached:           377092 kB
MemTotal:        1844596 kB
MemFree:         1284676 kB
MemAvailable:    1566804 kB
Buffers:           36260 kB
Cached:           377092 kB
MemTotal:        1844596 kB
MemFree:         1283188 kB
MemAvailable:    1565316 kB
Buffers:           36260 kB
Cached:           377092 kB
MemTotal:        1844596 kB
MemFree:         1284488 kB
MemAvailable:    1566616 kB
Buffers:           36260 kB
Cached:           377092 kB
MemTotal:        1844596 kB
MemFree:         1281816 kB
MemAvailable:    1563944 kB
Buffers:           36260 kB
Cached:           377092 kB
MemTotal:        1844596 kB
MemFree:         1280196 kB
MemAvailable:    1562324 kB
Buffers:           36260 kB
Cached:           377092 kB
MemTotal:        1844596 kB
MemFree:         1279848 kB
MemAvailable:    1561976 kB
Buffers:           36260 kB
Cached:           377092 kB
MemTotal:        1844596 kB
MemFree:         1273996 kB
MemAvailable:    1556124 kB
Buffers:           36260 kB
Cached:           377092 kB
MemTotal:        1844596 kB
MemFree:         1273960 kB
MemAvailable:    1556088 kB
Buffers:           36260 kB
Cached:           377092 kB
MemTotal:        1844596 kB
MemFree:         1274544 kB
MemAvailable:    1556672 kB
Buffers:           36260 kB
Cached:           377092 kB
MemTotal:        1844596 kB
MemFree:         1274400 kB
MemAvailable:    1556528 kB
Buffers:           36260 kB
Cached:           377092 kB
MemTotal:        1844596 kB
MemFree:         1273268 kB
MemAvailable:    1555396 kB
Buffers:           36260 kB
Cached:           377092 kB
MemTotal:        1844596 kB
MemFree:         1274196 kB
MemAvailable:    1556324 kB
Buffers:           36260 kB
Cached:           377092 kB
MemTotal:        1844596 kB
MemFree:         1274196 kB
MemAvailable:    1556324 kB
Buffers:           36260 kB
Cached:           377092 kB
MemTotal:        1844596 kB
MemFree:         1272840 kB
MemAvailable:    1554968 kB
Buffers:           36260 kB
Cached:           377092 kB
MemTotal:        1844596 kB
MemFree:         1272832 kB
MemAvailable:    1554960 kB
Buffers:           36260 kB
Cached:           377092 kB
MemTotal:        1844596 kB
MemFree:         1274204 kB
MemAvailable:    1556332 kB
Buffers:           36260 kB
Cached:           377092 kB
MemTotal:        1844596 kB
MemFree:         1272896 kB
MemAvailable:    1555024 kB
Buffers:           36260 kB
Cached:           377092 kB
MemTotal:        1844596 kB
MemFree:         1273592 kB
MemAvailable:    1555720 kB
Buffers:           36260 kB
Cached:           377092 kB
MemTotal:        1844596 kB
MemFree:         1273848 kB
MemAvailable:    1555976 kB
Buffers:           36260 kB
Cached:           377092 kB
MemTotal:        1844596 kB
MemFree:         1273496 kB
MemAvailable:    1555624 kB
Buffers:           36260 kB
Cached:           377092 kB
MemTotal:        1844596 kB
MemFree:         1273392 kB
MemAvailable:    1555520 kB
Buffers:           36260 kB
Cached:           377092 kB
MemTotal:        1844596 kB
MemFree:         1272212 kB
MemAvailable:    1554340 kB
Buffers:           36260 kB
Cached:           377092 kB
MemTotal:        1844596 kB
MemFree:         1272028 kB
MemAvailable:    1554156 kB
Buffers:           36260 kB
Cached:           377092 kB
MemTotal:        1844596 kB
MemFree:         1273220 kB
MemAvailable:    1555348 kB
Buffers:           36260 kB
Cached:           377092 kB
MemTotal:        1844596 kB
MemFree:         1271656 kB
MemAvailable:    1553784 kB
Buffers:           36260 kB
Cached:           377092 kB
MemTotal:        1844596 kB
MemFree:         1272476 kB
MemAvailable:    1554604 kB
Buffers:           36260 kB
Cached:           377092 kB
MemTotal:        1844596 kB
MemFree:         1272732 kB
MemAvailable:    1554860 kB
Buffers:           36260 kB
Cached:           377092 kB
MemTotal:        1844596 kB
MemFree:         1271764 kB
MemAvailable:    1553892 kB
Buffers:           36260 kB
Cached:           377092 kB
MemTotal:        1844596 kB
MemFree:         1271284 kB
MemAvailable:    1553412 kB
Buffers:           36260 kB
Cached:           377092 kB
MemTotal:        1844596 kB
MemFree:         1271536 kB
MemAvailable:    1553664 kB
Buffers:           36260 kB
Cached:           377092 kB
MemTotal:        1844596 kB
MemFree:         1271448 kB
MemAvailable:    1553576 kB
Buffers:           36260 kB
Cached:           377092 kB
MemTotal:        1844596 kB
MemFree:         1270540 kB
MemAvailable:    1552668 kB
Buffers:           36260 kB
Cached:           377092 kB
MemTotal:        1844596 kB
MemFree:         1271320 kB
MemAvailable:    1553448 kB
Buffers:           36260 kB
Cached:           377092 kB
MemTotal:        1844596 kB
MemFree:         1271492 kB
MemAvailable:    1553620 kB
Buffers:           36260 kB
Cached:           377092 kB
MemTotal:        1844596 kB
MemFree:         1271408 kB
MemAvailable:    1553536 kB
Buffers:           36260 kB
Cached:           377092 kB
MemTotal:        1844596 kB
MemFree:         1271268 kB
MemAvailable:    1553396 kB
Buffers:           36260 kB
Cached:           377092 kB
MemTotal:        1844596 kB
MemFree:         1271520 kB
MemAvailable:    1553648 kB
Buffers:           36260 kB
Cached:           377092 kB
MemTotal:        1844596 kB
MemFree:         1272488 kB
MemAvailable:    1554616 kB
Buffers:           36260 kB
Cached:           377092 kB
MemTotal:        1844596 kB
MemFree:         1272584 kB
MemAvailable:    1554712 kB
Buffers:           36260 kB
Cached:           377092 kB
MemTotal:        1844596 kB
MemFree:         1270416 kB
MemAvailable:    1552544 kB
Buffers:           36260 kB
Cached:           377092 kB
MemTotal:        1844596 kB
MemFree:         1268432 kB
MemAvailable:    1550560 kB
Buffers:           36260 kB
Cached:           377092 kB
MemTotal:        1844596 kB
MemFree:         1266448 kB
MemAvailable:    1548576 kB
Buffers:           36260 kB
Cached:           377092 kB
MemTotal:        1844596 kB
MemFree:         1267164 kB
MemAvailable:    1549292 kB
Buffers:           36260 kB
Cached:           377092 kB
MemTotal:        1844596 kB
MemFree:         1267500 kB
MemAvailable:    1549628 kB
Buffers:           36260 kB
Cached:           377092 kB
MemTotal:        1844596 kB
MemFree:         1267176 kB
MemAvailable:    1549304 kB
Buffers:           36260 kB
Cached:           377092 kB
MemTotal:        1844596 kB
MemFree:         1267516 kB
MemAvailable:    1549644 kB
Buffers:           36260 kB
Cached:           377092 kB
MemTotal:        1844596 kB
MemFree:         1266020 kB
MemAvailable:    1548148 kB
Buffers:           36260 kB
Cached:           377092 kB
MemTotal:        1844596 kB
MemFree:         1266144 kB
MemAvailable:    1548272 kB
Buffers:           36260 kB
Cached:           377092 kB
MemTotal:        1844596 kB
MemFree:         1266012 kB
MemAvailable:    1548140 kB
Buffers:           36260 kB
Cached:           377092 kB
MemTotal:        1844596 kB
MemFree:         1266988 kB
MemAvailable:    1549116 kB
Buffers:           36260 kB
Cached:           377092 kB
MemTotal:        1844596 kB
MemFree:         1266448 kB
MemAvailable:    1548576 kB
Buffers:           36260 kB
Cached:           377092 kB
MemTotal:        1844596 kB
MemFree:         1266992 kB
MemAvailable:    1549120 kB
Buffers:           36260 kB
Cached:           377092 kB
MemTotal:        1844596 kB
MemFree:         1265644 kB
MemAvailable:    1547772 kB
Buffers:           36260 kB
Cached:           377092 kB
MemTotal:        1844596 kB
MemFree:         1266932 kB
MemAvailable:    1549060 kB
Buffers:           36260 kB
Cached:           377092 kB
MemTotal:        1844596 kB
MemFree:         1266784 kB
MemAvailable:    1548912 kB
Buffers:           36260 kB
Cached:           377092 kB
MemTotal:        1844596 kB
MemFree:         1267120 kB
MemAvailable:    1549248 kB
Buffers:           36260 kB
Cached:           377092 kB
MemTotal:        1844596 kB
MemFree:         1265628 kB
MemAvailable:    1547756 kB
Buffers:           36260 kB
Cached:           377092 kB
MemTotal:        1844596 kB
MemFree:         1261100 kB
MemAvailable:    1543228 kB
Buffers:           36260 kB
Cached:           377092 kB
MemTotal:        1844596 kB
MemFree:         1260868 kB
MemAvailable:    1542996 kB
Buffers:           36260 kB
Cached:           377092 kB
MemTotal:        1844596 kB
MemFree:         1259564 kB
MemAvailable:    1541692 kB
Buffers:           36260 kB
Cached:           377092 kB
MemTotal:        1844596 kB
MemFree:         1260480 kB
MemAvailable:    1542608 kB
Buffers:           36260 kB
Cached:           377092 kB
MemTotal:        1844596 kB
MemFree:         1260816 kB
MemAvailable:    1542944 kB
Buffers:           36260 kB
Cached:           377092 kB
MemTotal:        1844596 kB
MemFree:         1258132 kB
MemAvailable:    1540260 kB
Buffers:           36260 kB
Cached:           377092 kB
MemTotal:        1844596 kB
MemFree:         1257768 kB
MemAvailable:    1539896 kB
Buffers:           36260 kB
Cached:           377092 kB
MemTotal:        1844596 kB
MemFree:         1258432 kB
MemAvailable:    1540560 kB
Buffers:           36260 kB
Cached:           377092 kB
MemTotal:        1844596 kB
MemFree:         1258192 kB
MemAvailable:    1540320 kB
Buffers:           36260 kB
Cached:           377092 kB
MemTotal:        1844596 kB
MemFree:         1257644 kB
MemAvailable:    1539772 kB
Buffers:           36260 kB
Cached:           377092 kB
MemTotal:        1844596 kB
MemFree:         1258376 kB
MemAvailable:    1540504 kB
Buffers:           36260 kB
Cached:           377092 kB
MemTotal:        1844596 kB
MemFree:         1257088 kB
MemAvailable:    1539216 kB
Buffers:           36260 kB
Cached:           377092 kB
MemTotal:        1844596 kB
MemFree:         1256956 kB
MemAvailable:    1539084 kB
Buffers:           36260 kB
Cached:           377092 kB
MemTotal:        1844596 kB
MemFree:         1258100 kB
MemAvailable:    1540228 kB
Buffers:           36260 kB
Cached:           377092 kB
MemTotal:        1844596 kB
MemFree:         1258264 kB
MemAvailable:    1540392 kB
Buffers:           36260 kB
Cached:           377092 kB
MemTotal:        1844596 kB
MemFree:         1256712 kB
MemAvailable:    1538840 kB
Buffers:           36260 kB
Cached:           377092 kB
MemTotal:        1844596 kB
MemFree:         1256844 kB
MemAvailable:    1538972 kB
Buffers:           36260 kB
Cached:           377092 kB
MemTotal:        1844596 kB
MemFree:         1258252 kB
MemAvailable:    1540380 kB
Buffers:           36260 kB
Cached:           377092 kB
MemTotal:        1844596 kB
MemFree:         1258164 kB
MemAvailable:    1540292 kB
Buffers:           36260 kB
Cached:           377092 kB
MemTotal:        1844596 kB
MemFree:         1256852 kB
MemAvailable:    1538984 kB
Buffers:           36260 kB
Cached:           377096 kB
MemTotal:        1844596 kB
MemFree:         1258244 kB
MemAvailable:    1540376 kB
Buffers:           36260 kB
Cached:           377096 kB
MemTotal:        1844596 kB
MemFree:         1256756 kB
MemAvailable:    1538892 kB
Buffers:           36260 kB
Cached:           377100 kB
MemTotal:        1844596 kB
MemFree:         1258076 kB
MemAvailable:    1540212 kB
Buffers:           36260 kB
Cached:           377100 kB
MemTotal:        1844596 kB
MemFree:         1257024 kB
MemAvailable:    1539160 kB
Buffers:           36260 kB
Cached:           377100 kB
MemTotal:        1844596 kB
MemFree:         1257740 kB
MemAvailable:    1539876 kB
Buffers:           36260 kB
Cached:           377100 kB
MemTotal:        1844596 kB
MemFree:         1258076 kB
MemAvailable:    1540212 kB
Buffers:           36260 kB
Cached:           377100 kB
MemTotal:        1844596 kB
MemFree:         1256584 kB
MemAvailable:    1538720 kB
Buffers:           36260 kB
Cached:           377100 kB
MemTotal:        1844596 kB
MemFree:         1257816 kB
MemAvailable:    1539952 kB
Buffers:           36260 kB
Cached:           377100 kB
MemTotal:        1844596 kB
MemFree:         1256032 kB
MemAvailable:    1538168 kB
Buffers:           36260 kB
Cached:           377100 kB
MemTotal:        1844596 kB
MemFree:         1253984 kB
MemAvailable:    1536120 kB
Buffers:           36260 kB
Cached:           377100 kB
MemTotal:        1844596 kB
MemFree:         1250576 kB
MemAvailable:    1532712 kB
Buffers:           36260 kB
Cached:           377100 kB
MemTotal:        1844596 kB
MemFree:         1248840 kB
MemAvailable:    1530976 kB
Buffers:           36260 kB
Cached:           377100 kB
MemTotal:        1844596 kB
MemFree:         1248468 kB
MemAvailable:    1530604 kB
Buffers:           36260 kB
Cached:           377100 kB
MemTotal:        1844596 kB
MemFree:         1249576 kB
MemAvailable:    1531712 kB
Buffers:           36260 kB
Cached:           377100 kB
MemTotal:        1844596 kB
MemFree:         1249468 kB
MemAvailable:    1531604 kB
Buffers:           36260 kB
Cached:           377100 kB
MemTotal:        1844596 kB
MemFree:         1249328 kB
MemAvailable:    1531464 kB
Buffers:           36260 kB
Cached:           377100 kB
MemTotal:        1844596 kB
MemFree:         1249056 kB
MemAvailable:    1531192 kB
Buffers:           36260 kB
Cached:           377100 kB
MemTotal:        1844596 kB
MemFree:         1249308 kB
MemAvailable:    1531444 kB
Buffers:           36260 kB
Cached:           377100 kB
MemTotal:        1844596 kB
MemFree:         1249260 kB
MemAvailable:    1531396 kB
Buffers:           36260 kB
Cached:           377100 kB
MemTotal:        1844596 kB
MemFree:         1247952 kB
MemAvailable:    1530088 kB
Buffers:           36260 kB
Cached:           377100 kB
MemTotal:        1844596 kB
MemFree:         1247820 kB
MemAvailable:    1529956 kB
Buffers:           36260 kB
Cached:           377100 kB
MemTotal:        1844596 kB
MemFree:         1249128 kB
MemAvailable:    1531264 kB
Buffers:           36260 kB
Cached:           377100 kB
MemTotal:        1844596 kB
MemFree:         1249144 kB
MemAvailable:    1531280 kB
Buffers:           36260 kB
Cached:           377100 kB
MemTotal:        1844596 kB
MemFree:         1249312 kB
MemAvailable:    1531448 kB
Buffers:           36260 kB
Cached:           377100 kB
MemTotal:        1844596 kB
MemFree:         1249100 kB
MemAvailable:    1531236 kB
Buffers:           36260 kB
Cached:           377100 kB
MemTotal:        1844596 kB
MemFree:         1247960 kB
MemAvailable:    1530096 kB
Buffers:           36260 kB
Cached:           377100 kB
MemTotal:        1844596 kB
MemFree:         1249020 kB
MemAvailable:    1531156 kB
Buffers:           36260 kB
Cached:           377100 kB
MemTotal:        1844596 kB
MemFree:         1249272 kB
MemAvailable:    1531408 kB
Buffers:           36260 kB
Cached:           377100 kB
MemTotal:        1844596 kB
MemFree:         1249152 kB
MemAvailable:    1531288 kB
Buffers:           36260 kB
Cached:           377100 kB
MemTotal:        1844596 kB
MemFree:         1249220 kB
MemAvailable:    1531356 kB
Buffers:           36260 kB
Cached:           377100 kB
MemTotal:        1844596 kB
MemFree:         1249040 kB
MemAvailable:    1531176 kB
Buffers:           36260 kB
Cached:           377100 kB
MemTotal:        1844596 kB
MemFree:         1247960 kB
MemAvailable:    1530096 kB
Buffers:           36260 kB
Cached:           377100 kB
MemTotal:        1844596 kB
MemFree:         1249324 kB
MemAvailable:    1531460 kB
Buffers:           36260 kB
Cached:           377100 kB
MemTotal:        1844596 kB
MemFree:         1249076 kB
MemAvailable:    1531212 kB
Buffers:           36260 kB
Cached:           377100 kB
MemTotal:        1844596 kB
MemFree:         1248344 kB
MemAvailable:    1530480 kB
Buffers:           36260 kB
Cached:           377100 kB
MemTotal:        1844596 kB
MemFree:         1249020 kB
MemAvailable:    1531156 kB
Buffers:           36260 kB
Cached:           377100 kB
MemTotal:        1844596 kB
MemFree:         1249020 kB
MemAvailable:    1531156 kB
Buffers:           36260 kB
Cached:           377100 kB
MemTotal:        1844596 kB
MemFree:         1247784 kB
MemAvailable:    1529920 kB
Buffers:           36260 kB
Cached:           377100 kB
MemTotal:        1844596 kB
MemFree:         1249060 kB
MemAvailable:    1531196 kB
Buffers:           36260 kB
Cached:           377100 kB
MemTotal:        1844596 kB
MemFree:         1248716 kB
MemAvailable:    1530852 kB
Buffers:           36260 kB
Cached:           377100 kB
MemTotal:        1844596 kB
MemFree:         1248652 kB
MemAvailable:    1530788 kB
Buffers:           36260 kB
Cached:           377100 kB
MemTotal:        1844596 kB
MemFree:         1245824 kB
MemAvailable:    1527960 kB
Buffers:           36260 kB
Cached:           377100 kB
MemTotal:        1844596 kB
MemFree:         1243004 kB
MemAvailable:    1525140 kB
Buffers:           36260 kB
Cached:           377100 kB
MemTotal:        1844596 kB
MemFree:         1241336 kB
MemAvailable:    1523472 kB
Buffers:           36260 kB
Cached:           377100 kB
MemTotal:        1844596 kB
MemFree:         1239168 kB
MemAvailable:    1521304 kB
Buffers:           36260 kB
Cached:           377100 kB
MemTotal:        1844596 kB
MemFree:         1239044 kB
MemAvailable:    1521180 kB
Buffers:           36260 kB
Cached:           377100 kB
MemTotal:        1844596 kB
MemFree:         1238796 kB
MemAvailable:    1520932 kB
Buffers:           36260 kB
Cached:           377100 kB
MemTotal:        1844596 kB
MemFree:         1239492 kB
MemAvailable:    1521628 kB
Buffers:           36260 kB
Cached:           377100 kB
MemTotal:        1844596 kB
MemFree:         1238284 kB
MemAvailable:    1520420 kB
Buffers:           36260 kB
Cached:           377100 kB
MemTotal:        1844596 kB
MemFree:         1238536 kB
MemAvailable:    1520672 kB
Buffers:           36260 kB
Cached:           377100 kB
MemTotal:        1844596 kB
MemFree:         1237424 kB
MemAvailable:    1519560 kB
Buffers:           36260 kB
Cached:           377100 kB
MemTotal:        1844596 kB
MemFree:         1236060 kB
MemAvailable:    1518196 kB
Buffers:           36260 kB
Cached:           377100 kB
MemTotal:        1844596 kB
MemFree:         1236020 kB
MemAvailable:    1518156 kB
Buffers:           36260 kB
Cached:           377100 kB
MemTotal:        1844596 kB
MemFree:         1237380 kB
MemAvailable:    1519516 kB
Buffers:           36260 kB
Cached:           377100 kB
MemTotal:        1844596 kB
MemFree:         1236432 kB
MemAvailable:    1518568 kB
Buffers:           36260 kB
Cached:           377100 kB
MemTotal:        1844596 kB
MemFree:         1237212 kB
MemAvailable:    1519356 kB
Buffers:           36260 kB
Cached:           377108 kB
MemTotal:        1844596 kB
MemFree:         1237184 kB
MemAvailable:    1519328 kB
Buffers:           36260 kB
Cached:           377108 kB
MemTotal:        1844596 kB
MemFree:         1236136 kB
MemAvailable:    1518280 kB
Buffers:           36260 kB
Cached:           377108 kB
MemTotal:        1844596 kB
MemFree:         1237280 kB
MemAvailable:    1519424 kB
Buffers:           36260 kB
Cached:           377108 kB
MemTotal:        1844596 kB
MemFree:         1237184 kB
MemAvailable:    1519328 kB
Buffers:           36260 kB
Cached:           377108 kB
MemTotal:        1844596 kB
MemFree:         1237420 kB
MemAvailable:    1519564 kB
Buffers:           36260 kB
Cached:           377108 kB
MemTotal:        1844596 kB
MemFree:         1237332 kB
MemAvailable:    1519476 kB
Buffers:           36260 kB
Cached:           377108 kB
MemTotal:        1844596 kB
MemFree:         1236688 kB
MemAvailable:    1518832 kB
Buffers:           36260 kB
Cached:           377108 kB
MemTotal:        1844596 kB
MemFree:         1237268 kB
MemAvailable:    1519412 kB
Buffers:           36260 kB
Cached:           377108 kB
MemTotal:        1844596 kB
MemFree:         1236060 kB
MemAvailable:    1518204 kB
Buffers:           36260 kB
Cached:           377108 kB
MemTotal:        1844596 kB
MemFree:         1237168 kB
MemAvailable:    1519312 kB
Buffers:           36260 kB
Cached:           377108 kB
MemTotal:        1844596 kB
MemFree:         1237504 kB
MemAvailable:    1519648 kB
Buffers:           36260 kB
Cached:           377108 kB
MemTotal:        1844596 kB
MemFree:         1237296 kB
MemAvailable:    1519440 kB
Buffers:           36260 kB
Cached:           377108 kB
MemTotal:        1844596 kB
MemFree:         1237364 kB
MemAvailable:    1519508 kB
Buffers:           36260 kB
Cached:           377108 kB
MemTotal:        1844596 kB
MemFree:         1236564 kB
MemAvailable:    1518708 kB
Buffers:           36260 kB
Cached:           377108 kB
MemTotal:        1844596 kB
MemFree:         1237220 kB
MemAvailable:    1519368 kB
Buffers:           36260 kB
Cached:           377112 kB
MemTotal:        1844596 kB
MemFree:         1236696 kB
MemAvailable:    1518844 kB
Buffers:           36260 kB
Cached:           377112 kB
MemTotal:        1844596 kB
MemFree:         1235928 kB
MemAvailable:    1518076 kB
Buffers:           36260 kB
Cached:           377112 kB
MemTotal:        1844596 kB
MemFree:         1236144 kB
MemAvailable:    1518292 kB
Buffers:           36260 kB
Cached:           377112 kB
MemTotal:        1844596 kB
MemFree:         1237476 kB
MemAvailable:    1519624 kB
Buffers:           36260 kB
Cached:           377112 kB
MemTotal:        1844596 kB
MemFree:         1237376 kB
MemAvailable:    1519524 kB
Buffers:           36260 kB
Cached:           377112 kB
MemTotal:        1844596 kB
MemFree:         1237176 kB
MemAvailable:    1519324 kB
Buffers:           36260 kB
Cached:           377112 kB
MemTotal:        1844596 kB
MemFree:         1237316 kB
MemAvailable:    1519464 kB
Buffers:           36260 kB
Cached:           377112 kB
MemTotal:        1844596 kB
MemFree:         1237308 kB
MemAvailable:    1519456 kB
Buffers:           36260 kB
Cached:           377112 kB
MemTotal:        1844596 kB
MemFree:         1237176 kB
MemAvailable:    1519324 kB
Buffers:           36260 kB
Cached:           377112 kB
MemTotal:        1844596 kB
MemFree:         1237192 kB
MemAvailable:    1519340 kB
Buffers:           36260 kB
Cached:           377112 kB
MemTotal:        1844596 kB
MemFree:         1235888 kB
MemAvailable:    1518036 kB
Buffers:           36260 kB
Cached:           377112 kB
MemTotal:        1844596 kB
MemFree:         1237292 kB
MemAvailable:    1519440 kB
Buffers:           36260 kB
Cached:           377112 kB
MemTotal:        1844596 kB
MemFree:         1237292 kB
MemAvailable:    1519440 kB
Buffers:           36260 kB
Cached:           377112 kB
MemTotal:        1844596 kB
MemFree:         1236012 kB
MemAvailable:    1518160 kB
Buffers:           36260 kB
Cached:           377112 kB
MemTotal:        1844596 kB
MemFree:         1236004 kB
MemAvailable:    1518152 kB
Buffers:           36260 kB
Cached:           377112 kB
MemTotal:        1844596 kB
MemFree:         1237300 kB
MemAvailable:    1519448 kB
Buffers:           36260 kB
Cached:           377112 kB
MemTotal:        1844596 kB
MemFree:         1237236 kB
MemAvailable:    1519384 kB
Buffers:           36260 kB
Cached:           377112 kB
MemTotal:        1844596 kB
MemFree:         1237236 kB
MemAvailable:    1519384 kB
Buffers:           36260 kB
Cached:           377112 kB
MemTotal:        1844596 kB
MemFree:         1235888 kB
MemAvailable:    1518036 kB
Buffers:           36260 kB
Cached:           377112 kB
MemTotal:        1844596 kB
MemFree:         1237292 kB
MemAvailable:    1519440 kB
Buffers:           36260 kB
Cached:           377112 kB
MemTotal:        1844596 kB
MemFree:         1237544 kB
MemAvailable:    1519692 kB
Buffers:           36260 kB
Cached:           377112 kB
MemTotal:        1844596 kB
MemFree:         1236012 kB
MemAvailable:    1518160 kB
Buffers:           36260 kB
Cached:           377112 kB
MemTotal:        1844596 kB
MemFree:         1237288 kB
MemAvailable:    1519436 kB
Buffers:           36260 kB
Cached:           377112 kB
MemTotal:        1844596 kB
MemFree:         1237192 kB
MemAvailable:    1519340 kB
Buffers:           36260 kB
Cached:           377112 kB
MemTotal:        1844596 kB
MemFree:         1235928 kB
MemAvailable:    1518076 kB
Buffers:           36260 kB
Cached:           377112 kB
MemTotal:        1844596 kB
MemFree:         1236020 kB
MemAvailable:    1518168 kB
Buffers:           36260 kB
Cached:           377112 kB
MemTotal:        1844596 kB
MemFree:         1236012 kB
MemAvailable:    1518160 kB
Buffers:           36260 kB
Cached:           377112 kB
MemTotal:        1844596 kB
MemFree:         1237156 kB
MemAvailable:    1519304 kB
Buffers:           36260 kB
Cached:           377112 kB
MemTotal:        1844596 kB
MemFree:         1237060 kB
MemAvailable:    1519208 kB
Buffers:           36260 kB
Cached:           377112 kB
MemTotal:        1844596 kB
MemFree:         1237356 kB
MemAvailable:    1519504 kB
Buffers:           36260 kB
Cached:           377112 kB
MemTotal:        1844596 kB
MemFree:         1237248 kB
MemAvailable:    1519396 kB
Buffers:           36260 kB
Cached:           377112 kB
MemTotal:        1844596 kB
MemFree:         1237212 kB
MemAvailable:    1519360 kB
Buffers:           36260 kB
Cached:           377112 kB
MemTotal:        1844596 kB
MemFree:         1236980 kB
MemAvailable:    1519128 kB
Buffers:           36260 kB
Cached:           377112 kB
MemTotal:        1844596 kB
MemFree:         1237148 kB
MemAvailable:    1519296 kB
Buffers:           36260 kB
Cached:           377112 kB
MemTotal:        1844596 kB
MemFree:         1236864 kB
MemAvailable:    1519012 kB
Buffers:           36260 kB
Cached:           377112 kB
MemTotal:        1844596 kB
MemFree:         1236880 kB
MemAvailable:    1519028 kB
Buffers:           36260 kB
Cached:           377112 kB
MemTotal:        1844596 kB
MemFree:         1236944 kB
MemAvailable:    1519092 kB
Buffers:           36260 kB
Cached:           377112 kB
MemTotal:        1844596 kB
MemFree:         1236756 kB
MemAvailable:    1518904 kB
Buffers:           36260 kB
Cached:           377112 kB
MemTotal:        1844596 kB
MemFree:         1237012 kB
MemAvailable:    1519160 kB
Buffers:           36260 kB
Cached:           377112 kB
MemTotal:        1844596 kB
MemFree:         1235516 kB
MemAvailable:    1517664 kB
Buffers:           36260 kB
Cached:           377112 kB
MemTotal:        1844596 kB
MemFree:         1236816 kB
MemAvailable:    1518964 kB
Buffers:           36260 kB
Cached:           377112 kB
MemTotal:        1844596 kB
MemFree:         1236660 kB
MemAvailable:    1518808 kB
Buffers:           36260 kB
Cached:           377112 kB
MemTotal:        1844596 kB
MemFree:         1236912 kB
MemAvailable:    1519060 kB
Buffers:           36260 kB
Cached:           377112 kB
MemTotal:        1844596 kB
MemFree:         1235308 kB
MemAvailable:    1517456 kB
Buffers:           36260 kB
Cached:           377112 kB
MemTotal:        1844596 kB
MemFree:         1235524 kB
MemAvailable:    1517672 kB
Buffers:           36260 kB
Cached:           377112 kB
MemTotal:        1844596 kB
MemFree:         1236568 kB
MemAvailable:    1518716 kB
Buffers:           36260 kB
Cached:           377112 kB
MemTotal:        1844596 kB
MemFree:         1235136 kB
MemAvailable:    1517284 kB
Buffers:           36260 kB
Cached:           377112 kB
MemTotal:        1844596 kB
MemFree:         1236244 kB
MemAvailable:    1518392 kB
Buffers:           36260 kB
Cached:           377112 kB
MemTotal:        1844596 kB
MemFree:         1236192 kB
MemAvailable:    1518340 kB
Buffers:           36260 kB
Cached:           377112 kB
MemTotal:        1844596 kB
MemFree:         1234888 kB
MemAvailable:    1517036 kB
Buffers:           36260 kB
Cached:           377112 kB
MemTotal:        1844596 kB
MemFree:         1236304 kB
MemAvailable:    1518452 kB
Buffers:           36260 kB
Cached:           377112 kB
MemTotal:        1844596 kB
MemFree:         1236316 kB
MemAvailable:    1518464 kB
Buffers:           36260 kB
Cached:           377112 kB
MemTotal:        1844596 kB
MemFree:         1236244 kB
MemAvailable:    1518392 kB
Buffers:           36260 kB
Cached:           377112 kB
MemTotal:        1844596 kB
MemFree:         1236496 kB
MemAvailable:    1518644 kB
Buffers:           36260 kB
Cached:           377112 kB
MemTotal:        1844596 kB
MemFree:         1235028 kB
MemAvailable:    1517176 kB
Buffers:           36260 kB
Cached:           377112 kB
MemTotal:        1844596 kB
MemFree:         1235028 kB
MemAvailable:    1517176 kB
Buffers:           36260 kB
Cached:           377112 kB
MemTotal:        1844596 kB
MemFree:         1235020 kB
MemAvailable:    1517168 kB
Buffers:           36260 kB
Cached:           377112 kB
MemTotal:        1844596 kB
MemFree:         1236128 kB
MemAvailable:    1518276 kB
Buffers:           36260 kB
Cached:           377112 kB
MemTotal:        1844596 kB
MemFree:         1236184 kB
MemAvailable:    1518332 kB
Buffers:           36260 kB
Cached:           377112 kB
MemTotal:        1844596 kB
MemFree:         1236016 kB
MemAvailable:    1518164 kB
Buffers:           36260 kB
Cached:           377112 kB
MemTotal:        1844596 kB
MemFree:         1235152 kB
MemAvailable:    1517300 kB
Buffers:           36260 kB
Cached:           377112 kB
MemTotal:        1844596 kB
MemFree:         1236296 kB
MemAvailable:    1518444 kB
Buffers:           36260 kB
Cached:           377112 kB
MemTotal:        1844596 kB
MemFree:         1235448 kB
MemAvailable:    1517596 kB
Buffers:           36260 kB
Cached:           377112 kB
MemTotal:        1844596 kB
MemFree:         1234084 kB
MemAvailable:    1516232 kB
Buffers:           36260 kB
Cached:           377112 kB
MemTotal:        1844596 kB
MemFree:         1228992 kB
MemAvailable:    1511140 kB
Buffers:           36260 kB
Cached:           377112 kB
MemTotal:        1844596 kB
MemFree:         1226272 kB
MemAvailable:    1508420 kB
Buffers:           36260 kB
Cached:           377112 kB
MemTotal:        1844596 kB
MemFree:         1224784 kB
MemAvailable:    1506932 kB
Buffers:           36260 kB
Cached:           377112 kB
MemTotal:        1844596 kB
MemFree:         1224396 kB
MemAvailable:    1506544 kB
Buffers:           36260 kB
Cached:           377112 kB
MemTotal:        1844596 kB
MemFree:         1225752 kB
MemAvailable:    1507900 kB
Buffers:           36260 kB
Cached:           377112 kB
MemTotal:        1844596 kB
MemFree:         1225340 kB
MemAvailable:    1507488 kB
Buffers:           36260 kB
Cached:           377112 kB
MemTotal:        1844596 kB
MemFree:         1223992 kB
MemAvailable:    1506140 kB
Buffers:           36260 kB
Cached:           377112 kB
MemTotal:        1844596 kB
MemFree:         1225216 kB
MemAvailable:    1507364 kB
Buffers:           36260 kB
Cached:           377112 kB
MemTotal:        1844596 kB
MemFree:         1224604 kB
MemAvailable:    1506752 kB
Buffers:           36260 kB
Cached:           377112 kB
MemTotal:        1844596 kB
MemFree:         1224412 kB
MemAvailable:    1506560 kB
Buffers:           36260 kB
Cached:           377112 kB
MemTotal:        1844596 kB
MemFree:         1224480 kB
MemAvailable:    1506628 kB
Buffers:           36260 kB
Cached:           377112 kB
MemTotal:        1844596 kB
MemFree:         1222676 kB
MemAvailable:    1504824 kB
Buffers:           36260 kB
Cached:           377112 kB
MemTotal:        1844596 kB
MemFree:         1223048 kB
MemAvailable:    1505204 kB
Buffers:           36260 kB
Cached:           377120 kB
MemTotal:        1844596 kB
MemFree:         1223304 kB
MemAvailable:    1505460 kB
Buffers:           36260 kB
Cached:           377120 kB
MemTotal:        1844596 kB
MemFree:         1223164 kB
MemAvailable:    1505320 kB
Buffers:           36260 kB
Cached:           377120 kB
MemTotal:        1844596 kB
MemFree:         1222852 kB
MemAvailable:    1505008 kB
Buffers:           36260 kB
Cached:           377120 kB
MemTotal:        1844596 kB
MemFree:         1221544 kB
MemAvailable:    1503700 kB
Buffers:           36260 kB
Cached:           377120 kB
MemTotal:        1844596 kB
MemFree:         1221792 kB
MemAvailable:    1503948 kB
Buffers:           36260 kB
Cached:           377120 kB
MemTotal:        1844596 kB
MemFree:         1221800 kB
MemAvailable:    1503956 kB
Buffers:           36260 kB
Cached:           377120 kB
MemTotal:        1844596 kB
MemFree:         1222784 kB
MemAvailable:    1504940 kB
Buffers:           36260 kB
Cached:           377120 kB
MemTotal:        1844596 kB
MemFree:         1222644 kB
MemAvailable:    1504800 kB
Buffers:           36260 kB
Cached:           377120 kB
MemTotal:        1844596 kB
MemFree:         1222312 kB
MemAvailable:    1504468 kB
Buffers:           36260 kB
Cached:           377120 kB
MemTotal:        1844596 kB
MemFree:         1221380 kB
MemAvailable:    1503536 kB
Buffers:           36260 kB
Cached:           377120 kB
MemTotal:        1844596 kB
MemFree:         1222688 kB
MemAvailable:    1504844 kB
Buffers:           36260 kB
Cached:           377120 kB
MemTotal:        1844596 kB
MemFree:         1221512 kB
MemAvailable:    1503668 kB
Buffers:           36260 kB
Cached:           377120 kB
MemTotal:        1844596 kB
MemFree:         1221504 kB
MemAvailable:    1503660 kB
Buffers:           36260 kB
Cached:           377120 kB
MemTotal:        1844596 kB
MemFree:         1222936 kB
MemAvailable:    1505092 kB
Buffers:           36260 kB
Cached:           377120 kB
MemTotal:        1844596 kB
MemFree:         1221320 kB
MemAvailable:    1503476 kB
Buffers:           36260 kB
Cached:           377120 kB
MemTotal:        1844596 kB
MemFree:         1221436 kB
MemAvailable:    1503592 kB
Buffers:           36260 kB
Cached:           377120 kB
MemTotal:        1844596 kB
MemFree:         1221436 kB
MemAvailable:    1503592 kB
Buffers:           36260 kB
Cached:           377120 kB
MemTotal:        1844596 kB
MemFree:         1220824 kB
MemAvailable:    1502980 kB
Buffers:           36260 kB
Cached:           377120 kB
MemTotal:        1844596 kB
MemFree:         1219824 kB
MemAvailable:    1501980 kB
Buffers:           36260 kB
Cached:           377120 kB
MemTotal:        1844596 kB
MemFree:         1219576 kB
MemAvailable:    1501732 kB
Buffers:           36260 kB
Cached:           377120 kB
MemTotal:        1844596 kB
MemFree:         1219824 kB
MemAvailable:    1501980 kB
Buffers:           36260 kB
Cached:           377120 kB
MemTotal:        1844596 kB
MemFree:         1218840 kB
MemAvailable:    1500996 kB
Buffers:           36260 kB
Cached:           377120 kB
MemTotal:        1844596 kB
MemFree:         1219684 kB
MemAvailable:    1501840 kB
Buffers:           36260 kB
Cached:           377120 kB
MemTotal:        1844596 kB
MemFree:         1219684 kB
MemAvailable:    1501840 kB
Buffers:           36260 kB
Cached:           377120 kB
MemTotal:        1844596 kB
MemFree:         1218716 kB
MemAvailable:    1500872 kB
Buffers:           36260 kB
Cached:           377120 kB
MemTotal:        1844596 kB
MemFree:         1217592 kB
MemAvailable:    1499748 kB
Buffers:           36260 kB
Cached:           377120 kB
MemTotal:        1844596 kB
MemFree:         1218328 kB
MemAvailable:    1500484 kB
Buffers:           36260 kB
Cached:           377120 kB
MemTotal:        1844596 kB
MemFree:         1218220 kB
MemAvailable:    1500376 kB
Buffers:           36260 kB
Cached:           377120 kB
MemTotal:        1844596 kB
MemFree:         1217972 kB
MemAvailable:    1500128 kB
Buffers:           36260 kB
Cached:           377120 kB
MemTotal:        1844596 kB
MemFree:         1217900 kB
MemAvailable:    1500056 kB
Buffers:           36260 kB
Cached:           377120 kB
MemTotal:        1844596 kB
MemFree:         1217568 kB
MemAvailable:    1499724 kB
Buffers:           36260 kB
Cached:           377120 kB
MemTotal:        1844596 kB
MemFree:         1217820 kB
MemAvailable:    1499976 kB
Buffers:           36260 kB
Cached:           377120 kB
MemTotal:        1844596 kB
MemFree:         1217536 kB
MemAvailable:    1499692 kB
Buffers:           36260 kB
Cached:           377120 kB
MemTotal:        1844596 kB
MemFree:         1216856 kB
MemAvailable:    1499012 kB
Buffers:           36260 kB
Cached:           377120 kB
MemTotal:        1844596 kB
MemFree:         1217504 kB
MemAvailable:    1499660 kB
Buffers:           36260 kB
Cached:           377120 kB
MemTotal:        1844596 kB
MemFree:         1216304 kB
MemAvailable:    1498460 kB
Buffers:           36260 kB
Cached:           377120 kB
MemTotal:        1844596 kB
MemFree:         1216544 kB
MemAvailable:    1498700 kB
Buffers:           36260 kB
Cached:           377120 kB
MemTotal:        1844596 kB
MemFree:         1216428 kB
MemAvailable:    1498584 kB
Buffers:           36260 kB
Cached:           377120 kB
MemTotal:        1844596 kB
MemFree:         1217724 kB
MemAvailable:    1499880 kB
Buffers:           36260 kB
Cached:           377120 kB
MemTotal:        1844596 kB
MemFree:         1217268 kB
MemAvailable:    1499424 kB
Buffers:           36260 kB
Cached:           377120 kB
MemTotal:        1844596 kB
MemFree:         1217268 kB
MemAvailable:    1499424 kB
Buffers:           36260 kB
Cached:           377120 kB
MemTotal:        1844596 kB
MemFree:         1217324 kB
MemAvailable:    1499480 kB
Buffers:           36260 kB
Cached:           377120 kB
MemTotal:        1844596 kB
MemFree:         1217352 kB
MemAvailable:    1499508 kB
Buffers:           36260 kB
Cached:           377120 kB
MemTotal:        1844596 kB
MemFree:         1216348 kB
MemAvailable:    1498504 kB
Buffers:           36260 kB
Cached:           377120 kB
MemTotal:        1844596 kB
MemFree:         1216216 kB
MemAvailable:    1498372 kB
Buffers:           36260 kB
Cached:           377120 kB
MemTotal:        1844596 kB
MemFree:         1216176 kB
MemAvailable:    1498332 kB
Buffers:           36260 kB
Cached:           377120 kB
MemTotal:        1844596 kB
MemFree:         1216212 kB
MemAvailable:    1498368 kB
Buffers:           36260 kB
Cached:           377120 kB
MemTotal:        1844596 kB
MemFree:         1217512 kB
MemAvailable:    1499668 kB
Buffers:           36260 kB
Cached:           377120 kB
MemTotal:        1844596 kB
MemFree:         1217220 kB
MemAvailable:    1499376 kB
Buffers:           36260 kB
Cached:           377120 kB
MemTotal:        1844596 kB
MemFree:         1217556 kB
MemAvailable:    1499712 kB
Buffers:           36260 kB
Cached:           377120 kB
MemTotal:        1844596 kB
MemFree:         1217344 kB
MemAvailable:    1499500 kB
Buffers:           36260 kB
Cached:           377120 kB
MemTotal:        1844596 kB
MemFree:         1217344 kB
MemAvailable:    1499500 kB
Buffers:           36260 kB
Cached:           377120 kB
MemTotal:        1844596 kB
MemFree:         1216112 kB
MemAvailable:    1498268 kB
Buffers:           36260 kB
Cached:           377120 kB
MemTotal:        1844596 kB
MemFree:         1217496 kB
MemAvailable:    1499652 kB
Buffers:           36260 kB
Cached:           377120 kB
MemTotal:        1844596 kB
MemFree:         1217212 kB
MemAvailable:    1499368 kB
Buffers:           36260 kB
Cached:           377120 kB
MemTotal:        1844596 kB
MemFree:         1217548 kB
MemAvailable:    1499704 kB
Buffers:           36260 kB
Cached:           377120 kB
MemTotal:        1844596 kB
MemFree:         1217476 kB
MemAvailable:    1499632 kB
Buffers:           36260 kB
Cached:           377120 kB
MemTotal:        1844596 kB
MemFree:         1216444 kB
MemAvailable:    1498600 kB
Buffers:           36260 kB
Cached:           377120 kB
MemTotal:        1844596 kB
MemFree:         1215244 kB
MemAvailable:    1497400 kB
Buffers:           36260 kB
Cached:           377120 kB
MemTotal:        1844596 kB
MemFree:         1215716 kB
MemAvailable:    1497872 kB
Buffers:           36260 kB
Cached:           377120 kB
MemTotal:        1844596 kB
MemFree:         1215972 kB
MemAvailable:    1498128 kB
Buffers:           36260 kB
Cached:           377120 kB
MemTotal:        1844596 kB
MemFree:         1214128 kB
MemAvailable:    1496284 kB
Buffers:           36260 kB
Cached:           377120 kB
MemTotal:        1844596 kB
MemFree:         1212128 kB
MemAvailable:    1494284 kB
Buffers:           36260 kB
Cached:           377120 kB
MemTotal:        1844596 kB
MemFree:         1211896 kB
MemAvailable:    1494052 kB
Buffers:           36260 kB
Cached:           377120 kB
MemTotal:        1844596 kB
MemFree:         1209476 kB
MemAvailable:    1491632 kB
Buffers:           36260 kB
Cached:           377120 kB
MemTotal:        1844596 kB
MemFree:         1206060 kB
MemAvailable:    1488216 kB
Buffers:           36260 kB
Cached:           377120 kB
MemTotal:        1844596 kB
MemFree:         1203836 kB
MemAvailable:    1485992 kB
Buffers:           36260 kB
Cached:           377120 kB
MemTotal:        1844596 kB
MemFree:         1200356 kB
MemAvailable:    1482512 kB
Buffers:           36260 kB
Cached:           377120 kB
MemTotal:        1844596 kB
MemFree:         1197636 kB
MemAvailable:    1479792 kB
Buffers:           36260 kB
Cached:           377120 kB
MemTotal:        1844596 kB
MemFree:         1197504 kB
MemAvailable:    1479660 kB
Buffers:           36260 kB
Cached:           377120 kB
MemTotal:        1844596 kB
MemFree:         1197504 kB
MemAvailable:    1479660 kB
Buffers:           36260 kB
Cached:           377120 kB
MemTotal:        1844596 kB
MemFree:         1198924 kB
MemAvailable:    1481080 kB
Buffers:           36260 kB
Cached:           377120 kB
MemTotal:        1844596 kB
MemFree:         1197512 kB
MemAvailable:    1479680 kB
Buffers:           36260 kB
Cached:           377132 kB
MemTotal:        1844596 kB
MemFree:         1197264 kB
MemAvailable:    1479432 kB
Buffers:           36260 kB
Cached:           377132 kB
MemTotal:        1844596 kB
MemFree:         1198448 kB
MemAvailable:    1480616 kB
Buffers:           36260 kB
Cached:           377132 kB
MemTotal:        1844596 kB
MemFree:         1198700 kB
MemAvailable:    1480868 kB
Buffers:           36260 kB
Cached:           377132 kB
MemTotal:        1844596 kB
MemFree:         1198324 kB
MemAvailable:    1480492 kB
Buffers:           36260 kB
Cached:           377132 kB
MemTotal:        1844596 kB
MemFree:         1198312 kB
MemAvailable:    1480480 kB
Buffers:           36260 kB
Cached:           377132 kB
MemTotal:        1844596 kB
MemFree:         1198564 kB
MemAvailable:    1480732 kB
Buffers:           36260 kB
Cached:           377132 kB
MemTotal:        1844596 kB
MemFree:         1198068 kB
MemAvailable:    1480236 kB
Buffers:           36260 kB
Cached:           377132 kB
MemTotal:        1844596 kB
MemFree:         1196768 kB
MemAvailable:    1478936 kB
Buffers:           36260 kB
Cached:           377132 kB
MemTotal:        1844596 kB
MemFree:         1196636 kB
MemAvailable:    1478804 kB
Buffers:           36260 kB
Cached:           377132 kB
MemTotal:        1844596 kB
MemFree:         1197744 kB
MemAvailable:    1479912 kB
Buffers:           36260 kB
Cached:           377132 kB
MemTotal:        1844596 kB
MemFree:         1197828 kB
MemAvailable:    1479996 kB
Buffers:           36260 kB
Cached:           377132 kB
MemTotal:        1844596 kB
MemFree:         1197624 kB
MemAvailable:    1479792 kB
Buffers:           36260 kB
Cached:           377132 kB
MemTotal:        1844596 kB
MemFree:         1197552 kB
MemAvailable:    1479720 kB
Buffers:           36260 kB
Cached:           377132 kB
MemTotal:        1844596 kB
MemFree:         1196500 kB
MemAvailable:    1478668 kB
Buffers:           36260 kB
Cached:           377132 kB
MemTotal:        1844596 kB
MemFree:         1196460 kB
MemAvailable:    1478628 kB
Buffers:           36260 kB
Cached:           377132 kB
MemTotal:        1844596 kB
MemFree:         1197736 kB
MemAvailable:    1479904 kB
Buffers:           36260 kB
Cached:           377132 kB
MemTotal:        1844596 kB
MemFree:         1196884 kB
MemAvailable:    1479052 kB
Buffers:           36260 kB
Cached:           377132 kB
MemTotal:        1844596 kB
MemFree:         1197568 kB
MemAvailable:    1479736 kB
Buffers:           36260 kB
Cached:           377132 kB
MemTotal:        1844596 kB
MemFree:         1197520 kB
MemAvailable:    1479688 kB
Buffers:           36260 kB
Cached:           377132 kB
MemTotal:        1844596 kB
MemFree:         1196380 kB
MemAvailable:    1478548 kB
Buffers:           36260 kB
Cached:           377132 kB
MemTotal:        1844596 kB
MemFree:         1197712 kB
MemAvailable:    1479880 kB
Buffers:           36260 kB
Cached:           377132 kB
MemTotal:        1844596 kB
MemFree:         1197748 kB
MemAvailable:    1479916 kB
Buffers:           36264 kB
Cached:           377128 kB
MemTotal:        1844596 kB
MemFree:         1196368 kB
MemAvailable:    1478536 kB
Buffers:           36264 kB
Cached:           377128 kB
MemTotal:        1844596 kB
MemFree:         1196460 kB
MemAvailable:    1478628 kB
Buffers:           36264 kB
Cached:           377128 kB
MemTotal:        1844596 kB
MemFree:         1196576 kB
MemAvailable:    1478744 kB
Buffers:           36264 kB
Cached:           377128 kB
MemTotal:        1844596 kB
MemFree:         1196496 kB
MemAvailable:    1478664 kB
Buffers:           36264 kB
Cached:           377128 kB
MemTotal:        1844596 kB
MemFree:         1197772 kB
MemAvailable:    1479940 kB
Buffers:           36264 kB
Cached:           377128 kB
MemTotal:        1844596 kB
MemFree:         1196508 kB
MemAvailable:    1478676 kB
Buffers:           36264 kB
Cached:           377128 kB
MemTotal:        1844596 kB
MemFree:         1197496 kB
MemAvailable:    1479664 kB
Buffers:           36264 kB
Cached:           377128 kB
MemTotal:        1844596 kB
MemFree:         1197512 kB
MemAvailable:    1479680 kB
Buffers:           36264 kB
Cached:           377128 kB
MemTotal:        1844596 kB
MemFree:         1197700 kB
MemAvailable:    1479868 kB
Buffers:           36264 kB
Cached:           377128 kB
MemTotal:        1844596 kB
MemFree:         1197868 kB
MemAvailable:    1480036 kB
Buffers:           36264 kB
Cached:           377128 kB
MemTotal:        1844596 kB
MemFree:         1196340 kB
MemAvailable:    1478508 kB
Buffers:           36264 kB
Cached:           377128 kB
MemTotal:        1844596 kB
MemFree:         1197836 kB
MemAvailable:    1480004 kB
Buffers:           36264 kB
Cached:           377128 kB
MemTotal:        1844596 kB
MemFree:         1193536 kB
MemAvailable:    1475704 kB
Buffers:           36264 kB
Cached:           377128 kB
MemTotal:        1844596 kB
MemFree:         1193624 kB
MemAvailable:    1475792 kB
Buffers:           36264 kB
Cached:           377128 kB
MemTotal:        1844596 kB
MemFree:         1189512 kB
MemAvailable:    1471680 kB
Buffers:           36264 kB
Cached:           377128 kB
MemTotal:        1844596 kB
MemFree:         1185856 kB
MemAvailable:    1468024 kB
Buffers:           36264 kB
Cached:           377128 kB
MemTotal:        1844596 kB
MemFree:         1185848 kB
MemAvailable:    1468016 kB
Buffers:           36264 kB
Cached:           377128 kB
MemTotal:        1844596 kB
MemFree:         1181756 kB
MemAvailable:    1463924 kB
Buffers:           36264 kB
Cached:           377128 kB
MemTotal:        1844596 kB
MemFree:         1178780 kB
MemAvailable:    1460948 kB
Buffers:           36264 kB
Cached:           377128 kB
MemTotal:        1844596 kB
MemFree:         1180028 kB
MemAvailable:    1462196 kB
Buffers:           36264 kB
Cached:           377128 kB
MemTotal:        1844596 kB
MemFree:         1179408 kB
MemAvailable:    1461576 kB
Buffers:           36264 kB
Cached:           377128 kB
MemTotal:        1844596 kB
MemFree:         1179836 kB
MemAvailable:    1462004 kB
Buffers:           36264 kB
Cached:           377128 kB
MemTotal:        1844596 kB
MemFree:         1180088 kB
MemAvailable:    1462256 kB
Buffers:           36264 kB
Cached:           377128 kB
MemTotal:        1844596 kB
MemFree:         1179908 kB
MemAvailable:    1462076 kB
Buffers:           36264 kB
Cached:           377128 kB
MemTotal:        1844596 kB
MemFree:         1179876 kB
MemAvailable:    1462044 kB
Buffers:           36264 kB
Cached:           377128 kB
MemTotal:        1844596 kB
MemFree:         1179656 kB
MemAvailable:    1461824 kB
Buffers:           36264 kB
Cached:           377128 kB
MemTotal:        1844596 kB
MemFree:         1179724 kB
MemAvailable:    1461892 kB
Buffers:           36264 kB
Cached:           377128 kB
MemTotal:        1844596 kB
MemFree:         1179716 kB
MemAvailable:    1461884 kB
Buffers:           36264 kB
Cached:           377128 kB
MemTotal:        1844596 kB
MemFree:         1179708 kB
MemAvailable:    1461876 kB
Buffers:           36264 kB
Cached:           377128 kB
MemTotal:        1844596 kB
MemFree:         1178212 kB
MemAvailable:    1460380 kB
Buffers:           36264 kB
Cached:           377128 kB
MemTotal:        1844596 kB
MemFree:         1179444 kB
MemAvailable:    1461612 kB
Buffers:           36264 kB
Cached:           377128 kB
MemTotal:        1844596 kB
MemFree:         1178208 kB
MemAvailable:    1460376 kB
Buffers:           36264 kB
Cached:           377128 kB
MemTotal:        1844596 kB
MemFree:         1179656 kB
MemAvailable:    1461824 kB
Buffers:           36264 kB
Cached:           377128 kB
MemTotal:        1844596 kB
MemFree:         1179552 kB
MemAvailable:    1461720 kB
Buffers:           36264 kB
Cached:           377128 kB
MemTotal:        1844596 kB
MemFree:         1178120 kB
MemAvailable:    1460288 kB
Buffers:           36264 kB
Cached:           377128 kB
MemTotal:        1844596 kB
MemFree:         1178292 kB
MemAvailable:    1460460 kB
Buffers:           36264 kB
Cached:           377128 kB
MemTotal:        1844596 kB
MemFree:         1179412 kB
MemAvailable:    1461580 kB
Buffers:           36264 kB
Cached:           377128 kB
MemTotal:        1844596 kB
MemFree:         1178664 kB
MemAvailable:    1460832 kB
Buffers:           36264 kB
Cached:           377128 kB
MemTotal:        1844596 kB
MemFree:         1179340 kB
MemAvailable:    1461508 kB
Buffers:           36264 kB
Cached:           377128 kB
MemTotal:        1844596 kB
MemFree:         1179592 kB
MemAvailable:    1461760 kB
Buffers:           36264 kB
Cached:           377128 kB
MemTotal:        1844596 kB
MemFree:         1179520 kB
MemAvailable:    1461688 kB
Buffers:           36264 kB
Cached:           377128 kB
MemTotal:        1844596 kB
MemFree:         1179208 kB
MemAvailable:    1461376 kB
Buffers:           36264 kB
Cached:           377128 kB
MemTotal:        1844596 kB
MemFree:         1179268 kB
MemAvailable:    1461436 kB
Buffers:           36264 kB
Cached:           377128 kB
MemTotal:        1844596 kB
MemFree:         1179380 kB
MemAvailable:    1461548 kB
Buffers:           36264 kB
Cached:           377128 kB
MemTotal:        1844596 kB
MemFree:         1179284 kB
MemAvailable:    1461452 kB
Buffers:           36264 kB
Cached:           377128 kB
MemTotal:        1844596 kB
MemFree:         1179580 kB
MemAvailable:    1461748 kB
Buffers:           36264 kB
Cached:           377128 kB
MemTotal:        1844596 kB
MemFree:         1179472 kB
MemAvailable:    1461640 kB
Buffers:           36264 kB
Cached:           377128 kB
MemTotal:        1844596 kB
MemFree:         1178788 kB
MemAvailable:    1460956 kB
Buffers:           36264 kB
Cached:           377128 kB
MemTotal:        1844596 kB
MemFree:         1179256 kB
MemAvailable:    1461424 kB
Buffers:           36264 kB
Cached:           377128 kB
MemTotal:        1844596 kB
MemFree:         1179592 kB
MemAvailable:    1461760 kB
Buffers:           36264 kB
Cached:           377128 kB
MemTotal:        1844596 kB
MemFree:         1178160 kB
MemAvailable:    1460332 kB
Buffers:           36264 kB
Cached:           377132 kB
MemTotal:        1844596 kB
MemFree:         1178160 kB
MemAvailable:    1460332 kB
Buffers:           36264 kB
Cached:           377132 kB
MemTotal:        1844596 kB
MemFree:         1179608 kB
MemAvailable:    1461780 kB
Buffers:           36264 kB
Cached:           377132 kB
MemTotal:        1844596 kB
MemFree:         1179532 kB
MemAvailable:    1461712 kB
Buffers:           36264 kB
Cached:           377140 kB
MemTotal:        1844596 kB
MemFree:         1177780 kB
MemAvailable:    1459960 kB
Buffers:           36264 kB
Cached:           377140 kB
MemTotal:        1844596 kB
MemFree:         1177176 kB
MemAvailable:    1459356 kB
Buffers:           36264 kB
Cached:           377140 kB
MemTotal:        1844596 kB
MemFree:         1173268 kB
MemAvailable:    1455448 kB
Buffers:           36264 kB
Cached:           377140 kB
MemTotal:        1844596 kB
MemFree:         1169920 kB
MemAvailable:    1452100 kB
Buffers:           36264 kB
Cached:           377140 kB
MemTotal:        1844596 kB
MemFree:         1166884 kB
MemAvailable:    1449064 kB
Buffers:           36264 kB
Cached:           377140 kB
MemTotal:        1844596 kB
MemFree:         1163412 kB
MemAvailable:    1445592 kB
Buffers:           36264 kB
Cached:           377140 kB
MemTotal:        1844596 kB
MemFree:         1160808 kB
MemAvailable:    1442988 kB
Buffers:           36264 kB
Cached:           377140 kB
MemTotal:        1844596 kB
MemFree:         1160676 kB
MemAvailable:    1442856 kB
Buffers:           36264 kB
Cached:           377140 kB
MemTotal:        1844596 kB
MemFree:         1161736 kB
MemAvailable:    1443916 kB
Buffers:           36264 kB
Cached:           377140 kB
MemTotal:        1844596 kB
MemFree:         1161428 kB
MemAvailable:    1443608 kB
Buffers:           36264 kB
Cached:           377140 kB
MemTotal:        1844596 kB
MemFree:         1160496 kB
MemAvailable:    1442676 kB
Buffers:           36264 kB
Cached:           377140 kB
MemTotal:        1844596 kB
MemFree:         1160628 kB
MemAvailable:    1442808 kB
Buffers:           36264 kB
Cached:           377140 kB
MemTotal:        1844596 kB
MemFree:         1161916 kB
MemAvailable:    1444096 kB
Buffers:           36264 kB
Cached:           377140 kB
MemTotal:        1844596 kB
MemFree:         1161852 kB
MemAvailable:    1444032 kB
Buffers:           36264 kB
Cached:           377140 kB
MemTotal:        1844596 kB
MemFree:         1162104 kB
MemAvailable:    1444284 kB
Buffers:           36264 kB
Cached:           377140 kB
MemTotal:        1844596 kB
MemFree:         1161852 kB
MemAvailable:    1444032 kB
Buffers:           36264 kB
Cached:           377140 kB
MemTotal:        1844596 kB
MemFree:         1160808 kB
MemAvailable:    1442988 kB
Buffers:           36264 kB
Cached:           377140 kB
MemTotal:        1844596 kB
MemFree:         1161792 kB
MemAvailable:    1443972 kB
Buffers:           36264 kB
Cached:           377140 kB
MemTotal:        1844596 kB
MemFree:         1162128 kB
MemAvailable:    1444308 kB
Buffers:           36264 kB
Cached:           377140 kB
MemTotal:        1844596 kB
MemFree:         1161924 kB
MemAvailable:    1444104 kB
Buffers:           36264 kB
Cached:           377140 kB
MemTotal:        1844596 kB
MemFree:         1160760 kB
MemAvailable:    1442940 kB
Buffers:           36264 kB
Cached:           377140 kB
MemTotal:        1844596 kB
MemFree:         1160628 kB
MemAvailable:    1442808 kB
Buffers:           36264 kB
Cached:           377140 kB
MemTotal:        1844596 kB
MemFree:         1161660 kB
MemAvailable:    1443840 kB
Buffers:           36264 kB
Cached:           377140 kB
MemTotal:        1844596 kB
MemFree:         1161996 kB
MemAvailable:    1444176 kB
Buffers:           36264 kB
Cached:           377140 kB
MemTotal:        1844596 kB
MemFree:         1160800 kB
MemAvailable:    1442980 kB
Buffers:           36264 kB
Cached:           377140 kB
MemTotal:        1844596 kB
MemFree:         1160496 kB
MemAvailable:    1442676 kB
Buffers:           36264 kB
Cached:           377140 kB
MemTotal:        1844596 kB
MemFree:         1162028 kB
MemAvailable:    1444208 kB
Buffers:           36264 kB
Cached:           377140 kB
MemTotal:        1844596 kB
MemFree:         1161304 kB
MemAvailable:    1443484 kB
Buffers:           36264 kB
Cached:           377140 kB
MemTotal:        1844596 kB
MemFree:         1161040 kB
MemAvailable:    1443220 kB
Buffers:           36264 kB
Cached:           377140 kB
MemTotal:        1844596 kB
MemFree:         1160932 kB
MemAvailable:    1443112 kB
Buffers:           36264 kB
Cached:           377140 kB
MemTotal:        1844596 kB
MemFree:         1160864 kB
MemAvailable:    1443044 kB
Buffers:           36264 kB
Cached:           377140 kB
MemTotal:        1844596 kB
MemFree:         1160684 kB
MemAvailable:    1442864 kB
Buffers:           36264 kB
Cached:           377140 kB
MemTotal:        1844596 kB
MemFree:         1159504 kB
MemAvailable:    1441684 kB
Buffers:           36264 kB
Cached:           377140 kB
MemTotal:        1844596 kB
MemFree:         1159628 kB
MemAvailable:    1441808 kB
Buffers:           36264 kB
Cached:           377140 kB
MemTotal:        1844596 kB
MemFree:         1160860 kB
MemAvailable:    1443040 kB
Buffers:           36264 kB
Cached:           377140 kB
MemTotal:        1844596 kB
MemFree:         1158064 kB
MemAvailable:    1440244 kB
Buffers:           36264 kB
Cached:           377140 kB
MemTotal:        1844596 kB
MemFree:         1157280 kB
MemAvailable:    1439460 kB
Buffers:           36264 kB
Cached:           377140 kB
MemTotal:        1844596 kB
MemFree:         1154716 kB
MemAvailable:    1436900 kB
Buffers:           36264 kB
Cached:           377144 kB
MemTotal:        1844596 kB
MemFree:         1154608 kB
MemAvailable:    1436792 kB
Buffers:           36264 kB
Cached:           377144 kB
MemTotal:        1844596 kB
MemFree:         1150880 kB
MemAvailable:    1433064 kB
Buffers:           36264 kB
Cached:           377144 kB
MemTotal:        1844596 kB
MemFree:         1150400 kB
MemAvailable:    1432584 kB
Buffers:           36264 kB
Cached:           377144 kB
MemTotal:        1844596 kB
MemFree:         1146360 kB
MemAvailable:    1428544 kB
Buffers:           36264 kB
Cached:           377144 kB
MemTotal:        1844596 kB
MemFree:         1144252 kB
MemAvailable:    1426436 kB
Buffers:           36264 kB
Cached:           377144 kB
MemTotal:        1844596 kB
MemFree:         1141712 kB
MemAvailable:    1423896 kB
Buffers:           36264 kB
Cached:           377144 kB
MemTotal:        1844596 kB
MemFree:         1138920 kB
MemAvailable:    1421104 kB
Buffers:           36264 kB
Cached:           377144 kB
MemTotal:        1844596 kB
MemFree:         1137372 kB
MemAvailable:    1419556 kB
Buffers:           36264 kB
Cached:           377144 kB
MemTotal:        1844596 kB
MemFree:         1135512 kB
MemAvailable:    1417696 kB
Buffers:           36264 kB
Cached:           377144 kB
MemTotal:        1844596 kB
MemFree:         1135500 kB
MemAvailable:    1417684 kB
Buffers:           36264 kB
Cached:           377144 kB
MemTotal:        1844596 kB
MemFree:         1130752 kB
MemAvailable:    1412936 kB
Buffers:           36264 kB
Cached:           377144 kB
MemTotal:        1844596 kB
MemFree:         1130312 kB
MemAvailable:    1412496 kB
Buffers:           36264 kB
Cached:           377144 kB
MemTotal:        1844596 kB
MemFree:         1130364 kB
MemAvailable:    1412548 kB
Buffers:           36264 kB
Cached:           377144 kB
MemTotal:        1844596 kB
MemFree:         1130040 kB
MemAvailable:    1412224 kB
Buffers:           36264 kB
Cached:           377144 kB
MemTotal:        1844596 kB
MemFree:         1130296 kB
MemAvailable:    1412480 kB
Buffers:           36264 kB
Cached:           377144 kB
MemTotal:        1844596 kB
MemFree:         1128916 kB
MemAvailable:    1411100 kB
Buffers:           36264 kB
Cached:           377144 kB
MemTotal:        1844596 kB
MemFree:         1128924 kB
MemAvailable:    1411108 kB
Buffers:           36264 kB
Cached:           377144 kB
MemTotal:        1844596 kB
MemFree:         1130220 kB
MemAvailable:    1412404 kB
Buffers:           36264 kB
Cached:           377144 kB
MemTotal:        1844596 kB
MemFree:         1130048 kB
MemAvailable:    1412232 kB
Buffers:           36264 kB
Cached:           377144 kB
MemTotal:        1844596 kB
MemFree:         1129976 kB
MemAvailable:    1412160 kB
Buffers:           36264 kB
Cached:           377144 kB
MemTotal:        1844596 kB
MemFree:         1130312 kB
MemAvailable:    1412496 kB
Buffers:           36264 kB
Cached:           377144 kB
MemTotal:        1844596 kB
MemFree:         1129124 kB
MemAvailable:    1411308 kB
Buffers:           36264 kB
Cached:           377144 kB
MemTotal:        1844596 kB
MemFree:         1127816 kB
MemAvailable:    1410000 kB
Buffers:           36264 kB
Cached:           377144 kB
MemTotal:        1844596 kB
MemFree:         1127692 kB
MemAvailable:    1409876 kB
Buffers:           36264 kB
Cached:           377144 kB
MemTotal:        1844596 kB
MemFree:         1128992 kB
MemAvailable:    1411176 kB
Buffers:           36264 kB
Cached:           377144 kB
MemTotal:        1844596 kB
MemFree:         1127948 kB
MemAvailable:    1410132 kB
Buffers:           36264 kB
Cached:           377144 kB
MemTotal:        1844596 kB
MemFree:         1128664 kB
MemAvailable:    1410848 kB
Buffers:           36264 kB
Cached:           377144 kB
MemTotal:        1844596 kB
MemFree:         1128748 kB
MemAvailable:    1410932 kB
Buffers:           36264 kB
Cached:           377144 kB
MemTotal:        1844596 kB
MemFree:         1127424 kB
MemAvailable:    1409608 kB
Buffers:           36264 kB
Cached:           377144 kB
MemTotal:        1844596 kB
MemFree:         1128724 kB
MemAvailable:    1410908 kB
Buffers:           36264 kB
Cached:           377144 kB
MemTotal:        1844596 kB
MemFree:         1128600 kB
MemAvailable:    1410784 kB
Buffers:           36264 kB
Cached:           377144 kB
MemTotal:        1844596 kB
MemFree:         1127168 kB
MemAvailable:    1409352 kB
Buffers:           36264 kB
Cached:           377144 kB
MemTotal:        1844596 kB
MemFree:         1127692 kB
MemAvailable:    1409884 kB
Buffers:           36264 kB
Cached:           377152 kB
MemTotal:        1844596 kB
MemFree:         1127080 kB
MemAvailable:    1409272 kB
Buffers:           36264 kB
Cached:           377152 kB
MemTotal:        1844596 kB
MemFree:         1127264 kB
MemAvailable:    1409456 kB
Buffers:           36264 kB
Cached:           377152 kB
MemTotal:        1844596 kB
MemFree:         1125956 kB
MemAvailable:    1408148 kB
Buffers:           36264 kB
Cached:           377152 kB
MemTotal:        1844596 kB
MemFree:         1125220 kB
MemAvailable:    1407412 kB
Buffers:           36264 kB
Cached:           377152 kB
MemTotal:        1844596 kB
MemFree:         1125700 kB
MemAvailable:    1407892 kB
Buffers:           36264 kB
Cached:           377152 kB
MemTotal:        1844596 kB
MemFree:         1125700 kB
MemAvailable:    1407892 kB
Buffers:           36264 kB
Cached:           377152 kB
MemTotal:        1844596 kB
MemFree:         1125888 kB
MemAvailable:    1408080 kB
Buffers:           36264 kB
Cached:           377152 kB
MemTotal:        1844596 kB
MemFree:         1125840 kB
MemAvailable:    1408032 kB
Buffers:           36264 kB
Cached:           377152 kB
MemTotal:        1844596 kB
MemFree:         1125096 kB
MemAvailable:    1407288 kB
Buffers:           36264 kB
Cached:           377152 kB
MemTotal:        1844596 kB
MemFree:         1125668 kB
MemAvailable:    1407860 kB
Buffers:           36264 kB
Cached:           377152 kB
MemTotal:        1844596 kB
MemFree:         1125924 kB
MemAvailable:    1408116 kB
Buffers:           36264 kB
Cached:           377152 kB
MemTotal:        1844596 kB
MemFree:         1124680 kB
MemAvailable:    1406872 kB
Buffers:           36264 kB
Cached:           377152 kB
MemTotal:        1844596 kB
MemFree:         1124796 kB
MemAvailable:    1406988 kB
Buffers:           36264 kB
Cached:           377152 kB
MemTotal:        1844596 kB
MemFree:         1125656 kB
MemAvailable:    1407848 kB
Buffers:           36264 kB
Cached:           377152 kB
MemTotal:        1844596 kB
MemFree:         1125344 kB
MemAvailable:    1407536 kB
Buffers:           36264 kB
Cached:           377152 kB
MemTotal:        1844596 kB
MemFree:         1125776 kB
MemAvailable:    1407968 kB
Buffers:           36264 kB
Cached:           377152 kB
MemTotal:        1844596 kB
MemFree:         1124844 kB
MemAvailable:    1407036 kB
Buffers:           36264 kB
Cached:           377152 kB
MemTotal:        1844596 kB
MemFree:         1124676 kB
MemAvailable:    1406868 kB
Buffers:           36264 kB
Cached:           377152 kB
MemTotal:        1844596 kB
MemFree:         1124672 kB
MemAvailable:    1406864 kB
Buffers:           36264 kB
Cached:           377152 kB
MemTotal:        1844596 kB
MemFree:         1125896 kB
MemAvailable:    1408088 kB
Buffers:           36264 kB
Cached:           377152 kB
MemTotal:        1844596 kB
MemFree:         1125700 kB
MemAvailable:    1407892 kB
Buffers:           36264 kB
Cached:           377152 kB
MemTotal:        1844596 kB
MemFree:         1126036 kB
MemAvailable:    1408032 kB
Buffers:           36264 kB
Cached:           377152 kB
MemTotal:        1844596 kB
MemFree:         1125828 kB
MemAvailable:    1408020 kB
Buffers:           36264 kB
Cached:           377152 kB
MemTotal:        1844596 kB
MemFree:         1125840 kB
MemAvailable:    1408032 kB
Buffers:           36264 kB
Cached:           377152 kB
MemTotal:        1844596 kB
MemFree:         1125096 kB
MemAvailable:    1407288 kB
Buffers:           36264 kB
Cached:           377152 kB
MemTotal:        1844596 kB
MemFree:         1125688 kB
MemAvailable:    1407880 kB
Buffers:           36264 kB
Cached:           377152 kB
MemTotal:        1844596 kB
MemFree:         1126024 kB
MemAvailable:    1408216 kB
Buffers:           36264 kB
Cached:           377152 kB
MemTotal:        1844596 kB
MemFree:         1125640 kB
MemAvailable:    1407832 kB
Buffers:           36264 kB
Cached:           377152 kB
MemTotal:        1844596 kB
MemFree:         1125976 kB
MemAvailable:    1408168 kB
Buffers:           36264 kB
Cached:           377152 kB
MemTotal:        1844596 kB
MemFree:         1125708 kB
MemAvailable:    1407900 kB
Buffers:           36264 kB
Cached:           377152 kB
MemTotal:        1844596 kB
MemFree:         1126048 kB
MemAvailable:    1408240 kB
Buffers:           36264 kB
Cached:           377152 kB
MemTotal:        1844596 kB
MemFree:         1124592 kB
MemAvailable:    1406784 kB
Buffers:           36264 kB
Cached:           377152 kB
MemTotal:        1844596 kB
MemFree:         1124676 kB
MemAvailable:    1406868 kB
Buffers:           36264 kB
Cached:           377152 kB
MemTotal:        1844596 kB
MemFree:         1125660 kB
MemAvailable:    1407852 kB
Buffers:           36264 kB
Cached:           377152 kB
MemTotal:        1844596 kB
MemFree:         1125660 kB
MemAvailable:    1407852 kB
Buffers:           36264 kB
Cached:           377152 kB
MemTotal:        1844596 kB
MemFree:         1125644 kB
MemAvailable:    1407836 kB
Buffers:           36264 kB
Cached:           377152 kB
MemTotal:        1844596 kB
MemFree:         1125716 kB
MemAvailable:    1407908 kB
Buffers:           36264 kB
Cached:           377152 kB
MemTotal:        1844596 kB
MemFree:         1124580 kB
MemAvailable:    1406772 kB
Buffers:           36264 kB
Cached:           377152 kB
MemTotal:        1844596 kB
MemFree:         1125772 kB
MemAvailable:    1407964 kB
Buffers:           36264 kB
Cached:           377152 kB
MemTotal:        1844596 kB
MemFree:         1125940 kB
MemAvailable:    1408132 kB
Buffers:           36264 kB
Cached:           377152 kB
MemTotal:        1844596 kB
MemFree:         1125828 kB
MemAvailable:    1408020 kB
Buffers:           36264 kB
Cached:           377152 kB
MemTotal:        1844596 kB
MemFree:         1125840 kB
MemAvailable:    1408032 kB
Buffers:           36264 kB
Cached:           377152 kB
MemTotal:        1844596 kB
MemFree:         1125096 kB
MemAvailable:    1407288 kB
Buffers:           36264 kB
Cached:           377152 kB
MemTotal:        1844596 kB
MemFree:         1125716 kB
MemAvailable:    1407908 kB
Buffers:           36264 kB
Cached:           377152 kB
MemTotal:        1844596 kB
MemFree:         1124476 kB
MemAvailable:    1406668 kB
Buffers:           36264 kB
Cached:           377152 kB
MemTotal:        1844596 kB
MemFree:         1122848 kB
MemAvailable:    1405040 kB
Buffers:           36264 kB
Cached:           377152 kB
MemTotal:        1844596 kB
MemFree:         1122848 kB
MemAvailable:    1405040 kB
Buffers:           36264 kB
Cached:           377152 kB
MemTotal:        1844596 kB
MemFree:         1119452 kB
MemAvailable:    1401644 kB
Buffers:           36264 kB
Cached:           377152 kB
MemTotal:        1844596 kB
MemFree:         1119344 kB
MemAvailable:    1401536 kB
Buffers:           36264 kB
Cached:           377152 kB
MemTotal:        1844596 kB
MemFree:         1118144 kB
MemAvailable:    1400336 kB
Buffers:           36264 kB
Cached:           377152 kB
MemTotal:        1844596 kB
MemFree:         1118992 kB
MemAvailable:    1401184 kB
Buffers:           36264 kB
Cached:           377152 kB
MemTotal:        1844596 kB
MemFree:         1119248 kB
MemAvailable:    1401440 kB
Buffers:           36264 kB
Cached:           377152 kB
MemTotal:        1844596 kB
MemFree:         1119020 kB
MemAvailable:    1401212 kB
Buffers:           36264 kB
Cached:           377152 kB
MemTotal:        1844596 kB
MemFree:         1119456 kB
MemAvailable:    1401648 kB
Buffers:           36264 kB
Cached:           377152 kB
MemTotal:        1844596 kB
MemFree:         1119156 kB
MemAvailable:    1401348 kB
Buffers:           36264 kB
Cached:           377152 kB
MemTotal:        1844596 kB
MemFree:         1119012 kB
MemAvailable:    1401204 kB
Buffers:           36264 kB
Cached:           377152 kB
MemTotal:        1844596 kB
MemFree:         1119352 kB
MemAvailable:    1401544 kB
Buffers:           36264 kB
Cached:           377152 kB
MemTotal:        1844596 kB
MemFree:         1118756 kB
MemAvailable:    1400948 kB
Buffers:           36264 kB
Cached:           377152 kB
MemTotal:        1844596 kB
MemFree:         1118840 kB
MemAvailable:    1401032 kB
Buffers:           36264 kB
Cached:           377152 kB
MemTotal:        1844596 kB
MemFree:         1118720 kB
MemAvailable:    1400912 kB
Buffers:           36264 kB
Cached:           377152 kB
MemTotal:        1844596 kB
MemFree:         1118564 kB
MemAvailable:    1400756 kB
Buffers:           36264 kB
Cached:           377152 kB
MemTotal:        1844596 kB
MemFree:         1118628 kB
MemAvailable:    1400820 kB
Buffers:           36264 kB
Cached:           377152 kB
MemTotal:        1844596 kB
MemFree:         1118772 kB
MemAvailable:    1400964 kB
Buffers:           36264 kB
Cached:           377152 kB
MemTotal:        1844596 kB
MemFree:         1118696 kB
MemAvailable:    1400888 kB
Buffers:           36264 kB
Cached:           377152 kB
MemTotal:        1844596 kB
MemFree:         1117508 kB
MemAvailable:    1399700 kB
Buffers:           36264 kB
Cached:           377152 kB
MemTotal:        1844596 kB
MemFree:         1117500 kB
MemAvailable:    1399692 kB
Buffers:           36264 kB
Cached:           377152 kB
MemTotal:        1844596 kB
MemFree:         1117624 kB
MemAvailable:    1399816 kB
Buffers:           36264 kB
Cached:           377152 kB
MemTotal:        1844596 kB
MemFree:         1117336 kB
MemAvailable:    1399528 kB
Buffers:           36264 kB
Cached:           377152 kB
MemTotal:        1844596 kB
MemFree:         1117328 kB
MemAvailable:    1399520 kB
Buffers:           36264 kB
Cached:           377152 kB
MemTotal:        1844596 kB
MemFree:         1117584 kB
MemAvailable:    1399776 kB
Buffers:           36264 kB
Cached:           377152 kB
MemTotal:        1844596 kB
MemFree:         1118700 kB
MemAvailable:    1400892 kB
Buffers:           36264 kB
Cached:           377152 kB
MemTotal:        1844596 kB
MemFree:         1117276 kB
MemAvailable:    1399468 kB
Buffers:           36264 kB
Cached:           377152 kB
MemTotal:        1844596 kB
MemFree:         1117492 kB
MemAvailable:    1399692 kB
Buffers:           36264 kB
Cached:           377160 kB
MemTotal:        1844596 kB
MemFree:         1117276 kB
MemAvailable:    1399476 kB
Buffers:           36264 kB
Cached:           377160 kB
MemTotal:        1844596 kB
MemFree:         1117608 kB
MemAvailable:    1399808 kB
Buffers:           36264 kB
Cached:           377160 kB
MemTotal:        1844596 kB
MemFree:         1117400 kB
MemAvailable:    1399600 kB
Buffers:           36264 kB
Cached:           377160 kB
MemTotal:        1844596 kB
MemFree:         1117360 kB
MemAvailable:    1399560 kB
Buffers:           36264 kB
Cached:           377160 kB
MemTotal:        1844596 kB
MemFree:         1117352 kB
MemAvailable:    1399552 kB
Buffers:           36264 kB
Cached:           377160 kB
MemTotal:        1844596 kB
MemFree:         1117352 kB
MemAvailable:    1399552 kB
Buffers:           36264 kB
Cached:           377160 kB
MemTotal:        1844596 kB
MemFree:         1118648 kB
MemAvailable:    1400848 kB
Buffers:           36264 kB
Cached:           377160 kB
MemTotal:        1844596 kB
MemFree:         1118028 kB
MemAvailable:    1400228 kB
Buffers:           36264 kB
Cached:           377160 kB
MemTotal:        1844596 kB
MemFree:         1118820 kB
MemAvailable:    1401020 kB
Buffers:           36264 kB
Cached:           377160 kB
MemTotal:        1844596 kB
MemFree:         1117256 kB
MemAvailable:    1399456 kB
Buffers:           36264 kB
Cached:           377160 kB
MemTotal:        1844596 kB
MemFree:         1118772 kB
MemAvailable:    1400972 kB
Buffers:           36264 kB
Cached:           377160 kB
MemTotal:        1844596 kB
MemFree:         1118568 kB
MemAvailable:    1400768 kB
Buffers:           36264 kB
Cached:           377160 kB
MemTotal:        1844596 kB
MemFree:         1118820 kB
MemAvailable:    1401020 kB
Buffers:           36264 kB
Cached:           377160 kB
MemTotal:        1844596 kB
MemFree:         1117388 kB
MemAvailable:    1399588 kB
Buffers:           36264 kB
Cached:           377160 kB
MemTotal:        1844596 kB
MemFree:         1118820 kB
MemAvailable:    1401020 kB
Buffers:           36264 kB
Cached:           377160 kB
MemTotal:        1844596 kB
MemFree:         1117904 kB
MemAvailable:    1400104 kB
Buffers:           36264 kB
Cached:           377160 kB
MemTotal:        1844596 kB
MemFree:         1118580 kB
MemAvailable:    1400780 kB
Buffers:           36264 kB
Cached:           377160 kB
MemTotal:        1844596 kB
MemFree:         1118832 kB
MemAvailable:    1401032 kB
Buffers:           36264 kB
Cached:           377160 kB
MemTotal:        1844596 kB
MemFree:         1118508 kB
MemAvailable:    1400708 kB
Buffers:           36264 kB
Cached:           377160 kB
MemTotal:        1844596 kB
MemFree:         1117268 kB
MemAvailable:    1399468 kB
Buffers:           36264 kB
Cached:           377160 kB
MemTotal:        1844596 kB
MemFree:         1117516 kB
MemAvailable:    1399716 kB
Buffers:           36264 kB
Cached:           377160 kB
MemTotal:        1844596 kB
MemFree:         1117384 kB
MemAvailable:    1399584 kB
Buffers:           36264 kB
Cached:           377160 kB
MemTotal:        1844596 kB
MemFree:         1118632 kB
MemAvailable:    1400832 kB
Buffers:           36264 kB
Cached:           377160 kB
MemTotal:        1844596 kB
MemFree:         1118620 kB
MemAvailable:    1400820 kB
Buffers:           36264 kB
Cached:           377160 kB
MemTotal:        1844596 kB
MemFree:         1118872 kB
MemAvailable:    1401072 kB
Buffers:           36264 kB
Cached:           377160 kB
MemTotal:        1844596 kB
MemFree:         1118632 kB
MemAvailable:    1400832 kB
Buffers:           36264 kB
Cached:           377160 kB
MemTotal:        1844596 kB
MemFree:         1118884 kB
MemAvailable:    1401084 kB
Buffers:           36264 kB
Cached:           377160 kB
MemTotal:        1844596 kB
MemFree:         1117268 kB
MemAvailable:    1399468 kB
Buffers:           36264 kB
Cached:           377160 kB
MemTotal:        1844596 kB
MemFree:         1118568 kB
MemAvailable:    1400768 kB
Buffers:           36264 kB
Cached:           377160 kB
MemTotal:        1844596 kB
MemFree:         1117392 kB
MemAvailable:    1399592 kB
Buffers:           36264 kB
Cached:           377160 kB
MemTotal:        1844596 kB
MemFree:         1117516 kB
MemAvailable:    1399716 kB
Buffers:           36264 kB
Cached:           377160 kB
MemTotal:        1844596 kB
MemFree:         1118756 kB
MemAvailable:    1400956 kB
Buffers:           36264 kB
Cached:           377160 kB
MemTotal:        1844596 kB
MemFree:         1117764 kB
MemAvailable:    1399964 kB
Buffers:           36264 kB
Cached:           377160 kB
MemTotal:        1844596 kB
MemFree:         1118816 kB
MemAvailable:    1401016 kB
Buffers:           36264 kB
Cached:           377160 kB
MemTotal:        1844596 kB
MemFree:         1112688 kB
MemAvailable:    1394888 kB
Buffers:           36264 kB
Cached:           377160 kB
MemTotal:        1844596 kB
MemFree:         1112516 kB
MemAvailable:    1394716 kB
Buffers:           36264 kB
Cached:           377160 kB
MemTotal:        1844596 kB
MemFree:         1112372 kB
MemAvailable:    1394572 kB
Buffers:           36264 kB
Cached:           377160 kB
MemTotal:        1844596 kB
MemFree:         1112200 kB
MemAvailable:    1394400 kB
Buffers:           36264 kB
Cached:           377160 kB
MemTotal:        1844596 kB
MemFree:         1112268 kB
MemAvailable:    1394468 kB
Buffers:           36264 kB
Cached:           377160 kB
MemTotal:        1844596 kB
MemFree:         1112172 kB
MemAvailable:    1394540 kB
Buffers:           36264 kB
Cached:           377408 kB
MemTotal:        1844596 kB
MemFree:         1112068 kB
MemAvailable:    1394436 kB
Buffers:           36264 kB
Cached:           377408 kB
MemTotal:        1844596 kB
MemFree:         1110644 kB
MemAvailable:    1393096 kB
Buffers:           36264 kB
Cached:           377532 kB
MemTotal:        1844596 kB
MemFree:         1111884 kB
MemAvailable:    1394504 kB
Buffers:           36264 kB
Cached:           377656 kB
MemTotal:        1844596 kB
MemFree:         1111884 kB
MemAvailable:    1394504 kB
Buffers:           36264 kB
Cached:           377656 kB
MemTotal:        1844596 kB
MemFree:         1110424 kB
MemAvailable:    1393128 kB
Buffers:           36264 kB
Cached:           377780 kB
MemTotal:        1844596 kB
MemFree:         1110952 kB
MemAvailable:    1393656 kB
Buffers:           36264 kB
Cached:           377780 kB
MemTotal:        1844596 kB
MemFree:         1111544 kB
MemAvailable:    1394332 kB
Buffers:           36264 kB
Cached:           377780 kB
MemTotal:        1844596 kB
MemFree:         1111880 kB
MemAvailable:    1394668 kB
Buffers:           36264 kB
Cached:           377780 kB
MemTotal:        1844596 kB
MemFree:         1111504 kB
MemAvailable:    1394292 kB
Buffers:           36264 kB
Cached:           377780 kB
MemTotal:        1844596 kB
MemFree:         1111572 kB
MemAvailable:    1394360 kB
Buffers:           36264 kB
Cached:           377780 kB
MemTotal:        1844596 kB
MemFree:         1111780 kB
MemAvailable:    1394568 kB
Buffers:           36264 kB
Cached:           377780 kB
MemTotal:        1844596 kB
MemFree:         1111512 kB
MemAvailable:    1394300 kB
Buffers:           36264 kB
Cached:           377780 kB
MemTotal:        1844596 kB
MemFree:         1111332 kB
MemAvailable:    1394120 kB
Buffers:           36264 kB
Cached:           377780 kB
MemTotal:        1844596 kB
MemFree:         1110580 kB
MemAvailable:    1392780 kB
Buffers:           36264 kB
Cached:           377148 kB
MemTotal:        1844596 kB
MemFree:         1150700 kB
MemAvailable:    1432900 kB
Buffers:           36264 kB
Cached:           377148 kB
MemTotal:        1844596 kB
MemFree:         1228584 kB
MemAvailable:    1510784 kB
Buffers:           36264 kB
Cached:           377148 kB
MemTotal:        1844596 kB
MemFree:         1315044 kB
MemAvailable:    1597244 kB
Buffers:           36264 kB
Cached:           377148 kB
