MemTotal:        1844596 kB
MemFree:         1307968 kB
MemAvailable:    1597788 kB
Buffers:           37196 kB
Cached:           383620 kB
MemTotal:        1844596 kB
MemFree:         1279152 kB
MemAvailable:    1568972 kB
Buffers:           37196 kB
Cached:           383620 kB
MemTotal:        1844596 kB
MemFree:         1278656 kB
MemAvailable:    1568476 kB
Buffers:           37196 kB
Cached:           383620 kB
MemTotal:        1844596 kB
MemFree:         1278540 kB
MemAvailable:    1568360 kB
Buffers:           37196 kB
Cached:           383620 kB
MemTotal:        1844596 kB
MemFree:         1276936 kB
MemAvailable:    1566756 kB
Buffers:           37196 kB
Cached:           383620 kB
MemTotal:        1844596 kB
MemFree:         1275448 kB
MemAvailable:    1565268 kB
Buffers:           37196 kB
Cached:           383620 kB
MemTotal:        1844596 kB
MemFree:         1276688 kB
MemAvailable:    1566508 kB
Buffers:           37196 kB
Cached:           383620 kB
MemTotal:        1844596 kB
MemFree:         1273820 kB
MemAvailable:    1563640 kB
Buffers:           37196 kB
Cached:           383620 kB
MemTotal:        1844596 kB
MemFree:         1273712 kB
MemAvailable:    1563532 kB
Buffers:           37196 kB
Cached:           383620 kB
MemTotal:        1844596 kB
MemFree:         1270736 kB
MemAvailable:    1560556 kB
Buffers:           37196 kB
Cached:           383620 kB
MemTotal:        1844596 kB
MemFree:         1269000 kB
MemAvailable:    1558820 kB
Buffers:           37196 kB
Cached:           383620 kB
MemTotal:        1844596 kB
MemFree:         1265836 kB
MemAvailable:    1555656 kB
Buffers:           37196 kB
Cached:           383620 kB
MemTotal:        1844596 kB
MemFree:         1265620 kB
MemAvailable:    1555440 kB
Buffers:           37196 kB
Cached:           383620 kB
MemTotal:        1844596 kB
MemFree:         1265488 kB
MemAvailable:    1555308 kB
Buffers:           37196 kB
Cached:           383620 kB
MemTotal:        1844596 kB
MemFree:         1265480 kB
MemAvailable:    1555300 kB
Buffers:           37196 kB
Cached:           383620 kB
MemTotal:        1844596 kB
MemFree:         1266684 kB
MemAvailable:    1556504 kB
Buffers:           37196 kB
Cached:           383620 kB
MemTotal:        1844596 kB
MemFree:         1265384 kB
MemAvailable:    1555204 kB
Buffers:           37196 kB
Cached:           383620 kB
MemTotal:        1844596 kB
MemFree:         1266396 kB
MemAvailable:    1556216 kB
Buffers:           37196 kB
Cached:           383620 kB
MemTotal:        1844596 kB
MemFree:         1266132 kB
MemAvailable:    1555952 kB
Buffers:           37196 kB
Cached:           383620 kB
MemTotal:        1844596 kB
MemFree:         1266060 kB
MemAvailable:    1555880 kB
Buffers:           37196 kB
Cached:           383620 kB
MemTotal:        1844596 kB
MemFree:         1265280 kB
MemAvailable:    1555100 kB
Buffers:           37196 kB
Cached:           383620 kB
MemTotal:        1844596 kB
MemFree:         1266016 kB
MemAvailable:    1555836 kB
Buffers:           37196 kB
Cached:           383620 kB
MemTotal:        1844596 kB
MemFree:         1266032 kB
MemAvailable:    1555852 kB
Buffers:           37196 kB
Cached:           383620 kB
MemTotal:        1844596 kB
MemFree:         1264728 kB
MemAvailable:    1554548 kB
Buffers:           37196 kB
Cached:           383620 kB
MemTotal:        1844596 kB
MemFree:         1265976 kB
MemAvailable:    1555796 kB
Buffers:           37196 kB
Cached:           383620 kB
MemTotal:        1844596 kB
MemFree:         1264852 kB
MemAvailable:    1554672 kB
Buffers:           37196 kB
Cached:           383620 kB
MemTotal:        1844596 kB
MemFree:         1264288 kB
MemAvailable:    1554108 kB
Buffers:           37196 kB
Cached:           383620 kB
MemTotal:        1844596 kB
MemFree:         1264156 kB
MemAvailable:    1553976 kB
Buffers:           37196 kB
Cached:           383620 kB
MemTotal:        1844596 kB
MemFree:         1265208 kB
MemAvailable:    1555028 kB
Buffers:           37196 kB
Cached:           383620 kB
MemTotal:        1844596 kB
MemFree:         1263916 kB
MemAvailable:    1553736 kB
Buffers:           37196 kB
Cached:           383620 kB
MemTotal:        1844596 kB
MemFree:         1265192 kB
MemAvailable:    1555012 kB
Buffers:           37196 kB
Cached:           383620 kB
MemTotal:        1844596 kB
MemFree:         1264100 kB
MemAvailable:    1553920 kB
Buffers:           37196 kB
Cached:           383620 kB
MemTotal:        1844596 kB
MemFree:         1264032 kB
MemAvailable:    1553852 kB
Buffers:           37196 kB
Cached:           383620 kB
MemTotal:        1844596 kB
MemFree:         1264024 kB
MemAvailable:    1553844 kB
Buffers:           37196 kB
Cached:           383620 kB
MemTotal:        1844596 kB
MemFree:         1263620 kB
MemAvailable:    1553488 kB
Buffers:           37196 kB
Cached:           383636 kB
MemTotal:        1844596 kB
MemFree:         1263552 kB
MemAvailable:    1553420 kB
Buffers:           37196 kB
Cached:           383636 kB
MemTotal:        1844596 kB
MemFree:         1263596 kB
MemAvailable:    1553464 kB
Buffers:           37196 kB
Cached:           383636 kB
MemTotal:        1844596 kB
MemFree:         1263652 kB
MemAvailable:    1553520 kB
Buffers:           37196 kB
Cached:           383636 kB
MemTotal:        1844596 kB
MemFree:         1263544 kB
MemAvailable:    1553412 kB
Buffers:           37196 kB
Cached:           383636 kB
MemTotal:        1844596 kB
MemFree:         1263656 kB
MemAvailable:    1553524 kB
Buffers:           37196 kB
Cached:           383636 kB
MemTotal:        1844596 kB
MemFree:         1263732 kB
MemAvailable:    1553600 kB
Buffers:           37196 kB
Cached:           383636 kB
MemTotal:        1844596 kB
MemFree:         1265156 kB
MemAvailable:    1555024 kB
Buffers:           37196 kB
Cached:           383636 kB
MemTotal:        1844596 kB
MemFree:         1263404 kB
MemAvailable:    1553272 kB
Buffers:           37196 kB
Cached:           383636 kB
MemTotal:        1844596 kB
MemFree:         1263040 kB
MemAvailable:    1552908 kB
Buffers:           37196 kB
Cached:           383636 kB
MemTotal:        1844596 kB
MemFree:         1259884 kB
MemAvailable:    1549752 kB
Buffers:           37196 kB
Cached:           383636 kB
MemTotal:        1844596 kB
MemFree:         1258576 kB
MemAvailable:    1548444 kB
Buffers:           37196 kB
Cached:           383636 kB
MemTotal:        1844596 kB
MemFree:         1258576 kB
MemAvailable:    1548444 kB
Buffers:           37196 kB
Cached:           383636 kB
MemTotal:        1844596 kB
MemFree:         1258824 kB
MemAvailable:    1548692 kB
Buffers:           37196 kB
Cached:           383636 kB
MemTotal:        1844596 kB
MemFree:         1259388 kB
MemAvailable:    1549256 kB
Buffers:           37196 kB
Cached:           383636 kB
MemTotal:        1844596 kB
MemFree:         1259292 kB
MemAvailable:    1549160 kB
Buffers:           37196 kB
Cached:           383636 kB
MemTotal:        1844596 kB
MemFree:         1259628 kB
MemAvailable:    1549496 kB
Buffers:           37196 kB
Cached:           383636 kB
MemTotal:        1844596 kB
MemFree:         1259160 kB
MemAvailable:    1549028 kB
Buffers:           37196 kB
Cached:           383636 kB
MemTotal:        1844596 kB
MemFree:         1259412 kB
MemAvailable:    1549280 kB
Buffers:           37196 kB
Cached:           383636 kB
MemTotal:        1844596 kB
MemFree:         1259216 kB
MemAvailable:    1549084 kB
Buffers:           37196 kB
Cached:           383636 kB
MemTotal:        1844596 kB
MemFree:         1259212 kB
MemAvailable:    1549080 kB
Buffers:           37196 kB
Cached:           383636 kB
MemTotal:        1844596 kB
MemFree:         1258460 kB
MemAvailable:    1548328 kB
Buffers:           37196 kB
Cached:           383636 kB
MemTotal:        1844596 kB
MemFree:         1259224 kB
MemAvailable:    1549092 kB
Buffers:           37196 kB
Cached:           383636 kB
MemTotal:        1844596 kB
MemFree:         1259140 kB
MemAvailable:    1549008 kB
Buffers:           37196 kB
Cached:           383636 kB
MemTotal:        1844596 kB
MemFree:         1258164 kB
MemAvailable:    1548032 kB
Buffers:           37196 kB
Cached:           383636 kB
MemTotal:        1844596 kB
MemFree:         1258040 kB
MemAvailable:    1547908 kB
Buffers:           37196 kB
Cached:           383636 kB
MemTotal:        1844596 kB
MemFree:         1255716 kB
MemAvailable:    1545584 kB
Buffers:           37196 kB
Cached:           383636 kB
MemTotal:        1844596 kB
MemFree:         1255112 kB
MemAvailable:    1544980 kB
Buffers:           37196 kB
Cached:           383636 kB
MemTotal:        1844596 kB
MemFree:         1253500 kB
MemAvailable:    1543368 kB
Buffers:           37196 kB
Cached:           383636 kB
MemTotal:        1844596 kB
MemFree:         1252384 kB
MemAvailable:    1542252 kB
Buffers:           37196 kB
Cached:           383636 kB
MemTotal:        1844596 kB
MemFree:         1252932 kB
MemAvailable:    1542800 kB
Buffers:           37196 kB
Cached:           383636 kB
MemTotal:        1844596 kB
MemFree:         1253184 kB
MemAvailable:    1543052 kB
Buffers:           37196 kB
Cached:           383636 kB
MemTotal:        1844596 kB
MemFree:         1251392 kB
MemAvailable:    1541260 kB
Buffers:           37196 kB
Cached:           383636 kB
MemTotal:        1844596 kB
MemFree:         1250764 kB
MemAvailable:    1540632 kB
Buffers:           37196 kB
Cached:           383636 kB
MemTotal:        1844596 kB
MemFree:         1251020 kB
MemAvailable:    1540888 kB
Buffers:           37196 kB
Cached:           383636 kB
MemTotal:        1844596 kB
MemFree:         1250500 kB
MemAvailable:    1540368 kB
Buffers:           37196 kB
Cached:           383636 kB
MemTotal:        1844596 kB
MemFree:         1250752 kB
MemAvailable:    1540620 kB
Buffers:           37196 kB
Cached:           383636 kB
MemTotal:        1844596 kB
MemFree:         1250696 kB
MemAvailable:    1540564 kB
Buffers:           37196 kB
Cached:           383636 kB
MemTotal:        1844596 kB
MemFree:         1250324 kB
MemAvailable:    1540192 kB
Buffers:           37196 kB
Cached:           383636 kB
MemTotal:        1844596 kB
MemFree:         1250324 kB
MemAvailable:    1540192 kB
Buffers:           37196 kB
Cached:           383636 kB
MemTotal:        1844596 kB
MemFree:         1250248 kB
MemAvailable:    1540116 kB
Buffers:           37196 kB
Cached:           383636 kB
MemTotal:        1844596 kB
MemFree:         1250276 kB
MemAvailable:    1540144 kB
Buffers:           37196 kB
Cached:           383636 kB
MemTotal:        1844596 kB
MemFree:         1250448 kB
MemAvailable:    1540316 kB
Buffers:           37196 kB
Cached:           383636 kB
MemTotal:        1844596 kB
MemFree:         1250336 kB
MemAvailable:    1540204 kB
Buffers:           37196 kB
Cached:           383636 kB
MemTotal:        1844596 kB
MemFree:         1249656 kB
MemAvailable:    1539524 kB
Buffers:           37196 kB
Cached:           383636 kB
MemTotal:        1844596 kB
MemFree:         1250256 kB
MemAvailable:    1540124 kB
Buffers:           37196 kB
Cached:           383636 kB
MemTotal:        1844596 kB
MemFree:         1250512 kB
MemAvailable:    1540380 kB
Buffers:           37196 kB
Cached:           383636 kB
MemTotal:        1844596 kB
MemFree:         1250116 kB
MemAvailable:    1539984 kB
Buffers:           37196 kB
Cached:           383636 kB
MemTotal:        1844596 kB
MemFree:         1250368 kB
MemAvailable:    1540236 kB
Buffers:           37196 kB
Cached:           383636 kB
MemTotal:        1844596 kB
MemFree:         1249944 kB
MemAvailable:    1539812 kB
Buffers:           37196 kB
Cached:           383636 kB
MemTotal:        1844596 kB
MemFree:         1250196 kB
MemAvailable:    1540064 kB
Buffers:           37196 kB
Cached:           383636 kB
MemTotal:        1844596 kB
MemFree:         1250000 kB
MemAvailable:    1539868 kB
Buffers:           37196 kB
Cached:           383636 kB
MemTotal:        1844596 kB
MemFree:         1250336 kB
MemAvailable:    1540204 kB
Buffers:           37196 kB
Cached:           383636 kB
MemTotal:        1844596 kB
MemFree:         1249952 kB
MemAvailable:    1539820 kB
Buffers:           37196 kB
Cached:           383636 kB
MemTotal:        1844596 kB
MemFree:         1250120 kB
MemAvailable:    1539988 kB
Buffers:           37196 kB
Cached:           383636 kB
MemTotal:        1844596 kB
MemFree:         1248152 kB
MemAvailable:    1538020 kB
Buffers:           37196 kB
Cached:           383636 kB
MemTotal:        1844596 kB
MemFree:         1248044 kB
MemAvailable:    1537912 kB
Buffers:           37196 kB
Cached:           383636 kB
MemTotal:        1844596 kB
MemFree:         1243944 kB
MemAvailable:    1533812 kB
Buffers:           37196 kB
Cached:           383636 kB
MemTotal:        1844596 kB
MemFree:         1241340 kB
MemAvailable:    1531208 kB
Buffers:           37196 kB
Cached:           383636 kB
MemTotal:        1844596 kB
MemFree:         1242324 kB
MemAvailable:    1532192 kB
Buffers:           37196 kB
Cached:           383636 kB
MemTotal:        1844596 kB
MemFree:         1242292 kB
MemAvailable:    1532160 kB
Buffers:           37196 kB
Cached:           383636 kB
MemTotal:        1844596 kB
MemFree:         1241896 kB
MemAvailable:    1531764 kB
Buffers:           37196 kB
Cached:           383636 kB
MemTotal:        1844596 kB
MemFree:         1240728 kB
MemAvailable:    1530596 kB
Buffers:           37196 kB
Cached:           383636 kB
MemTotal:        1844596 kB
MemFree:         1241456 kB
MemAvailable:    1531324 kB
Buffers:           37196 kB
Cached:           383636 kB
MemTotal:        1844596 kB
MemFree:         1241708 kB
MemAvailable:    1531576 kB
Buffers:           37196 kB
Cached:           383636 kB
MemTotal:        1844596 kB
MemFree:         1240340 kB
MemAvailable:    1530208 kB
Buffers:           37196 kB
Cached:           383636 kB
MemTotal:        1844596 kB
MemFree:         1241524 kB
MemAvailable:    1531392 kB
Buffers:           37196 kB
Cached:           383636 kB
MemTotal:        1844596 kB
MemFree:         1241352 kB
MemAvailable:    1531220 kB
Buffers:           37200 kB
Cached:           383632 kB
MemTotal:        1844596 kB
MemFree:         1241388 kB
MemAvailable:    1531256 kB
Buffers:           37200 kB
Cached:           383632 kB
MemTotal:        1844596 kB
MemFree:         1241528 kB
MemAvailable:    1531396 kB
Buffers:           37200 kB
Cached:           383632 kB
MemTotal:        1844596 kB
MemFree:         1241508 kB
MemAvailable:    1531376 kB
Buffers:           37200 kB
Cached:           383632 kB
MemTotal:        1844596 kB
MemFree:         1240076 kB
MemAvailable:    1529944 kB
Buffers:           37200 kB
Cached:           383632 kB
MemTotal:        1844596 kB
MemFree:         1241260 kB
MemAvailable:    1531136 kB
Buffers:           37200 kB
Cached:           383640 kB
MemTotal:        1844596 kB
MemFree:         1241596 kB
MemAvailable:    1531472 kB
Buffers:           37200 kB
Cached:           383640 kB
MemTotal:        1844596 kB
MemFree:         1241320 kB
MemAvailable:    1531196 kB
Buffers:           37200 kB
Cached:           383640 kB
MemTotal:        1844596 kB
MemFree:         1241224 kB
MemAvailable:    1531100 kB
Buffers:           37200 kB
Cached:           383640 kB
MemTotal:        1844596 kB
MemFree:         1241392 kB
MemAvailable:    1531272 kB
Buffers:           37200 kB
Cached:           383644 kB
MemTotal:        1844596 kB
MemFree:         1241408 kB
MemAvailable:    1531288 kB
Buffers:           37200 kB
Cached:           383644 kB
MemTotal:        1844596 kB
MemFree:         1241292 kB
MemAvailable:    1531172 kB
Buffers:           37200 kB
Cached:           383644 kB
MemTotal:        1844596 kB
MemFree:         1241544 kB
MemAvailable:    1531424 kB
Buffers:           37200 kB
Cached:           383644 kB
MemTotal:        1844596 kB
MemFree:         1241520 kB
MemAvailable:    1531400 kB
Buffers:           37200 kB
Cached:           383644 kB
MemTotal:        1844596 kB
MemFree:         1240172 kB
MemAvailable:    1530052 kB
Buffers:           37200 kB
Cached:           383644 kB
MemTotal:        1844596 kB
MemFree:         1240200 kB
MemAvailable:    1530080 kB
Buffers:           37200 kB
Cached:           383644 kB
MemTotal:        1844596 kB
MemFree:         1241332 kB
MemAvailable:    1531212 kB
Buffers:           37200 kB
Cached:           383644 kB
MemTotal:        1844596 kB
MemFree:         1241668 kB
MemAvailable:    1531548 kB
Buffers:           37200 kB
Cached:           383644 kB
MemTotal:        1844596 kB
MemFree:         1241356 kB
MemAvailable:    1531236 kB
Buffers:           37200 kB
Cached:           383644 kB
MemTotal:        1844596 kB
MemFree:         1239348 kB
MemAvailable:    1529228 kB
Buffers:           37200 kB
Cached:           383644 kB
MemTotal:        1844596 kB
MemFree:         1238992 kB
MemAvailable:    1528872 kB
Buffers:           37200 kB
Cached:           383644 kB
MemTotal:        1844596 kB
MemFree:         1234884 kB
MemAvailable:    1524764 kB
Buffers:           37200 kB
Cached:           383644 kB
MemTotal:        1844596 kB
MemFree:         1234404 kB
MemAvailable:    1524284 kB
Buffers:           37200 kB
Cached:           383644 kB
MemTotal:        1844596 kB
MemFree:         1232480 kB
MemAvailable:    1522360 kB
Buffers:           37200 kB
Cached:           383644 kB
MemTotal:        1844596 kB
MemFree:         1232348 kB
MemAvailable:    1522228 kB
Buffers:           37200 kB
Cached:           383644 kB
MemTotal:        1844596 kB
MemFree:         1231976 kB
MemAvailable:    1521856 kB
Buffers:           37200 kB
Cached:           383644 kB
MemTotal:        1844596 kB
MemFree:         1231676 kB
MemAvailable:    1521556 kB
Buffers:           37200 kB
Cached:           383644 kB
MemTotal:        1844596 kB
MemFree:         1231736 kB
MemAvailable:    1521616 kB
Buffers:           37200 kB
Cached:           383644 kB
MemTotal:        1844596 kB
MemFree:         1230940 kB
MemAvailable:    1520820 kB
Buffers:           37200 kB
Cached:           383644 kB
MemTotal:        1844596 kB
MemFree:         1229560 kB
MemAvailable:    1519440 kB
Buffers:           37200 kB
Cached:           383644 kB
MemTotal:        1844596 kB
MemFree:         1230248 kB
MemAvailable:    1520128 kB
Buffers:           37200 kB
Cached:           383644 kB
MemTotal:        1844596 kB
MemFree:         1229552 kB
MemAvailable:    1519432 kB
Buffers:           37200 kB
Cached:           383644 kB
MemTotal:        1844596 kB
MemFree:         1228892 kB
MemAvailable:    1518772 kB
Buffers:           37200 kB
Cached:           383644 kB
MemTotal:        1844596 kB
MemFree:         1229860 kB
MemAvailable:    1519740 kB
Buffers:           37200 kB
Cached:           383644 kB
MemTotal:        1844596 kB
MemFree:         1228576 kB
MemAvailable:    1518456 kB
Buffers:           37200 kB
Cached:           383644 kB
MemTotal:        1844596 kB
MemFree:         1229528 kB
MemAvailable:    1519408 kB
Buffers:           37200 kB
Cached:           383644 kB
MemTotal:        1844596 kB
MemFree:         1228532 kB
MemAvailable:    1518412 kB
Buffers:           37200 kB
Cached:           383644 kB
MemTotal:        1844596 kB
MemFree:         1229604 kB
MemAvailable:    1519484 kB
Buffers:           37200 kB
Cached:           383644 kB
MemTotal:        1844596 kB
MemFree:         1229776 kB
MemAvailable:    1519656 kB
Buffers:           37200 kB
Cached:           383644 kB
MemTotal:        1844596 kB
MemFree:         1229520 kB
MemAvailable:    1519400 kB
Buffers:           37200 kB
Cached:           383644 kB
MemTotal:        1844596 kB
MemFree:         1229700 kB
MemAvailable:    1519580 kB
Buffers:           37200 kB
Cached:           383644 kB
MemTotal:        1844596 kB
MemFree:         1228816 kB
MemAvailable:    1518696 kB
Buffers:           37200 kB
Cached:           383644 kB
MemTotal:        1844596 kB
MemFree:         1229520 kB
MemAvailable:    1519400 kB
Buffers:           37200 kB
Cached:           383644 kB
MemTotal:        1844596 kB
MemFree:         1229776 kB
MemAvailable:    1519656 kB
Buffers:           37200 kB
Cached:           383644 kB
MemTotal:        1844596 kB
MemFree:         1229640 kB
MemAvailable:    1519520 kB
Buffers:           37200 kB
Cached:           383644 kB
MemTotal:        1844596 kB
MemFree:         1229700 kB
MemAvailable:    1519580 kB
Buffers:           37200 kB
Cached:           383644 kB
MemTotal:        1844596 kB
MemFree:         1228272 kB
MemAvailable:    1518152 kB
Buffers:           37200 kB
Cached:           383644 kB
MemTotal:        1844596 kB
MemFree:         1229520 kB
MemAvailable:    1519400 kB
Buffers:           37200 kB
Cached:           383644 kB
MemTotal:        1844596 kB
MemFree:         1228824 kB
MemAvailable:    1518704 kB
Buffers:           37200 kB
Cached:           383644 kB
MemTotal:        1844596 kB
MemFree:         1229388 kB
MemAvailable:    1519268 kB
Buffers:           37200 kB
Cached:           383644 kB
MemTotal:        1844596 kB
MemFree:         1229724 kB
MemAvailable:    1519604 kB
Buffers:           37200 kB
Cached:           383644 kB
MemTotal:        1844596 kB
MemFree:         1228396 kB
MemAvailable:    1518276 kB
Buffers:           37200 kB
Cached:           383644 kB
MemTotal:        1844596 kB
MemFree:         1229692 kB
MemAvailable:    1519572 kB
Buffers:           37200 kB
Cached:           383644 kB
MemTotal:        1844596 kB
MemFree:         1229580 kB
MemAvailable:    1519460 kB
Buffers:           37200 kB
Cached:           383644 kB
MemTotal:        1844596 kB
MemFree:         1229424 kB
MemAvailable:    1519304 kB
Buffers:           37200 kB
Cached:           383644 kB
MemTotal:        1844596 kB
MemFree:         1229508 kB
MemAvailable:    1519388 kB
Buffers:           37200 kB
Cached:           383644 kB
MemTotal:        1844596 kB
MemFree:         1228364 kB
MemAvailable:    1518244 kB
Buffers:           37200 kB
Cached:           383644 kB
MemTotal:        1844596 kB
MemFree:         1229528 kB
MemAvailable:    1519408 kB
Buffers:           37200 kB
Cached:           383644 kB
MemTotal:        1844596 kB
MemFree:         1229312 kB
MemAvailable:    1519192 kB
Buffers:           37200 kB
Cached:           383644 kB
MemTotal:        1844596 kB
MemFree:         1229568 kB
MemAvailable:    1519448 kB
Buffers:           37200 kB
Cached:           383644 kB
MemTotal:        1844596 kB
MemFree:         1229388 kB
MemAvailable:    1519268 kB
Buffers:           37200 kB
Cached:           383644 kB
MemTotal:        1844596 kB
MemFree:         1229724 kB
MemAvailable:    1519604 kB
Buffers:           37200 kB
Cached:           383644 kB
MemTotal:        1844596 kB
MemFree:         1229428 kB
MemAvailable:    1519308 kB
Buffers:           37200 kB
Cached:           383644 kB
MemTotal:        1844596 kB
MemFree:         1229512 kB
MemAvailable:    1519392 kB
Buffers:           37200 kB
Cached:           383644 kB
MemTotal:        1844596 kB
MemFree:         1229604 kB
MemAvailable:    1519484 kB
Buffers:           37200 kB
Cached:           383644 kB
MemTotal:        1844596 kB
MemFree:         1229568 kB
MemAvailable:    1519448 kB
Buffers:           37200 kB
Cached:           383644 kB
MemTotal:        1844596 kB
MemFree:         1228824 kB
MemAvailable:    1518704 kB
Buffers:           37200 kB
Cached:           383644 kB
MemTotal:        1844596 kB
MemFree:         1229388 kB
MemAvailable:    1519268 kB
Buffers:           37200 kB
Cached:           383644 kB
MemTotal:        1844596 kB
MemFree:         1229724 kB
MemAvailable:    1519604 kB
Buffers:           37200 kB
Cached:           383644 kB
MemTotal:        1844596 kB
MemFree:         1228328 kB
MemAvailable:    1518208 kB
Buffers:           37200 kB
Cached:           383644 kB
MemTotal:        1844596 kB
MemFree:         1228568 kB
MemAvailable:    1518448 kB
Buffers:           37200 kB
Cached:           383644 kB
MemTotal:        1844596 kB
MemFree:         1228404 kB
MemAvailable:    1518284 kB
Buffers:           37200 kB
Cached:           383644 kB
MemTotal:        1844596 kB
MemFree:         1229608 kB
MemAvailable:    1519488 kB
Buffers:           37200 kB
Cached:           383644 kB
MemTotal:        1844596 kB
MemFree:         1228948 kB
MemAvailable:    1518828 kB
Buffers:           37200 kB
Cached:           383644 kB
MemTotal:        1844596 kB
MemFree:         1229416 kB
MemAvailable:    1519296 kB
Buffers:           37200 kB
Cached:           383644 kB
MemTotal:        1844596 kB
MemFree:         1229752 kB
MemAvailable:    1519632 kB
Buffers:           37200 kB
Cached:           383644 kB
MemTotal:        1844596 kB
MemFree:         1229568 kB
MemAvailable:    1519448 kB
Buffers:           37200 kB
Cached:           383644 kB
MemTotal:        1844596 kB
MemFree:         1228816 kB
MemAvailable:    1518696 kB
Buffers:           37200 kB
Cached:           383644 kB
MemTotal:        1844596 kB
MemFree:         1230108 kB
MemAvailable:    1519992 kB
Buffers:           37200 kB
Cached:           383648 kB
MemTotal:        1844596 kB
MemFree:         1228568 kB
MemAvailable:    1518452 kB
Buffers:           37200 kB
Cached:           383648 kB
MemTotal:        1844596 kB
MemFree:         1229808 kB
MemAvailable:    1519692 kB
Buffers:           37200 kB
Cached:           383648 kB
MemTotal:        1844596 kB
MemFree:         1229808 kB
MemAvailable:    1519692 kB
Buffers:           37200 kB
Cached:           383648 kB
MemTotal:        1844596 kB
MemFree:         1228188 kB
MemAvailable:    1518080 kB
Buffers:           37200 kB
Cached:           383656 kB
MemTotal:        1844596 kB
MemFree:         1228436 kB
MemAvailable:    1518328 kB
Buffers:           37200 kB
Cached:           383656 kB
MemTotal:        1844596 kB
MemFree:         1228328 kB
MemAvailable:    1518220 kB
Buffers:           37200 kB
Cached:           383656 kB
MemTotal:        1844596 kB
MemFree:         1228328 kB
MemAvailable:    1518220 kB
Buffers:           37200 kB
Cached:           383656 kB
MemTotal:        1844596 kB
MemFree:         1229444 kB
MemAvailable:    1519336 kB
Buffers:           37200 kB
Cached:           383656 kB
MemTotal:        1844596 kB
MemFree:         1229172 kB
MemAvailable:    1519064 kB
Buffers:           37200 kB
Cached:           383656 kB
MemTotal:        1844596 kB
MemFree:         1229256 kB
MemAvailable:    1519148 kB
Buffers:           37200 kB
Cached:           383656 kB
MemTotal:        1844596 kB
MemFree:         1228984 kB
MemAvailable:    1518876 kB
Buffers:           37200 kB
Cached:           383656 kB
MemTotal:        1844596 kB
MemFree:         1227808 kB
MemAvailable:    1517700 kB
Buffers:           37200 kB
Cached:           383656 kB
MemTotal:        1844596 kB
MemFree:         1227684 kB
MemAvailable:    1517576 kB
Buffers:           37200 kB
Cached:           383656 kB
MemTotal:        1844596 kB
MemFree:         1228984 kB
MemAvailable:    1518876 kB
Buffers:           37200 kB
Cached:           383656 kB
MemTotal:        1844596 kB
MemFree:         1228080 kB
MemAvailable:    1517972 kB
Buffers:           37200 kB
Cached:           383656 kB
MemTotal:        1844596 kB
MemFree:         1228884 kB
MemAvailable:    1518776 kB
Buffers:           37200 kB
Cached:           383656 kB
MemTotal:        1844596 kB
MemFree:         1228948 kB
MemAvailable:    1518840 kB
Buffers:           37200 kB
Cached:           383656 kB
MemTotal:        1844596 kB
MemFree:         1228760 kB
MemAvailable:    1518652 kB
Buffers:           37200 kB
Cached:           383656 kB
MemTotal:        1844596 kB
MemFree:         1227328 kB
MemAvailable:    1517220 kB
Buffers:           37200 kB
Cached:           383656 kB
MemTotal:        1844596 kB
MemFree:         1228520 kB
MemAvailable:    1518412 kB
Buffers:           37200 kB
Cached:           383656 kB
MemTotal:        1844596 kB
MemFree:         1228520 kB
MemAvailable:    1518412 kB
Buffers:           37200 kB
Cached:           383656 kB
MemTotal:        1844596 kB
MemFree:         1227312 kB
MemAvailable:    1517204 kB
Buffers:           37200 kB
Cached:           383656 kB
MemTotal:        1844596 kB
MemFree:         1228420 kB
MemAvailable:    1518312 kB
Buffers:           37200 kB
Cached:           383656 kB
MemTotal:        1844596 kB
MemFree:         1228504 kB
MemAvailable:    1518396 kB
Buffers:           37200 kB
Cached:           383656 kB
MemTotal:        1844596 kB
MemFree:         1228556 kB
MemAvailable:    1518448 kB
Buffers:           37200 kB
Cached:           383656 kB
MemTotal:        1844596 kB
MemFree:         1227188 kB
MemAvailable:    1517080 kB
Buffers:           37200 kB
Cached:           383656 kB
MemTotal:        1844596 kB
MemFree:         1228512 kB
MemAvailable:    1518404 kB
Buffers:           37200 kB
Cached:           383656 kB
MemTotal:        1844596 kB
MemFree:         1228680 kB
MemAvailable:    1518572 kB
Buffers:           37200 kB
Cached:           383656 kB
MemTotal:        1844596 kB
MemFree:         1227824 kB
MemAvailable:    1517716 kB
Buffers:           37200 kB
Cached:           383656 kB
MemTotal:        1844596 kB
MemFree:         1228444 kB
MemAvailable:    1518336 kB
Buffers:           37200 kB
Cached:           383656 kB
MemTotal:        1844596 kB
MemFree:         1228560 kB
MemAvailable:    1518452 kB
Buffers:           37200 kB
Cached:           383656 kB
MemTotal:        1844596 kB
MemFree:         1228504 kB
MemAvailable:    1518396 kB
Buffers:           37200 kB
Cached:           383656 kB
MemTotal:        1844596 kB
MemFree:         1227064 kB
MemAvailable:    1516956 kB
Buffers:           37200 kB
Cached:           383656 kB
MemTotal:        1844596 kB
MemFree:         1227272 kB
MemAvailable:    1517164 kB
Buffers:           37200 kB
Cached:           383656 kB
MemTotal:        1844596 kB
MemFree:         1224856 kB
MemAvailable:    1514748 kB
Buffers:           37200 kB
Cached:           383656 kB
MemTotal:        1844596 kB
MemFree:         1221196 kB
MemAvailable:    1511088 kB
Buffers:           37200 kB
Cached:           383656 kB
MemTotal:        1844596 kB
MemFree:         1218028 kB
MemAvailable:    1507920 kB
Buffers:           37200 kB
Cached:           383656 kB
MemTotal:        1844596 kB
MemFree:         1218028 kB
MemAvailable:    1507920 kB
Buffers:           37200 kB
Cached:           383656 kB
MemTotal:        1844596 kB
MemFree:         1217780 kB
MemAvailable:    1507672 kB
Buffers:           37200 kB
Cached:           383656 kB
MemTotal:        1844596 kB
MemFree:         1217964 kB
MemAvailable:    1507856 kB
Buffers:           37200 kB
Cached:           383656 kB
MemTotal:        1844596 kB
MemFree:         1216548 kB
MemAvailable:    1506440 kB
Buffers:           37200 kB
Cached:           383656 kB
MemTotal:        1844596 kB
MemFree:         1217848 kB
MemAvailable:    1507740 kB
Buffers:           37200 kB
Cached:           383656 kB
MemTotal:        1844596 kB
MemFree:         1217476 kB
MemAvailable:    1507368 kB
Buffers:           37200 kB
Cached:           383656 kB
MemTotal:        1844596 kB
MemFree:         1216052 kB
MemAvailable:    1505944 kB
Buffers:           37200 kB
Cached:           383656 kB
MemTotal:        1844596 kB
MemFree:         1215424 kB
MemAvailable:    1505316 kB
Buffers:           37200 kB
Cached:           383656 kB
MemTotal:        1844596 kB
MemFree:         1216656 kB
MemAvailable:    1506548 kB
Buffers:           37200 kB
Cached:           383656 kB
MemTotal:        1844596 kB
MemFree:         1215044 kB
MemAvailable:    1504936 kB
Buffers:           37200 kB
Cached:           383656 kB
MemTotal:        1844596 kB
MemFree:         1215044 kB
MemAvailable:    1504936 kB
Buffers:           37200 kB
Cached:           383656 kB
MemTotal:        1844596 kB
MemFree:         1215032 kB
MemAvailable:    1504924 kB
Buffers:           37200 kB
Cached:           383656 kB
MemTotal:        1844596 kB
MemFree:         1215284 kB
MemAvailable:    1505176 kB
Buffers:           37200 kB
Cached:           383656 kB
MemTotal:        1844596 kB
MemFree:         1213756 kB
MemAvailable:    1503648 kB
Buffers:           37200 kB
Cached:           383656 kB
MemTotal:        1844596 kB
MemFree:         1215064 kB
MemAvailable:    1504956 kB
Buffers:           37200 kB
Cached:           383656 kB
MemTotal:        1844596 kB
MemFree:         1213888 kB
MemAvailable:    1503780 kB
Buffers:           37200 kB
Cached:           383656 kB
MemTotal:        1844596 kB
MemFree:         1215164 kB
MemAvailable:    1505056 kB
Buffers:           37200 kB
Cached:           383656 kB
MemTotal:        1844596 kB
MemFree:         1215164 kB
MemAvailable:    1505056 kB
Buffers:           37200 kB
Cached:           383656 kB
MemTotal:        1844596 kB
MemFree:         1215012 kB
MemAvailable:    1504904 kB
Buffers:           37200 kB
Cached:           383656 kB
MemTotal:        1844596 kB
MemFree:         1215108 kB
MemAvailable:    1505000 kB
Buffers:           37200 kB
Cached:           383656 kB
MemTotal:        1844596 kB
MemFree:         1215120 kB
MemAvailable:    1505012 kB
Buffers:           37200 kB
Cached:           383656 kB
MemTotal:        1844596 kB
MemFree:         1215288 kB
MemAvailable:    1505180 kB
Buffers:           37200 kB
Cached:           383656 kB
MemTotal:        1844596 kB
MemFree:         1215012 kB
MemAvailable:    1504904 kB
Buffers:           37200 kB
Cached:           383656 kB
MemTotal:        1844596 kB
MemFree:         1215108 kB
MemAvailable:    1505000 kB
Buffers:           37200 kB
Cached:           383656 kB
MemTotal:        1844596 kB
MemFree:         1213932 kB
MemAvailable:    1503824 kB
Buffers:           37200 kB
Cached:           383656 kB
MemTotal:        1844596 kB
MemFree:         1214812 kB
MemAvailable:    1504704 kB
Buffers:           37200 kB
Cached:           383656 kB
MemTotal:        1844596 kB
MemFree:         1214564 kB
MemAvailable:    1504456 kB
Buffers:           37200 kB
Cached:           383656 kB
MemTotal:        1844596 kB
MemFree:         1213820 kB
MemAvailable:    1503712 kB
Buffers:           37200 kB
Cached:           383656 kB
MemTotal:        1844596 kB
MemFree:         1212456 kB
MemAvailable:    1502348 kB
Buffers:           37200 kB
Cached:           383656 kB
MemTotal:        1844596 kB
MemFree:         1213012 kB
MemAvailable:    1502904 kB
Buffers:           37200 kB
Cached:           383656 kB
MemTotal:        1844596 kB
MemFree:         1213268 kB
MemAvailable:    1503160 kB
Buffers:           37200 kB
Cached:           383656 kB
MemTotal:        1844596 kB
MemFree:         1213072 kB
MemAvailable:    1502964 kB
Buffers:           37200 kB
Cached:           383656 kB
MemTotal:        1844596 kB
MemFree:         1211896 kB
MemAvailable:    1501788 kB
Buffers:           37200 kB
Cached:           383656 kB
MemTotal:        1844596 kB
MemFree:         1212208 kB
MemAvailable:    1502100 kB
Buffers:           37200 kB
Cached:           383656 kB
MemTotal:        1844596 kB
MemFree:         1211092 kB
MemAvailable:    1500984 kB
Buffers:           37200 kB
Cached:           383656 kB
MemTotal:        1844596 kB
MemFree:         1211696 kB
MemAvailable:    1501588 kB
Buffers:           37200 kB
Cached:           383656 kB
MemTotal:        1844596 kB
MemFree:         1211696 kB
MemAvailable:    1501588 kB
Buffers:           37200 kB
Cached:           383656 kB
MemTotal:        1844596 kB
MemFree:         1209844 kB
MemAvailable:    1499736 kB
Buffers:           37200 kB
Cached:           383656 kB
MemTotal:        1844596 kB
MemFree:         1210712 kB
MemAvailable:    1500604 kB
Buffers:           37200 kB
Cached:           383656 kB
MemTotal:        1844596 kB
MemFree:         1210232 kB
MemAvailable:    1500124 kB
Buffers:           37200 kB
Cached:           383656 kB
MemTotal:        1844596 kB
MemFree:         1210408 kB
MemAvailable:    1500300 kB
Buffers:           37200 kB
Cached:           383656 kB
MemTotal:        1844596 kB
MemFree:         1209108 kB
MemAvailable:    1499000 kB
Buffers:           37200 kB
Cached:           383656 kB
MemTotal:        1844596 kB
MemFree:         1210144 kB
MemAvailable:    1500044 kB
Buffers:           37200 kB
Cached:           383664 kB
MemTotal:        1844596 kB
MemFree:         1210084 kB
MemAvailable:    1499984 kB
Buffers:           37200 kB
Cached:           383664 kB
MemTotal:        1844596 kB
MemFree:         1209948 kB
MemAvailable:    1499848 kB
Buffers:           37200 kB
Cached:           383664 kB
MemTotal:        1844596 kB
MemFree:         1209744 kB
MemAvailable:    1499644 kB
Buffers:           37200 kB
Cached:           383664 kB
MemTotal:        1844596 kB
MemFree:         1209912 kB
MemAvailable:    1499812 kB
Buffers:           37200 kB
Cached:           383664 kB
MemTotal:        1844596 kB
MemFree:         1208820 kB
MemAvailable:    1498720 kB
Buffers:           37200 kB
Cached:           383664 kB
MemTotal:        1844596 kB
MemFree:         1210044 kB
MemAvailable:    1499944 kB
Buffers:           37200 kB
Cached:           383664 kB
MemTotal:        1844596 kB
MemFree:         1209916 kB
MemAvailable:    1499816 kB
Buffers:           37200 kB
Cached:           383664 kB
MemTotal:        1844596 kB
MemFree:         1209984 kB
MemAvailable:    1499884 kB
Buffers:           37200 kB
Cached:           383664 kB
MemTotal:        1844596 kB
MemFree:         1208556 kB
MemAvailable:    1498456 kB
Buffers:           37200 kB
Cached:           383664 kB
MemTotal:        1844596 kB
MemFree:         1209804 kB
MemAvailable:    1499704 kB
Buffers:           37200 kB
Cached:           383664 kB
MemTotal:        1844596 kB
MemFree:         1208556 kB
MemAvailable:    1498456 kB
Buffers:           37200 kB
Cached:           383664 kB
MemTotal:        1844596 kB
MemFree:         1208680 kB
MemAvailable:    1498580 kB
Buffers:           37200 kB
Cached:           383664 kB
MemTotal:        1844596 kB
MemFree:         1208680 kB
MemAvailable:    1498580 kB
Buffers:           37200 kB
Cached:           383664 kB
MemTotal:        1844596 kB
MemFree:         1209700 kB
MemAvailable:    1499600 kB
Buffers:           37200 kB
Cached:           383664 kB
MemTotal:        1844596 kB
MemFree:         1209700 kB
MemAvailable:    1499600 kB
Buffers:           37200 kB
Cached:           383664 kB
MemTotal:        1844596 kB
MemFree:         1208356 kB
MemAvailable:    1498256 kB
Buffers:           37200 kB
Cached:           383664 kB
MemTotal:        1844596 kB
MemFree:         1208488 kB
MemAvailable:    1498388 kB
Buffers:           37200 kB
Cached:           383664 kB
MemTotal:        1844596 kB
MemFree:         1209788 kB
MemAvailable:    1499688 kB
Buffers:           37200 kB
Cached:           383664 kB
MemTotal:        1844596 kB
MemFree:         1208488 kB
MemAvailable:    1498388 kB
Buffers:           37200 kB
Cached:           383664 kB
MemTotal:        1844596 kB
MemFree:         1209844 kB
MemAvailable:    1499744 kB
Buffers:           37200 kB
Cached:           383664 kB
MemTotal:        1844596 kB
MemFree:         1209716 kB
MemAvailable:    1499616 kB
Buffers:           37200 kB
Cached:           383664 kB
MemTotal:        1844596 kB
MemFree:         1209968 kB
MemAvailable:    1499868 kB
Buffers:           37200 kB
Cached:           383664 kB
MemTotal:        1844596 kB
MemFree:         1208424 kB
MemAvailable:    1498324 kB
Buffers:           37200 kB
Cached:           383664 kB
MemTotal:        1844596 kB
MemFree:         1209656 kB
MemAvailable:    1499556 kB
Buffers:           37200 kB
Cached:           383664 kB
MemTotal:        1844596 kB
MemFree:         1209600 kB
MemAvailable:    1499500 kB
Buffers:           37200 kB
Cached:           383664 kB
MemTotal:        1844596 kB
MemFree:         1207380 kB
MemAvailable:    1497280 kB
Buffers:           37200 kB
Cached:           383664 kB
MemTotal:        1844596 kB
MemFree:         1207752 kB
MemAvailable:    1497652 kB
Buffers:           37200 kB
Cached:           383664 kB
MemTotal:        1844596 kB
MemFree:         1208680 kB
MemAvailable:    1498580 kB
Buffers:           37200 kB
Cached:           383664 kB
MemTotal:        1844596 kB
MemFree:         1208620 kB
MemAvailable:    1498520 kB
Buffers:           37200 kB
Cached:           383664 kB
MemTotal:        1844596 kB
MemFree:         1206076 kB
MemAvailable:    1495976 kB
Buffers:           37200 kB
Cached:           383664 kB
MemTotal:        1844596 kB
MemFree:         1203288 kB
MemAvailable:    1493188 kB
Buffers:           37200 kB
Cached:           383664 kB
MemTotal:        1844596 kB
MemFree:         1201056 kB
MemAvailable:    1490956 kB
Buffers:           37200 kB
Cached:           383664 kB
MemTotal:        1844596 kB
MemFree:         1199372 kB
MemAvailable:    1489272 kB
Buffers:           37200 kB
Cached:           383664 kB
MemTotal:        1844596 kB
MemFree:         1195080 kB
MemAvailable:    1484980 kB
Buffers:           37200 kB
Cached:           383664 kB
MemTotal:        1844596 kB
MemFree:         1194360 kB
MemAvailable:    1484260 kB
Buffers:           37200 kB
Cached:           383664 kB
MemTotal:        1844596 kB
MemFree:         1191252 kB
MemAvailable:    1481152 kB
Buffers:           37200 kB
Cached:           383664 kB
MemTotal:        1844596 kB
MemFree:         1191180 kB
MemAvailable:    1481080 kB
Buffers:           37200 kB
Cached:           383664 kB
MemTotal:        1844596 kB
MemFree:         1191132 kB
MemAvailable:    1481032 kB
Buffers:           37200 kB
Cached:           383664 kB
MemTotal:        1844596 kB
MemFree:         1191108 kB
MemAvailable:    1481008 kB
Buffers:           37200 kB
Cached:           383664 kB
MemTotal:        1844596 kB
MemFree:         1191184 kB
MemAvailable:    1481084 kB
Buffers:           37200 kB
Cached:           383664 kB
MemTotal:        1844596 kB
MemFree:         1190996 kB
MemAvailable:    1480896 kB
Buffers:           37200 kB
Cached:           383664 kB
MemTotal:        1844596 kB
MemFree:         1190756 kB
MemAvailable:    1480656 kB
Buffers:           37200 kB
Cached:           383664 kB
MemTotal:        1844596 kB
MemFree:         1191008 kB
MemAvailable:    1480908 kB
Buffers:           37200 kB
Cached:           383664 kB
MemTotal:        1844596 kB
MemFree:         1189600 kB
MemAvailable:    1479500 kB
Buffers:           37200 kB
Cached:           383664 kB
MemTotal:        1844596 kB
MemFree:         1189344 kB
MemAvailable:    1479244 kB
Buffers:           37200 kB
Cached:           383664 kB
MemTotal:        1844596 kB
MemFree:         1190812 kB
MemAvailable:    1480712 kB
Buffers:           37200 kB
Cached:           383664 kB
MemTotal:        1844596 kB
MemFree:         1189464 kB
MemAvailable:    1479364 kB
Buffers:           37200 kB
Cached:           383664 kB
MemTotal:        1844596 kB
MemFree:         1189580 kB
MemAvailable:    1479480 kB
Buffers:           37200 kB
Cached:           383664 kB
MemTotal:        1844596 kB
MemFree:         1189276 kB
MemAvailable:    1479176 kB
Buffers:           37200 kB
Cached:           383664 kB
MemTotal:        1844596 kB
MemFree:         1189276 kB
MemAvailable:    1479176 kB
Buffers:           37200 kB
Cached:           383664 kB
MemTotal:        1844596 kB
MemFree:         1189144 kB
MemAvailable:    1479044 kB
Buffers:           37200 kB
Cached:           383664 kB
MemTotal:        1844596 kB
MemFree:         1189012 kB
MemAvailable:    1478912 kB
Buffers:           37200 kB
Cached:           383664 kB
MemTotal:        1844596 kB
MemFree:         1188888 kB
MemAvailable:    1478788 kB
Buffers:           37200 kB
Cached:           383664 kB
MemTotal:        1844596 kB
MemFree:         1189252 kB
MemAvailable:    1479152 kB
Buffers:           37200 kB
Cached:           383664 kB
MemTotal:        1844596 kB
MemFree:         1189004 kB
MemAvailable:    1478904 kB
Buffers:           37200 kB
Cached:           383664 kB
MemTotal:        1844596 kB
MemFree:         1190112 kB
MemAvailable:    1480012 kB
Buffers:           37200 kB
Cached:           383664 kB
MemTotal:        1844596 kB
MemFree:         1189524 kB
MemAvailable:    1479424 kB
Buffers:           37200 kB
Cached:           383664 kB
MemTotal:        1844596 kB
MemFree:         1190008 kB
MemAvailable:    1479908 kB
Buffers:           37200 kB
Cached:           383664 kB
MemTotal:        1844596 kB
MemFree:         1188760 kB
MemAvailable:    1478660 kB
Buffers:           37200 kB
Cached:           383664 kB
MemTotal:        1844596 kB
MemFree:         1188844 kB
MemAvailable:    1478744 kB
Buffers:           37200 kB
Cached:           383664 kB
MemTotal:        1844596 kB
MemFree:         1189996 kB
MemAvailable:    1479896 kB
Buffers:           37200 kB
Cached:           383664 kB
MemTotal:        1844596 kB
MemFree:         1190104 kB
MemAvailable:    1480004 kB
Buffers:           37200 kB
Cached:           383664 kB
MemTotal:        1844596 kB
MemFree:         1189276 kB
MemAvailable:    1479176 kB
Buffers:           37200 kB
Cached:           383664 kB
MemTotal:        1844596 kB
MemFree:         1190384 kB
MemAvailable:    1480284 kB
Buffers:           37200 kB
Cached:           383664 kB
MemTotal:        1844596 kB
MemFree:         1189276 kB
MemAvailable:    1479176 kB
Buffers:           37200 kB
Cached:           383664 kB
MemTotal:        1844596 kB
MemFree:         1189840 kB
MemAvailable:    1479740 kB
Buffers:           37200 kB
Cached:           383664 kB
MemTotal:        1844596 kB
MemFree:         1190176 kB
MemAvailable:    1480076 kB
Buffers:           37200 kB
Cached:           383664 kB
MemTotal:        1844596 kB
MemFree:         1188772 kB
MemAvailable:    1478672 kB
Buffers:           37200 kB
Cached:           383664 kB
MemTotal:        1844596 kB
MemFree:         1190020 kB
MemAvailable:    1479920 kB
Buffers:           37200 kB
Cached:           383664 kB
MemTotal:        1844596 kB
MemFree:         1189888 kB
MemAvailable:    1479788 kB
Buffers:           37200 kB
Cached:           383664 kB
MemTotal:        1844596 kB
MemFree:         1190224 kB
MemAvailable:    1480124 kB
Buffers:           37200 kB
Cached:           383664 kB
MemTotal:        1844596 kB
MemFree:         1188732 kB
MemAvailable:    1478632 kB
Buffers:           37200 kB
Cached:           383664 kB
MemTotal:        1844596 kB
MemFree:         1190080 kB
MemAvailable:    1479992 kB
Buffers:           37200 kB
Cached:           383676 kB
MemTotal:        1844596 kB
MemFree:         1188904 kB
MemAvailable:    1478816 kB
Buffers:           37200 kB
Cached:           383676 kB
MemTotal:        1844596 kB
MemFree:         1190204 kB
MemAvailable:    1480116 kB
Buffers:           37200 kB
Cached:           383676 kB
MemTotal:        1844596 kB
MemFree:         1185912 kB
MemAvailable:    1475824 kB
Buffers:           37200 kB
Cached:           383676 kB
MemTotal:        1844596 kB
MemFree:         1185432 kB
MemAvailable:    1475344 kB
Buffers:           37200 kB
Cached:           383676 kB
MemTotal:        1844596 kB
MemFree:         1181580 kB
MemAvailable:    1471492 kB
Buffers:           37200 kB
Cached:           383676 kB
MemTotal:        1844596 kB
MemFree:         1181588 kB
MemAvailable:    1471500 kB
Buffers:           37200 kB
Cached:           383676 kB
MemTotal:        1844596 kB
MemFree:         1175868 kB
MemAvailable:    1465780 kB
Buffers:           37200 kB
Cached:           383676 kB
MemTotal:        1844596 kB
MemFree:         1175868 kB
MemAvailable:    1465780 kB
Buffers:           37200 kB
Cached:           383676 kB
MemTotal:        1844596 kB
MemFree:         1172596 kB
MemAvailable:    1462508 kB
Buffers:           37200 kB
Cached:           383676 kB
MemTotal:        1844596 kB
MemFree:         1172404 kB
MemAvailable:    1462316 kB
Buffers:           37200 kB
Cached:           383676 kB
MemTotal:        1844596 kB
MemFree:         1172092 kB
MemAvailable:    1462004 kB
Buffers:           37200 kB
Cached:           383676 kB
MemTotal:        1844596 kB
MemFree:         1172092 kB
MemAvailable:    1462004 kB
Buffers:           37200 kB
Cached:           383676 kB
MemTotal:        1844596 kB
MemFree:         1172336 kB
MemAvailable:    1462248 kB
Buffers:           37200 kB
Cached:           383676 kB
MemTotal:        1844596 kB
MemFree:         1172288 kB
MemAvailable:    1462200 kB
Buffers:           37200 kB
Cached:           383676 kB
MemTotal:        1844596 kB
MemFree:         1172000 kB
MemAvailable:    1461912 kB
Buffers:           37200 kB
Cached:           383676 kB
MemTotal:        1844596 kB
MemFree:         1172336 kB
MemAvailable:    1462248 kB
Buffers:           37200 kB
Cached:           383676 kB
MemTotal:        1844596 kB
MemFree:         1170844 kB
MemAvailable:    1460756 kB
Buffers:           37200 kB
Cached:           383676 kB
MemTotal:        1844596 kB
MemFree:         1172092 kB
MemAvailable:    1462004 kB
Buffers:           37200 kB
Cached:           383676 kB
MemTotal:        1844596 kB
MemFree:         1171636 kB
MemAvailable:    1461548 kB
Buffers:           37200 kB
Cached:           383676 kB
MemTotal:        1844596 kB
MemFree:         1171804 kB
MemAvailable:    1461716 kB
Buffers:           37200 kB
Cached:           383676 kB
MemTotal:        1844596 kB
MemFree:         1170520 kB
MemAvailable:    1460432 kB
Buffers:           37200 kB
Cached:           383676 kB
MemTotal:        1844596 kB
MemFree:         1171040 kB
MemAvailable:    1460952 kB
Buffers:           37200 kB
Cached:           383676 kB
MemTotal:        1844596 kB
MemFree:         1171892 kB
MemAvailable:    1461808 kB
Buffers:           37200 kB
Cached:           383680 kB
MemTotal:        1844596 kB
MemFree:         1171492 kB
MemAvailable:    1461408 kB
Buffers:           37200 kB
Cached:           383680 kB
MemTotal:        1844596 kB
MemFree:         1172224 kB
MemAvailable:    1462140 kB
Buffers:           37200 kB
Cached:           383680 kB
MemTotal:        1844596 kB
MemFree:         1170916 kB
MemAvailable:    1460832 kB
Buffers:           37200 kB
Cached:           383680 kB
MemTotal:        1844596 kB
MemFree:         1172164 kB
MemAvailable:    1462080 kB
Buffers:           37200 kB
Cached:           383680 kB
MemTotal:        1844596 kB
MemFree:         1170932 kB
MemAvailable:    1460848 kB
Buffers:           37200 kB
Cached:           383680 kB
MemTotal:        1844596 kB
MemFree:         1171696 kB
MemAvailable:    1461612 kB
Buffers:           37200 kB
Cached:           383680 kB
MemTotal:        1844596 kB
MemFree:         1171668 kB
MemAvailable:    1461584 kB
Buffers:           37200 kB
Cached:           383680 kB
MemTotal:        1844596 kB
MemFree:         1171780 kB
MemAvailable:    1461696 kB
Buffers:           37200 kB
Cached:           383680 kB
MemTotal:        1844596 kB
MemFree:         1171792 kB
MemAvailable:    1461708 kB
Buffers:           37200 kB
Cached:           383680 kB
MemTotal:        1844596 kB
MemFree:         1171040 kB
MemAvailable:    1460956 kB
Buffers:           37200 kB
Cached:           383680 kB
MemTotal:        1844596 kB
MemFree:         1170420 kB
MemAvailable:    1460336 kB
Buffers:           37200 kB
Cached:           383680 kB
MemTotal:        1844596 kB
MemFree:         1171852 kB
MemAvailable:    1461768 kB
Buffers:           37200 kB
Cached:           383680 kB
MemTotal:        1844596 kB
MemFree:         1171652 kB
MemAvailable:    1461568 kB
Buffers:           37200 kB
Cached:           383680 kB
MemTotal:        1844596 kB
MemFree:         1171904 kB
MemAvailable:    1461820 kB
Buffers:           37200 kB
Cached:           383680 kB
MemTotal:        1844596 kB
MemFree:         1171780 kB
MemAvailable:    1461696 kB
Buffers:           37200 kB
Cached:           383680 kB
MemTotal:        1844596 kB
MemFree:         1171792 kB
MemAvailable:    1461708 kB
Buffers:           37200 kB
Cached:           383680 kB
MemTotal:        1844596 kB
MemFree:         1171048 kB
MemAvailable:    1460964 kB
Buffers:           37200 kB
Cached:           383680 kB
MemTotal:        1844596 kB
MemFree:         1171600 kB
MemAvailable:    1461516 kB
Buffers:           37200 kB
Cached:           383680 kB
MemTotal:        1844596 kB
MemFree:         1171936 kB
MemAvailable:    1461852 kB
Buffers:           37200 kB
Cached:           383680 kB
MemTotal:        1844596 kB
MemFree:         1170528 kB
MemAvailable:    1460444 kB
Buffers:           37200 kB
Cached:           383680 kB
MemTotal:        1844596 kB
MemFree:         1172000 kB
MemAvailable:    1461916 kB
Buffers:           37200 kB
Cached:           383680 kB
MemTotal:        1844596 kB
MemFree:         1170676 kB
MemAvailable:    1460592 kB
Buffers:           37200 kB
Cached:           383680 kB
MemTotal:        1844596 kB
MemFree:         1171660 kB
MemAvailable:    1461576 kB
Buffers:           37200 kB
Cached:           383680 kB
MemTotal:        1844596 kB
MemFree:         1171660 kB
MemAvailable:    1461576 kB
Buffers:           37200 kB
Cached:           383680 kB
MemTotal:        1844596 kB
MemFree:         1168940 kB
MemAvailable:    1458856 kB
Buffers:           37200 kB
Cached:           383680 kB
MemTotal:        1844596 kB
MemFree:         1165900 kB
MemAvailable:    1455816 kB
Buffers:           37200 kB
Cached:           383680 kB
MemTotal:        1844596 kB
MemFree:         1161500 kB
MemAvailable:    1451416 kB
Buffers:           37200 kB
Cached:           383680 kB
MemTotal:        1844596 kB
MemFree:         1157336 kB
MemAvailable:    1447252 kB
Buffers:           37200 kB
Cached:           383680 kB
MemTotal:        1844596 kB
MemFree:         1154184 kB
MemAvailable:    1444100 kB
Buffers:           37200 kB
Cached:           383680 kB
MemTotal:        1844596 kB
MemFree:         1153184 kB
MemAvailable:    1443100 kB
Buffers:           37200 kB
Cached:           383680 kB
MemTotal:        1844596 kB
MemFree:         1154136 kB
MemAvailable:    1444052 kB
Buffers:           37200 kB
Cached:           383680 kB
MemTotal:        1844596 kB
MemFree:         1154068 kB
MemAvailable:    1443984 kB
Buffers:           37200 kB
Cached:           383680 kB
MemTotal:        1844596 kB
MemFree:         1152888 kB
MemAvailable:    1442804 kB
Buffers:           37200 kB
Cached:           383680 kB
MemTotal:        1844596 kB
MemFree:         1154188 kB
MemAvailable:    1444104 kB
Buffers:           37200 kB
Cached:           383680 kB
MemTotal:        1844596 kB
MemFree:         1154316 kB
MemAvailable:    1444232 kB
Buffers:           37200 kB
Cached:           383680 kB
MemTotal:        1844596 kB
MemFree:         1153432 kB
MemAvailable:    1443348 kB
Buffers:           37200 kB
Cached:           383680 kB
MemTotal:        1844596 kB
MemFree:         1153308 kB
MemAvailable:    1443228 kB
Buffers:           37200 kB
Cached:           383684 kB
MemTotal:        1844596 kB
MemFree:         1154672 kB
MemAvailable:    1444592 kB
Buffers:           37200 kB
Cached:           383684 kB
MemTotal:        1844596 kB
MemFree:         1154484 kB
MemAvailable:    1444404 kB
Buffers:           37200 kB
Cached:           383684 kB
MemTotal:        1844596 kB
MemFree:         1153316 kB
MemAvailable:    1443236 kB
Buffers:           37200 kB
Cached:           383684 kB
MemTotal:        1844596 kB
MemFree:         1154492 kB
MemAvailable:    1444412 kB
Buffers:           37200 kB
Cached:           383684 kB
MemTotal:        1844596 kB
MemFree:         1153192 kB
MemAvailable:    1443112 kB
Buffers:           37200 kB
Cached:           383684 kB
MemTotal:        1844596 kB
MemFree:         1154116 kB
MemAvailable:    1444036 kB
Buffers:           37200 kB
Cached:           383684 kB
MemTotal:        1844596 kB
MemFree:         1154316 kB
MemAvailable:    1444236 kB
Buffers:           37200 kB
Cached:           383684 kB
MemTotal:        1844596 kB
MemFree:         1152812 kB
MemAvailable:    1442732 kB
Buffers:           37200 kB
Cached:           383684 kB
MemTotal:        1844596 kB
MemFree:         1153432 kB
MemAvailable:    1443352 kB
Buffers:           37200 kB
Cached:           383684 kB
MemTotal:        1844596 kB
MemFree:         1154680 kB
MemAvailable:    1444600 kB
Buffers:           37200 kB
Cached:           383684 kB
MemTotal:        1844596 kB
MemFree:         1153440 kB
MemAvailable:    1443360 kB
Buffers:           37200 kB
Cached:           383684 kB
MemTotal:        1844596 kB
MemFree:         1153028 kB
MemAvailable:    1442948 kB
Buffers:           37200 kB
Cached:           383684 kB
MemTotal:        1844596 kB
MemFree:         1154328 kB
MemAvailable:    1444248 kB
Buffers:           37200 kB
Cached:           383684 kB
MemTotal:        1844596 kB
MemFree:         1153020 kB
MemAvailable:    1442940 kB
Buffers:           37200 kB
Cached:           383684 kB
MemTotal:        1844596 kB
MemFree:         1153144 kB
MemAvailable:    1443064 kB
Buffers:           37200 kB
Cached:           383684 kB
MemTotal:        1844596 kB
MemFree:         1152572 kB
MemAvailable:    1442492 kB
Buffers:           37200 kB
Cached:           383684 kB
MemTotal:        1844596 kB
MemFree:         1152448 kB
MemAvailable:    1442368 kB
Buffers:           37200 kB
Cached:           383684 kB
MemTotal:        1844596 kB
MemFree:         1153672 kB
MemAvailable:    1443592 kB
Buffers:           37200 kB
Cached:           383684 kB
MemTotal:        1844596 kB
MemFree:         1153300 kB
MemAvailable:    1443220 kB
Buffers:           37200 kB
Cached:           383684 kB
MemTotal:        1844596 kB
MemFree:         1153636 kB
MemAvailable:    1443556 kB
Buffers:           37200 kB
Cached:           383684 kB
MemTotal:        1844596 kB
MemFree:         1152688 kB
MemAvailable:    1442608 kB
Buffers:           37200 kB
Cached:           383684 kB
MemTotal:        1844596 kB
MemFree:         1152688 kB
MemAvailable:    1442608 kB
Buffers:           37200 kB
Cached:           383684 kB
MemTotal:        1844596 kB
MemFree:         1149588 kB
MemAvailable:    1439508 kB
Buffers:           37200 kB
Cached:           383684 kB
MemTotal:        1844596 kB
MemFree:         1147100 kB
MemAvailable:    1437020 kB
Buffers:           37200 kB
Cached:           383684 kB
MemTotal:        1844596 kB
MemFree:         1146620 kB
MemAvailable:    1436540 kB
Buffers:           37200 kB
Cached:           383684 kB
MemTotal:        1844596 kB
MemFree:         1143016 kB
MemAvailable:    1432936 kB
Buffers:           37200 kB
Cached:           383684 kB
MemTotal:        1844596 kB
MemFree:         1142900 kB
MemAvailable:    1432820 kB
Buffers:           37200 kB
Cached:           383684 kB
MemTotal:        1844596 kB
MemFree:         1137188 kB
MemAvailable:    1427108 kB
Buffers:           37200 kB
Cached:           383684 kB
MemTotal:        1844596 kB
MemFree:         1135460 kB
MemAvailable:    1425380 kB
Buffers:           37200 kB
Cached:           383684 kB
MemTotal:        1844596 kB
MemFree:         1133724 kB
MemAvailable:    1423644 kB
Buffers:           37200 kB
Cached:           383684 kB
MemTotal:        1844596 kB
MemFree:         1130560 kB
MemAvailable:    1420480 kB
Buffers:           37200 kB
Cached:           383684 kB
MemTotal:        1844596 kB
MemFree:         1128144 kB
MemAvailable:    1418064 kB
Buffers:           37200 kB
Cached:           383684 kB
MemTotal:        1844596 kB
MemFree:         1126964 kB
MemAvailable:    1416884 kB
Buffers:           37200 kB
Cached:           383684 kB
MemTotal:        1844596 kB
MemFree:         1123556 kB
MemAvailable:    1413476 kB
Buffers:           37200 kB
Cached:           383684 kB
MemTotal:        1844596 kB
MemFree:         1122624 kB
MemAvailable:    1412544 kB
Buffers:           37200 kB
Cached:           383684 kB
MemTotal:        1844596 kB
MemFree:         1121448 kB
MemAvailable:    1411368 kB
Buffers:           37200 kB
Cached:           383684 kB
MemTotal:        1844596 kB
MemFree:         1122176 kB
MemAvailable:    1412096 kB
Buffers:           37200 kB
Cached:           383684 kB
MemTotal:        1844596 kB
MemFree:         1122512 kB
MemAvailable:    1412432 kB
Buffers:           37200 kB
Cached:           383684 kB
MemTotal:        1844596 kB
MemFree:         1122556 kB
MemAvailable:    1412476 kB
Buffers:           37200 kB
Cached:           383684 kB
MemTotal:        1844596 kB
MemFree:         1122640 kB
MemAvailable:    1412560 kB
Buffers:           37200 kB
Cached:           383684 kB
MemTotal:        1844596 kB
MemFree:         1122500 kB
MemAvailable:    1412420 kB
Buffers:           37200 kB
Cached:           383684 kB
MemTotal:        1844596 kB
MemFree:         1122300 kB
MemAvailable:    1412220 kB
Buffers:           37200 kB
Cached:           383684 kB
MemTotal:        1844596 kB
MemFree:         1122440 kB
MemAvailable:    1412360 kB
Buffers:           37200 kB
Cached:           383684 kB
MemTotal:        1844596 kB
MemFree:         1122444 kB
MemAvailable:    1412364 kB
Buffers:           37200 kB
Cached:           383684 kB
MemTotal:        1844596 kB
MemFree:         1122172 kB
MemAvailable:    1412092 kB
Buffers:           37200 kB
Cached:           383684 kB
MemTotal:        1844596 kB
MemFree:         1120324 kB
MemAvailable:    1410244 kB
Buffers:           37200 kB
Cached:           383684 kB
MemTotal:        1844596 kB
MemFree:         1121388 kB
MemAvailable:    1411312 kB
Buffers:           37200 kB
Cached:           383688 kB
MemTotal:        1844596 kB
MemFree:         1121640 kB
MemAvailable:    1411564 kB
Buffers:           37200 kB
Cached:           383688 kB
MemTotal:        1844596 kB
MemFree:         1121148 kB
MemAvailable:    1411072 kB
Buffers:           37200 kB
Cached:           383688 kB
MemTotal:        1844596 kB
MemFree:         1121208 kB
MemAvailable:    1411132 kB
Buffers:           37200 kB
Cached:           383688 kB
MemTotal:        1844596 kB
MemFree:         1121020 kB
MemAvailable:    1410944 kB
Buffers:           37200 kB
Cached:           383688 kB
MemTotal:        1844596 kB
MemFree:         1121356 kB
MemAvailable:    1411280 kB
Buffers:           37200 kB
Cached:           383688 kB
MemTotal:        1844596 kB
MemFree:         1120888 kB
MemAvailable:    1410812 kB
Buffers:           37200 kB
Cached:           383688 kB
MemTotal:        1844596 kB
MemFree:         1120340 kB
MemAvailable:    1410264 kB
Buffers:           37200 kB
Cached:           383688 kB
MemTotal:        1844596 kB
MemFree:         1120688 kB
MemAvailable:    1410612 kB
Buffers:           37200 kB
Cached:           383688 kB
MemTotal:        1844596 kB
MemFree:         1120456 kB
MemAvailable:    1410380 kB
Buffers:           37200 kB
Cached:           383688 kB
MemTotal:        1844596 kB
MemFree:         1119532 kB
MemAvailable:    1409456 kB
Buffers:           37200 kB
Cached:           383688 kB
MemTotal:        1844596 kB
MemFree:         1119092 kB
MemAvailable:    1409016 kB
Buffers:           37200 kB
Cached:           383688 kB
MemTotal:        1844596 kB
MemFree:         1118836 kB
MemAvailable:    1408760 kB
Buffers:           37200 kB
Cached:           383688 kB
MemTotal:        1844596 kB
MemFree:         1118276 kB
MemAvailable:    1408200 kB
Buffers:           37200 kB
Cached:           383688 kB
MemTotal:        1844596 kB
MemFree:         1118400 kB
MemAvailable:    1408324 kB
Buffers:           37200 kB
Cached:           383688 kB
MemTotal:        1844596 kB
MemFree:         1119340 kB
MemAvailable:    1409264 kB
Buffers:           37200 kB
Cached:           383688 kB
MemTotal:        1844596 kB
MemFree:         1118340 kB
MemAvailable:    1408264 kB
Buffers:           37200 kB
Cached:           383688 kB
MemTotal:        1844596 kB
MemFree:         1118676 kB
MemAvailable:    1408600 kB
Buffers:           37200 kB
Cached:           383688 kB
MemTotal:        1844596 kB
MemFree:         1118400 kB
MemAvailable:    1408324 kB
Buffers:           37200 kB
Cached:           383688 kB
MemTotal:        1844596 kB
MemFree:         1117052 kB
MemAvailable:    1406976 kB
Buffers:           37200 kB
Cached:           383688 kB
MemTotal:        1844596 kB
MemFree:         1118028 kB
MemAvailable:    1407952 kB
Buffers:           37200 kB
Cached:           383688 kB
MemTotal:        1844596 kB
MemFree:         1118028 kB
MemAvailable:    1407952 kB
Buffers:           37200 kB
Cached:           383688 kB
MemTotal:        1844596 kB
MemFree:         1116920 kB
MemAvailable:    1406844 kB
Buffers:           37200 kB
Cached:           383688 kB
MemTotal:        1844596 kB
MemFree:         1116928 kB
MemAvailable:    1406852 kB
Buffers:           37200 kB
Cached:           383688 kB
MemTotal:        1844596 kB
MemFree:         1117176 kB
MemAvailable:    1407100 kB
Buffers:           37200 kB
Cached:           383688 kB
MemTotal:        1844596 kB
MemFree:         1116928 kB
MemAvailable:    1406852 kB
Buffers:           37200 kB
Cached:           383688 kB
MemTotal:        1844596 kB
MemFree:         1116920 kB
MemAvailable:    1406844 kB
Buffers:           37200 kB
Cached:           383688 kB
MemTotal:        1844596 kB
MemFree:         1118132 kB
MemAvailable:    1408056 kB
Buffers:           37200 kB
Cached:           383688 kB
MemTotal:        1844596 kB
MemFree:         1118084 kB
MemAvailable:    1408008 kB
Buffers:           37200 kB
Cached:           383688 kB
MemTotal:        1844596 kB
MemFree:         1118336 kB
MemAvailable:    1408260 kB
Buffers:           37200 kB
Cached:           383688 kB
MemTotal:        1844596 kB
MemFree:         1118212 kB
MemAvailable:    1408136 kB
Buffers:           37200 kB
Cached:           383688 kB
MemTotal:        1844596 kB
MemFree:         1118092 kB
MemAvailable:    1408016 kB
Buffers:           37200 kB
Cached:           383688 kB
MemTotal:        1844596 kB
MemFree:         1118092 kB
MemAvailable:    1408016 kB
Buffers:           37200 kB
Cached:           383688 kB
MemTotal:        1844596 kB
MemFree:         1118236 kB
MemAvailable:    1408160 kB
Buffers:           37200 kB
Cached:           383688 kB
MemTotal:        1844596 kB
MemFree:         1118084 kB
MemAvailable:    1408008 kB
Buffers:           37200 kB
Cached:           383688 kB
MemTotal:        1844596 kB
MemFree:         1118336 kB
MemAvailable:    1408260 kB
Buffers:           37200 kB
Cached:           383688 kB
MemTotal:        1844596 kB
MemFree:         1118212 kB
MemAvailable:    1408136 kB
Buffers:           37200 kB
Cached:           383688 kB
MemTotal:        1844596 kB
MemFree:         1118032 kB
MemAvailable:    1407956 kB
Buffers:           37208 kB
Cached:           383680 kB
MemTotal:        1844596 kB
MemFree:         1118368 kB
MemAvailable:    1408292 kB
Buffers:           37208 kB
Cached:           383680 kB
MemTotal:        1844596 kB
MemFree:         1116916 kB
MemAvailable:    1406840 kB
Buffers:           37208 kB
Cached:           383680 kB
MemTotal:        1844596 kB
MemFree:         1116916 kB
MemAvailable:    1406840 kB
Buffers:           37208 kB
Cached:           383680 kB
MemTotal:        1844596 kB
MemFree:         1116952 kB
MemAvailable:    1406876 kB
Buffers:           37208 kB
Cached:           383680 kB
MemTotal:        1844596 kB
MemFree:         1116952 kB
MemAvailable:    1406880 kB
Buffers:           37208 kB
Cached:           383684 kB
MemTotal:        1844596 kB
MemFree:         1117028 kB
MemAvailable:    1406956 kB
Buffers:           37208 kB
Cached:           383684 kB
MemTotal:        1844596 kB
MemFree:         1116904 kB
MemAvailable:    1406832 kB
Buffers:           37208 kB
Cached:           383684 kB
MemTotal:        1844596 kB
MemFree:         1118104 kB
MemAvailable:    1408044 kB
Buffers:           37208 kB
Cached:           383696 kB
MemTotal:        1844596 kB
MemFree:         1116936 kB
MemAvailable:    1406876 kB
Buffers:           37208 kB
Cached:           383696 kB
MemTotal:        1844596 kB
MemFree:         1116804 kB
MemAvailable:    1406744 kB
Buffers:           37208 kB
Cached:           383696 kB
MemTotal:        1844596 kB
MemFree:         1118224 kB
MemAvailable:    1408164 kB
Buffers:           37208 kB
Cached:           383696 kB
MemTotal:        1844596 kB
MemFree:         1118292 kB
MemAvailable:    1408232 kB
Buffers:           37208 kB
Cached:           383696 kB
MemTotal:        1844596 kB
MemFree:         1116984 kB
MemAvailable:    1406924 kB
Buffers:           37208 kB
Cached:           383696 kB
MemTotal:        1844596 kB
MemFree:         1118496 kB
MemAvailable:    1408436 kB
Buffers:           37208 kB
Cached:           383696 kB
MemTotal:        1844596 kB
MemFree:         1117920 kB
MemAvailable:    1407860 kB
Buffers:           37208 kB
Cached:           383696 kB
MemTotal:        1844596 kB
MemFree:         1118172 kB
MemAvailable:    1408112 kB
Buffers:           37208 kB
Cached:           383696 kB
MemTotal:        1844596 kB
MemFree:         1115736 kB
MemAvailable:    1405676 kB
Buffers:           37208 kB
Cached:           383696 kB
MemTotal:        1844596 kB
MemFree:         1115008 kB
MemAvailable:    1404948 kB
Buffers:           37208 kB
Cached:           383696 kB
MemTotal:        1844596 kB
MemFree:         1114992 kB
MemAvailable:    1404932 kB
Buffers:           37208 kB
Cached:           383696 kB
MemTotal:        1844596 kB
MemFree:         1111636 kB
MemAvailable:    1401576 kB
Buffers:           37208 kB
Cached:           383696 kB
MemTotal:        1844596 kB
MemFree:         1111636 kB
MemAvailable:    1401576 kB
Buffers:           37208 kB
Cached:           383696 kB
MemTotal:        1844596 kB
MemFree:         1111372 kB
MemAvailable:    1401312 kB
Buffers:           37208 kB
Cached:           383696 kB
MemTotal:        1844596 kB
MemFree:         1111624 kB
MemAvailable:    1401564 kB
Buffers:           37208 kB
Cached:           383696 kB
MemTotal:        1844596 kB
MemFree:         1111536 kB
MemAvailable:    1401476 kB
Buffers:           37208 kB
Cached:           383696 kB
MemTotal:        1844596 kB
MemFree:         1111704 kB
MemAvailable:    1401644 kB
Buffers:           37208 kB
Cached:           383696 kB
MemTotal:        1844596 kB
MemFree:         1110100 kB
MemAvailable:    1400040 kB
Buffers:           37208 kB
Cached:           383696 kB
MemTotal:        1844596 kB
MemFree:         1111576 kB
MemAvailable:    1401516 kB
Buffers:           37208 kB
Cached:           383696 kB
MemTotal:        1844596 kB
MemFree:         1110288 kB
MemAvailable:    1400228 kB
Buffers:           37208 kB
Cached:           383696 kB
MemTotal:        1844596 kB
MemFree:         1111596 kB
MemAvailable:    1401536 kB
Buffers:           37208 kB
Cached:           383696 kB
MemTotal:        1844596 kB
MemFree:         1111388 kB
MemAvailable:    1401328 kB
Buffers:           37208 kB
Cached:           383696 kB
MemTotal:        1844596 kB
MemFree:         1111280 kB
MemAvailable:    1401220 kB
Buffers:           37208 kB
Cached:           383696 kB
MemTotal:        1844596 kB
MemFree:         1111408 kB
MemAvailable:    1401348 kB
Buffers:           37208 kB
Cached:           383696 kB
MemTotal:        1844596 kB
MemFree:         1109976 kB
MemAvailable:    1399916 kB
Buffers:           37208 kB
Cached:           383696 kB
MemTotal:        1844596 kB
MemFree:         1111020 kB
MemAvailable:    1400960 kB
Buffers:           37208 kB
Cached:           383696 kB
MemTotal:        1844596 kB
MemFree:         1111016 kB
MemAvailable:    1400956 kB
Buffers:           37208 kB
Cached:           383696 kB
MemTotal:        1844596 kB
MemFree:         1109544 kB
MemAvailable:    1399568 kB
Buffers:           37208 kB
Cached:           383820 kB
MemTotal:        1844596 kB
MemFree:         1109544 kB
MemAvailable:    1399736 kB
Buffers:           37208 kB
Cached:           383944 kB
MemTotal:        1844596 kB
MemFree:         1109412 kB
MemAvailable:    1399688 kB
Buffers:           37208 kB
Cached:           384068 kB
MemTotal:        1844596 kB
MemFree:         1110720 kB
MemAvailable:    1401164 kB
Buffers:           37208 kB
Cached:           384192 kB
MemTotal:        1844596 kB
MemFree:         1110272 kB
MemAvailable:    1400800 kB
Buffers:           37208 kB
Cached:           384316 kB
MemTotal:        1844596 kB
MemFree:         1110108 kB
MemAvailable:    1400636 kB
Buffers:           37208 kB
Cached:           384316 kB
MemTotal:        1844596 kB
MemFree:         1110388 kB
MemAvailable:    1400916 kB
Buffers:           37208 kB
Cached:           384316 kB
MemTotal:        1844596 kB
MemFree:         1109544 kB
MemAvailable:    1400072 kB
Buffers:           37208 kB
Cached:           384316 kB
MemTotal:        1844596 kB
MemFree:         1110396 kB
MemAvailable:    1400968 kB
Buffers:           37208 kB
Cached:           384324 kB
MemTotal:        1844596 kB
MemFree:         1110732 kB
MemAvailable:    1401304 kB
Buffers:           37208 kB
Cached:           384324 kB
MemTotal:        1844596 kB
MemFree:         1109164 kB
MemAvailable:    1399736 kB
Buffers:           37208 kB
Cached:           384324 kB
MemTotal:        1844596 kB
MemFree:         1109412 kB
MemAvailable:    1399984 kB
Buffers:           37208 kB
Cached:           384324 kB
MemTotal:        1844596 kB
MemFree:         1109996 kB
MemAvailable:    1400568 kB
Buffers:           37208 kB
Cached:           384324 kB
MemTotal:        1844596 kB
MemFree:         1108904 kB
MemAvailable:    1399476 kB
Buffers:           37208 kB
Cached:           384324 kB
MemTotal:        1844596 kB
MemFree:         1109404 kB
MemAvailable:    1399388 kB
Buffers:           37208 kB
Cached:           383692 kB
MemTotal:        1844596 kB
MemFree:         1109668 kB
MemAvailable:    1399652 kB
Buffers:           37208 kB
Cached:           383692 kB
MemTotal:        1844596 kB
MemFree:         1225840 kB
MemAvailable:    1515824 kB
Buffers:           37208 kB
Cached:           383692 kB
MemTotal:        1844596 kB
MemFree:         1306276 kB
MemAvailable:    1596260 kB
Buffers:           37208 kB
Cached:           383692 kB
