MemTotal:        1844596 kB
MemFree:         1287048 kB
MemAvailable:    1595216 kB
Buffers:           39664 kB
Cached:           401132 kB
MemTotal:        1844596 kB
MemFree:         1261024 kB
MemAvailable:    1569208 kB
Buffers:           39664 kB
Cached:           401196 kB
MemTotal:        1844596 kB
MemFree:         1258164 kB
MemAvailable:    1566348 kB
Buffers:           39664 kB
Cached:           401196 kB
MemTotal:        1844596 kB
MemFree:         1257288 kB
MemAvailable:    1565472 kB
Buffers:           39664 kB
Cached:           401196 kB
MemTotal:        1844596 kB
MemFree:         1257540 kB
MemAvailable:    1565724 kB
Buffers:           39664 kB
Cached:           401196 kB
MemTotal:        1844596 kB
MemFree:         1256188 kB
MemAvailable:    1564372 kB
Buffers:           39664 kB
Cached:           401196 kB
MemTotal:        1844596 kB
MemFree:         1254940 kB
MemAvailable:    1563124 kB
Buffers:           39664 kB
Cached:           401196 kB
MemTotal:        1844596 kB
MemFree:         1254512 kB
MemAvailable:    1562696 kB
Buffers:           39664 kB
Cached:           401196 kB
MemTotal:        1844596 kB
MemFree:         1251972 kB
MemAvailable:    1560156 kB
Buffers:           39664 kB
Cached:           401196 kB
MemTotal:        1844596 kB
MemFree:         1249120 kB
MemAvailable:    1557304 kB
Buffers:           39664 kB
Cached:           401196 kB
MemTotal:        1844596 kB
MemFree:         1245524 kB
MemAvailable:    1553708 kB
Buffers:           39664 kB
Cached:           401196 kB
MemTotal:        1844596 kB
MemFree:         1243780 kB
MemAvailable:    1551964 kB
Buffers:           39664 kB
Cached:           401196 kB
MemTotal:        1844596 kB
MemFree:         1244988 kB
MemAvailable:    1553172 kB
Buffers:           39664 kB
Cached:           401196 kB
MemTotal:        1844596 kB
MemFree:         1244980 kB
MemAvailable:    1553164 kB
Buffers:           39664 kB
Cached:           401196 kB
MemTotal:        1844596 kB
MemFree:         1245152 kB
MemAvailable:    1553336 kB
Buffers:           39664 kB
Cached:           401196 kB
MemTotal:        1844596 kB
MemFree:         1244724 kB
MemAvailable:    1552908 kB
Buffers:           39664 kB
Cached:           401196 kB
MemTotal:        1844596 kB
MemFree:         1244724 kB
MemAvailable:    1552908 kB
Buffers:           39664 kB
Cached:           401196 kB
MemTotal:        1844596 kB
MemFree:         1245152 kB
MemAvailable:    1553336 kB
Buffers:           39664 kB
Cached:           401196 kB
MemTotal:        1844596 kB
MemFree:         1245484 kB
MemAvailable:    1553668 kB
Buffers:           39664 kB
Cached:           401196 kB
MemTotal:        1844596 kB
MemFree:         1245584 kB
MemAvailable:    1553768 kB
Buffers:           39664 kB
Cached:           401196 kB
MemTotal:        1844596 kB
MemFree:         1244656 kB
MemAvailable:    1552840 kB
Buffers:           39664 kB
Cached:           401196 kB
MemTotal:        1844596 kB
MemFree:         1245332 kB
MemAvailable:    1553516 kB
Buffers:           39664 kB
Cached:           401196 kB
MemTotal:        1844596 kB
MemFree:         1245400 kB
MemAvailable:    1553584 kB
Buffers:           39664 kB
Cached:           401196 kB
MemTotal:        1844596 kB
MemFree:         1245404 kB
MemAvailable:    1553588 kB
Buffers:           39664 kB
Cached:           401196 kB
MemTotal:        1844596 kB
MemFree:         1244228 kB
MemAvailable:    1552412 kB
Buffers:           39664 kB
Cached:           401196 kB
MemTotal:        1844596 kB
MemFree:         1244780 kB
MemAvailable:    1552964 kB
Buffers:           39664 kB
Cached:           401196 kB
MemTotal:        1844596 kB
MemFree:         1243408 kB
MemAvailable:    1551592 kB
Buffers:           39664 kB
Cached:           401196 kB
MemTotal:        1844596 kB
MemFree:         1244400 kB
MemAvailable:    1552584 kB
Buffers:           39664 kB
Cached:           401196 kB
MemTotal:        1844596 kB
MemFree:         1244656 kB
MemAvailable:    1552840 kB
Buffers:           39664 kB
Cached:           401196 kB
MemTotal:        1844596 kB
MemFree:         1244136 kB
MemAvailable:    1552320 kB
Buffers:           39664 kB
Cached:           401196 kB
MemTotal:        1844596 kB
MemFree:         1242732 kB
MemAvailable:    1550916 kB
Buffers:           39664 kB
Cached:           401196 kB
MemTotal:        1844596 kB
MemFree:         1242300 kB
MemAvailable:    1550484 kB
Buffers:           39664 kB
Cached:           401196 kB
MemTotal:        1844596 kB
MemFree:         1241996 kB
MemAvailable:    1550180 kB
Buffers:           39664 kB
Cached:           401196 kB
MemTotal:        1844596 kB
MemFree:         1242044 kB
MemAvailable:    1550228 kB
Buffers:           39664 kB
Cached:           401196 kB
MemTotal:        1844596 kB
MemFree:         1242856 kB
MemAvailable:    1551040 kB
Buffers:           39664 kB
Cached:           401196 kB
MemTotal:        1844596 kB
MemFree:         1241740 kB
MemAvailable:    1549924 kB
Buffers:           39664 kB
Cached:           401196 kB
MemTotal:        1844596 kB
MemFree:         1241980 kB
MemAvailable:    1550164 kB
Buffers:           39664 kB
Cached:           401196 kB
MemTotal:        1844596 kB
MemFree:         1241988 kB
MemAvailable:    1550172 kB
Buffers:           39664 kB
Cached:           401196 kB
MemTotal:        1844596 kB
MemFree:         1241900 kB
MemAvailable:    1550084 kB
Buffers:           39664 kB
Cached:           401196 kB
MemTotal:        1844596 kB
MemFree:         1241892 kB
MemAvailable:    1550076 kB
Buffers:           39664 kB
Cached:           401196 kB
MemTotal:        1844596 kB
MemFree:         1243088 kB
MemAvailable:    1551272 kB
Buffers:           39664 kB
Cached:           401196 kB
MemTotal:        1844596 kB
MemFree:         1243080 kB
MemAvailable:    1551264 kB
Buffers:           39664 kB
Cached:           401196 kB
MemTotal:        1844596 kB
MemFree:         1240936 kB
MemAvailable:    1549120 kB
Buffers:           39664 kB
Cached:           401196 kB
MemTotal:        1844596 kB
MemFree:         1238332 kB
MemAvailable:    1546516 kB
Buffers:           39664 kB
Cached:           401196 kB
MemTotal:        1844596 kB
MemFree:         1237952 kB
MemAvailable:    1546136 kB
Buffers:           39664 kB
Cached:           401196 kB
MemTotal:        1844596 kB
MemFree:         1239252 kB
MemAvailable:    1547436 kB
Buffers:           39664 kB
Cached:           401196 kB
MemTotal:        1844596 kB
MemFree:         1238084 kB
MemAvailable:    1546268 kB
Buffers:           39664 kB
Cached:           401196 kB
MemTotal:        1844596 kB
MemFree:         1239324 kB
MemAvailable:    1547512 kB
Buffers:           39664 kB
Cached:           401200 kB
MemTotal:        1844596 kB
MemFree:         1237712 kB
MemAvailable:    1545900 kB
Buffers:           39664 kB
Cached:           401200 kB
MemTotal:        1844596 kB
MemFree:         1237712 kB
MemAvailable:    1545900 kB
Buffers:           39664 kB
Cached:           401200 kB
MemTotal:        1844596 kB
MemFree:         1238640 kB
MemAvailable:    1546828 kB
Buffers:           39664 kB
Cached:           401200 kB
MemTotal:        1844596 kB
MemFree:         1237588 kB
MemAvailable:    1545776 kB
Buffers:           39664 kB
Cached:           401200 kB
MemTotal:        1844596 kB
MemFree:         1238484 kB
MemAvailable:    1546672 kB
Buffers:           39664 kB
Cached:           401200 kB
MemTotal:        1844596 kB
MemFree:         1238704 kB
MemAvailable:    1546892 kB
Buffers:           39664 kB
Cached:           401200 kB
MemTotal:        1844596 kB
MemFree:         1237444 kB
MemAvailable:    1545632 kB
Buffers:           39664 kB
Cached:           401200 kB
MemTotal:        1844596 kB
MemFree:         1237452 kB
MemAvailable:    1545640 kB
Buffers:           39664 kB
Cached:           401200 kB
MemTotal:        1844596 kB
MemFree:         1237320 kB
MemAvailable:    1545508 kB
Buffers:           39664 kB
Cached:           401200 kB
MemTotal:        1844596 kB
MemFree:         1237404 kB
MemAvailable:    1545592 kB
Buffers:           39664 kB
Cached:           401200 kB
MemTotal:        1844596 kB
MemFree:         1238608 kB
MemAvailable:    1546796 kB
Buffers:           39664 kB
Cached:           401200 kB
MemTotal:        1844596 kB
MemFree:         1237836 kB
MemAvailable:    1546024 kB
Buffers:           39664 kB
Cached:           401200 kB
MemTotal:        1844596 kB
MemFree:         1235160 kB
MemAvailable:    1543348 kB
Buffers:           39664 kB
Cached:           401200 kB
MemTotal:        1844596 kB
MemFree:         1232936 kB
MemAvailable:    1541124 kB
Buffers:           39664 kB
Cached:           401200 kB
MemTotal:        1844596 kB
MemFree:         1232364 kB
MemAvailable:    1540552 kB
Buffers:           39664 kB
Cached:           401200 kB
MemTotal:        1844596 kB
MemFree:         1232008 kB
MemAvailable:    1540072 kB
Buffers:           39664 kB
Cached:           401200 kB
MemTotal:        1844596 kB
MemFree:         1231076 kB
MemAvailable:    1539264 kB
Buffers:           39664 kB
Cached:           401200 kB
MemTotal:        1844596 kB
MemFree:         1230952 kB
MemAvailable:    1539140 kB
Buffers:           39664 kB
Cached:           401200 kB
MemTotal:        1844596 kB
MemFree:         1229768 kB
MemAvailable:    1537956 kB
Buffers:           39664 kB
Cached:           401200 kB
MemTotal:        1844596 kB
MemFree:         1229156 kB
MemAvailable:    1537344 kB
Buffers:           39664 kB
Cached:           401200 kB
MemTotal:        1844596 kB
MemFree:         1229024 kB
MemAvailable:    1537212 kB
Buffers:           39664 kB
Cached:           401200 kB
MemTotal:        1844596 kB
MemFree:         1230264 kB
MemAvailable:    1538452 kB
Buffers:           39664 kB
Cached:           401200 kB
MemTotal:        1844596 kB
MemFree:         1230028 kB
MemAvailable:    1538216 kB
Buffers:           39664 kB
Cached:           401200 kB
MemTotal:        1844596 kB
MemFree:         1229740 kB
MemAvailable:    1537928 kB
Buffers:           39664 kB
Cached:           401200 kB
MemTotal:        1844596 kB
MemFree:         1229652 kB
MemAvailable:    1537840 kB
Buffers:           39664 kB
Cached:           401200 kB
MemTotal:        1844596 kB
MemFree:         1229948 kB
MemAvailable:    1538136 kB
Buffers:           39664 kB
Cached:           401200 kB
MemTotal:        1844596 kB
MemFree:         1230028 kB
MemAvailable:    1538216 kB
Buffers:           39664 kB
Cached:           401200 kB
MemTotal:        1844596 kB
MemFree:         1230028 kB
MemAvailable:    1538216 kB
Buffers:           39664 kB
Cached:           401200 kB
MemTotal:        1844596 kB
MemFree:         1228588 kB
MemAvailable:    1536776 kB
Buffers:           39664 kB
Cached:           401200 kB
MemTotal:        1844596 kB
MemFree:         1228464 kB
MemAvailable:    1536652 kB
Buffers:           39664 kB
Cached:           401200 kB
MemTotal:        1844596 kB
MemFree:         1229880 kB
MemAvailable:    1538068 kB
Buffers:           39664 kB
Cached:           401200 kB
MemTotal:        1844596 kB
MemFree:         1228488 kB
MemAvailable:    1536676 kB
Buffers:           39664 kB
Cached:           401200 kB
MemTotal:        1844596 kB
MemFree:         1229524 kB
MemAvailable:    1537712 kB
Buffers:           39664 kB
Cached:           401200 kB
MemTotal:        1844596 kB
MemFree:         1229460 kB
MemAvailable:    1537648 kB
Buffers:           39664 kB
Cached:           401200 kB
MemTotal:        1844596 kB
MemFree:         1229412 kB
MemAvailable:    1537600 kB
Buffers:           39664 kB
Cached:           401200 kB
MemTotal:        1844596 kB
MemFree:         1228272 kB
MemAvailable:    1536460 kB
Buffers:           39664 kB
Cached:           401200 kB
MemTotal:        1844596 kB
MemFree:         1228356 kB
MemAvailable:    1536544 kB
Buffers:           39664 kB
Cached:           401200 kB
MemTotal:        1844596 kB
MemFree:         1228276 kB
MemAvailable:    1536464 kB
Buffers:           39664 kB
Cached:           401200 kB
MemTotal:        1844596 kB
MemFree:         1229468 kB
MemAvailable:    1537656 kB
Buffers:           39664 kB
Cached:           401200 kB
MemTotal:        1844596 kB
MemFree:         1228264 kB
MemAvailable:    1536452 kB
Buffers:           39664 kB
Cached:           401200 kB
MemTotal:        1844596 kB
MemFree:         1226552 kB
MemAvailable:    1534740 kB
Buffers:           39664 kB
Cached:           401200 kB
MemTotal:        1844596 kB
MemFree:         1224132 kB
MemAvailable:    1532324 kB
Buffers:           39664 kB
Cached:           401204 kB
MemTotal:        1844596 kB
MemFree:         1221592 kB
MemAvailable:    1529784 kB
Buffers:           39664 kB
Cached:           401204 kB
MemTotal:        1844596 kB
MemFree:         1221584 kB
MemAvailable:    1529780 kB
Buffers:           39664 kB
Cached:           401208 kB
MemTotal:        1844596 kB
MemFree:         1220980 kB
MemAvailable:    1529176 kB
Buffers:           39664 kB
Cached:           401208 kB
MemTotal:        1844596 kB
MemFree:         1220056 kB
MemAvailable:    1528252 kB
Buffers:           39664 kB
Cached:           401208 kB
MemTotal:        1844596 kB
MemFree:         1221032 kB
MemAvailable:    1529228 kB
Buffers:           39664 kB
Cached:           401208 kB
MemTotal:        1844596 kB
MemFree:         1220724 kB
MemAvailable:    1528920 kB
Buffers:           39664 kB
Cached:           401208 kB
MemTotal:        1844596 kB
MemFree:         1221100 kB
MemAvailable:    1529296 kB
Buffers:           39664 kB
Cached:           401208 kB
MemTotal:        1844596 kB
MemFree:         1221024 kB
MemAvailable:    1529220 kB
Buffers:           39664 kB
Cached:           401208 kB
MemTotal:        1844596 kB
MemFree:         1220104 kB
MemAvailable:    1528300 kB
Buffers:           39664 kB
Cached:           401208 kB
MemTotal:        1844596 kB
MemFree:         1221020 kB
MemAvailable:    1529216 kB
Buffers:           39664 kB
Cached:           401208 kB
MemTotal:        1844596 kB
MemFree:         1220648 kB
MemAvailable:    1528844 kB
Buffers:           39664 kB
Cached:           401208 kB
MemTotal:        1844596 kB
MemFree:         1220984 kB
MemAvailable:    1529180 kB
Buffers:           39664 kB
Cached:           401208 kB
MemTotal:        1844596 kB
MemFree:         1219576 kB
MemAvailable:    1527772 kB
Buffers:           39664 kB
Cached:           401208 kB
MemTotal:        1844596 kB
MemFree:         1220940 kB
MemAvailable:    1529136 kB
Buffers:           39664 kB
Cached:           401208 kB
MemTotal:        1844596 kB
MemFree:         1219608 kB
MemAvailable:    1527804 kB
Buffers:           39664 kB
Cached:           401208 kB
MemTotal:        1844596 kB
MemFree:         1219560 kB
MemAvailable:    1527756 kB
Buffers:           39664 kB
Cached:           401208 kB
MemTotal:        1844596 kB
MemFree:         1219560 kB
MemAvailable:    1527756 kB
Buffers:           39664 kB
Cached:           401208 kB
MemTotal:        1844596 kB
MemFree:         1220860 kB
MemAvailable:    1529056 kB
Buffers:           39664 kB
Cached:           401208 kB
MemTotal:        1844596 kB
MemFree:         1220960 kB
MemAvailable:    1529156 kB
Buffers:           39664 kB
Cached:           401208 kB
MemTotal:        1844596 kB
MemFree:         1220656 kB
MemAvailable:    1528852 kB
Buffers:           39664 kB
Cached:           401208 kB
MemTotal:        1844596 kB
MemFree:         1220908 kB
MemAvailable:    1529104 kB
Buffers:           39664 kB
Cached:           401208 kB
MemTotal:        1844596 kB
MemFree:         1220836 kB
MemAvailable:    1529032 kB
Buffers:           39664 kB
Cached:           401208 kB
MemTotal:        1844596 kB
MemFree:         1220904 kB
MemAvailable:    1529100 kB
Buffers:           39664 kB
Cached:           401208 kB
MemTotal:        1844596 kB
MemFree:         1221072 kB
MemAvailable:    1529268 kB
Buffers:           39664 kB
Cached:           401208 kB
MemTotal:        1844596 kB
MemFree:         1220952 kB
MemAvailable:    1529148 kB
Buffers:           39664 kB
Cached:           401208 kB
MemTotal:        1844596 kB
MemFree:         1219536 kB
MemAvailable:    1527732 kB
Buffers:           39664 kB
Cached:           401208 kB
MemTotal:        1844596 kB
MemFree:         1219668 kB
MemAvailable:    1527864 kB
Buffers:           39664 kB
Cached:           401208 kB
MemTotal:        1844596 kB
MemFree:         1221028 kB
MemAvailable:    1529224 kB
Buffers:           39664 kB
Cached:           401208 kB
MemTotal:        1844596 kB
MemFree:         1220936 kB
MemAvailable:    1529132 kB
Buffers:           39664 kB
Cached:           401208 kB
MemTotal:        1844596 kB
MemFree:         1218740 kB
MemAvailable:    1526936 kB
Buffers:           39664 kB
Cached:           401208 kB
MemTotal:        1844596 kB
MemFree:         1216260 kB
MemAvailable:    1524456 kB
Buffers:           39664 kB
Cached:           401208 kB
MemTotal:        1844596 kB
MemFree:         1213036 kB
MemAvailable:    1521232 kB
Buffers:           39664 kB
Cached:           401208 kB
MemTotal:        1844596 kB
MemFree:         1210556 kB
MemAvailable:    1518752 kB
Buffers:           39664 kB
Cached:           401208 kB
MemTotal:        1844596 kB
MemFree:         1210424 kB
MemAvailable:    1518620 kB
Buffers:           39664 kB
Cached:           401208 kB
MemTotal:        1844596 kB
MemFree:         1210308 kB
MemAvailable:    1518504 kB
Buffers:           39664 kB
Cached:           401208 kB
MemTotal:        1844596 kB
MemFree:         1210424 kB
MemAvailable:    1518620 kB
Buffers:           39664 kB
Cached:           401208 kB
MemTotal:        1844596 kB
MemFree:         1209564 kB
MemAvailable:    1517760 kB
Buffers:           39664 kB
Cached:           401208 kB
MemTotal:        1844596 kB
MemFree:         1209812 kB
MemAvailable:    1518008 kB
Buffers:           39664 kB
Cached:           401208 kB
MemTotal:        1844596 kB
MemFree:         1208324 kB
MemAvailable:    1516520 kB
Buffers:           39664 kB
Cached:           401208 kB
MemTotal:        1844596 kB
MemFree:         1209128 kB
MemAvailable:    1517324 kB
Buffers:           39664 kB
Cached:           401208 kB
MemTotal:        1844596 kB
MemFree:         1207780 kB
MemAvailable:    1515976 kB
Buffers:           39664 kB
Cached:           401208 kB
MemTotal:        1844596 kB
MemFree:         1209172 kB
MemAvailable:    1517368 kB
Buffers:           39664 kB
Cached:           401208 kB
MemTotal:        1844596 kB
MemFree:         1209044 kB
MemAvailable:    1517240 kB
Buffers:           39664 kB
Cached:           401208 kB
MemTotal:        1844596 kB
MemFree:         1208696 kB
MemAvailable:    1516892 kB
Buffers:           39664 kB
Cached:           401208 kB
MemTotal:        1844596 kB
MemFree:         1209056 kB
MemAvailable:    1517252 kB
Buffers:           39664 kB
Cached:           401208 kB
MemTotal:        1844596 kB
MemFree:         1208936 kB
MemAvailable:    1517132 kB
Buffers:           39664 kB
Cached:           401208 kB
MemTotal:        1844596 kB
MemFree:         1209188 kB
MemAvailable:    1517384 kB
Buffers:           39664 kB
Cached:           401208 kB
MemTotal:        1844596 kB
MemFree:         1209068 kB
MemAvailable:    1517264 kB
Buffers:           39664 kB
Cached:           401208 kB
MemTotal:        1844596 kB
MemFree:         1207772 kB
MemAvailable:    1515968 kB
Buffers:           39664 kB
Cached:           401208 kB
MemTotal:        1844596 kB
MemFree:         1207648 kB
MemAvailable:    1515844 kB
Buffers:           39664 kB
Cached:           401208 kB
MemTotal:        1844596 kB
MemFree:         1207772 kB
MemAvailable:    1515968 kB
Buffers:           39664 kB
Cached:           401208 kB
MemTotal:        1844596 kB
MemFree:         1207764 kB
MemAvailable:    1515960 kB
Buffers:           39664 kB
Cached:           401208 kB
MemTotal:        1844596 kB
MemFree:         1207764 kB
MemAvailable:    1515960 kB
Buffers:           39664 kB
Cached:           401208 kB
MemTotal:        1844596 kB
MemFree:         1207932 kB
MemAvailable:    1516128 kB
Buffers:           39664 kB
Cached:           401208 kB
MemTotal:        1844596 kB
MemFree:         1208048 kB
MemAvailable:    1516244 kB
Buffers:           39664 kB
Cached:           401208 kB
MemTotal:        1844596 kB
MemFree:         1209164 kB
MemAvailable:    1517360 kB
Buffers:           39664 kB
Cached:           401208 kB
MemTotal:        1844596 kB
MemFree:         1207668 kB
MemAvailable:    1515864 kB
Buffers:           39664 kB
Cached:           401208 kB
MemTotal:        1844596 kB
MemFree:         1208988 kB
MemAvailable:    1517184 kB
Buffers:           39664 kB
Cached:           401208 kB
MemTotal:        1844596 kB
MemFree:         1209156 kB
MemAvailable:    1517352 kB
Buffers:           39664 kB
Cached:           401208 kB
MemTotal:        1844596 kB
MemFree:         1208896 kB
MemAvailable:    1517092 kB
Buffers:           39664 kB
Cached:           401208 kB
MemTotal:        1844596 kB
MemFree:         1208884 kB
MemAvailable:    1517080 kB
Buffers:           39664 kB
Cached:           401208 kB
MemTotal:        1844596 kB
MemFree:         1209136 kB
MemAvailable:    1517332 kB
Buffers:           39664 kB
Cached:           401208 kB
MemTotal:        1844596 kB
MemFree:         1208872 kB
MemAvailable:    1517068 kB
Buffers:           39664 kB
Cached:           401208 kB
MemTotal:        1844596 kB
MemFree:         1207780 kB
MemAvailable:    1515976 kB
Buffers:           39664 kB
Cached:           401208 kB
MemTotal:        1844596 kB
MemFree:         1207648 kB
MemAvailable:    1515844 kB
Buffers:           39664 kB
Cached:           401208 kB
MemTotal:        1844596 kB
MemFree:         1207648 kB
MemAvailable:    1515844 kB
Buffers:           39664 kB
Cached:           401208 kB
MemTotal:        1844596 kB
MemFree:         1207772 kB
MemAvailable:    1515968 kB
Buffers:           39664 kB
Cached:           401208 kB
MemTotal:        1844596 kB
MemFree:         1207932 kB
MemAvailable:    1516128 kB
Buffers:           39664 kB
Cached:           401208 kB
MemTotal:        1844596 kB
MemFree:         1207800 kB
MemAvailable:    1515996 kB
Buffers:           39664 kB
Cached:           401208 kB
MemTotal:        1844596 kB
MemFree:         1209172 kB
MemAvailable:    1517368 kB
Buffers:           39664 kB
Cached:           401208 kB
MemTotal:        1844596 kB
MemFree:         1207792 kB
MemAvailable:    1515988 kB
Buffers:           39664 kB
Cached:           401208 kB
MemTotal:        1844596 kB
MemFree:         1207788 kB
MemAvailable:    1515992 kB
Buffers:           39664 kB
Cached:           401216 kB
MemTotal:        1844596 kB
MemFree:         1208036 kB
MemAvailable:    1516240 kB
Buffers:           39664 kB
Cached:           401216 kB
MemTotal:        1844596 kB
MemFree:         1207912 kB
MemAvailable:    1516116 kB
Buffers:           39664 kB
Cached:           401216 kB
MemTotal:        1844596 kB
MemFree:         1207824 kB
MemAvailable:    1516028 kB
Buffers:           39664 kB
Cached:           401216 kB
MemTotal:        1844596 kB
MemFree:         1207692 kB
MemAvailable:    1515896 kB
Buffers:           39664 kB
Cached:           401216 kB
MemTotal:        1844596 kB
MemFree:         1209180 kB
MemAvailable:    1517384 kB
Buffers:           39664 kB
Cached:           401216 kB
MemTotal:        1844596 kB
MemFree:         1208884 kB
MemAvailable:    1517088 kB
Buffers:           39664 kB
Cached:           401216 kB
MemTotal:        1844596 kB
MemFree:         1209136 kB
MemAvailable:    1517340 kB
Buffers:           39664 kB
Cached:           401216 kB
MemTotal:        1844596 kB
MemFree:         1208936 kB
MemAvailable:    1517140 kB
Buffers:           39664 kB
Cached:           401216 kB
MemTotal:        1844596 kB
MemFree:         1208952 kB
MemAvailable:    1517156 kB
Buffers:           39664 kB
Cached:           401216 kB
MemTotal:        1844596 kB
MemFree:         1209012 kB
MemAvailable:    1517216 kB
Buffers:           39664 kB
Cached:           401216 kB
MemTotal:        1844596 kB
MemFree:         1208932 kB
MemAvailable:    1517136 kB
Buffers:           39664 kB
Cached:           401216 kB
MemTotal:        1844596 kB
MemFree:         1209016 kB
MemAvailable:    1517220 kB
Buffers:           39664 kB
Cached:           401216 kB
MemTotal:        1844596 kB
MemFree:         1207764 kB
MemAvailable:    1515968 kB
Buffers:           39664 kB
Cached:           401216 kB
MemTotal:        1844596 kB
MemFree:         1207616 kB
MemAvailable:    1515820 kB
Buffers:           39664 kB
Cached:           401216 kB
MemTotal:        1844596 kB
MemFree:         1207756 kB
MemAvailable:    1515960 kB
Buffers:           39664 kB
Cached:           401216 kB
MemTotal:        1844596 kB
MemFree:         1208128 kB
MemAvailable:    1516332 kB
Buffers:           39664 kB
Cached:           401216 kB
MemTotal:        1844596 kB
MemFree:         1209056 kB
MemAvailable:    1517260 kB
Buffers:           39664 kB
Cached:           401216 kB
MemTotal:        1844596 kB
MemFree:         1207872 kB
MemAvailable:    1516076 kB
Buffers:           39664 kB
Cached:           401216 kB
MemTotal:        1844596 kB
MemFree:         1207748 kB
MemAvailable:    1515952 kB
Buffers:           39664 kB
Cached:           401216 kB
MemTotal:        1844596 kB
MemFree:         1208784 kB
MemAvailable:    1516988 kB
Buffers:           39664 kB
Cached:           401216 kB
MemTotal:        1844596 kB
MemFree:         1207352 kB
MemAvailable:    1515556 kB
Buffers:           39664 kB
Cached:           401216 kB
MemTotal:        1844596 kB
MemFree:         1207704 kB
MemAvailable:    1515908 kB
Buffers:           39664 kB
Cached:           401216 kB
MemTotal:        1844596 kB
MemFree:         1208296 kB
MemAvailable:    1516500 kB
Buffers:           39664 kB
Cached:           401216 kB
MemTotal:        1844596 kB
MemFree:         1208456 kB
MemAvailable:    1516660 kB
Buffers:           39664 kB
Cached:           401216 kB
MemTotal:        1844596 kB
MemFree:         1207036 kB
MemAvailable:    1515240 kB
Buffers:           39664 kB
Cached:           401216 kB
MemTotal:        1844596 kB
MemFree:         1208400 kB
MemAvailable:    1516604 kB
Buffers:           39664 kB
Cached:           401216 kB
MemTotal:        1844596 kB
MemFree:         1207588 kB
MemAvailable:    1515792 kB
Buffers:           39664 kB
Cached:           401216 kB
MemTotal:        1844596 kB
MemFree:         1208068 kB
MemAvailable:    1516276 kB
Buffers:           39664 kB
Cached:           401220 kB
MemTotal:        1844596 kB
MemFree:         1208404 kB
MemAvailable:    1516612 kB
Buffers:           39664 kB
Cached:           401220 kB
MemTotal:        1844596 kB
MemFree:         1207936 kB
MemAvailable:    1516144 kB
Buffers:           39664 kB
Cached:           401220 kB
MemTotal:        1844596 kB
MemFree:         1207588 kB
MemAvailable:    1515796 kB
Buffers:           39664 kB
Cached:           401220 kB
MemTotal:        1844596 kB
MemFree:         1206912 kB
MemAvailable:    1515120 kB
Buffers:           39664 kB
Cached:           401220 kB
MemTotal:        1844596 kB
MemFree:         1206656 kB
MemAvailable:    1514864 kB
Buffers:           39664 kB
Cached:           401220 kB
MemTotal:        1844596 kB
MemFree:         1207904 kB
MemAvailable:    1516112 kB
Buffers:           39664 kB
Cached:           401220 kB
MemTotal:        1844596 kB
MemFree:         1207340 kB
MemAvailable:    1515548 kB
Buffers:           39664 kB
Cached:           401220 kB
MemTotal:        1844596 kB
MemFree:         1207932 kB
MemAvailable:    1516140 kB
Buffers:           39664 kB
Cached:           401220 kB
MemTotal:        1844596 kB
MemFree:         1208184 kB
MemAvailable:    1516392 kB
Buffers:           39664 kB
Cached:           401220 kB
MemTotal:        1844596 kB
MemFree:         1207816 kB
MemAvailable:    1516024 kB
Buffers:           39664 kB
Cached:           401220 kB
MemTotal:        1844596 kB
MemFree:         1208084 kB
MemAvailable:    1516292 kB
Buffers:           39664 kB
Cached:           401220 kB
MemTotal:        1844596 kB
MemFree:         1207880 kB
MemAvailable:    1516088 kB
Buffers:           39664 kB
Cached:           401220 kB
MemTotal:        1844596 kB
MemFree:         1208048 kB
MemAvailable:    1516256 kB
Buffers:           39664 kB
Cached:           401220 kB
MemTotal:        1844596 kB
MemFree:         1207652 kB
MemAvailable:    1515860 kB
Buffers:           39664 kB
Cached:           401220 kB
MemTotal:        1844596 kB
MemFree:         1207896 kB
MemAvailable:    1516104 kB
Buffers:           39664 kB
Cached:           401220 kB
MemTotal:        1844596 kB
MemFree:         1206584 kB
MemAvailable:    1514792 kB
Buffers:           39664 kB
Cached:           401220 kB
MemTotal:        1844596 kB
MemFree:         1207824 kB
MemAvailable:    1516032 kB
Buffers:           39664 kB
Cached:           401220 kB
MemTotal:        1844596 kB
MemFree:         1203992 kB
MemAvailable:    1512200 kB
Buffers:           39664 kB
Cached:           401220 kB
MemTotal:        1844596 kB
MemFree:         1201820 kB
MemAvailable:    1510028 kB
Buffers:           39664 kB
Cached:           401220 kB
MemTotal:        1844596 kB
MemFree:         1197792 kB
MemAvailable:    1506000 kB
Buffers:           39664 kB
Cached:           401220 kB
MemTotal:        1844596 kB
MemFree:         1197464 kB
MemAvailable:    1505672 kB
Buffers:           39664 kB
Cached:           401220 kB
MemTotal:        1844596 kB
MemFree:         1197424 kB
MemAvailable:    1505632 kB
Buffers:           39664 kB
Cached:           401220 kB
MemTotal:        1844596 kB
MemFree:         1195932 kB
MemAvailable:    1504140 kB
Buffers:           39664 kB
Cached:           401220 kB
MemTotal:        1844596 kB
MemFree:         1197048 kB
MemAvailable:    1505256 kB
Buffers:           39664 kB
Cached:           401220 kB
MemTotal:        1844596 kB
MemFree:         1195636 kB
MemAvailable:    1503844 kB
Buffers:           39664 kB
Cached:           401220 kB
MemTotal:        1844596 kB
MemFree:         1197124 kB
MemAvailable:    1505332 kB
Buffers:           39664 kB
Cached:           401220 kB
MemTotal:        1844596 kB
MemFree:         1196488 kB
MemAvailable:    1504696 kB
Buffers:           39664 kB
Cached:           401220 kB
MemTotal:        1844596 kB
MemFree:         1195056 kB
MemAvailable:    1503264 kB
Buffers:           39664 kB
Cached:           401220 kB
MemTotal:        1844596 kB
MemFree:         1193948 kB
MemAvailable:    1502156 kB
Buffers:           39664 kB
Cached:           401220 kB
MemTotal:        1844596 kB
MemFree:         1193784 kB
MemAvailable:    1501992 kB
Buffers:           39664 kB
Cached:           401220 kB
MemTotal:        1844596 kB
MemFree:         1193692 kB
MemAvailable:    1501900 kB
Buffers:           39664 kB
Cached:           401220 kB
MemTotal:        1844596 kB
MemFree:         1193412 kB
MemAvailable:    1501620 kB
Buffers:           39664 kB
Cached:           401220 kB
MemTotal:        1844596 kB
MemFree:         1194664 kB
MemAvailable:    1502872 kB
Buffers:           39664 kB
Cached:           401220 kB
MemTotal:        1844596 kB
MemFree:         1194636 kB
MemAvailable:    1502844 kB
Buffers:           39664 kB
Cached:           401220 kB
MemTotal:        1844596 kB
MemFree:         1193320 kB
MemAvailable:    1501528 kB
Buffers:           39664 kB
Cached:           401220 kB
MemTotal:        1844596 kB
MemFree:         1193320 kB
MemAvailable:    1501528 kB
Buffers:           39664 kB
Cached:           401220 kB
MemTotal:        1844596 kB
MemFree:         1193404 kB
MemAvailable:    1501612 kB
Buffers:           39664 kB
Cached:           401220 kB
MemTotal:        1844596 kB
MemFree:         1194616 kB
MemAvailable:    1502824 kB
Buffers:           39664 kB
Cached:           401220 kB
MemTotal:        1844596 kB
MemFree:         1193184 kB
MemAvailable:    1501392 kB
Buffers:           39664 kB
Cached:           401220 kB
MemTotal:        1844596 kB
MemFree:         1194536 kB
MemAvailable:    1502744 kB
Buffers:           39664 kB
Cached:           401220 kB
MemTotal:        1844596 kB
MemFree:         1194536 kB
MemAvailable:    1502744 kB
Buffers:           39664 kB
Cached:           401220 kB
MemTotal:        1844596 kB
MemFree:         1194388 kB
MemAvailable:    1502596 kB
Buffers:           39664 kB
Cached:           401220 kB
MemTotal:        1844596 kB
MemFree:         1194292 kB
MemAvailable:    1502500 kB
Buffers:           39664 kB
Cached:           401220 kB
MemTotal:        1844596 kB
MemFree:         1194628 kB
MemAvailable:    1502836 kB
Buffers:           39664 kB
Cached:           401220 kB
MemTotal:        1844596 kB
MemFree:         1193204 kB
MemAvailable:    1501416 kB
Buffers:           39664 kB
Cached:           401224 kB
MemTotal:        1844596 kB
MemFree:         1194064 kB
MemAvailable:    1502276 kB
Buffers:           39664 kB
Cached:           401224 kB
MemTotal:        1844596 kB
MemFree:         1191832 kB
MemAvailable:    1500044 kB
Buffers:           39664 kB
Cached:           401224 kB
MemTotal:        1844596 kB
MemFree:         1192816 kB
MemAvailable:    1501028 kB
Buffers:           39664 kB
Cached:           401224 kB
MemTotal:        1844596 kB
MemFree:         1192328 kB
MemAvailable:    1500540 kB
Buffers:           39664 kB
Cached:           401224 kB
MemTotal:        1844596 kB
MemFree:         1192412 kB
MemAvailable:    1500624 kB
Buffers:           39664 kB
Cached:           401224 kB
MemTotal:        1844596 kB
MemFree:         1192196 kB
MemAvailable:    1500408 kB
Buffers:           39664 kB
Cached:           401224 kB
MemTotal:        1844596 kB
MemFree:         1192280 kB
MemAvailable:    1500492 kB
Buffers:           39664 kB
Cached:           401224 kB
MemTotal:        1844596 kB
MemFree:         1190716 kB
MemAvailable:    1498928 kB
Buffers:           39664 kB
Cached:           401224 kB
MemTotal:        1844596 kB
MemFree:         1190600 kB
MemAvailable:    1498812 kB
Buffers:           39664 kB
Cached:           401224 kB
MemTotal:        1844596 kB
MemFree:         1190840 kB
MemAvailable:    1499052 kB
Buffers:           39664 kB
Cached:           401224 kB
MemTotal:        1844596 kB
MemFree:         1189236 kB
MemAvailable:    1497448 kB
Buffers:           39664 kB
Cached:           401224 kB
MemTotal:        1844596 kB
MemFree:         1190352 kB
MemAvailable:    1498564 kB
Buffers:           39664 kB
Cached:           401224 kB
MemTotal:        1844596 kB
MemFree:         1190336 kB
MemAvailable:    1498548 kB
Buffers:           39664 kB
Cached:           401224 kB
MemTotal:        1844596 kB
MemFree:         1189668 kB
MemAvailable:    1497880 kB
Buffers:           39664 kB
Cached:           401224 kB
MemTotal:        1844596 kB
MemFree:         1187940 kB
MemAvailable:    1496152 kB
Buffers:           39664 kB
Cached:           401224 kB
MemTotal:        1844596 kB
MemFree:         1188232 kB
MemAvailable:    1496444 kB
Buffers:           39664 kB
Cached:           401224 kB
MemTotal:        1844596 kB
MemFree:         1188348 kB
MemAvailable:    1496560 kB
Buffers:           39664 kB
Cached:           401224 kB
MemTotal:        1844596 kB
MemFree:         1188100 kB
MemAvailable:    1496312 kB
Buffers:           39664 kB
Cached:           401224 kB
MemTotal:        1844596 kB
MemFree:         1189292 kB
MemAvailable:    1497504 kB
Buffers:           39664 kB
Cached:           401224 kB
MemTotal:        1844596 kB
MemFree:         1189544 kB
MemAvailable:    1497756 kB
Buffers:           39664 kB
Cached:           401224 kB
MemTotal:        1844596 kB
MemFree:         1188072 kB
MemAvailable:    1496284 kB
Buffers:           39664 kB
Cached:           401224 kB
MemTotal:        1844596 kB
MemFree:         1189372 kB
MemAvailable:    1497584 kB
Buffers:           39664 kB
Cached:           401224 kB
MemTotal:        1844596 kB
MemFree:         1188192 kB
MemAvailable:    1496404 kB
Buffers:           39664 kB
Cached:           401224 kB
MemTotal:        1844596 kB
MemFree:         1188060 kB
MemAvailable:    1496272 kB
Buffers:           39664 kB
Cached:           401224 kB
MemTotal:        1844596 kB
MemFree:         1188060 kB
MemAvailable:    1496272 kB
Buffers:           39664 kB
Cached:           401224 kB
MemTotal:        1844596 kB
MemFree:         1189096 kB
MemAvailable:    1497308 kB
Buffers:           39664 kB
Cached:           401224 kB
MemTotal:        1844596 kB
MemFree:         1188244 kB
MemAvailable:    1496456 kB
Buffers:           39664 kB
Cached:           401224 kB
MemTotal:        1844596 kB
MemFree:         1189484 kB
MemAvailable:    1497700 kB
Buffers:           39664 kB
Cached:           401228 kB
MemTotal:        1844596 kB
MemFree:         1189352 kB
MemAvailable:    1497568 kB
Buffers:           39664 kB
Cached:           401228 kB
MemTotal:        1844596 kB
MemFree:         1187856 kB
MemAvailable:    1496072 kB
Buffers:           39664 kB
Cached:           401228 kB
MemTotal:        1844596 kB
MemFree:         1189172 kB
MemAvailable:    1497388 kB
Buffers:           39664 kB
Cached:           401228 kB
MemTotal:        1844596 kB
MemFree:         1187976 kB
MemAvailable:    1496192 kB
Buffers:           39664 kB
Cached:           401228 kB
MemTotal:        1844596 kB
MemFree:         1189020 kB
MemAvailable:    1497236 kB
Buffers:           39664 kB
Cached:           401228 kB
MemTotal:        1844596 kB
MemFree:         1187936 kB
MemAvailable:    1496152 kB
Buffers:           39664 kB
Cached:           401228 kB
MemTotal:        1844596 kB
MemFree:         1189140 kB
MemAvailable:    1497356 kB
Buffers:           39664 kB
Cached:           401228 kB
MemTotal:        1844596 kB
MemFree:         1189268 kB
MemAvailable:    1497484 kB
Buffers:           39664 kB
Cached:           401228 kB
MemTotal:        1844596 kB
MemFree:         1187920 kB
MemAvailable:    1496136 kB
Buffers:           39664 kB
Cached:           401228 kB
MemTotal:        1844596 kB
MemFree:         1189228 kB
MemAvailable:    1497444 kB
Buffers:           39664 kB
Cached:           401228 kB
MemTotal:        1844596 kB
MemFree:         1188112 kB
MemAvailable:    1496328 kB
Buffers:           39664 kB
Cached:           401228 kB
MemTotal:        1844596 kB
MemFree:         1187948 kB
MemAvailable:    1496164 kB
Buffers:           39664 kB
Cached:           401228 kB
MemTotal:        1844596 kB
MemFree:         1189112 kB
MemAvailable:    1497328 kB
Buffers:           39664 kB
Cached:           401228 kB
MemTotal:        1844596 kB
MemFree:         1188368 kB
MemAvailable:    1496584 kB
Buffers:           39664 kB
Cached:           401228 kB
MemTotal:        1844596 kB
MemFree:         1187856 kB
MemAvailable:    1496076 kB
Buffers:           39664 kB
Cached:           401232 kB
MemTotal:        1844596 kB
MemFree:         1187748 kB
MemAvailable:    1495968 kB
Buffers:           39664 kB
Cached:           401232 kB
MemTotal:        1844596 kB
MemFree:         1186328 kB
MemAvailable:    1494548 kB
Buffers:           39664 kB
Cached:           401232 kB
MemTotal:        1844596 kB
MemFree:         1187620 kB
MemAvailable:    1495840 kB
Buffers:           39664 kB
Cached:           401232 kB
MemTotal:        1844596 kB
MemFree:         1184896 kB
MemAvailable:    1493116 kB
Buffers:           39664 kB
Cached:           401232 kB
MemTotal:        1844596 kB
MemFree:         1184524 kB
MemAvailable:    1492744 kB
Buffers:           39664 kB
Cached:           401232 kB
MemTotal:        1844596 kB
MemFree:         1182788 kB
MemAvailable:    1491008 kB
Buffers:           39664 kB
Cached:           401232 kB
MemTotal:        1844596 kB
MemFree:         1181484 kB
MemAvailable:    1489704 kB
Buffers:           39664 kB
Cached:           401232 kB
MemTotal:        1844596 kB
MemFree:         1179184 kB
MemAvailable:    1487404 kB
Buffers:           39664 kB
Cached:           401232 kB
MemTotal:        1844596 kB
MemFree:         1176340 kB
MemAvailable:    1484560 kB
Buffers:           39664 kB
Cached:           401232 kB
MemTotal:        1844596 kB
MemFree:         1172736 kB
MemAvailable:    1480956 kB
Buffers:           39664 kB
Cached:           401232 kB
MemTotal:        1844596 kB
MemFree:         1171744 kB
MemAvailable:    1479964 kB
Buffers:           39664 kB
Cached:           401232 kB
MemTotal:        1844596 kB
MemFree:         1170496 kB
MemAvailable:    1478716 kB
Buffers:           39664 kB
Cached:           401232 kB
MemTotal:        1844596 kB
MemFree:         1170264 kB
MemAvailable:    1478484 kB
Buffers:           39664 kB
Cached:           401232 kB
MemTotal:        1844596 kB
MemFree:         1170500 kB
MemAvailable:    1478720 kB
Buffers:           39664 kB
Cached:           401232 kB
MemTotal:        1844596 kB
MemFree:         1170484 kB
MemAvailable:    1478704 kB
Buffers:           39664 kB
Cached:           401232 kB
MemTotal:        1844596 kB
MemFree:         1170568 kB
MemAvailable:    1478788 kB
Buffers:           39664 kB
Cached:           401232 kB
MemTotal:        1844596 kB
MemFree:         1170364 kB
MemAvailable:    1478584 kB
Buffers:           39664 kB
Cached:           401232 kB
MemTotal:        1844596 kB
MemFree:         1170312 kB
MemAvailable:    1478532 kB
Buffers:           39664 kB
Cached:           401232 kB
MemTotal:        1844596 kB
MemFree:         1168816 kB
MemAvailable:    1477036 kB
Buffers:           39664 kB
Cached:           401232 kB
MemTotal:        1844596 kB
MemFree:         1169148 kB
MemAvailable:    1477368 kB
Buffers:           39664 kB
Cached:           401232 kB
MemTotal:        1844596 kB
MemFree:         1168880 kB
MemAvailable:    1477100 kB
Buffers:           39664 kB
Cached:           401232 kB
MemTotal:        1844596 kB
MemFree:         1169952 kB
MemAvailable:    1478172 kB
Buffers:           39664 kB
Cached:           401232 kB
MemTotal:        1844596 kB
MemFree:         1169148 kB
MemAvailable:    1477368 kB
Buffers:           39664 kB
Cached:           401232 kB
MemTotal:        1844596 kB
MemFree:         1169712 kB
MemAvailable:    1477932 kB
Buffers:           39664 kB
Cached:           401232 kB
MemTotal:        1844596 kB
MemFree:         1168588 kB
MemAvailable:    1476808 kB
Buffers:           39664 kB
Cached:           401232 kB
MemTotal:        1844596 kB
MemFree:         1168464 kB
MemAvailable:    1476684 kB
Buffers:           39664 kB
Cached:           401232 kB
MemTotal:        1844596 kB
MemFree:         1169764 kB
MemAvailable:    1477984 kB
Buffers:           39664 kB
Cached:           401232 kB
MemTotal:        1844596 kB
MemFree:         1168520 kB
MemAvailable:    1476740 kB
Buffers:           39664 kB
Cached:           401232 kB
MemTotal:        1844596 kB
MemFree:         1168528 kB
MemAvailable:    1476748 kB
Buffers:           39664 kB
Cached:           401232 kB
MemTotal:        1844596 kB
MemFree:         1168140 kB
MemAvailable:    1476360 kB
Buffers:           39664 kB
Cached:           401232 kB
MemTotal:        1844596 kB
MemFree:         1169496 kB
MemAvailable:    1477716 kB
Buffers:           39664 kB
Cached:           401232 kB
MemTotal:        1844596 kB
MemFree:         1169472 kB
MemAvailable:    1477696 kB
Buffers:           39664 kB
Cached:           401236 kB
MemTotal:        1844596 kB
MemFree:         1168528 kB
MemAvailable:    1476752 kB
Buffers:           39664 kB
Cached:           401236 kB
MemTotal:        1844596 kB
MemFree:         1169540 kB
MemAvailable:    1477764 kB
Buffers:           39664 kB
Cached:           401236 kB
MemTotal:        1844596 kB
MemFree:         1168280 kB
MemAvailable:    1476504 kB
Buffers:           39664 kB
Cached:           401236 kB
MemTotal:        1844596 kB
MemFree:         1168108 kB
MemAvailable:    1476332 kB
Buffers:           39664 kB
Cached:           401236 kB
MemTotal:        1844596 kB
MemFree:         1169632 kB
MemAvailable:    1477856 kB
Buffers:           39664 kB
Cached:           401236 kB
MemTotal:        1844596 kB
MemFree:         1169308 kB
MemAvailable:    1477532 kB
Buffers:           39664 kB
Cached:           401236 kB
MemTotal:        1844596 kB
MemFree:         1169644 kB
MemAvailable:    1477868 kB
Buffers:           39664 kB
Cached:           401236 kB
MemTotal:        1844596 kB
MemFree:         1168100 kB
MemAvailable:    1476324 kB
Buffers:           39664 kB
Cached:           401236 kB
MemTotal:        1844596 kB
MemFree:         1169380 kB
MemAvailable:    1477604 kB
Buffers:           39664 kB
Cached:           401236 kB
MemTotal:        1844596 kB
MemFree:         1169380 kB
MemAvailable:    1477604 kB
Buffers:           39664 kB
Cached:           401236 kB
MemTotal:        1844596 kB
MemFree:         1169568 kB
MemAvailable:    1477792 kB
Buffers:           39664 kB
Cached:           401236 kB
MemTotal:        1844596 kB
MemFree:         1169256 kB
MemAvailable:    1477480 kB
Buffers:           39664 kB
Cached:           401236 kB
MemTotal:        1844596 kB
MemFree:         1169340 kB
MemAvailable:    1477564 kB
Buffers:           39664 kB
Cached:           401236 kB
MemTotal:        1844596 kB
MemFree:         1168256 kB
MemAvailable:    1476480 kB
Buffers:           39664 kB
Cached:           401236 kB
MemTotal:        1844596 kB
MemFree:         1169456 kB
MemAvailable:    1477680 kB
Buffers:           39664 kB
Cached:           401236 kB
MemTotal:        1844596 kB
MemFree:         1167980 kB
MemAvailable:    1476204 kB
Buffers:           39664 kB
Cached:           401236 kB
MemTotal:        1844596 kB
MemFree:         1168476 kB
MemAvailable:    1476700 kB
Buffers:           39664 kB
Cached:           401236 kB
MemTotal:        1844596 kB
MemFree:         1168228 kB
MemAvailable:    1476452 kB
Buffers:           39664 kB
Cached:           401236 kB
MemTotal:        1844596 kB
MemFree:         1168096 kB
MemAvailable:    1476320 kB
Buffers:           39664 kB
Cached:           401236 kB
MemTotal:        1844596 kB
MemFree:         1168892 kB
MemAvailable:    1477116 kB
Buffers:           39664 kB
Cached:           401236 kB
MemTotal:        1844596 kB
MemFree:         1162948 kB
MemAvailable:    1471172 kB
Buffers:           39664 kB
Cached:           401236 kB
MemTotal:        1844596 kB
MemFree:         1160840 kB
MemAvailable:    1469064 kB
Buffers:           39664 kB
Cached:           401236 kB
MemTotal:        1844596 kB
MemFree:         1157492 kB
MemAvailable:    1465716 kB
Buffers:           39664 kB
Cached:           401236 kB
MemTotal:        1844596 kB
MemFree:         1155508 kB
MemAvailable:    1463732 kB
Buffers:           39664 kB
Cached:           401236 kB
MemTotal:        1844596 kB
MemFree:         1151284 kB
MemAvailable:    1459508 kB
Buffers:           39664 kB
Cached:           401236 kB
MemTotal:        1844596 kB
MemFree:         1151800 kB
MemAvailable:    1460024 kB
Buffers:           39664 kB
Cached:           401236 kB
MemTotal:        1844596 kB
MemFree:         1151712 kB
MemAvailable:    1459936 kB
Buffers:           39664 kB
Cached:           401236 kB
MemTotal:        1844596 kB
MemFree:         1150672 kB
MemAvailable:    1458896 kB
Buffers:           39664 kB
Cached:           401236 kB
MemTotal:        1844596 kB
MemFree:         1151484 kB
MemAvailable:    1459708 kB
Buffers:           39664 kB
Cached:           401236 kB
MemTotal:        1844596 kB
MemFree:         1151820 kB
MemAvailable:    1460044 kB
Buffers:           39664 kB
Cached:           401236 kB
MemTotal:        1844596 kB
MemFree:         1151724 kB
MemAvailable:    1459948 kB
Buffers:           39664 kB
Cached:           401236 kB
MemTotal:        1844596 kB
MemFree:         1151484 kB
MemAvailable:    1459708 kB
Buffers:           39664 kB
Cached:           401236 kB
MemTotal:        1844596 kB
MemFree:         1151568 kB
MemAvailable:    1459792 kB
Buffers:           39672 kB
Cached:           401228 kB
MemTotal:        1844596 kB
MemFree:         1150280 kB
MemAvailable:    1458504 kB
Buffers:           39676 kB
Cached:           401224 kB
MemTotal:        1844596 kB
MemFree:         1150528 kB
MemAvailable:    1458752 kB
Buffers:           39676 kB
Cached:           401224 kB
MemTotal:        1844596 kB
MemFree:         1150284 kB
MemAvailable:    1458508 kB
Buffers:           39676 kB
Cached:           401224 kB
MemTotal:        1844596 kB
MemFree:         1150036 kB
MemAvailable:    1458260 kB
Buffers:           39676 kB
Cached:           401224 kB
MemTotal:        1844596 kB
MemFree:         1149904 kB
MemAvailable:    1458128 kB
Buffers:           39676 kB
Cached:           401224 kB
MemTotal:        1844596 kB
MemFree:         1150028 kB
MemAvailable:    1458252 kB
Buffers:           39676 kB
Cached:           401224 kB
MemTotal:        1844596 kB
MemFree:         1149856 kB
MemAvailable:    1458080 kB
Buffers:           39676 kB
Cached:           401224 kB
MemTotal:        1844596 kB
MemFree:         1149980 kB
MemAvailable:    1458204 kB
Buffers:           39676 kB
Cached:           401224 kB
MemTotal:        1844596 kB
MemFree:         1149968 kB
MemAvailable:    1458192 kB
Buffers:           39676 kB
Cached:           401224 kB
MemTotal:        1844596 kB
MemFree:         1149928 kB
MemAvailable:    1458152 kB
Buffers:           39676 kB
Cached:           401224 kB
MemTotal:        1844596 kB
MemFree:         1150012 kB
MemAvailable:    1458236 kB
Buffers:           39676 kB
Cached:           401224 kB
MemTotal:        1844596 kB
MemFree:         1151096 kB
MemAvailable:    1459320 kB
Buffers:           39676 kB
Cached:           401224 kB
MemTotal:        1844596 kB
MemFree:         1151152 kB
MemAvailable:    1459376 kB
Buffers:           39676 kB
Cached:           401224 kB
MemTotal:        1844596 kB
MemFree:         1151404 kB
MemAvailable:    1459628 kB
Buffers:           39676 kB
Cached:           401224 kB
MemTotal:        1844596 kB
MemFree:         1151340 kB
MemAvailable:    1459564 kB
Buffers:           39676 kB
Cached:           401224 kB
MemTotal:        1844596 kB
MemFree:         1151028 kB
MemAvailable:    1459252 kB
Buffers:           39676 kB
Cached:           401224 kB
MemTotal:        1844596 kB
MemFree:         1151028 kB
MemAvailable:    1459252 kB
Buffers:           39676 kB
Cached:           401224 kB
MemTotal:        1844596 kB
MemFree:         1151232 kB
MemAvailable:    1459456 kB
Buffers:           39676 kB
Cached:           401224 kB
MemTotal:        1844596 kB
MemFree:         1150928 kB
MemAvailable:    1459152 kB
Buffers:           39676 kB
Cached:           401224 kB
MemTotal:        1844596 kB
MemFree:         1151204 kB
MemAvailable:    1459428 kB
Buffers:           39676 kB
Cached:           401224 kB
MemTotal:        1844596 kB
MemFree:         1151016 kB
MemAvailable:    1459240 kB
Buffers:           39676 kB
Cached:           401224 kB
MemTotal:        1844596 kB
MemFree:         1151152 kB
MemAvailable:    1459376 kB
Buffers:           39676 kB
Cached:           401224 kB
MemTotal:        1844596 kB
MemFree:         1151112 kB
MemAvailable:    1459336 kB
Buffers:           39676 kB
Cached:           401224 kB
MemTotal:        1844596 kB
MemFree:         1151228 kB
MemAvailable:    1459452 kB
Buffers:           39676 kB
Cached:           401224 kB
MemTotal:        1844596 kB
MemFree:         1151208 kB
MemAvailable:    1459432 kB
Buffers:           39676 kB
Cached:           401224 kB
MemTotal:        1844596 kB
MemFree:         1151328 kB
MemAvailable:    1459552 kB
Buffers:           39676 kB
Cached:           401224 kB
MemTotal:        1844596 kB
MemFree:         1151028 kB
MemAvailable:    1459252 kB
Buffers:           39676 kB
Cached:           401224 kB
MemTotal:        1844596 kB
MemFree:         1151364 kB
MemAvailable:    1459588 kB
Buffers:           39676 kB
Cached:           401224 kB
MemTotal:        1844596 kB
MemFree:         1148068 kB
MemAvailable:    1456292 kB
Buffers:           39676 kB
Cached:           401224 kB
MemTotal:        1844596 kB
MemFree:         1143976 kB
MemAvailable:    1452200 kB
Buffers:           39676 kB
Cached:           401224 kB
MemTotal:        1844596 kB
MemFree:         1141000 kB
MemAvailable:    1449224 kB
Buffers:           39676 kB
Cached:           401224 kB
MemTotal:        1844596 kB
MemFree:         1136224 kB
MemAvailable:    1444448 kB
Buffers:           39676 kB
Cached:           401224 kB
MemTotal:        1844596 kB
MemFree:         1132692 kB
MemAvailable:    1440916 kB
Buffers:           39676 kB
Cached:           401224 kB
MemTotal:        1844596 kB
MemFree:         1133736 kB
MemAvailable:    1441960 kB
Buffers:           39676 kB
Cached:           401224 kB
MemTotal:        1844596 kB
MemFree:         1133660 kB
MemAvailable:    1441884 kB
Buffers:           39676 kB
Cached:           401224 kB
MemTotal:        1844596 kB
MemFree:         1132256 kB
MemAvailable:    1440480 kB
Buffers:           39676 kB
Cached:           401224 kB
MemTotal:        1844596 kB
MemFree:         1133780 kB
MemAvailable:    1442008 kB
Buffers:           39676 kB
Cached:           401228 kB
MemTotal:        1844596 kB
MemFree:         1132376 kB
MemAvailable:    1440604 kB
Buffers:           39676 kB
Cached:           401228 kB
MemTotal:        1844596 kB
MemFree:         1133892 kB
MemAvailable:    1442136 kB
Buffers:           39676 kB
Cached:           401244 kB
MemTotal:        1844596 kB
MemFree:         1133800 kB
MemAvailable:    1442044 kB
Buffers:           39676 kB
Cached:           401244 kB
MemTotal:        1844596 kB
MemFree:         1133512 kB
MemAvailable:    1441756 kB
Buffers:           39676 kB
Cached:           401244 kB
MemTotal:        1844596 kB
MemFree:         1132556 kB
MemAvailable:    1440800 kB
Buffers:           39676 kB
Cached:           401244 kB
MemTotal:        1844596 kB
MemFree:         1132432 kB
MemAvailable:    1440676 kB
Buffers:           39676 kB
Cached:           401244 kB
MemTotal:        1844596 kB
MemFree:         1132424 kB
MemAvailable:    1440668 kB
Buffers:           39676 kB
Cached:           401244 kB
MemTotal:        1844596 kB
MemFree:         1133660 kB
MemAvailable:    1441904 kB
Buffers:           39676 kB
Cached:           401244 kB
MemTotal:        1844596 kB
MemFree:         1133444 kB
MemAvailable:    1441688 kB
Buffers:           39676 kB
Cached:           401244 kB
MemTotal:        1844596 kB
MemFree:         1133512 kB
MemAvailable:    1441756 kB
Buffers:           39676 kB
Cached:           401244 kB
MemTotal:        1844596 kB
MemFree:         1132384 kB
MemAvailable:    1440628 kB
Buffers:           39676 kB
Cached:           401244 kB
MemTotal:        1844596 kB
MemFree:         1132384 kB
MemAvailable:    1440628 kB
Buffers:           39676 kB
Cached:           401244 kB
MemTotal:        1844596 kB
MemFree:         1133720 kB
MemAvailable:    1441964 kB
Buffers:           39676 kB
Cached:           401244 kB
MemTotal:        1844596 kB
MemFree:         1133552 kB
MemAvailable:    1441796 kB
Buffers:           39676 kB
Cached:           401244 kB
MemTotal:        1844596 kB
MemFree:         1133888 kB
MemAvailable:    1442132 kB
Buffers:           39676 kB
Cached:           401244 kB
MemTotal:        1844596 kB
MemFree:         1132064 kB
MemAvailable:    1440308 kB
Buffers:           39676 kB
Cached:           401244 kB
MemTotal:        1844596 kB
MemFree:         1132800 kB
MemAvailable:    1441044 kB
Buffers:           39676 kB
Cached:           401244 kB
MemTotal:        1844596 kB
MemFree:         1132444 kB
MemAvailable:    1440688 kB
Buffers:           39676 kB
Cached:           401244 kB
MemTotal:        1844596 kB
MemFree:         1132680 kB
MemAvailable:    1440924 kB
Buffers:           39676 kB
Cached:           401244 kB
MemTotal:        1844596 kB
MemFree:         1132692 kB
MemAvailable:    1440936 kB
Buffers:           39676 kB
Cached:           401244 kB
MemTotal:        1844596 kB
MemFree:         1131428 kB
MemAvailable:    1439672 kB
Buffers:           39676 kB
Cached:           401244 kB
MemTotal:        1844596 kB
MemFree:         1132548 kB
MemAvailable:    1440792 kB
Buffers:           39676 kB
Cached:           401244 kB
MemTotal:        1844596 kB
MemFree:         1132132 kB
MemAvailable:    1440376 kB
Buffers:           39676 kB
Cached:           401244 kB
MemTotal:        1844596 kB
MemFree:         1129948 kB
MemAvailable:    1438192 kB
Buffers:           39676 kB
Cached:           401244 kB
MemTotal:        1844596 kB
MemFree:         1129964 kB
MemAvailable:    1438208 kB
Buffers:           39676 kB
Cached:           401244 kB
MemTotal:        1844596 kB
MemFree:         1126608 kB
MemAvailable:    1434852 kB
Buffers:           39676 kB
Cached:           401244 kB
MemTotal:        1844596 kB
MemFree:         1123764 kB
MemAvailable:    1432008 kB
Buffers:           39676 kB
Cached:           401244 kB
MemTotal:        1844596 kB
MemFree:         1122212 kB
MemAvailable:    1430456 kB
Buffers:           39676 kB
Cached:           401244 kB
MemTotal:        1844596 kB
MemFree:         1118060 kB
MemAvailable:    1426304 kB
Buffers:           39676 kB
Cached:           401244 kB
MemTotal:        1844596 kB
MemFree:         1116076 kB
MemAvailable:    1424320 kB
Buffers:           39676 kB
Cached:           401244 kB
MemTotal:        1844596 kB
MemFree:         1113968 kB
MemAvailable:    1422212 kB
Buffers:           39676 kB
Cached:           401244 kB
MemTotal:        1844596 kB
MemFree:         1111604 kB
MemAvailable:    1419852 kB
Buffers:           39676 kB
Cached:           401248 kB
MemTotal:        1844596 kB
MemFree:         1110876 kB
MemAvailable:    1419124 kB
Buffers:           39676 kB
Cached:           401248 kB
MemTotal:        1844596 kB
MemFree:         1108884 kB
MemAvailable:    1417132 kB
Buffers:           39676 kB
Cached:           401248 kB
MemTotal:        1844596 kB
MemFree:         1107332 kB
MemAvailable:    1415580 kB
Buffers:           39676 kB
Cached:           401248 kB
MemTotal:        1844596 kB
MemFree:         1104156 kB
MemAvailable:    1412404 kB
Buffers:           39676 kB
Cached:           401248 kB
MemTotal:        1844596 kB
MemFree:         1104240 kB
MemAvailable:    1412488 kB
Buffers:           39676 kB
Cached:           401248 kB
MemTotal:        1844596 kB
MemFree:         1102372 kB
MemAvailable:    1410620 kB
Buffers:           39676 kB
Cached:           401248 kB
MemTotal:        1844596 kB
MemFree:         1100948 kB
MemAvailable:    1409196 kB
Buffers:           39676 kB
Cached:           401248 kB
MemTotal:        1844596 kB
MemFree:         1101064 kB
MemAvailable:    1409312 kB
Buffers:           39676 kB
Cached:           401248 kB
MemTotal:        1844596 kB
MemFree:         1101684 kB
MemAvailable:    1409932 kB
Buffers:           39676 kB
Cached:           401248 kB
MemTotal:        1844596 kB
MemFree:         1101688 kB
MemAvailable:    1409936 kB
Buffers:           39676 kB
Cached:           401248 kB
MemTotal:        1844596 kB
MemFree:         1101816 kB
MemAvailable:    1410064 kB
Buffers:           39676 kB
Cached:           401248 kB
MemTotal:        1844596 kB
MemFree:         1100508 kB
MemAvailable:    1408756 kB
Buffers:           39676 kB
Cached:           401248 kB
MemTotal:        1844596 kB
MemFree:         1100508 kB
MemAvailable:    1408756 kB
Buffers:           39676 kB
Cached:           401248 kB
MemTotal:        1844596 kB
MemFree:         1101808 kB
MemAvailable:    1410056 kB
Buffers:           39676 kB
Cached:           401248 kB
MemTotal:        1844596 kB
MemFree:         1100576 kB
MemAvailable:    1408824 kB
Buffers:           39676 kB
Cached:           401248 kB
MemTotal:        1844596 kB
MemFree:         1100808 kB
MemAvailable:    1409056 kB
Buffers:           39676 kB
Cached:           401248 kB
MemTotal:        1844596 kB
MemFree:         1101144 kB
MemAvailable:    1409392 kB
Buffers:           39676 kB
Cached:           401248 kB
MemTotal:        1844596 kB
MemFree:         1100876 kB
MemAvailable:    1409124 kB
Buffers:           39676 kB
Cached:           401248 kB
MemTotal:        1844596 kB
MemFree:         1099444 kB
MemAvailable:    1407692 kB
Buffers:           39676 kB
Cached:           401248 kB
MemTotal:        1844596 kB
MemFree:         1100372 kB
MemAvailable:    1408620 kB
Buffers:           39676 kB
Cached:           401248 kB
MemTotal:        1844596 kB
MemFree:         1100624 kB
MemAvailable:    1408872 kB
Buffers:           39676 kB
Cached:           401248 kB
MemTotal:        1844596 kB
MemFree:         1100580 kB
MemAvailable:    1408828 kB
Buffers:           39676 kB
Cached:           401248 kB
MemTotal:        1844596 kB
MemFree:         1100492 kB
MemAvailable:    1408740 kB
Buffers:           39676 kB
Cached:           401248 kB
MemTotal:        1844596 kB
MemFree:         1100372 kB
MemAvailable:    1408620 kB
Buffers:           39676 kB
Cached:           401248 kB
MemTotal:        1844596 kB
MemFree:         1098892 kB
MemAvailable:    1407140 kB
Buffers:           39676 kB
Cached:           401248 kB
MemTotal:        1844596 kB
MemFree:         1099768 kB
MemAvailable:    1408016 kB
Buffers:           39676 kB
Cached:           401248 kB
MemTotal:        1844596 kB
MemFree:         1098708 kB
MemAvailable:    1406956 kB
Buffers:           39676 kB
Cached:           401248 kB
MemTotal:        1844596 kB
MemFree:         1097964 kB
MemAvailable:    1406212 kB
Buffers:           39676 kB
Cached:           401248 kB
MemTotal:        1844596 kB
MemFree:         1098716 kB
MemAvailable:    1406964 kB
Buffers:           39676 kB
Cached:           401248 kB
MemTotal:        1844596 kB
MemFree:         1097352 kB
MemAvailable:    1405600 kB
Buffers:           39676 kB
Cached:           401248 kB
MemTotal:        1844596 kB
MemFree:         1096444 kB
MemAvailable:    1404692 kB
Buffers:           39676 kB
Cached:           401248 kB
MemTotal:        1844596 kB
MemFree:         1097544 kB
MemAvailable:    1405792 kB
Buffers:           39676 kB
Cached:           401248 kB
MemTotal:        1844596 kB
MemFree:         1097712 kB
MemAvailable:    1405960 kB
Buffers:           39676 kB
Cached:           401248 kB
MemTotal:        1844596 kB
MemFree:         1097588 kB
MemAvailable:    1405836 kB
Buffers:           39676 kB
Cached:           401248 kB
MemTotal:        1844596 kB
MemFree:         1097600 kB
MemAvailable:    1405848 kB
Buffers:           39676 kB
Cached:           401248 kB
MemTotal:        1844596 kB
MemFree:         1096416 kB
MemAvailable:    1404664 kB
Buffers:           39676 kB
Cached:           401248 kB
MemTotal:        1844596 kB
MemFree:         1097636 kB
MemAvailable:    1405884 kB
Buffers:           39676 kB
Cached:           401248 kB
MemTotal:        1844596 kB
MemFree:         1096412 kB
MemAvailable:    1404660 kB
Buffers:           39676 kB
Cached:           401248 kB
MemTotal:        1844596 kB
MemFree:         1097528 kB
MemAvailable:    1405776 kB
Buffers:           39676 kB
Cached:           401248 kB
MemTotal:        1844596 kB
MemFree:         1097476 kB
MemAvailable:    1405732 kB
Buffers:           39676 kB
Cached:           401256 kB
MemTotal:        1844596 kB
MemFree:         1097812 kB
MemAvailable:    1406068 kB
Buffers:           39676 kB
Cached:           401256 kB
MemTotal:        1844596 kB
MemFree:         1097792 kB
MemAvailable:    1406048 kB
Buffers:           39676 kB
Cached:           401256 kB
MemTotal:        1844596 kB
MemFree:         1096320 kB
MemAvailable:    1404576 kB
Buffers:           39676 kB
Cached:           401256 kB
MemTotal:        1844596 kB
MemFree:         1097680 kB
MemAvailable:    1405936 kB
Buffers:           39676 kB
Cached:           401256 kB
MemTotal:        1844596 kB
MemFree:         1096368 kB
MemAvailable:    1404624 kB
Buffers:           39676 kB
Cached:           401256 kB
MemTotal:        1844596 kB
MemFree:         1097668 kB
MemAvailable:    1405924 kB
Buffers:           39676 kB
Cached:           401256 kB
MemTotal:        1844596 kB
MemFree:         1096856 kB
MemAvailable:    1405112 kB
Buffers:           39676 kB
Cached:           401256 kB
MemTotal:        1844596 kB
MemFree:         1097972 kB
MemAvailable:    1406228 kB
Buffers:           39676 kB
Cached:           401256 kB
MemTotal:        1844596 kB
MemFree:         1097964 kB
MemAvailable:    1406220 kB
Buffers:           39676 kB
Cached:           401256 kB
MemTotal:        1844596 kB
MemFree:         1096344 kB
MemAvailable:    1404600 kB
Buffers:           39676 kB
Cached:           401256 kB
MemTotal:        1844596 kB
MemFree:         1097776 kB
MemAvailable:    1406032 kB
Buffers:           39676 kB
Cached:           401256 kB
MemTotal:        1844596 kB
MemFree:         1097836 kB
MemAvailable:    1406092 kB
Buffers:           39676 kB
Cached:           401256 kB
MemTotal:        1844596 kB
MemFree:         1096464 kB
MemAvailable:    1404720 kB
Buffers:           39676 kB
Cached:           401256 kB
MemTotal:        1844596 kB
MemFree:         1097664 kB
MemAvailable:    1405920 kB
Buffers:           39676 kB
Cached:           401256 kB
MemTotal:        1844596 kB
MemFree:         1096740 kB
MemAvailable:    1404996 kB
Buffers:           39676 kB
Cached:           401256 kB
MemTotal:        1844596 kB
MemFree:         1097436 kB
MemAvailable:    1405692 kB
Buffers:           39676 kB
Cached:           401256 kB
MemTotal:        1844596 kB
MemFree:         1097772 kB
MemAvailable:    1406028 kB
Buffers:           39676 kB
Cached:           401256 kB
MemTotal:        1844596 kB
MemFree:         1096440 kB
MemAvailable:    1404696 kB
Buffers:           39676 kB
Cached:           401256 kB
MemTotal:        1844596 kB
MemFree:         1097544 kB
MemAvailable:    1405800 kB
Buffers:           39676 kB
Cached:           401256 kB
MemTotal:        1844596 kB
MemFree:         1097112 kB
MemAvailable:    1405368 kB
Buffers:           39676 kB
Cached:           401256 kB
MemTotal:        1844596 kB
MemFree:         1097428 kB
MemAvailable:    1405684 kB
Buffers:           39676 kB
Cached:           401256 kB
MemTotal:        1844596 kB
MemFree:         1097580 kB
MemAvailable:    1405836 kB
Buffers:           39676 kB
Cached:           401256 kB
MemTotal:        1844596 kB
MemFree:         1097608 kB
MemAvailable:    1405864 kB
Buffers:           39676 kB
Cached:           401256 kB
MemTotal:        1844596 kB
MemFree:         1097528 kB
MemAvailable:    1405784 kB
Buffers:           39676 kB
Cached:           401256 kB
MemTotal:        1844596 kB
MemFree:         1097528 kB
MemAvailable:    1405784 kB
Buffers:           39676 kB
Cached:           401256 kB
MemTotal:        1844596 kB
MemFree:         1096436 kB
MemAvailable:    1404692 kB
Buffers:           39676 kB
Cached:           401256 kB
MemTotal:        1844596 kB
MemFree:         1097640 kB
MemAvailable:    1405896 kB
Buffers:           39676 kB
Cached:           401256 kB
MemTotal:        1844596 kB
MemFree:         1097600 kB
MemAvailable:    1405856 kB
Buffers:           39676 kB
Cached:           401256 kB
MemTotal:        1844596 kB
MemFree:         1096420 kB
MemAvailable:    1404676 kB
Buffers:           39676 kB
Cached:           401256 kB
MemTotal:        1844596 kB
MemFree:         1097396 kB
MemAvailable:    1405652 kB
Buffers:           39676 kB
Cached:           401256 kB
MemTotal:        1844596 kB
MemFree:         1097732 kB
MemAvailable:    1405988 kB
Buffers:           39676 kB
Cached:           401256 kB
MemTotal:        1844596 kB
MemFree:         1094616 kB
MemAvailable:    1402872 kB
Buffers:           39676 kB
Cached:           401256 kB
MemTotal:        1844596 kB
MemFree:         1094384 kB
MemAvailable:    1402640 kB
Buffers:           39676 kB
Cached:           401256 kB
MemTotal:        1844596 kB
MemFree:         1091964 kB
MemAvailable:    1400220 kB
Buffers:           39676 kB
Cached:           401256 kB
MemTotal:        1844596 kB
MemFree:         1091772 kB
MemAvailable:    1400028 kB
Buffers:           39676 kB
Cached:           401256 kB
MemTotal:        1844596 kB
MemFree:         1090780 kB
MemAvailable:    1399036 kB
Buffers:           39676 kB
Cached:           401256 kB
MemTotal:        1844596 kB
MemFree:         1091484 kB
MemAvailable:    1399744 kB
Buffers:           39676 kB
Cached:           401260 kB
MemTotal:        1844596 kB
MemFree:         1090460 kB
MemAvailable:    1398720 kB
Buffers:           39676 kB
Cached:           401260 kB
MemTotal:        1844596 kB
MemFree:         1091656 kB
MemAvailable:    1399916 kB
Buffers:           39676 kB
Cached:           401260 kB
MemTotal:        1844596 kB
MemFree:         1091656 kB
MemAvailable:    1399916 kB
Buffers:           39676 kB
Cached:           401260 kB
MemTotal:        1844596 kB
MemFree:         1091392 kB
MemAvailable:    1399652 kB
Buffers:           39676 kB
Cached:           401260 kB
MemTotal:        1844596 kB
MemFree:         1091732 kB
MemAvailable:    1399992 kB
Buffers:           39676 kB
Cached:           401260 kB
MemTotal:        1844596 kB
MemFree:         1091704 kB
MemAvailable:    1399964 kB
Buffers:           39676 kB
Cached:           401260 kB
MemTotal:        1844596 kB
MemFree:         1091656 kB
MemAvailable:    1399916 kB
Buffers:           39676 kB
Cached:           401260 kB
MemTotal:        1844596 kB
MemFree:         1090904 kB
MemAvailable:    1399164 kB
Buffers:           39676 kB
Cached:           401260 kB
MemTotal:        1844596 kB
MemFree:         1090788 kB
MemAvailable:    1399048 kB
Buffers:           39676 kB
Cached:           401260 kB
MemTotal:        1844596 kB
MemFree:         1091700 kB
MemAvailable:    1399960 kB
Buffers:           39676 kB
Cached:           401260 kB
MemTotal:        1844596 kB
MemFree:         1091376 kB
MemAvailable:    1399720 kB
Buffers:           39676 kB
Cached:           401384 kB
MemTotal:        1844596 kB
MemFree:         1091408 kB
MemAvailable:    1399752 kB
Buffers:           39676 kB
Cached:           401384 kB
MemTotal:        1844596 kB
MemFree:         1091228 kB
MemAvailable:    1399656 kB
Buffers:           39676 kB
Cached:           401508 kB
MemTotal:        1844596 kB
MemFree:         1091156 kB
MemAvailable:    1399668 kB
Buffers:           39676 kB
Cached:           401632 kB
MemTotal:        1844596 kB
MemFree:         1090292 kB
MemAvailable:    1398888 kB
Buffers:           39676 kB
Cached:           401632 kB
MemTotal:        1844596 kB
MemFree:         1090848 kB
MemAvailable:    1399696 kB
Buffers:           39676 kB
Cached:           401880 kB
MemTotal:        1844596 kB
MemFree:         1091100 kB
MemAvailable:    1399948 kB
Buffers:           39676 kB
Cached:           401880 kB
MemTotal:        1844596 kB
MemFree:         1090720 kB
MemAvailable:    1399568 kB
Buffers:           39676 kB
Cached:           401880 kB
MemTotal:        1844596 kB
MemFree:         1089640 kB
MemAvailable:    1398488 kB
Buffers:           39676 kB
Cached:           401880 kB
MemTotal:        1844596 kB
MemFree:         1090816 kB
MemAvailable:    1399664 kB
Buffers:           39676 kB
Cached:           401880 kB
MemTotal:        1844596 kB
MemFree:         1090848 kB
MemAvailable:    1399696 kB
Buffers:           39676 kB
Cached:           401880 kB
MemTotal:        1844596 kB
MemFree:         1089616 kB
MemAvailable:    1398464 kB
Buffers:           39676 kB
Cached:           401880 kB
MemTotal:        1844596 kB
MemFree:         1090800 kB
MemAvailable:    1399648 kB
Buffers:           39676 kB
Cached:           401880 kB
MemTotal:        1844596 kB
MemFree:         1090524 kB
MemAvailable:    1399540 kB
Buffers:           39676 kB
Cached:           402004 kB
MemTotal:        1844596 kB
MemFree:         1089868 kB
MemAvailable:    1398884 kB
Buffers:           39676 kB
Cached:           402004 kB
MemTotal:        1844596 kB
MemFree:         1089292 kB
MemAvailable:    1397588 kB
Buffers:           39676 kB
Cached:           401288 kB
MemTotal:        1844596 kB
MemFree:         1136492 kB
MemAvailable:    1444788 kB
Buffers:           39676 kB
Cached:           401288 kB
MemTotal:        1844596 kB
MemFree:         1286860 kB
MemAvailable:    1595156 kB
Buffers:           39676 kB
Cached:           401288 kB
