MemTotal:        1844596 kB
MemFree:         1360244 kB
MemAvailable:    1602508 kB
Buffers:           30708 kB
Cached:           341796 kB
MemTotal:        1844596 kB
MemFree:         1332552 kB
MemAvailable:    1574828 kB
Buffers:           30712 kB
Cached:           341800 kB
MemTotal:        1844596 kB
MemFree:         1332428 kB
MemAvailable:    1574704 kB
Buffers:           30712 kB
Cached:           341800 kB
MemTotal:        1844596 kB
MemFree:         1329400 kB
MemAvailable:    1571676 kB
Buffers:           30712 kB
Cached:           341800 kB
MemTotal:        1844596 kB
MemFree:         1329144 kB
MemAvailable:    1571420 kB
Buffers:           30712 kB
Cached:           341800 kB
MemTotal:        1844596 kB
MemFree:         1329212 kB
MemAvailable:    1571488 kB
Buffers:           30712 kB
Cached:           341800 kB
MemTotal:        1844596 kB
MemFree:         1329088 kB
MemAvailable:    1571364 kB
Buffers:           30712 kB
Cached:           341800 kB
MemTotal:        1844596 kB
MemFree:         1326672 kB
MemAvailable:    1568948 kB
Buffers:           30712 kB
Cached:           341800 kB
MemTotal:        1844596 kB
MemFree:         1325492 kB
MemAvailable:    1567768 kB
Buffers:           30712 kB
Cached:           341800 kB
MemTotal:        1844596 kB
MemFree:         1322516 kB
MemAvailable:    1564792 kB
Buffers:           30712 kB
Cached:           341800 kB
MemTotal:        1844596 kB
MemFree:         1318736 kB
MemAvailable:    1561012 kB
Buffers:           30712 kB
Cached:           341800 kB
MemTotal:        1844596 kB
MemFree:         1318844 kB
MemAvailable:    1561120 kB
Buffers:           30712 kB
Cached:           341800 kB
MemTotal:        1844596 kB
MemFree:         1319180 kB
MemAvailable:    1561456 kB
Buffers:           30712 kB
Cached:           341800 kB
MemTotal:        1844596 kB
MemFree:         1317688 kB
MemAvailable:    1559964 kB
Buffers:           30712 kB
Cached:           341800 kB
MemTotal:        1844596 kB
MemFree:         1319120 kB
MemAvailable:    1561396 kB
Buffers:           30712 kB
Cached:           341800 kB
MemTotal:        1844596 kB
MemFree:         1319100 kB
MemAvailable:    1561376 kB
Buffers:           30712 kB
Cached:           341800 kB
MemTotal:        1844596 kB
MemFree:         1318000 kB
MemAvailable:    1560276 kB
Buffers:           30712 kB
Cached:           341800 kB
MemTotal:        1844596 kB
MemFree:         1318736 kB
MemAvailable:    1561012 kB
Buffers:           30712 kB
Cached:           341800 kB
MemTotal:        1844596 kB
MemFree:         1318472 kB
MemAvailable:    1560748 kB
Buffers:           30712 kB
Cached:           341800 kB
MemTotal:        1844596 kB
MemFree:         1318728 kB
MemAvailable:    1561004 kB
Buffers:           30712 kB
Cached:           341800 kB
MemTotal:        1844596 kB
MemFree:         1318340 kB
MemAvailable:    1560616 kB
Buffers:           30712 kB
Cached:           341800 kB
MemTotal:        1844596 kB
MemFree:         1318592 kB
MemAvailable:    1560868 kB
Buffers:           30712 kB
Cached:           341800 kB
MemTotal:        1844596 kB
MemFree:         1318168 kB
MemAvailable:    1560444 kB
Buffers:           30712 kB
Cached:           341800 kB
MemTotal:        1844596 kB
MemFree:         1318504 kB
MemAvailable:    1560780 kB
Buffers:           30712 kB
Cached:           341800 kB
MemTotal:        1844596 kB
MemFree:         1318300 kB
MemAvailable:    1560576 kB
Buffers:           30712 kB
Cached:           341800 kB
MemTotal:        1844596 kB
MemFree:         1316868 kB
MemAvailable:    1559144 kB
Buffers:           30712 kB
Cached:           341800 kB
MemTotal:        1844596 kB
MemFree:         1317804 kB
MemAvailable:    1560080 kB
Buffers:           30712 kB
Cached:           341800 kB
MemTotal:        1844596 kB
MemFree:         1316108 kB
MemAvailable:    1558384 kB
Buffers:           30712 kB
Cached:           341800 kB
MemTotal:        1844596 kB
MemFree:         1317412 kB
MemAvailable:    1559688 kB
Buffers:           30712 kB
Cached:           341800 kB
MemTotal:        1844596 kB
MemFree:         1317344 kB
MemAvailable:    1559620 kB
Buffers:           30712 kB
Cached:           341800 kB
MemTotal:        1844596 kB
MemFree:         1317156 kB
MemAvailable:    1559432 kB
Buffers:           30712 kB
Cached:           341800 kB
MemTotal:        1844596 kB
MemFree:         1316688 kB
MemAvailable:    1558964 kB
Buffers:           30712 kB
Cached:           341800 kB
MemTotal:        1844596 kB
MemFree:         1315512 kB
MemAvailable:    1557788 kB
Buffers:           30712 kB
Cached:           341800 kB
MemTotal:        1844596 kB
MemFree:         1315944 kB
MemAvailable:    1558220 kB
Buffers:           30712 kB
Cached:           341800 kB
MemTotal:        1844596 kB
MemFree:         1316136 kB
MemAvailable:    1558412 kB
Buffers:           30712 kB
Cached:           341800 kB
MemTotal:        1844596 kB
MemFree:         1315948 kB
MemAvailable:    1558224 kB
Buffers:           30712 kB
Cached:           341800 kB
MemTotal:        1844596 kB
MemFree:         1315264 kB
MemAvailable:    1557540 kB
Buffers:           30712 kB
Cached:           341800 kB
MemTotal:        1844596 kB
MemFree:         1316056 kB
MemAvailable:    1558332 kB
Buffers:           30712 kB
Cached:           341800 kB
MemTotal:        1844596 kB
MemFree:         1314624 kB
MemAvailable:    1556900 kB
Buffers:           30712 kB
Cached:           341800 kB
MemTotal:        1844596 kB
MemFree:         1314872 kB
MemAvailable:    1557148 kB
Buffers:           30712 kB
Cached:           341800 kB
MemTotal:        1844596 kB
MemFree:         1315924 kB
MemAvailable:    1558200 kB
Buffers:           30712 kB
Cached:           341800 kB
MemTotal:        1844596 kB
MemFree:         1317352 kB
MemAvailable:    1559628 kB
Buffers:           30712 kB
Cached:           341800 kB
MemTotal:        1844596 kB
MemFree:         1316760 kB
MemAvailable:    1559036 kB
Buffers:           30712 kB
Cached:           341800 kB
MemTotal:        1844596 kB
MemFree:         1315992 kB
MemAvailable:    1558268 kB
Buffers:           30712 kB
Cached:           341800 kB
MemTotal:        1844596 kB
MemFree:         1316080 kB
MemAvailable:    1558356 kB
Buffers:           30712 kB
Cached:           341800 kB
MemTotal:        1844596 kB
MemFree:         1312756 kB
MemAvailable:    1555032 kB
Buffers:           30712 kB
Cached:           341800 kB
MemTotal:        1844596 kB
MemFree:         1312156 kB
MemAvailable:    1554432 kB
Buffers:           30712 kB
Cached:           341800 kB
MemTotal:        1844596 kB
MemFree:         1312172 kB
MemAvailable:    1554448 kB
Buffers:           30712 kB
Cached:           341800 kB
MemTotal:        1844596 kB
MemFree:         1311956 kB
MemAvailable:    1554232 kB
Buffers:           30712 kB
Cached:           341800 kB
MemTotal:        1844596 kB
MemFree:         1311716 kB
MemAvailable:    1553992 kB
Buffers:           30712 kB
Cached:           341800 kB
MemTotal:        1844596 kB
MemFree:         1311716 kB
MemAvailable:    1553992 kB
Buffers:           30712 kB
Cached:           341800 kB
MemTotal:        1844596 kB
MemFree:         1311836 kB
MemAvailable:    1554112 kB
Buffers:           30712 kB
Cached:           341800 kB
MemTotal:        1844596 kB
MemFree:         1311876 kB
MemAvailable:    1554152 kB
Buffers:           30712 kB
Cached:           341800 kB
MemTotal:        1844596 kB
MemFree:         1311396 kB
MemAvailable:    1553672 kB
Buffers:           30712 kB
Cached:           341800 kB
MemTotal:        1844596 kB
MemFree:         1311396 kB
MemAvailable:    1553672 kB
Buffers:           30712 kB
Cached:           341800 kB
MemTotal:        1844596 kB
MemFree:         1311224 kB
MemAvailable:    1553500 kB
Buffers:           30712 kB
Cached:           341800 kB
MemTotal:        1844596 kB
MemFree:         1311560 kB
MemAvailable:    1553836 kB
Buffers:           30712 kB
Cached:           341800 kB
MemTotal:        1844596 kB
MemFree:         1310236 kB
MemAvailable:    1552512 kB
Buffers:           30712 kB
Cached:           341800 kB
MemTotal:        1844596 kB
MemFree:         1310360 kB
MemAvailable:    1552636 kB
Buffers:           30712 kB
Cached:           341800 kB
MemTotal:        1844596 kB
MemFree:         1311644 kB
MemAvailable:    1553920 kB
Buffers:           30712 kB
Cached:           341800 kB
MemTotal:        1844596 kB
MemFree:         1310232 kB
MemAvailable:    1552508 kB
Buffers:           30712 kB
Cached:           341800 kB
MemTotal:        1844596 kB
MemFree:         1311456 kB
MemAvailable:    1553732 kB
Buffers:           30712 kB
Cached:           341800 kB
MemTotal:        1844596 kB
MemFree:         1308876 kB
MemAvailable:    1551152 kB
Buffers:           30712 kB
Cached:           341800 kB
MemTotal:        1844596 kB
MemFree:         1305832 kB
MemAvailable:    1548108 kB
Buffers:           30712 kB
Cached:           341800 kB
MemTotal:        1844596 kB
MemFree:         1305708 kB
MemAvailable:    1547984 kB
Buffers:           30712 kB
Cached:           341800 kB
MemTotal:        1844596 kB
MemFree:         1305920 kB
MemAvailable:    1548196 kB
Buffers:           30712 kB
Cached:           341800 kB
MemTotal:        1844596 kB
MemFree:         1305344 kB
MemAvailable:    1547620 kB
Buffers:           30712 kB
Cached:           341800 kB
MemTotal:        1844596 kB
MemFree:         1304104 kB
MemAvailable:    1546380 kB
Buffers:           30712 kB
Cached:           341800 kB
MemTotal:        1844596 kB
MemFree:         1303792 kB
MemAvailable:    1546068 kB
Buffers:           30712 kB
Cached:           341800 kB
MemTotal:        1844596 kB
MemFree:         1303484 kB
MemAvailable:    1545760 kB
Buffers:           30712 kB
Cached:           341800 kB
MemTotal:        1844596 kB
MemFree:         1303048 kB
MemAvailable:    1545324 kB
Buffers:           30712 kB
Cached:           341800 kB
MemTotal:        1844596 kB
MemFree:         1301864 kB
MemAvailable:    1544140 kB
Buffers:           30712 kB
Cached:           341800 kB
MemTotal:        1844596 kB
MemFree:         1302716 kB
MemAvailable:    1544992 kB
Buffers:           30712 kB
Cached:           341800 kB
MemTotal:        1844596 kB
MemFree:         1302884 kB
MemAvailable:    1545160 kB
Buffers:           30712 kB
Cached:           341800 kB
MemTotal:        1844596 kB
MemFree:         1301560 kB
MemAvailable:    1543836 kB
Buffers:           30712 kB
Cached:           341800 kB
MemTotal:        1844596 kB
MemFree:         1301864 kB
MemAvailable:    1544140 kB
Buffers:           30712 kB
Cached:           341800 kB
MemTotal:        1844596 kB
MemFree:         1303048 kB
MemAvailable:    1545328 kB
Buffers:           30712 kB
Cached:           341804 kB
MemTotal:        1844596 kB
MemFree:         1302792 kB
MemAvailable:    1545072 kB
Buffers:           30712 kB
Cached:           341804 kB
MemTotal:        1844596 kB
MemFree:         1301748 kB
MemAvailable:    1544028 kB
Buffers:           30712 kB
Cached:           341804 kB
MemTotal:        1844596 kB
MemFree:         1301184 kB
MemAvailable:    1543464 kB
Buffers:           30712 kB
Cached:           341804 kB
MemTotal:        1844596 kB
MemFree:         1302872 kB
MemAvailable:    1545152 kB
Buffers:           30712 kB
Cached:           341804 kB
MemTotal:        1844596 kB
MemFree:         1301444 kB
MemAvailable:    1543728 kB
Buffers:           30712 kB
Cached:           341808 kB
MemTotal:        1844596 kB
MemFree:         1302600 kB
MemAvailable:    1544884 kB
Buffers:           30712 kB
Cached:           341808 kB
MemTotal:        1844596 kB
MemFree:         1302600 kB
MemAvailable:    1544884 kB
Buffers:           30712 kB
Cached:           341808 kB
MemTotal:        1844596 kB
MemFree:         1302488 kB
MemAvailable:    1544772 kB
Buffers:           30712 kB
Cached:           341808 kB
MemTotal:        1844596 kB
MemFree:         1301188 kB
MemAvailable:    1543472 kB
Buffers:           30712 kB
Cached:           341808 kB
MemTotal:        1844596 kB
MemFree:         1302488 kB
MemAvailable:    1544772 kB
Buffers:           30712 kB
Cached:           341808 kB
MemTotal:        1844596 kB
MemFree:         1302288 kB
MemAvailable:    1544572 kB
Buffers:           30712 kB
Cached:           341808 kB
MemTotal:        1844596 kB
MemFree:         1302624 kB
MemAvailable:    1544908 kB
Buffers:           30712 kB
Cached:           341808 kB
MemTotal:        1844596 kB
MemFree:         1301224 kB
MemAvailable:    1543508 kB
Buffers:           30712 kB
Cached:           341808 kB
MemTotal:        1844596 kB
MemFree:         1301492 kB
MemAvailable:    1543776 kB
Buffers:           30712 kB
Cached:           341808 kB
MemTotal:        1844596 kB
MemFree:         1302552 kB
MemAvailable:    1544840 kB
Buffers:           30712 kB
Cached:           341812 kB
MemTotal:        1844596 kB
MemFree:         1301368 kB
MemAvailable:    1543656 kB
Buffers:           30712 kB
Cached:           341812 kB
MemTotal:        1844596 kB
MemFree:         1300732 kB
MemAvailable:    1543020 kB
Buffers:           30712 kB
Cached:           341812 kB
MemTotal:        1844596 kB
MemFree:         1300252 kB
MemAvailable:    1542540 kB
Buffers:           30720 kB
Cached:           341804 kB
MemTotal:        1844596 kB
MemFree:         1297344 kB
MemAvailable:    1539632 kB
Buffers:           30724 kB
Cached:           341800 kB
MemTotal:        1844596 kB
MemFree:         1294556 kB
MemAvailable:    1536844 kB
Buffers:           30724 kB
Cached:           341800 kB
MemTotal:        1844596 kB
MemFree:         1294368 kB
MemAvailable:    1536656 kB
Buffers:           30724 kB
Cached:           341800 kB
MemTotal:        1844596 kB
MemFree:         1294176 kB
MemAvailable:    1536464 kB
Buffers:           30724 kB
Cached:           341800 kB
MemTotal:        1844596 kB
MemFree:         1294128 kB
MemAvailable:    1536416 kB
Buffers:           30724 kB
Cached:           341800 kB
MemTotal:        1844596 kB
MemFree:         1294128 kB
MemAvailable:    1536416 kB
Buffers:           30724 kB
Cached:           341800 kB
MemTotal:        1844596 kB
MemFree:         1292668 kB
MemAvailable:    1534956 kB
Buffers:           30724 kB
Cached:           341800 kB
MemTotal:        1844596 kB
MemFree:         1292688 kB
MemAvailable:    1534976 kB
Buffers:           30724 kB
Cached:           341800 kB
MemTotal:        1844596 kB
MemFree:         1293612 kB
MemAvailable:    1535900 kB
Buffers:           30724 kB
Cached:           341800 kB
MemTotal:        1844596 kB
MemFree:         1293864 kB
MemAvailable:    1536152 kB
Buffers:           30724 kB
Cached:           341800 kB
MemTotal:        1844596 kB
MemFree:         1293668 kB
MemAvailable:    1535956 kB
Buffers:           30724 kB
Cached:           341800 kB
MemTotal:        1844596 kB
MemFree:         1293860 kB
MemAvailable:    1536148 kB
Buffers:           30724 kB
Cached:           341800 kB
MemTotal:        1844596 kB
MemFree:         1292440 kB
MemAvailable:    1534740 kB
Buffers:           30724 kB
Cached:           341812 kB
MemTotal:        1844596 kB
MemFree:         1292276 kB
MemAvailable:    1534576 kB
Buffers:           30724 kB
Cached:           341812 kB
MemTotal:        1844596 kB
MemFree:         1293640 kB
MemAvailable:    1535940 kB
Buffers:           30724 kB
Cached:           341812 kB
MemTotal:        1844596 kB
MemFree:         1293500 kB
MemAvailable:    1535800 kB
Buffers:           30724 kB
Cached:           341812 kB
MemTotal:        1844596 kB
MemFree:         1293672 kB
MemAvailable:    1535972 kB
Buffers:           30724 kB
Cached:           341812 kB
MemTotal:        1844596 kB
MemFree:         1293564 kB
MemAvailable:    1535864 kB
Buffers:           30724 kB
Cached:           341812 kB
MemTotal:        1844596 kB
MemFree:         1293744 kB
MemAvailable:    1536044 kB
Buffers:           30724 kB
Cached:           341812 kB
MemTotal:        1844596 kB
MemFree:         1293684 kB
MemAvailable:    1535984 kB
Buffers:           30724 kB
Cached:           341812 kB
MemTotal:        1844596 kB
MemFree:         1293640 kB
MemAvailable:    1535940 kB
Buffers:           30724 kB
Cached:           341812 kB
MemTotal:        1844596 kB
MemFree:         1293640 kB
MemAvailable:    1535940 kB
Buffers:           30724 kB
Cached:           341812 kB
MemTotal:        1844596 kB
MemFree:         1293688 kB
MemAvailable:    1535988 kB
Buffers:           30724 kB
Cached:           341812 kB
MemTotal:        1844596 kB
MemFree:         1293068 kB
MemAvailable:    1535368 kB
Buffers:           30724 kB
Cached:           341812 kB
MemTotal:        1844596 kB
MemFree:         1294120 kB
MemAvailable:    1536420 kB
Buffers:           30724 kB
Cached:           341812 kB
MemTotal:        1844596 kB
MemFree:         1293864 kB
MemAvailable:    1536164 kB
Buffers:           30724 kB
Cached:           341812 kB
MemTotal:        1844596 kB
MemFree:         1292516 kB
MemAvailable:    1534816 kB
Buffers:           30724 kB
Cached:           341812 kB
MemTotal:        1844596 kB
MemFree:         1293792 kB
MemAvailable:    1536092 kB
Buffers:           30724 kB
Cached:           341812 kB
MemTotal:        1844596 kB
MemFree:         1293792 kB
MemAvailable:    1536092 kB
Buffers:           30724 kB
Cached:           341812 kB
MemTotal:        1844596 kB
MemFree:         1293500 kB
MemAvailable:    1535800 kB
Buffers:           30724 kB
Cached:           341812 kB
MemTotal:        1844596 kB
MemFree:         1293836 kB
MemAvailable:    1536136 kB
Buffers:           30724 kB
Cached:           341812 kB
MemTotal:        1844596 kB
MemFree:         1293620 kB
MemAvailable:    1535920 kB
Buffers:           30724 kB
Cached:           341812 kB
MemTotal:        1844596 kB
MemFree:         1293872 kB
MemAvailable:    1536172 kB
Buffers:           30724 kB
Cached:           341812 kB
MemTotal:        1844596 kB
MemFree:         1290524 kB
MemAvailable:    1532824 kB
Buffers:           30724 kB
Cached:           341812 kB
MemTotal:        1844596 kB
MemFree:         1287116 kB
MemAvailable:    1529416 kB
Buffers:           30724 kB
Cached:           341812 kB
MemTotal:        1844596 kB
MemFree:         1284636 kB
MemAvailable:    1526936 kB
Buffers:           30724 kB
Cached:           341812 kB
MemTotal:        1844596 kB
MemFree:         1283760 kB
MemAvailable:    1526060 kB
Buffers:           30724 kB
Cached:           341812 kB
MemTotal:        1844596 kB
MemFree:         1284352 kB
MemAvailable:    1526652 kB
Buffers:           30724 kB
Cached:           341812 kB
MemTotal:        1844596 kB
MemFree:         1284520 kB
MemAvailable:    1526820 kB
Buffers:           30724 kB
Cached:           341812 kB
MemTotal:        1844596 kB
MemFree:         1284132 kB
MemAvailable:    1526432 kB
Buffers:           30724 kB
Cached:           341812 kB
MemTotal:        1844596 kB
MemFree:         1284388 kB
MemAvailable:    1526688 kB
Buffers:           30724 kB
Cached:           341812 kB
MemTotal:        1844596 kB
MemFree:         1282148 kB
MemAvailable:    1524448 kB
Buffers:           30724 kB
Cached:           341812 kB
MemTotal:        1844596 kB
MemFree:         1282264 kB
MemAvailable:    1524564 kB
Buffers:           30724 kB
Cached:           341812 kB
MemTotal:        1844596 kB
MemFree:         1282264 kB
MemAvailable:    1524564 kB
Buffers:           30724 kB
Cached:           341812 kB
MemTotal:        1844596 kB
MemFree:         1282092 kB
MemAvailable:    1524392 kB
Buffers:           30724 kB
Cached:           341812 kB
MemTotal:        1844596 kB
MemFree:         1280916 kB
MemAvailable:    1523216 kB
Buffers:           30724 kB
Cached:           341812 kB
MemTotal:        1844596 kB
MemFree:         1281896 kB
MemAvailable:    1524196 kB
Buffers:           30724 kB
Cached:           341812 kB
MemTotal:        1844596 kB
MemFree:         1281908 kB
MemAvailable:    1524208 kB
Buffers:           30724 kB
Cached:           341812 kB
MemTotal:        1844596 kB
MemFree:         1281288 kB
MemAvailable:    1523588 kB
Buffers:           30724 kB
Cached:           341812 kB
MemTotal:        1844596 kB
MemFree:         1282040 kB
MemAvailable:    1524340 kB
Buffers:           30724 kB
Cached:           341812 kB
MemTotal:        1844596 kB
MemFree:         1281952 kB
MemAvailable:    1524252 kB
Buffers:           30724 kB
Cached:           341812 kB
MemTotal:        1844596 kB
MemFree:         1281852 kB
MemAvailable:    1524152 kB
Buffers:           30724 kB
Cached:           341812 kB
MemTotal:        1844596 kB
MemFree:         1280620 kB
MemAvailable:    1522920 kB
Buffers:           30724 kB
Cached:           341812 kB
MemTotal:        1844596 kB
MemFree:         1280620 kB
MemAvailable:    1522920 kB
Buffers:           30724 kB
Cached:           341812 kB
MemTotal:        1844596 kB
MemFree:         1280744 kB
MemAvailable:    1523044 kB
Buffers:           30724 kB
Cached:           341812 kB
MemTotal:        1844596 kB
MemFree:         1280992 kB
MemAvailable:    1523292 kB
Buffers:           30724 kB
Cached:           341812 kB
MemTotal:        1844596 kB
MemFree:         1281844 kB
MemAvailable:    1524144 kB
Buffers:           30724 kB
Cached:           341812 kB
MemTotal:        1844596 kB
MemFree:         1281928 kB
MemAvailable:    1524228 kB
Buffers:           30724 kB
Cached:           341812 kB
MemTotal:        1844596 kB
MemFree:         1281776 kB
MemAvailable:    1524076 kB
Buffers:           30724 kB
Cached:           341812 kB
MemTotal:        1844596 kB
MemFree:         1281776 kB
MemAvailable:    1524076 kB
Buffers:           30724 kB
Cached:           341812 kB
MemTotal:        1844596 kB
MemFree:         1281900 kB
MemAvailable:    1524200 kB
Buffers:           30724 kB
Cached:           341812 kB
MemTotal:        1844596 kB
MemFree:         1282040 kB
MemAvailable:    1524340 kB
Buffers:           30724 kB
Cached:           341812 kB
MemTotal:        1844596 kB
MemFree:         1281728 kB
MemAvailable:    1524028 kB
Buffers:           30724 kB
Cached:           341812 kB
MemTotal:        1844596 kB
MemFree:         1281984 kB
MemAvailable:    1524284 kB
Buffers:           30724 kB
Cached:           341812 kB
MemTotal:        1844596 kB
MemFree:         1280356 kB
MemAvailable:    1522656 kB
Buffers:           30724 kB
Cached:           341812 kB
MemTotal:        1844596 kB
MemFree:         1281788 kB
MemAvailable:    1524088 kB
Buffers:           30724 kB
Cached:           341812 kB
MemTotal:        1844596 kB
MemFree:         1281720 kB
MemAvailable:    1524020 kB
Buffers:           30724 kB
Cached:           341812 kB
MemTotal:        1844596 kB
MemFree:         1281888 kB
MemAvailable:    1524188 kB
Buffers:           30724 kB
Cached:           341812 kB
MemTotal:        1844596 kB
MemFree:         1281896 kB
MemAvailable:    1524196 kB
Buffers:           30724 kB
Cached:           341812 kB
MemTotal:        1844596 kB
MemFree:         1282108 kB
MemAvailable:    1524408 kB
Buffers:           30724 kB
Cached:           341812 kB
MemTotal:        1844596 kB
MemFree:         1281776 kB
MemAvailable:    1524076 kB
Buffers:           30724 kB
Cached:           341812 kB
MemTotal:        1844596 kB
MemFree:         1282112 kB
MemAvailable:    1524412 kB
Buffers:           30724 kB
Cached:           341812 kB
MemTotal:        1844596 kB
MemFree:         1281736 kB
MemAvailable:    1524036 kB
Buffers:           30724 kB
Cached:           341812 kB
MemTotal:        1844596 kB
MemFree:         1281916 kB
MemAvailable:    1524216 kB
Buffers:           30724 kB
Cached:           341812 kB
MemTotal:        1844596 kB
MemFree:         1281760 kB
MemAvailable:    1524060 kB
Buffers:           30724 kB
Cached:           341812 kB
MemTotal:        1844596 kB
MemFree:         1281844 kB
MemAvailable:    1524144 kB
Buffers:           30724 kB
Cached:           341812 kB
MemTotal:        1844596 kB
MemFree:         1281576 kB
MemAvailable:    1523876 kB
Buffers:           30724 kB
Cached:           341812 kB
MemTotal:        1844596 kB
MemFree:         1281728 kB
MemAvailable:    1524028 kB
Buffers:           30724 kB
Cached:           341812 kB
MemTotal:        1844596 kB
MemFree:         1280448 kB
MemAvailable:    1522748 kB
Buffers:           30724 kB
Cached:           341812 kB
MemTotal:        1844596 kB
MemFree:         1280372 kB
MemAvailable:    1522672 kB
Buffers:           30724 kB
Cached:           341812 kB
MemTotal:        1844596 kB
MemFree:         1281688 kB
MemAvailable:    1523988 kB
Buffers:           30724 kB
Cached:           341812 kB
MemTotal:        1844596 kB
MemFree:         1281772 kB
MemAvailable:    1524072 kB
Buffers:           30724 kB
Cached:           341812 kB
MemTotal:        1844596 kB
MemFree:         1281704 kB
MemAvailable:    1524004 kB
Buffers:           30724 kB
Cached:           341812 kB
MemTotal:        1844596 kB
MemFree:         1281928 kB
MemAvailable:    1524228 kB
Buffers:           30724 kB
Cached:           341812 kB
MemTotal:        1844596 kB
MemFree:         1281892 kB
MemAvailable:    1524192 kB
Buffers:           30724 kB
Cached:           341812 kB
MemTotal:        1844596 kB
MemFree:         1281876 kB
MemAvailable:    1524176 kB
Buffers:           30724 kB
Cached:           341812 kB
MemTotal:        1844596 kB
MemFree:         1281040 kB
MemAvailable:    1523340 kB
Buffers:           30724 kB
Cached:           341812 kB
MemTotal:        1844596 kB
MemFree:         1281772 kB
MemAvailable:    1524072 kB
Buffers:           30724 kB
Cached:           341812 kB
MemTotal:        1844596 kB
MemFree:         1281844 kB
MemAvailable:    1524144 kB
Buffers:           30724 kB
Cached:           341812 kB
MemTotal:        1844596 kB
MemFree:         1280496 kB
MemAvailable:    1522796 kB
Buffers:           30724 kB
Cached:           341812 kB
MemTotal:        1844596 kB
MemFree:         1280744 kB
MemAvailable:    1523044 kB
Buffers:           30724 kB
Cached:           341812 kB
MemTotal:        1844596 kB
MemFree:         1281796 kB
MemAvailable:    1524096 kB
Buffers:           30724 kB
Cached:           341812 kB
MemTotal:        1844596 kB
MemFree:         1281916 kB
MemAvailable:    1524216 kB
Buffers:           30724 kB
Cached:           341812 kB
MemTotal:        1844596 kB
MemFree:         1281040 kB
MemAvailable:    1523340 kB
Buffers:           30724 kB
Cached:           341812 kB
MemTotal:        1844596 kB
MemFree:         1281844 kB
MemAvailable:    1524156 kB
Buffers:           30724 kB
Cached:           341824 kB
MemTotal:        1844596 kB
MemFree:         1281784 kB
MemAvailable:    1524096 kB
Buffers:           30724 kB
Cached:           341824 kB
MemTotal:        1844596 kB
MemFree:         1281664 kB
MemAvailable:    1523976 kB
Buffers:           30724 kB
Cached:           341824 kB
MemTotal:        1844596 kB
MemFree:         1281604 kB
MemAvailable:    1523916 kB
Buffers:           30724 kB
Cached:           341824 kB
MemTotal:        1844596 kB
MemFree:         1281604 kB
MemAvailable:    1523916 kB
Buffers:           30724 kB
Cached:           341824 kB
MemTotal:        1844596 kB
MemFree:         1281536 kB
MemAvailable:    1523848 kB
Buffers:           30724 kB
Cached:           341824 kB
MemTotal:        1844596 kB
MemFree:         1281512 kB
MemAvailable:    1523824 kB
Buffers:           30724 kB
Cached:           341824 kB
MemTotal:        1844596 kB
MemFree:         1281392 kB
MemAvailable:    1523704 kB
Buffers:           30724 kB
Cached:           341824 kB
MemTotal:        1844596 kB
MemFree:         1281436 kB
MemAvailable:    1523748 kB
Buffers:           30724 kB
Cached:           341824 kB
MemTotal:        1844596 kB
MemFree:         1281244 kB
MemAvailable:    1523556 kB
Buffers:           30724 kB
Cached:           341824 kB
MemTotal:        1844596 kB
MemFree:         1281244 kB
MemAvailable:    1523556 kB
Buffers:           30724 kB
Cached:           341824 kB
MemTotal:        1844596 kB
MemFree:         1281236 kB
MemAvailable:    1523548 kB
Buffers:           30724 kB
Cached:           341824 kB
MemTotal:        1844596 kB
MemFree:         1281236 kB
MemAvailable:    1523548 kB
Buffers:           30724 kB
Cached:           341824 kB
MemTotal:        1844596 kB
MemFree:         1281108 kB
MemAvailable:    1523420 kB
Buffers:           30724 kB
Cached:           341824 kB
MemTotal:        1844596 kB
MemFree:         1281364 kB
MemAvailable:    1523676 kB
Buffers:           30724 kB
Cached:           341824 kB
MemTotal:        1844596 kB
MemFree:         1281168 kB
MemAvailable:    1523480 kB
Buffers:           30724 kB
Cached:           341824 kB
MemTotal:        1844596 kB
MemFree:         1280912 kB
MemAvailable:    1523224 kB
Buffers:           30724 kB
Cached:           341824 kB
MemTotal:        1844596 kB
MemFree:         1280948 kB
MemAvailable:    1523260 kB
Buffers:           30724 kB
Cached:           341824 kB
MemTotal:        1844596 kB
MemFree:         1280708 kB
MemAvailable:    1523020 kB
Buffers:           30724 kB
Cached:           341824 kB
MemTotal:        1844596 kB
MemFree:         1280964 kB
MemAvailable:    1523276 kB
Buffers:           30724 kB
Cached:           341824 kB
MemTotal:        1844596 kB
MemFree:         1280752 kB
MemAvailable:    1523064 kB
Buffers:           30724 kB
Cached:           341824 kB
MemTotal:        1844596 kB
MemFree:         1280896 kB
MemAvailable:    1523208 kB
Buffers:           30724 kB
Cached:           341824 kB
MemTotal:        1844596 kB
MemFree:         1280936 kB
MemAvailable:    1523248 kB
Buffers:           30724 kB
Cached:           341824 kB
MemTotal:        1844596 kB
MemFree:         1280804 kB
MemAvailable:    1523116 kB
Buffers:           30724 kB
Cached:           341824 kB
MemTotal:        1844596 kB
MemFree:         1280976 kB
MemAvailable:    1523288 kB
Buffers:           30724 kB
Cached:           341824 kB
MemTotal:        1844596 kB
MemFree:         1280928 kB
MemAvailable:    1523240 kB
Buffers:           30724 kB
Cached:           341824 kB
MemTotal:        1844596 kB
MemFree:         1280724 kB
MemAvailable:    1523036 kB
Buffers:           30724 kB
Cached:           341824 kB
MemTotal:        1844596 kB
MemFree:         1280976 kB
MemAvailable:    1523288 kB
Buffers:           30724 kB
Cached:           341824 kB
MemTotal:        1844596 kB
MemFree:         1280964 kB
MemAvailable:    1523276 kB
Buffers:           30724 kB
Cached:           341824 kB
MemTotal:        1844596 kB
MemFree:         1280412 kB
MemAvailable:    1522724 kB
Buffers:           30724 kB
Cached:           341824 kB
MemTotal:        1844596 kB
MemFree:         1279544 kB
MemAvailable:    1521856 kB
Buffers:           30724 kB
Cached:           341824 kB
MemTotal:        1844596 kB
MemFree:         1280720 kB
MemAvailable:    1523032 kB
Buffers:           30724 kB
Cached:           341824 kB
MemTotal:        1844596 kB
MemFree:         1280796 kB
MemAvailable:    1523108 kB
Buffers:           30724 kB
Cached:           341824 kB
MemTotal:        1844596 kB
MemFree:         1280604 kB
MemAvailable:    1522916 kB
Buffers:           30724 kB
Cached:           341824 kB
MemTotal:        1844596 kB
MemFree:         1278744 kB
MemAvailable:    1521056 kB
Buffers:           30724 kB
Cached:           341824 kB
MemTotal:        1844596 kB
MemFree:         1274344 kB
MemAvailable:    1516656 kB
Buffers:           30724 kB
Cached:           341824 kB
MemTotal:        1844596 kB
MemFree:         1273220 kB
MemAvailable:    1515532 kB
Buffers:           30724 kB
Cached:           341824 kB
MemTotal:        1844596 kB
MemFree:         1270244 kB
MemAvailable:    1512556 kB
Buffers:           30724 kB
Cached:           341824 kB
MemTotal:        1844596 kB
MemFree:         1270500 kB
MemAvailable:    1512812 kB
Buffers:           30724 kB
Cached:           341824 kB
MemTotal:        1844596 kB
MemFree:         1269756 kB
MemAvailable:    1512068 kB
Buffers:           30724 kB
Cached:           341824 kB
MemTotal:        1844596 kB
MemFree:         1268764 kB
MemAvailable:    1511076 kB
Buffers:           30724 kB
Cached:           341824 kB
MemTotal:        1844596 kB
MemFree:         1269928 kB
MemAvailable:    1512240 kB
Buffers:           30724 kB
Cached:           341824 kB
MemTotal:        1844596 kB
MemFree:         1268580 kB
MemAvailable:    1510892 kB
Buffers:           30724 kB
Cached:           341824 kB
MemTotal:        1844596 kB
MemFree:         1269812 kB
MemAvailable:    1512124 kB
Buffers:           30724 kB
Cached:           341824 kB
MemTotal:        1844596 kB
MemFree:         1268316 kB
MemAvailable:    1510628 kB
Buffers:           30724 kB
Cached:           341824 kB
MemTotal:        1844596 kB
MemFree:         1268192 kB
MemAvailable:    1510504 kB
Buffers:           30724 kB
Cached:           341824 kB
MemTotal:        1844596 kB
MemFree:         1268128 kB
MemAvailable:    1510440 kB
Buffers:           30724 kB
Cached:           341824 kB
MemTotal:        1844596 kB
MemFree:         1268464 kB
MemAvailable:    1510776 kB
Buffers:           30724 kB
Cached:           341824 kB
MemTotal:        1844596 kB
MemFree:         1267384 kB
MemAvailable:    1509696 kB
Buffers:           30724 kB
Cached:           341824 kB
MemTotal:        1844596 kB
MemFree:         1266656 kB
MemAvailable:    1508968 kB
Buffers:           30724 kB
Cached:           341824 kB
MemTotal:        1844596 kB
MemFree:         1266096 kB
MemAvailable:    1508408 kB
Buffers:           30724 kB
Cached:           341824 kB
MemTotal:        1844596 kB
MemFree:         1267248 kB
MemAvailable:    1509560 kB
Buffers:           30724 kB
Cached:           341824 kB
MemTotal:        1844596 kB
MemFree:         1267416 kB
MemAvailable:    1509728 kB
Buffers:           30724 kB
Cached:           341824 kB
MemTotal:        1844596 kB
MemFree:         1267336 kB
MemAvailable:    1509648 kB
Buffers:           30724 kB
Cached:           341824 kB
MemTotal:        1844596 kB
MemFree:         1266656 kB
MemAvailable:    1508968 kB
Buffers:           30724 kB
Cached:           341824 kB
MemTotal:        1844596 kB
MemFree:         1267448 kB
MemAvailable:    1509760 kB
Buffers:           30724 kB
Cached:           341824 kB
MemTotal:        1844596 kB
MemFree:         1267212 kB
MemAvailable:    1509524 kB
Buffers:           30724 kB
Cached:           341824 kB
MemTotal:        1844596 kB
MemFree:         1267464 kB
MemAvailable:    1509776 kB
Buffers:           30724 kB
Cached:           341824 kB
MemTotal:        1844596 kB
MemFree:         1267248 kB
MemAvailable:    1509560 kB
Buffers:           30724 kB
Cached:           341824 kB
MemTotal:        1844596 kB
MemFree:         1267332 kB
MemAvailable:    1509644 kB
Buffers:           30724 kB
Cached:           341824 kB
MemTotal:        1844596 kB
MemFree:         1267556 kB
MemAvailable:    1509868 kB
Buffers:           30724 kB
Cached:           341824 kB
MemTotal:        1844596 kB
MemFree:         1266656 kB
MemAvailable:    1508968 kB
Buffers:           30724 kB
Cached:           341824 kB
MemTotal:        1844596 kB
MemFree:         1267708 kB
MemAvailable:    1510024 kB
Buffers:           30724 kB
Cached:           341828 kB
MemTotal:        1844596 kB
MemFree:         1267452 kB
MemAvailable:    1509768 kB
Buffers:           30724 kB
Cached:           341828 kB
MemTotal:        1844596 kB
MemFree:         1266144 kB
MemAvailable:    1508460 kB
Buffers:           30724 kB
Cached:           341828 kB
MemTotal:        1844596 kB
MemFree:         1267152 kB
MemAvailable:    1509468 kB
Buffers:           30724 kB
Cached:           341828 kB
MemTotal:        1844596 kB
MemFree:         1266468 kB
MemAvailable:    1508784 kB
Buffers:           30724 kB
Cached:           341828 kB
MemTotal:        1844596 kB
MemFree:         1264920 kB
MemAvailable:    1507236 kB
Buffers:           30724 kB
Cached:           341828 kB
MemTotal:        1844596 kB
MemFree:         1265904 kB
MemAvailable:    1508220 kB
Buffers:           30724 kB
Cached:           341828 kB
MemTotal:        1844596 kB
MemFree:         1265416 kB
MemAvailable:    1507732 kB
Buffers:           30724 kB
Cached:           341828 kB
MemTotal:        1844596 kB
MemFree:         1265344 kB
MemAvailable:    1507660 kB
Buffers:           30724 kB
Cached:           341828 kB
MemTotal:        1844596 kB
MemFree:         1264672 kB
MemAvailable:    1506988 kB
Buffers:           30724 kB
Cached:           341828 kB
MemTotal:        1844596 kB
MemFree:         1265092 kB
MemAvailable:    1507408 kB
Buffers:           30724 kB
Cached:           341828 kB
MemTotal:        1844596 kB
MemFree:         1264796 kB
MemAvailable:    1507112 kB
Buffers:           30724 kB
Cached:           341828 kB
MemTotal:        1844596 kB
MemFree:         1264400 kB
MemAvailable:    1506716 kB
Buffers:           30724 kB
Cached:           341828 kB
MemTotal:        1844596 kB
MemFree:         1264400 kB
MemAvailable:    1506716 kB
Buffers:           30724 kB
Cached:           341828 kB
MemTotal:        1844596 kB
MemFree:         1263236 kB
MemAvailable:    1505552 kB
Buffers:           30724 kB
Cached:           341828 kB
MemTotal:        1844596 kB
MemFree:         1262864 kB
MemAvailable:    1505180 kB
Buffers:           30724 kB
Cached:           341828 kB
MemTotal:        1844596 kB
MemFree:         1262864 kB
MemAvailable:    1505180 kB
Buffers:           30724 kB
Cached:           341828 kB
MemTotal:        1844596 kB
MemFree:         1262424 kB
MemAvailable:    1504740 kB
Buffers:           30724 kB
Cached:           341828 kB
MemTotal:        1844596 kB
MemFree:         1262760 kB
MemAvailable:    1505076 kB
Buffers:           30724 kB
Cached:           341828 kB
MemTotal:        1844596 kB
MemFree:         1261432 kB
MemAvailable:    1503752 kB
Buffers:           30724 kB
Cached:           341832 kB
MemTotal:        1844596 kB
MemFree:         1261564 kB
MemAvailable:    1503884 kB
Buffers:           30724 kB
Cached:           341832 kB
MemTotal:        1844596 kB
MemFree:         1262500 kB
MemAvailable:    1504824 kB
Buffers:           30724 kB
Cached:           341836 kB
MemTotal:        1844596 kB
MemFree:         1262368 kB
MemAvailable:    1504692 kB
Buffers:           30724 kB
Cached:           341836 kB
MemTotal:        1844596 kB
MemFree:         1261996 kB
MemAvailable:    1504320 kB
Buffers:           30724 kB
Cached:           341836 kB
MemTotal:        1844596 kB
MemFree:         1262248 kB
MemAvailable:    1504572 kB
Buffers:           30724 kB
Cached:           341836 kB
MemTotal:        1844596 kB
MemFree:         1260760 kB
MemAvailable:    1503084 kB
Buffers:           30724 kB
Cached:           341836 kB
MemTotal:        1844596 kB
MemFree:         1262480 kB
MemAvailable:    1504804 kB
Buffers:           30724 kB
Cached:           341836 kB
MemTotal:        1844596 kB
MemFree:         1261004 kB
MemAvailable:    1503328 kB
Buffers:           30724 kB
Cached:           341836 kB
MemTotal:        1844596 kB
MemFree:         1261164 kB
MemAvailable:    1503488 kB
Buffers:           30724 kB
Cached:           341836 kB
MemTotal:        1844596 kB
MemFree:         1260900 kB
MemAvailable:    1503224 kB
Buffers:           30724 kB
Cached:           341836 kB
MemTotal:        1844596 kB
MemFree:         1261192 kB
MemAvailable:    1503516 kB
Buffers:           30724 kB
Cached:           341836 kB
MemTotal:        1844596 kB
MemFree:         1262376 kB
MemAvailable:    1504700 kB
Buffers:           30724 kB
Cached:           341836 kB
MemTotal:        1844596 kB
MemFree:         1261920 kB
MemAvailable:    1504244 kB
Buffers:           30724 kB
Cached:           341836 kB
MemTotal:        1844596 kB
MemFree:         1261920 kB
MemAvailable:    1504244 kB
Buffers:           30724 kB
Cached:           341836 kB
MemTotal:        1844596 kB
MemFree:         1260640 kB
MemAvailable:    1502964 kB
Buffers:           30724 kB
Cached:           341836 kB
MemTotal:        1844596 kB
MemFree:         1261948 kB
MemAvailable:    1504272 kB
Buffers:           30724 kB
Cached:           341836 kB
MemTotal:        1844596 kB
MemFree:         1261880 kB
MemAvailable:    1504204 kB
Buffers:           30724 kB
Cached:           341836 kB
MemTotal:        1844596 kB
MemFree:         1262132 kB
MemAvailable:    1504456 kB
Buffers:           30724 kB
Cached:           341836 kB
MemTotal:        1844596 kB
MemFree:         1262020 kB
MemAvailable:    1504344 kB
Buffers:           30724 kB
Cached:           341836 kB
MemTotal:        1844596 kB
MemFree:         1262016 kB
MemAvailable:    1504340 kB
Buffers:           30724 kB
Cached:           341836 kB
MemTotal:        1844596 kB
MemFree:         1261988 kB
MemAvailable:    1504312 kB
Buffers:           30724 kB
Cached:           341836 kB
MemTotal:        1844596 kB
MemFree:         1261448 kB
MemAvailable:    1503772 kB
Buffers:           30724 kB
Cached:           341836 kB
MemTotal:        1844596 kB
MemFree:         1262116 kB
MemAvailable:    1504440 kB
Buffers:           30724 kB
Cached:           341836 kB
MemTotal:        1844596 kB
MemFree:         1262008 kB
MemAvailable:    1504332 kB
Buffers:           30724 kB
Cached:           341836 kB
MemTotal:        1844596 kB
MemFree:         1262160 kB
MemAvailable:    1504484 kB
Buffers:           30724 kB
Cached:           341836 kB
MemTotal:        1844596 kB
MemFree:         1262004 kB
MemAvailable:    1504328 kB
Buffers:           30724 kB
Cached:           341836 kB
MemTotal:        1844596 kB
MemFree:         1261804 kB
MemAvailable:    1504128 kB
Buffers:           30724 kB
Cached:           341836 kB
MemTotal:        1844596 kB
MemFree:         1261640 kB
MemAvailable:    1503964 kB
Buffers:           30724 kB
Cached:           341836 kB
MemTotal:        1844596 kB
MemFree:         1261012 kB
MemAvailable:    1503336 kB
Buffers:           30724 kB
Cached:           341836 kB
MemTotal:        1844596 kB
MemFree:         1259712 kB
MemAvailable:    1502036 kB
Buffers:           30724 kB
Cached:           341836 kB
MemTotal:        1844596 kB
MemFree:         1260888 kB
MemAvailable:    1503212 kB
Buffers:           30724 kB
Cached:           341836 kB
MemTotal:        1844596 kB
MemFree:         1259588 kB
MemAvailable:    1501912 kB
Buffers:           30724 kB
Cached:           341836 kB
MemTotal:        1844596 kB
MemFree:         1260444 kB
MemAvailable:    1502768 kB
Buffers:           30724 kB
Cached:           341836 kB
MemTotal:        1844596 kB
MemFree:         1258340 kB
MemAvailable:    1500664 kB
Buffers:           30724 kB
Cached:           341836 kB
MemTotal:        1844596 kB
MemFree:         1258224 kB
MemAvailable:    1500548 kB
Buffers:           30724 kB
Cached:           341836 kB
MemTotal:        1844596 kB
MemFree:         1256176 kB
MemAvailable:    1498500 kB
Buffers:           30724 kB
Cached:           341836 kB
MemTotal:        1844596 kB
MemFree:         1252828 kB
MemAvailable:    1495152 kB
Buffers:           30724 kB
Cached:           341836 kB
MemTotal:        1844596 kB
MemFree:         1251216 kB
MemAvailable:    1493540 kB
Buffers:           30724 kB
Cached:           341836 kB
MemTotal:        1844596 kB
MemFree:         1247188 kB
MemAvailable:    1489512 kB
Buffers:           30724 kB
Cached:           341836 kB
MemTotal:        1844596 kB
MemFree:         1244956 kB
MemAvailable:    1487280 kB
Buffers:           30724 kB
Cached:           341836 kB
MemTotal:        1844596 kB
MemFree:         1243584 kB
MemAvailable:    1485908 kB
Buffers:           30724 kB
Cached:           341836 kB
MemTotal:        1844596 kB
MemFree:         1242476 kB
MemAvailable:    1484800 kB
Buffers:           30724 kB
Cached:           341836 kB
MemTotal:        1844596 kB
MemFree:         1243156 kB
MemAvailable:    1485480 kB
Buffers:           30724 kB
Cached:           341836 kB
MemTotal:        1844596 kB
MemFree:         1243324 kB
MemAvailable:    1485648 kB
Buffers:           30724 kB
Cached:           341836 kB
MemTotal:        1844596 kB
MemFree:         1243340 kB
MemAvailable:    1485664 kB
Buffers:           30724 kB
Cached:           341836 kB
MemTotal:        1844596 kB
MemFree:         1242600 kB
MemAvailable:    1484924 kB
Buffers:           30724 kB
Cached:           341836 kB
MemTotal:        1844596 kB
MemFree:         1243344 kB
MemAvailable:    1485668 kB
Buffers:           30724 kB
Cached:           341836 kB
MemTotal:        1844596 kB
MemFree:         1243272 kB
MemAvailable:    1485596 kB
Buffers:           30724 kB
Cached:           341836 kB
MemTotal:        1844596 kB
MemFree:         1243264 kB
MemAvailable:    1485588 kB
Buffers:           30724 kB
Cached:           341836 kB
MemTotal:        1844596 kB
MemFree:         1243080 kB
MemAvailable:    1485404 kB
Buffers:           30724 kB
Cached:           341836 kB
MemTotal:        1844596 kB
MemFree:         1242972 kB
MemAvailable:    1485296 kB
Buffers:           30724 kB
Cached:           341836 kB
MemTotal:        1844596 kB
MemFree:         1242952 kB
MemAvailable:    1485276 kB
Buffers:           30724 kB
Cached:           341836 kB
MemTotal:        1844596 kB
MemFree:         1243204 kB
MemAvailable:    1485528 kB
Buffers:           30724 kB
Cached:           341836 kB
MemTotal:        1844596 kB
MemFree:         1242528 kB
MemAvailable:    1484852 kB
Buffers:           30724 kB
Cached:           341836 kB
MemTotal:        1844596 kB
MemFree:         1241096 kB
MemAvailable:    1483420 kB
Buffers:           30724 kB
Cached:           341836 kB
MemTotal:        1844596 kB
MemFree:         1241088 kB
MemAvailable:    1483412 kB
Buffers:           30724 kB
Cached:           341836 kB
MemTotal:        1844596 kB
MemFree:         1242396 kB
MemAvailable:    1484720 kB
Buffers:           30724 kB
Cached:           341836 kB
MemTotal:        1844596 kB
MemFree:         1242196 kB
MemAvailable:    1484520 kB
Buffers:           30724 kB
Cached:           341836 kB
MemTotal:        1844596 kB
MemFree:         1242448 kB
MemAvailable:    1484772 kB
Buffers:           30724 kB
Cached:           341836 kB
MemTotal:        1844596 kB
MemFree:         1242292 kB
MemAvailable:    1484616 kB
Buffers:           30724 kB
Cached:           341836 kB
MemTotal:        1844596 kB
MemFree:         1242460 kB
MemAvailable:    1484784 kB
Buffers:           30724 kB
Cached:           341836 kB
MemTotal:        1844596 kB
MemFree:         1242180 kB
MemAvailable:    1484504 kB
Buffers:           30724 kB
Cached:           341836 kB
MemTotal:        1844596 kB
MemFree:         1240932 kB
MemAvailable:    1483256 kB
Buffers:           30724 kB
Cached:           341836 kB
MemTotal:        1844596 kB
MemFree:         1242352 kB
MemAvailable:    1484676 kB
Buffers:           30724 kB
Cached:           341836 kB
MemTotal:        1844596 kB
MemFree:         1242208 kB
MemAvailable:    1484532 kB
Buffers:           30724 kB
Cached:           341836 kB
MemTotal:        1844596 kB
MemFree:         1242208 kB
MemAvailable:    1484532 kB
Buffers:           30724 kB
Cached:           341836 kB
MemTotal:        1844596 kB
MemFree:         1240980 kB
MemAvailable:    1483304 kB
Buffers:           30724 kB
Cached:           341836 kB
MemTotal:        1844596 kB
MemFree:         1240980 kB
MemAvailable:    1483304 kB
Buffers:           30724 kB
Cached:           341836 kB
MemTotal:        1844596 kB
MemFree:         1242372 kB
MemAvailable:    1484696 kB
Buffers:           30724 kB
Cached:           341836 kB
MemTotal:        1844596 kB
MemFree:         1241476 kB
MemAvailable:    1483800 kB
Buffers:           30724 kB
Cached:           341836 kB
MemTotal:        1844596 kB
MemFree:         1242068 kB
MemAvailable:    1484392 kB
Buffers:           30724 kB
Cached:           341836 kB
MemTotal:        1844596 kB
MemFree:         1242404 kB
MemAvailable:    1484728 kB
Buffers:           30724 kB
Cached:           341836 kB
MemTotal:        1844596 kB
MemFree:         1241044 kB
MemAvailable:    1483368 kB
Buffers:           30724 kB
Cached:           341836 kB
MemTotal:        1844596 kB
MemFree:         1242204 kB
MemAvailable:    1484528 kB
Buffers:           30724 kB
Cached:           341836 kB
MemTotal:        1844596 kB
MemFree:         1242132 kB
MemAvailable:    1484456 kB
Buffers:           30724 kB
Cached:           341836 kB
MemTotal:        1844596 kB
MemFree:         1242148 kB
MemAvailable:    1484472 kB
Buffers:           30724 kB
Cached:           341836 kB
MemTotal:        1844596 kB
MemFree:         1242484 kB
MemAvailable:    1484808 kB
Buffers:           30724 kB
Cached:           341836 kB
MemTotal:        1844596 kB
MemFree:         1241244 kB
MemAvailable:    1483568 kB
Buffers:           30724 kB
Cached:           341836 kB
MemTotal:        1844596 kB
MemFree:         1241236 kB
MemAvailable:    1483564 kB
Buffers:           30724 kB
Cached:           341840 kB
MemTotal:        1844596 kB
MemFree:         1241228 kB
MemAvailable:    1483556 kB
Buffers:           30724 kB
Cached:           341840 kB
MemTotal:        1844596 kB
MemFree:         1242212 kB
MemAvailable:    1484544 kB
Buffers:           30724 kB
Cached:           341844 kB
MemTotal:        1844596 kB
MemFree:         1242464 kB
MemAvailable:    1484796 kB
Buffers:           30724 kB
Cached:           341844 kB
MemTotal:        1844596 kB
MemFree:         1239484 kB
MemAvailable:    1481816 kB
Buffers:           30724 kB
Cached:           341844 kB
MemTotal:        1844596 kB
MemFree:         1238880 kB
MemAvailable:    1481212 kB
Buffers:           30724 kB
Cached:           341844 kB
MemTotal:        1844596 kB
MemFree:         1234656 kB
MemAvailable:    1476988 kB
Buffers:           30724 kB
Cached:           341844 kB
MemTotal:        1844596 kB
MemFree:         1234788 kB
MemAvailable:    1477120 kB
Buffers:           30724 kB
Cached:           341844 kB
MemTotal:        1844596 kB
MemFree:         1229564 kB
MemAvailable:    1471896 kB
Buffers:           30724 kB
Cached:           341844 kB
MemTotal:        1844596 kB
MemFree:         1229564 kB
MemAvailable:    1471896 kB
Buffers:           30724 kB
Cached:           341844 kB
MemTotal:        1844596 kB
MemFree:         1224124 kB
MemAvailable:    1466456 kB
Buffers:           30724 kB
Cached:           341844 kB
MemTotal:        1844596 kB
MemFree:         1224744 kB
MemAvailable:    1467076 kB
Buffers:           30724 kB
Cached:           341844 kB
MemTotal:        1844596 kB
MemFree:         1223496 kB
MemAvailable:    1465828 kB
Buffers:           30724 kB
Cached:           341844 kB
MemTotal:        1844596 kB
MemFree:         1224344 kB
MemAvailable:    1466676 kB
Buffers:           30724 kB
Cached:           341844 kB
MemTotal:        1844596 kB
MemFree:         1224600 kB
MemAvailable:    1466932 kB
Buffers:           30724 kB
Cached:           341844 kB
MemTotal:        1844596 kB
MemFree:         1223356 kB
MemAvailable:    1465688 kB
Buffers:           30724 kB
Cached:           341844 kB
MemTotal:        1844596 kB
MemFree:         1223076 kB
MemAvailable:    1465408 kB
Buffers:           30724 kB
Cached:           341844 kB
MemTotal:        1844596 kB
MemFree:         1224508 kB
MemAvailable:    1466840 kB
Buffers:           30724 kB
Cached:           341844 kB
MemTotal:        1844596 kB
MemFree:         1224480 kB
MemAvailable:    1466812 kB
Buffers:           30724 kB
Cached:           341844 kB
MemTotal:        1844596 kB
MemFree:         1224372 kB
MemAvailable:    1466704 kB
Buffers:           30724 kB
Cached:           341844 kB
MemTotal:        1844596 kB
MemFree:         1223068 kB
MemAvailable:    1465400 kB
Buffers:           30724 kB
Cached:           341844 kB
MemTotal:        1844596 kB
MemFree:         1223324 kB
MemAvailable:    1465656 kB
Buffers:           30724 kB
Cached:           341844 kB
MemTotal:        1844596 kB
MemFree:         1224108 kB
MemAvailable:    1466440 kB
Buffers:           30724 kB
Cached:           341844 kB
MemTotal:        1844596 kB
MemFree:         1224108 kB
MemAvailable:    1466440 kB
Buffers:           30724 kB
Cached:           341844 kB
MemTotal:        1844596 kB
MemFree:         1224172 kB
MemAvailable:    1466504 kB
Buffers:           30724 kB
Cached:           341844 kB
MemTotal:        1844596 kB
MemFree:         1222824 kB
MemAvailable:    1465156 kB
Buffers:           30724 kB
Cached:           341844 kB
MemTotal:        1844596 kB
MemFree:         1222860 kB
MemAvailable:    1465192 kB
Buffers:           30724 kB
Cached:           341844 kB
MemTotal:        1844596 kB
MemFree:         1224012 kB
MemAvailable:    1466344 kB
Buffers:           30724 kB
Cached:           341844 kB
MemTotal:        1844596 kB
MemFree:         1222704 kB
MemAvailable:    1465036 kB
Buffers:           30724 kB
Cached:           341844 kB
MemTotal:        1844596 kB
MemFree:         1224112 kB
MemAvailable:    1466444 kB
Buffers:           30724 kB
Cached:           341844 kB
MemTotal:        1844596 kB
MemFree:         1223860 kB
MemAvailable:    1466192 kB
Buffers:           30724 kB
Cached:           341844 kB
MemTotal:        1844596 kB
MemFree:         1224000 kB
MemAvailable:    1466332 kB
Buffers:           30724 kB
Cached:           341844 kB
MemTotal:        1844596 kB
MemFree:         1223812 kB
MemAvailable:    1466144 kB
Buffers:           30724 kB
Cached:           341844 kB
MemTotal:        1844596 kB
MemFree:         1224068 kB
MemAvailable:    1466400 kB
Buffers:           30724 kB
Cached:           341844 kB
MemTotal:        1844596 kB
MemFree:         1224124 kB
MemAvailable:    1466456 kB
Buffers:           30724 kB
Cached:           341844 kB
MemTotal:        1844596 kB
MemFree:         1223256 kB
MemAvailable:    1465588 kB
Buffers:           30724 kB
Cached:           341844 kB
MemTotal:        1844596 kB
MemFree:         1223932 kB
MemAvailable:    1466264 kB
Buffers:           30724 kB
Cached:           341844 kB
MemTotal:        1844596 kB
MemFree:         1224132 kB
MemAvailable:    1466464 kB
Buffers:           30724 kB
Cached:           341844 kB
MemTotal:        1844596 kB
MemFree:         1222556 kB
MemAvailable:    1464888 kB
Buffers:           30724 kB
Cached:           341844 kB
MemTotal:        1844596 kB
MemFree:         1223996 kB
MemAvailable:    1466328 kB
Buffers:           30724 kB
Cached:           341844 kB
MemTotal:        1844596 kB
MemFree:         1223992 kB
MemAvailable:    1466324 kB
Buffers:           30724 kB
Cached:           341844 kB
MemTotal:        1844596 kB
MemFree:         1224244 kB
MemAvailable:    1466576 kB
Buffers:           30724 kB
Cached:           341844 kB
MemTotal:        1844596 kB
MemFree:         1222704 kB
MemAvailable:    1465036 kB
Buffers:           30724 kB
Cached:           341844 kB
MemTotal:        1844596 kB
MemFree:         1224040 kB
MemAvailable:    1466372 kB
Buffers:           30724 kB
Cached:           341844 kB
MemTotal:        1844596 kB
MemFree:         1222864 kB
MemAvailable:    1465196 kB
Buffers:           30724 kB
Cached:           341844 kB
MemTotal:        1844596 kB
MemFree:         1224124 kB
MemAvailable:    1466456 kB
Buffers:           30724 kB
Cached:           341844 kB
MemTotal:        1844596 kB
MemFree:         1222720 kB
MemAvailable:    1465052 kB
Buffers:           30724 kB
Cached:           341844 kB
MemTotal:        1844596 kB
MemFree:         1223248 kB
MemAvailable:    1465580 kB
Buffers:           30724 kB
Cached:           341844 kB
MemTotal:        1844596 kB
MemFree:         1221752 kB
MemAvailable:    1464088 kB
Buffers:           30724 kB
Cached:           341848 kB
MemTotal:        1844596 kB
MemFree:         1221220 kB
MemAvailable:    1463556 kB
Buffers:           30724 kB
Cached:           341848 kB
MemTotal:        1844596 kB
MemFree:         1216792 kB
MemAvailable:    1459128 kB
Buffers:           30724 kB
Cached:           341848 kB
MemTotal:        1844596 kB
MemFree:         1216684 kB
MemAvailable:    1459020 kB
Buffers:           30724 kB
Cached:           341848 kB
MemTotal:        1844596 kB
MemFree:         1213088 kB
MemAvailable:    1455424 kB
Buffers:           30724 kB
Cached:           341848 kB
MemTotal:        1844596 kB
MemFree:         1208376 kB
MemAvailable:    1450712 kB
Buffers:           30724 kB
Cached:           341848 kB
MemTotal:        1844596 kB
MemFree:         1206764 kB
MemAvailable:    1449100 kB
Buffers:           30724 kB
Cached:           341848 kB
MemTotal:        1844596 kB
MemFree:         1206888 kB
MemAvailable:    1449224 kB
Buffers:           30724 kB
Cached:           341848 kB
MemTotal:        1844596 kB
MemFree:         1206700 kB
MemAvailable:    1449036 kB
Buffers:           30724 kB
Cached:           341848 kB
MemTotal:        1844596 kB
MemFree:         1206624 kB
MemAvailable:    1448960 kB
Buffers:           30724 kB
Cached:           341848 kB
MemTotal:        1844596 kB
MemFree:         1206020 kB
MemAvailable:    1448356 kB
Buffers:           30724 kB
Cached:           341848 kB
MemTotal:        1844596 kB
MemFree:         1205256 kB
MemAvailable:    1447592 kB
Buffers:           30724 kB
Cached:           341848 kB
MemTotal:        1844596 kB
MemFree:         1205256 kB
MemAvailable:    1447592 kB
Buffers:           30724 kB
Cached:           341848 kB
MemTotal:        1844596 kB
MemFree:         1205380 kB
MemAvailable:    1447716 kB
Buffers:           30724 kB
Cached:           341848 kB
MemTotal:        1844596 kB
MemFree:         1206556 kB
MemAvailable:    1448892 kB
Buffers:           30724 kB
Cached:           341848 kB
MemTotal:        1844596 kB
MemFree:         1205380 kB
MemAvailable:    1447716 kB
Buffers:           30724 kB
Cached:           341848 kB
MemTotal:        1844596 kB
MemFree:         1205116 kB
MemAvailable:    1447452 kB
Buffers:           30724 kB
Cached:           341848 kB
MemTotal:        1844596 kB
MemFree:         1205496 kB
MemAvailable:    1447832 kB
Buffers:           30724 kB
Cached:           341848 kB
MemTotal:        1844596 kB
MemFree:         1206440 kB
MemAvailable:    1448776 kB
Buffers:           30724 kB
Cached:           341848 kB
MemTotal:        1844596 kB
MemFree:         1206440 kB
MemAvailable:    1448776 kB
Buffers:           30724 kB
Cached:           341848 kB
MemTotal:        1844596 kB
MemFree:         1206528 kB
MemAvailable:    1448864 kB
Buffers:           30724 kB
Cached:           341848 kB
MemTotal:        1844596 kB
MemFree:         1205264 kB
MemAvailable:    1447600 kB
Buffers:           30724 kB
Cached:           341848 kB
MemTotal:        1844596 kB
MemFree:         1206324 kB
MemAvailable:    1448660 kB
Buffers:           30724 kB
Cached:           341848 kB
MemTotal:        1844596 kB
MemFree:         1206324 kB
MemAvailable:    1448660 kB
Buffers:           30724 kB
Cached:           341848 kB
MemTotal:        1844596 kB
MemFree:         1206364 kB
MemAvailable:    1448700 kB
Buffers:           30724 kB
Cached:           341848 kB
MemTotal:        1844596 kB
MemFree:         1206448 kB
MemAvailable:    1448784 kB
Buffers:           30724 kB
Cached:           341848 kB
MemTotal:        1844596 kB
MemFree:         1205004 kB
MemAvailable:    1447340 kB
Buffers:           30724 kB
Cached:           341848 kB
MemTotal:        1844596 kB
MemFree:         1205700 kB
MemAvailable:    1448036 kB
Buffers:           30724 kB
Cached:           341848 kB
MemTotal:        1844596 kB
MemFree:         1204656 kB
MemAvailable:    1446992 kB
Buffers:           30724 kB
Cached:           341848 kB
MemTotal:        1844596 kB
MemFree:         1205512 kB
MemAvailable:    1447848 kB
Buffers:           30724 kB
Cached:           341848 kB
MemTotal:        1844596 kB
MemFree:         1205524 kB
MemAvailable:    1447860 kB
Buffers:           30724 kB
Cached:           341848 kB
MemTotal:        1844596 kB
MemFree:         1204104 kB
MemAvailable:    1446448 kB
Buffers:           30724 kB
Cached:           341856 kB
MemTotal:        1844596 kB
MemFree:         1205332 kB
MemAvailable:    1447676 kB
Buffers:           30724 kB
Cached:           341856 kB
MemTotal:        1844596 kB
MemFree:         1205584 kB
MemAvailable:    1447928 kB
Buffers:           30724 kB
Cached:           341856 kB
MemTotal:        1844596 kB
MemFree:         1205088 kB
MemAvailable:    1447432 kB
Buffers:           30724 kB
Cached:           341856 kB
MemTotal:        1844596 kB
MemFree:         1203416 kB
MemAvailable:    1445760 kB
Buffers:           30724 kB
Cached:           341856 kB
MemTotal:        1844596 kB
MemFree:         1201680 kB
MemAvailable:    1444024 kB
Buffers:           30724 kB
Cached:           341856 kB
MemTotal:        1844596 kB
MemFree:         1199012 kB
MemAvailable:    1441356 kB
Buffers:           30724 kB
Cached:           341856 kB
MemTotal:        1844596 kB
MemFree:         1196472 kB
MemAvailable:    1438816 kB
Buffers:           30724 kB
Cached:           341856 kB
MemTotal:        1844596 kB
MemFree:         1194424 kB
MemAvailable:    1436768 kB
Buffers:           30724 kB
Cached:           341856 kB
MemTotal:        1844596 kB
MemFree:         1189884 kB
MemAvailable:    1432228 kB
Buffers:           30724 kB
Cached:           341856 kB
MemTotal:        1844596 kB
MemFree:         1189776 kB
MemAvailable:    1432120 kB
Buffers:           30724 kB
Cached:           341856 kB
MemTotal:        1844596 kB
MemFree:         1186364 kB
MemAvailable:    1428708 kB
Buffers:           30724 kB
Cached:           341856 kB
MemTotal:        1844596 kB
MemFree:         1183824 kB
MemAvailable:    1426168 kB
Buffers:           30724 kB
Cached:           341856 kB
MemTotal:        1844596 kB
MemFree:         1181824 kB
MemAvailable:    1424168 kB
Buffers:           30724 kB
Cached:           341856 kB
MemTotal:        1844596 kB
MemFree:         1181908 kB
MemAvailable:    1424252 kB
Buffers:           30724 kB
Cached:           341856 kB
MemTotal:        1844596 kB
MemFree:         1179112 kB
MemAvailable:    1421456 kB
Buffers:           30724 kB
Cached:           341856 kB
MemTotal:        1844596 kB
MemFree:         1176756 kB
MemAvailable:    1419100 kB
Buffers:           30724 kB
Cached:           341856 kB
MemTotal:        1844596 kB
MemFree:         1174956 kB
MemAvailable:    1417300 kB
Buffers:           30724 kB
Cached:           341856 kB
MemTotal:        1844596 kB
MemFree:         1173656 kB
MemAvailable:    1416000 kB
Buffers:           30724 kB
Cached:           341856 kB
MemTotal:        1844596 kB
MemFree:         1174780 kB
MemAvailable:    1417124 kB
Buffers:           30724 kB
Cached:           341856 kB
MemTotal:        1844596 kB
MemFree:         1173596 kB
MemAvailable:    1415940 kB
Buffers:           30724 kB
Cached:           341856 kB
MemTotal:        1844596 kB
MemFree:         1174648 kB
MemAvailable:    1416992 kB
Buffers:           30724 kB
Cached:           341856 kB
MemTotal:        1844596 kB
MemFree:         1174020 kB
MemAvailable:    1416364 kB
Buffers:           30724 kB
Cached:           341856 kB
MemTotal:        1844596 kB
MemFree:         1174580 kB
MemAvailable:    1416924 kB
Buffers:           30724 kB
Cached:           341856 kB
MemTotal:        1844596 kB
MemFree:         1174392 kB
MemAvailable:    1416736 kB
Buffers:           30724 kB
Cached:           341856 kB
MemTotal:        1844596 kB
MemFree:         1174948 kB
MemAvailable:    1417296 kB
Buffers:           30724 kB
Cached:           341860 kB
MemTotal:        1844596 kB
MemFree:         1174840 kB
MemAvailable:    1417188 kB
Buffers:           30724 kB
Cached:           341860 kB
MemTotal:        1844596 kB
MemFree:         1173772 kB
MemAvailable:    1416120 kB
Buffers:           30724 kB
Cached:           341860 kB
MemTotal:        1844596 kB
MemFree:         1174268 kB
MemAvailable:    1416616 kB
Buffers:           30724 kB
Cached:           341860 kB
MemTotal:        1844596 kB
MemFree:         1174144 kB
MemAvailable:    1416492 kB
Buffers:           30724 kB
Cached:           341860 kB
MemTotal:        1844596 kB
MemFree:         1173392 kB
MemAvailable:    1415740 kB
Buffers:           30724 kB
Cached:           341860 kB
MemTotal:        1844596 kB
MemFree:         1173392 kB
MemAvailable:    1415740 kB
Buffers:           30724 kB
Cached:           341860 kB
MemTotal:        1844596 kB
MemFree:         1172240 kB
MemAvailable:    1414588 kB
Buffers:           30724 kB
Cached:           341860 kB
MemTotal:        1844596 kB
MemFree:         1172108 kB
MemAvailable:    1414456 kB
Buffers:           30724 kB
Cached:           341860 kB
MemTotal:        1844596 kB
MemFree:         1172356 kB
MemAvailable:    1414704 kB
Buffers:           30724 kB
Cached:           341860 kB
MemTotal:        1844596 kB
MemFree:         1173160 kB
MemAvailable:    1415508 kB
Buffers:           30724 kB
Cached:           341860 kB
MemTotal:        1844596 kB
MemFree:         1171872 kB
MemAvailable:    1414220 kB
Buffers:           30724 kB
Cached:           341860 kB
MemTotal:        1844596 kB
MemFree:         1173096 kB
MemAvailable:    1415444 kB
Buffers:           30724 kB
Cached:           341860 kB
MemTotal:        1844596 kB
MemFree:         1171988 kB
MemAvailable:    1414336 kB
Buffers:           30724 kB
Cached:           341860 kB
MemTotal:        1844596 kB
MemFree:         1172788 kB
MemAvailable:    1415136 kB
Buffers:           30724 kB
Cached:           341860 kB
MemTotal:        1844596 kB
MemFree:         1172152 kB
MemAvailable:    1414500 kB
Buffers:           30724 kB
Cached:           341860 kB
MemTotal:        1844596 kB
MemFree:         1172152 kB
MemAvailable:    1414500 kB
Buffers:           30724 kB
Cached:           341860 kB
MemTotal:        1844596 kB
MemFree:         1170912 kB
MemAvailable:    1413260 kB
Buffers:           30724 kB
Cached:           341860 kB
MemTotal:        1844596 kB
MemFree:         1170656 kB
MemAvailable:    1413004 kB
Buffers:           30724 kB
Cached:           341860 kB
MemTotal:        1844596 kB
MemFree:         1171424 kB
MemAvailable:    1413772 kB
Buffers:           30724 kB
Cached:           341860 kB
MemTotal:        1844596 kB
MemFree:         1170416 kB
MemAvailable:    1412764 kB
Buffers:           30724 kB
Cached:           341860 kB
MemTotal:        1844596 kB
MemFree:         1170416 kB
MemAvailable:    1412764 kB
Buffers:           30724 kB
Cached:           341860 kB
MemTotal:        1844596 kB
MemFree:         1170544 kB
MemAvailable:    1412892 kB
Buffers:           30724 kB
Cached:           341860 kB
MemTotal:        1844596 kB
MemFree:         1170536 kB
MemAvailable:    1412884 kB
Buffers:           30724 kB
Cached:           341860 kB
MemTotal:        1844596 kB
MemFree:         1168916 kB
MemAvailable:    1411264 kB
Buffers:           30724 kB
Cached:           341860 kB
MemTotal:        1844596 kB
MemFree:         1169040 kB
MemAvailable:    1411388 kB
Buffers:           30724 kB
Cached:           341860 kB
MemTotal:        1844596 kB
MemFree:         1170472 kB
MemAvailable:    1412820 kB
Buffers:           30724 kB
Cached:           341860 kB
MemTotal:        1844596 kB
MemFree:         1169372 kB
MemAvailable:    1411720 kB
Buffers:           30724 kB
Cached:           341860 kB
MemTotal:        1844596 kB
MemFree:         1170400 kB
MemAvailable:    1412748 kB
Buffers:           30724 kB
Cached:           341860 kB
MemTotal:        1844596 kB
MemFree:         1170652 kB
MemAvailable:    1413000 kB
Buffers:           30724 kB
Cached:           341860 kB
MemTotal:        1844596 kB
MemFree:         1170424 kB
MemAvailable:    1412772 kB
Buffers:           30724 kB
Cached:           341860 kB
MemTotal:        1844596 kB
MemFree:         1170192 kB
MemAvailable:    1412540 kB
Buffers:           30724 kB
Cached:           341860 kB
MemTotal:        1844596 kB
MemFree:         1169144 kB
MemAvailable:    1411492 kB
Buffers:           30724 kB
Cached:           341860 kB
MemTotal:        1844596 kB
MemFree:         1169180 kB
MemAvailable:    1411528 kB
Buffers:           30724 kB
Cached:           341860 kB
MemTotal:        1844596 kB
MemFree:         1169264 kB
MemAvailable:    1411612 kB
Buffers:           30724 kB
Cached:           341860 kB
MemTotal:        1844596 kB
MemFree:         1170276 kB
MemAvailable:    1412624 kB
Buffers:           30724 kB
Cached:           341860 kB
MemTotal:        1844596 kB
MemFree:         1170528 kB
MemAvailable:    1412876 kB
Buffers:           30724 kB
Cached:           341860 kB
MemTotal:        1844596 kB
MemFree:         1170308 kB
MemAvailable:    1412656 kB
Buffers:           30724 kB
Cached:           341860 kB
MemTotal:        1844596 kB
MemFree:         1169192 kB
MemAvailable:    1411540 kB
Buffers:           30724 kB
Cached:           341860 kB
MemTotal:        1844596 kB
MemFree:         1169184 kB
MemAvailable:    1411532 kB
Buffers:           30724 kB
Cached:           341860 kB
MemTotal:        1844596 kB
MemFree:         1170252 kB
MemAvailable:    1412600 kB
Buffers:           30724 kB
Cached:           341860 kB
MemTotal:        1844596 kB
MemFree:         1170336 kB
MemAvailable:    1412684 kB
Buffers:           30728 kB
Cached:           341856 kB
MemTotal:        1844596 kB
MemFree:         1169036 kB
MemAvailable:    1411384 kB
Buffers:           30732 kB
Cached:           341852 kB
MemTotal:        1844596 kB
MemFree:         1169680 kB
MemAvailable:    1412028 kB
Buffers:           30732 kB
Cached:           341852 kB
MemTotal:        1844596 kB
MemFree:         1170280 kB
MemAvailable:    1412628 kB
Buffers:           30732 kB
Cached:           341852 kB
MemTotal:        1844596 kB
MemFree:         1170536 kB
MemAvailable:    1412884 kB
Buffers:           30732 kB
Cached:           341852 kB
MemTotal:        1844596 kB
MemFree:         1170100 kB
MemAvailable:    1412448 kB
Buffers:           30732 kB
Cached:           341852 kB
MemTotal:        1844596 kB
MemFree:         1170352 kB
MemAvailable:    1412700 kB
Buffers:           30732 kB
Cached:           341852 kB
MemTotal:        1844596 kB
MemFree:         1169192 kB
MemAvailable:    1411540 kB
Buffers:           30732 kB
Cached:           341852 kB
MemTotal:        1844596 kB
MemFree:         1170376 kB
MemAvailable:    1412724 kB
Buffers:           30732 kB
Cached:           341852 kB
MemTotal:        1844596 kB
MemFree:         1170168 kB
MemAvailable:    1412516 kB
Buffers:           30732 kB
Cached:           341852 kB
MemTotal:        1844596 kB
MemFree:         1170168 kB
MemAvailable:    1412516 kB
Buffers:           30732 kB
Cached:           341852 kB
MemTotal:        1844596 kB
MemFree:         1170392 kB
MemAvailable:    1412756 kB
Buffers:           30732 kB
Cached:           341868 kB
MemTotal:        1844596 kB
MemFree:         1169144 kB
MemAvailable:    1411508 kB
Buffers:           30732 kB
Cached:           341868 kB
MemTotal:        1844596 kB
MemFree:         1169316 kB
MemAvailable:    1411680 kB
Buffers:           30732 kB
Cached:           341868 kB
MemTotal:        1844596 kB
MemFree:         1170540 kB
MemAvailable:    1412904 kB
Buffers:           30732 kB
Cached:           341868 kB
MemTotal:        1844596 kB
MemFree:         1170252 kB
MemAvailable:    1412616 kB
Buffers:           30732 kB
Cached:           341868 kB
MemTotal:        1844596 kB
MemFree:         1170588 kB
MemAvailable:    1412952 kB
Buffers:           30732 kB
Cached:           341868 kB
MemTotal:        1844596 kB
MemFree:         1170168 kB
MemAvailable:    1412532 kB
Buffers:           30732 kB
Cached:           341868 kB
MemTotal:        1844596 kB
MemFree:         1170300 kB
MemAvailable:    1412664 kB
Buffers:           30732 kB
Cached:           341868 kB
MemTotal:        1844596 kB
MemFree:         1169920 kB
MemAvailable:    1412284 kB
Buffers:           30732 kB
Cached:           341868 kB
MemTotal:        1844596 kB
MemFree:         1170256 kB
MemAvailable:    1412620 kB
Buffers:           30732 kB
Cached:           341868 kB
MemTotal:        1844596 kB
MemFree:         1166332 kB
MemAvailable:    1408696 kB
Buffers:           30732 kB
Cached:           341868 kB
MemTotal:        1844596 kB
MemFree:         1163852 kB
MemAvailable:    1406216 kB
Buffers:           30732 kB
Cached:           341868 kB
MemTotal:        1844596 kB
MemFree:         1163936 kB
MemAvailable:    1406300 kB
Buffers:           30732 kB
Cached:           341868 kB
MemTotal:        1844596 kB
MemFree:         1163728 kB
MemAvailable:    1406092 kB
Buffers:           30732 kB
Cached:           341868 kB
MemTotal:        1844596 kB
MemFree:         1163728 kB
MemAvailable:    1406092 kB
Buffers:           30732 kB
Cached:           341868 kB
MemTotal:        1844596 kB
MemFree:         1163748 kB
MemAvailable:    1406112 kB
Buffers:           30732 kB
Cached:           341868 kB
MemTotal:        1844596 kB
MemFree:         1163808 kB
MemAvailable:    1406172 kB
Buffers:           30732 kB
Cached:           341868 kB
MemTotal:        1844596 kB
MemFree:         1163780 kB
MemAvailable:    1406144 kB
Buffers:           30732 kB
Cached:           341868 kB
MemTotal:        1844596 kB
MemFree:         1162984 kB
MemAvailable:    1405348 kB
Buffers:           30732 kB
Cached:           341868 kB
MemTotal:        1844596 kB
MemFree:         1163676 kB
MemAvailable:    1406040 kB
Buffers:           30732 kB
Cached:           341868 kB
MemTotal:        1844596 kB
MemFree:         1162428 kB
MemAvailable:    1404792 kB
Buffers:           30732 kB
Cached:           341868 kB
MemTotal:        1844596 kB
MemFree:         1163536 kB
MemAvailable:    1405900 kB
Buffers:           30732 kB
Cached:           341868 kB
MemTotal:        1844596 kB
MemFree:         1163792 kB
MemAvailable:    1406156 kB
Buffers:           30732 kB
Cached:           341868 kB
MemTotal:        1844596 kB
MemFree:         1162332 kB
MemAvailable:    1404696 kB
Buffers:           30732 kB
Cached:           341868 kB
MemTotal:        1844596 kB
MemFree:         1163764 kB
MemAvailable:    1406128 kB
Buffers:           30732 kB
Cached:           341868 kB
MemTotal:        1844596 kB
MemFree:         1162868 kB
MemAvailable:    1405232 kB
Buffers:           30732 kB
Cached:           341868 kB
MemTotal:        1844596 kB
MemFree:         1163600 kB
MemAvailable:    1406048 kB
Buffers:           30732 kB
Cached:           341992 kB
MemTotal:        1844596 kB
MemFree:         1163528 kB
MemAvailable:    1406060 kB
Buffers:           30732 kB
Cached:           341992 kB
MemTotal:        1844596 kB
MemFree:         1163328 kB
MemAvailable:    1406028 kB
Buffers:           30732 kB
Cached:           342240 kB
MemTotal:        1844596 kB
MemFree:         1163412 kB
MemAvailable:    1406112 kB
Buffers:           30732 kB
Cached:           342240 kB
MemTotal:        1844596 kB
MemFree:         1163024 kB
MemAvailable:    1405892 kB
Buffers:           30732 kB
Cached:           342488 kB
MemTotal:        1844596 kB
MemFree:         1162868 kB
MemAvailable:    1405736 kB
Buffers:           30732 kB
Cached:           342488 kB
MemTotal:        1844596 kB
MemFree:         1163060 kB
MemAvailable:    1405928 kB
Buffers:           30732 kB
Cached:           342488 kB
MemTotal:        1844596 kB
MemFree:         1162924 kB
MemAvailable:    1405876 kB
Buffers:           30732 kB
Cached:           342612 kB
MemTotal:        1844596 kB
MemFree:         1162488 kB
MemAvailable:    1405440 kB
Buffers:           30732 kB
Cached:           342612 kB
MemTotal:        1844596 kB
MemFree:         1163424 kB
MemAvailable:    1406452 kB
Buffers:           30732 kB
Cached:           342572 kB
MemTotal:        1844596 kB
MemFree:         1162240 kB
MemAvailable:    1405268 kB
Buffers:           30732 kB
Cached:           342572 kB
MemTotal:        1844596 kB
MemFree:         1163292 kB
MemAvailable:    1406320 kB
Buffers:           30732 kB
Cached:           342572 kB
MemTotal:        1844596 kB
MemFree:         1163036 kB
MemAvailable:    1406064 kB
Buffers:           30732 kB
Cached:           342572 kB
MemTotal:        1844596 kB
MemFree:         1162496 kB
MemAvailable:    1405524 kB
Buffers:           30732 kB
Cached:           342572 kB
MemTotal:        1844596 kB
MemFree:         1163040 kB
MemAvailable:    1406068 kB
Buffers:           30732 kB
Cached:           342572 kB
MemTotal:        1844596 kB
MemFree:         1161568 kB
MemAvailable:    1404596 kB
Buffers:           30732 kB
Cached:           342572 kB
MemTotal:        1844596 kB
MemFree:         1162000 kB
MemAvailable:    1405112 kB
Buffers:           30732 kB
Cached:           342696 kB
MemTotal:        1844596 kB
MemFree:         1163144 kB
MemAvailable:    1405596 kB
Buffers:           30732 kB
Cached:           341912 kB
MemTotal:        1844596 kB
MemFree:         1163396 kB
MemAvailable:    1405848 kB
Buffers:           30732 kB
Cached:           341912 kB
MemTotal:        1844596 kB
MemFree:         1317116 kB
MemAvailable:    1559568 kB
Buffers:           30732 kB
Cached:           341912 kB
