MemTotal:        1844596 kB
MemFree:         1309104 kB
MemAvailable:    1597704 kB
Buffers:           37048 kB
Cached:           382576 kB
MemTotal:        1844596 kB
MemFree:         1281824 kB
MemAvailable:    1570432 kB
Buffers:           37048 kB
Cached:           382580 kB
MemTotal:        1844596 kB
MemFree:         1280204 kB
MemAvailable:    1568812 kB
Buffers:           37048 kB
Cached:           382580 kB
MemTotal:        1844596 kB
MemFree:         1278228 kB
MemAvailable:    1566836 kB
Buffers:           37048 kB
Cached:           382580 kB
MemTotal:        1844596 kB
MemFree:         1279460 kB
MemAvailable:    1568068 kB
Buffers:           37048 kB
Cached:           382580 kB
MemTotal:        1844596 kB
MemFree:         1278220 kB
MemAvailable:    1566828 kB
Buffers:           37048 kB
Cached:           382580 kB
MemTotal:        1844596 kB
MemFree:         1276476 kB
MemAvailable:    1565084 kB
Buffers:           37048 kB
Cached:           382580 kB
MemTotal:        1844596 kB
MemFree:         1276476 kB
MemAvailable:    1565084 kB
Buffers:           37048 kB
Cached:           382580 kB
MemTotal:        1844596 kB
MemFree:         1273824 kB
MemAvailable:    1562432 kB
Buffers:           37048 kB
Cached:           382580 kB
MemTotal:        1844596 kB
MemFree:         1271740 kB
MemAvailable:    1560348 kB
Buffers:           37048 kB
Cached:           382580 kB
MemTotal:        1844596 kB
MemFree:         1269300 kB
MemAvailable:    1557908 kB
Buffers:           37048 kB
Cached:           382580 kB
MemTotal:        1844596 kB
MemFree:         1266496 kB
MemAvailable:    1555104 kB
Buffers:           37048 kB
Cached:           382580 kB
MemTotal:        1844596 kB
MemFree:         1267928 kB
MemAvailable:    1556536 kB
Buffers:           37048 kB
Cached:           382580 kB
MemTotal:        1844596 kB
MemFree:         1266564 kB
MemAvailable:    1555172 kB
Buffers:           37048 kB
Cached:           382580 kB
MemTotal:        1844596 kB
MemFree:         1268012 kB
MemAvailable:    1556620 kB
Buffers:           37048 kB
Cached:           382580 kB
MemTotal:        1844596 kB
MemFree:         1266516 kB
MemAvailable:    1555124 kB
Buffers:           37048 kB
Cached:           382580 kB
MemTotal:        1844596 kB
MemFree:         1266392 kB
MemAvailable:    1555000 kB
Buffers:           37048 kB
Cached:           382580 kB
MemTotal:        1844596 kB
MemFree:         1266392 kB
MemAvailable:    1555000 kB
Buffers:           37048 kB
Cached:           382580 kB
MemTotal:        1844596 kB
MemFree:         1267368 kB
MemAvailable:    1555976 kB
Buffers:           37048 kB
Cached:           382580 kB
MemTotal:        1844596 kB
MemFree:         1267368 kB
MemAvailable:    1555976 kB
Buffers:           37048 kB
Cached:           382580 kB
MemTotal:        1844596 kB
MemFree:         1266192 kB
MemAvailable:    1554800 kB
Buffers:           37048 kB
Cached:           382580 kB
MemTotal:        1844596 kB
MemFree:         1266060 kB
MemAvailable:    1554668 kB
Buffers:           37048 kB
Cached:           382580 kB
MemTotal:        1844596 kB
MemFree:         1267228 kB
MemAvailable:    1555836 kB
Buffers:           37048 kB
Cached:           382580 kB
MemTotal:        1844596 kB
MemFree:         1265952 kB
MemAvailable:    1554560 kB
Buffers:           37048 kB
Cached:           382580 kB
MemTotal:        1844596 kB
MemFree:         1266448 kB
MemAvailable:    1555056 kB
Buffers:           37048 kB
Cached:           382580 kB
MemTotal:        1844596 kB
MemFree:         1265200 kB
MemAvailable:    1553808 kB
Buffers:           37048 kB
Cached:           382580 kB
MemTotal:        1844596 kB
MemFree:         1265192 kB
MemAvailable:    1553800 kB
Buffers:           37048 kB
Cached:           382580 kB
MemTotal:        1844596 kB
MemFree:         1266136 kB
MemAvailable:    1554744 kB
Buffers:           37048 kB
Cached:           382580 kB
MemTotal:        1844596 kB
MemFree:         1264952 kB
MemAvailable:    1553560 kB
Buffers:           37048 kB
Cached:           382580 kB
MemTotal:        1844596 kB
MemFree:         1264340 kB
MemAvailable:    1552948 kB
Buffers:           37048 kB
Cached:           382580 kB
MemTotal:        1844596 kB
MemFree:         1265144 kB
MemAvailable:    1553752 kB
Buffers:           37048 kB
Cached:           382580 kB
MemTotal:        1844596 kB
MemFree:         1265076 kB
MemAvailable:    1553684 kB
Buffers:           37048 kB
Cached:           382580 kB
MemTotal:        1844596 kB
MemFree:         1265016 kB
MemAvailable:    1553624 kB
Buffers:           37048 kB
Cached:           382580 kB
MemTotal:        1844596 kB
MemFree:         1263844 kB
MemAvailable:    1552452 kB
Buffers:           37048 kB
Cached:           382580 kB
MemTotal:        1844596 kB
MemFree:         1263588 kB
MemAvailable:    1552196 kB
Buffers:           37048 kB
Cached:           382580 kB
MemTotal:        1844596 kB
MemFree:         1263548 kB
MemAvailable:    1552156 kB
Buffers:           37048 kB
Cached:           382580 kB
MemTotal:        1844596 kB
MemFree:         1263548 kB
MemAvailable:    1552156 kB
Buffers:           37048 kB
Cached:           382580 kB
MemTotal:        1844596 kB
MemFree:         1264888 kB
MemAvailable:    1553496 kB
Buffers:           37048 kB
Cached:           382580 kB
MemTotal:        1844596 kB
MemFree:         1265936 kB
MemAvailable:    1554544 kB
Buffers:           37048 kB
Cached:           382580 kB
MemTotal:        1844596 kB
MemFree:         1266276 kB
MemAvailable:    1554884 kB
Buffers:           37048 kB
Cached:           382580 kB
MemTotal:        1844596 kB
MemFree:         1265764 kB
MemAvailable:    1554376 kB
Buffers:           37048 kB
Cached:           382584 kB
MemTotal:        1844596 kB
MemFree:         1261968 kB
MemAvailable:    1550580 kB
Buffers:           37048 kB
Cached:           382584 kB
MemTotal:        1844596 kB
MemFree:         1261868 kB
MemAvailable:    1550480 kB
Buffers:           37048 kB
Cached:           382584 kB
MemTotal:        1844596 kB
MemFree:         1261052 kB
MemAvailable:    1549664 kB
Buffers:           37048 kB
Cached:           382584 kB
MemTotal:        1844596 kB
MemFree:         1260860 kB
MemAvailable:    1549472 kB
Buffers:           37048 kB
Cached:           382584 kB
MemTotal:        1844596 kB
MemFree:         1259876 kB
MemAvailable:    1548488 kB
Buffers:           37048 kB
Cached:           382584 kB
MemTotal:        1844596 kB
MemFree:         1260708 kB
MemAvailable:    1549320 kB
Buffers:           37048 kB
Cached:           382584 kB
MemTotal:        1844596 kB
MemFree:         1260612 kB
MemAvailable:    1549224 kB
Buffers:           37048 kB
Cached:           382584 kB
MemTotal:        1844596 kB
MemFree:         1259440 kB
MemAvailable:    1548052 kB
Buffers:           37048 kB
Cached:           382584 kB
MemTotal:        1844596 kB
MemFree:         1259188 kB
MemAvailable:    1547800 kB
Buffers:           37048 kB
Cached:           382584 kB
MemTotal:        1844596 kB
MemFree:         1260420 kB
MemAvailable:    1549032 kB
Buffers:           37048 kB
Cached:           382584 kB
MemTotal:        1844596 kB
MemFree:         1260588 kB
MemAvailable:    1549200 kB
Buffers:           37048 kB
Cached:           382584 kB
MemTotal:        1844596 kB
MemFree:         1260300 kB
MemAvailable:    1548912 kB
Buffers:           37048 kB
Cached:           382584 kB
MemTotal:        1844596 kB
MemFree:         1260192 kB
MemAvailable:    1548804 kB
Buffers:           37048 kB
Cached:           382584 kB
MemTotal:        1844596 kB
MemFree:         1259040 kB
MemAvailable:    1547652 kB
Buffers:           37048 kB
Cached:           382584 kB
MemTotal:        1844596 kB
MemFree:         1258908 kB
MemAvailable:    1547520 kB
Buffers:           37048 kB
Cached:           382584 kB
MemTotal:        1844596 kB
MemFree:         1260016 kB
MemAvailable:    1548628 kB
Buffers:           37048 kB
Cached:           382584 kB
MemTotal:        1844596 kB
MemFree:         1260352 kB
MemAvailable:    1548964 kB
Buffers:           37048 kB
Cached:           382584 kB
MemTotal:        1844596 kB
MemFree:         1256728 kB
MemAvailable:    1545340 kB
Buffers:           37048 kB
Cached:           382584 kB
MemTotal:        1844596 kB
MemFree:         1256248 kB
MemAvailable:    1544860 kB
Buffers:           37048 kB
Cached:           382584 kB
MemTotal:        1844596 kB
MemFree:         1253512 kB
MemAvailable:    1542124 kB
Buffers:           37048 kB
Cached:           382584 kB
MemTotal:        1844596 kB
MemFree:         1253148 kB
MemAvailable:    1541760 kB
Buffers:           37048 kB
Cached:           382584 kB
MemTotal:        1844596 kB
MemFree:         1254372 kB
MemAvailable:    1542984 kB
Buffers:           37048 kB
Cached:           382584 kB
MemTotal:        1844596 kB
MemFree:         1252812 kB
MemAvailable:    1541424 kB
Buffers:           37048 kB
Cached:           382584 kB
MemTotal:        1844596 kB
MemFree:         1252456 kB
MemAvailable:    1541068 kB
Buffers:           37048 kB
Cached:           382584 kB
MemTotal:        1844596 kB
MemFree:         1252032 kB
MemAvailable:    1540644 kB
Buffers:           37048 kB
Cached:           382584 kB
MemTotal:        1844596 kB
MemFree:         1250536 kB
MemAvailable:    1539148 kB
Buffers:           37048 kB
Cached:           382584 kB
MemTotal:        1844596 kB
MemFree:         1251716 kB
MemAvailable:    1540328 kB
Buffers:           37048 kB
Cached:           382584 kB
MemTotal:        1844596 kB
MemFree:         1251968 kB
MemAvailable:    1540580 kB
Buffers:           37048 kB
Cached:           382584 kB
MemTotal:        1844596 kB
MemFree:         1250356 kB
MemAvailable:    1538968 kB
Buffers:           37048 kB
Cached:           382584 kB
MemTotal:        1844596 kB
MemFree:         1250736 kB
MemAvailable:    1539348 kB
Buffers:           37048 kB
Cached:           382584 kB
MemTotal:        1844596 kB
MemFree:         1250480 kB
MemAvailable:    1539092 kB
Buffers:           37048 kB
Cached:           382584 kB
MemTotal:        1844596 kB
MemFree:         1251588 kB
MemAvailable:    1540200 kB
Buffers:           37048 kB
Cached:           382584 kB
MemTotal:        1844596 kB
MemFree:         1251412 kB
MemAvailable:    1540024 kB
Buffers:           37048 kB
Cached:           382584 kB
MemTotal:        1844596 kB
MemFree:         1251584 kB
MemAvailable:    1540196 kB
Buffers:           37048 kB
Cached:           382584 kB
MemTotal:        1844596 kB
MemFree:         1251664 kB
MemAvailable:    1540276 kB
Buffers:           37048 kB
Cached:           382584 kB
MemTotal:        1844596 kB
MemFree:         1250356 kB
MemAvailable:    1538968 kB
Buffers:           37048 kB
Cached:           382584 kB
MemTotal:        1844596 kB
MemFree:         1251640 kB
MemAvailable:    1540252 kB
Buffers:           37048 kB
Cached:           382584 kB
MemTotal:        1844596 kB
MemFree:         1250092 kB
MemAvailable:    1538704 kB
Buffers:           37048 kB
Cached:           382584 kB
MemTotal:        1844596 kB
MemFree:         1250224 kB
MemAvailable:    1538836 kB
Buffers:           37048 kB
Cached:           382584 kB
MemTotal:        1844596 kB
MemFree:         1251200 kB
MemAvailable:    1539812 kB
Buffers:           37048 kB
Cached:           382584 kB
MemTotal:        1844596 kB
MemFree:         1251368 kB
MemAvailable:    1539980 kB
Buffers:           37048 kB
Cached:           382584 kB
MemTotal:        1844596 kB
MemFree:         1251276 kB
MemAvailable:    1539888 kB
Buffers:           37048 kB
Cached:           382584 kB
MemTotal:        1844596 kB
MemFree:         1251156 kB
MemAvailable:    1539768 kB
Buffers:           37048 kB
Cached:           382584 kB
MemTotal:        1844596 kB
MemFree:         1251296 kB
MemAvailable:    1539908 kB
Buffers:           37048 kB
Cached:           382584 kB
MemTotal:        1844596 kB
MemFree:         1250164 kB
MemAvailable:    1538780 kB
Buffers:           37048 kB
Cached:           382588 kB
MemTotal:        1844596 kB
MemFree:         1250776 kB
MemAvailable:    1539392 kB
Buffers:           37048 kB
Cached:           382588 kB
MemTotal:        1844596 kB
MemFree:         1250668 kB
MemAvailable:    1539284 kB
Buffers:           37048 kB
Cached:           382588 kB
MemTotal:        1844596 kB
MemFree:         1246320 kB
MemAvailable:    1534936 kB
Buffers:           37048 kB
Cached:           382588 kB
MemTotal:        1844596 kB
MemFree:         1243848 kB
MemAvailable:    1532464 kB
Buffers:           37048 kB
Cached:           382588 kB
MemTotal:        1844596 kB
MemFree:         1243280 kB
MemAvailable:    1531896 kB
Buffers:           37048 kB
Cached:           382588 kB
MemTotal:        1844596 kB
MemFree:         1242964 kB
MemAvailable:    1531580 kB
Buffers:           37048 kB
Cached:           382588 kB
MemTotal:        1844596 kB
MemFree:         1242848 kB
MemAvailable:    1531464 kB
Buffers:           37048 kB
Cached:           382588 kB
MemTotal:        1844596 kB
MemFree:         1242724 kB
MemAvailable:    1531340 kB
Buffers:           37048 kB
Cached:           382588 kB
MemTotal:        1844596 kB
MemFree:         1241948 kB
MemAvailable:    1530564 kB
Buffers:           37048 kB
Cached:           382588 kB
MemTotal:        1844596 kB
MemFree:         1242660 kB
MemAvailable:    1531276 kB
Buffers:           37048 kB
Cached:           382588 kB
MemTotal:        1844596 kB
MemFree:         1241228 kB
MemAvailable:    1529844 kB
Buffers:           37048 kB
Cached:           382588 kB
MemTotal:        1844596 kB
MemFree:         1241480 kB
MemAvailable:    1530096 kB
Buffers:           37048 kB
Cached:           382588 kB
MemTotal:        1844596 kB
MemFree:         1241432 kB
MemAvailable:    1530048 kB
Buffers:           37048 kB
Cached:           382588 kB
MemTotal:        1844596 kB
MemFree:         1242512 kB
MemAvailable:    1531128 kB
Buffers:           37048 kB
Cached:           382588 kB
MemTotal:        1844596 kB
MemFree:         1241988 kB
MemAvailable:    1530604 kB
Buffers:           37048 kB
Cached:           382588 kB
MemTotal:        1844596 kB
MemFree:         1242584 kB
MemAvailable:    1531204 kB
Buffers:           37048 kB
Cached:           382592 kB
MemTotal:        1844596 kB
MemFree:         1242668 kB
MemAvailable:    1531288 kB
Buffers:           37048 kB
Cached:           382592 kB
MemTotal:        1844596 kB
MemFree:         1242656 kB
MemAvailable:    1531276 kB
Buffers:           37048 kB
Cached:           382592 kB
MemTotal:        1844596 kB
MemFree:         1242608 kB
MemAvailable:    1531228 kB
Buffers:           37048 kB
Cached:           382592 kB
MemTotal:        1844596 kB
MemFree:         1242772 kB
MemAvailable:    1531392 kB
Buffers:           37048 kB
Cached:           382592 kB
MemTotal:        1844596 kB
MemFree:         1242856 kB
MemAvailable:    1531476 kB
Buffers:           37048 kB
Cached:           382592 kB
MemTotal:        1844596 kB
MemFree:         1241332 kB
MemAvailable:    1529952 kB
Buffers:           37048 kB
Cached:           382592 kB
MemTotal:        1844596 kB
MemFree:         1242668 kB
MemAvailable:    1531288 kB
Buffers:           37048 kB
Cached:           382592 kB
MemTotal:        1844596 kB
MemFree:         1242344 kB
MemAvailable:    1530964 kB
Buffers:           37048 kB
Cached:           382592 kB
MemTotal:        1844596 kB
MemFree:         1242684 kB
MemAvailable:    1531304 kB
Buffers:           37048 kB
Cached:           382592 kB
MemTotal:        1844596 kB
MemFree:         1241356 kB
MemAvailable:    1529976 kB
Buffers:           37048 kB
Cached:           382592 kB
MemTotal:        1844596 kB
MemFree:         1241224 kB
MemAvailable:    1529844 kB
Buffers:           37048 kB
Cached:           382592 kB
MemTotal:        1844596 kB
MemFree:         1242608 kB
MemAvailable:    1531228 kB
Buffers:           37048 kB
Cached:           382592 kB
MemTotal:        1844596 kB
MemFree:         1242416 kB
MemAvailable:    1531036 kB
Buffers:           37048 kB
Cached:           382592 kB
MemTotal:        1844596 kB
MemFree:         1242660 kB
MemAvailable:    1531280 kB
Buffers:           37048 kB
Cached:           382592 kB
MemTotal:        1844596 kB
MemFree:         1242428 kB
MemAvailable:    1531048 kB
Buffers:           37048 kB
Cached:           382592 kB
MemTotal:        1844596 kB
MemFree:         1242608 kB
MemAvailable:    1531228 kB
Buffers:           37048 kB
Cached:           382592 kB
MemTotal:        1844596 kB
MemFree:         1241740 kB
MemAvailable:    1530360 kB
Buffers:           37048 kB
Cached:           382592 kB
MemTotal:        1844596 kB
MemFree:         1240492 kB
MemAvailable:    1529112 kB
Buffers:           37048 kB
Cached:           382592 kB
MemTotal:        1844596 kB
MemFree:         1240260 kB
MemAvailable:    1528880 kB
Buffers:           37048 kB
Cached:           382592 kB
MemTotal:        1844596 kB
MemFree:         1236592 kB
MemAvailable:    1525212 kB
Buffers:           37048 kB
Cached:           382592 kB
MemTotal:        1844596 kB
MemFree:         1233424 kB
MemAvailable:    1522044 kB
Buffers:           37048 kB
Cached:           382592 kB
MemTotal:        1844596 kB
MemFree:         1233424 kB
MemAvailable:    1522044 kB
Buffers:           37048 kB
Cached:           382592 kB
MemTotal:        1844596 kB
MemFree:         1233168 kB
MemAvailable:    1521788 kB
Buffers:           37048 kB
Cached:           382592 kB
MemTotal:        1844596 kB
MemFree:         1231928 kB
MemAvailable:    1520548 kB
Buffers:           37048 kB
Cached:           382592 kB
MemTotal:        1844596 kB
MemFree:         1232184 kB
MemAvailable:    1520804 kB
Buffers:           37048 kB
Cached:           382592 kB
MemTotal:        1844596 kB
MemFree:         1231076 kB
MemAvailable:    1519696 kB
Buffers:           37048 kB
Cached:           382592 kB
MemTotal:        1844596 kB
MemFree:         1231316 kB
MemAvailable:    1519936 kB
Buffers:           37048 kB
Cached:           382592 kB
MemTotal:        1844596 kB
MemFree:         1231316 kB
MemAvailable:    1519936 kB
Buffers:           37048 kB
Cached:           382592 kB
MemTotal:        1844596 kB
MemFree:         1230064 kB
MemAvailable:    1518684 kB
Buffers:           37048 kB
Cached:           382592 kB
MemTotal:        1844596 kB
MemFree:         1230828 kB
MemAvailable:    1519448 kB
Buffers:           37048 kB
Cached:           382592 kB
MemTotal:        1844596 kB
MemFree:         1230648 kB
MemAvailable:    1519268 kB
Buffers:           37048 kB
Cached:           382592 kB
MemTotal:        1844596 kB
MemFree:         1230900 kB
MemAvailable:    1519520 kB
Buffers:           37048 kB
Cached:           382592 kB
MemTotal:        1844596 kB
MemFree:         1230632 kB
MemAvailable:    1519252 kB
Buffers:           37048 kB
Cached:           382592 kB
MemTotal:        1844596 kB
MemFree:         1230688 kB
MemAvailable:    1519308 kB
Buffers:           37048 kB
Cached:           382592 kB
MemTotal:        1844596 kB
MemFree:         1230900 kB
MemAvailable:    1519520 kB
Buffers:           37048 kB
Cached:           382592 kB
MemTotal:        1844596 kB
MemFree:         1230760 kB
MemAvailable:    1519380 kB
Buffers:           37048 kB
Cached:           382592 kB
MemTotal:        1844596 kB
MemFree:         1230208 kB
MemAvailable:    1518828 kB
Buffers:           37048 kB
Cached:           382592 kB
MemTotal:        1844596 kB
MemFree:         1229316 kB
MemAvailable:    1517936 kB
Buffers:           37048 kB
Cached:           382592 kB
MemTotal:        1844596 kB
MemFree:         1230812 kB
MemAvailable:    1519432 kB
Buffers:           37048 kB
Cached:           382592 kB
MemTotal:        1844596 kB
MemFree:         1230744 kB
MemAvailable:    1519364 kB
Buffers:           37048 kB
Cached:           382592 kB
MemTotal:        1844596 kB
MemFree:         1230664 kB
MemAvailable:    1519284 kB
Buffers:           37048 kB
Cached:           382592 kB
MemTotal:        1844596 kB
MemFree:         1230916 kB
MemAvailable:    1519536 kB
Buffers:           37048 kB
Cached:           382592 kB
MemTotal:        1844596 kB
MemFree:         1230876 kB
MemAvailable:    1519496 kB
Buffers:           37048 kB
Cached:           382592 kB
MemTotal:        1844596 kB
MemFree:         1230728 kB
MemAvailable:    1519348 kB
Buffers:           37048 kB
Cached:           382592 kB
MemTotal:        1844596 kB
MemFree:         1229960 kB
MemAvailable:    1518580 kB
Buffers:           37048 kB
Cached:           382592 kB
MemTotal:        1844596 kB
MemFree:         1231120 kB
MemAvailable:    1519748 kB
Buffers:           37048 kB
Cached:           382600 kB
MemTotal:        1844596 kB
MemFree:         1229836 kB
MemAvailable:    1518464 kB
Buffers:           37048 kB
Cached:           382600 kB
MemTotal:        1844596 kB
MemFree:         1230644 kB
MemAvailable:    1519272 kB
Buffers:           37048 kB
Cached:           382600 kB
MemTotal:        1844596 kB
MemFree:         1230588 kB
MemAvailable:    1519216 kB
Buffers:           37048 kB
Cached:           382600 kB
MemTotal:        1844596 kB
MemFree:         1230532 kB
MemAvailable:    1519160 kB
Buffers:           37048 kB
Cached:           382600 kB
MemTotal:        1844596 kB
MemFree:         1230880 kB
MemAvailable:    1519508 kB
Buffers:           37048 kB
Cached:           382600 kB
MemTotal:        1844596 kB
MemFree:         1230768 kB
MemAvailable:    1519396 kB
Buffers:           37048 kB
Cached:           382600 kB
MemTotal:        1844596 kB
MemFree:         1229448 kB
MemAvailable:    1518076 kB
Buffers:           37048 kB
Cached:           382600 kB
MemTotal:        1844596 kB
MemFree:         1230484 kB
MemAvailable:    1519112 kB
Buffers:           37048 kB
Cached:           382600 kB
MemTotal:        1844596 kB
MemFree:         1229400 kB
MemAvailable:    1518028 kB
Buffers:           37048 kB
Cached:           382600 kB
MemTotal:        1844596 kB
MemFree:         1229392 kB
MemAvailable:    1518020 kB
Buffers:           37048 kB
Cached:           382600 kB
MemTotal:        1844596 kB
MemFree:         1230700 kB
MemAvailable:    1519328 kB
Buffers:           37048 kB
Cached:           382600 kB
MemTotal:        1844596 kB
MemFree:         1230624 kB
MemAvailable:    1519252 kB
Buffers:           37048 kB
Cached:           382600 kB
MemTotal:        1844596 kB
MemFree:         1230876 kB
MemAvailable:    1519504 kB
Buffers:           37048 kB
Cached:           382600 kB
MemTotal:        1844596 kB
MemFree:         1229408 kB
MemAvailable:    1518036 kB
Buffers:           37048 kB
Cached:           382600 kB
MemTotal:        1844596 kB
MemFree:         1230684 kB
MemAvailable:    1519312 kB
Buffers:           37048 kB
Cached:           382600 kB
MemTotal:        1844596 kB
MemFree:         1230588 kB
MemAvailable:    1519216 kB
Buffers:           37048 kB
Cached:           382600 kB
MemTotal:        1844596 kB
MemFree:         1230532 kB
MemAvailable:    1519160 kB
Buffers:           37048 kB
Cached:           382600 kB
MemTotal:        1844596 kB
MemFree:         1229404 kB
MemAvailable:    1518032 kB
Buffers:           37048 kB
Cached:           382600 kB
MemTotal:        1844596 kB
MemFree:         1230768 kB
MemAvailable:    1519396 kB
Buffers:           37048 kB
Cached:           382600 kB
MemTotal:        1844596 kB
MemFree:         1230748 kB
MemAvailable:    1519376 kB
Buffers:           37048 kB
Cached:           382600 kB
MemTotal:        1844596 kB
MemFree:         1230680 kB
MemAvailable:    1519308 kB
Buffers:           37048 kB
Cached:           382600 kB
MemTotal:        1844596 kB
MemFree:         1229392 kB
MemAvailable:    1518020 kB
Buffers:           37048 kB
Cached:           382600 kB
MemTotal:        1844596 kB
MemFree:         1230704 kB
MemAvailable:    1519332 kB
Buffers:           37048 kB
Cached:           382600 kB
MemTotal:        1844596 kB
MemFree:         1229548 kB
MemAvailable:    1518176 kB
Buffers:           37048 kB
Cached:           382600 kB
MemTotal:        1844596 kB
MemFree:         1230572 kB
MemAvailable:    1519200 kB
Buffers:           37048 kB
Cached:           382600 kB
MemTotal:        1844596 kB
MemFree:         1230908 kB
MemAvailable:    1519536 kB
Buffers:           37048 kB
Cached:           382600 kB
MemTotal:        1844596 kB
MemFree:         1230716 kB
MemAvailable:    1519344 kB
Buffers:           37048 kB
Cached:           382600 kB
MemTotal:        1844596 kB
MemFree:         1230628 kB
MemAvailable:    1519256 kB
Buffers:           37048 kB
Cached:           382600 kB
MemTotal:        1844596 kB
MemFree:         1230704 kB
MemAvailable:    1519332 kB
Buffers:           37048 kB
Cached:           382600 kB
MemTotal:        1844596 kB
MemFree:         1230704 kB
MemAvailable:    1519332 kB
Buffers:           37048 kB
Cached:           382600 kB
MemTotal:        1844596 kB
MemFree:         1230900 kB
MemAvailable:    1519528 kB
Buffers:           37048 kB
Cached:           382600 kB
MemTotal:        1844596 kB
MemFree:         1230640 kB
MemAvailable:    1519268 kB
Buffers:           37048 kB
Cached:           382600 kB
MemTotal:        1844596 kB
MemFree:         1229540 kB
MemAvailable:    1518168 kB
Buffers:           37048 kB
Cached:           382600 kB
MemTotal:        1844596 kB
MemFree:         1229284 kB
MemAvailable:    1517912 kB
Buffers:           37048 kB
Cached:           382600 kB
MemTotal:        1844596 kB
MemFree:         1230592 kB
MemAvailable:    1519220 kB
Buffers:           37048 kB
Cached:           382600 kB
MemTotal:        1844596 kB
MemFree:         1229160 kB
MemAvailable:    1517788 kB
Buffers:           37048 kB
Cached:           382600 kB
MemTotal:        1844596 kB
MemFree:         1230172 kB
MemAvailable:    1518800 kB
Buffers:           37048 kB
Cached:           382600 kB
MemTotal:        1844596 kB
MemFree:         1230424 kB
MemAvailable:    1519052 kB
Buffers:           37048 kB
Cached:           382600 kB
MemTotal:        1844596 kB
MemFree:         1228976 kB
MemAvailable:    1517608 kB
Buffers:           37048 kB
Cached:           382604 kB
MemTotal:        1844596 kB
MemFree:         1229108 kB
MemAvailable:    1517740 kB
Buffers:           37048 kB
Cached:           382604 kB
MemTotal:        1844596 kB
MemFree:         1229092 kB
MemAvailable:    1517724 kB
Buffers:           37048 kB
Cached:           382604 kB
MemTotal:        1844596 kB
MemFree:         1228852 kB
MemAvailable:    1517484 kB
Buffers:           37048 kB
Cached:           382604 kB
MemTotal:        1844596 kB
MemFree:         1230036 kB
MemAvailable:    1518668 kB
Buffers:           37048 kB
Cached:           382604 kB
MemTotal:        1844596 kB
MemFree:         1230204 kB
MemAvailable:    1518836 kB
Buffers:           37048 kB
Cached:           382604 kB
MemTotal:        1844596 kB
MemFree:         1229888 kB
MemAvailable:    1518520 kB
Buffers:           37048 kB
Cached:           382604 kB
MemTotal:        1844596 kB
MemFree:         1229764 kB
MemAvailable:    1518396 kB
Buffers:           37048 kB
Cached:           382604 kB
MemTotal:        1844596 kB
MemFree:         1229560 kB
MemAvailable:    1518192 kB
Buffers:           37048 kB
Cached:           382604 kB
MemTotal:        1844596 kB
MemFree:         1229356 kB
MemAvailable:    1517988 kB
Buffers:           37048 kB
Cached:           382604 kB
MemTotal:        1844596 kB
MemFree:         1229776 kB
MemAvailable:    1518408 kB
Buffers:           37048 kB
Cached:           382604 kB
MemTotal:        1844596 kB
MemFree:         1229644 kB
MemAvailable:    1518276 kB
Buffers:           37048 kB
Cached:           382604 kB
MemTotal:        1844596 kB
MemFree:         1228428 kB
MemAvailable:    1517060 kB
Buffers:           37048 kB
Cached:           382604 kB
MemTotal:        1844596 kB
MemFree:         1229528 kB
MemAvailable:    1518160 kB
Buffers:           37048 kB
Cached:           382604 kB
MemTotal:        1844596 kB
MemFree:         1229528 kB
MemAvailable:    1518160 kB
Buffers:           37048 kB
Cached:           382604 kB
MemTotal:        1844596 kB
MemFree:         1228232 kB
MemAvailable:    1516864 kB
Buffers:           37048 kB
Cached:           382604 kB
MemTotal:        1844596 kB
MemFree:         1228448 kB
MemAvailable:    1517080 kB
Buffers:           37048 kB
Cached:           382604 kB
MemTotal:        1844596 kB
MemFree:         1229588 kB
MemAvailable:    1518220 kB
Buffers:           37048 kB
Cached:           382604 kB
MemTotal:        1844596 kB
MemFree:         1229464 kB
MemAvailable:    1518096 kB
Buffers:           37048 kB
Cached:           382604 kB
MemTotal:        1844596 kB
MemFree:         1229600 kB
MemAvailable:    1518232 kB
Buffers:           37048 kB
Cached:           382604 kB
MemTotal:        1844596 kB
MemFree:         1229556 kB
MemAvailable:    1518188 kB
Buffers:           37048 kB
Cached:           382604 kB
MemTotal:        1844596 kB
MemFree:         1228224 kB
MemAvailable:    1516856 kB
Buffers:           37048 kB
Cached:           382604 kB
MemTotal:        1844596 kB
MemFree:         1229740 kB
MemAvailable:    1518372 kB
Buffers:           37048 kB
Cached:           382604 kB
MemTotal:        1844596 kB
MemFree:         1228184 kB
MemAvailable:    1516816 kB
Buffers:           37048 kB
Cached:           382604 kB
MemTotal:        1844596 kB
MemFree:         1226380 kB
MemAvailable:    1515012 kB
Buffers:           37048 kB
Cached:           382604 kB
MemTotal:        1844596 kB
MemFree:         1222280 kB
MemAvailable:    1510912 kB
Buffers:           37048 kB
Cached:           382604 kB
MemTotal:        1844596 kB
MemFree:         1218188 kB
MemAvailable:    1506820 kB
Buffers:           37048 kB
Cached:           382604 kB
MemTotal:        1844596 kB
MemFree:         1218800 kB
MemAvailable:    1507432 kB
Buffers:           37048 kB
Cached:           382604 kB
MemTotal:        1844596 kB
MemFree:         1218268 kB
MemAvailable:    1506900 kB
Buffers:           37048 kB
Cached:           382604 kB
MemTotal:        1844596 kB
MemFree:         1218668 kB
MemAvailable:    1507304 kB
Buffers:           37048 kB
Cached:           382608 kB
MemTotal:        1844596 kB
MemFree:         1218320 kB
MemAvailable:    1506956 kB
Buffers:           37048 kB
Cached:           382608 kB
MemTotal:        1844596 kB
MemFree:         1218572 kB
MemAvailable:    1507208 kB
Buffers:           37048 kB
Cached:           382608 kB
MemTotal:        1844596 kB
MemFree:         1217396 kB
MemAvailable:    1506032 kB
Buffers:           37048 kB
Cached:           382608 kB
MemTotal:        1844596 kB
MemFree:         1217512 kB
MemAvailable:    1506148 kB
Buffers:           37048 kB
Cached:           382608 kB
MemTotal:        1844596 kB
MemFree:         1218380 kB
MemAvailable:    1507016 kB
Buffers:           37048 kB
Cached:           382608 kB
MemTotal:        1844596 kB
MemFree:         1217264 kB
MemAvailable:    1505900 kB
Buffers:           37048 kB
Cached:           382608 kB
MemTotal:        1844596 kB
MemFree:         1215964 kB
MemAvailable:    1504600 kB
Buffers:           37048 kB
Cached:           382608 kB
MemTotal:        1844596 kB
MemFree:         1215212 kB
MemAvailable:    1503848 kB
Buffers:           37048 kB
Cached:           382608 kB
MemTotal:        1844596 kB
MemFree:         1215220 kB
MemAvailable:    1503856 kB
Buffers:           37048 kB
Cached:           382608 kB
MemTotal:        1844596 kB
MemFree:         1214956 kB
MemAvailable:    1503592 kB
Buffers:           37048 kB
Cached:           382608 kB
MemTotal:        1844596 kB
MemFree:         1214956 kB
MemAvailable:    1503592 kB
Buffers:           37048 kB
Cached:           382608 kB
MemTotal:        1844596 kB
MemFree:         1215040 kB
MemAvailable:    1503676 kB
Buffers:           37048 kB
Cached:           382608 kB
MemTotal:        1844596 kB
MemFree:         1216276 kB
MemAvailable:    1504912 kB
Buffers:           37048 kB
Cached:           382608 kB
MemTotal:        1844596 kB
MemFree:         1215344 kB
MemAvailable:    1503980 kB
Buffers:           37048 kB
Cached:           382608 kB
MemTotal:        1844596 kB
MemFree:         1216032 kB
MemAvailable:    1504668 kB
Buffers:           37048 kB
Cached:           382608 kB
MemTotal:        1844596 kB
MemFree:         1216288 kB
MemAvailable:    1504924 kB
Buffers:           37048 kB
Cached:           382608 kB
MemTotal:        1844596 kB
MemFree:         1214952 kB
MemAvailable:    1503588 kB
Buffers:           37048 kB
Cached:           382608 kB
MemTotal:        1844596 kB
MemFree:         1216252 kB
MemAvailable:    1504888 kB
Buffers:           37048 kB
Cached:           382608 kB
MemTotal:        1844596 kB
MemFree:         1214952 kB
MemAvailable:    1503588 kB
Buffers:           37048 kB
Cached:           382608 kB
MemTotal:        1844596 kB
MemFree:         1216072 kB
MemAvailable:    1504708 kB
Buffers:           37048 kB
Cached:           382608 kB
MemTotal:        1844596 kB
MemFree:         1215964 kB
MemAvailable:    1504600 kB
Buffers:           37048 kB
Cached:           382608 kB
MemTotal:        1844596 kB
MemFree:         1216200 kB
MemAvailable:    1504836 kB
Buffers:           37048 kB
Cached:           382608 kB
MemTotal:        1844596 kB
MemFree:         1214912 kB
MemAvailable:    1503548 kB
Buffers:           37048 kB
Cached:           382608 kB
MemTotal:        1844596 kB
MemFree:         1215644 kB
MemAvailable:    1504280 kB
Buffers:           37048 kB
Cached:           382608 kB
MemTotal:        1844596 kB
MemFree:         1215032 kB
MemAvailable:    1503668 kB
Buffers:           37048 kB
Cached:           382608 kB
MemTotal:        1844596 kB
MemFree:         1213484 kB
MemAvailable:    1502120 kB
Buffers:           37048 kB
Cached:           382608 kB
MemTotal:        1844596 kB
MemFree:         1214088 kB
MemAvailable:    1502724 kB
Buffers:           37048 kB
Cached:           382608 kB
MemTotal:        1844596 kB
MemFree:         1214172 kB
MemAvailable:    1502808 kB
Buffers:           37048 kB
Cached:           382608 kB
MemTotal:        1844596 kB
MemFree:         1213784 kB
MemAvailable:    1502420 kB
Buffers:           37048 kB
Cached:           382608 kB
MemTotal:        1844596 kB
MemFree:         1214120 kB
MemAvailable:    1502756 kB
Buffers:           37048 kB
Cached:           382608 kB
MemTotal:        1844596 kB
MemFree:         1213916 kB
MemAvailable:    1502552 kB
Buffers:           37048 kB
Cached:           382608 kB
MemTotal:        1844596 kB
MemFree:         1212236 kB
MemAvailable:    1500872 kB
Buffers:           37048 kB
Cached:           382608 kB
MemTotal:        1844596 kB
MemFree:         1212352 kB
MemAvailable:    1500988 kB
Buffers:           37048 kB
Cached:           382608 kB
MemTotal:        1844596 kB
MemFree:         1211500 kB
MemAvailable:    1500136 kB
Buffers:           37048 kB
Cached:           382608 kB
MemTotal:        1844596 kB
MemFree:         1212056 kB
MemAvailable:    1500692 kB
Buffers:           37048 kB
Cached:           382608 kB
MemTotal:        1844596 kB
MemFree:         1210656 kB
MemAvailable:    1499292 kB
Buffers:           37048 kB
Cached:           382608 kB
MemTotal:        1844596 kB
MemFree:         1210780 kB
MemAvailable:    1499416 kB
Buffers:           37048 kB
Cached:           382608 kB
MemTotal:        1844596 kB
MemFree:         1210036 kB
MemAvailable:    1498672 kB
Buffers:           37048 kB
Cached:           382608 kB
MemTotal:        1844596 kB
MemFree:         1211400 kB
MemAvailable:    1500036 kB
Buffers:           37048 kB
Cached:           382608 kB
MemTotal:        1844596 kB
MemFree:         1211276 kB
MemAvailable:    1499912 kB
Buffers:           37048 kB
Cached:           382608 kB
MemTotal:        1844596 kB
MemFree:         1209904 kB
MemAvailable:    1498540 kB
Buffers:           37048 kB
Cached:           382608 kB
MemTotal:        1844596 kB
MemFree:         1211268 kB
MemAvailable:    1499904 kB
Buffers:           37048 kB
Cached:           382608 kB
MemTotal:        1844596 kB
MemFree:         1211180 kB
MemAvailable:    1499820 kB
Buffers:           37048 kB
Cached:           382612 kB
MemTotal:        1844596 kB
MemFree:         1211220 kB
MemAvailable:    1499860 kB
Buffers:           37048 kB
Cached:           382612 kB
MemTotal:        1844596 kB
MemFree:         1211020 kB
MemAvailable:    1499660 kB
Buffers:           37048 kB
Cached:           382612 kB
MemTotal:        1844596 kB
MemFree:         1211272 kB
MemAvailable:    1499912 kB
Buffers:           37048 kB
Cached:           382612 kB
MemTotal:        1844596 kB
MemFree:         1209864 kB
MemAvailable:    1498504 kB
Buffers:           37048 kB
Cached:           382612 kB
MemTotal:        1844596 kB
MemFree:         1209864 kB
MemAvailable:    1498504 kB
Buffers:           37048 kB
Cached:           382612 kB
MemTotal:        1844596 kB
MemFree:         1210840 kB
MemAvailable:    1499480 kB
Buffers:           37048 kB
Cached:           382612 kB
MemTotal:        1844596 kB
MemFree:         1211008 kB
MemAvailable:    1499648 kB
Buffers:           37048 kB
Cached:           382612 kB
MemTotal:        1844596 kB
MemFree:         1209484 kB
MemAvailable:    1498124 kB
Buffers:           37048 kB
Cached:           382612 kB
MemTotal:        1844596 kB
MemFree:         1210760 kB
MemAvailable:    1499400 kB
Buffers:           37048 kB
Cached:           382612 kB
MemTotal:        1844596 kB
MemFree:         1211012 kB
MemAvailable:    1499652 kB
Buffers:           37048 kB
Cached:           382612 kB
MemTotal:        1844596 kB
MemFree:         1210960 kB
MemAvailable:    1499600 kB
Buffers:           37048 kB
Cached:           382612 kB
MemTotal:        1844596 kB
MemFree:         1210852 kB
MemAvailable:    1499492 kB
Buffers:           37048 kB
Cached:           382612 kB
MemTotal:        1844596 kB
MemFree:         1211012 kB
MemAvailable:    1499652 kB
Buffers:           37048 kB
Cached:           382612 kB
MemTotal:        1844596 kB
MemFree:         1210972 kB
MemAvailable:    1499612 kB
Buffers:           37048 kB
Cached:           382612 kB
MemTotal:        1844596 kB
MemFree:         1210964 kB
MemAvailable:    1499604 kB
Buffers:           37048 kB
Cached:           382612 kB
MemTotal:        1844596 kB
MemFree:         1210848 kB
MemAvailable:    1499488 kB
Buffers:           37048 kB
Cached:           382612 kB
MemTotal:        1844596 kB
MemFree:         1209500 kB
MemAvailable:    1498140 kB
Buffers:           37048 kB
Cached:           382612 kB
MemTotal:        1844596 kB
MemFree:         1209672 kB
MemAvailable:    1498312 kB
Buffers:           37048 kB
Cached:           382612 kB
MemTotal:        1844596 kB
MemFree:         1210780 kB
MemAvailable:    1499420 kB
Buffers:           37048 kB
Cached:           382612 kB
MemTotal:        1844596 kB
MemFree:         1211032 kB
MemAvailable:    1499672 kB
Buffers:           37060 kB
Cached:           382600 kB
MemTotal:        1844596 kB
MemFree:         1210736 kB
MemAvailable:    1499376 kB
Buffers:           37060 kB
Cached:           382600 kB
MemTotal:        1844596 kB
MemFree:         1209656 kB
MemAvailable:    1498296 kB
Buffers:           37060 kB
Cached:           382600 kB
MemTotal:        1844596 kB
MemFree:         1209532 kB
MemAvailable:    1498172 kB
Buffers:           37060 kB
Cached:           382600 kB
MemTotal:        1844596 kB
MemFree:         1209616 kB
MemAvailable:    1498256 kB
Buffers:           37060 kB
Cached:           382600 kB
MemTotal:        1844596 kB
MemFree:         1207912 kB
MemAvailable:    1496552 kB
Buffers:           37060 kB
Cached:           382600 kB
MemTotal:        1844596 kB
MemFree:         1207804 kB
MemAvailable:    1496444 kB
Buffers:           37060 kB
Cached:           382600 kB
MemTotal:        1844596 kB
MemFree:         1207804 kB
MemAvailable:    1496444 kB
Buffers:           37060 kB
Cached:           382600 kB
MemTotal:        1844596 kB
MemFree:         1204704 kB
MemAvailable:    1493344 kB
Buffers:           37060 kB
Cached:           382600 kB
MemTotal:        1844596 kB
MemFree:         1202596 kB
MemAvailable:    1491236 kB
Buffers:           37060 kB
Cached:           382600 kB
MemTotal:        1844596 kB
MemFree:         1202680 kB
MemAvailable:    1491320 kB
Buffers:           37060 kB
Cached:           382600 kB
MemTotal:        1844596 kB
MemFree:         1198068 kB
MemAvailable:    1486708 kB
Buffers:           37060 kB
Cached:           382600 kB
MemTotal:        1844596 kB
MemFree:         1195288 kB
MemAvailable:    1483928 kB
Buffers:           37060 kB
Cached:           382600 kB
MemTotal:        1844596 kB
MemFree:         1192436 kB
MemAvailable:    1481076 kB
Buffers:           37060 kB
Cached:           382600 kB
MemTotal:        1844596 kB
MemFree:         1191196 kB
MemAvailable:    1479836 kB
Buffers:           37060 kB
Cached:           382600 kB
MemTotal:        1844596 kB
MemFree:         1192372 kB
MemAvailable:    1481012 kB
Buffers:           37060 kB
Cached:           382600 kB
MemTotal:        1844596 kB
MemFree:         1191196 kB
MemAvailable:    1479836 kB
Buffers:           37060 kB
Cached:           382600 kB
MemTotal:        1844596 kB
MemFree:         1192044 kB
MemAvailable:    1480684 kB
Buffers:           37060 kB
Cached:           382600 kB
MemTotal:        1844596 kB
MemFree:         1190676 kB
MemAvailable:    1479316 kB
Buffers:           37060 kB
Cached:           382600 kB
MemTotal:        1844596 kB
MemFree:         1191944 kB
MemAvailable:    1480584 kB
Buffers:           37060 kB
Cached:           382600 kB
MemTotal:        1844596 kB
MemFree:         1190688 kB
MemAvailable:    1479328 kB
Buffers:           37060 kB
Cached:           382600 kB
MemTotal:        1844596 kB
MemFree:         1190556 kB
MemAvailable:    1479196 kB
Buffers:           37060 kB
Cached:           382600 kB
MemTotal:        1844596 kB
MemFree:         1191940 kB
MemAvailable:    1480580 kB
Buffers:           37060 kB
Cached:           382600 kB
MemTotal:        1844596 kB
MemFree:         1191736 kB
MemAvailable:    1480376 kB
Buffers:           37060 kB
Cached:           382600 kB
MemTotal:        1844596 kB
MemFree:         1191568 kB
MemAvailable:    1480208 kB
Buffers:           37060 kB
Cached:           382600 kB
MemTotal:        1844596 kB
MemFree:         1191504 kB
MemAvailable:    1480144 kB
Buffers:           37060 kB
Cached:           382600 kB
MemTotal:        1844596 kB
MemFree:         1191048 kB
MemAvailable:    1479688 kB
Buffers:           37060 kB
Cached:           382600 kB
MemTotal:        1844596 kB
MemFree:         1191196 kB
MemAvailable:    1479836 kB
Buffers:           37060 kB
Cached:           382600 kB
MemTotal:        1844596 kB
MemFree:         1189944 kB
MemAvailable:    1478584 kB
Buffers:           37060 kB
Cached:           382600 kB
MemTotal:        1844596 kB
MemFree:         1191244 kB
MemAvailable:    1479884 kB
Buffers:           37060 kB
Cached:           382600 kB
MemTotal:        1844596 kB
MemFree:         1189896 kB
MemAvailable:    1478536 kB
Buffers:           37060 kB
Cached:           382600 kB
MemTotal:        1844596 kB
MemFree:         1190012 kB
MemAvailable:    1478652 kB
Buffers:           37060 kB
Cached:           382600 kB
MemTotal:        1844596 kB
MemFree:         1189896 kB
MemAvailable:    1478536 kB
Buffers:           37060 kB
Cached:           382600 kB
MemTotal:        1844596 kB
MemFree:         1189896 kB
MemAvailable:    1478536 kB
Buffers:           37060 kB
Cached:           382600 kB
MemTotal:        1844596 kB
MemFree:         1189932 kB
MemAvailable:    1478572 kB
Buffers:           37060 kB
Cached:           382600 kB
MemTotal:        1844596 kB
MemFree:         1189908 kB
MemAvailable:    1478548 kB
Buffers:           37060 kB
Cached:           382600 kB
MemTotal:        1844596 kB
MemFree:         1189908 kB
MemAvailable:    1478548 kB
Buffers:           37060 kB
Cached:           382600 kB
MemTotal:        1844596 kB
MemFree:         1191332 kB
MemAvailable:    1479972 kB
Buffers:           37060 kB
Cached:           382600 kB
MemTotal:        1844596 kB
MemFree:         1190020 kB
MemAvailable:    1478660 kB
Buffers:           37060 kB
Cached:           382600 kB
MemTotal:        1844596 kB
MemFree:         1189772 kB
MemAvailable:    1478412 kB
Buffers:           37060 kB
Cached:           382600 kB
MemTotal:        1844596 kB
MemFree:         1191132 kB
MemAvailable:    1479772 kB
Buffers:           37060 kB
Cached:           382600 kB
MemTotal:        1844596 kB
MemFree:         1190204 kB
MemAvailable:    1478844 kB
Buffers:           37060 kB
Cached:           382600 kB
MemTotal:        1844596 kB
MemFree:         1191304 kB
MemAvailable:    1479960 kB
Buffers:           37060 kB
Cached:           382616 kB
MemTotal:        1844596 kB
MemFree:         1191304 kB
MemAvailable:    1479960 kB
Buffers:           37060 kB
Cached:           382616 kB
MemTotal:        1844596 kB
MemFree:         1189776 kB
MemAvailable:    1478432 kB
Buffers:           37060 kB
Cached:           382616 kB
MemTotal:        1844596 kB
MemFree:         1191052 kB
MemAvailable:    1479708 kB
Buffers:           37060 kB
Cached:           382616 kB
MemTotal:        1844596 kB
MemFree:         1191304 kB
MemAvailable:    1479960 kB
Buffers:           37060 kB
Cached:           382616 kB
MemTotal:        1844596 kB
MemFree:         1191256 kB
MemAvailable:    1479912 kB
Buffers:           37060 kB
Cached:           382616 kB
MemTotal:        1844596 kB
MemFree:         1190884 kB
MemAvailable:    1479540 kB
Buffers:           37060 kB
Cached:           382616 kB
MemTotal:        1844596 kB
MemFree:         1191220 kB
MemAvailable:    1479876 kB
Buffers:           37060 kB
Cached:           382616 kB
MemTotal:        1844596 kB
MemFree:         1191064 kB
MemAvailable:    1479724 kB
Buffers:           37060 kB
Cached:           382620 kB
MemTotal:        1844596 kB
MemFree:         1191320 kB
MemAvailable:    1479980 kB
Buffers:           37060 kB
Cached:           382620 kB
MemTotal:        1844596 kB
MemFree:         1190188 kB
MemAvailable:    1478852 kB
Buffers:           37060 kB
Cached:           382624 kB
MemTotal:        1844596 kB
MemFree:         1190188 kB
MemAvailable:    1478852 kB
Buffers:           37060 kB
Cached:           382624 kB
MemTotal:        1844596 kB
MemFree:         1185864 kB
MemAvailable:    1474528 kB
Buffers:           37060 kB
Cached:           382624 kB
MemTotal:        1844596 kB
MemFree:         1182824 kB
MemAvailable:    1471488 kB
Buffers:           37060 kB
Cached:           382624 kB
MemTotal:        1844596 kB
MemFree:         1179780 kB
MemAvailable:    1468444 kB
Buffers:           37060 kB
Cached:           382624 kB
MemTotal:        1844596 kB
MemFree:         1176308 kB
MemAvailable:    1464972 kB
Buffers:           37060 kB
Cached:           382624 kB
MemTotal:        1844596 kB
MemFree:         1176392 kB
MemAvailable:    1465056 kB
Buffers:           37060 kB
Cached:           382624 kB
MemTotal:        1844596 kB
MemFree:         1173588 kB
MemAvailable:    1462252 kB
Buffers:           37060 kB
Cached:           382624 kB
MemTotal:        1844596 kB
MemFree:         1173324 kB
MemAvailable:    1461988 kB
Buffers:           37060 kB
Cached:           382624 kB
MemTotal:        1844596 kB
MemFree:         1173576 kB
MemAvailable:    1462240 kB
Buffers:           37060 kB
Cached:           382624 kB
MemTotal:        1844596 kB
MemFree:         1173524 kB
MemAvailable:    1462188 kB
Buffers:           37060 kB
Cached:           382624 kB
MemTotal:        1844596 kB
MemFree:         1173604 kB
MemAvailable:    1462268 kB
Buffers:           37060 kB
Cached:           382624 kB
MemTotal:        1844596 kB
MemFree:         1173604 kB
MemAvailable:    1462268 kB
Buffers:           37060 kB
Cached:           382624 kB
MemTotal:        1844596 kB
MemFree:         1173280 kB
MemAvailable:    1461944 kB
Buffers:           37060 kB
Cached:           382624 kB
MemTotal:        1844596 kB
MemFree:         1173532 kB
MemAvailable:    1462196 kB
Buffers:           37060 kB
Cached:           382624 kB
MemTotal:        1844596 kB
MemFree:         1173268 kB
MemAvailable:    1461932 kB
Buffers:           37060 kB
Cached:           382624 kB
MemTotal:        1844596 kB
MemFree:         1173012 kB
MemAvailable:    1461676 kB
Buffers:           37060 kB
Cached:           382624 kB
MemTotal:        1844596 kB
MemFree:         1171976 kB
MemAvailable:    1460640 kB
Buffers:           37060 kB
Cached:           382624 kB
MemTotal:        1844596 kB
MemFree:         1172748 kB
MemAvailable:    1461412 kB
Buffers:           37060 kB
Cached:           382624 kB
MemTotal:        1844596 kB
MemFree:         1173092 kB
MemAvailable:    1461756 kB
Buffers:           37060 kB
Cached:           382624 kB
MemTotal:        1844596 kB
MemFree:         1171672 kB
MemAvailable:    1460336 kB
Buffers:           37060 kB
Cached:           382624 kB
MemTotal:        1844596 kB
MemFree:         1171672 kB
MemAvailable:    1460336 kB
Buffers:           37060 kB
Cached:           382624 kB
MemTotal:        1844596 kB
MemFree:         1172908 kB
MemAvailable:    1461572 kB
Buffers:           37060 kB
Cached:           382624 kB
MemTotal:        1844596 kB
MemFree:         1172092 kB
MemAvailable:    1460756 kB
Buffers:           37060 kB
Cached:           382624 kB
MemTotal:        1844596 kB
MemFree:         1172712 kB
MemAvailable:    1461376 kB
Buffers:           37060 kB
Cached:           382624 kB
MemTotal:        1844596 kB
MemFree:         1173048 kB
MemAvailable:    1461712 kB
Buffers:           37060 kB
Cached:           382624 kB
MemTotal:        1844596 kB
MemFree:         1172836 kB
MemAvailable:    1461500 kB
Buffers:           37060 kB
Cached:           382624 kB
MemTotal:        1844596 kB
MemFree:         1173088 kB
MemAvailable:    1461752 kB
Buffers:           37060 kB
Cached:           382624 kB
MemTotal:        1844596 kB
MemFree:         1171712 kB
MemAvailable:    1460376 kB
Buffers:           37060 kB
Cached:           382624 kB
MemTotal:        1844596 kB
MemFree:         1171804 kB
MemAvailable:    1460468 kB
Buffers:           37060 kB
Cached:           382624 kB
MemTotal:        1844596 kB
MemFree:         1171716 kB
MemAvailable:    1460380 kB
Buffers:           37060 kB
Cached:           382624 kB
MemTotal:        1844596 kB
MemFree:         1172896 kB
MemAvailable:    1461560 kB
Buffers:           37060 kB
Cached:           382624 kB
MemTotal:        1844596 kB
MemFree:         1173064 kB
MemAvailable:    1461728 kB
Buffers:           37060 kB
Cached:           382624 kB
MemTotal:        1844596 kB
MemFree:         1172788 kB
MemAvailable:    1461452 kB
Buffers:           37060 kB
Cached:           382624 kB
MemTotal:        1844596 kB
MemFree:         1173032 kB
MemAvailable:    1461696 kB
Buffers:           37060 kB
Cached:           382624 kB
MemTotal:        1844596 kB
MemFree:         1173016 kB
MemAvailable:    1461680 kB
Buffers:           37060 kB
Cached:           382624 kB
MemTotal:        1844596 kB
MemFree:         1172836 kB
MemAvailable:    1461500 kB
Buffers:           37060 kB
Cached:           382624 kB
MemTotal:        1844596 kB
MemFree:         1171784 kB
MemAvailable:    1460448 kB
Buffers:           37060 kB
Cached:           382624 kB
MemTotal:        1844596 kB
MemFree:         1171784 kB
MemAvailable:    1460448 kB
Buffers:           37060 kB
Cached:           382624 kB
MemTotal:        1844596 kB
MemFree:         1171784 kB
MemAvailable:    1460448 kB
Buffers:           37060 kB
Cached:           382624 kB
MemTotal:        1844596 kB
MemFree:         1171900 kB
MemAvailable:    1460564 kB
Buffers:           37060 kB
Cached:           382624 kB
MemTotal:        1844596 kB
MemFree:         1171520 kB
MemAvailable:    1460184 kB
Buffers:           37060 kB
Cached:           382624 kB
MemTotal:        1844596 kB
MemFree:         1171520 kB
MemAvailable:    1460184 kB
Buffers:           37060 kB
Cached:           382624 kB
MemTotal:        1844596 kB
MemFree:         1170612 kB
MemAvailable:    1459276 kB
Buffers:           37060 kB
Cached:           382624 kB
MemTotal:        1844596 kB
MemFree:         1165512 kB
MemAvailable:    1454176 kB
Buffers:           37060 kB
Cached:           382624 kB
MemTotal:        1844596 kB
MemFree:         1165032 kB
MemAvailable:    1453696 kB
Buffers:           37060 kB
Cached:           382624 kB
MemTotal:        1844596 kB
MemFree:         1160816 kB
MemAvailable:    1449480 kB
Buffers:           37060 kB
Cached:           382624 kB
MemTotal:        1844596 kB
MemFree:         1156228 kB
MemAvailable:    1444892 kB
Buffers:           37060 kB
Cached:           382624 kB
MemTotal:        1844596 kB
MemFree:         1155468 kB
MemAvailable:    1444132 kB
Buffers:           37060 kB
Cached:           382624 kB
MemTotal:        1844596 kB
MemFree:         1154988 kB
MemAvailable:    1443652 kB
Buffers:           37060 kB
Cached:           382624 kB
MemTotal:        1844596 kB
MemFree:         1155348 kB
MemAvailable:    1444012 kB
Buffers:           37060 kB
Cached:           382624 kB
MemTotal:        1844596 kB
MemFree:         1154616 kB
MemAvailable:    1443280 kB
Buffers:           37060 kB
Cached:           382624 kB
MemTotal:        1844596 kB
MemFree:         1155692 kB
MemAvailable:    1444364 kB
Buffers:           37060 kB
Cached:           382632 kB
MemTotal:        1844596 kB
MemFree:         1154368 kB
MemAvailable:    1443040 kB
Buffers:           37060 kB
Cached:           382632 kB
MemTotal:        1844596 kB
MemFree:         1155676 kB
MemAvailable:    1444348 kB
Buffers:           37060 kB
Cached:           382632 kB
MemTotal:        1844596 kB
MemFree:         1155304 kB
MemAvailable:    1443976 kB
Buffers:           37060 kB
Cached:           382632 kB
MemTotal:        1844596 kB
MemFree:         1155472 kB
MemAvailable:    1444144 kB
Buffers:           37060 kB
Cached:           382632 kB
MemTotal:        1844596 kB
MemFree:         1154100 kB
MemAvailable:    1442772 kB
Buffers:           37060 kB
Cached:           382632 kB
MemTotal:        1844596 kB
MemFree:         1155208 kB
MemAvailable:    1443880 kB
Buffers:           37060 kB
Cached:           382632 kB
MemTotal:        1844596 kB
MemFree:         1155460 kB
MemAvailable:    1444132 kB
Buffers:           37060 kB
Cached:           382632 kB
MemTotal:        1844596 kB
MemFree:         1155408 kB
MemAvailable:    1444080 kB
Buffers:           37060 kB
Cached:           382632 kB
MemTotal:        1844596 kB
MemFree:         1154100 kB
MemAvailable:    1442772 kB
Buffers:           37060 kB
Cached:           382632 kB
MemTotal:        1844596 kB
MemFree:         1154100 kB
MemAvailable:    1442772 kB
Buffers:           37060 kB
Cached:           382632 kB
MemTotal:        1844596 kB
MemFree:         1154100 kB
MemAvailable:    1442772 kB
Buffers:           37060 kB
Cached:           382632 kB
MemTotal:        1844596 kB
MemFree:         1155388 kB
MemAvailable:    1444060 kB
Buffers:           37060 kB
Cached:           382632 kB
MemTotal:        1844596 kB
MemFree:         1154336 kB
MemAvailable:    1443008 kB
Buffers:           37060 kB
Cached:           382632 kB
MemTotal:        1844596 kB
MemFree:         1154040 kB
MemAvailable:    1442712 kB
Buffers:           37060 kB
Cached:           382632 kB
MemTotal:        1844596 kB
MemFree:         1155276 kB
MemAvailable:    1443948 kB
Buffers:           37060 kB
Cached:           382632 kB
MemTotal:        1844596 kB
MemFree:         1155244 kB
MemAvailable:    1443916 kB
Buffers:           37060 kB
Cached:           382632 kB
MemTotal:        1844596 kB
MemFree:         1154608 kB
MemAvailable:    1443280 kB
Buffers:           37060 kB
Cached:           382632 kB
MemTotal:        1844596 kB
MemFree:         1153880 kB
MemAvailable:    1442552 kB
Buffers:           37060 kB
Cached:           382632 kB
MemTotal:        1844596 kB
MemFree:         1154388 kB
MemAvailable:    1443060 kB
Buffers:           37060 kB
Cached:           382632 kB
MemTotal:        1844596 kB
MemFree:         1154428 kB
MemAvailable:    1443100 kB
Buffers:           37060 kB
Cached:           382632 kB
MemTotal:        1844596 kB
MemFree:         1154308 kB
MemAvailable:    1442980 kB
Buffers:           37060 kB
Cached:           382632 kB
MemTotal:        1844596 kB
MemFree:         1154368 kB
MemAvailable:    1443040 kB
Buffers:           37060 kB
Cached:           382632 kB
MemTotal:        1844596 kB
MemFree:         1152940 kB
MemAvailable:    1441612 kB
Buffers:           37060 kB
Cached:           382632 kB
MemTotal:        1844596 kB
MemFree:         1153856 kB
MemAvailable:    1442528 kB
Buffers:           37060 kB
Cached:           382632 kB
MemTotal:        1844596 kB
MemFree:         1153252 kB
MemAvailable:    1441924 kB
Buffers:           37060 kB
Cached:           382632 kB
MemTotal:        1844596 kB
MemFree:         1152632 kB
MemAvailable:    1441304 kB
Buffers:           37060 kB
Cached:           382632 kB
MemTotal:        1844596 kB
MemFree:         1150584 kB
MemAvailable:    1439256 kB
Buffers:           37060 kB
Cached:           382632 kB
MemTotal:        1844596 kB
MemFree:         1148160 kB
MemAvailable:    1436832 kB
Buffers:           37060 kB
Cached:           382632 kB
MemTotal:        1844596 kB
MemFree:         1145548 kB
MemAvailable:    1434220 kB
Buffers:           37060 kB
Cached:           382632 kB
MemTotal:        1844596 kB
MemFree:         1145632 kB
MemAvailable:    1434304 kB
Buffers:           37060 kB
Cached:           382632 kB
MemTotal:        1844596 kB
MemFree:         1141656 kB
MemAvailable:    1430328 kB
Buffers:           37060 kB
Cached:           382632 kB
MemTotal:        1844596 kB
MemFree:         1139344 kB
MemAvailable:    1428016 kB
Buffers:           37060 kB
Cached:           382632 kB
MemTotal:        1844596 kB
MemFree:         1136636 kB
MemAvailable:    1425308 kB
Buffers:           37060 kB
Cached:           382632 kB
MemTotal:        1844596 kB
MemFree:         1133768 kB
MemAvailable:    1422444 kB
Buffers:           37060 kB
Cached:           382636 kB
MemTotal:        1844596 kB
MemFree:         1133772 kB
MemAvailable:    1422448 kB
Buffers:           37060 kB
Cached:           382636 kB
MemTotal:        1844596 kB
MemFree:         1130808 kB
MemAvailable:    1419484 kB
Buffers:           37060 kB
Cached:           382636 kB
MemTotal:        1844596 kB
MemFree:         1128568 kB
MemAvailable:    1417244 kB
Buffers:           37060 kB
Cached:           382636 kB
MemTotal:        1844596 kB
MemFree:         1128568 kB
MemAvailable:    1417244 kB
Buffers:           37060 kB
Cached:           382636 kB
MemTotal:        1844596 kB
MemFree:         1124344 kB
MemAvailable:    1413020 kB
Buffers:           37060 kB
Cached:           382636 kB
MemTotal:        1844596 kB
MemFree:         1123988 kB
MemAvailable:    1412664 kB
Buffers:           37060 kB
Cached:           382636 kB
MemTotal:        1844596 kB
MemFree:         1123924 kB
MemAvailable:    1412600 kB
Buffers:           37060 kB
Cached:           382636 kB
MemTotal:        1844596 kB
MemFree:         1123924 kB
MemAvailable:    1412600 kB
Buffers:           37060 kB
Cached:           382636 kB
MemTotal:        1844596 kB
MemFree:         1123732 kB
MemAvailable:    1412408 kB
Buffers:           37060 kB
Cached:           382636 kB
MemTotal:        1844596 kB
MemFree:         1123732 kB
MemAvailable:    1412408 kB
Buffers:           37060 kB
Cached:           382636 kB
MemTotal:        1844596 kB
MemFree:         1122196 kB
MemAvailable:    1410872 kB
Buffers:           37060 kB
Cached:           382636 kB
MemTotal:        1844596 kB
MemFree:         1123304 kB
MemAvailable:    1411980 kB
Buffers:           37060 kB
Cached:           382636 kB
MemTotal:        1844596 kB
MemFree:         1123640 kB
MemAvailable:    1412316 kB
Buffers:           37060 kB
Cached:           382636 kB
MemTotal:        1844596 kB
MemFree:         1123424 kB
MemAvailable:    1412100 kB
Buffers:           37060 kB
Cached:           382636 kB
MemTotal:        1844596 kB
MemFree:         1123676 kB
MemAvailable:    1412352 kB
Buffers:           37060 kB
Cached:           382636 kB
MemTotal:        1844596 kB
MemFree:         1123056 kB
MemAvailable:    1411732 kB
Buffers:           37060 kB
Cached:           382636 kB
MemTotal:        1844596 kB
MemFree:         1121384 kB
MemAvailable:    1410060 kB
Buffers:           37060 kB
Cached:           382636 kB
MemTotal:        1844596 kB
MemFree:         1121252 kB
MemAvailable:    1409928 kB
Buffers:           37060 kB
Cached:           382636 kB
MemTotal:        1844596 kB
MemFree:         1121252 kB
MemAvailable:    1409928 kB
Buffers:           37060 kB
Cached:           382636 kB
MemTotal:        1844596 kB
MemFree:         1122356 kB
MemAvailable:    1411032 kB
Buffers:           37060 kB
Cached:           382636 kB
MemTotal:        1844596 kB
MemFree:         1122356 kB
MemAvailable:    1411032 kB
Buffers:           37060 kB
Cached:           382636 kB
MemTotal:        1844596 kB
MemFree:         1122236 kB
MemAvailable:    1410912 kB
Buffers:           37060 kB
Cached:           382636 kB
MemTotal:        1844596 kB
MemFree:         1121756 kB
MemAvailable:    1410432 kB
Buffers:           37060 kB
Cached:           382636 kB
MemTotal:        1844596 kB
MemFree:         1122072 kB
MemAvailable:    1410748 kB
Buffers:           37060 kB
Cached:           382636 kB
MemTotal:        1844596 kB
MemFree:         1120948 kB
MemAvailable:    1409624 kB
Buffers:           37060 kB
Cached:           382636 kB
MemTotal:        1844596 kB
MemFree:         1121800 kB
MemAvailable:    1410476 kB
Buffers:           37060 kB
Cached:           382636 kB
MemTotal:        1844596 kB
MemFree:         1121384 kB
MemAvailable:    1410060 kB
Buffers:           37060 kB
Cached:           382636 kB
MemTotal:        1844596 kB
MemFree:         1121444 kB
MemAvailable:    1410120 kB
Buffers:           37060 kB
Cached:           382636 kB
MemTotal:        1844596 kB
MemFree:         1121020 kB
MemAvailable:    1409696 kB
Buffers:           37060 kB
Cached:           382636 kB
MemTotal:        1844596 kB
MemFree:         1121064 kB
MemAvailable:    1409740 kB
Buffers:           37060 kB
Cached:           382636 kB
MemTotal:        1844596 kB
MemFree:         1120936 kB
MemAvailable:    1409612 kB
Buffers:           37060 kB
Cached:           382636 kB
MemTotal:        1844596 kB
MemFree:         1119368 kB
MemAvailable:    1408044 kB
Buffers:           37060 kB
Cached:           382636 kB
MemTotal:        1844596 kB
MemFree:         1119772 kB
MemAvailable:    1408448 kB
Buffers:           37060 kB
Cached:           382636 kB
MemTotal:        1844596 kB
MemFree:         1118160 kB
MemAvailable:    1406836 kB
Buffers:           37060 kB
Cached:           382636 kB
MemTotal:        1844596 kB
MemFree:         1119524 kB
MemAvailable:    1408200 kB
Buffers:           37060 kB
Cached:           382636 kB
MemTotal:        1844596 kB
MemFree:         1118028 kB
MemAvailable:    1406704 kB
Buffers:           37060 kB
Cached:           382636 kB
MemTotal:        1844596 kB
MemFree:         1119328 kB
MemAvailable:    1408004 kB
Buffers:           37060 kB
Cached:           382636 kB
MemTotal:        1844596 kB
MemFree:         1118772 kB
MemAvailable:    1407448 kB
Buffers:           37060 kB
Cached:           382636 kB
MemTotal:        1844596 kB
MemFree:         1118036 kB
MemAvailable:    1406712 kB
Buffers:           37060 kB
Cached:           382636 kB
MemTotal:        1844596 kB
MemFree:         1119144 kB
MemAvailable:    1407820 kB
Buffers:           37060 kB
Cached:           382636 kB
MemTotal:        1844596 kB
MemFree:         1119160 kB
MemAvailable:    1407836 kB
Buffers:           37060 kB
Cached:           382636 kB
MemTotal:        1844596 kB
MemFree:         1119288 kB
MemAvailable:    1407964 kB
Buffers:           37060 kB
Cached:           382636 kB
MemTotal:        1844596 kB
MemFree:         1119284 kB
MemAvailable:    1407960 kB
Buffers:           37060 kB
Cached:           382636 kB
MemTotal:        1844596 kB
MemFree:         1118532 kB
MemAvailable:    1407208 kB
Buffers:           37060 kB
Cached:           382636 kB
MemTotal:        1844596 kB
MemFree:         1119132 kB
MemAvailable:    1407808 kB
Buffers:           37060 kB
Cached:           382636 kB
MemTotal:        1844596 kB
MemFree:         1119468 kB
MemAvailable:    1408144 kB
Buffers:           37060 kB
Cached:           382636 kB
MemTotal:        1844596 kB
MemFree:         1119144 kB
MemAvailable:    1407820 kB
Buffers:           37060 kB
Cached:           382636 kB
MemTotal:        1844596 kB
MemFree:         1119284 kB
MemAvailable:    1407960 kB
Buffers:           37060 kB
Cached:           382636 kB
MemTotal:        1844596 kB
MemFree:         1119288 kB
MemAvailable:    1407964 kB
Buffers:           37060 kB
Cached:           382636 kB
MemTotal:        1844596 kB
MemFree:         1118272 kB
MemAvailable:    1406948 kB
Buffers:           37060 kB
Cached:           382636 kB
MemTotal:        1844596 kB
MemFree:         1119324 kB
MemAvailable:    1408000 kB
Buffers:           37060 kB
Cached:           382636 kB
MemTotal:        1844596 kB
MemFree:         1119192 kB
MemAvailable:    1407868 kB
Buffers:           37060 kB
Cached:           382636 kB
MemTotal:        1844596 kB
MemFree:         1119076 kB
MemAvailable:    1407752 kB
Buffers:           37060 kB
Cached:           382636 kB
MemTotal:        1844596 kB
MemFree:         1119328 kB
MemAvailable:    1408004 kB
Buffers:           37060 kB
Cached:           382636 kB
MemTotal:        1844596 kB
MemFree:         1118028 kB
MemAvailable:    1406704 kB
Buffers:           37060 kB
Cached:           382636 kB
MemTotal:        1844596 kB
MemFree:         1119188 kB
MemAvailable:    1407864 kB
Buffers:           37060 kB
Cached:           382636 kB
MemTotal:        1844596 kB
MemFree:         1119188 kB
MemAvailable:    1407864 kB
Buffers:           37060 kB
Cached:           382636 kB
MemTotal:        1844596 kB
MemFree:         1119392 kB
MemAvailable:    1408068 kB
Buffers:           37060 kB
Cached:           382636 kB
MemTotal:        1844596 kB
MemFree:         1119288 kB
MemAvailable:    1407964 kB
Buffers:           37060 kB
Cached:           382636 kB
MemTotal:        1844596 kB
MemFree:         1118108 kB
MemAvailable:    1406784 kB
Buffers:           37060 kB
Cached:           382636 kB
MemTotal:        1844596 kB
MemFree:         1119312 kB
MemAvailable:    1407988 kB
Buffers:           37060 kB
Cached:           382636 kB
MemTotal:        1844596 kB
MemFree:         1118532 kB
MemAvailable:    1407208 kB
Buffers:           37060 kB
Cached:           382636 kB
MemTotal:        1844596 kB
MemFree:         1119096 kB
MemAvailable:    1407780 kB
Buffers:           37060 kB
Cached:           382644 kB
MemTotal:        1844596 kB
MemFree:         1119432 kB
MemAvailable:    1408116 kB
Buffers:           37060 kB
Cached:           382644 kB
MemTotal:        1844596 kB
MemFree:         1119136 kB
MemAvailable:    1407820 kB
Buffers:           37060 kB
Cached:           382644 kB
MemTotal:        1844596 kB
MemFree:         1119276 kB
MemAvailable:    1407960 kB
Buffers:           37060 kB
Cached:           382644 kB
MemTotal:        1844596 kB
MemFree:         1119264 kB
MemAvailable:    1407948 kB
Buffers:           37060 kB
Cached:           382644 kB
MemTotal:        1844596 kB
MemFree:         1119276 kB
MemAvailable:    1407960 kB
Buffers:           37060 kB
Cached:           382644 kB
MemTotal:        1844596 kB
MemFree:         1118408 kB
MemAvailable:    1407092 kB
Buffers:           37060 kB
Cached:           382644 kB
MemTotal:        1844596 kB
MemFree:         1119264 kB
MemAvailable:    1407948 kB
Buffers:           37060 kB
Cached:           382644 kB
MemTotal:        1844596 kB
MemFree:         1118024 kB
MemAvailable:    1406708 kB
Buffers:           37060 kB
Cached:           382644 kB
MemTotal:        1844596 kB
MemFree:         1119144 kB
MemAvailable:    1407828 kB
Buffers:           37060 kB
Cached:           382644 kB
MemTotal:        1844596 kB
MemFree:         1119144 kB
MemAvailable:    1407828 kB
Buffers:           37060 kB
Cached:           382644 kB
MemTotal:        1844596 kB
MemFree:         1118880 kB
MemAvailable:    1407564 kB
Buffers:           37060 kB
Cached:           382644 kB
MemTotal:        1844596 kB
MemFree:         1118532 kB
MemAvailable:    1407216 kB
Buffers:           37060 kB
Cached:           382644 kB
MemTotal:        1844596 kB
MemFree:         1115928 kB
MemAvailable:    1404612 kB
Buffers:           37060 kB
Cached:           382644 kB
MemTotal:        1844596 kB
MemFree:         1115928 kB
MemAvailable:    1404612 kB
Buffers:           37060 kB
Cached:           382644 kB
MemTotal:        1844596 kB
MemFree:         1112208 kB
MemAvailable:    1400892 kB
Buffers:           37060 kB
Cached:           382644 kB
MemTotal:        1844596 kB
MemFree:         1111588 kB
MemAvailable:    1400272 kB
Buffers:           37060 kB
Cached:           382644 kB
MemTotal:        1844596 kB
MemFree:         1112564 kB
MemAvailable:    1401248 kB
Buffers:           37060 kB
Cached:           382644 kB
MemTotal:        1844596 kB
MemFree:         1112564 kB
MemAvailable:    1401248 kB
Buffers:           37060 kB
Cached:           382644 kB
MemTotal:        1844596 kB
MemFree:         1112428 kB
MemAvailable:    1401112 kB
Buffers:           37060 kB
Cached:           382644 kB
MemTotal:        1844596 kB
MemFree:         1112332 kB
MemAvailable:    1401016 kB
Buffers:           37060 kB
Cached:           382644 kB
MemTotal:        1844596 kB
MemFree:         1111068 kB
MemAvailable:    1399752 kB
Buffers:           37060 kB
Cached:           382644 kB
MemTotal:        1844596 kB
MemFree:         1112524 kB
MemAvailable:    1401208 kB
Buffers:           37060 kB
Cached:           382644 kB
MemTotal:        1844596 kB
MemFree:         1111588 kB
MemAvailable:    1400272 kB
Buffers:           37060 kB
Cached:           382644 kB
MemTotal:        1844596 kB
MemFree:         1111456 kB
MemAvailable:    1400140 kB
Buffers:           37060 kB
Cached:           382644 kB
MemTotal:        1844596 kB
MemFree:         1112500 kB
MemAvailable:    1401184 kB
Buffers:           37060 kB
Cached:           382644 kB
MemTotal:        1844596 kB
MemFree:         1112268 kB
MemAvailable:    1400952 kB
Buffers:           37060 kB
Cached:           382644 kB
MemTotal:        1844596 kB
MemFree:         1111596 kB
MemAvailable:    1400280 kB
Buffers:           37060 kB
Cached:           382644 kB
MemTotal:        1844596 kB
MemFree:         1112004 kB
MemAvailable:    1400688 kB
Buffers:           37060 kB
Cached:           382644 kB
MemTotal:        1844596 kB
MemFree:         1110836 kB
MemAvailable:    1399520 kB
Buffers:           37060 kB
Cached:           382644 kB
MemTotal:        1844596 kB
MemFree:         1111944 kB
MemAvailable:    1400628 kB
Buffers:           37060 kB
Cached:           382644 kB
MemTotal:        1844596 kB
MemFree:         1112196 kB
MemAvailable:    1400880 kB
Buffers:           37060 kB
Cached:           382644 kB
MemTotal:        1844596 kB
MemFree:         1111696 kB
MemAvailable:    1400548 kB
Buffers:           37060 kB
Cached:           382892 kB
MemTotal:        1844596 kB
MemFree:         1111472 kB
MemAvailable:    1400324 kB
Buffers:           37060 kB
Cached:           382892 kB
MemTotal:        1844596 kB
MemFree:         1111640 kB
MemAvailable:    1400660 kB
Buffers:           37060 kB
Cached:           383016 kB
MemTotal:        1844596 kB
MemFree:         1111468 kB
MemAvailable:    1400572 kB
Buffers:           37060 kB
Cached:           383140 kB
MemTotal:        1844596 kB
MemFree:         1110596 kB
MemAvailable:    1399784 kB
Buffers:           37060 kB
Cached:           383264 kB
MemTotal:        1844596 kB
MemFree:         1111456 kB
MemAvailable:    1400768 kB
Buffers:           37060 kB
Cached:           383224 kB
MemTotal:        1844596 kB
MemFree:         1111540 kB
MemAvailable:    1400852 kB
Buffers:           37060 kB
Cached:           383224 kB
MemTotal:        1844596 kB
MemFree:         1111352 kB
MemAvailable:    1400664 kB
Buffers:           37060 kB
Cached:           383224 kB
MemTotal:        1844596 kB
MemFree:         1111388 kB
MemAvailable:    1400700 kB
Buffers:           37060 kB
Cached:           383224 kB
MemTotal:        1844596 kB
MemFree:         1109956 kB
MemAvailable:    1399268 kB
Buffers:           37060 kB
Cached:           383224 kB
MemTotal:        1844596 kB
MemFree:         1111200 kB
MemAvailable:    1400512 kB
Buffers:           37060 kB
Cached:           383224 kB
MemTotal:        1844596 kB
MemFree:         1111200 kB
MemAvailable:    1400512 kB
Buffers:           37060 kB
Cached:           383224 kB
MemTotal:        1844596 kB
MemFree:         1109912 kB
MemAvailable:    1399224 kB
Buffers:           37060 kB
Cached:           383224 kB
MemTotal:        1844596 kB
MemFree:         1109912 kB
MemAvailable:    1399224 kB
Buffers:           37060 kB
Cached:           383348 kB
MemTotal:        1844596 kB
MemFree:         1111228 kB
MemAvailable:    1399952 kB
Buffers:           37060 kB
Cached:           382632 kB
MemTotal:        1844596 kB
MemFree:         1111012 kB
MemAvailable:    1399736 kB
Buffers:           37060 kB
Cached:           382632 kB
MemTotal:        1844596 kB
MemFree:         1149228 kB
MemAvailable:    1437952 kB
Buffers:           37060 kB
Cached:           382632 kB
MemTotal:        1844596 kB
MemFree:         1305216 kB
MemAvailable:    1593940 kB
Buffers:           37060 kB
Cached:           382632 kB
