MemTotal:        1844596 kB
MemFree:         1426160 kB
MemAvailable:    1608148 kB
Buffers:           22788 kB
Cached:           289288 kB
MemTotal:        1844596 kB
MemFree:         1399284 kB
MemAvailable:    1581276 kB
Buffers:           22788 kB
Cached:           289292 kB
MemTotal:        1844596 kB
MemFree:         1398976 kB
MemAvailable:    1580968 kB
Buffers:           22788 kB
Cached:           289292 kB
MemTotal:        1844596 kB
MemFree:         1396556 kB
MemAvailable:    1578548 kB
Buffers:           22788 kB
Cached:           289292 kB
MemTotal:        1844596 kB
MemFree:         1395812 kB
MemAvailable:    1577804 kB
Buffers:           22788 kB
Cached:           289292 kB
MemTotal:        1844596 kB
MemFree:         1393904 kB
MemAvailable:    1575896 kB
Buffers:           22788 kB
Cached:           289292 kB
MemTotal:        1844596 kB
MemFree:         1395268 kB
MemAvailable:    1577260 kB
Buffers:           22788 kB
Cached:           289292 kB
MemTotal:        1844596 kB
MemFree:         1392084 kB
MemAvailable:    1574076 kB
Buffers:           22788 kB
Cached:           289292 kB
MemTotal:        1844596 kB
MemFree:         1391464 kB
MemAvailable:    1573456 kB
Buffers:           22788 kB
Cached:           289292 kB
MemTotal:        1844596 kB
MemFree:         1388480 kB
MemAvailable:    1570472 kB
Buffers:           22788 kB
Cached:           289292 kB
MemTotal:        1844596 kB
MemFree:         1388692 kB
MemAvailable:    1570684 kB
Buffers:           22788 kB
Cached:           289292 kB
MemTotal:        1844596 kB
MemFree:         1382792 kB
MemAvailable:    1564784 kB
Buffers:           22788 kB
Cached:           289292 kB
MemTotal:        1844596 kB
MemFree:         1384716 kB
MemAvailable:    1566708 kB
Buffers:           22788 kB
Cached:           289292 kB
MemTotal:        1844596 kB
MemFree:         1385440 kB
MemAvailable:    1567432 kB
Buffers:           22788 kB
Cached:           289292 kB
MemTotal:        1844596 kB
MemFree:         1385472 kB
MemAvailable:    1567464 kB
Buffers:           22788 kB
Cached:           289292 kB
MemTotal:        1844596 kB
MemFree:         1385264 kB
MemAvailable:    1567256 kB
Buffers:           22788 kB
Cached:           289292 kB
MemTotal:        1844596 kB
MemFree:         1385348 kB
MemAvailable:    1567340 kB
Buffers:           22788 kB
Cached:           289292 kB
MemTotal:        1844596 kB
MemFree:         1385016 kB
MemAvailable:    1567008 kB
Buffers:           22788 kB
Cached:           289292 kB
MemTotal:        1844596 kB
MemFree:         1384464 kB
MemAvailable:    1566456 kB
Buffers:           22788 kB
Cached:           289292 kB
MemTotal:        1844596 kB
MemFree:         1383164 kB
MemAvailable:    1565156 kB
Buffers:           22788 kB
Cached:           289292 kB
MemTotal:        1844596 kB
MemFree:         1381676 kB
MemAvailable:    1563668 kB
Buffers:           22788 kB
Cached:           289292 kB
MemTotal:        1844596 kB
MemFree:         1381924 kB
MemAvailable:    1563916 kB
Buffers:           22788 kB
Cached:           289292 kB
MemTotal:        1844596 kB
MemFree:         1382908 kB
MemAvailable:    1564900 kB
Buffers:           22788 kB
Cached:           289292 kB
MemTotal:        1844596 kB
MemFree:         1382992 kB
MemAvailable:    1564984 kB
Buffers:           22788 kB
Cached:           289292 kB
MemTotal:        1844596 kB
MemFree:         1382712 kB
MemAvailable:    1564704 kB
Buffers:           22788 kB
Cached:           289292 kB
MemTotal:        1844596 kB
MemFree:         1381420 kB
MemAvailable:    1563412 kB
Buffers:           22788 kB
Cached:           289292 kB
MemTotal:        1844596 kB
MemFree:         1381792 kB
MemAvailable:    1563784 kB
Buffers:           22788 kB
Cached:           289292 kB
MemTotal:        1844596 kB
MemFree:         1381752 kB
MemAvailable:    1563744 kB
Buffers:           22788 kB
Cached:           289292 kB
MemTotal:        1844596 kB
MemFree:         1382904 kB
MemAvailable:    1564896 kB
Buffers:           22788 kB
Cached:           289292 kB
MemTotal:        1844596 kB
MemFree:         1384016 kB
MemAvailable:    1566008 kB
Buffers:           22788 kB
Cached:           289292 kB
MemTotal:        1844596 kB
MemFree:         1384352 kB
MemAvailable:    1566344 kB
Buffers:           22788 kB
Cached:           289292 kB
MemTotal:        1844596 kB
MemFree:         1382984 kB
MemAvailable:    1564976 kB
Buffers:           22788 kB
Cached:           289292 kB
MemTotal:        1844596 kB
MemFree:         1381924 kB
MemAvailable:    1563916 kB
Buffers:           22788 kB
Cached:           289292 kB
MemTotal:        1844596 kB
MemFree:         1379692 kB
MemAvailable:    1561684 kB
Buffers:           22788 kB
Cached:           289292 kB
MemTotal:        1844596 kB
MemFree:         1380172 kB
MemAvailable:    1562164 kB
Buffers:           22788 kB
Cached:           289292 kB
MemTotal:        1844596 kB
MemFree:         1380256 kB
MemAvailable:    1562248 kB
Buffers:           22788 kB
Cached:           289292 kB
MemTotal:        1844596 kB
MemFree:         1379876 kB
MemAvailable:    1561868 kB
Buffers:           22788 kB
Cached:           289292 kB
MemTotal:        1844596 kB
MemFree:         1378956 kB
MemAvailable:    1560948 kB
Buffers:           22788 kB
Cached:           289292 kB
MemTotal:        1844596 kB
MemFree:         1378196 kB
MemAvailable:    1560188 kB
Buffers:           22788 kB
Cached:           289292 kB
MemTotal:        1844596 kB
MemFree:         1377700 kB
MemAvailable:    1559692 kB
Buffers:           22788 kB
Cached:           289292 kB
MemTotal:        1844596 kB
MemFree:         1378576 kB
MemAvailable:    1560568 kB
Buffers:           22788 kB
Cached:           289292 kB
MemTotal:        1844596 kB
MemFree:         1378740 kB
MemAvailable:    1560732 kB
Buffers:           22788 kB
Cached:           289292 kB
MemTotal:        1844596 kB
MemFree:         1377316 kB
MemAvailable:    1559308 kB
Buffers:           22788 kB
Cached:           289292 kB
MemTotal:        1844596 kB
MemFree:         1378756 kB
MemAvailable:    1560748 kB
Buffers:           22788 kB
Cached:           289292 kB
MemTotal:        1844596 kB
MemFree:         1377268 kB
MemAvailable:    1559260 kB
Buffers:           22788 kB
Cached:           289292 kB
MemTotal:        1844596 kB
MemFree:         1378368 kB
MemAvailable:    1560360 kB
Buffers:           22788 kB
Cached:           289292 kB
MemTotal:        1844596 kB
MemFree:         1378704 kB
MemAvailable:    1560696 kB
Buffers:           22788 kB
Cached:           289292 kB
MemTotal:        1844596 kB
MemFree:         1377816 kB
MemAvailable:    1559808 kB
Buffers:           22788 kB
Cached:           289292 kB
MemTotal:        1844596 kB
MemFree:         1377900 kB
MemAvailable:    1559892 kB
Buffers:           22788 kB
Cached:           289292 kB
MemTotal:        1844596 kB
MemFree:         1377808 kB
MemAvailable:    1559800 kB
Buffers:           22788 kB
Cached:           289292 kB
MemTotal:        1844596 kB
MemFree:         1377760 kB
MemAvailable:    1559760 kB
Buffers:           22788 kB
Cached:           289296 kB
MemTotal:        1844596 kB
MemFree:         1377336 kB
MemAvailable:    1559336 kB
Buffers:           22788 kB
Cached:           289296 kB
MemTotal:        1844596 kB
MemFree:         1376660 kB
MemAvailable:    1558660 kB
Buffers:           22788 kB
Cached:           289296 kB
MemTotal:        1844596 kB
MemFree:         1376288 kB
MemAvailable:    1558288 kB
Buffers:           22788 kB
Cached:           289296 kB
MemTotal:        1844596 kB
MemFree:         1376280 kB
MemAvailable:    1558280 kB
Buffers:           22788 kB
Cached:           289296 kB
MemTotal:        1844596 kB
MemFree:         1376296 kB
MemAvailable:    1558296 kB
Buffers:           22788 kB
Cached:           289296 kB
MemTotal:        1844596 kB
MemFree:         1376420 kB
MemAvailable:    1558420 kB
Buffers:           22788 kB
Cached:           289296 kB
MemTotal:        1844596 kB
MemFree:         1376596 kB
MemAvailable:    1558596 kB
Buffers:           22788 kB
Cached:           289296 kB
MemTotal:        1844596 kB
MemFree:         1376472 kB
MemAvailable:    1558472 kB
Buffers:           22788 kB
Cached:           289296 kB
MemTotal:        1844596 kB
MemFree:         1377460 kB
MemAvailable:    1559460 kB
Buffers:           22788 kB
Cached:           289296 kB
MemTotal:        1844596 kB
MemFree:         1377460 kB
MemAvailable:    1559460 kB
Buffers:           22788 kB
Cached:           289296 kB
MemTotal:        1844596 kB
MemFree:         1376056 kB
MemAvailable:    1558056 kB
Buffers:           22788 kB
Cached:           289296 kB
MemTotal:        1844596 kB
MemFree:         1377156 kB
MemAvailable:    1559156 kB
Buffers:           22788 kB
Cached:           289296 kB
MemTotal:        1844596 kB
MemFree:         1376924 kB
MemAvailable:    1558924 kB
Buffers:           22788 kB
Cached:           289296 kB
MemTotal:        1844596 kB
MemFree:         1376816 kB
MemAvailable:    1558816 kB
Buffers:           22788 kB
Cached:           289296 kB
MemTotal:        1844596 kB
MemFree:         1376900 kB
MemAvailable:    1558900 kB
Buffers:           22788 kB
Cached:           289296 kB
MemTotal:        1844596 kB
MemFree:         1376536 kB
MemAvailable:    1558536 kB
Buffers:           22788 kB
Cached:           289296 kB
MemTotal:        1844596 kB
MemFree:         1376872 kB
MemAvailable:    1558872 kB
Buffers:           22788 kB
Cached:           289296 kB
MemTotal:        1844596 kB
MemFree:         1376656 kB
MemAvailable:    1558656 kB
Buffers:           22788 kB
Cached:           289296 kB
MemTotal:        1844596 kB
MemFree:         1376908 kB
MemAvailable:    1558908 kB
Buffers:           22788 kB
Cached:           289296 kB
MemTotal:        1844596 kB
MemFree:         1376904 kB
MemAvailable:    1558904 kB
Buffers:           22788 kB
Cached:           289296 kB
MemTotal:        1844596 kB
MemFree:         1375596 kB
MemAvailable:    1557596 kB
Buffers:           22788 kB
Cached:           289296 kB
MemTotal:        1844596 kB
MemFree:         1375596 kB
MemAvailable:    1557596 kB
Buffers:           22788 kB
Cached:           289296 kB
MemTotal:        1844596 kB
MemFree:         1376748 kB
MemAvailable:    1558748 kB
Buffers:           22788 kB
Cached:           289296 kB
MemTotal:        1844596 kB
MemFree:         1376436 kB
MemAvailable:    1558436 kB
Buffers:           22788 kB
Cached:           289296 kB
MemTotal:        1844596 kB
MemFree:         1376112 kB
MemAvailable:    1558112 kB
Buffers:           22788 kB
Cached:           289296 kB
MemTotal:        1844596 kB
MemFree:         1374552 kB
MemAvailable:    1556552 kB
Buffers:           22788 kB
Cached:           289296 kB
MemTotal:        1844596 kB
MemFree:         1372640 kB
MemAvailable:    1554640 kB
Buffers:           22788 kB
Cached:           289296 kB
MemTotal:        1844596 kB
MemFree:         1370716 kB
MemAvailable:    1552716 kB
Buffers:           22788 kB
Cached:           289296 kB
MemTotal:        1844596 kB
MemFree:         1368052 kB
MemAvailable:    1550052 kB
Buffers:           22788 kB
Cached:           289296 kB
MemTotal:        1844596 kB
MemFree:         1369096 kB
MemAvailable:    1551096 kB
Buffers:           22788 kB
Cached:           289296 kB
MemTotal:        1844596 kB
MemFree:         1369024 kB
MemAvailable:    1551024 kB
Buffers:           22788 kB
Cached:           289296 kB
MemTotal:        1844596 kB
MemFree:         1367680 kB
MemAvailable:    1549680 kB
Buffers:           22788 kB
Cached:           289296 kB
MemTotal:        1844596 kB
MemFree:         1368616 kB
MemAvailable:    1550620 kB
Buffers:           22788 kB
Cached:           289300 kB
MemTotal:        1844596 kB
MemFree:         1368952 kB
MemAvailable:    1550956 kB
Buffers:           22788 kB
Cached:           289300 kB
MemTotal:        1844596 kB
MemFree:         1368964 kB
MemAvailable:    1550968 kB
Buffers:           22788 kB
Cached:           289300 kB
MemTotal:        1844596 kB
MemFree:         1368168 kB
MemAvailable:    1550172 kB
Buffers:           22788 kB
Cached:           289300 kB
MemTotal:        1844596 kB
MemFree:         1368824 kB
MemAvailable:    1550828 kB
Buffers:           22788 kB
Cached:           289300 kB
MemTotal:        1844596 kB
MemFree:         1368996 kB
MemAvailable:    1551000 kB
Buffers:           22788 kB
Cached:           289300 kB
MemTotal:        1844596 kB
MemFree:         1368768 kB
MemAvailable:    1550772 kB
Buffers:           22788 kB
Cached:           289300 kB
MemTotal:        1844596 kB
MemFree:         1368424 kB
MemAvailable:    1550428 kB
Buffers:           22788 kB
Cached:           289300 kB
MemTotal:        1844596 kB
MemFree:         1368908 kB
MemAvailable:    1550912 kB
Buffers:           22788 kB
Cached:           289300 kB
MemTotal:        1844596 kB
MemFree:         1367536 kB
MemAvailable:    1549540 kB
Buffers:           22788 kB
Cached:           289300 kB
MemTotal:        1844596 kB
MemFree:         1367536 kB
MemAvailable:    1549540 kB
Buffers:           22788 kB
Cached:           289300 kB
MemTotal:        1844596 kB
MemFree:         1368836 kB
MemAvailable:    1550840 kB
Buffers:           22788 kB
Cached:           289300 kB
MemTotal:        1844596 kB
MemFree:         1368540 kB
MemAvailable:    1550544 kB
Buffers:           22788 kB
Cached:           289300 kB
MemTotal:        1844596 kB
MemFree:         1368432 kB
MemAvailable:    1550436 kB
Buffers:           22788 kB
Cached:           289300 kB
MemTotal:        1844596 kB
MemFree:         1368168 kB
MemAvailable:    1550172 kB
Buffers:           22788 kB
Cached:           289300 kB
MemTotal:        1844596 kB
MemFree:         1366796 kB
MemAvailable:    1548800 kB
Buffers:           22788 kB
Cached:           289300 kB
MemTotal:        1844596 kB
MemFree:         1367616 kB
MemAvailable:    1549620 kB
Buffers:           22788 kB
Cached:           289300 kB
MemTotal:        1844596 kB
MemFree:         1366068 kB
MemAvailable:    1548072 kB
Buffers:           22788 kB
Cached:           289300 kB
MemTotal:        1844596 kB
MemFree:         1366908 kB
MemAvailable:    1548912 kB
Buffers:           22788 kB
Cached:           289300 kB
MemTotal:        1844596 kB
MemFree:         1367244 kB
MemAvailable:    1549248 kB
Buffers:           22788 kB
Cached:           289300 kB
MemTotal:        1844596 kB
MemFree:         1365924 kB
MemAvailable:    1547928 kB
Buffers:           22788 kB
Cached:           289300 kB
MemTotal:        1844596 kB
MemFree:         1366420 kB
MemAvailable:    1548424 kB
Buffers:           22788 kB
Cached:           289300 kB
MemTotal:        1844596 kB
MemFree:         1365084 kB
MemAvailable:    1547088 kB
Buffers:           22788 kB
Cached:           289300 kB
MemTotal:        1844596 kB
MemFree:         1365432 kB
MemAvailable:    1547436 kB
Buffers:           22788 kB
Cached:           289300 kB
MemTotal:        1844596 kB
MemFree:         1364828 kB
MemAvailable:    1546832 kB
Buffers:           22788 kB
Cached:           289300 kB
MemTotal:        1844596 kB
MemFree:         1365372 kB
MemAvailable:    1547376 kB
Buffers:           22788 kB
Cached:           289300 kB
MemTotal:        1844596 kB
MemFree:         1363940 kB
MemAvailable:    1545944 kB
Buffers:           22788 kB
Cached:           289300 kB
MemTotal:        1844596 kB
MemFree:         1365240 kB
MemAvailable:    1547244 kB
Buffers:           22788 kB
Cached:           289300 kB
MemTotal:        1844596 kB
MemFree:         1364784 kB
MemAvailable:    1546788 kB
Buffers:           22788 kB
Cached:           289300 kB
MemTotal:        1844596 kB
MemFree:         1365036 kB
MemAvailable:    1547040 kB
Buffers:           22788 kB
Cached:           289300 kB
MemTotal:        1844596 kB
MemFree:         1364940 kB
MemAvailable:    1546944 kB
Buffers:           22788 kB
Cached:           289300 kB
MemTotal:        1844596 kB
MemFree:         1363652 kB
MemAvailable:    1545656 kB
Buffers:           22788 kB
Cached:           289300 kB
MemTotal:        1844596 kB
MemFree:         1364888 kB
MemAvailable:    1546892 kB
Buffers:           22788 kB
Cached:           289300 kB
MemTotal:        1844596 kB
MemFree:         1364924 kB
MemAvailable:    1546928 kB
Buffers:           22788 kB
Cached:           289300 kB
MemTotal:        1844596 kB
MemFree:         1364828 kB
MemAvailable:    1546832 kB
Buffers:           22788 kB
Cached:           289300 kB
MemTotal:        1844596 kB
MemFree:         1364952 kB
MemAvailable:    1546956 kB
Buffers:           22788 kB
Cached:           289300 kB
MemTotal:        1844596 kB
MemFree:         1364632 kB
MemAvailable:    1546636 kB
Buffers:           22788 kB
Cached:           289300 kB
MemTotal:        1844596 kB
MemFree:         1364308 kB
MemAvailable:    1546312 kB
Buffers:           22788 kB
Cached:           289300 kB
MemTotal:        1844596 kB
MemFree:         1364308 kB
MemAvailable:    1546312 kB
Buffers:           22788 kB
Cached:           289300 kB
MemTotal:        1844596 kB
MemFree:         1358620 kB
MemAvailable:    1540624 kB
Buffers:           22788 kB
Cached:           289300 kB
MemTotal:        1844596 kB
MemFree:         1358264 kB
MemAvailable:    1540268 kB
Buffers:           22788 kB
Cached:           289300 kB
MemTotal:        1844596 kB
MemFree:         1357388 kB
MemAvailable:    1539392 kB
Buffers:           22788 kB
Cached:           289300 kB
MemTotal:        1844596 kB
MemFree:         1357248 kB
MemAvailable:    1539252 kB
Buffers:           22788 kB
Cached:           289300 kB
MemTotal:        1844596 kB
MemFree:         1357140 kB
MemAvailable:    1539144 kB
Buffers:           22788 kB
Cached:           289300 kB
MemTotal:        1844596 kB
MemFree:         1357012 kB
MemAvailable:    1539016 kB
Buffers:           22788 kB
Cached:           289300 kB
MemTotal:        1844596 kB
MemFree:         1355712 kB
MemAvailable:    1537716 kB
Buffers:           22788 kB
Cached:           289300 kB
MemTotal:        1844596 kB
MemFree:         1356940 kB
MemAvailable:    1538944 kB
Buffers:           22788 kB
Cached:           289300 kB
MemTotal:        1844596 kB
MemFree:         1357024 kB
MemAvailable:    1539028 kB
Buffers:           22788 kB
Cached:           289300 kB
MemTotal:        1844596 kB
MemFree:         1358792 kB
MemAvailable:    1540796 kB
Buffers:           22800 kB
Cached:           289288 kB
MemTotal:        1844596 kB
MemFree:         1359132 kB
MemAvailable:    1541136 kB
Buffers:           22800 kB
Cached:           289288 kB
MemTotal:        1844596 kB
MemFree:         1358752 kB
MemAvailable:    1540920 kB
Buffers:           22800 kB
Cached:           289484 kB
MemTotal:        1844596 kB
MemFree:         1357504 kB
MemAvailable:    1539756 kB
Buffers:           22800 kB
Cached:           289608 kB
MemTotal:        1844596 kB
MemFree:         1358680 kB
MemAvailable:    1541100 kB
Buffers:           22800 kB
Cached:           289732 kB
MemTotal:        1844596 kB
MemFree:         1358548 kB
MemAvailable:    1541052 kB
Buffers:           22800 kB
Cached:           289856 kB
MemTotal:        1844596 kB
MemFree:         1357116 kB
MemAvailable:    1539620 kB
Buffers:           22800 kB
Cached:           289856 kB
MemTotal:        1844596 kB
MemFree:         1358224 kB
MemAvailable:    1540896 kB
Buffers:           22800 kB
Cached:           289980 kB
MemTotal:        1844596 kB
MemFree:         1358224 kB
MemAvailable:    1540896 kB
Buffers:           22800 kB
Cached:           289980 kB
MemTotal:        1844596 kB
MemFree:         1358076 kB
MemAvailable:    1540748 kB
Buffers:           22800 kB
Cached:           289980 kB
MemTotal:        1844596 kB
MemFree:         1358332 kB
MemAvailable:    1541004 kB
Buffers:           22800 kB
Cached:           289980 kB
MemTotal:        1844596 kB
MemFree:         1356836 kB
MemAvailable:    1539508 kB
Buffers:           22800 kB
Cached:           289980 kB
MemTotal:        1844596 kB
MemFree:         1356952 kB
MemAvailable:    1539624 kB
Buffers:           22800 kB
Cached:           289980 kB
MemTotal:        1844596 kB
MemFree:         1357936 kB
MemAvailable:    1540608 kB
Buffers:           22800 kB
Cached:           289980 kB
MemTotal:        1844596 kB
MemFree:         1358188 kB
MemAvailable:    1540860 kB
Buffers:           22800 kB
Cached:           289980 kB
MemTotal:        1844596 kB
MemFree:         1357584 kB
MemAvailable:    1539668 kB
Buffers:           22800 kB
Cached:           289348 kB
MemTotal:        1844596 kB
MemFree:         1426108 kB
MemAvailable:    1608192 kB
Buffers:           22800 kB
Cached:           289348 kB
