MemTotal:        1844596 kB
MemFree:         1449708 kB
MemAvailable:    1609324 kB
Buffers:           19472 kB
Cached:           269456 kB
MemTotal:        1844596 kB
MemFree:         1425876 kB
MemAvailable:    1585556 kB
Buffers:           19472 kB
Cached:           269480 kB
MemTotal:        1844596 kB
MemFree:         1423148 kB
MemAvailable:    1582828 kB
Buffers:           19472 kB
Cached:           269480 kB
MemTotal:        1844596 kB
MemFree:         1420652 kB
MemAvailable:    1580332 kB
Buffers:           19472 kB
Cached:           269480 kB
MemTotal:        1844596 kB
MemFree:         1420420 kB
MemAvailable:    1580100 kB
Buffers:           19472 kB
Cached:           269480 kB
MemTotal:        1844596 kB
MemFree:         1419908 kB
MemAvailable:    1579588 kB
Buffers:           19472 kB
Cached:           269480 kB
MemTotal:        1844596 kB
MemFree:         1419428 kB
MemAvailable:    1579108 kB
Buffers:           19472 kB
Cached:           269480 kB
MemTotal:        1844596 kB
MemFree:         1418860 kB
MemAvailable:    1578540 kB
Buffers:           19472 kB
Cached:           269480 kB
MemTotal:        1844596 kB
MemFree:         1418736 kB
MemAvailable:    1578416 kB
Buffers:           19472 kB
Cached:           269480 kB
MemTotal:        1844596 kB
MemFree:         1417444 kB
MemAvailable:    1577124 kB
Buffers:           19472 kB
Cached:           269480 kB
MemTotal:        1844596 kB
MemFree:         1414452 kB
MemAvailable:    1574132 kB
Buffers:           19472 kB
Cached:           269480 kB
MemTotal:        1844596 kB
MemFree:         1414344 kB
MemAvailable:    1574024 kB
Buffers:           19472 kB
Cached:           269480 kB
MemTotal:        1844596 kB
MemFree:         1411740 kB
MemAvailable:    1571420 kB
Buffers:           19472 kB
Cached:           269480 kB
MemTotal:        1844596 kB
MemFree:         1408672 kB
MemAvailable:    1568352 kB
Buffers:           19472 kB
Cached:           269480 kB
MemTotal:        1844596 kB
MemFree:         1407692 kB
MemAvailable:    1567372 kB
Buffers:           19472 kB
Cached:           269480 kB
MemTotal:        1844596 kB
MemFree:         1408020 kB
MemAvailable:    1567700 kB
Buffers:           19472 kB
Cached:           269480 kB
MemTotal:        1844596 kB
MemFree:         1408824 kB
MemAvailable:    1568504 kB
Buffers:           19472 kB
Cached:           269480 kB
MemTotal:        1844596 kB
MemFree:         1408020 kB
MemAvailable:    1567700 kB
Buffers:           19472 kB
Cached:           269480 kB
MemTotal:        1844596 kB
MemFree:         1408568 kB
MemAvailable:    1568248 kB
Buffers:           19472 kB
Cached:           269480 kB
MemTotal:        1844596 kB
MemFree:         1408820 kB
MemAvailable:    1568500 kB
Buffers:           19472 kB
Cached:           269480 kB
MemTotal:        1844596 kB
MemFree:         1408560 kB
MemAvailable:    1568240 kB
Buffers:           19472 kB
Cached:           269480 kB
MemTotal:        1844596 kB
MemFree:         1407020 kB
MemAvailable:    1566700 kB
Buffers:           19472 kB
Cached:           269480 kB
MemTotal:        1844596 kB
MemFree:         1406516 kB
MemAvailable:    1566196 kB
Buffers:           19472 kB
Cached:           269480 kB
MemTotal:        1844596 kB
MemFree:         1406284 kB
MemAvailable:    1565964 kB
Buffers:           19472 kB
Cached:           269480 kB
MemTotal:        1844596 kB
MemFree:         1406212 kB
MemAvailable:    1565892 kB
Buffers:           19472 kB
Cached:           269480 kB
MemTotal:        1844596 kB
MemFree:         1405608 kB
MemAvailable:    1565288 kB
Buffers:           19472 kB
Cached:           269480 kB
MemTotal:        1844596 kB
MemFree:         1406384 kB
MemAvailable:    1566064 kB
Buffers:           19472 kB
Cached:           269480 kB
MemTotal:        1844596 kB
MemFree:         1405416 kB
MemAvailable:    1565096 kB
Buffers:           19472 kB
Cached:           269480 kB
MemTotal:        1844596 kB
MemFree:         1406220 kB
MemAvailable:    1565900 kB
Buffers:           19472 kB
Cached:           269480 kB
MemTotal:        1844596 kB
MemFree:         1406236 kB
MemAvailable:    1565916 kB
Buffers:           19472 kB
Cached:           269480 kB
MemTotal:        1844596 kB
MemFree:         1406488 kB
MemAvailable:    1566168 kB
Buffers:           19472 kB
Cached:           269480 kB
MemTotal:        1844596 kB
MemFree:         1406468 kB
MemAvailable:    1566148 kB
Buffers:           19472 kB
Cached:           269480 kB
MemTotal:        1844596 kB
MemFree:         1406096 kB
MemAvailable:    1565776 kB
Buffers:           19472 kB
Cached:           269480 kB
MemTotal:        1844596 kB
MemFree:         1405044 kB
MemAvailable:    1564724 kB
Buffers:           19472 kB
Cached:           269480 kB
MemTotal:        1844596 kB
MemFree:         1406376 kB
MemAvailable:    1566056 kB
Buffers:           19472 kB
Cached:           269480 kB
MemTotal:        1844596 kB
MemFree:         1406888 kB
MemAvailable:    1566568 kB
Buffers:           19472 kB
Cached:           269480 kB
MemTotal:        1844596 kB
MemFree:         1406780 kB
MemAvailable:    1566460 kB
Buffers:           19472 kB
Cached:           269480 kB
MemTotal:        1844596 kB
MemFree:         1404160 kB
MemAvailable:    1563840 kB
Buffers:           19472 kB
Cached:           269480 kB
MemTotal:        1844596 kB
MemFree:         1404412 kB
MemAvailable:    1564092 kB
Buffers:           19472 kB
Cached:           269480 kB
MemTotal:        1844596 kB
MemFree:         1404108 kB
MemAvailable:    1563788 kB
Buffers:           19472 kB
Cached:           269480 kB
MemTotal:        1844596 kB
MemFree:         1402820 kB
MemAvailable:    1562500 kB
Buffers:           19472 kB
Cached:           269480 kB
MemTotal:        1844596 kB
MemFree:         1403236 kB
MemAvailable:    1562916 kB
Buffers:           19472 kB
Cached:           269480 kB
MemTotal:        1844596 kB
MemFree:         1403308 kB
MemAvailable:    1562988 kB
Buffers:           19472 kB
Cached:           269480 kB
MemTotal:        1844596 kB
MemFree:         1402564 kB
MemAvailable:    1562244 kB
Buffers:           19472 kB
Cached:           269480 kB
MemTotal:        1844596 kB
MemFree:         1401192 kB
MemAvailable:    1560872 kB
Buffers:           19472 kB
Cached:           269480 kB
MemTotal:        1844596 kB
MemFree:         1402432 kB
MemAvailable:    1562112 kB
Buffers:           19472 kB
Cached:           269480 kB
MemTotal:        1844596 kB
MemFree:         1402044 kB
MemAvailable:    1561724 kB
Buffers:           19472 kB
Cached:           269480 kB
MemTotal:        1844596 kB
MemFree:         1402296 kB
MemAvailable:    1561976 kB
Buffers:           19472 kB
Cached:           269480 kB
MemTotal:        1844596 kB
MemFree:         1402240 kB
MemAvailable:    1561920 kB
Buffers:           19472 kB
Cached:           269480 kB
MemTotal:        1844596 kB
MemFree:         1402068 kB
MemAvailable:    1561748 kB
Buffers:           19472 kB
Cached:           269480 kB
MemTotal:        1844596 kB
MemFree:         1401324 kB
MemAvailable:    1561004 kB
Buffers:           19472 kB
Cached:           269480 kB
MemTotal:        1844596 kB
MemFree:         1401748 kB
MemAvailable:    1561428 kB
Buffers:           19472 kB
Cached:           269480 kB
MemTotal:        1844596 kB
MemFree:         1401392 kB
MemAvailable:    1561072 kB
Buffers:           19472 kB
Cached:           269480 kB
MemTotal:        1844596 kB
MemFree:         1401440 kB
MemAvailable:    1561124 kB
Buffers:           19472 kB
Cached:           269484 kB
MemTotal:        1844596 kB
MemFree:         1401440 kB
MemAvailable:    1561124 kB
Buffers:           19472 kB
Cached:           269484 kB
MemTotal:        1844596 kB
MemFree:         1400988 kB
MemAvailable:    1560672 kB
Buffers:           19472 kB
Cached:           269484 kB
MemTotal:        1844596 kB
MemFree:         1401144 kB
MemAvailable:    1560828 kB
Buffers:           19472 kB
Cached:           269484 kB
MemTotal:        1844596 kB
MemFree:         1399828 kB
MemAvailable:    1559512 kB
Buffers:           19472 kB
Cached:           269484 kB
MemTotal:        1844596 kB
MemFree:         1399952 kB
MemAvailable:    1559636 kB
Buffers:           19472 kB
Cached:           269484 kB
MemTotal:        1844596 kB
MemFree:         1401192 kB
MemAvailable:    1560876 kB
Buffers:           19472 kB
Cached:           269484 kB
MemTotal:        1844596 kB
MemFree:         1401420 kB
MemAvailable:    1561104 kB
Buffers:           19472 kB
Cached:           269484 kB
MemTotal:        1844596 kB
MemFree:         1401120 kB
MemAvailable:    1560804 kB
Buffers:           19472 kB
Cached:           269484 kB
MemTotal:        1844596 kB
MemFree:         1399940 kB
MemAvailable:    1559624 kB
Buffers:           19472 kB
Cached:           269484 kB
MemTotal:        1844596 kB
MemFree:         1400984 kB
MemAvailable:    1560668 kB
Buffers:           19472 kB
Cached:           269484 kB
MemTotal:        1844596 kB
MemFree:         1399800 kB
MemAvailable:    1559484 kB
Buffers:           19472 kB
Cached:           269484 kB
MemTotal:        1844596 kB
MemFree:         1400084 kB
MemAvailable:    1559768 kB
Buffers:           19472 kB
Cached:           269484 kB
MemTotal:        1844596 kB
MemFree:         1401124 kB
MemAvailable:    1560808 kB
Buffers:           19472 kB
Cached:           269484 kB
MemTotal:        1844596 kB
MemFree:         1399692 kB
MemAvailable:    1559376 kB
Buffers:           19472 kB
Cached:           269484 kB
MemTotal:        1844596 kB
MemFree:         1400676 kB
MemAvailable:    1560360 kB
Buffers:           19472 kB
Cached:           269484 kB
MemTotal:        1844596 kB
MemFree:         1400412 kB
MemAvailable:    1560096 kB
Buffers:           19472 kB
Cached:           269484 kB
MemTotal:        1844596 kB
MemFree:         1400412 kB
MemAvailable:    1560096 kB
Buffers:           19472 kB
Cached:           269484 kB
MemTotal:        1844596 kB
MemFree:         1400144 kB
MemAvailable:    1559828 kB
Buffers:           19472 kB
Cached:           269484 kB
MemTotal:        1844596 kB
MemFree:         1400480 kB
MemAvailable:    1560164 kB
Buffers:           19472 kB
Cached:           269484 kB
MemTotal:        1844596 kB
MemFree:         1400204 kB
MemAvailable:    1559888 kB
Buffers:           19472 kB
Cached:           269484 kB
MemTotal:        1844596 kB
MemFree:         1399340 kB
MemAvailable:    1559024 kB
Buffers:           19472 kB
Cached:           269484 kB
MemTotal:        1844596 kB
MemFree:         1400456 kB
MemAvailable:    1560144 kB
Buffers:           19472 kB
Cached:           269488 kB
MemTotal:        1844596 kB
MemFree:         1399216 kB
MemAvailable:    1558904 kB
Buffers:           19472 kB
Cached:           269488 kB
MemTotal:        1844596 kB
MemFree:         1400332 kB
MemAvailable:    1560020 kB
Buffers:           19472 kB
Cached:           269488 kB
MemTotal:        1844596 kB
MemFree:         1399084 kB
MemAvailable:    1558772 kB
Buffers:           19472 kB
Cached:           269488 kB
MemTotal:        1844596 kB
MemFree:         1400392 kB
MemAvailable:    1560080 kB
Buffers:           19472 kB
Cached:           269488 kB
MemTotal:        1844596 kB
MemFree:         1398968 kB
MemAvailable:    1558656 kB
Buffers:           19472 kB
Cached:           269488 kB
MemTotal:        1844596 kB
MemFree:         1399988 kB
MemAvailable:    1559676 kB
Buffers:           19472 kB
Cached:           269488 kB
MemTotal:        1844596 kB
MemFree:         1400332 kB
MemAvailable:    1560020 kB
Buffers:           19472 kB
Cached:           269488 kB
MemTotal:        1844596 kB
MemFree:         1399816 kB
MemAvailable:    1559504 kB
Buffers:           19472 kB
Cached:           269488 kB
MemTotal:        1844596 kB
MemFree:         1398532 kB
MemAvailable:    1558220 kB
Buffers:           19472 kB
Cached:           269488 kB
MemTotal:        1844596 kB
MemFree:         1396364 kB
MemAvailable:    1556052 kB
Buffers:           19472 kB
Cached:           269488 kB
MemTotal:        1844596 kB
MemFree:         1394504 kB
MemAvailable:    1554192 kB
Buffers:           19472 kB
Cached:           269488 kB
MemTotal:        1844596 kB
MemFree:         1392828 kB
MemAvailable:    1552516 kB
Buffers:           19472 kB
Cached:           269488 kB
MemTotal:        1844596 kB
MemFree:         1392372 kB
MemAvailable:    1552060 kB
Buffers:           19472 kB
Cached:           269488 kB
MemTotal:        1844596 kB
MemFree:         1391720 kB
MemAvailable:    1551408 kB
Buffers:           19472 kB
Cached:           269488 kB
MemTotal:        1844596 kB
MemFree:         1391156 kB
MemAvailable:    1550844 kB
Buffers:           19472 kB
Cached:           269488 kB
MemTotal:        1844596 kB
MemFree:         1392264 kB
MemAvailable:    1551952 kB
Buffers:           19472 kB
Cached:           269488 kB
MemTotal:        1844596 kB
MemFree:         1392252 kB
MemAvailable:    1551940 kB
Buffers:           19472 kB
Cached:           269488 kB
MemTotal:        1844596 kB
MemFree:         1392404 kB
MemAvailable:    1552092 kB
Buffers:           19472 kB
Cached:           269488 kB
MemTotal:        1844596 kB
MemFree:         1392264 kB
MemAvailable:    1551952 kB
Buffers:           19472 kB
Cached:           269488 kB
MemTotal:        1844596 kB
MemFree:         1392404 kB
MemAvailable:    1552092 kB
Buffers:           19472 kB
Cached:           269488 kB
MemTotal:        1844596 kB
MemFree:         1392456 kB
MemAvailable:    1552144 kB
Buffers:           19472 kB
Cached:           269488 kB
MemTotal:        1844596 kB
MemFree:         1392516 kB
MemAvailable:    1552204 kB
Buffers:           19472 kB
Cached:           269488 kB
MemTotal:        1844596 kB
MemFree:         1392176 kB
MemAvailable:    1551864 kB
Buffers:           19472 kB
Cached:           269488 kB
MemTotal:        1844596 kB
MemFree:         1392176 kB
MemAvailable:    1551864 kB
Buffers:           19472 kB
Cached:           269488 kB
MemTotal:        1844596 kB
MemFree:         1392396 kB
MemAvailable:    1552084 kB
Buffers:           19472 kB
Cached:           269488 kB
MemTotal:        1844596 kB
MemFree:         1392332 kB
MemAvailable:    1552020 kB
Buffers:           19472 kB
Cached:           269488 kB
MemTotal:        1844596 kB
MemFree:         1392336 kB
MemAvailable:    1552024 kB
Buffers:           19472 kB
Cached:           269488 kB
MemTotal:        1844596 kB
MemFree:         1392200 kB
MemAvailable:    1551888 kB
Buffers:           19472 kB
Cached:           269488 kB
MemTotal:        1844596 kB
MemFree:         1392156 kB
MemAvailable:    1551844 kB
Buffers:           19472 kB
Cached:           269488 kB
MemTotal:        1844596 kB
MemFree:         1391828 kB
MemAvailable:    1551516 kB
Buffers:           19472 kB
Cached:           269488 kB
MemTotal:        1844596 kB
MemFree:         1391340 kB
MemAvailable:    1551028 kB
Buffers:           19472 kB
Cached:           269488 kB
MemTotal:        1844596 kB
MemFree:         1391592 kB
MemAvailable:    1551280 kB
Buffers:           19472 kB
Cached:           269488 kB
MemTotal:        1844596 kB
MemFree:         1391024 kB
MemAvailable:    1550712 kB
Buffers:           19472 kB
Cached:           269488 kB
MemTotal:        1844596 kB
MemFree:         1390544 kB
MemAvailable:    1550232 kB
Buffers:           19472 kB
Cached:           269488 kB
MemTotal:        1844596 kB
MemFree:         1390644 kB
MemAvailable:    1550332 kB
Buffers:           19472 kB
Cached:           269488 kB
MemTotal:        1844596 kB
MemFree:         1390048 kB
MemAvailable:    1549736 kB
Buffers:           19472 kB
Cached:           269488 kB
MemTotal:        1844596 kB
MemFree:         1389528 kB
MemAvailable:    1549216 kB
Buffers:           19472 kB
Cached:           269488 kB
MemTotal:        1844596 kB
MemFree:         1389120 kB
MemAvailable:    1548808 kB
Buffers:           19472 kB
Cached:           269488 kB
MemTotal:        1844596 kB
MemFree:         1389396 kB
MemAvailable:    1549088 kB
Buffers:           19472 kB
Cached:           269492 kB
MemTotal:        1844596 kB
MemFree:         1389732 kB
MemAvailable:    1549424 kB
Buffers:           19472 kB
Cached:           269492 kB
MemTotal:        1844596 kB
MemFree:         1388412 kB
MemAvailable:    1548104 kB
Buffers:           19472 kB
Cached:           269492 kB
MemTotal:        1844596 kB
MemFree:         1387684 kB
MemAvailable:    1547376 kB
Buffers:           19472 kB
Cached:           269492 kB
MemTotal:        1844596 kB
MemFree:         1388860 kB
MemAvailable:    1548552 kB
Buffers:           19472 kB
Cached:           269492 kB
MemTotal:        1844596 kB
MemFree:         1387420 kB
MemAvailable:    1547112 kB
Buffers:           19472 kB
Cached:           269492 kB
MemTotal:        1844596 kB
MemFree:         1388660 kB
MemAvailable:    1548352 kB
Buffers:           19472 kB
Cached:           269492 kB
MemTotal:        1844596 kB
MemFree:         1388356 kB
MemAvailable:    1548048 kB
Buffers:           19472 kB
Cached:           269492 kB
MemTotal:        1844596 kB
MemFree:         1387436 kB
MemAvailable:    1547128 kB
Buffers:           19472 kB
Cached:           269492 kB
MemTotal:        1844596 kB
MemFree:         1387008 kB
MemAvailable:    1546700 kB
Buffers:           19472 kB
Cached:           269492 kB
MemTotal:        1844596 kB
MemFree:         1387008 kB
MemAvailable:    1546700 kB
Buffers:           19472 kB
Cached:           269492 kB
MemTotal:        1844596 kB
MemFree:         1387256 kB
MemAvailable:    1546948 kB
Buffers:           19472 kB
Cached:           269492 kB
MemTotal:        1844596 kB
MemFree:         1387132 kB
MemAvailable:    1546824 kB
Buffers:           19472 kB
Cached:           269492 kB
MemTotal:        1844596 kB
MemFree:         1388496 kB
MemAvailable:    1548188 kB
Buffers:           19472 kB
Cached:           269492 kB
MemTotal:        1844596 kB
MemFree:         1387124 kB
MemAvailable:    1546816 kB
Buffers:           19472 kB
Cached:           269492 kB
MemTotal:        1844596 kB
MemFree:         1387992 kB
MemAvailable:    1547684 kB
Buffers:           19472 kB
Cached:           269492 kB
MemTotal:        1844596 kB
MemFree:         1386388 kB
MemAvailable:    1546080 kB
Buffers:           19472 kB
Cached:           269492 kB
MemTotal:        1844596 kB
MemFree:         1383948 kB
MemAvailable:    1543644 kB
Buffers:           19472 kB
Cached:           269496 kB
MemTotal:        1844596 kB
MemFree:         1383592 kB
MemAvailable:    1543288 kB
Buffers:           19472 kB
Cached:           269496 kB
MemTotal:        1844596 kB
MemFree:         1380800 kB
MemAvailable:    1540496 kB
Buffers:           19472 kB
Cached:           269496 kB
MemTotal:        1844596 kB
MemFree:         1379368 kB
MemAvailable:    1539064 kB
Buffers:           19472 kB
Cached:           269496 kB
MemTotal:        1844596 kB
MemFree:         1379492 kB
MemAvailable:    1539188 kB
Buffers:           19472 kB
Cached:           269496 kB
MemTotal:        1844596 kB
MemFree:         1380792 kB
MemAvailable:    1540488 kB
Buffers:           19472 kB
Cached:           269496 kB
MemTotal:        1844596 kB
MemFree:         1380716 kB
MemAvailable:    1540412 kB
Buffers:           19472 kB
Cached:           269496 kB
MemTotal:        1844596 kB
MemFree:         1380528 kB
MemAvailable:    1540224 kB
Buffers:           19472 kB
Cached:           269496 kB
MemTotal:        1844596 kB
MemFree:         1381856 kB
MemAvailable:    1541552 kB
Buffers:           19472 kB
Cached:           269496 kB
MemTotal:        1844596 kB
MemFree:         1381476 kB
MemAvailable:    1541172 kB
Buffers:           19472 kB
Cached:           269496 kB
MemTotal:        1844596 kB
MemFree:         1381468 kB
MemAvailable:    1541164 kB
Buffers:           19472 kB
Cached:           269496 kB
MemTotal:        1844596 kB
MemFree:         1382724 kB
MemAvailable:    1542588 kB
Buffers:           19472 kB
Cached:           269620 kB
MemTotal:        1844596 kB
MemFree:         1382412 kB
MemAvailable:    1542444 kB
Buffers:           19472 kB
Cached:           269868 kB
MemTotal:        1844596 kB
MemFree:         1380988 kB
MemAvailable:    1541020 kB
Buffers:           19472 kB
Cached:           269868 kB
MemTotal:        1844596 kB
MemFree:         1382032 kB
MemAvailable:    1542148 kB
Buffers:           19472 kB
Cached:           269992 kB
MemTotal:        1844596 kB
MemFree:         1381776 kB
MemAvailable:    1541976 kB
Buffers:           19472 kB
Cached:           269992 kB
MemTotal:        1844596 kB
MemFree:         1380492 kB
MemAvailable:    1540776 kB
Buffers:           19472 kB
Cached:           270116 kB
MemTotal:        1844596 kB
MemFree:         1381792 kB
MemAvailable:    1542160 kB
Buffers:           19472 kB
Cached:           270116 kB
MemTotal:        1844596 kB
MemFree:         1380492 kB
MemAvailable:    1540860 kB
Buffers:           19472 kB
Cached:           270116 kB
MemTotal:        1844596 kB
MemFree:         1381752 kB
MemAvailable:    1542120 kB
Buffers:           19472 kB
Cached:           270116 kB
MemTotal:        1844596 kB
MemFree:         1380368 kB
MemAvailable:    1540736 kB
Buffers:           19472 kB
Cached:           270116 kB
MemTotal:        1844596 kB
MemFree:         1381560 kB
MemAvailable:    1541928 kB
Buffers:           19472 kB
Cached:           270116 kB
MemTotal:        1844596 kB
MemFree:         1381816 kB
MemAvailable:    1542184 kB
Buffers:           19472 kB
Cached:           270116 kB
MemTotal:        1844596 kB
MemFree:         1380320 kB
MemAvailable:    1540688 kB
Buffers:           19472 kB
Cached:           270116 kB
MemTotal:        1844596 kB
MemFree:         1381680 kB
MemAvailable:    1542048 kB
Buffers:           19472 kB
Cached:           270116 kB
MemTotal:        1844596 kB
MemFree:         1380740 kB
MemAvailable:    1541108 kB
Buffers:           19472 kB
Cached:           270116 kB
MemTotal:        1844596 kB
MemFree:         1382040 kB
MemAvailable:    1541820 kB
Buffers:           19472 kB
Cached:           269484 kB
MemTotal:        1844596 kB
MemFree:         1382040 kB
MemAvailable:    1541820 kB
Buffers:           19472 kB
Cached:           269484 kB
MemTotal:        1844596 kB
MemFree:         1448460 kB
MemAvailable:    1608240 kB
Buffers:           19472 kB
Cached:           269484 kB
