MemTotal:        1844596 kB
MemFree:         1446420 kB
MemAvailable:    1609216 kB
Buffers:           19932 kB
Cached:           271916 kB
MemTotal:        1844596 kB
MemFree:         1421728 kB
MemAvailable:    1584532 kB
Buffers:           19932 kB
Cached:           271920 kB
MemTotal:        1844596 kB
MemFree:         1419160 kB
MemAvailable:    1581964 kB
Buffers:           19932 kB
Cached:           271920 kB
MemTotal:        1844596 kB
MemFree:         1416892 kB
MemAvailable:    1579696 kB
Buffers:           19932 kB
Cached:           271920 kB
MemTotal:        1844596 kB
MemFree:         1417008 kB
MemAvailable:    1579812 kB
Buffers:           19932 kB
Cached:           271920 kB
MemTotal:        1844596 kB
MemFree:         1415388 kB
MemAvailable:    1578192 kB
Buffers:           19932 kB
Cached:           271920 kB
MemTotal:        1844596 kB
MemFree:         1415472 kB
MemAvailable:    1578276 kB
Buffers:           19932 kB
Cached:           271920 kB
MemTotal:        1844596 kB
MemFree:         1414596 kB
MemAvailable:    1577400 kB
Buffers:           19932 kB
Cached:           271920 kB
MemTotal:        1844596 kB
MemFree:         1410924 kB
MemAvailable:    1573728 kB
Buffers:           19932 kB
Cached:           271920 kB
MemTotal:        1844596 kB
MemFree:         1410072 kB
MemAvailable:    1572876 kB
Buffers:           19932 kB
Cached:           271920 kB
MemTotal:        1844596 kB
MemFree:         1407964 kB
MemAvailable:    1570768 kB
Buffers:           19932 kB
Cached:           271920 kB
MemTotal:        1844596 kB
MemFree:         1404492 kB
MemAvailable:    1567296 kB
Buffers:           19932 kB
Cached:           271920 kB
MemTotal:        1844596 kB
MemFree:         1405696 kB
MemAvailable:    1568500 kB
Buffers:           19932 kB
Cached:           271920 kB
MemTotal:        1844596 kB
MemFree:         1404244 kB
MemAvailable:    1567048 kB
Buffers:           19932 kB
Cached:           271920 kB
MemTotal:        1844596 kB
MemFree:         1404196 kB
MemAvailable:    1567000 kB
Buffers:           19932 kB
Cached:           271920 kB
MemTotal:        1844596 kB
MemFree:         1405476 kB
MemAvailable:    1568280 kB
Buffers:           19932 kB
Cached:           271920 kB
MemTotal:        1844596 kB
MemFree:         1405728 kB
MemAvailable:    1568532 kB
Buffers:           19932 kB
Cached:           271920 kB
MemTotal:        1844596 kB
MemFree:         1405412 kB
MemAvailable:    1568216 kB
Buffers:           19932 kB
Cached:           271920 kB
MemTotal:        1844596 kB
MemFree:         1404112 kB
MemAvailable:    1566916 kB
Buffers:           19932 kB
Cached:           271920 kB
MemTotal:        1844596 kB
MemFree:         1404428 kB
MemAvailable:    1567232 kB
Buffers:           19932 kB
Cached:           271920 kB
MemTotal:        1844596 kB
MemFree:         1403312 kB
MemAvailable:    1566116 kB
Buffers:           19932 kB
Cached:           271920 kB
MemTotal:        1844596 kB
MemFree:         1402136 kB
MemAvailable:    1564940 kB
Buffers:           19932 kB
Cached:           271920 kB
MemTotal:        1844596 kB
MemFree:         1401756 kB
MemAvailable:    1564560 kB
Buffers:           19932 kB
Cached:           271920 kB
MemTotal:        1844596 kB
MemFree:         1403048 kB
MemAvailable:    1565852 kB
Buffers:           19932 kB
Cached:           271920 kB
MemTotal:        1844596 kB
MemFree:         1402988 kB
MemAvailable:    1565792 kB
Buffers:           19932 kB
Cached:           271920 kB
MemTotal:        1844596 kB
MemFree:         1403240 kB
MemAvailable:    1566044 kB
Buffers:           19932 kB
Cached:           271920 kB
MemTotal:        1844596 kB
MemFree:         1402816 kB
MemAvailable:    1565620 kB
Buffers:           19932 kB
Cached:           271920 kB
MemTotal:        1844596 kB
MemFree:         1403152 kB
MemAvailable:    1565956 kB
Buffers:           19932 kB
Cached:           271920 kB
MemTotal:        1844596 kB
MemFree:         1402000 kB
MemAvailable:    1564804 kB
Buffers:           19932 kB
Cached:           271920 kB
MemTotal:        1844596 kB
MemFree:         1403200 kB
MemAvailable:    1566004 kB
Buffers:           19932 kB
Cached:           271920 kB
MemTotal:        1844596 kB
MemFree:         1404340 kB
MemAvailable:    1567144 kB
Buffers:           19932 kB
Cached:           271920 kB
MemTotal:        1844596 kB
MemFree:         1403128 kB
MemAvailable:    1565932 kB
Buffers:           19932 kB
Cached:           271920 kB
MemTotal:        1844596 kB
MemFree:         1402500 kB
MemAvailable:    1565304 kB
Buffers:           19932 kB
Cached:           271920 kB
MemTotal:        1844596 kB
MemFree:         1402508 kB
MemAvailable:    1565312 kB
Buffers:           19932 kB
Cached:           271920 kB
MemTotal:        1844596 kB
MemFree:         1399780 kB
MemAvailable:    1562584 kB
Buffers:           19932 kB
Cached:           271920 kB
MemTotal:        1844596 kB
MemFree:         1399408 kB
MemAvailable:    1562212 kB
Buffers:           19932 kB
Cached:           271920 kB
MemTotal:        1844596 kB
MemFree:         1399160 kB
MemAvailable:    1561964 kB
Buffers:           19932 kB
Cached:           271920 kB
MemTotal:        1844596 kB
MemFree:         1399964 kB
MemAvailable:    1562768 kB
Buffers:           19932 kB
Cached:           271920 kB
MemTotal:        1844596 kB
MemFree:         1398664 kB
MemAvailable:    1561468 kB
Buffers:           19932 kB
Cached:           271920 kB
MemTotal:        1844596 kB
MemFree:         1399020 kB
MemAvailable:    1561824 kB
Buffers:           19932 kB
Cached:           271920 kB
MemTotal:        1844596 kB
MemFree:         1399356 kB
MemAvailable:    1562160 kB
Buffers:           19932 kB
Cached:           271920 kB
MemTotal:        1844596 kB
MemFree:         1397912 kB
MemAvailable:    1560716 kB
Buffers:           19932 kB
Cached:           271920 kB
MemTotal:        1844596 kB
MemFree:         1397912 kB
MemAvailable:    1560716 kB
Buffers:           19932 kB
Cached:           271920 kB
MemTotal:        1844596 kB
MemFree:         1398160 kB
MemAvailable:    1560964 kB
Buffers:           19932 kB
Cached:           271920 kB
MemTotal:        1844596 kB
MemFree:         1397920 kB
MemAvailable:    1560724 kB
Buffers:           19932 kB
Cached:           271920 kB
MemTotal:        1844596 kB
MemFree:         1397540 kB
MemAvailable:    1560344 kB
Buffers:           19932 kB
Cached:           271920 kB
MemTotal:        1844596 kB
MemFree:         1397424 kB
MemAvailable:    1560228 kB
Buffers:           19932 kB
Cached:           271920 kB
MemTotal:        1844596 kB
MemFree:         1397424 kB
MemAvailable:    1560228 kB
Buffers:           19932 kB
Cached:           271920 kB
MemTotal:        1844596 kB
MemFree:         1396920 kB
MemAvailable:    1559724 kB
Buffers:           19932 kB
Cached:           271920 kB
MemTotal:        1844596 kB
MemFree:         1396624 kB
MemAvailable:    1559428 kB
Buffers:           19932 kB
Cached:           271920 kB
MemTotal:        1844596 kB
MemFree:         1396752 kB
MemAvailable:    1559556 kB
Buffers:           19932 kB
Cached:           271920 kB
MemTotal:        1844596 kB
MemFree:         1397896 kB
MemAvailable:    1560700 kB
Buffers:           19932 kB
Cached:           271920 kB
MemTotal:        1844596 kB
MemFree:         1397788 kB
MemAvailable:    1560592 kB
Buffers:           19932 kB
Cached:           271920 kB
MemTotal:        1844596 kB
MemFree:         1397908 kB
MemAvailable:    1560712 kB
Buffers:           19932 kB
Cached:           271920 kB
MemTotal:        1844596 kB
MemFree:         1397884 kB
MemAvailable:    1560688 kB
Buffers:           19932 kB
Cached:           271920 kB
MemTotal:        1844596 kB
MemFree:         1396728 kB
MemAvailable:    1559532 kB
Buffers:           19932 kB
Cached:           271920 kB
MemTotal:        1844596 kB
MemFree:         1396680 kB
MemAvailable:    1559484 kB
Buffers:           19932 kB
Cached:           271920 kB
MemTotal:        1844596 kB
MemFree:         1398108 kB
MemAvailable:    1560912 kB
Buffers:           19932 kB
Cached:           271920 kB
MemTotal:        1844596 kB
MemFree:         1397248 kB
MemAvailable:    1560052 kB
Buffers:           19932 kB
Cached:           271920 kB
MemTotal:        1844596 kB
MemFree:         1397880 kB
MemAvailable:    1560692 kB
Buffers:           19932 kB
Cached:           271928 kB
MemTotal:        1844596 kB
MemFree:         1396556 kB
MemAvailable:    1559368 kB
Buffers:           19932 kB
Cached:           271928 kB
MemTotal:        1844596 kB
MemFree:         1396424 kB
MemAvailable:    1559236 kB
Buffers:           19932 kB
Cached:           271928 kB
MemTotal:        1844596 kB
MemFree:         1397468 kB
MemAvailable:    1560280 kB
Buffers:           19932 kB
Cached:           271928 kB
MemTotal:        1844596 kB
MemFree:         1396060 kB
MemAvailable:    1558872 kB
Buffers:           19932 kB
Cached:           271928 kB
MemTotal:        1844596 kB
MemFree:         1396900 kB
MemAvailable:    1559712 kB
Buffers:           19932 kB
Cached:           271928 kB
MemTotal:        1844596 kB
MemFree:         1397236 kB
MemAvailable:    1560048 kB
Buffers:           19932 kB
Cached:           271928 kB
MemTotal:        1844596 kB
MemFree:         1396968 kB
MemAvailable:    1559780 kB
Buffers:           19932 kB
Cached:           271928 kB
MemTotal:        1844596 kB
MemFree:         1395660 kB
MemAvailable:    1558472 kB
Buffers:           19932 kB
Cached:           271928 kB
MemTotal:        1844596 kB
MemFree:         1396892 kB
MemAvailable:    1559704 kB
Buffers:           19932 kB
Cached:           271928 kB
MemTotal:        1844596 kB
MemFree:         1396680 kB
MemAvailable:    1559492 kB
Buffers:           19932 kB
Cached:           271928 kB
MemTotal:        1844596 kB
MemFree:         1397040 kB
MemAvailable:    1559852 kB
Buffers:           19932 kB
Cached:           271928 kB
MemTotal:        1844596 kB
MemFree:         1395752 kB
MemAvailable:    1558564 kB
Buffers:           19932 kB
Cached:           271928 kB
MemTotal:        1844596 kB
MemFree:         1395664 kB
MemAvailable:    1558476 kB
Buffers:           19932 kB
Cached:           271928 kB
MemTotal:        1844596 kB
MemFree:         1396856 kB
MemAvailable:    1559668 kB
Buffers:           19932 kB
Cached:           271928 kB
MemTotal:        1844596 kB
MemFree:         1396820 kB
MemAvailable:    1559632 kB
Buffers:           19932 kB
Cached:           271928 kB
MemTotal:        1844596 kB
MemFree:         1395184 kB
MemAvailable:    1557996 kB
Buffers:           19932 kB
Cached:           271928 kB
MemTotal:        1844596 kB
MemFree:         1394456 kB
MemAvailable:    1557268 kB
Buffers:           19932 kB
Cached:           271928 kB
MemTotal:        1844596 kB
MemFree:         1392324 kB
MemAvailable:    1555136 kB
Buffers:           19932 kB
Cached:           271928 kB
MemTotal:        1844596 kB
MemFree:         1391844 kB
MemAvailable:    1554656 kB
Buffers:           19932 kB
Cached:           271928 kB
MemTotal:        1844596 kB
MemFree:         1388620 kB
MemAvailable:    1551432 kB
Buffers:           19932 kB
Cached:           271928 kB
MemTotal:        1844596 kB
MemFree:         1388488 kB
MemAvailable:    1551300 kB
Buffers:           19932 kB
Cached:           271928 kB
MemTotal:        1844596 kB
MemFree:         1387992 kB
MemAvailable:    1550804 kB
Buffers:           19932 kB
Cached:           271928 kB
MemTotal:        1844596 kB
MemFree:         1388124 kB
MemAvailable:    1550936 kB
Buffers:           19932 kB
Cached:           271928 kB
MemTotal:        1844596 kB
MemFree:         1388968 kB
MemAvailable:    1551780 kB
Buffers:           19932 kB
Cached:           271928 kB
MemTotal:        1844596 kB
MemFree:         1388968 kB
MemAvailable:    1551780 kB
Buffers:           19932 kB
Cached:           271928 kB
MemTotal:        1844596 kB
MemFree:         1387692 kB
MemAvailable:    1550504 kB
Buffers:           19932 kB
Cached:           271928 kB
MemTotal:        1844596 kB
MemFree:         1387728 kB
MemAvailable:    1550540 kB
Buffers:           19932 kB
Cached:           271928 kB
MemTotal:        1844596 kB
MemFree:         1388988 kB
MemAvailable:    1551800 kB
Buffers:           19932 kB
Cached:           271928 kB
MemTotal:        1844596 kB
MemFree:         1387724 kB
MemAvailable:    1550536 kB
Buffers:           19932 kB
Cached:           271928 kB
MemTotal:        1844596 kB
MemFree:         1388256 kB
MemAvailable:    1551068 kB
Buffers:           19932 kB
Cached:           271928 kB
MemTotal:        1844596 kB
MemFree:         1388852 kB
MemAvailable:    1551664 kB
Buffers:           19932 kB
Cached:           271928 kB
MemTotal:        1844596 kB
MemFree:         1389188 kB
MemAvailable:    1552000 kB
Buffers:           19932 kB
Cached:           271928 kB
MemTotal:        1844596 kB
MemFree:         1387836 kB
MemAvailable:    1550652 kB
Buffers:           19932 kB
Cached:           271932 kB
MemTotal:        1844596 kB
MemFree:         1388868 kB
MemAvailable:    1551684 kB
Buffers:           19932 kB
Cached:           271932 kB
MemTotal:        1844596 kB
MemFree:         1389204 kB
MemAvailable:    1552020 kB
Buffers:           19932 kB
Cached:           271932 kB
MemTotal:        1844596 kB
MemFree:         1388736 kB
MemAvailable:    1551552 kB
Buffers:           19932 kB
Cached:           271932 kB
MemTotal:        1844596 kB
MemFree:         1388736 kB
MemAvailable:    1551552 kB
Buffers:           19932 kB
Cached:           271932 kB
MemTotal:        1844596 kB
MemFree:         1387116 kB
MemAvailable:    1549932 kB
Buffers:           19932 kB
Cached:           271932 kB
MemTotal:        1844596 kB
MemFree:         1388356 kB
MemAvailable:    1551172 kB
Buffers:           19932 kB
Cached:           271932 kB
MemTotal:        1844596 kB
MemFree:         1387688 kB
MemAvailable:    1550504 kB
Buffers:           19932 kB
Cached:           271932 kB
MemTotal:        1844596 kB
MemFree:         1387248 kB
MemAvailable:    1550064 kB
Buffers:           19932 kB
Cached:           271932 kB
MemTotal:        1844596 kB
MemFree:         1387248 kB
MemAvailable:    1550064 kB
Buffers:           19932 kB
Cached:           271932 kB
MemTotal:        1844596 kB
MemFree:         1387184 kB
MemAvailable:    1550000 kB
Buffers:           19932 kB
Cached:           271932 kB
MemTotal:        1844596 kB
MemFree:         1385836 kB
MemAvailable:    1548652 kB
Buffers:           19932 kB
Cached:           271932 kB
MemTotal:        1844596 kB
MemFree:         1385016 kB
MemAvailable:    1547832 kB
Buffers:           19932 kB
Cached:           271932 kB
MemTotal:        1844596 kB
MemFree:         1385024 kB
MemAvailable:    1547840 kB
Buffers:           19932 kB
Cached:           271932 kB
MemTotal:        1844596 kB
MemFree:         1384412 kB
MemAvailable:    1547228 kB
Buffers:           19932 kB
Cached:           271932 kB
MemTotal:        1844596 kB
MemFree:         1384280 kB
MemAvailable:    1547096 kB
Buffers:           19932 kB
Cached:           271932 kB
MemTotal:        1844596 kB
MemFree:         1384288 kB
MemAvailable:    1547104 kB
Buffers:           19932 kB
Cached:           271932 kB
MemTotal:        1844596 kB
MemFree:         1385252 kB
MemAvailable:    1548068 kB
Buffers:           19932 kB
Cached:           271932 kB
MemTotal:        1844596 kB
MemFree:         1385336 kB
MemAvailable:    1548152 kB
Buffers:           19932 kB
Cached:           271932 kB
MemTotal:        1844596 kB
MemFree:         1383984 kB
MemAvailable:    1546800 kB
Buffers:           19932 kB
Cached:           271932 kB
MemTotal:        1844596 kB
MemFree:         1383852 kB
MemAvailable:    1546668 kB
Buffers:           19932 kB
Cached:           271932 kB
MemTotal:        1844596 kB
MemFree:         1383852 kB
MemAvailable:    1546668 kB
Buffers:           19932 kB
Cached:           271932 kB
MemTotal:        1844596 kB
MemFree:         1385028 kB
MemAvailable:    1547844 kB
Buffers:           19932 kB
Cached:           271932 kB
MemTotal:        1844596 kB
MemFree:         1385148 kB
MemAvailable:    1547964 kB
Buffers:           19932 kB
Cached:           271932 kB
MemTotal:        1844596 kB
MemFree:         1384660 kB
MemAvailable:    1547476 kB
Buffers:           19932 kB
Cached:           271932 kB
MemTotal:        1844596 kB
MemFree:         1385204 kB
MemAvailable:    1548020 kB
Buffers:           19932 kB
Cached:           271932 kB
MemTotal:        1844596 kB
MemFree:         1384832 kB
MemAvailable:    1547648 kB
Buffers:           19932 kB
Cached:           271932 kB
MemTotal:        1844596 kB
MemFree:         1385168 kB
MemAvailable:    1547984 kB
Buffers:           19932 kB
Cached:           271932 kB
MemTotal:        1844596 kB
MemFree:         1384712 kB
MemAvailable:    1547528 kB
Buffers:           19932 kB
Cached:           271932 kB
MemTotal:        1844596 kB
MemFree:         1382116 kB
MemAvailable:    1544932 kB
Buffers:           19932 kB
Cached:           271932 kB
MemTotal:        1844596 kB
MemFree:         1377592 kB
MemAvailable:    1540408 kB
Buffers:           19932 kB
Cached:           271932 kB
MemTotal:        1844596 kB
MemFree:         1376228 kB
MemAvailable:    1539044 kB
Buffers:           19932 kB
Cached:           271932 kB
MemTotal:        1844596 kB
MemFree:         1377164 kB
MemAvailable:    1539980 kB
Buffers:           19932 kB
Cached:           271932 kB
MemTotal:        1844596 kB
MemFree:         1376980 kB
MemAvailable:    1539796 kB
Buffers:           19932 kB
Cached:           271932 kB
MemTotal:        1844596 kB
MemFree:         1377172 kB
MemAvailable:    1539988 kB
Buffers:           19932 kB
Cached:           271932 kB
MemTotal:        1844596 kB
MemFree:         1375928 kB
MemAvailable:    1538744 kB
Buffers:           19932 kB
Cached:           271932 kB
MemTotal:        1844596 kB
MemFree:         1375920 kB
MemAvailable:    1538736 kB
Buffers:           19932 kB
Cached:           271932 kB
MemTotal:        1844596 kB
MemFree:         1378008 kB
MemAvailable:    1540824 kB
Buffers:           19932 kB
Cached:           271932 kB
MemTotal:        1844596 kB
MemFree:         1377964 kB
MemAvailable:    1540780 kB
Buffers:           19932 kB
Cached:           271932 kB
MemTotal:        1844596 kB
MemFree:         1378692 kB
MemAvailable:    1541592 kB
Buffers:           19932 kB
Cached:           272056 kB
MemTotal:        1844596 kB
MemFree:         1378776 kB
MemAvailable:    1541760 kB
Buffers:           19932 kB
Cached:           272056 kB
MemTotal:        1844596 kB
MemFree:         1378504 kB
MemAvailable:    1541656 kB
Buffers:           19932 kB
Cached:           272304 kB
MemTotal:        1844596 kB
MemFree:         1377344 kB
MemAvailable:    1540496 kB
Buffers:           19932 kB
Cached:           272304 kB
MemTotal:        1844596 kB
MemFree:         1378216 kB
MemAvailable:    1541452 kB
Buffers:           19932 kB
Cached:           272428 kB
MemTotal:        1844596 kB
MemFree:         1378128 kB
MemAvailable:    1541448 kB
Buffers:           19932 kB
Cached:           272428 kB
MemTotal:        1844596 kB
MemFree:         1377880 kB
MemAvailable:    1541284 kB
Buffers:           19932 kB
Cached:           272552 kB
MemTotal:        1844596 kB
MemFree:         1377964 kB
MemAvailable:    1541368 kB
Buffers:           19932 kB
Cached:           272552 kB
MemTotal:        1844596 kB
MemFree:         1378052 kB
MemAvailable:    1541456 kB
Buffers:           19932 kB
Cached:           272552 kB
MemTotal:        1844596 kB
MemFree:         1377220 kB
MemAvailable:    1540624 kB
Buffers:           19932 kB
Cached:           272552 kB
MemTotal:        1844596 kB
MemFree:         1377952 kB
MemAvailable:    1541356 kB
Buffers:           19932 kB
Cached:           272552 kB
MemTotal:        1844596 kB
MemFree:         1377944 kB
MemAvailable:    1541348 kB
Buffers:           19932 kB
Cached:           272552 kB
MemTotal:        1844596 kB
MemFree:         1378016 kB
MemAvailable:    1541420 kB
Buffers:           19932 kB
Cached:           272552 kB
MemTotal:        1844596 kB
MemFree:         1378024 kB
MemAvailable:    1541428 kB
Buffers:           19932 kB
Cached:           272552 kB
MemTotal:        1844596 kB
MemFree:         1377916 kB
MemAvailable:    1541320 kB
Buffers:           19932 kB
Cached:           272552 kB
MemTotal:        1844596 kB
MemFree:         1378596 kB
MemAvailable:    1541412 kB
Buffers:           19932 kB
Cached:           272004 kB
MemTotal:        1844596 kB
MemFree:         1446216 kB
MemAvailable:    1609032 kB
Buffers:           19932 kB
Cached:           272004 kB
