MemTotal:        1844596 kB
MemFree:         1465296 kB
MemAvailable:    1611648 kB
Buffers:           17540 kB
Cached:           256628 kB
MemTotal:        1844596 kB
MemFree:         1440208 kB
MemAvailable:    1586568 kB
Buffers:           17540 kB
Cached:           256632 kB
MemTotal:        1844596 kB
MemFree:         1437860 kB
MemAvailable:    1584220 kB
Buffers:           17540 kB
Cached:           256632 kB
MemTotal:        1844596 kB
MemFree:         1437688 kB
MemAvailable:    1584048 kB
Buffers:           17540 kB
Cached:           256632 kB
MemTotal:        1844596 kB
MemFree:         1435620 kB
MemAvailable:    1581980 kB
Buffers:           17540 kB
Cached:           256632 kB
MemTotal:        1844596 kB
MemFree:         1435876 kB
MemAvailable:    1582236 kB
Buffers:           17540 kB
Cached:           256632 kB
MemTotal:        1844596 kB
MemFree:         1433148 kB
MemAvailable:    1579508 kB
Buffers:           17540 kB
Cached:           256632 kB
MemTotal:        1844596 kB
MemFree:         1434324 kB
MemAvailable:    1580684 kB
Buffers:           17540 kB
Cached:           256632 kB
MemTotal:        1844596 kB
MemFree:         1432960 kB
MemAvailable:    1579320 kB
Buffers:           17540 kB
Cached:           256632 kB
MemTotal:        1844596 kB
MemFree:         1431060 kB
MemAvailable:    1577420 kB
Buffers:           17540 kB
Cached:           256632 kB
MemTotal:        1844596 kB
MemFree:         1428808 kB
MemAvailable:    1575168 kB
Buffers:           17540 kB
Cached:           256632 kB
MemTotal:        1844596 kB
MemFree:         1427704 kB
MemAvailable:    1574064 kB
Buffers:           17540 kB
Cached:           256632 kB
MemTotal:        1844596 kB
MemFree:         1423212 kB
MemAvailable:    1569572 kB
Buffers:           17540 kB
Cached:           256632 kB
MemTotal:        1844596 kB
MemFree:         1423296 kB
MemAvailable:    1569656 kB
Buffers:           17540 kB
Cached:           256632 kB
MemTotal:        1844596 kB
MemFree:         1424560 kB
MemAvailable:    1570920 kB
Buffers:           17540 kB
Cached:           256632 kB
MemTotal:        1844596 kB
MemFree:         1423724 kB
MemAvailable:    1570084 kB
Buffers:           17540 kB
Cached:           256632 kB
MemTotal:        1844596 kB
MemFree:         1424508 kB
MemAvailable:    1570868 kB
Buffers:           17540 kB
Cached:           256632 kB
MemTotal:        1844596 kB
MemFree:         1424656 kB
MemAvailable:    1571016 kB
Buffers:           17540 kB
Cached:           256632 kB
MemTotal:        1844596 kB
MemFree:         1424468 kB
MemAvailable:    1570828 kB
Buffers:           17540 kB
Cached:           256632 kB
MemTotal:        1844596 kB
MemFree:         1424656 kB
MemAvailable:    1571016 kB
Buffers:           17540 kB
Cached:           256632 kB
MemTotal:        1844596 kB
MemFree:         1423584 kB
MemAvailable:    1569944 kB
Buffers:           17540 kB
Cached:           256632 kB
MemTotal:        1844596 kB
MemFree:         1423836 kB
MemAvailable:    1570196 kB
Buffers:           17540 kB
Cached:           256632 kB
MemTotal:        1844596 kB
MemFree:         1422220 kB
MemAvailable:    1568580 kB
Buffers:           17540 kB
Cached:           256632 kB
MemTotal:        1844596 kB
MemFree:         1422472 kB
MemAvailable:    1568832 kB
Buffers:           17540 kB
Cached:           256632 kB
MemTotal:        1844596 kB
MemFree:         1422096 kB
MemAvailable:    1568456 kB
Buffers:           17540 kB
Cached:           256632 kB
MemTotal:        1844596 kB
MemFree:         1422096 kB
MemAvailable:    1568456 kB
Buffers:           17540 kB
Cached:           256632 kB
MemTotal:        1844596 kB
MemFree:         1422092 kB
MemAvailable:    1568452 kB
Buffers:           17540 kB
Cached:           256632 kB
MemTotal:        1844596 kB
MemFree:         1420996 kB
MemAvailable:    1567356 kB
Buffers:           17540 kB
Cached:           256632 kB
MemTotal:        1844596 kB
MemFree:         1422100 kB
MemAvailable:    1568460 kB
Buffers:           17540 kB
Cached:           256632 kB
MemTotal:        1844596 kB
MemFree:         1421980 kB
MemAvailable:    1568340 kB
Buffers:           17540 kB
Cached:           256632 kB
MemTotal:        1844596 kB
MemFree:         1422048 kB
MemAvailable:    1568408 kB
Buffers:           17540 kB
Cached:           256632 kB
MemTotal:        1844596 kB
MemFree:         1421616 kB
MemAvailable:    1567976 kB
Buffers:           17540 kB
Cached:           256632 kB
MemTotal:        1844596 kB
MemFree:         1421920 kB
MemAvailable:    1568280 kB
Buffers:           17540 kB
Cached:           256632 kB
MemTotal:        1844596 kB
MemFree:         1422172 kB
MemAvailable:    1568532 kB
Buffers:           17540 kB
Cached:           256632 kB
MemTotal:        1844596 kB
MemFree:         1423412 kB
MemAvailable:    1569772 kB
Buffers:           17540 kB
Cached:           256632 kB
MemTotal:        1844596 kB
MemFree:         1423364 kB
MemAvailable:    1569724 kB
Buffers:           17540 kB
Cached:           256632 kB
MemTotal:        1844596 kB
MemFree:         1422048 kB
MemAvailable:    1568408 kB
Buffers:           17540 kB
Cached:           256632 kB
MemTotal:        1844596 kB
MemFree:         1421056 kB
MemAvailable:    1567416 kB
Buffers:           17540 kB
Cached:           256632 kB
MemTotal:        1844596 kB
MemFree:         1420004 kB
MemAvailable:    1566364 kB
Buffers:           17540 kB
Cached:           256632 kB
MemTotal:        1844596 kB
MemFree:         1419692 kB
MemAvailable:    1566052 kB
Buffers:           17540 kB
Cached:           256632 kB
MemTotal:        1844596 kB
MemFree:         1419444 kB
MemAvailable:    1565804 kB
Buffers:           17540 kB
Cached:           256632 kB
MemTotal:        1844596 kB
MemFree:         1418948 kB
MemAvailable:    1565308 kB
Buffers:           17552 kB
Cached:           256620 kB
MemTotal:        1844596 kB
MemFree:         1418632 kB
MemAvailable:    1564992 kB
Buffers:           17552 kB
Cached:           256620 kB
MemTotal:        1844596 kB
MemFree:         1418632 kB
MemAvailable:    1564992 kB
Buffers:           17552 kB
Cached:           256620 kB
MemTotal:        1844596 kB
MemFree:         1418268 kB
MemAvailable:    1564628 kB
Buffers:           17552 kB
Cached:           256620 kB
MemTotal:        1844596 kB
MemFree:         1418004 kB
MemAvailable:    1564364 kB
Buffers:           17552 kB
Cached:           256620 kB
MemTotal:        1844596 kB
MemFree:         1418088 kB
MemAvailable:    1564448 kB
Buffers:           17552 kB
Cached:           256620 kB
MemTotal:        1844596 kB
MemFree:         1417768 kB
MemAvailable:    1564128 kB
Buffers:           17552 kB
Cached:           256620 kB
MemTotal:        1844596 kB
MemFree:         1417896 kB
MemAvailable:    1564256 kB
Buffers:           17552 kB
Cached:           256620 kB
MemTotal:        1844596 kB
MemFree:         1417828 kB
MemAvailable:    1564188 kB
Buffers:           17552 kB
Cached:           256620 kB
MemTotal:        1844596 kB
MemFree:         1417152 kB
MemAvailable:    1563528 kB
Buffers:           17552 kB
Cached:           256636 kB
MemTotal:        1844596 kB
MemFree:         1417956 kB
MemAvailable:    1564332 kB
Buffers:           17552 kB
Cached:           256636 kB
MemTotal:        1844596 kB
MemFree:         1416772 kB
MemAvailable:    1563148 kB
Buffers:           17552 kB
Cached:           256636 kB
MemTotal:        1844596 kB
MemFree:         1417336 kB
MemAvailable:    1563712 kB
Buffers:           17552 kB
Cached:           256636 kB
MemTotal:        1844596 kB
MemFree:         1416028 kB
MemAvailable:    1562404 kB
Buffers:           17552 kB
Cached:           256636 kB
MemTotal:        1844596 kB
MemFree:         1417136 kB
MemAvailable:    1563512 kB
Buffers:           17552 kB
Cached:           256636 kB
MemTotal:        1844596 kB
MemFree:         1415524 kB
MemAvailable:    1561900 kB
Buffers:           17552 kB
Cached:           256636 kB
MemTotal:        1844596 kB
MemFree:         1416708 kB
MemAvailable:    1563084 kB
Buffers:           17552 kB
Cached:           256636 kB
MemTotal:        1844596 kB
MemFree:         1416792 kB
MemAvailable:    1563168 kB
Buffers:           17552 kB
Cached:           256636 kB
MemTotal:        1844596 kB
MemFree:         1416964 kB
MemAvailable:    1563340 kB
Buffers:           17552 kB
Cached:           256636 kB
MemTotal:        1844596 kB
MemFree:         1416964 kB
MemAvailable:    1563340 kB
Buffers:           17552 kB
Cached:           256636 kB
MemTotal:        1844596 kB
MemFree:         1415532 kB
MemAvailable:    1561908 kB
Buffers:           17552 kB
Cached:           256636 kB
MemTotal:        1844596 kB
MemFree:         1415780 kB
MemAvailable:    1562156 kB
Buffers:           17552 kB
Cached:           256636 kB
MemTotal:        1844596 kB
MemFree:         1416532 kB
MemAvailable:    1562908 kB
Buffers:           17552 kB
Cached:           256636 kB
MemTotal:        1844596 kB
MemFree:         1416760 kB
MemAvailable:    1563136 kB
Buffers:           17552 kB
Cached:           256636 kB
MemTotal:        1844596 kB
MemFree:         1417016 kB
MemAvailable:    1563392 kB
Buffers:           17552 kB
Cached:           256636 kB
MemTotal:        1844596 kB
MemFree:         1417008 kB
MemAvailable:    1563384 kB
Buffers:           17552 kB
Cached:           256636 kB
MemTotal:        1844596 kB
MemFree:         1416944 kB
MemAvailable:    1563320 kB
Buffers:           17552 kB
Cached:           256636 kB
MemTotal:        1844596 kB
MemFree:         1416964 kB
MemAvailable:    1563340 kB
Buffers:           17552 kB
Cached:           256636 kB
MemTotal:        1844596 kB
MemFree:         1415540 kB
MemAvailable:    1561916 kB
Buffers:           17552 kB
Cached:           256636 kB
MemTotal:        1844596 kB
MemFree:         1416412 kB
MemAvailable:    1562788 kB
Buffers:           17552 kB
Cached:           256636 kB
MemTotal:        1844596 kB
MemFree:         1416304 kB
MemAvailable:    1562680 kB
Buffers:           17552 kB
Cached:           256636 kB
MemTotal:        1844596 kB
MemFree:         1416080 kB
MemAvailable:    1562456 kB
Buffers:           17552 kB
Cached:           256636 kB
MemTotal:        1844596 kB
MemFree:         1416080 kB
MemAvailable:    1562456 kB
Buffers:           17552 kB
Cached:           256636 kB
MemTotal:        1844596 kB
MemFree:         1416144 kB
MemAvailable:    1562520 kB
Buffers:           17552 kB
Cached:           256636 kB
MemTotal:        1844596 kB
MemFree:         1415788 kB
MemAvailable:    1562040 kB
Buffers:           17552 kB
Cached:           256636 kB
MemTotal:        1844596 kB
MemFree:         1415032 kB
MemAvailable:    1561408 kB
Buffers:           17552 kB
Cached:           256636 kB
MemTotal:        1844596 kB
MemFree:         1416132 kB
MemAvailable:    1562508 kB
Buffers:           17552 kB
Cached:           256636 kB
MemTotal:        1844596 kB
MemFree:         1415776 kB
MemAvailable:    1562152 kB
Buffers:           17552 kB
Cached:           256636 kB
MemTotal:        1844596 kB
MemFree:         1416148 kB
MemAvailable:    1562528 kB
Buffers:           17552 kB
Cached:           256640 kB
MemTotal:        1844596 kB
MemFree:         1415416 kB
MemAvailable:    1561796 kB
Buffers:           17552 kB
Cached:           256640 kB
MemTotal:        1844596 kB
MemFree:         1414864 kB
MemAvailable:    1561244 kB
Buffers:           17552 kB
Cached:           256640 kB
MemTotal:        1844596 kB
MemFree:         1416096 kB
MemAvailable:    1562476 kB
Buffers:           17552 kB
Cached:           256640 kB
MemTotal:        1844596 kB
MemFree:         1416164 kB
MemAvailable:    1562544 kB
Buffers:           17552 kB
Cached:           256640 kB
MemTotal:        1844596 kB
MemFree:         1414352 kB
MemAvailable:    1560732 kB
Buffers:           17552 kB
Cached:           256640 kB
MemTotal:        1844596 kB
MemFree:         1413368 kB
MemAvailable:    1559748 kB
Buffers:           17552 kB
Cached:           256640 kB
MemTotal:        1844596 kB
MemFree:         1411012 kB
MemAvailable:    1557392 kB
Buffers:           17552 kB
Cached:           256640 kB
MemTotal:        1844596 kB
MemFree:         1408844 kB
MemAvailable:    1555224 kB
Buffers:           17552 kB
Cached:           256640 kB
MemTotal:        1844596 kB
MemFree:         1408648 kB
MemAvailable:    1555028 kB
Buffers:           17552 kB
Cached:           256640 kB
MemTotal:        1844596 kB
MemFree:         1407316 kB
MemAvailable:    1553696 kB
Buffers:           17552 kB
Cached:           256640 kB
MemTotal:        1844596 kB
MemFree:         1408208 kB
MemAvailable:    1554588 kB
Buffers:           17552 kB
Cached:           256640 kB
MemTotal:        1844596 kB
MemFree:         1408460 kB
MemAvailable:    1554840 kB
Buffers:           17552 kB
Cached:           256640 kB
MemTotal:        1844596 kB
MemFree:         1408132 kB
MemAvailable:    1554512 kB
Buffers:           17552 kB
Cached:           256640 kB
MemTotal:        1844596 kB
MemFree:         1408280 kB
MemAvailable:    1554660 kB
Buffers:           17552 kB
Cached:           256640 kB
MemTotal:        1844596 kB
MemFree:         1406936 kB
MemAvailable:    1553316 kB
Buffers:           17552 kB
Cached:           256640 kB
MemTotal:        1844596 kB
MemFree:         1408036 kB
MemAvailable:    1554416 kB
Buffers:           17552 kB
Cached:           256640 kB
MemTotal:        1844596 kB
MemFree:         1407356 kB
MemAvailable:    1553736 kB
Buffers:           17552 kB
Cached:           256640 kB
MemTotal:        1844596 kB
MemFree:         1407096 kB
MemAvailable:    1553476 kB
Buffers:           17552 kB
Cached:           256640 kB
MemTotal:        1844596 kB
MemFree:         1407096 kB
MemAvailable:    1553476 kB
Buffers:           17552 kB
Cached:           256640 kB
MemTotal:        1844596 kB
MemFree:         1407096 kB
MemAvailable:    1553476 kB
Buffers:           17552 kB
Cached:           256640 kB
MemTotal:        1844596 kB
MemFree:         1407344 kB
MemAvailable:    1553724 kB
Buffers:           17552 kB
Cached:           256640 kB
MemTotal:        1844596 kB
MemFree:         1408284 kB
MemAvailable:    1554664 kB
Buffers:           17552 kB
Cached:           256640 kB
MemTotal:        1844596 kB
MemFree:         1408084 kB
MemAvailable:    1554464 kB
Buffers:           17552 kB
Cached:           256640 kB
MemTotal:        1844596 kB
MemFree:         1408336 kB
MemAvailable:    1554716 kB
Buffers:           17552 kB
Cached:           256640 kB
MemTotal:        1844596 kB
MemFree:         1408152 kB
MemAvailable:    1554532 kB
Buffers:           17552 kB
Cached:           256640 kB
MemTotal:        1844596 kB
MemFree:         1407720 kB
MemAvailable:    1554100 kB
Buffers:           17552 kB
Cached:           256640 kB
MemTotal:        1844596 kB
MemFree:         1407976 kB
MemAvailable:    1554356 kB
Buffers:           17552 kB
Cached:           256640 kB
MemTotal:        1844596 kB
MemFree:         1407232 kB
MemAvailable:    1553612 kB
Buffers:           17552 kB
Cached:           256640 kB
MemTotal:        1844596 kB
MemFree:         1405984 kB
MemAvailable:    1552364 kB
Buffers:           17552 kB
Cached:           256640 kB
MemTotal:        1844596 kB
MemFree:         1406856 kB
MemAvailable:    1553236 kB
Buffers:           17552 kB
Cached:           256640 kB
MemTotal:        1844596 kB
MemFree:         1406664 kB
MemAvailable:    1553044 kB
Buffers:           17552 kB
Cached:           256640 kB
MemTotal:        1844596 kB
MemFree:         1405496 kB
MemAvailable:    1551876 kB
Buffers:           17552 kB
Cached:           256640 kB
MemTotal:        1844596 kB
MemFree:         1406168 kB
MemAvailable:    1552548 kB
Buffers:           17552 kB
Cached:           256640 kB
MemTotal:        1844596 kB
MemFree:         1406420 kB
MemAvailable:    1552800 kB
Buffers:           17552 kB
Cached:           256640 kB
MemTotal:        1844596 kB
MemFree:         1405744 kB
MemAvailable:    1552124 kB
Buffers:           17552 kB
Cached:           256640 kB
MemTotal:        1844596 kB
MemFree:         1405680 kB
MemAvailable:    1552060 kB
Buffers:           17552 kB
Cached:           256640 kB
MemTotal:        1844596 kB
MemFree:         1405680 kB
MemAvailable:    1552060 kB
Buffers:           17552 kB
Cached:           256640 kB
MemTotal:        1844596 kB
MemFree:         1403760 kB
MemAvailable:    1550140 kB
Buffers:           17552 kB
Cached:           256640 kB
MemTotal:        1844596 kB
MemFree:         1404676 kB
MemAvailable:    1551056 kB
Buffers:           17552 kB
Cached:           256640 kB
MemTotal:        1844596 kB
MemFree:         1404496 kB
MemAvailable:    1550876 kB
Buffers:           17552 kB
Cached:           256640 kB
MemTotal:        1844596 kB
MemFree:         1404496 kB
MemAvailable:    1550876 kB
Buffers:           17552 kB
Cached:           256640 kB
MemTotal:        1844596 kB
MemFree:         1404356 kB
MemAvailable:    1550736 kB
Buffers:           17552 kB
Cached:           256640 kB
MemTotal:        1844596 kB
MemFree:         1404496 kB
MemAvailable:    1550876 kB
Buffers:           17552 kB
Cached:           256640 kB
MemTotal:        1844596 kB
MemFree:         1404324 kB
MemAvailable:    1550704 kB
Buffers:           17552 kB
Cached:           256640 kB
MemTotal:        1844596 kB
MemFree:         1404316 kB
MemAvailable:    1550696 kB
Buffers:           17552 kB
Cached:           256640 kB
MemTotal:        1844596 kB
MemFree:         1403512 kB
MemAvailable:    1549896 kB
Buffers:           17552 kB
Cached:           256644 kB
MemTotal:        1844596 kB
MemFree:         1404688 kB
MemAvailable:    1551072 kB
Buffers:           17552 kB
Cached:           256644 kB
MemTotal:        1844596 kB
MemFree:         1403504 kB
MemAvailable:    1549888 kB
Buffers:           17552 kB
Cached:           256644 kB
MemTotal:        1844596 kB
MemFree:         1404556 kB
MemAvailable:    1550940 kB
Buffers:           17552 kB
Cached:           256644 kB
MemTotal:        1844596 kB
MemFree:         1403248 kB
MemAvailable:    1549632 kB
Buffers:           17552 kB
Cached:           256644 kB
MemTotal:        1844596 kB
MemFree:         1403812 kB
MemAvailable:    1550196 kB
Buffers:           17552 kB
Cached:           256644 kB
MemTotal:        1844596 kB
MemFree:         1403752 kB
MemAvailable:    1550136 kB
Buffers:           17552 kB
Cached:           256644 kB
MemTotal:        1844596 kB
MemFree:         1402504 kB
MemAvailable:    1548888 kB
Buffers:           17552 kB
Cached:           256644 kB
MemTotal:        1844596 kB
MemFree:         1402952 kB
MemAvailable:    1549336 kB
Buffers:           17552 kB
Cached:           256644 kB
MemTotal:        1844596 kB
MemFree:         1396264 kB
MemAvailable:    1542648 kB
Buffers:           17552 kB
Cached:           256644 kB
MemTotal:        1844596 kB
MemFree:         1396348 kB
MemAvailable:    1542732 kB
Buffers:           17552 kB
Cached:           256644 kB
MemTotal:        1844596 kB
MemFree:         1396304 kB
MemAvailable:    1542688 kB
Buffers:           17552 kB
Cached:           256644 kB
MemTotal:        1844596 kB
MemFree:         1396388 kB
MemAvailable:    1542772 kB
Buffers:           17552 kB
Cached:           256644 kB
MemTotal:        1844596 kB
MemFree:         1396392 kB
MemAvailable:    1542776 kB
Buffers:           17552 kB
Cached:           256644 kB
MemTotal:        1844596 kB
MemFree:         1395700 kB
MemAvailable:    1542084 kB
Buffers:           17552 kB
Cached:           256644 kB
MemTotal:        1844596 kB
MemFree:         1396360 kB
MemAvailable:    1542744 kB
Buffers:           17552 kB
Cached:           256644 kB
MemTotal:        1844596 kB
MemFree:         1398364 kB
MemAvailable:    1544748 kB
Buffers:           17552 kB
Cached:           256644 kB
MemTotal:        1844596 kB
MemFree:         1398532 kB
MemAvailable:    1544916 kB
Buffers:           17552 kB
Cached:           256644 kB
MemTotal:        1844596 kB
MemFree:         1398300 kB
MemAvailable:    1544684 kB
Buffers:           17552 kB
Cached:           256644 kB
MemTotal:        1844596 kB
MemFree:         1398344 kB
MemAvailable:    1544812 kB
Buffers:           17552 kB
Cached:           256768 kB
MemTotal:        1844596 kB
MemFree:         1398152 kB
MemAvailable:    1544704 kB
Buffers:           17552 kB
Cached:           256768 kB
MemTotal:        1844596 kB
MemFree:         1397064 kB
MemAvailable:    1543616 kB
Buffers:           17552 kB
Cached:           256892 kB
MemTotal:        1844596 kB
MemFree:         1397928 kB
MemAvailable:    1544564 kB
Buffers:           17552 kB
Cached:           257016 kB
MemTotal:        1844596 kB
MemFree:         1397972 kB
MemAvailable:    1544692 kB
Buffers:           17552 kB
Cached:           257016 kB
MemTotal:        1844596 kB
MemFree:         1397640 kB
MemAvailable:    1544444 kB
Buffers:           17552 kB
Cached:           257264 kB
MemTotal:        1844596 kB
MemFree:         1397892 kB
MemAvailable:    1544780 kB
Buffers:           17552 kB
Cached:           257264 kB
MemTotal:        1844596 kB
MemFree:         1397732 kB
MemAvailable:    1544620 kB
Buffers:           17552 kB
Cached:           257264 kB
MemTotal:        1844596 kB
MemFree:         1396692 kB
MemAvailable:    1543580 kB
Buffers:           17552 kB
Cached:           257264 kB
MemTotal:        1844596 kB
MemFree:         1397732 kB
MemAvailable:    1544704 kB
Buffers:           17552 kB
Cached:           257264 kB
MemTotal:        1844596 kB
MemFree:         1397624 kB
MemAvailable:    1544596 kB
Buffers:           17552 kB
Cached:           257264 kB
MemTotal:        1844596 kB
MemFree:         1396940 kB
MemAvailable:    1543912 kB
Buffers:           17552 kB
Cached:           257264 kB
MemTotal:        1844596 kB
MemFree:         1397672 kB
MemAvailable:    1544644 kB
Buffers:           17552 kB
Cached:           257264 kB
MemTotal:        1844596 kB
MemFree:         1397560 kB
MemAvailable:    1544532 kB
Buffers:           17552 kB
Cached:           257264 kB
MemTotal:        1844596 kB
MemFree:         1397480 kB
MemAvailable:    1544452 kB
Buffers:           17552 kB
Cached:           257264 kB
MemTotal:        1844596 kB
MemFree:         1397816 kB
MemAvailable:    1544788 kB
Buffers:           17552 kB
Cached:           257264 kB
MemTotal:        1844596 kB
MemFree:         1397548 kB
MemAvailable:    1544604 kB
Buffers:           17552 kB
Cached:           257388 kB
MemTotal:        1844596 kB
MemFree:         1397796 kB
MemAvailable:    1544180 kB
Buffers:           17552 kB
Cached:           256632 kB
MemTotal:        1844596 kB
MemFree:         1465384 kB
MemAvailable:    1611768 kB
Buffers:           17552 kB
Cached:           256632 kB
