MemTotal:        1844596 kB
MemFree:         1447752 kB
MemAvailable:    1609708 kB
Buffers:           19800 kB
Cached:           271264 kB
MemTotal:        1844596 kB
MemFree:         1421488 kB
MemAvailable:    1583452 kB
Buffers:           19804 kB
Cached:           271268 kB
MemTotal:        1844596 kB
MemFree:         1419008 kB
MemAvailable:    1580972 kB
Buffers:           19804 kB
Cached:           271268 kB
MemTotal:        1844596 kB
MemFree:         1417884 kB
MemAvailable:    1579848 kB
Buffers:           19804 kB
Cached:           271268 kB
MemTotal:        1844596 kB
MemFree:         1418140 kB
MemAvailable:    1580104 kB
Buffers:           19804 kB
Cached:           271268 kB
MemTotal:        1844596 kB
MemFree:         1416396 kB
MemAvailable:    1578360 kB
Buffers:           19804 kB
Cached:           271268 kB
MemTotal:        1844596 kB
MemFree:         1416396 kB
MemAvailable:    1578360 kB
Buffers:           19804 kB
Cached:           271268 kB
MemTotal:        1844596 kB
MemFree:         1416436 kB
MemAvailable:    1578400 kB
Buffers:           19804 kB
Cached:           271268 kB
MemTotal:        1844596 kB
MemFree:         1413924 kB
MemAvailable:    1575888 kB
Buffers:           19804 kB
Cached:           271268 kB
MemTotal:        1844596 kB
MemFree:         1413116 kB
MemAvailable:    1575080 kB
Buffers:           19804 kB
Cached:           271268 kB
MemTotal:        1844596 kB
MemFree:         1410576 kB
MemAvailable:    1572540 kB
Buffers:           19804 kB
Cached:           271268 kB
MemTotal:        1844596 kB
MemFree:         1409760 kB
MemAvailable:    1571724 kB
Buffers:           19804 kB
Cached:           271268 kB
MemTotal:        1844596 kB
MemFree:         1404624 kB
MemAvailable:    1566588 kB
Buffers:           19804 kB
Cached:           271268 kB
MemTotal:        1844596 kB
MemFree:         1406520 kB
MemAvailable:    1568484 kB
Buffers:           19804 kB
Cached:           271268 kB
MemTotal:        1844596 kB
MemFree:         1406496 kB
MemAvailable:    1568460 kB
Buffers:           19804 kB
Cached:           271268 kB
MemTotal:        1844596 kB
MemFree:         1405440 kB
MemAvailable:    1567404 kB
Buffers:           19804 kB
Cached:           271268 kB
MemTotal:        1844596 kB
MemFree:         1406672 kB
MemAvailable:    1568636 kB
Buffers:           19804 kB
Cached:           271268 kB
MemTotal:        1844596 kB
MemFree:         1406292 kB
MemAvailable:    1568256 kB
Buffers:           19804 kB
Cached:           271268 kB
MemTotal:        1844596 kB
MemFree:         1406292 kB
MemAvailable:    1568256 kB
Buffers:           19804 kB
Cached:           271268 kB
MemTotal:        1844596 kB
MemFree:         1406216 kB
MemAvailable:    1568180 kB
Buffers:           19804 kB
Cached:           271268 kB
MemTotal:        1844596 kB
MemFree:         1404624 kB
MemAvailable:    1566588 kB
Buffers:           19804 kB
Cached:           271268 kB
MemTotal:        1844596 kB
MemFree:         1404236 kB
MemAvailable:    1566200 kB
Buffers:           19804 kB
Cached:           271268 kB
MemTotal:        1844596 kB
MemFree:         1404236 kB
MemAvailable:    1566200 kB
Buffers:           19804 kB
Cached:           271268 kB
MemTotal:        1844596 kB
MemFree:         1402624 kB
MemAvailable:    1564588 kB
Buffers:           19804 kB
Cached:           271268 kB
MemTotal:        1844596 kB
MemFree:         1403948 kB
MemAvailable:    1565912 kB
Buffers:           19804 kB
Cached:           271268 kB
MemTotal:        1844596 kB
MemFree:         1402700 kB
MemAvailable:    1564664 kB
Buffers:           19804 kB
Cached:           271268 kB
MemTotal:        1844596 kB
MemFree:         1403632 kB
MemAvailable:    1565596 kB
Buffers:           19804 kB
Cached:           271268 kB
MemTotal:        1844596 kB
MemFree:         1403860 kB
MemAvailable:    1565824 kB
Buffers:           19804 kB
Cached:           271268 kB
MemTotal:        1844596 kB
MemFree:         1404116 kB
MemAvailable:    1566080 kB
Buffers:           19804 kB
Cached:           271268 kB
MemTotal:        1844596 kB
MemFree:         1402764 kB
MemAvailable:    1564728 kB
Buffers:           19804 kB
Cached:           271268 kB
MemTotal:        1844596 kB
MemFree:         1404064 kB
MemAvailable:    1566028 kB
Buffers:           19804 kB
Cached:           271268 kB
MemTotal:        1844596 kB
MemFree:         1402964 kB
MemAvailable:    1564928 kB
Buffers:           19804 kB
Cached:           271268 kB
MemTotal:        1844596 kB
MemFree:         1405228 kB
MemAvailable:    1567192 kB
Buffers:           19804 kB
Cached:           271268 kB
MemTotal:        1844596 kB
MemFree:         1405048 kB
MemAvailable:    1567012 kB
Buffers:           19804 kB
Cached:           271268 kB
MemTotal:        1844596 kB
MemFree:         1403136 kB
MemAvailable:    1565100 kB
Buffers:           19804 kB
Cached:           271268 kB
MemTotal:        1844596 kB
MemFree:         1401956 kB
MemAvailable:    1563920 kB
Buffers:           19804 kB
Cached:           271268 kB
MemTotal:        1844596 kB
MemFree:         1401764 kB
MemAvailable:    1563728 kB
Buffers:           19804 kB
Cached:           271268 kB
MemTotal:        1844596 kB
MemFree:         1400284 kB
MemAvailable:    1562248 kB
Buffers:           19804 kB
Cached:           271268 kB
MemTotal:        1844596 kB
MemFree:         1401088 kB
MemAvailable:    1563052 kB
Buffers:           19804 kB
Cached:           271268 kB
MemTotal:        1844596 kB
MemFree:         1401020 kB
MemAvailable:    1562984 kB
Buffers:           19804 kB
Cached:           271268 kB
MemTotal:        1844596 kB
MemFree:         1400656 kB
MemAvailable:    1562620 kB
Buffers:           19804 kB
Cached:           271268 kB
MemTotal:        1844596 kB
MemFree:         1399972 kB
MemAvailable:    1561936 kB
Buffers:           19804 kB
Cached:           271268 kB
MemTotal:        1844596 kB
MemFree:         1399924 kB
MemAvailable:    1561888 kB
Buffers:           19804 kB
Cached:           271268 kB
MemTotal:        1844596 kB
MemFree:         1399896 kB
MemAvailable:    1561860 kB
Buffers:           19804 kB
Cached:           271268 kB
MemTotal:        1844596 kB
MemFree:         1399540 kB
MemAvailable:    1561504 kB
Buffers:           19804 kB
Cached:           271268 kB
MemTotal:        1844596 kB
MemFree:         1399824 kB
MemAvailable:    1561788 kB
Buffers:           19804 kB
Cached:           271268 kB
MemTotal:        1844596 kB
MemFree:         1399672 kB
MemAvailable:    1561636 kB
Buffers:           19804 kB
Cached:           271268 kB
MemTotal:        1844596 kB
MemFree:         1399976 kB
MemAvailable:    1561944 kB
Buffers:           19804 kB
Cached:           271272 kB
MemTotal:        1844596 kB
MemFree:         1398624 kB
MemAvailable:    1560592 kB
Buffers:           19804 kB
Cached:           271272 kB
MemTotal:        1844596 kB
MemFree:         1399600 kB
MemAvailable:    1561568 kB
Buffers:           19804 kB
Cached:           271272 kB
MemTotal:        1844596 kB
MemFree:         1399600 kB
MemAvailable:    1561568 kB
Buffers:           19804 kB
Cached:           271272 kB
MemTotal:        1844596 kB
MemFree:         1399028 kB
MemAvailable:    1560996 kB
Buffers:           19804 kB
Cached:           271272 kB
MemTotal:        1844596 kB
MemFree:         1399112 kB
MemAvailable:    1561080 kB
Buffers:           19804 kB
Cached:           271272 kB
MemTotal:        1844596 kB
MemFree:         1399152 kB
MemAvailable:    1561120 kB
Buffers:           19804 kB
Cached:           271272 kB
MemTotal:        1844596 kB
MemFree:         1398864 kB
MemAvailable:    1560832 kB
Buffers:           19804 kB
Cached:           271272 kB
MemTotal:        1844596 kB
MemFree:         1398920 kB
MemAvailable:    1560888 kB
Buffers:           19804 kB
Cached:           271272 kB
MemTotal:        1844596 kB
MemFree:         1398768 kB
MemAvailable:    1560736 kB
Buffers:           19804 kB
Cached:           271272 kB
MemTotal:        1844596 kB
MemFree:         1399020 kB
MemAvailable:    1560988 kB
Buffers:           19804 kB
Cached:           271272 kB
MemTotal:        1844596 kB
MemFree:         1398768 kB
MemAvailable:    1560736 kB
Buffers:           19804 kB
Cached:           271272 kB
MemTotal:        1844596 kB
MemFree:         1398920 kB
MemAvailable:    1560888 kB
Buffers:           19804 kB
Cached:           271272 kB
MemTotal:        1844596 kB
MemFree:         1399096 kB
MemAvailable:    1561064 kB
Buffers:           19804 kB
Cached:           271272 kB
MemTotal:        1844596 kB
MemFree:         1397536 kB
MemAvailable:    1559504 kB
Buffers:           19804 kB
Cached:           271272 kB
MemTotal:        1844596 kB
MemFree:         1398788 kB
MemAvailable:    1560756 kB
Buffers:           19804 kB
Cached:           271272 kB
MemTotal:        1844596 kB
MemFree:         1399084 kB
MemAvailable:    1561052 kB
Buffers:           19804 kB
Cached:           271272 kB
MemTotal:        1844596 kB
MemFree:         1397556 kB
MemAvailable:    1559524 kB
Buffers:           19804 kB
Cached:           271272 kB
MemTotal:        1844596 kB
MemFree:         1398796 kB
MemAvailable:    1560768 kB
Buffers:           19804 kB
Cached:           271276 kB
MemTotal:        1844596 kB
MemFree:         1397556 kB
MemAvailable:    1559404 kB
Buffers:           19804 kB
Cached:           271276 kB
MemTotal:        1844596 kB
MemFree:         1398632 kB
MemAvailable:    1560604 kB
Buffers:           19804 kB
Cached:           271276 kB
MemTotal:        1844596 kB
MemFree:         1396936 kB
MemAvailable:    1558908 kB
Buffers:           19804 kB
Cached:           271276 kB
MemTotal:        1844596 kB
MemFree:         1397060 kB
MemAvailable:    1559032 kB
Buffers:           19804 kB
Cached:           271276 kB
MemTotal:        1844596 kB
MemFree:         1397864 kB
MemAvailable:    1559836 kB
Buffers:           19804 kB
Cached:           271276 kB
MemTotal:        1844596 kB
MemFree:         1398116 kB
MemAvailable:    1560088 kB
Buffers:           19804 kB
Cached:           271276 kB
MemTotal:        1844596 kB
MemFree:         1396640 kB
MemAvailable:    1558612 kB
Buffers:           19804 kB
Cached:           271276 kB
MemTotal:        1844596 kB
MemFree:         1396632 kB
MemAvailable:    1558604 kB
Buffers:           19804 kB
Cached:           271276 kB
MemTotal:        1844596 kB
MemFree:         1398040 kB
MemAvailable:    1560012 kB
Buffers:           19804 kB
Cached:           271276 kB
MemTotal:        1844596 kB
MemFree:         1396668 kB
MemAvailable:    1558640 kB
Buffers:           19804 kB
Cached:           271276 kB
MemTotal:        1844596 kB
MemFree:         1398068 kB
MemAvailable:    1560040 kB
Buffers:           19804 kB
Cached:           271276 kB
MemTotal:        1844596 kB
MemFree:         1397192 kB
MemAvailable:    1559164 kB
Buffers:           19804 kB
Cached:           271276 kB
MemTotal:        1844596 kB
MemFree:         1397740 kB
MemAvailable:    1559712 kB
Buffers:           19804 kB
Cached:           271276 kB
MemTotal:        1844596 kB
MemFree:         1398076 kB
MemAvailable:    1560048 kB
Buffers:           19804 kB
Cached:           271276 kB
MemTotal:        1844596 kB
MemFree:         1397640 kB
MemAvailable:    1559612 kB
Buffers:           19804 kB
Cached:           271276 kB
MemTotal:        1844596 kB
MemFree:         1395200 kB
MemAvailable:    1557172 kB
Buffers:           19804 kB
Cached:           271276 kB
MemTotal:        1844596 kB
MemFree:         1393324 kB
MemAvailable:    1555296 kB
Buffers:           19804 kB
Cached:           271276 kB
MemTotal:        1844596 kB
MemFree:         1393536 kB
MemAvailable:    1555508 kB
Buffers:           19804 kB
Cached:           271276 kB
MemTotal:        1844596 kB
MemFree:         1389372 kB
MemAvailable:    1551344 kB
Buffers:           19804 kB
Cached:           271276 kB
MemTotal:        1844596 kB
MemFree:         1390424 kB
MemAvailable:    1552396 kB
Buffers:           19804 kB
Cached:           271276 kB
MemTotal:        1844596 kB
MemFree:         1389000 kB
MemAvailable:    1550972 kB
Buffers:           19804 kB
Cached:           271276 kB
MemTotal:        1844596 kB
MemFree:         1390032 kB
MemAvailable:    1552004 kB
Buffers:           19804 kB
Cached:           271276 kB
MemTotal:        1844596 kB
MemFree:         1390052 kB
MemAvailable:    1552024 kB
Buffers:           19804 kB
Cached:           271276 kB
MemTotal:        1844596 kB
MemFree:         1388828 kB
MemAvailable:    1550800 kB
Buffers:           19804 kB
Cached:           271276 kB
MemTotal:        1844596 kB
MemFree:         1388876 kB
MemAvailable:    1550848 kB
Buffers:           19804 kB
Cached:           271276 kB
MemTotal:        1844596 kB
MemFree:         1388704 kB
MemAvailable:    1550676 kB
Buffers:           19804 kB
Cached:           271276 kB
MemTotal:        1844596 kB
MemFree:         1388704 kB
MemAvailable:    1550676 kB
Buffers:           19804 kB
Cached:           271276 kB
MemTotal:        1844596 kB
MemFree:         1388732 kB
MemAvailable:    1550704 kB
Buffers:           19804 kB
Cached:           271276 kB
MemTotal:        1844596 kB
MemFree:         1388864 kB
MemAvailable:    1550836 kB
Buffers:           19804 kB
Cached:           271276 kB
MemTotal:        1844596 kB
MemFree:         1390128 kB
MemAvailable:    1552100 kB
Buffers:           19804 kB
Cached:           271276 kB
MemTotal:        1844596 kB
MemFree:         1388732 kB
MemAvailable:    1550704 kB
Buffers:           19804 kB
Cached:           271276 kB
MemTotal:        1844596 kB
MemFree:         1388692 kB
MemAvailable:    1550664 kB
Buffers:           19804 kB
Cached:           271276 kB
MemTotal:        1844596 kB
MemFree:         1389792 kB
MemAvailable:    1551764 kB
Buffers:           19804 kB
Cached:           271276 kB
MemTotal:        1844596 kB
MemFree:         1389936 kB
MemAvailable:    1551908 kB
Buffers:           19804 kB
Cached:           271276 kB
MemTotal:        1844596 kB
MemFree:         1389488 kB
MemAvailable:    1551460 kB
Buffers:           19804 kB
Cached:           271276 kB
MemTotal:        1844596 kB
MemFree:         1388744 kB
MemAvailable:    1550716 kB
Buffers:           19804 kB
Cached:           271276 kB
MemTotal:        1844596 kB
MemFree:         1389556 kB
MemAvailable:    1551528 kB
Buffers:           19804 kB
Cached:           271276 kB
MemTotal:        1844596 kB
MemFree:         1388256 kB
MemAvailable:    1550228 kB
Buffers:           19804 kB
Cached:           271276 kB
MemTotal:        1844596 kB
MemFree:         1388620 kB
MemAvailable:    1550592 kB
Buffers:           19804 kB
Cached:           271276 kB
MemTotal:        1844596 kB
MemFree:         1388620 kB
MemAvailable:    1550592 kB
Buffers:           19804 kB
Cached:           271276 kB
MemTotal:        1844596 kB
MemFree:         1388292 kB
MemAvailable:    1550264 kB
Buffers:           19804 kB
Cached:           271276 kB
MemTotal:        1844596 kB
MemFree:         1388168 kB
MemAvailable:    1550140 kB
Buffers:           19804 kB
Cached:           271276 kB
MemTotal:        1844596 kB
MemFree:         1386892 kB
MemAvailable:    1548864 kB
Buffers:           19804 kB
Cached:           271276 kB
MemTotal:        1844596 kB
MemFree:         1387388 kB
MemAvailable:    1549360 kB
Buffers:           19804 kB
Cached:           271276 kB
MemTotal:        1844596 kB
MemFree:         1386272 kB
MemAvailable:    1548244 kB
Buffers:           19804 kB
Cached:           271276 kB
MemTotal:        1844596 kB
MemFree:         1387188 kB
MemAvailable:    1549160 kB
Buffers:           19804 kB
Cached:           271276 kB
MemTotal:        1844596 kB
MemFree:         1385880 kB
MemAvailable:    1547852 kB
Buffers:           19804 kB
Cached:           271276 kB
MemTotal:        1844596 kB
MemFree:         1386768 kB
MemAvailable:    1548740 kB
Buffers:           19804 kB
Cached:           271276 kB
MemTotal:        1844596 kB
MemFree:         1385652 kB
MemAvailable:    1547624 kB
Buffers:           19804 kB
Cached:           271276 kB
MemTotal:        1844596 kB
MemFree:         1386384 kB
MemAvailable:    1548356 kB
Buffers:           19804 kB
Cached:           271276 kB
MemTotal:        1844596 kB
MemFree:         1386336 kB
MemAvailable:    1548308 kB
Buffers:           19804 kB
Cached:           271276 kB
MemTotal:        1844596 kB
MemFree:         1385280 kB
MemAvailable:    1547252 kB
Buffers:           19804 kB
Cached:           271276 kB
MemTotal:        1844596 kB
MemFree:         1384852 kB
MemAvailable:    1546824 kB
Buffers:           19804 kB
Cached:           271276 kB
MemTotal:        1844596 kB
MemFree:         1384888 kB
MemAvailable:    1546860 kB
Buffers:           19804 kB
Cached:           271276 kB
MemTotal:        1844596 kB
MemFree:         1386384 kB
MemAvailable:    1548356 kB
Buffers:           19804 kB
Cached:           271276 kB
MemTotal:        1844596 kB
MemFree:         1385956 kB
MemAvailable:    1547928 kB
Buffers:           19804 kB
Cached:           271276 kB
MemTotal:        1844596 kB
MemFree:         1386016 kB
MemAvailable:    1547988 kB
Buffers:           19804 kB
Cached:           271276 kB
MemTotal:        1844596 kB
MemFree:         1384776 kB
MemAvailable:    1546748 kB
Buffers:           19804 kB
Cached:           271276 kB
MemTotal:        1844596 kB
MemFree:         1386024 kB
MemAvailable:    1548000 kB
Buffers:           19804 kB
Cached:           271280 kB
MemTotal:        1844596 kB
MemFree:         1386088 kB
MemAvailable:    1548064 kB
Buffers:           19804 kB
Cached:           271280 kB
MemTotal:        1844596 kB
MemFree:         1385032 kB
MemAvailable:    1547008 kB
Buffers:           19804 kB
Cached:           271280 kB
MemTotal:        1844596 kB
MemFree:         1381792 kB
MemAvailable:    1543772 kB
Buffers:           19804 kB
Cached:           271284 kB
MemTotal:        1844596 kB
MemFree:         1381792 kB
MemAvailable:    1543772 kB
Buffers:           19812 kB
Cached:           271276 kB
MemTotal:        1844596 kB
MemFree:         1378388 kB
MemAvailable:    1540368 kB
Buffers:           19816 kB
Cached:           271272 kB
MemTotal:        1844596 kB
MemFree:         1376956 kB
MemAvailable:    1538936 kB
Buffers:           19816 kB
Cached:           271272 kB
MemTotal:        1844596 kB
MemFree:         1377032 kB
MemAvailable:    1539012 kB
Buffers:           19816 kB
Cached:           271272 kB
MemTotal:        1844596 kB
MemFree:         1378272 kB
MemAvailable:    1540252 kB
Buffers:           19816 kB
Cached:           271272 kB
MemTotal:        1844596 kB
MemFree:         1377032 kB
MemAvailable:    1539012 kB
Buffers:           19816 kB
Cached:           271272 kB
MemTotal:        1844596 kB
MemFree:         1376900 kB
MemAvailable:    1538880 kB
Buffers:           19816 kB
Cached:           271272 kB
MemTotal:        1844596 kB
MemFree:         1380240 kB
MemAvailable:    1542220 kB
Buffers:           19816 kB
Cached:           271272 kB
MemTotal:        1844596 kB
MemFree:         1380116 kB
MemAvailable:    1542096 kB
Buffers:           19816 kB
Cached:           271396 kB
MemTotal:        1844596 kB
MemFree:         1380008 kB
MemAvailable:    1542156 kB
Buffers:           19816 kB
Cached:           271396 kB
MemTotal:        1844596 kB
MemFree:         1378576 kB
MemAvailable:    1540724 kB
Buffers:           19816 kB
Cached:           271520 kB
MemTotal:        1844596 kB
MemFree:         1378700 kB
MemAvailable:    1541016 kB
Buffers:           19816 kB
Cached:           271644 kB
MemTotal:        1844596 kB
MemFree:         1379684 kB
MemAvailable:    1542168 kB
Buffers:           19816 kB
Cached:           271892 kB
MemTotal:        1844596 kB
MemFree:         1380020 kB
MemAvailable:    1542504 kB
Buffers:           19816 kB
Cached:           271892 kB
MemTotal:        1844596 kB
MemFree:         1379752 kB
MemAvailable:    1542320 kB
Buffers:           19816 kB
Cached:           271892 kB
MemTotal:        1844596 kB
MemFree:         1378336 kB
MemAvailable:    1540988 kB
Buffers:           19816 kB
Cached:           271892 kB
MemTotal:        1844596 kB
MemFree:         1379176 kB
MemAvailable:    1541828 kB
Buffers:           19816 kB
Cached:           271892 kB
MemTotal:        1844596 kB
MemFree:         1379512 kB
MemAvailable:    1542164 kB
Buffers:           19816 kB
Cached:           271892 kB
MemTotal:        1844596 kB
MemFree:         1379188 kB
MemAvailable:    1541840 kB
Buffers:           19816 kB
Cached:           271892 kB
MemTotal:        1844596 kB
MemFree:         1379356 kB
MemAvailable:    1542008 kB
Buffers:           19816 kB
Cached:           271892 kB
MemTotal:        1844596 kB
MemFree:         1379460 kB
MemAvailable:    1542112 kB
Buffers:           19816 kB
Cached:           271892 kB
MemTotal:        1844596 kB
MemFree:         1379388 kB
MemAvailable:    1542040 kB
Buffers:           19816 kB
Cached:           271892 kB
MemTotal:        1844596 kB
MemFree:         1379388 kB
MemAvailable:    1542040 kB
Buffers:           19816 kB
Cached:           271892 kB
MemTotal:        1844596 kB
MemFree:         1379760 kB
MemAvailable:    1541824 kB
Buffers:           19816 kB
Cached:           271344 kB
MemTotal:        1844596 kB
MemFree:         1447304 kB
MemAvailable:    1609368 kB
Buffers:           19816 kB
Cached:           271344 kB
