MemTotal:        1844596 kB
MemFree:         1450852 kB
MemAvailable:    1609612 kB
Buffers:           19336 kB
Cached:           268760 kB
MemTotal:        1844596 kB
MemFree:         1423904 kB
MemAvailable:    1582676 kB
Buffers:           19340 kB
Cached:           268764 kB
MemTotal:        1844596 kB
MemFree:         1422852 kB
MemAvailable:    1581624 kB
Buffers:           19340 kB
Cached:           268764 kB
MemTotal:        1844596 kB
MemFree:         1419876 kB
MemAvailable:    1578648 kB
Buffers:           19340 kB
Cached:           268764 kB
MemTotal:        1844596 kB
MemFree:         1419752 kB
MemAvailable:    1578524 kB
Buffers:           19340 kB
Cached:           268764 kB
MemTotal:        1844596 kB
MemFree:         1419628 kB
MemAvailable:    1578400 kB
Buffers:           19340 kB
Cached:           268764 kB
MemTotal:        1844596 kB
MemFree:         1419564 kB
MemAvailable:    1578336 kB
Buffers:           19340 kB
Cached:           268764 kB
MemTotal:        1844596 kB
MemFree:         1417024 kB
MemAvailable:    1575796 kB
Buffers:           19340 kB
Cached:           268764 kB
MemTotal:        1844596 kB
MemFree:         1415040 kB
MemAvailable:    1573812 kB
Buffers:           19340 kB
Cached:           268764 kB
MemTotal:        1844596 kB
MemFree:         1413916 kB
MemAvailable:    1572688 kB
Buffers:           19340 kB
Cached:           268764 kB
MemTotal:        1844596 kB
MemFree:         1409148 kB
MemAvailable:    1567920 kB
Buffers:           19340 kB
Cached:           268764 kB
MemTotal:        1844596 kB
MemFree:         1409584 kB
MemAvailable:    1568356 kB
Buffers:           19340 kB
Cached:           268764 kB
MemTotal:        1844596 kB
MemFree:         1409644 kB
MemAvailable:    1568416 kB
Buffers:           19340 kB
Cached:           268764 kB
MemTotal:        1844596 kB
MemFree:         1409596 kB
MemAvailable:    1568368 kB
Buffers:           19340 kB
Cached:           268764 kB
MemTotal:        1844596 kB
MemFree:         1408332 kB
MemAvailable:    1567104 kB
Buffers:           19340 kB
Cached:           268764 kB
MemTotal:        1844596 kB
MemFree:         1409404 kB
MemAvailable:    1568176 kB
Buffers:           19340 kB
Cached:           268764 kB
MemTotal:        1844596 kB
MemFree:         1409488 kB
MemAvailable:    1568260 kB
Buffers:           19340 kB
Cached:           268764 kB
MemTotal:        1844596 kB
MemFree:         1409384 kB
MemAvailable:    1568156 kB
Buffers:           19340 kB
Cached:           268764 kB
MemTotal:        1844596 kB
MemFree:         1408220 kB
MemAvailable:    1566992 kB
Buffers:           19340 kB
Cached:           268764 kB
MemTotal:        1844596 kB
MemFree:         1408272 kB
MemAvailable:    1567044 kB
Buffers:           19340 kB
Cached:           268764 kB
MemTotal:        1844596 kB
MemFree:         1406856 kB
MemAvailable:    1565628 kB
Buffers:           19340 kB
Cached:           268764 kB
MemTotal:        1844596 kB
MemFree:         1407404 kB
MemAvailable:    1566176 kB
Buffers:           19340 kB
Cached:           268764 kB
MemTotal:        1844596 kB
MemFree:         1407280 kB
MemAvailable:    1566052 kB
Buffers:           19340 kB
Cached:           268764 kB
MemTotal:        1844596 kB
MemFree:         1407108 kB
MemAvailable:    1565880 kB
Buffers:           19340 kB
Cached:           268764 kB
MemTotal:        1844596 kB
MemFree:         1406236 kB
MemAvailable:    1565008 kB
Buffers:           19340 kB
Cached:           268764 kB
MemTotal:        1844596 kB
MemFree:         1407092 kB
MemAvailable:    1565864 kB
Buffers:           19340 kB
Cached:           268764 kB
MemTotal:        1844596 kB
MemFree:         1406360 kB
MemAvailable:    1565132 kB
Buffers:           19340 kB
Cached:           268764 kB
MemTotal:        1844596 kB
MemFree:         1407104 kB
MemAvailable:    1565876 kB
Buffers:           19340 kB
Cached:           268764 kB
MemTotal:        1844596 kB
MemFree:         1405864 kB
MemAvailable:    1564636 kB
Buffers:           19340 kB
Cached:           268764 kB
MemTotal:        1844596 kB
MemFree:         1406924 kB
MemAvailable:    1565696 kB
Buffers:           19340 kB
Cached:           268764 kB
MemTotal:        1844596 kB
MemFree:         1406924 kB
MemAvailable:    1565696 kB
Buffers:           19340 kB
Cached:           268764 kB
MemTotal:        1844596 kB
MemFree:         1408344 kB
MemAvailable:    1567116 kB
Buffers:           19340 kB
Cached:           268764 kB
MemTotal:        1844596 kB
MemFree:         1407048 kB
MemAvailable:    1565820 kB
Buffers:           19340 kB
Cached:           268764 kB
MemTotal:        1844596 kB
MemFree:         1407172 kB
MemAvailable:    1565944 kB
Buffers:           19340 kB
Cached:           268764 kB
MemTotal:        1844596 kB
MemFree:         1406544 kB
MemAvailable:    1565316 kB
Buffers:           19340 kB
Cached:           268764 kB
MemTotal:        1844596 kB
MemFree:         1404500 kB
MemAvailable:    1563272 kB
Buffers:           19340 kB
Cached:           268764 kB
MemTotal:        1844596 kB
MemFree:         1404004 kB
MemAvailable:    1562780 kB
Buffers:           19340 kB
Cached:           268768 kB
MemTotal:        1844596 kB
MemFree:         1404244 kB
MemAvailable:    1563020 kB
Buffers:           19340 kB
Cached:           268768 kB
MemTotal:        1844596 kB
MemFree:         1404244 kB
MemAvailable:    1563020 kB
Buffers:           19340 kB
Cached:           268768 kB
MemTotal:        1844596 kB
MemFree:         1404032 kB
MemAvailable:    1562808 kB
Buffers:           19340 kB
Cached:           268768 kB
MemTotal:        1844596 kB
MemFree:         1402632 kB
MemAvailable:    1561408 kB
Buffers:           19340 kB
Cached:           268768 kB
MemTotal:        1844596 kB
MemFree:         1402872 kB
MemAvailable:    1561648 kB
Buffers:           19340 kB
Cached:           268768 kB
MemTotal:        1844596 kB
MemFree:         1402872 kB
MemAvailable:    1561648 kB
Buffers:           19340 kB
Cached:           268768 kB
MemTotal:        1844596 kB
MemFree:         1403044 kB
MemAvailable:    1561820 kB
Buffers:           19340 kB
Cached:           268768 kB
MemTotal:        1844596 kB
MemFree:         1401888 kB
MemAvailable:    1560664 kB
Buffers:           19340 kB
Cached:           268768 kB
MemTotal:        1844596 kB
MemFree:         1403072 kB
MemAvailable:    1561848 kB
Buffers:           19340 kB
Cached:           268768 kB
MemTotal:        1844596 kB
MemFree:         1402872 kB
MemAvailable:    1561648 kB
Buffers:           19340 kB
Cached:           268768 kB
MemTotal:        1844596 kB
MemFree:         1402872 kB
MemAvailable:    1561648 kB
Buffers:           19340 kB
Cached:           268768 kB
MemTotal:        1844596 kB
MemFree:         1402568 kB
MemAvailable:    1561344 kB
Buffers:           19340 kB
Cached:           268768 kB
MemTotal:        1844596 kB
MemFree:         1402568 kB
MemAvailable:    1561344 kB
Buffers:           19340 kB
Cached:           268768 kB
MemTotal:        1844596 kB
MemFree:         1402196 kB
MemAvailable:    1560972 kB
Buffers:           19340 kB
Cached:           268768 kB
MemTotal:        1844596 kB
MemFree:         1402196 kB
MemAvailable:    1560972 kB
Buffers:           19340 kB
Cached:           268768 kB
MemTotal:        1844596 kB
MemFree:         1401632 kB
MemAvailable:    1560408 kB
Buffers:           19340 kB
Cached:           268768 kB
MemTotal:        1844596 kB
MemFree:         1402072 kB
MemAvailable:    1560848 kB
Buffers:           19340 kB
Cached:           268768 kB
MemTotal:        1844596 kB
MemFree:         1402188 kB
MemAvailable:    1560964 kB
Buffers:           19340 kB
Cached:           268768 kB
MemTotal:        1844596 kB
MemFree:         1400756 kB
MemAvailable:    1559532 kB
Buffers:           19340 kB
Cached:           268768 kB
MemTotal:        1844596 kB
MemFree:         1402056 kB
MemAvailable:    1560832 kB
Buffers:           19340 kB
Cached:           268768 kB
MemTotal:        1844596 kB
MemFree:         1401816 kB
MemAvailable:    1560592 kB
Buffers:           19340 kB
Cached:           268768 kB
MemTotal:        1844596 kB
MemFree:         1402152 kB
MemAvailable:    1560928 kB
Buffers:           19340 kB
Cached:           268768 kB
MemTotal:        1844596 kB
MemFree:         1401716 kB
MemAvailable:    1560492 kB
Buffers:           19340 kB
Cached:           268768 kB
MemTotal:        1844596 kB
MemFree:         1401972 kB
MemAvailable:    1560748 kB
Buffers:           19340 kB
Cached:           268768 kB
MemTotal:        1844596 kB
MemFree:         1400852 kB
MemAvailable:    1559628 kB
Buffers:           19340 kB
Cached:           268768 kB
MemTotal:        1844596 kB
MemFree:         1401836 kB
MemAvailable:    1560612 kB
Buffers:           19340 kB
Cached:           268768 kB
MemTotal:        1844596 kB
MemFree:         1402092 kB
MemAvailable:    1560868 kB
Buffers:           19340 kB
Cached:           268768 kB
MemTotal:        1844596 kB
MemFree:         1401572 kB
MemAvailable:    1560348 kB
Buffers:           19340 kB
Cached:           268768 kB
MemTotal:        1844596 kB
MemFree:         1401908 kB
MemAvailable:    1560684 kB
Buffers:           19340 kB
Cached:           268768 kB
MemTotal:        1844596 kB
MemFree:         1400464 kB
MemAvailable:    1559240 kB
Buffers:           19340 kB
Cached:           268768 kB
MemTotal:        1844596 kB
MemFree:         1401136 kB
MemAvailable:    1559912 kB
Buffers:           19340 kB
Cached:           268768 kB
MemTotal:        1844596 kB
MemFree:         1401136 kB
MemAvailable:    1559912 kB
Buffers:           19340 kB
Cached:           268768 kB
MemTotal:        1844596 kB
MemFree:         1400832 kB
MemAvailable:    1559608 kB
Buffers:           19340 kB
Cached:           268768 kB
MemTotal:        1844596 kB
MemFree:         1401084 kB
MemAvailable:    1559860 kB
Buffers:           19340 kB
Cached:           268768 kB
MemTotal:        1844596 kB
MemFree:         1400708 kB
MemAvailable:    1559484 kB
Buffers:           19340 kB
Cached:           268768 kB
MemTotal:        1844596 kB
MemFree:         1401044 kB
MemAvailable:    1559820 kB
Buffers:           19340 kB
Cached:           268768 kB
MemTotal:        1844596 kB
MemFree:         1400828 kB
MemAvailable:    1559604 kB
Buffers:           19340 kB
Cached:           268768 kB
MemTotal:        1844596 kB
MemFree:         1400888 kB
MemAvailable:    1559664 kB
Buffers:           19340 kB
Cached:           268768 kB
MemTotal:        1844596 kB
MemFree:         1400904 kB
MemAvailable:    1559680 kB
Buffers:           19340 kB
Cached:           268768 kB
MemTotal:        1844596 kB
MemFree:         1400848 kB
MemAvailable:    1559624 kB
Buffers:           19340 kB
Cached:           268768 kB
MemTotal:        1844596 kB
MemFree:         1400848 kB
MemAvailable:    1559624 kB
Buffers:           19340 kB
Cached:           268768 kB
MemTotal:        1844596 kB
MemFree:         1400708 kB
MemAvailable:    1559484 kB
Buffers:           19340 kB
Cached:           268768 kB
MemTotal:        1844596 kB
MemFree:         1401044 kB
MemAvailable:    1559820 kB
Buffers:           19340 kB
Cached:           268768 kB
MemTotal:        1844596 kB
MemFree:         1398168 kB
MemAvailable:    1556944 kB
Buffers:           19340 kB
Cached:           268768 kB
MemTotal:        1844596 kB
MemFree:         1397928 kB
MemAvailable:    1556704 kB
Buffers:           19340 kB
Cached:           268768 kB
MemTotal:        1844596 kB
MemFree:         1394632 kB
MemAvailable:    1553408 kB
Buffers:           19340 kB
Cached:           268768 kB
MemTotal:        1844596 kB
MemFree:         1393200 kB
MemAvailable:    1551976 kB
Buffers:           19340 kB
Cached:           268768 kB
MemTotal:        1844596 kB
MemFree:         1393092 kB
MemAvailable:    1551868 kB
Buffers:           19340 kB
Cached:           268768 kB
MemTotal:        1844596 kB
MemFree:         1393160 kB
MemAvailable:    1551936 kB
Buffers:           19340 kB
Cached:           268768 kB
MemTotal:        1844596 kB
MemFree:         1391956 kB
MemAvailable:    1550732 kB
Buffers:           19340 kB
Cached:           268768 kB
MemTotal:        1844596 kB
MemFree:         1391824 kB
MemAvailable:    1550600 kB
Buffers:           19340 kB
Cached:           268768 kB
MemTotal:        1844596 kB
MemFree:         1393084 kB
MemAvailable:    1551860 kB
Buffers:           19340 kB
Cached:           268768 kB
MemTotal:        1844596 kB
MemFree:         1392952 kB
MemAvailable:    1551728 kB
Buffers:           19340 kB
Cached:           268768 kB
MemTotal:        1844596 kB
MemFree:         1393120 kB
MemAvailable:    1551896 kB
Buffers:           19340 kB
Cached:           268768 kB
MemTotal:        1844596 kB
MemFree:         1393120 kB
MemAvailable:    1551896 kB
Buffers:           19340 kB
Cached:           268768 kB
MemTotal:        1844596 kB
MemFree:         1392224 kB
MemAvailable:    1551000 kB
Buffers:           19340 kB
Cached:           268768 kB
MemTotal:        1844596 kB
MemFree:         1393080 kB
MemAvailable:    1551856 kB
Buffers:           19340 kB
Cached:           268768 kB
MemTotal:        1844596 kB
MemFree:         1392968 kB
MemAvailable:    1551744 kB
Buffers:           19340 kB
Cached:           268768 kB
MemTotal:        1844596 kB
MemFree:         1393004 kB
MemAvailable:    1551780 kB
Buffers:           19340 kB
Cached:           268768 kB
MemTotal:        1844596 kB
MemFree:         1393192 kB
MemAvailable:    1551968 kB
Buffers:           19340 kB
Cached:           268768 kB
MemTotal:        1844596 kB
MemFree:         1391728 kB
MemAvailable:    1550504 kB
Buffers:           19340 kB
Cached:           268768 kB
MemTotal:        1844596 kB
MemFree:         1393280 kB
MemAvailable:    1552056 kB
Buffers:           19340 kB
Cached:           268768 kB
MemTotal:        1844596 kB
MemFree:         1392916 kB
MemAvailable:    1551692 kB
Buffers:           19340 kB
Cached:           268768 kB
MemTotal:        1844596 kB
MemFree:         1392456 kB
MemAvailable:    1551232 kB
Buffers:           19340 kB
Cached:           268768 kB
MemTotal:        1844596 kB
MemFree:         1392648 kB
MemAvailable:    1551424 kB
Buffers:           19340 kB
Cached:           268768 kB
MemTotal:        1844596 kB
MemFree:         1391960 kB
MemAvailable:    1550736 kB
Buffers:           19340 kB
Cached:           268768 kB
MemTotal:        1844596 kB
MemFree:         1391960 kB
MemAvailable:    1550736 kB
Buffers:           19340 kB
Cached:           268768 kB
MemTotal:        1844596 kB
MemFree:         1391596 kB
MemAvailable:    1550372 kB
Buffers:           19340 kB
Cached:           268768 kB
MemTotal:        1844596 kB
MemFree:         1391604 kB
MemAvailable:    1550380 kB
Buffers:           19340 kB
Cached:           268768 kB
MemTotal:        1844596 kB
MemFree:         1391216 kB
MemAvailable:    1549992 kB
Buffers:           19340 kB
Cached:           268768 kB
MemTotal:        1844596 kB
MemFree:         1389992 kB
MemAvailable:    1548768 kB
Buffers:           19340 kB
Cached:           268768 kB
MemTotal:        1844596 kB
MemFree:         1390488 kB
MemAvailable:    1549272 kB
Buffers:           19340 kB
Cached:           268776 kB
MemTotal:        1844596 kB
MemFree:         1390348 kB
MemAvailable:    1549132 kB
Buffers:           19340 kB
Cached:           268776 kB
MemTotal:        1844596 kB
MemFree:         1390292 kB
MemAvailable:    1549076 kB
Buffers:           19340 kB
Cached:           268776 kB
MemTotal:        1844596 kB
MemFree:         1389488 kB
MemAvailable:    1548272 kB
Buffers:           19340 kB
Cached:           268776 kB
MemTotal:        1844596 kB
MemFree:         1389620 kB
MemAvailable:    1548404 kB
Buffers:           19340 kB
Cached:           268776 kB
MemTotal:        1844596 kB
MemFree:         1389508 kB
MemAvailable:    1548292 kB
Buffers:           19340 kB
Cached:           268776 kB
MemTotal:        1844596 kB
MemFree:         1389052 kB
MemAvailable:    1547836 kB
Buffers:           19340 kB
Cached:           268776 kB
MemTotal:        1844596 kB
MemFree:         1389388 kB
MemAvailable:    1548172 kB
Buffers:           19340 kB
Cached:           268776 kB
MemTotal:        1844596 kB
MemFree:         1389060 kB
MemAvailable:    1547844 kB
Buffers:           19340 kB
Cached:           268776 kB
MemTotal:        1844596 kB
MemFree:         1389180 kB
MemAvailable:    1547964 kB
Buffers:           19340 kB
Cached:           268776 kB
MemTotal:        1844596 kB
MemFree:         1388132 kB
MemAvailable:    1546916 kB
Buffers:           19340 kB
Cached:           268776 kB
MemTotal:        1844596 kB
MemFree:         1389112 kB
MemAvailable:    1547896 kB
Buffers:           19340 kB
Cached:           268776 kB
MemTotal:        1844596 kB
MemFree:         1388944 kB
MemAvailable:    1547728 kB
Buffers:           19340 kB
Cached:           268776 kB
MemTotal:        1844596 kB
MemFree:         1389200 kB
MemAvailable:    1547984 kB
Buffers:           19340 kB
Cached:           268776 kB
MemTotal:        1844596 kB
MemFree:         1389112 kB
MemAvailable:    1547896 kB
Buffers:           19340 kB
Cached:           268776 kB
MemTotal:        1844596 kB
MemFree:         1387968 kB
MemAvailable:    1546752 kB
Buffers:           19340 kB
Cached:           268776 kB
MemTotal:        1844596 kB
MemFree:         1388744 kB
MemAvailable:    1547528 kB
Buffers:           19340 kB
Cached:           268776 kB
MemTotal:        1844596 kB
MemFree:         1387372 kB
MemAvailable:    1546156 kB
Buffers:           19340 kB
Cached:           268776 kB
MemTotal:        1844596 kB
MemFree:         1387108 kB
MemAvailable:    1545892 kB
Buffers:           19340 kB
Cached:           268776 kB
MemTotal:        1844596 kB
MemFree:         1381364 kB
MemAvailable:    1540148 kB
Buffers:           19340 kB
Cached:           268776 kB
MemTotal:        1844596 kB
MemFree:         1381240 kB
MemAvailable:    1540024 kB
Buffers:           19340 kB
Cached:           268776 kB
MemTotal:        1844596 kB
MemFree:         1380064 kB
MemAvailable:    1538848 kB
Buffers:           19340 kB
Cached:           268776 kB
MemTotal:        1844596 kB
MemFree:         1381096 kB
MemAvailable:    1539880 kB
Buffers:           19340 kB
Cached:           268776 kB
MemTotal:        1844596 kB
MemFree:         1379928 kB
MemAvailable:    1538712 kB
Buffers:           19340 kB
Cached:           268776 kB
MemTotal:        1844596 kB
MemFree:         1381472 kB
MemAvailable:    1540256 kB
Buffers:           19340 kB
Cached:           268776 kB
MemTotal:        1844596 kB
MemFree:         1380824 kB
MemAvailable:    1539608 kB
Buffers:           19340 kB
Cached:           268776 kB
MemTotal:        1844596 kB
MemFree:         1383108 kB
MemAvailable:    1541892 kB
Buffers:           19340 kB
Cached:           268776 kB
MemTotal:        1844596 kB
MemFree:         1383300 kB
MemAvailable:    1542084 kB
Buffers:           19340 kB
Cached:           268776 kB
MemTotal:        1844596 kB
MemFree:         1383032 kB
MemAvailable:    1541816 kB
Buffers:           19340 kB
Cached:           268776 kB
MemTotal:        1844596 kB
MemFree:         1382428 kB
MemAvailable:    1541296 kB
Buffers:           19340 kB
Cached:           268900 kB
MemTotal:        1844596 kB
MemFree:         1382868 kB
MemAvailable:    1541820 kB
Buffers:           19340 kB
Cached:           269024 kB
MemTotal:        1844596 kB
MemFree:         1381496 kB
MemAvailable:    1540448 kB
Buffers:           19340 kB
Cached:           269148 kB
MemTotal:        1844596 kB
MemFree:         1381760 kB
MemAvailable:    1540880 kB
Buffers:           19340 kB
Cached:           269148 kB
MemTotal:        1844596 kB
MemFree:         1382520 kB
MemAvailable:    1541724 kB
Buffers:           19340 kB
Cached:           269272 kB
MemTotal:        1844596 kB
MemFree:         1382772 kB
MemAvailable:    1541976 kB
Buffers:           19340 kB
Cached:           269272 kB
MemTotal:        1844596 kB
MemFree:         1381388 kB
MemAvailable:    1540676 kB
Buffers:           19340 kB
Cached:           269272 kB
MemTotal:        1844596 kB
MemFree:         1381560 kB
MemAvailable:    1540848 kB
Buffers:           19340 kB
Cached:           269272 kB
MemTotal:        1844596 kB
MemFree:         1381808 kB
MemAvailable:    1541232 kB
Buffers:           19340 kB
Cached:           269452 kB
MemTotal:        1844596 kB
MemFree:         1382860 kB
MemAvailable:    1542284 kB
Buffers:           19340 kB
Cached:           269452 kB
MemTotal:        1844596 kB
MemFree:         1382544 kB
MemAvailable:    1541968 kB
Buffers:           19340 kB
Cached:           269452 kB
MemTotal:        1844596 kB
MemFree:         1382472 kB
MemAvailable:    1541896 kB
Buffers:           19340 kB
Cached:           269452 kB
MemTotal:        1844596 kB
MemFree:         1382424 kB
MemAvailable:    1541848 kB
Buffers:           19340 kB
Cached:           269452 kB
MemTotal:        1844596 kB
MemFree:         1382336 kB
MemAvailable:    1541760 kB
Buffers:           19340 kB
Cached:           269452 kB
MemTotal:        1844596 kB
MemFree:         1382460 kB
MemAvailable:    1541884 kB
Buffers:           19340 kB
Cached:           269452 kB
MemTotal:        1844596 kB
MemFree:         1382524 kB
MemAvailable:    1542032 kB
Buffers:           19340 kB
Cached:           269452 kB
MemTotal:        1844596 kB
MemFree:         1381428 kB
MemAvailable:    1540264 kB
Buffers:           19340 kB
Cached:           268820 kB
MemTotal:        1844596 kB
MemFree:         1450112 kB
MemAvailable:    1608948 kB
Buffers:           19340 kB
Cached:           268820 kB
