MemTotal:        1844596 kB
MemFree:         1384420 kB
MemAvailable:    1588236 kB
Buffers:           45360 kB
Cached:           282704 kB
MemTotal:        1844596 kB
MemFree:         1382436 kB
MemAvailable:    1586252 kB
Buffers:           45360 kB
Cached:           282704 kB
MemTotal:        1844596 kB
MemFree:         1381692 kB
MemAvailable:    1585508 kB
Buffers:           45360 kB
Cached:           282704 kB
MemTotal:        1844596 kB
MemFree:         1382744 kB
MemAvailable:    1586560 kB
Buffers:           45360 kB
Cached:           282704 kB
MemTotal:        1844596 kB
MemFree:         1380264 kB
MemAvailable:    1584080 kB
Buffers:           45360 kB
Cached:           282704 kB
MemTotal:        1844596 kB
MemFree:         1380140 kB
MemAvailable:    1583956 kB
Buffers:           45360 kB
Cached:           282704 kB
MemTotal:        1844596 kB
MemFree:         1377468 kB
MemAvailable:    1581284 kB
Buffers:           45360 kB
Cached:           282704 kB
MemTotal:        1844596 kB
MemFree:         1375740 kB
MemAvailable:    1579556 kB
Buffers:           45360 kB
Cached:           282704 kB
MemTotal:        1844596 kB
MemFree:         1372764 kB
MemAvailable:    1576580 kB
Buffers:           45360 kB
Cached:           282704 kB
MemTotal:        1844596 kB
MemFree:         1368424 kB
MemAvailable:    1572240 kB
Buffers:           45360 kB
Cached:           282704 kB
MemTotal:        1844596 kB
MemFree:         1370152 kB
MemAvailable:    1573968 kB
Buffers:           45360 kB
Cached:           282704 kB
MemTotal:        1844596 kB
MemFree:         1371276 kB
MemAvailable:    1575092 kB
Buffers:           45360 kB
Cached:           282704 kB
MemTotal:        1844596 kB
MemFree:         1370656 kB
MemAvailable:    1574472 kB
Buffers:           45360 kB
Cached:           282704 kB
MemTotal:        1844596 kB
MemFree:         1371336 kB
MemAvailable:    1575152 kB
Buffers:           45360 kB
Cached:           282704 kB
MemTotal:        1844596 kB
MemFree:         1371220 kB
MemAvailable:    1575036 kB
Buffers:           45360 kB
Cached:           282704 kB
MemTotal:        1844596 kB
MemFree:         1371096 kB
MemAvailable:    1574916 kB
Buffers:           45360 kB
Cached:           282708 kB
MemTotal:        1844596 kB
MemFree:         1371096 kB
MemAvailable:    1574916 kB
Buffers:           45360 kB
Cached:           282708 kB
MemTotal:        1844596 kB
MemFree:         1370884 kB
MemAvailable:    1574704 kB
Buffers:           45360 kB
Cached:           282708 kB
MemTotal:        1844596 kB
MemFree:         1369904 kB
MemAvailable:    1573724 kB
Buffers:           45360 kB
Cached:           282708 kB
MemTotal:        1844596 kB
MemFree:         1370532 kB
MemAvailable:    1574352 kB
Buffers:           45360 kB
Cached:           282708 kB
MemTotal:        1844596 kB
MemFree:         1369292 kB
MemAvailable:    1573112 kB
Buffers:           45360 kB
Cached:           282708 kB
MemTotal:        1844596 kB
MemFree:         1369028 kB
MemAvailable:    1572848 kB
Buffers:           45360 kB
Cached:           282708 kB
MemTotal:        1844596 kB
MemFree:         1369112 kB
MemAvailable:    1572932 kB
Buffers:           45360 kB
Cached:           282708 kB
MemTotal:        1844596 kB
MemFree:         1367792 kB
MemAvailable:    1571612 kB
Buffers:           45360 kB
Cached:           282708 kB
MemTotal:        1844596 kB
MemFree:         1367536 kB
MemAvailable:    1571356 kB
Buffers:           45360 kB
Cached:           282708 kB
MemTotal:        1844596 kB
MemFree:         1367620 kB
MemAvailable:    1571440 kB
Buffers:           45360 kB
Cached:           282708 kB
MemTotal:        1844596 kB
MemFree:         1368844 kB
MemAvailable:    1572664 kB
Buffers:           45360 kB
Cached:           282708 kB
MemTotal:        1844596 kB
MemFree:         1368896 kB
MemAvailable:    1572716 kB
Buffers:           45360 kB
Cached:           282708 kB
MemTotal:        1844596 kB
MemFree:         1368300 kB
MemAvailable:    1572120 kB
Buffers:           45360 kB
Cached:           282708 kB
MemTotal:        1844596 kB
MemFree:         1369228 kB
MemAvailable:    1573048 kB
Buffers:           45360 kB
Cached:           282708 kB
MemTotal:        1844596 kB
MemFree:         1368044 kB
MemAvailable:    1571864 kB
Buffers:           45360 kB
Cached:           282708 kB
MemTotal:        1844596 kB
MemFree:         1369104 kB
MemAvailable:    1572924 kB
Buffers:           45360 kB
Cached:           282708 kB
MemTotal:        1844596 kB
MemFree:         1367928 kB
MemAvailable:    1571748 kB
Buffers:           45360 kB
Cached:           282708 kB
MemTotal:        1844596 kB
MemFree:         1368728 kB
MemAvailable:    1572548 kB
Buffers:           45360 kB
Cached:           282708 kB
MemTotal:        1844596 kB
MemFree:         1368980 kB
MemAvailable:    1572800 kB
Buffers:           45360 kB
Cached:           282708 kB
MemTotal:        1844596 kB
MemFree:         1365928 kB
MemAvailable:    1569748 kB
Buffers:           45360 kB
Cached:           282708 kB
MemTotal:        1844596 kB
MemFree:         1365324 kB
MemAvailable:    1569144 kB
Buffers:           45360 kB
Cached:           282708 kB
MemTotal:        1844596 kB
MemFree:         1362960 kB
MemAvailable:    1566780 kB
Buffers:           45360 kB
Cached:           282708 kB
MemTotal:        1844596 kB
MemFree:         1364076 kB
MemAvailable:    1567896 kB
Buffers:           45360 kB
Cached:           282708 kB
MemTotal:        1844596 kB
MemFree:         1363216 kB
MemAvailable:    1567036 kB
Buffers:           45360 kB
Cached:           282708 kB
MemTotal:        1844596 kB
MemFree:         1364092 kB
MemAvailable:    1567912 kB
Buffers:           45360 kB
Cached:           282708 kB
MemTotal:        1844596 kB
MemFree:         1363340 kB
MemAvailable:    1567160 kB
Buffers:           45360 kB
Cached:           282708 kB
MemTotal:        1844596 kB
MemFree:         1364008 kB
MemAvailable:    1567828 kB
Buffers:           45360 kB
Cached:           282708 kB
MemTotal:        1844596 kB
MemFree:         1363912 kB
MemAvailable:    1567732 kB
Buffers:           45360 kB
Cached:           282708 kB
MemTotal:        1844596 kB
MemFree:         1363216 kB
MemAvailable:    1567036 kB
Buffers:           45360 kB
Cached:           282708 kB
MemTotal:        1844596 kB
MemFree:         1363772 kB
MemAvailable:    1567596 kB
Buffers:           45360 kB
Cached:           282712 kB
MemTotal:        1844596 kB
MemFree:         1362596 kB
MemAvailable:    1566420 kB
Buffers:           45360 kB
Cached:           282712 kB
MemTotal:        1844596 kB
MemFree:         1363220 kB
MemAvailable:    1567044 kB
Buffers:           45360 kB
Cached:           282712 kB
MemTotal:        1844596 kB
MemFree:         1362224 kB
MemAvailable:    1566048 kB
Buffers:           45360 kB
Cached:           282712 kB
MemTotal:        1844596 kB
MemFree:         1362088 kB
MemAvailable:    1565912 kB
Buffers:           45360 kB
Cached:           282712 kB
MemTotal:        1844596 kB
MemFree:         1361708 kB
MemAvailable:    1565532 kB
Buffers:           45360 kB
Cached:           282712 kB
MemTotal:        1844596 kB
MemFree:         1362696 kB
MemAvailable:    1566520 kB
Buffers:           45360 kB
Cached:           282712 kB
MemTotal:        1844596 kB
MemFree:         1363032 kB
MemAvailable:    1566856 kB
Buffers:           45360 kB
Cached:           282712 kB
MemTotal:        1844596 kB
MemFree:         1361580 kB
MemAvailable:    1565404 kB
Buffers:           45360 kB
Cached:           282712 kB
MemTotal:        1844596 kB
MemFree:         1361356 kB
MemAvailable:    1565180 kB
Buffers:           45360 kB
Cached:           282712 kB
MemTotal:        1844596 kB
MemFree:         1361976 kB
MemAvailable:    1565800 kB
Buffers:           45360 kB
Cached:           282712 kB
MemTotal:        1844596 kB
MemFree:         1362388 kB
MemAvailable:    1566212 kB
Buffers:           45360 kB
Cached:           282712 kB
MemTotal:        1844596 kB
MemFree:         1360964 kB
MemAvailable:    1564788 kB
Buffers:           45360 kB
Cached:           282712 kB
MemTotal:        1844596 kB
MemFree:         1362216 kB
MemAvailable:    1566040 kB
Buffers:           45360 kB
Cached:           282712 kB
MemTotal:        1844596 kB
MemFree:         1361308 kB
MemAvailable:    1565132 kB
Buffers:           45360 kB
Cached:           282712 kB
MemTotal:        1844596 kB
MemFree:         1362036 kB
MemAvailable:    1565860 kB
Buffers:           45360 kB
Cached:           282712 kB
MemTotal:        1844596 kB
MemFree:         1362372 kB
MemAvailable:    1566196 kB
Buffers:           45360 kB
Cached:           282712 kB
MemTotal:        1844596 kB
MemFree:         1362300 kB
MemAvailable:    1566124 kB
Buffers:           45360 kB
Cached:           282712 kB
MemTotal:        1844596 kB
MemFree:         1362216 kB
MemAvailable:    1566040 kB
Buffers:           45360 kB
Cached:           282712 kB
MemTotal:        1844596 kB
MemFree:         1361108 kB
MemAvailable:    1564932 kB
Buffers:           45360 kB
Cached:           282712 kB
MemTotal:        1844596 kB
MemFree:         1362368 kB
MemAvailable:    1566192 kB
Buffers:           45360 kB
Cached:           282712 kB
MemTotal:        1844596 kB
MemFree:         1361108 kB
MemAvailable:    1564932 kB
Buffers:           45360 kB
Cached:           282712 kB
MemTotal:        1844596 kB
MemFree:         1361100 kB
MemAvailable:    1564924 kB
Buffers:           45360 kB
Cached:           282712 kB
MemTotal:        1844596 kB
MemFree:         1356380 kB
MemAvailable:    1560204 kB
Buffers:           45360 kB
Cached:           282712 kB
MemTotal:        1844596 kB
MemFree:         1356340 kB
MemAvailable:    1560164 kB
Buffers:           45360 kB
Cached:           282712 kB
MemTotal:        1844596 kB
MemFree:         1355016 kB
MemAvailable:    1558840 kB
Buffers:           45360 kB
Cached:           282712 kB
MemTotal:        1844596 kB
MemFree:         1355264 kB
MemAvailable:    1559088 kB
Buffers:           45360 kB
Cached:           282712 kB
MemTotal:        1844596 kB
MemFree:         1355712 kB
MemAvailable:    1559536 kB
Buffers:           45360 kB
Cached:           282712 kB
MemTotal:        1844596 kB
MemFree:         1354280 kB
MemAvailable:    1558104 kB
Buffers:           45360 kB
Cached:           282712 kB
MemTotal:        1844596 kB
MemFree:         1355272 kB
MemAvailable:    1559096 kB
Buffers:           45360 kB
Cached:           282712 kB
MemTotal:        1844596 kB
MemFree:         1355272 kB
MemAvailable:    1559096 kB
Buffers:           45360 kB
Cached:           282712 kB
MemTotal:        1844596 kB
MemFree:         1355092 kB
MemAvailable:    1558916 kB
Buffers:           45360 kB
Cached:           282712 kB
MemTotal:        1844596 kB
MemFree:         1355344 kB
MemAvailable:    1559168 kB
Buffers:           45360 kB
Cached:           282712 kB
MemTotal:        1844596 kB
MemFree:         1354660 kB
MemAvailable:    1558484 kB
Buffers:           45360 kB
Cached:           282712 kB
MemTotal:        1844596 kB
MemFree:         1353544 kB
MemAvailable:    1557368 kB
Buffers:           45360 kB
Cached:           282712 kB
MemTotal:        1844596 kB
MemFree:         1352772 kB
MemAvailable:    1556596 kB
Buffers:           45360 kB
Cached:           282712 kB
MemTotal:        1844596 kB
MemFree:         1353952 kB
MemAvailable:    1557776 kB
Buffers:           45360 kB
Cached:           282712 kB
MemTotal:        1844596 kB
MemFree:         1353648 kB
MemAvailable:    1557472 kB
Buffers:           45360 kB
Cached:           282712 kB
MemTotal:        1844596 kB
MemFree:         1352428 kB
MemAvailable:    1556252 kB
Buffers:           45360 kB
Cached:           282712 kB
MemTotal:        1844596 kB
MemFree:         1352924 kB
MemAvailable:    1556748 kB
Buffers:           45360 kB
Cached:           282712 kB
MemTotal:        1844596 kB
MemFree:         1352968 kB
MemAvailable:    1556792 kB
Buffers:           45360 kB
Cached:           282712 kB
MemTotal:        1844596 kB
MemFree:         1351808 kB
MemAvailable:    1555632 kB
Buffers:           45360 kB
Cached:           282712 kB
MemTotal:        1844596 kB
MemFree:         1352656 kB
MemAvailable:    1556480 kB
Buffers:           45360 kB
Cached:           282712 kB
MemTotal:        1844596 kB
MemFree:         1351396 kB
MemAvailable:    1555220 kB
Buffers:           45360 kB
Cached:           282712 kB
MemTotal:        1844596 kB
MemFree:         1352620 kB
MemAvailable:    1556444 kB
Buffers:           45360 kB
Cached:           282712 kB
MemTotal:        1844596 kB
MemFree:         1352552 kB
MemAvailable:    1556376 kB
Buffers:           45360 kB
Cached:           282712 kB
MemTotal:        1844596 kB
MemFree:         1352552 kB
MemAvailable:    1556376 kB
Buffers:           45360 kB
Cached:           282712 kB
MemTotal:        1844596 kB
MemFree:         1351932 kB
MemAvailable:    1555756 kB
Buffers:           45360 kB
Cached:           282712 kB
MemTotal:        1844596 kB
MemFree:         1353092 kB
MemAvailable:    1556924 kB
Buffers:           45360 kB
Cached:           282720 kB
MemTotal:        1844596 kB
MemFree:         1351932 kB
MemAvailable:    1555764 kB
Buffers:           45360 kB
Cached:           282720 kB
MemTotal:        1844596 kB
MemFree:         1352860 kB
MemAvailable:    1556692 kB
Buffers:           45360 kB
Cached:           282720 kB
MemTotal:        1844596 kB
MemFree:         1351808 kB
MemAvailable:    1555640 kB
Buffers:           45360 kB
Cached:           282720 kB
MemTotal:        1844596 kB
MemFree:         1352412 kB
MemAvailable:    1556244 kB
Buffers:           45360 kB
Cached:           282720 kB
MemTotal:        1844596 kB
MemFree:         1352412 kB
MemAvailable:    1556244 kB
Buffers:           45360 kB
Cached:           282720 kB
MemTotal:        1844596 kB
MemFree:         1352372 kB
MemAvailable:    1556204 kB
Buffers:           45360 kB
Cached:           282720 kB
MemTotal:        1844596 kB
MemFree:         1351256 kB
MemAvailable:    1555088 kB
Buffers:           45360 kB
Cached:           282720 kB
MemTotal:        1844596 kB
MemFree:         1350684 kB
MemAvailable:    1554516 kB
Buffers:           45360 kB
Cached:           282720 kB
MemTotal:        1844596 kB
MemFree:         1351860 kB
MemAvailable:    1555692 kB
Buffers:           45360 kB
Cached:           282720 kB
MemTotal:        1844596 kB
MemFree:         1351172 kB
MemAvailable:    1555004 kB
Buffers:           45360 kB
Cached:           282720 kB
MemTotal:        1844596 kB
MemFree:         1351008 kB
MemAvailable:    1554840 kB
Buffers:           45360 kB
Cached:           282720 kB
MemTotal:        1844596 kB
MemFree:         1351164 kB
MemAvailable:    1554996 kB
Buffers:           45360 kB
Cached:           282720 kB
MemTotal:        1844596 kB
MemFree:         1349948 kB
MemAvailable:    1553780 kB
Buffers:           45360 kB
Cached:           282720 kB
MemTotal:        1844596 kB
MemFree:         1349948 kB
MemAvailable:    1553780 kB
Buffers:           45360 kB
Cached:           282720 kB
MemTotal:        1844596 kB
MemFree:         1350752 kB
MemAvailable:    1554584 kB
Buffers:           45360 kB
Cached:           282720 kB
MemTotal:        1844596 kB
MemFree:         1350444 kB
MemAvailable:    1554276 kB
Buffers:           45360 kB
Cached:           282720 kB
MemTotal:        1844596 kB
MemFree:         1350180 kB
MemAvailable:    1554012 kB
Buffers:           45360 kB
Cached:           282720 kB
MemTotal:        1844596 kB
MemFree:         1350264 kB
MemAvailable:    1554096 kB
Buffers:           45360 kB
Cached:           282720 kB
MemTotal:        1844596 kB
MemFree:         1348936 kB
MemAvailable:    1552768 kB
Buffers:           45360 kB
Cached:           282720 kB
MemTotal:        1844596 kB
MemFree:         1350064 kB
MemAvailable:    1553896 kB
Buffers:           45360 kB
Cached:           282720 kB
MemTotal:        1844596 kB
MemFree:         1349576 kB
MemAvailable:    1553408 kB
Buffers:           45360 kB
Cached:           282720 kB
MemTotal:        1844596 kB
MemFree:         1350052 kB
MemAvailable:    1553884 kB
Buffers:           45360 kB
Cached:           282720 kB
MemTotal:        1844596 kB
MemFree:         1350308 kB
MemAvailable:    1554140 kB
Buffers:           45360 kB
Cached:           282720 kB
MemTotal:        1844596 kB
MemFree:         1349012 kB
MemAvailable:    1552844 kB
Buffers:           45360 kB
Cached:           282720 kB
MemTotal:        1844596 kB
MemFree:         1348808 kB
MemAvailable:    1552640 kB
Buffers:           45360 kB
Cached:           282720 kB
MemTotal:        1844596 kB
MemFree:         1348576 kB
MemAvailable:    1552408 kB
Buffers:           45360 kB
Cached:           282720 kB
MemTotal:        1844596 kB
MemFree:         1348644 kB
MemAvailable:    1552476 kB
Buffers:           45360 kB
Cached:           282720 kB
MemTotal:        1844596 kB
MemFree:         1347280 kB
MemAvailable:    1551112 kB
Buffers:           45360 kB
Cached:           282720 kB
MemTotal:        1844596 kB
MemFree:         1343996 kB
MemAvailable:    1547828 kB
Buffers:           45360 kB
Cached:           282720 kB
MemTotal:        1844596 kB
MemFree:         1341632 kB
MemAvailable:    1545464 kB
Buffers:           45360 kB
Cached:           282720 kB
MemTotal:        1844596 kB
MemFree:         1340144 kB
MemAvailable:    1543976 kB
Buffers:           45360 kB
Cached:           282720 kB
MemTotal:        1844596 kB
MemFree:         1340392 kB
MemAvailable:    1544224 kB
Buffers:           45360 kB
Cached:           282720 kB
MemTotal:        1844596 kB
MemFree:         1340392 kB
MemAvailable:    1544224 kB
Buffers:           45360 kB
Cached:           282720 kB
MemTotal:        1844596 kB
MemFree:         1340312 kB
MemAvailable:    1544144 kB
Buffers:           45360 kB
Cached:           282720 kB
MemTotal:        1844596 kB
MemFree:         1340188 kB
MemAvailable:    1544020 kB
Buffers:           45360 kB
Cached:           282720 kB
MemTotal:        1844596 kB
MemFree:         1338840 kB
MemAvailable:    1542672 kB
Buffers:           45360 kB
Cached:           282720 kB
MemTotal:        1844596 kB
MemFree:         1338964 kB
MemAvailable:    1542796 kB
Buffers:           45360 kB
Cached:           282720 kB
MemTotal:        1844596 kB
MemFree:         1339592 kB
MemAvailable:    1543424 kB
Buffers:           45360 kB
Cached:           282720 kB
MemTotal:        1844596 kB
MemFree:         1338036 kB
MemAvailable:    1541868 kB
Buffers:           45360 kB
Cached:           282720 kB
MemTotal:        1844596 kB
MemFree:         1338504 kB
MemAvailable:    1542336 kB
Buffers:           45360 kB
Cached:           282720 kB
MemTotal:        1844596 kB
MemFree:         1338840 kB
MemAvailable:    1542672 kB
Buffers:           45360 kB
Cached:           282720 kB
MemTotal:        1844596 kB
MemFree:         1337388 kB
MemAvailable:    1541220 kB
Buffers:           45360 kB
Cached:           282720 kB
MemTotal:        1844596 kB
MemFree:         1338496 kB
MemAvailable:    1542328 kB
Buffers:           45360 kB
Cached:           282720 kB
MemTotal:        1844596 kB
MemFree:         1338216 kB
MemAvailable:    1542048 kB
Buffers:           45360 kB
Cached:           282720 kB
MemTotal:        1844596 kB
MemFree:         1338468 kB
MemAvailable:    1542300 kB
Buffers:           45360 kB
Cached:           282720 kB
MemTotal:        1844596 kB
MemFree:         1337164 kB
MemAvailable:    1540996 kB
Buffers:           45360 kB
Cached:           282720 kB
MemTotal:        1844596 kB
MemFree:         1338284 kB
MemAvailable:    1542116 kB
Buffers:           45360 kB
Cached:           282720 kB
MemTotal:        1844596 kB
MemFree:         1338136 kB
MemAvailable:    1541968 kB
Buffers:           45360 kB
Cached:           282720 kB
MemTotal:        1844596 kB
MemFree:         1338368 kB
MemAvailable:    1542200 kB
Buffers:           45360 kB
Cached:           282720 kB
MemTotal:        1844596 kB
MemFree:         1338160 kB
MemAvailable:    1541992 kB
Buffers:           45360 kB
Cached:           282720 kB
MemTotal:        1844596 kB
MemFree:         1337168 kB
MemAvailable:    1541000 kB
Buffers:           45360 kB
Cached:           282720 kB
MemTotal:        1844596 kB
MemFree:         1337120 kB
MemAvailable:    1540952 kB
Buffers:           45360 kB
Cached:           282720 kB
MemTotal:        1844596 kB
MemFree:         1337176 kB
MemAvailable:    1541008 kB
Buffers:           45360 kB
Cached:           282720 kB
MemTotal:        1844596 kB
MemFree:         1337128 kB
MemAvailable:    1540960 kB
Buffers:           45360 kB
Cached:           282720 kB
MemTotal:        1844596 kB
MemFree:         1338276 kB
MemAvailable:    1542108 kB
Buffers:           45360 kB
Cached:           282720 kB
MemTotal:        1844596 kB
MemFree:         1338488 kB
MemAvailable:    1542320 kB
Buffers:           45360 kB
Cached:           282720 kB
MemTotal:        1844596 kB
MemFree:         1337408 kB
MemAvailable:    1541240 kB
Buffers:           45360 kB
Cached:           282720 kB
MemTotal:        1844596 kB
MemFree:         1337492 kB
MemAvailable:    1541324 kB
Buffers:           45360 kB
Cached:           282720 kB
MemTotal:        1844596 kB
MemFree:         1333704 kB
MemAvailable:    1537536 kB
Buffers:           45360 kB
Cached:           282720 kB
MemTotal:        1844596 kB
MemFree:         1330728 kB
MemAvailable:    1534560 kB
Buffers:           45360 kB
Cached:           282720 kB
MemTotal:        1844596 kB
MemFree:         1327488 kB
MemAvailable:    1531320 kB
Buffers:           45360 kB
Cached:           282720 kB
MemTotal:        1844596 kB
MemFree:         1327488 kB
MemAvailable:    1531320 kB
Buffers:           45360 kB
Cached:           282720 kB
MemTotal:        1844596 kB
MemFree:         1326448 kB
MemAvailable:    1530280 kB
Buffers:           45360 kB
Cached:           282720 kB
MemTotal:        1844596 kB
MemFree:         1325016 kB
MemAvailable:    1528848 kB
Buffers:           45360 kB
Cached:           282720 kB
MemTotal:        1844596 kB
MemFree:         1326132 kB
MemAvailable:    1529964 kB
Buffers:           45360 kB
Cached:           282720 kB
MemTotal:        1844596 kB
MemFree:         1325644 kB
MemAvailable:    1529476 kB
Buffers:           45360 kB
Cached:           282720 kB
MemTotal:        1844596 kB
MemFree:         1326000 kB
MemAvailable:    1529832 kB
Buffers:           45360 kB
Cached:           282720 kB
MemTotal:        1844596 kB
MemFree:         1326000 kB
MemAvailable:    1529832 kB
Buffers:           45360 kB
Cached:           282720 kB
MemTotal:        1844596 kB
MemFree:         1326312 kB
MemAvailable:    1530144 kB
Buffers:           45360 kB
Cached:           282720 kB
MemTotal:        1844596 kB
MemFree:         1324964 kB
MemAvailable:    1528796 kB
Buffers:           45360 kB
Cached:           282720 kB
MemTotal:        1844596 kB
MemFree:         1326000 kB
MemAvailable:    1529832 kB
Buffers:           45360 kB
Cached:           282720 kB
MemTotal:        1844596 kB
MemFree:         1325024 kB
MemAvailable:    1528856 kB
Buffers:           45360 kB
Cached:           282720 kB
MemTotal:        1844596 kB
MemFree:         1325632 kB
MemAvailable:    1529464 kB
Buffers:           45360 kB
Cached:           282720 kB
MemTotal:        1844596 kB
MemFree:         1325444 kB
MemAvailable:    1529276 kB
Buffers:           45360 kB
Cached:           282720 kB
MemTotal:        1844596 kB
MemFree:         1325592 kB
MemAvailable:    1529424 kB
Buffers:           45360 kB
Cached:           282720 kB
MemTotal:        1844596 kB
MemFree:         1325976 kB
MemAvailable:    1529816 kB
Buffers:           45360 kB
Cached:           282728 kB
MemTotal:        1844596 kB
MemFree:         1324900 kB
MemAvailable:    1528740 kB
Buffers:           45360 kB
Cached:           282728 kB
MemTotal:        1844596 kB
MemFree:         1325892 kB
MemAvailable:    1529732 kB
Buffers:           45360 kB
Cached:           282728 kB
MemTotal:        1844596 kB
MemFree:         1325820 kB
MemAvailable:    1529660 kB
Buffers:           45360 kB
Cached:           282728 kB
MemTotal:        1844596 kB
MemFree:         1324776 kB
MemAvailable:    1528616 kB
Buffers:           45360 kB
Cached:           282728 kB
MemTotal:        1844596 kB
MemFree:         1325584 kB
MemAvailable:    1529424 kB
Buffers:           45360 kB
Cached:           282728 kB
MemTotal:        1844596 kB
MemFree:         1325776 kB
MemAvailable:    1529616 kB
Buffers:           45360 kB
Cached:           282728 kB
MemTotal:        1844596 kB
MemFree:         1325548 kB
MemAvailable:    1529388 kB
Buffers:           45360 kB
Cached:           282728 kB
MemTotal:        1844596 kB
MemFree:         1325548 kB
MemAvailable:    1529388 kB
Buffers:           45360 kB
Cached:           282728 kB
MemTotal:        1844596 kB
MemFree:         1325632 kB
MemAvailable:    1529472 kB
Buffers:           45360 kB
Cached:           282728 kB
MemTotal:        1844596 kB
MemFree:         1324384 kB
MemAvailable:    1528224 kB
Buffers:           45360 kB
Cached:           282728 kB
MemTotal:        1844596 kB
MemFree:         1325588 kB
MemAvailable:    1529428 kB
Buffers:           45360 kB
Cached:           282728 kB
MemTotal:        1844596 kB
MemFree:         1325024 kB
MemAvailable:    1528864 kB
Buffers:           45360 kB
Cached:           282728 kB
MemTotal:        1844596 kB
MemFree:         1324340 kB
MemAvailable:    1528180 kB
Buffers:           45360 kB
Cached:           282728 kB
MemTotal:        1844596 kB
MemFree:         1325816 kB
MemAvailable:    1529656 kB
Buffers:           45360 kB
Cached:           282728 kB
MemTotal:        1844596 kB
MemFree:         1324892 kB
MemAvailable:    1528732 kB
Buffers:           45360 kB
Cached:           282728 kB
MemTotal:        1844596 kB
MemFree:         1325768 kB
MemAvailable:    1529608 kB
Buffers:           45360 kB
Cached:           282728 kB
MemTotal:        1844596 kB
MemFree:         1325504 kB
MemAvailable:    1529344 kB
Buffers:           45360 kB
Cached:           282728 kB
MemTotal:        1844596 kB
MemFree:         1325272 kB
MemAvailable:    1529112 kB
Buffers:           45360 kB
Cached:           282728 kB
MemTotal:        1844596 kB
MemFree:         1324508 kB
MemAvailable:    1528348 kB
Buffers:           45360 kB
Cached:           282728 kB
MemTotal:        1844596 kB
MemFree:         1325816 kB
MemAvailable:    1529656 kB
Buffers:           45360 kB
Cached:           282728 kB
MemTotal:        1844596 kB
MemFree:         1325008 kB
MemAvailable:    1528848 kB
Buffers:           45360 kB
Cached:           282728 kB
MemTotal:        1844596 kB
MemFree:         1325008 kB
MemAvailable:    1528848 kB
Buffers:           45360 kB
Cached:           282728 kB
MemTotal:        1844596 kB
MemFree:         1319940 kB
MemAvailable:    1523780 kB
Buffers:           45360 kB
Cached:           282728 kB
MemTotal:        1844596 kB
MemFree:         1316652 kB
MemAvailable:    1520492 kB
Buffers:           45360 kB
Cached:           282728 kB
MemTotal:        1844596 kB
MemFree:         1315536 kB
MemAvailable:    1519376 kB
Buffers:           45360 kB
Cached:           282728 kB
MemTotal:        1844596 kB
MemFree:         1315280 kB
MemAvailable:    1519120 kB
Buffers:           45360 kB
Cached:           282728 kB
MemTotal:        1844596 kB
MemFree:         1315400 kB
MemAvailable:    1519240 kB
Buffers:           45360 kB
Cached:           282728 kB
MemTotal:        1844596 kB
MemFree:         1314052 kB
MemAvailable:    1517892 kB
Buffers:           45360 kB
Cached:           282728 kB
MemTotal:        1844596 kB
MemFree:         1314476 kB
MemAvailable:    1518316 kB
Buffers:           45360 kB
Cached:           282728 kB
MemTotal:        1844596 kB
MemFree:         1315412 kB
MemAvailable:    1519256 kB
Buffers:           45360 kB
Cached:           282732 kB
MemTotal:        1844596 kB
MemFree:         1314360 kB
MemAvailable:    1518204 kB
Buffers:           45360 kB
Cached:           282732 kB
MemTotal:        1844596 kB
MemFree:         1315360 kB
MemAvailable:    1519204 kB
Buffers:           45360 kB
Cached:           282732 kB
MemTotal:        1844596 kB
MemFree:         1315272 kB
MemAvailable:    1519116 kB
Buffers:           45360 kB
Cached:           282732 kB
MemTotal:        1844596 kB
MemFree:         1314608 kB
MemAvailable:    1518452 kB
Buffers:           45360 kB
Cached:           282732 kB
MemTotal:        1844596 kB
MemFree:         1315216 kB
MemAvailable:    1519060 kB
Buffers:           45360 kB
Cached:           282732 kB
MemTotal:        1844596 kB
MemFree:         1315288 kB
MemAvailable:    1519132 kB
Buffers:           45360 kB
Cached:           282732 kB
MemTotal:        1844596 kB
MemFree:         1314112 kB
MemAvailable:    1517956 kB
Buffers:           45360 kB
Cached:           282732 kB
MemTotal:        1844596 kB
MemFree:         1315096 kB
MemAvailable:    1518940 kB
Buffers:           45360 kB
Cached:           282732 kB
MemTotal:        1844596 kB
MemFree:         1315436 kB
MemAvailable:    1519280 kB
Buffers:           45360 kB
Cached:           282732 kB
MemTotal:        1844596 kB
MemFree:         1313848 kB
MemAvailable:    1517692 kB
Buffers:           45360 kB
Cached:           282732 kB
MemTotal:        1844596 kB
MemFree:         1314792 kB
MemAvailable:    1518636 kB
Buffers:           45360 kB
Cached:           282732 kB
MemTotal:        1844596 kB
MemFree:         1314296 kB
MemAvailable:    1518140 kB
Buffers:           45360 kB
Cached:           282732 kB
MemTotal:        1844596 kB
MemFree:         1312996 kB
MemAvailable:    1516840 kB
Buffers:           45360 kB
Cached:           282732 kB
MemTotal:        1844596 kB
MemFree:         1313236 kB
MemAvailable:    1517080 kB
Buffers:           45360 kB
Cached:           282732 kB
MemTotal:        1844596 kB
MemFree:         1313492 kB
MemAvailable:    1517336 kB
Buffers:           45360 kB
Cached:           282732 kB
MemTotal:        1844596 kB
MemFree:         1311996 kB
MemAvailable:    1515840 kB
Buffers:           45360 kB
Cached:           282732 kB
MemTotal:        1844596 kB
MemFree:         1313296 kB
MemAvailable:    1517140 kB
Buffers:           45360 kB
Cached:           282732 kB
MemTotal:        1844596 kB
MemFree:         1312964 kB
MemAvailable:    1516808 kB
Buffers:           45360 kB
Cached:           282732 kB
MemTotal:        1844596 kB
MemFree:         1313048 kB
MemAvailable:    1516892 kB
Buffers:           45360 kB
Cached:           282732 kB
MemTotal:        1844596 kB
MemFree:         1313176 kB
MemAvailable:    1517020 kB
Buffers:           45360 kB
Cached:           282732 kB
MemTotal:        1844596 kB
MemFree:         1312384 kB
MemAvailable:    1516228 kB
Buffers:           45360 kB
Cached:           282732 kB
MemTotal:        1844596 kB
MemFree:         1313304 kB
MemAvailable:    1517148 kB
Buffers:           45360 kB
Cached:           282732 kB
MemTotal:        1844596 kB
MemFree:         1312128 kB
MemAvailable:    1515972 kB
Buffers:           45360 kB
Cached:           282732 kB
MemTotal:        1844596 kB
MemFree:         1313128 kB
MemAvailable:    1516972 kB
Buffers:           45360 kB
Cached:           282732 kB
MemTotal:        1844596 kB
MemFree:         1312252 kB
MemAvailable:    1516096 kB
Buffers:           45360 kB
Cached:           282732 kB
MemTotal:        1844596 kB
MemFree:         1313128 kB
MemAvailable:    1516972 kB
Buffers:           45360 kB
Cached:           282732 kB
MemTotal:        1844596 kB
MemFree:         1312376 kB
MemAvailable:    1516220 kB
Buffers:           45360 kB
Cached:           282732 kB
MemTotal:        1844596 kB
MemFree:         1313128 kB
MemAvailable:    1516972 kB
Buffers:           45360 kB
Cached:           282732 kB
MemTotal:        1844596 kB
MemFree:         1312856 kB
MemAvailable:    1516700 kB
Buffers:           45360 kB
Cached:           282732 kB
MemTotal:        1844596 kB
MemFree:         1313108 kB
MemAvailable:    1516952 kB
Buffers:           45360 kB
Cached:           282732 kB
MemTotal:        1844596 kB
MemFree:         1313120 kB
MemAvailable:    1516964 kB
Buffers:           45360 kB
Cached:           282732 kB
MemTotal:        1844596 kB
MemFree:         1313132 kB
MemAvailable:    1516976 kB
Buffers:           45360 kB
Cached:           282732 kB
MemTotal:        1844596 kB
MemFree:         1312376 kB
MemAvailable:    1516220 kB
Buffers:           45360 kB
Cached:           282732 kB
MemTotal:        1844596 kB
MemFree:         1313044 kB
MemAvailable:    1516888 kB
Buffers:           45360 kB
Cached:           282732 kB
MemTotal:        1844596 kB
MemFree:         1312376 kB
MemAvailable:    1516220 kB
Buffers:           45360 kB
Cached:           282732 kB
MemTotal:        1844596 kB
MemFree:         1313044 kB
MemAvailable:    1516888 kB
Buffers:           45360 kB
Cached:           282732 kB
MemTotal:        1844596 kB
MemFree:         1311744 kB
MemAvailable:    1515588 kB
Buffers:           45360 kB
Cached:           282732 kB
MemTotal:        1844596 kB
MemFree:         1311700 kB
MemAvailable:    1515544 kB
Buffers:           45360 kB
Cached:           282732 kB
MemTotal:        1844596 kB
MemFree:         1312856 kB
MemAvailable:    1516700 kB
Buffers:           45360 kB
Cached:           282732 kB
MemTotal:        1844596 kB
MemFree:         1313192 kB
MemAvailable:    1517036 kB
Buffers:           45360 kB
Cached:           282732 kB
MemTotal:        1844596 kB
MemFree:         1312968 kB
MemAvailable:    1516812 kB
Buffers:           45360 kB
Cached:           282732 kB
MemTotal:        1844596 kB
MemFree:         1313220 kB
MemAvailable:    1517064 kB
Buffers:           45360 kB
Cached:           282732 kB
MemTotal:        1844596 kB
MemFree:         1309260 kB
MemAvailable:    1513104 kB
Buffers:           45360 kB
Cached:           282732 kB
MemTotal:        1844596 kB
MemFree:         1309260 kB
MemAvailable:    1513104 kB
Buffers:           45360 kB
Cached:           282732 kB
MemTotal:        1844596 kB
MemFree:         1304068 kB
MemAvailable:    1507912 kB
Buffers:           45360 kB
Cached:           282732 kB
MemTotal:        1844596 kB
MemFree:         1301208 kB
MemAvailable:    1505052 kB
Buffers:           45360 kB
Cached:           282732 kB
MemTotal:        1844596 kB
MemFree:         1301208 kB
MemAvailable:    1505052 kB
Buffers:           45360 kB
Cached:           282732 kB
MemTotal:        1844596 kB
MemFree:         1300408 kB
MemAvailable:    1504252 kB
Buffers:           45360 kB
Cached:           282732 kB
MemTotal:        1844596 kB
MemFree:         1298976 kB
MemAvailable:    1502820 kB
Buffers:           45360 kB
Cached:           282732 kB
MemTotal:        1844596 kB
MemFree:         1299960 kB
MemAvailable:    1503804 kB
Buffers:           45360 kB
Cached:           282732 kB
MemTotal:        1844596 kB
MemFree:         1299340 kB
MemAvailable:    1503184 kB
Buffers:           45360 kB
Cached:           282732 kB
MemTotal:        1844596 kB
MemFree:         1299968 kB
MemAvailable:    1503820 kB
Buffers:           45360 kB
Cached:           282740 kB
MemTotal:        1844596 kB
MemFree:         1300052 kB
MemAvailable:    1503904 kB
Buffers:           45360 kB
Cached:           282740 kB
MemTotal:        1844596 kB
MemFree:         1299664 kB
MemAvailable:    1503516 kB
Buffers:           45360 kB
Cached:           282740 kB
MemTotal:        1844596 kB
MemFree:         1300000 kB
MemAvailable:    1503852 kB
Buffers:           45360 kB
Cached:           282740 kB
MemTotal:        1844596 kB
MemFree:         1299732 kB
MemAvailable:    1503584 kB
Buffers:           45360 kB
Cached:           282740 kB
MemTotal:        1844596 kB
MemFree:         1298984 kB
MemAvailable:    1502836 kB
Buffers:           45360 kB
Cached:           282740 kB
MemTotal:        1844596 kB
MemFree:         1299408 kB
MemAvailable:    1503260 kB
Buffers:           45360 kB
Cached:           282740 kB
MemTotal:        1844596 kB
MemFree:         1299576 kB
MemAvailable:    1503428 kB
Buffers:           45364 kB
Cached:           282736 kB
MemTotal:        1844596 kB
MemFree:         1298332 kB
MemAvailable:    1502184 kB
Buffers:           45368 kB
Cached:           282732 kB
MemTotal:        1844596 kB
MemFree:         1299664 kB
MemAvailable:    1503516 kB
Buffers:           45368 kB
Cached:           282732 kB
MemTotal:        1844596 kB
MemFree:         1298316 kB
MemAvailable:    1502168 kB
Buffers:           45368 kB
Cached:           282732 kB
MemTotal:        1844596 kB
MemFree:         1299616 kB
MemAvailable:    1503468 kB
Buffers:           45368 kB
Cached:           282732 kB
MemTotal:        1844596 kB
MemFree:         1298440 kB
MemAvailable:    1502292 kB
Buffers:           45368 kB
Cached:           282732 kB
MemTotal:        1844596 kB
MemFree:         1299664 kB
MemAvailable:    1503516 kB
Buffers:           45368 kB
Cached:           282732 kB
MemTotal:        1844596 kB
MemFree:         1299452 kB
MemAvailable:    1503304 kB
Buffers:           45368 kB
Cached:           282732 kB
MemTotal:        1844596 kB
MemFree:         1299652 kB
MemAvailable:    1503504 kB
Buffers:           45368 kB
Cached:           282732 kB
MemTotal:        1844596 kB
MemFree:         1299776 kB
MemAvailable:    1503628 kB
Buffers:           45368 kB
Cached:           282732 kB
MemTotal:        1844596 kB
MemFree:         1299660 kB
MemAvailable:    1503512 kB
Buffers:           45368 kB
Cached:           282732 kB
MemTotal:        1844596 kB
MemFree:         1299660 kB
MemAvailable:    1503512 kB
Buffers:           45368 kB
Cached:           282732 kB
MemTotal:        1844596 kB
MemFree:         1299792 kB
MemAvailable:    1503644 kB
Buffers:           45368 kB
Cached:           282732 kB
MemTotal:        1844596 kB
MemFree:         1298296 kB
MemAvailable:    1502148 kB
Buffers:           45368 kB
Cached:           282732 kB
MemTotal:        1844596 kB
MemFree:         1298420 kB
MemAvailable:    1502272 kB
Buffers:           45368 kB
Cached:           282732 kB
MemTotal:        1844596 kB
MemFree:         1299720 kB
MemAvailable:    1503572 kB
Buffers:           45368 kB
Cached:           282732 kB
MemTotal:        1844596 kB
MemFree:         1298116 kB
MemAvailable:    1501968 kB
Buffers:           45368 kB
Cached:           282732 kB
MemTotal:        1844596 kB
MemFree:         1298232 kB
MemAvailable:    1502084 kB
Buffers:           45368 kB
Cached:           282732 kB
MemTotal:        1844596 kB
MemFree:         1298844 kB
MemAvailable:    1502696 kB
Buffers:           45368 kB
Cached:           282732 kB
MemTotal:        1844596 kB
MemFree:         1298844 kB
MemAvailable:    1502696 kB
Buffers:           45368 kB
Cached:           282732 kB
MemTotal:        1844596 kB
MemFree:         1297448 kB
MemAvailable:    1501300 kB
Buffers:           45368 kB
Cached:           282732 kB
MemTotal:        1844596 kB
MemFree:         1298672 kB
MemAvailable:    1502524 kB
Buffers:           45368 kB
Cached:           282732 kB
MemTotal:        1844596 kB
MemFree:         1298600 kB
MemAvailable:    1502452 kB
Buffers:           45368 kB
Cached:           282732 kB
MemTotal:        1844596 kB
MemFree:         1298116 kB
MemAvailable:    1501968 kB
Buffers:           45368 kB
Cached:           282732 kB
MemTotal:        1844596 kB
MemFree:         1295744 kB
MemAvailable:    1499596 kB
Buffers:           45368 kB
Cached:           282732 kB
MemTotal:        1844596 kB
MemFree:         1295504 kB
MemAvailable:    1499356 kB
Buffers:           45368 kB
Cached:           282732 kB
MemTotal:        1844596 kB
MemFree:         1293644 kB
MemAvailable:    1497496 kB
Buffers:           45368 kB
Cached:           282732 kB
MemTotal:        1844596 kB
MemFree:         1293896 kB
MemAvailable:    1497748 kB
Buffers:           45368 kB
Cached:           282732 kB
MemTotal:        1844596 kB
MemFree:         1288932 kB
MemAvailable:    1492784 kB
Buffers:           45368 kB
Cached:           282732 kB
MemTotal:        1844596 kB
MemFree:         1290056 kB
MemAvailable:    1493908 kB
Buffers:           45368 kB
Cached:           282732 kB
MemTotal:        1844596 kB
MemFree:         1288816 kB
MemAvailable:    1492668 kB
Buffers:           45368 kB
Cached:           282732 kB
MemTotal:        1844596 kB
MemFree:         1286584 kB
MemAvailable:    1490436 kB
Buffers:           45368 kB
Cached:           282732 kB
MemTotal:        1844596 kB
MemFree:         1286460 kB
MemAvailable:    1490312 kB
Buffers:           45368 kB
Cached:           282732 kB
MemTotal:        1844596 kB
MemFree:         1286072 kB
MemAvailable:    1489924 kB
Buffers:           45368 kB
Cached:           282732 kB
MemTotal:        1844596 kB
MemFree:         1286156 kB
MemAvailable:    1490008 kB
Buffers:           45368 kB
Cached:           282732 kB
MemTotal:        1844596 kB
MemFree:         1284836 kB
MemAvailable:    1488688 kB
Buffers:           45368 kB
Cached:           282732 kB
MemTotal:        1844596 kB
MemFree:         1286124 kB
MemAvailable:    1489976 kB
Buffers:           45368 kB
Cached:           282732 kB
MemTotal:        1844596 kB
MemFree:         1285344 kB
MemAvailable:    1489196 kB
Buffers:           45368 kB
Cached:           282732 kB
MemTotal:        1844596 kB
MemFree:         1284964 kB
MemAvailable:    1488824 kB
Buffers:           45368 kB
Cached:           282740 kB
MemTotal:        1844596 kB
MemFree:         1284964 kB
MemAvailable:    1488824 kB
Buffers:           45368 kB
Cached:           282740 kB
MemTotal:        1844596 kB
MemFree:         1285940 kB
MemAvailable:    1489800 kB
Buffers:           45368 kB
Cached:           282740 kB
MemTotal:        1844596 kB
MemFree:         1285716 kB
MemAvailable:    1489576 kB
Buffers:           45368 kB
Cached:           282740 kB
MemTotal:        1844596 kB
MemFree:         1286136 kB
MemAvailable:    1489996 kB
Buffers:           45368 kB
Cached:           282740 kB
MemTotal:        1844596 kB
MemFree:         1284848 kB
MemAvailable:    1488708 kB
Buffers:           45368 kB
Cached:           282740 kB
MemTotal:        1844596 kB
MemFree:         1284668 kB
MemAvailable:    1488528 kB
Buffers:           45368 kB
Cached:           282740 kB
MemTotal:        1844596 kB
MemFree:         1284800 kB
MemAvailable:    1488660 kB
Buffers:           45368 kB
Cached:           282740 kB
MemTotal:        1844596 kB
MemFree:         1286100 kB
MemAvailable:    1489960 kB
Buffers:           45368 kB
Cached:           282740 kB
MemTotal:        1844596 kB
MemFree:         1285944 kB
MemAvailable:    1489804 kB
Buffers:           45368 kB
Cached:           282740 kB
MemTotal:        1844596 kB
MemFree:         1286028 kB
MemAvailable:    1489888 kB
Buffers:           45368 kB
Cached:           282740 kB
MemTotal:        1844596 kB
MemFree:         1285792 kB
MemAvailable:    1489652 kB
Buffers:           45368 kB
Cached:           282740 kB
MemTotal:        1844596 kB
MemFree:         1286036 kB
MemAvailable:    1489896 kB
Buffers:           45368 kB
Cached:           282740 kB
MemTotal:        1844596 kB
MemFree:         1285344 kB
MemAvailable:    1489204 kB
Buffers:           45368 kB
Cached:           282740 kB
MemTotal:        1844596 kB
MemFree:         1284964 kB
MemAvailable:    1488824 kB
Buffers:           45368 kB
Cached:           282740 kB
MemTotal:        1844596 kB
MemFree:         1284964 kB
MemAvailable:    1488824 kB
Buffers:           45368 kB
Cached:           282740 kB
MemTotal:        1844596 kB
MemFree:         1286140 kB
MemAvailable:    1490000 kB
Buffers:           45368 kB
Cached:           282740 kB
MemTotal:        1844596 kB
MemFree:         1285904 kB
MemAvailable:    1489764 kB
Buffers:           45368 kB
Cached:           282740 kB
MemTotal:        1844596 kB
MemFree:         1285800 kB
MemAvailable:    1489660 kB
Buffers:           45368 kB
Cached:           282740 kB
MemTotal:        1844596 kB
MemFree:         1285884 kB
MemAvailable:    1489744 kB
Buffers:           45368 kB
Cached:           282740 kB
MemTotal:        1844596 kB
MemFree:         1284668 kB
MemAvailable:    1488528 kB
Buffers:           45368 kB
Cached:           282740 kB
MemTotal:        1844596 kB
MemFree:         1285968 kB
MemAvailable:    1489828 kB
Buffers:           45368 kB
Cached:           282740 kB
MemTotal:        1844596 kB
MemFree:         1285768 kB
MemAvailable:    1489628 kB
Buffers:           45368 kB
Cached:           282740 kB
MemTotal:        1844596 kB
MemFree:         1285592 kB
MemAvailable:    1489452 kB
Buffers:           45368 kB
Cached:           282740 kB
MemTotal:        1844596 kB
MemFree:         1285844 kB
MemAvailable:    1489704 kB
Buffers:           45368 kB
Cached:           282740 kB
MemTotal:        1844596 kB
MemFree:         1285844 kB
MemAvailable:    1489704 kB
Buffers:           45368 kB
Cached:           282740 kB
MemTotal:        1844596 kB
MemFree:         1284536 kB
MemAvailable:    1488396 kB
Buffers:           45368 kB
Cached:           282740 kB
MemTotal:        1844596 kB
MemFree:         1284704 kB
MemAvailable:    1488564 kB
Buffers:           45368 kB
Cached:           282740 kB
MemTotal:        1844596 kB
MemFree:         1284696 kB
MemAvailable:    1488556 kB
Buffers:           45368 kB
Cached:           282740 kB
MemTotal:        1844596 kB
MemFree:         1284780 kB
MemAvailable:    1488640 kB
Buffers:           45368 kB
Cached:           282740 kB
MemTotal:        1844596 kB
MemFree:         1285844 kB
MemAvailable:    1489716 kB
Buffers:           45368 kB
Cached:           282752 kB
MemTotal:        1844596 kB
MemFree:         1285344 kB
MemAvailable:    1489216 kB
Buffers:           45368 kB
Cached:           282752 kB
MemTotal:        1844596 kB
MemFree:         1285644 kB
MemAvailable:    1489516 kB
Buffers:           45368 kB
Cached:           282752 kB
MemTotal:        1844596 kB
MemFree:         1285896 kB
MemAvailable:    1489768 kB
Buffers:           45368 kB
Cached:           282752 kB
MemTotal:        1844596 kB
MemFree:         1285528 kB
MemAvailable:    1489400 kB
Buffers:           45368 kB
Cached:           282752 kB
MemTotal:        1844596 kB
MemFree:         1285520 kB
MemAvailable:    1489392 kB
Buffers:           45368 kB
Cached:           282752 kB
MemTotal:        1844596 kB
MemFree:         1285352 kB
MemAvailable:    1489224 kB
Buffers:           45368 kB
Cached:           282752 kB
MemTotal:        1844596 kB
MemFree:         1285652 kB
MemAvailable:    1489524 kB
Buffers:           45368 kB
Cached:           282752 kB
MemTotal:        1844596 kB
MemFree:         1285396 kB
MemAvailable:    1489268 kB
Buffers:           45368 kB
Cached:           282752 kB
MemTotal:        1844596 kB
MemFree:         1284304 kB
MemAvailable:    1488176 kB
Buffers:           45368 kB
Cached:           282752 kB
MemTotal:        1844596 kB
MemFree:         1284716 kB
MemAvailable:    1488588 kB
Buffers:           45368 kB
Cached:           282752 kB
MemTotal:        1844596 kB
MemFree:         1285296 kB
MemAvailable:    1489168 kB
Buffers:           45368 kB
Cached:           282752 kB
MemTotal:        1844596 kB
MemFree:         1285552 kB
MemAvailable:    1489424 kB
Buffers:           45368 kB
Cached:           282752 kB
MemTotal:        1844596 kB
MemFree:         1284216 kB
MemAvailable:    1488088 kB
Buffers:           45368 kB
Cached:           282752 kB
MemTotal:        1844596 kB
MemFree:         1285608 kB
MemAvailable:    1489480 kB
Buffers:           45368 kB
Cached:           282752 kB
MemTotal:        1844596 kB
MemFree:         1285532 kB
MemAvailable:    1489404 kB
Buffers:           45368 kB
Cached:           282752 kB
MemTotal:        1844596 kB
MemFree:         1285344 kB
MemAvailable:    1489216 kB
Buffers:           45368 kB
Cached:           282752 kB
MemTotal:        1844596 kB
MemFree:         1284044 kB
MemAvailable:    1487916 kB
Buffers:           45368 kB
Cached:           282752 kB
MemTotal:        1844596 kB
MemFree:         1287108 kB
MemAvailable:    1490980 kB
Buffers:           45368 kB
Cached:           282752 kB
MemTotal:        1844596 kB
MemFree:         1286144 kB
MemAvailable:    1490016 kB
Buffers:           45368 kB
Cached:           282752 kB
MemTotal:        1844596 kB
MemFree:         1281864 kB
MemAvailable:    1485736 kB
Buffers:           45368 kB
Cached:           282752 kB
MemTotal:        1844596 kB
MemFree:         1285468 kB
MemAvailable:    1489340 kB
Buffers:           45368 kB
Cached:           282752 kB
MemTotal:        1844596 kB
MemFree:         1286636 kB
MemAvailable:    1490508 kB
Buffers:           45368 kB
Cached:           282752 kB
MemTotal:        1844596 kB
MemFree:         1281360 kB
MemAvailable:    1485232 kB
Buffers:           45368 kB
Cached:           282752 kB
MemTotal:        1844596 kB
MemFree:         1281252 kB
MemAvailable:    1485124 kB
Buffers:           45368 kB
Cached:           282752 kB
MemTotal:        1844596 kB
MemFree:         1286336 kB
MemAvailable:    1490208 kB
Buffers:           45368 kB
Cached:           282752 kB
MemTotal:        1844596 kB
MemFree:         1285044 kB
MemAvailable:    1488916 kB
Buffers:           45368 kB
Cached:           282752 kB
MemTotal:        1844596 kB
MemFree:         1281740 kB
MemAvailable:    1485612 kB
Buffers:           45368 kB
Cached:           282752 kB
MemTotal:        1844596 kB
MemFree:         1284920 kB
MemAvailable:    1488792 kB
Buffers:           45368 kB
Cached:           282752 kB
MemTotal:        1844596 kB
MemFree:         1285044 kB
MemAvailable:    1488916 kB
Buffers:           45368 kB
Cached:           282752 kB
MemTotal:        1844596 kB
MemFree:         1282732 kB
MemAvailable:    1486604 kB
Buffers:           45368 kB
Cached:           282752 kB
MemTotal:        1844596 kB
MemFree:         1279020 kB
MemAvailable:    1482892 kB
Buffers:           45368 kB
Cached:           282752 kB
MemTotal:        1844596 kB
MemFree:         1284592 kB
MemAvailable:    1488464 kB
Buffers:           45368 kB
Cached:           282752 kB
MemTotal:        1844596 kB
MemFree:         1284800 kB
MemAvailable:    1488672 kB
Buffers:           45368 kB
Cached:           282752 kB
MemTotal:        1844596 kB
MemFree:         1280384 kB
MemAvailable:    1484256 kB
Buffers:           45368 kB
Cached:           282752 kB
MemTotal:        1844596 kB
MemFree:         1285496 kB
MemAvailable:    1489368 kB
Buffers:           45368 kB
Cached:           282752 kB
MemTotal:        1844596 kB
MemFree:         1285524 kB
MemAvailable:    1489396 kB
Buffers:           45368 kB
Cached:           282752 kB
MemTotal:        1844596 kB
MemFree:         1283236 kB
MemAvailable:    1487108 kB
Buffers:           45368 kB
Cached:           282752 kB
MemTotal:        1844596 kB
MemFree:         1281120 kB
MemAvailable:    1484992 kB
Buffers:           45368 kB
Cached:           282752 kB
MemTotal:        1844596 kB
MemFree:         1278524 kB
MemAvailable:    1482396 kB
Buffers:           45368 kB
Cached:           282752 kB
MemTotal:        1844596 kB
MemFree:         1284908 kB
MemAvailable:    1488780 kB
Buffers:           45368 kB
Cached:           282752 kB
MemTotal:        1844596 kB
MemFree:         1285244 kB
MemAvailable:    1489116 kB
Buffers:           45368 kB
Cached:           282752 kB
MemTotal:        1844596 kB
MemFree:         1285576 kB
MemAvailable:    1489448 kB
Buffers:           45368 kB
Cached:           282752 kB
MemTotal:        1844596 kB
MemFree:         1285180 kB
MemAvailable:    1489052 kB
Buffers:           45368 kB
Cached:           282752 kB
MemTotal:        1844596 kB
MemFree:         1283848 kB
MemAvailable:    1487724 kB
Buffers:           45368 kB
Cached:           282756 kB
MemTotal:        1844596 kB
MemFree:         1284104 kB
MemAvailable:    1487980 kB
Buffers:           45368 kB
Cached:           282756 kB
MemTotal:        1844596 kB
MemFree:         1282608 kB
MemAvailable:    1486484 kB
Buffers:           45368 kB
Cached:           282756 kB
MemTotal:        1844596 kB
MemFree:         1283724 kB
MemAvailable:    1487600 kB
Buffers:           45368 kB
Cached:           282756 kB
MemTotal:        1844596 kB
MemFree:         1282492 kB
MemAvailable:    1486368 kB
Buffers:           45368 kB
Cached:           282756 kB
MemTotal:        1844596 kB
MemFree:         1283332 kB
MemAvailable:    1487208 kB
Buffers:           45368 kB
Cached:           282756 kB
MemTotal:        1844596 kB
MemFree:         1283668 kB
MemAvailable:    1487544 kB
Buffers:           45368 kB
Cached:           282756 kB
MemTotal:        1844596 kB
MemFree:         1282176 kB
MemAvailable:    1486052 kB
Buffers:           45368 kB
Cached:           282756 kB
MemTotal:        1844596 kB
MemFree:         1282592 kB
MemAvailable:    1486468 kB
Buffers:           45368 kB
Cached:           282756 kB
MemTotal:        1844596 kB
MemFree:         1282228 kB
MemAvailable:    1486104 kB
Buffers:           45368 kB
Cached:           282756 kB
MemTotal:        1844596 kB
MemFree:         1282112 kB
MemAvailable:    1485988 kB
Buffers:           45368 kB
Cached:           282756 kB
MemTotal:        1844596 kB
MemFree:         1282228 kB
MemAvailable:    1486104 kB
Buffers:           45368 kB
Cached:           282756 kB
MemTotal:        1844596 kB
MemFree:         1283412 kB
MemAvailable:    1487288 kB
Buffers:           45368 kB
Cached:           282756 kB
MemTotal:        1844596 kB
MemFree:         1283340 kB
MemAvailable:    1487216 kB
Buffers:           45368 kB
Cached:           282756 kB
MemTotal:        1844596 kB
MemFree:         1283340 kB
MemAvailable:    1487216 kB
Buffers:           45368 kB
Cached:           282756 kB
MemTotal:        1844596 kB
MemFree:         1283228 kB
MemAvailable:    1487104 kB
Buffers:           45368 kB
Cached:           282756 kB
MemTotal:        1844596 kB
MemFree:         1282236 kB
MemAvailable:    1486112 kB
Buffers:           45368 kB
Cached:           282756 kB
MemTotal:        1844596 kB
MemFree:         1283040 kB
MemAvailable:    1486916 kB
Buffers:           45368 kB
Cached:           282756 kB
MemTotal:        1844596 kB
MemFree:         1283376 kB
MemAvailable:    1487252 kB
Buffers:           45368 kB
Cached:           282756 kB
MemTotal:        1844596 kB
MemFree:         1283340 kB
MemAvailable:    1487216 kB
Buffers:           45368 kB
Cached:           282756 kB
MemTotal:        1844596 kB
MemFree:         1280508 kB
MemAvailable:    1484384 kB
Buffers:           45368 kB
Cached:           282756 kB
MemTotal:        1844596 kB
MemFree:         1280988 kB
MemAvailable:    1484864 kB
Buffers:           45368 kB
Cached:           282756 kB
MemTotal:        1844596 kB
MemFree:         1280880 kB
MemAvailable:    1484756 kB
Buffers:           45368 kB
Cached:           282756 kB
MemTotal:        1844596 kB
MemFree:         1280568 kB
MemAvailable:    1484444 kB
Buffers:           45368 kB
Cached:           282756 kB
MemTotal:        1844596 kB
MemFree:         1280120 kB
MemAvailable:    1483996 kB
Buffers:           45368 kB
Cached:           282756 kB
MemTotal:        1844596 kB
MemFree:         1280012 kB
MemAvailable:    1483888 kB
Buffers:           45368 kB
Cached:           282756 kB
MemTotal:        1844596 kB
MemFree:         1278832 kB
MemAvailable:    1482708 kB
Buffers:           45368 kB
Cached:           282756 kB
MemTotal:        1844596 kB
MemFree:         1278708 kB
MemAvailable:    1482584 kB
Buffers:           45368 kB
Cached:           282756 kB
MemTotal:        1844596 kB
MemFree:         1278896 kB
MemAvailable:    1482776 kB
Buffers:           45368 kB
Cached:           282760 kB
MemTotal:        1844596 kB
MemFree:         1279940 kB
MemAvailable:    1483820 kB
Buffers:           45368 kB
Cached:           282760 kB
MemTotal:        1844596 kB
MemFree:         1278400 kB
MemAvailable:    1482280 kB
Buffers:           45368 kB
Cached:           282760 kB
MemTotal:        1844596 kB
MemFree:         1278284 kB
MemAvailable:    1482164 kB
Buffers:           45368 kB
Cached:           282760 kB
MemTotal:        1844596 kB
MemFree:         1279260 kB
MemAvailable:    1483140 kB
Buffers:           45368 kB
Cached:           282760 kB
MemTotal:        1844596 kB
MemFree:         1279028 kB
MemAvailable:    1482908 kB
Buffers:           45368 kB
Cached:           282760 kB
MemTotal:        1844596 kB
MemFree:         1278956 kB
MemAvailable:    1482836 kB
Buffers:           45368 kB
Cached:           282760 kB
MemTotal:        1844596 kB
MemFree:         1278904 kB
MemAvailable:    1482784 kB
Buffers:           45368 kB
Cached:           282760 kB
MemTotal:        1844596 kB
MemFree:         1278972 kB
MemAvailable:    1482852 kB
Buffers:           45368 kB
Cached:           282760 kB
MemTotal:        1844596 kB
MemFree:         1278708 kB
MemAvailable:    1482588 kB
Buffers:           45368 kB
Cached:           282760 kB
MemTotal:        1844596 kB
MemFree:         1278792 kB
MemAvailable:    1482672 kB
Buffers:           45368 kB
Cached:           282760 kB
MemTotal:        1844596 kB
MemFree:         1277596 kB
MemAvailable:    1481476 kB
Buffers:           45368 kB
Cached:           282760 kB
MemTotal:        1844596 kB
MemFree:         1278580 kB
MemAvailable:    1482460 kB
Buffers:           45368 kB
Cached:           282760 kB
MemTotal:        1844596 kB
MemFree:         1278416 kB
MemAvailable:    1482296 kB
Buffers:           45368 kB
Cached:           282760 kB
MemTotal:        1844596 kB
MemFree:         1278400 kB
MemAvailable:    1482280 kB
Buffers:           45368 kB
Cached:           282760 kB
MemTotal:        1844596 kB
MemFree:         1277284 kB
MemAvailable:    1481164 kB
Buffers:           45368 kB
Cached:           282760 kB
MemTotal:        1844596 kB
MemFree:         1278404 kB
MemAvailable:    1482284 kB
Buffers:           45368 kB
Cached:           282760 kB
MemTotal:        1844596 kB
MemFree:         1277540 kB
MemAvailable:    1481420 kB
Buffers:           45368 kB
Cached:           282760 kB
MemTotal:        1844596 kB
MemFree:         1278392 kB
MemAvailable:    1482268 kB
Buffers:           45368 kB
Cached:           282760 kB
MemTotal:        1844596 kB
MemFree:         1278728 kB
MemAvailable:    1482604 kB
Buffers:           45368 kB
Cached:           282760 kB
MemTotal:        1844596 kB
MemFree:         1278352 kB
MemAvailable:    1482228 kB
Buffers:           45368 kB
Cached:           282760 kB
MemTotal:        1844596 kB
MemFree:         1278520 kB
MemAvailable:    1482396 kB
Buffers:           45368 kB
Cached:           282760 kB
MemTotal:        1844596 kB
MemFree:         1278408 kB
MemAvailable:    1482284 kB
Buffers:           45368 kB
Cached:           282760 kB
MemTotal:        1844596 kB
MemFree:         1278484 kB
MemAvailable:    1482360 kB
Buffers:           45368 kB
Cached:           282760 kB
MemTotal:        1844596 kB
MemFree:         1278036 kB
MemAvailable:    1481912 kB
Buffers:           45368 kB
Cached:           282760 kB
MemTotal:        1844596 kB
MemFree:         1278396 kB
MemAvailable:    1482272 kB
Buffers:           45368 kB
Cached:           282760 kB
MemTotal:        1844596 kB
MemFree:         1278408 kB
MemAvailable:    1482284 kB
Buffers:           45368 kB
Cached:           282760 kB
MemTotal:        1844596 kB
MemFree:         1278096 kB
MemAvailable:    1481972 kB
Buffers:           45368 kB
Cached:           282760 kB
MemTotal:        1844596 kB
MemFree:         1278352 kB
MemAvailable:    1482228 kB
Buffers:           45368 kB
Cached:           282760 kB
MemTotal:        1844596 kB
MemFree:         1278468 kB
MemAvailable:    1482344 kB
Buffers:           45368 kB
Cached:           282760 kB
MemTotal:        1844596 kB
MemFree:         1277112 kB
MemAvailable:    1480988 kB
Buffers:           45368 kB
Cached:           282760 kB
MemTotal:        1844596 kB
MemFree:         1278220 kB
MemAvailable:    1482096 kB
Buffers:           45368 kB
Cached:           282760 kB
MemTotal:        1844596 kB
MemFree:         1278472 kB
MemAvailable:    1482348 kB
Buffers:           45368 kB
Cached:           282760 kB
MemTotal:        1844596 kB
MemFree:         1278216 kB
MemAvailable:    1482092 kB
Buffers:           45368 kB
Cached:           282760 kB
MemTotal:        1844596 kB
MemFree:         1278216 kB
MemAvailable:    1482092 kB
Buffers:           45368 kB
Cached:           282760 kB
MemTotal:        1844596 kB
MemFree:         1278256 kB
MemAvailable:    1482132 kB
Buffers:           45368 kB
Cached:           282760 kB
MemTotal:        1844596 kB
MemFree:         1278592 kB
MemAvailable:    1482468 kB
Buffers:           45368 kB
Cached:           282760 kB
MemTotal:        1844596 kB
MemFree:         1278408 kB
MemAvailable:    1482284 kB
Buffers:           45368 kB
Cached:           282760 kB
MemTotal:        1844596 kB
MemFree:         1278384 kB
MemAvailable:    1482260 kB
Buffers:           45368 kB
Cached:           282760 kB
MemTotal:        1844596 kB
MemFree:         1277228 kB
MemAvailable:    1481104 kB
Buffers:           45368 kB
Cached:           282760 kB
MemTotal:        1844596 kB
MemFree:         1277044 kB
MemAvailable:    1480920 kB
Buffers:           45368 kB
Cached:           282760 kB
MemTotal:        1844596 kB
MemFree:         1277120 kB
MemAvailable:    1480996 kB
Buffers:           45368 kB
Cached:           282760 kB
MemTotal:        1844596 kB
MemFree:         1277120 kB
MemAvailable:    1480996 kB
Buffers:           45368 kB
Cached:           282760 kB
MemTotal:        1844596 kB
MemFree:         1278400 kB
MemAvailable:    1482276 kB
Buffers:           45368 kB
Cached:           282760 kB
MemTotal:        1844596 kB
MemFree:         1278484 kB
MemAvailable:    1482360 kB
Buffers:           45368 kB
Cached:           282760 kB
MemTotal:        1844596 kB
MemFree:         1276988 kB
MemAvailable:    1480864 kB
Buffers:           45368 kB
Cached:           282760 kB
MemTotal:        1844596 kB
MemFree:         1278404 kB
MemAvailable:    1482280 kB
Buffers:           45368 kB
Cached:           282760 kB
MemTotal:        1844596 kB
MemFree:         1277664 kB
MemAvailable:    1481540 kB
Buffers:           45368 kB
Cached:           282760 kB
MemTotal:        1844596 kB
MemFree:         1277540 kB
MemAvailable:    1481420 kB
Buffers:           45368 kB
Cached:           282764 kB
MemTotal:        1844596 kB
MemFree:         1278764 kB
MemAvailable:    1482644 kB
Buffers:           45368 kB
Cached:           282764 kB
MemTotal:        1844596 kB
MemFree:         1277276 kB
MemAvailable:    1481156 kB
Buffers:           45368 kB
Cached:           282764 kB
MemTotal:        1844596 kB
MemFree:         1278452 kB
MemAvailable:    1482332 kB
Buffers:           45368 kB
Cached:           282764 kB
MemTotal:        1844596 kB
MemFree:         1278512 kB
MemAvailable:    1482392 kB
Buffers:           45368 kB
Cached:           282764 kB
MemTotal:        1844596 kB
MemFree:         1278400 kB
MemAvailable:    1482280 kB
Buffers:           45368 kB
Cached:           282764 kB
MemTotal:        1844596 kB
MemFree:         1278320 kB
MemAvailable:    1482200 kB
Buffers:           45368 kB
Cached:           282764 kB
MemTotal:        1844596 kB
MemFree:         1278284 kB
MemAvailable:    1482164 kB
Buffers:           45368 kB
Cached:           282764 kB
MemTotal:        1844596 kB
MemFree:         1277112 kB
MemAvailable:    1480992 kB
Buffers:           45368 kB
Cached:           282764 kB
MemTotal:        1844596 kB
MemFree:         1278388 kB
MemAvailable:    1482268 kB
Buffers:           45368 kB
Cached:           282764 kB
MemTotal:        1844596 kB
MemFree:         1277920 kB
MemAvailable:    1481800 kB
Buffers:           45368 kB
Cached:           282764 kB
MemTotal:        1844596 kB
MemFree:         1278152 kB
MemAvailable:    1482032 kB
Buffers:           45368 kB
Cached:           282764 kB
MemTotal:        1844596 kB
MemFree:         1277244 kB
MemAvailable:    1481124 kB
Buffers:           45368 kB
Cached:           282764 kB
MemTotal:        1844596 kB
MemFree:         1278564 kB
MemAvailable:    1482444 kB
Buffers:           45368 kB
Cached:           282764 kB
MemTotal:        1844596 kB
MemFree:         1278596 kB
MemAvailable:    1482476 kB
Buffers:           45368 kB
Cached:           282764 kB
MemTotal:        1844596 kB
MemFree:         1277100 kB
MemAvailable:    1480980 kB
Buffers:           45368 kB
Cached:           282764 kB
MemTotal:        1844596 kB
MemFree:         1277100 kB
MemAvailable:    1480980 kB
Buffers:           45368 kB
Cached:           282764 kB
MemTotal:        1844596 kB
MemFree:         1278396 kB
MemAvailable:    1482276 kB
Buffers:           45368 kB
Cached:           282764 kB
MemTotal:        1844596 kB
MemFree:         1277044 kB
MemAvailable:    1480924 kB
Buffers:           45368 kB
Cached:           282764 kB
MemTotal:        1844596 kB
MemFree:         1278336 kB
MemAvailable:    1482216 kB
Buffers:           45368 kB
Cached:           282764 kB
MemTotal:        1844596 kB
MemFree:         1277168 kB
MemAvailable:    1481048 kB
Buffers:           45368 kB
Cached:           282764 kB
MemTotal:        1844596 kB
MemFree:         1277252 kB
MemAvailable:    1481132 kB
Buffers:           45368 kB
Cached:           282764 kB
MemTotal:        1844596 kB
MemFree:         1277244 kB
MemAvailable:    1481124 kB
Buffers:           45368 kB
Cached:           282764 kB
MemTotal:        1844596 kB
MemFree:         1278368 kB
MemAvailable:    1482256 kB
Buffers:           45368 kB
Cached:           282772 kB
MemTotal:        1844596 kB
MemFree:         1278468 kB
MemAvailable:    1482356 kB
Buffers:           45368 kB
Cached:           282772 kB
MemTotal:        1844596 kB
MemFree:         1277600 kB
MemAvailable:    1481488 kB
Buffers:           45368 kB
Cached:           282772 kB
MemTotal:        1844596 kB
MemFree:         1278584 kB
MemAvailable:    1482472 kB
Buffers:           45368 kB
Cached:           282772 kB
MemTotal:        1844596 kB
MemFree:         1278252 kB
MemAvailable:    1482140 kB
Buffers:           45368 kB
Cached:           282772 kB
MemTotal:        1844596 kB
MemFree:         1278588 kB
MemAvailable:    1482476 kB
Buffers:           45368 kB
Cached:           282772 kB
MemTotal:        1844596 kB
MemFree:         1277104 kB
MemAvailable:    1480992 kB
Buffers:           45368 kB
Cached:           282772 kB
MemTotal:        1844596 kB
MemFree:         1278328 kB
MemAvailable:    1482216 kB
Buffers:           45368 kB
Cached:           282772 kB
MemTotal:        1844596 kB
MemFree:         1277008 kB
MemAvailable:    1480896 kB
Buffers:           45368 kB
Cached:           282772 kB
MemTotal:        1844596 kB
MemFree:         1277008 kB
MemAvailable:    1480896 kB
Buffers:           45368 kB
Cached:           282772 kB
MemTotal:        1844596 kB
MemFree:         1277136 kB
MemAvailable:    1481024 kB
Buffers:           45368 kB
Cached:           282772 kB
MemTotal:        1844596 kB
MemFree:         1278236 kB
MemAvailable:    1482124 kB
Buffers:           45368 kB
Cached:           282772 kB
MemTotal:        1844596 kB
MemFree:         1278160 kB
MemAvailable:    1482048 kB
Buffers:           45368 kB
Cached:           282772 kB
MemTotal:        1844596 kB
MemFree:         1278624 kB
MemAvailable:    1482512 kB
Buffers:           45368 kB
Cached:           282772 kB
MemTotal:        1844596 kB
MemFree:         1277788 kB
MemAvailable:    1481676 kB
Buffers:           45368 kB
Cached:           282772 kB
MemTotal:        1844596 kB
MemFree:         1283676 kB
MemAvailable:    1487564 kB
Buffers:           45368 kB
Cached:           282772 kB
MemTotal:        1844596 kB
MemFree:         1282452 kB
MemAvailable:    1486340 kB
Buffers:           45368 kB
Cached:           282772 kB
MemTotal:        1844596 kB
MemFree:         1282328 kB
MemAvailable:    1486216 kB
Buffers:           45368 kB
Cached:           282772 kB
MemTotal:        1844596 kB
MemFree:         1283428 kB
MemAvailable:    1487316 kB
Buffers:           45368 kB
Cached:           282772 kB
MemTotal:        1844596 kB
MemFree:         1283428 kB
MemAvailable:    1487316 kB
Buffers:           45368 kB
Cached:           282772 kB
MemTotal:        1844596 kB
MemFree:         1283356 kB
MemAvailable:    1487244 kB
Buffers:           45368 kB
Cached:           282772 kB
MemTotal:        1844596 kB
MemFree:         1282108 kB
MemAvailable:    1485996 kB
Buffers:           45368 kB
Cached:           282772 kB
MemTotal:        1844596 kB
MemFree:         1283340 kB
MemAvailable:    1487228 kB
Buffers:           45368 kB
Cached:           282772 kB
MemTotal:        1844596 kB
MemFree:         1283152 kB
MemAvailable:    1487040 kB
Buffers:           45368 kB
Cached:           282772 kB
MemTotal:        1844596 kB
MemFree:         1283148 kB
MemAvailable:    1487036 kB
Buffers:           45368 kB
Cached:           282772 kB
MemTotal:        1844596 kB
MemFree:         1280464 kB
MemAvailable:    1484352 kB
Buffers:           45368 kB
Cached:           282772 kB
MemTotal:        1844596 kB
MemFree:         1279696 kB
MemAvailable:    1483584 kB
Buffers:           45368 kB
Cached:           282772 kB
MemTotal:        1844596 kB
MemFree:         1279820 kB
MemAvailable:    1483708 kB
Buffers:           45368 kB
Cached:           282772 kB
MemTotal:        1844596 kB
MemFree:         1280928 kB
MemAvailable:    1484816 kB
Buffers:           45368 kB
Cached:           282772 kB
MemTotal:        1844596 kB
MemFree:         1280392 kB
MemAvailable:    1484280 kB
Buffers:           45368 kB
Cached:           282772 kB
MemTotal:        1844596 kB
MemFree:         1280460 kB
MemAvailable:    1484348 kB
Buffers:           45368 kB
Cached:           282772 kB
MemTotal:        1844596 kB
MemFree:         1279212 kB
MemAvailable:    1483100 kB
Buffers:           45368 kB
Cached:           282772 kB
MemTotal:        1844596 kB
MemFree:         1279000 kB
MemAvailable:    1482888 kB
Buffers:           45368 kB
Cached:           282772 kB
MemTotal:        1844596 kB
MemFree:         1279116 kB
MemAvailable:    1483004 kB
Buffers:           45368 kB
Cached:           282772 kB
MemTotal:        1844596 kB
MemFree:         1279968 kB
MemAvailable:    1483856 kB
Buffers:           45368 kB
Cached:           282772 kB
MemTotal:        1844596 kB
MemFree:         1280020 kB
MemAvailable:    1483908 kB
Buffers:           45368 kB
Cached:           282772 kB
MemTotal:        1844596 kB
MemFree:         1279700 kB
MemAvailable:    1483588 kB
Buffers:           45368 kB
Cached:           282772 kB
MemTotal:        1844596 kB
MemFree:         1279700 kB
MemAvailable:    1483588 kB
Buffers:           45368 kB
Cached:           282772 kB
MemTotal:        1844596 kB
MemFree:         1279776 kB
MemAvailable:    1483664 kB
Buffers:           45368 kB
Cached:           282772 kB
MemTotal:        1844596 kB
MemFree:         1278512 kB
MemAvailable:    1482400 kB
Buffers:           45368 kB
Cached:           282772 kB
MemTotal:        1844596 kB
MemFree:         1279952 kB
MemAvailable:    1483840 kB
Buffers:           45368 kB
Cached:           282772 kB
MemTotal:        1844596 kB
MemFree:         1279556 kB
MemAvailable:    1483444 kB
Buffers:           45368 kB
Cached:           282772 kB
MemTotal:        1844596 kB
MemFree:         1278208 kB
MemAvailable:    1482096 kB
Buffers:           45368 kB
Cached:           282772 kB
MemTotal:        1844596 kB
MemFree:         1278532 kB
MemAvailable:    1482420 kB
Buffers:           45368 kB
Cached:           282772 kB
MemTotal:        1844596 kB
MemFree:         1279516 kB
MemAvailable:    1483404 kB
Buffers:           45368 kB
Cached:           282772 kB
MemTotal:        1844596 kB
MemFree:         1278284 kB
MemAvailable:    1482172 kB
Buffers:           45368 kB
Cached:           282772 kB
MemTotal:        1844596 kB
MemFree:         1278848 kB
MemAvailable:    1482740 kB
Buffers:           45368 kB
Cached:           282776 kB
MemTotal:        1844596 kB
MemFree:         1278656 kB
MemAvailable:    1482548 kB
Buffers:           45368 kB
Cached:           282776 kB
MemTotal:        1844596 kB
MemFree:         1279076 kB
MemAvailable:    1482968 kB
Buffers:           45368 kB
Cached:           282776 kB
MemTotal:        1844596 kB
MemFree:         1278152 kB
MemAvailable:    1482044 kB
Buffers:           45368 kB
Cached:           282776 kB
MemTotal:        1844596 kB
MemFree:         1277664 kB
MemAvailable:    1481556 kB
Buffers:           45368 kB
Cached:           282776 kB
MemTotal:        1844596 kB
MemFree:         1278036 kB
MemAvailable:    1481928 kB
Buffers:           45368 kB
Cached:           282776 kB
MemTotal:        1844596 kB
MemFree:         1278904 kB
MemAvailable:    1482796 kB
Buffers:           45368 kB
Cached:           282776 kB
MemTotal:        1844596 kB
MemFree:         1278916 kB
MemAvailable:    1482808 kB
Buffers:           45368 kB
Cached:           282776 kB
MemTotal:        1844596 kB
MemFree:         1277860 kB
MemAvailable:    1481752 kB
Buffers:           45368 kB
Cached:           282776 kB
MemTotal:        1844596 kB
MemFree:         1277648 kB
MemAvailable:    1481540 kB
Buffers:           45368 kB
Cached:           282776 kB
MemTotal:        1844596 kB
MemFree:         1283624 kB
MemAvailable:    1487516 kB
Buffers:           45368 kB
Cached:           282776 kB
MemTotal:        1844596 kB
MemFree:         1283692 kB
MemAvailable:    1487584 kB
Buffers:           45368 kB
Cached:           282776 kB
MemTotal:        1844596 kB
MemFree:         1283608 kB
MemAvailable:    1487500 kB
Buffers:           45368 kB
Cached:           282776 kB
MemTotal:        1844596 kB
MemFree:         1283180 kB
MemAvailable:    1487072 kB
Buffers:           45368 kB
Cached:           282776 kB
MemTotal:        1844596 kB
MemFree:         1283348 kB
MemAvailable:    1487240 kB
Buffers:           45368 kB
Cached:           282776 kB
MemTotal:        1844596 kB
MemFree:         1283416 kB
MemAvailable:    1487308 kB
Buffers:           45368 kB
Cached:           282776 kB
MemTotal:        1844596 kB
MemFree:         1283104 kB
MemAvailable:    1486996 kB
Buffers:           45368 kB
Cached:           282776 kB
MemTotal:        1844596 kB
MemFree:         1283440 kB
MemAvailable:    1487332 kB
Buffers:           45368 kB
Cached:           282776 kB
MemTotal:        1844596 kB
MemFree:         1283416 kB
MemAvailable:    1487308 kB
Buffers:           45368 kB
Cached:           282776 kB
MemTotal:        1844596 kB
MemFree:         1282100 kB
MemAvailable:    1485992 kB
Buffers:           45368 kB
Cached:           282776 kB
MemTotal:        1844596 kB
MemFree:         1283176 kB
MemAvailable:    1487068 kB
Buffers:           45368 kB
Cached:           282776 kB
MemTotal:        1844596 kB
MemFree:         1283428 kB
MemAvailable:    1487320 kB
Buffers:           45368 kB
Cached:           282776 kB
MemTotal:        1844596 kB
MemFree:         1283248 kB
MemAvailable:    1487140 kB
Buffers:           45368 kB
Cached:           282776 kB
MemTotal:        1844596 kB
MemFree:         1283376 kB
MemAvailable:    1487268 kB
Buffers:           45368 kB
Cached:           282776 kB
MemTotal:        1844596 kB
MemFree:         1283288 kB
MemAvailable:    1487180 kB
Buffers:           45368 kB
Cached:           282776 kB
MemTotal:        1844596 kB
MemFree:         1282624 kB
MemAvailable:    1486520 kB
Buffers:           45368 kB
Cached:           282780 kB
MemTotal:        1844596 kB
MemFree:         1281984 kB
MemAvailable:    1485880 kB
Buffers:           45368 kB
Cached:           282780 kB
MemTotal:        1844596 kB
MemFree:         1282108 kB
MemAvailable:    1486004 kB
Buffers:           45368 kB
Cached:           282780 kB
MemTotal:        1844596 kB
MemFree:         1283388 kB
MemAvailable:    1487284 kB
Buffers:           45368 kB
Cached:           282780 kB
MemTotal:        1844596 kB
MemFree:         1283104 kB
MemAvailable:    1487000 kB
Buffers:           45368 kB
Cached:           282780 kB
MemTotal:        1844596 kB
MemFree:         1283244 kB
MemAvailable:    1487140 kB
Buffers:           45368 kB
Cached:           282780 kB
MemTotal:        1844596 kB
MemFree:         1282108 kB
MemAvailable:    1486004 kB
Buffers:           45368 kB
Cached:           282780 kB
MemTotal:        1844596 kB
MemFree:         1283224 kB
MemAvailable:    1487120 kB
Buffers:           45368 kB
Cached:           282780 kB
MemTotal:        1844596 kB
MemFree:         1283004 kB
MemAvailable:    1486900 kB
Buffers:           45368 kB
Cached:           282780 kB
MemTotal:        1844596 kB
MemFree:         1283172 kB
MemAvailable:    1487068 kB
Buffers:           45368 kB
Cached:           282780 kB
MemTotal:        1844596 kB
MemFree:         1283180 kB
MemAvailable:    1487076 kB
Buffers:           45368 kB
Cached:           282780 kB
MemTotal:        1844596 kB
MemFree:         1282948 kB
MemAvailable:    1486844 kB
Buffers:           45368 kB
Cached:           282780 kB
MemTotal:        1844596 kB
MemFree:         1281624 kB
MemAvailable:    1485520 kB
Buffers:           45368 kB
Cached:           282780 kB
MemTotal:        1844596 kB
MemFree:         1282616 kB
MemAvailable:    1486512 kB
Buffers:           45368 kB
Cached:           282780 kB
MemTotal:        1844596 kB
MemFree:         1282136 kB
MemAvailable:    1486032 kB
Buffers:           45368 kB
Cached:           282780 kB
MemTotal:        1844596 kB
MemFree:         1280888 kB
MemAvailable:    1484784 kB
Buffers:           45368 kB
Cached:           282780 kB
MemTotal:        1844596 kB
MemFree:         1279508 kB
MemAvailable:    1483404 kB
Buffers:           45368 kB
Cached:           282780 kB
MemTotal:        1844596 kB
MemFree:         1280552 kB
MemAvailable:    1484448 kB
Buffers:           45368 kB
Cached:           282780 kB
MemTotal:        1844596 kB
MemFree:         1280320 kB
MemAvailable:    1484216 kB
Buffers:           45368 kB
Cached:           282780 kB
MemTotal:        1844596 kB
MemFree:         1280488 kB
MemAvailable:    1484384 kB
Buffers:           45368 kB
Cached:           282780 kB
MemTotal:        1844596 kB
MemFree:         1279012 kB
MemAvailable:    1482908 kB
Buffers:           45368 kB
Cached:           282780 kB
MemTotal:        1844596 kB
MemFree:         1279144 kB
MemAvailable:    1483040 kB
Buffers:           45368 kB
Cached:           282780 kB
MemTotal:        1844596 kB
MemFree:         1280252 kB
MemAvailable:    1484148 kB
Buffers:           45368 kB
Cached:           282780 kB
MemTotal:        1844596 kB
MemFree:         1280244 kB
MemAvailable:    1484140 kB
Buffers:           45368 kB
Cached:           282780 kB
MemTotal:        1844596 kB
MemFree:         1278624 kB
MemAvailable:    1482520 kB
Buffers:           45368 kB
Cached:           282780 kB
MemTotal:        1844596 kB
MemFree:         1279764 kB
MemAvailable:    1483660 kB
Buffers:           45368 kB
Cached:           282780 kB
MemTotal:        1844596 kB
MemFree:         1279848 kB
MemAvailable:    1483744 kB
Buffers:           45368 kB
Cached:           282780 kB
MemTotal:        1844596 kB
MemFree:         1279516 kB
MemAvailable:    1483412 kB
Buffers:           45368 kB
Cached:           282780 kB
MemTotal:        1844596 kB
MemFree:         1279336 kB
MemAvailable:    1483232 kB
Buffers:           45368 kB
Cached:           282780 kB
MemTotal:        1844596 kB
MemFree:         1279588 kB
MemAvailable:    1483484 kB
Buffers:           45368 kB
Cached:           282780 kB
MemTotal:        1844596 kB
MemFree:         1278144 kB
MemAvailable:    1482040 kB
Buffers:           45368 kB
Cached:           282780 kB
MemTotal:        1844596 kB
MemFree:         1278152 kB
MemAvailable:    1482048 kB
Buffers:           45368 kB
Cached:           282780 kB
MemTotal:        1844596 kB
MemFree:         1279260 kB
MemAvailable:    1483156 kB
Buffers:           45368 kB
Cached:           282780 kB
MemTotal:        1844596 kB
MemFree:         1279344 kB
MemAvailable:    1483240 kB
Buffers:           45368 kB
Cached:           282780 kB
MemTotal:        1844596 kB
MemFree:         1279080 kB
MemAvailable:    1482976 kB
Buffers:           45368 kB
Cached:           282780 kB
MemTotal:        1844596 kB
MemFree:         1278900 kB
MemAvailable:    1482796 kB
Buffers:           45368 kB
Cached:           282780 kB
MemTotal:        1844596 kB
MemFree:         1278944 kB
MemAvailable:    1482840 kB
Buffers:           45368 kB
Cached:           282780 kB
MemTotal:        1844596 kB
MemFree:         1278772 kB
MemAvailable:    1482668 kB
Buffers:           45368 kB
Cached:           282780 kB
MemTotal:        1844596 kB
MemFree:         1277880 kB
MemAvailable:    1481776 kB
Buffers:           45368 kB
Cached:           282780 kB
MemTotal:        1844596 kB
MemFree:         1282240 kB
MemAvailable:    1486136 kB
Buffers:           45368 kB
Cached:           282780 kB
MemTotal:        1844596 kB
MemFree:         1283348 kB
MemAvailable:    1487244 kB
Buffers:           45368 kB
Cached:           282780 kB
MemTotal:        1844596 kB
MemFree:         1281956 kB
MemAvailable:    1485852 kB
Buffers:           45368 kB
Cached:           282780 kB
MemTotal:        1844596 kB
MemFree:         1283204 kB
MemAvailable:    1487100 kB
Buffers:           45368 kB
Cached:           282780 kB
MemTotal:        1844596 kB
MemFree:         1283492 kB
MemAvailable:    1487388 kB
Buffers:           45368 kB
Cached:           282780 kB
MemTotal:        1844596 kB
MemFree:         1283368 kB
MemAvailable:    1487264 kB
Buffers:           45368 kB
Cached:           282780 kB
MemTotal:        1844596 kB
MemFree:         1282624 kB
MemAvailable:    1486520 kB
Buffers:           45368 kB
Cached:           282780 kB
MemTotal:        1844596 kB
MemFree:         1283064 kB
MemAvailable:    1486964 kB
Buffers:           45368 kB
Cached:           282784 kB
MemTotal:        1844596 kB
MemFree:         1283400 kB
MemAvailable:    1487300 kB
Buffers:           45368 kB
Cached:           282784 kB
MemTotal:        1844596 kB
MemFree:         1283300 kB
MemAvailable:    1487200 kB
Buffers:           45368 kB
Cached:           282784 kB
MemTotal:        1844596 kB
MemFree:         1283356 kB
MemAvailable:    1487256 kB
Buffers:           45368 kB
Cached:           282784 kB
MemTotal:        1844596 kB
MemFree:         1283228 kB
MemAvailable:    1487128 kB
Buffers:           45368 kB
Cached:           282784 kB
MemTotal:        1844596 kB
MemFree:         1283312 kB
MemAvailable:    1487212 kB
Buffers:           45368 kB
Cached:           282784 kB
MemTotal:        1844596 kB
MemFree:         1283120 kB
MemAvailable:    1487020 kB
Buffers:           45368 kB
Cached:           282784 kB
MemTotal:        1844596 kB
MemFree:         1281744 kB
MemAvailable:    1485644 kB
Buffers:           45368 kB
Cached:           282784 kB
MemTotal:        1844596 kB
MemFree:         1281820 kB
MemAvailable:    1485720 kB
Buffers:           45368 kB
Cached:           282784 kB
MemTotal:        1844596 kB
MemFree:         1283120 kB
MemAvailable:    1487020 kB
Buffers:           45368 kB
Cached:           282784 kB
MemTotal:        1844596 kB
MemFree:         1282500 kB
MemAvailable:    1486400 kB
Buffers:           45368 kB
Cached:           282784 kB
MemTotal:        1844596 kB
MemFree:         1282948 kB
MemAvailable:    1486852 kB
Buffers:           45368 kB
Cached:           282788 kB
MemTotal:        1844596 kB
MemFree:         1283284 kB
MemAvailable:    1487188 kB
Buffers:           45368 kB
Cached:           282788 kB
MemTotal:        1844596 kB
MemFree:         1281004 kB
MemAvailable:    1484908 kB
Buffers:           45368 kB
Cached:           282788 kB
MemTotal:        1844596 kB
MemFree:         1282048 kB
MemAvailable:    1485952 kB
Buffers:           45368 kB
Cached:           282788 kB
MemTotal:        1844596 kB
MemFree:         1279772 kB
MemAvailable:    1483676 kB
Buffers:           45368 kB
Cached:           282788 kB
MemTotal:        1844596 kB
MemFree:         1280808 kB
MemAvailable:    1484712 kB
Buffers:           45368 kB
Cached:           282788 kB
MemTotal:        1844596 kB
MemFree:         1279508 kB
MemAvailable:    1483412 kB
Buffers:           45368 kB
Cached:           282788 kB
MemTotal:        1844596 kB
MemFree:         1279624 kB
MemAvailable:    1483528 kB
Buffers:           45368 kB
Cached:           282788 kB
MemTotal:        1844596 kB
MemFree:         1279276 kB
MemAvailable:    1483180 kB
Buffers:           45368 kB
Cached:           282788 kB
MemTotal:        1844596 kB
MemFree:         1279020 kB
MemAvailable:    1482924 kB
Buffers:           45368 kB
Cached:           282788 kB
MemTotal:        1844596 kB
MemFree:         1278896 kB
MemAvailable:    1482800 kB
Buffers:           45368 kB
Cached:           282788 kB
MemTotal:        1844596 kB
MemFree:         1280096 kB
MemAvailable:    1484000 kB
Buffers:           45368 kB
Cached:           282788 kB
MemTotal:        1844596 kB
MemFree:         1278892 kB
MemAvailable:    1482796 kB
Buffers:           45368 kB
Cached:           282788 kB
MemTotal:        1844596 kB
MemFree:         1280116 kB
MemAvailable:    1484020 kB
Buffers:           45368 kB
Cached:           282788 kB
MemTotal:        1844596 kB
MemFree:         1279716 kB
MemAvailable:    1483620 kB
Buffers:           45368 kB
Cached:           282788 kB
MemTotal:        1844596 kB
MemFree:         1279276 kB
MemAvailable:    1483180 kB
Buffers:           45368 kB
Cached:           282788 kB
MemTotal:        1844596 kB
MemFree:         1278468 kB
MemAvailable:    1482372 kB
Buffers:           45368 kB
Cached:           282788 kB
MemTotal:        1844596 kB
MemFree:         1279776 kB
MemAvailable:    1483680 kB
Buffers:           45368 kB
Cached:           282788 kB
MemTotal:        1844596 kB
MemFree:         1278724 kB
MemAvailable:    1482628 kB
Buffers:           45368 kB
Cached:           282788 kB
MemTotal:        1844596 kB
MemFree:         1279576 kB
MemAvailable:    1483480 kB
Buffers:           45368 kB
Cached:           282788 kB
MemTotal:        1844596 kB
MemFree:         1279400 kB
MemAvailable:    1483304 kB
Buffers:           45368 kB
Cached:           282788 kB
MemTotal:        1844596 kB
MemFree:         1279280 kB
MemAvailable:    1483184 kB
Buffers:           45368 kB
Cached:           282788 kB
MemTotal:        1844596 kB
MemFree:         1279080 kB
MemAvailable:    1482984 kB
Buffers:           45368 kB
Cached:           282788 kB
MemTotal:        1844596 kB
MemFree:         1279080 kB
MemAvailable:    1482984 kB
Buffers:           45372 kB
Cached:           282784 kB
MemTotal:        1844596 kB
MemFree:         1277904 kB
MemAvailable:    1481808 kB
Buffers:           45372 kB
Cached:           282784 kB
MemTotal:        1844596 kB
MemFree:         1278028 kB
MemAvailable:    1481932 kB
Buffers:           45372 kB
Cached:           282784 kB
MemTotal:        1844596 kB
MemFree:         1279028 kB
MemAvailable:    1482932 kB
Buffers:           45372 kB
Cached:           282784 kB
MemTotal:        1844596 kB
MemFree:         1278092 kB
MemAvailable:    1481996 kB
Buffers:           45372 kB
Cached:           282784 kB
MemTotal:        1844596 kB
MemFree:         1277720 kB
MemAvailable:    1481624 kB
Buffers:           45372 kB
Cached:           282784 kB
MemTotal:        1844596 kB
MemFree:         1282212 kB
MemAvailable:    1486116 kB
Buffers:           45372 kB
Cached:           282784 kB
MemTotal:        1844596 kB
MemFree:         1282296 kB
MemAvailable:    1486200 kB
Buffers:           45372 kB
Cached:           282784 kB
MemTotal:        1844596 kB
MemFree:         1282164 kB
MemAvailable:    1486068 kB
Buffers:           45372 kB
Cached:           282784 kB
MemTotal:        1844596 kB
MemFree:         1282288 kB
MemAvailable:    1486192 kB
Buffers:           45372 kB
Cached:           282784 kB
MemTotal:        1844596 kB
MemFree:         1281900 kB
MemAvailable:    1485804 kB
Buffers:           45372 kB
Cached:           282784 kB
MemTotal:        1844596 kB
MemFree:         1282244 kB
MemAvailable:    1486148 kB
Buffers:           45372 kB
Cached:           282784 kB
MemTotal:        1844596 kB
MemFree:         1282940 kB
MemAvailable:    1486852 kB
Buffers:           45372 kB
Cached:           282792 kB
MemTotal:        1844596 kB
MemFree:         1283196 kB
MemAvailable:    1487108 kB
Buffers:           45372 kB
Cached:           282792 kB
MemTotal:        1844596 kB
MemFree:         1281816 kB
MemAvailable:    1485728 kB
Buffers:           45372 kB
Cached:           282792 kB
MemTotal:        1844596 kB
MemFree:         1281824 kB
MemAvailable:    1485736 kB
Buffers:           45372 kB
Cached:           282792 kB
MemTotal:        1844596 kB
MemFree:         1283292 kB
MemAvailable:    1487204 kB
Buffers:           45372 kB
Cached:           282792 kB
MemTotal:        1844596 kB
MemFree:         1283120 kB
MemAvailable:    1487032 kB
Buffers:           45372 kB
Cached:           282792 kB
MemTotal:        1844596 kB
MemFree:         1282500 kB
MemAvailable:    1486412 kB
Buffers:           45372 kB
Cached:           282792 kB
MemTotal:        1844596 kB
MemFree:         1283192 kB
MemAvailable:    1487104 kB
Buffers:           45372 kB
Cached:           282792 kB
MemTotal:        1844596 kB
MemFree:         1283036 kB
MemAvailable:    1486948 kB
Buffers:           45372 kB
Cached:           282792 kB
MemTotal:        1844596 kB
MemFree:         1281728 kB
MemAvailable:    1485640 kB
Buffers:           45372 kB
Cached:           282792 kB
MemTotal:        1844596 kB
MemFree:         1281936 kB
MemAvailable:    1485848 kB
Buffers:           45372 kB
Cached:           282792 kB
MemTotal:        1844596 kB
MemFree:         1281812 kB
MemAvailable:    1485724 kB
Buffers:           45372 kB
Cached:           282792 kB
MemTotal:        1844596 kB
MemFree:         1281972 kB
MemAvailable:    1485884 kB
Buffers:           45372 kB
Cached:           282792 kB
MemTotal:        1844596 kB
MemFree:         1281848 kB
MemAvailable:    1485760 kB
Buffers:           45372 kB
Cached:           282792 kB
MemTotal:        1844596 kB
MemFree:         1283040 kB
MemAvailable:    1486952 kB
Buffers:           45372 kB
Cached:           282792 kB
MemTotal:        1844596 kB
MemFree:         1283128 kB
MemAvailable:    1487040 kB
Buffers:           45372 kB
Cached:           282792 kB
MemTotal:        1844596 kB
MemFree:         1283048 kB
MemAvailable:    1486960 kB
Buffers:           45372 kB
Cached:           282792 kB
MemTotal:        1844596 kB
MemFree:         1281956 kB
MemAvailable:    1485868 kB
Buffers:           45372 kB
Cached:           282792 kB
MemTotal:        1844596 kB
MemFree:         1283160 kB
MemAvailable:    1487072 kB
Buffers:           45372 kB
Cached:           282792 kB
MemTotal:        1844596 kB
MemFree:         1280640 kB
MemAvailable:    1484552 kB
Buffers:           45372 kB
Cached:           282792 kB
MemTotal:        1844596 kB
MemFree:         1278576 kB
MemAvailable:    1482488 kB
Buffers:           45372 kB
Cached:           282792 kB
MemTotal:        1844596 kB
MemFree:         1277152 kB
MemAvailable:    1481064 kB
Buffers:           45372 kB
Cached:           282792 kB
MemTotal:        1844596 kB
MemFree:         1276972 kB
MemAvailable:    1480884 kB
Buffers:           45372 kB
Cached:           282792 kB
MemTotal:        1844596 kB
MemFree:         1275540 kB
MemAvailable:    1479452 kB
Buffers:           45372 kB
Cached:           282792 kB
MemTotal:        1844596 kB
MemFree:         1275532 kB
MemAvailable:    1479444 kB
Buffers:           45372 kB
Cached:           282792 kB
MemTotal:        1844596 kB
MemFree:         1275416 kB
MemAvailable:    1479328 kB
Buffers:           45372 kB
Cached:           282792 kB
MemTotal:        1844596 kB
MemFree:         1275928 kB
MemAvailable:    1479840 kB
Buffers:           45372 kB
Cached:           282792 kB
MemTotal:        1844596 kB
MemFree:         1274928 kB
MemAvailable:    1478840 kB
Buffers:           45372 kB
Cached:           282792 kB
MemTotal:        1844596 kB
MemFree:         1274688 kB
MemAvailable:    1478600 kB
Buffers:           45372 kB
Cached:           282792 kB
MemTotal:        1844596 kB
MemFree:         1272828 kB
MemAvailable:    1476740 kB
Buffers:           45372 kB
Cached:           282792 kB
MemTotal:        1844596 kB
MemFree:         1271960 kB
MemAvailable:    1475872 kB
Buffers:           45372 kB
Cached:           282792 kB
MemTotal:        1844596 kB
MemFree:         1272516 kB
MemAvailable:    1476428 kB
Buffers:           45372 kB
Cached:           282792 kB
MemTotal:        1844596 kB
MemFree:         1272468 kB
MemAvailable:    1476380 kB
Buffers:           45372 kB
Cached:           282792 kB
MemTotal:        1844596 kB
MemFree:         1272180 kB
MemAvailable:    1476092 kB
Buffers:           45372 kB
Cached:           282792 kB
MemTotal:        1844596 kB
MemFree:         1272264 kB
MemAvailable:    1476176 kB
Buffers:           45372 kB
Cached:           282792 kB
MemTotal:        1844596 kB
MemFree:         1270904 kB
MemAvailable:    1474816 kB
Buffers:           45372 kB
Cached:           282792 kB
MemTotal:        1844596 kB
MemFree:         1272012 kB
MemAvailable:    1475924 kB
Buffers:           45372 kB
Cached:           282792 kB
MemTotal:        1844596 kB
MemFree:         1271712 kB
MemAvailable:    1475624 kB
Buffers:           45372 kB
Cached:           282792 kB
MemTotal:        1844596 kB
MemFree:         1271780 kB
MemAvailable:    1475692 kB
Buffers:           45372 kB
Cached:           282792 kB
MemTotal:        1844596 kB
MemFree:         1270700 kB
MemAvailable:    1474612 kB
Buffers:           45372 kB
Cached:           282792 kB
MemTotal:        1844596 kB
MemFree:         1271612 kB
MemAvailable:    1475524 kB
Buffers:           45372 kB
Cached:           282792 kB
MemTotal:        1844596 kB
MemFree:         1271488 kB
MemAvailable:    1475400 kB
Buffers:           45372 kB
Cached:           282792 kB
MemTotal:        1844596 kB
MemFree:         1271332 kB
MemAvailable:    1475244 kB
Buffers:           45372 kB
Cached:           282792 kB
MemTotal:        1844596 kB
MemFree:         1271472 kB
MemAvailable:    1475384 kB
Buffers:           45372 kB
Cached:           282792 kB
MemTotal:        1844596 kB
MemFree:         1271268 kB
MemAvailable:    1475180 kB
Buffers:           45372 kB
Cached:           282792 kB
MemTotal:        1844596 kB
MemFree:         1270092 kB
MemAvailable:    1474004 kB
Buffers:           45372 kB
Cached:           282792 kB
MemTotal:        1844596 kB
MemFree:         1271376 kB
MemAvailable:    1475288 kB
Buffers:           45372 kB
Cached:           282792 kB
MemTotal:        1844596 kB
MemFree:         1271324 kB
MemAvailable:    1475236 kB
Buffers:           45372 kB
Cached:           282792 kB
MemTotal:        1844596 kB
MemFree:         1269836 kB
MemAvailable:    1473748 kB
Buffers:           45372 kB
Cached:           282792 kB
MemTotal:        1844596 kB
MemFree:         1269960 kB
MemAvailable:    1473872 kB
Buffers:           45372 kB
Cached:           282792 kB
MemTotal:        1844596 kB
MemFree:         1270936 kB
MemAvailable:    1474848 kB
Buffers:           45372 kB
Cached:           282792 kB
MemTotal:        1844596 kB
MemFree:         1270348 kB
MemAvailable:    1474260 kB
Buffers:           45372 kB
Cached:           282792 kB
MemTotal:        1844596 kB
MemFree:         1270956 kB
MemAvailable:    1474868 kB
Buffers:           45372 kB
Cached:           282792 kB
MemTotal:        1844596 kB
MemFree:         1269764 kB
MemAvailable:    1473684 kB
Buffers:           45372 kB
Cached:           282800 kB
MemTotal:        1844596 kB
MemFree:         1270980 kB
MemAvailable:    1474900 kB
Buffers:           45372 kB
Cached:           282800 kB
MemTotal:        1844596 kB
MemFree:         1271196 kB
MemAvailable:    1475116 kB
Buffers:           45372 kB
Cached:           282800 kB
MemTotal:        1844596 kB
MemFree:         1269720 kB
MemAvailable:    1473640 kB
Buffers:           45372 kB
Cached:           282800 kB
MemTotal:        1844596 kB
MemFree:         1269804 kB
MemAvailable:    1473724 kB
Buffers:           45372 kB
Cached:           282800 kB
MemTotal:        1844596 kB
MemFree:         1270780 kB
MemAvailable:    1474700 kB
Buffers:           45372 kB
Cached:           282800 kB
MemTotal:        1844596 kB
MemFree:         1270844 kB
MemAvailable:    1474764 kB
Buffers:           45372 kB
Cached:           282800 kB
MemTotal:        1844596 kB
MemFree:         1269664 kB
MemAvailable:    1473584 kB
Buffers:           45372 kB
Cached:           282800 kB
MemTotal:        1844596 kB
MemFree:         1269672 kB
MemAvailable:    1473592 kB
Buffers:           45372 kB
Cached:           282800 kB
MemTotal:        1844596 kB
MemFree:         1271224 kB
MemAvailable:    1475144 kB
Buffers:           45372 kB
Cached:           282800 kB
MemTotal:        1844596 kB
MemFree:         1269664 kB
MemAvailable:    1473584 kB
Buffers:           45372 kB
Cached:           282800 kB
MemTotal:        1844596 kB
MemFree:         1269832 kB
MemAvailable:    1473752 kB
Buffers:           45372 kB
Cached:           282800 kB
MemTotal:        1844596 kB
MemFree:         1271132 kB
MemAvailable:    1475052 kB
Buffers:           45372 kB
Cached:           282800 kB
MemTotal:        1844596 kB
MemFree:         1270224 kB
MemAvailable:    1474144 kB
Buffers:           45372 kB
Cached:           282800 kB
MemTotal:        1844596 kB
MemFree:         1271084 kB
MemAvailable:    1475004 kB
Buffers:           45372 kB
Cached:           282800 kB
MemTotal:        1844596 kB
MemFree:         1271084 kB
MemAvailable:    1475004 kB
Buffers:           45372 kB
Cached:           282800 kB
MemTotal:        1844596 kB
MemFree:         1271152 kB
MemAvailable:    1475072 kB
Buffers:           45372 kB
Cached:           282800 kB
MemTotal:        1844596 kB
MemFree:         1270348 kB
MemAvailable:    1474268 kB
Buffers:           45372 kB
Cached:           282800 kB
MemTotal:        1844596 kB
MemFree:         1270092 kB
MemAvailable:    1474016 kB
Buffers:           45372 kB
Cached:           282804 kB
MemTotal:        1844596 kB
MemFree:         1271268 kB
MemAvailable:    1475192 kB
Buffers:           45372 kB
Cached:           282804 kB
MemTotal:        1844596 kB
MemFree:         1269712 kB
MemAvailable:    1473636 kB
Buffers:           45372 kB
Cached:           282804 kB
MemTotal:        1844596 kB
MemFree:         1270832 kB
MemAvailable:    1474756 kB
Buffers:           45372 kB
Cached:           282804 kB
MemTotal:        1844596 kB
MemFree:         1271008 kB
MemAvailable:    1474932 kB
Buffers:           45372 kB
Cached:           282804 kB
MemTotal:        1844596 kB
MemFree:         1269784 kB
MemAvailable:    1473708 kB
Buffers:           45372 kB
Cached:           282804 kB
MemTotal:        1844596 kB
MemFree:         1269780 kB
MemAvailable:    1473704 kB
Buffers:           45372 kB
Cached:           282804 kB
MemTotal:        1844596 kB
MemFree:         1270984 kB
MemAvailable:    1474908 kB
Buffers:           45372 kB
Cached:           282804 kB
MemTotal:        1844596 kB
MemFree:         1270472 kB
MemAvailable:    1474396 kB
Buffers:           45372 kB
Cached:           282804 kB
MemTotal:        1844596 kB
MemFree:         1270872 kB
MemAvailable:    1474796 kB
Buffers:           45372 kB
Cached:           282804 kB
MemTotal:        1844596 kB
MemFree:         1271044 kB
MemAvailable:    1474968 kB
Buffers:           45372 kB
Cached:           282804 kB
MemTotal:        1844596 kB
