MemTotal:        1844596 kB
MemFree:         1384264 kB
MemAvailable:    1585796 kB
Buffers:           45184 kB
Cached:           280632 kB
MemTotal:        1844596 kB
MemFree:         1381336 kB
MemAvailable:    1582868 kB
Buffers:           45184 kB
Cached:           280632 kB
MemTotal:        1844596 kB
MemFree:         1380716 kB
MemAvailable:    1582248 kB
Buffers:           45184 kB
Cached:           280632 kB
MemTotal:        1844596 kB
MemFree:         1377988 kB
MemAvailable:    1579520 kB
Buffers:           45184 kB
Cached:           280632 kB
MemTotal:        1844596 kB
MemFree:         1379040 kB
MemAvailable:    1580572 kB
Buffers:           45184 kB
Cached:           280632 kB
MemTotal:        1844596 kB
MemFree:         1378112 kB
MemAvailable:    1579644 kB
Buffers:           45184 kB
Cached:           280632 kB
MemTotal:        1844596 kB
MemFree:         1375368 kB
MemAvailable:    1576908 kB
Buffers:           45184 kB
Cached:           280636 kB
MemTotal:        1844596 kB
MemFree:         1375580 kB
MemAvailable:    1577120 kB
Buffers:           45184 kB
Cached:           280636 kB
MemTotal:        1844596 kB
MemFree:         1372284 kB
MemAvailable:    1573824 kB
Buffers:           45184 kB
Cached:           280636 kB
MemTotal:        1844596 kB
MemFree:         1367448 kB
MemAvailable:    1568988 kB
Buffers:           45184 kB
Cached:           280636 kB
MemTotal:        1844596 kB
MemFree:         1368932 kB
MemAvailable:    1570472 kB
Buffers:           45184 kB
Cached:           280636 kB
MemTotal:        1844596 kB
MemFree:         1369912 kB
MemAvailable:    1571452 kB
Buffers:           45184 kB
Cached:           280636 kB
MemTotal:        1844596 kB
MemFree:         1370248 kB
MemAvailable:    1571788 kB
Buffers:           45184 kB
Cached:           280636 kB
MemTotal:        1844596 kB
MemFree:         1369012 kB
MemAvailable:    1570552 kB
Buffers:           45184 kB
Cached:           280636 kB
MemTotal:        1844596 kB
MemFree:         1368888 kB
MemAvailable:    1570428 kB
Buffers:           45184 kB
Cached:           280636 kB
MemTotal:        1844596 kB
MemFree:         1369376 kB
MemAvailable:    1570916 kB
Buffers:           45184 kB
Cached:           280636 kB
MemTotal:        1844596 kB
MemFree:         1369732 kB
MemAvailable:    1571272 kB
Buffers:           45184 kB
Cached:           280636 kB
MemTotal:        1844596 kB
MemFree:         1369308 kB
MemAvailable:    1570848 kB
Buffers:           45184 kB
Cached:           280636 kB
MemTotal:        1844596 kB
MemFree:         1368128 kB
MemAvailable:    1569668 kB
Buffers:           45184 kB
Cached:           280636 kB
MemTotal:        1844596 kB
MemFree:         1368376 kB
MemAvailable:    1569916 kB
Buffers:           45184 kB
Cached:           280636 kB
MemTotal:        1844596 kB
MemFree:         1368440 kB
MemAvailable:    1569980 kB
Buffers:           45184 kB
Cached:           280636 kB
MemTotal:        1844596 kB
MemFree:         1367936 kB
MemAvailable:    1569476 kB
Buffers:           45184 kB
Cached:           280636 kB
MemTotal:        1844596 kB
MemFree:         1367936 kB
MemAvailable:    1569476 kB
Buffers:           45184 kB
Cached:           280636 kB
MemTotal:        1844596 kB
MemFree:         1367516 kB
MemAvailable:    1569056 kB
Buffers:           45184 kB
Cached:           280636 kB
MemTotal:        1844596 kB
MemFree:         1367772 kB
MemAvailable:    1569312 kB
Buffers:           45184 kB
Cached:           280636 kB
MemTotal:        1844596 kB
MemFree:         1367744 kB
MemAvailable:    1569284 kB
Buffers:           45184 kB
Cached:           280636 kB
MemTotal:        1844596 kB
MemFree:         1367432 kB
MemAvailable:    1568972 kB
Buffers:           45184 kB
Cached:           280636 kB
MemTotal:        1844596 kB
MemFree:         1367432 kB
MemAvailable:    1568972 kB
Buffers:           45184 kB
Cached:           280636 kB
MemTotal:        1844596 kB
MemFree:         1367744 kB
MemAvailable:    1569284 kB
Buffers:           45184 kB
Cached:           280636 kB
MemTotal:        1844596 kB
MemFree:         1367636 kB
MemAvailable:    1569176 kB
Buffers:           45184 kB
Cached:           280636 kB
MemTotal:        1844596 kB
MemFree:         1366952 kB
MemAvailable:    1568492 kB
Buffers:           45184 kB
Cached:           280636 kB
MemTotal:        1844596 kB
MemFree:         1367420 kB
MemAvailable:    1568960 kB
Buffers:           45184 kB
Cached:           280636 kB
MemTotal:        1844596 kB
MemFree:         1367756 kB
MemAvailable:    1569296 kB
Buffers:           45184 kB
Cached:           280636 kB
MemTotal:        1844596 kB
MemFree:         1362968 kB
MemAvailable:    1564508 kB
Buffers:           45184 kB
Cached:           280636 kB
MemTotal:        1844596 kB
MemFree:         1362968 kB
MemAvailable:    1564508 kB
Buffers:           45184 kB
Cached:           280636 kB
MemTotal:        1844596 kB
MemFree:         1362680 kB
MemAvailable:    1564220 kB
Buffers:           45184 kB
Cached:           280636 kB
MemTotal:        1844596 kB
MemFree:         1362740 kB
MemAvailable:    1564280 kB
Buffers:           45184 kB
Cached:           280636 kB
MemTotal:        1844596 kB
MemFree:         1361564 kB
MemAvailable:    1563104 kB
Buffers:           45184 kB
Cached:           280636 kB
MemTotal:        1844596 kB
MemFree:         1361680 kB
MemAvailable:    1563220 kB
Buffers:           45184 kB
Cached:           280636 kB
MemTotal:        1844596 kB
MemFree:         1361564 kB
MemAvailable:    1563104 kB
Buffers:           45184 kB
Cached:           280636 kB
MemTotal:        1844596 kB
MemFree:         1362600 kB
MemAvailable:    1564140 kB
Buffers:           45184 kB
Cached:           280636 kB
MemTotal:        1844596 kB
MemFree:         1361496 kB
MemAvailable:    1563036 kB
Buffers:           45184 kB
Cached:           280636 kB
MemTotal:        1844596 kB
MemFree:         1361976 kB
MemAvailable:    1563520 kB
Buffers:           45184 kB
Cached:           280640 kB
MemTotal:        1844596 kB
MemFree:         1361976 kB
MemAvailable:    1563520 kB
Buffers:           45184 kB
Cached:           280640 kB
MemTotal:        1844596 kB
MemFree:         1361688 kB
MemAvailable:    1563232 kB
Buffers:           45184 kB
Cached:           280640 kB
MemTotal:        1844596 kB
MemFree:         1360440 kB
MemAvailable:    1561984 kB
Buffers:           45184 kB
Cached:           280640 kB
MemTotal:        1844596 kB
MemFree:         1361708 kB
MemAvailable:    1563252 kB
Buffers:           45184 kB
Cached:           280640 kB
MemTotal:        1844596 kB
MemFree:         1361708 kB
MemAvailable:    1563252 kB
Buffers:           45184 kB
Cached:           280640 kB
MemTotal:        1844596 kB
MemFree:         1361472 kB
MemAvailable:    1563016 kB
Buffers:           45184 kB
Cached:           280640 kB
MemTotal:        1844596 kB
MemFree:         1361728 kB
MemAvailable:    1563272 kB
Buffers:           45184 kB
Cached:           280640 kB
MemTotal:        1844596 kB
MemFree:         1361208 kB
MemAvailable:    1562752 kB
Buffers:           45184 kB
Cached:           280640 kB
MemTotal:        1844596 kB
MemFree:         1361208 kB
MemAvailable:    1562752 kB
Buffers:           45184 kB
Cached:           280640 kB
MemTotal:        1844596 kB
MemFree:         1360096 kB
MemAvailable:    1561640 kB
Buffers:           45184 kB
Cached:           280640 kB
MemTotal:        1844596 kB
MemFree:         1361232 kB
MemAvailable:    1562776 kB
Buffers:           45184 kB
Cached:           280640 kB
MemTotal:        1844596 kB
MemFree:         1361004 kB
MemAvailable:    1562548 kB
Buffers:           45184 kB
Cached:           280640 kB
MemTotal:        1844596 kB
MemFree:         1360996 kB
MemAvailable:    1562540 kB
Buffers:           45184 kB
Cached:           280640 kB
MemTotal:        1844596 kB
MemFree:         1361056 kB
MemAvailable:    1562600 kB
Buffers:           45184 kB
Cached:           280640 kB
MemTotal:        1844596 kB
MemFree:         1360884 kB
MemAvailable:    1562428 kB
Buffers:           45184 kB
Cached:           280640 kB
MemTotal:        1844596 kB
MemFree:         1360812 kB
MemAvailable:    1562356 kB
Buffers:           45184 kB
Cached:           280640 kB
MemTotal:        1844596 kB
MemFree:         1361148 kB
MemAvailable:    1562692 kB
Buffers:           45184 kB
Cached:           280640 kB
MemTotal:        1844596 kB
MemFree:         1360932 kB
MemAvailable:    1562476 kB
Buffers:           45184 kB
Cached:           280640 kB
MemTotal:        1844596 kB
MemFree:         1360752 kB
MemAvailable:    1562296 kB
Buffers:           45184 kB
Cached:           280640 kB
MemTotal:        1844596 kB
MemFree:         1358760 kB
MemAvailable:    1560304 kB
Buffers:           45184 kB
Cached:           280640 kB
MemTotal:        1844596 kB
MemFree:         1354304 kB
MemAvailable:    1555848 kB
Buffers:           45184 kB
Cached:           280640 kB
MemTotal:        1844596 kB
MemFree:         1355032 kB
MemAvailable:    1556576 kB
Buffers:           45184 kB
Cached:           280640 kB
MemTotal:        1844596 kB
MemFree:         1355032 kB
MemAvailable:    1556576 kB
Buffers:           45184 kB
Cached:           280640 kB
MemTotal:        1844596 kB
MemFree:         1354744 kB
MemAvailable:    1556288 kB
Buffers:           45184 kB
Cached:           280640 kB
MemTotal:        1844596 kB
MemFree:         1354488 kB
MemAvailable:    1556032 kB
Buffers:           45184 kB
Cached:           280640 kB
MemTotal:        1844596 kB
MemFree:         1353056 kB
MemAvailable:    1554600 kB
Buffers:           45184 kB
Cached:           280640 kB
MemTotal:        1844596 kB
MemFree:         1353980 kB
MemAvailable:    1555524 kB
Buffers:           45184 kB
Cached:           280640 kB
MemTotal:        1844596 kB
MemFree:         1354148 kB
MemAvailable:    1555692 kB
Buffers:           45184 kB
Cached:           280640 kB
MemTotal:        1844596 kB
MemFree:         1354044 kB
MemAvailable:    1555588 kB
Buffers:           45184 kB
Cached:           280640 kB
MemTotal:        1844596 kB
MemFree:         1352796 kB
MemAvailable:    1554340 kB
Buffers:           45184 kB
Cached:           280640 kB
MemTotal:        1844596 kB
MemFree:         1353036 kB
MemAvailable:    1554580 kB
Buffers:           45184 kB
Cached:           280640 kB
MemTotal:        1844596 kB
MemFree:         1353496 kB
MemAvailable:    1555040 kB
Buffers:           45184 kB
Cached:           280640 kB
MemTotal:        1844596 kB
MemFree:         1353428 kB
MemAvailable:    1554972 kB
Buffers:           45184 kB
Cached:           280640 kB
MemTotal:        1844596 kB
MemFree:         1351444 kB
MemAvailable:    1552988 kB
Buffers:           45184 kB
Cached:           280640 kB
MemTotal:        1844596 kB
MemFree:         1351444 kB
MemAvailable:    1552988 kB
Buffers:           45184 kB
Cached:           280640 kB
MemTotal:        1844596 kB
MemFree:         1350584 kB
MemAvailable:    1552128 kB
Buffers:           45184 kB
Cached:           280640 kB
MemTotal:        1844596 kB
MemFree:         1351444 kB
MemAvailable:    1552988 kB
Buffers:           45184 kB
Cached:           280640 kB
MemTotal:        1844596 kB
MemFree:         1351332 kB
MemAvailable:    1552876 kB
Buffers:           45184 kB
Cached:           280640 kB
MemTotal:        1844596 kB
MemFree:         1350460 kB
MemAvailable:    1552004 kB
Buffers:           45184 kB
Cached:           280640 kB
MemTotal:        1844596 kB
MemFree:         1351148 kB
MemAvailable:    1552692 kB
Buffers:           45184 kB
Cached:           280640 kB
MemTotal:        1844596 kB
MemFree:         1350324 kB
MemAvailable:    1551868 kB
Buffers:           45184 kB
Cached:           280640 kB
MemTotal:        1844596 kB
MemFree:         1350192 kB
MemAvailable:    1551736 kB
Buffers:           45184 kB
Cached:           280640 kB
MemTotal:        1844596 kB
MemFree:         1350192 kB
MemAvailable:    1551736 kB
Buffers:           45184 kB
Cached:           280640 kB
MemTotal:        1844596 kB
MemFree:         1350184 kB
MemAvailable:    1551728 kB
Buffers:           45184 kB
Cached:           280640 kB
MemTotal:        1844596 kB
MemFree:         1351252 kB
MemAvailable:    1552796 kB
Buffers:           45184 kB
Cached:           280640 kB
MemTotal:        1844596 kB
MemFree:         1351504 kB
MemAvailable:    1553048 kB
Buffers:           45184 kB
Cached:           280640 kB
MemTotal:        1844596 kB
MemFree:         1350024 kB
MemAvailable:    1551568 kB
Buffers:           45184 kB
Cached:           280640 kB
MemTotal:        1844596 kB
MemFree:         1351376 kB
MemAvailable:    1552920 kB
Buffers:           45184 kB
Cached:           280640 kB
MemTotal:        1844596 kB
MemFree:         1351244 kB
MemAvailable:    1552788 kB
Buffers:           45184 kB
Cached:           280640 kB
MemTotal:        1844596 kB
MemFree:         1351268 kB
MemAvailable:    1552812 kB
Buffers:           45184 kB
Cached:           280640 kB
MemTotal:        1844596 kB
MemFree:         1350884 kB
MemAvailable:    1552428 kB
Buffers:           45184 kB
Cached:           280640 kB
MemTotal:        1844596 kB
MemFree:         1350752 kB
MemAvailable:    1552296 kB
Buffers:           45184 kB
Cached:           280640 kB
MemTotal:        1844596 kB
MemFree:         1349220 kB
MemAvailable:    1550764 kB
Buffers:           45184 kB
Cached:           280640 kB
MemTotal:        1844596 kB
MemFree:         1349824 kB
MemAvailable:    1551368 kB
Buffers:           45184 kB
Cached:           280640 kB
MemTotal:        1844596 kB
MemFree:         1349908 kB
MemAvailable:    1551452 kB
Buffers:           45184 kB
Cached:           280640 kB
MemTotal:        1844596 kB
MemFree:         1349660 kB
MemAvailable:    1551204 kB
Buffers:           45184 kB
Cached:           280640 kB
MemTotal:        1844596 kB
MemFree:         1348412 kB
MemAvailable:    1549956 kB
Buffers:           45184 kB
Cached:           280640 kB
MemTotal:        1844596 kB
MemFree:         1348412 kB
MemAvailable:    1549956 kB
Buffers:           45184 kB
Cached:           280640 kB
MemTotal:        1844596 kB
MemFree:         1349080 kB
MemAvailable:    1550624 kB
Buffers:           45184 kB
Cached:           280640 kB
MemTotal:        1844596 kB
MemFree:         1348700 kB
MemAvailable:    1550244 kB
Buffers:           45184 kB
Cached:           280640 kB
MemTotal:        1844596 kB
MemFree:         1349036 kB
MemAvailable:    1550580 kB
Buffers:           45184 kB
Cached:           280640 kB
MemTotal:        1844596 kB
MemFree:         1347536 kB
MemAvailable:    1549080 kB
Buffers:           45184 kB
Cached:           280640 kB
MemTotal:        1844596 kB
MemFree:         1347292 kB
MemAvailable:    1548836 kB
Buffers:           45184 kB
Cached:           280640 kB
MemTotal:        1844596 kB
MemFree:         1347292 kB
MemAvailable:    1548836 kB
Buffers:           45184 kB
Cached:           280640 kB
MemTotal:        1844596 kB
MemFree:         1348560 kB
MemAvailable:    1550104 kB
Buffers:           45184 kB
Cached:           280640 kB
MemTotal:        1844596 kB
MemFree:         1348560 kB
MemAvailable:    1550104 kB
Buffers:           45184 kB
Cached:           280640 kB
MemTotal:        1844596 kB
MemFree:         1348352 kB
MemAvailable:    1549896 kB
Buffers:           45184 kB
Cached:           280640 kB
MemTotal:        1844596 kB
MemFree:         1348280 kB
MemAvailable:    1549824 kB
Buffers:           45184 kB
Cached:           280640 kB
MemTotal:        1844596 kB
MemFree:         1346864 kB
MemAvailable:    1548408 kB
Buffers:           45184 kB
Cached:           280640 kB
MemTotal:        1844596 kB
MemFree:         1344368 kB
MemAvailable:    1545912 kB
Buffers:           45184 kB
Cached:           280640 kB
MemTotal:        1844596 kB
MemFree:         1344456 kB
MemAvailable:    1546000 kB
Buffers:           45184 kB
Cached:           280640 kB
MemTotal:        1844596 kB
MemFree:         1339672 kB
MemAvailable:    1541216 kB
Buffers:           45184 kB
Cached:           280640 kB
MemTotal:        1844596 kB
MemFree:         1338184 kB
MemAvailable:    1539732 kB
Buffers:           45184 kB
Cached:           280648 kB
MemTotal:        1844596 kB
MemFree:         1337688 kB
MemAvailable:    1539236 kB
Buffers:           45184 kB
Cached:           280648 kB
MemTotal:        1844596 kB
MemFree:         1338796 kB
MemAvailable:    1540344 kB
Buffers:           45184 kB
Cached:           280648 kB
MemTotal:        1844596 kB
MemFree:         1338796 kB
MemAvailable:    1540344 kB
Buffers:           45184 kB
Cached:           280648 kB
MemTotal:        1844596 kB
MemFree:         1337516 kB
MemAvailable:    1539064 kB
Buffers:           45184 kB
Cached:           280648 kB
MemTotal:        1844596 kB
MemFree:         1337508 kB
MemAvailable:    1539056 kB
Buffers:           45184 kB
Cached:           280648 kB
MemTotal:        1844596 kB
MemFree:         1338368 kB
MemAvailable:    1539916 kB
Buffers:           45184 kB
Cached:           280648 kB
MemTotal:        1844596 kB
MemFree:         1336572 kB
MemAvailable:    1538120 kB
Buffers:           45184 kB
Cached:           280648 kB
MemTotal:        1844596 kB
MemFree:         1336440 kB
MemAvailable:    1537988 kB
Buffers:           45184 kB
Cached:           280648 kB
MemTotal:        1844596 kB
MemFree:         1336908 kB
MemAvailable:    1538456 kB
Buffers:           45184 kB
Cached:           280648 kB
MemTotal:        1844596 kB
MemFree:         1336572 kB
MemAvailable:    1538120 kB
Buffers:           45184 kB
Cached:           280648 kB
MemTotal:        1844596 kB
MemFree:         1336992 kB
MemAvailable:    1538540 kB
Buffers:           45184 kB
Cached:           280648 kB
MemTotal:        1844596 kB
MemFree:         1335560 kB
MemAvailable:    1537108 kB
Buffers:           45184 kB
Cached:           280648 kB
MemTotal:        1844596 kB
MemFree:         1336944 kB
MemAvailable:    1538492 kB
Buffers:           45184 kB
Cached:           280648 kB
MemTotal:        1844596 kB
MemFree:         1336656 kB
MemAvailable:    1538204 kB
Buffers:           45184 kB
Cached:           280648 kB
MemTotal:        1844596 kB
MemFree:         1336992 kB
MemAvailable:    1538540 kB
Buffers:           45184 kB
Cached:           280648 kB
MemTotal:        1844596 kB
MemFree:         1336764 kB
MemAvailable:    1538312 kB
Buffers:           45184 kB
Cached:           280648 kB
MemTotal:        1844596 kB
MemFree:         1337020 kB
MemAvailable:    1538568 kB
Buffers:           45184 kB
Cached:           280648 kB
MemTotal:        1844596 kB
MemFree:         1336792 kB
MemAvailable:    1538340 kB
Buffers:           45184 kB
Cached:           280648 kB
MemTotal:        1844596 kB
MemFree:         1336572 kB
MemAvailable:    1538120 kB
Buffers:           45184 kB
Cached:           280648 kB
MemTotal:        1844596 kB
MemFree:         1335648 kB
MemAvailable:    1537196 kB
Buffers:           45184 kB
Cached:           280648 kB
MemTotal:        1844596 kB
MemFree:         1336888 kB
MemAvailable:    1538436 kB
Buffers:           45184 kB
Cached:           280648 kB
MemTotal:        1844596 kB
MemFree:         1336824 kB
MemAvailable:    1538372 kB
Buffers:           45184 kB
Cached:           280648 kB
MemTotal:        1844596 kB
MemFree:         1336888 kB
MemAvailable:    1538436 kB
Buffers:           45184 kB
Cached:           280648 kB
MemTotal:        1844596 kB
MemFree:         1337040 kB
MemAvailable:    1538588 kB
Buffers:           45184 kB
Cached:           280648 kB
MemTotal:        1844596 kB
MemFree:         1335684 kB
MemAvailable:    1537232 kB
Buffers:           45184 kB
Cached:           280648 kB
MemTotal:        1844596 kB
MemFree:         1335076 kB
MemAvailable:    1536624 kB
Buffers:           45184 kB
Cached:           280648 kB
MemTotal:        1844596 kB
MemFree:         1333348 kB
MemAvailable:    1534896 kB
Buffers:           45184 kB
Cached:           280648 kB
MemTotal:        1844596 kB
MemFree:         1330124 kB
MemAvailable:    1531672 kB
Buffers:           45184 kB
Cached:           280648 kB
MemTotal:        1844596 kB
MemFree:         1327264 kB
MemAvailable:    1528812 kB
Buffers:           45184 kB
Cached:           280648 kB
MemTotal:        1844596 kB
MemFree:         1325464 kB
MemAvailable:    1527012 kB
Buffers:           45184 kB
Cached:           280648 kB
MemTotal:        1844596 kB
MemFree:         1324776 kB
MemAvailable:    1526324 kB
Buffers:           45184 kB
Cached:           280648 kB
MemTotal:        1844596 kB
MemFree:         1324860 kB
MemAvailable:    1526408 kB
Buffers:           45184 kB
Cached:           280648 kB
MemTotal:        1844596 kB
MemFree:         1324724 kB
MemAvailable:    1526272 kB
Buffers:           45184 kB
Cached:           280648 kB
MemTotal:        1844596 kB
MemFree:         1324792 kB
MemAvailable:    1526340 kB
Buffers:           45184 kB
Cached:           280648 kB
MemTotal:        1844596 kB
MemFree:         1323496 kB
MemAvailable:    1525044 kB
Buffers:           45184 kB
Cached:           280648 kB
MemTotal:        1844596 kB
MemFree:         1324772 kB
MemAvailable:    1526320 kB
Buffers:           45184 kB
Cached:           280648 kB
MemTotal:        1844596 kB
MemFree:         1324772 kB
MemAvailable:    1526320 kB
Buffers:           45184 kB
Cached:           280648 kB
MemTotal:        1844596 kB
MemFree:         1324744 kB
MemAvailable:    1526292 kB
Buffers:           45184 kB
Cached:           280648 kB
MemTotal:        1844596 kB
MemFree:         1324672 kB
MemAvailable:    1526220 kB
Buffers:           45184 kB
Cached:           280648 kB
MemTotal:        1844596 kB
MemFree:         1323240 kB
MemAvailable:    1524788 kB
Buffers:           45184 kB
Cached:           280648 kB
MemTotal:        1844596 kB
MemFree:         1323232 kB
MemAvailable:    1524780 kB
Buffers:           45184 kB
Cached:           280648 kB
MemTotal:        1844596 kB
MemFree:         1323108 kB
MemAvailable:    1524656 kB
Buffers:           45184 kB
Cached:           280648 kB
MemTotal:        1844596 kB
MemFree:         1324260 kB
MemAvailable:    1525808 kB
Buffers:           45184 kB
Cached:           280648 kB
MemTotal:        1844596 kB
MemFree:         1323132 kB
MemAvailable:    1524680 kB
Buffers:           45184 kB
Cached:           280648 kB
MemTotal:        1844596 kB
MemFree:         1324296 kB
MemAvailable:    1525844 kB
Buffers:           45184 kB
Cached:           280648 kB
MemTotal:        1844596 kB
MemFree:         1323552 kB
MemAvailable:    1525100 kB
Buffers:           45184 kB
Cached:           280648 kB
MemTotal:        1844596 kB
MemFree:         1324104 kB
MemAvailable:    1525652 kB
Buffers:           45184 kB
Cached:           280648 kB
MemTotal:        1844596 kB
MemFree:         1324048 kB
MemAvailable:    1525596 kB
Buffers:           45184 kB
Cached:           280648 kB
MemTotal:        1844596 kB
MemFree:         1324344 kB
MemAvailable:    1525892 kB
Buffers:           45184 kB
Cached:           280648 kB
MemTotal:        1844596 kB
MemFree:         1323056 kB
MemAvailable:    1524604 kB
Buffers:           45184 kB
Cached:           280648 kB
MemTotal:        1844596 kB
MemFree:         1322932 kB
MemAvailable:    1524480 kB
Buffers:           45184 kB
Cached:           280648 kB
MemTotal:        1844596 kB
MemFree:         1324316 kB
MemAvailable:    1525864 kB
Buffers:           45184 kB
Cached:           280648 kB
MemTotal:        1844596 kB
MemFree:         1323132 kB
MemAvailable:    1524680 kB
Buffers:           45184 kB
Cached:           280648 kB
MemTotal:        1844596 kB
MemFree:         1323132 kB
MemAvailable:    1524680 kB
Buffers:           45184 kB
Cached:           280648 kB
MemTotal:        1844596 kB
MemFree:         1323056 kB
MemAvailable:    1524604 kB
Buffers:           45184 kB
Cached:           280648 kB
MemTotal:        1844596 kB
MemFree:         1324316 kB
MemAvailable:    1525864 kB
Buffers:           45184 kB
Cached:           280648 kB
MemTotal:        1844596 kB
MemFree:         1323136 kB
MemAvailable:    1524684 kB
Buffers:           45184 kB
Cached:           280648 kB
MemTotal:        1844596 kB
MemFree:         1323128 kB
MemAvailable:    1524676 kB
Buffers:           45184 kB
Cached:           280648 kB
MemTotal:        1844596 kB
MemFree:         1323004 kB
MemAvailable:    1524552 kB
Buffers:           45184 kB
Cached:           280648 kB
MemTotal:        1844596 kB
MemFree:         1322996 kB
MemAvailable:    1524544 kB
Buffers:           45184 kB
Cached:           280648 kB
MemTotal:        1844596 kB
MemFree:         1324156 kB
MemAvailable:    1525704 kB
Buffers:           45184 kB
Cached:           280648 kB
MemTotal:        1844596 kB
MemFree:         1324408 kB
MemAvailable:    1525956 kB
Buffers:           45184 kB
Cached:           280648 kB
MemTotal:        1844596 kB
MemFree:         1322868 kB
MemAvailable:    1524416 kB
Buffers:           45184 kB
Cached:           280648 kB
MemTotal:        1844596 kB
MemFree:         1321304 kB
MemAvailable:    1522852 kB
Buffers:           45184 kB
Cached:           280648 kB
MemTotal:        1844596 kB
MemFree:         1320576 kB
MemAvailable:    1522124 kB
Buffers:           45184 kB
Cached:           280648 kB
MemTotal:        1844596 kB
MemFree:         1317040 kB
MemAvailable:    1518588 kB
Buffers:           45184 kB
Cached:           280648 kB
MemTotal:        1844596 kB
MemFree:         1313996 kB
MemAvailable:    1515544 kB
Buffers:           45184 kB
Cached:           280648 kB
MemTotal:        1844596 kB
MemFree:         1313864 kB
MemAvailable:    1515412 kB
Buffers:           45184 kB
Cached:           280648 kB
MemTotal:        1844596 kB
MemFree:         1313632 kB
MemAvailable:    1515180 kB
Buffers:           45184 kB
Cached:           280648 kB
MemTotal:        1844596 kB
MemFree:         1313728 kB
MemAvailable:    1515276 kB
Buffers:           45184 kB
Cached:           280648 kB
MemTotal:        1844596 kB
MemFree:         1313980 kB
MemAvailable:    1515528 kB
Buffers:           45184 kB
Cached:           280648 kB
MemTotal:        1844596 kB
MemFree:         1313868 kB
MemAvailable:    1515416 kB
Buffers:           45184 kB
Cached:           280648 kB
MemTotal:        1844596 kB
MemFree:         1313792 kB
MemAvailable:    1515340 kB
Buffers:           45184 kB
Cached:           280648 kB
MemTotal:        1844596 kB
MemFree:         1314012 kB
MemAvailable:    1515560 kB
Buffers:           45184 kB
Cached:           280648 kB
MemTotal:        1844596 kB
MemFree:         1313900 kB
MemAvailable:    1515460 kB
Buffers:           45184 kB
Cached:           280660 kB
MemTotal:        1844596 kB
MemFree:         1313004 kB
MemAvailable:    1514564 kB
Buffers:           45184 kB
Cached:           280660 kB
MemTotal:        1844596 kB
MemFree:         1313716 kB
MemAvailable:    1515276 kB
Buffers:           45184 kB
Cached:           280660 kB
MemTotal:        1844596 kB
MemFree:         1312508 kB
MemAvailable:    1514068 kB
Buffers:           45184 kB
Cached:           280660 kB
MemTotal:        1844596 kB
MemFree:         1313616 kB
MemAvailable:    1515176 kB
Buffers:           45184 kB
Cached:           280660 kB
MemTotal:        1844596 kB
MemFree:         1313956 kB
MemAvailable:    1515516 kB
Buffers:           45184 kB
Cached:           280660 kB
MemTotal:        1844596 kB
MemFree:         1313928 kB
MemAvailable:    1515488 kB
Buffers:           45184 kB
Cached:           280660 kB
MemTotal:        1844596 kB
MemFree:         1312704 kB
MemAvailable:    1514264 kB
Buffers:           45184 kB
Cached:           280660 kB
MemTotal:        1844596 kB
MemFree:         1313616 kB
MemAvailable:    1515176 kB
Buffers:           45184 kB
Cached:           280660 kB
MemTotal:        1844596 kB
MemFree:         1313188 kB
MemAvailable:    1514748 kB
Buffers:           45184 kB
Cached:           280660 kB
MemTotal:        1844596 kB
MemFree:         1312260 kB
MemAvailable:    1513820 kB
Buffers:           45184 kB
Cached:           280660 kB
MemTotal:        1844596 kB
MemFree:         1312028 kB
MemAvailable:    1513588 kB
Buffers:           45184 kB
Cached:           280660 kB
MemTotal:        1844596 kB
MemFree:         1312072 kB
MemAvailable:    1513632 kB
Buffers:           45184 kB
Cached:           280660 kB
MemTotal:        1844596 kB
MemFree:         1310780 kB
MemAvailable:    1512340 kB
Buffers:           45184 kB
Cached:           280660 kB
MemTotal:        1844596 kB
MemFree:         1311956 kB
MemAvailable:    1513516 kB
Buffers:           45184 kB
Cached:           280660 kB
MemTotal:        1844596 kB
MemFree:         1310524 kB
MemAvailable:    1512084 kB
Buffers:           45184 kB
Cached:           280660 kB
MemTotal:        1844596 kB
MemFree:         1310524 kB
MemAvailable:    1512084 kB
Buffers:           45184 kB
Cached:           280660 kB
MemTotal:        1844596 kB
MemFree:         1311500 kB
MemAvailable:    1513060 kB
Buffers:           45184 kB
Cached:           280660 kB
MemTotal:        1844596 kB
MemFree:         1311836 kB
MemAvailable:    1513396 kB
Buffers:           45184 kB
Cached:           280660 kB
MemTotal:        1844596 kB
MemFree:         1310260 kB
MemAvailable:    1511820 kB
Buffers:           45184 kB
Cached:           280660 kB
MemTotal:        1844596 kB
MemFree:         1310476 kB
MemAvailable:    1512036 kB
Buffers:           45184 kB
Cached:           280660 kB
MemTotal:        1844596 kB
MemFree:         1310388 kB
MemAvailable:    1511948 kB
Buffers:           45184 kB
Cached:           280660 kB
MemTotal:        1844596 kB
MemFree:         1311808 kB
MemAvailable:    1513368 kB
Buffers:           45184 kB
Cached:           280660 kB
MemTotal:        1844596 kB
MemFree:         1310460 kB
MemAvailable:    1512020 kB
Buffers:           45184 kB
Cached:           280660 kB
MemTotal:        1844596 kB
MemFree:         1311436 kB
MemAvailable:    1512996 kB
Buffers:           45184 kB
Cached:           280660 kB
MemTotal:        1844596 kB
MemFree:         1311688 kB
MemAvailable:    1513248 kB
Buffers:           45184 kB
Cached:           280660 kB
MemTotal:        1844596 kB
MemFree:         1311564 kB
MemAvailable:    1513124 kB
Buffers:           45184 kB
Cached:           280660 kB
MemTotal:        1844596 kB
MemFree:         1311408 kB
MemAvailable:    1512968 kB
Buffers:           45184 kB
Cached:           280660 kB
MemTotal:        1844596 kB
MemFree:         1311576 kB
MemAvailable:    1513136 kB
Buffers:           45184 kB
Cached:           280660 kB
MemTotal:        1844596 kB
MemFree:         1311660 kB
MemAvailable:    1513220 kB
Buffers:           45184 kB
Cached:           280660 kB
MemTotal:        1844596 kB
MemFree:         1311588 kB
MemAvailable:    1513148 kB
Buffers:           45184 kB
Cached:           280660 kB
MemTotal:        1844596 kB
MemFree:         1311840 kB
MemAvailable:    1513400 kB
Buffers:           45184 kB
Cached:           280660 kB
MemTotal:        1844596 kB
MemFree:         1311660 kB
MemAvailable:    1513220 kB
Buffers:           45184 kB
Cached:           280660 kB
MemTotal:        1844596 kB
MemFree:         1310904 kB
MemAvailable:    1512464 kB
Buffers:           45184 kB
Cached:           280660 kB
MemTotal:        1844596 kB
MemFree:         1310264 kB
MemAvailable:    1511824 kB
Buffers:           45184 kB
Cached:           280660 kB
MemTotal:        1844596 kB
MemFree:         1310264 kB
MemAvailable:    1511824 kB
Buffers:           45184 kB
Cached:           280660 kB
MemTotal:        1844596 kB
MemFree:         1310388 kB
MemAvailable:    1511948 kB
Buffers:           45184 kB
Cached:           280660 kB
MemTotal:        1844596 kB
MemFree:         1311468 kB
MemAvailable:    1513028 kB
Buffers:           45184 kB
Cached:           280660 kB
MemTotal:        1844596 kB
MemFree:         1311724 kB
MemAvailable:    1513284 kB
Buffers:           45184 kB
Cached:           280660 kB
MemTotal:        1844596 kB
MemFree:         1309532 kB
MemAvailable:    1511092 kB
Buffers:           45184 kB
Cached:           280660 kB
MemTotal:        1844596 kB
MemFree:         1305696 kB
MemAvailable:    1507256 kB
Buffers:           45184 kB
Cached:           280660 kB
MemTotal:        1844596 kB
MemFree:         1302844 kB
MemAvailable:    1504404 kB
Buffers:           45184 kB
Cached:           280660 kB
MemTotal:        1844596 kB
MemFree:         1301472 kB
MemAvailable:    1503032 kB
Buffers:           45184 kB
Cached:           280660 kB
MemTotal:        1844596 kB
MemFree:         1298936 kB
MemAvailable:    1500496 kB
Buffers:           45184 kB
Cached:           280660 kB
MemTotal:        1844596 kB
MemFree:         1298564 kB
MemAvailable:    1500124 kB
Buffers:           45184 kB
Cached:           280660 kB
MemTotal:        1844596 kB
MemFree:         1298628 kB
MemAvailable:    1500188 kB
Buffers:           45184 kB
Cached:           280660 kB
MemTotal:        1844596 kB
MemFree:         1298632 kB
MemAvailable:    1500192 kB
Buffers:           45184 kB
Cached:           280660 kB
MemTotal:        1844596 kB
MemFree:         1297368 kB
MemAvailable:    1498928 kB
Buffers:           45184 kB
Cached:           280660 kB
MemTotal:        1844596 kB
MemFree:         1298464 kB
MemAvailable:    1500024 kB
Buffers:           45184 kB
Cached:           280660 kB
MemTotal:        1844596 kB
MemFree:         1298548 kB
MemAvailable:    1500108 kB
Buffers:           45184 kB
Cached:           280660 kB
MemTotal:        1844596 kB
MemFree:         1298324 kB
MemAvailable:    1499884 kB
Buffers:           45184 kB
Cached:           280660 kB
MemTotal:        1844596 kB
MemFree:         1297120 kB
MemAvailable:    1498680 kB
Buffers:           45184 kB
Cached:           280660 kB
MemTotal:        1844596 kB
MemFree:         1298408 kB
MemAvailable:    1499968 kB
Buffers:           45184 kB
Cached:           280660 kB
MemTotal:        1844596 kB
MemFree:         1296984 kB
MemAvailable:    1498544 kB
Buffers:           45184 kB
Cached:           280660 kB
MemTotal:        1844596 kB
MemFree:         1298176 kB
MemAvailable:    1499736 kB
Buffers:           45184 kB
Cached:           280660 kB
MemTotal:        1844596 kB
MemFree:         1298512 kB
MemAvailable:    1500072 kB
Buffers:           45184 kB
Cached:           280660 kB
MemTotal:        1844596 kB
MemFree:         1298268 kB
MemAvailable:    1499828 kB
Buffers:           45184 kB
Cached:           280660 kB
MemTotal:        1844596 kB
MemFree:         1297088 kB
MemAvailable:    1498648 kB
Buffers:           45184 kB
Cached:           280660 kB
MemTotal:        1844596 kB
MemFree:         1298536 kB
MemAvailable:    1500096 kB
Buffers:           45184 kB
Cached:           280660 kB
MemTotal:        1844596 kB
MemFree:         1298300 kB
MemAvailable:    1499860 kB
Buffers:           45184 kB
Cached:           280660 kB
MemTotal:        1844596 kB
MemFree:         1297016 kB
MemAvailable:    1498576 kB
Buffers:           45184 kB
Cached:           280660 kB
MemTotal:        1844596 kB
MemFree:         1298308 kB
MemAvailable:    1499868 kB
Buffers:           45184 kB
Cached:           280660 kB
MemTotal:        1844596 kB
MemFree:         1297132 kB
MemAvailable:    1498692 kB
Buffers:           45184 kB
Cached:           280660 kB
MemTotal:        1844596 kB
MemFree:         1298400 kB
MemAvailable:    1499960 kB
Buffers:           45184 kB
Cached:           280660 kB
MemTotal:        1844596 kB
MemFree:         1297504 kB
MemAvailable:    1499064 kB
Buffers:           45184 kB
Cached:           280660 kB
MemTotal:        1844596 kB
MemFree:         1298168 kB
MemAvailable:    1499736 kB
Buffers:           45184 kB
Cached:           280668 kB
MemTotal:        1844596 kB
MemFree:         1298264 kB
MemAvailable:    1499832 kB
Buffers:           45184 kB
Cached:           280668 kB
MemTotal:        1844596 kB
MemFree:         1298076 kB
MemAvailable:    1499644 kB
Buffers:           45184 kB
Cached:           280668 kB
MemTotal:        1844596 kB
MemFree:         1298332 kB
MemAvailable:    1499900 kB
Buffers:           45184 kB
Cached:           280668 kB
MemTotal:        1844596 kB
MemFree:         1298168 kB
MemAvailable:    1499736 kB
Buffers:           45184 kB
Cached:           280668 kB
MemTotal:        1844596 kB
MemFree:         1298504 kB
MemAvailable:    1500072 kB
Buffers:           45184 kB
Cached:           280668 kB
MemTotal:        1844596 kB
MemFree:         1298060 kB
MemAvailable:    1499628 kB
Buffers:           45184 kB
Cached:           280668 kB
MemTotal:        1844596 kB
MemFree:         1296628 kB
MemAvailable:    1498196 kB
Buffers:           45184 kB
Cached:           280668 kB
MemTotal:        1844596 kB
MemFree:         1296496 kB
MemAvailable:    1498064 kB
Buffers:           45184 kB
Cached:           280668 kB
MemTotal:        1844596 kB
MemFree:         1296396 kB
MemAvailable:    1497964 kB
Buffers:           45184 kB
Cached:           280668 kB
MemTotal:        1844596 kB
MemFree:         1296140 kB
MemAvailable:    1497708 kB
Buffers:           45184 kB
Cached:           280668 kB
MemTotal:        1844596 kB
MemFree:         1297252 kB
MemAvailable:    1498820 kB
Buffers:           45184 kB
Cached:           280668 kB
MemTotal:        1844596 kB
MemFree:         1296136 kB
MemAvailable:    1497704 kB
Buffers:           45184 kB
Cached:           280668 kB
MemTotal:        1844596 kB
MemFree:         1296004 kB
MemAvailable:    1497572 kB
Buffers:           45184 kB
Cached:           280668 kB
MemTotal:        1844596 kB
MemFree:         1297372 kB
MemAvailable:    1498940 kB
Buffers:           45184 kB
Cached:           280668 kB
MemTotal:        1844596 kB
MemFree:         1293900 kB
MemAvailable:    1495468 kB
Buffers:           45184 kB
Cached:           280668 kB
MemTotal:        1844596 kB
MemFree:         1293984 kB
MemAvailable:    1495552 kB
Buffers:           45184 kB
Cached:           280668 kB
MemTotal:        1844596 kB
MemFree:         1291064 kB
MemAvailable:    1492632 kB
Buffers:           45184 kB
Cached:           280668 kB
MemTotal:        1844596 kB
MemFree:         1288760 kB
MemAvailable:    1490328 kB
Buffers:           45184 kB
Cached:           280668 kB
MemTotal:        1844596 kB
MemFree:         1287460 kB
MemAvailable:    1489028 kB
Buffers:           45184 kB
Cached:           280668 kB
MemTotal:        1844596 kB
MemFree:         1286476 kB
MemAvailable:    1488044 kB
Buffers:           45184 kB
Cached:           280668 kB
MemTotal:        1844596 kB
MemFree:         1286032 kB
MemAvailable:    1487600 kB
Buffers:           45184 kB
Cached:           280668 kB
MemTotal:        1844596 kB
MemFree:         1285964 kB
MemAvailable:    1487532 kB
Buffers:           45184 kB
Cached:           280668 kB
MemTotal:        1844596 kB
MemFree:         1283616 kB
MemAvailable:    1485184 kB
Buffers:           45184 kB
Cached:           280668 kB
MemTotal:        1844596 kB
MemFree:         1283360 kB
MemAvailable:    1484928 kB
Buffers:           45184 kB
Cached:           280668 kB
MemTotal:        1844596 kB
MemFree:         1284656 kB
MemAvailable:    1486224 kB
Buffers:           45184 kB
Cached:           280668 kB
MemTotal:        1844596 kB
MemFree:         1283440 kB
MemAvailable:    1485008 kB
Buffers:           45184 kB
Cached:           280668 kB
MemTotal:        1844596 kB
MemFree:         1283308 kB
MemAvailable:    1484876 kB
Buffers:           45184 kB
Cached:           280668 kB
MemTotal:        1844596 kB
MemFree:         1283308 kB
MemAvailable:    1484876 kB
Buffers:           45184 kB
Cached:           280668 kB
MemTotal:        1844596 kB
MemFree:         1284556 kB
MemAvailable:    1486124 kB
Buffers:           45184 kB
Cached:           280668 kB
MemTotal:        1844596 kB
MemFree:         1284736 kB
MemAvailable:    1486304 kB
Buffers:           45184 kB
Cached:           280668 kB
MemTotal:        1844596 kB
MemFree:         1284796 kB
MemAvailable:    1486364 kB
Buffers:           45184 kB
Cached:           280668 kB
MemTotal:        1844596 kB
MemFree:         1284444 kB
MemAvailable:    1486012 kB
Buffers:           45184 kB
Cached:           280668 kB
MemTotal:        1844596 kB
MemFree:         1284120 kB
MemAvailable:    1485688 kB
Buffers:           45184 kB
Cached:           280668 kB
MemTotal:        1844596 kB
MemFree:         1284664 kB
MemAvailable:    1486232 kB
Buffers:           45184 kB
Cached:           280668 kB
MemTotal:        1844596 kB
MemFree:         1283460 kB
MemAvailable:    1485028 kB
Buffers:           45184 kB
Cached:           280668 kB
MemTotal:        1844596 kB
MemFree:         1283328 kB
MemAvailable:    1484896 kB
Buffers:           45184 kB
Cached:           280668 kB
MemTotal:        1844596 kB
MemFree:         1283576 kB
MemAvailable:    1485144 kB
Buffers:           45184 kB
Cached:           280668 kB
MemTotal:        1844596 kB
MemFree:         1283568 kB
MemAvailable:    1485136 kB
Buffers:           45184 kB
Cached:           280668 kB
MemTotal:        1844596 kB
MemFree:         1283320 kB
MemAvailable:    1484888 kB
Buffers:           45184 kB
Cached:           280668 kB
MemTotal:        1844596 kB
MemFree:         1283604 kB
MemAvailable:    1485172 kB
Buffers:           45184 kB
Cached:           280668 kB
MemTotal:        1844596 kB
MemFree:         1283432 kB
MemAvailable:    1485000 kB
Buffers:           45184 kB
Cached:           280668 kB
MemTotal:        1844596 kB
MemFree:         1283176 kB
MemAvailable:    1484744 kB
Buffers:           45184 kB
Cached:           280668 kB
MemTotal:        1844596 kB
MemFree:         1283716 kB
MemAvailable:    1485284 kB
Buffers:           45184 kB
Cached:           280668 kB
MemTotal:        1844596 kB
MemFree:         1284520 kB
MemAvailable:    1486088 kB
Buffers:           45184 kB
Cached:           280668 kB
MemTotal:        1844596 kB
MemFree:         1283212 kB
MemAvailable:    1484780 kB
Buffers:           45184 kB
Cached:           280668 kB
MemTotal:        1844596 kB
MemFree:         1283296 kB
MemAvailable:    1484864 kB
Buffers:           45184 kB
Cached:           280668 kB
MemTotal:        1844596 kB
MemFree:         1284452 kB
MemAvailable:    1486020 kB
Buffers:           45184 kB
Cached:           280668 kB
MemTotal:        1844596 kB
MemFree:         1283500 kB
MemAvailable:    1485068 kB
Buffers:           45184 kB
Cached:           280668 kB
MemTotal:        1844596 kB
MemFree:         1283244 kB
MemAvailable:    1484812 kB
Buffers:           45184 kB
Cached:           280668 kB
MemTotal:        1844596 kB
MemFree:         1284228 kB
MemAvailable:    1485796 kB
Buffers:           45184 kB
Cached:           280668 kB
MemTotal:        1844596 kB
MemFree:         1284568 kB
MemAvailable:    1486136 kB
Buffers:           45184 kB
Cached:           280668 kB
MemTotal:        1844596 kB
MemFree:         1284540 kB
MemAvailable:    1486108 kB
Buffers:           45184 kB
Cached:           280668 kB
MemTotal:        1844596 kB
MemFree:         1284368 kB
MemAvailable:    1485936 kB
Buffers:           45184 kB
Cached:           280668 kB
MemTotal:        1844596 kB
MemFree:         1284488 kB
MemAvailable:    1486056 kB
Buffers:           45184 kB
Cached:           280668 kB
MemTotal:        1844596 kB
MemFree:         1283748 kB
MemAvailable:    1485316 kB
Buffers:           45184 kB
Cached:           280668 kB
MemTotal:        1844596 kB
MemFree:         1283204 kB
MemAvailable:    1484780 kB
Buffers:           45184 kB
Cached:           280676 kB
MemTotal:        1844596 kB
MemFree:         1284512 kB
MemAvailable:    1486088 kB
Buffers:           45184 kB
Cached:           280676 kB
MemTotal:        1844596 kB
MemFree:         1284512 kB
MemAvailable:    1486088 kB
Buffers:           45184 kB
Cached:           280676 kB
MemTotal:        1844596 kB
MemFree:         1283128 kB
MemAvailable:    1484704 kB
Buffers:           45184 kB
Cached:           280676 kB
MemTotal:        1844596 kB
MemFree:         1284280 kB
MemAvailable:    1485856 kB
Buffers:           45184 kB
Cached:           280676 kB
MemTotal:        1844596 kB
MemFree:         1283856 kB
MemAvailable:    1485432 kB
Buffers:           45184 kB
Cached:           280676 kB
MemTotal:        1844596 kB
MemFree:         1282864 kB
MemAvailable:    1484440 kB
Buffers:           45184 kB
Cached:           280676 kB
MemTotal:        1844596 kB
MemFree:         1284160 kB
MemAvailable:    1485736 kB
Buffers:           45184 kB
Cached:           280676 kB
MemTotal:        1844596 kB
MemFree:         1283128 kB
MemAvailable:    1484704 kB
Buffers:           45184 kB
Cached:           280676 kB
MemTotal:        1844596 kB
MemFree:         1284112 kB
MemAvailable:    1485688 kB
Buffers:           45184 kB
Cached:           280676 kB
MemTotal:        1844596 kB
MemFree:         1283880 kB
MemAvailable:    1485456 kB
Buffers:           45184 kB
Cached:           280676 kB
MemTotal:        1844596 kB
MemFree:         1282708 kB
MemAvailable:    1484284 kB
Buffers:           45184 kB
Cached:           280676 kB
MemTotal:        1844596 kB
MemFree:         1283988 kB
MemAvailable:    1485564 kB
Buffers:           45184 kB
Cached:           280676 kB
MemTotal:        1844596 kB
MemFree:         1284200 kB
MemAvailable:    1485776 kB
Buffers:           45184 kB
Cached:           280676 kB
MemTotal:        1844596 kB
MemFree:         1282708 kB
MemAvailable:    1484284 kB
Buffers:           45184 kB
Cached:           280676 kB
MemTotal:        1844596 kB
MemFree:         1282756 kB
MemAvailable:    1484336 kB
Buffers:           45184 kB
Cached:           280680 kB
MemTotal:        1844596 kB
MemFree:         1283908 kB
MemAvailable:    1485488 kB
Buffers:           45184 kB
Cached:           280680 kB
MemTotal:        1844596 kB
MemFree:         1284080 kB
MemAvailable:    1485660 kB
Buffers:           45184 kB
Cached:           280680 kB
MemTotal:        1844596 kB
MemFree:         1281880 kB
MemAvailable:    1483460 kB
Buffers:           45184 kB
Cached:           280680 kB
MemTotal:        1844596 kB
MemFree:         1281524 kB
MemAvailable:    1483104 kB
Buffers:           45184 kB
Cached:           280680 kB
MemTotal:        1844596 kB
MemFree:         1284616 kB
MemAvailable:    1486196 kB
Buffers:           45184 kB
Cached:           280680 kB
MemTotal:        1844596 kB
MemFree:         1284872 kB
MemAvailable:    1486452 kB
Buffers:           45184 kB
Cached:           280680 kB
MemTotal:        1844596 kB
MemFree:         1280896 kB
MemAvailable:    1482476 kB
Buffers:           45184 kB
Cached:           280680 kB
MemTotal:        1844596 kB
MemFree:         1283344 kB
MemAvailable:    1484924 kB
Buffers:           45184 kB
Cached:           280680 kB
MemTotal:        1844596 kB
MemFree:         1283212 kB
MemAvailable:    1484792 kB
Buffers:           45184 kB
Cached:           280680 kB
MemTotal:        1844596 kB
MemFree:         1280640 kB
MemAvailable:    1482220 kB
Buffers:           45184 kB
Cached:           280680 kB
MemTotal:        1844596 kB
MemFree:         1279664 kB
MemAvailable:    1481244 kB
Buffers:           45184 kB
Cached:           280680 kB
MemTotal:        1844596 kB
MemFree:         1279228 kB
MemAvailable:    1480808 kB
Buffers:           45184 kB
Cached:           280680 kB
MemTotal:        1844596 kB
MemFree:         1277540 kB
MemAvailable:    1479120 kB
Buffers:           45184 kB
Cached:           280680 kB
MemTotal:        1844596 kB
MemFree:         1277908 kB
MemAvailable:    1479488 kB
Buffers:           45184 kB
Cached:           280680 kB
MemTotal:        1844596 kB
MemFree:         1278712 kB
MemAvailable:    1480292 kB
Buffers:           45184 kB
Cached:           280680 kB
MemTotal:        1844596 kB
MemFree:         1278380 kB
MemAvailable:    1479960 kB
Buffers:           45184 kB
Cached:           280680 kB
MemTotal:        1844596 kB
MemFree:         1278300 kB
MemAvailable:    1479880 kB
Buffers:           45184 kB
Cached:           280680 kB
MemTotal:        1844596 kB
MemFree:         1278104 kB
MemAvailable:    1479684 kB
Buffers:           45184 kB
Cached:           280680 kB
MemTotal:        1844596 kB
MemFree:         1278052 kB
MemAvailable:    1479632 kB
Buffers:           45184 kB
Cached:           280680 kB
MemTotal:        1844596 kB
MemFree:         1277980 kB
MemAvailable:    1479560 kB
Buffers:           45184 kB
Cached:           280680 kB
MemTotal:        1844596 kB
MemFree:         1278232 kB
MemAvailable:    1479812 kB
Buffers:           45184 kB
Cached:           280680 kB
MemTotal:        1844596 kB
MemFree:         1276612 kB
MemAvailable:    1478192 kB
Buffers:           45184 kB
Cached:           280680 kB
MemTotal:        1844596 kB
MemFree:         1276744 kB
MemAvailable:    1478324 kB
Buffers:           45184 kB
Cached:           280680 kB
MemTotal:        1844596 kB
MemFree:         1276984 kB
MemAvailable:    1478564 kB
Buffers:           45184 kB
Cached:           280680 kB
MemTotal:        1844596 kB
MemFree:         1277712 kB
MemAvailable:    1479292 kB
Buffers:           45184 kB
Cached:           280680 kB
MemTotal:        1844596 kB
MemFree:         1277880 kB
MemAvailable:    1479460 kB
Buffers:           45184 kB
Cached:           280680 kB
MemTotal:        1844596 kB
MemFree:         1279724 kB
MemAvailable:    1481304 kB
Buffers:           45184 kB
Cached:           280680 kB
MemTotal:        1844596 kB
MemFree:         1280136 kB
MemAvailable:    1481716 kB
Buffers:           45184 kB
Cached:           280680 kB
MemTotal:        1844596 kB
MemFree:         1278772 kB
MemAvailable:    1480352 kB
Buffers:           45184 kB
Cached:           280680 kB
MemTotal:        1844596 kB
MemFree:         1278748 kB
MemAvailable:    1480328 kB
Buffers:           45184 kB
Cached:           280680 kB
MemTotal:        1844596 kB
MemFree:         1278744 kB
MemAvailable:    1480324 kB
Buffers:           45184 kB
Cached:           280680 kB
MemTotal:        1844596 kB
MemFree:         1278744 kB
MemAvailable:    1480324 kB
Buffers:           45184 kB
Cached:           280680 kB
MemTotal:        1844596 kB
MemFree:         1278860 kB
MemAvailable:    1480440 kB
Buffers:           45184 kB
Cached:           280680 kB
MemTotal:        1844596 kB
MemFree:         1280080 kB
MemAvailable:    1481660 kB
Buffers:           45184 kB
Cached:           280680 kB
MemTotal:        1844596 kB
MemFree:         1278772 kB
MemAvailable:    1480352 kB
Buffers:           45184 kB
Cached:           280680 kB
MemTotal:        1844596 kB
MemFree:         1279896 kB
MemAvailable:    1481476 kB
Buffers:           45184 kB
Cached:           280680 kB
MemTotal:        1844596 kB
MemFree:         1280148 kB
MemAvailable:    1481728 kB
Buffers:           45184 kB
Cached:           280680 kB
MemTotal:        1844596 kB
MemFree:         1279856 kB
MemAvailable:    1481436 kB
Buffers:           45184 kB
Cached:           280680 kB
MemTotal:        1844596 kB
MemFree:         1279844 kB
MemAvailable:    1481424 kB
Buffers:           45184 kB
Cached:           280680 kB
MemTotal:        1844596 kB
MemFree:         1279796 kB
MemAvailable:    1481376 kB
Buffers:           45184 kB
Cached:           280680 kB
MemTotal:        1844596 kB
MemFree:         1278656 kB
MemAvailable:    1480236 kB
Buffers:           45184 kB
Cached:           280680 kB
MemTotal:        1844596 kB
MemFree:         1278788 kB
MemAvailable:    1480368 kB
Buffers:           45184 kB
Cached:           280680 kB
MemTotal:        1844596 kB
MemFree:         1278912 kB
MemAvailable:    1480492 kB
Buffers:           45184 kB
Cached:           280680 kB
MemTotal:        1844596 kB
MemFree:         1278912 kB
MemAvailable:    1480492 kB
Buffers:           45188 kB
Cached:           280676 kB
MemTotal:        1844596 kB
MemFree:         1278912 kB
MemAvailable:    1480492 kB
Buffers:           45188 kB
Cached:           280676 kB
MemTotal:        1844596 kB
MemFree:         1278740 kB
MemAvailable:    1480320 kB
Buffers:           45188 kB
Cached:           280676 kB
MemTotal:        1844596 kB
MemFree:         1278608 kB
MemAvailable:    1480188 kB
Buffers:           45188 kB
Cached:           280676 kB
MemTotal:        1844596 kB
MemFree:         1278900 kB
MemAvailable:    1480480 kB
Buffers:           45188 kB
Cached:           280676 kB
MemTotal:        1844596 kB
MemFree:         1278644 kB
MemAvailable:    1480224 kB
Buffers:           45188 kB
Cached:           280676 kB
MemTotal:        1844596 kB
MemFree:         1279836 kB
MemAvailable:    1481416 kB
Buffers:           45188 kB
Cached:           280676 kB
MemTotal:        1844596 kB
MemFree:         1279664 kB
MemAvailable:    1481244 kB
Buffers:           45188 kB
Cached:           280676 kB
MemTotal:        1844596 kB
MemFree:         1279844 kB
MemAvailable:    1481424 kB
Buffers:           45188 kB
Cached:           280676 kB
MemTotal:        1844596 kB
MemFree:         1280096 kB
MemAvailable:    1481676 kB
Buffers:           45188 kB
Cached:           280676 kB
MemTotal:        1844596 kB
MemFree:         1278856 kB
MemAvailable:    1480436 kB
Buffers:           45188 kB
Cached:           280676 kB
MemTotal:        1844596 kB
MemFree:         1277060 kB
MemAvailable:    1478640 kB
Buffers:           45188 kB
Cached:           280676 kB
MemTotal:        1844596 kB
MemFree:         1275928 kB
MemAvailable:    1477508 kB
Buffers:           45188 kB
Cached:           280676 kB
MemTotal:        1844596 kB
MemFree:         1275508 kB
MemAvailable:    1477088 kB
Buffers:           45188 kB
Cached:           280676 kB
MemTotal:        1844596 kB
MemFree:         1274076 kB
MemAvailable:    1475656 kB
Buffers:           45188 kB
Cached:           280676 kB
MemTotal:        1844596 kB
MemFree:         1274068 kB
MemAvailable:    1475648 kB
Buffers:           45188 kB
Cached:           280676 kB
MemTotal:        1844596 kB
MemFree:         1273084 kB
MemAvailable:    1474664 kB
Buffers:           45188 kB
Cached:           280676 kB
MemTotal:        1844596 kB
MemFree:         1274168 kB
MemAvailable:    1475748 kB
Buffers:           45188 kB
Cached:           280676 kB
MemTotal:        1844596 kB
MemFree:         1273092 kB
MemAvailable:    1474672 kB
Buffers:           45188 kB
Cached:           280676 kB
MemTotal:        1844596 kB
MemFree:         1270984 kB
MemAvailable:    1472564 kB
Buffers:           45188 kB
Cached:           280676 kB
MemTotal:        1844596 kB
MemFree:         1271100 kB
MemAvailable:    1472680 kB
Buffers:           45188 kB
Cached:           280676 kB
MemTotal:        1844596 kB
MemFree:         1271976 kB
MemAvailable:    1473556 kB
Buffers:           45188 kB
Cached:           280676 kB
MemTotal:        1844596 kB
MemFree:         1271852 kB
MemAvailable:    1473444 kB
Buffers:           45188 kB
Cached:           280688 kB
MemTotal:        1844596 kB
MemFree:         1270604 kB
MemAvailable:    1472196 kB
Buffers:           45188 kB
Cached:           280688 kB
MemTotal:        1844596 kB
MemFree:         1270316 kB
MemAvailable:    1471908 kB
Buffers:           45188 kB
Cached:           280688 kB
MemTotal:        1844596 kB
MemFree:         1271432 kB
MemAvailable:    1473024 kB
Buffers:           45188 kB
Cached:           280688 kB
MemTotal:        1844596 kB
MemFree:         1270564 kB
MemAvailable:    1472156 kB
Buffers:           45188 kB
Cached:           280688 kB
MemTotal:        1844596 kB
MemFree:         1269984 kB
MemAvailable:    1471576 kB
Buffers:           45188 kB
Cached:           280688 kB
MemTotal:        1844596 kB
MemFree:         1270356 kB
MemAvailable:    1471948 kB
Buffers:           45188 kB
Cached:           280688 kB
MemTotal:        1844596 kB
MemFree:         1269820 kB
MemAvailable:    1471412 kB
Buffers:           45188 kB
Cached:           280688 kB
MemTotal:        1844596 kB
MemFree:         1270672 kB
MemAvailable:    1472264 kB
Buffers:           45188 kB
Cached:           280688 kB
MemTotal:        1844596 kB
MemFree:         1270240 kB
MemAvailable:    1471832 kB
Buffers:           45188 kB
Cached:           280688 kB
MemTotal:        1844596 kB
MemFree:         1270908 kB
MemAvailable:    1472500 kB
Buffers:           45188 kB
Cached:           280688 kB
MemTotal:        1844596 kB
MemFree:         1270536 kB
MemAvailable:    1472128 kB
Buffers:           45188 kB
Cached:           280688 kB
MemTotal:        1844596 kB
MemFree:         1270736 kB
MemAvailable:    1472328 kB
Buffers:           45188 kB
Cached:           280688 kB
MemTotal:        1844596 kB
MemFree:         1269248 kB
MemAvailable:    1470840 kB
Buffers:           45188 kB
Cached:           280688 kB
MemTotal:        1844596 kB
MemFree:         1269240 kB
MemAvailable:    1470832 kB
Buffers:           45188 kB
Cached:           280688 kB
MemTotal:        1844596 kB
MemFree:         1269372 kB
MemAvailable:    1470964 kB
Buffers:           45188 kB
Cached:           280688 kB
MemTotal:        1844596 kB
MemFree:         1269364 kB
MemAvailable:    1470956 kB
Buffers:           45188 kB
Cached:           280688 kB
MemTotal:        1844596 kB
MemFree:         1270512 kB
MemAvailable:    1472104 kB
Buffers:           45188 kB
Cached:           280688 kB
MemTotal:        1844596 kB
MemFree:         1270444 kB
MemAvailable:    1472036 kB
Buffers:           45188 kB
Cached:           280688 kB
MemTotal:        1844596 kB
MemFree:         1270696 kB
MemAvailable:    1472288 kB
Buffers:           45188 kB
Cached:           280688 kB
MemTotal:        1844596 kB
MemFree:         1270452 kB
MemAvailable:    1472044 kB
Buffers:           45188 kB
Cached:           280688 kB
MemTotal:        1844596 kB
MemFree:         1270520 kB
MemAvailable:    1472112 kB
Buffers:           45188 kB
Cached:           280688 kB
MemTotal:        1844596 kB
MemFree:         1270452 kB
MemAvailable:    1472044 kB
Buffers:           45188 kB
Cached:           280688 kB
MemTotal:        1844596 kB
MemFree:         1270520 kB
MemAvailable:    1472112 kB
Buffers:           45188 kB
Cached:           280688 kB
MemTotal:        1844596 kB
MemFree:         1269588 kB
MemAvailable:    1471180 kB
Buffers:           45188 kB
Cached:           280688 kB
MemTotal:        1844596 kB
MemFree:         1269216 kB
MemAvailable:    1470808 kB
Buffers:           45188 kB
Cached:           280688 kB
MemTotal:        1844596 kB
MemFree:         1270460 kB
MemAvailable:    1472052 kB
Buffers:           45188 kB
Cached:           280688 kB
MemTotal:        1844596 kB
MemFree:         1270576 kB
MemAvailable:    1472168 kB
Buffers:           45188 kB
Cached:           280688 kB
MemTotal:        1844596 kB
MemFree:         1269372 kB
MemAvailable:    1470964 kB
Buffers:           45188 kB
Cached:           280688 kB
MemTotal:        1844596 kB
MemFree:         1269280 kB
MemAvailable:    1470872 kB
Buffers:           45188 kB
Cached:           280688 kB
MemTotal:        1844596 kB
MemFree:         1269280 kB
MemAvailable:    1470872 kB
Buffers:           45188 kB
Cached:           280688 kB
MemTotal:        1844596 kB
MemFree:         1269404 kB
MemAvailable:    1470996 kB
Buffers:           45188 kB
Cached:           280688 kB
MemTotal:        1844596 kB
MemFree:         1269272 kB
MemAvailable:    1470864 kB
Buffers:           45188 kB
Cached:           280688 kB
MemTotal:        1844596 kB
MemFree:         1269396 kB
MemAvailable:    1470988 kB
Buffers:           45188 kB
Cached:           280688 kB
MemTotal:        1844596 kB
MemFree:         1270380 kB
MemAvailable:    1471972 kB
Buffers:           45188 kB
Cached:           280688 kB
MemTotal:        1844596 kB
MemFree:         1270396 kB
MemAvailable:    1471988 kB
Buffers:           45188 kB
Cached:           280688 kB
MemTotal:        1844596 kB
MemFree:         1270368 kB
MemAvailable:    1471960 kB
Buffers:           45188 kB
Cached:           280688 kB
MemTotal:        1844596 kB
MemFree:         1269972 kB
MemAvailable:    1471564 kB
Buffers:           45188 kB
Cached:           280688 kB
MemTotal:        1844596 kB
MemFree:         1268908 kB
MemAvailable:    1470500 kB
Buffers:           45188 kB
Cached:           280688 kB
MemTotal:        1844596 kB
MemFree:         1270084 kB
MemAvailable:    1471676 kB
Buffers:           45188 kB
Cached:           280688 kB
MemTotal:        1844596 kB
MemFree:         1269024 kB
MemAvailable:    1470616 kB
Buffers:           45188 kB
Cached:           280688 kB
MemTotal:        1844596 kB
MemFree:         1269768 kB
MemAvailable:    1471360 kB
Buffers:           45188 kB
Cached:           280688 kB
MemTotal:        1844596 kB
MemFree:         1268892 kB
MemAvailable:    1470484 kB
Buffers:           45188 kB
Cached:           280688 kB
MemTotal:        1844596 kB
MemFree:         1268604 kB
MemAvailable:    1470196 kB
Buffers:           45188 kB
Cached:           280688 kB
MemTotal:        1844596 kB
MemFree:         1268516 kB
MemAvailable:    1470108 kB
Buffers:           45188 kB
Cached:           280688 kB
MemTotal:        1844596 kB
MemFree:         1269612 kB
MemAvailable:    1471204 kB
Buffers:           45188 kB
Cached:           280688 kB
MemTotal:        1844596 kB
MemFree:         1269776 kB
MemAvailable:    1471368 kB
Buffers:           45188 kB
Cached:           280688 kB
MemTotal:        1844596 kB
MemFree:         1268472 kB
MemAvailable:    1470064 kB
Buffers:           45188 kB
Cached:           280688 kB
MemTotal:        1844596 kB
MemFree:         1269780 kB
MemAvailable:    1471372 kB
Buffers:           45188 kB
Cached:           280688 kB
MemTotal:        1844596 kB
MemFree:         1269780 kB
MemAvailable:    1471372 kB
Buffers:           45188 kB
Cached:           280688 kB
MemTotal:        1844596 kB
MemFree:         1268720 kB
MemAvailable:    1470312 kB
Buffers:           45188 kB
Cached:           280688 kB
MemTotal:        1844596 kB
MemFree:         1268508 kB
MemAvailable:    1470100 kB
Buffers:           45188 kB
Cached:           280688 kB
MemTotal:        1844596 kB
MemFree:         1269900 kB
MemAvailable:    1471492 kB
Buffers:           45188 kB
Cached:           280688 kB
MemTotal:        1844596 kB
MemFree:         1269556 kB
MemAvailable:    1471148 kB
Buffers:           45188 kB
Cached:           280688 kB
MemTotal:        1844596 kB
MemFree:         1269892 kB
MemAvailable:    1471484 kB
Buffers:           45188 kB
Cached:           280688 kB
MemTotal:        1844596 kB
MemFree:         1268768 kB
MemAvailable:    1470360 kB
Buffers:           45188 kB
Cached:           280688 kB
MemTotal:        1844596 kB
MemFree:         1268364 kB
MemAvailable:    1469956 kB
Buffers:           45188 kB
Cached:           280688 kB
MemTotal:        1844596 kB
MemFree:         1268364 kB
MemAvailable:    1469956 kB
Buffers:           45188 kB
Cached:           280688 kB
MemTotal:        1844596 kB
MemFree:         1269612 kB
MemAvailable:    1471204 kB
Buffers:           45188 kB
Cached:           280688 kB
MemTotal:        1844596 kB
MemFree:         1269776 kB
MemAvailable:    1471368 kB
Buffers:           45188 kB
Cached:           280688 kB
MemTotal:        1844596 kB
MemFree:         1268488 kB
MemAvailable:    1470080 kB
Buffers:           45188 kB
Cached:           280688 kB
MemTotal:        1844596 kB
MemFree:         1269836 kB
MemAvailable:    1471428 kB
Buffers:           45188 kB
Cached:           280688 kB
MemTotal:        1844596 kB
MemFree:         1268488 kB
MemAvailable:    1470080 kB
Buffers:           45188 kB
Cached:           280688 kB
MemTotal:        1844596 kB
MemFree:         1269764 kB
MemAvailable:    1471356 kB
Buffers:           45188 kB
Cached:           280688 kB
MemTotal:        1844596 kB
MemFree:         1269652 kB
MemAvailable:    1471248 kB
Buffers:           45188 kB
Cached:           280692 kB
MemTotal:        1844596 kB
MemFree:         1268536 kB
MemAvailable:    1470132 kB
Buffers:           45188 kB
Cached:           280692 kB
MemTotal:        1844596 kB
MemFree:         1269652 kB
MemAvailable:    1471252 kB
Buffers:           45188 kB
Cached:           280696 kB
MemTotal:        1844596 kB
MemFree:         1268660 kB
MemAvailable:    1470260 kB
Buffers:           45188 kB
Cached:           280696 kB
MemTotal:        1844596 kB
MemFree:         1268412 kB
MemAvailable:    1470012 kB
Buffers:           45188 kB
Cached:           280696 kB
MemTotal:        1844596 kB
MemFree:         1268536 kB
MemAvailable:    1470136 kB
Buffers:           45188 kB
Cached:           280696 kB
MemTotal:        1844596 kB
MemFree:         1269736 kB
MemAvailable:    1471336 kB
Buffers:           45188 kB
Cached:           280696 kB
MemTotal:        1844596 kB
MemFree:         1269728 kB
MemAvailable:    1471328 kB
Buffers:           45188 kB
Cached:           280696 kB
MemTotal:        1844596 kB
MemFree:         1269652 kB
MemAvailable:    1471252 kB
Buffers:           45188 kB
Cached:           280696 kB
MemTotal:        1844596 kB
MemFree:         1268412 kB
MemAvailable:    1470012 kB
Buffers:           45188 kB
Cached:           280696 kB
MemTotal:        1844596 kB
MemFree:         1269816 kB
MemAvailable:    1471416 kB
Buffers:           45188 kB
Cached:           280696 kB
MemTotal:        1844596 kB
MemFree:         1268528 kB
MemAvailable:    1470128 kB
Buffers:           45188 kB
Cached:           280696 kB
MemTotal:        1844596 kB
MemFree:         1268488 kB
MemAvailable:    1470088 kB
Buffers:           45188 kB
Cached:           280696 kB
MemTotal:        1844596 kB
MemFree:         1269464 kB
MemAvailable:    1471064 kB
Buffers:           45188 kB
Cached:           280696 kB
MemTotal:        1844596 kB
MemFree:         1269404 kB
MemAvailable:    1471004 kB
Buffers:           45188 kB
Cached:           280696 kB
MemTotal:        1844596 kB
MemFree:         1269776 kB
MemAvailable:    1471376 kB
Buffers:           45188 kB
Cached:           280696 kB
MemTotal:        1844596 kB
MemFree:         1269712 kB
MemAvailable:    1471312 kB
Buffers:           45188 kB
Cached:           280696 kB
MemTotal:        1844596 kB
MemFree:         1269784 kB
MemAvailable:    1471384 kB
Buffers:           45188 kB
Cached:           280696 kB
MemTotal:        1844596 kB
MemFree:         1268356 kB
MemAvailable:    1469956 kB
Buffers:           45188 kB
Cached:           280696 kB
MemTotal:        1844596 kB
MemFree:         1268356 kB
MemAvailable:    1469956 kB
Buffers:           45188 kB
Cached:           280696 kB
MemTotal:        1844596 kB
MemFree:         1268484 kB
MemAvailable:    1470084 kB
Buffers:           45188 kB
Cached:           280696 kB
MemTotal:        1844596 kB
MemFree:         1268848 kB
MemAvailable:    1470448 kB
Buffers:           45188 kB
Cached:           280696 kB
MemTotal:        1844596 kB
MemFree:         1269592 kB
MemAvailable:    1471192 kB
Buffers:           45188 kB
Cached:           280696 kB
MemTotal:        1844596 kB
MemFree:         1269772 kB
MemAvailable:    1471372 kB
Buffers:           45188 kB
Cached:           280696 kB
MemTotal:        1844596 kB
MemFree:         1268376 kB
MemAvailable:    1469976 kB
Buffers:           45188 kB
Cached:           280696 kB
MemTotal:        1844596 kB
MemFree:         1268612 kB
MemAvailable:    1470212 kB
Buffers:           45188 kB
Cached:           280696 kB
MemTotal:        1844596 kB
MemFree:         1269856 kB
MemAvailable:    1471456 kB
Buffers:           45188 kB
Cached:           280696 kB
MemTotal:        1844596 kB
MemFree:         1268484 kB
MemAvailable:    1470084 kB
Buffers:           45188 kB
Cached:           280696 kB
MemTotal:        1844596 kB
MemFree:         1269764 kB
MemAvailable:    1471364 kB
Buffers:           45188 kB
Cached:           280696 kB
MemTotal:        1844596 kB
MemFree:         1268600 kB
MemAvailable:    1470200 kB
Buffers:           45188 kB
Cached:           280696 kB
MemTotal:        1844596 kB
MemFree:         1268344 kB
MemAvailable:    1469944 kB
Buffers:           45188 kB
Cached:           280696 kB
MemTotal:        1844596 kB
MemFree:         1268472 kB
MemAvailable:    1470072 kB
Buffers:           45188 kB
Cached:           280696 kB
MemTotal:        1844596 kB
MemFree:         1269832 kB
MemAvailable:    1471432 kB
Buffers:           45188 kB
Cached:           280696 kB
MemTotal:        1844596 kB
MemFree:         1268780 kB
MemAvailable:    1470380 kB
Buffers:           45188 kB
Cached:           280696 kB
MemTotal:        1844596 kB
MemFree:         1268356 kB
MemAvailable:    1469956 kB
Buffers:           45188 kB
Cached:           280696 kB
MemTotal:        1844596 kB
MemFree:         1268476 kB
MemAvailable:    1470076 kB
Buffers:           45188 kB
Cached:           280696 kB
MemTotal:        1844596 kB
MemFree:         1268724 kB
MemAvailable:    1470324 kB
Buffers:           45188 kB
Cached:           280696 kB
MemTotal:        1844596 kB
MemFree:         1268592 kB
MemAvailable:    1470192 kB
Buffers:           45188 kB
Cached:           280696 kB
MemTotal:        1844596 kB
MemFree:         1269832 kB
MemAvailable:    1471432 kB
Buffers:           45188 kB
Cached:           280696 kB
MemTotal:        1844596 kB
MemFree:         1269628 kB
MemAvailable:    1471228 kB
Buffers:           45188 kB
Cached:           280696 kB
MemTotal:        1844596 kB
MemFree:         1268536 kB
MemAvailable:    1470136 kB
Buffers:           45188 kB
Cached:           280696 kB
MemTotal:        1844596 kB
MemFree:         1268488 kB
MemAvailable:    1470088 kB
Buffers:           45188 kB
Cached:           280696 kB
MemTotal:        1844596 kB
MemFree:         1269664 kB
MemAvailable:    1471264 kB
Buffers:           45188 kB
Cached:           280696 kB
MemTotal:        1844596 kB
MemFree:         1269712 kB
MemAvailable:    1471312 kB
Buffers:           45188 kB
Cached:           280696 kB
MemTotal:        1844596 kB
MemFree:         1268488 kB
MemAvailable:    1470088 kB
Buffers:           45188 kB
Cached:           280696 kB
MemTotal:        1844596 kB
MemFree:         1268660 kB
MemAvailable:    1470260 kB
Buffers:           45188 kB
Cached:           280696 kB
MemTotal:        1844596 kB
MemFree:         1268488 kB
MemAvailable:    1470088 kB
Buffers:           45188 kB
Cached:           280696 kB
MemTotal:        1844596 kB
MemFree:         1269464 kB
MemAvailable:    1471064 kB
Buffers:           45188 kB
Cached:           280696 kB
MemTotal:        1844596 kB
MemFree:         1268536 kB
MemAvailable:    1470136 kB
Buffers:           45188 kB
Cached:           280696 kB
MemTotal:        1844596 kB
MemFree:         1269564 kB
MemAvailable:    1471164 kB
Buffers:           45188 kB
Cached:           280696 kB
MemTotal:        1844596 kB
MemFree:         1269900 kB
MemAvailable:    1471500 kB
Buffers:           45188 kB
Cached:           280696 kB
MemTotal:        1844596 kB
MemFree:         1268280 kB
MemAvailable:    1469880 kB
Buffers:           45188 kB
Cached:           280696 kB
MemTotal:        1844596 kB
MemFree:         1268280 kB
MemAvailable:    1469880 kB
Buffers:           45188 kB
Cached:           280696 kB
MemTotal:        1844596 kB
MemFree:         1269680 kB
MemAvailable:    1471280 kB
Buffers:           45188 kB
Cached:           280696 kB
MemTotal:        1844596 kB
MemFree:         1269588 kB
MemAvailable:    1471188 kB
Buffers:           45188 kB
Cached:           280696 kB
MemTotal:        1844596 kB
MemFree:         1268508 kB
MemAvailable:    1470108 kB
Buffers:           45188 kB
Cached:           280696 kB
MemTotal:        1844596 kB
MemFree:         1269636 kB
MemAvailable:    1471236 kB
Buffers:           45188 kB
Cached:           280696 kB
MemTotal:        1844596 kB
MemFree:         1269764 kB
MemAvailable:    1471364 kB
Buffers:           45188 kB
Cached:           280696 kB
MemTotal:        1844596 kB
MemFree:         1268584 kB
MemAvailable:    1470184 kB
Buffers:           45188 kB
Cached:           280696 kB
MemTotal:        1844596 kB
MemFree:         1268496 kB
MemAvailable:    1470096 kB
Buffers:           45188 kB
Cached:           280696 kB
MemTotal:        1844596 kB
MemFree:         1269776 kB
MemAvailable:    1471376 kB
Buffers:           45188 kB
Cached:           280696 kB
MemTotal:        1844596 kB
MemFree:         1269736 kB
MemAvailable:    1471336 kB
Buffers:           45188 kB
Cached:           280696 kB
MemTotal:        1844596 kB
MemFree:         1269704 kB
MemAvailable:    1471304 kB
Buffers:           45188 kB
Cached:           280696 kB
MemTotal:        1844596 kB
MemFree:         1268412 kB
MemAvailable:    1470012 kB
Buffers:           45188 kB
Cached:           280696 kB
MemTotal:        1844596 kB
MemFree:         1268412 kB
MemAvailable:    1470016 kB
Buffers:           45188 kB
Cached:           280700 kB
MemTotal:        1844596 kB
MemFree:         1268272 kB
MemAvailable:    1469876 kB
Buffers:           45188 kB
Cached:           280700 kB
MemTotal:        1844596 kB
MemFree:         1268396 kB
MemAvailable:    1470000 kB
Buffers:           45188 kB
Cached:           280700 kB
MemTotal:        1844596 kB
MemFree:         1269464 kB
MemAvailable:    1471072 kB
Buffers:           45188 kB
Cached:           280704 kB
MemTotal:        1844596 kB
MemFree:         1269404 kB
MemAvailable:    1471012 kB
Buffers:           45188 kB
Cached:           280704 kB
MemTotal:        1844596 kB
MemFree:         1269568 kB
MemAvailable:    1471176 kB
Buffers:           45188 kB
Cached:           280704 kB
MemTotal:        1844596 kB
MemFree:         1268600 kB
MemAvailable:    1470208 kB
Buffers:           45188 kB
Cached:           280704 kB
MemTotal:        1844596 kB
MemFree:         1269396 kB
MemAvailable:    1471004 kB
Buffers:           45188 kB
Cached:           280704 kB
MemTotal:        1844596 kB
MemFree:         1269536 kB
MemAvailable:    1471144 kB
Buffers:           45188 kB
Cached:           280704 kB
MemTotal:        1844596 kB
MemFree:         1269520 kB
MemAvailable:    1471128 kB
Buffers:           45188 kB
Cached:           280704 kB
MemTotal:        1844596 kB
MemFree:         1269412 kB
MemAvailable:    1471020 kB
Buffers:           45188 kB
Cached:           280704 kB
MemTotal:        1844596 kB
MemFree:         1268240 kB
MemAvailable:    1469848 kB
Buffers:           45188 kB
Cached:           280704 kB
MemTotal:        1844596 kB
MemFree:         1268232 kB
MemAvailable:    1469840 kB
Buffers:           45188 kB
Cached:           280704 kB
MemTotal:        1844596 kB
MemFree:         1269576 kB
MemAvailable:    1471184 kB
Buffers:           45188 kB
Cached:           280704 kB
MemTotal:        1844596 kB
MemFree:         1268648 kB
MemAvailable:    1470256 kB
Buffers:           45188 kB
Cached:           280704 kB
MemTotal:        1844596 kB
MemFree:         1268400 kB
MemAvailable:    1470008 kB
Buffers:           45188 kB
Cached:           280704 kB
MemTotal:        1844596 kB
MemFree:         1269388 kB
MemAvailable:    1470996 kB
Buffers:           45188 kB
Cached:           280704 kB
MemTotal:        1844596 kB
MemFree:         1269640 kB
MemAvailable:    1471248 kB
Buffers:           45188 kB
Cached:           280704 kB
MemTotal:        1844596 kB
MemFree:         1268536 kB
MemAvailable:    1470144 kB
Buffers:           45188 kB
Cached:           280704 kB
MemTotal:        1844596 kB
MemFree:         1269596 kB
MemAvailable:    1471204 kB
Buffers:           45188 kB
Cached:           280704 kB
MemTotal:        1844596 kB
MemFree:         1268108 kB
MemAvailable:    1469716 kB
Buffers:           45188 kB
Cached:           280704 kB
MemTotal:        1844596 kB
MemFree:         1268240 kB
MemAvailable:    1469848 kB
Buffers:           45188 kB
Cached:           280704 kB
MemTotal:        1844596 kB
MemFree:         1269540 kB
MemAvailable:    1471148 kB
Buffers:           45188 kB
Cached:           280704 kB
MemTotal:        1844596 kB
MemFree:         1269468 kB
MemAvailable:    1471076 kB
Buffers:           45188 kB
Cached:           280704 kB
MemTotal:        1844596 kB
MemFree:         1269412 kB
MemAvailable:    1471020 kB
Buffers:           45188 kB
Cached:           280704 kB
MemTotal:        1844596 kB
MemFree:         1269520 kB
MemAvailable:    1471128 kB
Buffers:           45188 kB
Cached:           280704 kB
MemTotal:        1844596 kB
MemFree:         1269544 kB
MemAvailable:    1471152 kB
Buffers:           45188 kB
Cached:           280704 kB
MemTotal:        1844596 kB
MemFree:         1269348 kB
MemAvailable:    1470956 kB
Buffers:           45188 kB
Cached:           280704 kB
MemTotal:        1844596 kB
MemFree:         1269280 kB
MemAvailable:    1470888 kB
Buffers:           45188 kB
Cached:           280704 kB
MemTotal:        1844596 kB
MemFree:         1269468 kB
MemAvailable:    1471076 kB
Buffers:           45188 kB
Cached:           280704 kB
MemTotal:        1844596 kB
MemFree:         1269536 kB
MemAvailable:    1471144 kB
Buffers:           45188 kB
Cached:           280704 kB
MemTotal:        1844596 kB
MemFree:         1269712 kB
MemAvailable:    1471320 kB
Buffers:           45188 kB
Cached:           280704 kB
MemTotal:        1844596 kB
MemFree:         1269588 kB
MemAvailable:    1471196 kB
Buffers:           45188 kB
Cached:           280704 kB
MemTotal:        1844596 kB
MemFree:         1268652 kB
MemAvailable:    1470260 kB
Buffers:           45188 kB
Cached:           280704 kB
MemTotal:        1844596 kB
MemFree:         1268232 kB
MemAvailable:    1469840 kB
Buffers:           45188 kB
Cached:           280704 kB
MemTotal:        1844596 kB
MemFree:         1269600 kB
MemAvailable:    1471208 kB
Buffers:           45188 kB
Cached:           280704 kB
MemTotal:        1844596 kB
MemFree:         1268228 kB
MemAvailable:    1469836 kB
Buffers:           45188 kB
Cached:           280704 kB
MemTotal:        1844596 kB
MemFree:         1269404 kB
MemAvailable:    1471012 kB
Buffers:           45188 kB
Cached:           280704 kB
MemTotal:        1844596 kB
MemFree:         1268240 kB
MemAvailable:    1469848 kB
Buffers:           45188 kB
Cached:           280704 kB
MemTotal:        1844596 kB
MemFree:         1268488 kB
MemAvailable:    1470096 kB
Buffers:           45188 kB
Cached:           280704 kB
MemTotal:        1844596 kB
MemFree:         1268276 kB
MemAvailable:    1469884 kB
Buffers:           45188 kB
Cached:           280704 kB
MemTotal:        1844596 kB
MemFree:         1268368 kB
MemAvailable:    1469976 kB
Buffers:           45188 kB
Cached:           280704 kB
MemTotal:        1844596 kB
MemFree:         1269644 kB
MemAvailable:    1471252 kB
Buffers:           45188 kB
Cached:           280704 kB
MemTotal:        1844596 kB
MemFree:         1269556 kB
MemAvailable:    1471164 kB
Buffers:           45188 kB
Cached:           280704 kB
MemTotal:        1844596 kB
MemFree:         1268508 kB
MemAvailable:    1470116 kB
Buffers:           45188 kB
Cached:           280704 kB
MemTotal:        1844596 kB
MemFree:         1268232 kB
MemAvailable:    1469840 kB
Buffers:           45188 kB
Cached:           280704 kB
MemTotal:        1844596 kB
MemFree:         1268772 kB
MemAvailable:    1470380 kB
Buffers:           45188 kB
Cached:           280704 kB
MemTotal:        1844596 kB
MemFree:         1269460 kB
MemAvailable:    1471068 kB
Buffers:           45188 kB
Cached:           280704 kB
MemTotal:        1844596 kB
MemFree:         1269776 kB
MemAvailable:    1471384 kB
Buffers:           45188 kB
Cached:           280704 kB
MemTotal:        1844596 kB
MemFree:         1269700 kB
MemAvailable:    1471308 kB
Buffers:           45188 kB
Cached:           280704 kB
MemTotal:        1844596 kB
MemFree:         1269520 kB
MemAvailable:    1471128 kB
Buffers:           45188 kB
Cached:           280704 kB
MemTotal:        1844596 kB
MemFree:         1269648 kB
MemAvailable:    1471256 kB
Buffers:           45188 kB
Cached:           280704 kB
MemTotal:        1844596 kB
MemFree:         1269728 kB
MemAvailable:    1471336 kB
Buffers:           45188 kB
Cached:           280704 kB
MemTotal:        1844596 kB
MemFree:         1269452 kB
MemAvailable:    1471060 kB
Buffers:           45188 kB
Cached:           280704 kB
MemTotal:        1844596 kB
MemFree:         1268240 kB
MemAvailable:    1469848 kB
Buffers:           45188 kB
Cached:           280704 kB
MemTotal:        1844596 kB
MemFree:         1268240 kB
MemAvailable:    1469848 kB
Buffers:           45188 kB
Cached:           280704 kB
MemTotal:        1844596 kB
MemFree:         1269396 kB
MemAvailable:    1471004 kB
Buffers:           45188 kB
Cached:           280704 kB
MemTotal:        1844596 kB
MemFree:         1269732 kB
MemAvailable:    1471340 kB
Buffers:           45188 kB
Cached:           280704 kB
MemTotal:        1844596 kB
MemFree:         1269456 kB
MemAvailable:    1471064 kB
Buffers:           45188 kB
Cached:           280704 kB
MemTotal:        1844596 kB
MemFree:         1268364 kB
MemAvailable:    1469972 kB
Buffers:           45188 kB
Cached:           280704 kB
MemTotal:        1844596 kB
MemFree:         1269388 kB
MemAvailable:    1470996 kB
Buffers:           45188 kB
Cached:           280704 kB
MemTotal:        1844596 kB
MemFree:         1269640 kB
MemAvailable:    1471248 kB
Buffers:           45188 kB
Cached:           280704 kB
MemTotal:        1844596 kB
MemFree:         1269516 kB
MemAvailable:    1471124 kB
Buffers:           45188 kB
Cached:           280704 kB
MemTotal:        1844596 kB
MemFree:         1268228 kB
MemAvailable:    1469836 kB
Buffers:           45188 kB
Cached:           280704 kB
MemTotal:        1844596 kB
MemFree:         1268220 kB
MemAvailable:    1469828 kB
Buffers:           45188 kB
Cached:           280704 kB
MemTotal:        1844596 kB
MemFree:         1268220 kB
MemAvailable:    1469828 kB
Buffers:           45188 kB
Cached:           280704 kB
MemTotal:        1844596 kB
MemFree:         1268096 kB
MemAvailable:    1469704 kB
Buffers:           45188 kB
Cached:           280704 kB
MemTotal:        1844596 kB
MemFree:         1268388 kB
MemAvailable:    1469996 kB
Buffers:           45188 kB
Cached:           280704 kB
MemTotal:        1844596 kB
MemFree:         1268280 kB
MemAvailable:    1469900 kB
Buffers:           45188 kB
Cached:           280716 kB
MemTotal:        1844596 kB
MemFree:         1268288 kB
MemAvailable:    1469908 kB
Buffers:           45188 kB
Cached:           280716 kB
MemTotal:        1844596 kB
MemFree:         1269588 kB
MemAvailable:    1471208 kB
Buffers:           45188 kB
Cached:           280716 kB
MemTotal:        1844596 kB
MemFree:         1269724 kB
MemAvailable:    1471344 kB
Buffers:           45188 kB
Cached:           280716 kB
MemTotal:        1844596 kB
MemFree:         1268104 kB
MemAvailable:    1469724 kB
Buffers:           45188 kB
Cached:           280716 kB
MemTotal:        1844596 kB
MemFree:         1269600 kB
MemAvailable:    1471220 kB
Buffers:           45188 kB
Cached:           280716 kB
MemTotal:        1844596 kB
MemFree:         1268732 kB
MemAvailable:    1470352 kB
Buffers:           45188 kB
Cached:           280716 kB
MemTotal:        1844596 kB
MemFree:         1268228 kB
MemAvailable:    1469848 kB
Buffers:           45188 kB
Cached:           280716 kB
MemTotal:        1844596 kB
MemFree:         1269388 kB
MemAvailable:    1471008 kB
Buffers:           45188 kB
Cached:           280716 kB
MemTotal:        1844596 kB
MemFree:         1269640 kB
MemAvailable:    1471260 kB
Buffers:           45188 kB
Cached:           280716 kB
MemTotal:        1844596 kB
MemFree:         1269348 kB
MemAvailable:    1470968 kB
Buffers:           45188 kB
Cached:           280716 kB
MemTotal:        1844596 kB
MemFree:         1269548 kB
MemAvailable:    1471168 kB
Buffers:           45188 kB
Cached:           280716 kB
MemTotal:        1844596 kB
MemFree:         1269656 kB
MemAvailable:    1471276 kB
Buffers:           45188 kB
Cached:           280716 kB
MemTotal:        1844596 kB
MemFree:         1268220 kB
MemAvailable:    1469840 kB
Buffers:           45188 kB
Cached:           280716 kB
MemTotal:        1844596 kB
MemFree:         1269448 kB
MemAvailable:    1471068 kB
Buffers:           45188 kB
Cached:           280716 kB
MemTotal:        1844596 kB
MemFree:         1269676 kB
MemAvailable:    1471296 kB
Buffers:           45188 kB
Cached:           280716 kB
MemTotal:        1844596 kB
MemFree:         1268412 kB
MemAvailable:    1470032 kB
Buffers:           45188 kB
Cached:           280716 kB
MemTotal:        1844596 kB
MemFree:         1268280 kB
MemAvailable:    1469900 kB
Buffers:           45188 kB
Cached:           280716 kB
MemTotal:        1844596 kB
MemFree:         1268264 kB
MemAvailable:    1469884 kB
Buffers:           45188 kB
Cached:           280716 kB
MemTotal:        1844596 kB
MemFree:         1268512 kB
MemAvailable:    1470132 kB
Buffers:           45188 kB
Cached:           280716 kB
MemTotal:        1844596 kB
MemFree:         1268292 kB
MemAvailable:    1469912 kB
Buffers:           45188 kB
Cached:           280716 kB
MemTotal:        1844596 kB
MemFree:         1269620 kB
MemAvailable:    1471240 kB
Buffers:           45188 kB
Cached:           280716 kB
MemTotal:        1844596 kB
MemFree:         1269560 kB
MemAvailable:    1471180 kB
Buffers:           45188 kB
Cached:           280716 kB
MemTotal:        1844596 kB
MemFree:         1268320 kB
MemAvailable:    1469940 kB
Buffers:           45188 kB
Cached:           280716 kB
MemTotal:        1844596 kB
MemFree:         1269420 kB
MemAvailable:    1471040 kB
Buffers:           45188 kB
Cached:           280716 kB
MemTotal:        1844596 kB
MemFree:         1269760 kB
MemAvailable:    1471380 kB
Buffers:           45188 kB
Cached:           280716 kB
MemTotal:        1844596 kB
MemFree:         1269496 kB
MemAvailable:    1471116 kB
Buffers:           45188 kB
Cached:           280716 kB
MemTotal:        1844596 kB
MemFree:         1268272 kB
MemAvailable:    1469892 kB
Buffers:           45188 kB
Cached:           280716 kB
MemTotal:        1844596 kB
MemFree:         1269700 kB
MemAvailable:    1471320 kB
Buffers:           45188 kB
Cached:           280716 kB
MemTotal:        1844596 kB
MemFree:         1268436 kB
MemAvailable:    1470056 kB
Buffers:           45188 kB
Cached:           280716 kB
MemTotal:        1844596 kB
MemFree:         1268676 kB
MemAvailable:    1470296 kB
Buffers:           45188 kB
Cached:           280716 kB
MemTotal:        1844596 kB
MemFree:         1268272 kB
MemAvailable:    1469892 kB
Buffers:           45188 kB
Cached:           280716 kB
MemTotal:        1844596 kB
MemFree:         1268320 kB
MemAvailable:    1469940 kB
Buffers:           45188 kB
Cached:           280716 kB
MemTotal:        1844596 kB
MemFree:         1269740 kB
MemAvailable:    1471360 kB
Buffers:           45188 kB
Cached:           280716 kB
MemTotal:        1844596 kB
MemFree:         1269620 kB
MemAvailable:    1471240 kB
Buffers:           45188 kB
Cached:           280716 kB
MemTotal:        1844596 kB
MemFree:         1268444 kB
MemAvailable:    1470064 kB
Buffers:           45188 kB
Cached:           280716 kB
MemTotal:        1844596 kB
MemFree:         1268320 kB
MemAvailable:    1469940 kB
Buffers:           45188 kB
Cached:           280716 kB
MemTotal:        1844596 kB
MemFree:         1268320 kB
MemAvailable:    1469940 kB
Buffers:           45188 kB
Cached:           280716 kB
MemTotal:        1844596 kB
MemFree:         1268320 kB
MemAvailable:    1469940 kB
Buffers:           45188 kB
Cached:           280716 kB
MemTotal:        1844596 kB
MemFree:         1268400 kB
MemAvailable:    1470020 kB
Buffers:           45188 kB
Cached:           280716 kB
MemTotal:        1844596 kB
MemFree:         1268512 kB
MemAvailable:    1470132 kB
Buffers:           45188 kB
Cached:           280716 kB
MemTotal:        1844596 kB
MemFree:         1268680 kB
MemAvailable:    1470300 kB
Buffers:           45188 kB
Cached:           280716 kB
MemTotal:        1844596 kB
MemFree:         1269692 kB
MemAvailable:    1471312 kB
Buffers:           45188 kB
Cached:           280716 kB
MemTotal:        1844596 kB
MemFree:         1269752 kB
MemAvailable:    1471372 kB
Buffers:           45188 kB
Cached:           280716 kB
MemTotal:        1844596 kB
MemFree:         1269380 kB
MemAvailable:    1471000 kB
Buffers:           45188 kB
Cached:           280716 kB
MemTotal:        1844596 kB
MemFree:         1269064 kB
MemAvailable:    1470684 kB
Buffers:           45188 kB
Cached:           280716 kB
MemTotal:        1844596 kB
MemFree:         1268300 kB
MemAvailable:    1469920 kB
Buffers:           45188 kB
Cached:           280716 kB
MemTotal:        1844596 kB
MemFree:         1268308 kB
MemAvailable:    1469928 kB
Buffers:           45188 kB
Cached:           280716 kB
MemTotal:        1844596 kB
MemFree:         1269608 kB
MemAvailable:    1471228 kB
Buffers:           45188 kB
Cached:           280716 kB
MemTotal:        1844596 kB
MemFree:         1268320 kB
MemAvailable:    1469940 kB
Buffers:           45188 kB
Cached:           280716 kB
MemTotal:        1844596 kB
MemFree:         1269560 kB
MemAvailable:    1471180 kB
Buffers:           45188 kB
Cached:           280716 kB
MemTotal:        1844596 kB
MemFree:         1269496 kB
MemAvailable:    1471116 kB
Buffers:           45188 kB
Cached:           280716 kB
MemTotal:        1844596 kB
MemFree:         1268272 kB
MemAvailable:    1469892 kB
Buffers:           45188 kB
Cached:           280716 kB
MemTotal:        1844596 kB
MemFree:         1268320 kB
MemAvailable:    1469940 kB
Buffers:           45188 kB
Cached:           280716 kB
MemTotal:        1844596 kB
MemFree:         1268396 kB
MemAvailable:    1470016 kB
Buffers:           45188 kB
Cached:           280716 kB
MemTotal:        1844596 kB
MemFree:         1268444 kB
MemAvailable:    1470064 kB
Buffers:           45188 kB
Cached:           280716 kB
MemTotal:        1844596 kB
MemFree:         1268272 kB
MemAvailable:    1469892 kB
Buffers:           45188 kB
Cached:           280716 kB
MemTotal:        1844596 kB
MemFree:         1269428 kB
MemAvailable:    1471048 kB
Buffers:           45188 kB
Cached:           280716 kB
MemTotal:        1844596 kB
MemFree:         1269764 kB
MemAvailable:    1471384 kB
Buffers:           45188 kB
Cached:           280716 kB
MemTotal:        1844596 kB
MemFree:         1268188 kB
MemAvailable:    1469808 kB
Buffers:           45188 kB
Cached:           280716 kB
MemTotal:        1844596 kB
MemFree:         1268272 kB
MemAvailable:    1469892 kB
Buffers:           45188 kB
Cached:           280716 kB
MemTotal:        1844596 kB
MemFree:         1268444 kB
MemAvailable:    1470064 kB
Buffers:           45188 kB
Cached:           280716 kB
MemTotal:        1844596 kB
MemFree:         1268644 kB
MemAvailable:    1470264 kB
Buffers:           45188 kB
Cached:           280716 kB
MemTotal:        1844596 kB
MemFree:         1269560 kB
MemAvailable:    1471184 kB
Buffers:           45188 kB
Cached:           280724 kB
MemTotal:        1844596 kB
MemFree:         1268396 kB
MemAvailable:    1470020 kB
Buffers:           45188 kB
Cached:           280724 kB
MemTotal:        1844596 kB
MemFree:         1268760 kB
MemAvailable:    1470384 kB
Buffers:           45188 kB
Cached:           280724 kB
MemTotal:        1844596 kB
MemFree:         1268264 kB
MemAvailable:    1469888 kB
Buffers:           45188 kB
Cached:           280724 kB
MemTotal:        1844596 kB
MemFree:         1269500 kB
MemAvailable:    1471124 kB
Buffers:           45188 kB
Cached:           280724 kB
MemTotal:        1844596 kB
MemFree:         1269568 kB
MemAvailable:    1471192 kB
Buffers:           45188 kB
Cached:           280724 kB
MemTotal:        1844596 kB
MemFree:         1269572 kB
MemAvailable:    1471196 kB
Buffers:           45188 kB
Cached:           280724 kB
MemTotal:        1844596 kB
MemFree:         1269568 kB
MemAvailable:    1471192 kB
Buffers:           45188 kB
Cached:           280724 kB
MemTotal:        1844596 kB
MemFree:         1268196 kB
MemAvailable:    1469820 kB
Buffers:           45188 kB
Cached:           280724 kB
MemTotal:        1844596 kB
MemFree:         1268280 kB
MemAvailable:    1469904 kB
Buffers:           45188 kB
Cached:           280724 kB
MemTotal:        1844596 kB
MemFree:         1268272 kB
MemAvailable:    1469896 kB
Buffers:           45188 kB
Cached:           280724 kB
MemTotal:        1844596 kB
MemFree:         1268272 kB
MemAvailable:    1469896 kB
Buffers:           45188 kB
Cached:           280724 kB
MemTotal:        1844596 kB
MemFree:         1268396 kB
MemAvailable:    1470020 kB
Buffers:           45188 kB
Cached:           280724 kB
MemTotal:        1844596 kB
MemFree:         1268140 kB
MemAvailable:    1469764 kB
Buffers:           45188 kB
Cached:           280724 kB
MemTotal:        1844596 kB
MemFree:         1268008 kB
MemAvailable:    1469632 kB
Buffers:           45188 kB
Cached:           280724 kB
MemTotal:        1844596 kB
MemFree:         1268052 kB
MemAvailable:    1469676 kB
Buffers:           45188 kB
Cached:           280724 kB
MemTotal:        1844596 kB
MemFree:         1268176 kB
MemAvailable:    1469800 kB
Buffers:           45188 kB
Cached:           280724 kB
MemTotal:        1844596 kB
MemFree:         1268048 kB
MemAvailable:    1469672 kB
Buffers:           45188 kB
Cached:           280724 kB
MemTotal:        1844596 kB
MemFree:         1268016 kB
MemAvailable:    1469640 kB
Buffers:           45188 kB
Cached:           280724 kB
MemTotal:        1844596 kB
MemFree:         1268016 kB
MemAvailable:    1469640 kB
Buffers:           45188 kB
Cached:           280724 kB
MemTotal:        1844596 kB
MemFree:         1268512 kB
MemAvailable:    1470136 kB
Buffers:           45188 kB
Cached:           280724 kB
MemTotal:        1844596 kB
MemFree:         1269448 kB
MemAvailable:    1471072 kB
Buffers:           45188 kB
Cached:           280724 kB
MemTotal:        1844596 kB
MemFree:         1268700 kB
MemAvailable:    1470324 kB
Buffers:           45188 kB
Cached:           280724 kB
MemTotal:        1844596 kB
MemFree:         1269388 kB
MemAvailable:    1471012 kB
Buffers:           45188 kB
Cached:           280724 kB
MemTotal:        1844596 kB
MemFree:         1268024 kB
MemAvailable:    1469648 kB
Buffers:           45188 kB
Cached:           280724 kB
MemTotal:        1844596 kB
MemFree:         1269172 kB
MemAvailable:    1470796 kB
Buffers:           45188 kB
Cached:           280724 kB
MemTotal:        1844596 kB
MemFree:         1269248 kB
MemAvailable:    1470872 kB
Buffers:           45188 kB
Cached:           280724 kB
MemTotal:        1844596 kB
MemFree:         1268196 kB
MemAvailable:    1469820 kB
Buffers:           45188 kB
Cached:           280724 kB
MemTotal:        1844596 kB
MemFree:         1269240 kB
MemAvailable:    1470864 kB
Buffers:           45188 kB
Cached:           280724 kB
MemTotal:        1844596 kB
MemFree:         1268024 kB
MemAvailable:    1469648 kB
Buffers:           45188 kB
Cached:           280724 kB
MemTotal:        1844596 kB
MemFree:         1269436 kB
MemAvailable:    1471060 kB
Buffers:           45188 kB
Cached:           280724 kB
MemTotal:        1844596 kB
MemFree:         1268024 kB
MemAvailable:    1469648 kB
Buffers:           45188 kB
Cached:           280724 kB
MemTotal:        1844596 kB
MemFree:         1269144 kB
MemAvailable:    1470768 kB
Buffers:           45188 kB
Cached:           280724 kB
MemTotal:        1844596 kB
MemFree:         1269396 kB
MemAvailable:    1471020 kB
Buffers:           45188 kB
Cached:           280724 kB
MemTotal:        1844596 kB
MemFree:         1269392 kB
MemAvailable:    1471016 kB
Buffers:           45188 kB
Cached:           280724 kB
MemTotal:        1844596 kB
MemFree:         1268268 kB
MemAvailable:    1469892 kB
Buffers:           45188 kB
Cached:           280724 kB
MemTotal:        1844596 kB
MemFree:         1268384 kB
MemAvailable:    1470008 kB
Buffers:           45188 kB
Cached:           280724 kB
MemTotal:        1844596 kB
MemFree:         1267940 kB
MemAvailable:    1469564 kB
Buffers:           45188 kB
Cached:           280724 kB
MemTotal:        1844596 kB
MemFree:         1268024 kB
MemAvailable:    1469648 kB
Buffers:           45188 kB
Cached:           280724 kB
MemTotal:        1844596 kB
MemFree:         1268016 kB
MemAvailable:    1469640 kB
Buffers:           45188 kB
Cached:           280724 kB
MemTotal:        1844596 kB
MemFree:         1268016 kB
MemAvailable:    1469640 kB
Buffers:           45188 kB
Cached:           280724 kB
MemTotal:        1844596 kB
MemFree:         1269252 kB
MemAvailable:    1470876 kB
Buffers:           45188 kB
Cached:           280724 kB
MemTotal:        1844596 kB
MemFree:         1268948 kB
MemAvailable:    1470572 kB
Buffers:           45188 kB
Cached:           280724 kB
MemTotal:        1844596 kB
MemFree:         1268312 kB
MemAvailable:    1469936 kB
Buffers:           45188 kB
Cached:           280724 kB
MemTotal:        1844596 kB
MemFree:         1269324 kB
MemAvailable:    1470948 kB
Buffers:           45196 kB
Cached:           280716 kB
MemTotal:        1844596 kB
MemFree:         1269180 kB
MemAvailable:    1470804 kB
Buffers:           45196 kB
Cached:           280716 kB
MemTotal:        1844596 kB
MemFree:         1269520 kB
MemAvailable:    1471144 kB
Buffers:           45196 kB
Cached:           280716 kB
MemTotal:        1844596 kB
MemFree:         1269324 kB
MemAvailable:    1470948 kB
Buffers:           45196 kB
Cached:           280716 kB
MemTotal:        1844596 kB
MemFree:         1268060 kB
MemAvailable:    1469684 kB
Buffers:           45196 kB
Cached:           280716 kB
MemTotal:        1844596 kB
MemFree:         1269240 kB
MemAvailable:    1470864 kB
Buffers:           45196 kB
Cached:           280716 kB
MemTotal:        1844596 kB
MemFree:         1267892 kB
MemAvailable:    1469516 kB
Buffers:           45196 kB
Cached:           280716 kB
MemTotal:        1844596 kB
MemFree:         1267892 kB
MemAvailable:    1469516 kB
Buffers:           45196 kB
Cached:           280716 kB
MemTotal:        1844596 kB
MemFree:         1267900 kB
MemAvailable:    1469524 kB
Buffers:           45196 kB
Cached:           280716 kB
MemTotal:        1844596 kB
MemFree:         1268072 kB
MemAvailable:    1469696 kB
Buffers:           45196 kB
Cached:           280716 kB
MemTotal:        1844596 kB
MemFree:         1268072 kB
MemAvailable:    1469696 kB
Buffers:           45196 kB
Cached:           280716 kB
MemTotal:        1844596 kB
MemFree:         1269324 kB
MemAvailable:    1470948 kB
Buffers:           45196 kB
Cached:           280716 kB
MemTotal:        1844596 kB
MemFree:         1268060 kB
MemAvailable:    1469684 kB
Buffers:           45196 kB
Cached:           280716 kB
MemTotal:        1844596 kB
MemFree:         1269444 kB
MemAvailable:    1471068 kB
Buffers:           45196 kB
Cached:           280716 kB
MemTotal:        1844596 kB
MemFree:         1268576 kB
MemAvailable:    1470200 kB
Buffers:           45196 kB
Cached:           280716 kB
MemTotal:        1844596 kB
MemFree:         1270068 kB
MemAvailable:    1471692 kB
Buffers:           45196 kB
Cached:           280716 kB
MemTotal:        1844596 kB
MemFree:         1270188 kB
MemAvailable:    1471812 kB
Buffers:           45196 kB
Cached:           280716 kB
MemTotal:        1844596 kB
MemFree:         1269800 kB
MemAvailable:    1471424 kB
Buffers:           45196 kB
Cached:           280716 kB
MemTotal:        1844596 kB
MemFree:         1269968 kB
MemAvailable:    1471592 kB
Buffers:           45196 kB
Cached:           280716 kB
MemTotal:        1844596 kB
