MemTotal:        1844596 kB
MemFree:          713140 kB
MemAvailable:    1574916 kB
Buffers:           75936 kB
Cached:           904896 kB
MemTotal:        1844596 kB
MemFree:          710660 kB
MemAvailable:    1572436 kB
Buffers:           75936 kB
Cached:           904896 kB
MemTotal:        1844596 kB
MemFree:          708668 kB
MemAvailable:    1570444 kB
Buffers:           75936 kB
Cached:           904896 kB
MemTotal:        1844596 kB
MemFree:          708860 kB
MemAvailable:    1570636 kB
Buffers:           75936 kB
Cached:           904896 kB
MemTotal:        1844596 kB
MemFree:          706064 kB
MemAvailable:    1567840 kB
Buffers:           75936 kB
Cached:           904896 kB
MemTotal:        1844596 kB
MemFree:          706312 kB
MemAvailable:    1568088 kB
Buffers:           75936 kB
Cached:           904896 kB
MemTotal:        1844596 kB
MemFree:          705064 kB
MemAvailable:    1566840 kB
Buffers:           75936 kB
Cached:           904896 kB
MemTotal:        1844596 kB
MemFree:          705148 kB
MemAvailable:    1566924 kB
Buffers:           75936 kB
Cached:           904896 kB
MemTotal:        1844596 kB
MemFree:          701228 kB
MemAvailable:    1563004 kB
Buffers:           75936 kB
Cached:           904896 kB
MemTotal:        1844596 kB
MemFree:          698748 kB
MemAvailable:    1560524 kB
Buffers:           75936 kB
Cached:           904896 kB
MemTotal:        1844596 kB
MemFree:          695772 kB
MemAvailable:    1557548 kB
Buffers:           75936 kB
Cached:           904896 kB
MemTotal:        1844596 kB
MemFree:          698288 kB
MemAvailable:    1560064 kB
Buffers:           75936 kB
Cached:           904896 kB
MemTotal:        1844596 kB
MemFree:          698624 kB
MemAvailable:    1560400 kB
Buffers:           75936 kB
Cached:           904896 kB
MemTotal:        1844596 kB
MemFree:          698244 kB
MemAvailable:    1560020 kB
Buffers:           75936 kB
Cached:           904896 kB
MemTotal:        1844596 kB
MemFree:          698496 kB
MemAvailable:    1560272 kB
Buffers:           75936 kB
Cached:           904896 kB
MemTotal:        1844596 kB
MemFree:          698336 kB
MemAvailable:    1560112 kB
Buffers:           75936 kB
Cached:           904896 kB
MemTotal:        1844596 kB
MemFree:          698336 kB
MemAvailable:    1560112 kB
Buffers:           75936 kB
Cached:           904896 kB
MemTotal:        1844596 kB
MemFree:          697948 kB
MemAvailable:    1559724 kB
Buffers:           75936 kB
Cached:           904896 kB
MemTotal:        1844596 kB
MemFree:          698284 kB
MemAvailable:    1560060 kB
Buffers:           75936 kB
Cached:           904896 kB
MemTotal:        1844596 kB
MemFree:          697816 kB
MemAvailable:    1559592 kB
Buffers:           75936 kB
Cached:           904896 kB
MemTotal:        1844596 kB
MemFree:          697816 kB
MemAvailable:    1559592 kB
Buffers:           75936 kB
Cached:           904896 kB
MemTotal:        1844596 kB
MemFree:          696460 kB
MemAvailable:    1558236 kB
Buffers:           75936 kB
Cached:           904896 kB
MemTotal:        1844596 kB
MemFree:          695028 kB
MemAvailable:    1556804 kB
Buffers:           75936 kB
Cached:           904896 kB
MemTotal:        1844596 kB
MemFree:          696012 kB
MemAvailable:    1557788 kB
Buffers:           75936 kB
Cached:           904896 kB
MemTotal:        1844596 kB
MemFree:          696012 kB
MemAvailable:    1557788 kB
Buffers:           75936 kB
Cached:           904896 kB
MemTotal:        1844596 kB
MemFree:          694728 kB
MemAvailable:    1556504 kB
Buffers:           75936 kB
Cached:           904896 kB
MemTotal:        1844596 kB
MemFree:          696084 kB
MemAvailable:    1557860 kB
Buffers:           75936 kB
Cached:           904896 kB
MemTotal:        1844596 kB
MemFree:          695964 kB
MemAvailable:    1557740 kB
Buffers:           75936 kB
Cached:           904896 kB
MemTotal:        1844596 kB
MemFree:          695964 kB
MemAvailable:    1557740 kB
Buffers:           75936 kB
Cached:           904896 kB
MemTotal:        1844596 kB
MemFree:          696020 kB
MemAvailable:    1557796 kB
Buffers:           75936 kB
Cached:           904896 kB
MemTotal:        1844596 kB
MemFree:          696272 kB
MemAvailable:    1558048 kB
Buffers:           75936 kB
Cached:           904896 kB
MemTotal:        1844596 kB
MemFree:          694732 kB
MemAvailable:    1556508 kB
Buffers:           75936 kB
Cached:           904896 kB
MemTotal:        1844596 kB
MemFree:          696028 kB
MemAvailable:    1557804 kB
Buffers:           75936 kB
Cached:           904896 kB
MemTotal:        1844596 kB
MemFree:          696136 kB
MemAvailable:    1557912 kB
Buffers:           75936 kB
Cached:           904896 kB
MemTotal:        1844596 kB
MemFree:          695284 kB
MemAvailable:    1557060 kB
Buffers:           75936 kB
Cached:           904896 kB
MemTotal:        1844596 kB
MemFree:          693052 kB
MemAvailable:    1554828 kB
Buffers:           75936 kB
Cached:           904896 kB
MemTotal:        1844596 kB
MemFree:          691300 kB
MemAvailable:    1553076 kB
Buffers:           75936 kB
Cached:           904896 kB
MemTotal:        1844596 kB
MemFree:          691384 kB
MemAvailable:    1553160 kB
Buffers:           75936 kB
Cached:           904896 kB
MemTotal:        1844596 kB
MemFree:          689896 kB
MemAvailable:    1551672 kB
Buffers:           75936 kB
Cached:           904896 kB
MemTotal:        1844596 kB
MemFree:          690688 kB
MemAvailable:    1552464 kB
Buffers:           75936 kB
Cached:           904896 kB
MemTotal:        1844596 kB
MemFree:          691132 kB
MemAvailable:    1552908 kB
Buffers:           75936 kB
Cached:           904896 kB
MemTotal:        1844596 kB
MemFree:          690052 kB
MemAvailable:    1551828 kB
Buffers:           75936 kB
Cached:           904896 kB
MemTotal:        1844596 kB
MemFree:          690300 kB
MemAvailable:    1552076 kB
Buffers:           75936 kB
Cached:           904896 kB
MemTotal:        1844596 kB
MemFree:          690804 kB
MemAvailable:    1552580 kB
Buffers:           75936 kB
Cached:           904896 kB
MemTotal:        1844596 kB
MemFree:          690696 kB
MemAvailable:    1552472 kB
Buffers:           75936 kB
Cached:           904896 kB
MemTotal:        1844596 kB
MemFree:          690384 kB
MemAvailable:    1552160 kB
Buffers:           75936 kB
Cached:           904896 kB
MemTotal:        1844596 kB
MemFree:          690456 kB
MemAvailable:    1552232 kB
Buffers:           75936 kB
Cached:           904896 kB
MemTotal:        1844596 kB
MemFree:          690052 kB
MemAvailable:    1551828 kB
Buffers:           75936 kB
Cached:           904896 kB
MemTotal:        1844596 kB
MemFree:          690200 kB
MemAvailable:    1551976 kB
Buffers:           75936 kB
Cached:           904896 kB
MemTotal:        1844596 kB
MemFree:          688772 kB
MemAvailable:    1550548 kB
Buffers:           75936 kB
Cached:           904896 kB
MemTotal:        1844596 kB
MemFree:          688816 kB
MemAvailable:    1550592 kB
Buffers:           75936 kB
Cached:           904896 kB
MemTotal:        1844596 kB
MemFree:          690076 kB
MemAvailable:    1551852 kB
Buffers:           75936 kB
Cached:           904896 kB
MemTotal:        1844596 kB
MemFree:          690176 kB
MemAvailable:    1551952 kB
Buffers:           75936 kB
Cached:           904896 kB
MemTotal:        1844596 kB
MemFree:          689456 kB
MemAvailable:    1551232 kB
Buffers:           75936 kB
Cached:           904896 kB
MemTotal:        1844596 kB
MemFree:          689680 kB
MemAvailable:    1551456 kB
Buffers:           75936 kB
Cached:           904896 kB
MemTotal:        1844596 kB
MemFree:          689936 kB
MemAvailable:    1551712 kB
Buffers:           75936 kB
Cached:           904896 kB
MemTotal:        1844596 kB
MemFree:          688556 kB
MemAvailable:    1550332 kB
Buffers:           75936 kB
Cached:           904896 kB
MemTotal:        1844596 kB
MemFree:          689648 kB
MemAvailable:    1551424 kB
Buffers:           75936 kB
Cached:           904896 kB
MemTotal:        1844596 kB
MemFree:          688320 kB
MemAvailable:    1550096 kB
Buffers:           75936 kB
Cached:           904896 kB
MemTotal:        1844596 kB
MemFree:          689448 kB
MemAvailable:    1551224 kB
Buffers:           75936 kB
Cached:           904896 kB
MemTotal:        1844596 kB
MemFree:          689576 kB
MemAvailable:    1551352 kB
Buffers:           75936 kB
Cached:           904896 kB
MemTotal:        1844596 kB
MemFree:          688588 kB
MemAvailable:    1550364 kB
Buffers:           75936 kB
Cached:           904896 kB
MemTotal:        1844596 kB
MemFree:          689448 kB
MemAvailable:    1551224 kB
Buffers:           75936 kB
Cached:           904896 kB
MemTotal:        1844596 kB
MemFree:          689448 kB
MemAvailable:    1551224 kB
Buffers:           75936 kB
Cached:           904896 kB
MemTotal:        1844596 kB
MemFree:          689432 kB
MemAvailable:    1551208 kB
Buffers:           75936 kB
Cached:           904896 kB
MemTotal:        1844596 kB
MemFree:          689580 kB
MemAvailable:    1551356 kB
Buffers:           75936 kB
Cached:           904896 kB
MemTotal:        1844596 kB
MemFree:          688160 kB
MemAvailable:    1549936 kB
Buffers:           75936 kB
Cached:           904896 kB
MemTotal:        1844596 kB
MemFree:          686664 kB
MemAvailable:    1548440 kB
Buffers:           75936 kB
Cached:           904896 kB
MemTotal:        1844596 kB
MemFree:          683556 kB
MemAvailable:    1545332 kB
Buffers:           75936 kB
Cached:           904896 kB
MemTotal:        1844596 kB
MemFree:          682636 kB
MemAvailable:    1544412 kB
Buffers:           75936 kB
Cached:           904896 kB
MemTotal:        1844596 kB
MemFree:          683292 kB
MemAvailable:    1545080 kB
Buffers:           75936 kB
Cached:           904908 kB
MemTotal:        1844596 kB
MemFree:          683464 kB
MemAvailable:    1545252 kB
Buffers:           75936 kB
Cached:           904908 kB
MemTotal:        1844596 kB
MemFree:          682876 kB
MemAvailable:    1544664 kB
Buffers:           75936 kB
Cached:           904908 kB
MemTotal:        1844596 kB
MemFree:          682876 kB
MemAvailable:    1544664 kB
Buffers:           75936 kB
Cached:           904908 kB
MemTotal:        1844596 kB
MemFree:          682364 kB
MemAvailable:    1544152 kB
Buffers:           75936 kB
Cached:           904908 kB
MemTotal:        1844596 kB
MemFree:          682616 kB
MemAvailable:    1544404 kB
Buffers:           75936 kB
Cached:           904908 kB
MemTotal:        1844596 kB
MemFree:          682332 kB
MemAvailable:    1544120 kB
Buffers:           75936 kB
Cached:           904908 kB
MemTotal:        1844596 kB
MemFree:          682060 kB
MemAvailable:    1543848 kB
Buffers:           75936 kB
Cached:           904908 kB
MemTotal:        1844596 kB
MemFree:          682060 kB
MemAvailable:    1543848 kB
Buffers:           75936 kB
Cached:           904908 kB
MemTotal:        1844596 kB
MemFree:          680628 kB
MemAvailable:    1542416 kB
Buffers:           75936 kB
Cached:           904908 kB
MemTotal:        1844596 kB
MemFree:          681812 kB
MemAvailable:    1543600 kB
Buffers:           75936 kB
Cached:           904908 kB
MemTotal:        1844596 kB
MemFree:          681208 kB
MemAvailable:    1542996 kB
Buffers:           75936 kB
Cached:           904908 kB
MemTotal:        1844596 kB
MemFree:          679776 kB
MemAvailable:    1541564 kB
Buffers:           75936 kB
Cached:           904908 kB
MemTotal:        1844596 kB
MemFree:          680712 kB
MemAvailable:    1542500 kB
Buffers:           75936 kB
Cached:           904908 kB
MemTotal:        1844596 kB
MemFree:          679040 kB
MemAvailable:    1540828 kB
Buffers:           75936 kB
Cached:           904908 kB
MemTotal:        1844596 kB
MemFree:          678660 kB
MemAvailable:    1540448 kB
Buffers:           75936 kB
Cached:           904908 kB
MemTotal:        1844596 kB
MemFree:          678528 kB
MemAvailable:    1540316 kB
Buffers:           75936 kB
Cached:           904908 kB
MemTotal:        1844596 kB
MemFree:          679828 kB
MemAvailable:    1541616 kB
Buffers:           75936 kB
Cached:           904908 kB
MemTotal:        1844596 kB
MemFree:          679948 kB
MemAvailable:    1541736 kB
Buffers:           75936 kB
Cached:           904908 kB
MemTotal:        1844596 kB
MemFree:          679744 kB
MemAvailable:    1541532 kB
Buffers:           75936 kB
Cached:           904908 kB
MemTotal:        1844596 kB
MemFree:          679728 kB
MemAvailable:    1541516 kB
Buffers:           75936 kB
Cached:           904908 kB
MemTotal:        1844596 kB
MemFree:          679712 kB
MemAvailable:    1541500 kB
Buffers:           75936 kB
Cached:           904908 kB
MemTotal:        1844596 kB
MemFree:          679964 kB
MemAvailable:    1541752 kB
Buffers:           75936 kB
Cached:           904908 kB
MemTotal:        1844596 kB
MemFree:          679852 kB
MemAvailable:    1541640 kB
Buffers:           75936 kB
Cached:           904908 kB
MemTotal:        1844596 kB
MemFree:          679288 kB
MemAvailable:    1541076 kB
Buffers:           75936 kB
Cached:           904908 kB
MemTotal:        1844596 kB
MemFree:          679884 kB
MemAvailable:    1541672 kB
Buffers:           75936 kB
Cached:           904908 kB
MemTotal:        1844596 kB
MemFree:          679968 kB
MemAvailable:    1541756 kB
Buffers:           75936 kB
Cached:           904908 kB
MemTotal:        1844596 kB
MemFree:          679772 kB
MemAvailable:    1541560 kB
Buffers:           75936 kB
Cached:           904908 kB
MemTotal:        1844596 kB
MemFree:          678648 kB
MemAvailable:    1540436 kB
Buffers:           75936 kB
Cached:           904908 kB
MemTotal:        1844596 kB
MemFree:          679448 kB
MemAvailable:    1541236 kB
Buffers:           75936 kB
Cached:           904908 kB
MemTotal:        1844596 kB
MemFree:          678676 kB
MemAvailable:    1540464 kB
Buffers:           75936 kB
Cached:           904908 kB
MemTotal:        1844596 kB
MemFree:          678728 kB
MemAvailable:    1540516 kB
Buffers:           75936 kB
Cached:           904908 kB
MemTotal:        1844596 kB
MemFree:          679064 kB
MemAvailable:    1540852 kB
Buffers:           75936 kB
Cached:           904908 kB
MemTotal:        1844596 kB
MemFree:          677620 kB
MemAvailable:    1539408 kB
Buffers:           75936 kB
Cached:           904908 kB
MemTotal:        1844596 kB
MemFree:          678232 kB
MemAvailable:    1540020 kB
Buffers:           75936 kB
Cached:           904908 kB
MemTotal:        1844596 kB
MemFree:          678100 kB
MemAvailable:    1539888 kB
Buffers:           75936 kB
Cached:           904908 kB
MemTotal:        1844596 kB
MemFree:          676668 kB
MemAvailable:    1538456 kB
Buffers:           75936 kB
Cached:           904908 kB
MemTotal:        1844596 kB
MemFree:          677164 kB
MemAvailable:    1538952 kB
Buffers:           75936 kB
Cached:           904908 kB
MemTotal:        1844596 kB
MemFree:          677164 kB
MemAvailable:    1538952 kB
Buffers:           75936 kB
Cached:           904908 kB
MemTotal:        1844596 kB
MemFree:          676860 kB
MemAvailable:    1538648 kB
Buffers:           75936 kB
Cached:           904908 kB
MemTotal:        1844596 kB
MemFree:          677196 kB
MemAvailable:    1538984 kB
Buffers:           75936 kB
Cached:           904908 kB
MemTotal:        1844596 kB
MemFree:          677280 kB
MemAvailable:    1539068 kB
Buffers:           75936 kB
Cached:           904908 kB
MemTotal:        1844596 kB
MemFree:          676684 kB
MemAvailable:    1538472 kB
Buffers:           75936 kB
Cached:           904908 kB
MemTotal:        1844596 kB
MemFree:          677008 kB
MemAvailable:    1538800 kB
Buffers:           75936 kB
Cached:           904912 kB
MemTotal:        1844596 kB
MemFree:          677092 kB
MemAvailable:    1538884 kB
Buffers:           75936 kB
Cached:           904912 kB
MemTotal:        1844596 kB
MemFree:          675808 kB
MemAvailable:    1537600 kB
Buffers:           75936 kB
Cached:           904912 kB
MemTotal:        1844596 kB
MemFree:          676016 kB
MemAvailable:    1537808 kB
Buffers:           75936 kB
Cached:           904912 kB
MemTotal:        1844596 kB
MemFree:          676544 kB
MemAvailable:    1538336 kB
Buffers:           75936 kB
Cached:           904912 kB
MemTotal:        1844596 kB
MemFree:          676544 kB
MemAvailable:    1538336 kB
Buffers:           75936 kB
Cached:           904912 kB
MemTotal:        1844596 kB
MemFree:          674560 kB
MemAvailable:    1536352 kB
Buffers:           75936 kB
Cached:           904912 kB
MemTotal:        1844596 kB
MemFree:          674772 kB
MemAvailable:    1536564 kB
Buffers:           75936 kB
Cached:           904912 kB
MemTotal:        1844596 kB
MemFree:          669484 kB
MemAvailable:    1531276 kB
Buffers:           75936 kB
Cached:           904912 kB
MemTotal:        1844596 kB
MemFree:          669128 kB
MemAvailable:    1530920 kB
Buffers:           75936 kB
Cached:           904912 kB
MemTotal:        1844596 kB
MemFree:          667740 kB
MemAvailable:    1529532 kB
Buffers:           75936 kB
Cached:           904912 kB
MemTotal:        1844596 kB
MemFree:          668076 kB
MemAvailable:    1529868 kB
Buffers:           75936 kB
Cached:           904912 kB
MemTotal:        1844596 kB
MemFree:          667444 kB
MemAvailable:    1529236 kB
Buffers:           75936 kB
Cached:           904912 kB
MemTotal:        1844596 kB
MemFree:          667188 kB
MemAvailable:    1528980 kB
Buffers:           75936 kB
Cached:           904912 kB
MemTotal:        1844596 kB
MemFree:          666392 kB
MemAvailable:    1528184 kB
Buffers:           75936 kB
Cached:           904912 kB
MemTotal:        1844596 kB
MemFree:          666816 kB
MemAvailable:    1528608 kB
Buffers:           75936 kB
Cached:           904912 kB
MemTotal:        1844596 kB
MemFree:          666816 kB
MemAvailable:    1528608 kB
Buffers:           75936 kB
Cached:           904912 kB
MemTotal:        1844596 kB
MemFree:          666452 kB
MemAvailable:    1528244 kB
Buffers:           75936 kB
Cached:           904912 kB
MemTotal:        1844596 kB
MemFree:          664656 kB
MemAvailable:    1526448 kB
Buffers:           75936 kB
Cached:           904912 kB
MemTotal:        1844596 kB
MemFree:          664524 kB
MemAvailable:    1526316 kB
Buffers:           75936 kB
Cached:           904912 kB
MemTotal:        1844596 kB
MemFree:          665384 kB
MemAvailable:    1527176 kB
Buffers:           75936 kB
Cached:           904912 kB
MemTotal:        1844596 kB
MemFree:          665220 kB
MemAvailable:    1527012 kB
Buffers:           75936 kB
Cached:           904912 kB
MemTotal:        1844596 kB
MemFree:          665520 kB
MemAvailable:    1527312 kB
Buffers:           75936 kB
Cached:           904912 kB
MemTotal:        1844596 kB
MemFree:          664212 kB
MemAvailable:    1526004 kB
Buffers:           75936 kB
Cached:           904912 kB
MemTotal:        1844596 kB
MemFree:          665536 kB
MemAvailable:    1527328 kB
Buffers:           75936 kB
Cached:           904912 kB
MemTotal:        1844596 kB
MemFree:          665184 kB
MemAvailable:    1526976 kB
Buffers:           75936 kB
Cached:           904912 kB
MemTotal:        1844596 kB
MemFree:          665400 kB
MemAvailable:    1527192 kB
Buffers:           75936 kB
Cached:           904912 kB
MemTotal:        1844596 kB
MemFree:          663972 kB
MemAvailable:    1525764 kB
Buffers:           75936 kB
Cached:           904912 kB
MemTotal:        1844596 kB
MemFree:          665324 kB
MemAvailable:    1527116 kB
Buffers:           75936 kB
Cached:           904912 kB
MemTotal:        1844596 kB
MemFree:          665252 kB
MemAvailable:    1527044 kB
Buffers:           75936 kB
Cached:           904912 kB
MemTotal:        1844596 kB
MemFree:          665504 kB
MemAvailable:    1527296 kB
Buffers:           75936 kB
Cached:           904912 kB
MemTotal:        1844596 kB
MemFree:          663980 kB
MemAvailable:    1525772 kB
Buffers:           75936 kB
Cached:           904912 kB
MemTotal:        1844596 kB
MemFree:          664100 kB
MemAvailable:    1525892 kB
Buffers:           75936 kB
Cached:           904912 kB
MemTotal:        1844596 kB
MemFree:          664524 kB
MemAvailable:    1526320 kB
Buffers:           75936 kB
Cached:           904916 kB
MemTotal:        1844596 kB
MemFree:          665096 kB
MemAvailable:    1526896 kB
Buffers:           75936 kB
Cached:           904920 kB
MemTotal:        1844596 kB
MemFree:          665432 kB
MemAvailable:    1527232 kB
Buffers:           75936 kB
Cached:           904920 kB
MemTotal:        1844596 kB
MemFree:          663988 kB
MemAvailable:    1525788 kB
Buffers:           75936 kB
Cached:           904920 kB
MemTotal:        1844596 kB
MemFree:          664716 kB
MemAvailable:    1526516 kB
Buffers:           75936 kB
Cached:           904920 kB
MemTotal:        1844596 kB
MemFree:          663664 kB
MemAvailable:    1525464 kB
Buffers:           75936 kB
Cached:           904920 kB
MemTotal:        1844596 kB
MemFree:          657704 kB
MemAvailable:    1519504 kB
Buffers:           75936 kB
Cached:           904920 kB
MemTotal:        1844596 kB
MemFree:          657704 kB
MemAvailable:    1519504 kB
Buffers:           75936 kB
Cached:           904920 kB
MemTotal:        1844596 kB
MemFree:          653480 kB
MemAvailable:    1515280 kB
Buffers:           75936 kB
Cached:           904920 kB
MemTotal:        1844596 kB
MemFree:          651992 kB
MemAvailable:    1513792 kB
Buffers:           75936 kB
Cached:           904920 kB
MemTotal:        1844596 kB
MemFree:          652364 kB
MemAvailable:    1514164 kB
Buffers:           75936 kB
Cached:           904920 kB
MemTotal:        1844596 kB
MemFree:          653092 kB
MemAvailable:    1514892 kB
Buffers:           75936 kB
Cached:           904920 kB
MemTotal:        1844596 kB
MemFree:          653124 kB
MemAvailable:    1514924 kB
Buffers:           75936 kB
Cached:           904920 kB
MemTotal:        1844596 kB
MemFree:          653180 kB
MemAvailable:    1514980 kB
Buffers:           75936 kB
Cached:           904920 kB
MemTotal:        1844596 kB
MemFree:          653248 kB
MemAvailable:    1515048 kB
Buffers:           75936 kB
Cached:           904920 kB
MemTotal:        1844596 kB
MemFree:          652928 kB
MemAvailable:    1514728 kB
Buffers:           75936 kB
Cached:           904920 kB
MemTotal:        1844596 kB
MemFree:          652368 kB
MemAvailable:    1514168 kB
Buffers:           75936 kB
Cached:           904920 kB
MemTotal:        1844596 kB
MemFree:          653052 kB
MemAvailable:    1514852 kB
Buffers:           75936 kB
Cached:           904920 kB
MemTotal:        1844596 kB
MemFree:          653052 kB
MemAvailable:    1514852 kB
Buffers:           75936 kB
Cached:           904920 kB
MemTotal:        1844596 kB
MemFree:          651424 kB
MemAvailable:    1513224 kB
Buffers:           75936 kB
Cached:           904920 kB
MemTotal:        1844596 kB
MemFree:          651512 kB
MemAvailable:    1513312 kB
Buffers:           75936 kB
Cached:           904920 kB
MemTotal:        1844596 kB
MemFree:          652628 kB
MemAvailable:    1514428 kB
Buffers:           75936 kB
Cached:           904920 kB
MemTotal:        1844596 kB
MemFree:          652008 kB
MemAvailable:    1513808 kB
Buffers:           75936 kB
Cached:           904920 kB
MemTotal:        1844596 kB
MemFree:          652476 kB
MemAvailable:    1514276 kB
Buffers:           75936 kB
Cached:           904920 kB
MemTotal:        1844596 kB
MemFree:          652644 kB
MemAvailable:    1514444 kB
Buffers:           75936 kB
Cached:           904920 kB
MemTotal:        1844596 kB
MemFree:          651388 kB
MemAvailable:    1513188 kB
Buffers:           75936 kB
Cached:           904920 kB
MemTotal:        1844596 kB
MemFree:          652696 kB
MemAvailable:    1514496 kB
Buffers:           75936 kB
Cached:           904920 kB
MemTotal:        1844596 kB
MemFree:          652708 kB
MemAvailable:    1514508 kB
Buffers:           75936 kB
Cached:           904920 kB
MemTotal:        1844596 kB
MemFree:          652804 kB
MemAvailable:    1514604 kB
Buffers:           75936 kB
Cached:           904920 kB
MemTotal:        1844596 kB
MemFree:          652008 kB
MemAvailable:    1513808 kB
Buffers:           75936 kB
Cached:           904920 kB
MemTotal:        1844596 kB
MemFree:          652476 kB
MemAvailable:    1514276 kB
Buffers:           75936 kB
Cached:           904920 kB
MemTotal:        1844596 kB
MemFree:          652812 kB
MemAvailable:    1514612 kB
Buffers:           75936 kB
Cached:           904920 kB
MemTotal:        1844596 kB
MemFree:          651360 kB
MemAvailable:    1513160 kB
Buffers:           75936 kB
Cached:           904920 kB
MemTotal:        1844596 kB
MemFree:          651452 kB
MemAvailable:    1513252 kB
Buffers:           75936 kB
Cached:           904920 kB
MemTotal:        1844596 kB
MemFree:          651312 kB
MemAvailable:    1513112 kB
Buffers:           75936 kB
Cached:           904920 kB
MemTotal:        1844596 kB
MemFree:          651480 kB
MemAvailable:    1513280 kB
Buffers:           75936 kB
Cached:           904920 kB
MemTotal:        1844596 kB
MemFree:          652248 kB
MemAvailable:    1514048 kB
Buffers:           75936 kB
Cached:           904920 kB
MemTotal:        1844596 kB
MemFree:          652468 kB
MemAvailable:    1514268 kB
Buffers:           75936 kB
Cached:           904920 kB
MemTotal:        1844596 kB
MemFree:          652804 kB
MemAvailable:    1514604 kB
Buffers:           75936 kB
Cached:           904920 kB
MemTotal:        1844596 kB
MemFree:          651480 kB
MemAvailable:    1513280 kB
Buffers:           75936 kB
Cached:           904920 kB
MemTotal:        1844596 kB
MemFree:          652508 kB
MemAvailable:    1514308 kB
Buffers:           75936 kB
Cached:           904920 kB
MemTotal:        1844596 kB
MemFree:          651636 kB
MemAvailable:    1513436 kB
Buffers:           75936 kB
Cached:           904920 kB
MemTotal:        1844596 kB
MemFree:          652736 kB
MemAvailable:    1514536 kB
Buffers:           75936 kB
Cached:           904920 kB
MemTotal:        1844596 kB
MemFree:          647296 kB
MemAvailable:    1509096 kB
Buffers:           75936 kB
Cached:           904920 kB
MemTotal:        1844596 kB
MemFree:          644196 kB
MemAvailable:    1505996 kB
Buffers:           75936 kB
Cached:           904920 kB
MemTotal:        1844596 kB
MemFree:          642948 kB
MemAvailable:    1504748 kB
Buffers:           75936 kB
Cached:           904920 kB
MemTotal:        1844596 kB
MemFree:          642328 kB
MemAvailable:    1504128 kB
Buffers:           75936 kB
Cached:           904920 kB
MemTotal:        1844596 kB
MemFree:          642328 kB
MemAvailable:    1504128 kB
Buffers:           75936 kB
Cached:           904920 kB
MemTotal:        1844596 kB
MemFree:          642024 kB
MemAvailable:    1503824 kB
Buffers:           75936 kB
Cached:           904920 kB
MemTotal:        1844596 kB
MemFree:          642360 kB
MemAvailable:    1504160 kB
Buffers:           75936 kB
Cached:           904920 kB
MemTotal:        1844596 kB
MemFree:          642368 kB
MemAvailable:    1504168 kB
Buffers:           75936 kB
Cached:           904920 kB
MemTotal:        1844596 kB
MemFree:          641896 kB
MemAvailable:    1503696 kB
Buffers:           75936 kB
Cached:           904920 kB
MemTotal:        1844596 kB
MemFree:          640784 kB
MemAvailable:    1502584 kB
Buffers:           75936 kB
Cached:           904920 kB
MemTotal:        1844596 kB
MemFree:          641156 kB
MemAvailable:    1502956 kB
Buffers:           75936 kB
Cached:           904920 kB
MemTotal:        1844596 kB
MemFree:          641148 kB
MemAvailable:    1502948 kB
Buffers:           75936 kB
Cached:           904920 kB
MemTotal:        1844596 kB
MemFree:          642200 kB
MemAvailable:    1504000 kB
Buffers:           75936 kB
Cached:           904920 kB
MemTotal:        1844596 kB
MemFree:          641060 kB
MemAvailable:    1502860 kB
Buffers:           75936 kB
Cached:           904920 kB
MemTotal:        1844596 kB
MemFree:          642120 kB
MemAvailable:    1503920 kB
Buffers:           75936 kB
Cached:           904920 kB
MemTotal:        1844596 kB
MemFree:          642456 kB
MemAvailable:    1504256 kB
Buffers:           75936 kB
Cached:           904920 kB
MemTotal:        1844596 kB
MemFree:          642024 kB
MemAvailable:    1503824 kB
Buffers:           75936 kB
Cached:           904920 kB
MemTotal:        1844596 kB
MemFree:          641600 kB
MemAvailable:    1503400 kB
Buffers:           75936 kB
Cached:           904920 kB
MemTotal:        1844596 kB
MemFree:          640344 kB
MemAvailable:    1502144 kB
Buffers:           75936 kB
Cached:           904920 kB
MemTotal:        1844596 kB
MemFree:          640776 kB
MemAvailable:    1502576 kB
Buffers:           75936 kB
Cached:           904920 kB
MemTotal:        1844596 kB
MemFree:          639964 kB
MemAvailable:    1501764 kB
Buffers:           75936 kB
Cached:           904920 kB
MemTotal:        1844596 kB
MemFree:          639964 kB
MemAvailable:    1501764 kB
Buffers:           75936 kB
Cached:           904920 kB
MemTotal:        1844596 kB
MemFree:          639784 kB
MemAvailable:    1501584 kB
Buffers:           75936 kB
Cached:           904920 kB
MemTotal:        1844596 kB
MemFree:          640120 kB
MemAvailable:    1501920 kB
Buffers:           75936 kB
Cached:           904920 kB
MemTotal:        1844596 kB
MemFree:          639904 kB
MemAvailable:    1501704 kB
Buffers:           75936 kB
Cached:           904920 kB
MemTotal:        1844596 kB
MemFree:          640156 kB
MemAvailable:    1501956 kB
Buffers:           75936 kB
Cached:           904920 kB
MemTotal:        1844596 kB
MemFree:          639112 kB
MemAvailable:    1500912 kB
Buffers:           75936 kB
Cached:           904920 kB
MemTotal:        1844596 kB
MemFree:          640164 kB
MemAvailable:    1501964 kB
Buffers:           75936 kB
Cached:           904920 kB
MemTotal:        1844596 kB
MemFree:          640032 kB
MemAvailable:    1501832 kB
Buffers:           75936 kB
Cached:           904920 kB
MemTotal:        1844596 kB
MemFree:          638856 kB
MemAvailable:    1500656 kB
Buffers:           75936 kB
Cached:           904920 kB
MemTotal:        1844596 kB
MemFree:          638932 kB
MemAvailable:    1500732 kB
Buffers:           75936 kB
Cached:           904920 kB
MemTotal:        1844596 kB
MemFree:          638932 kB
MemAvailable:    1500732 kB
Buffers:           75936 kB
Cached:           904920 kB
MemTotal:        1844596 kB
MemFree:          639952 kB
MemAvailable:    1501752 kB
Buffers:           75936 kB
Cached:           904920 kB
MemTotal:        1844596 kB
MemFree:          640204 kB
MemAvailable:    1502004 kB
Buffers:           75936 kB
Cached:           904920 kB
MemTotal:        1844596 kB
MemFree:          640124 kB
MemAvailable:    1501928 kB
Buffers:           75936 kB
Cached:           904924 kB
MemTotal:        1844596 kB
MemFree:          638816 kB
MemAvailable:    1500620 kB
Buffers:           75936 kB
Cached:           904924 kB
MemTotal:        1844596 kB
MemFree:          638864 kB
MemAvailable:    1500672 kB
Buffers:           75936 kB
Cached:           904928 kB
MemTotal:        1844596 kB
MemFree:          638856 kB
MemAvailable:    1500664 kB
Buffers:           75936 kB
Cached:           904928 kB
MemTotal:        1844596 kB
MemFree:          638856 kB
MemAvailable:    1500664 kB
Buffers:           75936 kB
Cached:           904928 kB
MemTotal:        1844596 kB
MemFree:          638856 kB
MemAvailable:    1500664 kB
Buffers:           75936 kB
Cached:           904928 kB
MemTotal:        1844596 kB
MemFree:          640156 kB
MemAvailable:    1501964 kB
Buffers:           75936 kB
Cached:           904928 kB
MemTotal:        1844596 kB
MemFree:          639984 kB
MemAvailable:    1501792 kB
Buffers:           75936 kB
Cached:           904928 kB
MemTotal:        1844596 kB
MemFree:          639484 kB
MemAvailable:    1501292 kB
Buffers:           75936 kB
Cached:           904928 kB
MemTotal:        1844596 kB
MemFree:          639952 kB
MemAvailable:    1501760 kB
Buffers:           75936 kB
Cached:           904928 kB
MemTotal:        1844596 kB
MemFree:          640204 kB
MemAvailable:    1502012 kB
Buffers:           75936 kB
Cached:           904928 kB
MemTotal:        1844596 kB
MemFree:          639840 kB
MemAvailable:    1501648 kB
Buffers:           75936 kB
Cached:           904928 kB
MemTotal:        1844596 kB
MemFree:          639840 kB
MemAvailable:    1501648 kB
Buffers:           75936 kB
Cached:           904928 kB
MemTotal:        1844596 kB
MemFree:          638608 kB
MemAvailable:    1500416 kB
Buffers:           75936 kB
Cached:           904928 kB
MemTotal:        1844596 kB
MemFree:          633144 kB
MemAvailable:    1494952 kB
Buffers:           75936 kB
Cached:           904928 kB
MemTotal:        1844596 kB
MemFree:          633232 kB
MemAvailable:    1495040 kB
Buffers:           75936 kB
Cached:           904928 kB
MemTotal:        1844596 kB
MemFree:          628432 kB
MemAvailable:    1490240 kB
Buffers:           75936 kB
Cached:           904928 kB
MemTotal:        1844596 kB
MemFree:          628324 kB
MemAvailable:    1490132 kB
Buffers:           75936 kB
Cached:           904928 kB
MemTotal:        1844596 kB
MemFree:          627324 kB
MemAvailable:    1489132 kB
Buffers:           75936 kB
Cached:           904928 kB
MemTotal:        1844596 kB
MemFree:          627580 kB
MemAvailable:    1489388 kB
Buffers:           75936 kB
Cached:           904928 kB
MemTotal:        1844596 kB
MemFree:          627284 kB
MemAvailable:    1489092 kB
Buffers:           75936 kB
Cached:           904928 kB
MemTotal:        1844596 kB
MemFree:          625828 kB
MemAvailable:    1487636 kB
Buffers:           75936 kB
Cached:           904928 kB
MemTotal:        1844596 kB
MemFree:          627120 kB
MemAvailable:    1488928 kB
Buffers:           75936 kB
Cached:           904928 kB
MemTotal:        1844596 kB
MemFree:          626804 kB
MemAvailable:    1488612 kB
Buffers:           75936 kB
Cached:           904928 kB
MemTotal:        1844596 kB
MemFree:          626804 kB
MemAvailable:    1488612 kB
Buffers:           75936 kB
Cached:           904928 kB
MemTotal:        1844596 kB
MemFree:          626848 kB
MemAvailable:    1488656 kB
Buffers:           75936 kB
Cached:           904928 kB
MemTotal:        1844596 kB
MemFree:          626760 kB
MemAvailable:    1488568 kB
Buffers:           75936 kB
Cached:           904928 kB
MemTotal:        1844596 kB
MemFree:          625536 kB
MemAvailable:    1487344 kB
Buffers:           75936 kB
Cached:           904928 kB
MemTotal:        1844596 kB
MemFree:          625280 kB
MemAvailable:    1487088 kB
Buffers:           75936 kB
Cached:           904928 kB
MemTotal:        1844596 kB
MemFree:          626632 kB
MemAvailable:    1488440 kB
Buffers:           75936 kB
Cached:           904928 kB
MemTotal:        1844596 kB
MemFree:          626800 kB
MemAvailable:    1488608 kB
Buffers:           75936 kB
Cached:           904928 kB
MemTotal:        1844596 kB
MemFree:          626532 kB
MemAvailable:    1488340 kB
Buffers:           75936 kB
Cached:           904928 kB
MemTotal:        1844596 kB
MemFree:          625408 kB
MemAvailable:    1487216 kB
Buffers:           75936 kB
Cached:           904928 kB
MemTotal:        1844596 kB
MemFree:          625532 kB
MemAvailable:    1487340 kB
Buffers:           75936 kB
Cached:           904928 kB
MemTotal:        1844596 kB
MemFree:          626684 kB
MemAvailable:    1488492 kB
Buffers:           75936 kB
Cached:           904928 kB
MemTotal:        1844596 kB
MemFree:          626768 kB
MemAvailable:    1488576 kB
Buffers:           75936 kB
Cached:           904928 kB
MemTotal:        1844596 kB
MemFree:          626560 kB
MemAvailable:    1488368 kB
Buffers:           75936 kB
Cached:           904928 kB
MemTotal:        1844596 kB
MemFree:          626896 kB
MemAvailable:    1488704 kB
Buffers:           75936 kB
Cached:           904928 kB
MemTotal:        1844596 kB
MemFree:          625404 kB
MemAvailable:    1487212 kB
Buffers:           75936 kB
Cached:           904928 kB
MemTotal:        1844596 kB
MemFree:          626636 kB
MemAvailable:    1488444 kB
Buffers:           75936 kB
Cached:           904928 kB
MemTotal:        1844596 kB
MemFree:          626632 kB
MemAvailable:    1488440 kB
Buffers:           75936 kB
Cached:           904928 kB
MemTotal:        1844596 kB
MemFree:          626632 kB
MemAvailable:    1488440 kB
Buffers:           75936 kB
Cached:           904928 kB
MemTotal:        1844596 kB
MemFree:          625324 kB
MemAvailable:    1487132 kB
Buffers:           75936 kB
Cached:           904928 kB
MemTotal:        1844596 kB
MemFree:          625532 kB
MemAvailable:    1487340 kB
Buffers:           75936 kB
Cached:           904928 kB
MemTotal:        1844596 kB
MemFree:          625656 kB
MemAvailable:    1487464 kB
Buffers:           75936 kB
Cached:           904928 kB
MemTotal:        1844596 kB
MemFree:          625100 kB
MemAvailable:    1486908 kB
Buffers:           75936 kB
Cached:           904928 kB
MemTotal:        1844596 kB
MemFree:          624968 kB
MemAvailable:    1486776 kB
Buffers:           75936 kB
Cached:           904928 kB
MemTotal:        1844596 kB
MemFree:          625960 kB
MemAvailable:    1487768 kB
Buffers:           75936 kB
Cached:           904928 kB
MemTotal:        1844596 kB
MemFree:          624852 kB
MemAvailable:    1486660 kB
Buffers:           75936 kB
Cached:           904928 kB
MemTotal:        1844596 kB
MemFree:          625444 kB
MemAvailable:    1487252 kB
Buffers:           75936 kB
Cached:           904928 kB
MemTotal:        1844596 kB
MemFree:          625780 kB
MemAvailable:    1487588 kB
Buffers:           75936 kB
Cached:           904928 kB
MemTotal:        1844596 kB
MemFree:          625596 kB
MemAvailable:    1487404 kB
Buffers:           75936 kB
Cached:           904928 kB
MemTotal:        1844596 kB
MemFree:          624300 kB
MemAvailable:    1486108 kB
Buffers:           75936 kB
Cached:           904928 kB
MemTotal:        1844596 kB
MemFree:          624432 kB
MemAvailable:    1486240 kB
Buffers:           75936 kB
Cached:           904928 kB
MemTotal:        1844596 kB
MemFree:          622000 kB
MemAvailable:    1483808 kB
Buffers:           75936 kB
Cached:           904928 kB
MemTotal:        1844596 kB
MemFree:          620496 kB
MemAvailable:    1482304 kB
Buffers:           75936 kB
Cached:           904928 kB
MemTotal:        1844596 kB
MemFree:          620832 kB
MemAvailable:    1482640 kB
Buffers:           75936 kB
Cached:           904928 kB
MemTotal:        1844596 kB
MemFree:          617024 kB
MemAvailable:    1478832 kB
Buffers:           75936 kB
Cached:           904928 kB
MemTotal:        1844596 kB
MemFree:          616296 kB
MemAvailable:    1478104 kB
Buffers:           75936 kB
Cached:           904928 kB
MemTotal:        1844596 kB
MemFree:          614496 kB
MemAvailable:    1476304 kB
Buffers:           75936 kB
Cached:           904928 kB
MemTotal:        1844596 kB
MemFree:          613188 kB
MemAvailable:    1474996 kB
Buffers:           75936 kB
Cached:           904928 kB
MemTotal:        1844596 kB
MemFree:          612932 kB
MemAvailable:    1474740 kB
Buffers:           75936 kB
Cached:           904928 kB
MemTotal:        1844596 kB
MemFree:          612700 kB
MemAvailable:    1474508 kB
Buffers:           75936 kB
Cached:           904928 kB
MemTotal:        1844596 kB
MemFree:          612936 kB
MemAvailable:    1474744 kB
Buffers:           75936 kB
Cached:           904928 kB
MemTotal:        1844596 kB
MemFree:          611772 kB
MemAvailable:    1473580 kB
Buffers:           75936 kB
Cached:           904928 kB
MemTotal:        1844596 kB
MemFree:          612056 kB
MemAvailable:    1473864 kB
Buffers:           75936 kB
Cached:           904928 kB
MemTotal:        1844596 kB
MemFree:          611528 kB
MemAvailable:    1473336 kB
Buffers:           75936 kB
Cached:           904928 kB
MemTotal:        1844596 kB
MemFree:          611700 kB
MemAvailable:    1473508 kB
Buffers:           75936 kB
Cached:           904928 kB
MemTotal:        1844596 kB
MemFree:          611784 kB
MemAvailable:    1473592 kB
Buffers:           75936 kB
Cached:           904928 kB
MemTotal:        1844596 kB
MemFree:          611660 kB
MemAvailable:    1473468 kB
Buffers:           75936 kB
Cached:           904928 kB
MemTotal:        1844596 kB
MemFree:          611660 kB
MemAvailable:    1473468 kB
Buffers:           75936 kB
Cached:           904928 kB
MemTotal:        1844596 kB
MemFree:          611660 kB
MemAvailable:    1473468 kB
Buffers:           75936 kB
Cached:           904928 kB
MemTotal:        1844596 kB
MemFree:          612884 kB
MemAvailable:    1474692 kB
Buffers:           75936 kB
Cached:           904928 kB
MemTotal:        1844596 kB
MemFree:          612888 kB
MemAvailable:    1474696 kB
Buffers:           75936 kB
Cached:           904928 kB
MemTotal:        1844596 kB
MemFree:          613140 kB
MemAvailable:    1474948 kB
Buffers:           75936 kB
Cached:           904928 kB
MemTotal:        1844596 kB
MemFree:          611668 kB
MemAvailable:    1473488 kB
Buffers:           75936 kB
Cached:           904940 kB
MemTotal:        1844596 kB
MemFree:          611660 kB
MemAvailable:    1473480 kB
Buffers:           75936 kB
Cached:           904940 kB
MemTotal:        1844596 kB
MemFree:          612776 kB
MemAvailable:    1474596 kB
Buffers:           75936 kB
Cached:           904940 kB
MemTotal:        1844596 kB
MemFree:          611832 kB
MemAvailable:    1473652 kB
Buffers:           75936 kB
Cached:           904940 kB
MemTotal:        1844596 kB
MemFree:          612960 kB
MemAvailable:    1474780 kB
Buffers:           75936 kB
Cached:           904940 kB
MemTotal:        1844596 kB
MemFree:          612892 kB
MemAvailable:    1474712 kB
Buffers:           75936 kB
Cached:           904940 kB
MemTotal:        1844596 kB
MemFree:          613060 kB
MemAvailable:    1474880 kB
Buffers:           75936 kB
Cached:           904940 kB
MemTotal:        1844596 kB
MemFree:          611572 kB
MemAvailable:    1473392 kB
Buffers:           75936 kB
Cached:           904940 kB
MemTotal:        1844596 kB
MemFree:          612956 kB
MemAvailable:    1474776 kB
Buffers:           75936 kB
Cached:           904940 kB
MemTotal:        1844596 kB
MemFree:          612760 kB
MemAvailable:    1474580 kB
Buffers:           75936 kB
Cached:           904940 kB
MemTotal:        1844596 kB
MemFree:          613012 kB
MemAvailable:    1474832 kB
Buffers:           75936 kB
Cached:           904940 kB
MemTotal:        1844596 kB
MemFree:          612744 kB
MemAvailable:    1474564 kB
Buffers:           75936 kB
Cached:           904940 kB
MemTotal:        1844596 kB
MemFree:          612796 kB
MemAvailable:    1474616 kB
Buffers:           75936 kB
Cached:           904940 kB
MemTotal:        1844596 kB
MemFree:          612700 kB
MemAvailable:    1474520 kB
Buffers:           75936 kB
Cached:           904940 kB
MemTotal:        1844596 kB
MemFree:          612812 kB
MemAvailable:    1474632 kB
Buffers:           75936 kB
Cached:           904940 kB
MemTotal:        1844596 kB
MemFree:          612884 kB
MemAvailable:    1474704 kB
Buffers:           75936 kB
Cached:           904940 kB
MemTotal:        1844596 kB
MemFree:          612684 kB
MemAvailable:    1474504 kB
Buffers:           75936 kB
Cached:           904940 kB
MemTotal:        1844596 kB
MemFree:          613020 kB
MemAvailable:    1474840 kB
Buffers:           75936 kB
Cached:           904940 kB
MemTotal:        1844596 kB
MemFree:          612996 kB
MemAvailable:    1474816 kB
Buffers:           75936 kB
Cached:           904940 kB
MemTotal:        1844596 kB
MemFree:          612624 kB
MemAvailable:    1474444 kB
Buffers:           75936 kB
Cached:           904940 kB
MemTotal:        1844596 kB
MemFree:          611648 kB
MemAvailable:    1473468 kB
Buffers:           75936 kB
Cached:           904940 kB
MemTotal:        1844596 kB
MemFree:          612944 kB
MemAvailable:    1474764 kB
Buffers:           75936 kB
Cached:           904940 kB
MemTotal:        1844596 kB
MemFree:          611680 kB
MemAvailable:    1473500 kB
Buffers:           75936 kB
Cached:           904940 kB
MemTotal:        1844596 kB
MemFree:          612956 kB
MemAvailable:    1474776 kB
Buffers:           75936 kB
Cached:           904940 kB
MemTotal:        1844596 kB
MemFree:          611780 kB
MemAvailable:    1473600 kB
Buffers:           75936 kB
Cached:           904940 kB
MemTotal:        1844596 kB
MemFree:          611656 kB
MemAvailable:    1473476 kB
Buffers:           75936 kB
Cached:           904940 kB
MemTotal:        1844596 kB
MemFree:          612792 kB
MemAvailable:    1474612 kB
Buffers:           75936 kB
Cached:           904940 kB
MemTotal:        1844596 kB
MemFree:          611692 kB
MemAvailable:    1473512 kB
Buffers:           75936 kB
Cached:           904940 kB
MemTotal:        1844596 kB
MemFree:          611576 kB
MemAvailable:    1473396 kB
Buffers:           75936 kB
Cached:           904940 kB
MemTotal:        1844596 kB
MemFree:          611704 kB
MemAvailable:    1473524 kB
Buffers:           75936 kB
Cached:           904940 kB
MemTotal:        1844596 kB
MemFree:          612808 kB
MemAvailable:    1474628 kB
Buffers:           75936 kB
Cached:           904940 kB
MemTotal:        1844596 kB
MemFree:          612808 kB
MemAvailable:    1474628 kB
Buffers:           75936 kB
Cached:           904940 kB
MemTotal:        1844596 kB
MemFree:          612796 kB
MemAvailable:    1474616 kB
Buffers:           75936 kB
Cached:           904940 kB
MemTotal:        1844596 kB
MemFree:          613048 kB
MemAvailable:    1474868 kB
Buffers:           75936 kB
Cached:           904940 kB
MemTotal:        1844596 kB
MemFree:          611804 kB
MemAvailable:    1473624 kB
Buffers:           75936 kB
Cached:           904940 kB
MemTotal:        1844596 kB
MemFree:          611888 kB
MemAvailable:    1473708 kB
Buffers:           75936 kB
Cached:           904940 kB
MemTotal:        1844596 kB
MemFree:          611684 kB
MemAvailable:    1473504 kB
Buffers:           75936 kB
Cached:           904940 kB
MemTotal:        1844596 kB
MemFree:          608716 kB
MemAvailable:    1470536 kB
Buffers:           75936 kB
Cached:           904940 kB
MemTotal:        1844596 kB
MemFree:          608592 kB
MemAvailable:    1470412 kB
Buffers:           75936 kB
Cached:           904940 kB
MemTotal:        1844596 kB
MemFree:          606492 kB
MemAvailable:    1468312 kB
Buffers:           75936 kB
Cached:           904940 kB
MemTotal:        1844596 kB
MemFree:          606980 kB
MemAvailable:    1468800 kB
Buffers:           75936 kB
Cached:           904940 kB
MemTotal:        1844596 kB
MemFree:          607064 kB
MemAvailable:    1468884 kB
Buffers:           75936 kB
Cached:           904940 kB
MemTotal:        1844596 kB
MemFree:          606188 kB
MemAvailable:    1468008 kB
Buffers:           75936 kB
Cached:           904940 kB
MemTotal:        1844596 kB
MemFree:          605732 kB
MemAvailable:    1467552 kB
Buffers:           75936 kB
Cached:           904940 kB
MemTotal:        1844596 kB
MemFree:          605984 kB
MemAvailable:    1467804 kB
Buffers:           75936 kB
Cached:           904940 kB
MemTotal:        1844596 kB
MemFree:          605796 kB
MemAvailable:    1467616 kB
Buffers:           75936 kB
Cached:           904940 kB
MemTotal:        1844596 kB
MemFree:          604620 kB
MemAvailable:    1466440 kB
Buffers:           75936 kB
Cached:           904940 kB
MemTotal:        1844596 kB
MemFree:          605680 kB
MemAvailable:    1467500 kB
Buffers:           75936 kB
Cached:           904940 kB
MemTotal:        1844596 kB
MemFree:          605932 kB
MemAvailable:    1467752 kB
Buffers:           75936 kB
Cached:           904940 kB
MemTotal:        1844596 kB
MemFree:          605760 kB
MemAvailable:    1467580 kB
Buffers:           75936 kB
Cached:           904940 kB
MemTotal:        1844596 kB
MemFree:          604584 kB
MemAvailable:    1466404 kB
Buffers:           75936 kB
Cached:           904940 kB
MemTotal:        1844596 kB
MemFree:          604948 kB
MemAvailable:    1466768 kB
Buffers:           75936 kB
Cached:           904940 kB
MemTotal:        1844596 kB
MemFree:          604956 kB
MemAvailable:    1466776 kB
Buffers:           75936 kB
Cached:           904940 kB
MemTotal:        1844596 kB
MemFree:          604708 kB
MemAvailable:    1466528 kB
Buffers:           75936 kB
Cached:           904940 kB
MemTotal:        1844596 kB
MemFree:          605692 kB
MemAvailable:    1467512 kB
Buffers:           75936 kB
Cached:           904940 kB
MemTotal:        1844596 kB
MemFree:          604876 kB
MemAvailable:    1466696 kB
Buffers:           75936 kB
Cached:           904940 kB
MemTotal:        1844596 kB
MemFree:          605660 kB
MemAvailable:    1467480 kB
Buffers:           75936 kB
Cached:           904940 kB
MemTotal:        1844596 kB
MemFree:          605996 kB
MemAvailable:    1467816 kB
Buffers:           75936 kB
Cached:           904940 kB
MemTotal:        1844596 kB
MemFree:          605928 kB
MemAvailable:    1467748 kB
Buffers:           75936 kB
Cached:           904940 kB
MemTotal:        1844596 kB
MemFree:          605616 kB
MemAvailable:    1467436 kB
Buffers:           75936 kB
Cached:           904940 kB
MemTotal:        1844596 kB
MemFree:          605952 kB
MemAvailable:    1467772 kB
Buffers:           75936 kB
Cached:           904940 kB
MemTotal:        1844596 kB
MemFree:          604628 kB
MemAvailable:    1466448 kB
Buffers:           75936 kB
Cached:           904940 kB
MemTotal:        1844596 kB
MemFree:          605000 kB
MemAvailable:    1466820 kB
Buffers:           75936 kB
Cached:           904940 kB
MemTotal:        1844596 kB
MemFree:          604752 kB
MemAvailable:    1466572 kB
Buffers:           75936 kB
Cached:           904940 kB
MemTotal:        1844596 kB
MemFree:          605748 kB
MemAvailable:    1467568 kB
Buffers:           75936 kB
Cached:           904940 kB
MemTotal:        1844596 kB
MemFree:          605748 kB
MemAvailable:    1467568 kB
Buffers:           75936 kB
Cached:           904940 kB
MemTotal:        1844596 kB
MemFree:          604632 kB
MemAvailable:    1466452 kB
Buffers:           75936 kB
Cached:           904940 kB
MemTotal:        1844596 kB
MemFree:          604508 kB
MemAvailable:    1466328 kB
Buffers:           75936 kB
Cached:           904940 kB
MemTotal:        1844596 kB
MemFree:          605676 kB
MemAvailable:    1467496 kB
Buffers:           75936 kB
Cached:           904940 kB
MemTotal:        1844596 kB
MemFree:          605988 kB
MemAvailable:    1467808 kB
Buffers:           75936 kB
Cached:           904940 kB
MemTotal:        1844596 kB
MemFree:          605948 kB
MemAvailable:    1467768 kB
Buffers:           75936 kB
Cached:           904940 kB
MemTotal:        1844596 kB
MemFree:          605136 kB
MemAvailable:    1466956 kB
Buffers:           75936 kB
Cached:           904940 kB
MemTotal:        1844596 kB
MemFree:          604600 kB
MemAvailable:    1466428 kB
Buffers:           75936 kB
Cached:           904948 kB
MemTotal:        1844596 kB
MemFree:          604592 kB
MemAvailable:    1466420 kB
Buffers:           75936 kB
Cached:           904948 kB
MemTotal:        1844596 kB
MemFree:          604640 kB
MemAvailable:    1466468 kB
Buffers:           75936 kB
Cached:           904948 kB
MemTotal:        1844596 kB
MemFree:          604716 kB
MemAvailable:    1466544 kB
Buffers:           75936 kB
Cached:           904948 kB
MemTotal:        1844596 kB
MemFree:          605816 kB
MemAvailable:    1467644 kB
Buffers:           75936 kB
Cached:           904948 kB
MemTotal:        1844596 kB
MemFree:          604496 kB
MemAvailable:    1466324 kB
Buffers:           75936 kB
Cached:           904948 kB
MemTotal:        1844596 kB
MemFree:          605936 kB
MemAvailable:    1467764 kB
Buffers:           75936 kB
Cached:           904948 kB
MemTotal:        1844596 kB
MemFree:          604508 kB
MemAvailable:    1466336 kB
Buffers:           75936 kB
Cached:           904948 kB
MemTotal:        1844596 kB
MemFree:          604468 kB
MemAvailable:    1466296 kB
Buffers:           75936 kB
Cached:           904948 kB
MemTotal:        1844596 kB
MemFree:          604640 kB
MemAvailable:    1466468 kB
Buffers:           75936 kB
Cached:           904948 kB
MemTotal:        1844596 kB
MemFree:          604840 kB
MemAvailable:    1466668 kB
Buffers:           75936 kB
Cached:           904948 kB
MemTotal:        1844596 kB
MemFree:          604508 kB
MemAvailable:    1466336 kB
Buffers:           75936 kB
Cached:           904948 kB
MemTotal:        1844596 kB
MemFree:          604392 kB
MemAvailable:    1466220 kB
Buffers:           75936 kB
Cached:           904948 kB
MemTotal:        1844596 kB
MemFree:          604012 kB
MemAvailable:    1465840 kB
Buffers:           75936 kB
Cached:           904948 kB
MemTotal:        1844596 kB
MemFree:          605312 kB
MemAvailable:    1467140 kB
Buffers:           75936 kB
Cached:           904948 kB
MemTotal:        1844596 kB
MemFree:          605204 kB
MemAvailable:    1467032 kB
Buffers:           75936 kB
Cached:           904948 kB
MemTotal:        1844596 kB
MemFree:          605060 kB
MemAvailable:    1466888 kB
Buffers:           75936 kB
Cached:           904948 kB
MemTotal:        1844596 kB
MemFree:          605228 kB
MemAvailable:    1467056 kB
Buffers:           75936 kB
Cached:           904948 kB
MemTotal:        1844596 kB
MemFree:          605124 kB
MemAvailable:    1466952 kB
Buffers:           75936 kB
Cached:           904948 kB
MemTotal:        1844596 kB
MemFree:          603960 kB
MemAvailable:    1465788 kB
Buffers:           75936 kB
Cached:           904948 kB
MemTotal:        1844596 kB
MemFree:          603960 kB
MemAvailable:    1465788 kB
Buffers:           75936 kB
Cached:           904948 kB
MemTotal:        1844596 kB
MemFree:          603956 kB
MemAvailable:    1465784 kB
Buffers:           75936 kB
Cached:           904948 kB
MemTotal:        1844596 kB
MemFree:          605012 kB
MemAvailable:    1466840 kB
Buffers:           75936 kB
Cached:           904948 kB
MemTotal:        1844596 kB
MemFree:          604508 kB
MemAvailable:    1466336 kB
Buffers:           75936 kB
Cached:           904948 kB
MemTotal:        1844596 kB
MemFree:          604976 kB
MemAvailable:    1466804 kB
Buffers:           75936 kB
Cached:           904948 kB
MemTotal:        1844596 kB
MemFree:          605228 kB
MemAvailable:    1467056 kB
Buffers:           75936 kB
Cached:           904948 kB
MemTotal:        1844596 kB
MemFree:          603864 kB
MemAvailable:    1465692 kB
Buffers:           75936 kB
Cached:           904948 kB
MemTotal:        1844596 kB
MemFree:          605096 kB
MemAvailable:    1466924 kB
Buffers:           75936 kB
Cached:           904948 kB
MemTotal:        1844596 kB
MemFree:          605196 kB
MemAvailable:    1467024 kB
Buffers:           75936 kB
Cached:           904948 kB
MemTotal:        1844596 kB
MemFree:          604872 kB
MemAvailable:    1466700 kB
Buffers:           75936 kB
Cached:           904948 kB
MemTotal:        1844596 kB
MemFree:          605212 kB
MemAvailable:    1467040 kB
Buffers:           75936 kB
Cached:           904948 kB
MemTotal:        1844596 kB
MemFree:          603876 kB
MemAvailable:    1465704 kB
Buffers:           75936 kB
Cached:           904948 kB
MemTotal:        1844596 kB
MemFree:          605124 kB
MemAvailable:    1466952 kB
Buffers:           75936 kB
Cached:           904948 kB
MemTotal:        1844596 kB
MemFree:          605136 kB
MemAvailable:    1466964 kB
Buffers:           75936 kB
Cached:           904948 kB
MemTotal:        1844596 kB
MemFree:          604932 kB
MemAvailable:    1466760 kB
Buffers:           75936 kB
Cached:           904948 kB
MemTotal:        1844596 kB
MemFree:          605184 kB
MemAvailable:    1467012 kB
Buffers:           75936 kB
Cached:           904948 kB
MemTotal:        1844596 kB
MemFree:          603876 kB
MemAvailable:    1465704 kB
Buffers:           75936 kB
Cached:           904948 kB
MemTotal:        1844596 kB
MemFree:          605068 kB
MemAvailable:    1466896 kB
Buffers:           75936 kB
Cached:           904948 kB
MemTotal:        1844596 kB
MemFree:          605068 kB
MemAvailable:    1466896 kB
Buffers:           75936 kB
Cached:           904948 kB
MemTotal:        1844596 kB
MemFree:          605124 kB
MemAvailable:    1466952 kB
Buffers:           75936 kB
Cached:           904948 kB
MemTotal:        1844596 kB
MemFree:          605136 kB
MemAvailable:    1466964 kB
Buffers:           75936 kB
Cached:           904948 kB
MemTotal:        1844596 kB
MemFree:          604516 kB
MemAvailable:    1466344 kB
Buffers:           75936 kB
Cached:           904948 kB
MemTotal:        1844596 kB
MemFree:          604860 kB
MemAvailable:    1466688 kB
Buffers:           75936 kB
Cached:           904948 kB
MemTotal:        1844596 kB
MemFree:          605196 kB
MemAvailable:    1467024 kB
Buffers:           75936 kB
Cached:           904948 kB
MemTotal:        1844596 kB
MemFree:          604948 kB
MemAvailable:    1466776 kB
Buffers:           75936 kB
Cached:           904948 kB
MemTotal:        1844596 kB
MemFree:          604948 kB
MemAvailable:    1466776 kB
Buffers:           75936 kB
Cached:           904948 kB
MemTotal:        1844596 kB
MemFree:          605068 kB
MemAvailable:    1466896 kB
Buffers:           75936 kB
Cached:           904948 kB
MemTotal:        1844596 kB
MemFree:          603748 kB
MemAvailable:    1465576 kB
Buffers:           75936 kB
Cached:           904948 kB
MemTotal:        1844596 kB
MemFree:          603824 kB
MemAvailable:    1465652 kB
Buffers:           75936 kB
Cached:           904948 kB
MemTotal:        1844596 kB
MemFree:          605224 kB
MemAvailable:    1467052 kB
Buffers:           75936 kB
Cached:           904948 kB
MemTotal:        1844596 kB
MemFree:          605068 kB
MemAvailable:    1466896 kB
Buffers:           75936 kB
Cached:           904948 kB
MemTotal:        1844596 kB
MemFree:          605164 kB
MemAvailable:    1466992 kB
Buffers:           75936 kB
Cached:           904948 kB
MemTotal:        1844596 kB
MemFree:          605152 kB
MemAvailable:    1466980 kB
Buffers:           75936 kB
Cached:           904948 kB
MemTotal:        1844596 kB
MemFree:          604516 kB
MemAvailable:    1466344 kB
Buffers:           75936 kB
Cached:           904948 kB
MemTotal:        1844596 kB
MemFree:          605016 kB
MemAvailable:    1466844 kB
Buffers:           75936 kB
Cached:           904948 kB
MemTotal:        1844596 kB
MemFree:          604984 kB
MemAvailable:    1466812 kB
Buffers:           75936 kB
Cached:           904948 kB
MemTotal:        1844596 kB
MemFree:          605236 kB
MemAvailable:    1467064 kB
Buffers:           75936 kB
Cached:           904948 kB
MemTotal:        1844596 kB
MemFree:          604984 kB
MemAvailable:    1466812 kB
Buffers:           75936 kB
Cached:           904948 kB
MemTotal:        1844596 kB
MemFree:          605320 kB
MemAvailable:    1467148 kB
Buffers:           75936 kB
Cached:           904948 kB
MemTotal:        1844596 kB
MemFree:          605136 kB
MemAvailable:    1466964 kB
Buffers:           75936 kB
Cached:           904948 kB
MemTotal:        1844596 kB
MemFree:          604932 kB
MemAvailable:    1466760 kB
Buffers:           75936 kB
Cached:           904948 kB
MemTotal:        1844596 kB
MemFree:          604932 kB
MemAvailable:    1466760 kB
Buffers:           75936 kB
Cached:           904948 kB
MemTotal:        1844596 kB
MemFree:          603988 kB
MemAvailable:    1465816 kB
Buffers:           75936 kB
Cached:           904948 kB
MemTotal:        1844596 kB
MemFree:          605024 kB
MemAvailable:    1466852 kB
Buffers:           75936 kB
Cached:           904948 kB
MemTotal:        1844596 kB
MemFree:          604020 kB
MemAvailable:    1465848 kB
Buffers:           75936 kB
Cached:           904948 kB
MemTotal:        1844596 kB
MemFree:          605148 kB
MemAvailable:    1466976 kB
Buffers:           75936 kB
Cached:           904948 kB
MemTotal:        1844596 kB
MemFree:          604996 kB
MemAvailable:    1466824 kB
Buffers:           75936 kB
Cached:           904948 kB
MemTotal:        1844596 kB
MemFree:          605248 kB
MemAvailable:    1467076 kB
Buffers:           75936 kB
Cached:           904948 kB
MemTotal:        1844596 kB
MemFree:          605124 kB
MemAvailable:    1466952 kB
Buffers:           75936 kB
Cached:           904948 kB
MemTotal:        1844596 kB
MemFree:          604000 kB
MemAvailable:    1465828 kB
Buffers:           75936 kB
Cached:           904948 kB
MemTotal:        1844596 kB
MemFree:          603960 kB
MemAvailable:    1465788 kB
Buffers:           75936 kB
Cached:           904948 kB
MemTotal:        1844596 kB
MemFree:          604936 kB
MemAvailable:    1466764 kB
Buffers:           75936 kB
Cached:           904948 kB
MemTotal:        1844596 kB
MemFree:          605188 kB
MemAvailable:    1467016 kB
Buffers:           75936 kB
Cached:           904948 kB
MemTotal:        1844596 kB
MemFree:          603876 kB
MemAvailable:    1465704 kB
Buffers:           75936 kB
Cached:           904948 kB
MemTotal:        1844596 kB
MemFree:          604984 kB
MemAvailable:    1466812 kB
Buffers:           75936 kB
Cached:           904948 kB
MemTotal:        1844596 kB
MemFree:          604888 kB
MemAvailable:    1466716 kB
Buffers:           75936 kB
Cached:           904948 kB
MemTotal:        1844596 kB
MemFree:          604012 kB
MemAvailable:    1465852 kB
Buffers:           75936 kB
Cached:           904960 kB
MemTotal:        1844596 kB
MemFree:          605220 kB
MemAvailable:    1467060 kB
Buffers:           75936 kB
Cached:           904960 kB
MemTotal:        1844596 kB
MemFree:          604996 kB
MemAvailable:    1466836 kB
Buffers:           75936 kB
Cached:           904960 kB
MemTotal:        1844596 kB
MemFree:          605332 kB
MemAvailable:    1467172 kB
Buffers:           75936 kB
Cached:           904960 kB
MemTotal:        1844596 kB
MemFree:          603840 kB
MemAvailable:    1465680 kB
Buffers:           75936 kB
Cached:           904960 kB
MemTotal:        1844596 kB
MemFree:          604088 kB
MemAvailable:    1465928 kB
Buffers:           75936 kB
Cached:           904960 kB
MemTotal:        1844596 kB
MemFree:          603876 kB
MemAvailable:    1465716 kB
Buffers:           75936 kB
Cached:           904960 kB
MemTotal:        1844596 kB
MemFree:          605040 kB
MemAvailable:    1466880 kB
Buffers:           75936 kB
Cached:           904960 kB
MemTotal:        1844596 kB
MemFree:          605212 kB
MemAvailable:    1467052 kB
Buffers:           75936 kB
Cached:           904960 kB
MemTotal:        1844596 kB
MemFree:          605124 kB
MemAvailable:    1466964 kB
Buffers:           75936 kB
Cached:           904960 kB
MemTotal:        1844596 kB
MemFree:          605136 kB
MemAvailable:    1466976 kB
Buffers:           75936 kB
Cached:           904960 kB
MemTotal:        1844596 kB
MemFree:          605132 kB
MemAvailable:    1466972 kB
Buffers:           75936 kB
Cached:           904960 kB
MemTotal:        1844596 kB
MemFree:          605004 kB
MemAvailable:    1466844 kB
Buffers:           75936 kB
Cached:           904960 kB
MemTotal:        1844596 kB
MemFree:          605144 kB
MemAvailable:    1466860 kB
Buffers:           75936 kB
Cached:           904960 kB
MemTotal:        1844596 kB
MemFree:          605136 kB
MemAvailable:    1466976 kB
Buffers:           75936 kB
Cached:           904960 kB
MemTotal:        1844596 kB
MemFree:          603972 kB
MemAvailable:    1465812 kB
Buffers:           75936 kB
Cached:           904960 kB
MemTotal:        1844596 kB
MemFree:          605072 kB
MemAvailable:    1466912 kB
Buffers:           75936 kB
Cached:           904960 kB
MemTotal:        1844596 kB
MemFree:          603960 kB
MemAvailable:    1465800 kB
Buffers:           75936 kB
Cached:           904960 kB
MemTotal:        1844596 kB
MemFree:          603960 kB
MemAvailable:    1465800 kB
Buffers:           75936 kB
Cached:           904960 kB
MemTotal:        1844596 kB
MemFree:          603836 kB
MemAvailable:    1465676 kB
Buffers:           75936 kB
Cached:           904960 kB
MemTotal:        1844596 kB
MemFree:          603960 kB
MemAvailable:    1465800 kB
Buffers:           75936 kB
Cached:           904960 kB
MemTotal:        1844596 kB
MemFree:          603836 kB
MemAvailable:    1465676 kB
Buffers:           75936 kB
Cached:           904960 kB
MemTotal:        1844596 kB
MemFree:          603872 kB
MemAvailable:    1465712 kB
Buffers:           75936 kB
Cached:           904960 kB
MemTotal:        1844596 kB
MemFree:          603996 kB
MemAvailable:    1465836 kB
Buffers:           75936 kB
Cached:           904960 kB
MemTotal:        1844596 kB
MemFree:          604932 kB
MemAvailable:    1466772 kB
Buffers:           75936 kB
Cached:           904960 kB
MemTotal:        1844596 kB
MemFree:          604932 kB
MemAvailable:    1466772 kB
Buffers:           75936 kB
Cached:           904960 kB
MemTotal:        1844596 kB
MemFree:          603832 kB
MemAvailable:    1465672 kB
Buffers:           75936 kB
Cached:           904960 kB
MemTotal:        1844596 kB
MemFree:          604008 kB
MemAvailable:    1465848 kB
Buffers:           75936 kB
Cached:           904960 kB
MemTotal:        1844596 kB
MemFree:          603876 kB
MemAvailable:    1465716 kB
Buffers:           75936 kB
Cached:           904960 kB
MemTotal:        1844596 kB
MemFree:          603876 kB
MemAvailable:    1465716 kB
Buffers:           75936 kB
Cached:           904960 kB
MemTotal:        1844596 kB
MemFree:          604240 kB
MemAvailable:    1466080 kB
Buffers:           75936 kB
Cached:           904960 kB
MemTotal:        1844596 kB
MemFree:          605176 kB
MemAvailable:    1467016 kB
Buffers:           75936 kB
Cached:           904960 kB
MemTotal:        1844596 kB
MemFree:          604972 kB
MemAvailable:    1466812 kB
Buffers:           75936 kB
Cached:           904960 kB
MemTotal:        1844596 kB
MemFree:          605212 kB
MemAvailable:    1467052 kB
Buffers:           75936 kB
Cached:           904960 kB
MemTotal:        1844596 kB
MemFree:          605016 kB
MemAvailable:    1466856 kB
Buffers:           75936 kB
Cached:           904960 kB
MemTotal:        1844596 kB
MemFree:          604984 kB
MemAvailable:    1466824 kB
Buffers:           75936 kB
Cached:           904960 kB
MemTotal:        1844596 kB
MemFree:          605012 kB
MemAvailable:    1466852 kB
Buffers:           75936 kB
Cached:           904960 kB
MemTotal:        1844596 kB
MemFree:          605016 kB
MemAvailable:    1466856 kB
Buffers:           75936 kB
Cached:           904960 kB
MemTotal:        1844596 kB
MemFree:          604984 kB
MemAvailable:    1466824 kB
Buffers:           75936 kB
Cached:           904960 kB
MemTotal:        1844596 kB
MemFree:          605236 kB
MemAvailable:    1467076 kB
Buffers:           75936 kB
Cached:           904960 kB
MemTotal:        1844596 kB
MemFree:          603884 kB
MemAvailable:    1465724 kB
Buffers:           75936 kB
Cached:           904960 kB
MemTotal:        1844596 kB
MemFree:          605068 kB
MemAvailable:    1466908 kB
Buffers:           75936 kB
Cached:           904960 kB
MemTotal:        1844596 kB
MemFree:          605236 kB
MemAvailable:    1467076 kB
Buffers:           75936 kB
Cached:           904960 kB
MemTotal:        1844596 kB
MemFree:          605124 kB
MemAvailable:    1466964 kB
Buffers:           75936 kB
Cached:           904960 kB
MemTotal:        1844596 kB
MemFree:          603960 kB
MemAvailable:    1465800 kB
Buffers:           75936 kB
Cached:           904960 kB
MemTotal:        1844596 kB
MemFree:          605060 kB
MemAvailable:    1466900 kB
Buffers:           75936 kB
Cached:           904960 kB
MemTotal:        1844596 kB
MemFree:          604932 kB
MemAvailable:    1466772 kB
Buffers:           75936 kB
Cached:           904960 kB
MemTotal:        1844596 kB
MemFree:          605184 kB
MemAvailable:    1467024 kB
Buffers:           75936 kB
Cached:           904960 kB
MemTotal:        1844596 kB
MemFree:          603964 kB
MemAvailable:    1465804 kB
Buffers:           75936 kB
Cached:           904960 kB
MemTotal:        1844596 kB
MemFree:          604008 kB
MemAvailable:    1465848 kB
Buffers:           75936 kB
Cached:           904960 kB
MemTotal:        1844596 kB
MemFree:          603828 kB
MemAvailable:    1465668 kB
Buffers:           75936 kB
Cached:           904960 kB
MemTotal:        1844596 kB
MemFree:          603740 kB
MemAvailable:    1465580 kB
Buffers:           75936 kB
Cached:           904960 kB
MemTotal:        1844596 kB
MemFree:          604824 kB
MemAvailable:    1466664 kB
Buffers:           75936 kB
Cached:           904960 kB
MemTotal:        1844596 kB
MemFree:          605160 kB
MemAvailable:    1467000 kB
Buffers:           75936 kB
Cached:           904960 kB
MemTotal:        1844596 kB
MemFree:          604944 kB
MemAvailable:    1466784 kB
Buffers:           75936 kB
Cached:           904960 kB
MemTotal:        1844596 kB
MemFree:          605196 kB
MemAvailable:    1467036 kB
Buffers:           75936 kB
Cached:           904960 kB
MemTotal:        1844596 kB
MemFree:          605184 kB
MemAvailable:    1467024 kB
Buffers:           75936 kB
Cached:           904960 kB
MemTotal:        1844596 kB
MemFree:          603836 kB
MemAvailable:    1465676 kB
Buffers:           75936 kB
Cached:           904960 kB
MemTotal:        1844596 kB
MemFree:          605196 kB
MemAvailable:    1467036 kB
Buffers:           75936 kB
Cached:           904960 kB
MemTotal:        1844596 kB
MemFree:          604640 kB
MemAvailable:    1466480 kB
Buffers:           75936 kB
Cached:           904960 kB
MemTotal:        1844596 kB
MemFree:          603832 kB
MemAvailable:    1465672 kB
Buffers:           75936 kB
Cached:           904960 kB
MemTotal:        1844596 kB
MemFree:          605116 kB
MemAvailable:    1466956 kB
Buffers:           75936 kB
Cached:           904960 kB
MemTotal:        1844596 kB
MemFree:          605268 kB
MemAvailable:    1467108 kB
Buffers:           75936 kB
Cached:           904960 kB
MemTotal:        1844596 kB
MemFree:          603880 kB
MemAvailable:    1465720 kB
Buffers:           75936 kB
Cached:           904960 kB
MemTotal:        1844596 kB
MemFree:          604012 kB
MemAvailable:    1465852 kB
Buffers:           75936 kB
Cached:           904960 kB
MemTotal:        1844596 kB
MemFree:          605128 kB
MemAvailable:    1466968 kB
Buffers:           75936 kB
Cached:           904960 kB
MemTotal:        1844596 kB
MemFree:          605184 kB
MemAvailable:    1467024 kB
Buffers:           75936 kB
Cached:           904960 kB
MemTotal:        1844596 kB
MemFree:          605240 kB
MemAvailable:    1467080 kB
Buffers:           75936 kB
Cached:           904960 kB
MemTotal:        1844596 kB
MemFree:          605236 kB
MemAvailable:    1467076 kB
Buffers:           75936 kB
Cached:           904960 kB
MemTotal:        1844596 kB
MemFree:          604516 kB
MemAvailable:    1466356 kB
Buffers:           75936 kB
Cached:           904960 kB
MemTotal:        1844596 kB
MemFree:          605096 kB
MemAvailable:    1466936 kB
Buffers:           75936 kB
Cached:           904960 kB
MemTotal:        1844596 kB
MemFree:          604020 kB
MemAvailable:    1465868 kB
Buffers:           75936 kB
Cached:           904968 kB
MemTotal:        1844596 kB
MemFree:          605040 kB
MemAvailable:    1466888 kB
Buffers:           75936 kB
Cached:           904968 kB
MemTotal:        1844596 kB
MemFree:          605124 kB
MemAvailable:    1466972 kB
Buffers:           75936 kB
Cached:           904968 kB
MemTotal:        1844596 kB
MemFree:          604984 kB
MemAvailable:    1466832 kB
Buffers:           75936 kB
Cached:           904968 kB
MemTotal:        1844596 kB
MemFree:          605136 kB
MemAvailable:    1466984 kB
Buffers:           75936 kB
Cached:           904968 kB
MemTotal:        1844596 kB
MemFree:          605240 kB
MemAvailable:    1467088 kB
Buffers:           75936 kB
Cached:           904968 kB
MemTotal:        1844596 kB
MemFree:          605004 kB
MemAvailable:    1466852 kB
Buffers:           75936 kB
Cached:           904968 kB
MemTotal:        1844596 kB
MemFree:          605004 kB
MemAvailable:    1466852 kB
Buffers:           75936 kB
Cached:           904968 kB
MemTotal:        1844596 kB
MemFree:          604956 kB
MemAvailable:    1466804 kB
Buffers:           75936 kB
Cached:           904968 kB
MemTotal:        1844596 kB
MemFree:          605212 kB
MemAvailable:    1467060 kB
Buffers:           75936 kB
Cached:           904968 kB
MemTotal:        1844596 kB
MemFree:          603832 kB
MemAvailable:    1465680 kB
Buffers:           75936 kB
Cached:           904968 kB
MemTotal:        1844596 kB
MemFree:          604988 kB
MemAvailable:    1466836 kB
Buffers:           75936 kB
Cached:           904968 kB
MemTotal:        1844596 kB
MemFree:          604832 kB
MemAvailable:    1466680 kB
Buffers:           75936 kB
Cached:           904968 kB
MemTotal:        1844596 kB
MemFree:          605012 kB
MemAvailable:    1466860 kB
Buffers:           75936 kB
Cached:           904968 kB
MemTotal:        1844596 kB
MemFree:          603848 kB
MemAvailable:    1465696 kB
Buffers:           75936 kB
Cached:           904968 kB
MemTotal:        1844596 kB
MemFree:          605024 kB
MemAvailable:    1466872 kB
Buffers:           75936 kB
Cached:           904968 kB
MemTotal:        1844596 kB
MemFree:          605148 kB
MemAvailable:    1466996 kB
Buffers:           75936 kB
Cached:           904968 kB
MemTotal:        1844596 kB
MemFree:          605148 kB
MemAvailable:    1466996 kB
Buffers:           75936 kB
Cached:           904968 kB
MemTotal:        1844596 kB
MemFree:          603840 kB
MemAvailable:    1465688 kB
Buffers:           75936 kB
Cached:           904968 kB
MemTotal:        1844596 kB
MemFree:          603840 kB
MemAvailable:    1465688 kB
Buffers:           75936 kB
Cached:           904968 kB
MemTotal:        1844596 kB
MemFree:          605140 kB
MemAvailable:    1466988 kB
Buffers:           75936 kB
Cached:           904968 kB
MemTotal:        1844596 kB
MemFree:          604344 kB
MemAvailable:    1466192 kB
Buffers:           75936 kB
Cached:           904968 kB
MemTotal:        1844596 kB
MemFree:          603872 kB
MemAvailable:    1465720 kB
Buffers:           75936 kB
Cached:           904968 kB
MemTotal:        1844596 kB
MemFree:          610200 kB
MemAvailable:    1472048 kB
Buffers:           75936 kB
Cached:           904968 kB
MemTotal:        1844596 kB
MemFree:          609916 kB
MemAvailable:    1471764 kB
Buffers:           75936 kB
Cached:           904968 kB
MemTotal:        1844596 kB
MemFree:          610252 kB
MemAvailable:    1472100 kB
Buffers:           75936 kB
Cached:           904968 kB
MemTotal:        1844596 kB
MemFree:          609088 kB
MemAvailable:    1470936 kB
Buffers:           75936 kB
Cached:           904968 kB
MemTotal:        1844596 kB
MemFree:          608804 kB
MemAvailable:    1470652 kB
Buffers:           75936 kB
Cached:           904968 kB
MemTotal:        1844596 kB
MemFree:          609964 kB
MemAvailable:    1471812 kB
Buffers:           75936 kB
Cached:           904968 kB
MemTotal:        1844596 kB
MemFree:          610304 kB
MemAvailable:    1472152 kB
Buffers:           75936 kB
Cached:           904968 kB
MemTotal:        1844596 kB
MemFree:          609908 kB
MemAvailable:    1471756 kB
Buffers:           75936 kB
Cached:           904968 kB
MemTotal:        1844596 kB
MemFree:          610244 kB
MemAvailable:    1472092 kB
Buffers:           75936 kB
Cached:           904968 kB
MemTotal:        1844596 kB
MemFree:          608236 kB
MemAvailable:    1470084 kB
Buffers:           75936 kB
Cached:           904968 kB
MemTotal:        1844596 kB
MemFree:          606244 kB
MemAvailable:    1468092 kB
Buffers:           75936 kB
Cached:           904968 kB
MemTotal:        1844596 kB
MemFree:          607236 kB
MemAvailable:    1469084 kB
Buffers:           75936 kB
Cached:           904968 kB
MemTotal:        1844596 kB
MemFree:          606988 kB
MemAvailable:    1468836 kB
Buffers:           75936 kB
Cached:           904968 kB
MemTotal:        1844596 kB
MemFree:          606672 kB
MemAvailable:    1468520 kB
Buffers:           75936 kB
Cached:           904968 kB
MemTotal:        1844596 kB
MemFree:          607008 kB
MemAvailable:    1468856 kB
Buffers:           75936 kB
Cached:           904968 kB
MemTotal:        1844596 kB
MemFree:          605556 kB
MemAvailable:    1467404 kB
Buffers:           75936 kB
Cached:           904968 kB
MemTotal:        1844596 kB
MemFree:          606864 kB
MemAvailable:    1468712 kB
Buffers:           75936 kB
Cached:           904968 kB
MemTotal:        1844596 kB
MemFree:          606608 kB
MemAvailable:    1468456 kB
Buffers:           75936 kB
Cached:           904968 kB
MemTotal:        1844596 kB
MemFree:          605556 kB
MemAvailable:    1467404 kB
Buffers:           75936 kB
Cached:           904968 kB
MemTotal:        1844596 kB
MemFree:          606656 kB
MemAvailable:    1468504 kB
Buffers:           75936 kB
Cached:           904968 kB
MemTotal:        1844596 kB
MemFree:          606600 kB
MemAvailable:    1468448 kB
Buffers:           75936 kB
Cached:           904968 kB
MemTotal:        1844596 kB
MemFree:          606144 kB
MemAvailable:    1467992 kB
Buffers:           75936 kB
Cached:           904968 kB
MemTotal:        1844596 kB
MemFree:          605576 kB
MemAvailable:    1467424 kB
Buffers:           75936 kB
Cached:           904968 kB
MemTotal:        1844596 kB
MemFree:          605996 kB
MemAvailable:    1467852 kB
Buffers:           75936 kB
Cached:           904976 kB
MemTotal:        1844596 kB
MemFree:          606332 kB
MemAvailable:    1468188 kB
Buffers:           75936 kB
Cached:           904976 kB
MemTotal:        1844596 kB
MemFree:          605832 kB
MemAvailable:    1467688 kB
Buffers:           75936 kB
Cached:           904976 kB
MemTotal:        1844596 kB
MemFree:          605888 kB
MemAvailable:    1467744 kB
Buffers:           75936 kB
Cached:           904976 kB
MemTotal:        1844596 kB
MemFree:          605484 kB
MemAvailable:    1467340 kB
Buffers:           75936 kB
Cached:           904976 kB
MemTotal:        1844596 kB
MemFree:          605820 kB
MemAvailable:    1467676 kB
Buffers:           75936 kB
Cached:           904976 kB
MemTotal:        1844596 kB
MemFree:          605352 kB
MemAvailable:    1467208 kB
Buffers:           75936 kB
Cached:           904976 kB
MemTotal:        1844596 kB
MemFree:          605688 kB
MemAvailable:    1467544 kB
Buffers:           75936 kB
Cached:           904976 kB
MemTotal:        1844596 kB
MemFree:          605220 kB
MemAvailable:    1467076 kB
Buffers:           75936 kB
Cached:           904976 kB
MemTotal:        1844596 kB
MemFree:          605556 kB
MemAvailable:    1467412 kB
Buffers:           75936 kB
Cached:           904976 kB
MemTotal:        1844596 kB
MemFree:          604236 kB
MemAvailable:    1466092 kB
Buffers:           75936 kB
Cached:           904976 kB
MemTotal:        1844596 kB
MemFree:          606336 kB
MemAvailable:    1468192 kB
Buffers:           75936 kB
Cached:           904976 kB
MemTotal:        1844596 kB
MemFree:          606032 kB
MemAvailable:    1467888 kB
Buffers:           75936 kB
Cached:           904976 kB
MemTotal:        1844596 kB
MemFree:          607628 kB
MemAvailable:    1469484 kB
Buffers:           75936 kB
Cached:           904976 kB
MemTotal:        1844596 kB
MemFree:          607244 kB
MemAvailable:    1469100 kB
Buffers:           75936 kB
Cached:           904976 kB
MemTotal:        1844596 kB
MemFree:          607472 kB
MemAvailable:    1469328 kB
Buffers:           75936 kB
Cached:           904976 kB
MemTotal:        1844596 kB
MemFree:          607728 kB
MemAvailable:    1469584 kB
Buffers:           75936 kB
Cached:           904976 kB
MemTotal:        1844596 kB
MemFree:          606308 kB
MemAvailable:    1468164 kB
Buffers:           75936 kB
Cached:           904976 kB
MemTotal:        1844596 kB
MemFree:          606864 kB
MemAvailable:    1468720 kB
Buffers:           75936 kB
Cached:           904976 kB
MemTotal:        1844596 kB
MemFree:          607856 kB
MemAvailable:    1469712 kB
Buffers:           75936 kB
Cached:           904976 kB
MemTotal:        1844596 kB
MemFree:          607924 kB
MemAvailable:    1469780 kB
Buffers:           75936 kB
Cached:           904976 kB
MemTotal:        1844596 kB
MemFree:          606484 kB
MemAvailable:    1468340 kB
Buffers:           75936 kB
Cached:           904976 kB
MemTotal:        1844596 kB
MemFree:          607676 kB
MemAvailable:    1469532 kB
Buffers:           75936 kB
Cached:           904976 kB
MemTotal:        1844596 kB
MemFree:          606872 kB
MemAvailable:    1468728 kB
Buffers:           75936 kB
Cached:           904976 kB
MemTotal:        1844596 kB
MemFree:          607496 kB
MemAvailable:    1469352 kB
Buffers:           75936 kB
Cached:           904976 kB
MemTotal:        1844596 kB
MemFree:          607496 kB
MemAvailable:    1469352 kB
Buffers:           75936 kB
Cached:           904976 kB
MemTotal:        1844596 kB
MemFree:          607616 kB
MemAvailable:    1469472 kB
Buffers:           75936 kB
Cached:           904976 kB
MemTotal:        1844596 kB
MemFree:          607412 kB
MemAvailable:    1469268 kB
Buffers:           75936 kB
Cached:           904976 kB
MemTotal:        1844596 kB
MemFree:          607412 kB
MemAvailable:    1469268 kB
Buffers:           75936 kB
Cached:           904976 kB
MemTotal:        1844596 kB
MemFree:          607480 kB
MemAvailable:    1469336 kB
Buffers:           75936 kB
Cached:           904976 kB
MemTotal:        1844596 kB
MemFree:          606232 kB
MemAvailable:    1468088 kB
Buffers:           75936 kB
Cached:           904976 kB
MemTotal:        1844596 kB
MemFree:          606316 kB
MemAvailable:    1468172 kB
Buffers:           75936 kB
Cached:           904976 kB
MemTotal:        1844596 kB
MemFree:          607616 kB
MemAvailable:    1469472 kB
Buffers:           75936 kB
Cached:           904976 kB
MemTotal:        1844596 kB
MemFree:          606184 kB
MemAvailable:    1468040 kB
Buffers:           75936 kB
Cached:           904976 kB
MemTotal:        1844596 kB
MemFree:          606432 kB
MemAvailable:    1468288 kB
Buffers:           75936 kB
Cached:           904976 kB
MemTotal:        1844596 kB
MemFree:          606120 kB
MemAvailable:    1467980 kB
Buffers:           75936 kB
Cached:           904980 kB
MemTotal:        1844596 kB
MemFree:          605252 kB
MemAvailable:    1467112 kB
Buffers:           75936 kB
Cached:           904980 kB
MemTotal:        1844596 kB
MemFree:          605252 kB
MemAvailable:    1467112 kB
Buffers:           75936 kB
Cached:           904980 kB
MemTotal:        1844596 kB
MemFree:          605888 kB
MemAvailable:    1467748 kB
Buffers:           75936 kB
Cached:           904980 kB
MemTotal:        1844596 kB
MemFree:          604764 kB
MemAvailable:    1466624 kB
Buffers:           75936 kB
Cached:           904980 kB
MemTotal:        1844596 kB
MemFree:          605816 kB
MemAvailable:    1467676 kB
Buffers:           75936 kB
Cached:           904980 kB
MemTotal:        1844596 kB
MemFree:          604640 kB
MemAvailable:    1466500 kB
Buffers:           75936 kB
Cached:           904980 kB
MemTotal:        1844596 kB
MemFree:          604888 kB
MemAvailable:    1466748 kB
Buffers:           75936 kB
Cached:           904980 kB
MemTotal:        1844596 kB
MemFree:          605748 kB
MemAvailable:    1467604 kB
Buffers:           75936 kB
Cached:           904980 kB
MemTotal:        1844596 kB
MemFree:          605748 kB
MemAvailable:    1467604 kB
Buffers:           75936 kB
Cached:           904980 kB
MemTotal:        1844596 kB
MemFree:          605740 kB
MemAvailable:    1467596 kB
Buffers:           75936 kB
Cached:           904980 kB
MemTotal:        1844596 kB
MemFree:          605740 kB
MemAvailable:    1467596 kB
Buffers:           75936 kB
Cached:           904980 kB
MemTotal:        1844596 kB
MemFree:          606000 kB
MemAvailable:    1467856 kB
Buffers:           75936 kB
Cached:           904980 kB
MemTotal:        1844596 kB
MemFree:          605992 kB
MemAvailable:    1467848 kB
Buffers:           75936 kB
Cached:           904980 kB
MemTotal:        1844596 kB
MemFree:          605704 kB
MemAvailable:    1467560 kB
Buffers:           75936 kB
Cached:           904980 kB
MemTotal:        1844596 kB
MemFree:          605884 kB
MemAvailable:    1467740 kB
Buffers:           75936 kB
Cached:           904980 kB
MemTotal:        1844596 kB
MemFree:          604620 kB
MemAvailable:    1466476 kB
Buffers:           75936 kB
Cached:           904980 kB
MemTotal:        1844596 kB
MemFree:          604488 kB
MemAvailable:    1466344 kB
Buffers:           75936 kB
Cached:           904980 kB
MemTotal:        1844596 kB
MemFree:          605464 kB
MemAvailable:    1467320 kB
Buffers:           75936 kB
Cached:           904980 kB
MemTotal:        1844596 kB
MemFree:          605464 kB
MemAvailable:    1467320 kB
Buffers:           75936 kB
Cached:           904980 kB
MemTotal:        1844596 kB
MemFree:          605072 kB
MemAvailable:    1466928 kB
Buffers:           75936 kB
Cached:           904980 kB
MemTotal:        1844596 kB
MemFree:          604140 kB
MemAvailable:    1465996 kB
Buffers:           75936 kB
Cached:           904980 kB
MemTotal:        1844596 kB
MemFree:          603996 kB
MemAvailable:    1465852 kB
Buffers:           75936 kB
Cached:           904980 kB
MemTotal:        1844596 kB
MemFree:          604128 kB
MemAvailable:    1465984 kB
Buffers:           75936 kB
Cached:           904980 kB
MemTotal:        1844596 kB
MemFree:          605260 kB
MemAvailable:    1467116 kB
Buffers:           75936 kB
Cached:           904980 kB
MemTotal:        1844596 kB
MemFree:          605064 kB
MemAvailable:    1466920 kB
Buffers:           75936 kB
Cached:           904980 kB
MemTotal:        1844596 kB
MemFree:          604524 kB
MemAvailable:    1466380 kB
Buffers:           75936 kB
Cached:           904980 kB
MemTotal:        1844596 kB
MemFree:          604840 kB
MemAvailable:    1466696 kB
Buffers:           75936 kB
Cached:           904980 kB
MemTotal:        1844596 kB
MemFree:          605032 kB
MemAvailable:    1466888 kB
Buffers:           75936 kB
Cached:           904980 kB
MemTotal:        1844596 kB
MemFree:          603640 kB
MemAvailable:    1465496 kB
Buffers:           75936 kB
Cached:           904980 kB
MemTotal:        1844596 kB
MemFree:          603520 kB
MemAvailable:    1465376 kB
Buffers:           75936 kB
Cached:           904980 kB
MemTotal:        1844596 kB
MemFree:          603780 kB
MemAvailable:    1465636 kB
Buffers:           75936 kB
Cached:           904980 kB
MemTotal:        1844596 kB
MemFree:          603524 kB
MemAvailable:    1465380 kB
Buffers:           75936 kB
Cached:           904980 kB
MemTotal:        1844596 kB
MemFree:          604268 kB
MemAvailable:    1466124 kB
Buffers:           75936 kB
Cached:           904980 kB
MemTotal:        1844596 kB
MemFree:          605128 kB
MemAvailable:    1466984 kB
Buffers:           75936 kB
Cached:           904980 kB
MemTotal:        1844596 kB
MemFree:          605380 kB
MemAvailable:    1467236 kB
Buffers:           75936 kB
Cached:           904980 kB
MemTotal:        1844596 kB
MemFree:          604872 kB
MemAvailable:    1466728 kB
Buffers:           75936 kB
Cached:           904980 kB
MemTotal:        1844596 kB
MemFree:          605208 kB
MemAvailable:    1467064 kB
Buffers:           75936 kB
Cached:           904980 kB
MemTotal:        1844596 kB
MemFree:          603632 kB
MemAvailable:    1465488 kB
Buffers:           75936 kB
Cached:           904980 kB
MemTotal:        1844596 kB
MemFree:          603848 kB
MemAvailable:    1465704 kB
Buffers:           75936 kB
Cached:           904980 kB
MemTotal:        1844596 kB
MemFree:          604760 kB
MemAvailable:    1466616 kB
Buffers:           75936 kB
Cached:           904980 kB
MemTotal:        1844596 kB
MemFree:          605060 kB
MemAvailable:    1466916 kB
Buffers:           75936 kB
Cached:           904980 kB
MemTotal:        1844596 kB
MemFree:          604688 kB
MemAvailable:    1466544 kB
Buffers:           75936 kB
Cached:           904980 kB
MemTotal:        1844596 kB
MemFree:          605024 kB
MemAvailable:    1466880 kB
Buffers:           75936 kB
Cached:           904980 kB
MemTotal:        1844596 kB
MemFree:          604724 kB
MemAvailable:    1466580 kB
Buffers:           75936 kB
Cached:           904980 kB
MemTotal:        1844596 kB
MemFree:          605060 kB
MemAvailable:    1466916 kB
Buffers:           75936 kB
Cached:           904980 kB
MemTotal:        1844596 kB
MemFree:          604816 kB
MemAvailable:    1466672 kB
Buffers:           75936 kB
Cached:           904980 kB
MemTotal:        1844596 kB
MemFree:          603780 kB
MemAvailable:    1465636 kB
Buffers:           75936 kB
Cached:           904980 kB
MemTotal:        1844596 kB
MemFree:          603772 kB
MemAvailable:    1465628 kB
Buffers:           75936 kB
Cached:           904980 kB
MemTotal:        1844596 kB
MemFree:          604640 kB
MemAvailable:    1466496 kB
Buffers:           75936 kB
Cached:           904980 kB
MemTotal:        1844596 kB
MemFree:          604768 kB
MemAvailable:    1466624 kB
Buffers:           75936 kB
Cached:           904980 kB
MemTotal:        1844596 kB
MemFree:          604936 kB
MemAvailable:    1466792 kB
Buffers:           75936 kB
Cached:           904980 kB
MemTotal:        1844596 kB
MemFree:          604804 kB
MemAvailable:    1466660 kB
Buffers:           75936 kB
Cached:           904980 kB
MemTotal:        1844596 kB
MemFree:          603484 kB
MemAvailable:    1465340 kB
Buffers:           75936 kB
Cached:           904980 kB
MemTotal:        1844596 kB
MemFree:          603600 kB
MemAvailable:    1465456 kB
Buffers:           75936 kB
Cached:           904980 kB
MemTotal:        1844596 kB
MemFree:          604956 kB
MemAvailable:    1466812 kB
Buffers:           75936 kB
Cached:           904980 kB
MemTotal:        1844596 kB
MemFree:          604756 kB
MemAvailable:    1466612 kB
Buffers:           75936 kB
Cached:           904980 kB
MemTotal:        1844596 kB
MemFree:          604756 kB
MemAvailable:    1466612 kB
Buffers:           75936 kB
Cached:           904980 kB
MemTotal:        1844596 kB
MemFree:          604900 kB
MemAvailable:    1466756 kB
Buffers:           75936 kB
Cached:           904980 kB
MemTotal:        1844596 kB
MemFree:          603760 kB
MemAvailable:    1465616 kB
Buffers:           75936 kB
Cached:           904980 kB
MemTotal:        1844596 kB
MemFree:          603756 kB
MemAvailable:    1465612 kB
Buffers:           75936 kB
Cached:           904980 kB
MemTotal:        1844596 kB
MemFree:          604268 kB
MemAvailable:    1466124 kB
Buffers:           75936 kB
Cached:           904980 kB
MemTotal:        1844596 kB
MemFree:          604152 kB
MemAvailable:    1466008 kB
Buffers:           75936 kB
Cached:           904980 kB
MemTotal:        1844596 kB
MemFree:          605328 kB
MemAvailable:    1467184 kB
Buffers:           75936 kB
Cached:           904980 kB
MemTotal:        1844596 kB
MemFree:          605004 kB
MemAvailable:    1466860 kB
Buffers:           75936 kB
Cached:           904980 kB
MemTotal:        1844596 kB
MemFree:          605004 kB
MemAvailable:    1466860 kB
Buffers:           75936 kB
Cached:           904980 kB
MemTotal:        1844596 kB
MemFree:          604880 kB
MemAvailable:    1466736 kB
Buffers:           75936 kB
Cached:           904980 kB
MemTotal:        1844596 kB
MemFree:          605020 kB
MemAvailable:    1466876 kB
Buffers:           75936 kB
Cached:           904980 kB
MemTotal:        1844596 kB
MemFree:          604884 kB
MemAvailable:    1466740 kB
Buffers:           75936 kB
Cached:           904980 kB
MemTotal:        1844596 kB
MemFree:          603720 kB
MemAvailable:    1465576 kB
Buffers:           75936 kB
Cached:           904980 kB
MemTotal:        1844596 kB
MemFree:          603756 kB
MemAvailable:    1465612 kB
Buffers:           75936 kB
Cached:           904980 kB
MemTotal:        1844596 kB
MemFree:          604756 kB
MemAvailable:    1466612 kB
Buffers:           75936 kB
Cached:           904980 kB
MemTotal:        1844596 kB
MemFree:          604756 kB
MemAvailable:    1466612 kB
Buffers:           75936 kB
Cached:           904980 kB
MemTotal:        1844596 kB
MemFree:          605068 kB
MemAvailable:    1466924 kB
Buffers:           75936 kB
Cached:           904980 kB
MemTotal:        1844596 kB
MemFree:          603720 kB
MemAvailable:    1465576 kB
Buffers:           75936 kB
Cached:           904980 kB
MemTotal:        1844596 kB
MemFree:          603756 kB
MemAvailable:    1465612 kB
Buffers:           75936 kB
Cached:           904980 kB
MemTotal:        1844596 kB
MemFree:          604908 kB
MemAvailable:    1466764 kB
Buffers:           75936 kB
Cached:           904980 kB
MemTotal:        1844596 kB
MemFree:          605028 kB
MemAvailable:    1466884 kB
Buffers:           75936 kB
Cached:           904980 kB
MemTotal:        1844596 kB
MemFree:          603596 kB
MemAvailable:    1465452 kB
Buffers:           75936 kB
Cached:           904980 kB
MemTotal:        1844596 kB
MemFree:          603968 kB
MemAvailable:    1465824 kB
Buffers:           75936 kB
Cached:           904980 kB
MemTotal:        1844596 kB
MemFree:          604956 kB
MemAvailable:    1466824 kB
Buffers:           75936 kB
Cached:           904992 kB
MemTotal:        1844596 kB
MemFree:          604908 kB
MemAvailable:    1466776 kB
Buffers:           75936 kB
Cached:           904992 kB
MemTotal:        1844596 kB
MemFree:          604016 kB
MemAvailable:    1465884 kB
Buffers:           75936 kB
Cached:           904992 kB
MemTotal:        1844596 kB
MemFree:          603768 kB
MemAvailable:    1465636 kB
Buffers:           75936 kB
Cached:           904992 kB
MemTotal:        1844596 kB
MemFree:          605068 kB
MemAvailable:    1466936 kB
Buffers:           75936 kB
Cached:           904992 kB
MemTotal:        1844596 kB
MemFree:          604832 kB
MemAvailable:    1466700 kB
Buffers:           75936 kB
Cached:           904992 kB
MemTotal:        1844596 kB
MemFree:          604772 kB
MemAvailable:    1466640 kB
Buffers:           75936 kB
Cached:           904992 kB
MemTotal:        1844596 kB
MemFree:          604744 kB
MemAvailable:    1466612 kB
Buffers:           75936 kB
Cached:           904992 kB
MemTotal:        1844596 kB
MemFree:          604996 kB
MemAvailable:    1466864 kB
Buffers:           75936 kB
Cached:           904992 kB
MemTotal:        1844596 kB
MemFree:          604828 kB
MemAvailable:    1466696 kB
Buffers:           75936 kB
Cached:           904992 kB
MemTotal:        1844596 kB
MemFree:          604828 kB
MemAvailable:    1466696 kB
Buffers:           75936 kB
Cached:           904992 kB
MemTotal:        1844596 kB
MemFree:          605068 kB
MemAvailable:    1466936 kB
Buffers:           75936 kB
Cached:           904992 kB
MemTotal:        1844596 kB
MemFree:          604888 kB
MemAvailable:    1466756 kB
Buffers:           75936 kB
Cached:           904992 kB
MemTotal:        1844596 kB
MemFree:          603872 kB
MemAvailable:    1465740 kB
Buffers:           75936 kB
Cached:           904992 kB
MemTotal:        1844596 kB
MemFree:          604908 kB
MemAvailable:    1466776 kB
Buffers:           75936 kB
Cached:           904992 kB
MemTotal:        1844596 kB
MemFree:          604964 kB
MemAvailable:    1466832 kB
Buffers:           75936 kB
Cached:           904992 kB
MemTotal:        1844596 kB
MemFree:          604708 kB
MemAvailable:    1466576 kB
Buffers:           75936 kB
Cached:           904992 kB
MemTotal:        1844596 kB
MemFree:          604964 kB
MemAvailable:    1466832 kB
Buffers:           75936 kB
Cached:           904992 kB
MemTotal:        1844596 kB
MemFree:          603760 kB
MemAvailable:    1465628 kB
Buffers:           75936 kB
Cached:           904992 kB
MemTotal:        1844596 kB
MemFree:          604936 kB
MemAvailable:    1466804 kB
Buffers:           75936 kB
Cached:           904992 kB
MemTotal:        1844596 kB
MemFree:          604152 kB
MemAvailable:    1466020 kB
Buffers:           75936 kB
Cached:           904992 kB
MemTotal:        1844596 kB
MemFree:          604828 kB
MemAvailable:    1466696 kB
Buffers:           75936 kB
Cached:           904992 kB
MemTotal:        1844596 kB
MemFree:          605052 kB
MemAvailable:    1466920 kB
Buffers:           75936 kB
Cached:           904992 kB
MemTotal:        1844596 kB
MemFree:          604764 kB
MemAvailable:    1466632 kB
Buffers:           75936 kB
Cached:           904992 kB
MemTotal:        1844596 kB
MemFree:          604764 kB
MemAvailable:    1466632 kB
Buffers:           75936 kB
Cached:           904992 kB
MemTotal:        1844596 kB
MemFree:          604848 kB
MemAvailable:    1466716 kB
Buffers:           75936 kB
Cached:           904992 kB
MemTotal:        1844596 kB
MemFree:          603728 kB
MemAvailable:    1465596 kB
Buffers:           75936 kB
Cached:           904992 kB
MemTotal:        1844596 kB
MemFree:          603596 kB
MemAvailable:    1465464 kB
Buffers:           75936 kB
Cached:           904992 kB
MemTotal:        1844596 kB
MemFree:          604704 kB
MemAvailable:    1466572 kB
Buffers:           75936 kB
Cached:           904992 kB
MemTotal:        1844596 kB
MemFree:          604960 kB
MemAvailable:    1466828 kB
Buffers:           75936 kB
Cached:           904992 kB
MemTotal:        1844596 kB
MemFree:          605016 kB
MemAvailable:    1466884 kB
Buffers:           75936 kB
Cached:           904992 kB
MemTotal:        1844596 kB
MemFree:          604992 kB
MemAvailable:    1466860 kB
Buffers:           75936 kB
Cached:           904992 kB
MemTotal:        1844596 kB
MemFree:          604136 kB
MemAvailable:    1466004 kB
Buffers:           75936 kB
Cached:           904992 kB
MemTotal:        1844596 kB
MemFree:          603608 kB
MemAvailable:    1465476 kB
Buffers:           75936 kB
Cached:           904992 kB
MemTotal:        1844596 kB
MemFree:          603600 kB
MemAvailable:    1465468 kB
Buffers:           75936 kB
Cached:           904992 kB
MemTotal:        1844596 kB
MemFree:          603516 kB
MemAvailable:    1465384 kB
Buffers:           75936 kB
Cached:           904992 kB
MemTotal:        1844596 kB
