MemTotal:        1844596 kB
MemFree:          422948 kB
MemAvailable:    1567212 kB
Buffers:           80424 kB
Cached:          1178216 kB
MemTotal:        1844596 kB
MemFree:          424380 kB
MemAvailable:    1568644 kB
Buffers:           80424 kB
Cached:          1178216 kB
MemTotal:        1844596 kB
MemFree:          422824 kB
MemAvailable:    1567088 kB
Buffers:           80424 kB
Cached:          1178216 kB
MemTotal:        1844596 kB
MemFree:          422080 kB
MemAvailable:    1566344 kB
Buffers:           80424 kB
Cached:          1178216 kB
MemTotal:        1844596 kB
MemFree:          420112 kB
MemAvailable:    1564376 kB
Buffers:           80424 kB
Cached:          1178216 kB
MemTotal:        1844596 kB
MemFree:          420228 kB
MemAvailable:    1564492 kB
Buffers:           80424 kB
Cached:          1178216 kB
MemTotal:        1844596 kB
MemFree:          418732 kB
MemAvailable:    1562996 kB
Buffers:           80424 kB
Cached:          1178216 kB
MemTotal:        1844596 kB
MemFree:          418128 kB
MemAvailable:    1562392 kB
Buffers:           80424 kB
Cached:          1178216 kB
MemTotal:        1844596 kB
MemFree:          415212 kB
MemAvailable:    1559476 kB
Buffers:           80424 kB
Cached:          1178216 kB
MemTotal:        1844596 kB
MemFree:          413600 kB
MemAvailable:    1557864 kB
Buffers:           80424 kB
Cached:          1178216 kB
MemTotal:        1844596 kB
MemFree:          409820 kB
MemAvailable:    1554084 kB
Buffers:           80424 kB
Cached:          1178216 kB
MemTotal:        1844596 kB
MemFree:          412160 kB
MemAvailable:    1556424 kB
Buffers:           80424 kB
Cached:          1178216 kB
MemTotal:        1844596 kB
MemFree:          412160 kB
MemAvailable:    1556424 kB
Buffers:           80424 kB
Cached:          1178216 kB
MemTotal:        1844596 kB
MemFree:          410920 kB
MemAvailable:    1555184 kB
Buffers:           80424 kB
Cached:          1178216 kB
MemTotal:        1844596 kB
MemFree:          412020 kB
MemAvailable:    1556284 kB
Buffers:           80424 kB
Cached:          1178216 kB
MemTotal:        1844596 kB
MemFree:          412188 kB
MemAvailable:    1556452 kB
Buffers:           80424 kB
Cached:          1178216 kB
MemTotal:        1844596 kB
MemFree:          410868 kB
MemAvailable:    1555132 kB
Buffers:           80424 kB
Cached:          1178216 kB
MemTotal:        1844596 kB
MemFree:          412092 kB
MemAvailable:    1556356 kB
Buffers:           80424 kB
Cached:          1178216 kB
MemTotal:        1844596 kB
MemFree:          411712 kB
MemAvailable:    1555976 kB
Buffers:           80424 kB
Cached:          1178216 kB
MemTotal:        1844596 kB
MemFree:          411796 kB
MemAvailable:    1556060 kB
Buffers:           80424 kB
Cached:          1178216 kB
MemTotal:        1844596 kB
MemFree:          409572 kB
MemAvailable:    1553836 kB
Buffers:           80424 kB
Cached:          1178216 kB
MemTotal:        1844596 kB
MemFree:          408952 kB
MemAvailable:    1553216 kB
Buffers:           80424 kB
Cached:          1178216 kB
MemTotal:        1844596 kB
MemFree:          409880 kB
MemAvailable:    1554144 kB
Buffers:           80424 kB
Cached:          1178216 kB
MemTotal:        1844596 kB
MemFree:          409832 kB
MemAvailable:    1554096 kB
Buffers:           80424 kB
Cached:          1178216 kB
MemTotal:        1844596 kB
MemFree:          409544 kB
MemAvailable:    1553808 kB
Buffers:           80424 kB
Cached:          1178216 kB
MemTotal:        1844596 kB
MemFree:          409712 kB
MemAvailable:    1553976 kB
Buffers:           80424 kB
Cached:          1178216 kB
MemTotal:        1844596 kB
MemFree:          409868 kB
MemAvailable:    1554132 kB
Buffers:           80424 kB
Cached:          1178216 kB
MemTotal:        1844596 kB
MemFree:          408520 kB
MemAvailable:    1552784 kB
Buffers:           80424 kB
Cached:          1178216 kB
MemTotal:        1844596 kB
MemFree:          409820 kB
MemAvailable:    1554084 kB
Buffers:           80424 kB
Cached:          1178216 kB
MemTotal:        1844596 kB
MemFree:          409756 kB
MemAvailable:    1554020 kB
Buffers:           80424 kB
Cached:          1178216 kB
MemTotal:        1844596 kB
MemFree:          409200 kB
MemAvailable:    1553464 kB
Buffers:           80424 kB
Cached:          1178216 kB
MemTotal:        1844596 kB
MemFree:          409676 kB
MemAvailable:    1553940 kB
Buffers:           80424 kB
Cached:          1178216 kB
MemTotal:        1844596 kB
MemFree:          410012 kB
MemAvailable:    1554276 kB
Buffers:           80424 kB
Cached:          1178216 kB
MemTotal:        1844596 kB
MemFree:          405976 kB
MemAvailable:    1550240 kB
Buffers:           80424 kB
Cached:          1178216 kB
MemTotal:        1844596 kB
MemFree:          403984 kB
MemAvailable:    1548248 kB
Buffers:           80424 kB
Cached:          1178216 kB
MemTotal:        1844596 kB
MemFree:          405232 kB
MemAvailable:    1549496 kB
Buffers:           80424 kB
Cached:          1178216 kB
MemTotal:        1844596 kB
MemFree:          404968 kB
MemAvailable:    1549232 kB
Buffers:           80424 kB
Cached:          1178216 kB
MemTotal:        1844596 kB
MemFree:          404968 kB
MemAvailable:    1549232 kB
Buffers:           80424 kB
Cached:          1178216 kB
MemTotal:        1844596 kB
MemFree:          404672 kB
MemAvailable:    1548936 kB
Buffers:           80424 kB
Cached:          1178216 kB
MemTotal:        1844596 kB
MemFree:          405008 kB
MemAvailable:    1549272 kB
Buffers:           80424 kB
Cached:          1178216 kB
MemTotal:        1844596 kB
MemFree:          404540 kB
MemAvailable:    1548804 kB
Buffers:           80424 kB
Cached:          1178216 kB
MemTotal:        1844596 kB
MemFree:          404540 kB
MemAvailable:    1548804 kB
Buffers:           80424 kB
Cached:          1178216 kB
MemTotal:        1844596 kB
MemFree:          404492 kB
MemAvailable:    1548756 kB
Buffers:           80424 kB
Cached:          1178216 kB
MemTotal:        1844596 kB
MemFree:          403060 kB
MemAvailable:    1547324 kB
Buffers:           80424 kB
Cached:          1178216 kB
MemTotal:        1844596 kB
MemFree:          404044 kB
MemAvailable:    1548308 kB
Buffers:           80424 kB
Cached:          1178216 kB
MemTotal:        1844596 kB
MemFree:          402548 kB
MemAvailable:    1546812 kB
Buffers:           80424 kB
Cached:          1178216 kB
MemTotal:        1844596 kB
MemFree:          402664 kB
MemAvailable:    1546928 kB
Buffers:           80424 kB
Cached:          1178216 kB
MemTotal:        1844596 kB
MemFree:          402752 kB
MemAvailable:    1547016 kB
Buffers:           80424 kB
Cached:          1178216 kB
MemTotal:        1844596 kB
MemFree:          403688 kB
MemAvailable:    1547952 kB
Buffers:           80424 kB
Cached:          1178216 kB
MemTotal:        1844596 kB
MemFree:          403496 kB
MemAvailable:    1547760 kB
Buffers:           80424 kB
Cached:          1178216 kB
MemTotal:        1844596 kB
MemFree:          402316 kB
MemAvailable:    1546580 kB
Buffers:           80424 kB
Cached:          1178216 kB
MemTotal:        1844596 kB
MemFree:          403748 kB
MemAvailable:    1548012 kB
Buffers:           80424 kB
Cached:          1178216 kB
MemTotal:        1844596 kB
MemFree:          402628 kB
MemAvailable:    1546892 kB
Buffers:           80424 kB
Cached:          1178216 kB
MemTotal:        1844596 kB
MemFree:          403248 kB
MemAvailable:    1547512 kB
Buffers:           80424 kB
Cached:          1178216 kB
MemTotal:        1844596 kB
MemFree:          403056 kB
MemAvailable:    1547320 kB
Buffers:           80424 kB
Cached:          1178216 kB
MemTotal:        1844596 kB
MemFree:          403308 kB
MemAvailable:    1547572 kB
Buffers:           80424 kB
Cached:          1178216 kB
MemTotal:        1844596 kB
MemFree:          401984 kB
MemAvailable:    1546248 kB
Buffers:           80424 kB
Cached:          1178216 kB
MemTotal:        1844596 kB
MemFree:          403356 kB
MemAvailable:    1547620 kB
Buffers:           80424 kB
Cached:          1178216 kB
MemTotal:        1844596 kB
MemFree:          402628 kB
MemAvailable:    1546892 kB
Buffers:           80424 kB
Cached:          1178216 kB
MemTotal:        1844596 kB
MemFree:          403060 kB
MemAvailable:    1547324 kB
Buffers:           80424 kB
Cached:          1178216 kB
MemTotal:        1844596 kB
MemFree:          403316 kB
MemAvailable:    1547580 kB
Buffers:           80424 kB
Cached:          1178216 kB
MemTotal:        1844596 kB
MemFree:          402116 kB
MemAvailable:    1546380 kB
Buffers:           80424 kB
Cached:          1178216 kB
MemTotal:        1844596 kB
MemFree:          402116 kB
MemAvailable:    1546380 kB
Buffers:           80424 kB
Cached:          1178216 kB
MemTotal:        1844596 kB
MemFree:          397480 kB
MemAvailable:    1541744 kB
Buffers:           80424 kB
Cached:          1178216 kB
MemTotal:        1844596 kB
MemFree:          397224 kB
MemAvailable:    1541488 kB
Buffers:           80424 kB
Cached:          1178216 kB
MemTotal:        1844596 kB
MemFree:          395792 kB
MemAvailable:    1540056 kB
Buffers:           80424 kB
Cached:          1178216 kB
MemTotal:        1844596 kB
MemFree:          395684 kB
MemAvailable:    1539952 kB
Buffers:           80424 kB
Cached:          1178220 kB
MemTotal:        1844596 kB
MemFree:          396420 kB
MemAvailable:    1540700 kB
Buffers:           80424 kB
Cached:          1178228 kB
MemTotal:        1844596 kB
MemFree:          396420 kB
MemAvailable:    1540700 kB
Buffers:           80424 kB
Cached:          1178228 kB
MemTotal:        1844596 kB
MemFree:          395056 kB
MemAvailable:    1539336 kB
Buffers:           80424 kB
Cached:          1178228 kB
MemTotal:        1844596 kB
MemFree:          394808 kB
MemAvailable:    1539088 kB
Buffers:           80424 kB
Cached:          1178228 kB
MemTotal:        1844596 kB
MemFree:          395048 kB
MemAvailable:    1539328 kB
Buffers:           80424 kB
Cached:          1178228 kB
MemTotal:        1844596 kB
MemFree:          395420 kB
MemAvailable:    1539700 kB
Buffers:           80424 kB
Cached:          1178228 kB
MemTotal:        1844596 kB
MemFree:          395420 kB
MemAvailable:    1539700 kB
Buffers:           80424 kB
Cached:          1178228 kB
MemTotal:        1844596 kB
MemFree:          394924 kB
MemAvailable:    1539204 kB
Buffers:           80424 kB
Cached:          1178228 kB
MemTotal:        1844596 kB
MemFree:          395260 kB
MemAvailable:    1539540 kB
Buffers:           80424 kB
Cached:          1178228 kB
MemTotal:        1844596 kB
MemFree:          394816 kB
MemAvailable:    1539096 kB
Buffers:           80424 kB
Cached:          1178228 kB
MemTotal:        1844596 kB
MemFree:          393204 kB
MemAvailable:    1537484 kB
Buffers:           80424 kB
Cached:          1178228 kB
MemTotal:        1844596 kB
MemFree:          392576 kB
MemAvailable:    1536856 kB
Buffers:           80424 kB
Cached:          1178228 kB
MemTotal:        1844596 kB
MemFree:          393824 kB
MemAvailable:    1538104 kB
Buffers:           80424 kB
Cached:          1178228 kB
MemTotal:        1844596 kB
MemFree:          392148 kB
MemAvailable:    1536428 kB
Buffers:           80424 kB
Cached:          1178228 kB
MemTotal:        1844596 kB
MemFree:          393500 kB
MemAvailable:    1537780 kB
Buffers:           80424 kB
Cached:          1178228 kB
MemTotal:        1844596 kB
MemFree:          393500 kB
MemAvailable:    1537780 kB
Buffers:           80424 kB
Cached:          1178228 kB
MemTotal:        1844596 kB
MemFree:          393312 kB
MemAvailable:    1537592 kB
Buffers:           80424 kB
Cached:          1178228 kB
MemTotal:        1844596 kB
MemFree:          392196 kB
MemAvailable:    1536476 kB
Buffers:           80424 kB
Cached:          1178228 kB
MemTotal:        1844596 kB
MemFree:          392188 kB
MemAvailable:    1536468 kB
Buffers:           80424 kB
Cached:          1178228 kB
MemTotal:        1844596 kB
MemFree:          393580 kB
MemAvailable:    1537860 kB
Buffers:           80424 kB
Cached:          1178228 kB
MemTotal:        1844596 kB
MemFree:          393508 kB
MemAvailable:    1537788 kB
Buffers:           80424 kB
Cached:          1178228 kB
MemTotal:        1844596 kB
MemFree:          393508 kB
MemAvailable:    1537788 kB
Buffers:           80424 kB
Cached:          1178228 kB
MemTotal:        1844596 kB
MemFree:          393404 kB
MemAvailable:    1537684 kB
Buffers:           80424 kB
Cached:          1178228 kB
MemTotal:        1844596 kB
MemFree:          393660 kB
MemAvailable:    1537940 kB
Buffers:           80424 kB
Cached:          1178228 kB
MemTotal:        1844596 kB
MemFree:          392196 kB
MemAvailable:    1536476 kB
Buffers:           80424 kB
Cached:          1178228 kB
MemTotal:        1844596 kB
MemFree:          391964 kB
MemAvailable:    1536244 kB
Buffers:           80424 kB
Cached:          1178228 kB
MemTotal:        1844596 kB
MemFree:          391832 kB
MemAvailable:    1536112 kB
Buffers:           80424 kB
Cached:          1178228 kB
MemTotal:        1844596 kB
MemFree:          392520 kB
MemAvailable:    1536800 kB
Buffers:           80424 kB
Cached:          1178228 kB
MemTotal:        1844596 kB
MemFree:          391220 kB
MemAvailable:    1535500 kB
Buffers:           80424 kB
Cached:          1178228 kB
MemTotal:        1844596 kB
MemFree:          392148 kB
MemAvailable:    1536428 kB
Buffers:           80424 kB
Cached:          1178228 kB
MemTotal:        1844596 kB
MemFree:          390724 kB
MemAvailable:    1535004 kB
Buffers:           80424 kB
Cached:          1178228 kB
MemTotal:        1844596 kB
MemFree:          391212 kB
MemAvailable:    1535492 kB
Buffers:           80424 kB
Cached:          1178228 kB
MemTotal:        1844596 kB
MemFree:          390956 kB
MemAvailable:    1535236 kB
Buffers:           80424 kB
Cached:          1178228 kB
MemTotal:        1844596 kB
MemFree:          389804 kB
MemAvailable:    1534084 kB
Buffers:           80424 kB
Cached:          1178228 kB
MemTotal:        1844596 kB
MemFree:          389424 kB
MemAvailable:    1533704 kB
Buffers:           80424 kB
Cached:          1178228 kB
MemTotal:        1844596 kB
MemFree:          390692 kB
MemAvailable:    1534972 kB
Buffers:           80424 kB
Cached:          1178228 kB
MemTotal:        1844596 kB
MemFree:          391028 kB
MemAvailable:    1535308 kB
Buffers:           80424 kB
Cached:          1178228 kB
MemTotal:        1844596 kB
MemFree:          390708 kB
MemAvailable:    1534988 kB
Buffers:           80424 kB
Cached:          1178228 kB
MemTotal:        1844596 kB
MemFree:          390708 kB
MemAvailable:    1534988 kB
Buffers:           80424 kB
Cached:          1178228 kB
MemTotal:        1844596 kB
MemFree:          389608 kB
MemAvailable:    1533888 kB
Buffers:           80424 kB
Cached:          1178228 kB
MemTotal:        1844596 kB
MemFree:          389692 kB
MemAvailable:    1533972 kB
Buffers:           80424 kB
Cached:          1178228 kB
MemTotal:        1844596 kB
MemFree:          390584 kB
MemAvailable:    1534864 kB
Buffers:           80424 kB
Cached:          1178228 kB
MemTotal:        1844596 kB
MemFree:          388552 kB
MemAvailable:    1532832 kB
Buffers:           80424 kB
Cached:          1178228 kB
MemTotal:        1844596 kB
MemFree:          386508 kB
MemAvailable:    1530788 kB
Buffers:           80424 kB
Cached:          1178228 kB
MemTotal:        1844596 kB
MemFree:          383904 kB
MemAvailable:    1528184 kB
Buffers:           80424 kB
Cached:          1178228 kB
MemTotal:        1844596 kB
MemFree:          380672 kB
MemAvailable:    1524952 kB
Buffers:           80424 kB
Cached:          1178228 kB
MemTotal:        1844596 kB
MemFree:          380424 kB
MemAvailable:    1524704 kB
Buffers:           80424 kB
Cached:          1178228 kB
MemTotal:        1844596 kB
MemFree:          381364 kB
MemAvailable:    1525644 kB
Buffers:           80424 kB
Cached:          1178228 kB
MemTotal:        1844596 kB
MemFree:          380256 kB
MemAvailable:    1524536 kB
Buffers:           80424 kB
Cached:          1178228 kB
MemTotal:        1844596 kB
MemFree:          380848 kB
MemAvailable:    1525128 kB
Buffers:           80424 kB
Cached:          1178228 kB
MemTotal:        1844596 kB
MemFree:          379688 kB
MemAvailable:    1523968 kB
Buffers:           80424 kB
Cached:          1178228 kB
MemTotal:        1844596 kB
MemFree:          380740 kB
MemAvailable:    1525020 kB
Buffers:           80424 kB
Cached:          1178228 kB
MemTotal:        1844596 kB
MemFree:          380368 kB
MemAvailable:    1524648 kB
Buffers:           80424 kB
Cached:          1178228 kB
MemTotal:        1844596 kB
MemFree:          379192 kB
MemAvailable:    1523472 kB
Buffers:           80424 kB
Cached:          1178228 kB
MemTotal:        1844596 kB
MemFree:          379412 kB
MemAvailable:    1523692 kB
Buffers:           80424 kB
Cached:          1178228 kB
MemTotal:        1844596 kB
MemFree:          379748 kB
MemAvailable:    1524028 kB
Buffers:           80424 kB
Cached:          1178228 kB
MemTotal:        1844596 kB
MemFree:          379480 kB
MemAvailable:    1523760 kB
Buffers:           80424 kB
Cached:          1178228 kB
MemTotal:        1844596 kB
MemFree:          379224 kB
MemAvailable:    1523504 kB
Buffers:           80424 kB
Cached:          1178228 kB
MemTotal:        1844596 kB
MemFree:          378448 kB
MemAvailable:    1522728 kB
Buffers:           80424 kB
Cached:          1178228 kB
MemTotal:        1844596 kB
MemFree:          379048 kB
MemAvailable:    1523328 kB
Buffers:           80424 kB
Cached:          1178228 kB
MemTotal:        1844596 kB
MemFree:          379048 kB
MemAvailable:    1523328 kB
Buffers:           80424 kB
Cached:          1178228 kB
MemTotal:        1844596 kB
MemFree:          379080 kB
MemAvailable:    1523360 kB
Buffers:           80424 kB
Cached:          1178228 kB
MemTotal:        1844596 kB
MemFree:          377940 kB
MemAvailable:    1522220 kB
Buffers:           80424 kB
Cached:          1178228 kB
MemTotal:        1844596 kB
MemFree:          378924 kB
MemAvailable:    1523204 kB
Buffers:           80424 kB
Cached:          1178228 kB
MemTotal:        1844596 kB
MemFree:          379180 kB
MemAvailable:    1523460 kB
Buffers:           80424 kB
Cached:          1178228 kB
MemTotal:        1844596 kB
MemFree:          378804 kB
MemAvailable:    1523084 kB
Buffers:           80424 kB
Cached:          1178228 kB
MemTotal:        1844596 kB
MemFree:          378804 kB
MemAvailable:    1523084 kB
Buffers:           80424 kB
Cached:          1178228 kB
MemTotal:        1844596 kB
MemFree:          378948 kB
MemAvailable:    1523228 kB
Buffers:           80424 kB
Cached:          1178228 kB
MemTotal:        1844596 kB
MemFree:          378916 kB
MemAvailable:    1523196 kB
Buffers:           80424 kB
Cached:          1178228 kB
MemTotal:        1844596 kB
MemFree:          378916 kB
MemAvailable:    1523196 kB
Buffers:           80424 kB
Cached:          1178228 kB
MemTotal:        1844596 kB
MemFree:          378508 kB
MemAvailable:    1522788 kB
Buffers:           80424 kB
Cached:          1178228 kB
MemTotal:        1844596 kB
MemFree:          377076 kB
MemAvailable:    1521356 kB
Buffers:           80424 kB
Cached:          1178228 kB
MemTotal:        1844596 kB
MemFree:          374092 kB
MemAvailable:    1518372 kB
Buffers:           80424 kB
Cached:          1178228 kB
MemTotal:        1844596 kB
MemFree:          374092 kB
MemAvailable:    1518372 kB
Buffers:           80424 kB
Cached:          1178228 kB
MemTotal:        1844596 kB
MemFree:          369396 kB
MemAvailable:    1513676 kB
Buffers:           80424 kB
Cached:          1178228 kB
MemTotal:        1844596 kB
MemFree:          367844 kB
MemAvailable:    1512124 kB
Buffers:           80424 kB
Cached:          1178228 kB
MemTotal:        1844596 kB
MemFree:          366288 kB
MemAvailable:    1510576 kB
Buffers:           80424 kB
Cached:          1178236 kB
MemTotal:        1844596 kB
MemFree:          366776 kB
MemAvailable:    1511064 kB
Buffers:           80424 kB
Cached:          1178236 kB
MemTotal:        1844596 kB
MemFree:          367028 kB
MemAvailable:    1511316 kB
Buffers:           80424 kB
Cached:          1178236 kB
MemTotal:        1844596 kB
MemFree:          365780 kB
MemAvailable:    1510068 kB
Buffers:           80424 kB
Cached:          1178236 kB
MemTotal:        1844596 kB
MemFree:          366904 kB
MemAvailable:    1511192 kB
Buffers:           80424 kB
Cached:          1178236 kB
MemTotal:        1844596 kB
MemFree:          366420 kB
MemAvailable:    1510708 kB
Buffers:           80424 kB
Cached:          1178236 kB
MemTotal:        1844596 kB
MemFree:          366988 kB
MemAvailable:    1511276 kB
Buffers:           80424 kB
Cached:          1178236 kB
MemTotal:        1844596 kB
MemFree:          366296 kB
MemAvailable:    1510584 kB
Buffers:           80424 kB
Cached:          1178236 kB
MemTotal:        1844596 kB
MemFree:          366596 kB
MemAvailable:    1510884 kB
Buffers:           80424 kB
Cached:          1178236 kB
MemTotal:        1844596 kB
MemFree:          366596 kB
MemAvailable:    1510884 kB
Buffers:           80424 kB
Cached:          1178236 kB
MemTotal:        1844596 kB
MemFree:          365124 kB
MemAvailable:    1509412 kB
Buffers:           80424 kB
Cached:          1178236 kB
MemTotal:        1844596 kB
MemFree:          365248 kB
MemAvailable:    1509536 kB
Buffers:           80424 kB
Cached:          1178236 kB
MemTotal:        1844596 kB
MemFree:          366424 kB
MemAvailable:    1510712 kB
Buffers:           80424 kB
Cached:          1178236 kB
MemTotal:        1844596 kB
MemFree:          365284 kB
MemAvailable:    1509572 kB
Buffers:           80424 kB
Cached:          1178236 kB
MemTotal:        1844596 kB
MemFree:          366344 kB
MemAvailable:    1510632 kB
Buffers:           80424 kB
Cached:          1178236 kB
MemTotal:        1844596 kB
MemFree:          366596 kB
MemAvailable:    1510884 kB
Buffers:           80424 kB
Cached:          1178236 kB
MemTotal:        1844596 kB
MemFree:          365160 kB
MemAvailable:    1509448 kB
Buffers:           80424 kB
Cached:          1178236 kB
MemTotal:        1844596 kB
MemFree:          365284 kB
MemAvailable:    1509572 kB
Buffers:           80424 kB
Cached:          1178236 kB
MemTotal:        1844596 kB
MemFree:          365284 kB
MemAvailable:    1509572 kB
Buffers:           80424 kB
Cached:          1178236 kB
MemTotal:        1844596 kB
MemFree:          365160 kB
MemAvailable:    1509448 kB
Buffers:           80424 kB
Cached:          1178236 kB
MemTotal:        1844596 kB
MemFree:          366460 kB
MemAvailable:    1510748 kB
Buffers:           80424 kB
Cached:          1178236 kB
MemTotal:        1844596 kB
MemFree:          365800 kB
MemAvailable:    1510088 kB
Buffers:           80424 kB
Cached:          1178236 kB
MemTotal:        1844596 kB
MemFree:          366352 kB
MemAvailable:    1510640 kB
Buffers:           80424 kB
Cached:          1178236 kB
MemTotal:        1844596 kB
MemFree:          366520 kB
MemAvailable:    1510808 kB
Buffers:           80424 kB
Cached:          1178236 kB
MemTotal:        1844596 kB
MemFree:          366408 kB
MemAvailable:    1510696 kB
Buffers:           80424 kB
Cached:          1178236 kB
MemTotal:        1844596 kB
MemFree:          365244 kB
MemAvailable:    1509532 kB
Buffers:           80424 kB
Cached:          1178236 kB
MemTotal:        1844596 kB
MemFree:          366324 kB
MemAvailable:    1510612 kB
Buffers:           80424 kB
Cached:          1178236 kB
MemTotal:        1844596 kB
MemFree:          365124 kB
MemAvailable:    1509412 kB
Buffers:           80424 kB
Cached:          1178236 kB
MemTotal:        1844596 kB
MemFree:          366524 kB
MemAvailable:    1510812 kB
Buffers:           80424 kB
Cached:          1178236 kB
MemTotal:        1844596 kB
MemFree:          366368 kB
MemAvailable:    1510656 kB
Buffers:           80424 kB
Cached:          1178236 kB
MemTotal:        1844596 kB
MemFree:          365288 kB
MemAvailable:    1509576 kB
Buffers:           80424 kB
Cached:          1178236 kB
MemTotal:        1844596 kB
MemFree:          366348 kB
MemAvailable:    1510636 kB
Buffers:           80424 kB
Cached:          1178236 kB
MemTotal:        1844596 kB
MemFree:          363940 kB
MemAvailable:    1508228 kB
Buffers:           80424 kB
Cached:          1178236 kB
MemTotal:        1844596 kB
MemFree:          358724 kB
MemAvailable:    1503012 kB
Buffers:           80424 kB
Cached:          1178236 kB
MemTotal:        1844596 kB
MemFree:          358724 kB
MemAvailable:    1503012 kB
Buffers:           80424 kB
Cached:          1178236 kB
MemTotal:        1844596 kB
MemFree:          356312 kB
MemAvailable:    1500600 kB
Buffers:           80424 kB
Cached:          1178236 kB
MemTotal:        1844596 kB
MemFree:          356180 kB
MemAvailable:    1500468 kB
Buffers:           80424 kB
Cached:          1178236 kB
MemTotal:        1844596 kB
MemFree:          355136 kB
MemAvailable:    1499424 kB
Buffers:           80424 kB
Cached:          1178236 kB
MemTotal:        1844596 kB
MemFree:          356136 kB
MemAvailable:    1500424 kB
Buffers:           80424 kB
Cached:          1178236 kB
MemTotal:        1844596 kB
MemFree:          356300 kB
MemAvailable:    1500588 kB
Buffers:           80424 kB
Cached:          1178236 kB
MemTotal:        1844596 kB
MemFree:          355704 kB
MemAvailable:    1499992 kB
Buffers:           80424 kB
Cached:          1178236 kB
MemTotal:        1844596 kB
MemFree:          355824 kB
MemAvailable:    1500112 kB
Buffers:           80424 kB
Cached:          1178236 kB
MemTotal:        1844596 kB
MemFree:          356160 kB
MemAvailable:    1500448 kB
Buffers:           80424 kB
Cached:          1178236 kB
MemTotal:        1844596 kB
MemFree:          354708 kB
MemAvailable:    1498996 kB
Buffers:           80424 kB
Cached:          1178236 kB
MemTotal:        1844596 kB
MemFree:          356128 kB
MemAvailable:    1500416 kB
Buffers:           80424 kB
Cached:          1178236 kB
MemTotal:        1844596 kB
MemFree:          354756 kB
MemAvailable:    1499044 kB
Buffers:           80424 kB
Cached:          1178236 kB
MemTotal:        1844596 kB
MemFree:          356056 kB
MemAvailable:    1500344 kB
Buffers:           80424 kB
Cached:          1178236 kB
MemTotal:        1844596 kB
MemFree:          354880 kB
MemAvailable:    1499168 kB
Buffers:           80424 kB
Cached:          1178236 kB
MemTotal:        1844596 kB
MemFree:          354872 kB
MemAvailable:    1499160 kB
Buffers:           80424 kB
Cached:          1178236 kB
MemTotal:        1844596 kB
MemFree:          355376 kB
MemAvailable:    1499664 kB
Buffers:           80424 kB
Cached:          1178236 kB
MemTotal:        1844596 kB
MemFree:          355268 kB
MemAvailable:    1499556 kB
Buffers:           80424 kB
Cached:          1178236 kB
MemTotal:        1844596 kB
MemFree:          354576 kB
MemAvailable:    1498864 kB
Buffers:           80424 kB
Cached:          1178236 kB
MemTotal:        1844596 kB
MemFree:          353956 kB
MemAvailable:    1498244 kB
Buffers:           80424 kB
Cached:          1178236 kB
MemTotal:        1844596 kB
MemFree:          353716 kB
MemAvailable:    1498004 kB
Buffers:           80424 kB
Cached:          1178236 kB
MemTotal:        1844596 kB
MemFree:          353716 kB
MemAvailable:    1498004 kB
Buffers:           80424 kB
Cached:          1178236 kB
MemTotal:        1844596 kB
MemFree:          352392 kB
MemAvailable:    1496680 kB
Buffers:           80424 kB
Cached:          1178236 kB
MemTotal:        1844596 kB
MemFree:          352524 kB
MemAvailable:    1496812 kB
Buffers:           80424 kB
Cached:          1178236 kB
MemTotal:        1844596 kB
MemFree:          352640 kB
MemAvailable:    1496928 kB
Buffers:           80424 kB
Cached:          1178236 kB
MemTotal:        1844596 kB
MemFree:          353716 kB
MemAvailable:    1498004 kB
Buffers:           80424 kB
Cached:          1178236 kB
MemTotal:        1844596 kB
MemFree:          353716 kB
MemAvailable:    1498004 kB
Buffers:           80424 kB
Cached:          1178236 kB
MemTotal:        1844596 kB
MemFree:          353784 kB
MemAvailable:    1498072 kB
Buffers:           80424 kB
Cached:          1178236 kB
MemTotal:        1844596 kB
MemFree:          353904 kB
MemAvailable:    1498192 kB
Buffers:           80424 kB
Cached:          1178236 kB
MemTotal:        1844596 kB
MemFree:          353028 kB
MemAvailable:    1497316 kB
Buffers:           80424 kB
Cached:          1178236 kB
MemTotal:        1844596 kB
MemFree:          353628 kB
MemAvailable:    1497916 kB
Buffers:           80424 kB
Cached:          1178236 kB
MemTotal:        1844596 kB
MemFree:          353884 kB
MemAvailable:    1498172 kB
Buffers:           80424 kB
Cached:          1178236 kB
MemTotal:        1844596 kB
MemFree:          353448 kB
MemAvailable:    1497736 kB
Buffers:           80424 kB
Cached:          1178236 kB
MemTotal:        1844596 kB
MemFree:          353784 kB
MemAvailable:    1498072 kB
Buffers:           80424 kB
Cached:          1178236 kB
MemTotal:        1844596 kB
MemFree:          353680 kB
MemAvailable:    1497968 kB
Buffers:           80424 kB
Cached:          1178236 kB
MemTotal:        1844596 kB
MemFree:          352372 kB
MemAvailable:    1496660 kB
Buffers:           80424 kB
Cached:          1178236 kB
MemTotal:        1844596 kB
MemFree:          352628 kB
MemAvailable:    1496916 kB
Buffers:           80424 kB
Cached:          1178236 kB
MemTotal:        1844596 kB
MemFree:          353688 kB
MemAvailable:    1497976 kB
Buffers:           80424 kB
Cached:          1178236 kB
MemTotal:        1844596 kB
MemFree:          353688 kB
MemAvailable:    1497976 kB
Buffers:           80424 kB
Cached:          1178236 kB
MemTotal:        1844596 kB
MemFree:          353832 kB
MemAvailable:    1498120 kB
Buffers:           80424 kB
Cached:          1178236 kB
MemTotal:        1844596 kB
MemFree:          353760 kB
MemAvailable:    1498048 kB
Buffers:           80424 kB
Cached:          1178236 kB
MemTotal:        1844596 kB
MemFree:          352596 kB
MemAvailable:    1496884 kB
Buffers:           80424 kB
Cached:          1178236 kB
MemTotal:        1844596 kB
MemFree:          353716 kB
MemAvailable:    1498016 kB
Buffers:           80424 kB
Cached:          1178248 kB
MemTotal:        1844596 kB
MemFree:          353632 kB
MemAvailable:    1497932 kB
Buffers:           80424 kB
Cached:          1178248 kB
MemTotal:        1844596 kB
MemFree:          352408 kB
MemAvailable:    1496708 kB
Buffers:           80424 kB
Cached:          1178248 kB
MemTotal:        1844596 kB
MemFree:          349368 kB
MemAvailable:    1493668 kB
Buffers:           80424 kB
Cached:          1178248 kB
MemTotal:        1844596 kB
MemFree:          346456 kB
MemAvailable:    1490756 kB
Buffers:           80424 kB
Cached:          1178248 kB
MemTotal:        1844596 kB
MemFree:          343092 kB
MemAvailable:    1487392 kB
Buffers:           80424 kB
Cached:          1178248 kB
MemTotal:        1844596 kB
MemFree:          343092 kB
MemAvailable:    1487392 kB
Buffers:           80424 kB
Cached:          1178248 kB
MemTotal:        1844596 kB
MemFree:          340008 kB
MemAvailable:    1484308 kB
Buffers:           80424 kB
Cached:          1178248 kB
MemTotal:        1844596 kB
MemFree:          339876 kB
MemAvailable:    1484176 kB
Buffers:           80424 kB
Cached:          1178248 kB
MemTotal:        1844596 kB
MemFree:          339752 kB
MemAvailable:    1484052 kB
Buffers:           80424 kB
Cached:          1178248 kB
MemTotal:        1844596 kB
MemFree:          340936 kB
MemAvailable:    1485236 kB
Buffers:           80424 kB
Cached:          1178248 kB
MemTotal:        1844596 kB
MemFree:          340564 kB
MemAvailable:    1484864 kB
Buffers:           80424 kB
Cached:          1178248 kB
MemTotal:        1844596 kB
MemFree:          340564 kB
MemAvailable:    1484864 kB
Buffers:           80424 kB
Cached:          1178248 kB
MemTotal:        1844596 kB
MemFree:          339324 kB
MemAvailable:    1483624 kB
Buffers:           80424 kB
Cached:          1178248 kB
MemTotal:        1844596 kB
MemFree:          340632 kB
MemAvailable:    1484932 kB
Buffers:           80424 kB
Cached:          1178248 kB
MemTotal:        1844596 kB
MemFree:          340344 kB
MemAvailable:    1484644 kB
Buffers:           80424 kB
Cached:          1178248 kB
MemTotal:        1844596 kB
MemFree:          340596 kB
MemAvailable:    1484896 kB
Buffers:           80424 kB
Cached:          1178248 kB
MemTotal:        1844596 kB
MemFree:          339252 kB
MemAvailable:    1483552 kB
Buffers:           80424 kB
Cached:          1178248 kB
MemTotal:        1844596 kB
MemFree:          340432 kB
MemAvailable:    1484732 kB
Buffers:           80424 kB
Cached:          1178248 kB
MemTotal:        1844596 kB
MemFree:          340372 kB
MemAvailable:    1484672 kB
Buffers:           80424 kB
Cached:          1178248 kB
MemTotal:        1844596 kB
MemFree:          340372 kB
MemAvailable:    1484672 kB
Buffers:           80424 kB
Cached:          1178248 kB
MemTotal:        1844596 kB
MemFree:          340240 kB
MemAvailable:    1484540 kB
Buffers:           80424 kB
Cached:          1178248 kB
MemTotal:        1844596 kB
MemFree:          340580 kB
MemAvailable:    1484880 kB
Buffers:           80424 kB
Cached:          1178248 kB
MemTotal:        1844596 kB
MemFree:          340552 kB
MemAvailable:    1484852 kB
Buffers:           80424 kB
Cached:          1178248 kB
MemTotal:        1844596 kB
MemFree:          340380 kB
MemAvailable:    1484680 kB
Buffers:           80424 kB
Cached:          1178248 kB
MemTotal:        1844596 kB
MemFree:          339760 kB
MemAvailable:    1484060 kB
Buffers:           80424 kB
Cached:          1178248 kB
MemTotal:        1844596 kB
MemFree:          340228 kB
MemAvailable:    1484528 kB
Buffers:           80424 kB
Cached:          1178248 kB
MemTotal:        1844596 kB
MemFree:          340564 kB
MemAvailable:    1484864 kB
Buffers:           80424 kB
Cached:          1178248 kB
MemTotal:        1844596 kB
MemFree:          339360 kB
MemAvailable:    1483660 kB
Buffers:           80424 kB
Cached:          1178248 kB
MemTotal:        1844596 kB
MemFree:          339112 kB
MemAvailable:    1483412 kB
Buffers:           80424 kB
Cached:          1178248 kB
MemTotal:        1844596 kB
MemFree:          340220 kB
MemAvailable:    1484520 kB
Buffers:           80424 kB
Cached:          1178248 kB
MemTotal:        1844596 kB
MemFree:          340388 kB
MemAvailable:    1484688 kB
Buffers:           80424 kB
Cached:          1178248 kB
MemTotal:        1844596 kB
MemFree:          340192 kB
MemAvailable:    1484492 kB
Buffers:           80424 kB
Cached:          1178248 kB
MemTotal:        1844596 kB
MemFree:          340528 kB
MemAvailable:    1484828 kB
Buffers:           80424 kB
Cached:          1178248 kB
MemTotal:        1844596 kB
MemFree:          339752 kB
MemAvailable:    1484052 kB
Buffers:           80424 kB
Cached:          1178248 kB
MemTotal:        1844596 kB
MemFree:          339836 kB
MemAvailable:    1484136 kB
Buffers:           80424 kB
Cached:          1178248 kB
MemTotal:        1844596 kB
MemFree:          338652 kB
MemAvailable:    1482952 kB
Buffers:           80424 kB
Cached:          1178248 kB
MemTotal:        1844596 kB
MemFree:          339828 kB
MemAvailable:    1484128 kB
Buffers:           80424 kB
Cached:          1178248 kB
MemTotal:        1844596 kB
MemFree:          339812 kB
MemAvailable:    1484112 kB
Buffers:           80424 kB
Cached:          1178248 kB
MemTotal:        1844596 kB
MemFree:          338380 kB
MemAvailable:    1482680 kB
Buffers:           80424 kB
Cached:          1178248 kB
MemTotal:        1844596 kB
MemFree:          338380 kB
MemAvailable:    1482680 kB
Buffers:           80424 kB
Cached:          1178248 kB
MemTotal:        1844596 kB
MemFree:          337084 kB
MemAvailable:    1481384 kB
Buffers:           80424 kB
Cached:          1178248 kB
MemTotal:        1844596 kB
MemFree:          333240 kB
MemAvailable:    1477540 kB
Buffers:           80424 kB
Cached:          1178248 kB
MemTotal:        1844596 kB
MemFree:          334240 kB
MemAvailable:    1478540 kB
Buffers:           80424 kB
Cached:          1178248 kB
MemTotal:        1844596 kB
MemFree:          329840 kB
MemAvailable:    1474140 kB
Buffers:           80424 kB
Cached:          1178248 kB
MemTotal:        1844596 kB
MemFree:          330080 kB
MemAvailable:    1474380 kB
Buffers:           80424 kB
Cached:          1178248 kB
MemTotal:        1844596 kB
MemFree:          328228 kB
MemAvailable:    1472528 kB
Buffers:           80424 kB
Cached:          1178248 kB
MemTotal:        1844596 kB
MemFree:          327360 kB
MemAvailable:    1471660 kB
Buffers:           80424 kB
Cached:          1178248 kB
MemTotal:        1844596 kB
MemFree:          327104 kB
MemAvailable:    1471408 kB
Buffers:           80424 kB
Cached:          1178252 kB
MemTotal:        1844596 kB
MemFree:          326616 kB
MemAvailable:    1470920 kB
Buffers:           80424 kB
Cached:          1178252 kB
MemTotal:        1844596 kB
MemFree:          326964 kB
MemAvailable:    1471268 kB
Buffers:           80424 kB
Cached:          1178252 kB
MemTotal:        1844596 kB
MemFree:          326724 kB
MemAvailable:    1471028 kB
Buffers:           80424 kB
Cached:          1178252 kB
MemTotal:        1844596 kB
MemFree:          325724 kB
MemAvailable:    1470028 kB
Buffers:           80424 kB
Cached:          1178252 kB
MemTotal:        1844596 kB
MemFree:          325552 kB
MemAvailable:    1469856 kB
Buffers:           80424 kB
Cached:          1178252 kB
MemTotal:        1844596 kB
MemFree:          325304 kB
MemAvailable:    1469608 kB
Buffers:           80424 kB
Cached:          1178252 kB
MemTotal:        1844596 kB
MemFree:          326656 kB
MemAvailable:    1470960 kB
Buffers:           80424 kB
Cached:          1178252 kB
MemTotal:        1844596 kB
MemFree:          326824 kB
MemAvailable:    1471128 kB
Buffers:           80424 kB
Cached:          1178252 kB
MemTotal:        1844596 kB
MemFree:          326728 kB
MemAvailable:    1471032 kB
Buffers:           80424 kB
Cached:          1178252 kB
MemTotal:        1844596 kB
MemFree:          325500 kB
MemAvailable:    1469804 kB
Buffers:           80424 kB
Cached:          1178252 kB
MemTotal:        1844596 kB
MemFree:          326792 kB
MemAvailable:    1471096 kB
Buffers:           80424 kB
Cached:          1178252 kB
MemTotal:        1844596 kB
MemFree:          326120 kB
MemAvailable:    1470424 kB
Buffers:           80424 kB
Cached:          1178252 kB
MemTotal:        1844596 kB
MemFree:          326600 kB
MemAvailable:    1470904 kB
Buffers:           80424 kB
Cached:          1178252 kB
MemTotal:        1844596 kB
MemFree:          326740 kB
MemAvailable:    1471044 kB
Buffers:           80424 kB
Cached:          1178252 kB
MemTotal:        1844596 kB
MemFree:          326560 kB
MemAvailable:    1470864 kB
Buffers:           80424 kB
Cached:          1178252 kB
MemTotal:        1844596 kB
MemFree:          325480 kB
MemAvailable:    1469784 kB
Buffers:           80424 kB
Cached:          1178252 kB
MemTotal:        1844596 kB
MemFree:          326576 kB
MemAvailable:    1470880 kB
Buffers:           80424 kB
Cached:          1178252 kB
MemTotal:        1844596 kB
MemFree:          326828 kB
MemAvailable:    1471132 kB
Buffers:           80424 kB
Cached:          1178252 kB
MemTotal:        1844596 kB
MemFree:          326536 kB
MemAvailable:    1470840 kB
Buffers:           80424 kB
Cached:          1178252 kB
MemTotal:        1844596 kB
MemFree:          325484 kB
MemAvailable:    1469788 kB
Buffers:           80424 kB
Cached:          1178252 kB
MemTotal:        1844596 kB
MemFree:          325484 kB
MemAvailable:    1469788 kB
Buffers:           80424 kB
Cached:          1178252 kB
MemTotal:        1844596 kB
MemFree:          326760 kB
MemAvailable:    1471064 kB
Buffers:           80424 kB
Cached:          1178252 kB
MemTotal:        1844596 kB
MemFree:          325996 kB
MemAvailable:    1470300 kB
Buffers:           80424 kB
Cached:          1178252 kB
MemTotal:        1844596 kB
MemFree:          326436 kB
MemAvailable:    1470744 kB
Buffers:           80424 kB
Cached:          1178256 kB
MemTotal:        1844596 kB
MemFree:          326688 kB
MemAvailable:    1470996 kB
Buffers:           80424 kB
Cached:          1178256 kB
MemTotal:        1844596 kB
MemFree:          325328 kB
MemAvailable:    1469636 kB
Buffers:           80424 kB
Cached:          1178256 kB
MemTotal:        1844596 kB
MemFree:          326616 kB
MemAvailable:    1470924 kB
Buffers:           80424 kB
Cached:          1178256 kB
MemTotal:        1844596 kB
MemFree:          325196 kB
MemAvailable:    1469504 kB
Buffers:           80424 kB
Cached:          1178256 kB
MemTotal:        1844596 kB
MemFree:          326628 kB
MemAvailable:    1470936 kB
Buffers:           80424 kB
Cached:          1178256 kB
MemTotal:        1844596 kB
MemFree:          325364 kB
MemAvailable:    1469672 kB
Buffers:           80424 kB
Cached:          1178256 kB
MemTotal:        1844596 kB
MemFree:          326480 kB
MemAvailable:    1470788 kB
Buffers:           80424 kB
Cached:          1178256 kB
MemTotal:        1844596 kB
MemFree:          326504 kB
MemAvailable:    1470812 kB
Buffers:           80424 kB
Cached:          1178256 kB
MemTotal:        1844596 kB
MemFree:          326528 kB
MemAvailable:    1470836 kB
Buffers:           80424 kB
Cached:          1178256 kB
MemTotal:        1844596 kB
MemFree:          326864 kB
MemAvailable:    1471172 kB
Buffers:           80424 kB
Cached:          1178256 kB
MemTotal:        1844596 kB
MemFree:          326628 kB
MemAvailable:    1470936 kB
Buffers:           80424 kB
Cached:          1178256 kB
MemTotal:        1844596 kB
MemFree:          326424 kB
MemAvailable:    1470732 kB
Buffers:           80424 kB
Cached:          1178256 kB
MemTotal:        1844596 kB
MemFree:          326676 kB
MemAvailable:    1470984 kB
Buffers:           80424 kB
Cached:          1178256 kB
MemTotal:        1844596 kB
MemFree:          326664 kB
MemAvailable:    1470972 kB
Buffers:           80424 kB
Cached:          1178256 kB
MemTotal:        1844596 kB
MemFree:          326352 kB
MemAvailable:    1470660 kB
Buffers:           80424 kB
Cached:          1178256 kB
MemTotal:        1844596 kB
MemFree:          326352 kB
MemAvailable:    1470660 kB
Buffers:           80424 kB
Cached:          1178256 kB
MemTotal:        1844596 kB
MemFree:          326664 kB
MemAvailable:    1470972 kB
Buffers:           80424 kB
Cached:          1178256 kB
MemTotal:        1844596 kB
MemFree:          326492 kB
MemAvailable:    1470800 kB
Buffers:           80424 kB
Cached:          1178256 kB
MemTotal:        1844596 kB
MemFree:          326612 kB
MemAvailable:    1470920 kB
Buffers:           80424 kB
Cached:          1178256 kB
MemTotal:        1844596 kB
MemFree:          325348 kB
MemAvailable:    1469656 kB
Buffers:           80424 kB
Cached:          1178256 kB
MemTotal:        1844596 kB
MemFree:          326732 kB
MemAvailable:    1471040 kB
Buffers:           80424 kB
Cached:          1178256 kB
MemTotal:        1844596 kB
MemFree:          326520 kB
MemAvailable:    1470828 kB
Buffers:           80424 kB
Cached:          1178256 kB
MemTotal:        1844596 kB
MemFree:          326692 kB
MemAvailable:    1471000 kB
Buffers:           80424 kB
Cached:          1178256 kB
MemTotal:        1844596 kB
MemFree:          326352 kB
MemAvailable:    1470660 kB
Buffers:           80424 kB
Cached:          1178256 kB
MemTotal:        1844596 kB
MemFree:          325444 kB
MemAvailable:    1469752 kB
Buffers:           80424 kB
Cached:          1178256 kB
MemTotal:        1844596 kB
MemFree:          325732 kB
MemAvailable:    1470040 kB
Buffers:           80424 kB
Cached:          1178256 kB
MemTotal:        1844596 kB
MemFree:          322896 kB
MemAvailable:    1467204 kB
Buffers:           80424 kB
Cached:          1178256 kB
MemTotal:        1844596 kB
MemFree:          320160 kB
MemAvailable:    1464468 kB
Buffers:           80424 kB
Cached:          1178256 kB
MemTotal:        1844596 kB
MemFree:          321568 kB
MemAvailable:    1465876 kB
Buffers:           80424 kB
Cached:          1178256 kB
MemTotal:        1844596 kB
MemFree:          320972 kB
MemAvailable:    1465280 kB
Buffers:           80424 kB
Cached:          1178256 kB
MemTotal:        1844596 kB
MemFree:          319980 kB
MemAvailable:    1464288 kB
Buffers:           80424 kB
Cached:          1178256 kB
MemTotal:        1844596 kB
MemFree:          319052 kB
MemAvailable:    1463360 kB
Buffers:           80424 kB
Cached:          1178256 kB
MemTotal:        1844596 kB
MemFree:          319844 kB
MemAvailable:    1464152 kB
Buffers:           80424 kB
Cached:          1178256 kB
MemTotal:        1844596 kB
MemFree:          319176 kB
MemAvailable:    1463484 kB
Buffers:           80424 kB
Cached:          1178256 kB
MemTotal:        1844596 kB
MemFree:          319532 kB
MemAvailable:    1463844 kB
Buffers:           80424 kB
Cached:          1178260 kB
MemTotal:        1844596 kB
MemFree:          318972 kB
MemAvailable:    1463284 kB
Buffers:           80424 kB
Cached:          1178260 kB
MemTotal:        1844596 kB
MemFree:          319732 kB
MemAvailable:    1464044 kB
Buffers:           80424 kB
Cached:          1178260 kB
MemTotal:        1844596 kB
MemFree:          318508 kB
MemAvailable:    1462820 kB
Buffers:           80424 kB
Cached:          1178260 kB
MemTotal:        1844596 kB
MemFree:          318556 kB
MemAvailable:    1462868 kB
Buffers:           80424 kB
Cached:          1178260 kB
MemTotal:        1844596 kB
MemFree:          319700 kB
MemAvailable:    1464012 kB
Buffers:           80424 kB
Cached:          1178260 kB
MemTotal:        1844596 kB
MemFree:          319872 kB
MemAvailable:    1464184 kB
Buffers:           80424 kB
Cached:          1178260 kB
MemTotal:        1844596 kB
MemFree:          319616 kB
MemAvailable:    1463928 kB
Buffers:           80424 kB
Cached:          1178260 kB
MemTotal:        1844596 kB
MemFree:          319800 kB
MemAvailable:    1464112 kB
Buffers:           80424 kB
Cached:          1178260 kB
MemTotal:        1844596 kB
MemFree:          318624 kB
MemAvailable:    1462936 kB
Buffers:           80424 kB
Cached:          1178260 kB
MemTotal:        1844596 kB
MemFree:          319920 kB
MemAvailable:    1464232 kB
Buffers:           80424 kB
Cached:          1178260 kB
MemTotal:        1844596 kB
MemFree:          318488 kB
MemAvailable:    1462800 kB
Buffers:           80424 kB
Cached:          1178260 kB
MemTotal:        1844596 kB
MemFree:          319788 kB
MemAvailable:    1464100 kB
Buffers:           80424 kB
Cached:          1178260 kB
MemTotal:        1844596 kB
MemFree:          318764 kB
MemAvailable:    1463076 kB
Buffers:           80424 kB
Cached:          1178260 kB
MemTotal:        1844596 kB
MemFree:          319824 kB
MemAvailable:    1464136 kB
Buffers:           80424 kB
Cached:          1178260 kB
MemTotal:        1844596 kB
MemFree:          318556 kB
MemAvailable:    1462868 kB
Buffers:           80424 kB
Cached:          1178260 kB
MemTotal:        1844596 kB
MemFree:          319168 kB
MemAvailable:    1463480 kB
Buffers:           80424 kB
Cached:          1178260 kB
MemTotal:        1844596 kB
MemFree:          319708 kB
MemAvailable:    1464020 kB
Buffers:           80424 kB
Cached:          1178260 kB
MemTotal:        1844596 kB
MemFree:          318680 kB
MemAvailable:    1462992 kB
Buffers:           80424 kB
Cached:          1178260 kB
MemTotal:        1844596 kB
MemFree:          319732 kB
MemAvailable:    1464044 kB
Buffers:           80424 kB
Cached:          1178260 kB
MemTotal:        1844596 kB
MemFree:          318556 kB
MemAvailable:    1462868 kB
Buffers:           80424 kB
Cached:          1178260 kB
MemTotal:        1844596 kB
MemFree:          319756 kB
MemAvailable:    1464068 kB
Buffers:           80424 kB
Cached:          1178260 kB
MemTotal:        1844596 kB
MemFree:          319308 kB
MemAvailable:    1463620 kB
Buffers:           80424 kB
Cached:          1178260 kB
MemTotal:        1844596 kB
MemFree:          319532 kB
MemAvailable:    1463848 kB
Buffers:           80424 kB
Cached:          1178264 kB
MemTotal:        1844596 kB
MemFree:          319868 kB
MemAvailable:    1464184 kB
Buffers:           80424 kB
Cached:          1178264 kB
MemTotal:        1844596 kB
MemFree:          319700 kB
MemAvailable:    1464016 kB
Buffers:           80424 kB
Cached:          1178264 kB
MemTotal:        1844596 kB
MemFree:          319672 kB
MemAvailable:    1463988 kB
Buffers:           80424 kB
Cached:          1178264 kB
MemTotal:        1844596 kB
MemFree:          319784 kB
MemAvailable:    1464100 kB
Buffers:           80424 kB
Cached:          1178264 kB
MemTotal:        1844596 kB
MemFree:          318496 kB
MemAvailable:    1462812 kB
Buffers:           80424 kB
Cached:          1178264 kB
MemTotal:        1844596 kB
MemFree:          319888 kB
MemAvailable:    1464204 kB
Buffers:           80424 kB
Cached:          1178264 kB
MemTotal:        1844596 kB
MemFree:          318484 kB
MemAvailable:    1462800 kB
Buffers:           80424 kB
Cached:          1178264 kB
MemTotal:        1844596 kB
MemFree:          319740 kB
MemAvailable:    1464056 kB
Buffers:           80424 kB
Cached:          1178264 kB
MemTotal:        1844596 kB
MemFree:          319908 kB
MemAvailable:    1464224 kB
Buffers:           80424 kB
Cached:          1178264 kB
MemTotal:        1844596 kB
MemFree:          319616 kB
MemAvailable:    1463932 kB
Buffers:           80424 kB
Cached:          1178264 kB
MemTotal:        1844596 kB
MemFree:          319608 kB
MemAvailable:    1463924 kB
Buffers:           80424 kB
Cached:          1178264 kB
MemTotal:        1844596 kB
MemFree:          319864 kB
MemAvailable:    1464180 kB
Buffers:           80424 kB
Cached:          1178264 kB
MemTotal:        1844596 kB
MemFree:          318404 kB
MemAvailable:    1462720 kB
Buffers:           80424 kB
Cached:          1178264 kB
MemTotal:        1844596 kB
MemFree:          319728 kB
MemAvailable:    1464044 kB
Buffers:           80424 kB
Cached:          1178264 kB
MemTotal:        1844596 kB
MemFree:          319980 kB
MemAvailable:    1464296 kB
Buffers:           80424 kB
Cached:          1178264 kB
MemTotal:        1844596 kB
MemFree:          319808 kB
MemAvailable:    1464124 kB
Buffers:           80424 kB
Cached:          1178264 kB
MemTotal:        1844596 kB
MemFree:          318376 kB
MemAvailable:    1462692 kB
Buffers:           80424 kB
Cached:          1178264 kB
MemTotal:        1844596 kB
MemFree:          319664 kB
MemAvailable:    1463984 kB
Buffers:           80424 kB
Cached:          1178268 kB
MemTotal:        1844596 kB
MemFree:          319608 kB
MemAvailable:    1463928 kB
Buffers:           80424 kB
Cached:          1178268 kB
MemTotal:        1844596 kB
MemFree:          318384 kB
MemAvailable:    1462704 kB
Buffers:           80424 kB
Cached:          1178268 kB
MemTotal:        1844596 kB
MemFree:          318500 kB
MemAvailable:    1462820 kB
Buffers:           80424 kB
Cached:          1178268 kB
MemTotal:        1844596 kB
MemFree:          319368 kB
MemAvailable:    1463688 kB
Buffers:           80424 kB
Cached:          1178268 kB
MemTotal:        1844596 kB
MemFree:          318252 kB
MemAvailable:    1462572 kB
Buffers:           80424 kB
Cached:          1178268 kB
MemTotal:        1844596 kB
MemFree:          318244 kB
MemAvailable:    1462564 kB
Buffers:           80424 kB
Cached:          1178268 kB
MemTotal:        1844596 kB
MemFree:          318240 kB
MemAvailable:    1462560 kB
Buffers:           80424 kB
Cached:          1178268 kB
MemTotal:        1844596 kB
MemFree:          319524 kB
MemAvailable:    1463844 kB
Buffers:           80424 kB
Cached:          1178268 kB
MemTotal:        1844596 kB
MemFree:          319380 kB
MemAvailable:    1463700 kB
Buffers:           80424 kB
Cached:          1178268 kB
MemTotal:        1844596 kB
MemFree:          318144 kB
MemAvailable:    1462464 kB
Buffers:           80424 kB
Cached:          1178268 kB
MemTotal:        1844596 kB
MemFree:          319484 kB
MemAvailable:    1463804 kB
Buffers:           80424 kB
Cached:          1178268 kB
MemTotal:        1844596 kB
MemFree:          319408 kB
MemAvailable:    1463728 kB
Buffers:           80424 kB
Cached:          1178268 kB
MemTotal:        1844596 kB
MemFree:          318388 kB
MemAvailable:    1462708 kB
Buffers:           80424 kB
Cached:          1178268 kB
MemTotal:        1844596 kB
MemFree:          319328 kB
MemAvailable:    1463648 kB
Buffers:           80424 kB
Cached:          1178268 kB
MemTotal:        1844596 kB
MemFree:          319664 kB
MemAvailable:    1463984 kB
Buffers:           80424 kB
Cached:          1178268 kB
MemTotal:        1844596 kB
MemFree:          319596 kB
MemAvailable:    1463916 kB
Buffers:           80424 kB
Cached:          1178268 kB
MemTotal:        1844596 kB
MemFree:          318308 kB
MemAvailable:    1462628 kB
Buffers:           80424 kB
Cached:          1178268 kB
MemTotal:        1844596 kB
MemFree:          319408 kB
MemAvailable:    1463728 kB
Buffers:           80424 kB
Cached:          1178268 kB
MemTotal:        1844596 kB
MemFree:          319660 kB
MemAvailable:    1463980 kB
Buffers:           80424 kB
Cached:          1178268 kB
MemTotal:        1844596 kB
MemFree:          319368 kB
MemAvailable:    1463688 kB
Buffers:           80424 kB
Cached:          1178268 kB
MemTotal:        1844596 kB
MemFree:          318288 kB
MemAvailable:    1462608 kB
Buffers:           80424 kB
Cached:          1178268 kB
MemTotal:        1844596 kB
MemFree:          318548 kB
MemAvailable:    1462868 kB
Buffers:           80424 kB
Cached:          1178268 kB
MemTotal:        1844596 kB
MemFree:          319328 kB
MemAvailable:    1463648 kB
Buffers:           80424 kB
Cached:          1178268 kB
MemTotal:        1844596 kB
MemFree:          319500 kB
MemAvailable:    1463820 kB
Buffers:           80424 kB
Cached:          1178268 kB
MemTotal:        1844596 kB
MemFree:          317996 kB
MemAvailable:    1462316 kB
Buffers:           80424 kB
Cached:          1178268 kB
MemTotal:        1844596 kB
MemFree:          319412 kB
MemAvailable:    1463732 kB
Buffers:           80424 kB
Cached:          1178268 kB
MemTotal:        1844596 kB
MemFree:          319340 kB
MemAvailable:    1463660 kB
Buffers:           80424 kB
Cached:          1178268 kB
MemTotal:        1844596 kB
MemFree:          318164 kB
MemAvailable:    1462484 kB
Buffers:           80424 kB
Cached:          1178268 kB
MemTotal:        1844596 kB
MemFree:          318288 kB
MemAvailable:    1462608 kB
Buffers:           80424 kB
Cached:          1178268 kB
MemTotal:        1844596 kB
MemFree:          318164 kB
MemAvailable:    1462484 kB
Buffers:           80424 kB
Cached:          1178268 kB
MemTotal:        1844596 kB
MemFree:          319352 kB
MemAvailable:    1463672 kB
Buffers:           80424 kB
Cached:          1178268 kB
MemTotal:        1844596 kB
MemFree:          318804 kB
MemAvailable:    1463124 kB
Buffers:           80424 kB
Cached:          1178268 kB
MemTotal:        1844596 kB
MemFree:          319244 kB
MemAvailable:    1463564 kB
Buffers:           80424 kB
Cached:          1178268 kB
MemTotal:        1844596 kB
MemFree:          319580 kB
MemAvailable:    1463900 kB
Buffers:           80424 kB
Cached:          1178268 kB
MemTotal:        1844596 kB
MemFree:          319292 kB
MemAvailable:    1463612 kB
Buffers:           80424 kB
Cached:          1178268 kB
MemTotal:        1844596 kB
MemFree:          319292 kB
MemAvailable:    1463612 kB
Buffers:           80424 kB
Cached:          1178268 kB
MemTotal:        1844596 kB
MemFree:          319468 kB
MemAvailable:    1463788 kB
Buffers:           80424 kB
Cached:          1178268 kB
MemTotal:        1844596 kB
MemFree:          319440 kB
MemAvailable:    1463760 kB
Buffers:           80424 kB
Cached:          1178268 kB
MemTotal:        1844596 kB
MemFree:          319284 kB
MemAvailable:    1463604 kB
Buffers:           80424 kB
Cached:          1178268 kB
MemTotal:        1844596 kB
MemFree:          319620 kB
MemAvailable:    1463940 kB
Buffers:           80424 kB
Cached:          1178268 kB
MemTotal:        1844596 kB
MemFree:          319292 kB
MemAvailable:    1463612 kB
Buffers:           80424 kB
Cached:          1178268 kB
MemTotal:        1844596 kB
MemFree:          319292 kB
MemAvailable:    1463612 kB
Buffers:           80424 kB
Cached:          1178268 kB
MemTotal:        1844596 kB
MemFree:          318292 kB
MemAvailable:    1462612 kB
Buffers:           80424 kB
Cached:          1178268 kB
MemTotal:        1844596 kB
MemFree:          318176 kB
MemAvailable:    1462496 kB
Buffers:           80424 kB
Cached:          1178268 kB
MemTotal:        1844596 kB
MemFree:          319424 kB
MemAvailable:    1463744 kB
Buffers:           80424 kB
Cached:          1178268 kB
MemTotal:        1844596 kB
MemFree:          319500 kB
MemAvailable:    1463820 kB
Buffers:           80424 kB
Cached:          1178268 kB
MemTotal:        1844596 kB
MemFree:          318060 kB
MemAvailable:    1462380 kB
Buffers:           80424 kB
Cached:          1178268 kB
MemTotal:        1844596 kB
MemFree:          319328 kB
MemAvailable:    1463648 kB
Buffers:           80424 kB
Cached:          1178268 kB
MemTotal:        1844596 kB
MemFree:          319500 kB
MemAvailable:    1463820 kB
Buffers:           80424 kB
Cached:          1178268 kB
MemTotal:        1844596 kB
MemFree:          319412 kB
MemAvailable:    1463732 kB
Buffers:           80424 kB
Cached:          1178268 kB
MemTotal:        1844596 kB
MemFree:          318248 kB
MemAvailable:    1462568 kB
Buffers:           80424 kB
Cached:          1178268 kB
MemTotal:        1844596 kB
MemFree:          319424 kB
MemAvailable:    1463744 kB
Buffers:           80424 kB
Cached:          1178268 kB
MemTotal:        1844596 kB
MemFree:          318804 kB
MemAvailable:    1463124 kB
Buffers:           80424 kB
Cached:          1178268 kB
MemTotal:        1844596 kB
MemFree:          319120 kB
MemAvailable:    1463448 kB
Buffers:           80424 kB
Cached:          1178276 kB
MemTotal:        1844596 kB
MemFree:          319456 kB
MemAvailable:    1463784 kB
Buffers:           80424 kB
Cached:          1178276 kB
MemTotal:        1844596 kB
MemFree:          318004 kB
MemAvailable:    1462332 kB
Buffers:           80424 kB
Cached:          1178276 kB
MemTotal:        1844596 kB
MemFree:          318012 kB
MemAvailable:    1462340 kB
Buffers:           80424 kB
Cached:          1178276 kB
MemTotal:        1844596 kB
MemFree:          319292 kB
MemAvailable:    1463620 kB
Buffers:           80424 kB
Cached:          1178276 kB
MemTotal:        1844596 kB
MemFree:          319184 kB
MemAvailable:    1463512 kB
Buffers:           80424 kB
Cached:          1178276 kB
MemTotal:        1844596 kB
MemFree:          319128 kB
MemAvailable:    1463456 kB
Buffers:           80424 kB
Cached:          1178276 kB
MemTotal:        1844596 kB
MemFree:          319308 kB
MemAvailable:    1463636 kB
Buffers:           80424 kB
Cached:          1178276 kB
MemTotal:        1844596 kB
MemFree:          318168 kB
MemAvailable:    1462496 kB
Buffers:           80424 kB
Cached:          1178276 kB
MemTotal:        1844596 kB
MemFree:          317936 kB
MemAvailable:    1462264 kB
Buffers:           80424 kB
Cached:          1178276 kB
MemTotal:        1844596 kB
MemFree:          317804 kB
MemAvailable:    1462132 kB
Buffers:           80424 kB
Cached:          1178276 kB
MemTotal:        1844596 kB
MemFree:          319416 kB
MemAvailable:    1463744 kB
Buffers:           80424 kB
Cached:          1178276 kB
MemTotal:        1844596 kB
MemFree:          319212 kB
MemAvailable:    1463540 kB
Buffers:           80424 kB
Cached:          1178276 kB
MemTotal:        1844596 kB
MemFree:          318936 kB
MemAvailable:    1463264 kB
Buffers:           80424 kB
Cached:          1178276 kB
MemTotal:        1844596 kB
MemFree:          319044 kB
MemAvailable:    1463372 kB
Buffers:           80424 kB
Cached:          1178276 kB
MemTotal:        1844596 kB
MemFree:          318136 kB
MemAvailable:    1462464 kB
Buffers:           80424 kB
Cached:          1178276 kB
MemTotal:        1844596 kB
MemFree:          319120 kB
MemAvailable:    1463448 kB
Buffers:           80424 kB
Cached:          1178276 kB
MemTotal:        1844596 kB
MemFree:          319320 kB
MemAvailable:    1463648 kB
Buffers:           80424 kB
Cached:          1178276 kB
MemTotal:        1844596 kB
MemFree:          318060 kB
MemAvailable:    1462388 kB
Buffers:           80424 kB
Cached:          1178276 kB
MemTotal:        1844596 kB
MemFree:          318012 kB
MemAvailable:    1462340 kB
Buffers:           80424 kB
Cached:          1178276 kB
MemTotal:        1844596 kB
MemFree:          318012 kB
MemAvailable:    1462340 kB
Buffers:           80424 kB
Cached:          1178276 kB
MemTotal:        1844596 kB
MemFree:          317880 kB
MemAvailable:    1462208 kB
Buffers:           80424 kB
Cached:          1178276 kB
MemTotal:        1844596 kB
MemFree:          318548 kB
MemAvailable:    1462876 kB
Buffers:           80424 kB
Cached:          1178276 kB
MemTotal:        1844596 kB
MemFree:          319120 kB
MemAvailable:    1463448 kB
Buffers:           80424 kB
Cached:          1178276 kB
MemTotal:        1844596 kB
MemFree:          319372 kB
MemAvailable:    1463700 kB
Buffers:           80424 kB
Cached:          1178276 kB
MemTotal:        1844596 kB
MemFree:          317928 kB
MemAvailable:    1462256 kB
Buffers:           80424 kB
Cached:          1178276 kB
MemTotal:        1844596 kB
MemFree:          317928 kB
MemAvailable:    1462256 kB
Buffers:           80424 kB
Cached:          1178276 kB
MemTotal:        1844596 kB
MemFree:          319360 kB
MemAvailable:    1463688 kB
Buffers:           80424 kB
Cached:          1178276 kB
MemTotal:        1844596 kB
MemFree:          318556 kB
MemAvailable:    1462884 kB
Buffers:           80424 kB
Cached:          1178276 kB
MemTotal:        1844596 kB
MemFree:          319108 kB
MemAvailable:    1463436 kB
Buffers:           80424 kB
Cached:          1178276 kB
MemTotal:        1844596 kB
MemFree:          319360 kB
MemAvailable:    1463688 kB
Buffers:           80424 kB
Cached:          1178276 kB
MemTotal:        1844596 kB
MemFree:          319348 kB
MemAvailable:    1463676 kB
Buffers:           80424 kB
Cached:          1178276 kB
MemTotal:        1844596 kB
MemFree:          318556 kB
MemAvailable:    1462884 kB
Buffers:           80424 kB
Cached:          1178276 kB
MemTotal:        1844596 kB
MemFree:          319116 kB
MemAvailable:    1463444 kB
Buffers:           80424 kB
Cached:          1178276 kB
MemTotal:        1844596 kB
MemFree:          319452 kB
MemAvailable:    1463780 kB
Buffers:           80424 kB
Cached:          1178276 kB
MemTotal:        1844596 kB
MemFree:          319212 kB
MemAvailable:    1463540 kB
Buffers:           80424 kB
Cached:          1178276 kB
MemTotal:        1844596 kB
MemFree:          319384 kB
MemAvailable:    1463712 kB
Buffers:           80424 kB
Cached:          1178276 kB
MemTotal:        1844596 kB
MemFree:          317880 kB
MemAvailable:    1462208 kB
Buffers:           80424 kB
Cached:          1178276 kB
MemTotal:        1844596 kB
MemFree:          319128 kB
MemAvailable:    1463456 kB
Buffers:           80424 kB
Cached:          1178276 kB
MemTotal:        1844596 kB
MemFree:          318680 kB
MemAvailable:    1463008 kB
Buffers:           80424 kB
Cached:          1178276 kB
MemTotal:        1844596 kB
MemFree:          318996 kB
MemAvailable:    1463328 kB
Buffers:           80424 kB
Cached:          1178280 kB
MemTotal:        1844596 kB
MemFree:          318848 kB
MemAvailable:    1463180 kB
Buffers:           80424 kB
Cached:          1178280 kB
MemTotal:        1844596 kB
MemFree:          319212 kB
MemAvailable:    1463544 kB
Buffers:           80424 kB
Cached:          1178280 kB
MemTotal:        1844596 kB
MemFree:          319184 kB
MemAvailable:    1463516 kB
Buffers:           80424 kB
Cached:          1178280 kB
MemTotal:        1844596 kB
MemFree:          319044 kB
MemAvailable:    1463376 kB
Buffers:           80424 kB
Cached:          1178280 kB
MemTotal:        1844596 kB
MemFree:          319032 kB
MemAvailable:    1463364 kB
Buffers:           80424 kB
Cached:          1178280 kB
MemTotal:        1844596 kB
MemFree:          319288 kB
MemAvailable:    1463620 kB
Buffers:           80424 kB
Cached:          1178280 kB
MemTotal:        1844596 kB
MemFree:          317744 kB
MemAvailable:    1462076 kB
Buffers:           80424 kB
Cached:          1178280 kB
MemTotal:        1844596 kB
MemFree:          319044 kB
MemAvailable:    1463376 kB
Buffers:           80424 kB
Cached:          1178280 kB
MemTotal:        1844596 kB
MemFree:          319184 kB
MemAvailable:    1463516 kB
Buffers:           80424 kB
Cached:          1178280 kB
MemTotal:        1844596 kB
MemFree:          319004 kB
MemAvailable:    1463336 kB
Buffers:           80424 kB
Cached:          1178280 kB
MemTotal:        1844596 kB
MemFree:          317876 kB
MemAvailable:    1462208 kB
Buffers:           80424 kB
Cached:          1178280 kB
MemTotal:        1844596 kB
MemFree:          318248 kB
MemAvailable:    1462580 kB
Buffers:           80424 kB
Cached:          1178280 kB
MemTotal:        1844596 kB
MemFree:          317884 kB
MemAvailable:    1462216 kB
Buffers:           80424 kB
Cached:          1178280 kB
MemTotal:        1844596 kB
MemFree:          317884 kB
MemAvailable:    1462216 kB
Buffers:           80424 kB
Cached:          1178280 kB
MemTotal:        1844596 kB
MemFree:          319240 kB
MemAvailable:    1463572 kB
Buffers:           80424 kB
Cached:          1178280 kB
MemTotal:        1844596 kB
MemFree:          317752 kB
MemAvailable:    1462084 kB
Buffers:           80424 kB
Cached:          1178280 kB
MemTotal:        1844596 kB
MemFree:          317872 kB
MemAvailable:    1462204 kB
Buffers:           80424 kB
Cached:          1178280 kB
MemTotal:        1844596 kB
MemFree:          317748 kB
MemAvailable:    1462080 kB
Buffers:           80424 kB
Cached:          1178280 kB
MemTotal:        1844596 kB
MemFree:          319300 kB
MemAvailable:    1463632 kB
Buffers:           80424 kB
Cached:          1178280 kB
MemTotal:        1844596 kB
MemFree:          319416 kB
MemAvailable:    1463748 kB
Buffers:           80424 kB
Cached:          1178280 kB
MemTotal:        1844596 kB
MemFree:          319408 kB
MemAvailable:    1463740 kB
Buffers:           80424 kB
Cached:          1178280 kB
MemTotal:        1844596 kB
MemFree:          319168 kB
MemAvailable:    1463500 kB
Buffers:           80424 kB
Cached:          1178280 kB
MemTotal:        1844596 kB
MemFree:          319508 kB
MemAvailable:    1463840 kB
Buffers:           80424 kB
Cached:          1178280 kB
MemTotal:        1844596 kB
MemFree:          318136 kB
MemAvailable:    1462468 kB
Buffers:           80424 kB
Cached:          1178280 kB
MemTotal:        1844596 kB
MemFree:          319304 kB
MemAvailable:    1463636 kB
Buffers:           80424 kB
Cached:          1178280 kB
MemTotal:        1844596 kB
MemFree:          318556 kB
MemAvailable:    1462888 kB
Buffers:           80424 kB
Cached:          1178280 kB
MemTotal:        1844596 kB
MemFree:          319348 kB
MemAvailable:    1463680 kB
Buffers:           80424 kB
Cached:          1178280 kB
MemTotal:        1844596 kB
MemFree:          319300 kB
MemAvailable:    1463632 kB
Buffers:           80424 kB
Cached:          1178280 kB
MemTotal:        1844596 kB
MemFree:          318184 kB
MemAvailable:    1462516 kB
Buffers:           80424 kB
Cached:          1178280 kB
MemTotal:        1844596 kB
MemFree:          318044 kB
MemAvailable:    1462376 kB
Buffers:           80424 kB
Cached:          1178280 kB
MemTotal:        1844596 kB
MemFree:          319368 kB
MemAvailable:    1463700 kB
Buffers:           80424 kB
Cached:          1178280 kB
MemTotal:        1844596 kB
MemFree:          319548 kB
MemAvailable:    1463880 kB
Buffers:           80424 kB
Cached:          1178280 kB
MemTotal:        1844596 kB
MemFree:          319312 kB
MemAvailable:    1463644 kB
Buffers:           80424 kB
Cached:          1178280 kB
MemTotal:        1844596 kB
MemFree:          319156 kB
MemAvailable:    1463488 kB
Buffers:           80424 kB
Cached:          1178280 kB
MemTotal:        1844596 kB
MemFree:          319412 kB
MemAvailable:    1463744 kB
Buffers:           80424 kB
Cached:          1178280 kB
MemTotal:        1844596 kB
MemFree:          319176 kB
MemAvailable:    1463508 kB
Buffers:           80424 kB
Cached:          1178280 kB
MemTotal:        1844596 kB
MemFree:          318680 kB
MemAvailable:    1463012 kB
Buffers:           80424 kB
Cached:          1178280 kB
MemTotal:        1844596 kB
MemFree:          317872 kB
MemAvailable:    1462204 kB
Buffers:           80424 kB
Cached:          1178280 kB
MemTotal:        1844596 kB
MemFree:          319412 kB
MemAvailable:    1463744 kB
Buffers:           80424 kB
Cached:          1178280 kB
MemTotal:        1844596 kB
MemFree:          319100 kB
MemAvailable:    1463432 kB
Buffers:           80424 kB
Cached:          1178280 kB
MemTotal:        1844596 kB
MemFree:          319436 kB
MemAvailable:    1463768 kB
Buffers:           80424 kB
Cached:          1178280 kB
MemTotal:        1844596 kB
MemFree:          318108 kB
MemAvailable:    1462440 kB
Buffers:           80424 kB
Cached:          1178280 kB
MemTotal:        1844596 kB
MemFree:          319260 kB
MemAvailable:    1463592 kB
Buffers:           80424 kB
Cached:          1178280 kB
MemTotal:        1844596 kB
MemFree:          319512 kB
MemAvailable:    1463844 kB
Buffers:           80424 kB
Cached:          1178280 kB
MemTotal:        1844596 kB
MemFree:          319104 kB
MemAvailable:    1463436 kB
Buffers:           80424 kB
Cached:          1178280 kB
MemTotal:        1844596 kB
MemFree:          319440 kB
MemAvailable:    1463772 kB
Buffers:           80424 kB
Cached:          1178280 kB
MemTotal:        1844596 kB
MemFree:          319340 kB
MemAvailable:    1463672 kB
Buffers:           80424 kB
Cached:          1178280 kB
MemTotal:        1844596 kB
MemFree:          319336 kB
MemAvailable:    1463668 kB
Buffers:           80424 kB
Cached:          1178280 kB
MemTotal:        1844596 kB
MemFree:          319328 kB
MemAvailable:    1463668 kB
Buffers:           80424 kB
Cached:          1178288 kB
MemTotal:        1844596 kB
MemFree:          318264 kB
MemAvailable:    1462604 kB
Buffers:           80424 kB
Cached:          1178288 kB
MemTotal:        1844596 kB
MemFree:          318016 kB
MemAvailable:    1462356 kB
Buffers:           80424 kB
Cached:          1178288 kB
MemTotal:        1844596 kB
MemFree:          318052 kB
MemAvailable:    1462392 kB
Buffers:           80424 kB
Cached:          1178288 kB
MemTotal:        1844596 kB
MemFree:          319048 kB
MemAvailable:    1463388 kB
Buffers:           80424 kB
Cached:          1178288 kB
MemTotal:        1844596 kB
MemFree:          318440 kB
MemAvailable:    1462780 kB
Buffers:           80424 kB
Cached:          1178288 kB
MemTotal:        1844596 kB
MemFree:          319048 kB
MemAvailable:    1463388 kB
Buffers:           80424 kB
Cached:          1178288 kB
MemTotal:        1844596 kB
MemFree:          319260 kB
MemAvailable:    1463600 kB
Buffers:           80424 kB
Cached:          1178288 kB
MemTotal:        1844596 kB
MemFree:          319260 kB
MemAvailable:    1463600 kB
Buffers:           80424 kB
Cached:          1178288 kB
MemTotal:        1844596 kB
MemFree:          317764 kB
MemAvailable:    1462104 kB
Buffers:           80424 kB
Cached:          1178288 kB
MemTotal:        1844596 kB
MemFree:          317772 kB
MemAvailable:    1462112 kB
Buffers:           80424 kB
Cached:          1178288 kB
MemTotal:        1844596 kB
MemFree:          317764 kB
MemAvailable:    1462104 kB
Buffers:           80424 kB
Cached:          1178288 kB
MemTotal:        1844596 kB
MemFree:          317932 kB
MemAvailable:    1462272 kB
Buffers:           80424 kB
Cached:          1178288 kB
MemTotal:        1844596 kB
MemFree:          317924 kB
MemAvailable:    1462264 kB
Buffers:           80424 kB
Cached:          1178288 kB
MemTotal:        1844596 kB
MemFree:          318020 kB
MemAvailable:    1462360 kB
Buffers:           80424 kB
Cached:          1178288 kB
MemTotal:        1844596 kB
MemFree:          317800 kB
MemAvailable:    1462140 kB
Buffers:           80424 kB
Cached:          1178288 kB
MemTotal:        1844596 kB
MemFree:          319164 kB
MemAvailable:    1463504 kB
Buffers:           80424 kB
Cached:          1178288 kB
MemTotal:        1844596 kB
MemFree:          317928 kB
MemAvailable:    1462268 kB
Buffers:           80424 kB
Cached:          1178288 kB
MemTotal:        1844596 kB
MemFree:          318940 kB
MemAvailable:    1463280 kB
Buffers:           80424 kB
Cached:          1178288 kB
MemTotal:        1844596 kB
MemFree:          317772 kB
MemAvailable:    1462112 kB
Buffers:           80424 kB
Cached:          1178288 kB
MemTotal:        1844596 kB
MemFree:          319136 kB
MemAvailable:    1463476 kB
Buffers:           80424 kB
Cached:          1178288 kB
MemTotal:        1844596 kB
MemFree:          318564 kB
MemAvailable:    1462904 kB
Buffers:           80424 kB
Cached:          1178288 kB
MemTotal:        1844596 kB
MemFree:          318880 kB
MemAvailable:    1463220 kB
Buffers:           80424 kB
Cached:          1178288 kB
MemTotal:        1844596 kB
MemFree:          318936 kB
MemAvailable:    1463276 kB
Buffers:           80424 kB
Cached:          1178288 kB
MemTotal:        1844596 kB
MemFree:          319108 kB
MemAvailable:    1463448 kB
Buffers:           80424 kB
Cached:          1178288 kB
MemTotal:        1844596 kB
MemFree:          317820 kB
MemAvailable:    1462160 kB
Buffers:           80424 kB
Cached:          1178288 kB
MemTotal:        1844596 kB
MemFree:          319128 kB
MemAvailable:    1463468 kB
Buffers:           80424 kB
Cached:          1178288 kB
MemTotal:        1844596 kB
MemFree:          317688 kB
MemAvailable:    1462028 kB
Buffers:           80424 kB
Cached:          1178288 kB
MemTotal:        1844596 kB
MemFree:          319352 kB
MemAvailable:    1463692 kB
Buffers:           80424 kB
Cached:          1178288 kB
MemTotal:        1844596 kB
MemFree:          317896 kB
MemAvailable:    1462236 kB
Buffers:           80424 kB
Cached:          1178288 kB
MemTotal:        1844596 kB
MemFree:          317772 kB
MemAvailable:    1462112 kB
Buffers:           80424 kB
Cached:          1178288 kB
MemTotal:        1844596 kB
MemFree:          319052 kB
MemAvailable:    1463392 kB
Buffers:           80424 kB
Cached:          1178288 kB
MemTotal:        1844596 kB
MemFree:          318944 kB
MemAvailable:    1463284 kB
Buffers:           80424 kB
Cached:          1178288 kB
MemTotal:        1844596 kB
MemFree:          317936 kB
MemAvailable:    1462276 kB
Buffers:           80424 kB
Cached:          1178288 kB
MemTotal:        1844596 kB
MemFree:          317936 kB
MemAvailable:    1462276 kB
Buffers:           80424 kB
Cached:          1178288 kB
MemTotal:        1844596 kB
MemFree:          319112 kB
MemAvailable:    1463452 kB
Buffers:           80424 kB
Cached:          1178288 kB
MemTotal:        1844596 kB
MemFree:          318992 kB
MemAvailable:    1463332 kB
Buffers:           80424 kB
Cached:          1178288 kB
MemTotal:        1844596 kB
MemFree:          319160 kB
MemAvailable:    1463500 kB
Buffers:           80424 kB
Cached:          1178288 kB
MemTotal:        1844596 kB
MemFree:          319048 kB
MemAvailable:    1463388 kB
Buffers:           80424 kB
Cached:          1178288 kB
MemTotal:        1844596 kB
MemFree:          317944 kB
MemAvailable:    1462284 kB
Buffers:           80424 kB
Cached:          1178288 kB
MemTotal:        1844596 kB
MemFree:          317820 kB
MemAvailable:    1462160 kB
Buffers:           80424 kB
Cached:          1178288 kB
MemTotal:        1844596 kB
MemFree:          317772 kB
MemAvailable:    1462112 kB
Buffers:           80424 kB
Cached:          1178288 kB
MemTotal:        1844596 kB
MemFree:          317936 kB
MemAvailable:    1462276 kB
Buffers:           80424 kB
Cached:          1178288 kB
MemTotal:        1844596 kB
MemFree:          317772 kB
MemAvailable:    1462112 kB
Buffers:           80424 kB
Cached:          1178288 kB
MemTotal:        1844596 kB
MemFree:          318180 kB
MemAvailable:    1462520 kB
Buffers:           80424 kB
Cached:          1178288 kB
MemTotal:        1844596 kB
MemFree:          318172 kB
MemAvailable:    1462512 kB
Buffers:           80424 kB
Cached:          1178288 kB
MemTotal:        1844596 kB
MemFree:          319204 kB
MemAvailable:    1463544 kB
Buffers:           80424 kB
Cached:          1178288 kB
MemTotal:        1844596 kB
MemFree:          318440 kB
MemAvailable:    1462780 kB
Buffers:           80424 kB
Cached:          1178288 kB
MemTotal:        1844596 kB
MemFree:          318972 kB
MemAvailable:    1463312 kB
Buffers:           80424 kB
Cached:          1178288 kB
MemTotal:        1844596 kB
MemFree:          319068 kB
MemAvailable:    1463408 kB
Buffers:           80424 kB
Cached:          1178288 kB
MemTotal:        1844596 kB
MemFree:          318988 kB
MemAvailable:    1463328 kB
Buffers:           80424 kB
Cached:          1178288 kB
MemTotal:        1844596 kB
MemFree:          318020 kB
MemAvailable:    1462360 kB
Buffers:           80424 kB
Cached:          1178288 kB
MemTotal:        1844596 kB
MemFree:          317808 kB
MemAvailable:    1462148 kB
Buffers:           80424 kB
Cached:          1178288 kB
MemTotal:        1844596 kB
MemFree:          318132 kB
MemAvailable:    1462472 kB
Buffers:           80424 kB
Cached:          1178288 kB
MemTotal:        1844596 kB
MemFree:          317752 kB
MemAvailable:    1462092 kB
Buffers:           80424 kB
Cached:          1178288 kB
MemTotal:        1844596 kB
MemFree:          319332 kB
MemAvailable:    1463672 kB
Buffers:           80424 kB
Cached:          1178288 kB
MemTotal:        1844596 kB
MemFree:          319240 kB
MemAvailable:    1463580 kB
Buffers:           80424 kB
Cached:          1178288 kB
MemTotal:        1844596 kB
MemFree:          317788 kB
MemAvailable:    1462128 kB
Buffers:           80424 kB
Cached:          1178288 kB
MemTotal:        1844596 kB
MemFree:          319096 kB
MemAvailable:    1463436 kB
Buffers:           80424 kB
Cached:          1178288 kB
MemTotal:        1844596 kB
MemFree:          317896 kB
MemAvailable:    1462236 kB
Buffers:           80424 kB
Cached:          1178288 kB
MemTotal:        1844596 kB
MemFree:          318920 kB
MemAvailable:    1463260 kB
Buffers:           80424 kB
Cached:          1178288 kB
MemTotal:        1844596 kB
MemFree:          319172 kB
MemAvailable:    1463512 kB
Buffers:           80424 kB
Cached:          1178288 kB
MemTotal:        1844596 kB
MemFree:          319204 kB
MemAvailable:    1463544 kB
Buffers:           80424 kB
Cached:          1178288 kB
MemTotal:        1844596 kB
MemFree:          318316 kB
MemAvailable:    1462656 kB
Buffers:           80424 kB
Cached:          1178288 kB
MemTotal:        1844596 kB
MemFree:          318316 kB
MemAvailable:    1462656 kB
Buffers:           80424 kB
Cached:          1178288 kB
MemTotal:        1844596 kB
MemFree:          318060 kB
MemAvailable:    1462400 kB
Buffers:           80424 kB
Cached:          1178288 kB
MemTotal:        1844596 kB
MemFree:          318060 kB
MemAvailable:    1462400 kB
Buffers:           80424 kB
Cached:          1178288 kB
MemTotal:        1844596 kB
MemFree:          318052 kB
MemAvailable:    1462392 kB
Buffers:           80424 kB
Cached:          1178288 kB
MemTotal:        1844596 kB
MemFree:          317920 kB
MemAvailable:    1462260 kB
Buffers:           80424 kB
Cached:          1178288 kB
MemTotal:        1844596 kB
MemFree:          319044 kB
MemAvailable:    1463392 kB
Buffers:           80424 kB
Cached:          1178296 kB
MemTotal:        1844596 kB
MemFree:          319184 kB
MemAvailable:    1463532 kB
Buffers:           80424 kB
Cached:          1178296 kB
MemTotal:        1844596 kB
MemFree:          319232 kB
MemAvailable:    1463580 kB
Buffers:           80424 kB
Cached:          1178296 kB
MemTotal:        1844596 kB
MemFree:          317924 kB
MemAvailable:    1462272 kB
Buffers:           80424 kB
Cached:          1178296 kB
MemTotal:        1844596 kB
MemFree:          319184 kB
MemAvailable:    1463532 kB
Buffers:           80424 kB
Cached:          1178296 kB
MemTotal:        1844596 kB
MemFree:          317876 kB
MemAvailable:    1462224 kB
Buffers:           80424 kB
Cached:          1178296 kB
MemTotal:        1844596 kB
MemFree:          317876 kB
MemAvailable:    1462224 kB
Buffers:           80424 kB
Cached:          1178296 kB
MemTotal:        1844596 kB
MemFree:          317912 kB
MemAvailable:    1462260 kB
Buffers:           80424 kB
Cached:          1178296 kB
MemTotal:        1844596 kB
MemFree:          318980 kB
MemAvailable:    1463328 kB
Buffers:           80424 kB
Cached:          1178296 kB
MemTotal:        1844596 kB
MemFree:          319316 kB
MemAvailable:    1463664 kB
Buffers:           80424 kB
Cached:          1178296 kB
MemTotal:        1844596 kB
MemFree:          319052 kB
MemAvailable:    1463400 kB
Buffers:           80424 kB
Cached:          1178296 kB
MemTotal:        1844596 kB
MemFree:          319304 kB
MemAvailable:    1463652 kB
Buffers:           80424 kB
Cached:          1178296 kB
MemTotal:        1844596 kB
MemFree:          318048 kB
MemAvailable:    1462396 kB
Buffers:           80424 kB
Cached:          1178296 kB
MemTotal:        1844596 kB
MemFree:          319188 kB
MemAvailable:    1463536 kB
Buffers:           80424 kB
Cached:          1178296 kB
MemTotal:        1844596 kB
MemFree:          318432 kB
MemAvailable:    1462780 kB
Buffers:           80424 kB
Cached:          1178296 kB
MemTotal:        1844596 kB
MemFree:          318972 kB
MemAvailable:    1463320 kB
Buffers:           80424 kB
Cached:          1178296 kB
MemTotal:        1844596 kB
MemFree:          319192 kB
MemAvailable:    1463540 kB
Buffers:           80424 kB
Cached:          1178296 kB
MemTotal:        1844596 kB
MemFree:          317812 kB
MemAvailable:    1462160 kB
Buffers:           80424 kB
Cached:          1178296 kB
MemTotal:        1844596 kB
MemFree:          317936 kB
MemAvailable:    1462284 kB
Buffers:           80424 kB
Cached:          1178296 kB
MemTotal:        1844596 kB
MemFree:          317936 kB
MemAvailable:    1462284 kB
Buffers:           80424 kB
Cached:          1178296 kB
MemTotal:        1844596 kB
MemFree:          319100 kB
MemAvailable:    1463448 kB
Buffers:           80424 kB
Cached:          1178296 kB
MemTotal:        1844596 kB
MemFree:          317800 kB
MemAvailable:    1462148 kB
Buffers:           80424 kB
Cached:          1178296 kB
MemTotal:        1844596 kB
MemFree:          318976 kB
MemAvailable:    1463324 kB
Buffers:           80424 kB
Cached:          1178296 kB
MemTotal:        1844596 kB
MemFree:          318896 kB
MemAvailable:    1463244 kB
Buffers:           80424 kB
Cached:          1178296 kB
MemTotal:        1844596 kB
MemFree:          319148 kB
MemAvailable:    1463496 kB
Buffers:           80424 kB
Cached:          1178296 kB
MemTotal:        1844596 kB
MemFree:          318856 kB
MemAvailable:    1463204 kB
Buffers:           80424 kB
Cached:          1178296 kB
MemTotal:        1844596 kB
MemFree:          317764 kB
MemAvailable:    1462112 kB
Buffers:           80424 kB
Cached:          1178296 kB
MemTotal:        1844596 kB
MemFree:          317632 kB
MemAvailable:    1461980 kB
Buffers:           80424 kB
Cached:          1178296 kB
MemTotal:        1844596 kB
MemFree:          317632 kB
MemAvailable:    1461980 kB
Buffers:           80424 kB
Cached:          1178296 kB
MemTotal:        1844596 kB
MemFree:          317800 kB
MemAvailable:    1462148 kB
Buffers:           80424 kB
Cached:          1178296 kB
MemTotal:        1844596 kB
MemFree:          317668 kB
MemAvailable:    1462016 kB
Buffers:           80424 kB
Cached:          1178296 kB
MemTotal:        1844596 kB
MemFree:          317668 kB
MemAvailable:    1462016 kB
Buffers:           80424 kB
Cached:          1178296 kB
MemTotal:        1844596 kB
MemFree:          318920 kB
MemAvailable:    1463268 kB
Buffers:           80424 kB
Cached:          1178296 kB
MemTotal:        1844596 kB
MemFree:          317748 kB
MemAvailable:    1462096 kB
Buffers:           80424 kB
Cached:          1178296 kB
MemTotal:        1844596 kB
MemFree:          318972 kB
MemAvailable:    1463320 kB
Buffers:           80424 kB
Cached:          1178296 kB
MemTotal:        1844596 kB
MemFree:          318900 kB
MemAvailable:    1463248 kB
Buffers:           80424 kB
Cached:          1178296 kB
MemTotal:        1844596 kB
MemFree:          319016 kB
MemAvailable:    1463364 kB
Buffers:           80424 kB
Cached:          1178296 kB
MemTotal:        1844596 kB
MemFree:          317688 kB
MemAvailable:    1462036 kB
Buffers:           80424 kB
Cached:          1178296 kB
MemTotal:        1844596 kB
MemFree:          318948 kB
MemAvailable:    1463296 kB
Buffers:           80424 kB
Cached:          1178296 kB
MemTotal:        1844596 kB
MemFree:          318308 kB
MemAvailable:    1462656 kB
Buffers:           80424 kB
Cached:          1178296 kB
MemTotal:        1844596 kB
MemFree:          318736 kB
MemAvailable:    1463084 kB
Buffers:           80424 kB
Cached:          1178296 kB
MemTotal:        1844596 kB
MemFree:          317636 kB
MemAvailable:    1461984 kB
Buffers:           80424 kB
Cached:          1178296 kB
MemTotal:        1844596 kB
MemFree:          317752 kB
MemAvailable:    1462100 kB
Buffers:           80424 kB
Cached:          1178296 kB
MemTotal:        1844596 kB
MemFree:          317752 kB
MemAvailable:    1462100 kB
Buffers:           80424 kB
Cached:          1178296 kB
MemTotal:        1844596 kB
MemFree:          319132 kB
MemAvailable:    1463480 kB
Buffers:           80424 kB
Cached:          1178296 kB
MemTotal:        1844596 kB
MemFree:          319160 kB
MemAvailable:    1463508 kB
Buffers:           80424 kB
Cached:          1178296 kB
MemTotal:        1844596 kB
MemFree:          317624 kB
MemAvailable:    1461972 kB
Buffers:           80424 kB
Cached:          1178296 kB
MemTotal:        1844596 kB
MemFree:          317988 kB
MemAvailable:    1462336 kB
Buffers:           80424 kB
Cached:          1178296 kB
MemTotal:        1844596 kB
MemFree:          318924 kB
MemAvailable:    1463272 kB
Buffers:           80424 kB
Cached:          1178296 kB
MemTotal:        1844596 kB
MemFree:          318316 kB
MemAvailable:    1462664 kB
Buffers:           80424 kB
Cached:          1178296 kB
MemTotal:        1844596 kB
MemFree:          318672 kB
MemAvailable:    1463020 kB
Buffers:           80424 kB
Cached:          1178296 kB
MemTotal:        1844596 kB
MemFree:          319008 kB
MemAvailable:    1463356 kB
Buffers:           80424 kB
Cached:          1178296 kB
MemTotal:        1844596 kB
MemFree:          318812 kB
MemAvailable:    1463160 kB
Buffers:           80424 kB
Cached:          1178296 kB
MemTotal:        1844596 kB
MemFree:          318020 kB
MemAvailable:    1462368 kB
Buffers:           80424 kB
Cached:          1178296 kB
MemTotal:        1844596 kB
MemFree:          317888 kB
MemAvailable:    1462236 kB
Buffers:           80424 kB
Cached:          1178296 kB
MemTotal:        1844596 kB
MemFree:          317888 kB
MemAvailable:    1462236 kB
Buffers:           80424 kB
Cached:          1178296 kB
MemTotal:        1844596 kB
MemFree:          318136 kB
MemAvailable:    1462484 kB
Buffers:           80424 kB
Cached:          1178296 kB
MemTotal:        1844596 kB
MemFree:          318888 kB
MemAvailable:    1463236 kB
Buffers:           80424 kB
Cached:          1178296 kB
MemTotal:        1844596 kB
MemFree:          317684 kB
MemAvailable:    1462032 kB
Buffers:           80424 kB
Cached:          1178296 kB
MemTotal:        1844596 kB
MemFree:          318984 kB
MemAvailable:    1463332 kB
Buffers:           80424 kB
Cached:          1178296 kB
MemTotal:        1844596 kB
MemFree:          317808 kB
MemAvailable:    1462156 kB
Buffers:           80424 kB
Cached:          1178296 kB
MemTotal:        1844596 kB
MemFree:          318840 kB
MemAvailable:    1463188 kB
Buffers:           80424 kB
Cached:          1178296 kB
MemTotal:        1844596 kB
MemFree:          319012 kB
MemAvailable:    1463360 kB
Buffers:           80424 kB
Cached:          1178296 kB
MemTotal:        1844596 kB
MemFree:          318924 kB
MemAvailable:    1463272 kB
Buffers:           80424 kB
Cached:          1178296 kB
MemTotal:        1844596 kB
MemFree:          317696 kB
MemAvailable:    1462044 kB
Buffers:           80424 kB
Cached:          1178296 kB
MemTotal:        1844596 kB
MemFree:          318796 kB
MemAvailable:    1463144 kB
Buffers:           80424 kB
Cached:          1178296 kB
MemTotal:        1844596 kB
MemFree:          319048 kB
MemAvailable:    1463396 kB
Buffers:           80424 kB
Cached:          1178296 kB
MemTotal:        1844596 kB
MemFree:          318756 kB
MemAvailable:    1463104 kB
Buffers:           80424 kB
Cached:          1178296 kB
MemTotal:        1844596 kB
MemFree:          317764 kB
MemAvailable:    1462112 kB
Buffers:           80424 kB
Cached:          1178296 kB
MemTotal:        1844596 kB
MemFree:          317760 kB
MemAvailable:    1462108 kB
Buffers:           80424 kB
Cached:          1178296 kB
MemTotal:        1844596 kB
MemFree:          318184 kB
MemAvailable:    1462532 kB
Buffers:           80424 kB
Cached:          1178296 kB
MemTotal:        1844596 kB
MemFree:          318956 kB
MemAvailable:    1463316 kB
Buffers:           80424 kB
Cached:          1178308 kB
MemTotal:        1844596 kB
MemFree:          318872 kB
MemAvailable:    1463232 kB
Buffers:           80424 kB
Cached:          1178308 kB
MemTotal:        1844596 kB
MemFree:          317820 kB
MemAvailable:    1462180 kB
Buffers:           80424 kB
Cached:          1178308 kB
MemTotal:        1844596 kB
MemFree:          318796 kB
MemAvailable:    1463156 kB
Buffers:           80424 kB
Cached:          1178308 kB
MemTotal:        1844596 kB
MemFree:          319136 kB
MemAvailable:    1463496 kB
Buffers:           80424 kB
Cached:          1178308 kB
MemTotal:        1844596 kB
MemFree:          318940 kB
MemAvailable:    1463300 kB
Buffers:           80424 kB
Cached:          1178308 kB
MemTotal:        1844596 kB
MemFree:          317760 kB
MemAvailable:    1462120 kB
Buffers:           80424 kB
Cached:          1178308 kB
MemTotal:        1844596 kB
MemFree:          318184 kB
MemAvailable:    1462544 kB
Buffers:           80424 kB
Cached:          1178308 kB
MemTotal:        1844596 kB
MemFree:          318976 kB
MemAvailable:    1463336 kB
Buffers:           80424 kB
Cached:          1178308 kB
MemTotal:        1844596 kB
MemFree:          318936 kB
MemAvailable:    1463296 kB
Buffers:           80424 kB
Cached:          1178308 kB
MemTotal:        1844596 kB
MemFree:          318308 kB
MemAvailable:    1462668 kB
Buffers:           80424 kB
Cached:          1178308 kB
MemTotal:        1844596 kB
MemFree:          318956 kB
MemAvailable:    1463316 kB
Buffers:           80424 kB
Cached:          1178308 kB
MemTotal:        1844596 kB
MemFree:          317900 kB
MemAvailable:    1462260 kB
Buffers:           80424 kB
Cached:          1178308 kB
MemTotal:        1844596 kB
MemFree:          317688 kB
MemAvailable:    1462048 kB
Buffers:           80424 kB
Cached:          1178308 kB
MemTotal:        1844596 kB
MemFree:          318856 kB
MemAvailable:    1463216 kB
Buffers:           80424 kB
Cached:          1178308 kB
MemTotal:        1844596 kB
MemFree:          317680 kB
MemAvailable:    1462040 kB
Buffers:           80424 kB
Cached:          1178308 kB
MemTotal:        1844596 kB
MemFree:          317764 kB
MemAvailable:    1462124 kB
Buffers:           80424 kB
Cached:          1178308 kB
MemTotal:        1844596 kB
MemFree:          319004 kB
MemAvailable:    1463364 kB
Buffers:           80424 kB
Cached:          1178308 kB
MemTotal:        1844596 kB
MemFree:          318308 kB
MemAvailable:    1462668 kB
Buffers:           80424 kB
Cached:          1178308 kB
MemTotal:        1844596 kB
MemFree:          318756 kB
MemAvailable:    1463116 kB
Buffers:           80424 kB
Cached:          1178308 kB
MemTotal:        1844596 kB
MemFree:          319092 kB
MemAvailable:    1463452 kB
Buffers:           80424 kB
Cached:          1178308 kB
MemTotal:        1844596 kB
MemFree:          318804 kB
MemAvailable:    1463164 kB
Buffers:           80424 kB
Cached:          1178308 kB
MemTotal:        1844596 kB
MemFree:          318888 kB
MemAvailable:    1463248 kB
Buffers:           80424 kB
Cached:          1178308 kB
MemTotal:        1844596 kB
MemFree:          317564 kB
MemAvailable:    1461924 kB
Buffers:           80424 kB
Cached:          1178308 kB
MemTotal:        1844596 kB
MemFree:          317772 kB
MemAvailable:    1462132 kB
Buffers:           80424 kB
Cached:          1178308 kB
MemTotal:        1844596 kB
MemFree:          319012 kB
MemAvailable:    1463372 kB
Buffers:           80424 kB
Cached:          1178308 kB
MemTotal:        1844596 kB
MemFree:          318796 kB
MemAvailable:    1463156 kB
Buffers:           80424 kB
Cached:          1178308 kB
MemTotal:        1844596 kB
MemFree:          319012 kB
MemAvailable:    1463372 kB
Buffers:           80424 kB
Cached:          1178308 kB
MemTotal:        1844596 kB
MemFree:          318924 kB
MemAvailable:    1463284 kB
Buffers:           80424 kB
Cached:          1178308 kB
MemTotal:        1844596 kB
MemFree:          318316 kB
MemAvailable:    1462676 kB
Buffers:           80424 kB
Cached:          1178308 kB
MemTotal:        1844596 kB
MemFree:          318840 kB
MemAvailable:    1463204 kB
Buffers:           80424 kB
Cached:          1178312 kB
MemTotal:        1844596 kB
MemFree:          319012 kB
MemAvailable:    1463376 kB
Buffers:           80424 kB
Cached:          1178312 kB
MemTotal:        1844596 kB
MemFree:          317632 kB
MemAvailable:    1461996 kB
Buffers:           80424 kB
Cached:          1178312 kB
MemTotal:        1844596 kB
MemFree:          317764 kB
MemAvailable:    1462128 kB
Buffers:           80424 kB
Cached:          1178312 kB
MemTotal:        1844596 kB
MemFree:          317760 kB
MemAvailable:    1462124 kB
Buffers:           80424 kB
Cached:          1178312 kB
MemTotal:        1844596 kB
MemFree:          318964 kB
MemAvailable:    1463328 kB
Buffers:           80424 kB
Cached:          1178312 kB
MemTotal:        1844596 kB
MemFree:          317820 kB
MemAvailable:    1462184 kB
Buffers:           80424 kB
Cached:          1178312 kB
MemTotal:        1844596 kB
MemFree:          317688 kB
MemAvailable:    1462052 kB
Buffers:           80424 kB
Cached:          1178312 kB
MemTotal:        1844596 kB
MemFree:          319004 kB
MemAvailable:    1463368 kB
Buffers:           80424 kB
Cached:          1178312 kB
MemTotal:        1844596 kB
MemFree:          317648 kB
MemAvailable:    1462012 kB
Buffers:           80424 kB
Cached:          1178312 kB
MemTotal:        1844596 kB
MemFree:          317648 kB
MemAvailable:    1462012 kB
Buffers:           80424 kB
Cached:          1178312 kB
MemTotal:        1844596 kB
MemFree:          317772 kB
MemAvailable:    1462136 kB
Buffers:           80424 kB
Cached:          1178312 kB
MemTotal:        1844596 kB
MemFree:          317648 kB
MemAvailable:    1462012 kB
Buffers:           80424 kB
Cached:          1178312 kB
MemTotal:        1844596 kB
MemFree:          319020 kB
MemAvailable:    1463384 kB
Buffers:           80424 kB
Cached:          1178312 kB
MemTotal:        1844596 kB
MemFree:          319004 kB
MemAvailable:    1463368 kB
Buffers:           80424 kB
Cached:          1178312 kB
MemTotal:        1844596 kB
MemFree:          318936 kB
MemAvailable:    1463300 kB
Buffers:           80424 kB
Cached:          1178312 kB
MemTotal:        1844596 kB
MemFree:          318948 kB
MemAvailable:    1463312 kB
Buffers:           80424 kB
Cached:          1178312 kB
MemTotal:        1844596 kB
MemFree:          318308 kB
MemAvailable:    1462672 kB
Buffers:           80424 kB
Cached:          1178312 kB
MemTotal:        1844596 kB
MemFree:          318632 kB
MemAvailable:    1462996 kB
Buffers:           80424 kB
Cached:          1178312 kB
MemTotal:        1844596 kB
MemFree:          318968 kB
MemAvailable:    1463332 kB
Buffers:           80424 kB
Cached:          1178312 kB
MemTotal:        1844596 kB
MemFree:          318752 kB
MemAvailable:    1463116 kB
Buffers:           80424 kB
Cached:          1178312 kB
MemTotal:        1844596 kB
MemFree:          318812 kB
MemAvailable:    1463176 kB
Buffers:           80424 kB
Cached:          1178312 kB
MemTotal:        1844596 kB
MemFree:          317676 kB
MemAvailable:    1462040 kB
Buffers:           80424 kB
Cached:          1178312 kB
MemTotal:        1844596 kB
MemFree:          318868 kB
MemAvailable:    1463232 kB
Buffers:           80424 kB
Cached:          1178312 kB
MemTotal:        1844596 kB
MemFree:          319120 kB
MemAvailable:    1463484 kB
Buffers:           80424 kB
Cached:          1178312 kB
MemTotal:        1844596 kB
MemFree:          318924 kB
MemAvailable:    1463288 kB
Buffers:           80424 kB
Cached:          1178312 kB
MemTotal:        1844596 kB
MemFree:          317636 kB
MemAvailable:    1462000 kB
Buffers:           80424 kB
Cached:          1178312 kB
MemTotal:        1844596 kB
MemFree:          318992 kB
MemAvailable:    1463356 kB
Buffers:           80424 kB
Cached:          1178312 kB
MemTotal:        1844596 kB
MemFree:          318864 kB
MemAvailable:    1463228 kB
Buffers:           80424 kB
Cached:          1178312 kB
MemTotal:        1844596 kB
MemFree:          318944 kB
MemAvailable:    1463308 kB
Buffers:           80424 kB
Cached:          1178312 kB
MemTotal:        1844596 kB
MemFree:          317648 kB
MemAvailable:    1462012 kB
Buffers:           80424 kB
Cached:          1178312 kB
MemTotal:        1844596 kB
MemFree:          318928 kB
MemAvailable:    1463292 kB
Buffers:           80424 kB
Cached:          1178312 kB
MemTotal:        1844596 kB
MemFree:          319180 kB
MemAvailable:    1463544 kB
Buffers:           80424 kB
Cached:          1178312 kB
MemTotal:        1844596 kB
MemFree:          317688 kB
MemAvailable:    1462052 kB
Buffers:           80424 kB
Cached:          1178312 kB
MemTotal:        1844596 kB
MemFree:          319120 kB
MemAvailable:    1463484 kB
Buffers:           80424 kB
Cached:          1178312 kB
MemTotal:        1844596 kB
