MemTotal:        1844596 kB
MemFree:          319216 kB
MemAvailable:    1555872 kB
Buffers:           85348 kB
Cached:          1258748 kB
MemTotal:        1844596 kB
MemFree:          317968 kB
MemAvailable:    1554624 kB
Buffers:           85348 kB
Cached:          1258748 kB
MemTotal:        1844596 kB
MemFree:          317612 kB
MemAvailable:    1554268 kB
Buffers:           85348 kB
Cached:          1258748 kB
MemTotal:        1844596 kB
MemFree:          316496 kB
MemAvailable:    1553152 kB
Buffers:           85348 kB
Cached:          1258748 kB
MemTotal:        1844596 kB
MemFree:          314760 kB
MemAvailable:    1551416 kB
Buffers:           85348 kB
Cached:          1258748 kB
MemTotal:        1844596 kB
MemFree:          314628 kB
MemAvailable:    1551284 kB
Buffers:           85348 kB
Cached:          1258748 kB
MemTotal:        1844596 kB
MemFree:          312528 kB
MemAvailable:    1549184 kB
Buffers:           85348 kB
Cached:          1258748 kB
MemTotal:        1844596 kB
MemFree:          310420 kB
MemAvailable:    1547076 kB
Buffers:           85348 kB
Cached:          1258748 kB
MemTotal:        1844596 kB
MemFree:          306064 kB
MemAvailable:    1542720 kB
Buffers:           85348 kB
Cached:          1258748 kB
MemTotal:        1844596 kB
MemFree:          306064 kB
MemAvailable:    1542720 kB
Buffers:           85348 kB
Cached:          1258748 kB
MemTotal:        1844596 kB
MemFree:          306684 kB
MemAvailable:    1543340 kB
Buffers:           85348 kB
Cached:          1258748 kB
MemTotal:        1844596 kB
MemFree:          307020 kB
MemAvailable:    1543676 kB
Buffers:           85348 kB
Cached:          1258748 kB
MemTotal:        1844596 kB
MemFree:          305784 kB
MemAvailable:    1542440 kB
Buffers:           85348 kB
Cached:          1258748 kB
MemTotal:        1844596 kB
MemFree:          305652 kB
MemAvailable:    1542308 kB
Buffers:           85348 kB
Cached:          1258748 kB
MemTotal:        1844596 kB
MemFree:          306700 kB
MemAvailable:    1543356 kB
Buffers:           85348 kB
Cached:          1258748 kB
MemTotal:        1844596 kB
MemFree:          306504 kB
MemAvailable:    1543160 kB
Buffers:           85348 kB
Cached:          1258748 kB
MemTotal:        1844596 kB
MemFree:          306840 kB
MemAvailable:    1543496 kB
Buffers:           85348 kB
Cached:          1258748 kB
MemTotal:        1844596 kB
MemFree:          305644 kB
MemAvailable:    1542300 kB
Buffers:           85348 kB
Cached:          1258748 kB
MemTotal:        1844596 kB
MemFree:          305204 kB
MemAvailable:    1541860 kB
Buffers:           85348 kB
Cached:          1258748 kB
MemTotal:        1844596 kB
MemFree:          305460 kB
MemAvailable:    1542116 kB
Buffers:           85348 kB
Cached:          1258748 kB
MemTotal:        1844596 kB
MemFree:          304700 kB
MemAvailable:    1541356 kB
Buffers:           85348 kB
Cached:          1258748 kB
MemTotal:        1844596 kB
MemFree:          304700 kB
MemAvailable:    1541356 kB
Buffers:           85348 kB
Cached:          1258748 kB
MemTotal:        1844596 kB
MemFree:          304640 kB
MemAvailable:    1541296 kB
Buffers:           85348 kB
Cached:          1258748 kB
MemTotal:        1844596 kB
MemFree:          303292 kB
MemAvailable:    1539948 kB
Buffers:           85348 kB
Cached:          1258748 kB
MemTotal:        1844596 kB
MemFree:          303328 kB
MemAvailable:    1539984 kB
Buffers:           85348 kB
Cached:          1258748 kB
MemTotal:        1844596 kB
MemFree:          304312 kB
MemAvailable:    1540968 kB
Buffers:           85348 kB
Cached:          1258748 kB
MemTotal:        1844596 kB
MemFree:          304396 kB
MemAvailable:    1541052 kB
Buffers:           85348 kB
Cached:          1258748 kB
MemTotal:        1844596 kB
MemFree:          303188 kB
MemAvailable:    1539844 kB
Buffers:           85348 kB
Cached:          1258748 kB
MemTotal:        1844596 kB
MemFree:          304328 kB
MemAvailable:    1540984 kB
Buffers:           85348 kB
Cached:          1258748 kB
MemTotal:        1844596 kB
MemFree:          304668 kB
MemAvailable:    1541324 kB
Buffers:           85348 kB
Cached:          1258748 kB
MemTotal:        1844596 kB
MemFree:          304280 kB
MemAvailable:    1540936 kB
Buffers:           85348 kB
Cached:          1258748 kB
MemTotal:        1844596 kB
MemFree:          304536 kB
MemAvailable:    1541192 kB
Buffers:           85348 kB
Cached:          1258748 kB
MemTotal:        1844596 kB
MemFree:          303336 kB
MemAvailable:    1539992 kB
Buffers:           85348 kB
Cached:          1258748 kB
MemTotal:        1844596 kB
MemFree:          303336 kB
MemAvailable:    1539992 kB
Buffers:           85348 kB
Cached:          1258748 kB
MemTotal:        1844596 kB
MemFree:          299616 kB
MemAvailable:    1536272 kB
Buffers:           85348 kB
Cached:          1258748 kB
MemTotal:        1844596 kB
MemFree:          299952 kB
MemAvailable:    1536608 kB
Buffers:           85348 kB
Cached:          1258748 kB
MemTotal:        1844596 kB
MemFree:          299684 kB
MemAvailable:    1536340 kB
Buffers:           85348 kB
Cached:          1258748 kB
MemTotal:        1844596 kB
MemFree:          299564 kB
MemAvailable:    1536220 kB
Buffers:           85348 kB
Cached:          1258748 kB
MemTotal:        1844596 kB
MemFree:          299564 kB
MemAvailable:    1536220 kB
Buffers:           85348 kB
Cached:          1258748 kB
MemTotal:        1844596 kB
MemFree:          298204 kB
MemAvailable:    1534860 kB
Buffers:           85348 kB
Cached:          1258748 kB
MemTotal:        1844596 kB
MemFree:          299548 kB
MemAvailable:    1536204 kB
Buffers:           85348 kB
Cached:          1258748 kB
MemTotal:        1844596 kB
MemFree:          298116 kB
MemAvailable:    1534772 kB
Buffers:           85348 kB
Cached:          1258748 kB
MemTotal:        1844596 kB
MemFree:          299004 kB
MemAvailable:    1535660 kB
Buffers:           85348 kB
Cached:          1258748 kB
MemTotal:        1844596 kB
MemFree:          299004 kB
MemAvailable:    1535660 kB
Buffers:           85348 kB
Cached:          1258748 kB
MemTotal:        1844596 kB
MemFree:          298748 kB
MemAvailable:    1535404 kB
Buffers:           85348 kB
Cached:          1258748 kB
MemTotal:        1844596 kB
MemFree:          297524 kB
MemAvailable:    1534180 kB
Buffers:           85348 kB
Cached:          1258748 kB
MemTotal:        1844596 kB
MemFree:          297400 kB
MemAvailable:    1534060 kB
Buffers:           85348 kB
Cached:          1258752 kB
MemTotal:        1844596 kB
MemFree:          298576 kB
MemAvailable:    1535236 kB
Buffers:           85348 kB
Cached:          1258752 kB
MemTotal:        1844596 kB
MemFree:          297352 kB
MemAvailable:    1534012 kB
Buffers:           85348 kB
Cached:          1258752 kB
MemTotal:        1844596 kB
MemFree:          298336 kB
MemAvailable:    1534996 kB
Buffers:           85348 kB
Cached:          1258752 kB
MemTotal:        1844596 kB
MemFree:          298324 kB
MemAvailable:    1534984 kB
Buffers:           85348 kB
Cached:          1258752 kB
MemTotal:        1844596 kB
MemFree:          297524 kB
MemAvailable:    1534184 kB
Buffers:           85348 kB
Cached:          1258752 kB
MemTotal:        1844596 kB
MemFree:          298192 kB
MemAvailable:    1534852 kB
Buffers:           85348 kB
Cached:          1258752 kB
MemTotal:        1844596 kB
MemFree:          296752 kB
MemAvailable:    1533416 kB
Buffers:           85348 kB
Cached:          1258756 kB
MemTotal:        1844596 kB
MemFree:          296524 kB
MemAvailable:    1533188 kB
Buffers:           85348 kB
Cached:          1258756 kB
MemTotal:        1844596 kB
MemFree:          296524 kB
MemAvailable:    1533188 kB
Buffers:           85348 kB
Cached:          1258756 kB
MemTotal:        1844596 kB
MemFree:          296648 kB
MemAvailable:    1533312 kB
Buffers:           85348 kB
Cached:          1258756 kB
MemTotal:        1844596 kB
MemFree:          296896 kB
MemAvailable:    1533560 kB
Buffers:           85348 kB
Cached:          1258756 kB
MemTotal:        1844596 kB
MemFree:          297880 kB
MemAvailable:    1534544 kB
Buffers:           85348 kB
Cached:          1258756 kB
MemTotal:        1844596 kB
MemFree:          298132 kB
MemAvailable:    1534796 kB
Buffers:           85348 kB
Cached:          1258756 kB
MemTotal:        1844596 kB
MemFree:          297708 kB
MemAvailable:    1534372 kB
Buffers:           85348 kB
Cached:          1258756 kB
MemTotal:        1844596 kB
MemFree:          297152 kB
MemAvailable:    1533816 kB
Buffers:           85348 kB
Cached:          1258756 kB
MemTotal:        1844596 kB
MemFree:          297692 kB
MemAvailable:    1534356 kB
Buffers:           85348 kB
Cached:          1258756 kB
MemTotal:        1844596 kB
MemFree:          293920 kB
MemAvailable:    1530584 kB
Buffers:           85348 kB
Cached:          1258756 kB
MemTotal:        1844596 kB
MemFree:          293548 kB
MemAvailable:    1530212 kB
Buffers:           85348 kB
Cached:          1258756 kB
MemTotal:        1844596 kB
MemFree:          291936 kB
MemAvailable:    1528600 kB
Buffers:           85348 kB
Cached:          1258756 kB
MemTotal:        1844596 kB
MemFree:          291332 kB
MemAvailable:    1527996 kB
Buffers:           85348 kB
Cached:          1258756 kB
MemTotal:        1844596 kB
MemFree:          290324 kB
MemAvailable:    1526988 kB
Buffers:           85348 kB
Cached:          1258756 kB
MemTotal:        1844596 kB
MemFree:          291500 kB
MemAvailable:    1528164 kB
Buffers:           85348 kB
Cached:          1258756 kB
MemTotal:        1844596 kB
MemFree:          290208 kB
MemAvailable:    1526872 kB
Buffers:           85348 kB
Cached:          1258756 kB
MemTotal:        1844596 kB
MemFree:          291124 kB
MemAvailable:    1527788 kB
Buffers:           85348 kB
Cached:          1258756 kB
MemTotal:        1844596 kB
MemFree:          289824 kB
MemAvailable:    1526488 kB
Buffers:           85348 kB
Cached:          1258756 kB
MemTotal:        1844596 kB
MemFree:          289948 kB
MemAvailable:    1526612 kB
Buffers:           85348 kB
Cached:          1258756 kB
MemTotal:        1844596 kB
MemFree:          289448 kB
MemAvailable:    1526112 kB
Buffers:           85348 kB
Cached:          1258756 kB
MemTotal:        1844596 kB
MemFree:          289160 kB
MemAvailable:    1525824 kB
Buffers:           85348 kB
Cached:          1258756 kB
MemTotal:        1844596 kB
MemFree:          290268 kB
MemAvailable:    1526932 kB
Buffers:           85348 kB
Cached:          1258756 kB
MemTotal:        1844596 kB
MemFree:          288836 kB
MemAvailable:    1525500 kB
Buffers:           85348 kB
Cached:          1258756 kB
MemTotal:        1844596 kB
MemFree:          288788 kB
MemAvailable:    1525452 kB
Buffers:           85348 kB
Cached:          1258756 kB
MemTotal:        1844596 kB
MemFree:          289400 kB
MemAvailable:    1526064 kB
Buffers:           85348 kB
Cached:          1258756 kB
MemTotal:        1844596 kB
MemFree:          289152 kB
MemAvailable:    1525816 kB
Buffers:           85348 kB
Cached:          1258756 kB
MemTotal:        1844596 kB
MemFree:          287480 kB
MemAvailable:    1524144 kB
Buffers:           85348 kB
Cached:          1258756 kB
MemTotal:        1844596 kB
MemFree:          287480 kB
MemAvailable:    1524144 kB
Buffers:           85348 kB
Cached:          1258756 kB
MemTotal:        1844596 kB
MemFree:          288216 kB
MemAvailable:    1524880 kB
Buffers:           85348 kB
Cached:          1258756 kB
MemTotal:        1844596 kB
MemFree:          288164 kB
MemAvailable:    1524828 kB
Buffers:           85348 kB
Cached:          1258756 kB
MemTotal:        1844596 kB
MemFree:          286976 kB
MemAvailable:    1523640 kB
Buffers:           85348 kB
Cached:          1258756 kB
MemTotal:        1844596 kB
MemFree:          288160 kB
MemAvailable:    1524824 kB
Buffers:           85348 kB
Cached:          1258756 kB
MemTotal:        1844596 kB
MemFree:          287480 kB
MemAvailable:    1524144 kB
Buffers:           85348 kB
Cached:          1258756 kB
MemTotal:        1844596 kB
MemFree:          288044 kB
MemAvailable:    1524708 kB
Buffers:           85348 kB
Cached:          1258756 kB
MemTotal:        1844596 kB
MemFree:          286928 kB
MemAvailable:    1523592 kB
Buffers:           85348 kB
Cached:          1258756 kB
MemTotal:        1844596 kB
MemFree:          287052 kB
MemAvailable:    1523716 kB
Buffers:           85348 kB
Cached:          1258756 kB
MemTotal:        1844596 kB
MemFree:          288284 kB
MemAvailable:    1524948 kB
Buffers:           85348 kB
Cached:          1258756 kB
MemTotal:        1844596 kB
MemFree:          288072 kB
MemAvailable:    1524736 kB
Buffers:           85348 kB
Cached:          1258756 kB
MemTotal:        1844596 kB
MemFree:          288156 kB
MemAvailable:    1524820 kB
Buffers:           85348 kB
Cached:          1258756 kB
MemTotal:        1844596 kB
MemFree:          288260 kB
MemAvailable:    1524924 kB
Buffers:           85348 kB
Cached:          1258756 kB
MemTotal:        1844596 kB
MemFree:          287028 kB
MemAvailable:    1523692 kB
Buffers:           85348 kB
Cached:          1258756 kB
MemTotal:        1844596 kB
MemFree:          287852 kB
MemAvailable:    1524516 kB
Buffers:           85348 kB
Cached:          1258756 kB
MemTotal:        1844596 kB
MemFree:          287788 kB
MemAvailable:    1524452 kB
Buffers:           85348 kB
Cached:          1258756 kB
MemTotal:        1844596 kB
MemFree:          286364 kB
MemAvailable:    1523028 kB
Buffers:           85348 kB
Cached:          1258756 kB
MemTotal:        1844596 kB
MemFree:          286488 kB
MemAvailable:    1523152 kB
Buffers:           85348 kB
Cached:          1258756 kB
MemTotal:        1844596 kB
MemFree:          287092 kB
MemAvailable:    1523756 kB
Buffers:           85348 kB
Cached:          1258756 kB
MemTotal:        1844596 kB
MemFree:          286332 kB
MemAvailable:    1522996 kB
Buffers:           85348 kB
Cached:          1258756 kB
MemTotal:        1844596 kB
MemFree:          286668 kB
MemAvailable:    1523332 kB
Buffers:           85348 kB
Cached:          1258756 kB
MemTotal:        1844596 kB
MemFree:          285100 kB
MemAvailable:    1521764 kB
Buffers:           85348 kB
Cached:          1258756 kB
MemTotal:        1844596 kB
MemFree:          284752 kB
MemAvailable:    1521416 kB
Buffers:           85348 kB
Cached:          1258756 kB
MemTotal:        1844596 kB
MemFree:          285612 kB
MemAvailable:    1522276 kB
Buffers:           85348 kB
Cached:          1258756 kB
MemTotal:        1844596 kB
MemFree:          285696 kB
MemAvailable:    1522360 kB
Buffers:           85348 kB
Cached:          1258756 kB
MemTotal:        1844596 kB
MemFree:          284512 kB
MemAvailable:    1521176 kB
Buffers:           85348 kB
Cached:          1258756 kB
MemTotal:        1844596 kB
MemFree:          285752 kB
MemAvailable:    1522416 kB
Buffers:           85348 kB
Cached:          1258756 kB
MemTotal:        1844596 kB
MemFree:          285612 kB
MemAvailable:    1522276 kB
Buffers:           85348 kB
Cached:          1258756 kB
MemTotal:        1844596 kB
MemFree:          285612 kB
MemAvailable:    1522276 kB
Buffers:           85348 kB
Cached:          1258756 kB
MemTotal:        1844596 kB
MemFree:          284504 kB
MemAvailable:    1521168 kB
Buffers:           85348 kB
Cached:          1258756 kB
MemTotal:        1844596 kB
MemFree:          285556 kB
MemAvailable:    1522220 kB
Buffers:           85348 kB
Cached:          1258756 kB
MemTotal:        1844596 kB
MemFree:          284256 kB
MemAvailable:    1520920 kB
Buffers:           85348 kB
Cached:          1258756 kB
MemTotal:        1844596 kB
MemFree:          284000 kB
MemAvailable:    1520664 kB
Buffers:           85348 kB
Cached:          1258756 kB
MemTotal:        1844596 kB
MemFree:          284000 kB
MemAvailable:    1520664 kB
Buffers:           85348 kB
Cached:          1258756 kB
MemTotal:        1844596 kB
MemFree:          279528 kB
MemAvailable:    1516192 kB
Buffers:           85348 kB
Cached:          1258756 kB
MemTotal:        1844596 kB
MemFree:          279420 kB
MemAvailable:    1516084 kB
Buffers:           85348 kB
Cached:          1258756 kB
MemTotal:        1844596 kB
MemFree:          277436 kB
MemAvailable:    1514100 kB
Buffers:           85348 kB
Cached:          1258756 kB
MemTotal:        1844596 kB
MemFree:          276560 kB
MemAvailable:    1513224 kB
Buffers:           85348 kB
Cached:          1258756 kB
MemTotal:        1844596 kB
MemFree:          275876 kB
MemAvailable:    1512540 kB
Buffers:           85348 kB
Cached:          1258756 kB
MemTotal:        1844596 kB
MemFree:          275552 kB
MemAvailable:    1512216 kB
Buffers:           85348 kB
Cached:          1258756 kB
MemTotal:        1844596 kB
MemFree:          275888 kB
MemAvailable:    1512552 kB
Buffers:           85348 kB
Cached:          1258756 kB
MemTotal:        1844596 kB
MemFree:          275320 kB
MemAvailable:    1511984 kB
Buffers:           85348 kB
Cached:          1258756 kB
MemTotal:        1844596 kB
MemFree:          275320 kB
MemAvailable:    1511984 kB
Buffers:           85348 kB
Cached:          1258756 kB
MemTotal:        1844596 kB
MemFree:          274700 kB
MemAvailable:    1511364 kB
Buffers:           85348 kB
Cached:          1258756 kB
MemTotal:        1844596 kB
MemFree:          274912 kB
MemAvailable:    1511576 kB
Buffers:           85348 kB
Cached:          1258756 kB
MemTotal:        1844596 kB
MemFree:          273220 kB
MemAvailable:    1509884 kB
Buffers:           85348 kB
Cached:          1258756 kB
MemTotal:        1844596 kB
MemFree:          273824 kB
MemAvailable:    1510488 kB
Buffers:           85348 kB
Cached:          1258756 kB
MemTotal:        1844596 kB
MemFree:          273824 kB
MemAvailable:    1510496 kB
Buffers:           85348 kB
Cached:          1258764 kB
MemTotal:        1844596 kB
MemFree:          273916 kB
MemAvailable:    1510588 kB
Buffers:           85348 kB
Cached:          1258764 kB
MemTotal:        1844596 kB
MemFree:          273564 kB
MemAvailable:    1510240 kB
Buffers:           85348 kB
Cached:          1258768 kB
MemTotal:        1844596 kB
MemFree:          273816 kB
MemAvailable:    1510492 kB
Buffers:           85348 kB
Cached:          1258768 kB
MemTotal:        1844596 kB
MemFree:          273564 kB
MemAvailable:    1510240 kB
Buffers:           85348 kB
Cached:          1258768 kB
MemTotal:        1844596 kB
MemFree:          273900 kB
MemAvailable:    1510576 kB
Buffers:           85348 kB
Cached:          1258768 kB
MemTotal:        1844596 kB
MemFree:          273716 kB
MemAvailable:    1510392 kB
Buffers:           85348 kB
Cached:          1258768 kB
MemTotal:        1844596 kB
MemFree:          273776 kB
MemAvailable:    1510452 kB
Buffers:           85348 kB
Cached:          1258768 kB
MemTotal:        1844596 kB
MemFree:          273104 kB
MemAvailable:    1509780 kB
Buffers:           85348 kB
Cached:          1258768 kB
MemTotal:        1844596 kB
MemFree:          273768 kB
MemAvailable:    1510444 kB
Buffers:           85348 kB
Cached:          1258768 kB
MemTotal:        1844596 kB
MemFree:          272592 kB
MemAvailable:    1509268 kB
Buffers:           85348 kB
Cached:          1258768 kB
MemTotal:        1844596 kB
MemFree:          272552 kB
MemAvailable:    1509228 kB
Buffers:           85348 kB
Cached:          1258768 kB
MemTotal:        1844596 kB
MemFree:          272552 kB
MemAvailable:    1509228 kB
Buffers:           85348 kB
Cached:          1258768 kB
MemTotal:        1844596 kB
MemFree:          272296 kB
MemAvailable:    1508972 kB
Buffers:           85348 kB
Cached:          1258768 kB
MemTotal:        1844596 kB
MemFree:          272956 kB
MemAvailable:    1509632 kB
Buffers:           85348 kB
Cached:          1258768 kB
MemTotal:        1844596 kB
MemFree:          273040 kB
MemAvailable:    1509716 kB
Buffers:           85348 kB
Cached:          1258768 kB
MemTotal:        1844596 kB
MemFree:          271104 kB
MemAvailable:    1507780 kB
Buffers:           85348 kB
Cached:          1258768 kB
MemTotal:        1844596 kB
MemFree:          267748 kB
MemAvailable:    1504424 kB
Buffers:           85348 kB
Cached:          1258768 kB
MemTotal:        1844596 kB
MemFree:          267836 kB
MemAvailable:    1504512 kB
Buffers:           85348 kB
Cached:          1258768 kB
MemTotal:        1844596 kB
MemFree:          263848 kB
MemAvailable:    1500524 kB
Buffers:           85348 kB
Cached:          1258768 kB
MemTotal:        1844596 kB
MemFree:          261936 kB
MemAvailable:    1498612 kB
Buffers:           85348 kB
Cached:          1258768 kB
MemTotal:        1844596 kB
MemFree:          261988 kB
MemAvailable:    1498664 kB
Buffers:           85348 kB
Cached:          1258768 kB
MemTotal:        1844596 kB
MemFree:          261864 kB
MemAvailable:    1498540 kB
Buffers:           85348 kB
Cached:          1258768 kB
MemTotal:        1844596 kB
MemFree:          261540 kB
MemAvailable:    1498216 kB
Buffers:           85348 kB
Cached:          1258768 kB
MemTotal:        1844596 kB
MemFree:          261624 kB
MemAvailable:    1498300 kB
Buffers:           85348 kB
Cached:          1258768 kB
MemTotal:        1844596 kB
MemFree:          261412 kB
MemAvailable:    1498088 kB
Buffers:           85348 kB
Cached:          1258768 kB
MemTotal:        1844596 kB
MemFree:          261748 kB
MemAvailable:    1498424 kB
Buffers:           85348 kB
Cached:          1258768 kB
MemTotal:        1844596 kB
MemFree:          260552 kB
MemAvailable:    1497228 kB
Buffers:           85348 kB
Cached:          1258768 kB
MemTotal:        1844596 kB
MemFree:          261640 kB
MemAvailable:    1498316 kB
Buffers:           85348 kB
Cached:          1258768 kB
MemTotal:        1844596 kB
MemFree:          261308 kB
MemAvailable:    1497984 kB
Buffers:           85348 kB
Cached:          1258768 kB
MemTotal:        1844596 kB
MemFree:          261564 kB
MemAvailable:    1498240 kB
Buffers:           85348 kB
Cached:          1258768 kB
MemTotal:        1844596 kB
MemFree:          260316 kB
MemAvailable:    1496992 kB
Buffers:           85348 kB
Cached:          1258768 kB
MemTotal:        1844596 kB
MemFree:          261516 kB
MemAvailable:    1498192 kB
Buffers:           85348 kB
Cached:          1258768 kB
MemTotal:        1844596 kB
MemFree:          261432 kB
MemAvailable:    1498108 kB
Buffers:           85348 kB
Cached:          1258768 kB
MemTotal:        1844596 kB
MemFree:          261236 kB
MemAvailable:    1497912 kB
Buffers:           85348 kB
Cached:          1258768 kB
MemTotal:        1844596 kB
MemFree:          259928 kB
MemAvailable:    1496604 kB
Buffers:           85348 kB
Cached:          1258768 kB
MemTotal:        1844596 kB
MemFree:          260980 kB
MemAvailable:    1497656 kB
Buffers:           85348 kB
Cached:          1258768 kB
MemTotal:        1844596 kB
MemFree:          259928 kB
MemAvailable:    1496604 kB
Buffers:           85348 kB
Cached:          1258768 kB
MemTotal:        1844596 kB
MemFree:          261064 kB
MemAvailable:    1497740 kB
Buffers:           85348 kB
Cached:          1258768 kB
MemTotal:        1844596 kB
MemFree:          260200 kB
MemAvailable:    1496876 kB
Buffers:           85348 kB
Cached:          1258768 kB
MemTotal:        1844596 kB
MemFree:          261056 kB
MemAvailable:    1497732 kB
Buffers:           85348 kB
Cached:          1258768 kB
MemTotal:        1844596 kB
MemFree:          261128 kB
MemAvailable:    1497804 kB
Buffers:           85348 kB
Cached:          1258768 kB
MemTotal:        1844596 kB
MemFree:          260896 kB
MemAvailable:    1497572 kB
Buffers:           85348 kB
Cached:          1258768 kB
MemTotal:        1844596 kB
MemFree:          261152 kB
MemAvailable:    1497828 kB
Buffers:           85348 kB
Cached:          1258768 kB
MemTotal:        1844596 kB
MemFree:          260992 kB
MemAvailable:    1497668 kB
Buffers:           85348 kB
Cached:          1258768 kB
MemTotal:        1844596 kB
MemFree:          261228 kB
MemAvailable:    1497904 kB
Buffers:           85348 kB
Cached:          1258768 kB
MemTotal:        1844596 kB
MemFree:          260572 kB
MemAvailable:    1497248 kB
Buffers:           85348 kB
Cached:          1258768 kB
MemTotal:        1844596 kB
MemFree:          260916 kB
MemAvailable:    1497592 kB
Buffers:           85348 kB
Cached:          1258768 kB
MemTotal:        1844596 kB
MemFree:          261108 kB
MemAvailable:    1497784 kB
Buffers:           85348 kB
Cached:          1258768 kB
MemTotal:        1844596 kB
MemFree:          259704 kB
MemAvailable:    1496380 kB
Buffers:           85348 kB
Cached:          1258768 kB
MemTotal:        1844596 kB
MemFree:          259952 kB
MemAvailable:    1496628 kB
Buffers:           85348 kB
Cached:          1258768 kB
MemTotal:        1844596 kB
MemFree:          261088 kB
MemAvailable:    1497764 kB
Buffers:           85348 kB
Cached:          1258768 kB
MemTotal:        1844596 kB
MemFree:          259392 kB
MemAvailable:    1496068 kB
Buffers:           85348 kB
Cached:          1258768 kB
MemTotal:        1844596 kB
MemFree:          255860 kB
MemAvailable:    1492536 kB
Buffers:           85348 kB
Cached:          1258768 kB
MemTotal:        1844596 kB
MemFree:          250884 kB
MemAvailable:    1487560 kB
Buffers:           85348 kB
Cached:          1258768 kB
MemTotal:        1844596 kB
MemFree:          250884 kB
MemAvailable:    1487560 kB
Buffers:           85348 kB
Cached:          1258768 kB
MemTotal:        1844596 kB
MemFree:          249516 kB
MemAvailable:    1486192 kB
Buffers:           85348 kB
Cached:          1258768 kB
MemTotal:        1844596 kB
MemFree:          250824 kB
MemAvailable:    1487500 kB
Buffers:           85348 kB
Cached:          1258768 kB
MemTotal:        1844596 kB
MemFree:          249600 kB
MemAvailable:    1486276 kB
Buffers:           85348 kB
Cached:          1258768 kB
MemTotal:        1844596 kB
MemFree:          250156 kB
MemAvailable:    1486832 kB
Buffers:           85348 kB
Cached:          1258768 kB
MemTotal:        1844596 kB
MemFree:          250592 kB
MemAvailable:    1487268 kB
Buffers:           85348 kB
Cached:          1258768 kB
MemTotal:        1844596 kB
MemFree:          250848 kB
MemAvailable:    1487524 kB
Buffers:           85348 kB
Cached:          1258768 kB
MemTotal:        1844596 kB
MemFree:          249600 kB
MemAvailable:    1486276 kB
Buffers:           85348 kB
Cached:          1258768 kB
MemTotal:        1844596 kB
MemFree:          250708 kB
MemAvailable:    1487384 kB
Buffers:           85348 kB
Cached:          1258768 kB
MemTotal:        1844596 kB
MemFree:          250644 kB
MemAvailable:    1487320 kB
Buffers:           85348 kB
Cached:          1258768 kB
MemTotal:        1844596 kB
MemFree:          250896 kB
MemAvailable:    1487572 kB
Buffers:           85348 kB
Cached:          1258768 kB
MemTotal:        1844596 kB
MemFree:          250908 kB
MemAvailable:    1487584 kB
Buffers:           85348 kB
Cached:          1258768 kB
MemTotal:        1844596 kB
MemFree:          250156 kB
MemAvailable:    1486832 kB
Buffers:           85348 kB
Cached:          1258768 kB
MemTotal:        1844596 kB
MemFree:          251084 kB
MemAvailable:    1487760 kB
Buffers:           85348 kB
Cached:          1258768 kB
MemTotal:        1844596 kB
MemFree:          249784 kB
MemAvailable:    1486460 kB
Buffers:           85348 kB
Cached:          1258768 kB
MemTotal:        1844596 kB
MemFree:          250500 kB
MemAvailable:    1487176 kB
Buffers:           85348 kB
Cached:          1258768 kB
MemTotal:        1844596 kB
MemFree:          250700 kB
MemAvailable:    1487376 kB
Buffers:           85348 kB
Cached:          1258768 kB
MemTotal:        1844596 kB
MemFree:          249464 kB
MemAvailable:    1486140 kB
Buffers:           85348 kB
Cached:          1258768 kB
MemTotal:        1844596 kB
MemFree:          247792 kB
MemAvailable:    1484468 kB
Buffers:           85348 kB
Cached:          1258768 kB
MemTotal:        1844596 kB
MemFree:          247420 kB
MemAvailable:    1484096 kB
Buffers:           85348 kB
Cached:          1258768 kB
MemTotal:        1844596 kB
MemFree:          248588 kB
MemAvailable:    1485264 kB
Buffers:           85348 kB
Cached:          1258768 kB
MemTotal:        1844596 kB
MemFree:          248264 kB
MemAvailable:    1484940 kB
Buffers:           85348 kB
Cached:          1258768 kB
MemTotal:        1844596 kB
MemFree:          248348 kB
MemAvailable:    1485024 kB
Buffers:           85348 kB
Cached:          1258768 kB
MemTotal:        1844596 kB
MemFree:          248340 kB
MemAvailable:    1485016 kB
Buffers:           85348 kB
Cached:          1258768 kB
MemTotal:        1844596 kB
MemFree:          248592 kB
MemAvailable:    1485268 kB
Buffers:           85348 kB
Cached:          1258768 kB
MemTotal:        1844596 kB
MemFree:          248100 kB
MemAvailable:    1484776 kB
Buffers:           85348 kB
Cached:          1258768 kB
MemTotal:        1844596 kB
MemFree:          248436 kB
MemAvailable:    1485112 kB
Buffers:           85348 kB
Cached:          1258768 kB
MemTotal:        1844596 kB
MemFree:          248464 kB
MemAvailable:    1485152 kB
Buffers:           85348 kB
Cached:          1258780 kB
MemTotal:        1844596 kB
MemFree:          247000 kB
MemAvailable:    1483688 kB
Buffers:           85348 kB
Cached:          1258780 kB
MemTotal:        1844596 kB
MemFree:          247428 kB
MemAvailable:    1484116 kB
Buffers:           85348 kB
Cached:          1258780 kB
MemTotal:        1844596 kB
MemFree:          247428 kB
MemAvailable:    1484116 kB
Buffers:           85348 kB
Cached:          1258780 kB
MemTotal:        1844596 kB
MemFree:          248324 kB
MemAvailable:    1485012 kB
Buffers:           85348 kB
Cached:          1258780 kB
MemTotal:        1844596 kB
MemFree:          248496 kB
MemAvailable:    1485184 kB
Buffers:           85348 kB
Cached:          1258780 kB
MemTotal:        1844596 kB
MemFree:          248268 kB
MemAvailable:    1484956 kB
Buffers:           85348 kB
Cached:          1258780 kB
MemTotal:        1844596 kB
MemFree:          248604 kB
MemAvailable:    1485292 kB
Buffers:           85348 kB
Cached:          1258780 kB
MemTotal:        1844596 kB
MemFree:          248328 kB
MemAvailable:    1485016 kB
Buffers:           85348 kB
Cached:          1258780 kB
MemTotal:        1844596 kB
MemFree:          247160 kB
MemAvailable:    1483848 kB
Buffers:           85348 kB
Cached:          1258780 kB
MemTotal:        1844596 kB
MemFree:          247676 kB
MemAvailable:    1484364 kB
Buffers:           85348 kB
Cached:          1258780 kB
MemTotal:        1844596 kB
MemFree:          248144 kB
MemAvailable:    1484832 kB
Buffers:           85348 kB
Cached:          1258780 kB
MemTotal:        1844596 kB
MemFree:          248364 kB
MemAvailable:    1485052 kB
Buffers:           85348 kB
Cached:          1258780 kB
MemTotal:        1844596 kB
MemFree:          248352 kB
MemAvailable:    1485040 kB
Buffers:           85348 kB
Cached:          1258780 kB
MemTotal:        1844596 kB
MemFree:          247416 kB
MemAvailable:    1484104 kB
Buffers:           85348 kB
Cached:          1258780 kB
MemTotal:        1844596 kB
MemFree:          248156 kB
MemAvailable:    1484844 kB
Buffers:           85348 kB
Cached:          1258780 kB
MemTotal:        1844596 kB
MemFree:          248408 kB
MemAvailable:    1485096 kB
Buffers:           85348 kB
Cached:          1258780 kB
MemTotal:        1844596 kB
MemFree:          247180 kB
MemAvailable:    1483868 kB
Buffers:           85348 kB
Cached:          1258780 kB
MemTotal:        1844596 kB
MemFree:          247800 kB
MemAvailable:    1484488 kB
Buffers:           85348 kB
Cached:          1258780 kB
MemTotal:        1844596 kB
MemFree:          243940 kB
MemAvailable:    1480628 kB
Buffers:           85348 kB
Cached:          1258780 kB
MemTotal:        1844596 kB
MemFree:          243904 kB
MemAvailable:    1480592 kB
Buffers:           85348 kB
Cached:          1258780 kB
MemTotal:        1844596 kB
MemFree:          238428 kB
MemAvailable:    1475116 kB
Buffers:           85348 kB
Cached:          1258780 kB
MemTotal:        1844596 kB
MemFree:          236700 kB
MemAvailable:    1473388 kB
Buffers:           85348 kB
Cached:          1258780 kB
MemTotal:        1844596 kB
MemFree:          235764 kB
MemAvailable:    1472452 kB
Buffers:           85348 kB
Cached:          1258780 kB
MemTotal:        1844596 kB
MemFree:          234524 kB
MemAvailable:    1471212 kB
Buffers:           85348 kB
Cached:          1258780 kB
MemTotal:        1844596 kB
MemFree:          234408 kB
MemAvailable:    1471096 kB
Buffers:           85348 kB
Cached:          1258780 kB
MemTotal:        1844596 kB
MemFree:          234408 kB
MemAvailable:    1471096 kB
Buffers:           85348 kB
Cached:          1258780 kB
MemTotal:        1844596 kB
MemFree:          235400 kB
MemAvailable:    1472092 kB
Buffers:           85348 kB
Cached:          1258784 kB
MemTotal:        1844596 kB
MemFree:          234284 kB
MemAvailable:    1470976 kB
Buffers:           85348 kB
Cached:          1258784 kB
MemTotal:        1844596 kB
MemFree:          235132 kB
MemAvailable:    1471824 kB
Buffers:           85348 kB
Cached:          1258784 kB
MemTotal:        1844596 kB
MemFree:          235388 kB
MemAvailable:    1472080 kB
Buffers:           85348 kB
Cached:          1258784 kB
MemTotal:        1844596 kB
MemFree:          234016 kB
MemAvailable:    1470708 kB
Buffers:           85348 kB
Cached:          1258784 kB
MemTotal:        1844596 kB
MemFree:          235068 kB
MemAvailable:    1471760 kB
Buffers:           85348 kB
Cached:          1258784 kB
MemTotal:        1844596 kB
MemFree:          235116 kB
MemAvailable:    1471808 kB
Buffers:           85348 kB
Cached:          1258784 kB
MemTotal:        1844596 kB
MemFree:          235368 kB
MemAvailable:    1472060 kB
Buffers:           85348 kB
Cached:          1258784 kB
MemTotal:        1844596 kB
MemFree:          235132 kB
MemAvailable:    1471824 kB
Buffers:           85348 kB
Cached:          1258784 kB
MemTotal:        1844596 kB
MemFree:          235384 kB
MemAvailable:    1472076 kB
Buffers:           85348 kB
Cached:          1258784 kB
MemTotal:        1844596 kB
MemFree:          234840 kB
MemAvailable:    1471532 kB
Buffers:           85348 kB
Cached:          1258784 kB
MemTotal:        1844596 kB
MemFree:          235176 kB
MemAvailable:    1471868 kB
Buffers:           85348 kB
Cached:          1258784 kB
MemTotal:        1844596 kB
MemFree:          233980 kB
MemAvailable:    1470672 kB
Buffers:           85348 kB
Cached:          1258784 kB
MemTotal:        1844596 kB
MemFree:          233900 kB
MemAvailable:    1470592 kB
Buffers:           85348 kB
Cached:          1258784 kB
MemTotal:        1844596 kB
MemFree:          235028 kB
MemAvailable:    1471720 kB
Buffers:           85348 kB
Cached:          1258784 kB
MemTotal:        1844596 kB
MemFree:          235064 kB
MemAvailable:    1471756 kB
Buffers:           85348 kB
Cached:          1258784 kB
MemTotal:        1844596 kB
MemFree:          234948 kB
MemAvailable:    1471640 kB
Buffers:           85348 kB
Cached:          1258784 kB
MemTotal:        1844596 kB
MemFree:          235200 kB
MemAvailable:    1471892 kB
Buffers:           85348 kB
Cached:          1258784 kB
MemTotal:        1844596 kB
MemFree:          235092 kB
MemAvailable:    1471784 kB
Buffers:           85348 kB
Cached:          1258784 kB
MemTotal:        1844596 kB
MemFree:          235260 kB
MemAvailable:    1471952 kB
Buffers:           85348 kB
Cached:          1258784 kB
MemTotal:        1844596 kB
MemFree:          234840 kB
MemAvailable:    1471532 kB
Buffers:           85348 kB
Cached:          1258784 kB
MemTotal:        1844596 kB
MemFree:          235176 kB
MemAvailable:    1471868 kB
Buffers:           85348 kB
Cached:          1258784 kB
MemTotal:        1844596 kB
MemFree:          233984 kB
MemAvailable:    1470676 kB
Buffers:           85348 kB
Cached:          1258784 kB
MemTotal:        1844596 kB
MemFree:          235028 kB
MemAvailable:    1471720 kB
Buffers:           85348 kB
Cached:          1258784 kB
MemTotal:        1844596 kB
MemFree:          234128 kB
MemAvailable:    1470820 kB
Buffers:           85348 kB
Cached:          1258784 kB
MemTotal:        1844596 kB
MemFree:          234384 kB
MemAvailable:    1471076 kB
Buffers:           85348 kB
Cached:          1258784 kB
MemTotal:        1844596 kB
MemFree:          234284 kB
MemAvailable:    1470976 kB
Buffers:           85348 kB
Cached:          1258784 kB
MemTotal:        1844596 kB
MemFree:          234104 kB
MemAvailable:    1470796 kB
Buffers:           85348 kB
Cached:          1258784 kB
MemTotal:        1844596 kB
MemFree:          232900 kB
MemAvailable:    1469592 kB
Buffers:           85348 kB
Cached:          1258784 kB
MemTotal:        1844596 kB
MemFree:          233272 kB
MemAvailable:    1469964 kB
Buffers:           85348 kB
Cached:          1258784 kB
MemTotal:        1844596 kB
MemFree:          233912 kB
MemAvailable:    1470604 kB
Buffers:           85348 kB
Cached:          1258784 kB
MemTotal:        1844596 kB
MemFree:          233884 kB
MemAvailable:    1470576 kB
Buffers:           85348 kB
Cached:          1258784 kB
MemTotal:        1844596 kB
MemFree:          234220 kB
MemAvailable:    1470912 kB
Buffers:           85348 kB
Cached:          1258784 kB
MemTotal:        1844596 kB
MemFree:          229448 kB
MemAvailable:    1466140 kB
Buffers:           85348 kB
Cached:          1258784 kB
MemTotal:        1844596 kB
MemFree:          227580 kB
MemAvailable:    1464272 kB
Buffers:           85348 kB
Cached:          1258784 kB
MemTotal:        1844596 kB
MemFree:          225588 kB
MemAvailable:    1462280 kB
Buffers:           85348 kB
Cached:          1258784 kB
MemTotal:        1844596 kB
MemFree:          225840 kB
MemAvailable:    1462532 kB
Buffers:           85348 kB
Cached:          1258784 kB
MemTotal:        1844596 kB
MemFree:          222736 kB
MemAvailable:    1459428 kB
Buffers:           85348 kB
Cached:          1258784 kB
MemTotal:        1844596 kB
MemFree:          222628 kB
MemAvailable:    1459320 kB
Buffers:           85348 kB
Cached:          1258784 kB
MemTotal:        1844596 kB
MemFree:          221376 kB
MemAvailable:    1458068 kB
Buffers:           85348 kB
Cached:          1258784 kB
MemTotal:        1844596 kB
MemFree:          221248 kB
MemAvailable:    1457940 kB
Buffers:           85348 kB
Cached:          1258784 kB
MemTotal:        1844596 kB
MemFree:          221248 kB
MemAvailable:    1457940 kB
Buffers:           85348 kB
Cached:          1258784 kB
MemTotal:        1844596 kB
MemFree:          220864 kB
MemAvailable:    1457556 kB
Buffers:           85348 kB
Cached:          1258784 kB
MemTotal:        1844596 kB
MemFree:          220892 kB
MemAvailable:    1457584 kB
Buffers:           85348 kB
Cached:          1258784 kB
MemTotal:        1844596 kB
MemFree:          219720 kB
MemAvailable:    1456412 kB
Buffers:           85348 kB
Cached:          1258784 kB
MemTotal:        1844596 kB
MemFree:          220896 kB
MemAvailable:    1457588 kB
Buffers:           85348 kB
Cached:          1258784 kB
MemTotal:        1844596 kB
MemFree:          219964 kB
MemAvailable:    1456656 kB
Buffers:           85348 kB
Cached:          1258784 kB
MemTotal:        1844596 kB
MemFree:          220928 kB
MemAvailable:    1457620 kB
Buffers:           85348 kB
Cached:          1258784 kB
MemTotal:        1844596 kB
MemFree:          219704 kB
MemAvailable:    1456396 kB
Buffers:           85348 kB
Cached:          1258784 kB
MemTotal:        1844596 kB
MemFree:          221028 kB
MemAvailable:    1457724 kB
Buffers:           85348 kB
Cached:          1258788 kB
MemTotal:        1844596 kB
MemFree:          219848 kB
MemAvailable:    1456544 kB
Buffers:           85348 kB
Cached:          1258788 kB
MemTotal:        1844596 kB
MemFree:          220884 kB
MemAvailable:    1457580 kB
Buffers:           85348 kB
Cached:          1258788 kB
MemTotal:        1844596 kB
MemFree:          220968 kB
MemAvailable:    1457664 kB
Buffers:           85348 kB
Cached:          1258788 kB
MemTotal:        1844596 kB
MemFree:          225288 kB
MemAvailable:    1461984 kB
Buffers:           85348 kB
Cached:          1258788 kB
MemTotal:        1844596 kB
MemFree:          223620 kB
MemAvailable:    1460316 kB
Buffers:           85348 kB
Cached:          1258788 kB
MemTotal:        1844596 kB
MemFree:          221960 kB
MemAvailable:    1458656 kB
Buffers:           85348 kB
Cached:          1258788 kB
MemTotal:        1844596 kB
MemFree:          224612 kB
MemAvailable:    1461308 kB
Buffers:           85348 kB
Cached:          1258788 kB
MemTotal:        1844596 kB
MemFree:          225516 kB
MemAvailable:    1462212 kB
Buffers:           85348 kB
Cached:          1258788 kB
MemTotal:        1844596 kB
MemFree:          223000 kB
MemAvailable:    1459696 kB
Buffers:           85348 kB
Cached:          1258788 kB
MemTotal:        1844596 kB
MemFree:          221508 kB
MemAvailable:    1458204 kB
Buffers:           85348 kB
Cached:          1258788 kB
MemTotal:        1844596 kB
MemFree:          221380 kB
MemAvailable:    1458076 kB
Buffers:           85348 kB
Cached:          1258788 kB
MemTotal:        1844596 kB
MemFree:          219884 kB
MemAvailable:    1456580 kB
Buffers:           85348 kB
Cached:          1258788 kB
MemTotal:        1844596 kB
MemFree:          221192 kB
MemAvailable:    1457888 kB
Buffers:           85348 kB
Cached:          1258788 kB
MemTotal:        1844596 kB
MemFree:          220148 kB
MemAvailable:    1456844 kB
Buffers:           85348 kB
Cached:          1258788 kB
MemTotal:        1844596 kB
MemFree:          220960 kB
MemAvailable:    1457656 kB
Buffers:           85348 kB
Cached:          1258788 kB
MemTotal:        1844596 kB
MemFree:          220960 kB
MemAvailable:    1457656 kB
Buffers:           85348 kB
Cached:          1258788 kB
MemTotal:        1844596 kB
MemFree:          220864 kB
MemAvailable:    1457560 kB
Buffers:           85348 kB
Cached:          1258788 kB
MemTotal:        1844596 kB
MemFree:          221200 kB
MemAvailable:    1457896 kB
Buffers:           85348 kB
Cached:          1258788 kB
MemTotal:        1844596 kB
MemFree:          220884 kB
MemAvailable:    1457580 kB
Buffers:           85348 kB
Cached:          1258788 kB
MemTotal:        1844596 kB
MemFree:          221220 kB
MemAvailable:    1457916 kB
Buffers:           85348 kB
Cached:          1258788 kB
MemTotal:        1844596 kB
MemFree:          221028 kB
MemAvailable:    1457724 kB
Buffers:           85348 kB
Cached:          1258788 kB
MemTotal:        1844596 kB
MemFree:          221016 kB
MemAvailable:    1457712 kB
Buffers:           85348 kB
Cached:          1258788 kB
MemTotal:        1844596 kB
MemFree:          220396 kB
MemAvailable:    1457092 kB
Buffers:           85348 kB
Cached:          1258788 kB
MemTotal:        1844596 kB
MemFree:          220872 kB
MemAvailable:    1457568 kB
Buffers:           85348 kB
Cached:          1258788 kB
MemTotal:        1844596 kB
MemFree:          221208 kB
MemAvailable:    1457904 kB
Buffers:           85348 kB
Cached:          1258788 kB
MemTotal:        1844596 kB
MemFree:          221016 kB
MemAvailable:    1457712 kB
Buffers:           85348 kB
Cached:          1258788 kB
MemTotal:        1844596 kB
MemFree:          220952 kB
MemAvailable:    1457648 kB
Buffers:           85348 kB
Cached:          1258788 kB
MemTotal:        1844596 kB
MemFree:          219720 kB
MemAvailable:    1456416 kB
Buffers:           85348 kB
Cached:          1258788 kB
MemTotal:        1844596 kB
MemFree:          221000 kB
MemAvailable:    1457696 kB
Buffers:           85348 kB
Cached:          1258788 kB
MemTotal:        1844596 kB
MemFree:          221252 kB
MemAvailable:    1457948 kB
Buffers:           85348 kB
Cached:          1258788 kB
MemTotal:        1844596 kB
MemFree:          220828 kB
MemAvailable:    1457524 kB
Buffers:           85348 kB
Cached:          1258788 kB
MemTotal:        1844596 kB
MemFree:          221164 kB
MemAvailable:    1457860 kB
Buffers:           85348 kB
Cached:          1258788 kB
MemTotal:        1844596 kB
MemFree:          221056 kB
MemAvailable:    1457752 kB
Buffers:           85348 kB
Cached:          1258788 kB
MemTotal:        1844596 kB
MemFree:          221116 kB
MemAvailable:    1457812 kB
Buffers:           85348 kB
Cached:          1258788 kB
MemTotal:        1844596 kB
MemFree:          220768 kB
MemAvailable:    1457464 kB
Buffers:           85348 kB
Cached:          1258788 kB
MemTotal:        1844596 kB
MemFree:          221004 kB
MemAvailable:    1457700 kB
Buffers:           85348 kB
Cached:          1258788 kB
MemTotal:        1844596 kB
MemFree:          219880 kB
MemAvailable:    1456576 kB
Buffers:           85348 kB
Cached:          1258788 kB
MemTotal:        1844596 kB
MemFree:          221144 kB
MemAvailable:    1457840 kB
Buffers:           85348 kB
Cached:          1258788 kB
MemTotal:        1844596 kB
MemFree:          220868 kB
MemAvailable:    1457564 kB
Buffers:           85348 kB
Cached:          1258788 kB
MemTotal:        1844596 kB
MemFree:          219776 kB
MemAvailable:    1456472 kB
Buffers:           85348 kB
Cached:          1258788 kB
MemTotal:        1844596 kB
MemFree:          219776 kB
MemAvailable:    1456472 kB
Buffers:           85348 kB
Cached:          1258788 kB
MemTotal:        1844596 kB
MemFree:          220836 kB
MemAvailable:    1457532 kB
Buffers:           85348 kB
Cached:          1258788 kB
MemTotal:        1844596 kB
MemFree:          221092 kB
MemAvailable:    1457788 kB
Buffers:           85348 kB
Cached:          1258788 kB
MemTotal:        1844596 kB
MemFree:          221004 kB
MemAvailable:    1457700 kB
Buffers:           85348 kB
Cached:          1258788 kB
MemTotal:        1844596 kB
MemFree:          219404 kB
MemAvailable:    1456100 kB
Buffers:           85348 kB
Cached:          1258788 kB
MemTotal:        1844596 kB
MemFree:          217164 kB
MemAvailable:    1453864 kB
Buffers:           85348 kB
Cached:          1258792 kB
MemTotal:        1844596 kB
MemFree:          215428 kB
MemAvailable:    1452128 kB
Buffers:           85348 kB
Cached:          1258792 kB
MemTotal:        1844596 kB
MemFree:          215240 kB
MemAvailable:    1451940 kB
Buffers:           85348 kB
Cached:          1258792 kB
MemTotal:        1844596 kB
MemFree:          215172 kB
MemAvailable:    1451872 kB
Buffers:           85348 kB
Cached:          1258792 kB
MemTotal:        1844596 kB
MemFree:          214676 kB
MemAvailable:    1451376 kB
Buffers:           85348 kB
Cached:          1258792 kB
MemTotal:        1844596 kB
MemFree:          214760 kB
MemAvailable:    1451460 kB
Buffers:           85348 kB
Cached:          1258792 kB
MemTotal:        1844596 kB
MemFree:          213440 kB
MemAvailable:    1450140 kB
Buffers:           85348 kB
Cached:          1258792 kB
MemTotal:        1844596 kB
MemFree:          214732 kB
MemAvailable:    1451432 kB
Buffers:           85348 kB
Cached:          1258792 kB
MemTotal:        1844596 kB
MemFree:          213948 kB
MemAvailable:    1450648 kB
Buffers:           85348 kB
Cached:          1258792 kB
MemTotal:        1844596 kB
MemFree:          213692 kB
MemAvailable:    1450396 kB
Buffers:           85348 kB
Cached:          1258796 kB
MemTotal:        1844596 kB
MemFree:          215056 kB
MemAvailable:    1451760 kB
Buffers:           85348 kB
Cached:          1258796 kB
MemTotal:        1844596 kB
MemFree:          214976 kB
MemAvailable:    1451680 kB
Buffers:           85348 kB
Cached:          1258796 kB
MemTotal:        1844596 kB
MemFree:          213560 kB
MemAvailable:    1450264 kB
Buffers:           85348 kB
Cached:          1258796 kB
MemTotal:        1844596 kB
MemFree:          213560 kB
MemAvailable:    1450264 kB
Buffers:           85348 kB
Cached:          1258796 kB
MemTotal:        1844596 kB
MemFree:          214728 kB
MemAvailable:    1451432 kB
Buffers:           85348 kB
Cached:          1258796 kB
MemTotal:        1844596 kB
MemFree:          213824 kB
MemAvailable:    1450528 kB
Buffers:           85348 kB
Cached:          1258796 kB
MemTotal:        1844596 kB
MemFree:          213452 kB
MemAvailable:    1450156 kB
Buffers:           85348 kB
Cached:          1258796 kB
MemTotal:        1844596 kB
MemFree:          214644 kB
MemAvailable:    1451348 kB
Buffers:           85348 kB
Cached:          1258796 kB
MemTotal:        1844596 kB
MemFree:          214500 kB
MemAvailable:    1451204 kB
Buffers:           85348 kB
Cached:          1258796 kB
MemTotal:        1844596 kB
MemFree:          214752 kB
MemAvailable:    1451456 kB
Buffers:           85348 kB
Cached:          1258796 kB
MemTotal:        1844596 kB
MemFree:          214732 kB
MemAvailable:    1451436 kB
Buffers:           85348 kB
Cached:          1258796 kB
MemTotal:        1844596 kB
MemFree:          214560 kB
MemAvailable:    1451264 kB
Buffers:           85348 kB
Cached:          1258796 kB
MemTotal:        1844596 kB
MemFree:          214560 kB
MemAvailable:    1451264 kB
Buffers:           85348 kB
Cached:          1258796 kB
MemTotal:        1844596 kB
MemFree:          214684 kB
MemAvailable:    1451388 kB
Buffers:           85348 kB
Cached:          1258796 kB
MemTotal:        1844596 kB
MemFree:          214936 kB
MemAvailable:    1451640 kB
Buffers:           85348 kB
Cached:          1258796 kB
MemTotal:        1844596 kB
MemFree:          214684 kB
MemAvailable:    1451388 kB
Buffers:           85348 kB
Cached:          1258796 kB
MemTotal:        1844596 kB
MemFree:          214936 kB
MemAvailable:    1451640 kB
Buffers:           85348 kB
Cached:          1258796 kB
MemTotal:        1844596 kB
MemFree:          214704 kB
MemAvailable:    1451408 kB
Buffers:           85348 kB
Cached:          1258796 kB
MemTotal:        1844596 kB
MemFree:          213564 kB
MemAvailable:    1450268 kB
Buffers:           85348 kB
Cached:          1258796 kB
MemTotal:        1844596 kB
MemFree:          214868 kB
MemAvailable:    1451576 kB
Buffers:           85348 kB
Cached:          1258800 kB
MemTotal:        1844596 kB
MemFree:          213384 kB
MemAvailable:    1450092 kB
Buffers:           85348 kB
Cached:          1258800 kB
MemTotal:        1844596 kB
MemFree:          214620 kB
MemAvailable:    1451328 kB
Buffers:           85348 kB
Cached:          1258800 kB
MemTotal:        1844596 kB
MemFree:          213444 kB
MemAvailable:    1450152 kB
Buffers:           85348 kB
Cached:          1258800 kB
MemTotal:        1844596 kB
MemFree:          214684 kB
MemAvailable:    1451392 kB
Buffers:           85348 kB
Cached:          1258800 kB
MemTotal:        1844596 kB
MemFree:          214428 kB
MemAvailable:    1451136 kB
Buffers:           85348 kB
Cached:          1258800 kB
MemTotal:        1844596 kB
MemFree:          214768 kB
MemAvailable:    1451476 kB
Buffers:           85348 kB
Cached:          1258800 kB
MemTotal:        1844596 kB
MemFree:          213440 kB
MemAvailable:    1450148 kB
Buffers:           85348 kB
Cached:          1258800 kB
MemTotal:        1844596 kB
MemFree:          214680 kB
MemAvailable:    1451388 kB
Buffers:           85348 kB
Cached:          1258800 kB
MemTotal:        1844596 kB
MemFree:          213392 kB
MemAvailable:    1450100 kB
Buffers:           85348 kB
Cached:          1258800 kB
MemTotal:        1844596 kB
MemFree:          214792 kB
MemAvailable:    1451500 kB
Buffers:           85348 kB
Cached:          1258800 kB
MemTotal:        1844596 kB
MemFree:          214628 kB
MemAvailable:    1451336 kB
Buffers:           85348 kB
Cached:          1258800 kB
MemTotal:        1844596 kB
MemFree:          213256 kB
MemAvailable:    1449964 kB
Buffers:           85348 kB
Cached:          1258800 kB
MemTotal:        1844596 kB
MemFree:          214596 kB
MemAvailable:    1451304 kB
Buffers:           85348 kB
Cached:          1258800 kB
MemTotal:        1844596 kB
MemFree:          214680 kB
MemAvailable:    1451388 kB
Buffers:           85348 kB
Cached:          1258800 kB
MemTotal:        1844596 kB
MemFree:          214560 kB
MemAvailable:    1451268 kB
Buffers:           85348 kB
Cached:          1258800 kB
MemTotal:        1844596 kB
MemFree:          214812 kB
MemAvailable:    1451520 kB
Buffers:           85348 kB
Cached:          1258800 kB
MemTotal:        1844596 kB
MemFree:          214548 kB
MemAvailable:    1451256 kB
Buffers:           85348 kB
Cached:          1258800 kB
MemTotal:        1844596 kB
MemFree:          214424 kB
MemAvailable:    1451132 kB
Buffers:           85348 kB
Cached:          1258800 kB
MemTotal:        1844596 kB
MemFree:          213700 kB
MemAvailable:    1450408 kB
Buffers:           85348 kB
Cached:          1258800 kB
MemTotal:        1844596 kB
MemFree:          214132 kB
MemAvailable:    1450840 kB
Buffers:           85348 kB
Cached:          1258800 kB
MemTotal:        1844596 kB
MemFree:          214384 kB
MemAvailable:    1451092 kB
Buffers:           85348 kB
Cached:          1258800 kB
MemTotal:        1844596 kB
MemFree:          212948 kB
MemAvailable:    1449656 kB
Buffers:           85348 kB
Cached:          1258800 kB
MemTotal:        1844596 kB
MemFree:          212948 kB
MemAvailable:    1449656 kB
Buffers:           85348 kB
Cached:          1258800 kB
MemTotal:        1844596 kB
MemFree:          213992 kB
MemAvailable:    1450700 kB
Buffers:           85348 kB
Cached:          1258800 kB
MemTotal:        1844596 kB
MemFree:          212956 kB
MemAvailable:    1449664 kB
Buffers:           85348 kB
Cached:          1258800 kB
MemTotal:        1844596 kB
MemFree:          213768 kB
MemAvailable:    1450476 kB
Buffers:           85348 kB
Cached:          1258800 kB
MemTotal:        1844596 kB
MemFree:          212956 kB
MemAvailable:    1449664 kB
Buffers:           85348 kB
Cached:          1258800 kB
MemTotal:        1844596 kB
MemFree:          212584 kB
MemAvailable:    1449292 kB
Buffers:           85348 kB
Cached:          1258800 kB
MemTotal:        1844596 kB
MemFree:          213628 kB
MemAvailable:    1450336 kB
Buffers:           85348 kB
Cached:          1258800 kB
MemTotal:        1844596 kB
MemFree:          213304 kB
MemAvailable:    1450012 kB
Buffers:           85348 kB
Cached:          1258800 kB
MemTotal:        1844596 kB
MemFree:          213336 kB
MemAvailable:    1450044 kB
Buffers:           85348 kB
Cached:          1258800 kB
MemTotal:        1844596 kB
MemFree:          213056 kB
MemAvailable:    1449764 kB
Buffers:           85348 kB
Cached:          1258800 kB
MemTotal:        1844596 kB
MemFree:          212784 kB
MemAvailable:    1449492 kB
Buffers:           85348 kB
Cached:          1258800 kB
MemTotal:        1844596 kB
MemFree:          212880 kB
MemAvailable:    1449588 kB
Buffers:           85348 kB
Cached:          1258800 kB
MemTotal:        1844596 kB
MemFree:          213132 kB
MemAvailable:    1449840 kB
Buffers:           85348 kB
Cached:          1258800 kB
MemTotal:        1844596 kB
MemFree:          212900 kB
MemAvailable:    1449608 kB
Buffers:           85348 kB
Cached:          1258800 kB
MemTotal:        1844596 kB
MemFree:          212936 kB
MemAvailable:    1449644 kB
Buffers:           85348 kB
Cached:          1258800 kB
MemTotal:        1844596 kB
MemFree:          212920 kB
MemAvailable:    1449628 kB
Buffers:           85348 kB
Cached:          1258800 kB
MemTotal:        1844596 kB
MemFree:          212764 kB
MemAvailable:    1449472 kB
Buffers:           85348 kB
Cached:          1258800 kB
MemTotal:        1844596 kB
MemFree:          212736 kB
MemAvailable:    1449444 kB
Buffers:           85348 kB
Cached:          1258800 kB
MemTotal:        1844596 kB
MemFree:          211428 kB
MemAvailable:    1448136 kB
Buffers:           85348 kB
Cached:          1258800 kB
MemTotal:        1844596 kB
MemFree:          211428 kB
MemAvailable:    1448136 kB
Buffers:           85348 kB
Cached:          1258800 kB
MemTotal:        1844596 kB
MemFree:          211636 kB
MemAvailable:    1448344 kB
Buffers:           85348 kB
Cached:          1258800 kB
MemTotal:        1844596 kB
MemFree:          212752 kB
MemAvailable:    1449460 kB
Buffers:           85348 kB
Cached:          1258800 kB
MemTotal:        1844596 kB
MemFree:          212660 kB
MemAvailable:    1449368 kB
Buffers:           85348 kB
Cached:          1258800 kB
MemTotal:        1844596 kB
MemFree:          212744 kB
MemAvailable:    1449452 kB
Buffers:           85348 kB
Cached:          1258800 kB
MemTotal:        1844596 kB
MemFree:          211336 kB
MemAvailable:    1448044 kB
Buffers:           85348 kB
Cached:          1258800 kB
MemTotal:        1844596 kB
MemFree:          211584 kB
MemAvailable:    1448292 kB
Buffers:           85348 kB
Cached:          1258800 kB
MemTotal:        1844596 kB
MemFree:          212760 kB
MemAvailable:    1449468 kB
Buffers:           85348 kB
Cached:          1258800 kB
MemTotal:        1844596 kB
MemFree:          211404 kB
MemAvailable:    1448112 kB
Buffers:           85348 kB
Cached:          1258800 kB
MemTotal:        1844596 kB
MemFree:          211716 kB
MemAvailable:    1448424 kB
Buffers:           85348 kB
Cached:          1258800 kB
MemTotal:        1844596 kB
MemFree:          212440 kB
MemAvailable:    1449148 kB
Buffers:           85348 kB
Cached:          1258800 kB
MemTotal:        1844596 kB
MemFree:          212200 kB
MemAvailable:    1448908 kB
Buffers:           85348 kB
Cached:          1258800 kB
MemTotal:        1844596 kB
MemFree:          212448 kB
MemAvailable:    1449156 kB
Buffers:           85348 kB
Cached:          1258800 kB
MemTotal:        1844596 kB
MemFree:          214672 kB
MemAvailable:    1451380 kB
Buffers:           85348 kB
Cached:          1258800 kB
MemTotal:        1844596 kB
MemFree:          213536 kB
MemAvailable:    1450244 kB
Buffers:           85348 kB
Cached:          1258800 kB
MemTotal:        1844596 kB
MemFree:          213536 kB
MemAvailable:    1450244 kB
Buffers:           85348 kB
Cached:          1258800 kB
MemTotal:        1844596 kB
MemFree:          214708 kB
MemAvailable:    1451416 kB
Buffers:           85348 kB
Cached:          1258800 kB
MemTotal:        1844596 kB
MemFree:          213948 kB
MemAvailable:    1450656 kB
Buffers:           85348 kB
Cached:          1258800 kB
MemTotal:        1844596 kB
MemFree:          214632 kB
MemAvailable:    1451340 kB
Buffers:           85348 kB
Cached:          1258800 kB
MemTotal:        1844596 kB
MemFree:          214800 kB
MemAvailable:    1451508 kB
Buffers:           85348 kB
Cached:          1258800 kB
MemTotal:        1844596 kB
MemFree:          214552 kB
MemAvailable:    1451260 kB
Buffers:           85348 kB
Cached:          1258800 kB
MemTotal:        1844596 kB
MemFree:          214568 kB
MemAvailable:    1451276 kB
Buffers:           85348 kB
Cached:          1258800 kB
MemTotal:        1844596 kB
MemFree:          213564 kB
MemAvailable:    1450272 kB
Buffers:           85348 kB
Cached:          1258800 kB
MemTotal:        1844596 kB
MemFree:          214568 kB
MemAvailable:    1451276 kB
Buffers:           85348 kB
Cached:          1258800 kB
MemTotal:        1844596 kB
MemFree:          214444 kB
MemAvailable:    1451152 kB
Buffers:           85348 kB
Cached:          1258800 kB
MemTotal:        1844596 kB
MemFree:          214416 kB
MemAvailable:    1451124 kB
Buffers:           85348 kB
Cached:          1258800 kB
MemTotal:        1844596 kB
MemFree:          214752 kB
MemAvailable:    1451460 kB
Buffers:           85348 kB
Cached:          1258800 kB
MemTotal:        1844596 kB
MemFree:          214428 kB
MemAvailable:    1451136 kB
Buffers:           85348 kB
Cached:          1258800 kB
MemTotal:        1844596 kB
MemFree:          214512 kB
MemAvailable:    1451220 kB
Buffers:           85348 kB
Cached:          1258800 kB
MemTotal:        1844596 kB
MemFree:          214404 kB
MemAvailable:    1451112 kB
Buffers:           85348 kB
Cached:          1258800 kB
MemTotal:        1844596 kB
MemFree:          214740 kB
MemAvailable:    1451448 kB
Buffers:           85348 kB
Cached:          1258800 kB
MemTotal:        1844596 kB
MemFree:          214520 kB
MemAvailable:    1451228 kB
Buffers:           85348 kB
Cached:          1258800 kB
MemTotal:        1844596 kB
MemFree:          214520 kB
MemAvailable:    1451228 kB
Buffers:           85348 kB
Cached:          1258800 kB
MemTotal:        1844596 kB
MemFree:          214752 kB
MemAvailable:    1451460 kB
Buffers:           85348 kB
Cached:          1258800 kB
MemTotal:        1844596 kB
MemFree:          214760 kB
MemAvailable:    1451468 kB
Buffers:           85348 kB
Cached:          1258800 kB
MemTotal:        1844596 kB
MemFree:          213832 kB
MemAvailable:    1450540 kB
Buffers:           85348 kB
Cached:          1258800 kB
MemTotal:        1844596 kB
MemFree:          214700 kB
MemAvailable:    1451416 kB
Buffers:           85348 kB
Cached:          1258808 kB
MemTotal:        1844596 kB
MemFree:          214576 kB
MemAvailable:    1451292 kB
Buffers:           85348 kB
Cached:          1258808 kB
MemTotal:        1844596 kB
MemFree:          214636 kB
MemAvailable:    1451352 kB
Buffers:           85348 kB
Cached:          1258808 kB
MemTotal:        1844596 kB
MemFree:          214760 kB
MemAvailable:    1451476 kB
Buffers:           85348 kB
Cached:          1258808 kB
MemTotal:        1844596 kB
MemFree:          213956 kB
MemAvailable:    1450672 kB
Buffers:           85348 kB
Cached:          1258808 kB
MemTotal:        1844596 kB
MemFree:          215108 kB
MemAvailable:    1451824 kB
Buffers:           85348 kB
Cached:          1258808 kB
MemTotal:        1844596 kB
MemFree:          213964 kB
MemAvailable:    1450680 kB
Buffers:           85348 kB
Cached:          1258808 kB
MemTotal:        1844596 kB
MemFree:          213288 kB
MemAvailable:    1450004 kB
Buffers:           85348 kB
Cached:          1258808 kB
MemTotal:        1844596 kB
MemFree:          213412 kB
MemAvailable:    1450128 kB
Buffers:           85348 kB
Cached:          1258808 kB
MemTotal:        1844596 kB
MemFree:          213408 kB
MemAvailable:    1450124 kB
Buffers:           85348 kB
Cached:          1258808 kB
MemTotal:        1844596 kB
MemFree:          214508 kB
MemAvailable:    1451224 kB
Buffers:           85348 kB
Cached:          1258808 kB
MemTotal:        1844596 kB
MemFree:          214760 kB
MemAvailable:    1451476 kB
Buffers:           85348 kB
Cached:          1258808 kB
MemTotal:        1844596 kB
MemFree:          214740 kB
MemAvailable:    1451456 kB
Buffers:           85348 kB
Cached:          1258808 kB
MemTotal:        1844596 kB
MemFree:          214640 kB
MemAvailable:    1451356 kB
Buffers:           85348 kB
Cached:          1258808 kB
MemTotal:        1844596 kB
MemFree:          213396 kB
MemAvailable:    1450112 kB
Buffers:           85348 kB
Cached:          1258808 kB
MemTotal:        1844596 kB
MemFree:          214608 kB
MemAvailable:    1451324 kB
Buffers:           85348 kB
Cached:          1258808 kB
MemTotal:        1844596 kB
MemFree:          214080 kB
MemAvailable:    1450796 kB
Buffers:           85348 kB
Cached:          1258808 kB
MemTotal:        1844596 kB
MemFree:          214424 kB
MemAvailable:    1451140 kB
Buffers:           85348 kB
Cached:          1258808 kB
MemTotal:        1844596 kB
MemFree:          213904 kB
MemAvailable:    1450620 kB
Buffers:           85348 kB
Cached:          1258808 kB
MemTotal:        1844596 kB
MemFree:          214636 kB
MemAvailable:    1451352 kB
Buffers:           85348 kB
Cached:          1258808 kB
MemTotal:        1844596 kB
MemFree:          213288 kB
MemAvailable:    1450004 kB
Buffers:           85348 kB
Cached:          1258808 kB
MemTotal:        1844596 kB
MemFree:          214636 kB
MemAvailable:    1451352 kB
Buffers:           85348 kB
Cached:          1258808 kB
MemTotal:        1844596 kB
MemFree:          213460 kB
MemAvailable:    1450176 kB
Buffers:           85348 kB
Cached:          1258808 kB
MemTotal:        1844596 kB
MemFree:          214736 kB
MemAvailable:    1451452 kB
Buffers:           85348 kB
Cached:          1258808 kB
MemTotal:        1844596 kB
MemFree:          213412 kB
MemAvailable:    1450128 kB
Buffers:           85348 kB
Cached:          1258808 kB
MemTotal:        1844596 kB
MemFree:          214628 kB
MemAvailable:    1451344 kB
Buffers:           85348 kB
Cached:          1258808 kB
MemTotal:        1844596 kB
MemFree:          213536 kB
MemAvailable:    1450252 kB
Buffers:           85348 kB
Cached:          1258808 kB
MemTotal:        1844596 kB
MemFree:          213784 kB
MemAvailable:    1450500 kB
Buffers:           85348 kB
Cached:          1258808 kB
MemTotal:        1844596 kB
MemFree:          214752 kB
MemAvailable:    1451468 kB
Buffers:           85348 kB
Cached:          1258808 kB
MemTotal:        1844596 kB
MemFree:          213528 kB
MemAvailable:    1450244 kB
Buffers:           85348 kB
Cached:          1258808 kB
MemTotal:        1844596 kB
MemFree:          214568 kB
MemAvailable:    1451284 kB
Buffers:           85348 kB
Cached:          1258808 kB
MemTotal:        1844596 kB
MemFree:          214568 kB
MemAvailable:    1451284 kB
Buffers:           85348 kB
Cached:          1258808 kB
MemTotal:        1844596 kB
MemFree:          214580 kB
MemAvailable:    1451296 kB
Buffers:           85348 kB
Cached:          1258808 kB
MemTotal:        1844596 kB
MemFree:          213696 kB
MemAvailable:    1450412 kB
Buffers:           85348 kB
Cached:          1258808 kB
MemTotal:        1844596 kB
MemFree:          214508 kB
MemAvailable:    1451224 kB
Buffers:           85348 kB
Cached:          1258808 kB
MemTotal:        1844596 kB
MemFree:          214760 kB
MemAvailable:    1451476 kB
Buffers:           85348 kB
Cached:          1258808 kB
MemTotal:        1844596 kB
MemFree:          213404 kB
MemAvailable:    1450120 kB
Buffers:           85348 kB
Cached:          1258808 kB
MemTotal:        1844596 kB
MemFree:          213572 kB
MemAvailable:    1450288 kB
Buffers:           85348 kB
Cached:          1258808 kB
MemTotal:        1844596 kB
MemFree:          214804 kB
MemAvailable:    1451520 kB
Buffers:           85348 kB
Cached:          1258808 kB
MemTotal:        1844596 kB
MemFree:          214644 kB
MemAvailable:    1451360 kB
Buffers:           85348 kB
Cached:          1258808 kB
MemTotal:        1844596 kB
MemFree:          214896 kB
MemAvailable:    1451612 kB
Buffers:           85348 kB
Cached:          1258808 kB
MemTotal:        1844596 kB
MemFree:          214520 kB
MemAvailable:    1451236 kB
Buffers:           85348 kB
Cached:          1258808 kB
MemTotal:        1844596 kB
MemFree:          214700 kB
MemAvailable:    1451416 kB
Buffers:           85348 kB
Cached:          1258808 kB
MemTotal:        1844596 kB
MemFree:          214620 kB
MemAvailable:    1451336 kB
Buffers:           85348 kB
Cached:          1258808 kB
MemTotal:        1844596 kB
MemFree:          214872 kB
MemAvailable:    1451588 kB
Buffers:           85348 kB
Cached:          1258808 kB
MemTotal:        1844596 kB
MemFree:          214548 kB
MemAvailable:    1451264 kB
Buffers:           85348 kB
Cached:          1258808 kB
MemTotal:        1844596 kB
MemFree:          214452 kB
MemAvailable:    1451168 kB
Buffers:           85348 kB
Cached:          1258808 kB
MemTotal:        1844596 kB
MemFree:          214424 kB
MemAvailable:    1451140 kB
Buffers:           85348 kB
Cached:          1258808 kB
MemTotal:        1844596 kB
MemFree:          214760 kB
MemAvailable:    1451476 kB
Buffers:           85348 kB
Cached:          1258808 kB
MemTotal:        1844596 kB
MemFree:          214568 kB
MemAvailable:    1451284 kB
Buffers:           85348 kB
Cached:          1258808 kB
MemTotal:        1844596 kB
MemFree:          214496 kB
MemAvailable:    1451212 kB
Buffers:           85348 kB
Cached:          1258808 kB
MemTotal:        1844596 kB
MemFree:          214452 kB
MemAvailable:    1451168 kB
Buffers:           85348 kB
Cached:          1258808 kB
MemTotal:        1844596 kB
MemFree:          213280 kB
MemAvailable:    1449996 kB
Buffers:           85348 kB
Cached:          1258808 kB
MemTotal:        1844596 kB
MemFree:          214388 kB
MemAvailable:    1451104 kB
Buffers:           85348 kB
Cached:          1258808 kB
MemTotal:        1844596 kB
MemFree:          214196 kB
MemAvailable:    1450912 kB
Buffers:           85348 kB
Cached:          1258808 kB
MemTotal:        1844596 kB
MemFree:          213940 kB
MemAvailable:    1450656 kB
Buffers:           85348 kB
Cached:          1258808 kB
MemTotal:        1844596 kB
MemFree:          214276 kB
MemAvailable:    1450992 kB
Buffers:           85348 kB
Cached:          1258808 kB
MemTotal:        1844596 kB
MemFree:          214256 kB
MemAvailable:    1450972 kB
Buffers:           85348 kB
Cached:          1258808 kB
MemTotal:        1844596 kB
MemFree:          214264 kB
MemAvailable:    1450980 kB
Buffers:           85348 kB
Cached:          1258808 kB
MemTotal:        1844596 kB
MemFree:          214516 kB
MemAvailable:    1451232 kB
Buffers:           85348 kB
Cached:          1258808 kB
MemTotal:        1844596 kB
MemFree:          214516 kB
MemAvailable:    1451232 kB
Buffers:           85348 kB
Cached:          1258808 kB
MemTotal:        1844596 kB
MemFree:          214072 kB
MemAvailable:    1450788 kB
Buffers:           85348 kB
Cached:          1258808 kB
MemTotal:        1844596 kB
MemFree:          214412 kB
MemAvailable:    1451128 kB
Buffers:           85348 kB
Cached:          1258808 kB
MemTotal:        1844596 kB
MemFree:          214328 kB
MemAvailable:    1451044 kB
Buffers:           85348 kB
Cached:          1258808 kB
MemTotal:        1844596 kB
MemFree:          214328 kB
MemAvailable:    1451044 kB
Buffers:           85348 kB
Cached:          1258808 kB
MemTotal:        1844596 kB
MemFree:          214396 kB
MemAvailable:    1451112 kB
Buffers:           85348 kB
Cached:          1258808 kB
MemTotal:        1844596 kB
MemFree:          212916 kB
MemAvailable:    1449632 kB
Buffers:           85348 kB
Cached:          1258808 kB
MemTotal:        1844596 kB
MemFree:          214216 kB
MemAvailable:    1450932 kB
Buffers:           85348 kB
Cached:          1258808 kB
MemTotal:        1844596 kB
MemFree:          213460 kB
MemAvailable:    1450176 kB
Buffers:           85348 kB
Cached:          1258808 kB
MemTotal:        1844596 kB
MemFree:          214136 kB
MemAvailable:    1450852 kB
Buffers:           85348 kB
Cached:          1258808 kB
MemTotal:        1844596 kB
MemFree:          214136 kB
MemAvailable:    1450852 kB
Buffers:           85348 kB
Cached:          1258808 kB
MemTotal:        1844596 kB
MemFree:          213032 kB
MemAvailable:    1449748 kB
Buffers:           85348 kB
Cached:          1258808 kB
MemTotal:        1844596 kB
MemFree:          214460 kB
MemAvailable:    1451176 kB
Buffers:           85348 kB
Cached:          1258808 kB
MemTotal:        1844596 kB
MemFree:          214244 kB
MemAvailable:    1450960 kB
Buffers:           85348 kB
Cached:          1258808 kB
MemTotal:        1844596 kB
MemFree:          214348 kB
MemAvailable:    1451076 kB
Buffers:           85348 kB
Cached:          1258820 kB
MemTotal:        1844596 kB
MemFree:          212964 kB
MemAvailable:    1449692 kB
Buffers:           85348 kB
Cached:          1258820 kB
MemTotal:        1844596 kB
MemFree:          212956 kB
MemAvailable:    1449684 kB
Buffers:           85348 kB
Cached:          1258820 kB
MemTotal:        1844596 kB
MemFree:          212956 kB
MemAvailable:    1449684 kB
Buffers:           85348 kB
Cached:          1258820 kB
MemTotal:        1844596 kB
MemFree:          214148 kB
MemAvailable:    1450876 kB
Buffers:           85348 kB
Cached:          1258820 kB
MemTotal:        1844596 kB
MemFree:          214148 kB
MemAvailable:    1450876 kB
Buffers:           85348 kB
Cached:          1258820 kB
MemTotal:        1844596 kB
MemFree:          212840 kB
MemAvailable:    1449568 kB
Buffers:           85348 kB
Cached:          1258820 kB
MemTotal:        1844596 kB
MemFree:          214108 kB
MemAvailable:    1450836 kB
Buffers:           85348 kB
Cached:          1258820 kB
MemTotal:        1844596 kB
MemFree:          214108 kB
MemAvailable:    1450836 kB
Buffers:           85348 kB
Cached:          1258820 kB
MemTotal:        1844596 kB
MemFree:          214184 kB
MemAvailable:    1450912 kB
Buffers:           85348 kB
Cached:          1258820 kB
MemTotal:        1844596 kB
MemFree:          214212 kB
MemAvailable:    1450940 kB
Buffers:           85348 kB
Cached:          1258820 kB
MemTotal:        1844596 kB
MemFree:          214216 kB
MemAvailable:    1450944 kB
Buffers:           85348 kB
Cached:          1258820 kB
MemTotal:        1844596 kB
MemFree:          214212 kB
MemAvailable:    1450940 kB
Buffers:           85348 kB
Cached:          1258820 kB
MemTotal:        1844596 kB
MemFree:          214268 kB
MemAvailable:    1450996 kB
Buffers:           85348 kB
Cached:          1258820 kB
MemTotal:        1844596 kB
MemFree:          214272 kB
MemAvailable:    1451000 kB
Buffers:           85348 kB
Cached:          1258820 kB
MemTotal:        1844596 kB
MemFree:          213452 kB
MemAvailable:    1450180 kB
Buffers:           85348 kB
Cached:          1258820 kB
MemTotal:        1844596 kB
MemFree:          213584 kB
MemAvailable:    1450316 kB
Buffers:           85348 kB
Cached:          1258824 kB
MemTotal:        1844596 kB
MemFree:          214436 kB
MemAvailable:    1451168 kB
Buffers:           85348 kB
Cached:          1258824 kB
MemTotal:        1844596 kB
MemFree:          214204 kB
MemAvailable:    1450936 kB
Buffers:           85348 kB
Cached:          1258824 kB
MemTotal:        1844596 kB
MemFree:          214244 kB
MemAvailable:    1450976 kB
Buffers:           85348 kB
Cached:          1258824 kB
MemTotal:        1844596 kB
MemFree:          214204 kB
MemAvailable:    1450936 kB
Buffers:           85348 kB
Cached:          1258824 kB
MemTotal:        1844596 kB
MemFree:          214048 kB
MemAvailable:    1450780 kB
Buffers:           85348 kB
Cached:          1258824 kB
MemTotal:        1844596 kB
MemFree:          214132 kB
MemAvailable:    1450864 kB
Buffers:           85348 kB
Cached:          1258824 kB
MemTotal:        1844596 kB
MemFree:          214108 kB
MemAvailable:    1450840 kB
Buffers:           85348 kB
Cached:          1258824 kB
MemTotal:        1844596 kB
MemFree:          214328 kB
MemAvailable:    1451060 kB
Buffers:           85348 kB
Cached:          1258824 kB
MemTotal:        1844596 kB
MemFree:          214184 kB
MemAvailable:    1450916 kB
Buffers:           85348 kB
Cached:          1258824 kB
MemTotal:        1844596 kB
MemFree:          214440 kB
MemAvailable:    1451172 kB
Buffers:           85348 kB
Cached:          1258824 kB
MemTotal:        1844596 kB
MemFree:          212904 kB
MemAvailable:    1449636 kB
Buffers:           85348 kB
Cached:          1258824 kB
MemTotal:        1844596 kB
MemFree:          214352 kB
MemAvailable:    1451084 kB
Buffers:           85348 kB
Cached:          1258824 kB
MemTotal:        1844596 kB
MemFree:          213824 kB
MemAvailable:    1450556 kB
Buffers:           85348 kB
Cached:          1258824 kB
MemTotal:        1844596 kB
MemFree:          214128 kB
MemAvailable:    1450860 kB
Buffers:           85348 kB
Cached:          1258824 kB
MemTotal:        1844596 kB
MemFree:          214380 kB
MemAvailable:    1451112 kB
Buffers:           85348 kB
Cached:          1258824 kB
MemTotal:        1844596 kB
MemFree:          214376 kB
MemAvailable:    1451108 kB
Buffers:           85348 kB
Cached:          1258824 kB
MemTotal:        1844596 kB
MemFree:          213316 kB
MemAvailable:    1450048 kB
Buffers:           85348 kB
Cached:          1258824 kB
MemTotal:        1844596 kB
MemFree:          213068 kB
MemAvailable:    1449800 kB
Buffers:           85348 kB
Cached:          1258824 kB
MemTotal:        1844596 kB
MemFree:          213144 kB
MemAvailable:    1449876 kB
Buffers:           85348 kB
Cached:          1258824 kB
MemTotal:        1844596 kB
MemFree:          213020 kB
MemAvailable:    1449752 kB
Buffers:           85348 kB
Cached:          1258824 kB
MemTotal:        1844596 kB
MemFree:          214304 kB
MemAvailable:    1451036 kB
Buffers:           85348 kB
Cached:          1258824 kB
MemTotal:        1844596 kB
MemFree:          212848 kB
MemAvailable:    1449580 kB
Buffers:           85348 kB
Cached:          1258824 kB
MemTotal:        1844596 kB
MemFree:          212584 kB
MemAvailable:    1449316 kB
Buffers:           85348 kB
Cached:          1258824 kB
MemTotal:        1844596 kB
MemFree:          213760 kB
MemAvailable:    1450492 kB
Buffers:           85348 kB
Cached:          1258824 kB
MemTotal:        1844596 kB
MemFree:          213588 kB
MemAvailable:    1450320 kB
Buffers:           85348 kB
Cached:          1258824 kB
MemTotal:        1844596 kB
MemFree:          212716 kB
MemAvailable:    1449448 kB
Buffers:           85348 kB
Cached:          1258824 kB
MemTotal:        1844596 kB
MemFree:          212468 kB
MemAvailable:    1449204 kB
Buffers:           85348 kB
Cached:          1258828 kB
MemTotal:        1844596 kB
MemFree:          213644 kB
MemAvailable:    1450380 kB
Buffers:           85348 kB
Cached:          1258828 kB
MemTotal:        1844596 kB
MemFree:          213396 kB
MemAvailable:    1450132 kB
Buffers:           85348 kB
Cached:          1258828 kB
MemTotal:        1844596 kB
MemFree:          213396 kB
MemAvailable:    1450216 kB
Buffers:           85348 kB
Cached:          1258828 kB
MemTotal:        1844596 kB
MemFree:          213624 kB
MemAvailable:    1450360 kB
Buffers:           85348 kB
Cached:          1258828 kB
MemTotal:        1844596 kB
MemFree:          213584 kB
MemAvailable:    1450320 kB
Buffers:           85348 kB
Cached:          1258828 kB
MemTotal:        1844596 kB
MemFree:          212272 kB
MemAvailable:    1449008 kB
Buffers:           85348 kB
Cached:          1258828 kB
MemTotal:        1844596 kB
MemFree:          213616 kB
MemAvailable:    1450352 kB
Buffers:           85348 kB
Cached:          1258828 kB
MemTotal:        1844596 kB
MemFree:          213396 kB
MemAvailable:    1450132 kB
Buffers:           85348 kB
Cached:          1258828 kB
MemTotal:        1844596 kB
MemFree:          213396 kB
MemAvailable:    1450132 kB
Buffers:           85348 kB
Cached:          1258828 kB
MemTotal:        1844596 kB
MemFree:          213624 kB
MemAvailable:    1450360 kB
Buffers:           85348 kB
Cached:          1258828 kB
MemTotal:        1844596 kB
MemFree:          212572 kB
MemAvailable:    1449308 kB
Buffers:           85348 kB
Cached:          1258828 kB
MemTotal:        1844596 kB
MemFree:          212324 kB
MemAvailable:    1449060 kB
Buffers:           85348 kB
Cached:          1258828 kB
MemTotal:        1844596 kB
MemFree:          213384 kB
MemAvailable:    1450120 kB
Buffers:           85348 kB
Cached:          1258828 kB
MemTotal:        1844596 kB
MemFree:          213384 kB
MemAvailable:    1450120 kB
Buffers:           85348 kB
Cached:          1258828 kB
MemTotal:        1844596 kB
MemFree:          213524 kB
MemAvailable:    1450260 kB
Buffers:           85348 kB
Cached:          1258828 kB
MemTotal:        1844596 kB
MemFree:          213592 kB
MemAvailable:    1450328 kB
Buffers:           85348 kB
Cached:          1258828 kB
MemTotal:        1844596 kB
MemFree:          213380 kB
MemAvailable:    1450116 kB
Buffers:           85348 kB
Cached:          1258828 kB
MemTotal:        1844596 kB
MemFree:          213576 kB
MemAvailable:    1450312 kB
Buffers:           85348 kB
Cached:          1258828 kB
MemTotal:        1844596 kB
MemFree:          213704 kB
MemAvailable:    1450440 kB
Buffers:           85348 kB
Cached:          1258828 kB
MemTotal:        1844596 kB
MemFree:          213272 kB
MemAvailable:    1450008 kB
Buffers:           85348 kB
Cached:          1258828 kB
MemTotal:        1844596 kB
MemFree:          213608 kB
MemAvailable:    1450344 kB
Buffers:           85348 kB
Cached:          1258828 kB
MemTotal:        1844596 kB
MemFree:          213616 kB
MemAvailable:    1450352 kB
Buffers:           85348 kB
Cached:          1258828 kB
MemTotal:        1844596 kB
MemFree:          212580 kB
MemAvailable:    1449316 kB
Buffers:           85348 kB
Cached:          1258828 kB
MemTotal:        1844596 kB
MemFree:          213432 kB
MemAvailable:    1450168 kB
Buffers:           85348 kB
Cached:          1258828 kB
MemTotal:        1844596 kB
MemFree:          213684 kB
MemAvailable:    1450420 kB
Buffers:           85348 kB
Cached:          1258828 kB
MemTotal:        1844596 kB
MemFree:          213624 kB
MemAvailable:    1450360 kB
Buffers:           85348 kB
Cached:          1258828 kB
MemTotal:        1844596 kB
MemFree:          213584 kB
MemAvailable:    1450320 kB
Buffers:           85348 kB
Cached:          1258828 kB
MemTotal:        1844596 kB
MemFree:          212840 kB
MemAvailable:    1449576 kB
Buffers:           85348 kB
Cached:          1258828 kB
MemTotal:        1844596 kB
MemFree:          213308 kB
MemAvailable:    1450044 kB
Buffers:           85348 kB
Cached:          1258828 kB
MemTotal:        1844596 kB
MemFree:          213644 kB
MemAvailable:    1450380 kB
Buffers:           85348 kB
Cached:          1258828 kB
MemTotal:        1844596 kB
MemFree:          212324 kB
MemAvailable:    1449060 kB
Buffers:           85348 kB
Cached:          1258828 kB
MemTotal:        1844596 kB
MemFree:          212428 kB
MemAvailable:    1449168 kB
Buffers:           85348 kB
Cached:          1258832 kB
MemTotal:        1844596 kB
MemFree:          212296 kB
MemAvailable:    1449036 kB
Buffers:           85348 kB
Cached:          1258832 kB
MemTotal:        1844596 kB
MemFree:          213452 kB
MemAvailable:    1450192 kB
Buffers:           85348 kB
Cached:          1258832 kB
MemTotal:        1844596 kB
MemFree:          213592 kB
MemAvailable:    1450332 kB
Buffers:           85348 kB
Cached:          1258832 kB
MemTotal:        1844596 kB
MemFree:          213080 kB
MemAvailable:    1449820 kB
Buffers:           85348 kB
Cached:          1258832 kB
MemTotal:        1844596 kB
MemFree:          212672 kB
MemAvailable:    1449412 kB
Buffers:           85348 kB
Cached:          1258832 kB
MemTotal:        1844596 kB
MemFree:          213956 kB
MemAvailable:    1450696 kB
Buffers:           85348 kB
Cached:          1258832 kB
MemTotal:        1844596 kB
MemFree:          213560 kB
MemAvailable:    1450300 kB
Buffers:           85348 kB
Cached:          1258832 kB
MemTotal:        1844596 kB
MemFree:          213644 kB
MemAvailable:    1450384 kB
Buffers:           85348 kB
Cached:          1258832 kB
MemTotal:        1844596 kB
MemFree:          213312 kB
MemAvailable:    1450052 kB
Buffers:           85348 kB
Cached:          1258832 kB
MemTotal:        1844596 kB
MemFree:          213372 kB
MemAvailable:    1450112 kB
Buffers:           85348 kB
Cached:          1258832 kB
MemTotal:        1844596 kB
MemFree:          213632 kB
MemAvailable:    1450372 kB
Buffers:           85348 kB
Cached:          1258832 kB
MemTotal:        1844596 kB
MemFree:          213460 kB
MemAvailable:    1450200 kB
Buffers:           85348 kB
Cached:          1258832 kB
MemTotal:        1844596 kB
MemFree:          213528 kB
MemAvailable:    1450268 kB
Buffers:           85348 kB
Cached:          1258832 kB
MemTotal:        1844596 kB
MemFree:          213460 kB
MemAvailable:    1450200 kB
Buffers:           85348 kB
Cached:          1258832 kB
MemTotal:        1844596 kB
MemFree:          213624 kB
MemAvailable:    1450364 kB
Buffers:           85348 kB
Cached:          1258832 kB
MemTotal:        1844596 kB
MemFree:          213584 kB
MemAvailable:    1450324 kB
Buffers:           85348 kB
Cached:          1258832 kB
MemTotal:        1844596 kB
MemFree:          213212 kB
MemAvailable:    1449952 kB
Buffers:           85348 kB
Cached:          1258832 kB
MemTotal:        1844596 kB
MemFree:          213268 kB
MemAvailable:    1450008 kB
Buffers:           85348 kB
Cached:          1258832 kB
MemTotal:        1844596 kB
MemFree:          212156 kB
MemAvailable:    1448896 kB
Buffers:           85348 kB
Cached:          1258832 kB
MemTotal:        1844596 kB
MemFree:          213520 kB
MemAvailable:    1450260 kB
Buffers:           85348 kB
Cached:          1258832 kB
MemTotal:        1844596 kB
MemFree:          213520 kB
MemAvailable:    1450260 kB
Buffers:           85348 kB
Cached:          1258832 kB
MemTotal:        1844596 kB
MemFree:          212420 kB
MemAvailable:    1449160 kB
Buffers:           85348 kB
Cached:          1258832 kB
MemTotal:        1844596 kB
MemFree:          213472 kB
MemAvailable:    1450212 kB
Buffers:           85348 kB
Cached:          1258832 kB
MemTotal:        1844596 kB
MemFree:          213592 kB
MemAvailable:    1450332 kB
Buffers:           85348 kB
Cached:          1258832 kB
MemTotal:        1844596 kB
MemFree:          212840 kB
MemAvailable:    1449580 kB
Buffers:           85348 kB
Cached:          1258832 kB
MemTotal:        1844596 kB
MemFree:          213400 kB
MemAvailable:    1450140 kB
Buffers:           85348 kB
Cached:          1258832 kB
MemTotal:        1844596 kB
MemFree:          213656 kB
MemAvailable:    1450396 kB
Buffers:           85348 kB
Cached:          1258832 kB
MemTotal:        1844596 kB
MemFree:          213452 kB
MemAvailable:    1450192 kB
Buffers:           85348 kB
Cached:          1258832 kB
MemTotal:        1844596 kB
MemFree:          213788 kB
MemAvailable:    1450528 kB
Buffers:           85348 kB
Cached:          1258832 kB
MemTotal:        1844596 kB
MemFree:          212172 kB
MemAvailable:    1448912 kB
Buffers:           85348 kB
Cached:          1258832 kB
MemTotal:        1844596 kB
MemFree:          213464 kB
MemAvailable:    1450204 kB
Buffers:           85348 kB
Cached:          1258832 kB
MemTotal:        1844596 kB
MemFree:          213596 kB
MemAvailable:    1450336 kB
Buffers:           85348 kB
Cached:          1258832 kB
MemTotal:        1844596 kB
MemFree:          213572 kB
MemAvailable:    1450312 kB
Buffers:           85348 kB
Cached:          1258832 kB
MemTotal:        1844596 kB
MemFree:          212964 kB
MemAvailable:    1449704 kB
Buffers:           85348 kB
Cached:          1258832 kB
MemTotal:        1844596 kB
MemFree:          213692 kB
MemAvailable:    1450432 kB
Buffers:           85348 kB
Cached:          1258832 kB
MemTotal:        1844596 kB
MemFree:          213692 kB
MemAvailable:    1450432 kB
Buffers:           85348 kB
Cached:          1258832 kB
MemTotal:        1844596 kB
MemFree:          213440 kB
MemAvailable:    1450180 kB
Buffers:           85348 kB
Cached:          1258832 kB
MemTotal:        1844596 kB
MemFree:          213696 kB
MemAvailable:    1450436 kB
Buffers:           85348 kB
Cached:          1258832 kB
MemTotal:        1844596 kB
MemFree:          213584 kB
MemAvailable:    1450324 kB
Buffers:           85348 kB
Cached:          1258832 kB
MemTotal:        1844596 kB
MemFree:          213384 kB
MemAvailable:    1450124 kB
Buffers:           85348 kB
Cached:          1258832 kB
MemTotal:        1844596 kB
MemFree:          212400 kB
MemAvailable:    1449140 kB
Buffers:           85348 kB
Cached:          1258832 kB
MemTotal:        1844596 kB
MemFree:          212444 kB
MemAvailable:    1449184 kB
Buffers:           85348 kB
Cached:          1258832 kB
MemTotal:        1844596 kB
MemFree:          213604 kB
MemAvailable:    1450344 kB
Buffers:           85348 kB
Cached:          1258832 kB
MemTotal:        1844596 kB
MemFree:          213644 kB
MemAvailable:    1450384 kB
Buffers:           85348 kB
Cached:          1258832 kB
MemTotal:        1844596 kB
MemFree:          212716 kB
MemAvailable:    1449456 kB
Buffers:           85348 kB
Cached:          1258832 kB
MemTotal:        1844596 kB
MemFree:          213400 kB
MemAvailable:    1450140 kB
Buffers:           85348 kB
Cached:          1258832 kB
MemTotal:        1844596 kB
MemFree:          213656 kB
MemAvailable:    1450396 kB
Buffers:           85348 kB
Cached:          1258832 kB
MemTotal:        1844596 kB
MemFree:          213628 kB
MemAvailable:    1450368 kB
Buffers:           85348 kB
Cached:          1258832 kB
MemTotal:        1844596 kB
MemFree:          212840 kB
MemAvailable:    1449580 kB
Buffers:           85348 kB
Cached:          1258832 kB
MemTotal:        1844596 kB
MemFree:          213308 kB
MemAvailable:    1450048 kB
Buffers:           85348 kB
Cached:          1258832 kB
MemTotal:        1844596 kB
MemFree:          213644 kB
MemAvailable:    1450384 kB
Buffers:           85348 kB
Cached:          1258832 kB
MemTotal:        1844596 kB
MemFree:          213512 kB
MemAvailable:    1450252 kB
Buffers:           85348 kB
Cached:          1258832 kB
MemTotal:        1844596 kB
MemFree:          212344 kB
MemAvailable:    1449084 kB
Buffers:           85348 kB
Cached:          1258832 kB
MemTotal:        1844596 kB
MemFree:          212212 kB
MemAvailable:    1448952 kB
Buffers:           85348 kB
Cached:          1258832 kB
MemTotal:        1844596 kB
MemFree:          213452 kB
MemAvailable:    1450192 kB
Buffers:           85348 kB
Cached:          1258832 kB
MemTotal:        1844596 kB
MemFree:          213704 kB
MemAvailable:    1450444 kB
Buffers:           85348 kB
Cached:          1258832 kB
MemTotal:        1844596 kB
MemFree:          213272 kB
MemAvailable:    1450012 kB
Buffers:           85348 kB
Cached:          1258832 kB
MemTotal:        1844596 kB
MemFree:          212716 kB
MemAvailable:    1449456 kB
Buffers:           85348 kB
Cached:          1258832 kB
MemTotal:        1844596 kB
MemFree:          213460 kB
MemAvailable:    1450200 kB
Buffers:           85348 kB
Cached:          1258832 kB
MemTotal:        1844596 kB
MemFree:          212840 kB
MemAvailable:    1449580 kB
Buffers:           85348 kB
Cached:          1258832 kB
MemTotal:        1844596 kB
MemFree:          213584 kB
MemAvailable:    1450324 kB
Buffers:           85348 kB
Cached:          1258832 kB
MemTotal:        1844596 kB
MemFree:          213304 kB
MemAvailable:    1450044 kB
Buffers:           85348 kB
Cached:          1258832 kB
MemTotal:        1844596 kB
MemFree:          213640 kB
MemAvailable:    1450380 kB
Buffers:           85348 kB
Cached:          1258832 kB
MemTotal:        1844596 kB
MemFree:          212156 kB
MemAvailable:    1448896 kB
Buffers:           85348 kB
Cached:          1258832 kB
MemTotal:        1844596 kB
MemFree:          212272 kB
MemAvailable:    1449012 kB
Buffers:           85348 kB
Cached:          1258832 kB
MemTotal:        1844596 kB
MemFree:          213448 kB
MemAvailable:    1450188 kB
Buffers:           85348 kB
Cached:          1258832 kB
MemTotal:        1844596 kB
MemFree:          213384 kB
MemAvailable:    1450124 kB
Buffers:           85348 kB
Cached:          1258832 kB
MemTotal:        1844596 kB
MemFree:          213536 kB
MemAvailable:    1450276 kB
Buffers:           85348 kB
Cached:          1258832 kB
MemTotal:        1844596 kB
MemFree:          212220 kB
MemAvailable:    1448960 kB
Buffers:           85348 kB
Cached:          1258832 kB
MemTotal:        1844596 kB
MemFree:          213320 kB
MemAvailable:    1450060 kB
Buffers:           85348 kB
Cached:          1258832 kB
MemTotal:        1844596 kB
MemFree:          213404 kB
MemAvailable:    1450144 kB
Buffers:           85348 kB
Cached:          1258832 kB
MemTotal:        1844596 kB
MemFree:          213496 kB
MemAvailable:    1450236 kB
Buffers:           85348 kB
Cached:          1258832 kB
MemTotal:        1844596 kB
MemFree:          213668 kB
MemAvailable:    1450408 kB
Buffers:           85348 kB
Cached:          1258832 kB
MemTotal:        1844596 kB
MemFree:          213272 kB
MemAvailable:    1450012 kB
Buffers:           85348 kB
Cached:          1258832 kB
MemTotal:        1844596 kB
MemFree:          213608 kB
MemAvailable:    1450348 kB
Buffers:           85348 kB
Cached:          1258832 kB
MemTotal:        1844596 kB
MemFree:          212180 kB
MemAvailable:    1448920 kB
Buffers:           85348 kB
Cached:          1258832 kB
MemTotal:        1844596 kB
MemFree:          213408 kB
MemAvailable:    1450156 kB
Buffers:           85348 kB
Cached:          1258840 kB
MemTotal:        1844596 kB
MemFree:          213664 kB
MemAvailable:    1450412 kB
Buffers:           85348 kB
Cached:          1258840 kB
MemTotal:        1844596 kB
MemFree:          212344 kB
MemAvailable:    1449092 kB
Buffers:           85348 kB
Cached:          1258840 kB
MemTotal:        1844596 kB
MemFree:          213576 kB
MemAvailable:    1450324 kB
Buffers:           85348 kB
Cached:          1258840 kB
MemTotal:        1844596 kB
MemFree:          213716 kB
MemAvailable:    1450464 kB
Buffers:           85348 kB
Cached:          1258840 kB
MemTotal:        1844596 kB
MemFree:          212840 kB
MemAvailable:    1449588 kB
Buffers:           85348 kB
Cached:          1258840 kB
MemTotal:        1844596 kB
MemFree:          213700 kB
MemAvailable:    1450448 kB
Buffers:           85348 kB
Cached:          1258840 kB
MemTotal:        1844596 kB
MemFree:          213592 kB
MemAvailable:    1450340 kB
Buffers:           85348 kB
Cached:          1258840 kB
MemTotal:        1844596 kB
MemFree:          213380 kB
MemAvailable:    1450128 kB
Buffers:           85348 kB
Cached:          1258840 kB
MemTotal:        1844596 kB
MemFree:          213404 kB
MemAvailable:    1450152 kB
Buffers:           85348 kB
Cached:          1258840 kB
MemTotal:        1844596 kB
MemFree:          213468 kB
MemAvailable:    1450216 kB
Buffers:           85348 kB
Cached:          1258840 kB
MemTotal:        1844596 kB
MemFree:          212172 kB
MemAvailable:    1448920 kB
Buffers:           85348 kB
Cached:          1258840 kB
MemTotal:        1844596 kB
MemFree:          213444 kB
MemAvailable:    1450192 kB
Buffers:           85348 kB
Cached:          1258840 kB
MemTotal:        1844596 kB
MemFree:          213212 kB
MemAvailable:    1449960 kB
Buffers:           85348 kB
Cached:          1258840 kB
MemTotal:        1844596 kB
MemFree:          213632 kB
MemAvailable:    1450380 kB
Buffers:           85348 kB
Cached:          1258840 kB
MemTotal:        1844596 kB
MemFree:          213320 kB
MemAvailable:    1450068 kB
Buffers:           85348 kB
Cached:          1258840 kB
MemTotal:        1844596 kB
MemFree:          213660 kB
MemAvailable:    1450408 kB
Buffers:           85348 kB
Cached:          1258840 kB
MemTotal:        1844596 kB
MemFree:          213572 kB
MemAvailable:    1450320 kB
Buffers:           85348 kB
Cached:          1258840 kB
MemTotal:        1844596 kB
MemFree:          213460 kB
MemAvailable:    1450208 kB
Buffers:           85348 kB
Cached:          1258840 kB
MemTotal:        1844596 kB
MemFree:          212716 kB
MemAvailable:    1449464 kB
Buffers:           85348 kB
Cached:          1258840 kB
MemTotal:        1844596 kB
MemFree:          214012 kB
MemAvailable:    1450764 kB
Buffers:           85348 kB
Cached:          1258844 kB
MemTotal:        1844596 kB
MemFree:          213956 kB
MemAvailable:    1450708 kB
Buffers:           85348 kB
Cached:          1258844 kB
MemTotal:        1844596 kB
MemFree:          212708 kB
MemAvailable:    1449460 kB
Buffers:           85348 kB
Cached:          1258844 kB
MemTotal:        1844596 kB
MemFree:          212584 kB
MemAvailable:    1449336 kB
Buffers:           85348 kB
Cached:          1258844 kB
MemTotal:        1844596 kB
MemFree:          212584 kB
MemAvailable:    1449336 kB
Buffers:           85348 kB
Cached:          1258844 kB
MemTotal:        1844596 kB
MemFree:          212568 kB
MemAvailable:    1449320 kB
Buffers:           85348 kB
Cached:          1258844 kB
MemTotal:        1844596 kB
MemFree:          213768 kB
MemAvailable:    1450520 kB
Buffers:           85348 kB
Cached:          1258844 kB
MemTotal:        1844596 kB
MemFree:          213648 kB
MemAvailable:    1450400 kB
Buffers:           85348 kB
Cached:          1258844 kB
MemTotal:        1844596 kB
MemFree:          213592 kB
MemAvailable:    1450344 kB
Buffers:           85348 kB
Cached:          1258844 kB
MemTotal:        1844596 kB
MemFree:          213700 kB
MemAvailable:    1450452 kB
Buffers:           85348 kB
Cached:          1258844 kB
MemTotal:        1844596 kB
MemFree:          213840 kB
MemAvailable:    1450592 kB
Buffers:           85348 kB
Cached:          1258844 kB
MemTotal:        1844596 kB
MemFree:          213660 kB
MemAvailable:    1450412 kB
Buffers:           85348 kB
Cached:          1258844 kB
MemTotal:        1844596 kB
MemFree:          213716 kB
MemAvailable:    1450468 kB
Buffers:           85348 kB
Cached:          1258844 kB
MemTotal:        1844596 kB
MemFree:          213088 kB
MemAvailable:    1449840 kB
Buffers:           85348 kB
Cached:          1258844 kB
MemTotal:        1844596 kB
MemFree:          213648 kB
MemAvailable:    1450400 kB
Buffers:           85348 kB
Cached:          1258844 kB
MemTotal:        1844596 kB
MemFree:          213900 kB
MemAvailable:    1450652 kB
Buffers:           85348 kB
Cached:          1258844 kB
MemTotal:        1844596 kB
MemFree:          213832 kB
MemAvailable:    1450584 kB
Buffers:           85348 kB
Cached:          1258844 kB
MemTotal:        1844596 kB
MemFree:          213712 kB
MemAvailable:    1450464 kB
Buffers:           85348 kB
Cached:          1258844 kB
MemTotal:        1844596 kB
MemFree:          213088 kB
MemAvailable:    1449840 kB
Buffers:           85348 kB
Cached:          1258844 kB
MemTotal:        1844596 kB
MemFree:          213556 kB
MemAvailable:    1450308 kB
Buffers:           85348 kB
Cached:          1258844 kB
MemTotal:        1844596 kB
MemFree:          213892 kB
MemAvailable:    1450644 kB
Buffers:           85348 kB
Cached:          1258844 kB
MemTotal:        1844596 kB
MemFree:          213648 kB
MemAvailable:    1450400 kB
Buffers:           85348 kB
Cached:          1258844 kB
MemTotal:        1844596 kB
MemFree:          213892 kB
MemAvailable:    1450644 kB
Buffers:           85348 kB
Cached:          1258844 kB
MemTotal:        1844596 kB
MemFree:          213220 kB
MemAvailable:    1449972 kB
Buffers:           85348 kB
Cached:          1258844 kB
MemTotal:        1844596 kB
MemFree:          214008 kB
MemAvailable:    1450764 kB
Buffers:           85348 kB
Cached:          1258848 kB
MemTotal:        1844596 kB
MemFree:          213684 kB
MemAvailable:    1450440 kB
Buffers:           85348 kB
Cached:          1258848 kB
MemTotal:        1844596 kB
MemFree:          213212 kB
MemAvailable:    1449968 kB
Buffers:           85348 kB
Cached:          1258848 kB
MemTotal:        1844596 kB
MemFree:          213696 kB
MemAvailable:    1450452 kB
Buffers:           85348 kB
Cached:          1258848 kB
MemTotal:        1844596 kB
MemFree:          213644 kB
MemAvailable:    1450400 kB
Buffers:           85348 kB
Cached:          1258848 kB
MemTotal:        1844596 kB
