MemTotal:        1844596 kB
MemFree:          388316 kB
MemAvailable:    1550520 kB
Buffers:           86460 kB
Cached:          1183112 kB
MemTotal:        1844596 kB
MemFree:          386952 kB
MemAvailable:    1549156 kB
Buffers:           86460 kB
Cached:          1183112 kB
MemTotal:        1844596 kB
MemFree:          387192 kB
MemAvailable:    1549396 kB
Buffers:           86460 kB
Cached:          1183112 kB
MemTotal:        1844596 kB
MemFree:          387084 kB
MemAvailable:    1549288 kB
Buffers:           86460 kB
Cached:          1183112 kB
MemTotal:        1844596 kB
MemFree:          384788 kB
MemAvailable:    1546992 kB
Buffers:           86460 kB
Cached:          1183112 kB
MemTotal:        1844596 kB
MemFree:          384616 kB
MemAvailable:    1546820 kB
Buffers:           86460 kB
Cached:          1183112 kB
MemTotal:        1844596 kB
MemFree:          382116 kB
MemAvailable:    1544320 kB
Buffers:           86460 kB
Cached:          1183112 kB
MemTotal:        1844596 kB
MemFree:          380512 kB
MemAvailable:    1542716 kB
Buffers:           86460 kB
Cached:          1183112 kB
MemTotal:        1844596 kB
MemFree:          377164 kB
MemAvailable:    1539368 kB
Buffers:           86460 kB
Cached:          1183112 kB
MemTotal:        1844596 kB
MemFree:          375056 kB
MemAvailable:    1537260 kB
Buffers:           86460 kB
Cached:          1183112 kB
MemTotal:        1844596 kB
MemFree:          374808 kB
MemAvailable:    1537012 kB
Buffers:           86460 kB
Cached:          1183112 kB
MemTotal:        1844596 kB
MemFree:          376108 kB
MemAvailable:    1538312 kB
Buffers:           86460 kB
Cached:          1183112 kB
MemTotal:        1844596 kB
MemFree:          375428 kB
MemAvailable:    1537632 kB
Buffers:           86460 kB
Cached:          1183112 kB
MemTotal:        1844596 kB
MemFree:          375856 kB
MemAvailable:    1538060 kB
Buffers:           86460 kB
Cached:          1183112 kB
MemTotal:        1844596 kB
MemFree:          376108 kB
MemAvailable:    1538312 kB
Buffers:           86460 kB
Cached:          1183112 kB
MemTotal:        1844596 kB
MemFree:          375868 kB
MemAvailable:    1538072 kB
Buffers:           86460 kB
Cached:          1183112 kB
MemTotal:        1844596 kB
MemFree:          375672 kB
MemAvailable:    1537876 kB
Buffers:           86460 kB
Cached:          1183112 kB
MemTotal:        1844596 kB
MemFree:          374364 kB
MemAvailable:    1536568 kB
Buffers:           86460 kB
Cached:          1183112 kB
MemTotal:        1844596 kB
MemFree:          374428 kB
MemAvailable:    1536632 kB
Buffers:           86460 kB
Cached:          1183112 kB
MemTotal:        1844596 kB
MemFree:          375344 kB
MemAvailable:    1537548 kB
Buffers:           86460 kB
Cached:          1183112 kB
MemTotal:        1844596 kB
MemFree:          374168 kB
MemAvailable:    1536372 kB
Buffers:           86460 kB
Cached:          1183112 kB
MemTotal:        1844596 kB
MemFree:          373752 kB
MemAvailable:    1535956 kB
Buffers:           86460 kB
Cached:          1183112 kB
MemTotal:        1844596 kB
MemFree:          372436 kB
MemAvailable:    1534640 kB
Buffers:           86460 kB
Cached:          1183112 kB
MemTotal:        1844596 kB
MemFree:          372444 kB
MemAvailable:    1534648 kB
Buffers:           86460 kB
Cached:          1183112 kB
MemTotal:        1844596 kB
MemFree:          373612 kB
MemAvailable:    1535816 kB
Buffers:           86460 kB
Cached:          1183112 kB
MemTotal:        1844596 kB
MemFree:          373800 kB
MemAvailable:    1536004 kB
Buffers:           86460 kB
Cached:          1183112 kB
MemTotal:        1844596 kB
MemFree:          373196 kB
MemAvailable:    1535400 kB
Buffers:           86460 kB
Cached:          1183112 kB
MemTotal:        1844596 kB
MemFree:          373248 kB
MemAvailable:    1535452 kB
Buffers:           86460 kB
Cached:          1183112 kB
MemTotal:        1844596 kB
MemFree:          373584 kB
MemAvailable:    1535788 kB
Buffers:           86460 kB
Cached:          1183112 kB
MemTotal:        1844596 kB
MemFree:          372268 kB
MemAvailable:    1534472 kB
Buffers:           86460 kB
Cached:          1183112 kB
MemTotal:        1844596 kB
MemFree:          372824 kB
MemAvailable:    1535028 kB
Buffers:           86460 kB
Cached:          1183112 kB
MemTotal:        1844596 kB
MemFree:          373312 kB
MemAvailable:    1535520 kB
Buffers:           86460 kB
Cached:          1183116 kB
MemTotal:        1844596 kB
MemFree:          373568 kB
MemAvailable:    1535776 kB
Buffers:           86460 kB
Cached:          1183116 kB
MemTotal:        1844596 kB
MemFree:          372748 kB
MemAvailable:    1534956 kB
Buffers:           86460 kB
Cached:          1183116 kB
MemTotal:        1844596 kB
MemFree:          369856 kB
MemAvailable:    1532064 kB
Buffers:           86460 kB
Cached:          1183116 kB
MemTotal:        1844596 kB
MemFree:          369024 kB
MemAvailable:    1531236 kB
Buffers:           86460 kB
Cached:          1183120 kB
MemTotal:        1844596 kB
MemFree:          367608 kB
MemAvailable:    1529820 kB
Buffers:           86460 kB
Cached:          1183120 kB
MemTotal:        1844596 kB
MemFree:          367352 kB
MemAvailable:    1529564 kB
Buffers:           86460 kB
Cached:          1183120 kB
MemTotal:        1844596 kB
MemFree:          367740 kB
MemAvailable:    1529952 kB
Buffers:           86460 kB
Cached:          1183120 kB
MemTotal:        1844596 kB
MemFree:          367328 kB
MemAvailable:    1529540 kB
Buffers:           86460 kB
Cached:          1183120 kB
MemTotal:        1844596 kB
MemFree:          367320 kB
MemAvailable:    1529532 kB
Buffers:           86460 kB
Cached:          1183120 kB
MemTotal:        1844596 kB
MemFree:          368488 kB
MemAvailable:    1530700 kB
Buffers:           86460 kB
Cached:          1183120 kB
MemTotal:        1844596 kB
MemFree:          367616 kB
MemAvailable:    1529828 kB
Buffers:           86460 kB
Cached:          1183120 kB
MemTotal:        1844596 kB
MemFree:          368040 kB
MemAvailable:    1530252 kB
Buffers:           86460 kB
Cached:          1183120 kB
MemTotal:        1844596 kB
MemFree:          368376 kB
MemAvailable:    1530588 kB
Buffers:           86460 kB
Cached:          1183120 kB
MemTotal:        1844596 kB
MemFree:          366808 kB
MemAvailable:    1529020 kB
Buffers:           86460 kB
Cached:          1183120 kB
MemTotal:        1844596 kB
MemFree:          366748 kB
MemAvailable:    1528960 kB
Buffers:           86460 kB
Cached:          1183120 kB
MemTotal:        1844596 kB
MemFree:          366368 kB
MemAvailable:    1528580 kB
Buffers:           86460 kB
Cached:          1183120 kB
MemTotal:        1844596 kB
MemFree:          367600 kB
MemAvailable:    1529812 kB
Buffers:           86460 kB
Cached:          1183120 kB
MemTotal:        1844596 kB
MemFree:          366196 kB
MemAvailable:    1528408 kB
Buffers:           86460 kB
Cached:          1183120 kB
MemTotal:        1844596 kB
MemFree:          366188 kB
MemAvailable:    1528400 kB
Buffers:           86460 kB
Cached:          1183120 kB
MemTotal:        1844596 kB
MemFree:          366004 kB
MemAvailable:    1528216 kB
Buffers:           86460 kB
Cached:          1183120 kB
MemTotal:        1844596 kB
MemFree:          366244 kB
MemAvailable:    1528456 kB
Buffers:           86460 kB
Cached:          1183120 kB
MemTotal:        1844596 kB
MemFree:          365872 kB
MemAvailable:    1528084 kB
Buffers:           86460 kB
Cached:          1183120 kB
MemTotal:        1844596 kB
MemFree:          365576 kB
MemAvailable:    1527788 kB
Buffers:           86460 kB
Cached:          1183120 kB
MemTotal:        1844596 kB
MemFree:          365700 kB
MemAvailable:    1527912 kB
Buffers:           86460 kB
Cached:          1183120 kB
MemTotal:        1844596 kB
MemFree:          367064 kB
MemAvailable:    1529276 kB
Buffers:           86460 kB
Cached:          1183120 kB
MemTotal:        1844596 kB
MemFree:          366260 kB
MemAvailable:    1528472 kB
Buffers:           86460 kB
Cached:          1183120 kB
MemTotal:        1844596 kB
MemFree:          366692 kB
MemAvailable:    1528904 kB
Buffers:           86460 kB
Cached:          1183120 kB
MemTotal:        1844596 kB
MemFree:          367028 kB
MemAvailable:    1529240 kB
Buffers:           86460 kB
Cached:          1183120 kB
MemTotal:        1844596 kB
MemFree:          365632 kB
MemAvailable:    1527844 kB
Buffers:           86460 kB
Cached:          1183120 kB
MemTotal:        1844596 kB
MemFree:          365624 kB
MemAvailable:    1527836 kB
Buffers:           86460 kB
Cached:          1183120 kB
MemTotal:        1844596 kB
MemFree:          366988 kB
MemAvailable:    1529200 kB
Buffers:           86460 kB
Cached:          1183120 kB
MemTotal:        1844596 kB
MemFree:          361160 kB
MemAvailable:    1523372 kB
Buffers:           86460 kB
Cached:          1183120 kB
MemTotal:        1844596 kB
MemFree:          360556 kB
MemAvailable:    1522768 kB
Buffers:           86460 kB
Cached:          1183120 kB
MemTotal:        1844596 kB
MemFree:          360840 kB
MemAvailable:    1523052 kB
Buffers:           86460 kB
Cached:          1183120 kB
MemTotal:        1844596 kB
MemFree:          360800 kB
MemAvailable:    1523012 kB
Buffers:           86460 kB
Cached:          1183120 kB
MemTotal:        1844596 kB
MemFree:          359432 kB
MemAvailable:    1521644 kB
Buffers:           86460 kB
Cached:          1183120 kB
MemTotal:        1844596 kB
MemFree:          359432 kB
MemAvailable:    1521644 kB
Buffers:           86460 kB
Cached:          1183120 kB
MemTotal:        1844596 kB
MemFree:          358936 kB
MemAvailable:    1521148 kB
Buffers:           86460 kB
Cached:          1183120 kB
MemTotal:        1844596 kB
MemFree:          358936 kB
MemAvailable:    1521148 kB
Buffers:           86460 kB
Cached:          1183120 kB
MemTotal:        1844596 kB
MemFree:          358804 kB
MemAvailable:    1521016 kB
Buffers:           86460 kB
Cached:          1183120 kB
MemTotal:        1844596 kB
MemFree:          360292 kB
MemAvailable:    1522504 kB
Buffers:           86460 kB
Cached:          1183120 kB
MemTotal:        1844596 kB
MemFree:          358192 kB
MemAvailable:    1520404 kB
Buffers:           86460 kB
Cached:          1183120 kB
MemTotal:        1844596 kB
MemFree:          359244 kB
MemAvailable:    1521456 kB
Buffers:           86460 kB
Cached:          1183120 kB
MemTotal:        1844596 kB
MemFree:          358556 kB
MemAvailable:    1520768 kB
Buffers:           86460 kB
Cached:          1183120 kB
MemTotal:        1844596 kB
MemFree:          358448 kB
MemAvailable:    1520660 kB
Buffers:           86460 kB
Cached:          1183120 kB
MemTotal:        1844596 kB
MemFree:          357068 kB
MemAvailable:    1519280 kB
Buffers:           86460 kB
Cached:          1183120 kB
MemTotal:        1844596 kB
MemFree:          356952 kB
MemAvailable:    1519164 kB
Buffers:           86460 kB
Cached:          1183120 kB
MemTotal:        1844596 kB
MemFree:          357656 kB
MemAvailable:    1519868 kB
Buffers:           86460 kB
Cached:          1183120 kB
MemTotal:        1844596 kB
MemFree:          356456 kB
MemAvailable:    1518668 kB
Buffers:           86460 kB
Cached:          1183120 kB
MemTotal:        1844596 kB
MemFree:          356208 kB
MemAvailable:    1518424 kB
Buffers:           86460 kB
Cached:          1183124 kB
MemTotal:        1844596 kB
MemFree:          357572 kB
MemAvailable:    1519788 kB
Buffers:           86460 kB
Cached:          1183124 kB
MemTotal:        1844596 kB
MemFree:          357136 kB
MemAvailable:    1519352 kB
Buffers:           86460 kB
Cached:          1183124 kB
MemTotal:        1844596 kB
MemFree:          357388 kB
MemAvailable:    1519604 kB
Buffers:           86460 kB
Cached:          1183124 kB
MemTotal:        1844596 kB
MemFree:          355948 kB
MemAvailable:    1518164 kB
Buffers:           86460 kB
Cached:          1183124 kB
MemTotal:        1844596 kB
MemFree:          357240 kB
MemAvailable:    1519456 kB
Buffers:           86460 kB
Cached:          1183124 kB
MemTotal:        1844596 kB
MemFree:          357168 kB
MemAvailable:    1519384 kB
Buffers:           86460 kB
Cached:          1183124 kB
MemTotal:        1844596 kB
MemFree:          357400 kB
MemAvailable:    1519616 kB
Buffers:           86460 kB
Cached:          1183124 kB
MemTotal:        1844596 kB
MemFree:          355904 kB
MemAvailable:    1518120 kB
Buffers:           86460 kB
Cached:          1183124 kB
MemTotal:        1844596 kB
MemFree:          355904 kB
MemAvailable:    1518120 kB
Buffers:           86460 kB
Cached:          1183124 kB
MemTotal:        1844596 kB
MemFree:          356152 kB
MemAvailable:    1518368 kB
Buffers:           86460 kB
Cached:          1183124 kB
MemTotal:        1844596 kB
MemFree:          357448 kB
MemAvailable:    1519664 kB
Buffers:           86460 kB
Cached:          1183124 kB
MemTotal:        1844596 kB
MemFree:          357384 kB
MemAvailable:    1519600 kB
Buffers:           86460 kB
Cached:          1183124 kB
MemTotal:        1844596 kB
MemFree:          356884 kB
MemAvailable:    1519100 kB
Buffers:           86460 kB
Cached:          1183124 kB
MemTotal:        1844596 kB
MemFree:          355844 kB
MemAvailable:    1518060 kB
Buffers:           86460 kB
Cached:          1183124 kB
MemTotal:        1844596 kB
MemFree:          356068 kB
MemAvailable:    1518288 kB
Buffers:           86460 kB
Cached:          1183128 kB
MemTotal:        1844596 kB
MemFree:          356196 kB
MemAvailable:    1518416 kB
Buffers:           86460 kB
Cached:          1183128 kB
MemTotal:        1844596 kB
MemFree:          355572 kB
MemAvailable:    1517792 kB
Buffers:           86460 kB
Cached:          1183128 kB
MemTotal:        1844596 kB
MemFree:          355572 kB
MemAvailable:    1517792 kB
Buffers:           86460 kB
Cached:          1183128 kB
MemTotal:        1844596 kB
MemFree:          355468 kB
MemAvailable:    1517688 kB
Buffers:           86460 kB
Cached:          1183128 kB
MemTotal:        1844596 kB
MemFree:          354284 kB
MemAvailable:    1516504 kB
Buffers:           86460 kB
Cached:          1183128 kB
MemTotal:        1844596 kB
MemFree:          353852 kB
MemAvailable:    1516072 kB
Buffers:           86460 kB
Cached:          1183128 kB
MemTotal:        1844596 kB
MemFree:          354780 kB
MemAvailable:    1517000 kB
Buffers:           86460 kB
Cached:          1183128 kB
MemTotal:        1844596 kB
MemFree:          354648 kB
MemAvailable:    1516868 kB
Buffers:           86460 kB
Cached:          1183128 kB
MemTotal:        1844596 kB
MemFree:          353432 kB
MemAvailable:    1515652 kB
Buffers:           86460 kB
Cached:          1183128 kB
MemTotal:        1844596 kB
MemFree:          354708 kB
MemAvailable:    1516928 kB
Buffers:           86460 kB
Cached:          1183128 kB
MemTotal:        1844596 kB
MemFree:          353844 kB
MemAvailable:    1516064 kB
Buffers:           86460 kB
Cached:          1183128 kB
MemTotal:        1844596 kB
MemFree:          354608 kB
MemAvailable:    1516828 kB
Buffers:           86460 kB
Cached:          1183128 kB
MemTotal:        1844596 kB
MemFree:          354656 kB
MemAvailable:    1516876 kB
Buffers:           86460 kB
Cached:          1183128 kB
MemTotal:        1844596 kB
MemFree:          353308 kB
MemAvailable:    1515528 kB
Buffers:           86460 kB
Cached:          1183128 kB
MemTotal:        1844596 kB
MemFree:          352976 kB
MemAvailable:    1515196 kB
Buffers:           86460 kB
Cached:          1183128 kB
MemTotal:        1844596 kB
MemFree:          352720 kB
MemAvailable:    1514940 kB
Buffers:           86460 kB
Cached:          1183128 kB
MemTotal:        1844596 kB
MemFree:          353056 kB
MemAvailable:    1515276 kB
Buffers:           86460 kB
Cached:          1183128 kB
MemTotal:        1844596 kB
MemFree:          348448 kB
MemAvailable:    1510668 kB
Buffers:           86460 kB
Cached:          1183128 kB
MemTotal:        1844596 kB
MemFree:          346288 kB
MemAvailable:    1508508 kB
Buffers:           86460 kB
Cached:          1183128 kB
MemTotal:        1844596 kB
MemFree:          344056 kB
MemAvailable:    1506276 kB
Buffers:           86460 kB
Cached:          1183128 kB
MemTotal:        1844596 kB
MemFree:          345288 kB
MemAvailable:    1507508 kB
Buffers:           86460 kB
Cached:          1183128 kB
MemTotal:        1844596 kB
MemFree:          344676 kB
MemAvailable:    1506896 kB
Buffers:           86460 kB
Cached:          1183128 kB
MemTotal:        1844596 kB
MemFree:          343428 kB
MemAvailable:    1505648 kB
Buffers:           86460 kB
Cached:          1183128 kB
MemTotal:        1844596 kB
MemFree:          343512 kB
MemAvailable:    1505732 kB
Buffers:           86460 kB
Cached:          1183128 kB
MemTotal:        1844596 kB
MemFree:          344200 kB
MemAvailable:    1506420 kB
Buffers:           86460 kB
Cached:          1183128 kB
MemTotal:        1844596 kB
MemFree:          342940 kB
MemAvailable:    1505160 kB
Buffers:           86460 kB
Cached:          1183128 kB
MemTotal:        1844596 kB
MemFree:          343172 kB
MemAvailable:    1505392 kB
Buffers:           86460 kB
Cached:          1183128 kB
MemTotal:        1844596 kB
MemFree:          343508 kB
MemAvailable:    1505728 kB
Buffers:           86460 kB
Cached:          1183128 kB
MemTotal:        1844596 kB
MemFree:          342924 kB
MemAvailable:    1505144 kB
Buffers:           86460 kB
Cached:          1183128 kB
MemTotal:        1844596 kB
MemFree:          342924 kB
MemAvailable:    1505144 kB
Buffers:           86460 kB
Cached:          1183128 kB
MemTotal:        1844596 kB
MemFree:          342928 kB
MemAvailable:    1505148 kB
Buffers:           86460 kB
Cached:          1183128 kB
MemTotal:        1844596 kB
MemFree:          342816 kB
MemAvailable:    1505036 kB
Buffers:           86460 kB
Cached:          1183128 kB
MemTotal:        1844596 kB
MemFree:          341676 kB
MemAvailable:    1503896 kB
Buffers:           86460 kB
Cached:          1183128 kB
MemTotal:        1844596 kB
MemFree:          341700 kB
MemAvailable:    1503920 kB
Buffers:           86460 kB
Cached:          1183128 kB
MemTotal:        1844596 kB
MemFree:          341568 kB
MemAvailable:    1503788 kB
Buffers:           86460 kB
Cached:          1183128 kB
MemTotal:        1844596 kB
MemFree:          341528 kB
MemAvailable:    1503748 kB
Buffers:           86460 kB
Cached:          1183128 kB
MemTotal:        1844596 kB
MemFree:          341528 kB
MemAvailable:    1503748 kB
Buffers:           86460 kB
Cached:          1183128 kB
MemTotal:        1844596 kB
MemFree:          342928 kB
MemAvailable:    1505148 kB
Buffers:           86460 kB
Cached:          1183128 kB
MemTotal:        1844596 kB
MemFree:          341516 kB
MemAvailable:    1503736 kB
Buffers:           86460 kB
Cached:          1183128 kB
MemTotal:        1844596 kB
MemFree:          342880 kB
MemAvailable:    1505100 kB
Buffers:           86460 kB
Cached:          1183128 kB
MemTotal:        1844596 kB
MemFree:          341560 kB
MemAvailable:    1503780 kB
Buffers:           86460 kB
Cached:          1183128 kB
MemTotal:        1844596 kB
MemFree:          341636 kB
MemAvailable:    1503856 kB
Buffers:           86460 kB
Cached:          1183128 kB
MemTotal:        1844596 kB
MemFree:          342676 kB
MemAvailable:    1504896 kB
Buffers:           86460 kB
Cached:          1183128 kB
MemTotal:        1844596 kB
MemFree:          342928 kB
MemAvailable:    1505148 kB
Buffers:           86460 kB
Cached:          1183128 kB
MemTotal:        1844596 kB
MemFree:          341380 kB
MemAvailable:    1503600 kB
Buffers:           86460 kB
Cached:          1183128 kB
MemTotal:        1844596 kB
MemFree:          337600 kB
MemAvailable:    1499820 kB
Buffers:           86460 kB
Cached:          1183128 kB
MemTotal:        1844596 kB
MemFree:          335624 kB
MemAvailable:    1497844 kB
Buffers:           86460 kB
Cached:          1183128 kB
MemTotal:        1844596 kB
MemFree:          331904 kB
MemAvailable:    1494124 kB
Buffers:           86460 kB
Cached:          1183128 kB
MemTotal:        1844596 kB
MemFree:          331120 kB
MemAvailable:    1493340 kB
Buffers:           86460 kB
Cached:          1183128 kB
MemTotal:        1844596 kB
MemFree:          330036 kB
MemAvailable:    1492256 kB
Buffers:           86460 kB
Cached:          1183128 kB
MemTotal:        1844596 kB
MemFree:          330832 kB
MemAvailable:    1493052 kB
Buffers:           86460 kB
Cached:          1183128 kB
MemTotal:        1844596 kB
MemFree:          329516 kB
MemAvailable:    1491736 kB
Buffers:           86460 kB
Cached:          1183128 kB
MemTotal:        1844596 kB
MemFree:          330652 kB
MemAvailable:    1492872 kB
Buffers:           86460 kB
Cached:          1183128 kB
MemTotal:        1844596 kB
MemFree:          330176 kB
MemAvailable:    1492396 kB
Buffers:           86460 kB
Cached:          1183128 kB
MemTotal:        1844596 kB
MemFree:          330524 kB
MemAvailable:    1492744 kB
Buffers:           86460 kB
Cached:          1183128 kB
MemTotal:        1844596 kB
MemFree:          330776 kB
MemAvailable:    1492996 kB
Buffers:           86460 kB
Cached:          1183128 kB
MemTotal:        1844596 kB
MemFree:          330704 kB
MemAvailable:    1492924 kB
Buffers:           86460 kB
Cached:          1183128 kB
MemTotal:        1844596 kB
MemFree:          330476 kB
MemAvailable:    1492696 kB
Buffers:           86460 kB
Cached:          1183128 kB
MemTotal:        1844596 kB
MemFree:          329416 kB
MemAvailable:    1491636 kB
Buffers:           86460 kB
Cached:          1183128 kB
MemTotal:        1844596 kB
MemFree:          329884 kB
MemAvailable:    1492104 kB
Buffers:           86460 kB
Cached:          1183128 kB
MemTotal:        1844596 kB
MemFree:          330220 kB
MemAvailable:    1492440 kB
Buffers:           86460 kB
Cached:          1183128 kB
MemTotal:        1844596 kB
MemFree:          330268 kB
MemAvailable:    1492488 kB
Buffers:           86460 kB
Cached:          1183128 kB
MemTotal:        1844596 kB
MemFree:          329548 kB
MemAvailable:    1491768 kB
Buffers:           86460 kB
Cached:          1183128 kB
MemTotal:        1844596 kB
MemFree:          329996 kB
MemAvailable:    1492220 kB
Buffers:           86460 kB
Cached:          1183132 kB
MemTotal:        1844596 kB
MemFree:          330332 kB
MemAvailable:    1492556 kB
Buffers:           86460 kB
Cached:          1183132 kB
MemTotal:        1844596 kB
MemFree:          330120 kB
MemAvailable:    1492344 kB
Buffers:           86460 kB
Cached:          1183132 kB
MemTotal:        1844596 kB
MemFree:          330120 kB
MemAvailable:    1492344 kB
Buffers:           86460 kB
Cached:          1183132 kB
MemTotal:        1844596 kB
MemFree:          328880 kB
MemAvailable:    1491104 kB
Buffers:           86460 kB
Cached:          1183132 kB
MemTotal:        1844596 kB
MemFree:          330236 kB
MemAvailable:    1492460 kB
Buffers:           86460 kB
Cached:          1183132 kB
MemTotal:        1844596 kB
MemFree:          329976 kB
MemAvailable:    1492200 kB
Buffers:           86460 kB
Cached:          1183132 kB
MemTotal:        1844596 kB
MemFree:          329920 kB
MemAvailable:    1492144 kB
Buffers:           86460 kB
Cached:          1183132 kB
MemTotal:        1844596 kB
MemFree:          330156 kB
MemAvailable:    1492380 kB
Buffers:           86460 kB
Cached:          1183132 kB
MemTotal:        1844596 kB
MemFree:          329904 kB
MemAvailable:    1492128 kB
Buffers:           86460 kB
Cached:          1183132 kB
MemTotal:        1844596 kB
MemFree:          330244 kB
MemAvailable:    1492468 kB
Buffers:           86460 kB
Cached:          1183132 kB
MemTotal:        1844596 kB
MemFree:          330024 kB
MemAvailable:    1492248 kB
Buffers:           86460 kB
Cached:          1183132 kB
MemTotal:        1844596 kB
MemFree:          330280 kB
MemAvailable:    1492504 kB
Buffers:           86460 kB
Cached:          1183132 kB
MemTotal:        1844596 kB
MemFree:          329904 kB
MemAvailable:    1492128 kB
Buffers:           86460 kB
Cached:          1183132 kB
MemTotal:        1844596 kB
MemFree:          329988 kB
MemAvailable:    1492212 kB
Buffers:           86460 kB
Cached:          1183132 kB
MemTotal:        1844596 kB
MemFree:          329152 kB
MemAvailable:    1491376 kB
Buffers:           86460 kB
Cached:          1183132 kB
MemTotal:        1844596 kB
MemFree:          329004 kB
MemAvailable:    1491228 kB
Buffers:           86460 kB
Cached:          1183132 kB
MemTotal:        1844596 kB
MemFree:          330240 kB
MemAvailable:    1492464 kB
Buffers:           86460 kB
Cached:          1183132 kB
MemTotal:        1844596 kB
MemFree:          329548 kB
MemAvailable:    1491772 kB
Buffers:           86460 kB
Cached:          1183132 kB
MemTotal:        1844596 kB
MemFree:          327556 kB
MemAvailable:    1489788 kB
Buffers:           86460 kB
Cached:          1183140 kB
MemTotal:        1844596 kB
MemFree:          324524 kB
MemAvailable:    1486756 kB
Buffers:           86460 kB
Cached:          1183140 kB
MemTotal:        1844596 kB
MemFree:          319860 kB
MemAvailable:    1482092 kB
Buffers:           86460 kB
Cached:          1183140 kB
MemTotal:        1844596 kB
MemFree:          319752 kB
MemAvailable:    1481984 kB
Buffers:           86460 kB
Cached:          1183140 kB
MemTotal:        1844596 kB
MemFree:          319792 kB
MemAvailable:    1482024 kB
Buffers:           86460 kB
Cached:          1183140 kB
MemTotal:        1844596 kB
MemFree:          319752 kB
MemAvailable:    1481984 kB
Buffers:           86460 kB
Cached:          1183140 kB
MemTotal:        1844596 kB
MemFree:          319132 kB
MemAvailable:    1481364 kB
Buffers:           86460 kB
Cached:          1183140 kB
MemTotal:        1844596 kB
MemFree:          319488 kB
MemAvailable:    1481720 kB
Buffers:           86460 kB
Cached:          1183140 kB
MemTotal:        1844596 kB
MemFree:          319824 kB
MemAvailable:    1482056 kB
Buffers:           86460 kB
Cached:          1183140 kB
MemTotal:        1844596 kB
MemFree:          319680 kB
MemAvailable:    1481912 kB
Buffers:           86460 kB
Cached:          1183140 kB
MemTotal:        1844596 kB
MemFree:          318636 kB
MemAvailable:    1480868 kB
Buffers:           86460 kB
Cached:          1183140 kB
MemTotal:        1844596 kB
MemFree:          319856 kB
MemAvailable:    1482088 kB
Buffers:           86460 kB
Cached:          1183140 kB
MemTotal:        1844596 kB
MemFree:          319328 kB
MemAvailable:    1481560 kB
Buffers:           86460 kB
Cached:          1183140 kB
MemTotal:        1844596 kB
MemFree:          318388 kB
MemAvailable:    1480620 kB
Buffers:           86460 kB
Cached:          1183140 kB
MemTotal:        1844596 kB
MemFree:          319688 kB
MemAvailable:    1481920 kB
Buffers:           86460 kB
Cached:          1183140 kB
MemTotal:        1844596 kB
MemFree:          319132 kB
MemAvailable:    1481364 kB
Buffers:           86460 kB
Cached:          1183140 kB
MemTotal:        1844596 kB
MemFree:          319600 kB
MemAvailable:    1481832 kB
Buffers:           86460 kB
Cached:          1183140 kB
MemTotal:        1844596 kB
MemFree:          319852 kB
MemAvailable:    1482084 kB
Buffers:           86460 kB
Cached:          1183140 kB
MemTotal:        1844596 kB
MemFree:          319504 kB
MemAvailable:    1481736 kB
Buffers:           86460 kB
Cached:          1183140 kB
MemTotal:        1844596 kB
MemFree:          318140 kB
MemAvailable:    1480372 kB
Buffers:           86460 kB
Cached:          1183140 kB
MemTotal:        1844596 kB
MemFree:          317396 kB
MemAvailable:    1479628 kB
Buffers:           86460 kB
Cached:          1183140 kB
MemTotal:        1844596 kB
MemFree:          317996 kB
MemAvailable:    1480228 kB
Buffers:           86460 kB
Cached:          1183140 kB
MemTotal:        1844596 kB
MemFree:          316528 kB
MemAvailable:    1478760 kB
Buffers:           86460 kB
Cached:          1183140 kB
MemTotal:        1844596 kB
MemFree:          317532 kB
MemAvailable:    1479764 kB
Buffers:           86460 kB
Cached:          1183140 kB
MemTotal:        1844596 kB
MemFree:          316652 kB
MemAvailable:    1478884 kB
Buffers:           86460 kB
Cached:          1183140 kB
MemTotal:        1844596 kB
MemFree:          317460 kB
MemAvailable:    1479692 kB
Buffers:           86460 kB
Cached:          1183140 kB
MemTotal:        1844596 kB
MemFree:          317712 kB
MemAvailable:    1479944 kB
Buffers:           86460 kB
Cached:          1183140 kB
MemTotal:        1844596 kB
MemFree:          316232 kB
MemAvailable:    1478464 kB
Buffers:           86460 kB
Cached:          1183140 kB
MemTotal:        1844596 kB
MemFree:          317680 kB
MemAvailable:    1479912 kB
Buffers:           86460 kB
Cached:          1183140 kB
MemTotal:        1844596 kB
MemFree:          317024 kB
MemAvailable:    1479256 kB
Buffers:           86460 kB
Cached:          1183140 kB
MemTotal:        1844596 kB
MemFree:          317216 kB
MemAvailable:    1479452 kB
Buffers:           86460 kB
Cached:          1183144 kB
MemTotal:        1844596 kB
MemFree:          317552 kB
MemAvailable:    1479788 kB
Buffers:           86460 kB
Cached:          1183144 kB
MemTotal:        1844596 kB
MemFree:          317340 kB
MemAvailable:    1479576 kB
Buffers:           86460 kB
Cached:          1183144 kB
MemTotal:        1844596 kB
MemFree:          317596 kB
MemAvailable:    1479832 kB
Buffers:           86460 kB
Cached:          1183144 kB
MemTotal:        1844596 kB
MemFree:          316100 kB
MemAvailable:    1478336 kB
Buffers:           86460 kB
Cached:          1183144 kB
MemTotal:        1844596 kB
MemFree:          317632 kB
MemAvailable:    1479868 kB
Buffers:           86460 kB
Cached:          1183144 kB
MemTotal:        1844596 kB
MemFree:          316892 kB
MemAvailable:    1479128 kB
Buffers:           86460 kB
Cached:          1183144 kB
MemTotal:        1844596 kB
MemFree:          317348 kB
MemAvailable:    1479584 kB
Buffers:           86460 kB
Cached:          1183144 kB
MemTotal:        1844596 kB
MemFree:          317684 kB
MemAvailable:    1479920 kB
Buffers:           86460 kB
Cached:          1183144 kB
MemTotal:        1844596 kB
MemFree:          317464 kB
MemAvailable:    1479700 kB
Buffers:           86460 kB
Cached:          1183144 kB
MemTotal:        1844596 kB
MemFree:          317464 kB
MemAvailable:    1479700 kB
Buffers:           86460 kB
Cached:          1183144 kB
MemTotal:        1844596 kB
MemFree:          316348 kB
MemAvailable:    1478584 kB
Buffers:           86460 kB
Cached:          1183144 kB
MemTotal:        1844596 kB
MemFree:          316596 kB
MemAvailable:    1478832 kB
Buffers:           86460 kB
Cached:          1183144 kB
MemTotal:        1844596 kB
MemFree:          316348 kB
MemAvailable:    1478584 kB
Buffers:           86460 kB
Cached:          1183144 kB
MemTotal:        1844596 kB
MemFree:          317708 kB
MemAvailable:    1479944 kB
Buffers:           86460 kB
Cached:          1183144 kB
MemTotal:        1844596 kB
MemFree:          316080 kB
MemAvailable:    1478316 kB
Buffers:           86460 kB
Cached:          1183144 kB
MemTotal:        1844596 kB
MemFree:          316212 kB
MemAvailable:    1478448 kB
Buffers:           86460 kB
Cached:          1183144 kB
MemTotal:        1844596 kB
MemFree:          316248 kB
MemAvailable:    1478484 kB
Buffers:           86460 kB
Cached:          1183144 kB
MemTotal:        1844596 kB
MemFree:          316372 kB
MemAvailable:    1478608 kB
Buffers:           86460 kB
Cached:          1183144 kB
MemTotal:        1844596 kB
MemFree:          313288 kB
MemAvailable:    1475524 kB
Buffers:           86460 kB
Cached:          1183144 kB
MemTotal:        1844596 kB
MemFree:          313180 kB
MemAvailable:    1475416 kB
Buffers:           86460 kB
Cached:          1183144 kB
MemTotal:        1844596 kB
MemFree:          308396 kB
MemAvailable:    1470632 kB
Buffers:           86460 kB
Cached:          1183144 kB
MemTotal:        1844596 kB
MemFree:          305484 kB
MemAvailable:    1467720 kB
Buffers:           86460 kB
Cached:          1183144 kB
MemTotal:        1844596 kB
MemFree:          305484 kB
MemAvailable:    1467720 kB
Buffers:           86460 kB
Cached:          1183144 kB
MemTotal:        1844596 kB
MemFree:          304872 kB
MemAvailable:    1467108 kB
Buffers:           86460 kB
Cached:          1183144 kB
MemTotal:        1844596 kB
MemFree:          304676 kB
MemAvailable:    1466912 kB
Buffers:           86460 kB
Cached:          1183144 kB
MemTotal:        1844596 kB
MemFree:          303756 kB
MemAvailable:    1465992 kB
Buffers:           86460 kB
Cached:          1183144 kB
MemTotal:        1844596 kB
MemFree:          304348 kB
MemAvailable:    1466584 kB
Buffers:           86460 kB
Cached:          1183144 kB
MemTotal:        1844596 kB
MemFree:          304600 kB
MemAvailable:    1466836 kB
Buffers:           86460 kB
Cached:          1183144 kB
MemTotal:        1844596 kB
MemFree:          304380 kB
MemAvailable:    1466616 kB
Buffers:           86460 kB
Cached:          1183144 kB
MemTotal:        1844596 kB
MemFree:          304356 kB
MemAvailable:    1466592 kB
Buffers:           86460 kB
Cached:          1183144 kB
MemTotal:        1844596 kB
MemFree:          303632 kB
MemAvailable:    1465868 kB
Buffers:           86460 kB
Cached:          1183144 kB
MemTotal:        1844596 kB
MemFree:          303988 kB
MemAvailable:    1466224 kB
Buffers:           86460 kB
Cached:          1183144 kB
MemTotal:        1844596 kB
MemFree:          304324 kB
MemAvailable:    1466560 kB
Buffers:           86460 kB
Cached:          1183144 kB
MemTotal:        1844596 kB
MemFree:          304112 kB
MemAvailable:    1466348 kB
Buffers:           86460 kB
Cached:          1183144 kB
MemTotal:        1844596 kB
MemFree:          304364 kB
MemAvailable:    1466600 kB
Buffers:           86460 kB
Cached:          1183144 kB
MemTotal:        1844596 kB
MemFree:          304128 kB
MemAvailable:    1466364 kB
Buffers:           86460 kB
Cached:          1183144 kB
MemTotal:        1844596 kB
MemFree:          304120 kB
MemAvailable:    1466356 kB
Buffers:           86460 kB
Cached:          1183144 kB
MemTotal:        1844596 kB
MemFree:          304372 kB
MemAvailable:    1466608 kB
Buffers:           86460 kB
Cached:          1183144 kB
MemTotal:        1844596 kB
MemFree:          302840 kB
MemAvailable:    1465076 kB
Buffers:           86460 kB
Cached:          1183144 kB
MemTotal:        1844596 kB
MemFree:          304252 kB
MemAvailable:    1466488 kB
Buffers:           86460 kB
Cached:          1183144 kB
MemTotal:        1844596 kB
MemFree:          303508 kB
MemAvailable:    1465744 kB
Buffers:           86460 kB
Cached:          1183144 kB
MemTotal:        1844596 kB
MemFree:          304060 kB
MemAvailable:    1466296 kB
Buffers:           86460 kB
Cached:          1183144 kB
MemTotal:        1844596 kB
MemFree:          304312 kB
MemAvailable:    1466548 kB
Buffers:           86460 kB
Cached:          1183144 kB
MemTotal:        1844596 kB
MemFree:          304124 kB
MemAvailable:    1466360 kB
Buffers:           86460 kB
Cached:          1183144 kB
MemTotal:        1844596 kB
MemFree:          303976 kB
MemAvailable:    1466212 kB
Buffers:           86460 kB
Cached:          1183144 kB
MemTotal:        1844596 kB
MemFree:          304232 kB
MemAvailable:    1466468 kB
Buffers:           86460 kB
Cached:          1183144 kB
MemTotal:        1844596 kB
MemFree:          304156 kB
MemAvailable:    1466392 kB
Buffers:           86460 kB
Cached:          1183144 kB
MemTotal:        1844596 kB
MemFree:          302988 kB
MemAvailable:    1465224 kB
Buffers:           86460 kB
Cached:          1183144 kB
MemTotal:        1844596 kB
MemFree:          304004 kB
MemAvailable:    1466116 kB
Buffers:           86460 kB
Cached:          1183144 kB
MemTotal:        1844596 kB
MemFree:          303976 kB
MemAvailable:    1466212 kB
Buffers:           86460 kB
Cached:          1183144 kB
MemTotal:        1844596 kB
MemFree:          304312 kB
MemAvailable:    1466548 kB
Buffers:           86460 kB
Cached:          1183144 kB
MemTotal:        1844596 kB
MemFree:          302632 kB
MemAvailable:    1464872 kB
Buffers:           86460 kB
Cached:          1183148 kB
MemTotal:        1844596 kB
MemFree:          302764 kB
MemAvailable:    1465004 kB
Buffers:           86460 kB
Cached:          1183148 kB
MemTotal:        1844596 kB
MemFree:          302392 kB
MemAvailable:    1464632 kB
Buffers:           86460 kB
Cached:          1183148 kB
MemTotal:        1844596 kB
MemFree:          302384 kB
MemAvailable:    1464624 kB
Buffers:           86460 kB
Cached:          1183148 kB
MemTotal:        1844596 kB
MemFree:          303236 kB
MemAvailable:    1465476 kB
Buffers:           86460 kB
Cached:          1183148 kB
MemTotal:        1844596 kB
MemFree:          302888 kB
MemAvailable:    1465128 kB
Buffers:           86460 kB
Cached:          1183148 kB
MemTotal:        1844596 kB
MemFree:          303308 kB
MemAvailable:    1465548 kB
Buffers:           86460 kB
Cached:          1183148 kB
MemTotal:        1844596 kB
MemFree:          303128 kB
MemAvailable:    1465368 kB
Buffers:           86460 kB
Cached:          1183148 kB
MemTotal:        1844596 kB
MemFree:          302640 kB
MemAvailable:    1464880 kB
Buffers:           86460 kB
Cached:          1183148 kB
MemTotal:        1844596 kB
MemFree:          297168 kB
MemAvailable:    1459408 kB
Buffers:           86460 kB
Cached:          1183148 kB
MemTotal:        1844596 kB
MemFree:          296636 kB
MemAvailable:    1458876 kB
Buffers:           86460 kB
Cached:          1183148 kB
MemTotal:        1844596 kB
MemFree:          294564 kB
MemAvailable:    1456804 kB
Buffers:           86460 kB
Cached:          1183148 kB
MemTotal:        1844596 kB
MemFree:          294564 kB
MemAvailable:    1456804 kB
Buffers:           86460 kB
Cached:          1183148 kB
MemTotal:        1844596 kB
MemFree:          293036 kB
MemAvailable:    1455276 kB
Buffers:           86460 kB
Cached:          1183148 kB
MemTotal:        1844596 kB
MemFree:          291968 kB
MemAvailable:    1454208 kB
Buffers:           86460 kB
Cached:          1183148 kB
MemTotal:        1844596 kB
MemFree:          291488 kB
MemAvailable:    1453728 kB
Buffers:           86460 kB
Cached:          1183148 kB
MemTotal:        1844596 kB
MemFree:          291408 kB
MemAvailable:    1453648 kB
Buffers:           86460 kB
Cached:          1183148 kB
MemTotal:        1844596 kB
MemFree:          289496 kB
MemAvailable:    1451736 kB
Buffers:           86460 kB
Cached:          1183148 kB
MemTotal:        1844596 kB
MemFree:          290564 kB
MemAvailable:    1452804 kB
Buffers:           86460 kB
Cached:          1183148 kB
MemTotal:        1844596 kB
MemFree:          290556 kB
MemAvailable:    1452796 kB
Buffers:           86460 kB
Cached:          1183148 kB
MemTotal:        1844596 kB
MemFree:          289360 kB
MemAvailable:    1451600 kB
Buffers:           86460 kB
Cached:          1183148 kB
MemTotal:        1844596 kB
MemFree:          290616 kB
MemAvailable:    1452856 kB
Buffers:           86460 kB
Cached:          1183148 kB
MemTotal:        1844596 kB
MemFree:          290784 kB
MemAvailable:    1453024 kB
Buffers:           86460 kB
Cached:          1183148 kB
MemTotal:        1844596 kB
MemFree:          289100 kB
MemAvailable:    1451340 kB
Buffers:           86460 kB
Cached:          1183148 kB
MemTotal:        1844596 kB
MemFree:          289180 kB
MemAvailable:    1451420 kB
Buffers:           86460 kB
Cached:          1183148 kB
MemTotal:        1844596 kB
MemFree:          289176 kB
MemAvailable:    1451416 kB
Buffers:           86460 kB
Cached:          1183148 kB
MemTotal:        1844596 kB
MemFree:          289292 kB
MemAvailable:    1451532 kB
Buffers:           86460 kB
Cached:          1183148 kB
MemTotal:        1844596 kB
MemFree:          289416 kB
MemAvailable:    1451656 kB
Buffers:           86460 kB
Cached:          1183148 kB
MemTotal:        1844596 kB
MemFree:          289168 kB
MemAvailable:    1451408 kB
Buffers:           86460 kB
Cached:          1183148 kB
MemTotal:        1844596 kB
MemFree:          289168 kB
MemAvailable:    1451408 kB
Buffers:           86460 kB
Cached:          1183148 kB
MemTotal:        1844596 kB
MemFree:          289168 kB
MemAvailable:    1451408 kB
Buffers:           86460 kB
Cached:          1183148 kB
MemTotal:        1844596 kB
MemFree:          289168 kB
MemAvailable:    1451408 kB
Buffers:           86460 kB
Cached:          1183148 kB
MemTotal:        1844596 kB
MemFree:          289496 kB
MemAvailable:    1451736 kB
Buffers:           86460 kB
Cached:          1183148 kB
MemTotal:        1844596 kB
MemFree:          289248 kB
MemAvailable:    1451488 kB
Buffers:           86460 kB
Cached:          1183148 kB
MemTotal:        1844596 kB
MemFree:          290424 kB
MemAvailable:    1452664 kB
Buffers:           86460 kB
Cached:          1183148 kB
MemTotal:        1844596 kB
MemFree:          289068 kB
MemAvailable:    1451308 kB
Buffers:           86460 kB
Cached:          1183148 kB
MemTotal:        1844596 kB
MemFree:          290372 kB
MemAvailable:    1452612 kB
Buffers:           86460 kB
Cached:          1183148 kB
MemTotal:        1844596 kB
MemFree:          289232 kB
MemAvailable:    1451472 kB
Buffers:           86460 kB
Cached:          1183148 kB
MemTotal:        1844596 kB
MemFree:          290236 kB
MemAvailable:    1452476 kB
Buffers:           86460 kB
Cached:          1183148 kB
MemTotal:        1844596 kB
MemFree:          289308 kB
MemAvailable:    1451548 kB
Buffers:           86460 kB
Cached:          1183148 kB
MemTotal:        1844596 kB
MemFree:          290360 kB
MemAvailable:    1452600 kB
Buffers:           86460 kB
Cached:          1183148 kB
MemTotal:        1844596 kB
MemFree:          289220 kB
MemAvailable:    1451460 kB
Buffers:           86460 kB
Cached:          1183148 kB
MemTotal:        1844596 kB
MemFree:          289336 kB
MemAvailable:    1451576 kB
Buffers:           86460 kB
Cached:          1183148 kB
MemTotal:        1844596 kB
MemFree:          289048 kB
MemAvailable:    1451288 kB
Buffers:           86460 kB
Cached:          1183148 kB
MemTotal:        1844596 kB
MemFree:          290224 kB
MemAvailable:    1452464 kB
Buffers:           86460 kB
Cached:          1183148 kB
MemTotal:        1844596 kB
MemFree:          288988 kB
MemAvailable:    1451228 kB
Buffers:           86460 kB
Cached:          1183148 kB
MemTotal:        1844596 kB
MemFree:          290412 kB
MemAvailable:    1452652 kB
Buffers:           86460 kB
Cached:          1183148 kB
MemTotal:        1844596 kB
MemFree:          290232 kB
MemAvailable:    1452472 kB
Buffers:           86460 kB
Cached:          1183148 kB
MemTotal:        1844596 kB
MemFree:          290484 kB
MemAvailable:    1452724 kB
Buffers:           86460 kB
Cached:          1183148 kB
MemTotal:        1844596 kB
MemFree:          290244 kB
MemAvailable:    1452484 kB
Buffers:           86460 kB
Cached:          1183148 kB
MemTotal:        1844596 kB
MemFree:          290308 kB
MemAvailable:    1452548 kB
Buffers:           86460 kB
Cached:          1183148 kB
MemTotal:        1844596 kB
MemFree:          290308 kB
MemAvailable:    1452548 kB
Buffers:           86460 kB
Cached:          1183148 kB
MemTotal:        1844596 kB
MemFree:          288980 kB
MemAvailable:    1451220 kB
Buffers:           86460 kB
Cached:          1183148 kB
MemTotal:        1844596 kB
MemFree:          290288 kB
MemAvailable:    1452528 kB
Buffers:           86460 kB
Cached:          1183148 kB
MemTotal:        1844596 kB
MemFree:          289112 kB
MemAvailable:    1451352 kB
Buffers:           86460 kB
Cached:          1183148 kB
MemTotal:        1844596 kB
MemFree:          289112 kB
MemAvailable:    1451352 kB
Buffers:           86460 kB
Cached:          1183148 kB
MemTotal:        1844596 kB
MemFree:          290304 kB
MemAvailable:    1452544 kB
Buffers:           86460 kB
Cached:          1183148 kB
MemTotal:        1844596 kB
MemFree:          290304 kB
MemAvailable:    1452544 kB
Buffers:           86460 kB
Cached:          1183148 kB
MemTotal:        1844596 kB
MemFree:          288952 kB
MemAvailable:    1451192 kB
Buffers:           86460 kB
Cached:          1183148 kB
MemTotal:        1844596 kB
MemFree:          290244 kB
MemAvailable:    1452484 kB
Buffers:           86460 kB
Cached:          1183148 kB
MemTotal:        1844596 kB
MemFree:          288984 kB
MemAvailable:    1451224 kB
Buffers:           86460 kB
Cached:          1183148 kB
MemTotal:        1844596 kB
MemFree:          288752 kB
MemAvailable:    1450992 kB
Buffers:           86460 kB
Cached:          1183148 kB
MemTotal:        1844596 kB
MemFree:          284040 kB
MemAvailable:    1446280 kB
Buffers:           86460 kB
Cached:          1183148 kB
MemTotal:        1844596 kB
MemFree:          289992 kB
MemAvailable:    1452232 kB
Buffers:           86460 kB
Cached:          1183148 kB
MemTotal:        1844596 kB
MemFree:          286520 kB
MemAvailable:    1448760 kB
Buffers:           86460 kB
Cached:          1183148 kB
MemTotal:        1844596 kB
MemFree:          284156 kB
MemAvailable:    1446396 kB
Buffers:           86460 kB
Cached:          1183148 kB
MemTotal:        1844596 kB
MemFree:          284048 kB
MemAvailable:    1446288 kB
Buffers:           86460 kB
Cached:          1183148 kB
MemTotal:        1844596 kB
MemFree:          283844 kB
MemAvailable:    1446084 kB
Buffers:           86460 kB
Cached:          1183148 kB
MemTotal:        1844596 kB
MemFree:          283844 kB
MemAvailable:    1446084 kB
Buffers:           86460 kB
Cached:          1183148 kB
MemTotal:        1844596 kB
MemFree:          282916 kB
MemAvailable:    1445156 kB
Buffers:           86460 kB
Cached:          1183148 kB
MemTotal:        1844596 kB
MemFree:          282916 kB
MemAvailable:    1445156 kB
Buffers:           86460 kB
Cached:          1183148 kB
MemTotal:        1844596 kB
MemFree:          282676 kB
MemAvailable:    1444928 kB
Buffers:           86460 kB
Cached:          1183160 kB
MemTotal:        1844596 kB
MemFree:          282800 kB
MemAvailable:    1445052 kB
Buffers:           86460 kB
Cached:          1183160 kB
MemTotal:        1844596 kB
MemFree:          282760 kB
MemAvailable:    1445012 kB
Buffers:           86460 kB
Cached:          1183160 kB
MemTotal:        1844596 kB
MemFree:          282800 kB
MemAvailable:    1445052 kB
Buffers:           86460 kB
Cached:          1183160 kB
MemTotal:        1844596 kB
MemFree:          282916 kB
MemAvailable:    1445168 kB
Buffers:           86460 kB
Cached:          1183160 kB
MemTotal:        1844596 kB
MemFree:          284172 kB
MemAvailable:    1446424 kB
Buffers:           86460 kB
Cached:          1183160 kB
MemTotal:        1844596 kB
MemFree:          284116 kB
MemAvailable:    1446368 kB
Buffers:           86460 kB
Cached:          1183160 kB
MemTotal:        1844596 kB
MemFree:          282620 kB
MemAvailable:    1444872 kB
Buffers:           86460 kB
Cached:          1183160 kB
MemTotal:        1844596 kB
MemFree:          282788 kB
MemAvailable:    1445040 kB
Buffers:           86460 kB
Cached:          1183160 kB
MemTotal:        1844596 kB
MemFree:          283916 kB
MemAvailable:    1446168 kB
Buffers:           86460 kB
Cached:          1183160 kB
MemTotal:        1844596 kB
MemFree:          282800 kB
MemAvailable:    1445052 kB
Buffers:           86460 kB
Cached:          1183160 kB
MemTotal:        1844596 kB
MemFree:          282800 kB
MemAvailable:    1445052 kB
Buffers:           86460 kB
Cached:          1183160 kB
MemTotal:        1844596 kB
MemFree:          283776 kB
MemAvailable:    1446028 kB
Buffers:           86460 kB
Cached:          1183160 kB
MemTotal:        1844596 kB
MemFree:          284112 kB
MemAvailable:    1446364 kB
Buffers:           86460 kB
Cached:          1183160 kB
MemTotal:        1844596 kB
MemFree:          284088 kB
MemAvailable:    1446340 kB
Buffers:           86460 kB
Cached:          1183160 kB
MemTotal:        1844596 kB
MemFree:          283916 kB
MemAvailable:    1446168 kB
Buffers:           86460 kB
Cached:          1183160 kB
MemTotal:        1844596 kB
MemFree:          282856 kB
MemAvailable:    1445108 kB
Buffers:           86460 kB
Cached:          1183160 kB
MemTotal:        1844596 kB
MemFree:          282776 kB
MemAvailable:    1445028 kB
Buffers:           86460 kB
Cached:          1183160 kB
MemTotal:        1844596 kB
MemFree:          282776 kB
MemAvailable:    1445028 kB
Buffers:           86460 kB
Cached:          1183160 kB
MemTotal:        1844596 kB
MemFree:          282752 kB
MemAvailable:    1445004 kB
Buffers:           86460 kB
Cached:          1183160 kB
MemTotal:        1844596 kB
MemFree:          283848 kB
MemAvailable:    1446100 kB
Buffers:           86460 kB
Cached:          1183160 kB
MemTotal:        1844596 kB
MemFree:          284100 kB
MemAvailable:    1446352 kB
Buffers:           86460 kB
Cached:          1183160 kB
MemTotal:        1844596 kB
MemFree:          288288 kB
MemAvailable:    1450540 kB
Buffers:           86460 kB
Cached:          1183160 kB
MemTotal:        1844596 kB
MemFree:          288360 kB
MemAvailable:    1450612 kB
Buffers:           86460 kB
Cached:          1183160 kB
MemTotal:        1844596 kB
MemFree:          288124 kB
MemAvailable:    1450376 kB
Buffers:           86460 kB
Cached:          1183160 kB
MemTotal:        1844596 kB
MemFree:          288016 kB
MemAvailable:    1450268 kB
Buffers:           86460 kB
Cached:          1183160 kB
MemTotal:        1844596 kB
MemFree:          286596 kB
MemAvailable:    1448848 kB
Buffers:           86460 kB
Cached:          1183160 kB
MemTotal:        1844596 kB
MemFree:          287888 kB
MemAvailable:    1450140 kB
Buffers:           86460 kB
Cached:          1183160 kB
MemTotal:        1844596 kB
MemFree:          286588 kB
MemAvailable:    1448840 kB
Buffers:           86460 kB
Cached:          1183160 kB
MemTotal:        1844596 kB
MemFree:          287636 kB
MemAvailable:    1449888 kB
Buffers:           86460 kB
Cached:          1183160 kB
MemTotal:        1844596 kB
MemFree:          286084 kB
MemAvailable:    1448336 kB
Buffers:           86460 kB
Cached:          1183160 kB
MemTotal:        1844596 kB
MemFree:          285892 kB
MemAvailable:    1448144 kB
Buffers:           86460 kB
Cached:          1183160 kB
MemTotal:        1844596 kB
MemFree:          284396 kB
MemAvailable:    1446648 kB
Buffers:           86460 kB
Cached:          1183160 kB
MemTotal:        1844596 kB
MemFree:          284288 kB
MemAvailable:    1446540 kB
Buffers:           86460 kB
Cached:          1183160 kB
MemTotal:        1844596 kB
MemFree:          283908 kB
MemAvailable:    1446160 kB
Buffers:           86460 kB
Cached:          1183160 kB
MemTotal:        1844596 kB
MemFree:          283784 kB
MemAvailable:    1446036 kB
Buffers:           86460 kB
Cached:          1183160 kB
MemTotal:        1844596 kB
MemFree:          283652 kB
MemAvailable:    1445904 kB
Buffers:           86460 kB
Cached:          1183160 kB
MemTotal:        1844596 kB
MemFree:          284844 kB
MemAvailable:    1447096 kB
Buffers:           86460 kB
Cached:          1183160 kB
MemTotal:        1844596 kB
MemFree:          284712 kB
MemAvailable:    1446964 kB
Buffers:           86460 kB
Cached:          1183160 kB
MemTotal:        1844596 kB
MemFree:          284540 kB
MemAvailable:    1446792 kB
Buffers:           86460 kB
Cached:          1183160 kB
MemTotal:        1844596 kB
MemFree:          283228 kB
MemAvailable:    1445480 kB
Buffers:           86460 kB
Cached:          1183160 kB
MemTotal:        1844596 kB
MemFree:          283100 kB
MemAvailable:    1445352 kB
Buffers:           86460 kB
Cached:          1183160 kB
MemTotal:        1844596 kB
MemFree:          283224 kB
MemAvailable:    1445476 kB
Buffers:           86460 kB
Cached:          1183160 kB
MemTotal:        1844596 kB
MemFree:          283224 kB
MemAvailable:    1445476 kB
Buffers:           86460 kB
Cached:          1183160 kB
MemTotal:        1844596 kB
MemFree:          283048 kB
MemAvailable:    1445300 kB
Buffers:           86460 kB
Cached:          1183160 kB
MemTotal:        1844596 kB
MemFree:          282792 kB
MemAvailable:    1445044 kB
Buffers:           86460 kB
Cached:          1183160 kB
MemTotal:        1844596 kB
MemFree:          283908 kB
MemAvailable:    1446160 kB
Buffers:           86460 kB
Cached:          1183160 kB
MemTotal:        1844596 kB
MemFree:          283796 kB
MemAvailable:    1446048 kB
Buffers:           86460 kB
Cached:          1183160 kB
MemTotal:        1844596 kB
MemFree:          285564 kB
MemAvailable:    1447816 kB
Buffers:           86460 kB
Cached:          1183160 kB
MemTotal:        1844596 kB
MemFree:          285900 kB
MemAvailable:    1448152 kB
Buffers:           86460 kB
Cached:          1183160 kB
MemTotal:        1844596 kB
MemFree:          285768 kB
MemAvailable:    1448020 kB
Buffers:           86460 kB
Cached:          1183160 kB
MemTotal:        1844596 kB
MemFree:          285852 kB
MemAvailable:    1448104 kB
Buffers:           86460 kB
Cached:          1183160 kB
MemTotal:        1844596 kB
MemFree:          285572 kB
MemAvailable:    1447824 kB
Buffers:           86460 kB
Cached:          1183160 kB
MemTotal:        1844596 kB
MemFree:          284528 kB
MemAvailable:    1446780 kB
Buffers:           86460 kB
Cached:          1183160 kB
MemTotal:        1844596 kB
MemFree:          284528 kB
MemAvailable:    1446780 kB
Buffers:           86460 kB
Cached:          1183160 kB
MemTotal:        1844596 kB
MemFree:          285824 kB
MemAvailable:    1448076 kB
Buffers:           86460 kB
Cached:          1183160 kB
MemTotal:        1844596 kB
MemFree:          285032 kB
MemAvailable:    1447284 kB
Buffers:           86460 kB
Cached:          1183160 kB
MemTotal:        1844596 kB
MemFree:          285592 kB
MemAvailable:    1447844 kB
Buffers:           86460 kB
Cached:          1183160 kB
MemTotal:        1844596 kB
MemFree:          285848 kB
MemAvailable:    1448100 kB
Buffers:           86460 kB
Cached:          1183160 kB
MemTotal:        1844596 kB
MemFree:          285512 kB
MemAvailable:    1447764 kB
Buffers:           86460 kB
Cached:          1183160 kB
MemTotal:        1844596 kB
MemFree:          285848 kB
MemAvailable:    1448100 kB
Buffers:           86460 kB
Cached:          1183160 kB
MemTotal:        1844596 kB
MemFree:          284524 kB
MemAvailable:    1446776 kB
Buffers:           86460 kB
Cached:          1183160 kB
MemTotal:        1844596 kB
MemFree:          284640 kB
MemAvailable:    1446892 kB
Buffers:           86460 kB
Cached:          1183160 kB
MemTotal:        1844596 kB
MemFree:          284648 kB
MemAvailable:    1446900 kB
Buffers:           86460 kB
Cached:          1183160 kB
MemTotal:        1844596 kB
MemFree:          284648 kB
MemAvailable:    1446900 kB
Buffers:           86460 kB
Cached:          1183160 kB
MemTotal:        1844596 kB
MemFree:          285840 kB
MemAvailable:    1448092 kB
Buffers:           86460 kB
Cached:          1183160 kB
MemTotal:        1844596 kB
MemFree:          284852 kB
MemAvailable:    1447104 kB
Buffers:           86460 kB
Cached:          1183160 kB
MemTotal:        1844596 kB
MemFree:          285824 kB
MemAvailable:    1448084 kB
Buffers:           86460 kB
Cached:          1183168 kB
MemTotal:        1844596 kB
MemFree:          284608 kB
MemAvailable:    1446868 kB
Buffers:           86460 kB
Cached:          1183168 kB
MemTotal:        1844596 kB
MemFree:          284544 kB
MemAvailable:    1446804 kB
Buffers:           86460 kB
Cached:          1183168 kB
MemTotal:        1844596 kB
MemFree:          285860 kB
MemAvailable:    1448120 kB
Buffers:           86460 kB
Cached:          1183168 kB
MemTotal:        1844596 kB
MemFree:          284668 kB
MemAvailable:    1446928 kB
Buffers:           86460 kB
Cached:          1183168 kB
MemTotal:        1844596 kB
MemFree:          284420 kB
MemAvailable:    1446680 kB
Buffers:           86460 kB
Cached:          1183168 kB
MemTotal:        1844596 kB
MemFree:          285660 kB
MemAvailable:    1447920 kB
Buffers:           86460 kB
Cached:          1183168 kB
MemTotal:        1844596 kB
MemFree:          285800 kB
MemAvailable:    1448060 kB
Buffers:           86460 kB
Cached:          1183168 kB
MemTotal:        1844596 kB
MemFree:          284616 kB
MemAvailable:    1446876 kB
Buffers:           86460 kB
Cached:          1183168 kB
MemTotal:        1844596 kB
MemFree:          284544 kB
MemAvailable:    1446804 kB
Buffers:           86460 kB
Cached:          1183168 kB
MemTotal:        1844596 kB
MemFree:          284504 kB
MemAvailable:    1446764 kB
Buffers:           86460 kB
Cached:          1183168 kB
MemTotal:        1844596 kB
MemFree:          284620 kB
MemAvailable:    1446880 kB
Buffers:           86460 kB
Cached:          1183168 kB
MemTotal:        1844596 kB
MemFree:          284668 kB
MemAvailable:    1446928 kB
Buffers:           86460 kB
Cached:          1183168 kB
MemTotal:        1844596 kB
MemFree:          284288 kB
MemAvailable:    1446548 kB
Buffers:           86460 kB
Cached:          1183168 kB
MemTotal:        1844596 kB
MemFree:          282808 kB
MemAvailable:    1445068 kB
Buffers:           86460 kB
Cached:          1183168 kB
MemTotal:        1844596 kB
MemFree:          282924 kB
MemAvailable:    1445184 kB
Buffers:           86460 kB
Cached:          1183168 kB
MemTotal:        1844596 kB
MemFree:          283048 kB
MemAvailable:    1445308 kB
Buffers:           86460 kB
Cached:          1183168 kB
MemTotal:        1844596 kB
MemFree:          283984 kB
MemAvailable:    1446244 kB
Buffers:           86460 kB
Cached:          1183168 kB
MemTotal:        1844596 kB
MemFree:          282552 kB
MemAvailable:    1444812 kB
Buffers:           86460 kB
Cached:          1183168 kB
MemTotal:        1844596 kB
MemFree:          282548 kB
MemAvailable:    1444808 kB
Buffers:           86460 kB
Cached:          1183168 kB
MemTotal:        1844596 kB
MemFree:          283928 kB
MemAvailable:    1446188 kB
Buffers:           86460 kB
Cached:          1183168 kB
MemTotal:        1844596 kB
MemFree:          282492 kB
MemAvailable:    1444752 kB
Buffers:           86460 kB
Cached:          1183168 kB
MemTotal:        1844596 kB
MemFree:          282784 kB
MemAvailable:    1445044 kB
Buffers:           86460 kB
Cached:          1183168 kB
MemTotal:        1844596 kB
MemFree:          282404 kB
MemAvailable:    1444664 kB
Buffers:           86460 kB
Cached:          1183168 kB
MemTotal:        1844596 kB
MemFree:          282612 kB
MemAvailable:    1444872 kB
Buffers:           86460 kB
Cached:          1183168 kB
MemTotal:        1844596 kB
MemFree:          282400 kB
MemAvailable:    1444660 kB
Buffers:           86460 kB
Cached:          1183168 kB
MemTotal:        1844596 kB
MemFree:          282524 kB
MemAvailable:    1444784 kB
Buffers:           86460 kB
Cached:          1183168 kB
MemTotal:        1844596 kB
MemFree:          282520 kB
MemAvailable:    1444780 kB
Buffers:           86460 kB
Cached:          1183168 kB
MemTotal:        1844596 kB
MemFree:          282644 kB
MemAvailable:    1444904 kB
Buffers:           86460 kB
Cached:          1183168 kB
MemTotal:        1844596 kB
MemFree:          282644 kB
MemAvailable:    1444904 kB
Buffers:           86460 kB
Cached:          1183168 kB
MemTotal:        1844596 kB
MemFree:          282428 kB
MemAvailable:    1444688 kB
Buffers:           86460 kB
Cached:          1183168 kB
MemTotal:        1844596 kB
MemFree:          283844 kB
MemAvailable:    1446104 kB
Buffers:           86460 kB
Cached:          1183168 kB
MemTotal:        1844596 kB
MemFree:          283876 kB
MemAvailable:    1446136 kB
Buffers:           86460 kB
Cached:          1183168 kB
MemTotal:        1844596 kB
MemFree:          282436 kB
MemAvailable:    1444696 kB
Buffers:           86460 kB
Cached:          1183168 kB
MemTotal:        1844596 kB
MemFree:          283924 kB
MemAvailable:    1446184 kB
Buffers:           86460 kB
Cached:          1183168 kB
MemTotal:        1844596 kB
MemFree:          283056 kB
MemAvailable:    1445316 kB
Buffers:           86460 kB
Cached:          1183168 kB
MemTotal:        1844596 kB
MemFree:          283820 kB
MemAvailable:    1446080 kB
Buffers:           86460 kB
Cached:          1183168 kB
MemTotal:        1844596 kB
MemFree:          282512 kB
MemAvailable:    1444772 kB
Buffers:           86460 kB
Cached:          1183168 kB
MemTotal:        1844596 kB
MemFree:          282808 kB
MemAvailable:    1445068 kB
Buffers:           86460 kB
Cached:          1183168 kB
MemTotal:        1844596 kB
MemFree:          282512 kB
MemAvailable:    1444772 kB
Buffers:           86460 kB
Cached:          1183168 kB
MemTotal:        1844596 kB
MemFree:          282388 kB
MemAvailable:    1444648 kB
Buffers:           86460 kB
Cached:          1183168 kB
MemTotal:        1844596 kB
MemFree:          282424 kB
MemAvailable:    1444684 kB
Buffers:           86460 kB
Cached:          1183168 kB
MemTotal:        1844596 kB
MemFree:          283616 kB
MemAvailable:    1445876 kB
Buffers:           86460 kB
Cached:          1183168 kB
MemTotal:        1844596 kB
MemFree:          283684 kB
MemAvailable:    1445944 kB
Buffers:           86460 kB
Cached:          1183168 kB
MemTotal:        1844596 kB
MemFree:          283860 kB
MemAvailable:    1446120 kB
Buffers:           86460 kB
Cached:          1183168 kB
MemTotal:        1844596 kB
MemFree:          282512 kB
MemAvailable:    1444772 kB
Buffers:           86460 kB
Cached:          1183168 kB
MemTotal:        1844596 kB
MemFree:          282380 kB
MemAvailable:    1444640 kB
Buffers:           86460 kB
Cached:          1183168 kB
MemTotal:        1844596 kB
MemFree:          282672 kB
MemAvailable:    1444932 kB
Buffers:           86460 kB
Cached:          1183168 kB
MemTotal:        1844596 kB
MemFree:          282548 kB
MemAvailable:    1444808 kB
Buffers:           86460 kB
Cached:          1183168 kB
MemTotal:        1844596 kB
MemFree:          282428 kB
MemAvailable:    1444688 kB
Buffers:           86460 kB
Cached:          1183168 kB
MemTotal:        1844596 kB
MemFree:          283420 kB
MemAvailable:    1445680 kB
Buffers:           86460 kB
Cached:          1183168 kB
MemTotal:        1844596 kB
MemFree:          282380 kB
MemAvailable:    1444640 kB
Buffers:           86460 kB
Cached:          1183168 kB
MemTotal:        1844596 kB
MemFree:          282256 kB
MemAvailable:    1444516 kB
Buffers:           86460 kB
Cached:          1183168 kB
MemTotal:        1844596 kB
MemFree:          282380 kB
MemAvailable:    1444640 kB
Buffers:           86460 kB
Cached:          1183168 kB
MemTotal:        1844596 kB
MemFree:          282132 kB
MemAvailable:    1444392 kB
Buffers:           86460 kB
Cached:          1183168 kB
MemTotal:        1844596 kB
MemFree:          283488 kB
MemAvailable:    1445748 kB
Buffers:           86460 kB
Cached:          1183168 kB
MemTotal:        1844596 kB
MemFree:          282416 kB
MemAvailable:    1444676 kB
Buffers:           86460 kB
Cached:          1183168 kB
MemTotal:        1844596 kB
MemFree:          282244 kB
MemAvailable:    1444504 kB
Buffers:           86460 kB
Cached:          1183168 kB
MemTotal:        1844596 kB
MemFree:          281864 kB
MemAvailable:    1444124 kB
Buffers:           86460 kB
Cached:          1183168 kB
MemTotal:        1844596 kB
MemFree:          282280 kB
MemAvailable:    1444540 kB
Buffers:           86460 kB
Cached:          1183168 kB
MemTotal:        1844596 kB
MemFree:          282032 kB
MemAvailable:    1444292 kB
Buffers:           86460 kB
Cached:          1183168 kB
MemTotal:        1844596 kB
MemFree:          282156 kB
MemAvailable:    1444416 kB
Buffers:           86460 kB
Cached:          1183168 kB
MemTotal:        1844596 kB
MemFree:          282396 kB
MemAvailable:    1444656 kB
Buffers:           86460 kB
Cached:          1183168 kB
MemTotal:        1844596 kB
MemFree:          283276 kB
MemAvailable:    1445536 kB
Buffers:           86460 kB
Cached:          1183168 kB
MemTotal:        1844596 kB
MemFree:          283324 kB
MemAvailable:    1445584 kB
Buffers:           86460 kB
Cached:          1183168 kB
MemTotal:        1844596 kB
MemFree:          283208 kB
MemAvailable:    1445468 kB
Buffers:           86460 kB
Cached:          1183168 kB
MemTotal:        1844596 kB
MemFree:          283380 kB
MemAvailable:    1445640 kB
Buffers:           86460 kB
Cached:          1183168 kB
MemTotal:        1844596 kB
MemFree:          283176 kB
MemAvailable:    1445436 kB
Buffers:           86460 kB
Cached:          1183168 kB
MemTotal:        1844596 kB
MemFree:          282132 kB
MemAvailable:    1444392 kB
Buffers:           86460 kB
Cached:          1183168 kB
MemTotal:        1844596 kB
MemFree:          282436 kB
MemAvailable:    1444704 kB
Buffers:           86460 kB
Cached:          1183176 kB
MemTotal:        1844596 kB
MemFree:          283316 kB
MemAvailable:    1445584 kB
Buffers:           86460 kB
Cached:          1183176 kB
MemTotal:        1844596 kB
MemFree:          282136 kB
MemAvailable:    1444404 kB
Buffers:           86460 kB
Cached:          1183176 kB
MemTotal:        1844596 kB
MemFree:          283288 kB
MemAvailable:    1445556 kB
Buffers:           86460 kB
Cached:          1183176 kB
MemTotal:        1844596 kB
MemFree:          283208 kB
MemAvailable:    1445476 kB
Buffers:           86460 kB
Cached:          1183176 kB
MemTotal:        1844596 kB
MemFree:          283380 kB
MemAvailable:    1445648 kB
Buffers:           86460 kB
Cached:          1183176 kB
MemTotal:        1844596 kB
MemFree:          282256 kB
MemAvailable:    1444524 kB
Buffers:           86460 kB
Cached:          1183176 kB
MemTotal:        1844596 kB
MemFree:          282132 kB
MemAvailable:    1444400 kB
Buffers:           86460 kB
Cached:          1183176 kB
MemTotal:        1844596 kB
MemFree:          282424 kB
MemAvailable:    1444692 kB
Buffers:           86460 kB
Cached:          1183176 kB
MemTotal:        1844596 kB
MemFree:          282128 kB
MemAvailable:    1444396 kB
Buffers:           86460 kB
Cached:          1183176 kB
MemTotal:        1844596 kB
MemFree:          283232 kB
MemAvailable:    1445500 kB
Buffers:           86460 kB
Cached:          1183176 kB
MemTotal:        1844596 kB
MemFree:          283484 kB
MemAvailable:    1445752 kB
Buffers:           86460 kB
Cached:          1183176 kB
MemTotal:        1844596 kB
MemFree:          283488 kB
MemAvailable:    1445756 kB
Buffers:           86460 kB
Cached:          1183176 kB
MemTotal:        1844596 kB
MemFree:          282140 kB
MemAvailable:    1444408 kB
Buffers:           86460 kB
Cached:          1183176 kB
MemTotal:        1844596 kB
MemFree:          282684 kB
MemAvailable:    1444952 kB
Buffers:           86460 kB
Cached:          1183176 kB
MemTotal:        1844596 kB
MemFree:          283316 kB
MemAvailable:    1445584 kB
Buffers:           86460 kB
Cached:          1183176 kB
MemTotal:        1844596 kB
MemFree:          283360 kB
MemAvailable:    1445628 kB
Buffers:           86460 kB
Cached:          1183176 kB
MemTotal:        1844596 kB
MemFree:          283208 kB
MemAvailable:    1445476 kB
Buffers:           86460 kB
Cached:          1183176 kB
MemTotal:        1844596 kB
MemFree:          282932 kB
MemAvailable:    1445200 kB
Buffers:           86460 kB
Cached:          1183176 kB
MemTotal:        1844596 kB
MemFree:          283344 kB
MemAvailable:    1445612 kB
Buffers:           86460 kB
Cached:          1183176 kB
MemTotal:        1844596 kB
MemFree:          282044 kB
MemAvailable:    1444312 kB
Buffers:           86460 kB
Cached:          1183176 kB
MemTotal:        1844596 kB
MemFree:          282128 kB
MemAvailable:    1444396 kB
Buffers:           86460 kB
Cached:          1183176 kB
MemTotal:        1844596 kB
MemFree:          282004 kB
MemAvailable:    1444272 kB
Buffers:           86460 kB
Cached:          1183176 kB
MemTotal:        1844596 kB
MemFree:          282244 kB
MemAvailable:    1444512 kB
Buffers:           86460 kB
Cached:          1183176 kB
MemTotal:        1844596 kB
MemFree:          282040 kB
MemAvailable:    1444308 kB
Buffers:           86460 kB
Cached:          1183176 kB
MemTotal:        1844596 kB
MemFree:          282148 kB
MemAvailable:    1444416 kB
Buffers:           86460 kB
Cached:          1183176 kB
MemTotal:        1844596 kB
MemFree:          282024 kB
MemAvailable:    1444292 kB
Buffers:           86460 kB
Cached:          1183176 kB
MemTotal:        1844596 kB
MemFree:          282940 kB
MemAvailable:    1445208 kB
Buffers:           86460 kB
Cached:          1183176 kB
MemTotal:        1844596 kB
MemFree:          283224 kB
MemAvailable:    1445492 kB
Buffers:           86460 kB
Cached:          1183176 kB
MemTotal:        1844596 kB
MemFree:          282388 kB
MemAvailable:    1444656 kB
Buffers:           86460 kB
Cached:          1183176 kB
MemTotal:        1844596 kB
MemFree:          282176 kB
MemAvailable:    1444444 kB
Buffers:           86460 kB
Cached:          1183176 kB
MemTotal:        1844596 kB
MemFree:          282856 kB
MemAvailable:    1445124 kB
Buffers:           86460 kB
Cached:          1183176 kB
MemTotal:        1844596 kB
MemFree:          281868 kB
MemAvailable:    1444136 kB
Buffers:           86460 kB
Cached:          1183176 kB
MemTotal:        1844596 kB
MemFree:          283208 kB
MemAvailable:    1445476 kB
Buffers:           86460 kB
Cached:          1183176 kB
MemTotal:        1844596 kB
MemFree:          283180 kB
MemAvailable:    1445448 kB
Buffers:           86460 kB
Cached:          1183176 kB
MemTotal:        1844596 kB
MemFree:          283256 kB
MemAvailable:    1445524 kB
Buffers:           86460 kB
Cached:          1183176 kB
MemTotal:        1844596 kB
MemFree:          282064 kB
MemAvailable:    1444332 kB
Buffers:           86460 kB
Cached:          1183176 kB
MemTotal:        1844596 kB
MemFree:          281892 kB
MemAvailable:    1444160 kB
Buffers:           86460 kB
Cached:          1183176 kB
MemTotal:        1844596 kB
MemFree:          281892 kB
MemAvailable:    1444160 kB
Buffers:           86460 kB
Cached:          1183176 kB
MemTotal:        1844596 kB
MemFree:          283312 kB
MemAvailable:    1445580 kB
Buffers:           86460 kB
Cached:          1183176 kB
MemTotal:        1844596 kB
MemFree:          282048 kB
MemAvailable:    1444316 kB
Buffers:           86460 kB
Cached:          1183176 kB
MemTotal:        1844596 kB
MemFree:          283000 kB
MemAvailable:    1445268 kB
Buffers:           86460 kB
Cached:          1183176 kB
MemTotal:        1844596 kB
MemFree:          282932 kB
MemAvailable:    1445200 kB
Buffers:           86460 kB
Cached:          1183176 kB
MemTotal:        1844596 kB
MemFree:          283336 kB
MemAvailable:    1445604 kB
Buffers:           86460 kB
Cached:          1183176 kB
MemTotal:        1844596 kB
MemFree:          283368 kB
MemAvailable:    1445636 kB
Buffers:           86460 kB
Cached:          1183176 kB
MemTotal:        1844596 kB
MemFree:          281940 kB
MemAvailable:    1444208 kB
Buffers:           86460 kB
Cached:          1183176 kB
MemTotal:        1844596 kB
MemFree:          282024 kB
MemAvailable:    1444292 kB
Buffers:           86460 kB
Cached:          1183176 kB
MemTotal:        1844596 kB
MemFree:          283256 kB
MemAvailable:    1445524 kB
Buffers:           86460 kB
Cached:          1183176 kB
MemTotal:        1844596 kB
MemFree:          282064 kB
MemAvailable:    1444332 kB
Buffers:           86460 kB
Cached:          1183176 kB
MemTotal:        1844596 kB
MemFree:          281900 kB
MemAvailable:    1444168 kB
Buffers:           86460 kB
Cached:          1183176 kB
MemTotal:        1844596 kB
MemFree:          282264 kB
MemAvailable:    1444532 kB
Buffers:           86460 kB
Cached:          1183176 kB
MemTotal:        1844596 kB
MemFree:          281940 kB
MemAvailable:    1444208 kB
Buffers:           86460 kB
Cached:          1183176 kB
MemTotal:        1844596 kB
MemFree:          282016 kB
MemAvailable:    1444284 kB
Buffers:           86460 kB
Cached:          1183176 kB
MemTotal:        1844596 kB
MemFree:          282132 kB
MemAvailable:    1444400 kB
Buffers:           86460 kB
Cached:          1183176 kB
MemTotal:        1844596 kB
MemFree:          283352 kB
MemAvailable:    1445620 kB
Buffers:           86460 kB
Cached:          1183176 kB
MemTotal:        1844596 kB
MemFree:          282560 kB
MemAvailable:    1444828 kB
Buffers:           86460 kB
Cached:          1183176 kB
MemTotal:        1844596 kB
MemFree:          281808 kB
MemAvailable:    1444080 kB
Buffers:           86460 kB
Cached:          1183180 kB
MemTotal:        1844596 kB
MemFree:          282024 kB
MemAvailable:    1444296 kB
Buffers:           86460 kB
Cached:          1183180 kB
MemTotal:        1844596 kB
MemFree:          282016 kB
MemAvailable:    1444288 kB
Buffers:           86460 kB
Cached:          1183180 kB
MemTotal:        1844596 kB
MemFree:          282064 kB
MemAvailable:    1444336 kB
Buffers:           86460 kB
Cached:          1183180 kB
MemTotal:        1844596 kB
MemFree:          282016 kB
MemAvailable:    1444288 kB
Buffers:           86460 kB
Cached:          1183180 kB
MemTotal:        1844596 kB
MemFree:          282132 kB
MemAvailable:    1444404 kB
Buffers:           86460 kB
Cached:          1183180 kB
MemTotal:        1844596 kB
MemFree:          283352 kB
MemAvailable:    1445624 kB
Buffers:           86460 kB
Cached:          1183180 kB
MemTotal:        1844596 kB
MemFree:          282436 kB
MemAvailable:    1444708 kB
Buffers:           86460 kB
Cached:          1183180 kB
MemTotal:        1844596 kB
MemFree:          282188 kB
MemAvailable:    1444468 kB
Buffers:           86460 kB
Cached:          1183188 kB
MemTotal:        1844596 kB
MemFree:          282180 kB
MemAvailable:    1444460 kB
Buffers:           86460 kB
Cached:          1183188 kB
MemTotal:        1844596 kB
MemFree:          283348 kB
MemAvailable:    1445628 kB
Buffers:           86460 kB
Cached:          1183188 kB
MemTotal:        1844596 kB
MemFree:          282180 kB
MemAvailable:    1444460 kB
Buffers:           86460 kB
Cached:          1183188 kB
MemTotal:        1844596 kB
MemFree:          282436 kB
MemAvailable:    1444716 kB
Buffers:           86460 kB
Cached:          1183188 kB
MemTotal:        1844596 kB
MemFree:          282188 kB
MemAvailable:    1444468 kB
Buffers:           86460 kB
Cached:          1183188 kB
MemTotal:        1844596 kB
MemFree:          282188 kB
MemAvailable:    1444468 kB
Buffers:           86460 kB
Cached:          1183188 kB
MemTotal:        1844596 kB
MemFree:          283732 kB
MemAvailable:    1446012 kB
Buffers:           86460 kB
Cached:          1183188 kB
MemTotal:        1844596 kB
MemFree:          282932 kB
MemAvailable:    1445212 kB
Buffers:           86460 kB
Cached:          1183188 kB
MemTotal:        1844596 kB
MemFree:          281932 kB
MemAvailable:    1444212 kB
Buffers:           86460 kB
Cached:          1183188 kB
MemTotal:        1844596 kB
MemFree:          283224 kB
MemAvailable:    1445504 kB
Buffers:           86460 kB
Cached:          1183188 kB
MemTotal:        1844596 kB
MemFree:          283284 kB
MemAvailable:    1445564 kB
Buffers:           86460 kB
Cached:          1183188 kB
MemTotal:        1844596 kB
MemFree:          282004 kB
MemAvailable:    1444284 kB
Buffers:           86460 kB
Cached:          1183188 kB
MemTotal:        1844596 kB
MemFree:          281880 kB
MemAvailable:    1444160 kB
Buffers:           86460 kB
Cached:          1183188 kB
MemTotal:        1844596 kB
MemFree:          281872 kB
MemAvailable:    1444152 kB
Buffers:           86460 kB
Cached:          1183188 kB
MemTotal:        1844596 kB
MemFree:          281916 kB
MemAvailable:    1444196 kB
Buffers:           86460 kB
Cached:          1183188 kB
MemTotal:        1844596 kB
MemFree:          281916 kB
MemAvailable:    1444196 kB
Buffers:           86460 kB
Cached:          1183188 kB
MemTotal:        1844596 kB
MemFree:          282000 kB
MemAvailable:    1444280 kB
Buffers:           86460 kB
Cached:          1183188 kB
MemTotal:        1844596 kB
MemFree:          283212 kB
MemAvailable:    1445492 kB
Buffers:           86460 kB
Cached:          1183188 kB
MemTotal:        1844596 kB
MemFree:          283048 kB
MemAvailable:    1445328 kB
Buffers:           86460 kB
Cached:          1183188 kB
MemTotal:        1844596 kB
MemFree:          283388 kB
MemAvailable:    1445668 kB
Buffers:           86460 kB
Cached:          1183188 kB
MemTotal:        1844596 kB
MemFree:          283248 kB
MemAvailable:    1445528 kB
Buffers:           86460 kB
Cached:          1183188 kB
MemTotal:        1844596 kB
MemFree:          283084 kB
MemAvailable:    1445364 kB
Buffers:           86460 kB
Cached:          1183188 kB
MemTotal:        1844596 kB
MemFree:          283256 kB
MemAvailable:    1445536 kB
Buffers:           86460 kB
Cached:          1183188 kB
MemTotal:        1844596 kB
MemFree:          283220 kB
MemAvailable:    1445500 kB
Buffers:           86460 kB
Cached:          1183188 kB
MemTotal:        1844596 kB
MemFree:          283056 kB
MemAvailable:    1445336 kB
Buffers:           86460 kB
Cached:          1183188 kB
MemTotal:        1844596 kB
MemFree:          283040 kB
MemAvailable:    1445320 kB
Buffers:           86460 kB
Cached:          1183188 kB
MemTotal:        1844596 kB
MemFree:          283292 kB
MemAvailable:    1445572 kB
Buffers:           86460 kB
Cached:          1183188 kB
MemTotal:        1844596 kB
MemFree:          283220 kB
MemAvailable:    1445500 kB
Buffers:           86460 kB
Cached:          1183188 kB
MemTotal:        1844596 kB
MemFree:          283244 kB
MemAvailable:    1445524 kB
Buffers:           86460 kB
Cached:          1183188 kB
MemTotal:        1844596 kB
MemFree:          281908 kB
MemAvailable:    1444188 kB
Buffers:           86460 kB
Cached:          1183188 kB
MemTotal:        1844596 kB
MemFree:          282040 kB
MemAvailable:    1444320 kB
Buffers:           86460 kB
Cached:          1183188 kB
MemTotal:        1844596 kB
MemFree:          283468 kB
MemAvailable:    1445748 kB
Buffers:           86460 kB
Cached:          1183188 kB
MemTotal:        1844596 kB
MemFree:          282024 kB
MemAvailable:    1444304 kB
Buffers:           86460 kB
Cached:          1183188 kB
MemTotal:        1844596 kB
MemFree:          281892 kB
MemAvailable:    1444172 kB
Buffers:           86460 kB
Cached:          1183188 kB
MemTotal:        1844596 kB
MemFree:          283256 kB
MemAvailable:    1445536 kB
Buffers:           86460 kB
Cached:          1183188 kB
MemTotal:        1844596 kB
MemFree:          283248 kB
MemAvailable:    1445528 kB
Buffers:           86460 kB
Cached:          1183188 kB
MemTotal:        1844596 kB
MemFree:          283296 kB
MemAvailable:    1445576 kB
Buffers:           86460 kB
Cached:          1183188 kB
MemTotal:        1844596 kB
MemFree:          282560 kB
MemAvailable:    1444840 kB
Buffers:           86460 kB
Cached:          1183188 kB
MemTotal:        1844596 kB
MemFree:          283120 kB
MemAvailable:    1445400 kB
Buffers:           86460 kB
Cached:          1183188 kB
MemTotal:        1844596 kB
MemFree:          283064 kB
MemAvailable:    1445344 kB
Buffers:           86460 kB
Cached:          1183188 kB
MemTotal:        1844596 kB
MemFree:          283164 kB
MemAvailable:    1445444 kB
Buffers:           86460 kB
Cached:          1183188 kB
MemTotal:        1844596 kB
MemFree:          283416 kB
MemAvailable:    1445696 kB
Buffers:           86460 kB
Cached:          1183188 kB
MemTotal:        1844596 kB
MemFree:          283124 kB
MemAvailable:    1445404 kB
Buffers:           86460 kB
Cached:          1183188 kB
MemTotal:        1844596 kB
MemFree:          282004 kB
MemAvailable:    1444284 kB
Buffers:           86460 kB
Cached:          1183188 kB
MemTotal:        1844596 kB
MemFree:          283108 kB
MemAvailable:    1445388 kB
Buffers:           86460 kB
Cached:          1183188 kB
MemTotal:        1844596 kB
MemFree:          283360 kB
MemAvailable:    1445640 kB
Buffers:           86460 kB
Cached:          1183188 kB
MemTotal:        1844596 kB
MemFree:          283108 kB
MemAvailable:    1445388 kB
Buffers:           86460 kB
Cached:          1183188 kB
MemTotal:        1844596 kB
MemFree:          282016 kB
MemAvailable:    1444296 kB
Buffers:           86460 kB
Cached:          1183188 kB
MemTotal:        1844596 kB
MemFree:          283352 kB
MemAvailable:    1445632 kB
Buffers:           86460 kB
Cached:          1183188 kB
MemTotal:        1844596 kB
MemFree:          283380 kB
MemAvailable:    1445660 kB
Buffers:           86460 kB
Cached:          1183188 kB
MemTotal:        1844596 kB
MemFree:          281928 kB
MemAvailable:    1444208 kB
Buffers:           86460 kB
Cached:          1183188 kB
MemTotal:        1844596 kB
MemFree:          283028 kB
MemAvailable:    1445308 kB
Buffers:           86460 kB
Cached:          1183188 kB
MemTotal:        1844596 kB
MemFree:          282560 kB
MemAvailable:    1444840 kB
Buffers:           86460 kB
Cached:          1183188 kB
MemTotal:        1844596 kB
MemFree:          283104 kB
MemAvailable:    1445384 kB
Buffers:           86460 kB
Cached:          1183188 kB
MemTotal:        1844596 kB
MemFree:          282180 kB
MemAvailable:    1444460 kB
Buffers:           86460 kB
Cached:          1183188 kB
MemTotal:        1844596 kB
MemFree:          283076 kB
MemAvailable:    1445356 kB
Buffers:           86460 kB
Cached:          1183188 kB
MemTotal:        1844596 kB
MemFree:          281816 kB
MemAvailable:    1444096 kB
Buffers:           86460 kB
Cached:          1183188 kB
MemTotal:        1844596 kB
MemFree:          281892 kB
MemAvailable:    1444172 kB
Buffers:           86460 kB
Cached:          1183188 kB
MemTotal:        1844596 kB
MemFree:          283008 kB
MemAvailable:    1445288 kB
Buffers:           86460 kB
Cached:          1183188 kB
MemTotal:        1844596 kB
MemFree:          281768 kB
MemAvailable:    1444048 kB
Buffers:           86460 kB
Cached:          1183188 kB
MemTotal:        1844596 kB
MemFree:          281644 kB
MemAvailable:    1443924 kB
Buffers:           86460 kB
Cached:          1183188 kB
MemTotal:        1844596 kB
MemFree:          282792 kB
MemAvailable:    1445072 kB
Buffers:           86460 kB
Cached:          1183188 kB
MemTotal:        1844596 kB
MemFree:          282808 kB
MemAvailable:    1445088 kB
Buffers:           86460 kB
Cached:          1183188 kB
MemTotal:        1844596 kB
MemFree:          282972 kB
MemAvailable:    1445252 kB
Buffers:           86460 kB
Cached:          1183188 kB
MemTotal:        1844596 kB
MemFree:          283036 kB
MemAvailable:    1445316 kB
Buffers:           86460 kB
Cached:          1183188 kB
MemTotal:        1844596 kB
MemFree:          281816 kB
MemAvailable:    1444096 kB
Buffers:           86460 kB
Cached:          1183188 kB
MemTotal:        1844596 kB
MemFree:          281676 kB
MemAvailable:    1443956 kB
Buffers:           86460 kB
Cached:          1183188 kB
MemTotal:        1844596 kB
MemFree:          283048 kB
MemAvailable:    1445328 kB
Buffers:           86460 kB
Cached:          1183188 kB
MemTotal:        1844596 kB
MemFree:          282808 kB
MemAvailable:    1445088 kB
Buffers:           86460 kB
Cached:          1183188 kB
MemTotal:        1844596 kB
MemFree:          282836 kB
MemAvailable:    1445116 kB
Buffers:           86460 kB
Cached:          1183188 kB
MemTotal:        1844596 kB
MemFree:          282836 kB
MemAvailable:    1445116 kB
Buffers:           86460 kB
Cached:          1183188 kB
MemTotal:        1844596 kB
MemFree:          281804 kB
MemAvailable:    1444084 kB
Buffers:           86460 kB
Cached:          1183188 kB
MemTotal:        1844596 kB
MemFree:          281808 kB
MemAvailable:    1444096 kB
Buffers:           86460 kB
Cached:          1183196 kB
MemTotal:        1844596 kB
MemFree:          281808 kB
MemAvailable:    1444096 kB
Buffers:           86460 kB
Cached:          1183196 kB
MemTotal:        1844596 kB
MemFree:          282388 kB
MemAvailable:    1444676 kB
Buffers:           86460 kB
Cached:          1183196 kB
MemTotal:        1844596 kB
MemFree:          282980 kB
MemAvailable:    1445268 kB
Buffers:           86460 kB
Cached:          1183196 kB
MemTotal:        1844596 kB
MemFree:          282932 kB
MemAvailable:    1445220 kB
Buffers:           86460 kB
Cached:          1183196 kB
MemTotal:        1844596 kB
MemFree:          282992 kB
MemAvailable:    1445280 kB
Buffers:           86460 kB
Cached:          1183196 kB
MemTotal:        1844596 kB
MemFree:          282992 kB
MemAvailable:    1445280 kB
Buffers:           86460 kB
Cached:          1183196 kB
MemTotal:        1844596 kB
MemFree:          282992 kB
MemAvailable:    1445280 kB
Buffers:           86460 kB
Cached:          1183196 kB
MemTotal:        1844596 kB
MemFree:          282312 kB
MemAvailable:    1444600 kB
Buffers:           86460 kB
Cached:          1183196 kB
MemTotal:        1844596 kB
MemFree:          282992 kB
MemAvailable:    1445280 kB
Buffers:           86460 kB
Cached:          1183196 kB
MemTotal:        1844596 kB
MemFree:          283056 kB
MemAvailable:    1445344 kB
Buffers:           86460 kB
Cached:          1183196 kB
MemTotal:        1844596 kB
MemFree:          281644 kB
MemAvailable:    1443932 kB
Buffers:           86460 kB
Cached:          1183196 kB
MemTotal:        1844596 kB
MemFree:          281636 kB
MemAvailable:    1443924 kB
Buffers:           86460 kB
Cached:          1183196 kB
MemTotal:        1844596 kB
MemFree:          283044 kB
MemAvailable:    1445332 kB
Buffers:           86460 kB
Cached:          1183196 kB
MemTotal:        1844596 kB
MemFree:          282932 kB
MemAvailable:    1445220 kB
Buffers:           86460 kB
Cached:          1183196 kB
MemTotal:        1844596 kB
MemFree:          283040 kB
MemAvailable:    1445328 kB
Buffers:           86460 kB
Cached:          1183196 kB
MemTotal:        1844596 kB
MemFree:          282436 kB
MemAvailable:    1444724 kB
Buffers:           86460 kB
Cached:          1183196 kB
MemTotal:        1844596 kB
MemFree:          281776 kB
MemAvailable:    1444064 kB
Buffers:           86460 kB
Cached:          1183196 kB
MemTotal:        1844596 kB
MemFree:          281776 kB
MemAvailable:    1444064 kB
Buffers:           86460 kB
Cached:          1183196 kB
MemTotal:        1844596 kB
MemFree:          281776 kB
MemAvailable:    1444064 kB
Buffers:           86460 kB
Cached:          1183196 kB
MemTotal:        1844596 kB
MemFree:          282792 kB
MemAvailable:    1445080 kB
Buffers:           86460 kB
Cached:          1183196 kB
MemTotal:        1844596 kB
MemFree:          282792 kB
MemAvailable:    1445080 kB
Buffers:           86460 kB
Cached:          1183196 kB
MemTotal:        1844596 kB
MemFree:          282740 kB
MemAvailable:    1445028 kB
Buffers:           86460 kB
Cached:          1183196 kB
MemTotal:        1844596 kB
MemFree:          282808 kB
MemAvailable:    1445096 kB
Buffers:           86460 kB
Cached:          1183196 kB
MemTotal:        1844596 kB
MemFree:          282848 kB
MemAvailable:    1445136 kB
Buffers:           86460 kB
Cached:          1183196 kB
MemTotal:        1844596 kB
MemFree:          281632 kB
MemAvailable:    1443920 kB
Buffers:           86460 kB
Cached:          1183196 kB
MemTotal:        1844596 kB
MemFree:          282976 kB
MemAvailable:    1445264 kB
Buffers:           86460 kB
Cached:          1183196 kB
MemTotal:        1844596 kB
MemFree:          283016 kB
MemAvailable:    1445304 kB
Buffers:           86460 kB
Cached:          1183196 kB
MemTotal:        1844596 kB
MemFree:          281808 kB
MemAvailable:    1444096 kB
Buffers:           86460 kB
Cached:          1183196 kB
MemTotal:        1844596 kB
MemFree:          281772 kB
MemAvailable:    1444060 kB
Buffers:           86460 kB
Cached:          1183196 kB
MemTotal:        1844596 kB
MemFree:          282860 kB
MemAvailable:    1445148 kB
Buffers:           86460 kB
Cached:          1183196 kB
MemTotal:        1844596 kB
MemFree:          281800 kB
MemAvailable:    1444088 kB
Buffers:           86460 kB
Cached:          1183196 kB
MemTotal:        1844596 kB
MemFree:          281512 kB
MemAvailable:    1443800 kB
Buffers:           86460 kB
Cached:          1183196 kB
MemTotal:        1844596 kB
MemFree:          281636 kB
MemAvailable:    1443924 kB
Buffers:           86460 kB
Cached:          1183196 kB
MemTotal:        1844596 kB
MemFree:          282848 kB
MemAvailable:    1445136 kB
Buffers:           86460 kB
Cached:          1183196 kB
MemTotal:        1844596 kB
MemFree:          282312 kB
MemAvailable:    1444600 kB
Buffers:           86460 kB
Cached:          1183196 kB
MemTotal:        1844596 kB
MemFree:          281556 kB
MemAvailable:    1443844 kB
Buffers:           86460 kB
Cached:          1183196 kB
MemTotal:        1844596 kB
MemFree:          281556 kB
MemAvailable:    1443844 kB
Buffers:           86460 kB
Cached:          1183196 kB
MemTotal:        1844596 kB
MemFree:          282980 kB
MemAvailable:    1445268 kB
Buffers:           86460 kB
Cached:          1183196 kB
MemTotal:        1844596 kB
MemFree:          282980 kB
MemAvailable:    1445268 kB
Buffers:           86460 kB
Cached:          1183196 kB
MemTotal:        1844596 kB
MemFree:          281692 kB
MemAvailable:    1443980 kB
Buffers:           86460 kB
Cached:          1183196 kB
MemTotal:        1844596 kB
MemFree:          281560 kB
MemAvailable:    1443848 kB
Buffers:           86460 kB
Cached:          1183196 kB
MemTotal:        1844596 kB
MemFree:          281428 kB
MemAvailable:    1443716 kB
Buffers:           86460 kB
Cached:          1183196 kB
MemTotal:        1844596 kB
MemFree:          282792 kB
MemAvailable:    1445080 kB
Buffers:           86460 kB
Cached:          1183196 kB
MemTotal:        1844596 kB
MemFree:          282560 kB
MemAvailable:    1444848 kB
Buffers:           86460 kB
Cached:          1183196 kB
MemTotal:        1844596 kB
MemFree:          282848 kB
MemAvailable:    1445136 kB
Buffers:           86460 kB
Cached:          1183196 kB
MemTotal:        1844596 kB
MemFree:          281692 kB
MemAvailable:    1443980 kB
Buffers:           86460 kB
Cached:          1183196 kB
MemTotal:        1844596 kB
MemFree:          283016 kB
MemAvailable:    1445304 kB
Buffers:           86460 kB
Cached:          1183196 kB
MemTotal:        1844596 kB
MemFree:          282180 kB
MemAvailable:    1444468 kB
Buffers:           86460 kB
Cached:          1183196 kB
MemTotal:        1844596 kB
MemFree:          281568 kB
MemAvailable:    1443860 kB
Buffers:           86460 kB
Cached:          1183200 kB
MemTotal:        1844596 kB
MemFree:          282932 kB
MemAvailable:    1445224 kB
Buffers:           86460 kB
Cached:          1183200 kB
MemTotal:        1844596 kB
MemFree:          283008 kB
MemAvailable:    1445300 kB
Buffers:           86460 kB
Cached:          1183200 kB
MemTotal:        1844596 kB
MemFree:          282860 kB
MemAvailable:    1445152 kB
Buffers:           86460 kB
Cached:          1183200 kB
MemTotal:        1844596 kB
MemFree:          282820 kB
MemAvailable:    1445112 kB
Buffers:           86460 kB
Cached:          1183200 kB
MemTotal:        1844596 kB
MemFree:          282740 kB
MemAvailable:    1445032 kB
Buffers:           86460 kB
Cached:          1183200 kB
MemTotal:        1844596 kB
MemFree:          282740 kB
MemAvailable:    1445032 kB
Buffers:           86460 kB
Cached:          1183200 kB
MemTotal:        1844596 kB
MemFree:          282720 kB
MemAvailable:    1445012 kB
Buffers:           86460 kB
Cached:          1183200 kB
MemTotal:        1844596 kB
MemFree:          281552 kB
MemAvailable:    1443844 kB
Buffers:           86460 kB
Cached:          1183200 kB
MemTotal:        1844596 kB
MemFree:          281676 kB
MemAvailable:    1443968 kB
Buffers:           86460 kB
Cached:          1183200 kB
MemTotal:        1844596 kB
MemFree:          281676 kB
MemAvailable:    1443968 kB
Buffers:           86460 kB
Cached:          1183200 kB
MemTotal:        1844596 kB
MemFree:          281676 kB
MemAvailable:    1443968 kB
Buffers:           86460 kB
Cached:          1183200 kB
MemTotal:        1844596 kB
MemFree:          281916 kB
MemAvailable:    1444208 kB
Buffers:           86460 kB
Cached:          1183200 kB
MemTotal:        1844596 kB
MemFree:          281916 kB
MemAvailable:    1444208 kB
Buffers:           86460 kB
Cached:          1183200 kB
MemTotal:        1844596 kB
MemFree:          281792 kB
MemAvailable:    1444084 kB
Buffers:           86460 kB
Cached:          1183200 kB
MemTotal:        1844596 kB
MemFree:          281788 kB
MemAvailable:    1444080 kB
Buffers:           86460 kB
Cached:          1183200 kB
MemTotal:        1844596 kB
MemFree:          281532 kB
MemAvailable:    1443824 kB
Buffers:           86460 kB
Cached:          1183200 kB
MemTotal:        1844596 kB
MemFree:          282508 kB
MemAvailable:    1444800 kB
Buffers:           86460 kB
Cached:          1183200 kB
MemTotal:        1844596 kB
MemFree:          282436 kB
MemAvailable:    1444728 kB
Buffers:           86460 kB
Cached:          1183200 kB
MemTotal:        1844596 kB
MemFree:          282756 kB
MemAvailable:    1445048 kB
Buffers:           86460 kB
Cached:          1183200 kB
MemTotal:        1844596 kB
MemFree:          281932 kB
MemAvailable:    1444224 kB
Buffers:           86460 kB
Cached:          1183200 kB
MemTotal:        1844596 kB
MemFree:          281404 kB
MemAvailable:    1443700 kB
Buffers:           86460 kB
Cached:          1183204 kB
MemTotal:        1844596 kB
MemFree:          281396 kB
MemAvailable:    1443692 kB
Buffers:           86460 kB
Cached:          1183204 kB
MemTotal:        1844596 kB
MemFree:          281684 kB
MemAvailable:    1443984 kB
Buffers:           86460 kB
Cached:          1183208 kB
MemTotal:        1844596 kB
MemFree:          282688 kB
MemAvailable:    1444988 kB
Buffers:           86460 kB
Cached:          1183208 kB
MemTotal:        1844596 kB
MemFree:          282064 kB
MemAvailable:    1444364 kB
Buffers:           86460 kB
Cached:          1183208 kB
MemTotal:        1844596 kB
MemFree:          282596 kB
MemAvailable:    1444896 kB
Buffers:           86460 kB
Cached:          1183208 kB
MemTotal:        1844596 kB
MemFree:          282816 kB
MemAvailable:    1445116 kB
Buffers:           86460 kB
Cached:          1183208 kB
MemTotal:        1844596 kB
MemFree:          282612 kB
MemAvailable:    1444912 kB
Buffers:           86460 kB
Cached:          1183208 kB
MemTotal:        1844596 kB
MemFree:          281388 kB
MemAvailable:    1443688 kB
Buffers:           86460 kB
Cached:          1183208 kB
MemTotal:        1844596 kB
MemFree:          281636 kB
MemAvailable:    1443936 kB
Buffers:           86460 kB
Cached:          1183208 kB
MemTotal:        1844596 kB
MemFree:          281512 kB
MemAvailable:    1443812 kB
Buffers:           86460 kB
Cached:          1183208 kB
MemTotal:        1844596 kB
MemFree:          281292 kB
MemAvailable:    1443592 kB
Buffers:           86460 kB
Cached:          1183208 kB
MemTotal:        1844596 kB
MemFree:          282500 kB
MemAvailable:    1444800 kB
Buffers:           86460 kB
Cached:          1183208 kB
MemTotal:        1844596 kB
MemFree:          281420 kB
MemAvailable:    1443720 kB
Buffers:           86460 kB
Cached:          1183208 kB
MemTotal:        1844596 kB
MemFree:          282688 kB
MemAvailable:    1444988 kB
Buffers:           86460 kB
Cached:          1183208 kB
MemTotal:        1844596 kB
MemFree:          282772 kB
MemAvailable:    1445072 kB
Buffers:           86460 kB
Cached:          1183208 kB
MemTotal:        1844596 kB
MemFree:          281160 kB
MemAvailable:    1443460 kB
Buffers:           86460 kB
Cached:          1183208 kB
MemTotal:        1844596 kB
MemFree:          281272 kB
MemAvailable:    1443572 kB
Buffers:           86460 kB
Cached:          1183208 kB
MemTotal:        1844596 kB
MemFree:          281396 kB
MemAvailable:    1443696 kB
Buffers:           86460 kB
Cached:          1183208 kB
MemTotal:        1844596 kB
MemFree:          281320 kB
MemAvailable:    1443620 kB
Buffers:           86460 kB
Cached:          1183208 kB
MemTotal:        1844596 kB
MemFree:          282728 kB
MemAvailable:    1445028 kB
Buffers:           86460 kB
Cached:          1183208 kB
MemTotal:        1844596 kB
MemFree:          282676 kB
MemAvailable:    1444976 kB
Buffers:           86460 kB
Cached:          1183208 kB
MemTotal:        1844596 kB
MemFree:          281320 kB
MemAvailable:    1443620 kB
Buffers:           86460 kB
Cached:          1183208 kB
MemTotal:        1844596 kB
MemFree:          282656 kB
MemAvailable:    1444956 kB
Buffers:           86460 kB
Cached:          1183208 kB
MemTotal:        1844596 kB
MemFree:          281816 kB
MemAvailable:    1444116 kB
Buffers:           86460 kB
Cached:          1183208 kB
MemTotal:        1844596 kB
MemFree:          282380 kB
MemAvailable:    1444680 kB
Buffers:           86460 kB
Cached:          1183208 kB
MemTotal:        1844596 kB
MemFree:          282108 kB
MemAvailable:    1444408 kB
Buffers:           86460 kB
Cached:          1183208 kB
MemTotal:        1844596 kB
MemFree:          282484 kB
MemAvailable:    1444784 kB
Buffers:           86460 kB
Cached:          1183208 kB
MemTotal:        1844596 kB
MemFree:          282428 kB
MemAvailable:    1444728 kB
Buffers:           86460 kB
Cached:          1183208 kB
MemTotal:        1844596 kB
MemFree:          282320 kB
MemAvailable:    1444620 kB
Buffers:           86460 kB
Cached:          1183208 kB
MemTotal:        1844596 kB
MemFree:          281188 kB
MemAvailable:    1443488 kB
Buffers:           86460 kB
Cached:          1183208 kB
MemTotal:        1844596 kB
MemFree:          281444 kB
MemAvailable:    1443744 kB
Buffers:           86460 kB
Cached:          1183208 kB
MemTotal:        1844596 kB
MemFree:          282428 kB
MemAvailable:    1444728 kB
Buffers:           86460 kB
Cached:          1183208 kB
MemTotal:        1844596 kB
MemFree:          282764 kB
MemAvailable:    1445064 kB
Buffers:           86460 kB
Cached:          1183208 kB
MemTotal:        1844596 kB
MemFree:          282728 kB
MemAvailable:    1445028 kB
Buffers:           86460 kB
Cached:          1183208 kB
MemTotal:        1844596 kB
MemFree:          281396 kB
MemAvailable:    1443696 kB
Buffers:           86460 kB
Cached:          1183208 kB
MemTotal:        1844596 kB
MemFree:          282368 kB
MemAvailable:    1444668 kB
Buffers:           86460 kB
Cached:          1183208 kB
MemTotal:        1844596 kB
MemFree:          282620 kB
MemAvailable:    1444920 kB
Buffers:           86460 kB
Cached:          1183208 kB
MemTotal:        1844596 kB
MemFree:          281512 kB
MemAvailable:    1443812 kB
Buffers:           86460 kB
Cached:          1183208 kB
MemTotal:        1844596 kB
