MemTotal:        1844596 kB
MemFree:          813872 kB
MemAvailable:    1576320 kB
Buffers:           73532 kB
Cached:           809592 kB
MemTotal:        1844596 kB
MemFree:          813376 kB
MemAvailable:    1575824 kB
Buffers:           73532 kB
Cached:           809592 kB
MemTotal:        1844596 kB
MemFree:          811004 kB
MemAvailable:    1573452 kB
Buffers:           73532 kB
Cached:           809592 kB
MemTotal:        1844596 kB
MemFree:          810840 kB
MemAvailable:    1573288 kB
Buffers:           73532 kB
Cached:           809592 kB
MemTotal:        1844596 kB
MemFree:          809716 kB
MemAvailable:    1572164 kB
Buffers:           73532 kB
Cached:           809592 kB
MemTotal:        1844596 kB
MemFree:          809516 kB
MemAvailable:    1571964 kB
Buffers:           73532 kB
Cached:           809592 kB
MemTotal:        1844596 kB
MemFree:          809532 kB
MemAvailable:    1571980 kB
Buffers:           73532 kB
Cached:           809592 kB
MemTotal:        1844596 kB
MemFree:          807548 kB
MemAvailable:    1569996 kB
Buffers:           73532 kB
Cached:           809592 kB
MemTotal:        1844596 kB
MemFree:          804324 kB
MemAvailable:    1566772 kB
Buffers:           73532 kB
Cached:           809592 kB
MemTotal:        1844596 kB
MemFree:          802896 kB
MemAvailable:    1565344 kB
Buffers:           73532 kB
Cached:           809592 kB
MemTotal:        1844596 kB
MemFree:          799488 kB
MemAvailable:    1561936 kB
Buffers:           73532 kB
Cached:           809592 kB
MemTotal:        1844596 kB
MemFree:          800896 kB
MemAvailable:    1563344 kB
Buffers:           73532 kB
Cached:           809592 kB
MemTotal:        1844596 kB
MemFree:          800480 kB
MemAvailable:    1562928 kB
Buffers:           73532 kB
Cached:           809592 kB
MemTotal:        1844596 kB
MemFree:          800964 kB
MemAvailable:    1563412 kB
Buffers:           73532 kB
Cached:           809592 kB
MemTotal:        1844596 kB
MemFree:          799964 kB
MemAvailable:    1562412 kB
Buffers:           73532 kB
Cached:           809592 kB
MemTotal:        1844596 kB
MemFree:          799716 kB
MemAvailable:    1562164 kB
Buffers:           73532 kB
Cached:           809592 kB
MemTotal:        1844596 kB
MemFree:          799716 kB
MemAvailable:    1562164 kB
Buffers:           73532 kB
Cached:           809592 kB
MemTotal:        1844596 kB
MemFree:          801016 kB
MemAvailable:    1563464 kB
Buffers:           73532 kB
Cached:           809592 kB
MemTotal:        1844596 kB
MemFree:          800464 kB
MemAvailable:    1562912 kB
Buffers:           73532 kB
Cached:           809592 kB
MemTotal:        1844596 kB
MemFree:          800548 kB
MemAvailable:    1562996 kB
Buffers:           73532 kB
Cached:           809592 kB
MemTotal:        1844596 kB
MemFree:          800424 kB
MemAvailable:    1562872 kB
Buffers:           73532 kB
Cached:           809592 kB
MemTotal:        1844596 kB
MemFree:          799240 kB
MemAvailable:    1561688 kB
Buffers:           73532 kB
Cached:           809592 kB
MemTotal:        1844596 kB
MemFree:          798604 kB
MemAvailable:    1561056 kB
Buffers:           73532 kB
Cached:           809596 kB
MemTotal:        1844596 kB
MemFree:          798688 kB
MemAvailable:    1561140 kB
Buffers:           73532 kB
Cached:           809596 kB
MemTotal:        1844596 kB
MemFree:          798432 kB
MemAvailable:    1560884 kB
Buffers:           73532 kB
Cached:           809596 kB
MemTotal:        1844596 kB
MemFree:          798684 kB
MemAvailable:    1561136 kB
Buffers:           73532 kB
Cached:           809596 kB
MemTotal:        1844596 kB
MemFree:          798308 kB
MemAvailable:    1560760 kB
Buffers:           73532 kB
Cached:           809596 kB
MemTotal:        1844596 kB
MemFree:          798564 kB
MemAvailable:    1561016 kB
Buffers:           73532 kB
Cached:           809596 kB
MemTotal:        1844596 kB
MemFree:          797360 kB
MemAvailable:    1559812 kB
Buffers:           73532 kB
Cached:           809596 kB
MemTotal:        1844596 kB
MemFree:          797360 kB
MemAvailable:    1559812 kB
Buffers:           73532 kB
Cached:           809596 kB
MemTotal:        1844596 kB
MemFree:          797484 kB
MemAvailable:    1559936 kB
Buffers:           73532 kB
Cached:           809596 kB
MemTotal:        1844596 kB
MemFree:          798424 kB
MemAvailable:    1560876 kB
Buffers:           73532 kB
Cached:           809596 kB
MemTotal:        1844596 kB
MemFree:          798448 kB
MemAvailable:    1560900 kB
Buffers:           73532 kB
Cached:           809596 kB
MemTotal:        1844596 kB
MemFree:          798700 kB
MemAvailable:    1561152 kB
Buffers:           73532 kB
Cached:           809596 kB
MemTotal:        1844596 kB
MemFree:          798508 kB
MemAvailable:    1560960 kB
Buffers:           73532 kB
Cached:           809596 kB
MemTotal:        1844596 kB
MemFree:          797008 kB
MemAvailable:    1559460 kB
Buffers:           73532 kB
Cached:           809596 kB
MemTotal:        1844596 kB
MemFree:          794092 kB
MemAvailable:    1556544 kB
Buffers:           73532 kB
Cached:           809596 kB
MemTotal:        1844596 kB
MemFree:          793836 kB
MemAvailable:    1556288 kB
Buffers:           73532 kB
Cached:           809596 kB
MemTotal:        1844596 kB
MemFree:          793040 kB
MemAvailable:    1555492 kB
Buffers:           73532 kB
Cached:           809596 kB
MemTotal:        1844596 kB
MemFree:          793516 kB
MemAvailable:    1555968 kB
Buffers:           73532 kB
Cached:           809596 kB
MemTotal:        1844596 kB
MemFree:          793852 kB
MemAvailable:    1556304 kB
Buffers:           73532 kB
Cached:           809596 kB
MemTotal:        1844596 kB
MemFree:          792352 kB
MemAvailable:    1554804 kB
Buffers:           73532 kB
Cached:           809596 kB
MemTotal:        1844596 kB
MemFree:          792228 kB
MemAvailable:    1554680 kB
Buffers:           73532 kB
Cached:           809596 kB
MemTotal:        1844596 kB
MemFree:          793336 kB
MemAvailable:    1555788 kB
Buffers:           73532 kB
Cached:           809596 kB
MemTotal:        1844596 kB
MemFree:          792104 kB
MemAvailable:    1554556 kB
Buffers:           73532 kB
Cached:           809596 kB
MemTotal:        1844596 kB
MemFree:          792900 kB
MemAvailable:    1555352 kB
Buffers:           73532 kB
Cached:           809596 kB
MemTotal:        1844596 kB
MemFree:          792792 kB
MemAvailable:    1555244 kB
Buffers:           73532 kB
Cached:           809596 kB
MemTotal:        1844596 kB
MemFree:          792604 kB
MemAvailable:    1555056 kB
Buffers:           73532 kB
Cached:           809596 kB
MemTotal:        1844596 kB
MemFree:          792772 kB
MemAvailable:    1555224 kB
Buffers:           73532 kB
Cached:           809596 kB
MemTotal:        1844596 kB
MemFree:          791248 kB
MemAvailable:    1553700 kB
Buffers:           73532 kB
Cached:           809596 kB
MemTotal:        1844596 kB
MemFree:          792048 kB
MemAvailable:    1554500 kB
Buffers:           73532 kB
Cached:           809596 kB
MemTotal:        1844596 kB
MemFree:          792652 kB
MemAvailable:    1555108 kB
Buffers:           73532 kB
Cached:           809600 kB
MemTotal:        1844596 kB
MemFree:          792988 kB
MemAvailable:    1555444 kB
Buffers:           73532 kB
Cached:           809600 kB
MemTotal:        1844596 kB
MemFree:          792420 kB
MemAvailable:    1554876 kB
Buffers:           73532 kB
Cached:           809600 kB
MemTotal:        1844596 kB
MemFree:          792156 kB
MemAvailable:    1554612 kB
Buffers:           73532 kB
Cached:           809600 kB
MemTotal:        1844596 kB
MemFree:          792240 kB
MemAvailable:    1554696 kB
Buffers:           73532 kB
Cached:           809600 kB
MemTotal:        1844596 kB
MemFree:          791860 kB
MemAvailable:    1554316 kB
Buffers:           73532 kB
Cached:           809600 kB
MemTotal:        1844596 kB
MemFree:          792112 kB
MemAvailable:    1554568 kB
Buffers:           73532 kB
Cached:           809600 kB
MemTotal:        1844596 kB
MemFree:          790544 kB
MemAvailable:    1553000 kB
Buffers:           73532 kB
Cached:           809600 kB
MemTotal:        1844596 kB
MemFree:          790668 kB
MemAvailable:    1553124 kB
Buffers:           73532 kB
Cached:           809600 kB
MemTotal:        1844596 kB
MemFree:          790884 kB
MemAvailable:    1553340 kB
Buffers:           73532 kB
Cached:           809600 kB
MemTotal:        1844596 kB
MemFree:          791964 kB
MemAvailable:    1554420 kB
Buffers:           73532 kB
Cached:           809600 kB
MemTotal:        1844596 kB
MemFree:          792092 kB
MemAvailable:    1554548 kB
Buffers:           73532 kB
Cached:           809600 kB
MemTotal:        1844596 kB
MemFree:          791180 kB
MemAvailable:    1553636 kB
Buffers:           73532 kB
Cached:           809600 kB
MemTotal:        1844596 kB
MemFree:          791044 kB
MemAvailable:    1553500 kB
Buffers:           73532 kB
Cached:           809600 kB
MemTotal:        1844596 kB
MemFree:          791972 kB
MemAvailable:    1554428 kB
Buffers:           73532 kB
Cached:           809600 kB
MemTotal:        1844596 kB
MemFree:          790664 kB
MemAvailable:    1553120 kB
Buffers:           73532 kB
Cached:           809600 kB
MemTotal:        1844596 kB
MemFree:          790436 kB
MemAvailable:    1552892 kB
Buffers:           73532 kB
Cached:           809600 kB
MemTotal:        1844596 kB
MemFree:          787460 kB
MemAvailable:    1549916 kB
Buffers:           73532 kB
Cached:           809600 kB
MemTotal:        1844596 kB
MemFree:          786024 kB
MemAvailable:    1548480 kB
Buffers:           73532 kB
Cached:           809600 kB
MemTotal:        1844596 kB
MemFree:          785964 kB
MemAvailable:    1548420 kB
Buffers:           73532 kB
Cached:           809600 kB
MemTotal:        1844596 kB
MemFree:          785964 kB
MemAvailable:    1548420 kB
Buffers:           73532 kB
Cached:           809600 kB
MemTotal:        1844596 kB
MemFree:          785212 kB
MemAvailable:    1547668 kB
Buffers:           73532 kB
Cached:           809600 kB
MemTotal:        1844596 kB
MemFree:          785296 kB
MemAvailable:    1547752 kB
Buffers:           73532 kB
Cached:           809600 kB
MemTotal:        1844596 kB
MemFree:          784784 kB
MemAvailable:    1547240 kB
Buffers:           73532 kB
Cached:           809600 kB
MemTotal:        1844596 kB
MemFree:          785036 kB
MemAvailable:    1547492 kB
Buffers:           73532 kB
Cached:           809600 kB
MemTotal:        1844596 kB
MemFree:          783552 kB
MemAvailable:    1546008 kB
Buffers:           73532 kB
Cached:           809600 kB
MemTotal:        1844596 kB
MemFree:          785084 kB
MemAvailable:    1547540 kB
Buffers:           73532 kB
Cached:           809600 kB
MemTotal:        1844596 kB
MemFree:          784592 kB
MemAvailable:    1547048 kB
Buffers:           73532 kB
Cached:           809600 kB
MemTotal:        1844596 kB
MemFree:          784592 kB
MemAvailable:    1547048 kB
Buffers:           73532 kB
Cached:           809600 kB
MemTotal:        1844596 kB
MemFree:          782972 kB
MemAvailable:    1545428 kB
Buffers:           73532 kB
Cached:           809600 kB
MemTotal:        1844596 kB
MemFree:          784204 kB
MemAvailable:    1546660 kB
Buffers:           73532 kB
Cached:           809600 kB
MemTotal:        1844596 kB
MemFree:          783484 kB
MemAvailable:    1545940 kB
Buffers:           73532 kB
Cached:           809600 kB
MemTotal:        1844596 kB
MemFree:          782980 kB
MemAvailable:    1545436 kB
Buffers:           73532 kB
Cached:           809600 kB
MemTotal:        1844596 kB
MemFree:          783316 kB
MemAvailable:    1545772 kB
Buffers:           73532 kB
Cached:           809600 kB
MemTotal:        1844596 kB
MemFree:          781128 kB
MemAvailable:    1543584 kB
Buffers:           73532 kB
Cached:           809600 kB
MemTotal:        1844596 kB
MemFree:          781004 kB
MemAvailable:    1543460 kB
Buffers:           73532 kB
Cached:           809600 kB
MemTotal:        1844596 kB
MemFree:          782328 kB
MemAvailable:    1544784 kB
Buffers:           73532 kB
Cached:           809600 kB
MemTotal:        1844596 kB
MemFree:          782320 kB
MemAvailable:    1544776 kB
Buffers:           73532 kB
Cached:           809600 kB
MemTotal:        1844596 kB
MemFree:          782324 kB
MemAvailable:    1544780 kB
Buffers:           73532 kB
Cached:           809600 kB
MemTotal:        1844596 kB
MemFree:          781260 kB
MemAvailable:    1543716 kB
Buffers:           73532 kB
Cached:           809600 kB
MemTotal:        1844596 kB
MemFree:          782100 kB
MemAvailable:    1544556 kB
Buffers:           73532 kB
Cached:           809600 kB
MemTotal:        1844596 kB
MemFree:          782436 kB
MemAvailable:    1544892 kB
Buffers:           73532 kB
Cached:           809600 kB
MemTotal:        1844596 kB
MemFree:          780860 kB
MemAvailable:    1543316 kB
Buffers:           73532 kB
Cached:           809600 kB
MemTotal:        1844596 kB
MemFree:          781968 kB
MemAvailable:    1544424 kB
Buffers:           73532 kB
Cached:           809600 kB
MemTotal:        1844596 kB
MemFree:          782136 kB
MemAvailable:    1544592 kB
Buffers:           73532 kB
Cached:           809600 kB
MemTotal:        1844596 kB
MemFree:          782252 kB
MemAvailable:    1544708 kB
Buffers:           73532 kB
Cached:           809600 kB
MemTotal:        1844596 kB
MemFree:          781756 kB
MemAvailable:    1544212 kB
Buffers:           73532 kB
Cached:           809600 kB
MemTotal:        1844596 kB
MemFree:          782500 kB
MemAvailable:    1544964 kB
Buffers:           73532 kB
Cached:           809608 kB
MemTotal:        1844596 kB
MemFree:          781748 kB
MemAvailable:    1544212 kB
Buffers:           73532 kB
Cached:           809608 kB
MemTotal:        1844596 kB
MemFree:          782004 kB
MemAvailable:    1544468 kB
Buffers:           73532 kB
Cached:           809608 kB
MemTotal:        1844596 kB
MemFree:          780632 kB
MemAvailable:    1543096 kB
Buffers:           73532 kB
Cached:           809608 kB
MemTotal:        1844596 kB
MemFree:          781436 kB
MemAvailable:    1543900 kB
Buffers:           73532 kB
Cached:           809608 kB
MemTotal:        1844596 kB
MemFree:          780268 kB
MemAvailable:    1542732 kB
Buffers:           73532 kB
Cached:           809608 kB
MemTotal:        1844596 kB
MemFree:          780708 kB
MemAvailable:    1543172 kB
Buffers:           73532 kB
Cached:           809608 kB
MemTotal:        1844596 kB
MemFree:          780636 kB
MemAvailable:    1543100 kB
Buffers:           73532 kB
Cached:           809608 kB
MemTotal:        1844596 kB
MemFree:          779648 kB
MemAvailable:    1542112 kB
Buffers:           73532 kB
Cached:           809608 kB
MemTotal:        1844596 kB
MemFree:          779132 kB
MemAvailable:    1541596 kB
Buffers:           73532 kB
Cached:           809608 kB
MemTotal:        1844596 kB
MemFree:          780440 kB
MemAvailable:    1542904 kB
Buffers:           73532 kB
Cached:           809608 kB
MemTotal:        1844596 kB
MemFree:          779948 kB
MemAvailable:    1542412 kB
Buffers:           73532 kB
Cached:           809608 kB
MemTotal:        1844596 kB
MemFree:          778532 kB
MemAvailable:    1540996 kB
Buffers:           73532 kB
Cached:           809608 kB
MemTotal:        1844596 kB
MemFree:          778516 kB
MemAvailable:    1540980 kB
Buffers:           73532 kB
Cached:           809608 kB
MemTotal:        1844596 kB
MemFree:          778780 kB
MemAvailable:    1541244 kB
Buffers:           73532 kB
Cached:           809608 kB
MemTotal:        1844596 kB
MemFree:          779468 kB
MemAvailable:    1541932 kB
Buffers:           73532 kB
Cached:           809608 kB
MemTotal:        1844596 kB
MemFree:          779804 kB
MemAvailable:    1542268 kB
Buffers:           73532 kB
Cached:           809608 kB
MemTotal:        1844596 kB
MemFree:          778532 kB
MemAvailable:    1540996 kB
Buffers:           73532 kB
Cached:           809608 kB
MemTotal:        1844596 kB
MemFree:          778400 kB
MemAvailable:    1540864 kB
Buffers:           73532 kB
Cached:           809608 kB
MemTotal:        1844596 kB
MemFree:          778484 kB
MemAvailable:    1540948 kB
Buffers:           73532 kB
Cached:           809608 kB
MemTotal:        1844596 kB
MemFree:          778476 kB
MemAvailable:    1540940 kB
Buffers:           73532 kB
Cached:           809608 kB
MemTotal:        1844596 kB
MemFree:          778028 kB
MemAvailable:    1540492 kB
Buffers:           73532 kB
Cached:           809608 kB
MemTotal:        1844596 kB
MemFree:          778096 kB
MemAvailable:    1540560 kB
Buffers:           73532 kB
Cached:           809608 kB
MemTotal:        1844596 kB
MemFree:          775804 kB
MemAvailable:    1538268 kB
Buffers:           73532 kB
Cached:           809608 kB
MemTotal:        1844596 kB
MemFree:          774068 kB
MemAvailable:    1536532 kB
Buffers:           73532 kB
Cached:           809608 kB
MemTotal:        1844596 kB
MemFree:          771456 kB
MemAvailable:    1533920 kB
Buffers:           73532 kB
Cached:           809608 kB
MemTotal:        1844596 kB
MemFree:          769976 kB
MemAvailable:    1532440 kB
Buffers:           73532 kB
Cached:           809608 kB
MemTotal:        1844596 kB
MemFree:          768348 kB
MemAvailable:    1530812 kB
Buffers:           73532 kB
Cached:           809608 kB
MemTotal:        1844596 kB
MemFree:          769572 kB
MemAvailable:    1532036 kB
Buffers:           73532 kB
Cached:           809608 kB
MemTotal:        1844596 kB
MemFree:          769572 kB
MemAvailable:    1532036 kB
Buffers:           73532 kB
Cached:           809608 kB
MemTotal:        1844596 kB
MemFree:          769608 kB
MemAvailable:    1532072 kB
Buffers:           73532 kB
Cached:           809608 kB
MemTotal:        1844596 kB
MemFree:          768176 kB
MemAvailable:    1530640 kB
Buffers:           73532 kB
Cached:           809608 kB
MemTotal:        1844596 kB
MemFree:          768604 kB
MemAvailable:    1531068 kB
Buffers:           73532 kB
Cached:           809608 kB
MemTotal:        1844596 kB
MemFree:          768604 kB
MemAvailable:    1531068 kB
Buffers:           73532 kB
Cached:           809608 kB
MemTotal:        1844596 kB
MemFree:          768108 kB
MemAvailable:    1530572 kB
Buffers:           73532 kB
Cached:           809608 kB
MemTotal:        1844596 kB
MemFree:          768364 kB
MemAvailable:    1530828 kB
Buffers:           73532 kB
Cached:           809608 kB
MemTotal:        1844596 kB
MemFree:          766992 kB
MemAvailable:    1529456 kB
Buffers:           73532 kB
Cached:           809608 kB
MemTotal:        1844596 kB
MemFree:          767904 kB
MemAvailable:    1530368 kB
Buffers:           73532 kB
Cached:           809608 kB
MemTotal:        1844596 kB
MemFree:          767000 kB
MemAvailable:    1529464 kB
Buffers:           73532 kB
Cached:           809608 kB
MemTotal:        1844596 kB
MemFree:          767856 kB
MemAvailable:    1530320 kB
Buffers:           73532 kB
Cached:           809608 kB
MemTotal:        1844596 kB
MemFree:          767868 kB
MemAvailable:    1530332 kB
Buffers:           73532 kB
Cached:           809608 kB
MemTotal:        1844596 kB
MemFree:          767604 kB
MemAvailable:    1530068 kB
Buffers:           73532 kB
Cached:           809608 kB
MemTotal:        1844596 kB
MemFree:          767944 kB
MemAvailable:    1530408 kB
Buffers:           73532 kB
Cached:           809608 kB
MemTotal:        1844596 kB
MemFree:          767748 kB
MemAvailable:    1530212 kB
Buffers:           73532 kB
Cached:           809608 kB
MemTotal:        1844596 kB
MemFree:          766448 kB
MemAvailable:    1528912 kB
Buffers:           73532 kB
Cached:           809608 kB
MemTotal:        1844596 kB
MemFree:          766564 kB
MemAvailable:    1529028 kB
Buffers:           73532 kB
Cached:           809608 kB
MemTotal:        1844596 kB
MemFree:          767116 kB
MemAvailable:    1529580 kB
Buffers:           73532 kB
Cached:           809608 kB
MemTotal:        1844596 kB
MemFree:          767804 kB
MemAvailable:    1530268 kB
Buffers:           73532 kB
Cached:           809608 kB
MemTotal:        1844596 kB
MemFree:          766628 kB
MemAvailable:    1529092 kB
Buffers:           73532 kB
Cached:           809608 kB
MemTotal:        1844596 kB
MemFree:          767928 kB
MemAvailable:    1530392 kB
Buffers:           73532 kB
Cached:           809608 kB
MemTotal:        1844596 kB
MemFree:          767124 kB
MemAvailable:    1529588 kB
Buffers:           73532 kB
Cached:           809608 kB
MemTotal:        1844596 kB
MemFree:          767748 kB
MemAvailable:    1530212 kB
Buffers:           73532 kB
Cached:           809608 kB
MemTotal:        1844596 kB
MemFree:          767816 kB
MemAvailable:    1530280 kB
Buffers:           73532 kB
Cached:           809608 kB
MemTotal:        1844596 kB
MemFree:          766440 kB
MemAvailable:    1528904 kB
Buffers:           73532 kB
Cached:           809608 kB
MemTotal:        1844596 kB
MemFree:          763404 kB
MemAvailable:    1525868 kB
Buffers:           73532 kB
Cached:           809608 kB
MemTotal:        1844596 kB
MemFree:          761480 kB
MemAvailable:    1523944 kB
Buffers:           73532 kB
Cached:           809608 kB
MemTotal:        1844596 kB
MemFree:          757808 kB
MemAvailable:    1520272 kB
Buffers:           73532 kB
Cached:           809608 kB
MemTotal:        1844596 kB
MemFree:          756700 kB
MemAvailable:    1519164 kB
Buffers:           73532 kB
Cached:           809608 kB
MemTotal:        1844596 kB
MemFree:          755824 kB
MemAvailable:    1518288 kB
Buffers:           73532 kB
Cached:           809608 kB
MemTotal:        1844596 kB
MemFree:          755908 kB
MemAvailable:    1518372 kB
Buffers:           73532 kB
Cached:           809608 kB
MemTotal:        1844596 kB
MemFree:          754412 kB
MemAvailable:    1516876 kB
Buffers:           73532 kB
Cached:           809608 kB
MemTotal:        1844596 kB
MemFree:          755812 kB
MemAvailable:    1518276 kB
Buffers:           73532 kB
Cached:           809608 kB
MemTotal:        1844596 kB
MemFree:          754572 kB
MemAvailable:    1517036 kB
Buffers:           73532 kB
Cached:           809608 kB
MemTotal:        1844596 kB
MemFree:          754580 kB
MemAvailable:    1517044 kB
Buffers:           73532 kB
Cached:           809608 kB
MemTotal:        1844596 kB
MemFree:          754840 kB
MemAvailable:    1517304 kB
Buffers:           73532 kB
Cached:           809608 kB
MemTotal:        1844596 kB
MemFree:          755432 kB
MemAvailable:    1517896 kB
Buffers:           73532 kB
Cached:           809608 kB
MemTotal:        1844596 kB
MemFree:          755768 kB
MemAvailable:    1518232 kB
Buffers:           73532 kB
Cached:           809608 kB
MemTotal:        1844596 kB
MemFree:          755204 kB
MemAvailable:    1517668 kB
Buffers:           73532 kB
Cached:           809608 kB
MemTotal:        1844596 kB
MemFree:          755288 kB
MemAvailable:    1517752 kB
Buffers:           73532 kB
Cached:           809608 kB
MemTotal:        1844596 kB
MemFree:          755160 kB
MemAvailable:    1517624 kB
Buffers:           73532 kB
Cached:           809608 kB
MemTotal:        1844596 kB
MemFree:          754716 kB
MemAvailable:    1517180 kB
Buffers:           73532 kB
Cached:           809608 kB
MemTotal:        1844596 kB
MemFree:          755336 kB
MemAvailable:    1517808 kB
Buffers:           73532 kB
Cached:           809616 kB
MemTotal:        1844596 kB
MemFree:          755336 kB
MemAvailable:    1517808 kB
Buffers:           73532 kB
Cached:           809616 kB
MemTotal:        1844596 kB
MemFree:          755068 kB
MemAvailable:    1517540 kB
Buffers:           73532 kB
Cached:           809616 kB
MemTotal:        1844596 kB
MemFree:          755320 kB
MemAvailable:    1517792 kB
Buffers:           73532 kB
Cached:           809616 kB
MemTotal:        1844596 kB
MemFree:          755076 kB
MemAvailable:    1517548 kB
Buffers:           73532 kB
Cached:           809616 kB
MemTotal:        1844596 kB
MemFree:          755332 kB
MemAvailable:    1517804 kB
Buffers:           73532 kB
Cached:           809616 kB
MemTotal:        1844596 kB
MemFree:          755028 kB
MemAvailable:    1517500 kB
Buffers:           73532 kB
Cached:           809616 kB
MemTotal:        1844596 kB
MemFree:          755088 kB
MemAvailable:    1517560 kB
Buffers:           73532 kB
Cached:           809616 kB
MemTotal:        1844596 kB
MemFree:          755080 kB
MemAvailable:    1517552 kB
Buffers:           73532 kB
Cached:           809616 kB
MemTotal:        1844596 kB
MemFree:          755096 kB
MemAvailable:    1517568 kB
Buffers:           73532 kB
Cached:           809616 kB
MemTotal:        1844596 kB
MemFree:          753792 kB
MemAvailable:    1516264 kB
Buffers:           73532 kB
Cached:           809616 kB
MemTotal:        1844596 kB
MemFree:          755228 kB
MemAvailable:    1517700 kB
Buffers:           73532 kB
Cached:           809616 kB
MemTotal:        1844596 kB
MemFree:          755088 kB
MemAvailable:    1517560 kB
Buffers:           73532 kB
Cached:           809616 kB
MemTotal:        1844596 kB
MemFree:          755088 kB
MemAvailable:    1517560 kB
Buffers:           73532 kB
Cached:           809616 kB
MemTotal:        1844596 kB
MemFree:          754964 kB
MemAvailable:    1517436 kB
Buffers:           73532 kB
Cached:           809616 kB
MemTotal:        1844596 kB
MemFree:          755220 kB
MemAvailable:    1517692 kB
Buffers:           73532 kB
Cached:           809616 kB
MemTotal:        1844596 kB
MemFree:          753972 kB
MemAvailable:    1516444 kB
Buffers:           73532 kB
Cached:           809616 kB
MemTotal:        1844596 kB
MemFree:          755220 kB
MemAvailable:    1517692 kB
Buffers:           73532 kB
Cached:           809616 kB
MemTotal:        1844596 kB
MemFree:          754112 kB
MemAvailable:    1516588 kB
Buffers:           73532 kB
Cached:           809620 kB
MemTotal:        1844596 kB
MemFree:          755236 kB
MemAvailable:    1517712 kB
Buffers:           73532 kB
Cached:           809620 kB
MemTotal:        1844596 kB
MemFree:          755008 kB
MemAvailable:    1517484 kB
Buffers:           73532 kB
Cached:           809620 kB
MemTotal:        1844596 kB
MemFree:          755008 kB
MemAvailable:    1517484 kB
Buffers:           73532 kB
Cached:           809620 kB
MemTotal:        1844596 kB
MemFree:          750632 kB
MemAvailable:    1513108 kB
Buffers:           73532 kB
Cached:           809620 kB
MemTotal:        1844596 kB
MemFree:          750524 kB
MemAvailable:    1513000 kB
Buffers:           73532 kB
Cached:           809620 kB
MemTotal:        1844596 kB
MemFree:          745424 kB
MemAvailable:    1507900 kB
Buffers:           73532 kB
Cached:           809620 kB
MemTotal:        1844596 kB
MemFree:          744988 kB
MemAvailable:    1507464 kB
Buffers:           73532 kB
Cached:           809620 kB
MemTotal:        1844596 kB
MemFree:          744672 kB
MemAvailable:    1507148 kB
Buffers:           73532 kB
Cached:           809620 kB
MemTotal:        1844596 kB
MemFree:          744756 kB
MemAvailable:    1507232 kB
Buffers:           73532 kB
Cached:           809620 kB
MemTotal:        1844596 kB
MemFree:          744656 kB
MemAvailable:    1507132 kB
Buffers:           73532 kB
Cached:           809620 kB
MemTotal:        1844596 kB
MemFree:          744908 kB
MemAvailable:    1507384 kB
Buffers:           73532 kB
Cached:           809620 kB
MemTotal:        1844596 kB
MemFree:          743676 kB
MemAvailable:    1506152 kB
Buffers:           73532 kB
Cached:           809620 kB
MemTotal:        1844596 kB
MemFree:          744800 kB
MemAvailable:    1507276 kB
Buffers:           73532 kB
Cached:           809620 kB
MemTotal:        1844596 kB
MemFree:          743684 kB
MemAvailable:    1506160 kB
Buffers:           73532 kB
Cached:           809620 kB
MemTotal:        1844596 kB
MemFree:          743440 kB
MemAvailable:    1505916 kB
Buffers:           73532 kB
Cached:           809620 kB
MemTotal:        1844596 kB
MemFree:          743524 kB
MemAvailable:    1506000 kB
Buffers:           73532 kB
Cached:           809620 kB
MemTotal:        1844596 kB
MemFree:          744500 kB
MemAvailable:    1506976 kB
Buffers:           73532 kB
Cached:           809620 kB
MemTotal:        1844596 kB
MemFree:          744756 kB
MemAvailable:    1507232 kB
Buffers:           73532 kB
Cached:           809620 kB
MemTotal:        1844596 kB
MemFree:          744632 kB
MemAvailable:    1507108 kB
Buffers:           73532 kB
Cached:           809620 kB
MemTotal:        1844596 kB
MemFree:          743508 kB
MemAvailable:    1505984 kB
Buffers:           73532 kB
Cached:           809620 kB
MemTotal:        1844596 kB
MemFree:          743640 kB
MemAvailable:    1506116 kB
Buffers:           73532 kB
Cached:           809620 kB
MemTotal:        1844596 kB
MemFree:          744128 kB
MemAvailable:    1506604 kB
Buffers:           73532 kB
Cached:           809620 kB
MemTotal:        1844596 kB
MemFree:          742828 kB
MemAvailable:    1505304 kB
Buffers:           73532 kB
Cached:           809620 kB
MemTotal:        1844596 kB
MemFree:          742820 kB
MemAvailable:    1505296 kB
Buffers:           73532 kB
Cached:           809620 kB
MemTotal:        1844596 kB
MemFree:          742820 kB
MemAvailable:    1505296 kB
Buffers:           73532 kB
Cached:           809620 kB
MemTotal:        1844596 kB
MemFree:          742384 kB
MemAvailable:    1504860 kB
Buffers:           73532 kB
Cached:           809620 kB
MemTotal:        1844596 kB
MemFree:          742384 kB
MemAvailable:    1504860 kB
Buffers:           73532 kB
Cached:           809620 kB
MemTotal:        1844596 kB
MemFree:          741440 kB
MemAvailable:    1503916 kB
Buffers:           73532 kB
Cached:           809620 kB
MemTotal:        1844596 kB
MemFree:          741308 kB
MemAvailable:    1503784 kB
Buffers:           73532 kB
Cached:           809620 kB
MemTotal:        1844596 kB
MemFree:          742368 kB
MemAvailable:    1504844 kB
Buffers:           73532 kB
Cached:           809620 kB
MemTotal:        1844596 kB
MemFree:          742704 kB
MemAvailable:    1505180 kB
Buffers:           73532 kB
Cached:           809620 kB
MemTotal:        1844596 kB
MemFree:          742428 kB
MemAvailable:    1504904 kB
Buffers:           73532 kB
Cached:           809620 kB
MemTotal:        1844596 kB
MemFree:          742680 kB
MemAvailable:    1505156 kB
Buffers:           73532 kB
Cached:           809620 kB
MemTotal:        1844596 kB
MemFree:          742428 kB
MemAvailable:    1504904 kB
Buffers:           73532 kB
Cached:           809620 kB
MemTotal:        1844596 kB
MemFree:          742764 kB
MemAvailable:    1505240 kB
Buffers:           73532 kB
Cached:           809620 kB
MemTotal:        1844596 kB
MemFree:          742580 kB
MemAvailable:    1505056 kB
Buffers:           73532 kB
Cached:           809620 kB
MemTotal:        1844596 kB
MemFree:          742556 kB
MemAvailable:    1505032 kB
Buffers:           73532 kB
Cached:           809620 kB
MemTotal:        1844596 kB
MemFree:          741208 kB
MemAvailable:    1503684 kB
Buffers:           73532 kB
Cached:           809620 kB
MemTotal:        1844596 kB
MemFree:          741828 kB
MemAvailable:    1504304 kB
Buffers:           73532 kB
Cached:           809620 kB
MemTotal:        1844596 kB
MemFree:          742828 kB
MemAvailable:    1505308 kB
Buffers:           73532 kB
Cached:           809624 kB
MemTotal:        1844596 kB
MemFree:          741960 kB
MemAvailable:    1504440 kB
Buffers:           73532 kB
Cached:           809624 kB
MemTotal:        1844596 kB
MemFree:          742704 kB
MemAvailable:    1505184 kB
Buffers:           73532 kB
Cached:           809624 kB
MemTotal:        1844596 kB
MemFree:          742564 kB
MemAvailable:    1505044 kB
Buffers:           73532 kB
Cached:           809624 kB
MemTotal:        1844596 kB
MemFree:          742648 kB
MemAvailable:    1505128 kB
Buffers:           73532 kB
Cached:           809624 kB
MemTotal:        1844596 kB
MemFree:          742428 kB
MemAvailable:    1504908 kB
Buffers:           73532 kB
Cached:           809624 kB
MemTotal:        1844596 kB
MemFree:          742764 kB
MemAvailable:    1505244 kB
Buffers:           73532 kB
Cached:           809624 kB
MemTotal:        1844596 kB
MemFree:          741320 kB
MemAvailable:    1503800 kB
Buffers:           73532 kB
Cached:           809624 kB
MemTotal:        1844596 kB
MemFree:          742496 kB
MemAvailable:    1504976 kB
Buffers:           73532 kB
Cached:           809624 kB
MemTotal:        1844596 kB
MemFree:          742508 kB
MemAvailable:    1504988 kB
Buffers:           73532 kB
Cached:           809624 kB
MemTotal:        1844596 kB
MemFree:          742332 kB
MemAvailable:    1504812 kB
Buffers:           73532 kB
Cached:           809624 kB
MemTotal:        1844596 kB
MemFree:          742344 kB
MemAvailable:    1504824 kB
Buffers:           73532 kB
Cached:           809624 kB
MemTotal:        1844596 kB
MemFree:          741168 kB
MemAvailable:    1503648 kB
Buffers:           73532 kB
Cached:           809624 kB
MemTotal:        1844596 kB
MemFree:          741332 kB
MemAvailable:    1503812 kB
Buffers:           73532 kB
Cached:           809624 kB
MemTotal:        1844596 kB
MemFree:          741276 kB
MemAvailable:    1503756 kB
Buffers:           73532 kB
Cached:           809624 kB
MemTotal:        1844596 kB
MemFree:          736256 kB
MemAvailable:    1498736 kB
Buffers:           73532 kB
Cached:           809624 kB
MemTotal:        1844596 kB
MemFree:          733644 kB
MemAvailable:    1496124 kB
Buffers:           73532 kB
Cached:           809624 kB
MemTotal:        1844596 kB
MemFree:          730676 kB
MemAvailable:    1493156 kB
Buffers:           73532 kB
Cached:           809624 kB
MemTotal:        1844596 kB
MemFree:          728816 kB
MemAvailable:    1491296 kB
Buffers:           73532 kB
Cached:           809624 kB
MemTotal:        1844596 kB
MemFree:          728816 kB
MemAvailable:    1491296 kB
Buffers:           73532 kB
Cached:           809624 kB
MemTotal:        1844596 kB
MemFree:          728940 kB
MemAvailable:    1491420 kB
Buffers:           73532 kB
Cached:           809624 kB
MemTotal:        1844596 kB
MemFree:          728568 kB
MemAvailable:    1491048 kB
Buffers:           73532 kB
Cached:           809624 kB
MemTotal:        1844596 kB
MemFree:          728560 kB
MemAvailable:    1491040 kB
Buffers:           73532 kB
Cached:           809624 kB
MemTotal:        1844596 kB
MemFree:          729560 kB
MemAvailable:    1492044 kB
Buffers:           73532 kB
Cached:           809628 kB
MemTotal:        1844596 kB
MemFree:          728568 kB
MemAvailable:    1491052 kB
Buffers:           73532 kB
Cached:           809628 kB
MemTotal:        1844596 kB
MemFree:          729316 kB
MemAvailable:    1491800 kB
Buffers:           73532 kB
Cached:           809628 kB
MemTotal:        1844596 kB
MemFree:          729116 kB
MemAvailable:    1491600 kB
Buffers:           73532 kB
Cached:           809628 kB
MemTotal:        1844596 kB
MemFree:          729368 kB
MemAvailable:    1491852 kB
Buffers:           73532 kB
Cached:           809628 kB
MemTotal:        1844596 kB
MemFree:          729132 kB
MemAvailable:    1491616 kB
Buffers:           73532 kB
Cached:           809628 kB
MemTotal:        1844596 kB
MemFree:          728568 kB
MemAvailable:    1491052 kB
Buffers:           73532 kB
Cached:           809628 kB
MemTotal:        1844596 kB
MemFree:          729300 kB
MemAvailable:    1491784 kB
Buffers:           73532 kB
Cached:           809628 kB
MemTotal:        1844596 kB
MemFree:          728012 kB
MemAvailable:    1490496 kB
Buffers:           73532 kB
Cached:           809628 kB
MemTotal:        1844596 kB
MemFree:          728048 kB
MemAvailable:    1490532 kB
Buffers:           73532 kB
Cached:           809628 kB
MemTotal:        1844596 kB
MemFree:          729008 kB
MemAvailable:    1491492 kB
Buffers:           73532 kB
Cached:           809628 kB
MemTotal:        1844596 kB
MemFree:          727776 kB
MemAvailable:    1490260 kB
Buffers:           73532 kB
Cached:           809628 kB
MemTotal:        1844596 kB
MemFree:          728020 kB
MemAvailable:    1490504 kB
Buffers:           73532 kB
Cached:           809628 kB
MemTotal:        1844596 kB
MemFree:          729124 kB
MemAvailable:    1491608 kB
Buffers:           73532 kB
Cached:           809628 kB
MemTotal:        1844596 kB
MemFree:          729180 kB
MemAvailable:    1491668 kB
Buffers:           73532 kB
Cached:           809632 kB
MemTotal:        1844596 kB
MemFree:          727948 kB
MemAvailable:    1490436 kB
Buffers:           73532 kB
Cached:           809632 kB
MemTotal:        1844596 kB
MemFree:          728188 kB
MemAvailable:    1490676 kB
Buffers:           73532 kB
Cached:           809632 kB
MemTotal:        1844596 kB
MemFree:          728072 kB
MemAvailable:    1490560 kB
Buffers:           73532 kB
Cached:           809632 kB
MemTotal:        1844596 kB
MemFree:          728024 kB
MemAvailable:    1490512 kB
Buffers:           73532 kB
Cached:           809632 kB
MemTotal:        1844596 kB
MemFree:          729056 kB
MemAvailable:    1491544 kB
Buffers:           73532 kB
Cached:           809632 kB
MemTotal:        1844596 kB
MemFree:          729392 kB
MemAvailable:    1491880 kB
Buffers:           73532 kB
Cached:           809632 kB
MemTotal:        1844596 kB
MemFree:          729180 kB
MemAvailable:    1491668 kB
Buffers:           73532 kB
Cached:           809632 kB
MemTotal:        1844596 kB
MemFree:          729180 kB
MemAvailable:    1491668 kB
Buffers:           73532 kB
Cached:           809632 kB
MemTotal:        1844596 kB
MemFree:          727824 kB
MemAvailable:    1490312 kB
Buffers:           73532 kB
Cached:           809632 kB
MemTotal:        1844596 kB
MemFree:          727568 kB
MemAvailable:    1490056 kB
Buffers:           73532 kB
Cached:           809632 kB
MemTotal:        1844596 kB
MemFree:          728436 kB
MemAvailable:    1490924 kB
Buffers:           73532 kB
Cached:           809632 kB
MemTotal:        1844596 kB
MemFree:          728436 kB
MemAvailable:    1490924 kB
Buffers:           73532 kB
Cached:           809632 kB
MemTotal:        1844596 kB
MemFree:          728148 kB
MemAvailable:    1490636 kB
Buffers:           73532 kB
Cached:           809632 kB
MemTotal:        1844596 kB
MemFree:          727152 kB
MemAvailable:    1489640 kB
Buffers:           73532 kB
Cached:           809632 kB
MemTotal:        1844596 kB
MemFree:          728304 kB
MemAvailable:    1490792 kB
Buffers:           73532 kB
Cached:           809632 kB
MemTotal:        1844596 kB
MemFree:          727576 kB
MemAvailable:    1490064 kB
Buffers:           73532 kB
Cached:           809632 kB
MemTotal:        1844596 kB
MemFree:          728628 kB
MemAvailable:    1491116 kB
Buffers:           73532 kB
Cached:           809632 kB
MemTotal:        1844596 kB
MemFree:          727568 kB
MemAvailable:    1490056 kB
Buffers:           73532 kB
Cached:           809632 kB
MemTotal:        1844596 kB
MemFree:          725212 kB
MemAvailable:    1487700 kB
Buffers:           73532 kB
Cached:           809632 kB
MemTotal:        1844596 kB
MemFree:          724848 kB
MemAvailable:    1487336 kB
Buffers:           73532 kB
Cached:           809632 kB
MemTotal:        1844596 kB
MemFree:          720508 kB
MemAvailable:    1482996 kB
Buffers:           73532 kB
Cached:           809632 kB
MemTotal:        1844596 kB
MemFree:          718648 kB
MemAvailable:    1481136 kB
Buffers:           73532 kB
Cached:           809632 kB
MemTotal:        1844596 kB
MemFree:          718516 kB
MemAvailable:    1481004 kB
Buffers:           73532 kB
Cached:           809632 kB
MemTotal:        1844596 kB
MemFree:          717888 kB
MemAvailable:    1480376 kB
Buffers:           73532 kB
Cached:           809632 kB
MemTotal:        1844596 kB
MemFree:          717152 kB
MemAvailable:    1479640 kB
Buffers:           73532 kB
Cached:           809632 kB
MemTotal:        1844596 kB
MemFree:          716276 kB
MemAvailable:    1478764 kB
Buffers:           73532 kB
Cached:           809632 kB
MemTotal:        1844596 kB
MemFree:          716168 kB
MemAvailable:    1478656 kB
Buffers:           73532 kB
Cached:           809632 kB
MemTotal:        1844596 kB
MemFree:          715856 kB
MemAvailable:    1478344 kB
Buffers:           73532 kB
Cached:           809632 kB
MemTotal:        1844596 kB
MemFree:          715600 kB
MemAvailable:    1478088 kB
Buffers:           73532 kB
Cached:           809632 kB
MemTotal:        1844596 kB
MemFree:          714376 kB
MemAvailable:    1476864 kB
Buffers:           73532 kB
Cached:           809632 kB
MemTotal:        1844596 kB
MemFree:          715540 kB
MemAvailable:    1478028 kB
Buffers:           73532 kB
Cached:           809632 kB
MemTotal:        1844596 kB
MemFree:          714928 kB
MemAvailable:    1477416 kB
Buffers:           73532 kB
Cached:           809632 kB
MemTotal:        1844596 kB
MemFree:          715396 kB
MemAvailable:    1477884 kB
Buffers:           73532 kB
Cached:           809632 kB
MemTotal:        1844596 kB
MemFree:          715732 kB
MemAvailable:    1478220 kB
Buffers:           73532 kB
Cached:           809632 kB
MemTotal:        1844596 kB
MemFree:          714248 kB
MemAvailable:    1476736 kB
Buffers:           73532 kB
Cached:           809632 kB
MemTotal:        1844596 kB
MemFree:          715416 kB
MemAvailable:    1477904 kB
Buffers:           73532 kB
Cached:           809632 kB
MemTotal:        1844596 kB
MemFree:          715752 kB
MemAvailable:    1478240 kB
Buffers:           73532 kB
Cached:           809632 kB
MemTotal:        1844596 kB
MemFree:          714252 kB
MemAvailable:    1476740 kB
Buffers:           73532 kB
Cached:           809632 kB
MemTotal:        1844596 kB
MemFree:          715560 kB
MemAvailable:    1478048 kB
Buffers:           73532 kB
Cached:           809632 kB
MemTotal:        1844596 kB
MemFree:          714296 kB
MemAvailable:    1476784 kB
Buffers:           73532 kB
Cached:           809632 kB
MemTotal:        1844596 kB
MemFree:          715404 kB
MemAvailable:    1477892 kB
Buffers:           73532 kB
Cached:           809632 kB
MemTotal:        1844596 kB
MemFree:          715432 kB
MemAvailable:    1477920 kB
Buffers:           73532 kB
Cached:           809632 kB
MemTotal:        1844596 kB
MemFree:          715352 kB
MemAvailable:    1477840 kB
Buffers:           73532 kB
Cached:           809632 kB
MemTotal:        1844596 kB
MemFree:          714048 kB
MemAvailable:    1476536 kB
Buffers:           73532 kB
Cached:           809632 kB
MemTotal:        1844596 kB
MemFree:          714000 kB
MemAvailable:    1476488 kB
Buffers:           73532 kB
Cached:           809632 kB
MemTotal:        1844596 kB
MemFree:          715168 kB
MemAvailable:    1477656 kB
Buffers:           73532 kB
Cached:           809632 kB
MemTotal:        1844596 kB
MemFree:          715168 kB
MemAvailable:    1477656 kB
Buffers:           73532 kB
Cached:           809632 kB
MemTotal:        1844596 kB
MemFree:          715228 kB
MemAvailable:    1477716 kB
Buffers:           73532 kB
Cached:           809632 kB
MemTotal:        1844596 kB
MemFree:          714136 kB
MemAvailable:    1476624 kB
Buffers:           73532 kB
Cached:           809632 kB
MemTotal:        1844596 kB
MemFree:          715112 kB
MemAvailable:    1477600 kB
Buffers:           73532 kB
Cached:           809632 kB
MemTotal:        1844596 kB
MemFree:          715112 kB
MemAvailable:    1477600 kB
Buffers:           73532 kB
Cached:           809632 kB
MemTotal:        1844596 kB
MemFree:          715148 kB
MemAvailable:    1477636 kB
Buffers:           73532 kB
Cached:           809632 kB
MemTotal:        1844596 kB
MemFree:          715176 kB
MemAvailable:    1477664 kB
Buffers:           73532 kB
Cached:           809632 kB
MemTotal:        1844596 kB
MemFree:          713996 kB
MemAvailable:    1476484 kB
Buffers:           73532 kB
Cached:           809632 kB
MemTotal:        1844596 kB
MemFree:          715180 kB
MemAvailable:    1477668 kB
Buffers:           73532 kB
Cached:           809632 kB
MemTotal:        1844596 kB
MemFree:          714040 kB
MemAvailable:    1476528 kB
Buffers:           73532 kB
Cached:           809632 kB
MemTotal:        1844596 kB
MemFree:          715224 kB
MemAvailable:    1477712 kB
Buffers:           73532 kB
Cached:           809632 kB
MemTotal:        1844596 kB
MemFree:          715476 kB
MemAvailable:    1477964 kB
Buffers:           73532 kB
Cached:           809632 kB
MemTotal:        1844596 kB
MemFree:          715120 kB
MemAvailable:    1477608 kB
Buffers:           73532 kB
Cached:           809632 kB
MemTotal:        1844596 kB
MemFree:          714288 kB
MemAvailable:    1476776 kB
Buffers:           73532 kB
Cached:           809632 kB
MemTotal:        1844596 kB
MemFree:          714040 kB
MemAvailable:    1476528 kB
Buffers:           73532 kB
Cached:           809632 kB
MemTotal:        1844596 kB
MemFree:          715160 kB
MemAvailable:    1477648 kB
Buffers:           73532 kB
Cached:           809632 kB
MemTotal:        1844596 kB
MemFree:          715268 kB
MemAvailable:    1477756 kB
Buffers:           73532 kB
Cached:           809632 kB
MemTotal:        1844596 kB
MemFree:          713856 kB
MemAvailable:    1476344 kB
Buffers:           73532 kB
Cached:           809632 kB
MemTotal:        1844596 kB
MemFree:          714020 kB
MemAvailable:    1476508 kB
Buffers:           73532 kB
Cached:           809632 kB
MemTotal:        1844596 kB
MemFree:          713812 kB
MemAvailable:    1476300 kB
Buffers:           73532 kB
Cached:           809632 kB
MemTotal:        1844596 kB
MemFree:          714012 kB
MemAvailable:    1476500 kB
Buffers:           73532 kB
Cached:           809632 kB
MemTotal:        1844596 kB
MemFree:          715056 kB
MemAvailable:    1477544 kB
Buffers:           73532 kB
Cached:           809632 kB
MemTotal:        1844596 kB
MemFree:          714060 kB
MemAvailable:    1476548 kB
Buffers:           73532 kB
Cached:           809632 kB
MemTotal:        1844596 kB
MemFree:          714548 kB
MemAvailable:    1477036 kB
Buffers:           73532 kB
Cached:           809632 kB
MemTotal:        1844596 kB
MemFree:          715672 kB
MemAvailable:    1478168 kB
Buffers:           73532 kB
Cached:           809640 kB
MemTotal:        1844596 kB
MemFree:          714680 kB
MemAvailable:    1477176 kB
Buffers:           73532 kB
Cached:           809640 kB
MemTotal:        1844596 kB
MemFree:          715484 kB
MemAvailable:    1477980 kB
Buffers:           73532 kB
Cached:           809640 kB
MemTotal:        1844596 kB
MemFree:          715220 kB
MemAvailable:    1477716 kB
Buffers:           73532 kB
Cached:           809640 kB
MemTotal:        1844596 kB
MemFree:          715196 kB
MemAvailable:    1477692 kB
Buffers:           73532 kB
Cached:           809640 kB
MemTotal:        1844596 kB
MemFree:          713764 kB
MemAvailable:    1476260 kB
Buffers:           73532 kB
Cached:           809640 kB
MemTotal:        1844596 kB
MemFree:          715120 kB
MemAvailable:    1477616 kB
Buffers:           73532 kB
Cached:           809640 kB
MemTotal:        1844596 kB
MemFree:          715288 kB
MemAvailable:    1477784 kB
Buffers:           73532 kB
Cached:           809640 kB
MemTotal:        1844596 kB
MemFree:          715164 kB
MemAvailable:    1477660 kB
Buffers:           73532 kB
Cached:           809640 kB
MemTotal:        1844596 kB
MemFree:          715092 kB
MemAvailable:    1477588 kB
Buffers:           73532 kB
Cached:           809640 kB
MemTotal:        1844596 kB
MemFree:          714976 kB
MemAvailable:    1477472 kB
Buffers:           73532 kB
Cached:           809640 kB
MemTotal:        1844596 kB
MemFree:          714804 kB
MemAvailable:    1477300 kB
Buffers:           73532 kB
Cached:           809640 kB
MemTotal:        1844596 kB
MemFree:          713756 kB
MemAvailable:    1476252 kB
Buffers:           73532 kB
Cached:           809640 kB
MemTotal:        1844596 kB
MemFree:          710836 kB
MemAvailable:    1473332 kB
Buffers:           73532 kB
Cached:           809640 kB
MemTotal:        1844596 kB
MemFree:          713936 kB
MemAvailable:    1476432 kB
Buffers:           73532 kB
Cached:           809640 kB
MemTotal:        1844596 kB
MemFree:          714880 kB
MemAvailable:    1477376 kB
Buffers:           73532 kB
Cached:           809640 kB
MemTotal:        1844596 kB
MemFree:          712696 kB
MemAvailable:    1475192 kB
Buffers:           73532 kB
Cached:           809640 kB
MemTotal:        1844596 kB
MemFree:          714740 kB
MemAvailable:    1477240 kB
Buffers:           73532 kB
Cached:           809644 kB
MemTotal:        1844596 kB
MemFree:          714568 kB
MemAvailable:    1477068 kB
Buffers:           73532 kB
Cached:           809644 kB
MemTotal:        1844596 kB
MemFree:          713748 kB
MemAvailable:    1476248 kB
Buffers:           73532 kB
Cached:           809644 kB
MemTotal:        1844596 kB
MemFree:          709844 kB
MemAvailable:    1472344 kB
Buffers:           73532 kB
Cached:           809644 kB
MemTotal:        1844596 kB
MemFree:          714324 kB
MemAvailable:    1476824 kB
Buffers:           73532 kB
Cached:           809644 kB
MemTotal:        1844596 kB
MemFree:          714224 kB
MemAvailable:    1476724 kB
Buffers:           73532 kB
Cached:           809644 kB
MemTotal:        1844596 kB
MemFree:          709960 kB
MemAvailable:    1472460 kB
Buffers:           73532 kB
Cached:           809644 kB
MemTotal:        1844596 kB
MemFree:          709968 kB
MemAvailable:    1472468 kB
Buffers:           73532 kB
Cached:           809644 kB
MemTotal:        1844596 kB
MemFree:          709704 kB
MemAvailable:    1472204 kB
Buffers:           73532 kB
Cached:           809644 kB
MemTotal:        1844596 kB
MemFree:          708984 kB
MemAvailable:    1471484 kB
Buffers:           73532 kB
Cached:           809644 kB
MemTotal:        1844596 kB
MemFree:          709424 kB
MemAvailable:    1471924 kB
Buffers:           73532 kB
Cached:           809644 kB
MemTotal:        1844596 kB
MemFree:          709416 kB
MemAvailable:    1471916 kB
Buffers:           73532 kB
Cached:           809644 kB
MemTotal:        1844596 kB
MemFree:          709408 kB
MemAvailable:    1471908 kB
Buffers:           73532 kB
Cached:           809644 kB
MemTotal:        1844596 kB
MemFree:          707788 kB
MemAvailable:    1470288 kB
Buffers:           73532 kB
Cached:           809644 kB
MemTotal:        1844596 kB
MemFree:          707788 kB
MemAvailable:    1470288 kB
Buffers:           73532 kB
Cached:           809644 kB
MemTotal:        1844596 kB
MemFree:          707788 kB
MemAvailable:    1470288 kB
Buffers:           73532 kB
Cached:           809644 kB
MemTotal:        1844596 kB
MemFree:          709152 kB
MemAvailable:    1471652 kB
Buffers:           73532 kB
Cached:           809644 kB
MemTotal:        1844596 kB
MemFree:          707912 kB
MemAvailable:    1470412 kB
Buffers:           73532 kB
Cached:           809644 kB
MemTotal:        1844596 kB
MemFree:          708824 kB
MemAvailable:    1471324 kB
Buffers:           73532 kB
Cached:           809644 kB
MemTotal:        1844596 kB
MemFree:          707984 kB
MemAvailable:    1470484 kB
Buffers:           73532 kB
Cached:           809644 kB
MemTotal:        1844596 kB
MemFree:          711076 kB
MemAvailable:    1473576 kB
Buffers:           73532 kB
Cached:           809644 kB
MemTotal:        1844596 kB
MemFree:          711092 kB
MemAvailable:    1473592 kB
Buffers:           73532 kB
Cached:           809644 kB
MemTotal:        1844596 kB
MemFree:          711256 kB
MemAvailable:    1473756 kB
Buffers:           73532 kB
Cached:           809644 kB
MemTotal:        1844596 kB
MemFree:          710660 kB
MemAvailable:    1473160 kB
Buffers:           73532 kB
Cached:           809644 kB
MemTotal:        1844596 kB
MemFree:          710996 kB
MemAvailable:    1473496 kB
Buffers:           73532 kB
Cached:           809644 kB
MemTotal:        1844596 kB
MemFree:          711216 kB
MemAvailable:    1473716 kB
Buffers:           73532 kB
Cached:           809644 kB
MemTotal:        1844596 kB
MemFree:          711084 kB
MemAvailable:    1473584 kB
Buffers:           73532 kB
Cached:           809644 kB
MemTotal:        1844596 kB
MemFree:          711096 kB
MemAvailable:    1473596 kB
Buffers:           73532 kB
Cached:           809644 kB
MemTotal:        1844596 kB
MemFree:          710892 kB
MemAvailable:    1473392 kB
Buffers:           73532 kB
Cached:           809644 kB
MemTotal:        1844596 kB
MemFree:          711144 kB
MemAvailable:    1473644 kB
Buffers:           73532 kB
Cached:           809644 kB
MemTotal:        1844596 kB
MemFree:          710964 kB
MemAvailable:    1473464 kB
Buffers:           73532 kB
Cached:           809644 kB
MemTotal:        1844596 kB
MemFree:          709956 kB
MemAvailable:    1472456 kB
Buffers:           73532 kB
Cached:           809644 kB
MemTotal:        1844596 kB
MemFree:          709948 kB
MemAvailable:    1472448 kB
Buffers:           73532 kB
Cached:           809644 kB
MemTotal:        1844596 kB
MemFree:          711084 kB
MemAvailable:    1473584 kB
Buffers:           73532 kB
Cached:           809644 kB
MemTotal:        1844596 kB
MemFree:          711120 kB
MemAvailable:    1473620 kB
Buffers:           73532 kB
Cached:           809644 kB
MemTotal:        1844596 kB
MemFree:          710820 kB
MemAvailable:    1473320 kB
Buffers:           73532 kB
Cached:           809644 kB
MemTotal:        1844596 kB
MemFree:          710960 kB
MemAvailable:    1473460 kB
Buffers:           73532 kB
Cached:           809644 kB
MemTotal:        1844596 kB
MemFree:          711132 kB
MemAvailable:    1473632 kB
Buffers:           73532 kB
Cached:           809644 kB
MemTotal:        1844596 kB
MemFree:          710960 kB
MemAvailable:    1473460 kB
Buffers:           73532 kB
Cached:           809644 kB
MemTotal:        1844596 kB
MemFree:          710952 kB
MemAvailable:    1473452 kB
Buffers:           73532 kB
Cached:           809644 kB
MemTotal:        1844596 kB
MemFree:          710952 kB
MemAvailable:    1473452 kB
Buffers:           73532 kB
Cached:           809644 kB
MemTotal:        1844596 kB
MemFree:          711020 kB
MemAvailable:    1473520 kB
Buffers:           73532 kB
Cached:           809644 kB
MemTotal:        1844596 kB
MemFree:          709844 kB
MemAvailable:    1472344 kB
Buffers:           73532 kB
Cached:           809644 kB
MemTotal:        1844596 kB
MemFree:          710912 kB
MemAvailable:    1473412 kB
Buffers:           73532 kB
Cached:           809644 kB
MemTotal:        1844596 kB
MemFree:          711024 kB
MemAvailable:    1473524 kB
Buffers:           73532 kB
Cached:           809644 kB
MemTotal:        1844596 kB
MemFree:          711024 kB
MemAvailable:    1473524 kB
Buffers:           73532 kB
Cached:           809644 kB
MemTotal:        1844596 kB
MemFree:          709824 kB
MemAvailable:    1472324 kB
Buffers:           73532 kB
Cached:           809644 kB
MemTotal:        1844596 kB
MemFree:          711320 kB
MemAvailable:    1473820 kB
Buffers:           73532 kB
Cached:           809644 kB
MemTotal:        1844596 kB
MemFree:          709784 kB
MemAvailable:    1472284 kB
Buffers:           73532 kB
Cached:           809644 kB
MemTotal:        1844596 kB
MemFree:          711224 kB
MemAvailable:    1473724 kB
Buffers:           73532 kB
Cached:           809644 kB
MemTotal:        1844596 kB
MemFree:          711140 kB
MemAvailable:    1473640 kB
Buffers:           73532 kB
Cached:           809644 kB
MemTotal:        1844596 kB
MemFree:          706480 kB
MemAvailable:    1468980 kB
Buffers:           73532 kB
Cached:           809644 kB
MemTotal:        1844596 kB
MemFree:          706372 kB
MemAvailable:    1468872 kB
Buffers:           73532 kB
Cached:           809644 kB
MemTotal:        1844596 kB
MemFree:          706068 kB
MemAvailable:    1468568 kB
Buffers:           73532 kB
Cached:           809644 kB
MemTotal:        1844596 kB
MemFree:          705068 kB
MemAvailable:    1467568 kB
Buffers:           73532 kB
Cached:           809644 kB
MemTotal:        1844596 kB
MemFree:          704944 kB
MemAvailable:    1467444 kB
Buffers:           73532 kB
Cached:           809644 kB
MemTotal:        1844596 kB
MemFree:          703148 kB
MemAvailable:    1465648 kB
Buffers:           73532 kB
Cached:           809644 kB
MemTotal:        1844596 kB
MemFree:          703264 kB
MemAvailable:    1465764 kB
Buffers:           73532 kB
Cached:           809644 kB
MemTotal:        1844596 kB
MemFree:          702776 kB
MemAvailable:    1465276 kB
Buffers:           73532 kB
Cached:           809644 kB
MemTotal:        1844596 kB
MemFree:          702644 kB
MemAvailable:    1465144 kB
Buffers:           73532 kB
Cached:           809644 kB
MemTotal:        1844596 kB
MemFree:          702884 kB
MemAvailable:    1465384 kB
Buffers:           73532 kB
Cached:           809644 kB
MemTotal:        1844596 kB
MemFree:          702348 kB
MemAvailable:    1464856 kB
Buffers:           73532 kB
Cached:           809652 kB
MemTotal:        1844596 kB
MemFree:          701908 kB
MemAvailable:    1464416 kB
Buffers:           73532 kB
Cached:           809652 kB
MemTotal:        1844596 kB
MemFree:          700976 kB
MemAvailable:    1463484 kB
Buffers:           73532 kB
Cached:           809652 kB
MemTotal:        1844596 kB
MemFree:          701232 kB
MemAvailable:    1463740 kB
Buffers:           73532 kB
Cached:           809652 kB
MemTotal:        1844596 kB
MemFree:          701952 kB
MemAvailable:    1464460 kB
Buffers:           73532 kB
Cached:           809652 kB
MemTotal:        1844596 kB
MemFree:          702120 kB
MemAvailable:    1464628 kB
Buffers:           73532 kB
Cached:           809652 kB
MemTotal:        1844596 kB
MemFree:          701852 kB
MemAvailable:    1464360 kB
Buffers:           73532 kB
Cached:           809652 kB
MemTotal:        1844596 kB
MemFree:          701756 kB
MemAvailable:    1464264 kB
Buffers:           73532 kB
Cached:           809652 kB
MemTotal:        1844596 kB
MemFree:          701840 kB
MemAvailable:    1464348 kB
Buffers:           73532 kB
Cached:           809652 kB
MemTotal:        1844596 kB
MemFree:          700364 kB
MemAvailable:    1462872 kB
Buffers:           73532 kB
Cached:           809652 kB
MemTotal:        1844596 kB
MemFree:          700496 kB
MemAvailable:    1463004 kB
Buffers:           73532 kB
Cached:           809652 kB
MemTotal:        1844596 kB
MemFree:          701720 kB
MemAvailable:    1464228 kB
Buffers:           73532 kB
Cached:           809652 kB
MemTotal:        1844596 kB
MemFree:          700356 kB
MemAvailable:    1462864 kB
Buffers:           73532 kB
Cached:           809652 kB
MemTotal:        1844596 kB
MemFree:          700604 kB
MemAvailable:    1463112 kB
Buffers:           73532 kB
Cached:           809652 kB
MemTotal:        1844596 kB
MemFree:          700100 kB
MemAvailable:    1462608 kB
Buffers:           73532 kB
Cached:           809652 kB
MemTotal:        1844596 kB
MemFree:          700100 kB
MemAvailable:    1462608 kB
Buffers:           73532 kB
Cached:           809652 kB
MemTotal:        1844596 kB
MemFree:          700100 kB
MemAvailable:    1462608 kB
Buffers:           73532 kB
Cached:           809652 kB
MemTotal:        1844596 kB
MemFree:          701012 kB
MemAvailable:    1463520 kB
Buffers:           73532 kB
Cached:           809652 kB
MemTotal:        1844596 kB
MemFree:          701120 kB
MemAvailable:    1463628 kB
Buffers:           73532 kB
Cached:           809652 kB
MemTotal:        1844596 kB
MemFree:          701172 kB
MemAvailable:    1463680 kB
Buffers:           73532 kB
Cached:           809652 kB
MemTotal:        1844596 kB
MemFree:          701164 kB
MemAvailable:    1463672 kB
Buffers:           73532 kB
Cached:           809652 kB
MemTotal:        1844596 kB
MemFree:          701024 kB
MemAvailable:    1463532 kB
Buffers:           73532 kB
Cached:           809652 kB
MemTotal:        1844596 kB
MemFree:          701024 kB
MemAvailable:    1463532 kB
Buffers:           73532 kB
Cached:           809652 kB
MemTotal:        1844596 kB
MemFree:          700984 kB
MemAvailable:    1463492 kB
Buffers:           73532 kB
Cached:           809652 kB
MemTotal:        1844596 kB
MemFree:          701164 kB
MemAvailable:    1463672 kB
Buffers:           73532 kB
Cached:           809652 kB
MemTotal:        1844596 kB
MemFree:          699732 kB
MemAvailable:    1462240 kB
Buffers:           73532 kB
Cached:           809652 kB
MemTotal:        1844596 kB
MemFree:          701032 kB
MemAvailable:    1463540 kB
Buffers:           73532 kB
Cached:           809652 kB
MemTotal:        1844596 kB
MemFree:          701000 kB
MemAvailable:    1463508 kB
Buffers:           73532 kB
Cached:           809652 kB
MemTotal:        1844596 kB
MemFree:          701164 kB
MemAvailable:    1463672 kB
Buffers:           73532 kB
Cached:           809652 kB
MemTotal:        1844596 kB
MemFree:          699912 kB
MemAvailable:    1462420 kB
Buffers:           73532 kB
Cached:           809652 kB
MemTotal:        1844596 kB
MemFree:          701212 kB
MemAvailable:    1463720 kB
Buffers:           73532 kB
Cached:           809652 kB
MemTotal:        1844596 kB
MemFree:          700036 kB
MemAvailable:    1462544 kB
Buffers:           73532 kB
Cached:           809652 kB
MemTotal:        1844596 kB
MemFree:          701012 kB
MemAvailable:    1463520 kB
Buffers:           73532 kB
Cached:           809652 kB
MemTotal:        1844596 kB
MemFree:          701264 kB
MemAvailable:    1463772 kB
Buffers:           73532 kB
Cached:           809652 kB
MemTotal:        1844596 kB
MemFree:          701012 kB
MemAvailable:    1463520 kB
Buffers:           73532 kB
Cached:           809652 kB
MemTotal:        1844596 kB
MemFree:          701040 kB
MemAvailable:    1463548 kB
Buffers:           73532 kB
Cached:           809652 kB
MemTotal:        1844596 kB
MemFree:          701152 kB
MemAvailable:    1463660 kB
Buffers:           73532 kB
Cached:           809652 kB
MemTotal:        1844596 kB
MemFree:          701164 kB
MemAvailable:    1463672 kB
Buffers:           73532 kB
Cached:           809652 kB
MemTotal:        1844596 kB
MemFree:          700536 kB
MemAvailable:    1463044 kB
Buffers:           73532 kB
Cached:           809652 kB
MemTotal:        1844596 kB
MemFree:          701344 kB
MemAvailable:    1463852 kB
Buffers:           73532 kB
Cached:           809652 kB
MemTotal:        1844596 kB
MemFree:          699856 kB
MemAvailable:    1462364 kB
Buffers:           73532 kB
Cached:           809652 kB
MemTotal:        1844596 kB
MemFree:          700900 kB
MemAvailable:    1463408 kB
Buffers:           73532 kB
Cached:           809652 kB
MemTotal:        1844596 kB
MemFree:          701236 kB
MemAvailable:    1463744 kB
Buffers:           73532 kB
Cached:           809652 kB
MemTotal:        1844596 kB
MemFree:          701044 kB
MemAvailable:    1463552 kB
Buffers:           73532 kB
Cached:           809652 kB
MemTotal:        1844596 kB
MemFree:          700588 kB
MemAvailable:    1463096 kB
Buffers:           73532 kB
Cached:           809652 kB
MemTotal:        1844596 kB
MemFree:          700668 kB
MemAvailable:    1463176 kB
Buffers:           73532 kB
Cached:           809652 kB
MemTotal:        1844596 kB
MemFree:          700840 kB
MemAvailable:    1463348 kB
Buffers:           73532 kB
Cached:           809652 kB
MemTotal:        1844596 kB
MemFree:          700828 kB
MemAvailable:    1463336 kB
Buffers:           73532 kB
Cached:           809652 kB
MemTotal:        1844596 kB
MemFree:          700164 kB
MemAvailable:    1462672 kB
Buffers:           73532 kB
Cached:           809652 kB
MemTotal:        1844596 kB
MemFree:          700488 kB
MemAvailable:    1463000 kB
Buffers:           73532 kB
Cached:           809656 kB
MemTotal:        1844596 kB
MemFree:          700656 kB
MemAvailable:    1463168 kB
Buffers:           73532 kB
Cached:           809656 kB
MemTotal:        1844596 kB
MemFree:          700772 kB
MemAvailable:    1463284 kB
Buffers:           73532 kB
Cached:           809656 kB
MemTotal:        1844596 kB
MemFree:          700688 kB
MemAvailable:    1463200 kB
Buffers:           73532 kB
Cached:           809656 kB
MemTotal:        1844596 kB
MemFree:          700172 kB
MemAvailable:    1462684 kB
Buffers:           73532 kB
Cached:           809656 kB
MemTotal:        1844596 kB
MemFree:          700600 kB
MemAvailable:    1463112 kB
Buffers:           73532 kB
Cached:           809656 kB
MemTotal:        1844596 kB
MemFree:          700668 kB
MemAvailable:    1463180 kB
Buffers:           73532 kB
Cached:           809656 kB
MemTotal:        1844596 kB
MemFree:          699496 kB
MemAvailable:    1462008 kB
Buffers:           73532 kB
Cached:           809656 kB
MemTotal:        1844596 kB
MemFree:          699496 kB
MemAvailable:    1462008 kB
Buffers:           73532 kB
Cached:           809656 kB
MemTotal:        1844596 kB
MemFree:          700792 kB
MemAvailable:    1463304 kB
Buffers:           73532 kB
Cached:           809656 kB
MemTotal:        1844596 kB
MemFree:          700704 kB
MemAvailable:    1463216 kB
Buffers:           73532 kB
Cached:           809656 kB
MemTotal:        1844596 kB
MemFree:          700728 kB
MemAvailable:    1463240 kB
Buffers:           73532 kB
Cached:           809656 kB
MemTotal:        1844596 kB
MemFree:          700040 kB
MemAvailable:    1462552 kB
Buffers:           73532 kB
Cached:           809656 kB
MemTotal:        1844596 kB
MemFree:          699512 kB
MemAvailable:    1462024 kB
Buffers:           73532 kB
Cached:           809656 kB
MemTotal:        1844596 kB
MemFree:          699380 kB
MemAvailable:    1461892 kB
Buffers:           73532 kB
Cached:           809656 kB
MemTotal:        1844596 kB
MemFree:          699428 kB
MemAvailable:    1461940 kB
Buffers:           73532 kB
Cached:           809656 kB
MemTotal:        1844596 kB
MemFree:          700812 kB
MemAvailable:    1463324 kB
Buffers:           73532 kB
Cached:           809656 kB
MemTotal:        1844596 kB
MemFree:          700048 kB
MemAvailable:    1462560 kB
Buffers:           73532 kB
Cached:           809656 kB
MemTotal:        1844596 kB
MemFree:          705912 kB
MemAvailable:    1468424 kB
Buffers:           73532 kB
Cached:           809656 kB
MemTotal:        1844596 kB
MemFree:          705912 kB
MemAvailable:    1468424 kB
Buffers:           73532 kB
Cached:           809656 kB
MemTotal:        1844596 kB
MemFree:          706000 kB
MemAvailable:    1468512 kB
Buffers:           73532 kB
Cached:           809656 kB
MemTotal:        1844596 kB
MemFree:          706012 kB
MemAvailable:    1468524 kB
Buffers:           73532 kB
Cached:           809656 kB
MemTotal:        1844596 kB
MemFree:          705256 kB
MemAvailable:    1467768 kB
Buffers:           73532 kB
Cached:           809656 kB
MemTotal:        1844596 kB
MemFree:          705808 kB
MemAvailable:    1468320 kB
Buffers:           73532 kB
Cached:           809656 kB
MemTotal:        1844596 kB
MemFree:          706060 kB
MemAvailable:    1468572 kB
Buffers:           73532 kB
Cached:           809656 kB
MemTotal:        1844596 kB
MemFree:          705880 kB
MemAvailable:    1468392 kB
Buffers:           73532 kB
Cached:           809656 kB
MemTotal:        1844596 kB
MemFree:          705856 kB
MemAvailable:    1468368 kB
Buffers:           73532 kB
Cached:           809656 kB
MemTotal:        1844596 kB
MemFree:          704760 kB
MemAvailable:    1467276 kB
Buffers:           73532 kB
Cached:           809660 kB
MemTotal:        1844596 kB
MemFree:          706008 kB
MemAvailable:    1468524 kB
Buffers:           73532 kB
Cached:           809660 kB
MemTotal:        1844596 kB
MemFree:          705388 kB
MemAvailable:    1467904 kB
Buffers:           73532 kB
Cached:           809660 kB
MemTotal:        1844596 kB
MemFree:          705656 kB
MemAvailable:    1468168 kB
Buffers:           73532 kB
Cached:           809660 kB
MemTotal:        1844596 kB
MemFree:          705996 kB
MemAvailable:    1468508 kB
Buffers:           73532 kB
Cached:           809660 kB
MemTotal:        1844596 kB
MemFree:          704448 kB
MemAvailable:    1466960 kB
Buffers:           73532 kB
Cached:           809660 kB
MemTotal:        1844596 kB
MemFree:          704580 kB
MemAvailable:    1467092 kB
Buffers:           73532 kB
Cached:           809660 kB
MemTotal:        1844596 kB
MemFree:          705792 kB
MemAvailable:    1468304 kB
Buffers:           73532 kB
Cached:           809660 kB
MemTotal:        1844596 kB
MemFree:          705588 kB
MemAvailable:    1468100 kB
Buffers:           73532 kB
Cached:           809660 kB
MemTotal:        1844596 kB
MemFree:          705672 kB
MemAvailable:    1468184 kB
Buffers:           73532 kB
Cached:           809660 kB
MemTotal:        1844596 kB
MemFree:          704364 kB
MemAvailable:    1466876 kB
Buffers:           73532 kB
Cached:           809660 kB
MemTotal:        1844596 kB
MemFree:          705556 kB
MemAvailable:    1468068 kB
Buffers:           73532 kB
Cached:           809660 kB
MemTotal:        1844596 kB
MemFree:          705556 kB
MemAvailable:    1468068 kB
Buffers:           73532 kB
Cached:           809660 kB
MemTotal:        1844596 kB
MemFree:          704196 kB
MemAvailable:    1466708 kB
Buffers:           73532 kB
Cached:           809660 kB
MemTotal:        1844596 kB
MemFree:          704140 kB
MemAvailable:    1466652 kB
Buffers:           73532 kB
Cached:           809660 kB
MemTotal:        1844596 kB
MemFree:          702528 kB
MemAvailable:    1465040 kB
Buffers:           73532 kB
Cached:           809660 kB
MemTotal:        1844596 kB
MemFree:          703480 kB
MemAvailable:    1465992 kB
Buffers:           73532 kB
Cached:           809660 kB
MemTotal:        1844596 kB
MemFree:          702588 kB
MemAvailable:    1465100 kB
Buffers:           73532 kB
Cached:           809660 kB
MemTotal:        1844596 kB
MemFree:          701164 kB
MemAvailable:    1463676 kB
Buffers:           73532 kB
Cached:           809660 kB
MemTotal:        1844596 kB
MemFree:          702208 kB
MemAvailable:    1464720 kB
Buffers:           73532 kB
Cached:           809660 kB
MemTotal:        1844596 kB
MemFree:          700916 kB
MemAvailable:    1463428 kB
Buffers:           73532 kB
Cached:           809660 kB
MemTotal:        1844596 kB
MemFree:          701768 kB
MemAvailable:    1464280 kB
Buffers:           73532 kB
Cached:           809660 kB
MemTotal:        1844596 kB
MemFree:          701852 kB
MemAvailable:    1464364 kB
Buffers:           73532 kB
Cached:           809660 kB
MemTotal:        1844596 kB
MemFree:          701604 kB
MemAvailable:    1464116 kB
Buffers:           73532 kB
Cached:           809660 kB
MemTotal:        1844596 kB
MemFree:          701508 kB
MemAvailable:    1464020 kB
Buffers:           73532 kB
Cached:           809660 kB
MemTotal:        1844596 kB
MemFree:          701668 kB
MemAvailable:    1464180 kB
Buffers:           73532 kB
Cached:           809660 kB
MemTotal:        1844596 kB
MemFree:          700240 kB
MemAvailable:    1462752 kB
Buffers:           73532 kB
Cached:           809660 kB
MemTotal:        1844596 kB
MemFree:          701612 kB
MemAvailable:    1464124 kB
Buffers:           73532 kB
Cached:           809660 kB
MemTotal:        1844596 kB
MemFree:          700232 kB
MemAvailable:    1462744 kB
Buffers:           73532 kB
Cached:           809660 kB
MemTotal:        1844596 kB
MemFree:          700364 kB
MemAvailable:    1462876 kB
Buffers:           73532 kB
Cached:           809660 kB
MemTotal:        1844596 kB
MemFree:          700108 kB
MemAvailable:    1462620 kB
Buffers:           73532 kB
Cached:           809660 kB
MemTotal:        1844596 kB
MemFree:          700100 kB
MemAvailable:    1462612 kB
Buffers:           73532 kB
Cached:           809660 kB
MemTotal:        1844596 kB
MemFree:          699968 kB
MemAvailable:    1462480 kB
Buffers:           73532 kB
Cached:           809660 kB
MemTotal:        1844596 kB
MemFree:          699668 kB
MemAvailable:    1462180 kB
Buffers:           73532 kB
Cached:           809660 kB
MemTotal:        1844596 kB
MemFree:          700852 kB
MemAvailable:    1463364 kB
Buffers:           73532 kB
Cached:           809660 kB
MemTotal:        1844596 kB
MemFree:          699668 kB
MemAvailable:    1462180 kB
Buffers:           73532 kB
Cached:           809660 kB
MemTotal:        1844596 kB
MemFree:          699428 kB
MemAvailable:    1461940 kB
Buffers:           73532 kB
Cached:           809660 kB
MemTotal:        1844596 kB
MemFree:          700728 kB
MemAvailable:    1463240 kB
Buffers:           73532 kB
Cached:           809660 kB
MemTotal:        1844596 kB
MemFree:          700556 kB
MemAvailable:    1463068 kB
Buffers:           73532 kB
Cached:           809660 kB
MemTotal:        1844596 kB
MemFree:          699676 kB
MemAvailable:    1462188 kB
Buffers:           73532 kB
Cached:           809660 kB
MemTotal:        1844596 kB
MemFree:          700400 kB
MemAvailable:    1462912 kB
Buffers:           73532 kB
Cached:           809660 kB
MemTotal:        1844596 kB
MemFree:          700656 kB
MemAvailable:    1463168 kB
Buffers:           73532 kB
Cached:           809660 kB
MemTotal:        1844596 kB
MemFree:          699236 kB
MemAvailable:    1461748 kB
Buffers:           73532 kB
Cached:           809660 kB
MemTotal:        1844596 kB
MemFree:          700412 kB
MemAvailable:    1462924 kB
Buffers:           73532 kB
Cached:           809660 kB
MemTotal:        1844596 kB
MemFree:          699244 kB
MemAvailable:    1461756 kB
Buffers:           73532 kB
Cached:           809660 kB
MemTotal:        1844596 kB
MemFree:          700544 kB
MemAvailable:    1463056 kB
Buffers:           73532 kB
Cached:           809660 kB
MemTotal:        1844596 kB
MemFree:          699280 kB
MemAvailable:    1461792 kB
Buffers:           73532 kB
Cached:           809660 kB
MemTotal:        1844596 kB
MemFree:          700472 kB
MemAvailable:    1462984 kB
Buffers:           73532 kB
Cached:           809660 kB
MemTotal:        1844596 kB
MemFree:          700480 kB
MemAvailable:    1462992 kB
Buffers:           73532 kB
Cached:           809660 kB
MemTotal:        1844596 kB
MemFree:          700536 kB
MemAvailable:    1463048 kB
Buffers:           73532 kB
Cached:           809660 kB
MemTotal:        1844596 kB
MemFree:          700420 kB
MemAvailable:    1462932 kB
Buffers:           73532 kB
Cached:           809660 kB
MemTotal:        1844596 kB
MemFree:          700432 kB
MemAvailable:    1462944 kB
Buffers:           73532 kB
Cached:           809660 kB
MemTotal:        1844596 kB
MemFree:          700684 kB
MemAvailable:    1463196 kB
Buffers:           73532 kB
Cached:           809660 kB
MemTotal:        1844596 kB
MemFree:          699224 kB
MemAvailable:    1461736 kB
Buffers:           73532 kB
Cached:           809660 kB
MemTotal:        1844596 kB
MemFree:          699232 kB
MemAvailable:    1461744 kB
Buffers:           73532 kB
Cached:           809660 kB
MemTotal:        1844596 kB
MemFree:          699100 kB
MemAvailable:    1461612 kB
Buffers:           73532 kB
Cached:           809660 kB
MemTotal:        1844596 kB
MemFree:          700460 kB
MemAvailable:    1462972 kB
Buffers:           73532 kB
Cached:           809660 kB
MemTotal:        1844596 kB
MemFree:          700628 kB
MemAvailable:    1463140 kB
Buffers:           73532 kB
Cached:           809660 kB
MemTotal:        1844596 kB
MemFree:          700544 kB
MemAvailable:    1463056 kB
Buffers:           73532 kB
Cached:           809660 kB
MemTotal:        1844596 kB
MemFree:          699992 kB
MemAvailable:    1462504 kB
Buffers:           73532 kB
Cached:           809660 kB
MemTotal:        1844596 kB
MemFree:          700280 kB
MemAvailable:    1462792 kB
Buffers:           73532 kB
Cached:           809660 kB
MemTotal:        1844596 kB
MemFree:          700616 kB
MemAvailable:    1463128 kB
Buffers:           73532 kB
Cached:           809660 kB
MemTotal:        1844596 kB
MemFree:          700592 kB
MemAvailable:    1463104 kB
Buffers:           73532 kB
Cached:           809660 kB
MemTotal:        1844596 kB
MemFree:          700672 kB
MemAvailable:    1463184 kB
Buffers:           73532 kB
Cached:           809660 kB
MemTotal:        1844596 kB
MemFree:          700120 kB
MemAvailable:    1462632 kB
Buffers:           73532 kB
Cached:           809660 kB
MemTotal:        1844596 kB
MemFree:          700324 kB
MemAvailable:    1462840 kB
Buffers:           73532 kB
Cached:           809664 kB
MemTotal:        1844596 kB
MemFree:          700544 kB
MemAvailable:    1463060 kB
Buffers:           73532 kB
Cached:           809664 kB
MemTotal:        1844596 kB
MemFree:          699292 kB
MemAvailable:    1461808 kB
Buffers:           73532 kB
Cached:           809664 kB
MemTotal:        1844596 kB
MemFree:          700592 kB
MemAvailable:    1463108 kB
Buffers:           73532 kB
Cached:           809664 kB
MemTotal:        1844596 kB
MemFree:          699160 kB
MemAvailable:    1461676 kB
Buffers:           73532 kB
Cached:           809664 kB
MemTotal:        1844596 kB
MemFree:          699368 kB
MemAvailable:    1461884 kB
Buffers:           73532 kB
Cached:           809664 kB
MemTotal:        1844596 kB
MemFree:          699140 kB
MemAvailable:    1461656 kB
Buffers:           73532 kB
Cached:           809664 kB
MemTotal:        1844596 kB
MemFree:          699180 kB
MemAvailable:    1461704 kB
Buffers:           73532 kB
Cached:           809672 kB
MemTotal:        1844596 kB
MemFree:          699172 kB
MemAvailable:    1461696 kB
Buffers:           73532 kB
Cached:           809672 kB
MemTotal:        1844596 kB
MemFree:          699388 kB
MemAvailable:    1461912 kB
Buffers:           73532 kB
Cached:           809672 kB
MemTotal:        1844596 kB
MemFree:          700420 kB
MemAvailable:    1462944 kB
Buffers:           73532 kB
Cached:           809672 kB
MemTotal:        1844596 kB
MemFree:          699384 kB
MemAvailable:    1461908 kB
Buffers:           73532 kB
Cached:           809672 kB
MemTotal:        1844596 kB
MemFree:          700120 kB
MemAvailable:    1462644 kB
Buffers:           73532 kB
Cached:           809672 kB
MemTotal:        1844596 kB
MemFree:          700512 kB
MemAvailable:    1463036 kB
Buffers:           73532 kB
Cached:           809672 kB
MemTotal:        1844596 kB
MemFree:          700552 kB
MemAvailable:    1463076 kB
Buffers:           73532 kB
Cached:           809672 kB
MemTotal:        1844596 kB
MemFree:          700544 kB
MemAvailable:    1463068 kB
Buffers:           73532 kB
Cached:           809672 kB
MemTotal:        1844596 kB
MemFree:          699380 kB
MemAvailable:    1461904 kB
Buffers:           73532 kB
Cached:           809672 kB
MemTotal:        1844596 kB
MemFree:          700352 kB
MemAvailable:    1462876 kB
Buffers:           73532 kB
Cached:           809672 kB
MemTotal:        1844596 kB
MemFree:          700436 kB
MemAvailable:    1462960 kB
Buffers:           73532 kB
Cached:           809672 kB
MemTotal:        1844596 kB
MemFree:          699148 kB
MemAvailable:    1461672 kB
Buffers:           73532 kB
Cached:           809672 kB
MemTotal:        1844596 kB
MemFree:          700396 kB
MemAvailable:    1462920 kB
Buffers:           73532 kB
Cached:           809672 kB
MemTotal:        1844596 kB
MemFree:          699404 kB
MemAvailable:    1461928 kB
Buffers:           73532 kB
Cached:           809672 kB
MemTotal:        1844596 kB
MemFree:          699264 kB
MemAvailable:    1461788 kB
Buffers:           73532 kB
Cached:           809672 kB
MemTotal:        1844596 kB
MemFree:          700564 kB
MemAvailable:    1463088 kB
Buffers:           73532 kB
Cached:           809672 kB
MemTotal:        1844596 kB
MemFree:          699792 kB
MemAvailable:    1462316 kB
Buffers:           73532 kB
Cached:           809672 kB
MemTotal:        1844596 kB
MemFree:          700344 kB
MemAvailable:    1462868 kB
Buffers:           73532 kB
Cached:           809672 kB
MemTotal:        1844596 kB
MemFree:          700420 kB
MemAvailable:    1462944 kB
Buffers:           73532 kB
Cached:           809672 kB
MemTotal:        1844596 kB
MemFree:          699240 kB
MemAvailable:    1461764 kB
Buffers:           73532 kB
Cached:           809672 kB
MemTotal:        1844596 kB
MemFree:          699248 kB
MemAvailable:    1461772 kB
Buffers:           73532 kB
Cached:           809672 kB
MemTotal:        1844596 kB
MemFree:          699408 kB
MemAvailable:    1461932 kB
Buffers:           73532 kB
Cached:           809672 kB
MemTotal:        1844596 kB
MemFree:          700584 kB
MemAvailable:    1463108 kB
Buffers:           73532 kB
Cached:           809672 kB
MemTotal:        1844596 kB
MemFree:          699408 kB
MemAvailable:    1461932 kB
Buffers:           73532 kB
Cached:           809672 kB
MemTotal:        1844596 kB
MemFree:          699648 kB
MemAvailable:    1462172 kB
Buffers:           73532 kB
Cached:           809672 kB
MemTotal:        1844596 kB
MemFree:          699532 kB
MemAvailable:    1462056 kB
Buffers:           73532 kB
Cached:           809672 kB
MemTotal:        1844596 kB
MemFree:          700508 kB
MemAvailable:    1463032 kB
Buffers:           73532 kB
Cached:           809672 kB
MemTotal:        1844596 kB
MemFree:          700508 kB
MemAvailable:    1463032 kB
Buffers:           73532 kB
Cached:           809672 kB
MemTotal:        1844596 kB
MemFree:          700592 kB
MemAvailable:    1463116 kB
Buffers:           73532 kB
Cached:           809672 kB
MemTotal:        1844596 kB
MemFree:          700280 kB
MemAvailable:    1462804 kB
Buffers:           73532 kB
Cached:           809672 kB
MemTotal:        1844596 kB
MemFree:          699992 kB
MemAvailable:    1462516 kB
Buffers:           73532 kB
Cached:           809672 kB
MemTotal:        1844596 kB
MemFree:          700852 kB
MemAvailable:    1463376 kB
Buffers:           73532 kB
Cached:           809672 kB
MemTotal:        1844596 kB
MemFree:          699792 kB
MemAvailable:    1462316 kB
Buffers:           73532 kB
Cached:           809672 kB
MemTotal:        1844596 kB
MemFree:          700240 kB
MemAvailable:    1462764 kB
Buffers:           73532 kB
Cached:           809672 kB
MemTotal:        1844596 kB
MemFree:          700576 kB
MemAvailable:    1463100 kB
Buffers:           73532 kB
Cached:           809672 kB
MemTotal:        1844596 kB
MemFree:          700364 kB
MemAvailable:    1462888 kB
Buffers:           73532 kB
Cached:           809672 kB
MemTotal:        1844596 kB
MemFree:          700616 kB
MemAvailable:    1463140 kB
Buffers:           73532 kB
Cached:           809672 kB
MemTotal:        1844596 kB
MemFree:          699292 kB
MemAvailable:    1461816 kB
Buffers:           73532 kB
Cached:           809672 kB
MemTotal:        1844596 kB
MemFree:          700732 kB
MemAvailable:    1463256 kB
Buffers:           73532 kB
Cached:           809672 kB
MemTotal:        1844596 kB
MemFree:          700648 kB
MemAvailable:    1463172 kB
Buffers:           73532 kB
Cached:           809672 kB
MemTotal:        1844596 kB
MemFree:          699236 kB
MemAvailable:    1461760 kB
Buffers:           73532 kB
Cached:           809672 kB
MemTotal:        1844596 kB
MemFree:          700480 kB
MemAvailable:    1463004 kB
Buffers:           73532 kB
Cached:           809672 kB
MemTotal:        1844596 kB
MemFree:          700408 kB
MemAvailable:    1462932 kB
Buffers:           73532 kB
Cached:           809672 kB
MemTotal:        1844596 kB
MemFree:          700240 kB
MemAvailable:    1462764 kB
Buffers:           73532 kB
Cached:           809672 kB
MemTotal:        1844596 kB
MemFree:          700324 kB
MemAvailable:    1462848 kB
Buffers:           73532 kB
Cached:           809672 kB
MemTotal:        1844596 kB
MemFree:          699116 kB
MemAvailable:    1461640 kB
Buffers:           73532 kB
Cached:           809672 kB
MemTotal:        1844596 kB
MemFree:          700392 kB
MemAvailable:    1462916 kB
Buffers:           73532 kB
Cached:           809672 kB
MemTotal:        1844596 kB
MemFree:          700644 kB
MemAvailable:    1463168 kB
Buffers:           73532 kB
Cached:           809672 kB
MemTotal:        1844596 kB
MemFree:          700592 kB
MemAvailable:    1463116 kB
Buffers:           73532 kB
Cached:           809672 kB
MemTotal:        1844596 kB
MemFree:          699244 kB
MemAvailable:    1461768 kB
Buffers:           73532 kB
Cached:           809672 kB
MemTotal:        1844596 kB
MemFree:          700480 kB
MemAvailable:    1463004 kB
Buffers:           73532 kB
Cached:           809672 kB
MemTotal:        1844596 kB
MemFree:          700324 kB
MemAvailable:    1462848 kB
Buffers:           73532 kB
Cached:           809672 kB
MemTotal:        1844596 kB
MemFree:          700668 kB
MemAvailable:    1463192 kB
Buffers:           73532 kB
Cached:           809672 kB
MemTotal:        1844596 kB
MemFree:          699292 kB
MemAvailable:    1461816 kB
Buffers:           73532 kB
Cached:           809672 kB
MemTotal:        1844596 kB
MemFree:          699416 kB
MemAvailable:    1461940 kB
Buffers:           73532 kB
Cached:           809672 kB
MemTotal:        1844596 kB
MemFree:          700516 kB
MemAvailable:    1463040 kB
Buffers:           73532 kB
Cached:           809672 kB
MemTotal:        1844596 kB
MemFree:          700360 kB
MemAvailable:    1462884 kB
Buffers:           73532 kB
Cached:           809672 kB
MemTotal:        1844596 kB
MemFree:          700540 kB
MemAvailable:    1463064 kB
Buffers:           73532 kB
Cached:           809672 kB
MemTotal:        1844596 kB
MemFree:          700324 kB
MemAvailable:    1462848 kB
Buffers:           73532 kB
Cached:           809672 kB
MemTotal:        1844596 kB
MemFree:          700668 kB
MemAvailable:    1463192 kB
Buffers:           73532 kB
Cached:           809672 kB
MemTotal:        1844596 kB
MemFree:          699292 kB
MemAvailable:    1461816 kB
Buffers:           73532 kB
Cached:           809672 kB
MemTotal:        1844596 kB
MemFree:          700592 kB
MemAvailable:    1463116 kB
Buffers:           73532 kB
Cached:           809672 kB
MemTotal:        1844596 kB
MemFree:          699800 kB
MemAvailable:    1462324 kB
Buffers:           73532 kB
Cached:           809672 kB
MemTotal:        1844596 kB
MemFree:          698992 kB
MemAvailable:    1461516 kB
Buffers:           73532 kB
Cached:           809672 kB
MemTotal:        1844596 kB
MemFree:          700592 kB
MemAvailable:    1463116 kB
Buffers:           73532 kB
Cached:           809672 kB
MemTotal:        1844596 kB
MemFree:          700220 kB
MemAvailable:    1462744 kB
Buffers:           73532 kB
Cached:           809672 kB
MemTotal:        1844596 kB
MemFree:          700556 kB
MemAvailable:    1463080 kB
Buffers:           73532 kB
Cached:           809672 kB
MemTotal:        1844596 kB
MemFree:          700544 kB
MemAvailable:    1463068 kB
Buffers:           73532 kB
Cached:           809672 kB
MemTotal:        1844596 kB
MemFree:          700296 kB
MemAvailable:    1462820 kB
Buffers:           73532 kB
Cached:           809672 kB
MemTotal:        1844596 kB
MemFree:          700484 kB
MemAvailable:    1463008 kB
Buffers:           73532 kB
Cached:           809672 kB
MemTotal:        1844596 kB
MemFree:          700652 kB
MemAvailable:    1463176 kB
Buffers:           73532 kB
Cached:           809672 kB
MemTotal:        1844596 kB
MemFree:          700544 kB
MemAvailable:    1463072 kB
Buffers:           73532 kB
Cached:           809676 kB
MemTotal:        1844596 kB
MemFree:          699296 kB
MemAvailable:    1461824 kB
Buffers:           73532 kB
Cached:           809676 kB
MemTotal:        1844596 kB
MemFree:          700724 kB
MemAvailable:    1463252 kB
Buffers:           73532 kB
Cached:           809676 kB
MemTotal:        1844596 kB
MemFree:          700492 kB
MemAvailable:    1463024 kB
Buffers:           73532 kB
Cached:           809680 kB
MemTotal:        1844596 kB
MemFree:          700512 kB
MemAvailable:    1463044 kB
Buffers:           73532 kB
Cached:           809680 kB
MemTotal:        1844596 kB
MemFree:          700512 kB
MemAvailable:    1463044 kB
Buffers:           73532 kB
Cached:           809680 kB
MemTotal:        1844596 kB
MemFree:          699248 kB
MemAvailable:    1461780 kB
Buffers:           73532 kB
Cached:           809680 kB
MemTotal:        1844596 kB
MemFree:          699252 kB
MemAvailable:    1461784 kB
Buffers:           73532 kB
Cached:           809680 kB
MemTotal:        1844596 kB
MemFree:          699492 kB
MemAvailable:    1462024 kB
Buffers:           73532 kB
Cached:           809680 kB
MemTotal:        1844596 kB
MemFree:          699244 kB
MemAvailable:    1461776 kB
Buffers:           73532 kB
Cached:           809680 kB
MemTotal:        1844596 kB
MemFree:          699244 kB
MemAvailable:    1461776 kB
Buffers:           73532 kB
Cached:           809680 kB
MemTotal:        1844596 kB
MemFree:          700588 kB
MemAvailable:    1463120 kB
Buffers:           73532 kB
Cached:           809680 kB
MemTotal:        1844596 kB
MemFree:          699800 kB
MemAvailable:    1462332 kB
Buffers:           73532 kB
Cached:           809680 kB
MemTotal:        1844596 kB
MemFree:          700660 kB
MemAvailable:    1463192 kB
Buffers:           73532 kB
Cached:           809680 kB
MemTotal:        1844596 kB
MemFree:          700916 kB
MemAvailable:    1463448 kB
Buffers:           73532 kB
Cached:           809680 kB
MemTotal:        1844596 kB
MemFree:          700720 kB
MemAvailable:    1463252 kB
Buffers:           73532 kB
Cached:           809680 kB
MemTotal:        1844596 kB
MemFree:          699372 kB
MemAvailable:    1461904 kB
Buffers:           73532 kB
Cached:           809680 kB
MemTotal:        1844596 kB
MemFree:          699284 kB
MemAvailable:    1461816 kB
Buffers:           73532 kB
Cached:           809680 kB
MemTotal:        1844596 kB
MemFree:          699152 kB
MemAvailable:    1461684 kB
Buffers:           73532 kB
Cached:           809680 kB
MemTotal:        1844596 kB
MemFree:          699228 kB
MemAvailable:    1461760 kB
Buffers:           73532 kB
Cached:           809680 kB
MemTotal:        1844596 kB
MemFree:          700524 kB
MemAvailable:    1463056 kB
Buffers:           73532 kB
Cached:           809680 kB
MemTotal:        1844596 kB
MemFree:          700716 kB
MemAvailable:    1463248 kB
Buffers:           73532 kB
Cached:           809680 kB
MemTotal:        1844596 kB
MemFree:          700048 kB
MemAvailable:    1462580 kB
Buffers:           73532 kB
Cached:           809680 kB
MemTotal:        1844596 kB
MemFree:          700532 kB
MemAvailable:    1463064 kB
Buffers:           73532 kB
Cached:           809680 kB
MemTotal:        1844596 kB
MemFree:          700344 kB
MemAvailable:    1462876 kB
Buffers:           73532 kB
Cached:           809680 kB
MemTotal:        1844596 kB
MemFree:          700420 kB
MemAvailable:    1462952 kB
Buffers:           73532 kB
Cached:           809680 kB
MemTotal:        1844596 kB
MemFree:          699156 kB
MemAvailable:    1461688 kB
Buffers:           73532 kB
Cached:           809680 kB
MemTotal:        1844596 kB
MemFree:          699248 kB
MemAvailable:    1461780 kB
Buffers:           73532 kB
Cached:           809680 kB
MemTotal:        1844596 kB
MemFree:          700536 kB
MemAvailable:    1463068 kB
Buffers:           73532 kB
Cached:           809680 kB
MemTotal:        1844596 kB
MemFree:          700340 kB
MemAvailable:    1462872 kB
Buffers:           73532 kB
Cached:           809680 kB
MemTotal:        1844596 kB
MemFree:          700592 kB
MemAvailable:    1463124 kB
Buffers:           73532 kB
Cached:           809680 kB
MemTotal:        1844596 kB
MemFree:          700408 kB
MemAvailable:    1462940 kB
Buffers:           73532 kB
Cached:           809680 kB
MemTotal:        1844596 kB
MemFree:          699160 kB
MemAvailable:    1461692 kB
Buffers:           73532 kB
Cached:           809680 kB
MemTotal:        1844596 kB
MemFree:          700384 kB
MemAvailable:    1462916 kB
Buffers:           73532 kB
Cached:           809680 kB
MemTotal:        1844596 kB
MemFree:          698896 kB
MemAvailable:    1461428 kB
Buffers:           73532 kB
Cached:           809680 kB
MemTotal:        1844596 kB
MemFree:          699144 kB
MemAvailable:    1461676 kB
Buffers:           73532 kB
Cached:           809680 kB
MemTotal:        1844596 kB
MemFree:          700012 kB
MemAvailable:    1462544 kB
Buffers:           73532 kB
Cached:           809680 kB
MemTotal:        1844596 kB
MemFree:          698892 kB
MemAvailable:    1461424 kB
Buffers:           73532 kB
Cached:           809680 kB
MemTotal:        1844596 kB
MemFree:          699132 kB
MemAvailable:    1461664 kB
Buffers:           73532 kB
Cached:           809680 kB
MemTotal:        1844596 kB
MemFree:          698752 kB
MemAvailable:    1461284 kB
Buffers:           73532 kB
Cached:           809680 kB
MemTotal:        1844596 kB
MemFree:          699864 kB
MemAvailable:    1462396 kB
Buffers:           73532 kB
Cached:           809680 kB
MemTotal:        1844596 kB
MemFree:          700120 kB
MemAvailable:    1462652 kB
Buffers:           73532 kB
Cached:           809680 kB
MemTotal:        1844596 kB
MemFree:          698792 kB
MemAvailable:    1461324 kB
Buffers:           73532 kB
Cached:           809680 kB
MemTotal:        1844596 kB
MemFree:          699984 kB
MemAvailable:    1462516 kB
Buffers:           73532 kB
Cached:           809680 kB
MemTotal:        1844596 kB
MemFree:          700152 kB
MemAvailable:    1462684 kB
Buffers:           73532 kB
Cached:           809680 kB
MemTotal:        1844596 kB
MemFree:          699792 kB
MemAvailable:    1462324 kB
Buffers:           73532 kB
Cached:           809680 kB
MemTotal:        1844596 kB
MemFree:          699868 kB
MemAvailable:    1462400 kB
Buffers:           73532 kB
Cached:           809680 kB
MemTotal:        1844596 kB
MemFree:          699808 kB
MemAvailable:    1462340 kB
Buffers:           73532 kB
Cached:           809680 kB
MemTotal:        1844596 kB
MemFree:          700048 kB
MemAvailable:    1462580 kB
Buffers:           73532 kB
Cached:           809680 kB
MemTotal:        1844596 kB
MemFree:          700060 kB
MemAvailable:    1462592 kB
Buffers:           73532 kB
Cached:           809680 kB
MemTotal:        1844596 kB
MemFree:          699924 kB
MemAvailable:    1462456 kB
Buffers:           73532 kB
Cached:           809680 kB
MemTotal:        1844596 kB
MemFree:          699420 kB
MemAvailable:    1461952 kB
Buffers:           73532 kB
Cached:           809680 kB
MemTotal:        1844596 kB
MemFree:          700024 kB
MemAvailable:    1462560 kB
Buffers:           73532 kB
Cached:           809684 kB
MemTotal:        1844596 kB
MemFree:          700108 kB
MemAvailable:    1462644 kB
Buffers:           73532 kB
Cached:           809684 kB
MemTotal:        1844596 kB
MemFree:          699912 kB
MemAvailable:    1462448 kB
Buffers:           73532 kB
Cached:           809684 kB
MemTotal:        1844596 kB
MemFree:          700048 kB
MemAvailable:    1462584 kB
Buffers:           73532 kB
Cached:           809684 kB
MemTotal:        1844596 kB
MemFree:          699428 kB
MemAvailable:    1461964 kB
Buffers:           73532 kB
Cached:           809684 kB
MemTotal:        1844596 kB
MemFree:          699784 kB
MemAvailable:    1462324 kB
Buffers:           73532 kB
Cached:           809688 kB
MemTotal:        1844596 kB
MemFree:          700120 kB
MemAvailable:    1462660 kB
Buffers:           73532 kB
Cached:           809688 kB
MemTotal:        1844596 kB
MemFree:          699916 kB
MemAvailable:    1462456 kB
Buffers:           73532 kB
Cached:           809688 kB
MemTotal:        1844596 kB
MemFree:          700168 kB
MemAvailable:    1462708 kB
Buffers:           73532 kB
Cached:           809688 kB
MemTotal:        1844596 kB
MemFree:          698628 kB
MemAvailable:    1461168 kB
Buffers:           73532 kB
Cached:           809688 kB
MemTotal:        1844596 kB
MemFree:          699908 kB
MemAvailable:    1462448 kB
Buffers:           73532 kB
Cached:           809688 kB
MemTotal:        1844596 kB
MemFree:          700120 kB
MemAvailable:    1462660 kB
Buffers:           73532 kB
Cached:           809688 kB
MemTotal:        1844596 kB
MemFree:          700096 kB
MemAvailable:    1462636 kB
Buffers:           73532 kB
Cached:           809688 kB
MemTotal:        1844596 kB
MemFree:          699724 kB
MemAvailable:    1462264 kB
Buffers:           73532 kB
Cached:           809688 kB
MemTotal:        1844596 kB
MemFree:          700060 kB
MemAvailable:    1462600 kB
Buffers:           73532 kB
Cached:           809688 kB
MemTotal:        1844596 kB
MemFree:          698776 kB
MemAvailable:    1461316 kB
Buffers:           73532 kB
Cached:           809688 kB
MemTotal:        1844596 kB
MemFree:          698760 kB
MemAvailable:    1461300 kB
Buffers:           73532 kB
Cached:           809688 kB
MemTotal:        1844596 kB
MemFree:          698628 kB
MemAvailable:    1461168 kB
Buffers:           73532 kB
Cached:           809688 kB
MemTotal:        1844596 kB
MemFree:          698796 kB
MemAvailable:    1461336 kB
Buffers:           73532 kB
Cached:           809688 kB
MemTotal:        1844596 kB
MemFree:          700096 kB
MemAvailable:    1462636 kB
Buffers:           73532 kB
Cached:           809688 kB
MemTotal:        1844596 kB
MemFree:          699784 kB
MemAvailable:    1462324 kB
Buffers:           73532 kB
Cached:           809688 kB
MemTotal:        1844596 kB
MemFree:          699800 kB
MemAvailable:    1462340 kB
Buffers:           73532 kB
Cached:           809688 kB
MemTotal:        1844596 kB
MemFree:          698620 kB
MemAvailable:    1461160 kB
Buffers:           73532 kB
Cached:           809688 kB
MemTotal:        1844596 kB
MemFree:          699728 kB
MemAvailable:    1462268 kB
Buffers:           73532 kB
Cached:           809688 kB
MemTotal:        1844596 kB
MemFree:          699540 kB
MemAvailable:    1462080 kB
Buffers:           73532 kB
Cached:           809688 kB
MemTotal:        1844596 kB
MemFree:          698844 kB
MemAvailable:    1461388 kB
Buffers:           73532 kB
Cached:           809692 kB
MemTotal:        1844596 kB
MemFree:          698768 kB
MemAvailable:    1461312 kB
Buffers:           73532 kB
Cached:           809692 kB
MemTotal:        1844596 kB
MemFree:          699992 kB
MemAvailable:    1462536 kB
Buffers:           73532 kB
Cached:           809692 kB
MemTotal:        1844596 kB
MemFree:          699784 kB
MemAvailable:    1462328 kB
Buffers:           73532 kB
Cached:           809692 kB
MemTotal:        1844596 kB
