MemTotal:        1844596 kB
MemFree:          923708 kB
MemAvailable:    1579528 kB
Buffers:           69572 kB
Cached:           706352 kB
MemTotal:        1844596 kB
MemFree:          922412 kB
MemAvailable:    1578232 kB
Buffers:           69572 kB
Cached:           706352 kB
MemTotal:        1844596 kB
MemFree:          920492 kB
MemAvailable:    1576312 kB
Buffers:           69572 kB
Cached:           706352 kB
MemTotal:        1844596 kB
MemFree:          920368 kB
MemAvailable:    1576188 kB
Buffers:           69572 kB
Cached:           706352 kB
MemTotal:        1844596 kB
MemFree:          918012 kB
MemAvailable:    1573832 kB
Buffers:           69572 kB
Cached:           706352 kB
MemTotal:        1844596 kB
MemFree:          917888 kB
MemAvailable:    1573708 kB
Buffers:           69572 kB
Cached:           706352 kB
MemTotal:        1844596 kB
MemFree:          916832 kB
MemAvailable:    1572652 kB
Buffers:           69572 kB
Cached:           706352 kB
MemTotal:        1844596 kB
MemFree:          914036 kB
MemAvailable:    1569856 kB
Buffers:           69572 kB
Cached:           706352 kB
MemTotal:        1844596 kB
MemFree:          912732 kB
MemAvailable:    1568552 kB
Buffers:           69572 kB
Cached:           706352 kB
MemTotal:        1844596 kB
MemFree:          908076 kB
MemAvailable:    1563896 kB
Buffers:           69572 kB
Cached:           706352 kB
MemTotal:        1844596 kB
MemFree:          906356 kB
MemAvailable:    1562176 kB
Buffers:           69572 kB
Cached:           706352 kB
MemTotal:        1844596 kB
MemFree:          910180 kB
MemAvailable:    1566000 kB
Buffers:           69572 kB
Cached:           706352 kB
MemTotal:        1844596 kB
MemFree:          908920 kB
MemAvailable:    1564740 kB
Buffers:           69572 kB
Cached:           706352 kB
MemTotal:        1844596 kB
MemFree:          910128 kB
MemAvailable:    1565948 kB
Buffers:           69572 kB
Cached:           706352 kB
MemTotal:        1844596 kB
MemFree:          909896 kB
MemAvailable:    1565716 kB
Buffers:           69572 kB
Cached:           706352 kB
MemTotal:        1844596 kB
MemFree:          909208 kB
MemAvailable:    1565028 kB
Buffers:           69572 kB
Cached:           706352 kB
MemTotal:        1844596 kB
MemFree:          909764 kB
MemAvailable:    1565584 kB
Buffers:           69572 kB
Cached:           706352 kB
MemTotal:        1844596 kB
MemFree:          909764 kB
MemAvailable:    1565584 kB
Buffers:           69572 kB
Cached:           706352 kB
MemTotal:        1844596 kB
MemFree:          909804 kB
MemAvailable:    1565624 kB
Buffers:           69572 kB
Cached:           706352 kB
MemTotal:        1844596 kB
MemFree:          909284 kB
MemAvailable:    1565104 kB
Buffers:           69572 kB
Cached:           706352 kB
MemTotal:        1844596 kB
MemFree:          909620 kB
MemAvailable:    1565440 kB
Buffers:           69572 kB
Cached:           706352 kB
MemTotal:        1844596 kB
MemFree:          908928 kB
MemAvailable:    1564748 kB
Buffers:           69572 kB
Cached:           706352 kB
MemTotal:        1844596 kB
MemFree:          907812 kB
MemAvailable:    1563632 kB
Buffers:           69572 kB
Cached:           706352 kB
MemTotal:        1844596 kB
MemFree:          907440 kB
MemAvailable:    1563260 kB
Buffers:           69572 kB
Cached:           706352 kB
MemTotal:        1844596 kB
MemFree:          907696 kB
MemAvailable:    1563516 kB
Buffers:           69572 kB
Cached:           706352 kB
MemTotal:        1844596 kB
MemFree:          907676 kB
MemAvailable:    1563496 kB
Buffers:           69572 kB
Cached:           706352 kB
MemTotal:        1844596 kB
MemFree:          906452 kB
MemAvailable:    1562272 kB
Buffers:           69572 kB
Cached:           706352 kB
MemTotal:        1844596 kB
MemFree:          906452 kB
MemAvailable:    1562272 kB
Buffers:           69572 kB
Cached:           706352 kB
MemTotal:        1844596 kB
MemFree:          906328 kB
MemAvailable:    1562152 kB
Buffers:           69572 kB
Cached:           706352 kB
MemTotal:        1844596 kB
MemFree:          906452 kB
MemAvailable:    1562276 kB
Buffers:           69572 kB
Cached:           706352 kB
MemTotal:        1844596 kB
MemFree:          906452 kB
MemAvailable:    1562276 kB
Buffers:           69572 kB
Cached:           706352 kB
MemTotal:        1844596 kB
MemFree:          906472 kB
MemAvailable:    1562300 kB
Buffers:           69572 kB
Cached:           706356 kB
MemTotal:        1844596 kB
MemFree:          906752 kB
MemAvailable:    1562580 kB
Buffers:           69572 kB
Cached:           706356 kB
MemTotal:        1844596 kB
MemFree:          906876 kB
MemAvailable:    1562708 kB
Buffers:           69572 kB
Cached:           706360 kB
MemTotal:        1844596 kB
MemFree:          906636 kB
MemAvailable:    1562468 kB
Buffers:           69572 kB
Cached:           706360 kB
MemTotal:        1844596 kB
MemFree:          907860 kB
MemAvailable:    1563692 kB
Buffers:           69572 kB
Cached:           706360 kB
MemTotal:        1844596 kB
MemFree:          904404 kB
MemAvailable:    1560236 kB
Buffers:           69572 kB
Cached:           706360 kB
MemTotal:        1844596 kB
MemFree:          901676 kB
MemAvailable:    1557508 kB
Buffers:           69572 kB
Cached:           706360 kB
MemTotal:        1844596 kB
MemFree:          901668 kB
MemAvailable:    1557500 kB
Buffers:           69572 kB
Cached:           706360 kB
MemTotal:        1844596 kB
MemFree:          902744 kB
MemAvailable:    1558576 kB
Buffers:           69572 kB
Cached:           706360 kB
MemTotal:        1844596 kB
MemFree:          901800 kB
MemAvailable:    1557632 kB
Buffers:           69572 kB
Cached:           706360 kB
MemTotal:        1844596 kB
MemFree:          902740 kB
MemAvailable:    1558572 kB
Buffers:           69572 kB
Cached:           706360 kB
MemTotal:        1844596 kB
MemFree:          902048 kB
MemAvailable:    1557880 kB
Buffers:           69572 kB
Cached:           706360 kB
MemTotal:        1844596 kB
MemFree:          902656 kB
MemAvailable:    1558488 kB
Buffers:           69572 kB
Cached:           706360 kB
MemTotal:        1844596 kB
MemFree:          902048 kB
MemAvailable:    1557880 kB
Buffers:           69572 kB
Cached:           706360 kB
MemTotal:        1844596 kB
MemFree:          901372 kB
MemAvailable:    1557204 kB
Buffers:           69572 kB
Cached:           706360 kB
MemTotal:        1844596 kB
MemFree:          902488 kB
MemAvailable:    1558320 kB
Buffers:           69572 kB
Cached:           706360 kB
MemTotal:        1844596 kB
MemFree:          901364 kB
MemAvailable:    1557196 kB
Buffers:           69572 kB
Cached:           706360 kB
MemTotal:        1844596 kB
MemFree:          902048 kB
MemAvailable:    1557880 kB
Buffers:           69572 kB
Cached:           706360 kB
MemTotal:        1844596 kB
MemFree:          900932 kB
MemAvailable:    1556764 kB
Buffers:           69572 kB
Cached:           706360 kB
MemTotal:        1844596 kB
MemFree:          900628 kB
MemAvailable:    1556460 kB
Buffers:           69572 kB
Cached:           706360 kB
MemTotal:        1844596 kB
MemFree:          900380 kB
MemAvailable:    1556212 kB
Buffers:           69572 kB
Cached:           706360 kB
MemTotal:        1844596 kB
MemFree:          901584 kB
MemAvailable:    1557416 kB
Buffers:           69572 kB
Cached:           706360 kB
MemTotal:        1844596 kB
MemFree:          901668 kB
MemAvailable:    1557500 kB
Buffers:           69572 kB
Cached:           706360 kB
MemTotal:        1844596 kB
MemFree:          901356 kB
MemAvailable:    1557188 kB
Buffers:           69572 kB
Cached:           706360 kB
MemTotal:        1844596 kB
MemFree:          901608 kB
MemAvailable:    1557440 kB
Buffers:           69572 kB
Cached:           706360 kB
MemTotal:        1844596 kB
MemFree:          900240 kB
MemAvailable:    1556072 kB
Buffers:           69572 kB
Cached:           706360 kB
MemTotal:        1844596 kB
MemFree:          901160 kB
MemAvailable:    1556992 kB
Buffers:           69572 kB
Cached:           706360 kB
MemTotal:        1844596 kB
MemFree:          899760 kB
MemAvailable:    1555592 kB
Buffers:           69572 kB
Cached:           706360 kB
MemTotal:        1844596 kB
MemFree:          899752 kB
MemAvailable:    1555584 kB
Buffers:           69572 kB
Cached:           706360 kB
MemTotal:        1844596 kB
MemFree:          899884 kB
MemAvailable:    1555716 kB
Buffers:           69572 kB
Cached:           706360 kB
MemTotal:        1844596 kB
MemFree:          901060 kB
MemAvailable:    1556892 kB
Buffers:           69572 kB
Cached:           706360 kB
MemTotal:        1844596 kB
MemFree:          900056 kB
MemAvailable:    1555888 kB
Buffers:           69572 kB
Cached:           706360 kB
MemTotal:        1844596 kB
MemFree:          900856 kB
MemAvailable:    1556688 kB
Buffers:           69572 kB
Cached:           706360 kB
MemTotal:        1844596 kB
MemFree:          901192 kB
MemAvailable:    1557024 kB
Buffers:           69572 kB
Cached:           706360 kB
MemTotal:        1844596 kB
MemFree:          899908 kB
MemAvailable:    1555740 kB
Buffers:           69572 kB
Cached:           706360 kB
MemTotal:        1844596 kB
MemFree:          899908 kB
MemAvailable:    1555740 kB
Buffers:           69572 kB
Cached:           706360 kB
MemTotal:        1844596 kB
MemFree:          899380 kB
MemAvailable:    1555212 kB
Buffers:           69572 kB
Cached:           706360 kB
MemTotal:        1844596 kB
MemFree:          896528 kB
MemAvailable:    1552360 kB
Buffers:           69572 kB
Cached:           706360 kB
MemTotal:        1844596 kB
MemFree:          894236 kB
MemAvailable:    1550068 kB
Buffers:           69572 kB
Cached:           706360 kB
MemTotal:        1844596 kB
MemFree:          894972 kB
MemAvailable:    1550804 kB
Buffers:           69572 kB
Cached:           706360 kB
MemTotal:        1844596 kB
MemFree:          895056 kB
MemAvailable:    1550888 kB
Buffers:           69572 kB
Cached:           706360 kB
MemTotal:        1844596 kB
MemFree:          894668 kB
MemAvailable:    1550500 kB
Buffers:           69572 kB
Cached:           706360 kB
MemTotal:        1844596 kB
MemFree:          893236 kB
MemAvailable:    1549068 kB
Buffers:           69572 kB
Cached:           706360 kB
MemTotal:        1844596 kB
MemFree:          893368 kB
MemAvailable:    1549200 kB
Buffers:           69572 kB
Cached:           706360 kB
MemTotal:        1844596 kB
MemFree:          892996 kB
MemAvailable:    1548828 kB
Buffers:           69572 kB
Cached:           706360 kB
MemTotal:        1844596 kB
MemFree:          894220 kB
MemAvailable:    1550052 kB
Buffers:           69572 kB
Cached:           706360 kB
MemTotal:        1844596 kB
MemFree:          893600 kB
MemAvailable:    1549432 kB
Buffers:           69572 kB
Cached:           706360 kB
MemTotal:        1844596 kB
MemFree:          893684 kB
MemAvailable:    1549516 kB
Buffers:           69572 kB
Cached:           706360 kB
MemTotal:        1844596 kB
MemFree:          891996 kB
MemAvailable:    1547828 kB
Buffers:           69572 kB
Cached:           706360 kB
MemTotal:        1844596 kB
MemFree:          891872 kB
MemAvailable:    1547704 kB
Buffers:           69572 kB
Cached:           706360 kB
MemTotal:        1844596 kB
MemFree:          892444 kB
MemAvailable:    1548276 kB
Buffers:           69572 kB
Cached:           706360 kB
MemTotal:        1844596 kB
MemFree:          892444 kB
MemAvailable:    1548276 kB
Buffers:           69572 kB
Cached:           706360 kB
MemTotal:        1844596 kB
MemFree:          891112 kB
MemAvailable:    1546944 kB
Buffers:           69572 kB
Cached:           706360 kB
MemTotal:        1844596 kB
MemFree:          892344 kB
MemAvailable:    1548176 kB
Buffers:           69572 kB
Cached:           706360 kB
MemTotal:        1844596 kB
MemFree:          891560 kB
MemAvailable:    1547392 kB
Buffers:           69572 kB
Cached:           706360 kB
MemTotal:        1844596 kB
MemFree:          890392 kB
MemAvailable:    1546224 kB
Buffers:           69572 kB
Cached:           706360 kB
MemTotal:        1844596 kB
MemFree:          891552 kB
MemAvailable:    1547384 kB
Buffers:           69572 kB
Cached:           706360 kB
MemTotal:        1844596 kB
MemFree:          890392 kB
MemAvailable:    1546224 kB
Buffers:           69572 kB
Cached:           706360 kB
MemTotal:        1844596 kB
MemFree:          891260 kB
MemAvailable:    1547092 kB
Buffers:           69572 kB
Cached:           706360 kB
MemTotal:        1844596 kB
MemFree:          890268 kB
MemAvailable:    1546100 kB
Buffers:           69572 kB
Cached:           706360 kB
MemTotal:        1844596 kB
MemFree:          891432 kB
MemAvailable:    1547264 kB
Buffers:           69572 kB
Cached:           706360 kB
MemTotal:        1844596 kB
MemFree:          890764 kB
MemAvailable:    1546596 kB
Buffers:           69572 kB
Cached:           706360 kB
MemTotal:        1844596 kB
MemFree:          891192 kB
MemAvailable:    1547024 kB
Buffers:           69572 kB
Cached:           706360 kB
MemTotal:        1844596 kB
MemFree:          891416 kB
MemAvailable:    1547248 kB
Buffers:           69572 kB
Cached:           706360 kB
MemTotal:        1844596 kB
MemFree:          891056 kB
MemAvailable:    1546888 kB
Buffers:           69572 kB
Cached:           706360 kB
MemTotal:        1844596 kB
MemFree:          891204 kB
MemAvailable:    1547036 kB
Buffers:           69572 kB
Cached:           706360 kB
MemTotal:        1844596 kB
MemFree:          890144 kB
MemAvailable:    1545976 kB
Buffers:           69572 kB
Cached:           706360 kB
MemTotal:        1844596 kB
MemFree:          891312 kB
MemAvailable:    1547144 kB
Buffers:           69572 kB
Cached:           706360 kB
MemTotal:        1844596 kB
MemFree:          891072 kB
MemAvailable:    1546904 kB
Buffers:           69572 kB
Cached:           706360 kB
MemTotal:        1844596 kB
MemFree:          891328 kB
MemAvailable:    1547160 kB
Buffers:           69572 kB
Cached:           706360 kB
MemTotal:        1844596 kB
MemFree:          889632 kB
MemAvailable:    1545464 kB
Buffers:           69572 kB
Cached:           706360 kB
MemTotal:        1844596 kB
MemFree:          889524 kB
MemAvailable:    1545356 kB
Buffers:           69572 kB
Cached:           706360 kB
MemTotal:        1844596 kB
MemFree:          889640 kB
MemAvailable:    1545472 kB
Buffers:           69572 kB
Cached:           706360 kB
MemTotal:        1844596 kB
MemFree:          889152 kB
MemAvailable:    1544984 kB
Buffers:           69572 kB
Cached:           706360 kB
MemTotal:        1844596 kB
MemFree:          890204 kB
MemAvailable:    1546036 kB
Buffers:           69572 kB
Cached:           706360 kB
MemTotal:        1844596 kB
MemFree:          888656 kB
MemAvailable:    1544488 kB
Buffers:           69572 kB
Cached:           706360 kB
MemTotal:        1844596 kB
MemFree:          888524 kB
MemAvailable:    1544356 kB
Buffers:           69572 kB
Cached:           706360 kB
MemTotal:        1844596 kB
MemFree:          889384 kB
MemAvailable:    1545228 kB
Buffers:           69572 kB
Cached:           706368 kB
MemTotal:        1844596 kB
MemFree:          889468 kB
MemAvailable:    1545312 kB
Buffers:           69572 kB
Cached:           706368 kB
MemTotal:        1844596 kB
MemFree:          888964 kB
MemAvailable:    1544808 kB
Buffers:           69572 kB
Cached:           706368 kB
MemTotal:        1844596 kB
MemFree:          887780 kB
MemAvailable:    1543624 kB
Buffers:           69572 kB
Cached:           706368 kB
MemTotal:        1844596 kB
MemFree:          888768 kB
MemAvailable:    1544612 kB
Buffers:           69572 kB
Cached:           706368 kB
MemTotal:        1844596 kB
MemFree:          887396 kB
MemAvailable:    1543240 kB
Buffers:           69572 kB
Cached:           706368 kB
MemTotal:        1844596 kB
MemFree:          887644 kB
MemAvailable:    1543488 kB
Buffers:           69572 kB
Cached:           706368 kB
MemTotal:        1844596 kB
MemFree:          887472 kB
MemAvailable:    1543316 kB
Buffers:           69572 kB
Cached:           706368 kB
MemTotal:        1844596 kB
MemFree:          887728 kB
MemAvailable:    1543572 kB
Buffers:           69572 kB
Cached:           706368 kB
MemTotal:        1844596 kB
MemFree:          887604 kB
MemAvailable:    1543448 kB
Buffers:           69572 kB
Cached:           706368 kB
MemTotal:        1844596 kB
MemFree:          887168 kB
MemAvailable:    1543012 kB
Buffers:           69572 kB
Cached:           706368 kB
MemTotal:        1844596 kB
MemFree:          886920 kB
MemAvailable:    1542764 kB
Buffers:           69572 kB
Cached:           706368 kB
MemTotal:        1844596 kB
MemFree:          885804 kB
MemAvailable:    1541648 kB
Buffers:           69572 kB
Cached:           706368 kB
MemTotal:        1844596 kB
MemFree:          882956 kB
MemAvailable:    1538800 kB
Buffers:           69572 kB
Cached:           706368 kB
MemTotal:        1844596 kB
MemFree:          881896 kB
MemAvailable:    1537740 kB
Buffers:           69572 kB
Cached:           706368 kB
MemTotal:        1844596 kB
MemFree:          880224 kB
MemAvailable:    1536068 kB
Buffers:           69572 kB
Cached:           706368 kB
MemTotal:        1844596 kB
MemFree:          879472 kB
MemAvailable:    1535316 kB
Buffers:           69572 kB
Cached:           706368 kB
MemTotal:        1844596 kB
MemFree:          879664 kB
MemAvailable:    1535508 kB
Buffers:           69572 kB
Cached:           706368 kB
MemTotal:        1844596 kB
MemFree:          879168 kB
MemAvailable:    1535012 kB
Buffers:           69572 kB
Cached:           706368 kB
MemTotal:        1844596 kB
MemFree:          878852 kB
MemAvailable:    1534696 kB
Buffers:           69572 kB
Cached:           706368 kB
MemTotal:        1844596 kB
MemFree:          877868 kB
MemAvailable:    1533712 kB
Buffers:           69572 kB
Cached:           706368 kB
MemTotal:        1844596 kB
MemFree:          878460 kB
MemAvailable:    1534304 kB
Buffers:           69572 kB
Cached:           706368 kB
MemTotal:        1844596 kB
MemFree:          878796 kB
MemAvailable:    1534640 kB
Buffers:           69572 kB
Cached:           706368 kB
MemTotal:        1844596 kB
MemFree:          878232 kB
MemAvailable:    1534076 kB
Buffers:           69572 kB
Cached:           706368 kB
MemTotal:        1844596 kB
MemFree:          877124 kB
MemAvailable:    1532968 kB
Buffers:           69572 kB
Cached:           706368 kB
MemTotal:        1844596 kB
MemFree:          877232 kB
MemAvailable:    1533076 kB
Buffers:           69572 kB
Cached:           706368 kB
MemTotal:        1844596 kB
MemFree:          877456 kB
MemAvailable:    1533300 kB
Buffers:           69572 kB
Cached:           706368 kB
MemTotal:        1844596 kB
MemFree:          877344 kB
MemAvailable:    1533188 kB
Buffers:           69572 kB
Cached:           706368 kB
MemTotal:        1844596 kB
MemFree:          876000 kB
MemAvailable:    1531844 kB
Buffers:           69572 kB
Cached:           706368 kB
MemTotal:        1844596 kB
MemFree:          875868 kB
MemAvailable:    1531712 kB
Buffers:           69572 kB
Cached:           706368 kB
MemTotal:        1844596 kB
MemFree:          876992 kB
MemAvailable:    1532836 kB
Buffers:           69572 kB
Cached:           706368 kB
MemTotal:        1844596 kB
MemFree:          876008 kB
MemAvailable:    1531852 kB
Buffers:           69572 kB
Cached:           706368 kB
MemTotal:        1844596 kB
MemFree:          876732 kB
MemAvailable:    1532576 kB
Buffers:           69572 kB
Cached:           706368 kB
MemTotal:        1844596 kB
MemFree:          876924 kB
MemAvailable:    1532768 kB
Buffers:           69572 kB
Cached:           706368 kB
MemTotal:        1844596 kB
MemFree:          875612 kB
MemAvailable:    1531456 kB
Buffers:           69572 kB
Cached:           706368 kB
MemTotal:        1844596 kB
MemFree:          875572 kB
MemAvailable:    1531416 kB
Buffers:           69572 kB
Cached:           706368 kB
MemTotal:        1844596 kB
MemFree:          876548 kB
MemAvailable:    1532392 kB
Buffers:           69572 kB
Cached:           706368 kB
MemTotal:        1844596 kB
MemFree:          876696 kB
MemAvailable:    1532540 kB
Buffers:           69572 kB
Cached:           706368 kB
MemTotal:        1844596 kB
MemFree:          876988 kB
MemAvailable:    1532832 kB
Buffers:           69572 kB
Cached:           706368 kB
MemTotal:        1844596 kB
MemFree:          875616 kB
MemAvailable:    1531460 kB
Buffers:           69572 kB
Cached:           706368 kB
MemTotal:        1844596 kB
MemFree:          876816 kB
MemAvailable:    1532660 kB
Buffers:           69572 kB
Cached:           706368 kB
MemTotal:        1844596 kB
MemFree:          875568 kB
MemAvailable:    1531412 kB
Buffers:           69572 kB
Cached:           706368 kB
MemTotal:        1844596 kB
MemFree:          875560 kB
MemAvailable:    1531404 kB
Buffers:           69572 kB
Cached:           706368 kB
MemTotal:        1844596 kB
MemFree:          876184 kB
MemAvailable:    1532028 kB
Buffers:           69572 kB
Cached:           706368 kB
MemTotal:        1844596 kB
MemFree:          874388 kB
MemAvailable:    1530232 kB
Buffers:           69572 kB
Cached:           706368 kB
MemTotal:        1844596 kB
MemFree:          874388 kB
MemAvailable:    1530232 kB
Buffers:           69572 kB
Cached:           706368 kB
MemTotal:        1844596 kB
MemFree:          870048 kB
MemAvailable:    1525892 kB
Buffers:           69572 kB
Cached:           706368 kB
MemTotal:        1844596 kB
MemFree:          868380 kB
MemAvailable:    1524224 kB
Buffers:           69572 kB
Cached:           706368 kB
MemTotal:        1844596 kB
MemFree:          866088 kB
MemAvailable:    1521932 kB
Buffers:           69572 kB
Cached:           706368 kB
MemTotal:        1844596 kB
MemFree:          864956 kB
MemAvailable:    1520800 kB
Buffers:           69572 kB
Cached:           706368 kB
MemTotal:        1844596 kB
MemFree:          865156 kB
MemAvailable:    1521000 kB
Buffers:           69572 kB
Cached:           706368 kB
MemTotal:        1844596 kB
MemFree:          864576 kB
MemAvailable:    1520420 kB
Buffers:           69572 kB
Cached:           706368 kB
MemTotal:        1844596 kB
MemFree:          864912 kB
MemAvailable:    1520756 kB
Buffers:           69572 kB
Cached:           706368 kB
MemTotal:        1844596 kB
MemFree:          864668 kB
MemAvailable:    1520512 kB
Buffers:           69572 kB
Cached:           706368 kB
MemTotal:        1844596 kB
MemFree:          863980 kB
MemAvailable:    1519824 kB
Buffers:           69572 kB
Cached:           706368 kB
MemTotal:        1844596 kB
MemFree:          864572 kB
MemAvailable:    1520416 kB
Buffers:           69572 kB
Cached:           706368 kB
MemTotal:        1844596 kB
MemFree:          864908 kB
MemAvailable:    1520752 kB
Buffers:           69572 kB
Cached:           706368 kB
MemTotal:        1844596 kB
MemFree:          863540 kB
MemAvailable:    1519384 kB
Buffers:           69572 kB
Cached:           706368 kB
MemTotal:        1844596 kB
MemFree:          864532 kB
MemAvailable:    1520376 kB
Buffers:           69572 kB
Cached:           706368 kB
MemTotal:        1844596 kB
MemFree:          863484 kB
MemAvailable:    1519328 kB
Buffers:           69572 kB
Cached:           706368 kB
MemTotal:        1844596 kB
MemFree:          864168 kB
MemAvailable:    1520012 kB
Buffers:           69572 kB
Cached:           706368 kB
MemTotal:        1844596 kB
MemFree:          864360 kB
MemAvailable:    1520204 kB
Buffers:           69572 kB
Cached:           706368 kB
MemTotal:        1844596 kB
MemFree:          863964 kB
MemAvailable:    1519808 kB
Buffers:           69572 kB
Cached:           706368 kB
MemTotal:        1844596 kB
MemFree:          864300 kB
MemAvailable:    1520144 kB
Buffers:           69572 kB
Cached:           706368 kB
MemTotal:        1844596 kB
MemFree:          864276 kB
MemAvailable:    1520120 kB
Buffers:           69572 kB
Cached:           706368 kB
MemTotal:        1844596 kB
MemFree:          863112 kB
MemAvailable:    1518956 kB
Buffers:           69572 kB
Cached:           706368 kB
MemTotal:        1844596 kB
MemFree:          864156 kB
MemAvailable:    1520000 kB
Buffers:           69572 kB
Cached:           706368 kB
MemTotal:        1844596 kB
MemFree:          863608 kB
MemAvailable:    1519452 kB
Buffers:           69572 kB
Cached:           706368 kB
MemTotal:        1844596 kB
MemFree:          864076 kB
MemAvailable:    1519920 kB
Buffers:           69572 kB
Cached:           706368 kB
MemTotal:        1844596 kB
MemFree:          862940 kB
MemAvailable:    1518784 kB
Buffers:           69572 kB
Cached:           706368 kB
MemTotal:        1844596 kB
MemFree:          864272 kB
MemAvailable:    1520116 kB
Buffers:           69572 kB
Cached:           706368 kB
MemTotal:        1844596 kB
MemFree:          864164 kB
MemAvailable:    1520008 kB
Buffers:           69572 kB
Cached:           706368 kB
MemTotal:        1844596 kB
MemFree:          864088 kB
MemAvailable:    1519932 kB
Buffers:           69572 kB
Cached:           706368 kB
MemTotal:        1844596 kB
MemFree:          864088 kB
MemAvailable:    1519932 kB
Buffers:           69572 kB
Cached:           706368 kB
MemTotal:        1844596 kB
MemFree:          864232 kB
MemAvailable:    1520076 kB
Buffers:           69572 kB
Cached:           706368 kB
MemTotal:        1844596 kB
MemFree:          862968 kB
MemAvailable:    1518812 kB
Buffers:           69572 kB
Cached:           706368 kB
MemTotal:        1844596 kB
MemFree:          864168 kB
MemAvailable:    1520012 kB
Buffers:           69572 kB
Cached:           706368 kB
MemTotal:        1844596 kB
MemFree:          864396 kB
MemAvailable:    1520252 kB
Buffers:           69572 kB
Cached:           706380 kB
MemTotal:        1844596 kB
MemFree:          863608 kB
MemAvailable:    1519464 kB
Buffers:           69572 kB
Cached:           706380 kB
MemTotal:        1844596 kB
MemFree:          864076 kB
MemAvailable:    1519932 kB
Buffers:           69572 kB
Cached:           706380 kB
MemTotal:        1844596 kB
MemFree:          864412 kB
MemAvailable:    1520268 kB
Buffers:           69572 kB
Cached:           706380 kB
MemTotal:        1844596 kB
MemFree:          864336 kB
MemAvailable:    1520192 kB
Buffers:           69572 kB
Cached:           706380 kB
MemTotal:        1844596 kB
MemFree:          863484 kB
MemAvailable:    1519340 kB
Buffers:           69572 kB
Cached:           706380 kB
MemTotal:        1844596 kB
MemFree:          864048 kB
MemAvailable:    1519904 kB
Buffers:           69572 kB
Cached:           706380 kB
MemTotal:        1844596 kB
MemFree:          864300 kB
MemAvailable:    1520156 kB
Buffers:           69572 kB
Cached:           706380 kB
MemTotal:        1844596 kB
MemFree:          861128 kB
MemAvailable:    1516984 kB
Buffers:           69572 kB
Cached:           706380 kB
MemTotal:        1844596 kB
MemFree:          856788 kB
MemAvailable:    1512644 kB
Buffers:           69572 kB
Cached:           706380 kB
MemTotal:        1844596 kB
MemFree:          853688 kB
MemAvailable:    1509544 kB
Buffers:           69572 kB
Cached:           706380 kB
MemTotal:        1844596 kB
MemFree:          852944 kB
MemAvailable:    1508800 kB
Buffers:           69572 kB
Cached:           706380 kB
MemTotal:        1844596 kB
MemFree:          854120 kB
MemAvailable:    1509976 kB
Buffers:           69572 kB
Cached:           706380 kB
MemTotal:        1844596 kB
MemFree:          853788 kB
MemAvailable:    1509644 kB
Buffers:           69572 kB
Cached:           706380 kB
MemTotal:        1844596 kB
MemFree:          853788 kB
MemAvailable:    1509644 kB
Buffers:           69572 kB
Cached:           706380 kB
MemTotal:        1844596 kB
MemFree:          852628 kB
MemAvailable:    1508484 kB
Buffers:           69572 kB
Cached:           706380 kB
MemTotal:        1844596 kB
MemFree:          852628 kB
MemAvailable:    1508484 kB
Buffers:           69572 kB
Cached:           706380 kB
MemTotal:        1844596 kB
MemFree:          853648 kB
MemAvailable:    1509504 kB
Buffers:           69572 kB
Cached:           706380 kB
MemTotal:        1844596 kB
MemFree:          853900 kB
MemAvailable:    1509756 kB
Buffers:           69572 kB
Cached:           706380 kB
MemTotal:        1844596 kB
MemFree:          853860 kB
MemAvailable:    1509716 kB
Buffers:           69572 kB
Cached:           706380 kB
MemTotal:        1844596 kB
MemFree:          853752 kB
MemAvailable:    1509608 kB
Buffers:           69572 kB
Cached:           706380 kB
MemTotal:        1844596 kB
MemFree:          852548 kB
MemAvailable:    1508404 kB
Buffers:           69572 kB
Cached:           706380 kB
MemTotal:        1844596 kB
MemFree:          853804 kB
MemAvailable:    1509660 kB
Buffers:           69572 kB
Cached:           706380 kB
MemTotal:        1844596 kB
MemFree:          853804 kB
MemAvailable:    1509660 kB
Buffers:           69572 kB
Cached:           706380 kB
MemTotal:        1844596 kB
MemFree:          852648 kB
MemAvailable:    1508504 kB
Buffers:           69572 kB
Cached:           706380 kB
MemTotal:        1844596 kB
MemFree:          852516 kB
MemAvailable:    1508372 kB
Buffers:           69572 kB
Cached:           706380 kB
MemTotal:        1844596 kB
MemFree:          852804 kB
MemAvailable:    1508660 kB
Buffers:           69572 kB
Cached:           706380 kB
MemTotal:        1844596 kB
MemFree:          852696 kB
MemAvailable:    1508552 kB
Buffers:           69572 kB
Cached:           706380 kB
MemTotal:        1844596 kB
MemFree:          851812 kB
MemAvailable:    1507668 kB
Buffers:           69572 kB
Cached:           706380 kB
MemTotal:        1844596 kB
MemFree:          851456 kB
MemAvailable:    1507312 kB
Buffers:           69572 kB
Cached:           706380 kB
MemTotal:        1844596 kB
MemFree:          850276 kB
MemAvailable:    1506132 kB
Buffers:           69572 kB
Cached:           706380 kB
MemTotal:        1844596 kB
MemFree:          851584 kB
MemAvailable:    1507440 kB
Buffers:           69572 kB
Cached:           706380 kB
MemTotal:        1844596 kB
MemFree:          851644 kB
MemAvailable:    1507500 kB
Buffers:           69572 kB
Cached:           706380 kB
MemTotal:        1844596 kB
MemFree:          850836 kB
MemAvailable:    1506692 kB
Buffers:           69572 kB
Cached:           706380 kB
MemTotal:        1844596 kB
MemFree:          851996 kB
MemAvailable:    1507856 kB
Buffers:           69572 kB
Cached:           706384 kB
MemTotal:        1844596 kB
MemFree:          850968 kB
MemAvailable:    1506828 kB
Buffers:           69572 kB
Cached:           706384 kB
MemTotal:        1844596 kB
MemFree:          852012 kB
MemAvailable:    1507872 kB
Buffers:           69572 kB
Cached:           706384 kB
MemTotal:        1844596 kB
MemFree:          850712 kB
MemAvailable:    1506572 kB
Buffers:           69572 kB
Cached:           706384 kB
MemTotal:        1844596 kB
MemFree:          851828 kB
MemAvailable:    1507688 kB
Buffers:           69572 kB
Cached:           706384 kB
MemTotal:        1844596 kB
MemFree:          850712 kB
MemAvailable:    1506572 kB
Buffers:           69572 kB
Cached:           706384 kB
MemTotal:        1844596 kB
MemFree:          851620 kB
MemAvailable:    1507480 kB
Buffers:           69572 kB
Cached:           706384 kB
MemTotal:        1844596 kB
MemFree:          851516 kB
MemAvailable:    1507376 kB
Buffers:           69572 kB
Cached:           706384 kB
MemTotal:        1844596 kB
MemFree:          850960 kB
MemAvailable:    1506820 kB
Buffers:           69572 kB
Cached:           706384 kB
MemTotal:        1844596 kB
MemFree:          851428 kB
MemAvailable:    1507288 kB
Buffers:           69572 kB
Cached:           706384 kB
MemTotal:        1844596 kB
MemFree:          851512 kB
MemAvailable:    1507372 kB
Buffers:           69572 kB
Cached:           706384 kB
MemTotal:        1844596 kB
MemFree:          851316 kB
MemAvailable:    1507176 kB
Buffers:           69572 kB
Cached:           706384 kB
MemTotal:        1844596 kB
MemFree:          851316 kB
MemAvailable:    1507176 kB
Buffers:           69572 kB
Cached:           706384 kB
MemTotal:        1844596 kB
MemFree:          850408 kB
MemAvailable:    1506268 kB
Buffers:           69572 kB
Cached:           706384 kB
MemTotal:        1844596 kB
MemFree:          850276 kB
MemAvailable:    1506136 kB
Buffers:           69572 kB
Cached:           706384 kB
MemTotal:        1844596 kB
MemFree:          851512 kB
MemAvailable:    1507372 kB
Buffers:           69572 kB
Cached:           706384 kB
MemTotal:        1844596 kB
MemFree:          851512 kB
MemAvailable:    1507372 kB
Buffers:           69572 kB
Cached:           706384 kB
MemTotal:        1844596 kB
MemFree:          851456 kB
MemAvailable:    1507316 kB
Buffers:           69572 kB
Cached:           706384 kB
MemTotal:        1844596 kB
MemFree:          850292 kB
MemAvailable:    1506152 kB
Buffers:           69572 kB
Cached:           706384 kB
MemTotal:        1844596 kB
MemFree:          851516 kB
MemAvailable:    1507376 kB
Buffers:           69572 kB
Cached:           706384 kB
MemTotal:        1844596 kB
MemFree:          851580 kB
MemAvailable:    1507440 kB
Buffers:           69572 kB
Cached:           706384 kB
MemTotal:        1844596 kB
MemFree:          850292 kB
MemAvailable:    1506152 kB
Buffers:           69572 kB
Cached:           706384 kB
MemTotal:        1844596 kB
MemFree:          850952 kB
MemAvailable:    1506812 kB
Buffers:           69572 kB
Cached:           706384 kB
MemTotal:        1844596 kB
MemFree:          851492 kB
MemAvailable:    1507352 kB
Buffers:           69572 kB
Cached:           706384 kB
MemTotal:        1844596 kB
MemFree:          851492 kB
MemAvailable:    1507352 kB
Buffers:           69572 kB
Cached:           706384 kB
MemTotal:        1844596 kB
MemFree:          848472 kB
MemAvailable:    1504332 kB
Buffers:           69572 kB
Cached:           706384 kB
MemTotal:        1844596 kB
MemFree:          843388 kB
MemAvailable:    1499248 kB
Buffers:           69572 kB
Cached:           706384 kB
MemTotal:        1844596 kB
MemFree:          843280 kB
MemAvailable:    1499140 kB
Buffers:           69572 kB
Cached:           706384 kB
MemTotal:        1844596 kB
MemFree:          839908 kB
MemAvailable:    1495768 kB
Buffers:           69572 kB
Cached:           706384 kB
MemTotal:        1844596 kB
MemFree:          839800 kB
MemAvailable:    1495660 kB
Buffers:           69572 kB
Cached:           706384 kB
MemTotal:        1844596 kB
MemFree:          837560 kB
MemAvailable:    1493420 kB
Buffers:           69572 kB
Cached:           706384 kB
MemTotal:        1844596 kB
MemFree:          838792 kB
MemAvailable:    1494652 kB
Buffers:           69572 kB
Cached:           706384 kB
MemTotal:        1844596 kB
MemFree:          838736 kB
MemAvailable:    1494596 kB
Buffers:           69572 kB
Cached:           706384 kB
MemTotal:        1844596 kB
MemFree:          837568 kB
MemAvailable:    1493428 kB
Buffers:           69572 kB
Cached:           706384 kB
MemTotal:        1844596 kB
MemFree:          838284 kB
MemAvailable:    1494144 kB
Buffers:           69572 kB
Cached:           706384 kB
MemTotal:        1844596 kB
MemFree:          838452 kB
MemAvailable:    1494312 kB
Buffers:           69572 kB
Cached:           706384 kB
MemTotal:        1844596 kB
MemFree:          838240 kB
MemAvailable:    1494100 kB
Buffers:           69572 kB
Cached:           706384 kB
MemTotal:        1844596 kB
MemFree:          838492 kB
MemAvailable:    1494352 kB
Buffers:           69572 kB
Cached:           706384 kB
MemTotal:        1844596 kB
MemFree:          837016 kB
MemAvailable:    1492876 kB
Buffers:           69572 kB
Cached:           706384 kB
MemTotal:        1844596 kB
MemFree:          838228 kB
MemAvailable:    1494088 kB
Buffers:           69572 kB
Cached:           706384 kB
MemTotal:        1844596 kB
MemFree:          837136 kB
MemAvailable:    1492996 kB
Buffers:           69572 kB
Cached:           706384 kB
MemTotal:        1844596 kB
MemFree:          837012 kB
MemAvailable:    1492872 kB
Buffers:           69572 kB
Cached:           706384 kB
MemTotal:        1844596 kB
MemFree:          838244 kB
MemAvailable:    1494104 kB
Buffers:           69572 kB
Cached:           706384 kB
MemTotal:        1844596 kB
MemFree:          838016 kB
MemAvailable:    1493880 kB
Buffers:           69572 kB
Cached:           706388 kB
MemTotal:        1844596 kB
MemFree:          838272 kB
MemAvailable:    1494136 kB
Buffers:           69572 kB
Cached:           706388 kB
MemTotal:        1844596 kB
MemFree:          837928 kB
MemAvailable:    1493792 kB
Buffers:           69572 kB
Cached:           706388 kB
MemTotal:        1844596 kB
MemFree:          836940 kB
MemAvailable:    1492804 kB
Buffers:           69572 kB
Cached:           706388 kB
MemTotal:        1844596 kB
MemFree:          838148 kB
MemAvailable:    1494012 kB
Buffers:           69572 kB
Cached:           706388 kB
MemTotal:        1844596 kB
MemFree:          837692 kB
MemAvailable:    1493432 kB
Buffers:           69572 kB
Cached:           706388 kB
MemTotal:        1844596 kB
MemFree:          837996 kB
MemAvailable:    1493860 kB
Buffers:           69572 kB
Cached:           706388 kB
MemTotal:        1844596 kB
MemFree:          838220 kB
MemAvailable:    1494084 kB
Buffers:           69572 kB
Cached:           706388 kB
MemTotal:        1844596 kB
MemFree:          838168 kB
MemAvailable:    1494032 kB
Buffers:           69572 kB
Cached:           706388 kB
MemTotal:        1844596 kB
MemFree:          836944 kB
MemAvailable:    1492808 kB
Buffers:           69572 kB
Cached:           706388 kB
MemTotal:        1844596 kB
MemFree:          838136 kB
MemAvailable:    1494000 kB
Buffers:           69572 kB
Cached:           706388 kB
MemTotal:        1844596 kB
MemFree:          838136 kB
MemAvailable:    1494000 kB
Buffers:           69572 kB
Cached:           706388 kB
MemTotal:        1844596 kB
MemFree:          838200 kB
MemAvailable:    1494064 kB
Buffers:           69572 kB
Cached:           706388 kB
MemTotal:        1844596 kB
MemFree:          837020 kB
MemAvailable:    1492884 kB
Buffers:           69572 kB
Cached:           706388 kB
MemTotal:        1844596 kB
MemFree:          838136 kB
MemAvailable:    1494000 kB
Buffers:           69572 kB
Cached:           706388 kB
MemTotal:        1844596 kB
MemFree:          838064 kB
MemAvailable:    1493928 kB
Buffers:           69572 kB
Cached:           706388 kB
MemTotal:        1844596 kB
MemFree:          836880 kB
MemAvailable:    1492744 kB
Buffers:           69572 kB
Cached:           706388 kB
MemTotal:        1844596 kB
MemFree:          837628 kB
MemAvailable:    1493492 kB
Buffers:           69572 kB
Cached:           706388 kB
MemTotal:        1844596 kB
MemFree:          836196 kB
MemAvailable:    1492060 kB
Buffers:           69572 kB
Cached:           706388 kB
MemTotal:        1844596 kB
MemFree:          837496 kB
MemAvailable:    1493360 kB
Buffers:           69572 kB
Cached:           706388 kB
MemTotal:        1844596 kB
MemFree:          836204 kB
MemAvailable:    1492068 kB
Buffers:           69572 kB
Cached:           706388 kB
MemTotal:        1844596 kB
MemFree:          836320 kB
MemAvailable:    1492184 kB
Buffers:           69572 kB
Cached:           706388 kB
MemTotal:        1844596 kB
MemFree:          836328 kB
MemAvailable:    1492192 kB
Buffers:           69572 kB
Cached:           706388 kB
MemTotal:        1844596 kB
MemFree:          836072 kB
MemAvailable:    1491936 kB
Buffers:           69572 kB
Cached:           706388 kB
MemTotal:        1844596 kB
MemFree:          835024 kB
MemAvailable:    1490888 kB
Buffers:           69572 kB
Cached:           706388 kB
MemTotal:        1844596 kB
MemFree:          830236 kB
MemAvailable:    1486100 kB
Buffers:           69572 kB
Cached:           706388 kB
MemTotal:        1844596 kB
MemFree:          829576 kB
MemAvailable:    1485440 kB
Buffers:           69572 kB
Cached:           706388 kB
MemTotal:        1844596 kB
MemFree:          831452 kB
MemAvailable:    1487316 kB
Buffers:           69572 kB
Cached:           706388 kB
MemTotal:        1844596 kB
MemFree:          827772 kB
MemAvailable:    1483636 kB
Buffers:           69572 kB
Cached:           706388 kB
MemTotal:        1844596 kB
MemFree:          828376 kB
MemAvailable:    1484240 kB
Buffers:           69572 kB
Cached:           706388 kB
MemTotal:        1844596 kB
MemFree:          828376 kB
MemAvailable:    1484240 kB
Buffers:           69572 kB
Cached:           706388 kB
MemTotal:        1844596 kB
MemFree:          825912 kB
MemAvailable:    1481776 kB
Buffers:           69572 kB
Cached:           706388 kB
MemTotal:        1844596 kB
MemFree:          825840 kB
MemAvailable:    1481704 kB
Buffers:           69572 kB
Cached:           706388 kB
MemTotal:        1844596 kB
MemFree:          823928 kB
MemAvailable:    1479792 kB
Buffers:           69572 kB
Cached:           706388 kB
MemTotal:        1844596 kB
MemFree:          824284 kB
MemAvailable:    1480148 kB
Buffers:           69572 kB
Cached:           706388 kB
MemTotal:        1844596 kB
MemFree:          823804 kB
MemAvailable:    1479668 kB
Buffers:           69572 kB
Cached:           706388 kB
MemTotal:        1844596 kB
MemFree:          824288 kB
MemAvailable:    1480152 kB
Buffers:           69572 kB
Cached:           706388 kB
MemTotal:        1844596 kB
MemFree:          823124 kB
MemAvailable:    1478988 kB
Buffers:           69572 kB
Cached:           706388 kB
MemTotal:        1844596 kB
MemFree:          824392 kB
MemAvailable:    1480256 kB
Buffers:           69572 kB
Cached:           706388 kB
MemTotal:        1844596 kB
MemFree:          823112 kB
MemAvailable:    1478976 kB
Buffers:           69572 kB
Cached:           706388 kB
MemTotal:        1844596 kB
MemFree:          824204 kB
MemAvailable:    1480068 kB
Buffers:           69572 kB
Cached:           706388 kB
MemTotal:        1844596 kB
MemFree:          824204 kB
MemAvailable:    1480068 kB
Buffers:           69572 kB
Cached:           706388 kB
MemTotal:        1844596 kB
MemFree:          824472 kB
MemAvailable:    1480336 kB
Buffers:           69572 kB
Cached:           706388 kB
MemTotal:        1844596 kB
MemFree:          823124 kB
MemAvailable:    1478988 kB
Buffers:           69572 kB
Cached:           706388 kB
MemTotal:        1844596 kB
MemFree:          822480 kB
MemAvailable:    1478344 kB
Buffers:           69572 kB
Cached:           706388 kB
MemTotal:        1844596 kB
MemFree:          823144 kB
MemAvailable:    1479008 kB
Buffers:           69572 kB
Cached:           706388 kB
MemTotal:        1844596 kB
MemFree:          824352 kB
MemAvailable:    1480216 kB
Buffers:           69572 kB
Cached:           706388 kB
MemTotal:        1844596 kB
MemFree:          824168 kB
MemAvailable:    1480032 kB
Buffers:           69572 kB
Cached:           706388 kB
MemTotal:        1844596 kB
MemFree:          824504 kB
MemAvailable:    1480368 kB
Buffers:           69572 kB
Cached:           706388 kB
MemTotal:        1844596 kB
MemFree:          823004 kB
MemAvailable:    1478868 kB
Buffers:           69572 kB
Cached:           706388 kB
MemTotal:        1844596 kB
MemFree:          823136 kB
MemAvailable:    1479000 kB
Buffers:           69572 kB
Cached:           706388 kB
MemTotal:        1844596 kB
MemFree:          823172 kB
MemAvailable:    1479036 kB
Buffers:           69572 kB
Cached:           706388 kB
MemTotal:        1844596 kB
MemFree:          823256 kB
MemAvailable:    1479120 kB
Buffers:           69572 kB
Cached:           706388 kB
MemTotal:        1844596 kB
MemFree:          823036 kB
MemAvailable:    1478900 kB
Buffers:           69572 kB
Cached:           706388 kB
MemTotal:        1844596 kB
MemFree:          824400 kB
MemAvailable:    1480264 kB
Buffers:           69572 kB
Cached:           706388 kB
MemTotal:        1844596 kB
MemFree:          824296 kB
MemAvailable:    1480160 kB
Buffers:           69572 kB
Cached:           706388 kB
MemTotal:        1844596 kB
MemFree:          823812 kB
MemAvailable:    1479676 kB
Buffers:           69572 kB
Cached:           706388 kB
MemTotal:        1844596 kB
MemFree:          824120 kB
MemAvailable:    1479988 kB
Buffers:           69572 kB
Cached:           706392 kB
MemTotal:        1844596 kB
MemFree:          824372 kB
MemAvailable:    1480240 kB
Buffers:           69572 kB
Cached:           706392 kB
MemTotal:        1844596 kB
MemFree:          824176 kB
MemAvailable:    1480044 kB
Buffers:           69572 kB
Cached:           706392 kB
MemTotal:        1844596 kB
MemFree:          824104 kB
MemAvailable:    1479972 kB
Buffers:           69572 kB
Cached:           706392 kB
MemTotal:        1844596 kB
MemFree:          823144 kB
MemAvailable:    1479012 kB
Buffers:           69572 kB
Cached:           706392 kB
MemTotal:        1844596 kB
MemFree:          824360 kB
MemAvailable:    1480228 kB
Buffers:           69572 kB
Cached:           706392 kB
MemTotal:        1844596 kB
MemFree:          824036 kB
MemAvailable:    1479904 kB
Buffers:           69572 kB
Cached:           706392 kB
MemTotal:        1844596 kB
MemFree:          824036 kB
MemAvailable:    1479904 kB
Buffers:           69572 kB
Cached:           706392 kB
MemTotal:        1844596 kB
MemFree:          823004 kB
MemAvailable:    1478872 kB
Buffers:           69572 kB
Cached:           706392 kB
MemTotal:        1844596 kB
MemFree:          824340 kB
MemAvailable:    1480208 kB
Buffers:           69572 kB
Cached:           706392 kB
MemTotal:        1844596 kB
MemFree:          823432 kB
MemAvailable:    1479300 kB
Buffers:           69572 kB
Cached:           706392 kB
MemTotal:        1844596 kB
MemFree:          824716 kB
MemAvailable:    1480588 kB
Buffers:           69572 kB
Cached:           706396 kB
MemTotal:        1844596 kB
MemFree:          824664 kB
MemAvailable:    1480536 kB
Buffers:           69572 kB
Cached:           706396 kB
MemTotal:        1844596 kB
MemFree:          824644 kB
MemAvailable:    1480516 kB
Buffers:           69572 kB
Cached:           706396 kB
MemTotal:        1844596 kB
MemFree:          824276 kB
MemAvailable:    1480148 kB
Buffers:           69572 kB
Cached:           706396 kB
MemTotal:        1844596 kB
MemFree:          824360 kB
MemAvailable:    1480232 kB
Buffers:           69572 kB
Cached:           706396 kB
MemTotal:        1844596 kB
MemFree:          823052 kB
MemAvailable:    1478924 kB
Buffers:           69572 kB
Cached:           706396 kB
MemTotal:        1844596 kB
MemFree:          824120 kB
MemAvailable:    1480000 kB
Buffers:           69572 kB
Cached:           706400 kB
MemTotal:        1844596 kB
MemFree:          824288 kB
MemAvailable:    1480168 kB
Buffers:           69572 kB
Cached:           706400 kB
MemTotal:        1844596 kB
MemFree:          824164 kB
MemAvailable:    1480044 kB
Buffers:           69572 kB
Cached:           706400 kB
MemTotal:        1844596 kB
MemFree:          824176 kB
MemAvailable:    1480056 kB
Buffers:           69572 kB
Cached:           706400 kB
MemTotal:        1844596 kB
MemFree:          824104 kB
MemAvailable:    1479984 kB
Buffers:           69572 kB
Cached:           706400 kB
MemTotal:        1844596 kB
MemFree:          824104 kB
MemAvailable:    1479984 kB
Buffers:           69572 kB
Cached:           706400 kB
MemTotal:        1844596 kB
MemFree:          824052 kB
MemAvailable:    1479932 kB
Buffers:           69572 kB
Cached:           706400 kB
MemTotal:        1844596 kB
MemFree:          823012 kB
MemAvailable:    1478892 kB
Buffers:           69572 kB
Cached:           706400 kB
MemTotal:        1844596 kB
MemFree:          823060 kB
MemAvailable:    1478940 kB
Buffers:           69572 kB
Cached:           706400 kB
MemTotal:        1844596 kB
MemFree:          823424 kB
MemAvailable:    1479304 kB
Buffers:           69572 kB
Cached:           706400 kB
MemTotal:        1844596 kB
MemFree:          824608 kB
MemAvailable:    1480488 kB
Buffers:           69572 kB
Cached:           706400 kB
MemTotal:        1844596 kB
MemFree:          823300 kB
MemAvailable:    1479180 kB
Buffers:           69572 kB
Cached:           706400 kB
MemTotal:        1844596 kB
MemFree:          823168 kB
MemAvailable:    1479048 kB
Buffers:           69572 kB
Cached:           706400 kB
MemTotal:        1844596 kB
MemFree:          824532 kB
MemAvailable:    1480412 kB
Buffers:           69572 kB
Cached:           706400 kB
MemTotal:        1844596 kB
MemFree:          822608 kB
MemAvailable:    1478488 kB
Buffers:           69572 kB
Cached:           706400 kB
MemTotal:        1844596 kB
MemFree:          818836 kB
MemAvailable:    1474716 kB
Buffers:           69572 kB
Cached:           706400 kB
MemTotal:        1844596 kB
MemFree:          827768 kB
MemAvailable:    1483648 kB
Buffers:           69572 kB
Cached:           706400 kB
MemTotal:        1844596 kB
MemFree:          821316 kB
MemAvailable:    1477196 kB
Buffers:           69572 kB
Cached:           706400 kB
MemTotal:        1844596 kB
MemFree:          818588 kB
MemAvailable:    1474468 kB
Buffers:           69572 kB
Cached:           706400 kB
MemTotal:        1844596 kB
MemFree:          826344 kB
MemAvailable:    1482224 kB
Buffers:           69572 kB
Cached:           706400 kB
MemTotal:        1844596 kB
MemFree:          821308 kB
MemAvailable:    1477188 kB
Buffers:           69572 kB
Cached:           706400 kB
MemTotal:        1844596 kB
MemFree:          821308 kB
MemAvailable:    1477188 kB
Buffers:           69572 kB
Cached:           706400 kB
MemTotal:        1844596 kB
MemFree:          826780 kB
MemAvailable:    1482660 kB
Buffers:           69572 kB
Cached:           706400 kB
MemTotal:        1844596 kB
MemFree:          824284 kB
MemAvailable:    1480164 kB
Buffers:           69572 kB
Cached:           706400 kB
MemTotal:        1844596 kB
MemFree:          824284 kB
MemAvailable:    1480164 kB
Buffers:           69572 kB
Cached:           706400 kB
MemTotal:        1844596 kB
MemFree:          820020 kB
MemAvailable:    1475900 kB
Buffers:           69572 kB
Cached:           706400 kB
MemTotal:        1844596 kB
MemFree:          818828 kB
MemAvailable:    1474708 kB
Buffers:           69572 kB
Cached:           706400 kB
MemTotal:        1844596 kB
MemFree:          818596 kB
MemAvailable:    1474476 kB
Buffers:           69572 kB
Cached:           706400 kB
MemTotal:        1844596 kB
MemFree:          818600 kB
MemAvailable:    1474480 kB
Buffers:           69572 kB
Cached:           706400 kB
MemTotal:        1844596 kB
MemFree:          818400 kB
MemAvailable:    1474280 kB
Buffers:           69572 kB
Cached:           706400 kB
MemTotal:        1844596 kB
MemFree:          818100 kB
MemAvailable:    1473980 kB
Buffers:           69572 kB
Cached:           706400 kB
MemTotal:        1844596 kB
MemFree:          818352 kB
MemAvailable:    1474232 kB
Buffers:           69572 kB
Cached:           706400 kB
MemTotal:        1844596 kB
MemFree:          817088 kB
MemAvailable:    1472968 kB
Buffers:           69572 kB
Cached:           706400 kB
MemTotal:        1844596 kB
MemFree:          816956 kB
MemAvailable:    1472836 kB
Buffers:           69572 kB
Cached:           706400 kB
MemTotal:        1844596 kB
MemFree:          816948 kB
MemAvailable:    1472828 kB
Buffers:           69572 kB
Cached:           706400 kB
MemTotal:        1844596 kB
MemFree:          816948 kB
MemAvailable:    1472828 kB
Buffers:           69572 kB
Cached:           706400 kB
MemTotal:        1844596 kB
MemFree:          818180 kB
MemAvailable:    1474060 kB
Buffers:           69572 kB
Cached:           706400 kB
MemTotal:        1844596 kB
MemFree:          820188 kB
MemAvailable:    1476068 kB
Buffers:           69572 kB
Cached:           706400 kB
MemTotal:        1844596 kB
MemFree:          820104 kB
MemAvailable:    1475984 kB
Buffers:           69572 kB
Cached:           706400 kB
MemTotal:        1844596 kB
MemFree:          820208 kB
MemAvailable:    1476088 kB
Buffers:           69572 kB
Cached:           706400 kB
MemTotal:        1844596 kB
MemFree:          819456 kB
MemAvailable:    1475336 kB
Buffers:           69572 kB
Cached:           706400 kB
MemTotal:        1844596 kB
MemFree:          820104 kB
MemAvailable:    1475988 kB
Buffers:           69572 kB
Cached:           706404 kB
MemTotal:        1844596 kB
MemFree:          818968 kB
MemAvailable:    1474852 kB
Buffers:           69572 kB
Cached:           706404 kB
MemTotal:        1844596 kB
MemFree:          820168 kB
MemAvailable:    1476052 kB
Buffers:           69572 kB
Cached:           706404 kB
MemTotal:        1844596 kB
MemFree:          819340 kB
MemAvailable:    1475224 kB
Buffers:           69572 kB
Cached:           706404 kB
MemTotal:        1844596 kB
MemFree:          820516 kB
MemAvailable:    1476404 kB
Buffers:           69572 kB
Cached:           706408 kB
MemTotal:        1844596 kB
MemFree:          819332 kB
MemAvailable:    1475220 kB
Buffers:           69572 kB
Cached:           706408 kB
MemTotal:        1844596 kB
MemFree:          819952 kB
MemAvailable:    1475840 kB
Buffers:           69572 kB
Cached:           706408 kB
MemTotal:        1844596 kB
MemFree:          819888 kB
MemAvailable:    1475776 kB
Buffers:           69572 kB
Cached:           706408 kB
MemTotal:        1844596 kB
MemFree:          818836 kB
MemAvailable:    1474724 kB
Buffers:           69572 kB
Cached:           706408 kB
MemTotal:        1844596 kB
MemFree:          819044 kB
MemAvailable:    1474932 kB
Buffers:           69572 kB
Cached:           706408 kB
MemTotal:        1844596 kB
MemFree:          820040 kB
MemAvailable:    1475928 kB
Buffers:           69572 kB
Cached:           706408 kB
MemTotal:        1844596 kB
MemFree:          820036 kB
MemAvailable:    1475924 kB
Buffers:           69572 kB
Cached:           706408 kB
MemTotal:        1844596 kB
MemFree:          820036 kB
MemAvailable:    1475924 kB
Buffers:           69572 kB
Cached:           706408 kB
MemTotal:        1844596 kB
MemFree:          818880 kB
MemAvailable:    1474768 kB
Buffers:           69572 kB
Cached:           706408 kB
MemTotal:        1844596 kB
MemFree:          820088 kB
MemAvailable:    1475976 kB
Buffers:           69572 kB
Cached:           706408 kB
MemTotal:        1844596 kB
MemFree:          820260 kB
MemAvailable:    1476148 kB
Buffers:           69572 kB
Cached:           706408 kB
MemTotal:        1844596 kB
MemFree:          819920 kB
MemAvailable:    1475808 kB
Buffers:           69572 kB
Cached:           706408 kB
MemTotal:        1844596 kB
MemFree:          819920 kB
MemAvailable:    1475808 kB
Buffers:           69572 kB
Cached:           706408 kB
MemTotal:        1844596 kB
MemFree:          818928 kB
MemAvailable:    1474816 kB
Buffers:           69572 kB
Cached:           706408 kB
MemTotal:        1844596 kB
MemFree:          818756 kB
MemAvailable:    1474644 kB
Buffers:           69572 kB
Cached:           706408 kB
MemTotal:        1844596 kB
MemFree:          820164 kB
MemAvailable:    1476052 kB
Buffers:           69572 kB
Cached:           706408 kB
MemTotal:        1844596 kB
MemFree:          819432 kB
MemAvailable:    1475320 kB
Buffers:           69572 kB
Cached:           706408 kB
MemTotal:        1844596 kB
MemFree:          820184 kB
MemAvailable:    1476072 kB
Buffers:           69572 kB
Cached:           706408 kB
MemTotal:        1844596 kB
MemFree:          819556 kB
MemAvailable:    1475444 kB
Buffers:           69572 kB
Cached:           706408 kB
MemTotal:        1844596 kB
MemFree:          820224 kB
MemAvailable:    1476112 kB
Buffers:           69572 kB
Cached:           706408 kB
MemTotal:        1844596 kB
MemFree:          819432 kB
MemAvailable:    1475320 kB
Buffers:           69572 kB
Cached:           706408 kB
MemTotal:        1844596 kB
MemFree:          820208 kB
MemAvailable:    1476096 kB
Buffers:           69572 kB
Cached:           706408 kB
MemTotal:        1844596 kB
MemFree:          819012 kB
MemAvailable:    1474900 kB
Buffers:           69572 kB
Cached:           706408 kB
MemTotal:        1844596 kB
MemFree:          818928 kB
MemAvailable:    1474816 kB
Buffers:           69572 kB
Cached:           706408 kB
MemTotal:        1844596 kB
MemFree:          820120 kB
MemAvailable:    1476008 kB
Buffers:           69572 kB
Cached:           706408 kB
MemTotal:        1844596 kB
MemFree:          816192 kB
MemAvailable:    1472080 kB
Buffers:           69572 kB
Cached:           706408 kB
MemTotal:        1844596 kB
MemFree:          816192 kB
MemAvailable:    1472080 kB
Buffers:           69572 kB
Cached:           706408 kB
MemTotal:        1844596 kB
MemFree:          813968 kB
MemAvailable:    1469856 kB
Buffers:           69572 kB
Cached:           706408 kB
MemTotal:        1844596 kB
MemFree:          815092 kB
MemAvailable:    1470980 kB
Buffers:           69572 kB
Cached:           706408 kB
MemTotal:        1844596 kB
MemFree:          813852 kB
MemAvailable:    1469740 kB
Buffers:           69572 kB
Cached:           706408 kB
MemTotal:        1844596 kB
MemFree:          810752 kB
MemAvailable:    1466640 kB
Buffers:           69572 kB
Cached:           706408 kB
MemTotal:        1844596 kB
MemFree:          810744 kB
MemAvailable:    1466632 kB
Buffers:           69572 kB
Cached:           706408 kB
MemTotal:        1844596 kB
MemFree:          810628 kB
MemAvailable:    1466516 kB
Buffers:           69572 kB
Cached:           706408 kB
MemTotal:        1844596 kB
MemFree:          810256 kB
MemAvailable:    1466144 kB
Buffers:           69572 kB
Cached:           706408 kB
MemTotal:        1844596 kB
MemFree:          811252 kB
MemAvailable:    1467140 kB
Buffers:           69572 kB
Cached:           706408 kB
MemTotal:        1844596 kB
MemFree:          810256 kB
MemAvailable:    1466144 kB
Buffers:           69572 kB
Cached:           706408 kB
MemTotal:        1844596 kB
MemFree:          809952 kB
MemAvailable:    1465844 kB
Buffers:           69572 kB
Cached:           706412 kB
MemTotal:        1844596 kB
MemFree:          811004 kB
MemAvailable:    1466896 kB
Buffers:           69572 kB
Cached:           706412 kB
MemTotal:        1844596 kB
MemFree:          809740 kB
MemAvailable:    1465632 kB
Buffers:           69572 kB
Cached:           706412 kB
MemTotal:        1844596 kB
MemFree:          810868 kB
MemAvailable:    1466760 kB
Buffers:           69572 kB
Cached:           706412 kB
MemTotal:        1844596 kB
MemFree:          809444 kB
MemAvailable:    1465336 kB
Buffers:           69572 kB
Cached:           706412 kB
MemTotal:        1844596 kB
MemFree:          810208 kB
MemAvailable:    1466100 kB
Buffers:           69572 kB
Cached:           706412 kB
MemTotal:        1844596 kB
MemFree:          809220 kB
MemAvailable:    1465112 kB
Buffers:           69572 kB
Cached:           706412 kB
MemTotal:        1844596 kB
MemFree:          810328 kB
MemAvailable:    1466220 kB
Buffers:           69572 kB
Cached:           706412 kB
MemTotal:        1844596 kB
MemFree:          810580 kB
MemAvailable:    1466472 kB
Buffers:           69572 kB
Cached:           706412 kB
MemTotal:        1844596 kB
MemFree:          809000 kB
MemAvailable:    1464892 kB
Buffers:           69572 kB
Cached:           706412 kB
MemTotal:        1844596 kB
MemFree:          809124 kB
MemAvailable:    1465016 kB
Buffers:           69572 kB
Cached:           706412 kB
MemTotal:        1844596 kB
MemFree:          810168 kB
MemAvailable:    1466060 kB
Buffers:           69572 kB
Cached:           706412 kB
MemTotal:        1844596 kB
MemFree:          809140 kB
MemAvailable:    1465032 kB
Buffers:           69572 kB
Cached:           706412 kB
MemTotal:        1844596 kB
MemFree:          808884 kB
MemAvailable:    1464776 kB
Buffers:           69572 kB
Cached:           706412 kB
MemTotal:        1844596 kB
MemFree:          810380 kB
MemAvailable:    1466272 kB
Buffers:           69572 kB
Cached:           706412 kB
MemTotal:        1844596 kB
MemFree:          809860 kB
MemAvailable:    1465752 kB
Buffers:           69572 kB
Cached:           706412 kB
MemTotal:        1844596 kB
MemFree:          810112 kB
MemAvailable:    1466004 kB
Buffers:           69572 kB
Cached:           706412 kB
MemTotal:        1844596 kB
MemFree:          809828 kB
MemAvailable:    1465720 kB
Buffers:           69572 kB
Cached:           706412 kB
MemTotal:        1844596 kB
MemFree:          810008 kB
MemAvailable:    1465900 kB
Buffers:           69572 kB
Cached:           706412 kB
MemTotal:        1844596 kB
MemFree:          808736 kB
MemAvailable:    1464628 kB
Buffers:           69572 kB
Cached:           706412 kB
MemTotal:        1844596 kB
MemFree:          808820 kB
MemAvailable:    1464712 kB
Buffers:           69572 kB
Cached:           706412 kB
MemTotal:        1844596 kB
MemFree:          808820 kB
MemAvailable:    1464712 kB
Buffers:           69572 kB
Cached:           706412 kB
MemTotal:        1844596 kB
MemFree:          809792 kB
MemAvailable:    1465684 kB
Buffers:           69572 kB
Cached:           706412 kB
MemTotal:        1844596 kB
MemFree:          810132 kB
MemAvailable:    1466024 kB
Buffers:           69572 kB
Cached:           706412 kB
MemTotal:        1844596 kB
MemFree:          810056 kB
MemAvailable:    1465948 kB
Buffers:           69572 kB
Cached:           706412 kB
MemTotal:        1844596 kB
MemFree:          809800 kB
MemAvailable:    1465692 kB
Buffers:           69572 kB
Cached:           706412 kB
MemTotal:        1844596 kB
MemFree:          808748 kB
MemAvailable:    1464640 kB
Buffers:           69572 kB
Cached:           706412 kB
MemTotal:        1844596 kB
MemFree:          808748 kB
MemAvailable:    1464640 kB
Buffers:           69572 kB
Cached:           706412 kB
MemTotal:        1844596 kB
MemFree:          809932 kB
MemAvailable:    1465824 kB
Buffers:           69572 kB
Cached:           706412 kB
MemTotal:        1844596 kB
MemFree:          809828 kB
MemAvailable:    1465720 kB
Buffers:           69572 kB
Cached:           706412 kB
MemTotal:        1844596 kB
MemFree:          810080 kB
MemAvailable:    1465972 kB
Buffers:           69572 kB
Cached:           706412 kB
MemTotal:        1844596 kB
MemFree:          809836 kB
MemAvailable:    1465728 kB
Buffers:           69572 kB
Cached:           706412 kB
MemTotal:        1844596 kB
MemFree:          810016 kB
MemAvailable:    1465908 kB
Buffers:           69572 kB
Cached:           706412 kB
MemTotal:        1844596 kB
MemFree:          810096 kB
MemAvailable:    1465988 kB
Buffers:           69572 kB
Cached:           706412 kB
MemTotal:        1844596 kB
MemFree:          808620 kB
MemAvailable:    1464512 kB
Buffers:           69572 kB
Cached:           706412 kB
MemTotal:        1844596 kB
MemFree:          808704 kB
MemAvailable:    1464596 kB
Buffers:           69572 kB
Cached:           706412 kB
MemTotal:        1844596 kB
MemFree:          809884 kB
MemAvailable:    1465776 kB
Buffers:           69572 kB
Cached:           706412 kB
MemTotal:        1844596 kB
MemFree:          809764 kB
MemAvailable:    1465656 kB
Buffers:           69572 kB
Cached:           706412 kB
MemTotal:        1844596 kB
MemFree:          809996 kB
MemAvailable:    1465888 kB
Buffers:           69572 kB
Cached:           706412 kB
MemTotal:        1844596 kB
MemFree:          809808 kB
MemAvailable:    1465700 kB
Buffers:           69572 kB
Cached:           706412 kB
MemTotal:        1844596 kB
MemFree:          808500 kB
MemAvailable:    1464392 kB
Buffers:           69572 kB
Cached:           706412 kB
MemTotal:        1844596 kB
MemFree:          808500 kB
MemAvailable:    1464392 kB
Buffers:           69572 kB
Cached:           706412 kB
MemTotal:        1844596 kB
MemFree:          809428 kB
MemAvailable:    1465320 kB
Buffers:           69572 kB
Cached:           706412 kB
MemTotal:        1844596 kB
MemFree:          809680 kB
MemAvailable:    1465572 kB
Buffers:           69572 kB
Cached:           706412 kB
MemTotal:        1844596 kB
MemFree:          809508 kB
MemAvailable:    1465400 kB
Buffers:           69572 kB
Cached:           706412 kB
MemTotal:        1844596 kB
MemFree:          808336 kB
MemAvailable:    1464228 kB
Buffers:           69572 kB
Cached:           706412 kB
MemTotal:        1844596 kB
MemFree:          809348 kB
MemAvailable:    1465240 kB
Buffers:           69572 kB
Cached:           706412 kB
MemTotal:        1844596 kB
MemFree:          809432 kB
MemAvailable:    1465324 kB
Buffers:           69572 kB
Cached:           706412 kB
MemTotal:        1844596 kB
MemFree:          808340 kB
MemAvailable:    1464232 kB
Buffers:           69572 kB
Cached:           706412 kB
MemTotal:        1844596 kB
MemFree:          809484 kB
MemAvailable:    1465376 kB
Buffers:           69572 kB
Cached:           706412 kB
MemTotal:        1844596 kB
MemFree:          809568 kB
MemAvailable:    1465460 kB
Buffers:           69572 kB
Cached:           706412 kB
MemTotal:        1844596 kB
MemFree:          808252 kB
MemAvailable:    1464144 kB
Buffers:           69572 kB
Cached:           706412 kB
MemTotal:        1844596 kB
MemFree:          808376 kB
MemAvailable:    1464268 kB
Buffers:           69572 kB
Cached:           706412 kB
MemTotal:        1844596 kB
MemFree:          809420 kB
MemAvailable:    1465312 kB
Buffers:           69572 kB
Cached:           706412 kB
MemTotal:        1844596 kB
MemFree:          808252 kB
MemAvailable:    1464144 kB
Buffers:           69572 kB
Cached:           706412 kB
MemTotal:        1844596 kB
MemFree:          809552 kB
MemAvailable:    1465444 kB
Buffers:           69572 kB
Cached:           706412 kB
MemTotal:        1844596 kB
MemFree:          809480 kB
MemAvailable:    1465372 kB
Buffers:           69572 kB
Cached:           706412 kB
MemTotal:        1844596 kB
MemFree:          809396 kB
MemAvailable:    1465288 kB
Buffers:           69572 kB
Cached:           706412 kB
MemTotal:        1844596 kB
MemFree:          809524 kB
MemAvailable:    1465416 kB
Buffers:           69572 kB
Cached:           706412 kB
MemTotal:        1844596 kB
MemFree:          809772 kB
MemAvailable:    1465664 kB
Buffers:           69572 kB
Cached:           706412 kB
MemTotal:        1844596 kB
MemFree:          808964 kB
MemAvailable:    1464856 kB
Buffers:           69572 kB
Cached:           706412 kB
MemTotal:        1844596 kB
MemFree:          809944 kB
MemAvailable:    1465844 kB
Buffers:           69572 kB
Cached:           706420 kB
MemTotal:        1844596 kB
MemFree:          809688 kB
MemAvailable:    1465588 kB
Buffers:           69572 kB
Cached:           706420 kB
MemTotal:        1844596 kB
MemFree:          809448 kB
MemAvailable:    1465348 kB
Buffers:           69572 kB
Cached:           706420 kB
MemTotal:        1844596 kB
MemFree:          809448 kB
MemAvailable:    1465348 kB
Buffers:           69572 kB
Cached:           706420 kB
MemTotal:        1844596 kB
MemFree:          809456 kB
MemAvailable:    1465356 kB
Buffers:           69572 kB
Cached:           706420 kB
MemTotal:        1844596 kB
MemFree:          809340 kB
MemAvailable:    1465240 kB
Buffers:           69572 kB
Cached:           706420 kB
MemTotal:        1844596 kB
MemFree:          809596 kB
MemAvailable:    1465496 kB
Buffers:           69572 kB
Cached:           706420 kB
MemTotal:        1844596 kB
MemFree:          809560 kB
MemAvailable:    1465460 kB
Buffers:           69572 kB
Cached:           706420 kB
MemTotal:        1844596 kB
MemFree:          808508 kB
MemAvailable:    1464408 kB
Buffers:           69572 kB
Cached:           706420 kB
MemTotal:        1844596 kB
MemFree:          809580 kB
MemAvailable:    1465480 kB
Buffers:           69572 kB
Cached:           706420 kB
MemTotal:        1844596 kB
MemFree:          809748 kB
MemAvailable:    1465648 kB
Buffers:           69572 kB
Cached:           706420 kB
MemTotal:        1844596 kB
MemFree:          809628 kB
MemAvailable:    1465528 kB
Buffers:           69572 kB
Cached:           706420 kB
MemTotal:        1844596 kB
MemFree:          809408 kB
MemAvailable:    1465308 kB
Buffers:           69572 kB
Cached:           706420 kB
MemTotal:        1844596 kB
MemFree:          808224 kB
MemAvailable:    1464124 kB
Buffers:           69572 kB
Cached:           706420 kB
MemTotal:        1844596 kB
MemFree:          809752 kB
MemAvailable:    1465652 kB
Buffers:           69572 kB
Cached:           706420 kB
MemTotal:        1844596 kB
MemFree:          808216 kB
MemAvailable:    1464116 kB
Buffers:           69572 kB
Cached:           706420 kB
MemTotal:        1844596 kB
MemFree:          809524 kB
MemAvailable:    1465424 kB
Buffers:           69572 kB
Cached:           706420 kB
MemTotal:        1844596 kB
MemFree:          808900 kB
MemAvailable:    1464800 kB
Buffers:           69572 kB
Cached:           706420 kB
MemTotal:        1844596 kB
MemFree:          809752 kB
MemAvailable:    1465652 kB
Buffers:           69572 kB
Cached:           706420 kB
MemTotal:        1844596 kB
MemFree:          810004 kB
MemAvailable:    1465904 kB
Buffers:           69572 kB
Cached:           706420 kB
MemTotal:        1844596 kB
MemFree:          809628 kB
MemAvailable:    1465528 kB
Buffers:           69572 kB
Cached:           706420 kB
MemTotal:        1844596 kB
MemFree:          809712 kB
MemAvailable:    1465612 kB
Buffers:           69572 kB
Cached:           706420 kB
MemTotal:        1844596 kB
MemFree:          809704 kB
MemAvailable:    1465604 kB
Buffers:           69572 kB
Cached:           706420 kB
MemTotal:        1844596 kB
MemFree:          809248 kB
MemAvailable:    1465148 kB
Buffers:           69572 kB
Cached:           706420 kB
MemTotal:        1844596 kB
MemFree:          809248 kB
MemAvailable:    1465148 kB
Buffers:           69572 kB
Cached:           706420 kB
MemTotal:        1844596 kB
MemFree:          808100 kB
MemAvailable:    1464000 kB
Buffers:           69572 kB
Cached:           706420 kB
MemTotal:        1844596 kB
MemFree:          808100 kB
MemAvailable:    1464000 kB
Buffers:           69572 kB
Cached:           706420 kB
MemTotal:        1844596 kB
MemFree:          809244 kB
MemAvailable:    1465144 kB
Buffers:           69572 kB
Cached:           706420 kB
MemTotal:        1844596 kB
MemFree:          809496 kB
MemAvailable:    1465396 kB
Buffers:           69572 kB
Cached:           706420 kB
MemTotal:        1844596 kB
MemFree:          809444 kB
MemAvailable:    1465344 kB
Buffers:           69572 kB
Cached:           706420 kB
MemTotal:        1844596 kB
MemFree:          808096 kB
MemAvailable:    1463996 kB
Buffers:           69572 kB
Cached:           706420 kB
MemTotal:        1844596 kB
MemFree:          809332 kB
MemAvailable:    1465232 kB
Buffers:           69572 kB
Cached:           706420 kB
MemTotal:        1844596 kB
MemFree:          808652 kB
MemAvailable:    1464552 kB
Buffers:           69572 kB
Cached:           706420 kB
MemTotal:        1844596 kB
MemFree:          809212 kB
MemAvailable:    1465112 kB
Buffers:           69572 kB
Cached:           706420 kB
MemTotal:        1844596 kB
MemFree:          809032 kB
MemAvailable:    1464932 kB
Buffers:           69572 kB
Cached:           706420 kB
MemTotal:        1844596 kB
MemFree:          809200 kB
MemAvailable:    1465100 kB
Buffers:           69572 kB
Cached:           706420 kB
MemTotal:        1844596 kB
MemFree:          809284 kB
MemAvailable:    1465184 kB
Buffers:           69572 kB
Cached:           706420 kB
MemTotal:        1844596 kB
MemFree:          809212 kB
MemAvailable:    1465112 kB
Buffers:           69572 kB
Cached:           706420 kB
MemTotal:        1844596 kB
MemFree:          809464 kB
MemAvailable:    1465364 kB
Buffers:           69572 kB
Cached:           706420 kB
MemTotal:        1844596 kB
MemFree:          809276 kB
MemAvailable:    1465176 kB
Buffers:           69572 kB
Cached:           706420 kB
MemTotal:        1844596 kB
MemFree:          808104 kB
MemAvailable:    1464004 kB
Buffers:           69572 kB
Cached:           706420 kB
MemTotal:        1844596 kB
MemFree:          808096 kB
MemAvailable:    1463996 kB
Buffers:           69572 kB
Cached:           706420 kB
MemTotal:        1844596 kB
MemFree:          807972 kB
MemAvailable:    1463872 kB
Buffers:           69572 kB
Cached:           706420 kB
MemTotal:        1844596 kB
MemFree:          809504 kB
MemAvailable:    1465404 kB
Buffers:           69572 kB
Cached:           706420 kB
MemTotal:        1844596 kB
MemFree:          809496 kB
MemAvailable:    1465396 kB
Buffers:           69572 kB
Cached:           706420 kB
MemTotal:        1844596 kB
MemFree:          809132 kB
MemAvailable:    1465032 kB
Buffers:           69572 kB
Cached:           706420 kB
MemTotal:        1844596 kB
MemFree:          809132 kB
MemAvailable:    1465032 kB
Buffers:           69572 kB
Cached:           706420 kB
MemTotal:        1844596 kB
MemFree:          809260 kB
MemAvailable:    1465160 kB
Buffers:           69572 kB
Cached:           706420 kB
MemTotal:        1844596 kB
MemFree:          809272 kB
MemAvailable:    1465172 kB
Buffers:           69572 kB
Cached:           706420 kB
MemTotal:        1844596 kB
MemFree:          808652 kB
MemAvailable:    1464552 kB
Buffers:           69572 kB
Cached:           706420 kB
MemTotal:        1844596 kB
MemFree:          808264 kB
MemAvailable:    1464164 kB
Buffers:           69572 kB
Cached:           706420 kB
MemTotal:        1844596 kB
MemFree:          808768 kB
MemAvailable:    1464668 kB
Buffers:           69572 kB
Cached:           706420 kB
MemTotal:        1844596 kB
MemFree:          809252 kB
MemAvailable:    1465152 kB
Buffers:           69572 kB
Cached:           706420 kB
MemTotal:        1844596 kB
MemFree:          809240 kB
MemAvailable:    1465140 kB
Buffers:           69572 kB
Cached:           706420 kB
MemTotal:        1844596 kB
MemFree:          809240 kB
MemAvailable:    1465140 kB
Buffers:           69572 kB
Cached:           706420 kB
MemTotal:        1844596 kB
MemFree:          809148 kB
MemAvailable:    1465048 kB
Buffers:           69572 kB
Cached:           706420 kB
MemTotal:        1844596 kB
MemFree:          809332 kB
MemAvailable:    1465232 kB
Buffers:           69572 kB
Cached:           706420 kB
MemTotal:        1844596 kB
MemFree:          808644 kB
MemAvailable:    1464544 kB
Buffers:           69572 kB
Cached:           706420 kB
MemTotal:        1844596 kB
MemFree:          809376 kB
MemAvailable:    1465276 kB
Buffers:           69572 kB
Cached:           706420 kB
MemTotal:        1844596 kB
MemFree:          808132 kB
MemAvailable:    1464032 kB
Buffers:           69572 kB
Cached:           706420 kB
MemTotal:        1844596 kB
MemFree:          809092 kB
MemAvailable:    1464992 kB
Buffers:           69572 kB
Cached:           706420 kB
MemTotal:        1844596 kB
MemFree:          808888 kB
MemAvailable:    1464788 kB
Buffers:           69572 kB
Cached:           706420 kB
MemTotal:        1844596 kB
MemFree:          809132 kB
MemAvailable:    1465040 kB
Buffers:           69572 kB
Cached:           706428 kB
MemTotal:        1844596 kB
MemFree:          809384 kB
MemAvailable:    1465292 kB
Buffers:           69572 kB
Cached:           706428 kB
MemTotal:        1844596 kB
MemFree:          809148 kB
MemAvailable:    1465056 kB
Buffers:           69572 kB
Cached:           706428 kB
MemTotal:        1844596 kB
MemFree:          807984 kB
MemAvailable:    1463892 kB
Buffers:           69572 kB
Cached:           706428 kB
MemTotal:        1844596 kB
MemFree:          807984 kB
MemAvailable:    1463892 kB
Buffers:           69572 kB
Cached:           706428 kB
MemTotal:        1844596 kB
MemFree:          808108 kB
MemAvailable:    1464016 kB
Buffers:           69572 kB
Cached:           706428 kB
MemTotal:        1844596 kB
MemFree:          808032 kB
MemAvailable:    1463940 kB
Buffers:           69572 kB
Cached:           706428 kB
MemTotal:        1844596 kB
MemFree:          808024 kB
MemAvailable:    1463932 kB
Buffers:           69572 kB
Cached:           706428 kB
MemTotal:        1844596 kB
MemFree:          808032 kB
MemAvailable:    1463940 kB
Buffers:           69572 kB
Cached:           706428 kB
MemTotal:        1844596 kB
MemFree:          809224 kB
MemAvailable:    1465132 kB
Buffers:           69572 kB
Cached:           706428 kB
MemTotal:        1844596 kB
MemFree:          809404 kB
MemAvailable:    1465312 kB
Buffers:           69572 kB
Cached:           706428 kB
MemTotal:        1844596 kB
MemFree:          809132 kB
MemAvailable:    1465040 kB
Buffers:           69572 kB
Cached:           706428 kB
MemTotal:        1844596 kB
MemFree:          809384 kB
MemAvailable:    1465292 kB
Buffers:           69572 kB
Cached:           706428 kB
MemTotal:        1844596 kB
MemFree:          808012 kB
MemAvailable:    1463920 kB
Buffers:           69572 kB
Cached:           706428 kB
MemTotal:        1844596 kB
MemFree:          808136 kB
MemAvailable:    1464044 kB
Buffers:           69572 kB
Cached:           706428 kB
MemTotal:        1844596 kB
MemFree:          807900 kB
MemAvailable:    1463808 kB
Buffers:           69572 kB
Cached:           706428 kB
MemTotal:        1844596 kB
MemFree:          807892 kB
MemAvailable:    1463800 kB
Buffers:           69572 kB
Cached:           706428 kB
MemTotal:        1844596 kB
MemFree:          807852 kB
MemAvailable:    1463760 kB
Buffers:           69572 kB
Cached:           706428 kB
MemTotal:        1844596 kB
MemFree:          808136 kB
MemAvailable:    1464044 kB
Buffers:           69572 kB
Cached:           706428 kB
MemTotal:        1844596 kB
MemFree:          808012 kB
MemAvailable:    1463920 kB
Buffers:           69572 kB
Cached:           706428 kB
MemTotal:        1844596 kB
MemFree:          808012 kB
MemAvailable:    1463920 kB
Buffers:           69572 kB
Cached:           706428 kB
MemTotal:        1844596 kB
MemFree:          809132 kB
MemAvailable:    1465040 kB
Buffers:           69572 kB
Cached:           706428 kB
MemTotal:        1844596 kB
MemFree:          808404 kB
MemAvailable:    1464312 kB
Buffers:           69572 kB
Cached:           706428 kB
MemTotal:        1844596 kB
MemFree:          808968 kB
MemAvailable:    1464876 kB
Buffers:           69572 kB
Cached:           706428 kB
MemTotal:        1844596 kB
MemFree:          809304 kB
MemAvailable:    1465212 kB
Buffers:           69572 kB
Cached:           706428 kB
MemTotal:        1844596 kB
MemFree:          809148 kB
MemAvailable:    1465056 kB
Buffers:           69572 kB
Cached:           706428 kB
MemTotal:        1844596 kB
MemFree:          809292 kB
MemAvailable:    1465200 kB
Buffers:           69572 kB
Cached:           706428 kB
MemTotal:        1844596 kB
MemFree:          807860 kB
MemAvailable:    1463768 kB
Buffers:           69572 kB
Cached:           706428 kB
MemTotal:        1844596 kB
MemFree:          809084 kB
MemAvailable:    1464992 kB
Buffers:           69572 kB
Cached:           706428 kB
MemTotal:        1844596 kB
MemFree:          807860 kB
MemAvailable:    1463768 kB
Buffers:           69572 kB
Cached:           706428 kB
MemTotal:        1844596 kB
MemFree:          808108 kB
MemAvailable:    1464016 kB
Buffers:           69572 kB
Cached:           706428 kB
MemTotal:        1844596 kB
MemFree:          807984 kB
MemAvailable:    1463892 kB
Buffers:           69572 kB
Cached:           706428 kB
MemTotal:        1844596 kB
MemFree:          809280 kB
MemAvailable:    1465188 kB
Buffers:           69572 kB
Cached:           706428 kB
MemTotal:        1844596 kB
MemFree:          808520 kB
MemAvailable:    1464428 kB
Buffers:           69572 kB
Cached:           706428 kB
MemTotal:        1844596 kB
MemFree:          809644 kB
MemAvailable:    1465556 kB
Buffers:           69572 kB
Cached:           706432 kB
MemTotal:        1844596 kB
MemFree:          809580 kB
MemAvailable:    1465492 kB
Buffers:           69572 kB
Cached:           706432 kB
MemTotal:        1844596 kB
MemFree:          808280 kB
MemAvailable:    1464192 kB
Buffers:           69572 kB
Cached:           706432 kB
MemTotal:        1844596 kB
MemFree:          808148 kB
MemAvailable:    1464060 kB
Buffers:           69572 kB
Cached:           706432 kB
MemTotal:        1844596 kB
MemFree:          809256 kB
MemAvailable:    1465168 kB
Buffers:           69572 kB
Cached:           706432 kB
MemTotal:        1844596 kB
MemFree:          809032 kB
MemAvailable:    1464944 kB
Buffers:           69572 kB
Cached:           706432 kB
MemTotal:        1844596 kB
MemFree:          807892 kB
MemAvailable:    1463804 kB
Buffers:           69572 kB
Cached:           706432 kB
MemTotal:        1844596 kB
MemFree:          807984 kB
MemAvailable:    1463896 kB
Buffers:           69572 kB
Cached:           706432 kB
MemTotal:        1844596 kB
MemFree:          809188 kB
MemAvailable:    1465100 kB
Buffers:           69572 kB
Cached:           706432 kB
MemTotal:        1844596 kB
MemFree:          808528 kB
MemAvailable:    1464440 kB
Buffers:           69572 kB
Cached:           706432 kB
MemTotal:        1844596 kB
MemFree:          809004 kB
MemAvailable:    1464916 kB
Buffers:           69572 kB
Cached:           706432 kB
MemTotal:        1844596 kB
MemFree:          809260 kB
MemAvailable:    1465172 kB
Buffers:           69572 kB
Cached:           706432 kB
MemTotal:        1844596 kB
MemFree:          809052 kB
MemAvailable:    1464964 kB
Buffers:           69572 kB
Cached:           706432 kB
MemTotal:        1844596 kB
MemFree:          809052 kB
MemAvailable:    1464964 kB
Buffers:           69572 kB
Cached:           706432 kB
MemTotal:        1844596 kB
MemFree:          808996 kB
MemAvailable:    1464908 kB
Buffers:           69572 kB
Cached:           706432 kB
MemTotal:        1844596 kB
MemFree:          809332 kB
MemAvailable:    1465244 kB
Buffers:           69572 kB
Cached:           706432 kB
MemTotal:        1844596 kB
MemFree:          809088 kB
MemAvailable:    1465000 kB
Buffers:           69572 kB
Cached:           706432 kB
MemTotal:        1844596 kB
MemFree:          809268 kB
MemAvailable:    1465180 kB
Buffers:           69572 kB
Cached:           706432 kB
MemTotal:        1844596 kB
MemFree:          807836 kB
MemAvailable:    1463748 kB
Buffers:           69572 kB
Cached:           706432 kB
MemTotal:        1844596 kB
MemFree:          809112 kB
MemAvailable:    1465024 kB
Buffers:           69572 kB
Cached:           706432 kB
MemTotal:        1844596 kB
MemFree:          808944 kB
MemAvailable:    1464856 kB
Buffers:           69572 kB
Cached:           706432 kB
MemTotal:        1844596 kB
MemFree:          807852 kB
MemAvailable:    1463764 kB
Buffers:           69572 kB
Cached:           706432 kB
MemTotal:        1844596 kB
MemFree:          807852 kB
MemAvailable:    1463764 kB
Buffers:           69572 kB
Cached:           706432 kB
MemTotal:        1844596 kB
MemFree:          809284 kB
MemAvailable:    1465196 kB
Buffers:           69572 kB
Cached:           706432 kB
MemTotal:        1844596 kB
MemFree:          809208 kB
MemAvailable:    1465120 kB
Buffers:           69572 kB
Cached:           706432 kB
MemTotal:        1844596 kB
MemFree:          809080 kB
MemAvailable:    1464992 kB
Buffers:           69572 kB
Cached:           706432 kB
MemTotal:        1844596 kB
MemFree:          809332 kB
MemAvailable:    1465244 kB
Buffers:           69572 kB
Cached:           706432 kB
MemTotal:        1844596 kB
MemFree:          809320 kB
MemAvailable:    1465232 kB
Buffers:           69572 kB
Cached:           706432 kB
MemTotal:        1844596 kB
MemFree:          809212 kB
MemAvailable:    1465124 kB
Buffers:           69572 kB
Cached:           706432 kB
MemTotal:        1844596 kB
MemFree:          808520 kB
MemAvailable:    1464432 kB
Buffers:           69572 kB
Cached:           706432 kB
MemTotal:        1844596 kB
MemFree:          809644 kB
MemAvailable:    1465556 kB
Buffers:           69572 kB
Cached:           706432 kB
MemTotal:        1844596 kB
MemFree:          809512 kB
MemAvailable:    1465424 kB
Buffers:           69572 kB
Cached:           706432 kB
MemTotal:        1844596 kB
MemFree:          809324 kB
MemAvailable:    1465236 kB
Buffers:           69572 kB
Cached:           706432 kB
MemTotal:        1844596 kB
MemFree:          808712 kB
MemAvailable:    1464624 kB
Buffers:           69572 kB
Cached:           706432 kB
MemTotal:        1844596 kB
MemFree:          808464 kB
MemAvailable:    1464376 kB
Buffers:           69572 kB
Cached:           706432 kB
MemTotal:        1844596 kB
MemFree:          808156 kB
MemAvailable:    1464068 kB
Buffers:           69572 kB
Cached:           706432 kB
MemTotal:        1844596 kB
MemFree:          808516 kB
MemAvailable:    1464428 kB
Buffers:           69572 kB
Cached:           706432 kB
MemTotal:        1844596 kB
MemFree:          807228 kB
MemAvailable:    1463140 kB
Buffers:           69572 kB
Cached:           706432 kB
MemTotal:        1844596 kB
MemFree:          808240 kB
MemAvailable:    1464152 kB
Buffers:           69572 kB
Cached:           706432 kB
MemTotal:        1844596 kB
MemFree:          808472 kB
MemAvailable:    1464384 kB
Buffers:           69572 kB
Cached:           706432 kB
MemTotal:        1844596 kB
MemFree:          807348 kB
MemAvailable:    1463260 kB
Buffers:           69572 kB
Cached:           706432 kB
MemTotal:        1844596 kB
MemFree:          808532 kB
MemAvailable:    1464444 kB
Buffers:           69572 kB
Cached:           706432 kB
MemTotal:        1844596 kB
MemFree:          807352 kB
MemAvailable:    1463264 kB
Buffers:           69572 kB
Cached:           706432 kB
MemTotal:        1844596 kB
MemFree:          808504 kB
MemAvailable:    1464416 kB
Buffers:           69572 kB
Cached:           706432 kB
MemTotal:        1844596 kB
MemFree:          808484 kB
MemAvailable:    1464396 kB
Buffers:           69572 kB
Cached:           706432 kB
MemTotal:        1844596 kB
MemFree:          808736 kB
MemAvailable:    1464648 kB
Buffers:           69572 kB
Cached:           706432 kB
MemTotal:        1844596 kB
MemFree:          808532 kB
MemAvailable:    1464444 kB
Buffers:           69572 kB
Cached:           706432 kB
MemTotal:        1844596 kB
MemFree:          807352 kB
MemAvailable:    1463264 kB
Buffers:           69572 kB
Cached:           706432 kB
MemTotal:        1844596 kB
MemFree:          808556 kB
MemAvailable:    1464468 kB
Buffers:           69572 kB
Cached:           706432 kB
MemTotal:        1844596 kB
MemFree:          807908 kB
MemAvailable:    1463820 kB
Buffers:           69572 kB
Cached:           706432 kB
MemTotal:        1844596 kB
MemFree:          808460 kB
MemAvailable:    1464372 kB
Buffers:           69572 kB
Cached:           706432 kB
MemTotal:        1844596 kB
MemFree:          808528 kB
MemAvailable:    1464440 kB
Buffers:           69572 kB
Cached:           706432 kB
MemTotal:        1844596 kB
MemFree:          807268 kB
MemAvailable:    1463180 kB
Buffers:           69572 kB
Cached:           706432 kB
MemTotal:        1844596 kB
MemFree:          808460 kB
MemAvailable:    1464376 kB
Buffers:           69572 kB
Cached:           706436 kB
MemTotal:        1844596 kB
MemFree:          808628 kB
MemAvailable:    1464544 kB
Buffers:           69572 kB
Cached:           706436 kB
MemTotal:        1844596 kB
MemFree:          808376 kB
MemAvailable:    1464296 kB
Buffers:           69572 kB
Cached:           706440 kB
MemTotal:        1844596 kB
MemFree:          808404 kB
MemAvailable:    1464324 kB
Buffers:           69572 kB
Cached:           706440 kB
MemTotal:        1844596 kB
MemFree:          808568 kB
MemAvailable:    1464488 kB
Buffers:           69572 kB
Cached:           706440 kB
MemTotal:        1844596 kB
MemFree:          808584 kB
MemAvailable:    1464504 kB
Buffers:           69572 kB
Cached:           706440 kB
MemTotal:        1844596 kB
MemFree:          808752 kB
MemAvailable:    1464672 kB
Buffers:           69572 kB
Cached:           706440 kB
MemTotal:        1844596 kB
MemFree:          807132 kB
MemAvailable:    1463052 kB
Buffers:           69572 kB
Cached:           706440 kB
MemTotal:        1844596 kB
MemFree:          808540 kB
MemAvailable:    1464460 kB
Buffers:           69572 kB
Cached:           706440 kB
MemTotal:        1844596 kB
MemFree:          807908 kB
MemAvailable:    1463828 kB
Buffers:           69572 kB
Cached:           706440 kB
MemTotal:        1844596 kB
MemFree:          808336 kB
MemAvailable:    1464256 kB
Buffers:           69572 kB
Cached:           706440 kB
MemTotal:        1844596 kB
MemFree:          808588 kB
MemAvailable:    1464508 kB
Buffers:           69572 kB
Cached:           706440 kB
MemTotal:        1844596 kB
MemFree:          807232 kB
MemAvailable:    1463152 kB
Buffers:           69572 kB
Cached:           706440 kB
MemTotal:        1844596 kB
MemFree:          808576 kB
MemAvailable:    1464496 kB
Buffers:           69572 kB
Cached:           706440 kB
MemTotal:        1844596 kB
MemFree:          808528 kB
MemAvailable:    1464448 kB
Buffers:           69572 kB
Cached:           706440 kB
MemTotal:        1844596 kB
MemFree:          807340 kB
MemAvailable:    1463260 kB
Buffers:           69572 kB
Cached:           706440 kB
MemTotal:        1844596 kB
MemFree:          808456 kB
MemAvailable:    1464376 kB
Buffers:           69572 kB
Cached:           706440 kB
MemTotal:        1844596 kB
MemFree:          807280 kB
MemAvailable:    1463200 kB
Buffers:           69572 kB
Cached:           706440 kB
MemTotal:        1844596 kB
MemFree:          807776 kB
MemAvailable:    1463696 kB
Buffers:           69572 kB
Cached:           706440 kB
MemTotal:        1844596 kB
MemFree:          808356 kB
MemAvailable:    1464276 kB
Buffers:           69572 kB
Cached:           706440 kB
MemTotal:        1844596 kB
MemFree:          808612 kB
MemAvailable:    1464532 kB
Buffers:           69572 kB
Cached:           706440 kB
MemTotal:        1844596 kB
MemFree:          808260 kB
MemAvailable:    1464180 kB
Buffers:           69572 kB
Cached:           706440 kB
MemTotal:        1844596 kB
MemFree:          808344 kB
MemAvailable:    1464264 kB
Buffers:           69572 kB
Cached:           706440 kB
MemTotal:        1844596 kB
MemFree:          807268 kB
MemAvailable:    1463188 kB
Buffers:           69572 kB
Cached:           706440 kB
MemTotal:        1844596 kB
MemFree:          808376 kB
MemAvailable:    1464296 kB
Buffers:           69572 kB
Cached:           706440 kB
MemTotal:        1844596 kB
MemFree:          808404 kB
MemAvailable:    1464324 kB
Buffers:           69572 kB
Cached:           706440 kB
MemTotal:        1844596 kB
MemFree:          807268 kB
MemAvailable:    1463188 kB
Buffers:           69572 kB
Cached:           706440 kB
MemTotal:        1844596 kB
MemFree:          808684 kB
MemAvailable:    1464604 kB
Buffers:           69572 kB
Cached:           706440 kB
MemTotal:        1844596 kB
MemFree:          807268 kB
MemAvailable:    1463188 kB
Buffers:           69572 kB
Cached:           706440 kB
MemTotal:        1844596 kB
MemFree:          807344 kB
MemAvailable:    1463264 kB
Buffers:           69572 kB
Cached:           706440 kB
MemTotal:        1844596 kB
MemFree:          808716 kB
MemAvailable:    1464636 kB
Buffers:           69572 kB
Cached:           706440 kB
MemTotal:        1844596 kB
MemFree:          808584 kB
MemAvailable:    1464504 kB
Buffers:           69572 kB
Cached:           706440 kB
MemTotal:        1844596 kB
MemFree:          807388 kB
MemAvailable:    1463308 kB
Buffers:           69572 kB
Cached:           706440 kB
MemTotal:        1844596 kB
MemFree:          807464 kB
MemAvailable:    1463384 kB
Buffers:           69572 kB
Cached:           706440 kB
MemTotal:        1844596 kB
MemFree:          807208 kB
MemAvailable:    1463128 kB
Buffers:           69572 kB
Cached:           706440 kB
MemTotal:        1844596 kB
MemFree:          807208 kB
MemAvailable:    1463128 kB
Buffers:           69572 kB
Cached:           706440 kB
MemTotal:        1844596 kB
MemFree:          807332 kB
MemAvailable:    1463252 kB
Buffers:           69572 kB
Cached:           706440 kB
MemTotal:        1844596 kB
MemFree:          807208 kB
MemAvailable:    1463128 kB
Buffers:           69572 kB
Cached:           706440 kB
MemTotal:        1844596 kB
MemFree:          807332 kB
MemAvailable:    1463252 kB
Buffers:           69572 kB
Cached:           706440 kB
MemTotal:        1844596 kB
MemFree:          807368 kB
MemAvailable:    1463288 kB
Buffers:           69572 kB
Cached:           706440 kB
MemTotal:        1844596 kB
MemFree:          807368 kB
MemAvailable:    1463288 kB
Buffers:           69572 kB
Cached:           706440 kB
MemTotal:        1844596 kB
MemFree:          808396 kB
MemAvailable:    1464316 kB
Buffers:           69572 kB
Cached:           706440 kB
MemTotal:        1844596 kB
MemFree:          808412 kB
MemAvailable:    1464332 kB
Buffers:           69572 kB
Cached:           706440 kB
MemTotal:        1844596 kB
MemFree:          807240 kB
MemAvailable:    1463160 kB
Buffers:           69572 kB
Cached:           706440 kB
MemTotal:        1844596 kB
MemFree:          808540 kB
MemAvailable:    1464460 kB
Buffers:           69572 kB
Cached:           706440 kB
MemTotal:        1844596 kB
MemFree:          807660 kB
MemAvailable:    1463580 kB
Buffers:           69572 kB
Cached:           706440 kB
MemTotal:        1844596 kB
MemFree:          808264 kB
MemAvailable:    1464184 kB
Buffers:           69572 kB
Cached:           706440 kB
MemTotal:        1844596 kB
MemFree:          808600 kB
MemAvailable:    1464520 kB
Buffers:           69572 kB
Cached:           706440 kB
MemTotal:        1844596 kB
MemFree:          808432 kB
MemAvailable:    1464352 kB
Buffers:           69572 kB
Cached:           706440 kB
MemTotal:        1844596 kB
MemFree:          808516 kB
MemAvailable:    1464436 kB
Buffers:           69572 kB
Cached:           706440 kB
MemTotal:        1844596 kB
MemFree:          808564 kB
MemAvailable:    1464484 kB
Buffers:           69572 kB
Cached:           706440 kB
MemTotal:        1844596 kB
MemFree:          808464 kB
MemAvailable:    1464384 kB
Buffers:           69572 kB
Cached:           706440 kB
MemTotal:        1844596 kB
MemFree:          807908 kB
MemAvailable:    1463828 kB
Buffers:           69572 kB
Cached:           706440 kB
MemTotal:        1844596 kB
MemFree:          807528 kB
MemAvailable:    1463448 kB
Buffers:           69572 kB
Cached:           706440 kB
MemTotal:        1844596 kB
MemFree:          808884 kB
MemAvailable:    1464804 kB
Buffers:           69572 kB
Cached:           706440 kB
MemTotal:        1844596 kB
MemFree:          807396 kB
MemAvailable:    1463316 kB
Buffers:           69572 kB
Cached:           706440 kB
MemTotal:        1844596 kB
MemFree:          807776 kB
MemAvailable:    1463696 kB
Buffers:           69572 kB
Cached:           706440 kB
MemTotal:        1844596 kB
MemFree:          809016 kB
MemAvailable:    1464936 kB
Buffers:           69572 kB
Cached:           706440 kB
MemTotal:        1844596 kB
MemFree:          808628 kB
MemAvailable:    1464548 kB
Buffers:           69572 kB
Cached:           706440 kB
MemTotal:        1844596 kB
MemFree:          808528 kB
MemAvailable:    1464448 kB
Buffers:           69572 kB
Cached:           706440 kB
MemTotal:        1844596 kB
MemFree:          808376 kB
MemAvailable:    1464296 kB
Buffers:           69572 kB
Cached:           706440 kB
MemTotal:        1844596 kB
MemFree:          808280 kB
MemAvailable:    1464200 kB
Buffers:           69572 kB
Cached:           706440 kB
MemTotal:        1844596 kB
MemFree:          808576 kB
MemAvailable:    1464496 kB
Buffers:           69572 kB
Cached:           706440 kB
MemTotal:        1844596 kB
MemFree:          808632 kB
MemAvailable:    1464552 kB
Buffers:           69572 kB
Cached:           706440 kB
MemTotal:        1844596 kB
MemFree:          807900 kB
MemAvailable:    1463820 kB
Buffers:           69572 kB
Cached:           706440 kB
MemTotal:        1844596 kB
MemFree:          807652 kB
MemAvailable:    1463572 kB
Buffers:           69572 kB
Cached:           706440 kB
MemTotal:        1844596 kB
MemFree:          808884 kB
MemAvailable:    1464804 kB
Buffers:           69572 kB
Cached:           706440 kB
MemTotal:        1844596 kB
MemFree:          807396 kB
MemAvailable:    1463316 kB
Buffers:           69572 kB
Cached:           706440 kB
MemTotal:        1844596 kB
MemFree:          807396 kB
MemAvailable:    1463316 kB
Buffers:           69572 kB
Cached:           706440 kB
MemTotal:        1844596 kB
MemFree:          807396 kB
MemAvailable:    1463316 kB
Buffers:           69572 kB
Cached:           706440 kB
MemTotal:        1844596 kB
MemFree:          808372 kB
MemAvailable:    1464292 kB
Buffers:           69572 kB
Cached:           706440 kB
MemTotal:        1844596 kB
MemFree:          808624 kB
MemAvailable:    1464544 kB
Buffers:           69572 kB
Cached:           706440 kB
MemTotal:        1844596 kB
MemFree:          808548 kB
MemAvailable:    1464468 kB
Buffers:           69572 kB
Cached:           706440 kB
MemTotal:        1844596 kB
MemFree:          808604 kB
MemAvailable:    1464524 kB
Buffers:           69572 kB
Cached:           706440 kB
MemTotal:        1844596 kB
MemFree:          808596 kB
MemAvailable:    1464516 kB
Buffers:           69572 kB
Cached:           706440 kB
MemTotal:        1844596 kB
MemFree:          807156 kB
MemAvailable:    1463088 kB
Buffers:           69572 kB
Cached:           706452 kB
MemTotal:        1844596 kB
MemFree:          807288 kB
MemAvailable:    1463220 kB
Buffers:           69572 kB
Cached:           706452 kB
MemTotal:        1844596 kB
MemFree:          807532 kB
MemAvailable:    1463464 kB
Buffers:           69572 kB
Cached:           706452 kB
MemTotal:        1844596 kB
MemFree:          808584 kB
MemAvailable:    1464516 kB
Buffers:           69572 kB
Cached:           706452 kB
MemTotal:        1844596 kB
MemFree:          807408 kB
MemAvailable:    1463340 kB
Buffers:           69572 kB
Cached:           706452 kB
MemTotal:        1844596 kB
MemFree:          808464 kB
MemAvailable:    1464396 kB
Buffers:           69572 kB
Cached:           706452 kB
MemTotal:        1844596 kB
MemFree:          807136 kB
MemAvailable:    1463068 kB
Buffers:           69572 kB
Cached:           706452 kB
MemTotal:        1844596 kB
MemFree:          808508 kB
MemAvailable:    1464440 kB
Buffers:           69572 kB
Cached:           706452 kB
MemTotal:        1844596 kB
MemFree:          808464 kB
MemAvailable:    1464396 kB
Buffers:           69572 kB
Cached:           706452 kB
MemTotal:        1844596 kB
MemFree:          807412 kB
MemAvailable:    1463344 kB
Buffers:           69572 kB
Cached:           706452 kB
MemTotal:        1844596 kB
MemFree:          808456 kB
MemAvailable:    1464388 kB
Buffers:           69572 kB
Cached:           706452 kB
MemTotal:        1844596 kB
