MemTotal:        1844596 kB
MemFree:          465140 kB
MemAvailable:    1554304 kB
Buffers:           86212 kB
Cached:          1110604 kB
MemTotal:        1844596 kB
MemFree:          463032 kB
MemAvailable:    1552196 kB
Buffers:           86212 kB
Cached:          1110604 kB
MemTotal:        1844596 kB
MemFree:          462288 kB
MemAvailable:    1551452 kB
Buffers:           86212 kB
Cached:          1110604 kB
MemTotal:        1844596 kB
MemFree:          459668 kB
MemAvailable:    1548832 kB
Buffers:           86212 kB
Cached:          1110604 kB
MemTotal:        1844596 kB
MemFree:          459176 kB
MemAvailable:    1548340 kB
Buffers:           86212 kB
Cached:          1110604 kB
MemTotal:        1844596 kB
MemFree:          460552 kB
MemAvailable:    1549716 kB
Buffers:           86212 kB
Cached:          1110604 kB
MemTotal:        1844596 kB
MemFree:          459248 kB
MemAvailable:    1548412 kB
Buffers:           86212 kB
Cached:          1110604 kB
MemTotal:        1844596 kB
MemFree:          457080 kB
MemAvailable:    1546244 kB
Buffers:           86212 kB
Cached:          1110604 kB
MemTotal:        1844596 kB
MemFree:          454708 kB
MemAvailable:    1543876 kB
Buffers:           86212 kB
Cached:          1110608 kB
MemTotal:        1844596 kB
MemFree:          454708 kB
MemAvailable:    1543876 kB
Buffers:           86212 kB
Cached:          1110608 kB
MemTotal:        1844596 kB
MemFree:          449500 kB
MemAvailable:    1538668 kB
Buffers:           86212 kB
Cached:          1110608 kB
MemTotal:        1844596 kB
MemFree:          449020 kB
MemAvailable:    1538188 kB
Buffers:           86212 kB
Cached:          1110608 kB
MemTotal:        1844596 kB
MemFree:          451776 kB
MemAvailable:    1540944 kB
Buffers:           86212 kB
Cached:          1110608 kB
MemTotal:        1844596 kB
MemFree:          451448 kB
MemAvailable:    1540616 kB
Buffers:           86212 kB
Cached:          1110608 kB
MemTotal:        1844596 kB
MemFree:          451732 kB
MemAvailable:    1540900 kB
Buffers:           86212 kB
Cached:          1110608 kB
MemTotal:        1844596 kB
MemFree:          452068 kB
MemAvailable:    1541236 kB
Buffers:           86212 kB
Cached:          1110608 kB
MemTotal:        1844596 kB
MemFree:          451824 kB
MemAvailable:    1540992 kB
Buffers:           86212 kB
Cached:          1110608 kB
MemTotal:        1844596 kB
MemFree:          450880 kB
MemAvailable:    1540048 kB
Buffers:           86212 kB
Cached:          1110608 kB
MemTotal:        1844596 kB
MemFree:          451348 kB
MemAvailable:    1540516 kB
Buffers:           86212 kB
Cached:          1110608 kB
MemTotal:        1844596 kB
MemFree:          451432 kB
MemAvailable:    1540600 kB
Buffers:           86212 kB
Cached:          1110608 kB
MemTotal:        1844596 kB
MemFree:          450080 kB
MemAvailable:    1539248 kB
Buffers:           86212 kB
Cached:          1110608 kB
MemTotal:        1844596 kB
MemFree:          450996 kB
MemAvailable:    1540164 kB
Buffers:           86212 kB
Cached:          1110608 kB
MemTotal:        1844596 kB
MemFree:          448772 kB
MemAvailable:    1537940 kB
Buffers:           86212 kB
Cached:          1110608 kB
MemTotal:        1844596 kB
MemFree:          449824 kB
MemAvailable:    1538992 kB
Buffers:           86212 kB
Cached:          1110608 kB
MemTotal:        1844596 kB
MemFree:          449568 kB
MemAvailable:    1538736 kB
Buffers:           86212 kB
Cached:          1110608 kB
MemTotal:        1844596 kB
MemFree:          448384 kB
MemAvailable:    1537552 kB
Buffers:           86212 kB
Cached:          1110608 kB
MemTotal:        1844596 kB
MemFree:          448344 kB
MemAvailable:    1537512 kB
Buffers:           86212 kB
Cached:          1110608 kB
MemTotal:        1844596 kB
MemFree:          448256 kB
MemAvailable:    1537424 kB
Buffers:           86212 kB
Cached:          1110608 kB
MemTotal:        1844596 kB
MemFree:          449548 kB
MemAvailable:    1538716 kB
Buffers:           86212 kB
Cached:          1110608 kB
MemTotal:        1844596 kB
MemFree:          449508 kB
MemAvailable:    1538676 kB
Buffers:           86212 kB
Cached:          1110608 kB
MemTotal:        1844596 kB
MemFree:          448076 kB
MemAvailable:    1537244 kB
Buffers:           86212 kB
Cached:          1110608 kB
MemTotal:        1844596 kB
MemFree:          448236 kB
MemAvailable:    1537404 kB
Buffers:           86212 kB
Cached:          1110608 kB
MemTotal:        1844596 kB
MemFree:          449476 kB
MemAvailable:    1538644 kB
Buffers:           86212 kB
Cached:          1110608 kB
MemTotal:        1844596 kB
MemFree:          449352 kB
MemAvailable:    1538520 kB
Buffers:           86212 kB
Cached:          1110608 kB
MemTotal:        1844596 kB
MemFree:          447284 kB
MemAvailable:    1536452 kB
Buffers:           86212 kB
Cached:          1110608 kB
MemTotal:        1844596 kB
MemFree:          443688 kB
MemAvailable:    1532856 kB
Buffers:           86212 kB
Cached:          1110608 kB
MemTotal:        1844596 kB
MemFree:          444920 kB
MemAvailable:    1534088 kB
Buffers:           86212 kB
Cached:          1110608 kB
MemTotal:        1844596 kB
MemFree:          444540 kB
MemAvailable:    1533708 kB
Buffers:           86212 kB
Cached:          1110608 kB
MemTotal:        1844596 kB
MemFree:          444540 kB
MemAvailable:    1533708 kB
Buffers:           86212 kB
Cached:          1110608 kB
MemTotal:        1844596 kB
MemFree:          444368 kB
MemAvailable:    1533536 kB
Buffers:           86212 kB
Cached:          1110608 kB
MemTotal:        1844596 kB
MemFree:          444620 kB
MemAvailable:    1533788 kB
Buffers:           86212 kB
Cached:          1110608 kB
MemTotal:        1844596 kB
MemFree:          444364 kB
MemAvailable:    1533532 kB
Buffers:           86212 kB
Cached:          1110608 kB
MemTotal:        1844596 kB
MemFree:          443044 kB
MemAvailable:    1532212 kB
Buffers:           86212 kB
Cached:          1110608 kB
MemTotal:        1844596 kB
MemFree:          444144 kB
MemAvailable:    1533312 kB
Buffers:           86212 kB
Cached:          1110608 kB
MemTotal:        1844596 kB
MemFree:          444228 kB
MemAvailable:    1533396 kB
Buffers:           86212 kB
Cached:          1110608 kB
MemTotal:        1844596 kB
MemFree:          443748 kB
MemAvailable:    1532916 kB
Buffers:           86212 kB
Cached:          1110608 kB
MemTotal:        1844596 kB
MemFree:          443076 kB
MemAvailable:    1532244 kB
Buffers:           86212 kB
Cached:          1110608 kB
MemTotal:        1844596 kB
MemFree:          442316 kB
MemAvailable:    1531484 kB
Buffers:           86212 kB
Cached:          1110608 kB
MemTotal:        1844596 kB
MemFree:          442316 kB
MemAvailable:    1531484 kB
Buffers:           86212 kB
Cached:          1110608 kB
MemTotal:        1844596 kB
MemFree:          442440 kB
MemAvailable:    1531608 kB
Buffers:           86212 kB
Cached:          1110608 kB
MemTotal:        1844596 kB
MemFree:          442324 kB
MemAvailable:    1531492 kB
Buffers:           86212 kB
Cached:          1110608 kB
MemTotal:        1844596 kB
MemFree:          442192 kB
MemAvailable:    1531360 kB
Buffers:           86212 kB
Cached:          1110608 kB
MemTotal:        1844596 kB
MemFree:          443112 kB
MemAvailable:    1532280 kB
Buffers:           86212 kB
Cached:          1110608 kB
MemTotal:        1844596 kB
MemFree:          442208 kB
MemAvailable:    1531376 kB
Buffers:           86212 kB
Cached:          1110608 kB
MemTotal:        1844596 kB
MemFree:          442548 kB
MemAvailable:    1531716 kB
Buffers:           86212 kB
Cached:          1110608 kB
MemTotal:        1844596 kB
MemFree:          442548 kB
MemAvailable:    1531716 kB
Buffers:           86212 kB
Cached:          1110608 kB
MemTotal:        1844596 kB
MemFree:          442948 kB
MemAvailable:    1532116 kB
Buffers:           86212 kB
Cached:          1110608 kB
MemTotal:        1844596 kB
MemFree:          442792 kB
MemAvailable:    1531960 kB
Buffers:           86212 kB
Cached:          1110608 kB
MemTotal:        1844596 kB
MemFree:          442876 kB
MemAvailable:    1532044 kB
Buffers:           86212 kB
Cached:          1110608 kB
MemTotal:        1844596 kB
MemFree:          442624 kB
MemAvailable:    1531792 kB
Buffers:           86212 kB
Cached:          1110608 kB
MemTotal:        1844596 kB
MemFree:          442960 kB
MemAvailable:    1532128 kB
Buffers:           86212 kB
Cached:          1110608 kB
MemTotal:        1844596 kB
MemFree:          443008 kB
MemAvailable:    1532176 kB
Buffers:           86212 kB
Cached:          1110608 kB
MemTotal:        1844596 kB
MemFree:          442324 kB
MemAvailable:    1531492 kB
Buffers:           86212 kB
Cached:          1110608 kB
MemTotal:        1844596 kB
MemFree:          442688 kB
MemAvailable:    1531860 kB
Buffers:           86212 kB
Cached:          1110612 kB
MemTotal:        1844596 kB
MemFree:          442944 kB
MemAvailable:    1532116 kB
Buffers:           86212 kB
Cached:          1110612 kB
MemTotal:        1844596 kB
MemFree:          439532 kB
MemAvailable:    1528704 kB
Buffers:           86212 kB
Cached:          1110612 kB
MemTotal:        1844596 kB
MemFree:          436620 kB
MemAvailable:    1525792 kB
Buffers:           86212 kB
Cached:          1110612 kB
MemTotal:        1844596 kB
MemFree:          436852 kB
MemAvailable:    1526028 kB
Buffers:           86212 kB
Cached:          1110616 kB
MemTotal:        1844596 kB
MemFree:          436852 kB
MemAvailable:    1526028 kB
Buffers:           86212 kB
Cached:          1110616 kB
MemTotal:        1844596 kB
MemFree:          436616 kB
MemAvailable:    1525792 kB
Buffers:           86212 kB
Cached:          1110616 kB
MemTotal:        1844596 kB
MemFree:          436308 kB
MemAvailable:    1525484 kB
Buffers:           86212 kB
Cached:          1110616 kB
MemTotal:        1844596 kB
MemFree:          436304 kB
MemAvailable:    1525480 kB
Buffers:           86212 kB
Cached:          1110616 kB
MemTotal:        1844596 kB
MemFree:          435700 kB
MemAvailable:    1524876 kB
Buffers:           86212 kB
Cached:          1110616 kB
MemTotal:        1844596 kB
MemFree:          434692 kB
MemAvailable:    1523868 kB
Buffers:           86212 kB
Cached:          1110616 kB
MemTotal:        1844596 kB
MemFree:          435992 kB
MemAvailable:    1525168 kB
Buffers:           86212 kB
Cached:          1110616 kB
MemTotal:        1844596 kB
MemFree:          435008 kB
MemAvailable:    1524184 kB
Buffers:           86212 kB
Cached:          1110616 kB
MemTotal:        1844596 kB
MemFree:          434332 kB
MemAvailable:    1523508 kB
Buffers:           86212 kB
Cached:          1110616 kB
MemTotal:        1844596 kB
MemFree:          435696 kB
MemAvailable:    1524872 kB
Buffers:           86212 kB
Cached:          1110616 kB
MemTotal:        1844596 kB
MemFree:          434992 kB
MemAvailable:    1524168 kB
Buffers:           86212 kB
Cached:          1110616 kB
MemTotal:        1844596 kB
MemFree:          435076 kB
MemAvailable:    1524252 kB
Buffers:           86212 kB
Cached:          1110616 kB
MemTotal:        1844596 kB
MemFree:          434880 kB
MemAvailable:    1524056 kB
Buffers:           86212 kB
Cached:          1110616 kB
MemTotal:        1844596 kB
MemFree:          433148 kB
MemAvailable:    1522324 kB
Buffers:           86212 kB
Cached:          1110616 kB
MemTotal:        1844596 kB
MemFree:          433388 kB
MemAvailable:    1522564 kB
Buffers:           86212 kB
Cached:          1110616 kB
MemTotal:        1844596 kB
MemFree:          433388 kB
MemAvailable:    1522564 kB
Buffers:           86212 kB
Cached:          1110616 kB
MemTotal:        1844596 kB
MemFree:          431984 kB
MemAvailable:    1521160 kB
Buffers:           86212 kB
Cached:          1110616 kB
MemTotal:        1844596 kB
MemFree:          432232 kB
MemAvailable:    1521408 kB
Buffers:           86212 kB
Cached:          1110616 kB
MemTotal:        1844596 kB
MemFree:          432108 kB
MemAvailable:    1521284 kB
Buffers:           86212 kB
Cached:          1110616 kB
MemTotal:        1844596 kB
MemFree:          433028 kB
MemAvailable:    1522204 kB
Buffers:           86212 kB
Cached:          1110616 kB
MemTotal:        1844596 kB
MemFree:          431976 kB
MemAvailable:    1521152 kB
Buffers:           86212 kB
Cached:          1110616 kB
MemTotal:        1844596 kB
MemFree:          433216 kB
MemAvailable:    1522392 kB
Buffers:           86212 kB
Cached:          1110616 kB
MemTotal:        1844596 kB
MemFree:          432652 kB
MemAvailable:    1521828 kB
Buffers:           86212 kB
Cached:          1110616 kB
MemTotal:        1844596 kB
MemFree:          433700 kB
MemAvailable:    1522880 kB
Buffers:           86212 kB
Cached:          1110620 kB
MemTotal:        1844596 kB
MemFree:          432660 kB
MemAvailable:    1521840 kB
Buffers:           86212 kB
Cached:          1110620 kB
MemTotal:        1844596 kB
MemFree:          432968 kB
MemAvailable:    1522148 kB
Buffers:           86212 kB
Cached:          1110620 kB
MemTotal:        1844596 kB
MemFree:          433304 kB
MemAvailable:    1522484 kB
Buffers:           86212 kB
Cached:          1110620 kB
MemTotal:        1844596 kB
MemFree:          433200 kB
MemAvailable:    1522380 kB
Buffers:           86212 kB
Cached:          1110620 kB
MemTotal:        1844596 kB
MemFree:          432528 kB
MemAvailable:    1521708 kB
Buffers:           86212 kB
Cached:          1110620 kB
MemTotal:        1844596 kB
MemFree:          432512 kB
MemAvailable:    1521692 kB
Buffers:           86212 kB
Cached:          1110620 kB
MemTotal:        1844596 kB
MemFree:          432848 kB
MemAvailable:    1522028 kB
Buffers:           86212 kB
Cached:          1110620 kB
MemTotal:        1844596 kB
MemFree:          432332 kB
MemAvailable:    1521512 kB
Buffers:           86212 kB
Cached:          1110620 kB
MemTotal:        1844596 kB
MemFree:          431776 kB
MemAvailable:    1520956 kB
Buffers:           86212 kB
Cached:          1110620 kB
MemTotal:        1844596 kB
MemFree:          431776 kB
MemAvailable:    1520956 kB
Buffers:           86212 kB
Cached:          1110620 kB
MemTotal:        1844596 kB
MemFree:          431512 kB
MemAvailable:    1520692 kB
Buffers:           86212 kB
Cached:          1110620 kB
MemTotal:        1844596 kB
MemFree:          431764 kB
MemAvailable:    1520944 kB
Buffers:           86212 kB
Cached:          1110620 kB
MemTotal:        1844596 kB
MemFree:          430148 kB
MemAvailable:    1519328 kB
Buffers:           86212 kB
Cached:          1110620 kB
MemTotal:        1844596 kB
MemFree:          430420 kB
MemAvailable:    1519600 kB
Buffers:           86212 kB
Cached:          1110620 kB
MemTotal:        1844596 kB
MemFree:          430660 kB
MemAvailable:    1519840 kB
Buffers:           86212 kB
Cached:          1110620 kB
MemTotal:        1844596 kB
MemFree:          430744 kB
MemAvailable:    1519924 kB
Buffers:           86212 kB
Cached:          1110620 kB
MemTotal:        1844596 kB
MemFree:          429380 kB
MemAvailable:    1518560 kB
Buffers:           86212 kB
Cached:          1110620 kB
MemTotal:        1844596 kB
MemFree:          430496 kB
MemAvailable:    1519676 kB
Buffers:           86212 kB
Cached:          1110620 kB
MemTotal:        1844596 kB
MemFree:          429792 kB
MemAvailable:    1518972 kB
Buffers:           86212 kB
Cached:          1110620 kB
MemTotal:        1844596 kB
MemFree:          431084 kB
MemAvailable:    1520264 kB
Buffers:           86212 kB
Cached:          1110620 kB
MemTotal:        1844596 kB
MemFree:          429924 kB
MemAvailable:    1519104 kB
Buffers:           86212 kB
Cached:          1110620 kB
MemTotal:        1844596 kB
MemFree:          430968 kB
MemAvailable:    1520148 kB
Buffers:           86212 kB
Cached:          1110620 kB
MemTotal:        1844596 kB
MemFree:          429676 kB
MemAvailable:    1518856 kB
Buffers:           86212 kB
Cached:          1110620 kB
MemTotal:        1844596 kB
MemFree:          429180 kB
MemAvailable:    1518360 kB
Buffers:           86212 kB
Cached:          1110620 kB
MemTotal:        1844596 kB
MemFree:          430288 kB
MemAvailable:    1519468 kB
Buffers:           86212 kB
Cached:          1110620 kB
MemTotal:        1844596 kB
MemFree:          429056 kB
MemAvailable:    1518236 kB
Buffers:           86212 kB
Cached:          1110620 kB
MemTotal:        1844596 kB
MemFree:          426328 kB
MemAvailable:    1515508 kB
Buffers:           86212 kB
Cached:          1110620 kB
MemTotal:        1844596 kB
MemFree:          423096 kB
MemAvailable:    1512276 kB
Buffers:           86212 kB
Cached:          1110620 kB
MemTotal:        1844596 kB
MemFree:          423096 kB
MemAvailable:    1512276 kB
Buffers:           86212 kB
Cached:          1110620 kB
MemTotal:        1844596 kB
MemFree:          420128 kB
MemAvailable:    1509308 kB
Buffers:           86212 kB
Cached:          1110620 kB
MemTotal:        1844596 kB
MemFree:          420808 kB
MemAvailable:    1509988 kB
Buffers:           86212 kB
Cached:          1110620 kB
MemTotal:        1844596 kB
MemFree:          420776 kB
MemAvailable:    1509956 kB
Buffers:           86212 kB
Cached:          1110620 kB
MemTotal:        1844596 kB
MemFree:          419764 kB
MemAvailable:    1508944 kB
Buffers:           86212 kB
Cached:          1110620 kB
MemTotal:        1844596 kB
MemFree:          420404 kB
MemAvailable:    1509588 kB
Buffers:           86212 kB
Cached:          1110624 kB
MemTotal:        1844596 kB
MemFree:          420196 kB
MemAvailable:    1509380 kB
Buffers:           86212 kB
Cached:          1110624 kB
MemTotal:        1844596 kB
MemFree:          419128 kB
MemAvailable:    1508312 kB
Buffers:           86212 kB
Cached:          1110624 kB
MemTotal:        1844596 kB
MemFree:          419004 kB
MemAvailable:    1508188 kB
Buffers:           86212 kB
Cached:          1110624 kB
MemTotal:        1844596 kB
MemFree:          418144 kB
MemAvailable:    1507328 kB
Buffers:           86212 kB
Cached:          1110624 kB
MemTotal:        1844596 kB
MemFree:          418136 kB
MemAvailable:    1507320 kB
Buffers:           86212 kB
Cached:          1110624 kB
MemTotal:        1844596 kB
MemFree:          417772 kB
MemAvailable:    1506956 kB
Buffers:           86212 kB
Cached:          1110624 kB
MemTotal:        1844596 kB
MemFree:          419192 kB
MemAvailable:    1508376 kB
Buffers:           86212 kB
Cached:          1110624 kB
MemTotal:        1844596 kB
MemFree:          418400 kB
MemAvailable:    1507584 kB
Buffers:           86212 kB
Cached:          1110624 kB
MemTotal:        1844596 kB
MemFree:          418776 kB
MemAvailable:    1507960 kB
Buffers:           86212 kB
Cached:          1110624 kB
MemTotal:        1844596 kB
MemFree:          418688 kB
MemAvailable:    1507872 kB
Buffers:           86212 kB
Cached:          1110624 kB
MemTotal:        1844596 kB
MemFree:          418608 kB
MemAvailable:    1507792 kB
Buffers:           86212 kB
Cached:          1110624 kB
MemTotal:        1844596 kB
MemFree:          418608 kB
MemAvailable:    1507792 kB
Buffers:           86212 kB
Cached:          1110624 kB
MemTotal:        1844596 kB
MemFree:          418752 kB
MemAvailable:    1507936 kB
Buffers:           86212 kB
Cached:          1110624 kB
MemTotal:        1844596 kB
MemFree:          418640 kB
MemAvailable:    1507824 kB
Buffers:           86212 kB
Cached:          1110624 kB
MemTotal:        1844596 kB
MemFree:          418560 kB
MemAvailable:    1507744 kB
Buffers:           86212 kB
Cached:          1110624 kB
MemTotal:        1844596 kB
MemFree:          418560 kB
MemAvailable:    1507744 kB
Buffers:           86212 kB
Cached:          1110624 kB
MemTotal:        1844596 kB
MemFree:          417400 kB
MemAvailable:    1506584 kB
Buffers:           86212 kB
Cached:          1110624 kB
MemTotal:        1844596 kB
MemFree:          417484 kB
MemAvailable:    1506668 kB
Buffers:           86212 kB
Cached:          1110624 kB
MemTotal:        1844596 kB
MemFree:          417648 kB
MemAvailable:    1506832 kB
Buffers:           86212 kB
Cached:          1110624 kB
MemTotal:        1844596 kB
MemFree:          419104 kB
MemAvailable:    1508288 kB
Buffers:           86212 kB
Cached:          1110624 kB
MemTotal:        1844596 kB
MemFree:          418212 kB
MemAvailable:    1507396 kB
Buffers:           86212 kB
Cached:          1110624 kB
MemTotal:        1844596 kB
MemFree:          417284 kB
MemAvailable:    1506468 kB
Buffers:           86212 kB
Cached:          1110624 kB
MemTotal:        1844596 kB
MemFree:          414168 kB
MemAvailable:    1503352 kB
Buffers:           86212 kB
Cached:          1110624 kB
MemTotal:        1844596 kB
MemFree:          414168 kB
MemAvailable:    1503352 kB
Buffers:           86212 kB
Cached:          1110624 kB
MemTotal:        1844596 kB
MemFree:          410268 kB
MemAvailable:    1499452 kB
Buffers:           86212 kB
Cached:          1110624 kB
MemTotal:        1844596 kB
MemFree:          406860 kB
MemAvailable:    1496044 kB
Buffers:           86212 kB
Cached:          1110624 kB
MemTotal:        1844596 kB
MemFree:          406860 kB
MemAvailable:    1496044 kB
Buffers:           86212 kB
Cached:          1110624 kB
MemTotal:        1844596 kB
MemFree:          406432 kB
MemAvailable:    1495616 kB
Buffers:           86212 kB
Cached:          1110624 kB
MemTotal:        1844596 kB
MemFree:          406768 kB
MemAvailable:    1495952 kB
Buffers:           86212 kB
Cached:          1110624 kB
MemTotal:        1844596 kB
MemFree:          406796 kB
MemAvailable:    1495980 kB
Buffers:           86212 kB
Cached:          1110624 kB
MemTotal:        1844596 kB
MemFree:          405372 kB
MemAvailable:    1494556 kB
Buffers:           86212 kB
Cached:          1110624 kB
MemTotal:        1844596 kB
MemFree:          405380 kB
MemAvailable:    1494564 kB
Buffers:           86212 kB
Cached:          1110624 kB
MemTotal:        1844596 kB
MemFree:          405380 kB
MemAvailable:    1494564 kB
Buffers:           86212 kB
Cached:          1110624 kB
MemTotal:        1844596 kB
MemFree:          406488 kB
MemAvailable:    1495672 kB
Buffers:           86212 kB
Cached:          1110624 kB
MemTotal:        1844596 kB
MemFree:          406488 kB
MemAvailable:    1495672 kB
Buffers:           86212 kB
Cached:          1110624 kB
MemTotal:        1844596 kB
MemFree:          406108 kB
MemAvailable:    1495292 kB
Buffers:           86212 kB
Cached:          1110624 kB
MemTotal:        1844596 kB
MemFree:          406364 kB
MemAvailable:    1495548 kB
Buffers:           86212 kB
Cached:          1110624 kB
MemTotal:        1844596 kB
MemFree:          406060 kB
MemAvailable:    1495244 kB
Buffers:           86212 kB
Cached:          1110624 kB
MemTotal:        1844596 kB
MemFree:          405620 kB
MemAvailable:    1494804 kB
Buffers:           86212 kB
Cached:          1110624 kB
MemTotal:        1844596 kB
MemFree:          405800 kB
MemAvailable:    1494984 kB
Buffers:           86212 kB
Cached:          1110624 kB
MemTotal:        1844596 kB
MemFree:          406136 kB
MemAvailable:    1495320 kB
Buffers:           86212 kB
Cached:          1110624 kB
MemTotal:        1844596 kB
MemFree:          405984 kB
MemAvailable:    1495168 kB
Buffers:           86212 kB
Cached:          1110624 kB
MemTotal:        1844596 kB
MemFree:          405984 kB
MemAvailable:    1495168 kB
Buffers:           86212 kB
Cached:          1110624 kB
MemTotal:        1844596 kB
MemFree:          406164 kB
MemAvailable:    1495348 kB
Buffers:           86212 kB
Cached:          1110624 kB
MemTotal:        1844596 kB
MemFree:          404988 kB
MemAvailable:    1494172 kB
Buffers:           86212 kB
Cached:          1110624 kB
MemTotal:        1844596 kB
MemFree:          406124 kB
MemAvailable:    1495308 kB
Buffers:           86212 kB
Cached:          1110624 kB
MemTotal:        1844596 kB
MemFree:          406160 kB
MemAvailable:    1495344 kB
Buffers:           86212 kB
Cached:          1110624 kB
MemTotal:        1844596 kB
MemFree:          405860 kB
MemAvailable:    1495044 kB
Buffers:           86212 kB
Cached:          1110624 kB
MemTotal:        1844596 kB
MemFree:          405860 kB
MemAvailable:    1495044 kB
Buffers:           86212 kB
Cached:          1110624 kB
MemTotal:        1844596 kB
MemFree:          405996 kB
MemAvailable:    1495180 kB
Buffers:           86212 kB
Cached:          1110624 kB
MemTotal:        1844596 kB
MemFree:          406112 kB
MemAvailable:    1495296 kB
Buffers:           86212 kB
Cached:          1110624 kB
MemTotal:        1844596 kB
MemFree:          405940 kB
MemAvailable:    1495124 kB
Buffers:           86212 kB
Cached:          1110624 kB
MemTotal:        1844596 kB
MemFree:          405752 kB
MemAvailable:    1494936 kB
Buffers:           86212 kB
Cached:          1110624 kB
MemTotal:        1844596 kB
MemFree:          405980 kB
MemAvailable:    1495164 kB
Buffers:           86212 kB
Cached:          1110624 kB
MemTotal:        1844596 kB
MemFree:          406236 kB
MemAvailable:    1495420 kB
Buffers:           86212 kB
Cached:          1110624 kB
MemTotal:        1844596 kB
MemFree:          405992 kB
MemAvailable:    1495176 kB
Buffers:           86212 kB
Cached:          1110624 kB
MemTotal:        1844596 kB
MemFree:          406184 kB
MemAvailable:    1495368 kB
Buffers:           86212 kB
Cached:          1110624 kB
MemTotal:        1844596 kB
MemFree:          405504 kB
MemAvailable:    1494688 kB
Buffers:           86212 kB
Cached:          1110624 kB
MemTotal:        1844596 kB
MemFree:          402272 kB
MemAvailable:    1491456 kB
Buffers:           86212 kB
Cached:          1110624 kB
MemTotal:        1844596 kB
MemFree:          401164 kB
MemAvailable:    1490348 kB
Buffers:           86212 kB
Cached:          1110624 kB
MemTotal:        1844596 kB
MemFree:          395956 kB
MemAvailable:    1485140 kB
Buffers:           86212 kB
Cached:          1110624 kB
MemTotal:        1844596 kB
MemFree:          394592 kB
MemAvailable:    1483776 kB
Buffers:           86212 kB
Cached:          1110624 kB
MemTotal:        1844596 kB
MemFree:          395892 kB
MemAvailable:    1485076 kB
Buffers:           86212 kB
Cached:          1110624 kB
MemTotal:        1844596 kB
MemFree:          394832 kB
MemAvailable:    1484016 kB
Buffers:           86212 kB
Cached:          1110624 kB
MemTotal:        1844596 kB
MemFree:          395424 kB
MemAvailable:    1484608 kB
Buffers:           86212 kB
Cached:          1110624 kB
MemTotal:        1844596 kB
MemFree:          395760 kB
MemAvailable:    1484944 kB
Buffers:           86212 kB
Cached:          1110624 kB
MemTotal:        1844596 kB
MemFree:          395568 kB
MemAvailable:    1484752 kB
Buffers:           86212 kB
Cached:          1110624 kB
MemTotal:        1844596 kB
MemFree:          395820 kB
MemAvailable:    1485004 kB
Buffers:           86212 kB
Cached:          1110624 kB
MemTotal:        1844596 kB
MemFree:          395388 kB
MemAvailable:    1484572 kB
Buffers:           86212 kB
Cached:          1110624 kB
MemTotal:        1844596 kB
MemFree:          395724 kB
MemAvailable:    1484908 kB
Buffers:           86212 kB
Cached:          1110624 kB
MemTotal:        1844596 kB
MemFree:          395508 kB
MemAvailable:    1484692 kB
Buffers:           86212 kB
Cached:          1110624 kB
MemTotal:        1844596 kB
MemFree:          395760 kB
MemAvailable:    1484944 kB
Buffers:           86212 kB
Cached:          1110624 kB
MemTotal:        1844596 kB
MemFree:          395748 kB
MemAvailable:    1484932 kB
Buffers:           86212 kB
Cached:          1110624 kB
MemTotal:        1844596 kB
MemFree:          395708 kB
MemAvailable:    1484892 kB
Buffers:           86212 kB
Cached:          1110624 kB
MemTotal:        1844596 kB
MemFree:          395080 kB
MemAvailable:    1484264 kB
Buffers:           86212 kB
Cached:          1110624 kB
MemTotal:        1844596 kB
MemFree:          395256 kB
MemAvailable:    1484440 kB
Buffers:           86212 kB
Cached:          1110624 kB
MemTotal:        1844596 kB
MemFree:          395256 kB
MemAvailable:    1484440 kB
Buffers:           86212 kB
Cached:          1110624 kB
MemTotal:        1844596 kB
MemFree:          394460 kB
MemAvailable:    1483644 kB
Buffers:           86212 kB
Cached:          1110624 kB
MemTotal:        1844596 kB
MemFree:          394104 kB
MemAvailable:    1483288 kB
Buffers:           86212 kB
Cached:          1110624 kB
MemTotal:        1844596 kB
MemFree:          393652 kB
MemAvailable:    1482836 kB
Buffers:           86212 kB
Cached:          1110624 kB
MemTotal:        1844596 kB
MemFree:          393528 kB
MemAvailable:    1482712 kB
Buffers:           86212 kB
Cached:          1110624 kB
MemTotal:        1844596 kB
MemFree:          392980 kB
MemAvailable:    1482164 kB
Buffers:           86212 kB
Cached:          1110624 kB
MemTotal:        1844596 kB
MemFree:          393200 kB
MemAvailable:    1482384 kB
Buffers:           86212 kB
Cached:          1110624 kB
MemTotal:        1844596 kB
MemFree:          393536 kB
MemAvailable:    1482720 kB
Buffers:           86212 kB
Cached:          1110624 kB
MemTotal:        1844596 kB
MemFree:          393212 kB
MemAvailable:    1482396 kB
Buffers:           86212 kB
Cached:          1110624 kB
MemTotal:        1844596 kB
MemFree:          393552 kB
MemAvailable:    1482736 kB
Buffers:           86212 kB
Cached:          1110624 kB
MemTotal:        1844596 kB
MemFree:          393516 kB
MemAvailable:    1482700 kB
Buffers:           86212 kB
Cached:          1110624 kB
MemTotal:        1844596 kB
MemFree:          392340 kB
MemAvailable:    1481524 kB
Buffers:           86212 kB
Cached:          1110624 kB
MemTotal:        1844596 kB
MemFree:          392300 kB
MemAvailable:    1481484 kB
Buffers:           86212 kB
Cached:          1110624 kB
MemTotal:        1844596 kB
MemFree:          393584 kB
MemAvailable:    1482768 kB
Buffers:           86212 kB
Cached:          1110624 kB
MemTotal:        1844596 kB
MemFree:          392864 kB
MemAvailable:    1482048 kB
Buffers:           86212 kB
Cached:          1110624 kB
MemTotal:        1844596 kB
MemFree:          393656 kB
MemAvailable:    1482848 kB
Buffers:           86212 kB
Cached:          1110632 kB
MemTotal:        1844596 kB
MemFree:          393676 kB
MemAvailable:    1482868 kB
Buffers:           86212 kB
Cached:          1110632 kB
MemTotal:        1844596 kB
MemFree:          393488 kB
MemAvailable:    1482684 kB
Buffers:           86212 kB
Cached:          1110636 kB
MemTotal:        1844596 kB
MemFree:          393352 kB
MemAvailable:    1482548 kB
Buffers:           86212 kB
Cached:          1110636 kB
MemTotal:        1844596 kB
MemFree:          393380 kB
MemAvailable:    1482576 kB
Buffers:           86212 kB
Cached:          1110636 kB
MemTotal:        1844596 kB
MemFree:          393380 kB
MemAvailable:    1482576 kB
Buffers:           86212 kB
Cached:          1110636 kB
MemTotal:        1844596 kB
MemFree:          393156 kB
MemAvailable:    1482352 kB
Buffers:           86212 kB
Cached:          1110636 kB
MemTotal:        1844596 kB
MemFree:          393492 kB
MemAvailable:    1482688 kB
Buffers:           86212 kB
Cached:          1110636 kB
MemTotal:        1844596 kB
MemFree:          391916 kB
MemAvailable:    1481112 kB
Buffers:           86212 kB
Cached:          1110636 kB
MemTotal:        1844596 kB
MemFree:          392340 kB
MemAvailable:    1481536 kB
Buffers:           86212 kB
Cached:          1110636 kB
MemTotal:        1844596 kB
MemFree:          392168 kB
MemAvailable:    1481364 kB
Buffers:           86212 kB
Cached:          1110636 kB
MemTotal:        1844596 kB
MemFree:          393464 kB
MemAvailable:    1482660 kB
Buffers:           86212 kB
Cached:          1110636 kB
MemTotal:        1844596 kB
MemFree:          393260 kB
MemAvailable:    1482456 kB
Buffers:           86212 kB
Cached:          1110636 kB
MemTotal:        1844596 kB
MemFree:          393600 kB
MemAvailable:    1482796 kB
Buffers:           86212 kB
Cached:          1110636 kB
MemTotal:        1844596 kB
MemFree:          392180 kB
MemAvailable:    1481376 kB
Buffers:           86212 kB
Cached:          1110636 kB
MemTotal:        1844596 kB
MemFree:          390996 kB
MemAvailable:    1480192 kB
Buffers:           86212 kB
Cached:          1110636 kB
MemTotal:        1844596 kB
MemFree:          387896 kB
MemAvailable:    1477092 kB
Buffers:           86212 kB
Cached:          1110636 kB
MemTotal:        1844596 kB
MemFree:          383432 kB
MemAvailable:    1472628 kB
Buffers:           86212 kB
Cached:          1110636 kB
MemTotal:        1844596 kB
MemFree:          381384 kB
MemAvailable:    1470580 kB
Buffers:           86212 kB
Cached:          1110636 kB
MemTotal:        1844596 kB
MemFree:          379712 kB
MemAvailable:    1468908 kB
Buffers:           86212 kB
Cached:          1110636 kB
MemTotal:        1844596 kB
MemFree:          379712 kB
MemAvailable:    1468908 kB
Buffers:           86212 kB
Cached:          1110636 kB
MemTotal:        1844596 kB
MemFree:          380580 kB
MemAvailable:    1469776 kB
Buffers:           86212 kB
Cached:          1110636 kB
MemTotal:        1844596 kB
MemFree:          379464 kB
MemAvailable:    1468660 kB
Buffers:           86212 kB
Cached:          1110636 kB
MemTotal:        1844596 kB
MemFree:          380696 kB
MemAvailable:    1469892 kB
Buffers:           86212 kB
Cached:          1110636 kB
MemTotal:        1844596 kB
MemFree:          379208 kB
MemAvailable:    1468404 kB
Buffers:           86212 kB
Cached:          1110636 kB
MemTotal:        1844596 kB
MemFree:          380508 kB
MemAvailable:    1469704 kB
Buffers:           86212 kB
Cached:          1110636 kB
MemTotal:        1844596 kB
MemFree:          380200 kB
MemAvailable:    1469396 kB
Buffers:           86212 kB
Cached:          1110636 kB
MemTotal:        1844596 kB
MemFree:          380284 kB
MemAvailable:    1469480 kB
Buffers:           86212 kB
Cached:          1110636 kB
MemTotal:        1844596 kB
MemFree:          380088 kB
MemAvailable:    1469284 kB
Buffers:           86212 kB
Cached:          1110636 kB
MemTotal:        1844596 kB
MemFree:          380024 kB
MemAvailable:    1469220 kB
Buffers:           86212 kB
Cached:          1110636 kB
MemTotal:        1844596 kB
MemFree:          380024 kB
MemAvailable:    1469220 kB
Buffers:           86212 kB
Cached:          1110636 kB
MemTotal:        1844596 kB
MemFree:          378712 kB
MemAvailable:    1467908 kB
Buffers:           86212 kB
Cached:          1110636 kB
MemTotal:        1844596 kB
MemFree:          379092 kB
MemAvailable:    1468288 kB
Buffers:           86212 kB
Cached:          1110636 kB
MemTotal:        1844596 kB
MemFree:          378920 kB
MemAvailable:    1468116 kB
Buffers:           86212 kB
Cached:          1110636 kB
MemTotal:        1844596 kB
MemFree:          378796 kB
MemAvailable:    1467992 kB
Buffers:           86212 kB
Cached:          1110636 kB
MemTotal:        1844596 kB
MemFree:          378956 kB
MemAvailable:    1468152 kB
Buffers:           86212 kB
Cached:          1110636 kB
MemTotal:        1844596 kB
MemFree:          380068 kB
MemAvailable:    1469264 kB
Buffers:           86212 kB
Cached:          1110636 kB
MemTotal:        1844596 kB
MemFree:          380084 kB
MemAvailable:    1469280 kB
Buffers:           86212 kB
Cached:          1110636 kB
MemTotal:        1844596 kB
MemFree:          380124 kB
MemAvailable:    1469320 kB
Buffers:           86212 kB
Cached:          1110636 kB
MemTotal:        1844596 kB
MemFree:          380084 kB
MemAvailable:    1469280 kB
Buffers:           86212 kB
Cached:          1110636 kB
MemTotal:        1844596 kB
MemFree:          378908 kB
MemAvailable:    1468104 kB
Buffers:           86212 kB
Cached:          1110636 kB
MemTotal:        1844596 kB
MemFree:          378908 kB
MemAvailable:    1468104 kB
Buffers:           86212 kB
Cached:          1110636 kB
MemTotal:        1844596 kB
MemFree:          378776 kB
MemAvailable:    1467972 kB
Buffers:           86212 kB
Cached:          1110636 kB
MemTotal:        1844596 kB
MemFree:          379596 kB
MemAvailable:    1468792 kB
Buffers:           86212 kB
Cached:          1110636 kB
MemTotal:        1844596 kB
MemFree:          380136 kB
MemAvailable:    1469332 kB
Buffers:           86212 kB
Cached:          1110636 kB
MemTotal:        1844596 kB
MemFree:          378960 kB
MemAvailable:    1468156 kB
Buffers:           86212 kB
Cached:          1110636 kB
MemTotal:        1844596 kB
MemFree:          379572 kB
MemAvailable:    1468768 kB
Buffers:           86212 kB
Cached:          1110636 kB
MemTotal:        1844596 kB
MemFree:          379572 kB
MemAvailable:    1468768 kB
Buffers:           86212 kB
Cached:          1110636 kB
MemTotal:        1844596 kB
MemFree:          378084 kB
MemAvailable:    1467280 kB
Buffers:           86212 kB
Cached:          1110636 kB
MemTotal:        1844596 kB
MemFree:          379384 kB
MemAvailable:    1468580 kB
Buffers:           86212 kB
Cached:          1110636 kB
MemTotal:        1844596 kB
MemFree:          378208 kB
MemAvailable:    1467404 kB
Buffers:           86212 kB
Cached:          1110636 kB
MemTotal:        1844596 kB
MemFree:          379376 kB
MemAvailable:    1468572 kB
Buffers:           86212 kB
Cached:          1110636 kB
MemTotal:        1844596 kB
MemFree:          378208 kB
MemAvailable:    1467404 kB
Buffers:           86212 kB
Cached:          1110636 kB
MemTotal:        1844596 kB
MemFree:          379400 kB
MemAvailable:    1468596 kB
Buffers:           86212 kB
Cached:          1110636 kB
MemTotal:        1844596 kB
MemFree:          375612 kB
MemAvailable:    1464808 kB
Buffers:           86212 kB
Cached:          1110636 kB
MemTotal:        1844596 kB
MemFree:          372272 kB
MemAvailable:    1461468 kB
Buffers:           86212 kB
Cached:          1110636 kB
MemTotal:        1844596 kB
MemFree:          372208 kB
MemAvailable:    1461404 kB
Buffers:           86212 kB
Cached:          1110636 kB
MemTotal:        1844596 kB
MemFree:          370720 kB
MemAvailable:    1459916 kB
Buffers:           86212 kB
Cached:          1110636 kB
MemTotal:        1844596 kB
MemFree:          369288 kB
MemAvailable:    1458484 kB
Buffers:           86212 kB
Cached:          1110636 kB
MemTotal:        1844596 kB
MemFree:          366816 kB
MemAvailable:    1456012 kB
Buffers:           86212 kB
Cached:          1110636 kB
MemTotal:        1844596 kB
MemFree:          366684 kB
MemAvailable:    1455880 kB
Buffers:           86212 kB
Cached:          1110636 kB
MemTotal:        1844596 kB
MemFree:          366628 kB
MemAvailable:    1455824 kB
Buffers:           86212 kB
Cached:          1110636 kB
MemTotal:        1844596 kB
MemFree:          365280 kB
MemAvailable:    1454476 kB
Buffers:           86212 kB
Cached:          1110636 kB
MemTotal:        1844596 kB
MemFree:          365272 kB
MemAvailable:    1454468 kB
Buffers:           86212 kB
Cached:          1110636 kB
MemTotal:        1844596 kB
MemFree:          365024 kB
MemAvailable:    1454220 kB
Buffers:           86212 kB
Cached:          1110636 kB
MemTotal:        1844596 kB
MemFree:          365316 kB
MemAvailable:    1454512 kB
Buffers:           86212 kB
Cached:          1110636 kB
MemTotal:        1844596 kB
MemFree:          366500 kB
MemAvailable:    1455696 kB
Buffers:           86212 kB
Cached:          1110636 kB
MemTotal:        1844596 kB
MemFree:          366500 kB
MemAvailable:    1455696 kB
Buffers:           86212 kB
Cached:          1110636 kB
MemTotal:        1844596 kB
MemFree:          366480 kB
MemAvailable:    1455676 kB
Buffers:           86212 kB
Cached:          1110636 kB
MemTotal:        1844596 kB
MemFree:          366276 kB
MemAvailable:    1455472 kB
Buffers:           86212 kB
Cached:          1110636 kB
MemTotal:        1844596 kB
MemFree:          366528 kB
MemAvailable:    1455724 kB
Buffers:           86212 kB
Cached:          1110636 kB
MemTotal:        1844596 kB
MemFree:          366484 kB
MemAvailable:    1455680 kB
Buffers:           86212 kB
Cached:          1110636 kB
MemTotal:        1844596 kB
MemFree:          366244 kB
MemAvailable:    1455440 kB
Buffers:           86212 kB
Cached:          1110636 kB
MemTotal:        1844596 kB
MemFree:          366496 kB
MemAvailable:    1455692 kB
Buffers:           86212 kB
Cached:          1110636 kB
MemTotal:        1844596 kB
MemFree:          366240 kB
MemAvailable:    1455440 kB
Buffers:           86212 kB
Cached:          1110640 kB
MemTotal:        1844596 kB
MemFree:          366320 kB
MemAvailable:    1455520 kB
Buffers:           86212 kB
Cached:          1110640 kB
MemTotal:        1844596 kB
MemFree:          365024 kB
MemAvailable:    1454228 kB
Buffers:           86212 kB
Cached:          1110644 kB
MemTotal:        1844596 kB
MemFree:          365148 kB
MemAvailable:    1454352 kB
Buffers:           86212 kB
Cached:          1110644 kB
MemTotal:        1844596 kB
MemFree:          366460 kB
MemAvailable:    1455664 kB
Buffers:           86212 kB
Cached:          1110644 kB
MemTotal:        1844596 kB
MemFree:          366508 kB
MemAvailable:    1455712 kB
Buffers:           86212 kB
Cached:          1110644 kB
MemTotal:        1844596 kB
MemFree:          365180 kB
MemAvailable:    1454384 kB
Buffers:           86212 kB
Cached:          1110644 kB
MemTotal:        1844596 kB
MemFree:          365008 kB
MemAvailable:    1454212 kB
Buffers:           86212 kB
Cached:          1110644 kB
MemTotal:        1844596 kB
MemFree:          365824 kB
MemAvailable:    1455028 kB
Buffers:           86212 kB
Cached:          1110644 kB
MemTotal:        1844596 kB
MemFree:          365068 kB
MemAvailable:    1454272 kB
Buffers:           86212 kB
Cached:          1110644 kB
MemTotal:        1844596 kB
MemFree:          366304 kB
MemAvailable:    1455508 kB
Buffers:           86212 kB
Cached:          1110644 kB
MemTotal:        1844596 kB
MemFree:          366432 kB
MemAvailable:    1455636 kB
Buffers:           86212 kB
Cached:          1110644 kB
MemTotal:        1844596 kB
MemFree:          366192 kB
MemAvailable:    1455396 kB
Buffers:           86212 kB
Cached:          1110644 kB
MemTotal:        1844596 kB
MemFree:          366492 kB
MemAvailable:    1455696 kB
Buffers:           86212 kB
Cached:          1110644 kB
MemTotal:        1844596 kB
MemFree:          365140 kB
MemAvailable:    1454344 kB
Buffers:           86212 kB
Cached:          1110644 kB
MemTotal:        1844596 kB
MemFree:          366180 kB
MemAvailable:    1455384 kB
Buffers:           86212 kB
Cached:          1110644 kB
MemTotal:        1844596 kB
MemFree:          366432 kB
MemAvailable:    1455636 kB
Buffers:           86212 kB
Cached:          1110644 kB
MemTotal:        1844596 kB
MemFree:          366192 kB
MemAvailable:    1455396 kB
Buffers:           86212 kB
Cached:          1110644 kB
MemTotal:        1844596 kB
MemFree:          365148 kB
MemAvailable:    1454352 kB
Buffers:           86212 kB
Cached:          1110644 kB
MemTotal:        1844596 kB
MemFree:          365068 kB
MemAvailable:    1454272 kB
Buffers:           86212 kB
Cached:          1110644 kB
MemTotal:        1844596 kB
MemFree:          366384 kB
MemAvailable:    1455588 kB
Buffers:           86212 kB
Cached:          1110644 kB
MemTotal:        1844596 kB
MemFree:          365080 kB
MemAvailable:    1454284 kB
Buffers:           86212 kB
Cached:          1110644 kB
MemTotal:        1844596 kB
MemFree:          366396 kB
MemAvailable:    1455600 kB
Buffers:           86212 kB
Cached:          1110644 kB
MemTotal:        1844596 kB
MemFree:          364908 kB
MemAvailable:    1454112 kB
Buffers:           86212 kB
Cached:          1110644 kB
MemTotal:        1844596 kB
MemFree:          365280 kB
MemAvailable:    1454484 kB
Buffers:           86212 kB
Cached:          1110644 kB
MemTotal:        1844596 kB
MemFree:          366304 kB
MemAvailable:    1455508 kB
Buffers:           86212 kB
Cached:          1110644 kB
MemTotal:        1844596 kB
MemFree:          366072 kB
MemAvailable:    1455276 kB
Buffers:           86212 kB
Cached:          1110644 kB
MemTotal:        1844596 kB
MemFree:          366192 kB
MemAvailable:    1455396 kB
Buffers:           86212 kB
Cached:          1110644 kB
MemTotal:        1844596 kB
MemFree:          366508 kB
MemAvailable:    1455712 kB
Buffers:           86212 kB
Cached:          1110644 kB
MemTotal:        1844596 kB
MemFree:          366188 kB
MemAvailable:    1455392 kB
Buffers:           86212 kB
Cached:          1110644 kB
MemTotal:        1844596 kB
MemFree:          366528 kB
MemAvailable:    1455732 kB
Buffers:           86212 kB
Cached:          1110644 kB
MemTotal:        1844596 kB
MemFree:          365032 kB
MemAvailable:    1454236 kB
Buffers:           86212 kB
Cached:          1110644 kB
MemTotal:        1844596 kB
MemFree:          366272 kB
MemAvailable:    1455476 kB
Buffers:           86212 kB
Cached:          1110644 kB
MemTotal:        1844596 kB
MemFree:          365700 kB
MemAvailable:    1454904 kB
Buffers:           86212 kB
Cached:          1110644 kB
MemTotal:        1844596 kB
MemFree:          365068 kB
MemAvailable:    1454272 kB
Buffers:           86212 kB
Cached:          1110644 kB
MemTotal:        1844596 kB
MemFree:          366236 kB
MemAvailable:    1455440 kB
Buffers:           86212 kB
Cached:          1110644 kB
MemTotal:        1844596 kB
MemFree:          363404 kB
MemAvailable:    1452608 kB
Buffers:           86212 kB
Cached:          1110644 kB
MemTotal:        1844596 kB
MemFree:          364876 kB
MemAvailable:    1454080 kB
Buffers:           86212 kB
Cached:          1110644 kB
MemTotal:        1844596 kB
MemFree:          366008 kB
MemAvailable:    1455212 kB
Buffers:           86212 kB
Cached:          1110644 kB
MemTotal:        1844596 kB
MemFree:          363220 kB
MemAvailable:    1452424 kB
Buffers:           86212 kB
Cached:          1110644 kB
MemTotal:        1844596 kB
MemFree:          360740 kB
MemAvailable:    1449944 kB
Buffers:           86212 kB
Cached:          1110644 kB
MemTotal:        1844596 kB
MemFree:          360484 kB
MemAvailable:    1449688 kB
Buffers:           86212 kB
Cached:          1110644 kB
MemTotal:        1844596 kB
MemFree:          361600 kB
MemAvailable:    1450804 kB
Buffers:           86212 kB
Cached:          1110644 kB
MemTotal:        1844596 kB
MemFree:          360368 kB
MemAvailable:    1449572 kB
Buffers:           86212 kB
Cached:          1110644 kB
MemTotal:        1844596 kB
MemFree:          360120 kB
MemAvailable:    1449324 kB
Buffers:           86212 kB
Cached:          1110644 kB
MemTotal:        1844596 kB
MemFree:          359996 kB
MemAvailable:    1449200 kB
Buffers:           86212 kB
Cached:          1110644 kB
MemTotal:        1844596 kB
MemFree:          361040 kB
MemAvailable:    1450244 kB
Buffers:           86212 kB
Cached:          1110644 kB
MemTotal:        1844596 kB
MemFree:          359996 kB
MemAvailable:    1449076 kB
Buffers:           86212 kB
Cached:          1110644 kB
MemTotal:        1844596 kB
MemFree:          360600 kB
MemAvailable:    1449808 kB
Buffers:           86212 kB
Cached:          1110648 kB
MemTotal:        1844596 kB
MemFree:          360936 kB
MemAvailable:    1450144 kB
Buffers:           86212 kB
Cached:          1110648 kB
MemTotal:        1844596 kB
MemFree:          360732 kB
MemAvailable:    1449940 kB
Buffers:           86212 kB
Cached:          1110648 kB
MemTotal:        1844596 kB
MemFree:          360668 kB
MemAvailable:    1449876 kB
Buffers:           86212 kB
Cached:          1110648 kB
MemTotal:        1844596 kB
MemFree:          359236 kB
MemAvailable:    1448444 kB
Buffers:           86212 kB
Cached:          1110648 kB
MemTotal:        1844596 kB
MemFree:          360304 kB
MemAvailable:    1449512 kB
Buffers:           86212 kB
Cached:          1110648 kB
MemTotal:        1844596 kB
MemFree:          359376 kB
MemAvailable:    1448584 kB
Buffers:           86212 kB
Cached:          1110648 kB
MemTotal:        1844596 kB
MemFree:          360072 kB
MemAvailable:    1449284 kB
Buffers:           86212 kB
Cached:          1110652 kB
MemTotal:        1844596 kB
MemFree:          360004 kB
MemAvailable:    1449216 kB
Buffers:           86212 kB
Cached:          1110652 kB
MemTotal:        1844596 kB
MemFree:          360040 kB
MemAvailable:    1449252 kB
Buffers:           86212 kB
Cached:          1110652 kB
MemTotal:        1844596 kB
MemFree:          360296 kB
MemAvailable:    1449508 kB
Buffers:           86212 kB
Cached:          1110652 kB
MemTotal:        1844596 kB
MemFree:          360912 kB
MemAvailable:    1450124 kB
Buffers:           86212 kB
Cached:          1110652 kB
MemTotal:        1844596 kB
MemFree:          360920 kB
MemAvailable:    1450132 kB
Buffers:           86212 kB
Cached:          1110652 kB
MemTotal:        1844596 kB
MemFree:          360988 kB
MemAvailable:    1450200 kB
Buffers:           86212 kB
Cached:          1110652 kB
MemTotal:        1844596 kB
MemFree:          360940 kB
MemAvailable:    1450152 kB
Buffers:           86212 kB
Cached:          1110652 kB
MemTotal:        1844596 kB
MemFree:          360940 kB
MemAvailable:    1450152 kB
Buffers:           86212 kB
Cached:          1110652 kB
MemTotal:        1844596 kB
MemFree:          361064 kB
MemAvailable:    1450276 kB
Buffers:           86212 kB
Cached:          1110652 kB
MemTotal:        1844596 kB
MemFree:          362236 kB
MemAvailable:    1451448 kB
Buffers:           86212 kB
Cached:          1110652 kB
MemTotal:        1844596 kB
MemFree:          362164 kB
MemAvailable:    1451376 kB
Buffers:           86212 kB
Cached:          1110652 kB
MemTotal:        1844596 kB
MemFree:          362416 kB
MemAvailable:    1451628 kB
Buffers:           86212 kB
Cached:          1110652 kB
MemTotal:        1844596 kB
MemFree:          360988 kB
MemAvailable:    1450200 kB
Buffers:           86212 kB
Cached:          1110652 kB
MemTotal:        1844596 kB
MemFree:          361068 kB
MemAvailable:    1450280 kB
Buffers:           86212 kB
Cached:          1110652 kB
MemTotal:        1844596 kB
MemFree:          362300 kB
MemAvailable:    1451512 kB
Buffers:           86212 kB
Cached:          1110652 kB
MemTotal:        1844596 kB
MemFree:          360936 kB
MemAvailable:    1450152 kB
Buffers:           86212 kB
Cached:          1110656 kB
MemTotal:        1844596 kB
MemFree:          361112 kB
MemAvailable:    1450328 kB
Buffers:           86212 kB
Cached:          1110656 kB
MemTotal:        1844596 kB
MemFree:          361188 kB
MemAvailable:    1450404 kB
Buffers:           86212 kB
Cached:          1110656 kB
MemTotal:        1844596 kB
MemFree:          360940 kB
MemAvailable:    1450156 kB
Buffers:           86212 kB
Cached:          1110656 kB
MemTotal:        1844596 kB
MemFree:          362088 kB
MemAvailable:    1451304 kB
Buffers:           86212 kB
Cached:          1110656 kB
MemTotal:        1844596 kB
MemFree:          362424 kB
MemAvailable:    1451640 kB
Buffers:           86212 kB
Cached:          1110656 kB
MemTotal:        1844596 kB
MemFree:          361100 kB
MemAvailable:    1450316 kB
Buffers:           86212 kB
Cached:          1110656 kB
MemTotal:        1844596 kB
MemFree:          362208 kB
MemAvailable:    1451424 kB
Buffers:           86212 kB
Cached:          1110656 kB
MemTotal:        1844596 kB
MemFree:          362292 kB
MemAvailable:    1451508 kB
Buffers:           86212 kB
Cached:          1110656 kB
MemTotal:        1844596 kB
MemFree:          360244 kB
MemAvailable:    1449460 kB
Buffers:           86212 kB
Cached:          1110656 kB
MemTotal:        1844596 kB
MemFree:          358880 kB
MemAvailable:    1448096 kB
Buffers:           86212 kB
Cached:          1110656 kB
MemTotal:        1844596 kB
MemFree:          358880 kB
MemAvailable:    1448096 kB
Buffers:           86212 kB
Cached:          1110656 kB
MemTotal:        1844596 kB
MemFree:          358880 kB
MemAvailable:    1448096 kB
Buffers:           86212 kB
Cached:          1110656 kB
MemTotal:        1844596 kB
MemFree:          358880 kB
MemAvailable:    1448096 kB
Buffers:           86212 kB
Cached:          1110656 kB
MemTotal:        1844596 kB
MemFree:          360048 kB
MemAvailable:    1449264 kB
Buffers:           86212 kB
Cached:          1110656 kB
MemTotal:        1844596 kB
MemFree:          358872 kB
MemAvailable:    1448088 kB
Buffers:           86212 kB
Cached:          1110656 kB
MemTotal:        1844596 kB
MemFree:          359848 kB
MemAvailable:    1449064 kB
Buffers:           86212 kB
Cached:          1110656 kB
MemTotal:        1844596 kB
MemFree:          359252 kB
MemAvailable:    1448468 kB
Buffers:           86212 kB
Cached:          1110656 kB
MemTotal:        1844596 kB
MemFree:          358824 kB
MemAvailable:    1448040 kB
Buffers:           86212 kB
Cached:          1110656 kB
MemTotal:        1844596 kB
MemFree:          358576 kB
MemAvailable:    1447792 kB
Buffers:           86212 kB
Cached:          1110656 kB
MemTotal:        1844596 kB
MemFree:          359588 kB
MemAvailable:    1448804 kB
Buffers:           86212 kB
Cached:          1110656 kB
MemTotal:        1844596 kB
MemFree:          359076 kB
MemAvailable:    1448292 kB
Buffers:           86212 kB
Cached:          1110656 kB
MemTotal:        1844596 kB
MemFree:          359652 kB
MemAvailable:    1448872 kB
Buffers:           86212 kB
Cached:          1110660 kB
MemTotal:        1844596 kB
MemFree:          359996 kB
MemAvailable:    1449216 kB
Buffers:           86212 kB
Cached:          1110660 kB
MemTotal:        1844596 kB
MemFree:          358620 kB
MemAvailable:    1447840 kB
Buffers:           86212 kB
Cached:          1110660 kB
MemTotal:        1844596 kB
MemFree:          359920 kB
MemAvailable:    1449140 kB
Buffers:           86212 kB
Cached:          1110660 kB
MemTotal:        1844596 kB
MemFree:          359128 kB
MemAvailable:    1448348 kB
Buffers:           86212 kB
Cached:          1110660 kB
MemTotal:        1844596 kB
MemFree:          359604 kB
MemAvailable:    1448824 kB
Buffers:           86212 kB
Cached:          1110660 kB
MemTotal:        1844596 kB
MemFree:          359824 kB
MemAvailable:    1449044 kB
Buffers:           86212 kB
Cached:          1110660 kB
MemTotal:        1844596 kB
MemFree:          359752 kB
MemAvailable:    1448972 kB
Buffers:           86212 kB
Cached:          1110660 kB
MemTotal:        1844596 kB
MemFree:          360028 kB
MemAvailable:    1449248 kB
Buffers:           86212 kB
Cached:          1110660 kB
MemTotal:        1844596 kB
MemFree:          359684 kB
MemAvailable:    1448904 kB
Buffers:           86212 kB
Cached:          1110660 kB
MemTotal:        1844596 kB
MemFree:          358508 kB
MemAvailable:    1447728 kB
Buffers:           86212 kB
Cached:          1110660 kB
MemTotal:        1844596 kB
MemFree:          358592 kB
MemAvailable:    1447812 kB
Buffers:           86212 kB
Cached:          1110660 kB
MemTotal:        1844596 kB
MemFree:          358584 kB
MemAvailable:    1447804 kB
Buffers:           86212 kB
Cached:          1110660 kB
MemTotal:        1844596 kB
MemFree:          358584 kB
MemAvailable:    1447804 kB
Buffers:           86212 kB
Cached:          1110660 kB
MemTotal:        1844596 kB
MemFree:          358708 kB
MemAvailable:    1447928 kB
Buffers:           86212 kB
Cached:          1110660 kB
MemTotal:        1844596 kB
MemFree:          358956 kB
MemAvailable:    1448176 kB
Buffers:           86216 kB
Cached:          1110656 kB
MemTotal:        1844596 kB
MemFree:          358832 kB
MemAvailable:    1448052 kB
Buffers:           86216 kB
Cached:          1110656 kB
MemTotal:        1844596 kB
MemFree:          358956 kB
MemAvailable:    1448176 kB
Buffers:           86216 kB
Cached:          1110656 kB
MemTotal:        1844596 kB
MemFree:          359484 kB
MemAvailable:    1448704 kB
Buffers:           86216 kB
Cached:          1110656 kB
MemTotal:        1844596 kB
MemFree:          359376 kB
MemAvailable:    1448596 kB
Buffers:           86216 kB
Cached:          1110656 kB
MemTotal:        1844596 kB
MemFree:          359124 kB
MemAvailable:    1448344 kB
Buffers:           86216 kB
Cached:          1110656 kB
MemTotal:        1844596 kB
MemFree:          357860 kB
MemAvailable:    1447080 kB
Buffers:           86216 kB
Cached:          1110656 kB
MemTotal:        1844596 kB
MemFree:          359184 kB
MemAvailable:    1448404 kB
Buffers:           86216 kB
Cached:          1110656 kB
MemTotal:        1844596 kB
MemFree:          357820 kB
MemAvailable:    1447040 kB
Buffers:           86216 kB
Cached:          1110656 kB
MemTotal:        1844596 kB
MemFree:          357812 kB
MemAvailable:    1447032 kB
Buffers:           86216 kB
Cached:          1110656 kB
MemTotal:        1844596 kB
MemFree:          357856 kB
MemAvailable:    1447076 kB
Buffers:           86216 kB
Cached:          1110656 kB
MemTotal:        1844596 kB
MemFree:          357732 kB
MemAvailable:    1446952 kB
Buffers:           86216 kB
Cached:          1110656 kB
MemTotal:        1844596 kB
MemFree:          359048 kB
MemAvailable:    1448268 kB
Buffers:           86216 kB
Cached:          1110656 kB
MemTotal:        1844596 kB
MemFree:          359048 kB
MemAvailable:    1448268 kB
Buffers:           86216 kB
Cached:          1110656 kB
MemTotal:        1844596 kB
MemFree:          357840 kB
MemAvailable:    1447060 kB
Buffers:           86216 kB
Cached:          1110656 kB
MemTotal:        1844596 kB
MemFree:          357964 kB
MemAvailable:    1447184 kB
Buffers:           86216 kB
Cached:          1110656 kB
MemTotal:        1844596 kB
MemFree:          359140 kB
MemAvailable:    1448360 kB
Buffers:           86216 kB
Cached:          1110656 kB
MemTotal:        1844596 kB
MemFree:          358508 kB
MemAvailable:    1447728 kB
Buffers:           86216 kB
Cached:          1110656 kB
MemTotal:        1844596 kB
MemFree:          359236 kB
MemAvailable:    1448460 kB
Buffers:           86216 kB
Cached:          1110660 kB
MemTotal:        1844596 kB
MemFree:          359572 kB
MemAvailable:    1448796 kB
Buffers:           86216 kB
Cached:          1110660 kB
MemTotal:        1844596 kB
MemFree:          359104 kB
MemAvailable:    1448328 kB
Buffers:           86216 kB
Cached:          1110660 kB
MemTotal:        1844596 kB
MemFree:          358508 kB
MemAvailable:    1447732 kB
Buffers:           86216 kB
Cached:          1110660 kB
MemTotal:        1844596 kB
MemFree:          357708 kB
MemAvailable:    1446932 kB
Buffers:           86216 kB
Cached:          1110660 kB
MemTotal:        1844596 kB
MemFree:          357868 kB
MemAvailable:    1447092 kB
Buffers:           86216 kB
Cached:          1110660 kB
MemTotal:        1844596 kB
MemFree:          358116 kB
MemAvailable:    1447340 kB
Buffers:           86216 kB
Cached:          1110660 kB
MemTotal:        1844596 kB
MemFree:          362188 kB
MemAvailable:    1451412 kB
Buffers:           86216 kB
Cached:          1110660 kB
MemTotal:        1844596 kB
MemFree:          363372 kB
MemAvailable:    1452596 kB
Buffers:           86216 kB
Cached:          1110660 kB
MemTotal:        1844596 kB
MemFree:          363708 kB
MemAvailable:    1452932 kB
Buffers:           86216 kB
Cached:          1110660 kB
MemTotal:        1844596 kB
MemFree:          363272 kB
MemAvailable:    1452496 kB
Buffers:           86216 kB
Cached:          1110660 kB
MemTotal:        1844596 kB
MemFree:          361856 kB
MemAvailable:    1451080 kB
Buffers:           86216 kB
Cached:          1110660 kB
MemTotal:        1844596 kB
MemFree:          360740 kB
MemAvailable:    1449964 kB
Buffers:           86216 kB
Cached:          1110660 kB
MemTotal:        1844596 kB
MemFree:          360368 kB
MemAvailable:    1449592 kB
Buffers:           86216 kB
Cached:          1110660 kB
MemTotal:        1844596 kB
MemFree:          361724 kB
MemAvailable:    1450948 kB
Buffers:           86216 kB
Cached:          1110660 kB
MemTotal:        1844596 kB
MemFree:          360236 kB
MemAvailable:    1449460 kB
Buffers:           86216 kB
Cached:          1110660 kB
MemTotal:        1844596 kB
MemFree:          360120 kB
MemAvailable:    1449348 kB
Buffers:           86216 kB
Cached:          1110664 kB
MemTotal:        1844596 kB
MemFree:          359996 kB
MemAvailable:    1449224 kB
Buffers:           86216 kB
Cached:          1110664 kB
MemTotal:        1844596 kB
MemFree:          360864 kB
MemAvailable:    1450092 kB
Buffers:           86216 kB
Cached:          1110664 kB
MemTotal:        1844596 kB
MemFree:          360664 kB
MemAvailable:    1449892 kB
Buffers:           86216 kB
Cached:          1110664 kB
MemTotal:        1844596 kB
MemFree:          359356 kB
MemAvailable:    1448584 kB
Buffers:           86216 kB
Cached:          1110664 kB
MemTotal:        1844596 kB
MemFree:          359224 kB
MemAvailable:    1448452 kB
Buffers:           86216 kB
Cached:          1110664 kB
MemTotal:        1844596 kB
MemFree:          359224 kB
MemAvailable:    1448452 kB
Buffers:           86216 kB
Cached:          1110664 kB
MemTotal:        1844596 kB
MemFree:          359224 kB
MemAvailable:    1448452 kB
Buffers:           86216 kB
Cached:          1110664 kB
MemTotal:        1844596 kB
MemFree:          359128 kB
MemAvailable:    1448356 kB
Buffers:           86216 kB
Cached:          1110664 kB
MemTotal:        1844596 kB
MemFree:          358880 kB
MemAvailable:    1448108 kB
Buffers:           86216 kB
Cached:          1110664 kB
MemTotal:        1844596 kB
MemFree:          359252 kB
MemAvailable:    1448480 kB
Buffers:           86216 kB
Cached:          1110664 kB
MemTotal:        1844596 kB
MemFree:          358880 kB
MemAvailable:    1448108 kB
Buffers:           86216 kB
Cached:          1110664 kB
MemTotal:        1844596 kB
MemFree:          358500 kB
MemAvailable:    1447728 kB
Buffers:           86216 kB
Cached:          1110664 kB
MemTotal:        1844596 kB
MemFree:          358508 kB
MemAvailable:    1447740 kB
Buffers:           86216 kB
Cached:          1110668 kB
MemTotal:        1844596 kB
MemFree:          359568 kB
MemAvailable:    1448800 kB
Buffers:           86216 kB
Cached:          1110668 kB
MemTotal:        1844596 kB
MemFree:          359736 kB
MemAvailable:    1448968 kB
Buffers:           86216 kB
Cached:          1110668 kB
MemTotal:        1844596 kB
MemFree:          359496 kB
MemAvailable:    1448728 kB
Buffers:           86216 kB
Cached:          1110668 kB
MemTotal:        1844596 kB
MemFree:          359624 kB
MemAvailable:    1448856 kB
Buffers:           86216 kB
Cached:          1110668 kB
MemTotal:        1844596 kB
MemFree:          358360 kB
MemAvailable:    1447592 kB
Buffers:           86216 kB
Cached:          1110668 kB
MemTotal:        1844596 kB
MemFree:          359560 kB
MemAvailable:    1448792 kB
Buffers:           86216 kB
Cached:          1110668 kB
MemTotal:        1844596 kB
MemFree:          358344 kB
MemAvailable:    1447576 kB
Buffers:           86216 kB
Cached:          1110668 kB
MemTotal:        1844596 kB
MemFree:          359536 kB
MemAvailable:    1448768 kB
Buffers:           86216 kB
Cached:          1110668 kB
MemTotal:        1844596 kB
MemFree:          359708 kB
MemAvailable:    1448940 kB
Buffers:           86216 kB
Cached:          1110668 kB
MemTotal:        1844596 kB
MemFree:          359420 kB
MemAvailable:    1448652 kB
Buffers:           86216 kB
Cached:          1110668 kB
MemTotal:        1844596 kB
MemFree:          359444 kB
MemAvailable:    1448676 kB
Buffers:           86216 kB
Cached:          1110668 kB
MemTotal:        1844596 kB
MemFree:          359376 kB
MemAvailable:    1448608 kB
Buffers:           86216 kB
Cached:          1110668 kB
MemTotal:        1844596 kB
MemFree:          358248 kB
MemAvailable:    1447480 kB
Buffers:           86216 kB
Cached:          1110668 kB
MemTotal:        1844596 kB
MemFree:          359584 kB
MemAvailable:    1448816 kB
Buffers:           86216 kB
Cached:          1110668 kB
MemTotal:        1844596 kB
MemFree:          359252 kB
MemAvailable:    1448484 kB
Buffers:           86216 kB
Cached:          1110668 kB
MemTotal:        1844596 kB
MemFree:          359624 kB
MemAvailable:    1448856 kB
Buffers:           86216 kB
Cached:          1110668 kB
MemTotal:        1844596 kB
MemFree:          358368 kB
MemAvailable:    1447600 kB
Buffers:           86216 kB
Cached:          1110668 kB
MemTotal:        1844596 kB
MemFree:          359644 kB
MemAvailable:    1448876 kB
Buffers:           86216 kB
Cached:          1110668 kB
MemTotal:        1844596 kB
MemFree:          358996 kB
MemAvailable:    1448228 kB
Buffers:           86216 kB
Cached:          1110668 kB
MemTotal:        1844596 kB
MemFree:          359792 kB
MemAvailable:    1449024 kB
Buffers:           86216 kB
Cached:          1110668 kB
MemTotal:        1844596 kB
MemFree:          359668 kB
MemAvailable:    1448900 kB
Buffers:           86216 kB
Cached:          1110668 kB
MemTotal:        1844596 kB
MemFree:          358632 kB
MemAvailable:    1447864 kB
Buffers:           86216 kB
Cached:          1110668 kB
MemTotal:        1844596 kB
MemFree:          358384 kB
MemAvailable:    1447620 kB
Buffers:           86216 kB
Cached:          1110672 kB
MemTotal:        1844596 kB
MemFree:          359428 kB
MemAvailable:    1448664 kB
Buffers:           86216 kB
Cached:          1110672 kB
MemTotal:        1844596 kB
MemFree:          358376 kB
MemAvailable:    1447612 kB
Buffers:           86216 kB
Cached:          1110672 kB
MemTotal:        1844596 kB
MemFree:          359660 kB
MemAvailable:    1448896 kB
Buffers:           86216 kB
Cached:          1110672 kB
MemTotal:        1844596 kB
MemFree:          359700 kB
MemAvailable:    1448936 kB
Buffers:           86216 kB
Cached:          1110672 kB
MemTotal:        1844596 kB
MemFree:          358248 kB
MemAvailable:    1447484 kB
Buffers:           86216 kB
Cached:          1110672 kB
MemTotal:        1844596 kB
MemFree:          359236 kB
MemAvailable:    1448472 kB
Buffers:           86216 kB
Cached:          1110672 kB
MemTotal:        1844596 kB
MemFree:          359252 kB
MemAvailable:    1448488 kB
Buffers:           86216 kB
Cached:          1110672 kB
MemTotal:        1844596 kB
MemFree:          359424 kB
MemAvailable:    1448660 kB
Buffers:           86216 kB
Cached:          1110672 kB
MemTotal:        1844596 kB
MemFree:          358136 kB
MemAvailable:    1447372 kB
Buffers:           86216 kB
Cached:          1110672 kB
MemTotal:        1844596 kB
MemFree:          359244 kB
MemAvailable:    1448480 kB
Buffers:           86216 kB
Cached:          1110672 kB
MemTotal:        1844596 kB
MemFree:          359496 kB
MemAvailable:    1448732 kB
Buffers:           86216 kB
Cached:          1110672 kB
MemTotal:        1844596 kB
MemFree:          359428 kB
MemAvailable:    1448664 kB
Buffers:           86216 kB
Cached:          1110672 kB
MemTotal:        1844596 kB
MemFree:          358212 kB
MemAvailable:    1447448 kB
Buffers:           86216 kB
Cached:          1110672 kB
MemTotal:        1844596 kB
MemFree:          359388 kB
MemAvailable:    1448624 kB
Buffers:           86216 kB
Cached:          1110672 kB
MemTotal:        1844596 kB
MemFree:          358204 kB
MemAvailable:    1447440 kB
Buffers:           86216 kB
Cached:          1110672 kB
MemTotal:        1844596 kB
MemFree:          358204 kB
MemAvailable:    1447440 kB
Buffers:           86216 kB
Cached:          1110672 kB
MemTotal:        1844596 kB
MemFree:          359488 kB
MemAvailable:    1448724 kB
Buffers:           86216 kB
Cached:          1110672 kB
MemTotal:        1844596 kB
MemFree:          359472 kB
MemAvailable:    1448708 kB
Buffers:           86216 kB
Cached:          1110672 kB
MemTotal:        1844596 kB
MemFree:          359316 kB
MemAvailable:    1448552 kB
Buffers:           86216 kB
Cached:          1110672 kB
MemTotal:        1844596 kB
MemFree:          359112 kB
MemAvailable:    1448348 kB
Buffers:           86216 kB
Cached:          1110672 kB
MemTotal:        1844596 kB
MemFree:          359452 kB
MemAvailable:    1448688 kB
Buffers:           86216 kB
Cached:          1110672 kB
MemTotal:        1844596 kB
MemFree:          359424 kB
MemAvailable:    1448660 kB
Buffers:           86216 kB
Cached:          1110672 kB
MemTotal:        1844596 kB
MemFree:          358220 kB
MemAvailable:    1447456 kB
Buffers:           86216 kB
Cached:          1110672 kB
MemTotal:        1844596 kB
MemFree:          359244 kB
MemAvailable:    1448480 kB
Buffers:           86216 kB
Cached:          1110672 kB
MemTotal:        1844596 kB
MemFree:          359580 kB
MemAvailable:    1448816 kB
Buffers:           86216 kB
Cached:          1110672 kB
MemTotal:        1844596 kB
MemFree:          359388 kB
MemAvailable:    1448624 kB
Buffers:           86216 kB
Cached:          1110672 kB
MemTotal:        1844596 kB
MemFree:          358748 kB
MemAvailable:    1447984 kB
Buffers:           86216 kB
Cached:          1110672 kB
MemTotal:        1844596 kB
MemFree:          359168 kB
MemAvailable:    1448404 kB
Buffers:           86216 kB
Cached:          1110672 kB
MemTotal:        1844596 kB
MemFree:          359244 kB
MemAvailable:    1448480 kB
Buffers:           86216 kB
Cached:          1110672 kB
MemTotal:        1844596 kB
MemFree:          359416 kB
MemAvailable:    1448652 kB
Buffers:           86216 kB
Cached:          1110672 kB
MemTotal:        1844596 kB
MemFree:          358068 kB
MemAvailable:    1447304 kB
Buffers:           86216 kB
Cached:          1110672 kB
MemTotal:        1844596 kB
MemFree:          358192 kB
MemAvailable:    1447428 kB
Buffers:           86216 kB
Cached:          1110672 kB
MemTotal:        1844596 kB
MemFree:          358068 kB
MemAvailable:    1447304 kB
Buffers:           86216 kB
Cached:          1110672 kB
MemTotal:        1844596 kB
MemFree:          359376 kB
MemAvailable:    1448616 kB
Buffers:           86216 kB
Cached:          1110676 kB
MemTotal:        1844596 kB
MemFree:          358508 kB
MemAvailable:    1447748 kB
Buffers:           86216 kB
Cached:          1110676 kB
MemTotal:        1844596 kB
MemFree:          359100 kB
MemAvailable:    1448340 kB
Buffers:           86216 kB
Cached:          1110676 kB
MemTotal:        1844596 kB
MemFree:          359436 kB
MemAvailable:    1448676 kB
Buffers:           86216 kB
Cached:          1110676 kB
MemTotal:        1844596 kB
MemFree:          359120 kB
MemAvailable:    1448360 kB
Buffers:           86216 kB
Cached:          1110676 kB
MemTotal:        1844596 kB
MemFree:          359288 kB
MemAvailable:    1448528 kB
Buffers:           86216 kB
Cached:          1110676 kB
MemTotal:        1844596 kB
MemFree:          359428 kB
MemAvailable:    1448668 kB
Buffers:           86216 kB
Cached:          1110676 kB
MemTotal:        1844596 kB
MemFree:          359388 kB
MemAvailable:    1448628 kB
Buffers:           86216 kB
Cached:          1110676 kB
MemTotal:        1844596 kB
MemFree:          359112 kB
MemAvailable:    1448352 kB
Buffers:           86216 kB
Cached:          1110676 kB
MemTotal:        1844596 kB
MemFree:          359452 kB
MemAvailable:    1448692 kB
Buffers:           86216 kB
Cached:          1110676 kB
MemTotal:        1844596 kB
MemFree:          359196 kB
MemAvailable:    1448436 kB
Buffers:           86216 kB
Cached:          1110676 kB
MemTotal:        1844596 kB
MemFree:          358080 kB
MemAvailable:    1447320 kB
Buffers:           86216 kB
Cached:          1110676 kB
MemTotal:        1844596 kB
MemFree:          358080 kB
MemAvailable:    1447320 kB
Buffers:           86216 kB
Cached:          1110676 kB
MemTotal:        1844596 kB
MemFree:          358072 kB
MemAvailable:    1447312 kB
Buffers:           86216 kB
Cached:          1110676 kB
MemTotal:        1844596 kB
MemFree:          359248 kB
MemAvailable:    1448488 kB
Buffers:           86216 kB
Cached:          1110676 kB
MemTotal:        1844596 kB
MemFree:          359216 kB
MemAvailable:    1448456 kB
Buffers:           86216 kB
Cached:          1110676 kB
MemTotal:        1844596 kB
MemFree:          359252 kB
MemAvailable:    1448492 kB
Buffers:           86216 kB
Cached:          1110676 kB
MemTotal:        1844596 kB
MemFree:          359364 kB
MemAvailable:    1448604 kB
Buffers:           86216 kB
Cached:          1110676 kB
MemTotal:        1844596 kB
MemFree:          358076 kB
MemAvailable:    1447316 kB
Buffers:           86216 kB
Cached:          1110676 kB
MemTotal:        1844596 kB
MemFree:          358484 kB
MemAvailable:    1447724 kB
Buffers:           86216 kB
Cached:          1110676 kB
MemTotal:        1844596 kB
MemFree:          358484 kB
MemAvailable:    1447724 kB
Buffers:           86216 kB
Cached:          1110676 kB
MemTotal:        1844596 kB
MemFree:          359412 kB
MemAvailable:    1448652 kB
Buffers:           86216 kB
Cached:          1110676 kB
MemTotal:        1844596 kB
MemFree:          358508 kB
MemAvailable:    1447748 kB
Buffers:           86216 kB
Cached:          1110676 kB
MemTotal:        1844596 kB
MemFree:          359288 kB
MemAvailable:    1448528 kB
Buffers:           86216 kB
Cached:          1110676 kB
MemTotal:        1844596 kB
MemFree:          359460 kB
MemAvailable:    1448700 kB
Buffers:           86216 kB
Cached:          1110676 kB
MemTotal:        1844596 kB
MemFree:          359428 kB
MemAvailable:    1448668 kB
Buffers:           86216 kB
Cached:          1110676 kB
MemTotal:        1844596 kB
MemFree:          359204 kB
MemAvailable:    1448444 kB
Buffers:           86216 kB
Cached:          1110676 kB
MemTotal:        1844596 kB
MemFree:          359356 kB
MemAvailable:    1448596 kB
Buffers:           86216 kB
Cached:          1110676 kB
MemTotal:        1844596 kB
MemFree:          359112 kB
MemAvailable:    1448352 kB
Buffers:           86216 kB
Cached:          1110676 kB
MemTotal:        1844596 kB
MemFree:          359364 kB
MemAvailable:    1448604 kB
Buffers:           86216 kB
Cached:          1110676 kB
MemTotal:        1844596 kB
MemFree:          358996 kB
MemAvailable:    1448236 kB
Buffers:           86216 kB
Cached:          1110676 kB
MemTotal:        1844596 kB
MemFree:          359080 kB
MemAvailable:    1448320 kB
Buffers:           86216 kB
Cached:          1110676 kB
MemTotal:        1844596 kB
MemFree:          359068 kB
MemAvailable:    1448308 kB
Buffers:           86216 kB
Cached:          1110676 kB
MemTotal:        1844596 kB
MemFree:          359320 kB
MemAvailable:    1448560 kB
Buffers:           86216 kB
Cached:          1110676 kB
MemTotal:        1844596 kB
MemFree:          359312 kB
MemAvailable:    1448552 kB
Buffers:           86216 kB
Cached:          1110676 kB
MemTotal:        1844596 kB
MemFree:          359236 kB
MemAvailable:    1448476 kB
Buffers:           86216 kB
Cached:          1110676 kB
MemTotal:        1844596 kB
MemFree:          357840 kB
MemAvailable:    1447080 kB
Buffers:           86216 kB
Cached:          1110676 kB
MemTotal:        1844596 kB
MemFree:          357960 kB
MemAvailable:    1447200 kB
Buffers:           86216 kB
Cached:          1110676 kB
MemTotal:        1844596 kB
MemFree:          357872 kB
MemAvailable:    1447112 kB
Buffers:           86216 kB
Cached:          1110676 kB
MemTotal:        1844596 kB
MemFree:          359032 kB
MemAvailable:    1448272 kB
Buffers:           86216 kB
Cached:          1110676 kB
MemTotal:        1844596 kB
MemFree:          359372 kB
MemAvailable:    1448612 kB
Buffers:           86216 kB
Cached:          1110676 kB
MemTotal:        1844596 kB
MemFree:          359056 kB
MemAvailable:    1448296 kB
Buffers:           86216 kB
Cached:          1110676 kB
MemTotal:        1844596 kB
MemFree:          359112 kB
MemAvailable:    1448352 kB
Buffers:           86216 kB
Cached:          1110676 kB
MemTotal:        1844596 kB
MemFree:          359324 kB
MemAvailable:    1448564 kB
Buffers:           86216 kB
Cached:          1110676 kB
MemTotal:        1844596 kB
MemFree:          357832 kB
MemAvailable:    1447072 kB
Buffers:           86216 kB
Cached:          1110676 kB
MemTotal:        1844596 kB
MemFree:          359100 kB
MemAvailable:    1448340 kB
Buffers:           86216 kB
Cached:          1110676 kB
MemTotal:        1844596 kB
MemFree:          359064 kB
MemAvailable:    1448304 kB
Buffers:           86216 kB
Cached:          1110676 kB
MemTotal:        1844596 kB
MemFree:          359252 kB
MemAvailable:    1448492 kB
Buffers:           86216 kB
Cached:          1110676 kB
MemTotal:        1844596 kB
MemFree:          358880 kB
MemAvailable:    1448120 kB
Buffers:           86216 kB
Cached:          1110676 kB
MemTotal:        1844596 kB
MemFree:          357876 kB
MemAvailable:    1447116 kB
Buffers:           86216 kB
Cached:          1110676 kB
MemTotal:        1844596 kB
MemFree:          359252 kB
MemAvailable:    1448492 kB
Buffers:           86216 kB
Cached:          1110676 kB
MemTotal:        1844596 kB
MemFree:          359064 kB
MemAvailable:    1448304 kB
Buffers:           86216 kB
Cached:          1110676 kB
MemTotal:        1844596 kB
MemFree:          357716 kB
MemAvailable:    1446956 kB
Buffers:           86216 kB
Cached:          1110676 kB
MemTotal:        1844596 kB
MemFree:          358088 kB
MemAvailable:    1447328 kB
Buffers:           86216 kB
Cached:          1110676 kB
MemTotal:        1844596 kB
MemFree:          357840 kB
MemAvailable:    1447080 kB
Buffers:           86216 kB
Cached:          1110676 kB
MemTotal:        1844596 kB
MemFree:          358988 kB
MemAvailable:    1448228 kB
Buffers:           86216 kB
Cached:          1110676 kB
MemTotal:        1844596 kB
MemFree:          359204 kB
MemAvailable:    1448444 kB
Buffers:           86216 kB
Cached:          1110676 kB
MemTotal:        1844596 kB
MemFree:          357876 kB
MemAvailable:    1447116 kB
Buffers:           86216 kB
Cached:          1110676 kB
MemTotal:        1844596 kB
MemFree:          357876 kB
MemAvailable:    1447116 kB
Buffers:           86216 kB
Cached:          1110676 kB
MemTotal:        1844596 kB
MemFree:          358984 kB
MemAvailable:    1448224 kB
Buffers:           86216 kB
Cached:          1110676 kB
MemTotal:        1844596 kB
MemFree:          357952 kB
MemAvailable:    1447192 kB
Buffers:           86216 kB
Cached:          1110676 kB
MemTotal:        1844596 kB
MemFree:          357828 kB
MemAvailable:    1447068 kB
Buffers:           86216 kB
Cached:          1110676 kB
MemTotal:        1844596 kB
MemFree:          358996 kB
MemAvailable:    1448236 kB
Buffers:           86216 kB
Cached:          1110676 kB
MemTotal:        1844596 kB
MemFree:          357988 kB
MemAvailable:    1447228 kB
Buffers:           86216 kB
Cached:          1110676 kB
MemTotal:        1844596 kB
MemFree:          359120 kB
MemAvailable:    1448360 kB
Buffers:           86216 kB
Cached:          1110676 kB
MemTotal:        1844596 kB
MemFree:          359136 kB
MemAvailable:    1448376 kB
Buffers:           86216 kB
Cached:          1110676 kB
MemTotal:        1844596 kB
MemFree:          359180 kB
MemAvailable:    1448420 kB
Buffers:           86216 kB
Cached:          1110676 kB
MemTotal:        1844596 kB
MemFree:          358508 kB
MemAvailable:    1447748 kB
Buffers:           86216 kB
Cached:          1110676 kB
MemTotal:        1844596 kB
MemFree:          357876 kB
MemAvailable:    1447116 kB
Buffers:           86216 kB
Cached:          1110676 kB
MemTotal:        1844596 kB
MemFree:          359204 kB
MemAvailable:    1448444 kB
Buffers:           86216 kB
Cached:          1110676 kB
MemTotal:        1844596 kB
MemFree:          358632 kB
MemAvailable:    1447872 kB
Buffers:           86216 kB
Cached:          1110676 kB
MemTotal:        1844596 kB
MemFree:          358988 kB
MemAvailable:    1448236 kB
Buffers:           86216 kB
Cached:          1110684 kB
MemTotal:        1844596 kB
MemFree:          359128 kB
MemAvailable:    1448376 kB
Buffers:           86216 kB
Cached:          1110684 kB
MemTotal:        1844596 kB
MemFree:          357832 kB
MemAvailable:    1447080 kB
Buffers:           86216 kB
Cached:          1110684 kB
MemTotal:        1844596 kB
MemFree:          359156 kB
MemAvailable:    1448404 kB
Buffers:           86216 kB
Cached:          1110684 kB
MemTotal:        1844596 kB
MemFree:          358204 kB
MemAvailable:    1447452 kB
Buffers:           86216 kB
Cached:          1110684 kB
MemTotal:        1844596 kB
MemFree:          358328 kB
MemAvailable:    1447576 kB
Buffers:           86216 kB
Cached:          1110684 kB
MemTotal:        1844596 kB
MemFree:          358452 kB
MemAvailable:    1447700 kB
Buffers:           86216 kB
Cached:          1110684 kB
MemTotal:        1844596 kB
MemFree:          358328 kB
MemAvailable:    1447576 kB
Buffers:           86216 kB
Cached:          1110684 kB
MemTotal:        1844596 kB
MemFree:          359528 kB
MemAvailable:    1448776 kB
Buffers:           86216 kB
Cached:          1110684 kB
MemTotal:        1844596 kB
MemFree:          359436 kB
MemAvailable:    1448684 kB
Buffers:           86216 kB
Cached:          1110684 kB
MemTotal:        1844596 kB
MemFree:          359056 kB
MemAvailable:    1448304 kB
Buffers:           86216 kB
Cached:          1110684 kB
MemTotal:        1844596 kB
MemFree:          358764 kB
MemAvailable:    1448012 kB
Buffers:           86216 kB
Cached:          1110684 kB
MemTotal:        1844596 kB
MemFree:          359312 kB
MemAvailable:    1448560 kB
Buffers:           86216 kB
Cached:          1110684 kB
MemTotal:        1844596 kB
MemFree:          357964 kB
MemAvailable:    1447212 kB
Buffers:           86216 kB
Cached:          1110684 kB
MemTotal:        1844596 kB
MemFree:          358088 kB
MemAvailable:    1447336 kB
Buffers:           86216 kB
Cached:          1110684 kB
MemTotal:        1844596 kB
MemFree:          358084 kB
MemAvailable:    1447332 kB
Buffers:           86216 kB
Cached:          1110684 kB
MemTotal:        1844596 kB
MemFree:          357864 kB
MemAvailable:    1447112 kB
Buffers:           86216 kB
Cached:          1110684 kB
MemTotal:        1844596 kB
MemFree:          359360 kB
MemAvailable:    1448608 kB
Buffers:           86216 kB
Cached:          1110684 kB
MemTotal:        1844596 kB
MemFree:          357740 kB
MemAvailable:    1446988 kB
Buffers:           86216 kB
Cached:          1110684 kB
MemTotal:        1844596 kB
MemFree:          357864 kB
MemAvailable:    1447112 kB
Buffers:           86216 kB
Cached:          1110684 kB
MemTotal:        1844596 kB
MemFree:          357864 kB
MemAvailable:    1447112 kB
Buffers:           86216 kB
Cached:          1110684 kB
MemTotal:        1844596 kB
MemFree:          359160 kB
MemAvailable:    1448408 kB
Buffers:           86216 kB
Cached:          1110684 kB
MemTotal:        1844596 kB
MemFree:          357720 kB
MemAvailable:    1446968 kB
Buffers:           86216 kB
Cached:          1110684 kB
MemTotal:        1844596 kB
MemFree:          357936 kB
MemAvailable:    1447184 kB
Buffers:           86216 kB
Cached:          1110684 kB
MemTotal:        1844596 kB
MemFree:          359176 kB
MemAvailable:    1448424 kB
Buffers:           86216 kB
Cached:          1110684 kB
MemTotal:        1844596 kB
MemFree:          359252 kB
MemAvailable:    1448500 kB
Buffers:           86216 kB
Cached:          1110684 kB
MemTotal:        1844596 kB
MemFree:          359148 kB
MemAvailable:    1448396 kB
Buffers:           86216 kB
Cached:          1110684 kB
MemTotal:        1844596 kB
MemFree:          359084 kB
MemAvailable:    1448332 kB
Buffers:           86216 kB
Cached:          1110684 kB
MemTotal:        1844596 kB
MemFree:          358988 kB
MemAvailable:    1448236 kB
Buffers:           86216 kB
Cached:          1110684 kB
MemTotal:        1844596 kB
MemFree:          358988 kB
MemAvailable:    1448236 kB
Buffers:           86216 kB
Cached:          1110684 kB
MemTotal:        1844596 kB
MemFree:          357832 kB
MemAvailable:    1447080 kB
Buffers:           86216 kB
Cached:          1110684 kB
MemTotal:        1844596 kB
MemFree:          357868 kB
MemAvailable:    1447116 kB
Buffers:           86216 kB
Cached:          1110684 kB
MemTotal:        1844596 kB
MemFree:          359232 kB
MemAvailable:    1448480 kB
Buffers:           86216 kB
Cached:          1110684 kB
MemTotal:        1844596 kB
MemFree:          358996 kB
MemAvailable:    1448244 kB
Buffers:           86216 kB
Cached:          1110684 kB
MemTotal:        1844596 kB
MemFree:          359136 kB
MemAvailable:    1448384 kB
Buffers:           86216 kB
Cached:          1110684 kB
MemTotal:        1844596 kB
MemFree:          359180 kB
MemAvailable:    1448428 kB
Buffers:           86216 kB
Cached:          1110684 kB
MemTotal:        1844596 kB
MemFree:          359140 kB
MemAvailable:    1448388 kB
Buffers:           86216 kB
Cached:          1110684 kB
MemTotal:        1844596 kB
MemFree:          358508 kB
MemAvailable:    1447756 kB
Buffers:           86216 kB
Cached:          1110684 kB
MemTotal:        1844596 kB
MemFree:          358936 kB
MemAvailable:    1448184 kB
Buffers:           86216 kB
Cached:          1110684 kB
MemTotal:        1844596 kB
MemFree:          359188 kB
MemAvailable:    1448436 kB
Buffers:           86216 kB
Cached:          1110684 kB
MemTotal:        1844596 kB
MemFree:          359060 kB
MemAvailable:    1448308 kB
Buffers:           86216 kB
Cached:          1110684 kB
MemTotal:        1844596 kB
MemFree:          359228 kB
MemAvailable:    1448476 kB
Buffers:           86216 kB
Cached:          1110684 kB
MemTotal:        1844596 kB
MemFree:          358976 kB
MemAvailable:    1448224 kB
Buffers:           86216 kB
Cached:          1110684 kB
MemTotal:        1844596 kB
MemFree:          359312 kB
MemAvailable:    1448560 kB
Buffers:           86216 kB
Cached:          1110684 kB
MemTotal:        1844596 kB
MemFree:          359036 kB
MemAvailable:    1448284 kB
Buffers:           86216 kB
Cached:          1110684 kB
MemTotal:        1844596 kB
MemFree:          359068 kB
MemAvailable:    1448316 kB
Buffers:           86216 kB
Cached:          1110684 kB
MemTotal:        1844596 kB
MemFree:          357864 kB
MemAvailable:    1447112 kB
Buffers:           86216 kB
Cached:          1110684 kB
MemTotal:        1844596 kB
MemFree:          363616 kB
MemAvailable:    1452864 kB
Buffers:           86216 kB
Cached:          1110684 kB
MemTotal:        1844596 kB
MemFree:          363592 kB
MemAvailable:    1452840 kB
Buffers:           86216 kB
Cached:          1110684 kB
MemTotal:        1844596 kB
MemFree:          363672 kB
MemAvailable:    1452920 kB
Buffers:           86216 kB
Cached:          1110684 kB
MemTotal:        1844596 kB
MemFree:          363644 kB
MemAvailable:    1452892 kB
Buffers:           86216 kB
Cached:          1110684 kB
MemTotal:        1844596 kB
MemFree:          362336 kB
MemAvailable:    1451584 kB
Buffers:           86216 kB
Cached:          1110684 kB
MemTotal:        1844596 kB
MemFree:          363452 kB
MemAvailable:    1452700 kB
Buffers:           86216 kB
Cached:          1110684 kB
MemTotal:        1844596 kB
MemFree:          363704 kB
MemAvailable:    1452952 kB
Buffers:           86216 kB
Cached:          1110684 kB
MemTotal:        1844596 kB
MemFree:          363524 kB
MemAvailable:    1452772 kB
Buffers:           86216 kB
Cached:          1110684 kB
MemTotal:        1844596 kB
MemFree:          363692 kB
MemAvailable:    1452940 kB
Buffers:           86216 kB
Cached:          1110684 kB
MemTotal:        1844596 kB
MemFree:          362340 kB
MemAvailable:    1451588 kB
Buffers:           86216 kB
Cached:          1110684 kB
MemTotal:        1844596 kB
MemFree:          363460 kB
MemAvailable:    1452708 kB
Buffers:           86216 kB
Cached:          1110684 kB
MemTotal:        1844596 kB
MemFree:          363600 kB
MemAvailable:    1452848 kB
Buffers:           86216 kB
Cached:          1110684 kB
MemTotal:        1844596 kB
MemFree:          363604 kB
MemAvailable:    1452852 kB
Buffers:           86216 kB
Cached:          1110684 kB
MemTotal:        1844596 kB
MemFree:          363316 kB
MemAvailable:    1452564 kB
Buffers:           86216 kB
Cached:          1110684 kB
MemTotal:        1844596 kB
MemFree:          363316 kB
MemAvailable:    1452564 kB
Buffers:           86216 kB
Cached:          1110684 kB
MemTotal:        1844596 kB
MemFree:          361360 kB
MemAvailable:    1450608 kB
Buffers:           86216 kB
Cached:          1110684 kB
MemTotal:        1844596 kB
MemFree:          359988 kB
MemAvailable:    1449236 kB
Buffers:           86216 kB
Cached:          1110684 kB
MemTotal:        1844596 kB
MemFree:          361032 kB
MemAvailable:    1450280 kB
Buffers:           86216 kB
Cached:          1110684 kB
MemTotal:        1844596 kB
MemFree:          360924 kB
MemAvailable:    1450172 kB
Buffers:           86216 kB
Cached:          1110684 kB
MemTotal:        1844596 kB
MemFree:          359996 kB
MemAvailable:    1449120 kB
Buffers:           86216 kB
Cached:          1110684 kB
MemTotal:        1844596 kB
MemFree:          360476 kB
MemAvailable:    1449732 kB
Buffers:           86216 kB
Cached:          1110692 kB
MemTotal:        1844596 kB
MemFree:          360812 kB
MemAvailable:    1450068 kB
Buffers:           86216 kB
Cached:          1110692 kB
MemTotal:        1844596 kB
MemFree:          359692 kB
MemAvailable:    1448948 kB
Buffers:           86216 kB
Cached:          1110692 kB
MemTotal:        1844596 kB
MemFree:          359076 kB
MemAvailable:    1448332 kB
Buffers:           86216 kB
Cached:          1110692 kB
MemTotal:        1844596 kB
MemFree:          359200 kB
MemAvailable:    1448456 kB
Buffers:           86216 kB
Cached:          1110692 kB
MemTotal:        1844596 kB
MemFree:          360176 kB
MemAvailable:    1449432 kB
Buffers:           86216 kB
Cached:          1110692 kB
MemTotal:        1844596 kB
MemFree:          359500 kB
MemAvailable:    1448756 kB
Buffers:           86216 kB
Cached:          1110692 kB
MemTotal:        1844596 kB
MemFree:          359940 kB
MemAvailable:    1449200 kB
Buffers:           86216 kB
Cached:          1110696 kB
MemTotal:        1844596 kB
MemFree:          358940 kB
MemAvailable:    1448200 kB
Buffers:           86216 kB
Cached:          1110696 kB
MemTotal:        1844596 kB
MemFree:          358692 kB
MemAvailable:    1447952 kB
Buffers:           86216 kB
Cached:          1110696 kB
MemTotal:        1844596 kB
MemFree:          359732 kB
MemAvailable:    1448992 kB
Buffers:           86216 kB
Cached:          1110696 kB
MemTotal:        1844596 kB
MemFree:          359816 kB
MemAvailable:    1449076 kB
Buffers:           86216 kB
Cached:          1110696 kB
MemTotal:        1844596 kB
MemFree:          358328 kB
MemAvailable:    1447588 kB
Buffers:           86216 kB
Cached:          1110696 kB
MemTotal:        1844596 kB
MemFree:          359620 kB
MemAvailable:    1448880 kB
Buffers:           86216 kB
Cached:          1110696 kB
MemTotal:        1844596 kB
MemFree:          359560 kB
MemAvailable:    1448820 kB
Buffers:           86216 kB
Cached:          1110696 kB
MemTotal:        1844596 kB
MemFree:          359372 kB
MemAvailable:    1448632 kB
Buffers:           86216 kB
Cached:          1110696 kB
MemTotal:        1844596 kB
MemFree:          359416 kB
MemAvailable:    1448676 kB
Buffers:           86216 kB
Cached:          1110696 kB
MemTotal:        1844596 kB
MemFree:          358500 kB
MemAvailable:    1447760 kB
Buffers:           86216 kB
Cached:          1110696 kB
MemTotal:        1844596 kB
MemFree:          359100 kB
MemAvailable:    1448360 kB
Buffers:           86216 kB
Cached:          1110696 kB
MemTotal:        1844596 kB
MemFree:          359100 kB
MemAvailable:    1448360 kB
Buffers:           86216 kB
Cached:          1110696 kB
MemTotal:        1844596 kB
MemFree:          359140 kB
MemAvailable:    1448400 kB
Buffers:           86216 kB
Cached:          1110696 kB
MemTotal:        1844596 kB
MemFree:          357960 kB
MemAvailable:    1447220 kB
Buffers:           86216 kB
Cached:          1110696 kB
MemTotal:        1844596 kB
MemFree:          359112 kB
MemAvailable:    1448372 kB
Buffers:           86216 kB
Cached:          1110696 kB
MemTotal:        1844596 kB
MemFree:          363096 kB
MemAvailable:    1452356 kB
Buffers:           86216 kB
Cached:          1110696 kB
MemTotal:        1844596 kB
MemFree:          363572 kB
MemAvailable:    1452832 kB
Buffers:           86216 kB
Cached:          1110696 kB
MemTotal:        1844596 kB
MemFree:          363828 kB
MemAvailable:    1453088 kB
Buffers:           86216 kB
Cached:          1110696 kB
MemTotal:        1844596 kB
MemFree:          363644 kB
MemAvailable:    1452904 kB
Buffers:           86216 kB
Cached:          1110696 kB
MemTotal:        1844596 kB
MemFree:          363576 kB
MemAvailable:    1452836 kB
Buffers:           86216 kB
Cached:          1110696 kB
MemTotal:        1844596 kB
MemFree:          363576 kB
MemAvailable:    1452836 kB
Buffers:           86216 kB
Cached:          1110696 kB
MemTotal:        1844596 kB
MemFree:          363720 kB
MemAvailable:    1452980 kB
Buffers:           86216 kB
Cached:          1110696 kB
MemTotal:        1844596 kB
MemFree:          363632 kB
MemAvailable:    1452892 kB
Buffers:           86216 kB
Cached:          1110696 kB
MemTotal:        1844596 kB
MemFree:          362972 kB
MemAvailable:    1452232 kB
Buffers:           86216 kB
Cached:          1110696 kB
MemTotal:        1844596 kB
MemFree:          363564 kB
MemAvailable:    1452824 kB
Buffers:           86216 kB
Cached:          1110696 kB
MemTotal:        1844596 kB
MemFree:          363816 kB
MemAvailable:    1453076 kB
Buffers:           86216 kB
Cached:          1110696 kB
MemTotal:        1844596 kB
MemFree:          362332 kB
MemAvailable:    1451592 kB
Buffers:           86216 kB
Cached:          1110696 kB
MemTotal:        1844596 kB
MemFree:          363440 kB
MemAvailable:    1452700 kB
Buffers:           86216 kB
Cached:          1110696 kB
MemTotal:        1844596 kB
MemFree:          363692 kB
MemAvailable:    1452952 kB
Buffers:           86216 kB
Cached:          1110696 kB
MemTotal:        1844596 kB
MemFree:          363288 kB
MemAvailable:    1452548 kB
Buffers:           86216 kB
Cached:          1110696 kB
MemTotal:        1844596 kB
MemFree:          363624 kB
MemAvailable:    1452884 kB
Buffers:           86216 kB
Cached:          1110696 kB
MemTotal:        1844596 kB
MemFree:          363460 kB
MemAvailable:    1452720 kB
Buffers:           86216 kB
Cached:          1110696 kB
MemTotal:        1844596 kB
MemFree:          363460 kB
MemAvailable:    1452720 kB
Buffers:           86216 kB
Cached:          1110696 kB
MemTotal:        1844596 kB
MemFree:          363312 kB
MemAvailable:    1452572 kB
Buffers:           86216 kB
Cached:          1110696 kB
MemTotal:        1844596 kB
MemFree:          363456 kB
MemAvailable:    1452716 kB
Buffers:           86216 kB
Cached:          1110696 kB
MemTotal:        1844596 kB
MemFree:          362048 kB
MemAvailable:    1451308 kB
Buffers:           86216 kB
Cached:          1110696 kB
MemTotal:        1844596 kB
MemFree:          360864 kB
MemAvailable:    1450124 kB
Buffers:           86216 kB
Cached:          1110696 kB
MemTotal:        1844596 kB
MemFree:          361468 kB
MemAvailable:    1450728 kB
Buffers:           86216 kB
Cached:          1110696 kB
MemTotal:        1844596 kB
MemFree:          361468 kB
MemAvailable:    1450728 kB
Buffers:           86216 kB
Cached:          1110696 kB
MemTotal:        1844596 kB
MemFree:          359940 kB
MemAvailable:    1449200 kB
Buffers:           86216 kB
Cached:          1110696 kB
MemTotal:        1844596 kB
MemFree:          361240 kB
MemAvailable:    1450500 kB
Buffers:           86216 kB
Cached:          1110696 kB
MemTotal:        1844596 kB
MemFree:          360984 kB
MemAvailable:    1450244 kB
Buffers:           86216 kB
Cached:          1110696 kB
MemTotal:        1844596 kB
MemFree:          359676 kB
MemAvailable:    1448936 kB
Buffers:           86216 kB
Cached:          1110696 kB
MemTotal:        1844596 kB
MemFree:          359676 kB
MemAvailable:    1448936 kB
Buffers:           86216 kB
Cached:          1110696 kB
MemTotal:        1844596 kB
MemFree:          359624 kB
MemAvailable:    1448884 kB
Buffers:           86216 kB
Cached:          1110696 kB
MemTotal:        1844596 kB
MemFree:          360544 kB
MemAvailable:    1449804 kB
Buffers:           86216 kB
Cached:          1110696 kB
MemTotal:        1844596 kB
MemFree:          360304 kB
MemAvailable:    1449564 kB
Buffers:           86216 kB
Cached:          1110696 kB
MemTotal:        1844596 kB
MemFree:          360556 kB
MemAvailable:    1449816 kB
Buffers:           86216 kB
Cached:          1110696 kB
MemTotal:        1844596 kB
MemFree:          360288 kB
MemAvailable:    1449548 kB
Buffers:           86216 kB
Cached:          1110696 kB
MemTotal:        1844596 kB
MemFree:          360248 kB
MemAvailable:    1449508 kB
Buffers:           86216 kB
Cached:          1110696 kB
MemTotal:        1844596 kB
MemFree:          359368 kB
MemAvailable:    1448628 kB
Buffers:           86216 kB
Cached:          1110696 kB
MemTotal:        1844596 kB
MemFree:          360304 kB
MemAvailable:    1449568 kB
Buffers:           86216 kB
Cached:          1110700 kB
MemTotal:        1844596 kB
MemFree:          360040 kB
MemAvailable:    1449304 kB
Buffers:           86216 kB
Cached:          1110700 kB
MemTotal:        1844596 kB
MemFree:          358864 kB
MemAvailable:    1448128 kB
Buffers:           86216 kB
Cached:          1110700 kB
MemTotal:        1844596 kB
MemFree:          360104 kB
MemAvailable:    1449368 kB
Buffers:           86216 kB
Cached:          1110700 kB
MemTotal:        1844596 kB
MemFree:          359608 kB
MemAvailable:    1448872 kB
Buffers:           86216 kB
Cached:          1110700 kB
MemTotal:        1844596 kB
MemFree:          359608 kB
MemAvailable:    1448872 kB
Buffers:           86216 kB
Cached:          1110700 kB
MemTotal:        1844596 kB
MemFree:          358328 kB
MemAvailable:    1447592 kB
Buffers:           86216 kB
Cached:          1110700 kB
MemTotal:        1844596 kB
MemFree:          359620 kB
MemAvailable:    1448884 kB
Buffers:           86216 kB
Cached:          1110700 kB
MemTotal:        1844596 kB
MemFree:          359496 kB
MemAvailable:    1448760 kB
Buffers:           86216 kB
Cached:          1110700 kB
MemTotal:        1844596 kB
MemFree:          358232 kB
MemAvailable:    1447496 kB
Buffers:           86216 kB
Cached:          1110700 kB
MemTotal:        1844596 kB
MemFree:          359532 kB
MemAvailable:    1448796 kB
Buffers:           86216 kB
Cached:          1110700 kB
MemTotal:        1844596 kB
MemFree:          359452 kB
MemAvailable:    1448716 kB
Buffers:           86216 kB
Cached:          1110700 kB
MemTotal:        1844596 kB
MemFree:          359452 kB
MemAvailable:    1448716 kB
Buffers:           86216 kB
Cached:          1110700 kB
MemTotal:        1844596 kB
MemFree:          359304 kB
MemAvailable:    1448568 kB
Buffers:           86216 kB
Cached:          1110700 kB
MemTotal:        1844596 kB
