MemTotal:        1844596 kB
MemFree:          585948 kB
MemAvailable:    1571920 kB
Buffers:           78288 kB
Cached:          1024664 kB
MemTotal:        1844596 kB
MemFree:          583724 kB
MemAvailable:    1569696 kB
Buffers:           78288 kB
Cached:          1024664 kB
MemTotal:        1844596 kB
MemFree:          582476 kB
MemAvailable:    1568448 kB
Buffers:           78288 kB
Cached:          1024664 kB
MemTotal:        1844596 kB
MemFree:          580924 kB
MemAvailable:    1566896 kB
Buffers:           78288 kB
Cached:          1024664 kB
MemTotal:        1844596 kB
MemFree:          580932 kB
MemAvailable:    1566904 kB
Buffers:           78288 kB
Cached:          1024664 kB
MemTotal:        1844596 kB
MemFree:          579872 kB
MemAvailable:    1565844 kB
Buffers:           78288 kB
Cached:          1024664 kB
MemTotal:        1844596 kB
MemFree:          578004 kB
MemAvailable:    1563976 kB
Buffers:           78288 kB
Cached:          1024664 kB
MemTotal:        1844596 kB
MemFree:          577720 kB
MemAvailable:    1563692 kB
Buffers:           78288 kB
Cached:          1024664 kB
MemTotal:        1844596 kB
MemFree:          575540 kB
MemAvailable:    1561512 kB
Buffers:           78288 kB
Cached:          1024664 kB
MemTotal:        1844596 kB
MemFree:          574112 kB
MemAvailable:    1560084 kB
Buffers:           78288 kB
Cached:          1024664 kB
MemTotal:        1844596 kB
MemFree:          570324 kB
MemAvailable:    1556296 kB
Buffers:           78288 kB
Cached:          1024664 kB
MemTotal:        1844596 kB
MemFree:          570732 kB
MemAvailable:    1556704 kB
Buffers:           78288 kB
Cached:          1024664 kB
MemTotal:        1844596 kB
MemFree:          570944 kB
MemAvailable:    1556916 kB
Buffers:           78288 kB
Cached:          1024664 kB
MemTotal:        1844596 kB
MemFree:          572132 kB
MemAvailable:    1558104 kB
Buffers:           78288 kB
Cached:          1024664 kB
MemTotal:        1844596 kB
MemFree:          572132 kB
MemAvailable:    1558104 kB
Buffers:           78288 kB
Cached:          1024664 kB
MemTotal:        1844596 kB
MemFree:          571872 kB
MemAvailable:    1557844 kB
Buffers:           78288 kB
Cached:          1024664 kB
MemTotal:        1844596 kB
MemFree:          571872 kB
MemAvailable:    1557844 kB
Buffers:           78288 kB
Cached:          1024664 kB
MemTotal:        1844596 kB
MemFree:          570560 kB
MemAvailable:    1556532 kB
Buffers:           78288 kB
Cached:          1024664 kB
MemTotal:        1844596 kB
MemFree:          570436 kB
MemAvailable:    1556408 kB
Buffers:           78288 kB
Cached:          1024664 kB
MemTotal:        1844596 kB
MemFree:          570676 kB
MemAvailable:    1556648 kB
Buffers:           78288 kB
Cached:          1024664 kB
MemTotal:        1844596 kB
MemFree:          570456 kB
MemAvailable:    1556428 kB
Buffers:           78288 kB
Cached:          1024664 kB
MemTotal:        1844596 kB
MemFree:          570208 kB
MemAvailable:    1556180 kB
Buffers:           78288 kB
Cached:          1024664 kB
MemTotal:        1844596 kB
MemFree:          569828 kB
MemAvailable:    1555804 kB
Buffers:           78288 kB
Cached:          1024668 kB
MemTotal:        1844596 kB
MemFree:          568968 kB
MemAvailable:    1554944 kB
Buffers:           78288 kB
Cached:          1024668 kB
MemTotal:        1844596 kB
MemFree:          569568 kB
MemAvailable:    1555544 kB
Buffers:           78288 kB
Cached:          1024668 kB
MemTotal:        1844596 kB
MemFree:          569824 kB
MemAvailable:    1555800 kB
Buffers:           78288 kB
Cached:          1024668 kB
MemTotal:        1844596 kB
MemFree:          568456 kB
MemAvailable:    1554432 kB
Buffers:           78288 kB
Cached:          1024668 kB
MemTotal:        1844596 kB
MemFree:          568296 kB
MemAvailable:    1554272 kB
Buffers:           78288 kB
Cached:          1024668 kB
MemTotal:        1844596 kB
MemFree:          568288 kB
MemAvailable:    1554264 kB
Buffers:           78288 kB
Cached:          1024668 kB
MemTotal:        1844596 kB
MemFree:          569596 kB
MemAvailable:    1555572 kB
Buffers:           78288 kB
Cached:          1024668 kB
MemTotal:        1844596 kB
MemFree:          568596 kB
MemAvailable:    1554572 kB
Buffers:           78288 kB
Cached:          1024668 kB
MemTotal:        1844596 kB
MemFree:          569704 kB
MemAvailable:    1555680 kB
Buffers:           78288 kB
Cached:          1024668 kB
MemTotal:        1844596 kB
MemFree:          569704 kB
MemAvailable:    1555680 kB
Buffers:           78288 kB
Cached:          1024668 kB
MemTotal:        1844596 kB
MemFree:          569400 kB
MemAvailable:    1555376 kB
Buffers:           78288 kB
Cached:          1024668 kB
MemTotal:        1844596 kB
MemFree:          569736 kB
MemAvailable:    1555712 kB
Buffers:           78288 kB
Cached:          1024668 kB
MemTotal:        1844596 kB
MemFree:          566356 kB
MemAvailable:    1552332 kB
Buffers:           78288 kB
Cached:          1024668 kB
MemTotal:        1844596 kB
MemFree:          565124 kB
MemAvailable:    1551100 kB
Buffers:           78288 kB
Cached:          1024668 kB
MemTotal:        1844596 kB
MemFree:          564920 kB
MemAvailable:    1550896 kB
Buffers:           78288 kB
Cached:          1024668 kB
MemTotal:        1844596 kB
MemFree:          563620 kB
MemAvailable:    1549596 kB
Buffers:           78288 kB
Cached:          1024668 kB
MemTotal:        1844596 kB
MemFree:          564796 kB
MemAvailable:    1550772 kB
Buffers:           78288 kB
Cached:          1024668 kB
MemTotal:        1844596 kB
MemFree:          563620 kB
MemAvailable:    1549596 kB
Buffers:           78288 kB
Cached:          1024668 kB
MemTotal:        1844596 kB
MemFree:          563744 kB
MemAvailable:    1549720 kB
Buffers:           78288 kB
Cached:          1024668 kB
MemTotal:        1844596 kB
MemFree:          563736 kB
MemAvailable:    1549712 kB
Buffers:           78288 kB
Cached:          1024668 kB
MemTotal:        1844596 kB
MemFree:          564440 kB
MemAvailable:    1550416 kB
Buffers:           78288 kB
Cached:          1024668 kB
MemTotal:        1844596 kB
MemFree:          563008 kB
MemAvailable:    1548984 kB
Buffers:           78288 kB
Cached:          1024668 kB
MemTotal:        1844596 kB
MemFree:          562876 kB
MemAvailable:    1548852 kB
Buffers:           78288 kB
Cached:          1024668 kB
MemTotal:        1844596 kB
MemFree:          563820 kB
MemAvailable:    1549796 kB
Buffers:           78288 kB
Cached:          1024668 kB
MemTotal:        1844596 kB
MemFree:          563712 kB
MemAvailable:    1549688 kB
Buffers:           78288 kB
Cached:          1024668 kB
MemTotal:        1844596 kB
MemFree:          563504 kB
MemAvailable:    1549480 kB
Buffers:           78288 kB
Cached:          1024668 kB
MemTotal:        1844596 kB
MemFree:          563696 kB
MemAvailable:    1549672 kB
Buffers:           78288 kB
Cached:          1024668 kB
MemTotal:        1844596 kB
MemFree:          562348 kB
MemAvailable:    1548324 kB
Buffers:           78288 kB
Cached:          1024668 kB
MemTotal:        1844596 kB
MemFree:          563324 kB
MemAvailable:    1549300 kB
Buffers:           78288 kB
Cached:          1024668 kB
MemTotal:        1844596 kB
MemFree:          563588 kB
MemAvailable:    1549568 kB
Buffers:           78288 kB
Cached:          1024672 kB
MemTotal:        1844596 kB
MemFree:          562084 kB
MemAvailable:    1548064 kB
Buffers:           78288 kB
Cached:          1024672 kB
MemTotal:        1844596 kB
MemFree:          562084 kB
MemAvailable:    1548064 kB
Buffers:           78288 kB
Cached:          1024672 kB
MemTotal:        1844596 kB
MemFree:          561968 kB
MemAvailable:    1547948 kB
Buffers:           78288 kB
Cached:          1024672 kB
MemTotal:        1844596 kB
MemFree:          563072 kB
MemAvailable:    1549052 kB
Buffers:           78288 kB
Cached:          1024672 kB
MemTotal:        1844596 kB
MemFree:          563240 kB
MemAvailable:    1549220 kB
Buffers:           78288 kB
Cached:          1024672 kB
MemTotal:        1844596 kB
MemFree:          562988 kB
MemAvailable:    1548968 kB
Buffers:           78288 kB
Cached:          1024672 kB
MemTotal:        1844596 kB
MemFree:          563324 kB
MemAvailable:    1549304 kB
Buffers:           78288 kB
Cached:          1024672 kB
MemTotal:        1844596 kB
MemFree:          561956 kB
MemAvailable:    1547936 kB
Buffers:           78288 kB
Cached:          1024672 kB
MemTotal:        1844596 kB
MemFree:          563240 kB
MemAvailable:    1549220 kB
Buffers:           78288 kB
Cached:          1024672 kB
MemTotal:        1844596 kB
MemFree:          562768 kB
MemAvailable:    1548748 kB
Buffers:           78288 kB
Cached:          1024672 kB
MemTotal:        1844596 kB
MemFree:          563440 kB
MemAvailable:    1549424 kB
Buffers:           78288 kB
Cached:          1024676 kB
MemTotal:        1844596 kB
MemFree:          561776 kB
MemAvailable:    1547760 kB
Buffers:           78288 kB
Cached:          1024676 kB
MemTotal:        1844596 kB
MemFree:          557800 kB
MemAvailable:    1543784 kB
Buffers:           78288 kB
Cached:          1024676 kB
MemTotal:        1844596 kB
MemFree:          556436 kB
MemAvailable:    1542420 kB
Buffers:           78288 kB
Cached:          1024676 kB
MemTotal:        1844596 kB
MemFree:          556864 kB
MemAvailable:    1542848 kB
Buffers:           78288 kB
Cached:          1024676 kB
MemTotal:        1844596 kB
MemFree:          557116 kB
MemAvailable:    1543100 kB
Buffers:           78288 kB
Cached:          1024676 kB
MemTotal:        1844596 kB
MemFree:          555452 kB
MemAvailable:    1541436 kB
Buffers:           78288 kB
Cached:          1024676 kB
MemTotal:        1844596 kB
MemFree:          555576 kB
MemAvailable:    1541560 kB
Buffers:           78288 kB
Cached:          1024676 kB
MemTotal:        1844596 kB
MemFree:          556444 kB
MemAvailable:    1542428 kB
Buffers:           78288 kB
Cached:          1024676 kB
MemTotal:        1844596 kB
MemFree:          555320 kB
MemAvailable:    1541304 kB
Buffers:           78288 kB
Cached:          1024676 kB
MemTotal:        1844596 kB
MemFree:          556044 kB
MemAvailable:    1542028 kB
Buffers:           78288 kB
Cached:          1024676 kB
MemTotal:        1844596 kB
MemFree:          556044 kB
MemAvailable:    1542028 kB
Buffers:           78288 kB
Cached:          1024676 kB
MemTotal:        1844596 kB
MemFree:          556000 kB
MemAvailable:    1541984 kB
Buffers:           78288 kB
Cached:          1024676 kB
MemTotal:        1844596 kB
MemFree:          554452 kB
MemAvailable:    1540436 kB
Buffers:           78288 kB
Cached:          1024676 kB
MemTotal:        1844596 kB
MemFree:          555380 kB
MemAvailable:    1541364 kB
Buffers:           78288 kB
Cached:          1024676 kB
MemTotal:        1844596 kB
MemFree:          554212 kB
MemAvailable:    1540196 kB
Buffers:           78288 kB
Cached:          1024676 kB
MemTotal:        1844596 kB
MemFree:          555084 kB
MemAvailable:    1541068 kB
Buffers:           78288 kB
Cached:          1024676 kB
MemTotal:        1844596 kB
MemFree:          554828 kB
MemAvailable:    1540812 kB
Buffers:           78288 kB
Cached:          1024676 kB
MemTotal:        1844596 kB
MemFree:          554336 kB
MemAvailable:    1540320 kB
Buffers:           78288 kB
Cached:          1024676 kB
MemTotal:        1844596 kB
MemFree:          553096 kB
MemAvailable:    1539080 kB
Buffers:           78288 kB
Cached:          1024676 kB
MemTotal:        1844596 kB
MemFree:          553528 kB
MemAvailable:    1539512 kB
Buffers:           78288 kB
Cached:          1024676 kB
MemTotal:        1844596 kB
MemFree:          552476 kB
MemAvailable:    1538460 kB
Buffers:           78288 kB
Cached:          1024676 kB
MemTotal:        1844596 kB
MemFree:          553276 kB
MemAvailable:    1539260 kB
Buffers:           78288 kB
Cached:          1024676 kB
MemTotal:        1844596 kB
MemFree:          553500 kB
MemAvailable:    1539484 kB
Buffers:           78288 kB
Cached:          1024676 kB
MemTotal:        1844596 kB
MemFree:          552104 kB
MemAvailable:    1538088 kB
Buffers:           78288 kB
Cached:          1024676 kB
MemTotal:        1844596 kB
MemFree:          552056 kB
MemAvailable:    1538040 kB
Buffers:           78288 kB
Cached:          1024676 kB
MemTotal:        1844596 kB
MemFree:          553404 kB
MemAvailable:    1539388 kB
Buffers:           78288 kB
Cached:          1024676 kB
MemTotal:        1844596 kB
MemFree:          552848 kB
MemAvailable:    1538832 kB
Buffers:           78288 kB
Cached:          1024676 kB
MemTotal:        1844596 kB
MemFree:          553276 kB
MemAvailable:    1539260 kB
Buffers:           78288 kB
Cached:          1024676 kB
MemTotal:        1844596 kB
MemFree:          553500 kB
MemAvailable:    1539484 kB
Buffers:           78288 kB
Cached:          1024676 kB
MemTotal:        1844596 kB
MemFree:          553204 kB
MemAvailable:    1539188 kB
Buffers:           78288 kB
Cached:          1024676 kB
MemTotal:        1844596 kB
MemFree:          553204 kB
MemAvailable:    1539188 kB
Buffers:           78288 kB
Cached:          1024676 kB
MemTotal:        1844596 kB
MemFree:          553148 kB
MemAvailable:    1539132 kB
Buffers:           78288 kB
Cached:          1024676 kB
MemTotal:        1844596 kB
MemFree:          553484 kB
MemAvailable:    1539468 kB
Buffers:           78288 kB
Cached:          1024676 kB
MemTotal:        1844596 kB
MemFree:          552956 kB
MemAvailable:    1538940 kB
Buffers:           78288 kB
Cached:          1024676 kB
MemTotal:        1844596 kB
MemFree:          552164 kB
MemAvailable:    1538148 kB
Buffers:           78288 kB
Cached:          1024676 kB
MemTotal:        1844596 kB
MemFree:          550820 kB
MemAvailable:    1536804 kB
Buffers:           78288 kB
Cached:          1024676 kB
MemTotal:        1844596 kB
MemFree:          552468 kB
MemAvailable:    1538452 kB
Buffers:           78288 kB
Cached:          1024676 kB
MemTotal:        1844596 kB
MemFree:          551940 kB
MemAvailable:    1537924 kB
Buffers:           78288 kB
Cached:          1024676 kB
MemTotal:        1844596 kB
MemFree:          550716 kB
MemAvailable:    1536700 kB
Buffers:           78288 kB
Cached:          1024676 kB
MemTotal:        1844596 kB
MemFree:          551652 kB
MemAvailable:    1537636 kB
Buffers:           78288 kB
Cached:          1024676 kB
MemTotal:        1844596 kB
MemFree:          550404 kB
MemAvailable:    1536388 kB
Buffers:           78288 kB
Cached:          1024676 kB
MemTotal:        1844596 kB
MemFree:          550652 kB
MemAvailable:    1536636 kB
Buffers:           78288 kB
Cached:          1024676 kB
MemTotal:        1844596 kB
MemFree:          549616 kB
MemAvailable:    1535600 kB
Buffers:           78288 kB
Cached:          1024676 kB
MemTotal:        1844596 kB
MemFree:          549624 kB
MemAvailable:    1535608 kB
Buffers:           78288 kB
Cached:          1024676 kB
MemTotal:        1844596 kB
MemFree:          550740 kB
MemAvailable:    1536724 kB
Buffers:           78288 kB
Cached:          1024676 kB
MemTotal:        1844596 kB
MemFree:          549576 kB
MemAvailable:    1535560 kB
Buffers:           78288 kB
Cached:          1024676 kB
MemTotal:        1844596 kB
MemFree:          550844 kB
MemAvailable:    1536828 kB
Buffers:           78288 kB
Cached:          1024676 kB
MemTotal:        1844596 kB
MemFree:          550548 kB
MemAvailable:    1536532 kB
Buffers:           78288 kB
Cached:          1024676 kB
MemTotal:        1844596 kB
MemFree:          549740 kB
MemAvailable:    1535724 kB
Buffers:           78288 kB
Cached:          1024676 kB
MemTotal:        1844596 kB
MemFree:          550600 kB
MemAvailable:    1536584 kB
Buffers:           78288 kB
Cached:          1024676 kB
MemTotal:        1844596 kB
MemFree:          550936 kB
MemAvailable:    1536920 kB
Buffers:           78288 kB
Cached:          1024676 kB
MemTotal:        1844596 kB
MemFree:          549972 kB
MemAvailable:    1535956 kB
Buffers:           78288 kB
Cached:          1024676 kB
MemTotal:        1844596 kB
MemFree:          550308 kB
MemAvailable:    1536292 kB
Buffers:           78288 kB
Cached:          1024676 kB
MemTotal:        1844596 kB
MemFree:          547260 kB
MemAvailable:    1533244 kB
Buffers:           78288 kB
Cached:          1024676 kB
MemTotal:        1844596 kB
MemFree:          543664 kB
MemAvailable:    1529648 kB
Buffers:           78288 kB
Cached:          1024676 kB
MemTotal:        1844596 kB
MemFree:          543664 kB
MemAvailable:    1529648 kB
Buffers:           78288 kB
Cached:          1024676 kB
MemTotal:        1844596 kB
MemFree:          541432 kB
MemAvailable:    1527416 kB
Buffers:           78288 kB
Cached:          1024676 kB
MemTotal:        1844596 kB
MemFree:          541688 kB
MemAvailable:    1527672 kB
Buffers:           78288 kB
Cached:          1024676 kB
MemTotal:        1844596 kB
MemFree:          540944 kB
MemAvailable:    1526928 kB
Buffers:           78288 kB
Cached:          1024676 kB
MemTotal:        1844596 kB
MemFree:          540076 kB
MemAvailable:    1526060 kB
Buffers:           78288 kB
Cached:          1024676 kB
MemTotal:        1844596 kB
MemFree:          540684 kB
MemAvailable:    1526668 kB
Buffers:           78288 kB
Cached:          1024676 kB
MemTotal:        1844596 kB
MemFree:          538928 kB
MemAvailable:    1524912 kB
Buffers:           78288 kB
Cached:          1024676 kB
MemTotal:        1844596 kB
MemFree:          540104 kB
MemAvailable:    1526088 kB
Buffers:           78288 kB
Cached:          1024676 kB
MemTotal:        1844596 kB
MemFree:          539936 kB
MemAvailable:    1525920 kB
Buffers:           78288 kB
Cached:          1024676 kB
MemTotal:        1844596 kB
MemFree:          539036 kB
MemAvailable:    1525020 kB
Buffers:           78288 kB
Cached:          1024676 kB
MemTotal:        1844596 kB
MemFree:          539120 kB
MemAvailable:    1525104 kB
Buffers:           78288 kB
Cached:          1024676 kB
MemTotal:        1844596 kB
MemFree:          538852 kB
MemAvailable:    1524836 kB
Buffers:           78288 kB
Cached:          1024676 kB
MemTotal:        1844596 kB
MemFree:          539020 kB
MemAvailable:    1525004 kB
Buffers:           78288 kB
Cached:          1024676 kB
MemTotal:        1844596 kB
MemFree:          538748 kB
MemAvailable:    1524740 kB
Buffers:           78288 kB
Cached:          1024684 kB
MemTotal:        1844596 kB
MemFree:          539004 kB
MemAvailable:    1524996 kB
Buffers:           78288 kB
Cached:          1024684 kB
MemTotal:        1844596 kB
MemFree:          537668 kB
MemAvailable:    1523660 kB
Buffers:           78288 kB
Cached:          1024684 kB
MemTotal:        1844596 kB
MemFree:          537800 kB
MemAvailable:    1523792 kB
Buffers:           78288 kB
Cached:          1024684 kB
MemTotal:        1844596 kB
MemFree:          537676 kB
MemAvailable:    1523668 kB
Buffers:           78288 kB
Cached:          1024684 kB
MemTotal:        1844596 kB
MemFree:          537688 kB
MemAvailable:    1523680 kB
Buffers:           78288 kB
Cached:          1024684 kB
MemTotal:        1844596 kB
MemFree:          537516 kB
MemAvailable:    1523508 kB
Buffers:           78288 kB
Cached:          1024684 kB
MemTotal:        1844596 kB
MemFree:          537680 kB
MemAvailable:    1523672 kB
Buffers:           78288 kB
Cached:          1024684 kB
MemTotal:        1844596 kB
MemFree:          538664 kB
MemAvailable:    1524656 kB
Buffers:           78288 kB
Cached:          1024684 kB
MemTotal:        1844596 kB
MemFree:          539000 kB
MemAvailable:    1524992 kB
Buffers:           78288 kB
Cached:          1024684 kB
MemTotal:        1844596 kB
MemFree:          537632 kB
MemAvailable:    1523624 kB
Buffers:           78288 kB
Cached:          1024684 kB
MemTotal:        1844596 kB
MemFree:          538976 kB
MemAvailable:    1524968 kB
Buffers:           78288 kB
Cached:          1024684 kB
MemTotal:        1844596 kB
MemFree:          538308 kB
MemAvailable:    1524300 kB
Buffers:           78288 kB
Cached:          1024684 kB
MemTotal:        1844596 kB
MemFree:          538784 kB
MemAvailable:    1524776 kB
Buffers:           78288 kB
Cached:          1024684 kB
MemTotal:        1844596 kB
MemFree:          539040 kB
MemAvailable:    1525032 kB
Buffers:           78288 kB
Cached:          1024684 kB
MemTotal:        1844596 kB
MemFree:          538012 kB
MemAvailable:    1524004 kB
Buffers:           78288 kB
Cached:          1024684 kB
MemTotal:        1844596 kB
MemFree:          534588 kB
MemAvailable:    1520580 kB
Buffers:           78288 kB
Cached:          1024684 kB
MemTotal:        1844596 kB
MemFree:          533472 kB
MemAvailable:    1519464 kB
Buffers:           78288 kB
Cached:          1024684 kB
MemTotal:        1844596 kB
MemFree:          530232 kB
MemAvailable:    1516224 kB
Buffers:           78288 kB
Cached:          1024684 kB
MemTotal:        1844596 kB
MemFree:          530320 kB
MemAvailable:    1516312 kB
Buffers:           78288 kB
Cached:          1024684 kB
MemTotal:        1844596 kB
MemFree:          525900 kB
MemAvailable:    1511892 kB
Buffers:           78288 kB
Cached:          1024684 kB
MemTotal:        1844596 kB
MemFree:          527084 kB
MemAvailable:    1513076 kB
Buffers:           78288 kB
Cached:          1024684 kB
MemTotal:        1844596 kB
MemFree:          526032 kB
MemAvailable:    1512024 kB
Buffers:           78288 kB
Cached:          1024684 kB
MemTotal:        1844596 kB
MemFree:          526632 kB
MemAvailable:    1512624 kB
Buffers:           78288 kB
Cached:          1024684 kB
MemTotal:        1844596 kB
MemFree:          526888 kB
MemAvailable:    1512880 kB
Buffers:           78288 kB
Cached:          1024684 kB
MemTotal:        1844596 kB
MemFree:          525404 kB
MemAvailable:    1511396 kB
Buffers:           78288 kB
Cached:          1024684 kB
MemTotal:        1844596 kB
MemFree:          525404 kB
MemAvailable:    1511396 kB
Buffers:           78288 kB
Cached:          1024684 kB
MemTotal:        1844596 kB
MemFree:          526644 kB
MemAvailable:    1512636 kB
Buffers:           78288 kB
Cached:          1024684 kB
MemTotal:        1844596 kB
MemFree:          526728 kB
MemAvailable:    1512720 kB
Buffers:           78288 kB
Cached:          1024684 kB
MemTotal:        1844596 kB
MemFree:          526844 kB
MemAvailable:    1512836 kB
Buffers:           78292 kB
Cached:          1024680 kB
MemTotal:        1844596 kB
MemFree:          525604 kB
MemAvailable:    1511596 kB
Buffers:           78292 kB
Cached:          1024680 kB
MemTotal:        1844596 kB
MemFree:          526580 kB
MemAvailable:    1512572 kB
Buffers:           78292 kB
Cached:          1024680 kB
MemTotal:        1844596 kB
MemFree:          525272 kB
MemAvailable:    1511264 kB
Buffers:           78292 kB
Cached:          1024680 kB
MemTotal:        1844596 kB
MemFree:          525264 kB
MemAvailable:    1511256 kB
Buffers:           78292 kB
Cached:          1024680 kB
MemTotal:        1844596 kB
MemFree:          526504 kB
MemAvailable:    1512496 kB
Buffers:           78292 kB
Cached:          1024680 kB
MemTotal:        1844596 kB
MemFree:          526540 kB
MemAvailable:    1512532 kB
Buffers:           78292 kB
Cached:          1024680 kB
MemTotal:        1844596 kB
MemFree:          525536 kB
MemAvailable:    1511528 kB
Buffers:           78292 kB
Cached:          1024680 kB
MemTotal:        1844596 kB
MemFree:          526272 kB
MemAvailable:    1512268 kB
Buffers:           78292 kB
Cached:          1024684 kB
MemTotal:        1844596 kB
MemFree:          526272 kB
MemAvailable:    1512268 kB
Buffers:           78292 kB
Cached:          1024684 kB
MemTotal:        1844596 kB
MemFree:          526288 kB
MemAvailable:    1512284 kB
Buffers:           78292 kB
Cached:          1024684 kB
MemTotal:        1844596 kB
MemFree:          526276 kB
MemAvailable:    1512272 kB
Buffers:           78292 kB
Cached:          1024684 kB
MemTotal:        1844596 kB
MemFree:          524852 kB
MemAvailable:    1510848 kB
Buffers:           78292 kB
Cached:          1024684 kB
MemTotal:        1844596 kB
MemFree:          524976 kB
MemAvailable:    1510972 kB
Buffers:           78292 kB
Cached:          1024684 kB
MemTotal:        1844596 kB
MemFree:          525012 kB
MemAvailable:    1511008 kB
Buffers:           78292 kB
Cached:          1024684 kB
MemTotal:        1844596 kB
MemFree:          525536 kB
MemAvailable:    1511532 kB
Buffers:           78292 kB
Cached:          1024684 kB
MemTotal:        1844596 kB
MemFree:          526528 kB
MemAvailable:    1512524 kB
Buffers:           78292 kB
Cached:          1024684 kB
MemTotal:        1844596 kB
MemFree:          526332 kB
MemAvailable:    1512328 kB
Buffers:           78292 kB
Cached:          1024684 kB
MemTotal:        1844596 kB
MemFree:          526392 kB
MemAvailable:    1512388 kB
Buffers:           78292 kB
Cached:          1024684 kB
MemTotal:        1844596 kB
MemFree:          525536 kB
MemAvailable:    1511532 kB
Buffers:           78292 kB
Cached:          1024684 kB
MemTotal:        1844596 kB
MemFree:          526220 kB
MemAvailable:    1512216 kB
Buffers:           78292 kB
Cached:          1024684 kB
MemTotal:        1844596 kB
MemFree:          526472 kB
MemAvailable:    1512468 kB
Buffers:           78292 kB
Cached:          1024684 kB
MemTotal:        1844596 kB
MemFree:          524992 kB
MemAvailable:    1510988 kB
Buffers:           78292 kB
Cached:          1024684 kB
MemTotal:        1844596 kB
MemFree:          526280 kB
MemAvailable:    1512276 kB
Buffers:           78292 kB
Cached:          1024684 kB
MemTotal:        1844596 kB
MemFree:          525348 kB
MemAvailable:    1511344 kB
Buffers:           78292 kB
Cached:          1024684 kB
MemTotal:        1844596 kB
MemFree:          521752 kB
MemAvailable:    1507748 kB
Buffers:           78292 kB
Cached:          1024684 kB
MemTotal:        1844596 kB
MemFree:          519460 kB
MemAvailable:    1505456 kB
Buffers:           78292 kB
Cached:          1024684 kB
MemTotal:        1844596 kB
MemFree:          515980 kB
MemAvailable:    1501976 kB
Buffers:           78292 kB
Cached:          1024684 kB
MemTotal:        1844596 kB
MemFree:          516064 kB
MemAvailable:    1502060 kB
Buffers:           78292 kB
Cached:          1024684 kB
MemTotal:        1844596 kB
MemFree:          514740 kB
MemAvailable:    1500736 kB
Buffers:           78292 kB
Cached:          1024684 kB
MemTotal:        1844596 kB
MemFree:          515724 kB
MemAvailable:    1501720 kB
Buffers:           78292 kB
Cached:          1024684 kB
MemTotal:        1844596 kB
MemFree:          516060 kB
MemAvailable:    1502056 kB
Buffers:           78292 kB
Cached:          1024684 kB
MemTotal:        1844596 kB
MemFree:          515740 kB
MemAvailable:    1501736 kB
Buffers:           78292 kB
Cached:          1024684 kB
MemTotal:        1844596 kB
MemFree:          515988 kB
MemAvailable:    1501984 kB
Buffers:           78292 kB
Cached:          1024684 kB
MemTotal:        1844596 kB
MemFree:          514696 kB
MemAvailable:    1500692 kB
Buffers:           78292 kB
Cached:          1024684 kB
MemTotal:        1844596 kB
MemFree:          515928 kB
MemAvailable:    1501924 kB
Buffers:           78292 kB
Cached:          1024684 kB
MemTotal:        1844596 kB
MemFree:          514688 kB
MemAvailable:    1500684 kB
Buffers:           78292 kB
Cached:          1024684 kB
MemTotal:        1844596 kB
MemFree:          514624 kB
MemAvailable:    1500620 kB
Buffers:           78292 kB
Cached:          1024684 kB
MemTotal:        1844596 kB
MemFree:          515236 kB
MemAvailable:    1501232 kB
Buffers:           78292 kB
Cached:          1024684 kB
MemTotal:        1844596 kB
MemFree:          516296 kB
MemAvailable:    1502292 kB
Buffers:           78292 kB
Cached:          1024684 kB
MemTotal:        1844596 kB
MemFree:          515244 kB
MemAvailable:    1501116 kB
Buffers:           78292 kB
Cached:          1024684 kB
MemTotal:        1844596 kB
MemFree:          515720 kB
MemAvailable:    1501716 kB
Buffers:           78292 kB
Cached:          1024684 kB
MemTotal:        1844596 kB
MemFree:          515720 kB
MemAvailable:    1501716 kB
Buffers:           78292 kB
Cached:          1024684 kB
MemTotal:        1844596 kB
MemFree:          514176 kB
MemAvailable:    1500172 kB
Buffers:           78292 kB
Cached:          1024684 kB
MemTotal:        1844596 kB
MemFree:          514120 kB
MemAvailable:    1500116 kB
Buffers:           78292 kB
Cached:          1024684 kB
MemTotal:        1844596 kB
MemFree:          514112 kB
MemAvailable:    1500116 kB
Buffers:           78292 kB
Cached:          1024692 kB
MemTotal:        1844596 kB
MemFree:          514112 kB
MemAvailable:    1500116 kB
Buffers:           78292 kB
Cached:          1024692 kB
MemTotal:        1844596 kB
MemFree:          512384 kB
MemAvailable:    1498388 kB
Buffers:           78292 kB
Cached:          1024692 kB
MemTotal:        1844596 kB
MemFree:          512756 kB
MemAvailable:    1498760 kB
Buffers:           78292 kB
Cached:          1024692 kB
MemTotal:        1844596 kB
MemFree:          513632 kB
MemAvailable:    1499636 kB
Buffers:           78292 kB
Cached:          1024692 kB
MemTotal:        1844596 kB
MemFree:          512640 kB
MemAvailable:    1498644 kB
Buffers:           78292 kB
Cached:          1024692 kB
MemTotal:        1844596 kB
MemFree:          512516 kB
MemAvailable:    1498524 kB
Buffers:           78292 kB
Cached:          1024696 kB
MemTotal:        1844596 kB
MemFree:          512392 kB
MemAvailable:    1498400 kB
Buffers:           78292 kB
Cached:          1024696 kB
MemTotal:        1844596 kB
MemFree:          512516 kB
MemAvailable:    1498524 kB
Buffers:           78292 kB
Cached:          1024696 kB
MemTotal:        1844596 kB
MemFree:          512516 kB
MemAvailable:    1498524 kB
Buffers:           78292 kB
Cached:          1024696 kB
MemTotal:        1844596 kB
MemFree:          513252 kB
MemAvailable:    1499260 kB
Buffers:           78292 kB
Cached:          1024696 kB
MemTotal:        1844596 kB
MemFree:          513564 kB
MemAvailable:    1499572 kB
Buffers:           78292 kB
Cached:          1024696 kB
MemTotal:        1844596 kB
MemFree:          513816 kB
MemAvailable:    1499824 kB
Buffers:           78292 kB
Cached:          1024696 kB
MemTotal:        1844596 kB
MemFree:          513764 kB
MemAvailable:    1499772 kB
Buffers:           78292 kB
Cached:          1024696 kB
MemTotal:        1844596 kB
MemFree:          513764 kB
MemAvailable:    1499772 kB
Buffers:           78292 kB
Cached:          1024696 kB
MemTotal:        1844596 kB
MemFree:          512208 kB
MemAvailable:    1498216 kB
Buffers:           78292 kB
Cached:          1024696 kB
MemTotal:        1844596 kB
MemFree:          513632 kB
MemAvailable:    1499640 kB
Buffers:           78292 kB
Cached:          1024696 kB
MemTotal:        1844596 kB
MemFree:          513004 kB
MemAvailable:    1499012 kB
Buffers:           78292 kB
Cached:          1024696 kB
MemTotal:        1844596 kB
MemFree:          514128 kB
MemAvailable:    1500136 kB
Buffers:           78292 kB
Cached:          1024696 kB
MemTotal:        1844596 kB
MemFree:          513020 kB
MemAvailable:    1499028 kB
Buffers:           78292 kB
Cached:          1024696 kB
MemTotal:        1844596 kB
MemFree:          513880 kB
MemAvailable:    1499888 kB
Buffers:           78292 kB
Cached:          1024696 kB
MemTotal:        1844596 kB
MemFree:          512880 kB
MemAvailable:    1498888 kB
Buffers:           78292 kB
Cached:          1024696 kB
MemTotal:        1844596 kB
MemFree:          512324 kB
MemAvailable:    1498332 kB
Buffers:           78292 kB
Cached:          1024696 kB
MemTotal:        1844596 kB
MemFree:          513572 kB
MemAvailable:    1499580 kB
Buffers:           78292 kB
Cached:          1024696 kB
MemTotal:        1844596 kB
MemFree:          513476 kB
MemAvailable:    1499484 kB
Buffers:           78292 kB
Cached:          1024696 kB
MemTotal:        1844596 kB
MemFree:          513812 kB
MemAvailable:    1499820 kB
Buffers:           78292 kB
Cached:          1024696 kB
MemTotal:        1844596 kB
MemFree:          513620 kB
MemAvailable:    1499628 kB
Buffers:           78292 kB
Cached:          1024696 kB
MemTotal:        1844596 kB
MemFree:          513136 kB
MemAvailable:    1499144 kB
Buffers:           78292 kB
Cached:          1024696 kB
MemTotal:        1844596 kB
MemFree:          513480 kB
MemAvailable:    1499488 kB
Buffers:           78292 kB
Cached:          1024696 kB
MemTotal:        1844596 kB
MemFree:          513816 kB
MemAvailable:    1499824 kB
Buffers:           78292 kB
Cached:          1024696 kB
MemTotal:        1844596 kB
MemFree:          511764 kB
MemAvailable:    1497772 kB
Buffers:           78292 kB
Cached:          1024696 kB
MemTotal:        1844596 kB
MemFree:          508796 kB
MemAvailable:    1494804 kB
Buffers:           78292 kB
Cached:          1024696 kB
MemTotal:        1844596 kB
MemFree:          504440 kB
MemAvailable:    1490452 kB
Buffers:           78292 kB
Cached:          1024700 kB
MemTotal:        1844596 kB
MemFree:          504332 kB
MemAvailable:    1490344 kB
Buffers:           78292 kB
Cached:          1024700 kB
MemTotal:        1844596 kB
MemFree:          501224 kB
MemAvailable:    1487236 kB
Buffers:           78292 kB
Cached:          1024700 kB
MemTotal:        1844596 kB
MemFree:          499736 kB
MemAvailable:    1485748 kB
Buffers:           78292 kB
Cached:          1024700 kB
MemTotal:        1844596 kB
MemFree:          499728 kB
MemAvailable:    1485740 kB
Buffers:           78292 kB
Cached:          1024700 kB
MemTotal:        1844596 kB
MemFree:          499860 kB
MemAvailable:    1485872 kB
Buffers:           78292 kB
Cached:          1024700 kB
MemTotal:        1844596 kB
MemFree:          500348 kB
MemAvailable:    1486360 kB
Buffers:           78292 kB
Cached:          1024700 kB
MemTotal:        1844596 kB
MemFree:          500684 kB
MemAvailable:    1486696 kB
Buffers:           78292 kB
Cached:          1024700 kB
MemTotal:        1844596 kB
MemFree:          499232 kB
MemAvailable:    1485244 kB
Buffers:           78292 kB
Cached:          1024700 kB
MemTotal:        1844596 kB
MemFree:          500424 kB
MemAvailable:    1486436 kB
Buffers:           78292 kB
Cached:          1024700 kB
MemTotal:        1844596 kB
MemFree:          500592 kB
MemAvailable:    1486604 kB
Buffers:           78292 kB
Cached:          1024700 kB
MemTotal:        1844596 kB
MemFree:          500168 kB
MemAvailable:    1486180 kB
Buffers:           78292 kB
Cached:          1024700 kB
MemTotal:        1844596 kB
MemFree:          500504 kB
MemAvailable:    1486516 kB
Buffers:           78292 kB
Cached:          1024700 kB
MemTotal:        1844596 kB
MemFree:          499176 kB
MemAvailable:    1485188 kB
Buffers:           78292 kB
Cached:          1024700 kB
MemTotal:        1844596 kB
MemFree:          499060 kB
MemAvailable:    1485072 kB
Buffers:           78292 kB
Cached:          1024700 kB
MemTotal:        1844596 kB
MemFree:          500284 kB
MemAvailable:    1486296 kB
Buffers:           78292 kB
Cached:          1024700 kB
MemTotal:        1844596 kB
MemFree:          500356 kB
MemAvailable:    1486368 kB
Buffers:           78292 kB
Cached:          1024700 kB
MemTotal:        1844596 kB
MemFree:          499752 kB
MemAvailable:    1485764 kB
Buffers:           78292 kB
Cached:          1024700 kB
MemTotal:        1844596 kB
MemFree:          500300 kB
MemAvailable:    1486312 kB
Buffers:           78292 kB
Cached:          1024700 kB
MemTotal:        1844596 kB
MemFree:          500184 kB
MemAvailable:    1486196 kB
Buffers:           78292 kB
Cached:          1024700 kB
MemTotal:        1844596 kB
MemFree:          498944 kB
MemAvailable:    1484956 kB
Buffers:           78292 kB
Cached:          1024700 kB
MemTotal:        1844596 kB
MemFree:          500252 kB
MemAvailable:    1486264 kB
Buffers:           78292 kB
Cached:          1024700 kB
MemTotal:        1844596 kB
MemFree:          499744 kB
MemAvailable:    1485756 kB
Buffers:           78292 kB
Cached:          1024700 kB
MemTotal:        1844596 kB
MemFree:          500088 kB
MemAvailable:    1486100 kB
Buffers:           78292 kB
Cached:          1024700 kB
MemTotal:        1844596 kB
MemFree:          500424 kB
MemAvailable:    1486436 kB
Buffers:           78292 kB
Cached:          1024700 kB
MemTotal:        1844596 kB
MemFree:          499056 kB
MemAvailable:    1485068 kB
Buffers:           78292 kB
Cached:          1024700 kB
MemTotal:        1844596 kB
MemFree:          499348 kB
MemAvailable:    1485360 kB
Buffers:           78292 kB
Cached:          1024700 kB
MemTotal:        1844596 kB
MemFree:          499400 kB
MemAvailable:    1485288 kB
Buffers:           78292 kB
Cached:          1024700 kB
MemTotal:        1844596 kB
MemFree:          498876 kB
MemAvailable:    1484888 kB
Buffers:           78292 kB
Cached:          1024700 kB
MemTotal:        1844596 kB
MemFree:          498992 kB
MemAvailable:    1485004 kB
Buffers:           78292 kB
Cached:          1024700 kB
MemTotal:        1844596 kB
MemFree:          499928 kB
MemAvailable:    1485940 kB
Buffers:           78292 kB
Cached:          1024700 kB
MemTotal:        1844596 kB
MemFree:          499796 kB
MemAvailable:    1485808 kB
Buffers:           78292 kB
Cached:          1024700 kB
MemTotal:        1844596 kB
MemFree:          498736 kB
MemAvailable:    1484748 kB
Buffers:           78292 kB
Cached:          1024700 kB
MemTotal:        1844596 kB
MemFree:          497952 kB
MemAvailable:    1483964 kB
Buffers:           78292 kB
Cached:          1024700 kB
MemTotal:        1844596 kB
MemFree:          499220 kB
MemAvailable:    1485232 kB
Buffers:           78292 kB
Cached:          1024700 kB
MemTotal:        1844596 kB
MemFree:          499248 kB
MemAvailable:    1485260 kB
Buffers:           78292 kB
Cached:          1024700 kB
MemTotal:        1844596 kB
MemFree:          498076 kB
MemAvailable:    1484088 kB
Buffers:           78292 kB
Cached:          1024700 kB
MemTotal:        1844596 kB
MemFree:          499052 kB
MemAvailable:    1485064 kB
Buffers:           78292 kB
Cached:          1024700 kB
MemTotal:        1844596 kB
MemFree:          499304 kB
MemAvailable:    1485316 kB
Buffers:           78292 kB
Cached:          1024700 kB
MemTotal:        1844596 kB
MemFree:          494520 kB
MemAvailable:    1480532 kB
Buffers:           78292 kB
Cached:          1024700 kB
MemTotal:        1844596 kB
MemFree:          493164 kB
MemAvailable:    1479176 kB
Buffers:           78292 kB
Cached:          1024700 kB
MemTotal:        1844596 kB
MemFree:          491000 kB
MemAvailable:    1477012 kB
Buffers:           78292 kB
Cached:          1024700 kB
MemTotal:        1844596 kB
MemFree:          489940 kB
MemAvailable:    1475952 kB
Buffers:           78292 kB
Cached:          1024700 kB
MemTotal:        1844596 kB
MemFree:          489188 kB
MemAvailable:    1475200 kB
Buffers:           78292 kB
Cached:          1024700 kB
MemTotal:        1844596 kB
MemFree:          489152 kB
MemAvailable:    1475164 kB
Buffers:           78292 kB
Cached:          1024700 kB
MemTotal:        1844596 kB
MemFree:          487956 kB
MemAvailable:    1473968 kB
Buffers:           78292 kB
Cached:          1024700 kB
MemTotal:        1844596 kB
MemFree:          485608 kB
MemAvailable:    1471620 kB
Buffers:           78292 kB
Cached:          1024700 kB
MemTotal:        1844596 kB
MemFree:          485352 kB
MemAvailable:    1471364 kB
Buffers:           78292 kB
Cached:          1024700 kB
MemTotal:        1844596 kB
MemFree:          486708 kB
MemAvailable:    1472720 kB
Buffers:           78292 kB
Cached:          1024700 kB
MemTotal:        1844596 kB
MemFree:          486420 kB
MemAvailable:    1472432 kB
Buffers:           78292 kB
Cached:          1024700 kB
MemTotal:        1844596 kB
MemFree:          486236 kB
MemAvailable:    1472248 kB
Buffers:           78292 kB
Cached:          1024700 kB
MemTotal:        1844596 kB
MemFree:          486660 kB
MemAvailable:    1472676 kB
Buffers:           78292 kB
Cached:          1024704 kB
MemTotal:        1844596 kB
MemFree:          485180 kB
MemAvailable:    1471196 kB
Buffers:           78292 kB
Cached:          1024704 kB
MemTotal:        1844596 kB
MemFree:          486592 kB
MemAvailable:    1472608 kB
Buffers:           78292 kB
Cached:          1024704 kB
MemTotal:        1844596 kB
MemFree:          485228 kB
MemAvailable:    1471244 kB
Buffers:           78292 kB
Cached:          1024704 kB
MemTotal:        1844596 kB
MemFree:          486468 kB
MemAvailable:    1472484 kB
Buffers:           78292 kB
Cached:          1024704 kB
MemTotal:        1844596 kB
MemFree:          486720 kB
MemAvailable:    1472736 kB
Buffers:           78292 kB
Cached:          1024704 kB
MemTotal:        1844596 kB
MemFree:          486336 kB
MemAvailable:    1472352 kB
Buffers:           78292 kB
Cached:          1024704 kB
MemTotal:        1844596 kB
MemFree:          486588 kB
MemAvailable:    1472604 kB
Buffers:           78292 kB
Cached:          1024704 kB
MemTotal:        1844596 kB
MemFree:          486464 kB
MemAvailable:    1472480 kB
Buffers:           78292 kB
Cached:          1024704 kB
MemTotal:        1844596 kB
MemFree:          485236 kB
MemAvailable:    1471252 kB
Buffers:           78292 kB
Cached:          1024704 kB
MemTotal:        1844596 kB
MemFree:          485188 kB
MemAvailable:    1471204 kB
Buffers:           78292 kB
Cached:          1024704 kB
MemTotal:        1844596 kB
MemFree:          485360 kB
MemAvailable:    1471376 kB
Buffers:           78292 kB
Cached:          1024704 kB
MemTotal:        1844596 kB
MemFree:          485320 kB
MemAvailable:    1471336 kB
Buffers:           78292 kB
Cached:          1024704 kB
MemTotal:        1844596 kB
MemFree:          485188 kB
MemAvailable:    1471204 kB
Buffers:           78292 kB
Cached:          1024704 kB
MemTotal:        1844596 kB
MemFree:          485236 kB
MemAvailable:    1471252 kB
Buffers:           78292 kB
Cached:          1024704 kB
MemTotal:        1844596 kB
MemFree:          485308 kB
MemAvailable:    1471324 kB
Buffers:           78292 kB
Cached:          1024704 kB
MemTotal:        1844596 kB
MemFree:          486680 kB
MemAvailable:    1472696 kB
Buffers:           78292 kB
Cached:          1024704 kB
MemTotal:        1844596 kB
MemFree:          486412 kB
MemAvailable:    1472428 kB
Buffers:           78292 kB
Cached:          1024704 kB
MemTotal:        1844596 kB
MemFree:          485856 kB
MemAvailable:    1471872 kB
Buffers:           78292 kB
Cached:          1024704 kB
MemTotal:        1844596 kB
MemFree:          486200 kB
MemAvailable:    1472216 kB
Buffers:           78292 kB
Cached:          1024704 kB
MemTotal:        1844596 kB
MemFree:          486536 kB
MemAvailable:    1472552 kB
Buffers:           78292 kB
Cached:          1024704 kB
MemTotal:        1844596 kB
MemFree:          486380 kB
MemAvailable:    1472396 kB
Buffers:           78292 kB
Cached:          1024704 kB
MemTotal:        1844596 kB
MemFree:          486552 kB
MemAvailable:    1472568 kB
Buffers:           78292 kB
Cached:          1024704 kB
MemTotal:        1844596 kB
MemFree:          485216 kB
MemAvailable:    1471232 kB
Buffers:           78292 kB
Cached:          1024704 kB
MemTotal:        1844596 kB
MemFree:          486464 kB
MemAvailable:    1472480 kB
Buffers:           78292 kB
Cached:          1024704 kB
MemTotal:        1844596 kB
MemFree:          485856 kB
MemAvailable:    1471872 kB
Buffers:           78292 kB
Cached:          1024704 kB
MemTotal:        1844596 kB
MemFree:          486324 kB
MemAvailable:    1472340 kB
Buffers:           78292 kB
Cached:          1024704 kB
MemTotal:        1844596 kB
MemFree:          486660 kB
MemAvailable:    1472676 kB
Buffers:           78292 kB
Cached:          1024704 kB
MemTotal:        1844596 kB
MemFree:          486344 kB
MemAvailable:    1472360 kB
Buffers:           78292 kB
Cached:          1024704 kB
MemTotal:        1844596 kB
MemFree:          486344 kB
MemAvailable:    1472360 kB
Buffers:           78292 kB
Cached:          1024704 kB
MemTotal:        1844596 kB
MemFree:          485312 kB
MemAvailable:    1471328 kB
Buffers:           78292 kB
Cached:          1024704 kB
MemTotal:        1844596 kB
MemFree:          485792 kB
MemAvailable:    1471808 kB
Buffers:           78292 kB
Cached:          1024704 kB
MemTotal:        1844596 kB
MemFree:          484740 kB
MemAvailable:    1470756 kB
Buffers:           78292 kB
Cached:          1024704 kB
MemTotal:        1844596 kB
MemFree:          485208 kB
MemAvailable:    1471224 kB
Buffers:           78292 kB
Cached:          1024704 kB
MemTotal:        1844596 kB
MemFree:          485544 kB
MemAvailable:    1471560 kB
Buffers:           78292 kB
Cached:          1024704 kB
MemTotal:        1844596 kB
MemFree:          485360 kB
MemAvailable:    1471376 kB
Buffers:           78292 kB
Cached:          1024704 kB
MemTotal:        1844596 kB
MemFree:          484120 kB
MemAvailable:    1470136 kB
Buffers:           78292 kB
Cached:          1024704 kB
MemTotal:        1844596 kB
MemFree:          485360 kB
MemAvailable:    1471376 kB
Buffers:           78292 kB
Cached:          1024704 kB
MemTotal:        1844596 kB
MemFree:          484368 kB
MemAvailable:    1470384 kB
Buffers:           78292 kB
Cached:          1024704 kB
MemTotal:        1844596 kB
MemFree:          484320 kB
MemAvailable:    1470336 kB
Buffers:           78292 kB
Cached:          1024704 kB
MemTotal:        1844596 kB
MemFree:          485352 kB
MemAvailable:    1471368 kB
Buffers:           78292 kB
Cached:          1024704 kB
MemTotal:        1844596 kB
MemFree:          485688 kB
MemAvailable:    1471704 kB
Buffers:           78292 kB
Cached:          1024704 kB
MemTotal:        1844596 kB
MemFree:          485476 kB
MemAvailable:    1471492 kB
Buffers:           78292 kB
Cached:          1024704 kB
MemTotal:        1844596 kB
MemFree:          485728 kB
MemAvailable:    1471744 kB
Buffers:           78292 kB
Cached:          1024704 kB
MemTotal:        1844596 kB
MemFree:          484196 kB
MemAvailable:    1470212 kB
Buffers:           78292 kB
Cached:          1024704 kB
MemTotal:        1844596 kB
MemFree:          485484 kB
MemAvailable:    1471500 kB
Buffers:           78292 kB
Cached:          1024704 kB
MemTotal:        1844596 kB
MemFree:          484352 kB
MemAvailable:    1470368 kB
Buffers:           78292 kB
Cached:          1024704 kB
MemTotal:        1844596 kB
MemFree:          482120 kB
MemAvailable:    1468136 kB
Buffers:           78292 kB
Cached:          1024704 kB
MemTotal:        1844596 kB
MemFree:          481020 kB
MemAvailable:    1467036 kB
Buffers:           78292 kB
Cached:          1024704 kB
MemTotal:        1844596 kB
MemFree:          479888 kB
MemAvailable:    1465904 kB
Buffers:           78292 kB
Cached:          1024704 kB
MemTotal:        1844596 kB
MemFree:          479284 kB
MemAvailable:    1465300 kB
Buffers:           78292 kB
Cached:          1024704 kB
MemTotal:        1844596 kB
MemFree:          479700 kB
MemAvailable:    1465716 kB
Buffers:           78292 kB
Cached:          1024704 kB
MemTotal:        1844596 kB
MemFree:          478352 kB
MemAvailable:    1464368 kB
Buffers:           78292 kB
Cached:          1024704 kB
MemTotal:        1844596 kB
MemFree:          478724 kB
MemAvailable:    1464740 kB
Buffers:           78292 kB
Cached:          1024704 kB
MemTotal:        1844596 kB
MemFree:          478352 kB
MemAvailable:    1464368 kB
Buffers:           78292 kB
Cached:          1024704 kB
MemTotal:        1844596 kB
MemFree:          479516 kB
MemAvailable:    1465532 kB
Buffers:           78292 kB
Cached:          1024704 kB
MemTotal:        1844596 kB
MemFree:          478216 kB
MemAvailable:    1464232 kB
Buffers:           78292 kB
Cached:          1024704 kB
MemTotal:        1844596 kB
MemFree:          479580 kB
MemAvailable:    1465596 kB
Buffers:           78292 kB
Cached:          1024704 kB
MemTotal:        1844596 kB
MemFree:          479360 kB
MemAvailable:    1465376 kB
Buffers:           78292 kB
Cached:          1024704 kB
MemTotal:        1844596 kB
MemFree:          479612 kB
MemAvailable:    1465628 kB
Buffers:           78292 kB
Cached:          1024704 kB
MemTotal:        1844596 kB
MemFree:          478404 kB
MemAvailable:    1464420 kB
Buffers:           78292 kB
Cached:          1024704 kB
MemTotal:        1844596 kB
MemFree:          479572 kB
MemAvailable:    1465588 kB
Buffers:           78292 kB
Cached:          1024704 kB
MemTotal:        1844596 kB
MemFree:          479408 kB
MemAvailable:    1465424 kB
Buffers:           78292 kB
Cached:          1024704 kB
MemTotal:        1844596 kB
MemFree:          479328 kB
MemAvailable:    1465344 kB
Buffers:           78292 kB
Cached:          1024704 kB
MemTotal:        1844596 kB
MemFree:          479580 kB
MemAvailable:    1465596 kB
Buffers:           78292 kB
Cached:          1024704 kB
MemTotal:        1844596 kB
MemFree:          478104 kB
MemAvailable:    1464120 kB
Buffers:           78292 kB
Cached:          1024704 kB
MemTotal:        1844596 kB
MemFree:          479380 kB
MemAvailable:    1465396 kB
Buffers:           78292 kB
Cached:          1024704 kB
MemTotal:        1844596 kB
MemFree:          479632 kB
MemAvailable:    1465648 kB
Buffers:           78292 kB
Cached:          1024704 kB
MemTotal:        1844596 kB
MemFree:          479580 kB
MemAvailable:    1465596 kB
Buffers:           78292 kB
Cached:          1024704 kB
MemTotal:        1844596 kB
MemFree:          479660 kB
MemAvailable:    1465676 kB
Buffers:           78292 kB
Cached:          1024704 kB
MemTotal:        1844596 kB
MemFree:          479108 kB
MemAvailable:    1465124 kB
Buffers:           78292 kB
Cached:          1024704 kB
MemTotal:        1844596 kB
MemFree:          479312 kB
MemAvailable:    1465328 kB
Buffers:           78292 kB
Cached:          1024704 kB
MemTotal:        1844596 kB
MemFree:          479648 kB
MemAvailable:    1465664 kB
Buffers:           78292 kB
Cached:          1024704 kB
MemTotal:        1844596 kB
MemFree:          478404 kB
MemAvailable:    1464420 kB
Buffers:           78292 kB
Cached:          1024704 kB
MemTotal:        1844596 kB
MemFree:          479580 kB
MemAvailable:    1465596 kB
Buffers:           78292 kB
Cached:          1024704 kB
MemTotal:        1844596 kB
MemFree:          478788 kB
MemAvailable:    1464804 kB
Buffers:           78292 kB
Cached:          1024704 kB
MemTotal:        1844596 kB
MemFree:          478532 kB
MemAvailable:    1464560 kB
Buffers:           78292 kB
Cached:          1024716 kB
MemTotal:        1844596 kB
MemFree:          479020 kB
MemAvailable:    1465048 kB
Buffers:           78292 kB
Cached:          1024716 kB
MemTotal:        1844596 kB
MemFree:          479540 kB
MemAvailable:    1465568 kB
Buffers:           78292 kB
Cached:          1024716 kB
MemTotal:        1844596 kB
MemFree:          478292 kB
MemAvailable:    1464320 kB
Buffers:           78292 kB
Cached:          1024716 kB
MemTotal:        1844596 kB
MemFree:          478492 kB
MemAvailable:    1464520 kB
Buffers:           78292 kB
Cached:          1024716 kB
MemTotal:        1844596 kB
MemFree:          479392 kB
MemAvailable:    1465420 kB
Buffers:           78292 kB
Cached:          1024716 kB
MemTotal:        1844596 kB
MemFree:          479408 kB
MemAvailable:    1465436 kB
Buffers:           78292 kB
Cached:          1024716 kB
MemTotal:        1844596 kB
MemFree:          478104 kB
MemAvailable:    1464132 kB
Buffers:           78292 kB
Cached:          1024716 kB
MemTotal:        1844596 kB
MemFree:          479436 kB
MemAvailable:    1465464 kB
Buffers:           78292 kB
Cached:          1024716 kB
MemTotal:        1844596 kB
MemFree:          478236 kB
MemAvailable:    1464264 kB
Buffers:           78292 kB
Cached:          1024716 kB
MemTotal:        1844596 kB
MemFree:          479592 kB
MemAvailable:    1465620 kB
Buffers:           78292 kB
Cached:          1024716 kB
MemTotal:        1844596 kB
MemFree:          479160 kB
MemAvailable:    1465188 kB
Buffers:           78292 kB
Cached:          1024716 kB
MemTotal:        1844596 kB
MemFree:          479352 kB
MemAvailable:    1465380 kB
Buffers:           78292 kB
Cached:          1024716 kB
MemTotal:        1844596 kB
MemFree:          479332 kB
MemAvailable:    1465360 kB
Buffers:           78292 kB
Cached:          1024716 kB
MemTotal:        1844596 kB
MemFree:          479584 kB
MemAvailable:    1465612 kB
Buffers:           78292 kB
Cached:          1024716 kB
MemTotal:        1844596 kB
MemFree:          479520 kB
MemAvailable:    1465548 kB
Buffers:           78292 kB
Cached:          1024716 kB
MemTotal:        1844596 kB
MemFree:          478356 kB
MemAvailable:    1464384 kB
Buffers:           78292 kB
Cached:          1024716 kB
MemTotal:        1844596 kB
MemFree:          479328 kB
MemAvailable:    1465356 kB
Buffers:           78292 kB
Cached:          1024716 kB
MemTotal:        1844596 kB
MemFree:          479328 kB
MemAvailable:    1465356 kB
Buffers:           78292 kB
Cached:          1024716 kB
MemTotal:        1844596 kB
MemFree:          479520 kB
MemAvailable:    1465548 kB
Buffers:           78292 kB
Cached:          1024716 kB
MemTotal:        1844596 kB
MemFree:          479532 kB
MemAvailable:    1465560 kB
Buffers:           78292 kB
Cached:          1024716 kB
MemTotal:        1844596 kB
MemFree:          478220 kB
MemAvailable:    1464248 kB
Buffers:           78292 kB
Cached:          1024716 kB
MemTotal:        1844596 kB
MemFree:          478140 kB
MemAvailable:    1464168 kB
Buffers:           78292 kB
Cached:          1024716 kB
MemTotal:        1844596 kB
MemFree:          479036 kB
MemAvailable:    1465064 kB
Buffers:           78292 kB
Cached:          1024716 kB
MemTotal:        1844596 kB
MemFree:          478272 kB
MemAvailable:    1464300 kB
Buffers:           78292 kB
Cached:          1024716 kB
MemTotal:        1844596 kB
MemFree:          479544 kB
MemAvailable:    1465572 kB
Buffers:           78292 kB
Cached:          1024716 kB
MemTotal:        1844596 kB
MemFree:          478788 kB
MemAvailable:    1464816 kB
Buffers:           78292 kB
Cached:          1024716 kB
MemTotal:        1844596 kB
MemFree:          478540 kB
MemAvailable:    1464568 kB
Buffers:           78292 kB
Cached:          1024716 kB
MemTotal:        1844596 kB
MemFree:          479576 kB
MemAvailable:    1465604 kB
Buffers:           78292 kB
Cached:          1024716 kB
MemTotal:        1844596 kB
MemFree:          478228 kB
MemAvailable:    1464256 kB
Buffers:           78292 kB
Cached:          1024716 kB
MemTotal:        1844596 kB
MemFree:          479460 kB
MemAvailable:    1465488 kB
Buffers:           78292 kB
Cached:          1024716 kB
MemTotal:        1844596 kB
MemFree:          478348 kB
MemAvailable:    1464376 kB
Buffers:           78292 kB
Cached:          1024716 kB
MemTotal:        1844596 kB
MemFree:          479632 kB
MemAvailable:    1465660 kB
Buffers:           78292 kB
Cached:          1024716 kB
MemTotal:        1844596 kB
MemFree:          479624 kB
MemAvailable:    1465652 kB
Buffers:           78292 kB
Cached:          1024716 kB
MemTotal:        1844596 kB
MemFree:          478160 kB
MemAvailable:    1464188 kB
Buffers:           78292 kB
Cached:          1024716 kB
MemTotal:        1844596 kB
MemFree:          478236 kB
MemAvailable:    1464264 kB
Buffers:           78292 kB
Cached:          1024716 kB
MemTotal:        1844596 kB
MemFree:          478416 kB
MemAvailable:    1464444 kB
Buffers:           78292 kB
Cached:          1024716 kB
MemTotal:        1844596 kB
MemFree:          479544 kB
MemAvailable:    1465572 kB
Buffers:           78292 kB
Cached:          1024716 kB
MemTotal:        1844596 kB
MemFree:          478912 kB
MemAvailable:    1464940 kB
Buffers:           78292 kB
Cached:          1024716 kB
MemTotal:        1844596 kB
MemFree:          479648 kB
MemAvailable:    1465676 kB
Buffers:           78292 kB
Cached:          1024716 kB
MemTotal:        1844596 kB
MemFree:          479648 kB
MemAvailable:    1465676 kB
Buffers:           78292 kB
Cached:          1024716 kB
MemTotal:        1844596 kB
MemFree:          478112 kB
MemAvailable:    1464140 kB
Buffers:           78292 kB
Cached:          1024716 kB
MemTotal:        1844596 kB
MemFree:          479532 kB
MemAvailable:    1465560 kB
Buffers:           78292 kB
Cached:          1024716 kB
MemTotal:        1844596 kB
MemFree:          478236 kB
MemAvailable:    1464264 kB
Buffers:           78292 kB
Cached:          1024716 kB
MemTotal:        1844596 kB
MemFree:          478780 kB
MemAvailable:    1464808 kB
Buffers:           78292 kB
Cached:          1024716 kB
MemTotal:        1844596 kB
MemFree:          478664 kB
MemAvailable:    1464700 kB
Buffers:           78292 kB
Cached:          1024724 kB
MemTotal:        1844596 kB
MemFree:          478656 kB
MemAvailable:    1464692 kB
Buffers:           78292 kB
Cached:          1024724 kB
MemTotal:        1844596 kB
MemFree:          479716 kB
MemAvailable:    1465752 kB
Buffers:           78292 kB
Cached:          1024724 kB
MemTotal:        1844596 kB
MemFree:          478664 kB
MemAvailable:    1464700 kB
Buffers:           78292 kB
Cached:          1024724 kB
MemTotal:        1844596 kB
MemFree:          479348 kB
MemAvailable:    1465384 kB
Buffers:           78292 kB
Cached:          1024724 kB
MemTotal:        1844596 kB
MemFree:          479684 kB
MemAvailable:    1465720 kB
Buffers:           78292 kB
Cached:          1024724 kB
MemTotal:        1844596 kB
MemFree:          478232 kB
MemAvailable:    1464268 kB
Buffers:           78292 kB
Cached:          1024724 kB
MemTotal:        1844596 kB
MemFree:          479488 kB
MemAvailable:    1465524 kB
Buffers:           78292 kB
Cached:          1024724 kB
MemTotal:        1844596 kB
MemFree:          478364 kB
MemAvailable:    1464400 kB
Buffers:           78292 kB
Cached:          1024724 kB
MemTotal:        1844596 kB
MemFree:          479532 kB
MemAvailable:    1465568 kB
Buffers:           78292 kB
Cached:          1024724 kB
MemTotal:        1844596 kB
MemFree:          478788 kB
MemAvailable:    1464824 kB
Buffers:           78292 kB
Cached:          1024724 kB
MemTotal:        1844596 kB
MemFree:          479580 kB
MemAvailable:    1465616 kB
Buffers:           78292 kB
Cached:          1024724 kB
MemTotal:        1844596 kB
MemFree:          479408 kB
MemAvailable:    1465444 kB
Buffers:           78292 kB
Cached:          1024724 kB
MemTotal:        1844596 kB
MemFree:          479036 kB
MemAvailable:    1465072 kB
Buffers:           78292 kB
Cached:          1024724 kB
MemTotal:        1844596 kB
MemFree:          478280 kB
MemAvailable:    1464316 kB
Buffers:           78292 kB
Cached:          1024724 kB
MemTotal:        1844596 kB
MemFree:          479544 kB
MemAvailable:    1465580 kB
Buffers:           78292 kB
Cached:          1024724 kB
MemTotal:        1844596 kB
MemFree:          478788 kB
MemAvailable:    1464824 kB
Buffers:           78292 kB
Cached:          1024724 kB
MemTotal:        1844596 kB
MemFree:          479340 kB
MemAvailable:    1465376 kB
Buffers:           78292 kB
Cached:          1024724 kB
MemTotal:        1844596 kB
MemFree:          479592 kB
MemAvailable:    1465628 kB
Buffers:           78292 kB
Cached:          1024724 kB
MemTotal:        1844596 kB
MemFree:          479580 kB
MemAvailable:    1465616 kB
Buffers:           78292 kB
Cached:          1024724 kB
MemTotal:        1844596 kB
MemFree:          479408 kB
MemAvailable:    1465444 kB
Buffers:           78292 kB
Cached:          1024724 kB
MemTotal:        1844596 kB
MemFree:          479484 kB
MemAvailable:    1465520 kB
Buffers:           78292 kB
Cached:          1024724 kB
MemTotal:        1844596 kB
MemFree:          479652 kB
MemAvailable:    1465688 kB
Buffers:           78292 kB
Cached:          1024724 kB
MemTotal:        1844596 kB
MemFree:          479276 kB
MemAvailable:    1465312 kB
Buffers:           78292 kB
Cached:          1024724 kB
MemTotal:        1844596 kB
MemFree:          478160 kB
MemAvailable:    1464196 kB
Buffers:           78292 kB
Cached:          1024724 kB
MemTotal:        1844596 kB
MemFree:          479344 kB
MemAvailable:    1465380 kB
Buffers:           78292 kB
Cached:          1024724 kB
MemTotal:        1844596 kB
MemFree:          479344 kB
MemAvailable:    1465380 kB
Buffers:           78292 kB
Cached:          1024724 kB
MemTotal:        1844596 kB
MemFree:          478104 kB
MemAvailable:    1464140 kB
Buffers:           78292 kB
Cached:          1024724 kB
MemTotal:        1844596 kB
MemFree:          478236 kB
MemAvailable:    1464272 kB
Buffers:           78292 kB
Cached:          1024724 kB
MemTotal:        1844596 kB
MemFree:          478904 kB
MemAvailable:    1464940 kB
Buffers:           78292 kB
Cached:          1024724 kB
MemTotal:        1844596 kB
MemFree:          479248 kB
MemAvailable:    1465284 kB
Buffers:           78292 kB
Cached:          1024724 kB
MemTotal:        1844596 kB
MemFree:          479584 kB
MemAvailable:    1465620 kB
Buffers:           78292 kB
Cached:          1024724 kB
MemTotal:        1844596 kB
MemFree:          478160 kB
MemAvailable:    1464196 kB
Buffers:           78292 kB
Cached:          1024724 kB
MemTotal:        1844596 kB
MemFree:          479420 kB
MemAvailable:    1465456 kB
Buffers:           78292 kB
Cached:          1024724 kB
MemTotal:        1844596 kB
MemFree:          478244 kB
MemAvailable:    1464280 kB
Buffers:           78292 kB
Cached:          1024724 kB
MemTotal:        1844596 kB
MemFree:          479288 kB
MemAvailable:    1465324 kB
Buffers:           78292 kB
Cached:          1024724 kB
MemTotal:        1844596 kB
MemFree:          477968 kB
MemAvailable:    1464004 kB
Buffers:           78292 kB
Cached:          1024724 kB
MemTotal:        1844596 kB
MemFree:          478540 kB
MemAvailable:    1464576 kB
Buffers:           78292 kB
Cached:          1024724 kB
MemTotal:        1844596 kB
MemFree:          479196 kB
MemAvailable:    1465236 kB
Buffers:           78292 kB
Cached:          1024728 kB
MemTotal:        1844596 kB
MemFree:          479368 kB
MemAvailable:    1465408 kB
Buffers:           78292 kB
Cached:          1024728 kB
MemTotal:        1844596 kB
MemFree:          479284 kB
MemAvailable:    1465324 kB
Buffers:           78292 kB
Cached:          1024728 kB
MemTotal:        1844596 kB
MemFree:          477904 kB
MemAvailable:    1463944 kB
Buffers:           78292 kB
Cached:          1024728 kB
MemTotal:        1844596 kB
MemFree:          478284 kB
MemAvailable:    1464324 kB
Buffers:           78292 kB
Cached:          1024728 kB
MemTotal:        1844596 kB
MemFree:          478284 kB
MemAvailable:    1464324 kB
Buffers:           78292 kB
Cached:          1024728 kB
MemTotal:        1844596 kB
MemFree:          478160 kB
MemAvailable:    1464200 kB
Buffers:           78292 kB
Cached:          1024728 kB
MemTotal:        1844596 kB
MemFree:          479396 kB
MemAvailable:    1465436 kB
Buffers:           78292 kB
Cached:          1024728 kB
MemTotal:        1844596 kB
MemFree:          478664 kB
MemAvailable:    1464704 kB
Buffers:           78292 kB
Cached:          1024728 kB
MemTotal:        1844596 kB
MemFree:          478980 kB
MemAvailable:    1465020 kB
Buffers:           78292 kB
Cached:          1024728 kB
MemTotal:        1844596 kB
MemFree:          478128 kB
MemAvailable:    1464168 kB
Buffers:           78292 kB
Cached:          1024728 kB
MemTotal:        1844596 kB
MemFree:          479104 kB
MemAvailable:    1465144 kB
Buffers:           78292 kB
Cached:          1024728 kB
MemTotal:        1844596 kB
MemFree:          479160 kB
MemAvailable:    1465200 kB
Buffers:           78292 kB
Cached:          1024728 kB
MemTotal:        1844596 kB
MemFree:          479272 kB
MemAvailable:    1465312 kB
Buffers:           78292 kB
Cached:          1024728 kB
MemTotal:        1844596 kB
MemFree:          477984 kB
MemAvailable:    1464024 kB
Buffers:           78292 kB
Cached:          1024728 kB
MemTotal:        1844596 kB
MemFree:          479272 kB
MemAvailable:    1465312 kB
Buffers:           78292 kB
Cached:          1024728 kB
MemTotal:        1844596 kB
MemFree:          479360 kB
MemAvailable:    1465400 kB
Buffers:           78292 kB
Cached:          1024728 kB
MemTotal:        1844596 kB
MemFree:          478540 kB
MemAvailable:    1464580 kB
Buffers:           78292 kB
Cached:          1024728 kB
MemTotal:        1844596 kB
MemFree:          478980 kB
MemAvailable:    1465020 kB
Buffers:           78292 kB
Cached:          1024728 kB
MemTotal:        1844596 kB
MemFree:          479316 kB
MemAvailable:    1465356 kB
Buffers:           78292 kB
Cached:          1024728 kB
MemTotal:        1844596 kB
MemFree:          478112 kB
MemAvailable:    1464152 kB
Buffers:           78292 kB
Cached:          1024728 kB
MemTotal:        1844596 kB
MemFree:          478168 kB
MemAvailable:    1464208 kB
Buffers:           78292 kB
Cached:          1024728 kB
MemTotal:        1844596 kB
MemFree:          477864 kB
MemAvailable:    1463904 kB
Buffers:           78292 kB
Cached:          1024728 kB
MemTotal:        1844596 kB
MemFree:          478656 kB
MemAvailable:    1464696 kB
Buffers:           78292 kB
Cached:          1024728 kB
MemTotal:        1844596 kB
MemFree:          479120 kB
MemAvailable:    1465164 kB
Buffers:           78292 kB
Cached:          1024732 kB
MemTotal:        1844596 kB
MemFree:          478036 kB
MemAvailable:    1464080 kB
Buffers:           78292 kB
Cached:          1024732 kB
MemTotal:        1844596 kB
MemFree:          479160 kB
MemAvailable:    1465204 kB
Buffers:           78292 kB
Cached:          1024732 kB
MemTotal:        1844596 kB
MemFree:          479220 kB
MemAvailable:    1465264 kB
Buffers:           78292 kB
Cached:          1024732 kB
MemTotal:        1844596 kB
MemFree:          477996 kB
MemAvailable:    1464040 kB
Buffers:           78292 kB
Cached:          1024732 kB
MemTotal:        1844596 kB
MemFree:          479232 kB
MemAvailable:    1465276 kB
Buffers:           78292 kB
Cached:          1024732 kB
MemTotal:        1844596 kB
MemFree:          479292 kB
MemAvailable:    1465336 kB
Buffers:           78292 kB
Cached:          1024732 kB
MemTotal:        1844596 kB
MemFree:          477864 kB
MemAvailable:    1463908 kB
Buffers:           78292 kB
Cached:          1024732 kB
MemTotal:        1844596 kB
MemFree:          479112 kB
MemAvailable:    1465156 kB
Buffers:           78292 kB
Cached:          1024732 kB
MemTotal:        1844596 kB
MemFree:          479152 kB
MemAvailable:    1465196 kB
Buffers:           78292 kB
Cached:          1024732 kB
MemTotal:        1844596 kB
MemFree:          479404 kB
MemAvailable:    1465448 kB
Buffers:           78292 kB
Cached:          1024732 kB
MemTotal:        1844596 kB
MemFree:          479112 kB
MemAvailable:    1465156 kB
Buffers:           78292 kB
Cached:          1024732 kB
MemTotal:        1844596 kB
MemFree:          479292 kB
MemAvailable:    1465336 kB
Buffers:           78292 kB
Cached:          1024732 kB
MemTotal:        1844596 kB
MemFree:          479088 kB
MemAvailable:    1465132 kB
Buffers:           78292 kB
Cached:          1024732 kB
MemTotal:        1844596 kB
MemFree:          479088 kB
MemAvailable:    1465132 kB
Buffers:           78292 kB
Cached:          1024732 kB
MemTotal:        1844596 kB
MemFree:          479272 kB
MemAvailable:    1465316 kB
Buffers:           78292 kB
Cached:          1024732 kB
MemTotal:        1844596 kB
MemFree:          479284 kB
MemAvailable:    1465328 kB
Buffers:           78292 kB
Cached:          1024732 kB
MemTotal:        1844596 kB
MemFree:          477844 kB
MemAvailable:    1463888 kB
Buffers:           78292 kB
Cached:          1024732 kB
MemTotal:        1844596 kB
MemFree:          479184 kB
MemAvailable:    1465228 kB
Buffers:           78292 kB
Cached:          1024732 kB
MemTotal:        1844596 kB
MemFree:          479236 kB
MemAvailable:    1465280 kB
Buffers:           78292 kB
Cached:          1024732 kB
MemTotal:        1844596 kB
MemFree:          477912 kB
MemAvailable:    1463956 kB
Buffers:           78292 kB
Cached:          1024732 kB
MemTotal:        1844596 kB
MemFree:          479492 kB
MemAvailable:    1465536 kB
Buffers:           78292 kB
Cached:          1024732 kB
MemTotal:        1844596 kB
MemFree:          479276 kB
MemAvailable:    1465320 kB
Buffers:           78292 kB
Cached:          1024732 kB
MemTotal:        1844596 kB
MemFree:          479360 kB
MemAvailable:    1465404 kB
Buffers:           78292 kB
Cached:          1024732 kB
MemTotal:        1844596 kB
MemFree:          477788 kB
MemAvailable:    1463832 kB
Buffers:           78292 kB
Cached:          1024732 kB
MemTotal:        1844596 kB
MemFree:          479400 kB
MemAvailable:    1465444 kB
Buffers:           78292 kB
Cached:          1024732 kB
MemTotal:        1844596 kB
MemFree:          479304 kB
MemAvailable:    1465348 kB
Buffers:           78292 kB
Cached:          1024732 kB
MemTotal:        1844596 kB
MemFree:          479220 kB
MemAvailable:    1465264 kB
Buffers:           78292 kB
Cached:          1024732 kB
MemTotal:        1844596 kB
MemFree:          479152 kB
MemAvailable:    1465196 kB
Buffers:           78292 kB
Cached:          1024732 kB
MemTotal:        1844596 kB
MemFree:          479404 kB
MemAvailable:    1465448 kB
Buffers:           78292 kB
Cached:          1024732 kB
MemTotal:        1844596 kB
MemFree:          479112 kB
MemAvailable:    1465156 kB
Buffers:           78292 kB
Cached:          1024732 kB
MemTotal:        1844596 kB
MemFree:          477992 kB
MemAvailable:    1464036 kB
Buffers:           78292 kB
Cached:          1024732 kB
MemTotal:        1844596 kB
MemFree:          477860 kB
MemAvailable:    1463904 kB
Buffers:           78292 kB
Cached:          1024732 kB
MemTotal:        1844596 kB
MemFree:          479220 kB
MemAvailable:    1465264 kB
Buffers:           78292 kB
Cached:          1024732 kB
MemTotal:        1844596 kB
MemFree:          477768 kB
MemAvailable:    1463812 kB
Buffers:           78292 kB
Cached:          1024732 kB
MemTotal:        1844596 kB
MemFree:          479244 kB
MemAvailable:    1465288 kB
Buffers:           78292 kB
Cached:          1024732 kB
MemTotal:        1844596 kB
MemFree:          478564 kB
MemAvailable:    1464608 kB
Buffers:           78292 kB
Cached:          1024732 kB
MemTotal:        1844596 kB
MemFree:          478008 kB
MemAvailable:    1464052 kB
Buffers:           78292 kB
Cached:          1024732 kB
MemTotal:        1844596 kB
MemFree:          477884 kB
MemAvailable:    1463928 kB
Buffers:           78292 kB
Cached:          1024732 kB
MemTotal:        1844596 kB
MemFree:          478076 kB
MemAvailable:    1464120 kB
Buffers:           78292 kB
Cached:          1024732 kB
MemTotal:        1844596 kB
MemFree:          478028 kB
MemAvailable:    1464072 kB
Buffers:           78292 kB
Cached:          1024732 kB
MemTotal:        1844596 kB
MemFree:          478076 kB
MemAvailable:    1464124 kB
Buffers:           78292 kB
Cached:          1024736 kB
MemTotal:        1844596 kB
MemFree:          479192 kB
MemAvailable:    1465240 kB
Buffers:           78292 kB
Cached:          1024736 kB
MemTotal:        1844596 kB
MemFree:          478696 kB
MemAvailable:    1464744 kB
Buffers:           78292 kB
Cached:          1024736 kB
MemTotal:        1844596 kB
MemFree:          479124 kB
MemAvailable:    1465172 kB
Buffers:           78292 kB
Cached:          1024736 kB
MemTotal:        1844596 kB
MemFree:          479376 kB
MemAvailable:    1465424 kB
Buffers:           78292 kB
Cached:          1024736 kB
MemTotal:        1844596 kB
MemFree:          479364 kB
MemAvailable:    1465412 kB
Buffers:           78292 kB
Cached:          1024736 kB
MemTotal:        1844596 kB
MemFree:          478180 kB
MemAvailable:    1464228 kB
Buffers:           78292 kB
Cached:          1024736 kB
MemTotal:        1844596 kB
MemFree:          479256 kB
MemAvailable:    1465304 kB
Buffers:           78292 kB
Cached:          1024736 kB
MemTotal:        1844596 kB
MemFree:          479312 kB
MemAvailable:    1465360 kB
Buffers:           78292 kB
Cached:          1024736 kB
MemTotal:        1844596 kB
MemFree:          479228 kB
MemAvailable:    1465276 kB
Buffers:           78292 kB
Cached:          1024736 kB
MemTotal:        1844596 kB
MemFree:          479400 kB
MemAvailable:    1465448 kB
Buffers:           78292 kB
Cached:          1024736 kB
MemTotal:        1844596 kB
MemFree:          479144 kB
MemAvailable:    1465192 kB
Buffers:           78292 kB
Cached:          1024736 kB
MemTotal:        1844596 kB
MemFree:          479324 kB
MemAvailable:    1465372 kB
Buffers:           78292 kB
Cached:          1024736 kB
MemTotal:        1844596 kB
MemFree:          479300 kB
MemAvailable:    1465348 kB
Buffers:           78292 kB
Cached:          1024736 kB
MemTotal:        1844596 kB
MemFree:          478812 kB
MemAvailable:    1464860 kB
Buffers:           78292 kB
Cached:          1024736 kB
MemTotal:        1844596 kB
MemFree:          479172 kB
MemAvailable:    1465220 kB
Buffers:           78292 kB
Cached:          1024736 kB
MemTotal:        1844596 kB
MemFree:          478076 kB
MemAvailable:    1464124 kB
Buffers:           78292 kB
Cached:          1024736 kB
MemTotal:        1844596 kB
MemFree:          479244 kB
MemAvailable:    1465292 kB
Buffers:           78292 kB
Cached:          1024736 kB
MemTotal:        1844596 kB
MemFree:          479252 kB
MemAvailable:    1465300 kB
Buffers:           78292 kB
Cached:          1024736 kB
MemTotal:        1844596 kB
MemFree:          479252 kB
MemAvailable:    1465300 kB
Buffers:           78292 kB
Cached:          1024736 kB
MemTotal:        1844596 kB
MemFree:          478820 kB
MemAvailable:    1464868 kB
Buffers:           78292 kB
Cached:          1024736 kB
MemTotal:        1844596 kB
MemFree:          479124 kB
MemAvailable:    1465172 kB
Buffers:           78292 kB
Cached:          1024736 kB
MemTotal:        1844596 kB
MemFree:          479348 kB
MemAvailable:    1465396 kB
Buffers:           78292 kB
Cached:          1024736 kB
MemTotal:        1844596 kB
MemFree:          477880 kB
MemAvailable:    1463928 kB
Buffers:           78292 kB
Cached:          1024736 kB
MemTotal:        1844596 kB
MemFree:          479296 kB
MemAvailable:    1465344 kB
Buffers:           78292 kB
Cached:          1024736 kB
MemTotal:        1844596 kB
MemFree:          479180 kB
MemAvailable:    1465228 kB
Buffers:           78292 kB
Cached:          1024736 kB
MemTotal:        1844596 kB
MemFree:          478136 kB
MemAvailable:    1464184 kB
Buffers:           78292 kB
Cached:          1024736 kB
MemTotal:        1844596 kB
MemFree:          478120 kB
MemAvailable:    1464168 kB
Buffers:           78292 kB
Cached:          1024736 kB
MemTotal:        1844596 kB
MemFree:          479348 kB
MemAvailable:    1465396 kB
Buffers:           78292 kB
Cached:          1024736 kB
MemTotal:        1844596 kB
MemFree:          479052 kB
MemAvailable:    1465100 kB
Buffers:           78292 kB
Cached:          1024736 kB
MemTotal:        1844596 kB
MemFree:          479052 kB
MemAvailable:    1465100 kB
Buffers:           78292 kB
Cached:          1024736 kB
MemTotal:        1844596 kB
MemFree:          477888 kB
MemAvailable:    1463936 kB
Buffers:           78292 kB
Cached:          1024736 kB
MemTotal:        1844596 kB
MemFree:          479304 kB
MemAvailable:    1465352 kB
Buffers:           78292 kB
Cached:          1024736 kB
MemTotal:        1844596 kB
MemFree:          477932 kB
MemAvailable:    1463980 kB
Buffers:           78292 kB
Cached:          1024736 kB
MemTotal:        1844596 kB
MemFree:          478056 kB
MemAvailable:    1464104 kB
Buffers:           78292 kB
Cached:          1024736 kB
MemTotal:        1844596 kB
MemFree:          478428 kB
MemAvailable:    1464476 kB
Buffers:           78292 kB
Cached:          1024736 kB
MemTotal:        1844596 kB
MemFree:          478172 kB
MemAvailable:    1464220 kB
Buffers:           78292 kB
Cached:          1024736 kB
MemTotal:        1844596 kB
MemFree:          479224 kB
MemAvailable:    1465272 kB
Buffers:           78292 kB
Cached:          1024736 kB
MemTotal:        1844596 kB
MemFree:          478316 kB
MemAvailable:    1464364 kB
Buffers:           78292 kB
Cached:          1024736 kB
MemTotal:        1844596 kB
MemFree:          478896 kB
MemAvailable:    1464948 kB
Buffers:           78292 kB
Cached:          1024740 kB
MemTotal:        1844596 kB
MemFree:          479232 kB
MemAvailable:    1465284 kB
Buffers:           78292 kB
Cached:          1024740 kB
MemTotal:        1844596 kB
MemFree:          478032 kB
MemAvailable:    1464084 kB
Buffers:           78292 kB
Cached:          1024740 kB
MemTotal:        1844596 kB
MemFree:          477900 kB
MemAvailable:    1463952 kB
Buffers:           78292 kB
Cached:          1024740 kB
MemTotal:        1844596 kB
MemFree:          478068 kB
MemAvailable:    1464120 kB
Buffers:           78292 kB
Cached:          1024740 kB
MemTotal:        1844596 kB
MemFree:          477764 kB
MemAvailable:    1463816 kB
Buffers:           78292 kB
Cached:          1024740 kB
MemTotal:        1844596 kB
MemFree:          477808 kB
MemAvailable:    1463860 kB
Buffers:           78292 kB
Cached:          1024740 kB
MemTotal:        1844596 kB
MemFree:          477912 kB
MemAvailable:    1463964 kB
Buffers:           78292 kB
Cached:          1024740 kB
MemTotal:        1844596 kB
MemFree:          477772 kB
MemAvailable:    1463824 kB
Buffers:           78292 kB
Cached:          1024740 kB
MemTotal:        1844596 kB
MemFree:          479148 kB
MemAvailable:    1465200 kB
Buffers:           78292 kB
Cached:          1024740 kB
MemTotal:        1844596 kB
MemFree:          477944 kB
MemAvailable:    1463996 kB
Buffers:           78292 kB
Cached:          1024740 kB
MemTotal:        1844596 kB
MemFree:          477948 kB
MemAvailable:    1464000 kB
Buffers:           78292 kB
Cached:          1024740 kB
MemTotal:        1844596 kB
MemFree:          477904 kB
MemAvailable:    1463956 kB
Buffers:           78292 kB
Cached:          1024740 kB
MemTotal:        1844596 kB
MemFree:          478928 kB
MemAvailable:    1464980 kB
Buffers:           78292 kB
Cached:          1024740 kB
MemTotal:        1844596 kB
MemFree:          479264 kB
MemAvailable:    1465316 kB
Buffers:           78292 kB
Cached:          1024740 kB
MemTotal:        1844596 kB
MemFree:          477932 kB
MemAvailable:    1463984 kB
Buffers:           78292 kB
Cached:          1024740 kB
MemTotal:        1844596 kB
MemFree:          477940 kB
MemAvailable:    1463992 kB
Buffers:           78292 kB
Cached:          1024740 kB
MemTotal:        1844596 kB
MemFree:          479240 kB
MemAvailable:    1465292 kB
Buffers:           78292 kB
Cached:          1024740 kB
MemTotal:        1844596 kB
MemFree:          478448 kB
MemAvailable:    1464500 kB
Buffers:           78292 kB
Cached:          1024740 kB
MemTotal:        1844596 kB
MemFree:          479008 kB
MemAvailable:    1465060 kB
Buffers:           78292 kB
Cached:          1024740 kB
MemTotal:        1844596 kB
MemFree:          479260 kB
MemAvailable:    1465312 kB
Buffers:           78292 kB
Cached:          1024740 kB
MemTotal:        1844596 kB
MemFree:          479020 kB
MemAvailable:    1465072 kB
Buffers:           78292 kB
Cached:          1024740 kB
MemTotal:        1844596 kB
MemFree:          478188 kB
MemAvailable:    1464240 kB
Buffers:           78292 kB
Cached:          1024740 kB
MemTotal:        1844596 kB
MemFree:          479056 kB
MemAvailable:    1465108 kB
Buffers:           78292 kB
Cached:          1024740 kB
MemTotal:        1844596 kB
MemFree:          479128 kB
MemAvailable:    1465180 kB
Buffers:           78292 kB
Cached:          1024740 kB
MemTotal:        1844596 kB
MemFree:          478928 kB
MemAvailable:    1464980 kB
Buffers:           78292 kB
Cached:          1024740 kB
MemTotal:        1844596 kB
MemFree:          479264 kB
MemAvailable:    1465316 kB
Buffers:           78292 kB
Cached:          1024740 kB
MemTotal:        1844596 kB
MemFree:          477764 kB
MemAvailable:    1463816 kB
Buffers:           78292 kB
Cached:          1024740 kB
MemTotal:        1844596 kB
MemFree:          478064 kB
MemAvailable:    1464116 kB
Buffers:           78292 kB
Cached:          1024740 kB
MemTotal:        1844596 kB
MemFree:          479060 kB
MemAvailable:    1465112 kB
Buffers:           78292 kB
Cached:          1024740 kB
MemTotal:        1844596 kB
MemFree:          479128 kB
MemAvailable:    1465180 kB
Buffers:           78292 kB
Cached:          1024740 kB
MemTotal:        1844596 kB
MemFree:          478448 kB
MemAvailable:    1464500 kB
Buffers:           78292 kB
Cached:          1024740 kB
MemTotal:        1844596 kB
MemFree:          479008 kB
MemAvailable:    1465060 kB
Buffers:           78292 kB
Cached:          1024740 kB
MemTotal:        1844596 kB
MemFree:          479260 kB
MemAvailable:    1465312 kB
Buffers:           78292 kB
Cached:          1024740 kB
MemTotal:        1844596 kB
MemFree:          477772 kB
MemAvailable:    1463828 kB
Buffers:           78292 kB
Cached:          1024744 kB
MemTotal:        1844596 kB
MemFree:          479260 kB
MemAvailable:    1465316 kB
Buffers:           78292 kB
Cached:          1024744 kB
MemTotal:        1844596 kB
MemFree:          478572 kB
MemAvailable:    1464628 kB
Buffers:           78292 kB
Cached:          1024744 kB
MemTotal:        1844596 kB
MemFree:          478972 kB
MemAvailable:    1465032 kB
Buffers:           78292 kB
Cached:          1024748 kB
MemTotal:        1844596 kB
MemFree:          479312 kB
MemAvailable:    1465372 kB
Buffers:           78292 kB
Cached:          1024748 kB
MemTotal:        1844596 kB
MemFree:          477940 kB
MemAvailable:    1464000 kB
Buffers:           78292 kB
Cached:          1024748 kB
MemTotal:        1844596 kB
MemFree:          477932 kB
MemAvailable:    1463992 kB
Buffers:           78292 kB
Cached:          1024748 kB
MemTotal:        1844596 kB
MemFree:          478440 kB
MemAvailable:    1464500 kB
Buffers:           78292 kB
Cached:          1024748 kB
MemTotal:        1844596 kB
MemFree:          478324 kB
MemAvailable:    1464384 kB
Buffers:           78292 kB
Cached:          1024748 kB
MemTotal:        1844596 kB
MemFree:          478068 kB
MemAvailable:    1464128 kB
Buffers:           78292 kB
Cached:          1024748 kB
MemTotal:        1844596 kB
MemFree:          478192 kB
MemAvailable:    1464252 kB
Buffers:           78292 kB
Cached:          1024748 kB
MemTotal:        1844596 kB
MemFree:          479356 kB
MemAvailable:    1465416 kB
Buffers:           78292 kB
Cached:          1024748 kB
MemTotal:        1844596 kB
MemFree:          479300 kB
MemAvailable:    1465360 kB
Buffers:           78292 kB
Cached:          1024748 kB
MemTotal:        1844596 kB
MemFree:          479040 kB
MemAvailable:    1465100 kB
Buffers:           78292 kB
Cached:          1024748 kB
MemTotal:        1844596 kB
MemFree:          478704 kB
MemAvailable:    1464764 kB
Buffers:           78292 kB
Cached:          1024748 kB
MemTotal:        1844596 kB
MemFree:          478996 kB
MemAvailable:    1465056 kB
Buffers:           78292 kB
Cached:          1024748 kB
MemTotal:        1844596 kB
MemFree:          479052 kB
MemAvailable:    1465112 kB
Buffers:           78292 kB
Cached:          1024748 kB
MemTotal:        1844596 kB
MemFree:          478944 kB
MemAvailable:    1465004 kB
Buffers:           78292 kB
Cached:          1024748 kB
MemTotal:        1844596 kB
MemFree:          479056 kB
MemAvailable:    1465116 kB
Buffers:           78292 kB
Cached:          1024748 kB
MemTotal:        1844596 kB
MemFree:          479128 kB
MemAvailable:    1465188 kB
Buffers:           78292 kB
Cached:          1024748 kB
MemTotal:        1844596 kB
MemFree:          478580 kB
MemAvailable:    1464640 kB
Buffers:           78292 kB
Cached:          1024748 kB
MemTotal:        1844596 kB
MemFree:          478192 kB
MemAvailable:    1464252 kB
Buffers:           78292 kB
Cached:          1024748 kB
MemTotal:        1844596 kB
MemFree:          479360 kB
MemAvailable:    1465420 kB
Buffers:           78292 kB
Cached:          1024748 kB
MemTotal:        1844596 kB
MemFree:          477936 kB
MemAvailable:    1463996 kB
Buffers:           78292 kB
Cached:          1024748 kB
MemTotal:        1844596 kB
MemFree:          477804 kB
MemAvailable:    1463864 kB
Buffers:           78292 kB
Cached:          1024748 kB
MemTotal:        1844596 kB
MemFree:          478012 kB
MemAvailable:    1464072 kB
Buffers:           78292 kB
Cached:          1024748 kB
MemTotal:        1844596 kB
MemFree:          477800 kB
MemAvailable:    1463860 kB
Buffers:           78292 kB
Cached:          1024748 kB
MemTotal:        1844596 kB
MemFree:          479088 kB
MemAvailable:    1465148 kB
Buffers:           78292 kB
Cached:          1024748 kB
MemTotal:        1844596 kB
MemFree:          477872 kB
MemAvailable:    1463932 kB
Buffers:           78292 kB
Cached:          1024748 kB
MemTotal:        1844596 kB
MemFree:          477908 kB
MemAvailable:    1463968 kB
Buffers:           78292 kB
Cached:          1024748 kB
MemTotal:        1844596 kB
MemFree:          478884 kB
MemAvailable:    1464944 kB
Buffers:           78292 kB
Cached:          1024748 kB
MemTotal:        1844596 kB
MemFree:          479136 kB
MemAvailable:    1465196 kB
Buffers:           78292 kB
Cached:          1024748 kB
MemTotal:        1844596 kB
MemFree:          477820 kB
MemAvailable:    1463880 kB
Buffers:           78292 kB
Cached:          1024748 kB
MemTotal:        1844596 kB
MemFree:          479128 kB
MemAvailable:    1465188 kB
Buffers:           78292 kB
Cached:          1024748 kB
MemTotal:        1844596 kB
MemFree:          478928 kB
MemAvailable:    1464988 kB
Buffers:           78292 kB
Cached:          1024748 kB
MemTotal:        1844596 kB
MemFree:          479180 kB
MemAvailable:    1465240 kB
Buffers:           78292 kB
Cached:          1024748 kB
MemTotal:        1844596 kB
MemFree:          477808 kB
MemAvailable:    1463868 kB
Buffers:           78292 kB
Cached:          1024748 kB
MemTotal:        1844596 kB
MemFree:          479056 kB
MemAvailable:    1465116 kB
Buffers:           78292 kB
Cached:          1024748 kB
MemTotal:        1844596 kB
MemFree:          478448 kB
MemAvailable:    1464508 kB
Buffers:           78292 kB
Cached:          1024748 kB
MemTotal:        1844596 kB
MemFree:          478916 kB
MemAvailable:    1464976 kB
Buffers:           78292 kB
Cached:          1024748 kB
MemTotal:        1844596 kB
MemFree:          479252 kB
MemAvailable:    1465312 kB
Buffers:           78292 kB
Cached:          1024748 kB
MemTotal:        1844596 kB
MemFree:          478936 kB
MemAvailable:    1464996 kB
Buffers:           78292 kB
Cached:          1024748 kB
MemTotal:        1844596 kB
MemFree:          479276 kB
MemAvailable:    1465336 kB
Buffers:           78292 kB
Cached:          1024748 kB
MemTotal:        1844596 kB
MemFree:          477904 kB
MemAvailable:    1463964 kB
Buffers:           78292 kB
Cached:          1024748 kB
MemTotal:        1844596 kB
MemFree:          479180 kB
MemAvailable:    1465240 kB
Buffers:           78292 kB
Cached:          1024748 kB
MemTotal:        1844596 kB
MemFree:          478572 kB
MemAvailable:    1464632 kB
Buffers:           78292 kB
Cached:          1024748 kB
MemTotal:        1844596 kB
MemFree:          479608 kB
MemAvailable:    1465672 kB
Buffers:           78292 kB
Cached:          1024752 kB
MemTotal:        1844596 kB
MemFree:          479176 kB
MemAvailable:    1465240 kB
Buffers:           78292 kB
Cached:          1024752 kB
MemTotal:        1844596 kB
MemFree:          479260 kB
MemAvailable:    1465324 kB
Buffers:           78292 kB
Cached:          1024752 kB
MemTotal:        1844596 kB
MemFree:          479060 kB
MemAvailable:    1465124 kB
Buffers:           78292 kB
Cached:          1024752 kB
MemTotal:        1844596 kB
MemFree:          479312 kB
MemAvailable:    1465376 kB
Buffers:           78292 kB
Cached:          1024752 kB
MemTotal:        1844596 kB
MemFree:          478672 kB
MemAvailable:    1464736 kB
Buffers:           78292 kB
Cached:          1024752 kB
MemTotal:        1844596 kB
MemFree:          478900 kB
MemAvailable:    1464964 kB
Buffers:           78292 kB
Cached:          1024752 kB
MemTotal:        1844596 kB
MemFree:          478972 kB
MemAvailable:    1465036 kB
Buffers:           78292 kB
Cached:          1024752 kB
MemTotal:        1844596 kB
MemFree:          478972 kB
MemAvailable:    1465036 kB
Buffers:           78292 kB
Cached:          1024752 kB
MemTotal:        1844596 kB
MemFree:          479048 kB
MemAvailable:    1465112 kB
Buffers:           78292 kB
Cached:          1024752 kB
MemTotal:        1844596 kB
MemFree:          479300 kB
MemAvailable:    1465364 kB
Buffers:           78292 kB
Cached:          1024752 kB
MemTotal:        1844596 kB
MemFree:          478928 kB
MemAvailable:    1464992 kB
Buffers:           78292 kB
Cached:          1024752 kB
MemTotal:        1844596 kB
MemFree:          479264 kB
MemAvailable:    1465328 kB
Buffers:           78292 kB
Cached:          1024752 kB
MemTotal:        1844596 kB
MemFree:          478144 kB
MemAvailable:    1464208 kB
Buffers:           78292 kB
Cached:          1024752 kB
MemTotal:        1844596 kB
MemFree:          477888 kB
MemAvailable:    1463952 kB
Buffers:           78292 kB
Cached:          1024752 kB
MemTotal:        1844596 kB
MemFree:          479300 kB
MemAvailable:    1465364 kB
Buffers:           78292 kB
Cached:          1024752 kB
MemTotal:        1844596 kB
MemFree:          478572 kB
MemAvailable:    1464636 kB
Buffers:           78292 kB
Cached:          1024752 kB
MemTotal:        1844596 kB
MemFree:          479380 kB
MemAvailable:    1465448 kB
Buffers:           78292 kB
Cached:          1024756 kB
MemTotal:        1844596 kB
MemFree:          477032 kB
MemAvailable:    1462976 kB
Buffers:           78292 kB
Cached:          1024756 kB
MemTotal:        1844596 kB
MemFree:          477152 kB
MemAvailable:    1463220 kB
Buffers:           78292 kB
Cached:          1024756 kB
MemTotal:        1844596 kB
MemFree:          477408 kB
MemAvailable:    1463476 kB
Buffers:           78292 kB
Cached:          1024756 kB
MemTotal:        1844596 kB
MemFree:          477372 kB
MemAvailable:    1463440 kB
Buffers:           78292 kB
Cached:          1024756 kB
MemTotal:        1844596 kB
MemFree:          477272 kB
MemAvailable:    1463340 kB
Buffers:           78292 kB
Cached:          1024756 kB
MemTotal:        1844596 kB
MemFree:          476580 kB
MemAvailable:    1462648 kB
Buffers:           78292 kB
Cached:          1024756 kB
MemTotal:        1844596 kB
MemFree:          477080 kB
MemAvailable:    1463148 kB
Buffers:           78292 kB
Cached:          1024756 kB
MemTotal:        1844596 kB
MemFree:          475772 kB
MemAvailable:    1461840 kB
Buffers:           78292 kB
Cached:          1024756 kB
MemTotal:        1844596 kB
MemFree:          475332 kB
MemAvailable:    1461400 kB
Buffers:           78292 kB
Cached:          1024756 kB
MemTotal:        1844596 kB
MemFree:          475224 kB
MemAvailable:    1461292 kB
Buffers:           78292 kB
Cached:          1024756 kB
MemTotal:        1844596 kB
MemFree:          473860 kB
MemAvailable:    1459928 kB
Buffers:           78292 kB
Cached:          1024756 kB
MemTotal:        1844596 kB
MemFree:          473796 kB
MemAvailable:    1459864 kB
Buffers:           78292 kB
Cached:          1024756 kB
MemTotal:        1844596 kB
MemFree:          472496 kB
MemAvailable:    1458564 kB
Buffers:           78292 kB
Cached:          1024756 kB
MemTotal:        1844596 kB
MemFree:          472240 kB
MemAvailable:    1458308 kB
Buffers:           78292 kB
Cached:          1024756 kB
MemTotal:        1844596 kB
MemFree:          472116 kB
MemAvailable:    1458184 kB
Buffers:           78292 kB
Cached:          1024756 kB
MemTotal:        1844596 kB
MemFree:          473160 kB
MemAvailable:    1459228 kB
Buffers:           78292 kB
Cached:          1024756 kB
MemTotal:        1844596 kB
MemFree:          472904 kB
MemAvailable:    1458972 kB
Buffers:           78292 kB
Cached:          1024756 kB
MemTotal:        1844596 kB
MemFree:          472664 kB
MemAvailable:    1458732 kB
Buffers:           78292 kB
Cached:          1024756 kB
MemTotal:        1844596 kB
MemFree:          472132 kB
MemAvailable:    1458200 kB
Buffers:           78292 kB
Cached:          1024756 kB
MemTotal:        1844596 kB
MemFree:          471448 kB
MemAvailable:    1457516 kB
Buffers:           78292 kB
Cached:          1024756 kB
MemTotal:        1844596 kB
MemFree:          472556 kB
MemAvailable:    1458624 kB
Buffers:           78292 kB
Cached:          1024756 kB
MemTotal:        1844596 kB
MemFree:          472620 kB
MemAvailable:    1458688 kB
Buffers:           78292 kB
Cached:          1024756 kB
MemTotal:        1844596 kB
MemFree:          471200 kB
MemAvailable:    1457268 kB
Buffers:           78292 kB
Cached:          1024756 kB
MemTotal:        1844596 kB
MemFree:          471324 kB
MemAvailable:    1457392 kB
Buffers:           78292 kB
Cached:          1024756 kB
MemTotal:        1844596 kB
MemFree:          471192 kB
MemAvailable:    1457260 kB
Buffers:           78292 kB
Cached:          1024756 kB
MemTotal:        1844596 kB
MemFree:          471192 kB
MemAvailable:    1457260 kB
Buffers:           78292 kB
Cached:          1024756 kB
MemTotal:        1844596 kB
MemFree:          471432 kB
MemAvailable:    1457500 kB
Buffers:           78292 kB
Cached:          1024756 kB
MemTotal:        1844596 kB
MemFree:          470928 kB
MemAvailable:    1456996 kB
Buffers:           78292 kB
Cached:          1024756 kB
MemTotal:        1844596 kB
MemFree:          470796 kB
MemAvailable:    1456864 kB
Buffers:           78292 kB
Cached:          1024756 kB
MemTotal:        1844596 kB
MemFree:          474144 kB
MemAvailable:    1460212 kB
Buffers:           78292 kB
Cached:          1024756 kB
MemTotal:        1844596 kB
MemFree:          474364 kB
MemAvailable:    1460432 kB
Buffers:           78292 kB
Cached:          1024756 kB
MemTotal:        1844596 kB
MemFree:          473976 kB
MemAvailable:    1460044 kB
Buffers:           78292 kB
Cached:          1024756 kB
MemTotal:        1844596 kB
MemFree:          474304 kB
MemAvailable:    1460372 kB
Buffers:           78292 kB
Cached:          1024756 kB
MemTotal:        1844596 kB
MemFree:          472980 kB
MemAvailable:    1459048 kB
Buffers:           78292 kB
Cached:          1024756 kB
MemTotal:        1844596 kB
MemFree:          474280 kB
MemAvailable:    1460348 kB
Buffers:           78292 kB
Cached:          1024756 kB
MemTotal:        1844596 kB
MemFree:          473604 kB
MemAvailable:    1459672 kB
Buffers:           78292 kB
Cached:          1024756 kB
MemTotal:        1844596 kB
MemFree:          474348 kB
MemAvailable:    1460420 kB
Buffers:           78292 kB
Cached:          1024760 kB
MemTotal:        1844596 kB
MemFree:          474348 kB
MemAvailable:    1460420 kB
Buffers:           78292 kB
Cached:          1024760 kB
MemTotal:        1844596 kB
MemFree:          474232 kB
MemAvailable:    1460304 kB
Buffers:           78292 kB
Cached:          1024760 kB
MemTotal:        1844596 kB
MemFree:          474292 kB
MemAvailable:    1460364 kB
Buffers:           78292 kB
Cached:          1024760 kB
MemTotal:        1844596 kB
MemFree:          472976 kB
MemAvailable:    1459048 kB
Buffers:           78292 kB
Cached:          1024760 kB
MemTotal:        1844596 kB
MemFree:          472812 kB
MemAvailable:    1458884 kB
Buffers:           78292 kB
Cached:          1024760 kB
MemTotal:        1844596 kB
MemFree:          472720 kB
MemAvailable:    1458792 kB
Buffers:           78292 kB
Cached:          1024760 kB
MemTotal:        1844596 kB
MemFree:          471556 kB
MemAvailable:    1457628 kB
Buffers:           78292 kB
Cached:          1024760 kB
MemTotal:        1844596 kB
MemFree:          471556 kB
MemAvailable:    1457628 kB
Buffers:           78292 kB
Cached:          1024760 kB
MemTotal:        1844596 kB
MemFree:          472856 kB
MemAvailable:    1458928 kB
Buffers:           78292 kB
Cached:          1024760 kB
MemTotal:        1844596 kB
MemFree:          471556 kB
MemAvailable:    1457628 kB
Buffers:           78292 kB
Cached:          1024760 kB
MemTotal:        1844596 kB
MemFree:          471548 kB
MemAvailable:    1457620 kB
Buffers:           78292 kB
Cached:          1024760 kB
MemTotal:        1844596 kB
MemFree:          471504 kB
MemAvailable:    1457576 kB
Buffers:           78292 kB
Cached:          1024760 kB
MemTotal:        1844596 kB
MemFree:          471988 kB
MemAvailable:    1458060 kB
Buffers:           78292 kB
Cached:          1024760 kB
MemTotal:        1844596 kB
MemFree:          472000 kB
MemAvailable:    1458072 kB
Buffers:           78292 kB
Cached:          1024760 kB
MemTotal:        1844596 kB
MemFree:          471380 kB
MemAvailable:    1457452 kB
Buffers:           78292 kB
Cached:          1024760 kB
MemTotal:        1844596 kB
MemFree:          470760 kB
MemAvailable:    1456832 kB
Buffers:           78292 kB
Cached:          1024760 kB
MemTotal:        1844596 kB
MemFree:          472060 kB
MemAvailable:    1458132 kB
Buffers:           78292 kB
Cached:          1024760 kB
MemTotal:        1844596 kB
MemFree:          470752 kB
MemAvailable:    1456824 kB
Buffers:           78292 kB
Cached:          1024760 kB
MemTotal:        1844596 kB
MemFree:          471860 kB
MemAvailable:    1457932 kB
Buffers:           78292 kB
Cached:          1024760 kB
MemTotal:        1844596 kB
MemFree:          472000 kB
MemAvailable:    1457948 kB
Buffers:           78292 kB
Cached:          1024760 kB
MemTotal:        1844596 kB
MemFree:          470696 kB
MemAvailable:    1456768 kB
Buffers:           78292 kB
Cached:          1024760 kB
MemTotal:        1844596 kB
MemFree:          470828 kB
MemAvailable:    1456900 kB
Buffers:           78292 kB
Cached:          1024760 kB
MemTotal:        1844596 kB
MemFree:          470828 kB
MemAvailable:    1456900 kB
Buffers:           78292 kB
Cached:          1024760 kB
MemTotal:        1844596 kB
MemFree:          472192 kB
MemAvailable:    1458264 kB
Buffers:           78292 kB
Cached:          1024760 kB
MemTotal:        1844596 kB
MemFree:          472192 kB
MemAvailable:    1458264 kB
Buffers:           78292 kB
Cached:          1024760 kB
MemTotal:        1844596 kB
MemFree:          471864 kB
MemAvailable:    1457936 kB
Buffers:           78292 kB
Cached:          1024760 kB
MemTotal:        1844596 kB
MemFree:          471616 kB
MemAvailable:    1457688 kB
Buffers:           78292 kB
Cached:          1024760 kB
MemTotal:        1844596 kB
