MemTotal:        1844596 kB
MemFree:         1216232 kB
MemAvailable:    1584292 kB
Buffers:           59460 kB
Cached:           432504 kB
MemTotal:        1844596 kB
MemFree:         1214744 kB
MemAvailable:    1582804 kB
Buffers:           59460 kB
Cached:           432504 kB
MemTotal:        1844596 kB
MemFree:         1213744 kB
MemAvailable:    1581804 kB
Buffers:           59460 kB
Cached:           432504 kB
MemTotal:        1844596 kB
MemFree:         1214916 kB
MemAvailable:    1582976 kB
Buffers:           59460 kB
Cached:           432504 kB
MemTotal:        1844596 kB
MemFree:         1212388 kB
MemAvailable:    1580448 kB
Buffers:           59460 kB
Cached:           432504 kB
MemTotal:        1844596 kB
MemFree:         1210884 kB
MemAvailable:    1578944 kB
Buffers:           59460 kB
Cached:           432504 kB
MemTotal:        1844596 kB
MemFree:         1210720 kB
MemAvailable:    1578780 kB
Buffers:           59460 kB
Cached:           432504 kB
MemTotal:        1844596 kB
MemFree:         1208420 kB
MemAvailable:    1576480 kB
Buffers:           59460 kB
Cached:           432504 kB
MemTotal:        1844596 kB
MemFree:         1205072 kB
MemAvailable:    1573132 kB
Buffers:           59460 kB
Cached:           432504 kB
MemTotal:        1844596 kB
MemFree:         1205444 kB
MemAvailable:    1573504 kB
Buffers:           59460 kB
Cached:           432504 kB
MemTotal:        1844596 kB
MemFree:         1202132 kB
MemAvailable:    1570192 kB
Buffers:           59460 kB
Cached:           432504 kB
MemTotal:        1844596 kB
MemFree:         1203272 kB
MemAvailable:    1571332 kB
Buffers:           59460 kB
Cached:           432504 kB
MemTotal:        1844596 kB
MemFree:         1202344 kB
MemAvailable:    1570404 kB
Buffers:           59460 kB
Cached:           432504 kB
MemTotal:        1844596 kB
MemFree:         1202048 kB
MemAvailable:    1570108 kB
Buffers:           59460 kB
Cached:           432504 kB
MemTotal:        1844596 kB
MemFree:         1203584 kB
MemAvailable:    1571644 kB
Buffers:           59460 kB
Cached:           432504 kB
MemTotal:        1844596 kB
MemFree:         1202212 kB
MemAvailable:    1570272 kB
Buffers:           59460 kB
Cached:           432504 kB
MemTotal:        1844596 kB
MemFree:         1203256 kB
MemAvailable:    1571316 kB
Buffers:           59460 kB
Cached:           432504 kB
MemTotal:        1844596 kB
MemFree:         1202220 kB
MemAvailable:    1570280 kB
Buffers:           59460 kB
Cached:           432504 kB
MemTotal:        1844596 kB
MemFree:         1202696 kB
MemAvailable:    1570756 kB
Buffers:           59460 kB
Cached:           432504 kB
MemTotal:        1844596 kB
MemFree:         1202952 kB
MemAvailable:    1571012 kB
Buffers:           59460 kB
Cached:           432504 kB
MemTotal:        1844596 kB
MemFree:         1201104 kB
MemAvailable:    1569164 kB
Buffers:           59460 kB
Cached:           432504 kB
MemTotal:        1844596 kB
MemFree:         1200832 kB
MemAvailable:    1568892 kB
Buffers:           59460 kB
Cached:           432504 kB
MemTotal:        1844596 kB
MemFree:         1201084 kB
MemAvailable:    1569144 kB
Buffers:           59460 kB
Cached:           432504 kB
MemTotal:        1844596 kB
MemFree:         1199552 kB
MemAvailable:    1567612 kB
Buffers:           59460 kB
Cached:           432504 kB
MemTotal:        1844596 kB
MemFree:         1199684 kB
MemAvailable:    1567744 kB
Buffers:           59460 kB
Cached:           432504 kB
MemTotal:        1844596 kB
MemFree:         1199676 kB
MemAvailable:    1567736 kB
Buffers:           59460 kB
Cached:           432504 kB
MemTotal:        1844596 kB
MemFree:         1200888 kB
MemAvailable:    1568948 kB
Buffers:           59460 kB
Cached:           432504 kB
MemTotal:        1844596 kB
MemFree:         1200236 kB
MemAvailable:    1568296 kB
Buffers:           59460 kB
Cached:           432504 kB
MemTotal:        1844596 kB
MemFree:         1200704 kB
MemAvailable:    1568764 kB
Buffers:           59460 kB
Cached:           432504 kB
MemTotal:        1844596 kB
MemFree:         1201040 kB
MemAvailable:    1569100 kB
Buffers:           59460 kB
Cached:           432504 kB
MemTotal:        1844596 kB
MemFree:         1200796 kB
MemAvailable:    1568856 kB
Buffers:           59460 kB
Cached:           432504 kB
MemTotal:        1844596 kB
MemFree:         1200716 kB
MemAvailable:    1568776 kB
Buffers:           59460 kB
Cached:           432504 kB
MemTotal:        1844596 kB
MemFree:         1201056 kB
MemAvailable:    1569116 kB
Buffers:           59460 kB
Cached:           432504 kB
MemTotal:        1844596 kB
MemFree:         1199600 kB
MemAvailable:    1567660 kB
Buffers:           59460 kB
Cached:           432504 kB
MemTotal:        1844596 kB
MemFree:         1199244 kB
MemAvailable:    1567304 kB
Buffers:           59460 kB
Cached:           432504 kB
MemTotal:        1844596 kB
MemFree:         1195276 kB
MemAvailable:    1563336 kB
Buffers:           59460 kB
Cached:           432504 kB
MemTotal:        1844596 kB
MemFree:         1195144 kB
MemAvailable:    1563204 kB
Buffers:           59460 kB
Cached:           432504 kB
MemTotal:        1844596 kB
MemFree:         1196452 kB
MemAvailable:    1564512 kB
Buffers:           59460 kB
Cached:           432504 kB
MemTotal:        1844596 kB
MemFree:         1195996 kB
MemAvailable:    1564056 kB
Buffers:           59460 kB
Cached:           432504 kB
MemTotal:        1844596 kB
MemFree:         1195996 kB
MemAvailable:    1564056 kB
Buffers:           59460 kB
Cached:           432504 kB
MemTotal:        1844596 kB
MemFree:         1196024 kB
MemAvailable:    1564084 kB
Buffers:           59460 kB
Cached:           432504 kB
MemTotal:        1844596 kB
MemFree:         1196000 kB
MemAvailable:    1564068 kB
Buffers:           59460 kB
Cached:           432512 kB
MemTotal:        1844596 kB
MemFree:         1195400 kB
MemAvailable:    1563468 kB
Buffers:           59460 kB
Cached:           432512 kB
MemTotal:        1844596 kB
MemFree:         1195716 kB
MemAvailable:    1563784 kB
Buffers:           59460 kB
Cached:           432512 kB
MemTotal:        1844596 kB
MemFree:         1194592 kB
MemAvailable:    1562660 kB
Buffers:           59460 kB
Cached:           432512 kB
MemTotal:        1844596 kB
MemFree:         1194036 kB
MemAvailable:    1562104 kB
Buffers:           59460 kB
Cached:           432512 kB
MemTotal:        1844596 kB
MemFree:         1193904 kB
MemAvailable:    1561972 kB
Buffers:           59460 kB
Cached:           432512 kB
MemTotal:        1844596 kB
MemFree:         1195012 kB
MemAvailable:    1563080 kB
Buffers:           59460 kB
Cached:           432512 kB
MemTotal:        1844596 kB
MemFree:         1194540 kB
MemAvailable:    1562608 kB
Buffers:           59460 kB
Cached:           432512 kB
MemTotal:        1844596 kB
MemFree:         1193648 kB
MemAvailable:    1561716 kB
Buffers:           59460 kB
Cached:           432512 kB
MemTotal:        1844596 kB
MemFree:         1195040 kB
MemAvailable:    1563108 kB
Buffers:           59460 kB
Cached:           432512 kB
MemTotal:        1844596 kB
MemFree:         1194152 kB
MemAvailable:    1562220 kB
Buffers:           59460 kB
Cached:           432512 kB
MemTotal:        1844596 kB
MemFree:         1194780 kB
MemAvailable:    1562848 kB
Buffers:           59460 kB
Cached:           432512 kB
MemTotal:        1844596 kB
MemFree:         1194836 kB
MemAvailable:    1562904 kB
Buffers:           59460 kB
Cached:           432512 kB
MemTotal:        1844596 kB
MemFree:         1193276 kB
MemAvailable:    1561344 kB
Buffers:           59460 kB
Cached:           432512 kB
MemTotal:        1844596 kB
MemFree:         1194460 kB
MemAvailable:    1562528 kB
Buffers:           59460 kB
Cached:           432512 kB
MemTotal:        1844596 kB
MemFree:         1193112 kB
MemAvailable:    1561180 kB
Buffers:           59460 kB
Cached:           432512 kB
MemTotal:        1844596 kB
MemFree:         1194412 kB
MemAvailable:    1562480 kB
Buffers:           59460 kB
Cached:           432512 kB
MemTotal:        1844596 kB
MemFree:         1193232 kB
MemAvailable:    1561300 kB
Buffers:           59460 kB
Cached:           432512 kB
MemTotal:        1844596 kB
MemFree:         1193100 kB
MemAvailable:    1561168 kB
Buffers:           59460 kB
Cached:           432512 kB
MemTotal:        1844596 kB
MemFree:         1193268 kB
MemAvailable:    1561336 kB
Buffers:           59460 kB
Cached:           432512 kB
MemTotal:        1844596 kB
MemFree:         1193268 kB
MemAvailable:    1561336 kB
Buffers:           59460 kB
Cached:           432512 kB
MemTotal:        1844596 kB
MemFree:         1193096 kB
MemAvailable:    1561164 kB
Buffers:           59460 kB
Cached:           432512 kB
MemTotal:        1844596 kB
MemFree:         1194320 kB
MemAvailable:    1562388 kB
Buffers:           59460 kB
Cached:           432512 kB
MemTotal:        1844596 kB
MemFree:         1192176 kB
MemAvailable:    1560244 kB
Buffers:           59460 kB
Cached:           432512 kB
MemTotal:        1844596 kB
MemFree:         1189076 kB
MemAvailable:    1557144 kB
Buffers:           59460 kB
Cached:           432512 kB
MemTotal:        1844596 kB
MemFree:         1187092 kB
MemAvailable:    1555160 kB
Buffers:           59460 kB
Cached:           432512 kB
MemTotal:        1844596 kB
MemFree:         1188160 kB
MemAvailable:    1556228 kB
Buffers:           59460 kB
Cached:           432512 kB
MemTotal:        1844596 kB
MemFree:         1188216 kB
MemAvailable:    1556284 kB
Buffers:           59460 kB
Cached:           432512 kB
MemTotal:        1844596 kB
MemFree:         1186844 kB
MemAvailable:    1554912 kB
Buffers:           59460 kB
Cached:           432512 kB
MemTotal:        1844596 kB
MemFree:         1187656 kB
MemAvailable:    1555724 kB
Buffers:           59460 kB
Cached:           432512 kB
MemTotal:        1844596 kB
MemFree:         1186160 kB
MemAvailable:    1554228 kB
Buffers:           59460 kB
Cached:           432512 kB
MemTotal:        1844596 kB
MemFree:         1187268 kB
MemAvailable:    1555336 kB
Buffers:           59460 kB
Cached:           432512 kB
MemTotal:        1844596 kB
MemFree:         1186020 kB
MemAvailable:    1554088 kB
Buffers:           59460 kB
Cached:           432512 kB
MemTotal:        1844596 kB
MemFree:         1186020 kB
MemAvailable:    1554088 kB
Buffers:           59460 kB
Cached:           432512 kB
MemTotal:        1844596 kB
MemFree:         1186656 kB
MemAvailable:    1554724 kB
Buffers:           59460 kB
Cached:           432512 kB
MemTotal:        1844596 kB
MemFree:         1185348 kB
MemAvailable:    1553416 kB
Buffers:           59460 kB
Cached:           432512 kB
MemTotal:        1844596 kB
MemFree:         1185216 kB
MemAvailable:    1553284 kB
Buffers:           59460 kB
Cached:           432512 kB
MemTotal:        1844596 kB
MemFree:         1184736 kB
MemAvailable:    1552804 kB
Buffers:           59460 kB
Cached:           432512 kB
MemTotal:        1844596 kB
MemFree:         1184556 kB
MemAvailable:    1552624 kB
Buffers:           59460 kB
Cached:           432512 kB
MemTotal:        1844596 kB
MemFree:         1185152 kB
MemAvailable:    1553220 kB
Buffers:           59460 kB
Cached:           432512 kB
MemTotal:        1844596 kB
MemFree:         1183744 kB
MemAvailable:    1551812 kB
Buffers:           59460 kB
Cached:           432512 kB
MemTotal:        1844596 kB
MemFree:         1184556 kB
MemAvailable:    1552628 kB
Buffers:           59460 kB
Cached:           432516 kB
MemTotal:        1844596 kB
MemFree:         1183332 kB
MemAvailable:    1551404 kB
Buffers:           59460 kB
Cached:           432516 kB
MemTotal:        1844596 kB
MemFree:         1183364 kB
MemAvailable:    1551436 kB
Buffers:           59460 kB
Cached:           432516 kB
MemTotal:        1844596 kB
MemFree:         1184664 kB
MemAvailable:    1552736 kB
Buffers:           59460 kB
Cached:           432516 kB
MemTotal:        1844596 kB
MemFree:         1184116 kB
MemAvailable:    1552188 kB
Buffers:           59460 kB
Cached:           432516 kB
MemTotal:        1844596 kB
MemFree:         1184544 kB
MemAvailable:    1552616 kB
Buffers:           59460 kB
Cached:           432516 kB
MemTotal:        1844596 kB
MemFree:         1184544 kB
MemAvailable:    1552616 kB
Buffers:           59460 kB
Cached:           432516 kB
MemTotal:        1844596 kB
MemFree:         1184416 kB
MemAvailable:    1552488 kB
Buffers:           59460 kB
Cached:           432516 kB
MemTotal:        1844596 kB
MemFree:         1184752 kB
MemAvailable:    1552824 kB
Buffers:           59460 kB
Cached:           432516 kB
MemTotal:        1844596 kB
MemFree:         1183552 kB
MemAvailable:    1551624 kB
Buffers:           59460 kB
Cached:           432516 kB
MemTotal:        1844596 kB
MemFree:         1183296 kB
MemAvailable:    1551368 kB
Buffers:           59460 kB
Cached:           432516 kB
MemTotal:        1844596 kB
MemFree:         1183428 kB
MemAvailable:    1551500 kB
Buffers:           59460 kB
Cached:           432516 kB
MemTotal:        1844596 kB
MemFree:         1183428 kB
MemAvailable:    1551500 kB
Buffers:           59460 kB
Cached:           432516 kB
MemTotal:        1844596 kB
MemFree:         1183296 kB
MemAvailable:    1551368 kB
Buffers:           59460 kB
Cached:           432516 kB
MemTotal:        1844596 kB
MemFree:         1184168 kB
MemAvailable:    1552240 kB
Buffers:           59460 kB
Cached:           432516 kB
MemTotal:        1844596 kB
MemFree:         1182736 kB
MemAvailable:    1550808 kB
Buffers:           59460 kB
Cached:           432516 kB
MemTotal:        1844596 kB
MemFree:         1183556 kB
MemAvailable:    1551628 kB
Buffers:           59460 kB
Cached:           432516 kB
MemTotal:        1844596 kB
MemFree:         1182504 kB
MemAvailable:    1550576 kB
Buffers:           59460 kB
Cached:           432516 kB
MemTotal:        1844596 kB
MemFree:         1182936 kB
MemAvailable:    1551008 kB
Buffers:           59460 kB
Cached:           432516 kB
MemTotal:        1844596 kB
MemFree:         1181828 kB
MemAvailable:    1549900 kB
Buffers:           59460 kB
Cached:           432516 kB
MemTotal:        1844596 kB
MemFree:         1181600 kB
MemAvailable:    1549672 kB
Buffers:           59460 kB
Cached:           432516 kB
MemTotal:        1844596 kB
MemFree:         1181724 kB
MemAvailable:    1549796 kB
Buffers:           59460 kB
Cached:           432516 kB
MemTotal:        1844596 kB
MemFree:         1181008 kB
MemAvailable:    1549080 kB
Buffers:           59460 kB
Cached:           432516 kB
MemTotal:        1844596 kB
MemFree:         1181992 kB
MemAvailable:    1550064 kB
Buffers:           59460 kB
Cached:           432516 kB
MemTotal:        1844596 kB
MemFree:         1182076 kB
MemAvailable:    1550148 kB
Buffers:           59460 kB
Cached:           432516 kB
MemTotal:        1844596 kB
MemFree:         1181996 kB
MemAvailable:    1550068 kB
Buffers:           59460 kB
Cached:           432516 kB
MemTotal:        1844596 kB
MemFree:         1180768 kB
MemAvailable:    1548840 kB
Buffers:           59460 kB
Cached:           432516 kB
MemTotal:        1844596 kB
MemFree:         1181944 kB
MemAvailable:    1550016 kB
Buffers:           59460 kB
Cached:           432516 kB
MemTotal:        1844596 kB
MemFree:         1180812 kB
MemAvailable:    1548884 kB
Buffers:           59460 kB
Cached:           432516 kB
MemTotal:        1844596 kB
MemFree:         1180760 kB
MemAvailable:    1548832 kB
Buffers:           59460 kB
Cached:           432516 kB
MemTotal:        1844596 kB
MemFree:         1182092 kB
MemAvailable:    1550164 kB
Buffers:           59460 kB
Cached:           432516 kB
MemTotal:        1844596 kB
MemFree:         1181692 kB
MemAvailable:    1549764 kB
Buffers:           59460 kB
Cached:           432516 kB
MemTotal:        1844596 kB
MemFree:         1180264 kB
MemAvailable:    1548336 kB
Buffers:           59460 kB
Cached:           432516 kB
MemTotal:        1844596 kB
MemFree:         1179148 kB
MemAvailable:    1547220 kB
Buffers:           59460 kB
Cached:           432516 kB
MemTotal:        1844596 kB
MemFree:         1175932 kB
MemAvailable:    1544008 kB
Buffers:           59460 kB
Cached:           432520 kB
MemTotal:        1844596 kB
MemFree:         1174072 kB
MemAvailable:    1542148 kB
Buffers:           59460 kB
Cached:           432520 kB
MemTotal:        1844596 kB
MemFree:         1171468 kB
MemAvailable:    1539544 kB
Buffers:           59460 kB
Cached:           432520 kB
MemTotal:        1844596 kB
MemFree:         1171584 kB
MemAvailable:    1539660 kB
Buffers:           59460 kB
Cached:           432520 kB
MemTotal:        1844596 kB
MemFree:         1171096 kB
MemAvailable:    1539172 kB
Buffers:           59460 kB
Cached:           432520 kB
MemTotal:        1844596 kB
MemFree:         1170840 kB
MemAvailable:    1538916 kB
Buffers:           59460 kB
Cached:           432520 kB
MemTotal:        1844596 kB
MemFree:         1170832 kB
MemAvailable:    1538908 kB
Buffers:           59460 kB
Cached:           432520 kB
MemTotal:        1844596 kB
MemFree:         1170840 kB
MemAvailable:    1538916 kB
Buffers:           59460 kB
Cached:           432520 kB
MemTotal:        1844596 kB
MemFree:         1171432 kB
MemAvailable:    1539508 kB
Buffers:           59460 kB
Cached:           432520 kB
MemTotal:        1844596 kB
MemFree:         1171344 kB
MemAvailable:    1539420 kB
Buffers:           59460 kB
Cached:           432520 kB
MemTotal:        1844596 kB
MemFree:         1170584 kB
MemAvailable:    1538660 kB
Buffers:           59460 kB
Cached:           432520 kB
MemTotal:        1844596 kB
MemFree:         1170228 kB
MemAvailable:    1538304 kB
Buffers:           59460 kB
Cached:           432520 kB
MemTotal:        1844596 kB
MemFree:         1170324 kB
MemAvailable:    1538400 kB
Buffers:           59460 kB
Cached:           432520 kB
MemTotal:        1844596 kB
MemFree:         1170660 kB
MemAvailable:    1538736 kB
Buffers:           59460 kB
Cached:           432520 kB
MemTotal:        1844596 kB
MemFree:         1170284 kB
MemAvailable:    1538360 kB
Buffers:           59460 kB
Cached:           432520 kB
MemTotal:        1844596 kB
MemFree:         1169848 kB
MemAvailable:    1537924 kB
Buffers:           59460 kB
Cached:           432520 kB
MemTotal:        1844596 kB
MemFree:         1170048 kB
MemAvailable:    1538124 kB
Buffers:           59460 kB
Cached:           432520 kB
MemTotal:        1844596 kB
MemFree:         1170048 kB
MemAvailable:    1538124 kB
Buffers:           59460 kB
Cached:           432520 kB
MemTotal:        1844596 kB
MemFree:         1170076 kB
MemAvailable:    1538152 kB
Buffers:           59460 kB
Cached:           432520 kB
MemTotal:        1844596 kB
MemFree:         1170228 kB
MemAvailable:    1538304 kB
Buffers:           59460 kB
Cached:           432520 kB
MemTotal:        1844596 kB
MemFree:         1168840 kB
MemAvailable:    1536916 kB
Buffers:           59460 kB
Cached:           432520 kB
MemTotal:        1844596 kB
MemFree:         1168932 kB
MemAvailable:    1537008 kB
Buffers:           59460 kB
Cached:           432520 kB
MemTotal:        1844596 kB
MemFree:         1170156 kB
MemAvailable:    1538232 kB
Buffers:           59460 kB
Cached:           432520 kB
MemTotal:        1844596 kB
MemFree:         1168920 kB
MemAvailable:    1536996 kB
Buffers:           59460 kB
Cached:           432520 kB
MemTotal:        1844596 kB
MemFree:         1168920 kB
MemAvailable:    1536996 kB
Buffers:           59460 kB
Cached:           432520 kB
MemTotal:        1844596 kB
MemFree:         1168912 kB
MemAvailable:    1536988 kB
Buffers:           59460 kB
Cached:           432520 kB
MemTotal:        1844596 kB
MemFree:         1170204 kB
MemAvailable:    1538280 kB
Buffers:           59460 kB
Cached:           432520 kB
MemTotal:        1844596 kB
MemFree:         1169608 kB
MemAvailable:    1537684 kB
Buffers:           59460 kB
Cached:           432520 kB
MemTotal:        1844596 kB
MemFree:         1169600 kB
MemAvailable:    1537676 kB
Buffers:           59460 kB
Cached:           432520 kB
MemTotal:        1844596 kB
MemFree:         1169600 kB
MemAvailable:    1537676 kB
Buffers:           59460 kB
Cached:           432520 kB
MemTotal:        1844596 kB
MemFree:         1166624 kB
MemAvailable:    1534700 kB
Buffers:           59460 kB
Cached:           432520 kB
MemTotal:        1844596 kB
MemFree:         1164824 kB
MemAvailable:    1532900 kB
Buffers:           59460 kB
Cached:           432520 kB
MemTotal:        1844596 kB
MemFree:         1161036 kB
MemAvailable:    1529112 kB
Buffers:           59460 kB
Cached:           432520 kB
MemTotal:        1844596 kB
MemFree:         1161036 kB
MemAvailable:    1529112 kB
Buffers:           59460 kB
Cached:           432520 kB
MemTotal:        1844596 kB
MemFree:         1157076 kB
MemAvailable:    1525152 kB
Buffers:           59460 kB
Cached:           432520 kB
MemTotal:        1844596 kB
MemFree:         1158324 kB
MemAvailable:    1526400 kB
Buffers:           59460 kB
Cached:           432520 kB
MemTotal:        1844596 kB
MemFree:         1157332 kB
MemAvailable:    1525408 kB
Buffers:           59460 kB
Cached:           432520 kB
MemTotal:        1844596 kB
MemFree:         1158008 kB
MemAvailable:    1526084 kB
Buffers:           59460 kB
Cached:           432520 kB
MemTotal:        1844596 kB
MemFree:         1157688 kB
MemAvailable:    1525764 kB
Buffers:           59460 kB
Cached:           432520 kB
MemTotal:        1844596 kB
MemFree:         1158184 kB
MemAvailable:    1526264 kB
Buffers:           59460 kB
Cached:           432524 kB
MemTotal:        1844596 kB
MemFree:         1158184 kB
MemAvailable:    1526264 kB
Buffers:           59460 kB
Cached:           432524 kB
MemTotal:        1844596 kB
MemFree:         1156940 kB
MemAvailable:    1525020 kB
Buffers:           59460 kB
Cached:           432524 kB
MemTotal:        1844596 kB
MemFree:         1158016 kB
MemAvailable:    1526096 kB
Buffers:           59460 kB
Cached:           432524 kB
MemTotal:        1844596 kB
MemFree:         1157696 kB
MemAvailable:    1525776 kB
Buffers:           59460 kB
Cached:           432524 kB
MemTotal:        1844596 kB
MemFree:         1157688 kB
MemAvailable:    1525768 kB
Buffers:           59460 kB
Cached:           432524 kB
MemTotal:        1844596 kB
MemFree:         1158024 kB
MemAvailable:    1526104 kB
Buffers:           59460 kB
Cached:           432524 kB
MemTotal:        1844596 kB
MemFree:         1157556 kB
MemAvailable:    1525636 kB
Buffers:           59460 kB
Cached:           432524 kB
MemTotal:        1844596 kB
MemFree:         1157640 kB
MemAvailable:    1525720 kB
Buffers:           59460 kB
Cached:           432524 kB
MemTotal:        1844596 kB
MemFree:         1156276 kB
MemAvailable:    1524356 kB
Buffers:           59460 kB
Cached:           432524 kB
MemTotal:        1844596 kB
MemFree:         1156452 kB
MemAvailable:    1524532 kB
Buffers:           59460 kB
Cached:           432524 kB
MemTotal:        1844596 kB
MemFree:         1156332 kB
MemAvailable:    1524412 kB
Buffers:           59460 kB
Cached:           432524 kB
MemTotal:        1844596 kB
MemFree:         1156540 kB
MemAvailable:    1524620 kB
Buffers:           59460 kB
Cached:           432524 kB
MemTotal:        1844596 kB
MemFree:         1156292 kB
MemAvailable:    1524372 kB
Buffers:           59460 kB
Cached:           432524 kB
MemTotal:        1844596 kB
MemFree:         1156540 kB
MemAvailable:    1524620 kB
Buffers:           59460 kB
Cached:           432524 kB
MemTotal:        1844596 kB
MemFree:         1157592 kB
MemAvailable:    1525672 kB
Buffers:           59460 kB
Cached:           432524 kB
MemTotal:        1844596 kB
MemFree:         1157572 kB
MemAvailable:    1525652 kB
Buffers:           59460 kB
Cached:           432524 kB
MemTotal:        1844596 kB
MemFree:         1157824 kB
MemAvailable:    1525904 kB
Buffers:           59460 kB
Cached:           432524 kB
MemTotal:        1844596 kB
MemFree:         1156588 kB
MemAvailable:    1524668 kB
Buffers:           59460 kB
Cached:           432524 kB
MemTotal:        1844596 kB
MemFree:         1158044 kB
MemAvailable:    1526124 kB
Buffers:           59460 kB
Cached:           432524 kB
MemTotal:        1844596 kB
MemFree:         1156960 kB
MemAvailable:    1525040 kB
Buffers:           59460 kB
Cached:           432524 kB
MemTotal:        1844596 kB
MemFree:         1157692 kB
MemAvailable:    1525772 kB
Buffers:           59460 kB
Cached:           432524 kB
MemTotal:        1844596 kB
MemFree:         1156188 kB
MemAvailable:    1524268 kB
Buffers:           59460 kB
Cached:           432524 kB
MemTotal:        1844596 kB
MemFree:         1157380 kB
MemAvailable:    1525460 kB
Buffers:           59460 kB
Cached:           432524 kB
MemTotal:        1844596 kB
MemFree:         1157456 kB
MemAvailable:    1525536 kB
Buffers:           59460 kB
Cached:           432524 kB
MemTotal:        1844596 kB
MemFree:         1157528 kB
MemAvailable:    1525608 kB
Buffers:           59460 kB
Cached:           432524 kB
MemTotal:        1844596 kB
MemFree:         1156280 kB
MemAvailable:    1524360 kB
Buffers:           59460 kB
Cached:           432524 kB
MemTotal:        1844596 kB
MemFree:         1156280 kB
MemAvailable:    1524360 kB
Buffers:           59460 kB
Cached:           432524 kB
MemTotal:        1844596 kB
MemFree:         1157332 kB
MemAvailable:    1525412 kB
Buffers:           59460 kB
Cached:           432524 kB
MemTotal:        1844596 kB
MemFree:         1154728 kB
MemAvailable:    1522808 kB
Buffers:           59460 kB
Cached:           432524 kB
MemTotal:        1844596 kB
MemFree:         1149876 kB
MemAvailable:    1517960 kB
Buffers:           59460 kB
Cached:           432528 kB
MemTotal:        1844596 kB
MemFree:         1149716 kB
MemAvailable:    1517800 kB
Buffers:           59460 kB
Cached:           432528 kB
MemTotal:        1844596 kB
MemFree:         1146296 kB
MemAvailable:    1514380 kB
Buffers:           59460 kB
Cached:           432528 kB
MemTotal:        1844596 kB
MemFree:         1147348 kB
MemAvailable:    1515432 kB
Buffers:           59460 kB
Cached:           432528 kB
MemTotal:        1844596 kB
MemFree:         1146040 kB
MemAvailable:    1514124 kB
Buffers:           59460 kB
Cached:           432528 kB
MemTotal:        1844596 kB
MemFree:         1147340 kB
MemAvailable:    1515424 kB
Buffers:           59460 kB
Cached:           432528 kB
MemTotal:        1844596 kB
MemFree:         1147168 kB
MemAvailable:    1515252 kB
Buffers:           59460 kB
Cached:           432528 kB
MemTotal:        1844596 kB
MemFree:         1146296 kB
MemAvailable:    1514380 kB
Buffers:           59460 kB
Cached:           432528 kB
MemTotal:        1844596 kB
MemFree:         1145884 kB
MemAvailable:    1513972 kB
Buffers:           59460 kB
Cached:           432532 kB
MemTotal:        1844596 kB
MemFree:         1145884 kB
MemAvailable:    1513972 kB
Buffers:           59460 kB
Cached:           432532 kB
MemTotal:        1844596 kB
MemFree:         1147356 kB
MemAvailable:    1515444 kB
Buffers:           59460 kB
Cached:           432532 kB
MemTotal:        1844596 kB
MemFree:         1147032 kB
MemAvailable:    1515120 kB
Buffers:           59460 kB
Cached:           432532 kB
MemTotal:        1844596 kB
MemFree:         1147116 kB
MemAvailable:    1515204 kB
Buffers:           59460 kB
Cached:           432532 kB
MemTotal:        1844596 kB
MemFree:         1145872 kB
MemAvailable:    1513960 kB
Buffers:           59460 kB
Cached:           432532 kB
MemTotal:        1844596 kB
MemFree:         1146980 kB
MemAvailable:    1515068 kB
Buffers:           59460 kB
Cached:           432532 kB
MemTotal:        1844596 kB
MemFree:         1147148 kB
MemAvailable:    1515236 kB
Buffers:           59460 kB
Cached:           432532 kB
MemTotal:        1844596 kB
MemFree:         1146412 kB
MemAvailable:    1514500 kB
Buffers:           59460 kB
Cached:           432532 kB
MemTotal:        1844596 kB
MemFree:         1146412 kB
MemAvailable:    1514500 kB
Buffers:           59460 kB
Cached:           432532 kB
MemTotal:        1844596 kB
MemFree:         1145744 kB
MemAvailable:    1513832 kB
Buffers:           59460 kB
Cached:           432532 kB
MemTotal:        1844596 kB
MemFree:         1144188 kB
MemAvailable:    1512276 kB
Buffers:           59460 kB
Cached:           432532 kB
MemTotal:        1844596 kB
MemFree:         1144736 kB
MemAvailable:    1512824 kB
Buffers:           59460 kB
Cached:           432532 kB
MemTotal:        1844596 kB
MemFree:         1145072 kB
MemAvailable:    1513160 kB
Buffers:           59460 kB
Cached:           432532 kB
MemTotal:        1844596 kB
MemFree:         1144864 kB
MemAvailable:    1512952 kB
Buffers:           59460 kB
Cached:           432532 kB
MemTotal:        1844596 kB
MemFree:         1145116 kB
MemAvailable:    1513204 kB
Buffers:           59460 kB
Cached:           432532 kB
MemTotal:        1844596 kB
MemFree:         1144932 kB
MemAvailable:    1513020 kB
Buffers:           59460 kB
Cached:           432532 kB
MemTotal:        1844596 kB
MemFree:         1145072 kB
MemAvailable:    1513160 kB
Buffers:           59460 kB
Cached:           432532 kB
MemTotal:        1844596 kB
MemFree:         1144800 kB
MemAvailable:    1512888 kB
Buffers:           59460 kB
Cached:           432532 kB
MemTotal:        1844596 kB
MemFree:         1143556 kB
MemAvailable:    1511644 kB
Buffers:           59460 kB
Cached:           432532 kB
MemTotal:        1844596 kB
MemFree:         1144816 kB
MemAvailable:    1512904 kB
Buffers:           59460 kB
Cached:           432532 kB
MemTotal:        1844596 kB
MemFree:         1145000 kB
MemAvailable:    1513088 kB
Buffers:           59460 kB
Cached:           432532 kB
MemTotal:        1844596 kB
MemFree:         1144320 kB
MemAvailable:    1512408 kB
Buffers:           59460 kB
Cached:           432532 kB
MemTotal:        1844596 kB
MemFree:         1144664 kB
MemAvailable:    1512752 kB
Buffers:           59460 kB
Cached:           432532 kB
MemTotal:        1844596 kB
MemFree:         1145000 kB
MemAvailable:    1513088 kB
Buffers:           59460 kB
Cached:           432532 kB
MemTotal:        1844596 kB
MemFree:         1143632 kB
MemAvailable:    1511720 kB
Buffers:           59460 kB
Cached:           432532 kB
MemTotal:        1844596 kB
MemFree:         1144940 kB
MemAvailable:    1513028 kB
Buffers:           59460 kB
Cached:           432532 kB
MemTotal:        1844596 kB
MemFree:         1143632 kB
MemAvailable:    1511720 kB
Buffers:           59460 kB
Cached:           432532 kB
MemTotal:        1844596 kB
MemFree:         1144800 kB
MemAvailable:    1512888 kB
Buffers:           59460 kB
Cached:           432532 kB
MemTotal:        1844596 kB
MemFree:         1145052 kB
MemAvailable:    1513140 kB
Buffers:           59460 kB
Cached:           432532 kB
MemTotal:        1844596 kB
MemFree:         1144620 kB
MemAvailable:    1512708 kB
Buffers:           59460 kB
Cached:           432532 kB
MemTotal:        1844596 kB
MemFree:         1144956 kB
MemAvailable:    1513044 kB
Buffers:           59460 kB
Cached:           432532 kB
MemTotal:        1844596 kB
MemFree:         1144880 kB
MemAvailable:    1512968 kB
Buffers:           59460 kB
Cached:           432532 kB
MemTotal:        1844596 kB
MemFree:         1144320 kB
MemAvailable:    1512408 kB
Buffers:           59460 kB
Cached:           432532 kB
MemTotal:        1844596 kB
MemFree:         1144788 kB
MemAvailable:    1512876 kB
Buffers:           59460 kB
Cached:           432532 kB
MemTotal:        1844596 kB
MemFree:         1145124 kB
MemAvailable:    1513212 kB
Buffers:           59460 kB
Cached:           432532 kB
MemTotal:        1844596 kB
MemFree:         1144800 kB
MemAvailable:    1512888 kB
Buffers:           59460 kB
Cached:           432532 kB
MemTotal:        1844596 kB
MemFree:         1145136 kB
MemAvailable:    1513224 kB
Buffers:           59460 kB
Cached:           432532 kB
MemTotal:        1844596 kB
MemFree:         1144944 kB
MemAvailable:    1513032 kB
Buffers:           59460 kB
Cached:           432532 kB
MemTotal:        1844596 kB
MemFree:         1144816 kB
MemAvailable:    1512904 kB
Buffers:           59460 kB
Cached:           432532 kB
MemTotal:        1844596 kB
MemFree:         1141832 kB
MemAvailable:    1509920 kB
Buffers:           59460 kB
Cached:           432532 kB
MemTotal:        1844596 kB
MemFree:         1137368 kB
MemAvailable:    1505456 kB
Buffers:           59460 kB
Cached:           432532 kB
MemTotal:        1844596 kB
MemFree:         1137252 kB
MemAvailable:    1505340 kB
Buffers:           59460 kB
Cached:           432532 kB
MemTotal:        1844596 kB
MemFree:         1133036 kB
MemAvailable:    1501124 kB
Buffers:           59460 kB
Cached:           432532 kB
MemTotal:        1844596 kB
MemFree:         1132292 kB
MemAvailable:    1500380 kB
Buffers:           59460 kB
Cached:           432532 kB
MemTotal:        1844596 kB
MemFree:         1131044 kB
MemAvailable:    1499132 kB
Buffers:           59460 kB
Cached:           432532 kB
MemTotal:        1844596 kB
MemFree:         1131864 kB
MemAvailable:    1499960 kB
Buffers:           59460 kB
Cached:           432540 kB
MemTotal:        1844596 kB
MemFree:         1132116 kB
MemAvailable:    1500212 kB
Buffers:           59460 kB
Cached:           432540 kB
MemTotal:        1844596 kB
MemFree:         1130880 kB
MemAvailable:    1498976 kB
Buffers:           59460 kB
Cached:           432540 kB
MemTotal:        1844596 kB
MemFree:         1131740 kB
MemAvailable:    1499836 kB
Buffers:           59460 kB
Cached:           432540 kB
MemTotal:        1844596 kB
MemFree:         1131680 kB
MemAvailable:    1499776 kB
Buffers:           59460 kB
Cached:           432540 kB
MemTotal:        1844596 kB
MemFree:         1131624 kB
MemAvailable:    1499720 kB
Buffers:           59460 kB
Cached:           432540 kB
MemTotal:        1844596 kB
MemFree:         1131720 kB
MemAvailable:    1499816 kB
Buffers:           59460 kB
Cached:           432540 kB
MemTotal:        1844596 kB
MemFree:         1130804 kB
MemAvailable:    1498900 kB
Buffers:           59460 kB
Cached:           432540 kB
MemTotal:        1844596 kB
MemFree:         1131536 kB
MemAvailable:    1499632 kB
Buffers:           59460 kB
Cached:           432540 kB
MemTotal:        1844596 kB
MemFree:         1131692 kB
MemAvailable:    1499788 kB
Buffers:           59460 kB
Cached:           432540 kB
MemTotal:        1844596 kB
MemFree:         1130928 kB
MemAvailable:    1499024 kB
Buffers:           59460 kB
Cached:           432540 kB
MemTotal:        1844596 kB
MemFree:         1132088 kB
MemAvailable:    1500184 kB
Buffers:           59460 kB
Cached:           432540 kB
MemTotal:        1844596 kB
MemFree:         1130928 kB
MemAvailable:    1499024 kB
Buffers:           59460 kB
Cached:           432540 kB
MemTotal:        1844596 kB
MemFree:         1131796 kB
MemAvailable:    1499892 kB
Buffers:           59460 kB
Cached:           432540 kB
MemTotal:        1844596 kB
MemFree:         1130680 kB
MemAvailable:    1498776 kB
Buffers:           59460 kB
Cached:           432540 kB
MemTotal:        1844596 kB
MemFree:         1131480 kB
MemAvailable:    1499576 kB
Buffers:           59460 kB
Cached:           432540 kB
MemTotal:        1844596 kB
MemFree:         1131424 kB
MemAvailable:    1499520 kB
Buffers:           59460 kB
Cached:           432540 kB
MemTotal:        1844596 kB
MemFree:         1131536 kB
MemAvailable:    1499632 kB
Buffers:           59460 kB
Cached:           432540 kB
MemTotal:        1844596 kB
MemFree:         1131548 kB
MemAvailable:    1499644 kB
Buffers:           59460 kB
Cached:           432540 kB
MemTotal:        1844596 kB
MemFree:         1131408 kB
MemAvailable:    1499504 kB
Buffers:           59460 kB
Cached:           432540 kB
MemTotal:        1844596 kB
MemFree:         1131408 kB
MemAvailable:    1499504 kB
Buffers:           59460 kB
Cached:           432540 kB
MemTotal:        1844596 kB
MemFree:         1131396 kB
MemAvailable:    1499492 kB
Buffers:           59460 kB
Cached:           432540 kB
MemTotal:        1844596 kB
MemFree:         1130296 kB
MemAvailable:    1498392 kB
Buffers:           59460 kB
Cached:           432540 kB
MemTotal:        1844596 kB
MemFree:         1131480 kB
MemAvailable:    1499576 kB
Buffers:           59460 kB
Cached:           432540 kB
MemTotal:        1844596 kB
MemFree:         1131648 kB
MemAvailable:    1499744 kB
Buffers:           59460 kB
Cached:           432540 kB
MemTotal:        1844596 kB
MemFree:         1131396 kB
MemAvailable:    1499492 kB
Buffers:           59460 kB
Cached:           432540 kB
MemTotal:        1844596 kB
MemFree:         1131732 kB
MemAvailable:    1499828 kB
Buffers:           59460 kB
Cached:           432540 kB
MemTotal:        1844596 kB
MemFree:         1131264 kB
MemAvailable:    1499360 kB
Buffers:           59460 kB
Cached:           432540 kB
MemTotal:        1844596 kB
MemFree:         1131264 kB
MemAvailable:    1499360 kB
Buffers:           59460 kB
Cached:           432540 kB
MemTotal:        1844596 kB
MemFree:         1129664 kB
MemAvailable:    1497760 kB
Buffers:           59460 kB
Cached:           432540 kB
MemTotal:        1844596 kB
MemFree:         1129928 kB
MemAvailable:    1498028 kB
Buffers:           59460 kB
Cached:           432544 kB
MemTotal:        1844596 kB
MemFree:         1129688 kB
MemAvailable:    1497788 kB
Buffers:           59460 kB
Cached:           432544 kB
MemTotal:        1844596 kB
MemFree:         1129812 kB
MemAvailable:    1497912 kB
Buffers:           59460 kB
Cached:           432544 kB
MemTotal:        1844596 kB
MemFree:         1131052 kB
MemAvailable:    1499152 kB
Buffers:           59460 kB
Cached:           432544 kB
MemTotal:        1844596 kB
MemFree:         1130788 kB
MemAvailable:    1498888 kB
Buffers:           59460 kB
Cached:           432544 kB
MemTotal:        1844596 kB
MemFree:         1130556 kB
MemAvailable:    1498656 kB
Buffers:           59460 kB
Cached:           432544 kB
MemTotal:        1844596 kB
MemFree:         1130560 kB
MemAvailable:    1498660 kB
Buffers:           59460 kB
Cached:           432544 kB
MemTotal:        1844596 kB
MemFree:         1126696 kB
MemAvailable:    1494796 kB
Buffers:           59460 kB
Cached:           432544 kB
MemTotal:        1844596 kB
MemFree:         1126588 kB
MemAvailable:    1494688 kB
Buffers:           59460 kB
Cached:           432544 kB
MemTotal:        1844596 kB
MemFree:         1125616 kB
MemAvailable:    1493716 kB
Buffers:           59460 kB
Cached:           432544 kB
MemTotal:        1844596 kB
MemFree:         1121380 kB
MemAvailable:    1489480 kB
Buffers:           59460 kB
Cached:           432544 kB
MemTotal:        1844596 kB
MemFree:         1122372 kB
MemAvailable:    1490472 kB
Buffers:           59460 kB
Cached:           432544 kB
MemTotal:        1844596 kB
MemFree:         1119704 kB
MemAvailable:    1487804 kB
Buffers:           59460 kB
Cached:           432544 kB
MemTotal:        1844596 kB
MemFree:         1119380 kB
MemAvailable:    1487480 kB
Buffers:           59460 kB
Cached:           432544 kB
MemTotal:        1844596 kB
MemFree:         1118900 kB
MemAvailable:    1487000 kB
Buffers:           59460 kB
Cached:           432544 kB
MemTotal:        1844596 kB
MemFree:         1122060 kB
MemAvailable:    1490160 kB
Buffers:           59460 kB
Cached:           432544 kB
MemTotal:        1844596 kB
MemFree:         1120752 kB
MemAvailable:    1488852 kB
Buffers:           59460 kB
Cached:           432544 kB
MemTotal:        1844596 kB
MemFree:         1117164 kB
MemAvailable:    1485264 kB
Buffers:           59460 kB
Cached:           432544 kB
MemTotal:        1844596 kB
MemFree:         1122216 kB
MemAvailable:    1490316 kB
Buffers:           59460 kB
Cached:           432544 kB
MemTotal:        1844596 kB
MemFree:         1118272 kB
MemAvailable:    1486372 kB
Buffers:           59460 kB
Cached:           432544 kB
MemTotal:        1844596 kB
MemFree:         1120884 kB
MemAvailable:    1488984 kB
Buffers:           59460 kB
Cached:           432544 kB
MemTotal:        1844596 kB
MemFree:         1117892 kB
MemAvailable:    1485992 kB
Buffers:           59460 kB
Cached:           432544 kB
MemTotal:        1844596 kB
MemFree:         1120068 kB
MemAvailable:    1488168 kB
Buffers:           59460 kB
Cached:           432544 kB
MemTotal:        1844596 kB
MemFree:         1120752 kB
MemAvailable:    1488852 kB
Buffers:           59460 kB
Cached:           432544 kB
MemTotal:        1844596 kB
MemFree:         1117908 kB
MemAvailable:    1486008 kB
Buffers:           59460 kB
Cached:           432544 kB
MemTotal:        1844596 kB
MemFree:         1120860 kB
MemAvailable:    1488960 kB
Buffers:           59460 kB
Cached:           432544 kB
MemTotal:        1844596 kB
MemFree:         1118900 kB
MemAvailable:    1487000 kB
Buffers:           59460 kB
Cached:           432544 kB
MemTotal:        1844596 kB
MemFree:         1117768 kB
MemAvailable:    1485868 kB
Buffers:           59460 kB
Cached:           432544 kB
MemTotal:        1844596 kB
MemFree:         1117768 kB
MemAvailable:    1485868 kB
Buffers:           59460 kB
Cached:           432544 kB
MemTotal:        1844596 kB
MemFree:         1120684 kB
MemAvailable:    1488784 kB
Buffers:           59460 kB
Cached:           432544 kB
MemTotal:        1844596 kB
MemFree:         1120140 kB
MemAvailable:    1488240 kB
Buffers:           59460 kB
Cached:           432544 kB
MemTotal:        1844596 kB
MemFree:         1118288 kB
MemAvailable:    1486388 kB
Buffers:           59460 kB
Cached:           432544 kB
MemTotal:        1844596 kB
MemFree:         1121116 kB
MemAvailable:    1489216 kB
Buffers:           59460 kB
Cached:           432544 kB
MemTotal:        1844596 kB
MemFree:         1120884 kB
MemAvailable:    1488984 kB
Buffers:           59460 kB
Cached:           432544 kB
MemTotal:        1844596 kB
MemFree:         1122000 kB
MemAvailable:    1490100 kB
Buffers:           59460 kB
Cached:           432544 kB
MemTotal:        1844596 kB
MemFree:         1120992 kB
MemAvailable:    1489092 kB
Buffers:           59460 kB
Cached:           432544 kB
MemTotal:        1844596 kB
MemFree:         1120760 kB
MemAvailable:    1488860 kB
Buffers:           59460 kB
Cached:           432544 kB
MemTotal:        1844596 kB
MemFree:         1116544 kB
MemAvailable:    1484644 kB
Buffers:           59460 kB
Cached:           432544 kB
MemTotal:        1844596 kB
MemFree:         1122036 kB
MemAvailable:    1490136 kB
Buffers:           59460 kB
Cached:           432544 kB
MemTotal:        1844596 kB
MemFree:         1122008 kB
MemAvailable:    1490108 kB
Buffers:           59460 kB
Cached:           432544 kB
MemTotal:        1844596 kB
MemFree:         1120828 kB
MemAvailable:    1488928 kB
Buffers:           59460 kB
Cached:           432544 kB
MemTotal:        1844596 kB
MemFree:         1120752 kB
MemAvailable:    1488852 kB
Buffers:           59460 kB
Cached:           432544 kB
MemTotal:        1844596 kB
MemFree:         1120496 kB
MemAvailable:    1488596 kB
Buffers:           59460 kB
Cached:           432544 kB
MemTotal:        1844596 kB
MemFree:         1121868 kB
MemAvailable:    1489968 kB
Buffers:           59460 kB
Cached:           432544 kB
MemTotal:        1844596 kB
MemFree:         1121688 kB
MemAvailable:    1489788 kB
Buffers:           59460 kB
Cached:           432544 kB
MemTotal:        1844596 kB
MemFree:         1121488 kB
MemAvailable:    1489588 kB
Buffers:           59460 kB
Cached:           432544 kB
MemTotal:        1844596 kB
MemFree:         1121488 kB
MemAvailable:    1489588 kB
Buffers:           59460 kB
Cached:           432544 kB
MemTotal:        1844596 kB
MemFree:         1120124 kB
MemAvailable:    1488224 kB
Buffers:           59460 kB
Cached:           432544 kB
MemTotal:        1844596 kB
MemFree:         1120124 kB
MemAvailable:    1488224 kB
Buffers:           59460 kB
Cached:           432544 kB
MemTotal:        1844596 kB
MemFree:         1121240 kB
MemAvailable:    1489340 kB
Buffers:           59460 kB
Cached:           432544 kB
MemTotal:        1844596 kB
MemFree:         1118024 kB
MemAvailable:    1486124 kB
Buffers:           59460 kB
Cached:           432544 kB
MemTotal:        1844596 kB
MemFree:         1118280 kB
MemAvailable:    1486380 kB
Buffers:           59460 kB
Cached:           432544 kB
MemTotal:        1844596 kB
MemFree:         1117968 kB
MemAvailable:    1486068 kB
Buffers:           59460 kB
Cached:           432544 kB
MemTotal:        1844596 kB
MemFree:         1118220 kB
MemAvailable:    1486320 kB
Buffers:           59460 kB
Cached:           432544 kB
MemTotal:        1844596 kB
MemFree:         1116736 kB
MemAvailable:    1484836 kB
Buffers:           59460 kB
Cached:           432544 kB
MemTotal:        1844596 kB
MemFree:         1118036 kB
MemAvailable:    1486136 kB
Buffers:           59460 kB
Cached:           432544 kB
MemTotal:        1844596 kB
MemFree:         1118032 kB
MemAvailable:    1486132 kB
Buffers:           59460 kB
Cached:           432544 kB
MemTotal:        1844596 kB
MemFree:         1116848 kB
MemAvailable:    1484948 kB
Buffers:           59460 kB
Cached:           432544 kB
MemTotal:        1844596 kB
MemFree:         1116724 kB
MemAvailable:    1484824 kB
Buffers:           59460 kB
Cached:           432544 kB
MemTotal:        1844596 kB
MemFree:         1118024 kB
MemAvailable:    1486124 kB
Buffers:           59460 kB
Cached:           432544 kB
MemTotal:        1844596 kB
MemFree:         1118272 kB
MemAvailable:    1486372 kB
Buffers:           59460 kB
Cached:           432544 kB
MemTotal:        1844596 kB
MemFree:         1117608 kB
MemAvailable:    1485708 kB
Buffers:           59460 kB
Cached:           432544 kB
MemTotal:        1844596 kB
MemFree:         1117860 kB
MemAvailable:    1485964 kB
Buffers:           59460 kB
Cached:           432548 kB
MemTotal:        1844596 kB
MemFree:         1118116 kB
MemAvailable:    1486220 kB
Buffers:           59460 kB
Cached:           432548 kB
MemTotal:        1844596 kB
MemFree:         1121480 kB
MemAvailable:    1489584 kB
Buffers:           59460 kB
Cached:           432548 kB
MemTotal:        1844596 kB
MemFree:         1121356 kB
MemAvailable:    1489460 kB
Buffers:           59460 kB
Cached:           432548 kB
MemTotal:        1844596 kB
MemFree:         1118768 kB
MemAvailable:    1486872 kB
Buffers:           59460 kB
Cached:           432548 kB
MemTotal:        1844596 kB
MemFree:         1114436 kB
MemAvailable:    1482540 kB
Buffers:           59460 kB
Cached:           432548 kB
MemTotal:        1844596 kB
MemFree:         1113816 kB
MemAvailable:    1481920 kB
Buffers:           59460 kB
Cached:           432548 kB
MemTotal:        1844596 kB
MemFree:         1114056 kB
MemAvailable:    1482160 kB
Buffers:           59460 kB
Cached:           432548 kB
MemTotal:        1844596 kB
MemFree:         1114056 kB
MemAvailable:    1482160 kB
Buffers:           59460 kB
Cached:           432548 kB
MemTotal:        1844596 kB
MemFree:         1112072 kB
MemAvailable:    1480180 kB
Buffers:           59460 kB
Cached:           432552 kB
MemTotal:        1844596 kB
MemFree:         1111816 kB
MemAvailable:    1479924 kB
Buffers:           59460 kB
Cached:           432552 kB
MemTotal:        1844596 kB
MemFree:         1112852 kB
MemAvailable:    1480960 kB
Buffers:           59460 kB
Cached:           432552 kB
MemTotal:        1844596 kB
MemFree:         1112536 kB
MemAvailable:    1480644 kB
Buffers:           59460 kB
Cached:           432552 kB
MemTotal:        1844596 kB
MemFree:         1112668 kB
MemAvailable:    1480776 kB
Buffers:           59460 kB
Cached:           432552 kB
MemTotal:        1844596 kB
MemFree:         1111172 kB
MemAvailable:    1479280 kB
Buffers:           59460 kB
Cached:           432552 kB
MemTotal:        1844596 kB
MemFree:         1111080 kB
MemAvailable:    1479188 kB
Buffers:           59460 kB
Cached:           432552 kB
MemTotal:        1844596 kB
MemFree:         1110956 kB
MemAvailable:    1479064 kB
Buffers:           59460 kB
Cached:           432552 kB
MemTotal:        1844596 kB
MemFree:         1112156 kB
MemAvailable:    1480264 kB
Buffers:           59460 kB
Cached:           432552 kB
MemTotal:        1844596 kB
MemFree:         1112148 kB
MemAvailable:    1480256 kB
Buffers:           59460 kB
Cached:           432552 kB
MemTotal:        1844596 kB
MemFree:         1110776 kB
MemAvailable:    1478884 kB
Buffers:           59460 kB
Cached:           432552 kB
MemTotal:        1844596 kB
MemFree:         1110776 kB
MemAvailable:    1478884 kB
Buffers:           59460 kB
Cached:           432552 kB
MemTotal:        1844596 kB
MemFree:         1111612 kB
MemAvailable:    1479720 kB
Buffers:           59460 kB
Cached:           432552 kB
MemTotal:        1844596 kB
MemFree:         1111868 kB
MemAvailable:    1479976 kB
Buffers:           59460 kB
Cached:           432552 kB
MemTotal:        1844596 kB
MemFree:         1111636 kB
MemAvailable:    1479744 kB
Buffers:           59460 kB
Cached:           432552 kB
MemTotal:        1844596 kB
MemFree:         1111692 kB
MemAvailable:    1479800 kB
Buffers:           59460 kB
Cached:           432552 kB
MemTotal:        1844596 kB
MemFree:         1110204 kB
MemAvailable:    1478312 kB
Buffers:           59460 kB
Cached:           432552 kB
MemTotal:        1844596 kB
MemFree:         1110088 kB
MemAvailable:    1478196 kB
Buffers:           59460 kB
Cached:           432552 kB
MemTotal:        1844596 kB
MemFree:         1110336 kB
MemAvailable:    1478444 kB
Buffers:           59460 kB
Cached:           432552 kB
MemTotal:        1844596 kB
MemFree:         1113436 kB
MemAvailable:    1481548 kB
Buffers:           59460 kB
Cached:           432556 kB
MemTotal:        1844596 kB
MemFree:         1113692 kB
MemAvailable:    1481804 kB
Buffers:           59460 kB
Cached:           432556 kB
MemTotal:        1844596 kB
MemFree:         1113428 kB
MemAvailable:    1481540 kB
Buffers:           59460 kB
Cached:           432556 kB
MemTotal:        1844596 kB
MemFree:         1113568 kB
MemAvailable:    1481680 kB
Buffers:           59460 kB
Cached:           432556 kB
MemTotal:        1844596 kB
MemFree:         1112264 kB
MemAvailable:    1480376 kB
Buffers:           59460 kB
Cached:           432556 kB
MemTotal:        1844596 kB
MemFree:         1112396 kB
MemAvailable:    1480508 kB
Buffers:           59460 kB
Cached:           432556 kB
MemTotal:        1844596 kB
MemFree:         1112396 kB
MemAvailable:    1480508 kB
Buffers:           59460 kB
Cached:           432556 kB
MemTotal:        1844596 kB
MemFree:         1112264 kB
MemAvailable:    1480376 kB
Buffers:           59460 kB
Cached:           432556 kB
MemTotal:        1844596 kB
MemFree:         1113500 kB
MemAvailable:    1481612 kB
Buffers:           59460 kB
Cached:           432556 kB
MemTotal:        1844596 kB
MemFree:         1113576 kB
MemAvailable:    1481688 kB
Buffers:           59460 kB
Cached:           432556 kB
MemTotal:        1844596 kB
MemFree:         1113752 kB
MemAvailable:    1481864 kB
Buffers:           59460 kB
Cached:           432556 kB
MemTotal:        1844596 kB
MemFree:         1112404 kB
MemAvailable:    1480516 kB
Buffers:           59460 kB
Cached:           432556 kB
MemTotal:        1844596 kB
MemFree:         1112940 kB
MemAvailable:    1481052 kB
Buffers:           59460 kB
Cached:           432556 kB
MemTotal:        1844596 kB
MemFree:         1113472 kB
MemAvailable:    1481584 kB
Buffers:           59460 kB
Cached:           432556 kB
MemTotal:        1844596 kB
MemFree:         1113444 kB
MemAvailable:    1481556 kB
Buffers:           59460 kB
Cached:           432556 kB
MemTotal:        1844596 kB
MemFree:         1113740 kB
MemAvailable:    1481852 kB
Buffers:           59460 kB
Cached:           432556 kB
MemTotal:        1844596 kB
MemFree:         1113820 kB
MemAvailable:    1481932 kB
Buffers:           59460 kB
Cached:           432556 kB
MemTotal:        1844596 kB
MemFree:         1113020 kB
MemAvailable:    1481132 kB
Buffers:           59460 kB
Cached:           432556 kB
MemTotal:        1844596 kB
MemFree:         1113388 kB
MemAvailable:    1481500 kB
Buffers:           59460 kB
Cached:           432556 kB
MemTotal:        1844596 kB
MemFree:         1113240 kB
MemAvailable:    1481352 kB
Buffers:           59460 kB
Cached:           432556 kB
MemTotal:        1844596 kB
MemFree:         1113520 kB
MemAvailable:    1481632 kB
Buffers:           59460 kB
Cached:           432556 kB
MemTotal:        1844596 kB
MemFree:         1113452 kB
MemAvailable:    1481564 kB
Buffers:           59460 kB
Cached:           432556 kB
MemTotal:        1844596 kB
MemFree:         1113520 kB
MemAvailable:    1481632 kB
Buffers:           59460 kB
Cached:           432556 kB
MemTotal:        1844596 kB
MemFree:         1113616 kB
MemAvailable:    1481728 kB
Buffers:           59460 kB
Cached:           432556 kB
MemTotal:        1844596 kB
MemFree:         1112184 kB
MemAvailable:    1480296 kB
Buffers:           59460 kB
Cached:           432556 kB
MemTotal:        1844596 kB
MemFree:         1112052 kB
MemAvailable:    1480164 kB
Buffers:           59460 kB
Cached:           432556 kB
MemTotal:        1844596 kB
MemFree:         1111336 kB
MemAvailable:    1479448 kB
Buffers:           59460 kB
Cached:           432556 kB
MemTotal:        1844596 kB
MemFree:         1111212 kB
MemAvailable:    1479324 kB
Buffers:           59460 kB
Cached:           432556 kB
MemTotal:        1844596 kB
MemFree:         1111204 kB
MemAvailable:    1479316 kB
Buffers:           59460 kB
Cached:           432556 kB
MemTotal:        1844596 kB
MemFree:         1111080 kB
MemAvailable:    1479192 kB
Buffers:           59460 kB
Cached:           432556 kB
MemTotal:        1844596 kB
MemFree:         1111072 kB
MemAvailable:    1479184 kB
Buffers:           59460 kB
Cached:           432556 kB
MemTotal:        1844596 kB
MemFree:         1110948 kB
MemAvailable:    1479060 kB
Buffers:           59460 kB
Cached:           432556 kB
MemTotal:        1844596 kB
MemFree:         1112048 kB
MemAvailable:    1480160 kB
Buffers:           59460 kB
Cached:           432556 kB
MemTotal:        1844596 kB
MemFree:         1111336 kB
MemAvailable:    1479448 kB
Buffers:           59460 kB
Cached:           432556 kB
MemTotal:        1844596 kB
MemFree:         1110652 kB
MemAvailable:    1478764 kB
Buffers:           59460 kB
Cached:           432556 kB
MemTotal:        1844596 kB
MemFree:         1111760 kB
MemAvailable:    1479872 kB
Buffers:           59460 kB
Cached:           432556 kB
MemTotal:        1844596 kB
MemFree:         1111460 kB
MemAvailable:    1479572 kB
Buffers:           59460 kB
Cached:           432556 kB
MemTotal:        1844596 kB
MemFree:         1111712 kB
MemAvailable:    1479824 kB
Buffers:           59460 kB
Cached:           432556 kB
MemTotal:        1844596 kB
MemFree:         1110660 kB
MemAvailable:    1478772 kB
Buffers:           59460 kB
Cached:           432556 kB
MemTotal:        1844596 kB
MemFree:         1111388 kB
MemAvailable:    1479500 kB
Buffers:           59460 kB
Cached:           432556 kB
MemTotal:        1844596 kB
MemFree:         1111640 kB
MemAvailable:    1479752 kB
Buffers:           59460 kB
Cached:           432556 kB
MemTotal:        1844596 kB
MemFree:         1111260 kB
MemAvailable:    1479372 kB
Buffers:           59460 kB
Cached:           432556 kB
MemTotal:        1844596 kB
MemFree:         1109972 kB
MemAvailable:    1478084 kB
Buffers:           59460 kB
Cached:           432556 kB
MemTotal:        1844596 kB
MemFree:         1109972 kB
MemAvailable:    1478084 kB
Buffers:           59460 kB
Cached:           432556 kB
MemTotal:        1844596 kB
MemFree:         1110088 kB
MemAvailable:    1478200 kB
Buffers:           59460 kB
Cached:           432556 kB
MemTotal:        1844596 kB
MemFree:         1109832 kB
MemAvailable:    1477944 kB
Buffers:           59460 kB
Cached:           432556 kB
MemTotal:        1844596 kB
MemFree:         1111064 kB
MemAvailable:    1479176 kB
Buffers:           59460 kB
Cached:           432556 kB
MemTotal:        1844596 kB
MemFree:         1110684 kB
MemAvailable:    1478796 kB
Buffers:           59460 kB
Cached:           432556 kB
MemTotal:        1844596 kB
MemFree:         1110840 kB
MemAvailable:    1478952 kB
Buffers:           59460 kB
Cached:           432556 kB
MemTotal:        1844596 kB
MemFree:         1110828 kB
MemAvailable:    1478940 kB
Buffers:           59460 kB
Cached:           432556 kB
MemTotal:        1844596 kB
MemFree:         1110904 kB
MemAvailable:    1479016 kB
Buffers:           59460 kB
Cached:           432556 kB
MemTotal:        1844596 kB
MemFree:         1110344 kB
MemAvailable:    1478460 kB
Buffers:           59460 kB
Cached:           432560 kB
MemTotal:        1844596 kB
MemFree:         1110536 kB
MemAvailable:    1478656 kB
Buffers:           59460 kB
Cached:           432564 kB
MemTotal:        1844596 kB
MemFree:         1110872 kB
MemAvailable:    1478992 kB
Buffers:           59460 kB
Cached:           432564 kB
MemTotal:        1844596 kB
MemFree:         1110660 kB
MemAvailable:    1478780 kB
Buffers:           59460 kB
Cached:           432564 kB
MemTotal:        1844596 kB
MemFree:         1110744 kB
MemAvailable:    1478864 kB
Buffers:           59460 kB
Cached:           432564 kB
MemTotal:        1844596 kB
MemFree:         1109444 kB
MemAvailable:    1477564 kB
Buffers:           59460 kB
Cached:           432564 kB
MemTotal:        1844596 kB
MemFree:         1110776 kB
MemAvailable:    1478896 kB
Buffers:           59460 kB
Cached:           432564 kB
MemTotal:        1844596 kB
MemFree:         1110220 kB
MemAvailable:    1478340 kB
Buffers:           59460 kB
Cached:           432564 kB
MemTotal:        1844596 kB
MemFree:         1110888 kB
MemAvailable:    1479008 kB
Buffers:           59460 kB
Cached:           432564 kB
MemTotal:        1844596 kB
MemFree:         1110516 kB
MemAvailable:    1478636 kB
Buffers:           59460 kB
Cached:           432564 kB
MemTotal:        1844596 kB
MemFree:         1110852 kB
MemAvailable:    1478972 kB
Buffers:           59460 kB
Cached:           432564 kB
MemTotal:        1844596 kB
MemFree:         1115040 kB
MemAvailable:    1483160 kB
Buffers:           59460 kB
Cached:           432564 kB
MemTotal:        1844596 kB
MemFree:         1115376 kB
MemAvailable:    1483496 kB
Buffers:           59460 kB
Cached:           432564 kB
MemTotal:        1844596 kB
MemFree:         1114056 kB
MemAvailable:    1482176 kB
Buffers:           59460 kB
Cached:           432564 kB
MemTotal:        1844596 kB
MemFree:         1115248 kB
MemAvailable:    1483368 kB
Buffers:           59460 kB
Cached:           432564 kB
MemTotal:        1844596 kB
MemFree:         1115504 kB
MemAvailable:    1483624 kB
Buffers:           59460 kB
Cached:           432564 kB
MemTotal:        1844596 kB
MemFree:         1114000 kB
MemAvailable:    1482120 kB
Buffers:           59460 kB
Cached:           432564 kB
MemTotal:        1844596 kB
MemFree:         1115108 kB
MemAvailable:    1483228 kB
Buffers:           59460 kB
Cached:           432564 kB
MemTotal:        1844596 kB
MemFree:         1115444 kB
MemAvailable:    1483564 kB
Buffers:           59460 kB
Cached:           432564 kB
MemTotal:        1844596 kB
MemFree:         1115228 kB
MemAvailable:    1483348 kB
Buffers:           59460 kB
Cached:           432564 kB
MemTotal:        1844596 kB
MemFree:         1115180 kB
MemAvailable:    1483300 kB
Buffers:           59460 kB
Cached:           432564 kB
MemTotal:        1844596 kB
MemFree:         1114124 kB
MemAvailable:    1482244 kB
Buffers:           59460 kB
Cached:           432564 kB
MemTotal:        1844596 kB
MemFree:         1114256 kB
MemAvailable:    1482376 kB
Buffers:           59460 kB
Cached:           432564 kB
MemTotal:        1844596 kB
MemFree:         1114256 kB
MemAvailable:    1482376 kB
Buffers:           59460 kB
Cached:           432564 kB
MemTotal:        1844596 kB
MemFree:         1114124 kB
MemAvailable:    1482244 kB
Buffers:           59460 kB
Cached:           432564 kB
MemTotal:        1844596 kB
MemFree:         1114124 kB
MemAvailable:    1482244 kB
Buffers:           59460 kB
Cached:           432564 kB
MemTotal:        1844596 kB
MemFree:         1114124 kB
MemAvailable:    1482244 kB
Buffers:           59460 kB
Cached:           432564 kB
MemTotal:        1844596 kB
MemFree:         1113992 kB
MemAvailable:    1482112 kB
Buffers:           59460 kB
Cached:           432564 kB
MemTotal:        1844596 kB
MemFree:         1115348 kB
MemAvailable:    1483468 kB
Buffers:           59460 kB
Cached:           432564 kB
MemTotal:        1844596 kB
MemFree:         1113868 kB
MemAvailable:    1481988 kB
Buffers:           59460 kB
Cached:           432564 kB
MemTotal:        1844596 kB
MemFree:         1113736 kB
MemAvailable:    1481856 kB
Buffers:           59460 kB
Cached:           432564 kB
MemTotal:        1844596 kB
MemFree:         1115224 kB
MemAvailable:    1483344 kB
Buffers:           59460 kB
Cached:           432564 kB
MemTotal:        1844596 kB
MemFree:         1113180 kB
MemAvailable:    1481300 kB
Buffers:           59460 kB
Cached:           432564 kB
MemTotal:        1844596 kB
MemFree:         1112380 kB
MemAvailable:    1480500 kB
Buffers:           59460 kB
Cached:           432564 kB
MemTotal:        1844596 kB
MemFree:         1111088 kB
MemAvailable:    1479208 kB
Buffers:           59460 kB
Cached:           432564 kB
MemTotal:        1844596 kB
MemFree:         1110832 kB
MemAvailable:    1478952 kB
Buffers:           59460 kB
Cached:           432564 kB
MemTotal:        1844596 kB
MemFree:         1110660 kB
MemAvailable:    1478780 kB
Buffers:           59460 kB
Cached:           432564 kB
MemTotal:        1844596 kB
MemFree:         1111652 kB
MemAvailable:    1479772 kB
Buffers:           59460 kB
Cached:           432564 kB
MemTotal:        1844596 kB
MemFree:         1111212 kB
MemAvailable:    1479332 kB
Buffers:           59460 kB
Cached:           432564 kB
MemTotal:        1844596 kB
MemFree:         1110908 kB
MemAvailable:    1479028 kB
Buffers:           59460 kB
Cached:           432564 kB
MemTotal:        1844596 kB
MemFree:         1111512 kB
MemAvailable:    1479632 kB
Buffers:           59460 kB
Cached:           432564 kB
MemTotal:        1844596 kB
MemFree:         1111460 kB
MemAvailable:    1479580 kB
Buffers:           59460 kB
Cached:           432564 kB
MemTotal:        1844596 kB
MemFree:         1111280 kB
MemAvailable:    1479400 kB
Buffers:           59460 kB
Cached:           432564 kB
MemTotal:        1844596 kB
MemFree:         1110592 kB
MemAvailable:    1478712 kB
Buffers:           59460 kB
Cached:           432564 kB
MemTotal:        1844596 kB
MemFree:         1111216 kB
MemAvailable:    1479336 kB
Buffers:           59460 kB
Cached:           432564 kB
MemTotal:        1844596 kB
MemFree:         1109952 kB
MemAvailable:    1478072 kB
Buffers:           59460 kB
Cached:           432564 kB
MemTotal:        1844596 kB
MemFree:         1111060 kB
MemAvailable:    1479180 kB
Buffers:           59460 kB
Cached:           432564 kB
MemTotal:        1844596 kB
MemFree:         1110848 kB
MemAvailable:    1478968 kB
Buffers:           59460 kB
Cached:           432564 kB
MemTotal:        1844596 kB
MemFree:         1110976 kB
MemAvailable:    1479096 kB
Buffers:           59460 kB
Cached:           432564 kB
MemTotal:        1844596 kB
MemFree:         1110096 kB
MemAvailable:    1478216 kB
Buffers:           59460 kB
Cached:           432564 kB
MemTotal:        1844596 kB
MemFree:         1110536 kB
MemAvailable:    1478660 kB
Buffers:           59460 kB
Cached:           432568 kB
MemTotal:        1844596 kB
MemFree:         1110592 kB
MemAvailable:    1478716 kB
Buffers:           59460 kB
Cached:           432568 kB
MemTotal:        1844596 kB
MemFree:         1110596 kB
MemAvailable:    1478720 kB
Buffers:           59460 kB
Cached:           432568 kB
MemTotal:        1844596 kB
MemFree:         1109164 kB
MemAvailable:    1477288 kB
Buffers:           59460 kB
Cached:           432568 kB
MemTotal:        1844596 kB
MemFree:         1110652 kB
MemAvailable:    1478776 kB
Buffers:           59460 kB
Cached:           432568 kB
MemTotal:        1844596 kB
MemFree:         1110272 kB
MemAvailable:    1478396 kB
Buffers:           59460 kB
Cached:           432568 kB
MemTotal:        1844596 kB
MemFree:         1109980 kB
MemAvailable:    1478104 kB
Buffers:           59460 kB
Cached:           432568 kB
MemTotal:        1844596 kB
MemFree:         1110088 kB
MemAvailable:    1478212 kB
Buffers:           59460 kB
Cached:           432568 kB
MemTotal:        1844596 kB
MemFree:         1110356 kB
MemAvailable:    1478480 kB
Buffers:           59460 kB
Cached:           432568 kB
MemTotal:        1844596 kB
MemFree:         1110268 kB
MemAvailable:    1478392 kB
Buffers:           59460 kB
Cached:           432568 kB
MemTotal:        1844596 kB
MemFree:         1109044 kB
MemAvailable:    1477168 kB
Buffers:           59460 kB
Cached:           432568 kB
MemTotal:        1844596 kB
MemFree:         1109080 kB
MemAvailable:    1477204 kB
Buffers:           59460 kB
Cached:           432568 kB
MemTotal:        1844596 kB
MemFree:         1109080 kB
MemAvailable:    1477204 kB
Buffers:           59460 kB
Cached:           432568 kB
MemTotal:        1844596 kB
MemFree:         1110380 kB
MemAvailable:    1478504 kB
Buffers:           59460 kB
Cached:           432568 kB
MemTotal:        1844596 kB
MemFree:         1110356 kB
MemAvailable:    1478480 kB
Buffers:           59460 kB
Cached:           432568 kB
MemTotal:        1844596 kB
MemFree:         1110256 kB
MemAvailable:    1478380 kB
Buffers:           59460 kB
Cached:           432568 kB
MemTotal:        1844596 kB
MemFree:         1110428 kB
MemAvailable:    1478552 kB
Buffers:           59460 kB
Cached:           432568 kB
MemTotal:        1844596 kB
MemFree:         1108924 kB
MemAvailable:    1477048 kB
Buffers:           59460 kB
Cached:           432568 kB
MemTotal:        1844596 kB
MemFree:         1110204 kB
MemAvailable:    1478328 kB
Buffers:           59460 kB
Cached:           432568 kB
MemTotal:        1844596 kB
MemFree:         1110456 kB
MemAvailable:    1478580 kB
Buffers:           59460 kB
Cached:           432568 kB
MemTotal:        1844596 kB
MemFree:         1109084 kB
MemAvailable:    1477208 kB
Buffers:           59460 kB
Cached:           432568 kB
MemTotal:        1844596 kB
MemFree:         1110392 kB
MemAvailable:    1478516 kB
Buffers:           59460 kB
Cached:           432568 kB
MemTotal:        1844596 kB
MemFree:         1109600 kB
MemAvailable:    1477724 kB
Buffers:           59460 kB
Cached:           432568 kB
MemTotal:        1844596 kB
MemFree:         1109352 kB
MemAvailable:    1477476 kB
Buffers:           59460 kB
Cached:           432568 kB
MemTotal:        1844596 kB
MemFree:         1110576 kB
MemAvailable:    1478704 kB
Buffers:           59460 kB
Cached:           432572 kB
MemTotal:        1844596 kB
MemFree:         1110336 kB
MemAvailable:    1478464 kB
Buffers:           59460 kB
Cached:           432572 kB
MemTotal:        1844596 kB
MemFree:         1110348 kB
MemAvailable:    1478476 kB
Buffers:           59460 kB
Cached:           432572 kB
MemTotal:        1844596 kB
MemFree:         1110276 kB
MemAvailable:    1478404 kB
Buffers:           59460 kB
Cached:           432572 kB
MemTotal:        1844596 kB
MemFree:         1110444 kB
MemAvailable:    1478572 kB
Buffers:           59460 kB
Cached:           432572 kB
MemTotal:        1844596 kB
MemFree:         1110344 kB
MemAvailable:    1478472 kB
Buffers:           59460 kB
Cached:           432572 kB
MemTotal:        1844596 kB
MemFree:         1108968 kB
MemAvailable:    1477096 kB
Buffers:           59460 kB
Cached:           432572 kB
MemTotal:        1844596 kB
MemFree:         1109016 kB
MemAvailable:    1477144 kB
Buffers:           59460 kB
Cached:           432572 kB
MemTotal:        1844596 kB
MemFree:         1109352 kB
MemAvailable:    1477480 kB
Buffers:           59460 kB
Cached:           432572 kB
MemTotal:        1844596 kB
MemFree:         1109220 kB
MemAvailable:    1477348 kB
Buffers:           59460 kB
Cached:           432572 kB
MemTotal:        1844596 kB
MemFree:         1109056 kB
MemAvailable:    1477184 kB
Buffers:           59460 kB
Cached:           432572 kB
MemTotal:        1844596 kB
MemFree:         1110040 kB
MemAvailable:    1478168 kB
Buffers:           59460 kB
Cached:           432572 kB
MemTotal:        1844596 kB
MemFree:         1110024 kB
MemAvailable:    1478152 kB
Buffers:           59460 kB
Cached:           432572 kB
MemTotal:        1844596 kB
MemFree:         1108836 kB
MemAvailable:    1476964 kB
Buffers:           59460 kB
Cached:           432572 kB
MemTotal:        1844596 kB
MemFree:         1110096 kB
MemAvailable:    1478224 kB
Buffers:           59460 kB
Cached:           432572 kB
MemTotal:        1844596 kB
MemFree:         1108660 kB
MemAvailable:    1476788 kB
Buffers:           59460 kB
Cached:           432572 kB
MemTotal:        1844596 kB
MemFree:         1108700 kB
MemAvailable:    1476828 kB
Buffers:           59460 kB
Cached:           432572 kB
MemTotal:        1844596 kB
MemFree:         1109832 kB
MemAvailable:    1477960 kB
Buffers:           59460 kB
Cached:           432572 kB
MemTotal:        1844596 kB
MemFree:         1110084 kB
MemAvailable:    1478212 kB
Buffers:           59460 kB
Cached:           432572 kB
MemTotal:        1844596 kB
MemFree:         1109960 kB
MemAvailable:    1478088 kB
Buffers:           59460 kB
Cached:           432572 kB
MemTotal:        1844596 kB
MemFree:         1108796 kB
MemAvailable:    1476924 kB
Buffers:           59460 kB
Cached:           432572 kB
MemTotal:        1844596 kB
MemFree:         1109768 kB
MemAvailable:    1477896 kB
Buffers:           59460 kB
Cached:           432572 kB
MemTotal:        1844596 kB
MemFree:         1110020 kB
MemAvailable:    1478148 kB
Buffers:           59460 kB
Cached:           432572 kB
MemTotal:        1844596 kB
MemFree:         1108916 kB
MemAvailable:    1477044 kB
Buffers:           59460 kB
Cached:           432572 kB
MemTotal:        1844596 kB
MemFree:         1109916 kB
MemAvailable:    1478044 kB
Buffers:           59460 kB
Cached:           432572 kB
MemTotal:        1844596 kB
MemFree:         1110024 kB
MemAvailable:    1478152 kB
Buffers:           59460 kB
Cached:           432572 kB
MemTotal:        1844596 kB
MemFree:         1108596 kB
MemAvailable:    1476724 kB
Buffers:           59460 kB
Cached:           432572 kB
MemTotal:        1844596 kB
MemFree:         1108680 kB
MemAvailable:    1476808 kB
Buffers:           59460 kB
Cached:           432572 kB
MemTotal:        1844596 kB
MemFree:         1109088 kB
MemAvailable:    1477216 kB
Buffers:           59460 kB
Cached:           432572 kB
MemTotal:        1844596 kB
MemFree:         1108808 kB
MemAvailable:    1476936 kB
Buffers:           59460 kB
Cached:           432572 kB
MemTotal:        1844596 kB
MemFree:         1108600 kB
MemAvailable:    1476728 kB
Buffers:           59460 kB
Cached:           432572 kB
MemTotal:        1844596 kB
MemFree:         1110024 kB
MemAvailable:    1478152 kB
Buffers:           59460 kB
Cached:           432572 kB
MemTotal:        1844596 kB
MemFree:         1110084 kB
MemAvailable:    1478212 kB
Buffers:           59460 kB
Cached:           432572 kB
MemTotal:        1844596 kB
MemFree:         1108836 kB
MemAvailable:    1476964 kB
Buffers:           59460 kB
Cached:           432572 kB
MemTotal:        1844596 kB
MemFree:         1108720 kB
MemAvailable:    1476848 kB
Buffers:           59460 kB
Cached:           432572 kB
MemTotal:        1844596 kB
MemFree:         1110048 kB
MemAvailable:    1478176 kB
Buffers:           59460 kB
Cached:           432572 kB
MemTotal:        1844596 kB
MemFree:         1108712 kB
MemAvailable:    1476840 kB
Buffers:           59460 kB
Cached:           432572 kB
MemTotal:        1844596 kB
MemFree:         1109820 kB
MemAvailable:    1477948 kB
Buffers:           59460 kB
Cached:           432572 kB
MemTotal:        1844596 kB
MemFree:         1109848 kB
MemAvailable:    1477976 kB
Buffers:           59460 kB
Cached:           432572 kB
MemTotal:        1844596 kB
MemFree:         1109960 kB
MemAvailable:    1478088 kB
Buffers:           59460 kB
Cached:           432572 kB
MemTotal:        1844596 kB
MemFree:         1109352 kB
MemAvailable:    1477480 kB
Buffers:           59460 kB
Cached:           432572 kB
MemTotal:        1844596 kB
MemFree:         1110128 kB
MemAvailable:    1478256 kB
Buffers:           59460 kB
Cached:           432572 kB
MemTotal:        1844596 kB
MemFree:         1109976 kB
MemAvailable:    1478104 kB
Buffers:           59460 kB
Cached:           432572 kB
MemTotal:        1844596 kB
MemFree:         1108720 kB
MemAvailable:    1476848 kB
Buffers:           59460 kB
Cached:           432572 kB
MemTotal:        1844596 kB
MemFree:         1110028 kB
MemAvailable:    1478156 kB
Buffers:           59460 kB
Cached:           432572 kB
MemTotal:        1844596 kB
MemFree:         1109708 kB
MemAvailable:    1477836 kB
Buffers:           59460 kB
Cached:           432572 kB
MemTotal:        1844596 kB
MemFree:         1110048 kB
MemAvailable:    1478176 kB
Buffers:           59460 kB
Cached:           432572 kB
MemTotal:        1844596 kB
MemFree:         1110020 kB
MemAvailable:    1478148 kB
Buffers:           59460 kB
Cached:           432572 kB
MemTotal:        1844596 kB
MemFree:         1109908 kB
MemAvailable:    1478036 kB
Buffers:           59460 kB
Cached:           432572 kB
MemTotal:        1844596 kB
MemFree:         1109476 kB
MemAvailable:    1477604 kB
Buffers:           59460 kB
Cached:           432572 kB
MemTotal:        1844596 kB
MemFree:         1109912 kB
MemAvailable:    1478040 kB
Buffers:           59460 kB
Cached:           432572 kB
MemTotal:        1844596 kB
MemFree:         1109912 kB
MemAvailable:    1478040 kB
Buffers:           59460 kB
Cached:           432572 kB
MemTotal:        1844596 kB
MemFree:         1109964 kB
MemAvailable:    1478092 kB
Buffers:           59460 kB
Cached:           432572 kB
MemTotal:        1844596 kB
MemFree:         1110216 kB
MemAvailable:    1478344 kB
Buffers:           59460 kB
Cached:           432572 kB
MemTotal:        1844596 kB
MemFree:         1109984 kB
MemAvailable:    1478112 kB
Buffers:           59460 kB
Cached:           432572 kB
MemTotal:        1844596 kB
MemFree:         1110020 kB
MemAvailable:    1478148 kB
Buffers:           59460 kB
Cached:           432572 kB
MemTotal:        1844596 kB
MemFree:         1109908 kB
MemAvailable:    1478036 kB
Buffers:           59460 kB
Cached:           432572 kB
MemTotal:        1844596 kB
MemFree:         1108856 kB
MemAvailable:    1476984 kB
Buffers:           59460 kB
Cached:           432572 kB
MemTotal:        1844596 kB
MemFree:         1108684 kB
MemAvailable:    1476812 kB
Buffers:           59460 kB
Cached:           432572 kB
MemTotal:        1844596 kB
MemFree:         1110076 kB
MemAvailable:    1478204 kB
Buffers:           59460 kB
Cached:           432572 kB
MemTotal:        1844596 kB
MemFree:         1108552 kB
MemAvailable:    1476680 kB
Buffers:           59460 kB
Cached:           432572 kB
MemTotal:        1844596 kB
MemFree:         1108724 kB
MemAvailable:    1476852 kB
Buffers:           59460 kB
Cached:           432572 kB
MemTotal:        1844596 kB
MemFree:         1109056 kB
MemAvailable:    1477184 kB
Buffers:           59460 kB
Cached:           432572 kB
MemTotal:        1844596 kB
MemFree:         1108932 kB
MemAvailable:    1477060 kB
Buffers:           59460 kB
Cached:           432572 kB
MemTotal:        1844596 kB
MemFree:         1108808 kB
MemAvailable:    1476936 kB
Buffers:           59460 kB
Cached:           432572 kB
MemTotal:        1844596 kB
MemFree:         1108932 kB
MemAvailable:    1477060 kB
Buffers:           59460 kB
Cached:           432572 kB
MemTotal:        1844596 kB
MemFree:         1108720 kB
MemAvailable:    1476848 kB
Buffers:           59460 kB
Cached:           432572 kB
MemTotal:        1844596 kB
MemFree:         1109772 kB
MemAvailable:    1477900 kB
Buffers:           59460 kB
Cached:           432572 kB
MemTotal:        1844596 kB
MemFree:         1109176 kB
MemAvailable:    1477304 kB
Buffers:           59460 kB
Cached:           432572 kB
MemTotal:        1844596 kB
MemFree:         1108724 kB
MemAvailable:    1476852 kB
Buffers:           59460 kB
Cached:           432572 kB
MemTotal:        1844596 kB
MemFree:         1108856 kB
MemAvailable:    1476992 kB
Buffers:           59460 kB
Cached:           432580 kB
MemTotal:        1844596 kB
MemFree:         1109932 kB
MemAvailable:    1478068 kB
Buffers:           59460 kB
Cached:           432580 kB
MemTotal:        1844596 kB
MemFree:         1108732 kB
MemAvailable:    1476868 kB
Buffers:           59460 kB
Cached:           432580 kB
MemTotal:        1844596 kB
MemFree:         1110032 kB
MemAvailable:    1478168 kB
Buffers:           59460 kB
Cached:           432580 kB
MemTotal:        1844596 kB
MemFree:         1110176 kB
MemAvailable:    1478312 kB
Buffers:           59460 kB
Cached:           432580 kB
MemTotal:        1844596 kB
MemFree:         1110016 kB
MemAvailable:    1478152 kB
Buffers:           59460 kB
Cached:           432580 kB
MemTotal:        1844596 kB
MemFree:         1109860 kB
MemAvailable:    1477996 kB
Buffers:           59460 kB
Cached:           432580 kB
MemTotal:        1844596 kB
MemFree:         1108932 kB
MemAvailable:    1477068 kB
Buffers:           59460 kB
Cached:           432580 kB
MemTotal:        1844596 kB
MemFree:         1109924 kB
MemAvailable:    1478060 kB
Buffers:           59460 kB
Cached:           432580 kB
MemTotal:        1844596 kB
MemFree:         1109228 kB
MemAvailable:    1477364 kB
Buffers:           59460 kB
Cached:           432580 kB
MemTotal:        1844596 kB
MemFree:         1108684 kB
MemAvailable:    1476820 kB
Buffers:           59460 kB
Cached:           432580 kB
MemTotal:        1844596 kB
MemFree:         1109924 kB
MemAvailable:    1478060 kB
Buffers:           59460 kB
Cached:           432580 kB
MemTotal:        1844596 kB
MemFree:         1108800 kB
MemAvailable:    1476936 kB
Buffers:           59460 kB
Cached:           432580 kB
MemTotal:        1844596 kB
MemFree:         1108712 kB
MemAvailable:    1476848 kB
Buffers:           59460 kB
Cached:           432580 kB
MemTotal:        1844596 kB
MemFree:         1109820 kB
MemAvailable:    1477956 kB
Buffers:           59460 kB
Cached:           432580 kB
MemTotal:        1844596 kB
MemFree:         1110072 kB
MemAvailable:    1478208 kB
Buffers:           59460 kB
Cached:           432580 kB
MemTotal:        1844596 kB
MemFree:         1108708 kB
MemAvailable:    1476844 kB
Buffers:           59460 kB
Cached:           432580 kB
MemTotal:        1844596 kB
MemFree:         1108600 kB
MemAvailable:    1476736 kB
Buffers:           59460 kB
Cached:           432580 kB
MemTotal:        1844596 kB
MemFree:         1108856 kB
MemAvailable:    1476992 kB
Buffers:           59460 kB
Cached:           432580 kB
MemTotal:        1844596 kB
MemFree:         1109956 kB
MemAvailable:    1478092 kB
Buffers:           59460 kB
Cached:           432580 kB
MemTotal:        1844596 kB
MemFree:         1110096 kB
MemAvailable:    1478232 kB
Buffers:           59460 kB
Cached:           432580 kB
MemTotal:        1844596 kB
MemFree:         1109976 kB
MemAvailable:    1478112 kB
Buffers:           59460 kB
Cached:           432580 kB
MemTotal:        1844596 kB
MemFree:         1109972 kB
MemAvailable:    1478108 kB
Buffers:           59460 kB
Cached:           432580 kB
MemTotal:        1844596 kB
MemFree:         1110008 kB
MemAvailable:    1478144 kB
Buffers:           59460 kB
Cached:           432580 kB
MemTotal:        1844596 kB
MemFree:         1109708 kB
MemAvailable:    1477844 kB
Buffers:           59460 kB
Cached:           432580 kB
MemTotal:        1844596 kB
MemFree:         1110048 kB
MemAvailable:    1478184 kB
Buffers:           59460 kB
Cached:           432580 kB
MemTotal:        1844596 kB
MemFree:         1109960 kB
MemAvailable:    1478096 kB
Buffers:           59460 kB
Cached:           432580 kB
MemTotal:        1844596 kB
MemFree:         1109352 kB
MemAvailable:    1477488 kB
Buffers:           59460 kB
Cached:           432580 kB
MemTotal:        1844596 kB
MemFree:         1108712 kB
MemAvailable:    1476848 kB
Buffers:           59460 kB
Cached:           432580 kB
MemTotal:        1844596 kB
MemFree:         1109924 kB
MemAvailable:    1478060 kB
Buffers:           59460 kB
Cached:           432580 kB
MemTotal:        1844596 kB
MemFree:         1108720 kB
MemAvailable:    1476856 kB
Buffers:           59460 kB
Cached:           432580 kB
MemTotal:        1844596 kB
MemFree:         1108712 kB
MemAvailable:    1476848 kB
Buffers:           59460 kB
Cached:           432580 kB
MemTotal:        1844596 kB
MemFree:         1108672 kB
MemAvailable:    1476808 kB
Buffers:           59460 kB
Cached:           432580 kB
MemTotal:        1844596 kB
MemFree:         1109948 kB
MemAvailable:    1478084 kB
Buffers:           59460 kB
Cached:           432580 kB
MemTotal:        1844596 kB
MemFree:         1110176 kB
MemAvailable:    1478312 kB
Buffers:           59460 kB
Cached:           432580 kB
MemTotal:        1844596 kB
MemFree:         1109972 kB
MemAvailable:    1478108 kB
Buffers:           59460 kB
Cached:           432580 kB
MemTotal:        1844596 kB
MemFree:         1109840 kB
MemAvailable:    1477976 kB
Buffers:           59460 kB
Cached:           432580 kB
MemTotal:        1844596 kB
MemFree:         1110176 kB
MemAvailable:    1478312 kB
Buffers:           59460 kB
Cached:           432580 kB
MemTotal:        1844596 kB
MemFree:         1108676 kB
MemAvailable:    1476812 kB
Buffers:           59460 kB
Cached:           432580 kB
MemTotal:        1844596 kB
MemFree:         1108684 kB
MemAvailable:    1476820 kB
Buffers:           59460 kB
Cached:           432580 kB
MemTotal:        1844596 kB
MemFree:         1108676 kB
MemAvailable:    1476812 kB
Buffers:           59460 kB
Cached:           432580 kB
MemTotal:        1844596 kB
MemFree:         1108684 kB
MemAvailable:    1476820 kB
Buffers:           59460 kB
Cached:           432580 kB
MemTotal:        1844596 kB
MemFree:         1108684 kB
MemAvailable:    1476820 kB
Buffers:           59460 kB
Cached:           432580 kB
MemTotal:        1844596 kB
MemFree:         1109984 kB
MemAvailable:    1478120 kB
Buffers:           59460 kB
Cached:           432580 kB
MemTotal:        1844596 kB
MemFree:         1108804 kB
MemAvailable:    1476940 kB
Buffers:           59460 kB
Cached:           432580 kB
MemTotal:        1844596 kB
MemFree:         1109972 kB
MemAvailable:    1478108 kB
Buffers:           59460 kB
Cached:           432580 kB
MemTotal:        1844596 kB
MemFree:         1110016 kB
MemAvailable:    1478152 kB
Buffers:           59460 kB
Cached:           432580 kB
MemTotal:        1844596 kB
MemFree:         1109352 kB
MemAvailable:    1477488 kB
Buffers:           59460 kB
Cached:           432580 kB
MemTotal:        1844596 kB
MemFree:         1109668 kB
MemAvailable:    1477804 kB
Buffers:           59460 kB
Cached:           432580 kB
MemTotal:        1844596 kB
MemFree:         1109396 kB
MemAvailable:    1477532 kB
Buffers:           59460 kB
Cached:           432580 kB
MemTotal:        1844596 kB
MemFree:         1108724 kB
MemAvailable:    1476860 kB
Buffers:           59460 kB
Cached:           432580 kB
MemTotal:        1844596 kB
MemFree:         1108808 kB
MemAvailable:    1476944 kB
Buffers:           59460 kB
Cached:           432580 kB
MemTotal:        1844596 kB
MemFree:         1108720 kB
MemAvailable:    1476856 kB
Buffers:           59460 kB
Cached:           432580 kB
MemTotal:        1844596 kB
MemFree:         1109840 kB
MemAvailable:    1477976 kB
Buffers:           59460 kB
Cached:           432580 kB
MemTotal:        1844596 kB
MemFree:         1109968 kB
MemAvailable:    1478104 kB
Buffers:           59460 kB
Cached:           432580 kB
MemTotal:        1844596 kB
MemFree:         1109840 kB
MemAvailable:    1477976 kB
Buffers:           59460 kB
Cached:           432580 kB
MemTotal:        1844596 kB
MemFree:         1110176 kB
MemAvailable:    1478312 kB
Buffers:           59460 kB
Cached:           432580 kB
MemTotal:        1844596 kB
MemFree:         1108848 kB
MemAvailable:    1476984 kB
Buffers:           59460 kB
Cached:           432580 kB
MemTotal:        1844596 kB
MemFree:         1108724 kB
MemAvailable:    1476860 kB
Buffers:           59460 kB
Cached:           432580 kB
MemTotal:        1844596 kB
MemFree:         1108848 kB
MemAvailable:    1476984 kB
Buffers:           59460 kB
Cached:           432580 kB
MemTotal:        1844596 kB
MemFree:         1108720 kB
MemAvailable:    1476856 kB
Buffers:           59460 kB
Cached:           432580 kB
MemTotal:        1844596 kB
MemFree:         1109468 kB
MemAvailable:    1477604 kB
Buffers:           59460 kB
Cached:           432580 kB
MemTotal:        1844596 kB
MemFree:         1110012 kB
MemAvailable:    1478148 kB
Buffers:           59460 kB
Cached:           432580 kB
MemTotal:        1844596 kB
MemFree:         1108664 kB
MemAvailable:    1476800 kB
Buffers:           59460 kB
Cached:           432580 kB
MemTotal:        1844596 kB
MemFree:         1109952 kB
MemAvailable:    1478088 kB
Buffers:           59460 kB
Cached:           432580 kB
MemTotal:        1844596 kB
MemFree:         1109220 kB
MemAvailable:    1477356 kB
Buffers:           59460 kB
Cached:           432580 kB
MemTotal:        1844596 kB
MemFree:         1109772 kB
MemAvailable:    1477908 kB
Buffers:           59460 kB
Cached:           432580 kB
MemTotal:        1844596 kB
MemFree:         1110108 kB
MemAvailable:    1478244 kB
Buffers:           59460 kB
Cached:           432580 kB
MemTotal:        1844596 kB
MemFree:         1109840 kB
MemAvailable:    1477976 kB
Buffers:           59460 kB
Cached:           432580 kB
MemTotal:        1844596 kB
MemFree:         1109840 kB
MemAvailable:    1477976 kB
Buffers:           59460 kB
Cached:           432580 kB
MemTotal:        1844596 kB
MemFree:         1109832 kB
MemAvailable:    1477980 kB
Buffers:           59460 kB
Cached:           432592 kB
MemTotal:        1844596 kB
MemFree:         1109848 kB
MemAvailable:    1477996 kB
Buffers:           59460 kB
Cached:           432592 kB
MemTotal:        1844596 kB
MemFree:         1109912 kB
MemAvailable:    1478060 kB
Buffers:           59460 kB
Cached:           432592 kB
MemTotal:        1844596 kB
MemFree:         1109856 kB
MemAvailable:    1478004 kB
Buffers:           59460 kB
Cached:           432592 kB
MemTotal:        1844596 kB
MemFree:         1109984 kB
MemAvailable:    1478132 kB
Buffers:           59460 kB
Cached:           432592 kB
MemTotal:        1844596 kB
MemFree:         1109980 kB
MemAvailable:    1478128 kB
Buffers:           59460 kB
Cached:           432592 kB
MemTotal:        1844596 kB
MemFree:         1110016 kB
MemAvailable:    1478164 kB
Buffers:           59460 kB
Cached:           432592 kB
MemTotal:        1844596 kB
MemFree:         1109708 kB
MemAvailable:    1477856 kB
Buffers:           59460 kB
Cached:           432592 kB
MemTotal:        1844596 kB
MemFree:         1110048 kB
MemAvailable:    1478196 kB
Buffers:           59460 kB
Cached:           432592 kB
MemTotal:        1844596 kB
MemFree:         1109960 kB
MemAvailable:    1478108 kB
Buffers:           59460 kB
Cached:           432592 kB
MemTotal:        1844596 kB
MemFree:         1109476 kB
MemAvailable:    1477624 kB
Buffers:           59460 kB
Cached:           432592 kB
MemTotal:        1844596 kB
MemFree:         1109992 kB
MemAvailable:    1478140 kB
Buffers:           59460 kB
Cached:           432592 kB
MemTotal:        1844596 kB
MemFree:         1108684 kB
MemAvailable:    1476832 kB
Buffers:           59460 kB
Cached:           432592 kB
MemTotal:        1844596 kB
MemFree:         1108924 kB
MemAvailable:    1477072 kB
Buffers:           59460 kB
Cached:           432592 kB
MemTotal:        1844596 kB
MemFree:         1108808 kB
MemAvailable:    1476956 kB
Buffers:           59460 kB
Cached:           432592 kB
MemTotal:        1844596 kB
MemFree:         1108680 kB
MemAvailable:    1476828 kB
Buffers:           59460 kB
Cached:           432592 kB
MemTotal:        1844596 kB
MemFree:         1109956 kB
MemAvailable:    1478104 kB
Buffers:           59460 kB
Cached:           432592 kB
MemTotal:        1844596 kB
MemFree:         1110076 kB
MemAvailable:    1478224 kB
Buffers:           59460 kB
Cached:           432592 kB
MemTotal:        1844596 kB
MemFree:         1109840 kB
MemAvailable:    1477988 kB
Buffers:           59460 kB
Cached:           432592 kB
MemTotal:        1844596 kB
MemFree:         1110176 kB
MemAvailable:    1478324 kB
Buffers:           59460 kB
Cached:           432592 kB
MemTotal:        1844596 kB
MemFree:         1108552 kB
MemAvailable:    1476700 kB
Buffers:           59460 kB
Cached:           432592 kB
MemTotal:        1844596 kB
MemFree:         1109800 kB
MemAvailable:    1477948 kB
Buffers:           59460 kB
Cached:           432592 kB
MemTotal:        1844596 kB
MemFree:         1109352 kB
MemAvailable:    1477500 kB
Buffers:           59460 kB
Cached:           432592 kB
MemTotal:        1844596 kB
MemFree:         1109696 kB
MemAvailable:    1477844 kB
Buffers:           59460 kB
Cached:           432592 kB
MemTotal:        1844596 kB
MemFree:         1110032 kB
MemAvailable:    1478180 kB
Buffers:           59460 kB
Cached:           432592 kB
MemTotal:        1844596 kB
MemFree:         1109848 kB
MemAvailable:    1477996 kB
Buffers:           59460 kB
Cached:           432592 kB
MemTotal:        1844596 kB
MemFree:         1109352 kB
MemAvailable:    1477500 kB
Buffers:           59460 kB
Cached:           432592 kB
MemTotal:        1844596 kB
MemFree:         1109828 kB
MemAvailable:    1477976 kB
Buffers:           59460 kB
Cached:           432592 kB
MemTotal:        1844596 kB
MemFree:         1109912 kB
MemAvailable:    1478060 kB
Buffers:           59460 kB
Cached:           432592 kB
MemTotal:        1844596 kB
MemFree:         1109984 kB
MemAvailable:    1478132 kB
Buffers:           59460 kB
Cached:           432592 kB
MemTotal:        1844596 kB
MemFree:         1109728 kB
MemAvailable:    1477876 kB
Buffers:           59460 kB
Cached:           432592 kB
MemTotal:        1844596 kB
MemFree:         1108844 kB
MemAvailable:    1476992 kB
Buffers:           59460 kB
Cached:           432592 kB
MemTotal:        1844596 kB
MemFree:         1109996 kB
MemAvailable:    1478144 kB
Buffers:           59460 kB
Cached:           432592 kB
MemTotal:        1844596 kB
MemFree:         1109104 kB
MemAvailable:    1477252 kB
Buffers:           59460 kB
Cached:           432592 kB
MemTotal:        1844596 kB
MemFree:         1109668 kB
MemAvailable:    1477820 kB
Buffers:           59460 kB
Cached:           432596 kB
MemTotal:        1844596 kB
MemFree:         1109752 kB
MemAvailable:    1477904 kB
Buffers:           59460 kB
Cached:           432596 kB
MemTotal:        1844596 kB
MemFree:         1108596 kB
MemAvailable:    1476748 kB
Buffers:           59460 kB
Cached:           432596 kB
MemTotal:        1844596 kB
MemFree:         1109788 kB
MemAvailable:    1477940 kB
Buffers:           59460 kB
Cached:           432596 kB
MemTotal:        1844596 kB
MemFree:         1109724 kB
MemAvailable:    1477876 kB
Buffers:           59460 kB
Cached:           432596 kB
MemTotal:        1844596 kB
MemFree:         1109040 kB
MemAvailable:    1477192 kB
Buffers:           59460 kB
Cached:           432596 kB
MemTotal:        1844596 kB
MemFree:         1109976 kB
MemAvailable:    1478128 kB
Buffers:           59460 kB
Cached:           432596 kB
MemTotal:        1844596 kB
MemFree:         1109880 kB
MemAvailable:    1478032 kB
Buffers:           59460 kB
Cached:           432596 kB
MemTotal:        1844596 kB
MemFree:         1108836 kB
MemAvailable:    1476988 kB
Buffers:           59460 kB
Cached:           432596 kB
MemTotal:        1844596 kB
MemFree:         1108836 kB
MemAvailable:    1476988 kB
Buffers:           59460 kB
Cached:           432596 kB
MemTotal:        1844596 kB
MemFree:         1108788 kB
MemAvailable:    1476940 kB
Buffers:           59460 kB
Cached:           432596 kB
MemTotal:        1844596 kB
MemFree:         1108700 kB
MemAvailable:    1476852 kB
Buffers:           59460 kB
Cached:           432596 kB
MemTotal:        1844596 kB
MemFree:         1108824 kB
MemAvailable:    1476976 kB
Buffers:           59460 kB
Cached:           432596 kB
MemTotal:        1844596 kB
MemFree:         1108824 kB
MemAvailable:    1476976 kB
Buffers:           59460 kB
Cached:           432596 kB
MemTotal:        1844596 kB
MemFree:         1108652 kB
MemAvailable:    1476804 kB
Buffers:           59460 kB
Cached:           432596 kB
MemTotal:        1844596 kB
MemFree:         1109944 kB
MemAvailable:    1478096 kB
Buffers:           59460 kB
Cached:           432596 kB
MemTotal:        1844596 kB
MemFree:         1108732 kB
MemAvailable:    1476884 kB
Buffers:           59460 kB
Cached:           432596 kB
MemTotal:        1844596 kB
MemFree:         1108732 kB
MemAvailable:    1476884 kB
Buffers:           59460 kB
Cached:           432596 kB
MemTotal:        1844596 kB
MemFree:         1109708 kB
MemAvailable:    1477860 kB
Buffers:           59460 kB
Cached:           432596 kB
MemTotal:        1844596 kB
MemFree:         1109476 kB
MemAvailable:    1477628 kB
Buffers:           59460 kB
Cached:           432596 kB
MemTotal:        1844596 kB
MemFree:         1109852 kB
MemAvailable:    1478004 kB
Buffers:           59460 kB
Cached:           432596 kB
MemTotal:        1844596 kB
MemFree:         1108844 kB
MemAvailable:    1476996 kB
Buffers:           59460 kB
Cached:           432596 kB
MemTotal:        1844596 kB
MemFree:         1109912 kB
MemAvailable:    1478064 kB
Buffers:           59460 kB
Cached:           432596 kB
MemTotal:        1844596 kB
MemFree:         1108792 kB
MemAvailable:    1476944 kB
Buffers:           59460 kB
Cached:           432596 kB
MemTotal:        1844596 kB
MemFree:         1108704 kB
MemAvailable:    1476856 kB
Buffers:           59460 kB
Cached:           432596 kB
MemTotal:        1844596 kB
MemFree:         1109916 kB
MemAvailable:    1478068 kB
Buffers:           59460 kB
Cached:           432596 kB
MemTotal:        1844596 kB
MemFree:         1108724 kB
MemAvailable:    1476876 kB
Buffers:           59460 kB
Cached:           432596 kB
MemTotal:        1844596 kB
MemFree:         1108600 kB
MemAvailable:    1476752 kB
Buffers:           59460 kB
Cached:           432596 kB
MemTotal:        1844596 kB
MemFree:         1110048 kB
MemAvailable:    1478200 kB
Buffers:           59460 kB
Cached:           432596 kB
MemTotal:        1844596 kB
MemFree:         1108732 kB
MemAvailable:    1476884 kB
Buffers:           59460 kB
Cached:           432596 kB
MemTotal:        1844596 kB
MemFree:         1109104 kB
MemAvailable:    1477256 kB
Buffers:           59460 kB
Cached:           432596 kB
MemTotal:        1844596 kB
MemFree:         1108808 kB
MemAvailable:    1476960 kB
Buffers:           59460 kB
Cached:           432596 kB
MemTotal:        1844596 kB
MemFree:         1108732 kB
MemAvailable:    1476884 kB
Buffers:           59460 kB
Cached:           432596 kB
MemTotal:        1844596 kB
MemFree:         1108808 kB
MemAvailable:    1476960 kB
Buffers:           59460 kB
Cached:           432596 kB
MemTotal:        1844596 kB
MemFree:         1108684 kB
MemAvailable:    1476836 kB
Buffers:           59460 kB
Cached:           432596 kB
MemTotal:        1844596 kB
MemFree:         1109840 kB
MemAvailable:    1477996 kB
Buffers:           59460 kB
Cached:           432600 kB
MemTotal:        1844596 kB
MemFree:         1109840 kB
MemAvailable:    1477996 kB
Buffers:           59460 kB
Cached:           432600 kB
MemTotal:        1844596 kB
MemFree:         1110032 kB
MemAvailable:    1478188 kB
Buffers:           59460 kB
Cached:           432600 kB
MemTotal:        1844596 kB
MemFree:         1109920 kB
MemAvailable:    1478076 kB
Buffers:           59460 kB
Cached:           432600 kB
MemTotal:        1844596 kB
MemFree:         1109752 kB
MemAvailable:    1477908 kB
Buffers:           59460 kB
Cached:           432600 kB
MemTotal:        1844596 kB
MemFree:         1108844 kB
MemAvailable:    1477000 kB
Buffers:           59460 kB
Cached:           432600 kB
MemTotal:        1844596 kB
MemFree:         1109908 kB
MemAvailable:    1478064 kB
Buffers:           59460 kB
Cached:           432600 kB
MemTotal:        1844596 kB
MemFree:         1109228 kB
MemAvailable:    1477384 kB
Buffers:           59460 kB
Cached:           432600 kB
MemTotal:        1844596 kB
MemFree:         1109836 kB
MemAvailable:    1477992 kB
Buffers:           59460 kB
Cached:           432600 kB
MemTotal:        1844596 kB
MemFree:         1108588 kB
MemAvailable:    1476744 kB
Buffers:           59460 kB
Cached:           432600 kB
MemTotal:        1844596 kB
MemFree:         1108672 kB
MemAvailable:    1476828 kB
Buffers:           59460 kB
Cached:           432600 kB
MemTotal:        1844596 kB
MemFree:         1109840 kB
MemAvailable:    1477996 kB
Buffers:           59460 kB
Cached:           432600 kB
MemTotal:        1844596 kB
MemFree:         1109980 kB
MemAvailable:    1478136 kB
Buffers:           59460 kB
Cached:           432600 kB
MemTotal:        1844596 kB
MemFree:         1108840 kB
MemAvailable:    1476996 kB
Buffers:           59460 kB
Cached:           432600 kB
MemTotal:        1844596 kB
MemFree:         1109660 kB
MemAvailable:    1477816 kB
Buffers:           59460 kB
Cached:           432600 kB
MemTotal:        1844596 kB
MemFree:         1109916 kB
MemAvailable:    1478072 kB
Buffers:           59460 kB
Cached:           432600 kB
MemTotal:        1844596 kB
MemFree:         1109980 kB
MemAvailable:    1478136 kB
Buffers:           59460 kB
Cached:           432600 kB
MemTotal:        1844596 kB
MemFree:         1108540 kB
MemAvailable:    1476696 kB
Buffers:           59460 kB
Cached:           432600 kB
MemTotal:        1844596 kB
MemFree:         1110016 kB
MemAvailable:    1478172 kB
Buffers:           59460 kB
Cached:           432600 kB
MemTotal:        1844596 kB
MemFree:         1108732 kB
MemAvailable:    1476888 kB
Buffers:           59460 kB
Cached:           432600 kB
MemTotal:        1844596 kB
MemFree:         1109056 kB
MemAvailable:    1477212 kB
Buffers:           59460 kB
Cached:           432600 kB
MemTotal:        1844596 kB
