MemTotal:        1844596 kB
MemFree:          481276 kB
MemAvailable:    1568616 kB
Buffers:           79720 kB
Cached:          1122928 kB
MemTotal:        1844596 kB
MemFree:          480160 kB
MemAvailable:    1567500 kB
Buffers:           79720 kB
Cached:          1122928 kB
MemTotal:        1844596 kB
MemFree:          477176 kB
MemAvailable:    1564516 kB
Buffers:           79720 kB
Cached:          1122928 kB
MemTotal:        1844596 kB
MemFree:          475084 kB
MemAvailable:    1562424 kB
Buffers:           79720 kB
Cached:          1122928 kB
MemTotal:        1844596 kB
MemFree:          474828 kB
MemAvailable:    1562168 kB
Buffers:           79720 kB
Cached:          1122928 kB
MemTotal:        1844596 kB
MemFree:          475020 kB
MemAvailable:    1562360 kB
Buffers:           79720 kB
Cached:          1122928 kB
MemTotal:        1844596 kB
MemFree:          471968 kB
MemAvailable:    1559308 kB
Buffers:           79720 kB
Cached:          1122928 kB
MemTotal:        1844596 kB
MemFree:          472220 kB
MemAvailable:    1559560 kB
Buffers:           79720 kB
Cached:          1122928 kB
MemTotal:        1844596 kB
MemFree:          469068 kB
MemAvailable:    1556408 kB
Buffers:           79720 kB
Cached:          1122928 kB
MemTotal:        1844596 kB
MemFree:          464792 kB
MemAvailable:    1552132 kB
Buffers:           79720 kB
Cached:          1122928 kB
MemTotal:        1844596 kB
MemFree:          467448 kB
MemAvailable:    1554788 kB
Buffers:           79720 kB
Cached:          1122928 kB
MemTotal:        1844596 kB
MemFree:          467388 kB
MemAvailable:    1554728 kB
Buffers:           79720 kB
Cached:          1122928 kB
MemTotal:        1844596 kB
MemFree:          467388 kB
MemAvailable:    1554728 kB
Buffers:           79720 kB
Cached:          1122928 kB
MemTotal:        1844596 kB
MemFree:          467432 kB
MemAvailable:    1554772 kB
Buffers:           79720 kB
Cached:          1122928 kB
MemTotal:        1844596 kB
MemFree:          467604 kB
MemAvailable:    1554944 kB
Buffers:           79720 kB
Cached:          1122928 kB
MemTotal:        1844596 kB
MemFree:          467124 kB
MemAvailable:    1554464 kB
Buffers:           79720 kB
Cached:          1122928 kB
MemTotal:        1844596 kB
MemFree:          467460 kB
MemAvailable:    1554800 kB
Buffers:           79720 kB
Cached:          1122928 kB
MemTotal:        1844596 kB
MemFree:          466132 kB
MemAvailable:    1553472 kB
Buffers:           79720 kB
Cached:          1122928 kB
MemTotal:        1844596 kB
MemFree:          465908 kB
MemAvailable:    1553248 kB
Buffers:           79720 kB
Cached:          1122928 kB
MemTotal:        1844596 kB
MemFree:          465660 kB
MemAvailable:    1553000 kB
Buffers:           79720 kB
Cached:          1122928 kB
MemTotal:        1844596 kB
MemFree:          465148 kB
MemAvailable:    1552488 kB
Buffers:           79720 kB
Cached:          1122928 kB
MemTotal:        1844596 kB
MemFree:          465148 kB
MemAvailable:    1552488 kB
Buffers:           79720 kB
Cached:          1122928 kB
MemTotal:        1844596 kB
MemFree:          464852 kB
MemAvailable:    1552192 kB
Buffers:           79720 kB
Cached:          1122928 kB
MemTotal:        1844596 kB
MemFree:          465108 kB
MemAvailable:    1552448 kB
Buffers:           79720 kB
Cached:          1122928 kB
MemTotal:        1844596 kB
MemFree:          463612 kB
MemAvailable:    1550952 kB
Buffers:           79720 kB
Cached:          1122928 kB
MemTotal:        1844596 kB
MemFree:          463896 kB
MemAvailable:    1551236 kB
Buffers:           79720 kB
Cached:          1122928 kB
MemTotal:        1844596 kB
MemFree:          463896 kB
MemAvailable:    1551236 kB
Buffers:           79720 kB
Cached:          1122928 kB
MemTotal:        1844596 kB
MemFree:          465000 kB
MemAvailable:    1552340 kB
Buffers:           79720 kB
Cached:          1122928 kB
MemTotal:        1844596 kB
MemFree:          464832 kB
MemAvailable:    1552172 kB
Buffers:           79720 kB
Cached:          1122928 kB
MemTotal:        1844596 kB
MemFree:          463676 kB
MemAvailable:    1551016 kB
Buffers:           79720 kB
Cached:          1122928 kB
MemTotal:        1844596 kB
MemFree:          464780 kB
MemAvailable:    1552120 kB
Buffers:           79720 kB
Cached:          1122928 kB
MemTotal:        1844596 kB
MemFree:          464864 kB
MemAvailable:    1552204 kB
Buffers:           79720 kB
Cached:          1122928 kB
MemTotal:        1844596 kB
MemFree:          461932 kB
MemAvailable:    1549272 kB
Buffers:           79720 kB
Cached:          1122928 kB
MemTotal:        1844596 kB
MemFree:          459576 kB
MemAvailable:    1546916 kB
Buffers:           79720 kB
Cached:          1122928 kB
MemTotal:        1844596 kB
MemFree:          459336 kB
MemAvailable:    1546676 kB
Buffers:           79720 kB
Cached:          1122928 kB
MemTotal:        1844596 kB
MemFree:          459204 kB
MemAvailable:    1546544 kB
Buffers:           79720 kB
Cached:          1122928 kB
MemTotal:        1844596 kB
MemFree:          460180 kB
MemAvailable:    1547520 kB
Buffers:           79720 kB
Cached:          1122928 kB
MemTotal:        1844596 kB
MemFree:          460264 kB
MemAvailable:    1547604 kB
Buffers:           79720 kB
Cached:          1122928 kB
MemTotal:        1844596 kB
MemFree:          459892 kB
MemAvailable:    1547232 kB
Buffers:           79720 kB
Cached:          1122928 kB
MemTotal:        1844596 kB
MemFree:          460228 kB
MemAvailable:    1547568 kB
Buffers:           79720 kB
Cached:          1122928 kB
MemTotal:        1844596 kB
MemFree:          459760 kB
MemAvailable:    1547100 kB
Buffers:           79720 kB
Cached:          1122928 kB
MemTotal:        1844596 kB
MemFree:          459760 kB
MemAvailable:    1547100 kB
Buffers:           79720 kB
Cached:          1122928 kB
MemTotal:        1844596 kB
MemFree:          459328 kB
MemAvailable:    1546668 kB
Buffers:           79720 kB
Cached:          1122928 kB
MemTotal:        1844596 kB
MemFree:          459056 kB
MemAvailable:    1546396 kB
Buffers:           79720 kB
Cached:          1122928 kB
MemTotal:        1844596 kB
MemFree:          459056 kB
MemAvailable:    1546396 kB
Buffers:           79720 kB
Cached:          1122928 kB
MemTotal:        1844596 kB
MemFree:          457812 kB
MemAvailable:    1545152 kB
Buffers:           79720 kB
Cached:          1122928 kB
MemTotal:        1844596 kB
MemFree:          457688 kB
MemAvailable:    1545028 kB
Buffers:           79720 kB
Cached:          1122928 kB
MemTotal:        1844596 kB
MemFree:          458576 kB
MemAvailable:    1545916 kB
Buffers:           79720 kB
Cached:          1122928 kB
MemTotal:        1844596 kB
MemFree:          458592 kB
MemAvailable:    1545932 kB
Buffers:           79720 kB
Cached:          1122928 kB
MemTotal:        1844596 kB
MemFree:          458396 kB
MemAvailable:    1545736 kB
Buffers:           79720 kB
Cached:          1122928 kB
MemTotal:        1844596 kB
MemFree:          458648 kB
MemAvailable:    1545988 kB
Buffers:           79720 kB
Cached:          1122928 kB
MemTotal:        1844596 kB
MemFree:          458108 kB
MemAvailable:    1545448 kB
Buffers:           79720 kB
Cached:          1122928 kB
MemTotal:        1844596 kB
MemFree:          458108 kB
MemAvailable:    1545448 kB
Buffers:           79720 kB
Cached:          1122928 kB
MemTotal:        1844596 kB
MemFree:          457096 kB
MemAvailable:    1544444 kB
Buffers:           79720 kB
Cached:          1122936 kB
MemTotal:        1844596 kB
MemFree:          457352 kB
MemAvailable:    1544700 kB
Buffers:           79720 kB
Cached:          1122936 kB
MemTotal:        1844596 kB
MemFree:          458328 kB
MemAvailable:    1545676 kB
Buffers:           79720 kB
Cached:          1122936 kB
MemTotal:        1844596 kB
MemFree:          458204 kB
MemAvailable:    1545552 kB
Buffers:           79720 kB
Cached:          1122936 kB
MemTotal:        1844596 kB
MemFree:          458316 kB
MemAvailable:    1545664 kB
Buffers:           79720 kB
Cached:          1122936 kB
MemTotal:        1844596 kB
MemFree:          458568 kB
MemAvailable:    1545916 kB
Buffers:           79720 kB
Cached:          1122936 kB
MemTotal:        1844596 kB
MemFree:          458340 kB
MemAvailable:    1545688 kB
Buffers:           79720 kB
Cached:          1122936 kB
MemTotal:        1844596 kB
MemFree:          457164 kB
MemAvailable:    1544512 kB
Buffers:           79720 kB
Cached:          1122936 kB
MemTotal:        1844596 kB
MemFree:          455428 kB
MemAvailable:    1542776 kB
Buffers:           79720 kB
Cached:          1122936 kB
MemTotal:        1844596 kB
MemFree:          452640 kB
MemAvailable:    1539988 kB
Buffers:           79720 kB
Cached:          1122936 kB
MemTotal:        1844596 kB
MemFree:          452500 kB
MemAvailable:    1539848 kB
Buffers:           79720 kB
Cached:          1122936 kB
MemTotal:        1844596 kB
MemFree:          452500 kB
MemAvailable:    1539848 kB
Buffers:           79720 kB
Cached:          1122936 kB
MemTotal:        1844596 kB
MemFree:          452080 kB
MemAvailable:    1539428 kB
Buffers:           79720 kB
Cached:          1122936 kB
MemTotal:        1844596 kB
MemFree:          450648 kB
MemAvailable:    1537996 kB
Buffers:           79720 kB
Cached:          1122936 kB
MemTotal:        1844596 kB
MemFree:          450276 kB
MemAvailable:    1537624 kB
Buffers:           79720 kB
Cached:          1122936 kB
MemTotal:        1844596 kB
MemFree:          450400 kB
MemAvailable:    1537748 kB
Buffers:           79720 kB
Cached:          1122936 kB
MemTotal:        1844596 kB
MemFree:          450152 kB
MemAvailable:    1537500 kB
Buffers:           79720 kB
Cached:          1122936 kB
MemTotal:        1844596 kB
MemFree:          450160 kB
MemAvailable:    1537508 kB
Buffers:           79720 kB
Cached:          1122936 kB
MemTotal:        1844596 kB
MemFree:          449912 kB
MemAvailable:    1537260 kB
Buffers:           79720 kB
Cached:          1122936 kB
MemTotal:        1844596 kB
MemFree:          449780 kB
MemAvailable:    1537128 kB
Buffers:           79720 kB
Cached:          1122936 kB
MemTotal:        1844596 kB
MemFree:          449416 kB
MemAvailable:    1536764 kB
Buffers:           79720 kB
Cached:          1122936 kB
MemTotal:        1844596 kB
MemFree:          449284 kB
MemAvailable:    1536632 kB
Buffers:           79720 kB
Cached:          1122936 kB
MemTotal:        1844596 kB
MemFree:          449732 kB
MemAvailable:    1537080 kB
Buffers:           79720 kB
Cached:          1122936 kB
MemTotal:        1844596 kB
MemFree:          449788 kB
MemAvailable:    1537136 kB
Buffers:           79720 kB
Cached:          1122936 kB
MemTotal:        1844596 kB
MemFree:          448904 kB
MemAvailable:    1536252 kB
Buffers:           79720 kB
Cached:          1122936 kB
MemTotal:        1844596 kB
MemFree:          449240 kB
MemAvailable:    1536588 kB
Buffers:           79720 kB
Cached:          1122936 kB
MemTotal:        1844596 kB
MemFree:          448772 kB
MemAvailable:    1536120 kB
Buffers:           79720 kB
Cached:          1122936 kB
MemTotal:        1844596 kB
MemFree:          448772 kB
MemAvailable:    1536120 kB
Buffers:           79720 kB
Cached:          1122936 kB
MemTotal:        1844596 kB
MemFree:          448476 kB
MemAvailable:    1535824 kB
Buffers:           79720 kB
Cached:          1122936 kB
MemTotal:        1844596 kB
MemFree:          448812 kB
MemAvailable:    1536160 kB
Buffers:           79720 kB
Cached:          1122936 kB
MemTotal:        1844596 kB
MemFree:          448736 kB
MemAvailable:    1536084 kB
Buffers:           79720 kB
Cached:          1122936 kB
MemTotal:        1844596 kB
MemFree:          447532 kB
MemAvailable:    1534880 kB
Buffers:           79720 kB
Cached:          1122936 kB
MemTotal:        1844596 kB
MemFree:          447484 kB
MemAvailable:    1534832 kB
Buffers:           79720 kB
Cached:          1122936 kB
MemTotal:        1844596 kB
MemFree:          448532 kB
MemAvailable:    1535880 kB
Buffers:           79720 kB
Cached:          1122936 kB
MemTotal:        1844596 kB
MemFree:          448868 kB
MemAvailable:    1536216 kB
Buffers:           79720 kB
Cached:          1122936 kB
MemTotal:        1844596 kB
MemFree:          448484 kB
MemAvailable:    1535832 kB
Buffers:           79720 kB
Cached:          1122936 kB
MemTotal:        1844596 kB
MemFree:          448740 kB
MemAvailable:    1536088 kB
Buffers:           79720 kB
Cached:          1122936 kB
MemTotal:        1844596 kB
MemFree:          448284 kB
MemAvailable:    1535632 kB
Buffers:           79720 kB
Cached:          1122936 kB
MemTotal:        1844596 kB
MemFree:          447748 kB
MemAvailable:    1535096 kB
Buffers:           79720 kB
Cached:          1122936 kB
MemTotal:        1844596 kB
MemFree:          448360 kB
MemAvailable:    1535712 kB
Buffers:           79720 kB
Cached:          1122940 kB
MemTotal:        1844596 kB
MemFree:          447788 kB
MemAvailable:    1535140 kB
Buffers:           79720 kB
Cached:          1122940 kB
MemTotal:        1844596 kB
MemFree:          447680 kB
MemAvailable:    1535032 kB
Buffers:           79720 kB
Cached:          1122940 kB
MemTotal:        1844596 kB
MemFree:          447276 kB
MemAvailable:    1534628 kB
Buffers:           79720 kB
Cached:          1122940 kB
MemTotal:        1844596 kB
MemFree:          447612 kB
MemAvailable:    1534964 kB
Buffers:           79720 kB
Cached:          1122940 kB
MemTotal:        1844596 kB
MemFree:          446996 kB
MemAvailable:    1534348 kB
Buffers:           79720 kB
Cached:          1122940 kB
MemTotal:        1844596 kB
MemFree:          446540 kB
MemAvailable:    1533892 kB
Buffers:           79720 kB
Cached:          1122940 kB
MemTotal:        1844596 kB
MemFree:          446708 kB
MemAvailable:    1534060 kB
Buffers:           79720 kB
Cached:          1122940 kB
MemTotal:        1844596 kB
MemFree:          444952 kB
MemAvailable:    1532304 kB
Buffers:           79720 kB
Cached:          1122940 kB
MemTotal:        1844596 kB
MemFree:          444820 kB
MemAvailable:    1532172 kB
Buffers:           79720 kB
Cached:          1122940 kB
MemTotal:        1844596 kB
MemFree:          446012 kB
MemAvailable:    1533364 kB
Buffers:           79720 kB
Cached:          1122940 kB
MemTotal:        1844596 kB
MemFree:          446264 kB
MemAvailable:    1533616 kB
Buffers:           79720 kB
Cached:          1122940 kB
MemTotal:        1844596 kB
MemFree:          445888 kB
MemAvailable:    1533240 kB
Buffers:           79720 kB
Cached:          1122940 kB
MemTotal:        1844596 kB
MemFree:          446144 kB
MemAvailable:    1533496 kB
Buffers:           79720 kB
Cached:          1122940 kB
MemTotal:        1844596 kB
MemFree:          445876 kB
MemAvailable:    1533228 kB
Buffers:           79720 kB
Cached:          1122940 kB
MemTotal:        1844596 kB
MemFree:          445876 kB
MemAvailable:    1533228 kB
Buffers:           79720 kB
Cached:          1122940 kB
MemTotal:        1844596 kB
MemFree:          445572 kB
MemAvailable:    1532924 kB
Buffers:           79720 kB
Cached:          1122940 kB
MemTotal:        1844596 kB
MemFree:          444324 kB
MemAvailable:    1531676 kB
Buffers:           79720 kB
Cached:          1122940 kB
MemTotal:        1844596 kB
MemFree:          444644 kB
MemAvailable:    1531996 kB
Buffers:           79720 kB
Cached:          1122940 kB
MemTotal:        1844596 kB
MemFree:          440596 kB
MemAvailable:    1527948 kB
Buffers:           79720 kB
Cached:          1122940 kB
MemTotal:        1844596 kB
MemFree:          440364 kB
MemAvailable:    1527716 kB
Buffers:           79720 kB
Cached:          1122940 kB
MemTotal:        1844596 kB
MemFree:          437504 kB
MemAvailable:    1524856 kB
Buffers:           79720 kB
Cached:          1122940 kB
MemTotal:        1844596 kB
MemFree:          435892 kB
MemAvailable:    1523244 kB
Buffers:           79720 kB
Cached:          1122940 kB
MemTotal:        1844596 kB
MemFree:          436396 kB
MemAvailable:    1523748 kB
Buffers:           79720 kB
Cached:          1122940 kB
MemTotal:        1844596 kB
MemFree:          436000 kB
MemAvailable:    1523352 kB
Buffers:           79720 kB
Cached:          1122940 kB
MemTotal:        1844596 kB
MemFree:          436148 kB
MemAvailable:    1523500 kB
Buffers:           79720 kB
Cached:          1122940 kB
MemTotal:        1844596 kB
MemFree:          436004 kB
MemAvailable:    1523356 kB
Buffers:           79720 kB
Cached:          1122940 kB
MemTotal:        1844596 kB
MemFree:          436256 kB
MemAvailable:    1523608 kB
Buffers:           79720 kB
Cached:          1122940 kB
MemTotal:        1844596 kB
MemFree:          434528 kB
MemAvailable:    1521880 kB
Buffers:           79720 kB
Cached:          1122940 kB
MemTotal:        1844596 kB
MemFree:          434288 kB
MemAvailable:    1521640 kB
Buffers:           79720 kB
Cached:          1122940 kB
MemTotal:        1844596 kB
MemFree:          434720 kB
MemAvailable:    1522072 kB
Buffers:           79720 kB
Cached:          1122940 kB
MemTotal:        1844596 kB
MemFree:          434716 kB
MemAvailable:    1522068 kB
Buffers:           79720 kB
Cached:          1122940 kB
MemTotal:        1844596 kB
MemFree:          433740 kB
MemAvailable:    1521092 kB
Buffers:           79720 kB
Cached:          1122940 kB
MemTotal:        1844596 kB
MemFree:          434148 kB
MemAvailable:    1521504 kB
Buffers:           79720 kB
Cached:          1122944 kB
MemTotal:        1844596 kB
MemFree:          434232 kB
MemAvailable:    1521588 kB
Buffers:           79720 kB
Cached:          1122944 kB
MemTotal:        1844596 kB
MemFree:          434108 kB
MemAvailable:    1521464 kB
Buffers:           79720 kB
Cached:          1122944 kB
MemTotal:        1844596 kB
MemFree:          433028 kB
MemAvailable:    1520384 kB
Buffers:           79720 kB
Cached:          1122944 kB
MemTotal:        1844596 kB
MemFree:          434408 kB
MemAvailable:    1521768 kB
Buffers:           79720 kB
Cached:          1122948 kB
MemTotal:        1844596 kB
MemFree:          432980 kB
MemAvailable:    1520340 kB
Buffers:           79720 kB
Cached:          1122948 kB
MemTotal:        1844596 kB
MemFree:          432980 kB
MemAvailable:    1520340 kB
Buffers:           79720 kB
Cached:          1122948 kB
MemTotal:        1844596 kB
MemFree:          433040 kB
MemAvailable:    1520400 kB
Buffers:           79720 kB
Cached:          1122948 kB
MemTotal:        1844596 kB
MemFree:          433048 kB
MemAvailable:    1520408 kB
Buffers:           79720 kB
Cached:          1122948 kB
MemTotal:        1844596 kB
MemFree:          433536 kB
MemAvailable:    1520896 kB
Buffers:           79720 kB
Cached:          1122948 kB
MemTotal:        1844596 kB
MemFree:          432896 kB
MemAvailable:    1520256 kB
Buffers:           79720 kB
Cached:          1122948 kB
MemTotal:        1844596 kB
MemFree:          434144 kB
MemAvailable:    1521504 kB
Buffers:           79720 kB
Cached:          1122948 kB
MemTotal:        1844596 kB
MemFree:          434080 kB
MemAvailable:    1521440 kB
Buffers:           79720 kB
Cached:          1122948 kB
MemTotal:        1844596 kB
MemFree:          434248 kB
MemAvailable:    1521608 kB
Buffers:           79720 kB
Cached:          1122948 kB
MemTotal:        1844596 kB
MemFree:          433404 kB
MemAvailable:    1520764 kB
Buffers:           79720 kB
Cached:          1122948 kB
MemTotal:        1844596 kB
MemFree:          433296 kB
MemAvailable:    1520656 kB
Buffers:           79720 kB
Cached:          1122948 kB
MemTotal:        1844596 kB
MemFree:          430436 kB
MemAvailable:    1517796 kB
Buffers:           79720 kB
Cached:          1122948 kB
MemTotal:        1844596 kB
MemFree:          428520 kB
MemAvailable:    1515880 kB
Buffers:           79720 kB
Cached:          1122948 kB
MemTotal:        1844596 kB
MemFree:          424484 kB
MemAvailable:    1511844 kB
Buffers:           79720 kB
Cached:          1122948 kB
MemTotal:        1844596 kB
MemFree:          424376 kB
MemAvailable:    1511736 kB
Buffers:           79720 kB
Cached:          1122948 kB
MemTotal:        1844596 kB
MemFree:          422444 kB
MemAvailable:    1509804 kB
Buffers:           79720 kB
Cached:          1122948 kB
MemTotal:        1844596 kB
MemFree:          421260 kB
MemAvailable:    1508620 kB
Buffers:           79720 kB
Cached:          1122948 kB
MemTotal:        1844596 kB
MemFree:          421012 kB
MemAvailable:    1508372 kB
Buffers:           79720 kB
Cached:          1122948 kB
MemTotal:        1844596 kB
MemFree:          421128 kB
MemAvailable:    1508488 kB
Buffers:           79720 kB
Cached:          1122948 kB
MemTotal:        1844596 kB
MemFree:          421012 kB
MemAvailable:    1508372 kB
Buffers:           79720 kB
Cached:          1122948 kB
MemTotal:        1844596 kB
MemFree:          422048 kB
MemAvailable:    1509408 kB
Buffers:           79720 kB
Cached:          1122948 kB
MemTotal:        1844596 kB
MemFree:          420880 kB
MemAvailable:    1508240 kB
Buffers:           79720 kB
Cached:          1122948 kB
MemTotal:        1844596 kB
MemFree:          420748 kB
MemAvailable:    1508108 kB
Buffers:           79720 kB
Cached:          1122948 kB
MemTotal:        1844596 kB
MemFree:          420764 kB
MemAvailable:    1508124 kB
Buffers:           79720 kB
Cached:          1122948 kB
MemTotal:        1844596 kB
MemFree:          420648 kB
MemAvailable:    1508008 kB
Buffers:           79720 kB
Cached:          1122948 kB
MemTotal:        1844596 kB
MemFree:          420516 kB
MemAvailable:    1507876 kB
Buffers:           79720 kB
Cached:          1122948 kB
MemTotal:        1844596 kB
MemFree:          421624 kB
MemAvailable:    1508984 kB
Buffers:           79720 kB
Cached:          1122948 kB
MemTotal:        1844596 kB
MemFree:          421876 kB
MemAvailable:    1509236 kB
Buffers:           79720 kB
Cached:          1122948 kB
MemTotal:        1844596 kB
MemFree:          420456 kB
MemAvailable:    1507816 kB
Buffers:           79720 kB
Cached:          1122948 kB
MemTotal:        1844596 kB
MemFree:          420704 kB
MemAvailable:    1508064 kB
Buffers:           79720 kB
Cached:          1122948 kB
MemTotal:        1844596 kB
MemFree:          421440 kB
MemAvailable:    1508800 kB
Buffers:           79720 kB
Cached:          1122948 kB
MemTotal:        1844596 kB
MemFree:          421516 kB
MemAvailable:    1508876 kB
Buffers:           79720 kB
Cached:          1122948 kB
MemTotal:        1844596 kB
MemFree:          421488 kB
MemAvailable:    1508848 kB
Buffers:           79720 kB
Cached:          1122948 kB
MemTotal:        1844596 kB
MemFree:          420972 kB
MemAvailable:    1508332 kB
Buffers:           79720 kB
Cached:          1122948 kB
MemTotal:        1844596 kB
MemFree:          421516 kB
MemAvailable:    1508876 kB
Buffers:           79720 kB
Cached:          1122948 kB
MemTotal:        1844596 kB
MemFree:          421584 kB
MemAvailable:    1508944 kB
Buffers:           79720 kB
Cached:          1122948 kB
MemTotal:        1844596 kB
MemFree:          421836 kB
MemAvailable:    1509196 kB
Buffers:           79720 kB
Cached:          1122948 kB
MemTotal:        1844596 kB
MemFree:          421612 kB
MemAvailable:    1508972 kB
Buffers:           79720 kB
Cached:          1122948 kB
MemTotal:        1844596 kB
MemFree:          421864 kB
MemAvailable:    1509224 kB
Buffers:           79720 kB
Cached:          1122948 kB
MemTotal:        1844596 kB
MemFree:          421644 kB
MemAvailable:    1509004 kB
Buffers:           79720 kB
Cached:          1122948 kB
MemTotal:        1844596 kB
MemFree:          420256 kB
MemAvailable:    1507616 kB
Buffers:           79720 kB
Cached:          1122948 kB
MemTotal:        1844596 kB
MemFree:          420620 kB
MemAvailable:    1507980 kB
Buffers:           79720 kB
Cached:          1122948 kB
MemTotal:        1844596 kB
MemFree:          421744 kB
MemAvailable:    1509104 kB
Buffers:           79720 kB
Cached:          1122948 kB
MemTotal:        1844596 kB
MemFree:          420372 kB
MemAvailable:    1507732 kB
Buffers:           79720 kB
Cached:          1122948 kB
MemTotal:        1844596 kB
MemFree:          420456 kB
MemAvailable:    1507816 kB
Buffers:           79720 kB
Cached:          1122948 kB
MemTotal:        1844596 kB
MemFree:          419764 kB
MemAvailable:    1507124 kB
Buffers:           79720 kB
Cached:          1122948 kB
MemTotal:        1844596 kB
MemFree:          419656 kB
MemAvailable:    1507016 kB
Buffers:           79720 kB
Cached:          1122948 kB
MemTotal:        1844596 kB
MemFree:          412944 kB
MemAvailable:    1500304 kB
Buffers:           79720 kB
Cached:          1122948 kB
MemTotal:        1844596 kB
MemFree:          413032 kB
MemAvailable:    1500392 kB
Buffers:           79720 kB
Cached:          1122948 kB
MemTotal:        1844596 kB
MemFree:          411340 kB
MemAvailable:    1498700 kB
Buffers:           79720 kB
Cached:          1122948 kB
MemTotal:        1844596 kB
MemFree:          411340 kB
MemAvailable:    1498700 kB
Buffers:           79720 kB
Cached:          1122948 kB
MemTotal:        1844596 kB
MemFree:          411216 kB
MemAvailable:    1498576 kB
Buffers:           79720 kB
Cached:          1122948 kB
MemTotal:        1844596 kB
MemFree:          411468 kB
MemAvailable:    1498828 kB
Buffers:           79720 kB
Cached:          1122948 kB
MemTotal:        1844596 kB
MemFree:          411340 kB
MemAvailable:    1498700 kB
Buffers:           79720 kB
Cached:          1122948 kB
MemTotal:        1844596 kB
MemFree:          410092 kB
MemAvailable:    1497452 kB
Buffers:           79720 kB
Cached:          1122948 kB
MemTotal:        1844596 kB
MemFree:          409928 kB
MemAvailable:    1497288 kB
Buffers:           79720 kB
Cached:          1122948 kB
MemTotal:        1844596 kB
MemFree:          410056 kB
MemAvailable:    1497416 kB
Buffers:           79720 kB
Cached:          1122948 kB
MemTotal:        1844596 kB
MemFree:          410048 kB
MemAvailable:    1497408 kB
Buffers:           79720 kB
Cached:          1122948 kB
MemTotal:        1844596 kB
MemFree:          411068 kB
MemAvailable:    1498428 kB
Buffers:           79720 kB
Cached:          1122948 kB
MemTotal:        1844596 kB
MemFree:          411320 kB
MemAvailable:    1498680 kB
Buffers:           79720 kB
Cached:          1122948 kB
MemTotal:        1844596 kB
MemFree:          410096 kB
MemAvailable:    1497456 kB
Buffers:           79720 kB
Cached:          1122948 kB
MemTotal:        1844596 kB
MemFree:          409964 kB
MemAvailable:    1497324 kB
Buffers:           79720 kB
Cached:          1122948 kB
MemTotal:        1844596 kB
MemFree:          410960 kB
MemAvailable:    1498320 kB
Buffers:           79720 kB
Cached:          1122948 kB
MemTotal:        1844596 kB
MemFree:          410960 kB
MemAvailable:    1498320 kB
Buffers:           79720 kB
Cached:          1122948 kB
MemTotal:        1844596 kB
MemFree:          409984 kB
MemAvailable:    1497344 kB
Buffers:           79720 kB
Cached:          1122948 kB
MemTotal:        1844596 kB
MemFree:          408620 kB
MemAvailable:    1495980 kB
Buffers:           79720 kB
Cached:          1122948 kB
MemTotal:        1844596 kB
MemFree:          408852 kB
MemAvailable:    1496212 kB
Buffers:           79720 kB
Cached:          1122948 kB
MemTotal:        1844596 kB
MemFree:          409104 kB
MemAvailable:    1496464 kB
Buffers:           79720 kB
Cached:          1122948 kB
MemTotal:        1844596 kB
MemFree:          407740 kB
MemAvailable:    1495100 kB
Buffers:           79720 kB
Cached:          1122948 kB
MemTotal:        1844596 kB
MemFree:          409040 kB
MemAvailable:    1496400 kB
Buffers:           79720 kB
Cached:          1122948 kB
MemTotal:        1844596 kB
MemFree:          409104 kB
MemAvailable:    1496464 kB
Buffers:           79720 kB
Cached:          1122948 kB
MemTotal:        1844596 kB
MemFree:          408992 kB
MemAvailable:    1496352 kB
Buffers:           79720 kB
Cached:          1122948 kB
MemTotal:        1844596 kB
MemFree:          408928 kB
MemAvailable:    1496288 kB
Buffers:           79720 kB
Cached:          1122948 kB
MemTotal:        1844596 kB
MemFree:          408860 kB
MemAvailable:    1496220 kB
Buffers:           79720 kB
Cached:          1122948 kB
MemTotal:        1844596 kB
MemFree:          408860 kB
MemAvailable:    1496220 kB
Buffers:           79720 kB
Cached:          1122948 kB
MemTotal:        1844596 kB
MemFree:          409012 kB
MemAvailable:    1496376 kB
Buffers:           79720 kB
Cached:          1122952 kB
MemTotal:        1844596 kB
MemFree:          409008 kB
MemAvailable:    1496372 kB
Buffers:           79720 kB
Cached:          1122952 kB
MemTotal:        1844596 kB
MemFree:          408372 kB
MemAvailable:    1495736 kB
Buffers:           79720 kB
Cached:          1122952 kB
MemTotal:        1844596 kB
MemFree:          408928 kB
MemAvailable:    1496300 kB
Buffers:           79720 kB
Cached:          1122960 kB
MemTotal:        1844596 kB
MemFree:          409012 kB
MemAvailable:    1496384 kB
Buffers:           79720 kB
Cached:          1122960 kB
MemTotal:        1844596 kB
MemFree:          409052 kB
MemAvailable:    1496424 kB
Buffers:           79720 kB
Cached:          1122960 kB
MemTotal:        1844596 kB
MemFree:          408728 kB
MemAvailable:    1496100 kB
Buffers:           79720 kB
Cached:          1122960 kB
MemTotal:        1844596 kB
MemFree:          408728 kB
MemAvailable:    1496100 kB
Buffers:           79720 kB
Cached:          1122960 kB
MemTotal:        1844596 kB
MemFree:          407732 kB
MemAvailable:    1495104 kB
Buffers:           79720 kB
Cached:          1122960 kB
MemTotal:        1844596 kB
MemFree:          407608 kB
MemAvailable:    1494980 kB
Buffers:           79720 kB
Cached:          1122960 kB
MemTotal:        1844596 kB
MemFree:          408792 kB
MemAvailable:    1496164 kB
Buffers:           79720 kB
Cached:          1122960 kB
MemTotal:        1844596 kB
MemFree:          408852 kB
MemAvailable:    1496224 kB
Buffers:           79720 kB
Cached:          1122960 kB
MemTotal:        1844596 kB
MemFree:          407564 kB
MemAvailable:    1494936 kB
Buffers:           79720 kB
Cached:          1122960 kB
MemTotal:        1844596 kB
MemFree:          408812 kB
MemAvailable:    1496184 kB
Buffers:           79720 kB
Cached:          1122960 kB
MemTotal:        1844596 kB
MemFree:          407816 kB
MemAvailable:    1495188 kB
Buffers:           79720 kB
Cached:          1122960 kB
MemTotal:        1844596 kB
MemFree:          408800 kB
MemAvailable:    1496172 kB
Buffers:           79720 kB
Cached:          1122960 kB
MemTotal:        1844596 kB
MemFree:          407932 kB
MemAvailable:    1495304 kB
Buffers:           79720 kB
Cached:          1122960 kB
MemTotal:        1844596 kB
MemFree:          406388 kB
MemAvailable:    1493760 kB
Buffers:           79720 kB
Cached:          1122960 kB
MemTotal:        1844596 kB
MemFree:          402420 kB
MemAvailable:    1489792 kB
Buffers:           79720 kB
Cached:          1122960 kB
MemTotal:        1844596 kB
MemFree:          399748 kB
MemAvailable:    1487120 kB
Buffers:           79720 kB
Cached:          1122960 kB
MemTotal:        1844596 kB
MemFree:          397832 kB
MemAvailable:    1485204 kB
Buffers:           79720 kB
Cached:          1122960 kB
MemTotal:        1844596 kB
MemFree:          395352 kB
MemAvailable:    1482724 kB
Buffers:           79720 kB
Cached:          1122960 kB
MemTotal:        1844596 kB
MemFree:          394972 kB
MemAvailable:    1482344 kB
Buffers:           79720 kB
Cached:          1122960 kB
MemTotal:        1844596 kB
MemFree:          394840 kB
MemAvailable:    1482212 kB
Buffers:           79720 kB
Cached:          1122960 kB
MemTotal:        1844596 kB
MemFree:          395816 kB
MemAvailable:    1483188 kB
Buffers:           79720 kB
Cached:          1122960 kB
MemTotal:        1844596 kB
MemFree:          395724 kB
MemAvailable:    1483096 kB
Buffers:           79720 kB
Cached:          1122960 kB
MemTotal:        1844596 kB
MemFree:          395668 kB
MemAvailable:    1483040 kB
Buffers:           79720 kB
Cached:          1122960 kB
MemTotal:        1844596 kB
MemFree:          395908 kB
MemAvailable:    1483280 kB
Buffers:           79720 kB
Cached:          1122960 kB
MemTotal:        1844596 kB
MemFree:          394676 kB
MemAvailable:    1482048 kB
Buffers:           79720 kB
Cached:          1122960 kB
MemTotal:        1844596 kB
MemFree:          394792 kB
MemAvailable:    1482164 kB
Buffers:           79720 kB
Cached:          1122960 kB
MemTotal:        1844596 kB
MemFree:          395916 kB
MemAvailable:    1483288 kB
Buffers:           79720 kB
Cached:          1122960 kB
MemTotal:        1844596 kB
MemFree:          394288 kB
MemAvailable:    1481660 kB
Buffers:           79720 kB
Cached:          1122960 kB
MemTotal:        1844596 kB
MemFree:          395512 kB
MemAvailable:    1482884 kB
Buffers:           79720 kB
Cached:          1122960 kB
MemTotal:        1844596 kB
MemFree:          395680 kB
MemAvailable:    1483052 kB
Buffers:           79720 kB
Cached:          1122960 kB
MemTotal:        1844596 kB
MemFree:          395588 kB
MemAvailable:    1482960 kB
Buffers:           79720 kB
Cached:          1122960 kB
MemTotal:        1844596 kB
MemFree:          395600 kB
MemAvailable:    1482972 kB
Buffers:           79720 kB
Cached:          1122960 kB
MemTotal:        1844596 kB
MemFree:          394980 kB
MemAvailable:    1482352 kB
Buffers:           79720 kB
Cached:          1122960 kB
MemTotal:        1844596 kB
MemFree:          395548 kB
MemAvailable:    1482920 kB
Buffers:           79720 kB
Cached:          1122960 kB
MemTotal:        1844596 kB
MemFree:          395728 kB
MemAvailable:    1483100 kB
Buffers:           79720 kB
Cached:          1122960 kB
MemTotal:        1844596 kB
MemFree:          394980 kB
MemAvailable:    1482352 kB
Buffers:           79720 kB
Cached:          1122960 kB
MemTotal:        1844596 kB
MemFree:          395900 kB
MemAvailable:    1483276 kB
Buffers:           79720 kB
Cached:          1122964 kB
MemTotal:        1844596 kB
MemFree:          395528 kB
MemAvailable:    1482904 kB
Buffers:           79720 kB
Cached:          1122964 kB
MemTotal:        1844596 kB
MemFree:          395780 kB
MemAvailable:    1483156 kB
Buffers:           79720 kB
Cached:          1122964 kB
MemTotal:        1844596 kB
MemFree:          394340 kB
MemAvailable:    1481716 kB
Buffers:           79720 kB
Cached:          1122964 kB
MemTotal:        1844596 kB
MemFree:          395532 kB
MemAvailable:    1482908 kB
Buffers:           79720 kB
Cached:          1122964 kB
MemTotal:        1844596 kB
MemFree:          395616 kB
MemAvailable:    1482992 kB
Buffers:           79720 kB
Cached:          1122964 kB
MemTotal:        1844596 kB
MemFree:          395444 kB
MemAvailable:    1482820 kB
Buffers:           79720 kB
Cached:          1122964 kB
MemTotal:        1844596 kB
MemFree:          395700 kB
MemAvailable:    1483076 kB
Buffers:           79720 kB
Cached:          1122964 kB
MemTotal:        1844596 kB
MemFree:          394444 kB
MemAvailable:    1481820 kB
Buffers:           79720 kB
Cached:          1122964 kB
MemTotal:        1844596 kB
MemFree:          394112 kB
MemAvailable:    1481488 kB
Buffers:           79720 kB
Cached:          1122964 kB
MemTotal:        1844596 kB
MemFree:          394980 kB
MemAvailable:    1482356 kB
Buffers:           79720 kB
Cached:          1122964 kB
MemTotal:        1844596 kB
MemFree:          393740 kB
MemAvailable:    1481116 kB
Buffers:           79720 kB
Cached:          1122964 kB
MemTotal:        1844596 kB
MemFree:          394776 kB
MemAvailable:    1482152 kB
Buffers:           79720 kB
Cached:          1122964 kB
MemTotal:        1844596 kB
MemFree:          393724 kB
MemAvailable:    1481100 kB
Buffers:           79720 kB
Cached:          1122964 kB
MemTotal:        1844596 kB
MemFree:          394832 kB
MemAvailable:    1482208 kB
Buffers:           79720 kB
Cached:          1122964 kB
MemTotal:        1844596 kB
MemFree:          394592 kB
MemAvailable:    1481968 kB
Buffers:           79720 kB
Cached:          1122964 kB
MemTotal:        1844596 kB
MemFree:          394772 kB
MemAvailable:    1482148 kB
Buffers:           79720 kB
Cached:          1122964 kB
MemTotal:        1844596 kB
MemFree:          390764 kB
MemAvailable:    1478140 kB
Buffers:           79720 kB
Cached:          1122964 kB
MemTotal:        1844596 kB
MemFree:          389200 kB
MemAvailable:    1476576 kB
Buffers:           79720 kB
Cached:          1122964 kB
MemTotal:        1844596 kB
MemFree:          389536 kB
MemAvailable:    1476912 kB
Buffers:           79720 kB
Cached:          1122964 kB
MemTotal:        1844596 kB
MemFree:          385424 kB
MemAvailable:    1472800 kB
Buffers:           79720 kB
Cached:          1122964 kB
MemTotal:        1844596 kB
MemFree:          384936 kB
MemAvailable:    1472312 kB
Buffers:           79720 kB
Cached:          1122964 kB
MemTotal:        1844596 kB
MemFree:          382688 kB
MemAvailable:    1470064 kB
Buffers:           79720 kB
Cached:          1122964 kB
MemTotal:        1844596 kB
MemFree:          381780 kB
MemAvailable:    1469156 kB
Buffers:           79720 kB
Cached:          1122964 kB
MemTotal:        1844596 kB
MemFree:          381836 kB
MemAvailable:    1469212 kB
Buffers:           79720 kB
Cached:          1122964 kB
MemTotal:        1844596 kB
MemFree:          380836 kB
MemAvailable:    1468212 kB
Buffers:           79720 kB
Cached:          1122964 kB
MemTotal:        1844596 kB
MemFree:          382200 kB
MemAvailable:    1469576 kB
Buffers:           79720 kB
Cached:          1122964 kB
MemTotal:        1844596 kB
MemFree:          381820 kB
MemAvailable:    1469196 kB
Buffers:           79720 kB
Cached:          1122964 kB
MemTotal:        1844596 kB
MemFree:          381472 kB
MemAvailable:    1468848 kB
Buffers:           79720 kB
Cached:          1122964 kB
MemTotal:        1844596 kB
MemFree:          380456 kB
MemAvailable:    1467832 kB
Buffers:           79720 kB
Cached:          1122964 kB
MemTotal:        1844596 kB
MemFree:          380548 kB
MemAvailable:    1467924 kB
Buffers:           79720 kB
Cached:          1122964 kB
MemTotal:        1844596 kB
MemFree:          380672 kB
MemAvailable:    1468048 kB
Buffers:           79720 kB
Cached:          1122964 kB
MemTotal:        1844596 kB
MemFree:          380540 kB
MemAvailable:    1467916 kB
Buffers:           79720 kB
Cached:          1122964 kB
MemTotal:        1844596 kB
MemFree:          381884 kB
MemAvailable:    1469260 kB
Buffers:           79720 kB
Cached:          1122964 kB
MemTotal:        1844596 kB
MemFree:          381092 kB
MemAvailable:    1468468 kB
Buffers:           79720 kB
Cached:          1122964 kB
MemTotal:        1844596 kB
MemFree:          381944 kB
MemAvailable:    1469324 kB
Buffers:           79720 kB
Cached:          1122968 kB
MemTotal:        1844596 kB
MemFree:          381464 kB
MemAvailable:    1468844 kB
Buffers:           79720 kB
Cached:          1122968 kB
MemTotal:        1844596 kB
MemFree:          380408 kB
MemAvailable:    1467788 kB
Buffers:           79720 kB
Cached:          1122968 kB
MemTotal:        1844596 kB
MemFree:          380540 kB
MemAvailable:    1467920 kB
Buffers:           79720 kB
Cached:          1122968 kB
MemTotal:        1844596 kB
MemFree:          381744 kB
MemAvailable:    1469124 kB
Buffers:           79720 kB
Cached:          1122968 kB
MemTotal:        1844596 kB
MemFree:          380444 kB
MemAvailable:    1467824 kB
Buffers:           79720 kB
Cached:          1122968 kB
MemTotal:        1844596 kB
MemFree:          381672 kB
MemAvailable:    1469052 kB
Buffers:           79720 kB
Cached:          1122968 kB
MemTotal:        1844596 kB
MemFree:          381464 kB
MemAvailable:    1468844 kB
Buffers:           79720 kB
Cached:          1122968 kB
MemTotal:        1844596 kB
MemFree:          381700 kB
MemAvailable:    1469080 kB
Buffers:           79720 kB
Cached:          1122968 kB
MemTotal:        1844596 kB
MemFree:          380404 kB
MemAvailable:    1467784 kB
Buffers:           79720 kB
Cached:          1122968 kB
MemTotal:        1844596 kB
MemFree:          381804 kB
MemAvailable:    1469184 kB
Buffers:           79720 kB
Cached:          1122968 kB
MemTotal:        1844596 kB
MemFree:          381656 kB
MemAvailable:    1469036 kB
Buffers:           79720 kB
Cached:          1122968 kB
MemTotal:        1844596 kB
MemFree:          381588 kB
MemAvailable:    1468968 kB
Buffers:           79720 kB
Cached:          1122968 kB
MemTotal:        1844596 kB
MemFree:          381700 kB
MemAvailable:    1469080 kB
Buffers:           79720 kB
Cached:          1122968 kB
MemTotal:        1844596 kB
MemFree:          380464 kB
MemAvailable:    1467844 kB
Buffers:           79720 kB
Cached:          1122968 kB
MemTotal:        1844596 kB
MemFree:          380472 kB
MemAvailable:    1467852 kB
Buffers:           79720 kB
Cached:          1122968 kB
MemTotal:        1844596 kB
MemFree:          381616 kB
MemAvailable:    1468996 kB
Buffers:           79720 kB
Cached:          1122968 kB
MemTotal:        1844596 kB
MemFree:          381788 kB
MemAvailable:    1469168 kB
Buffers:           79720 kB
Cached:          1122968 kB
MemTotal:        1844596 kB
MemFree:          380408 kB
MemAvailable:    1467788 kB
Buffers:           79720 kB
Cached:          1122968 kB
MemTotal:        1844596 kB
MemFree:          380416 kB
MemAvailable:    1467796 kB
Buffers:           79720 kB
Cached:          1122968 kB
MemTotal:        1844596 kB
MemFree:          381692 kB
MemAvailable:    1469072 kB
Buffers:           79720 kB
Cached:          1122968 kB
MemTotal:        1844596 kB
MemFree:          381944 kB
MemAvailable:    1469324 kB
Buffers:           79720 kB
Cached:          1122968 kB
MemTotal:        1844596 kB
MemFree:          380424 kB
MemAvailable:    1467804 kB
Buffers:           79720 kB
Cached:          1122968 kB
MemTotal:        1844596 kB
MemFree:          381724 kB
MemAvailable:    1469104 kB
Buffers:           79720 kB
Cached:          1122968 kB
MemTotal:        1844596 kB
MemFree:          380460 kB
MemAvailable:    1467840 kB
Buffers:           79720 kB
Cached:          1122968 kB
MemTotal:        1844596 kB
MemFree:          381332 kB
MemAvailable:    1468712 kB
Buffers:           79720 kB
Cached:          1122968 kB
MemTotal:        1844596 kB
MemFree:          381332 kB
MemAvailable:    1468712 kB
Buffers:           79720 kB
Cached:          1122968 kB
MemTotal:        1844596 kB
MemFree:          380912 kB
MemAvailable:    1468292 kB
Buffers:           79720 kB
Cached:          1122968 kB
MemTotal:        1844596 kB
MemFree:          381168 kB
MemAvailable:    1468548 kB
Buffers:           79720 kB
Cached:          1122968 kB
MemTotal:        1844596 kB
MemFree:          380900 kB
MemAvailable:    1468280 kB
Buffers:           79720 kB
Cached:          1122968 kB
MemTotal:        1844596 kB
MemFree:          381152 kB
MemAvailable:    1468532 kB
Buffers:           79720 kB
Cached:          1122968 kB
MemTotal:        1844596 kB
MemFree:          379664 kB
MemAvailable:    1467044 kB
Buffers:           79720 kB
Cached:          1122968 kB
MemTotal:        1844596 kB
MemFree:          380972 kB
MemAvailable:    1468352 kB
Buffers:           79720 kB
Cached:          1122968 kB
MemTotal:        1844596 kB
MemFree:          379796 kB
MemAvailable:    1467176 kB
Buffers:           79720 kB
Cached:          1122968 kB
MemTotal:        1844596 kB
MemFree:          379792 kB
MemAvailable:    1467172 kB
Buffers:           79720 kB
Cached:          1122968 kB
MemTotal:        1844596 kB
MemFree:          381156 kB
MemAvailable:    1468536 kB
Buffers:           79720 kB
Cached:          1122968 kB
MemTotal:        1844596 kB
MemFree:          380464 kB
MemAvailable:    1467844 kB
Buffers:           79720 kB
Cached:          1122968 kB
MemTotal:        1844596 kB
MemFree:          379824 kB
MemAvailable:    1467204 kB
Buffers:           79720 kB
Cached:          1122968 kB
MemTotal:        1844596 kB
MemFree:          381072 kB
MemAvailable:    1468452 kB
Buffers:           79720 kB
Cached:          1122968 kB
MemTotal:        1844596 kB
MemFree:          380472 kB
MemAvailable:    1467852 kB
Buffers:           79720 kB
Cached:          1122968 kB
MemTotal:        1844596 kB
MemFree:          376984 kB
MemAvailable:    1464364 kB
Buffers:           79720 kB
Cached:          1122968 kB
MemTotal:        1844596 kB
MemFree:          376504 kB
MemAvailable:    1463884 kB
Buffers:           79720 kB
Cached:          1122968 kB
MemTotal:        1844596 kB
MemFree:          375448 kB
MemAvailable:    1462828 kB
Buffers:           79720 kB
Cached:          1122968 kB
MemTotal:        1844596 kB
MemFree:          375572 kB
MemAvailable:    1462952 kB
Buffers:           79720 kB
Cached:          1122968 kB
MemTotal:        1844596 kB
MemFree:          374140 kB
MemAvailable:    1461520 kB
Buffers:           79720 kB
Cached:          1122968 kB
MemTotal:        1844596 kB
MemFree:          375324 kB
MemAvailable:    1462704 kB
Buffers:           79720 kB
Cached:          1122968 kB
MemTotal:        1844596 kB
MemFree:          375068 kB
MemAvailable:    1462448 kB
Buffers:           79720 kB
Cached:          1122968 kB
MemTotal:        1844596 kB
MemFree:          374996 kB
MemAvailable:    1462376 kB
Buffers:           79720 kB
Cached:          1122968 kB
MemTotal:        1844596 kB
MemFree:          374652 kB
MemAvailable:    1462032 kB
Buffers:           79720 kB
Cached:          1122968 kB
MemTotal:        1844596 kB
MemFree:          375016 kB
MemAvailable:    1462396 kB
Buffers:           79720 kB
Cached:          1122968 kB
MemTotal:        1844596 kB
MemFree:          373776 kB
MemAvailable:    1461156 kB
Buffers:           79720 kB
Cached:          1122968 kB
MemTotal:        1844596 kB
MemFree:          374944 kB
MemAvailable:    1462324 kB
Buffers:           79720 kB
Cached:          1122968 kB
MemTotal:        1844596 kB
MemFree:          374928 kB
MemAvailable:    1462308 kB
Buffers:           79720 kB
Cached:          1122968 kB
MemTotal:        1844596 kB
MemFree:          374776 kB
MemAvailable:    1462156 kB
Buffers:           79720 kB
Cached:          1122968 kB
MemTotal:        1844596 kB
MemFree:          375016 kB
MemAvailable:    1462396 kB
Buffers:           79720 kB
Cached:          1122968 kB
MemTotal:        1844596 kB
MemFree:          373852 kB
MemAvailable:    1461232 kB
Buffers:           79720 kB
Cached:          1122968 kB
MemTotal:        1844596 kB
MemFree:          373968 kB
MemAvailable:    1461348 kB
Buffers:           79720 kB
Cached:          1122968 kB
MemTotal:        1844596 kB
MemFree:          373756 kB
MemAvailable:    1461136 kB
Buffers:           79720 kB
Cached:          1122968 kB
MemTotal:        1844596 kB
MemFree:          374876 kB
MemAvailable:    1462256 kB
Buffers:           79720 kB
Cached:          1122968 kB
MemTotal:        1844596 kB
MemFree:          373516 kB
MemAvailable:    1460896 kB
Buffers:           79720 kB
Cached:          1122968 kB
MemTotal:        1844596 kB
MemFree:          375024 kB
MemAvailable:    1462404 kB
Buffers:           79720 kB
Cached:          1122968 kB
MemTotal:        1844596 kB
MemFree:          374836 kB
MemAvailable:    1462216 kB
Buffers:           79720 kB
Cached:          1122968 kB
MemTotal:        1844596 kB
MemFree:          374892 kB
MemAvailable:    1462272 kB
Buffers:           79720 kB
Cached:          1122968 kB
MemTotal:        1844596 kB
MemFree:          375064 kB
MemAvailable:    1462444 kB
Buffers:           79720 kB
Cached:          1122968 kB
MemTotal:        1844596 kB
MemFree:          375016 kB
MemAvailable:    1462396 kB
Buffers:           79720 kB
Cached:          1122968 kB
MemTotal:        1844596 kB
MemFree:          374396 kB
MemAvailable:    1461776 kB
Buffers:           79720 kB
Cached:          1122968 kB
MemTotal:        1844596 kB
MemFree:          374852 kB
MemAvailable:    1462240 kB
Buffers:           79720 kB
Cached:          1122976 kB
MemTotal:        1844596 kB
MemFree:          373856 kB
MemAvailable:    1461244 kB
Buffers:           79720 kB
Cached:          1122976 kB
MemTotal:        1844596 kB
MemFree:          374976 kB
MemAvailable:    1462364 kB
Buffers:           79720 kB
Cached:          1122976 kB
MemTotal:        1844596 kB
MemFree:          374272 kB
MemAvailable:    1461660 kB
Buffers:           79720 kB
Cached:          1122976 kB
MemTotal:        1844596 kB
MemFree:          374796 kB
MemAvailable:    1462180 kB
Buffers:           79720 kB
Cached:          1122976 kB
MemTotal:        1844596 kB
MemFree:          375132 kB
MemAvailable:    1462516 kB
Buffers:           79720 kB
Cached:          1122976 kB
MemTotal:        1844596 kB
MemFree:          373588 kB
MemAvailable:    1460972 kB
Buffers:           79720 kB
Cached:          1122976 kB
MemTotal:        1844596 kB
MemFree:          373720 kB
MemAvailable:    1461104 kB
Buffers:           79720 kB
Cached:          1122976 kB
MemTotal:        1844596 kB
MemFree:          374016 kB
MemAvailable:    1461404 kB
Buffers:           79720 kB
Cached:          1122980 kB
MemTotal:        1844596 kB
MemFree:          374024 kB
MemAvailable:    1461412 kB
Buffers:           79720 kB
Cached:          1122980 kB
MemTotal:        1844596 kB
MemFree:          375016 kB
MemAvailable:    1462404 kB
Buffers:           79720 kB
Cached:          1122980 kB
MemTotal:        1844596 kB
MemFree:          375008 kB
MemAvailable:    1462396 kB
Buffers:           79720 kB
Cached:          1122980 kB
MemTotal:        1844596 kB
MemFree:          375260 kB
MemAvailable:    1462648 kB
Buffers:           79720 kB
Cached:          1122980 kB
MemTotal:        1844596 kB
MemFree:          373728 kB
MemAvailable:    1461116 kB
Buffers:           79720 kB
Cached:          1122980 kB
MemTotal:        1844596 kB
MemFree:          374836 kB
MemAvailable:    1462224 kB
Buffers:           79720 kB
Cached:          1122980 kB
MemTotal:        1844596 kB
MemFree:          375092 kB
MemAvailable:    1462480 kB
Buffers:           79720 kB
Cached:          1122980 kB
MemTotal:        1844596 kB
MemFree:          374824 kB
MemAvailable:    1462212 kB
Buffers:           79720 kB
Cached:          1122980 kB
MemTotal:        1844596 kB
MemFree:          373588 kB
MemAvailable:    1460976 kB
Buffers:           79720 kB
Cached:          1122980 kB
MemTotal:        1844596 kB
MemFree:          374992 kB
MemAvailable:    1462380 kB
Buffers:           79720 kB
Cached:          1122980 kB
MemTotal:        1844596 kB
MemFree:          373396 kB
MemAvailable:    1460784 kB
Buffers:           79720 kB
Cached:          1122980 kB
MemTotal:        1844596 kB
MemFree:          374804 kB
MemAvailable:    1462192 kB
Buffers:           79720 kB
Cached:          1122980 kB
MemTotal:        1844596 kB
MemFree:          374364 kB
MemAvailable:    1461752 kB
Buffers:           79720 kB
Cached:          1122980 kB
MemTotal:        1844596 kB
MemFree:          374448 kB
MemAvailable:    1461836 kB
Buffers:           79720 kB
Cached:          1122980 kB
MemTotal:        1844596 kB
MemFree:          374580 kB
MemAvailable:    1461968 kB
Buffers:           79720 kB
Cached:          1122980 kB
MemTotal:        1844596 kB
MemFree:          373652 kB
MemAvailable:    1461040 kB
Buffers:           79720 kB
Cached:          1122980 kB
MemTotal:        1844596 kB
MemFree:          374308 kB
MemAvailable:    1461696 kB
Buffers:           79720 kB
Cached:          1122980 kB
MemTotal:        1844596 kB
MemFree:          374480 kB
MemAvailable:    1461868 kB
Buffers:           79720 kB
Cached:          1122980 kB
MemTotal:        1844596 kB
MemFree:          373140 kB
MemAvailable:    1460528 kB
Buffers:           79720 kB
Cached:          1122980 kB
MemTotal:        1844596 kB
MemFree:          373148 kB
MemAvailable:    1460536 kB
Buffers:           79720 kB
Cached:          1122980 kB
MemTotal:        1844596 kB
MemFree:          373148 kB
MemAvailable:    1460536 kB
Buffers:           79720 kB
Cached:          1122980 kB
MemTotal:        1844596 kB
MemFree:          373016 kB
MemAvailable:    1460404 kB
Buffers:           79720 kB
Cached:          1122980 kB
MemTotal:        1844596 kB
MemFree:          374448 kB
MemAvailable:    1461836 kB
Buffers:           79720 kB
Cached:          1122980 kB
MemTotal:        1844596 kB
MemFree:          373528 kB
MemAvailable:    1460916 kB
Buffers:           79720 kB
Cached:          1122980 kB
MemTotal:        1844596 kB
MemFree:          374176 kB
MemAvailable:    1461564 kB
Buffers:           79720 kB
Cached:          1122980 kB
MemTotal:        1844596 kB
MemFree:          374148 kB
MemAvailable:    1461536 kB
Buffers:           79720 kB
Cached:          1122980 kB
MemTotal:        1844596 kB
MemFree:          374444 kB
MemAvailable:    1461832 kB
Buffers:           79720 kB
Cached:          1122980 kB
MemTotal:        1844596 kB
MemFree:          373096 kB
MemAvailable:    1460484 kB
Buffers:           79720 kB
Cached:          1122980 kB
MemTotal:        1844596 kB
MemFree:          373132 kB
MemAvailable:    1460520 kB
Buffers:           79720 kB
Cached:          1122980 kB
MemTotal:        1844596 kB
MemFree:          373024 kB
MemAvailable:    1460412 kB
Buffers:           79720 kB
Cached:          1122980 kB
MemTotal:        1844596 kB
MemFree:          373388 kB
MemAvailable:    1460776 kB
Buffers:           79720 kB
Cached:          1122980 kB
MemTotal:        1844596 kB
MemFree:          373272 kB
MemAvailable:    1460660 kB
Buffers:           79720 kB
Cached:          1122980 kB
MemTotal:        1844596 kB
MemFree:          372900 kB
MemAvailable:    1460288 kB
Buffers:           79720 kB
Cached:          1122980 kB
MemTotal:        1844596 kB
MemFree:          374008 kB
MemAvailable:    1461396 kB
Buffers:           79720 kB
Cached:          1122980 kB
MemTotal:        1844596 kB
MemFree:          374008 kB
MemAvailable:    1461396 kB
Buffers:           79720 kB
Cached:          1122980 kB
MemTotal:        1844596 kB
MemFree:          372472 kB
MemAvailable:    1459860 kB
Buffers:           79720 kB
Cached:          1122980 kB
MemTotal:        1844596 kB
MemFree:          373888 kB
MemAvailable:    1461276 kB
Buffers:           79720 kB
Cached:          1122980 kB
MemTotal:        1844596 kB
MemFree:          372604 kB
MemAvailable:    1459992 kB
Buffers:           79720 kB
Cached:          1122980 kB
MemTotal:        1844596 kB
MemFree:          373880 kB
MemAvailable:    1461268 kB
Buffers:           79720 kB
Cached:          1122980 kB
MemTotal:        1844596 kB
MemFree:          373880 kB
MemAvailable:    1461268 kB
Buffers:           79720 kB
Cached:          1122980 kB
MemTotal:        1844596 kB
MemFree:          372652 kB
MemAvailable:    1460040 kB
Buffers:           79720 kB
Cached:          1122980 kB
MemTotal:        1844596 kB
MemFree:          373960 kB
MemAvailable:    1461348 kB
Buffers:           79720 kB
Cached:          1122980 kB
MemTotal:        1844596 kB
MemFree:          372660 kB
MemAvailable:    1460048 kB
Buffers:           79720 kB
Cached:          1122980 kB
MemTotal:        1844596 kB
MemFree:          372736 kB
MemAvailable:    1460124 kB
Buffers:           79720 kB
Cached:          1122980 kB
MemTotal:        1844596 kB
MemFree:          373960 kB
MemAvailable:    1461348 kB
Buffers:           79720 kB
Cached:          1122980 kB
MemTotal:        1844596 kB
MemFree:          373960 kB
MemAvailable:    1461348 kB
Buffers:           79720 kB
Cached:          1122980 kB
MemTotal:        1844596 kB
MemFree:          372728 kB
MemAvailable:    1460116 kB
Buffers:           79720 kB
Cached:          1122980 kB
MemTotal:        1844596 kB
MemFree:          373828 kB
MemAvailable:    1461216 kB
Buffers:           79720 kB
Cached:          1122980 kB
MemTotal:        1844596 kB
MemFree:          373652 kB
MemAvailable:    1461040 kB
Buffers:           79720 kB
Cached:          1122980 kB
MemTotal:        1844596 kB
MemFree:          373588 kB
MemAvailable:    1460976 kB
Buffers:           79720 kB
Cached:          1122980 kB
MemTotal:        1844596 kB
MemFree:          373924 kB
MemAvailable:    1461312 kB
Buffers:           79720 kB
Cached:          1122980 kB
MemTotal:        1844596 kB
MemFree:          372888 kB
MemAvailable:    1460276 kB
Buffers:           79720 kB
Cached:          1122980 kB
MemTotal:        1844596 kB
MemFree:          372816 kB
MemAvailable:    1460204 kB
Buffers:           79720 kB
Cached:          1122980 kB
MemTotal:        1844596 kB
MemFree:          372724 kB
MemAvailable:    1460112 kB
Buffers:           79720 kB
Cached:          1122980 kB
MemTotal:        1844596 kB
MemFree:          373836 kB
MemAvailable:    1461224 kB
Buffers:           79720 kB
Cached:          1122980 kB
MemTotal:        1844596 kB
MemFree:          373752 kB
MemAvailable:    1461140 kB
Buffers:           79720 kB
Cached:          1122980 kB
MemTotal:        1844596 kB
MemFree:          373752 kB
MemAvailable:    1461140 kB
Buffers:           79720 kB
Cached:          1122980 kB
MemTotal:        1844596 kB
MemFree:          372596 kB
MemAvailable:    1459984 kB
Buffers:           79720 kB
Cached:          1122980 kB
MemTotal:        1844596 kB
MemFree:          372604 kB
MemAvailable:    1459992 kB
Buffers:           79720 kB
Cached:          1122980 kB
MemTotal:        1844596 kB
MemFree:          373720 kB
MemAvailable:    1461108 kB
Buffers:           79720 kB
Cached:          1122980 kB
MemTotal:        1844596 kB
MemFree:          373900 kB
MemAvailable:    1461288 kB
Buffers:           79720 kB
Cached:          1122980 kB
MemTotal:        1844596 kB
MemFree:          373156 kB
MemAvailable:    1460544 kB
Buffers:           79720 kB
Cached:          1122980 kB
MemTotal:        1844596 kB
MemFree:          373680 kB
MemAvailable:    1461072 kB
Buffers:           79720 kB
Cached:          1122984 kB
MemTotal:        1844596 kB
MemFree:          373900 kB
MemAvailable:    1461292 kB
Buffers:           79720 kB
Cached:          1122984 kB
MemTotal:        1844596 kB
MemFree:          373948 kB
MemAvailable:    1461340 kB
Buffers:           79720 kB
Cached:          1122984 kB
MemTotal:        1844596 kB
MemFree:          372660 kB
MemAvailable:    1460052 kB
Buffers:           79720 kB
Cached:          1122984 kB
MemTotal:        1844596 kB
MemFree:          372736 kB
MemAvailable:    1460128 kB
Buffers:           79720 kB
Cached:          1122984 kB
MemTotal:        1844596 kB
MemFree:          372612 kB
MemAvailable:    1460004 kB
Buffers:           79720 kB
Cached:          1122984 kB
MemTotal:        1844596 kB
MemFree:          373768 kB
MemAvailable:    1461160 kB
Buffers:           79720 kB
Cached:          1122984 kB
MemTotal:        1844596 kB
MemFree:          373536 kB
MemAvailable:    1460928 kB
Buffers:           79720 kB
Cached:          1122984 kB
MemTotal:        1844596 kB
MemFree:          372612 kB
MemAvailable:    1460004 kB
Buffers:           79720 kB
Cached:          1122984 kB
MemTotal:        1844596 kB
MemFree:          372660 kB
MemAvailable:    1460052 kB
Buffers:           79720 kB
Cached:          1122984 kB
MemTotal:        1844596 kB
MemFree:          373960 kB
MemAvailable:    1461352 kB
Buffers:           79720 kB
Cached:          1122984 kB
MemTotal:        1844596 kB
MemFree:          372660 kB
MemAvailable:    1460056 kB
Buffers:           79720 kB
Cached:          1122988 kB
MemTotal:        1844596 kB
MemFree:          373760 kB
MemAvailable:    1461156 kB
Buffers:           79720 kB
Cached:          1122988 kB
MemTotal:        1844596 kB
MemFree:          374012 kB
MemAvailable:    1461408 kB
Buffers:           79720 kB
Cached:          1122988 kB
MemTotal:        1844596 kB
MemFree:          373888 kB
MemAvailable:    1461284 kB
Buffers:           79720 kB
Cached:          1122988 kB
MemTotal:        1844596 kB
MemFree:          373156 kB
MemAvailable:    1460552 kB
Buffers:           79720 kB
Cached:          1122988 kB
MemTotal:        1844596 kB
MemFree:          373840 kB
MemAvailable:    1461236 kB
Buffers:           79720 kB
Cached:          1122988 kB
MemTotal:        1844596 kB
MemFree:          374092 kB
MemAvailable:    1461488 kB
Buffers:           79720 kB
Cached:          1122988 kB
MemTotal:        1844596 kB
MemFree:          373912 kB
MemAvailable:    1461308 kB
Buffers:           79720 kB
Cached:          1122988 kB
MemTotal:        1844596 kB
MemFree:          372732 kB
MemAvailable:    1460128 kB
Buffers:           79720 kB
Cached:          1122988 kB
MemTotal:        1844596 kB
MemFree:          372600 kB
MemAvailable:    1459996 kB
Buffers:           79720 kB
Cached:          1122988 kB
MemTotal:        1844596 kB
MemFree:          373744 kB
MemAvailable:    1461140 kB
Buffers:           79720 kB
Cached:          1122988 kB
MemTotal:        1844596 kB
MemFree:          373900 kB
MemAvailable:    1461296 kB
Buffers:           79720 kB
Cached:          1122988 kB
MemTotal:        1844596 kB
MemFree:          372596 kB
MemAvailable:    1459992 kB
Buffers:           79720 kB
Cached:          1122988 kB
MemTotal:        1844596 kB
MemFree:          372604 kB
MemAvailable:    1460000 kB
Buffers:           79720 kB
Cached:          1122988 kB
MemTotal:        1844596 kB
MemFree:          373748 kB
MemAvailable:    1461144 kB
Buffers:           79720 kB
Cached:          1122988 kB
MemTotal:        1844596 kB
MemFree:          373748 kB
MemAvailable:    1461144 kB
Buffers:           79720 kB
Cached:          1122988 kB
MemTotal:        1844596 kB
MemFree:          372596 kB
MemAvailable:    1459992 kB
Buffers:           79720 kB
Cached:          1122988 kB
MemTotal:        1844596 kB
MemFree:          372604 kB
MemAvailable:    1460000 kB
Buffers:           79720 kB
Cached:          1122988 kB
MemTotal:        1844596 kB
MemFree:          372728 kB
MemAvailable:    1460124 kB
Buffers:           79720 kB
Cached:          1122988 kB
MemTotal:        1844596 kB
MemFree:          373892 kB
MemAvailable:    1461288 kB
Buffers:           79720 kB
Cached:          1122988 kB
MemTotal:        1844596 kB
MemFree:          373760 kB
MemAvailable:    1461156 kB
Buffers:           79720 kB
Cached:          1122988 kB
MemTotal:        1844596 kB
MemFree:          374012 kB
MemAvailable:    1461408 kB
Buffers:           79720 kB
Cached:          1122988 kB
MemTotal:        1844596 kB
MemFree:          372472 kB
MemAvailable:    1459868 kB
Buffers:           79720 kB
Cached:          1122988 kB
MemTotal:        1844596 kB
MemFree:          373888 kB
MemAvailable:    1461284 kB
Buffers:           79720 kB
Cached:          1122988 kB
MemTotal:        1844596 kB
MemFree:          373904 kB
MemAvailable:    1461300 kB
Buffers:           79720 kB
Cached:          1122988 kB
MemTotal:        1844596 kB
MemFree:          373700 kB
MemAvailable:    1461096 kB
Buffers:           79720 kB
Cached:          1122988 kB
MemTotal:        1844596 kB
MemFree:          373952 kB
MemAvailable:    1461348 kB
Buffers:           79720 kB
Cached:          1122988 kB
MemTotal:        1844596 kB
MemFree:          372472 kB
MemAvailable:    1459868 kB
Buffers:           79720 kB
Cached:          1122988 kB
MemTotal:        1844596 kB
MemFree:          372880 kB
MemAvailable:    1460276 kB
Buffers:           79720 kB
Cached:          1122988 kB
MemTotal:        1844596 kB
MemFree:          372512 kB
MemAvailable:    1459908 kB
Buffers:           79720 kB
Cached:          1122988 kB
MemTotal:        1844596 kB
MemFree:          373896 kB
MemAvailable:    1461292 kB
Buffers:           79720 kB
Cached:          1122988 kB
MemTotal:        1844596 kB
MemFree:          373892 kB
MemAvailable:    1461288 kB
Buffers:           79720 kB
Cached:          1122988 kB
MemTotal:        1844596 kB
MemFree:          373928 kB
MemAvailable:    1461324 kB
Buffers:           79720 kB
Cached:          1122988 kB
MemTotal:        1844596 kB
MemFree:          373032 kB
MemAvailable:    1460428 kB
Buffers:           79720 kB
Cached:          1122988 kB
MemTotal:        1844596 kB
MemFree:          373636 kB
MemAvailable:    1461032 kB
Buffers:           79720 kB
Cached:          1122988 kB
MemTotal:        1844596 kB
MemFree:          373720 kB
MemAvailable:    1461116 kB
Buffers:           79720 kB
Cached:          1122988 kB
MemTotal:        1844596 kB
MemFree:          372528 kB
MemAvailable:    1459924 kB
Buffers:           79720 kB
Cached:          1122988 kB
MemTotal:        1844596 kB
MemFree:          374060 kB
MemAvailable:    1461456 kB
Buffers:           79720 kB
Cached:          1122988 kB
MemTotal:        1844596 kB
MemFree:          373412 kB
MemAvailable:    1460808 kB
Buffers:           79720 kB
Cached:          1122988 kB
MemTotal:        1844596 kB
MemFree:          372480 kB
MemAvailable:    1459876 kB
Buffers:           79720 kB
Cached:          1122988 kB
MemTotal:        1844596 kB
MemFree:          372604 kB
MemAvailable:    1460000 kB
Buffers:           79720 kB
Cached:          1122988 kB
MemTotal:        1844596 kB
MemFree:          372648 kB
MemAvailable:    1460044 kB
Buffers:           79720 kB
Cached:          1122988 kB
MemTotal:        1844596 kB
MemFree:          372648 kB
MemAvailable:    1460044 kB
Buffers:           79720 kB
Cached:          1122988 kB
MemTotal:        1844596 kB
MemFree:          372640 kB
MemAvailable:    1460036 kB
Buffers:           79720 kB
Cached:          1122988 kB
MemTotal:        1844596 kB
MemFree:          372640 kB
MemAvailable:    1460036 kB
Buffers:           79720 kB
Cached:          1122988 kB
MemTotal:        1844596 kB
MemFree:          372632 kB
MemAvailable:    1460028 kB
Buffers:           79720 kB
Cached:          1122988 kB
MemTotal:        1844596 kB
MemFree:          372764 kB
MemAvailable:    1460160 kB
Buffers:           79720 kB
Cached:          1122988 kB
MemTotal:        1844596 kB
MemFree:          373616 kB
MemAvailable:    1461012 kB
Buffers:           79720 kB
Cached:          1122988 kB
MemTotal:        1844596 kB
MemFree:          373280 kB
MemAvailable:    1460676 kB
Buffers:           79720 kB
Cached:          1122988 kB
MemTotal:        1844596 kB
MemFree:          373700 kB
MemAvailable:    1461096 kB
Buffers:           79720 kB
Cached:          1122988 kB
MemTotal:        1844596 kB
MemFree:          373756 kB
MemAvailable:    1461152 kB
Buffers:           79720 kB
Cached:          1122988 kB
MemTotal:        1844596 kB
MemFree:          373032 kB
MemAvailable:    1460428 kB
Buffers:           79720 kB
Cached:          1122988 kB
MemTotal:        1844596 kB
MemFree:          373480 kB
MemAvailable:    1460884 kB
Buffers:           79720 kB
Cached:          1122996 kB
MemTotal:        1844596 kB
MemFree:          373736 kB
MemAvailable:    1461140 kB
Buffers:           79720 kB
Cached:          1122996 kB
MemTotal:        1844596 kB
MemFree:          373388 kB
MemAvailable:    1460792 kB
Buffers:           79720 kB
Cached:          1122996 kB
MemTotal:        1844596 kB
MemFree:          373724 kB
MemAvailable:    1461128 kB
Buffers:           79720 kB
Cached:          1122996 kB
MemTotal:        1844596 kB
MemFree:          373700 kB
MemAvailable:    1461104 kB
Buffers:           79720 kB
Cached:          1122996 kB
MemTotal:        1844596 kB
MemFree:          373652 kB
MemAvailable:    1461056 kB
Buffers:           79720 kB
Cached:          1122996 kB
MemTotal:        1844596 kB
MemFree:          372412 kB
MemAvailable:    1459816 kB
Buffers:           79720 kB
Cached:          1122996 kB
MemTotal:        1844596 kB
MemFree:          373512 kB
MemAvailable:    1460916 kB
Buffers:           79720 kB
Cached:          1122996 kB
MemTotal:        1844596 kB
MemFree:          373512 kB
MemAvailable:    1460916 kB
Buffers:           79720 kB
Cached:          1122996 kB
MemTotal:        1844596 kB
MemFree:          372224 kB
MemAvailable:    1459628 kB
Buffers:           79720 kB
Cached:          1122996 kB
MemTotal:        1844596 kB
MemFree:          373472 kB
MemAvailable:    1460876 kB
Buffers:           79720 kB
Cached:          1122996 kB
MemTotal:        1844596 kB
MemFree:          372392 kB
MemAvailable:    1459796 kB
Buffers:           79720 kB
Cached:          1122996 kB
MemTotal:        1844596 kB
MemFree:          373568 kB
MemAvailable:    1460972 kB
Buffers:           79720 kB
Cached:          1122996 kB
MemTotal:        1844596 kB
MemFree:          372512 kB
MemAvailable:    1459916 kB
Buffers:           79720 kB
Cached:          1122996 kB
MemTotal:        1844596 kB
MemFree:          373760 kB
MemAvailable:    1461164 kB
Buffers:           79720 kB
Cached:          1122996 kB
MemTotal:        1844596 kB
MemFree:          373164 kB
MemAvailable:    1460568 kB
Buffers:           79720 kB
Cached:          1122996 kB
MemTotal:        1844596 kB
MemFree:          374140 kB
MemAvailable:    1461544 kB
Buffers:           79720 kB
Cached:          1122996 kB
MemTotal:        1844596 kB
MemFree:          372660 kB
MemAvailable:    1460064 kB
Buffers:           79720 kB
Cached:          1122996 kB
MemTotal:        1844596 kB
MemFree:          373900 kB
MemAvailable:    1461308 kB
Buffers:           79720 kB
Cached:          1123000 kB
MemTotal:        1844596 kB
MemFree:          373272 kB
MemAvailable:    1460680 kB
Buffers:           79720 kB
Cached:          1123000 kB
MemTotal:        1844596 kB
MemFree:          373452 kB
MemAvailable:    1460860 kB
Buffers:           79720 kB
Cached:          1123000 kB
MemTotal:        1844596 kB
MemFree:          373704 kB
MemAvailable:    1461112 kB
Buffers:           79720 kB
Cached:          1123000 kB
MemTotal:        1844596 kB
MemFree:          373388 kB
MemAvailable:    1460796 kB
Buffers:           79720 kB
Cached:          1123000 kB
MemTotal:        1844596 kB
MemFree:          372524 kB
MemAvailable:    1459932 kB
Buffers:           79720 kB
Cached:          1123000 kB
MemTotal:        1844596 kB
MemFree:          373388 kB
MemAvailable:    1460796 kB
Buffers:           79720 kB
Cached:          1123000 kB
MemTotal:        1844596 kB
MemFree:          373724 kB
MemAvailable:    1461132 kB
Buffers:           79720 kB
Cached:          1123000 kB
MemTotal:        1844596 kB
MemFree:          372536 kB
MemAvailable:    1459944 kB
Buffers:           79720 kB
Cached:          1123000 kB
MemTotal:        1844596 kB
MemFree:          372240 kB
MemAvailable:    1459648 kB
Buffers:           79720 kB
Cached:          1123000 kB
MemTotal:        1844596 kB
MemFree:          372412 kB
MemAvailable:    1459820 kB
Buffers:           79720 kB
Cached:          1123000 kB
MemTotal:        1844596 kB
MemFree:          373532 kB
MemAvailable:    1460940 kB
Buffers:           79720 kB
Cached:          1123000 kB
MemTotal:        1844596 kB
MemFree:          372908 kB
MemAvailable:    1460316 kB
Buffers:           79720 kB
Cached:          1123000 kB
MemTotal:        1844596 kB
MemFree:          372644 kB
MemAvailable:    1460052 kB
Buffers:           79720 kB
Cached:          1123000 kB
MemTotal:        1844596 kB
MemFree:          372980 kB
MemAvailable:    1460388 kB
Buffers:           79720 kB
Cached:          1123000 kB
MemTotal:        1844596 kB
MemFree:          372596 kB
MemAvailable:    1460004 kB
Buffers:           79720 kB
Cached:          1123000 kB
MemTotal:        1844596 kB
MemFree:          372396 kB
MemAvailable:    1459804 kB
Buffers:           79720 kB
Cached:          1123000 kB
MemTotal:        1844596 kB
MemFree:          370040 kB
MemAvailable:    1457448 kB
Buffers:           79720 kB
Cached:          1123000 kB
MemTotal:        1844596 kB
MemFree:          370040 kB
MemAvailable:    1457448 kB
Buffers:           79720 kB
Cached:          1123000 kB
MemTotal:        1844596 kB
MemFree:          370104 kB
MemAvailable:    1457512 kB
Buffers:           79720 kB
Cached:          1123000 kB
MemTotal:        1844596 kB
MemFree:          369848 kB
MemAvailable:    1457256 kB
Buffers:           79720 kB
Cached:          1123000 kB
MemTotal:        1844596 kB
MemFree:          368712 kB
MemAvailable:    1456120 kB
Buffers:           79720 kB
Cached:          1123000 kB
MemTotal:        1844596 kB
MemFree:          367568 kB
MemAvailable:    1454976 kB
Buffers:           79720 kB
Cached:          1123000 kB
MemTotal:        1844596 kB
MemFree:          368416 kB
MemAvailable:    1455824 kB
Buffers:           79720 kB
Cached:          1123000 kB
MemTotal:        1844596 kB
MemFree:          368668 kB
MemAvailable:    1456076 kB
Buffers:           79720 kB
Cached:          1123000 kB
MemTotal:        1844596 kB
MemFree:          367164 kB
MemAvailable:    1454572 kB
Buffers:           79720 kB
Cached:          1123000 kB
MemTotal:        1844596 kB
MemFree:          368156 kB
MemAvailable:    1455564 kB
Buffers:           79720 kB
Cached:          1123000 kB
MemTotal:        1844596 kB
MemFree:          367080 kB
MemAvailable:    1454488 kB
Buffers:           79720 kB
Cached:          1123000 kB
MemTotal:        1844596 kB
MemFree:          366784 kB
MemAvailable:    1454192 kB
Buffers:           79720 kB
Cached:          1123000 kB
MemTotal:        1844596 kB
MemFree:          366528 kB
MemAvailable:    1453936 kB
Buffers:           79720 kB
Cached:          1123000 kB
MemTotal:        1844596 kB
MemFree:          366564 kB
MemAvailable:    1453972 kB
Buffers:           79720 kB
Cached:          1123000 kB
MemTotal:        1844596 kB
MemFree:          367304 kB
MemAvailable:    1454712 kB
Buffers:           79720 kB
Cached:          1123000 kB
MemTotal:        1844596 kB
MemFree:          366572 kB
MemAvailable:    1453980 kB
Buffers:           79720 kB
Cached:          1123000 kB
MemTotal:        1844596 kB
MemFree:          367452 kB
MemAvailable:    1454860 kB
Buffers:           79720 kB
Cached:          1123000 kB
MemTotal:        1844596 kB
MemFree:          366328 kB
MemAvailable:    1453736 kB
Buffers:           79720 kB
Cached:          1123000 kB
MemTotal:        1844596 kB
MemFree:          368808 kB
MemAvailable:    1456216 kB
Buffers:           79720 kB
Cached:          1123000 kB
MemTotal:        1844596 kB
MemFree:          369472 kB
MemAvailable:    1456884 kB
Buffers:           79720 kB
Cached:          1123004 kB
MemTotal:        1844596 kB
MemFree:          369644 kB
MemAvailable:    1457056 kB
Buffers:           79720 kB
Cached:          1123004 kB
MemTotal:        1844596 kB
MemFree:          369388 kB
MemAvailable:    1456800 kB
Buffers:           79720 kB
Cached:          1123004 kB
MemTotal:        1844596 kB
MemFree:          369568 kB
MemAvailable:    1456980 kB
Buffers:           79720 kB
Cached:          1123004 kB
MemTotal:        1844596 kB
MemFree:          368816 kB
MemAvailable:    1456228 kB
Buffers:           79720 kB
Cached:          1123004 kB
MemTotal:        1844596 kB
MemFree:          368568 kB
MemAvailable:    1455980 kB
Buffers:           79720 kB
Cached:          1123004 kB
MemTotal:        1844596 kB
MemFree:          368684 kB
MemAvailable:    1456096 kB
Buffers:           79720 kB
Cached:          1123004 kB
MemTotal:        1844596 kB
MemFree:          369560 kB
MemAvailable:    1456972 kB
Buffers:           79720 kB
Cached:          1123004 kB
MemTotal:        1844596 kB
MemFree:          369472 kB
MemAvailable:    1456884 kB
Buffers:           79720 kB
Cached:          1123004 kB
MemTotal:        1844596 kB
MemFree:          369400 kB
MemAvailable:    1456812 kB
Buffers:           79720 kB
Cached:          1123004 kB
MemTotal:        1844596 kB
MemFree:          369644 kB
MemAvailable:    1457056 kB
Buffers:           79720 kB
Cached:          1123004 kB
MemTotal:        1844596 kB
MemFree:          369620 kB
MemAvailable:    1457032 kB
Buffers:           79720 kB
Cached:          1123004 kB
MemTotal:        1844596 kB
MemFree:          369420 kB
MemAvailable:    1456832 kB
Buffers:           79720 kB
Cached:          1123004 kB
MemTotal:        1844596 kB
MemFree:          369420 kB
MemAvailable:    1456832 kB
Buffers:           79720 kB
Cached:          1123004 kB
MemTotal:        1844596 kB
MemFree:          368264 kB
MemAvailable:    1455676 kB
Buffers:           79720 kB
Cached:          1123004 kB
MemTotal:        1844596 kB
MemFree:          369628 kB
MemAvailable:    1457040 kB
Buffers:           79720 kB
Cached:          1123004 kB
MemTotal:        1844596 kB
MemFree:          369620 kB
MemAvailable:    1457032 kB
Buffers:           79720 kB
Cached:          1123004 kB
MemTotal:        1844596 kB
MemFree:          368292 kB
MemAvailable:    1455704 kB
Buffers:           79720 kB
Cached:          1123004 kB
MemTotal:        1844596 kB
MemFree:          368128 kB
MemAvailable:    1455540 kB
Buffers:           79720 kB
Cached:          1123004 kB
MemTotal:        1844596 kB
MemFree:          369228 kB
MemAvailable:    1456640 kB
Buffers:           79720 kB
Cached:          1123004 kB
MemTotal:        1844596 kB
MemFree:          369480 kB
MemAvailable:    1456892 kB
Buffers:           79720 kB
Cached:          1123004 kB
MemTotal:        1844596 kB
MemFree:          369316 kB
MemAvailable:    1456728 kB
Buffers:           79720 kB
Cached:          1123004 kB
MemTotal:        1844596 kB
MemFree:          368052 kB
MemAvailable:    1455464 kB
Buffers:           79720 kB
Cached:          1123004 kB
MemTotal:        1844596 kB
MemFree:          369480 kB
MemAvailable:    1456892 kB
Buffers:           79720 kB
Cached:          1123004 kB
MemTotal:        1844596 kB
MemFree:          367920 kB
MemAvailable:    1455332 kB
Buffers:           79720 kB
Cached:          1123004 kB
MemTotal:        1844596 kB
MemFree:          368640 kB
MemAvailable:    1456052 kB
Buffers:           79720 kB
Cached:          1123004 kB
MemTotal:        1844596 kB
MemFree:          368568 kB
MemAvailable:    1455980 kB
Buffers:           79720 kB
Cached:          1123004 kB
MemTotal:        1844596 kB
MemFree:          368512 kB
MemAvailable:    1455924 kB
Buffers:           79720 kB
Cached:          1123004 kB
MemTotal:        1844596 kB
MemFree:          368440 kB
MemAvailable:    1455852 kB
Buffers:           79720 kB
Cached:          1123004 kB
MemTotal:        1844596 kB
MemFree:          367504 kB
MemAvailable:    1454916 kB
Buffers:           79720 kB
Cached:          1123004 kB
MemTotal:        1844596 kB
MemFree:          367256 kB
MemAvailable:    1454668 kB
Buffers:           79720 kB
Cached:          1123004 kB
MemTotal:        1844596 kB
MemFree:          367256 kB
MemAvailable:    1454668 kB
Buffers:           79720 kB
Cached:          1123004 kB
MemTotal:        1844596 kB
MemFree:          366708 kB
MemAvailable:    1454120 kB
Buffers:           79720 kB
Cached:          1123004 kB
MemTotal:        1844596 kB
MemFree:          366536 kB
MemAvailable:    1453948 kB
Buffers:           79720 kB
Cached:          1123004 kB
MemTotal:        1844596 kB
MemFree:          367740 kB
MemAvailable:    1455152 kB
Buffers:           79720 kB
Cached:          1123004 kB
MemTotal:        1844596 kB
MemFree:          366400 kB
MemAvailable:    1453812 kB
Buffers:           79720 kB
Cached:          1123004 kB
MemTotal:        1844596 kB
MemFree:          367436 kB
MemAvailable:    1454848 kB
Buffers:           79720 kB
Cached:          1123004 kB
MemTotal:        1844596 kB
MemFree:          366460 kB
MemAvailable:    1453872 kB
Buffers:           79720 kB
Cached:          1123004 kB
MemTotal:        1844596 kB
MemFree:          367328 kB
MemAvailable:    1454744 kB
Buffers:           79720 kB
Cached:          1123008 kB
MemTotal:        1844596 kB
MemFree:          367476 kB
MemAvailable:    1454892 kB
Buffers:           79720 kB
Cached:          1123008 kB
MemTotal:        1844596 kB
MemFree:          366788 kB
MemAvailable:    1454204 kB
Buffers:           79720 kB
Cached:          1123008 kB
MemTotal:        1844596 kB
MemFree:          366336 kB
MemAvailable:    1453752 kB
Buffers:           79720 kB
Cached:          1123008 kB
MemTotal:        1844596 kB
MemFree:          366584 kB
MemAvailable:    1454000 kB
Buffers:           79720 kB
Cached:          1123008 kB
MemTotal:        1844596 kB
MemFree:          367336 kB
MemAvailable:    1454752 kB
Buffers:           79720 kB
Cached:          1123008 kB
MemTotal:        1844596 kB
MemFree:          366072 kB
MemAvailable:    1453488 kB
Buffers:           79720 kB
Cached:          1123008 kB
MemTotal:        1844596 kB
MemFree:          367296 kB
MemAvailable:    1454712 kB
Buffers:           79720 kB
Cached:          1123008 kB
MemTotal:        1844596 kB
MemFree:          367072 kB
MemAvailable:    1454488 kB
Buffers:           79720 kB
Cached:          1123008 kB
MemTotal:        1844596 kB
MemFree:          367088 kB
MemAvailable:    1454504 kB
Buffers:           79720 kB
Cached:          1123008 kB
MemTotal:        1844596 kB
MemFree:          366040 kB
MemAvailable:    1453456 kB
Buffers:           79720 kB
Cached:          1123008 kB
MemTotal:        1844596 kB
MemFree:          366040 kB
MemAvailable:    1453456 kB
Buffers:           79720 kB
Cached:          1123008 kB
MemTotal:        1844596 kB
MemFree:          367184 kB
MemAvailable:    1454600 kB
Buffers:           79720 kB
Cached:          1123008 kB
MemTotal:        1844596 kB
MemFree:          367436 kB
MemAvailable:    1454852 kB
Buffers:           79720 kB
Cached:          1123008 kB
MemTotal:        1844596 kB
MemFree:          367384 kB
MemAvailable:    1454800 kB
Buffers:           79720 kB
Cached:          1123008 kB
MemTotal:        1844596 kB
MemFree:          367072 kB
MemAvailable:    1454488 kB
Buffers:           79720 kB
Cached:          1123008 kB
MemTotal:        1844596 kB
MemFree:          367212 kB
MemAvailable:    1454628 kB
Buffers:           79720 kB
Cached:          1123008 kB
MemTotal:        1844596 kB
MemFree:          367216 kB
MemAvailable:    1454632 kB
Buffers:           79720 kB
Cached:          1123008 kB
MemTotal:        1844596 kB
MemFree:          367016 kB
MemAvailable:    1454432 kB
Buffers:           79720 kB
Cached:          1123008 kB
MemTotal:        1844596 kB
MemFree:          367352 kB
MemAvailable:    1454768 kB
Buffers:           79720 kB
Cached:          1123008 kB
MemTotal:        1844596 kB
MemFree:          366160 kB
MemAvailable:    1453576 kB
Buffers:           79720 kB
Cached:          1123008 kB
MemTotal:        1844596 kB
MemFree:          366276 kB
MemAvailable:    1453692 kB
Buffers:           79720 kB
Cached:          1123008 kB
MemTotal:        1844596 kB
MemFree:          367336 kB
MemAvailable:    1454752 kB
Buffers:           79720 kB
Cached:          1123008 kB
MemTotal:        1844596 kB
MemFree:          367500 kB
MemAvailable:    1454916 kB
Buffers:           79720 kB
Cached:          1123008 kB
MemTotal:        1844596 kB
MemFree:          365940 kB
MemAvailable:    1453356 kB
Buffers:           79720 kB
Cached:          1123008 kB
MemTotal:        1844596 kB
MemFree:          367240 kB
MemAvailable:    1454656 kB
Buffers:           79720 kB
Cached:          1123008 kB
MemTotal:        1844596 kB
MemFree:          367228 kB
MemAvailable:    1454644 kB
Buffers:           79720 kB
Cached:          1123008 kB
MemTotal:        1844596 kB
MemFree:          367212 kB
MemAvailable:    1454628 kB
Buffers:           79720 kB
Cached:          1123008 kB
MemTotal:        1844596 kB
MemFree:          365724 kB
MemAvailable:    1453140 kB
Buffers:           79720 kB
Cached:          1123008 kB
MemTotal:        1844596 kB
MemFree:          367108 kB
MemAvailable:    1454524 kB
Buffers:           79720 kB
Cached:          1123008 kB
MemTotal:        1844596 kB
MemFree:          367024 kB
MemAvailable:    1454440 kB
Buffers:           79720 kB
Cached:          1123008 kB
MemTotal:        1844596 kB
MemFree:          366468 kB
MemAvailable:    1453884 kB
Buffers:           79720 kB
Cached:          1123008 kB
MemTotal:        1844596 kB
MemFree:          366088 kB
MemAvailable:    1453508 kB
Buffers:           79720 kB
Cached:          1123012 kB
MemTotal:        1844596 kB
MemFree:          366088 kB
MemAvailable:    1453508 kB
Buffers:           79720 kB
Cached:          1123012 kB
MemTotal:        1844596 kB
MemFree:          366088 kB
MemAvailable:    1453508 kB
Buffers:           79720 kB
Cached:          1123012 kB
MemTotal:        1844596 kB
MemFree:          366088 kB
MemAvailable:    1453508 kB
Buffers:           79720 kB
Cached:          1123012 kB
MemTotal:        1844596 kB
MemFree:          366940 kB
MemAvailable:    1454360 kB
Buffers:           79720 kB
Cached:          1123012 kB
MemTotal:        1844596 kB
MemFree:          365696 kB
MemAvailable:    1453116 kB
Buffers:           79720 kB
Cached:          1123012 kB
MemTotal:        1844596 kB
MemFree:          365816 kB
MemAvailable:    1453236 kB
Buffers:           79720 kB
Cached:          1123012 kB
MemTotal:        1844596 kB
MemFree:          367076 kB
MemAvailable:    1454496 kB
Buffers:           79720 kB
Cached:          1123012 kB
MemTotal:        1844596 kB
MemFree:          366476 kB
MemAvailable:    1453896 kB
Buffers:           79720 kB
Cached:          1123012 kB
MemTotal:        1844596 kB
MemFree:          366784 kB
MemAvailable:    1454204 kB
Buffers:           79720 kB
Cached:          1123012 kB
MemTotal:        1844596 kB
MemFree:          366180 kB
MemAvailable:    1453600 kB
Buffers:           79720 kB
Cached:          1123012 kB
MemTotal:        1844596 kB
MemFree:          366824 kB
MemAvailable:    1454244 kB
Buffers:           79720 kB
Cached:          1123012 kB
MemTotal:        1844596 kB
MemFree:          367076 kB
MemAvailable:    1454496 kB
Buffers:           79720 kB
Cached:          1123012 kB
MemTotal:        1844596 kB
MemFree:          365536 kB
MemAvailable:    1452956 kB
Buffers:           79720 kB
Cached:          1123012 kB
MemTotal:        1844596 kB
MemFree:          365704 kB
MemAvailable:    1453124 kB
Buffers:           79720 kB
Cached:          1123012 kB
MemTotal:        1844596 kB
MemFree:          366212 kB
MemAvailable:    1453632 kB
Buffers:           79720 kB
Cached:          1123012 kB
MemTotal:        1844596 kB
MemFree:          366792 kB
MemAvailable:    1454216 kB
Buffers:           79720 kB
Cached:          1123016 kB
MemTotal:        1844596 kB
MemFree:          367048 kB
MemAvailable:    1454472 kB
Buffers:           79720 kB
Cached:          1123016 kB
MemTotal:        1844596 kB
MemFree:          366784 kB
MemAvailable:    1454208 kB
Buffers:           79720 kB
Cached:          1123016 kB
MemTotal:        1844596 kB
MemFree:          367040 kB
MemAvailable:    1454464 kB
Buffers:           79720 kB
Cached:          1123016 kB
MemTotal:        1844596 kB
MemFree:          367012 kB
MemAvailable:    1454436 kB
Buffers:           79720 kB
Cached:          1123016 kB
MemTotal:        1844596 kB
MemFree:          365724 kB
MemAvailable:    1453148 kB
Buffers:           79720 kB
Cached:          1123016 kB
MemTotal:        1844596 kB
MemFree:          366840 kB
MemAvailable:    1454264 kB
Buffers:           79720 kB
Cached:          1123016 kB
MemTotal:        1844596 kB
MemFree:          366780 kB
MemAvailable:    1454204 kB
Buffers:           79720 kB
Cached:          1123016 kB
MemTotal:        1844596 kB
MemFree:          366780 kB
MemAvailable:    1454204 kB
Buffers:           79720 kB
Cached:          1123016 kB
MemTotal:        1844596 kB
MemFree:          365704 kB
MemAvailable:    1453128 kB
Buffers:           79720 kB
Cached:          1123016 kB
MemTotal:        1844596 kB
MemFree:          366812 kB
MemAvailable:    1454236 kB
Buffers:           79720 kB
Cached:          1123016 kB
MemTotal:        1844596 kB
MemFree:          367064 kB
MemAvailable:    1454488 kB
Buffers:           79720 kB
Cached:          1123016 kB
MemTotal:        1844596 kB
MemFree:          366952 kB
MemAvailable:    1454376 kB
Buffers:           79720 kB
Cached:          1123016 kB
MemTotal:        1844596 kB
MemFree:          366832 kB
MemAvailable:    1454256 kB
Buffers:           79720 kB
Cached:          1123016 kB
MemTotal:        1844596 kB
MemFree:          367172 kB
MemAvailable:    1454596 kB
Buffers:           79720 kB
Cached:          1123016 kB
MemTotal:        1844596 kB
MemFree:          366976 kB
MemAvailable:    1454400 kB
Buffers:           79720 kB
Cached:          1123016 kB
MemTotal:        1844596 kB
MemFree:          367036 kB
MemAvailable:    1454460 kB
Buffers:           79720 kB
Cached:          1123016 kB
MemTotal:        1844596 kB
MemFree:          367028 kB
MemAvailable:    1454452 kB
Buffers:           79720 kB
Cached:          1123016 kB
MemTotal:        1844596 kB
MemFree:          365708 kB
MemAvailable:    1453132 kB
Buffers:           79720 kB
Cached:          1123016 kB
MemTotal:        1844596 kB
MemFree:          366032 kB
MemAvailable:    1453456 kB
Buffers:           79720 kB
Cached:          1123016 kB
MemTotal:        1844596 kB
MemFree:          366960 kB
MemAvailable:    1454384 kB
Buffers:           79720 kB
Cached:          1123016 kB
MemTotal:        1844596 kB
MemFree:          365840 kB
MemAvailable:    1453264 kB
Buffers:           79720 kB
Cached:          1123016 kB
MemTotal:        1844596 kB
MemFree:          365592 kB
MemAvailable:    1453016 kB
Buffers:           79720 kB
Cached:          1123016 kB
MemTotal:        1844596 kB
MemFree:          365716 kB
MemAvailable:    1453140 kB
Buffers:           79720 kB
Cached:          1123016 kB
MemTotal:        1844596 kB
MemFree:          365832 kB
MemAvailable:    1453256 kB
Buffers:           79720 kB
Cached:          1123016 kB
MemTotal:        1844596 kB
MemFree:          365840 kB
MemAvailable:    1453268 kB
Buffers:           79720 kB
Cached:          1123020 kB
MemTotal:        1844596 kB
MemFree:          366900 kB
MemAvailable:    1454328 kB
Buffers:           79720 kB
Cached:          1123020 kB
MemTotal:        1844596 kB
MemFree:          365840 kB
MemAvailable:    1453268 kB
Buffers:           79720 kB
Cached:          1123020 kB
MemTotal:        1844596 kB
MemFree:          365600 kB
MemAvailable:    1453028 kB
Buffers:           79720 kB
Cached:          1123020 kB
MemTotal:        1844596 kB
MemFree:          366720 kB
MemAvailable:    1454148 kB
Buffers:           79720 kB
Cached:          1123020 kB
MemTotal:        1844596 kB
MemFree:          365456 kB
MemAvailable:    1452884 kB
Buffers:           79720 kB
Cached:          1123020 kB
MemTotal:        1844596 kB
MemFree:          366824 kB
MemAvailable:    1454252 kB
Buffers:           79720 kB
Cached:          1123020 kB
MemTotal:        1844596 kB
MemFree:          366808 kB
MemAvailable:    1454236 kB
Buffers:           79720 kB
Cached:          1123020 kB
MemTotal:        1844596 kB
MemFree:          365412 kB
MemAvailable:    1452840 kB
Buffers:           79720 kB
Cached:          1123020 kB
MemTotal:        1844596 kB
MemFree:          366060 kB
MemAvailable:    1453488 kB
Buffers:           79720 kB
Cached:          1123020 kB
MemTotal:        1844596 kB
MemFree:          365152 kB
MemAvailable:    1452580 kB
Buffers:           79720 kB
Cached:          1123020 kB
MemTotal:        1844596 kB
MemFree:          366596 kB
MemAvailable:    1454024 kB
Buffers:           79720 kB
Cached:          1123020 kB
MemTotal:        1844596 kB
MemFree:          366788 kB
MemAvailable:    1454216 kB
Buffers:           79720 kB
Cached:          1123020 kB
MemTotal:        1844596 kB
MemFree:          365600 kB
MemAvailable:    1453028 kB
Buffers:           79720 kB
Cached:          1123020 kB
MemTotal:        1844596 kB
MemFree:          366652 kB
MemAvailable:    1454080 kB
Buffers:           79720 kB
Cached:          1123020 kB
MemTotal:        1844596 kB
MemFree:          365972 kB
MemAvailable:    1453400 kB
Buffers:           79720 kB
Cached:          1123020 kB
MemTotal:        1844596 kB
MemFree:          365716 kB
MemAvailable:    1453144 kB
Buffers:           79720 kB
Cached:          1123020 kB
MemTotal:        1844596 kB
MemFree:          366892 kB
MemAvailable:    1454320 kB
Buffers:           79720 kB
Cached:          1123020 kB
MemTotal:        1844596 kB
MemFree:          365716 kB
MemAvailable:    1453144 kB
Buffers:           79720 kB
Cached:          1123020 kB
MemTotal:        1844596 kB
MemFree:          365708 kB
MemAvailable:    1453136 kB
Buffers:           79720 kB
Cached:          1123020 kB
MemTotal:        1844596 kB
MemFree:          366940 kB
MemAvailable:    1454368 kB
Buffers:           79720 kB
Cached:          1123020 kB
MemTotal:        1844596 kB
MemFree:          366644 kB
MemAvailable:    1454072 kB
Buffers:           79720 kB
Cached:          1123020 kB
MemTotal:        1844596 kB
MemFree:          366592 kB
MemAvailable:    1454020 kB
Buffers:           79720 kB
Cached:          1123020 kB
MemTotal:        1844596 kB
MemFree:          366536 kB
MemAvailable:    1453964 kB
Buffers:           79720 kB
Cached:          1123020 kB
MemTotal:        1844596 kB
MemFree:          366696 kB
MemAvailable:    1454124 kB
Buffers:           79720 kB
Cached:          1123020 kB
MemTotal:        1844596 kB
MemFree:          366724 kB
MemAvailable:    1454152 kB
Buffers:           79720 kB
Cached:          1123020 kB
MemTotal:        1844596 kB
MemFree:          366544 kB
MemAvailable:    1453972 kB
Buffers:           79720 kB
Cached:          1123020 kB
MemTotal:        1844596 kB
MemFree:          366788 kB
MemAvailable:    1454216 kB
Buffers:           79720 kB
Cached:          1123020 kB
MemTotal:        1844596 kB
MemFree:          365964 kB
MemAvailable:    1453392 kB
Buffers:           79720 kB
Cached:          1123020 kB
MemTotal:        1844596 kB
MemFree:          366736 kB
MemAvailable:    1454164 kB
Buffers:           79720 kB
Cached:          1123020 kB
MemTotal:        1844596 kB
MemFree:          365468 kB
MemAvailable:    1452896 kB
Buffers:           79720 kB
Cached:          1123020 kB
MemTotal:        1844596 kB
MemFree:          366000 kB
MemAvailable:    1453428 kB
Buffers:           79720 kB
Cached:          1123020 kB
MemTotal:        1844596 kB
MemFree:          365180 kB
MemAvailable:    1452608 kB
Buffers:           79720 kB
Cached:          1123020 kB
MemTotal:        1844596 kB
MemFree:          366636 kB
MemAvailable:    1454064 kB
Buffers:           79720 kB
Cached:          1123020 kB
MemTotal:        1844596 kB
MemFree:          365476 kB
MemAvailable:    1452904 kB
Buffers:           79720 kB
Cached:          1123020 kB
MemTotal:        1844596 kB
MemFree:          366512 kB
MemAvailable:    1453940 kB
Buffers:           79720 kB
Cached:          1123020 kB
MemTotal:        1844596 kB
MemFree:          365344 kB
MemAvailable:    1452772 kB
Buffers:           79720 kB
Cached:          1123020 kB
MemTotal:        1844596 kB
MemFree:          366620 kB
MemAvailable:    1454048 kB
Buffers:           79720 kB
Cached:          1123020 kB
MemTotal:        1844596 kB
MemFree:          366792 kB
MemAvailable:    1454220 kB
Buffers:           79720 kB
Cached:          1123020 kB
MemTotal:        1844596 kB
MemFree:          365288 kB
MemAvailable:    1452716 kB
Buffers:           79720 kB
Cached:          1123020 kB
MemTotal:        1844596 kB
MemFree:          366564 kB
MemAvailable:    1453992 kB
Buffers:           79720 kB
Cached:          1123020 kB
MemTotal:        1844596 kB
MemFree:          366592 kB
MemAvailable:    1454020 kB
Buffers:           79720 kB
Cached:          1123020 kB
MemTotal:        1844596 kB
MemFree:          366764 kB
MemAvailable:    1454192 kB
Buffers:           79720 kB
Cached:          1123020 kB
MemTotal:        1844596 kB
MemFree:          366716 kB
MemAvailable:    1454144 kB
Buffers:           79720 kB
Cached:          1123020 kB
MemTotal:        1844596 kB
MemFree:          365476 kB
MemAvailable:    1452904 kB
Buffers:           79720 kB
Cached:          1123020 kB
MemTotal:        1844596 kB
MemFree:          366620 kB
MemAvailable:    1454048 kB
Buffers:           79720 kB
Cached:          1123020 kB
MemTotal:        1844596 kB
MemFree:          366620 kB
MemAvailable:    1454048 kB
Buffers:           79720 kB
Cached:          1123020 kB
MemTotal:        1844596 kB
MemFree:          365288 kB
MemAvailable:    1452716 kB
Buffers:           79720 kB
Cached:          1123020 kB
MemTotal:        1844596 kB
MemFree:          366536 kB
MemAvailable:    1453964 kB
Buffers:           79720 kB
Cached:          1123020 kB
MemTotal:        1844596 kB
MemFree:          366716 kB
MemAvailable:    1454144 kB
Buffers:           79720 kB
Cached:          1123020 kB
MemTotal:        1844596 kB
MemFree:          366636 kB
MemAvailable:    1454064 kB
Buffers:           79720 kB
Cached:          1123020 kB
MemTotal:        1844596 kB
MemFree:          366888 kB
MemAvailable:    1454316 kB
Buffers:           79720 kB
Cached:          1123020 kB
MemTotal:        1844596 kB
MemFree:          366720 kB
MemAvailable:    1454148 kB
Buffers:           79720 kB
Cached:          1123020 kB
MemTotal:        1844596 kB
MemFree:          366968 kB
MemAvailable:    1454396 kB
Buffers:           79720 kB
Cached:          1123020 kB
MemTotal:        1844596 kB
MemFree:          366168 kB
MemAvailable:    1453596 kB
Buffers:           79720 kB
Cached:          1123020 kB
MemTotal:        1844596 kB
MemFree:          366544 kB
MemAvailable:    1453976 kB
Buffers:           79720 kB
Cached:          1123024 kB
MemTotal:        1844596 kB
MemFree:          366800 kB
MemAvailable:    1454232 kB
Buffers:           79720 kB
Cached:          1123024 kB
MemTotal:        1844596 kB
MemFree:          365420 kB
MemAvailable:    1452852 kB
Buffers:           79720 kB
Cached:          1123024 kB
MemTotal:        1844596 kB
MemFree:          366576 kB
MemAvailable:    1454008 kB
Buffers:           79720 kB
Cached:          1123024 kB
MemTotal:        1844596 kB
MemFree:          366592 kB
MemAvailable:    1454024 kB
Buffers:           79720 kB
Cached:          1123024 kB
MemTotal:        1844596 kB
MemFree:          366704 kB
MemAvailable:    1454136 kB
Buffers:           79720 kB
Cached:          1123024 kB
MemTotal:        1844596 kB
MemFree:          366716 kB
MemAvailable:    1454148 kB
Buffers:           79720 kB
Cached:          1123024 kB
MemTotal:        1844596 kB
MemFree:          366096 kB
MemAvailable:    1453528 kB
Buffers:           79720 kB
Cached:          1123024 kB
MemTotal:        1844596 kB
MemFree:          366440 kB
MemAvailable:    1453872 kB
Buffers:           79720 kB
Cached:          1123024 kB
MemTotal:        1844596 kB
MemFree:          365424 kB
MemAvailable:    1452856 kB
Buffers:           79720 kB
Cached:          1123024 kB
MemTotal:        1844596 kB
MemFree:          366628 kB
MemAvailable:    1454060 kB
Buffers:           79720 kB
Cached:          1123024 kB
MemTotal:        1844596 kB
MemFree:          366848 kB
MemAvailable:    1454280 kB
Buffers:           79720 kB
Cached:          1123024 kB
MemTotal:        1844596 kB
MemFree:          366460 kB
MemAvailable:    1453892 kB
Buffers:           79720 kB
Cached:          1123024 kB
MemTotal:        1844596 kB
MemFree:          365428 kB
MemAvailable:    1452860 kB
Buffers:           79720 kB
Cached:          1123024 kB
MemTotal:        1844596 kB
