MemTotal:        1844596 kB
MemFree:          558860 kB
MemAvailable:    1571192 kB
Buffers:           78668 kB
Cached:          1050216 kB
MemTotal:        1844596 kB
MemFree:          558620 kB
MemAvailable:    1570952 kB
Buffers:           78668 kB
Cached:          1050216 kB
MemTotal:        1844596 kB
MemFree:          556560 kB
MemAvailable:    1568892 kB
Buffers:           78668 kB
Cached:          1050216 kB
MemTotal:        1844596 kB
MemFree:          556196 kB
MemAvailable:    1568528 kB
Buffers:           78668 kB
Cached:          1050216 kB
MemTotal:        1844596 kB
MemFree:          555080 kB
MemAvailable:    1567412 kB
Buffers:           78668 kB
Cached:          1050216 kB
MemTotal:        1844596 kB
MemFree:          553584 kB
MemAvailable:    1565916 kB
Buffers:           78668 kB
Cached:          1050216 kB
MemTotal:        1844596 kB
MemFree:          553628 kB
MemAvailable:    1565960 kB
Buffers:           78668 kB
Cached:          1050216 kB
MemTotal:        1844596 kB
MemFree:          549880 kB
MemAvailable:    1562212 kB
Buffers:           78668 kB
Cached:          1050216 kB
MemTotal:        1844596 kB
MemFree:          547648 kB
MemAvailable:    1559980 kB
Buffers:           78668 kB
Cached:          1050216 kB
MemTotal:        1844596 kB
MemFree:          544352 kB
MemAvailable:    1556684 kB
Buffers:           78668 kB
Cached:          1050216 kB
MemTotal:        1844596 kB
MemFree:          546468 kB
MemAvailable:    1558800 kB
Buffers:           78668 kB
Cached:          1050216 kB
MemTotal:        1844596 kB
MemFree:          546268 kB
MemAvailable:    1558600 kB
Buffers:           78668 kB
Cached:          1050216 kB
MemTotal:        1844596 kB
MemFree:          546604 kB
MemAvailable:    1558936 kB
Buffers:           78668 kB
Cached:          1050216 kB
MemTotal:        1844596 kB
MemFree:          545244 kB
MemAvailable:    1557576 kB
Buffers:           78668 kB
Cached:          1050216 kB
MemTotal:        1844596 kB
MemFree:          546220 kB
MemAvailable:    1558552 kB
Buffers:           78668 kB
Cached:          1050216 kB
MemTotal:        1844596 kB
MemFree:          546220 kB
MemAvailable:    1558552 kB
Buffers:           78668 kB
Cached:          1050216 kB
MemTotal:        1844596 kB
MemFree:          546284 kB
MemAvailable:    1558624 kB
Buffers:           78668 kB
Cached:          1050220 kB
MemTotal:        1844596 kB
MemFree:          546220 kB
MemAvailable:    1558560 kB
Buffers:           78668 kB
Cached:          1050220 kB
MemTotal:        1844596 kB
MemFree:          544284 kB
MemAvailable:    1556624 kB
Buffers:           78668 kB
Cached:          1050220 kB
MemTotal:        1844596 kB
MemFree:          544412 kB
MemAvailable:    1556752 kB
Buffers:           78668 kB
Cached:          1050220 kB
MemTotal:        1844596 kB
MemFree:          545252 kB
MemAvailable:    1557592 kB
Buffers:           78668 kB
Cached:          1050220 kB
MemTotal:        1844596 kB
MemFree:          544036 kB
MemAvailable:    1556376 kB
Buffers:           78668 kB
Cached:          1050220 kB
MemTotal:        1844596 kB
MemFree:          544036 kB
MemAvailable:    1556376 kB
Buffers:           78668 kB
Cached:          1050220 kB
MemTotal:        1844596 kB
MemFree:          544292 kB
MemAvailable:    1556632 kB
Buffers:           78668 kB
Cached:          1050220 kB
MemTotal:        1844596 kB
MemFree:          542756 kB
MemAvailable:    1555096 kB
Buffers:           78668 kB
Cached:          1050220 kB
MemTotal:        1844596 kB
MemFree:          543424 kB
MemAvailable:    1555764 kB
Buffers:           78668 kB
Cached:          1050220 kB
MemTotal:        1844596 kB
MemFree:          544484 kB
MemAvailable:    1556824 kB
Buffers:           78668 kB
Cached:          1050220 kB
MemTotal:        1844596 kB
MemFree:          543184 kB
MemAvailable:    1555524 kB
Buffers:           78668 kB
Cached:          1050220 kB
MemTotal:        1844596 kB
MemFree:          544284 kB
MemAvailable:    1556624 kB
Buffers:           78668 kB
Cached:          1050220 kB
MemTotal:        1844596 kB
MemFree:          542920 kB
MemAvailable:    1555260 kB
Buffers:           78668 kB
Cached:          1050220 kB
MemTotal:        1844596 kB
MemFree:          543052 kB
MemAvailable:    1555392 kB
Buffers:           78668 kB
Cached:          1050220 kB
MemTotal:        1844596 kB
MemFree:          543176 kB
MemAvailable:    1555516 kB
Buffers:           78668 kB
Cached:          1050220 kB
MemTotal:        1844596 kB
MemFree:          542796 kB
MemAvailable:    1555140 kB
Buffers:           78668 kB
Cached:          1050224 kB
MemTotal:        1844596 kB
MemFree:          543184 kB
MemAvailable:    1555528 kB
Buffers:           78668 kB
Cached:          1050224 kB
MemTotal:        1844596 kB
MemFree:          543804 kB
MemAvailable:    1556148 kB
Buffers:           78668 kB
Cached:          1050224 kB
MemTotal:        1844596 kB
MemFree:          541696 kB
MemAvailable:    1554040 kB
Buffers:           78668 kB
Cached:          1050224 kB
MemTotal:        1844596 kB
MemFree:          539332 kB
MemAvailable:    1551676 kB
Buffers:           78668 kB
Cached:          1050224 kB
MemTotal:        1844596 kB
MemFree:          539332 kB
MemAvailable:    1551676 kB
Buffers:           78668 kB
Cached:          1050224 kB
MemTotal:        1844596 kB
MemFree:          539196 kB
MemAvailable:    1551540 kB
Buffers:           78668 kB
Cached:          1050224 kB
MemTotal:        1844596 kB
MemFree:          538464 kB
MemAvailable:    1550808 kB
Buffers:           78668 kB
Cached:          1050224 kB
MemTotal:        1844596 kB
MemFree:          538588 kB
MemAvailable:    1550932 kB
Buffers:           78668 kB
Cached:          1050224 kB
MemTotal:        1844596 kB
MemFree:          539208 kB
MemAvailable:    1551552 kB
Buffers:           78668 kB
Cached:          1050224 kB
MemTotal:        1844596 kB
MemFree:          539292 kB
MemAvailable:    1551636 kB
Buffers:           78668 kB
Cached:          1050224 kB
MemTotal:        1844596 kB
MemFree:          538912 kB
MemAvailable:    1551256 kB
Buffers:           78668 kB
Cached:          1050224 kB
MemTotal:        1844596 kB
MemFree:          539080 kB
MemAvailable:    1551424 kB
Buffers:           78668 kB
Cached:          1050224 kB
MemTotal:        1844596 kB
MemFree:          537480 kB
MemAvailable:    1549824 kB
Buffers:           78668 kB
Cached:          1050224 kB
MemTotal:        1844596 kB
MemFree:          537472 kB
MemAvailable:    1549816 kB
Buffers:           78668 kB
Cached:          1050224 kB
MemTotal:        1844596 kB
MemFree:          538408 kB
MemAvailable:    1550752 kB
Buffers:           78668 kB
Cached:          1050224 kB
MemTotal:        1844596 kB
MemFree:          536968 kB
MemAvailable:    1549312 kB
Buffers:           78668 kB
Cached:          1050224 kB
MemTotal:        1844596 kB
MemFree:          537100 kB
MemAvailable:    1549444 kB
Buffers:           78668 kB
Cached:          1050224 kB
MemTotal:        1844596 kB
MemFree:          537796 kB
MemAvailable:    1550140 kB
Buffers:           78668 kB
Cached:          1050224 kB
MemTotal:        1844596 kB
MemFree:          536780 kB
MemAvailable:    1549124 kB
Buffers:           78668 kB
Cached:          1050224 kB
MemTotal:        1844596 kB
MemFree:          537844 kB
MemAvailable:    1550188 kB
Buffers:           78668 kB
Cached:          1050224 kB
MemTotal:        1844596 kB
MemFree:          538180 kB
MemAvailable:    1550524 kB
Buffers:           78668 kB
Cached:          1050224 kB
MemTotal:        1844596 kB
MemFree:          537904 kB
MemAvailable:    1550248 kB
Buffers:           78668 kB
Cached:          1050224 kB
MemTotal:        1844596 kB
MemFree:          537648 kB
MemAvailable:    1549992 kB
Buffers:           78668 kB
Cached:          1050224 kB
MemTotal:        1844596 kB
MemFree:          537400 kB
MemAvailable:    1549744 kB
Buffers:           78668 kB
Cached:          1050224 kB
MemTotal:        1844596 kB
MemFree:          537400 kB
MemAvailable:    1549744 kB
Buffers:           78668 kB
Cached:          1050224 kB
MemTotal:        1844596 kB
MemFree:          537424 kB
MemAvailable:    1549768 kB
Buffers:           78668 kB
Cached:          1050224 kB
MemTotal:        1844596 kB
MemFree:          537492 kB
MemAvailable:    1549836 kB
Buffers:           78668 kB
Cached:          1050224 kB
MemTotal:        1844596 kB
MemFree:          536052 kB
MemAvailable:    1548396 kB
Buffers:           78668 kB
Cached:          1050224 kB
MemTotal:        1844596 kB
MemFree:          536352 kB
MemAvailable:    1548696 kB
Buffers:           78668 kB
Cached:          1050224 kB
MemTotal:        1844596 kB
MemFree:          536604 kB
MemAvailable:    1548948 kB
Buffers:           78668 kB
Cached:          1050224 kB
MemTotal:        1844596 kB
MemFree:          537656 kB
MemAvailable:    1550004 kB
Buffers:           78668 kB
Cached:          1050228 kB
MemTotal:        1844596 kB
MemFree:          536612 kB
MemAvailable:    1548960 kB
Buffers:           78668 kB
Cached:          1050228 kB
MemTotal:        1844596 kB
MemFree:          537336 kB
MemAvailable:    1549684 kB
Buffers:           78668 kB
Cached:          1050228 kB
MemTotal:        1844596 kB
MemFree:          537592 kB
MemAvailable:    1549940 kB
Buffers:           78668 kB
Cached:          1050228 kB
MemTotal:        1844596 kB
MemFree:          535124 kB
MemAvailable:    1547472 kB
Buffers:           78668 kB
Cached:          1050228 kB
MemTotal:        1844596 kB
MemFree:          531388 kB
MemAvailable:    1543736 kB
Buffers:           78668 kB
Cached:          1050228 kB
MemTotal:        1844596 kB
MemFree:          531472 kB
MemAvailable:    1543820 kB
Buffers:           78668 kB
Cached:          1050228 kB
MemTotal:        1844596 kB
MemFree:          529976 kB
MemAvailable:    1542324 kB
Buffers:           78668 kB
Cached:          1050228 kB
MemTotal:        1844596 kB
MemFree:          530908 kB
MemAvailable:    1543256 kB
Buffers:           78668 kB
Cached:          1050228 kB
MemTotal:        1844596 kB
MemFree:          530844 kB
MemAvailable:    1543192 kB
Buffers:           78668 kB
Cached:          1050228 kB
MemTotal:        1844596 kB
MemFree:          529544 kB
MemAvailable:    1541892 kB
Buffers:           78668 kB
Cached:          1050228 kB
MemTotal:        1844596 kB
MemFree:          529660 kB
MemAvailable:    1542008 kB
Buffers:           78668 kB
Cached:          1050228 kB
MemTotal:        1844596 kB
MemFree:          530148 kB
MemAvailable:    1542496 kB
Buffers:           78668 kB
Cached:          1050228 kB
MemTotal:        1844596 kB
MemFree:          530484 kB
MemAvailable:    1542832 kB
Buffers:           78668 kB
Cached:          1050228 kB
MemTotal:        1844596 kB
MemFree:          528908 kB
MemAvailable:    1541256 kB
Buffers:           78668 kB
Cached:          1050228 kB
MemTotal:        1844596 kB
MemFree:          529032 kB
MemAvailable:    1541380 kB
Buffers:           78668 kB
Cached:          1050228 kB
MemTotal:        1844596 kB
MemFree:          528428 kB
MemAvailable:    1540776 kB
Buffers:           78668 kB
Cached:          1050228 kB
MemTotal:        1844596 kB
MemFree:          528296 kB
MemAvailable:    1540644 kB
Buffers:           78668 kB
Cached:          1050228 kB
MemTotal:        1844596 kB
MemFree:          529048 kB
MemAvailable:    1541396 kB
Buffers:           78668 kB
Cached:          1050228 kB
MemTotal:        1844596 kB
MemFree:          527684 kB
MemAvailable:    1540032 kB
Buffers:           78668 kB
Cached:          1050228 kB
MemTotal:        1844596 kB
MemFree:          527552 kB
MemAvailable:    1539900 kB
Buffers:           78668 kB
Cached:          1050228 kB
MemTotal:        1844596 kB
MemFree:          526692 kB
MemAvailable:    1539040 kB
Buffers:           78668 kB
Cached:          1050228 kB
MemTotal:        1844596 kB
MemFree:          527924 kB
MemAvailable:    1540272 kB
Buffers:           78668 kB
Cached:          1050228 kB
MemTotal:        1844596 kB
MemFree:          526808 kB
MemAvailable:    1539156 kB
Buffers:           78668 kB
Cached:          1050228 kB
MemTotal:        1844596 kB
MemFree:          526560 kB
MemAvailable:    1538908 kB
Buffers:           78668 kB
Cached:          1050228 kB
MemTotal:        1844596 kB
MemFree:          527012 kB
MemAvailable:    1539360 kB
Buffers:           78668 kB
Cached:          1050228 kB
MemTotal:        1844596 kB
MemFree:          527684 kB
MemAvailable:    1540032 kB
Buffers:           78668 kB
Cached:          1050228 kB
MemTotal:        1844596 kB
MemFree:          526692 kB
MemAvailable:    1539040 kB
Buffers:           78668 kB
Cached:          1050228 kB
MemTotal:        1844596 kB
MemFree:          527532 kB
MemAvailable:    1539880 kB
Buffers:           78668 kB
Cached:          1050228 kB
MemTotal:        1844596 kB
MemFree:          527868 kB
MemAvailable:    1540216 kB
Buffers:           78668 kB
Cached:          1050228 kB
MemTotal:        1844596 kB
MemFree:          527544 kB
MemAvailable:    1539892 kB
Buffers:           78668 kB
Cached:          1050228 kB
MemTotal:        1844596 kB
MemFree:          527880 kB
MemAvailable:    1540228 kB
Buffers:           78668 kB
Cached:          1050228 kB
MemTotal:        1844596 kB
MemFree:          526680 kB
MemAvailable:    1539028 kB
Buffers:           78668 kB
Cached:          1050228 kB
MemTotal:        1844596 kB
MemFree:          527676 kB
MemAvailable:    1540024 kB
Buffers:           78668 kB
Cached:          1050228 kB
MemTotal:        1844596 kB
MemFree:          526624 kB
MemAvailable:    1538972 kB
Buffers:           78668 kB
Cached:          1050228 kB
MemTotal:        1844596 kB
MemFree:          526072 kB
MemAvailable:    1538420 kB
Buffers:           78668 kB
Cached:          1050228 kB
MemTotal:        1844596 kB
MemFree:          526436 kB
MemAvailable:    1538784 kB
Buffers:           78668 kB
Cached:          1050228 kB
MemTotal:        1844596 kB
MemFree:          527044 kB
MemAvailable:    1539392 kB
Buffers:           78668 kB
Cached:          1050228 kB
MemTotal:        1844596 kB
MemFree:          526072 kB
MemAvailable:    1538420 kB
Buffers:           78668 kB
Cached:          1050228 kB
MemTotal:        1844596 kB
MemFree:          526304 kB
MemAvailable:    1538656 kB
Buffers:           78668 kB
Cached:          1050232 kB
MemTotal:        1844596 kB
MemFree:          526304 kB
MemAvailable:    1538656 kB
Buffers:           78668 kB
Cached:          1050232 kB
MemTotal:        1844596 kB
MemFree:          525876 kB
MemAvailable:    1538228 kB
Buffers:           78668 kB
Cached:          1050232 kB
MemTotal:        1844596 kB
MemFree:          525876 kB
MemAvailable:    1538228 kB
Buffers:           78668 kB
Cached:          1050232 kB
MemTotal:        1844596 kB
MemFree:          525680 kB
MemAvailable:    1538032 kB
Buffers:           78668 kB
Cached:          1050232 kB
MemTotal:        1844596 kB
MemFree:          525936 kB
MemAvailable:    1538288 kB
Buffers:           78668 kB
Cached:          1050232 kB
MemTotal:        1844596 kB
MemFree:          525204 kB
MemAvailable:    1537556 kB
Buffers:           78668 kB
Cached:          1050232 kB
MemTotal:        1844596 kB
MemFree:          524336 kB
MemAvailable:    1536688 kB
Buffers:           78668 kB
Cached:          1050232 kB
MemTotal:        1844596 kB
MemFree:          524804 kB
MemAvailable:    1537156 kB
Buffers:           78668 kB
Cached:          1050232 kB
MemTotal:        1844596 kB
MemFree:          524972 kB
MemAvailable:    1537324 kB
Buffers:           78668 kB
Cached:          1050232 kB
MemTotal:        1844596 kB
MemFree:          525020 kB
MemAvailable:    1537372 kB
Buffers:           78668 kB
Cached:          1050232 kB
MemTotal:        1844596 kB
MemFree:          525188 kB
MemAvailable:    1537540 kB
Buffers:           78668 kB
Cached:          1050232 kB
MemTotal:        1844596 kB
MemFree:          523700 kB
MemAvailable:    1536052 kB
Buffers:           78668 kB
Cached:          1050232 kB
MemTotal:        1844596 kB
MemFree:          525092 kB
MemAvailable:    1537444 kB
Buffers:           78668 kB
Cached:          1050232 kB
MemTotal:        1844596 kB
MemFree:          524336 kB
MemAvailable:    1536688 kB
Buffers:           78668 kB
Cached:          1050232 kB
MemTotal:        1844596 kB
MemFree:          524568 kB
MemAvailable:    1536920 kB
Buffers:           78668 kB
Cached:          1050232 kB
MemTotal:        1844596 kB
MemFree:          524568 kB
MemAvailable:    1536920 kB
Buffers:           78668 kB
Cached:          1050232 kB
MemTotal:        1844596 kB
MemFree:          521972 kB
MemAvailable:    1534324 kB
Buffers:           78668 kB
Cached:          1050232 kB
MemTotal:        1844596 kB
MemFree:          521972 kB
MemAvailable:    1534324 kB
Buffers:           78668 kB
Cached:          1050232 kB
MemTotal:        1844596 kB
MemFree:          517640 kB
MemAvailable:    1529992 kB
Buffers:           78668 kB
Cached:          1050232 kB
MemTotal:        1844596 kB
MemFree:          514540 kB
MemAvailable:    1526892 kB
Buffers:           78668 kB
Cached:          1050232 kB
MemTotal:        1844596 kB
MemFree:          514276 kB
MemAvailable:    1526628 kB
Buffers:           78668 kB
Cached:          1050232 kB
MemTotal:        1844596 kB
MemFree:          513780 kB
MemAvailable:    1526136 kB
Buffers:           78668 kB
Cached:          1050236 kB
MemTotal:        1844596 kB
MemFree:          514988 kB
MemAvailable:    1527344 kB
Buffers:           78668 kB
Cached:          1050236 kB
MemTotal:        1844596 kB
MemFree:          515072 kB
MemAvailable:    1527428 kB
Buffers:           78668 kB
Cached:          1050236 kB
MemTotal:        1844596 kB
MemFree:          514640 kB
MemAvailable:    1526996 kB
Buffers:           78668 kB
Cached:          1050236 kB
MemTotal:        1844596 kB
MemFree:          514788 kB
MemAvailable:    1527144 kB
Buffers:           78668 kB
Cached:          1050236 kB
MemTotal:        1844596 kB
MemFree:          514352 kB
MemAvailable:    1526708 kB
Buffers:           78668 kB
Cached:          1050236 kB
MemTotal:        1844596 kB
MemFree:          512556 kB
MemAvailable:    1524912 kB
Buffers:           78668 kB
Cached:          1050236 kB
MemTotal:        1844596 kB
MemFree:          512928 kB
MemAvailable:    1525284 kB
Buffers:           78668 kB
Cached:          1050236 kB
MemTotal:        1844596 kB
MemFree:          512432 kB
MemAvailable:    1524788 kB
Buffers:           78668 kB
Cached:          1050236 kB
MemTotal:        1844596 kB
MemFree:          513656 kB
MemAvailable:    1526012 kB
Buffers:           78668 kB
Cached:          1050236 kB
MemTotal:        1844596 kB
MemFree:          513284 kB
MemAvailable:    1525640 kB
Buffers:           78668 kB
Cached:          1050236 kB
MemTotal:        1844596 kB
MemFree:          513284 kB
MemAvailable:    1525640 kB
Buffers:           78668 kB
Cached:          1050236 kB
MemTotal:        1844596 kB
MemFree:          512012 kB
MemAvailable:    1524368 kB
Buffers:           78668 kB
Cached:          1050236 kB
MemTotal:        1844596 kB
MemFree:          512136 kB
MemAvailable:    1524492 kB
Buffers:           78668 kB
Cached:          1050236 kB
MemTotal:        1844596 kB
MemFree:          513300 kB
MemAvailable:    1525656 kB
Buffers:           78668 kB
Cached:          1050236 kB
MemTotal:        1844596 kB
MemFree:          512680 kB
MemAvailable:    1525036 kB
Buffers:           78668 kB
Cached:          1050236 kB
MemTotal:        1844596 kB
MemFree:          513240 kB
MemAvailable:    1525596 kB
Buffers:           78668 kB
Cached:          1050236 kB
MemTotal:        1844596 kB
MemFree:          513240 kB
MemAvailable:    1525596 kB
Buffers:           78668 kB
Cached:          1050236 kB
MemTotal:        1844596 kB
MemFree:          513292 kB
MemAvailable:    1525648 kB
Buffers:           78668 kB
Cached:          1050236 kB
MemTotal:        1844596 kB
MemFree:          513544 kB
MemAvailable:    1525900 kB
Buffers:           78668 kB
Cached:          1050236 kB
MemTotal:        1844596 kB
MemFree:          513228 kB
MemAvailable:    1525584 kB
Buffers:           78668 kB
Cached:          1050236 kB
MemTotal:        1844596 kB
MemFree:          513228 kB
MemAvailable:    1525584 kB
Buffers:           78668 kB
Cached:          1050236 kB
MemTotal:        1844596 kB
MemFree:          512136 kB
MemAvailable:    1524492 kB
Buffers:           78668 kB
Cached:          1050236 kB
MemTotal:        1844596 kB
MemFree:          513360 kB
MemAvailable:    1525716 kB
Buffers:           78668 kB
Cached:          1050236 kB
MemTotal:        1844596 kB
MemFree:          511564 kB
MemAvailable:    1523920 kB
Buffers:           78668 kB
Cached:          1050236 kB
MemTotal:        1844596 kB
MemFree:          508588 kB
MemAvailable:    1520944 kB
Buffers:           78668 kB
Cached:          1050236 kB
MemTotal:        1844596 kB
MemFree:          507960 kB
MemAvailable:    1520316 kB
Buffers:           78668 kB
Cached:          1050236 kB
MemTotal:        1844596 kB
MemFree:          502372 kB
MemAvailable:    1514728 kB
Buffers:           78668 kB
Cached:          1050236 kB
MemTotal:        1844596 kB
MemFree:          502000 kB
MemAvailable:    1514356 kB
Buffers:           78668 kB
Cached:          1050236 kB
MemTotal:        1844596 kB
MemFree:          501256 kB
MemAvailable:    1513612 kB
Buffers:           78668 kB
Cached:          1050236 kB
MemTotal:        1844596 kB
MemFree:          501592 kB
MemAvailable:    1513948 kB
Buffers:           78668 kB
Cached:          1050236 kB
MemTotal:        1844596 kB
MemFree:          500264 kB
MemAvailable:    1512620 kB
Buffers:           78668 kB
Cached:          1050236 kB
MemTotal:        1844596 kB
MemFree:          500148 kB
MemAvailable:    1512504 kB
Buffers:           78668 kB
Cached:          1050236 kB
MemTotal:        1844596 kB
MemFree:          500016 kB
MemAvailable:    1512372 kB
Buffers:           78668 kB
Cached:          1050236 kB
MemTotal:        1844596 kB
MemFree:          501316 kB
MemAvailable:    1513672 kB
Buffers:           78668 kB
Cached:          1050236 kB
MemTotal:        1844596 kB
MemFree:          500412 kB
MemAvailable:    1512768 kB
Buffers:           78668 kB
Cached:          1050236 kB
MemTotal:        1844596 kB
MemFree:          501332 kB
MemAvailable:    1513692 kB
Buffers:           78668 kB
Cached:          1050240 kB
MemTotal:        1844596 kB
MemFree:          499784 kB
MemAvailable:    1512144 kB
Buffers:           78668 kB
Cached:          1050240 kB
MemTotal:        1844596 kB
MemFree:          500332 kB
MemAvailable:    1512692 kB
Buffers:           78668 kB
Cached:          1050240 kB
MemTotal:        1844596 kB
MemFree:          500668 kB
MemAvailable:    1513028 kB
Buffers:           78668 kB
Cached:          1050240 kB
MemTotal:        1844596 kB
MemFree:          499216 kB
MemAvailable:    1511576 kB
Buffers:           78668 kB
Cached:          1050240 kB
MemTotal:        1844596 kB
MemFree:          499392 kB
MemAvailable:    1511752 kB
Buffers:           78668 kB
Cached:          1050240 kB
MemTotal:        1844596 kB
MemFree:          500616 kB
MemAvailable:    1512976 kB
Buffers:           78668 kB
Cached:          1050240 kB
MemTotal:        1844596 kB
MemFree:          499376 kB
MemAvailable:    1511736 kB
Buffers:           78668 kB
Cached:          1050240 kB
MemTotal:        1844596 kB
MemFree:          499468 kB
MemAvailable:    1511828 kB
Buffers:           78668 kB
Cached:          1050240 kB
MemTotal:        1844596 kB
MemFree:          500404 kB
MemAvailable:    1512764 kB
Buffers:           78668 kB
Cached:          1050240 kB
MemTotal:        1844596 kB
MemFree:          500508 kB
MemAvailable:    1512868 kB
Buffers:           78668 kB
Cached:          1050240 kB
MemTotal:        1844596 kB
MemFree:          500764 kB
MemAvailable:    1513124 kB
Buffers:           78668 kB
Cached:          1050240 kB
MemTotal:        1844596 kB
MemFree:          499384 kB
MemAvailable:    1511744 kB
Buffers:           78668 kB
Cached:          1050240 kB
MemTotal:        1844596 kB
MemFree:          499476 kB
MemAvailable:    1511836 kB
Buffers:           78668 kB
Cached:          1050240 kB
MemTotal:        1844596 kB
MemFree:          499344 kB
MemAvailable:    1511704 kB
Buffers:           78668 kB
Cached:          1050240 kB
MemTotal:        1844596 kB
MemFree:          499344 kB
MemAvailable:    1511704 kB
Buffers:           78668 kB
Cached:          1050240 kB
MemTotal:        1844596 kB
MemFree:          499900 kB
MemAvailable:    1512260 kB
Buffers:           78668 kB
Cached:          1050240 kB
MemTotal:        1844596 kB
MemFree:          500348 kB
MemAvailable:    1512708 kB
Buffers:           78668 kB
Cached:          1050240 kB
MemTotal:        1844596 kB
MemFree:          500684 kB
MemAvailable:    1513044 kB
Buffers:           78668 kB
Cached:          1050240 kB
MemTotal:        1844596 kB
MemFree:          500528 kB
MemAvailable:    1512888 kB
Buffers:           78668 kB
Cached:          1050240 kB
MemTotal:        1844596 kB
MemFree:          500588 kB
MemAvailable:    1512948 kB
Buffers:           78668 kB
Cached:          1050240 kB
MemTotal:        1844596 kB
MemFree:          499908 kB
MemAvailable:    1512268 kB
Buffers:           78668 kB
Cached:          1050240 kB
MemTotal:        1844596 kB
MemFree:          500760 kB
MemAvailable:    1513124 kB
Buffers:           78668 kB
Cached:          1050244 kB
MemTotal:        1844596 kB
MemFree:          501096 kB
MemAvailable:    1513460 kB
Buffers:           78668 kB
Cached:          1050244 kB
MemTotal:        1844596 kB
MemFree:          499652 kB
MemAvailable:    1512016 kB
Buffers:           78668 kB
Cached:          1050244 kB
MemTotal:        1844596 kB
MemFree:          496684 kB
MemAvailable:    1509048 kB
Buffers:           78668 kB
Cached:          1050244 kB
MemTotal:        1844596 kB
MemFree:          495436 kB
MemAvailable:    1507800 kB
Buffers:           78668 kB
Cached:          1050244 kB
MemTotal:        1844596 kB
MemFree:          490220 kB
MemAvailable:    1502584 kB
Buffers:           78668 kB
Cached:          1050244 kB
MemTotal:        1844596 kB
MemFree:          488996 kB
MemAvailable:    1501360 kB
Buffers:           78668 kB
Cached:          1050244 kB
MemTotal:        1844596 kB
MemFree:          490044 kB
MemAvailable:    1502408 kB
Buffers:           78668 kB
Cached:          1050244 kB
MemTotal:        1844596 kB
MemFree:          490044 kB
MemAvailable:    1502408 kB
Buffers:           78668 kB
Cached:          1050244 kB
MemTotal:        1844596 kB
MemFree:          490116 kB
MemAvailable:    1502480 kB
Buffers:           78668 kB
Cached:          1050244 kB
MemTotal:        1844596 kB
MemFree:          490160 kB
MemAvailable:    1502524 kB
Buffers:           78668 kB
Cached:          1050244 kB
MemTotal:        1844596 kB
MemFree:          490236 kB
MemAvailable:    1502600 kB
Buffers:           78668 kB
Cached:          1050244 kB
MemTotal:        1844596 kB
MemFree:          489616 kB
MemAvailable:    1501980 kB
Buffers:           78668 kB
Cached:          1050244 kB
MemTotal:        1844596 kB
MemFree:          490340 kB
MemAvailable:    1502704 kB
Buffers:           78668 kB
Cached:          1050244 kB
MemTotal:        1844596 kB
MemFree:          489616 kB
MemAvailable:    1501980 kB
Buffers:           78668 kB
Cached:          1050244 kB
MemTotal:        1844596 kB
MemFree:          490344 kB
MemAvailable:    1502708 kB
Buffers:           78668 kB
Cached:          1050244 kB
MemTotal:        1844596 kB
MemFree:          490680 kB
MemAvailable:    1503044 kB
Buffers:           78668 kB
Cached:          1050244 kB
MemTotal:        1844596 kB
MemFree:          489228 kB
MemAvailable:    1501592 kB
Buffers:           78668 kB
Cached:          1050244 kB
MemTotal:        1844596 kB
MemFree:          489236 kB
MemAvailable:    1501600 kB
Buffers:           78668 kB
Cached:          1050244 kB
MemTotal:        1844596 kB
MemFree:          490468 kB
MemAvailable:    1502832 kB
Buffers:           78668 kB
Cached:          1050244 kB
MemTotal:        1844596 kB
MemFree:          489980 kB
MemAvailable:    1502344 kB
Buffers:           78668 kB
Cached:          1050244 kB
MemTotal:        1844596 kB
MemFree:          489740 kB
MemAvailable:    1502104 kB
Buffers:           78668 kB
Cached:          1050244 kB
MemTotal:        1844596 kB
MemFree:          488500 kB
MemAvailable:    1500864 kB
Buffers:           78668 kB
Cached:          1050244 kB
MemTotal:        1844596 kB
MemFree:          487136 kB
MemAvailable:    1499500 kB
Buffers:           78668 kB
Cached:          1050244 kB
MemTotal:        1844596 kB
MemFree:          486824 kB
MemAvailable:    1499188 kB
Buffers:           78668 kB
Cached:          1050244 kB
MemTotal:        1844596 kB
MemFree:          487852 kB
MemAvailable:    1500216 kB
Buffers:           78668 kB
Cached:          1050244 kB
MemTotal:        1844596 kB
MemFree:          488104 kB
MemAvailable:    1500468 kB
Buffers:           78668 kB
Cached:          1050244 kB
MemTotal:        1844596 kB
MemFree:          487860 kB
MemAvailable:    1500224 kB
Buffers:           78668 kB
Cached:          1050244 kB
MemTotal:        1844596 kB
MemFree:          488116 kB
MemAvailable:    1500480 kB
Buffers:           78668 kB
Cached:          1050244 kB
MemTotal:        1844596 kB
MemFree:          487740 kB
MemAvailable:    1500104 kB
Buffers:           78668 kB
Cached:          1050244 kB
MemTotal:        1844596 kB
MemFree:          487740 kB
MemAvailable:    1500104 kB
Buffers:           78668 kB
Cached:          1050244 kB
MemTotal:        1844596 kB
MemFree:          488052 kB
MemAvailable:    1500416 kB
Buffers:           78668 kB
Cached:          1050244 kB
MemTotal:        1844596 kB
MemFree:          486764 kB
MemAvailable:    1499128 kB
Buffers:           78668 kB
Cached:          1050244 kB
MemTotal:        1844596 kB
MemFree:          487940 kB
MemAvailable:    1500304 kB
Buffers:           78668 kB
Cached:          1050244 kB
MemTotal:        1844596 kB
MemFree:          487260 kB
MemAvailable:    1499624 kB
Buffers:           78668 kB
Cached:          1050244 kB
MemTotal:        1844596 kB
MemFree:          487812 kB
MemAvailable:    1500176 kB
Buffers:           78668 kB
Cached:          1050244 kB
MemTotal:        1844596 kB
MemFree:          488064 kB
MemAvailable:    1500428 kB
Buffers:           78668 kB
Cached:          1050244 kB
MemTotal:        1844596 kB
MemFree:          487860 kB
MemAvailable:    1500224 kB
Buffers:           78668 kB
Cached:          1050244 kB
MemTotal:        1844596 kB
MemFree:          488116 kB
MemAvailable:    1500480 kB
Buffers:           78668 kB
Cached:          1050244 kB
MemTotal:        1844596 kB
MemFree:          487804 kB
MemAvailable:    1500168 kB
Buffers:           78668 kB
Cached:          1050244 kB
MemTotal:        1844596 kB
MemFree:          488056 kB
MemAvailable:    1500420 kB
Buffers:           78668 kB
Cached:          1050244 kB
MemTotal:        1844596 kB
MemFree:          486732 kB
MemAvailable:    1499096 kB
Buffers:           78668 kB
Cached:          1050244 kB
MemTotal:        1844596 kB
MemFree:          486816 kB
MemAvailable:    1499180 kB
Buffers:           78668 kB
Cached:          1050244 kB
MemTotal:        1844596 kB
MemFree:          487740 kB
MemAvailable:    1500104 kB
Buffers:           78668 kB
Cached:          1050244 kB
MemTotal:        1844596 kB
MemFree:          488076 kB
MemAvailable:    1500440 kB
Buffers:           78668 kB
Cached:          1050244 kB
MemTotal:        1844596 kB
MemFree:          486744 kB
MemAvailable:    1499108 kB
Buffers:           78668 kB
Cached:          1050244 kB
MemTotal:        1844596 kB
MemFree:          487860 kB
MemAvailable:    1500224 kB
Buffers:           78668 kB
Cached:          1050244 kB
MemTotal:        1844596 kB
MemFree:          487944 kB
MemAvailable:    1500308 kB
Buffers:           78668 kB
Cached:          1050244 kB
MemTotal:        1844596 kB
MemFree:          487864 kB
MemAvailable:    1500228 kB
Buffers:           78668 kB
Cached:          1050244 kB
MemTotal:        1844596 kB
MemFree:          488116 kB
MemAvailable:    1500480 kB
Buffers:           78668 kB
Cached:          1050244 kB
MemTotal:        1844596 kB
MemFree:          486576 kB
MemAvailable:    1498940 kB
Buffers:           78668 kB
Cached:          1050244 kB
MemTotal:        1844596 kB
MemFree:          482052 kB
MemAvailable:    1494416 kB
Buffers:           78668 kB
Cached:          1050244 kB
MemTotal:        1844596 kB
MemFree:          480928 kB
MemAvailable:    1493292 kB
Buffers:           78668 kB
Cached:          1050244 kB
MemTotal:        1844596 kB
MemFree:          477152 kB
MemAvailable:    1489516 kB
Buffers:           78668 kB
Cached:          1050244 kB
MemTotal:        1844596 kB
MemFree:          473984 kB
MemAvailable:    1486348 kB
Buffers:           78668 kB
Cached:          1050244 kB
MemTotal:        1844596 kB
MemFree:          474232 kB
MemAvailable:    1486596 kB
Buffers:           78668 kB
Cached:          1050244 kB
MemTotal:        1844596 kB
MemFree:          475232 kB
MemAvailable:    1487604 kB
Buffers:           78668 kB
Cached:          1050252 kB
MemTotal:        1844596 kB
MemFree:          474240 kB
MemAvailable:    1486612 kB
Buffers:           78668 kB
Cached:          1050252 kB
MemTotal:        1844596 kB
MemFree:          474972 kB
MemAvailable:    1487344 kB
Buffers:           78668 kB
Cached:          1050252 kB
MemTotal:        1844596 kB
MemFree:          473688 kB
MemAvailable:    1486060 kB
Buffers:           78668 kB
Cached:          1050252 kB
MemTotal:        1844596 kB
MemFree:          473936 kB
MemAvailable:    1486308 kB
Buffers:           78668 kB
Cached:          1050252 kB
MemTotal:        1844596 kB
MemFree:          473812 kB
MemAvailable:    1486184 kB
Buffers:           78668 kB
Cached:          1050252 kB
MemTotal:        1844596 kB
MemFree:          473556 kB
MemAvailable:    1485928 kB
Buffers:           78668 kB
Cached:          1050252 kB
MemTotal:        1844596 kB
MemFree:          474656 kB
MemAvailable:    1487028 kB
Buffers:           78668 kB
Cached:          1050252 kB
MemTotal:        1844596 kB
MemFree:          474656 kB
MemAvailable:    1487028 kB
Buffers:           78668 kB
Cached:          1050252 kB
MemTotal:        1844596 kB
MemFree:          474292 kB
MemAvailable:    1486664 kB
Buffers:           78668 kB
Cached:          1050252 kB
MemTotal:        1844596 kB
MemFree:          474628 kB
MemAvailable:    1487000 kB
Buffers:           78668 kB
Cached:          1050252 kB
MemTotal:        1844596 kB
MemFree:          474328 kB
MemAvailable:    1486700 kB
Buffers:           78668 kB
Cached:          1050252 kB
MemTotal:        1844596 kB
MemFree:          474412 kB
MemAvailable:    1486784 kB
Buffers:           78668 kB
Cached:          1050252 kB
MemTotal:        1844596 kB
MemFree:          473184 kB
MemAvailable:    1485556 kB
Buffers:           78668 kB
Cached:          1050252 kB
MemTotal:        1844596 kB
MemFree:          474672 kB
MemAvailable:    1487044 kB
Buffers:           78668 kB
Cached:          1050252 kB
MemTotal:        1844596 kB
MemFree:          473992 kB
MemAvailable:    1486364 kB
Buffers:           78668 kB
Cached:          1050252 kB
MemTotal:        1844596 kB
MemFree:          474984 kB
MemAvailable:    1487356 kB
Buffers:           78668 kB
Cached:          1050252 kB
MemTotal:        1844596 kB
MemFree:          473992 kB
MemAvailable:    1486364 kB
Buffers:           78668 kB
Cached:          1050252 kB
MemTotal:        1844596 kB
MemFree:          474860 kB
MemAvailable:    1487232 kB
Buffers:           78668 kB
Cached:          1050252 kB
MemTotal:        1844596 kB
MemFree:          474596 kB
MemAvailable:    1486968 kB
Buffers:           78668 kB
Cached:          1050252 kB
MemTotal:        1844596 kB
MemFree:          474848 kB
MemAvailable:    1487220 kB
Buffers:           78668 kB
Cached:          1050252 kB
MemTotal:        1844596 kB
MemFree:          474604 kB
MemAvailable:    1486976 kB
Buffers:           78668 kB
Cached:          1050252 kB
MemTotal:        1844596 kB
MemFree:          474856 kB
MemAvailable:    1487228 kB
Buffers:           78668 kB
Cached:          1050252 kB
MemTotal:        1844596 kB
MemFree:          474604 kB
MemAvailable:    1486976 kB
Buffers:           78668 kB
Cached:          1050252 kB
MemTotal:        1844596 kB
MemFree:          474856 kB
MemAvailable:    1487228 kB
Buffers:           78668 kB
Cached:          1050252 kB
MemTotal:        1844596 kB
MemFree:          473324 kB
MemAvailable:    1485696 kB
Buffers:           78668 kB
Cached:          1050252 kB
MemTotal:        1844596 kB
MemFree:          473984 kB
MemAvailable:    1486356 kB
Buffers:           78668 kB
Cached:          1050252 kB
MemTotal:        1844596 kB
MemFree:          473728 kB
MemAvailable:    1486100 kB
Buffers:           78668 kB
Cached:          1050252 kB
MemTotal:        1844596 kB
MemFree:          473248 kB
MemAvailable:    1485620 kB
Buffers:           78668 kB
Cached:          1050252 kB
MemTotal:        1844596 kB
MemFree:          474168 kB
MemAvailable:    1486544 kB
Buffers:           78668 kB
Cached:          1050256 kB
MemTotal:        1844596 kB
MemFree:          473000 kB
MemAvailable:    1485376 kB
Buffers:           78668 kB
Cached:          1050256 kB
MemTotal:        1844596 kB
MemFree:          473592 kB
MemAvailable:    1485968 kB
Buffers:           78668 kB
Cached:          1050256 kB
MemTotal:        1844596 kB
MemFree:          473844 kB
MemAvailable:    1486220 kB
Buffers:           78668 kB
Cached:          1050256 kB
MemTotal:        1844596 kB
MemFree:          472352 kB
MemAvailable:    1484728 kB
Buffers:           78668 kB
Cached:          1050256 kB
MemTotal:        1844596 kB
MemFree:          472360 kB
MemAvailable:    1484736 kB
Buffers:           78668 kB
Cached:          1050256 kB
MemTotal:        1844596 kB
MemFree:          473660 kB
MemAvailable:    1486036 kB
Buffers:           78668 kB
Cached:          1050256 kB
MemTotal:        1844596 kB
MemFree:          469776 kB
MemAvailable:    1482152 kB
Buffers:           78668 kB
Cached:          1050256 kB
MemTotal:        1844596 kB
MemFree:          467908 kB
MemAvailable:    1480284 kB
Buffers:           78668 kB
Cached:          1050256 kB
MemTotal:        1844596 kB
MemFree:          467360 kB
MemAvailable:    1479736 kB
Buffers:           78668 kB
Cached:          1050256 kB
MemTotal:        1844596 kB
MemFree:          464072 kB
MemAvailable:    1476448 kB
Buffers:           78668 kB
Cached:          1050256 kB
MemTotal:        1844596 kB
MemFree:          463940 kB
MemAvailable:    1476316 kB
Buffers:           78668 kB
Cached:          1050256 kB
MemTotal:        1844596 kB
MemFree:          461468 kB
MemAvailable:    1473844 kB
Buffers:           78668 kB
Cached:          1050256 kB
MemTotal:        1844596 kB
MemFree:          462468 kB
MemAvailable:    1474844 kB
Buffers:           78668 kB
Cached:          1050256 kB
MemTotal:        1844596 kB
MemFree:          462460 kB
MemAvailable:    1474836 kB
Buffers:           78668 kB
Cached:          1050256 kB
MemTotal:        1844596 kB
MemFree:          460964 kB
MemAvailable:    1473340 kB
Buffers:           78668 kB
Cached:          1050256 kB
MemTotal:        1844596 kB
MemFree:          461048 kB
MemAvailable:    1473424 kB
Buffers:           78668 kB
Cached:          1050256 kB
MemTotal:        1844596 kB
MemFree:          460800 kB
MemAvailable:    1473176 kB
Buffers:           78668 kB
Cached:          1050256 kB
MemTotal:        1844596 kB
MemFree:          460960 kB
MemAvailable:    1473336 kB
Buffers:           78668 kB
Cached:          1050256 kB
MemTotal:        1844596 kB
MemFree:          461112 kB
MemAvailable:    1473488 kB
Buffers:           78668 kB
Cached:          1050256 kB
MemTotal:        1844596 kB
MemFree:          459600 kB
MemAvailable:    1471976 kB
Buffers:           78668 kB
Cached:          1050256 kB
MemTotal:        1844596 kB
MemFree:          459684 kB
MemAvailable:    1472060 kB
Buffers:           78668 kB
Cached:          1050256 kB
MemTotal:        1844596 kB
MemFree:          460792 kB
MemAvailable:    1473168 kB
Buffers:           78668 kB
Cached:          1050256 kB
MemTotal:        1844596 kB
MemFree:          461044 kB
MemAvailable:    1473420 kB
Buffers:           78668 kB
Cached:          1050256 kB
MemTotal:        1844596 kB
MemFree:          459676 kB
MemAvailable:    1472052 kB
Buffers:           78668 kB
Cached:          1050256 kB
MemTotal:        1844596 kB
MemFree:          459684 kB
MemAvailable:    1472060 kB
Buffers:           78668 kB
Cached:          1050256 kB
MemTotal:        1844596 kB
MemFree:          459808 kB
MemAvailable:    1472184 kB
Buffers:           78668 kB
Cached:          1050256 kB
MemTotal:        1844596 kB
MemFree:          460720 kB
MemAvailable:    1473096 kB
Buffers:           78668 kB
Cached:          1050256 kB
MemTotal:        1844596 kB
MemFree:          459676 kB
MemAvailable:    1472052 kB
Buffers:           78668 kB
Cached:          1050256 kB
MemTotal:        1844596 kB
MemFree:          461040 kB
MemAvailable:    1473416 kB
Buffers:           78668 kB
Cached:          1050256 kB
MemTotal:        1844596 kB
MemFree:          460828 kB
MemAvailable:    1473204 kB
Buffers:           78668 kB
Cached:          1050256 kB
MemTotal:        1844596 kB
MemFree:          460740 kB
MemAvailable:    1473116 kB
Buffers:           78668 kB
Cached:          1050256 kB
MemTotal:        1844596 kB
MemFree:          460868 kB
MemAvailable:    1473244 kB
Buffers:           78668 kB
Cached:          1050256 kB
MemTotal:        1844596 kB
MemFree:          459688 kB
MemAvailable:    1472064 kB
Buffers:           78668 kB
Cached:          1050256 kB
MemTotal:        1844596 kB
MemFree:          459556 kB
MemAvailable:    1471932 kB
Buffers:           78668 kB
Cached:          1050256 kB
MemTotal:        1844596 kB
MemFree:          460616 kB
MemAvailable:    1472992 kB
Buffers:           78668 kB
Cached:          1050256 kB
MemTotal:        1844596 kB
MemFree:          460868 kB
MemAvailable:    1473244 kB
Buffers:           78668 kB
Cached:          1050256 kB
MemTotal:        1844596 kB
MemFree:          460780 kB
MemAvailable:    1473156 kB
Buffers:           78668 kB
Cached:          1050256 kB
MemTotal:        1844596 kB
MemFree:          460780 kB
MemAvailable:    1473156 kB
Buffers:           78668 kB
Cached:          1050256 kB
MemTotal:        1844596 kB
MemFree:          460676 kB
MemAvailable:    1473052 kB
Buffers:           78668 kB
Cached:          1050256 kB
MemTotal:        1844596 kB
MemFree:          459680 kB
MemAvailable:    1472056 kB
Buffers:           78668 kB
Cached:          1050256 kB
MemTotal:        1844596 kB
MemFree:          460236 kB
MemAvailable:    1472612 kB
Buffers:           78668 kB
Cached:          1050256 kB
MemTotal:        1844596 kB
MemFree:          460676 kB
MemAvailable:    1473056 kB
Buffers:           78668 kB
Cached:          1050260 kB
MemTotal:        1844596 kB
MemFree:          461012 kB
MemAvailable:    1473392 kB
Buffers:           78668 kB
Cached:          1050260 kB
MemTotal:        1844596 kB
MemFree:          460724 kB
MemAvailable:    1473104 kB
Buffers:           78668 kB
Cached:          1050260 kB
MemTotal:        1844596 kB
MemFree:          460976 kB
MemAvailable:    1473356 kB
Buffers:           78668 kB
Cached:          1050260 kB
MemTotal:        1844596 kB
MemFree:          460684 kB
MemAvailable:    1473064 kB
Buffers:           78668 kB
Cached:          1050260 kB
MemTotal:        1844596 kB
MemFree:          460864 kB
MemAvailable:    1473244 kB
Buffers:           78668 kB
Cached:          1050260 kB
MemTotal:        1844596 kB
MemFree:          459600 kB
MemAvailable:    1471980 kB
Buffers:           78668 kB
Cached:          1050260 kB
MemTotal:        1844596 kB
MemFree:          459800 kB
MemAvailable:    1472180 kB
Buffers:           78668 kB
Cached:          1050260 kB
MemTotal:        1844596 kB
MemFree:          459544 kB
MemAvailable:    1471924 kB
Buffers:           78668 kB
Cached:          1050260 kB
MemTotal:        1844596 kB
MemFree:          460660 kB
MemAvailable:    1473040 kB
Buffers:           78668 kB
Cached:          1050260 kB
MemTotal:        1844596 kB
MemFree:          460724 kB
MemAvailable:    1473104 kB
Buffers:           78668 kB
Cached:          1050260 kB
MemTotal:        1844596 kB
MemFree:          460716 kB
MemAvailable:    1473096 kB
Buffers:           78668 kB
Cached:          1050260 kB
MemTotal:        1844596 kB
MemFree:          460732 kB
MemAvailable:    1473112 kB
Buffers:           78668 kB
Cached:          1050260 kB
MemTotal:        1844596 kB
MemFree:          460796 kB
MemAvailable:    1473176 kB
Buffers:           78668 kB
Cached:          1050260 kB
MemTotal:        1844596 kB
MemFree:          460864 kB
MemAvailable:    1473244 kB
Buffers:           78668 kB
Cached:          1050260 kB
MemTotal:        1844596 kB
MemFree:          460716 kB
MemAvailable:    1473096 kB
Buffers:           78668 kB
Cached:          1050260 kB
MemTotal:        1844596 kB
MemFree:          459476 kB
MemAvailable:    1471856 kB
Buffers:           78668 kB
Cached:          1050260 kB
MemTotal:        1844596 kB
MemFree:          460840 kB
MemAvailable:    1473220 kB
Buffers:           78668 kB
Cached:          1050260 kB
MemTotal:        1844596 kB
MemFree:          460980 kB
MemAvailable:    1473360 kB
Buffers:           78668 kB
Cached:          1050260 kB
MemTotal:        1844596 kB
MemFree:          460832 kB
MemAvailable:    1473212 kB
Buffers:           78668 kB
Cached:          1050260 kB
MemTotal:        1844596 kB
MemFree:          459552 kB
MemAvailable:    1471932 kB
Buffers:           78668 kB
Cached:          1050260 kB
MemTotal:        1844596 kB
MemFree:          459428 kB
MemAvailable:    1471808 kB
Buffers:           78668 kB
Cached:          1050260 kB
MemTotal:        1844596 kB
MemFree:          459552 kB
MemAvailable:    1471932 kB
Buffers:           78668 kB
Cached:          1050260 kB
MemTotal:        1844596 kB
MemFree:          457684 kB
MemAvailable:    1470064 kB
Buffers:           78668 kB
Cached:          1050260 kB
MemTotal:        1844596 kB
MemFree:          456640 kB
MemAvailable:    1469020 kB
Buffers:           78668 kB
Cached:          1050260 kB
MemTotal:        1844596 kB
MemFree:          455764 kB
MemAvailable:    1468144 kB
Buffers:           78668 kB
Cached:          1050260 kB
MemTotal:        1844596 kB
MemFree:          456252 kB
MemAvailable:    1468632 kB
Buffers:           78668 kB
Cached:          1050260 kB
MemTotal:        1844596 kB
MemFree:          455756 kB
MemAvailable:    1468136 kB
Buffers:           78668 kB
Cached:          1050260 kB
MemTotal:        1844596 kB
MemFree:          455648 kB
MemAvailable:    1468028 kB
Buffers:           78668 kB
Cached:          1050260 kB
MemTotal:        1844596 kB
MemFree:          455592 kB
MemAvailable:    1467972 kB
Buffers:           78668 kB
Cached:          1050260 kB
MemTotal:        1844596 kB
MemFree:          455520 kB
MemAvailable:    1467900 kB
Buffers:           78668 kB
Cached:          1050260 kB
MemTotal:        1844596 kB
MemFree:          454648 kB
MemAvailable:    1467028 kB
Buffers:           78668 kB
Cached:          1050260 kB
MemTotal:        1844596 kB
MemFree:          455692 kB
MemAvailable:    1468076 kB
Buffers:           78668 kB
Cached:          1050264 kB
MemTotal:        1844596 kB
MemFree:          455452 kB
MemAvailable:    1467836 kB
Buffers:           78668 kB
Cached:          1050264 kB
MemTotal:        1844596 kB
MemFree:          455364 kB
MemAvailable:    1467748 kB
Buffers:           78668 kB
Cached:          1050264 kB
MemTotal:        1844596 kB
MemFree:          455196 kB
MemAvailable:    1467580 kB
Buffers:           78668 kB
Cached:          1050264 kB
MemTotal:        1844596 kB
MemFree:          454872 kB
MemAvailable:    1467256 kB
Buffers:           78668 kB
Cached:          1050264 kB
MemTotal:        1844596 kB
MemFree:          453848 kB
MemAvailable:    1466232 kB
Buffers:           78668 kB
Cached:          1050264 kB
MemTotal:        1844596 kB
MemFree:          454688 kB
MemAvailable:    1467072 kB
Buffers:           78668 kB
Cached:          1050264 kB
MemTotal:        1844596 kB
MemFree:          454688 kB
MemAvailable:    1467072 kB
Buffers:           78668 kB
Cached:          1050264 kB
MemTotal:        1844596 kB
MemFree:          454784 kB
MemAvailable:    1467168 kB
Buffers:           78668 kB
Cached:          1050264 kB
MemTotal:        1844596 kB
MemFree:          459056 kB
MemAvailable:    1471440 kB
Buffers:           78668 kB
Cached:          1050264 kB
MemTotal:        1844596 kB
MemFree:          457632 kB
MemAvailable:    1470016 kB
Buffers:           78668 kB
Cached:          1050264 kB
MemTotal:        1844596 kB
MemFree:          454764 kB
MemAvailable:    1467152 kB
Buffers:           78668 kB
Cached:          1050268 kB
MemTotal:        1844596 kB
MemFree:          454656 kB
MemAvailable:    1467044 kB
Buffers:           78668 kB
Cached:          1050268 kB
MemTotal:        1844596 kB
MemFree:          454352 kB
MemAvailable:    1466740 kB
Buffers:           78668 kB
Cached:          1050268 kB
MemTotal:        1844596 kB
MemFree:          453272 kB
MemAvailable:    1465660 kB
Buffers:           78668 kB
Cached:          1050268 kB
MemTotal:        1844596 kB
MemFree:          453140 kB
MemAvailable:    1465528 kB
Buffers:           78668 kB
Cached:          1050268 kB
MemTotal:        1844596 kB
MemFree:          453140 kB
MemAvailable:    1465528 kB
Buffers:           78668 kB
Cached:          1050268 kB
MemTotal:        1844596 kB
MemFree:          454256 kB
MemAvailable:    1466644 kB
Buffers:           78668 kB
Cached:          1050268 kB
MemTotal:        1844596 kB
MemFree:          453416 kB
MemAvailable:    1465804 kB
Buffers:           78668 kB
Cached:          1050268 kB
MemTotal:        1844596 kB
MemFree:          456428 kB
MemAvailable:    1468816 kB
Buffers:           78668 kB
Cached:          1050268 kB
MemTotal:        1844596 kB
MemFree:          456428 kB
MemAvailable:    1468816 kB
Buffers:           78668 kB
Cached:          1050268 kB
MemTotal:        1844596 kB
MemFree:          456344 kB
MemAvailable:    1468732 kB
Buffers:           78668 kB
Cached:          1050268 kB
MemTotal:        1844596 kB
MemFree:          455348 kB
MemAvailable:    1467736 kB
Buffers:           78668 kB
Cached:          1050268 kB
MemTotal:        1844596 kB
MemFree:          455092 kB
MemAvailable:    1467480 kB
Buffers:           78668 kB
Cached:          1050268 kB
MemTotal:        1844596 kB
MemFree:          456252 kB
MemAvailable:    1468640 kB
Buffers:           78668 kB
Cached:          1050268 kB
MemTotal:        1844596 kB
MemFree:          456144 kB
MemAvailable:    1468532 kB
Buffers:           78668 kB
Cached:          1050268 kB
MemTotal:        1844596 kB
MemFree:          455388 kB
MemAvailable:    1467776 kB
Buffers:           78668 kB
Cached:          1050268 kB
MemTotal:        1844596 kB
MemFree:          456456 kB
MemAvailable:    1468844 kB
Buffers:           78668 kB
Cached:          1050268 kB
MemTotal:        1844596 kB
MemFree:          456312 kB
MemAvailable:    1468700 kB
Buffers:           78668 kB
Cached:          1050268 kB
MemTotal:        1844596 kB
MemFree:          456564 kB
MemAvailable:    1468952 kB
Buffers:           78668 kB
Cached:          1050268 kB
MemTotal:        1844596 kB
MemFree:          455388 kB
MemAvailable:    1467776 kB
Buffers:           78668 kB
Cached:          1050268 kB
MemTotal:        1844596 kB
MemFree:          455132 kB
MemAvailable:    1467520 kB
Buffers:           78668 kB
Cached:          1050268 kB
MemTotal:        1844596 kB
MemFree:          456316 kB
MemAvailable:    1468704 kB
Buffers:           78668 kB
Cached:          1050268 kB
MemTotal:        1844596 kB
MemFree:          456568 kB
MemAvailable:    1468956 kB
Buffers:           78668 kB
Cached:          1050268 kB
MemTotal:        1844596 kB
MemFree:          455376 kB
MemAvailable:    1467764 kB
Buffers:           78668 kB
Cached:          1050268 kB
MemTotal:        1844596 kB
MemFree:          456288 kB
MemAvailable:    1468676 kB
Buffers:           78668 kB
Cached:          1050268 kB
MemTotal:        1844596 kB
MemFree:          456312 kB
MemAvailable:    1468700 kB
Buffers:           78668 kB
Cached:          1050268 kB
MemTotal:        1844596 kB
MemFree:          456648 kB
MemAvailable:    1469036 kB
Buffers:           78668 kB
Cached:          1050268 kB
MemTotal:        1844596 kB
MemFree:          456516 kB
MemAvailable:    1468904 kB
Buffers:           78668 kB
Cached:          1050268 kB
MemTotal:        1844596 kB
MemFree:          455896 kB
MemAvailable:    1468284 kB
Buffers:           78668 kB
Cached:          1050268 kB
MemTotal:        1844596 kB
MemFree:          456456 kB
MemAvailable:    1468844 kB
Buffers:           78668 kB
Cached:          1050268 kB
MemTotal:        1844596 kB
MemFree:          456624 kB
MemAvailable:    1469012 kB
Buffers:           78668 kB
Cached:          1050268 kB
MemTotal:        1844596 kB
MemFree:          452168 kB
MemAvailable:    1464556 kB
Buffers:           78668 kB
Cached:          1050268 kB
MemTotal:        1844596 kB
MemFree:          451988 kB
MemAvailable:    1464376 kB
Buffers:           78668 kB
Cached:          1050268 kB
MemTotal:        1844596 kB
MemFree:          450804 kB
MemAvailable:    1463192 kB
Buffers:           78668 kB
Cached:          1050268 kB
MemTotal:        1844596 kB
MemFree:          451480 kB
MemAvailable:    1463868 kB
Buffers:           78668 kB
Cached:          1050268 kB
MemTotal:        1844596 kB
MemFree:          451732 kB
MemAvailable:    1464120 kB
Buffers:           78668 kB
Cached:          1050268 kB
MemTotal:        1844596 kB
MemFree:          450384 kB
MemAvailable:    1462772 kB
Buffers:           78668 kB
Cached:          1050268 kB
MemTotal:        1844596 kB
MemFree:          450384 kB
MemAvailable:    1462772 kB
Buffers:           78668 kB
Cached:          1050268 kB
MemTotal:        1844596 kB
MemFree:          450420 kB
MemAvailable:    1462808 kB
Buffers:           78668 kB
Cached:          1050268 kB
MemTotal:        1844596 kB
MemFree:          451404 kB
MemAvailable:    1463792 kB
Buffers:           78668 kB
Cached:          1050268 kB
MemTotal:        1844596 kB
MemFree:          451656 kB
MemAvailable:    1464044 kB
Buffers:           78668 kB
Cached:          1050268 kB
MemTotal:        1844596 kB
MemFree:          451036 kB
MemAvailable:    1463424 kB
Buffers:           78668 kB
Cached:          1050268 kB
MemTotal:        1844596 kB
MemFree:          449924 kB
MemAvailable:    1462312 kB
Buffers:           78668 kB
Cached:          1050268 kB
MemTotal:        1844596 kB
MemFree:          449916 kB
MemAvailable:    1462304 kB
Buffers:           78668 kB
Cached:          1050268 kB
MemTotal:        1844596 kB
MemFree:          447464 kB
MemAvailable:    1459852 kB
Buffers:           78668 kB
Cached:          1050268 kB
MemTotal:        1844596 kB
MemFree:          446952 kB
MemAvailable:    1459340 kB
Buffers:           78668 kB
Cached:          1050268 kB
MemTotal:        1844596 kB
MemFree:          446232 kB
MemAvailable:    1458620 kB
Buffers:           78668 kB
Cached:          1050268 kB
MemTotal:        1844596 kB
MemFree:          445596 kB
MemAvailable:    1457984 kB
Buffers:           78668 kB
Cached:          1050268 kB
MemTotal:        1844596 kB
MemFree:          446572 kB
MemAvailable:    1458960 kB
Buffers:           78668 kB
Cached:          1050268 kB
MemTotal:        1844596 kB
MemFree:          446656 kB
MemAvailable:    1459044 kB
Buffers:           78668 kB
Cached:          1050268 kB
MemTotal:        1844596 kB
MemFree:          445292 kB
MemAvailable:    1457680 kB
Buffers:           78668 kB
Cached:          1050268 kB
MemTotal:        1844596 kB
MemFree:          445424 kB
MemAvailable:    1457812 kB
Buffers:           78668 kB
Cached:          1050268 kB
MemTotal:        1844596 kB
MemFree:          446276 kB
MemAvailable:    1458664 kB
Buffers:           78668 kB
Cached:          1050268 kB
MemTotal:        1844596 kB
MemFree:          446276 kB
MemAvailable:    1458664 kB
Buffers:           78668 kB
Cached:          1050268 kB
MemTotal:        1844596 kB
MemFree:          446104 kB
MemAvailable:    1458492 kB
Buffers:           78668 kB
Cached:          1050268 kB
MemTotal:        1844596 kB
MemFree:          445848 kB
MemAvailable:    1458236 kB
Buffers:           78668 kB
Cached:          1050268 kB
MemTotal:        1844596 kB
MemFree:          445768 kB
MemAvailable:    1458156 kB
Buffers:           78668 kB
Cached:          1050268 kB
MemTotal:        1844596 kB
MemFree:          445768 kB
MemAvailable:    1458156 kB
Buffers:           78668 kB
Cached:          1050268 kB
MemTotal:        1844596 kB
MemFree:          445772 kB
MemAvailable:    1458160 kB
Buffers:           78668 kB
Cached:          1050268 kB
MemTotal:        1844596 kB
MemFree:          444300 kB
MemAvailable:    1456688 kB
Buffers:           78668 kB
Cached:          1050268 kB
MemTotal:        1844596 kB
MemFree:          445504 kB
MemAvailable:    1457892 kB
Buffers:           78668 kB
Cached:          1050268 kB
MemTotal:        1844596 kB
MemFree:          445464 kB
MemAvailable:    1457852 kB
Buffers:           78668 kB
Cached:          1050268 kB
MemTotal:        1844596 kB
MemFree:          444736 kB
MemAvailable:    1457124 kB
Buffers:           78668 kB
Cached:          1050268 kB
MemTotal:        1844596 kB
MemFree:          445772 kB
MemAvailable:    1458160 kB
Buffers:           78668 kB
Cached:          1050268 kB
MemTotal:        1844596 kB
MemFree:          444604 kB
MemAvailable:    1456992 kB
Buffers:           78668 kB
Cached:          1050268 kB
MemTotal:        1844596 kB
MemFree:          444364 kB
MemAvailable:    1456752 kB
Buffers:           78668 kB
Cached:          1050268 kB
MemTotal:        1844596 kB
MemFree:          445588 kB
MemAvailable:    1457976 kB
Buffers:           78668 kB
Cached:          1050268 kB
MemTotal:        1844596 kB
MemFree:          445348 kB
MemAvailable:    1457736 kB
Buffers:           78668 kB
Cached:          1050268 kB
MemTotal:        1844596 kB
MemFree:          445548 kB
MemAvailable:    1457936 kB
Buffers:           78668 kB
Cached:          1050268 kB
MemTotal:        1844596 kB
MemFree:          444220 kB
MemAvailable:    1456608 kB
Buffers:           78668 kB
Cached:          1050268 kB
MemTotal:        1844596 kB
MemFree:          444344 kB
MemAvailable:    1456732 kB
Buffers:           78668 kB
Cached:          1050268 kB
MemTotal:        1844596 kB
MemFree:          445584 kB
MemAvailable:    1457972 kB
Buffers:           78668 kB
Cached:          1050268 kB
MemTotal:        1844596 kB
MemFree:          445280 kB
MemAvailable:    1457668 kB
Buffers:           78668 kB
Cached:          1050268 kB
MemTotal:        1844596 kB
MemFree:          445532 kB
MemAvailable:    1457920 kB
Buffers:           78668 kB
Cached:          1050268 kB
MemTotal:        1844596 kB
MemFree:          445520 kB
MemAvailable:    1457908 kB
Buffers:           78668 kB
Cached:          1050268 kB
MemTotal:        1844596 kB
MemFree:          445504 kB
MemAvailable:    1457892 kB
Buffers:           78668 kB
Cached:          1050268 kB
MemTotal:        1844596 kB
MemFree:          444344 kB
MemAvailable:    1456732 kB
Buffers:           78668 kB
Cached:          1050268 kB
MemTotal:        1844596 kB
MemFree:          444364 kB
MemAvailable:    1456760 kB
Buffers:           78668 kB
Cached:          1050276 kB
MemTotal:        1844596 kB
MemFree:          445340 kB
MemAvailable:    1457736 kB
Buffers:           78668 kB
Cached:          1050276 kB
MemTotal:        1844596 kB
MemFree:          445052 kB
MemAvailable:    1457448 kB
Buffers:           78668 kB
Cached:          1050276 kB
MemTotal:        1844596 kB
MemFree:          445300 kB
MemAvailable:    1457696 kB
Buffers:           78668 kB
Cached:          1050276 kB
MemTotal:        1844596 kB
MemFree:          445636 kB
MemAvailable:    1458032 kB
Buffers:           78668 kB
Cached:          1050276 kB
MemTotal:        1844596 kB
MemFree:          445348 kB
MemAvailable:    1457744 kB
Buffers:           78668 kB
Cached:          1050276 kB
MemTotal:        1844596 kB
MemFree:          445348 kB
MemAvailable:    1457744 kB
Buffers:           78668 kB
Cached:          1050276 kB
MemTotal:        1844596 kB
MemFree:          443928 kB
MemAvailable:    1456324 kB
Buffers:           78668 kB
Cached:          1050276 kB
MemTotal:        1844596 kB
MemFree:          445040 kB
MemAvailable:    1457436 kB
Buffers:           78668 kB
Cached:          1050276 kB
MemTotal:        1844596 kB
MemFree:          445040 kB
MemAvailable:    1457436 kB
Buffers:           78668 kB
Cached:          1050276 kB
MemTotal:        1844596 kB
MemFree:          443912 kB
MemAvailable:    1456308 kB
Buffers:           78668 kB
Cached:          1050276 kB
MemTotal:        1844596 kB
MemFree:          443952 kB
MemAvailable:    1456348 kB
Buffers:           78668 kB
Cached:          1050276 kB
MemTotal:        1844596 kB
MemFree:          445060 kB
MemAvailable:    1457456 kB
Buffers:           78668 kB
Cached:          1050276 kB
MemTotal:        1844596 kB
MemFree:          445316 kB
MemAvailable:    1457712 kB
Buffers:           78668 kB
Cached:          1050276 kB
MemTotal:        1844596 kB
MemFree:          443812 kB
MemAvailable:    1456208 kB
Buffers:           78668 kB
Cached:          1050276 kB
MemTotal:        1844596 kB
MemFree:          445092 kB
MemAvailable:    1457488 kB
Buffers:           78668 kB
Cached:          1050276 kB
MemTotal:        1844596 kB
MemFree:          445108 kB
MemAvailable:    1457504 kB
Buffers:           78668 kB
Cached:          1050276 kB
MemTotal:        1844596 kB
MemFree:          445280 kB
MemAvailable:    1457676 kB
Buffers:           78668 kB
Cached:          1050276 kB
MemTotal:        1844596 kB
MemFree:          443808 kB
MemAvailable:    1456204 kB
Buffers:           78668 kB
Cached:          1050276 kB
MemTotal:        1844596 kB
MemFree:          445228 kB
MemAvailable:    1457624 kB
Buffers:           78668 kB
Cached:          1050276 kB
MemTotal:        1844596 kB
MemFree:          445132 kB
MemAvailable:    1457528 kB
Buffers:           78668 kB
Cached:          1050276 kB
MemTotal:        1844596 kB
MemFree:          444480 kB
MemAvailable:    1456876 kB
Buffers:           78668 kB
Cached:          1050276 kB
MemTotal:        1844596 kB
MemFree:          445348 kB
MemAvailable:    1457748 kB
Buffers:           78668 kB
Cached:          1050280 kB
MemTotal:        1844596 kB
MemFree:          445276 kB
MemAvailable:    1457676 kB
Buffers:           78668 kB
Cached:          1050280 kB
MemTotal:        1844596 kB
MemFree:          445072 kB
MemAvailable:    1457472 kB
Buffers:           78668 kB
Cached:          1050280 kB
MemTotal:        1844596 kB
MemFree:          445072 kB
MemAvailable:    1457472 kB
Buffers:           78668 kB
Cached:          1050280 kB
MemTotal:        1844596 kB
MemFree:          443812 kB
MemAvailable:    1456212 kB
Buffers:           78668 kB
Cached:          1050280 kB
MemTotal:        1844596 kB
MemFree:          444920 kB
MemAvailable:    1457320 kB
Buffers:           78668 kB
Cached:          1050280 kB
MemTotal:        1844596 kB
MemFree:          445088 kB
MemAvailable:    1457488 kB
Buffers:           78668 kB
Cached:          1050280 kB
MemTotal:        1844596 kB
MemFree:          443796 kB
MemAvailable:    1456196 kB
Buffers:           78668 kB
Cached:          1050280 kB
MemTotal:        1844596 kB
MemFree:          445376 kB
MemAvailable:    1457776 kB
Buffers:           78668 kB
Cached:          1050280 kB
MemTotal:        1844596 kB
MemFree:          444612 kB
MemAvailable:    1457012 kB
Buffers:           78668 kB
Cached:          1050280 kB
MemTotal:        1844596 kB
MemFree:          444240 kB
MemAvailable:    1456640 kB
Buffers:           78668 kB
Cached:          1050280 kB
MemTotal:        1844596 kB
MemFree:          445276 kB
MemAvailable:    1457676 kB
Buffers:           78668 kB
Cached:          1050280 kB
MemTotal:        1844596 kB
MemFree:          445300 kB
MemAvailable:    1457700 kB
Buffers:           78668 kB
Cached:          1050280 kB
MemTotal:        1844596 kB
MemFree:          451680 kB
MemAvailable:    1464080 kB
Buffers:           78668 kB
Cached:          1050280 kB
MemTotal:        1844596 kB
MemFree:          451336 kB
MemAvailable:    1463736 kB
Buffers:           78668 kB
Cached:          1050280 kB
MemTotal:        1844596 kB
MemFree:          451672 kB
MemAvailable:    1464072 kB
Buffers:           78668 kB
Cached:          1050280 kB
MemTotal:        1844596 kB
MemFree:          451436 kB
MemAvailable:    1463836 kB
Buffers:           78668 kB
Cached:          1050280 kB
MemTotal:        1844596 kB
MemFree:          451180 kB
MemAvailable:    1463580 kB
Buffers:           78668 kB
Cached:          1050280 kB
MemTotal:        1844596 kB
MemFree:          450564 kB
MemAvailable:    1462964 kB
Buffers:           78668 kB
Cached:          1050280 kB
MemTotal:        1844596 kB
MemFree:          450184 kB
MemAvailable:    1462584 kB
Buffers:           78668 kB
Cached:          1050280 kB
MemTotal:        1844596 kB
MemFree:          451540 kB
MemAvailable:    1463940 kB
Buffers:           78668 kB
Cached:          1050280 kB
MemTotal:        1844596 kB
MemFree:          451360 kB
MemAvailable:    1463760 kB
Buffers:           78668 kB
Cached:          1050280 kB
MemTotal:        1844596 kB
MemFree:          449928 kB
MemAvailable:    1462328 kB
Buffers:           78668 kB
Cached:          1050280 kB
MemTotal:        1844596 kB
MemFree:          451028 kB
MemAvailable:    1463428 kB
Buffers:           78668 kB
Cached:          1050280 kB
MemTotal:        1844596 kB
MemFree:          451184 kB
MemAvailable:    1463584 kB
Buffers:           78668 kB
Cached:          1050280 kB
MemTotal:        1844596 kB
MemFree:          451232 kB
MemAvailable:    1463632 kB
Buffers:           78668 kB
Cached:          1050280 kB
MemTotal:        1844596 kB
MemFree:          449800 kB
MemAvailable:    1462200 kB
Buffers:           78668 kB
Cached:          1050280 kB
MemTotal:        1844596 kB
MemFree:          450172 kB
MemAvailable:    1462572 kB
Buffers:           78668 kB
Cached:          1050280 kB
MemTotal:        1844596 kB
MemFree:          449936 kB
MemAvailable:    1462336 kB
Buffers:           78668 kB
Cached:          1050280 kB
MemTotal:        1844596 kB
MemFree:          446464 kB
MemAvailable:    1458864 kB
Buffers:           78668 kB
Cached:          1050280 kB
MemTotal:        1844596 kB
MemFree:          446588 kB
MemAvailable:    1458988 kB
Buffers:           78668 kB
Cached:          1050280 kB
MemTotal:        1844596 kB
MemFree:          447340 kB
MemAvailable:    1459740 kB
Buffers:           78668 kB
Cached:          1050280 kB
MemTotal:        1844596 kB
MemFree:          446224 kB
MemAvailable:    1458624 kB
Buffers:           78668 kB
Cached:          1050280 kB
MemTotal:        1844596 kB
MemFree:          446952 kB
MemAvailable:    1459356 kB
Buffers:           78668 kB
Cached:          1050284 kB
MemTotal:        1844596 kB
MemFree:          447036 kB
MemAvailable:    1459440 kB
Buffers:           78668 kB
Cached:          1050284 kB
MemTotal:        1844596 kB
MemFree:          446848 kB
MemAvailable:    1459252 kB
Buffers:           78668 kB
Cached:          1050284 kB
MemTotal:        1844596 kB
MemFree:          447012 kB
MemAvailable:    1459416 kB
Buffers:           78668 kB
Cached:          1050284 kB
MemTotal:        1844596 kB
MemFree:          447012 kB
MemAvailable:    1459416 kB
Buffers:           78668 kB
Cached:          1050284 kB
MemTotal:        1844596 kB
MemFree:          445452 kB
MemAvailable:    1457856 kB
Buffers:           78668 kB
Cached:          1050284 kB
MemTotal:        1844596 kB
MemFree:          445452 kB
MemAvailable:    1457856 kB
Buffers:           78668 kB
Cached:          1050284 kB
MemTotal:        1844596 kB
MemFree:          445320 kB
MemAvailable:    1457724 kB
Buffers:           78668 kB
Cached:          1050284 kB
MemTotal:        1844596 kB
MemFree:          445224 kB
MemAvailable:    1457628 kB
Buffers:           78668 kB
Cached:          1050284 kB
MemTotal:        1844596 kB
MemFree:          446268 kB
MemAvailable:    1458672 kB
Buffers:           78668 kB
Cached:          1050284 kB
MemTotal:        1844596 kB
MemFree:          445108 kB
MemAvailable:    1457512 kB
Buffers:           78668 kB
Cached:          1050284 kB
MemTotal:        1844596 kB
MemFree:          444688 kB
MemAvailable:    1457092 kB
Buffers:           78668 kB
Cached:          1050284 kB
MemTotal:        1844596 kB
MemFree:          445904 kB
MemAvailable:    1458308 kB
Buffers:           78668 kB
Cached:          1050284 kB
MemTotal:        1844596 kB
MemFree:          445672 kB
MemAvailable:    1458076 kB
Buffers:           78668 kB
Cached:          1050284 kB
MemTotal:        1844596 kB
MemFree:          445672 kB
MemAvailable:    1458076 kB
Buffers:           78668 kB
Cached:          1050284 kB
MemTotal:        1844596 kB
MemFree:          445464 kB
MemAvailable:    1457872 kB
Buffers:           78668 kB
Cached:          1050288 kB
MemTotal:        1844596 kB
MemFree:          445800 kB
MemAvailable:    1458208 kB
Buffers:           78668 kB
Cached:          1050288 kB
MemTotal:        1844596 kB
MemFree:          444440 kB
MemAvailable:    1456848 kB
Buffers:           78668 kB
Cached:          1050288 kB
MemTotal:        1844596 kB
MemFree:          446036 kB
MemAvailable:    1458444 kB
Buffers:           78668 kB
Cached:          1050288 kB
MemTotal:        1844596 kB
MemFree:          444688 kB
MemAvailable:    1457096 kB
Buffers:           78668 kB
Cached:          1050288 kB
MemTotal:        1844596 kB
MemFree:          446160 kB
MemAvailable:    1458568 kB
Buffers:           78668 kB
Cached:          1050288 kB
MemTotal:        1844596 kB
MemFree:          451584 kB
MemAvailable:    1463992 kB
Buffers:           78668 kB
Cached:          1050288 kB
MemTotal:        1844596 kB
MemFree:          451920 kB
MemAvailable:    1464328 kB
Buffers:           78668 kB
Cached:          1050288 kB
MemTotal:        1844596 kB
MemFree:          451852 kB
MemAvailable:    1464260 kB
Buffers:           78668 kB
Cached:          1050288 kB
MemTotal:        1844596 kB
MemFree:          451596 kB
MemAvailable:    1464004 kB
Buffers:           78668 kB
Cached:          1050288 kB
MemTotal:        1844596 kB
MemFree:          450544 kB
MemAvailable:    1462952 kB
Buffers:           78668 kB
Cached:          1050288 kB
MemTotal:        1844596 kB
MemFree:          451456 kB
MemAvailable:    1463864 kB
Buffers:           78668 kB
Cached:          1050288 kB
MemTotal:        1844596 kB
MemFree:          450688 kB
MemAvailable:    1463096 kB
Buffers:           78668 kB
Cached:          1050288 kB
MemTotal:        1844596 kB
MemFree:          450308 kB
MemAvailable:    1462716 kB
Buffers:           78668 kB
Cached:          1050288 kB
MemTotal:        1844596 kB
MemFree:          450432 kB
MemAvailable:    1462840 kB
Buffers:           78668 kB
Cached:          1050288 kB
MemTotal:        1844596 kB
MemFree:          450040 kB
MemAvailable:    1462448 kB
Buffers:           78668 kB
Cached:          1050288 kB
MemTotal:        1844596 kB
MemFree:          451404 kB
MemAvailable:    1463812 kB
Buffers:           78668 kB
Cached:          1050288 kB
MemTotal:        1844596 kB
MemFree:          450000 kB
MemAvailable:    1462408 kB
Buffers:           78668 kB
Cached:          1050288 kB
MemTotal:        1844596 kB
MemFree:          451176 kB
MemAvailable:    1463584 kB
Buffers:           78668 kB
Cached:          1050288 kB
MemTotal:        1844596 kB
MemFree:          451176 kB
MemAvailable:    1463584 kB
Buffers:           78668 kB
Cached:          1050288 kB
MemTotal:        1844596 kB
MemFree:          450012 kB
MemAvailable:    1462420 kB
Buffers:           78668 kB
Cached:          1050288 kB
MemTotal:        1844596 kB
MemFree:          450136 kB
MemAvailable:    1462544 kB
Buffers:           78668 kB
Cached:          1050288 kB
MemTotal:        1844596 kB
MemFree:          449192 kB
MemAvailable:    1461600 kB
Buffers:           78668 kB
Cached:          1050288 kB
MemTotal:        1844596 kB
MemFree:          449068 kB
MemAvailable:    1461476 kB
Buffers:           78668 kB
Cached:          1050288 kB
MemTotal:        1844596 kB
MemFree:          448208 kB
MemAvailable:    1460616 kB
Buffers:           78668 kB
Cached:          1050288 kB
MemTotal:        1844596 kB
MemFree:          447216 kB
MemAvailable:    1459624 kB
Buffers:           78668 kB
Cached:          1050288 kB
MemTotal:        1844596 kB
MemFree:          448068 kB
MemAvailable:    1460476 kB
Buffers:           78668 kB
Cached:          1050288 kB
MemTotal:        1844596 kB
MemFree:          448152 kB
MemAvailable:    1460560 kB
Buffers:           78668 kB
Cached:          1050288 kB
MemTotal:        1844596 kB
MemFree:          446664 kB
MemAvailable:    1459072 kB
Buffers:           78668 kB
Cached:          1050288 kB
MemTotal:        1844596 kB
MemFree:          447772 kB
MemAvailable:    1460180 kB
Buffers:           78668 kB
Cached:          1050288 kB
MemTotal:        1844596 kB
MemFree:          447772 kB
MemAvailable:    1460180 kB
Buffers:           78668 kB
Cached:          1050288 kB
MemTotal:        1844596 kB
MemFree:          446412 kB
MemAvailable:    1458820 kB
Buffers:           78668 kB
Cached:          1050288 kB
MemTotal:        1844596 kB
MemFree:          447388 kB
MemAvailable:    1459796 kB
Buffers:           78668 kB
Cached:          1050288 kB
MemTotal:        1844596 kB
MemFree:          447556 kB
MemAvailable:    1459964 kB
Buffers:           78668 kB
Cached:          1050288 kB
MemTotal:        1844596 kB
MemFree:          446036 kB
MemAvailable:    1458444 kB
Buffers:           78668 kB
Cached:          1050288 kB
MemTotal:        1844596 kB
MemFree:          446036 kB
MemAvailable:    1458444 kB
Buffers:           78668 kB
Cached:          1050288 kB
MemTotal:        1844596 kB
MemFree:          446656 kB
MemAvailable:    1459064 kB
Buffers:           78668 kB
Cached:          1050288 kB
MemTotal:        1844596 kB
MemFree:          445224 kB
MemAvailable:    1457632 kB
Buffers:           78668 kB
Cached:          1050288 kB
MemTotal:        1844596 kB
MemFree:          446276 kB
MemAvailable:    1458684 kB
Buffers:           78668 kB
Cached:          1050288 kB
MemTotal:        1844596 kB
MemFree:          445944 kB
MemAvailable:    1458352 kB
Buffers:           78668 kB
Cached:          1050288 kB
MemTotal:        1844596 kB
MemFree:          445604 kB
MemAvailable:    1458012 kB
Buffers:           78668 kB
Cached:          1050288 kB
MemTotal:        1844596 kB
MemFree:          445980 kB
MemAvailable:    1458388 kB
Buffers:           78668 kB
Cached:          1050288 kB
MemTotal:        1844596 kB
MemFree:          445956 kB
MemAvailable:    1458364 kB
Buffers:           78668 kB
Cached:          1050288 kB
MemTotal:        1844596 kB
MemFree:          445224 kB
MemAvailable:    1457632 kB
Buffers:           78668 kB
Cached:          1050288 kB
MemTotal:        1844596 kB
MemFree:          445836 kB
MemAvailable:    1458248 kB
Buffers:           78668 kB
Cached:          1050292 kB
MemTotal:        1844596 kB
MemFree:          446172 kB
MemAvailable:    1458584 kB
Buffers:           78668 kB
Cached:          1050292 kB
MemTotal:        1844596 kB
MemFree:          445788 kB
MemAvailable:    1458200 kB
Buffers:           78668 kB
Cached:          1050292 kB
MemTotal:        1844596 kB
MemFree:          445956 kB
MemAvailable:    1458368 kB
Buffers:           78668 kB
Cached:          1050292 kB
MemTotal:        1844596 kB
MemFree:          445532 kB
MemAvailable:    1457944 kB
Buffers:           78668 kB
Cached:          1050292 kB
MemTotal:        1844596 kB
MemFree:          445868 kB
MemAvailable:    1458280 kB
Buffers:           78668 kB
Cached:          1050292 kB
MemTotal:        1844596 kB
MemFree:          445712 kB
MemAvailable:    1458124 kB
Buffers:           78668 kB
Cached:          1050292 kB
MemTotal:        1844596 kB
MemFree:          445964 kB
MemAvailable:    1458376 kB
Buffers:           78668 kB
Cached:          1050292 kB
MemTotal:        1844596 kB
MemFree:          445840 kB
MemAvailable:    1458252 kB
Buffers:           78668 kB
Cached:          1050292 kB
MemTotal:        1844596 kB
MemFree:          445852 kB
MemAvailable:    1458264 kB
Buffers:           78668 kB
Cached:          1050292 kB
MemTotal:        1844596 kB
MemFree:          445648 kB
MemAvailable:    1458060 kB
Buffers:           78668 kB
Cached:          1050292 kB
MemTotal:        1844596 kB
MemFree:          445900 kB
MemAvailable:    1458312 kB
Buffers:           78668 kB
Cached:          1050292 kB
MemTotal:        1844596 kB
MemFree:          450060 kB
MemAvailable:    1462472 kB
Buffers:           78668 kB
Cached:          1050292 kB
MemTotal:        1844596 kB
MemFree:          450268 kB
MemAvailable:    1462680 kB
Buffers:           78668 kB
Cached:          1050292 kB
MemTotal:        1844596 kB
MemFree:          451128 kB
MemAvailable:    1463540 kB
Buffers:           78668 kB
Cached:          1050292 kB
MemTotal:        1844596 kB
MemFree:          451184 kB
MemAvailable:    1463596 kB
Buffers:           78668 kB
Cached:          1050292 kB
MemTotal:        1844596 kB
MemFree:          450048 kB
MemAvailable:    1462460 kB
Buffers:           78668 kB
Cached:          1050292 kB
MemTotal:        1844596 kB
MemFree:          450420 kB
MemAvailable:    1462832 kB
Buffers:           78668 kB
Cached:          1050292 kB
MemTotal:        1844596 kB
MemFree:          450172 kB
MemAvailable:    1462584 kB
Buffers:           78668 kB
Cached:          1050292 kB
MemTotal:        1844596 kB
MemFree:          451296 kB
MemAvailable:    1463708 kB
Buffers:           78668 kB
Cached:          1050292 kB
MemTotal:        1844596 kB
MemFree:          451100 kB
MemAvailable:    1463512 kB
Buffers:           78668 kB
Cached:          1050292 kB
MemTotal:        1844596 kB
MemFree:          449916 kB
MemAvailable:    1462328 kB
Buffers:           78668 kB
Cached:          1050292 kB
MemTotal:        1844596 kB
MemFree:          448820 kB
MemAvailable:    1461232 kB
Buffers:           78668 kB
Cached:          1050292 kB
MemTotal:        1844596 kB
MemFree:          449152 kB
MemAvailable:    1461564 kB
Buffers:           78668 kB
Cached:          1050292 kB
MemTotal:        1844596 kB
MemFree:          448084 kB
MemAvailable:    1460496 kB
Buffers:           78668 kB
Cached:          1050292 kB
MemTotal:        1844596 kB
MemFree:          449012 kB
MemAvailable:    1461428 kB
Buffers:           78668 kB
Cached:          1050296 kB
MemTotal:        1844596 kB
MemFree:          447836 kB
MemAvailable:    1460252 kB
Buffers:           78668 kB
Cached:          1050296 kB
MemTotal:        1844596 kB
MemFree:          448552 kB
MemAvailable:    1460968 kB
Buffers:           78668 kB
Cached:          1050296 kB
MemTotal:        1844596 kB
MemFree:          448888 kB
MemAvailable:    1461304 kB
Buffers:           78668 kB
Cached:          1050296 kB
MemTotal:        1844596 kB
MemFree:          448740 kB
MemAvailable:    1461156 kB
Buffers:           78668 kB
Cached:          1050296 kB
MemTotal:        1844596 kB
MemFree:          448824 kB
MemAvailable:    1461240 kB
Buffers:           78668 kB
Cached:          1050296 kB
MemTotal:        1844596 kB
MemFree:          447648 kB
MemAvailable:    1460064 kB
Buffers:           78668 kB
Cached:          1050296 kB
MemTotal:        1844596 kB
MemFree:          448200 kB
MemAvailable:    1460616 kB
Buffers:           78668 kB
Cached:          1050296 kB
MemTotal:        1844596 kB
MemFree:          448200 kB
MemAvailable:    1460616 kB
Buffers:           78668 kB
Cached:          1050296 kB
MemTotal:        1844596 kB
MemFree:          448680 kB
MemAvailable:    1461096 kB
Buffers:           78668 kB
Cached:          1050296 kB
MemTotal:        1844596 kB
MemFree:          448932 kB
MemAvailable:    1461348 kB
Buffers:           78668 kB
Cached:          1050296 kB
MemTotal:        1844596 kB
MemFree:          447400 kB
MemAvailable:    1459816 kB
Buffers:           78668 kB
Cached:          1050296 kB
MemTotal:        1844596 kB
MemFree:          447524 kB
MemAvailable:    1459940 kB
Buffers:           78668 kB
Cached:          1050296 kB
MemTotal:        1844596 kB
MemFree:          448516 kB
MemAvailable:    1460932 kB
Buffers:           78668 kB
Cached:          1050296 kB
MemTotal:        1844596 kB
MemFree:          447704 kB
MemAvailable:    1460120 kB
Buffers:           78668 kB
Cached:          1050296 kB
MemTotal:        1844596 kB
MemFree:          447208 kB
MemAvailable:    1459624 kB
Buffers:           78668 kB
Cached:          1050296 kB
MemTotal:        1844596 kB
MemFree:          447888 kB
MemAvailable:    1460304 kB
Buffers:           78668 kB
Cached:          1050296 kB
MemTotal:        1844596 kB
MemFree:          446596 kB
MemAvailable:    1459012 kB
Buffers:           78668 kB
Cached:          1050296 kB
MemTotal:        1844596 kB
MemFree:          447696 kB
MemAvailable:    1460112 kB
Buffers:           78668 kB
Cached:          1050296 kB
MemTotal:        1844596 kB
MemFree:          447696 kB
MemAvailable:    1460112 kB
Buffers:           78668 kB
Cached:          1050296 kB
MemTotal:        1844596 kB
MemFree:          447160 kB
MemAvailable:    1459576 kB
Buffers:           78668 kB
Cached:          1050296 kB
MemTotal:        1844596 kB
MemFree:          446596 kB
MemAvailable:    1459012 kB
Buffers:           78668 kB
Cached:          1050296 kB
MemTotal:        1844596 kB
MemFree:          445788 kB
MemAvailable:    1458204 kB
Buffers:           78668 kB
Cached:          1050296 kB
MemTotal:        1844596 kB
MemFree:          445912 kB
MemAvailable:    1458328 kB
Buffers:           78668 kB
Cached:          1050296 kB
MemTotal:        1844596 kB
MemFree:          445788 kB
MemAvailable:    1458204 kB
Buffers:           78668 kB
Cached:          1050296 kB
MemTotal:        1844596 kB
MemFree:          445788 kB
MemAvailable:    1458204 kB
Buffers:           78668 kB
Cached:          1050296 kB
MemTotal:        1844596 kB
MemFree:          445656 kB
MemAvailable:    1458072 kB
Buffers:           78668 kB
Cached:          1050296 kB
MemTotal:        1844596 kB
MemFree:          445780 kB
MemAvailable:    1458196 kB
Buffers:           78668 kB
Cached:          1050296 kB
MemTotal:        1844596 kB
MemFree:          446500 kB
MemAvailable:    1458916 kB
Buffers:           78668 kB
Cached:          1050296 kB
MemTotal:        1844596 kB
MemFree:          446836 kB
MemAvailable:    1459252 kB
Buffers:           78668 kB
Cached:          1050296 kB
MemTotal:        1844596 kB
MemFree:          445472 kB
MemAvailable:    1457888 kB
Buffers:           78668 kB
Cached:          1050296 kB
MemTotal:        1844596 kB
MemFree:          446780 kB
MemAvailable:    1459196 kB
Buffers:           78668 kB
Cached:          1050296 kB
MemTotal:        1844596 kB
MemFree:          445432 kB
MemAvailable:    1457848 kB
Buffers:           78668 kB
Cached:          1050296 kB
MemTotal:        1844596 kB
MemFree:          446656 kB
MemAvailable:    1459072 kB
Buffers:           78668 kB
Cached:          1050296 kB
MemTotal:        1844596 kB
MemFree:          446536 kB
MemAvailable:    1458952 kB
Buffers:           78668 kB
Cached:          1050296 kB
MemTotal:        1844596 kB
MemFree:          446536 kB
MemAvailable:    1458952 kB
Buffers:           78668 kB
Cached:          1050296 kB
MemTotal:        1844596 kB
MemFree:          445432 kB
MemAvailable:    1457848 kB
Buffers:           78668 kB
Cached:          1050296 kB
MemTotal:        1844596 kB
MemFree:          445796 kB
MemAvailable:    1458212 kB
Buffers:           78668 kB
Cached:          1050296 kB
MemTotal:        1844596 kB
MemFree:          445424 kB
MemAvailable:    1457840 kB
Buffers:           78668 kB
Cached:          1050296 kB
MemTotal:        1844596 kB
MemFree:          446536 kB
MemAvailable:    1458952 kB
Buffers:           78668 kB
Cached:          1050296 kB
MemTotal:        1844596 kB
MemFree:          446788 kB
MemAvailable:    1459204 kB
Buffers:           78668 kB
Cached:          1050296 kB
MemTotal:        1844596 kB
MemFree:          445308 kB
MemAvailable:    1457724 kB
Buffers:           78668 kB
Cached:          1050296 kB
MemTotal:        1844596 kB
MemFree:          445556 kB
MemAvailable:    1457972 kB
Buffers:           78668 kB
Cached:          1050296 kB
MemTotal:        1844596 kB
MemFree:          445432 kB
MemAvailable:    1457848 kB
Buffers:           78668 kB
Cached:          1050296 kB
MemTotal:        1844596 kB
MemFree:          445548 kB
MemAvailable:    1457964 kB
Buffers:           78668 kB
Cached:          1050296 kB
MemTotal:        1844596 kB
MemFree:          445460 kB
MemAvailable:    1457876 kB
Buffers:           78668 kB
Cached:          1050296 kB
MemTotal:        1844596 kB
MemFree:          446656 kB
MemAvailable:    1459072 kB
Buffers:           78668 kB
Cached:          1050296 kB
MemTotal:        1844596 kB
MemFree:          445968 kB
MemAvailable:    1458384 kB
Buffers:           78668 kB
Cached:          1050296 kB
MemTotal:        1844596 kB
MemFree:          446524 kB
MemAvailable:    1458940 kB
Buffers:           78668 kB
Cached:          1050296 kB
MemTotal:        1844596 kB
MemFree:          445292 kB
MemAvailable:    1457708 kB
Buffers:           78668 kB
Cached:          1050296 kB
MemTotal:        1844596 kB
MemFree:          445292 kB
MemAvailable:    1457708 kB
Buffers:           78668 kB
Cached:          1050296 kB
MemTotal:        1844596 kB
MemFree:          446328 kB
MemAvailable:    1458744 kB
Buffers:           78668 kB
Cached:          1050296 kB
MemTotal:        1844596 kB
MemFree:          445472 kB
MemAvailable:    1457888 kB
Buffers:           78668 kB
Cached:          1050296 kB
MemTotal:        1844596 kB
MemFree:          446392 kB
MemAvailable:    1458812 kB
Buffers:           78668 kB
Cached:          1050300 kB
MemTotal:        1844596 kB
MemFree:          446332 kB
MemAvailable:    1458752 kB
Buffers:           78668 kB
Cached:          1050300 kB
MemTotal:        1844596 kB
MemFree:          446236 kB
MemAvailable:    1458656 kB
Buffers:           78668 kB
Cached:          1050300 kB
MemTotal:        1844596 kB
MemFree:          446148 kB
MemAvailable:    1458568 kB
Buffers:           78668 kB
Cached:          1050300 kB
MemTotal:        1844596 kB
MemFree:          444924 kB
MemAvailable:    1457344 kB
Buffers:           78668 kB
Cached:          1050300 kB
MemTotal:        1844596 kB
MemFree:          446192 kB
MemAvailable:    1458612 kB
Buffers:           78668 kB
Cached:          1050300 kB
MemTotal:        1844596 kB
MemFree:          446192 kB
MemAvailable:    1458612 kB
Buffers:           78668 kB
Cached:          1050300 kB
MemTotal:        1844596 kB
MemFree:          446144 kB
MemAvailable:    1458564 kB
Buffers:           78668 kB
Cached:          1050300 kB
MemTotal:        1844596 kB
MemFree:          445052 kB
MemAvailable:    1457472 kB
Buffers:           78668 kB
Cached:          1050300 kB
MemTotal:        1844596 kB
MemFree:          445044 kB
MemAvailable:    1457464 kB
Buffers:           78668 kB
Cached:          1050300 kB
MemTotal:        1844596 kB
MemFree:          444788 kB
MemAvailable:    1457208 kB
Buffers:           78668 kB
Cached:          1050300 kB
MemTotal:        1844596 kB
MemFree:          444956 kB
MemAvailable:    1457376 kB
Buffers:           78668 kB
Cached:          1050300 kB
MemTotal:        1844596 kB
MemFree:          446312 kB
MemAvailable:    1458732 kB
Buffers:           78668 kB
Cached:          1050300 kB
MemTotal:        1844596 kB
MemFree:          444916 kB
MemAvailable:    1457336 kB
Buffers:           78668 kB
Cached:          1050300 kB
MemTotal:        1844596 kB
MemFree:          446140 kB
MemAvailable:    1458560 kB
Buffers:           78668 kB
Cached:          1050300 kB
MemTotal:        1844596 kB
MemFree:          446236 kB
MemAvailable:    1458656 kB
Buffers:           78668 kB
Cached:          1050300 kB
MemTotal:        1844596 kB
MemFree:          445960 kB
MemAvailable:    1458380 kB
Buffers:           78668 kB
Cached:          1050300 kB
MemTotal:        1844596 kB
MemFree:          446300 kB
MemAvailable:    1458720 kB
Buffers:           78668 kB
Cached:          1050300 kB
MemTotal:        1844596 kB
MemFree:          444920 kB
MemAvailable:    1457340 kB
Buffers:           78668 kB
Cached:          1050300 kB
MemTotal:        1844596 kB
MemFree:          444928 kB
MemAvailable:    1457348 kB
Buffers:           78668 kB
Cached:          1050300 kB
MemTotal:        1844596 kB
MemFree:          446320 kB
MemAvailable:    1458740 kB
Buffers:           78668 kB
Cached:          1050300 kB
MemTotal:        1844596 kB
MemFree:          445776 kB
MemAvailable:    1458196 kB
Buffers:           78668 kB
Cached:          1050300 kB
MemTotal:        1844596 kB
MemFree:          444664 kB
MemAvailable:    1457084 kB
Buffers:           78668 kB
Cached:          1050300 kB
MemTotal:        1844596 kB
MemFree:          444828 kB
MemAvailable:    1457248 kB
Buffers:           78668 kB
Cached:          1050300 kB
MemTotal:        1844596 kB
MemFree:          446144 kB
MemAvailable:    1458564 kB
Buffers:           78668 kB
Cached:          1050300 kB
MemTotal:        1844596 kB
MemFree:          445728 kB
MemAvailable:    1458148 kB
Buffers:           78668 kB
Cached:          1050300 kB
MemTotal:        1844596 kB
MemFree:          446332 kB
MemAvailable:    1458752 kB
Buffers:           78668 kB
Cached:          1050300 kB
MemTotal:        1844596 kB
MemFree:          446668 kB
MemAvailable:    1459088 kB
Buffers:           78668 kB
Cached:          1050300 kB
MemTotal:        1844596 kB
MemFree:          446348 kB
MemAvailable:    1458776 kB
Buffers:           78668 kB
Cached:          1050308 kB
MemTotal:        1844596 kB
MemFree:          445100 kB
MemAvailable:    1457528 kB
Buffers:           78668 kB
Cached:          1050308 kB
MemTotal:        1844596 kB
MemFree:          445092 kB
MemAvailable:    1457520 kB
Buffers:           78668 kB
Cached:          1050308 kB
MemTotal:        1844596 kB
MemFree:          444968 kB
MemAvailable:    1457396 kB
Buffers:           78668 kB
Cached:          1050308 kB
MemTotal:        1844596 kB
MemFree:          445084 kB
MemAvailable:    1457512 kB
Buffers:           78668 kB
Cached:          1050308 kB
MemTotal:        1844596 kB
MemFree:          444956 kB
MemAvailable:    1457384 kB
Buffers:           78668 kB
Cached:          1050308 kB
MemTotal:        1844596 kB
MemFree:          445348 kB
MemAvailable:    1457776 kB
Buffers:           78668 kB
Cached:          1050308 kB
MemTotal:        1844596 kB
MemFree:          446032 kB
MemAvailable:    1458460 kB
Buffers:           78668 kB
Cached:          1050308 kB
MemTotal:        1844596 kB
MemFree:          446368 kB
MemAvailable:    1458796 kB
Buffers:           78668 kB
Cached:          1050308 kB
MemTotal:        1844596 kB
MemFree:          446152 kB
MemAvailable:    1458580 kB
Buffers:           78668 kB
Cached:          1050308 kB
MemTotal:        1844596 kB
MemFree:          446320 kB
MemAvailable:    1458748 kB
Buffers:           78668 kB
Cached:          1050308 kB
MemTotal:        1844596 kB
MemFree:          446352 kB
MemAvailable:    1458780 kB
Buffers:           78668 kB
Cached:          1050308 kB
MemTotal:        1844596 kB
MemFree:          446292 kB
MemAvailable:    1458720 kB
Buffers:           78668 kB
Cached:          1050308 kB
MemTotal:        1844596 kB
MemFree:          444812 kB
MemAvailable:    1457240 kB
Buffers:           78668 kB
Cached:          1050308 kB
MemTotal:        1844596 kB
MemFree:          445912 kB
MemAvailable:    1458340 kB
Buffers:           78668 kB
Cached:          1050308 kB
MemTotal:        1844596 kB
MemFree:          446164 kB
MemAvailable:    1458592 kB
Buffers:           78668 kB
Cached:          1050308 kB
MemTotal:        1844596 kB
MemFree:          444796 kB
MemAvailable:    1457224 kB
Buffers:           78668 kB
Cached:          1050308 kB
MemTotal:        1844596 kB
MemFree:          444804 kB
MemAvailable:    1457232 kB
Buffers:           78668 kB
Cached:          1050308 kB
MemTotal:        1844596 kB
MemFree:          446140 kB
MemAvailable:    1458568 kB
Buffers:           78668 kB
Cached:          1050308 kB
MemTotal:        1844596 kB
MemFree:          445604 kB
MemAvailable:    1458032 kB
Buffers:           78668 kB
Cached:          1050308 kB
MemTotal:        1844596 kB
MemFree:          445956 kB
MemAvailable:    1458384 kB
Buffers:           78668 kB
Cached:          1050308 kB
MemTotal:        1844596 kB
MemFree:          446212 kB
MemAvailable:    1458640 kB
Buffers:           78668 kB
Cached:          1050308 kB
MemTotal:        1844596 kB
MemFree:          445712 kB
MemAvailable:    1458140 kB
Buffers:           78668 kB
Cached:          1050308 kB
MemTotal:        1844596 kB
MemFree:          444684 kB
MemAvailable:    1457112 kB
Buffers:           78668 kB
Cached:          1050308 kB
MemTotal:        1844596 kB
MemFree:          444860 kB
MemAvailable:    1457288 kB
Buffers:           78668 kB
Cached:          1050308 kB
MemTotal:        1844596 kB
MemFree:          445836 kB
MemAvailable:    1458264 kB
Buffers:           78668 kB
Cached:          1050308 kB
MemTotal:        1844596 kB
MemFree:          445836 kB
MemAvailable:    1458264 kB
Buffers:           78668 kB
Cached:          1050308 kB
MemTotal:        1844596 kB
MemFree:          444672 kB
MemAvailable:    1457100 kB
Buffers:           78668 kB
Cached:          1050308 kB
MemTotal:        1844596 kB
MemFree:          445920 kB
MemAvailable:    1458348 kB
Buffers:           78668 kB
Cached:          1050308 kB
MemTotal:        1844596 kB
MemFree:          445948 kB
MemAvailable:    1458376 kB
Buffers:           78668 kB
Cached:          1050308 kB
MemTotal:        1844596 kB
MemFree:          445852 kB
MemAvailable:    1458280 kB
Buffers:           78668 kB
Cached:          1050308 kB
MemTotal:        1844596 kB
MemFree:          446148 kB
MemAvailable:    1458576 kB
Buffers:           78668 kB
Cached:          1050308 kB
MemTotal:        1844596 kB
MemFree:          446036 kB
MemAvailable:    1458464 kB
Buffers:           78668 kB
Cached:          1050308 kB
MemTotal:        1844596 kB
MemFree:          445480 kB
MemAvailable:    1457908 kB
Buffers:           78668 kB
Cached:          1050308 kB
MemTotal:        1844596 kB
MemFree:          445956 kB
MemAvailable:    1458384 kB
Buffers:           78668 kB
Cached:          1050308 kB
MemTotal:        1844596 kB
MemFree:          446212 kB
MemAvailable:    1458640 kB
Buffers:           78668 kB
Cached:          1050308 kB
MemTotal:        1844596 kB
MemFree:          445992 kB
MemAvailable:    1458420 kB
Buffers:           78668 kB
Cached:          1050308 kB
MemTotal:        1844596 kB
MemFree:          446100 kB
MemAvailable:    1458528 kB
Buffers:           78668 kB
Cached:          1050308 kB
MemTotal:        1844596 kB
MemFree:          446028 kB
MemAvailable:    1458456 kB
Buffers:           78668 kB
Cached:          1050308 kB
MemTotal:        1844596 kB
MemFree:          446028 kB
MemAvailable:    1458456 kB
Buffers:           78668 kB
Cached:          1050308 kB
MemTotal:        1844596 kB
MemFree:          446084 kB
MemAvailable:    1458512 kB
Buffers:           78668 kB
Cached:          1050308 kB
MemTotal:        1844596 kB
MemFree:          445976 kB
MemAvailable:    1458404 kB
Buffers:           78668 kB
Cached:          1050308 kB
MemTotal:        1844596 kB
MemFree:          445920 kB
MemAvailable:    1458348 kB
Buffers:           78668 kB
Cached:          1050308 kB
MemTotal:        1844596 kB
MemFree:          445212 kB
MemAvailable:    1457640 kB
Buffers:           78668 kB
Cached:          1050308 kB
MemTotal:        1844596 kB
MemFree:          444840 kB
MemAvailable:    1457268 kB
Buffers:           78668 kB
Cached:          1050308 kB
MemTotal:        1844596 kB
MemFree:          445088 kB
MemAvailable:    1457516 kB
Buffers:           78668 kB
Cached:          1050308 kB
MemTotal:        1844596 kB
MemFree:          444964 kB
MemAvailable:    1457392 kB
Buffers:           78668 kB
Cached:          1050308 kB
MemTotal:        1844596 kB
MemFree:          446032 kB
MemAvailable:    1458460 kB
Buffers:           78668 kB
Cached:          1050308 kB
MemTotal:        1844596 kB
MemFree:          446032 kB
MemAvailable:    1458460 kB
Buffers:           78668 kB
Cached:          1050308 kB
MemTotal:        1844596 kB
MemFree:          444936 kB
MemAvailable:    1457364 kB
Buffers:           78668 kB
Cached:          1050308 kB
MemTotal:        1844596 kB
MemFree:          444728 kB
MemAvailable:    1457156 kB
Buffers:           78668 kB
Cached:          1050308 kB
MemTotal:        1844596 kB
MemFree:          446044 kB
MemAvailable:    1458472 kB
Buffers:           78668 kB
Cached:          1050308 kB
MemTotal:        1844596 kB
MemFree:          445836 kB
MemAvailable:    1458264 kB
Buffers:           78668 kB
Cached:          1050308 kB
MemTotal:        1844596 kB
MemFree:          446176 kB
MemAvailable:    1458604 kB
Buffers:           78668 kB
Cached:          1050308 kB
MemTotal:        1844596 kB
MemFree:          446148 kB
MemAvailable:    1458576 kB
Buffers:           78668 kB
Cached:          1050308 kB
MemTotal:        1844596 kB
MemFree:          445956 kB
MemAvailable:    1458384 kB
Buffers:           78668 kB
Cached:          1050308 kB
MemTotal:        1844596 kB
MemFree:          444984 kB
MemAvailable:    1457412 kB
Buffers:           78668 kB
Cached:          1050308 kB
MemTotal:        1844596 kB
MemFree:          444728 kB
MemAvailable:    1457156 kB
Buffers:           78668 kB
Cached:          1050308 kB
MemTotal:        1844596 kB
MemFree:          445772 kB
MemAvailable:    1458200 kB
Buffers:           78668 kB
Cached:          1050308 kB
MemTotal:        1844596 kB
MemFree:          444604 kB
MemAvailable:    1457032 kB
Buffers:           78668 kB
Cached:          1050308 kB
MemTotal:        1844596 kB
MemFree:          444472 kB
MemAvailable:    1456900 kB
Buffers:           78668 kB
Cached:          1050308 kB
MemTotal:        1844596 kB
MemFree:          444596 kB
MemAvailable:    1457024 kB
Buffers:           78668 kB
Cached:          1050308 kB
MemTotal:        1844596 kB
MemFree:          444588 kB
MemAvailable:    1457016 kB
Buffers:           78668 kB
Cached:          1050308 kB
MemTotal:        1844596 kB
MemFree:          444416 kB
MemAvailable:    1456844 kB
Buffers:           78668 kB
Cached:          1050308 kB
MemTotal:        1844596 kB
MemFree:          445628 kB
MemAvailable:    1458056 kB
Buffers:           78668 kB
Cached:          1050308 kB
MemTotal:        1844596 kB
