MemTotal:        1844596 kB
MemFree:          316832 kB
MemAvailable:    1556540 kB
Buffers:           85356 kB
Cached:          1261800 kB
MemTotal:        1844596 kB
MemFree:          315492 kB
MemAvailable:    1555200 kB
Buffers:           85356 kB
Cached:          1261800 kB
MemTotal:        1844596 kB
MemFree:          315260 kB
MemAvailable:    1554968 kB
Buffers:           85356 kB
Cached:          1261800 kB
MemTotal:        1844596 kB
MemFree:          312888 kB
MemAvailable:    1552596 kB
Buffers:           85356 kB
Cached:          1261800 kB
MemTotal:        1844596 kB
MemFree:          312888 kB
MemAvailable:    1552596 kB
Buffers:           85356 kB
Cached:          1261800 kB
MemTotal:        1844596 kB
MemFree:          312336 kB
MemAvailable:    1552044 kB
Buffers:           85356 kB
Cached:          1261800 kB
MemTotal:        1844596 kB
MemFree:          312588 kB
MemAvailable:    1552296 kB
Buffers:           85356 kB
Cached:          1261800 kB
MemTotal:        1844596 kB
MemFree:          309496 kB
MemAvailable:    1549204 kB
Buffers:           85356 kB
Cached:          1261800 kB
MemTotal:        1844596 kB
MemFree:          306456 kB
MemAvailable:    1546164 kB
Buffers:           85356 kB
Cached:          1261800 kB
MemTotal:        1844596 kB
MemFree:          304968 kB
MemAvailable:    1544676 kB
Buffers:           85356 kB
Cached:          1261800 kB
MemTotal:        1844596 kB
MemFree:          304048 kB
MemAvailable:    1543756 kB
Buffers:           85356 kB
Cached:          1261800 kB
MemTotal:        1844596 kB
MemFree:          304048 kB
MemAvailable:    1543756 kB
Buffers:           85356 kB
Cached:          1261800 kB
MemTotal:        1844596 kB
MemFree:          303912 kB
MemAvailable:    1543620 kB
Buffers:           85356 kB
Cached:          1261800 kB
MemTotal:        1844596 kB
MemFree:          304164 kB
MemAvailable:    1543872 kB
Buffers:           85356 kB
Cached:          1261800 kB
MemTotal:        1844596 kB
MemFree:          304080 kB
MemAvailable:    1543788 kB
Buffers:           85356 kB
Cached:          1261800 kB
MemTotal:        1844596 kB
MemFree:          304148 kB
MemAvailable:    1543856 kB
Buffers:           85356 kB
Cached:          1261800 kB
MemTotal:        1844596 kB
MemFree:          304036 kB
MemAvailable:    1543744 kB
Buffers:           85356 kB
Cached:          1261800 kB
MemTotal:        1844596 kB
MemFree:          303844 kB
MemAvailable:    1543552 kB
Buffers:           85356 kB
Cached:          1261800 kB
MemTotal:        1844596 kB
MemFree:          303456 kB
MemAvailable:    1543164 kB
Buffers:           85356 kB
Cached:          1261800 kB
MemTotal:        1844596 kB
MemFree:          303456 kB
MemAvailable:    1543164 kB
Buffers:           85356 kB
Cached:          1261800 kB
MemTotal:        1844596 kB
MemFree:          303220 kB
MemAvailable:    1542928 kB
Buffers:           85356 kB
Cached:          1261800 kB
MemTotal:        1844596 kB
MemFree:          301604 kB
MemAvailable:    1541312 kB
Buffers:           85356 kB
Cached:          1261800 kB
MemTotal:        1844596 kB
MemFree:          301604 kB
MemAvailable:    1541312 kB
Buffers:           85356 kB
Cached:          1261800 kB
MemTotal:        1844596 kB
MemFree:          301428 kB
MemAvailable:    1541136 kB
Buffers:           85356 kB
Cached:          1261800 kB
MemTotal:        1844596 kB
MemFree:          301428 kB
MemAvailable:    1541136 kB
Buffers:           85356 kB
Cached:          1261800 kB
MemTotal:        1844596 kB
MemFree:          301468 kB
MemAvailable:    1541176 kB
Buffers:           85356 kB
Cached:          1261800 kB
MemTotal:        1844596 kB
MemFree:          301804 kB
MemAvailable:    1541512 kB
Buffers:           85356 kB
Cached:          1261800 kB
MemTotal:        1844596 kB
MemFree:          300464 kB
MemAvailable:    1540176 kB
Buffers:           85356 kB
Cached:          1261752 kB
MemTotal:        1844596 kB
MemFree:          301572 kB
MemAvailable:    1541284 kB
Buffers:           85356 kB
Cached:          1261752 kB
MemTotal:        1844596 kB
MemFree:          301376 kB
MemAvailable:    1541088 kB
Buffers:           85356 kB
Cached:          1261752 kB
MemTotal:        1844596 kB
MemFree:          301680 kB
MemAvailable:    1541392 kB
Buffers:           85356 kB
Cached:          1261752 kB
MemTotal:        1844596 kB
MemFree:          301572 kB
MemAvailable:    1541284 kB
Buffers:           85356 kB
Cached:          1261752 kB
MemTotal:        1844596 kB
MemFree:          300876 kB
MemAvailable:    1540588 kB
Buffers:           85356 kB
Cached:          1261752 kB
MemTotal:        1844596 kB
MemFree:          301000 kB
MemAvailable:    1540716 kB
Buffers:           85356 kB
Cached:          1261756 kB
MemTotal:        1844596 kB
MemFree:          298952 kB
MemAvailable:    1538668 kB
Buffers:           85356 kB
Cached:          1261756 kB
MemTotal:        1844596 kB
MemFree:          295792 kB
MemAvailable:    1535508 kB
Buffers:           85356 kB
Cached:          1261756 kB
MemTotal:        1844596 kB
MemFree:          295916 kB
MemAvailable:    1535632 kB
Buffers:           85356 kB
Cached:          1261756 kB
MemTotal:        1844596 kB
MemFree:          296836 kB
MemAvailable:    1536552 kB
Buffers:           85356 kB
Cached:          1261756 kB
MemTotal:        1844596 kB
MemFree:          296796 kB
MemAvailable:    1536512 kB
Buffers:           85356 kB
Cached:          1261756 kB
MemTotal:        1844596 kB
MemFree:          296164 kB
MemAvailable:    1535880 kB
Buffers:           85356 kB
Cached:          1261756 kB
MemTotal:        1844596 kB
MemFree:          296508 kB
MemAvailable:    1536224 kB
Buffers:           85356 kB
Cached:          1261756 kB
MemTotal:        1844596 kB
MemFree:          296760 kB
MemAvailable:    1536476 kB
Buffers:           85356 kB
Cached:          1261756 kB
MemTotal:        1844596 kB
MemFree:          296468 kB
MemAvailable:    1536184 kB
Buffers:           85356 kB
Cached:          1261756 kB
MemTotal:        1844596 kB
MemFree:          296720 kB
MemAvailable:    1536436 kB
Buffers:           85356 kB
Cached:          1261756 kB
MemTotal:        1844596 kB
MemFree:          296156 kB
MemAvailable:    1535872 kB
Buffers:           85356 kB
Cached:          1261756 kB
MemTotal:        1844596 kB
MemFree:          296412 kB
MemAvailable:    1536128 kB
Buffers:           85356 kB
Cached:          1261756 kB
MemTotal:        1844596 kB
MemFree:          294676 kB
MemAvailable:    1534392 kB
Buffers:           85356 kB
Cached:          1261756 kB
MemTotal:        1844596 kB
MemFree:          294800 kB
MemAvailable:    1534516 kB
Buffers:           85356 kB
Cached:          1261756 kB
MemTotal:        1844596 kB
MemFree:          295852 kB
MemAvailable:    1535568 kB
Buffers:           85356 kB
Cached:          1261756 kB
MemTotal:        1844596 kB
MemFree:          295596 kB
MemAvailable:    1535312 kB
Buffers:           85356 kB
Cached:          1261756 kB
MemTotal:        1844596 kB
MemFree:          295172 kB
MemAvailable:    1534888 kB
Buffers:           85356 kB
Cached:          1261756 kB
MemTotal:        1844596 kB
MemFree:          295416 kB
MemAvailable:    1535132 kB
Buffers:           85356 kB
Cached:          1261756 kB
MemTotal:        1844596 kB
MemFree:          294116 kB
MemAvailable:    1533832 kB
Buffers:           85356 kB
Cached:          1261756 kB
MemTotal:        1844596 kB
MemFree:          294240 kB
MemAvailable:    1533956 kB
Buffers:           85356 kB
Cached:          1261756 kB
MemTotal:        1844596 kB
MemFree:          295416 kB
MemAvailable:    1535132 kB
Buffers:           85356 kB
Cached:          1261756 kB
MemTotal:        1844596 kB
MemFree:          294304 kB
MemAvailable:    1534020 kB
Buffers:           85356 kB
Cached:          1261756 kB
MemTotal:        1844596 kB
MemFree:          294872 kB
MemAvailable:    1534588 kB
Buffers:           85356 kB
Cached:          1261756 kB
MemTotal:        1844596 kB
MemFree:          294872 kB
MemAvailable:    1534588 kB
Buffers:           85356 kB
Cached:          1261756 kB
MemTotal:        1844596 kB
MemFree:          294900 kB
MemAvailable:    1534616 kB
Buffers:           85356 kB
Cached:          1261756 kB
MemTotal:        1844596 kB
MemFree:          294372 kB
MemAvailable:    1534088 kB
Buffers:           85356 kB
Cached:          1261756 kB
MemTotal:        1844596 kB
MemFree:          294924 kB
MemAvailable:    1534640 kB
Buffers:           85356 kB
Cached:          1261756 kB
MemTotal:        1844596 kB
MemFree:          295208 kB
MemAvailable:    1534924 kB
Buffers:           85356 kB
Cached:          1261756 kB
MemTotal:        1844596 kB
MemFree:          294560 kB
MemAvailable:    1534276 kB
Buffers:           85356 kB
Cached:          1261756 kB
MemTotal:        1844596 kB
MemFree:          295348 kB
MemAvailable:    1535064 kB
Buffers:           85356 kB
Cached:          1261756 kB
MemTotal:        1844596 kB
MemFree:          294180 kB
MemAvailable:    1533772 kB
Buffers:           85356 kB
Cached:          1261756 kB
MemTotal:        1844596 kB
MemFree:          294240 kB
MemAvailable:    1533956 kB
Buffers:           85356 kB
Cached:          1261756 kB
MemTotal:        1844596 kB
MemFree:          291576 kB
MemAvailable:    1531292 kB
Buffers:           85356 kB
Cached:          1261756 kB
MemTotal:        1844596 kB
MemFree:          289096 kB
MemAvailable:    1528812 kB
Buffers:           85356 kB
Cached:          1261756 kB
MemTotal:        1844596 kB
MemFree:          287980 kB
MemAvailable:    1527696 kB
Buffers:           85356 kB
Cached:          1261756 kB
MemTotal:        1844596 kB
MemFree:          287596 kB
MemAvailable:    1527312 kB
Buffers:           85356 kB
Cached:          1261756 kB
MemTotal:        1844596 kB
MemFree:          288712 kB
MemAvailable:    1528432 kB
Buffers:           85356 kB
Cached:          1261760 kB
MemTotal:        1844596 kB
MemFree:          288352 kB
MemAvailable:    1528072 kB
Buffers:           85356 kB
Cached:          1261760 kB
MemTotal:        1844596 kB
MemFree:          287360 kB
MemAvailable:    1527080 kB
Buffers:           85356 kB
Cached:          1261760 kB
MemTotal:        1844596 kB
MemFree:          288092 kB
MemAvailable:    1527812 kB
Buffers:           85356 kB
Cached:          1261760 kB
MemTotal:        1844596 kB
MemFree:          287228 kB
MemAvailable:    1526948 kB
Buffers:           85356 kB
Cached:          1261760 kB
MemTotal:        1844596 kB
MemFree:          287720 kB
MemAvailable:    1527440 kB
Buffers:           85356 kB
Cached:          1261760 kB
MemTotal:        1844596 kB
MemFree:          287896 kB
MemAvailable:    1527616 kB
Buffers:           85356 kB
Cached:          1261760 kB
MemTotal:        1844596 kB
MemFree:          287344 kB
MemAvailable:    1527064 kB
Buffers:           85356 kB
Cached:          1261760 kB
MemTotal:        1844596 kB
MemFree:          287344 kB
MemAvailable:    1527064 kB
Buffers:           85356 kB
Cached:          1261760 kB
MemTotal:        1844596 kB
MemFree:          287224 kB
MemAvailable:    1526944 kB
Buffers:           85356 kB
Cached:          1261760 kB
MemTotal:        1844596 kB
MemFree:          286616 kB
MemAvailable:    1526336 kB
Buffers:           85356 kB
Cached:          1261760 kB
MemTotal:        1844596 kB
MemFree:          286600 kB
MemAvailable:    1526320 kB
Buffers:           85356 kB
Cached:          1261760 kB
MemTotal:        1844596 kB
MemFree:          286792 kB
MemAvailable:    1526512 kB
Buffers:           85356 kB
Cached:          1261760 kB
MemTotal:        1844596 kB
MemFree:          284996 kB
MemAvailable:    1524716 kB
Buffers:           85356 kB
Cached:          1261760 kB
MemTotal:        1844596 kB
MemFree:          284508 kB
MemAvailable:    1524228 kB
Buffers:           85356 kB
Cached:          1261760 kB
MemTotal:        1844596 kB
MemFree:          284632 kB
MemAvailable:    1524352 kB
Buffers:           85356 kB
Cached:          1261760 kB
MemTotal:        1844596 kB
MemFree:          285368 kB
MemAvailable:    1525088 kB
Buffers:           85356 kB
Cached:          1261760 kB
MemTotal:        1844596 kB
MemFree:          285624 kB
MemAvailable:    1525344 kB
Buffers:           85356 kB
Cached:          1261760 kB
MemTotal:        1844596 kB
MemFree:          284252 kB
MemAvailable:    1523972 kB
Buffers:           85356 kB
Cached:          1261760 kB
MemTotal:        1844596 kB
MemFree:          285236 kB
MemAvailable:    1524956 kB
Buffers:           85356 kB
Cached:          1261760 kB
MemTotal:        1844596 kB
MemFree:          285492 kB
MemAvailable:    1525212 kB
Buffers:           85356 kB
Cached:          1261760 kB
MemTotal:        1844596 kB
MemFree:          285500 kB
MemAvailable:    1525220 kB
Buffers:           85356 kB
Cached:          1261760 kB
MemTotal:        1844596 kB
MemFree:          283984 kB
MemAvailable:    1523704 kB
Buffers:           85356 kB
Cached:          1261760 kB
MemTotal:        1844596 kB
MemFree:          284756 kB
MemAvailable:    1524476 kB
Buffers:           85356 kB
Cached:          1261760 kB
MemTotal:        1844596 kB
MemFree:          285192 kB
MemAvailable:    1524912 kB
Buffers:           85356 kB
Cached:          1261760 kB
MemTotal:        1844596 kB
MemFree:          285192 kB
MemAvailable:    1524912 kB
Buffers:           85356 kB
Cached:          1261760 kB
MemTotal:        1844596 kB
MemFree:          285256 kB
MemAvailable:    1524976 kB
Buffers:           85356 kB
Cached:          1261760 kB
MemTotal:        1844596 kB
MemFree:          285356 kB
MemAvailable:    1525076 kB
Buffers:           85356 kB
Cached:          1261760 kB
MemTotal:        1844596 kB
MemFree:          284616 kB
MemAvailable:    1524336 kB
Buffers:           85356 kB
Cached:          1261760 kB
MemTotal:        1844596 kB
MemFree:          284616 kB
MemAvailable:    1524336 kB
Buffers:           85356 kB
Cached:          1261760 kB
MemTotal:        1844596 kB
MemFree:          284356 kB
MemAvailable:    1524076 kB
Buffers:           85356 kB
Cached:          1261760 kB
MemTotal:        1844596 kB
MemFree:          284608 kB
MemAvailable:    1524328 kB
Buffers:           85356 kB
Cached:          1261760 kB
MemTotal:        1844596 kB
MemFree:          282896 kB
MemAvailable:    1522616 kB
Buffers:           85356 kB
Cached:          1261760 kB
MemTotal:        1844596 kB
MemFree:          282764 kB
MemAvailable:    1522484 kB
Buffers:           85356 kB
Cached:          1261760 kB
MemTotal:        1844596 kB
MemFree:          282648 kB
MemAvailable:    1522368 kB
Buffers:           85356 kB
Cached:          1261760 kB
MemTotal:        1844596 kB
MemFree:          283508 kB
MemAvailable:    1523228 kB
Buffers:           85356 kB
Cached:          1261760 kB
MemTotal:        1844596 kB
MemFree:          283764 kB
MemAvailable:    1523484 kB
Buffers:           85356 kB
Cached:          1261760 kB
MemTotal:        1844596 kB
MemFree:          282632 kB
MemAvailable:    1522352 kB
Buffers:           85356 kB
Cached:          1261760 kB
MemTotal:        1844596 kB
MemFree:          282468 kB
MemAvailable:    1522188 kB
Buffers:           85356 kB
Cached:          1261760 kB
MemTotal:        1844596 kB
MemFree:          282616 kB
MemAvailable:    1522336 kB
Buffers:           85356 kB
Cached:          1261760 kB
MemTotal:        1844596 kB
MemFree:          282508 kB
MemAvailable:    1522232 kB
Buffers:           85356 kB
Cached:          1261764 kB
MemTotal:        1844596 kB
MemFree:          282724 kB
MemAvailable:    1522448 kB
Buffers:           85356 kB
Cached:          1261764 kB
MemTotal:        1844596 kB
MemFree:          282504 kB
MemAvailable:    1522228 kB
Buffers:           85356 kB
Cached:          1261764 kB
MemTotal:        1844596 kB
MemFree:          282840 kB
MemAvailable:    1522564 kB
Buffers:           85356 kB
Cached:          1261764 kB
MemTotal:        1844596 kB
MemFree:          281472 kB
MemAvailable:    1521196 kB
Buffers:           85356 kB
Cached:          1261764 kB
MemTotal:        1844596 kB
MemFree:          282584 kB
MemAvailable:    1522308 kB
Buffers:           85356 kB
Cached:          1261764 kB
MemTotal:        1844596 kB
MemFree:          281160 kB
MemAvailable:    1520884 kB
Buffers:           85356 kB
Cached:          1261764 kB
MemTotal:        1844596 kB
MemFree:          281952 kB
MemAvailable:    1521676 kB
Buffers:           85356 kB
Cached:          1261764 kB
MemTotal:        1844596 kB
MemFree:          280036 kB
MemAvailable:    1519760 kB
Buffers:           85356 kB
Cached:          1261764 kB
MemTotal:        1844596 kB
MemFree:          280972 kB
MemAvailable:    1520696 kB
Buffers:           85356 kB
Cached:          1261764 kB
MemTotal:        1844596 kB
MemFree:          276068 kB
MemAvailable:    1515792 kB
Buffers:           85356 kB
Cached:          1261764 kB
MemTotal:        1844596 kB
MemFree:          274092 kB
MemAvailable:    1513816 kB
Buffers:           85356 kB
Cached:          1261764 kB
MemTotal:        1844596 kB
MemFree:          273332 kB
MemAvailable:    1513056 kB
Buffers:           85356 kB
Cached:          1261764 kB
MemTotal:        1844596 kB
MemFree:          273524 kB
MemAvailable:    1513248 kB
Buffers:           85356 kB
Cached:          1261764 kB
MemTotal:        1844596 kB
MemFree:          272712 kB
MemAvailable:    1512436 kB
Buffers:           85356 kB
Cached:          1261764 kB
MemTotal:        1844596 kB
MemFree:          271332 kB
MemAvailable:    1511056 kB
Buffers:           85356 kB
Cached:          1261764 kB
MemTotal:        1844596 kB
MemFree:          272532 kB
MemAvailable:    1512256 kB
Buffers:           85356 kB
Cached:          1261764 kB
MemTotal:        1844596 kB
MemFree:          272784 kB
MemAvailable:    1512508 kB
Buffers:           85356 kB
Cached:          1261764 kB
MemTotal:        1844596 kB
MemFree:          272232 kB
MemAvailable:    1511956 kB
Buffers:           85356 kB
Cached:          1261764 kB
MemTotal:        1844596 kB
MemFree:          271540 kB
MemAvailable:    1511264 kB
Buffers:           85356 kB
Cached:          1261764 kB
MemTotal:        1844596 kB
MemFree:          271300 kB
MemAvailable:    1511024 kB
Buffers:           85356 kB
Cached:          1261764 kB
MemTotal:        1844596 kB
MemFree:          270000 kB
MemAvailable:    1509724 kB
Buffers:           85356 kB
Cached:          1261764 kB
MemTotal:        1844596 kB
MemFree:          270124 kB
MemAvailable:    1509848 kB
Buffers:           85356 kB
Cached:          1261764 kB
MemTotal:        1844596 kB
MemFree:          270676 kB
MemAvailable:    1510400 kB
Buffers:           85356 kB
Cached:          1261764 kB
MemTotal:        1844596 kB
MemFree:          270676 kB
MemAvailable:    1510400 kB
Buffers:           85356 kB
Cached:          1261764 kB
MemTotal:        1844596 kB
MemFree:          269504 kB
MemAvailable:    1509228 kB
Buffers:           85356 kB
Cached:          1261764 kB
MemTotal:        1844596 kB
MemFree:          270820 kB
MemAvailable:    1510544 kB
Buffers:           85356 kB
Cached:          1261764 kB
MemTotal:        1844596 kB
MemFree:          269580 kB
MemAvailable:    1509304 kB
Buffers:           85356 kB
Cached:          1261764 kB
MemTotal:        1844596 kB
MemFree:          270728 kB
MemAvailable:    1510452 kB
Buffers:           85356 kB
Cached:          1261764 kB
MemTotal:        1844596 kB
MemFree:          270728 kB
MemAvailable:    1510452 kB
Buffers:           85356 kB
Cached:          1261764 kB
MemTotal:        1844596 kB
MemFree:          270548 kB
MemAvailable:    1510272 kB
Buffers:           85356 kB
Cached:          1261764 kB
MemTotal:        1844596 kB
MemFree:          269572 kB
MemAvailable:    1509296 kB
Buffers:           85356 kB
Cached:          1261764 kB
MemTotal:        1844596 kB
MemFree:          270680 kB
MemAvailable:    1510404 kB
Buffers:           85356 kB
Cached:          1261764 kB
MemTotal:        1844596 kB
MemFree:          270752 kB
MemAvailable:    1510476 kB
Buffers:           85356 kB
Cached:          1261764 kB
MemTotal:        1844596 kB
MemFree:          269496 kB
MemAvailable:    1509220 kB
Buffers:           85356 kB
Cached:          1261764 kB
MemTotal:        1844596 kB
MemFree:          270548 kB
MemAvailable:    1510272 kB
Buffers:           85356 kB
Cached:          1261764 kB
MemTotal:        1844596 kB
MemFree:          270556 kB
MemAvailable:    1510280 kB
Buffers:           85356 kB
Cached:          1261764 kB
MemTotal:        1844596 kB
MemFree:          270604 kB
MemAvailable:    1510328 kB
Buffers:           85356 kB
Cached:          1261764 kB
MemTotal:        1844596 kB
MemFree:          270168 kB
MemAvailable:    1509892 kB
Buffers:           85356 kB
Cached:          1261764 kB
MemTotal:        1844596 kB
MemFree:          268760 kB
MemAvailable:    1508484 kB
Buffers:           85356 kB
Cached:          1261764 kB
MemTotal:        1844596 kB
MemFree:          265396 kB
MemAvailable:    1505120 kB
Buffers:           85356 kB
Cached:          1261764 kB
MemTotal:        1844596 kB
MemFree:          266032 kB
MemAvailable:    1505756 kB
Buffers:           85356 kB
Cached:          1261764 kB
MemTotal:        1844596 kB
MemFree:          260628 kB
MemAvailable:    1500352 kB
Buffers:           85356 kB
Cached:          1261764 kB
MemTotal:        1844596 kB
MemFree:          258700 kB
MemAvailable:    1498424 kB
Buffers:           85356 kB
Cached:          1261764 kB
MemTotal:        1844596 kB
MemFree:          258700 kB
MemAvailable:    1498424 kB
Buffers:           85356 kB
Cached:          1261764 kB
MemTotal:        1844596 kB
MemFree:          258716 kB
MemAvailable:    1498440 kB
Buffers:           85356 kB
Cached:          1261764 kB
MemTotal:        1844596 kB
MemFree:          257584 kB
MemAvailable:    1497308 kB
Buffers:           85356 kB
Cached:          1261764 kB
MemTotal:        1844596 kB
MemFree:          257452 kB
MemAvailable:    1497176 kB
Buffers:           85356 kB
Cached:          1261764 kB
MemTotal:        1844596 kB
MemFree:          258652 kB
MemAvailable:    1498376 kB
Buffers:           85356 kB
Cached:          1261764 kB
MemTotal:        1844596 kB
MemFree:          258648 kB
MemAvailable:    1498372 kB
Buffers:           85356 kB
Cached:          1261764 kB
MemTotal:        1844596 kB
MemFree:          257400 kB
MemAvailable:    1497124 kB
Buffers:           85356 kB
Cached:          1261764 kB
MemTotal:        1844596 kB
MemFree:          257648 kB
MemAvailable:    1497372 kB
Buffers:           85356 kB
Cached:          1261764 kB
MemTotal:        1844596 kB
MemFree:          258468 kB
MemAvailable:    1498192 kB
Buffers:           85356 kB
Cached:          1261764 kB
MemTotal:        1844596 kB
MemFree:          258164 kB
MemAvailable:    1497888 kB
Buffers:           85356 kB
Cached:          1261764 kB
MemTotal:        1844596 kB
MemFree:          258164 kB
MemAvailable:    1497888 kB
Buffers:           85356 kB
Cached:          1261764 kB
MemTotal:        1844596 kB
MemFree:          258080 kB
MemAvailable:    1497804 kB
Buffers:           85356 kB
Cached:          1261764 kB
MemTotal:        1844596 kB
MemFree:          258080 kB
MemAvailable:    1497804 kB
Buffers:           85356 kB
Cached:          1261764 kB
MemTotal:        1844596 kB
MemFree:          258268 kB
MemAvailable:    1497992 kB
Buffers:           85356 kB
Cached:          1261764 kB
MemTotal:        1844596 kB
MemFree:          258148 kB
MemAvailable:    1497872 kB
Buffers:           85356 kB
Cached:          1261764 kB
MemTotal:        1844596 kB
MemFree:          256932 kB
MemAvailable:    1496656 kB
Buffers:           85356 kB
Cached:          1261764 kB
MemTotal:        1844596 kB
MemFree:          257964 kB
MemAvailable:    1497688 kB
Buffers:           85356 kB
Cached:          1261764 kB
MemTotal:        1844596 kB
MemFree:          258220 kB
MemAvailable:    1497944 kB
Buffers:           85356 kB
Cached:          1261764 kB
MemTotal:        1844596 kB
MemFree:          258088 kB
MemAvailable:    1497812 kB
Buffers:           85356 kB
Cached:          1261764 kB
MemTotal:        1844596 kB
MemFree:          258088 kB
MemAvailable:    1497812 kB
Buffers:           85356 kB
Cached:          1261764 kB
MemTotal:        1844596 kB
MemFree:          258352 kB
MemAvailable:    1498076 kB
Buffers:           85356 kB
Cached:          1261764 kB
MemTotal:        1844596 kB
MemFree:          256800 kB
MemAvailable:    1496524 kB
Buffers:           85356 kB
Cached:          1261764 kB
MemTotal:        1844596 kB
MemFree:          258068 kB
MemAvailable:    1497792 kB
Buffers:           85356 kB
Cached:          1261764 kB
MemTotal:        1844596 kB
MemFree:          258152 kB
MemAvailable:    1497876 kB
Buffers:           85356 kB
Cached:          1261764 kB
MemTotal:        1844596 kB
MemFree:          257956 kB
MemAvailable:    1497680 kB
Buffers:           85356 kB
Cached:          1261764 kB
MemTotal:        1844596 kB
MemFree:          257956 kB
MemAvailable:    1497680 kB
Buffers:           85356 kB
Cached:          1261764 kB
MemTotal:        1844596 kB
MemFree:          258116 kB
MemAvailable:    1497840 kB
Buffers:           85356 kB
Cached:          1261764 kB
MemTotal:        1844596 kB
MemFree:          256800 kB
MemAvailable:    1496524 kB
Buffers:           85356 kB
Cached:          1261764 kB
MemTotal:        1844596 kB
MemFree:          257908 kB
MemAvailable:    1497632 kB
Buffers:           85356 kB
Cached:          1261764 kB
MemTotal:        1844596 kB
MemFree:          258076 kB
MemAvailable:    1497800 kB
Buffers:           85356 kB
Cached:          1261764 kB
MemTotal:        1844596 kB
MemFree:          258084 kB
MemAvailable:    1497808 kB
Buffers:           85356 kB
Cached:          1261764 kB
MemTotal:        1844596 kB
MemFree:          255236 kB
MemAvailable:    1494960 kB
Buffers:           85356 kB
Cached:          1261764 kB
MemTotal:        1844596 kB
MemFree:          255236 kB
MemAvailable:    1494960 kB
Buffers:           85356 kB
Cached:          1261764 kB
MemTotal:        1844596 kB
MemFree:          249480 kB
MemAvailable:    1489204 kB
Buffers:           85356 kB
Cached:          1261764 kB
MemTotal:        1844596 kB
MemFree:          247988 kB
MemAvailable:    1487712 kB
Buffers:           85356 kB
Cached:          1261764 kB
MemTotal:        1844596 kB
MemFree:          248052 kB
MemAvailable:    1487776 kB
Buffers:           85356 kB
Cached:          1261764 kB
MemTotal:        1844596 kB
MemFree:          247656 kB
MemAvailable:    1487392 kB
Buffers:           85356 kB
Cached:          1261776 kB
MemTotal:        1844596 kB
MemFree:          247656 kB
MemAvailable:    1487392 kB
Buffers:           85356 kB
Cached:          1261776 kB
MemTotal:        1844596 kB
MemFree:          247484 kB
MemAvailable:    1487220 kB
Buffers:           85356 kB
Cached:          1261776 kB
MemTotal:        1844596 kB
MemFree:          247820 kB
MemAvailable:    1487556 kB
Buffers:           85356 kB
Cached:          1261776 kB
MemTotal:        1844596 kB
MemFree:          246504 kB
MemAvailable:    1486240 kB
Buffers:           85356 kB
Cached:          1261776 kB
MemTotal:        1844596 kB
MemFree:          247804 kB
MemAvailable:    1487540 kB
Buffers:           85356 kB
Cached:          1261776 kB
MemTotal:        1844596 kB
MemFree:          247716 kB
MemAvailable:    1487452 kB
Buffers:           85356 kB
Cached:          1261776 kB
MemTotal:        1844596 kB
MemFree:          247800 kB
MemAvailable:    1487536 kB
Buffers:           85356 kB
Cached:          1261776 kB
MemTotal:        1844596 kB
MemFree:          247192 kB
MemAvailable:    1486928 kB
Buffers:           85356 kB
Cached:          1261776 kB
MemTotal:        1844596 kB
MemFree:          247864 kB
MemAvailable:    1487600 kB
Buffers:           85356 kB
Cached:          1261776 kB
MemTotal:        1844596 kB
MemFree:          246680 kB
MemAvailable:    1486416 kB
Buffers:           85356 kB
Cached:          1261776 kB
MemTotal:        1844596 kB
MemFree:          246516 kB
MemAvailable:    1486252 kB
Buffers:           85356 kB
Cached:          1261776 kB
MemTotal:        1844596 kB
MemFree:          246936 kB
MemAvailable:    1486672 kB
Buffers:           85356 kB
Cached:          1261776 kB
MemTotal:        1844596 kB
MemFree:          247608 kB
MemAvailable:    1487344 kB
Buffers:           85356 kB
Cached:          1261776 kB
MemTotal:        1844596 kB
MemFree:          246316 kB
MemAvailable:    1486052 kB
Buffers:           85356 kB
Cached:          1261776 kB
MemTotal:        1844596 kB
MemFree:          246808 kB
MemAvailable:    1486544 kB
Buffers:           85356 kB
Cached:          1261776 kB
MemTotal:        1844596 kB
MemFree:          246128 kB
MemAvailable:    1485864 kB
Buffers:           85356 kB
Cached:          1261776 kB
MemTotal:        1844596 kB
MemFree:          244704 kB
MemAvailable:    1484440 kB
Buffers:           85356 kB
Cached:          1261776 kB
MemTotal:        1844596 kB
MemFree:          245572 kB
MemAvailable:    1485308 kB
Buffers:           85356 kB
Cached:          1261776 kB
MemTotal:        1844596 kB
MemFree:          245424 kB
MemAvailable:    1485160 kB
Buffers:           85356 kB
Cached:          1261776 kB
MemTotal:        1844596 kB
MemFree:          245680 kB
MemAvailable:    1485416 kB
Buffers:           85356 kB
Cached:          1261776 kB
MemTotal:        1844596 kB
MemFree:          245688 kB
MemAvailable:    1485424 kB
Buffers:           85356 kB
Cached:          1261776 kB
MemTotal:        1844596 kB
MemFree:          244828 kB
MemAvailable:    1484564 kB
Buffers:           85356 kB
Cached:          1261776 kB
MemTotal:        1844596 kB
MemFree:          245880 kB
MemAvailable:    1485620 kB
Buffers:           85356 kB
Cached:          1261780 kB
MemTotal:        1844596 kB
MemFree:          244704 kB
MemAvailable:    1484444 kB
Buffers:           85356 kB
Cached:          1261780 kB
MemTotal:        1844596 kB
MemFree:          245520 kB
MemAvailable:    1485260 kB
Buffers:           85356 kB
Cached:          1261780 kB
MemTotal:        1844596 kB
MemFree:          245556 kB
MemAvailable:    1485296 kB
Buffers:           85356 kB
Cached:          1261780 kB
MemTotal:        1844596 kB
MemFree:          245244 kB
MemAvailable:    1484984 kB
Buffers:           85356 kB
Cached:          1261780 kB
MemTotal:        1844596 kB
MemFree:          245308 kB
MemAvailable:    1485048 kB
Buffers:           85356 kB
Cached:          1261780 kB
MemTotal:        1844596 kB
MemFree:          245352 kB
MemAvailable:    1485092 kB
Buffers:           85356 kB
Cached:          1261780 kB
MemTotal:        1844596 kB
MemFree:          245352 kB
MemAvailable:    1485092 kB
Buffers:           85356 kB
Cached:          1261780 kB
MemTotal:        1844596 kB
MemFree:          245428 kB
MemAvailable:    1485168 kB
Buffers:           85356 kB
Cached:          1261780 kB
MemTotal:        1844596 kB
MemFree:          245684 kB
MemAvailable:    1485424 kB
Buffers:           85356 kB
Cached:          1261780 kB
MemTotal:        1844596 kB
MemFree:          245388 kB
MemAvailable:    1485128 kB
Buffers:           85356 kB
Cached:          1261780 kB
MemTotal:        1844596 kB
MemFree:          245284 kB
MemAvailable:    1485024 kB
Buffers:           85356 kB
Cached:          1261780 kB
MemTotal:        1844596 kB
MemFree:          245368 kB
MemAvailable:    1485108 kB
Buffers:           85356 kB
Cached:          1261780 kB
MemTotal:        1844596 kB
MemFree:          245352 kB
MemAvailable:    1485092 kB
Buffers:           85356 kB
Cached:          1261780 kB
MemTotal:        1844596 kB
MemFree:          245352 kB
MemAvailable:    1485092 kB
Buffers:           85356 kB
Cached:          1261780 kB
MemTotal:        1844596 kB
MemFree:          245428 kB
MemAvailable:    1485168 kB
Buffers:           85356 kB
Cached:          1261780 kB
MemTotal:        1844596 kB
MemFree:          245684 kB
MemAvailable:    1485424 kB
Buffers:           85356 kB
Cached:          1261780 kB
MemTotal:        1844596 kB
MemFree:          245372 kB
MemAvailable:    1485112 kB
Buffers:           85356 kB
Cached:          1261780 kB
MemTotal:        1844596 kB
MemFree:          245624 kB
MemAvailable:    1485364 kB
Buffers:           85356 kB
Cached:          1261780 kB
MemTotal:        1844596 kB
MemFree:          245368 kB
MemAvailable:    1485108 kB
Buffers:           85356 kB
Cached:          1261780 kB
MemTotal:        1844596 kB
MemFree:          245620 kB
MemAvailable:    1485360 kB
Buffers:           85356 kB
Cached:          1261780 kB
MemTotal:        1844596 kB
MemFree:          244632 kB
MemAvailable:    1484372 kB
Buffers:           85356 kB
Cached:          1261780 kB
MemTotal:        1844596 kB
MemFree:          241232 kB
MemAvailable:    1480972 kB
Buffers:           85356 kB
Cached:          1261780 kB
MemTotal:        1844596 kB
MemFree:          236644 kB
MemAvailable:    1476384 kB
Buffers:           85356 kB
Cached:          1261780 kB
MemTotal:        1844596 kB
MemFree:          234404 kB
MemAvailable:    1474144 kB
Buffers:           85356 kB
Cached:          1261780 kB
MemTotal:        1844596 kB
MemFree:          234048 kB
MemAvailable:    1473788 kB
Buffers:           85356 kB
Cached:          1261780 kB
MemTotal:        1844596 kB
MemFree:          232660 kB
MemAvailable:    1472400 kB
Buffers:           85356 kB
Cached:          1261780 kB
MemTotal:        1844596 kB
MemFree:          232996 kB
MemAvailable:    1472736 kB
Buffers:           85356 kB
Cached:          1261780 kB
MemTotal:        1844596 kB
MemFree:          231552 kB
MemAvailable:    1471292 kB
Buffers:           85356 kB
Cached:          1261780 kB
MemTotal:        1844596 kB
MemFree:          231544 kB
MemAvailable:    1471284 kB
Buffers:           85356 kB
Cached:          1261780 kB
MemTotal:        1844596 kB
MemFree:          231172 kB
MemAvailable:    1470912 kB
Buffers:           85356 kB
Cached:          1261780 kB
MemTotal:        1844596 kB
MemFree:          230920 kB
MemAvailable:    1470660 kB
Buffers:           85356 kB
Cached:          1261780 kB
MemTotal:        1844596 kB
MemFree:          231052 kB
MemAvailable:    1470792 kB
Buffers:           85356 kB
Cached:          1261780 kB
MemTotal:        1844596 kB
MemFree:          232180 kB
MemAvailable:    1471920 kB
Buffers:           85356 kB
Cached:          1261780 kB
MemTotal:        1844596 kB
MemFree:          232224 kB
MemAvailable:    1471964 kB
Buffers:           85356 kB
Cached:          1261780 kB
MemTotal:        1844596 kB
MemFree:          232176 kB
MemAvailable:    1471916 kB
Buffers:           85356 kB
Cached:          1261780 kB
MemTotal:        1844596 kB
MemFree:          231888 kB
MemAvailable:    1471628 kB
Buffers:           85356 kB
Cached:          1261780 kB
MemTotal:        1844596 kB
MemFree:          232056 kB
MemAvailable:    1471796 kB
Buffers:           85356 kB
Cached:          1261780 kB
MemTotal:        1844596 kB
MemFree:          232260 kB
MemAvailable:    1472000 kB
Buffers:           85356 kB
Cached:          1261780 kB
MemTotal:        1844596 kB
MemFree:          231932 kB
MemAvailable:    1471672 kB
Buffers:           85356 kB
Cached:          1261780 kB
MemTotal:        1844596 kB
MemFree:          232028 kB
MemAvailable:    1471768 kB
Buffers:           85356 kB
Cached:          1261780 kB
MemTotal:        1844596 kB
MemFree:          232280 kB
MemAvailable:    1472020 kB
Buffers:           85356 kB
Cached:          1261780 kB
MemTotal:        1844596 kB
MemFree:          232364 kB
MemAvailable:    1472104 kB
Buffers:           85356 kB
Cached:          1261780 kB
MemTotal:        1844596 kB
MemFree:          230932 kB
MemAvailable:    1470672 kB
Buffers:           85356 kB
Cached:          1261780 kB
MemTotal:        1844596 kB
MemFree:          231056 kB
MemAvailable:    1470796 kB
Buffers:           85356 kB
Cached:          1261780 kB
MemTotal:        1844596 kB
MemFree:          230628 kB
MemAvailable:    1470368 kB
Buffers:           85356 kB
Cached:          1261780 kB
MemTotal:        1844596 kB
MemFree:          232192 kB
MemAvailable:    1471932 kB
Buffers:           85356 kB
Cached:          1261780 kB
MemTotal:        1844596 kB
MemFree:          232056 kB
MemAvailable:    1471796 kB
Buffers:           85356 kB
Cached:          1261780 kB
MemTotal:        1844596 kB
MemFree:          231560 kB
MemAvailable:    1471300 kB
Buffers:           85356 kB
Cached:          1261780 kB
MemTotal:        1844596 kB
MemFree:          232228 kB
MemAvailable:    1471968 kB
Buffers:           85356 kB
Cached:          1261780 kB
MemTotal:        1844596 kB
MemFree:          231552 kB
MemAvailable:    1471292 kB
Buffers:           85356 kB
Cached:          1261780 kB
MemTotal:        1844596 kB
MemFree:          231980 kB
MemAvailable:    1471720 kB
Buffers:           85356 kB
Cached:          1261780 kB
MemTotal:        1844596 kB
MemFree:          232232 kB
MemAvailable:    1471972 kB
Buffers:           85356 kB
Cached:          1261780 kB
MemTotal:        1844596 kB
MemFree:          231868 kB
MemAvailable:    1471608 kB
Buffers:           85356 kB
Cached:          1261780 kB
MemTotal:        1844596 kB
MemFree:          232124 kB
MemAvailable:    1471864 kB
Buffers:           85356 kB
Cached:          1261780 kB
MemTotal:        1844596 kB
MemFree:          230568 kB
MemAvailable:    1470308 kB
Buffers:           85356 kB
Cached:          1261780 kB
MemTotal:        1844596 kB
MemFree:          231620 kB
MemAvailable:    1471360 kB
Buffers:           85356 kB
Cached:          1261780 kB
MemTotal:        1844596 kB
MemFree:          231504 kB
MemAvailable:    1471252 kB
Buffers:           85356 kB
Cached:          1261788 kB
MemTotal:        1844596 kB
MemFree:          231248 kB
MemAvailable:    1470996 kB
Buffers:           85356 kB
Cached:          1261788 kB
MemTotal:        1844596 kB
MemFree:          230056 kB
MemAvailable:    1469804 kB
Buffers:           85356 kB
Cached:          1261788 kB
MemTotal:        1844596 kB
MemFree:          231304 kB
MemAvailable:    1471052 kB
Buffers:           85356 kB
Cached:          1261788 kB
MemTotal:        1844596 kB
MemFree:          231132 kB
MemAvailable:    1470880 kB
Buffers:           85356 kB
Cached:          1261788 kB
MemTotal:        1844596 kB
MemFree:          230452 kB
MemAvailable:    1470200 kB
Buffers:           85356 kB
Cached:          1261788 kB
MemTotal:        1844596 kB
MemFree:          227528 kB
MemAvailable:    1467276 kB
Buffers:           85356 kB
Cached:          1261788 kB
MemTotal:        1844596 kB
MemFree:          223632 kB
MemAvailable:    1463380 kB
Buffers:           85356 kB
Cached:          1261788 kB
MemTotal:        1844596 kB
MemFree:          224500 kB
MemAvailable:    1464248 kB
Buffers:           85356 kB
Cached:          1261788 kB
MemTotal:        1844596 kB
MemFree:          222888 kB
MemAvailable:    1462636 kB
Buffers:           85356 kB
Cached:          1261788 kB
MemTotal:        1844596 kB
MemFree:          221904 kB
MemAvailable:    1461652 kB
Buffers:           85356 kB
Cached:          1261788 kB
MemTotal:        1844596 kB
MemFree:          220020 kB
MemAvailable:    1459768 kB
Buffers:           85356 kB
Cached:          1261788 kB
MemTotal:        1844596 kB
MemFree:          220356 kB
MemAvailable:    1460104 kB
Buffers:           85356 kB
Cached:          1261788 kB
MemTotal:        1844596 kB
MemFree:          220072 kB
MemAvailable:    1459820 kB
Buffers:           85356 kB
Cached:          1261788 kB
MemTotal:        1844596 kB
MemFree:          218724 kB
MemAvailable:    1458472 kB
Buffers:           85356 kB
Cached:          1261788 kB
MemTotal:        1844596 kB
MemFree:          218592 kB
MemAvailable:    1458340 kB
Buffers:           85356 kB
Cached:          1261788 kB
MemTotal:        1844596 kB
MemFree:          217432 kB
MemAvailable:    1457180 kB
Buffers:           85356 kB
Cached:          1261788 kB
MemTotal:        1844596 kB
MemFree:          218548 kB
MemAvailable:    1458296 kB
Buffers:           85356 kB
Cached:          1261788 kB
MemTotal:        1844596 kB
MemFree:          217564 kB
MemAvailable:    1457312 kB
Buffers:           85356 kB
Cached:          1261788 kB
MemTotal:        1844596 kB
MemFree:          217268 kB
MemAvailable:    1457016 kB
Buffers:           85356 kB
Cached:          1261788 kB
MemTotal:        1844596 kB
MemFree:          218608 kB
MemAvailable:    1458356 kB
Buffers:           85356 kB
Cached:          1261788 kB
MemTotal:        1844596 kB
MemFree:          218408 kB
MemAvailable:    1458156 kB
Buffers:           85356 kB
Cached:          1261788 kB
MemTotal:        1844596 kB
MemFree:          218408 kB
MemAvailable:    1458156 kB
Buffers:           85356 kB
Cached:          1261788 kB
MemTotal:        1844596 kB
MemFree:          217128 kB
MemAvailable:    1456876 kB
Buffers:           85356 kB
Cached:          1261788 kB
MemTotal:        1844596 kB
MemFree:          218588 kB
MemAvailable:    1458336 kB
Buffers:           85356 kB
Cached:          1261788 kB
MemTotal:        1844596 kB
MemFree:          217288 kB
MemAvailable:    1457036 kB
Buffers:           85356 kB
Cached:          1261788 kB
MemTotal:        1844596 kB
MemFree:          218548 kB
MemAvailable:    1458296 kB
Buffers:           85356 kB
Cached:          1261788 kB
MemTotal:        1844596 kB
MemFree:          218468 kB
MemAvailable:    1458216 kB
Buffers:           85356 kB
Cached:          1261788 kB
MemTotal:        1844596 kB
MemFree:          218424 kB
MemAvailable:    1458172 kB
Buffers:           85356 kB
Cached:          1261788 kB
MemTotal:        1844596 kB
MemFree:          218420 kB
MemAvailable:    1458168 kB
Buffers:           85356 kB
Cached:          1261788 kB
MemTotal:        1844596 kB
MemFree:          218548 kB
MemAvailable:    1458296 kB
Buffers:           85356 kB
Cached:          1261788 kB
MemTotal:        1844596 kB
MemFree:          218480 kB
MemAvailable:    1458228 kB
Buffers:           85356 kB
Cached:          1261788 kB
MemTotal:        1844596 kB
MemFree:          218344 kB
MemAvailable:    1458092 kB
Buffers:           85356 kB
Cached:          1261788 kB
MemTotal:        1844596 kB
MemFree:          218596 kB
MemAvailable:    1458344 kB
Buffers:           85356 kB
Cached:          1261788 kB
MemTotal:        1844596 kB
MemFree:          218596 kB
MemAvailable:    1458344 kB
Buffers:           85356 kB
Cached:          1261788 kB
MemTotal:        1844596 kB
MemFree:          218476 kB
MemAvailable:    1458224 kB
Buffers:           85356 kB
Cached:          1261788 kB
MemTotal:        1844596 kB
MemFree:          217928 kB
MemAvailable:    1457676 kB
Buffers:           85356 kB
Cached:          1261788 kB
MemTotal:        1844596 kB
MemFree:          218656 kB
MemAvailable:    1458404 kB
Buffers:           85356 kB
Cached:          1261788 kB
MemTotal:        1844596 kB
MemFree:          218656 kB
MemAvailable:    1458404 kB
Buffers:           85356 kB
Cached:          1261788 kB
MemTotal:        1844596 kB
MemFree:          218404 kB
MemAvailable:    1458152 kB
Buffers:           85356 kB
Cached:          1261788 kB
MemTotal:        1844596 kB
MemFree:          218660 kB
MemAvailable:    1458408 kB
Buffers:           85356 kB
Cached:          1261788 kB
MemTotal:        1844596 kB
MemFree:          217372 kB
MemAvailable:    1457120 kB
Buffers:           85356 kB
Cached:          1261788 kB
MemTotal:        1844596 kB
MemFree:          217240 kB
MemAvailable:    1456988 kB
Buffers:           85356 kB
Cached:          1261788 kB
MemTotal:        1844596 kB
MemFree:          217284 kB
MemAvailable:    1457032 kB
Buffers:           85356 kB
Cached:          1261788 kB
MemTotal:        1844596 kB
MemFree:          217408 kB
MemAvailable:    1457156 kB
Buffers:           85356 kB
Cached:          1261788 kB
MemTotal:        1844596 kB
MemFree:          218560 kB
MemAvailable:    1458308 kB
Buffers:           85356 kB
Cached:          1261788 kB
MemTotal:        1844596 kB
MemFree:          218272 kB
MemAvailable:    1458020 kB
Buffers:           85356 kB
Cached:          1261788 kB
MemTotal:        1844596 kB
MemFree:          218440 kB
MemAvailable:    1458188 kB
Buffers:           85356 kB
Cached:          1261788 kB
MemTotal:        1844596 kB
MemFree:          218428 kB
MemAvailable:    1458176 kB
Buffers:           85356 kB
Cached:          1261788 kB
MemTotal:        1844596 kB
MemFree:          217296 kB
MemAvailable:    1457044 kB
Buffers:           85356 kB
Cached:          1261788 kB
MemTotal:        1844596 kB
MemFree:          217300 kB
MemAvailable:    1457048 kB
Buffers:           85356 kB
Cached:          1261788 kB
MemTotal:        1844596 kB
MemFree:          216416 kB
MemAvailable:    1456164 kB
Buffers:           85356 kB
Cached:          1261788 kB
MemTotal:        1844596 kB
MemFree:          216252 kB
MemAvailable:    1456000 kB
Buffers:           85356 kB
Cached:          1261788 kB
MemTotal:        1844596 kB
MemFree:          217604 kB
MemAvailable:    1457352 kB
Buffers:           85356 kB
Cached:          1261788 kB
MemTotal:        1844596 kB
MemFree:          217292 kB
MemAvailable:    1457040 kB
Buffers:           85356 kB
Cached:          1261788 kB
MemTotal:        1844596 kB
MemFree:          217788 kB
MemAvailable:    1457536 kB
Buffers:           85356 kB
Cached:          1261788 kB
MemTotal:        1844596 kB
MemFree:          217624 kB
MemAvailable:    1457372 kB
Buffers:           85356 kB
Cached:          1261788 kB
MemTotal:        1844596 kB
MemFree:          216248 kB
MemAvailable:    1455996 kB
Buffers:           85356 kB
Cached:          1261788 kB
MemTotal:        1844596 kB
MemFree:          217364 kB
MemAvailable:    1457112 kB
Buffers:           85356 kB
Cached:          1261788 kB
MemTotal:        1844596 kB
MemFree:          217540 kB
MemAvailable:    1457288 kB
Buffers:           85356 kB
Cached:          1261788 kB
MemTotal:        1844596 kB
MemFree:          217540 kB
MemAvailable:    1457288 kB
Buffers:           85356 kB
Cached:          1261788 kB
MemTotal:        1844596 kB
MemFree:          217492 kB
MemAvailable:    1457240 kB
Buffers:           85356 kB
Cached:          1261788 kB
MemTotal:        1844596 kB
MemFree:          217748 kB
MemAvailable:    1457496 kB
Buffers:           85356 kB
Cached:          1261788 kB
MemTotal:        1844596 kB
MemFree:          217480 kB
MemAvailable:    1457228 kB
Buffers:           85356 kB
Cached:          1261788 kB
MemTotal:        1844596 kB
MemFree:          217732 kB
MemAvailable:    1457480 kB
Buffers:           85356 kB
Cached:          1261788 kB
MemTotal:        1844596 kB
MemFree:          216428 kB
MemAvailable:    1456176 kB
Buffers:           85356 kB
Cached:          1261788 kB
MemTotal:        1844596 kB
MemFree:          216996 kB
MemAvailable:    1456744 kB
Buffers:           85356 kB
Cached:          1261788 kB
MemTotal:        1844596 kB
MemFree:          214456 kB
MemAvailable:    1454204 kB
Buffers:           85356 kB
Cached:          1261788 kB
MemTotal:        1844596 kB
MemFree:          213640 kB
MemAvailable:    1453388 kB
Buffers:           85356 kB
Cached:          1261788 kB
MemTotal:        1844596 kB
MemFree:          213516 kB
MemAvailable:    1453264 kB
Buffers:           85356 kB
Cached:          1261788 kB
MemTotal:        1844596 kB
MemFree:          212160 kB
MemAvailable:    1451908 kB
Buffers:           85356 kB
Cached:          1261788 kB
MemTotal:        1844596 kB
MemFree:          210852 kB
MemAvailable:    1450600 kB
Buffers:           85356 kB
Cached:          1261788 kB
MemTotal:        1844596 kB
MemFree:          210860 kB
MemAvailable:    1450616 kB
Buffers:           85356 kB
Cached:          1261796 kB
MemTotal:        1844596 kB
MemFree:          210728 kB
MemAvailable:    1450484 kB
Buffers:           85356 kB
Cached:          1261796 kB
MemTotal:        1844596 kB
MemFree:          210728 kB
MemAvailable:    1450484 kB
Buffers:           85356 kB
Cached:          1261796 kB
MemTotal:        1844596 kB
MemFree:          211896 kB
MemAvailable:    1451652 kB
Buffers:           85356 kB
Cached:          1261796 kB
MemTotal:        1844596 kB
MemFree:          210612 kB
MemAvailable:    1450368 kB
Buffers:           85356 kB
Cached:          1261796 kB
MemTotal:        1844596 kB
MemFree:          211756 kB
MemAvailable:    1451512 kB
Buffers:           85356 kB
Cached:          1261796 kB
MemTotal:        1844596 kB
MemFree:          211928 kB
MemAvailable:    1451684 kB
Buffers:           85356 kB
Cached:          1261796 kB
MemTotal:        1844596 kB
MemFree:          211892 kB
MemAvailable:    1451648 kB
Buffers:           85356 kB
Cached:          1261796 kB
MemTotal:        1844596 kB
MemFree:          211916 kB
MemAvailable:    1451672 kB
Buffers:           85356 kB
Cached:          1261796 kB
MemTotal:        1844596 kB
MemFree:          212076 kB
MemAvailable:    1451832 kB
Buffers:           85356 kB
Cached:          1261796 kB
MemTotal:        1844596 kB
MemFree:          211840 kB
MemAvailable:    1451596 kB
Buffers:           85356 kB
Cached:          1261796 kB
MemTotal:        1844596 kB
MemFree:          211712 kB
MemAvailable:    1451468 kB
Buffers:           85356 kB
Cached:          1261796 kB
MemTotal:        1844596 kB
MemFree:          211712 kB
MemAvailable:    1451468 kB
Buffers:           85356 kB
Cached:          1261796 kB
MemTotal:        1844596 kB
MemFree:          212024 kB
MemAvailable:    1451780 kB
Buffers:           85356 kB
Cached:          1261796 kB
MemTotal:        1844596 kB
MemFree:          211916 kB
MemAvailable:    1451672 kB
Buffers:           85356 kB
Cached:          1261796 kB
MemTotal:        1844596 kB
MemFree:          210544 kB
MemAvailable:    1450300 kB
Buffers:           85356 kB
Cached:          1261796 kB
MemTotal:        1844596 kB
MemFree:          211952 kB
MemAvailable:    1451708 kB
Buffers:           85356 kB
Cached:          1261796 kB
MemTotal:        1844596 kB
MemFree:          211588 kB
MemAvailable:    1451344 kB
Buffers:           85356 kB
Cached:          1261796 kB
MemTotal:        1844596 kB
MemFree:          211756 kB
MemAvailable:    1451512 kB
Buffers:           85356 kB
Cached:          1261796 kB
MemTotal:        1844596 kB
MemFree:          211780 kB
MemAvailable:    1451536 kB
Buffers:           85356 kB
Cached:          1261796 kB
MemTotal:        1844596 kB
MemFree:          211992 kB
MemAvailable:    1451748 kB
Buffers:           85356 kB
Cached:          1261796 kB
MemTotal:        1844596 kB
MemFree:          211108 kB
MemAvailable:    1450864 kB
Buffers:           85356 kB
Cached:          1261796 kB
MemTotal:        1844596 kB
MemFree:          212384 kB
MemAvailable:    1452140 kB
Buffers:           85356 kB
Cached:          1261796 kB
MemTotal:        1844596 kB
MemFree:          212340 kB
MemAvailable:    1452096 kB
Buffers:           85356 kB
Cached:          1261796 kB
MemTotal:        1844596 kB
MemFree:          212152 kB
MemAvailable:    1451908 kB
Buffers:           85356 kB
Cached:          1261796 kB
MemTotal:        1844596 kB
MemFree:          210720 kB
MemAvailable:    1450476 kB
Buffers:           85356 kB
Cached:          1261796 kB
MemTotal:        1844596 kB
MemFree:          211788 kB
MemAvailable:    1451544 kB
Buffers:           85356 kB
Cached:          1261796 kB
MemTotal:        1844596 kB
MemFree:          212040 kB
MemAvailable:    1451796 kB
Buffers:           85356 kB
Cached:          1261796 kB
MemTotal:        1844596 kB
MemFree:          210604 kB
MemAvailable:    1450360 kB
Buffers:           85356 kB
Cached:          1261796 kB
MemTotal:        1844596 kB
MemFree:          210480 kB
MemAvailable:    1450236 kB
Buffers:           85356 kB
Cached:          1261796 kB
MemTotal:        1844596 kB
MemFree:          211704 kB
MemAvailable:    1451460 kB
Buffers:           85356 kB
Cached:          1261796 kB
MemTotal:        1844596 kB
MemFree:          211788 kB
MemAvailable:    1451544 kB
Buffers:           85356 kB
Cached:          1261796 kB
MemTotal:        1844596 kB
MemFree:          210712 kB
MemAvailable:    1450468 kB
Buffers:           85356 kB
Cached:          1261796 kB
MemTotal:        1844596 kB
MemFree:          211712 kB
MemAvailable:    1451468 kB
Buffers:           85356 kB
Cached:          1261796 kB
MemTotal:        1844596 kB
MemFree:          211712 kB
MemAvailable:    1451468 kB
Buffers:           85356 kB
Cached:          1261796 kB
MemTotal:        1844596 kB
MemFree:          210812 kB
MemAvailable:    1450568 kB
Buffers:           85356 kB
Cached:          1261796 kB
MemTotal:        1844596 kB
MemFree:          211720 kB
MemAvailable:    1451476 kB
Buffers:           85356 kB
Cached:          1261796 kB
MemTotal:        1844596 kB
MemFree:          211860 kB
MemAvailable:    1451616 kB
Buffers:           85356 kB
Cached:          1261796 kB
MemTotal:        1844596 kB
MemFree:          212036 kB
MemAvailable:    1451792 kB
Buffers:           85356 kB
Cached:          1261796 kB
MemTotal:        1844596 kB
MemFree:          211912 kB
MemAvailable:    1451668 kB
Buffers:           85356 kB
Cached:          1261796 kB
MemTotal:        1844596 kB
MemFree:          211720 kB
MemAvailable:    1451476 kB
Buffers:           85356 kB
Cached:          1261796 kB
MemTotal:        1844596 kB
MemFree:          212056 kB
MemAvailable:    1451812 kB
Buffers:           85356 kB
Cached:          1261796 kB
MemTotal:        1844596 kB
MemFree:          211864 kB
MemAvailable:    1451620 kB
Buffers:           85356 kB
Cached:          1261796 kB
MemTotal:        1844596 kB
MemFree:          211776 kB
MemAvailable:    1451532 kB
Buffers:           85356 kB
Cached:          1261796 kB
MemTotal:        1844596 kB
MemFree:          211108 kB
MemAvailable:    1450864 kB
Buffers:           85356 kB
Cached:          1261796 kB
MemTotal:        1844596 kB
MemFree:          211520 kB
MemAvailable:    1451276 kB
Buffers:           85356 kB
Cached:          1261796 kB
MemTotal:        1844596 kB
MemFree:          211196 kB
MemAvailable:    1450952 kB
Buffers:           85356 kB
Cached:          1261796 kB
MemTotal:        1844596 kB
MemFree:          211448 kB
MemAvailable:    1451204 kB
Buffers:           85356 kB
Cached:          1261796 kB
MemTotal:        1844596 kB
MemFree:          211236 kB
MemAvailable:    1450992 kB
Buffers:           85356 kB
Cached:          1261796 kB
MemTotal:        1844596 kB
MemFree:          211232 kB
MemAvailable:    1450988 kB
Buffers:           85356 kB
Cached:          1261796 kB
MemTotal:        1844596 kB
MemFree:          211152 kB
MemAvailable:    1450908 kB
Buffers:           85356 kB
Cached:          1261796 kB
MemTotal:        1844596 kB
MemFree:          211320 kB
MemAvailable:    1451076 kB
Buffers:           85356 kB
Cached:          1261796 kB
MemTotal:        1844596 kB
MemFree:          211272 kB
MemAvailable:    1451028 kB
Buffers:           85356 kB
Cached:          1261796 kB
MemTotal:        1844596 kB
MemFree:          211292 kB
MemAvailable:    1451048 kB
Buffers:           85356 kB
Cached:          1261796 kB
MemTotal:        1844596 kB
MemFree:          210612 kB
MemAvailable:    1450368 kB
Buffers:           85356 kB
Cached:          1261796 kB
MemTotal:        1844596 kB
MemFree:          211088 kB
MemAvailable:    1450844 kB
Buffers:           85356 kB
Cached:          1261796 kB
MemTotal:        1844596 kB
MemFree:          210188 kB
MemAvailable:    1449944 kB
Buffers:           85356 kB
Cached:          1261796 kB
MemTotal:        1844596 kB
MemFree:          211108 kB
MemAvailable:    1450864 kB
Buffers:           85356 kB
Cached:          1261796 kB
MemTotal:        1844596 kB
MemFree:          210240 kB
MemAvailable:    1449996 kB
Buffers:           85356 kB
Cached:          1261796 kB
MemTotal:        1844596 kB
MemFree:          211292 kB
MemAvailable:    1451048 kB
Buffers:           85356 kB
Cached:          1261796 kB
MemTotal:        1844596 kB
MemFree:          210612 kB
MemAvailable:    1450368 kB
Buffers:           85356 kB
Cached:          1261796 kB
MemTotal:        1844596 kB
MemFree:          211164 kB
MemAvailable:    1450920 kB
Buffers:           85356 kB
Cached:          1261796 kB
MemTotal:        1844596 kB
MemFree:          211108 kB
MemAvailable:    1450864 kB
Buffers:           85356 kB
Cached:          1261796 kB
MemTotal:        1844596 kB
MemFree:          211272 kB
MemAvailable:    1451028 kB
Buffers:           85356 kB
Cached:          1261796 kB
MemTotal:        1844596 kB
MemFree:          210056 kB
MemAvailable:    1449812 kB
Buffers:           85356 kB
Cached:          1261796 kB
MemTotal:        1844596 kB
MemFree:          211456 kB
MemAvailable:    1451212 kB
Buffers:           85356 kB
Cached:          1261796 kB
MemTotal:        1844596 kB
MemFree:          210052 kB
MemAvailable:    1449808 kB
Buffers:           85356 kB
Cached:          1261796 kB
MemTotal:        1844596 kB
MemFree:          210612 kB
MemAvailable:    1450368 kB
Buffers:           85356 kB
Cached:          1261796 kB
MemTotal:        1844596 kB
MemFree:          211364 kB
MemAvailable:    1451120 kB
Buffers:           85356 kB
Cached:          1261796 kB
MemTotal:        1844596 kB
MemFree:          210100 kB
MemAvailable:    1449856 kB
Buffers:           85356 kB
Cached:          1261796 kB
MemTotal:        1844596 kB
MemFree:          211216 kB
MemAvailable:    1450972 kB
Buffers:           85356 kB
Cached:          1261796 kB
MemTotal:        1844596 kB
MemFree:          211292 kB
MemAvailable:    1451048 kB
Buffers:           85356 kB
Cached:          1261796 kB
MemTotal:        1844596 kB
MemFree:          211092 kB
MemAvailable:    1450848 kB
Buffers:           85356 kB
Cached:          1261796 kB
MemTotal:        1844596 kB
MemFree:          211092 kB
MemAvailable:    1450848 kB
Buffers:           85356 kB
Cached:          1261796 kB
MemTotal:        1844596 kB
MemFree:          211080 kB
MemAvailable:    1450836 kB
Buffers:           85356 kB
Cached:          1261796 kB
MemTotal:        1844596 kB
MemFree:          211416 kB
MemAvailable:    1451172 kB
Buffers:           85356 kB
Cached:          1261796 kB
MemTotal:        1844596 kB
MemFree:          211224 kB
MemAvailable:    1450980 kB
Buffers:           85356 kB
Cached:          1261796 kB
MemTotal:        1844596 kB
MemFree:          209984 kB
MemAvailable:    1449740 kB
Buffers:           85356 kB
Cached:          1261796 kB
MemTotal:        1844596 kB
MemFree:          210612 kB
MemAvailable:    1450368 kB
Buffers:           85356 kB
Cached:          1261796 kB
MemTotal:        1844596 kB
MemFree:          211540 kB
MemAvailable:    1451308 kB
Buffers:           85356 kB
Cached:          1261808 kB
MemTotal:        1844596 kB
MemFree:          210060 kB
MemAvailable:    1449828 kB
Buffers:           85356 kB
Cached:          1261808 kB
MemTotal:        1844596 kB
MemFree:          210684 kB
MemAvailable:    1450452 kB
Buffers:           85356 kB
Cached:          1261808 kB
MemTotal:        1844596 kB
MemFree:          211024 kB
MemAvailable:    1450792 kB
Buffers:           85356 kB
Cached:          1261808 kB
MemTotal:        1844596 kB
MemFree:          211360 kB
MemAvailable:    1451128 kB
Buffers:           85356 kB
Cached:          1261808 kB
MemTotal:        1844596 kB
MemFree:          210084 kB
MemAvailable:    1449852 kB
Buffers:           85356 kB
Cached:          1261808 kB
MemTotal:        1844596 kB
MemFree:          211212 kB
MemAvailable:    1450980 kB
Buffers:           85356 kB
Cached:          1261808 kB
MemTotal:        1844596 kB
MemFree:          210604 kB
MemAvailable:    1450372 kB
Buffers:           85356 kB
Cached:          1261808 kB
MemTotal:        1844596 kB
MemFree:          211464 kB
MemAvailable:    1451232 kB
Buffers:           85356 kB
Cached:          1261808 kB
MemTotal:        1844596 kB
MemFree:          211800 kB
MemAvailable:    1451568 kB
Buffers:           85356 kB
Cached:          1261808 kB
MemTotal:        1844596 kB
MemFree:          211340 kB
MemAvailable:    1451108 kB
Buffers:           85356 kB
Cached:          1261808 kB
MemTotal:        1844596 kB
MemFree:          211424 kB
MemAvailable:    1451192 kB
Buffers:           85356 kB
Cached:          1261808 kB
MemTotal:        1844596 kB
MemFree:          210240 kB
MemAvailable:    1450008 kB
Buffers:           85356 kB
Cached:          1261808 kB
MemTotal:        1844596 kB
MemFree:          211244 kB
MemAvailable:    1451012 kB
Buffers:           85356 kB
Cached:          1261808 kB
MemTotal:        1844596 kB
MemFree:          210976 kB
MemAvailable:    1450744 kB
Buffers:           85356 kB
Cached:          1261808 kB
MemTotal:        1844596 kB
MemFree:          209744 kB
MemAvailable:    1449512 kB
Buffers:           85356 kB
Cached:          1261808 kB
MemTotal:        1844596 kB
MemFree:          211144 kB
MemAvailable:    1450912 kB
Buffers:           85356 kB
Cached:          1261808 kB
MemTotal:        1844596 kB
MemFree:          211240 kB
MemAvailable:    1451008 kB
Buffers:           85356 kB
Cached:          1261808 kB
MemTotal:        1844596 kB
MemFree:          209944 kB
MemAvailable:    1449712 kB
Buffers:           85356 kB
Cached:          1261808 kB
MemTotal:        1844596 kB
MemFree:          211244 kB
MemAvailable:    1451012 kB
Buffers:           85356 kB
Cached:          1261808 kB
MemTotal:        1844596 kB
MemFree:          210480 kB
MemAvailable:    1450248 kB
Buffers:           85356 kB
Cached:          1261808 kB
MemTotal:        1844596 kB
MemFree:          210364 kB
MemAvailable:    1450132 kB
Buffers:           85356 kB
Cached:          1261808 kB
MemTotal:        1844596 kB
MemFree:          211728 kB
MemAvailable:    1451496 kB
Buffers:           85356 kB
Cached:          1261808 kB
MemTotal:        1844596 kB
MemFree:          211208 kB
MemAvailable:    1450976 kB
Buffers:           85356 kB
Cached:          1261808 kB
MemTotal:        1844596 kB
MemFree:          210736 kB
MemAvailable:    1450504 kB
Buffers:           85356 kB
Cached:          1261808 kB
MemTotal:        1844596 kB
MemFree:          211052 kB
MemAvailable:    1450820 kB
Buffers:           85356 kB
Cached:          1261808 kB
MemTotal:        1844596 kB
MemFree:          211256 kB
MemAvailable:    1451024 kB
Buffers:           85356 kB
Cached:          1261808 kB
MemTotal:        1844596 kB
MemFree:          210356 kB
MemAvailable:    1450124 kB
Buffers:           85356 kB
Cached:          1261808 kB
MemTotal:        1844596 kB
MemFree:          210232 kB
MemAvailable:    1450004 kB
Buffers:           85356 kB
Cached:          1261812 kB
MemTotal:        1844596 kB
MemFree:          210364 kB
MemAvailable:    1450136 kB
Buffers:           85356 kB
Cached:          1261812 kB
MemTotal:        1844596 kB
MemFree:          209608 kB
MemAvailable:    1449380 kB
Buffers:           85356 kB
Cached:          1261812 kB
MemTotal:        1844596 kB
MemFree:          211048 kB
MemAvailable:    1450820 kB
Buffers:           85356 kB
Cached:          1261812 kB
MemTotal:        1844596 kB
MemFree:          209732 kB
MemAvailable:    1449504 kB
Buffers:           85356 kB
Cached:          1261812 kB
MemTotal:        1844596 kB
MemFree:          210924 kB
MemAvailable:    1450696 kB
Buffers:           85356 kB
Cached:          1261812 kB
MemTotal:        1844596 kB
MemFree:          211176 kB
MemAvailable:    1450948 kB
Buffers:           85356 kB
Cached:          1261812 kB
MemTotal:        1844596 kB
MemFree:          209696 kB
MemAvailable:    1449468 kB
Buffers:           85356 kB
Cached:          1261812 kB
MemTotal:        1844596 kB
MemFree:          210968 kB
MemAvailable:    1450740 kB
Buffers:           85356 kB
Cached:          1261812 kB
MemTotal:        1844596 kB
MemFree:          211220 kB
MemAvailable:    1450992 kB
Buffers:           85356 kB
Cached:          1261812 kB
MemTotal:        1844596 kB
MemFree:          210860 kB
MemAvailable:    1450632 kB
Buffers:           85356 kB
Cached:          1261812 kB
MemTotal:        1844596 kB
MemFree:          210240 kB
MemAvailable:    1450012 kB
Buffers:           85356 kB
Cached:          1261812 kB
MemTotal:        1844596 kB
MemFree:          210108 kB
MemAvailable:    1449880 kB
Buffers:           85356 kB
Cached:          1261812 kB
MemTotal:        1844596 kB
MemFree:          211092 kB
MemAvailable:    1450864 kB
Buffers:           85356 kB
Cached:          1261812 kB
MemTotal:        1844596 kB
MemFree:          210928 kB
MemAvailable:    1450700 kB
Buffers:           85356 kB
Cached:          1261812 kB
MemTotal:        1844596 kB
MemFree:          211092 kB
MemAvailable:    1450864 kB
Buffers:           85356 kB
Cached:          1261812 kB
MemTotal:        1844596 kB
MemFree:          210736 kB
MemAvailable:    1450508 kB
Buffers:           85356 kB
Cached:          1261812 kB
MemTotal:        1844596 kB
MemFree:          211024 kB
MemAvailable:    1450796 kB
Buffers:           85356 kB
Cached:          1261812 kB
MemTotal:        1844596 kB
MemFree:          210852 kB
MemAvailable:    1450624 kB
Buffers:           85356 kB
Cached:          1261812 kB
MemTotal:        1844596 kB
MemFree:          210852 kB
MemAvailable:    1450624 kB
Buffers:           85356 kB
Cached:          1261812 kB
MemTotal:        1844596 kB
MemFree:          210912 kB
MemAvailable:    1450684 kB
Buffers:           85356 kB
Cached:          1261812 kB
MemTotal:        1844596 kB
MemFree:          210796 kB
MemAvailable:    1450568 kB
Buffers:           85356 kB
Cached:          1261812 kB
MemTotal:        1844596 kB
MemFree:          210964 kB
MemAvailable:    1450736 kB
Buffers:           85356 kB
Cached:          1261812 kB
MemTotal:        1844596 kB
MemFree:          210660 kB
MemAvailable:    1450432 kB
Buffers:           85356 kB
Cached:          1261812 kB
MemTotal:        1844596 kB
MemFree:          210996 kB
MemAvailable:    1450768 kB
Buffers:           85356 kB
Cached:          1261812 kB
MemTotal:        1844596 kB
MemFree:          210780 kB
MemAvailable:    1450552 kB
Buffers:           85356 kB
Cached:          1261812 kB
MemTotal:        1844596 kB
MemFree:          211032 kB
MemAvailable:    1450804 kB
Buffers:           85356 kB
Cached:          1261812 kB
MemTotal:        1844596 kB
MemFree:          210972 kB
MemAvailable:    1450744 kB
Buffers:           85356 kB
Cached:          1261812 kB
MemTotal:        1844596 kB
MemFree:          210984 kB
MemAvailable:    1450756 kB
Buffers:           85356 kB
Cached:          1261812 kB
MemTotal:        1844596 kB
MemFree:          209672 kB
MemAvailable:    1449444 kB
Buffers:           85356 kB
Cached:          1261812 kB
MemTotal:        1844596 kB
MemFree:          210364 kB
MemAvailable:    1450136 kB
Buffers:           85356 kB
Cached:          1261812 kB
MemTotal:        1844596 kB
MemFree:          210972 kB
MemAvailable:    1450744 kB
Buffers:           85356 kB
Cached:          1261812 kB
MemTotal:        1844596 kB
MemFree:          210840 kB
MemAvailable:    1450612 kB
Buffers:           85356 kB
Cached:          1261812 kB
MemTotal:        1844596 kB
MemFree:          209676 kB
MemAvailable:    1449448 kB
Buffers:           85356 kB
Cached:          1261812 kB
MemTotal:        1844596 kB
MemFree:          211020 kB
MemAvailable:    1450792 kB
Buffers:           85356 kB
Cached:          1261812 kB
MemTotal:        1844596 kB
MemFree:          210888 kB
MemAvailable:    1450660 kB
Buffers:           85356 kB
Cached:          1261812 kB
MemTotal:        1844596 kB
MemFree:          211060 kB
MemAvailable:    1450832 kB
Buffers:           85356 kB
Cached:          1261812 kB
MemTotal:        1844596 kB
MemFree:          210832 kB
MemAvailable:    1450604 kB
Buffers:           85356 kB
Cached:          1261812 kB
MemTotal:        1844596 kB
MemFree:          210984 kB
MemAvailable:    1450756 kB
Buffers:           85356 kB
Cached:          1261812 kB
MemTotal:        1844596 kB
MemFree:          210972 kB
MemAvailable:    1450744 kB
Buffers:           85356 kB
Cached:          1261812 kB
MemTotal:        1844596 kB
MemFree:          210920 kB
MemAvailable:    1450692 kB
Buffers:           85356 kB
Cached:          1261812 kB
MemTotal:        1844596 kB
MemFree:          210240 kB
MemAvailable:    1450012 kB
Buffers:           85356 kB
Cached:          1261812 kB
MemTotal:        1844596 kB
MemFree:          210840 kB
MemAvailable:    1450612 kB
Buffers:           85356 kB
Cached:          1261812 kB
MemTotal:        1844596 kB
MemFree:          211096 kB
MemAvailable:    1450868 kB
Buffers:           85356 kB
Cached:          1261812 kB
MemTotal:        1844596 kB
MemFree:          209972 kB
MemAvailable:    1449744 kB
Buffers:           85356 kB
Cached:          1261812 kB
MemTotal:        1844596 kB
MemFree:          209744 kB
MemAvailable:    1449520 kB
Buffers:           85356 kB
Cached:          1261816 kB
MemTotal:        1844596 kB
MemFree:          210804 kB
MemAvailable:    1450580 kB
Buffers:           85356 kB
Cached:          1261816 kB
MemTotal:        1844596 kB
MemFree:          211056 kB
MemAvailable:    1450832 kB
Buffers:           85356 kB
Cached:          1261816 kB
MemTotal:        1844596 kB
MemFree:          209732 kB
MemAvailable:    1449508 kB
Buffers:           85356 kB
Cached:          1261816 kB
MemTotal:        1844596 kB
MemFree:          210840 kB
MemAvailable:    1450616 kB
Buffers:           85356 kB
Cached:          1261816 kB
MemTotal:        1844596 kB
MemFree:          209816 kB
MemAvailable:    1449592 kB
Buffers:           85356 kB
Cached:          1261816 kB
MemTotal:        1844596 kB
MemFree:          210804 kB
MemAvailable:    1450580 kB
Buffers:           85356 kB
Cached:          1261816 kB
MemTotal:        1844596 kB
MemFree:          210804 kB
MemAvailable:    1450580 kB
Buffers:           85356 kB
Cached:          1261816 kB
MemTotal:        1844596 kB
MemFree:          211024 kB
MemAvailable:    1450800 kB
Buffers:           85356 kB
Cached:          1261816 kB
MemTotal:        1844596 kB
MemFree:          209596 kB
MemAvailable:    1449372 kB
Buffers:           85356 kB
Cached:          1261816 kB
MemTotal:        1844596 kB
MemFree:          210852 kB
MemAvailable:    1450628 kB
Buffers:           85356 kB
Cached:          1261816 kB
MemTotal:        1844596 kB
MemFree:          209608 kB
MemAvailable:    1449384 kB
Buffers:           85356 kB
Cached:          1261816 kB
MemTotal:        1844596 kB
MemFree:          210720 kB
MemAvailable:    1450496 kB
Buffers:           85356 kB
Cached:          1261816 kB
MemTotal:        1844596 kB
MemFree:          210720 kB
MemAvailable:    1450496 kB
Buffers:           85356 kB
Cached:          1261816 kB
MemTotal:        1844596 kB
MemFree:          209732 kB
MemAvailable:    1449508 kB
Buffers:           85356 kB
Cached:          1261816 kB
MemTotal:        1844596 kB
MemFree:          211056 kB
MemAvailable:    1450832 kB
Buffers:           85356 kB
Cached:          1261816 kB
MemTotal:        1844596 kB
MemFree:          211032 kB
MemAvailable:    1450808 kB
Buffers:           85356 kB
Cached:          1261816 kB
MemTotal:        1844596 kB
MemFree:          209860 kB
MemAvailable:    1449636 kB
Buffers:           85356 kB
Cached:          1261816 kB
MemTotal:        1844596 kB
MemFree:          210988 kB
MemAvailable:    1450764 kB
Buffers:           85356 kB
Cached:          1261816 kB
MemTotal:        1844596 kB
MemFree:          210240 kB
MemAvailable:    1450016 kB
Buffers:           85356 kB
Cached:          1261816 kB
MemTotal:        1844596 kB
MemFree:          211032 kB
MemAvailable:    1450808 kB
Buffers:           85356 kB
Cached:          1261816 kB
MemTotal:        1844596 kB
MemFree:          209848 kB
MemAvailable:    1449624 kB
Buffers:           85356 kB
Cached:          1261816 kB
MemTotal:        1844596 kB
MemFree:          209808 kB
MemAvailable:    1449584 kB
Buffers:           85356 kB
Cached:          1261816 kB
MemTotal:        1844596 kB
MemFree:          210960 kB
MemAvailable:    1450736 kB
Buffers:           85356 kB
Cached:          1261816 kB
MemTotal:        1844596 kB
MemFree:          210804 kB
MemAvailable:    1450580 kB
Buffers:           85356 kB
Cached:          1261816 kB
MemTotal:        1844596 kB
MemFree:          209572 kB
MemAvailable:    1449348 kB
Buffers:           85356 kB
Cached:          1261816 kB
MemTotal:        1844596 kB
MemFree:          209944 kB
MemAvailable:    1449720 kB
Buffers:           85356 kB
Cached:          1261816 kB
MemTotal:        1844596 kB
MemFree:          210804 kB
MemAvailable:    1450580 kB
Buffers:           85356 kB
Cached:          1261816 kB
MemTotal:        1844596 kB
MemFree:          210612 kB
MemAvailable:    1450388 kB
Buffers:           85356 kB
Cached:          1261816 kB
MemTotal:        1844596 kB
MemFree:          210832 kB
MemAvailable:    1450608 kB
Buffers:           85356 kB
Cached:          1261816 kB
MemTotal:        1844596 kB
MemFree:          211168 kB
MemAvailable:    1450944 kB
Buffers:           85356 kB
Cached:          1261816 kB
MemTotal:        1844596 kB
MemFree:          210852 kB
MemAvailable:    1450628 kB
Buffers:           85356 kB
Cached:          1261816 kB
MemTotal:        1844596 kB
MemFree:          210992 kB
MemAvailable:    1450768 kB
Buffers:           85356 kB
Cached:          1261816 kB
MemTotal:        1844596 kB
MemFree:          210672 kB
MemAvailable:    1450448 kB
Buffers:           85356 kB
Cached:          1261816 kB
MemTotal:        1844596 kB
MemFree:          210240 kB
MemAvailable:    1450016 kB
Buffers:           85356 kB
Cached:          1261816 kB
MemTotal:        1844596 kB
MemFree:          209608 kB
MemAvailable:    1449384 kB
Buffers:           85356 kB
Cached:          1261816 kB
MemTotal:        1844596 kB
MemFree:          210956 kB
MemAvailable:    1450732 kB
Buffers:           85356 kB
Cached:          1261816 kB
MemTotal:        1844596 kB
MemFree:          210852 kB
MemAvailable:    1450628 kB
Buffers:           85356 kB
Cached:          1261816 kB
MemTotal:        1844596 kB
MemFree:          211104 kB
MemAvailable:    1450880 kB
Buffers:           85356 kB
Cached:          1261816 kB
MemTotal:        1844596 kB
MemFree:          210844 kB
MemAvailable:    1450620 kB
Buffers:           85356 kB
Cached:          1261816 kB
MemTotal:        1844596 kB
MemFree:          210736 kB
MemAvailable:    1450512 kB
Buffers:           85356 kB
Cached:          1261816 kB
MemTotal:        1844596 kB
MemFree:          209688 kB
MemAvailable:    1449464 kB
Buffers:           85356 kB
Cached:          1261816 kB
MemTotal:        1844596 kB
MemFree:          210864 kB
MemAvailable:    1450640 kB
Buffers:           85356 kB
Cached:          1261816 kB
MemTotal:        1844596 kB
MemFree:          209808 kB
MemAvailable:    1449584 kB
Buffers:           85356 kB
Cached:          1261816 kB
MemTotal:        1844596 kB
MemFree:          210860 kB
MemAvailable:    1450636 kB
Buffers:           85356 kB
Cached:          1261816 kB
MemTotal:        1844596 kB
MemFree:          209684 kB
MemAvailable:    1449460 kB
Buffers:           85356 kB
Cached:          1261816 kB
MemTotal:        1844596 kB
MemFree:          210056 kB
MemAvailable:    1449832 kB
Buffers:           85356 kB
Cached:          1261816 kB
MemTotal:        1844596 kB
MemFree:          209808 kB
MemAvailable:    1449584 kB
Buffers:           85356 kB
Cached:          1261816 kB
MemTotal:        1844596 kB
MemFree:          210048 kB
MemAvailable:    1449824 kB
Buffers:           85356 kB
Cached:          1261816 kB
MemTotal:        1844596 kB
MemFree:          210844 kB
MemAvailable:    1450620 kB
Buffers:           85356 kB
Cached:          1261816 kB
MemTotal:        1844596 kB
MemFree:          210952 kB
MemAvailable:    1450728 kB
Buffers:           85356 kB
Cached:          1261816 kB
MemTotal:        1844596 kB
MemFree:          210952 kB
MemAvailable:    1450728 kB
Buffers:           85356 kB
Cached:          1261816 kB
MemTotal:        1844596 kB
MemFree:          210728 kB
MemAvailable:    1450504 kB
Buffers:           85356 kB
Cached:          1261816 kB
MemTotal:        1844596 kB
MemFree:          210984 kB
MemAvailable:    1450760 kB
Buffers:           85356 kB
Cached:          1261816 kB
MemTotal:        1844596 kB
MemFree:          210720 kB
MemAvailable:    1450496 kB
Buffers:           85356 kB
Cached:          1261816 kB
MemTotal:        1844596 kB
MemFree:          210804 kB
MemAvailable:    1450580 kB
Buffers:           85356 kB
Cached:          1261816 kB
MemTotal:        1844596 kB
MemFree:          211048 kB
MemAvailable:    1450824 kB
Buffers:           85356 kB
Cached:          1261816 kB
MemTotal:        1844596 kB
MemFree:          210852 kB
MemAvailable:    1450628 kB
Buffers:           85356 kB
Cached:          1261816 kB
MemTotal:        1844596 kB
MemFree:          211188 kB
MemAvailable:    1450964 kB
Buffers:           85356 kB
Cached:          1261816 kB
MemTotal:        1844596 kB
MemFree:          211060 kB
MemAvailable:    1450836 kB
Buffers:           85356 kB
Cached:          1261816 kB
MemTotal:        1844596 kB
MemFree:          210992 kB
MemAvailable:    1450768 kB
Buffers:           85356 kB
Cached:          1261816 kB
MemTotal:        1844596 kB
MemFree:          210920 kB
MemAvailable:    1450696 kB
Buffers:           85356 kB
Cached:          1261816 kB
MemTotal:        1844596 kB
MemFree:          211088 kB
MemAvailable:    1450864 kB
Buffers:           85356 kB
Cached:          1261816 kB
MemTotal:        1844596 kB
MemFree:          210780 kB
MemAvailable:    1450556 kB
Buffers:           85356 kB
Cached:          1261816 kB
MemTotal:        1844596 kB
MemFree:          210976 kB
MemAvailable:    1450752 kB
Buffers:           85356 kB
Cached:          1261816 kB
MemTotal:        1844596 kB
MemFree:          211060 kB
MemAvailable:    1450836 kB
Buffers:           85356 kB
Cached:          1261816 kB
MemTotal:        1844596 kB
MemFree:          209604 kB
MemAvailable:    1449380 kB
Buffers:           85356 kB
Cached:          1261816 kB
MemTotal:        1844596 kB
MemFree:          209820 kB
MemAvailable:    1449596 kB
Buffers:           85356 kB
Cached:          1261816 kB
MemTotal:        1844596 kB
MemFree:          209812 kB
MemAvailable:    1449588 kB
Buffers:           85356 kB
Cached:          1261816 kB
MemTotal:        1844596 kB
MemFree:          209688 kB
MemAvailable:    1449464 kB
Buffers:           85356 kB
Cached:          1261816 kB
MemTotal:        1844596 kB
MemFree:          210832 kB
MemAvailable:    1450608 kB
Buffers:           85356 kB
Cached:          1261816 kB
MemTotal:        1844596 kB
MemFree:          211084 kB
MemAvailable:    1450860 kB
Buffers:           85356 kB
Cached:          1261816 kB
MemTotal:        1844596 kB
MemFree:          211024 kB
MemAvailable:    1450800 kB
Buffers:           85356 kB
Cached:          1261816 kB
MemTotal:        1844596 kB
MemFree:          210984 kB
MemAvailable:    1450760 kB
Buffers:           85356 kB
Cached:          1261816 kB
MemTotal:        1844596 kB
MemFree:          209684 kB
MemAvailable:    1449460 kB
Buffers:           85356 kB
Cached:          1261816 kB
MemTotal:        1844596 kB
MemFree:          210712 kB
MemAvailable:    1450500 kB
Buffers:           85356 kB
Cached:          1261828 kB
MemTotal:        1844596 kB
MemFree:          211048 kB
MemAvailable:    1450836 kB
Buffers:           85356 kB
Cached:          1261828 kB
MemTotal:        1844596 kB
MemFree:          209724 kB
MemAvailable:    1449512 kB
Buffers:           85356 kB
Cached:          1261828 kB
MemTotal:        1844596 kB
MemFree:          209716 kB
MemAvailable:    1449504 kB
Buffers:           85356 kB
Cached:          1261828 kB
MemTotal:        1844596 kB
MemFree:          211024 kB
MemAvailable:    1450812 kB
Buffers:           85356 kB
Cached:          1261828 kB
MemTotal:        1844596 kB
MemFree:          209736 kB
MemAvailable:    1449524 kB
Buffers:           85356 kB
Cached:          1261828 kB
MemTotal:        1844596 kB
MemFree:          210796 kB
MemAvailable:    1450584 kB
Buffers:           85356 kB
Cached:          1261828 kB
MemTotal:        1844596 kB
MemFree:          211048 kB
MemAvailable:    1450836 kB
Buffers:           85356 kB
Cached:          1261828 kB
MemTotal:        1844596 kB
MemFree:          210972 kB
MemAvailable:    1450760 kB
Buffers:           85356 kB
Cached:          1261828 kB
MemTotal:        1844596 kB
MemFree:          209808 kB
MemAvailable:    1449596 kB
Buffers:           85356 kB
Cached:          1261828 kB
MemTotal:        1844596 kB
MemFree:          210980 kB
MemAvailable:    1450768 kB
Buffers:           85356 kB
Cached:          1261828 kB
MemTotal:        1844596 kB
MemFree:          210116 kB
MemAvailable:    1449904 kB
Buffers:           85356 kB
Cached:          1261828 kB
MemTotal:        1844596 kB
MemFree:          210800 kB
MemAvailable:    1450588 kB
Buffers:           85356 kB
Cached:          1261828 kB
MemTotal:        1844596 kB
MemFree:          211056 kB
MemAvailable:    1450844 kB
Buffers:           85356 kB
Cached:          1261828 kB
MemTotal:        1844596 kB
MemFree:          209684 kB
MemAvailable:    1449472 kB
Buffers:           85356 kB
Cached:          1261828 kB
MemTotal:        1844596 kB
MemFree:          210856 kB
MemAvailable:    1450644 kB
Buffers:           85356 kB
Cached:          1261828 kB
MemTotal:        1844596 kB
MemFree:          210720 kB
MemAvailable:    1450508 kB
Buffers:           85356 kB
Cached:          1261828 kB
MemTotal:        1844596 kB
MemFree:          210860 kB
MemAvailable:    1450648 kB
Buffers:           85356 kB
Cached:          1261828 kB
MemTotal:        1844596 kB
MemFree:          210972 kB
MemAvailable:    1450760 kB
Buffers:           85356 kB
Cached:          1261828 kB
MemTotal:        1844596 kB
MemFree:          210860 kB
MemAvailable:    1450648 kB
Buffers:           85356 kB
Cached:          1261828 kB
MemTotal:        1844596 kB
MemFree:          210364 kB
MemAvailable:    1450152 kB
Buffers:           85356 kB
Cached:          1261828 kB
MemTotal:        1844596 kB
MemFree:          210876 kB
MemAvailable:    1450664 kB
Buffers:           85356 kB
Cached:          1261828 kB
MemTotal:        1844596 kB
MemFree:          211128 kB
MemAvailable:    1450916 kB
Buffers:           85356 kB
Cached:          1261828 kB
MemTotal:        1844596 kB
MemFree:          209812 kB
MemAvailable:    1449600 kB
Buffers:           85356 kB
Cached:          1261828 kB
MemTotal:        1844596 kB
MemFree:          209856 kB
MemAvailable:    1449644 kB
Buffers:           85356 kB
Cached:          1261828 kB
MemTotal:        1844596 kB
MemFree:          209972 kB
MemAvailable:    1449760 kB
Buffers:           85356 kB
Cached:          1261828 kB
MemTotal:        1844596 kB
MemFree:          209684 kB
MemAvailable:    1449472 kB
Buffers:           85356 kB
Cached:          1261828 kB
MemTotal:        1844596 kB
MemFree:          210984 kB
MemAvailable:    1450772 kB
Buffers:           85356 kB
Cached:          1261828 kB
MemTotal:        1844596 kB
MemFree:          209428 kB
MemAvailable:    1449216 kB
Buffers:           85356 kB
Cached:          1261828 kB
MemTotal:        1844596 kB
MemFree:          210888 kB
MemAvailable:    1450676 kB
Buffers:           85356 kB
Cached:          1261828 kB
MemTotal:        1844596 kB
MemFree:          210364 kB
MemAvailable:    1450152 kB
Buffers:           85356 kB
Cached:          1261828 kB
MemTotal:        1844596 kB
MemFree:          210916 kB
MemAvailable:    1450704 kB
Buffers:           85356 kB
Cached:          1261828 kB
MemTotal:        1844596 kB
MemFree:          210860 kB
MemAvailable:    1450648 kB
Buffers:           85356 kB
Cached:          1261828 kB
MemTotal:        1844596 kB
MemFree:          209852 kB
MemAvailable:    1449640 kB
Buffers:           85356 kB
Cached:          1261828 kB
MemTotal:        1844596 kB
MemFree:          209812 kB
MemAvailable:    1449600 kB
Buffers:           85356 kB
Cached:          1261828 kB
MemTotal:        1844596 kB
MemFree:          210964 kB
MemAvailable:    1450752 kB
Buffers:           85356 kB
Cached:          1261828 kB
MemTotal:        1844596 kB
MemFree:          211048 kB
MemAvailable:    1450836 kB
Buffers:           85356 kB
Cached:          1261828 kB
MemTotal:        1844596 kB
MemFree:          210864 kB
MemAvailable:    1450652 kB
Buffers:           85356 kB
Cached:          1261828 kB
MemTotal:        1844596 kB
MemFree:          210992 kB
MemAvailable:    1450780 kB
Buffers:           85356 kB
Cached:          1261828 kB
MemTotal:        1844596 kB
MemFree:          210232 kB
MemAvailable:    1450020 kB
Buffers:           85356 kB
Cached:          1261828 kB
MemTotal:        1844596 kB
MemFree:          209984 kB
MemAvailable:    1449768 kB
Buffers:           85356 kB
Cached:          1261828 kB
MemTotal:        1844596 kB
MemFree:          211036 kB
MemAvailable:    1450820 kB
Buffers:           85356 kB
Cached:          1261828 kB
MemTotal:        1844596 kB
MemFree:          209728 kB
MemAvailable:    1449512 kB
Buffers:           85356 kB
Cached:          1261828 kB
MemTotal:        1844596 kB
MemFree:          211044 kB
MemAvailable:    1450828 kB
Buffers:           85356 kB
Cached:          1261828 kB
MemTotal:        1844596 kB
MemFree:          210916 kB
MemAvailable:    1450700 kB
Buffers:           85356 kB
Cached:          1261828 kB
MemTotal:        1844596 kB
MemFree:          210868 kB
MemAvailable:    1450652 kB
Buffers:           85356 kB
Cached:          1261828 kB
MemTotal:        1844596 kB
MemFree:          210864 kB
MemAvailable:    1450648 kB
Buffers:           85356 kB
Cached:          1261828 kB
MemTotal:        1844596 kB
MemFree:          210852 kB
MemAvailable:    1450636 kB
Buffers:           85356 kB
Cached:          1261828 kB
MemTotal:        1844596 kB
MemFree:          211104 kB
MemAvailable:    1450888 kB
Buffers:           85356 kB
Cached:          1261828 kB
MemTotal:        1844596 kB
MemFree:          210864 kB
MemAvailable:    1450648 kB
Buffers:           85356 kB
Cached:          1261828 kB
MemTotal:        1844596 kB
MemFree:          209684 kB
MemAvailable:    1449468 kB
Buffers:           85356 kB
Cached:          1261828 kB
MemTotal:        1844596 kB
MemFree:          210924 kB
MemAvailable:    1450708 kB
Buffers:           85356 kB
Cached:          1261828 kB
MemTotal:        1844596 kB
MemFree:          209604 kB
MemAvailable:    1449388 kB
Buffers:           85356 kB
Cached:          1261828 kB
MemTotal:        1844596 kB
MemFree:          209864 kB
MemAvailable:    1449648 kB
Buffers:           85356 kB
Cached:          1261828 kB
MemTotal:        1844596 kB
MemFree:          209696 kB
MemAvailable:    1449480 kB
Buffers:           85356 kB
Cached:          1261828 kB
MemTotal:        1844596 kB
MemFree:          210936 kB
MemAvailable:    1450720 kB
Buffers:           85356 kB
Cached:          1261828 kB
MemTotal:        1844596 kB
MemFree:          210612 kB
MemAvailable:    1450396 kB
Buffers:           85356 kB
Cached:          1261828 kB
MemTotal:        1844596 kB
MemFree:          210900 kB
MemAvailable:    1450684 kB
Buffers:           85356 kB
Cached:          1261828 kB
MemTotal:        1844596 kB
MemFree:          209684 kB
MemAvailable:    1449468 kB
Buffers:           85356 kB
Cached:          1261828 kB
MemTotal:        1844596 kB
MemFree:          210720 kB
MemAvailable:    1450504 kB
Buffers:           85356 kB
Cached:          1261828 kB
MemTotal:        1844596 kB
MemFree:          210720 kB
MemAvailable:    1450504 kB
Buffers:           85356 kB
Cached:          1261828 kB
MemTotal:        1844596 kB
MemFree:          211024 kB
MemAvailable:    1450808 kB
Buffers:           85356 kB
Cached:          1261828 kB
MemTotal:        1844596 kB
MemFree:          210984 kB
MemAvailable:    1450768 kB
Buffers:           85356 kB
Cached:          1261828 kB
MemTotal:        1844596 kB
MemFree:          210780 kB
MemAvailable:    1450564 kB
Buffers:           85356 kB
Cached:          1261828 kB
MemTotal:        1844596 kB
MemFree:          211032 kB
MemAvailable:    1450816 kB
Buffers:           85356 kB
Cached:          1261828 kB
MemTotal:        1844596 kB
MemFree:          210972 kB
MemAvailable:    1450756 kB
Buffers:           85356 kB
Cached:          1261828 kB
MemTotal:        1844596 kB
MemFree:          210660 kB
MemAvailable:    1450444 kB
Buffers:           85356 kB
Cached:          1261828 kB
MemTotal:        1844596 kB
MemFree:          210804 kB
MemAvailable:    1450588 kB
Buffers:           85356 kB
Cached:          1261828 kB
MemTotal:        1844596 kB
MemFree:          209744 kB
MemAvailable:    1449528 kB
Buffers:           85356 kB
Cached:          1261828 kB
MemTotal:        1844596 kB
MemFree:          209696 kB
MemAvailable:    1449480 kB
Buffers:           85356 kB
Cached:          1261828 kB
MemTotal:        1844596 kB
MemFree:          210720 kB
MemAvailable:    1450504 kB
Buffers:           85356 kB
Cached:          1261828 kB
MemTotal:        1844596 kB
MemFree:          210488 kB
MemAvailable:    1450272 kB
Buffers:           85356 kB
Cached:          1261828 kB
MemTotal:        1844596 kB
MemFree:          209732 kB
MemAvailable:    1449516 kB
Buffers:           85356 kB
Cached:          1261828 kB
MemTotal:        1844596 kB
MemFree:          210104 kB
MemAvailable:    1449888 kB
Buffers:           85356 kB
Cached:          1261828 kB
MemTotal:        1844596 kB
MemFree:          209856 kB
MemAvailable:    1449640 kB
Buffers:           85356 kB
Cached:          1261828 kB
MemTotal:        1844596 kB
MemFree:          209736 kB
MemAvailable:    1449528 kB
Buffers:           85356 kB
Cached:          1261836 kB
MemTotal:        1844596 kB
MemFree:          210664 kB
MemAvailable:    1450456 kB
Buffers:           85356 kB
Cached:          1261836 kB
MemTotal:        1844596 kB
MemFree:          211000 kB
MemAvailable:    1450792 kB
Buffers:           85356 kB
Cached:          1261836 kB
MemTotal:        1844596 kB
MemFree:          210792 kB
MemAvailable:    1450584 kB
Buffers:           85356 kB
Cached:          1261836 kB
MemTotal:        1844596 kB
MemFree:          210620 kB
MemAvailable:    1450412 kB
Buffers:           85356 kB
Cached:          1261836 kB
MemTotal:        1844596 kB
MemFree:          209572 kB
MemAvailable:    1449364 kB
Buffers:           85356 kB
Cached:          1261836 kB
MemTotal:        1844596 kB
MemFree:          210944 kB
MemAvailable:    1450736 kB
Buffers:           85356 kB
Cached:          1261836 kB
MemTotal:        1844596 kB
MemFree:          210108 kB
MemAvailable:    1449900 kB
Buffers:           85356 kB
Cached:          1261836 kB
MemTotal:        1844596 kB
MemFree:          209984 kB
MemAvailable:    1449776 kB
Buffers:           85356 kB
Cached:          1261836 kB
MemTotal:        1844596 kB
MemFree:          211480 kB
MemAvailable:    1451272 kB
Buffers:           85356 kB
Cached:          1261836 kB
MemTotal:        1844596 kB
MemFree:          209860 kB
MemAvailable:    1449652 kB
Buffers:           85356 kB
Cached:          1261836 kB
MemTotal:        1844596 kB
MemFree:          210904 kB
MemAvailable:    1450696 kB
Buffers:           85356 kB
Cached:          1261836 kB
MemTotal:        1844596 kB
MemFree:          210116 kB
MemAvailable:    1449908 kB
Buffers:           85356 kB
Cached:          1261836 kB
MemTotal:        1844596 kB
MemFree:          210916 kB
MemAvailable:    1450708 kB
Buffers:           85356 kB
Cached:          1261836 kB
MemTotal:        1844596 kB
MemFree:          211084 kB
MemAvailable:    1450876 kB
Buffers:           85356 kB
Cached:          1261836 kB
MemTotal:        1844596 kB
MemFree:          210856 kB
MemAvailable:    1450648 kB
Buffers:           85356 kB
Cached:          1261836 kB
MemTotal:        1844596 kB
MemFree:          210792 kB
MemAvailable:    1450584 kB
Buffers:           85356 kB
Cached:          1261836 kB
MemTotal:        1844596 kB
MemFree:          211044 kB
MemAvailable:    1450836 kB
Buffers:           85356 kB
Cached:          1261836 kB
MemTotal:        1844596 kB
MemFree:          209572 kB
MemAvailable:    1449364 kB
Buffers:           85356 kB
Cached:          1261836 kB
MemTotal:        1844596 kB
MemFree:          210984 kB
MemAvailable:    1450776 kB
Buffers:           85356 kB
Cached:          1261836 kB
MemTotal:        1844596 kB
MemFree:          209696 kB
MemAvailable:    1449488 kB
Buffers:           85356 kB
Cached:          1261836 kB
MemTotal:        1844596 kB
MemFree:          209608 kB
MemAvailable:    1449400 kB
Buffers:           85356 kB
Cached:          1261836 kB
MemTotal:        1844596 kB
MemFree:          210764 kB
MemAvailable:    1450556 kB
Buffers:           85356 kB
Cached:          1261836 kB
MemTotal:        1844596 kB
MemFree:          211100 kB
MemAvailable:    1450892 kB
Buffers:           85356 kB
Cached:          1261836 kB
MemTotal:        1844596 kB
MemFree:          210972 kB
MemAvailable:    1450764 kB
Buffers:           85356 kB
Cached:          1261836 kB
MemTotal:        1844596 kB
MemFree:          210720 kB
MemAvailable:    1450512 kB
Buffers:           85356 kB
Cached:          1261836 kB
MemTotal:        1844596 kB
MemFree:          210972 kB
MemAvailable:    1450764 kB
Buffers:           85356 kB
Cached:          1261836 kB
MemTotal:        1844596 kB
MemFree:          210792 kB
MemAvailable:    1450584 kB
Buffers:           85356 kB
Cached:          1261836 kB
MemTotal:        1844596 kB
MemFree:          210488 kB
MemAvailable:    1450280 kB
Buffers:           85356 kB
Cached:          1261836 kB
MemTotal:        1844596 kB
MemFree:          209600 kB
MemAvailable:    1449392 kB
Buffers:           85356 kB
Cached:          1261836 kB
MemTotal:        1844596 kB
MemFree:          210900 kB
MemAvailable:    1450692 kB
Buffers:           85356 kB
Cached:          1261836 kB
MemTotal:        1844596 kB
MemFree:          209600 kB
MemAvailable:    1449392 kB
Buffers:           85356 kB
Cached:          1261836 kB
MemTotal:        1844596 kB
MemFree:          210720 kB
MemAvailable:    1450512 kB
Buffers:           85356 kB
Cached:          1261836 kB
MemTotal:        1844596 kB
MemFree:          210972 kB
MemAvailable:    1450764 kB
Buffers:           85356 kB
Cached:          1261836 kB
MemTotal:        1844596 kB
MemFree:          210708 kB
MemAvailable:    1450500 kB
Buffers:           85356 kB
Cached:          1261836 kB
MemTotal:        1844596 kB
MemFree:          211044 kB
MemAvailable:    1450836 kB
Buffers:           85356 kB
Cached:          1261836 kB
MemTotal:        1844596 kB
MemFree:          209476 kB
MemAvailable:    1449268 kB
Buffers:           85356 kB
Cached:          1261836 kB
MemTotal:        1844596 kB
MemFree:          209848 kB
MemAvailable:    1449640 kB
Buffers:           85356 kB
Cached:          1261836 kB
MemTotal:        1844596 kB
MemFree:          210784 kB
MemAvailable:    1450576 kB
Buffers:           85356 kB
Cached:          1261836 kB
MemTotal:        1844596 kB
MemFree:          211036 kB
MemAvailable:    1450828 kB
Buffers:           85356 kB
Cached:          1261836 kB
MemTotal:        1844596 kB
MemFree:          209732 kB
MemAvailable:    1449524 kB
Buffers:           85356 kB
Cached:          1261836 kB
MemTotal:        1844596 kB
MemFree:          211032 kB
MemAvailable:    1450824 kB
Buffers:           85356 kB
Cached:          1261836 kB
MemTotal:        1844596 kB
MemFree:          210840 kB
MemAvailable:    1450632 kB
Buffers:           85356 kB
Cached:          1261836 kB
MemTotal:        1844596 kB
MemFree:          211092 kB
MemAvailable:    1450884 kB
Buffers:           85356 kB
Cached:          1261836 kB
MemTotal:        1844596 kB
MemFree:          210852 kB
MemAvailable:    1450644 kB
Buffers:           85356 kB
Cached:          1261836 kB
MemTotal:        1844596 kB
MemFree:          210936 kB
MemAvailable:    1450728 kB
Buffers:           85356 kB
Cached:          1261836 kB
MemTotal:        1844596 kB
MemFree:          209448 kB
MemAvailable:    1449240 kB
Buffers:           85356 kB
Cached:          1261836 kB
MemTotal:        1844596 kB
MemFree:          210920 kB
MemAvailable:    1450712 kB
Buffers:           85356 kB
Cached:          1261836 kB
MemTotal:        1844596 kB
MemFree:          210240 kB
MemAvailable:    1450032 kB
Buffers:           85356 kB
Cached:          1261836 kB
MemTotal:        1844596 kB
MemFree:          210708 kB
MemAvailable:    1450500 kB
Buffers:           85356 kB
Cached:          1261836 kB
MemTotal:        1844596 kB
MemFree:          210560 kB
MemAvailable:    1450352 kB
Buffers:           85356 kB
Cached:          1261836 kB
MemTotal:        1844596 kB
MemFree:          209620 kB
MemAvailable:    1449412 kB
Buffers:           85356 kB
Cached:          1261836 kB
MemTotal:        1844596 kB
MemFree:          209820 kB
MemAvailable:    1449612 kB
Buffers:           85356 kB
Cached:          1261836 kB
MemTotal:        1844596 kB
MemFree:          211044 kB
MemAvailable:    1450836 kB
Buffers:           85356 kB
Cached:          1261836 kB
MemTotal:        1844596 kB
MemFree:          210872 kB
MemAvailable:    1450664 kB
Buffers:           85356 kB
Cached:          1261836 kB
MemTotal:        1844596 kB
MemFree:          210364 kB
MemAvailable:    1450156 kB
Buffers:           85356 kB
Cached:          1261836 kB
MemTotal:        1844596 kB
MemFree:          210968 kB
MemAvailable:    1450760 kB
Buffers:           85356 kB
Cached:          1261836 kB
MemTotal:        1844596 kB
MemFree:          211304 kB
MemAvailable:    1451096 kB
Buffers:           85356 kB
Cached:          1261836 kB
MemTotal:        1844596 kB
MemFree:          210836 kB
MemAvailable:    1450628 kB
Buffers:           85356 kB
Cached:          1261836 kB
MemTotal:        1844596 kB
MemFree:          210984 kB
MemAvailable:    1450776 kB
Buffers:           85356 kB
Cached:          1261836 kB
MemTotal:        1844596 kB
MemFree:          209688 kB
MemAvailable:    1449480 kB
Buffers:           85356 kB
Cached:          1261836 kB
MemTotal:        1844596 kB
MemFree:          209564 kB
MemAvailable:    1449356 kB
Buffers:           85356 kB
Cached:          1261836 kB
MemTotal:        1844596 kB
MemFree:          209812 kB
MemAvailable:    1449604 kB
Buffers:           85356 kB
Cached:          1261836 kB
MemTotal:        1844596 kB
MemFree:          210792 kB
MemAvailable:    1450584 kB
Buffers:           85356 kB
Cached:          1261836 kB
MemTotal:        1844596 kB
MemFree:          211044 kB
MemAvailable:    1450836 kB
Buffers:           85356 kB
Cached:          1261836 kB
MemTotal:        1844596 kB
MemFree:          210860 kB
MemAvailable:    1450652 kB
Buffers:           85356 kB
Cached:          1261836 kB
MemTotal:        1844596 kB
MemFree:          210364 kB
MemAvailable:    1450156 kB
Buffers:           85356 kB
Cached:          1261836 kB
MemTotal:        1844596 kB
MemFree:          209860 kB
MemAvailable:    1449664 kB
Buffers:           85356 kB
Cached:          1261848 kB
MemTotal:        1844596 kB
MemFree:          209976 kB
MemAvailable:    1449780 kB
Buffers:           85356 kB
Cached:          1261848 kB
MemTotal:        1844596 kB
MemFree:          210968 kB
MemAvailable:    1450772 kB
Buffers:           85356 kB
Cached:          1261848 kB
MemTotal:        1844596 kB
