MemTotal:        1844596 kB
MemFree:         1514556 kB
MemAvailable:    1586276 kB
Buffers:           28572 kB
Cached:           169532 kB
MemTotal:        1844596 kB
MemFree:         1514248 kB
MemAvailable:    1585968 kB
Buffers:           28572 kB
Cached:           169532 kB
MemTotal:        1844596 kB
MemFree:         1513628 kB
MemAvailable:    1585348 kB
Buffers:           28572 kB
Cached:           169532 kB
MemTotal:        1844596 kB
MemFree:         1510456 kB
MemAvailable:    1582176 kB
Buffers:           28572 kB
Cached:           169532 kB
MemTotal:        1844596 kB
MemFree:         1510456 kB
MemAvailable:    1582176 kB
Buffers:           28572 kB
Cached:           169532 kB
MemTotal:        1844596 kB
MemFree:         1510344 kB
MemAvailable:    1582064 kB
Buffers:           28572 kB
Cached:           169532 kB
MemTotal:        1844596 kB
MemFree:         1508852 kB
MemAvailable:    1580572 kB
Buffers:           28572 kB
Cached:           169532 kB
MemTotal:        1844596 kB
MemFree:         1506620 kB
MemAvailable:    1578340 kB
Buffers:           28572 kB
Cached:           169532 kB
MemTotal:        1844596 kB
MemFree:         1504132 kB
MemAvailable:    1575852 kB
Buffers:           28572 kB
Cached:           169532 kB
MemTotal:        1844596 kB
MemFree:         1504008 kB
MemAvailable:    1575728 kB
Buffers:           28572 kB
Cached:           169532 kB
MemTotal:        1844596 kB
MemFree:         1498304 kB
MemAvailable:    1570024 kB
Buffers:           28572 kB
Cached:           169532 kB
MemTotal:        1844596 kB
MemFree:         1501952 kB
MemAvailable:    1573672 kB
Buffers:           28572 kB
Cached:           169532 kB
MemTotal:        1844596 kB
MemFree:         1501920 kB
MemAvailable:    1573644 kB
Buffers:           28572 kB
Cached:           169536 kB
MemTotal:        1844596 kB
MemFree:         1502092 kB
MemAvailable:    1573816 kB
Buffers:           28572 kB
Cached:           169536 kB
MemTotal:        1844596 kB
MemFree:         1502144 kB
MemAvailable:    1573868 kB
Buffers:           28572 kB
Cached:           169536 kB
MemTotal:        1844596 kB
MemFree:         1501644 kB
MemAvailable:    1573368 kB
Buffers:           28572 kB
Cached:           169536 kB
MemTotal:        1844596 kB
MemFree:         1501644 kB
MemAvailable:    1573368 kB
Buffers:           28572 kB
Cached:           169536 kB
MemTotal:        1844596 kB
MemFree:         1501264 kB
MemAvailable:    1572988 kB
Buffers:           28572 kB
Cached:           169536 kB
MemTotal:        1844596 kB
MemFree:         1501600 kB
MemAvailable:    1573324 kB
Buffers:           28572 kB
Cached:           169536 kB
MemTotal:        1844596 kB
MemFree:         1501024 kB
MemAvailable:    1572748 kB
Buffers:           28572 kB
Cached:           169536 kB
MemTotal:        1844596 kB
MemFree:         1501360 kB
MemAvailable:    1573084 kB
Buffers:           28572 kB
Cached:           169536 kB
MemTotal:        1844596 kB
MemFree:         1499504 kB
MemAvailable:    1571228 kB
Buffers:           28572 kB
Cached:           169536 kB
MemTotal:        1844596 kB
MemFree:         1499672 kB
MemAvailable:    1571396 kB
Buffers:           28572 kB
Cached:           169536 kB
MemTotal:        1844596 kB
MemFree:         1499240 kB
MemAvailable:    1570964 kB
Buffers:           28572 kB
Cached:           169536 kB
MemTotal:        1844596 kB
MemFree:         1499576 kB
MemAvailable:    1571300 kB
Buffers:           28572 kB
Cached:           169536 kB
MemTotal:        1844596 kB
MemFree:         1499276 kB
MemAvailable:    1571000 kB
Buffers:           28572 kB
Cached:           169536 kB
MemTotal:        1844596 kB
MemFree:         1499444 kB
MemAvailable:    1571168 kB
Buffers:           28572 kB
Cached:           169536 kB
MemTotal:        1844596 kB
MemFree:         1499488 kB
MemAvailable:    1571212 kB
Buffers:           28572 kB
Cached:           169536 kB
MemTotal:        1844596 kB
MemFree:         1498684 kB
MemAvailable:    1570408 kB
Buffers:           28572 kB
Cached:           169536 kB
MemTotal:        1844596 kB
MemFree:         1499368 kB
MemAvailable:    1571092 kB
Buffers:           28572 kB
Cached:           169536 kB
MemTotal:        1844596 kB
MemFree:         1499620 kB
MemAvailable:    1571344 kB
Buffers:           28572 kB
Cached:           169536 kB
MemTotal:        1844596 kB
MemFree:         1499412 kB
MemAvailable:    1571136 kB
Buffers:           28572 kB
Cached:           169536 kB
MemTotal:        1844596 kB
MemFree:         1499664 kB
MemAvailable:    1571388 kB
Buffers:           28572 kB
Cached:           169536 kB
MemTotal:        1844596 kB
MemFree:         1498132 kB
MemAvailable:    1569856 kB
Buffers:           28572 kB
Cached:           169536 kB
MemTotal:        1844596 kB
MemFree:         1498496 kB
MemAvailable:    1570220 kB
Buffers:           28572 kB
Cached:           169536 kB
MemTotal:        1844596 kB
MemFree:         1494824 kB
MemAvailable:    1566548 kB
Buffers:           28572 kB
Cached:           169536 kB
MemTotal:        1844596 kB
MemFree:         1494716 kB
MemAvailable:    1566440 kB
Buffers:           28572 kB
Cached:           169536 kB
MemTotal:        1844596 kB
MemFree:         1494572 kB
MemAvailable:    1566296 kB
Buffers:           28572 kB
Cached:           169536 kB
MemTotal:        1844596 kB
MemFree:         1494828 kB
MemAvailable:    1566552 kB
Buffers:           28572 kB
Cached:           169536 kB
MemTotal:        1844596 kB
MemFree:         1494532 kB
MemAvailable:    1566256 kB
Buffers:           28572 kB
Cached:           169536 kB
MemTotal:        1844596 kB
MemFree:         1494460 kB
MemAvailable:    1566184 kB
Buffers:           28572 kB
Cached:           169536 kB
MemTotal:        1844596 kB
MemFree:         1494460 kB
MemAvailable:    1566184 kB
Buffers:           28572 kB
Cached:           169536 kB
MemTotal:        1844596 kB
MemFree:         1494412 kB
MemAvailable:    1566136 kB
Buffers:           28572 kB
Cached:           169536 kB
MemTotal:        1844596 kB
MemFree:         1494580 kB
MemAvailable:    1566304 kB
Buffers:           28572 kB
Cached:           169536 kB
MemTotal:        1844596 kB
MemFree:         1493088 kB
MemAvailable:    1564812 kB
Buffers:           28572 kB
Cached:           169536 kB
MemTotal:        1844596 kB
MemFree:         1493088 kB
MemAvailable:    1564812 kB
Buffers:           28572 kB
Cached:           169536 kB
MemTotal:        1844596 kB
MemFree:         1493708 kB
MemAvailable:    1565432 kB
Buffers:           28572 kB
Cached:           169536 kB
MemTotal:        1844596 kB
MemFree:         1493352 kB
MemAvailable:    1565076 kB
Buffers:           28572 kB
Cached:           169536 kB
MemTotal:        1844596 kB
MemFree:         1493580 kB
MemAvailable:    1565304 kB
Buffers:           28572 kB
Cached:           169536 kB
MemTotal:        1844596 kB
MemFree:         1493484 kB
MemAvailable:    1565208 kB
Buffers:           28572 kB
Cached:           169536 kB
MemTotal:        1844596 kB
MemFree:         1493428 kB
MemAvailable:    1565152 kB
Buffers:           28572 kB
Cached:           169536 kB
MemTotal:        1844596 kB
MemFree:         1492348 kB
MemAvailable:    1564072 kB
Buffers:           28572 kB
Cached:           169536 kB
MemTotal:        1844596 kB
MemFree:         1493524 kB
MemAvailable:    1565248 kB
Buffers:           28572 kB
Cached:           169536 kB
MemTotal:        1844596 kB
MemFree:         1492236 kB
MemAvailable:    1563960 kB
Buffers:           28572 kB
Cached:           169536 kB
MemTotal:        1844596 kB
MemFree:         1492952 kB
MemAvailable:    1564676 kB
Buffers:           28572 kB
Cached:           169536 kB
MemTotal:        1844596 kB
MemFree:         1493036 kB
MemAvailable:    1564760 kB
Buffers:           28572 kB
Cached:           169536 kB
MemTotal:        1844596 kB
MemFree:         1491476 kB
MemAvailable:    1563200 kB
Buffers:           28572 kB
Cached:           169536 kB
MemTotal:        1844596 kB
MemFree:         1491552 kB
MemAvailable:    1563276 kB
Buffers:           28572 kB
Cached:           169536 kB
MemTotal:        1844596 kB
MemFree:         1492860 kB
MemAvailable:    1564584 kB
Buffers:           28572 kB
Cached:           169536 kB
MemTotal:        1844596 kB
MemFree:         1491684 kB
MemAvailable:    1563408 kB
Buffers:           28572 kB
Cached:           169536 kB
MemTotal:        1844596 kB
MemFree:         1493076 kB
MemAvailable:    1564800 kB
Buffers:           28572 kB
Cached:           169536 kB
MemTotal:        1844596 kB
MemFree:         1492920 kB
MemAvailable:    1564644 kB
Buffers:           28572 kB
Cached:           169536 kB
MemTotal:        1844596 kB
MemFree:         1491988 kB
MemAvailable:    1563712 kB
Buffers:           28572 kB
Cached:           169536 kB
MemTotal:        1844596 kB
MemFree:         1492836 kB
MemAvailable:    1564560 kB
Buffers:           28572 kB
Cached:           169536 kB
MemTotal:        1844596 kB
MemFree:         1493092 kB
MemAvailable:    1564816 kB
Buffers:           28572 kB
Cached:           169536 kB
MemTotal:        1844596 kB
MemFree:         1491608 kB
MemAvailable:    1563332 kB
Buffers:           28572 kB
Cached:           169536 kB
MemTotal:        1844596 kB
MemFree:         1487400 kB
MemAvailable:    1559124 kB
Buffers:           28572 kB
Cached:           169536 kB
MemTotal:        1844596 kB
MemFree:         1485904 kB
MemAvailable:    1557628 kB
Buffers:           28572 kB
Cached:           169536 kB
MemTotal:        1844596 kB
MemFree:         1487144 kB
MemAvailable:    1558868 kB
Buffers:           28572 kB
Cached:           169536 kB
MemTotal:        1844596 kB
MemFree:         1485904 kB
MemAvailable:    1557628 kB
Buffers:           28572 kB
Cached:           169536 kB
MemTotal:        1844596 kB
MemFree:         1486592 kB
MemAvailable:    1558316 kB
Buffers:           28572 kB
Cached:           169536 kB
MemTotal:        1844596 kB
MemFree:         1485160 kB
MemAvailable:    1556884 kB
Buffers:           28572 kB
Cached:           169536 kB
MemTotal:        1844596 kB
MemFree:         1486008 kB
MemAvailable:    1557732 kB
Buffers:           28572 kB
Cached:           169536 kB
MemTotal:        1844596 kB
MemFree:         1486200 kB
MemAvailable:    1557924 kB
Buffers:           28572 kB
Cached:           169536 kB
MemTotal:        1844596 kB
MemFree:         1484632 kB
MemAvailable:    1556356 kB
Buffers:           28572 kB
Cached:           169536 kB
MemTotal:        1844596 kB
MemFree:         1485160 kB
MemAvailable:    1556884 kB
Buffers:           28572 kB
Cached:           169536 kB
MemTotal:        1844596 kB
MemFree:         1485592 kB
MemAvailable:    1557316 kB
Buffers:           28572 kB
Cached:           169536 kB
MemTotal:        1844596 kB
MemFree:         1485848 kB
MemAvailable:    1557572 kB
Buffers:           28572 kB
Cached:           169536 kB
MemTotal:        1844596 kB
MemFree:         1485152 kB
MemAvailable:    1556876 kB
Buffers:           28572 kB
Cached:           169536 kB
MemTotal:        1844596 kB
MemFree:         1485152 kB
MemAvailable:    1556876 kB
Buffers:           28572 kB
Cached:           169536 kB
MemTotal:        1844596 kB
MemFree:         1483300 kB
MemAvailable:    1555024 kB
Buffers:           28572 kB
Cached:           169536 kB
MemTotal:        1844596 kB
MemFree:         1483556 kB
MemAvailable:    1555280 kB
Buffers:           28572 kB
Cached:           169536 kB
MemTotal:        1844596 kB
MemFree:         1483740 kB
MemAvailable:    1555464 kB
Buffers:           28572 kB
Cached:           169536 kB
MemTotal:        1844596 kB
MemFree:         1482316 kB
MemAvailable:    1554040 kB
Buffers:           28572 kB
Cached:           169536 kB
MemTotal:        1844596 kB
MemFree:         1483292 kB
MemAvailable:    1555016 kB
Buffers:           28572 kB
Cached:           169536 kB
MemTotal:        1844596 kB
MemFree:         1483376 kB
MemAvailable:    1555100 kB
Buffers:           28572 kB
Cached:           169536 kB
MemTotal:        1844596 kB
MemFree:         1483248 kB
MemAvailable:    1554972 kB
Buffers:           28572 kB
Cached:           169536 kB
MemTotal:        1844596 kB
MemFree:         1483416 kB
MemAvailable:    1555040 kB
Buffers:           28572 kB
Cached:           169536 kB
MemTotal:        1844596 kB
MemFree:         1483136 kB
MemAvailable:    1554860 kB
Buffers:           28572 kB
Cached:           169536 kB
MemTotal:        1844596 kB
MemFree:         1482192 kB
MemAvailable:    1553928 kB
Buffers:           28572 kB
Cached:           169548 kB
MemTotal:        1844596 kB
MemFree:         1482068 kB
MemAvailable:    1553804 kB
Buffers:           28572 kB
Cached:           169548 kB
MemTotal:        1844596 kB
MemFree:         1483292 kB
MemAvailable:    1555028 kB
Buffers:           28572 kB
Cached:           169548 kB
MemTotal:        1844596 kB
MemFree:         1482996 kB
MemAvailable:    1554732 kB
Buffers:           28572 kB
Cached:           169548 kB
MemTotal:        1844596 kB
MemFree:         1483128 kB
MemAvailable:    1554864 kB
Buffers:           28572 kB
Cached:           169548 kB
MemTotal:        1844596 kB
MemFree:         1483356 kB
MemAvailable:    1555092 kB
Buffers:           28572 kB
Cached:           169548 kB
MemTotal:        1844596 kB
MemFree:         1482048 kB
MemAvailable:    1553784 kB
Buffers:           28572 kB
Cached:           169548 kB
MemTotal:        1844596 kB
MemFree:         1482912 kB
MemAvailable:    1554648 kB
Buffers:           28572 kB
Cached:           169548 kB
MemTotal:        1844596 kB
MemFree:         1482912 kB
MemAvailable:    1554648 kB
Buffers:           28572 kB
Cached:           169548 kB
MemTotal:        1844596 kB
MemFree:         1482284 kB
MemAvailable:    1554020 kB
Buffers:           28572 kB
Cached:           169548 kB
MemTotal:        1844596 kB
MemFree:         1482440 kB
MemAvailable:    1554176 kB
Buffers:           28572 kB
Cached:           169548 kB
MemTotal:        1844596 kB
MemFree:         1482320 kB
MemAvailable:    1554056 kB
Buffers:           28572 kB
Cached:           169548 kB
MemTotal:        1844596 kB
MemFree:         1481012 kB
MemAvailable:    1552748 kB
Buffers:           28572 kB
Cached:           169548 kB
MemTotal:        1844596 kB
MemFree:         1481748 kB
MemAvailable:    1553484 kB
Buffers:           28572 kB
Cached:           169548 kB
MemTotal:        1844596 kB
MemFree:         1480456 kB
MemAvailable:    1552192 kB
Buffers:           28572 kB
Cached:           169548 kB
MemTotal:        1844596 kB
MemFree:         1481328 kB
MemAvailable:    1553064 kB
Buffers:           28572 kB
Cached:           169548 kB
MemTotal:        1844596 kB
MemFree:         1481128 kB
MemAvailable:    1552864 kB
Buffers:           28572 kB
Cached:           169548 kB
MemTotal:        1844596 kB
MemFree:         1481380 kB
MemAvailable:    1553116 kB
Buffers:           28572 kB
Cached:           169548 kB
MemTotal:        1844596 kB
MemFree:         1480828 kB
MemAvailable:    1552564 kB
Buffers:           28572 kB
Cached:           169548 kB
MemTotal:        1844596 kB
MemFree:         1479456 kB
MemAvailable:    1551192 kB
Buffers:           28572 kB
Cached:           169548 kB
MemTotal:        1844596 kB
MemFree:         1480556 kB
MemAvailable:    1552292 kB
Buffers:           28572 kB
Cached:           169548 kB
MemTotal:        1844596 kB
MemFree:         1480556 kB
MemAvailable:    1552292 kB
Buffers:           28572 kB
Cached:           169548 kB
MemTotal:        1844596 kB
MemFree:         1479284 kB
MemAvailable:    1551020 kB
Buffers:           28572 kB
Cached:           169548 kB
MemTotal:        1844596 kB
MemFree:         1480676 kB
MemAvailable:    1552412 kB
Buffers:           28572 kB
Cached:           169548 kB
MemTotal:        1844596 kB
MemFree:         1480520 kB
MemAvailable:    1552256 kB
Buffers:           28572 kB
Cached:           169548 kB
MemTotal:        1844596 kB
MemFree:         1480616 kB
MemAvailable:    1552352 kB
Buffers:           28572 kB
Cached:           169548 kB
MemTotal:        1844596 kB
MemFree:         1480268 kB
MemAvailable:    1552004 kB
Buffers:           28572 kB
Cached:           169548 kB
MemTotal:        1844596 kB
MemFree:         1480012 kB
MemAvailable:    1551748 kB
Buffers:           28572 kB
Cached:           169548 kB
MemTotal:        1844596 kB
MemFree:         1479152 kB
MemAvailable:    1550888 kB
Buffers:           28572 kB
Cached:           169548 kB
MemTotal:        1844596 kB
MemFree:         1477232 kB
MemAvailable:    1548968 kB
Buffers:           28572 kB
Cached:           169548 kB
MemTotal:        1844596 kB
MemFree:         1475432 kB
MemAvailable:    1547168 kB
Buffers:           28572 kB
Cached:           169548 kB
MemTotal:        1844596 kB
MemFree:         1473264 kB
MemAvailable:    1545000 kB
Buffers:           28572 kB
Cached:           169548 kB
MemTotal:        1844596 kB
MemFree:         1471396 kB
MemAvailable:    1543132 kB
Buffers:           28572 kB
Cached:           169548 kB
MemTotal:        1844596 kB
MemFree:         1471652 kB
MemAvailable:    1543388 kB
Buffers:           28572 kB
Cached:           169548 kB
MemTotal:        1844596 kB
MemFree:         1469916 kB
MemAvailable:    1541652 kB
Buffers:           28572 kB
Cached:           169548 kB
MemTotal:        1844596 kB
MemFree:         1470768 kB
MemAvailable:    1542504 kB
Buffers:           28572 kB
Cached:           169548 kB
MemTotal:        1844596 kB
MemFree:         1470768 kB
MemAvailable:    1542504 kB
Buffers:           28572 kB
Cached:           169548 kB
MemTotal:        1844596 kB
MemFree:         1470348 kB
MemAvailable:    1542084 kB
Buffers:           28572 kB
Cached:           169548 kB
MemTotal:        1844596 kB
MemFree:         1470684 kB
MemAvailable:    1542420 kB
Buffers:           28572 kB
Cached:           169548 kB
MemTotal:        1844596 kB
MemFree:         1470100 kB
MemAvailable:    1541836 kB
Buffers:           28572 kB
Cached:           169548 kB
MemTotal:        1844596 kB
MemFree:         1468056 kB
MemAvailable:    1539792 kB
Buffers:           28572 kB
Cached:           169548 kB
MemTotal:        1844596 kB
MemFree:         1467924 kB
MemAvailable:    1539660 kB
Buffers:           28572 kB
Cached:           169548 kB
MemTotal:        1844596 kB
MemFree:         1468908 kB
MemAvailable:    1540644 kB
Buffers:           28572 kB
Cached:           169548 kB
MemTotal:        1844596 kB
MemFree:         1469160 kB
MemAvailable:    1540896 kB
Buffers:           28572 kB
Cached:           169548 kB
MemTotal:        1844596 kB
MemFree:         1468904 kB
MemAvailable:    1540640 kB
Buffers:           28572 kB
Cached:           169548 kB
MemTotal:        1844596 kB
MemFree:         1469156 kB
MemAvailable:    1540892 kB
Buffers:           28572 kB
Cached:           169548 kB
MemTotal:        1844596 kB
MemFree:         1468736 kB
MemAvailable:    1540472 kB
Buffers:           28572 kB
Cached:           169548 kB
MemTotal:        1844596 kB
MemFree:         1468988 kB
MemAvailable:    1540724 kB
Buffers:           28572 kB
Cached:           169548 kB
MemTotal:        1844596 kB
MemFree:         1468604 kB
MemAvailable:    1540340 kB
Buffers:           28572 kB
Cached:           169548 kB
MemTotal:        1844596 kB
MemFree:         1468940 kB
MemAvailable:    1540676 kB
Buffers:           28572 kB
Cached:           169548 kB
MemTotal:        1844596 kB
MemFree:         1468724 kB
MemAvailable:    1540460 kB
Buffers:           28572 kB
Cached:           169548 kB
MemTotal:        1844596 kB
MemFree:         1468288 kB
MemAvailable:    1540024 kB
Buffers:           28572 kB
Cached:           169548 kB
MemTotal:        1844596 kB
MemFree:         1469356 kB
MemAvailable:    1541096 kB
Buffers:           28572 kB
Cached:           169552 kB
MemTotal:        1844596 kB
MemFree:         1468056 kB
MemAvailable:    1539796 kB
Buffers:           28572 kB
Cached:           169552 kB
MemTotal:        1844596 kB
MemFree:         1468048 kB
MemAvailable:    1539788 kB
Buffers:           28572 kB
Cached:           169552 kB
MemTotal:        1844596 kB
MemFree:         1468780 kB
MemAvailable:    1540520 kB
Buffers:           28572 kB
Cached:           169552 kB
MemTotal:        1844596 kB
MemFree:         1468800 kB
MemAvailable:    1540540 kB
Buffers:           28572 kB
Cached:           169552 kB
MemTotal:        1844596 kB
MemFree:         1468852 kB
MemAvailable:    1540592 kB
Buffers:           28572 kB
Cached:           169552 kB
MemTotal:        1844596 kB
MemFree:         1467792 kB
MemAvailable:    1539532 kB
Buffers:           28572 kB
Cached:           169552 kB
MemTotal:        1844596 kB
MemFree:         1467792 kB
MemAvailable:    1539532 kB
Buffers:           28572 kB
Cached:           169552 kB
MemTotal:        1844596 kB
MemFree:         1466196 kB
MemAvailable:    1537936 kB
Buffers:           28572 kB
Cached:           169552 kB
MemTotal:        1844596 kB
MemFree:         1463336 kB
MemAvailable:    1535076 kB
Buffers:           28572 kB
Cached:           169552 kB
MemTotal:        1844596 kB
MemFree:         1460492 kB
MemAvailable:    1532232 kB
Buffers:           28572 kB
Cached:           169552 kB
MemTotal:        1844596 kB
MemFree:         1458188 kB
MemAvailable:    1529928 kB
Buffers:           28572 kB
Cached:           169552 kB
MemTotal:        1844596 kB
MemFree:         1456960 kB
MemAvailable:    1528700 kB
Buffers:           28572 kB
Cached:           169552 kB
MemTotal:        1844596 kB
MemFree:         1456508 kB
MemAvailable:    1528248 kB
Buffers:           28572 kB
Cached:           169552 kB
MemTotal:        1844596 kB
MemFree:         1455392 kB
MemAvailable:    1527132 kB
Buffers:           28572 kB
Cached:           169552 kB
MemTotal:        1844596 kB
MemFree:         1456636 kB
MemAvailable:    1528376 kB
Buffers:           28572 kB
Cached:           169552 kB
MemTotal:        1844596 kB
MemFree:         1455472 kB
MemAvailable:    1527212 kB
Buffers:           28572 kB
Cached:           169552 kB
MemTotal:        1844596 kB
MemFree:         1455508 kB
MemAvailable:    1527248 kB
Buffers:           28572 kB
Cached:           169552 kB
MemTotal:        1844596 kB
MemFree:         1456568 kB
MemAvailable:    1528308 kB
Buffers:           28572 kB
Cached:           169552 kB
MemTotal:        1844596 kB
MemFree:         1456820 kB
MemAvailable:    1528560 kB
Buffers:           28572 kB
Cached:           169552 kB
MemTotal:        1844596 kB
MemFree:         1456716 kB
MemAvailable:    1528456 kB
Buffers:           28572 kB
Cached:           169552 kB
MemTotal:        1844596 kB
MemFree:         1456396 kB
MemAvailable:    1528136 kB
Buffers:           28572 kB
Cached:           169552 kB
MemTotal:        1844596 kB
MemFree:         1455088 kB
MemAvailable:    1526828 kB
Buffers:           28572 kB
Cached:           169552 kB
MemTotal:        1844596 kB
MemFree:         1456432 kB
MemAvailable:    1528172 kB
Buffers:           28572 kB
Cached:           169552 kB
MemTotal:        1844596 kB
MemFree:         1456196 kB
MemAvailable:    1527936 kB
Buffers:           28572 kB
Cached:           169552 kB
MemTotal:        1844596 kB
MemFree:         1456368 kB
MemAvailable:    1528108 kB
Buffers:           28572 kB
Cached:           169552 kB
MemTotal:        1844596 kB
MemFree:         1455932 kB
MemAvailable:    1527676 kB
Buffers:           28572 kB
Cached:           169556 kB
MemTotal:        1844596 kB
MemFree:         1456016 kB
MemAvailable:    1527760 kB
Buffers:           28572 kB
Cached:           169556 kB
MemTotal:        1844596 kB
MemFree:         1455864 kB
MemAvailable:    1527608 kB
Buffers:           28572 kB
Cached:           169556 kB
MemTotal:        1844596 kB
MemFree:         1456200 kB
MemAvailable:    1527944 kB
Buffers:           28572 kB
Cached:           169556 kB
MemTotal:        1844596 kB
MemFree:         1455984 kB
MemAvailable:    1527728 kB
Buffers:           28572 kB
Cached:           169556 kB
MemTotal:        1844596 kB
MemFree:         1456236 kB
MemAvailable:    1527980 kB
Buffers:           28572 kB
Cached:           169556 kB
MemTotal:        1844596 kB
MemFree:         1456000 kB
MemAvailable:    1527744 kB
Buffers:           28572 kB
Cached:           169556 kB
MemTotal:        1844596 kB
MemFree:         1456336 kB
MemAvailable:    1528080 kB
Buffers:           28572 kB
Cached:           169556 kB
MemTotal:        1844596 kB
MemFree:         1456020 kB
MemAvailable:    1527764 kB
Buffers:           28572 kB
Cached:           169556 kB
MemTotal:        1844596 kB
MemFree:         1456020 kB
MemAvailable:    1527764 kB
Buffers:           28572 kB
Cached:           169556 kB
MemTotal:        1844596 kB
MemFree:         1454852 kB
MemAvailable:    1526596 kB
Buffers:           28572 kB
Cached:           169556 kB
MemTotal:        1844596 kB
MemFree:         1456160 kB
MemAvailable:    1527904 kB
Buffers:           28572 kB
Cached:           169556 kB
MemTotal:        1844596 kB
MemFree:         1456408 kB
MemAvailable:    1528152 kB
Buffers:           28572 kB
Cached:           169556 kB
MemTotal:        1844596 kB
MemFree:         1455604 kB
MemAvailable:    1527348 kB
Buffers:           28572 kB
Cached:           169556 kB
MemTotal:        1844596 kB
MemFree:         1456260 kB
MemAvailable:    1528004 kB
Buffers:           28572 kB
Cached:           169556 kB
MemTotal:        1844596 kB
MemFree:         1456260 kB
MemAvailable:    1528004 kB
Buffers:           28572 kB
Cached:           169556 kB
MemTotal:        1844596 kB
MemFree:         1456200 kB
MemAvailable:    1527944 kB
Buffers:           28572 kB
Cached:           169556 kB
MemTotal:        1844596 kB
MemFree:         1456088 kB
MemAvailable:    1527832 kB
Buffers:           28572 kB
Cached:           169556 kB
MemTotal:        1844596 kB
MemFree:         1455408 kB
MemAvailable:    1527152 kB
Buffers:           28572 kB
Cached:           169556 kB
MemTotal:        1844596 kB
MemFree:         1453292 kB
MemAvailable:    1525036 kB
Buffers:           28572 kB
Cached:           169556 kB
MemTotal:        1844596 kB
MemFree:         1453176 kB
MemAvailable:    1524920 kB
Buffers:           28572 kB
Cached:           169556 kB
MemTotal:        1844596 kB
MemFree:         1445976 kB
MemAvailable:    1517720 kB
Buffers:           28572 kB
Cached:           169556 kB
MemTotal:        1844596 kB
MemFree:         1445108 kB
MemAvailable:    1516852 kB
Buffers:           28572 kB
Cached:           169556 kB
MemTotal:        1844596 kB
MemFree:         1445852 kB
MemAvailable:    1517596 kB
Buffers:           28572 kB
Cached:           169556 kB
MemTotal:        1844596 kB
MemFree:         1445936 kB
MemAvailable:    1517680 kB
Buffers:           28572 kB
Cached:           169556 kB
MemTotal:        1844596 kB
MemFree:         1445548 kB
MemAvailable:    1517292 kB
Buffers:           28572 kB
Cached:           169556 kB
MemTotal:        1844596 kB
MemFree:         1444992 kB
MemAvailable:    1516736 kB
Buffers:           28572 kB
Cached:           169556 kB
MemTotal:        1844596 kB
MemFree:         1445852 kB
MemAvailable:    1517596 kB
Buffers:           28572 kB
Cached:           169556 kB
MemTotal:        1844596 kB
MemFree:         1445116 kB
MemAvailable:    1516860 kB
Buffers:           28572 kB
Cached:           169556 kB
MemTotal:        1844596 kB
MemFree:         1445708 kB
MemAvailable:    1517452 kB
Buffers:           28572 kB
Cached:           169556 kB
MemTotal:        1844596 kB
MemFree:         1445960 kB
MemAvailable:    1517704 kB
Buffers:           28572 kB
Cached:           169556 kB
MemTotal:        1844596 kB
MemFree:         1445804 kB
MemAvailable:    1517548 kB
Buffers:           28572 kB
Cached:           169556 kB
MemTotal:        1844596 kB
MemFree:         1445964 kB
MemAvailable:    1517708 kB
Buffers:           28572 kB
Cached:           169556 kB
MemTotal:        1844596 kB
MemFree:         1445776 kB
MemAvailable:    1517520 kB
Buffers:           28572 kB
Cached:           169556 kB
MemTotal:        1844596 kB
MemFree:         1445840 kB
MemAvailable:    1517584 kB
Buffers:           28572 kB
Cached:           169556 kB
MemTotal:        1844596 kB
MemFree:         1444596 kB
MemAvailable:    1516340 kB
Buffers:           28572 kB
Cached:           169556 kB
MemTotal:        1844596 kB
MemFree:         1444984 kB
MemAvailable:    1516728 kB
Buffers:           28572 kB
Cached:           169556 kB
MemTotal:        1844596 kB
MemFree:         1445408 kB
MemAvailable:    1517152 kB
Buffers:           28572 kB
Cached:           169556 kB
MemTotal:        1844596 kB
MemFree:         1445660 kB
MemAvailable:    1517404 kB
Buffers:           28572 kB
Cached:           169556 kB
MemTotal:        1844596 kB
MemFree:         1444704 kB
MemAvailable:    1516448 kB
Buffers:           28572 kB
Cached:           169556 kB
MemTotal:        1844596 kB
MemFree:         1442884 kB
MemAvailable:    1514628 kB
Buffers:           28572 kB
Cached:           169556 kB
MemTotal:        1844596 kB
MemFree:         1442504 kB
MemAvailable:    1514248 kB
Buffers:           28572 kB
Cached:           169556 kB
MemTotal:        1844596 kB
MemFree:         1443744 kB
MemAvailable:    1515488 kB
Buffers:           28572 kB
Cached:           169556 kB
MemTotal:        1844596 kB
MemFree:         1443736 kB
MemAvailable:    1515480 kB
Buffers:           28572 kB
Cached:           169556 kB
MemTotal:        1844596 kB
MemFree:         1443548 kB
MemAvailable:    1515292 kB
Buffers:           28572 kB
Cached:           169556 kB
MemTotal:        1844596 kB
MemFree:         1443348 kB
MemAvailable:    1515092 kB
Buffers:           28572 kB
Cached:           169556 kB
MemTotal:        1844596 kB
MemFree:         1443380 kB
MemAvailable:    1515124 kB
Buffers:           28572 kB
Cached:           169556 kB
MemTotal:        1844596 kB
MemFree:         1443436 kB
MemAvailable:    1515180 kB
Buffers:           28572 kB
Cached:           169556 kB
MemTotal:        1844596 kB
MemFree:         1443604 kB
MemAvailable:    1515348 kB
Buffers:           28572 kB
Cached:           169556 kB
MemTotal:        1844596 kB
MemFree:         1442068 kB
MemAvailable:    1513812 kB
Buffers:           28572 kB
Cached:           169556 kB
MemTotal:        1844596 kB
MemFree:         1443500 kB
MemAvailable:    1515244 kB
Buffers:           28572 kB
Cached:           169556 kB
MemTotal:        1844596 kB
MemFree:         1443372 kB
MemAvailable:    1515116 kB
Buffers:           28572 kB
Cached:           169556 kB
MemTotal:        1844596 kB
MemFree:         1443708 kB
MemAvailable:    1515452 kB
Buffers:           28572 kB
Cached:           169556 kB
MemTotal:        1844596 kB
MemFree:         1443688 kB
MemAvailable:    1515432 kB
Buffers:           28572 kB
Cached:           169556 kB
MemTotal:        1844596 kB
MemFree:         1443516 kB
MemAvailable:    1515260 kB
Buffers:           28572 kB
Cached:           169556 kB
MemTotal:        1844596 kB
MemFree:         1442760 kB
MemAvailable:    1514504 kB
Buffers:           28572 kB
Cached:           169556 kB
MemTotal:        1844596 kB
MemFree:         1443352 kB
MemAvailable:    1515096 kB
Buffers:           28572 kB
Cached:           169556 kB
MemTotal:        1844596 kB
MemFree:         1443436 kB
MemAvailable:    1515180 kB
Buffers:           28580 kB
Cached:           169548 kB
MemTotal:        1844596 kB
MemFree:         1443420 kB
MemAvailable:    1515164 kB
Buffers:           28584 kB
Cached:           169544 kB
MemTotal:        1844596 kB
MemFree:         1443672 kB
MemAvailable:    1515416 kB
Buffers:           28584 kB
Cached:           169544 kB
MemTotal:        1844596 kB
MemFree:         1442876 kB
MemAvailable:    1514620 kB
Buffers:           28584 kB
Cached:           169544 kB
MemTotal:        1844596 kB
MemFree:         1443936 kB
MemAvailable:    1515700 kB
Buffers:           28584 kB
Cached:           169560 kB
MemTotal:        1844596 kB
MemFree:         1443620 kB
MemAvailable:    1515384 kB
Buffers:           28584 kB
Cached:           169560 kB
MemTotal:        1844596 kB
MemFree:         1442504 kB
MemAvailable:    1514268 kB
Buffers:           28584 kB
Cached:           169560 kB
MemTotal:        1844596 kB
MemFree:         1443848 kB
MemAvailable:    1515612 kB
Buffers:           28584 kB
Cached:           169560 kB
MemTotal:        1844596 kB
MemFree:         1442636 kB
MemAvailable:    1514400 kB
Buffers:           28584 kB
Cached:           169560 kB
MemTotal:        1844596 kB
MemFree:         1443628 kB
MemAvailable:    1515392 kB
Buffers:           28584 kB
Cached:           169560 kB
MemTotal:        1844596 kB
MemFree:         1442636 kB
MemAvailable:    1514400 kB
Buffers:           28584 kB
Cached:           169560 kB
MemTotal:        1844596 kB
MemFree:         1443360 kB
MemAvailable:    1515124 kB
Buffers:           28584 kB
Cached:           169560 kB
MemTotal:        1844596 kB
MemFree:         1443616 kB
MemAvailable:    1515380 kB
Buffers:           28584 kB
Cached:           169560 kB
MemTotal:        1844596 kB
MemFree:         1437364 kB
MemAvailable:    1509128 kB
Buffers:           28584 kB
Cached:           169560 kB
MemTotal:        1844596 kB
MemFree:         1435508 kB
MemAvailable:    1507272 kB
Buffers:           28584 kB
Cached:           169560 kB
MemTotal:        1844596 kB
MemFree:         1433036 kB
MemAvailable:    1504800 kB
Buffers:           28584 kB
Cached:           169560 kB
MemTotal:        1844596 kB
MemFree:         1430916 kB
MemAvailable:    1502680 kB
Buffers:           28584 kB
Cached:           169560 kB
MemTotal:        1844596 kB
MemFree:         1430724 kB
MemAvailable:    1502488 kB
Buffers:           28584 kB
Cached:           169560 kB
MemTotal:        1844596 kB
MemFree:         1430576 kB
MemAvailable:    1502340 kB
Buffers:           28584 kB
Cached:           169560 kB
MemTotal:        1844596 kB
MemFree:         1430468 kB
MemAvailable:    1502232 kB
Buffers:           28584 kB
Cached:           169560 kB
MemTotal:        1844596 kB
MemFree:         1429780 kB
MemAvailable:    1501544 kB
Buffers:           28584 kB
Cached:           169560 kB
MemTotal:        1844596 kB
MemFree:         1428916 kB
MemAvailable:    1500680 kB
Buffers:           28584 kB
Cached:           169560 kB
MemTotal:        1844596 kB
MemFree:         1430320 kB
MemAvailable:    1502092 kB
Buffers:           28584 kB
Cached:           169568 kB
MemTotal:        1844596 kB
MemFree:         1429080 kB
MemAvailable:    1500852 kB
Buffers:           28584 kB
Cached:           169568 kB
MemTotal:        1844596 kB
MemFree:         1430508 kB
MemAvailable:    1502280 kB
Buffers:           28584 kB
Cached:           169568 kB
MemTotal:        1844596 kB
MemFree:         1430508 kB
MemAvailable:    1502280 kB
Buffers:           28584 kB
Cached:           169568 kB
MemTotal:        1844596 kB
MemFree:         1430124 kB
MemAvailable:    1501896 kB
Buffers:           28584 kB
Cached:           169568 kB
MemTotal:        1844596 kB
MemFree:         1430084 kB
MemAvailable:    1501856 kB
Buffers:           28584 kB
Cached:           169568 kB
MemTotal:        1844596 kB
MemFree:         1430168 kB
MemAvailable:    1501940 kB
Buffers:           28584 kB
Cached:           169568 kB
MemTotal:        1844596 kB
MemFree:         1429960 kB
MemAvailable:    1501732 kB
Buffers:           28584 kB
Cached:           169568 kB
MemTotal:        1844596 kB
MemFree:         1430296 kB
MemAvailable:    1502068 kB
Buffers:           28584 kB
Cached:           169568 kB
MemTotal:        1844596 kB
MemFree:         1430052 kB
MemAvailable:    1501824 kB
Buffers:           28584 kB
Cached:           169568 kB
MemTotal:        1844596 kB
MemFree:         1430148 kB
MemAvailable:    1501920 kB
Buffers:           28584 kB
Cached:           169568 kB
MemTotal:        1844596 kB
MemFree:         1428800 kB
MemAvailable:    1500572 kB
Buffers:           28584 kB
Cached:           169568 kB
MemTotal:        1844596 kB
MemFree:         1430100 kB
MemAvailable:    1501872 kB
Buffers:           28584 kB
Cached:           169568 kB
MemTotal:        1844596 kB
MemFree:         1430352 kB
MemAvailable:    1502124 kB
Buffers:           28584 kB
Cached:           169568 kB
MemTotal:        1844596 kB
MemFree:         1428956 kB
MemAvailable:    1500728 kB
Buffers:           28584 kB
Cached:           169568 kB
MemTotal:        1844596 kB
MemFree:         1428832 kB
MemAvailable:    1500604 kB
Buffers:           28584 kB
Cached:           169568 kB
MemTotal:        1844596 kB
MemFree:         1430112 kB
MemAvailable:    1501884 kB
Buffers:           28584 kB
Cached:           169568 kB
MemTotal:        1844596 kB
MemFree:         1430196 kB
MemAvailable:    1501968 kB
Buffers:           28584 kB
Cached:           169568 kB
MemTotal:        1844596 kB
MemFree:         1429932 kB
MemAvailable:    1501704 kB
Buffers:           28584 kB
Cached:           169568 kB
MemTotal:        1844596 kB
MemFree:         1430268 kB
MemAvailable:    1502040 kB
Buffers:           28584 kB
Cached:           169568 kB
MemTotal:        1844596 kB
MemFree:         1428816 kB
MemAvailable:    1500588 kB
Buffers:           28584 kB
Cached:           169568 kB
MemTotal:        1844596 kB
MemFree:         1429924 kB
MemAvailable:    1501696 kB
Buffers:           28584 kB
Cached:           169568 kB
MemTotal:        1844596 kB
MemFree:         1430176 kB
MemAvailable:    1501948 kB
Buffers:           28584 kB
Cached:           169568 kB
MemTotal:        1844596 kB
MemFree:         1429500 kB
MemAvailable:    1501272 kB
Buffers:           28584 kB
Cached:           169568 kB
MemTotal:        1844596 kB
MemFree:         1428252 kB
MemAvailable:    1500024 kB
Buffers:           28584 kB
Cached:           169568 kB
MemTotal:        1844596 kB
MemFree:         1429236 kB
MemAvailable:    1501008 kB
Buffers:           28584 kB
Cached:           169568 kB
MemTotal:        1844596 kB
MemFree:         1429236 kB
MemAvailable:    1501008 kB
Buffers:           28584 kB
Cached:           169568 kB
MemTotal:        1844596 kB
MemFree:         1429192 kB
MemAvailable:    1500964 kB
Buffers:           28584 kB
Cached:           169568 kB
MemTotal:        1844596 kB
MemFree:         1428384 kB
MemAvailable:    1500156 kB
Buffers:           28584 kB
Cached:           169568 kB
MemTotal:        1844596 kB
MemFree:         1429252 kB
MemAvailable:    1501024 kB
Buffers:           28584 kB
Cached:           169568 kB
MemTotal:        1844596 kB
MemFree:         1428260 kB
MemAvailable:    1500032 kB
Buffers:           28584 kB
Cached:           169568 kB
MemTotal:        1844596 kB
MemFree:         1428948 kB
MemAvailable:    1500720 kB
Buffers:           28584 kB
Cached:           169568 kB
MemTotal:        1844596 kB
MemFree:         1425284 kB
MemAvailable:    1497056 kB
Buffers:           28584 kB
Cached:           169568 kB
MemTotal:        1844596 kB
MemFree:         1422492 kB
MemAvailable:    1494264 kB
Buffers:           28584 kB
Cached:           169568 kB
MemTotal:        1844596 kB
MemFree:         1423796 kB
MemAvailable:    1495568 kB
Buffers:           28584 kB
Cached:           169568 kB
MemTotal:        1844596 kB
MemFree:         1420556 kB
MemAvailable:    1492328 kB
Buffers:           28584 kB
Cached:           169568 kB
MemTotal:        1844596 kB
MemFree:         1420640 kB
MemAvailable:    1492412 kB
Buffers:           28584 kB
Cached:           169568 kB
MemTotal:        1844596 kB
MemFree:         1418896 kB
MemAvailable:    1490668 kB
Buffers:           28584 kB
Cached:           169568 kB
MemTotal:        1844596 kB
MemFree:         1417904 kB
MemAvailable:    1489676 kB
Buffers:           28584 kB
Cached:           169568 kB
MemTotal:        1844596 kB
MemFree:         1416852 kB
MemAvailable:    1488624 kB
Buffers:           28584 kB
Cached:           169568 kB
MemTotal:        1844596 kB
MemFree:         1416340 kB
MemAvailable:    1488112 kB
Buffers:           28584 kB
Cached:           169568 kB
MemTotal:        1844596 kB
MemFree:         1416424 kB
MemAvailable:    1488196 kB
Buffers:           28584 kB
Cached:           169568 kB
MemTotal:        1844596 kB
MemFree:         1416404 kB
MemAvailable:    1488176 kB
Buffers:           28584 kB
Cached:           169568 kB
MemTotal:        1844596 kB
MemFree:         1416296 kB
MemAvailable:    1488068 kB
Buffers:           28584 kB
Cached:           169568 kB
MemTotal:        1844596 kB
MemFree:         1416280 kB
MemAvailable:    1488052 kB
Buffers:           28584 kB
Cached:           169568 kB
MemTotal:        1844596 kB
MemFree:         1416480 kB
MemAvailable:    1488252 kB
Buffers:           28584 kB
Cached:           169568 kB
MemTotal:        1844596 kB
MemFree:         1416160 kB
MemAvailable:    1487932 kB
Buffers:           28584 kB
Cached:           169568 kB
MemTotal:        1844596 kB
MemFree:         1416100 kB
MemAvailable:    1487872 kB
Buffers:           28584 kB
Cached:           169568 kB
MemTotal:        1844596 kB
MemFree:         1416436 kB
MemAvailable:    1488208 kB
Buffers:           28584 kB
Cached:           169568 kB
MemTotal:        1844596 kB
MemFree:         1414944 kB
MemAvailable:    1486716 kB
Buffers:           28584 kB
Cached:           169568 kB
MemTotal:        1844596 kB
MemFree:         1416244 kB
MemAvailable:    1488016 kB
Buffers:           28584 kB
Cached:           169568 kB
MemTotal:        1844596 kB
MemFree:         1414972 kB
MemAvailable:    1486744 kB
Buffers:           28584 kB
Cached:           169568 kB
MemTotal:        1844596 kB
MemFree:         1415104 kB
MemAvailable:    1486876 kB
Buffers:           28584 kB
Cached:           169568 kB
MemTotal:        1844596 kB
MemFree:         1414972 kB
MemAvailable:    1486744 kB
Buffers:           28584 kB
Cached:           169568 kB
MemTotal:        1844596 kB
MemFree:         1416292 kB
MemAvailable:    1488064 kB
Buffers:           28584 kB
Cached:           169568 kB
MemTotal:        1844596 kB
MemFree:         1414856 kB
MemAvailable:    1486628 kB
Buffers:           28584 kB
Cached:           169568 kB
MemTotal:        1844596 kB
MemFree:         1416232 kB
MemAvailable:    1488004 kB
Buffers:           28584 kB
Cached:           169568 kB
MemTotal:        1844596 kB
MemFree:         1416308 kB
MemAvailable:    1488080 kB
Buffers:           28584 kB
Cached:           169568 kB
MemTotal:        1844596 kB
MemFree:         1416100 kB
MemAvailable:    1487872 kB
Buffers:           28584 kB
Cached:           169568 kB
MemTotal:        1844596 kB
MemFree:         1415992 kB
MemAvailable:    1487764 kB
Buffers:           28584 kB
Cached:           169568 kB
MemTotal:        1844596 kB
MemFree:         1416244 kB
MemAvailable:    1488016 kB
Buffers:           28584 kB
Cached:           169568 kB
MemTotal:        1844596 kB
MemFree:         1416240 kB
MemAvailable:    1488012 kB
Buffers:           28584 kB
Cached:           169568 kB
MemTotal:        1844596 kB
MemFree:         1416276 kB
MemAvailable:    1488048 kB
Buffers:           28584 kB
Cached:           169568 kB
MemTotal:        1844596 kB
MemFree:         1416228 kB
MemAvailable:    1488000 kB
Buffers:           28584 kB
Cached:           169568 kB
MemTotal:        1844596 kB
MemFree:         1416168 kB
MemAvailable:    1487940 kB
Buffers:           28584 kB
Cached:           169568 kB
MemTotal:        1844596 kB
MemFree:         1414812 kB
MemAvailable:    1486584 kB
Buffers:           28584 kB
Cached:           169568 kB
MemTotal:        1844596 kB
MemFree:         1415068 kB
MemAvailable:    1486840 kB
Buffers:           28584 kB
Cached:           169568 kB
MemTotal:        1844596 kB
MemFree:         1416216 kB
MemAvailable:    1487988 kB
Buffers:           28584 kB
Cached:           169568 kB
MemTotal:        1844596 kB
MemFree:         1416232 kB
MemAvailable:    1488004 kB
Buffers:           28584 kB
Cached:           169568 kB
MemTotal:        1844596 kB
MemFree:         1414804 kB
MemAvailable:    1486576 kB
Buffers:           28584 kB
Cached:           169568 kB
MemTotal:        1844596 kB
MemFree:         1416052 kB
MemAvailable:    1487824 kB
Buffers:           28584 kB
Cached:           169568 kB
MemTotal:        1844596 kB
MemFree:         1416232 kB
MemAvailable:    1488004 kB
Buffers:           28584 kB
Cached:           169568 kB
MemTotal:        1844596 kB
MemFree:         1414792 kB
MemAvailable:    1486564 kB
Buffers:           28584 kB
Cached:           169568 kB
MemTotal:        1844596 kB
MemFree:         1416068 kB
MemAvailable:    1487840 kB
Buffers:           28584 kB
Cached:           169568 kB
MemTotal:        1844596 kB
MemFree:         1416320 kB
MemAvailable:    1488092 kB
Buffers:           28584 kB
Cached:           169568 kB
MemTotal:        1844596 kB
MemFree:         1414972 kB
MemAvailable:    1486744 kB
Buffers:           28584 kB
Cached:           169568 kB
MemTotal:        1844596 kB
MemFree:         1416252 kB
MemAvailable:    1488036 kB
Buffers:           28584 kB
Cached:           169580 kB
MemTotal:        1844596 kB
MemFree:         1414992 kB
MemAvailable:    1486776 kB
Buffers:           28584 kB
Cached:           169580 kB
MemTotal:        1844596 kB
MemFree:         1415416 kB
MemAvailable:    1487200 kB
Buffers:           28584 kB
Cached:           169580 kB
MemTotal:        1844596 kB
MemFree:         1415416 kB
MemAvailable:    1487200 kB
Buffers:           28584 kB
Cached:           169580 kB
MemTotal:        1844596 kB
MemFree:         1415044 kB
MemAvailable:    1486828 kB
Buffers:           28584 kB
Cached:           169580 kB
MemTotal:        1844596 kB
MemFree:         1415380 kB
MemAvailable:    1487164 kB
Buffers:           28584 kB
Cached:           169580 kB
MemTotal:        1844596 kB
MemFree:         1413980 kB
MemAvailable:    1485764 kB
Buffers:           28584 kB
Cached:           169580 kB
MemTotal:        1844596 kB
MemFree:         1415280 kB
MemAvailable:    1487064 kB
Buffers:           28584 kB
Cached:           169580 kB
MemTotal:        1844596 kB
MemFree:         1415220 kB
MemAvailable:    1487004 kB
Buffers:           28584 kB
Cached:           169580 kB
MemTotal:        1844596 kB
MemFree:         1415204 kB
MemAvailable:    1486988 kB
Buffers:           28584 kB
Cached:           169580 kB
MemTotal:        1844596 kB
MemFree:         1415456 kB
MemAvailable:    1487240 kB
Buffers:           28584 kB
Cached:           169580 kB
MemTotal:        1844596 kB
MemFree:         1413944 kB
MemAvailable:    1485728 kB
Buffers:           28584 kB
Cached:           169580 kB
MemTotal:        1844596 kB
MemFree:         1415244 kB
MemAvailable:    1487028 kB
Buffers:           28584 kB
Cached:           169580 kB
MemTotal:        1844596 kB
MemFree:         1419364 kB
MemAvailable:    1491148 kB
Buffers:           28584 kB
Cached:           169580 kB
MemTotal:        1844596 kB
MemFree:         1419700 kB
MemAvailable:    1491484 kB
Buffers:           28584 kB
Cached:           169580 kB
MemTotal:        1844596 kB
MemFree:         1418828 kB
MemAvailable:    1490612 kB
Buffers:           28584 kB
Cached:           169580 kB
MemTotal:        1844596 kB
MemFree:         1418332 kB
MemAvailable:    1490116 kB
Buffers:           28584 kB
Cached:           169580 kB
MemTotal:        1844596 kB
MemFree:         1414928 kB
MemAvailable:    1486712 kB
Buffers:           28584 kB
Cached:           169580 kB
MemTotal:        1844596 kB
MemFree:         1412636 kB
MemAvailable:    1484420 kB
Buffers:           28584 kB
Cached:           169580 kB
MemTotal:        1844596 kB
MemFree:         1411264 kB
MemAvailable:    1483048 kB
Buffers:           28584 kB
Cached:           169580 kB
MemTotal:        1844596 kB
MemFree:         1411148 kB
MemAvailable:    1482932 kB
Buffers:           28584 kB
Cached:           169580 kB
MemTotal:        1844596 kB
MemFree:         1410528 kB
MemAvailable:    1482312 kB
Buffers:           28584 kB
Cached:           169580 kB
MemTotal:        1844596 kB
MemFree:         1410272 kB
MemAvailable:    1482056 kB
Buffers:           28584 kB
Cached:           169580 kB
MemTotal:        1844596 kB
MemFree:         1411272 kB
MemAvailable:    1483056 kB
Buffers:           28584 kB
Cached:           169580 kB
MemTotal:        1844596 kB
MemFree:         1410016 kB
MemAvailable:    1481800 kB
Buffers:           28584 kB
Cached:           169580 kB
MemTotal:        1844596 kB
MemFree:         1410828 kB
MemAvailable:    1482612 kB
Buffers:           28584 kB
Cached:           169580 kB
MemTotal:        1844596 kB
MemFree:         1411080 kB
MemAvailable:    1482864 kB
Buffers:           28584 kB
Cached:           169580 kB
MemTotal:        1844596 kB
MemFree:         1410780 kB
MemAvailable:    1482564 kB
Buffers:           28584 kB
Cached:           169580 kB
MemTotal:        1844596 kB
MemFree:         1410704 kB
MemAvailable:    1482488 kB
Buffers:           28584 kB
Cached:           169580 kB
MemTotal:        1844596 kB
MemFree:         1411040 kB
MemAvailable:    1482824 kB
Buffers:           28584 kB
Cached:           169580 kB
MemTotal:        1844596 kB
MemFree:         1410572 kB
MemAvailable:    1482356 kB
Buffers:           28584 kB
Cached:           169580 kB
MemTotal:        1844596 kB
MemFree:         1410280 kB
MemAvailable:    1482064 kB
Buffers:           28584 kB
Cached:           169580 kB
MemTotal:        1844596 kB
MemFree:         1410348 kB
MemAvailable:    1482132 kB
Buffers:           28584 kB
Cached:           169580 kB
MemTotal:        1844596 kB
MemFree:         1410444 kB
MemAvailable:    1482228 kB
Buffers:           28584 kB
Cached:           169580 kB
MemTotal:        1844596 kB
MemFree:         1410508 kB
MemAvailable:    1482292 kB
Buffers:           28584 kB
Cached:           169580 kB
MemTotal:        1844596 kB
MemFree:         1409988 kB
MemAvailable:    1481648 kB
Buffers:           28584 kB
Cached:           169580 kB
MemTotal:        1844596 kB
MemFree:         1408628 kB
MemAvailable:    1480412 kB
Buffers:           28584 kB
Cached:           169580 kB
MemTotal:        1844596 kB
MemFree:         1409920 kB
MemAvailable:    1481704 kB
Buffers:           28584 kB
Cached:           169580 kB
MemTotal:        1844596 kB
MemFree:         1409040 kB
MemAvailable:    1480824 kB
Buffers:           28584 kB
Cached:           169580 kB
MemTotal:        1844596 kB
MemFree:         1409588 kB
MemAvailable:    1481372 kB
Buffers:           28584 kB
Cached:           169580 kB
MemTotal:        1844596 kB
MemFree:         1409924 kB
MemAvailable:    1481708 kB
Buffers:           28584 kB
Cached:           169580 kB
MemTotal:        1844596 kB
MemFree:         1410956 kB
MemAvailable:    1482740 kB
Buffers:           28584 kB
Cached:           169580 kB
MemTotal:        1844596 kB
MemFree:         1410832 kB
MemAvailable:    1482616 kB
Buffers:           28584 kB
Cached:           169580 kB
MemTotal:        1844596 kB
MemFree:         1411116 kB
MemAvailable:    1482900 kB
Buffers:           28584 kB
Cached:           169580 kB
MemTotal:        1844596 kB
MemFree:         1410852 kB
MemAvailable:    1482636 kB
Buffers:           28584 kB
Cached:           169580 kB
MemTotal:        1844596 kB
MemFree:         1410852 kB
MemAvailable:    1482636 kB
Buffers:           28584 kB
Cached:           169580 kB
MemTotal:        1844596 kB
MemFree:         1410976 kB
MemAvailable:    1482760 kB
Buffers:           28584 kB
Cached:           169580 kB
MemTotal:        1844596 kB
MemFree:         1411952 kB
MemAvailable:    1483736 kB
Buffers:           28584 kB
Cached:           169580 kB
MemTotal:        1844596 kB
MemFree:         1412204 kB
MemAvailable:    1483988 kB
Buffers:           28584 kB
Cached:           169580 kB
MemTotal:        1844596 kB
MemFree:         1412188 kB
MemAvailable:    1483972 kB
Buffers:           28584 kB
Cached:           169580 kB
MemTotal:        1844596 kB
MemFree:         1412016 kB
MemAvailable:    1483800 kB
Buffers:           28584 kB
Cached:           169580 kB
MemTotal:        1844596 kB
MemFree:         1411396 kB
MemAvailable:    1483180 kB
Buffers:           28584 kB
Cached:           169580 kB
MemTotal:        1844596 kB
MemFree:         1412004 kB
MemAvailable:    1483788 kB
Buffers:           28584 kB
Cached:           169580 kB
MemTotal:        1844596 kB
MemFree:         1412076 kB
MemAvailable:    1483860 kB
Buffers:           28584 kB
Cached:           169580 kB
MemTotal:        1844596 kB
MemFree:         1410900 kB
MemAvailable:    1482684 kB
Buffers:           28584 kB
Cached:           169580 kB
MemTotal:        1844596 kB
MemFree:         1410852 kB
MemAvailable:    1482636 kB
Buffers:           28584 kB
Cached:           169580 kB
MemTotal:        1844596 kB
MemFree:         1412000 kB
MemAvailable:    1483784 kB
Buffers:           28584 kB
Cached:           169580 kB
MemTotal:        1844596 kB
MemFree:         1412336 kB
MemAvailable:    1484120 kB
Buffers:           28584 kB
Cached:           169580 kB
MemTotal:        1844596 kB
MemFree:         1411952 kB
MemAvailable:    1483736 kB
Buffers:           28584 kB
Cached:           169580 kB
MemTotal:        1844596 kB
MemFree:         1412208 kB
MemAvailable:    1483992 kB
Buffers:           28584 kB
Cached:           169580 kB
MemTotal:        1844596 kB
MemFree:         1411940 kB
MemAvailable:    1483724 kB
Buffers:           28584 kB
Cached:           169580 kB
MemTotal:        1844596 kB
MemFree:         1411940 kB
MemAvailable:    1483724 kB
Buffers:           28584 kB
Cached:           169580 kB
MemTotal:        1844596 kB
MemFree:         1411988 kB
MemAvailable:    1483772 kB
Buffers:           28584 kB
Cached:           169580 kB
MemTotal:        1844596 kB
MemFree:         1412324 kB
MemAvailable:    1484108 kB
Buffers:           28584 kB
Cached:           169580 kB
MemTotal:        1844596 kB
MemFree:         1411004 kB
MemAvailable:    1482788 kB
Buffers:           28584 kB
Cached:           169580 kB
MemTotal:        1844596 kB
MemFree:         1412056 kB
MemAvailable:    1483840 kB
Buffers:           28584 kB
Cached:           169580 kB
MemTotal:        1844596 kB
MemFree:         1410872 kB
MemAvailable:    1482656 kB
Buffers:           28584 kB
Cached:           169580 kB
MemTotal:        1844596 kB
MemFree:         1411264 kB
MemAvailable:    1483048 kB
Buffers:           28584 kB
Cached:           169580 kB
MemTotal:        1844596 kB
MemFree:         1411008 kB
MemAvailable:    1482792 kB
Buffers:           28584 kB
Cached:           169580 kB
MemTotal:        1844596 kB
MemFree:         1411008 kB
MemAvailable:    1482792 kB
Buffers:           28584 kB
Cached:           169580 kB
MemTotal:        1844596 kB
MemFree:         1411008 kB
MemAvailable:    1482792 kB
Buffers:           28584 kB
Cached:           169580 kB
MemTotal:        1844596 kB
MemFree:         1411084 kB
MemAvailable:    1482868 kB
Buffers:           28584 kB
Cached:           169580 kB
MemTotal:        1844596 kB
MemFree:         1408544 kB
MemAvailable:    1480328 kB
Buffers:           28584 kB
Cached:           169580 kB
MemTotal:        1844596 kB
MemFree:         1407420 kB
MemAvailable:    1479204 kB
Buffers:           28584 kB
Cached:           169580 kB
MemTotal:        1844596 kB
MemFree:         1406684 kB
MemAvailable:    1478468 kB
Buffers:           28584 kB
Cached:           169580 kB
MemTotal:        1844596 kB
MemFree:         1406056 kB
MemAvailable:    1477840 kB
Buffers:           28584 kB
Cached:           169580 kB
MemTotal:        1844596 kB
MemFree:         1405248 kB
MemAvailable:    1477032 kB
Buffers:           28584 kB
Cached:           169580 kB
MemTotal:        1844596 kB
MemFree:         1402840 kB
MemAvailable:    1474632 kB
Buffers:           28584 kB
Cached:           169588 kB
MemTotal:        1844596 kB
MemFree:         1402956 kB
MemAvailable:    1474748 kB
Buffers:           28584 kB
Cached:           169588 kB
MemTotal:        1844596 kB
MemFree:         1402468 kB
MemAvailable:    1474260 kB
Buffers:           28584 kB
Cached:           169588 kB
MemTotal:        1844596 kB
MemFree:         1403584 kB
MemAvailable:    1475376 kB
Buffers:           28584 kB
Cached:           169588 kB
MemTotal:        1844596 kB
MemFree:         1402592 kB
MemAvailable:    1474384 kB
Buffers:           28584 kB
Cached:           169588 kB
MemTotal:        1844596 kB
MemFree:         1403328 kB
MemAvailable:    1475120 kB
Buffers:           28584 kB
Cached:           169588 kB
MemTotal:        1844596 kB
MemFree:         1402344 kB
MemAvailable:    1474136 kB
Buffers:           28584 kB
Cached:           169588 kB
MemTotal:        1844596 kB
MemFree:         1403060 kB
MemAvailable:    1474852 kB
Buffers:           28584 kB
Cached:           169588 kB
MemTotal:        1844596 kB
MemFree:         1403088 kB
MemAvailable:    1474880 kB
Buffers:           28584 kB
Cached:           169588 kB
MemTotal:        1844596 kB
MemFree:         1401784 kB
MemAvailable:    1473576 kB
Buffers:           28584 kB
Cached:           169588 kB
MemTotal:        1844596 kB
MemFree:         1402804 kB
MemAvailable:    1474596 kB
Buffers:           28584 kB
Cached:           169588 kB
MemTotal:        1844596 kB
MemFree:         1402888 kB
MemAvailable:    1474680 kB
Buffers:           28584 kB
Cached:           169588 kB
MemTotal:        1844596 kB
MemFree:         1402660 kB
MemAvailable:    1474452 kB
Buffers:           28584 kB
Cached:           169588 kB
MemTotal:        1844596 kB
MemFree:         1402556 kB
MemAvailable:    1474348 kB
Buffers:           28584 kB
Cached:           169588 kB
MemTotal:        1844596 kB
MemFree:         1402556 kB
MemAvailable:    1474348 kB
Buffers:           28584 kB
Cached:           169588 kB
MemTotal:        1844596 kB
MemFree:         1401436 kB
MemAvailable:    1473228 kB
Buffers:           28584 kB
Cached:           169588 kB
MemTotal:        1844596 kB
MemFree:         1402356 kB
MemAvailable:    1474148 kB
Buffers:           28584 kB
Cached:           169588 kB
MemTotal:        1844596 kB
MemFree:         1401228 kB
MemAvailable:    1473020 kB
Buffers:           28584 kB
Cached:           169588 kB
MemTotal:        1844596 kB
MemFree:         1402404 kB
MemAvailable:    1474196 kB
Buffers:           28584 kB
Cached:           169588 kB
MemTotal:        1844596 kB
MemFree:         1402032 kB
MemAvailable:    1473824 kB
Buffers:           28584 kB
Cached:           169588 kB
MemTotal:        1844596 kB
MemFree:         1401724 kB
MemAvailable:    1473516 kB
Buffers:           28584 kB
Cached:           169588 kB
MemTotal:        1844596 kB
MemFree:         1402100 kB
MemAvailable:    1473892 kB
Buffers:           28584 kB
Cached:           169588 kB
MemTotal:        1844596 kB
MemFree:         1400828 kB
MemAvailable:    1472620 kB
Buffers:           28584 kB
Cached:           169588 kB
MemTotal:        1844596 kB
MemFree:         1402020 kB
MemAvailable:    1473812 kB
Buffers:           28584 kB
Cached:           169588 kB
MemTotal:        1844596 kB
MemFree:         1402096 kB
MemAvailable:    1473888 kB
Buffers:           28584 kB
Cached:           169588 kB
MemTotal:        1844596 kB
MemFree:         1402016 kB
MemAvailable:    1473808 kB
Buffers:           28584 kB
Cached:           169588 kB
MemTotal:        1844596 kB
MemFree:         1401900 kB
MemAvailable:    1473692 kB
Buffers:           28584 kB
Cached:           169588 kB
MemTotal:        1844596 kB
MemFree:         1402152 kB
MemAvailable:    1473944 kB
Buffers:           28584 kB
Cached:           169588 kB
MemTotal:        1844596 kB
MemFree:         1402084 kB
MemAvailable:    1473876 kB
Buffers:           28584 kB
Cached:           169588 kB
MemTotal:        1844596 kB
MemFree:         1402096 kB
MemAvailable:    1473888 kB
Buffers:           28584 kB
Cached:           169588 kB
MemTotal:        1844596 kB
MemFree:         1401344 kB
MemAvailable:    1473136 kB
Buffers:           28584 kB
Cached:           169588 kB
MemTotal:        1844596 kB
MemFree:         1402204 kB
MemAvailable:    1473996 kB
Buffers:           28584 kB
Cached:           169588 kB
MemTotal:        1844596 kB
MemFree:         1402288 kB
MemAvailable:    1474080 kB
Buffers:           28584 kB
Cached:           169588 kB
MemTotal:        1844596 kB
MemFree:         1400716 kB
MemAvailable:    1472508 kB
Buffers:           28584 kB
Cached:           169588 kB
MemTotal:        1844596 kB
MemFree:         1402080 kB
MemAvailable:    1473872 kB
Buffers:           28584 kB
Cached:           169588 kB
MemTotal:        1844596 kB
MemFree:         1401972 kB
MemAvailable:    1473764 kB
Buffers:           28584 kB
Cached:           169588 kB
MemTotal:        1844596 kB
MemFree:         1400792 kB
MemAvailable:    1472584 kB
Buffers:           28584 kB
Cached:           169588 kB
MemTotal:        1844596 kB
MemFree:         1400924 kB
MemAvailable:    1472716 kB
Buffers:           28584 kB
Cached:           169588 kB
MemTotal:        1844596 kB
MemFree:         1401040 kB
MemAvailable:    1472832 kB
Buffers:           28584 kB
Cached:           169588 kB
MemTotal:        1844596 kB
MemFree:         1402224 kB
MemAvailable:    1474016 kB
Buffers:           28584 kB
Cached:           169588 kB
MemTotal:        1844596 kB
MemFree:         1400916 kB
MemAvailable:    1472708 kB
Buffers:           28584 kB
Cached:           169588 kB
MemTotal:        1844596 kB
MemFree:         1400916 kB
MemAvailable:    1472708 kB
Buffers:           28584 kB
Cached:           169588 kB
MemTotal:        1844596 kB
MemFree:         1400784 kB
MemAvailable:    1472576 kB
Buffers:           28584 kB
Cached:           169588 kB
MemTotal:        1844596 kB
MemFree:         1400828 kB
MemAvailable:    1472620 kB
Buffers:           28584 kB
Cached:           169588 kB
MemTotal:        1844596 kB
MemFree:         1402012 kB
MemAvailable:    1473804 kB
Buffers:           28584 kB
Cached:           169588 kB
MemTotal:        1844596 kB
MemFree:         1402180 kB
MemAvailable:    1473972 kB
Buffers:           28584 kB
Cached:           169588 kB
MemTotal:        1844596 kB
MemFree:         1402084 kB
MemAvailable:    1473876 kB
Buffers:           28584 kB
Cached:           169588 kB
MemTotal:        1844596 kB
MemFree:         1402012 kB
MemAvailable:    1473804 kB
Buffers:           28584 kB
Cached:           169588 kB
MemTotal:        1844596 kB
MemFree:         1401756 kB
MemAvailable:    1473548 kB
Buffers:           28584 kB
Cached:           169588 kB
MemTotal:        1844596 kB
MemFree:         1401516 kB
MemAvailable:    1473308 kB
Buffers:           28584 kB
Cached:           169588 kB
MemTotal:        1844596 kB
MemFree:         1401600 kB
MemAvailable:    1473392 kB
Buffers:           28584 kB
Cached:           169588 kB
MemTotal:        1844596 kB
MemFree:         1401416 kB
MemAvailable:    1473208 kB
Buffers:           28584 kB
Cached:           169588 kB
MemTotal:        1844596 kB
MemFree:         1401408 kB
MemAvailable:    1473200 kB
Buffers:           28584 kB
Cached:           169588 kB
MemTotal:        1844596 kB
MemFree:         1401744 kB
MemAvailable:    1473536 kB
Buffers:           28584 kB
Cached:           169588 kB
MemTotal:        1844596 kB
MemFree:         1401824 kB
MemAvailable:    1473616 kB
Buffers:           28584 kB
Cached:           169588 kB
MemTotal:        1844596 kB
MemFree:         1401720 kB
MemAvailable:    1473512 kB
Buffers:           28584 kB
Cached:           169588 kB
MemTotal:        1844596 kB
MemFree:         1401652 kB
MemAvailable:    1473444 kB
Buffers:           28584 kB
Cached:           169588 kB
MemTotal:        1844596 kB
MemFree:         1401460 kB
MemAvailable:    1473252 kB
Buffers:           28584 kB
Cached:           169588 kB
MemTotal:        1844596 kB
MemFree:         1401796 kB
MemAvailable:    1473588 kB
Buffers:           28584 kB
Cached:           169588 kB
MemTotal:        1844596 kB
MemFree:         1401772 kB
MemAvailable:    1473564 kB
Buffers:           28584 kB
Cached:           169588 kB
MemTotal:        1844596 kB
MemFree:         1401664 kB
MemAvailable:    1473456 kB
Buffers:           28584 kB
Cached:           169588 kB
MemTotal:        1844596 kB
MemFree:         1401096 kB
MemAvailable:    1472888 kB
Buffers:           28584 kB
Cached:           169588 kB
MemTotal:        1844596 kB
MemFree:         1402164 kB
MemAvailable:    1473964 kB
Buffers:           28584 kB
Cached:           169596 kB
MemTotal:        1844596 kB
MemFree:         1400592 kB
MemAvailable:    1472392 kB
Buffers:           28584 kB
Cached:           169596 kB
MemTotal:        1844596 kB
MemFree:         1401700 kB
MemAvailable:    1473500 kB
Buffers:           28584 kB
Cached:           169596 kB
MemTotal:        1844596 kB
MemFree:         1401608 kB
MemAvailable:    1473408 kB
Buffers:           28584 kB
Cached:           169596 kB
MemTotal:        1844596 kB
MemFree:         1401552 kB
MemAvailable:    1473352 kB
Buffers:           28584 kB
Cached:           169596 kB
MemTotal:        1844596 kB
MemFree:         1401732 kB
MemAvailable:    1473532 kB
Buffers:           28584 kB
Cached:           169596 kB
MemTotal:        1844596 kB
MemFree:         1401896 kB
MemAvailable:    1473696 kB
Buffers:           28584 kB
Cached:           169596 kB
MemTotal:        1844596 kB
MemFree:         1401452 kB
MemAvailable:    1473252 kB
Buffers:           28584 kB
Cached:           169596 kB
MemTotal:        1844596 kB
MemFree:         1407012 kB
MemAvailable:    1478812 kB
Buffers:           28584 kB
Cached:           169596 kB
MemTotal:        1844596 kB
MemFree:         1407960 kB
MemAvailable:    1479764 kB
Buffers:           28584 kB
Cached:           169600 kB
MemTotal:        1844596 kB
MemFree:         1408132 kB
MemAvailable:    1479936 kB
Buffers:           28584 kB
Cached:           169600 kB
MemTotal:        1844596 kB
MemFree:         1407388 kB
MemAvailable:    1479192 kB
Buffers:           28584 kB
Cached:           169600 kB
MemTotal:        1844596 kB
MemFree:         1407296 kB
MemAvailable:    1479100 kB
Buffers:           28584 kB
Cached:           169600 kB
MemTotal:        1844596 kB
MemFree:         1406056 kB
MemAvailable:    1477860 kB
Buffers:           28584 kB
Cached:           169600 kB
MemTotal:        1844596 kB
MemFree:         1407356 kB
MemAvailable:    1479160 kB
Buffers:           28584 kB
Cached:           169600 kB
MemTotal:        1844596 kB
MemFree:         1407364 kB
MemAvailable:    1479168 kB
Buffers:           28584 kB
Cached:           169600 kB
MemTotal:        1844596 kB
MemFree:         1406064 kB
MemAvailable:    1477868 kB
Buffers:           28584 kB
Cached:           169600 kB
MemTotal:        1844596 kB
MemFree:         1406736 kB
MemAvailable:    1478540 kB
Buffers:           28584 kB
Cached:           169600 kB
MemTotal:        1844596 kB
MemFree:         1406820 kB
MemAvailable:    1478624 kB
Buffers:           28584 kB
Cached:           169600 kB
MemTotal:        1844596 kB
MemFree:         1407056 kB
MemAvailable:    1478860 kB
Buffers:           28584 kB
Cached:           169600 kB
MemTotal:        1844596 kB
MemFree:         1406312 kB
MemAvailable:    1478116 kB
Buffers:           28584 kB
Cached:           169600 kB
MemTotal:        1844596 kB
MemFree:         1407128 kB
MemAvailable:    1478932 kB
Buffers:           28584 kB
Cached:           169600 kB
MemTotal:        1844596 kB
MemFree:         1407120 kB
MemAvailable:    1478924 kB
Buffers:           28584 kB
Cached:           169600 kB
MemTotal:        1844596 kB
MemFree:         1406776 kB
MemAvailable:    1478580 kB
Buffers:           28584 kB
Cached:           169600 kB
MemTotal:        1844596 kB
MemFree:         1407028 kB
MemAvailable:    1478832 kB
Buffers:           28584 kB
Cached:           169600 kB
MemTotal:        1844596 kB
MemFree:         1405504 kB
MemAvailable:    1477308 kB
Buffers:           28584 kB
Cached:           169600 kB
MemTotal:        1844596 kB
MemFree:         1405636 kB
MemAvailable:    1477440 kB
Buffers:           28584 kB
Cached:           169600 kB
MemTotal:        1844596 kB
MemFree:         1405796 kB
MemAvailable:    1477600 kB
Buffers:           28584 kB
Cached:           169600 kB
MemTotal:        1844596 kB
MemFree:         1405796 kB
MemAvailable:    1477600 kB
Buffers:           28584 kB
Cached:           169600 kB
MemTotal:        1844596 kB
MemFree:         1406604 kB
MemAvailable:    1478408 kB
Buffers:           28584 kB
Cached:           169600 kB
MemTotal:        1844596 kB
MemFree:         1405180 kB
MemAvailable:    1476984 kB
Buffers:           28584 kB
Cached:           169600 kB
MemTotal:        1844596 kB
MemFree:         1404008 kB
MemAvailable:    1475812 kB
Buffers:           28584 kB
Cached:           169600 kB
MemTotal:        1844596 kB
MemFree:         1402344 kB
MemAvailable:    1474148 kB
Buffers:           28584 kB
Cached:           169600 kB
MemTotal:        1844596 kB
MemFree:         1403016 kB
MemAvailable:    1474820 kB
Buffers:           28584 kB
Cached:           169600 kB
MemTotal:        1844596 kB
MemFree:         1402964 kB
MemAvailable:    1474768 kB
Buffers:           28584 kB
Cached:           169600 kB
MemTotal:        1844596 kB
MemFree:         1401792 kB
MemAvailable:    1473596 kB
Buffers:           28584 kB
Cached:           169600 kB
MemTotal:        1844596 kB
MemFree:         1402900 kB
MemAvailable:    1474704 kB
Buffers:           28584 kB
Cached:           169600 kB
MemTotal:        1844596 kB
MemFree:         1402816 kB
MemAvailable:    1474620 kB
Buffers:           28584 kB
Cached:           169600 kB
MemTotal:        1844596 kB
MemFree:         1402744 kB
MemAvailable:    1474548 kB
Buffers:           28584 kB
Cached:           169600 kB
MemTotal:        1844596 kB
MemFree:         1401972 kB
MemAvailable:    1473776 kB
Buffers:           28584 kB
Cached:           169600 kB
MemTotal:        1844596 kB
MemFree:         1403008 kB
MemAvailable:    1474812 kB
Buffers:           28584 kB
Cached:           169600 kB
MemTotal:        1844596 kB
MemFree:         1402088 kB
MemAvailable:    1473892 kB
Buffers:           28584 kB
Cached:           169600 kB
MemTotal:        1844596 kB
MemFree:         1401708 kB
MemAvailable:    1473512 kB
Buffers:           28584 kB
Cached:           169600 kB
MemTotal:        1844596 kB
MemFree:         1401592 kB
MemAvailable:    1473396 kB
Buffers:           28584 kB
Cached:           169600 kB
MemTotal:        1844596 kB
MemFree:         1401352 kB
MemAvailable:    1473156 kB
Buffers:           28584 kB
Cached:           169600 kB
MemTotal:        1844596 kB
MemFree:         1401096 kB
MemAvailable:    1472900 kB
Buffers:           28584 kB
Cached:           169600 kB
MemTotal:        1844596 kB
MemFree:         1402316 kB
MemAvailable:    1474120 kB
Buffers:           28584 kB
Cached:           169600 kB
MemTotal:        1844596 kB
MemFree:         1400964 kB
MemAvailable:    1472768 kB
Buffers:           28584 kB
Cached:           169600 kB
MemTotal:        1844596 kB
MemFree:         1400732 kB
MemAvailable:    1472536 kB
Buffers:           28584 kB
Cached:           169600 kB
MemTotal:        1844596 kB
MemFree:         1401932 kB
MemAvailable:    1473736 kB
Buffers:           28584 kB
Cached:           169600 kB
MemTotal:        1844596 kB
MemFree:         1401964 kB
MemAvailable:    1473768 kB
Buffers:           28584 kB
Cached:           169600 kB
MemTotal:        1844596 kB
MemFree:         1401660 kB
MemAvailable:    1473464 kB
Buffers:           28584 kB
Cached:           169600 kB
MemTotal:        1844596 kB
MemFree:         1400352 kB
MemAvailable:    1472156 kB
Buffers:           28584 kB
Cached:           169600 kB
MemTotal:        1844596 kB
MemFree:         1401676 kB
MemAvailable:    1473480 kB
Buffers:           28584 kB
Cached:           169600 kB
MemTotal:        1844596 kB
MemFree:         1400352 kB
MemAvailable:    1472156 kB
Buffers:           28584 kB
Cached:           169600 kB
MemTotal:        1844596 kB
MemFree:         1401420 kB
MemAvailable:    1473224 kB
Buffers:           28584 kB
Cached:           169600 kB
MemTotal:        1844596 kB
MemFree:         1401484 kB
MemAvailable:    1473288 kB
Buffers:           28584 kB
Cached:           169600 kB
MemTotal:        1844596 kB
MemFree:         1400228 kB
MemAvailable:    1472032 kB
Buffers:           28584 kB
Cached:           169600 kB
MemTotal:        1844596 kB
MemFree:         1401412 kB
MemAvailable:    1473216 kB
Buffers:           28584 kB
Cached:           169600 kB
MemTotal:        1844596 kB
MemFree:         1401664 kB
MemAvailable:    1473468 kB
Buffers:           28584 kB
Cached:           169600 kB
MemTotal:        1844596 kB
MemFree:         1401420 kB
MemAvailable:    1473224 kB
Buffers:           28584 kB
Cached:           169600 kB
MemTotal:        1844596 kB
MemFree:         1400420 kB
MemAvailable:    1472224 kB
Buffers:           28584 kB
Cached:           169600 kB
MemTotal:        1844596 kB
MemFree:         1400164 kB
MemAvailable:    1471968 kB
Buffers:           28584 kB
Cached:           169600 kB
MemTotal:        1844596 kB
MemFree:         1400296 kB
MemAvailable:    1472100 kB
Buffers:           28584 kB
Cached:           169600 kB
MemTotal:        1844596 kB
MemFree:         1401472 kB
MemAvailable:    1473276 kB
Buffers:           28584 kB
Cached:           169600 kB
MemTotal:        1844596 kB
MemFree:         1400608 kB
MemAvailable:    1472412 kB
Buffers:           28584 kB
Cached:           169600 kB
MemTotal:        1844596 kB
MemFree:         1400476 kB
MemAvailable:    1472284 kB
Buffers:           28584 kB
Cached:           169604 kB
MemTotal:        1844596 kB
MemFree:         1400600 kB
MemAvailable:    1472408 kB
Buffers:           28584 kB
Cached:           169604 kB
MemTotal:        1844596 kB
MemFree:         1400476 kB
MemAvailable:    1472284 kB
Buffers:           28584 kB
Cached:           169604 kB
MemTotal:        1844596 kB
MemFree:         1401512 kB
MemAvailable:    1473320 kB
Buffers:           28584 kB
Cached:           169604 kB
MemTotal:        1844596 kB
MemFree:         1400608 kB
MemAvailable:    1472416 kB
Buffers:           28584 kB
Cached:           169604 kB
MemTotal:        1844596 kB
MemFree:         1401460 kB
MemAvailable:    1473268 kB
Buffers:           28584 kB
Cached:           169604 kB
MemTotal:        1844596 kB
MemFree:         1401460 kB
MemAvailable:    1473268 kB
Buffers:           28584 kB
Cached:           169604 kB
MemTotal:        1844596 kB
MemFree:         1400216 kB
MemAvailable:    1472024 kB
Buffers:           28584 kB
Cached:           169604 kB
MemTotal:        1844596 kB
MemFree:         1400464 kB
MemAvailable:    1472272 kB
Buffers:           28584 kB
Cached:           169604 kB
MemTotal:        1844596 kB
MemFree:         1401456 kB
MemAvailable:    1473264 kB
Buffers:           28584 kB
Cached:           169604 kB
MemTotal:        1844596 kB
MemFree:         1401484 kB
MemAvailable:    1473292 kB
Buffers:           28584 kB
Cached:           169604 kB
MemTotal:        1844596 kB
MemFree:         1401488 kB
MemAvailable:    1473296 kB
Buffers:           28584 kB
Cached:           169604 kB
MemTotal:        1844596 kB
MemFree:         1401548 kB
MemAvailable:    1473356 kB
Buffers:           28584 kB
Cached:           169604 kB
MemTotal:        1844596 kB
MemFree:         1401532 kB
MemAvailable:    1473340 kB
Buffers:           28584 kB
Cached:           169604 kB
MemTotal:        1844596 kB
MemFree:         1401460 kB
MemAvailable:    1473268 kB
Buffers:           28584 kB
Cached:           169604 kB
MemTotal:        1844596 kB
MemFree:         1400300 kB
MemAvailable:    1472108 kB
Buffers:           28584 kB
Cached:           169604 kB
MemTotal:        1844596 kB
MemFree:         1401476 kB
MemAvailable:    1473284 kB
Buffers:           28584 kB
Cached:           169604 kB
MemTotal:        1844596 kB
MemFree:         1401436 kB
MemAvailable:    1473248 kB
Buffers:           28584 kB
Cached:           169608 kB
MemTotal:        1844596 kB
MemFree:         1401552 kB
MemAvailable:    1473364 kB
Buffers:           28584 kB
Cached:           169608 kB
MemTotal:        1844596 kB
MemFree:         1400228 kB
MemAvailable:    1472040 kB
Buffers:           28584 kB
Cached:           169608 kB
MemTotal:        1844596 kB
MemFree:         1400228 kB
MemAvailable:    1472040 kB
Buffers:           28584 kB
Cached:           169608 kB
MemTotal:        1844596 kB
MemFree:         1400312 kB
MemAvailable:    1472124 kB
Buffers:           28584 kB
Cached:           169608 kB
MemTotal:        1844596 kB
MemFree:         1401428 kB
MemAvailable:    1473240 kB
Buffers:           28584 kB
Cached:           169608 kB
MemTotal:        1844596 kB
MemFree:         1400224 kB
MemAvailable:    1472036 kB
Buffers:           28584 kB
Cached:           169608 kB
MemTotal:        1844596 kB
MemFree:         1401284 kB
MemAvailable:    1473096 kB
Buffers:           28584 kB
Cached:           169608 kB
MemTotal:        1844596 kB
MemFree:         1400360 kB
MemAvailable:    1472172 kB
Buffers:           28584 kB
Cached:           169608 kB
MemTotal:        1844596 kB
MemFree:         1401548 kB
MemAvailable:    1473360 kB
Buffers:           28584 kB
Cached:           169608 kB
MemTotal:        1844596 kB
MemFree:         1401576 kB
MemAvailable:    1473388 kB
Buffers:           28584 kB
Cached:           169608 kB
MemTotal:        1844596 kB
MemFree:         1401352 kB
MemAvailable:    1473164 kB
Buffers:           28584 kB
Cached:           169608 kB
MemTotal:        1844596 kB
MemFree:         1400312 kB
MemAvailable:    1472124 kB
Buffers:           28584 kB
Cached:           169608 kB
MemTotal:        1844596 kB
MemFree:         1400352 kB
MemAvailable:    1472164 kB
Buffers:           28584 kB
Cached:           169608 kB
MemTotal:        1844596 kB
MemFree:         1401428 kB
MemAvailable:    1473240 kB
Buffers:           28584 kB
Cached:           169608 kB
MemTotal:        1844596 kB
MemFree:         1401588 kB
MemAvailable:    1473400 kB
Buffers:           28584 kB
Cached:           169608 kB
MemTotal:        1844596 kB
MemFree:         1401484 kB
MemAvailable:    1473296 kB
Buffers:           28584 kB
Cached:           169608 kB
MemTotal:        1844596 kB
MemFree:         1401480 kB
MemAvailable:    1473292 kB
Buffers:           28584 kB
Cached:           169608 kB
MemTotal:        1844596 kB
MemFree:         1400732 kB
MemAvailable:    1472544 kB
Buffers:           28584 kB
Cached:           169608 kB
MemTotal:        1844596 kB
MemFree:         1400476 kB
MemAvailable:    1472288 kB
Buffers:           28584 kB
Cached:           169608 kB
MemTotal:        1844596 kB
MemFree:         1400856 kB
MemAvailable:    1472668 kB
Buffers:           28584 kB
Cached:           169608 kB
MemTotal:        1844596 kB
MemFree:         1400732 kB
MemAvailable:    1472544 kB
Buffers:           28584 kB
Cached:           169608 kB
MemTotal:        1844596 kB
MemFree:         1401652 kB
MemAvailable:    1473464 kB
Buffers:           28584 kB
Cached:           169608 kB
MemTotal:        1844596 kB
MemFree:         1400484 kB
MemAvailable:    1472296 kB
Buffers:           28584 kB
Cached:           169608 kB
MemTotal:        1844596 kB
MemFree:         1401200 kB
MemAvailable:    1473012 kB
Buffers:           28584 kB
Cached:           169608 kB
MemTotal:        1844596 kB
MemFree:         1400680 kB
MemAvailable:    1472492 kB
Buffers:           28584 kB
Cached:           169608 kB
MemTotal:        1844596 kB
MemFree:         1401412 kB
MemAvailable:    1473224 kB
Buffers:           28584 kB
Cached:           169608 kB
MemTotal:        1844596 kB
MemFree:         1400600 kB
MemAvailable:    1472412 kB
Buffers:           28584 kB
Cached:           169608 kB
MemTotal:        1844596 kB
MemFree:         1401592 kB
MemAvailable:    1473408 kB
Buffers:           28584 kB
Cached:           169612 kB
MemTotal:        1844596 kB
MemFree:         1401848 kB
MemAvailable:    1473664 kB
Buffers:           28584 kB
Cached:           169612 kB
MemTotal:        1844596 kB
MemFree:         1400352 kB
MemAvailable:    1472168 kB
Buffers:           28584 kB
Cached:           169612 kB
MemTotal:        1844596 kB
MemFree:         1401452 kB
MemAvailable:    1473268 kB
Buffers:           28584 kB
Cached:           169612 kB
MemTotal:        1844596 kB
MemFree:         1400800 kB
MemAvailable:    1472616 kB
Buffers:           28584 kB
Cached:           169612 kB
MemTotal:        1844596 kB
MemFree:         1400344 kB
MemAvailable:    1472160 kB
Buffers:           28584 kB
Cached:           169612 kB
MemTotal:        1844596 kB
MemFree:         1401468 kB
MemAvailable:    1473284 kB
Buffers:           28584 kB
Cached:           169612 kB
MemTotal:        1844596 kB
MemFree:         1401356 kB
MemAvailable:    1473172 kB
Buffers:           28584 kB
Cached:           169612 kB
MemTotal:        1844596 kB
MemFree:         1400608 kB
MemAvailable:    1472424 kB
Buffers:           28584 kB
Cached:           169612 kB
MemTotal:        1844596 kB
MemFree:         1401416 kB
MemAvailable:    1473232 kB
Buffers:           28584 kB
Cached:           169612 kB
MemTotal:        1844596 kB
MemFree:         1401668 kB
MemAvailable:    1473484 kB
Buffers:           28584 kB
Cached:           169612 kB
MemTotal:        1844596 kB
MemFree:         1401488 kB
MemAvailable:    1473304 kB
Buffers:           28584 kB
Cached:           169612 kB
MemTotal:        1844596 kB
MemFree:         1401484 kB
MemAvailable:    1473300 kB
Buffers:           28584 kB
Cached:           169612 kB
MemTotal:        1844596 kB
MemFree:         1401328 kB
MemAvailable:    1473144 kB
Buffers:           28584 kB
Cached:           169612 kB
MemTotal:        1844596 kB
MemFree:         1401412 kB
MemAvailable:    1473228 kB
Buffers:           28584 kB
Cached:           169612 kB
MemTotal:        1844596 kB
MemFree:         1401464 kB
MemAvailable:    1473280 kB
Buffers:           28584 kB
Cached:           169612 kB
MemTotal:        1844596 kB
MemFree:         1401380 kB
MemAvailable:    1473196 kB
Buffers:           28584 kB
Cached:           169612 kB
MemTotal:        1844596 kB
MemFree:         1401552 kB
MemAvailable:    1473368 kB
Buffers:           28584 kB
Cached:           169612 kB
MemTotal:        1844596 kB
MemFree:         1401536 kB
MemAvailable:    1473352 kB
Buffers:           28584 kB
Cached:           169612 kB
MemTotal:        1844596 kB
MemFree:         1400856 kB
MemAvailable:    1472672 kB
Buffers:           28584 kB
Cached:           169612 kB
MemTotal:        1844596 kB
MemFree:         1401456 kB
MemAvailable:    1473272 kB
Buffers:           28584 kB
Cached:           169612 kB
MemTotal:        1844596 kB
MemFree:         1401648 kB
MemAvailable:    1473464 kB
Buffers:           28584 kB
Cached:           169612 kB
MemTotal:        1844596 kB
MemFree:         1401188 kB
MemAvailable:    1473004 kB
Buffers:           28584 kB
Cached:           169612 kB
MemTotal:        1844596 kB
MemFree:         1401420 kB
MemAvailable:    1473236 kB
Buffers:           28584 kB
Cached:           169612 kB
MemTotal:        1844596 kB
MemFree:         1400228 kB
MemAvailable:    1472044 kB
Buffers:           28584 kB
Cached:           169612 kB
MemTotal:        1844596 kB
MemFree:         1401636 kB
MemAvailable:    1473452 kB
Buffers:           28584 kB
Cached:           169612 kB
MemTotal:        1844596 kB
MemFree:         1401412 kB
MemAvailable:    1473228 kB
Buffers:           28584 kB
Cached:           169612 kB
MemTotal:        1844596 kB
MemFree:         1401256 kB
MemAvailable:    1473072 kB
Buffers:           28592 kB
Cached:           169604 kB
MemTotal:        1844596 kB
MemFree:         1401600 kB
MemAvailable:    1473416 kB
Buffers:           28592 kB
Cached:           169604 kB
MemTotal:        1844596 kB
MemFree:         1401524 kB
MemAvailable:    1473340 kB
Buffers:           28592 kB
Cached:           169604 kB
MemTotal:        1844596 kB
MemFree:         1401580 kB
MemAvailable:    1473396 kB
Buffers:           28592 kB
Cached:           169604 kB
MemTotal:        1844596 kB
MemFree:         1400188 kB
MemAvailable:    1472004 kB
Buffers:           28592 kB
Cached:           169604 kB
MemTotal:        1844596 kB
MemFree:         1400312 kB
MemAvailable:    1472128 kB
Buffers:           28592 kB
Cached:           169604 kB
MemTotal:        1844596 kB
MemFree:         1401592 kB
MemAvailable:    1473408 kB
Buffers:           28592 kB
Cached:           169604 kB
MemTotal:        1844596 kB
MemFree:         1401520 kB
MemAvailable:    1473336 kB
Buffers:           28592 kB
Cached:           169604 kB
MemTotal:        1844596 kB
MemFree:         1400172 kB
MemAvailable:    1471988 kB
Buffers:           28592 kB
Cached:           169604 kB
MemTotal:        1844596 kB
MemFree:         1400208 kB
MemAvailable:    1472024 kB
Buffers:           28592 kB
Cached:           169604 kB
MemTotal:        1844596 kB
MemFree:         1400208 kB
MemAvailable:    1472024 kB
Buffers:           28592 kB
Cached:           169604 kB
MemTotal:        1844596 kB
MemFree:         1401600 kB
MemAvailable:    1473416 kB
Buffers:           28592 kB
Cached:           169604 kB
MemTotal:        1844596 kB
MemFree:         1401684 kB
MemAvailable:    1473500 kB
Buffers:           28592 kB
Cached:           169604 kB
MemTotal:        1844596 kB
MemFree:         1400188 kB
MemAvailable:    1472004 kB
Buffers:           28592 kB
Cached:           169604 kB
MemTotal:        1844596 kB
MemFree:         1400188 kB
MemAvailable:    1472004 kB
Buffers:           28592 kB
Cached:           169604 kB
MemTotal:        1844596 kB
MemFree:         1401560 kB
MemAvailable:    1473376 kB
Buffers:           28592 kB
Cached:           169604 kB
MemTotal:        1844596 kB
MemFree:         1400188 kB
MemAvailable:    1472004 kB
Buffers:           28592 kB
Cached:           169604 kB
MemTotal:        1844596 kB
MemFree:         1400188 kB
MemAvailable:    1472004 kB
Buffers:           28592 kB
Cached:           169604 kB
MemTotal:        1844596 kB
MemFree:         1400224 kB
MemAvailable:    1472040 kB
Buffers:           28592 kB
Cached:           169604 kB
MemTotal:        1844596 kB
MemFree:         1401296 kB
MemAvailable:    1473128 kB
Buffers:           28592 kB
Cached:           169620 kB
MemTotal:        1844596 kB
MemFree:         1401352 kB
MemAvailable:    1473184 kB
Buffers:           28592 kB
Cached:           169620 kB
MemTotal:        1844596 kB
MemFree:         1401524 kB
MemAvailable:    1473356 kB
Buffers:           28592 kB
Cached:           169620 kB
MemTotal:        1844596 kB
MemFree:         1401352 kB
MemAvailable:    1473184 kB
Buffers:           28592 kB
Cached:           169620 kB
MemTotal:        1844596 kB
MemFree:         1401576 kB
MemAvailable:    1473408 kB
Buffers:           28592 kB
Cached:           169620 kB
MemTotal:        1844596 kB
MemFree:         1401344 kB
MemAvailable:    1473176 kB
Buffers:           28592 kB
Cached:           169620 kB
MemTotal:        1844596 kB
MemFree:         1401344 kB
MemAvailable:    1473176 kB
Buffers:           28592 kB
Cached:           169620 kB
MemTotal:        1844596 kB
MemFree:         1400092 kB
MemAvailable:    1471924 kB
Buffers:           28592 kB
Cached:           169620 kB
MemTotal:        1844596 kB
MemFree:         1401400 kB
MemAvailable:    1473232 kB
Buffers:           28592 kB
Cached:           169620 kB
MemTotal:        1844596 kB
MemFree:         1400224 kB
MemAvailable:    1472056 kB
Buffers:           28592 kB
Cached:           169620 kB
MemTotal:        1844596 kB
MemFree:         1401352 kB
MemAvailable:    1473184 kB
Buffers:           28592 kB
Cached:           169620 kB
MemTotal:        1844596 kB
MemFree:         1401212 kB
MemAvailable:    1473044 kB
Buffers:           28592 kB
Cached:           169620 kB
MemTotal:        1844596 kB
MemFree:         1401212 kB
MemAvailable:    1473044 kB
Buffers:           28592 kB
Cached:           169620 kB
MemTotal:        1844596 kB
MemFree:         1401524 kB
MemAvailable:    1473356 kB
Buffers:           28592 kB
Cached:           169620 kB
MemTotal:        1844596 kB
MemFree:         1400464 kB
MemAvailable:    1472296 kB
Buffers:           28592 kB
Cached:           169620 kB
MemTotal:        1844596 kB
MemFree:         1400464 kB
MemAvailable:    1472296 kB
Buffers:           28592 kB
Cached:           169620 kB
MemTotal:        1844596 kB
MemFree:         1401516 kB
MemAvailable:    1473348 kB
Buffers:           28592 kB
Cached:           169620 kB
MemTotal:        1844596 kB
MemFree:         1401512 kB
MemAvailable:    1473344 kB
Buffers:           28592 kB
Cached:           169620 kB
MemTotal:        1844596 kB
MemFree:         1400732 kB
MemAvailable:    1472564 kB
Buffers:           28592 kB
Cached:           169620 kB
MemTotal:        1844596 kB
MemFree:         1406932 kB
MemAvailable:    1478764 kB
Buffers:           28592 kB
Cached:           169620 kB
MemTotal:        1844596 kB
MemFree:         1406436 kB
MemAvailable:    1478268 kB
Buffers:           28592 kB
Cached:           169620 kB
MemTotal:        1844596 kB
MemFree:         1407488 kB
MemAvailable:    1479320 kB
Buffers:           28592 kB
Cached:           169620 kB
MemTotal:        1844596 kB
MemFree:         1406188 kB
MemAvailable:    1478020 kB
Buffers:           28592 kB
Cached:           169620 kB
MemTotal:        1844596 kB
MemFree:         1407420 kB
MemAvailable:    1479252 kB
Buffers:           28592 kB
Cached:           169620 kB
MemTotal:        1844596 kB
MemFree:         1407056 kB
MemAvailable:    1478888 kB
Buffers:           28592 kB
Cached:           169620 kB
MemTotal:        1844596 kB
MemFree:         1404816 kB
MemAvailable:    1476648 kB
Buffers:           28592 kB
Cached:           169620 kB
MemTotal:        1844596 kB
MemFree:         1406048 kB
MemAvailable:    1477880 kB
Buffers:           28592 kB
Cached:           169620 kB
MemTotal:        1844596 kB
MemFree:         1404444 kB
MemAvailable:    1476276 kB
Buffers:           28592 kB
Cached:           169620 kB
MemTotal:        1844596 kB
MemFree:         1403088 kB
MemAvailable:    1474920 kB
Buffers:           28592 kB
Cached:           169620 kB
MemTotal:        1844596 kB
MemFree:         1402468 kB
MemAvailable:    1474300 kB
Buffers:           28592 kB
Cached:           169620 kB
MemTotal:        1844596 kB
MemFree:         1403628 kB
MemAvailable:    1475460 kB
Buffers:           28592 kB
Cached:           169620 kB
MemTotal:        1844596 kB
MemFree:         1402344 kB
MemAvailable:    1474176 kB
Buffers:           28592 kB
Cached:           169620 kB
MemTotal:        1844596 kB
MemFree:         1403216 kB
MemAvailable:    1475048 kB
Buffers:           28592 kB
Cached:           169620 kB
MemTotal:        1844596 kB
MemFree:         1401916 kB
MemAvailable:    1473748 kB
Buffers:           28592 kB
Cached:           169620 kB
MemTotal:        1844596 kB
MemFree:         1401908 kB
MemAvailable:    1473740 kB
Buffers:           28592 kB
Cached:           169620 kB
MemTotal:        1844596 kB
MemFree:         1401908 kB
MemAvailable:    1473740 kB
Buffers:           28592 kB
Cached:           169620 kB
MemTotal:        1844596 kB
MemFree:         1402892 kB
MemAvailable:    1474724 kB
Buffers:           28592 kB
Cached:           169620 kB
MemTotal:        1844596 kB
MemFree:         1401724 kB
MemAvailable:    1473556 kB
Buffers:           28592 kB
Cached:           169620 kB
MemTotal:        1844596 kB
MemFree:         1402900 kB
MemAvailable:    1474736 kB
Buffers:           28592 kB
Cached:           169624 kB
MemTotal:        1844596 kB
MemFree:         1401468 kB
MemAvailable:    1473304 kB
Buffers:           28592 kB
Cached:           169624 kB
MemTotal:        1844596 kB
MemFree:         1402460 kB
MemAvailable:    1474296 kB
Buffers:           28592 kB
Cached:           169624 kB
MemTotal:        1844596 kB
MemFree:         1402352 kB
MemAvailable:    1474188 kB
Buffers:           28592 kB
Cached:           169624 kB
MemTotal:        1844596 kB
MemFree:         1402396 kB
MemAvailable:    1474232 kB
Buffers:           28592 kB
Cached:           169624 kB
MemTotal:        1844596 kB
MemFree:         1402476 kB
MemAvailable:    1474312 kB
Buffers:           28592 kB
Cached:           169624 kB
MemTotal:        1844596 kB
MemFree:         1402476 kB
MemAvailable:    1474312 kB
Buffers:           28592 kB
Cached:           169624 kB
MemTotal:        1844596 kB
MemFree:         1402060 kB
MemAvailable:    1473896 kB
Buffers:           28592 kB
Cached:           169624 kB
MemTotal:        1844596 kB
MemFree:         1402220 kB
MemAvailable:    1474056 kB
Buffers:           28592 kB
Cached:           169624 kB
MemTotal:        1844596 kB
MemFree:         1402164 kB
MemAvailable:    1474000 kB
Buffers:           28592 kB
Cached:           169624 kB
MemTotal:        1844596 kB
MemFree:         1400920 kB
MemAvailable:    1472756 kB
Buffers:           28592 kB
Cached:           169624 kB
MemTotal:        1844596 kB
MemFree:         1402220 kB
MemAvailable:    1474056 kB
Buffers:           28592 kB
Cached:           169624 kB
MemTotal:        1844596 kB
MemFree:         1401468 kB
MemAvailable:    1473304 kB
Buffers:           28592 kB
Cached:           169624 kB
MemTotal:        1844596 kB
MemFree:         1402528 kB
MemAvailable:    1474364 kB
Buffers:           28592 kB
Cached:           169624 kB
MemTotal:        1844596 kB
MemFree:         1402592 kB
MemAvailable:    1474428 kB
Buffers:           28592 kB
Cached:           169624 kB
MemTotal:        1844596 kB
MemFree:         1402212 kB
MemAvailable:    1474048 kB
Buffers:           28592 kB
Cached:           169624 kB
MemTotal:        1844596 kB
MemFree:         1401104 kB
MemAvailable:    1472940 kB
Buffers:           28592 kB
Cached:           169624 kB
MemTotal:        1844596 kB
MemFree:         1402080 kB
MemAvailable:    1473920 kB
Buffers:           28592 kB
Cached:           169628 kB
MemTotal:        1844596 kB
MemFree:         1402080 kB
MemAvailable:    1473920 kB
Buffers:           28592 kB
Cached:           169628 kB
MemTotal:        1844596 kB
MemFree:         1402028 kB
MemAvailable:    1473868 kB
Buffers:           28592 kB
Cached:           169628 kB
MemTotal:        1844596 kB
MemFree:         1401600 kB
MemAvailable:    1473440 kB
Buffers:           28592 kB
Cached:           169628 kB
MemTotal:        1844596 kB
MemFree:         1400960 kB
MemAvailable:    1472800 kB
Buffers:           28592 kB
Cached:           169628 kB
MemTotal:        1844596 kB
MemFree:         1402160 kB
MemAvailable:    1474000 kB
Buffers:           28592 kB
Cached:           169628 kB
MemTotal:        1844596 kB
MemFree:         1400912 kB
MemAvailable:    1472752 kB
Buffers:           28592 kB
Cached:           169628 kB
MemTotal:        1844596 kB
MemFree:         1402132 kB
MemAvailable:    1473972 kB
Buffers:           28592 kB
Cached:           169628 kB
MemTotal:        1844596 kB
MemFree:         1400908 kB
MemAvailable:    1472748 kB
Buffers:           28592 kB
Cached:           169628 kB
MemTotal:        1844596 kB
MemFree:         1401956 kB
MemAvailable:    1473796 kB
Buffers:           28592 kB
Cached:           169628 kB
MemTotal:        1844596 kB
MemFree:         1402292 kB
MemAvailable:    1474132 kB
Buffers:           28592 kB
Cached:           169628 kB
MemTotal:        1844596 kB
MemFree:         1402268 kB
MemAvailable:    1474108 kB
Buffers:           28592 kB
Cached:           169628 kB
MemTotal:        1844596 kB
MemFree:         1401896 kB
MemAvailable:    1473736 kB
Buffers:           28592 kB
Cached:           169628 kB
MemTotal:        1844596 kB
MemFree:         1402040 kB
MemAvailable:    1473880 kB
Buffers:           28592 kB
Cached:           169628 kB
MemTotal:        1844596 kB
MemFree:         1400844 kB
MemAvailable:    1472684 kB
Buffers:           28592 kB
Cached:           169628 kB
MemTotal:        1844596 kB
MemFree:         1401972 kB
MemAvailable:    1473812 kB
Buffers:           28592 kB
Cached:           169628 kB
MemTotal:        1844596 kB
MemFree:         1400476 kB
MemAvailable:    1472316 kB
Buffers:           28592 kB
Cached:           169628 kB
MemTotal:        1844596 kB
MemFree:         1401592 kB
MemAvailable:    1473432 kB
Buffers:           28592 kB
Cached:           169628 kB
MemTotal:        1844596 kB
MemFree:         1401848 kB
MemAvailable:    1473688 kB
Buffers:           28592 kB
Cached:           169628 kB
MemTotal:        1844596 kB
MemFree:         1401452 kB
MemAvailable:    1473292 kB
Buffers:           28592 kB
Cached:           169628 kB
MemTotal:        1844596 kB
MemFree:         1401704 kB
MemAvailable:    1473544 kB
Buffers:           28592 kB
Cached:           169628 kB
MemTotal:        1844596 kB
MemFree:         1401448 kB
MemAvailable:    1473288 kB
Buffers:           28592 kB
Cached:           169628 kB
MemTotal:        1844596 kB
MemFree:         1401476 kB
MemAvailable:    1473316 kB
Buffers:           28592 kB
Cached:           169628 kB
MemTotal:        1844596 kB
MemFree:         1401648 kB
MemAvailable:    1473488 kB
Buffers:           28592 kB
Cached:           169628 kB
MemTotal:        1844596 kB
MemFree:         1401336 kB
MemAvailable:    1473176 kB
Buffers:           28592 kB
Cached:           169628 kB
MemTotal:        1844596 kB
MemFree:         1401676 kB
MemAvailable:    1473516 kB
Buffers:           28592 kB
Cached:           169628 kB
MemTotal:        1844596 kB
MemFree:         1401536 kB
MemAvailable:    1473376 kB
Buffers:           28592 kB
Cached:           169628 kB
MemTotal:        1844596 kB
MemFree:         1400484 kB
MemAvailable:    1472324 kB
Buffers:           28592 kB
Cached:           169628 kB
MemTotal:        1844596 kB
MemFree:         1401696 kB
MemAvailable:    1473536 kB
Buffers:           28592 kB
Cached:           169628 kB
MemTotal:        1844596 kB
MemFree:         1401724 kB
MemAvailable:    1473564 kB
Buffers:           28592 kB
Cached:           169628 kB
MemTotal:        1844596 kB
MemFree:         1401512 kB
MemAvailable:    1473352 kB
Buffers:           28592 kB
Cached:           169628 kB
MemTotal:        1844596 kB
MemFree:         1401732 kB
MemAvailable:    1473572 kB
Buffers:           28592 kB
Cached:           169628 kB
MemTotal:        1844596 kB
MemFree:         1400476 kB
MemAvailable:    1472316 kB
Buffers:           28592 kB
Cached:           169628 kB
MemTotal:        1844596 kB
MemFree:         1400352 kB
MemAvailable:    1472192 kB
Buffers:           28592 kB
Cached:           169628 kB
MemTotal:        1844596 kB
MemFree:         1401652 kB
MemAvailable:    1473492 kB
Buffers:           28592 kB
Cached:           169628 kB
MemTotal:        1844596 kB
MemFree:         1401800 kB
MemAvailable:    1473640 kB
Buffers:           28592 kB
Cached:           169628 kB
MemTotal:        1844596 kB
MemFree:         1401448 kB
MemAvailable:    1473288 kB
Buffers:           28592 kB
Cached:           169628 kB
MemTotal:        1844596 kB
MemFree:         1401700 kB
MemAvailable:    1473540 kB
Buffers:           28592 kB
Cached:           169628 kB
MemTotal:        1844596 kB
MemFree:         1401448 kB
MemAvailable:    1473288 kB
Buffers:           28592 kB
Cached:           169628 kB
MemTotal:        1844596 kB
MemFree:         1401784 kB
MemAvailable:    1473624 kB
Buffers:           28592 kB
Cached:           169628 kB
MemTotal:        1844596 kB
MemFree:         1401600 kB
MemAvailable:    1473440 kB
Buffers:           28592 kB
Cached:           169628 kB
MemTotal:        1844596 kB
