MemTotal:        1844596 kB
MemFree:          399372 kB
MemAvailable:    1551656 kB
Buffers:           86440 kB
Cached:          1173248 kB
MemTotal:        1844596 kB
MemFree:          397876 kB
MemAvailable:    1550160 kB
Buffers:           86440 kB
Cached:          1173248 kB
MemTotal:        1844596 kB
MemFree:          397132 kB
MemAvailable:    1549416 kB
Buffers:           86440 kB
Cached:          1173248 kB
MemTotal:        1844596 kB
MemFree:          393296 kB
MemAvailable:    1545580 kB
Buffers:           86440 kB
Cached:          1173248 kB
MemTotal:        1844596 kB
MemFree:          393048 kB
MemAvailable:    1545332 kB
Buffers:           86440 kB
Cached:          1173248 kB
MemTotal:        1844596 kB
MemFree:          393544 kB
MemAvailable:    1545828 kB
Buffers:           86440 kB
Cached:          1173248 kB
MemTotal:        1844596 kB
MemFree:          390692 kB
MemAvailable:    1542980 kB
Buffers:           86440 kB
Cached:          1173252 kB
MemTotal:        1844596 kB
MemFree:          388584 kB
MemAvailable:    1540872 kB
Buffers:           86440 kB
Cached:          1173252 kB
MemTotal:        1844596 kB
MemFree:          386476 kB
MemAvailable:    1538764 kB
Buffers:           86440 kB
Cached:          1173252 kB
MemTotal:        1844596 kB
MemFree:          381632 kB
MemAvailable:    1533920 kB
Buffers:           86440 kB
Cached:          1173252 kB
MemTotal:        1844596 kB
MemFree:          384864 kB
MemAvailable:    1537152 kB
Buffers:           86440 kB
Cached:          1173252 kB
MemTotal:        1844596 kB
MemFree:          385668 kB
MemAvailable:    1537956 kB
Buffers:           86440 kB
Cached:          1173252 kB
MemTotal:        1844596 kB
MemFree:          384608 kB
MemAvailable:    1536896 kB
Buffers:           86440 kB
Cached:          1173252 kB
MemTotal:        1844596 kB
MemFree:          385160 kB
MemAvailable:    1537448 kB
Buffers:           86440 kB
Cached:          1173252 kB
MemTotal:        1844596 kB
MemFree:          385160 kB
MemAvailable:    1537448 kB
Buffers:           86440 kB
Cached:          1173252 kB
MemTotal:        1844596 kB
MemFree:          383940 kB
MemAvailable:    1536228 kB
Buffers:           86440 kB
Cached:          1173252 kB
MemTotal:        1844596 kB
MemFree:          383932 kB
MemAvailable:    1536220 kB
Buffers:           86440 kB
Cached:          1173252 kB
MemTotal:        1844596 kB
MemFree:          384908 kB
MemAvailable:    1537196 kB
Buffers:           86440 kB
Cached:          1173252 kB
MemTotal:        1844596 kB
MemFree:          384740 kB
MemAvailable:    1537028 kB
Buffers:           86440 kB
Cached:          1173252 kB
MemTotal:        1844596 kB
MemFree:          384336 kB
MemAvailable:    1536624 kB
Buffers:           86440 kB
Cached:          1173252 kB
MemTotal:        1844596 kB
MemFree:          384244 kB
MemAvailable:    1536532 kB
Buffers:           86440 kB
Cached:          1173252 kB
MemTotal:        1844596 kB
MemFree:          382508 kB
MemAvailable:    1534796 kB
Buffers:           86440 kB
Cached:          1173252 kB
MemTotal:        1844596 kB
MemFree:          382004 kB
MemAvailable:    1534292 kB
Buffers:           86440 kB
Cached:          1173252 kB
MemTotal:        1844596 kB
MemFree:          382004 kB
MemAvailable:    1534292 kB
Buffers:           86440 kB
Cached:          1173252 kB
MemTotal:        1844596 kB
MemFree:          383180 kB
MemAvailable:    1535468 kB
Buffers:           86440 kB
Cached:          1173252 kB
MemTotal:        1844596 kB
MemFree:          381888 kB
MemAvailable:    1534176 kB
Buffers:           86440 kB
Cached:          1173252 kB
MemTotal:        1844596 kB
MemFree:          381880 kB
MemAvailable:    1534168 kB
Buffers:           86440 kB
Cached:          1173252 kB
MemTotal:        1844596 kB
MemFree:          381748 kB
MemAvailable:    1534036 kB
Buffers:           86440 kB
Cached:          1173252 kB
MemTotal:        1844596 kB
MemFree:          381624 kB
MemAvailable:    1533912 kB
Buffers:           86440 kB
Cached:          1173252 kB
MemTotal:        1844596 kB
MemFree:          381748 kB
MemAvailable:    1534036 kB
Buffers:           86440 kB
Cached:          1173252 kB
MemTotal:        1844596 kB
MemFree:          381492 kB
MemAvailable:    1533780 kB
Buffers:           86440 kB
Cached:          1173252 kB
MemTotal:        1844596 kB
MemFree:          382748 kB
MemAvailable:    1535036 kB
Buffers:           86440 kB
Cached:          1173252 kB
MemTotal:        1844596 kB
MemFree:          382752 kB
MemAvailable:    1535040 kB
Buffers:           86440 kB
Cached:          1173252 kB
MemTotal:        1844596 kB
MemFree:          379780 kB
MemAvailable:    1532068 kB
Buffers:           86440 kB
Cached:          1173252 kB
MemTotal:        1844596 kB
MemFree:          377052 kB
MemAvailable:    1529340 kB
Buffers:           86440 kB
Cached:          1173252 kB
MemTotal:        1844596 kB
MemFree:          377044 kB
MemAvailable:    1529332 kB
Buffers:           86440 kB
Cached:          1173252 kB
MemTotal:        1844596 kB
MemFree:          376920 kB
MemAvailable:    1529208 kB
Buffers:           86440 kB
Cached:          1173252 kB
MemTotal:        1844596 kB
MemFree:          376788 kB
MemAvailable:    1529076 kB
Buffers:           86440 kB
Cached:          1173252 kB
MemTotal:        1844596 kB
MemFree:          376788 kB
MemAvailable:    1529076 kB
Buffers:           86440 kB
Cached:          1173252 kB
MemTotal:        1844596 kB
MemFree:          377856 kB
MemAvailable:    1530144 kB
Buffers:           86440 kB
Cached:          1173252 kB
MemTotal:        1844596 kB
MemFree:          377976 kB
MemAvailable:    1530264 kB
Buffers:           86440 kB
Cached:          1173252 kB
MemTotal:        1844596 kB
MemFree:          376548 kB
MemAvailable:    1528836 kB
Buffers:           86440 kB
Cached:          1173252 kB
MemTotal:        1844596 kB
MemFree:          377424 kB
MemAvailable:    1529712 kB
Buffers:           86440 kB
Cached:          1173252 kB
MemTotal:        1844596 kB
MemFree:          376184 kB
MemAvailable:    1528472 kB
Buffers:           86440 kB
Cached:          1173252 kB
MemTotal:        1844596 kB
MemFree:          376864 kB
MemAvailable:    1529152 kB
Buffers:           86440 kB
Cached:          1173252 kB
MemTotal:        1844596 kB
MemFree:          376424 kB
MemAvailable:    1528712 kB
Buffers:           86440 kB
Cached:          1173252 kB
MemTotal:        1844596 kB
MemFree:          377048 kB
MemAvailable:    1529340 kB
Buffers:           86440 kB
Cached:          1173256 kB
MemTotal:        1844596 kB
MemFree:          376912 kB
MemAvailable:    1529204 kB
Buffers:           86440 kB
Cached:          1173256 kB
MemTotal:        1844596 kB
MemFree:          377040 kB
MemAvailable:    1529332 kB
Buffers:           86440 kB
Cached:          1173256 kB
MemTotal:        1844596 kB
MemFree:          376524 kB
MemAvailable:    1528816 kB
Buffers:           86440 kB
Cached:          1173256 kB
MemTotal:        1844596 kB
MemFree:          376860 kB
MemAvailable:    1529152 kB
Buffers:           86440 kB
Cached:          1173256 kB
MemTotal:        1844596 kB
MemFree:          376584 kB
MemAvailable:    1528876 kB
Buffers:           86440 kB
Cached:          1173256 kB
MemTotal:        1844596 kB
MemFree:          375564 kB
MemAvailable:    1527856 kB
Buffers:           86440 kB
Cached:          1173256 kB
MemTotal:        1844596 kB
MemFree:          376336 kB
MemAvailable:    1528628 kB
Buffers:           86440 kB
Cached:          1173256 kB
MemTotal:        1844596 kB
MemFree:          374972 kB
MemAvailable:    1527264 kB
Buffers:           86440 kB
Cached:          1173256 kB
MemTotal:        1844596 kB
MemFree:          376232 kB
MemAvailable:    1528524 kB
Buffers:           86440 kB
Cached:          1173256 kB
MemTotal:        1844596 kB
MemFree:          375132 kB
MemAvailable:    1527424 kB
Buffers:           86440 kB
Cached:          1173256 kB
MemTotal:        1844596 kB
MemFree:          376184 kB
MemAvailable:    1528476 kB
Buffers:           86440 kB
Cached:          1173256 kB
MemTotal:        1844596 kB
MemFree:          375168 kB
MemAvailable:    1527460 kB
Buffers:           86440 kB
Cached:          1173256 kB
MemTotal:        1844596 kB
MemFree:          375292 kB
MemAvailable:    1527584 kB
Buffers:           86440 kB
Cached:          1173256 kB
MemTotal:        1844596 kB
MemFree:          375168 kB
MemAvailable:    1527460 kB
Buffers:           86440 kB
Cached:          1173256 kB
MemTotal:        1844596 kB
MemFree:          376296 kB
MemAvailable:    1528588 kB
Buffers:           86440 kB
Cached:          1173256 kB
MemTotal:        1844596 kB
MemFree:          375564 kB
MemAvailable:    1527856 kB
Buffers:           86440 kB
Cached:          1173256 kB
MemTotal:        1844596 kB
MemFree:          373704 kB
MemAvailable:    1525996 kB
Buffers:           86440 kB
Cached:          1173256 kB
MemTotal:        1844596 kB
MemFree:          370604 kB
MemAvailable:    1522772 kB
Buffers:           86440 kB
Cached:          1173256 kB
MemTotal:        1844596 kB
MemFree:          370728 kB
MemAvailable:    1523020 kB
Buffers:           86440 kB
Cached:          1173256 kB
MemTotal:        1844596 kB
MemFree:          369844 kB
MemAvailable:    1522136 kB
Buffers:           86440 kB
Cached:          1173256 kB
MemTotal:        1844596 kB
MemFree:          369844 kB
MemAvailable:    1522136 kB
Buffers:           86440 kB
Cached:          1173256 kB
MemTotal:        1844596 kB
MemFree:          369208 kB
MemAvailable:    1521500 kB
Buffers:           86440 kB
Cached:          1173256 kB
MemTotal:        1844596 kB
MemFree:          369240 kB
MemAvailable:    1521532 kB
Buffers:           86440 kB
Cached:          1173256 kB
MemTotal:        1844596 kB
MemFree:          369432 kB
MemAvailable:    1521724 kB
Buffers:           86440 kB
Cached:          1173256 kB
MemTotal:        1844596 kB
MemFree:          369244 kB
MemAvailable:    1521536 kB
Buffers:           86440 kB
Cached:          1173256 kB
MemTotal:        1844596 kB
MemFree:          368068 kB
MemAvailable:    1520360 kB
Buffers:           86440 kB
Cached:          1173256 kB
MemTotal:        1844596 kB
MemFree:          368192 kB
MemAvailable:    1520484 kB
Buffers:           86440 kB
Cached:          1173256 kB
MemTotal:        1844596 kB
MemFree:          367504 kB
MemAvailable:    1519796 kB
Buffers:           86440 kB
Cached:          1173256 kB
MemTotal:        1844596 kB
MemFree:          367744 kB
MemAvailable:    1520036 kB
Buffers:           86440 kB
Cached:          1173256 kB
MemTotal:        1844596 kB
MemFree:          366760 kB
MemAvailable:    1519052 kB
Buffers:           86440 kB
Cached:          1173256 kB
MemTotal:        1844596 kB
MemFree:          366884 kB
MemAvailable:    1519176 kB
Buffers:           86440 kB
Cached:          1173256 kB
MemTotal:        1844596 kB
MemFree:          366388 kB
MemAvailable:    1518680 kB
Buffers:           86440 kB
Cached:          1173256 kB
MemTotal:        1844596 kB
MemFree:          365760 kB
MemAvailable:    1518052 kB
Buffers:           86440 kB
Cached:          1173256 kB
MemTotal:        1844596 kB
MemFree:          365644 kB
MemAvailable:    1517936 kB
Buffers:           86440 kB
Cached:          1173256 kB
MemTotal:        1844596 kB
MemFree:          365512 kB
MemAvailable:    1517804 kB
Buffers:           86440 kB
Cached:          1173256 kB
MemTotal:        1844596 kB
MemFree:          366884 kB
MemAvailable:    1519180 kB
Buffers:           86440 kB
Cached:          1173260 kB
MemTotal:        1844596 kB
MemFree:          365892 kB
MemAvailable:    1518188 kB
Buffers:           86440 kB
Cached:          1173260 kB
MemTotal:        1844596 kB
MemFree:          366760 kB
MemAvailable:    1519056 kB
Buffers:           86440 kB
Cached:          1173260 kB
MemTotal:        1844596 kB
MemFree:          365636 kB
MemAvailable:    1517932 kB
Buffers:           86440 kB
Cached:          1173260 kB
MemTotal:        1844596 kB
MemFree:          366608 kB
MemAvailable:    1518904 kB
Buffers:           86440 kB
Cached:          1173260 kB
MemTotal:        1844596 kB
MemFree:          365376 kB
MemAvailable:    1517672 kB
Buffers:           86440 kB
Cached:          1173260 kB
MemTotal:        1844596 kB
MemFree:          365328 kB
MemAvailable:    1517624 kB
Buffers:           86440 kB
Cached:          1173260 kB
MemTotal:        1844596 kB
MemFree:          366692 kB
MemAvailable:    1518988 kB
Buffers:           86440 kB
Cached:          1173260 kB
MemTotal:        1844596 kB
MemFree:          366264 kB
MemAvailable:    1518560 kB
Buffers:           86440 kB
Cached:          1173260 kB
MemTotal:        1844596 kB
MemFree:          366500 kB
MemAvailable:    1518796 kB
Buffers:           86440 kB
Cached:          1173260 kB
MemTotal:        1844596 kB
MemFree:          366512 kB
MemAvailable:    1518808 kB
Buffers:           86440 kB
Cached:          1173260 kB
MemTotal:        1844596 kB
MemFree:          365024 kB
MemAvailable:    1517320 kB
Buffers:           86440 kB
Cached:          1173260 kB
MemTotal:        1844596 kB
MemFree:          364768 kB
MemAvailable:    1517064 kB
Buffers:           86440 kB
Cached:          1173260 kB
MemTotal:        1844596 kB
MemFree:          364760 kB
MemAvailable:    1517056 kB
Buffers:           86440 kB
Cached:          1173260 kB
MemTotal:        1844596 kB
MemFree:          364156 kB
MemAvailable:    1516452 kB
Buffers:           86440 kB
Cached:          1173260 kB
MemTotal:        1844596 kB
MemFree:          364156 kB
MemAvailable:    1516452 kB
Buffers:           86440 kB
Cached:          1173260 kB
MemTotal:        1844596 kB
MemFree:          364900 kB
MemAvailable:    1517196 kB
Buffers:           86440 kB
Cached:          1173260 kB
MemTotal:        1844596 kB
MemFree:          364644 kB
MemAvailable:    1516940 kB
Buffers:           86440 kB
Cached:          1173260 kB
MemTotal:        1844596 kB
MemFree:          364728 kB
MemAvailable:    1517024 kB
Buffers:           86440 kB
Cached:          1173260 kB
MemTotal:        1844596 kB
MemFree:          363536 kB
MemAvailable:    1515832 kB
Buffers:           86440 kB
Cached:          1173260 kB
MemTotal:        1844596 kB
MemFree:          364148 kB
MemAvailable:    1516444 kB
Buffers:           86440 kB
Cached:          1173260 kB
MemTotal:        1844596 kB
MemFree:          363884 kB
MemAvailable:    1516180 kB
Buffers:           86440 kB
Cached:          1173260 kB
MemTotal:        1844596 kB
MemFree:          363884 kB
MemAvailable:    1516180 kB
Buffers:           86440 kB
Cached:          1173260 kB
MemTotal:        1844596 kB
MemFree:          362592 kB
MemAvailable:    1514888 kB
Buffers:           86440 kB
Cached:          1173260 kB
MemTotal:        1844596 kB
MemFree:          363960 kB
MemAvailable:    1516256 kB
Buffers:           86440 kB
Cached:          1173260 kB
MemTotal:        1844596 kB
MemFree:          362792 kB
MemAvailable:    1515088 kB
Buffers:           86440 kB
Cached:          1173260 kB
MemTotal:        1844596 kB
MemFree:          363852 kB
MemAvailable:    1516148 kB
Buffers:           86440 kB
Cached:          1173260 kB
MemTotal:        1844596 kB
MemFree:          364020 kB
MemAvailable:    1516316 kB
Buffers:           86440 kB
Cached:          1173260 kB
MemTotal:        1844596 kB
MemFree:          362420 kB
MemAvailable:    1514716 kB
Buffers:           86440 kB
Cached:          1173260 kB
MemTotal:        1844596 kB
MemFree:          362288 kB
MemAvailable:    1514584 kB
Buffers:           86440 kB
Cached:          1173260 kB
MemTotal:        1844596 kB
MemFree:          361048 kB
MemAvailable:    1513344 kB
Buffers:           86440 kB
Cached:          1173260 kB
MemTotal:        1844596 kB
MemFree:          358576 kB
MemAvailable:    1510872 kB
Buffers:           86440 kB
Cached:          1173260 kB
MemTotal:        1844596 kB
MemFree:          357152 kB
MemAvailable:    1509448 kB
Buffers:           86440 kB
Cached:          1173260 kB
MemTotal:        1844596 kB
MemFree:          354556 kB
MemAvailable:    1506852 kB
Buffers:           86440 kB
Cached:          1173260 kB
MemTotal:        1844596 kB
MemFree:          354792 kB
MemAvailable:    1507088 kB
Buffers:           86440 kB
Cached:          1173260 kB
MemTotal:        1844596 kB
MemFree:          354548 kB
MemAvailable:    1506844 kB
Buffers:           86440 kB
Cached:          1173260 kB
MemTotal:        1844596 kB
MemFree:          353564 kB
MemAvailable:    1505860 kB
Buffers:           86440 kB
Cached:          1173260 kB
MemTotal:        1844596 kB
MemFree:          354296 kB
MemAvailable:    1506596 kB
Buffers:           86440 kB
Cached:          1173264 kB
MemTotal:        1844596 kB
MemFree:          353236 kB
MemAvailable:    1505536 kB
Buffers:           86440 kB
Cached:          1173264 kB
MemTotal:        1844596 kB
MemFree:          353828 kB
MemAvailable:    1506128 kB
Buffers:           86440 kB
Cached:          1173264 kB
MemTotal:        1844596 kB
MemFree:          353828 kB
MemAvailable:    1506128 kB
Buffers:           86440 kB
Cached:          1173264 kB
MemTotal:        1844596 kB
MemFree:          353420 kB
MemAvailable:    1505720 kB
Buffers:           86440 kB
Cached:          1173264 kB
MemTotal:        1844596 kB
MemFree:          351880 kB
MemAvailable:    1504180 kB
Buffers:           86440 kB
Cached:          1173264 kB
MemTotal:        1844596 kB
MemFree:          351508 kB
MemAvailable:    1503808 kB
Buffers:           86440 kB
Cached:          1173264 kB
MemTotal:        1844596 kB
MemFree:          351756 kB
MemAvailable:    1504056 kB
Buffers:           86440 kB
Cached:          1173264 kB
MemTotal:        1844596 kB
MemFree:          352320 kB
MemAvailable:    1504620 kB
Buffers:           86440 kB
Cached:          1173264 kB
MemTotal:        1844596 kB
MemFree:          352320 kB
MemAvailable:    1504620 kB
Buffers:           86440 kB
Cached:          1173264 kB
MemTotal:        1844596 kB
MemFree:          351080 kB
MemAvailable:    1503380 kB
Buffers:           86440 kB
Cached:          1173264 kB
MemTotal:        1844596 kB
MemFree:          350948 kB
MemAvailable:    1503248 kB
Buffers:           86440 kB
Cached:          1173264 kB
MemTotal:        1844596 kB
MemFree:          352308 kB
MemAvailable:    1504608 kB
Buffers:           86440 kB
Cached:          1173264 kB
MemTotal:        1844596 kB
MemFree:          352184 kB
MemAvailable:    1504484 kB
Buffers:           86440 kB
Cached:          1173264 kB
MemTotal:        1844596 kB
MemFree:          352436 kB
MemAvailable:    1504736 kB
Buffers:           86440 kB
Cached:          1173264 kB
MemTotal:        1844596 kB
MemFree:          351080 kB
MemAvailable:    1503380 kB
Buffers:           86440 kB
Cached:          1173264 kB
MemTotal:        1844596 kB
MemFree:          351080 kB
MemAvailable:    1503380 kB
Buffers:           86440 kB
Cached:          1173264 kB
MemTotal:        1844596 kB
MemFree:          351632 kB
MemAvailable:    1503932 kB
Buffers:           86440 kB
Cached:          1173264 kB
MemTotal:        1844596 kB
MemFree:          352368 kB
MemAvailable:    1504668 kB
Buffers:           86440 kB
Cached:          1173264 kB
MemTotal:        1844596 kB
MemFree:          352368 kB
MemAvailable:    1504668 kB
Buffers:           86440 kB
Cached:          1173264 kB
MemTotal:        1844596 kB
MemFree:          352108 kB
MemAvailable:    1504408 kB
Buffers:           86440 kB
Cached:          1173264 kB
MemTotal:        1844596 kB
MemFree:          352192 kB
MemAvailable:    1504492 kB
Buffers:           86440 kB
Cached:          1173264 kB
MemTotal:        1844596 kB
MemFree:          352064 kB
MemAvailable:    1504364 kB
Buffers:           86440 kB
Cached:          1173264 kB
MemTotal:        1844596 kB
MemFree:          352400 kB
MemAvailable:    1504700 kB
Buffers:           86440 kB
Cached:          1173264 kB
MemTotal:        1844596 kB
MemFree:          351136 kB
MemAvailable:    1503436 kB
Buffers:           86440 kB
Cached:          1173264 kB
MemTotal:        1844596 kB
MemFree:          349152 kB
MemAvailable:    1501452 kB
Buffers:           86440 kB
Cached:          1173264 kB
MemTotal:        1844596 kB
MemFree:          345052 kB
MemAvailable:    1497352 kB
Buffers:           86440 kB
Cached:          1173264 kB
MemTotal:        1844596 kB
MemFree:          344936 kB
MemAvailable:    1497236 kB
Buffers:           86440 kB
Cached:          1173264 kB
MemTotal:        1844596 kB
MemFree:          341260 kB
MemAvailable:    1493560 kB
Buffers:           86440 kB
Cached:          1173264 kB
MemTotal:        1844596 kB
MemFree:          339480 kB
MemAvailable:    1491780 kB
Buffers:           86440 kB
Cached:          1173264 kB
MemTotal:        1844596 kB
MemFree:          339948 kB
MemAvailable:    1492248 kB
Buffers:           86440 kB
Cached:          1173264 kB
MemTotal:        1844596 kB
MemFree:          340284 kB
MemAvailable:    1492584 kB
Buffers:           86440 kB
Cached:          1173264 kB
MemTotal:        1844596 kB
MemFree:          338968 kB
MemAvailable:    1491268 kB
Buffers:           86440 kB
Cached:          1173264 kB
MemTotal:        1844596 kB
MemFree:          338688 kB
MemAvailable:    1490988 kB
Buffers:           86440 kB
Cached:          1173264 kB
MemTotal:        1844596 kB
MemFree:          338860 kB
MemAvailable:    1491160 kB
Buffers:           86440 kB
Cached:          1173264 kB
MemTotal:        1844596 kB
MemFree:          340172 kB
MemAvailable:    1492472 kB
Buffers:           86440 kB
Cached:          1173264 kB
MemTotal:        1844596 kB
MemFree:          340172 kB
MemAvailable:    1492472 kB
Buffers:           86440 kB
Cached:          1173264 kB
MemTotal:        1844596 kB
MemFree:          338612 kB
MemAvailable:    1490912 kB
Buffers:           86440 kB
Cached:          1173264 kB
MemTotal:        1844596 kB
MemFree:          339976 kB
MemAvailable:    1492276 kB
Buffers:           86440 kB
Cached:          1173264 kB
MemTotal:        1844596 kB
MemFree:          339836 kB
MemAvailable:    1492144 kB
Buffers:           86440 kB
Cached:          1173272 kB
MemTotal:        1844596 kB
MemFree:          339836 kB
MemAvailable:    1492144 kB
Buffers:           86440 kB
Cached:          1173272 kB
MemTotal:        1844596 kB
MemFree:          339740 kB
MemAvailable:    1492048 kB
Buffers:           86440 kB
Cached:          1173272 kB
MemTotal:        1844596 kB
MemFree:          338564 kB
MemAvailable:    1490872 kB
Buffers:           86440 kB
Cached:          1173272 kB
MemTotal:        1844596 kB
MemFree:          339540 kB
MemAvailable:    1491848 kB
Buffers:           86440 kB
Cached:          1173272 kB
MemTotal:        1844596 kB
MemFree:          338984 kB
MemAvailable:    1491292 kB
Buffers:           86440 kB
Cached:          1173272 kB
MemTotal:        1844596 kB
MemFree:          339716 kB
MemAvailable:    1492024 kB
Buffers:           86440 kB
Cached:          1173272 kB
MemTotal:        1844596 kB
MemFree:          339108 kB
MemAvailable:    1491416 kB
Buffers:           86440 kB
Cached:          1173272 kB
MemTotal:        1844596 kB
MemFree:          339536 kB
MemAvailable:    1491844 kB
Buffers:           86440 kB
Cached:          1173272 kB
MemTotal:        1844596 kB
MemFree:          339536 kB
MemAvailable:    1491844 kB
Buffers:           86440 kB
Cached:          1173272 kB
MemTotal:        1844596 kB
MemFree:          339452 kB
MemAvailable:    1491760 kB
Buffers:           86440 kB
Cached:          1173272 kB
MemTotal:        1844596 kB
MemFree:          339788 kB
MemAvailable:    1492096 kB
Buffers:           86440 kB
Cached:          1173272 kB
MemTotal:        1844596 kB
MemFree:          339464 kB
MemAvailable:    1491772 kB
Buffers:           86440 kB
Cached:          1173272 kB
MemTotal:        1844596 kB
MemFree:          339800 kB
MemAvailable:    1492108 kB
Buffers:           86440 kB
Cached:          1173272 kB
MemTotal:        1844596 kB
MemFree:          339608 kB
MemAvailable:    1491916 kB
Buffers:           86440 kB
Cached:          1173272 kB
MemTotal:        1844596 kB
MemFree:          339548 kB
MemAvailable:    1491856 kB
Buffers:           86440 kB
Cached:          1173272 kB
MemTotal:        1844596 kB
MemFree:          338556 kB
MemAvailable:    1490864 kB
Buffers:           86440 kB
Cached:          1173272 kB
MemTotal:        1844596 kB
MemFree:          338300 kB
MemAvailable:    1490608 kB
Buffers:           86440 kB
Cached:          1173272 kB
MemTotal:        1844596 kB
MemFree:          338592 kB
MemAvailable:    1490900 kB
Buffers:           86440 kB
Cached:          1173272 kB
MemTotal:        1844596 kB
MemFree:          339848 kB
MemAvailable:    1492156 kB
Buffers:           86440 kB
Cached:          1173272 kB
MemTotal:        1844596 kB
MemFree:          339428 kB
MemAvailable:    1491736 kB
Buffers:           86440 kB
Cached:          1173272 kB
MemTotal:        1844596 kB
MemFree:          339588 kB
MemAvailable:    1491896 kB
Buffers:           86440 kB
Cached:          1173272 kB
MemTotal:        1844596 kB
MemFree:          337860 kB
MemAvailable:    1490168 kB
Buffers:           86440 kB
Cached:          1173272 kB
MemTotal:        1844596 kB
MemFree:          333520 kB
MemAvailable:    1485828 kB
Buffers:           86440 kB
Cached:          1173272 kB
MemTotal:        1844596 kB
MemFree:          330552 kB
MemAvailable:    1482860 kB
Buffers:           86440 kB
Cached:          1173272 kB
MemTotal:        1844596 kB
MemFree:          329296 kB
MemAvailable:    1481604 kB
Buffers:           86440 kB
Cached:          1173272 kB
MemTotal:        1844596 kB
MemFree:          329064 kB
MemAvailable:    1481372 kB
Buffers:           86440 kB
Cached:          1173272 kB
MemTotal:        1844596 kB
MemFree:          329100 kB
MemAvailable:    1481408 kB
Buffers:           86440 kB
Cached:          1173272 kB
MemTotal:        1844596 kB
MemFree:          328184 kB
MemAvailable:    1480492 kB
Buffers:           86440 kB
Cached:          1173272 kB
MemTotal:        1844596 kB
MemFree:          328012 kB
MemAvailable:    1480320 kB
Buffers:           86440 kB
Cached:          1173272 kB
MemTotal:        1844596 kB
MemFree:          329188 kB
MemAvailable:    1481496 kB
Buffers:           86440 kB
Cached:          1173272 kB
MemTotal:        1844596 kB
MemFree:          328692 kB
MemAvailable:    1481000 kB
Buffers:           86440 kB
Cached:          1173272 kB
MemTotal:        1844596 kB
MemFree:          329036 kB
MemAvailable:    1481344 kB
Buffers:           86440 kB
Cached:          1173272 kB
MemTotal:        1844596 kB
MemFree:          329372 kB
MemAvailable:    1481680 kB
Buffers:           86440 kB
Cached:          1173272 kB
MemTotal:        1844596 kB
MemFree:          329096 kB
MemAvailable:    1481404 kB
Buffers:           86440 kB
Cached:          1173272 kB
MemTotal:        1844596 kB
MemFree:          328012 kB
MemAvailable:    1480320 kB
Buffers:           86440 kB
Cached:          1173272 kB
MemTotal:        1844596 kB
MemFree:          327880 kB
MemAvailable:    1480188 kB
Buffers:           86440 kB
Cached:          1173272 kB
MemTotal:        1844596 kB
MemFree:          328988 kB
MemAvailable:    1481296 kB
Buffers:           86440 kB
Cached:          1173272 kB
MemTotal:        1844596 kB
MemFree:          329240 kB
MemAvailable:    1481548 kB
Buffers:           86440 kB
Cached:          1173272 kB
MemTotal:        1844596 kB
MemFree:          327692 kB
MemAvailable:    1480000 kB
Buffers:           86440 kB
Cached:          1173272 kB
MemTotal:        1844596 kB
MemFree:          328372 kB
MemAvailable:    1480680 kB
Buffers:           86440 kB
Cached:          1173272 kB
MemTotal:        1844596 kB
MemFree:          327080 kB
MemAvailable:    1479388 kB
Buffers:           86440 kB
Cached:          1173272 kB
MemTotal:        1844596 kB
MemFree:          327056 kB
MemAvailable:    1479364 kB
Buffers:           86440 kB
Cached:          1173272 kB
MemTotal:        1844596 kB
MemFree:          327392 kB
MemAvailable:    1479700 kB
Buffers:           86440 kB
Cached:          1173272 kB
MemTotal:        1844596 kB
MemFree:          325824 kB
MemAvailable:    1478132 kB
Buffers:           86440 kB
Cached:          1173272 kB
MemTotal:        1844596 kB
MemFree:          327232 kB
MemAvailable:    1479540 kB
Buffers:           86440 kB
Cached:          1173272 kB
MemTotal:        1844596 kB
MemFree:          326212 kB
MemAvailable:    1478520 kB
Buffers:           86440 kB
Cached:          1173272 kB
MemTotal:        1844596 kB
MemFree:          327080 kB
MemAvailable:    1479392 kB
Buffers:           86440 kB
Cached:          1173276 kB
MemTotal:        1844596 kB
MemFree:          326212 kB
MemAvailable:    1478524 kB
Buffers:           86440 kB
Cached:          1173276 kB
MemTotal:        1844596 kB
MemFree:          326804 kB
MemAvailable:    1479116 kB
Buffers:           86440 kB
Cached:          1173276 kB
MemTotal:        1844596 kB
MemFree:          327140 kB
MemAvailable:    1479452 kB
Buffers:           86440 kB
Cached:          1173276 kB
MemTotal:        1844596 kB
MemFree:          326948 kB
MemAvailable:    1479260 kB
Buffers:           86440 kB
Cached:          1173276 kB
MemTotal:        1844596 kB
MemFree:          326336 kB
MemAvailable:    1478648 kB
Buffers:           86440 kB
Cached:          1173276 kB
MemTotal:        1844596 kB
MemFree:          326940 kB
MemAvailable:    1479252 kB
Buffers:           86440 kB
Cached:          1173276 kB
MemTotal:        1844596 kB
MemFree:          326940 kB
MemAvailable:    1479252 kB
Buffers:           86440 kB
Cached:          1173276 kB
MemTotal:        1844596 kB
MemFree:          325660 kB
MemAvailable:    1477972 kB
Buffers:           86440 kB
Cached:          1173276 kB
MemTotal:        1844596 kB
MemFree:          325784 kB
MemAvailable:    1478096 kB
Buffers:           86440 kB
Cached:          1173276 kB
MemTotal:        1844596 kB
MemFree:          325784 kB
MemAvailable:    1478096 kB
Buffers:           86440 kB
Cached:          1173276 kB
MemTotal:        1844596 kB
MemFree:          325652 kB
MemAvailable:    1477964 kB
Buffers:           86440 kB
Cached:          1173276 kB
MemTotal:        1844596 kB
MemFree:          325820 kB
MemAvailable:    1478132 kB
Buffers:           86440 kB
Cached:          1173276 kB
MemTotal:        1844596 kB
MemFree:          326400 kB
MemAvailable:    1478712 kB
Buffers:           86440 kB
Cached:          1173276 kB
MemTotal:        1844596 kB
MemFree:          326992 kB
MemAvailable:    1479304 kB
Buffers:           86440 kB
Cached:          1173276 kB
MemTotal:        1844596 kB
MemFree:          325812 kB
MemAvailable:    1478124 kB
Buffers:           86440 kB
Cached:          1173276 kB
MemTotal:        1844596 kB
MemFree:          326708 kB
MemAvailable:    1479020 kB
Buffers:           86440 kB
Cached:          1173276 kB
MemTotal:        1844596 kB
MemFree:          326944 kB
MemAvailable:    1479256 kB
Buffers:           86440 kB
Cached:          1173276 kB
MemTotal:        1844596 kB
MemFree:          325816 kB
MemAvailable:    1478128 kB
Buffers:           86440 kB
Cached:          1173276 kB
MemTotal:        1844596 kB
MemFree:          326336 kB
MemAvailable:    1478648 kB
Buffers:           86440 kB
Cached:          1173276 kB
MemTotal:        1844596 kB
MemFree:          326784 kB
MemAvailable:    1479096 kB
Buffers:           86440 kB
Cached:          1173276 kB
MemTotal:        1844596 kB
MemFree:          327120 kB
MemAvailable:    1479432 kB
Buffers:           86440 kB
Cached:          1173276 kB
MemTotal:        1844596 kB
MemFree:          324840 kB
MemAvailable:    1477152 kB
Buffers:           86440 kB
Cached:          1173276 kB
MemTotal:        1844596 kB
MemFree:          324840 kB
MemAvailable:    1477152 kB
Buffers:           86440 kB
Cached:          1173276 kB
MemTotal:        1844596 kB
MemFree:          319392 kB
MemAvailable:    1471704 kB
Buffers:           86440 kB
Cached:          1173276 kB
MemTotal:        1844596 kB
MemFree:          316912 kB
MemAvailable:    1469224 kB
Buffers:           86440 kB
Cached:          1173276 kB
MemTotal:        1844596 kB
MemFree:          315176 kB
MemAvailable:    1467488 kB
Buffers:           86440 kB
Cached:          1173276 kB
MemTotal:        1844596 kB
MemFree:          314168 kB
MemAvailable:    1466480 kB
Buffers:           86440 kB
Cached:          1173276 kB
MemTotal:        1844596 kB
MemFree:          314504 kB
MemAvailable:    1466816 kB
Buffers:           86440 kB
Cached:          1173276 kB
MemTotal:        1844596 kB
MemFree:          313192 kB
MemAvailable:    1465508 kB
Buffers:           86440 kB
Cached:          1173280 kB
MemTotal:        1844596 kB
MemFree:          312952 kB
MemAvailable:    1465268 kB
Buffers:           86440 kB
Cached:          1173280 kB
MemTotal:        1844596 kB
MemFree:          312952 kB
MemAvailable:    1465268 kB
Buffers:           86440 kB
Cached:          1173280 kB
MemTotal:        1844596 kB
MemFree:          312820 kB
MemAvailable:    1465136 kB
Buffers:           86440 kB
Cached:          1173280 kB
MemTotal:        1844596 kB
MemFree:          312696 kB
MemAvailable:    1465012 kB
Buffers:           86440 kB
Cached:          1173280 kB
MemTotal:        1844596 kB
MemFree:          312704 kB
MemAvailable:    1465020 kB
Buffers:           86440 kB
Cached:          1173280 kB
MemTotal:        1844596 kB
MemFree:          312572 kB
MemAvailable:    1464888 kB
Buffers:           86440 kB
Cached:          1173280 kB
MemTotal:        1844596 kB
MemFree:          312572 kB
MemAvailable:    1464888 kB
Buffers:           86440 kB
Cached:          1173280 kB
MemTotal:        1844596 kB
MemFree:          313744 kB
MemAvailable:    1466060 kB
Buffers:           86440 kB
Cached:          1173280 kB
MemTotal:        1844596 kB
MemFree:          312828 kB
MemAvailable:    1465144 kB
Buffers:           86440 kB
Cached:          1173280 kB
MemTotal:        1844596 kB
MemFree:          313564 kB
MemAvailable:    1465880 kB
Buffers:           86440 kB
Cached:          1173280 kB
MemTotal:        1844596 kB
MemFree:          313816 kB
MemAvailable:    1466132 kB
Buffers:           86440 kB
Cached:          1173280 kB
MemTotal:        1844596 kB
MemFree:          313576 kB
MemAvailable:    1465892 kB
Buffers:           86440 kB
Cached:          1173280 kB
MemTotal:        1844596 kB
MemFree:          313704 kB
MemAvailable:    1466020 kB
Buffers:           86440 kB
Cached:          1173280 kB
MemTotal:        1844596 kB
MemFree:          313324 kB
MemAvailable:    1465640 kB
Buffers:           86440 kB
Cached:          1173280 kB
MemTotal:        1844596 kB
MemFree:          313512 kB
MemAvailable:    1465828 kB
Buffers:           86440 kB
Cached:          1173280 kB
MemTotal:        1844596 kB
MemFree:          313764 kB
MemAvailable:    1466080 kB
Buffers:           86440 kB
Cached:          1173280 kB
MemTotal:        1844596 kB
MemFree:          312284 kB
MemAvailable:    1464600 kB
Buffers:           86440 kB
Cached:          1173280 kB
MemTotal:        1844596 kB
MemFree:          313576 kB
MemAvailable:    1465892 kB
Buffers:           86440 kB
Cached:          1173280 kB
MemTotal:        1844596 kB
MemFree:          313564 kB
MemAvailable:    1465880 kB
Buffers:           86440 kB
Cached:          1173280 kB
MemTotal:        1844596 kB
MemFree:          313900 kB
MemAvailable:    1466216 kB
Buffers:           86440 kB
Cached:          1173280 kB
MemTotal:        1844596 kB
MemFree:          312324 kB
MemAvailable:    1464640 kB
Buffers:           86440 kB
Cached:          1173280 kB
MemTotal:        1844596 kB
MemFree:          313764 kB
MemAvailable:    1466080 kB
Buffers:           86440 kB
Cached:          1173280 kB
MemTotal:        1844596 kB
MemFree:          313076 kB
MemAvailable:    1465392 kB
Buffers:           86440 kB
Cached:          1173280 kB
MemTotal:        1844596 kB
MemFree:          313308 kB
MemAvailable:    1465624 kB
Buffers:           86440 kB
Cached:          1173280 kB
MemTotal:        1844596 kB
MemFree:          313144 kB
MemAvailable:    1465460 kB
Buffers:           86440 kB
Cached:          1173280 kB
MemTotal:        1844596 kB
MemFree:          311768 kB
MemAvailable:    1464084 kB
Buffers:           86440 kB
Cached:          1173280 kB
MemTotal:        1844596 kB
MemFree:          312812 kB
MemAvailable:    1465128 kB
Buffers:           86440 kB
Cached:          1173280 kB
MemTotal:        1844596 kB
MemFree:          311636 kB
MemAvailable:    1463952 kB
Buffers:           86440 kB
Cached:          1173280 kB
MemTotal:        1844596 kB
MemFree:          311712 kB
MemAvailable:    1464028 kB
Buffers:           86440 kB
Cached:          1173280 kB
MemTotal:        1844596 kB
MemFree:          312888 kB
MemAvailable:    1465204 kB
Buffers:           86440 kB
Cached:          1173280 kB
MemTotal:        1844596 kB
MemFree:          311580 kB
MemAvailable:    1463896 kB
Buffers:           86440 kB
Cached:          1173280 kB
MemTotal:        1844596 kB
MemFree:          312780 kB
MemAvailable:    1465096 kB
Buffers:           86440 kB
Cached:          1173280 kB
MemTotal:        1844596 kB
MemFree:          311836 kB
MemAvailable:    1464152 kB
Buffers:           86440 kB
Cached:          1173280 kB
MemTotal:        1844596 kB
MemFree:          308844 kB
MemAvailable:    1461168 kB
Buffers:           86440 kB
Cached:          1173288 kB
MemTotal:        1844596 kB
MemFree:          308724 kB
MemAvailable:    1461048 kB
Buffers:           86440 kB
Cached:          1173288 kB
MemTotal:        1844596 kB
MemFree:          306612 kB
MemAvailable:    1458936 kB
Buffers:           86440 kB
Cached:          1173288 kB
MemTotal:        1844596 kB
MemFree:          304140 kB
MemAvailable:    1456464 kB
Buffers:           86440 kB
Cached:          1173288 kB
MemTotal:        1844596 kB
MemFree:          303536 kB
MemAvailable:    1455860 kB
Buffers:           86440 kB
Cached:          1173288 kB
MemTotal:        1844596 kB
MemFree:          302464 kB
MemAvailable:    1454788 kB
Buffers:           86440 kB
Cached:          1173288 kB
MemTotal:        1844596 kB
MemFree:          300172 kB
MemAvailable:    1452496 kB
Buffers:           86440 kB
Cached:          1173288 kB
MemTotal:        1844596 kB
MemFree:          301288 kB
MemAvailable:    1453612 kB
Buffers:           86440 kB
Cached:          1173288 kB
MemTotal:        1844596 kB
MemFree:          299064 kB
MemAvailable:    1451388 kB
Buffers:           86440 kB
Cached:          1173288 kB
MemTotal:        1844596 kB
MemFree:          299836 kB
MemAvailable:    1452160 kB
Buffers:           86440 kB
Cached:          1173288 kB
MemTotal:        1844596 kB
MemFree:          299560 kB
MemAvailable:    1451884 kB
Buffers:           86440 kB
Cached:          1173288 kB
MemTotal:        1844596 kB
MemFree:          299936 kB
MemAvailable:    1452260 kB
Buffers:           86440 kB
Cached:          1173288 kB
MemTotal:        1844596 kB
MemFree:          298760 kB
MemAvailable:    1451084 kB
Buffers:           86440 kB
Cached:          1173288 kB
MemTotal:        1844596 kB
MemFree:          298880 kB
MemAvailable:    1451204 kB
Buffers:           86440 kB
Cached:          1173288 kB
MemTotal:        1844596 kB
MemFree:          299968 kB
MemAvailable:    1452292 kB
Buffers:           86440 kB
Cached:          1173288 kB
MemTotal:        1844596 kB
MemFree:          298816 kB
MemAvailable:    1451140 kB
Buffers:           86440 kB
Cached:          1173288 kB
MemTotal:        1844596 kB
MemFree:          298692 kB
MemAvailable:    1451016 kB
Buffers:           86440 kB
Cached:          1173288 kB
MemTotal:        1844596 kB
MemFree:          298808 kB
MemAvailable:    1451132 kB
Buffers:           86440 kB
Cached:          1173288 kB
MemTotal:        1844596 kB
MemFree:          299016 kB
MemAvailable:    1451340 kB
Buffers:           86440 kB
Cached:          1173288 kB
MemTotal:        1844596 kB
MemFree:          298888 kB
MemAvailable:    1451212 kB
Buffers:           86440 kB
Cached:          1173288 kB
MemTotal:        1844596 kB
MemFree:          300128 kB
MemAvailable:    1452452 kB
Buffers:           86440 kB
Cached:          1173288 kB
MemTotal:        1844596 kB
MemFree:          300120 kB
MemAvailable:    1452444 kB
Buffers:           86440 kB
Cached:          1173288 kB
MemTotal:        1844596 kB
MemFree:          298800 kB
MemAvailable:    1451124 kB
Buffers:           86440 kB
Cached:          1173288 kB
MemTotal:        1844596 kB
MemFree:          298628 kB
MemAvailable:    1450952 kB
Buffers:           86440 kB
Cached:          1173288 kB
MemTotal:        1844596 kB
MemFree:          299036 kB
MemAvailable:    1451360 kB
Buffers:           86440 kB
Cached:          1173288 kB
MemTotal:        1844596 kB
MemFree:          299968 kB
MemAvailable:    1452292 kB
Buffers:           86440 kB
Cached:          1173288 kB
MemTotal:        1844596 kB
MemFree:          299436 kB
MemAvailable:    1451760 kB
Buffers:           86440 kB
Cached:          1173288 kB
MemTotal:        1844596 kB
MemFree:          299836 kB
MemAvailable:    1452164 kB
Buffers:           86440 kB
Cached:          1173292 kB
MemTotal:        1844596 kB
MemFree:          300008 kB
MemAvailable:    1452336 kB
Buffers:           86440 kB
Cached:          1173292 kB
MemTotal:        1844596 kB
MemFree:          299972 kB
MemAvailable:    1452300 kB
Buffers:           86440 kB
Cached:          1173292 kB
MemTotal:        1844596 kB
MemFree:          298756 kB
MemAvailable:    1451084 kB
Buffers:           86440 kB
Cached:          1173292 kB
MemTotal:        1844596 kB
MemFree:          299932 kB
MemAvailable:    1452260 kB
Buffers:           86440 kB
Cached:          1173292 kB
MemTotal:        1844596 kB
MemFree:          299984 kB
MemAvailable:    1452312 kB
Buffers:           86440 kB
Cached:          1173292 kB
MemTotal:        1844596 kB
MemFree:          298892 kB
MemAvailable:    1451220 kB
Buffers:           86440 kB
Cached:          1173292 kB
MemTotal:        1844596 kB
MemFree:          298768 kB
MemAvailable:    1451096 kB
Buffers:           86440 kB
Cached:          1173292 kB
MemTotal:        1844596 kB
MemFree:          298680 kB
MemAvailable:    1451008 kB
Buffers:           86440 kB
Cached:          1173292 kB
MemTotal:        1844596 kB
MemFree:          299992 kB
MemAvailable:    1452320 kB
Buffers:           86440 kB
Cached:          1173292 kB
MemTotal:        1844596 kB
MemFree:          299304 kB
MemAvailable:    1451632 kB
Buffers:           86440 kB
Cached:          1173292 kB
MemTotal:        1844596 kB
MemFree:          298560 kB
MemAvailable:    1450888 kB
Buffers:           86440 kB
Cached:          1173292 kB
MemTotal:        1844596 kB
MemFree:          298692 kB
MemAvailable:    1451020 kB
Buffers:           86440 kB
Cached:          1173292 kB
MemTotal:        1844596 kB
MemFree:          300008 kB
MemAvailable:    1452336 kB
Buffers:           86440 kB
Cached:          1173292 kB
MemTotal:        1844596 kB
MemFree:          298684 kB
MemAvailable:    1451012 kB
Buffers:           86440 kB
Cached:          1173292 kB
MemTotal:        1844596 kB
MemFree:          299188 kB
MemAvailable:    1451516 kB
Buffers:           86440 kB
Cached:          1173292 kB
MemTotal:        1844596 kB
MemFree:          299752 kB
MemAvailable:    1452080 kB
Buffers:           86440 kB
Cached:          1173292 kB
MemTotal:        1844596 kB
MemFree:          300088 kB
MemAvailable:    1452416 kB
Buffers:           86440 kB
Cached:          1173292 kB
MemTotal:        1844596 kB
MemFree:          298520 kB
MemAvailable:    1450848 kB
Buffers:           86440 kB
Cached:          1173292 kB
MemTotal:        1844596 kB
MemFree:          299812 kB
MemAvailable:    1452140 kB
Buffers:           86440 kB
Cached:          1173292 kB
MemTotal:        1844596 kB
MemFree:          298644 kB
MemAvailable:    1450972 kB
Buffers:           86440 kB
Cached:          1173292 kB
MemTotal:        1844596 kB
MemFree:          299312 kB
MemAvailable:    1451640 kB
Buffers:           86440 kB
Cached:          1173292 kB
MemTotal:        1844596 kB
MemFree:          299788 kB
MemAvailable:    1452116 kB
Buffers:           86440 kB
Cached:          1173292 kB
MemTotal:        1844596 kB
MemFree:          300124 kB
MemAvailable:    1452452 kB
Buffers:           86440 kB
Cached:          1173292 kB
MemTotal:        1844596 kB
MemFree:          298796 kB
MemAvailable:    1451124 kB
Buffers:           86440 kB
Cached:          1173292 kB
MemTotal:        1844596 kB
MemFree:          298568 kB
MemAvailable:    1450896 kB
Buffers:           86440 kB
Cached:          1173292 kB
MemTotal:        1844596 kB
MemFree:          297072 kB
MemAvailable:    1449400 kB
Buffers:           86440 kB
Cached:          1173292 kB
MemTotal:        1844596 kB
MemFree:          296964 kB
MemAvailable:    1449292 kB
Buffers:           86440 kB
Cached:          1173292 kB
MemTotal:        1844596 kB
MemFree:          295344 kB
MemAvailable:    1447672 kB
Buffers:           86440 kB
Cached:          1173292 kB
MemTotal:        1844596 kB
MemFree:          294948 kB
MemAvailable:    1447276 kB
Buffers:           86440 kB
Cached:          1173292 kB
MemTotal:        1844596 kB
MemFree:          294228 kB
MemAvailable:    1446556 kB
Buffers:           86440 kB
Cached:          1173292 kB
MemTotal:        1844596 kB
MemFree:          293800 kB
MemAvailable:    1446128 kB
Buffers:           86440 kB
Cached:          1173292 kB
MemTotal:        1844596 kB
MemFree:          293924 kB
MemAvailable:    1446252 kB
Buffers:           86440 kB
Cached:          1173292 kB
MemTotal:        1844596 kB
MemFree:          293800 kB
MemAvailable:    1446128 kB
Buffers:           86440 kB
Cached:          1173292 kB
MemTotal:        1844596 kB
MemFree:          293544 kB
MemAvailable:    1445872 kB
Buffers:           86440 kB
Cached:          1173292 kB
MemTotal:        1844596 kB
MemFree:          294528 kB
MemAvailable:    1446856 kB
Buffers:           86440 kB
Cached:          1173292 kB
MemTotal:        1844596 kB
MemFree:          293404 kB
MemAvailable:    1445732 kB
Buffers:           86440 kB
Cached:          1173292 kB
MemTotal:        1844596 kB
MemFree:          294156 kB
MemAvailable:    1446484 kB
Buffers:           86440 kB
Cached:          1173292 kB
MemTotal:        1844596 kB
MemFree:          292856 kB
MemAvailable:    1445184 kB
Buffers:           86440 kB
Cached:          1173292 kB
MemTotal:        1844596 kB
MemFree:          292732 kB
MemAvailable:    1445060 kB
Buffers:           86440 kB
Cached:          1173292 kB
MemTotal:        1844596 kB
MemFree:          292972 kB
MemAvailable:    1445300 kB
Buffers:           86440 kB
Cached:          1173292 kB
MemTotal:        1844596 kB
MemFree:          293784 kB
MemAvailable:    1446112 kB
Buffers:           86440 kB
Cached:          1173292 kB
MemTotal:        1844596 kB
MemFree:          292616 kB
MemAvailable:    1444944 kB
Buffers:           86440 kB
Cached:          1173292 kB
MemTotal:        1844596 kB
MemFree:          293468 kB
MemAvailable:    1445796 kB
Buffers:           86440 kB
Cached:          1173292 kB
MemTotal:        1844596 kB
MemFree:          293552 kB
MemAvailable:    1445880 kB
Buffers:           86440 kB
Cached:          1173292 kB
MemTotal:        1844596 kB
MemFree:          292236 kB
MemAvailable:    1444564 kB
Buffers:           86440 kB
Cached:          1173292 kB
MemTotal:        1844596 kB
MemFree:          292236 kB
MemAvailable:    1444564 kB
Buffers:           86440 kB
Cached:          1173292 kB
MemTotal:        1844596 kB
MemFree:          294076 kB
MemAvailable:    1446404 kB
Buffers:           86440 kB
Cached:          1173292 kB
MemTotal:        1844596 kB
MemFree:          294148 kB
MemAvailable:    1446476 kB
Buffers:           86440 kB
Cached:          1173292 kB
MemTotal:        1844596 kB
MemFree:          295204 kB
MemAvailable:    1447532 kB
Buffers:           86440 kB
Cached:          1173292 kB
MemTotal:        1844596 kB
MemFree:          295540 kB
MemAvailable:    1447868 kB
Buffers:           86440 kB
Cached:          1173292 kB
MemTotal:        1844596 kB
MemFree:          295384 kB
MemAvailable:    1447712 kB
Buffers:           86440 kB
Cached:          1173292 kB
MemTotal:        1844596 kB
MemFree:          295212 kB
MemAvailable:    1447540 kB
Buffers:           86440 kB
Cached:          1173292 kB
MemTotal:        1844596 kB
MemFree:          295552 kB
MemAvailable:    1447880 kB
Buffers:           86440 kB
Cached:          1173292 kB
MemTotal:        1844596 kB
MemFree:          295272 kB
MemAvailable:    1447600 kB
Buffers:           86440 kB
Cached:          1173292 kB
MemTotal:        1844596 kB
MemFree:          295156 kB
MemAvailable:    1447484 kB
Buffers:           86440 kB
Cached:          1173292 kB
MemTotal:        1844596 kB
MemFree:          295492 kB
MemAvailable:    1447820 kB
Buffers:           86440 kB
Cached:          1173292 kB
MemTotal:        1844596 kB
MemFree:          294092 kB
MemAvailable:    1446420 kB
Buffers:           86440 kB
Cached:          1173292 kB
MemTotal:        1844596 kB
MemFree:          295276 kB
MemAvailable:    1447604 kB
Buffers:           86440 kB
Cached:          1173292 kB
MemTotal:        1844596 kB
MemFree:          295528 kB
MemAvailable:    1447856 kB
Buffers:           86440 kB
Cached:          1173292 kB
MemTotal:        1844596 kB
MemFree:          294048 kB
MemAvailable:    1446376 kB
Buffers:           86440 kB
Cached:          1173292 kB
MemTotal:        1844596 kB
MemFree:          295348 kB
MemAvailable:    1447676 kB
Buffers:           86440 kB
Cached:          1173292 kB
MemTotal:        1844596 kB
MemFree:          294168 kB
MemAvailable:    1446496 kB
Buffers:           86440 kB
Cached:          1173292 kB
MemTotal:        1844596 kB
MemFree:          295400 kB
MemAvailable:    1447728 kB
Buffers:           86440 kB
Cached:          1173292 kB
MemTotal:        1844596 kB
MemFree:          295320 kB
MemAvailable:    1447648 kB
Buffers:           86440 kB
Cached:          1173292 kB
MemTotal:        1844596 kB
MemFree:          294032 kB
MemAvailable:    1446360 kB
Buffers:           86440 kB
Cached:          1173292 kB
MemTotal:        1844596 kB
MemFree:          295132 kB
MemAvailable:    1447460 kB
Buffers:           86440 kB
Cached:          1173292 kB
MemTotal:        1844596 kB
MemFree:          295384 kB
MemAvailable:    1447712 kB
Buffers:           86440 kB
Cached:          1173292 kB
MemTotal:        1844596 kB
MemFree:          295392 kB
MemAvailable:    1447720 kB
Buffers:           86440 kB
Cached:          1173292 kB
MemTotal:        1844596 kB
MemFree:          295344 kB
MemAvailable:    1447672 kB
Buffers:           86440 kB
Cached:          1173292 kB
MemTotal:        1844596 kB
MemFree:          295272 kB
MemAvailable:    1447600 kB
Buffers:           86440 kB
Cached:          1173292 kB
MemTotal:        1844596 kB
MemFree:          295272 kB
MemAvailable:    1447600 kB
Buffers:           86440 kB
Cached:          1173292 kB
MemTotal:        1844596 kB
MemFree:          294056 kB
MemAvailable:    1446384 kB
Buffers:           86440 kB
Cached:          1173292 kB
MemTotal:        1844596 kB
MemFree:          295296 kB
MemAvailable:    1447624 kB
Buffers:           86440 kB
Cached:          1173292 kB
MemTotal:        1844596 kB
MemFree:          295476 kB
MemAvailable:    1447804 kB
Buffers:           86440 kB
Cached:          1173292 kB
MemTotal:        1844596 kB
MemFree:          294176 kB
MemAvailable:    1446504 kB
Buffers:           86440 kB
Cached:          1173292 kB
MemTotal:        1844596 kB
MemFree:          294164 kB
MemAvailable:    1446492 kB
Buffers:           86440 kB
Cached:          1173292 kB
MemTotal:        1844596 kB
MemFree:          291748 kB
MemAvailable:    1444076 kB
Buffers:           86440 kB
Cached:          1173292 kB
MemTotal:        1844596 kB
MemFree:          290732 kB
MemAvailable:    1443060 kB
Buffers:           86440 kB
Cached:          1173292 kB
MemTotal:        1844596 kB
MemFree:          291068 kB
MemAvailable:    1443396 kB
Buffers:           86440 kB
Cached:          1173292 kB
MemTotal:        1844596 kB
MemFree:          290632 kB
MemAvailable:    1442960 kB
Buffers:           86440 kB
Cached:          1173292 kB
MemTotal:        1844596 kB
MemFree:          289204 kB
MemAvailable:    1441532 kB
Buffers:           86440 kB
Cached:          1173292 kB
MemTotal:        1844596 kB
MemFree:          287980 kB
MemAvailable:    1440308 kB
Buffers:           86440 kB
Cached:          1173292 kB
MemTotal:        1844596 kB
MemFree:          287724 kB
MemAvailable:    1440052 kB
Buffers:           86440 kB
Cached:          1173292 kB
MemTotal:        1844596 kB
MemFree:          288708 kB
MemAvailable:    1441044 kB
Buffers:           86440 kB
Cached:          1173300 kB
MemTotal:        1844596 kB
MemFree:          288640 kB
MemAvailable:    1440976 kB
Buffers:           86440 kB
Cached:          1173300 kB
MemTotal:        1844596 kB
MemFree:          287708 kB
MemAvailable:    1440044 kB
Buffers:           86440 kB
Cached:          1173300 kB
MemTotal:        1844596 kB
MemFree:          286292 kB
MemAvailable:    1438628 kB
Buffers:           86440 kB
Cached:          1173300 kB
MemTotal:        1844596 kB
MemFree:          287144 kB
MemAvailable:    1439480 kB
Buffers:           86440 kB
Cached:          1173300 kB
MemTotal:        1844596 kB
MemFree:          287228 kB
MemAvailable:    1439564 kB
Buffers:           86440 kB
Cached:          1173300 kB
MemTotal:        1844596 kB
MemFree:          285740 kB
MemAvailable:    1438076 kB
Buffers:           86440 kB
Cached:          1173300 kB
MemTotal:        1844596 kB
MemFree:          286980 kB
MemAvailable:    1439316 kB
Buffers:           86440 kB
Cached:          1173300 kB
MemTotal:        1844596 kB
MemFree:          286584 kB
MemAvailable:    1438920 kB
Buffers:           86440 kB
Cached:          1173300 kB
MemTotal:        1844596 kB
MemFree:          286836 kB
MemAvailable:    1439172 kB
Buffers:           86440 kB
Cached:          1173300 kB
MemTotal:        1844596 kB
MemFree:          286608 kB
MemAvailable:    1438944 kB
Buffers:           86440 kB
Cached:          1173300 kB
MemTotal:        1844596 kB
MemFree:          285796 kB
MemAvailable:    1438132 kB
Buffers:           86440 kB
Cached:          1173300 kB
MemTotal:        1844596 kB
MemFree:          286368 kB
MemAvailable:    1438704 kB
Buffers:           86440 kB
Cached:          1173300 kB
MemTotal:        1844596 kB
MemFree:          286176 kB
MemAvailable:    1438512 kB
Buffers:           86440 kB
Cached:          1173300 kB
MemTotal:        1844596 kB
MemFree:          285416 kB
MemAvailable:    1437752 kB
Buffers:           86440 kB
Cached:          1173300 kB
MemTotal:        1844596 kB
MemFree:          285044 kB
MemAvailable:    1437380 kB
Buffers:           86440 kB
Cached:          1173300 kB
MemTotal:        1844596 kB
MemFree:          286228 kB
MemAvailable:    1438564 kB
Buffers:           86440 kB
Cached:          1173300 kB
MemTotal:        1844596 kB
MemFree:          286396 kB
MemAvailable:    1438732 kB
Buffers:           86440 kB
Cached:          1173300 kB
MemTotal:        1844596 kB
MemFree:          285040 kB
MemAvailable:    1437376 kB
Buffers:           86440 kB
Cached:          1173300 kB
MemTotal:        1844596 kB
MemFree:          286224 kB
MemAvailable:    1438560 kB
Buffers:           86440 kB
Cached:          1173300 kB
MemTotal:        1844596 kB
MemFree:          285920 kB
MemAvailable:    1438256 kB
Buffers:           86440 kB
Cached:          1173300 kB
MemTotal:        1844596 kB
MemFree:          286280 kB
MemAvailable:    1438616 kB
Buffers:           86440 kB
Cached:          1173300 kB
MemTotal:        1844596 kB
MemFree:          286028 kB
MemAvailable:    1438364 kB
Buffers:           86440 kB
Cached:          1173300 kB
MemTotal:        1844596 kB
MemFree:          286368 kB
MemAvailable:    1438704 kB
Buffers:           86440 kB
Cached:          1173300 kB
MemTotal:        1844596 kB
MemFree:          285040 kB
MemAvailable:    1437376 kB
Buffers:           86440 kB
Cached:          1173300 kB
MemTotal:        1844596 kB
MemFree:          285040 kB
MemAvailable:    1437376 kB
Buffers:           86440 kB
Cached:          1173300 kB
MemTotal:        1844596 kB
MemFree:          286332 kB
MemAvailable:    1438668 kB
Buffers:           86440 kB
Cached:          1173300 kB
MemTotal:        1844596 kB
MemFree:          285672 kB
MemAvailable:    1438008 kB
Buffers:           86440 kB
Cached:          1173300 kB
MemTotal:        1844596 kB
MemFree:          286196 kB
MemAvailable:    1438536 kB
Buffers:           86440 kB
Cached:          1173304 kB
MemTotal:        1844596 kB
MemFree:          286168 kB
MemAvailable:    1438508 kB
Buffers:           86440 kB
Cached:          1173304 kB
MemTotal:        1844596 kB
MemFree:          284872 kB
MemAvailable:    1437212 kB
Buffers:           86440 kB
Cached:          1173304 kB
MemTotal:        1844596 kB
MemFree:          285032 kB
MemAvailable:    1437372 kB
Buffers:           86440 kB
Cached:          1173304 kB
MemTotal:        1844596 kB
MemFree:          286148 kB
MemAvailable:    1438488 kB
Buffers:           86440 kB
Cached:          1173304 kB
MemTotal:        1844596 kB
MemFree:          285156 kB
MemAvailable:    1437496 kB
Buffers:           86440 kB
Cached:          1173304 kB
MemTotal:        1844596 kB
MemFree:          286132 kB
MemAvailable:    1438472 kB
Buffers:           86440 kB
Cached:          1173304 kB
MemTotal:        1844596 kB
MemFree:          286384 kB
MemAvailable:    1438724 kB
Buffers:           86440 kB
Cached:          1173304 kB
MemTotal:        1844596 kB
MemFree:          285028 kB
MemAvailable:    1437368 kB
Buffers:           86440 kB
Cached:          1173304 kB
MemTotal:        1844596 kB
MemFree:          286220 kB
MemAvailable:    1438560 kB
Buffers:           86440 kB
Cached:          1173304 kB
MemTotal:        1844596 kB
MemFree:          285300 kB
MemAvailable:    1437640 kB
Buffers:           86440 kB
Cached:          1173304 kB
MemTotal:        1844596 kB
MemFree:          285780 kB
MemAvailable:    1438124 kB
Buffers:           86440 kB
Cached:          1173308 kB
MemTotal:        1844596 kB
MemFree:          286116 kB
MemAvailable:    1438460 kB
Buffers:           86440 kB
Cached:          1173308 kB
MemTotal:        1844596 kB
MemFree:          285788 kB
MemAvailable:    1438132 kB
Buffers:           86440 kB
Cached:          1173308 kB
MemTotal:        1844596 kB
MemFree:          284416 kB
MemAvailable:    1436760 kB
Buffers:           86440 kB
Cached:          1173308 kB
MemTotal:        1844596 kB
MemFree:          284284 kB
MemAvailable:    1436628 kB
Buffers:           86440 kB
Cached:          1173308 kB
MemTotal:        1844596 kB
MemFree:          285424 kB
MemAvailable:    1437768 kB
Buffers:           86440 kB
Cached:          1173308 kB
MemTotal:        1844596 kB
MemFree:          285104 kB
MemAvailable:    1437448 kB
Buffers:           86440 kB
Cached:          1173308 kB
MemTotal:        1844596 kB
MemFree:          284972 kB
MemAvailable:    1437316 kB
Buffers:           86440 kB
Cached:          1173308 kB
MemTotal:        1844596 kB
MemFree:          284732 kB
MemAvailable:    1437076 kB
Buffers:           86440 kB
Cached:          1173308 kB
MemTotal:        1844596 kB
MemFree:          284040 kB
MemAvailable:    1436384 kB
Buffers:           86440 kB
Cached:          1173308 kB
MemTotal:        1844596 kB
MemFree:          283564 kB
MemAvailable:    1435908 kB
Buffers:           86440 kB
Cached:          1173308 kB
MemTotal:        1844596 kB
MemFree:          283640 kB
MemAvailable:    1435984 kB
Buffers:           86440 kB
Cached:          1173308 kB
MemTotal:        1844596 kB
MemFree:          283688 kB
MemAvailable:    1436032 kB
Buffers:           86440 kB
Cached:          1173308 kB
MemTotal:        1844596 kB
MemFree:          285124 kB
MemAvailable:    1437468 kB
Buffers:           86440 kB
Cached:          1173308 kB
MemTotal:        1844596 kB
MemFree:          284848 kB
MemAvailable:    1437192 kB
Buffers:           86440 kB
Cached:          1173308 kB
MemTotal:        1844596 kB
MemFree:          283756 kB
MemAvailable:    1436100 kB
Buffers:           86440 kB
Cached:          1173308 kB
MemTotal:        1844596 kB
MemFree:          283632 kB
MemAvailable:    1435976 kB
Buffers:           86440 kB
Cached:          1173308 kB
MemTotal:        1844596 kB
MemFree:          283624 kB
MemAvailable:    1435968 kB
Buffers:           86440 kB
Cached:          1173308 kB
MemTotal:        1844596 kB
MemFree:          284892 kB
MemAvailable:    1437236 kB
Buffers:           86440 kB
Cached:          1173308 kB
MemTotal:        1844596 kB
MemFree:          284680 kB
MemAvailable:    1437024 kB
Buffers:           86440 kB
Cached:          1173308 kB
MemTotal:        1844596 kB
MemFree:          284872 kB
MemAvailable:    1437216 kB
Buffers:           86440 kB
Cached:          1173308 kB
MemTotal:        1844596 kB
MemFree:          283752 kB
MemAvailable:    1436096 kB
Buffers:           86440 kB
Cached:          1173308 kB
MemTotal:        1844596 kB
MemFree:          284904 kB
MemAvailable:    1437248 kB
Buffers:           86440 kB
Cached:          1173308 kB
MemTotal:        1844596 kB
MemFree:          283688 kB
MemAvailable:    1436032 kB
Buffers:           86440 kB
Cached:          1173308 kB
MemTotal:        1844596 kB
MemFree:          284928 kB
MemAvailable:    1437272 kB
Buffers:           86440 kB
Cached:          1173308 kB
MemTotal:        1844596 kB
MemFree:          283688 kB
MemAvailable:    1436032 kB
Buffers:           86440 kB
Cached:          1173308 kB
MemTotal:        1844596 kB
MemFree:          285004 kB
MemAvailable:    1437348 kB
Buffers:           86440 kB
Cached:          1173308 kB
MemTotal:        1844596 kB
MemFree:          283688 kB
MemAvailable:    1436032 kB
Buffers:           86440 kB
Cached:          1173308 kB
MemTotal:        1844596 kB
MemFree:          284832 kB
MemAvailable:    1437176 kB
Buffers:           86440 kB
Cached:          1173308 kB
MemTotal:        1844596 kB
MemFree:          285176 kB
MemAvailable:    1437520 kB
Buffers:           86440 kB
Cached:          1173308 kB
MemTotal:        1844596 kB
MemFree:          283672 kB
MemAvailable:    1436016 kB
Buffers:           86440 kB
Cached:          1173308 kB
MemTotal:        1844596 kB
MemFree:          284932 kB
MemAvailable:    1437276 kB
Buffers:           86440 kB
Cached:          1173308 kB
MemTotal:        1844596 kB
MemFree:          284968 kB
MemAvailable:    1437312 kB
Buffers:           86440 kB
Cached:          1173308 kB
MemTotal:        1844596 kB
MemFree:          283620 kB
MemAvailable:    1435968 kB
Buffers:           86440 kB
Cached:          1173312 kB
MemTotal:        1844596 kB
MemFree:          283744 kB
MemAvailable:    1436092 kB
Buffers:           86440 kB
Cached:          1173312 kB
MemTotal:        1844596 kB
MemFree:          283812 kB
MemAvailable:    1436160 kB
Buffers:           86440 kB
Cached:          1173312 kB
MemTotal:        1844596 kB
MemFree:          284796 kB
MemAvailable:    1437144 kB
Buffers:           86440 kB
Cached:          1173312 kB
MemTotal:        1844596 kB
MemFree:          283764 kB
MemAvailable:    1436112 kB
Buffers:           86440 kB
Cached:          1173312 kB
MemTotal:        1844596 kB
MemFree:          284748 kB
MemAvailable:    1437096 kB
Buffers:           86440 kB
Cached:          1173312 kB
MemTotal:        1844596 kB
MemFree:          283924 kB
MemAvailable:    1436272 kB
Buffers:           86440 kB
Cached:          1173312 kB
MemTotal:        1844596 kB
MemFree:          283752 kB
MemAvailable:    1436100 kB
Buffers:           86440 kB
Cached:          1173312 kB
MemTotal:        1844596 kB
MemFree:          285176 kB
MemAvailable:    1437524 kB
Buffers:           86440 kB
Cached:          1173312 kB
MemTotal:        1844596 kB
MemFree:          285176 kB
MemAvailable:    1437524 kB
Buffers:           86440 kB
Cached:          1173312 kB
MemTotal:        1844596 kB
MemFree:          283492 kB
MemAvailable:    1435840 kB
Buffers:           86440 kB
Cached:          1173312 kB
MemTotal:        1844596 kB
MemFree:          284864 kB
MemAvailable:    1437212 kB
Buffers:           86440 kB
Cached:          1173312 kB
MemTotal:        1844596 kB
MemFree:          283680 kB
MemAvailable:    1436028 kB
Buffers:           86440 kB
Cached:          1173312 kB
MemTotal:        1844596 kB
MemFree:          283812 kB
MemAvailable:    1436160 kB
Buffers:           86440 kB
Cached:          1173312 kB
MemTotal:        1844596 kB
MemFree:          283688 kB
MemAvailable:    1436036 kB
Buffers:           86440 kB
Cached:          1173312 kB
MemTotal:        1844596 kB
MemFree:          283688 kB
MemAvailable:    1436036 kB
Buffers:           86440 kB
Cached:          1173312 kB
MemTotal:        1844596 kB
MemFree:          283772 kB
MemAvailable:    1436120 kB
Buffers:           86440 kB
Cached:          1173312 kB
MemTotal:        1844596 kB
MemFree:          283640 kB
MemAvailable:    1435988 kB
Buffers:           86440 kB
Cached:          1173312 kB
MemTotal:        1844596 kB
MemFree:          283936 kB
MemAvailable:    1436284 kB
Buffers:           86440 kB
Cached:          1173312 kB
MemTotal:        1844596 kB
MemFree:          283688 kB
MemAvailable:    1436036 kB
Buffers:           86440 kB
Cached:          1173312 kB
MemTotal:        1844596 kB
MemFree:          284948 kB
MemAvailable:    1437296 kB
Buffers:           86440 kB
Cached:          1173312 kB
MemTotal:        1844596 kB
MemFree:          284988 kB
MemAvailable:    1437336 kB
Buffers:           86440 kB
Cached:          1173312 kB
MemTotal:        1844596 kB
MemFree:          284788 kB
MemAvailable:    1437136 kB
Buffers:           86440 kB
Cached:          1173312 kB
MemTotal:        1844596 kB
MemFree:          285004 kB
MemAvailable:    1437352 kB
Buffers:           86440 kB
Cached:          1173312 kB
MemTotal:        1844596 kB
MemFree:          283676 kB
MemAvailable:    1436024 kB
Buffers:           86440 kB
Cached:          1173312 kB
MemTotal:        1844596 kB
MemFree:          284860 kB
MemAvailable:    1437208 kB
Buffers:           86440 kB
Cached:          1173312 kB
MemTotal:        1844596 kB
MemFree:          285112 kB
MemAvailable:    1437460 kB
Buffers:           86440 kB
Cached:          1173312 kB
MemTotal:        1844596 kB
MemFree:          283508 kB
MemAvailable:    1435856 kB
Buffers:           86440 kB
Cached:          1173312 kB
MemTotal:        1844596 kB
MemFree:          283668 kB
MemAvailable:    1436016 kB
Buffers:           86440 kB
Cached:          1173312 kB
MemTotal:        1844596 kB
MemFree:          284504 kB
MemAvailable:    1436852 kB
Buffers:           86440 kB
Cached:          1173312 kB
MemTotal:        1844596 kB
MemFree:          283672 kB
MemAvailable:    1436020 kB
Buffers:           86440 kB
Cached:          1173312 kB
MemTotal:        1844596 kB
MemFree:          284892 kB
MemAvailable:    1437240 kB
Buffers:           86440 kB
Cached:          1173312 kB
MemTotal:        1844596 kB
MemFree:          285128 kB
MemAvailable:    1437476 kB
Buffers:           86440 kB
Cached:          1173312 kB
MemTotal:        1844596 kB
MemFree:          284872 kB
MemAvailable:    1437220 kB
Buffers:           86440 kB
Cached:          1173312 kB
MemTotal:        1844596 kB
MemFree:          284728 kB
MemAvailable:    1437076 kB
Buffers:           86440 kB
Cached:          1173312 kB
MemTotal:        1844596 kB
MemFree:          284980 kB
MemAvailable:    1437328 kB
Buffers:           86440 kB
Cached:          1173312 kB
MemTotal:        1844596 kB
MemFree:          284916 kB
MemAvailable:    1437264 kB
Buffers:           86440 kB
Cached:          1173312 kB
MemTotal:        1844596 kB
MemFree:          283688 kB
MemAvailable:    1436036 kB
Buffers:           86440 kB
Cached:          1173312 kB
MemTotal:        1844596 kB
MemFree:          283888 kB
MemAvailable:    1436236 kB
Buffers:           86440 kB
Cached:          1173312 kB
MemTotal:        1844596 kB
MemFree:          283888 kB
MemAvailable:    1436236 kB
Buffers:           86440 kB
Cached:          1173312 kB
MemTotal:        1844596 kB
MemFree:          283640 kB
MemAvailable:    1435988 kB
Buffers:           86440 kB
Cached:          1173312 kB
MemTotal:        1844596 kB
MemFree:          284788 kB
MemAvailable:    1437136 kB
Buffers:           86440 kB
Cached:          1173312 kB
MemTotal:        1844596 kB
MemFree:          284928 kB
MemAvailable:    1437276 kB
Buffers:           86440 kB
Cached:          1173312 kB
MemTotal:        1844596 kB
MemFree:          284968 kB
MemAvailable:    1437316 kB
Buffers:           86440 kB
Cached:          1173312 kB
MemTotal:        1844596 kB
MemFree:          283620 kB
MemAvailable:    1435968 kB
Buffers:           86440 kB
Cached:          1173312 kB
MemTotal:        1844596 kB
MemFree:          284916 kB
MemAvailable:    1437264 kB
Buffers:           86440 kB
Cached:          1173312 kB
MemTotal:        1844596 kB
MemFree:          284840 kB
MemAvailable:    1437188 kB
Buffers:           86440 kB
Cached:          1173312 kB
MemTotal:        1844596 kB
MemFree:          284812 kB
MemAvailable:    1437160 kB
Buffers:           86440 kB
Cached:          1173312 kB
MemTotal:        1844596 kB
MemFree:          284808 kB
MemAvailable:    1437156 kB
Buffers:           86440 kB
Cached:          1173312 kB
MemTotal:        1844596 kB
MemFree:          284940 kB
MemAvailable:    1437288 kB
Buffers:           86440 kB
Cached:          1173312 kB
MemTotal:        1844596 kB
MemFree:          284940 kB
MemAvailable:    1437288 kB
Buffers:           86440 kB
Cached:          1173312 kB
MemTotal:        1844596 kB
MemFree:          283936 kB
MemAvailable:    1436284 kB
Buffers:           86440 kB
Cached:          1173312 kB
MemTotal:        1844596 kB
MemFree:          283428 kB
MemAvailable:    1435776 kB
Buffers:           86440 kB
Cached:          1173312 kB
MemTotal:        1844596 kB
MemFree:          283428 kB
MemAvailable:    1435776 kB
Buffers:           86440 kB
Cached:          1173312 kB
MemTotal:        1844596 kB
MemFree:          284720 kB
MemAvailable:    1437068 kB
Buffers:           86440 kB
Cached:          1173312 kB
MemTotal:        1844596 kB
MemFree:          283504 kB
MemAvailable:    1435852 kB
Buffers:           86440 kB
Cached:          1173312 kB
MemTotal:        1844596 kB
MemFree:          283380 kB
MemAvailable:    1435728 kB
Buffers:           86440 kB
Cached:          1173312 kB
MemTotal:        1844596 kB
MemFree:          284676 kB
MemAvailable:    1437024 kB
Buffers:           86440 kB
Cached:          1173312 kB
MemTotal:        1844596 kB
MemFree:          284416 kB
MemAvailable:    1436764 kB
Buffers:           86440 kB
Cached:          1173312 kB
MemTotal:        1844596 kB
MemFree:          284556 kB
MemAvailable:    1436904 kB
Buffers:           86440 kB
Cached:          1173312 kB
MemTotal:        1844596 kB
MemFree:          283624 kB
MemAvailable:    1435972 kB
Buffers:           86440 kB
Cached:          1173312 kB
MemTotal:        1844596 kB
MemFree:          283424 kB
MemAvailable:    1435772 kB
Buffers:           86440 kB
Cached:          1173312 kB
MemTotal:        1844596 kB
MemFree:          283516 kB
MemAvailable:    1435864 kB
Buffers:           86440 kB
Cached:          1173312 kB
MemTotal:        1844596 kB
MemFree:          283388 kB
MemAvailable:    1435736 kB
Buffers:           86440 kB
Cached:          1173312 kB
MemTotal:        1844596 kB
MemFree:          284060 kB
MemAvailable:    1436408 kB
Buffers:           86440 kB
Cached:          1173312 kB
MemTotal:        1844596 kB
MemFree:          283428 kB
MemAvailable:    1435776 kB
Buffers:           86440 kB
Cached:          1173312 kB
MemTotal:        1844596 kB
MemFree:          284668 kB
MemAvailable:    1437016 kB
Buffers:           86440 kB
Cached:          1173312 kB
MemTotal:        1844596 kB
MemFree:          283296 kB
MemAvailable:    1435644 kB
Buffers:           86440 kB
Cached:          1173312 kB
MemTotal:        1844596 kB
MemFree:          284488 kB
MemAvailable:    1436836 kB
Buffers:           86440 kB
Cached:          1173312 kB
MemTotal:        1844596 kB
MemFree:          284740 kB
MemAvailable:    1437088 kB
Buffers:           86440 kB
Cached:          1173312 kB
MemTotal:        1844596 kB
MemFree:          283688 kB
MemAvailable:    1436044 kB
Buffers:           86440 kB
Cached:          1173320 kB
MemTotal:        1844596 kB
MemFree:          284416 kB
MemAvailable:    1436772 kB
Buffers:           86440 kB
Cached:          1173320 kB
MemTotal:        1844596 kB
MemFree:          284432 kB
MemAvailable:    1436788 kB
Buffers:           86440 kB
Cached:          1173320 kB
MemTotal:        1844596 kB
MemFree:          284628 kB
MemAvailable:    1436984 kB
Buffers:           86440 kB
Cached:          1173320 kB
MemTotal:        1844596 kB
MemFree:          284892 kB
MemAvailable:    1437248 kB
Buffers:           86440 kB
Cached:          1173320 kB
MemTotal:        1844596 kB
MemFree:          284788 kB
MemAvailable:    1437144 kB
Buffers:           86440 kB
Cached:          1173320 kB
MemTotal:        1844596 kB
MemFree:          284416 kB
MemAvailable:    1436772 kB
Buffers:           86440 kB
Cached:          1173320 kB
MemTotal:        1844596 kB
MemFree:          284556 kB
MemAvailable:    1436912 kB
Buffers:           86440 kB
Cached:          1173320 kB
MemTotal:        1844596 kB
MemFree:          284500 kB
MemAvailable:    1436856 kB
Buffers:           86440 kB
Cached:          1173320 kB
MemTotal:        1844596 kB
MemFree:          284360 kB
MemAvailable:    1436716 kB
Buffers:           86440 kB
Cached:          1173320 kB
MemTotal:        1844596 kB
MemFree:          284048 kB
MemAvailable:    1436404 kB
Buffers:           86440 kB
Cached:          1173320 kB
MemTotal:        1844596 kB
MemFree:          284676 kB
MemAvailable:    1437032 kB
Buffers:           86440 kB
Cached:          1173320 kB
MemTotal:        1844596 kB
MemFree:          284608 kB
MemAvailable:    1436964 kB
Buffers:           86440 kB
Cached:          1173320 kB
MemTotal:        1844596 kB
MemFree:          283244 kB
MemAvailable:    1435600 kB
Buffers:           86440 kB
Cached:          1173320 kB
MemTotal:        1844596 kB
MemFree:          284540 kB
MemAvailable:    1436896 kB
Buffers:           86440 kB
Cached:          1173320 kB
MemTotal:        1844596 kB
MemFree:          284792 kB
MemAvailable:    1437148 kB
Buffers:           86440 kB
Cached:          1173320 kB
MemTotal:        1844596 kB
MemFree:          284720 kB
MemAvailable:    1437076 kB
Buffers:           86440 kB
Cached:          1173320 kB
MemTotal:        1844596 kB
MemFree:          284680 kB
MemAvailable:    1437036 kB
Buffers:           86440 kB
Cached:          1173320 kB
MemTotal:        1844596 kB
MemFree:          284476 kB
MemAvailable:    1436832 kB
Buffers:           86440 kB
Cached:          1173320 kB
MemTotal:        1844596 kB
MemFree:          284728 kB
MemAvailable:    1437084 kB
Buffers:           86440 kB
Cached:          1173320 kB
MemTotal:        1844596 kB
MemFree:          283384 kB
MemAvailable:    1435740 kB
Buffers:           86440 kB
Cached:          1173320 kB
MemTotal:        1844596 kB
MemFree:          284528 kB
MemAvailable:    1436884 kB
Buffers:           86440 kB
Cached:          1173320 kB
MemTotal:        1844596 kB
MemFree:          284780 kB
MemAvailable:    1437136 kB
Buffers:           86440 kB
Cached:          1173320 kB
MemTotal:        1844596 kB
MemFree:          284668 kB
MemAvailable:    1437024 kB
Buffers:           86440 kB
Cached:          1173320 kB
MemTotal:        1844596 kB
MemFree:          283564 kB
MemAvailable:    1435920 kB
Buffers:           86440 kB
Cached:          1173320 kB
MemTotal:        1844596 kB
MemFree:          284848 kB
MemAvailable:    1437204 kB
Buffers:           86440 kB
Cached:          1173320 kB
MemTotal:        1844596 kB
MemFree:          284192 kB
MemAvailable:    1436548 kB
Buffers:           86440 kB
Cached:          1173320 kB
MemTotal:        1844596 kB
MemFree:          284560 kB
MemAvailable:    1436916 kB
Buffers:           86440 kB
Cached:          1173320 kB
MemTotal:        1844596 kB
MemFree:          283516 kB
MemAvailable:    1435872 kB
Buffers:           86440 kB
Cached:          1173320 kB
MemTotal:        1844596 kB
MemFree:          283388 kB
MemAvailable:    1435744 kB
Buffers:           86440 kB
Cached:          1173320 kB
MemTotal:        1844596 kB
MemFree:          283504 kB
MemAvailable:    1435860 kB
Buffers:           86440 kB
Cached:          1173320 kB
MemTotal:        1844596 kB
MemFree:          283380 kB
MemAvailable:    1435736 kB
Buffers:           86440 kB
Cached:          1173320 kB
MemTotal:        1844596 kB
MemFree:          283380 kB
MemAvailable:    1435736 kB
Buffers:           86440 kB
Cached:          1173320 kB
MemTotal:        1844596 kB
MemFree:          284648 kB
MemAvailable:    1437004 kB
Buffers:           86440 kB
Cached:          1173320 kB
MemTotal:        1844596 kB
MemFree:          284680 kB
MemAvailable:    1437036 kB
Buffers:           86440 kB
Cached:          1173320 kB
MemTotal:        1844596 kB
MemFree:          283260 kB
MemAvailable:    1435616 kB
Buffers:           86440 kB
Cached:          1173320 kB
MemTotal:        1844596 kB
MemFree:          284720 kB
MemAvailable:    1437076 kB
Buffers:           86440 kB
Cached:          1173320 kB
MemTotal:        1844596 kB
MemFree:          284744 kB
MemAvailable:    1437100 kB
Buffers:           86440 kB
Cached:          1173320 kB
MemTotal:        1844596 kB
MemFree:          284736 kB
MemAvailable:    1437092 kB
Buffers:           86440 kB
Cached:          1173320 kB
MemTotal:        1844596 kB
MemFree:          283416 kB
MemAvailable:    1435772 kB
Buffers:           86440 kB
Cached:          1173320 kB
MemTotal:        1844596 kB
MemFree:          283376 kB
MemAvailable:    1435732 kB
Buffers:           86440 kB
Cached:          1173320 kB
MemTotal:        1844596 kB
MemFree:          283492 kB
MemAvailable:    1435848 kB
Buffers:           86440 kB
Cached:          1173320 kB
MemTotal:        1844596 kB
MemFree:          284536 kB
MemAvailable:    1436892 kB
Buffers:           86440 kB
Cached:          1173320 kB
MemTotal:        1844596 kB
MemFree:          283740 kB
MemAvailable:    1436096 kB
Buffers:           86440 kB
Cached:          1173320 kB
MemTotal:        1844596 kB
MemFree:          283616 kB
MemAvailable:    1435972 kB
Buffers:           86440 kB
Cached:          1173320 kB
MemTotal:        1844596 kB
MemFree:          283616 kB
MemAvailable:    1435972 kB
Buffers:           86440 kB
Cached:          1173320 kB
MemTotal:        1844596 kB
MemFree:          284704 kB
MemAvailable:    1437060 kB
Buffers:           86440 kB
Cached:          1173320 kB
MemTotal:        1844596 kB
MemFree:          283396 kB
MemAvailable:    1435752 kB
Buffers:           86440 kB
Cached:          1173320 kB
MemTotal:        1844596 kB
MemFree:          284740 kB
MemAvailable:    1437096 kB
Buffers:           86440 kB
Cached:          1173320 kB
MemTotal:        1844596 kB
MemFree:          284748 kB
MemAvailable:    1437104 kB
Buffers:           86440 kB
Cached:          1173320 kB
MemTotal:        1844596 kB
MemFree:          284748 kB
MemAvailable:    1437104 kB
Buffers:           86440 kB
Cached:          1173320 kB
MemTotal:        1844596 kB
MemFree:          284540 kB
MemAvailable:    1436896 kB
Buffers:           86440 kB
Cached:          1173320 kB
MemTotal:        1844596 kB
MemFree:          284756 kB
MemAvailable:    1437112 kB
Buffers:           86440 kB
Cached:          1173320 kB
MemTotal:        1844596 kB
MemFree:          283316 kB
MemAvailable:    1435672 kB
Buffers:           86440 kB
Cached:          1173320 kB
MemTotal:        1844596 kB
MemFree:          283516 kB
MemAvailable:    1435872 kB
Buffers:           86440 kB
Cached:          1173320 kB
MemTotal:        1844596 kB
MemFree:          283516 kB
MemAvailable:    1435872 kB
Buffers:           86440 kB
Cached:          1173320 kB
MemTotal:        1844596 kB
MemFree:          284740 kB
MemAvailable:    1437096 kB
Buffers:           86440 kB
Cached:          1173320 kB
MemTotal:        1844596 kB
MemFree:          283516 kB
MemAvailable:    1435872 kB
Buffers:           86440 kB
Cached:          1173320 kB
MemTotal:        1844596 kB
MemFree:          284840 kB
MemAvailable:    1437196 kB
Buffers:           86440 kB
Cached:          1173320 kB
MemTotal:        1844596 kB
MemFree:          284060 kB
MemAvailable:    1436416 kB
Buffers:           86440 kB
Cached:          1173320 kB
MemTotal:        1844596 kB
MemFree:          283688 kB
MemAvailable:    1436048 kB
Buffers:           86440 kB
Cached:          1173324 kB
MemTotal:        1844596 kB
MemFree:          283928 kB
MemAvailable:    1436288 kB
Buffers:           86440 kB
Cached:          1173324 kB
MemTotal:        1844596 kB
MemFree:          283928 kB
MemAvailable:    1436288 kB
Buffers:           86440 kB
Cached:          1173324 kB
MemTotal:        1844596 kB
MemFree:          283680 kB
MemAvailable:    1436040 kB
Buffers:           86440 kB
Cached:          1173324 kB
MemTotal:        1844596 kB
MemFree:          283556 kB
MemAvailable:    1435916 kB
Buffers:           86440 kB
Cached:          1173324 kB
MemTotal:        1844596 kB
MemFree:          283920 kB
MemAvailable:    1436280 kB
Buffers:           86440 kB
Cached:          1173324 kB
MemTotal:        1844596 kB
MemFree:          283672 kB
MemAvailable:    1436032 kB
Buffers:           86440 kB
Cached:          1173324 kB
MemTotal:        1844596 kB
MemFree:          284848 kB
MemAvailable:    1437208 kB
Buffers:           86440 kB
Cached:          1173324 kB
MemTotal:        1844596 kB
MemFree:          283500 kB
MemAvailable:    1435860 kB
Buffers:           86440 kB
Cached:          1173324 kB
MemTotal:        1844596 kB
MemFree:          283412 kB
MemAvailable:    1435772 kB
Buffers:           86440 kB
Cached:          1173324 kB
MemTotal:        1844596 kB
MemFree:          283992 kB
MemAvailable:    1436352 kB
Buffers:           86440 kB
Cached:          1173324 kB
MemTotal:        1844596 kB
MemFree:          283360 kB
MemAvailable:    1435720 kB
Buffers:           86440 kB
Cached:          1173324 kB
MemTotal:        1844596 kB
MemFree:          283308 kB
MemAvailable:    1435672 kB
Buffers:           86440 kB
Cached:          1173332 kB
MemTotal:        1844596 kB
MemFree:          284500 kB
MemAvailable:    1436864 kB
Buffers:           86440 kB
Cached:          1173332 kB
MemTotal:        1844596 kB
MemFree:          284836 kB
MemAvailable:    1437200 kB
Buffers:           86440 kB
Cached:          1173332 kB
MemTotal:        1844596 kB
MemFree:          283440 kB
MemAvailable:    1435804 kB
Buffers:           86440 kB
Cached:          1173332 kB
MemTotal:        1844596 kB
MemFree:          283384 kB
MemAvailable:    1435748 kB
Buffers:           86440 kB
Cached:          1173332 kB
MemTotal:        1844596 kB
MemFree:          283428 kB
MemAvailable:    1435792 kB
Buffers:           86440 kB
Cached:          1173332 kB
MemTotal:        1844596 kB
MemFree:          283516 kB
MemAvailable:    1435880 kB
Buffers:           86440 kB
Cached:          1173332 kB
MemTotal:        1844596 kB
MemFree:          283136 kB
MemAvailable:    1435500 kB
Buffers:           86440 kB
Cached:          1173332 kB
MemTotal:        1844596 kB
MemFree:          283252 kB
MemAvailable:    1435616 kB
Buffers:           86440 kB
Cached:          1173332 kB
MemTotal:        1844596 kB
MemFree:          284464 kB
MemAvailable:    1436828 kB
Buffers:           86440 kB
Cached:          1173332 kB
MemTotal:        1844596 kB
MemFree:          283416 kB
MemAvailable:    1435780 kB
Buffers:           86440 kB
Cached:          1173332 kB
MemTotal:        1844596 kB
MemFree:          284292 kB
MemAvailable:    1436656 kB
Buffers:           86440 kB
Cached:          1173332 kB
MemTotal:        1844596 kB
MemFree:          284292 kB
MemAvailable:    1436656 kB
Buffers:           86440 kB
Cached:          1173332 kB
MemTotal:        1844596 kB
MemFree:          284604 kB
MemAvailable:    1436968 kB
Buffers:           86440 kB
Cached:          1173332 kB
MemTotal:        1844596 kB
MemFree:          283256 kB
MemAvailable:    1435620 kB
Buffers:           86440 kB
Cached:          1173332 kB
MemTotal:        1844596 kB
MemFree:          283124 kB
MemAvailable:    1435488 kB
Buffers:           86440 kB
Cached:          1173332 kB
MemTotal:        1844596 kB
MemFree:          283192 kB
MemAvailable:    1435556 kB
Buffers:           86440 kB
Cached:          1173332 kB
MemTotal:        1844596 kB
MemFree:          283392 kB
MemAvailable:    1435756 kB
Buffers:           86440 kB
Cached:          1173332 kB
MemTotal:        1844596 kB
MemFree:          283268 kB
MemAvailable:    1435632 kB
Buffers:           86440 kB
Cached:          1173332 kB
MemTotal:        1844596 kB
MemFree:          283144 kB
MemAvailable:    1435508 kB
Buffers:           86440 kB
Cached:          1173332 kB
MemTotal:        1844596 kB
MemFree:          284416 kB
MemAvailable:    1436780 kB
Buffers:           86440 kB
Cached:          1173332 kB
MemTotal:        1844596 kB
MemFree:          284668 kB
MemAvailable:    1437032 kB
Buffers:           86440 kB
Cached:          1173332 kB
MemTotal:        1844596 kB
MemFree:          283128 kB
MemAvailable:    1435492 kB
Buffers:           86440 kB
Cached:          1173332 kB
MemTotal:        1844596 kB
MemFree:          283304 kB
MemAvailable:    1435668 kB
Buffers:           86440 kB
Cached:          1173332 kB
MemTotal:        1844596 kB
MemFree:          284432 kB
MemAvailable:    1436796 kB
Buffers:           86440 kB
Cached:          1173332 kB
MemTotal:        1844596 kB
MemFree:          283812 kB
MemAvailable:    1436176 kB
Buffers:           86440 kB
Cached:          1173332 kB
MemTotal:        1844596 kB
MemFree:          284732 kB
MemAvailable:    1437096 kB
Buffers:           86440 kB
Cached:          1173332 kB
MemTotal:        1844596 kB
MemFree:          283432 kB
MemAvailable:    1435796 kB
Buffers:           86440 kB
Cached:          1173332 kB
MemTotal:        1844596 kB
MemFree:          284532 kB
MemAvailable:    1436896 kB
Buffers:           86440 kB
Cached:          1173332 kB
MemTotal:        1844596 kB
MemFree:          284432 kB
MemAvailable:    1436796 kB
Buffers:           86440 kB
Cached:          1173332 kB
MemTotal:        1844596 kB
MemFree:          284344 kB
MemAvailable:    1436708 kB
Buffers:           86440 kB
Cached:          1173332 kB
MemTotal:        1844596 kB
MemFree:          283920 kB
MemAvailable:    1436284 kB
Buffers:           86440 kB
Cached:          1173332 kB
MemTotal:        1844596 kB
MemFree:          283304 kB
MemAvailable:    1435668 kB
Buffers:           86440 kB
Cached:          1173332 kB
MemTotal:        1844596 kB
MemFree:          284464 kB
MemAvailable:    1436828 kB
Buffers:           86440 kB
Cached:          1173332 kB
MemTotal:        1844596 kB
MemFree:          283164 kB
MemAvailable:    1435528 kB
Buffers:           86440 kB
Cached:          1173332 kB
MemTotal:        1844596 kB
MemFree:          284292 kB
MemAvailable:    1436656 kB
Buffers:           86440 kB
Cached:          1173332 kB
MemTotal:        1844596 kB
MemFree:          284544 kB
MemAvailable:    1436908 kB
Buffers:           86440 kB
Cached:          1173332 kB
MemTotal:        1844596 kB
MemFree:          284472 kB
MemAvailable:    1436836 kB
Buffers:           86440 kB
Cached:          1173332 kB
MemTotal:        1844596 kB
MemFree:          284492 kB
MemAvailable:    1436856 kB
Buffers:           86440 kB
Cached:          1173332 kB
MemTotal:        1844596 kB
MemFree:          283268 kB
MemAvailable:    1435632 kB
Buffers:           86440 kB
Cached:          1173332 kB
MemTotal:        1844596 kB
MemFree:          283440 kB
MemAvailable:    1435804 kB
Buffers:           86440 kB
Cached:          1173332 kB
MemTotal:        1844596 kB
MemFree:          283192 kB
MemAvailable:    1435556 kB
Buffers:           86440 kB
Cached:          1173332 kB
MemTotal:        1844596 kB
MemFree:          284548 kB
MemAvailable:    1436912 kB
Buffers:           86440 kB
Cached:          1173332 kB
MemTotal:        1844596 kB
MemFree:          283052 kB
MemAvailable:    1435416 kB
Buffers:           86440 kB
Cached:          1173332 kB
MemTotal:        1844596 kB
MemFree:          284492 kB
MemAvailable:    1436856 kB
Buffers:           86440 kB
Cached:          1173332 kB
MemTotal:        1844596 kB
MemFree:          283180 kB
MemAvailable:    1435544 kB
Buffers:           86440 kB
Cached:          1173332 kB
MemTotal:        1844596 kB
MemFree:          284432 kB
MemAvailable:    1436796 kB
Buffers:           86440 kB
Cached:          1173332 kB
MemTotal:        1844596 kB
MemFree:          284300 kB
MemAvailable:    1436664 kB
Buffers:           86440 kB
Cached:          1173332 kB
MemTotal:        1844596 kB
MemFree:          284640 kB
MemAvailable:    1437004 kB
Buffers:           86440 kB
Cached:          1173332 kB
MemTotal:        1844596 kB
MemFree:          283144 kB
MemAvailable:    1435508 kB
Buffers:           86440 kB
Cached:          1173332 kB
MemTotal:        1844596 kB
MemFree:          283144 kB
MemAvailable:    1435508 kB
Buffers:           86440 kB
Cached:          1173332 kB
MemTotal:        1844596 kB
MemFree:          284444 kB
MemAvailable:    1436808 kB
Buffers:           86440 kB
Cached:          1173332 kB
MemTotal:        1844596 kB
MemFree:          284372 kB
MemAvailable:    1436736 kB
Buffers:           86440 kB
Cached:          1173332 kB
MemTotal:        1844596 kB
MemFree:          284316 kB
MemAvailable:    1436680 kB
Buffers:           86440 kB
Cached:          1173332 kB
MemTotal:        1844596 kB
MemFree:          284616 kB
MemAvailable:    1436980 kB
Buffers:           86440 kB
Cached:          1173332 kB
MemTotal:        1844596 kB
MemFree:          284444 kB
MemAvailable:    1436808 kB
Buffers:           86440 kB
Cached:          1173332 kB
MemTotal:        1844596 kB
MemFree:          284480 kB
MemAvailable:    1436844 kB
Buffers:           86440 kB
Cached:          1173332 kB
MemTotal:        1844596 kB
MemFree:          284336 kB
MemAvailable:    1436700 kB
Buffers:           86440 kB
Cached:          1173332 kB
MemTotal:        1844596 kB
MemFree:          284508 kB
MemAvailable:    1436872 kB
Buffers:           86440 kB
Cached:          1173332 kB
MemTotal:        1844596 kB
MemFree:          283180 kB
MemAvailable:    1435544 kB
Buffers:           86440 kB
Cached:          1173332 kB
MemTotal:        1844596 kB
MemFree:          284364 kB
MemAvailable:    1436728 kB
Buffers:           86440 kB
Cached:          1173332 kB
MemTotal:        1844596 kB
MemFree:          284532 kB
MemAvailable:    1436896 kB
Buffers:           86440 kB
Cached:          1173332 kB
MemTotal:        1844596 kB
MemFree:          284472 kB
MemAvailable:    1436836 kB
Buffers:           86440 kB
Cached:          1173332 kB
MemTotal:        1844596 kB
MemFree:          283184 kB
MemAvailable:    1435548 kB
Buffers:           86440 kB
Cached:          1173332 kB
MemTotal:        1844596 kB
MemFree:          283144 kB
MemAvailable:    1435508 kB
Buffers:           86440 kB
Cached:          1173332 kB
MemTotal:        1844596 kB
MemFree:          283144 kB
MemAvailable:    1435508 kB
Buffers:           86440 kB
Cached:          1173332 kB
MemTotal:        1844596 kB
MemFree:          283144 kB
MemAvailable:    1435508 kB
Buffers:           86440 kB
Cached:          1173332 kB
MemTotal:        1844596 kB
MemFree:          283640 kB
MemAvailable:    1436004 kB
Buffers:           86440 kB
Cached:          1173332 kB
MemTotal:        1844596 kB
MemFree:          283268 kB
MemAvailable:    1435632 kB
Buffers:           86440 kB
Cached:          1173332 kB
MemTotal:        1844596 kB
MemFree:          284376 kB
MemAvailable:    1436740 kB
Buffers:           86440 kB
Cached:          1173332 kB
MemTotal:        1844596 kB
MemFree:          284376 kB
MemAvailable:    1436740 kB
Buffers:           86440 kB
Cached:          1173332 kB
MemTotal:        1844596 kB
MemFree:          284512 kB
MemAvailable:    1436884 kB
Buffers:           86440 kB
Cached:          1173340 kB
MemTotal:        1844596 kB
MemFree:          284368 kB
MemAvailable:    1436740 kB
Buffers:           86440 kB
Cached:          1173340 kB
MemTotal:        1844596 kB
MemFree:          284432 kB
MemAvailable:    1436804 kB
Buffers:           86440 kB
Cached:          1173340 kB
MemTotal:        1844596 kB
MemFree:          284472 kB
MemAvailable:    1436844 kB
Buffers:           86440 kB
Cached:          1173340 kB
MemTotal:        1844596 kB
MemFree:          284300 kB
MemAvailable:    1436672 kB
Buffers:           86440 kB
Cached:          1173340 kB
MemTotal:        1844596 kB
MemFree:          284640 kB
MemAvailable:    1437012 kB
Buffers:           86440 kB
Cached:          1173340 kB
MemTotal:        1844596 kB
MemFree:          284556 kB
MemAvailable:    1436928 kB
Buffers:           86440 kB
Cached:          1173340 kB
MemTotal:        1844596 kB
MemFree:          283268 kB
MemAvailable:    1435640 kB
Buffers:           86440 kB
Cached:          1173340 kB
MemTotal:        1844596 kB
MemFree:          284504 kB
MemAvailable:    1436876 kB
Buffers:           86440 kB
Cached:          1173340 kB
MemTotal:        1844596 kB
MemFree:          283812 kB
MemAvailable:    1436184 kB
Buffers:           86440 kB
Cached:          1173340 kB
MemTotal:        1844596 kB
MemFree:          284376 kB
MemAvailable:    1436748 kB
Buffers:           86440 kB
Cached:          1173340 kB
MemTotal:        1844596 kB
MemFree:          284432 kB
MemAvailable:    1436804 kB
Buffers:           86440 kB
Cached:          1173340 kB
MemTotal:        1844596 kB
MemFree:          284376 kB
MemAvailable:    1436748 kB
Buffers:           86440 kB
Cached:          1173340 kB
MemTotal:        1844596 kB
MemFree:          283936 kB
MemAvailable:    1436308 kB
Buffers:           86440 kB
Cached:          1173340 kB
MemTotal:        1844596 kB
MemFree:          283564 kB
MemAvailable:    1435936 kB
Buffers:           86440 kB
Cached:          1173340 kB
MemTotal:        1844596 kB
MemFree:          284540 kB
MemAvailable:    1436912 kB
Buffers:           86440 kB
Cached:          1173340 kB
MemTotal:        1844596 kB
MemFree:          284308 kB
MemAvailable:    1436680 kB
Buffers:           86440 kB
Cached:          1173340 kB
MemTotal:        1844596 kB
MemFree:          283180 kB
MemAvailable:    1435552 kB
Buffers:           86440 kB
Cached:          1173340 kB
MemTotal:        1844596 kB
MemFree:          283304 kB
MemAvailable:    1435676 kB
Buffers:           86440 kB
Cached:          1173340 kB
MemTotal:        1844596 kB
MemFree:          283172 kB
MemAvailable:    1435544 kB
Buffers:           86440 kB
Cached:          1173340 kB
MemTotal:        1844596 kB
MemFree:          284372 kB
MemAvailable:    1436744 kB
Buffers:           86440 kB
Cached:          1173340 kB
MemTotal:        1844596 kB
MemFree:          283252 kB
MemAvailable:    1435624 kB
Buffers:           86440 kB
Cached:          1173340 kB
MemTotal:        1844596 kB
MemFree:          283368 kB
MemAvailable:    1435740 kB
Buffers:           86440 kB
Cached:          1173340 kB
MemTotal:        1844596 kB
MemFree:          283492 kB
MemAvailable:    1435864 kB
Buffers:           86440 kB
Cached:          1173340 kB
MemTotal:        1844596 kB
MemFree:          283120 kB
MemAvailable:    1435492 kB
Buffers:           86440 kB
Cached:          1173340 kB
MemTotal:        1844596 kB
MemFree:          284684 kB
MemAvailable:    1437056 kB
Buffers:           86440 kB
Cached:          1173340 kB
MemTotal:        1844596 kB
MemFree:          284600 kB
MemAvailable:    1436972 kB
Buffers:           86440 kB
Cached:          1173340 kB
MemTotal:        1844596 kB
MemFree:          284044 kB
MemAvailable:    1436416 kB
Buffers:           86440 kB
Cached:          1173340 kB
MemTotal:        1844596 kB
MemFree:          283428 kB
MemAvailable:    1435800 kB
Buffers:           86440 kB
Cached:          1173340 kB
MemTotal:        1844596 kB
MemFree:          283172 kB
MemAvailable:    1435544 kB
Buffers:           86440 kB
Cached:          1173340 kB
MemTotal:        1844596 kB
MemFree:          284464 kB
MemAvailable:    1436836 kB
Buffers:           86440 kB
Cached:          1173340 kB
MemTotal:        1844596 kB
MemFree:          283164 kB
MemAvailable:    1435536 kB
Buffers:           86440 kB
Cached:          1173340 kB
MemTotal:        1844596 kB
MemFree:          284292 kB
MemAvailable:    1436664 kB
Buffers:           86440 kB
Cached:          1173340 kB
MemTotal:        1844596 kB
MemFree:          284544 kB
MemAvailable:    1436916 kB
Buffers:           86440 kB
Cached:          1173340 kB
MemTotal:        1844596 kB
MemFree:          283136 kB
MemAvailable:    1435508 kB
Buffers:           86440 kB
Cached:          1173340 kB
MemTotal:        1844596 kB
MemFree:          284412 kB
MemAvailable:    1436784 kB
Buffers:           86440 kB
Cached:          1173340 kB
MemTotal:        1844596 kB
MemFree:          284068 kB
MemAvailable:    1436440 kB
Buffers:           86440 kB
Cached:          1173340 kB
MemTotal:        1844596 kB
MemFree:          283144 kB
MemAvailable:    1435516 kB
Buffers:           86440 kB
Cached:          1173340 kB
MemTotal:        1844596 kB
MemFree:          284416 kB
MemAvailable:    1436788 kB
Buffers:           86440 kB
Cached:          1173340 kB
MemTotal:        1844596 kB
MemFree:          284184 kB
MemAvailable:    1436556 kB
Buffers:           86440 kB
Cached:          1173340 kB
MemTotal:        1844596 kB
MemFree:          284436 kB
MemAvailable:    1436808 kB
Buffers:           86440 kB
Cached:          1173340 kB
MemTotal:        1844596 kB
MemFree:          284404 kB
MemAvailable:    1436776 kB
Buffers:           86440 kB
Cached:          1173340 kB
MemTotal:        1844596 kB
MemFree:          284184 kB
MemAvailable:    1436556 kB
Buffers:           86440 kB
Cached:          1173340 kB
MemTotal:        1844596 kB
MemFree:          283180 kB
MemAvailable:    1435552 kB
Buffers:           86440 kB
Cached:          1173340 kB
MemTotal:        1844596 kB
MemFree:          284472 kB
MemAvailable:    1436844 kB
Buffers:           86440 kB
Cached:          1173340 kB
MemTotal:        1844596 kB
MemFree:          283256 kB
MemAvailable:    1435628 kB
Buffers:           86440 kB
Cached:          1173340 kB
MemTotal:        1844596 kB
MemFree:          283252 kB
MemAvailable:    1435624 kB
Buffers:           86440 kB
Cached:          1173340 kB
MemTotal:        1844596 kB
MemFree:          283500 kB
MemAvailable:    1435872 kB
Buffers:           86440 kB
Cached:          1173340 kB
MemTotal:        1844596 kB
MemFree:          283252 kB
MemAvailable:    1435624 kB
Buffers:           86440 kB
Cached:          1173340 kB
MemTotal:        1844596 kB
MemFree:          283376 kB
MemAvailable:    1435748 kB
Buffers:           86440 kB
Cached:          1173340 kB
MemTotal:        1844596 kB
