MemTotal:        1844596 kB
MemFree:          380528 kB
MemAvailable:    1556468 kB
Buffers:           84916 kB
Cached:          1199444 kB
MemTotal:        1844596 kB
MemFree:          378288 kB
MemAvailable:    1554228 kB
Buffers:           84916 kB
Cached:          1199444 kB
MemTotal:        1844596 kB
MemFree:          377800 kB
MemAvailable:    1553740 kB
Buffers:           84916 kB
Cached:          1199444 kB
MemTotal:        1844596 kB
MemFree:          377164 kB
MemAvailable:    1553104 kB
Buffers:           84916 kB
Cached:          1199444 kB
MemTotal:        1844596 kB
MemFree:          378916 kB
MemAvailable:    1554856 kB
Buffers:           84916 kB
Cached:          1199444 kB
MemTotal:        1844596 kB
MemFree:          375320 kB
MemAvailable:    1551260 kB
Buffers:           84916 kB
Cached:          1199444 kB
MemTotal:        1844596 kB
MemFree:          375008 kB
MemAvailable:    1550948 kB
Buffers:           84916 kB
Cached:          1199444 kB
MemTotal:        1844596 kB
MemFree:          373584 kB
MemAvailable:    1549524 kB
Buffers:           84916 kB
Cached:          1199444 kB
MemTotal:        1844596 kB
MemFree:          371412 kB
MemAvailable:    1547352 kB
Buffers:           84916 kB
Cached:          1199444 kB
MemTotal:        1844596 kB
MemFree:          368624 kB
MemAvailable:    1544564 kB
Buffers:           84916 kB
Cached:          1199444 kB
MemTotal:        1844596 kB
MemFree:          365648 kB
MemAvailable:    1541588 kB
Buffers:           84916 kB
Cached:          1199444 kB
MemTotal:        1844596 kB
MemFree:          366344 kB
MemAvailable:    1542284 kB
Buffers:           84916 kB
Cached:          1199444 kB
MemTotal:        1844596 kB
MemFree:          367444 kB
MemAvailable:    1543384 kB
Buffers:           84916 kB
Cached:          1199444 kB
MemTotal:        1844596 kB
MemFree:          367012 kB
MemAvailable:    1542952 kB
Buffers:           84916 kB
Cached:          1199444 kB
MemTotal:        1844596 kB
MemFree:          367232 kB
MemAvailable:    1543172 kB
Buffers:           84916 kB
Cached:          1199444 kB
MemTotal:        1844596 kB
MemFree:          367484 kB
MemAvailable:    1543424 kB
Buffers:           84916 kB
Cached:          1199444 kB
MemTotal:        1844596 kB
MemFree:          366124 kB
MemAvailable:    1542064 kB
Buffers:           84916 kB
Cached:          1199444 kB
MemTotal:        1844596 kB
MemFree:          366372 kB
MemAvailable:    1542312 kB
Buffers:           84916 kB
Cached:          1199444 kB
MemTotal:        1844596 kB
MemFree:          367320 kB
MemAvailable:    1543260 kB
Buffers:           84916 kB
Cached:          1199444 kB
MemTotal:        1844596 kB
MemFree:          366020 kB
MemAvailable:    1541960 kB
Buffers:           84916 kB
Cached:          1199444 kB
MemTotal:        1844596 kB
MemFree:          366804 kB
MemAvailable:    1542744 kB
Buffers:           84916 kB
Cached:          1199444 kB
MemTotal:        1844596 kB
MemFree:          366680 kB
MemAvailable:    1542620 kB
Buffers:           84916 kB
Cached:          1199444 kB
MemTotal:        1844596 kB
MemFree:          365524 kB
MemAvailable:    1541464 kB
Buffers:           84916 kB
Cached:          1199444 kB
MemTotal:        1844596 kB
MemFree:          365276 kB
MemAvailable:    1541216 kB
Buffers:           84916 kB
Cached:          1199444 kB
MemTotal:        1844596 kB
MemFree:          365080 kB
MemAvailable:    1541020 kB
Buffers:           84916 kB
Cached:          1199444 kB
MemTotal:        1844596 kB
MemFree:          364020 kB
MemAvailable:    1539960 kB
Buffers:           84916 kB
Cached:          1199444 kB
MemTotal:        1844596 kB
MemFree:          364948 kB
MemAvailable:    1540888 kB
Buffers:           84916 kB
Cached:          1199444 kB
MemTotal:        1844596 kB
MemFree:          364408 kB
MemAvailable:    1540348 kB
Buffers:           84916 kB
Cached:          1199444 kB
MemTotal:        1844596 kB
MemFree:          364904 kB
MemAvailable:    1540844 kB
Buffers:           84916 kB
Cached:          1199444 kB
MemTotal:        1844596 kB
MemFree:          365012 kB
MemAvailable:    1540952 kB
Buffers:           84916 kB
Cached:          1199444 kB
MemTotal:        1844596 kB
MemFree:          364284 kB
MemAvailable:    1540224 kB
Buffers:           84916 kB
Cached:          1199444 kB
MemTotal:        1844596 kB
MemFree:          364284 kB
MemAvailable:    1540232 kB
Buffers:           84916 kB
Cached:          1199448 kB
MemTotal:        1844596 kB
MemFree:          365212 kB
MemAvailable:    1541160 kB
Buffers:           84916 kB
Cached:          1199448 kB
MemTotal:        1844596 kB
MemFree:          365336 kB
MemAvailable:    1541284 kB
Buffers:           84916 kB
Cached:          1199448 kB
MemTotal:        1844596 kB
MemFree:          364036 kB
MemAvailable:    1539984 kB
Buffers:           84916 kB
Cached:          1199448 kB
MemTotal:        1844596 kB
MemFree:          364652 kB
MemAvailable:    1540600 kB
Buffers:           84916 kB
Cached:          1199448 kB
MemTotal:        1844596 kB
MemFree:          364468 kB
MemAvailable:    1540416 kB
Buffers:           84916 kB
Cached:          1199448 kB
MemTotal:        1844596 kB
MemFree:          361244 kB
MemAvailable:    1537192 kB
Buffers:           84916 kB
Cached:          1199448 kB
MemTotal:        1844596 kB
MemFree:          359076 kB
MemAvailable:    1535024 kB
Buffers:           84916 kB
Cached:          1199448 kB
MemTotal:        1844596 kB
MemFree:          359992 kB
MemAvailable:    1535940 kB
Buffers:           84916 kB
Cached:          1199448 kB
MemTotal:        1844596 kB
MemFree:          360004 kB
MemAvailable:    1535952 kB
Buffers:           84916 kB
Cached:          1199448 kB
MemTotal:        1844596 kB
MemFree:          360004 kB
MemAvailable:    1535952 kB
Buffers:           84916 kB
Cached:          1199448 kB
MemTotal:        1844596 kB
MemFree:          359200 kB
MemAvailable:    1535148 kB
Buffers:           84916 kB
Cached:          1199448 kB
MemTotal:        1844596 kB
MemFree:          359984 kB
MemAvailable:    1535932 kB
Buffers:           84916 kB
Cached:          1199448 kB
MemTotal:        1844596 kB
MemFree:          359744 kB
MemAvailable:    1535692 kB
Buffers:           84916 kB
Cached:          1199448 kB
MemTotal:        1844596 kB
MemFree:          359912 kB
MemAvailable:    1535860 kB
Buffers:           84916 kB
Cached:          1199448 kB
MemTotal:        1844596 kB
MemFree:          359624 kB
MemAvailable:    1535572 kB
Buffers:           84916 kB
Cached:          1199448 kB
MemTotal:        1844596 kB
MemFree:          359960 kB
MemAvailable:    1535908 kB
Buffers:           84916 kB
Cached:          1199448 kB
MemTotal:        1844596 kB
MemFree:          359508 kB
MemAvailable:    1535460 kB
Buffers:           84916 kB
Cached:          1199452 kB
MemTotal:        1844596 kB
MemFree:          359440 kB
MemAvailable:    1535392 kB
Buffers:           84916 kB
Cached:          1199452 kB
MemTotal:        1844596 kB
MemFree:          359152 kB
MemAvailable:    1535104 kB
Buffers:           84916 kB
Cached:          1199452 kB
MemTotal:        1844596 kB
MemFree:          358332 kB
MemAvailable:    1534284 kB
Buffers:           84916 kB
Cached:          1199452 kB
MemTotal:        1844596 kB
MemFree:          358800 kB
MemAvailable:    1534752 kB
Buffers:           84916 kB
Cached:          1199452 kB
MemTotal:        1844596 kB
MemFree:          359000 kB
MemAvailable:    1534952 kB
Buffers:           84916 kB
Cached:          1199452 kB
MemTotal:        1844596 kB
MemFree:          357936 kB
MemAvailable:    1533888 kB
Buffers:           84916 kB
Cached:          1199452 kB
MemTotal:        1844596 kB
MemFree:          358880 kB
MemAvailable:    1534832 kB
Buffers:           84916 kB
Cached:          1199452 kB
MemTotal:        1844596 kB
MemFree:          358708 kB
MemAvailable:    1534660 kB
Buffers:           84916 kB
Cached:          1199452 kB
MemTotal:        1844596 kB
MemFree:          357588 kB
MemAvailable:    1533540 kB
Buffers:           84916 kB
Cached:          1199452 kB
MemTotal:        1844596 kB
MemFree:          358396 kB
MemAvailable:    1534348 kB
Buffers:           84916 kB
Cached:          1199452 kB
MemTotal:        1844596 kB
MemFree:          358396 kB
MemAvailable:    1534348 kB
Buffers:           84916 kB
Cached:          1199452 kB
MemTotal:        1844596 kB
MemFree:          358060 kB
MemAvailable:    1534012 kB
Buffers:           84916 kB
Cached:          1199452 kB
MemTotal:        1844596 kB
MemFree:          358332 kB
MemAvailable:    1534284 kB
Buffers:           84916 kB
Cached:          1199452 kB
MemTotal:        1844596 kB
MemFree:          357160 kB
MemAvailable:    1533112 kB
Buffers:           84916 kB
Cached:          1199452 kB
MemTotal:        1844596 kB
MemFree:          358400 kB
MemAvailable:    1534352 kB
Buffers:           84916 kB
Cached:          1199452 kB
MemTotal:        1844596 kB
MemFree:          358180 kB
MemAvailable:    1534132 kB
Buffers:           84916 kB
Cached:          1199452 kB
MemTotal:        1844596 kB
MemFree:          358432 kB
MemAvailable:    1534384 kB
Buffers:           84916 kB
Cached:          1199452 kB
MemTotal:        1844596 kB
MemFree:          358180 kB
MemAvailable:    1534132 kB
Buffers:           84916 kB
Cached:          1199452 kB
MemTotal:        1844596 kB
MemFree:          358432 kB
MemAvailable:    1534384 kB
Buffers:           84916 kB
Cached:          1199452 kB
MemTotal:        1844596 kB
MemFree:          357072 kB
MemAvailable:    1533024 kB
Buffers:           84916 kB
Cached:          1199452 kB
MemTotal:        1844596 kB
MemFree:          358144 kB
MemAvailable:    1534096 kB
Buffers:           84916 kB
Cached:          1199452 kB
MemTotal:        1844596 kB
MemFree:          353992 kB
MemAvailable:    1529944 kB
Buffers:           84916 kB
Cached:          1199452 kB
MemTotal:        1844596 kB
MemFree:          352564 kB
MemAvailable:    1528516 kB
Buffers:           84916 kB
Cached:          1199452 kB
MemTotal:        1844596 kB
MemFree:          351892 kB
MemAvailable:    1527844 kB
Buffers:           84916 kB
Cached:          1199452 kB
MemTotal:        1844596 kB
MemFree:          352256 kB
MemAvailable:    1528208 kB
Buffers:           84916 kB
Cached:          1199452 kB
MemTotal:        1844596 kB
MemFree:          350880 kB
MemAvailable:    1526832 kB
Buffers:           84916 kB
Cached:          1199452 kB
MemTotal:        1844596 kB
MemFree:          352168 kB
MemAvailable:    1528120 kB
Buffers:           84916 kB
Cached:          1199452 kB
MemTotal:        1844596 kB
MemFree:          350776 kB
MemAvailable:    1526728 kB
Buffers:           84916 kB
Cached:          1199452 kB
MemTotal:        1844596 kB
MemFree:          351496 kB
MemAvailable:    1527448 kB
Buffers:           84916 kB
Cached:          1199452 kB
MemTotal:        1844596 kB
MemFree:          351748 kB
MemAvailable:    1527700 kB
Buffers:           84916 kB
Cached:          1199452 kB
MemTotal:        1844596 kB
MemFree:          351372 kB
MemAvailable:    1527324 kB
Buffers:           84916 kB
Cached:          1199452 kB
MemTotal:        1844596 kB
MemFree:          351372 kB
MemAvailable:    1527324 kB
Buffers:           84916 kB
Cached:          1199452 kB
MemTotal:        1844596 kB
MemFree:          351016 kB
MemAvailable:    1526968 kB
Buffers:           84916 kB
Cached:          1199452 kB
MemTotal:        1844596 kB
MemFree:          350644 kB
MemAvailable:    1526596 kB
Buffers:           84916 kB
Cached:          1199452 kB
MemTotal:        1844596 kB
MemFree:          350256 kB
MemAvailable:    1526208 kB
Buffers:           84916 kB
Cached:          1199452 kB
MemTotal:        1844596 kB
MemFree:          350256 kB
MemAvailable:    1526208 kB
Buffers:           84916 kB
Cached:          1199452 kB
MemTotal:        1844596 kB
MemFree:          350268 kB
MemAvailable:    1526220 kB
Buffers:           84916 kB
Cached:          1199452 kB
MemTotal:        1844596 kB
MemFree:          350208 kB
MemAvailable:    1526160 kB
Buffers:           84916 kB
Cached:          1199452 kB
MemTotal:        1844596 kB
MemFree:          348908 kB
MemAvailable:    1524860 kB
Buffers:           84916 kB
Cached:          1199452 kB
MemTotal:        1844596 kB
MemFree:          348604 kB
MemAvailable:    1524556 kB
Buffers:           84916 kB
Cached:          1199452 kB
MemTotal:        1844596 kB
MemFree:          349092 kB
MemAvailable:    1525044 kB
Buffers:           84916 kB
Cached:          1199452 kB
MemTotal:        1844596 kB
MemFree:          348164 kB
MemAvailable:    1524116 kB
Buffers:           84916 kB
Cached:          1199452 kB
MemTotal:        1844596 kB
MemFree:          348648 kB
MemAvailable:    1524600 kB
Buffers:           84916 kB
Cached:          1199452 kB
MemTotal:        1844596 kB
MemFree:          348660 kB
MemAvailable:    1524612 kB
Buffers:           84916 kB
Cached:          1199452 kB
MemTotal:        1844596 kB
MemFree:          348744 kB
MemAvailable:    1524696 kB
Buffers:           84916 kB
Cached:          1199452 kB
MemTotal:        1844596 kB
MemFree:          348548 kB
MemAvailable:    1524500 kB
Buffers:           84916 kB
Cached:          1199452 kB
MemTotal:        1844596 kB
MemFree:          348472 kB
MemAvailable:    1524424 kB
Buffers:           84916 kB
Cached:          1199452 kB
MemTotal:        1844596 kB
MemFree:          348472 kB
MemAvailable:    1524424 kB
Buffers:           84916 kB
Cached:          1199452 kB
MemTotal:        1844596 kB
MemFree:          348700 kB
MemAvailable:    1524652 kB
Buffers:           84916 kB
Cached:          1199452 kB
MemTotal:        1844596 kB
MemFree:          347924 kB
MemAvailable:    1523876 kB
Buffers:           84916 kB
Cached:          1199452 kB
MemTotal:        1844596 kB
MemFree:          348520 kB
MemAvailable:    1524472 kB
Buffers:           84916 kB
Cached:          1199452 kB
MemTotal:        1844596 kB
MemFree:          348856 kB
MemAvailable:    1524808 kB
Buffers:           84916 kB
Cached:          1199452 kB
MemTotal:        1844596 kB
MemFree:          348736 kB
MemAvailable:    1524688 kB
Buffers:           84916 kB
Cached:          1199452 kB
MemTotal:        1844596 kB
MemFree:          348480 kB
MemAvailable:    1524432 kB
Buffers:           84916 kB
Cached:          1199452 kB
MemTotal:        1844596 kB
MemFree:          348732 kB
MemAvailable:    1524684 kB
Buffers:           84916 kB
Cached:          1199452 kB
MemTotal:        1844596 kB
MemFree:          348456 kB
MemAvailable:    1524408 kB
Buffers:           84916 kB
Cached:          1199452 kB
MemTotal:        1844596 kB
MemFree:          348224 kB
MemAvailable:    1524176 kB
Buffers:           84916 kB
Cached:          1199452 kB
MemTotal:        1844596 kB
MemFree:          348164 kB
MemAvailable:    1524116 kB
Buffers:           84916 kB
Cached:          1199452 kB
MemTotal:        1844596 kB
MemFree:          347040 kB
MemAvailable:    1522992 kB
Buffers:           84916 kB
Cached:          1199452 kB
MemTotal:        1844596 kB
MemFree:          347664 kB
MemAvailable:    1523616 kB
Buffers:           84916 kB
Cached:          1199452 kB
MemTotal:        1844596 kB
MemFree:          346712 kB
MemAvailable:    1522664 kB
Buffers:           84916 kB
Cached:          1199452 kB
MemTotal:        1844596 kB
MemFree:          345844 kB
MemAvailable:    1521796 kB
Buffers:           84916 kB
Cached:          1199452 kB
MemTotal:        1844596 kB
MemFree:          347168 kB
MemAvailable:    1523120 kB
Buffers:           84916 kB
Cached:          1199452 kB
MemTotal:        1844596 kB
MemFree:          346056 kB
MemAvailable:    1522008 kB
Buffers:           84916 kB
Cached:          1199452 kB
MemTotal:        1844596 kB
MemFree:          346524 kB
MemAvailable:    1522476 kB
Buffers:           84916 kB
Cached:          1199452 kB
MemTotal:        1844596 kB
MemFree:          346860 kB
MemAvailable:    1522812 kB
Buffers:           84916 kB
Cached:          1199452 kB
MemTotal:        1844596 kB
MemFree:          346364 kB
MemAvailable:    1522316 kB
Buffers:           84916 kB
Cached:          1199452 kB
MemTotal:        1844596 kB
MemFree:          346032 kB
MemAvailable:    1521984 kB
Buffers:           84916 kB
Cached:          1199452 kB
MemTotal:        1844596 kB
MemFree:          346116 kB
MemAvailable:    1522068 kB
Buffers:           84916 kB
Cached:          1199452 kB
MemTotal:        1844596 kB
MemFree:          345728 kB
MemAvailable:    1521680 kB
Buffers:           84916 kB
Cached:          1199452 kB
MemTotal:        1844596 kB
MemFree:          345980 kB
MemAvailable:    1521932 kB
Buffers:           84916 kB
Cached:          1199452 kB
MemTotal:        1844596 kB
MemFree:          345744 kB
MemAvailable:    1521696 kB
Buffers:           84916 kB
Cached:          1199452 kB
MemTotal:        1844596 kB
MemFree:          346000 kB
MemAvailable:    1521952 kB
Buffers:           84916 kB
Cached:          1199452 kB
MemTotal:        1844596 kB
MemFree:          344748 kB
MemAvailable:    1520700 kB
Buffers:           84916 kB
Cached:          1199452 kB
MemTotal:        1844596 kB
MemFree:          345988 kB
MemAvailable:    1521940 kB
Buffers:           84916 kB
Cached:          1199452 kB
MemTotal:        1844596 kB
MemFree:          344444 kB
MemAvailable:    1520396 kB
Buffers:           84916 kB
Cached:          1199452 kB
MemTotal:        1844596 kB
MemFree:          344576 kB
MemAvailable:    1520528 kB
Buffers:           84916 kB
Cached:          1199452 kB
MemTotal:        1844596 kB
MemFree:          343436 kB
MemAvailable:    1519388 kB
Buffers:           84916 kB
Cached:          1199452 kB
MemTotal:        1844596 kB
MemFree:          343564 kB
MemAvailable:    1519516 kB
Buffers:           84916 kB
Cached:          1199452 kB
MemTotal:        1844596 kB
MemFree:          340040 kB
MemAvailable:    1515992 kB
Buffers:           84916 kB
Cached:          1199452 kB
MemTotal:        1844596 kB
MemFree:          336616 kB
MemAvailable:    1512568 kB
Buffers:           84916 kB
Cached:          1199452 kB
MemTotal:        1844596 kB
MemFree:          336616 kB
MemAvailable:    1512568 kB
Buffers:           84916 kB
Cached:          1199452 kB
MemTotal:        1844596 kB
MemFree:          336260 kB
MemAvailable:    1512224 kB
Buffers:           84916 kB
Cached:          1199464 kB
MemTotal:        1844596 kB
MemFree:          335864 kB
MemAvailable:    1511828 kB
Buffers:           84916 kB
Cached:          1199464 kB
MemTotal:        1844596 kB
MemFree:          336200 kB
MemAvailable:    1512164 kB
Buffers:           84916 kB
Cached:          1199464 kB
MemTotal:        1844596 kB
MemFree:          336016 kB
MemAvailable:    1511980 kB
Buffers:           84916 kB
Cached:          1199464 kB
MemTotal:        1844596 kB
MemFree:          335500 kB
MemAvailable:    1511464 kB
Buffers:           84916 kB
Cached:          1199464 kB
MemTotal:        1844596 kB
MemFree:          335752 kB
MemAvailable:    1511716 kB
Buffers:           84916 kB
Cached:          1199464 kB
MemTotal:        1844596 kB
MemFree:          335204 kB
MemAvailable:    1511168 kB
Buffers:           84916 kB
Cached:          1199464 kB
MemTotal:        1844596 kB
MemFree:          333524 kB
MemAvailable:    1509488 kB
Buffers:           84916 kB
Cached:          1199464 kB
MemTotal:        1844596 kB
MemFree:          334512 kB
MemAvailable:    1510476 kB
Buffers:           84916 kB
Cached:          1199464 kB
MemTotal:        1844596 kB
MemFree:          333124 kB
MemAvailable:    1509088 kB
Buffers:           84916 kB
Cached:          1199464 kB
MemTotal:        1844596 kB
MemFree:          333248 kB
MemAvailable:    1509212 kB
Buffers:           84916 kB
Cached:          1199464 kB
MemTotal:        1844596 kB
MemFree:          334384 kB
MemAvailable:    1510348 kB
Buffers:           84916 kB
Cached:          1199464 kB
MemTotal:        1844596 kB
MemFree:          334220 kB
MemAvailable:    1510184 kB
Buffers:           84916 kB
Cached:          1199464 kB
MemTotal:        1844596 kB
MemFree:          334220 kB
MemAvailable:    1510184 kB
Buffers:           84916 kB
Cached:          1199464 kB
MemTotal:        1844596 kB
MemFree:          333956 kB
MemAvailable:    1509920 kB
Buffers:           84916 kB
Cached:          1199464 kB
MemTotal:        1844596 kB
MemFree:          334208 kB
MemAvailable:    1510172 kB
Buffers:           84916 kB
Cached:          1199464 kB
MemTotal:        1844596 kB
MemFree:          334188 kB
MemAvailable:    1510152 kB
Buffers:           84916 kB
Cached:          1199464 kB
MemTotal:        1844596 kB
MemFree:          333532 kB
MemAvailable:    1509496 kB
Buffers:           84916 kB
Cached:          1199464 kB
MemTotal:        1844596 kB
MemFree:          334084 kB
MemAvailable:    1510048 kB
Buffers:           84916 kB
Cached:          1199464 kB
MemTotal:        1844596 kB
MemFree:          334252 kB
MemAvailable:    1510216 kB
Buffers:           84916 kB
Cached:          1199464 kB
MemTotal:        1844596 kB
MemFree:          333036 kB
MemAvailable:    1509000 kB
Buffers:           84916 kB
Cached:          1199464 kB
MemTotal:        1844596 kB
MemFree:          332864 kB
MemAvailable:    1508828 kB
Buffers:           84916 kB
Cached:          1199464 kB
MemTotal:        1844596 kB
MemFree:          333964 kB
MemAvailable:    1509928 kB
Buffers:           84916 kB
Cached:          1199464 kB
MemTotal:        1844596 kB
MemFree:          334220 kB
MemAvailable:    1510184 kB
Buffers:           84916 kB
Cached:          1199464 kB
MemTotal:        1844596 kB
MemFree:          334076 kB
MemAvailable:    1510040 kB
Buffers:           84916 kB
Cached:          1199464 kB
MemTotal:        1844596 kB
MemFree:          334016 kB
MemAvailable:    1509980 kB
Buffers:           84916 kB
Cached:          1199464 kB
MemTotal:        1844596 kB
MemFree:          333144 kB
MemAvailable:    1509108 kB
Buffers:           84916 kB
Cached:          1199464 kB
MemTotal:        1844596 kB
MemFree:          333480 kB
MemAvailable:    1509444 kB
Buffers:           84916 kB
Cached:          1199464 kB
MemTotal:        1844596 kB
MemFree:          331104 kB
MemAvailable:    1507068 kB
Buffers:           84916 kB
Cached:          1199464 kB
MemTotal:        1844596 kB
MemFree:          329068 kB
MemAvailable:    1505032 kB
Buffers:           84916 kB
Cached:          1199464 kB
MemTotal:        1844596 kB
MemFree:          325456 kB
MemAvailable:    1501420 kB
Buffers:           84916 kB
Cached:          1199464 kB
MemTotal:        1844596 kB
MemFree:          324604 kB
MemAvailable:    1500568 kB
Buffers:           84916 kB
Cached:          1199464 kB
MemTotal:        1844596 kB
MemFree:          321744 kB
MemAvailable:    1497708 kB
Buffers:           84916 kB
Cached:          1199464 kB
MemTotal:        1844596 kB
MemFree:          322308 kB
MemAvailable:    1498272 kB
Buffers:           84916 kB
Cached:          1199464 kB
MemTotal:        1844596 kB
MemFree:          322308 kB
MemAvailable:    1498272 kB
Buffers:           84916 kB
Cached:          1199464 kB
MemTotal:        1844596 kB
MemFree:          321132 kB
MemAvailable:    1497096 kB
Buffers:           84916 kB
Cached:          1199464 kB
MemTotal:        1844596 kB
MemFree:          321848 kB
MemAvailable:    1497812 kB
Buffers:           84916 kB
Cached:          1199464 kB
MemTotal:        1844596 kB
MemFree:          322100 kB
MemAvailable:    1498064 kB
Buffers:           84916 kB
Cached:          1199464 kB
MemTotal:        1844596 kB
MemFree:          320824 kB
MemAvailable:    1496788 kB
Buffers:           84916 kB
Cached:          1199464 kB
MemTotal:        1844596 kB
MemFree:          320944 kB
MemAvailable:    1496908 kB
Buffers:           84916 kB
Cached:          1199464 kB
MemTotal:        1844596 kB
MemFree:          321068 kB
MemAvailable:    1497032 kB
Buffers:           84916 kB
Cached:          1199464 kB
MemTotal:        1844596 kB
MemFree:          321996 kB
MemAvailable:    1497960 kB
Buffers:           84916 kB
Cached:          1199464 kB
MemTotal:        1844596 kB
MemFree:          321812 kB
MemAvailable:    1497776 kB
Buffers:           84916 kB
Cached:          1199464 kB
MemTotal:        1844596 kB
MemFree:          321736 kB
MemAvailable:    1497700 kB
Buffers:           84916 kB
Cached:          1199464 kB
MemTotal:        1844596 kB
MemFree:          321820 kB
MemAvailable:    1497784 kB
Buffers:           84916 kB
Cached:          1199464 kB
MemTotal:        1844596 kB
MemFree:          321548 kB
MemAvailable:    1497512 kB
Buffers:           84916 kB
Cached:          1199464 kB
MemTotal:        1844596 kB
MemFree:          320884 kB
MemAvailable:    1496848 kB
Buffers:           84916 kB
Cached:          1199464 kB
MemTotal:        1844596 kB
MemFree:          321492 kB
MemAvailable:    1497456 kB
Buffers:           84916 kB
Cached:          1199464 kB
MemTotal:        1844596 kB
MemFree:          321324 kB
MemAvailable:    1497288 kB
Buffers:           84916 kB
Cached:          1199464 kB
MemTotal:        1844596 kB
MemFree:          321576 kB
MemAvailable:    1497540 kB
Buffers:           84916 kB
Cached:          1199464 kB
MemTotal:        1844596 kB
MemFree:          321352 kB
MemAvailable:    1497316 kB
Buffers:           84916 kB
Cached:          1199464 kB
MemTotal:        1844596 kB
MemFree:          321552 kB
MemAvailable:    1497516 kB
Buffers:           84916 kB
Cached:          1199464 kB
MemTotal:        1844596 kB
MemFree:          321300 kB
MemAvailable:    1497264 kB
Buffers:           84916 kB
Cached:          1199464 kB
MemTotal:        1844596 kB
MemFree:          321552 kB
MemAvailable:    1497516 kB
Buffers:           84916 kB
Cached:          1199464 kB
MemTotal:        1844596 kB
MemFree:          321368 kB
MemAvailable:    1497332 kB
Buffers:           84916 kB
Cached:          1199464 kB
MemTotal:        1844596 kB
MemFree:          321504 kB
MemAvailable:    1497468 kB
Buffers:           84916 kB
Cached:          1199464 kB
MemTotal:        1844596 kB
MemFree:          320760 kB
MemAvailable:    1496724 kB
Buffers:           84916 kB
Cached:          1199464 kB
MemTotal:        1844596 kB
MemFree:          321552 kB
MemAvailable:    1497516 kB
Buffers:           84916 kB
Cached:          1199464 kB
MemTotal:        1844596 kB
MemFree:          320244 kB
MemAvailable:    1496208 kB
Buffers:           84916 kB
Cached:          1199464 kB
MemTotal:        1844596 kB
MemFree:          321504 kB
MemAvailable:    1497468 kB
Buffers:           84916 kB
Cached:          1199464 kB
MemTotal:        1844596 kB
MemFree:          320064 kB
MemAvailable:    1496028 kB
Buffers:           84916 kB
Cached:          1199464 kB
MemTotal:        1844596 kB
MemFree:          321312 kB
MemAvailable:    1497276 kB
Buffers:           84916 kB
Cached:          1199464 kB
MemTotal:        1844596 kB
MemFree:          321388 kB
MemAvailable:    1497352 kB
Buffers:           84916 kB
Cached:          1199464 kB
MemTotal:        1844596 kB
MemFree:          321440 kB
MemAvailable:    1497404 kB
Buffers:           84916 kB
Cached:          1199464 kB
MemTotal:        1844596 kB
MemFree:          321564 kB
MemAvailable:    1497528 kB
Buffers:           84916 kB
Cached:          1199464 kB
MemTotal:        1844596 kB
MemFree:          320760 kB
MemAvailable:    1496724 kB
Buffers:           84916 kB
Cached:          1199464 kB
MemTotal:        1844596 kB
MemFree:          321484 kB
MemAvailable:    1497448 kB
Buffers:           84916 kB
Cached:          1199464 kB
MemTotal:        1844596 kB
MemFree:          321492 kB
MemAvailable:    1497456 kB
Buffers:           84916 kB
Cached:          1199464 kB
MemTotal:        1844596 kB
MemFree:          313304 kB
MemAvailable:    1489268 kB
Buffers:           84916 kB
Cached:          1199464 kB
MemTotal:        1844596 kB
MemFree:          312808 kB
MemAvailable:    1488772 kB
Buffers:           84916 kB
Cached:          1199464 kB
MemTotal:        1844596 kB
MemFree:          310344 kB
MemAvailable:    1486308 kB
Buffers:           84916 kB
Cached:          1199464 kB
MemTotal:        1844596 kB
MemFree:          310096 kB
MemAvailable:    1486060 kB
Buffers:           84916 kB
Cached:          1199464 kB
MemTotal:        1844596 kB
MemFree:          309840 kB
MemAvailable:    1485804 kB
Buffers:           84916 kB
Cached:          1199464 kB
MemTotal:        1844596 kB
MemFree:          311164 kB
MemAvailable:    1487128 kB
Buffers:           84916 kB
Cached:          1199464 kB
MemTotal:        1844596 kB
MemFree:          310936 kB
MemAvailable:    1486900 kB
Buffers:           84916 kB
Cached:          1199464 kB
MemTotal:        1844596 kB
MemFree:          311188 kB
MemAvailable:    1487152 kB
Buffers:           84916 kB
Cached:          1199464 kB
MemTotal:        1844596 kB
MemFree:          310936 kB
MemAvailable:    1486900 kB
Buffers:           84916 kB
Cached:          1199464 kB
MemTotal:        1844596 kB
MemFree:          311272 kB
MemAvailable:    1487236 kB
Buffers:           84916 kB
Cached:          1199464 kB
MemTotal:        1844596 kB
MemFree:          311088 kB
MemAvailable:    1487052 kB
Buffers:           84916 kB
Cached:          1199464 kB
MemTotal:        1844596 kB
MemFree:          310344 kB
MemAvailable:    1486308 kB
Buffers:           84916 kB
Cached:          1199464 kB
MemTotal:        1844596 kB
MemFree:          311160 kB
MemAvailable:    1487124 kB
Buffers:           84916 kB
Cached:          1199464 kB
MemTotal:        1844596 kB
MemFree:          310900 kB
MemAvailable:    1486864 kB
Buffers:           84916 kB
Cached:          1199464 kB
MemTotal:        1844596 kB
MemFree:          310900 kB
MemAvailable:    1486864 kB
Buffers:           84916 kB
Cached:          1199464 kB
MemTotal:        1844596 kB
MemFree:          310968 kB
MemAvailable:    1486932 kB
Buffers:           84916 kB
Cached:          1199464 kB
MemTotal:        1844596 kB
MemFree:          309820 kB
MemAvailable:    1485792 kB
Buffers:           84916 kB
Cached:          1199472 kB
MemTotal:        1844596 kB
MemFree:          311084 kB
MemAvailable:    1487056 kB
Buffers:           84916 kB
Cached:          1199472 kB
MemTotal:        1844596 kB
MemFree:          311136 kB
MemAvailable:    1487108 kB
Buffers:           84916 kB
Cached:          1199472 kB
MemTotal:        1844596 kB
MemFree:          310768 kB
MemAvailable:    1486744 kB
Buffers:           84916 kB
Cached:          1199476 kB
MemTotal:        1844596 kB
MemFree:          309600 kB
MemAvailable:    1485576 kB
Buffers:           84916 kB
Cached:          1199476 kB
MemTotal:        1844596 kB
MemFree:          309584 kB
MemAvailable:    1485560 kB
Buffers:           84916 kB
Cached:          1199476 kB
MemTotal:        1844596 kB
MemFree:          309776 kB
MemAvailable:    1485752 kB
Buffers:           84916 kB
Cached:          1199476 kB
MemTotal:        1844596 kB
MemFree:          309104 kB
MemAvailable:    1485080 kB
Buffers:           84916 kB
Cached:          1199476 kB
MemTotal:        1844596 kB
MemFree:          308908 kB
MemAvailable:    1484884 kB
Buffers:           84916 kB
Cached:          1199476 kB
MemTotal:        1844596 kB
MemFree:          308840 kB
MemAvailable:    1484816 kB
Buffers:           84916 kB
Cached:          1199476 kB
MemTotal:        1844596 kB
MemFree:          308112 kB
MemAvailable:    1484084 kB
Buffers:           84916 kB
Cached:          1199476 kB
MemTotal:        1844596 kB
MemFree:          308840 kB
MemAvailable:    1484812 kB
Buffers:           84916 kB
Cached:          1199476 kB
MemTotal:        1844596 kB
MemFree:          309092 kB
MemAvailable:    1485064 kB
Buffers:           84916 kB
Cached:          1199476 kB
MemTotal:        1844596 kB
MemFree:          308716 kB
MemAvailable:    1484688 kB
Buffers:           84916 kB
Cached:          1199476 kB
MemTotal:        1844596 kB
MemFree:          308800 kB
MemAvailable:    1484772 kB
Buffers:           84916 kB
Cached:          1199476 kB
MemTotal:        1844596 kB
MemFree:          308664 kB
MemAvailable:    1484636 kB
Buffers:           84916 kB
Cached:          1199476 kB
MemTotal:        1844596 kB
MemFree:          308840 kB
MemAvailable:    1484812 kB
Buffers:           84916 kB
Cached:          1199476 kB
MemTotal:        1844596 kB
MemFree:          308696 kB
MemAvailable:    1484668 kB
Buffers:           84916 kB
Cached:          1199476 kB
MemTotal:        1844596 kB
MemFree:          308952 kB
MemAvailable:    1484924 kB
Buffers:           84916 kB
Cached:          1199476 kB
MemTotal:        1844596 kB
MemFree:          308876 kB
MemAvailable:    1484848 kB
Buffers:           84916 kB
Cached:          1199476 kB
MemTotal:        1844596 kB
MemFree:          307988 kB
MemAvailable:    1483960 kB
Buffers:           84916 kB
Cached:          1199476 kB
MemTotal:        1844596 kB
MemFree:          308904 kB
MemAvailable:    1484876 kB
Buffers:           84916 kB
Cached:          1199476 kB
MemTotal:        1844596 kB
MemFree:          308788 kB
MemAvailable:    1484760 kB
Buffers:           84916 kB
Cached:          1199476 kB
MemTotal:        1844596 kB
MemFree:          308856 kB
MemAvailable:    1484828 kB
Buffers:           84916 kB
Cached:          1199476 kB
MemTotal:        1844596 kB
MemFree:          308484 kB
MemAvailable:    1484460 kB
Buffers:           84916 kB
Cached:          1199480 kB
MemTotal:        1844596 kB
MemFree:          309088 kB
MemAvailable:    1485064 kB
Buffers:           84916 kB
Cached:          1199480 kB
MemTotal:        1844596 kB
MemFree:          309340 kB
MemAvailable:    1485316 kB
Buffers:           84916 kB
Cached:          1199480 kB
MemTotal:        1844596 kB
MemFree:          308832 kB
MemAvailable:    1484808 kB
Buffers:           84916 kB
Cached:          1199480 kB
MemTotal:        1844596 kB
MemFree:          309168 kB
MemAvailable:    1485144 kB
Buffers:           84916 kB
Cached:          1199480 kB
MemTotal:        1844596 kB
MemFree:          308700 kB
MemAvailable:    1484676 kB
Buffers:           84916 kB
Cached:          1199480 kB
MemTotal:        1844596 kB
MemFree:          308700 kB
MemAvailable:    1484676 kB
Buffers:           84916 kB
Cached:          1199480 kB
MemTotal:        1844596 kB
MemFree:          308912 kB
MemAvailable:    1484888 kB
Buffers:           84916 kB
Cached:          1199480 kB
MemTotal:        1844596 kB
MemFree:          308684 kB
MemAvailable:    1484660 kB
Buffers:           84916 kB
Cached:          1199480 kB
MemTotal:        1844596 kB
MemFree:          308184 kB
MemAvailable:    1484160 kB
Buffers:           84916 kB
Cached:          1199480 kB
MemTotal:        1844596 kB
MemFree:          309164 kB
MemAvailable:    1485140 kB
Buffers:           84916 kB
Cached:          1199480 kB
MemTotal:        1844596 kB
MemFree:          307988 kB
MemAvailable:    1483964 kB
Buffers:           84916 kB
Cached:          1199480 kB
MemTotal:        1844596 kB
MemFree:          306856 kB
MemAvailable:    1482832 kB
Buffers:           84916 kB
Cached:          1199480 kB
MemTotal:        1844596 kB
MemFree:          306624 kB
MemAvailable:    1482600 kB
Buffers:           84916 kB
Cached:          1199480 kB
MemTotal:        1844596 kB
MemFree:          301020 kB
MemAvailable:    1476996 kB
Buffers:           84916 kB
Cached:          1199480 kB
MemTotal:        1844596 kB
MemFree:          301020 kB
MemAvailable:    1476996 kB
Buffers:           84916 kB
Cached:          1199480 kB
MemTotal:        1844596 kB
MemFree:          297060 kB
MemAvailable:    1473036 kB
Buffers:           84916 kB
Cached:          1199480 kB
MemTotal:        1844596 kB
MemFree:          297148 kB
MemAvailable:    1473124 kB
Buffers:           84916 kB
Cached:          1199480 kB
MemTotal:        1844596 kB
MemFree:          296144 kB
MemAvailable:    1472120 kB
Buffers:           84916 kB
Cached:          1199480 kB
MemTotal:        1844596 kB
MemFree:          295340 kB
MemAvailable:    1471316 kB
Buffers:           84916 kB
Cached:          1199480 kB
MemTotal:        1844596 kB
MemFree:          295816 kB
MemAvailable:    1471792 kB
Buffers:           84916 kB
Cached:          1199480 kB
MemTotal:        1844596 kB
MemFree:          294404 kB
MemAvailable:    1470380 kB
Buffers:           84916 kB
Cached:          1199480 kB
MemTotal:        1844596 kB
MemFree:          295636 kB
MemAvailable:    1471612 kB
Buffers:           84916 kB
Cached:          1199480 kB
MemTotal:        1844596 kB
MemFree:          294652 kB
MemAvailable:    1470628 kB
Buffers:           84916 kB
Cached:          1199480 kB
MemTotal:        1844596 kB
MemFree:          295728 kB
MemAvailable:    1471704 kB
Buffers:           84916 kB
Cached:          1199480 kB
MemTotal:        1844596 kB
MemFree:          294720 kB
MemAvailable:    1470696 kB
Buffers:           84916 kB
Cached:          1199480 kB
MemTotal:        1844596 kB
MemFree:          295092 kB
MemAvailable:    1471068 kB
Buffers:           84916 kB
Cached:          1199480 kB
MemTotal:        1844596 kB
MemFree:          295572 kB
MemAvailable:    1471548 kB
Buffers:           84916 kB
Cached:          1199480 kB
MemTotal:        1844596 kB
MemFree:          295908 kB
MemAvailable:    1471884 kB
Buffers:           84916 kB
Cached:          1199480 kB
MemTotal:        1844596 kB
MemFree:          295632 kB
MemAvailable:    1471608 kB
Buffers:           84916 kB
Cached:          1199480 kB
MemTotal:        1844596 kB
MemFree:          295508 kB
MemAvailable:    1471484 kB
Buffers:           84916 kB
Cached:          1199480 kB
MemTotal:        1844596 kB
MemFree:          294844 kB
MemAvailable:    1470820 kB
Buffers:           84916 kB
Cached:          1199480 kB
MemTotal:        1844596 kB
MemFree:          295512 kB
MemAvailable:    1471488 kB
Buffers:           84916 kB
Cached:          1199480 kB
MemTotal:        1844596 kB
MemFree:          294412 kB
MemAvailable:    1470388 kB
Buffers:           84916 kB
Cached:          1199480 kB
MemTotal:        1844596 kB
MemFree:          295548 kB
MemAvailable:    1471524 kB
Buffers:           84916 kB
Cached:          1199480 kB
MemTotal:        1844596 kB
MemFree:          295324 kB
MemAvailable:    1471300 kB
Buffers:           84916 kB
Cached:          1199480 kB
MemTotal:        1844596 kB
MemFree:          295360 kB
MemAvailable:    1471336 kB
Buffers:           84916 kB
Cached:          1199480 kB
MemTotal:        1844596 kB
MemFree:          295500 kB
MemAvailable:    1471476 kB
Buffers:           84916 kB
Cached:          1199480 kB
MemTotal:        1844596 kB
MemFree:          295216 kB
MemAvailable:    1471192 kB
Buffers:           84916 kB
Cached:          1199480 kB
MemTotal:        1844596 kB
MemFree:          295576 kB
MemAvailable:    1471552 kB
Buffers:           84916 kB
Cached:          1199480 kB
MemTotal:        1844596 kB
MemFree:          294328 kB
MemAvailable:    1470304 kB
Buffers:           84916 kB
Cached:          1199480 kB
MemTotal:        1844596 kB
MemFree:          295380 kB
MemAvailable:    1471356 kB
Buffers:           84916 kB
Cached:          1199480 kB
MemTotal:        1844596 kB
MemFree:          295500 kB
MemAvailable:    1471476 kB
Buffers:           84916 kB
Cached:          1199480 kB
MemTotal:        1844596 kB
MemFree:          294720 kB
MemAvailable:    1470696 kB
Buffers:           84916 kB
Cached:          1199480 kB
MemTotal:        1844596 kB
MemFree:          295596 kB
MemAvailable:    1471572 kB
Buffers:           84916 kB
Cached:          1199480 kB
MemTotal:        1844596 kB
MemFree:          295400 kB
MemAvailable:    1471376 kB
Buffers:           84916 kB
Cached:          1199480 kB
MemTotal:        1844596 kB
MemFree:          295652 kB
MemAvailable:    1471628 kB
Buffers:           84916 kB
Cached:          1199480 kB
MemTotal:        1844596 kB
MemFree:          295332 kB
MemAvailable:    1471308 kB
Buffers:           84916 kB
Cached:          1199480 kB
MemTotal:        1844596 kB
MemFree:          295332 kB
MemAvailable:    1471308 kB
Buffers:           84916 kB
Cached:          1199480 kB
MemTotal:        1844596 kB
MemFree:          295076 kB
MemAvailable:    1471052 kB
Buffers:           84916 kB
Cached:          1199480 kB
MemTotal:        1844596 kB
MemFree:          293852 kB
MemAvailable:    1469828 kB
Buffers:           84916 kB
Cached:          1199480 kB
MemTotal:        1844596 kB
MemFree:          293548 kB
MemAvailable:    1469524 kB
Buffers:           84916 kB
Cached:          1199480 kB
MemTotal:        1844596 kB
MemFree:          294724 kB
MemAvailable:    1470700 kB
Buffers:           84916 kB
Cached:          1199480 kB
MemTotal:        1844596 kB
MemFree:          293728 kB
MemAvailable:    1469704 kB
Buffers:           84916 kB
Cached:          1199480 kB
MemTotal:        1844596 kB
MemFree:          293220 kB
MemAvailable:    1469196 kB
Buffers:           84916 kB
Cached:          1199480 kB
MemTotal:        1844596 kB
MemFree:          293468 kB
MemAvailable:    1469444 kB
Buffers:           84916 kB
Cached:          1199480 kB
MemTotal:        1844596 kB
MemFree:          294324 kB
MemAvailable:    1470300 kB
Buffers:           84916 kB
Cached:          1199480 kB
MemTotal:        1844596 kB
MemFree:          294660 kB
MemAvailable:    1470636 kB
Buffers:           84916 kB
Cached:          1199480 kB
MemTotal:        1844596 kB
MemFree:          290612 kB
MemAvailable:    1466588 kB
Buffers:           84916 kB
Cached:          1199480 kB
MemTotal:        1844596 kB
MemFree:          290696 kB
MemAvailable:    1466672 kB
Buffers:           84916 kB
Cached:          1199480 kB
MemTotal:        1844596 kB
MemFree:          287876 kB
MemAvailable:    1463852 kB
Buffers:           84916 kB
Cached:          1199480 kB
MemTotal:        1844596 kB
MemFree:          287876 kB
MemAvailable:    1463852 kB
Buffers:           84916 kB
Cached:          1199480 kB
MemTotal:        1844596 kB
MemFree:          285900 kB
MemAvailable:    1461884 kB
Buffers:           84916 kB
Cached:          1199488 kB
MemTotal:        1844596 kB
MemFree:          285900 kB
MemAvailable:    1461884 kB
Buffers:           84916 kB
Cached:          1199488 kB
MemTotal:        1844596 kB
MemFree:          283296 kB
MemAvailable:    1459280 kB
Buffers:           84916 kB
Cached:          1199488 kB
MemTotal:        1844596 kB
MemFree:          283296 kB
MemAvailable:    1459280 kB
Buffers:           84916 kB
Cached:          1199488 kB
MemTotal:        1844596 kB
MemFree:          282136 kB
MemAvailable:    1458120 kB
Buffers:           84916 kB
Cached:          1199488 kB
MemTotal:        1844596 kB
MemFree:          282008 kB
MemAvailable:    1457992 kB
Buffers:           84916 kB
Cached:          1199488 kB
MemTotal:        1844596 kB
MemFree:          281080 kB
MemAvailable:    1457064 kB
Buffers:           84916 kB
Cached:          1199488 kB
MemTotal:        1844596 kB
MemFree:          281632 kB
MemAvailable:    1457616 kB
Buffers:           84916 kB
Cached:          1199488 kB
MemTotal:        1844596 kB
MemFree:          281632 kB
MemAvailable:    1457616 kB
Buffers:           84916 kB
Cached:          1199488 kB
MemTotal:        1844596 kB
MemFree:          281644 kB
MemAvailable:    1457628 kB
Buffers:           84916 kB
Cached:          1199488 kB
MemTotal:        1844596 kB
MemFree:          280524 kB
MemAvailable:    1456508 kB
Buffers:           84916 kB
Cached:          1199488 kB
MemTotal:        1844596 kB
MemFree:          281692 kB
MemAvailable:    1457676 kB
Buffers:           84916 kB
Cached:          1199488 kB
MemTotal:        1844596 kB
MemFree:          280956 kB
MemAvailable:    1456940 kB
Buffers:           84916 kB
Cached:          1199488 kB
MemTotal:        1844596 kB
MemFree:          281548 kB
MemAvailable:    1457532 kB
Buffers:           84916 kB
Cached:          1199488 kB
MemTotal:        1844596 kB
MemFree:          281632 kB
MemAvailable:    1457616 kB
Buffers:           84916 kB
Cached:          1199488 kB
MemTotal:        1844596 kB
MemFree:          280404 kB
MemAvailable:    1456388 kB
Buffers:           84916 kB
Cached:          1199488 kB
MemTotal:        1844596 kB
MemFree:          281624 kB
MemAvailable:    1457608 kB
Buffers:           84916 kB
Cached:          1199488 kB
MemTotal:        1844596 kB
MemFree:          281436 kB
MemAvailable:    1457420 kB
Buffers:           84916 kB
Cached:          1199488 kB
MemTotal:        1844596 kB
MemFree:          281688 kB
MemAvailable:    1457672 kB
Buffers:           84916 kB
Cached:          1199488 kB
MemTotal:        1844596 kB
MemFree:          284104 kB
MemAvailable:    1460088 kB
Buffers:           84916 kB
Cached:          1199488 kB
MemTotal:        1844596 kB
MemFree:          282056 kB
MemAvailable:    1458040 kB
Buffers:           84916 kB
Cached:          1199488 kB
MemTotal:        1844596 kB
MemFree:          282056 kB
MemAvailable:    1458040 kB
Buffers:           84916 kB
Cached:          1199488 kB
MemTotal:        1844596 kB
MemFree:          281504 kB
MemAvailable:    1457488 kB
Buffers:           84916 kB
Cached:          1199488 kB
MemTotal:        1844596 kB
MemFree:          281840 kB
MemAvailable:    1457824 kB
Buffers:           84916 kB
Cached:          1199488 kB
MemTotal:        1844596 kB
MemFree:          281624 kB
MemAvailable:    1457608 kB
Buffers:           84916 kB
Cached:          1199488 kB
MemTotal:        1844596 kB
MemFree:          281624 kB
MemAvailable:    1457608 kB
Buffers:           84916 kB
Cached:          1199488 kB
MemTotal:        1844596 kB
MemFree:          281672 kB
MemAvailable:    1457656 kB
Buffers:           84916 kB
Cached:          1199488 kB
MemTotal:        1844596 kB
MemFree:          281924 kB
MemAvailable:    1457908 kB
Buffers:           84916 kB
Cached:          1199488 kB
MemTotal:        1844596 kB
MemFree:          281624 kB
MemAvailable:    1457608 kB
Buffers:           84916 kB
Cached:          1199488 kB
MemTotal:        1844596 kB
MemFree:          281708 kB
MemAvailable:    1457692 kB
Buffers:           84916 kB
Cached:          1199488 kB
MemTotal:        1844596 kB
MemFree:          281760 kB
MemAvailable:    1457744 kB
Buffers:           84916 kB
Cached:          1199488 kB
MemTotal:        1844596 kB
MemFree:          281692 kB
MemAvailable:    1457676 kB
Buffers:           84916 kB
Cached:          1199488 kB
MemTotal:        1844596 kB
MemFree:          281944 kB
MemAvailable:    1457928 kB
Buffers:           84916 kB
Cached:          1199488 kB
MemTotal:        1844596 kB
MemFree:          281636 kB
MemAvailable:    1457620 kB
Buffers:           84916 kB
Cached:          1199488 kB
MemTotal:        1844596 kB
MemFree:          281888 kB
MemAvailable:    1457872 kB
Buffers:           84916 kB
Cached:          1199488 kB
MemTotal:        1844596 kB
MemFree:          280820 kB
MemAvailable:    1456804 kB
Buffers:           84916 kB
Cached:          1199488 kB
MemTotal:        1844596 kB
MemFree:          281748 kB
MemAvailable:    1457732 kB
Buffers:           84916 kB
Cached:          1199488 kB
MemTotal:        1844596 kB
MemFree:          281756 kB
MemAvailable:    1457740 kB
Buffers:           84916 kB
Cached:          1199488 kB
MemTotal:        1844596 kB
MemFree:          281756 kB
MemAvailable:    1457740 kB
Buffers:           84916 kB
Cached:          1199488 kB
MemTotal:        1844596 kB
MemFree:          281684 kB
MemAvailable:    1457668 kB
Buffers:           84916 kB
Cached:          1199488 kB
MemTotal:        1844596 kB
MemFree:          281684 kB
MemAvailable:    1457668 kB
Buffers:           84916 kB
Cached:          1199488 kB
MemTotal:        1844596 kB
MemFree:          281772 kB
MemAvailable:    1457756 kB
Buffers:           84916 kB
Cached:          1199488 kB
MemTotal:        1844596 kB
MemFree:          281080 kB
MemAvailable:    1457064 kB
Buffers:           84916 kB
Cached:          1199488 kB
MemTotal:        1844596 kB
MemFree:          282064 kB
MemAvailable:    1458052 kB
Buffers:           84916 kB
Cached:          1199492 kB
MemTotal:        1844596 kB
MemFree:          280832 kB
MemAvailable:    1456820 kB
Buffers:           84916 kB
Cached:          1199492 kB
MemTotal:        1844596 kB
MemFree:          281740 kB
MemAvailable:    1457728 kB
Buffers:           84916 kB
Cached:          1199492 kB
MemTotal:        1844596 kB
MemFree:          281804 kB
MemAvailable:    1457792 kB
Buffers:           84916 kB
Cached:          1199492 kB
MemTotal:        1844596 kB
MemFree:          282320 kB
MemAvailable:    1458308 kB
Buffers:           84916 kB
Cached:          1199492 kB
MemTotal:        1844596 kB
MemFree:          281924 kB
MemAvailable:    1457912 kB
Buffers:           84916 kB
Cached:          1199492 kB
MemTotal:        1844596 kB
MemFree:          281924 kB
MemAvailable:    1457912 kB
Buffers:           84916 kB
Cached:          1199492 kB
MemTotal:        1844596 kB
MemFree:          280528 kB
MemAvailable:    1456516 kB
Buffers:           84916 kB
Cached:          1199492 kB
MemTotal:        1844596 kB
MemFree:          281768 kB
MemAvailable:    1457756 kB
Buffers:           84916 kB
Cached:          1199492 kB
MemTotal:        1844596 kB
MemFree:          279900 kB
MemAvailable:    1455888 kB
Buffers:           84916 kB
Cached:          1199492 kB
MemTotal:        1844596 kB
MemFree:          276924 kB
MemAvailable:    1452912 kB
Buffers:           84916 kB
Cached:          1199492 kB
MemTotal:        1844596 kB
MemFree:          274260 kB
MemAvailable:    1450248 kB
Buffers:           84916 kB
Cached:          1199492 kB
MemTotal:        1844596 kB
MemFree:          274976 kB
MemAvailable:    1450964 kB
Buffers:           84916 kB
Cached:          1199492 kB
MemTotal:        1844596 kB
MemFree:          275228 kB
MemAvailable:    1451216 kB
Buffers:           84916 kB
Cached:          1199492 kB
MemTotal:        1844596 kB
MemFree:          275068 kB
MemAvailable:    1451056 kB
Buffers:           84916 kB
Cached:          1199492 kB
MemTotal:        1844596 kB
MemFree:          274384 kB
MemAvailable:    1450372 kB
Buffers:           84916 kB
Cached:          1199492 kB
MemTotal:        1844596 kB
MemFree:          275560 kB
MemAvailable:    1451548 kB
Buffers:           84916 kB
Cached:          1199492 kB
MemTotal:        1844596 kB
MemFree:          274260 kB
MemAvailable:    1450248 kB
Buffers:           84916 kB
Cached:          1199492 kB
MemTotal:        1844596 kB
MemFree:          275236 kB
MemAvailable:    1451224 kB
Buffers:           84916 kB
Cached:          1199492 kB
MemTotal:        1844596 kB
MemFree:          274384 kB
MemAvailable:    1450372 kB
Buffers:           84916 kB
Cached:          1199492 kB
MemTotal:        1844596 kB
MemFree:          274120 kB
MemAvailable:    1450108 kB
Buffers:           84916 kB
Cached:          1199492 kB
MemTotal:        1844596 kB
MemFree:          274928 kB
MemAvailable:    1450916 kB
Buffers:           84916 kB
Cached:          1199492 kB
MemTotal:        1844596 kB
MemFree:          275180 kB
MemAvailable:    1451168 kB
Buffers:           84916 kB
Cached:          1199492 kB
MemTotal:        1844596 kB
MemFree:          274000 kB
MemAvailable:    1449988 kB
Buffers:           84916 kB
Cached:          1199492 kB
MemTotal:        1844596 kB
MemFree:          273952 kB
MemAvailable:    1449940 kB
Buffers:           84920 kB
Cached:          1199488 kB
MemTotal:        1844596 kB
MemFree:          275128 kB
MemAvailable:    1451116 kB
Buffers:           84920 kB
Cached:          1199488 kB
MemTotal:        1844596 kB
MemFree:          275128 kB
MemAvailable:    1451116 kB
Buffers:           84920 kB
Cached:          1199488 kB
MemTotal:        1844596 kB
MemFree:          275068 kB
MemAvailable:    1451056 kB
Buffers:           84920 kB
Cached:          1199488 kB
MemTotal:        1844596 kB
MemFree:          274972 kB
MemAvailable:    1450960 kB
Buffers:           84920 kB
Cached:          1199488 kB
MemTotal:        1844596 kB
MemFree:          275056 kB
MemAvailable:    1451044 kB
Buffers:           84920 kB
Cached:          1199488 kB
MemTotal:        1844596 kB
MemFree:          275112 kB
MemAvailable:    1451100 kB
Buffers:           84920 kB
Cached:          1199488 kB
MemTotal:        1844596 kB
MemFree:          275196 kB
MemAvailable:    1451184 kB
Buffers:           84920 kB
Cached:          1199488 kB
MemTotal:        1844596 kB
MemFree:          274940 kB
MemAvailable:    1450928 kB
Buffers:           84920 kB
Cached:          1199488 kB
MemTotal:        1844596 kB
MemFree:          275196 kB
MemAvailable:    1451184 kB
Buffers:           84920 kB
Cached:          1199488 kB
MemTotal:        1844596 kB
MemFree:          275108 kB
MemAvailable:    1451096 kB
Buffers:           84920 kB
Cached:          1199488 kB
MemTotal:        1844596 kB
MemFree:          275080 kB
MemAvailable:    1451076 kB
Buffers:           84920 kB
Cached:          1199496 kB
MemTotal:        1844596 kB
MemFree:          275332 kB
MemAvailable:    1451328 kB
Buffers:           84920 kB
Cached:          1199496 kB
MemTotal:        1844596 kB
MemFree:          274940 kB
MemAvailable:    1450936 kB
Buffers:           84920 kB
Cached:          1199496 kB
MemTotal:        1844596 kB
MemFree:          275192 kB
MemAvailable:    1451188 kB
Buffers:           84920 kB
Cached:          1199496 kB
MemTotal:        1844596 kB
MemFree:          275116 kB
MemAvailable:    1451112 kB
Buffers:           84920 kB
Cached:          1199496 kB
MemTotal:        1844596 kB
MemFree:          274260 kB
MemAvailable:    1450256 kB
Buffers:           84920 kB
Cached:          1199496 kB
MemTotal:        1844596 kB
MemFree:          275560 kB
MemAvailable:    1451556 kB
Buffers:           84920 kB
Cached:          1199496 kB
MemTotal:        1844596 kB
MemFree:          274632 kB
MemAvailable:    1450628 kB
Buffers:           84920 kB
Cached:          1199496 kB
MemTotal:        1844596 kB
MemFree:          275068 kB
MemAvailable:    1451064 kB
Buffers:           84920 kB
Cached:          1199496 kB
MemTotal:        1844596 kB
MemFree:          275200 kB
MemAvailable:    1451196 kB
Buffers:           84920 kB
Cached:          1199496 kB
MemTotal:        1844596 kB
MemFree:          280272 kB
MemAvailable:    1456268 kB
Buffers:           84920 kB
Cached:          1199496 kB
MemTotal:        1844596 kB
MemFree:          280396 kB
MemAvailable:    1456392 kB
Buffers:           84920 kB
Cached:          1199496 kB
MemTotal:        1844596 kB
MemFree:          279096 kB
MemAvailable:    1455092 kB
Buffers:           84920 kB
Cached:          1199496 kB
MemTotal:        1844596 kB
MemFree:          279192 kB
MemAvailable:    1455188 kB
Buffers:           84920 kB
Cached:          1199496 kB
MemTotal:        1844596 kB
MemFree:          279192 kB
MemAvailable:    1455188 kB
Buffers:           84920 kB
Cached:          1199496 kB
MemTotal:        1844596 kB
MemFree:          279248 kB
MemAvailable:    1455244 kB
Buffers:           84920 kB
Cached:          1199496 kB
MemTotal:        1844596 kB
MemFree:          279124 kB
MemAvailable:    1455120 kB
Buffers:           84920 kB
Cached:          1199496 kB
MemTotal:        1844596 kB
MemFree:          278840 kB
MemAvailable:    1454836 kB
Buffers:           84920 kB
Cached:          1199496 kB
MemTotal:        1844596 kB
MemFree:          276120 kB
MemAvailable:    1452116 kB
Buffers:           84920 kB
Cached:          1199496 kB
MemTotal:        1844596 kB
MemFree:          276988 kB
MemAvailable:    1452984 kB
Buffers:           84920 kB
Cached:          1199496 kB
MemTotal:        1844596 kB
MemFree:          276864 kB
MemAvailable:    1452860 kB
Buffers:           84920 kB
Cached:          1199496 kB
MemTotal:        1844596 kB
MemFree:          276732 kB
MemAvailable:    1452728 kB
Buffers:           84920 kB
Cached:          1199496 kB
MemTotal:        1844596 kB
MemFree:          275228 kB
MemAvailable:    1451224 kB
Buffers:           84920 kB
Cached:          1199496 kB
MemTotal:        1844596 kB
MemFree:          276620 kB
MemAvailable:    1452616 kB
Buffers:           84920 kB
Cached:          1199496 kB
MemTotal:        1844596 kB
MemFree:          275872 kB
MemAvailable:    1451868 kB
Buffers:           84920 kB
Cached:          1199496 kB
MemTotal:        1844596 kB
MemFree:          276340 kB
MemAvailable:    1452336 kB
Buffers:           84920 kB
Cached:          1199496 kB
MemTotal:        1844596 kB
MemFree:          276508 kB
MemAvailable:    1452504 kB
Buffers:           84920 kB
Cached:          1199496 kB
MemTotal:        1844596 kB
MemFree:          276544 kB
MemAvailable:    1452540 kB
Buffers:           84920 kB
Cached:          1199496 kB
MemTotal:        1844596 kB
MemFree:          275872 kB
MemAvailable:    1451868 kB
Buffers:           84920 kB
Cached:          1199496 kB
MemTotal:        1844596 kB
MemFree:          276464 kB
MemAvailable:    1452460 kB
Buffers:           84920 kB
Cached:          1199496 kB
MemTotal:        1844596 kB
MemFree:          276716 kB
MemAvailable:    1452712 kB
Buffers:           84920 kB
Cached:          1199496 kB
MemTotal:        1844596 kB
MemFree:          276664 kB
MemAvailable:    1452660 kB
Buffers:           84920 kB
Cached:          1199496 kB
MemTotal:        1844596 kB
MemFree:          276244 kB
MemAvailable:    1452240 kB
Buffers:           84920 kB
Cached:          1199496 kB
MemTotal:        1844596 kB
MemFree:          276532 kB
MemAvailable:    1452528 kB
Buffers:           84920 kB
Cached:          1199496 kB
MemTotal:        1844596 kB
MemFree:          276208 kB
MemAvailable:    1452204 kB
Buffers:           84920 kB
Cached:          1199496 kB
MemTotal:        1844596 kB
MemFree:          276208 kB
MemAvailable:    1452204 kB
Buffers:           84920 kB
Cached:          1199496 kB
MemTotal:        1844596 kB
MemFree:          276048 kB
MemAvailable:    1452044 kB
Buffers:           84920 kB
Cached:          1199496 kB
MemTotal:        1844596 kB
MemFree:          275320 kB
MemAvailable:    1451316 kB
Buffers:           84920 kB
Cached:          1199496 kB
MemTotal:        1844596 kB
MemFree:          276020 kB
MemAvailable:    1452016 kB
Buffers:           84920 kB
Cached:          1199496 kB
MemTotal:        1844596 kB
MemFree:          275780 kB
MemAvailable:    1451776 kB
Buffers:           84920 kB
Cached:          1199496 kB
MemTotal:        1844596 kB
MemFree:          275780 kB
MemAvailable:    1451776 kB
Buffers:           84920 kB
Cached:          1199496 kB
MemTotal:        1844596 kB
MemFree:          275900 kB
MemAvailable:    1451896 kB
Buffers:           84920 kB
Cached:          1199496 kB
MemTotal:        1844596 kB
MemFree:          275684 kB
MemAvailable:    1451680 kB
Buffers:           84920 kB
Cached:          1199496 kB
MemTotal:        1844596 kB
MemFree:          274308 kB
MemAvailable:    1450304 kB
Buffers:           84920 kB
Cached:          1199496 kB
MemTotal:        1844596 kB
MemFree:          274552 kB
MemAvailable:    1450548 kB
Buffers:           84920 kB
Cached:          1199496 kB
MemTotal:        1844596 kB
MemFree:          275604 kB
MemAvailable:    1451600 kB
Buffers:           84920 kB
Cached:          1199496 kB
MemTotal:        1844596 kB
MemFree:          275856 kB
MemAvailable:    1451852 kB
Buffers:           84920 kB
Cached:          1199496 kB
MemTotal:        1844596 kB
MemFree:          276940 kB
MemAvailable:    1452936 kB
Buffers:           84920 kB
Cached:          1199496 kB
MemTotal:        1844596 kB
MemFree:          277024 kB
MemAvailable:    1453020 kB
Buffers:           84920 kB
Cached:          1199496 kB
MemTotal:        1844596 kB
MemFree:          277112 kB
MemAvailable:    1453108 kB
Buffers:           84920 kB
Cached:          1199496 kB
MemTotal:        1844596 kB
MemFree:          277096 kB
MemAvailable:    1453092 kB
Buffers:           84920 kB
Cached:          1199496 kB
MemTotal:        1844596 kB
MemFree:          276924 kB
MemAvailable:    1452920 kB
Buffers:           84920 kB
Cached:          1199496 kB
MemTotal:        1844596 kB
MemFree:          275872 kB
MemAvailable:    1451868 kB
Buffers:           84920 kB
Cached:          1199496 kB
MemTotal:        1844596 kB
MemFree:          277384 kB
MemAvailable:    1453380 kB
Buffers:           84920 kB
Cached:          1199496 kB
MemTotal:        1844596 kB
MemFree:          276972 kB
MemAvailable:    1452968 kB
Buffers:           84920 kB
Cached:          1199496 kB
MemTotal:        1844596 kB
MemFree:          277056 kB
MemAvailable:    1453052 kB
Buffers:           84920 kB
Cached:          1199496 kB
MemTotal:        1844596 kB
MemFree:          277172 kB
MemAvailable:    1453168 kB
Buffers:           84920 kB
Cached:          1199496 kB
MemTotal:        1844596 kB
MemFree:          276064 kB
MemAvailable:    1452060 kB
Buffers:           84920 kB
Cached:          1199496 kB
MemTotal:        1844596 kB
MemFree:          277116 kB
MemAvailable:    1453112 kB
Buffers:           84920 kB
Cached:          1199496 kB
MemTotal:        1844596 kB
MemFree:          276916 kB
MemAvailable:    1452912 kB
Buffers:           84920 kB
Cached:          1199496 kB
MemTotal:        1844596 kB
MemFree:          277168 kB
MemAvailable:    1453164 kB
Buffers:           84920 kB
Cached:          1199496 kB
MemTotal:        1844596 kB
MemFree:          276960 kB
MemAvailable:    1452956 kB
Buffers:           84920 kB
Cached:          1199496 kB
MemTotal:        1844596 kB
MemFree:          277296 kB
MemAvailable:    1453292 kB
Buffers:           84920 kB
Cached:          1199496 kB
MemTotal:        1844596 kB
MemFree:          276912 kB
MemAvailable:    1452908 kB
Buffers:           84920 kB
Cached:          1199496 kB
MemTotal:        1844596 kB
MemFree:          276996 kB
MemAvailable:    1452992 kB
Buffers:           84920 kB
Cached:          1199496 kB
MemTotal:        1844596 kB
MemFree:          276932 kB
MemAvailable:    1452928 kB
Buffers:           84920 kB
Cached:          1199496 kB
MemTotal:        1844596 kB
MemFree:          277188 kB
MemAvailable:    1453184 kB
Buffers:           84920 kB
Cached:          1199496 kB
MemTotal:        1844596 kB
MemFree:          276800 kB
MemAvailable:    1452796 kB
Buffers:           84920 kB
Cached:          1199496 kB
MemTotal:        1844596 kB
MemFree:          277052 kB
MemAvailable:    1453048 kB
Buffers:           84920 kB
Cached:          1199496 kB
MemTotal:        1844596 kB
MemFree:          277036 kB
MemAvailable:    1453032 kB
Buffers:           84920 kB
Cached:          1199496 kB
MemTotal:        1844596 kB
MemFree:          275852 kB
MemAvailable:    1451848 kB
Buffers:           84920 kB
Cached:          1199496 kB
MemTotal:        1844596 kB
MemFree:          276180 kB
MemAvailable:    1452176 kB
Buffers:           84920 kB
Cached:          1199496 kB
MemTotal:        1844596 kB
MemFree:          275864 kB
MemAvailable:    1451860 kB
Buffers:           84920 kB
Cached:          1199496 kB
MemTotal:        1844596 kB
MemFree:          275136 kB
MemAvailable:    1451132 kB
Buffers:           84920 kB
Cached:          1199496 kB
MemTotal:        1844596 kB
MemFree:          275636 kB
MemAvailable:    1451632 kB
Buffers:           84920 kB
Cached:          1199496 kB
MemTotal:        1844596 kB
MemFree:          274364 kB
MemAvailable:    1450360 kB
Buffers:           84920 kB
Cached:          1199496 kB
MemTotal:        1844596 kB
MemFree:          275604 kB
MemAvailable:    1451600 kB
Buffers:           84920 kB
Cached:          1199496 kB
MemTotal:        1844596 kB
MemFree:          275216 kB
MemAvailable:    1451212 kB
Buffers:           84920 kB
Cached:          1199496 kB
MemTotal:        1844596 kB
MemFree:          274136 kB
MemAvailable:    1450144 kB
Buffers:           84920 kB
Cached:          1199508 kB
MemTotal:        1844596 kB
MemFree:          273956 kB
MemAvailable:    1449964 kB
Buffers:           84920 kB
Cached:          1199508 kB
MemTotal:        1844596 kB
MemFree:          275056 kB
MemAvailable:    1451064 kB
Buffers:           84920 kB
Cached:          1199508 kB
MemTotal:        1844596 kB
MemFree:          275056 kB
MemAvailable:    1451064 kB
Buffers:           84920 kB
Cached:          1199508 kB
MemTotal:        1844596 kB
MemFree:          274808 kB
MemAvailable:    1450816 kB
Buffers:           84920 kB
Cached:          1199508 kB
MemTotal:        1844596 kB
MemFree:          274712 kB
MemAvailable:    1450720 kB
Buffers:           84920 kB
Cached:          1199508 kB
MemTotal:        1844596 kB
MemFree:          273468 kB
MemAvailable:    1449476 kB
Buffers:           84920 kB
Cached:          1199508 kB
MemTotal:        1844596 kB
MemFree:          274576 kB
MemAvailable:    1450584 kB
Buffers:           84920 kB
Cached:          1199508 kB
MemTotal:        1844596 kB
MemFree:          274828 kB
MemAvailable:    1450836 kB
Buffers:           84920 kB
Cached:          1199508 kB
MemTotal:        1844596 kB
MemFree:          274740 kB
MemAvailable:    1450748 kB
Buffers:           84920 kB
Cached:          1199508 kB
MemTotal:        1844596 kB
MemFree:          274628 kB
MemAvailable:    1450636 kB
Buffers:           84920 kB
Cached:          1199508 kB
MemTotal:        1844596 kB
MemFree:          274664 kB
MemAvailable:    1450672 kB
Buffers:           84920 kB
Cached:          1199508 kB
MemTotal:        1844596 kB
MemFree:          274616 kB
MemAvailable:    1450624 kB
Buffers:           84920 kB
Cached:          1199508 kB
MemTotal:        1844596 kB
MemFree:          273640 kB
MemAvailable:    1449648 kB
Buffers:           84920 kB
Cached:          1199508 kB
MemTotal:        1844596 kB
MemFree:          274680 kB
MemAvailable:    1450688 kB
Buffers:           84920 kB
Cached:          1199508 kB
MemTotal:        1844596 kB
MemFree:          274632 kB
MemAvailable:    1450640 kB
Buffers:           84920 kB
Cached:          1199508 kB
MemTotal:        1844596 kB
MemFree:          274012 kB
MemAvailable:    1450020 kB
Buffers:           84920 kB
Cached:          1199508 kB
MemTotal:        1844596 kB
MemFree:          274512 kB
MemAvailable:    1450520 kB
Buffers:           84920 kB
Cached:          1199508 kB
MemTotal:        1844596 kB
MemFree:          273212 kB
MemAvailable:    1449220 kB
Buffers:           84920 kB
Cached:          1199508 kB
MemTotal:        1844596 kB
MemFree:          273628 kB
MemAvailable:    1449636 kB
Buffers:           84920 kB
Cached:          1199508 kB
MemTotal:        1844596 kB
MemFree:          273620 kB
MemAvailable:    1449628 kB
Buffers:           84920 kB
Cached:          1199508 kB
MemTotal:        1844596 kB
MemFree:          274308 kB
MemAvailable:    1450316 kB
Buffers:           84920 kB
Cached:          1199508 kB
MemTotal:        1844596 kB
MemFree:          273196 kB
MemAvailable:    1449204 kB
Buffers:           84920 kB
Cached:          1199508 kB
MemTotal:        1844596 kB
MemFree:          274604 kB
MemAvailable:    1450612 kB
Buffers:           84920 kB
Cached:          1199508 kB
MemTotal:        1844596 kB
MemFree:          274012 kB
MemAvailable:    1450020 kB
Buffers:           84920 kB
Cached:          1199508 kB
MemTotal:        1844596 kB
MemFree:          274620 kB
MemAvailable:    1450628 kB
Buffers:           84920 kB
Cached:          1199508 kB
MemTotal:        1844596 kB
MemFree:          274572 kB
MemAvailable:    1450580 kB
Buffers:           84920 kB
Cached:          1199508 kB
MemTotal:        1844596 kB
MemFree:          274384 kB
MemAvailable:    1450392 kB
Buffers:           84920 kB
Cached:          1199508 kB
MemTotal:        1844596 kB
MemFree:          274680 kB
MemAvailable:    1450688 kB
Buffers:           84920 kB
Cached:          1199508 kB
MemTotal:        1844596 kB
MemFree:          273888 kB
MemAvailable:    1449896 kB
Buffers:           84920 kB
Cached:          1199508 kB
MemTotal:        1844596 kB
MemFree:          274620 kB
MemAvailable:    1450628 kB
Buffers:           84920 kB
Cached:          1199508 kB
MemTotal:        1844596 kB
MemFree:          273476 kB
MemAvailable:    1449484 kB
Buffers:           84920 kB
Cached:          1199508 kB
MemTotal:        1844596 kB
MemFree:          273508 kB
MemAvailable:    1449516 kB
Buffers:           84920 kB
Cached:          1199508 kB
MemTotal:        1844596 kB
MemFree:          274560 kB
MemAvailable:    1450568 kB
Buffers:           84920 kB
Cached:          1199508 kB
MemTotal:        1844596 kB
MemFree:          273252 kB
MemAvailable:    1449260 kB
Buffers:           84920 kB
Cached:          1199508 kB
MemTotal:        1844596 kB
MemFree:          274228 kB
MemAvailable:    1450236 kB
Buffers:           84920 kB
Cached:          1199508 kB
MemTotal:        1844596 kB
MemFree:          274228 kB
MemAvailable:    1450236 kB
Buffers:           84920 kB
Cached:          1199508 kB
MemTotal:        1844596 kB
MemFree:          273924 kB
MemAvailable:    1449932 kB
Buffers:           84920 kB
Cached:          1199508 kB
MemTotal:        1844596 kB
MemFree:          274136 kB
MemAvailable:    1450144 kB
Buffers:           84920 kB
Cached:          1199508 kB
MemTotal:        1844596 kB
MemFree:          274080 kB
MemAvailable:    1450088 kB
Buffers:           84920 kB
Cached:          1199508 kB
MemTotal:        1844596 kB
MemFree:          273000 kB
MemAvailable:    1449008 kB
Buffers:           84920 kB
Cached:          1199508 kB
MemTotal:        1844596 kB
MemFree:          274052 kB
MemAvailable:    1450060 kB
Buffers:           84920 kB
Cached:          1199508 kB
MemTotal:        1844596 kB
MemFree:          274108 kB
MemAvailable:    1450116 kB
Buffers:           84920 kB
Cached:          1199508 kB
MemTotal:        1844596 kB
MemFree:          272992 kB
MemAvailable:    1449000 kB
Buffers:           84920 kB
Cached:          1199508 kB
MemTotal:        1844596 kB
MemFree:          273984 kB
MemAvailable:    1449992 kB
Buffers:           84920 kB
Cached:          1199508 kB
MemTotal:        1844596 kB
MemFree:          272736 kB
MemAvailable:    1448744 kB
Buffers:           84920 kB
Cached:          1199508 kB
MemTotal:        1844596 kB
MemFree:          273712 kB
MemAvailable:    1449720 kB
Buffers:           84920 kB
Cached:          1199508 kB
MemTotal:        1844596 kB
MemFree:          273640 kB
MemAvailable:    1449648 kB
Buffers:           84920 kB
Cached:          1199508 kB
MemTotal:        1844596 kB
MemFree:          273644 kB
MemAvailable:    1449652 kB
Buffers:           84920 kB
Cached:          1199508 kB
MemTotal:        1844596 kB
MemFree:          273572 kB
MemAvailable:    1449580 kB
Buffers:           84920 kB
Cached:          1199508 kB
MemTotal:        1844596 kB
MemFree:          273152 kB
MemAvailable:    1449160 kB
Buffers:           84920 kB
Cached:          1199508 kB
MemTotal:        1844596 kB
MemFree:          273592 kB
MemAvailable:    1449600 kB
Buffers:           84920 kB
Cached:          1199508 kB
MemTotal:        1844596 kB
MemFree:          273836 kB
MemAvailable:    1449844 kB
Buffers:           84920 kB
Cached:          1199508 kB
MemTotal:        1844596 kB
MemFree:          273452 kB
MemAvailable:    1449460 kB
Buffers:           84920 kB
Cached:          1199508 kB
MemTotal:        1844596 kB
MemFree:          273516 kB
MemAvailable:    1449524 kB
Buffers:           84920 kB
Cached:          1199508 kB
MemTotal:        1844596 kB
MemFree:          273488 kB
MemAvailable:    1449496 kB
Buffers:           84920 kB
Cached:          1199508 kB
MemTotal:        1844596 kB
MemFree:          273740 kB
MemAvailable:    1449748 kB
Buffers:           84920 kB
Cached:          1199508 kB
MemTotal:        1844596 kB
MemFree:          272504 kB
MemAvailable:    1448512 kB
Buffers:           84920 kB
Cached:          1199508 kB
MemTotal:        1844596 kB
MemFree:          273640 kB
MemAvailable:    1449648 kB
Buffers:           84920 kB
Cached:          1199508 kB
MemTotal:        1844596 kB
MemFree:          273676 kB
MemAvailable:    1449684 kB
Buffers:           84920 kB
Cached:          1199508 kB
MemTotal:        1844596 kB
MemFree:          272740 kB
MemAvailable:    1448748 kB
Buffers:           84920 kB
Cached:          1199508 kB
MemTotal:        1844596 kB
MemFree:          273460 kB
MemAvailable:    1449468 kB
Buffers:           84920 kB
Cached:          1199508 kB
MemTotal:        1844596 kB
MemFree:          273716 kB
MemAvailable:    1449724 kB
Buffers:           84920 kB
Cached:          1199508 kB
MemTotal:        1844596 kB
MemFree:          273488 kB
MemAvailable:    1449496 kB
Buffers:           84920 kB
Cached:          1199508 kB
MemTotal:        1844596 kB
MemFree:          273824 kB
MemAvailable:    1449832 kB
Buffers:           84920 kB
Cached:          1199508 kB
MemTotal:        1844596 kB
MemFree:          273632 kB
MemAvailable:    1449640 kB
Buffers:           84920 kB
Cached:          1199508 kB
MemTotal:        1844596 kB
MemFree:          272896 kB
MemAvailable:    1448904 kB
Buffers:           84920 kB
Cached:          1199508 kB
MemTotal:        1844596 kB
MemFree:          273488 kB
MemAvailable:    1449496 kB
Buffers:           84920 kB
Cached:          1199508 kB
MemTotal:        1844596 kB
MemFree:          273824 kB
MemAvailable:    1449832 kB
Buffers:           84920 kB
Cached:          1199508 kB
MemTotal:        1844596 kB
MemFree:          272588 kB
MemAvailable:    1448596 kB
Buffers:           84920 kB
Cached:          1199508 kB
MemTotal:        1844596 kB
MemFree:          273572 kB
MemAvailable:    1449580 kB
Buffers:           84920 kB
Cached:          1199508 kB
MemTotal:        1844596 kB
MemFree:          273616 kB
MemAvailable:    1449624 kB
Buffers:           84920 kB
Cached:          1199508 kB
MemTotal:        1844596 kB
MemFree:          273020 kB
MemAvailable:    1449028 kB
Buffers:           84920 kB
Cached:          1199508 kB
MemTotal:        1844596 kB
MemFree:          273488 kB
MemAvailable:    1449496 kB
Buffers:           84920 kB
Cached:          1199508 kB
MemTotal:        1844596 kB
MemFree:          273740 kB
MemAvailable:    1449748 kB
Buffers:           84920 kB
Cached:          1199508 kB
MemTotal:        1844596 kB
MemFree:          273664 kB
MemAvailable:    1449672 kB
Buffers:           84920 kB
Cached:          1199508 kB
MemTotal:        1844596 kB
MemFree:          273020 kB
MemAvailable:    1449028 kB
Buffers:           84920 kB
Cached:          1199508 kB
MemTotal:        1844596 kB
MemFree:          272592 kB
MemAvailable:    1448600 kB
Buffers:           84920 kB
Cached:          1199508 kB
MemTotal:        1844596 kB
MemFree:          273500 kB
MemAvailable:    1449516 kB
Buffers:           84920 kB
Cached:          1199516 kB
MemTotal:        1844596 kB
MemFree:          273700 kB
MemAvailable:    1449716 kB
Buffers:           84920 kB
Cached:          1199516 kB
MemTotal:        1844596 kB
MemFree:          273448 kB
MemAvailable:    1449464 kB
Buffers:           84920 kB
Cached:          1199516 kB
MemTotal:        1844596 kB
MemFree:          273448 kB
MemAvailable:    1449464 kB
Buffers:           84920 kB
Cached:          1199516 kB
MemTotal:        1844596 kB
MemFree:          272716 kB
MemAvailable:    1448736 kB
Buffers:           84920 kB
Cached:          1199520 kB
MemTotal:        1844596 kB
MemFree:          273520 kB
MemAvailable:    1449540 kB
Buffers:           84920 kB
Cached:          1199520 kB
MemTotal:        1844596 kB
MemFree:          273520 kB
MemAvailable:    1449540 kB
Buffers:           84920 kB
Cached:          1199520 kB
MemTotal:        1844596 kB
MemFree:          273520 kB
MemAvailable:    1449540 kB
Buffers:           84920 kB
Cached:          1199520 kB
MemTotal:        1844596 kB
MemFree:          270896 kB
MemAvailable:    1446916 kB
Buffers:           84920 kB
Cached:          1199520 kB
MemTotal:        1844596 kB
MemFree:          270112 kB
MemAvailable:    1446216 kB
Buffers:           84920 kB
Cached:          1199520 kB
MemTotal:        1844596 kB
MemFree:          271352 kB
MemAvailable:    1447372 kB
Buffers:           84920 kB
Cached:          1199520 kB
MemTotal:        1844596 kB
MemFree:          271244 kB
MemAvailable:    1447264 kB
Buffers:           84920 kB
Cached:          1199520 kB
MemTotal:        1844596 kB
MemFree:          270004 kB
MemAvailable:    1446024 kB
Buffers:           84920 kB
Cached:          1199520 kB
MemTotal:        1844596 kB
MemFree:          268176 kB
MemAvailable:    1444196 kB
Buffers:           84920 kB
Cached:          1199520 kB
MemTotal:        1844596 kB
MemFree:          268260 kB
MemAvailable:    1444280 kB
Buffers:           84920 kB
Cached:          1199520 kB
MemTotal:        1844596 kB
MemFree:          267788 kB
MemAvailable:    1443808 kB
Buffers:           84920 kB
Cached:          1199520 kB
MemTotal:        1844596 kB
MemFree:          267944 kB
MemAvailable:    1443964 kB
Buffers:           84920 kB
Cached:          1199520 kB
MemTotal:        1844596 kB
MemFree:          266428 kB
MemAvailable:    1442448 kB
Buffers:           84920 kB
Cached:          1199520 kB
MemTotal:        1844596 kB
MemFree:          268360 kB
MemAvailable:    1444380 kB
Buffers:           84920 kB
Cached:          1199520 kB
MemTotal:        1844596 kB
MemFree:          267912 kB
MemAvailable:    1443932 kB
Buffers:           84920 kB
Cached:          1199520 kB
MemTotal:        1844596 kB
MemFree:          268164 kB
MemAvailable:    1444184 kB
Buffers:           84920 kB
Cached:          1199520 kB
MemTotal:        1844596 kB
MemFree:          267780 kB
MemAvailable:    1443800 kB
Buffers:           84920 kB
Cached:          1199520 kB
MemTotal:        1844596 kB
MemFree:          267780 kB
MemAvailable:    1443800 kB
Buffers:           84920 kB
Cached:          1199520 kB
MemTotal:        1844596 kB
MemFree:          266376 kB
MemAvailable:    1442396 kB
Buffers:           84920 kB
Cached:          1199520 kB
MemTotal:        1844596 kB
MemFree:          267676 kB
MemAvailable:    1443696 kB
Buffers:           84920 kB
Cached:          1199520 kB
MemTotal:        1844596 kB
MemFree:          267508 kB
MemAvailable:    1443528 kB
Buffers:           84920 kB
Cached:          1199520 kB
MemTotal:        1844596 kB
MemFree:          266208 kB
MemAvailable:    1442228 kB
Buffers:           84920 kB
Cached:          1199520 kB
MemTotal:        1844596 kB
MemFree:          267376 kB
MemAvailable:    1443396 kB
Buffers:           84920 kB
Cached:          1199520 kB
MemTotal:        1844596 kB
MemFree:          266208 kB
MemAvailable:    1442228 kB
Buffers:           84920 kB
Cached:          1199520 kB
MemTotal:        1844596 kB
MemFree:          267304 kB
MemAvailable:    1443324 kB
Buffers:           84920 kB
Cached:          1199520 kB
MemTotal:        1844596 kB
MemFree:          267436 kB
MemAvailable:    1443456 kB
Buffers:           84920 kB
Cached:          1199520 kB
MemTotal:        1844596 kB
MemFree:          267408 kB
MemAvailable:    1443428 kB
Buffers:           84920 kB
Cached:          1199520 kB
MemTotal:        1844596 kB
MemFree:          266572 kB
MemAvailable:    1442592 kB
Buffers:           84920 kB
Cached:          1199520 kB
MemTotal:        1844596 kB
MemFree:          267556 kB
MemAvailable:    1443580 kB
Buffers:           84920 kB
Cached:          1199524 kB
MemTotal:        1844596 kB
MemFree:          267556 kB
MemAvailable:    1443580 kB
Buffers:           84920 kB
Cached:          1199524 kB
MemTotal:        1844596 kB
MemFree:          266192 kB
MemAvailable:    1442216 kB
Buffers:           84920 kB
Cached:          1199524 kB
MemTotal:        1844596 kB
MemFree:          267060 kB
MemAvailable:    1443084 kB
Buffers:           84920 kB
Cached:          1199524 kB
MemTotal:        1844596 kB
MemFree:          267144 kB
MemAvailable:    1443168 kB
Buffers:           84920 kB
Cached:          1199524 kB
MemTotal:        1844596 kB
MemFree:          267116 kB
MemAvailable:    1443140 kB
Buffers:           84920 kB
Cached:          1199524 kB
MemTotal:        1844596 kB
MemFree:          266876 kB
MemAvailable:    1442900 kB
Buffers:           84920 kB
Cached:          1199524 kB
MemTotal:        1844596 kB
MemFree:          266876 kB
MemAvailable:    1442900 kB
Buffers:           84920 kB
Cached:          1199524 kB
MemTotal:        1844596 kB
MemFree:          266876 kB
MemAvailable:    1442900 kB
Buffers:           84920 kB
Cached:          1199524 kB
MemTotal:        1844596 kB
MemFree:          266628 kB
MemAvailable:    1442652 kB
Buffers:           84920 kB
Cached:          1199524 kB
MemTotal:        1844596 kB
MemFree:          266880 kB
MemAvailable:    1442904 kB
Buffers:           84920 kB
Cached:          1199524 kB
MemTotal:        1844596 kB
MemFree:          266708 kB
MemAvailable:    1442732 kB
Buffers:           84920 kB
Cached:          1199524 kB
MemTotal:        1844596 kB
MemFree:          266876 kB
MemAvailable:    1442900 kB
Buffers:           84920 kB
Cached:          1199524 kB
MemTotal:        1844596 kB
MemFree:          265652 kB
MemAvailable:    1441676 kB
Buffers:           84920 kB
Cached:          1199524 kB
MemTotal:        1844596 kB
MemFree:          265644 kB
MemAvailable:    1441668 kB
Buffers:           84920 kB
Cached:          1199524 kB
MemTotal:        1844596 kB
MemFree:          266664 kB
MemAvailable:    1442688 kB
Buffers:           84920 kB
Cached:          1199524 kB
MemTotal:        1844596 kB
MemFree:          266152 kB
MemAvailable:    1442176 kB
Buffers:           84920 kB
Cached:          1199524 kB
MemTotal:        1844596 kB
MemFree:          267060 kB
MemAvailable:    1443084 kB
Buffers:           84920 kB
Cached:          1199524 kB
MemTotal:        1844596 kB
MemFree:          267060 kB
MemAvailable:    1443084 kB
Buffers:           84920 kB
Cached:          1199524 kB
MemTotal:        1844596 kB
MemFree:          265572 kB
MemAvailable:    1441596 kB
Buffers:           84920 kB
Cached:          1199524 kB
MemTotal:        1844596 kB
MemFree:          266672 kB
MemAvailable:    1442696 kB
Buffers:           84920 kB
Cached:          1199524 kB
MemTotal:        1844596 kB
MemFree:          266756 kB
MemAvailable:    1442780 kB
Buffers:           84920 kB
Cached:          1199524 kB
MemTotal:        1844596 kB
MemFree:          266884 kB
MemAvailable:    1442908 kB
Buffers:           84920 kB
Cached:          1199524 kB
MemTotal:        1844596 kB
MemFree:          265372 kB
MemAvailable:    1441396 kB
Buffers:           84920 kB
Cached:          1199524 kB
MemTotal:        1844596 kB
MemFree:          266688 kB
MemAvailable:    1442712 kB
Buffers:           84920 kB
Cached:          1199524 kB
MemTotal:        1844596 kB
MemFree:          265836 kB
MemAvailable:    1441860 kB
Buffers:           84920 kB
Cached:          1199524 kB
MemTotal:        1844596 kB
MemFree:          266552 kB
MemAvailable:    1442576 kB
Buffers:           84920 kB
Cached:          1199524 kB
MemTotal:        1844596 kB
MemFree:          266636 kB
MemAvailable:    1442660 kB
Buffers:           84920 kB
Cached:          1199524 kB
MemTotal:        1844596 kB
MemFree:          266584 kB
MemAvailable:    1442608 kB
Buffers:           84920 kB
Cached:          1199524 kB
MemTotal:        1844596 kB
MemFree:          266504 kB
MemAvailable:    1442528 kB
Buffers:           84920 kB
Cached:          1199524 kB
MemTotal:        1844596 kB
MemFree:          265404 kB
MemAvailable:    1441428 kB
Buffers:           84920 kB
Cached:          1199524 kB
MemTotal:        1844596 kB
MemFree:          266524 kB
MemAvailable:    1442548 kB
Buffers:           84920 kB
Cached:          1199524 kB
MemTotal:        1844596 kB
MemFree:          266084 kB
MemAvailable:    1442108 kB
Buffers:           84920 kB
Cached:          1199524 kB
MemTotal:        1844596 kB
MemFree:          266552 kB
MemAvailable:    1442576 kB
Buffers:           84920 kB
Cached:          1199524 kB
MemTotal:        1844596 kB
MemFree:          266804 kB
MemAvailable:    1442828 kB
Buffers:           84920 kB
Cached:          1199524 kB
MemTotal:        1844596 kB
MemFree:          266504 kB
MemAvailable:    1442528 kB
Buffers:           84920 kB
Cached:          1199524 kB
MemTotal:        1844596 kB
MemFree:          266588 kB
MemAvailable:    1442612 kB
Buffers:           84920 kB
Cached:          1199524 kB
MemTotal:        1844596 kB
MemFree:          266580 kB
MemAvailable:    1442604 kB
Buffers:           84920 kB
Cached:          1199524 kB
MemTotal:        1844596 kB
MemFree:          265836 kB
MemAvailable:    1441860 kB
Buffers:           84920 kB
Cached:          1199524 kB
MemTotal:        1844596 kB
MemFree:          266812 kB
MemAvailable:    1442836 kB
Buffers:           84920 kB
Cached:          1199524 kB
MemTotal:        1844596 kB
MemFree:          266812 kB
MemAvailable:    1442836 kB
Buffers:           84920 kB
Cached:          1199524 kB
MemTotal:        1844596 kB
MemFree:          266692 kB
MemAvailable:    1442716 kB
Buffers:           84920 kB
Cached:          1199524 kB
MemTotal:        1844596 kB
MemFree:          266752 kB
MemAvailable:    1442776 kB
Buffers:           84920 kB
Cached:          1199524 kB
MemTotal:        1844596 kB
MemFree:          266704 kB
MemAvailable:    1442728 kB
Buffers:           84920 kB
Cached:          1199524 kB
MemTotal:        1844596 kB
MemFree:          265836 kB
MemAvailable:    1441860 kB
Buffers:           84920 kB
Cached:          1199524 kB
MemTotal:        1844596 kB
MemFree:          266552 kB
MemAvailable:    1442576 kB
Buffers:           84920 kB
Cached:          1199524 kB
MemTotal:        1844596 kB
MemFree:          266692 kB
MemAvailable:    1442716 kB
Buffers:           84920 kB
Cached:          1199524 kB
MemTotal:        1844596 kB
MemFree:          266580 kB
MemAvailable:    1442612 kB
Buffers:           84920 kB
Cached:          1199532 kB
MemTotal:        1844596 kB
MemFree:          266640 kB
MemAvailable:    1442672 kB
Buffers:           84920 kB
Cached:          1199532 kB
MemTotal:        1844596 kB
MemFree:          266448 kB
MemAvailable:    1442480 kB
Buffers:           84920 kB
Cached:          1199532 kB
MemTotal:        1844596 kB
MemFree:          266544 kB
MemAvailable:    1442576 kB
Buffers:           84920 kB
Cached:          1199532 kB
MemTotal:        1844596 kB
MemFree:          266796 kB
MemAvailable:    1442828 kB
Buffers:           84920 kB
Cached:          1199532 kB
MemTotal:        1844596 kB
MemFree:          265560 kB
MemAvailable:    1441592 kB
Buffers:           84920 kB
Cached:          1199532 kB
MemTotal:        1844596 kB
MemFree:          266720 kB
MemAvailable:    1442752 kB
Buffers:           84920 kB
Cached:          1199532 kB
MemTotal:        1844596 kB
MemFree:          272036 kB
MemAvailable:    1448068 kB
Buffers:           84920 kB
Cached:          1199532 kB
MemTotal:        1844596 kB
MemFree:          272628 kB
MemAvailable:    1448660 kB
Buffers:           84920 kB
Cached:          1199532 kB
MemTotal:        1844596 kB
MemFree:          272880 kB
MemAvailable:    1448912 kB
Buffers:           84920 kB
Cached:          1199532 kB
MemTotal:        1844596 kB
MemFree:          271480 kB
MemAvailable:    1447512 kB
Buffers:           84920 kB
Cached:          1199532 kB
MemTotal:        1844596 kB
MemFree:          271292 kB
MemAvailable:    1447324 kB
Buffers:           84920 kB
Cached:          1199532 kB
MemTotal:        1844596 kB
MemFree:          272344 kB
MemAvailable:    1448376 kB
Buffers:           84920 kB
Cached:          1199532 kB
MemTotal:        1844596 kB
MemFree:          271292 kB
MemAvailable:    1447324 kB
Buffers:           84920 kB
Cached:          1199532 kB
MemTotal:        1844596 kB
MemFree:          268300 kB
MemAvailable:    1444332 kB
Buffers:           84920 kB
Cached:          1199532 kB
MemTotal:        1844596 kB
MemFree:          268300 kB
MemAvailable:    1444332 kB
Buffers:           84920 kB
Cached:          1199532 kB
MemTotal:        1844596 kB
MemFree:          267872 kB
MemAvailable:    1443904 kB
Buffers:           84920 kB
Cached:          1199532 kB
MemTotal:        1844596 kB
MemFree:          267820 kB
MemAvailable:    1443852 kB
Buffers:           84920 kB
Cached:          1199532 kB
MemTotal:        1844596 kB
MemFree:          267672 kB
MemAvailable:    1443704 kB
Buffers:           84920 kB
Cached:          1199532 kB
MemTotal:        1844596 kB
MemFree:          267924 kB
MemAvailable:    1443956 kB
Buffers:           84920 kB
Cached:          1199532 kB
MemTotal:        1844596 kB
MemFree:          267424 kB
MemAvailable:    1443456 kB
Buffers:           84920 kB
Cached:          1199532 kB
MemTotal:        1844596 kB
MemFree:          267572 kB
MemAvailable:    1443604 kB
Buffers:           84920 kB
Cached:          1199532 kB
MemTotal:        1844596 kB
MemFree:          267452 kB
MemAvailable:    1443484 kB
Buffers:           84920 kB
Cached:          1199532 kB
MemTotal:        1844596 kB
MemFree:          267288 kB
MemAvailable:    1443320 kB
Buffers:           84920 kB
Cached:          1199532 kB
MemTotal:        1844596 kB
MemFree:          267200 kB
MemAvailable:    1443232 kB
Buffers:           84920 kB
Cached:          1199532 kB
MemTotal:        1844596 kB
MemFree:          267136 kB
MemAvailable:    1443168 kB
Buffers:           84920 kB
Cached:          1199532 kB
MemTotal:        1844596 kB
MemFree:          267084 kB
MemAvailable:    1443116 kB
Buffers:           84920 kB
Cached:          1199532 kB
MemTotal:        1844596 kB
MemFree:          267020 kB
MemAvailable:    1443052 kB
Buffers:           84920 kB
Cached:          1199532 kB
MemTotal:        1844596 kB
MemFree:          267276 kB
MemAvailable:    1443308 kB
Buffers:           84920 kB
Cached:          1199532 kB
MemTotal:        1844596 kB
MemFree:          266756 kB
MemAvailable:    1442788 kB
Buffers:           84920 kB
Cached:          1199532 kB
MemTotal:        1844596 kB
MemFree:          266840 kB
MemAvailable:    1442872 kB
Buffers:           84920 kB
Cached:          1199532 kB
MemTotal:        1844596 kB
MemFree:          266744 kB
MemAvailable:    1442776 kB
Buffers:           84920 kB
Cached:          1199532 kB
MemTotal:        1844596 kB
MemFree:          266996 kB
MemAvailable:    1443028 kB
Buffers:           84920 kB
Cached:          1199532 kB
MemTotal:        1844596 kB
MemFree:          267076 kB
MemAvailable:    1443108 kB
Buffers:           84920 kB
Cached:          1199532 kB
MemTotal:        1844596 kB
MemFree:          265704 kB
MemAvailable:    1441736 kB
Buffers:           84920 kB
Cached:          1199532 kB
MemTotal:        1844596 kB
MemFree:          272648 kB
MemAvailable:    1448680 kB
Buffers:           84920 kB
Cached:          1199532 kB
MemTotal:        1844596 kB
MemFree:          266944 kB
MemAvailable:    1442976 kB
Buffers:           84920 kB
Cached:          1199532 kB
MemTotal:        1844596 kB
MemFree:          272560 kB
MemAvailable:    1448592 kB
Buffers:           84920 kB
Cached:          1199532 kB
MemTotal:        1844596 kB
MemFree:          271460 kB
MemAvailable:    1447492 kB
Buffers:           84920 kB
Cached:          1199532 kB
MemTotal:        1844596 kB
MemFree:          271160 kB
MemAvailable:    1447192 kB
Buffers:           84920 kB
Cached:          1199532 kB
MemTotal:        1844596 kB
MemFree:          271028 kB
MemAvailable:    1447060 kB
Buffers:           84920 kB
Cached:          1199532 kB
MemTotal:        1844596 kB
MemFree:          272328 kB
MemAvailable:    1448360 kB
Buffers:           84920 kB
Cached:          1199532 kB
MemTotal:        1844596 kB
MemFree:          271044 kB
MemAvailable:    1447076 kB
Buffers:           84920 kB
Cached:          1199532 kB
MemTotal:        1844596 kB
MemFree:          272024 kB
MemAvailable:    1448056 kB
Buffers:           84920 kB
Cached:          1199532 kB
MemTotal:        1844596 kB
MemFree:          271912 kB
MemAvailable:    1447944 kB
Buffers:           84920 kB
Cached:          1199532 kB
MemTotal:        1844596 kB
MemFree:          271748 kB
MemAvailable:    1447780 kB
Buffers:           84920 kB
Cached:          1199532 kB
MemTotal:        1844596 kB
MemFree:          272000 kB
MemAvailable:    1448032 kB
Buffers:           84920 kB
Cached:          1199532 kB
MemTotal:        1844596 kB
MemFree:          271700 kB
MemAvailable:    1447732 kB
Buffers:           84920 kB
Cached:          1199532 kB
MemTotal:        1844596 kB
MemFree:          271700 kB
MemAvailable:    1447732 kB
Buffers:           84920 kB
Cached:          1199532 kB
MemTotal:        1844596 kB
MemFree:          271856 kB
MemAvailable:    1447888 kB
Buffers:           84920 kB
Cached:          1199532 kB
MemTotal:        1844596 kB
MemFree:          271820 kB
MemAvailable:    1447852 kB
Buffers:           84920 kB
Cached:          1199532 kB
MemTotal:        1844596 kB
MemFree:          270520 kB
MemAvailable:    1446552 kB
Buffers:           84920 kB
Cached:          1199532 kB
MemTotal:        1844596 kB
MemFree:          270768 kB
MemAvailable:    1446800 kB
Buffers:           84920 kB
Cached:          1199532 kB
MemTotal:        1844596 kB
MemFree:          269788 kB
MemAvailable:    1445820 kB
Buffers:           84920 kB
Cached:          1199532 kB
MemTotal:        1844596 kB
MemFree:          269556 kB
MemAvailable:    1445588 kB
Buffers:           84920 kB
Cached:          1199532 kB
MemTotal:        1844596 kB
MemFree:          268688 kB
MemAvailable:    1444720 kB
Buffers:           84920 kB
Cached:          1199532 kB
MemTotal:        1844596 kB
MemFree:          267324 kB
MemAvailable:    1443356 kB
Buffers:           84920 kB
Cached:          1199532 kB
MemTotal:        1844596 kB
MemFree:          268308 kB
MemAvailable:    1444340 kB
Buffers:           84920 kB
Cached:          1199532 kB
MemTotal:        1844596 kB
MemFree:          267572 kB
MemAvailable:    1443604 kB
Buffers:           84920 kB
Cached:          1199532 kB
MemTotal:        1844596 kB
MemFree:          267748 kB
MemAvailable:    1443780 kB
Buffers:           84920 kB
Cached:          1199532 kB
MemTotal:        1844596 kB
MemFree:          268084 kB
MemAvailable:    1444116 kB
Buffers:           84920 kB
Cached:          1199532 kB
MemTotal:        1844596 kB
MemFree:          266888 kB
MemAvailable:    1442920 kB
Buffers:           84920 kB
Cached:          1199532 kB
MemTotal:        1844596 kB
MemFree:          267940 kB
MemAvailable:    1443972 kB
Buffers:           84920 kB
Cached:          1199532 kB
MemTotal:        1844596 kB
MemFree:          267068 kB
MemAvailable:    1443100 kB
Buffers:           84920 kB
Cached:          1199532 kB
MemTotal:        1844596 kB
MemFree:          267368 kB
MemAvailable:    1443400 kB
Buffers:           84920 kB
Cached:          1199532 kB
MemTotal:        1844596 kB
MemFree:          266392 kB
MemAvailable:    1442424 kB
Buffers:           84920 kB
Cached:          1199532 kB
MemTotal:        1844596 kB
MemFree:          267372 kB
MemAvailable:    1443404 kB
Buffers:           84920 kB
Cached:          1199532 kB
MemTotal:        1844596 kB
MemFree:          266332 kB
MemAvailable:    1442364 kB
Buffers:           84920 kB
Cached:          1199532 kB
MemTotal:        1844596 kB
MemFree:          267324 kB
MemAvailable:    1443356 kB
Buffers:           84920 kB
Cached:          1199532 kB
MemTotal:        1844596 kB
MemFree:          265952 kB
MemAvailable:    1441984 kB
Buffers:           84920 kB
Cached:          1199532 kB
MemTotal:        1844596 kB
MemFree:          266156 kB
MemAvailable:    1442188 kB
Buffers:           84920 kB
Cached:          1199532 kB
MemTotal:        1844596 kB
MemFree:          267008 kB
MemAvailable:    1443040 kB
Buffers:           84920 kB
Cached:          1199532 kB
MemTotal:        1844596 kB
MemFree:          266876 kB
MemAvailable:    1442908 kB
Buffers:           84920 kB
Cached:          1199532 kB
MemTotal:        1844596 kB
MemFree:          265960 kB
MemAvailable:    1441992 kB
Buffers:           84920 kB
Cached:          1199532 kB
MemTotal:        1844596 kB
MemFree:          266760 kB
MemAvailable:    1442792 kB
Buffers:           84920 kB
Cached:          1199532 kB
MemTotal:        1844596 kB
MemFree:          266900 kB
MemAvailable:    1442932 kB
Buffers:           84920 kB
Cached:          1199532 kB
MemTotal:        1844596 kB
MemFree:          266624 kB
MemAvailable:    1442656 kB
Buffers:           84920 kB
Cached:          1199532 kB
MemTotal:        1844596 kB
MemFree:          266764 kB
MemAvailable:    1442796 kB
Buffers:           84920 kB
Cached:          1199532 kB
MemTotal:        1844596 kB
MemFree:          266776 kB
MemAvailable:    1442808 kB
Buffers:           84920 kB
Cached:          1199532 kB
MemTotal:        1844596 kB
MemFree:          266580 kB
MemAvailable:    1442612 kB
Buffers:           84920 kB
Cached:          1199532 kB
MemTotal:        1844596 kB
MemFree:          266900 kB
MemAvailable:    1442932 kB
Buffers:           84920 kB
Cached:          1199532 kB
MemTotal:        1844596 kB
MemFree:          266872 kB
MemAvailable:    1442904 kB
Buffers:           84920 kB
Cached:          1199532 kB
MemTotal:        1844596 kB
MemFree:          266840 kB
MemAvailable:    1442880 kB
Buffers:           84920 kB
Cached:          1199540 kB
MemTotal:        1844596 kB
MemFree:          266900 kB
MemAvailable:    1442940 kB
Buffers:           84920 kB
Cached:          1199540 kB
MemTotal:        1844596 kB
MemFree:          265696 kB
MemAvailable:    1441736 kB
Buffers:           84920 kB
Cached:          1199540 kB
MemTotal:        1844596 kB
MemFree:          266084 kB
MemAvailable:    1442124 kB
Buffers:           84920 kB
Cached:          1199540 kB
MemTotal:        1844596 kB
MemFree:          266676 kB
MemAvailable:    1442716 kB
Buffers:           84920 kB
Cached:          1199540 kB
MemTotal:        1844596 kB
MemFree:          266676 kB
MemAvailable:    1442716 kB
Buffers:           84920 kB
Cached:          1199540 kB
MemTotal:        1844596 kB
MemFree:          266940 kB
MemAvailable:    1442980 kB
Buffers:           84920 kB
Cached:          1199540 kB
MemTotal:        1844596 kB
MemFree:          265568 kB
MemAvailable:    1441608 kB
Buffers:           84920 kB
Cached:          1199540 kB
MemTotal:        1844596 kB
MemFree:          266628 kB
MemAvailable:    1442668 kB
Buffers:           84920 kB
Cached:          1199540 kB
MemTotal:        1844596 kB
MemFree:          266712 kB
MemAvailable:    1442752 kB
Buffers:           84920 kB
Cached:          1199540 kB
MemTotal:        1844596 kB
MemFree:          266860 kB
MemAvailable:    1442900 kB
Buffers:           84920 kB
Cached:          1199540 kB
MemTotal:        1844596 kB
MemFree:          266696 kB
MemAvailable:    1442736 kB
Buffers:           84920 kB
Cached:          1199540 kB
MemTotal:        1844596 kB
MemFree:          266948 kB
MemAvailable:    1442988 kB
Buffers:           84920 kB
Cached:          1199540 kB
MemTotal:        1844596 kB
MemFree:          265536 kB
MemAvailable:    1441576 kB
Buffers:           84920 kB
Cached:          1199540 kB
MemTotal:        1844596 kB
MemFree:          266764 kB
MemAvailable:    1442804 kB
Buffers:           84920 kB
Cached:          1199540 kB
MemTotal:        1844596 kB
MemFree:          265464 kB
MemAvailable:    1441504 kB
Buffers:           84920 kB
Cached:          1199540 kB
MemTotal:        1844596 kB
MemFree:          266580 kB
MemAvailable:    1442620 kB
Buffers:           84920 kB
Cached:          1199540 kB
MemTotal:        1844596 kB
