MemTotal:        1844596 kB
MemFree:          210984 kB
MemAvailable:    1554960 kB
Buffers:           85936 kB
Cached:          1363680 kB
MemTotal:        1844596 kB
MemFree:          209300 kB
MemAvailable:    1553276 kB
Buffers:           85936 kB
Cached:          1363680 kB
MemTotal:        1844596 kB
MemFree:          207132 kB
MemAvailable:    1551108 kB
Buffers:           85936 kB
Cached:          1363680 kB
MemTotal:        1844596 kB
MemFree:          205828 kB
MemAvailable:    1549804 kB
Buffers:           85936 kB
Cached:          1363680 kB
MemTotal:        1844596 kB
MemFree:          204528 kB
MemAvailable:    1548504 kB
Buffers:           85936 kB
Cached:          1363680 kB
MemTotal:        1844596 kB
MemFree:          204784 kB
MemAvailable:    1548760 kB
Buffers:           85936 kB
Cached:          1363680 kB
MemTotal:        1844596 kB
MemFree:          202676 kB
MemAvailable:    1546656 kB
Buffers:           85936 kB
Cached:          1363684 kB
MemTotal:        1844596 kB
MemFree:          201312 kB
MemAvailable:    1545292 kB
Buffers:           85936 kB
Cached:          1363684 kB
MemTotal:        1844596 kB
MemFree:          199576 kB
MemAvailable:    1543556 kB
Buffers:           85936 kB
Cached:          1363684 kB
MemTotal:        1844596 kB
MemFree:          196784 kB
MemAvailable:    1540764 kB
Buffers:           85936 kB
Cached:          1363684 kB
MemTotal:        1844596 kB
MemFree:          196956 kB
MemAvailable:    1540936 kB
Buffers:           85936 kB
Cached:          1363684 kB
MemTotal:        1844596 kB
MemFree:          197208 kB
MemAvailable:    1541188 kB
Buffers:           85936 kB
Cached:          1363684 kB
MemTotal:        1844596 kB
MemFree:          195676 kB
MemAvailable:    1539656 kB
Buffers:           85936 kB
Cached:          1363684 kB
MemTotal:        1844596 kB
MemFree:          197100 kB
MemAvailable:    1541080 kB
Buffers:           85936 kB
Cached:          1363684 kB
MemTotal:        1844596 kB
MemFree:          195668 kB
MemAvailable:    1539648 kB
Buffers:           85936 kB
Cached:          1363684 kB
MemTotal:        1844596 kB
MemFree:          195792 kB
MemAvailable:    1539772 kB
Buffers:           85936 kB
Cached:          1363684 kB
MemTotal:        1844596 kB
MemFree:          196708 kB
MemAvailable:    1540688 kB
Buffers:           85936 kB
Cached:          1363684 kB
MemTotal:        1844596 kB
MemFree:          196476 kB
MemAvailable:    1540456 kB
Buffers:           85936 kB
Cached:          1363684 kB
MemTotal:        1844596 kB
MemFree:          196288 kB
MemAvailable:    1540268 kB
Buffers:           85936 kB
Cached:          1363684 kB
MemTotal:        1844596 kB
MemFree:          195428 kB
MemAvailable:    1539408 kB
Buffers:           85936 kB
Cached:          1363684 kB
MemTotal:        1844596 kB
MemFree:          195484 kB
MemAvailable:    1539464 kB
Buffers:           85936 kB
Cached:          1363684 kB
MemTotal:        1844596 kB
MemFree:          194244 kB
MemAvailable:    1538224 kB
Buffers:           85936 kB
Cached:          1363684 kB
MemTotal:        1844596 kB
MemFree:          194556 kB
MemAvailable:    1538536 kB
Buffers:           85936 kB
Cached:          1363684 kB
MemTotal:        1844596 kB
MemFree:          194724 kB
MemAvailable:    1538704 kB
Buffers:           85936 kB
Cached:          1363684 kB
MemTotal:        1844596 kB
MemFree:          194476 kB
MemAvailable:    1538456 kB
Buffers:           85936 kB
Cached:          1363684 kB
MemTotal:        1844596 kB
MemFree:          194728 kB
MemAvailable:    1538708 kB
Buffers:           85936 kB
Cached:          1363684 kB
MemTotal:        1844596 kB
MemFree:          194556 kB
MemAvailable:    1538536 kB
Buffers:           85936 kB
Cached:          1363684 kB
MemTotal:        1844596 kB
MemFree:          194724 kB
MemAvailable:    1538704 kB
Buffers:           85936 kB
Cached:          1363684 kB
MemTotal:        1844596 kB
MemFree:          194476 kB
MemAvailable:    1538456 kB
Buffers:           85936 kB
Cached:          1363684 kB
MemTotal:        1844596 kB
MemFree:          194616 kB
MemAvailable:    1538596 kB
Buffers:           85936 kB
Cached:          1363684 kB
MemTotal:        1844596 kB
MemFree:          193376 kB
MemAvailable:    1537356 kB
Buffers:           85936 kB
Cached:          1363684 kB
MemTotal:        1844596 kB
MemFree:          194700 kB
MemAvailable:    1538680 kB
Buffers:           85936 kB
Cached:          1363684 kB
MemTotal:        1844596 kB
MemFree:          194692 kB
MemAvailable:    1538672 kB
Buffers:           85936 kB
Cached:          1363684 kB
MemTotal:        1844596 kB
MemFree:          193360 kB
MemAvailable:    1537340 kB
Buffers:           85936 kB
Cached:          1363684 kB
MemTotal:        1844596 kB
MemFree:          193360 kB
MemAvailable:    1537340 kB
Buffers:           85936 kB
Cached:          1363684 kB
MemTotal:        1844596 kB
MemFree:          189956 kB
MemAvailable:    1533936 kB
Buffers:           85936 kB
Cached:          1363684 kB
MemTotal:        1844596 kB
MemFree:          188904 kB
MemAvailable:    1532884 kB
Buffers:           85936 kB
Cached:          1363684 kB
MemTotal:        1844596 kB
MemFree:          189824 kB
MemAvailable:    1533804 kB
Buffers:           85936 kB
Cached:          1363684 kB
MemTotal:        1844596 kB
MemFree:          189784 kB
MemAvailable:    1533764 kB
Buffers:           85936 kB
Cached:          1363684 kB
MemTotal:        1844596 kB
MemFree:          189496 kB
MemAvailable:    1533476 kB
Buffers:           85936 kB
Cached:          1363684 kB
MemTotal:        1844596 kB
MemFree:          189496 kB
MemAvailable:    1533476 kB
Buffers:           85936 kB
Cached:          1363684 kB
MemTotal:        1844596 kB
MemFree:          188896 kB
MemAvailable:    1532884 kB
Buffers:           85936 kB
Cached:          1363688 kB
MemTotal:        1844596 kB
MemFree:          188364 kB
MemAvailable:    1532352 kB
Buffers:           85936 kB
Cached:          1363688 kB
MemTotal:        1844596 kB
MemFree:          189144 kB
MemAvailable:    1533132 kB
Buffers:           85936 kB
Cached:          1363688 kB
MemTotal:        1844596 kB
MemFree:          189400 kB
MemAvailable:    1533388 kB
Buffers:           85936 kB
Cached:          1363688 kB
MemTotal:        1844596 kB
MemFree:          188648 kB
MemAvailable:    1532636 kB
Buffers:           85936 kB
Cached:          1363688 kB
MemTotal:        1844596 kB
MemFree:          188732 kB
MemAvailable:    1532720 kB
Buffers:           85936 kB
Cached:          1363688 kB
MemTotal:        1844596 kB
MemFree:          187412 kB
MemAvailable:    1531400 kB
Buffers:           85936 kB
Cached:          1363688 kB
MemTotal:        1844596 kB
MemFree:          187404 kB
MemAvailable:    1531392 kB
Buffers:           85936 kB
Cached:          1363688 kB
MemTotal:        1844596 kB
MemFree:          188476 kB
MemAvailable:    1532464 kB
Buffers:           85936 kB
Cached:          1363688 kB
MemTotal:        1844596 kB
MemFree:          188220 kB
MemAvailable:    1532208 kB
Buffers:           85936 kB
Cached:          1363688 kB
MemTotal:        1844596 kB
MemFree:          187972 kB
MemAvailable:    1531960 kB
Buffers:           85936 kB
Cached:          1363688 kB
MemTotal:        1844596 kB
MemFree:          188140 kB
MemAvailable:    1532128 kB
Buffers:           85936 kB
Cached:          1363688 kB
MemTotal:        1844596 kB
MemFree:          187848 kB
MemAvailable:    1531836 kB
Buffers:           85936 kB
Cached:          1363688 kB
MemTotal:        1844596 kB
MemFree:          187732 kB
MemAvailable:    1531720 kB
Buffers:           85936 kB
Cached:          1363688 kB
MemTotal:        1844596 kB
MemFree:          187956 kB
MemAvailable:    1531944 kB
Buffers:           85936 kB
Cached:          1363688 kB
MemTotal:        1844596 kB
MemFree:          187884 kB
MemAvailable:    1531872 kB
Buffers:           85936 kB
Cached:          1363688 kB
MemTotal:        1844596 kB
MemFree:          188136 kB
MemAvailable:    1532124 kB
Buffers:           85936 kB
Cached:          1363688 kB
MemTotal:        1844596 kB
MemFree:          187724 kB
MemAvailable:    1531712 kB
Buffers:           85936 kB
Cached:          1363688 kB
MemTotal:        1844596 kB
MemFree:          187164 kB
MemAvailable:    1531152 kB
Buffers:           85936 kB
Cached:          1363688 kB
MemTotal:        1844596 kB
MemFree:          187980 kB
MemAvailable:    1531968 kB
Buffers:           85936 kB
Cached:          1363688 kB
MemTotal:        1844596 kB
MemFree:          188140 kB
MemAvailable:    1532128 kB
Buffers:           85936 kB
Cached:          1363688 kB
MemTotal:        1844596 kB
MemFree:          187788 kB
MemAvailable:    1531776 kB
Buffers:           85936 kB
Cached:          1363688 kB
MemTotal:        1844596 kB
MemFree:          188040 kB
MemAvailable:    1532028 kB
Buffers:           85936 kB
Cached:          1363688 kB
MemTotal:        1844596 kB
MemFree:          183084 kB
MemAvailable:    1527072 kB
Buffers:           85936 kB
Cached:          1363688 kB
MemTotal:        1844596 kB
MemFree:          182152 kB
MemAvailable:    1526140 kB
Buffers:           85936 kB
Cached:          1363688 kB
MemTotal:        1844596 kB
MemFree:          180844 kB
MemAvailable:    1524832 kB
Buffers:           85936 kB
Cached:          1363688 kB
MemTotal:        1844596 kB
MemFree:          180712 kB
MemAvailable:    1524700 kB
Buffers:           85936 kB
Cached:          1363688 kB
MemTotal:        1844596 kB
MemFree:          180232 kB
MemAvailable:    1524220 kB
Buffers:           85936 kB
Cached:          1363688 kB
MemTotal:        1844596 kB
MemFree:          179852 kB
MemAvailable:    1523840 kB
Buffers:           85936 kB
Cached:          1363688 kB
MemTotal:        1844596 kB
MemFree:          181100 kB
MemAvailable:    1525088 kB
Buffers:           85936 kB
Cached:          1363688 kB
MemTotal:        1844596 kB
MemFree:          181092 kB
MemAvailable:    1525080 kB
Buffers:           85936 kB
Cached:          1363688 kB
MemTotal:        1844596 kB
MemFree:          180904 kB
MemAvailable:    1524892 kB
Buffers:           85936 kB
Cached:          1363688 kB
MemTotal:        1844596 kB
MemFree:          179324 kB
MemAvailable:    1523312 kB
Buffers:           85936 kB
Cached:          1363688 kB
MemTotal:        1844596 kB
MemFree:          180160 kB
MemAvailable:    1524148 kB
Buffers:           85936 kB
Cached:          1363688 kB
MemTotal:        1844596 kB
MemFree:          179116 kB
MemAvailable:    1523104 kB
Buffers:           85936 kB
Cached:          1363688 kB
MemTotal:        1844596 kB
MemFree:          179588 kB
MemAvailable:    1523576 kB
Buffers:           85936 kB
Cached:          1363688 kB
MemTotal:        1844596 kB
MemFree:          179840 kB
MemAvailable:    1523828 kB
Buffers:           85936 kB
Cached:          1363688 kB
MemTotal:        1844596 kB
MemFree:          178480 kB
MemAvailable:    1522468 kB
Buffers:           85936 kB
Cached:          1363688 kB
MemTotal:        1844596 kB
MemFree:          178488 kB
MemAvailable:    1522476 kB
Buffers:           85936 kB
Cached:          1363688 kB
MemTotal:        1844596 kB
MemFree:          178256 kB
MemAvailable:    1522244 kB
Buffers:           85936 kB
Cached:          1363688 kB
MemTotal:        1844596 kB
MemFree:          178372 kB
MemAvailable:    1522360 kB
Buffers:           85936 kB
Cached:          1363688 kB
MemTotal:        1844596 kB
MemFree:          178324 kB
MemAvailable:    1522312 kB
Buffers:           85936 kB
Cached:          1363688 kB
MemTotal:        1844596 kB
MemFree:          177620 kB
MemAvailable:    1521608 kB
Buffers:           85936 kB
Cached:          1363688 kB
MemTotal:        1844596 kB
MemFree:          178364 kB
MemAvailable:    1522352 kB
Buffers:           85936 kB
Cached:          1363688 kB
MemTotal:        1844596 kB
MemFree:          177628 kB
MemAvailable:    1521616 kB
Buffers:           85936 kB
Cached:          1363688 kB
MemTotal:        1844596 kB
MemFree:          178380 kB
MemAvailable:    1522368 kB
Buffers:           85936 kB
Cached:          1363688 kB
MemTotal:        1844596 kB
MemFree:          178092 kB
MemAvailable:    1522080 kB
Buffers:           85936 kB
Cached:          1363688 kB
MemTotal:        1844596 kB
MemFree:          178428 kB
MemAvailable:    1522416 kB
Buffers:           85936 kB
Cached:          1363688 kB
MemTotal:        1844596 kB
MemFree:          178052 kB
MemAvailable:    1522040 kB
Buffers:           85936 kB
Cached:          1363688 kB
MemTotal:        1844596 kB
MemFree:          178116 kB
MemAvailable:    1522104 kB
Buffers:           85936 kB
Cached:          1363688 kB
MemTotal:        1844596 kB
MemFree:          178200 kB
MemAvailable:    1522188 kB
Buffers:           85936 kB
Cached:          1363688 kB
MemTotal:        1844596 kB
MemFree:          178256 kB
MemAvailable:    1522244 kB
Buffers:           85936 kB
Cached:          1363688 kB
MemTotal:        1844596 kB
MemFree:          177984 kB
MemAvailable:    1521972 kB
Buffers:           85936 kB
Cached:          1363688 kB
MemTotal:        1844596 kB
MemFree:          177240 kB
MemAvailable:    1521228 kB
Buffers:           85936 kB
Cached:          1363688 kB
MemTotal:        1844596 kB
MemFree:          177628 kB
MemAvailable:    1521620 kB
Buffers:           85936 kB
Cached:          1363692 kB
MemTotal:        1844596 kB
MemFree:          176216 kB
MemAvailable:    1520208 kB
Buffers:           85936 kB
Cached:          1363692 kB
MemTotal:        1844596 kB
MemFree:          176084 kB
MemAvailable:    1520076 kB
Buffers:           85936 kB
Cached:          1363692 kB
MemTotal:        1844596 kB
MemFree:          177068 kB
MemAvailable:    1521060 kB
Buffers:           85936 kB
Cached:          1363692 kB
MemTotal:        1844596 kB
MemFree:          175636 kB
MemAvailable:    1519628 kB
Buffers:           85936 kB
Cached:          1363692 kB
MemTotal:        1844596 kB
MemFree:          175256 kB
MemAvailable:    1519248 kB
Buffers:           85936 kB
Cached:          1363692 kB
MemTotal:        1844596 kB
MemFree:          175388 kB
MemAvailable:    1519380 kB
Buffers:           85936 kB
Cached:          1363692 kB
MemTotal:        1844596 kB
MemFree:          175828 kB
MemAvailable:    1519820 kB
Buffers:           85936 kB
Cached:          1363692 kB
MemTotal:        1844596 kB
MemFree:          175504 kB
MemAvailable:    1519496 kB
Buffers:           85936 kB
Cached:          1363692 kB
MemTotal:        1844596 kB
MemFree:          175520 kB
MemAvailable:    1519512 kB
Buffers:           85936 kB
Cached:          1363692 kB
MemTotal:        1844596 kB
MemFree:          174392 kB
MemAvailable:    1518384 kB
Buffers:           85936 kB
Cached:          1363692 kB
MemTotal:        1844596 kB
MemFree:          175684 kB
MemAvailable:    1519676 kB
Buffers:           85936 kB
Cached:          1363692 kB
MemTotal:        1844596 kB
MemFree:          175024 kB
MemAvailable:    1519016 kB
Buffers:           85936 kB
Cached:          1363692 kB
MemTotal:        1844596 kB
MemFree:          175492 kB
MemAvailable:    1519484 kB
Buffers:           85936 kB
Cached:          1363692 kB
MemTotal:        1844596 kB
MemFree:          175828 kB
MemAvailable:    1519820 kB
Buffers:           85936 kB
Cached:          1363692 kB
MemTotal:        1844596 kB
MemFree:          175512 kB
MemAvailable:    1519504 kB
Buffers:           85936 kB
Cached:          1363692 kB
MemTotal:        1844596 kB
MemFree:          175512 kB
MemAvailable:    1519504 kB
Buffers:           85936 kB
Cached:          1363692 kB
MemTotal:        1844596 kB
MemFree:          174156 kB
MemAvailable:    1518148 kB
Buffers:           85936 kB
Cached:          1363692 kB
MemTotal:        1844596 kB
MemFree:          173968 kB
MemAvailable:    1517960 kB
Buffers:           85936 kB
Cached:          1363692 kB
MemTotal:        1844596 kB
MemFree:          171792 kB
MemAvailable:    1515784 kB
Buffers:           85936 kB
Cached:          1363692 kB
MemTotal:        1844596 kB
MemFree:          168436 kB
MemAvailable:    1512428 kB
Buffers:           85936 kB
Cached:          1363692 kB
MemTotal:        1844596 kB
MemFree:          168564 kB
MemAvailable:    1512556 kB
Buffers:           85936 kB
Cached:          1363692 kB
MemTotal:        1844596 kB
MemFree:          165476 kB
MemAvailable:    1509472 kB
Buffers:           85936 kB
Cached:          1363696 kB
MemTotal:        1844596 kB
MemFree:          165724 kB
MemAvailable:    1509720 kB
Buffers:           85936 kB
Cached:          1363696 kB
MemTotal:        1844596 kB
MemFree:          164724 kB
MemAvailable:    1508720 kB
Buffers:           85936 kB
Cached:          1363696 kB
MemTotal:        1844596 kB
MemFree:          165440 kB
MemAvailable:    1509436 kB
Buffers:           85936 kB
Cached:          1363696 kB
MemTotal:        1844596 kB
MemFree:          165776 kB
MemAvailable:    1509772 kB
Buffers:           85936 kB
Cached:          1363696 kB
MemTotal:        1844596 kB
MemFree:          164332 kB
MemAvailable:    1508328 kB
Buffers:           85936 kB
Cached:          1363696 kB
MemTotal:        1844596 kB
MemFree:          165332 kB
MemAvailable:    1509328 kB
Buffers:           85936 kB
Cached:          1363696 kB
MemTotal:        1844596 kB
MemFree:          163236 kB
MemAvailable:    1507232 kB
Buffers:           85936 kB
Cached:          1363696 kB
MemTotal:        1844596 kB
MemFree:          163492 kB
MemAvailable:    1507488 kB
Buffers:           85936 kB
Cached:          1363696 kB
MemTotal:        1844596 kB
MemFree:          164104 kB
MemAvailable:    1508100 kB
Buffers:           85936 kB
Cached:          1363696 kB
MemTotal:        1844596 kB
MemFree:          163872 kB
MemAvailable:    1507868 kB
Buffers:           85936 kB
Cached:          1363696 kB
MemTotal:        1844596 kB
MemFree:          163868 kB
MemAvailable:    1507864 kB
Buffers:           85936 kB
Cached:          1363696 kB
MemTotal:        1844596 kB
MemFree:          163912 kB
MemAvailable:    1507908 kB
Buffers:           85936 kB
Cached:          1363696 kB
MemTotal:        1844596 kB
MemFree:          163244 kB
MemAvailable:    1507240 kB
Buffers:           85936 kB
Cached:          1363696 kB
MemTotal:        1844596 kB
MemFree:          163672 kB
MemAvailable:    1507668 kB
Buffers:           85936 kB
Cached:          1363696 kB
MemTotal:        1844596 kB
MemFree:          163924 kB
MemAvailable:    1507920 kB
Buffers:           85936 kB
Cached:          1363696 kB
MemTotal:        1844596 kB
MemFree:          163852 kB
MemAvailable:    1507848 kB
Buffers:           85936 kB
Cached:          1363696 kB
MemTotal:        1844596 kB
MemFree:          163800 kB
MemAvailable:    1507796 kB
Buffers:           85936 kB
Cached:          1363696 kB
MemTotal:        1844596 kB
MemFree:          163244 kB
MemAvailable:    1507240 kB
Buffers:           85936 kB
Cached:          1363696 kB
MemTotal:        1844596 kB
MemFree:          163720 kB
MemAvailable:    1507716 kB
Buffers:           85936 kB
Cached:          1363696 kB
MemTotal:        1844596 kB
MemFree:          163976 kB
MemAvailable:    1507972 kB
Buffers:           85936 kB
Cached:          1363696 kB
MemTotal:        1844596 kB
MemFree:          163724 kB
MemAvailable:    1507720 kB
Buffers:           85936 kB
Cached:          1363696 kB
MemTotal:        1844596 kB
MemFree:          163724 kB
MemAvailable:    1507720 kB
Buffers:           85936 kB
Cached:          1363696 kB
MemTotal:        1844596 kB
MemFree:          163860 kB
MemAvailable:    1507856 kB
Buffers:           85936 kB
Cached:          1363696 kB
MemTotal:        1844596 kB
MemFree:          163904 kB
MemAvailable:    1507900 kB
Buffers:           85936 kB
Cached:          1363696 kB
MemTotal:        1844596 kB
MemFree:          162252 kB
MemAvailable:    1506248 kB
Buffers:           85936 kB
Cached:          1363696 kB
MemTotal:        1844596 kB
MemFree:          161816 kB
MemAvailable:    1505812 kB
Buffers:           85936 kB
Cached:          1363696 kB
MemTotal:        1844596 kB
MemFree:          159460 kB
MemAvailable:    1503456 kB
Buffers:           85936 kB
Cached:          1363696 kB
MemTotal:        1844596 kB
MemFree:          156540 kB
MemAvailable:    1500536 kB
Buffers:           85936 kB
Cached:          1363696 kB
MemTotal:        1844596 kB
MemFree:          152936 kB
MemAvailable:    1496932 kB
Buffers:           85936 kB
Cached:          1363696 kB
MemTotal:        1844596 kB
MemFree:          152276 kB
MemAvailable:    1496272 kB
Buffers:           85936 kB
Cached:          1363696 kB
MemTotal:        1844596 kB
MemFree:          150588 kB
MemAvailable:    1494584 kB
Buffers:           85936 kB
Cached:          1363700 kB
MemTotal:        1844596 kB
MemFree:          151472 kB
MemAvailable:    1495468 kB
Buffers:           85936 kB
Cached:          1363700 kB
MemTotal:        1844596 kB
MemFree:          151696 kB
MemAvailable:    1495692 kB
Buffers:           85936 kB
Cached:          1363700 kB
MemTotal:        1844596 kB
MemFree:          151588 kB
MemAvailable:    1495584 kB
Buffers:           85936 kB
Cached:          1363700 kB
MemTotal:        1844596 kB
MemFree:          150416 kB
MemAvailable:    1494412 kB
Buffers:           85936 kB
Cached:          1363700 kB
MemTotal:        1844596 kB
MemFree:          151772 kB
MemAvailable:    1495768 kB
Buffers:           85936 kB
Cached:          1363700 kB
MemTotal:        1844596 kB
MemFree:          151464 kB
MemAvailable:    1495460 kB
Buffers:           85936 kB
Cached:          1363700 kB
MemTotal:        1844596 kB
MemFree:          151836 kB
MemAvailable:    1495832 kB
Buffers:           85936 kB
Cached:          1363700 kB
MemTotal:        1844596 kB
MemFree:          151940 kB
MemAvailable:    1495936 kB
Buffers:           85936 kB
Cached:          1363700 kB
MemTotal:        1844596 kB
MemFree:          151620 kB
MemAvailable:    1495616 kB
Buffers:           85936 kB
Cached:          1363700 kB
MemTotal:        1844596 kB
MemFree:          150348 kB
MemAvailable:    1494344 kB
Buffers:           85936 kB
Cached:          1363700 kB
MemTotal:        1844596 kB
MemFree:          151648 kB
MemAvailable:    1495644 kB
Buffers:           85936 kB
Cached:          1363700 kB
MemTotal:        1844596 kB
MemFree:          150472 kB
MemAvailable:    1494468 kB
Buffers:           85936 kB
Cached:          1363700 kB
MemTotal:        1844596 kB
MemFree:          151024 kB
MemAvailable:    1495020 kB
Buffers:           85936 kB
Cached:          1363700 kB
MemTotal:        1844596 kB
MemFree:          151276 kB
MemAvailable:    1495272 kB
Buffers:           85936 kB
Cached:          1363700 kB
MemTotal:        1844596 kB
MemFree:          151204 kB
MemAvailable:    1495200 kB
Buffers:           85936 kB
Cached:          1363700 kB
MemTotal:        1844596 kB
MemFree:          151092 kB
MemAvailable:    1495088 kB
Buffers:           85936 kB
Cached:          1363700 kB
MemTotal:        1844596 kB
MemFree:          150596 kB
MemAvailable:    1494592 kB
Buffers:           85936 kB
Cached:          1363700 kB
MemTotal:        1844596 kB
MemFree:          151064 kB
MemAvailable:    1495060 kB
Buffers:           85936 kB
Cached:          1363700 kB
MemTotal:        1844596 kB
MemFree:          151316 kB
MemAvailable:    1495312 kB
Buffers:           85936 kB
Cached:          1363700 kB
MemTotal:        1844596 kB
MemFree:          151000 kB
MemAvailable:    1494996 kB
Buffers:           85936 kB
Cached:          1363700 kB
MemTotal:        1844596 kB
MemFree:          151024 kB
MemAvailable:    1495020 kB
Buffers:           85936 kB
Cached:          1363700 kB
MemTotal:        1844596 kB
MemFree:          151360 kB
MemAvailable:    1495356 kB
Buffers:           85936 kB
Cached:          1363700 kB
MemTotal:        1844596 kB
MemFree:          151084 kB
MemAvailable:    1495080 kB
Buffers:           85936 kB
Cached:          1363700 kB
MemTotal:        1844596 kB
MemFree:          151084 kB
MemAvailable:    1495080 kB
Buffers:           85936 kB
Cached:          1363700 kB
MemTotal:        1844596 kB
MemFree:          149844 kB
MemAvailable:    1493840 kB
Buffers:           85936 kB
Cached:          1363700 kB
MemTotal:        1844596 kB
MemFree:          150100 kB
MemAvailable:    1494096 kB
Buffers:           85936 kB
Cached:          1363700 kB
MemTotal:        1844596 kB
MemFree:          149844 kB
MemAvailable:    1493840 kB
Buffers:           85936 kB
Cached:          1363700 kB
MemTotal:        1844596 kB
MemFree:          149976 kB
MemAvailable:    1493972 kB
Buffers:           85936 kB
Cached:          1363700 kB
MemTotal:        1844596 kB
MemFree:          151344 kB
MemAvailable:    1495340 kB
Buffers:           85936 kB
Cached:          1363700 kB
MemTotal:        1844596 kB
MemFree:          150588 kB
MemAvailable:    1494584 kB
Buffers:           85936 kB
Cached:          1363700 kB
MemTotal:        1844596 kB
MemFree:          150464 kB
MemAvailable:    1494464 kB
Buffers:           85936 kB
Cached:          1363704 kB
MemTotal:        1844596 kB
MemFree:          150552 kB
MemAvailable:    1494552 kB
Buffers:           85936 kB
Cached:          1363704 kB
MemTotal:        1844596 kB
MemFree:          143272 kB
MemAvailable:    1487272 kB
Buffers:           85936 kB
Cached:          1363704 kB
MemTotal:        1844596 kB
MemFree:          143356 kB
MemAvailable:    1487356 kB
Buffers:           85936 kB
Cached:          1363704 kB
MemTotal:        1844596 kB
MemFree:          140976 kB
MemAvailable:    1484976 kB
Buffers:           85936 kB
Cached:          1363704 kB
MemTotal:        1844596 kB
MemFree:          140852 kB
MemAvailable:    1484852 kB
Buffers:           85936 kB
Cached:          1363704 kB
MemTotal:        1844596 kB
MemFree:          139808 kB
MemAvailable:    1483808 kB
Buffers:           85936 kB
Cached:          1363704 kB
MemTotal:        1844596 kB
MemFree:          139424 kB
MemAvailable:    1483424 kB
Buffers:           85936 kB
Cached:          1363704 kB
MemTotal:        1844596 kB
MemFree:          140848 kB
MemAvailable:    1484848 kB
Buffers:           85936 kB
Cached:          1363704 kB
MemTotal:        1844596 kB
MemFree:          140180 kB
MemAvailable:    1484180 kB
Buffers:           85936 kB
Cached:          1363704 kB
MemTotal:        1844596 kB
MemFree:          140608 kB
MemAvailable:    1484608 kB
Buffers:           85936 kB
Cached:          1363704 kB
MemTotal:        1844596 kB
MemFree:          140860 kB
MemAvailable:    1484860 kB
Buffers:           85936 kB
Cached:          1363704 kB
MemTotal:        1844596 kB
MemFree:          139548 kB
MemAvailable:    1483548 kB
Buffers:           85936 kB
Cached:          1363704 kB
MemTotal:        1844596 kB
MemFree:          139664 kB
MemAvailable:    1483668 kB
Buffers:           85936 kB
Cached:          1363708 kB
MemTotal:        1844596 kB
MemFree:          140660 kB
MemAvailable:    1484664 kB
Buffers:           85936 kB
Cached:          1363708 kB
MemTotal:        1844596 kB
MemFree:          140800 kB
MemAvailable:    1484804 kB
Buffers:           85936 kB
Cached:          1363708 kB
MemTotal:        1844596 kB
MemFree:          140672 kB
MemAvailable:    1484676 kB
Buffers:           85936 kB
Cached:          1363708 kB
MemTotal:        1844596 kB
MemFree:          139504 kB
MemAvailable:    1483508 kB
Buffers:           85936 kB
Cached:          1363708 kB
MemTotal:        1844596 kB
MemFree:          139628 kB
MemAvailable:    1483632 kB
Buffers:           85936 kB
Cached:          1363708 kB
MemTotal:        1844596 kB
MemFree:          140180 kB
MemAvailable:    1484184 kB
Buffers:           85936 kB
Cached:          1363708 kB
MemTotal:        1844596 kB
MemFree:          138692 kB
MemAvailable:    1482696 kB
Buffers:           85936 kB
Cached:          1363708 kB
MemTotal:        1844596 kB
MemFree:          138800 kB
MemAvailable:    1482804 kB
Buffers:           85936 kB
Cached:          1363708 kB
MemTotal:        1844596 kB
MemFree:          139136 kB
MemAvailable:    1483140 kB
Buffers:           85936 kB
Cached:          1363708 kB
MemTotal:        1844596 kB
MemFree:          137940 kB
MemAvailable:    1481944 kB
Buffers:           85936 kB
Cached:          1363708 kB
MemTotal:        1844596 kB
MemFree:          138752 kB
MemAvailable:    1482756 kB
Buffers:           85936 kB
Cached:          1363708 kB
MemTotal:        1844596 kB
MemFree:          137148 kB
MemAvailable:    1481152 kB
Buffers:           85936 kB
Cached:          1363708 kB
MemTotal:        1844596 kB
MemFree:          138504 kB
MemAvailable:    1482508 kB
Buffers:           85936 kB
Cached:          1363708 kB
MemTotal:        1844596 kB
MemFree:          138756 kB
MemAvailable:    1482760 kB
Buffers:           85936 kB
Cached:          1363708 kB
MemTotal:        1844596 kB
MemFree:          138620 kB
MemAvailable:    1482624 kB
Buffers:           85936 kB
Cached:          1363708 kB
MemTotal:        1844596 kB
MemFree:          137320 kB
MemAvailable:    1481324 kB
Buffers:           85936 kB
Cached:          1363708 kB
MemTotal:        1844596 kB
MemFree:          138380 kB
MemAvailable:    1482384 kB
Buffers:           85936 kB
Cached:          1363708 kB
MemTotal:        1844596 kB
MemFree:          138632 kB
MemAvailable:    1482636 kB
Buffers:           85936 kB
Cached:          1363708 kB
MemTotal:        1844596 kB
MemFree:          138556 kB
MemAvailable:    1482560 kB
Buffers:           85936 kB
Cached:          1363708 kB
MemTotal:        1844596 kB
MemFree:          138504 kB
MemAvailable:    1482508 kB
Buffers:           85936 kB
Cached:          1363708 kB
MemTotal:        1844596 kB
MemFree:          138756 kB
MemAvailable:    1482760 kB
Buffers:           85936 kB
Cached:          1363708 kB
MemTotal:        1844596 kB
MemFree:          137148 kB
MemAvailable:    1481152 kB
Buffers:           85936 kB
Cached:          1363708 kB
MemTotal:        1844596 kB
MemFree:          138448 kB
MemAvailable:    1482452 kB
Buffers:           85936 kB
Cached:          1363708 kB
MemTotal:        1844596 kB
MemFree:          137280 kB
MemAvailable:    1481284 kB
Buffers:           85936 kB
Cached:          1363708 kB
MemTotal:        1844596 kB
MemFree:          138580 kB
MemAvailable:    1482584 kB
Buffers:           85936 kB
Cached:          1363708 kB
MemTotal:        1844596 kB
MemFree:          137948 kB
MemAvailable:    1481952 kB
Buffers:           85936 kB
Cached:          1363708 kB
MemTotal:        1844596 kB
MemFree:          138376 kB
MemAvailable:    1482380 kB
Buffers:           85936 kB
Cached:          1363708 kB
MemTotal:        1844596 kB
MemFree:          138376 kB
MemAvailable:    1482380 kB
Buffers:           85936 kB
Cached:          1363708 kB
MemTotal:        1844596 kB
MemFree:          137204 kB
MemAvailable:    1481208 kB
Buffers:           85936 kB
Cached:          1363708 kB
MemTotal:        1844596 kB
MemFree:          137280 kB
MemAvailable:    1481284 kB
Buffers:           85936 kB
Cached:          1363708 kB
MemTotal:        1844596 kB
MemFree:          137156 kB
MemAvailable:    1481160 kB
Buffers:           85936 kB
Cached:          1363708 kB
MemTotal:        1844596 kB
MemFree:          137320 kB
MemAvailable:    1481324 kB
Buffers:           85936 kB
Cached:          1363708 kB
MemTotal:        1844596 kB
MemFree:          137328 kB
MemAvailable:    1481332 kB
Buffers:           85936 kB
Cached:          1363708 kB
MemTotal:        1844596 kB
MemFree:          137320 kB
MemAvailable:    1481324 kB
Buffers:           85936 kB
Cached:          1363708 kB
MemTotal:        1844596 kB
MemFree:          136956 kB
MemAvailable:    1480960 kB
Buffers:           85936 kB
Cached:          1363708 kB
MemTotal:        1844596 kB
MemFree:          130260 kB
MemAvailable:    1474264 kB
Buffers:           85936 kB
Cached:          1363708 kB
MemTotal:        1844596 kB
MemFree:          127780 kB
MemAvailable:    1471784 kB
Buffers:           85936 kB
Cached:          1363708 kB
MemTotal:        1844596 kB
MemFree:          126044 kB
MemAvailable:    1470048 kB
Buffers:           85936 kB
Cached:          1363708 kB
MemTotal:        1844596 kB
MemFree:          124556 kB
MemAvailable:    1468560 kB
Buffers:           85936 kB
Cached:          1363708 kB
MemTotal:        1844596 kB
MemFree:          124804 kB
MemAvailable:    1468808 kB
Buffers:           85936 kB
Cached:          1363708 kB
MemTotal:        1844596 kB
MemFree:          125396 kB
MemAvailable:    1469400 kB
Buffers:           85936 kB
Cached:          1363708 kB
MemTotal:        1844596 kB
MemFree:          125732 kB
MemAvailable:    1469736 kB
Buffers:           85936 kB
Cached:          1363708 kB
MemTotal:        1844596 kB
MemFree:          125528 kB
MemAvailable:    1469532 kB
Buffers:           85936 kB
Cached:          1363708 kB
MemTotal:        1844596 kB
MemFree:          125512 kB
MemAvailable:    1469516 kB
Buffers:           85936 kB
Cached:          1363708 kB
MemTotal:        1844596 kB
MemFree:          125272 kB
MemAvailable:    1469276 kB
Buffers:           85936 kB
Cached:          1363708 kB
MemTotal:        1844596 kB
MemFree:          124152 kB
MemAvailable:    1468156 kB
Buffers:           85936 kB
Cached:          1363708 kB
MemTotal:        1844596 kB
MemFree:          125136 kB
MemAvailable:    1469140 kB
Buffers:           85936 kB
Cached:          1363708 kB
MemTotal:        1844596 kB
MemFree:          125088 kB
MemAvailable:    1469092 kB
Buffers:           85936 kB
Cached:          1363708 kB
MemTotal:        1844596 kB
MemFree:          125184 kB
MemAvailable:    1469188 kB
Buffers:           85936 kB
Cached:          1363708 kB
MemTotal:        1844596 kB
MemFree:          125360 kB
MemAvailable:    1469364 kB
Buffers:           85936 kB
Cached:          1363708 kB
MemTotal:        1844596 kB
MemFree:          125236 kB
MemAvailable:    1469240 kB
Buffers:           85936 kB
Cached:          1363708 kB
MemTotal:        1844596 kB
MemFree:          125036 kB
MemAvailable:    1469040 kB
Buffers:           85936 kB
Cached:          1363708 kB
MemTotal:        1844596 kB
MemFree:          125372 kB
MemAvailable:    1469376 kB
Buffers:           85936 kB
Cached:          1363708 kB
MemTotal:        1844596 kB
MemFree:          125164 kB
MemAvailable:    1469168 kB
Buffers:           85936 kB
Cached:          1363708 kB
MemTotal:        1844596 kB
MemFree:          124164 kB
MemAvailable:    1468168 kB
Buffers:           85936 kB
Cached:          1363708 kB
MemTotal:        1844596 kB
MemFree:          124532 kB
MemAvailable:    1468536 kB
Buffers:           85936 kB
Cached:          1363708 kB
MemTotal:        1844596 kB
MemFree:          124124 kB
MemAvailable:    1468128 kB
Buffers:           85936 kB
Cached:          1363708 kB
MemTotal:        1844596 kB
MemFree:          124912 kB
MemAvailable:    1468916 kB
Buffers:           85936 kB
Cached:          1363708 kB
MemTotal:        1844596 kB
MemFree:          125248 kB
MemAvailable:    1469252 kB
Buffers:           85936 kB
Cached:          1363708 kB
MemTotal:        1844596 kB
MemFree:          125228 kB
MemAvailable:    1469232 kB
Buffers:           85936 kB
Cached:          1363708 kB
MemTotal:        1844596 kB
MemFree:          124556 kB
MemAvailable:    1468560 kB
Buffers:           85936 kB
Cached:          1363708 kB
MemTotal:        1844596 kB
MemFree:          125548 kB
MemAvailable:    1469560 kB
Buffers:           85936 kB
Cached:          1363716 kB
MemTotal:        1844596 kB
MemFree:          124432 kB
MemAvailable:    1468444 kB
Buffers:           85936 kB
Cached:          1363716 kB
MemTotal:        1844596 kB
MemFree:          125476 kB
MemAvailable:    1469488 kB
Buffers:           85936 kB
Cached:          1363716 kB
MemTotal:        1844596 kB
MemFree:          124432 kB
MemAvailable:    1468444 kB
Buffers:           85936 kB
Cached:          1363716 kB
MemTotal:        1844596 kB
MemFree:          124856 kB
MemAvailable:    1468868 kB
Buffers:           85936 kB
Cached:          1363716 kB
MemTotal:        1844596 kB
MemFree:          125192 kB
MemAvailable:    1469204 kB
Buffers:           85936 kB
Cached:          1363716 kB
MemTotal:        1844596 kB
MemFree:          124740 kB
MemAvailable:    1468752 kB
Buffers:           85936 kB
Cached:          1363716 kB
MemTotal:        1844596 kB
MemFree:          124548 kB
MemAvailable:    1468560 kB
Buffers:           85936 kB
Cached:          1363716 kB
MemTotal:        1844596 kB
MemFree:          123440 kB
MemAvailable:    1467452 kB
Buffers:           85936 kB
Cached:          1363716 kB
MemTotal:        1844596 kB
MemFree:          123224 kB
MemAvailable:    1467236 kB
Buffers:           85936 kB
Cached:          1363716 kB
MemTotal:        1844596 kB
MemFree:          123348 kB
MemAvailable:    1467360 kB
Buffers:           85936 kB
Cached:          1363716 kB
MemTotal:        1844596 kB
MemFree:          124200 kB
MemAvailable:    1468212 kB
Buffers:           85936 kB
Cached:          1363716 kB
MemTotal:        1844596 kB
MemFree:          124092 kB
MemAvailable:    1468104 kB
Buffers:           85936 kB
Cached:          1363716 kB
MemTotal:        1844596 kB
MemFree:          124256 kB
MemAvailable:    1468268 kB
Buffers:           85936 kB
Cached:          1363716 kB
MemTotal:        1844596 kB
MemFree:          121364 kB
MemAvailable:    1465376 kB
Buffers:           85936 kB
Cached:          1363716 kB
MemTotal:        1844596 kB
MemFree:          118720 kB
MemAvailable:    1462732 kB
Buffers:           85936 kB
Cached:          1363716 kB
MemTotal:        1844596 kB
MemFree:          118076 kB
MemAvailable:    1462092 kB
Buffers:           85936 kB
Cached:          1363720 kB
MemTotal:        1844596 kB
MemFree:          114544 kB
MemAvailable:    1458560 kB
Buffers:           85936 kB
Cached:          1363720 kB
MemTotal:        1844596 kB
MemFree:          115720 kB
MemAvailable:    1459736 kB
Buffers:           85936 kB
Cached:          1363720 kB
MemTotal:        1844596 kB
MemFree:          114412 kB
MemAvailable:    1458428 kB
Buffers:           85936 kB
Cached:          1363720 kB
MemTotal:        1844596 kB
MemFree:          112792 kB
MemAvailable:    1456808 kB
Buffers:           85936 kB
Cached:          1363720 kB
MemTotal:        1844596 kB
MemFree:          111692 kB
MemAvailable:    1455708 kB
Buffers:           85936 kB
Cached:          1363720 kB
MemTotal:        1844596 kB
MemFree:          111552 kB
MemAvailable:    1455568 kB
Buffers:           85936 kB
Cached:          1363720 kB
MemTotal:        1844596 kB
MemFree:          111636 kB
MemAvailable:    1455652 kB
Buffers:           85936 kB
Cached:          1363720 kB
MemTotal:        1844596 kB
MemFree:          111440 kB
MemAvailable:    1455456 kB
Buffers:           85936 kB
Cached:          1363720 kB
MemTotal:        1844596 kB
MemFree:          111572 kB
MemAvailable:    1455588 kB
Buffers:           85936 kB
Cached:          1363720 kB
MemTotal:        1844596 kB
MemFree:          111512 kB
MemAvailable:    1455528 kB
Buffers:           85936 kB
Cached:          1363720 kB
MemTotal:        1844596 kB
MemFree:          111680 kB
MemAvailable:    1455696 kB
Buffers:           85936 kB
Cached:          1363720 kB
MemTotal:        1844596 kB
MemFree:          110520 kB
MemAvailable:    1454536 kB
Buffers:           85936 kB
Cached:          1363720 kB
MemTotal:        1844596 kB
MemFree:          110520 kB
MemAvailable:    1454536 kB
Buffers:           85936 kB
Cached:          1363720 kB
MemTotal:        1844596 kB
MemFree:          111564 kB
MemAvailable:    1455580 kB
Buffers:           85936 kB
Cached:          1363720 kB
MemTotal:        1844596 kB
MemFree:          110824 kB
MemAvailable:    1454840 kB
Buffers:           85936 kB
Cached:          1363720 kB
MemTotal:        1844596 kB
MemFree:          110316 kB
MemAvailable:    1454332 kB
Buffers:           85936 kB
Cached:          1363720 kB
MemTotal:        1844596 kB
MemFree:          111572 kB
MemAvailable:    1455588 kB
Buffers:           85936 kB
Cached:          1363720 kB
MemTotal:        1844596 kB
MemFree:          110272 kB
MemAvailable:    1454288 kB
Buffers:           85936 kB
Cached:          1363720 kB
MemTotal:        1844596 kB
MemFree:          111416 kB
MemAvailable:    1455432 kB
Buffers:           85936 kB
Cached:          1363720 kB
MemTotal:        1844596 kB
MemFree:          111668 kB
MemAvailable:    1455684 kB
Buffers:           85936 kB
Cached:          1363720 kB
MemTotal:        1844596 kB
MemFree:          110316 kB
MemAvailable:    1454332 kB
Buffers:           85936 kB
Cached:          1363720 kB
MemTotal:        1844596 kB
MemFree:          111692 kB
MemAvailable:    1455708 kB
Buffers:           85936 kB
Cached:          1363720 kB
MemTotal:        1844596 kB
MemFree:          111356 kB
MemAvailable:    1455372 kB
Buffers:           85936 kB
Cached:          1363720 kB
MemTotal:        1844596 kB
MemFree:          111472 kB
MemAvailable:    1455488 kB
Buffers:           85936 kB
Cached:          1363720 kB
MemTotal:        1844596 kB
MemFree:          111644 kB
MemAvailable:    1455660 kB
Buffers:           85936 kB
Cached:          1363720 kB
MemTotal:        1844596 kB
MemFree:          111608 kB
MemAvailable:    1455624 kB
Buffers:           85936 kB
Cached:          1363720 kB
MemTotal:        1844596 kB
MemFree:          110268 kB
MemAvailable:    1454284 kB
Buffers:           85936 kB
Cached:          1363720 kB
MemTotal:        1844596 kB
MemFree:          111564 kB
MemAvailable:    1455580 kB
Buffers:           85936 kB
Cached:          1363720 kB
MemTotal:        1844596 kB
MemFree:          111428 kB
MemAvailable:    1455444 kB
Buffers:           85936 kB
Cached:          1363720 kB
MemTotal:        1844596 kB
MemFree:          111680 kB
MemAvailable:    1455696 kB
Buffers:           85936 kB
Cached:          1363720 kB
MemTotal:        1844596 kB
MemFree:          111608 kB
MemAvailable:    1455624 kB
Buffers:           85936 kB
Cached:          1363720 kB
MemTotal:        1844596 kB
MemFree:          110392 kB
MemAvailable:    1454408 kB
Buffers:           85936 kB
Cached:          1363720 kB
MemTotal:        1844596 kB
MemFree:          110384 kB
MemAvailable:    1454400 kB
Buffers:           85936 kB
Cached:          1363720 kB
MemTotal:        1844596 kB
MemFree:          110428 kB
MemAvailable:    1454444 kB
Buffers:           85936 kB
Cached:          1363720 kB
MemTotal:        1844596 kB
MemFree:          110280 kB
MemAvailable:    1454296 kB
Buffers:           85936 kB
Cached:          1363720 kB
MemTotal:        1844596 kB
MemFree:          110948 kB
MemAvailable:    1454964 kB
Buffers:           85936 kB
Cached:          1363720 kB
MemTotal:        1844596 kB
MemFree:          111556 kB
MemAvailable:    1455572 kB
Buffers:           85936 kB
Cached:          1363720 kB
MemTotal:        1844596 kB
MemFree:          111412 kB
MemAvailable:    1455428 kB
Buffers:           85936 kB
Cached:          1363720 kB
MemTotal:        1844596 kB
MemFree:          111412 kB
MemAvailable:    1455428 kB
Buffers:           85936 kB
Cached:          1363720 kB
MemTotal:        1844596 kB
MemFree:          111556 kB
MemAvailable:    1455572 kB
Buffers:           85936 kB
Cached:          1363720 kB
MemTotal:        1844596 kB
MemFree:          110268 kB
MemAvailable:    1454284 kB
Buffers:           85936 kB
Cached:          1363720 kB
MemTotal:        1844596 kB
MemFree:          110428 kB
MemAvailable:    1454444 kB
Buffers:           85936 kB
Cached:          1363720 kB
MemTotal:        1844596 kB
MemFree:          109956 kB
MemAvailable:    1453972 kB
Buffers:           85936 kB
Cached:          1363720 kB
MemTotal:        1844596 kB
MemFree:          110800 kB
MemAvailable:    1454816 kB
Buffers:           85936 kB
Cached:          1363720 kB
MemTotal:        1844596 kB
MemFree:          110884 kB
MemAvailable:    1454900 kB
Buffers:           85936 kB
Cached:          1363720 kB
MemTotal:        1844596 kB
MemFree:          110740 kB
MemAvailable:    1454756 kB
Buffers:           85936 kB
Cached:          1363720 kB
MemTotal:        1844596 kB
MemFree:          110700 kB
MemAvailable:    1454716 kB
Buffers:           85936 kB
Cached:          1363720 kB
MemTotal:        1844596 kB
MemFree:          110072 kB
MemAvailable:    1454088 kB
Buffers:           85936 kB
Cached:          1363720 kB
MemTotal:        1844596 kB
MemFree:          111072 kB
MemAvailable:    1455092 kB
Buffers:           85936 kB
Cached:          1363724 kB
MemTotal:        1844596 kB
MemFree:          111000 kB
MemAvailable:    1455020 kB
Buffers:           85936 kB
Cached:          1363724 kB
MemTotal:        1844596 kB
MemFree:          109568 kB
MemAvailable:    1453588 kB
Buffers:           85936 kB
Cached:          1363724 kB
MemTotal:        1844596 kB
MemFree:          110676 kB
MemAvailable:    1454696 kB
Buffers:           85936 kB
Cached:          1363724 kB
MemTotal:        1844596 kB
MemFree:          110676 kB
MemAvailable:    1454696 kB
Buffers:           85936 kB
Cached:          1363724 kB
MemTotal:        1844596 kB
MemFree:          109328 kB
MemAvailable:    1453348 kB
Buffers:           85936 kB
Cached:          1363724 kB
MemTotal:        1844596 kB
MemFree:          110816 kB
MemAvailable:    1454836 kB
Buffers:           85936 kB
Cached:          1363724 kB
MemTotal:        1844596 kB
MemFree:          110188 kB
MemAvailable:    1454208 kB
Buffers:           85936 kB
Cached:          1363724 kB
MemTotal:        1844596 kB
MemFree:          109708 kB
MemAvailable:    1453728 kB
Buffers:           85936 kB
Cached:          1363724 kB
MemTotal:        1844596 kB
MemFree:          105616 kB
MemAvailable:    1449636 kB
Buffers:           85936 kB
Cached:          1363724 kB
MemTotal:        1844596 kB
MemFree:          106916 kB
MemAvailable:    1450936 kB
Buffers:           85936 kB
Cached:          1363724 kB
MemTotal:        1844596 kB
MemFree:          105104 kB
MemAvailable:    1449124 kB
Buffers:           85936 kB
Cached:          1363724 kB
MemTotal:        1844596 kB
MemFree:          103508 kB
MemAvailable:    1447528 kB
Buffers:           85936 kB
Cached:          1363724 kB
MemTotal:        1844596 kB
MemFree:          103384 kB
MemAvailable:    1447404 kB
Buffers:           85936 kB
Cached:          1363724 kB
MemTotal:        1844596 kB
MemFree:          104748 kB
MemAvailable:    1448768 kB
Buffers:           85936 kB
Cached:          1363724 kB
MemTotal:        1844596 kB
MemFree:          104512 kB
MemAvailable:    1448532 kB
Buffers:           85936 kB
Cached:          1363724 kB
MemTotal:        1844596 kB
MemFree:          103372 kB
MemAvailable:    1447392 kB
Buffers:           85936 kB
Cached:          1363724 kB
MemTotal:        1844596 kB
MemFree:          104440 kB
MemAvailable:    1448460 kB
Buffers:           85936 kB
Cached:          1363724 kB
MemTotal:        1844596 kB
MemFree:          103624 kB
MemAvailable:    1447644 kB
Buffers:           85936 kB
Cached:          1363724 kB
MemTotal:        1844596 kB
MemFree:          103136 kB
MemAvailable:    1447160 kB
Buffers:           85936 kB
Cached:          1363728 kB
MemTotal:        1844596 kB
MemFree:          103344 kB
MemAvailable:    1447368 kB
Buffers:           85936 kB
Cached:          1363728 kB
MemTotal:        1844596 kB
MemFree:          103260 kB
MemAvailable:    1447284 kB
Buffers:           85936 kB
Cached:          1363728 kB
MemTotal:        1844596 kB
MemFree:          104668 kB
MemAvailable:    1448692 kB
Buffers:           85936 kB
Cached:          1363728 kB
MemTotal:        1844596 kB
MemFree:          103460 kB
MemAvailable:    1447484 kB
Buffers:           85936 kB
Cached:          1363728 kB
MemTotal:        1844596 kB
MemFree:          104508 kB
MemAvailable:    1448532 kB
Buffers:           85936 kB
Cached:          1363728 kB
MemTotal:        1844596 kB
MemFree:          104428 kB
MemAvailable:    1448452 kB
Buffers:           85936 kB
Cached:          1363728 kB
MemTotal:        1844596 kB
MemFree:          104680 kB
MemAvailable:    1448704 kB
Buffers:           85936 kB
Cached:          1363728 kB
MemTotal:        1844596 kB
MemFree:          104504 kB
MemAvailable:    1448528 kB
Buffers:           85936 kB
Cached:          1363728 kB
MemTotal:        1844596 kB
MemFree:          103324 kB
MemAvailable:    1447348 kB
Buffers:           85936 kB
Cached:          1363728 kB
MemTotal:        1844596 kB
MemFree:          104476 kB
MemAvailable:    1448500 kB
Buffers:           85936 kB
Cached:          1363728 kB
MemTotal:        1844596 kB
MemFree:          103748 kB
MemAvailable:    1447772 kB
Buffers:           85936 kB
Cached:          1363728 kB
MemTotal:        1844596 kB
MemFree:          104360 kB
MemAvailable:    1448384 kB
Buffers:           85936 kB
Cached:          1363728 kB
MemTotal:        1844596 kB
MemFree:          104500 kB
MemAvailable:    1448524 kB
Buffers:           85936 kB
Cached:          1363728 kB
MemTotal:        1844596 kB
MemFree:          103204 kB
MemAvailable:    1447228 kB
Buffers:           85936 kB
Cached:          1363728 kB
MemTotal:        1844596 kB
MemFree:          103196 kB
MemAvailable:    1447220 kB
Buffers:           85936 kB
Cached:          1363728 kB
MemTotal:        1844596 kB
MemFree:          104564 kB
MemAvailable:    1448588 kB
Buffers:           85936 kB
Cached:          1363728 kB
MemTotal:        1844596 kB
MemFree:          103756 kB
MemAvailable:    1447780 kB
Buffers:           85936 kB
Cached:          1363728 kB
MemTotal:        1844596 kB
MemFree:          104320 kB
MemAvailable:    1448344 kB
Buffers:           85936 kB
Cached:          1363728 kB
MemTotal:        1844596 kB
MemFree:          103800 kB
MemAvailable:    1447824 kB
Buffers:           85936 kB
Cached:          1363728 kB
MemTotal:        1844596 kB
MemFree:          104376 kB
MemAvailable:    1448400 kB
Buffers:           85936 kB
Cached:          1363728 kB
MemTotal:        1844596 kB
MemFree:          103212 kB
MemAvailable:    1447236 kB
Buffers:           85936 kB
Cached:          1363728 kB
MemTotal:        1844596 kB
MemFree:          104560 kB
MemAvailable:    1448584 kB
Buffers:           85936 kB
Cached:          1363728 kB
MemTotal:        1844596 kB
MemFree:          104452 kB
MemAvailable:    1448476 kB
Buffers:           85936 kB
Cached:          1363728 kB
MemTotal:        1844596 kB
MemFree:          104612 kB
MemAvailable:    1448636 kB
Buffers:           85936 kB
Cached:          1363728 kB
MemTotal:        1844596 kB
MemFree:          104500 kB
MemAvailable:    1448524 kB
Buffers:           85936 kB
Cached:          1363728 kB
MemTotal:        1844596 kB
MemFree:          104500 kB
MemAvailable:    1448524 kB
Buffers:           85936 kB
Cached:          1363728 kB
MemTotal:        1844596 kB
MemFree:          104236 kB
MemAvailable:    1448260 kB
Buffers:           85936 kB
Cached:          1363728 kB
MemTotal:        1844596 kB
MemFree:          104576 kB
MemAvailable:    1448600 kB
Buffers:           85936 kB
Cached:          1363728 kB
MemTotal:        1844596 kB
MemFree:          104548 kB
MemAvailable:    1448572 kB
Buffers:           85936 kB
Cached:          1363728 kB
MemTotal:        1844596 kB
MemFree:          103200 kB
MemAvailable:    1447224 kB
Buffers:           85936 kB
Cached:          1363728 kB
MemTotal:        1844596 kB
MemFree:          104496 kB
MemAvailable:    1448520 kB
Buffers:           85936 kB
Cached:          1363728 kB
MemTotal:        1844596 kB
MemFree:          104236 kB
MemAvailable:    1448260 kB
Buffers:           85936 kB
Cached:          1363728 kB
MemTotal:        1844596 kB
MemFree:          104576 kB
MemAvailable:    1448600 kB
Buffers:           85936 kB
Cached:          1363728 kB
MemTotal:        1844596 kB
MemFree:          103080 kB
MemAvailable:    1447104 kB
Buffers:           85936 kB
Cached:          1363728 kB
MemTotal:        1844596 kB
MemFree:          104380 kB
MemAvailable:    1448404 kB
Buffers:           85936 kB
Cached:          1363728 kB
MemTotal:        1844596 kB
MemFree:          104308 kB
MemAvailable:    1448332 kB
Buffers:           85936 kB
Cached:          1363728 kB
MemTotal:        1844596 kB
MemFree:          104308 kB
MemAvailable:    1448332 kB
Buffers:           85936 kB
Cached:          1363728 kB
MemTotal:        1844596 kB
MemFree:          104304 kB
MemAvailable:    1448328 kB
Buffers:           85936 kB
Cached:          1363728 kB
MemTotal:        1844596 kB
MemFree:          104264 kB
MemAvailable:    1448288 kB
Buffers:           85936 kB
Cached:          1363728 kB
MemTotal:        1844596 kB
MemFree:          104064 kB
MemAvailable:    1448088 kB
Buffers:           85936 kB
Cached:          1363728 kB
MemTotal:        1844596 kB
MemFree:          104268 kB
MemAvailable:    1448292 kB
Buffers:           85936 kB
Cached:          1363728 kB
MemTotal:        1844596 kB
MemFree:          102832 kB
MemAvailable:    1446856 kB
Buffers:           85936 kB
Cached:          1363728 kB
MemTotal:        1844596 kB
MemFree:          102864 kB
MemAvailable:    1446888 kB
Buffers:           85936 kB
Cached:          1363728 kB
MemTotal:        1844596 kB
MemFree:          102972 kB
MemAvailable:    1446996 kB
Buffers:           85936 kB
Cached:          1363728 kB
MemTotal:        1844596 kB
MemFree:          104440 kB
MemAvailable:    1448464 kB
Buffers:           85936 kB
Cached:          1363728 kB
MemTotal:        1844596 kB
MemFree:          104188 kB
MemAvailable:    1448212 kB
Buffers:           85936 kB
Cached:          1363728 kB
MemTotal:        1844596 kB
MemFree:          104188 kB
MemAvailable:    1448212 kB
Buffers:           85936 kB
Cached:          1363728 kB
MemTotal:        1844596 kB
MemFree:          103212 kB
MemAvailable:    1447236 kB
Buffers:           85936 kB
Cached:          1363728 kB
MemTotal:        1844596 kB
MemFree:          104132 kB
MemAvailable:    1448156 kB
Buffers:           85936 kB
Cached:          1363728 kB
MemTotal:        1844596 kB
MemFree:          103084 kB
MemAvailable:    1447108 kB
Buffers:           85936 kB
Cached:          1363728 kB
MemTotal:        1844596 kB
MemFree:          102988 kB
MemAvailable:    1447012 kB
Buffers:           85936 kB
Cached:          1363728 kB
MemTotal:        1844596 kB
MemFree:          104188 kB
MemAvailable:    1448212 kB
Buffers:           85936 kB
Cached:          1363728 kB
MemTotal:        1844596 kB
MemFree:          103136 kB
MemAvailable:    1447160 kB
Buffers:           85936 kB
Cached:          1363728 kB
MemTotal:        1844596 kB
MemFree:          103012 kB
MemAvailable:    1447036 kB
Buffers:           85936 kB
Cached:          1363728 kB
MemTotal:        1844596 kB
MemFree:          104140 kB
MemAvailable:    1448164 kB
Buffers:           85936 kB
Cached:          1363728 kB
MemTotal:        1844596 kB
MemFree:          104120 kB
MemAvailable:    1448144 kB
Buffers:           85936 kB
Cached:          1363728 kB
MemTotal:        1844596 kB
MemFree:          104336 kB
MemAvailable:    1448360 kB
Buffers:           85936 kB
Cached:          1363728 kB
MemTotal:        1844596 kB
MemFree:          104304 kB
MemAvailable:    1448328 kB
Buffers:           85936 kB
Cached:          1363728 kB
MemTotal:        1844596 kB
MemFree:          103756 kB
MemAvailable:    1447780 kB
Buffers:           85936 kB
Cached:          1363728 kB
MemTotal:        1844596 kB
MemFree:          103124 kB
MemAvailable:    1447148 kB
Buffers:           85936 kB
Cached:          1363728 kB
MemTotal:        1844596 kB
MemFree:          104128 kB
MemAvailable:    1448152 kB
Buffers:           85936 kB
Cached:          1363728 kB
MemTotal:        1844596 kB
MemFree:          103012 kB
MemAvailable:    1447036 kB
Buffers:           85936 kB
Cached:          1363728 kB
MemTotal:        1844596 kB
MemFree:          102964 kB
MemAvailable:    1446988 kB
Buffers:           85936 kB
Cached:          1363728 kB
MemTotal:        1844596 kB
MemFree:          103136 kB
MemAvailable:    1447160 kB
Buffers:           85936 kB
Cached:          1363728 kB
MemTotal:        1844596 kB
MemFree:          103096 kB
MemAvailable:    1447120 kB
Buffers:           85936 kB
Cached:          1363728 kB
MemTotal:        1844596 kB
MemFree:          104188 kB
MemAvailable:    1448212 kB
Buffers:           85936 kB
Cached:          1363728 kB
MemTotal:        1844596 kB
MemFree:          104120 kB
MemAvailable:    1448144 kB
Buffers:           85936 kB
Cached:          1363728 kB
MemTotal:        1844596 kB
MemFree:          104372 kB
MemAvailable:    1448396 kB
Buffers:           85936 kB
Cached:          1363728 kB
MemTotal:        1844596 kB
MemFree:          102840 kB
MemAvailable:    1446864 kB
Buffers:           85936 kB
Cached:          1363728 kB
MemTotal:        1844596 kB
MemFree:          104304 kB
MemAvailable:    1448328 kB
Buffers:           85936 kB
Cached:          1363728 kB
MemTotal:        1844596 kB
MemFree:          104264 kB
MemAvailable:    1448288 kB
Buffers:           85936 kB
Cached:          1363728 kB
MemTotal:        1844596 kB
MemFree:          104060 kB
MemAvailable:    1448084 kB
Buffers:           85936 kB
Cached:          1363728 kB
MemTotal:        1844596 kB
MemFree:          104144 kB
MemAvailable:    1448168 kB
Buffers:           85936 kB
Cached:          1363728 kB
MemTotal:        1844596 kB
MemFree:          102864 kB
MemAvailable:    1446888 kB
Buffers:           85936 kB
Cached:          1363728 kB
MemTotal:        1844596 kB
MemFree:          104180 kB
MemAvailable:    1448212 kB
Buffers:           85936 kB
Cached:          1363736 kB
MemTotal:        1844596 kB
MemFree:          104080 kB
MemAvailable:    1448112 kB
Buffers:           85936 kB
Cached:          1363736 kB
MemTotal:        1844596 kB
MemFree:          104336 kB
MemAvailable:    1448368 kB
Buffers:           85936 kB
Cached:          1363736 kB
MemTotal:        1844596 kB
MemFree:          104120 kB
MemAvailable:    1448156 kB
Buffers:           85936 kB
Cached:          1363740 kB
MemTotal:        1844596 kB
MemFree:          104372 kB
MemAvailable:    1448408 kB
Buffers:           85936 kB
Cached:          1363740 kB
MemTotal:        1844596 kB
MemFree:          104116 kB
MemAvailable:    1448152 kB
Buffers:           85936 kB
Cached:          1363740 kB
MemTotal:        1844596 kB
MemFree:          104372 kB
MemAvailable:    1448408 kB
Buffers:           85936 kB
Cached:          1363740 kB
MemTotal:        1844596 kB
MemFree:          102876 kB
MemAvailable:    1446912 kB
Buffers:           85936 kB
Cached:          1363740 kB
MemTotal:        1844596 kB
MemFree:          102952 kB
MemAvailable:    1446988 kB
Buffers:           85936 kB
Cached:          1363740 kB
MemTotal:        1844596 kB
MemFree:          104112 kB
MemAvailable:    1448148 kB
Buffers:           85936 kB
Cached:          1363740 kB
MemTotal:        1844596 kB
MemFree:          104092 kB
MemAvailable:    1448128 kB
Buffers:           85936 kB
Cached:          1363740 kB
MemTotal:        1844596 kB
MemFree:          104344 kB
MemAvailable:    1448380 kB
Buffers:           85936 kB
Cached:          1363740 kB
MemTotal:        1844596 kB
MemFree:          102840 kB
MemAvailable:    1446876 kB
Buffers:           85936 kB
Cached:          1363740 kB
MemTotal:        1844596 kB
MemFree:          104300 kB
MemAvailable:    1448336 kB
Buffers:           85936 kB
Cached:          1363740 kB
MemTotal:        1844596 kB
MemFree:          103248 kB
MemAvailable:    1447284 kB
Buffers:           85936 kB
Cached:          1363740 kB
MemTotal:        1844596 kB
MemFree:          103124 kB
MemAvailable:    1447160 kB
Buffers:           85936 kB
Cached:          1363740 kB
MemTotal:        1844596 kB
MemFree:          104184 kB
MemAvailable:    1448220 kB
Buffers:           85936 kB
Cached:          1363740 kB
MemTotal:        1844596 kB
MemFree:          104436 kB
MemAvailable:    1448472 kB
Buffers:           85936 kB
Cached:          1363740 kB
MemTotal:        1844596 kB
MemFree:          103020 kB
MemAvailable:    1447056 kB
Buffers:           85936 kB
Cached:          1363740 kB
MemTotal:        1844596 kB
MemFree:          102848 kB
MemAvailable:    1446884 kB
Buffers:           85936 kB
Cached:          1363740 kB
MemTotal:        1844596 kB
MemFree:          103012 kB
MemAvailable:    1447048 kB
Buffers:           85936 kB
Cached:          1363740 kB
MemTotal:        1844596 kB
MemFree:          103012 kB
MemAvailable:    1447048 kB
Buffers:           85936 kB
Cached:          1363740 kB
MemTotal:        1844596 kB
MemFree:          104188 kB
MemAvailable:    1448224 kB
Buffers:           85936 kB
Cached:          1363740 kB
MemTotal:        1844596 kB
MemFree:          102840 kB
MemAvailable:    1446876 kB
Buffers:           85936 kB
Cached:          1363740 kB
MemTotal:        1844596 kB
MemFree:          102716 kB
MemAvailable:    1446752 kB
Buffers:           85936 kB
Cached:          1363740 kB
MemTotal:        1844596 kB
MemFree:          102708 kB
MemAvailable:    1446744 kB
Buffers:           85936 kB
Cached:          1363740 kB
MemTotal:        1844596 kB
MemFree:          103000 kB
MemAvailable:    1447036 kB
Buffers:           85936 kB
Cached:          1363740 kB
MemTotal:        1844596 kB
MemFree:          102896 kB
MemAvailable:    1446932 kB
Buffers:           85936 kB
Cached:          1363740 kB
MemTotal:        1844596 kB
MemFree:          102856 kB
MemAvailable:    1446892 kB
Buffers:           85936 kB
Cached:          1363740 kB
MemTotal:        1844596 kB
MemFree:          103096 kB
MemAvailable:    1447132 kB
Buffers:           85936 kB
Cached:          1363740 kB
MemTotal:        1844596 kB
MemFree:          103940 kB
MemAvailable:    1447976 kB
Buffers:           85936 kB
Cached:          1363740 kB
MemTotal:        1844596 kB
MemFree:          104088 kB
MemAvailable:    1448124 kB
Buffers:           85936 kB
Cached:          1363740 kB
MemTotal:        1844596 kB
MemFree:          103800 kB
MemAvailable:    1447836 kB
Buffers:           85936 kB
Cached:          1363740 kB
MemTotal:        1844596 kB
MemFree:          102740 kB
MemAvailable:    1446776 kB
Buffers:           85936 kB
Cached:          1363740 kB
MemTotal:        1844596 kB
MemFree:          102740 kB
MemAvailable:    1446776 kB
Buffers:           85936 kB
Cached:          1363740 kB
MemTotal:        1844596 kB
MemFree:          104056 kB
MemAvailable:    1448092 kB
Buffers:           85936 kB
Cached:          1363740 kB
MemTotal:        1844596 kB
MemFree:          104048 kB
MemAvailable:    1448084 kB
Buffers:           85936 kB
Cached:          1363740 kB
MemTotal:        1844596 kB
MemFree:          103840 kB
MemAvailable:    1447876 kB
Buffers:           85936 kB
Cached:          1363740 kB
MemTotal:        1844596 kB
MemFree:          103856 kB
MemAvailable:    1447892 kB
Buffers:           85936 kB
Cached:          1363740 kB
MemTotal:        1844596 kB
MemFree:          103984 kB
MemAvailable:    1448020 kB
Buffers:           85936 kB
Cached:          1363740 kB
MemTotal:        1844596 kB
MemFree:          104028 kB
MemAvailable:    1448064 kB
Buffers:           85936 kB
Cached:          1363740 kB
MemTotal:        1844596 kB
MemFree:          104040 kB
MemAvailable:    1448076 kB
Buffers:           85936 kB
Cached:          1363740 kB
MemTotal:        1844596 kB
MemFree:          103352 kB
MemAvailable:    1447388 kB
Buffers:           85936 kB
Cached:          1363740 kB
MemTotal:        1844596 kB
MemFree:          104220 kB
MemAvailable:    1448256 kB
Buffers:           85936 kB
Cached:          1363740 kB
MemTotal:        1844596 kB
MemFree:          104112 kB
MemAvailable:    1448148 kB
Buffers:           85936 kB
Cached:          1363740 kB
MemTotal:        1844596 kB
MemFree:          104104 kB
MemAvailable:    1448140 kB
Buffers:           85936 kB
Cached:          1363740 kB
MemTotal:        1844596 kB
MemFree:          103992 kB
MemAvailable:    1448028 kB
Buffers:           85936 kB
Cached:          1363740 kB
MemTotal:        1844596 kB
MemFree:          102808 kB
MemAvailable:    1446844 kB
Buffers:           85936 kB
Cached:          1363740 kB
MemTotal:        1844596 kB
MemFree:          103916 kB
MemAvailable:    1447952 kB
Buffers:           85936 kB
Cached:          1363740 kB
MemTotal:        1844596 kB
MemFree:          103716 kB
MemAvailable:    1447752 kB
Buffers:           85936 kB
Cached:          1363740 kB
MemTotal:        1844596 kB
MemFree:          102564 kB
MemAvailable:    1446600 kB
Buffers:           85936 kB
Cached:          1363740 kB
MemTotal:        1844596 kB
MemFree:          104092 kB
MemAvailable:    1448128 kB
Buffers:           85936 kB
Cached:          1363740 kB
MemTotal:        1844596 kB
MemFree:          104168 kB
MemAvailable:    1448204 kB
Buffers:           85936 kB
Cached:          1363740 kB
MemTotal:        1844596 kB
MemFree:          102740 kB
MemAvailable:    1446776 kB
Buffers:           85936 kB
Cached:          1363740 kB
MemTotal:        1844596 kB
MemFree:          102940 kB
MemAvailable:    1446976 kB
Buffers:           85936 kB
Cached:          1363740 kB
MemTotal:        1844596 kB
MemFree:          103864 kB
MemAvailable:    1447900 kB
Buffers:           85936 kB
Cached:          1363740 kB
MemTotal:        1844596 kB
MemFree:          103932 kB
MemAvailable:    1447968 kB
Buffers:           85936 kB
Cached:          1363740 kB
MemTotal:        1844596 kB
MemFree:          103988 kB
MemAvailable:    1448024 kB
Buffers:           85936 kB
Cached:          1363740 kB
MemTotal:        1844596 kB
MemFree:          103984 kB
MemAvailable:    1448020 kB
Buffers:           85936 kB
Cached:          1363740 kB
MemTotal:        1844596 kB
MemFree:          102804 kB
MemAvailable:    1446840 kB
Buffers:           85936 kB
Cached:          1363740 kB
MemTotal:        1844596 kB
MemFree:          103360 kB
MemAvailable:    1447396 kB
Buffers:           85936 kB
Cached:          1363740 kB
MemTotal:        1844596 kB
MemFree:          104024 kB
MemAvailable:    1448060 kB
Buffers:           85936 kB
Cached:          1363740 kB
MemTotal:        1844596 kB
MemFree:          102732 kB
MemAvailable:    1446768 kB
Buffers:           85936 kB
Cached:          1363740 kB
MemTotal:        1844596 kB
MemFree:          103908 kB
MemAvailable:    1447944 kB
Buffers:           85936 kB
Cached:          1363740 kB
MemTotal:        1844596 kB
MemFree:          103848 kB
MemAvailable:    1447884 kB
Buffers:           85936 kB
Cached:          1363740 kB
MemTotal:        1844596 kB
MemFree:          102988 kB
MemAvailable:    1447024 kB
Buffers:           85936 kB
Cached:          1363740 kB
MemTotal:        1844596 kB
MemFree:          102616 kB
MemAvailable:    1446652 kB
Buffers:           85936 kB
Cached:          1363740 kB
MemTotal:        1844596 kB
MemFree:          103064 kB
MemAvailable:    1447100 kB
Buffers:           85936 kB
Cached:          1363740 kB
MemTotal:        1844596 kB
MemFree:          102816 kB
MemAvailable:    1446852 kB
Buffers:           85936 kB
Cached:          1363740 kB
MemTotal:        1844596 kB
MemFree:          103980 kB
MemAvailable:    1448024 kB
Buffers:           85936 kB
Cached:          1363748 kB
MemTotal:        1844596 kB
MemFree:          104040 kB
MemAvailable:    1448084 kB
Buffers:           85936 kB
Cached:          1363748 kB
MemTotal:        1844596 kB
MemFree:          103608 kB
MemAvailable:    1447652 kB
Buffers:           85936 kB
Cached:          1363748 kB
MemTotal:        1844596 kB
MemFree:          102808 kB
MemAvailable:    1446852 kB
Buffers:           85936 kB
Cached:          1363748 kB
MemTotal:        1844596 kB
MemFree:          103980 kB
MemAvailable:    1448024 kB
Buffers:           85936 kB
Cached:          1363748 kB
MemTotal:        1844596 kB
MemFree:          104040 kB
MemAvailable:    1448084 kB
Buffers:           85936 kB
Cached:          1363748 kB
MemTotal:        1844596 kB
MemFree:          103112 kB
MemAvailable:    1447156 kB
Buffers:           85936 kB
Cached:          1363748 kB
MemTotal:        1844596 kB
MemFree:          103760 kB
MemAvailable:    1447804 kB
Buffers:           85936 kB
Cached:          1363748 kB
MemTotal:        1844596 kB
MemFree:          103980 kB
MemAvailable:    1448024 kB
Buffers:           85936 kB
Cached:          1363748 kB
MemTotal:        1844596 kB
MemFree:          103968 kB
MemAvailable:    1448012 kB
Buffers:           85936 kB
Cached:          1363748 kB
MemTotal:        1844596 kB
MemFree:          102680 kB
MemAvailable:    1446724 kB
Buffers:           85936 kB
Cached:          1363748 kB
MemTotal:        1844596 kB
MemFree:          103800 kB
MemAvailable:    1447844 kB
Buffers:           85936 kB
Cached:          1363748 kB
MemTotal:        1844596 kB
MemFree:          104136 kB
MemAvailable:    1448180 kB
Buffers:           85936 kB
Cached:          1363748 kB
MemTotal:        1844596 kB
MemFree:          104028 kB
MemAvailable:    1448072 kB
Buffers:           85936 kB
Cached:          1363748 kB
MemTotal:        1844596 kB
MemFree:          103236 kB
MemAvailable:    1447280 kB
Buffers:           85936 kB
Cached:          1363748 kB
MemTotal:        1844596 kB
MemFree:          103112 kB
MemAvailable:    1447156 kB
Buffers:           85936 kB
Cached:          1363748 kB
MemTotal:        1844596 kB
MemFree:          103104 kB
MemAvailable:    1447148 kB
Buffers:           85936 kB
Cached:          1363748 kB
MemTotal:        1844596 kB
MemFree:          104156 kB
MemAvailable:    1448200 kB
Buffers:           85936 kB
Cached:          1363748 kB
MemTotal:        1844596 kB
MemFree:          103784 kB
MemAvailable:    1447828 kB
Buffers:           85936 kB
Cached:          1363748 kB
MemTotal:        1844596 kB
MemFree:          103784 kB
MemAvailable:    1447828 kB
Buffers:           85936 kB
Cached:          1363748 kB
MemTotal:        1844596 kB
MemFree:          104016 kB
MemAvailable:    1448060 kB
Buffers:           85936 kB
Cached:          1363748 kB
MemTotal:        1844596 kB
MemFree:          102668 kB
MemAvailable:    1446712 kB
Buffers:           85936 kB
Cached:          1363748 kB
MemTotal:        1844596 kB
MemFree:          103836 kB
MemAvailable:    1447880 kB
Buffers:           85936 kB
Cached:          1363748 kB
MemTotal:        1844596 kB
MemFree:          103360 kB
MemAvailable:    1447404 kB
Buffers:           85936 kB
Cached:          1363748 kB
MemTotal:        1844596 kB
MemFree:          104120 kB
MemAvailable:    1448164 kB
Buffers:           85936 kB
Cached:          1363748 kB
MemTotal:        1844596 kB
MemFree:          102864 kB
MemAvailable:    1446908 kB
Buffers:           85936 kB
Cached:          1363748 kB
MemTotal:        1844596 kB
MemFree:          103716 kB
MemAvailable:    1447760 kB
Buffers:           85936 kB
Cached:          1363748 kB
MemTotal:        1844596 kB
MemFree:          104056 kB
MemAvailable:    1448100 kB
Buffers:           85936 kB
Cached:          1363748 kB
MemTotal:        1844596 kB
MemFree:          102560 kB
MemAvailable:    1446604 kB
Buffers:           85936 kB
Cached:          1363748 kB
MemTotal:        1844596 kB
MemFree:          102728 kB
MemAvailable:    1446772 kB
Buffers:           85936 kB
Cached:          1363748 kB
MemTotal:        1844596 kB
MemFree:          103980 kB
MemAvailable:    1448024 kB
Buffers:           85936 kB
Cached:          1363748 kB
MemTotal:        1844596 kB
MemFree:          104084 kB
MemAvailable:    1448128 kB
Buffers:           85936 kB
Cached:          1363748 kB
MemTotal:        1844596 kB
MemFree:          104032 kB
MemAvailable:    1448076 kB
Buffers:           85936 kB
Cached:          1363748 kB
MemTotal:        1844596 kB
MemFree:          104112 kB
MemAvailable:    1448156 kB
Buffers:           85936 kB
Cached:          1363748 kB
MemTotal:        1844596 kB
MemFree:          103492 kB
MemAvailable:    1447536 kB
Buffers:           85936 kB
Cached:          1363748 kB
MemTotal:        1844596 kB
MemFree:          103676 kB
MemAvailable:    1447720 kB
Buffers:           85936 kB
Cached:          1363748 kB
MemTotal:        1844596 kB
MemFree:          104012 kB
MemAvailable:    1448056 kB
Buffers:           85936 kB
Cached:          1363748 kB
MemTotal:        1844596 kB
MemFree:          103800 kB
MemAvailable:    1447844 kB
Buffers:           85936 kB
Cached:          1363748 kB
MemTotal:        1844596 kB
MemFree:          104052 kB
MemAvailable:    1448096 kB
Buffers:           85936 kB
Cached:          1363748 kB
MemTotal:        1844596 kB
MemFree:          104040 kB
MemAvailable:    1448084 kB
Buffers:           85936 kB
Cached:          1363748 kB
MemTotal:        1844596 kB
MemFree:          102856 kB
MemAvailable:    1446900 kB
Buffers:           85936 kB
Cached:          1363748 kB
MemTotal:        1844596 kB
MemFree:          103908 kB
MemAvailable:    1447952 kB
Buffers:           85936 kB
Cached:          1363748 kB
MemTotal:        1844596 kB
MemFree:          102600 kB
MemAvailable:    1446644 kB
Buffers:           85936 kB
Cached:          1363748 kB
MemTotal:        1844596 kB
MemFree:          103228 kB
MemAvailable:    1447272 kB
Buffers:           85936 kB
Cached:          1363748 kB
MemTotal:        1844596 kB
MemFree:          102808 kB
MemAvailable:    1446852 kB
Buffers:           85936 kB
Cached:          1363748 kB
MemTotal:        1844596 kB
MemFree:          103780 kB
MemAvailable:    1447824 kB
Buffers:           85936 kB
Cached:          1363748 kB
MemTotal:        1844596 kB
MemFree:          104032 kB
MemAvailable:    1448076 kB
Buffers:           85936 kB
Cached:          1363748 kB
MemTotal:        1844596 kB
MemFree:          103760 kB
MemAvailable:    1447804 kB
Buffers:           85936 kB
Cached:          1363748 kB
MemTotal:        1844596 kB
MemFree:          104104 kB
MemAvailable:    1448148 kB
Buffers:           85936 kB
Cached:          1363748 kB
MemTotal:        1844596 kB
MemFree:          103916 kB
MemAvailable:    1447960 kB
Buffers:           85936 kB
Cached:          1363748 kB
MemTotal:        1844596 kB
MemFree:          103916 kB
MemAvailable:    1447960 kB
Buffers:           85936 kB
Cached:          1363748 kB
MemTotal:        1844596 kB
MemFree:          103892 kB
MemAvailable:    1447936 kB
Buffers:           85936 kB
Cached:          1363748 kB
MemTotal:        1844596 kB
MemFree:          104064 kB
MemAvailable:    1448108 kB
Buffers:           85936 kB
Cached:          1363748 kB
MemTotal:        1844596 kB
MemFree:          102568 kB
MemAvailable:    1446612 kB
Buffers:           85936 kB
Cached:          1363748 kB
MemTotal:        1844596 kB
MemFree:          103860 kB
MemAvailable:    1447904 kB
Buffers:           85936 kB
Cached:          1363748 kB
MemTotal:        1844596 kB
MemFree:          104052 kB
MemAvailable:    1448096 kB
Buffers:           85936 kB
Cached:          1363748 kB
MemTotal:        1844596 kB
MemFree:          104044 kB
MemAvailable:    1448088 kB
Buffers:           85936 kB
Cached:          1363748 kB
MemTotal:        1844596 kB
MemFree:          102848 kB
MemAvailable:    1446892 kB
Buffers:           85936 kB
Cached:          1363748 kB
MemTotal:        1844596 kB
MemFree:          104020 kB
MemAvailable:    1448064 kB
Buffers:           85936 kB
Cached:          1363748 kB
MemTotal:        1844596 kB
MemFree:          103360 kB
MemAvailable:    1447404 kB
Buffers:           85936 kB
Cached:          1363748 kB
MemTotal:        1844596 kB
MemFree:          103676 kB
MemAvailable:    1447728 kB
Buffers:           85936 kB
Cached:          1363756 kB
MemTotal:        1844596 kB
MemFree:          102576 kB
MemAvailable:    1446628 kB
Buffers:           85936 kB
Cached:          1363756 kB
MemTotal:        1844596 kB
MemFree:          103736 kB
MemAvailable:    1447788 kB
Buffers:           85936 kB
Cached:          1363756 kB
MemTotal:        1844596 kB
MemFree:          102988 kB
MemAvailable:    1447040 kB
Buffers:           85936 kB
Cached:          1363756 kB
MemTotal:        1844596 kB
MemFree:          102692 kB
MemAvailable:    1446744 kB
Buffers:           85936 kB
Cached:          1363756 kB
MemTotal:        1844596 kB
MemFree:          103904 kB
MemAvailable:    1447956 kB
Buffers:           85936 kB
Cached:          1363756 kB
MemTotal:        1844596 kB
MemFree:          102728 kB
MemAvailable:    1446780 kB
Buffers:           85936 kB
Cached:          1363756 kB
MemTotal:        1844596 kB
MemFree:          102692 kB
MemAvailable:    1446744 kB
Buffers:           85936 kB
Cached:          1363756 kB
MemTotal:        1844596 kB
MemFree:          103932 kB
MemAvailable:    1447984 kB
Buffers:           85936 kB
Cached:          1363756 kB
MemTotal:        1844596 kB
MemFree:          103360 kB
MemAvailable:    1447412 kB
Buffers:           85936 kB
Cached:          1363756 kB
MemTotal:        1844596 kB
MemFree:          103800 kB
MemAvailable:    1447852 kB
Buffers:           85936 kB
Cached:          1363756 kB
MemTotal:        1844596 kB
MemFree:          104052 kB
MemAvailable:    1448104 kB
Buffers:           85936 kB
Cached:          1363756 kB
MemTotal:        1844596 kB
MemFree:          103736 kB
MemAvailable:    1447788 kB
Buffers:           85936 kB
Cached:          1363756 kB
MemTotal:        1844596 kB
MemFree:          103848 kB
MemAvailable:    1447900 kB
Buffers:           85936 kB
Cached:          1363756 kB
MemTotal:        1844596 kB
MemFree:          103988 kB
MemAvailable:    1448040 kB
Buffers:           85936 kB
Cached:          1363756 kB
MemTotal:        1844596 kB
MemFree:          102616 kB
MemAvailable:    1446672 kB
Buffers:           85936 kB
Cached:          1363760 kB
MemTotal:        1844596 kB
MemFree:          104000 kB
MemAvailable:    1448056 kB
Buffers:           85936 kB
Cached:          1363760 kB
MemTotal:        1844596 kB
MemFree:          103800 kB
MemAvailable:    1447856 kB
Buffers:           85936 kB
Cached:          1363760 kB
MemTotal:        1844596 kB
MemFree:          103800 kB
MemAvailable:    1447856 kB
Buffers:           85936 kB
Cached:          1363760 kB
MemTotal:        1844596 kB
MemFree:          104028 kB
MemAvailable:    1448084 kB
Buffers:           85936 kB
Cached:          1363760 kB
MemTotal:        1844596 kB
MemFree:          103980 kB
MemAvailable:    1448036 kB
Buffers:           85936 kB
Cached:          1363760 kB
MemTotal:        1844596 kB
MemFree:          104056 kB
MemAvailable:    1448112 kB
Buffers:           85936 kB
Cached:          1363760 kB
MemTotal:        1844596 kB
MemFree:          104040 kB
MemAvailable:    1448096 kB
Buffers:           85936 kB
Cached:          1363760 kB
MemTotal:        1844596 kB
MemFree:          102608 kB
MemAvailable:    1446664 kB
Buffers:           85936 kB
Cached:          1363760 kB
MemTotal:        1844596 kB
MemFree:          103800 kB
MemAvailable:    1447856 kB
Buffers:           85936 kB
Cached:          1363760 kB
MemTotal:        1844596 kB
MemFree:          104056 kB
MemAvailable:    1448112 kB
Buffers:           85936 kB
Cached:          1363760 kB
MemTotal:        1844596 kB
MemFree:          102728 kB
MemAvailable:    1446784 kB
Buffers:           85936 kB
Cached:          1363760 kB
MemTotal:        1844596 kB
MemFree:          102852 kB
MemAvailable:    1446908 kB
Buffers:           85936 kB
Cached:          1363760 kB
MemTotal:        1844596 kB
MemFree:          103916 kB
MemAvailable:    1447972 kB
Buffers:           85936 kB
Cached:          1363760 kB
MemTotal:        1844596 kB
MemFree:          103228 kB
MemAvailable:    1447284 kB
Buffers:           85936 kB
Cached:          1363760 kB
MemTotal:        1844596 kB
MemFree:          103808 kB
MemAvailable:    1447864 kB
Buffers:           85936 kB
Cached:          1363760 kB
MemTotal:        1844596 kB
MemFree:          104064 kB
MemAvailable:    1448120 kB
Buffers:           85936 kB
Cached:          1363760 kB
MemTotal:        1844596 kB
MemFree:          103848 kB
MemAvailable:    1447904 kB
Buffers:           85936 kB
Cached:          1363760 kB
MemTotal:        1844596 kB
MemFree:          103492 kB
MemAvailable:    1447548 kB
Buffers:           85936 kB
Cached:          1363760 kB
MemTotal:        1844596 kB
MemFree:          103776 kB
MemAvailable:    1447832 kB
Buffers:           85936 kB
Cached:          1363760 kB
MemTotal:        1844596 kB
MemFree:          102684 kB
MemAvailable:    1446740 kB
Buffers:           85936 kB
Cached:          1363760 kB
MemTotal:        1844596 kB
MemFree:          102808 kB
MemAvailable:    1446864 kB
Buffers:           85936 kB
Cached:          1363760 kB
MemTotal:        1844596 kB
MemFree:          102808 kB
MemAvailable:    1446864 kB
Buffers:           85936 kB
Cached:          1363760 kB
MemTotal:        1844596 kB
MemFree:          102808 kB
MemAvailable:    1446864 kB
Buffers:           85936 kB
Cached:          1363760 kB
MemTotal:        1844596 kB
MemFree:          102808 kB
MemAvailable:    1446864 kB
Buffers:           85936 kB
Cached:          1363760 kB
MemTotal:        1844596 kB
MemFree:          102676 kB
MemAvailable:    1446732 kB
Buffers:           85936 kB
Cached:          1363760 kB
MemTotal:        1844596 kB
MemFree:          103952 kB
MemAvailable:    1448008 kB
Buffers:           85940 kB
Cached:          1363756 kB
MemTotal:        1844596 kB
MemFree:          102548 kB
MemAvailable:    1446604 kB
Buffers:           85940 kB
Cached:          1363756 kB
MemTotal:        1844596 kB
MemFree:          102548 kB
MemAvailable:    1446604 kB
Buffers:           85940 kB
Cached:          1363756 kB
MemTotal:        1844596 kB
MemFree:          102664 kB
MemAvailable:    1446720 kB
Buffers:           85940 kB
Cached:          1363756 kB
MemTotal:        1844596 kB
MemFree:          103884 kB
MemAvailable:    1447940 kB
Buffers:           85940 kB
Cached:          1363756 kB
MemTotal:        1844596 kB
MemFree:          103112 kB
MemAvailable:    1447168 kB
Buffers:           85940 kB
Cached:          1363756 kB
MemTotal:        1844596 kB
MemFree:          103560 kB
MemAvailable:    1447616 kB
Buffers:           85940 kB
Cached:          1363756 kB
MemTotal:        1844596 kB
MemFree:          103528 kB
MemAvailable:    1447584 kB
Buffers:           85940 kB
Cached:          1363756 kB
MemTotal:        1844596 kB
MemFree:          102616 kB
MemAvailable:    1446672 kB
Buffers:           85940 kB
Cached:          1363756 kB
MemTotal:        1844596 kB
MemFree:          103692 kB
MemAvailable:    1447748 kB
Buffers:           85940 kB
Cached:          1363756 kB
MemTotal:        1844596 kB
MemFree:          103792 kB
MemAvailable:    1447848 kB
Buffers:           85940 kB
Cached:          1363756 kB
MemTotal:        1844596 kB
MemFree:          103792 kB
MemAvailable:    1447848 kB
Buffers:           85940 kB
Cached:          1363756 kB
MemTotal:        1844596 kB
MemFree:          103600 kB
MemAvailable:    1447656 kB
Buffers:           85940 kB
Cached:          1363756 kB
MemTotal:        1844596 kB
MemFree:          103940 kB
MemAvailable:    1447996 kB
Buffers:           85940 kB
Cached:          1363756 kB
MemTotal:        1844596 kB
MemFree:          103684 kB
MemAvailable:    1447740 kB
Buffers:           85940 kB
Cached:          1363756 kB
MemTotal:        1844596 kB
MemFree:          103468 kB
MemAvailable:    1447524 kB
Buffers:           85940 kB
Cached:          1363756 kB
MemTotal:        1844596 kB
MemFree:          103468 kB
MemAvailable:    1447524 kB
Buffers:           85940 kB
Cached:          1363756 kB
MemTotal:        1844596 kB
MemFree:          103636 kB
MemAvailable:    1447692 kB
Buffers:           85940 kB
Cached:          1363756 kB
MemTotal:        1844596 kB
MemFree:          103728 kB
MemAvailable:    1447784 kB
Buffers:           85940 kB
Cached:          1363756 kB
MemTotal:        1844596 kB
MemFree:          103664 kB
MemAvailable:    1447720 kB
Buffers:           85940 kB
Cached:          1363756 kB
MemTotal:        1844596 kB
MemFree:          103916 kB
MemAvailable:    1447972 kB
Buffers:           85940 kB
Cached:          1363756 kB
MemTotal:        1844596 kB
MemFree:          103736 kB
MemAvailable:    1447792 kB
Buffers:           85940 kB
Cached:          1363756 kB
MemTotal:        1844596 kB
MemFree:          103864 kB
MemAvailable:    1447920 kB
Buffers:           85940 kB
Cached:          1363756 kB
MemTotal:        1844596 kB
MemFree:          102600 kB
MemAvailable:    1446656 kB
Buffers:           85940 kB
Cached:          1363756 kB
MemTotal:        1844596 kB
MemFree:          103900 kB
MemAvailable:    1447956 kB
Buffers:           85940 kB
Cached:          1363756 kB
MemTotal:        1844596 kB
MemFree:          103932 kB
MemAvailable:    1447988 kB
Buffers:           85940 kB
Cached:          1363756 kB
MemTotal:        1844596 kB
MemFree:          103784 kB
MemAvailable:    1447840 kB
Buffers:           85940 kB
Cached:          1363756 kB
MemTotal:        1844596 kB
MemFree:          102692 kB
MemAvailable:    1446748 kB
Buffers:           85940 kB
Cached:          1363756 kB
MemTotal:        1844596 kB
MemFree:          102616 kB
MemAvailable:    1446672 kB
Buffers:           85940 kB
Cached:          1363756 kB
MemTotal:        1844596 kB
MemFree:          102568 kB
MemAvailable:    1446624 kB
Buffers:           85940 kB
Cached:          1363756 kB
MemTotal:        1844596 kB
MemFree:          102692 kB
MemAvailable:    1446748 kB
Buffers:           85940 kB
Cached:          1363756 kB
MemTotal:        1844596 kB
MemFree:          102568 kB
MemAvailable:    1446624 kB
Buffers:           85940 kB
Cached:          1363756 kB
MemTotal:        1844596 kB
MemFree:          102616 kB
MemAvailable:    1446672 kB
Buffers:           85940 kB
Cached:          1363756 kB
MemTotal:        1844596 kB
MemFree:          102444 kB
MemAvailable:    1446500 kB
Buffers:           85940 kB
Cached:          1363756 kB
MemTotal:        1844596 kB
MemFree:          102816 kB
MemAvailable:    1446872 kB
Buffers:           85940 kB
Cached:          1363756 kB
MemTotal:        1844596 kB
MemFree:          102568 kB
MemAvailable:    1446624 kB
Buffers:           85940 kB
Cached:          1363756 kB
MemTotal:        1844596 kB
MemFree:          102692 kB
MemAvailable:    1446748 kB
Buffers:           85940 kB
Cached:          1363756 kB
MemTotal:        1844596 kB
MemFree:          103716 kB
MemAvailable:    1447772 kB
Buffers:           85940 kB
Cached:          1363756 kB
MemTotal:        1844596 kB
MemFree:          103968 kB
MemAvailable:    1448024 kB
Buffers:           85940 kB
Cached:          1363756 kB
MemTotal:        1844596 kB
MemFree:          103644 kB
MemAvailable:    1447700 kB
Buffers:           85940 kB
Cached:          1363756 kB
MemTotal:        1844596 kB
MemFree:          102476 kB
MemAvailable:    1446532 kB
Buffers:           85940 kB
Cached:          1363756 kB
MemTotal:        1844596 kB
MemFree:          103668 kB
MemAvailable:    1447724 kB
Buffers:           85940 kB
Cached:          1363756 kB
MemTotal:        1844596 kB
MemFree:          103920 kB
MemAvailable:    1447976 kB
Buffers:           85940 kB
Cached:          1363756 kB
MemTotal:        1844596 kB
MemFree:          103600 kB
MemAvailable:    1447656 kB
Buffers:           85940 kB
Cached:          1363756 kB
MemTotal:        1844596 kB
MemFree:          103636 kB
MemAvailable:    1447704 kB
Buffers:           85940 kB
Cached:          1363768 kB
MemTotal:        1844596 kB
MemFree:          103808 kB
MemAvailable:    1447876 kB
Buffers:           85940 kB
Cached:          1363768 kB
MemTotal:        1844596 kB
MemFree:          102436 kB
MemAvailable:    1446504 kB
Buffers:           85940 kB
Cached:          1363768 kB
MemTotal:        1844596 kB
MemFree:          102560 kB
MemAvailable:    1446628 kB
Buffers:           85940 kB
Cached:          1363768 kB
MemTotal:        1844596 kB
MemFree:          103736 kB
MemAvailable:    1447804 kB
Buffers:           85940 kB
Cached:          1363768 kB
MemTotal:        1844596 kB
MemFree:          102800 kB
MemAvailable:    1446868 kB
Buffers:           85940 kB
Cached:          1363768 kB
MemTotal:        1844596 kB
MemFree:          102596 kB
MemAvailable:    1446664 kB
Buffers:           85940 kB
Cached:          1363768 kB
MemTotal:        1844596 kB
MemFree:          103788 kB
MemAvailable:    1447856 kB
Buffers:           85940 kB
Cached:          1363768 kB
MemTotal:        1844596 kB
MemFree:          103740 kB
MemAvailable:    1447808 kB
Buffers:           85940 kB
Cached:          1363768 kB
MemTotal:        1844596 kB
MemFree:          103736 kB
MemAvailable:    1447804 kB
Buffers:           85940 kB
Cached:          1363768 kB
MemTotal:        1844596 kB
MemFree:          103236 kB
MemAvailable:    1447304 kB
Buffers:           85940 kB
Cached:          1363768 kB
MemTotal:        1844596 kB
MemFree:          103964 kB
MemAvailable:    1448032 kB
Buffers:           85940 kB
Cached:          1363768 kB
MemTotal:        1844596 kB
MemFree:          103732 kB
MemAvailable:    1447800 kB
Buffers:           85940 kB
Cached:          1363768 kB
MemTotal:        1844596 kB
MemFree:          103772 kB
MemAvailable:    1447840 kB
Buffers:           85940 kB
Cached:          1363768 kB
MemTotal:        1844596 kB
MemFree:          102576 kB
MemAvailable:    1446644 kB
Buffers:           85940 kB
Cached:          1363768 kB
MemTotal:        1844596 kB
MemFree:          103592 kB
MemAvailable:    1447660 kB
Buffers:           85940 kB
Cached:          1363768 kB
MemTotal:        1844596 kB
MemFree:          103928 kB
MemAvailable:    1447996 kB
Buffers:           85940 kB
Cached:          1363768 kB
MemTotal:        1844596 kB
MemFree:          103904 kB
MemAvailable:    1447972 kB
Buffers:           85940 kB
Cached:          1363768 kB
MemTotal:        1844596 kB
MemFree:          102556 kB
MemAvailable:    1446624 kB
Buffers:           85940 kB
Cached:          1363768 kB
MemTotal:        1844596 kB
MemFree:          102716 kB
MemAvailable:    1446784 kB
Buffers:           85940 kB
Cached:          1363768 kB
MemTotal:        1844596 kB
MemFree:          103760 kB
MemAvailable:    1447828 kB
Buffers:           85940 kB
Cached:          1363768 kB
MemTotal:        1844596 kB
MemFree:          102616 kB
MemAvailable:    1446684 kB
Buffers:           85940 kB
Cached:          1363768 kB
MemTotal:        1844596 kB
MemFree:          103856 kB
MemAvailable:    1447924 kB
Buffers:           85940 kB
Cached:          1363768 kB
MemTotal:        1844596 kB
MemFree:          103808 kB
MemAvailable:    1447876 kB
Buffers:           85940 kB
Cached:          1363768 kB
MemTotal:        1844596 kB
MemFree:          102444 kB
MemAvailable:    1446512 kB
Buffers:           85940 kB
Cached:          1363768 kB
MemTotal:        1844596 kB
MemFree:          102696 kB
MemAvailable:    1446764 kB
Buffers:           85940 kB
Cached:          1363768 kB
MemTotal:        1844596 kB
MemFree:          103808 kB
MemAvailable:    1447876 kB
Buffers:           85940 kB
Cached:          1363768 kB
MemTotal:        1844596 kB
MemFree:          102436 kB
MemAvailable:    1446504 kB
Buffers:           85940 kB
Cached:          1363768 kB
MemTotal:        1844596 kB
MemFree:          103712 kB
MemAvailable:    1447780 kB
Buffers:           85940 kB
Cached:          1363768 kB
MemTotal:        1844596 kB
MemFree:          103944 kB
MemAvailable:    1448012 kB
Buffers:           85940 kB
Cached:          1363768 kB
MemTotal:        1844596 kB
MemFree:          103972 kB
MemAvailable:    1448040 kB
Buffers:           85940 kB
Cached:          1363768 kB
MemTotal:        1844596 kB
MemFree:          103980 kB
MemAvailable:    1448048 kB
Buffers:           85940 kB
Cached:          1363768 kB
MemTotal:        1844596 kB
MemFree:          103112 kB
MemAvailable:    1447180 kB
Buffers:           85940 kB
Cached:          1363768 kB
MemTotal:        1844596 kB
MemFree:          103856 kB
MemAvailable:    1447924 kB
Buffers:           85940 kB
Cached:          1363768 kB
MemTotal:        1844596 kB
MemFree:          103792 kB
MemAvailable:    1447860 kB
Buffers:           85940 kB
Cached:          1363768 kB
MemTotal:        1844596 kB
MemFree:          103592 kB
MemAvailable:    1447660 kB
Buffers:           85940 kB
Cached:          1363768 kB
MemTotal:        1844596 kB
MemFree:          103932 kB
MemAvailable:    1448000 kB
Buffers:           85940 kB
Cached:          1363768 kB
MemTotal:        1844596 kB
MemFree:          104064 kB
MemAvailable:    1448132 kB
Buffers:           85940 kB
Cached:          1363768 kB
MemTotal:        1844596 kB
MemFree:          103808 kB
MemAvailable:    1447876 kB
Buffers:           85940 kB
Cached:          1363768 kB
MemTotal:        1844596 kB
MemFree:          103664 kB
MemAvailable:    1447732 kB
Buffers:           85940 kB
Cached:          1363768 kB
MemTotal:        1844596 kB
MemFree:          103304 kB
MemAvailable:    1447372 kB
Buffers:           85940 kB
Cached:          1363768 kB
MemTotal:        1844596 kB
MemFree:          102492 kB
MemAvailable:    1446560 kB
Buffers:           85940 kB
Cached:          1363768 kB
MemTotal:        1844596 kB
MemFree:          102568 kB
MemAvailable:    1446636 kB
Buffers:           85940 kB
Cached:          1363768 kB
MemTotal:        1844596 kB
MemFree:          102616 kB
MemAvailable:    1446684 kB
Buffers:           85940 kB
Cached:          1363768 kB
MemTotal:        1844596 kB
MemFree:          102444 kB
MemAvailable:    1446512 kB
Buffers:           85940 kB
Cached:          1363768 kB
MemTotal:        1844596 kB
MemFree:          103368 kB
MemAvailable:    1447436 kB
Buffers:           85940 kB
Cached:          1363768 kB
MemTotal:        1844596 kB
MemFree:          102444 kB
MemAvailable:    1446512 kB
Buffers:           85940 kB
Cached:          1363768 kB
MemTotal:        1844596 kB
MemFree:          102568 kB
MemAvailable:    1446636 kB
Buffers:           85940 kB
Cached:          1363768 kB
MemTotal:        1844596 kB
MemFree:          102480 kB
MemAvailable:    1446548 kB
Buffers:           85940 kB
Cached:          1363768 kB
MemTotal:        1844596 kB
MemFree:          102480 kB
MemAvailable:    1446548 kB
Buffers:           85940 kB
Cached:          1363768 kB
MemTotal:        1844596 kB
MemFree:          103588 kB
MemAvailable:    1447656 kB
Buffers:           85940 kB
Cached:          1363768 kB
MemTotal:        1844596 kB
MemFree:          103732 kB
MemAvailable:    1447800 kB
Buffers:           85940 kB
Cached:          1363768 kB
MemTotal:        1844596 kB
MemFree:          103652 kB
MemAvailable:    1447720 kB
Buffers:           85940 kB
Cached:          1363768 kB
MemTotal:        1844596 kB
MemFree:          103904 kB
MemAvailable:    1447972 kB
Buffers:           85940 kB
Cached:          1363768 kB
MemTotal:        1844596 kB
MemFree:          103904 kB
MemAvailable:    1447972 kB
Buffers:           85940 kB
Cached:          1363768 kB
MemTotal:        1844596 kB
MemFree:          103900 kB
MemAvailable:    1447968 kB
Buffers:           85940 kB
Cached:          1363768 kB
MemTotal:        1844596 kB
MemFree:          103236 kB
MemAvailable:    1447304 kB
Buffers:           85940 kB
Cached:          1363768 kB
MemTotal:        1844596 kB
MemFree:          102480 kB
MemAvailable:    1446548 kB
Buffers:           85940 kB
Cached:          1363768 kB
MemTotal:        1844596 kB
MemFree:          103772 kB
MemAvailable:    1447840 kB
Buffers:           85940 kB
Cached:          1363768 kB
MemTotal:        1844596 kB
MemFree:          103732 kB
MemAvailable:    1447800 kB
Buffers:           85940 kB
Cached:          1363768 kB
MemTotal:        1844596 kB
MemFree:          103592 kB
MemAvailable:    1447660 kB
Buffers:           85940 kB
Cached:          1363768 kB
MemTotal:        1844596 kB
MemFree:          103484 kB
MemAvailable:    1447552 kB
Buffers:           85940 kB
Cached:          1363768 kB
MemTotal:        1844596 kB
MemFree:          103604 kB
MemAvailable:    1447672 kB
Buffers:           85940 kB
Cached:          1363768 kB
MemTotal:        1844596 kB
MemFree:          102436 kB
MemAvailable:    1446504 kB
Buffers:           85940 kB
Cached:          1363768 kB
MemTotal:        1844596 kB
MemFree:          103712 kB
MemAvailable:    1447780 kB
Buffers:           85940 kB
Cached:          1363768 kB
MemTotal:        1844596 kB
MemFree:          103492 kB
MemAvailable:    1447560 kB
Buffers:           85940 kB
Cached:          1363768 kB
MemTotal:        1844596 kB
MemFree:          103600 kB
MemAvailable:    1447668 kB
Buffers:           85940 kB
Cached:          1363768 kB
MemTotal:        1844596 kB
MemFree:          102568 kB
MemAvailable:    1446636 kB
Buffers:           85940 kB
Cached:          1363768 kB
MemTotal:        1844596 kB
MemFree:          103664 kB
MemAvailable:    1447732 kB
Buffers:           85940 kB
Cached:          1363768 kB
MemTotal:        1844596 kB
MemFree:          103916 kB
MemAvailable:    1447984 kB
Buffers:           85940 kB
Cached:          1363768 kB
MemTotal:        1844596 kB
MemFree:          103736 kB
MemAvailable:    1447804 kB
Buffers:           85940 kB
Cached:          1363768 kB
MemTotal:        1844596 kB
MemFree:          103676 kB
MemAvailable:    1447752 kB
Buffers:           85940 kB
Cached:          1363776 kB
MemTotal:        1844596 kB
MemFree:          102556 kB
MemAvailable:    1446632 kB
Buffers:           85940 kB
Cached:          1363776 kB
MemTotal:        1844596 kB
MemFree:          102548 kB
MemAvailable:    1446624 kB
Buffers:           85940 kB
Cached:          1363776 kB
MemTotal:        1844596 kB
MemFree:          102484 kB
MemAvailable:    1446560 kB
Buffers:           85940 kB
Cached:          1363776 kB
MemTotal:        1844596 kB
MemFree:          102492 kB
MemAvailable:    1446568 kB
Buffers:           85940 kB
Cached:          1363776 kB
MemTotal:        1844596 kB
MemFree:          103592 kB
MemAvailable:    1447668 kB
Buffers:           85940 kB
Cached:          1363776 kB
MemTotal:        1844596 kB
MemFree:          102576 kB
MemAvailable:    1446652 kB
Buffers:           85940 kB
Cached:          1363776 kB
MemTotal:        1844596 kB
MemFree:          103668 kB
MemAvailable:    1447744 kB
Buffers:           85940 kB
Cached:          1363776 kB
MemTotal:        1844596 kB
MemFree:          103888 kB
MemAvailable:    1447964 kB
Buffers:           85940 kB
Cached:          1363776 kB
MemTotal:        1844596 kB
MemFree:          103804 kB
MemAvailable:    1447880 kB
Buffers:           85940 kB
Cached:          1363776 kB
MemTotal:        1844596 kB
MemFree:          103764 kB
MemAvailable:    1447840 kB
Buffers:           85940 kB
Cached:          1363776 kB
MemTotal:        1844596 kB
MemFree:          103692 kB
MemAvailable:    1447768 kB
Buffers:           85940 kB
Cached:          1363776 kB
MemTotal:        1844596 kB
MemFree:          103944 kB
MemAvailable:    1448020 kB
Buffers:           85940 kB
Cached:          1363776 kB
MemTotal:        1844596 kB
MemFree:          102476 kB
MemAvailable:    1446552 kB
Buffers:           85940 kB
Cached:          1363776 kB
MemTotal:        1844596 kB
MemFree:          103748 kB
MemAvailable:    1447824 kB
Buffers:           85940 kB
Cached:          1363776 kB
MemTotal:        1844596 kB
MemFree:          104000 kB
MemAvailable:    1448076 kB
Buffers:           85940 kB
Cached:          1363776 kB
MemTotal:        1844596 kB
