MemTotal:        1844596 kB
MemFree:          360884 kB
MemAvailable:    1551824 kB
Buffers:           86548 kB
Cached:          1211648 kB
MemTotal:        1844596 kB
MemFree:          359452 kB
MemAvailable:    1550392 kB
Buffers:           86548 kB
Cached:          1211648 kB
MemTotal:        1844596 kB
MemFree:          359568 kB
MemAvailable:    1550508 kB
Buffers:           86548 kB
Cached:          1211648 kB
MemTotal:        1844596 kB
MemFree:          359652 kB
MemAvailable:    1550592 kB
Buffers:           86548 kB
Cached:          1211648 kB
MemTotal:        1844596 kB
MemFree:          357412 kB
MemAvailable:    1548352 kB
Buffers:           86548 kB
Cached:          1211648 kB
MemTotal:        1844596 kB
MemFree:          356352 kB
MemAvailable:    1547292 kB
Buffers:           86548 kB
Cached:          1211648 kB
MemTotal:        1844596 kB
MemFree:          354236 kB
MemAvailable:    1545176 kB
Buffers:           86548 kB
Cached:          1211648 kB
MemTotal:        1844596 kB
MemFree:          354240 kB
MemAvailable:    1545180 kB
Buffers:           86548 kB
Cached:          1211648 kB
MemTotal:        1844596 kB
MemFree:          349912 kB
MemAvailable:    1540852 kB
Buffers:           86548 kB
Cached:          1211648 kB
MemTotal:        1844596 kB
MemFree:          347184 kB
MemAvailable:    1538124 kB
Buffers:           86548 kB
Cached:          1211648 kB
MemTotal:        1844596 kB
MemFree:          345572 kB
MemAvailable:    1536512 kB
Buffers:           86548 kB
Cached:          1211648 kB
MemTotal:        1844596 kB
MemFree:          347556 kB
MemAvailable:    1538496 kB
Buffers:           86548 kB
Cached:          1211648 kB
MemTotal:        1844596 kB
MemFree:          347556 kB
MemAvailable:    1538496 kB
Buffers:           86548 kB
Cached:          1211648 kB
MemTotal:        1844596 kB
MemFree:          348980 kB
MemAvailable:    1539920 kB
Buffers:           86548 kB
Cached:          1211648 kB
MemTotal:        1844596 kB
MemFree:          348176 kB
MemAvailable:    1539116 kB
Buffers:           86548 kB
Cached:          1211648 kB
MemTotal:        1844596 kB
MemFree:          348616 kB
MemAvailable:    1539556 kB
Buffers:           86548 kB
Cached:          1211648 kB
MemTotal:        1844596 kB
MemFree:          347680 kB
MemAvailable:    1538620 kB
Buffers:           86548 kB
Cached:          1211648 kB
MemTotal:        1844596 kB
MemFree:          348304 kB
MemAvailable:    1539244 kB
Buffers:           86548 kB
Cached:          1211648 kB
MemTotal:        1844596 kB
MemFree:          348300 kB
MemAvailable:    1539240 kB
Buffers:           86548 kB
Cached:          1211648 kB
MemTotal:        1844596 kB
MemFree:          347984 kB
MemAvailable:    1538924 kB
Buffers:           86548 kB
Cached:          1211648 kB
MemTotal:        1844596 kB
MemFree:          347060 kB
MemAvailable:    1538000 kB
Buffers:           86548 kB
Cached:          1211648 kB
MemTotal:        1844596 kB
MemFree:          346872 kB
MemAvailable:    1537812 kB
Buffers:           86548 kB
Cached:          1211648 kB
MemTotal:        1844596 kB
MemFree:          346624 kB
MemAvailable:    1537564 kB
Buffers:           86548 kB
Cached:          1211648 kB
MemTotal:        1844596 kB
MemFree:          345184 kB
MemAvailable:    1536124 kB
Buffers:           86548 kB
Cached:          1211648 kB
MemTotal:        1844596 kB
MemFree:          345572 kB
MemAvailable:    1536512 kB
Buffers:           86548 kB
Cached:          1211648 kB
MemTotal:        1844596 kB
MemFree:          345572 kB
MemAvailable:    1536512 kB
Buffers:           86548 kB
Cached:          1211648 kB
MemTotal:        1844596 kB
MemFree:          345324 kB
MemAvailable:    1536264 kB
Buffers:           86548 kB
Cached:          1211648 kB
MemTotal:        1844596 kB
MemFree:          345572 kB
MemAvailable:    1536512 kB
Buffers:           86548 kB
Cached:          1211648 kB
MemTotal:        1844596 kB
MemFree:          346368 kB
MemAvailable:    1537308 kB
Buffers:           86548 kB
Cached:          1211648 kB
MemTotal:        1844596 kB
MemFree:          346308 kB
MemAvailable:    1537248 kB
Buffers:           86548 kB
Cached:          1211648 kB
MemTotal:        1844596 kB
MemFree:          346184 kB
MemAvailable:    1537124 kB
Buffers:           86548 kB
Cached:          1211648 kB
MemTotal:        1844596 kB
MemFree:          346216 kB
MemAvailable:    1537156 kB
Buffers:           86548 kB
Cached:          1211648 kB
MemTotal:        1844596 kB
MemFree:          345016 kB
MemAvailable:    1535956 kB
Buffers:           86548 kB
Cached:          1211648 kB
MemTotal:        1844596 kB
MemFree:          345140 kB
MemAvailable:    1536080 kB
Buffers:           86548 kB
Cached:          1211648 kB
MemTotal:        1844596 kB
MemFree:          342456 kB
MemAvailable:    1533404 kB
Buffers:           86548 kB
Cached:          1211656 kB
MemTotal:        1844596 kB
MemFree:          342420 kB
MemAvailable:    1533368 kB
Buffers:           86548 kB
Cached:          1211656 kB
MemTotal:        1844596 kB
MemFree:          340860 kB
MemAvailable:    1531808 kB
Buffers:           86548 kB
Cached:          1211656 kB
MemTotal:        1844596 kB
MemFree:          340612 kB
MemAvailable:    1531560 kB
Buffers:           86548 kB
Cached:          1211656 kB
MemTotal:        1844596 kB
MemFree:          341056 kB
MemAvailable:    1532004 kB
Buffers:           86548 kB
Cached:          1211656 kB
MemTotal:        1844596 kB
MemFree:          341280 kB
MemAvailable:    1532228 kB
Buffers:           86548 kB
Cached:          1211656 kB
MemTotal:        1844596 kB
MemFree:          341280 kB
MemAvailable:    1532228 kB
Buffers:           86548 kB
Cached:          1211656 kB
MemTotal:        1844596 kB
MemFree:          341464 kB
MemAvailable:    1532412 kB
Buffers:           86548 kB
Cached:          1211656 kB
MemTotal:        1844596 kB
MemFree:          341276 kB
MemAvailable:    1532224 kB
Buffers:           86548 kB
Cached:          1211656 kB
MemTotal:        1844596 kB
MemFree:          341028 kB
MemAvailable:    1531976 kB
Buffers:           86548 kB
Cached:          1211656 kB
MemTotal:        1844596 kB
MemFree:          339992 kB
MemAvailable:    1530940 kB
Buffers:           86548 kB
Cached:          1211656 kB
MemTotal:        1844596 kB
MemFree:          340556 kB
MemAvailable:    1531504 kB
Buffers:           86548 kB
Cached:          1211656 kB
MemTotal:        1844596 kB
MemFree:          340300 kB
MemAvailable:    1531248 kB
Buffers:           86548 kB
Cached:          1211656 kB
MemTotal:        1844596 kB
MemFree:          340396 kB
MemAvailable:    1531344 kB
Buffers:           86548 kB
Cached:          1211656 kB
MemTotal:        1844596 kB
MemFree:          339296 kB
MemAvailable:    1530244 kB
Buffers:           86548 kB
Cached:          1211656 kB
MemTotal:        1844596 kB
MemFree:          340156 kB
MemAvailable:    1531104 kB
Buffers:           86548 kB
Cached:          1211656 kB
MemTotal:        1844596 kB
MemFree:          340492 kB
MemAvailable:    1531440 kB
Buffers:           86548 kB
Cached:          1211656 kB
MemTotal:        1844596 kB
MemFree:          339124 kB
MemAvailable:    1530072 kB
Buffers:           86548 kB
Cached:          1211656 kB
MemTotal:        1844596 kB
MemFree:          340044 kB
MemAvailable:    1530992 kB
Buffers:           86548 kB
Cached:          1211656 kB
MemTotal:        1844596 kB
MemFree:          339000 kB
MemAvailable:    1529948 kB
Buffers:           86548 kB
Cached:          1211656 kB
MemTotal:        1844596 kB
MemFree:          339488 kB
MemAvailable:    1530436 kB
Buffers:           86548 kB
Cached:          1211656 kB
MemTotal:        1844596 kB
MemFree:          339684 kB
MemAvailable:    1530632 kB
Buffers:           86548 kB
Cached:          1211656 kB
MemTotal:        1844596 kB
MemFree:          338824 kB
MemAvailable:    1529772 kB
Buffers:           86548 kB
Cached:          1211656 kB
MemTotal:        1844596 kB
MemFree:          339788 kB
MemAvailable:    1530736 kB
Buffers:           86548 kB
Cached:          1211656 kB
MemTotal:        1844596 kB
MemFree:          338504 kB
MemAvailable:    1529452 kB
Buffers:           86548 kB
Cached:          1211656 kB
MemTotal:        1844596 kB
MemFree:          338504 kB
MemAvailable:    1529452 kB
Buffers:           86548 kB
Cached:          1211656 kB
MemTotal:        1844596 kB
MemFree:          338580 kB
MemAvailable:    1529528 kB
Buffers:           86548 kB
Cached:          1211656 kB
MemTotal:        1844596 kB
MemFree:          338580 kB
MemAvailable:    1529528 kB
Buffers:           86548 kB
Cached:          1211656 kB
MemTotal:        1844596 kB
MemFree:          338448 kB
MemAvailable:    1529396 kB
Buffers:           86548 kB
Cached:          1211656 kB
MemTotal:        1844596 kB
MemFree:          337744 kB
MemAvailable:    1528692 kB
Buffers:           86548 kB
Cached:          1211656 kB
MemTotal:        1844596 kB
MemFree:          337744 kB
MemAvailable:    1528692 kB
Buffers:           86548 kB
Cached:          1211656 kB
MemTotal:        1844596 kB
MemFree:          333784 kB
MemAvailable:    1524732 kB
Buffers:           86548 kB
Cached:          1211656 kB
MemTotal:        1844596 kB
MemFree:          334040 kB
MemAvailable:    1524988 kB
Buffers:           86548 kB
Cached:          1211656 kB
MemTotal:        1844596 kB
MemFree:          333660 kB
MemAvailable:    1524608 kB
Buffers:           86548 kB
Cached:          1211656 kB
MemTotal:        1844596 kB
MemFree:          333048 kB
MemAvailable:    1523996 kB
Buffers:           86548 kB
Cached:          1211656 kB
MemTotal:        1844596 kB
MemFree:          333100 kB
MemAvailable:    1524048 kB
Buffers:           86548 kB
Cached:          1211656 kB
MemTotal:        1844596 kB
MemFree:          333292 kB
MemAvailable:    1524240 kB
Buffers:           86548 kB
Cached:          1211656 kB
MemTotal:        1844596 kB
MemFree:          332912 kB
MemAvailable:    1523860 kB
Buffers:           86548 kB
Cached:          1211656 kB
MemTotal:        1844596 kB
MemFree:          332912 kB
MemAvailable:    1523860 kB
Buffers:           86548 kB
Cached:          1211656 kB
MemTotal:        1844596 kB
MemFree:          331480 kB
MemAvailable:    1522428 kB
Buffers:           86548 kB
Cached:          1211656 kB
MemTotal:        1844596 kB
MemFree:          331560 kB
MemAvailable:    1522508 kB
Buffers:           86548 kB
Cached:          1211656 kB
MemTotal:        1844596 kB
MemFree:          331992 kB
MemAvailable:    1522940 kB
Buffers:           86548 kB
Cached:          1211656 kB
MemTotal:        1844596 kB
MemFree:          331944 kB
MemAvailable:    1522892 kB
Buffers:           86548 kB
Cached:          1211656 kB
MemTotal:        1844596 kB
MemFree:          330196 kB
MemAvailable:    1521144 kB
Buffers:           86548 kB
Cached:          1211656 kB
MemTotal:        1844596 kB
MemFree:          330188 kB
MemAvailable:    1521136 kB
Buffers:           86548 kB
Cached:          1211656 kB
MemTotal:        1844596 kB
MemFree:          330984 kB
MemAvailable:    1521932 kB
Buffers:           86548 kB
Cached:          1211656 kB
MemTotal:        1844596 kB
MemFree:          329576 kB
MemAvailable:    1520524 kB
Buffers:           86548 kB
Cached:          1211656 kB
MemTotal:        1844596 kB
MemFree:          330248 kB
MemAvailable:    1521196 kB
Buffers:           86548 kB
Cached:          1211656 kB
MemTotal:        1844596 kB
MemFree:          330332 kB
MemAvailable:    1521280 kB
Buffers:           86548 kB
Cached:          1211656 kB
MemTotal:        1844596 kB
MemFree:          328920 kB
MemAvailable:    1519868 kB
Buffers:           86548 kB
Cached:          1211656 kB
MemTotal:        1844596 kB
MemFree:          329328 kB
MemAvailable:    1520276 kB
Buffers:           86548 kB
Cached:          1211656 kB
MemTotal:        1844596 kB
MemFree:          330188 kB
MemAvailable:    1521136 kB
Buffers:           86548 kB
Cached:          1211656 kB
MemTotal:        1844596 kB
MemFree:          330444 kB
MemAvailable:    1521392 kB
Buffers:           86548 kB
Cached:          1211656 kB
MemTotal:        1844596 kB
MemFree:          330008 kB
MemAvailable:    1520956 kB
Buffers:           86548 kB
Cached:          1211656 kB
MemTotal:        1844596 kB
MemFree:          330176 kB
MemAvailable:    1521124 kB
Buffers:           86548 kB
Cached:          1211656 kB
MemTotal:        1844596 kB
MemFree:          329920 kB
MemAvailable:    1520868 kB
Buffers:           86548 kB
Cached:          1211656 kB
MemTotal:        1844596 kB
MemFree:          330256 kB
MemAvailable:    1521204 kB
Buffers:           86548 kB
Cached:          1211656 kB
MemTotal:        1844596 kB
MemFree:          328772 kB
MemAvailable:    1519720 kB
Buffers:           86548 kB
Cached:          1211656 kB
MemTotal:        1844596 kB
MemFree:          328764 kB
MemAvailable:    1519712 kB
Buffers:           86548 kB
Cached:          1211656 kB
MemTotal:        1844596 kB
MemFree:          329992 kB
MemAvailable:    1520940 kB
Buffers:           86548 kB
Cached:          1211656 kB
MemTotal:        1844596 kB
MemFree:          329992 kB
MemAvailable:    1520940 kB
Buffers:           86548 kB
Cached:          1211656 kB
MemTotal:        1844596 kB
MemFree:          329444 kB
MemAvailable:    1520392 kB
Buffers:           86548 kB
Cached:          1211656 kB
MemTotal:        1844596 kB
MemFree:          329444 kB
MemAvailable:    1520392 kB
Buffers:           86548 kB
Cached:          1211656 kB
MemTotal:        1844596 kB
MemFree:          329196 kB
MemAvailable:    1520144 kB
Buffers:           86548 kB
Cached:          1211656 kB
MemTotal:        1844596 kB
MemFree:          329016 kB
MemAvailable:    1519964 kB
Buffers:           86548 kB
Cached:          1211656 kB
MemTotal:        1844596 kB
MemFree:          327584 kB
MemAvailable:    1518532 kB
Buffers:           86548 kB
Cached:          1211656 kB
MemTotal:        1844596 kB
MemFree:          327328 kB
MemAvailable:    1518276 kB
Buffers:           86548 kB
Cached:          1211656 kB
MemTotal:        1844596 kB
MemFree:          328072 kB
MemAvailable:    1519020 kB
Buffers:           86548 kB
Cached:          1211656 kB
MemTotal:        1844596 kB
MemFree:          328408 kB
MemAvailable:    1519356 kB
Buffers:           86548 kB
Cached:          1211656 kB
MemTotal:        1844596 kB
MemFree:          326840 kB
MemAvailable:    1517788 kB
Buffers:           86548 kB
Cached:          1211656 kB
MemTotal:        1844596 kB
MemFree:          326352 kB
MemAvailable:    1517300 kB
Buffers:           86548 kB
Cached:          1211656 kB
MemTotal:        1844596 kB
MemFree:          326096 kB
MemAvailable:    1517044 kB
Buffers:           86548 kB
Cached:          1211656 kB
MemTotal:        1844596 kB
MemFree:          327480 kB
MemAvailable:    1518428 kB
Buffers:           86548 kB
Cached:          1211656 kB
MemTotal:        1844596 kB
MemFree:          326476 kB
MemAvailable:    1517424 kB
Buffers:           86548 kB
Cached:          1211656 kB
MemTotal:        1844596 kB
MemFree:          327276 kB
MemAvailable:    1518224 kB
Buffers:           86548 kB
Cached:          1211656 kB
MemTotal:        1844596 kB
MemFree:          327612 kB
MemAvailable:    1518560 kB
Buffers:           86548 kB
Cached:          1211656 kB
MemTotal:        1844596 kB
MemFree:          326336 kB
MemAvailable:    1517284 kB
Buffers:           86548 kB
Cached:          1211656 kB
MemTotal:        1844596 kB
MemFree:          327380 kB
MemAvailable:    1518328 kB
Buffers:           86548 kB
Cached:          1211656 kB
MemTotal:        1844596 kB
MemFree:          326832 kB
MemAvailable:    1517788 kB
Buffers:           86548 kB
Cached:          1211664 kB
MemTotal:        1844596 kB
MemFree:          326832 kB
MemAvailable:    1517788 kB
Buffers:           86548 kB
Cached:          1211664 kB
MemTotal:        1844596 kB
MemFree:          325476 kB
MemAvailable:    1516432 kB
Buffers:           86548 kB
Cached:          1211664 kB
MemTotal:        1844596 kB
MemFree:          325244 kB
MemAvailable:    1516200 kB
Buffers:           86548 kB
Cached:          1211664 kB
MemTotal:        1844596 kB
MemFree:          321700 kB
MemAvailable:    1512656 kB
Buffers:           86548 kB
Cached:          1211664 kB
MemTotal:        1844596 kB
MemFree:          319408 kB
MemAvailable:    1510364 kB
Buffers:           86548 kB
Cached:          1211664 kB
MemTotal:        1844596 kB
MemFree:          318044 kB
MemAvailable:    1509000 kB
Buffers:           86548 kB
Cached:          1211664 kB
MemTotal:        1844596 kB
MemFree:          317052 kB
MemAvailable:    1508008 kB
Buffers:           86548 kB
Cached:          1211664 kB
MemTotal:        1844596 kB
MemFree:          316500 kB
MemAvailable:    1507456 kB
Buffers:           86548 kB
Cached:          1211664 kB
MemTotal:        1844596 kB
MemFree:          317740 kB
MemAvailable:    1508696 kB
Buffers:           86548 kB
Cached:          1211664 kB
MemTotal:        1844596 kB
MemFree:          317544 kB
MemAvailable:    1508500 kB
Buffers:           86548 kB
Cached:          1211664 kB
MemTotal:        1844596 kB
MemFree:          317360 kB
MemAvailable:    1508316 kB
Buffers:           86548 kB
Cached:          1211664 kB
MemTotal:        1844596 kB
MemFree:          316060 kB
MemAvailable:    1507016 kB
Buffers:           86548 kB
Cached:          1211664 kB
MemTotal:        1844596 kB
MemFree:          315936 kB
MemAvailable:    1506892 kB
Buffers:           86548 kB
Cached:          1211664 kB
MemTotal:        1844596 kB
MemFree:          316368 kB
MemAvailable:    1507328 kB
Buffers:           86548 kB
Cached:          1211668 kB
MemTotal:        1844596 kB
MemFree:          315068 kB
MemAvailable:    1506028 kB
Buffers:           86548 kB
Cached:          1211668 kB
MemTotal:        1844596 kB
MemFree:          314764 kB
MemAvailable:    1505724 kB
Buffers:           86548 kB
Cached:          1211668 kB
MemTotal:        1844596 kB
MemFree:          314508 kB
MemAvailable:    1505468 kB
Buffers:           86548 kB
Cached:          1211668 kB
MemTotal:        1844596 kB
MemFree:          314820 kB
MemAvailable:    1505780 kB
Buffers:           86548 kB
Cached:          1211668 kB
MemTotal:        1844596 kB
MemFree:          315936 kB
MemAvailable:    1506896 kB
Buffers:           86548 kB
Cached:          1211668 kB
MemTotal:        1844596 kB
MemFree:          315672 kB
MemAvailable:    1506632 kB
Buffers:           86548 kB
Cached:          1211668 kB
MemTotal:        1844596 kB
MemFree:          315756 kB
MemAvailable:    1506716 kB
Buffers:           86548 kB
Cached:          1211668 kB
MemTotal:        1844596 kB
MemFree:          315244 kB
MemAvailable:    1506204 kB
Buffers:           86548 kB
Cached:          1211668 kB
MemTotal:        1844596 kB
MemFree:          315580 kB
MemAvailable:    1506540 kB
Buffers:           86548 kB
Cached:          1211668 kB
MemTotal:        1844596 kB
MemFree:          315556 kB
MemAvailable:    1506516 kB
Buffers:           86548 kB
Cached:          1211668 kB
MemTotal:        1844596 kB
MemFree:          314944 kB
MemAvailable:    1505904 kB
Buffers:           86548 kB
Cached:          1211668 kB
MemTotal:        1844596 kB
MemFree:          315552 kB
MemAvailable:    1506512 kB
Buffers:           86548 kB
Cached:          1211668 kB
MemTotal:        1844596 kB
MemFree:          315544 kB
MemAvailable:    1506504 kB
Buffers:           86548 kB
Cached:          1211668 kB
MemTotal:        1844596 kB
MemFree:          315068 kB
MemAvailable:    1506028 kB
Buffers:           86548 kB
Cached:          1211668 kB
MemTotal:        1844596 kB
MemFree:          315672 kB
MemAvailable:    1506632 kB
Buffers:           86548 kB
Cached:          1211668 kB
MemTotal:        1844596 kB
MemFree:          315672 kB
MemAvailable:    1506632 kB
Buffers:           86548 kB
Cached:          1211668 kB
MemTotal:        1844596 kB
MemFree:          315496 kB
MemAvailable:    1506456 kB
Buffers:           86548 kB
Cached:          1211668 kB
MemTotal:        1844596 kB
MemFree:          315496 kB
MemAvailable:    1506456 kB
Buffers:           86548 kB
Cached:          1211668 kB
MemTotal:        1844596 kB
MemFree:          314268 kB
MemAvailable:    1505228 kB
Buffers:           86548 kB
Cached:          1211668 kB
MemTotal:        1844596 kB
MemFree:          313952 kB
MemAvailable:    1504912 kB
Buffers:           86548 kB
Cached:          1211668 kB
MemTotal:        1844596 kB
MemFree:          312772 kB
MemAvailable:    1503732 kB
Buffers:           86548 kB
Cached:          1211668 kB
MemTotal:        1844596 kB
MemFree:          309860 kB
MemAvailable:    1500820 kB
Buffers:           86548 kB
Cached:          1211668 kB
MemTotal:        1844596 kB
MemFree:          308620 kB
MemAvailable:    1499580 kB
Buffers:           86548 kB
Cached:          1211668 kB
MemTotal:        1844596 kB
MemFree:          305952 kB
MemAvailable:    1496912 kB
Buffers:           86548 kB
Cached:          1211668 kB
MemTotal:        1844596 kB
MemFree:          304280 kB
MemAvailable:    1495240 kB
Buffers:           86548 kB
Cached:          1211668 kB
MemTotal:        1844596 kB
MemFree:          302552 kB
MemAvailable:    1493512 kB
Buffers:           86548 kB
Cached:          1211668 kB
MemTotal:        1844596 kB
MemFree:          303348 kB
MemAvailable:    1494308 kB
Buffers:           86548 kB
Cached:          1211668 kB
MemTotal:        1844596 kB
MemFree:          303572 kB
MemAvailable:    1494532 kB
Buffers:           86548 kB
Cached:          1211668 kB
MemTotal:        1844596 kB
MemFree:          303360 kB
MemAvailable:    1494320 kB
Buffers:           86548 kB
Cached:          1211668 kB
MemTotal:        1844596 kB
MemFree:          303480 kB
MemAvailable:    1494440 kB
Buffers:           86548 kB
Cached:          1211668 kB
MemTotal:        1844596 kB
MemFree:          303396 kB
MemAvailable:    1494356 kB
Buffers:           86548 kB
Cached:          1211668 kB
MemTotal:        1844596 kB
MemFree:          303332 kB
MemAvailable:    1494292 kB
Buffers:           86548 kB
Cached:          1211668 kB
MemTotal:        1844596 kB
MemFree:          303332 kB
MemAvailable:    1494292 kB
Buffers:           86548 kB
Cached:          1211668 kB
MemTotal:        1844596 kB
MemFree:          303224 kB
MemAvailable:    1494184 kB
Buffers:           86548 kB
Cached:          1211668 kB
MemTotal:        1844596 kB
MemFree:          303480 kB
MemAvailable:    1494440 kB
Buffers:           86548 kB
Cached:          1211668 kB
MemTotal:        1844596 kB
MemFree:          301984 kB
MemAvailable:    1492944 kB
Buffers:           86548 kB
Cached:          1211668 kB
MemTotal:        1844596 kB
MemFree:          302172 kB
MemAvailable:    1493008 kB
Buffers:           86548 kB
Cached:          1211668 kB
MemTotal:        1844596 kB
MemFree:          303224 kB
MemAvailable:    1494188 kB
Buffers:           86548 kB
Cached:          1211672 kB
MemTotal:        1844596 kB
MemFree:          302048 kB
MemAvailable:    1493012 kB
Buffers:           86548 kB
Cached:          1211672 kB
MemTotal:        1844596 kB
MemFree:          303040 kB
MemAvailable:    1494004 kB
Buffers:           86548 kB
Cached:          1211672 kB
MemTotal:        1844596 kB
MemFree:          301988 kB
MemAvailable:    1492952 kB
Buffers:           86548 kB
Cached:          1211672 kB
MemTotal:        1844596 kB
MemFree:          303064 kB
MemAvailable:    1494028 kB
Buffers:           86548 kB
Cached:          1211672 kB
MemTotal:        1844596 kB
MemFree:          302420 kB
MemAvailable:    1493384 kB
Buffers:           86548 kB
Cached:          1211672 kB
MemTotal:        1844596 kB
MemFree:          302972 kB
MemAvailable:    1493936 kB
Buffers:           86548 kB
Cached:          1211672 kB
MemTotal:        1844596 kB
MemFree:          303172 kB
MemAvailable:    1494136 kB
Buffers:           86548 kB
Cached:          1211672 kB
MemTotal:        1844596 kB
MemFree:          303068 kB
MemAvailable:    1494032 kB
Buffers:           86548 kB
Cached:          1211672 kB
MemTotal:        1844596 kB
MemFree:          301736 kB
MemAvailable:    1492700 kB
Buffers:           86548 kB
Cached:          1211672 kB
MemTotal:        1844596 kB
MemFree:          302296 kB
MemAvailable:    1493260 kB
Buffers:           86548 kB
Cached:          1211672 kB
MemTotal:        1844596 kB
MemFree:          303156 kB
MemAvailable:    1494120 kB
Buffers:           86548 kB
Cached:          1211672 kB
MemTotal:        1844596 kB
MemFree:          303492 kB
MemAvailable:    1494456 kB
Buffers:           86548 kB
Cached:          1211672 kB
MemTotal:        1844596 kB
MemFree:          303024 kB
MemAvailable:    1493988 kB
Buffers:           86548 kB
Cached:          1211672 kB
MemTotal:        1844596 kB
MemFree:          303024 kB
MemAvailable:    1493988 kB
Buffers:           86548 kB
Cached:          1211672 kB
MemTotal:        1844596 kB
MemFree:          302764 kB
MemAvailable:    1493728 kB
Buffers:           86548 kB
Cached:          1211672 kB
MemTotal:        1844596 kB
MemFree:          303016 kB
MemAvailable:    1493980 kB
Buffers:           86548 kB
Cached:          1211672 kB
MemTotal:        1844596 kB
MemFree:          302776 kB
MemAvailable:    1493740 kB
Buffers:           86548 kB
Cached:          1211672 kB
MemTotal:        1844596 kB
MemFree:          303116 kB
MemAvailable:    1494080 kB
Buffers:           86548 kB
Cached:          1211672 kB
MemTotal:        1844596 kB
MemFree:          303088 kB
MemAvailable:    1494052 kB
Buffers:           86548 kB
Cached:          1211672 kB
MemTotal:        1844596 kB
MemFree:          302976 kB
MemAvailable:    1493940 kB
Buffers:           86548 kB
Cached:          1211672 kB
MemTotal:        1844596 kB
MemFree:          302976 kB
MemAvailable:    1493940 kB
Buffers:           86548 kB
Cached:          1211672 kB
MemTotal:        1844596 kB
MemFree:          298816 kB
MemAvailable:    1489780 kB
Buffers:           86548 kB
Cached:          1211672 kB
MemTotal:        1844596 kB
MemFree:          298568 kB
MemAvailable:    1489532 kB
Buffers:           86548 kB
Cached:          1211672 kB
MemTotal:        1844596 kB
MemFree:          292732 kB
MemAvailable:    1483696 kB
Buffers:           86548 kB
Cached:          1211672 kB
MemTotal:        1844596 kB
MemFree:          293068 kB
MemAvailable:    1484032 kB
Buffers:           86548 kB
Cached:          1211672 kB
MemTotal:        1844596 kB
MemFree:          291748 kB
MemAvailable:    1482712 kB
Buffers:           86548 kB
Cached:          1211672 kB
MemTotal:        1844596 kB
MemFree:          292924 kB
MemAvailable:    1483888 kB
Buffers:           86548 kB
Cached:          1211672 kB
MemTotal:        1844596 kB
MemFree:          292608 kB
MemAvailable:    1483572 kB
Buffers:           86548 kB
Cached:          1211672 kB
MemTotal:        1844596 kB
MemFree:          292500 kB
MemAvailable:    1483464 kB
Buffers:           86548 kB
Cached:          1211672 kB
MemTotal:        1844596 kB
MemFree:          292672 kB
MemAvailable:    1483636 kB
Buffers:           86548 kB
Cached:          1211672 kB
MemTotal:        1844596 kB
MemFree:          291324 kB
MemAvailable:    1482288 kB
Buffers:           86548 kB
Cached:          1211672 kB
MemTotal:        1844596 kB
MemFree:          291508 kB
MemAvailable:    1482476 kB
Buffers:           86548 kB
Cached:          1211676 kB
MemTotal:        1844596 kB
MemFree:          291384 kB
MemAvailable:    1482352 kB
Buffers:           86548 kB
Cached:          1211676 kB
MemTotal:        1844596 kB
MemFree:          291336 kB
MemAvailable:    1482304 kB
Buffers:           86548 kB
Cached:          1211676 kB
MemTotal:        1844596 kB
MemFree:          292360 kB
MemAvailable:    1483328 kB
Buffers:           86548 kB
Cached:          1211676 kB
MemTotal:        1844596 kB
MemFree:          292360 kB
MemAvailable:    1483328 kB
Buffers:           86548 kB
Cached:          1211676 kB
MemTotal:        1844596 kB
MemFree:          292480 kB
MemAvailable:    1483448 kB
Buffers:           86548 kB
Cached:          1211676 kB
MemTotal:        1844596 kB
MemFree:          292736 kB
MemAvailable:    1483704 kB
Buffers:           86548 kB
Cached:          1211676 kB
MemTotal:        1844596 kB
MemFree:          291740 kB
MemAvailable:    1482708 kB
Buffers:           86548 kB
Cached:          1211676 kB
MemTotal:        1844596 kB
MemFree:          291824 kB
MemAvailable:    1482792 kB
Buffers:           86548 kB
Cached:          1211676 kB
MemTotal:        1844596 kB
MemFree:          290888 kB
MemAvailable:    1481856 kB
Buffers:           86548 kB
Cached:          1211676 kB
MemTotal:        1844596 kB
MemFree:          290576 kB
MemAvailable:    1481544 kB
Buffers:           86548 kB
Cached:          1211676 kB
MemTotal:        1844596 kB
MemFree:          290444 kB
MemAvailable:    1481412 kB
Buffers:           86548 kB
Cached:          1211676 kB
MemTotal:        1844596 kB
MemFree:          289400 kB
MemAvailable:    1480368 kB
Buffers:           86548 kB
Cached:          1211676 kB
MemTotal:        1844596 kB
MemFree:          290208 kB
MemAvailable:    1481176 kB
Buffers:           86548 kB
Cached:          1211676 kB
MemTotal:        1844596 kB
MemFree:          290260 kB
MemAvailable:    1481228 kB
Buffers:           86548 kB
Cached:          1211676 kB
MemTotal:        1844596 kB
MemFree:          290272 kB
MemAvailable:    1481240 kB
Buffers:           86548 kB
Cached:          1211676 kB
MemTotal:        1844596 kB
MemFree:          289140 kB
MemAvailable:    1480108 kB
Buffers:           86548 kB
Cached:          1211676 kB
MemTotal:        1844596 kB
MemFree:          289140 kB
MemAvailable:    1480108 kB
Buffers:           86548 kB
Cached:          1211676 kB
MemTotal:        1844596 kB
MemFree:          290456 kB
MemAvailable:    1481424 kB
Buffers:           86548 kB
Cached:          1211676 kB
MemTotal:        1844596 kB
MemFree:          290136 kB
MemAvailable:    1481104 kB
Buffers:           86548 kB
Cached:          1211676 kB
MemTotal:        1844596 kB
MemFree:          290392 kB
MemAvailable:    1481360 kB
Buffers:           86548 kB
Cached:          1211676 kB
MemTotal:        1844596 kB
MemFree:          289104 kB
MemAvailable:    1480072 kB
Buffers:           86548 kB
Cached:          1211676 kB
MemTotal:        1844596 kB
MemFree:          290452 kB
MemAvailable:    1481420 kB
Buffers:           86548 kB
Cached:          1211676 kB
MemTotal:        1844596 kB
MemFree:          290404 kB
MemAvailable:    1481372 kB
Buffers:           86548 kB
Cached:          1211676 kB
MemTotal:        1844596 kB
MemFree:          288972 kB
MemAvailable:    1479940 kB
Buffers:           86548 kB
Cached:          1211676 kB
MemTotal:        1844596 kB
MemFree:          290136 kB
MemAvailable:    1481104 kB
Buffers:           86548 kB
Cached:          1211676 kB
MemTotal:        1844596 kB
MemFree:          290472 kB
MemAvailable:    1481440 kB
Buffers:           86548 kB
Cached:          1211676 kB
MemTotal:        1844596 kB
MemFree:          289276 kB
MemAvailable:    1480244 kB
Buffers:           86548 kB
Cached:          1211676 kB
MemTotal:        1844596 kB
MemFree:          289012 kB
MemAvailable:    1479980 kB
Buffers:           86548 kB
Cached:          1211676 kB
MemTotal:        1844596 kB
MemFree:          290404 kB
MemAvailable:    1481372 kB
Buffers:           86548 kB
Cached:          1211676 kB
MemTotal:        1844596 kB
MemFree:          289640 kB
MemAvailable:    1480608 kB
Buffers:           86548 kB
Cached:          1211676 kB
MemTotal:        1844596 kB
MemFree:          290500 kB
MemAvailable:    1481468 kB
Buffers:           86548 kB
Cached:          1211676 kB
MemTotal:        1844596 kB
MemFree:          289772 kB
MemAvailable:    1480740 kB
Buffers:           86548 kB
Cached:          1211676 kB
MemTotal:        1844596 kB
MemFree:          290692 kB
MemAvailable:    1481660 kB
Buffers:           86548 kB
Cached:          1211676 kB
MemTotal:        1844596 kB
MemFree:          290376 kB
MemAvailable:    1481344 kB
Buffers:           86548 kB
Cached:          1211676 kB
MemTotal:        1844596 kB
MemFree:          290632 kB
MemAvailable:    1481600 kB
Buffers:           86548 kB
Cached:          1211676 kB
MemTotal:        1844596 kB
MemFree:          289028 kB
MemAvailable:    1479996 kB
Buffers:           86548 kB
Cached:          1211676 kB
MemTotal:        1844596 kB
MemFree:          285740 kB
MemAvailable:    1476708 kB
Buffers:           86548 kB
Cached:          1211676 kB
MemTotal:        1844596 kB
MemFree:          281092 kB
MemAvailable:    1472060 kB
Buffers:           86548 kB
Cached:          1211676 kB
MemTotal:        1844596 kB
MemFree:          278224 kB
MemAvailable:    1469192 kB
Buffers:           86548 kB
Cached:          1211676 kB
MemTotal:        1844596 kB
MemFree:          278100 kB
MemAvailable:    1469068 kB
Buffers:           86548 kB
Cached:          1211676 kB
MemTotal:        1844596 kB
MemFree:          276256 kB
MemAvailable:    1467224 kB
Buffers:           86548 kB
Cached:          1211676 kB
MemTotal:        1844596 kB
MemFree:          276380 kB
MemAvailable:    1467348 kB
Buffers:           86548 kB
Cached:          1211676 kB
MemTotal:        1844596 kB
MemFree:          277556 kB
MemAvailable:    1468524 kB
Buffers:           86548 kB
Cached:          1211676 kB
MemTotal:        1844596 kB
MemFree:          277496 kB
MemAvailable:    1468464 kB
Buffers:           86548 kB
Cached:          1211676 kB
MemTotal:        1844596 kB
MemFree:          276380 kB
MemAvailable:    1467348 kB
Buffers:           86548 kB
Cached:          1211676 kB
MemTotal:        1844596 kB
MemFree:          277112 kB
MemAvailable:    1468080 kB
Buffers:           86548 kB
Cached:          1211676 kB
MemTotal:        1844596 kB
MemFree:          277124 kB
MemAvailable:    1468092 kB
Buffers:           86548 kB
Cached:          1211676 kB
MemTotal:        1844596 kB
MemFree:          277100 kB
MemAvailable:    1468068 kB
Buffers:           86548 kB
Cached:          1211676 kB
MemTotal:        1844596 kB
MemFree:          276868 kB
MemAvailable:    1467836 kB
Buffers:           86548 kB
Cached:          1211676 kB
MemTotal:        1844596 kB
MemFree:          276868 kB
MemAvailable:    1467836 kB
Buffers:           86548 kB
Cached:          1211676 kB
MemTotal:        1844596 kB
MemFree:          275704 kB
MemAvailable:    1466672 kB
Buffers:           86548 kB
Cached:          1211676 kB
MemTotal:        1844596 kB
MemFree:          275624 kB
MemAvailable:    1466592 kB
Buffers:           86548 kB
Cached:          1211676 kB
MemTotal:        1844596 kB
MemFree:          276924 kB
MemAvailable:    1467892 kB
Buffers:           86548 kB
Cached:          1211676 kB
MemTotal:        1844596 kB
MemFree:          276848 kB
MemAvailable:    1467816 kB
Buffers:           86548 kB
Cached:          1211676 kB
MemTotal:        1844596 kB
MemFree:          277184 kB
MemAvailable:    1468152 kB
Buffers:           86548 kB
Cached:          1211676 kB
MemTotal:        1844596 kB
MemFree:          275740 kB
MemAvailable:    1466708 kB
Buffers:           86548 kB
Cached:          1211676 kB
MemTotal:        1844596 kB
MemFree:          276856 kB
MemAvailable:    1467824 kB
Buffers:           86548 kB
Cached:          1211676 kB
MemTotal:        1844596 kB
MemFree:          276932 kB
MemAvailable:    1467900 kB
Buffers:           86548 kB
Cached:          1211676 kB
MemTotal:        1844596 kB
MemFree:          277100 kB
MemAvailable:    1468068 kB
Buffers:           86548 kB
Cached:          1211676 kB
MemTotal:        1844596 kB
MemFree:          276688 kB
MemAvailable:    1467656 kB
Buffers:           86548 kB
Cached:          1211676 kB
MemTotal:        1844596 kB
MemFree:          277024 kB
MemAvailable:    1467992 kB
Buffers:           86548 kB
Cached:          1211676 kB
MemTotal:        1844596 kB
MemFree:          276808 kB
MemAvailable:    1467776 kB
Buffers:           86548 kB
Cached:          1211676 kB
MemTotal:        1844596 kB
MemFree:          276860 kB
MemAvailable:    1467828 kB
Buffers:           86548 kB
Cached:          1211676 kB
MemTotal:        1844596 kB
MemFree:          275980 kB
MemAvailable:    1466948 kB
Buffers:           86548 kB
Cached:          1211676 kB
MemTotal:        1844596 kB
MemFree:          275572 kB
MemAvailable:    1466540 kB
Buffers:           86548 kB
Cached:          1211676 kB
MemTotal:        1844596 kB
MemFree:          275572 kB
MemAvailable:    1466540 kB
Buffers:           86548 kB
Cached:          1211676 kB
MemTotal:        1844596 kB
MemFree:          276804 kB
MemAvailable:    1467772 kB
Buffers:           86548 kB
Cached:          1211676 kB
MemTotal:        1844596 kB
MemFree:          276504 kB
MemAvailable:    1467472 kB
Buffers:           86548 kB
Cached:          1211676 kB
MemTotal:        1844596 kB
MemFree:          275016 kB
MemAvailable:    1465984 kB
Buffers:           86548 kB
Cached:          1211676 kB
MemTotal:        1844596 kB
MemFree:          275140 kB
MemAvailable:    1466108 kB
Buffers:           86548 kB
Cached:          1211676 kB
MemTotal:        1844596 kB
MemFree:          276060 kB
MemAvailable:    1467028 kB
Buffers:           86548 kB
Cached:          1211676 kB
MemTotal:        1844596 kB
MemFree:          276120 kB
MemAvailable:    1467088 kB
Buffers:           86548 kB
Cached:          1211676 kB
MemTotal:        1844596 kB
MemFree:          275264 kB
MemAvailable:    1466232 kB
Buffers:           86548 kB
Cached:          1211676 kB
MemTotal:        1844596 kB
MemFree:          275864 kB
MemAvailable:    1466832 kB
Buffers:           86548 kB
Cached:          1211676 kB
MemTotal:        1844596 kB
MemFree:          275948 kB
MemAvailable:    1466916 kB
Buffers:           86548 kB
Cached:          1211676 kB
MemTotal:        1844596 kB
MemFree:          269916 kB
MemAvailable:    1460884 kB
Buffers:           86548 kB
Cached:          1211676 kB
MemTotal:        1844596 kB
MemFree:          269808 kB
MemAvailable:    1460776 kB
Buffers:           86548 kB
Cached:          1211676 kB
MemTotal:        1844596 kB
MemFree:          268080 kB
MemAvailable:    1459060 kB
Buffers:           86548 kB
Cached:          1211688 kB
MemTotal:        1844596 kB
MemFree:          266220 kB
MemAvailable:    1457200 kB
Buffers:           86548 kB
Cached:          1211688 kB
MemTotal:        1844596 kB
MemFree:          265832 kB
MemAvailable:    1456812 kB
Buffers:           86548 kB
Cached:          1211688 kB
MemTotal:        1844596 kB
MemFree:          265724 kB
MemAvailable:    1456704 kB
Buffers:           86548 kB
Cached:          1211688 kB
MemTotal:        1844596 kB
MemFree:          263616 kB
MemAvailable:    1454596 kB
Buffers:           86548 kB
Cached:          1211688 kB
MemTotal:        1844596 kB
MemFree:          263484 kB
MemAvailable:    1454464 kB
Buffers:           86548 kB
Cached:          1211688 kB
MemTotal:        1844596 kB
MemFree:          263484 kB
MemAvailable:    1454464 kB
Buffers:           86548 kB
Cached:          1211688 kB
MemTotal:        1844596 kB
MemFree:          261988 kB
MemAvailable:    1452968 kB
Buffers:           86548 kB
Cached:          1211688 kB
MemTotal:        1844596 kB
MemFree:          262080 kB
MemAvailable:    1453060 kB
Buffers:           86548 kB
Cached:          1211688 kB
MemTotal:        1844596 kB
MemFree:          261948 kB
MemAvailable:    1452928 kB
Buffers:           86548 kB
Cached:          1211688 kB
MemTotal:        1844596 kB
MemFree:          263292 kB
MemAvailable:    1454272 kB
Buffers:           86548 kB
Cached:          1211688 kB
MemTotal:        1844596 kB
MemFree:          263112 kB
MemAvailable:    1454092 kB
Buffers:           86548 kB
Cached:          1211688 kB
MemTotal:        1844596 kB
MemFree:          263452 kB
MemAvailable:    1454432 kB
Buffers:           86548 kB
Cached:          1211688 kB
MemTotal:        1844596 kB
MemFree:          263236 kB
MemAvailable:    1454216 kB
Buffers:           86548 kB
Cached:          1211688 kB
MemTotal:        1844596 kB
MemFree:          263488 kB
MemAvailable:    1454468 kB
Buffers:           86548 kB
Cached:          1211688 kB
MemTotal:        1844596 kB
MemFree:          261996 kB
MemAvailable:    1452976 kB
Buffers:           86548 kB
Cached:          1211688 kB
MemTotal:        1844596 kB
MemFree:          261996 kB
MemAvailable:    1452976 kB
Buffers:           86548 kB
Cached:          1211688 kB
MemTotal:        1844596 kB
MemFree:          263436 kB
MemAvailable:    1454416 kB
Buffers:           86548 kB
Cached:          1211688 kB
MemTotal:        1844596 kB
MemFree:          263352 kB
MemAvailable:    1454332 kB
Buffers:           86548 kB
Cached:          1211688 kB
MemTotal:        1844596 kB
MemFree:          263092 kB
MemAvailable:    1454072 kB
Buffers:           86548 kB
Cached:          1211688 kB
MemTotal:        1844596 kB
MemFree:          263120 kB
MemAvailable:    1454100 kB
Buffers:           86548 kB
Cached:          1211688 kB
MemTotal:        1844596 kB
MemFree:          263064 kB
MemAvailable:    1454044 kB
Buffers:           86548 kB
Cached:          1211688 kB
MemTotal:        1844596 kB
MemFree:          261948 kB
MemAvailable:    1452928 kB
Buffers:           86548 kB
Cached:          1211688 kB
MemTotal:        1844596 kB
MemFree:          263248 kB
MemAvailable:    1454228 kB
Buffers:           86548 kB
Cached:          1211688 kB
MemTotal:        1844596 kB
MemFree:          263044 kB
MemAvailable:    1454024 kB
Buffers:           86548 kB
Cached:          1211688 kB
MemTotal:        1844596 kB
MemFree:          263296 kB
MemAvailable:    1454276 kB
Buffers:           86548 kB
Cached:          1211688 kB
MemTotal:        1844596 kB
MemFree:          261948 kB
MemAvailable:    1452928 kB
Buffers:           86548 kB
Cached:          1211688 kB
MemTotal:        1844596 kB
MemFree:          261948 kB
MemAvailable:    1452928 kB
Buffers:           86548 kB
Cached:          1211688 kB
MemTotal:        1844596 kB
MemFree:          261984 kB
MemAvailable:    1452964 kB
Buffers:           86548 kB
Cached:          1211688 kB
MemTotal:        1844596 kB
MemFree:          261984 kB
MemAvailable:    1452964 kB
Buffers:           86548 kB
Cached:          1211688 kB
MemTotal:        1844596 kB
MemFree:          263284 kB
MemAvailable:    1454264 kB
Buffers:           86548 kB
Cached:          1211688 kB
MemTotal:        1844596 kB
MemFree:          263204 kB
MemAvailable:    1454184 kB
Buffers:           86548 kB
Cached:          1211688 kB
MemTotal:        1844596 kB
MemFree:          263204 kB
MemAvailable:    1454184 kB
Buffers:           86548 kB
Cached:          1211688 kB
MemTotal:        1844596 kB
MemFree:          263188 kB
MemAvailable:    1454168 kB
Buffers:           86548 kB
Cached:          1211688 kB
MemTotal:        1844596 kB
MemFree:          263044 kB
MemAvailable:    1454024 kB
Buffers:           86548 kB
Cached:          1211688 kB
MemTotal:        1844596 kB
MemFree:          263128 kB
MemAvailable:    1454108 kB
Buffers:           86548 kB
Cached:          1211688 kB
MemTotal:        1844596 kB
MemFree:          261940 kB
MemAvailable:    1452920 kB
Buffers:           86548 kB
Cached:          1211688 kB
MemTotal:        1844596 kB
MemFree:          262056 kB
MemAvailable:    1453036 kB
Buffers:           86548 kB
Cached:          1211688 kB
MemTotal:        1844596 kB
MemFree:          263180 kB
MemAvailable:    1454160 kB
Buffers:           86548 kB
Cached:          1211688 kB
MemTotal:        1844596 kB
MemFree:          262204 kB
MemAvailable:    1453184 kB
Buffers:           86548 kB
Cached:          1211688 kB
MemTotal:        1844596 kB
MemFree:          263296 kB
MemAvailable:    1454276 kB
Buffers:           86548 kB
Cached:          1211688 kB
MemTotal:        1844596 kB
MemFree:          263172 kB
MemAvailable:    1454152 kB
Buffers:           86548 kB
Cached:          1211688 kB
MemTotal:        1844596 kB
MemFree:          262252 kB
MemAvailable:    1453232 kB
Buffers:           86548 kB
Cached:          1211688 kB
MemTotal:        1844596 kB
MemFree:          262996 kB
MemAvailable:    1453976 kB
Buffers:           86548 kB
Cached:          1211688 kB
MemTotal:        1844596 kB
MemFree:          262804 kB
MemAvailable:    1453784 kB
Buffers:           86548 kB
Cached:          1211688 kB
MemTotal:        1844596 kB
MemFree:          261696 kB
MemAvailable:    1452676 kB
Buffers:           86548 kB
Cached:          1211688 kB
MemTotal:        1844596 kB
MemFree:          261736 kB
MemAvailable:    1452716 kB
Buffers:           86548 kB
Cached:          1211688 kB
MemTotal:        1844596 kB
MemFree:          261688 kB
MemAvailable:    1452668 kB
Buffers:           86548 kB
Cached:          1211688 kB
MemTotal:        1844596 kB
MemFree:          261688 kB
MemAvailable:    1452668 kB
Buffers:           86548 kB
Cached:          1211688 kB
MemTotal:        1844596 kB
MemFree:          262500 kB
MemAvailable:    1453480 kB
Buffers:           86548 kB
Cached:          1211688 kB
MemTotal:        1844596 kB
MemFree:          262720 kB
MemAvailable:    1453700 kB
Buffers:           86548 kB
Cached:          1211688 kB
MemTotal:        1844596 kB
MemFree:          263056 kB
MemAvailable:    1454036 kB
Buffers:           86548 kB
Cached:          1211688 kB
MemTotal:        1844596 kB
MemFree:          261696 kB
MemAvailable:    1452676 kB
Buffers:           86548 kB
Cached:          1211688 kB
MemTotal:        1844596 kB
MemFree:          262856 kB
MemAvailable:    1453836 kB
Buffers:           86548 kB
Cached:          1211688 kB
MemTotal:        1844596 kB
MemFree:          262964 kB
MemAvailable:    1453944 kB
Buffers:           86548 kB
Cached:          1211688 kB
MemTotal:        1844596 kB
MemFree:          262940 kB
MemAvailable:    1453920 kB
Buffers:           86548 kB
Cached:          1211688 kB
MemTotal:        1844596 kB
MemFree:          261988 kB
MemAvailable:    1452968 kB
Buffers:           86548 kB
Cached:          1211688 kB
MemTotal:        1844596 kB
MemFree:          261756 kB
MemAvailable:    1452736 kB
Buffers:           86548 kB
Cached:          1211688 kB
MemTotal:        1844596 kB
MemFree:          257096 kB
MemAvailable:    1448076 kB
Buffers:           86548 kB
Cached:          1211688 kB
MemTotal:        1844596 kB
MemFree:          256972 kB
MemAvailable:    1447952 kB
Buffers:           86548 kB
Cached:          1211688 kB
MemTotal:        1844596 kB
MemFree:          256768 kB
MemAvailable:    1447748 kB
Buffers:           86548 kB
Cached:          1211688 kB
MemTotal:        1844596 kB
MemFree:          255240 kB
MemAvailable:    1446220 kB
Buffers:           86548 kB
Cached:          1211688 kB
MemTotal:        1844596 kB
MemFree:          255364 kB
MemAvailable:    1446344 kB
Buffers:           86548 kB
Cached:          1211688 kB
MemTotal:        1844596 kB
MemFree:          256596 kB
MemAvailable:    1447576 kB
Buffers:           86548 kB
Cached:          1211688 kB
MemTotal:        1844596 kB
MemFree:          256460 kB
MemAvailable:    1447440 kB
Buffers:           86548 kB
Cached:          1211688 kB
MemTotal:        1844596 kB
MemFree:          256052 kB
MemAvailable:    1447032 kB
Buffers:           86548 kB
Cached:          1211688 kB
MemTotal:        1844596 kB
MemFree:          255296 kB
MemAvailable:    1446276 kB
Buffers:           86548 kB
Cached:          1211688 kB
MemTotal:        1844596 kB
MemFree:          256480 kB
MemAvailable:    1447460 kB
Buffers:           86548 kB
Cached:          1211688 kB
MemTotal:        1844596 kB
MemFree:          256648 kB
MemAvailable:    1447628 kB
Buffers:           86548 kB
Cached:          1211688 kB
MemTotal:        1844596 kB
MemFree:          256420 kB
MemAvailable:    1447400 kB
Buffers:           86548 kB
Cached:          1211688 kB
MemTotal:        1844596 kB
MemFree:          255252 kB
MemAvailable:    1446232 kB
Buffers:           86548 kB
Cached:          1211688 kB
MemTotal:        1844596 kB
MemFree:          255244 kB
MemAvailable:    1446224 kB
Buffers:           86548 kB
Cached:          1211688 kB
MemTotal:        1844596 kB
MemFree:          255288 kB
MemAvailable:    1446268 kB
Buffers:           86548 kB
Cached:          1211688 kB
MemTotal:        1844596 kB
MemFree:          256632 kB
MemAvailable:    1447620 kB
Buffers:           86548 kB
Cached:          1211696 kB
MemTotal:        1844596 kB
MemFree:          256168 kB
MemAvailable:    1447032 kB
Buffers:           86548 kB
Cached:          1211696 kB
MemTotal:        1844596 kB
MemFree:          256264 kB
MemAvailable:    1447252 kB
Buffers:           86548 kB
Cached:          1211696 kB
MemTotal:        1844596 kB
MemFree:          256348 kB
MemAvailable:    1447336 kB
Buffers:           86548 kB
Cached:          1211696 kB
MemTotal:        1844596 kB
MemFree:          255284 kB
MemAvailable:    1446272 kB
Buffers:           86548 kB
Cached:          1211696 kB
MemTotal:        1844596 kB
MemFree:          255400 kB
MemAvailable:    1446388 kB
Buffers:           86548 kB
Cached:          1211696 kB
MemTotal:        1844596 kB
MemFree:          255360 kB
MemAvailable:    1446348 kB
Buffers:           86548 kB
Cached:          1211696 kB
MemTotal:        1844596 kB
MemFree:          256528 kB
MemAvailable:    1447516 kB
Buffers:           86548 kB
Cached:          1211696 kB
MemTotal:        1844596 kB
MemFree:          255352 kB
MemAvailable:    1446340 kB
Buffers:           86548 kB
Cached:          1211696 kB
MemTotal:        1844596 kB
MemFree:          255104 kB
MemAvailable:    1446092 kB
Buffers:           86548 kB
Cached:          1211696 kB
MemTotal:        1844596 kB
MemFree:          256528 kB
MemAvailable:    1447516 kB
Buffers:           86548 kB
Cached:          1211696 kB
MemTotal:        1844596 kB
MemFree:          255804 kB
MemAvailable:    1446792 kB
Buffers:           86548 kB
Cached:          1211696 kB
MemTotal:        1844596 kB
MemFree:          255548 kB
MemAvailable:    1446536 kB
Buffers:           86548 kB
Cached:          1211696 kB
MemTotal:        1844596 kB
MemFree:          255556 kB
MemAvailable:    1446544 kB
Buffers:           86548 kB
Cached:          1211696 kB
MemTotal:        1844596 kB
MemFree:          256664 kB
MemAvailable:    1447652 kB
Buffers:           86548 kB
Cached:          1211696 kB
MemTotal:        1844596 kB
MemFree:          256664 kB
MemAvailable:    1447652 kB
Buffers:           86548 kB
Cached:          1211696 kB
MemTotal:        1844596 kB
MemFree:          256368 kB
MemAvailable:    1447356 kB
Buffers:           86548 kB
Cached:          1211696 kB
MemTotal:        1844596 kB
MemFree:          256624 kB
MemAvailable:    1447612 kB
Buffers:           86548 kB
Cached:          1211696 kB
MemTotal:        1844596 kB
MemFree:          256356 kB
MemAvailable:    1447344 kB
Buffers:           86548 kB
Cached:          1211696 kB
MemTotal:        1844596 kB
MemFree:          256608 kB
MemAvailable:    1447596 kB
Buffers:           86548 kB
Cached:          1211696 kB
MemTotal:        1844596 kB
MemFree:          255296 kB
MemAvailable:    1446284 kB
Buffers:           86548 kB
Cached:          1211696 kB
MemTotal:        1844596 kB
MemFree:          256536 kB
MemAvailable:    1447524 kB
Buffers:           86548 kB
Cached:          1211696 kB
MemTotal:        1844596 kB
MemFree:          255804 kB
MemAvailable:    1446792 kB
Buffers:           86548 kB
Cached:          1211696 kB
MemTotal:        1844596 kB
MemFree:          256356 kB
MemAvailable:    1447344 kB
Buffers:           86548 kB
Cached:          1211696 kB
MemTotal:        1844596 kB
MemFree:          256608 kB
MemAvailable:    1447596 kB
Buffers:           86548 kB
Cached:          1211696 kB
MemTotal:        1844596 kB
MemFree:          256536 kB
MemAvailable:    1447524 kB
Buffers:           86548 kB
Cached:          1211696 kB
MemTotal:        1844596 kB
MemFree:          256548 kB
MemAvailable:    1447536 kB
Buffers:           86548 kB
Cached:          1211696 kB
MemTotal:        1844596 kB
MemFree:          256708 kB
MemAvailable:    1447696 kB
Buffers:           86548 kB
Cached:          1211696 kB
MemTotal:        1844596 kB
MemFree:          256060 kB
MemAvailable:    1447048 kB
Buffers:           86548 kB
Cached:          1211696 kB
MemTotal:        1844596 kB
MemFree:          256920 kB
MemAvailable:    1447908 kB
Buffers:           86548 kB
Cached:          1211696 kB
MemTotal:        1844596 kB
MemFree:          255804 kB
MemAvailable:    1446792 kB
Buffers:           86548 kB
Cached:          1211696 kB
MemTotal:        1844596 kB
MemFree:          256272 kB
MemAvailable:    1447260 kB
Buffers:           86548 kB
Cached:          1211696 kB
MemTotal:        1844596 kB
MemFree:          256608 kB
MemAvailable:    1447596 kB
Buffers:           86548 kB
Cached:          1211696 kB
MemTotal:        1844596 kB
MemFree:          256452 kB
MemAvailable:    1447440 kB
Buffers:           86548 kB
Cached:          1211696 kB
MemTotal:        1844596 kB
MemFree:          256624 kB
MemAvailable:    1447612 kB
Buffers:           86548 kB
Cached:          1211696 kB
MemTotal:        1844596 kB
MemFree:          256588 kB
MemAvailable:    1447576 kB
Buffers:           86548 kB
Cached:          1211696 kB
MemTotal:        1844596 kB
MemFree:          256548 kB
MemAvailable:    1447536 kB
Buffers:           86548 kB
Cached:          1211696 kB
MemTotal:        1844596 kB
MemFree:          255116 kB
MemAvailable:    1446104 kB
Buffers:           86548 kB
Cached:          1211696 kB
MemTotal:        1844596 kB
MemFree:          256476 kB
MemAvailable:    1447464 kB
Buffers:           86548 kB
Cached:          1211696 kB
MemTotal:        1844596 kB
MemFree:          256728 kB
MemAvailable:    1447716 kB
Buffers:           86548 kB
Cached:          1211696 kB
MemTotal:        1844596 kB
MemFree:          256560 kB
MemAvailable:    1447548 kB
Buffers:           86548 kB
Cached:          1211696 kB
MemTotal:        1844596 kB
MemFree:          256548 kB
MemAvailable:    1447536 kB
Buffers:           86548 kB
Cached:          1211696 kB
MemTotal:        1844596 kB
MemFree:          255936 kB
MemAvailable:    1446924 kB
Buffers:           86548 kB
Cached:          1211696 kB
MemTotal:        1844596 kB
MemFree:          256848 kB
MemAvailable:    1447840 kB
Buffers:           86548 kB
Cached:          1211700 kB
MemTotal:        1844596 kB
MemFree:          255804 kB
MemAvailable:    1446796 kB
Buffers:           86548 kB
Cached:          1211700 kB
MemTotal:        1844596 kB
MemFree:          256488 kB
MemAvailable:    1447480 kB
Buffers:           86548 kB
Cached:          1211700 kB
MemTotal:        1844596 kB
MemFree:          256740 kB
MemAvailable:    1447732 kB
Buffers:           86548 kB
Cached:          1211700 kB
MemTotal:        1844596 kB
MemFree:          256428 kB
MemAvailable:    1447420 kB
Buffers:           86548 kB
Cached:          1211700 kB
MemTotal:        1844596 kB
MemFree:          256556 kB
MemAvailable:    1447548 kB
Buffers:           86548 kB
Cached:          1211700 kB
MemTotal:        1844596 kB
MemFree:          256160 kB
MemAvailable:    1447152 kB
Buffers:           86548 kB
Cached:          1211700 kB
MemTotal:        1844596 kB
MemFree:          256204 kB
MemAvailable:    1447192 kB
Buffers:           86548 kB
Cached:          1211696 kB
MemTotal:        1844596 kB
MemFree:          255176 kB
MemAvailable:    1446164 kB
Buffers:           86548 kB
Cached:          1211696 kB
MemTotal:        1844596 kB
MemFree:          256484 kB
MemAvailable:    1447472 kB
Buffers:           86548 kB
Cached:          1211696 kB
MemTotal:        1844596 kB
MemFree:          256284 kB
MemAvailable:    1447272 kB
Buffers:           86548 kB
Cached:          1211696 kB
MemTotal:        1844596 kB
MemFree:          256624 kB
MemAvailable:    1447612 kB
Buffers:           86548 kB
Cached:          1211696 kB
MemTotal:        1844596 kB
MemFree:          256536 kB
MemAvailable:    1447524 kB
Buffers:           86548 kB
Cached:          1211696 kB
MemTotal:        1844596 kB
MemFree:          256484 kB
MemAvailable:    1447472 kB
Buffers:           86548 kB
Cached:          1211696 kB
MemTotal:        1844596 kB
MemFree:          255308 kB
MemAvailable:    1446296 kB
Buffers:           86548 kB
Cached:          1211696 kB
MemTotal:        1844596 kB
MemFree:          256540 kB
MemAvailable:    1447528 kB
Buffers:           86548 kB
Cached:          1211696 kB
MemTotal:        1844596 kB
MemFree:          256476 kB
MemAvailable:    1447464 kB
Buffers:           86548 kB
Cached:          1211696 kB
MemTotal:        1844596 kB
MemFree:          256608 kB
MemAvailable:    1447596 kB
Buffers:           86548 kB
Cached:          1211696 kB
MemTotal:        1844596 kB
MemFree:          255928 kB
MemAvailable:    1446916 kB
Buffers:           86548 kB
Cached:          1211696 kB
MemTotal:        1844596 kB
MemFree:          256788 kB
MemAvailable:    1447776 kB
Buffers:           86548 kB
Cached:          1211696 kB
MemTotal:        1844596 kB
MemFree:          257044 kB
MemAvailable:    1448032 kB
Buffers:           86548 kB
Cached:          1211696 kB
MemTotal:        1844596 kB
MemFree:          256664 kB
MemAvailable:    1447652 kB
Buffers:           86548 kB
Cached:          1211696 kB
MemTotal:        1844596 kB
MemFree:          256592 kB
MemAvailable:    1447580 kB
Buffers:           86548 kB
Cached:          1211696 kB
MemTotal:        1844596 kB
MemFree:          255160 kB
MemAvailable:    1446148 kB
Buffers:           86548 kB
Cached:          1211696 kB
MemTotal:        1844596 kB
MemFree:          256260 kB
MemAvailable:    1447248 kB
Buffers:           86548 kB
Cached:          1211696 kB
MemTotal:        1844596 kB
MemFree:          256512 kB
MemAvailable:    1447500 kB
Buffers:           86548 kB
Cached:          1211696 kB
MemTotal:        1844596 kB
MemFree:          255236 kB
MemAvailable:    1446224 kB
Buffers:           86548 kB
Cached:          1211696 kB
MemTotal:        1844596 kB
MemFree:          255928 kB
MemAvailable:    1446916 kB
Buffers:           86548 kB
Cached:          1211696 kB
MemTotal:        1844596 kB
MemFree:          256532 kB
MemAvailable:    1447520 kB
Buffers:           86548 kB
Cached:          1211696 kB
MemTotal:        1844596 kB
MemFree:          256868 kB
MemAvailable:    1447856 kB
Buffers:           86548 kB
Cached:          1211696 kB
MemTotal:        1844596 kB
MemFree:          255300 kB
MemAvailable:    1446288 kB
Buffers:           86548 kB
Cached:          1211696 kB
MemTotal:        1844596 kB
MemFree:          256360 kB
MemAvailable:    1447348 kB
Buffers:           86548 kB
Cached:          1211696 kB
MemTotal:        1844596 kB
MemFree:          256528 kB
MemAvailable:    1447516 kB
Buffers:           86548 kB
Cached:          1211696 kB
MemTotal:        1844596 kB
MemFree:          255160 kB
MemAvailable:    1446148 kB
Buffers:           86548 kB
Cached:          1211696 kB
MemTotal:        1844596 kB
MemFree:          256460 kB
MemAvailable:    1447448 kB
Buffers:           86548 kB
Cached:          1211696 kB
MemTotal:        1844596 kB
MemFree:          256608 kB
MemAvailable:    1447608 kB
Buffers:           86548 kB
Cached:          1211708 kB
MemTotal:        1844596 kB
MemFree:          255424 kB
MemAvailable:    1446424 kB
Buffers:           86548 kB
Cached:          1211708 kB
MemTotal:        1844596 kB
MemFree:          256560 kB
MemAvailable:    1447560 kB
Buffers:           86548 kB
Cached:          1211708 kB
MemTotal:        1844596 kB
MemFree:          255252 kB
MemAvailable:    1446252 kB
Buffers:           86548 kB
Cached:          1211708 kB
MemTotal:        1844596 kB
MemFree:          256596 kB
MemAvailable:    1447596 kB
Buffers:           86548 kB
Cached:          1211708 kB
MemTotal:        1844596 kB
MemFree:          255280 kB
MemAvailable:    1446280 kB
Buffers:           86548 kB
Cached:          1211708 kB
MemTotal:        1844596 kB
MemFree:          256548 kB
MemAvailable:    1447548 kB
Buffers:           86548 kB
Cached:          1211708 kB
MemTotal:        1844596 kB
MemFree:          255240 kB
MemAvailable:    1446240 kB
Buffers:           86548 kB
Cached:          1211708 kB
MemTotal:        1844596 kB
MemFree:          256392 kB
MemAvailable:    1447392 kB
Buffers:           86548 kB
Cached:          1211708 kB
MemTotal:        1844596 kB
MemFree:          256728 kB
MemAvailable:    1447728 kB
Buffers:           86548 kB
Cached:          1211708 kB
MemTotal:        1844596 kB
MemFree:          255236 kB
MemAvailable:    1446236 kB
Buffers:           86548 kB
Cached:          1211708 kB
MemTotal:        1844596 kB
MemFree:          256476 kB
MemAvailable:    1447476 kB
Buffers:           86548 kB
Cached:          1211708 kB
MemTotal:        1844596 kB
MemFree:          255356 kB
MemAvailable:    1446356 kB
Buffers:           86548 kB
Cached:          1211708 kB
MemTotal:        1844596 kB
MemFree:          256672 kB
MemAvailable:    1447672 kB
Buffers:           86548 kB
Cached:          1211708 kB
MemTotal:        1844596 kB
MemFree:          256416 kB
MemAvailable:    1447416 kB
Buffers:           86548 kB
Cached:          1211708 kB
MemTotal:        1844596 kB
MemFree:          256308 kB
MemAvailable:    1447308 kB
Buffers:           86548 kB
Cached:          1211708 kB
MemTotal:        1844596 kB
MemFree:          256104 kB
MemAvailable:    1447104 kB
Buffers:           86548 kB
Cached:          1211708 kB
MemTotal:        1844596 kB
MemFree:          255980 kB
MemAvailable:    1446980 kB
Buffers:           86548 kB
Cached:          1211708 kB
MemTotal:        1844596 kB
MemFree:          254632 kB
MemAvailable:    1445632 kB
Buffers:           86548 kB
Cached:          1211708 kB
MemTotal:        1844596 kB
MemFree:          254624 kB
MemAvailable:    1445624 kB
Buffers:           86548 kB
Cached:          1211708 kB
MemTotal:        1844596 kB
MemFree:          255844 kB
MemAvailable:    1446844 kB
Buffers:           86548 kB
Cached:          1211708 kB
MemTotal:        1844596 kB
MemFree:          256028 kB
MemAvailable:    1447028 kB
Buffers:           86548 kB
Cached:          1211708 kB
MemTotal:        1844596 kB
MemFree:          256020 kB
MemAvailable:    1447020 kB
Buffers:           86548 kB
Cached:          1211708 kB
MemTotal:        1844596 kB
MemFree:          255760 kB
MemAvailable:    1446760 kB
Buffers:           86548 kB
Cached:          1211708 kB
MemTotal:        1844596 kB
MemFree:          255928 kB
MemAvailable:    1446928 kB
Buffers:           86548 kB
Cached:          1211708 kB
MemTotal:        1844596 kB
MemFree:          255844 kB
MemAvailable:    1446844 kB
Buffers:           86548 kB
Cached:          1211708 kB
MemTotal:        1844596 kB
MemFree:          255672 kB
MemAvailable:    1446672 kB
Buffers:           86548 kB
Cached:          1211708 kB
MemTotal:        1844596 kB
MemFree:          256012 kB
MemAvailable:    1447012 kB
Buffers:           86548 kB
Cached:          1211708 kB
MemTotal:        1844596 kB
MemFree:          254516 kB
MemAvailable:    1445516 kB
Buffers:           86548 kB
Cached:          1211708 kB
MemTotal:        1844596 kB
MemFree:          255796 kB
MemAvailable:    1446796 kB
Buffers:           86548 kB
Cached:          1211708 kB
MemTotal:        1844596 kB
MemFree:          256048 kB
MemAvailable:    1447048 kB
Buffers:           86548 kB
Cached:          1211708 kB
MemTotal:        1844596 kB
MemFree:          254516 kB
MemAvailable:    1445516 kB
Buffers:           86548 kB
Cached:          1211708 kB
MemTotal:        1844596 kB
MemFree:          255988 kB
MemAvailable:    1446988 kB
Buffers:           86548 kB
Cached:          1211708 kB
MemTotal:        1844596 kB
MemFree:          255864 kB
MemAvailable:    1446864 kB
Buffers:           86548 kB
Cached:          1211708 kB
MemTotal:        1844596 kB
MemFree:          255492 kB
MemAvailable:    1446492 kB
Buffers:           86548 kB
Cached:          1211708 kB
MemTotal:        1844596 kB
MemFree:          254644 kB
MemAvailable:    1445644 kB
Buffers:           86548 kB
Cached:          1211708 kB
MemTotal:        1844596 kB
MemFree:          254416 kB
MemAvailable:    1445416 kB
Buffers:           86548 kB
Cached:          1211708 kB
MemTotal:        1844596 kB
MemFree:          254632 kB
MemAvailable:    1445632 kB
Buffers:           86548 kB
Cached:          1211708 kB
MemTotal:        1844596 kB
MemFree:          254376 kB
MemAvailable:    1445376 kB
Buffers:           86548 kB
Cached:          1211708 kB
MemTotal:        1844596 kB
MemFree:          256012 kB
MemAvailable:    1447012 kB
Buffers:           86548 kB
Cached:          1211708 kB
MemTotal:        1844596 kB
MemFree:          254508 kB
MemAvailable:    1445508 kB
Buffers:           86548 kB
Cached:          1211708 kB
MemTotal:        1844596 kB
MemFree:          254508 kB
MemAvailable:    1445508 kB
Buffers:           86548 kB
Cached:          1211708 kB
MemTotal:        1844596 kB
MemFree:          254636 kB
MemAvailable:    1445636 kB
Buffers:           86548 kB
Cached:          1211708 kB
MemTotal:        1844596 kB
MemFree:          255868 kB
MemAvailable:    1446868 kB
Buffers:           86548 kB
Cached:          1211708 kB
MemTotal:        1844596 kB
MemFree:          254372 kB
MemAvailable:    1445372 kB
Buffers:           86548 kB
Cached:          1211708 kB
MemTotal:        1844596 kB
MemFree:          254628 kB
MemAvailable:    1445628 kB
Buffers:           86548 kB
Cached:          1211708 kB
MemTotal:        1844596 kB
MemFree:          255772 kB
MemAvailable:    1446772 kB
Buffers:           86548 kB
Cached:          1211708 kB
MemTotal:        1844596 kB
MemFree:          255680 kB
MemAvailable:    1446680 kB
Buffers:           86548 kB
Cached:          1211708 kB
MemTotal:        1844596 kB
MemFree:          255652 kB
MemAvailable:    1446652 kB
Buffers:           86548 kB
Cached:          1211708 kB
MemTotal:        1844596 kB
MemFree:          255988 kB
MemAvailable:    1446988 kB
Buffers:           86548 kB
Cached:          1211708 kB
MemTotal:        1844596 kB
MemFree:          255664 kB
MemAvailable:    1446664 kB
Buffers:           86548 kB
Cached:          1211708 kB
MemTotal:        1844596 kB
MemFree:          256000 kB
MemAvailable:    1447000 kB
Buffers:           86548 kB
Cached:          1211708 kB
MemTotal:        1844596 kB
MemFree:          255976 kB
MemAvailable:    1446976 kB
Buffers:           86548 kB
Cached:          1211708 kB
MemTotal:        1844596 kB
MemFree:          255664 kB
MemAvailable:    1446664 kB
Buffers:           86548 kB
Cached:          1211708 kB
MemTotal:        1844596 kB
MemFree:          255664 kB
MemAvailable:    1446664 kB
Buffers:           86548 kB
Cached:          1211708 kB
MemTotal:        1844596 kB
MemFree:          254508 kB
MemAvailable:    1445508 kB
Buffers:           86548 kB
Cached:          1211708 kB
MemTotal:        1844596 kB
MemFree:          255976 kB
MemAvailable:    1446976 kB
Buffers:           86548 kB
Cached:          1211708 kB
MemTotal:        1844596 kB
MemFree:          255184 kB
MemAvailable:    1446184 kB
Buffers:           86548 kB
Cached:          1211708 kB
MemTotal:        1844596 kB
MemFree:          255660 kB
MemAvailable:    1446660 kB
Buffers:           86548 kB
Cached:          1211708 kB
MemTotal:        1844596 kB
MemFree:          255916 kB
MemAvailable:    1446916 kB
Buffers:           86548 kB
Cached:          1211708 kB
MemTotal:        1844596 kB
MemFree:          255708 kB
MemAvailable:    1446708 kB
Buffers:           86548 kB
Cached:          1211708 kB
MemTotal:        1844596 kB
MemFree:          255680 kB
MemAvailable:    1446680 kB
Buffers:           86548 kB
Cached:          1211708 kB
MemTotal:        1844596 kB
MemFree:          255844 kB
MemAvailable:    1446844 kB
Buffers:           86548 kB
Cached:          1211708 kB
MemTotal:        1844596 kB
MemFree:          254504 kB
MemAvailable:    1445504 kB
Buffers:           86548 kB
Cached:          1211708 kB
MemTotal:        1844596 kB
MemFree:          255716 kB
MemAvailable:    1446716 kB
Buffers:           86548 kB
Cached:          1211708 kB
MemTotal:        1844596 kB
MemFree:          255512 kB
MemAvailable:    1446512 kB
Buffers:           86548 kB
Cached:          1211708 kB
MemTotal:        1844596 kB
MemFree:          255756 kB
MemAvailable:    1446756 kB
Buffers:           86548 kB
Cached:          1211708 kB
MemTotal:        1844596 kB
MemFree:          255668 kB
MemAvailable:    1446668 kB
Buffers:           86548 kB
Cached:          1211708 kB
MemTotal:        1844596 kB
MemFree:          255648 kB
MemAvailable:    1446648 kB
Buffers:           86548 kB
Cached:          1211708 kB
MemTotal:        1844596 kB
MemFree:          255880 kB
MemAvailable:    1446880 kB
Buffers:           86548 kB
Cached:          1211708 kB
MemTotal:        1844596 kB
MemFree:          255640 kB
MemAvailable:    1446648 kB
Buffers:           86548 kB
Cached:          1211716 kB
MemTotal:        1844596 kB
MemFree:          255696 kB
MemAvailable:    1446704 kB
Buffers:           86548 kB
Cached:          1211716 kB
MemTotal:        1844596 kB
MemFree:          255732 kB
MemAvailable:    1446740 kB
Buffers:           86548 kB
Cached:          1211716 kB
MemTotal:        1844596 kB
MemFree:          255528 kB
MemAvailable:    1446536 kB
Buffers:           86548 kB
Cached:          1211716 kB
MemTotal:        1844596 kB
MemFree:          255756 kB
MemAvailable:    1446764 kB
Buffers:           86548 kB
Cached:          1211716 kB
MemTotal:        1844596 kB
MemFree:          254428 kB
MemAvailable:    1445436 kB
Buffers:           86548 kB
Cached:          1211716 kB
MemTotal:        1844596 kB
MemFree:          255612 kB
MemAvailable:    1446620 kB
Buffers:           86548 kB
Cached:          1211716 kB
MemTotal:        1844596 kB
MemFree:          255308 kB
MemAvailable:    1446316 kB
Buffers:           86548 kB
Cached:          1211716 kB
MemTotal:        1844596 kB
MemFree:          255720 kB
MemAvailable:    1446728 kB
Buffers:           86548 kB
Cached:          1211716 kB
MemTotal:        1844596 kB
MemFree:          254504 kB
MemAvailable:    1445512 kB
Buffers:           86548 kB
Cached:          1211716 kB
MemTotal:        1844596 kB
MemFree:          255724 kB
MemAvailable:    1446732 kB
Buffers:           86548 kB
Cached:          1211716 kB
MemTotal:        1844596 kB
MemFree:          255184 kB
MemAvailable:    1446192 kB
Buffers:           86548 kB
Cached:          1211716 kB
MemTotal:        1844596 kB
MemFree:          255508 kB
MemAvailable:    1446516 kB
Buffers:           86548 kB
Cached:          1211716 kB
MemTotal:        1844596 kB
MemFree:          255764 kB
MemAvailable:    1446772 kB
Buffers:           86548 kB
Cached:          1211716 kB
MemTotal:        1844596 kB
MemFree:          254392 kB
MemAvailable:    1445400 kB
Buffers:           86548 kB
Cached:          1211716 kB
MemTotal:        1844596 kB
MemFree:          255740 kB
MemAvailable:    1446748 kB
Buffers:           86548 kB
Cached:          1211716 kB
MemTotal:        1844596 kB
MemFree:          255608 kB
MemAvailable:    1446616 kB
Buffers:           86548 kB
Cached:          1211716 kB
MemTotal:        1844596 kB
MemFree:          255152 kB
MemAvailable:    1446160 kB
Buffers:           86548 kB
Cached:          1211716 kB
MemTotal:        1844596 kB
MemFree:          255308 kB
MemAvailable:    1446316 kB
Buffers:           86548 kB
Cached:          1211716 kB
MemTotal:        1844596 kB
MemFree:          255356 kB
MemAvailable:    1446364 kB
Buffers:           86548 kB
Cached:          1211716 kB
MemTotal:        1844596 kB
MemFree:          254008 kB
MemAvailable:    1445016 kB
Buffers:           86548 kB
Cached:          1211716 kB
MemTotal:        1844596 kB
MemFree:          254176 kB
MemAvailable:    1445184 kB
Buffers:           86548 kB
Cached:          1211716 kB
MemTotal:        1844596 kB
MemFree:          254024 kB
MemAvailable:    1445032 kB
Buffers:           86548 kB
Cached:          1211716 kB
MemTotal:        1844596 kB
MemFree:          255236 kB
MemAvailable:    1446244 kB
Buffers:           86548 kB
Cached:          1211716 kB
MemTotal:        1844596 kB
MemFree:          254068 kB
MemAvailable:    1445076 kB
Buffers:           86548 kB
Cached:          1211716 kB
MemTotal:        1844596 kB
MemFree:          254564 kB
MemAvailable:    1445572 kB
Buffers:           86548 kB
Cached:          1211716 kB
MemTotal:        1844596 kB
MemFree:          255316 kB
MemAvailable:    1446324 kB
Buffers:           86548 kB
Cached:          1211716 kB
MemTotal:        1844596 kB
MemFree:          255060 kB
MemAvailable:    1446068 kB
Buffers:           86548 kB
Cached:          1211716 kB
MemTotal:        1844596 kB
MemFree:          254176 kB
MemAvailable:    1445184 kB
Buffers:           86548 kB
Cached:          1211716 kB
MemTotal:        1844596 kB
MemFree:          254044 kB
MemAvailable:    1445052 kB
Buffers:           86548 kB
Cached:          1211716 kB
MemTotal:        1844596 kB
MemFree:          255220 kB
MemAvailable:    1446228 kB
Buffers:           86548 kB
Cached:          1211716 kB
MemTotal:        1844596 kB
MemFree:          253912 kB
MemAvailable:    1444920 kB
Buffers:           86548 kB
Cached:          1211716 kB
MemTotal:        1844596 kB
MemFree:          254044 kB
MemAvailable:    1445052 kB
Buffers:           86548 kB
Cached:          1211716 kB
MemTotal:        1844596 kB
MemFree:          255344 kB
MemAvailable:    1446352 kB
Buffers:           86548 kB
Cached:          1211716 kB
MemTotal:        1844596 kB
MemFree:          255296 kB
MemAvailable:    1446304 kB
Buffers:           86548 kB
Cached:          1211716 kB
MemTotal:        1844596 kB
MemFree:          253864 kB
MemAvailable:    1444872 kB
Buffers:           86548 kB
Cached:          1211716 kB
MemTotal:        1844596 kB
MemFree:          255132 kB
MemAvailable:    1446140 kB
Buffers:           86548 kB
Cached:          1211716 kB
MemTotal:        1844596 kB
MemFree:          255132 kB
MemAvailable:    1446140 kB
Buffers:           86548 kB
Cached:          1211716 kB
MemTotal:        1844596 kB
MemFree:          255128 kB
MemAvailable:    1446136 kB
Buffers:           86548 kB
Cached:          1211716 kB
MemTotal:        1844596 kB
MemFree:          254008 kB
MemAvailable:    1445016 kB
Buffers:           86548 kB
Cached:          1211716 kB
MemTotal:        1844596 kB
MemFree:          254248 kB
MemAvailable:    1445256 kB
Buffers:           86548 kB
Cached:          1211716 kB
MemTotal:        1844596 kB
MemFree:          253876 kB
MemAvailable:    1444884 kB
Buffers:           86548 kB
Cached:          1211716 kB
MemTotal:        1844596 kB
MemFree:          255152 kB
MemAvailable:    1446160 kB
Buffers:           86548 kB
Cached:          1211716 kB
MemTotal:        1844596 kB
MemFree:          255404 kB
MemAvailable:    1446412 kB
Buffers:           86548 kB
Cached:          1211716 kB
MemTotal:        1844596 kB
MemFree:          255052 kB
MemAvailable:    1446060 kB
Buffers:           86548 kB
Cached:          1211716 kB
MemTotal:        1844596 kB
MemFree:          254020 kB
MemAvailable:    1445028 kB
Buffers:           86548 kB
Cached:          1211716 kB
MemTotal:        1844596 kB
MemFree:          255320 kB
MemAvailable:    1446328 kB
Buffers:           86548 kB
Cached:          1211716 kB
MemTotal:        1844596 kB
MemFree:          253932 kB
MemAvailable:    1444940 kB
Buffers:           86548 kB
Cached:          1211716 kB
MemTotal:        1844596 kB
MemFree:          255060 kB
MemAvailable:    1446068 kB
Buffers:           86548 kB
Cached:          1211716 kB
MemTotal:        1844596 kB
MemFree:          255044 kB
MemAvailable:    1446052 kB
Buffers:           86548 kB
Cached:          1211716 kB
MemTotal:        1844596 kB
MemFree:          255184 kB
MemAvailable:    1446192 kB
Buffers:           86548 kB
Cached:          1211716 kB
MemTotal:        1844596 kB
MemFree:          255356 kB
MemAvailable:    1446364 kB
Buffers:           86548 kB
Cached:          1211716 kB
MemTotal:        1844596 kB
MemFree:          253924 kB
MemAvailable:    1444932 kB
Buffers:           86548 kB
Cached:          1211716 kB
MemTotal:        1844596 kB
MemFree:          255224 kB
MemAvailable:    1446232 kB
Buffers:           86548 kB
Cached:          1211716 kB
MemTotal:        1844596 kB
MemFree:          255344 kB
MemAvailable:    1446352 kB
Buffers:           86548 kB
Cached:          1211716 kB
MemTotal:        1844596 kB
MemFree:          255044 kB
MemAvailable:    1446052 kB
Buffers:           86548 kB
Cached:          1211716 kB
MemTotal:        1844596 kB
MemFree:          255380 kB
MemAvailable:    1446388 kB
Buffers:           86548 kB
Cached:          1211716 kB
MemTotal:        1844596 kB
MemFree:          255356 kB
MemAvailable:    1446364 kB
Buffers:           86548 kB
Cached:          1211716 kB
MemTotal:        1844596 kB
MemFree:          253884 kB
MemAvailable:    1444892 kB
Buffers:           86548 kB
Cached:          1211716 kB
MemTotal:        1844596 kB
MemFree:          254068 kB
MemAvailable:    1445076 kB
Buffers:           86548 kB
Cached:          1211716 kB
MemTotal:        1844596 kB
MemFree:          255244 kB
MemAvailable:    1446252 kB
Buffers:           86548 kB
Cached:          1211716 kB
MemTotal:        1844596 kB
MemFree:          253944 kB
MemAvailable:    1444952 kB
Buffers:           86548 kB
Cached:          1211716 kB
MemTotal:        1844596 kB
MemFree:          255412 kB
MemAvailable:    1446420 kB
Buffers:           86548 kB
Cached:          1211716 kB
MemTotal:        1844596 kB
MemFree:          255384 kB
MemAvailable:    1446392 kB
Buffers:           86548 kB
Cached:          1211716 kB
MemTotal:        1844596 kB
MemFree:          253936 kB
MemAvailable:    1444944 kB
Buffers:           86548 kB
Cached:          1211716 kB
MemTotal:        1844596 kB
MemFree:          253944 kB
MemAvailable:    1444952 kB
Buffers:           86548 kB
Cached:          1211716 kB
MemTotal:        1844596 kB
MemFree:          255244 kB
MemAvailable:    1446252 kB
Buffers:           86548 kB
Cached:          1211716 kB
MemTotal:        1844596 kB
MemFree:          255044 kB
MemAvailable:    1446052 kB
Buffers:           86548 kB
Cached:          1211716 kB
MemTotal:        1844596 kB
MemFree:          255184 kB
MemAvailable:    1446192 kB
Buffers:           86548 kB
Cached:          1211716 kB
MemTotal:        1844596 kB
MemFree:          254136 kB
MemAvailable:    1445144 kB
Buffers:           86548 kB
Cached:          1211716 kB
MemTotal:        1844596 kB
MemFree:          254012 kB
MemAvailable:    1445020 kB
Buffers:           86548 kB
Cached:          1211716 kB
MemTotal:        1844596 kB
MemFree:          254136 kB
MemAvailable:    1445144 kB
Buffers:           86548 kB
Cached:          1211716 kB
MemTotal:        1844596 kB
MemFree:          255288 kB
MemAvailable:    1446296 kB
Buffers:           86548 kB
Cached:          1211716 kB
MemTotal:        1844596 kB
MemFree:          254556 kB
MemAvailable:    1445564 kB
Buffers:           86548 kB
Cached:          1211716 kB
MemTotal:        1844596 kB
MemFree:          253820 kB
MemAvailable:    1444840 kB
Buffers:           86548 kB
Cached:          1211728 kB
MemTotal:        1844596 kB
MemFree:          255328 kB
MemAvailable:    1446348 kB
Buffers:           86548 kB
Cached:          1211728 kB
MemTotal:        1844596 kB
MemFree:          254572 kB
MemAvailable:    1445592 kB
Buffers:           86548 kB
Cached:          1211728 kB
MemTotal:        1844596 kB
MemFree:          255300 kB
MemAvailable:    1446320 kB
Buffers:           86548 kB
Cached:          1211728 kB
MemTotal:        1844596 kB
MemFree:          255136 kB
MemAvailable:    1446156 kB
Buffers:           86548 kB
Cached:          1211728 kB
MemTotal:        1844596 kB
MemFree:          255244 kB
MemAvailable:    1446264 kB
Buffers:           86548 kB
Cached:          1211728 kB
MemTotal:        1844596 kB
MemFree:          255044 kB
MemAvailable:    1446064 kB
Buffers:           86548 kB
Cached:          1211728 kB
MemTotal:        1844596 kB
MemFree:          255380 kB
MemAvailable:    1446400 kB
Buffers:           86548 kB
Cached:          1211728 kB
MemTotal:        1844596 kB
MemFree:          255188 kB
MemAvailable:    1446208 kB
Buffers:           86548 kB
Cached:          1211728 kB
MemTotal:        1844596 kB
MemFree:          255156 kB
MemAvailable:    1446176 kB
Buffers:           86548 kB
Cached:          1211728 kB
MemTotal:        1844596 kB
MemFree:          254936 kB
MemAvailable:    1445956 kB
Buffers:           86548 kB
Cached:          1211728 kB
MemTotal:        1844596 kB
MemFree:          255172 kB
MemAvailable:    1446192 kB
Buffers:           86548 kB
Cached:          1211728 kB
MemTotal:        1844596 kB
MemFree:          254008 kB
MemAvailable:    1445028 kB
Buffers:           86548 kB
Cached:          1211728 kB
MemTotal:        1844596 kB
MemFree:          255120 kB
MemAvailable:    1446140 kB
Buffers:           86548 kB
Cached:          1211728 kB
MemTotal:        1844596 kB
MemFree:          254040 kB
MemAvailable:    1445060 kB
Buffers:           86548 kB
Cached:          1211728 kB
MemTotal:        1844596 kB
MemFree:          254688 kB
MemAvailable:    1445708 kB
Buffers:           86548 kB
Cached:          1211728 kB
MemTotal:        1844596 kB
MemFree:          255224 kB
MemAvailable:    1446244 kB
Buffers:           86548 kB
Cached:          1211728 kB
MemTotal:        1844596 kB
MemFree:          253800 kB
MemAvailable:    1444820 kB
Buffers:           86548 kB
Cached:          1211728 kB
MemTotal:        1844596 kB
MemFree:          255152 kB
MemAvailable:    1446172 kB
Buffers:           86548 kB
Cached:          1211728 kB
MemTotal:        1844596 kB
MemFree:          255044 kB
MemAvailable:    1446064 kB
Buffers:           86548 kB
Cached:          1211728 kB
MemTotal:        1844596 kB
MemFree:          255056 kB
MemAvailable:    1446076 kB
Buffers:           86548 kB
Cached:          1211728 kB
MemTotal:        1844596 kB
MemFree:          254012 kB
MemAvailable:    1445032 kB
Buffers:           86548 kB
Cached:          1211728 kB
MemTotal:        1844596 kB
MemFree:          255188 kB
MemAvailable:    1446208 kB
Buffers:           86548 kB
Cached:          1211728 kB
MemTotal:        1844596 kB
MemFree:          254048 kB
MemAvailable:    1445068 kB
Buffers:           86548 kB
Cached:          1211728 kB
MemTotal:        1844596 kB
MemFree:          255116 kB
MemAvailable:    1446136 kB
Buffers:           86548 kB
Cached:          1211728 kB
MemTotal:        1844596 kB
MemFree:          255368 kB
MemAvailable:    1446388 kB
Buffers:           86548 kB
Cached:          1211728 kB
MemTotal:        1844596 kB
MemFree:          255052 kB
MemAvailable:    1446072 kB
Buffers:           86548 kB
Cached:          1211728 kB
MemTotal:        1844596 kB
MemFree:          253936 kB
MemAvailable:    1444956 kB
Buffers:           86548 kB
Cached:          1211728 kB
MemTotal:        1844596 kB
MemFree:          254060 kB
MemAvailable:    1445080 kB
Buffers:           86548 kB
Cached:          1211728 kB
MemTotal:        1844596 kB
MemFree:          254060 kB
MemAvailable:    1445080 kB
Buffers:           86548 kB
Cached:          1211728 kB
MemTotal:        1844596 kB
MemFree:          254184 kB
MemAvailable:    1445204 kB
Buffers:           86548 kB
Cached:          1211728 kB
MemTotal:        1844596 kB
MemFree:          255176 kB
MemAvailable:    1446196 kB
Buffers:           86548 kB
Cached:          1211728 kB
MemTotal:        1844596 kB
MemFree:          254012 kB
MemAvailable:    1445032 kB
Buffers:           86548 kB
Cached:          1211728 kB
MemTotal:        1844596 kB
MemFree:          255156 kB
MemAvailable:    1446176 kB
Buffers:           86548 kB
Cached:          1211728 kB
MemTotal:        1844596 kB
MemFree:          255408 kB
MemAvailable:    1446428 kB
Buffers:           86548 kB
Cached:          1211728 kB
MemTotal:        1844596 kB
MemFree:          253888 kB
MemAvailable:    1444908 kB
Buffers:           86548 kB
Cached:          1211728 kB
MemTotal:        1844596 kB
MemFree:          254056 kB
MemAvailable:    1445076 kB
Buffers:           86548 kB
Cached:          1211728 kB
MemTotal:        1844596 kB
MemFree:          255184 kB
MemAvailable:    1446204 kB
Buffers:           86548 kB
Cached:          1211728 kB
MemTotal:        1844596 kB
MemFree:          255112 kB
MemAvailable:    1446132 kB
Buffers:           86548 kB
Cached:          1211728 kB
MemTotal:        1844596 kB
MemFree:          255192 kB
MemAvailable:    1446212 kB
Buffers:           86548 kB
Cached:          1211728 kB
MemTotal:        1844596 kB
MemFree:          255188 kB
MemAvailable:    1446208 kB
Buffers:           86548 kB
Cached:          1211728 kB
MemTotal:        1844596 kB
MemFree:          254016 kB
MemAvailable:    1445036 kB
Buffers:           86548 kB
Cached:          1211728 kB
MemTotal:        1844596 kB
MemFree:          255252 kB
MemAvailable:    1446272 kB
Buffers:           86548 kB
Cached:          1211728 kB
MemTotal:        1844596 kB
MemFree:          253880 kB
MemAvailable:    1444900 kB
Buffers:           86548 kB
Cached:          1211728 kB
MemTotal:        1844596 kB
MemFree:          254048 kB
MemAvailable:    1445068 kB
Buffers:           86548 kB
Cached:          1211728 kB
MemTotal:        1844596 kB
MemFree:          255244 kB
MemAvailable:    1446264 kB
Buffers:           86548 kB
Cached:          1211728 kB
MemTotal:        1844596 kB
MemFree:          254564 kB
MemAvailable:    1445584 kB
Buffers:           86548 kB
Cached:          1211728 kB
MemTotal:        1844596 kB
MemFree:          255032 kB
MemAvailable:    1446052 kB
Buffers:           86548 kB
Cached:          1211728 kB
MemTotal:        1844596 kB
MemFree:          255368 kB
MemAvailable:    1446388 kB
Buffers:           86548 kB
Cached:          1211728 kB
MemTotal:        1844596 kB
MemFree:          255044 kB
MemAvailable:    1446064 kB
Buffers:           86548 kB
Cached:          1211728 kB
MemTotal:        1844596 kB
MemFree:          255384 kB
MemAvailable:    1446404 kB
Buffers:           86548 kB
Cached:          1211728 kB
MemTotal:        1844596 kB
MemFree:          255104 kB
MemAvailable:    1446124 kB
Buffers:           86548 kB
Cached:          1211728 kB
MemTotal:        1844596 kB
MemFree:          255156 kB
MemAvailable:    1446176 kB
Buffers:           86548 kB
Cached:          1211728 kB
MemTotal:        1844596 kB
MemFree:          255408 kB
MemAvailable:    1446428 kB
Buffers:           86548 kB
Cached:          1211728 kB
MemTotal:        1844596 kB
MemFree:          253888 kB
MemAvailable:    1444908 kB
Buffers:           86548 kB
Cached:          1211728 kB
MemTotal:        1844596 kB
MemFree:          254140 kB
MemAvailable:    1445160 kB
Buffers:           86548 kB
Cached:          1211728 kB
MemTotal:        1844596 kB
MemFree:          253928 kB
MemAvailable:    1444948 kB
Buffers:           86548 kB
Cached:          1211728 kB
MemTotal:        1844596 kB
MemFree:          255220 kB
MemAvailable:    1446240 kB
Buffers:           86548 kB
Cached:          1211728 kB
MemTotal:        1844596 kB
MemFree:          253944 kB
MemAvailable:    1444964 kB
Buffers:           86548 kB
Cached:          1211728 kB
MemTotal:        1844596 kB
MemFree:          254316 kB
MemAvailable:    1445336 kB
Buffers:           86548 kB
Cached:          1211728 kB
MemTotal:        1844596 kB
MemFree:          254068 kB
MemAvailable:    1445088 kB
Buffers:           86548 kB
Cached:          1211728 kB
MemTotal:        1844596 kB
MemFree:          255004 kB
MemAvailable:    1446024 kB
Buffers:           86548 kB
Cached:          1211728 kB
MemTotal:        1844596 kB
MemFree:          255260 kB
MemAvailable:    1446280 kB
Buffers:           86548 kB
Cached:          1211728 kB
MemTotal:        1844596 kB
MemFree:          254992 kB
MemAvailable:    1446012 kB
Buffers:           86548 kB
Cached:          1211728 kB
MemTotal:        1844596 kB
MemFree:          255044 kB
MemAvailable:    1446064 kB
Buffers:           86548 kB
Cached:          1211728 kB
MemTotal:        1844596 kB
MemFree:          253924 kB
MemAvailable:    1444944 kB
Buffers:           86548 kB
Cached:          1211728 kB
MemTotal:        1844596 kB
MemFree:          254180 kB
MemAvailable:    1445200 kB
Buffers:           86548 kB
Cached:          1211728 kB
MemTotal:        1844596 kB
MemFree:          254056 kB
MemAvailable:    1445076 kB
Buffers:           86548 kB
Cached:          1211728 kB
MemTotal:        1844596 kB
MemFree:          254428 kB
MemAvailable:    1445448 kB
Buffers:           86548 kB
Cached:          1211728 kB
MemTotal:        1844596 kB
MemFree:          254068 kB
MemAvailable:    1445088 kB
Buffers:           86548 kB
Cached:          1211728 kB
MemTotal:        1844596 kB
MemFree:          254060 kB
MemAvailable:    1445080 kB
Buffers:           86548 kB
Cached:          1211728 kB
MemTotal:        1844596 kB
MemFree:          255176 kB
MemAvailable:    1446204 kB
Buffers:           86548 kB
Cached:          1211736 kB
MemTotal:        1844596 kB
MemFree:          255176 kB
MemAvailable:    1446196 kB
Buffers:           86548 kB
Cached:          1211728 kB
MemTotal:        1844596 kB
MemFree:          253904 kB
MemAvailable:    1444932 kB
Buffers:           86548 kB
Cached:          1211736 kB
MemTotal:        1844596 kB
MemFree:          254052 kB
MemAvailable:    1445080 kB
Buffers:           86548 kB
Cached:          1211736 kB
MemTotal:        1844596 kB
MemFree:          253944 kB
MemAvailable:    1444972 kB
Buffers:           86548 kB
Cached:          1211736 kB
MemTotal:        1844596 kB
MemFree:          253984 kB
MemAvailable:    1445012 kB
Buffers:           86548 kB
Cached:          1211736 kB
MemTotal:        1844596 kB
MemFree:          254004 kB
MemAvailable:    1445032 kB
Buffers:           86548 kB
Cached:          1211736 kB
MemTotal:        1844596 kB
MemFree:          252532 kB
MemAvailable:    1443560 kB
Buffers:           86548 kB
Cached:          1211736 kB
MemTotal:        1844596 kB
MemFree:          253544 kB
MemAvailable:    1444572 kB
Buffers:           86548 kB
Cached:          1211736 kB
MemTotal:        1844596 kB
MemFree:          252580 kB
MemAvailable:    1443608 kB
Buffers:           86548 kB
Cached:          1211736 kB
MemTotal:        1844596 kB
MemFree:          252824 kB
MemAvailable:    1443852 kB
Buffers:           86548 kB
Cached:          1211736 kB
MemTotal:        1844596 kB
MemFree:          252700 kB
MemAvailable:    1443728 kB
Buffers:           86548 kB
Cached:          1211736 kB
MemTotal:        1844596 kB
MemFree:          249960 kB
MemAvailable:    1440988 kB
Buffers:           86548 kB
Cached:          1211736 kB
MemTotal:        1844596 kB
MemFree:          249960 kB
MemAvailable:    1440988 kB
Buffers:           86548 kB
Cached:          1211736 kB
MemTotal:        1844596 kB
MemFree:          249664 kB
MemAvailable:    1440692 kB
Buffers:           86548 kB
Cached:          1211736 kB
MemTotal:        1844596 kB
MemFree:          249612 kB
MemAvailable:    1440640 kB
Buffers:           86548 kB
Cached:          1211736 kB
MemTotal:        1844596 kB
MemFree:          249596 kB
MemAvailable:    1440624 kB
Buffers:           86548 kB
Cached:          1211736 kB
MemTotal:        1844596 kB
MemFree:          248736 kB
MemAvailable:    1439764 kB
Buffers:           86548 kB
Cached:          1211736 kB
MemTotal:        1844596 kB
MemFree:          248364 kB
MemAvailable:    1439396 kB
Buffers:           86548 kB
Cached:          1211740 kB
MemTotal:        1844596 kB
MemFree:          249532 kB
MemAvailable:    1440564 kB
Buffers:           86548 kB
Cached:          1211740 kB
MemTotal:        1844596 kB
MemFree:          248356 kB
MemAvailable:    1439388 kB
Buffers:           86548 kB
Cached:          1211740 kB
MemTotal:        1844596 kB
MemFree:          249052 kB
MemAvailable:    1440084 kB
Buffers:           86548 kB
Cached:          1211740 kB
MemTotal:        1844596 kB
MemFree:          248984 kB
MemAvailable:    1440016 kB
Buffers:           86548 kB
Cached:          1211740 kB
MemTotal:        1844596 kB
MemFree:          247936 kB
MemAvailable:    1438968 kB
Buffers:           86548 kB
Cached:          1211740 kB
MemTotal:        1844596 kB
MemFree:          249112 kB
MemAvailable:    1440144 kB
Buffers:           86548 kB
Cached:          1211740 kB
MemTotal:        1844596 kB
MemFree:          248788 kB
MemAvailable:    1439820 kB
Buffers:           86548 kB
Cached:          1211740 kB
MemTotal:        1844596 kB
MemFree:          248868 kB
MemAvailable:    1439900 kB
Buffers:           86548 kB
Cached:          1211740 kB
MemTotal:        1844596 kB
MemFree:          248740 kB
MemAvailable:    1439772 kB
Buffers:           86548 kB
Cached:          1211740 kB
MemTotal:        1844596 kB
MemFree:          247484 kB
MemAvailable:    1438516 kB
Buffers:           86548 kB
Cached:          1211740 kB
MemTotal:        1844596 kB
MemFree:          247476 kB
MemAvailable:    1438508 kB
Buffers:           86548 kB
Cached:          1211740 kB
MemTotal:        1844596 kB
MemFree:          248544 kB
MemAvailable:    1439576 kB
Buffers:           86548 kB
Cached:          1211740 kB
MemTotal:        1844596 kB
MemFree:          248308 kB
MemAvailable:    1439340 kB
Buffers:           86548 kB
Cached:          1211740 kB
MemTotal:        1844596 kB
MemFree:          247068 kB
MemAvailable:    1438100 kB
Buffers:           86548 kB
Cached:          1211740 kB
MemTotal:        1844596 kB
MemFree:          249524 kB
MemAvailable:    1440556 kB
Buffers:           86548 kB
Cached:          1211740 kB
MemTotal:        1844596 kB
MemFree:          250740 kB
MemAvailable:    1441772 kB
Buffers:           86548 kB
Cached:          1211740 kB
MemTotal:        1844596 kB
MemFree:          250224 kB
MemAvailable:    1441256 kB
Buffers:           86548 kB
Cached:          1211740 kB
MemTotal:        1844596 kB
MemFree:          250860 kB
MemAvailable:    1441896 kB
Buffers:           86548 kB
Cached:          1211744 kB
MemTotal:        1844596 kB
MemFree:          249684 kB
MemAvailable:    1440720 kB
Buffers:           86548 kB
Cached:          1211744 kB
MemTotal:        1844596 kB
MemFree:          250712 kB
MemAvailable:    1441748 kB
Buffers:           86548 kB
Cached:          1211744 kB
MemTotal:        1844596 kB
MemFree:          250836 kB
MemAvailable:    1441872 kB
Buffers:           86548 kB
Cached:          1211744 kB
MemTotal:        1844596 kB
MemFree:          250456 kB
MemAvailable:    1441492 kB
Buffers:           86548 kB
Cached:          1211744 kB
MemTotal:        1844596 kB
MemFree:          250348 kB
MemAvailable:    1441384 kB
Buffers:           86548 kB
Cached:          1211744 kB
MemTotal:        1844596 kB
MemFree:          249592 kB
MemAvailable:    1440628 kB
Buffers:           86548 kB
Cached:          1211744 kB
MemTotal:        1844596 kB
MemFree:          250876 kB
MemAvailable:    1441912 kB
Buffers:           86548 kB
Cached:          1211744 kB
MemTotal:        1844596 kB
MemFree:          250224 kB
MemAvailable:    1441260 kB
Buffers:           86548 kB
Cached:          1211744 kB
MemTotal:        1844596 kB
MemFree:          250416 kB
MemAvailable:    1441452 kB
Buffers:           86548 kB
Cached:          1211744 kB
MemTotal:        1844596 kB
MemFree:          250752 kB
MemAvailable:    1441788 kB
Buffers:           86548 kB
Cached:          1211744 kB
MemTotal:        1844596 kB
MemFree:          250900 kB
MemAvailable:    1441936 kB
Buffers:           86548 kB
Cached:          1211744 kB
MemTotal:        1844596 kB
MemFree:          249308 kB
MemAvailable:    1440344 kB
Buffers:           86548 kB
Cached:          1211744 kB
MemTotal:        1844596 kB
MemFree:          250792 kB
MemAvailable:    1441828 kB
Buffers:           86548 kB
Cached:          1211744 kB
MemTotal:        1844596 kB
MemFree:          249468 kB
MemAvailable:    1440504 kB
Buffers:           86548 kB
Cached:          1211744 kB
MemTotal:        1844596 kB
MemFree:          250876 kB
MemAvailable:    1441912 kB
Buffers:           86548 kB
Cached:          1211744 kB
MemTotal:        1844596 kB
MemFree:          250100 kB
MemAvailable:    1441136 kB
Buffers:           86548 kB
Cached:          1211744 kB
MemTotal:        1844596 kB
MemFree:          250540 kB
MemAvailable:    1441576 kB
Buffers:           86548 kB
Cached:          1211744 kB
MemTotal:        1844596 kB
MemFree:          249564 kB
MemAvailable:    1440600 kB
Buffers:           86548 kB
Cached:          1211744 kB
MemTotal:        1844596 kB
MemFree:          249836 kB
MemAvailable:    1440872 kB
Buffers:           86548 kB
Cached:          1211744 kB
MemTotal:        1844596 kB
MemFree:          249836 kB
MemAvailable:    1440872 kB
Buffers:           86548 kB
Cached:          1211744 kB
MemTotal:        1844596 kB
MemFree:          249644 kB
MemAvailable:    1440680 kB
Buffers:           86548 kB
Cached:          1211744 kB
MemTotal:        1844596 kB
MemFree:          247744 kB
MemAvailable:    1438780 kB
Buffers:           86548 kB
Cached:          1211744 kB
MemTotal:        1844596 kB
MemFree:          247868 kB
MemAvailable:    1438904 kB
Buffers:           86548 kB
Cached:          1211744 kB
MemTotal:        1844596 kB
MemFree:          247360 kB
MemAvailable:    1438396 kB
Buffers:           86548 kB
Cached:          1211744 kB
MemTotal:        1844596 kB
MemFree:          248480 kB
MemAvailable:    1439516 kB
Buffers:           86548 kB
Cached:          1211744 kB
MemTotal:        1844596 kB
MemFree:          248732 kB
MemAvailable:    1439768 kB
Buffers:           86548 kB
Cached:          1211744 kB
MemTotal:        1844596 kB
MemFree:          248408 kB
MemAvailable:    1439444 kB
Buffers:           86548 kB
Cached:          1211744 kB
MemTotal:        1844596 kB
MemFree:          247364 kB
MemAvailable:    1438400 kB
Buffers:           86548 kB
Cached:          1211744 kB
MemTotal:        1844596 kB
MemFree:          248424 kB
MemAvailable:    1439460 kB
Buffers:           86548 kB
Cached:          1211744 kB
MemTotal:        1844596 kB
MemFree:          248364 kB
MemAvailable:    1439400 kB
Buffers:           86548 kB
Cached:          1211744 kB
MemTotal:        1844596 kB
MemFree:          248660 kB
MemAvailable:    1439696 kB
Buffers:           86548 kB
Cached:          1211744 kB
MemTotal:        1844596 kB
MemFree:          247312 kB
MemAvailable:    1438348 kB
Buffers:           86548 kB
Cached:          1211744 kB
MemTotal:        1844596 kB
MemFree:          247312 kB
MemAvailable:    1438348 kB
Buffers:           86548 kB
Cached:          1211744 kB
MemTotal:        1844596 kB
MemFree:          247180 kB
MemAvailable:    1438216 kB
Buffers:           86548 kB
Cached:          1211744 kB
MemTotal:        1844596 kB
MemFree:          247348 kB
MemAvailable:    1438384 kB
Buffers:           86548 kB
Cached:          1211744 kB
MemTotal:        1844596 kB
MemFree:          247176 kB
MemAvailable:    1438212 kB
Buffers:           86548 kB
Cached:          1211744 kB
MemTotal:        1844596 kB
MemFree:          248448 kB
MemAvailable:    1439488 kB
Buffers:           86548 kB
Cached:          1211748 kB
MemTotal:        1844596 kB
