MemTotal:        1844596 kB
MemFree:          477480 kB
MemAvailable:    1571220 kB
Buffers:           79796 kB
Cached:          1129156 kB
MemTotal:        1844596 kB
MemFree:          474992 kB
MemAvailable:    1568732 kB
Buffers:           79796 kB
Cached:          1129156 kB
MemTotal:        1844596 kB
MemFree:          472504 kB
MemAvailable:    1566244 kB
Buffers:           79796 kB
Cached:          1129156 kB
MemTotal:        1844596 kB
MemFree:          471760 kB
MemAvailable:    1565500 kB
Buffers:           79796 kB
Cached:          1129156 kB
MemTotal:        1844596 kB
MemFree:          472504 kB
MemAvailable:    1566244 kB
Buffers:           79796 kB
Cached:          1129156 kB
MemTotal:        1844596 kB
MemFree:          471968 kB
MemAvailable:    1565708 kB
Buffers:           79796 kB
Cached:          1129156 kB
MemTotal:        1844596 kB
MemFree:          470032 kB
MemAvailable:    1563776 kB
Buffers:           79796 kB
Cached:          1129160 kB
MemTotal:        1844596 kB
MemFree:          470288 kB
MemAvailable:    1564032 kB
Buffers:           79796 kB
Cached:          1129160 kB
MemTotal:        1844596 kB
MemFree:          467992 kB
MemAvailable:    1561736 kB
Buffers:           79796 kB
Cached:          1129160 kB
MemTotal:        1844596 kB
MemFree:          465444 kB
MemAvailable:    1559188 kB
Buffers:           79796 kB
Cached:          1129160 kB
MemTotal:        1844596 kB
MemFree:          462352 kB
MemAvailable:    1556096 kB
Buffers:           79796 kB
Cached:          1129160 kB
MemTotal:        1844596 kB
MemFree:          458740 kB
MemAvailable:    1552484 kB
Buffers:           79796 kB
Cached:          1129160 kB
MemTotal:        1844596 kB
MemFree:          458632 kB
MemAvailable:    1552376 kB
Buffers:           79796 kB
Cached:          1129160 kB
MemTotal:        1844596 kB
MemFree:          459932 kB
MemAvailable:    1553676 kB
Buffers:           79796 kB
Cached:          1129160 kB
MemTotal:        1844596 kB
MemFree:          460064 kB
MemAvailable:    1553808 kB
Buffers:           79796 kB
Cached:          1129160 kB
MemTotal:        1844596 kB
MemFree:          461164 kB
MemAvailable:    1554908 kB
Buffers:           79796 kB
Cached:          1129160 kB
MemTotal:        1844596 kB
MemFree:          461104 kB
MemAvailable:    1554848 kB
Buffers:           79796 kB
Cached:          1129160 kB
MemTotal:        1844596 kB
MemFree:          461104 kB
MemAvailable:    1554848 kB
Buffers:           79796 kB
Cached:          1129160 kB
MemTotal:        1844596 kB
MemFree:          459576 kB
MemAvailable:    1553320 kB
Buffers:           79796 kB
Cached:          1129160 kB
MemTotal:        1844596 kB
MemFree:          460684 kB
MemAvailable:    1554428 kB
Buffers:           79796 kB
Cached:          1129160 kB
MemTotal:        1844596 kB
MemFree:          460852 kB
MemAvailable:    1554596 kB
Buffers:           79796 kB
Cached:          1129160 kB
MemTotal:        1844596 kB
MemFree:          459360 kB
MemAvailable:    1553104 kB
Buffers:           79796 kB
Cached:          1129160 kB
MemTotal:        1844596 kB
MemFree:          458384 kB
MemAvailable:    1552128 kB
Buffers:           79796 kB
Cached:          1129160 kB
MemTotal:        1844596 kB
MemFree:          458004 kB
MemAvailable:    1551748 kB
Buffers:           79796 kB
Cached:          1129160 kB
MemTotal:        1844596 kB
MemFree:          457620 kB
MemAvailable:    1551364 kB
Buffers:           79796 kB
Cached:          1129160 kB
MemTotal:        1844596 kB
MemFree:          458680 kB
MemAvailable:    1552424 kB
Buffers:           79796 kB
Cached:          1129160 kB
MemTotal:        1844596 kB
MemFree:          458932 kB
MemAvailable:    1552676 kB
Buffers:           79796 kB
Cached:          1129160 kB
MemTotal:        1844596 kB
MemFree:          458632 kB
MemAvailable:    1552376 kB
Buffers:           79796 kB
Cached:          1129160 kB
MemTotal:        1844596 kB
MemFree:          458616 kB
MemAvailable:    1552360 kB
Buffers:           79796 kB
Cached:          1129160 kB
MemTotal:        1844596 kB
MemFree:          458868 kB
MemAvailable:    1552612 kB
Buffers:           79796 kB
Cached:          1129160 kB
MemTotal:        1844596 kB
MemFree:          457328 kB
MemAvailable:    1551072 kB
Buffers:           79796 kB
Cached:          1129160 kB
MemTotal:        1844596 kB
MemFree:          458604 kB
MemAvailable:    1552348 kB
Buffers:           79796 kB
Cached:          1129160 kB
MemTotal:        1844596 kB
MemFree:          458856 kB
MemAvailable:    1552600 kB
Buffers:           79796 kB
Cached:          1129160 kB
MemTotal:        1844596 kB
MemFree:          458636 kB
MemAvailable:    1552380 kB
Buffers:           79796 kB
Cached:          1129160 kB
MemTotal:        1844596 kB
MemFree:          457460 kB
MemAvailable:    1551204 kB
Buffers:           79796 kB
Cached:          1129160 kB
MemTotal:        1844596 kB
MemFree:          457576 kB
MemAvailable:    1551320 kB
Buffers:           79796 kB
Cached:          1129160 kB
MemTotal:        1844596 kB
MemFree:          454352 kB
MemAvailable:    1548096 kB
Buffers:           79796 kB
Cached:          1129160 kB
MemTotal:        1844596 kB
MemFree:          452920 kB
MemAvailable:    1546664 kB
Buffers:           79796 kB
Cached:          1129160 kB
MemTotal:        1844596 kB
MemFree:          453896 kB
MemAvailable:    1547640 kB
Buffers:           79796 kB
Cached:          1129160 kB
MemTotal:        1844596 kB
MemFree:          453980 kB
MemAvailable:    1547724 kB
Buffers:           79796 kB
Cached:          1129160 kB
MemTotal:        1844596 kB
MemFree:          452660 kB
MemAvailable:    1546404 kB
Buffers:           79796 kB
Cached:          1129160 kB
MemTotal:        1844596 kB
MemFree:          453788 kB
MemAvailable:    1547532 kB
Buffers:           79796 kB
Cached:          1129160 kB
MemTotal:        1844596 kB
MemFree:          452920 kB
MemAvailable:    1546664 kB
Buffers:           79796 kB
Cached:          1129160 kB
MemTotal:        1844596 kB
MemFree:          454268 kB
MemAvailable:    1548012 kB
Buffers:           79796 kB
Cached:          1129160 kB
MemTotal:        1844596 kB
MemFree:          452308 kB
MemAvailable:    1546052 kB
Buffers:           79796 kB
Cached:          1129160 kB
MemTotal:        1844596 kB
MemFree:          452548 kB
MemAvailable:    1546292 kB
Buffers:           79796 kB
Cached:          1129160 kB
MemTotal:        1844596 kB
MemFree:          453236 kB
MemAvailable:    1546980 kB
Buffers:           79796 kB
Cached:          1129160 kB
MemTotal:        1844596 kB
MemFree:          451804 kB
MemAvailable:    1545548 kB
Buffers:           79796 kB
Cached:          1129160 kB
MemTotal:        1844596 kB
MemFree:          451804 kB
MemAvailable:    1545548 kB
Buffers:           79796 kB
Cached:          1129160 kB
MemTotal:        1844596 kB
MemFree:          453104 kB
MemAvailable:    1546848 kB
Buffers:           79796 kB
Cached:          1129160 kB
MemTotal:        1844596 kB
MemFree:          452060 kB
MemAvailable:    1545804 kB
Buffers:           79796 kB
Cached:          1129160 kB
MemTotal:        1844596 kB
MemFree:          452556 kB
MemAvailable:    1546300 kB
Buffers:           79796 kB
Cached:          1129156 kB
MemTotal:        1844596 kB
MemFree:          451432 kB
MemAvailable:    1545176 kB
Buffers:           79796 kB
Cached:          1129156 kB
MemTotal:        1844596 kB
MemFree:          451176 kB
MemAvailable:    1544928 kB
Buffers:           79796 kB
Cached:          1129164 kB
MemTotal:        1844596 kB
MemFree:          452748 kB
MemAvailable:    1546500 kB
Buffers:           79796 kB
Cached:          1129164 kB
MemTotal:        1844596 kB
MemFree:          451564 kB
MemAvailable:    1545316 kB
Buffers:           79796 kB
Cached:          1129164 kB
MemTotal:        1844596 kB
MemFree:          450812 kB
MemAvailable:    1544564 kB
Buffers:           79796 kB
Cached:          1129164 kB
MemTotal:        1844596 kB
MemFree:          451184 kB
MemAvailable:    1544936 kB
Buffers:           79796 kB
Cached:          1129164 kB
MemTotal:        1844596 kB
MemFree:          450944 kB
MemAvailable:    1544696 kB
Buffers:           79796 kB
Cached:          1129164 kB
MemTotal:        1844596 kB
MemFree:          450944 kB
MemAvailable:    1544696 kB
Buffers:           79796 kB
Cached:          1129164 kB
MemTotal:        1844596 kB
MemFree:          451192 kB
MemAvailable:    1544944 kB
Buffers:           79796 kB
Cached:          1129164 kB
MemTotal:        1844596 kB
MemFree:          450896 kB
MemAvailable:    1544648 kB
Buffers:           79796 kB
Cached:          1129164 kB
MemTotal:        1844596 kB
MemFree:          452416 kB
MemAvailable:    1546168 kB
Buffers:           79796 kB
Cached:          1129164 kB
MemTotal:        1844596 kB
MemFree:          451052 kB
MemAvailable:    1544804 kB
Buffers:           79796 kB
Cached:          1129164 kB
MemTotal:        1844596 kB
MemFree:          452168 kB
MemAvailable:    1545920 kB
Buffers:           79796 kB
Cached:          1129164 kB
MemTotal:        1844596 kB
MemFree:          449208 kB
MemAvailable:    1542960 kB
Buffers:           79796 kB
Cached:          1129164 kB
MemTotal:        1844596 kB
MemFree:          445364 kB
MemAvailable:    1539116 kB
Buffers:           79796 kB
Cached:          1129164 kB
MemTotal:        1844596 kB
MemFree:          445240 kB
MemAvailable:    1538992 kB
Buffers:           79796 kB
Cached:          1129164 kB
MemTotal:        1844596 kB
MemFree:          445596 kB
MemAvailable:    1539348 kB
Buffers:           79796 kB
Cached:          1129164 kB
MemTotal:        1844596 kB
MemFree:          445064 kB
MemAvailable:    1538816 kB
Buffers:           79796 kB
Cached:          1129164 kB
MemTotal:        1844596 kB
MemFree:          445348 kB
MemAvailable:    1539104 kB
Buffers:           79796 kB
Cached:          1129168 kB
MemTotal:        1844596 kB
MemFree:          445248 kB
MemAvailable:    1539004 kB
Buffers:           79796 kB
Cached:          1129168 kB
MemTotal:        1844596 kB
MemFree:          443944 kB
MemAvailable:    1537700 kB
Buffers:           79796 kB
Cached:          1129168 kB
MemTotal:        1844596 kB
MemFree:          443944 kB
MemAvailable:    1537700 kB
Buffers:           79796 kB
Cached:          1129168 kB
MemTotal:        1844596 kB
MemFree:          445440 kB
MemAvailable:    1539196 kB
Buffers:           79796 kB
Cached:          1129168 kB
MemTotal:        1844596 kB
MemFree:          443820 kB
MemAvailable:    1537576 kB
Buffers:           79796 kB
Cached:          1129168 kB
MemTotal:        1844596 kB
MemFree:          444000 kB
MemAvailable:    1537756 kB
Buffers:           79796 kB
Cached:          1129168 kB
MemTotal:        1844596 kB
MemFree:          443372 kB
MemAvailable:    1537128 kB
Buffers:           79796 kB
Cached:          1129168 kB
MemTotal:        1844596 kB
MemFree:          443124 kB
MemAvailable:    1536880 kB
Buffers:           79796 kB
Cached:          1129168 kB
MemTotal:        1844596 kB
MemFree:          442760 kB
MemAvailable:    1536516 kB
Buffers:           79796 kB
Cached:          1129168 kB
MemTotal:        1844596 kB
MemFree:          443116 kB
MemAvailable:    1536872 kB
Buffers:           79796 kB
Cached:          1129168 kB
MemTotal:        1844596 kB
MemFree:          441836 kB
MemAvailable:    1535592 kB
Buffers:           79796 kB
Cached:          1129168 kB
MemTotal:        1844596 kB
MemFree:          441148 kB
MemAvailable:    1534904 kB
Buffers:           79796 kB
Cached:          1129168 kB
MemTotal:        1844596 kB
MemFree:          442332 kB
MemAvailable:    1536088 kB
Buffers:           79796 kB
Cached:          1129168 kB
MemTotal:        1844596 kB
MemFree:          442588 kB
MemAvailable:    1536344 kB
Buffers:           79796 kB
Cached:          1129168 kB
MemTotal:        1844596 kB
MemFree:          442560 kB
MemAvailable:    1536316 kB
Buffers:           79796 kB
Cached:          1129168 kB
MemTotal:        1844596 kB
MemFree:          441272 kB
MemAvailable:    1535028 kB
Buffers:           79796 kB
Cached:          1129168 kB
MemTotal:        1844596 kB
MemFree:          442580 kB
MemAvailable:    1536336 kB
Buffers:           79796 kB
Cached:          1129168 kB
MemTotal:        1844596 kB
MemFree:          442380 kB
MemAvailable:    1536136 kB
Buffers:           79796 kB
Cached:          1129168 kB
MemTotal:        1844596 kB
MemFree:          442632 kB
MemAvailable:    1536388 kB
Buffers:           79796 kB
Cached:          1129168 kB
MemTotal:        1844596 kB
MemFree:          442512 kB
MemAvailable:    1536268 kB
Buffers:           79796 kB
Cached:          1129168 kB
MemTotal:        1844596 kB
MemFree:          442524 kB
MemAvailable:    1536280 kB
Buffers:           79796 kB
Cached:          1129168 kB
MemTotal:        1844596 kB
MemFree:          441768 kB
MemAvailable:    1535524 kB
Buffers:           79796 kB
Cached:          1129168 kB
MemTotal:        1844596 kB
MemFree:          442460 kB
MemAvailable:    1536216 kB
Buffers:           79796 kB
Cached:          1129168 kB
MemTotal:        1844596 kB
MemFree:          441212 kB
MemAvailable:    1534968 kB
Buffers:           79796 kB
Cached:          1129168 kB
MemTotal:        1844596 kB
MemFree:          442188 kB
MemAvailable:    1535944 kB
Buffers:           79796 kB
Cached:          1129168 kB
MemTotal:        1844596 kB
MemFree:          441892 kB
MemAvailable:    1535648 kB
Buffers:           79796 kB
Cached:          1129168 kB
MemTotal:        1844596 kB
MemFree:          442144 kB
MemAvailable:    1535900 kB
Buffers:           79796 kB
Cached:          1129168 kB
MemTotal:        1844596 kB
MemFree:          441952 kB
MemAvailable:    1535708 kB
Buffers:           79796 kB
Cached:          1129168 kB
MemTotal:        1844596 kB
MemFree:          440652 kB
MemAvailable:    1534408 kB
Buffers:           79796 kB
Cached:          1129168 kB
MemTotal:        1844596 kB
MemFree:          441140 kB
MemAvailable:    1534896 kB
Buffers:           79796 kB
Cached:          1129168 kB
MemTotal:        1844596 kB
MemFree:          441396 kB
MemAvailable:    1535152 kB
Buffers:           79796 kB
Cached:          1129168 kB
MemTotal:        1844596 kB
MemFree:          440636 kB
MemAvailable:    1534392 kB
Buffers:           79796 kB
Cached:          1129168 kB
MemTotal:        1844596 kB
MemFree:          440972 kB
MemAvailable:    1534728 kB
Buffers:           79796 kB
Cached:          1129168 kB
MemTotal:        1844596 kB
MemFree:          440504 kB
MemAvailable:    1534260 kB
Buffers:           79796 kB
Cached:          1129168 kB
MemTotal:        1844596 kB
MemFree:          440032 kB
MemAvailable:    1533788 kB
Buffers:           79796 kB
Cached:          1129168 kB
MemTotal:        1844596 kB
MemFree:          440032 kB
MemAvailable:    1533788 kB
Buffers:           79796 kB
Cached:          1129168 kB
MemTotal:        1844596 kB
MemFree:          439768 kB
MemAvailable:    1533524 kB
Buffers:           79796 kB
Cached:          1129168 kB
MemTotal:        1844596 kB
MemFree:          439768 kB
MemAvailable:    1533524 kB
Buffers:           79796 kB
Cached:          1129168 kB
MemTotal:        1844596 kB
MemFree:          439712 kB
MemAvailable:    1533468 kB
Buffers:           79796 kB
Cached:          1129168 kB
MemTotal:        1844596 kB
MemFree:          438744 kB
MemAvailable:    1532500 kB
Buffers:           79796 kB
Cached:          1129168 kB
MemTotal:        1844596 kB
MemFree:          438736 kB
MemAvailable:    1532492 kB
Buffers:           79796 kB
Cached:          1129168 kB
MemTotal:        1844596 kB
MemFree:          438656 kB
MemAvailable:    1532412 kB
Buffers:           79796 kB
Cached:          1129168 kB
MemTotal:        1844596 kB
MemFree:          439528 kB
MemAvailable:    1533284 kB
Buffers:           79796 kB
Cached:          1129168 kB
MemTotal:        1844596 kB
MemFree:          439048 kB
MemAvailable:    1532804 kB
Buffers:           79796 kB
Cached:          1129168 kB
MemTotal:        1844596 kB
MemFree:          439116 kB
MemAvailable:    1532872 kB
Buffers:           79796 kB
Cached:          1129168 kB
MemTotal:        1844596 kB
MemFree:          437412 kB
MemAvailable:    1531168 kB
Buffers:           79796 kB
Cached:          1129168 kB
MemTotal:        1844596 kB
MemFree:          437412 kB
MemAvailable:    1531168 kB
Buffers:           79796 kB
Cached:          1129168 kB
MemTotal:        1844596 kB
MemFree:          433644 kB
MemAvailable:    1527400 kB
Buffers:           79796 kB
Cached:          1129168 kB
MemTotal:        1844596 kB
MemFree:          430856 kB
MemAvailable:    1524612 kB
Buffers:           79796 kB
Cached:          1129168 kB
MemTotal:        1844596 kB
MemFree:          429112 kB
MemAvailable:    1522868 kB
Buffers:           79796 kB
Cached:          1129168 kB
MemTotal:        1844596 kB
MemFree:          429848 kB
MemAvailable:    1523604 kB
Buffers:           79796 kB
Cached:          1129168 kB
MemTotal:        1844596 kB
MemFree:          429740 kB
MemAvailable:    1523496 kB
Buffers:           79796 kB
Cached:          1129168 kB
MemTotal:        1844596 kB
MemFree:          429684 kB
MemAvailable:    1523440 kB
Buffers:           79796 kB
Cached:          1129168 kB
MemTotal:        1844596 kB
MemFree:          429868 kB
MemAvailable:    1523624 kB
Buffers:           79796 kB
Cached:          1129168 kB
MemTotal:        1844596 kB
MemFree:          428616 kB
MemAvailable:    1522376 kB
Buffers:           79796 kB
Cached:          1129172 kB
MemTotal:        1844596 kB
MemFree:          429304 kB
MemAvailable:    1523064 kB
Buffers:           79796 kB
Cached:          1129172 kB
MemTotal:        1844596 kB
MemFree:          427756 kB
MemAvailable:    1521516 kB
Buffers:           79796 kB
Cached:          1129172 kB
MemTotal:        1844596 kB
MemFree:          427128 kB
MemAvailable:    1520892 kB
Buffers:           79796 kB
Cached:          1129176 kB
MemTotal:        1844596 kB
MemFree:          428352 kB
MemAvailable:    1522116 kB
Buffers:           79796 kB
Cached:          1129176 kB
MemTotal:        1844596 kB
MemFree:          426756 kB
MemAvailable:    1520520 kB
Buffers:           79796 kB
Cached:          1129176 kB
MemTotal:        1844596 kB
MemFree:          426756 kB
MemAvailable:    1520520 kB
Buffers:           79796 kB
Cached:          1129176 kB
MemTotal:        1844596 kB
MemFree:          426880 kB
MemAvailable:    1520644 kB
Buffers:           79796 kB
Cached:          1129176 kB
MemTotal:        1844596 kB
MemFree:          427948 kB
MemAvailable:    1521712 kB
Buffers:           79796 kB
Cached:          1129176 kB
MemTotal:        1844596 kB
MemFree:          428012 kB
MemAvailable:    1521776 kB
Buffers:           79796 kB
Cached:          1129176 kB
MemTotal:        1844596 kB
MemFree:          426880 kB
MemAvailable:    1520644 kB
Buffers:           79796 kB
Cached:          1129176 kB
MemTotal:        1844596 kB
MemFree:          426748 kB
MemAvailable:    1520512 kB
Buffers:           79796 kB
Cached:          1129176 kB
MemTotal:        1844596 kB
MemFree:          426756 kB
MemAvailable:    1520520 kB
Buffers:           79796 kB
Cached:          1129176 kB
MemTotal:        1844596 kB
MemFree:          426748 kB
MemAvailable:    1520512 kB
Buffers:           79796 kB
Cached:          1129176 kB
MemTotal:        1844596 kB
MemFree:          426956 kB
MemAvailable:    1520720 kB
Buffers:           79796 kB
Cached:          1129176 kB
MemTotal:        1844596 kB
MemFree:          427976 kB
MemAvailable:    1521740 kB
Buffers:           79796 kB
Cached:          1129176 kB
MemTotal:        1844596 kB
MemFree:          428128 kB
MemAvailable:    1521892 kB
Buffers:           79796 kB
Cached:          1129176 kB
MemTotal:        1844596 kB
MemFree:          428176 kB
MemAvailable:    1521940 kB
Buffers:           79796 kB
Cached:          1129176 kB
MemTotal:        1844596 kB
MemFree:          428004 kB
MemAvailable:    1521768 kB
Buffers:           79796 kB
Cached:          1129176 kB
MemTotal:        1844596 kB
MemFree:          427244 kB
MemAvailable:    1521008 kB
Buffers:           79796 kB
Cached:          1129176 kB
MemTotal:        1844596 kB
MemFree:          427136 kB
MemAvailable:    1520900 kB
Buffers:           79796 kB
Cached:          1129176 kB
MemTotal:        1844596 kB
MemFree:          423788 kB
MemAvailable:    1517552 kB
Buffers:           79796 kB
Cached:          1129176 kB
MemTotal:        1844596 kB
MemFree:          420796 kB
MemAvailable:    1514560 kB
Buffers:           79796 kB
Cached:          1129176 kB
MemTotal:        1844596 kB
MemFree:          420068 kB
MemAvailable:    1513832 kB
Buffers:           79796 kB
Cached:          1129176 kB
MemTotal:        1844596 kB
MemFree:          417588 kB
MemAvailable:    1511352 kB
Buffers:           79796 kB
Cached:          1129176 kB
MemTotal:        1844596 kB
MemFree:          414860 kB
MemAvailable:    1508624 kB
Buffers:           79796 kB
Cached:          1129176 kB
MemTotal:        1844596 kB
MemFree:          414976 kB
MemAvailable:    1508740 kB
Buffers:           79796 kB
Cached:          1129176 kB
MemTotal:        1844596 kB
MemFree:          414592 kB
MemAvailable:    1508356 kB
Buffers:           79796 kB
Cached:          1129176 kB
MemTotal:        1844596 kB
MemFree:          414676 kB
MemAvailable:    1508440 kB
Buffers:           79796 kB
Cached:          1129176 kB
MemTotal:        1844596 kB
MemFree:          415224 kB
MemAvailable:    1508988 kB
Buffers:           79796 kB
Cached:          1129176 kB
MemTotal:        1844596 kB
MemFree:          415976 kB
MemAvailable:    1509740 kB
Buffers:           79796 kB
Cached:          1129176 kB
MemTotal:        1844596 kB
MemFree:          415952 kB
MemAvailable:    1509716 kB
Buffers:           79796 kB
Cached:          1129176 kB
MemTotal:        1844596 kB
MemFree:          415348 kB
MemAvailable:    1509112 kB
Buffers:           79796 kB
Cached:          1129176 kB
MemTotal:        1844596 kB
MemFree:          415812 kB
MemAvailable:    1509576 kB
Buffers:           79796 kB
Cached:          1129176 kB
MemTotal:        1844596 kB
MemFree:          414564 kB
MemAvailable:    1508328 kB
Buffers:           79796 kB
Cached:          1129176 kB
MemTotal:        1844596 kB
MemFree:          415284 kB
MemAvailable:    1509048 kB
Buffers:           79796 kB
Cached:          1129176 kB
MemTotal:        1844596 kB
MemFree:          415540 kB
MemAvailable:    1509304 kB
Buffers:           79800 kB
Cached:          1129172 kB
MemTotal:        1844596 kB
MemFree:          414168 kB
MemAvailable:    1507932 kB
Buffers:           79800 kB
Cached:          1129172 kB
MemTotal:        1844596 kB
MemFree:          414292 kB
MemAvailable:    1508056 kB
Buffers:           79800 kB
Cached:          1129172 kB
MemTotal:        1844596 kB
MemFree:          415292 kB
MemAvailable:    1509056 kB
Buffers:           79800 kB
Cached:          1129172 kB
MemTotal:        1844596 kB
MemFree:          415536 kB
MemAvailable:    1509300 kB
Buffers:           79800 kB
Cached:          1129172 kB
MemTotal:        1844596 kB
MemFree:          414612 kB
MemAvailable:    1508376 kB
Buffers:           79800 kB
Cached:          1129172 kB
MemTotal:        1844596 kB
MemFree:          415092 kB
MemAvailable:    1508864 kB
Buffers:           79800 kB
Cached:          1129180 kB
MemTotal:        1844596 kB
MemFree:          415428 kB
MemAvailable:    1509200 kB
Buffers:           79800 kB
Cached:          1129180 kB
MemTotal:        1844596 kB
MemFree:          415216 kB
MemAvailable:    1508988 kB
Buffers:           79800 kB
Cached:          1129180 kB
MemTotal:        1844596 kB
MemFree:          415468 kB
MemAvailable:    1509240 kB
Buffers:           79800 kB
Cached:          1129180 kB
MemTotal:        1844596 kB
MemFree:          415344 kB
MemAvailable:    1509116 kB
Buffers:           79800 kB
Cached:          1129180 kB
MemTotal:        1844596 kB
MemFree:          414056 kB
MemAvailable:    1507828 kB
Buffers:           79800 kB
Cached:          1129180 kB
MemTotal:        1844596 kB
MemFree:          415448 kB
MemAvailable:    1509220 kB
Buffers:           79800 kB
Cached:          1129180 kB
MemTotal:        1844596 kB
MemFree:          415152 kB
MemAvailable:    1508924 kB
Buffers:           79800 kB
Cached:          1129180 kB
MemTotal:        1844596 kB
MemFree:          415404 kB
MemAvailable:    1509176 kB
Buffers:           79800 kB
Cached:          1129180 kB
MemTotal:        1844596 kB
MemFree:          415344 kB
MemAvailable:    1509116 kB
Buffers:           79800 kB
Cached:          1129180 kB
MemTotal:        1844596 kB
MemFree:          415416 kB
MemAvailable:    1509188 kB
Buffers:           79800 kB
Cached:          1129180 kB
MemTotal:        1844596 kB
MemFree:          414736 kB
MemAvailable:    1508508 kB
Buffers:           79800 kB
Cached:          1129180 kB
MemTotal:        1844596 kB
MemFree:          415268 kB
MemAvailable:    1509040 kB
Buffers:           79800 kB
Cached:          1129180 kB
MemTotal:        1844596 kB
MemFree:          415488 kB
MemAvailable:    1509260 kB
Buffers:           79800 kB
Cached:          1129180 kB
MemTotal:        1844596 kB
MemFree:          415176 kB
MemAvailable:    1508948 kB
Buffers:           79800 kB
Cached:          1129180 kB
MemTotal:        1844596 kB
MemFree:          415432 kB
MemAvailable:    1509204 kB
Buffers:           79800 kB
Cached:          1129180 kB
MemTotal:        1844596 kB
MemFree:          413852 kB
MemAvailable:    1507624 kB
Buffers:           79800 kB
Cached:          1129180 kB
MemTotal:        1844596 kB
MemFree:          413620 kB
MemAvailable:    1507392 kB
Buffers:           79800 kB
Cached:          1129180 kB
MemTotal:        1844596 kB
MemFree:          408968 kB
MemAvailable:    1502740 kB
Buffers:           79800 kB
Cached:          1129180 kB
MemTotal:        1844596 kB
MemFree:          404568 kB
MemAvailable:    1498340 kB
Buffers:           79800 kB
Cached:          1129180 kB
MemTotal:        1844596 kB
MemFree:          405056 kB
MemAvailable:    1498828 kB
Buffers:           79800 kB
Cached:          1129180 kB
MemTotal:        1844596 kB
MemFree:          404912 kB
MemAvailable:    1498684 kB
Buffers:           79800 kB
Cached:          1129180 kB
MemTotal:        1844596 kB
MemFree:          405064 kB
MemAvailable:    1498836 kB
Buffers:           79800 kB
Cached:          1129180 kB
MemTotal:        1844596 kB
MemFree:          404760 kB
MemAvailable:    1498532 kB
Buffers:           79800 kB
Cached:          1129180 kB
MemTotal:        1844596 kB
MemFree:          403768 kB
MemAvailable:    1497540 kB
Buffers:           79800 kB
Cached:          1129180 kB
MemTotal:        1844596 kB
MemFree:          403760 kB
MemAvailable:    1497532 kB
Buffers:           79800 kB
Cached:          1129180 kB
MemTotal:        1844596 kB
MemFree:          403768 kB
MemAvailable:    1497540 kB
Buffers:           79800 kB
Cached:          1129180 kB
MemTotal:        1844596 kB
MemFree:          405068 kB
MemAvailable:    1498840 kB
Buffers:           79800 kB
Cached:          1129180 kB
MemTotal:        1844596 kB
MemFree:          404864 kB
MemAvailable:    1498636 kB
Buffers:           79800 kB
Cached:          1129180 kB
MemTotal:        1844596 kB
MemFree:          404940 kB
MemAvailable:    1498712 kB
Buffers:           79800 kB
Cached:          1129180 kB
MemTotal:        1844596 kB
MemFree:          403680 kB
MemAvailable:    1497452 kB
Buffers:           79800 kB
Cached:          1129180 kB
MemTotal:        1844596 kB
MemFree:          405176 kB
MemAvailable:    1498948 kB
Buffers:           79800 kB
Cached:          1129180 kB
MemTotal:        1844596 kB
MemFree:          405168 kB
MemAvailable:    1498940 kB
Buffers:           79800 kB
Cached:          1129180 kB
MemTotal:        1844596 kB
MemFree:          404676 kB
MemAvailable:    1498452 kB
Buffers:           79800 kB
Cached:          1129184 kB
MemTotal:        1844596 kB
MemFree:          404444 kB
MemAvailable:    1498220 kB
Buffers:           79800 kB
Cached:          1129184 kB
MemTotal:        1844596 kB
MemFree:          402824 kB
MemAvailable:    1496600 kB
Buffers:           79800 kB
Cached:          1129184 kB
MemTotal:        1844596 kB
MemFree:          403652 kB
MemAvailable:    1497428 kB
Buffers:           79800 kB
Cached:          1129184 kB
MemTotal:        1844596 kB
MemFree:          403320 kB
MemAvailable:    1497096 kB
Buffers:           79800 kB
Cached:          1129184 kB
MemTotal:        1844596 kB
MemFree:          402692 kB
MemAvailable:    1496468 kB
Buffers:           79800 kB
Cached:          1129184 kB
MemTotal:        1844596 kB
MemFree:          402776 kB
MemAvailable:    1496552 kB
Buffers:           79800 kB
Cached:          1129184 kB
MemTotal:        1844596 kB
MemFree:          401448 kB
MemAvailable:    1495224 kB
Buffers:           79800 kB
Cached:          1129184 kB
MemTotal:        1844596 kB
MemFree:          402696 kB
MemAvailable:    1496472 kB
Buffers:           79800 kB
Cached:          1129184 kB
MemTotal:        1844596 kB
MemFree:          401524 kB
MemAvailable:    1495300 kB
Buffers:           79800 kB
Cached:          1129184 kB
MemTotal:        1844596 kB
MemFree:          402652 kB
MemAvailable:    1496428 kB
Buffers:           79800 kB
Cached:          1129184 kB
MemTotal:        1844596 kB
MemFree:          402820 kB
MemAvailable:    1496596 kB
Buffers:           79800 kB
Cached:          1129184 kB
MemTotal:        1844596 kB
MemFree:          401448 kB
MemAvailable:    1495224 kB
Buffers:           79800 kB
Cached:          1129184 kB
MemTotal:        1844596 kB
MemFree:          402696 kB
MemAvailable:    1496472 kB
Buffers:           79800 kB
Cached:          1129184 kB
MemTotal:        1844596 kB
MemFree:          401400 kB
MemAvailable:    1495176 kB
Buffers:           79800 kB
Cached:          1129184 kB
MemTotal:        1844596 kB
MemFree:          402960 kB
MemAvailable:    1496736 kB
Buffers:           79800 kB
Cached:          1129184 kB
MemTotal:        1844596 kB
MemFree:          402284 kB
MemAvailable:    1496060 kB
Buffers:           79800 kB
Cached:          1129184 kB
MemTotal:        1844596 kB
MemFree:          402528 kB
MemAvailable:    1496308 kB
Buffers:           79800 kB
Cached:          1129188 kB
MemTotal:        1844596 kB
MemFree:          401884 kB
MemAvailable:    1495664 kB
Buffers:           79800 kB
Cached:          1129188 kB
MemTotal:        1844596 kB
MemFree:          402584 kB
MemAvailable:    1496364 kB
Buffers:           79800 kB
Cached:          1129188 kB
MemTotal:        1844596 kB
MemFree:          401668 kB
MemAvailable:    1495448 kB
Buffers:           79800 kB
Cached:          1129188 kB
MemTotal:        1844596 kB
MemFree:          401336 kB
MemAvailable:    1495116 kB
Buffers:           79800 kB
Cached:          1129188 kB
MemTotal:        1844596 kB
MemFree:          402652 kB
MemAvailable:    1496432 kB
Buffers:           79800 kB
Cached:          1129188 kB
MemTotal:        1844596 kB
MemFree:          402908 kB
MemAvailable:    1496688 kB
Buffers:           79800 kB
Cached:          1129188 kB
MemTotal:        1844596 kB
MemFree:          402712 kB
MemAvailable:    1496492 kB
Buffers:           79800 kB
Cached:          1129188 kB
MemTotal:        1844596 kB
MemFree:          401652 kB
MemAvailable:    1495432 kB
Buffers:           79800 kB
Cached:          1129188 kB
MemTotal:        1844596 kB
MemFree:          401520 kB
MemAvailable:    1495300 kB
Buffers:           79800 kB
Cached:          1129188 kB
MemTotal:        1844596 kB
MemFree:          401652 kB
MemAvailable:    1495432 kB
Buffers:           79800 kB
Cached:          1129188 kB
MemTotal:        1844596 kB
MemFree:          401520 kB
MemAvailable:    1495300 kB
Buffers:           79800 kB
Cached:          1129188 kB
MemTotal:        1844596 kB
MemFree:          402880 kB
MemAvailable:    1496660 kB
Buffers:           79800 kB
Cached:          1129188 kB
MemTotal:        1844596 kB
MemFree:          402880 kB
MemAvailable:    1496660 kB
Buffers:           79800 kB
Cached:          1129188 kB
MemTotal:        1844596 kB
MemFree:          396856 kB
MemAvailable:    1490636 kB
Buffers:           79800 kB
Cached:          1129188 kB
MemTotal:        1844596 kB
MemFree:          396508 kB
MemAvailable:    1490288 kB
Buffers:           79800 kB
Cached:          1129188 kB
MemTotal:        1844596 kB
MemFree:          393036 kB
MemAvailable:    1486816 kB
Buffers:           79800 kB
Cached:          1129188 kB
MemTotal:        1844596 kB
MemFree:          390308 kB
MemAvailable:    1484088 kB
Buffers:           79800 kB
Cached:          1129188 kB
MemTotal:        1844596 kB
MemFree:          389856 kB
MemAvailable:    1483636 kB
Buffers:           79800 kB
Cached:          1129188 kB
MemTotal:        1844596 kB
MemFree:          388944 kB
MemAvailable:    1482724 kB
Buffers:           79800 kB
Cached:          1129188 kB
MemTotal:        1844596 kB
MemFree:          389924 kB
MemAvailable:    1483704 kB
Buffers:           79800 kB
Cached:          1129188 kB
MemTotal:        1844596 kB
MemFree:          388428 kB
MemAvailable:    1482208 kB
Buffers:           79800 kB
Cached:          1129188 kB
MemTotal:        1844596 kB
MemFree:          388420 kB
MemAvailable:    1482200 kB
Buffers:           79800 kB
Cached:          1129188 kB
MemTotal:        1844596 kB
MemFree:          389464 kB
MemAvailable:    1483244 kB
Buffers:           79800 kB
Cached:          1129188 kB
MemTotal:        1844596 kB
MemFree:          389488 kB
MemAvailable:    1483268 kB
Buffers:           79800 kB
Cached:          1129188 kB
MemTotal:        1844596 kB
MemFree:          389656 kB
MemAvailable:    1483436 kB
Buffers:           79800 kB
Cached:          1129188 kB
MemTotal:        1844596 kB
MemFree:          388144 kB
MemAvailable:    1481924 kB
Buffers:           79800 kB
Cached:          1129188 kB
MemTotal:        1844596 kB
MemFree:          389252 kB
MemAvailable:    1483032 kB
Buffers:           79800 kB
Cached:          1129188 kB
MemTotal:        1844596 kB
MemFree:          389504 kB
MemAvailable:    1483284 kB
Buffers:           79800 kB
Cached:          1129188 kB
MemTotal:        1844596 kB
MemFree:          389488 kB
MemAvailable:    1483268 kB
Buffers:           79800 kB
Cached:          1129188 kB
MemTotal:        1844596 kB
MemFree:          388008 kB
MemAvailable:    1481788 kB
Buffers:           79800 kB
Cached:          1129188 kB
MemTotal:        1844596 kB
MemFree:          389672 kB
MemAvailable:    1483452 kB
Buffers:           79800 kB
Cached:          1129188 kB
MemTotal:        1844596 kB
MemFree:          388260 kB
MemAvailable:    1482040 kB
Buffers:           79800 kB
Cached:          1129188 kB
MemTotal:        1844596 kB
MemFree:          389220 kB
MemAvailable:    1483000 kB
Buffers:           79800 kB
Cached:          1129188 kB
MemTotal:        1844596 kB
MemFree:          389220 kB
MemAvailable:    1483000 kB
Buffers:           79800 kB
Cached:          1129188 kB
MemTotal:        1844596 kB
MemFree:          389320 kB
MemAvailable:    1483100 kB
Buffers:           79800 kB
Cached:          1129188 kB
MemTotal:        1844596 kB
MemFree:          388144 kB
MemAvailable:    1481924 kB
Buffers:           79800 kB
Cached:          1129188 kB
MemTotal:        1844596 kB
MemFree:          388428 kB
MemAvailable:    1482208 kB
Buffers:           79800 kB
Cached:          1129188 kB
MemTotal:        1844596 kB
MemFree:          389296 kB
MemAvailable:    1483076 kB
Buffers:           79800 kB
Cached:          1129188 kB
MemTotal:        1844596 kB
MemFree:          389284 kB
MemAvailable:    1483064 kB
Buffers:           79800 kB
Cached:          1129188 kB
MemTotal:        1844596 kB
MemFree:          389448 kB
MemAvailable:    1483228 kB
Buffers:           79800 kB
Cached:          1129188 kB
MemTotal:        1844596 kB
MemFree:          388020 kB
MemAvailable:    1481800 kB
Buffers:           79800 kB
Cached:          1129188 kB
MemTotal:        1844596 kB
MemFree:          389300 kB
MemAvailable:    1483080 kB
Buffers:           79800 kB
Cached:          1129188 kB
MemTotal:        1844596 kB
MemFree:          389512 kB
MemAvailable:    1483292 kB
Buffers:           79800 kB
Cached:          1129188 kB
MemTotal:        1844596 kB
MemFree:          388020 kB
MemAvailable:    1481800 kB
Buffers:           79800 kB
Cached:          1129188 kB
MemTotal:        1844596 kB
MemFree:          389320 kB
MemAvailable:    1483100 kB
Buffers:           79800 kB
Cached:          1129188 kB
MemTotal:        1844596 kB
MemFree:          388796 kB
MemAvailable:    1482576 kB
Buffers:           79800 kB
Cached:          1129188 kB
MemTotal:        1844596 kB
MemFree:          388572 kB
MemAvailable:    1482352 kB
Buffers:           79800 kB
Cached:          1129188 kB
MemTotal:        1844596 kB
MemFree:          387308 kB
MemAvailable:    1481088 kB
Buffers:           79800 kB
Cached:          1129188 kB
MemTotal:        1844596 kB
MemFree:          387440 kB
MemAvailable:    1481220 kB
Buffers:           79800 kB
Cached:          1129188 kB
MemTotal:        1844596 kB
MemFree:          387308 kB
MemAvailable:    1481088 kB
Buffers:           79800 kB
Cached:          1129188 kB
MemTotal:        1844596 kB
MemFree:          387176 kB
MemAvailable:    1480956 kB
Buffers:           79800 kB
Cached:          1129188 kB
MemTotal:        1844596 kB
MemFree:          388284 kB
MemAvailable:    1482064 kB
Buffers:           79800 kB
Cached:          1129188 kB
MemTotal:        1844596 kB
MemFree:          388536 kB
MemAvailable:    1482316 kB
Buffers:           79800 kB
Cached:          1129188 kB
MemTotal:        1844596 kB
MemFree:          385656 kB
MemAvailable:    1479436 kB
Buffers:           79800 kB
Cached:          1129188 kB
MemTotal:        1844596 kB
MemFree:          381488 kB
MemAvailable:    1475276 kB
Buffers:           79800 kB
Cached:          1129196 kB
MemTotal:        1844596 kB
MemFree:          381256 kB
MemAvailable:    1475044 kB
Buffers:           79800 kB
Cached:          1129196 kB
MemTotal:        1844596 kB
MemFree:          379952 kB
MemAvailable:    1473740 kB
Buffers:           79800 kB
Cached:          1129196 kB
MemTotal:        1844596 kB
MemFree:          378520 kB
MemAvailable:    1472308 kB
Buffers:           79800 kB
Cached:          1129196 kB
MemTotal:        1844596 kB
MemFree:          378512 kB
MemAvailable:    1472300 kB
Buffers:           79800 kB
Cached:          1129196 kB
MemTotal:        1844596 kB
MemFree:          376296 kB
MemAvailable:    1470084 kB
Buffers:           79800 kB
Cached:          1129196 kB
MemTotal:        1844596 kB
MemFree:          375792 kB
MemAvailable:    1469580 kB
Buffers:           79800 kB
Cached:          1129196 kB
MemTotal:        1844596 kB
MemFree:          374552 kB
MemAvailable:    1468340 kB
Buffers:           79800 kB
Cached:          1129196 kB
MemTotal:        1844596 kB
MemFree:          374924 kB
MemAvailable:    1468712 kB
Buffers:           79800 kB
Cached:          1129196 kB
MemTotal:        1844596 kB
MemFree:          375800 kB
MemAvailable:    1469588 kB
Buffers:           79800 kB
Cached:          1129196 kB
MemTotal:        1844596 kB
MemFree:          375544 kB
MemAvailable:    1469332 kB
Buffers:           79800 kB
Cached:          1129196 kB
MemTotal:        1844596 kB
MemFree:          375796 kB
MemAvailable:    1469584 kB
Buffers:           79800 kB
Cached:          1129196 kB
MemTotal:        1844596 kB
MemFree:          374256 kB
MemAvailable:    1468044 kB
Buffers:           79800 kB
Cached:          1129196 kB
MemTotal:        1844596 kB
MemFree:          374920 kB
MemAvailable:    1468708 kB
Buffers:           79800 kB
Cached:          1129196 kB
MemTotal:        1844596 kB
MemFree:          374188 kB
MemAvailable:    1467976 kB
Buffers:           79800 kB
Cached:          1129196 kB
MemTotal:        1844596 kB
MemFree:          375440 kB
MemAvailable:    1469228 kB
Buffers:           79800 kB
Cached:          1129196 kB
MemTotal:        1844596 kB
MemFree:          375240 kB
MemAvailable:    1469028 kB
Buffers:           79800 kB
Cached:          1129196 kB
MemTotal:        1844596 kB
MemFree:          375324 kB
MemAvailable:    1469112 kB
Buffers:           79800 kB
Cached:          1129196 kB
MemTotal:        1844596 kB
MemFree:          374252 kB
MemAvailable:    1468040 kB
Buffers:           79800 kB
Cached:          1129196 kB
MemTotal:        1844596 kB
MemFree:          375500 kB
MemAvailable:    1469288 kB
Buffers:           79800 kB
Cached:          1129196 kB
MemTotal:        1844596 kB
MemFree:          374296 kB
MemAvailable:    1468084 kB
Buffers:           79800 kB
Cached:          1129196 kB
MemTotal:        1844596 kB
MemFree:          374296 kB
MemAvailable:    1468084 kB
Buffers:           79800 kB
Cached:          1129196 kB
MemTotal:        1844596 kB
MemFree:          374312 kB
MemAvailable:    1468100 kB
Buffers:           79800 kB
Cached:          1129196 kB
MemTotal:        1844596 kB
MemFree:          375720 kB
MemAvailable:    1469508 kB
Buffers:           79800 kB
Cached:          1129196 kB
MemTotal:        1844596 kB
MemFree:          374940 kB
MemAvailable:    1468728 kB
Buffers:           79800 kB
Cached:          1129196 kB
MemTotal:        1844596 kB
MemFree:          374180 kB
MemAvailable:    1467972 kB
Buffers:           79800 kB
Cached:          1129200 kB
MemTotal:        1844596 kB
MemFree:          375428 kB
MemAvailable:    1469220 kB
Buffers:           79800 kB
Cached:          1129200 kB
MemTotal:        1844596 kB
MemFree:          375488 kB
MemAvailable:    1469280 kB
Buffers:           79800 kB
Cached:          1129200 kB
MemTotal:        1844596 kB
MemFree:          375488 kB
MemAvailable:    1469280 kB
Buffers:           79800 kB
Cached:          1129200 kB
MemTotal:        1844596 kB
MemFree:          375288 kB
MemAvailable:    1469080 kB
Buffers:           79800 kB
Cached:          1129200 kB
MemTotal:        1844596 kB
MemFree:          375628 kB
MemAvailable:    1469420 kB
Buffers:           79800 kB
Cached:          1129200 kB
MemTotal:        1844596 kB
MemFree:          374412 kB
MemAvailable:    1468204 kB
Buffers:           79800 kB
Cached:          1129200 kB
MemTotal:        1844596 kB
MemFree:          374544 kB
MemAvailable:    1468336 kB
Buffers:           79800 kB
Cached:          1129200 kB
MemTotal:        1844596 kB
MemFree:          375556 kB
MemAvailable:    1469348 kB
Buffers:           79800 kB
Cached:          1129200 kB
MemTotal:        1844596 kB
MemFree:          374684 kB
MemAvailable:    1468476 kB
Buffers:           79800 kB
Cached:          1129200 kB
MemTotal:        1844596 kB
MemFree:          375456 kB
MemAvailable:    1469248 kB
Buffers:           79800 kB
Cached:          1129200 kB
MemTotal:        1844596 kB
MemFree:          375304 kB
MemAvailable:    1469096 kB
Buffers:           79800 kB
Cached:          1129200 kB
MemTotal:        1844596 kB
MemFree:          374288 kB
MemAvailable:    1468080 kB
Buffers:           79800 kB
Cached:          1129200 kB
MemTotal:        1844596 kB
MemFree:          374288 kB
MemAvailable:    1468080 kB
Buffers:           79800 kB
Cached:          1129200 kB
MemTotal:        1844596 kB
MemFree:          375660 kB
MemAvailable:    1469452 kB
Buffers:           79800 kB
Cached:          1129200 kB
MemTotal:        1844596 kB
MemFree:          375412 kB
MemAvailable:    1469204 kB
Buffers:           79800 kB
Cached:          1129200 kB
MemTotal:        1844596 kB
MemFree:          375592 kB
MemAvailable:    1469384 kB
Buffers:           79800 kB
Cached:          1129200 kB
MemTotal:        1844596 kB
MemFree:          375388 kB
MemAvailable:    1469180 kB
Buffers:           79800 kB
Cached:          1129200 kB
MemTotal:        1844596 kB
MemFree:          375552 kB
MemAvailable:    1469344 kB
Buffers:           79800 kB
Cached:          1129200 kB
MemTotal:        1844596 kB
MemFree:          374168 kB
MemAvailable:    1467960 kB
Buffers:           79800 kB
Cached:          1129200 kB
MemTotal:        1844596 kB
MemFree:          375664 kB
MemAvailable:    1469456 kB
Buffers:           79800 kB
Cached:          1129200 kB
MemTotal:        1844596 kB
MemFree:          375656 kB
MemAvailable:    1469448 kB
Buffers:           79800 kB
Cached:          1129200 kB
MemTotal:        1844596 kB
MemFree:          374120 kB
MemAvailable:    1467912 kB
Buffers:           79800 kB
Cached:          1129200 kB
MemTotal:        1844596 kB
MemFree:          374800 kB
MemAvailable:    1468592 kB
Buffers:           79800 kB
Cached:          1129200 kB
MemTotal:        1844596 kB
MemFree:          375468 kB
MemAvailable:    1469260 kB
Buffers:           79800 kB
Cached:          1129200 kB
MemTotal:        1844596 kB
MemFree:          374188 kB
MemAvailable:    1467980 kB
Buffers:           79800 kB
Cached:          1129200 kB
MemTotal:        1844596 kB
MemFree:          374180 kB
MemAvailable:    1467972 kB
Buffers:           79800 kB
Cached:          1129200 kB
MemTotal:        1844596 kB
MemFree:          374064 kB
MemAvailable:    1467856 kB
Buffers:           79800 kB
Cached:          1129200 kB
MemTotal:        1844596 kB
MemFree:          369228 kB
MemAvailable:    1463020 kB
Buffers:           79800 kB
Cached:          1129200 kB
MemTotal:        1844596 kB
MemFree:          376736 kB
MemAvailable:    1470528 kB
Buffers:           79800 kB
Cached:          1129200 kB
MemTotal:        1844596 kB
MemFree:          373940 kB
MemAvailable:    1467732 kB
Buffers:           79800 kB
Cached:          1129200 kB
MemTotal:        1844596 kB
MemFree:          369768 kB
MemAvailable:    1463560 kB
Buffers:           79800 kB
Cached:          1129200 kB
MemTotal:        1844596 kB
MemFree:          368484 kB
MemAvailable:    1462276 kB
Buffers:           79800 kB
Cached:          1129200 kB
MemTotal:        1844596 kB
MemFree:          368092 kB
MemAvailable:    1461884 kB
Buffers:           79800 kB
Cached:          1129200 kB
MemTotal:        1844596 kB
MemFree:          367988 kB
MemAvailable:    1461780 kB
Buffers:           79800 kB
Cached:          1129200 kB
MemTotal:        1844596 kB
MemFree:          369264 kB
MemAvailable:    1463056 kB
Buffers:           79800 kB
Cached:          1129200 kB
MemTotal:        1844596 kB
MemFree:          367816 kB
MemAvailable:    1461608 kB
Buffers:           79800 kB
Cached:          1129200 kB
MemTotal:        1844596 kB
MemFree:          367980 kB
MemAvailable:    1461772 kB
Buffers:           79800 kB
Cached:          1129200 kB
MemTotal:        1844596 kB
MemFree:          368156 kB
MemAvailable:    1461948 kB
Buffers:           79800 kB
Cached:          1129200 kB
MemTotal:        1844596 kB
MemFree:          367932 kB
MemAvailable:    1461724 kB
Buffers:           79800 kB
Cached:          1129200 kB
MemTotal:        1844596 kB
MemFree:          368064 kB
MemAvailable:    1461856 kB
Buffers:           79800 kB
Cached:          1129200 kB
MemTotal:        1844596 kB
MemFree:          368436 kB
MemAvailable:    1462228 kB
Buffers:           79800 kB
Cached:          1129200 kB
MemTotal:        1844596 kB
MemFree:          369396 kB
MemAvailable:    1463188 kB
Buffers:           79800 kB
Cached:          1129200 kB
MemTotal:        1844596 kB
MemFree:          369420 kB
MemAvailable:    1463212 kB
Buffers:           79800 kB
Cached:          1129200 kB
MemTotal:        1844596 kB
MemFree:          368064 kB
MemAvailable:    1461856 kB
Buffers:           79800 kB
Cached:          1129200 kB
MemTotal:        1844596 kB
MemFree:          369468 kB
MemAvailable:    1463264 kB
Buffers:           79800 kB
Cached:          1129204 kB
MemTotal:        1844596 kB
MemFree:          369208 kB
MemAvailable:    1463004 kB
Buffers:           79800 kB
Cached:          1129204 kB
MemTotal:        1844596 kB
MemFree:          369288 kB
MemAvailable:    1463084 kB
Buffers:           79800 kB
Cached:          1129204 kB
MemTotal:        1844596 kB
MemFree:          368112 kB
MemAvailable:    1461908 kB
Buffers:           79800 kB
Cached:          1129204 kB
MemTotal:        1844596 kB
MemFree:          369228 kB
MemAvailable:    1463024 kB
Buffers:           79800 kB
Cached:          1129204 kB
MemTotal:        1844596 kB
MemFree:          367988 kB
MemAvailable:    1461784 kB
Buffers:           79800 kB
Cached:          1129204 kB
MemTotal:        1844596 kB
MemFree:          368072 kB
MemAvailable:    1461868 kB
Buffers:           79800 kB
Cached:          1129204 kB
MemTotal:        1844596 kB
MemFree:          367940 kB
MemAvailable:    1461736 kB
Buffers:           79800 kB
Cached:          1129204 kB
MemTotal:        1844596 kB
MemFree:          367940 kB
MemAvailable:    1461736 kB
Buffers:           79800 kB
Cached:          1129204 kB
MemTotal:        1844596 kB
MemFree:          369212 kB
MemAvailable:    1463008 kB
Buffers:           79800 kB
Cached:          1129204 kB
MemTotal:        1844596 kB
MemFree:          369228 kB
MemAvailable:    1463024 kB
Buffers:           79800 kB
Cached:          1129204 kB
MemTotal:        1844596 kB
MemFree:          369340 kB
MemAvailable:    1463136 kB
Buffers:           79800 kB
Cached:          1129204 kB
MemTotal:        1844596 kB
MemFree:          369416 kB
MemAvailable:    1463212 kB
Buffers:           79800 kB
Cached:          1129204 kB
MemTotal:        1844596 kB
MemFree:          369288 kB
MemAvailable:    1463084 kB
Buffers:           79800 kB
Cached:          1129204 kB
MemTotal:        1844596 kB
MemFree:          369088 kB
MemAvailable:    1462884 kB
Buffers:           79800 kB
Cached:          1129204 kB
MemTotal:        1844596 kB
MemFree:          369424 kB
MemAvailable:    1463220 kB
Buffers:           79800 kB
Cached:          1129204 kB
MemTotal:        1844596 kB
MemFree:          369216 kB
MemAvailable:    1463012 kB
Buffers:           79800 kB
Cached:          1129204 kB
MemTotal:        1844596 kB
MemFree:          368112 kB
MemAvailable:    1461908 kB
Buffers:           79800 kB
Cached:          1129204 kB
MemTotal:        1844596 kB
MemFree:          367988 kB
MemAvailable:    1461784 kB
Buffers:           79800 kB
Cached:          1129204 kB
MemTotal:        1844596 kB
MemFree:          369392 kB
MemAvailable:    1463188 kB
Buffers:           79800 kB
Cached:          1129204 kB
MemTotal:        1844596 kB
MemFree:          369300 kB
MemAvailable:    1463096 kB
Buffers:           79800 kB
Cached:          1129204 kB
MemTotal:        1844596 kB
MemFree:          367980 kB
MemAvailable:    1461776 kB
Buffers:           79800 kB
Cached:          1129204 kB
MemTotal:        1844596 kB
MemFree:          367816 kB
MemAvailable:    1461612 kB
Buffers:           79800 kB
Cached:          1129204 kB
MemTotal:        1844596 kB
MemFree:          369272 kB
MemAvailable:    1463068 kB
Buffers:           79800 kB
Cached:          1129204 kB
MemTotal:        1844596 kB
MemFree:          368896 kB
MemAvailable:    1462692 kB
Buffers:           79800 kB
Cached:          1129204 kB
MemTotal:        1844596 kB
MemFree:          367548 kB
MemAvailable:    1461344 kB
Buffers:           79800 kB
Cached:          1129204 kB
MemTotal:        1844596 kB
MemFree:          367292 kB
MemAvailable:    1461088 kB
Buffers:           79800 kB
Cached:          1129204 kB
MemTotal:        1844596 kB
MemFree:          367284 kB
MemAvailable:    1461080 kB
Buffers:           79800 kB
Cached:          1129204 kB
MemTotal:        1844596 kB
MemFree:          367244 kB
MemAvailable:    1461040 kB
Buffers:           79800 kB
Cached:          1129204 kB
MemTotal:        1844596 kB
MemFree:          368364 kB
MemAvailable:    1462160 kB
Buffers:           79800 kB
Cached:          1129204 kB
MemTotal:        1844596 kB
MemFree:          367232 kB
MemAvailable:    1461028 kB
Buffers:           79800 kB
Cached:          1129204 kB
MemTotal:        1844596 kB
MemFree:          366976 kB
MemAvailable:    1460772 kB
Buffers:           79800 kB
Cached:          1129204 kB
MemTotal:        1844596 kB
MemFree:          367216 kB
MemAvailable:    1461012 kB
Buffers:           79800 kB
Cached:          1129204 kB
MemTotal:        1844596 kB
MemFree:          366616 kB
MemAvailable:    1460412 kB
Buffers:           79800 kB
Cached:          1129204 kB
MemTotal:        1844596 kB
MemFree:          367972 kB
MemAvailable:    1461768 kB
Buffers:           79800 kB
Cached:          1129204 kB
MemTotal:        1844596 kB
MemFree:          366584 kB
MemAvailable:    1460380 kB
Buffers:           79800 kB
Cached:          1129204 kB
MemTotal:        1844596 kB
MemFree:          366368 kB
MemAvailable:    1460164 kB
Buffers:           79800 kB
Cached:          1129204 kB
MemTotal:        1844596 kB
MemFree:          366376 kB
MemAvailable:    1460172 kB
Buffers:           79800 kB
Cached:          1129204 kB
MemTotal:        1844596 kB
MemFree:          367444 kB
MemAvailable:    1461240 kB
Buffers:           79800 kB
Cached:          1129204 kB
MemTotal:        1844596 kB
MemFree:          365992 kB
MemAvailable:    1459788 kB
Buffers:           79800 kB
Cached:          1129204 kB
MemTotal:        1844596 kB
MemFree:          366108 kB
MemAvailable:    1459904 kB
Buffers:           79800 kB
Cached:          1129204 kB
MemTotal:        1844596 kB
MemFree:          368032 kB
MemAvailable:    1461828 kB
Buffers:           79800 kB
Cached:          1129204 kB
MemTotal:        1844596 kB
MemFree:          369240 kB
MemAvailable:    1463036 kB
Buffers:           79800 kB
Cached:          1129204 kB
MemTotal:        1844596 kB
MemFree:          367984 kB
MemAvailable:    1461780 kB
Buffers:           79800 kB
Cached:          1129204 kB
MemTotal:        1844596 kB
MemFree:          369168 kB
MemAvailable:    1462964 kB
Buffers:           79800 kB
Cached:          1129204 kB
MemTotal:        1844596 kB
MemFree:          369420 kB
MemAvailable:    1463216 kB
Buffers:           79800 kB
Cached:          1129204 kB
MemTotal:        1844596 kB
MemFree:          369148 kB
MemAvailable:    1462944 kB
Buffers:           79800 kB
Cached:          1129204 kB
MemTotal:        1844596 kB
MemFree:          369032 kB
MemAvailable:    1462828 kB
Buffers:           79800 kB
Cached:          1129204 kB
MemTotal:        1844596 kB
MemFree:          368720 kB
MemAvailable:    1462516 kB
Buffers:           79800 kB
Cached:          1129204 kB
MemTotal:        1844596 kB
MemFree:          369220 kB
MemAvailable:    1463016 kB
Buffers:           79800 kB
Cached:          1129204 kB
MemTotal:        1844596 kB
MemFree:          369472 kB
MemAvailable:    1463268 kB
Buffers:           79800 kB
Cached:          1129204 kB
MemTotal:        1844596 kB
MemFree:          369180 kB
MemAvailable:    1462976 kB
Buffers:           79800 kB
Cached:          1129204 kB
MemTotal:        1844596 kB
MemFree:          369360 kB
MemAvailable:    1463156 kB
Buffers:           79800 kB
Cached:          1129204 kB
MemTotal:        1844596 kB
MemFree:          368608 kB
MemAvailable:    1462404 kB
Buffers:           79800 kB
Cached:          1129204 kB
MemTotal:        1844596 kB
MemFree:          369132 kB
MemAvailable:    1462928 kB
Buffers:           79800 kB
Cached:          1129204 kB
MemTotal:        1844596 kB
MemFree:          369352 kB
MemAvailable:    1463148 kB
Buffers:           79800 kB
Cached:          1129204 kB
MemTotal:        1844596 kB
MemFree:          368224 kB
MemAvailable:    1462020 kB
Buffers:           79800 kB
Cached:          1129204 kB
MemTotal:        1844596 kB
MemFree:          367920 kB
MemAvailable:    1461716 kB
Buffers:           79800 kB
Cached:          1129204 kB
MemTotal:        1844596 kB
MemFree:          369288 kB
MemAvailable:    1463084 kB
Buffers:           79800 kB
Cached:          1129204 kB
MemTotal:        1844596 kB
MemFree:          367988 kB
MemAvailable:    1461784 kB
Buffers:           79800 kB
Cached:          1129204 kB
MemTotal:        1844596 kB
MemFree:          368064 kB
MemAvailable:    1461860 kB
Buffers:           79800 kB
Cached:          1129204 kB
MemTotal:        1844596 kB
MemFree:          368064 kB
MemAvailable:    1461860 kB
Buffers:           79800 kB
Cached:          1129204 kB
MemTotal:        1844596 kB
MemFree:          368112 kB
MemAvailable:    1461908 kB
Buffers:           79800 kB
Cached:          1129204 kB
MemTotal:        1844596 kB
MemFree:          368064 kB
MemAvailable:    1461860 kB
Buffers:           79800 kB
Cached:          1129204 kB
MemTotal:        1844596 kB
MemFree:          368188 kB
MemAvailable:    1461984 kB
Buffers:           79800 kB
Cached:          1129204 kB
MemTotal:        1844596 kB
MemFree:          367808 kB
MemAvailable:    1461604 kB
Buffers:           79800 kB
Cached:          1129204 kB
MemTotal:        1844596 kB
MemFree:          369032 kB
MemAvailable:    1462828 kB
Buffers:           79800 kB
Cached:          1129204 kB
MemTotal:        1844596 kB
MemFree:          368472 kB
MemAvailable:    1462268 kB
Buffers:           79800 kB
Cached:          1129204 kB
MemTotal:        1844596 kB
MemFree:          368184 kB
MemAvailable:    1461992 kB
Buffers:           79800 kB
Cached:          1129216 kB
MemTotal:        1844596 kB
MemFree:          367988 kB
MemAvailable:    1461796 kB
Buffers:           79800 kB
Cached:          1129216 kB
MemTotal:        1844596 kB
MemFree:          368068 kB
MemAvailable:    1461876 kB
Buffers:           79800 kB
Cached:          1129216 kB
MemTotal:        1844596 kB
MemFree:          367980 kB
MemAvailable:    1461788 kB
Buffers:           79800 kB
Cached:          1129216 kB
MemTotal:        1844596 kB
MemFree:          369056 kB
MemAvailable:    1462864 kB
Buffers:           79800 kB
Cached:          1129216 kB
MemTotal:        1844596 kB
MemFree:          367936 kB
MemAvailable:    1461744 kB
Buffers:           79800 kB
Cached:          1129216 kB
MemTotal:        1844596 kB
MemFree:          367928 kB
MemAvailable:    1461736 kB
Buffers:           79800 kB
Cached:          1129216 kB
MemTotal:        1844596 kB
MemFree:          368060 kB
MemAvailable:    1461868 kB
Buffers:           79800 kB
Cached:          1129216 kB
MemTotal:        1844596 kB
MemFree:          367804 kB
MemAvailable:    1461612 kB
Buffers:           79800 kB
Cached:          1129216 kB
MemTotal:        1844596 kB
MemFree:          367716 kB
MemAvailable:    1461524 kB
Buffers:           79800 kB
Cached:          1129216 kB
MemTotal:        1844596 kB
MemFree:          368040 kB
MemAvailable:    1461848 kB
Buffers:           79800 kB
Cached:          1129216 kB
MemTotal:        1844596 kB
MemFree:          367660 kB
MemAvailable:    1461468 kB
Buffers:           79800 kB
Cached:          1129216 kB
MemTotal:        1844596 kB
MemFree:          368896 kB
MemAvailable:    1462704 kB
Buffers:           79800 kB
Cached:          1129216 kB
MemTotal:        1844596 kB
MemFree:          367616 kB
MemAvailable:    1461424 kB
Buffers:           79800 kB
Cached:          1129216 kB
MemTotal:        1844596 kB
MemFree:          368660 kB
MemAvailable:    1462468 kB
Buffers:           79800 kB
Cached:          1129216 kB
MemTotal:        1844596 kB
MemFree:          367352 kB
MemAvailable:    1461160 kB
Buffers:           79800 kB
Cached:          1129216 kB
MemTotal:        1844596 kB
MemFree:          367220 kB
MemAvailable:    1461028 kB
Buffers:           79800 kB
Cached:          1129216 kB
MemTotal:        1844596 kB
MemFree:          367344 kB
MemAvailable:    1461152 kB
Buffers:           79800 kB
Cached:          1129216 kB
MemTotal:        1844596 kB
MemFree:          367096 kB
MemAvailable:    1460904 kB
Buffers:           79800 kB
Cached:          1129216 kB
MemTotal:        1844596 kB
MemFree:          367092 kB
MemAvailable:    1460900 kB
Buffers:           79800 kB
Cached:          1129216 kB
MemTotal:        1844596 kB
MemFree:          368284 kB
MemAvailable:    1462092 kB
Buffers:           79800 kB
Cached:          1129216 kB
MemTotal:        1844596 kB
MemFree:          366948 kB
MemAvailable:    1460756 kB
Buffers:           79800 kB
Cached:          1129216 kB
MemTotal:        1844596 kB
MemFree:          368444 kB
MemAvailable:    1462252 kB
Buffers:           79800 kB
Cached:          1129216 kB
MemTotal:        1844596 kB
MemFree:          367072 kB
MemAvailable:    1460880 kB
Buffers:           79800 kB
Cached:          1129216 kB
MemTotal:        1844596 kB
MemFree:          367244 kB
MemAvailable:    1461052 kB
Buffers:           79800 kB
Cached:          1129216 kB
MemTotal:        1844596 kB
MemFree:          366948 kB
MemAvailable:    1460756 kB
Buffers:           79800 kB
Cached:          1129216 kB
MemTotal:        1844596 kB
MemFree:          367064 kB
MemAvailable:    1460872 kB
Buffers:           79800 kB
Cached:          1129216 kB
MemTotal:        1844596 kB
MemFree:          367056 kB
MemAvailable:    1460864 kB
Buffers:           79800 kB
Cached:          1129216 kB
MemTotal:        1844596 kB
MemFree:          366932 kB
MemAvailable:    1460740 kB
Buffers:           79800 kB
Cached:          1129216 kB
MemTotal:        1844596 kB
MemFree:          366932 kB
MemAvailable:    1460740 kB
Buffers:           79800 kB
Cached:          1129216 kB
MemTotal:        1844596 kB
MemFree:          368480 kB
MemAvailable:    1462288 kB
Buffers:           79800 kB
Cached:          1129216 kB
MemTotal:        1844596 kB
MemFree:          368272 kB
MemAvailable:    1462080 kB
Buffers:           79800 kB
Cached:          1129216 kB
MemTotal:        1844596 kB
MemFree:          368140 kB
MemAvailable:    1461948 kB
Buffers:           79800 kB
Cached:          1129216 kB
MemTotal:        1844596 kB
MemFree:          368312 kB
MemAvailable:    1462120 kB
Buffers:           79800 kB
Cached:          1129216 kB
MemTotal:        1844596 kB
MemFree:          368276 kB
MemAvailable:    1462084 kB
Buffers:           79800 kB
Cached:          1129216 kB
MemTotal:        1844596 kB
MemFree:          366996 kB
MemAvailable:    1460804 kB
Buffers:           79800 kB
Cached:          1129216 kB
MemTotal:        1844596 kB
MemFree:          368116 kB
MemAvailable:    1461924 kB
Buffers:           79800 kB
Cached:          1129216 kB
MemTotal:        1844596 kB
MemFree:          366696 kB
MemAvailable:    1460504 kB
Buffers:           79800 kB
Cached:          1129216 kB
MemTotal:        1844596 kB
MemFree:          368104 kB
MemAvailable:    1461912 kB
Buffers:           79800 kB
Cached:          1129216 kB
MemTotal:        1844596 kB
MemFree:          368120 kB
MemAvailable:    1461928 kB
Buffers:           79800 kB
Cached:          1129216 kB
MemTotal:        1844596 kB
MemFree:          368164 kB
MemAvailable:    1461972 kB
Buffers:           79800 kB
Cached:          1129216 kB
MemTotal:        1844596 kB
MemFree:          367112 kB
MemAvailable:    1460920 kB
Buffers:           79800 kB
Cached:          1129216 kB
MemTotal:        1844596 kB
MemFree:          367236 kB
MemAvailable:    1461044 kB
Buffers:           79800 kB
Cached:          1129216 kB
MemTotal:        1844596 kB
MemFree:          367104 kB
MemAvailable:    1460912 kB
Buffers:           79800 kB
Cached:          1129216 kB
MemTotal:        1844596 kB
MemFree:          366980 kB
MemAvailable:    1460788 kB
Buffers:           79800 kB
Cached:          1129216 kB
MemTotal:        1844596 kB
MemFree:          366808 kB
MemAvailable:    1460616 kB
Buffers:           79800 kB
Cached:          1129216 kB
MemTotal:        1844596 kB
MemFree:          368000 kB
MemAvailable:    1461808 kB
Buffers:           79800 kB
Cached:          1129216 kB
MemTotal:        1844596 kB
MemFree:          367916 kB
MemAvailable:    1461724 kB
Buffers:           79800 kB
Cached:          1129216 kB
MemTotal:        1844596 kB
MemFree:          366712 kB
MemAvailable:    1460520 kB
Buffers:           79800 kB
Cached:          1129216 kB
MemTotal:        1844596 kB
MemFree:          366712 kB
MemAvailable:    1460520 kB
Buffers:           79800 kB
Cached:          1129216 kB
MemTotal:        1844596 kB
MemFree:          366828 kB
MemAvailable:    1460636 kB
Buffers:           79800 kB
Cached:          1129216 kB
MemTotal:        1844596 kB
MemFree:          366708 kB
MemAvailable:    1460516 kB
Buffers:           79800 kB
Cached:          1129216 kB
MemTotal:        1844596 kB
MemFree:          367876 kB
MemAvailable:    1461684 kB
Buffers:           79800 kB
Cached:          1129216 kB
MemTotal:        1844596 kB
MemFree:          367876 kB
MemAvailable:    1461684 kB
Buffers:           79800 kB
Cached:          1129216 kB
MemTotal:        1844596 kB
MemFree:          366696 kB
MemAvailable:    1460504 kB
Buffers:           79800 kB
Cached:          1129216 kB
MemTotal:        1844596 kB
MemFree:          366688 kB
MemAvailable:    1460496 kB
Buffers:           79800 kB
Cached:          1129216 kB
MemTotal:        1844596 kB
MemFree:          367924 kB
MemAvailable:    1461732 kB
Buffers:           79800 kB
Cached:          1129216 kB
MemTotal:        1844596 kB
MemFree:          367996 kB
MemAvailable:    1461804 kB
Buffers:           79800 kB
Cached:          1129216 kB
MemTotal:        1844596 kB
MemFree:          366980 kB
MemAvailable:    1460788 kB
Buffers:           79800 kB
Cached:          1129216 kB
MemTotal:        1844596 kB
MemFree:          366988 kB
MemAvailable:    1460796 kB
Buffers:           79800 kB
Cached:          1129216 kB
MemTotal:        1844596 kB
MemFree:          368264 kB
MemAvailable:    1462072 kB
Buffers:           79800 kB
Cached:          1129216 kB
MemTotal:        1844596 kB
MemFree:          366860 kB
MemAvailable:    1460668 kB
Buffers:           79800 kB
Cached:          1129216 kB
MemTotal:        1844596 kB
MemFree:          366728 kB
MemAvailable:    1460536 kB
Buffers:           79800 kB
Cached:          1129216 kB
MemTotal:        1844596 kB
MemFree:          367920 kB
MemAvailable:    1461728 kB
Buffers:           79800 kB
Cached:          1129216 kB
MemTotal:        1844596 kB
MemFree:          368088 kB
MemAvailable:    1461896 kB
Buffers:           79800 kB
Cached:          1129216 kB
MemTotal:        1844596 kB
MemFree:          366996 kB
MemAvailable:    1460808 kB
Buffers:           79800 kB
Cached:          1129224 kB
MemTotal:        1844596 kB
MemFree:          367252 kB
MemAvailable:    1461064 kB
Buffers:           79800 kB
Cached:          1129224 kB
MemTotal:        1844596 kB
MemFree:          367856 kB
MemAvailable:    1461668 kB
Buffers:           79800 kB
Cached:          1129224 kB
MemTotal:        1844596 kB
MemFree:          368108 kB
MemAvailable:    1461920 kB
Buffers:           79800 kB
Cached:          1129224 kB
MemTotal:        1844596 kB
MemFree:          367064 kB
MemAvailable:    1460876 kB
Buffers:           79800 kB
Cached:          1129224 kB
MemTotal:        1844596 kB
MemFree:          368000 kB
MemAvailable:    1461812 kB
Buffers:           79800 kB
Cached:          1129224 kB
MemTotal:        1844596 kB
MemFree:          368188 kB
MemAvailable:    1462000 kB
Buffers:           79800 kB
Cached:          1129224 kB
MemTotal:        1844596 kB
MemFree:          366692 kB
MemAvailable:    1460504 kB
Buffers:           79800 kB
Cached:          1129224 kB
MemTotal:        1844596 kB
MemFree:          368056 kB
MemAvailable:    1461868 kB
Buffers:           79800 kB
Cached:          1129224 kB
MemTotal:        1844596 kB
MemFree:          367796 kB
MemAvailable:    1461608 kB
Buffers:           79800 kB
Cached:          1129224 kB
MemTotal:        1844596 kB
MemFree:          367872 kB
MemAvailable:    1461684 kB
Buffers:           79800 kB
Cached:          1129224 kB
MemTotal:        1844596 kB
MemFree:          368044 kB
MemAvailable:    1461856 kB
Buffers:           79800 kB
Cached:          1129224 kB
MemTotal:        1844596 kB
MemFree:          367840 kB
MemAvailable:    1461652 kB
Buffers:           79800 kB
Cached:          1129224 kB
MemTotal:        1844596 kB
MemFree:          368072 kB
MemAvailable:    1461884 kB
Buffers:           79800 kB
Cached:          1129224 kB
MemTotal:        1844596 kB
MemFree:          366736 kB
MemAvailable:    1460548 kB
Buffers:           79800 kB
Cached:          1129224 kB
MemTotal:        1844596 kB
MemFree:          366736 kB
MemAvailable:    1460548 kB
Buffers:           79800 kB
Cached:          1129224 kB
MemTotal:        1844596 kB
MemFree:          366612 kB
MemAvailable:    1460424 kB
Buffers:           79800 kB
Cached:          1129224 kB
MemTotal:        1844596 kB
MemFree:          366820 kB
MemAvailable:    1460632 kB
Buffers:           79800 kB
Cached:          1129224 kB
MemTotal:        1844596 kB
MemFree:          367972 kB
MemAvailable:    1461784 kB
Buffers:           79800 kB
Cached:          1129224 kB
MemTotal:        1844596 kB
MemFree:          366684 kB
MemAvailable:    1460496 kB
Buffers:           79800 kB
Cached:          1129224 kB
MemTotal:        1844596 kB
MemFree:          367856 kB
MemAvailable:    1461668 kB
Buffers:           79800 kB
Cached:          1129224 kB
MemTotal:        1844596 kB
MemFree:          368196 kB
MemAvailable:    1462008 kB
Buffers:           79800 kB
Cached:          1129224 kB
MemTotal:        1844596 kB
MemFree:          368000 kB
MemAvailable:    1461812 kB
Buffers:           79800 kB
Cached:          1129224 kB
MemTotal:        1844596 kB
MemFree:          367932 kB
MemAvailable:    1461744 kB
Buffers:           79800 kB
Cached:          1129224 kB
MemTotal:        1844596 kB
MemFree:          366604 kB
MemAvailable:    1460416 kB
Buffers:           79800 kB
Cached:          1129224 kB
MemTotal:        1844596 kB
MemFree:          367796 kB
MemAvailable:    1461608 kB
Buffers:           79800 kB
Cached:          1129224 kB
MemTotal:        1844596 kB
MemFree:          368048 kB
MemAvailable:    1461860 kB
Buffers:           79800 kB
Cached:          1129224 kB
MemTotal:        1844596 kB
MemFree:          367876 kB
MemAvailable:    1461688 kB
Buffers:           79800 kB
Cached:          1129224 kB
MemTotal:        1844596 kB
MemFree:          366700 kB
MemAvailable:    1460512 kB
Buffers:           79800 kB
Cached:          1129224 kB
MemTotal:        1844596 kB
MemFree:          367844 kB
MemAvailable:    1461656 kB
Buffers:           79800 kB
Cached:          1129224 kB
MemTotal:        1844596 kB
MemFree:          367844 kB
MemAvailable:    1461656 kB
Buffers:           79800 kB
Cached:          1129224 kB
MemTotal:        1844596 kB
MemFree:          367876 kB
MemAvailable:    1461688 kB
Buffers:           79800 kB
Cached:          1129224 kB
MemTotal:        1844596 kB
MemFree:          366868 kB
MemAvailable:    1460680 kB
Buffers:           79800 kB
Cached:          1129224 kB
MemTotal:        1844596 kB
MemFree:          366696 kB
MemAvailable:    1460508 kB
Buffers:           79800 kB
Cached:          1129224 kB
MemTotal:        1844596 kB
MemFree:          367732 kB
MemAvailable:    1461544 kB
Buffers:           79800 kB
Cached:          1129224 kB
MemTotal:        1844596 kB
MemFree:          367856 kB
MemAvailable:    1461668 kB
Buffers:           79800 kB
Cached:          1129224 kB
MemTotal:        1844596 kB
MemFree:          367872 kB
MemAvailable:    1461684 kB
Buffers:           79800 kB
Cached:          1129224 kB
MemTotal:        1844596 kB
MemFree:          367984 kB
MemAvailable:    1461796 kB
Buffers:           79800 kB
Cached:          1129224 kB
MemTotal:        1844596 kB
MemFree:          367864 kB
MemAvailable:    1461676 kB
Buffers:           79800 kB
Cached:          1129224 kB
MemTotal:        1844596 kB
MemFree:          368004 kB
MemAvailable:    1461816 kB
Buffers:           79800 kB
Cached:          1129224 kB
MemTotal:        1844596 kB
MemFree:          366576 kB
MemAvailable:    1460388 kB
Buffers:           79800 kB
Cached:          1129224 kB
MemTotal:        1844596 kB
MemFree:          367824 kB
MemAvailable:    1461636 kB
Buffers:           79800 kB
Cached:          1129224 kB
MemTotal:        1844596 kB
MemFree:          367240 kB
MemAvailable:    1461052 kB
Buffers:           79800 kB
Cached:          1129224 kB
MemTotal:        1844596 kB
MemFree:          367116 kB
MemAvailable:    1460928 kB
Buffers:           79800 kB
Cached:          1129224 kB
MemTotal:        1844596 kB
MemFree:          366736 kB
MemAvailable:    1460548 kB
Buffers:           79800 kB
Cached:          1129224 kB
MemTotal:        1844596 kB
MemFree:          366736 kB
MemAvailable:    1460548 kB
Buffers:           79800 kB
Cached:          1129224 kB
MemTotal:        1844596 kB
MemFree:          366736 kB
MemAvailable:    1460548 kB
Buffers:           79800 kB
Cached:          1129224 kB
MemTotal:        1844596 kB
MemFree:          366736 kB
MemAvailable:    1460548 kB
Buffers:           79800 kB
Cached:          1129224 kB
MemTotal:        1844596 kB
MemFree:          366860 kB
MemAvailable:    1460672 kB
Buffers:           79800 kB
Cached:          1129224 kB
MemTotal:        1844596 kB
MemFree:          366976 kB
MemAvailable:    1460788 kB
Buffers:           79800 kB
Cached:          1129224 kB
MemTotal:        1844596 kB
MemFree:          366680 kB
MemAvailable:    1460492 kB
Buffers:           79800 kB
Cached:          1129224 kB
MemTotal:        1844596 kB
MemFree:          367788 kB
MemAvailable:    1461600 kB
Buffers:           79800 kB
Cached:          1129224 kB
MemTotal:        1844596 kB
MemFree:          368124 kB
MemAvailable:    1461936 kB
Buffers:           79800 kB
Cached:          1129224 kB
MemTotal:        1844596 kB
MemFree:          368024 kB
MemAvailable:    1461836 kB
Buffers:           79800 kB
Cached:          1129224 kB
MemTotal:        1844596 kB
MemFree:          366716 kB
MemAvailable:    1460528 kB
Buffers:           79800 kB
Cached:          1129224 kB
MemTotal:        1844596 kB
MemFree:          366676 kB
MemAvailable:    1460488 kB
Buffers:           79800 kB
Cached:          1129224 kB
MemTotal:        1844596 kB
MemFree:          367856 kB
MemAvailable:    1461668 kB
Buffers:           79800 kB
Cached:          1129224 kB
MemTotal:        1844596 kB
MemFree:          368108 kB
MemAvailable:    1461920 kB
Buffers:           79800 kB
Cached:          1129224 kB
MemTotal:        1844596 kB
MemFree:          366608 kB
MemAvailable:    1460420 kB
Buffers:           79800 kB
Cached:          1129224 kB
MemTotal:        1844596 kB
MemFree:          366824 kB
MemAvailable:    1460636 kB
Buffers:           79800 kB
Cached:          1129224 kB
MemTotal:        1844596 kB
MemFree:          367196 kB
MemAvailable:    1461008 kB
Buffers:           79800 kB
Cached:          1129224 kB
MemTotal:        1844596 kB
MemFree:          366692 kB
MemAvailable:    1460504 kB
Buffers:           79800 kB
Cached:          1129224 kB
MemTotal:        1844596 kB
MemFree:          367976 kB
MemAvailable:    1461788 kB
Buffers:           79800 kB
Cached:          1129224 kB
MemTotal:        1844596 kB
MemFree:          368060 kB
MemAvailable:    1461872 kB
Buffers:           79800 kB
Cached:          1129224 kB
MemTotal:        1844596 kB
MemFree:          367996 kB
MemAvailable:    1461808 kB
Buffers:           79800 kB
Cached:          1129224 kB
MemTotal:        1844596 kB
MemFree:          368008 kB
MemAvailable:    1461820 kB
Buffers:           79800 kB
Cached:          1129224 kB
MemTotal:        1844596 kB
MemFree:          366576 kB
MemAvailable:    1460388 kB
Buffers:           79800 kB
Cached:          1129224 kB
MemTotal:        1844596 kB
MemFree:          366576 kB
MemAvailable:    1460388 kB
Buffers:           79800 kB
Cached:          1129224 kB
MemTotal:        1844596 kB
MemFree:          367816 kB
MemAvailable:    1461628 kB
Buffers:           79800 kB
Cached:          1129224 kB
MemTotal:        1844596 kB
MemFree:          367856 kB
MemAvailable:    1461676 kB
Buffers:           79800 kB
Cached:          1129232 kB
MemTotal:        1844596 kB
MemFree:          368108 kB
MemAvailable:    1461928 kB
Buffers:           79800 kB
Cached:          1129232 kB
MemTotal:        1844596 kB
MemFree:          367984 kB
MemAvailable:    1461804 kB
Buffers:           79800 kB
Cached:          1129232 kB
MemTotal:        1844596 kB
MemFree:          366688 kB
MemAvailable:    1460508 kB
Buffers:           79800 kB
Cached:          1129232 kB
MemTotal:        1844596 kB
MemFree:          367920 kB
MemAvailable:    1461740 kB
Buffers:           79800 kB
Cached:          1129232 kB
MemTotal:        1844596 kB
MemFree:          366600 kB
MemAvailable:    1460420 kB
Buffers:           79800 kB
Cached:          1129232 kB
MemTotal:        1844596 kB
MemFree:          367916 kB
MemAvailable:    1461736 kB
Buffers:           79800 kB
Cached:          1129232 kB
MemTotal:        1844596 kB
MemFree:          368168 kB
MemAvailable:    1461988 kB
Buffers:           79800 kB
Cached:          1129232 kB
MemTotal:        1844596 kB
MemFree:          368000 kB
MemAvailable:    1461820 kB
Buffers:           79800 kB
Cached:          1129232 kB
MemTotal:        1844596 kB
MemFree:          366820 kB
MemAvailable:    1460640 kB
Buffers:           79800 kB
Cached:          1129232 kB
MemTotal:        1844596 kB
MemFree:          366936 kB
MemAvailable:    1460756 kB
Buffers:           79800 kB
Cached:          1129232 kB
MemTotal:        1844596 kB
MemFree:          366804 kB
MemAvailable:    1460624 kB
Buffers:           79800 kB
Cached:          1129232 kB
MemTotal:        1844596 kB
MemFree:          366936 kB
MemAvailable:    1460756 kB
Buffers:           79800 kB
Cached:          1129232 kB
MemTotal:        1844596 kB
MemFree:          366812 kB
MemAvailable:    1460632 kB
Buffers:           79800 kB
Cached:          1129232 kB
MemTotal:        1844596 kB
MemFree:          366812 kB
MemAvailable:    1460632 kB
Buffers:           79800 kB
Cached:          1129232 kB
MemTotal:        1844596 kB
MemFree:          367800 kB
MemAvailable:    1461620 kB
Buffers:           79800 kB
Cached:          1129232 kB
MemTotal:        1844596 kB
MemFree:          367872 kB
MemAvailable:    1461692 kB
Buffers:           79800 kB
Cached:          1129232 kB
MemTotal:        1844596 kB
MemFree:          366700 kB
MemAvailable:    1460520 kB
Buffers:           79800 kB
Cached:          1129232 kB
MemTotal:        1844596 kB
MemFree:          368044 kB
MemAvailable:    1461864 kB
Buffers:           79800 kB
Cached:          1129232 kB
MemTotal:        1844596 kB
MemFree:          367864 kB
MemAvailable:    1461684 kB
Buffers:           79800 kB
Cached:          1129232 kB
MemTotal:        1844596 kB
MemFree:          368116 kB
MemAvailable:    1461936 kB
Buffers:           79800 kB
Cached:          1129232 kB
MemTotal:        1844596 kB
MemFree:          367740 kB
MemAvailable:    1461560 kB
Buffers:           79800 kB
Cached:          1129232 kB
MemTotal:        1844596 kB
MemFree:          367816 kB
MemAvailable:    1461636 kB
Buffers:           79800 kB
Cached:          1129232 kB
MemTotal:        1844596 kB
MemFree:          368152 kB
MemAvailable:    1461972 kB
Buffers:           79800 kB
Cached:          1129232 kB
MemTotal:        1844596 kB
MemFree:          367936 kB
MemAvailable:    1461756 kB
Buffers:           79800 kB
Cached:          1129232 kB
MemTotal:        1844596 kB
MemFree:          368188 kB
MemAvailable:    1462008 kB
Buffers:           79800 kB
Cached:          1129232 kB
MemTotal:        1844596 kB
MemFree:          367824 kB
MemAvailable:    1461644 kB
Buffers:           79800 kB
Cached:          1129232 kB
MemTotal:        1844596 kB
MemFree:          366612 kB
MemAvailable:    1460432 kB
Buffers:           79800 kB
Cached:          1129232 kB
MemTotal:        1844596 kB
MemFree:          368044 kB
MemAvailable:    1461864 kB
Buffers:           79800 kB
Cached:          1129232 kB
MemTotal:        1844596 kB
MemFree:          367840 kB
MemAvailable:    1461660 kB
Buffers:           79800 kB
Cached:          1129232 kB
MemTotal:        1844596 kB
MemFree:          368092 kB
MemAvailable:    1461912 kB
Buffers:           79800 kB
Cached:          1129232 kB
MemTotal:        1844596 kB
MemFree:          366568 kB
MemAvailable:    1460388 kB
Buffers:           79800 kB
Cached:          1129232 kB
MemTotal:        1844596 kB
MemFree:          368064 kB
MemAvailable:    1461884 kB
Buffers:           79800 kB
Cached:          1129232 kB
MemTotal:        1844596 kB
MemFree:          366736 kB
MemAvailable:    1460556 kB
Buffers:           79800 kB
Cached:          1129232 kB
MemTotal:        1844596 kB
MemFree:          366728 kB
MemAvailable:    1460548 kB
Buffers:           79800 kB
Cached:          1129232 kB
MemTotal:        1844596 kB
MemFree:          366604 kB
MemAvailable:    1460424 kB
Buffers:           79800 kB
Cached:          1129232 kB
MemTotal:        1844596 kB
MemFree:          367964 kB
MemAvailable:    1461784 kB
Buffers:           79800 kB
Cached:          1129232 kB
MemTotal:        1844596 kB
MemFree:          368200 kB
MemAvailable:    1462020 kB
Buffers:           79800 kB
Cached:          1129232 kB
MemTotal:        1844596 kB
MemFree:          367824 kB
MemAvailable:    1461644 kB
Buffers:           79800 kB
Cached:          1129232 kB
MemTotal:        1844596 kB
MemFree:          368004 kB
MemAvailable:    1461824 kB
Buffers:           79800 kB
Cached:          1129232 kB
MemTotal:        1844596 kB
MemFree:          367856 kB
MemAvailable:    1461676 kB
Buffers:           79800 kB
Cached:          1129232 kB
MemTotal:        1844596 kB
MemFree:          367856 kB
MemAvailable:    1461676 kB
Buffers:           79800 kB
Cached:          1129232 kB
MemTotal:        1844596 kB
MemFree:          367676 kB
MemAvailable:    1461496 kB
Buffers:           79800 kB
Cached:          1129232 kB
MemTotal:        1844596 kB
MemFree:          368012 kB
MemAvailable:    1461832 kB
Buffers:           79800 kB
Cached:          1129232 kB
MemTotal:        1844596 kB
MemFree:          366976 kB
MemAvailable:    1460796 kB
Buffers:           79800 kB
Cached:          1129232 kB
MemTotal:        1844596 kB
MemFree:          366432 kB
MemAvailable:    1460252 kB
Buffers:           79800 kB
Cached:          1129232 kB
MemTotal:        1844596 kB
MemFree:          367060 kB
MemAvailable:    1460880 kB
Buffers:           79800 kB
Cached:          1129232 kB
MemTotal:        1844596 kB
MemFree:          366928 kB
MemAvailable:    1460748 kB
Buffers:           79800 kB
Cached:          1129232 kB
MemTotal:        1844596 kB
MemFree:          367988 kB
MemAvailable:    1461808 kB
Buffers:           79800 kB
Cached:          1129232 kB
MemTotal:        1844596 kB
MemFree:          366724 kB
MemAvailable:    1460544 kB
Buffers:           79800 kB
Cached:          1129232 kB
MemTotal:        1844596 kB
MemFree:          367872 kB
MemAvailable:    1461692 kB
Buffers:           79800 kB
Cached:          1129232 kB
MemTotal:        1844596 kB
MemFree:          367732 kB
MemAvailable:    1461552 kB
Buffers:           79800 kB
Cached:          1129232 kB
MemTotal:        1844596 kB
MemFree:          368068 kB
MemAvailable:    1461888 kB
Buffers:           79800 kB
Cached:          1129232 kB
MemTotal:        1844596 kB
MemFree:          366744 kB
MemAvailable:    1460564 kB
Buffers:           79800 kB
Cached:          1129232 kB
MemTotal:        1844596 kB
MemFree:          366736 kB
MemAvailable:    1460556 kB
Buffers:           79800 kB
Cached:          1129232 kB
MemTotal:        1844596 kB
MemFree:          367244 kB
MemAvailable:    1461064 kB
Buffers:           79800 kB
Cached:          1129232 kB
MemTotal:        1844596 kB
MemFree:          367776 kB
MemAvailable:    1461604 kB
Buffers:           79800 kB
Cached:          1129240 kB
MemTotal:        1844596 kB
MemFree:          367996 kB
MemAvailable:    1461824 kB
Buffers:           79800 kB
Cached:          1129240 kB
MemTotal:        1844596 kB
MemFree:          367876 kB
MemAvailable:    1461704 kB
Buffers:           79800 kB
Cached:          1129240 kB
MemTotal:        1844596 kB
MemFree:          366700 kB
MemAvailable:    1460528 kB
Buffers:           79800 kB
Cached:          1129240 kB
MemTotal:        1844596 kB
MemFree:          367984 kB
MemAvailable:    1461812 kB
Buffers:           79800 kB
Cached:          1129240 kB
MemTotal:        1844596 kB
MemFree:          367072 kB
MemAvailable:    1460900 kB
Buffers:           79800 kB
Cached:          1129240 kB
MemTotal:        1844596 kB
MemFree:          366816 kB
MemAvailable:    1460644 kB
Buffers:           79800 kB
Cached:          1129240 kB
MemTotal:        1844596 kB
MemFree:          366736 kB
MemAvailable:    1460564 kB
Buffers:           79800 kB
Cached:          1129240 kB
MemTotal:        1844596 kB
MemFree:          367772 kB
MemAvailable:    1461600 kB
Buffers:           79800 kB
Cached:          1129240 kB
MemTotal:        1844596 kB
MemFree:          366688 kB
MemAvailable:    1460516 kB
Buffers:           79800 kB
Cached:          1129240 kB
MemTotal:        1844596 kB
MemFree:          366812 kB
MemAvailable:    1460640 kB
Buffers:           79800 kB
Cached:          1129240 kB
MemTotal:        1844596 kB
MemFree:          367892 kB
MemAvailable:    1461720 kB
Buffers:           79800 kB
Cached:          1129240 kB
MemTotal:        1844596 kB
MemFree:          366756 kB
MemAvailable:    1460584 kB
Buffers:           79800 kB
Cached:          1129240 kB
MemTotal:        1844596 kB
MemFree:          366956 kB
MemAvailable:    1460784 kB
Buffers:           79800 kB
Cached:          1129240 kB
MemTotal:        1844596 kB
MemFree:          367932 kB
MemAvailable:    1461760 kB
Buffers:           79800 kB
Cached:          1129240 kB
MemTotal:        1844596 kB
MemFree:          366756 kB
MemAvailable:    1460584 kB
Buffers:           79800 kB
Cached:          1129240 kB
MemTotal:        1844596 kB
MemFree:          367924 kB
MemAvailable:    1461752 kB
Buffers:           79800 kB
Cached:          1129240 kB
MemTotal:        1844596 kB
MemFree:          367864 kB
MemAvailable:    1461692 kB
Buffers:           79800 kB
Cached:          1129240 kB
MemTotal:        1844596 kB
MemFree:          367508 kB
MemAvailable:    1461336 kB
Buffers:           79800 kB
Cached:          1129240 kB
MemTotal:        1844596 kB
MemFree:          367740 kB
MemAvailable:    1461572 kB
Buffers:           79800 kB
Cached:          1129244 kB
MemTotal:        1844596 kB
MemFree:          367816 kB
MemAvailable:    1461648 kB
Buffers:           79800 kB
Cached:          1129244 kB
MemTotal:        1844596 kB
MemFree:          368152 kB
MemAvailable:    1461984 kB
Buffers:           79800 kB
Cached:          1129244 kB
MemTotal:        1844596 kB
MemFree:          367936 kB
MemAvailable:    1461768 kB
Buffers:           79800 kB
Cached:          1129244 kB
MemTotal:        1844596 kB
MemFree:          367756 kB
MemAvailable:    1461588 kB
Buffers:           79800 kB
Cached:          1129244 kB
MemTotal:        1844596 kB
MemFree:          367824 kB
MemAvailable:    1461656 kB
Buffers:           79800 kB
Cached:          1129244 kB
MemTotal:        1844596 kB
MemFree:          368004 kB
MemAvailable:    1461836 kB
Buffers:           79800 kB
Cached:          1129244 kB
MemTotal:        1844596 kB
MemFree:          367916 kB
MemAvailable:    1461748 kB
Buffers:           79800 kB
Cached:          1129244 kB
MemTotal:        1844596 kB
MemFree:          366816 kB
MemAvailable:    1460648 kB
Buffers:           79800 kB
Cached:          1129244 kB
MemTotal:        1844596 kB
MemFree:          367808 kB
MemAvailable:    1461640 kB
Buffers:           79800 kB
Cached:          1129244 kB
MemTotal:        1844596 kB
MemFree:          366688 kB
MemAvailable:    1460520 kB
Buffers:           79800 kB
Cached:          1129244 kB
MemTotal:        1844596 kB
MemFree:          367912 kB
MemAvailable:    1461744 kB
Buffers:           79800 kB
Cached:          1129244 kB
MemTotal:        1844596 kB
MemFree:          366716 kB
MemAvailable:    1460548 kB
Buffers:           79800 kB
Cached:          1129244 kB
MemTotal:        1844596 kB
MemFree:          368040 kB
MemAvailable:    1461872 kB
Buffers:           79800 kB
Cached:          1129244 kB
MemTotal:        1844596 kB
MemFree:          367376 kB
MemAvailable:    1461208 kB
Buffers:           79800 kB
Cached:          1129244 kB
MemTotal:        1844596 kB
MemFree:          368080 kB
MemAvailable:    1461912 kB
Buffers:           79800 kB
Cached:          1129244 kB
MemTotal:        1844596 kB
MemFree:          366756 kB
MemAvailable:    1460588 kB
Buffers:           79800 kB
Cached:          1129244 kB
MemTotal:        1844596 kB
MemFree:          368008 kB
MemAvailable:    1461840 kB
Buffers:           79800 kB
Cached:          1129244 kB
MemTotal:        1844596 kB
MemFree:          367384 kB
MemAvailable:    1461216 kB
Buffers:           79800 kB
Cached:          1129244 kB
MemTotal:        1844596 kB
MemFree:          367692 kB
MemAvailable:    1461524 kB
Buffers:           79800 kB
Cached:          1129244 kB
MemTotal:        1844596 kB
MemFree:          368028 kB
MemAvailable:    1461860 kB
Buffers:           79800 kB
Cached:          1129244 kB
MemTotal:        1844596 kB
MemFree:          367820 kB
MemAvailable:    1461652 kB
Buffers:           79800 kB
Cached:          1129244 kB
MemTotal:        1844596 kB
MemFree:          368072 kB
MemAvailable:    1461904 kB
Buffers:           79800 kB
Cached:          1129244 kB
MemTotal:        1844596 kB
MemFree:          367792 kB
MemAvailable:    1461624 kB
Buffers:           79800 kB
Cached:          1129244 kB
MemTotal:        1844596 kB
MemFree:          367816 kB
MemAvailable:    1461648 kB
Buffers:           79800 kB
Cached:          1129244 kB
MemTotal:        1844596 kB
MemFree:          368072 kB
MemAvailable:    1461904 kB
Buffers:           79800 kB
Cached:          1129244 kB
MemTotal:        1844596 kB
MemFree:          366612 kB
MemAvailable:    1460444 kB
Buffers:           79800 kB
Cached:          1129244 kB
MemTotal:        1844596 kB
MemFree:          366368 kB
MemAvailable:    1460200 kB
Buffers:           79800 kB
Cached:          1129244 kB
MemTotal:        1844596 kB
MemFree:          366316 kB
MemAvailable:    1460148 kB
Buffers:           79800 kB
Cached:          1129244 kB
MemTotal:        1844596 kB
MemFree:          367848 kB
MemAvailable:    1461680 kB
Buffers:           79800 kB
Cached:          1129244 kB
MemTotal:        1844596 kB
MemFree:          367856 kB
MemAvailable:    1461688 kB
Buffers:           79800 kB
Cached:          1129244 kB
MemTotal:        1844596 kB
MemFree:          366624 kB
MemAvailable:    1460456 kB
Buffers:           79800 kB
Cached:          1129244 kB
MemTotal:        1844596 kB
MemFree:          367864 kB
MemAvailable:    1461696 kB
Buffers:           79800 kB
Cached:          1129244 kB
MemTotal:        1844596 kB
MemFree:          368116 kB
MemAvailable:    1461948 kB
Buffers:           79800 kB
Cached:          1129244 kB
MemTotal:        1844596 kB
MemFree:          366576 kB
MemAvailable:    1460408 kB
Buffers:           79800 kB
Cached:          1129244 kB
MemTotal:        1844596 kB
MemFree:          367856 kB
MemAvailable:    1461688 kB
Buffers:           79800 kB
Cached:          1129244 kB
MemTotal:        1844596 kB
MemFree:          367748 kB
MemAvailable:    1461580 kB
Buffers:           79800 kB
Cached:          1129244 kB
MemTotal:        1844596 kB
MemFree:          366692 kB
MemAvailable:    1460524 kB
Buffers:           79800 kB
Cached:          1129244 kB
MemTotal:        1844596 kB
MemFree:          366868 kB
MemAvailable:    1460700 kB
Buffers:           79800 kB
Cached:          1129244 kB
MemTotal:        1844596 kB
MemFree:          366736 kB
MemAvailable:    1460568 kB
Buffers:           79800 kB
Cached:          1129244 kB
MemTotal:        1844596 kB
MemFree:          366736 kB
MemAvailable:    1460568 kB
Buffers:           79800 kB
Cached:          1129244 kB
MemTotal:        1844596 kB
MemFree:          366736 kB
MemAvailable:    1460568 kB
Buffers:           79800 kB
Cached:          1129244 kB
MemTotal:        1844596 kB
MemFree:          366812 kB
MemAvailable:    1460644 kB
Buffers:           79800 kB
Cached:          1129244 kB
MemTotal:        1844596 kB
MemFree:          367708 kB
MemAvailable:    1461540 kB
Buffers:           79800 kB
Cached:          1129244 kB
MemTotal:        1844596 kB
MemFree:          368044 kB
MemAvailable:    1461876 kB
Buffers:           79800 kB
Cached:          1129244 kB
MemTotal:        1844596 kB
MemFree:          367732 kB
MemAvailable:    1461564 kB
Buffers:           79800 kB
Cached:          1129244 kB
MemTotal:        1844596 kB
MemFree:          368068 kB
MemAvailable:    1461900 kB
Buffers:           79800 kB
Cached:          1129244 kB
MemTotal:        1844596 kB
MemFree:          368296 kB
MemAvailable:    1462128 kB
Buffers:           79800 kB
Cached:          1129244 kB
MemTotal:        1844596 kB
MemFree:          368092 kB
MemAvailable:    1461924 kB
Buffers:           79800 kB
Cached:          1129244 kB
MemTotal:        1844596 kB
MemFree:          368176 kB
MemAvailable:    1462008 kB
Buffers:           79800 kB
Cached:          1129244 kB
MemTotal:        1844596 kB
MemFree:          366816 kB
MemAvailable:    1460648 kB
Buffers:           79800 kB
Cached:          1129244 kB
MemTotal:        1844596 kB
MemFree:          366948 kB
MemAvailable:    1460780 kB
Buffers:           79800 kB
Cached:          1129244 kB
MemTotal:        1844596 kB
MemFree:          367108 kB
MemAvailable:    1460940 kB
Buffers:           79800 kB
Cached:          1129244 kB
MemTotal:        1844596 kB
MemFree:          366976 kB
MemAvailable:    1460808 kB
Buffers:           79800 kB
Cached:          1129244 kB
MemTotal:        1844596 kB
MemFree:          366980 kB
MemAvailable:    1460812 kB
Buffers:           79800 kB
Cached:          1129244 kB
MemTotal:        1844596 kB
MemFree:          367740 kB
MemAvailable:    1461572 kB
Buffers:           79800 kB
Cached:          1129244 kB
MemTotal:        1844596 kB
MemFree:          368160 kB
MemAvailable:    1461992 kB
Buffers:           79800 kB
Cached:          1129244 kB
MemTotal:        1844596 kB
MemFree:          367988 kB
MemAvailable:    1461820 kB
Buffers:           79800 kB
Cached:          1129244 kB
MemTotal:        1844596 kB
MemFree:          368176 kB
MemAvailable:    1462008 kB
Buffers:           79800 kB
Cached:          1129244 kB
MemTotal:        1844596 kB
MemFree:          367376 kB
MemAvailable:    1461208 kB
Buffers:           79800 kB
Cached:          1129244 kB
MemTotal:        1844596 kB
MemFree:          368140 kB
MemAvailable:    1461976 kB
Buffers:           79800 kB
Cached:          1129248 kB
MemTotal:        1844596 kB
MemFree:          366960 kB
MemAvailable:    1460796 kB
Buffers:           79800 kB
Cached:          1129248 kB
MemTotal:        1844596 kB
MemFree:          367740 kB
MemAvailable:    1461576 kB
Buffers:           79800 kB
Cached:          1129248 kB
MemTotal:        1844596 kB
MemFree:          367968 kB
MemAvailable:    1461804 kB
Buffers:           79800 kB
Cached:          1129248 kB
MemTotal:        1844596 kB
MemFree:          368224 kB
MemAvailable:    1462060 kB
Buffers:           79800 kB
Cached:          1129248 kB
MemTotal:        1844596 kB
MemFree:          368180 kB
MemAvailable:    1462016 kB
Buffers:           79800 kB
Cached:          1129248 kB
MemTotal:        1844596 kB
MemFree:          366880 kB
MemAvailable:    1460716 kB
Buffers:           79800 kB
Cached:          1129248 kB
MemTotal:        1844596 kB
MemFree:          366872 kB
MemAvailable:    1460708 kB
Buffers:           79800 kB
Cached:          1129248 kB
MemTotal:        1844596 kB
MemFree:          368228 kB
MemAvailable:    1462064 kB
Buffers:           79800 kB
Cached:          1129248 kB
MemTotal:        1844596 kB
MemFree:          366832 kB
MemAvailable:    1460668 kB
Buffers:           79800 kB
Cached:          1129248 kB
MemTotal:        1844596 kB
MemFree:          368132 kB
MemAvailable:    1461968 kB
Buffers:           79800 kB
Cached:          1129248 kB
MemTotal:        1844596 kB
MemFree:          368128 kB
MemAvailable:    1461964 kB
Buffers:           79800 kB
Cached:          1129248 kB
MemTotal:        1844596 kB
MemFree:          367004 kB
MemAvailable:    1460844 kB
Buffers:           79800 kB
Cached:          1129252 kB
MemTotal:        1844596 kB
MemFree:          366880 kB
MemAvailable:    1460720 kB
Buffers:           79800 kB
Cached:          1129252 kB
MemTotal:        1844596 kB
MemFree:          367988 kB
MemAvailable:    1461828 kB
Buffers:           79800 kB
Cached:          1129252 kB
MemTotal:        1844596 kB
MemFree:          368328 kB
MemAvailable:    1462168 kB
Buffers:           79800 kB
Cached:          1129252 kB
MemTotal:        1844596 kB
MemFree:          368132 kB
MemAvailable:    1461972 kB
Buffers:           79800 kB
Cached:          1129252 kB
MemTotal:        1844596 kB
MemFree:          366952 kB
MemAvailable:    1460792 kB
Buffers:           79800 kB
Cached:          1129252 kB
MemTotal:        1844596 kB
MemFree:          368156 kB
MemAvailable:    1461996 kB
Buffers:           79800 kB
Cached:          1129252 kB
MemTotal:        1844596 kB
MemFree:          367924 kB
MemAvailable:    1461764 kB
Buffers:           79800 kB
Cached:          1129252 kB
MemTotal:        1844596 kB
MemFree:          367500 kB
MemAvailable:    1461340 kB
Buffers:           79800 kB
Cached:          1129252 kB
MemTotal:        1844596 kB
MemFree:          366748 kB
MemAvailable:    1460588 kB
Buffers:           79800 kB
Cached:          1129252 kB
MemTotal:        1844596 kB
MemFree:          367856 kB
MemAvailable:    1461696 kB
Buffers:           79800 kB
Cached:          1129252 kB
MemTotal:        1844596 kB
MemFree:          368196 kB
MemAvailable:    1462036 kB
Buffers:           79800 kB
Cached:          1129252 kB
MemTotal:        1844596 kB
MemFree:          366860 kB
MemAvailable:    1460700 kB
Buffers:           79800 kB
Cached:          1129252 kB
MemTotal:        1844596 kB
MemFree:          366956 kB
MemAvailable:    1460796 kB
Buffers:           79800 kB
Cached:          1129252 kB
MemTotal:        1844596 kB
MemFree:          368056 kB
MemAvailable:    1461896 kB
Buffers:           79800 kB
Cached:          1129252 kB
MemTotal:        1844596 kB
MemFree:          367004 kB
MemAvailable:    1460844 kB
Buffers:           79800 kB
Cached:          1129252 kB
MemTotal:        1844596 kB
MemFree:          368180 kB
MemAvailable:    1462020 kB
Buffers:           79800 kB
Cached:          1129252 kB
MemTotal:        1844596 kB
MemFree:          368120 kB
MemAvailable:    1461960 kB
Buffers:           79800 kB
Cached:          1129252 kB
MemTotal:        1844596 kB
MemFree:          366880 kB
MemAvailable:    1460720 kB
Buffers:           79800 kB
Cached:          1129252 kB
MemTotal:        1844596 kB
MemFree:          367980 kB
MemAvailable:    1461820 kB
Buffers:           79800 kB
Cached:          1129252 kB
MemTotal:        1844596 kB
MemFree:          368120 kB
MemAvailable:    1461960 kB
Buffers:           79800 kB
Cached:          1129252 kB
MemTotal:        1844596 kB
MemFree:          368124 kB
MemAvailable:    1461964 kB
Buffers:           79800 kB
Cached:          1129252 kB
MemTotal:        1844596 kB
MemFree:          367980 kB
MemAvailable:    1461820 kB
Buffers:           79800 kB
Cached:          1129252 kB
MemTotal:        1844596 kB
