MemTotal:        1844596 kB
MemFree:          254704 kB
MemAvailable:    1557616 kB
Buffers:           85708 kB
Cached:          1323508 kB
MemTotal:        1844596 kB
MemFree:          255384 kB
MemAvailable:    1558296 kB
Buffers:           85708 kB
Cached:          1323508 kB
MemTotal:        1844596 kB
MemFree:          253464 kB
MemAvailable:    1556376 kB
Buffers:           85708 kB
Cached:          1323508 kB
MemTotal:        1844596 kB
MemFree:          251960 kB
MemAvailable:    1554872 kB
Buffers:           85708 kB
Cached:          1323508 kB
MemTotal:        1844596 kB
MemFree:          251960 kB
MemAvailable:    1554872 kB
Buffers:           85708 kB
Cached:          1323508 kB
MemTotal:        1844596 kB
MemFree:          251576 kB
MemAvailable:    1554488 kB
Buffers:           85708 kB
Cached:          1323508 kB
MemTotal:        1844596 kB
MemFree:          251828 kB
MemAvailable:    1554740 kB
Buffers:           85708 kB
Cached:          1323508 kB
MemTotal:        1844596 kB
MemFree:          248504 kB
MemAvailable:    1551416 kB
Buffers:           85708 kB
Cached:          1323508 kB
MemTotal:        1844596 kB
MemFree:          245900 kB
MemAvailable:    1548812 kB
Buffers:           85708 kB
Cached:          1323508 kB
MemTotal:        1844596 kB
MemFree:          244968 kB
MemAvailable:    1547880 kB
Buffers:           85708 kB
Cached:          1323508 kB
MemTotal:        1844596 kB
MemFree:          243116 kB
MemAvailable:    1546028 kB
Buffers:           85708 kB
Cached:          1323508 kB
MemTotal:        1844596 kB
MemFree:          243116 kB
MemAvailable:    1546028 kB
Buffers:           85708 kB
Cached:          1323508 kB
MemTotal:        1844596 kB
MemFree:          243020 kB
MemAvailable:    1545932 kB
Buffers:           85708 kB
Cached:          1323508 kB
MemTotal:        1844596 kB
MemFree:          243272 kB
MemAvailable:    1546184 kB
Buffers:           85708 kB
Cached:          1323508 kB
MemTotal:        1844596 kB
MemFree:          243028 kB
MemAvailable:    1545940 kB
Buffers:           85708 kB
Cached:          1323508 kB
MemTotal:        1844596 kB
MemFree:          243284 kB
MemAvailable:    1546196 kB
Buffers:           85708 kB
Cached:          1323508 kB
MemTotal:        1844596 kB
MemFree:          242956 kB
MemAvailable:    1545868 kB
Buffers:           85708 kB
Cached:          1323508 kB
MemTotal:        1844596 kB
MemFree:          242832 kB
MemAvailable:    1545744 kB
Buffers:           85708 kB
Cached:          1323508 kB
MemTotal:        1844596 kB
MemFree:          241684 kB
MemAvailable:    1544596 kB
Buffers:           85708 kB
Cached:          1323508 kB
MemTotal:        1844596 kB
MemFree:          242540 kB
MemAvailable:    1545452 kB
Buffers:           85708 kB
Cached:          1323508 kB
MemTotal:        1844596 kB
MemFree:          241684 kB
MemAvailable:    1544596 kB
Buffers:           85708 kB
Cached:          1323508 kB
MemTotal:        1844596 kB
MemFree:          241048 kB
MemAvailable:    1543964 kB
Buffers:           85708 kB
Cached:          1323512 kB
MemTotal:        1844596 kB
MemFree:          240760 kB
MemAvailable:    1543676 kB
Buffers:           85708 kB
Cached:          1323512 kB
MemTotal:        1844596 kB
MemFree:          239508 kB
MemAvailable:    1542424 kB
Buffers:           85708 kB
Cached:          1323512 kB
MemTotal:        1844596 kB
MemFree:          240808 kB
MemAvailable:    1543724 kB
Buffers:           85708 kB
Cached:          1323512 kB
MemTotal:        1844596 kB
MemFree:          240352 kB
MemAvailable:    1543268 kB
Buffers:           85708 kB
Cached:          1323512 kB
MemTotal:        1844596 kB
MemFree:          240604 kB
MemAvailable:    1543520 kB
Buffers:           85708 kB
Cached:          1323512 kB
MemTotal:        1844596 kB
MemFree:          240548 kB
MemAvailable:    1543464 kB
Buffers:           85708 kB
Cached:          1323512 kB
MemTotal:        1844596 kB
MemFree:          240800 kB
MemAvailable:    1543716 kB
Buffers:           85708 kB
Cached:          1323512 kB
MemTotal:        1844596 kB
MemFree:          239280 kB
MemAvailable:    1542196 kB
Buffers:           85708 kB
Cached:          1323512 kB
MemTotal:        1844596 kB
MemFree:          240640 kB
MemAvailable:    1543556 kB
Buffers:           85708 kB
Cached:          1323512 kB
MemTotal:        1844596 kB
MemFree:          240612 kB
MemAvailable:    1543528 kB
Buffers:           85708 kB
Cached:          1323512 kB
MemTotal:        1844596 kB
MemFree:          240072 kB
MemAvailable:    1542988 kB
Buffers:           85708 kB
Cached:          1323512 kB
MemTotal:        1844596 kB
MemFree:          240440 kB
MemAvailable:    1543356 kB
Buffers:           85708 kB
Cached:          1323512 kB
MemTotal:        1844596 kB
MemFree:          239196 kB
MemAvailable:    1542112 kB
Buffers:           85708 kB
Cached:          1323512 kB
MemTotal:        1844596 kB
MemFree:          238964 kB
MemAvailable:    1541880 kB
Buffers:           85708 kB
Cached:          1323512 kB
MemTotal:        1844596 kB
MemFree:          236164 kB
MemAvailable:    1539080 kB
Buffers:           85708 kB
Cached:          1323512 kB
MemTotal:        1844596 kB
MemFree:          235908 kB
MemAvailable:    1538824 kB
Buffers:           85708 kB
Cached:          1323512 kB
MemTotal:        1844596 kB
MemFree:          234988 kB
MemAvailable:    1537904 kB
Buffers:           85708 kB
Cached:          1323512 kB
MemTotal:        1844596 kB
MemFree:          235772 kB
MemAvailable:    1538688 kB
Buffers:           85708 kB
Cached:          1323512 kB
MemTotal:        1844596 kB
MemFree:          235876 kB
MemAvailable:    1538792 kB
Buffers:           85708 kB
Cached:          1323512 kB
MemTotal:        1844596 kB
MemFree:          234864 kB
MemAvailable:    1537780 kB
Buffers:           85708 kB
Cached:          1323512 kB
MemTotal:        1844596 kB
MemFree:          235804 kB
MemAvailable:    1538720 kB
Buffers:           85708 kB
Cached:          1323512 kB
MemTotal:        1844596 kB
MemFree:          235896 kB
MemAvailable:    1538812 kB
Buffers:           85708 kB
Cached:          1323512 kB
MemTotal:        1844596 kB
MemFree:          234344 kB
MemAvailable:    1537260 kB
Buffers:           85708 kB
Cached:          1323512 kB
MemTotal:        1844596 kB
MemFree:          235452 kB
MemAvailable:    1538368 kB
Buffers:           85708 kB
Cached:          1323512 kB
MemTotal:        1844596 kB
MemFree:          234988 kB
MemAvailable:    1537904 kB
Buffers:           85708 kB
Cached:          1323512 kB
MemTotal:        1844596 kB
MemFree:          233484 kB
MemAvailable:    1536400 kB
Buffers:           85708 kB
Cached:          1323512 kB
MemTotal:        1844596 kB
MemFree:          233864 kB
MemAvailable:    1536780 kB
Buffers:           85708 kB
Cached:          1323512 kB
MemTotal:        1844596 kB
MemFree:          234916 kB
MemAvailable:    1537832 kB
Buffers:           85708 kB
Cached:          1323512 kB
MemTotal:        1844596 kB
MemFree:          233608 kB
MemAvailable:    1536524 kB
Buffers:           85708 kB
Cached:          1323512 kB
MemTotal:        1844596 kB
MemFree:          234784 kB
MemAvailable:    1537700 kB
Buffers:           85708 kB
Cached:          1323512 kB
MemTotal:        1844596 kB
MemFree:          234428 kB
MemAvailable:    1537344 kB
Buffers:           85708 kB
Cached:          1323512 kB
MemTotal:        1844596 kB
MemFree:          233128 kB
MemAvailable:    1536052 kB
Buffers:           85708 kB
Cached:          1323516 kB
MemTotal:        1844596 kB
MemFree:          233252 kB
MemAvailable:    1536176 kB
Buffers:           85708 kB
Cached:          1323516 kB
MemTotal:        1844596 kB
MemFree:          232732 kB
MemAvailable:    1535656 kB
Buffers:           85708 kB
Cached:          1323516 kB
MemTotal:        1844596 kB
MemFree:          234056 kB
MemAvailable:    1536980 kB
Buffers:           85708 kB
Cached:          1323516 kB
MemTotal:        1844596 kB
MemFree:          233136 kB
MemAvailable:    1536060 kB
Buffers:           85708 kB
Cached:          1323516 kB
MemTotal:        1844596 kB
MemFree:          233004 kB
MemAvailable:    1535928 kB
Buffers:           85708 kB
Cached:          1323516 kB
MemTotal:        1844596 kB
MemFree:          233128 kB
MemAvailable:    1536052 kB
Buffers:           85708 kB
Cached:          1323516 kB
MemTotal:        1844596 kB
MemFree:          232964 kB
MemAvailable:    1535888 kB
Buffers:           85708 kB
Cached:          1323516 kB
MemTotal:        1844596 kB
MemFree:          232956 kB
MemAvailable:    1535880 kB
Buffers:           85708 kB
Cached:          1323516 kB
MemTotal:        1844596 kB
MemFree:          232832 kB
MemAvailable:    1535756 kB
Buffers:           85708 kB
Cached:          1323516 kB
MemTotal:        1844596 kB
MemFree:          233128 kB
MemAvailable:    1536052 kB
Buffers:           85708 kB
Cached:          1323516 kB
MemTotal:        1844596 kB
MemFree:          229780 kB
MemAvailable:    1532704 kB
Buffers:           85708 kB
Cached:          1323516 kB
MemTotal:        1844596 kB
MemFree:          228220 kB
MemAvailable:    1531144 kB
Buffers:           85708 kB
Cached:          1323516 kB
MemTotal:        1844596 kB
MemFree:          228096 kB
MemAvailable:    1531020 kB
Buffers:           85708 kB
Cached:          1323516 kB
MemTotal:        1844596 kB
MemFree:          226788 kB
MemAvailable:    1529712 kB
Buffers:           85708 kB
Cached:          1323516 kB
MemTotal:        1844596 kB
MemFree:          227284 kB
MemAvailable:    1530208 kB
Buffers:           85708 kB
Cached:          1323516 kB
MemTotal:        1844596 kB
MemFree:          227284 kB
MemAvailable:    1530208 kB
Buffers:           85708 kB
Cached:          1323516 kB
MemTotal:        1844596 kB
MemFree:          227172 kB
MemAvailable:    1530096 kB
Buffers:           85708 kB
Cached:          1323516 kB
MemTotal:        1844596 kB
MemFree:          225872 kB
MemAvailable:    1528796 kB
Buffers:           85708 kB
Cached:          1323516 kB
MemTotal:        1844596 kB
MemFree:          226848 kB
MemAvailable:    1529772 kB
Buffers:           85708 kB
Cached:          1323516 kB
MemTotal:        1844596 kB
MemFree:          226988 kB
MemAvailable:    1529912 kB
Buffers:           85708 kB
Cached:          1323516 kB
MemTotal:        1844596 kB
MemFree:          225440 kB
MemAvailable:    1528364 kB
Buffers:           85708 kB
Cached:          1323516 kB
MemTotal:        1844596 kB
MemFree:          226176 kB
MemAvailable:    1529100 kB
Buffers:           85708 kB
Cached:          1323516 kB
MemTotal:        1844596 kB
MemFree:          225928 kB
MemAvailable:    1528852 kB
Buffers:           85708 kB
Cached:          1323516 kB
MemTotal:        1844596 kB
MemFree:          225864 kB
MemAvailable:    1528788 kB
Buffers:           85708 kB
Cached:          1323516 kB
MemTotal:        1844596 kB
MemFree:          225540 kB
MemAvailable:    1528464 kB
Buffers:           85708 kB
Cached:          1323516 kB
MemTotal:        1844596 kB
MemFree:          225324 kB
MemAvailable:    1528248 kB
Buffers:           85708 kB
Cached:          1323516 kB
MemTotal:        1844596 kB
MemFree:          224068 kB
MemAvailable:    1526992 kB
Buffers:           85708 kB
Cached:          1323516 kB
MemTotal:        1844596 kB
MemFree:          224632 kB
MemAvailable:    1527556 kB
Buffers:           85708 kB
Cached:          1323516 kB
MemTotal:        1844596 kB
MemFree:          223324 kB
MemAvailable:    1526248 kB
Buffers:           85708 kB
Cached:          1323516 kB
MemTotal:        1844596 kB
MemFree:          223448 kB
MemAvailable:    1526372 kB
Buffers:           85708 kB
Cached:          1323516 kB
MemTotal:        1844596 kB
MemFree:          224624 kB
MemAvailable:    1527548 kB
Buffers:           85708 kB
Cached:          1323516 kB
MemTotal:        1844596 kB
MemFree:          224492 kB
MemAvailable:    1527416 kB
Buffers:           85708 kB
Cached:          1323516 kB
MemTotal:        1844596 kB
MemFree:          223184 kB
MemAvailable:    1526108 kB
Buffers:           85708 kB
Cached:          1323516 kB
MemTotal:        1844596 kB
MemFree:          224228 kB
MemAvailable:    1527152 kB
Buffers:           85708 kB
Cached:          1323516 kB
MemTotal:        1844596 kB
MemFree:          224500 kB
MemAvailable:    1527424 kB
Buffers:           85708 kB
Cached:          1323516 kB
MemTotal:        1844596 kB
MemFree:          223136 kB
MemAvailable:    1526060 kB
Buffers:           85708 kB
Cached:          1323516 kB
MemTotal:        1844596 kB
MemFree:          223136 kB
MemAvailable:    1526060 kB
Buffers:           85708 kB
Cached:          1323516 kB
MemTotal:        1844596 kB
MemFree:          224436 kB
MemAvailable:    1527360 kB
Buffers:           85708 kB
Cached:          1323516 kB
MemTotal:        1844596 kB
MemFree:          224348 kB
MemAvailable:    1527272 kB
Buffers:           85708 kB
Cached:          1323516 kB
MemTotal:        1844596 kB
MemFree:          224060 kB
MemAvailable:    1526984 kB
Buffers:           85708 kB
Cached:          1323516 kB
MemTotal:        1844596 kB
MemFree:          224060 kB
MemAvailable:    1526984 kB
Buffers:           85708 kB
Cached:          1323516 kB
MemTotal:        1844596 kB
MemFree:          222068 kB
MemAvailable:    1524992 kB
Buffers:           85708 kB
Cached:          1323516 kB
MemTotal:        1844596 kB
MemFree:          223828 kB
MemAvailable:    1526752 kB
Buffers:           85708 kB
Cached:          1323516 kB
MemTotal:        1844596 kB
MemFree:          223384 kB
MemAvailable:    1526308 kB
Buffers:           85708 kB
Cached:          1323516 kB
MemTotal:        1844596 kB
MemFree:          222952 kB
MemAvailable:    1525876 kB
Buffers:           85708 kB
Cached:          1323516 kB
MemTotal:        1844596 kB
MemFree:          223208 kB
MemAvailable:    1526132 kB
Buffers:           85708 kB
Cached:          1323516 kB
MemTotal:        1844596 kB
MemFree:          222448 kB
MemAvailable:    1525372 kB
Buffers:           85708 kB
Cached:          1323516 kB
MemTotal:        1844596 kB
MemFree:          222700 kB
MemAvailable:    1525624 kB
Buffers:           85708 kB
Cached:          1323516 kB
MemTotal:        1844596 kB
MemFree:          221340 kB
MemAvailable:    1524264 kB
Buffers:           85708 kB
Cached:          1323516 kB
MemTotal:        1844596 kB
MemFree:          221464 kB
MemAvailable:    1524388 kB
Buffers:           85708 kB
Cached:          1323516 kB
MemTotal:        1844596 kB
MemFree:          221540 kB
MemAvailable:    1524464 kB
Buffers:           85708 kB
Cached:          1323516 kB
MemTotal:        1844596 kB
MemFree:          220308 kB
MemAvailable:    1523232 kB
Buffers:           85708 kB
Cached:          1323516 kB
MemTotal:        1844596 kB
MemFree:          221772 kB
MemAvailable:    1524696 kB
Buffers:           85708 kB
Cached:          1323516 kB
MemTotal:        1844596 kB
MemFree:          221712 kB
MemAvailable:    1524636 kB
Buffers:           85708 kB
Cached:          1323516 kB
MemTotal:        1844596 kB
MemFree:          221712 kB
MemAvailable:    1524636 kB
Buffers:           85708 kB
Cached:          1323516 kB
MemTotal:        1844596 kB
MemFree:          221720 kB
MemAvailable:    1524644 kB
Buffers:           85708 kB
Cached:          1323516 kB
MemTotal:        1844596 kB
MemFree:          221724 kB
MemAvailable:    1524648 kB
Buffers:           85708 kB
Cached:          1323516 kB
MemTotal:        1844596 kB
MemFree:          221224 kB
MemAvailable:    1524148 kB
Buffers:           85708 kB
Cached:          1323516 kB
MemTotal:        1844596 kB
MemFree:          221532 kB
MemAvailable:    1524456 kB
Buffers:           85708 kB
Cached:          1323516 kB
MemTotal:        1844596 kB
MemFree:          221600 kB
MemAvailable:    1524524 kB
Buffers:           85708 kB
Cached:          1323516 kB
MemTotal:        1844596 kB
MemFree:          219968 kB
MemAvailable:    1522892 kB
Buffers:           85708 kB
Cached:          1323516 kB
MemTotal:        1844596 kB
MemFree:          220220 kB
MemAvailable:    1523144 kB
Buffers:           85708 kB
Cached:          1323516 kB
MemTotal:        1844596 kB
MemFree:          215892 kB
MemAvailable:    1518816 kB
Buffers:           85708 kB
Cached:          1323516 kB
MemTotal:        1844596 kB
MemFree:          214216 kB
MemAvailable:    1517140 kB
Buffers:           85708 kB
Cached:          1323516 kB
MemTotal:        1844596 kB
MemFree:          212348 kB
MemAvailable:    1515272 kB
Buffers:           85708 kB
Cached:          1323516 kB
MemTotal:        1844596 kB
MemFree:          210916 kB
MemAvailable:    1513840 kB
Buffers:           85708 kB
Cached:          1323516 kB
MemTotal:        1844596 kB
MemFree:          211620 kB
MemAvailable:    1514544 kB
Buffers:           85708 kB
Cached:          1323516 kB
MemTotal:        1844596 kB
MemFree:          211876 kB
MemAvailable:    1514800 kB
Buffers:           85708 kB
Cached:          1323516 kB
MemTotal:        1844596 kB
MemFree:          211860 kB
MemAvailable:    1514784 kB
Buffers:           85708 kB
Cached:          1323516 kB
MemTotal:        1844596 kB
MemFree:          211488 kB
MemAvailable:    1514412 kB
Buffers:           85708 kB
Cached:          1323516 kB
MemTotal:        1844596 kB
MemFree:          211048 kB
MemAvailable:    1513972 kB
Buffers:           85708 kB
Cached:          1323516 kB
MemTotal:        1844596 kB
MemFree:          211240 kB
MemAvailable:    1514164 kB
Buffers:           85708 kB
Cached:          1323516 kB
MemTotal:        1844596 kB
MemFree:          210372 kB
MemAvailable:    1513296 kB
Buffers:           85708 kB
Cached:          1323516 kB
MemTotal:        1844596 kB
MemFree:          210312 kB
MemAvailable:    1513236 kB
Buffers:           85708 kB
Cached:          1323516 kB
MemTotal:        1844596 kB
MemFree:          209320 kB
MemAvailable:    1512244 kB
Buffers:           85708 kB
Cached:          1323516 kB
MemTotal:        1844596 kB
MemFree:          210068 kB
MemAvailable:    1512992 kB
Buffers:           85708 kB
Cached:          1323516 kB
MemTotal:        1844596 kB
MemFree:          209980 kB
MemAvailable:    1512904 kB
Buffers:           85708 kB
Cached:          1323516 kB
MemTotal:        1844596 kB
MemFree:          208924 kB
MemAvailable:    1511848 kB
Buffers:           85708 kB
Cached:          1323516 kB
MemTotal:        1844596 kB
MemFree:          210032 kB
MemAvailable:    1512956 kB
Buffers:           85708 kB
Cached:          1323516 kB
MemTotal:        1844596 kB
MemFree:          208700 kB
MemAvailable:    1511636 kB
Buffers:           85708 kB
Cached:          1323528 kB
MemTotal:        1844596 kB
MemFree:          209808 kB
MemAvailable:    1512744 kB
Buffers:           85708 kB
Cached:          1323528 kB
MemTotal:        1844596 kB
MemFree:          210064 kB
MemAvailable:    1513000 kB
Buffers:           85708 kB
Cached:          1323528 kB
MemTotal:        1844596 kB
MemFree:          209628 kB
MemAvailable:    1512564 kB
Buffers:           85708 kB
Cached:          1323528 kB
MemTotal:        1844596 kB
MemFree:          209692 kB
MemAvailable:    1512628 kB
Buffers:           85708 kB
Cached:          1323528 kB
MemTotal:        1844596 kB
MemFree:          208812 kB
MemAvailable:    1511748 kB
Buffers:           85708 kB
Cached:          1323528 kB
MemTotal:        1844596 kB
MemFree:          209928 kB
MemAvailable:    1512864 kB
Buffers:           85708 kB
Cached:          1323528 kB
MemTotal:        1844596 kB
MemFree:          209844 kB
MemAvailable:    1512780 kB
Buffers:           85708 kB
Cached:          1323528 kB
MemTotal:        1844596 kB
MemFree:          210016 kB
MemAvailable:    1512952 kB
Buffers:           85708 kB
Cached:          1323528 kB
MemTotal:        1844596 kB
MemFree:          210052 kB
MemAvailable:    1512988 kB
Buffers:           85708 kB
Cached:          1323528 kB
MemTotal:        1844596 kB
MemFree:          209740 kB
MemAvailable:    1512676 kB
Buffers:           85708 kB
Cached:          1323528 kB
MemTotal:        1844596 kB
MemFree:          209824 kB
MemAvailable:    1512760 kB
Buffers:           85708 kB
Cached:          1323528 kB
MemTotal:        1844596 kB
MemFree:          208504 kB
MemAvailable:    1511440 kB
Buffers:           85708 kB
Cached:          1323528 kB
MemTotal:        1844596 kB
MemFree:          206096 kB
MemAvailable:    1509032 kB
Buffers:           85708 kB
Cached:          1323528 kB
MemTotal:        1844596 kB
MemFree:          203916 kB
MemAvailable:    1506852 kB
Buffers:           85708 kB
Cached:          1323528 kB
MemTotal:        1844596 kB
MemFree:          200888 kB
MemAvailable:    1503824 kB
Buffers:           85708 kB
Cached:          1323528 kB
MemTotal:        1844596 kB
MemFree:          200268 kB
MemAvailable:    1503204 kB
Buffers:           85708 kB
Cached:          1323528 kB
MemTotal:        1844596 kB
MemFree:          197044 kB
MemAvailable:    1499980 kB
Buffers:           85708 kB
Cached:          1323528 kB
MemTotal:        1844596 kB
MemFree:          197904 kB
MemAvailable:    1500840 kB
Buffers:           85708 kB
Cached:          1323528 kB
MemTotal:        1844596 kB
MemFree:          197904 kB
MemAvailable:    1500840 kB
Buffers:           85708 kB
Cached:          1323528 kB
MemTotal:        1844596 kB
MemFree:          197972 kB
MemAvailable:    1500908 kB
Buffers:           85708 kB
Cached:          1323528 kB
MemTotal:        1844596 kB
MemFree:          197716 kB
MemAvailable:    1500652 kB
Buffers:           85708 kB
Cached:          1323528 kB
MemTotal:        1844596 kB
MemFree:          196540 kB
MemAvailable:    1499476 kB
Buffers:           85708 kB
Cached:          1323528 kB
MemTotal:        1844596 kB
MemFree:          197664 kB
MemAvailable:    1500600 kB
Buffers:           85708 kB
Cached:          1323528 kB
MemTotal:        1844596 kB
MemFree:          197728 kB
MemAvailable:    1500664 kB
Buffers:           85708 kB
Cached:          1323528 kB
MemTotal:        1844596 kB
MemFree:          197920 kB
MemAvailable:    1500856 kB
Buffers:           85708 kB
Cached:          1323528 kB
MemTotal:        1844596 kB
MemFree:          197532 kB
MemAvailable:    1500468 kB
Buffers:           85708 kB
Cached:          1323528 kB
MemTotal:        1844596 kB
MemFree:          197208 kB
MemAvailable:    1500144 kB
Buffers:           85708 kB
Cached:          1323528 kB
MemTotal:        1844596 kB
MemFree:          197544 kB
MemAvailable:    1500480 kB
Buffers:           85708 kB
Cached:          1323528 kB
MemTotal:        1844596 kB
MemFree:          197084 kB
MemAvailable:    1500020 kB
Buffers:           85708 kB
Cached:          1323528 kB
MemTotal:        1844596 kB
MemFree:          197252 kB
MemAvailable:    1500188 kB
Buffers:           85708 kB
Cached:          1323528 kB
MemTotal:        1844596 kB
MemFree:          196988 kB
MemAvailable:    1499924 kB
Buffers:           85708 kB
Cached:          1323528 kB
MemTotal:        1844596 kB
MemFree:          197156 kB
MemAvailable:    1500092 kB
Buffers:           85708 kB
Cached:          1323528 kB
MemTotal:        1844596 kB
MemFree:          197220 kB
MemAvailable:    1500156 kB
Buffers:           85708 kB
Cached:          1323528 kB
MemTotal:        1844596 kB
MemFree:          197020 kB
MemAvailable:    1499956 kB
Buffers:           85708 kB
Cached:          1323528 kB
MemTotal:        1844596 kB
MemFree:          197188 kB
MemAvailable:    1500124 kB
Buffers:           85708 kB
Cached:          1323528 kB
MemTotal:        1844596 kB
MemFree:          197036 kB
MemAvailable:    1499972 kB
Buffers:           85708 kB
Cached:          1323528 kB
MemTotal:        1844596 kB
MemFree:          197292 kB
MemAvailable:    1500228 kB
Buffers:           85708 kB
Cached:          1323528 kB
MemTotal:        1844596 kB
MemFree:          197300 kB
MemAvailable:    1500236 kB
Buffers:           85708 kB
Cached:          1323528 kB
MemTotal:        1844596 kB
MemFree:          197344 kB
MemAvailable:    1500280 kB
Buffers:           85708 kB
Cached:          1323528 kB
MemTotal:        1844596 kB
MemFree:          196972 kB
MemAvailable:    1499908 kB
Buffers:           85708 kB
Cached:          1323528 kB
MemTotal:        1844596 kB
MemFree:          196536 kB
MemAvailable:    1499472 kB
Buffers:           85708 kB
Cached:          1323528 kB
MemTotal:        1844596 kB
MemFree:          196028 kB
MemAvailable:    1498964 kB
Buffers:           85708 kB
Cached:          1323528 kB
MemTotal:        1844596 kB
MemFree:          197272 kB
MemAvailable:    1500208 kB
Buffers:           85708 kB
Cached:          1323528 kB
MemTotal:        1844596 kB
MemFree:          197228 kB
MemAvailable:    1500164 kB
Buffers:           85708 kB
Cached:          1323528 kB
MemTotal:        1844596 kB
MemFree:          197244 kB
MemAvailable:    1500180 kB
Buffers:           85708 kB
Cached:          1323528 kB
MemTotal:        1844596 kB
MemFree:          197036 kB
MemAvailable:    1499972 kB
Buffers:           85708 kB
Cached:          1323528 kB
MemTotal:        1844596 kB
MemFree:          197204 kB
MemAvailable:    1500140 kB
Buffers:           85708 kB
Cached:          1323528 kB
MemTotal:        1844596 kB
MemFree:          197028 kB
MemAvailable:    1499964 kB
Buffers:           85708 kB
Cached:          1323528 kB
MemTotal:        1844596 kB
MemFree:          197364 kB
MemAvailable:    1500300 kB
Buffers:           85708 kB
Cached:          1323528 kB
MemTotal:        1844596 kB
MemFree:          192640 kB
MemAvailable:    1495576 kB
Buffers:           85708 kB
Cached:          1323528 kB
MemTotal:        1844596 kB
MemFree:          187232 kB
MemAvailable:    1490168 kB
Buffers:           85708 kB
Cached:          1323528 kB
MemTotal:        1844596 kB
MemFree:          187320 kB
MemAvailable:    1490256 kB
Buffers:           85708 kB
Cached:          1323528 kB
MemTotal:        1844596 kB
MemFree:          187044 kB
MemAvailable:    1489980 kB
Buffers:           85708 kB
Cached:          1323528 kB
MemTotal:        1844596 kB
MemFree:          186008 kB
MemAvailable:    1488944 kB
Buffers:           85708 kB
Cached:          1323528 kB
MemTotal:        1844596 kB
MemFree:          186916 kB
MemAvailable:    1489852 kB
Buffers:           85708 kB
Cached:          1323528 kB
MemTotal:        1844596 kB
MemFree:          187020 kB
MemAvailable:    1489956 kB
Buffers:           85708 kB
Cached:          1323528 kB
MemTotal:        1844596 kB
MemFree:          185760 kB
MemAvailable:    1488696 kB
Buffers:           85708 kB
Cached:          1323528 kB
MemTotal:        1844596 kB
MemFree:          186256 kB
MemAvailable:    1489192 kB
Buffers:           85708 kB
Cached:          1323528 kB
MemTotal:        1844596 kB
MemFree:          186916 kB
MemAvailable:    1489852 kB
Buffers:           85708 kB
Cached:          1323528 kB
MemTotal:        1844596 kB
MemFree:          185568 kB
MemAvailable:    1488504 kB
Buffers:           85708 kB
Cached:          1323528 kB
MemTotal:        1844596 kB
MemFree:          186788 kB
MemAvailable:    1489724 kB
Buffers:           85708 kB
Cached:          1323528 kB
MemTotal:        1844596 kB
MemFree:          186688 kB
MemAvailable:    1489624 kB
Buffers:           85708 kB
Cached:          1323528 kB
MemTotal:        1844596 kB
MemFree:          186700 kB
MemAvailable:    1489636 kB
Buffers:           85708 kB
Cached:          1323528 kB
MemTotal:        1844596 kB
MemFree:          186132 kB
MemAvailable:    1489072 kB
Buffers:           85708 kB
Cached:          1323532 kB
MemTotal:        1844596 kB
MemFree:          187308 kB
MemAvailable:    1490248 kB
Buffers:           85708 kB
Cached:          1323532 kB
MemTotal:        1844596 kB
MemFree:          186852 kB
MemAvailable:    1489792 kB
Buffers:           85708 kB
Cached:          1323532 kB
MemTotal:        1844596 kB
MemFree:          187072 kB
MemAvailable:    1490012 kB
Buffers:           85708 kB
Cached:          1323532 kB
MemTotal:        1844596 kB
MemFree:          185868 kB
MemAvailable:    1488808 kB
Buffers:           85708 kB
Cached:          1323532 kB
MemTotal:        1844596 kB
MemFree:          186204 kB
MemAvailable:    1489144 kB
Buffers:           85708 kB
Cached:          1323532 kB
MemTotal:        1844596 kB
MemFree:          184944 kB
MemAvailable:    1487884 kB
Buffers:           85708 kB
Cached:          1323532 kB
MemTotal:        1844596 kB
MemFree:          184696 kB
MemAvailable:    1487636 kB
Buffers:           85708 kB
Cached:          1323532 kB
MemTotal:        1844596 kB
MemFree:          184564 kB
MemAvailable:    1487504 kB
Buffers:           85708 kB
Cached:          1323532 kB
MemTotal:        1844596 kB
MemFree:          184148 kB
MemAvailable:    1487088 kB
Buffers:           85708 kB
Cached:          1323532 kB
MemTotal:        1844596 kB
MemFree:          184368 kB
MemAvailable:    1487308 kB
Buffers:           85708 kB
Cached:          1323532 kB
MemTotal:        1844596 kB
MemFree:          184704 kB
MemAvailable:    1487644 kB
Buffers:           85708 kB
Cached:          1323532 kB
MemTotal:        1844596 kB
MemFree:          184488 kB
MemAvailable:    1487428 kB
Buffers:           85708 kB
Cached:          1323532 kB
MemTotal:        1844596 kB
MemFree:          184488 kB
MemAvailable:    1487428 kB
Buffers:           85708 kB
Cached:          1323532 kB
MemTotal:        1844596 kB
MemFree:          184852 kB
MemAvailable:    1487792 kB
Buffers:           85708 kB
Cached:          1323532 kB
MemTotal:        1844596 kB
MemFree:          184024 kB
MemAvailable:    1486964 kB
Buffers:           85708 kB
Cached:          1323532 kB
MemTotal:        1844596 kB
MemFree:          184492 kB
MemAvailable:    1487432 kB
Buffers:           85708 kB
Cached:          1323532 kB
MemTotal:        1844596 kB
MemFree:          184652 kB
MemAvailable:    1487592 kB
Buffers:           85708 kB
Cached:          1323532 kB
MemTotal:        1844596 kB
MemFree:          183592 kB
MemAvailable:    1486532 kB
Buffers:           85708 kB
Cached:          1323532 kB
MemTotal:        1844596 kB
MemFree:          184320 kB
MemAvailable:    1487268 kB
Buffers:           85708 kB
Cached:          1323540 kB
MemTotal:        1844596 kB
MemFree:          184656 kB
MemAvailable:    1487604 kB
Buffers:           85708 kB
Cached:          1323540 kB
MemTotal:        1844596 kB
MemFree:          183280 kB
MemAvailable:    1486228 kB
Buffers:           85708 kB
Cached:          1323540 kB
MemTotal:        1844596 kB
MemFree:          184380 kB
MemAvailable:    1487328 kB
Buffers:           85708 kB
Cached:          1323540 kB
MemTotal:        1844596 kB
MemFree:          184716 kB
MemAvailable:    1487664 kB
Buffers:           85708 kB
Cached:          1323540 kB
MemTotal:        1844596 kB
MemFree:          184332 kB
MemAvailable:    1487280 kB
Buffers:           85708 kB
Cached:          1323540 kB
MemTotal:        1844596 kB
MemFree:          184668 kB
MemAvailable:    1487616 kB
Buffers:           85708 kB
Cached:          1323540 kB
MemTotal:        1844596 kB
MemFree:          184592 kB
MemAvailable:    1487540 kB
Buffers:           85708 kB
Cached:          1323540 kB
MemTotal:        1844596 kB
MemFree:          184628 kB
MemAvailable:    1487576 kB
Buffers:           85708 kB
Cached:          1323540 kB
MemTotal:        1844596 kB
MemFree:          183340 kB
MemAvailable:    1486288 kB
Buffers:           85708 kB
Cached:          1323540 kB
MemTotal:        1844596 kB
MemFree:          183456 kB
MemAvailable:    1486404 kB
Buffers:           85708 kB
Cached:          1323540 kB
MemTotal:        1844596 kB
MemFree:          184580 kB
MemAvailable:    1487528 kB
Buffers:           85708 kB
Cached:          1323540 kB
MemTotal:        1844596 kB
MemFree:          184640 kB
MemAvailable:    1487588 kB
Buffers:           85708 kB
Cached:          1323540 kB
MemTotal:        1844596 kB
MemFree:          184676 kB
MemAvailable:    1487624 kB
Buffers:           85708 kB
Cached:          1323540 kB
MemTotal:        1844596 kB
MemFree:          183900 kB
MemAvailable:    1486848 kB
Buffers:           85708 kB
Cached:          1323540 kB
MemTotal:        1844596 kB
MemFree:          184392 kB
MemAvailable:    1487340 kB
Buffers:           85708 kB
Cached:          1323540 kB
MemTotal:        1844596 kB
MemFree:          181916 kB
MemAvailable:    1484864 kB
Buffers:           85708 kB
Cached:          1323540 kB
MemTotal:        1844596 kB
MemFree:          177948 kB
MemAvailable:    1480896 kB
Buffers:           85708 kB
Cached:          1323540 kB
MemTotal:        1844596 kB
MemFree:          174848 kB
MemAvailable:    1477796 kB
Buffers:           85708 kB
Cached:          1323540 kB
MemTotal:        1844596 kB
MemFree:          173840 kB
MemAvailable:    1476788 kB
Buffers:           85708 kB
Cached:          1323540 kB
MemTotal:        1844596 kB
MemFree:          171724 kB
MemAvailable:    1474672 kB
Buffers:           85708 kB
Cached:          1323540 kB
MemTotal:        1844596 kB
MemFree:          172060 kB
MemAvailable:    1475008 kB
Buffers:           85708 kB
Cached:          1323540 kB
MemTotal:        1844596 kB
MemFree:          171600 kB
MemAvailable:    1474548 kB
Buffers:           85708 kB
Cached:          1323540 kB
MemTotal:        1844596 kB
MemFree:          171600 kB
MemAvailable:    1474548 kB
Buffers:           85708 kB
Cached:          1323540 kB
MemTotal:        1844596 kB
MemFree:          171524 kB
MemAvailable:    1474472 kB
Buffers:           85708 kB
Cached:          1323540 kB
MemTotal:        1844596 kB
MemFree:          171292 kB
MemAvailable:    1474240 kB
Buffers:           85708 kB
Cached:          1323540 kB
MemTotal:        1844596 kB
MemFree:          171548 kB
MemAvailable:    1474496 kB
Buffers:           85708 kB
Cached:          1323540 kB
MemTotal:        1844596 kB
MemFree:          171460 kB
MemAvailable:    1474408 kB
Buffers:           85708 kB
Cached:          1323540 kB
MemTotal:        1844596 kB
MemFree:          171236 kB
MemAvailable:    1474184 kB
Buffers:           85708 kB
Cached:          1323540 kB
MemTotal:        1844596 kB
MemFree:          171572 kB
MemAvailable:    1474520 kB
Buffers:           85708 kB
Cached:          1323540 kB
MemTotal:        1844596 kB
MemFree:          171412 kB
MemAvailable:    1474360 kB
Buffers:           85708 kB
Cached:          1323540 kB
MemTotal:        1844596 kB
MemFree:          171100 kB
MemAvailable:    1474048 kB
Buffers:           85708 kB
Cached:          1323540 kB
MemTotal:        1844596 kB
MemFree:          171268 kB
MemAvailable:    1474216 kB
Buffers:           85708 kB
Cached:          1323540 kB
MemTotal:        1844596 kB
MemFree:          171248 kB
MemAvailable:    1474196 kB
Buffers:           85708 kB
Cached:          1323540 kB
MemTotal:        1844596 kB
MemFree:          171176 kB
MemAvailable:    1474124 kB
Buffers:           85708 kB
Cached:          1323540 kB
MemTotal:        1844596 kB
MemFree:          171432 kB
MemAvailable:    1474380 kB
Buffers:           85708 kB
Cached:          1323540 kB
MemTotal:        1844596 kB
MemFree:          171272 kB
MemAvailable:    1474220 kB
Buffers:           85708 kB
Cached:          1323540 kB
MemTotal:        1844596 kB
MemFree:          171312 kB
MemAvailable:    1474260 kB
Buffers:           85708 kB
Cached:          1323540 kB
MemTotal:        1844596 kB
MemFree:          170212 kB
MemAvailable:    1473160 kB
Buffers:           85708 kB
Cached:          1323540 kB
MemTotal:        1844596 kB
MemFree:          171264 kB
MemAvailable:    1474212 kB
Buffers:           85708 kB
Cached:          1323540 kB
MemTotal:        1844596 kB
MemFree:          171264 kB
MemAvailable:    1474212 kB
Buffers:           85708 kB
Cached:          1323540 kB
MemTotal:        1844596 kB
MemFree:          171100 kB
MemAvailable:    1474048 kB
Buffers:           85708 kB
Cached:          1323540 kB
MemTotal:        1844596 kB
MemFree:          171436 kB
MemAvailable:    1474384 kB
Buffers:           85708 kB
Cached:          1323540 kB
MemTotal:        1844596 kB
MemFree:          171312 kB
MemAvailable:    1474260 kB
Buffers:           85708 kB
Cached:          1323540 kB
MemTotal:        1844596 kB
MemFree:          169964 kB
MemAvailable:    1472912 kB
Buffers:           85708 kB
Cached:          1323540 kB
MemTotal:        1844596 kB
MemFree:          170088 kB
MemAvailable:    1473036 kB
Buffers:           85708 kB
Cached:          1323540 kB
MemTotal:        1844596 kB
MemFree:          171264 kB
MemAvailable:    1474212 kB
Buffers:           85708 kB
Cached:          1323540 kB
MemTotal:        1844596 kB
MemFree:          170940 kB
MemAvailable:    1473888 kB
Buffers:           85708 kB
Cached:          1323540 kB
MemTotal:        1844596 kB
MemFree:          170616 kB
MemAvailable:    1473564 kB
Buffers:           85708 kB
Cached:          1323540 kB
MemTotal:        1844596 kB
MemFree:          170952 kB
MemAvailable:    1473900 kB
Buffers:           85708 kB
Cached:          1323540 kB
MemTotal:        1844596 kB
MemFree:          170624 kB
MemAvailable:    1473572 kB
Buffers:           85708 kB
Cached:          1323540 kB
MemTotal:        1844596 kB
MemFree:          170552 kB
MemAvailable:    1473500 kB
Buffers:           85708 kB
Cached:          1323540 kB
MemTotal:        1844596 kB
MemFree:          170180 kB
MemAvailable:    1473128 kB
Buffers:           85708 kB
Cached:          1323540 kB
MemTotal:        1844596 kB
MemFree:          170180 kB
MemAvailable:    1473128 kB
Buffers:           85708 kB
Cached:          1323540 kB
MemTotal:        1844596 kB
MemFree:          170072 kB
MemAvailable:    1473020 kB
Buffers:           85708 kB
Cached:          1323540 kB
MemTotal:        1844596 kB
MemFree:          170328 kB
MemAvailable:    1473276 kB
Buffers:           85708 kB
Cached:          1323540 kB
MemTotal:        1844596 kB
MemFree:          164928 kB
MemAvailable:    1467876 kB
Buffers:           85708 kB
Cached:          1323540 kB
MemTotal:        1844596 kB
MemFree:          162564 kB
MemAvailable:    1465512 kB
Buffers:           85708 kB
Cached:          1323540 kB
MemTotal:        1844596 kB
MemFree:          161688 kB
MemAvailable:    1464636 kB
Buffers:           85708 kB
Cached:          1323540 kB
MemTotal:        1844596 kB
MemFree:          161580 kB
MemAvailable:    1464528 kB
Buffers:           85708 kB
Cached:          1323540 kB
MemTotal:        1844596 kB
MemFree:          160572 kB
MemAvailable:    1463520 kB
Buffers:           85708 kB
Cached:          1323540 kB
MemTotal:        1844596 kB
MemFree:          158356 kB
MemAvailable:    1461304 kB
Buffers:           85708 kB
Cached:          1323540 kB
MemTotal:        1844596 kB
MemFree:          159340 kB
MemAvailable:    1462288 kB
Buffers:           85708 kB
Cached:          1323540 kB
MemTotal:        1844596 kB
MemFree:          157672 kB
MemAvailable:    1460620 kB
Buffers:           85708 kB
Cached:          1323540 kB
MemTotal:        1844596 kB
MemFree:          156992 kB
MemAvailable:    1459940 kB
Buffers:           85708 kB
Cached:          1323540 kB
MemTotal:        1844596 kB
MemFree:          157620 kB
MemAvailable:    1460568 kB
Buffers:           85708 kB
Cached:          1323540 kB
MemTotal:        1844596 kB
MemFree:          156480 kB
MemAvailable:    1459428 kB
Buffers:           85708 kB
Cached:          1323540 kB
MemTotal:        1844596 kB
MemFree:          156224 kB
MemAvailable:    1459172 kB
Buffers:           85708 kB
Cached:          1323540 kB
MemTotal:        1844596 kB
MemFree:          157348 kB
MemAvailable:    1460296 kB
Buffers:           85708 kB
Cached:          1323540 kB
MemTotal:        1844596 kB
MemFree:          157348 kB
MemAvailable:    1460296 kB
Buffers:           85708 kB
Cached:          1323540 kB
MemTotal:        1844596 kB
MemFree:          157528 kB
MemAvailable:    1460476 kB
Buffers:           85708 kB
Cached:          1323540 kB
MemTotal:        1844596 kB
MemFree:          156248 kB
MemAvailable:    1459196 kB
Buffers:           85708 kB
Cached:          1323540 kB
MemTotal:        1844596 kB
MemFree:          157564 kB
MemAvailable:    1460512 kB
Buffers:           85708 kB
Cached:          1323540 kB
MemTotal:        1844596 kB
MemFree:          157356 kB
MemAvailable:    1460304 kB
Buffers:           85708 kB
Cached:          1323540 kB
MemTotal:        1844596 kB
MemFree:          157612 kB
MemAvailable:    1460560 kB
Buffers:           85708 kB
Cached:          1323540 kB
MemTotal:        1844596 kB
MemFree:          157416 kB
MemAvailable:    1460364 kB
Buffers:           85708 kB
Cached:          1323540 kB
MemTotal:        1844596 kB
MemFree:          156324 kB
MemAvailable:    1459272 kB
Buffers:           85708 kB
Cached:          1323540 kB
MemTotal:        1844596 kB
MemFree:          155944 kB
MemAvailable:    1458892 kB
Buffers:           85708 kB
Cached:          1323540 kB
MemTotal:        1844596 kB
MemFree:          157224 kB
MemAvailable:    1460172 kB
Buffers:           85708 kB
Cached:          1323540 kB
MemTotal:        1844596 kB
MemFree:          157564 kB
MemAvailable:    1460512 kB
Buffers:           85708 kB
Cached:          1323540 kB
MemTotal:        1844596 kB
MemFree:          157428 kB
MemAvailable:    1460376 kB
Buffers:           85708 kB
Cached:          1323540 kB
MemTotal:        1844596 kB
MemFree:          157428 kB
MemAvailable:    1460376 kB
Buffers:           85708 kB
Cached:          1323540 kB
MemTotal:        1844596 kB
MemFree:          157376 kB
MemAvailable:    1460336 kB
Buffers:           85708 kB
Cached:          1323552 kB
MemTotal:        1844596 kB
MemFree:          157504 kB
MemAvailable:    1460464 kB
Buffers:           85708 kB
Cached:          1323552 kB
MemTotal:        1844596 kB
MemFree:          157564 kB
MemAvailable:    1460524 kB
Buffers:           85708 kB
Cached:          1323552 kB
MemTotal:        1844596 kB
MemFree:          156736 kB
MemAvailable:    1459696 kB
Buffers:           85708 kB
Cached:          1323552 kB
MemTotal:        1844596 kB
MemFree:          156992 kB
MemAvailable:    1459952 kB
Buffers:           85708 kB
Cached:          1323552 kB
MemTotal:        1844596 kB
MemFree:          157796 kB
MemAvailable:    1460756 kB
Buffers:           85708 kB
Cached:          1323552 kB
MemTotal:        1844596 kB
MemFree:          157984 kB
MemAvailable:    1460944 kB
Buffers:           85708 kB
Cached:          1323552 kB
MemTotal:        1844596 kB
MemFree:          156620 kB
MemAvailable:    1459580 kB
Buffers:           85708 kB
Cached:          1323552 kB
MemTotal:        1844596 kB
MemFree:          157472 kB
MemAvailable:    1460432 kB
Buffers:           85708 kB
Cached:          1323552 kB
MemTotal:        1844596 kB
MemFree:          157472 kB
MemAvailable:    1460432 kB
Buffers:           85708 kB
Cached:          1323552 kB
MemTotal:        1844596 kB
MemFree:          157212 kB
MemAvailable:    1460172 kB
Buffers:           85708 kB
Cached:          1323552 kB
MemTotal:        1844596 kB
MemFree:          157548 kB
MemAvailable:    1460508 kB
Buffers:           85708 kB
Cached:          1323552 kB
MemTotal:        1844596 kB
MemFree:          156228 kB
MemAvailable:    1459188 kB
Buffers:           85708 kB
Cached:          1323552 kB
MemTotal:        1844596 kB
MemFree:          157280 kB
MemAvailable:    1460240 kB
Buffers:           85708 kB
Cached:          1323552 kB
MemTotal:        1844596 kB
MemFree:          157148 kB
MemAvailable:    1460108 kB
Buffers:           85708 kB
Cached:          1323552 kB
MemTotal:        1844596 kB
MemFree:          157144 kB
MemAvailable:    1460104 kB
Buffers:           85708 kB
Cached:          1323552 kB
MemTotal:        1844596 kB
MemFree:          156820 kB
MemAvailable:    1459780 kB
Buffers:           85708 kB
Cached:          1323552 kB
MemTotal:        1844596 kB
MemFree:          157076 kB
MemAvailable:    1460036 kB
Buffers:           85708 kB
Cached:          1323552 kB
MemTotal:        1844596 kB
MemFree:          156920 kB
MemAvailable:    1459880 kB
Buffers:           85708 kB
Cached:          1323552 kB
MemTotal:        1844596 kB
MemFree:          155744 kB
MemAvailable:    1458704 kB
Buffers:           85708 kB
Cached:          1323552 kB
MemTotal:        1844596 kB
MemFree:          156504 kB
MemAvailable:    1459464 kB
Buffers:           85708 kB
Cached:          1323552 kB
MemTotal:        1844596 kB
MemFree:          156872 kB
MemAvailable:    1459832 kB
Buffers:           85708 kB
Cached:          1323552 kB
MemTotal:        1844596 kB
MemFree:          157020 kB
MemAvailable:    1459980 kB
Buffers:           85708 kB
Cached:          1323552 kB
MemTotal:        1844596 kB
MemFree:          155828 kB
MemAvailable:    1458788 kB
Buffers:           85708 kB
Cached:          1323552 kB
MemTotal:        1844596 kB
MemFree:          155828 kB
MemAvailable:    1458788 kB
Buffers:           85708 kB
Cached:          1323552 kB
MemTotal:        1844596 kB
MemFree:          156372 kB
MemAvailable:    1459332 kB
Buffers:           85708 kB
Cached:          1323552 kB
MemTotal:        1844596 kB
MemFree:          156124 kB
MemAvailable:    1459088 kB
Buffers:           85708 kB
Cached:          1323556 kB
MemTotal:        1844596 kB
MemFree:          156248 kB
MemAvailable:    1459212 kB
Buffers:           85708 kB
Cached:          1323556 kB
MemTotal:        1844596 kB
MemFree:          157424 kB
MemAvailable:    1460388 kB
Buffers:           85708 kB
Cached:          1323556 kB
MemTotal:        1844596 kB
MemFree:          156124 kB
MemAvailable:    1459088 kB
Buffers:           85708 kB
Cached:          1323556 kB
MemTotal:        1844596 kB
MemFree:          155868 kB
MemAvailable:    1458832 kB
Buffers:           85708 kB
Cached:          1323556 kB
MemTotal:        1844596 kB
MemFree:          159816 kB
MemAvailable:    1462780 kB
Buffers:           85708 kB
Cached:          1323556 kB
MemTotal:        1844596 kB
MemFree:          159816 kB
MemAvailable:    1462780 kB
Buffers:           85708 kB
Cached:          1323556 kB
MemTotal:        1844596 kB
MemFree:          155116 kB
MemAvailable:    1458080 kB
Buffers:           85708 kB
Cached:          1323556 kB
MemTotal:        1844596 kB
MemFree:          153768 kB
MemAvailable:    1456732 kB
Buffers:           85708 kB
Cached:          1323556 kB
MemTotal:        1844596 kB
MemFree:          151280 kB
MemAvailable:    1454244 kB
Buffers:           85708 kB
Cached:          1323556 kB
MemTotal:        1844596 kB
MemFree:          152520 kB
MemAvailable:    1455484 kB
Buffers:           85708 kB
Cached:          1323556 kB
MemTotal:        1844596 kB
MemFree:          152076 kB
MemAvailable:    1455040 kB
Buffers:           85708 kB
Cached:          1323556 kB
MemTotal:        1844596 kB
MemFree:          151844 kB
MemAvailable:    1454808 kB
Buffers:           85708 kB
Cached:          1323556 kB
MemTotal:        1844596 kB
MemFree:          151844 kB
MemAvailable:    1454808 kB
Buffers:           85708 kB
Cached:          1323556 kB
MemTotal:        1844596 kB
MemFree:          151636 kB
MemAvailable:    1454600 kB
Buffers:           85708 kB
Cached:          1323556 kB
MemTotal:        1844596 kB
MemFree:          150536 kB
MemAvailable:    1453500 kB
Buffers:           85708 kB
Cached:          1323556 kB
MemTotal:        1844596 kB
MemFree:          151568 kB
MemAvailable:    1454532 kB
Buffers:           85708 kB
Cached:          1323556 kB
MemTotal:        1844596 kB
MemFree:          151576 kB
MemAvailable:    1454540 kB
Buffers:           85708 kB
Cached:          1323556 kB
MemTotal:        1844596 kB
MemFree:          151500 kB
MemAvailable:    1454464 kB
Buffers:           85708 kB
Cached:          1323556 kB
MemTotal:        1844596 kB
MemFree:          151164 kB
MemAvailable:    1454128 kB
Buffers:           85708 kB
Cached:          1323556 kB
MemTotal:        1844596 kB
MemFree:          151092 kB
MemAvailable:    1454056 kB
Buffers:           85708 kB
Cached:          1323556 kB
MemTotal:        1844596 kB
MemFree:          149992 kB
MemAvailable:    1452956 kB
Buffers:           85708 kB
Cached:          1323556 kB
MemTotal:        1844596 kB
MemFree:          150148 kB
MemAvailable:    1453112 kB
Buffers:           85708 kB
Cached:          1323556 kB
MemTotal:        1844596 kB
MemFree:          152856 kB
MemAvailable:    1455820 kB
Buffers:           85708 kB
Cached:          1323556 kB
MemTotal:        1844596 kB
MemFree:          152856 kB
MemAvailable:    1455820 kB
Buffers:           85708 kB
Cached:          1323556 kB
MemTotal:        1844596 kB
MemFree:          151736 kB
MemAvailable:    1454700 kB
Buffers:           85708 kB
Cached:          1323556 kB
MemTotal:        1844596 kB
MemFree:          152404 kB
MemAvailable:    1455368 kB
Buffers:           85708 kB
Cached:          1323556 kB
MemTotal:        1844596 kB
MemFree:          152528 kB
MemAvailable:    1455492 kB
Buffers:           85708 kB
Cached:          1323556 kB
MemTotal:        1844596 kB
MemFree:          153500 kB
MemAvailable:    1456464 kB
Buffers:           85708 kB
Cached:          1323556 kB
MemTotal:        1844596 kB
MemFree:          152280 kB
MemAvailable:    1455244 kB
Buffers:           85708 kB
Cached:          1323556 kB
MemTotal:        1844596 kB
MemFree:          152156 kB
MemAvailable:    1455124 kB
Buffers:           85708 kB
Cached:          1323560 kB
MemTotal:        1844596 kB
MemFree:          152032 kB
MemAvailable:    1455000 kB
Buffers:           85708 kB
Cached:          1323560 kB
MemTotal:        1844596 kB
MemFree:          152156 kB
MemAvailable:    1455124 kB
Buffers:           85708 kB
Cached:          1323560 kB
MemTotal:        1844596 kB
MemFree:          153096 kB
MemAvailable:    1456064 kB
Buffers:           85708 kB
Cached:          1323560 kB
MemTotal:        1844596 kB
MemFree:          152960 kB
MemAvailable:    1455928 kB
Buffers:           85708 kB
Cached:          1323560 kB
MemTotal:        1844596 kB
MemFree:          153212 kB
MemAvailable:    1456180 kB
Buffers:           85708 kB
Cached:          1323560 kB
MemTotal:        1844596 kB
MemFree:          152976 kB
MemAvailable:    1455944 kB
Buffers:           85708 kB
Cached:          1323560 kB
MemTotal:        1844596 kB
MemFree:          153136 kB
MemAvailable:    1456104 kB
Buffers:           85708 kB
Cached:          1323560 kB
MemTotal:        1844596 kB
MemFree:          153024 kB
MemAvailable:    1455992 kB
Buffers:           85708 kB
Cached:          1323560 kB
MemTotal:        1844596 kB
MemFree:          152404 kB
MemAvailable:    1455372 kB
Buffers:           85708 kB
Cached:          1323560 kB
MemTotal:        1844596 kB
MemFree:          153072 kB
MemAvailable:    1456040 kB
Buffers:           85708 kB
Cached:          1323560 kB
MemTotal:        1844596 kB
MemFree:          152816 kB
MemAvailable:    1455784 kB
Buffers:           85708 kB
Cached:          1323560 kB
MemTotal:        1844596 kB
MemFree:          152892 kB
MemAvailable:    1455860 kB
Buffers:           85708 kB
Cached:          1323560 kB
MemTotal:        1844596 kB
MemFree:          152892 kB
MemAvailable:    1455860 kB
Buffers:           85708 kB
Cached:          1323560 kB
MemTotal:        1844596 kB
MemFree:          152712 kB
MemAvailable:    1455680 kB
Buffers:           85708 kB
Cached:          1323560 kB
MemTotal:        1844596 kB
MemFree:          152796 kB
MemAvailable:    1455764 kB
Buffers:           85708 kB
Cached:          1323560 kB
MemTotal:        1844596 kB
MemFree:          152756 kB
MemAvailable:    1455724 kB
Buffers:           85708 kB
Cached:          1323560 kB
MemTotal:        1844596 kB
MemFree:          151536 kB
MemAvailable:    1454504 kB
Buffers:           85708 kB
Cached:          1323560 kB
MemTotal:        1844596 kB
MemFree:          152196 kB
MemAvailable:    1455164 kB
Buffers:           85708 kB
Cached:          1323560 kB
MemTotal:        1844596 kB
MemFree:          150896 kB
MemAvailable:    1453864 kB
Buffers:           85708 kB
Cached:          1323560 kB
MemTotal:        1844596 kB
MemFree:          150764 kB
MemAvailable:    1453732 kB
Buffers:           85708 kB
Cached:          1323560 kB
MemTotal:        1844596 kB
MemFree:          151956 kB
MemAvailable:    1454924 kB
Buffers:           85708 kB
Cached:          1323560 kB
MemTotal:        1844596 kB
MemFree:          152292 kB
MemAvailable:    1455260 kB
Buffers:           85708 kB
Cached:          1323560 kB
MemTotal:        1844596 kB
MemFree:          151992 kB
MemAvailable:    1454960 kB
Buffers:           85708 kB
Cached:          1323560 kB
MemTotal:        1844596 kB
MemFree:          152328 kB
MemAvailable:    1455296 kB
Buffers:           85708 kB
Cached:          1323560 kB
MemTotal:        1844596 kB
MemFree:          150884 kB
MemAvailable:    1453852 kB
Buffers:           85708 kB
Cached:          1323560 kB
MemTotal:        1844596 kB
MemFree:          152400 kB
MemAvailable:    1455368 kB
Buffers:           85708 kB
Cached:          1323560 kB
MemTotal:        1844596 kB
MemFree:          151976 kB
MemAvailable:    1454948 kB
Buffers:           85708 kB
Cached:          1323564 kB
MemTotal:        1844596 kB
MemFree:          152232 kB
MemAvailable:    1455204 kB
Buffers:           85708 kB
Cached:          1323564 kB
MemTotal:        1844596 kB
MemFree:          150984 kB
MemAvailable:    1453956 kB
Buffers:           85708 kB
Cached:          1323564 kB
MemTotal:        1844596 kB
MemFree:          150860 kB
MemAvailable:    1453832 kB
Buffers:           85708 kB
Cached:          1323564 kB
MemTotal:        1844596 kB
MemFree:          151960 kB
MemAvailable:    1454932 kB
Buffers:           85708 kB
Cached:          1323564 kB
MemTotal:        1844596 kB
MemFree:          151960 kB
MemAvailable:    1454932 kB
Buffers:           85708 kB
Cached:          1323564 kB
MemTotal:        1844596 kB
MemFree:          152060 kB
MemAvailable:    1455032 kB
Buffers:           85708 kB
Cached:          1323564 kB
MemTotal:        1844596 kB
MemFree:          152188 kB
MemAvailable:    1455160 kB
Buffers:           85708 kB
Cached:          1323564 kB
MemTotal:        1844596 kB
MemFree:          151544 kB
MemAvailable:    1454516 kB
Buffers:           85708 kB
Cached:          1323564 kB
MemTotal:        1844596 kB
MemFree:          152332 kB
MemAvailable:    1455304 kB
Buffers:           85708 kB
Cached:          1323564 kB
MemTotal:        1844596 kB
MemFree:          152084 kB
MemAvailable:    1455056 kB
Buffers:           85708 kB
Cached:          1323564 kB
MemTotal:        1844596 kB
MemFree:          152036 kB
MemAvailable:    1455008 kB
Buffers:           85708 kB
Cached:          1323564 kB
MemTotal:        1844596 kB
MemFree:          150772 kB
MemAvailable:    1453744 kB
Buffers:           85708 kB
Cached:          1323564 kB
MemTotal:        1844596 kB
MemFree:          151144 kB
MemAvailable:    1454116 kB
Buffers:           85708 kB
Cached:          1323564 kB
MemTotal:        1844596 kB
MemFree:          152072 kB
MemAvailable:    1455044 kB
Buffers:           85708 kB
Cached:          1323564 kB
MemTotal:        1844596 kB
MemFree:          150460 kB
MemAvailable:    1453432 kB
Buffers:           85708 kB
Cached:          1323564 kB
MemTotal:        1844596 kB
MemFree:          150296 kB
MemAvailable:    1453268 kB
Buffers:           85708 kB
Cached:          1323564 kB
MemTotal:        1844596 kB
MemFree:          150668 kB
MemAvailable:    1453640 kB
Buffers:           85708 kB
Cached:          1323564 kB
MemTotal:        1844596 kB
MemFree:          151596 kB
MemAvailable:    1454568 kB
Buffers:           85708 kB
Cached:          1323564 kB
MemTotal:        1844596 kB
MemFree:          151464 kB
MemAvailable:    1454436 kB
Buffers:           85708 kB
Cached:          1323564 kB
MemTotal:        1844596 kB
MemFree:          150148 kB
MemAvailable:    1453120 kB
Buffers:           85708 kB
Cached:          1323564 kB
MemTotal:        1844596 kB
MemFree:          151140 kB
MemAvailable:    1454112 kB
Buffers:           85708 kB
Cached:          1323564 kB
MemTotal:        1844596 kB
MemFree:          151224 kB
MemAvailable:    1454196 kB
Buffers:           85708 kB
Cached:          1323564 kB
MemTotal:        1844596 kB
MemFree:          151300 kB
MemAvailable:    1454272 kB
Buffers:           85708 kB
Cached:          1323564 kB
MemTotal:        1844596 kB
MemFree:          150120 kB
MemAvailable:    1453092 kB
Buffers:           85708 kB
Cached:          1323564 kB
MemTotal:        1844596 kB
MemFree:          151352 kB
MemAvailable:    1454324 kB
Buffers:           85708 kB
Cached:          1323564 kB
MemTotal:        1844596 kB
MemFree:          151032 kB
MemAvailable:    1454004 kB
Buffers:           85708 kB
Cached:          1323564 kB
MemTotal:        1844596 kB
MemFree:          151200 kB
MemAvailable:    1454172 kB
Buffers:           85708 kB
Cached:          1323564 kB
MemTotal:        1844596 kB
MemFree:          151192 kB
MemAvailable:    1454164 kB
Buffers:           85708 kB
Cached:          1323564 kB
MemTotal:        1844596 kB
MemFree:          151364 kB
MemAvailable:    1454336 kB
Buffers:           85708 kB
Cached:          1323564 kB
MemTotal:        1844596 kB
MemFree:          151136 kB
MemAvailable:    1454108 kB
Buffers:           85708 kB
Cached:          1323564 kB
MemTotal:        1844596 kB
MemFree:          151136 kB
MemAvailable:    1454108 kB
Buffers:           85708 kB
Cached:          1323564 kB
MemTotal:        1844596 kB
MemFree:          151328 kB
MemAvailable:    1454300 kB
Buffers:           85708 kB
Cached:          1323564 kB
MemTotal:        1844596 kB
MemFree:          151156 kB
MemAvailable:    1454128 kB
Buffers:           85708 kB
Cached:          1323564 kB
MemTotal:        1844596 kB
MemFree:          151156 kB
MemAvailable:    1454128 kB
Buffers:           85708 kB
Cached:          1323564 kB
MemTotal:        1844596 kB
MemFree:          151108 kB
MemAvailable:    1454080 kB
Buffers:           85708 kB
Cached:          1323564 kB
MemTotal:        1844596 kB
MemFree:          151364 kB
MemAvailable:    1454336 kB
Buffers:           85708 kB
Cached:          1323564 kB
MemTotal:        1844596 kB
MemFree:          150160 kB
MemAvailable:    1453132 kB
Buffers:           85708 kB
Cached:          1323564 kB
MemTotal:        1844596 kB
MemFree:          149988 kB
MemAvailable:    1452960 kB
Buffers:           85708 kB
Cached:          1323564 kB
MemTotal:        1844596 kB
MemFree:          151096 kB
MemAvailable:    1454068 kB
Buffers:           85708 kB
Cached:          1323564 kB
MemTotal:        1844596 kB
MemFree:          151264 kB
MemAvailable:    1454236 kB
Buffers:           85708 kB
Cached:          1323564 kB
MemTotal:        1844596 kB
MemFree:          151164 kB
MemAvailable:    1454136 kB
Buffers:           85708 kB
Cached:          1323564 kB
MemTotal:        1844596 kB
MemFree:          150972 kB
MemAvailable:    1453944 kB
Buffers:           85708 kB
Cached:          1323564 kB
MemTotal:        1844596 kB
MemFree:          151056 kB
MemAvailable:    1454028 kB
Buffers:           85708 kB
Cached:          1323564 kB
MemTotal:        1844596 kB
MemFree:          149728 kB
MemAvailable:    1452700 kB
Buffers:           85708 kB
Cached:          1323564 kB
MemTotal:        1844596 kB
MemFree:          149480 kB
MemAvailable:    1452452 kB
Buffers:           85708 kB
Cached:          1323564 kB
MemTotal:        1844596 kB
MemFree:          149604 kB
MemAvailable:    1452576 kB
Buffers:           85708 kB
Cached:          1323564 kB
MemTotal:        1844596 kB
MemFree:          149852 kB
MemAvailable:    1452824 kB
Buffers:           85708 kB
Cached:          1323564 kB
MemTotal:        1844596 kB
MemFree:          150872 kB
MemAvailable:    1453844 kB
Buffers:           85708 kB
Cached:          1323564 kB
MemTotal:        1844596 kB
MemFree:          150872 kB
MemAvailable:    1453844 kB
Buffers:           85708 kB
Cached:          1323564 kB
MemTotal:        1844596 kB
MemFree:          150896 kB
MemAvailable:    1453868 kB
Buffers:           85708 kB
Cached:          1323564 kB
MemTotal:        1844596 kB
MemFree:          151148 kB
MemAvailable:    1454120 kB
Buffers:           85708 kB
Cached:          1323564 kB
MemTotal:        1844596 kB
MemFree:          150728 kB
MemAvailable:    1453700 kB
Buffers:           85708 kB
Cached:          1323564 kB
MemTotal:        1844596 kB
MemFree:          149800 kB
MemAvailable:    1452772 kB
Buffers:           85708 kB
Cached:          1323564 kB
MemTotal:        1844596 kB
MemFree:          150968 kB
MemAvailable:    1453940 kB
Buffers:           85708 kB
Cached:          1323564 kB
MemTotal:        1844596 kB
MemFree:          150976 kB
MemAvailable:    1453948 kB
Buffers:           85708 kB
Cached:          1323564 kB
MemTotal:        1844596 kB
MemFree:          150776 kB
MemAvailable:    1453748 kB
Buffers:           85708 kB
Cached:          1323564 kB
MemTotal:        1844596 kB
MemFree:          150776 kB
MemAvailable:    1453748 kB
Buffers:           85708 kB
Cached:          1323564 kB
MemTotal:        1844596 kB
MemFree:          149924 kB
MemAvailable:    1452896 kB
Buffers:           85708 kB
Cached:          1323564 kB
MemTotal:        1844596 kB
MemFree:          150976 kB
MemAvailable:    1453948 kB
Buffers:           85708 kB
Cached:          1323564 kB
MemTotal:        1844596 kB
MemFree:          150952 kB
MemAvailable:    1453924 kB
Buffers:           85708 kB
Cached:          1323564 kB
MemTotal:        1844596 kB
MemFree:          150952 kB
MemAvailable:    1453924 kB
Buffers:           85708 kB
Cached:          1323564 kB
MemTotal:        1844596 kB
MemFree:          150900 kB
MemAvailable:    1453872 kB
Buffers:           85708 kB
Cached:          1323564 kB
MemTotal:        1844596 kB
MemFree:          150900 kB
MemAvailable:    1453872 kB
Buffers:           85708 kB
Cached:          1323564 kB
MemTotal:        1844596 kB
MemFree:          151032 kB
MemAvailable:    1454004 kB
Buffers:           85708 kB
Cached:          1323564 kB
MemTotal:        1844596 kB
MemFree:          150420 kB
MemAvailable:    1453392 kB
Buffers:           85708 kB
Cached:          1323564 kB
MemTotal:        1844596 kB
MemFree:          150420 kB
MemAvailable:    1453392 kB
Buffers:           85708 kB
Cached:          1323564 kB
MemTotal:        1844596 kB
MemFree:          151348 kB
MemAvailable:    1454320 kB
Buffers:           85708 kB
Cached:          1323564 kB
MemTotal:        1844596 kB
MemFree:          151148 kB
MemAvailable:    1454120 kB
Buffers:           85708 kB
Cached:          1323564 kB
MemTotal:        1844596 kB
MemFree:          151148 kB
MemAvailable:    1454120 kB
Buffers:           85708 kB
Cached:          1323564 kB
MemTotal:        1844596 kB
MemFree:          151152 kB
MemAvailable:    1454124 kB
Buffers:           85708 kB
Cached:          1323564 kB
MemTotal:        1844596 kB
MemFree:          150716 kB
MemAvailable:    1453688 kB
Buffers:           85708 kB
Cached:          1323564 kB
MemTotal:        1844596 kB
MemFree:          150860 kB
MemAvailable:    1453832 kB
Buffers:           85708 kB
Cached:          1323564 kB
MemTotal:        1844596 kB
MemFree:          151040 kB
MemAvailable:    1454012 kB
Buffers:           85708 kB
Cached:          1323564 kB
MemTotal:        1844596 kB
MemFree:          150776 kB
MemAvailable:    1453748 kB
Buffers:           85708 kB
Cached:          1323564 kB
MemTotal:        1844596 kB
MemFree:          150860 kB
MemAvailable:    1453832 kB
Buffers:           85708 kB
Cached:          1323564 kB
MemTotal:        1844596 kB
MemFree:          150896 kB
MemAvailable:    1453868 kB
Buffers:           85708 kB
Cached:          1323564 kB
MemTotal:        1844596 kB
MemFree:          151152 kB
MemAvailable:    1454124 kB
Buffers:           85708 kB
Cached:          1323564 kB
MemTotal:        1844596 kB
MemFree:          149904 kB
MemAvailable:    1452876 kB
Buffers:           85708 kB
Cached:          1323564 kB
MemTotal:        1844596 kB
MemFree:          149800 kB
MemAvailable:    1452780 kB
Buffers:           85708 kB
Cached:          1323572 kB
MemTotal:        1844596 kB
MemFree:          150992 kB
MemAvailable:    1453972 kB
Buffers:           85708 kB
Cached:          1323572 kB
MemTotal:        1844596 kB
MemFree:          150992 kB
MemAvailable:    1453972 kB
Buffers:           85708 kB
Cached:          1323572 kB
MemTotal:        1844596 kB
MemFree:          150728 kB
MemAvailable:    1453708 kB
Buffers:           85708 kB
Cached:          1323572 kB
MemTotal:        1844596 kB
MemFree:          151064 kB
MemAvailable:    1454044 kB
Buffers:           85708 kB
Cached:          1323572 kB
MemTotal:        1844596 kB
MemFree:          149788 kB
MemAvailable:    1452768 kB
Buffers:           85708 kB
Cached:          1323572 kB
MemTotal:        1844596 kB
MemFree:          149864 kB
MemAvailable:    1452844 kB
Buffers:           85708 kB
Cached:          1323572 kB
MemTotal:        1844596 kB
MemFree:          150884 kB
MemAvailable:    1453864 kB
Buffers:           85708 kB
Cached:          1323572 kB
MemTotal:        1844596 kB
MemFree:          151112 kB
MemAvailable:    1454092 kB
Buffers:           85708 kB
Cached:          1323572 kB
MemTotal:        1844596 kB
MemFree:          150728 kB
MemAvailable:    1453708 kB
Buffers:           85708 kB
Cached:          1323572 kB
MemTotal:        1844596 kB
MemFree:          150728 kB
MemAvailable:    1453708 kB
Buffers:           85708 kB
Cached:          1323572 kB
MemTotal:        1844596 kB
MemFree:          150420 kB
MemAvailable:    1453400 kB
Buffers:           85708 kB
Cached:          1323572 kB
MemTotal:        1844596 kB
MemFree:          149428 kB
MemAvailable:    1452408 kB
Buffers:           85708 kB
Cached:          1323572 kB
MemTotal:        1844596 kB
MemFree:          149504 kB
MemAvailable:    1452484 kB
Buffers:           85708 kB
Cached:          1323572 kB
MemTotal:        1844596 kB
MemFree:          150404 kB
MemAvailable:    1453384 kB
Buffers:           85708 kB
Cached:          1323572 kB
MemTotal:        1844596 kB
MemFree:          150740 kB
MemAvailable:    1453720 kB
Buffers:           85708 kB
Cached:          1323572 kB
MemTotal:        1844596 kB
MemFree:          150392 kB
MemAvailable:    1453372 kB
Buffers:           85708 kB
Cached:          1323572 kB
MemTotal:        1844596 kB
MemFree:          149280 kB
MemAvailable:    1452260 kB
Buffers:           85708 kB
Cached:          1323572 kB
MemTotal:        1844596 kB
MemFree:          149652 kB
MemAvailable:    1452632 kB
Buffers:           85708 kB
Cached:          1323572 kB
MemTotal:        1844596 kB
MemFree:          149488 kB
MemAvailable:    1452468 kB
Buffers:           85708 kB
Cached:          1323572 kB
MemTotal:        1844596 kB
MemFree:          149232 kB
MemAvailable:    1452212 kB
Buffers:           85708 kB
Cached:          1323572 kB
MemTotal:        1844596 kB
MemFree:          150532 kB
MemAvailable:    1453512 kB
Buffers:           85708 kB
Cached:          1323572 kB
MemTotal:        1844596 kB
MemFree:          149356 kB
MemAvailable:    1452336 kB
Buffers:           85708 kB
Cached:          1323572 kB
MemTotal:        1844596 kB
MemFree:          150524 kB
MemAvailable:    1453504 kB
Buffers:           85708 kB
Cached:          1323572 kB
MemTotal:        1844596 kB
MemFree:          149924 kB
MemAvailable:    1452904 kB
Buffers:           85708 kB
Cached:          1323572 kB
MemTotal:        1844596 kB
MemFree:          150584 kB
MemAvailable:    1453564 kB
Buffers:           85708 kB
Cached:          1323572 kB
MemTotal:        1844596 kB
MemFree:          150604 kB
MemAvailable:    1453584 kB
Buffers:           85708 kB
Cached:          1323572 kB
MemTotal:        1844596 kB
MemFree:          149428 kB
MemAvailable:    1452408 kB
Buffers:           85708 kB
Cached:          1323572 kB
MemTotal:        1844596 kB
MemFree:          150728 kB
MemAvailable:    1453708 kB
Buffers:           85708 kB
Cached:          1323572 kB
MemTotal:        1844596 kB
MemFree:          150048 kB
MemAvailable:    1453028 kB
Buffers:           85708 kB
Cached:          1323572 kB
MemTotal:        1844596 kB
MemFree:          150676 kB
MemAvailable:    1453656 kB
Buffers:           85708 kB
Cached:          1323572 kB
MemTotal:        1844596 kB
MemFree:          150404 kB
MemAvailable:    1453384 kB
Buffers:           85708 kB
Cached:          1323572 kB
MemTotal:        1844596 kB
MemFree:          150740 kB
MemAvailable:    1453720 kB
Buffers:           85708 kB
Cached:          1323572 kB
MemTotal:        1844596 kB
MemFree:          150600 kB
MemAvailable:    1453580 kB
Buffers:           85708 kB
Cached:          1323572 kB
MemTotal:        1844596 kB
MemFree:          150600 kB
MemAvailable:    1453580 kB
Buffers:           85708 kB
Cached:          1323572 kB
MemTotal:        1844596 kB
MemFree:          150540 kB
MemAvailable:    1453520 kB
Buffers:           85708 kB
Cached:          1323572 kB
MemTotal:        1844596 kB
MemFree:          149492 kB
MemAvailable:    1452472 kB
Buffers:           85708 kB
Cached:          1323572 kB
MemTotal:        1844596 kB
MemFree:          150600 kB
MemAvailable:    1453580 kB
Buffers:           85708 kB
Cached:          1323572 kB
MemTotal:        1844596 kB
MemFree:          150404 kB
MemAvailable:    1453384 kB
Buffers:           85708 kB
Cached:          1323572 kB
MemTotal:        1844596 kB
MemFree:          150352 kB
MemAvailable:    1453332 kB
Buffers:           85708 kB
Cached:          1323572 kB
MemTotal:        1844596 kB
MemFree:          150636 kB
MemAvailable:    1453616 kB
Buffers:           85708 kB
Cached:          1323572 kB
MemTotal:        1844596 kB
MemFree:          150636 kB
MemAvailable:    1453616 kB
Buffers:           85708 kB
Cached:          1323572 kB
MemTotal:        1844596 kB
MemFree:          150528 kB
MemAvailable:    1453508 kB
Buffers:           85708 kB
Cached:          1323572 kB
MemTotal:        1844596 kB
MemFree:          150528 kB
MemAvailable:    1453508 kB
Buffers:           85708 kB
Cached:          1323572 kB
MemTotal:        1844596 kB
MemFree:          149408 kB
MemAvailable:    1452388 kB
Buffers:           85708 kB
Cached:          1323572 kB
MemTotal:        1844596 kB
MemFree:          150664 kB
MemAvailable:    1453644 kB
Buffers:           85708 kB
Cached:          1323572 kB
MemTotal:        1844596 kB
MemFree:          149272 kB
MemAvailable:    1452252 kB
Buffers:           85708 kB
Cached:          1323572 kB
MemTotal:        1844596 kB
MemFree:          149404 kB
MemAvailable:    1452384 kB
Buffers:           85708 kB
Cached:          1323572 kB
MemTotal:        1844596 kB
MemFree:          150556 kB
MemAvailable:    1453536 kB
Buffers:           85708 kB
Cached:          1323572 kB
MemTotal:        1844596 kB
MemFree:          150392 kB
MemAvailable:    1453372 kB
Buffers:           85708 kB
Cached:          1323572 kB
MemTotal:        1844596 kB
MemFree:          150560 kB
MemAvailable:    1453540 kB
Buffers:           85708 kB
Cached:          1323572 kB
MemTotal:        1844596 kB
MemFree:          150544 kB
MemAvailable:    1453524 kB
Buffers:           85708 kB
Cached:          1323572 kB
MemTotal:        1844596 kB
MemFree:          150404 kB
MemAvailable:    1453384 kB
Buffers:           85708 kB
Cached:          1323572 kB
MemTotal:        1844596 kB
MemFree:          149800 kB
MemAvailable:    1452780 kB
Buffers:           85708 kB
Cached:          1323572 kB
MemTotal:        1844596 kB
MemFree:          149376 kB
MemAvailable:    1452356 kB
Buffers:           85708 kB
Cached:          1323572 kB
MemTotal:        1844596 kB
MemFree:          149500 kB
MemAvailable:    1452480 kB
Buffers:           85708 kB
Cached:          1323572 kB
MemTotal:        1844596 kB
MemFree:          149628 kB
MemAvailable:    1452608 kB
Buffers:           85708 kB
Cached:          1323572 kB
MemTotal:        1844596 kB
MemFree:          150412 kB
MemAvailable:    1453392 kB
Buffers:           85708 kB
Cached:          1323572 kB
MemTotal:        1844596 kB
MemFree:          149428 kB
MemAvailable:    1452408 kB
Buffers:           85708 kB
Cached:          1323572 kB
MemTotal:        1844596 kB
MemFree:          149256 kB
MemAvailable:    1452236 kB
Buffers:           85708 kB
Cached:          1323572 kB
MemTotal:        1844596 kB
MemFree:          150356 kB
MemAvailable:    1453336 kB
Buffers:           85708 kB
Cached:          1323572 kB
MemTotal:        1844596 kB
MemFree:          150528 kB
MemAvailable:    1453508 kB
Buffers:           85708 kB
Cached:          1323572 kB
MemTotal:        1844596 kB
MemFree:          150596 kB
MemAvailable:    1453576 kB
Buffers:           85708 kB
Cached:          1323572 kB
MemTotal:        1844596 kB
MemFree:          150356 kB
MemAvailable:    1453336 kB
Buffers:           85708 kB
Cached:          1323572 kB
MemTotal:        1844596 kB
MemFree:          150544 kB
MemAvailable:    1453524 kB
Buffers:           85708 kB
Cached:          1323572 kB
MemTotal:        1844596 kB
MemFree:          150668 kB
MemAvailable:    1453648 kB
Buffers:           85708 kB
Cached:          1323572 kB
MemTotal:        1844596 kB
MemFree:          149296 kB
MemAvailable:    1452276 kB
Buffers:           85708 kB
Cached:          1323572 kB
MemTotal:        1844596 kB
MemFree:          150404 kB
MemAvailable:    1453384 kB
Buffers:           85708 kB
Cached:          1323572 kB
MemTotal:        1844596 kB
MemFree:          150404 kB
MemAvailable:    1453384 kB
Buffers:           85708 kB
Cached:          1323572 kB
MemTotal:        1844596 kB
MemFree:          150152 kB
MemAvailable:    1453132 kB
Buffers:           85708 kB
Cached:          1323572 kB
MemTotal:        1844596 kB
MemFree:          150152 kB
MemAvailable:    1453132 kB
Buffers:           85708 kB
Cached:          1323572 kB
MemTotal:        1844596 kB
MemFree:          148868 kB
MemAvailable:    1451848 kB
Buffers:           85708 kB
Cached:          1323572 kB
MemTotal:        1844596 kB
MemFree:          149116 kB
MemAvailable:    1452096 kB
Buffers:           85708 kB
Cached:          1323572 kB
MemTotal:        1844596 kB
MemFree:          150336 kB
MemAvailable:    1453316 kB
Buffers:           85708 kB
Cached:          1323572 kB
MemTotal:        1844596 kB
MemFree:          150100 kB
MemAvailable:    1453080 kB
Buffers:           85708 kB
Cached:          1323572 kB
MemTotal:        1844596 kB
MemFree:          150356 kB
MemAvailable:    1453336 kB
Buffers:           85708 kB
Cached:          1323572 kB
MemTotal:        1844596 kB
MemFree:          150072 kB
MemAvailable:    1453052 kB
Buffers:           85708 kB
Cached:          1323572 kB
MemTotal:        1844596 kB
MemFree:          149008 kB
MemAvailable:    1451988 kB
Buffers:           85708 kB
Cached:          1323572 kB
MemTotal:        1844596 kB
MemFree:          149552 kB
MemAvailable:    1452532 kB
Buffers:           85708 kB
Cached:          1323572 kB
MemTotal:        1844596 kB
MemFree:          150596 kB
MemAvailable:    1453580 kB
Buffers:           85708 kB
Cached:          1323576 kB
MemTotal:        1844596 kB
MemFree:          149172 kB
MemAvailable:    1452160 kB
Buffers:           85708 kB
Cached:          1323584 kB
MemTotal:        1844596 kB
MemFree:          150300 kB
MemAvailable:    1453288 kB
Buffers:           85708 kB
Cached:          1323584 kB
MemTotal:        1844596 kB
MemFree:          148904 kB
MemAvailable:    1451892 kB
Buffers:           85708 kB
Cached:          1323584 kB
MemTotal:        1844596 kB
MemFree:          150164 kB
MemAvailable:    1453152 kB
Buffers:           85708 kB
Cached:          1323584 kB
MemTotal:        1844596 kB
MemFree:          150200 kB
MemAvailable:    1453188 kB
Buffers:           85708 kB
Cached:          1323584 kB
MemTotal:        1844596 kB
MemFree:          150448 kB
MemAvailable:    1453436 kB
Buffers:           85708 kB
Cached:          1323584 kB
MemTotal:        1844596 kB
MemFree:          149748 kB
MemAvailable:    1452736 kB
Buffers:           85708 kB
Cached:          1323584 kB
MemTotal:        1844596 kB
MemFree:          150412 kB
MemAvailable:    1453400 kB
Buffers:           85708 kB
Cached:          1323584 kB
MemTotal:        1844596 kB
MemFree:          150668 kB
MemAvailable:    1453656 kB
Buffers:           85708 kB
Cached:          1323584 kB
MemTotal:        1844596 kB
MemFree:          150536 kB
MemAvailable:    1453524 kB
Buffers:           85708 kB
Cached:          1323584 kB
MemTotal:        1844596 kB
MemFree:          149560 kB
MemAvailable:    1452548 kB
Buffers:           85708 kB
Cached:          1323584 kB
MemTotal:        1844596 kB
MemFree:          149428 kB
MemAvailable:    1452416 kB
Buffers:           85708 kB
Cached:          1323584 kB
MemTotal:        1844596 kB
MemFree:          150280 kB
MemAvailable:    1453268 kB
Buffers:           85708 kB
Cached:          1323584 kB
MemTotal:        1844596 kB
MemFree:          150364 kB
MemAvailable:    1453352 kB
Buffers:           85708 kB
Cached:          1323584 kB
MemTotal:        1844596 kB
MemFree:          149044 kB
MemAvailable:    1452032 kB
Buffers:           85708 kB
Cached:          1323584 kB
MemTotal:        1844596 kB
MemFree:          149180 kB
MemAvailable:    1452168 kB
Buffers:           85708 kB
Cached:          1323584 kB
MemTotal:        1844596 kB
MemFree:          154520 kB
MemAvailable:    1457512 kB
Buffers:           85708 kB
Cached:          1323588 kB
MemTotal:        1844596 kB
MemFree:          154380 kB
MemAvailable:    1457372 kB
Buffers:           85708 kB
Cached:          1323588 kB
MemTotal:        1844596 kB
MemFree:          154380 kB
MemAvailable:    1457372 kB
Buffers:           85708 kB
Cached:          1323588 kB
MemTotal:        1844596 kB
MemFree:          154380 kB
MemAvailable:    1457372 kB
Buffers:           85708 kB
Cached:          1323588 kB
MemTotal:        1844596 kB
MemFree:          154632 kB
MemAvailable:    1457624 kB
Buffers:           85708 kB
Cached:          1323588 kB
MemTotal:        1844596 kB
MemFree:          153016 kB
MemAvailable:    1456008 kB
Buffers:           85708 kB
Cached:          1323588 kB
MemTotal:        1844596 kB
MemFree:          153388 kB
MemAvailable:    1456380 kB
Buffers:           85708 kB
Cached:          1323588 kB
MemTotal:        1844596 kB
MemFree:          154324 kB
MemAvailable:    1457316 kB
Buffers:           85708 kB
Cached:          1323588 kB
MemTotal:        1844596 kB
MemFree:          154324 kB
MemAvailable:    1457316 kB
Buffers:           85708 kB
Cached:          1323588 kB
MemTotal:        1844596 kB
MemFree:          153260 kB
MemAvailable:    1456252 kB
Buffers:           85708 kB
Cached:          1323588 kB
MemTotal:        1844596 kB
MemFree:          154512 kB
MemAvailable:    1457504 kB
Buffers:           85708 kB
Cached:          1323588 kB
MemTotal:        1844596 kB
MemFree:          154500 kB
MemAvailable:    1457492 kB
Buffers:           85708 kB
Cached:          1323588 kB
MemTotal:        1844596 kB
MemFree:          153200 kB
MemAvailable:    1456192 kB
Buffers:           85708 kB
Cached:          1323588 kB
MemTotal:        1844596 kB
MemFree:          153504 kB
MemAvailable:    1456496 kB
Buffers:           85708 kB
Cached:          1323588 kB
MemTotal:        1844596 kB
MemFree:          153384 kB
MemAvailable:    1456376 kB
Buffers:           85708 kB
Cached:          1323588 kB
MemTotal:        1844596 kB
MemFree:          151660 kB
MemAvailable:    1454652 kB
Buffers:           85708 kB
Cached:          1323588 kB
MemTotal:        1844596 kB
MemFree:          151288 kB
MemAvailable:    1454280 kB
Buffers:           85708 kB
Cached:          1323588 kB
MemTotal:        1844596 kB
MemFree:          152716 kB
MemAvailable:    1455708 kB
Buffers:           85708 kB
Cached:          1323588 kB
MemTotal:        1844596 kB
MemFree:          152024 kB
MemAvailable:    1455016 kB
Buffers:           85708 kB
Cached:          1323588 kB
MemTotal:        1844596 kB
MemFree:          152024 kB
MemAvailable:    1455016 kB
Buffers:           85708 kB
Cached:          1323588 kB
MemTotal:        1844596 kB
MemFree:          150172 kB
MemAvailable:    1453164 kB
Buffers:           85708 kB
Cached:          1323588 kB
MemTotal:        1844596 kB
MemFree:          151660 kB
MemAvailable:    1454652 kB
Buffers:           85708 kB
Cached:          1323588 kB
MemTotal:        1844596 kB
MemFree:          151116 kB
MemAvailable:    1454108 kB
Buffers:           85708 kB
Cached:          1323588 kB
MemTotal:        1844596 kB
MemFree:          151116 kB
MemAvailable:    1454108 kB
Buffers:           85708 kB
Cached:          1323588 kB
MemTotal:        1844596 kB
MemFree:          150900 kB
MemAvailable:    1453892 kB
Buffers:           85708 kB
Cached:          1323588 kB
MemTotal:        1844596 kB
MemFree:          149916 kB
MemAvailable:    1452908 kB
Buffers:           85708 kB
Cached:          1323588 kB
MemTotal:        1844596 kB
MemFree:          149740 kB
MemAvailable:    1452732 kB
Buffers:           85708 kB
Cached:          1323588 kB
MemTotal:        1844596 kB
MemFree:          150592 kB
MemAvailable:    1453584 kB
Buffers:           85708 kB
Cached:          1323588 kB
MemTotal:        1844596 kB
MemFree:          150592 kB
MemAvailable:    1453584 kB
Buffers:           85708 kB
Cached:          1323588 kB
MemTotal:        1844596 kB
MemFree:          149216 kB
MemAvailable:    1452208 kB
Buffers:           85708 kB
Cached:          1323588 kB
MemTotal:        1844596 kB
MemFree:          149800 kB
MemAvailable:    1452792 kB
Buffers:           85708 kB
Cached:          1323588 kB
MemTotal:        1844596 kB
MemFree:          150596 kB
MemAvailable:    1453588 kB
Buffers:           85708 kB
Cached:          1323588 kB
MemTotal:        1844596 kB
MemFree:          150472 kB
MemAvailable:    1453464 kB
Buffers:           85708 kB
Cached:          1323588 kB
MemTotal:        1844596 kB
MemFree:          149288 kB
MemAvailable:    1452280 kB
Buffers:           85708 kB
Cached:          1323588 kB
MemTotal:        1844596 kB
MemFree:          150340 kB
MemAvailable:    1453332 kB
Buffers:           85708 kB
Cached:          1323588 kB
MemTotal:        1844596 kB
MemFree:          150224 kB
MemAvailable:    1453216 kB
Buffers:           85708 kB
Cached:          1323588 kB
MemTotal:        1844596 kB
MemFree:          150476 kB
MemAvailable:    1453468 kB
Buffers:           85708 kB
Cached:          1323588 kB
MemTotal:        1844596 kB
MemFree:          150472 kB
MemAvailable:    1453464 kB
Buffers:           85708 kB
Cached:          1323588 kB
MemTotal:        1844596 kB
MemFree:          149296 kB
MemAvailable:    1452288 kB
Buffers:           85708 kB
Cached:          1323588 kB
MemTotal:        1844596 kB
MemFree:          154512 kB
MemAvailable:    1457504 kB
Buffers:           85708 kB
Cached:          1323588 kB
MemTotal:        1844596 kB
MemFree:          153892 kB
MemAvailable:    1456884 kB
Buffers:           85708 kB
Cached:          1323588 kB
MemTotal:        1844596 kB
MemFree:          154628 kB
MemAvailable:    1457624 kB
Buffers:           85708 kB
Cached:          1323592 kB
MemTotal:        1844596 kB
MemFree:          154884 kB
MemAvailable:    1457880 kB
Buffers:           85708 kB
Cached:          1323592 kB
MemTotal:        1844596 kB
MemFree:          153248 kB
MemAvailable:    1456244 kB
Buffers:           85708 kB
Cached:          1323592 kB
MemTotal:        1844596 kB
MemFree:          153644 kB
MemAvailable:    1456640 kB
Buffers:           85708 kB
Cached:          1323592 kB
MemTotal:        1844596 kB
MemFree:          154696 kB
MemAvailable:    1457692 kB
Buffers:           85708 kB
Cached:          1323592 kB
MemTotal:        1844596 kB
MemFree:          154240 kB
MemAvailable:    1457236 kB
Buffers:           85708 kB
Cached:          1323592 kB
MemTotal:        1844596 kB
MemFree:          154576 kB
MemAvailable:    1457572 kB
Buffers:           85708 kB
Cached:          1323592 kB
MemTotal:        1844596 kB
MemFree:          153260 kB
MemAvailable:    1456256 kB
Buffers:           85708 kB
Cached:          1323592 kB
MemTotal:        1844596 kB
MemFree:          154488 kB
MemAvailable:    1457484 kB
Buffers:           85708 kB
Cached:          1323592 kB
MemTotal:        1844596 kB
MemFree:          154572 kB
MemAvailable:    1457568 kB
Buffers:           85708 kB
Cached:          1323592 kB
MemTotal:        1844596 kB
MemFree:          153752 kB
MemAvailable:    1456748 kB
Buffers:           85708 kB
Cached:          1323592 kB
MemTotal:        1844596 kB
MemFree:          153012 kB
MemAvailable:    1456008 kB
Buffers:           85708 kB
Cached:          1323592 kB
MemTotal:        1844596 kB
MemFree:          153224 kB
MemAvailable:    1456220 kB
Buffers:           85708 kB
Cached:          1323592 kB
MemTotal:        1844596 kB
MemFree:          154024 kB
MemAvailable:    1457020 kB
Buffers:           85708 kB
Cached:          1323592 kB
MemTotal:        1844596 kB
MemFree:          154524 kB
MemAvailable:    1457520 kB
Buffers:           85708 kB
Cached:          1323592 kB
MemTotal:        1844596 kB
MemFree:          154520 kB
MemAvailable:    1457516 kB
Buffers:           85708 kB
Cached:          1323592 kB
MemTotal:        1844596 kB
MemFree:          153256 kB
MemAvailable:    1456252 kB
Buffers:           85708 kB
Cached:          1323592 kB
MemTotal:        1844596 kB
MemFree:          153592 kB
MemAvailable:    1456588 kB
Buffers:           85708 kB
Cached:          1323592 kB
MemTotal:        1844596 kB
MemFree:          153264 kB
MemAvailable:    1456260 kB
Buffers:           85708 kB
Cached:          1323592 kB
MemTotal:        1844596 kB
MemFree:          153264 kB
MemAvailable:    1456260 kB
Buffers:           85708 kB
Cached:          1323592 kB
MemTotal:        1844596 kB
MemFree:          152996 kB
MemAvailable:    1455992 kB
Buffers:           85708 kB
Cached:          1323592 kB
MemTotal:        1844596 kB
MemFree:          152996 kB
MemAvailable:    1455992 kB
Buffers:           85708 kB
Cached:          1323592 kB
MemTotal:        1844596 kB
MemFree:          151564 kB
MemAvailable:    1454564 kB
Buffers:           85708 kB
Cached:          1323596 kB
MemTotal:        1844596 kB
MemFree:          151652 kB
MemAvailable:    1454652 kB
Buffers:           85708 kB
Cached:          1323596 kB
MemTotal:        1844596 kB
MemFree:          152024 kB
MemAvailable:    1455024 kB
Buffers:           85708 kB
Cached:          1323596 kB
MemTotal:        1844596 kB
MemFree:          152876 kB
MemAvailable:    1455876 kB
Buffers:           85708 kB
Cached:          1323596 kB
MemTotal:        1844596 kB
MemFree:          152480 kB
MemAvailable:    1455480 kB
Buffers:           85708 kB
Cached:          1323596 kB
MemTotal:        1844596 kB
MemFree:          151848 kB
MemAvailable:    1454848 kB
Buffers:           85708 kB
Cached:          1323596 kB
MemTotal:        1844596 kB
MemFree:          153084 kB
MemAvailable:    1456084 kB
Buffers:           85708 kB
Cached:          1323596 kB
MemTotal:        1844596 kB
MemFree:          152536 kB
MemAvailable:    1455536 kB
Buffers:           85708 kB
Cached:          1323596 kB
MemTotal:        1844596 kB
MemFree:          153148 kB
MemAvailable:    1456148 kB
Buffers:           85708 kB
Cached:          1323596 kB
MemTotal:        1844596 kB
MemFree:          152396 kB
MemAvailable:    1455396 kB
Buffers:           85708 kB
Cached:          1323596 kB
MemTotal:        1844596 kB
MemFree:          152140 kB
MemAvailable:    1455140 kB
Buffers:           85708 kB
Cached:          1323596 kB
MemTotal:        1844596 kB
MemFree:          152140 kB
MemAvailable:    1455140 kB
Buffers:           85708 kB
Cached:          1323596 kB
MemTotal:        1844596 kB
MemFree:          151912 kB
MemAvailable:    1454912 kB
Buffers:           85708 kB
Cached:          1323596 kB
MemTotal:        1844596 kB
MemFree:          150604 kB
MemAvailable:    1453604 kB
Buffers:           85708 kB
Cached:          1323596 kB
MemTotal:        1844596 kB
MemFree:          151500 kB
MemAvailable:    1454500 kB
Buffers:           85708 kB
Cached:          1323596 kB
MemTotal:        1844596 kB
MemFree:          151500 kB
MemAvailable:    1454500 kB
Buffers:           85708 kB
Cached:          1323596 kB
MemTotal:        1844596 kB
MemFree:          151464 kB
MemAvailable:    1454464 kB
Buffers:           85708 kB
Cached:          1323596 kB
MemTotal:        1844596 kB
MemFree:          151292 kB
MemAvailable:    1454292 kB
Buffers:           85708 kB
Cached:          1323596 kB
MemTotal:        1844596 kB
MemFree:          151160 kB
MemAvailable:    1454160 kB
Buffers:           85708 kB
Cached:          1323596 kB
MemTotal:        1844596 kB
MemFree:          151004 kB
MemAvailable:    1454004 kB
Buffers:           85708 kB
Cached:          1323596 kB
MemTotal:        1844596 kB
MemFree:          151256 kB
MemAvailable:    1454256 kB
Buffers:           85708 kB
Cached:          1323596 kB
MemTotal:        1844596 kB
MemFree:          150968 kB
MemAvailable:    1453968 kB
Buffers:           85708 kB
Cached:          1323596 kB
MemTotal:        1844596 kB
MemFree:          149868 kB
MemAvailable:    1452868 kB
Buffers:           85708 kB
Cached:          1323596 kB
MemTotal:        1844596 kB
MemFree:          149612 kB
MemAvailable:    1452612 kB
Buffers:           85708 kB
Cached:          1323596 kB
MemTotal:        1844596 kB
MemFree:          150984 kB
MemAvailable:    1453984 kB
Buffers:           85708 kB
Cached:          1323596 kB
MemTotal:        1844596 kB
MemFree:          150652 kB
MemAvailable:    1453652 kB
Buffers:           85708 kB
Cached:          1323596 kB
MemTotal:        1844596 kB
MemFree:          150652 kB
MemAvailable:    1453652 kB
Buffers:           85708 kB
Cached:          1323596 kB
MemTotal:        1844596 kB
MemFree:          150224 kB
MemAvailable:    1453224 kB
Buffers:           85708 kB
Cached:          1323596 kB
MemTotal:        1844596 kB
MemFree:          150560 kB
MemAvailable:    1453560 kB
Buffers:           85708 kB
Cached:          1323596 kB
MemTotal:        1844596 kB
MemFree:          150452 kB
MemAvailable:    1453452 kB
Buffers:           85708 kB
Cached:          1323596 kB
MemTotal:        1844596 kB
MemFree:          150220 kB
MemAvailable:    1453220 kB
Buffers:           85708 kB
Cached:          1323596 kB
MemTotal:        1844596 kB
MemFree:          150476 kB
MemAvailable:    1453476 kB
Buffers:           85708 kB
Cached:          1323596 kB
MemTotal:        1844596 kB
MemFree:          149356 kB
MemAvailable:    1452356 kB
Buffers:           85708 kB
Cached:          1323596 kB
MemTotal:        1844596 kB
MemFree:          149348 kB
MemAvailable:    1452348 kB
Buffers:           85708 kB
Cached:          1323596 kB
MemTotal:        1844596 kB
MemFree:          150328 kB
MemAvailable:    1453328 kB
Buffers:           85708 kB
Cached:          1323596 kB
MemTotal:        1844596 kB
MemFree:          150496 kB
MemAvailable:    1453496 kB
Buffers:           85708 kB
Cached:          1323596 kB
MemTotal:        1844596 kB
MemFree:          150352 kB
MemAvailable:    1453352 kB
Buffers:           85708 kB
Cached:          1323596 kB
MemTotal:        1844596 kB
MemFree:          150520 kB
MemAvailable:    1453520 kB
Buffers:           85708 kB
Cached:          1323596 kB
MemTotal:        1844596 kB
MemFree:          149292 kB
MemAvailable:    1452292 kB
Buffers:           85708 kB
Cached:          1323596 kB
MemTotal:        1844596 kB
MemFree:          149160 kB
MemAvailable:    1452160 kB
Buffers:           85708 kB
Cached:          1323596 kB
MemTotal:        1844596 kB
MemFree:          150280 kB
MemAvailable:    1453280 kB
Buffers:           85708 kB
Cached:          1323596 kB
MemTotal:        1844596 kB
MemFree:          149168 kB
MemAvailable:    1452168 kB
Buffers:           85708 kB
Cached:          1323596 kB
MemTotal:        1844596 kB
MemFree:          150280 kB
MemAvailable:    1453280 kB
Buffers:           85708 kB
Cached:          1323596 kB
MemTotal:        1844596 kB
MemFree:          150532 kB
MemAvailable:    1453532 kB
Buffers:           85708 kB
Cached:          1323596 kB
MemTotal:        1844596 kB
MemFree:          150344 kB
MemAvailable:    1453344 kB
Buffers:           85708 kB
Cached:          1323596 kB
MemTotal:        1844596 kB
MemFree:          150280 kB
MemAvailable:    1453280 kB
Buffers:           85708 kB
Cached:          1323596 kB
MemTotal:        1844596 kB
MemFree:          150532 kB
MemAvailable:    1453532 kB
Buffers:           85708 kB
Cached:          1323596 kB
MemTotal:        1844596 kB
MemFree:          150460 kB
MemAvailable:    1453460 kB
Buffers:           85708 kB
Cached:          1323596 kB
MemTotal:        1844596 kB
MemFree:          150144 kB
MemAvailable:    1453144 kB
Buffers:           85708 kB
Cached:          1323596 kB
MemTotal:        1844596 kB
MemFree:          150228 kB
MemAvailable:    1453228 kB
Buffers:           85708 kB
Cached:          1323596 kB
MemTotal:        1844596 kB
MemFree:          148984 kB
MemAvailable:    1451984 kB
Buffers:           85708 kB
Cached:          1323596 kB
MemTotal:        1844596 kB
MemFree:          148896 kB
MemAvailable:    1451896 kB
Buffers:           85708 kB
Cached:          1323596 kB
MemTotal:        1844596 kB
MemFree:          148800 kB
MemAvailable:    1451800 kB
Buffers:           85708 kB
Cached:          1323596 kB
MemTotal:        1844596 kB
MemFree:          149992 kB
MemAvailable:    1452992 kB
Buffers:           85708 kB
Cached:          1323596 kB
MemTotal:        1844596 kB
MemFree:          150248 kB
MemAvailable:    1453248 kB
Buffers:           85708 kB
Cached:          1323596 kB
MemTotal:        1844596 kB
MemFree:          149992 kB
MemAvailable:    1452992 kB
Buffers:           85708 kB
Cached:          1323596 kB
MemTotal:        1844596 kB
MemFree:          150020 kB
MemAvailable:    1453020 kB
Buffers:           85708 kB
Cached:          1323596 kB
MemTotal:        1844596 kB
MemFree:          150172 kB
MemAvailable:    1453172 kB
Buffers:           85708 kB
Cached:          1323596 kB
MemTotal:        1844596 kB
MemFree:          150220 kB
MemAvailable:    1453220 kB
Buffers:           85708 kB
Cached:          1323596 kB
MemTotal:        1844596 kB
MemFree:          148932 kB
MemAvailable:    1451932 kB
Buffers:           85708 kB
Cached:          1323596 kB
MemTotal:        1844596 kB
MemFree:          148884 kB
MemAvailable:    1451884 kB
Buffers:           85708 kB
Cached:          1323596 kB
MemTotal:        1844596 kB
MemFree:          150232 kB
MemAvailable:    1453232 kB
Buffers:           85708 kB
Cached:          1323596 kB
MemTotal:        1844596 kB
MemFree:          150284 kB
MemAvailable:    1453284 kB
Buffers:           85708 kB
Cached:          1323596 kB
MemTotal:        1844596 kB
MemFree:          150232 kB
MemAvailable:    1453232 kB
Buffers:           85708 kB
Cached:          1323596 kB
MemTotal:        1844596 kB
MemFree:          150172 kB
MemAvailable:    1453172 kB
Buffers:           85708 kB
Cached:          1323596 kB
MemTotal:        1844596 kB
MemFree:          149800 kB
MemAvailable:    1452800 kB
Buffers:           85708 kB
Cached:          1323596 kB
MemTotal:        1844596 kB
MemFree:          150112 kB
MemAvailable:    1453112 kB
Buffers:           85708 kB
Cached:          1323596 kB
MemTotal:        1844596 kB
MemFree:          148868 kB
MemAvailable:    1451868 kB
Buffers:           85708 kB
Cached:          1323596 kB
MemTotal:        1844596 kB
MemFree:          150012 kB
MemAvailable:    1453012 kB
Buffers:           85708 kB
Cached:          1323596 kB
MemTotal:        1844596 kB
MemFree:          149924 kB
MemAvailable:    1452924 kB
Buffers:           85708 kB
Cached:          1323596 kB
MemTotal:        1844596 kB
MemFree:          150112 kB
MemAvailable:    1453112 kB
Buffers:           85708 kB
Cached:          1323596 kB
MemTotal:        1844596 kB
MemFree:          149932 kB
MemAvailable:    1452932 kB
Buffers:           85708 kB
Cached:          1323596 kB
MemTotal:        1844596 kB
MemFree:          150224 kB
MemAvailable:    1453224 kB
Buffers:           85708 kB
Cached:          1323596 kB
MemTotal:        1844596 kB
MemFree:          148796 kB
MemAvailable:    1451796 kB
Buffers:           85708 kB
Cached:          1323596 kB
MemTotal:        1844596 kB
MemFree:          150188 kB
MemAvailable:    1453188 kB
Buffers:           85708 kB
Cached:          1323596 kB
MemTotal:        1844596 kB
MemFree:          150288 kB
MemAvailable:    1453288 kB
Buffers:           85708 kB
Cached:          1323596 kB
MemTotal:        1844596 kB
MemFree:          148924 kB
MemAvailable:    1451924 kB
Buffers:           85708 kB
Cached:          1323596 kB
MemTotal:        1844596 kB
MemFree:          150256 kB
MemAvailable:    1453256 kB
Buffers:           85708 kB
Cached:          1323596 kB
MemTotal:        1844596 kB
MemFree:          149420 kB
MemAvailable:    1452420 kB
Buffers:           85708 kB
Cached:          1323596 kB
MemTotal:        1844596 kB
MemFree:          148892 kB
MemAvailable:    1451900 kB
Buffers:           85708 kB
Cached:          1323604 kB
MemTotal:        1844596 kB
MemFree:          149988 kB
MemAvailable:    1452996 kB
Buffers:           85708 kB
Cached:          1323604 kB
MemTotal:        1844596 kB
MemFree:          150240 kB
MemAvailable:    1453248 kB
Buffers:           85708 kB
Cached:          1323604 kB
MemTotal:        1844596 kB
MemFree:          150212 kB
MemAvailable:    1453220 kB
Buffers:           85708 kB
Cached:          1323604 kB
MemTotal:        1844596 kB
MemFree:          150172 kB
MemAvailable:    1453180 kB
Buffers:           85708 kB
Cached:          1323604 kB
MemTotal:        1844596 kB
MemFree:          150168 kB
MemAvailable:    1453176 kB
Buffers:           85708 kB
Cached:          1323604 kB
MemTotal:        1844596 kB
MemFree:          148860 kB
MemAvailable:    1451868 kB
Buffers:           85708 kB
Cached:          1323604 kB
MemTotal:        1844596 kB
MemFree:          150004 kB
MemAvailable:    1453012 kB
Buffers:           85708 kB
Cached:          1323604 kB
MemTotal:        1844596 kB
MemFree:          149924 kB
MemAvailable:    1452932 kB
Buffers:           85708 kB
Cached:          1323604 kB
MemTotal:        1844596 kB
MemFree:          150160 kB
MemAvailable:    1453168 kB
Buffers:           85708 kB
Cached:          1323604 kB
MemTotal:        1844596 kB
MemFree:          150048 kB
MemAvailable:    1453056 kB
Buffers:           85708 kB
Cached:          1323604 kB
MemTotal:        1844596 kB
MemFree:          149428 kB
MemAvailable:    1452436 kB
Buffers:           85708 kB
Cached:          1323604 kB
MemTotal:        1844596 kB
MemFree:          149304 kB
MemAvailable:    1452316 kB
Buffers:           85708 kB
Cached:          1323608 kB
MemTotal:        1844596 kB
MemFree:          149296 kB
MemAvailable:    1452308 kB
Buffers:           85708 kB
Cached:          1323608 kB
MemTotal:        1844596 kB
MemFree:          149172 kB
MemAvailable:    1452184 kB
Buffers:           85708 kB
Cached:          1323608 kB
MemTotal:        1844596 kB
MemFree:          149164 kB
MemAvailable:    1452176 kB
Buffers:           85708 kB
Cached:          1323608 kB
MemTotal:        1844596 kB
