MemTotal:        1844596 kB
MemFree:          297464 kB
MemAvailable:    1552196 kB
Buffers:           86748 kB
Cached:          1274984 kB
MemTotal:        1844596 kB
MemFree:          295792 kB
MemAvailable:    1550524 kB
Buffers:           86748 kB
Cached:          1274984 kB
MemTotal:        1844596 kB
MemFree:          295492 kB
MemAvailable:    1550224 kB
Buffers:           86748 kB
Cached:          1274984 kB
MemTotal:        1844596 kB
MemFree:          293544 kB
MemAvailable:    1548276 kB
Buffers:           86748 kB
Cached:          1274984 kB
MemTotal:        1844596 kB
MemFree:          292940 kB
MemAvailable:    1547672 kB
Buffers:           86748 kB
Cached:          1274984 kB
MemTotal:        1844596 kB
MemFree:          293316 kB
MemAvailable:    1548048 kB
Buffers:           86748 kB
Cached:          1274984 kB
MemTotal:        1844596 kB
MemFree:          290832 kB
MemAvailable:    1545564 kB
Buffers:           86748 kB
Cached:          1274984 kB
MemTotal:        1844596 kB
MemFree:          288716 kB
MemAvailable:    1543448 kB
Buffers:           86748 kB
Cached:          1274984 kB
MemTotal:        1844596 kB
MemFree:          287484 kB
MemAvailable:    1542216 kB
Buffers:           86748 kB
Cached:          1274984 kB
MemTotal:        1844596 kB
MemFree:          282764 kB
MemAvailable:    1537496 kB
Buffers:           86748 kB
Cached:          1274984 kB
MemTotal:        1844596 kB
MemFree:          282728 kB
MemAvailable:    1537460 kB
Buffers:           86748 kB
Cached:          1274984 kB
MemTotal:        1844596 kB
MemFree:          284776 kB
MemAvailable:    1539508 kB
Buffers:           86748 kB
Cached:          1274984 kB
MemTotal:        1844596 kB
MemFree:          283516 kB
MemAvailable:    1538248 kB
Buffers:           86748 kB
Cached:          1274984 kB
MemTotal:        1844596 kB
MemFree:          283592 kB
MemAvailable:    1538324 kB
Buffers:           86748 kB
Cached:          1274984 kB
MemTotal:        1844596 kB
MemFree:          283468 kB
MemAvailable:    1538200 kB
Buffers:           86748 kB
Cached:          1274984 kB
MemTotal:        1844596 kB
MemFree:          284584 kB
MemAvailable:    1539316 kB
Buffers:           86748 kB
Cached:          1274984 kB
MemTotal:        1844596 kB
MemFree:          284576 kB
MemAvailable:    1539308 kB
Buffers:           86748 kB
Cached:          1274984 kB
MemTotal:        1844596 kB
MemFree:          283516 kB
MemAvailable:    1538248 kB
Buffers:           86748 kB
Cached:          1274984 kB
MemTotal:        1844596 kB
MemFree:          284436 kB
MemAvailable:    1539168 kB
Buffers:           86748 kB
Cached:          1274984 kB
MemTotal:        1844596 kB
MemFree:          283880 kB
MemAvailable:    1538612 kB
Buffers:           86748 kB
Cached:          1274984 kB
MemTotal:        1844596 kB
MemFree:          283964 kB
MemAvailable:    1538696 kB
Buffers:           86748 kB
Cached:          1274984 kB
MemTotal:        1844596 kB
MemFree:          281284 kB
MemAvailable:    1536016 kB
Buffers:           86748 kB
Cached:          1274984 kB
MemTotal:        1844596 kB
MemFree:          282228 kB
MemAvailable:    1536960 kB
Buffers:           86748 kB
Cached:          1274984 kB
MemTotal:        1844596 kB
MemFree:          281148 kB
MemAvailable:    1535880 kB
Buffers:           86748 kB
Cached:          1274984 kB
MemTotal:        1844596 kB
MemFree:          282336 kB
MemAvailable:    1537068 kB
Buffers:           86748 kB
Cached:          1274984 kB
MemTotal:        1844596 kB
MemFree:          282252 kB
MemAvailable:    1536984 kB
Buffers:           86748 kB
Cached:          1274984 kB
MemTotal:        1844596 kB
MemFree:          281136 kB
MemAvailable:    1535868 kB
Buffers:           86748 kB
Cached:          1274984 kB
MemTotal:        1844596 kB
MemFree:          282320 kB
MemAvailable:    1537052 kB
Buffers:           86748 kB
Cached:          1274984 kB
MemTotal:        1844596 kB
MemFree:          281656 kB
MemAvailable:    1536388 kB
Buffers:           86748 kB
Cached:          1274984 kB
MemTotal:        1844596 kB
MemFree:          282384 kB
MemAvailable:    1537116 kB
Buffers:           86748 kB
Cached:          1274984 kB
MemTotal:        1844596 kB
MemFree:          282260 kB
MemAvailable:    1536992 kB
Buffers:           86748 kB
Cached:          1274984 kB
MemTotal:        1844596 kB
MemFree:          281148 kB
MemAvailable:    1535880 kB
Buffers:           86748 kB
Cached:          1274984 kB
MemTotal:        1844596 kB
MemFree:          282224 kB
MemAvailable:    1536956 kB
Buffers:           86748 kB
Cached:          1274984 kB
MemTotal:        1844596 kB
MemFree:          281532 kB
MemAvailable:    1536264 kB
Buffers:           86748 kB
Cached:          1274984 kB
MemTotal:        1844596 kB
MemFree:          280228 kB
MemAvailable:    1534960 kB
Buffers:           86748 kB
Cached:          1274984 kB
MemTotal:        1844596 kB
MemFree:          276440 kB
MemAvailable:    1531172 kB
Buffers:           86748 kB
Cached:          1274984 kB
MemTotal:        1844596 kB
MemFree:          277556 kB
MemAvailable:    1532288 kB
Buffers:           86748 kB
Cached:          1274984 kB
MemTotal:        1844596 kB
MemFree:          277556 kB
MemAvailable:    1532288 kB
Buffers:           86748 kB
Cached:          1274984 kB
MemTotal:        1844596 kB
MemFree:          277260 kB
MemAvailable:    1531992 kB
Buffers:           86748 kB
Cached:          1274984 kB
MemTotal:        1844596 kB
MemFree:          277516 kB
MemAvailable:    1532248 kB
Buffers:           86748 kB
Cached:          1274984 kB
MemTotal:        1844596 kB
MemFree:          277248 kB
MemAvailable:    1531980 kB
Buffers:           86748 kB
Cached:          1274984 kB
MemTotal:        1844596 kB
MemFree:          277248 kB
MemAvailable:    1531980 kB
Buffers:           86748 kB
Cached:          1274984 kB
MemTotal:        1844596 kB
MemFree:          275896 kB
MemAvailable:    1530628 kB
Buffers:           86748 kB
Cached:          1274984 kB
MemTotal:        1844596 kB
MemFree:          277128 kB
MemAvailable:    1531860 kB
Buffers:           86748 kB
Cached:          1274984 kB
MemTotal:        1844596 kB
MemFree:          276748 kB
MemAvailable:    1531480 kB
Buffers:           86748 kB
Cached:          1274984 kB
MemTotal:        1844596 kB
MemFree:          275324 kB
MemAvailable:    1530056 kB
Buffers:           86748 kB
Cached:          1274984 kB
MemTotal:        1844596 kB
MemFree:          276624 kB
MemAvailable:    1531356 kB
Buffers:           86748 kB
Cached:          1274984 kB
MemTotal:        1844596 kB
MemFree:          276300 kB
MemAvailable:    1531032 kB
Buffers:           86748 kB
Cached:          1274984 kB
MemTotal:        1844596 kB
MemFree:          276552 kB
MemAvailable:    1531284 kB
Buffers:           86748 kB
Cached:          1274984 kB
MemTotal:        1844596 kB
MemFree:          276244 kB
MemAvailable:    1530976 kB
Buffers:           86748 kB
Cached:          1274984 kB
MemTotal:        1844596 kB
MemFree:          275988 kB
MemAvailable:    1530720 kB
Buffers:           86748 kB
Cached:          1274984 kB
MemTotal:        1844596 kB
MemFree:          275940 kB
MemAvailable:    1530672 kB
Buffers:           86748 kB
Cached:          1274984 kB
MemTotal:        1844596 kB
MemFree:          275916 kB
MemAvailable:    1530648 kB
Buffers:           86748 kB
Cached:          1274984 kB
MemTotal:        1844596 kB
MemFree:          275084 kB
MemAvailable:    1529816 kB
Buffers:           86748 kB
Cached:          1274984 kB
MemTotal:        1844596 kB
MemFree:          275668 kB
MemAvailable:    1530400 kB
Buffers:           86748 kB
Cached:          1274984 kB
MemTotal:        1844596 kB
MemFree:          275656 kB
MemAvailable:    1530388 kB
Buffers:           86748 kB
Cached:          1274984 kB
MemTotal:        1844596 kB
MemFree:          275292 kB
MemAvailable:    1530024 kB
Buffers:           86748 kB
Cached:          1274984 kB
MemTotal:        1844596 kB
MemFree:          274412 kB
MemAvailable:    1529144 kB
Buffers:           86748 kB
Cached:          1274984 kB
MemTotal:        1844596 kB
MemFree:          274412 kB
MemAvailable:    1529144 kB
Buffers:           86748 kB
Cached:          1274984 kB
MemTotal:        1844596 kB
MemFree:          274536 kB
MemAvailable:    1529268 kB
Buffers:           86748 kB
Cached:          1274984 kB
MemTotal:        1844596 kB
MemFree:          274660 kB
MemAvailable:    1529392 kB
Buffers:           86748 kB
Cached:          1274984 kB
MemTotal:        1844596 kB
MemFree:          275632 kB
MemAvailable:    1530364 kB
Buffers:           86748 kB
Cached:          1274984 kB
MemTotal:        1844596 kB
MemFree:          275800 kB
MemAvailable:    1530532 kB
Buffers:           86748 kB
Cached:          1274984 kB
MemTotal:        1844596 kB
MemFree:          274452 kB
MemAvailable:    1529184 kB
Buffers:           86748 kB
Cached:          1274984 kB
MemTotal:        1844596 kB
MemFree:          272852 kB
MemAvailable:    1527584 kB
Buffers:           86748 kB
Cached:          1274984 kB
MemTotal:        1844596 kB
MemFree:          268884 kB
MemAvailable:    1523616 kB
Buffers:           86748 kB
Cached:          1274984 kB
MemTotal:        1844596 kB
MemFree:          269804 kB
MemAvailable:    1524552 kB
Buffers:           86748 kB
Cached:          1274996 kB
MemTotal:        1844596 kB
MemFree:          269796 kB
MemAvailable:    1524544 kB
Buffers:           86748 kB
Cached:          1274996 kB
MemTotal:        1844596 kB
MemFree:          269132 kB
MemAvailable:    1523880 kB
Buffers:           86748 kB
Cached:          1274996 kB
MemTotal:        1844596 kB
MemFree:          267768 kB
MemAvailable:    1522516 kB
Buffers:           86748 kB
Cached:          1274996 kB
MemTotal:        1844596 kB
MemFree:          267636 kB
MemAvailable:    1522384 kB
Buffers:           86748 kB
Cached:          1274996 kB
MemTotal:        1844596 kB
MemFree:          268496 kB
MemAvailable:    1523244 kB
Buffers:           86748 kB
Cached:          1274996 kB
MemTotal:        1844596 kB
MemFree:          267852 kB
MemAvailable:    1522476 kB
Buffers:           86748 kB
Cached:          1274996 kB
MemTotal:        1844596 kB
MemFree:          268584 kB
MemAvailable:    1523332 kB
Buffers:           86748 kB
Cached:          1274996 kB
MemTotal:        1844596 kB
MemFree:          267272 kB
MemAvailable:    1522020 kB
Buffers:           86748 kB
Cached:          1274996 kB
MemTotal:        1844596 kB
MemFree:          267752 kB
MemAvailable:    1522500 kB
Buffers:           86748 kB
Cached:          1274996 kB
MemTotal:        1844596 kB
MemFree:          268088 kB
MemAvailable:    1522836 kB
Buffers:           86748 kB
Cached:          1274996 kB
MemTotal:        1844596 kB
MemFree:          267256 kB
MemAvailable:    1522004 kB
Buffers:           86748 kB
Cached:          1274996 kB
MemTotal:        1844596 kB
MemFree:          267256 kB
MemAvailable:    1522004 kB
Buffers:           86748 kB
Cached:          1274996 kB
MemTotal:        1844596 kB
MemFree:          266768 kB
MemAvailable:    1521516 kB
Buffers:           86748 kB
Cached:          1274996 kB
MemTotal:        1844596 kB
MemFree:          266288 kB
MemAvailable:    1521036 kB
Buffers:           86748 kB
Cached:          1274996 kB
MemTotal:        1844596 kB
MemFree:          265164 kB
MemAvailable:    1519912 kB
Buffers:           86748 kB
Cached:          1274996 kB
MemTotal:        1844596 kB
MemFree:          266340 kB
MemAvailable:    1521088 kB
Buffers:           86748 kB
Cached:          1274996 kB
MemTotal:        1844596 kB
MemFree:          264908 kB
MemAvailable:    1519656 kB
Buffers:           86748 kB
Cached:          1274996 kB
MemTotal:        1844596 kB
MemFree:          265032 kB
MemAvailable:    1519780 kB
Buffers:           86748 kB
Cached:          1274996 kB
MemTotal:        1844596 kB
MemFree:          264900 kB
MemAvailable:    1519648 kB
Buffers:           86748 kB
Cached:          1274996 kB
MemTotal:        1844596 kB
MemFree:          264908 kB
MemAvailable:    1519656 kB
Buffers:           86748 kB
Cached:          1274996 kB
MemTotal:        1844596 kB
MemFree:          266140 kB
MemAvailable:    1520888 kB
Buffers:           86748 kB
Cached:          1274996 kB
MemTotal:        1844596 kB
MemFree:          266028 kB
MemAvailable:    1520776 kB
Buffers:           86748 kB
Cached:          1274996 kB
MemTotal:        1844596 kB
MemFree:          265288 kB
MemAvailable:    1520036 kB
Buffers:           86748 kB
Cached:          1274996 kB
MemTotal:        1844596 kB
MemFree:          265892 kB
MemAvailable:    1520640 kB
Buffers:           86748 kB
Cached:          1274996 kB
MemTotal:        1844596 kB
MemFree:          266144 kB
MemAvailable:    1520892 kB
Buffers:           86748 kB
Cached:          1274996 kB
MemTotal:        1844596 kB
MemFree:          264736 kB
MemAvailable:    1519484 kB
Buffers:           86748 kB
Cached:          1274996 kB
MemTotal:        1844596 kB
MemFree:          264860 kB
MemAvailable:    1519608 kB
Buffers:           86748 kB
Cached:          1274996 kB
MemTotal:        1844596 kB
MemFree:          264544 kB
MemAvailable:    1519292 kB
Buffers:           86748 kB
Cached:          1274996 kB
MemTotal:        1844596 kB
MemFree:          265472 kB
MemAvailable:    1520220 kB
Buffers:           86748 kB
Cached:          1274996 kB
MemTotal:        1844596 kB
MemFree:          264172 kB
MemAvailable:    1518920 kB
Buffers:           86748 kB
Cached:          1274996 kB
MemTotal:        1844596 kB
MemFree:          264652 kB
MemAvailable:    1519400 kB
Buffers:           86748 kB
Cached:          1274996 kB
MemTotal:        1844596 kB
MemFree:          264652 kB
MemAvailable:    1519400 kB
Buffers:           86748 kB
Cached:          1274996 kB
MemTotal:        1844596 kB
MemFree:          263164 kB
MemAvailable:    1517912 kB
Buffers:           86748 kB
Cached:          1274996 kB
MemTotal:        1844596 kB
MemFree:          263164 kB
MemAvailable:    1517912 kB
Buffers:           86748 kB
Cached:          1274996 kB
MemTotal:        1844596 kB
MemFree:          263180 kB
MemAvailable:    1517928 kB
Buffers:           86748 kB
Cached:          1274996 kB
MemTotal:        1844596 kB
MemFree:          262436 kB
MemAvailable:    1517184 kB
Buffers:           86748 kB
Cached:          1274996 kB
MemTotal:        1844596 kB
MemFree:          262172 kB
MemAvailable:    1516920 kB
Buffers:           86748 kB
Cached:          1274996 kB
MemTotal:        1844596 kB
MemFree:          262560 kB
MemAvailable:    1517308 kB
Buffers:           86748 kB
Cached:          1274996 kB
MemTotal:        1844596 kB
MemFree:          262304 kB
MemAvailable:    1517052 kB
Buffers:           86748 kB
Cached:          1274996 kB
MemTotal:        1844596 kB
MemFree:          262560 kB
MemAvailable:    1517308 kB
Buffers:           86748 kB
Cached:          1274996 kB
MemTotal:        1844596 kB
MemFree:          263124 kB
MemAvailable:    1517872 kB
Buffers:           86748 kB
Cached:          1274996 kB
MemTotal:        1844596 kB
MemFree:          263460 kB
MemAvailable:    1518208 kB
Buffers:           86748 kB
Cached:          1274996 kB
MemTotal:        1844596 kB
MemFree:          263436 kB
MemAvailable:    1518184 kB
Buffers:           86748 kB
Cached:          1274996 kB
MemTotal:        1844596 kB
MemFree:          262808 kB
MemAvailable:    1517556 kB
Buffers:           86748 kB
Cached:          1274996 kB
MemTotal:        1844596 kB
MemFree:          263048 kB
MemAvailable:    1517800 kB
Buffers:           86748 kB
Cached:          1275000 kB
MemTotal:        1844596 kB
MemFree:          263304 kB
MemAvailable:    1518056 kB
Buffers:           86748 kB
Cached:          1275000 kB
MemTotal:        1844596 kB
MemFree:          262124 kB
MemAvailable:    1516876 kB
Buffers:           86748 kB
Cached:          1275000 kB
MemTotal:        1844596 kB
MemFree:          258576 kB
MemAvailable:    1513328 kB
Buffers:           86748 kB
Cached:          1275000 kB
MemTotal:        1844596 kB
MemFree:          258468 kB
MemAvailable:    1513220 kB
Buffers:           86748 kB
Cached:          1275000 kB
MemTotal:        1844596 kB
MemFree:          254748 kB
MemAvailable:    1509500 kB
Buffers:           86748 kB
Cached:          1275000 kB
MemTotal:        1844596 kB
MemFree:          253996 kB
MemAvailable:    1508748 kB
Buffers:           86748 kB
Cached:          1275000 kB
MemTotal:        1844596 kB
MemFree:          253492 kB
MemAvailable:    1508244 kB
Buffers:           86748 kB
Cached:          1275000 kB
MemTotal:        1844596 kB
MemFree:          253576 kB
MemAvailable:    1508328 kB
Buffers:           86748 kB
Cached:          1275000 kB
MemTotal:        1844596 kB
MemFree:          253368 kB
MemAvailable:    1508120 kB
Buffers:           86748 kB
Cached:          1275000 kB
MemTotal:        1844596 kB
MemFree:          253260 kB
MemAvailable:    1508012 kB
Buffers:           86748 kB
Cached:          1275000 kB
MemTotal:        1844596 kB
MemFree:          253256 kB
MemAvailable:    1508008 kB
Buffers:           86748 kB
Cached:          1275000 kB
MemTotal:        1844596 kB
MemFree:          251956 kB
MemAvailable:    1506708 kB
Buffers:           86748 kB
Cached:          1275000 kB
MemTotal:        1844596 kB
MemFree:          252004 kB
MemAvailable:    1506756 kB
Buffers:           86748 kB
Cached:          1275000 kB
MemTotal:        1844596 kB
MemFree:          251896 kB
MemAvailable:    1506648 kB
Buffers:           86748 kB
Cached:          1275000 kB
MemTotal:        1844596 kB
MemFree:          251576 kB
MemAvailable:    1506328 kB
Buffers:           86748 kB
Cached:          1275000 kB
MemTotal:        1844596 kB
MemFree:          251912 kB
MemAvailable:    1506664 kB
Buffers:           86748 kB
Cached:          1275000 kB
MemTotal:        1844596 kB
MemFree:          251696 kB
MemAvailable:    1506448 kB
Buffers:           86748 kB
Cached:          1275000 kB
MemTotal:        1844596 kB
MemFree:          251780 kB
MemAvailable:    1506532 kB
Buffers:           86748 kB
Cached:          1275000 kB
MemTotal:        1844596 kB
MemFree:          251640 kB
MemAvailable:    1506392 kB
Buffers:           86748 kB
Cached:          1275000 kB
MemTotal:        1844596 kB
MemFree:          250500 kB
MemAvailable:    1505252 kB
Buffers:           86748 kB
Cached:          1275000 kB
MemTotal:        1844596 kB
MemFree:          250376 kB
MemAvailable:    1505128 kB
Buffers:           86748 kB
Cached:          1275000 kB
MemTotal:        1844596 kB
MemFree:          251676 kB
MemAvailable:    1506428 kB
Buffers:           86748 kB
Cached:          1275000 kB
MemTotal:        1844596 kB
MemFree:          251608 kB
MemAvailable:    1506360 kB
Buffers:           86748 kB
Cached:          1275000 kB
MemTotal:        1844596 kB
MemFree:          251608 kB
MemAvailable:    1506360 kB
Buffers:           86748 kB
Cached:          1275000 kB
MemTotal:        1844596 kB
MemFree:          250408 kB
MemAvailable:    1505160 kB
Buffers:           86748 kB
Cached:          1275000 kB
MemTotal:        1844596 kB
MemFree:          251648 kB
MemAvailable:    1506400 kB
Buffers:           86748 kB
Cached:          1275000 kB
MemTotal:        1844596 kB
MemFree:          251724 kB
MemAvailable:    1506476 kB
Buffers:           86748 kB
Cached:          1275000 kB
MemTotal:        1844596 kB
MemFree:          251708 kB
MemAvailable:    1506460 kB
Buffers:           86748 kB
Cached:          1275000 kB
MemTotal:        1844596 kB
MemFree:          250532 kB
MemAvailable:    1505284 kB
Buffers:           86748 kB
Cached:          1275000 kB
MemTotal:        1844596 kB
MemFree:          251724 kB
MemAvailable:    1506476 kB
Buffers:           86748 kB
Cached:          1275000 kB
MemTotal:        1844596 kB
MemFree:          249780 kB
MemAvailable:    1504532 kB
Buffers:           86748 kB
Cached:          1275000 kB
MemTotal:        1844596 kB
MemFree:          249780 kB
MemAvailable:    1504532 kB
Buffers:           86748 kB
Cached:          1275000 kB
MemTotal:        1844596 kB
MemFree:          245820 kB
MemAvailable:    1500576 kB
Buffers:           86748 kB
Cached:          1275004 kB
MemTotal:        1844596 kB
MemFree:          243276 kB
MemAvailable:    1498032 kB
Buffers:           86748 kB
Cached:          1275004 kB
MemTotal:        1844596 kB
MemFree:          240984 kB
MemAvailable:    1495740 kB
Buffers:           86748 kB
Cached:          1275004 kB
MemTotal:        1844596 kB
MemFree:          239480 kB
MemAvailable:    1494236 kB
Buffers:           86748 kB
Cached:          1275004 kB
MemTotal:        1844596 kB
MemFree:          239816 kB
MemAvailable:    1494572 kB
Buffers:           86748 kB
Cached:          1275004 kB
MemTotal:        1844596 kB
MemFree:          239540 kB
MemAvailable:    1494296 kB
Buffers:           86748 kB
Cached:          1275004 kB
MemTotal:        1844596 kB
MemFree:          238752 kB
MemAvailable:    1493508 kB
Buffers:           86748 kB
Cached:          1275004 kB
MemTotal:        1844596 kB
MemFree:          239304 kB
MemAvailable:    1494060 kB
Buffers:           86748 kB
Cached:          1275004 kB
MemTotal:        1844596 kB
MemFree:          239556 kB
MemAvailable:    1494312 kB
Buffers:           86748 kB
Cached:          1275004 kB
MemTotal:        1844596 kB
MemFree:          238120 kB
MemAvailable:    1492876 kB
Buffers:           86748 kB
Cached:          1275004 kB
MemTotal:        1844596 kB
MemFree:          239544 kB
MemAvailable:    1494300 kB
Buffers:           86748 kB
Cached:          1275004 kB
MemTotal:        1844596 kB
MemFree:          239364 kB
MemAvailable:    1494120 kB
Buffers:           86748 kB
Cached:          1275004 kB
MemTotal:        1844596 kB
MemFree:          237940 kB
MemAvailable:    1492696 kB
Buffers:           86748 kB
Cached:          1275004 kB
MemTotal:        1844596 kB
MemFree:          238064 kB
MemAvailable:    1492820 kB
Buffers:           86748 kB
Cached:          1275004 kB
MemTotal:        1844596 kB
MemFree:          238924 kB
MemAvailable:    1493680 kB
Buffers:           86748 kB
Cached:          1275004 kB
MemTotal:        1844596 kB
MemFree:          239020 kB
MemAvailable:    1493776 kB
Buffers:           86748 kB
Cached:          1275004 kB
MemTotal:        1844596 kB
MemFree:          238264 kB
MemAvailable:    1493020 kB
Buffers:           86748 kB
Cached:          1275004 kB
MemTotal:        1844596 kB
MemFree:          238868 kB
MemAvailable:    1493624 kB
Buffers:           86748 kB
Cached:          1275004 kB
MemTotal:        1844596 kB
MemFree:          239124 kB
MemAvailable:    1493880 kB
Buffers:           86748 kB
Cached:          1275004 kB
MemTotal:        1844596 kB
MemFree:          237752 kB
MemAvailable:    1492508 kB
Buffers:           86748 kB
Cached:          1275004 kB
MemTotal:        1844596 kB
MemFree:          238812 kB
MemAvailable:    1493568 kB
Buffers:           86748 kB
Cached:          1275004 kB
MemTotal:        1844596 kB
MemFree:          239064 kB
MemAvailable:    1493820 kB
Buffers:           86748 kB
Cached:          1275004 kB
MemTotal:        1844596 kB
MemFree:          237580 kB
MemAvailable:    1492336 kB
Buffers:           86748 kB
Cached:          1275004 kB
MemTotal:        1844596 kB
MemFree:          239040 kB
MemAvailable:    1493796 kB
Buffers:           86748 kB
Cached:          1275004 kB
MemTotal:        1844596 kB
MemFree:          238868 kB
MemAvailable:    1493624 kB
Buffers:           86748 kB
Cached:          1275004 kB
MemTotal:        1844596 kB
MemFree:          239204 kB
MemAvailable:    1493960 kB
Buffers:           86748 kB
Cached:          1275004 kB
MemTotal:        1844596 kB
MemFree:          238880 kB
MemAvailable:    1493636 kB
Buffers:           86748 kB
Cached:          1275004 kB
MemTotal:        1844596 kB
MemFree:          239008 kB
MemAvailable:    1493764 kB
Buffers:           86748 kB
Cached:          1275004 kB
MemTotal:        1844596 kB
MemFree:          238256 kB
MemAvailable:    1493012 kB
Buffers:           86748 kB
Cached:          1275004 kB
MemTotal:        1844596 kB
MemFree:          239032 kB
MemAvailable:    1493788 kB
Buffers:           86748 kB
Cached:          1275004 kB
MemTotal:        1844596 kB
MemFree:          238256 kB
MemAvailable:    1493012 kB
Buffers:           86748 kB
Cached:          1275004 kB
MemTotal:        1844596 kB
MemFree:          238732 kB
MemAvailable:    1493488 kB
Buffers:           86748 kB
Cached:          1275004 kB
MemTotal:        1844596 kB
MemFree:          239068 kB
MemAvailable:    1493824 kB
Buffers:           86748 kB
Cached:          1275004 kB
MemTotal:        1844596 kB
MemFree:          237636 kB
MemAvailable:    1492392 kB
Buffers:           86748 kB
Cached:          1275004 kB
MemTotal:        1844596 kB
MemFree:          238380 kB
MemAvailable:    1493136 kB
Buffers:           86748 kB
Cached:          1275004 kB
MemTotal:        1844596 kB
MemFree:          238696 kB
MemAvailable:    1493452 kB
Buffers:           86748 kB
Cached:          1275004 kB
MemTotal:        1844596 kB
MemFree:          235836 kB
MemAvailable:    1490592 kB
Buffers:           86748 kB
Cached:          1275004 kB
MemTotal:        1844596 kB
MemFree:          232924 kB
MemAvailable:    1487680 kB
Buffers:           86748 kB
Cached:          1275004 kB
MemTotal:        1844596 kB
MemFree:          228956 kB
MemAvailable:    1483712 kB
Buffers:           86748 kB
Cached:          1275004 kB
MemTotal:        1844596 kB
MemFree:          228760 kB
MemAvailable:    1483516 kB
Buffers:           86748 kB
Cached:          1275004 kB
MemTotal:        1844596 kB
MemFree:          228436 kB
MemAvailable:    1483192 kB
Buffers:           86748 kB
Cached:          1275004 kB
MemTotal:        1844596 kB
MemFree:          228520 kB
MemAvailable:    1483276 kB
Buffers:           86748 kB
Cached:          1275004 kB
MemTotal:        1844596 kB
MemFree:          227296 kB
MemAvailable:    1482052 kB
Buffers:           86748 kB
Cached:          1275004 kB
MemTotal:        1844596 kB
MemFree:          227544 kB
MemAvailable:    1482300 kB
Buffers:           86748 kB
Cached:          1275004 kB
MemTotal:        1844596 kB
MemFree:          227296 kB
MemAvailable:    1482052 kB
Buffers:           86748 kB
Cached:          1275004 kB
MemTotal:        1844596 kB
MemFree:          228596 kB
MemAvailable:    1483352 kB
Buffers:           86748 kB
Cached:          1275004 kB
MemTotal:        1844596 kB
MemFree:          228396 kB
MemAvailable:    1483152 kB
Buffers:           86748 kB
Cached:          1275004 kB
MemTotal:        1844596 kB
MemFree:          228648 kB
MemAvailable:    1483404 kB
Buffers:           86748 kB
Cached:          1275004 kB
MemTotal:        1844596 kB
MemFree:          227332 kB
MemAvailable:    1482088 kB
Buffers:           86748 kB
Cached:          1275004 kB
MemTotal:        1844596 kB
MemFree:          228572 kB
MemAvailable:    1483328 kB
Buffers:           86748 kB
Cached:          1275004 kB
MemTotal:        1844596 kB
MemFree:          228444 kB
MemAvailable:    1483200 kB
Buffers:           86748 kB
Cached:          1275004 kB
MemTotal:        1844596 kB
MemFree:          228444 kB
MemAvailable:    1483200 kB
Buffers:           86748 kB
Cached:          1275004 kB
MemTotal:        1844596 kB
MemFree:          228632 kB
MemAvailable:    1483388 kB
Buffers:           86748 kB
Cached:          1275004 kB
MemTotal:        1844596 kB
MemFree:          227708 kB
MemAvailable:    1482464 kB
Buffers:           86748 kB
Cached:          1275004 kB
MemTotal:        1844596 kB
MemFree:          227708 kB
MemAvailable:    1482464 kB
Buffers:           86748 kB
Cached:          1275004 kB
MemTotal:        1844596 kB
MemFree:          225732 kB
MemAvailable:    1480488 kB
Buffers:           86748 kB
Cached:          1275004 kB
MemTotal:        1844596 kB
MemFree:          226660 kB
MemAvailable:    1481416 kB
Buffers:           86748 kB
Cached:          1275004 kB
MemTotal:        1844596 kB
MemFree:          226288 kB
MemAvailable:    1481044 kB
Buffers:           86748 kB
Cached:          1275004 kB
MemTotal:        1844596 kB
MemFree:          226456 kB
MemAvailable:    1481212 kB
Buffers:           86748 kB
Cached:          1275004 kB
MemTotal:        1844596 kB
MemFree:          226392 kB
MemAvailable:    1481148 kB
Buffers:           86748 kB
Cached:          1275004 kB
MemTotal:        1844596 kB
MemFree:          225340 kB
MemAvailable:    1480096 kB
Buffers:           86748 kB
Cached:          1275004 kB
MemTotal:        1844596 kB
MemFree:          225176 kB
MemAvailable:    1479932 kB
Buffers:           86748 kB
Cached:          1275004 kB
MemTotal:        1844596 kB
MemFree:          225168 kB
MemAvailable:    1479924 kB
Buffers:           86748 kB
Cached:          1275004 kB
MemTotal:        1844596 kB
MemFree:          226188 kB
MemAvailable:    1480944 kB
Buffers:           86748 kB
Cached:          1275004 kB
MemTotal:        1844596 kB
MemFree:          226352 kB
MemAvailable:    1481108 kB
Buffers:           86748 kB
Cached:          1275004 kB
MemTotal:        1844596 kB
MemFree:          226208 kB
MemAvailable:    1480964 kB
Buffers:           86748 kB
Cached:          1275004 kB
MemTotal:        1844596 kB
MemFree:          225720 kB
MemAvailable:    1480476 kB
Buffers:           86748 kB
Cached:          1275004 kB
MemTotal:        1844596 kB
MemFree:          226480 kB
MemAvailable:    1481236 kB
Buffers:           86748 kB
Cached:          1275004 kB
MemTotal:        1844596 kB
MemFree:          225164 kB
MemAvailable:    1479920 kB
Buffers:           86748 kB
Cached:          1275004 kB
MemTotal:        1844596 kB
MemFree:          226324 kB
MemAvailable:    1481080 kB
Buffers:           86748 kB
Cached:          1275004 kB
MemTotal:        1844596 kB
MemFree:          226088 kB
MemAvailable:    1480844 kB
Buffers:           86748 kB
Cached:          1275004 kB
MemTotal:        1844596 kB
MemFree:          225192 kB
MemAvailable:    1479948 kB
Buffers:           86748 kB
Cached:          1275004 kB
MemTotal:        1844596 kB
MemFree:          226228 kB
MemAvailable:    1480984 kB
Buffers:           86748 kB
Cached:          1275004 kB
MemTotal:        1844596 kB
MemFree:          226088 kB
MemAvailable:    1480844 kB
Buffers:           86748 kB
Cached:          1275004 kB
MemTotal:        1844596 kB
MemFree:          226428 kB
MemAvailable:    1481184 kB
Buffers:           86748 kB
Cached:          1275004 kB
MemTotal:        1844596 kB
MemFree:          226220 kB
MemAvailable:    1480988 kB
Buffers:           86748 kB
Cached:          1275016 kB
MemTotal:        1844596 kB
MemFree:          225112 kB
MemAvailable:    1479880 kB
Buffers:           86748 kB
Cached:          1275016 kB
MemTotal:        1844596 kB
MemFree:          226400 kB
MemAvailable:    1481168 kB
Buffers:           86748 kB
Cached:          1275016 kB
MemTotal:        1844596 kB
MemFree:          225112 kB
MemAvailable:    1479880 kB
Buffers:           86748 kB
Cached:          1275016 kB
MemTotal:        1844596 kB
MemFree:          226428 kB
MemAvailable:    1481196 kB
Buffers:           86748 kB
Cached:          1275016 kB
MemTotal:        1844596 kB
MemFree:          226212 kB
MemAvailable:    1480980 kB
Buffers:           86748 kB
Cached:          1275016 kB
MemTotal:        1844596 kB
MemFree:          226548 kB
MemAvailable:    1481316 kB
Buffers:           86748 kB
Cached:          1275016 kB
MemTotal:        1844596 kB
MemFree:          224924 kB
MemAvailable:    1479692 kB
Buffers:           86748 kB
Cached:          1275016 kB
MemTotal:        1844596 kB
MemFree:          221640 kB
MemAvailable:    1476408 kB
Buffers:           86748 kB
Cached:          1275016 kB
MemTotal:        1844596 kB
MemFree:          219408 kB
MemAvailable:    1474176 kB
Buffers:           86748 kB
Cached:          1275016 kB
MemTotal:        1844596 kB
MemFree:          214200 kB
MemAvailable:    1468968 kB
Buffers:           86748 kB
Cached:          1275016 kB
MemTotal:        1844596 kB
MemFree:          213516 kB
MemAvailable:    1468284 kB
Buffers:           86748 kB
Cached:          1275016 kB
MemTotal:        1844596 kB
MemFree:          213384 kB
MemAvailable:    1468152 kB
Buffers:           86748 kB
Cached:          1275016 kB
MemTotal:        1844596 kB
MemFree:          212332 kB
MemAvailable:    1467100 kB
Buffers:           86748 kB
Cached:          1275016 kB
MemTotal:        1844596 kB
MemFree:          213208 kB
MemAvailable:    1467976 kB
Buffers:           86748 kB
Cached:          1275016 kB
MemTotal:        1844596 kB
MemFree:          213160 kB
MemAvailable:    1467928 kB
Buffers:           86748 kB
Cached:          1275016 kB
MemTotal:        1844596 kB
MemFree:          213340 kB
MemAvailable:    1468108 kB
Buffers:           86748 kB
Cached:          1275016 kB
MemTotal:        1844596 kB
MemFree:          212216 kB
MemAvailable:    1466984 kB
Buffers:           86748 kB
Cached:          1275016 kB
MemTotal:        1844596 kB
MemFree:          212780 kB
MemAvailable:    1467552 kB
Buffers:           86748 kB
Cached:          1275020 kB
MemTotal:        1844596 kB
MemFree:          213116 kB
MemAvailable:    1467888 kB
Buffers:           86748 kB
Cached:          1275020 kB
MemTotal:        1844596 kB
MemFree:          212820 kB
MemAvailable:    1467592 kB
Buffers:           86748 kB
Cached:          1275020 kB
MemTotal:        1844596 kB
MemFree:          213072 kB
MemAvailable:    1467844 kB
Buffers:           86748 kB
Cached:          1275020 kB
MemTotal:        1844596 kB
MemFree:          213000 kB
MemAvailable:    1467772 kB
Buffers:           86748 kB
Cached:          1275020 kB
MemTotal:        1844596 kB
MemFree:          212960 kB
MemAvailable:    1467732 kB
Buffers:           86748 kB
Cached:          1275020 kB
MemTotal:        1844596 kB
MemFree:          212340 kB
MemAvailable:    1467112 kB
Buffers:           86748 kB
Cached:          1275020 kB
MemTotal:        1844596 kB
MemFree:          213572 kB
MemAvailable:    1468344 kB
Buffers:           86748 kB
Cached:          1275020 kB
MemTotal:        1844596 kB
MemFree:          211960 kB
MemAvailable:    1466732 kB
Buffers:           86748 kB
Cached:          1275020 kB
MemTotal:        1844596 kB
MemFree:          213060 kB
MemAvailable:    1467832 kB
Buffers:           86748 kB
Cached:          1275020 kB
MemTotal:        1844596 kB
MemFree:          213060 kB
MemAvailable:    1467832 kB
Buffers:           86748 kB
Cached:          1275020 kB
MemTotal:        1844596 kB
MemFree:          212808 kB
MemAvailable:    1467580 kB
Buffers:           86748 kB
Cached:          1275020 kB
MemTotal:        1844596 kB
MemFree:          213060 kB
MemAvailable:    1467832 kB
Buffers:           86748 kB
Cached:          1275020 kB
MemTotal:        1844596 kB
MemFree:          211540 kB
MemAvailable:    1466312 kB
Buffers:           86748 kB
Cached:          1275020 kB
MemTotal:        1844596 kB
MemFree:          213020 kB
MemAvailable:    1467792 kB
Buffers:           86748 kB
Cached:          1275020 kB
MemTotal:        1844596 kB
MemFree:          211788 kB
MemAvailable:    1466560 kB
Buffers:           86748 kB
Cached:          1275020 kB
MemTotal:        1844596 kB
MemFree:          212964 kB
MemAvailable:    1467736 kB
Buffers:           86748 kB
Cached:          1275020 kB
MemTotal:        1844596 kB
MemFree:          213000 kB
MemAvailable:    1467772 kB
Buffers:           86748 kB
Cached:          1275020 kB
MemTotal:        1844596 kB
MemFree:          211692 kB
MemAvailable:    1466464 kB
Buffers:           86748 kB
Cached:          1275020 kB
MemTotal:        1844596 kB
MemFree:          211596 kB
MemAvailable:    1466368 kB
Buffers:           86748 kB
Cached:          1275020 kB
MemTotal:        1844596 kB
MemFree:          211464 kB
MemAvailable:    1466236 kB
Buffers:           86748 kB
Cached:          1275020 kB
MemTotal:        1844596 kB
MemFree:          212084 kB
MemAvailable:    1466856 kB
Buffers:           86748 kB
Cached:          1275020 kB
MemTotal:        1844596 kB
MemFree:          212420 kB
MemAvailable:    1467192 kB
Buffers:           86748 kB
Cached:          1275020 kB
MemTotal:        1844596 kB
MemFree:          210968 kB
MemAvailable:    1465740 kB
Buffers:           86748 kB
Cached:          1275020 kB
MemTotal:        1844596 kB
MemFree:          211340 kB
MemAvailable:    1466112 kB
Buffers:           86748 kB
Cached:          1275020 kB
MemTotal:        1844596 kB
MemFree:          211092 kB
MemAvailable:    1465864 kB
Buffers:           86748 kB
Cached:          1275020 kB
MemTotal:        1844596 kB
MemFree:          212332 kB
MemAvailable:    1467104 kB
Buffers:           86748 kB
Cached:          1275020 kB
MemTotal:        1844596 kB
MemFree:          212324 kB
MemAvailable:    1467096 kB
Buffers:           86748 kB
Cached:          1275020 kB
MemTotal:        1844596 kB
MemFree:          206760 kB
MemAvailable:    1461532 kB
Buffers:           86748 kB
Cached:          1275020 kB
MemTotal:        1844596 kB
MemFree:          204712 kB
MemAvailable:    1459484 kB
Buffers:           86748 kB
Cached:          1275020 kB
MemTotal:        1844596 kB
MemFree:          203472 kB
MemAvailable:    1458244 kB
Buffers:           86748 kB
Cached:          1275020 kB
MemTotal:        1844596 kB
MemFree:          202900 kB
MemAvailable:    1457672 kB
Buffers:           86748 kB
Cached:          1275020 kB
MemTotal:        1844596 kB
MemFree:          202792 kB
MemAvailable:    1457564 kB
Buffers:           86748 kB
Cached:          1275020 kB
MemTotal:        1844596 kB
MemFree:          199568 kB
MemAvailable:    1454340 kB
Buffers:           86748 kB
Cached:          1275020 kB
MemTotal:        1844596 kB
MemFree:          199684 kB
MemAvailable:    1454456 kB
Buffers:           86748 kB
Cached:          1275020 kB
MemTotal:        1844596 kB
MemFree:          199204 kB
MemAvailable:    1453976 kB
Buffers:           86748 kB
Cached:          1275020 kB
MemTotal:        1844596 kB
MemFree:          198320 kB
MemAvailable:    1453092 kB
Buffers:           86748 kB
Cached:          1275020 kB
MemTotal:        1844596 kB
MemFree:          199364 kB
MemAvailable:    1454136 kB
Buffers:           86748 kB
Cached:          1275020 kB
MemTotal:        1844596 kB
MemFree:          198024 kB
MemAvailable:    1452796 kB
Buffers:           86748 kB
Cached:          1275020 kB
MemTotal:        1844596 kB
MemFree:          199300 kB
MemAvailable:    1454072 kB
Buffers:           86748 kB
Cached:          1275020 kB
MemTotal:        1844596 kB
MemFree:          199552 kB
MemAvailable:    1454324 kB
Buffers:           86748 kB
Cached:          1275020 kB
MemTotal:        1844596 kB
MemFree:          199332 kB
MemAvailable:    1454104 kB
Buffers:           86748 kB
Cached:          1275020 kB
MemTotal:        1844596 kB
MemFree:          199328 kB
MemAvailable:    1454100 kB
Buffers:           86748 kB
Cached:          1275020 kB
MemTotal:        1844596 kB
MemFree:          199260 kB
MemAvailable:    1454032 kB
Buffers:           86748 kB
Cached:          1275020 kB
MemTotal:        1844596 kB
MemFree:          199308 kB
MemAvailable:    1454080 kB
Buffers:           86748 kB
Cached:          1275020 kB
MemTotal:        1844596 kB
MemFree:          198300 kB
MemAvailable:    1453072 kB
Buffers:           86748 kB
Cached:          1275020 kB
MemTotal:        1844596 kB
MemFree:          199320 kB
MemAvailable:    1454092 kB
Buffers:           86748 kB
Cached:          1275020 kB
MemTotal:        1844596 kB
MemFree:          198204 kB
MemAvailable:    1452976 kB
Buffers:           86748 kB
Cached:          1275020 kB
MemTotal:        1844596 kB
MemFree:          199256 kB
MemAvailable:    1454028 kB
Buffers:           86748 kB
Cached:          1275020 kB
MemTotal:        1844596 kB
MemFree:          198204 kB
MemAvailable:    1452976 kB
Buffers:           86748 kB
Cached:          1275020 kB
MemTotal:        1844596 kB
MemFree:          197908 kB
MemAvailable:    1452680 kB
Buffers:           86748 kB
Cached:          1275020 kB
MemTotal:        1844596 kB
MemFree:          197824 kB
MemAvailable:    1452596 kB
Buffers:           86748 kB
Cached:          1275020 kB
MemTotal:        1844596 kB
MemFree:          199132 kB
MemAvailable:    1453904 kB
Buffers:           86748 kB
Cached:          1275020 kB
MemTotal:        1844596 kB
MemFree:          198040 kB
MemAvailable:    1452812 kB
Buffers:           86748 kB
Cached:          1275020 kB
MemTotal:        1844596 kB
MemFree:          197832 kB
MemAvailable:    1452604 kB
Buffers:           86748 kB
Cached:          1275020 kB
MemTotal:        1844596 kB
MemFree:          199280 kB
MemAvailable:    1454052 kB
Buffers:           86748 kB
Cached:          1275020 kB
MemTotal:        1844596 kB
MemFree:          199272 kB
MemAvailable:    1454044 kB
Buffers:           86748 kB
Cached:          1275020 kB
MemTotal:        1844596 kB
MemFree:          198932 kB
MemAvailable:    1453708 kB
Buffers:           86748 kB
Cached:          1275024 kB
MemTotal:        1844596 kB
MemFree:          199268 kB
MemAvailable:    1454044 kB
Buffers:           86748 kB
Cached:          1275024 kB
MemTotal:        1844596 kB
MemFree:          199244 kB
MemAvailable:    1454020 kB
Buffers:           86748 kB
Cached:          1275024 kB
MemTotal:        1844596 kB
MemFree:          197956 kB
MemAvailable:    1452732 kB
Buffers:           86748 kB
Cached:          1275024 kB
MemTotal:        1844596 kB
MemFree:          198032 kB
MemAvailable:    1452808 kB
Buffers:           86748 kB
Cached:          1275024 kB
MemTotal:        1844596 kB
MemFree:          199084 kB
MemAvailable:    1453860 kB
Buffers:           86748 kB
Cached:          1275024 kB
MemTotal:        1844596 kB
MemFree:          198932 kB
MemAvailable:    1453708 kB
Buffers:           86748 kB
Cached:          1275024 kB
MemTotal:        1844596 kB
MemFree:          199268 kB
MemAvailable:    1454044 kB
Buffers:           86748 kB
Cached:          1275024 kB
MemTotal:        1844596 kB
MemFree:          199060 kB
MemAvailable:    1453836 kB
Buffers:           86748 kB
Cached:          1275024 kB
MemTotal:        1844596 kB
MemFree:          197896 kB
MemAvailable:    1452672 kB
Buffers:           86748 kB
Cached:          1275024 kB
MemTotal:        1844596 kB
MemFree:          197932 kB
MemAvailable:    1452708 kB
Buffers:           86748 kB
Cached:          1275024 kB
MemTotal:        1844596 kB
MemFree:          197808 kB
MemAvailable:    1452584 kB
Buffers:           86748 kB
Cached:          1275024 kB
MemTotal:        1844596 kB
MemFree:          199048 kB
MemAvailable:    1453824 kB
Buffers:           86748 kB
Cached:          1275024 kB
MemTotal:        1844596 kB
MemFree:          197884 kB
MemAvailable:    1452660 kB
Buffers:           86748 kB
Cached:          1275024 kB
MemTotal:        1844596 kB
MemFree:          199028 kB
MemAvailable:    1453804 kB
Buffers:           86748 kB
Cached:          1275024 kB
MemTotal:        1844596 kB
MemFree:          199268 kB
MemAvailable:    1454044 kB
Buffers:           86748 kB
Cached:          1275024 kB
MemTotal:        1844596 kB
MemFree:          197708 kB
MemAvailable:    1452484 kB
Buffers:           86748 kB
Cached:          1275024 kB
MemTotal:        1844596 kB
MemFree:          197584 kB
MemAvailable:    1452360 kB
Buffers:           86748 kB
Cached:          1275024 kB
MemTotal:        1844596 kB
MemFree:          197320 kB
MemAvailable:    1452096 kB
Buffers:           86748 kB
Cached:          1275024 kB
MemTotal:        1844596 kB
MemFree:          197452 kB
MemAvailable:    1452228 kB
Buffers:           86748 kB
Cached:          1275024 kB
MemTotal:        1844596 kB
MemFree:          197576 kB
MemAvailable:    1452352 kB
Buffers:           86748 kB
Cached:          1275024 kB
MemTotal:        1844596 kB
MemFree:          198940 kB
MemAvailable:    1453716 kB
Buffers:           86748 kB
Cached:          1275024 kB
MemTotal:        1844596 kB
MemFree:          198560 kB
MemAvailable:    1453336 kB
Buffers:           86748 kB
Cached:          1275024 kB
MemTotal:        1844596 kB
MemFree:          198320 kB
MemAvailable:    1453096 kB
Buffers:           86748 kB
Cached:          1275024 kB
MemTotal:        1844596 kB
MemFree:          198436 kB
MemAvailable:    1453216 kB
Buffers:           86748 kB
Cached:          1275028 kB
MemTotal:        1844596 kB
MemFree:          198152 kB
MemAvailable:    1452932 kB
Buffers:           86748 kB
Cached:          1275028 kB
MemTotal:        1844596 kB
MemFree:          198436 kB
MemAvailable:    1453216 kB
Buffers:           86748 kB
Cached:          1275028 kB
MemTotal:        1844596 kB
MemFree:          197900 kB
MemAvailable:    1452680 kB
Buffers:           86748 kB
Cached:          1275028 kB
MemTotal:        1844596 kB
MemFree:          197328 kB
MemAvailable:    1452112 kB
Buffers:           86748 kB
Cached:          1275032 kB
MemTotal:        1844596 kB
MemFree:          197460 kB
MemAvailable:    1452244 kB
Buffers:           86748 kB
Cached:          1275032 kB
MemTotal:        1844596 kB
MemFree:          198568 kB
MemAvailable:    1453352 kB
Buffers:           86748 kB
Cached:          1275032 kB
MemTotal:        1844596 kB
MemFree:          197088 kB
MemAvailable:    1451872 kB
Buffers:           86748 kB
Cached:          1275032 kB
MemTotal:        1844596 kB
MemFree:          192996 kB
MemAvailable:    1447780 kB
Buffers:           86748 kB
Cached:          1275032 kB
MemTotal:        1844596 kB
MemFree:          193112 kB
MemAvailable:    1447896 kB
Buffers:           86748 kB
Cached:          1275032 kB
MemTotal:        1844596 kB
MemFree:          192004 kB
MemAvailable:    1446788 kB
Buffers:           86748 kB
Cached:          1275032 kB
MemTotal:        1844596 kB
MemFree:          192568 kB
MemAvailable:    1447352 kB
Buffers:           86748 kB
Cached:          1275032 kB
MemTotal:        1844596 kB
MemFree:          192904 kB
MemAvailable:    1447688 kB
Buffers:           86748 kB
Cached:          1275032 kB
MemTotal:        1844596 kB
MemFree:          192700 kB
MemAvailable:    1447484 kB
Buffers:           86748 kB
Cached:          1275032 kB
MemTotal:        1844596 kB
MemFree:          191832 kB
MemAvailable:    1446616 kB
Buffers:           86748 kB
Cached:          1275032 kB
MemTotal:        1844596 kB
MemFree:          192668 kB
MemAvailable:    1447452 kB
Buffers:           86748 kB
Cached:          1275032 kB
MemTotal:        1844596 kB
MemFree:          191244 kB
MemAvailable:    1446028 kB
Buffers:           86748 kB
Cached:          1275032 kB
MemTotal:        1844596 kB
MemFree:          192344 kB
MemAvailable:    1447128 kB
Buffers:           86748 kB
Cached:          1275032 kB
MemTotal:        1844596 kB
MemFree:          192500 kB
MemAvailable:    1447284 kB
Buffers:           86748 kB
Cached:          1275032 kB
MemTotal:        1844596 kB
MemFree:          191204 kB
MemAvailable:    1445988 kB
Buffers:           86748 kB
Cached:          1275032 kB
MemTotal:        1844596 kB
MemFree:          192488 kB
MemAvailable:    1447272 kB
Buffers:           86748 kB
Cached:          1275032 kB
MemTotal:        1844596 kB
MemFree:          192440 kB
MemAvailable:    1447224 kB
Buffers:           86748 kB
Cached:          1275032 kB
MemTotal:        1844596 kB
MemFree:          192432 kB
MemAvailable:    1447216 kB
Buffers:           86748 kB
Cached:          1275032 kB
MemTotal:        1844596 kB
MemFree:          191112 kB
MemAvailable:    1445896 kB
Buffers:           86748 kB
Cached:          1275032 kB
MemTotal:        1844596 kB
MemFree:          192304 kB
MemAvailable:    1447088 kB
Buffers:           86748 kB
Cached:          1275032 kB
MemTotal:        1844596 kB
MemFree:          192556 kB
MemAvailable:    1447340 kB
Buffers:           86748 kB
Cached:          1275032 kB
MemTotal:        1844596 kB
MemFree:          192328 kB
MemAvailable:    1447112 kB
Buffers:           86748 kB
Cached:          1275032 kB
MemTotal:        1844596 kB
MemFree:          191208 kB
MemAvailable:    1445992 kB
Buffers:           86748 kB
Cached:          1275032 kB
MemTotal:        1844596 kB
MemFree:          191324 kB
MemAvailable:    1446108 kB
Buffers:           86748 kB
Cached:          1275032 kB
MemTotal:        1844596 kB
MemFree:          191244 kB
MemAvailable:    1446028 kB
Buffers:           86748 kB
Cached:          1275032 kB
MemTotal:        1844596 kB
MemFree:          192360 kB
MemAvailable:    1447144 kB
Buffers:           86748 kB
Cached:          1275032 kB
MemTotal:        1844596 kB
MemFree:          191756 kB
MemAvailable:    1446540 kB
Buffers:           86748 kB
Cached:          1275032 kB
MemTotal:        1844596 kB
MemFree:          192436 kB
MemAvailable:    1447220 kB
Buffers:           86748 kB
Cached:          1275032 kB
MemTotal:        1844596 kB
MemFree:          190956 kB
MemAvailable:    1445740 kB
Buffers:           86748 kB
Cached:          1275032 kB
MemTotal:        1844596 kB
MemFree:          192388 kB
MemAvailable:    1447172 kB
Buffers:           86748 kB
Cached:          1275032 kB
MemTotal:        1844596 kB
MemFree:          191212 kB
MemAvailable:    1445996 kB
Buffers:           86748 kB
Cached:          1275032 kB
MemTotal:        1844596 kB
MemFree:          192380 kB
MemAvailable:    1447164 kB
Buffers:           86748 kB
Cached:          1275032 kB
MemTotal:        1844596 kB
MemFree:          192128 kB
MemAvailable:    1446912 kB
Buffers:           86748 kB
Cached:          1275032 kB
MemTotal:        1844596 kB
MemFree:          191124 kB
MemAvailable:    1445908 kB
Buffers:           86748 kB
Cached:          1275032 kB
MemTotal:        1844596 kB
MemFree:          197656 kB
MemAvailable:    1452440 kB
Buffers:           86748 kB
Cached:          1275032 kB
MemTotal:        1844596 kB
MemFree:          196284 kB
MemAvailable:    1451068 kB
Buffers:           86748 kB
Cached:          1275032 kB
MemTotal:        1844596 kB
MemFree:          197584 kB
MemAvailable:    1452368 kB
Buffers:           86748 kB
Cached:          1275032 kB
MemTotal:        1844596 kB
MemFree:          195724 kB
MemAvailable:    1450508 kB
Buffers:           86748 kB
Cached:          1275032 kB
MemTotal:        1844596 kB
MemFree:          196900 kB
MemAvailable:    1451684 kB
Buffers:           86748 kB
Cached:          1275032 kB
MemTotal:        1844596 kB
MemFree:          195484 kB
MemAvailable:    1450268 kB
Buffers:           86748 kB
Cached:          1275032 kB
MemTotal:        1844596 kB
MemFree:          196684 kB
MemAvailable:    1451468 kB
Buffers:           86748 kB
Cached:          1275032 kB
MemTotal:        1844596 kB
MemFree:          195404 kB
MemAvailable:    1450188 kB
Buffers:           86748 kB
Cached:          1275032 kB
MemTotal:        1844596 kB
MemFree:          196744 kB
MemAvailable:    1451532 kB
Buffers:           86748 kB
Cached:          1275036 kB
MemTotal:        1844596 kB
MemFree:          196088 kB
MemAvailable:    1450876 kB
Buffers:           86748 kB
Cached:          1275036 kB
MemTotal:        1844596 kB
MemFree:          197032 kB
MemAvailable:    1451820 kB
Buffers:           86748 kB
Cached:          1275036 kB
MemTotal:        1844596 kB
MemFree:          195948 kB
MemAvailable:    1450736 kB
Buffers:           86748 kB
Cached:          1275036 kB
MemTotal:        1844596 kB
MemFree:          196700 kB
MemAvailable:    1451488 kB
Buffers:           86748 kB
Cached:          1275036 kB
MemTotal:        1844596 kB
MemFree:          196612 kB
MemAvailable:    1451400 kB
Buffers:           86748 kB
Cached:          1275036 kB
MemTotal:        1844596 kB
MemFree:          195544 kB
MemAvailable:    1450332 kB
Buffers:           86748 kB
Cached:          1275036 kB
MemTotal:        1844596 kB
MemFree:          195328 kB
MemAvailable:    1450116 kB
Buffers:           86748 kB
Cached:          1275036 kB
MemTotal:        1844596 kB
MemFree:          196692 kB
MemAvailable:    1451480 kB
Buffers:           86748 kB
Cached:          1275036 kB
MemTotal:        1844596 kB
MemFree:          195288 kB
MemAvailable:    1450076 kB
Buffers:           86748 kB
Cached:          1275036 kB
MemTotal:        1844596 kB
MemFree:          194220 kB
MemAvailable:    1449008 kB
Buffers:           86748 kB
Cached:          1275036 kB
MemTotal:        1844596 kB
MemFree:          191244 kB
MemAvailable:    1446032 kB
Buffers:           86748 kB
Cached:          1275036 kB
MemTotal:        1844596 kB
MemFree:          190188 kB
MemAvailable:    1444976 kB
Buffers:           86748 kB
Cached:          1275036 kB
MemTotal:        1844596 kB
MemFree:          188756 kB
MemAvailable:    1443544 kB
Buffers:           86748 kB
Cached:          1275036 kB
MemTotal:        1844596 kB
MemFree:          188500 kB
MemAvailable:    1443288 kB
Buffers:           86748 kB
Cached:          1275036 kB
MemTotal:        1844596 kB
MemFree:          188996 kB
MemAvailable:    1443784 kB
Buffers:           86748 kB
Cached:          1275036 kB
MemTotal:        1844596 kB
MemFree:          187896 kB
MemAvailable:    1442684 kB
Buffers:           86748 kB
Cached:          1275036 kB
MemTotal:        1844596 kB
MemFree:          187764 kB
MemAvailable:    1442552 kB
Buffers:           86748 kB
Cached:          1275036 kB
MemTotal:        1844596 kB
MemFree:          187524 kB
MemAvailable:    1442312 kB
Buffers:           86748 kB
Cached:          1275036 kB
MemTotal:        1844596 kB
MemFree:          187524 kB
MemAvailable:    1442312 kB
Buffers:           86748 kB
Cached:          1275036 kB
MemTotal:        1844596 kB
MemFree:          185416 kB
MemAvailable:    1440204 kB
Buffers:           86748 kB
Cached:          1275036 kB
MemTotal:        1844596 kB
MemFree:          185416 kB
MemAvailable:    1440204 kB
Buffers:           86748 kB
Cached:          1275036 kB
MemTotal:        1844596 kB
MemFree:          185732 kB
MemAvailable:    1440520 kB
Buffers:           86748 kB
Cached:          1275036 kB
MemTotal:        1844596 kB
MemFree:          185788 kB
MemAvailable:    1440576 kB
Buffers:           86748 kB
Cached:          1275036 kB
MemTotal:        1844596 kB
MemFree:          185608 kB
MemAvailable:    1440396 kB
Buffers:           86748 kB
Cached:          1275036 kB
MemTotal:        1844596 kB
MemFree:          184616 kB
MemAvailable:    1439404 kB
Buffers:           86748 kB
Cached:          1275036 kB
MemTotal:        1844596 kB
MemFree:          185468 kB
MemAvailable:    1440256 kB
Buffers:           86748 kB
Cached:          1275036 kB
MemTotal:        1844596 kB
MemFree:          185548 kB
MemAvailable:    1440336 kB
Buffers:           86748 kB
Cached:          1275036 kB
MemTotal:        1844596 kB
MemFree:          185336 kB
MemAvailable:    1440124 kB
Buffers:           86748 kB
Cached:          1275036 kB
MemTotal:        1844596 kB
MemFree:          184168 kB
MemAvailable:    1438956 kB
Buffers:           86748 kB
Cached:          1275036 kB
MemTotal:        1844596 kB
MemFree:          184168 kB
MemAvailable:    1438956 kB
Buffers:           86748 kB
Cached:          1275036 kB
MemTotal:        1844596 kB
MemFree:          184284 kB
MemAvailable:    1439072 kB
Buffers:           86748 kB
Cached:          1275036 kB
MemTotal:        1844596 kB
MemFree:          185212 kB
MemAvailable:    1440000 kB
Buffers:           86748 kB
Cached:          1275036 kB
MemTotal:        1844596 kB
MemFree:          183804 kB
MemAvailable:    1438592 kB
Buffers:           86748 kB
Cached:          1275036 kB
MemTotal:        1844596 kB
MemFree:          183680 kB
MemAvailable:    1438468 kB
Buffers:           86748 kB
Cached:          1275036 kB
MemTotal:        1844596 kB
MemFree:          184424 kB
MemAvailable:    1439212 kB
Buffers:           86748 kB
Cached:          1275036 kB
MemTotal:        1844596 kB
MemFree:          183384 kB
MemAvailable:    1438172 kB
Buffers:           86748 kB
Cached:          1275036 kB
MemTotal:        1844596 kB
MemFree:          185540 kB
MemAvailable:    1440328 kB
Buffers:           86748 kB
Cached:          1275036 kB
MemTotal:        1844596 kB
MemFree:          186856 kB
MemAvailable:    1441644 kB
Buffers:           86748 kB
Cached:          1275036 kB
MemTotal:        1844596 kB
MemFree:          185540 kB
MemAvailable:    1440328 kB
Buffers:           86748 kB
Cached:          1275036 kB
MemTotal:        1844596 kB
MemFree:          186840 kB
MemAvailable:    1441628 kB
Buffers:           86748 kB
Cached:          1275036 kB
MemTotal:        1844596 kB
MemFree:          186160 kB
MemAvailable:    1440948 kB
Buffers:           86748 kB
Cached:          1275036 kB
MemTotal:        1844596 kB
MemFree:          185912 kB
MemAvailable:    1440700 kB
Buffers:           86748 kB
Cached:          1275036 kB
MemTotal:        1844596 kB
MemFree:          186036 kB
MemAvailable:    1440824 kB
Buffers:           86748 kB
Cached:          1275036 kB
MemTotal:        1844596 kB
MemFree:          186768 kB
MemAvailable:    1441556 kB
Buffers:           86748 kB
Cached:          1275036 kB
MemTotal:        1844596 kB
MemFree:          186816 kB
MemAvailable:    1441604 kB
Buffers:           86748 kB
Cached:          1275036 kB
MemTotal:        1844596 kB
MemFree:          186988 kB
MemAvailable:    1441776 kB
Buffers:           86748 kB
Cached:          1275036 kB
MemTotal:        1844596 kB
MemFree:          186784 kB
MemAvailable:    1441572 kB
Buffers:           86748 kB
Cached:          1275036 kB
MemTotal:        1844596 kB
MemFree:          186912 kB
MemAvailable:    1441700 kB
Buffers:           86748 kB
Cached:          1275036 kB
MemTotal:        1844596 kB
MemFree:          186716 kB
MemAvailable:    1441504 kB
Buffers:           86748 kB
Cached:          1275036 kB
MemTotal:        1844596 kB
MemFree:          186772 kB
MemAvailable:    1441560 kB
Buffers:           86748 kB
Cached:          1275036 kB
MemTotal:        1844596 kB
MemFree:          187024 kB
MemAvailable:    1441812 kB
Buffers:           86748 kB
Cached:          1275036 kB
MemTotal:        1844596 kB
MemFree:          186784 kB
MemAvailable:    1441572 kB
Buffers:           86748 kB
Cached:          1275036 kB
MemTotal:        1844596 kB
MemFree:          185612 kB
MemAvailable:    1440400 kB
Buffers:           86748 kB
Cached:          1275036 kB
MemTotal:        1844596 kB
MemFree:          186844 kB
MemAvailable:    1441632 kB
Buffers:           86748 kB
Cached:          1275036 kB
MemTotal:        1844596 kB
MemFree:          185524 kB
MemAvailable:    1440312 kB
Buffers:           86748 kB
Cached:          1275036 kB
MemTotal:        1844596 kB
MemFree:          186624 kB
MemAvailable:    1441412 kB
Buffers:           86748 kB
Cached:          1275036 kB
MemTotal:        1844596 kB
MemFree:          186960 kB
MemAvailable:    1441748 kB
Buffers:           86748 kB
Cached:          1275036 kB
MemTotal:        1844596 kB
MemFree:          185392 kB
MemAvailable:    1440180 kB
Buffers:           86748 kB
Cached:          1275036 kB
MemTotal:        1844596 kB
MemFree:          186468 kB
MemAvailable:    1441256 kB
Buffers:           86748 kB
Cached:          1275036 kB
MemTotal:        1844596 kB
MemFree:          185168 kB
MemAvailable:    1439956 kB
Buffers:           86748 kB
Cached:          1275036 kB
MemTotal:        1844596 kB
MemFree:          185772 kB
MemAvailable:    1440564 kB
Buffers:           86748 kB
Cached:          1275040 kB
MemTotal:        1844596 kB
MemFree:          185292 kB
MemAvailable:    1440084 kB
Buffers:           86748 kB
Cached:          1275040 kB
MemTotal:        1844596 kB
MemFree:          184536 kB
MemAvailable:    1439328 kB
Buffers:           86748 kB
Cached:          1275040 kB
MemTotal:        1844596 kB
MemFree:          185728 kB
MemAvailable:    1440520 kB
Buffers:           86748 kB
Cached:          1275040 kB
MemTotal:        1844596 kB
MemFree:          185720 kB
MemAvailable:    1440512 kB
Buffers:           86748 kB
Cached:          1275040 kB
MemTotal:        1844596 kB
MemFree:          185340 kB
MemAvailable:    1440132 kB
Buffers:           86748 kB
Cached:          1275040 kB
MemTotal:        1844596 kB
MemFree:          185300 kB
MemAvailable:    1440092 kB
Buffers:           86748 kB
Cached:          1275040 kB
MemTotal:        1844596 kB
MemFree:          184292 kB
MemAvailable:    1439084 kB
Buffers:           86748 kB
Cached:          1275040 kB
MemTotal:        1844596 kB
MemFree:          184416 kB
MemAvailable:    1439208 kB
Buffers:           86748 kB
Cached:          1275040 kB
MemTotal:        1844596 kB
MemFree:          185460 kB
MemAvailable:    1440256 kB
Buffers:           86748 kB
Cached:          1275044 kB
MemTotal:        1844596 kB
MemFree:          185408 kB
MemAvailable:    1440204 kB
Buffers:           86748 kB
Cached:          1275044 kB
MemTotal:        1844596 kB
MemFree:          184848 kB
MemAvailable:    1439644 kB
Buffers:           86748 kB
Cached:          1275044 kB
MemTotal:        1844596 kB
MemFree:          183508 kB
MemAvailable:    1438304 kB
Buffers:           86748 kB
Cached:          1275044 kB
MemTotal:        1844596 kB
MemFree:          183376 kB
MemAvailable:    1438172 kB
Buffers:           86748 kB
Cached:          1275044 kB
MemTotal:        1844596 kB
MemFree:          183624 kB
MemAvailable:    1438420 kB
Buffers:           86748 kB
Cached:          1275044 kB
MemTotal:        1844596 kB
MemFree:          183244 kB
MemAvailable:    1438040 kB
Buffers:           86748 kB
Cached:          1275044 kB
MemTotal:        1844596 kB
MemFree:          183368 kB
MemAvailable:    1438164 kB
Buffers:           86748 kB
Cached:          1275044 kB
MemTotal:        1844596 kB
MemFree:          183368 kB
MemAvailable:    1438164 kB
Buffers:           86748 kB
Cached:          1275044 kB
MemTotal:        1844596 kB
MemFree:          184352 kB
MemAvailable:    1439148 kB
Buffers:           86748 kB
Cached:          1275044 kB
MemTotal:        1844596 kB
MemFree:          183308 kB
MemAvailable:    1438104 kB
Buffers:           86748 kB
Cached:          1275044 kB
MemTotal:        1844596 kB
MemFree:          184052 kB
MemAvailable:    1438848 kB
Buffers:           86748 kB
Cached:          1275044 kB
MemTotal:        1844596 kB
MemFree:          183632 kB
MemAvailable:    1438428 kB
Buffers:           86748 kB
Cached:          1275044 kB
MemTotal:        1844596 kB
MemFree:          183008 kB
MemAvailable:    1437804 kB
Buffers:           86748 kB
Cached:          1275044 kB
MemTotal:        1844596 kB
MemFree:          182864 kB
MemAvailable:    1437660 kB
Buffers:           86748 kB
Cached:          1275044 kB
MemTotal:        1844596 kB
MemFree:          183128 kB
MemAvailable:    1437924 kB
Buffers:           86748 kB
Cached:          1275044 kB
MemTotal:        1844596 kB
MemFree:          182916 kB
MemAvailable:    1437712 kB
Buffers:           86748 kB
Cached:          1275044 kB
MemTotal:        1844596 kB
MemFree:          184276 kB
MemAvailable:    1439072 kB
Buffers:           86748 kB
Cached:          1275044 kB
MemTotal:        1844596 kB
MemFree:          183432 kB
MemAvailable:    1438228 kB
Buffers:           86748 kB
Cached:          1275044 kB
MemTotal:        1844596 kB
MemFree:          184004 kB
MemAvailable:    1438800 kB
Buffers:           86748 kB
Cached:          1275044 kB
MemTotal:        1844596 kB
MemFree:          184260 kB
MemAvailable:    1439056 kB
Buffers:           86748 kB
Cached:          1275044 kB
MemTotal:        1844596 kB
MemFree:          183140 kB
MemAvailable:    1437936 kB
Buffers:           86748 kB
Cached:          1275044 kB
MemTotal:        1844596 kB
MemFree:          184112 kB
MemAvailable:    1438908 kB
Buffers:           86748 kB
Cached:          1275044 kB
MemTotal:        1844596 kB
MemFree:          184364 kB
MemAvailable:    1439160 kB
Buffers:           86748 kB
Cached:          1275044 kB
MemTotal:        1844596 kB
MemFree:          182756 kB
MemAvailable:    1437552 kB
Buffers:           86748 kB
Cached:          1275044 kB
MemTotal:        1844596 kB
MemFree:          184024 kB
MemAvailable:    1438820 kB
Buffers:           86748 kB
Cached:          1275044 kB
MemTotal:        1844596 kB
MemFree:          184276 kB
MemAvailable:    1439072 kB
Buffers:           86748 kB
Cached:          1275044 kB
MemTotal:        1844596 kB
MemFree:          184048 kB
MemAvailable:    1438844 kB
Buffers:           86748 kB
Cached:          1275044 kB
MemTotal:        1844596 kB
MemFree:          184148 kB
MemAvailable:    1438944 kB
Buffers:           86748 kB
Cached:          1275044 kB
MemTotal:        1844596 kB
MemFree:          184176 kB
MemAvailable:    1438972 kB
Buffers:           86748 kB
Cached:          1275044 kB
MemTotal:        1844596 kB
MemFree:          184120 kB
MemAvailable:    1438916 kB
Buffers:           86748 kB
Cached:          1275044 kB
MemTotal:        1844596 kB
MemFree:          183000 kB
MemAvailable:    1437796 kB
Buffers:           86748 kB
Cached:          1275044 kB
MemTotal:        1844596 kB
MemFree:          182992 kB
MemAvailable:    1437788 kB
Buffers:           86748 kB
Cached:          1275044 kB
MemTotal:        1844596 kB
MemFree:          183160 kB
MemAvailable:    1437956 kB
Buffers:           86748 kB
Cached:          1275044 kB
MemTotal:        1844596 kB
MemFree:          182864 kB
MemAvailable:    1437660 kB
Buffers:           86748 kB
Cached:          1275044 kB
MemTotal:        1844596 kB
MemFree:          183228 kB
MemAvailable:    1438024 kB
Buffers:           86748 kB
Cached:          1275044 kB
MemTotal:        1844596 kB
MemFree:          183024 kB
MemAvailable:    1437820 kB
Buffers:           86748 kB
Cached:          1275044 kB
MemTotal:        1844596 kB
MemFree:          184128 kB
MemAvailable:    1438924 kB
Buffers:           86748 kB
Cached:          1275044 kB
MemTotal:        1844596 kB
MemFree:          183016 kB
MemAvailable:    1437812 kB
Buffers:           86748 kB
Cached:          1275044 kB
MemTotal:        1844596 kB
MemFree:          182928 kB
MemAvailable:    1437724 kB
Buffers:           86748 kB
Cached:          1275044 kB
MemTotal:        1844596 kB
MemFree:          183180 kB
MemAvailable:    1437976 kB
Buffers:           86748 kB
Cached:          1275044 kB
MemTotal:        1844596 kB
MemFree:          183180 kB
MemAvailable:    1437976 kB
Buffers:           86748 kB
Cached:          1275044 kB
MemTotal:        1844596 kB
MemFree:          183012 kB
MemAvailable:    1437808 kB
Buffers:           86748 kB
Cached:          1275044 kB
MemTotal:        1844596 kB
MemFree:          182924 kB
MemAvailable:    1437720 kB
Buffers:           86748 kB
Cached:          1275044 kB
MemTotal:        1844596 kB
MemFree:          184112 kB
MemAvailable:    1438908 kB
Buffers:           86748 kB
Cached:          1275044 kB
MemTotal:        1844596 kB
MemFree:          183556 kB
MemAvailable:    1438352 kB
Buffers:           86748 kB
Cached:          1275044 kB
MemTotal:        1844596 kB
MemFree:          184088 kB
MemAvailable:    1438884 kB
Buffers:           86748 kB
Cached:          1275044 kB
MemTotal:        1844596 kB
MemFree:          184308 kB
MemAvailable:    1439104 kB
Buffers:           86748 kB
Cached:          1275044 kB
MemTotal:        1844596 kB
MemFree:          184360 kB
MemAvailable:    1439156 kB
Buffers:           86748 kB
Cached:          1275044 kB
MemTotal:        1844596 kB
MemFree:          182936 kB
MemAvailable:    1437732 kB
Buffers:           86748 kB
Cached:          1275044 kB
MemTotal:        1844596 kB
MemFree:          183912 kB
MemAvailable:    1438708 kB
Buffers:           86748 kB
Cached:          1275044 kB
MemTotal:        1844596 kB
MemFree:          184252 kB
MemAvailable:    1439048 kB
Buffers:           86748 kB
Cached:          1275044 kB
MemTotal:        1844596 kB
MemFree:          184164 kB
MemAvailable:    1438960 kB
Buffers:           86748 kB
Cached:          1275044 kB
MemTotal:        1844596 kB
MemFree:          182936 kB
MemAvailable:    1437732 kB
Buffers:           86748 kB
Cached:          1275044 kB
MemTotal:        1844596 kB
MemFree:          184252 kB
MemAvailable:    1439048 kB
Buffers:           86748 kB
Cached:          1275044 kB
MemTotal:        1844596 kB
MemFree:          182936 kB
MemAvailable:    1437732 kB
Buffers:           86748 kB
Cached:          1275044 kB
MemTotal:        1844596 kB
MemFree:          184136 kB
MemAvailable:    1438932 kB
Buffers:           86748 kB
Cached:          1275044 kB
MemTotal:        1844596 kB
MemFree:          184044 kB
MemAvailable:    1438840 kB
Buffers:           86748 kB
Cached:          1275044 kB
MemTotal:        1844596 kB
MemFree:          184384 kB
MemAvailable:    1439180 kB
Buffers:           86748 kB
Cached:          1275044 kB
MemTotal:        1844596 kB
MemFree:          182888 kB
MemAvailable:    1437684 kB
Buffers:           86748 kB
Cached:          1275044 kB
MemTotal:        1844596 kB
MemFree:          184128 kB
MemAvailable:    1438924 kB
Buffers:           86748 kB
Cached:          1275044 kB
MemTotal:        1844596 kB
MemFree:          184184 kB
MemAvailable:    1438980 kB
Buffers:           86748 kB
Cached:          1275044 kB
MemTotal:        1844596 kB
MemFree:          184112 kB
MemAvailable:    1438908 kB
Buffers:           86748 kB
Cached:          1275044 kB
MemTotal:        1844596 kB
MemFree:          184060 kB
MemAvailable:    1438856 kB
Buffers:           86748 kB
Cached:          1275044 kB
MemTotal:        1844596 kB
MemFree:          184104 kB
MemAvailable:    1438900 kB
Buffers:           86748 kB
Cached:          1275044 kB
MemTotal:        1844596 kB
MemFree:          182804 kB
MemAvailable:    1437600 kB
Buffers:           86748 kB
Cached:          1275044 kB
MemTotal:        1844596 kB
MemFree:          184312 kB
MemAvailable:    1439108 kB
Buffers:           86748 kB
Cached:          1275044 kB
MemTotal:        1844596 kB
MemFree:          183424 kB
MemAvailable:    1438220 kB
Buffers:           86748 kB
Cached:          1275044 kB
MemTotal:        1844596 kB
MemFree:          183996 kB
MemAvailable:    1438804 kB
Buffers:           86748 kB
Cached:          1275056 kB
MemTotal:        1844596 kB
MemFree:          184248 kB
MemAvailable:    1439056 kB
Buffers:           86748 kB
Cached:          1275056 kB
MemTotal:        1844596 kB
MemFree:          182812 kB
MemAvailable:    1437620 kB
Buffers:           86748 kB
Cached:          1275056 kB
MemTotal:        1844596 kB
MemFree:          184088 kB
MemAvailable:    1438896 kB
Buffers:           86748 kB
Cached:          1275056 kB
MemTotal:        1844596 kB
MemFree:          184428 kB
MemAvailable:    1439236 kB
Buffers:           86748 kB
Cached:          1275056 kB
MemTotal:        1844596 kB
MemFree:          182888 kB
MemAvailable:    1437696 kB
Buffers:           86748 kB
Cached:          1275056 kB
MemTotal:        1844596 kB
MemFree:          184036 kB
MemAvailable:    1438844 kB
Buffers:           86748 kB
Cached:          1275056 kB
MemTotal:        1844596 kB
MemFree:          184288 kB
MemAvailable:    1439096 kB
Buffers:           86748 kB
Cached:          1275056 kB
MemTotal:        1844596 kB
MemFree:          184164 kB
MemAvailable:    1438972 kB
Buffers:           86748 kB
Cached:          1275056 kB
MemTotal:        1844596 kB
MemFree:          182936 kB
MemAvailable:    1437744 kB
Buffers:           86748 kB
Cached:          1275056 kB
MemTotal:        1844596 kB
MemFree:          184260 kB
MemAvailable:    1439068 kB
Buffers:           86748 kB
Cached:          1275056 kB
MemTotal:        1844596 kB
MemFree:          183424 kB
MemAvailable:    1438232 kB
Buffers:           86748 kB
Cached:          1275056 kB
MemTotal:        1844596 kB
MemFree:          183996 kB
MemAvailable:    1438804 kB
Buffers:           86748 kB
Cached:          1275056 kB
MemTotal:        1844596 kB
MemFree:          184052 kB
MemAvailable:    1438860 kB
Buffers:           86748 kB
Cached:          1275056 kB
MemTotal:        1844596 kB
MemFree:          184024 kB
MemAvailable:    1438832 kB
Buffers:           86748 kB
Cached:          1275056 kB
MemTotal:        1844596 kB
MemFree:          184360 kB
MemAvailable:    1439168 kB
Buffers:           86748 kB
Cached:          1275056 kB
MemTotal:        1844596 kB
MemFree:          184116 kB
MemAvailable:    1438924 kB
Buffers:           86748 kB
Cached:          1275056 kB
MemTotal:        1844596 kB
MemFree:          184172 kB
MemAvailable:    1438980 kB
Buffers:           86748 kB
Cached:          1275056 kB
MemTotal:        1844596 kB
MemFree:          182908 kB
MemAvailable:    1437716 kB
Buffers:           86748 kB
Cached:          1275056 kB
MemTotal:        1844596 kB
MemFree:          182896 kB
MemAvailable:    1437704 kB
Buffers:           86748 kB
Cached:          1275056 kB
MemTotal:        1844596 kB
MemFree:          182888 kB
MemAvailable:    1437696 kB
Buffers:           86748 kB
Cached:          1275056 kB
MemTotal:        1844596 kB
MemFree:          182936 kB
MemAvailable:    1437744 kB
Buffers:           86748 kB
Cached:          1275056 kB
MemTotal:        1844596 kB
MemFree:          184352 kB
MemAvailable:    1439160 kB
Buffers:           86748 kB
Cached:          1275056 kB
MemTotal:        1844596 kB
MemFree:          182676 kB
MemAvailable:    1437484 kB
Buffers:           86748 kB
Cached:          1275056 kB
MemTotal:        1844596 kB
MemFree:          182800 kB
MemAvailable:    1437608 kB
Buffers:           86748 kB
Cached:          1275056 kB
MemTotal:        1844596 kB
MemFree:          183132 kB
MemAvailable:    1437940 kB
Buffers:           86748 kB
Cached:          1275056 kB
MemTotal:        1844596 kB
MemFree:          183004 kB
MemAvailable:    1437812 kB
Buffers:           86748 kB
Cached:          1275056 kB
MemTotal:        1844596 kB
MemFree:          184108 kB
MemAvailable:    1438916 kB
Buffers:           86748 kB
Cached:          1275056 kB
MemTotal:        1844596 kB
MemFree:          184360 kB
MemAvailable:    1439168 kB
Buffers:           86748 kB
Cached:          1275056 kB
MemTotal:        1844596 kB
MemFree:          183972 kB
MemAvailable:    1438780 kB
Buffers:           86748 kB
Cached:          1275056 kB
MemTotal:        1844596 kB
MemFree:          184104 kB
MemAvailable:    1438912 kB
Buffers:           86748 kB
Cached:          1275056 kB
MemTotal:        1844596 kB
MemFree:          182804 kB
MemAvailable:    1437612 kB
Buffers:           86748 kB
Cached:          1275056 kB
MemTotal:        1844596 kB
MemFree:          184180 kB
MemAvailable:    1438988 kB
Buffers:           86748 kB
Cached:          1275056 kB
MemTotal:        1844596 kB
MemFree:          183048 kB
MemAvailable:    1437856 kB
Buffers:           86748 kB
Cached:          1275056 kB
MemTotal:        1844596 kB
MemFree:          183296 kB
MemAvailable:    1438104 kB
Buffers:           86748 kB
Cached:          1275056 kB
MemTotal:        1844596 kB
MemFree:          182924 kB
MemAvailable:    1437732 kB
Buffers:           86748 kB
Cached:          1275056 kB
MemTotal:        1844596 kB
MemFree:          184108 kB
MemAvailable:    1438916 kB
Buffers:           86748 kB
Cached:          1275056 kB
MemTotal:        1844596 kB
MemFree:          184276 kB
MemAvailable:    1439084 kB
Buffers:           86748 kB
Cached:          1275056 kB
MemTotal:        1844596 kB
MemFree:          184216 kB
MemAvailable:    1439024 kB
Buffers:           86748 kB
Cached:          1275056 kB
MemTotal:        1844596 kB
MemFree:          182876 kB
MemAvailable:    1437684 kB
Buffers:           86748 kB
Cached:          1275056 kB
MemTotal:        1844596 kB
MemFree:          184276 kB
MemAvailable:    1439084 kB
Buffers:           86748 kB
Cached:          1275056 kB
MemTotal:        1844596 kB
MemFree:          182872 kB
MemAvailable:    1437680 kB
Buffers:           86748 kB
Cached:          1275056 kB
MemTotal:        1844596 kB
MemFree:          184036 kB
MemAvailable:    1438844 kB
Buffers:           86748 kB
Cached:          1275056 kB
MemTotal:        1844596 kB
MemFree:          184288 kB
MemAvailable:    1439096 kB
Buffers:           86748 kB
Cached:          1275056 kB
MemTotal:        1844596 kB
MemFree:          184048 kB
MemAvailable:    1438856 kB
Buffers:           86748 kB
Cached:          1275056 kB
MemTotal:        1844596 kB
MemFree:          184156 kB
MemAvailable:    1438964 kB
Buffers:           86748 kB
Cached:          1275056 kB
MemTotal:        1844596 kB
MemFree:          183936 kB
MemAvailable:    1438744 kB
Buffers:           86748 kB
Cached:          1275056 kB
MemTotal:        1844596 kB
MemFree:          184176 kB
MemAvailable:    1438984 kB
Buffers:           86748 kB
Cached:          1275056 kB
MemTotal:        1844596 kB
MemFree:          183012 kB
MemAvailable:    1437820 kB
Buffers:           86748 kB
Cached:          1275056 kB
MemTotal:        1844596 kB
MemFree:          184120 kB
MemAvailable:    1438928 kB
Buffers:           86748 kB
Cached:          1275056 kB
MemTotal:        1844596 kB
MemFree:          184176 kB
MemAvailable:    1438984 kB
Buffers:           86748 kB
Cached:          1275056 kB
MemTotal:        1844596 kB
MemFree:          184220 kB
MemAvailable:    1439028 kB
Buffers:           86748 kB
Cached:          1275056 kB
MemTotal:        1844596 kB
MemFree:          183016 kB
MemAvailable:    1437824 kB
Buffers:           86748 kB
Cached:          1275056 kB
MemTotal:        1844596 kB
MemFree:          184112 kB
MemAvailable:    1438920 kB
Buffers:           86748 kB
Cached:          1275056 kB
MemTotal:        1844596 kB
MemFree:          183556 kB
MemAvailable:    1438364 kB
Buffers:           86748 kB
Cached:          1275056 kB
MemTotal:        1844596 kB
MemFree:          184004 kB
MemAvailable:    1438816 kB
Buffers:           86748 kB
Cached:          1275060 kB
MemTotal:        1844596 kB
MemFree:          183804 kB
MemAvailable:    1438616 kB
Buffers:           86748 kB
Cached:          1275060 kB
MemTotal:        1844596 kB
MemFree:          182760 kB
MemAvailable:    1437572 kB
Buffers:           86748 kB
Cached:          1275060 kB
MemTotal:        1844596 kB
MemFree:          182760 kB
MemAvailable:    1437572 kB
Buffers:           86748 kB
Cached:          1275060 kB
MemTotal:        1844596 kB
MemFree:          184284 kB
MemAvailable:    1439096 kB
Buffers:           86748 kB
Cached:          1275060 kB
MemTotal:        1844596 kB
MemFree:          184276 kB
MemAvailable:    1439088 kB
Buffers:           86748 kB
Cached:          1275060 kB
MemTotal:        1844596 kB
MemFree:          184036 kB
MemAvailable:    1438848 kB
Buffers:           86748 kB
Cached:          1275060 kB
MemTotal:        1844596 kB
MemFree:          183804 kB
MemAvailable:    1438616 kB
Buffers:           86748 kB
Cached:          1275060 kB
MemTotal:        1844596 kB
MemFree:          184048 kB
MemAvailable:    1438860 kB
Buffers:           86748 kB
Cached:          1275060 kB
MemTotal:        1844596 kB
MemFree:          182880 kB
MemAvailable:    1437692 kB
Buffers:           86748 kB
Cached:          1275060 kB
MemTotal:        1844596 kB
MemFree:          182880 kB
MemAvailable:    1437692 kB
Buffers:           86748 kB
Cached:          1275060 kB
MemTotal:        1844596 kB
MemFree:          182916 kB
MemAvailable:    1437728 kB
Buffers:           86748 kB
Cached:          1275060 kB
MemTotal:        1844596 kB
MemFree:          182916 kB
MemAvailable:    1437728 kB
Buffers:           86748 kB
Cached:          1275060 kB
MemTotal:        1844596 kB
MemFree:          184156 kB
MemAvailable:    1438968 kB
Buffers:           86748 kB
Cached:          1275060 kB
MemTotal:        1844596 kB
MemFree:          184012 kB
MemAvailable:    1438824 kB
Buffers:           86748 kB
Cached:          1275060 kB
MemTotal:        1844596 kB
MemFree:          184264 kB
MemAvailable:    1439076 kB
Buffers:           86748 kB
Cached:          1275060 kB
MemTotal:        1844596 kB
MemFree:          182756 kB
MemAvailable:    1437568 kB
Buffers:           86748 kB
Cached:          1275060 kB
MemTotal:        1844596 kB
MemFree:          184308 kB
MemAvailable:    1439120 kB
Buffers:           86748 kB
Cached:          1275060 kB
MemTotal:        1844596 kB
MemFree:          184236 kB
MemAvailable:    1439048 kB
Buffers:           86748 kB
Cached:          1275060 kB
MemTotal:        1844596 kB
MemFree:          183012 kB
MemAvailable:    1437824 kB
Buffers:           86748 kB
Cached:          1275060 kB
MemTotal:        1844596 kB
MemFree:          184252 kB
MemAvailable:    1439064 kB
Buffers:           86748 kB
Cached:          1275060 kB
MemTotal:        1844596 kB
MemFree:          184224 kB
MemAvailable:    1439040 kB
Buffers:           86748 kB
Cached:          1275064 kB
MemTotal:        1844596 kB
MemFree:          183168 kB
MemAvailable:    1437984 kB
Buffers:           86748 kB
Cached:          1275064 kB
MemTotal:        1844596 kB
MemFree:          182888 kB
MemAvailable:    1437704 kB
Buffers:           86748 kB
Cached:          1275064 kB
MemTotal:        1844596 kB
MemFree:          183012 kB
MemAvailable:    1437828 kB
Buffers:           86748 kB
Cached:          1275064 kB
MemTotal:        1844596 kB
MemFree:          184136 kB
MemAvailable:    1438952 kB
Buffers:           86748 kB
Cached:          1275064 kB
MemTotal:        1844596 kB
MemFree:          184288 kB
MemAvailable:    1439104 kB
Buffers:           86748 kB
Cached:          1275064 kB
MemTotal:        1844596 kB
MemFree:          184184 kB
MemAvailable:    1439000 kB
Buffers:           86748 kB
Cached:          1275064 kB
MemTotal:        1844596 kB
MemFree:          184292 kB
MemAvailable:    1439108 kB
Buffers:           86748 kB
Cached:          1275064 kB
MemTotal:        1844596 kB
MemFree:          182880 kB
MemAvailable:    1437696 kB
Buffers:           86748 kB
Cached:          1275064 kB
MemTotal:        1844596 kB
MemFree:          183856 kB
MemAvailable:    1438672 kB
Buffers:           86748 kB
Cached:          1275064 kB
MemTotal:        1844596 kB
MemFree:          184192 kB
MemAvailable:    1439008 kB
Buffers:           86748 kB
Cached:          1275064 kB
MemTotal:        1844596 kB
MemFree:          184168 kB
MemAvailable:    1438984 kB
Buffers:           86748 kB
Cached:          1275064 kB
MemTotal:        1844596 kB
MemFree:          184044 kB
MemAvailable:    1438860 kB
Buffers:           86748 kB
Cached:          1275064 kB
MemTotal:        1844596 kB
MemFree:          184380 kB
MemAvailable:    1439196 kB
Buffers:           86748 kB
Cached:          1275064 kB
MemTotal:        1844596 kB
MemFree:          184176 kB
MemAvailable:    1438992 kB
Buffers:           86748 kB
Cached:          1275064 kB
MemTotal:        1844596 kB
MemFree:          184188 kB
MemAvailable:    1439004 kB
Buffers:           86748 kB
Cached:          1275064 kB
MemTotal:        1844596 kB
MemFree:          183004 kB
MemAvailable:    1437820 kB
Buffers:           86748 kB
Cached:          1275064 kB
MemTotal:        1844596 kB
MemFree:          184216 kB
MemAvailable:    1439032 kB
Buffers:           86748 kB
Cached:          1275064 kB
MemTotal:        1844596 kB
MemFree:          184044 kB
MemAvailable:    1438860 kB
Buffers:           86748 kB
Cached:          1275064 kB
MemTotal:        1844596 kB
MemFree:          184380 kB
MemAvailable:    1439196 kB
Buffers:           86748 kB
Cached:          1275064 kB
MemTotal:        1844596 kB
MemFree:          184188 kB
MemAvailable:    1439004 kB
Buffers:           86748 kB
Cached:          1275064 kB
MemTotal:        1844596 kB
MemFree:          182884 kB
MemAvailable:    1437700 kB
Buffers:           86748 kB
Cached:          1275064 kB
MemTotal:        1844596 kB
MemFree:          184112 kB
MemAvailable:    1438928 kB
Buffers:           86748 kB
Cached:          1275064 kB
MemTotal:        1844596 kB
MemFree:          184104 kB
MemAvailable:    1438920 kB
Buffers:           86748 kB
Cached:          1275064 kB
MemTotal:        1844596 kB
MemFree:          182888 kB
MemAvailable:    1437704 kB
Buffers:           86748 kB
Cached:          1275064 kB
MemTotal:        1844596 kB
MemFree:          182936 kB
MemAvailable:    1437752 kB
Buffers:           86748 kB
Cached:          1275064 kB
MemTotal:        1844596 kB
MemFree:          184080 kB
MemAvailable:    1438896 kB
Buffers:           86748 kB
Cached:          1275064 kB
MemTotal:        1844596 kB
MemFree:          184080 kB
MemAvailable:    1438896 kB
Buffers:           86748 kB
Cached:          1275064 kB
MemTotal:        1844596 kB
MemFree:          182880 kB
MemAvailable:    1437696 kB
Buffers:           86748 kB
Cached:          1275064 kB
MemTotal:        1844596 kB
MemFree:          182880 kB
MemAvailable:    1437696 kB
Buffers:           86748 kB
Cached:          1275064 kB
MemTotal:        1844596 kB
MemFree:          184156 kB
MemAvailable:    1438972 kB
Buffers:           86748 kB
Cached:          1275064 kB
MemTotal:        1844596 kB
MemFree:          184408 kB
MemAvailable:    1439224 kB
Buffers:           86748 kB
Cached:          1275064 kB
MemTotal:        1844596 kB
MemFree:          182928 kB
MemAvailable:    1437744 kB
Buffers:           86748 kB
Cached:          1275064 kB
MemTotal:        1844596 kB
MemFree:          182804 kB
MemAvailable:    1437620 kB
Buffers:           86748 kB
Cached:          1275064 kB
MemTotal:        1844596 kB
MemFree:          183996 kB
MemAvailable:    1438812 kB
Buffers:           86748 kB
Cached:          1275064 kB
MemTotal:        1844596 kB
MemFree:          183812 kB
MemAvailable:    1438628 kB
Buffers:           86748 kB
Cached:          1275064 kB
MemTotal:        1844596 kB
MemFree:          184064 kB
MemAvailable:    1438880 kB
Buffers:           86748 kB
Cached:          1275064 kB
MemTotal:        1844596 kB
MemFree:          182884 kB
MemAvailable:    1437700 kB
Buffers:           86748 kB
Cached:          1275064 kB
MemTotal:        1844596 kB
MemFree:          183988 kB
MemAvailable:    1438804 kB
Buffers:           86748 kB
Cached:          1275064 kB
MemTotal:        1844596 kB
MemFree:          184240 kB
MemAvailable:    1439056 kB
Buffers:           86748 kB
Cached:          1275064 kB
MemTotal:        1844596 kB
MemFree:          182764 kB
MemAvailable:    1437580 kB
Buffers:           86748 kB
Cached:          1275064 kB
MemTotal:        1844596 kB
MemFree:          182764 kB
MemAvailable:    1437580 kB
Buffers:           86748 kB
Cached:          1275064 kB
MemTotal:        1844596 kB
MemFree:          182888 kB
MemAvailable:    1437704 kB
Buffers:           86748 kB
Cached:          1275064 kB
MemTotal:        1844596 kB
MemFree:          184208 kB
MemAvailable:    1439024 kB
Buffers:           86748 kB
Cached:          1275064 kB
MemTotal:        1844596 kB
MemFree:          184240 kB
MemAvailable:    1439056 kB
Buffers:           86748 kB
Cached:          1275064 kB
MemTotal:        1844596 kB
MemFree:          182812 kB
MemAvailable:    1437628 kB
Buffers:           86748 kB
Cached:          1275064 kB
MemTotal:        1844596 kB
MemFree:          183956 kB
MemAvailable:    1438772 kB
Buffers:           86748 kB
Cached:          1275064 kB
MemTotal:        1844596 kB
MemFree:          184128 kB
MemAvailable:    1438944 kB
Buffers:           86748 kB
Cached:          1275064 kB
MemTotal:        1844596 kB
MemFree:          182800 kB
MemAvailable:    1437616 kB
Buffers:           86748 kB
Cached:          1275064 kB
MemTotal:        1844596 kB
MemFree:          183984 kB
MemAvailable:    1438800 kB
Buffers:           86748 kB
Cached:          1275064 kB
MemTotal:        1844596 kB
MemFree:          183556 kB
MemAvailable:    1438372 kB
Buffers:           86748 kB
Cached:          1275064 kB
MemTotal:        1844596 kB
MemFree:          184040 kB
MemAvailable:    1438856 kB
Buffers:           86748 kB
Cached:          1275064 kB
MemTotal:        1844596 kB
MemFree:          183988 kB
MemAvailable:    1438804 kB
Buffers:           86748 kB
Cached:          1275064 kB
MemTotal:        1844596 kB
MemFree:          183060 kB
MemAvailable:    1437876 kB
Buffers:           86748 kB
Cached:          1275064 kB
MemTotal:        1844596 kB
MemFree:          184004 kB
MemAvailable:    1438820 kB
Buffers:           86748 kB
Cached:          1275064 kB
MemTotal:        1844596 kB
MemFree:          183172 kB
MemAvailable:    1437988 kB
Buffers:           86748 kB
Cached:          1275064 kB
MemTotal:        1844596 kB
MemFree:          182792 kB
MemAvailable:    1437608 kB
Buffers:           86748 kB
Cached:          1275064 kB
MemTotal:        1844596 kB
MemFree:          183992 kB
MemAvailable:    1438808 kB
Buffers:           86748 kB
Cached:          1275064 kB
MemTotal:        1844596 kB
MemFree:          184244 kB
MemAvailable:    1439060 kB
Buffers:           86748 kB
Cached:          1275064 kB
MemTotal:        1844596 kB
MemFree:          182888 kB
MemAvailable:    1437704 kB
Buffers:           86748 kB
Cached:          1275064 kB
MemTotal:        1844596 kB
MemFree:          184044 kB
MemAvailable:    1438860 kB
Buffers:           86748 kB
Cached:          1275064 kB
MemTotal:        1844596 kB
MemFree:          184296 kB
MemAvailable:    1439112 kB
Buffers:           86748 kB
Cached:          1275064 kB
MemTotal:        1844596 kB
MemFree:          184064 kB
MemAvailable:    1438880 kB
Buffers:           86748 kB
Cached:          1275064 kB
MemTotal:        1844596 kB
MemFree:          183912 kB
MemAvailable:    1438728 kB
Buffers:           86748 kB
Cached:          1275064 kB
MemTotal:        1844596 kB
MemFree:          184164 kB
MemAvailable:    1438980 kB
Buffers:           86748 kB
Cached:          1275064 kB
MemTotal:        1844596 kB
MemFree:          182632 kB
MemAvailable:    1437448 kB
Buffers:           86748 kB
Cached:          1275064 kB
MemTotal:        1844596 kB
MemFree:          182756 kB
MemAvailable:    1437572 kB
Buffers:           86748 kB
Cached:          1275064 kB
MemTotal:        1844596 kB
MemFree:          182792 kB
MemAvailable:    1437612 kB
Buffers:           86748 kB
Cached:          1275068 kB
MemTotal:        1844596 kB
MemFree:          184124 kB
MemAvailable:    1438944 kB
Buffers:           86748 kB
Cached:          1275068 kB
MemTotal:        1844596 kB
MemFree:          184208 kB
MemAvailable:    1439028 kB
Buffers:           86748 kB
Cached:          1275068 kB
MemTotal:        1844596 kB
MemFree:          184072 kB
MemAvailable:    1438900 kB
Buffers:           86748 kB
Cached:          1275076 kB
MemTotal:        1844596 kB
MemFree:          182896 kB
MemAvailable:    1437724 kB
Buffers:           86748 kB
Cached:          1275076 kB
MemTotal:        1844596 kB
MemFree:          183136 kB
MemAvailable:    1437964 kB
Buffers:           86748 kB
Cached:          1275076 kB
MemTotal:        1844596 kB
MemFree:          184100 kB
MemAvailable:    1438928 kB
Buffers:           86748 kB
Cached:          1275076 kB
MemTotal:        1844596 kB
MemFree:          183952 kB
MemAvailable:    1438780 kB
Buffers:           86748 kB
Cached:          1275076 kB
MemTotal:        1844596 kB
MemFree:          184100 kB
MemAvailable:    1438928 kB
Buffers:           86748 kB
Cached:          1275076 kB
MemTotal:        1844596 kB
MemFree:          183768 kB
MemAvailable:    1438596 kB
Buffers:           86748 kB
Cached:          1275076 kB
MemTotal:        1844596 kB
MemFree:          183836 kB
MemAvailable:    1438664 kB
Buffers:           86748 kB
Cached:          1275076 kB
MemTotal:        1844596 kB
MemFree:          184008 kB
MemAvailable:    1438836 kB
Buffers:           86748 kB
Cached:          1275076 kB
MemTotal:        1844596 kB
MemFree:          183208 kB
MemAvailable:    1438036 kB
Buffers:           86748 kB
Cached:          1275076 kB
MemTotal:        1844596 kB
MemFree:          183740 kB
MemAvailable:    1438564 kB
Buffers:           86748 kB
Cached:          1275076 kB
MemTotal:        1844596 kB
MemFree:          183712 kB
MemAvailable:    1438536 kB
Buffers:           86748 kB
Cached:          1275076 kB
MemTotal:        1844596 kB
MemFree:          183948 kB
MemAvailable:    1438772 kB
Buffers:           86748 kB
Cached:          1275076 kB
MemTotal:        1844596 kB
MemFree:          183940 kB
MemAvailable:    1438764 kB
Buffers:           86748 kB
Cached:          1275076 kB
MemTotal:        1844596 kB
MemFree:          183932 kB
MemAvailable:    1438756 kB
Buffers:           86748 kB
Cached:          1275076 kB
MemTotal:        1844596 kB
MemFree:          183696 kB
MemAvailable:    1438520 kB
Buffers:           86748 kB
Cached:          1275076 kB
MemTotal:        1844596 kB
MemFree:          184032 kB
MemAvailable:    1438856 kB
Buffers:           86748 kB
Cached:          1275076 kB
MemTotal:        1844596 kB
MemFree:          182668 kB
MemAvailable:    1437492 kB
Buffers:           86748 kB
Cached:          1275076 kB
MemTotal:        1844596 kB
MemFree:          182668 kB
MemAvailable:    1437492 kB
Buffers:           86748 kB
Cached:          1275076 kB
MemTotal:        1844596 kB
MemFree:          182668 kB
MemAvailable:    1437492 kB
Buffers:           86748 kB
Cached:          1275076 kB
MemTotal:        1844596 kB
MemFree:          182536 kB
MemAvailable:    1437360 kB
Buffers:           86748 kB
Cached:          1275076 kB
MemTotal:        1844596 kB
MemFree:          183836 kB
MemAvailable:    1438660 kB
Buffers:           86748 kB
Cached:          1275076 kB
MemTotal:        1844596 kB
MemFree:          182664 kB
MemAvailable:    1437488 kB
Buffers:           86748 kB
Cached:          1275076 kB
MemTotal:        1844596 kB
MemFree:          182540 kB
MemAvailable:    1437364 kB
Buffers:           86748 kB
Cached:          1275076 kB
MemTotal:        1844596 kB
MemFree:          182540 kB
MemAvailable:    1437364 kB
Buffers:           86748 kB
Cached:          1275076 kB
MemTotal:        1844596 kB
MemFree:          183340 kB
MemAvailable:    1438164 kB
Buffers:           86748 kB
Cached:          1275076 kB
MemTotal:        1844596 kB
MemFree:          183656 kB
MemAvailable:    1438480 kB
Buffers:           86748 kB
Cached:          1275076 kB
MemTotal:        1844596 kB
MemFree:          183808 kB
MemAvailable:    1438632 kB
Buffers:           86748 kB
Cached:          1275076 kB
MemTotal:        1844596 kB
MemFree:          183588 kB
MemAvailable:    1438412 kB
Buffers:           86748 kB
Cached:          1275076 kB
MemTotal:        1844596 kB
MemFree:          182540 kB
MemAvailable:    1437364 kB
Buffers:           86748 kB
Cached:          1275076 kB
MemTotal:        1844596 kB
MemFree:          182664 kB
MemAvailable:    1437488 kB
Buffers:           86748 kB
Cached:          1275076 kB
MemTotal:        1844596 kB
MemFree:          183816 kB
MemAvailable:    1438640 kB
Buffers:           86748 kB
Cached:          1275076 kB
MemTotal:        1844596 kB
MemFree:          183816 kB
MemAvailable:    1438640 kB
Buffers:           86748 kB
Cached:          1275076 kB
MemTotal:        1844596 kB
MemFree:          183788 kB
MemAvailable:    1438612 kB
Buffers:           86748 kB
Cached:          1275076 kB
MemTotal:        1844596 kB
MemFree:          182668 kB
MemAvailable:    1437492 kB
Buffers:           86748 kB
Cached:          1275076 kB
MemTotal:        1844596 kB
MemFree:          182536 kB
MemAvailable:    1437360 kB
Buffers:           86748 kB
Cached:          1275076 kB
MemTotal:        1844596 kB
MemFree:          182536 kB
MemAvailable:    1437360 kB
Buffers:           86748 kB
Cached:          1275076 kB
MemTotal:        1844596 kB
MemFree:          182536 kB
MemAvailable:    1437360 kB
Buffers:           86748 kB
Cached:          1275076 kB
MemTotal:        1844596 kB
MemFree:          183996 kB
MemAvailable:    1438820 kB
Buffers:           86748 kB
Cached:          1275076 kB
MemTotal:        1844596 kB
MemFree:          182656 kB
MemAvailable:    1437480 kB
Buffers:           86748 kB
Cached:          1275076 kB
MemTotal:        1844596 kB
MemFree:          183952 kB
MemAvailable:    1438776 kB
Buffers:           86748 kB
Cached:          1275076 kB
MemTotal:        1844596 kB
MemFree:          183872 kB
MemAvailable:    1438696 kB
Buffers:           86748 kB
Cached:          1275076 kB
MemTotal:        1844596 kB
MemFree:          184040 kB
MemAvailable:    1438864 kB
Buffers:           86748 kB
Cached:          1275076 kB
MemTotal:        1844596 kB
MemFree:          183748 kB
MemAvailable:    1438572 kB
Buffers:           86748 kB
Cached:          1275076 kB
MemTotal:        1844596 kB
MemFree:          182832 kB
MemAvailable:    1437656 kB
Buffers:           86748 kB
Cached:          1275076 kB
MemTotal:        1844596 kB
MemFree:          182948 kB
MemAvailable:    1437772 kB
Buffers:           86748 kB
Cached:          1275076 kB
MemTotal:        1844596 kB
MemFree:          183952 kB
MemAvailable:    1438776 kB
Buffers:           86748 kB
Cached:          1275076 kB
MemTotal:        1844596 kB
MemFree:          183348 kB
MemAvailable:    1438172 kB
Buffers:           86748 kB
Cached:          1275076 kB
MemTotal:        1844596 kB
MemFree:          182968 kB
MemAvailable:    1437796 kB
Buffers:           86748 kB
Cached:          1275080 kB
MemTotal:        1844596 kB
MemFree:          183712 kB
MemAvailable:    1438540 kB
Buffers:           86748 kB
Cached:          1275080 kB
MemTotal:        1844596 kB
MemFree:          182712 kB
MemAvailable:    1437540 kB
Buffers:           86748 kB
Cached:          1275080 kB
MemTotal:        1844596 kB
MemFree:          183880 kB
MemAvailable:    1438708 kB
Buffers:           86748 kB
Cached:          1275080 kB
MemTotal:        1844596 kB
MemFree:          182836 kB
MemAvailable:    1437664 kB
Buffers:           86748 kB
Cached:          1275080 kB
MemTotal:        1844596 kB
MemFree:          182540 kB
MemAvailable:    1437368 kB
Buffers:           86748 kB
Cached:          1275080 kB
MemTotal:        1844596 kB
MemFree:          184196 kB
MemAvailable:    1439024 kB
Buffers:           86748 kB
Cached:          1275080 kB
MemTotal:        1844596 kB
MemFree:          183960 kB
MemAvailable:    1438788 kB
Buffers:           86748 kB
Cached:          1275080 kB
MemTotal:        1844596 kB
MemFree:          183756 kB
MemAvailable:    1438584 kB
Buffers:           86748 kB
Cached:          1275080 kB
MemTotal:        1844596 kB
MemFree:          184008 kB
MemAvailable:    1438836 kB
Buffers:           86748 kB
Cached:          1275080 kB
MemTotal:        1844596 kB
MemFree:          184008 kB
MemAvailable:    1438836 kB
Buffers:           86748 kB
Cached:          1275080 kB
MemTotal:        1844596 kB
MemFree:          183216 kB
MemAvailable:    1438044 kB
Buffers:           86748 kB
Cached:          1275080 kB
MemTotal:        1844596 kB
MemFree:          182668 kB
MemAvailable:    1437496 kB
Buffers:           86748 kB
Cached:          1275080 kB
MemTotal:        1844596 kB
MemFree:          182668 kB
MemAvailable:    1437496 kB
Buffers:           86748 kB
Cached:          1275080 kB
MemTotal:        1844596 kB
MemFree:          182660 kB
MemAvailable:    1437488 kB
Buffers:           86748 kB
Cached:          1275080 kB
MemTotal:        1844596 kB
MemFree:          182532 kB
MemAvailable:    1437360 kB
Buffers:           86748 kB
Cached:          1275080 kB
MemTotal:        1844596 kB
MemFree:          183896 kB
MemAvailable:    1438724 kB
Buffers:           86748 kB
Cached:          1275080 kB
MemTotal:        1844596 kB
