MemTotal:        1844596 kB
MemFree:          485496 kB
MemAvailable:    1552804 kB
Buffers:           86108 kB
Cached:          1088940 kB
MemTotal:        1844596 kB
MemFree:          485060 kB
MemAvailable:    1552368 kB
Buffers:           86108 kB
Cached:          1088940 kB
MemTotal:        1844596 kB
MemFree:          484628 kB
MemAvailable:    1551936 kB
Buffers:           86108 kB
Cached:          1088940 kB
MemTotal:        1844596 kB
MemFree:          483264 kB
MemAvailable:    1550572 kB
Buffers:           86108 kB
Cached:          1088940 kB
MemTotal:        1844596 kB
MemFree:          480412 kB
MemAvailable:    1547720 kB
Buffers:           86108 kB
Cached:          1088940 kB
MemTotal:        1844596 kB
MemFree:          480784 kB
MemAvailable:    1548092 kB
Buffers:           86108 kB
Cached:          1088940 kB
MemTotal:        1844596 kB
MemFree:          477560 kB
MemAvailable:    1544868 kB
Buffers:           86108 kB
Cached:          1088940 kB
MemTotal:        1844596 kB
MemFree:          475452 kB
MemAvailable:    1542760 kB
Buffers:           86108 kB
Cached:          1088940 kB
MemTotal:        1844596 kB
MemFree:          470856 kB
MemAvailable:    1538164 kB
Buffers:           86108 kB
Cached:          1088940 kB
MemTotal:        1844596 kB
MemFree:          470624 kB
MemAvailable:    1537932 kB
Buffers:           86108 kB
Cached:          1088940 kB
MemTotal:        1844596 kB
MemFree:          472952 kB
MemAvailable:    1540260 kB
Buffers:           86108 kB
Cached:          1088940 kB
MemTotal:        1844596 kB
MemFree:          471568 kB
MemAvailable:    1538876 kB
Buffers:           86108 kB
Cached:          1088940 kB
MemTotal:        1844596 kB
MemFree:          472860 kB
MemAvailable:    1540168 kB
Buffers:           86108 kB
Cached:          1088940 kB
MemTotal:        1844596 kB
MemFree:          472228 kB
MemAvailable:    1539536 kB
Buffers:           86108 kB
Cached:          1088940 kB
MemTotal:        1844596 kB
MemFree:          472696 kB
MemAvailable:    1540004 kB
Buffers:           86108 kB
Cached:          1088940 kB
MemTotal:        1844596 kB
MemFree:          472696 kB
MemAvailable:    1540004 kB
Buffers:           86108 kB
Cached:          1088940 kB
MemTotal:        1844596 kB
MemFree:          471180 kB
MemAvailable:    1538488 kB
Buffers:           86108 kB
Cached:          1088940 kB
MemTotal:        1844596 kB
MemFree:          471048 kB
MemAvailable:    1538356 kB
Buffers:           86108 kB
Cached:          1088940 kB
MemTotal:        1844596 kB
MemFree:          472088 kB
MemAvailable:    1539400 kB
Buffers:           86108 kB
Cached:          1088944 kB
MemTotal:        1844596 kB
MemFree:          471856 kB
MemAvailable:    1539168 kB
Buffers:           86108 kB
Cached:          1088944 kB
MemTotal:        1844596 kB
MemFree:          470244 kB
MemAvailable:    1537556 kB
Buffers:           86108 kB
Cached:          1088944 kB
MemTotal:        1844596 kB
MemFree:          470676 kB
MemAvailable:    1537988 kB
Buffers:           86108 kB
Cached:          1088944 kB
MemTotal:        1844596 kB
MemFree:          470420 kB
MemAvailable:    1537732 kB
Buffers:           86108 kB
Cached:          1088944 kB
MemTotal:        1844596 kB
MemFree:          470372 kB
MemAvailable:    1537684 kB
Buffers:           86108 kB
Cached:          1088944 kB
MemTotal:        1844596 kB
MemFree:          470180 kB
MemAvailable:    1537492 kB
Buffers:           86108 kB
Cached:          1088944 kB
MemTotal:        1844596 kB
MemFree:          470112 kB
MemAvailable:    1537424 kB
Buffers:           86108 kB
Cached:          1088944 kB
MemTotal:        1844596 kB
MemFree:          470208 kB
MemAvailable:    1537520 kB
Buffers:           86108 kB
Cached:          1088944 kB
MemTotal:        1844596 kB
MemFree:          470400 kB
MemAvailable:    1537712 kB
Buffers:           86108 kB
Cached:          1088944 kB
MemTotal:        1844596 kB
MemFree:          470236 kB
MemAvailable:    1537548 kB
Buffers:           86108 kB
Cached:          1088944 kB
MemTotal:        1844596 kB
MemFree:          470236 kB
MemAvailable:    1537548 kB
Buffers:           86108 kB
Cached:          1088944 kB
MemTotal:        1844596 kB
MemFree:          470360 kB
MemAvailable:    1537672 kB
Buffers:           86108 kB
Cached:          1088944 kB
MemTotal:        1844596 kB
MemFree:          469052 kB
MemAvailable:    1536364 kB
Buffers:           86108 kB
Cached:          1088944 kB
MemTotal:        1844596 kB
MemFree:          469052 kB
MemAvailable:    1536364 kB
Buffers:           86108 kB
Cached:          1088944 kB
MemTotal:        1844596 kB
MemFree:          468568 kB
MemAvailable:    1535880 kB
Buffers:           86108 kB
Cached:          1088944 kB
MemTotal:        1844596 kB
MemFree:          465532 kB
MemAvailable:    1532844 kB
Buffers:           86108 kB
Cached:          1088944 kB
MemTotal:        1844596 kB
MemFree:          465516 kB
MemAvailable:    1532828 kB
Buffers:           86108 kB
Cached:          1088944 kB
MemTotal:        1844596 kB
MemFree:          465852 kB
MemAvailable:    1533164 kB
Buffers:           86108 kB
Cached:          1088944 kB
MemTotal:        1844596 kB
MemFree:          465524 kB
MemAvailable:    1532836 kB
Buffers:           86108 kB
Cached:          1088944 kB
MemTotal:        1844596 kB
MemFree:          464664 kB
MemAvailable:    1531976 kB
Buffers:           86108 kB
Cached:          1088944 kB
MemTotal:        1844596 kB
MemFree:          464236 kB
MemAvailable:    1531548 kB
Buffers:           86108 kB
Cached:          1088944 kB
MemTotal:        1844596 kB
MemFree:          465448 kB
MemAvailable:    1532760 kB
Buffers:           86108 kB
Cached:          1088944 kB
MemTotal:        1844596 kB
MemFree:          465296 kB
MemAvailable:    1532608 kB
Buffers:           86108 kB
Cached:          1088944 kB
MemTotal:        1844596 kB
MemFree:          464168 kB
MemAvailable:    1531480 kB
Buffers:           86108 kB
Cached:          1088944 kB
MemTotal:        1844596 kB
MemFree:          464960 kB
MemAvailable:    1532272 kB
Buffers:           86108 kB
Cached:          1088944 kB
MemTotal:        1844596 kB
MemFree:          463528 kB
MemAvailable:    1530840 kB
Buffers:           86108 kB
Cached:          1088944 kB
MemTotal:        1844596 kB
MemFree:          463376 kB
MemAvailable:    1530688 kB
Buffers:           86108 kB
Cached:          1088944 kB
MemTotal:        1844596 kB
MemFree:          464236 kB
MemAvailable:    1531548 kB
Buffers:           86108 kB
Cached:          1088944 kB
MemTotal:        1844596 kB
MemFree:          464428 kB
MemAvailable:    1531740 kB
Buffers:           86108 kB
Cached:          1088944 kB
MemTotal:        1844596 kB
MemFree:          463300 kB
MemAvailable:    1530612 kB
Buffers:           86108 kB
Cached:          1088944 kB
MemTotal:        1844596 kB
MemFree:          464104 kB
MemAvailable:    1531416 kB
Buffers:           86108 kB
Cached:          1088944 kB
MemTotal:        1844596 kB
MemFree:          463548 kB
MemAvailable:    1530860 kB
Buffers:           86108 kB
Cached:          1088944 kB
MemTotal:        1844596 kB
MemFree:          463164 kB
MemAvailable:    1530476 kB
Buffers:           86108 kB
Cached:          1088944 kB
MemTotal:        1844596 kB
MemFree:          464036 kB
MemAvailable:    1531348 kB
Buffers:           86108 kB
Cached:          1088944 kB
MemTotal:        1844596 kB
MemFree:          463300 kB
MemAvailable:    1530612 kB
Buffers:           86108 kB
Cached:          1088944 kB
MemTotal:        1844596 kB
MemFree:          462788 kB
MemAvailable:    1530100 kB
Buffers:           86108 kB
Cached:          1088944 kB
MemTotal:        1844596 kB
MemFree:          463836 kB
MemAvailable:    1531148 kB
Buffers:           86108 kB
Cached:          1088944 kB
MemTotal:        1844596 kB
MemFree:          462620 kB
MemAvailable:    1529932 kB
Buffers:           86108 kB
Cached:          1088944 kB
MemTotal:        1844596 kB
MemFree:          462928 kB
MemAvailable:    1530240 kB
Buffers:           86108 kB
Cached:          1088944 kB
MemTotal:        1844596 kB
MemFree:          462804 kB
MemAvailable:    1530120 kB
Buffers:           86108 kB
Cached:          1088948 kB
MemTotal:        1844596 kB
MemFree:          463848 kB
MemAvailable:    1531164 kB
Buffers:           86108 kB
Cached:          1088948 kB
MemTotal:        1844596 kB
MemFree:          462540 kB
MemAvailable:    1529856 kB
Buffers:           86108 kB
Cached:          1088948 kB
MemTotal:        1844596 kB
MemFree:          462540 kB
MemAvailable:    1529856 kB
Buffers:           86108 kB
Cached:          1088948 kB
MemTotal:        1844596 kB
MemFree:          462664 kB
MemAvailable:    1529980 kB
Buffers:           86108 kB
Cached:          1088948 kB
MemTotal:        1844596 kB
MemFree:          463840 kB
MemAvailable:    1531156 kB
Buffers:           86108 kB
Cached:          1088948 kB
MemTotal:        1844596 kB
MemFree:          461812 kB
MemAvailable:    1529128 kB
Buffers:           86108 kB
Cached:          1088948 kB
MemTotal:        1844596 kB
MemFree:          457836 kB
MemAvailable:    1525152 kB
Buffers:           86108 kB
Cached:          1088948 kB
MemTotal:        1844596 kB
MemFree:          458524 kB
MemAvailable:    1525840 kB
Buffers:           86108 kB
Cached:          1088948 kB
MemTotal:        1844596 kB
MemFree:          457672 kB
MemAvailable:    1524988 kB
Buffers:           86108 kB
Cached:          1088948 kB
MemTotal:        1844596 kB
MemFree:          456300 kB
MemAvailable:    1523616 kB
Buffers:           86108 kB
Cached:          1088948 kB
MemTotal:        1844596 kB
MemFree:          455984 kB
MemAvailable:    1523300 kB
Buffers:           86108 kB
Cached:          1088948 kB
MemTotal:        1844596 kB
MemFree:          456852 kB
MemAvailable:    1524168 kB
Buffers:           86108 kB
Cached:          1088948 kB
MemTotal:        1844596 kB
MemFree:          456912 kB
MemAvailable:    1524228 kB
Buffers:           86108 kB
Cached:          1088948 kB
MemTotal:        1844596 kB
MemFree:          456912 kB
MemAvailable:    1524228 kB
Buffers:           86108 kB
Cached:          1088948 kB
MemTotal:        1844596 kB
MemFree:          456728 kB
MemAvailable:    1524044 kB
Buffers:           86108 kB
Cached:          1088948 kB
MemTotal:        1844596 kB
MemFree:          456416 kB
MemAvailable:    1523732 kB
Buffers:           86108 kB
Cached:          1088948 kB
MemTotal:        1844596 kB
MemFree:          455116 kB
MemAvailable:    1522432 kB
Buffers:           86108 kB
Cached:          1088948 kB
MemTotal:        1844596 kB
MemFree:          455980 kB
MemAvailable:    1523296 kB
Buffers:           86108 kB
Cached:          1088948 kB
MemTotal:        1844596 kB
MemFree:          456136 kB
MemAvailable:    1523452 kB
Buffers:           86108 kB
Cached:          1088948 kB
MemTotal:        1844596 kB
MemFree:          455664 kB
MemAvailable:    1522980 kB
Buffers:           86108 kB
Cached:          1088948 kB
MemTotal:        1844596 kB
MemFree:          455116 kB
MemAvailable:    1522432 kB
Buffers:           86108 kB
Cached:          1088948 kB
MemTotal:        1844596 kB
MemFree:          454992 kB
MemAvailable:    1522308 kB
Buffers:           86108 kB
Cached:          1088948 kB
MemTotal:        1844596 kB
MemFree:          453380 kB
MemAvailable:    1520696 kB
Buffers:           86108 kB
Cached:          1088948 kB
MemTotal:        1844596 kB
MemFree:          453256 kB
MemAvailable:    1520572 kB
Buffers:           86108 kB
Cached:          1088948 kB
MemTotal:        1844596 kB
MemFree:          454364 kB
MemAvailable:    1521680 kB
Buffers:           86108 kB
Cached:          1088948 kB
MemTotal:        1844596 kB
MemFree:          452876 kB
MemAvailable:    1520192 kB
Buffers:           86108 kB
Cached:          1088948 kB
MemTotal:        1844596 kB
MemFree:          454108 kB
MemAvailable:    1521424 kB
Buffers:           86108 kB
Cached:          1088948 kB
MemTotal:        1844596 kB
MemFree:          452620 kB
MemAvailable:    1519936 kB
Buffers:           86108 kB
Cached:          1088948 kB
MemTotal:        1844596 kB
MemFree:          452820 kB
MemAvailable:    1520136 kB
Buffers:           86108 kB
Cached:          1088948 kB
MemTotal:        1844596 kB
MemFree:          453380 kB
MemAvailable:    1520696 kB
Buffers:           86108 kB
Cached:          1088948 kB
MemTotal:        1844596 kB
MemFree:          453132 kB
MemAvailable:    1520448 kB
Buffers:           86108 kB
Cached:          1088948 kB
MemTotal:        1844596 kB
MemFree:          453256 kB
MemAvailable:    1520572 kB
Buffers:           86108 kB
Cached:          1088948 kB
MemTotal:        1844596 kB
MemFree:          454308 kB
MemAvailable:    1521624 kB
Buffers:           86108 kB
Cached:          1088948 kB
MemTotal:        1844596 kB
MemFree:          452876 kB
MemAvailable:    1520192 kB
Buffers:           86108 kB
Cached:          1088948 kB
MemTotal:        1844596 kB
MemFree:          453124 kB
MemAvailable:    1520440 kB
Buffers:           86108 kB
Cached:          1088948 kB
MemTotal:        1844596 kB
MemFree:          453848 kB
MemAvailable:    1521164 kB
Buffers:           86108 kB
Cached:          1088948 kB
MemTotal:        1844596 kB
MemFree:          453244 kB
MemAvailable:    1520560 kB
Buffers:           86108 kB
Cached:          1088948 kB
MemTotal:        1844596 kB
MemFree:          452264 kB
MemAvailable:    1519580 kB
Buffers:           86108 kB
Cached:          1088948 kB
MemTotal:        1844596 kB
MemFree:          453308 kB
MemAvailable:    1520624 kB
Buffers:           86108 kB
Cached:          1088948 kB
MemTotal:        1844596 kB
MemFree:          453100 kB
MemAvailable:    1520424 kB
Buffers:           86108 kB
Cached:          1088956 kB
MemTotal:        1844596 kB
MemFree:          451380 kB
MemAvailable:    1518704 kB
Buffers:           86108 kB
Cached:          1088956 kB
MemTotal:        1844596 kB
MemFree:          452652 kB
MemAvailable:    1519976 kB
Buffers:           86108 kB
Cached:          1088956 kB
MemTotal:        1844596 kB
MemFree:          451180 kB
MemAvailable:    1518504 kB
Buffers:           86108 kB
Cached:          1088956 kB
MemTotal:        1844596 kB
MemFree:          451304 kB
MemAvailable:    1518628 kB
Buffers:           86108 kB
Cached:          1088956 kB
MemTotal:        1844596 kB
MemFree:          451428 kB
MemAvailable:    1518752 kB
Buffers:           86108 kB
Cached:          1088956 kB
MemTotal:        1844596 kB
MemFree:          451860 kB
MemAvailable:    1519184 kB
Buffers:           86108 kB
Cached:          1088956 kB
MemTotal:        1844596 kB
MemFree:          451612 kB
MemAvailable:    1518936 kB
Buffers:           86108 kB
Cached:          1088956 kB
MemTotal:        1844596 kB
MemFree:          450180 kB
MemAvailable:    1517504 kB
Buffers:           86108 kB
Cached:          1088956 kB
MemTotal:        1844596 kB
MemFree:          451552 kB
MemAvailable:    1518876 kB
Buffers:           86108 kB
Cached:          1088956 kB
MemTotal:        1844596 kB
MemFree:          451240 kB
MemAvailable:    1518564 kB
Buffers:           86108 kB
Cached:          1088956 kB
MemTotal:        1844596 kB
MemFree:          451576 kB
MemAvailable:    1518900 kB
Buffers:           86108 kB
Cached:          1088956 kB
MemTotal:        1844596 kB
MemFree:          451500 kB
MemAvailable:    1518824 kB
Buffers:           86108 kB
Cached:          1088956 kB
MemTotal:        1844596 kB
MemFree:          450376 kB
MemAvailable:    1517700 kB
Buffers:           86108 kB
Cached:          1088956 kB
MemTotal:        1844596 kB
MemFree:          451428 kB
MemAvailable:    1518752 kB
Buffers:           86108 kB
Cached:          1088956 kB
MemTotal:        1844596 kB
MemFree:          450932 kB
MemAvailable:    1518256 kB
Buffers:           86108 kB
Cached:          1088956 kB
MemTotal:        1844596 kB
MemFree:          449940 kB
MemAvailable:    1517264 kB
Buffers:           86108 kB
Cached:          1088956 kB
MemTotal:        1844596 kB
MemFree:          450556 kB
MemAvailable:    1517880 kB
Buffers:           86108 kB
Cached:          1088956 kB
MemTotal:        1844596 kB
MemFree:          448692 kB
MemAvailable:    1516016 kB
Buffers:           86108 kB
Cached:          1088956 kB
MemTotal:        1844596 kB
MemFree:          448584 kB
MemAvailable:    1515908 kB
Buffers:           86108 kB
Cached:          1088956 kB
MemTotal:        1844596 kB
MemFree:          444104 kB
MemAvailable:    1511428 kB
Buffers:           86108 kB
Cached:          1088956 kB
MemTotal:        1844596 kB
MemFree:          443492 kB
MemAvailable:    1510816 kB
Buffers:           86108 kB
Cached:          1088956 kB
MemTotal:        1844596 kB
MemFree:          441136 kB
MemAvailable:    1508460 kB
Buffers:           86108 kB
Cached:          1088956 kB
MemTotal:        1844596 kB
MemFree:          441816 kB
MemAvailable:    1509140 kB
Buffers:           86108 kB
Cached:          1088956 kB
MemTotal:        1844596 kB
MemFree:          441560 kB
MemAvailable:    1508884 kB
Buffers:           86108 kB
Cached:          1088956 kB
MemTotal:        1844596 kB
MemFree:          440764 kB
MemAvailable:    1508088 kB
Buffers:           86108 kB
Cached:          1088956 kB
MemTotal:        1844596 kB
MemFree:          441556 kB
MemAvailable:    1508880 kB
Buffers:           86108 kB
Cached:          1088956 kB
MemTotal:        1844596 kB
MemFree:          441384 kB
MemAvailable:    1508708 kB
Buffers:           86108 kB
Cached:          1088956 kB
MemTotal:        1844596 kB
MemFree:          440308 kB
MemAvailable:    1507632 kB
Buffers:           86108 kB
Cached:          1088956 kB
MemTotal:        1844596 kB
MemFree:          439516 kB
MemAvailable:    1506840 kB
Buffers:           86108 kB
Cached:          1088956 kB
MemTotal:        1844596 kB
MemFree:          440320 kB
MemAvailable:    1507644 kB
Buffers:           86108 kB
Cached:          1088956 kB
MemTotal:        1844596 kB
MemFree:          439028 kB
MemAvailable:    1506352 kB
Buffers:           86108 kB
Cached:          1088956 kB
MemTotal:        1844596 kB
MemFree:          439936 kB
MemAvailable:    1507260 kB
Buffers:           86108 kB
Cached:          1088956 kB
MemTotal:        1844596 kB
MemFree:          439876 kB
MemAvailable:    1507200 kB
Buffers:           86108 kB
Cached:          1088956 kB
MemTotal:        1844596 kB
MemFree:          439028 kB
MemAvailable:    1506352 kB
Buffers:           86108 kB
Cached:          1088956 kB
MemTotal:        1844596 kB
MemFree:          439520 kB
MemAvailable:    1506844 kB
Buffers:           86108 kB
Cached:          1088956 kB
MemTotal:        1844596 kB
MemFree:          439652 kB
MemAvailable:    1506976 kB
Buffers:           86108 kB
Cached:          1088956 kB
MemTotal:        1844596 kB
MemFree:          439648 kB
MemAvailable:    1506972 kB
Buffers:           86108 kB
Cached:          1088956 kB
MemTotal:        1844596 kB
MemFree:          439028 kB
MemAvailable:    1506352 kB
Buffers:           86108 kB
Cached:          1088956 kB
MemTotal:        1844596 kB
MemFree:          439688 kB
MemAvailable:    1507012 kB
Buffers:           86108 kB
Cached:          1088956 kB
MemTotal:        1844596 kB
MemFree:          439708 kB
MemAvailable:    1507032 kB
Buffers:           86108 kB
Cached:          1088956 kB
MemTotal:        1844596 kB
MemFree:          438236 kB
MemAvailable:    1505560 kB
Buffers:           86108 kB
Cached:          1088956 kB
MemTotal:        1844596 kB
MemFree:          438360 kB
MemAvailable:    1505684 kB
Buffers:           86108 kB
Cached:          1088956 kB
MemTotal:        1844596 kB
MemFree:          439524 kB
MemAvailable:    1506848 kB
Buffers:           86108 kB
Cached:          1088956 kB
MemTotal:        1844596 kB
MemFree:          439396 kB
MemAvailable:    1506720 kB
Buffers:           86108 kB
Cached:          1088956 kB
MemTotal:        1844596 kB
MemFree:          438228 kB
MemAvailable:    1505552 kB
Buffers:           86108 kB
Cached:          1088956 kB
MemTotal:        1844596 kB
MemFree:          438352 kB
MemAvailable:    1505676 kB
Buffers:           86108 kB
Cached:          1088956 kB
MemTotal:        1844596 kB
MemFree:          438476 kB
MemAvailable:    1505800 kB
Buffers:           86108 kB
Cached:          1088956 kB
MemTotal:        1844596 kB
MemFree:          438468 kB
MemAvailable:    1505792 kB
Buffers:           86108 kB
Cached:          1088956 kB
MemTotal:        1844596 kB
MemFree:          438600 kB
MemAvailable:    1505924 kB
Buffers:           86108 kB
Cached:          1088956 kB
MemTotal:        1844596 kB
MemFree:          437912 kB
MemAvailable:    1505236 kB
Buffers:           86108 kB
Cached:          1088956 kB
MemTotal:        1844596 kB
MemFree:          435804 kB
MemAvailable:    1503128 kB
Buffers:           86108 kB
Cached:          1088956 kB
MemTotal:        1844596 kB
MemFree:          433324 kB
MemAvailable:    1500648 kB
Buffers:           86108 kB
Cached:          1088956 kB
MemTotal:        1844596 kB
MemFree:          430780 kB
MemAvailable:    1498104 kB
Buffers:           86108 kB
Cached:          1088956 kB
MemTotal:        1844596 kB
MemFree:          427736 kB
MemAvailable:    1495060 kB
Buffers:           86108 kB
Cached:          1088956 kB
MemTotal:        1844596 kB
MemFree:          427992 kB
MemAvailable:    1495316 kB
Buffers:           86108 kB
Cached:          1088956 kB
MemTotal:        1844596 kB
MemFree:          426620 kB
MemAvailable:    1493944 kB
Buffers:           86108 kB
Cached:          1088956 kB
MemTotal:        1844596 kB
MemFree:          427796 kB
MemAvailable:    1495120 kB
Buffers:           86108 kB
Cached:          1088956 kB
MemTotal:        1844596 kB
MemFree:          426488 kB
MemAvailable:    1493812 kB
Buffers:           86108 kB
Cached:          1088956 kB
MemTotal:        1844596 kB
MemFree:          427472 kB
MemAvailable:    1494796 kB
Buffers:           86108 kB
Cached:          1088956 kB
MemTotal:        1844596 kB
MemFree:          426860 kB
MemAvailable:    1494184 kB
Buffers:           86108 kB
Cached:          1088956 kB
MemTotal:        1844596 kB
MemFree:          426096 kB
MemAvailable:    1493420 kB
Buffers:           86108 kB
Cached:          1088956 kB
MemTotal:        1844596 kB
MemFree:          426352 kB
MemAvailable:    1493676 kB
Buffers:           86108 kB
Cached:          1088956 kB
MemTotal:        1844596 kB
MemFree:          426256 kB
MemAvailable:    1493580 kB
Buffers:           86108 kB
Cached:          1088956 kB
MemTotal:        1844596 kB
MemFree:          426132 kB
MemAvailable:    1493456 kB
Buffers:           86108 kB
Cached:          1088956 kB
MemTotal:        1844596 kB
MemFree:          426256 kB
MemAvailable:    1493580 kB
Buffers:           86108 kB
Cached:          1088956 kB
MemTotal:        1844596 kB
MemFree:          427116 kB
MemAvailable:    1494440 kB
Buffers:           86108 kB
Cached:          1088956 kB
MemTotal:        1844596 kB
MemFree:          426504 kB
MemAvailable:    1493828 kB
Buffers:           86108 kB
Cached:          1088956 kB
MemTotal:        1844596 kB
MemFree:          426988 kB
MemAvailable:    1494312 kB
Buffers:           86108 kB
Cached:          1088956 kB
MemTotal:        1844596 kB
MemFree:          427044 kB
MemAvailable:    1494368 kB
Buffers:           86108 kB
Cached:          1088956 kB
MemTotal:        1844596 kB
MemFree:          425736 kB
MemAvailable:    1493060 kB
Buffers:           86108 kB
Cached:          1088956 kB
MemTotal:        1844596 kB
MemFree:          426796 kB
MemAvailable:    1494120 kB
Buffers:           86108 kB
Cached:          1088956 kB
MemTotal:        1844596 kB
MemFree:          426256 kB
MemAvailable:    1493580 kB
Buffers:           86108 kB
Cached:          1088956 kB
MemTotal:        1844596 kB
MemFree:          425748 kB
MemAvailable:    1493072 kB
Buffers:           86108 kB
Cached:          1088956 kB
MemTotal:        1844596 kB
MemFree:          425996 kB
MemAvailable:    1493320 kB
Buffers:           86108 kB
Cached:          1088956 kB
MemTotal:        1844596 kB
MemFree:          427132 kB
MemAvailable:    1494456 kB
Buffers:           86108 kB
Cached:          1088956 kB
MemTotal:        1844596 kB
MemFree:          426844 kB
MemAvailable:    1494168 kB
Buffers:           86108 kB
Cached:          1088956 kB
MemTotal:        1844596 kB
MemFree:          426448 kB
MemAvailable:    1493772 kB
Buffers:           86108 kB
Cached:          1088956 kB
MemTotal:        1844596 kB
MemFree:          426928 kB
MemAvailable:    1494252 kB
Buffers:           86108 kB
Cached:          1088956 kB
MemTotal:        1844596 kB
MemFree:          425884 kB
MemAvailable:    1493208 kB
Buffers:           86108 kB
Cached:          1088956 kB
MemTotal:        1844596 kB
MemFree:          426380 kB
MemAvailable:    1493704 kB
Buffers:           86108 kB
Cached:          1088956 kB
MemTotal:        1844596 kB
MemFree:          426256 kB
MemAvailable:    1493588 kB
Buffers:           86108 kB
Cached:          1088964 kB
MemTotal:        1844596 kB
MemFree:          426504 kB
MemAvailable:    1493836 kB
Buffers:           86108 kB
Cached:          1088964 kB
MemTotal:        1844596 kB
MemFree:          427432 kB
MemAvailable:    1494764 kB
Buffers:           86108 kB
Cached:          1088964 kB
MemTotal:        1844596 kB
MemFree:          426256 kB
MemAvailable:    1493588 kB
Buffers:           86108 kB
Cached:          1088964 kB
MemTotal:        1844596 kB
MemFree:          426940 kB
MemAvailable:    1494272 kB
Buffers:           86108 kB
Cached:          1088964 kB
MemTotal:        1844596 kB
MemFree:          427132 kB
MemAvailable:    1494464 kB
Buffers:           86108 kB
Cached:          1088964 kB
MemTotal:        1844596 kB
MemFree:          426060 kB
MemAvailable:    1493396 kB
Buffers:           86108 kB
Cached:          1088968 kB
MemTotal:        1844596 kB
MemFree:          422908 kB
MemAvailable:    1490244 kB
Buffers:           86108 kB
Cached:          1088968 kB
MemTotal:        1844596 kB
MemFree:          419500 kB
MemAvailable:    1486836 kB
Buffers:           86108 kB
Cached:          1088968 kB
MemTotal:        1844596 kB
MemFree:          416824 kB
MemAvailable:    1484160 kB
Buffers:           86108 kB
Cached:          1088968 kB
MemTotal:        1844596 kB
MemFree:          416824 kB
MemAvailable:    1484160 kB
Buffers:           86108 kB
Cached:          1088968 kB
MemTotal:        1844596 kB
MemFree:          416396 kB
MemAvailable:    1483732 kB
Buffers:           86108 kB
Cached:          1088968 kB
MemTotal:        1844596 kB
MemFree:          416732 kB
MemAvailable:    1484068 kB
Buffers:           86108 kB
Cached:          1088968 kB
MemTotal:        1844596 kB
MemFree:          416696 kB
MemAvailable:    1484032 kB
Buffers:           86108 kB
Cached:          1088968 kB
MemTotal:        1844596 kB
MemFree:          416584 kB
MemAvailable:    1483920 kB
Buffers:           86108 kB
Cached:          1088968 kB
MemTotal:        1844596 kB
MemFree:          415964 kB
MemAvailable:    1483300 kB
Buffers:           86108 kB
Cached:          1088968 kB
MemTotal:        1844596 kB
MemFree:          416572 kB
MemAvailable:    1483908 kB
Buffers:           86108 kB
Cached:          1088968 kB
MemTotal:        1844596 kB
MemFree:          416520 kB
MemAvailable:    1483856 kB
Buffers:           86108 kB
Cached:          1088968 kB
MemTotal:        1844596 kB
MemFree:          415288 kB
MemAvailable:    1482624 kB
Buffers:           86108 kB
Cached:          1088968 kB
MemTotal:        1844596 kB
MemFree:          416472 kB
MemAvailable:    1483808 kB
Buffers:           86108 kB
Cached:          1088968 kB
MemTotal:        1844596 kB
MemFree:          416832 kB
MemAvailable:    1484168 kB
Buffers:           86108 kB
Cached:          1088968 kB
MemTotal:        1844596 kB
MemFree:          415428 kB
MemAvailable:    1482764 kB
Buffers:           86108 kB
Cached:          1088968 kB
MemTotal:        1844596 kB
MemFree:          415420 kB
MemAvailable:    1482756 kB
Buffers:           86108 kB
Cached:          1088968 kB
MemTotal:        1844596 kB
MemFree:          416660 kB
MemAvailable:    1483996 kB
Buffers:           86108 kB
Cached:          1088968 kB
MemTotal:        1844596 kB
MemFree:          415600 kB
MemAvailable:    1482936 kB
Buffers:           86108 kB
Cached:          1088968 kB
MemTotal:        1844596 kB
MemFree:          415700 kB
MemAvailable:    1483036 kB
Buffers:           86108 kB
Cached:          1088968 kB
MemTotal:        1844596 kB
MemFree:          415912 kB
MemAvailable:    1483248 kB
Buffers:           86108 kB
Cached:          1088968 kB
MemTotal:        1844596 kB
MemFree:          414468 kB
MemAvailable:    1481804 kB
Buffers:           86108 kB
Cached:          1088968 kB
MemTotal:        1844596 kB
MemFree:          414220 kB
MemAvailable:    1481556 kB
Buffers:           86108 kB
Cached:          1088968 kB
MemTotal:        1844596 kB
MemFree:          414336 kB
MemAvailable:    1481676 kB
Buffers:           86108 kB
Cached:          1088972 kB
MemTotal:        1844596 kB
MemFree:          414672 kB
MemAvailable:    1482012 kB
Buffers:           86108 kB
Cached:          1088972 kB
MemTotal:        1844596 kB
MemFree:          414288 kB
MemAvailable:    1481628 kB
Buffers:           86108 kB
Cached:          1088972 kB
MemTotal:        1844596 kB
MemFree:          414540 kB
MemAvailable:    1481880 kB
Buffers:           86108 kB
Cached:          1088972 kB
MemTotal:        1844596 kB
MemFree:          414156 kB
MemAvailable:    1481496 kB
Buffers:           86108 kB
Cached:          1088972 kB
MemTotal:        1844596 kB
MemFree:          414408 kB
MemAvailable:    1481748 kB
Buffers:           86108 kB
Cached:          1088972 kB
MemTotal:        1844596 kB
MemFree:          414348 kB
MemAvailable:    1481688 kB
Buffers:           86108 kB
Cached:          1088972 kB
MemTotal:        1844596 kB
MemFree:          414580 kB
MemAvailable:    1481920 kB
Buffers:           86108 kB
Cached:          1088972 kB
MemTotal:        1844596 kB
MemFree:          413216 kB
MemAvailable:    1480556 kB
Buffers:           86108 kB
Cached:          1088972 kB
MemTotal:        1844596 kB
MemFree:          414332 kB
MemAvailable:    1481672 kB
Buffers:           86108 kB
Cached:          1088972 kB
MemTotal:        1844596 kB
MemFree:          413216 kB
MemAvailable:    1480556 kB
Buffers:           86108 kB
Cached:          1088972 kB
MemTotal:        1844596 kB
MemFree:          413856 kB
MemAvailable:    1481196 kB
Buffers:           86108 kB
Cached:          1088972 kB
MemTotal:        1844596 kB
MemFree:          414208 kB
MemAvailable:    1481548 kB
Buffers:           86108 kB
Cached:          1088972 kB
MemTotal:        1844596 kB
MemFree:          414464 kB
MemAvailable:    1481804 kB
Buffers:           86108 kB
Cached:          1088972 kB
MemTotal:        1844596 kB
MemFree:          414328 kB
MemAvailable:    1481668 kB
Buffers:           86108 kB
Cached:          1088972 kB
MemTotal:        1844596 kB
MemFree:          414580 kB
MemAvailable:    1481920 kB
Buffers:           86108 kB
Cached:          1088972 kB
MemTotal:        1844596 kB
MemFree:          413056 kB
MemAvailable:    1480396 kB
Buffers:           86108 kB
Cached:          1088972 kB
MemTotal:        1844596 kB
MemFree:          413732 kB
MemAvailable:    1481072 kB
Buffers:           86108 kB
Cached:          1088972 kB
MemTotal:        1844596 kB
MemFree:          414400 kB
MemAvailable:    1481740 kB
Buffers:           86108 kB
Cached:          1088972 kB
MemTotal:        1844596 kB
MemFree:          414400 kB
MemAvailable:    1481740 kB
Buffers:           86108 kB
Cached:          1088972 kB
MemTotal:        1844596 kB
MemFree:          414284 kB
MemAvailable:    1481624 kB
Buffers:           86108 kB
Cached:          1088972 kB
MemTotal:        1844596 kB
MemFree:          414336 kB
MemAvailable:    1481676 kB
Buffers:           86108 kB
Cached:          1088972 kB
MemTotal:        1844596 kB
MemFree:          414220 kB
MemAvailable:    1481560 kB
Buffers:           86108 kB
Cached:          1088972 kB
MemTotal:        1844596 kB
MemFree:          414560 kB
MemAvailable:    1481900 kB
Buffers:           86108 kB
Cached:          1088972 kB
MemTotal:        1844596 kB
MemFree:          414172 kB
MemAvailable:    1481512 kB
Buffers:           86108 kB
Cached:          1088972 kB
MemTotal:        1844596 kB
MemFree:          414508 kB
MemAvailable:    1481848 kB
Buffers:           86108 kB
Cached:          1088972 kB
MemTotal:        1844596 kB
MemFree:          413308 kB
MemAvailable:    1480648 kB
Buffers:           86108 kB
Cached:          1088972 kB
MemTotal:        1844596 kB
MemFree:          411376 kB
MemAvailable:    1478716 kB
Buffers:           86108 kB
Cached:          1088972 kB
MemTotal:        1844596 kB
MemFree:          408088 kB
MemAvailable:    1475428 kB
Buffers:           86108 kB
Cached:          1088972 kB
MemTotal:        1844596 kB
MemFree:          405052 kB
MemAvailable:    1472392 kB
Buffers:           86108 kB
Cached:          1088972 kB
MemTotal:        1844596 kB
MemFree:          403748 kB
MemAvailable:    1471088 kB
Buffers:           86108 kB
Cached:          1088972 kB
MemTotal:        1844596 kB
MemFree:          401564 kB
MemAvailable:    1468904 kB
Buffers:           86108 kB
Cached:          1088972 kB
MemTotal:        1844596 kB
MemFree:          401900 kB
MemAvailable:    1469240 kB
Buffers:           86108 kB
Cached:          1088972 kB
MemTotal:        1844596 kB
MemFree:          401572 kB
MemAvailable:    1468912 kB
Buffers:           86108 kB
Cached:          1088972 kB
MemTotal:        1844596 kB
MemFree:          400464 kB
MemAvailable:    1467804 kB
Buffers:           86108 kB
Cached:          1088972 kB
MemTotal:        1844596 kB
MemFree:          401320 kB
MemAvailable:    1468660 kB
Buffers:           86108 kB
Cached:          1088972 kB
MemTotal:        1844596 kB
MemFree:          401208 kB
MemAvailable:    1468548 kB
Buffers:           86108 kB
Cached:          1088972 kB
MemTotal:        1844596 kB
MemFree:          400192 kB
MemAvailable:    1467532 kB
Buffers:           86108 kB
Cached:          1088972 kB
MemTotal:        1844596 kB
MemFree:          401244 kB
MemAvailable:    1468584 kB
Buffers:           86108 kB
Cached:          1088972 kB
MemTotal:        1844596 kB
MemFree:          401060 kB
MemAvailable:    1468400 kB
Buffers:           86108 kB
Cached:          1088972 kB
MemTotal:        1844596 kB
MemFree:          401060 kB
MemAvailable:    1468400 kB
Buffers:           86108 kB
Cached:          1088972 kB
MemTotal:        1844596 kB
MemFree:          400892 kB
MemAvailable:    1468232 kB
Buffers:           86108 kB
Cached:          1088972 kB
MemTotal:        1844596 kB
MemFree:          400952 kB
MemAvailable:    1468292 kB
Buffers:           86108 kB
Cached:          1088972 kB
MemTotal:        1844596 kB
MemFree:          400768 kB
MemAvailable:    1468108 kB
Buffers:           86108 kB
Cached:          1088972 kB
MemTotal:        1844596 kB
MemFree:          401104 kB
MemAvailable:    1468444 kB
Buffers:           86108 kB
Cached:          1088972 kB
MemTotal:        1844596 kB
MemFree:          401036 kB
MemAvailable:    1468376 kB
Buffers:           86108 kB
Cached:          1088972 kB
MemTotal:        1844596 kB
MemFree:          401036 kB
MemAvailable:    1468376 kB
Buffers:           86108 kB
Cached:          1088972 kB
MemTotal:        1844596 kB
MemFree:          400944 kB
MemAvailable:    1468284 kB
Buffers:           86108 kB
Cached:          1088972 kB
MemTotal:        1844596 kB
MemFree:          401196 kB
MemAvailable:    1468536 kB
Buffers:           86108 kB
Cached:          1088972 kB
MemTotal:        1844596 kB
MemFree:          399720 kB
MemAvailable:    1467060 kB
Buffers:           86108 kB
Cached:          1088972 kB
MemTotal:        1844596 kB
MemFree:          401036 kB
MemAvailable:    1468376 kB
Buffers:           86108 kB
Cached:          1088972 kB
MemTotal:        1844596 kB
MemFree:          399796 kB
MemAvailable:    1467136 kB
Buffers:           86108 kB
Cached:          1088972 kB
MemTotal:        1844596 kB
MemFree:          401272 kB
MemAvailable:    1468612 kB
Buffers:           86108 kB
Cached:          1088972 kB
MemTotal:        1844596 kB
MemFree:          401272 kB
MemAvailable:    1468612 kB
Buffers:           86108 kB
Cached:          1088972 kB
MemTotal:        1844596 kB
MemFree:          399712 kB
MemAvailable:    1467052 kB
Buffers:           86108 kB
Cached:          1088972 kB
MemTotal:        1844596 kB
MemFree:          400904 kB
MemAvailable:    1468244 kB
Buffers:           86108 kB
Cached:          1088972 kB
MemTotal:        1844596 kB
MemFree:          399968 kB
MemAvailable:    1467308 kB
Buffers:           86108 kB
Cached:          1088972 kB
MemTotal:        1844596 kB
MemFree:          400836 kB
MemAvailable:    1468184 kB
Buffers:           86108 kB
Cached:          1088980 kB
MemTotal:        1844596 kB
MemFree:          399464 kB
MemAvailable:    1466812 kB
Buffers:           86108 kB
Cached:          1088980 kB
MemTotal:        1844596 kB
MemFree:          399720 kB
MemAvailable:    1467068 kB
Buffers:           86108 kB
Cached:          1088980 kB
MemTotal:        1844596 kB
MemFree:          400020 kB
MemAvailable:    1467368 kB
Buffers:           86108 kB
Cached:          1088980 kB
MemTotal:        1844596 kB
MemFree:          400104 kB
MemAvailable:    1467452 kB
Buffers:           86108 kB
Cached:          1088980 kB
MemTotal:        1844596 kB
MemFree:          398820 kB
MemAvailable:    1466168 kB
Buffers:           86108 kB
Cached:          1088980 kB
MemTotal:        1844596 kB
MemFree:          399472 kB
MemAvailable:    1466820 kB
Buffers:           86108 kB
Cached:          1088980 kB
MemTotal:        1844596 kB
MemFree:          400216 kB
MemAvailable:    1467564 kB
Buffers:           86108 kB
Cached:          1088980 kB
MemTotal:        1844596 kB
MemFree:          399348 kB
MemAvailable:    1466696 kB
Buffers:           86108 kB
Cached:          1088980 kB
MemTotal:        1844596 kB
MemFree:          400008 kB
MemAvailable:    1467356 kB
Buffers:           86108 kB
Cached:          1088980 kB
MemTotal:        1844596 kB
MemFree:          399968 kB
MemAvailable:    1467316 kB
Buffers:           86108 kB
Cached:          1088980 kB
MemTotal:        1844596 kB
MemFree:          395992 kB
MemAvailable:    1463340 kB
Buffers:           86108 kB
Cached:          1088980 kB
MemTotal:        1844596 kB
MemFree:          393396 kB
MemAvailable:    1460744 kB
Buffers:           86108 kB
Cached:          1088980 kB
MemTotal:        1844596 kB
MemFree:          393812 kB
MemAvailable:    1461160 kB
Buffers:           86108 kB
Cached:          1088980 kB
MemTotal:        1844596 kB
MemFree:          391536 kB
MemAvailable:    1458884 kB
Buffers:           86108 kB
Cached:          1088980 kB
MemTotal:        1844596 kB
MemFree:          391140 kB
MemAvailable:    1458488 kB
Buffers:           86108 kB
Cached:          1088980 kB
MemTotal:        1844596 kB
MemFree:          391140 kB
MemAvailable:    1458488 kB
Buffers:           86108 kB
Cached:          1088980 kB
MemTotal:        1844596 kB
MemFree:          388792 kB
MemAvailable:    1456140 kB
Buffers:           86108 kB
Cached:          1088980 kB
MemTotal:        1844596 kB
MemFree:          388608 kB
MemAvailable:    1455956 kB
Buffers:           86108 kB
Cached:          1088980 kB
MemTotal:        1844596 kB
MemFree:          387504 kB
MemAvailable:    1454852 kB
Buffers:           86108 kB
Cached:          1088980 kB
MemTotal:        1844596 kB
MemFree:          387436 kB
MemAvailable:    1454784 kB
Buffers:           86108 kB
Cached:          1088980 kB
MemTotal:        1844596 kB
MemFree:          386184 kB
MemAvailable:    1453532 kB
Buffers:           86108 kB
Cached:          1088980 kB
MemTotal:        1844596 kB
MemFree:          387344 kB
MemAvailable:    1454692 kB
Buffers:           86108 kB
Cached:          1088980 kB
MemTotal:        1844596 kB
MemFree:          386008 kB
MemAvailable:    1453356 kB
Buffers:           86108 kB
Cached:          1088980 kB
MemTotal:        1844596 kB
MemFree:          387292 kB
MemAvailable:    1454640 kB
Buffers:           86108 kB
Cached:          1088980 kB
MemTotal:        1844596 kB
MemFree:          386576 kB
MemAvailable:    1453924 kB
Buffers:           86108 kB
Cached:          1088980 kB
MemTotal:        1844596 kB
MemFree:          387816 kB
MemAvailable:    1455164 kB
Buffers:           86108 kB
Cached:          1088980 kB
MemTotal:        1844596 kB
MemFree:          386700 kB
MemAvailable:    1454048 kB
Buffers:           86108 kB
Cached:          1088980 kB
MemTotal:        1844596 kB
MemFree:          387684 kB
MemAvailable:    1455036 kB
Buffers:           86108 kB
Cached:          1088984 kB
MemTotal:        1844596 kB
MemFree:          387684 kB
MemAvailable:    1455036 kB
Buffers:           86108 kB
Cached:          1088984 kB
MemTotal:        1844596 kB
MemFree:          387172 kB
MemAvailable:    1454524 kB
Buffers:           86108 kB
Cached:          1088984 kB
MemTotal:        1844596 kB
MemFree:          386948 kB
MemAvailable:    1454300 kB
Buffers:           86108 kB
Cached:          1088984 kB
MemTotal:        1844596 kB
MemFree:          387308 kB
MemAvailable:    1454660 kB
Buffers:           86108 kB
Cached:          1088984 kB
MemTotal:        1844596 kB
MemFree:          386020 kB
MemAvailable:    1453372 kB
Buffers:           86108 kB
Cached:          1088984 kB
MemTotal:        1844596 kB
MemFree:          387056 kB
MemAvailable:    1454408 kB
Buffers:           86108 kB
Cached:          1088984 kB
MemTotal:        1844596 kB
MemFree:          387392 kB
MemAvailable:    1454744 kB
Buffers:           86108 kB
Cached:          1088984 kB
MemTotal:        1844596 kB
MemFree:          387200 kB
MemAvailable:    1454552 kB
Buffers:           86108 kB
Cached:          1088984 kB
MemTotal:        1844596 kB
MemFree:          387168 kB
MemAvailable:    1454520 kB
Buffers:           86108 kB
Cached:          1088984 kB
MemTotal:        1844596 kB
MemFree:          387072 kB
MemAvailable:    1454424 kB
Buffers:           86108 kB
Cached:          1088984 kB
MemTotal:        1844596 kB
MemFree:          385900 kB
MemAvailable:    1453252 kB
Buffers:           86108 kB
Cached:          1088984 kB
MemTotal:        1844596 kB
MemFree:          387200 kB
MemAvailable:    1454552 kB
Buffers:           86108 kB
Cached:          1088984 kB
MemTotal:        1844596 kB
MemFree:          386700 kB
MemAvailable:    1454052 kB
Buffers:           86108 kB
Cached:          1088984 kB
MemTotal:        1844596 kB
MemFree:          387184 kB
MemAvailable:    1454536 kB
Buffers:           86108 kB
Cached:          1088984 kB
MemTotal:        1844596 kB
MemFree:          387256 kB
MemAvailable:    1454608 kB
Buffers:           86108 kB
Cached:          1088984 kB
MemTotal:        1844596 kB
MemFree:          387056 kB
MemAvailable:    1454408 kB
Buffers:           86108 kB
Cached:          1088984 kB
MemTotal:        1844596 kB
MemFree:          387056 kB
MemAvailable:    1454408 kB
Buffers:           86108 kB
Cached:          1088984 kB
MemTotal:        1844596 kB
MemFree:          387064 kB
MemAvailable:    1454416 kB
Buffers:           86108 kB
Cached:          1088984 kB
MemTotal:        1844596 kB
MemFree:          387404 kB
MemAvailable:    1454756 kB
Buffers:           86108 kB
Cached:          1088984 kB
MemTotal:        1844596 kB
MemFree:          387200 kB
MemAvailable:    1454552 kB
Buffers:           86108 kB
Cached:          1088984 kB
MemTotal:        1844596 kB
MemFree:          387244 kB
MemAvailable:    1454596 kB
Buffers:           86108 kB
Cached:          1088984 kB
MemTotal:        1844596 kB
MemFree:          386056 kB
MemAvailable:    1453408 kB
Buffers:           86108 kB
Cached:          1088984 kB
MemTotal:        1844596 kB
MemFree:          386576 kB
MemAvailable:    1453928 kB
Buffers:           86108 kB
Cached:          1088984 kB
MemTotal:        1844596 kB
MemFree:          386824 kB
MemAvailable:    1454176 kB
Buffers:           86108 kB
Cached:          1088984 kB
MemTotal:        1844596 kB
MemFree:          387304 kB
MemAvailable:    1454656 kB
Buffers:           86108 kB
Cached:          1088984 kB
MemTotal:        1844596 kB
MemFree:          385816 kB
MemAvailable:    1453168 kB
Buffers:           86108 kB
Cached:          1088984 kB
MemTotal:        1844596 kB
MemFree:          387164 kB
MemAvailable:    1454516 kB
Buffers:           86108 kB
Cached:          1088984 kB
MemTotal:        1844596 kB
MemFree:          387416 kB
MemAvailable:    1454768 kB
Buffers:           86108 kB
Cached:          1088984 kB
MemTotal:        1844596 kB
MemFree:          387272 kB
MemAvailable:    1454624 kB
Buffers:           86108 kB
Cached:          1088984 kB
MemTotal:        1844596 kB
MemFree:          387440 kB
MemAvailable:    1454792 kB
Buffers:           86108 kB
Cached:          1088984 kB
MemTotal:        1844596 kB
MemFree:          387188 kB
MemAvailable:    1454540 kB
Buffers:           86108 kB
Cached:          1088984 kB
MemTotal:        1844596 kB
MemFree:          387188 kB
MemAvailable:    1454540 kB
Buffers:           86108 kB
Cached:          1088984 kB
MemTotal:        1844596 kB
MemFree:          386080 kB
MemAvailable:    1453432 kB
Buffers:           86108 kB
Cached:          1088984 kB
MemTotal:        1844596 kB
MemFree:          387208 kB
MemAvailable:    1454560 kB
Buffers:           86108 kB
Cached:          1088984 kB
MemTotal:        1844596 kB
MemFree:          386028 kB
MemAvailable:    1453380 kB
Buffers:           86108 kB
Cached:          1088984 kB
MemTotal:        1844596 kB
MemFree:          386576 kB
MemAvailable:    1453928 kB
Buffers:           86108 kB
Cached:          1088984 kB
MemTotal:        1844596 kB
MemFree:          387328 kB
MemAvailable:    1454680 kB
Buffers:           86108 kB
Cached:          1088984 kB
MemTotal:        1844596 kB
MemFree:          387240 kB
MemAvailable:    1454592 kB
Buffers:           86108 kB
Cached:          1088984 kB
MemTotal:        1844596 kB
MemFree:          386080 kB
MemAvailable:    1453432 kB
Buffers:           86108 kB
Cached:          1088984 kB
MemTotal:        1844596 kB
MemFree:          385900 kB
MemAvailable:    1453252 kB
Buffers:           86108 kB
Cached:          1088984 kB
MemTotal:        1844596 kB
MemFree:          387100 kB
MemAvailable:    1454452 kB
Buffers:           86108 kB
Cached:          1088984 kB
MemTotal:        1844596 kB
MemFree:          387272 kB
MemAvailable:    1454624 kB
Buffers:           86108 kB
Cached:          1088984 kB
MemTotal:        1844596 kB
MemFree:          384452 kB
MemAvailable:    1451804 kB
Buffers:           86108 kB
Cached:          1088984 kB
MemTotal:        1844596 kB
MemFree:          384788 kB
MemAvailable:    1452140 kB
Buffers:           86108 kB
Cached:          1088984 kB
MemTotal:        1844596 kB
MemFree:          384220 kB
MemAvailable:    1451572 kB
Buffers:           86108 kB
Cached:          1088984 kB
MemTotal:        1844596 kB
MemFree:          382592 kB
MemAvailable:    1449944 kB
Buffers:           86108 kB
Cached:          1088984 kB
MemTotal:        1844596 kB
MemFree:          382676 kB
MemAvailable:    1450028 kB
Buffers:           86108 kB
Cached:          1088984 kB
MemTotal:        1844596 kB
MemFree:          382428 kB
MemAvailable:    1449780 kB
Buffers:           86108 kB
Cached:          1088984 kB
MemTotal:        1844596 kB
MemFree:          381180 kB
MemAvailable:    1448532 kB
Buffers:           86108 kB
Cached:          1088984 kB
MemTotal:        1844596 kB
MemFree:          381180 kB
MemAvailable:    1448532 kB
Buffers:           86108 kB
Cached:          1088984 kB
MemTotal:        1844596 kB
MemFree:          381428 kB
MemAvailable:    1448780 kB
Buffers:           86108 kB
Cached:          1088984 kB
MemTotal:        1844596 kB
MemFree:          381120 kB
MemAvailable:    1448476 kB
Buffers:           86108 kB
Cached:          1088988 kB
MemTotal:        1844596 kB
MemFree:          382104 kB
MemAvailable:    1449460 kB
Buffers:           86108 kB
Cached:          1088988 kB
MemTotal:        1844596 kB
MemFree:          382088 kB
MemAvailable:    1449444 kB
Buffers:           86108 kB
Cached:          1088988 kB
MemTotal:        1844596 kB
MemFree:          381864 kB
MemAvailable:    1449220 kB
Buffers:           86108 kB
Cached:          1088988 kB
MemTotal:        1844596 kB
MemFree:          381476 kB
MemAvailable:    1448832 kB
Buffers:           86108 kB
Cached:          1088988 kB
MemTotal:        1844596 kB
MemFree:          381812 kB
MemAvailable:    1449168 kB
Buffers:           86108 kB
Cached:          1088988 kB
MemTotal:        1844596 kB
MemFree:          380228 kB
MemAvailable:    1447584 kB
Buffers:           86108 kB
Cached:          1088988 kB
MemTotal:        1844596 kB
MemFree:          380376 kB
MemAvailable:    1447732 kB
Buffers:           86108 kB
Cached:          1088988 kB
MemTotal:        1844596 kB
MemFree:          381308 kB
MemAvailable:    1448664 kB
Buffers:           86108 kB
Cached:          1088988 kB
MemTotal:        1844596 kB
MemFree:          381252 kB
MemAvailable:    1448608 kB
Buffers:           86108 kB
Cached:          1088988 kB
MemTotal:        1844596 kB
MemFree:          381248 kB
MemAvailable:    1448604 kB
Buffers:           86108 kB
Cached:          1088988 kB
MemTotal:        1844596 kB
MemFree:          380800 kB
MemAvailable:    1448156 kB
Buffers:           86108 kB
Cached:          1088988 kB
MemTotal:        1844596 kB
MemFree:          381052 kB
MemAvailable:    1448408 kB
Buffers:           86108 kB
Cached:          1088988 kB
MemTotal:        1844596 kB
MemFree:          383060 kB
MemAvailable:    1450416 kB
Buffers:           86108 kB
Cached:          1088988 kB
MemTotal:        1844596 kB
MemFree:          381492 kB
MemAvailable:    1448848 kB
Buffers:           86108 kB
Cached:          1088988 kB
MemTotal:        1844596 kB
MemFree:          382952 kB
MemAvailable:    1450308 kB
Buffers:           86108 kB
Cached:          1088988 kB
MemTotal:        1844596 kB
MemFree:          382360 kB
MemAvailable:    1449716 kB
Buffers:           86108 kB
Cached:          1088988 kB
MemTotal:        1844596 kB
MemFree:          382836 kB
MemAvailable:    1450192 kB
Buffers:           86108 kB
Cached:          1088988 kB
MemTotal:        1844596 kB
MemFree:          383172 kB
MemAvailable:    1450528 kB
Buffers:           86108 kB
Cached:          1088988 kB
MemTotal:        1844596 kB
MemFree:          381844 kB
MemAvailable:    1449200 kB
Buffers:           86108 kB
Cached:          1088988 kB
MemTotal:        1844596 kB
MemFree:          381804 kB
MemAvailable:    1449160 kB
Buffers:           86108 kB
Cached:          1088988 kB
MemTotal:        1844596 kB
MemFree:          381796 kB
MemAvailable:    1449152 kB
Buffers:           86108 kB
Cached:          1088988 kB
MemTotal:        1844596 kB
MemFree:          382884 kB
MemAvailable:    1450240 kB
Buffers:           86108 kB
Cached:          1088988 kB
MemTotal:        1844596 kB
MemFree:          383056 kB
MemAvailable:    1450412 kB
Buffers:           86108 kB
Cached:          1088988 kB
MemTotal:        1844596 kB
MemFree:          383020 kB
MemAvailable:    1450376 kB
Buffers:           86108 kB
Cached:          1088988 kB
MemTotal:        1844596 kB
MemFree:          382980 kB
MemAvailable:    1450336 kB
Buffers:           86108 kB
Cached:          1088988 kB
MemTotal:        1844596 kB
MemFree:          381716 kB
MemAvailable:    1449072 kB
Buffers:           86108 kB
Cached:          1088988 kB
MemTotal:        1844596 kB
MemFree:          382824 kB
MemAvailable:    1450180 kB
Buffers:           86108 kB
Cached:          1088988 kB
MemTotal:        1844596 kB
MemFree:          382908 kB
MemAvailable:    1450264 kB
Buffers:           86108 kB
Cached:          1088988 kB
MemTotal:        1844596 kB
MemFree:          382884 kB
MemAvailable:    1450240 kB
Buffers:           86108 kB
Cached:          1088988 kB
MemTotal:        1844596 kB
MemFree:          382884 kB
MemAvailable:    1450240 kB
Buffers:           86108 kB
Cached:          1088988 kB
MemTotal:        1844596 kB
MemFree:          382968 kB
MemAvailable:    1450324 kB
Buffers:           86108 kB
Cached:          1088988 kB
MemTotal:        1844596 kB
MemFree:          381804 kB
MemAvailable:    1449160 kB
Buffers:           86108 kB
Cached:          1088988 kB
MemTotal:        1844596 kB
MemFree:          382236 kB
MemAvailable:    1449592 kB
Buffers:           86108 kB
Cached:          1088988 kB
MemTotal:        1844596 kB
MemFree:          382360 kB
MemAvailable:    1449720 kB
Buffers:           86108 kB
Cached:          1088992 kB
MemTotal:        1844596 kB
MemFree:          383088 kB
MemAvailable:    1450448 kB
Buffers:           86108 kB
Cached:          1088992 kB
MemTotal:        1844596 kB
MemFree:          383424 kB
MemAvailable:    1450784 kB
Buffers:           86108 kB
Cached:          1088992 kB
MemTotal:        1844596 kB
MemFree:          381980 kB
MemAvailable:    1449340 kB
Buffers:           86108 kB
Cached:          1088992 kB
MemTotal:        1844596 kB
MemFree:          382916 kB
MemAvailable:    1450276 kB
Buffers:           86108 kB
Cached:          1088992 kB
MemTotal:        1844596 kB
MemFree:          382916 kB
MemAvailable:    1450276 kB
Buffers:           86108 kB
Cached:          1088992 kB
MemTotal:        1844596 kB
MemFree:          382800 kB
MemAvailable:    1450160 kB
Buffers:           86108 kB
Cached:          1088992 kB
MemTotal:        1844596 kB
MemFree:          383056 kB
MemAvailable:    1450416 kB
Buffers:           86108 kB
Cached:          1088992 kB
MemTotal:        1844596 kB
MemFree:          377524 kB
MemAvailable:    1444884 kB
Buffers:           86108 kB
Cached:          1088992 kB
MemTotal:        1844596 kB
MemFree:          377152 kB
MemAvailable:    1444512 kB
Buffers:           86108 kB
Cached:          1088992 kB
MemTotal:        1844596 kB
MemFree:          376896 kB
MemAvailable:    1444256 kB
Buffers:           86108 kB
Cached:          1088992 kB
MemTotal:        1844596 kB
MemFree:          377880 kB
MemAvailable:    1445240 kB
Buffers:           86108 kB
Cached:          1088992 kB
MemTotal:        1844596 kB
MemFree:          377880 kB
MemAvailable:    1445240 kB
Buffers:           86108 kB
Cached:          1088992 kB
MemTotal:        1844596 kB
MemFree:          377776 kB
MemAvailable:    1445136 kB
Buffers:           86108 kB
Cached:          1088992 kB
MemTotal:        1844596 kB
MemFree:          377512 kB
MemAvailable:    1444872 kB
Buffers:           86108 kB
Cached:          1088992 kB
MemTotal:        1844596 kB
MemFree:          376284 kB
MemAvailable:    1443644 kB
Buffers:           86108 kB
Cached:          1088992 kB
MemTotal:        1844596 kB
MemFree:          375772 kB
MemAvailable:    1443132 kB
Buffers:           86108 kB
Cached:          1088992 kB
MemTotal:        1844596 kB
MemFree:          375736 kB
MemAvailable:    1443096 kB
Buffers:           86108 kB
Cached:          1088992 kB
MemTotal:        1844596 kB
MemFree:          374788 kB
MemAvailable:    1442148 kB
Buffers:           86108 kB
Cached:          1088992 kB
MemTotal:        1844596 kB
MemFree:          373680 kB
MemAvailable:    1441040 kB
Buffers:           86108 kB
Cached:          1088992 kB
MemTotal:        1844596 kB
MemFree:          374460 kB
MemAvailable:    1441820 kB
Buffers:           86108 kB
Cached:          1088992 kB
MemTotal:        1844596 kB
MemFree:          373556 kB
MemAvailable:    1440916 kB
Buffers:           86108 kB
Cached:          1088992 kB
MemTotal:        1844596 kB
MemFree:          374160 kB
MemAvailable:    1441520 kB
Buffers:           86108 kB
Cached:          1088992 kB
MemTotal:        1844596 kB
MemFree:          374496 kB
MemAvailable:    1441856 kB
Buffers:           86108 kB
Cached:          1088992 kB
MemTotal:        1844596 kB
MemFree:          373912 kB
MemAvailable:    1441272 kB
Buffers:           86108 kB
Cached:          1088992 kB
MemTotal:        1844596 kB
MemFree:          374052 kB
MemAvailable:    1441412 kB
Buffers:           86108 kB
Cached:          1088992 kB
MemTotal:        1844596 kB
MemFree:          373924 kB
MemAvailable:    1441284 kB
Buffers:           86108 kB
Cached:          1088992 kB
MemTotal:        1844596 kB
MemFree:          372748 kB
MemAvailable:    1440108 kB
Buffers:           86108 kB
Cached:          1088992 kB
MemTotal:        1844596 kB
MemFree:          372624 kB
MemAvailable:    1439984 kB
Buffers:           86108 kB
Cached:          1088992 kB
MemTotal:        1844596 kB
MemFree:          373668 kB
MemAvailable:    1441028 kB
Buffers:           86108 kB
Cached:          1088992 kB
MemTotal:        1844596 kB
MemFree:          372680 kB
MemAvailable:    1440040 kB
Buffers:           86108 kB
Cached:          1088992 kB
MemTotal:        1844596 kB
MemFree:          373616 kB
MemAvailable:    1440984 kB
Buffers:           86108 kB
Cached:          1089000 kB
MemTotal:        1844596 kB
MemFree:          372556 kB
MemAvailable:    1439924 kB
Buffers:           86108 kB
Cached:          1089000 kB
MemTotal:        1844596 kB
MemFree:          372376 kB
MemAvailable:    1439744 kB
Buffers:           86108 kB
Cached:          1089000 kB
MemTotal:        1844596 kB
MemFree:          372296 kB
MemAvailable:    1439664 kB
Buffers:           86108 kB
Cached:          1089000 kB
MemTotal:        1844596 kB
MemFree:          372164 kB
MemAvailable:    1439532 kB
Buffers:           86108 kB
Cached:          1089000 kB
MemTotal:        1844596 kB
MemFree:          373224 kB
MemAvailable:    1440592 kB
Buffers:           86108 kB
Cached:          1089000 kB
MemTotal:        1844596 kB
MemFree:          373560 kB
MemAvailable:    1440928 kB
Buffers:           86108 kB
Cached:          1089000 kB
MemTotal:        1844596 kB
MemFree:          372108 kB
MemAvailable:    1439476 kB
Buffers:           86108 kB
Cached:          1089000 kB
MemTotal:        1844596 kB
MemFree:          373392 kB
MemAvailable:    1440760 kB
Buffers:           86108 kB
Cached:          1089000 kB
MemTotal:        1844596 kB
MemFree:          373392 kB
MemAvailable:    1440760 kB
Buffers:           86108 kB
Cached:          1089000 kB
MemTotal:        1844596 kB
MemFree:          372184 kB
MemAvailable:    1439552 kB
Buffers:           86108 kB
Cached:          1089000 kB
MemTotal:        1844596 kB
MemFree:          373684 kB
MemAvailable:    1441052 kB
Buffers:           86108 kB
Cached:          1089000 kB
MemTotal:        1844596 kB
MemFree:          373580 kB
MemAvailable:    1440948 kB
Buffers:           86108 kB
Cached:          1089000 kB
MemTotal:        1844596 kB
MemFree:          373460 kB
MemAvailable:    1440828 kB
Buffers:           86108 kB
Cached:          1089000 kB
MemTotal:        1844596 kB
MemFree:          372200 kB
MemAvailable:    1439568 kB
Buffers:           86108 kB
Cached:          1089000 kB
MemTotal:        1844596 kB
MemFree:          373516 kB
MemAvailable:    1440884 kB
Buffers:           86108 kB
Cached:          1089000 kB
MemTotal:        1844596 kB
MemFree:          373492 kB
MemAvailable:    1440860 kB
Buffers:           86108 kB
Cached:          1089000 kB
MemTotal:        1844596 kB
MemFree:          372944 kB
MemAvailable:    1440312 kB
Buffers:           86108 kB
Cached:          1089000 kB
MemTotal:        1844596 kB
MemFree:          373412 kB
MemAvailable:    1440780 kB
Buffers:           86108 kB
Cached:          1089000 kB
MemTotal:        1844596 kB
MemFree:          373664 kB
MemAvailable:    1441032 kB
Buffers:           86108 kB
Cached:          1089000 kB
MemTotal:        1844596 kB
MemFree:          372180 kB
MemAvailable:    1439548 kB
Buffers:           86108 kB
Cached:          1089000 kB
MemTotal:        1844596 kB
MemFree:          372304 kB
MemAvailable:    1439672 kB
Buffers:           86108 kB
Cached:          1089000 kB
MemTotal:        1844596 kB
MemFree:          373412 kB
MemAvailable:    1440780 kB
Buffers:           86108 kB
Cached:          1089000 kB
MemTotal:        1844596 kB
MemFree:          372432 kB
MemAvailable:    1439800 kB
Buffers:           86108 kB
Cached:          1089000 kB
MemTotal:        1844596 kB
MemFree:          372432 kB
MemAvailable:    1439800 kB
Buffers:           86108 kB
Cached:          1089000 kB
MemTotal:        1844596 kB
MemFree:          371276 kB
MemAvailable:    1438644 kB
Buffers:           86108 kB
Cached:          1089000 kB
MemTotal:        1844596 kB
MemFree:          372324 kB
MemAvailable:    1439692 kB
Buffers:           86108 kB
Cached:          1089000 kB
MemTotal:        1844596 kB
MemFree:          372564 kB
MemAvailable:    1439932 kB
Buffers:           86108 kB
Cached:          1089000 kB
MemTotal:        1844596 kB
MemFree:          372500 kB
MemAvailable:    1439868 kB
Buffers:           86108 kB
Cached:          1089000 kB
MemTotal:        1844596 kB
MemFree:          372348 kB
MemAvailable:    1439716 kB
Buffers:           86108 kB
Cached:          1089000 kB
MemTotal:        1844596 kB
MemFree:          371176 kB
MemAvailable:    1438544 kB
Buffers:           86108 kB
Cached:          1089000 kB
MemTotal:        1844596 kB
MemFree:          372400 kB
MemAvailable:    1439768 kB
Buffers:           86108 kB
Cached:          1089000 kB
MemTotal:        1844596 kB
MemFree:          372268 kB
MemAvailable:    1439636 kB
Buffers:           86108 kB
Cached:          1089000 kB
MemTotal:        1844596 kB
MemFree:          372508 kB
MemAvailable:    1439876 kB
Buffers:           86108 kB
Cached:          1089000 kB
MemTotal:        1844596 kB
MemFree:          372184 kB
MemAvailable:    1439552 kB
Buffers:           86108 kB
Cached:          1089000 kB
MemTotal:        1844596 kB
MemFree:          372268 kB
MemAvailable:    1439636 kB
Buffers:           86108 kB
Cached:          1089000 kB
MemTotal:        1844596 kB
MemFree:          372252 kB
MemAvailable:    1439620 kB
Buffers:           86108 kB
Cached:          1089000 kB
MemTotal:        1844596 kB
MemFree:          370884 kB
MemAvailable:    1438252 kB
Buffers:           86108 kB
Cached:          1089000 kB
MemTotal:        1844596 kB
MemFree:          371004 kB
MemAvailable:    1438372 kB
Buffers:           86108 kB
Cached:          1089000 kB
MemTotal:        1844596 kB
MemFree:          371084 kB
MemAvailable:    1438452 kB
Buffers:           86108 kB
Cached:          1089000 kB
MemTotal:        1844596 kB
MemFree:          371704 kB
MemAvailable:    1439072 kB
Buffers:           86108 kB
Cached:          1089000 kB
MemTotal:        1844596 kB
MemFree:          372624 kB
MemAvailable:    1439992 kB
Buffers:           86108 kB
Cached:          1089000 kB
MemTotal:        1844596 kB
MemFree:          372500 kB
MemAvailable:    1439868 kB
Buffers:           86108 kB
Cached:          1089000 kB
MemTotal:        1844596 kB
MemFree:          371440 kB
MemAvailable:    1438808 kB
Buffers:           86108 kB
Cached:          1089000 kB
MemTotal:        1844596 kB
MemFree:          371192 kB
MemAvailable:    1438560 kB
Buffers:           86108 kB
Cached:          1089000 kB
MemTotal:        1844596 kB
MemFree:          371020 kB
MemAvailable:    1438388 kB
Buffers:           86108 kB
Cached:          1089000 kB
MemTotal:        1844596 kB
MemFree:          372616 kB
MemAvailable:    1439984 kB
Buffers:           86108 kB
Cached:          1089000 kB
MemTotal:        1844596 kB
MemFree:          371776 kB
MemAvailable:    1439144 kB
Buffers:           86108 kB
Cached:          1089000 kB
MemTotal:        1844596 kB
MemFree:          372632 kB
MemAvailable:    1440000 kB
Buffers:           86108 kB
Cached:          1089000 kB
MemTotal:        1844596 kB
MemFree:          371456 kB
MemAvailable:    1438824 kB
Buffers:           86108 kB
Cached:          1089000 kB
MemTotal:        1844596 kB
MemFree:          372456 kB
MemAvailable:    1439824 kB
Buffers:           86108 kB
Cached:          1089000 kB
MemTotal:        1844596 kB
MemFree:          372184 kB
MemAvailable:    1439552 kB
Buffers:           86108 kB
Cached:          1089000 kB
MemTotal:        1844596 kB
MemFree:          372268 kB
MemAvailable:    1439636 kB
Buffers:           86108 kB
Cached:          1089000 kB
MemTotal:        1844596 kB
MemFree:          372168 kB
MemAvailable:    1439536 kB
Buffers:           86108 kB
Cached:          1089000 kB
MemTotal:        1844596 kB
MemFree:          372424 kB
MemAvailable:    1439792 kB
Buffers:           86108 kB
Cached:          1089000 kB
MemTotal:        1844596 kB
MemFree:          371260 kB
MemAvailable:    1438628 kB
Buffers:           86108 kB
Cached:          1089000 kB
MemTotal:        1844596 kB
MemFree:          372376 kB
MemAvailable:    1439744 kB
Buffers:           86108 kB
Cached:          1089000 kB
MemTotal:        1844596 kB
MemFree:          371136 kB
MemAvailable:    1438504 kB
Buffers:           86108 kB
Cached:          1089000 kB
MemTotal:        1844596 kB
MemFree:          371136 kB
MemAvailable:    1438504 kB
Buffers:           86108 kB
Cached:          1089000 kB
MemTotal:        1844596 kB
MemFree:          371128 kB
MemAvailable:    1438496 kB
Buffers:           86108 kB
Cached:          1089000 kB
MemTotal:        1844596 kB
MemFree:          371172 kB
MemAvailable:    1438540 kB
Buffers:           86108 kB
Cached:          1089000 kB
MemTotal:        1844596 kB
MemFree:          371704 kB
MemAvailable:    1439072 kB
Buffers:           86108 kB
Cached:          1089000 kB
MemTotal:        1844596 kB
MemFree:          372624 kB
MemAvailable:    1439992 kB
Buffers:           86108 kB
Cached:          1089000 kB
MemTotal:        1844596 kB
MemFree:          372500 kB
MemAvailable:    1439868 kB
Buffers:           86108 kB
Cached:          1089000 kB
MemTotal:        1844596 kB
MemFree:          371152 kB
MemAvailable:    1438520 kB
Buffers:           86108 kB
Cached:          1089000 kB
MemTotal:        1844596 kB
MemFree:          371152 kB
MemAvailable:    1438520 kB
Buffers:           86108 kB
Cached:          1089000 kB
MemTotal:        1844596 kB
MemFree:          372136 kB
MemAvailable:    1439504 kB
Buffers:           86108 kB
Cached:          1089000 kB
MemTotal:        1844596 kB
MemFree:          371188 kB
MemAvailable:    1438556 kB
Buffers:           86108 kB
Cached:          1089000 kB
MemTotal:        1844596 kB
MemFree:          371312 kB
MemAvailable:    1438680 kB
Buffers:           86108 kB
Cached:          1089000 kB
MemTotal:        1844596 kB
MemFree:          371188 kB
MemAvailable:    1438556 kB
Buffers:           86108 kB
Cached:          1089000 kB
MemTotal:        1844596 kB
MemFree:          372360 kB
MemAvailable:    1439728 kB
Buffers:           86108 kB
Cached:          1089000 kB
MemTotal:        1844596 kB
MemFree:          371704 kB
MemAvailable:    1439072 kB
Buffers:           86108 kB
Cached:          1089000 kB
MemTotal:        1844596 kB
MemFree:          372264 kB
MemAvailable:    1439632 kB
Buffers:           86108 kB
Cached:          1089000 kB
MemTotal:        1844596 kB
MemFree:          372516 kB
MemAvailable:    1439884 kB
Buffers:           86108 kB
Cached:          1089000 kB
MemTotal:        1844596 kB
MemFree:          371076 kB
MemAvailable:    1438444 kB
Buffers:           86108 kB
Cached:          1089000 kB
MemTotal:        1844596 kB
MemFree:          372400 kB
MemAvailable:    1439768 kB
Buffers:           86108 kB
Cached:          1089000 kB
MemTotal:        1844596 kB
MemFree:          371580 kB
MemAvailable:    1438948 kB
Buffers:           86108 kB
Cached:          1089000 kB
MemTotal:        1844596 kB
MemFree:          372624 kB
MemAvailable:    1439992 kB
Buffers:           86108 kB
Cached:          1089000 kB
MemTotal:        1844596 kB
MemFree:          371200 kB
MemAvailable:    1438568 kB
Buffers:           86108 kB
Cached:          1089000 kB
MemTotal:        1844596 kB
MemFree:          372432 kB
MemAvailable:    1439800 kB
Buffers:           86108 kB
Cached:          1089000 kB
MemTotal:        1844596 kB
MemFree:          372044 kB
MemAvailable:    1439412 kB
Buffers:           86108 kB
Cached:          1089000 kB
MemTotal:        1844596 kB
MemFree:          372380 kB
MemAvailable:    1439748 kB
Buffers:           86108 kB
Cached:          1089000 kB
MemTotal:        1844596 kB
MemFree:          371060 kB
MemAvailable:    1438428 kB
Buffers:           86108 kB
Cached:          1089000 kB
MemTotal:        1844596 kB
MemFree:          371704 kB
MemAvailable:    1439072 kB
Buffers:           86108 kB
Cached:          1089000 kB
MemTotal:        1844596 kB
MemFree:          372632 kB
MemAvailable:    1440000 kB
Buffers:           86108 kB
Cached:          1089000 kB
MemTotal:        1844596 kB
MemFree:          371580 kB
MemAvailable:    1438948 kB
Buffers:           86108 kB
Cached:          1089000 kB
MemTotal:        1844596 kB
MemFree:          372048 kB
MemAvailable:    1439416 kB
Buffers:           86108 kB
Cached:          1089000 kB
MemTotal:        1844596 kB
MemFree:          372216 kB
MemAvailable:    1439584 kB
Buffers:           86108 kB
Cached:          1089000 kB
MemTotal:        1844596 kB
MemFree:          372236 kB
MemAvailable:    1439604 kB
Buffers:           86108 kB
Cached:          1089000 kB
MemTotal:        1844596 kB
MemFree:          372572 kB
MemAvailable:    1439940 kB
Buffers:           86108 kB
Cached:          1089000 kB
MemTotal:        1844596 kB
MemFree:          372236 kB
MemAvailable:    1439616 kB
Buffers:           86108 kB
Cached:          1089012 kB
MemTotal:        1844596 kB
MemFree:          371960 kB
MemAvailable:    1439340 kB
Buffers:           86108 kB
Cached:          1089012 kB
MemTotal:        1844596 kB
MemFree:          372136 kB
MemAvailable:    1439516 kB
Buffers:           86108 kB
Cached:          1089012 kB
MemTotal:        1844596 kB
MemFree:          372388 kB
MemAvailable:    1439768 kB
Buffers:           86108 kB
Cached:          1089012 kB
MemTotal:        1844596 kB
MemFree:          371320 kB
MemAvailable:    1438700 kB
Buffers:           86108 kB
Cached:          1089012 kB
MemTotal:        1844596 kB
MemFree:          372492 kB
MemAvailable:    1439872 kB
Buffers:           86108 kB
Cached:          1089012 kB
MemTotal:        1844596 kB
MemFree:          370932 kB
MemAvailable:    1438312 kB
Buffers:           86108 kB
Cached:          1089012 kB
MemTotal:        1844596 kB
MemFree:          371064 kB
MemAvailable:    1438444 kB
Buffers:           86108 kB
Cached:          1089012 kB
MemTotal:        1844596 kB
MemFree:          372324 kB
MemAvailable:    1439704 kB
Buffers:           86108 kB
Cached:          1089012 kB
MemTotal:        1844596 kB
MemFree:          372360 kB
MemAvailable:    1439740 kB
Buffers:           86108 kB
Cached:          1089012 kB
MemTotal:        1844596 kB
MemFree:          371704 kB
MemAvailable:    1439084 kB
Buffers:           86108 kB
Cached:          1089012 kB
MemTotal:        1844596 kB
MemFree:          372364 kB
MemAvailable:    1439744 kB
Buffers:           86108 kB
Cached:          1089012 kB
MemTotal:        1844596 kB
MemFree:          371084 kB
MemAvailable:    1438464 kB
Buffers:           86108 kB
Cached:          1089012 kB
MemTotal:        1844596 kB
MemFree:          371704 kB
MemAvailable:    1439084 kB
Buffers:           86108 kB
Cached:          1089012 kB
MemTotal:        1844596 kB
MemFree:          372944 kB
MemAvailable:    1440324 kB
Buffers:           86108 kB
Cached:          1089012 kB
MemTotal:        1844596 kB
MemFree:          371456 kB
MemAvailable:    1438836 kB
Buffers:           86108 kB
Cached:          1089012 kB
MemTotal:        1844596 kB
MemFree:          371324 kB
MemAvailable:    1438704 kB
Buffers:           86108 kB
Cached:          1089012 kB
MemTotal:        1844596 kB
MemFree:          371324 kB
MemAvailable:    1438704 kB
Buffers:           86108 kB
Cached:          1089012 kB
MemTotal:        1844596 kB
MemFree:          372752 kB
MemAvailable:    1440132 kB
Buffers:           86108 kB
Cached:          1089012 kB
MemTotal:        1844596 kB
MemFree:          372268 kB
MemAvailable:    1439648 kB
Buffers:           86108 kB
Cached:          1089012 kB
MemTotal:        1844596 kB
MemFree:          372388 kB
MemAvailable:    1439768 kB
Buffers:           86108 kB
Cached:          1089012 kB
MemTotal:        1844596 kB
MemFree:          371704 kB
MemAvailable:    1439084 kB
Buffers:           86108 kB
Cached:          1089012 kB
MemTotal:        1844596 kB
MemFree:          372432 kB
MemAvailable:    1439812 kB
Buffers:           86108 kB
Cached:          1089012 kB
MemTotal:        1844596 kB
MemFree:          372432 kB
MemAvailable:    1439812 kB
Buffers:           86108 kB
Cached:          1089012 kB
MemTotal:        1844596 kB
MemFree:          371192 kB
MemAvailable:    1438572 kB
Buffers:           86108 kB
Cached:          1089012 kB
MemTotal:        1844596 kB
MemFree:          371068 kB
MemAvailable:    1438448 kB
Buffers:           86108 kB
Cached:          1089012 kB
MemTotal:        1844596 kB
MemFree:          372452 kB
MemAvailable:    1439832 kB
Buffers:           86108 kB
Cached:          1089012 kB
MemTotal:        1844596 kB
MemFree:          371188 kB
MemAvailable:    1438568 kB
Buffers:           86108 kB
Cached:          1089012 kB
MemTotal:        1844596 kB
MemFree:          371056 kB
MemAvailable:    1438436 kB
Buffers:           86108 kB
Cached:          1089012 kB
MemTotal:        1844596 kB
MemFree:          371140 kB
MemAvailable:    1438520 kB
Buffers:           86108 kB
Cached:          1089012 kB
MemTotal:        1844596 kB
MemFree:          371008 kB
MemAvailable:    1438388 kB
Buffers:           86108 kB
Cached:          1089012 kB
MemTotal:        1844596 kB
MemFree:          371984 kB
MemAvailable:    1439364 kB
Buffers:           86108 kB
Cached:          1089012 kB
MemTotal:        1844596 kB
MemFree:          371332 kB
MemAvailable:    1438712 kB
Buffers:           86108 kB
Cached:          1089012 kB
MemTotal:        1844596 kB
MemFree:          371640 kB
MemAvailable:    1439020 kB
Buffers:           86108 kB
Cached:          1089012 kB
MemTotal:        1844596 kB
MemFree:          371032 kB
MemAvailable:    1438412 kB
Buffers:           86108 kB
Cached:          1089012 kB
MemTotal:        1844596 kB
MemFree:          370564 kB
MemAvailable:    1437944 kB
Buffers:           86108 kB
Cached:          1089012 kB
MemTotal:        1844596 kB
MemFree:          371756 kB
MemAvailable:    1439136 kB
Buffers:           86108 kB
Cached:          1089012 kB
MemTotal:        1844596 kB
MemFree:          372012 kB
MemAvailable:    1439392 kB
Buffers:           86108 kB
Cached:          1089012 kB
MemTotal:        1844596 kB
MemFree:          372040 kB
MemAvailable:    1439420 kB
Buffers:           86108 kB
Cached:          1089012 kB
MemTotal:        1844596 kB
MemFree:          371332 kB
MemAvailable:    1438712 kB
Buffers:           86108 kB
Cached:          1089012 kB
MemTotal:        1844596 kB
MemFree:          371800 kB
MemAvailable:    1439180 kB
Buffers:           86108 kB
Cached:          1089012 kB
MemTotal:        1844596 kB
MemFree:          372052 kB
MemAvailable:    1439432 kB
Buffers:           86108 kB
Cached:          1089012 kB
MemTotal:        1844596 kB
MemFree:          370712 kB
MemAvailable:    1438092 kB
Buffers:           86108 kB
Cached:          1089012 kB
MemTotal:        1844596 kB
MemFree:          371208 kB
MemAvailable:    1438588 kB
Buffers:           86108 kB
Cached:          1089012 kB
MemTotal:        1844596 kB
MemFree:          372200 kB
MemAvailable:    1439580 kB
Buffers:           86108 kB
Cached:          1089012 kB
MemTotal:        1844596 kB
MemFree:          370952 kB
MemAvailable:    1438332 kB
Buffers:           86108 kB
Cached:          1089012 kB
MemTotal:        1844596 kB
MemFree:          372128 kB
MemAvailable:    1439508 kB
Buffers:           86108 kB
Cached:          1089012 kB
MemTotal:        1844596 kB
MemFree:          370696 kB
MemAvailable:    1438076 kB
Buffers:           86108 kB
Cached:          1089012 kB
MemTotal:        1844596 kB
MemFree:          372012 kB
MemAvailable:    1439392 kB
Buffers:           86108 kB
Cached:          1089012 kB
MemTotal:        1844596 kB
MemFree:          371992 kB
MemAvailable:    1439372 kB
Buffers:           86108 kB
Cached:          1089012 kB
MemTotal:        1844596 kB
MemFree:          371084 kB
MemAvailable:    1438464 kB
Buffers:           86108 kB
Cached:          1089012 kB
MemTotal:        1844596 kB
MemFree:          371676 kB
MemAvailable:    1439056 kB
Buffers:           86108 kB
Cached:          1089012 kB
MemTotal:        1844596 kB
MemFree:          372012 kB
MemAvailable:    1439392 kB
Buffers:           86108 kB
Cached:          1089012 kB
MemTotal:        1844596 kB
MemFree:          370712 kB
MemAvailable:    1438092 kB
Buffers:           86108 kB
Cached:          1089012 kB
MemTotal:        1844596 kB
MemFree:          370540 kB
MemAvailable:    1437920 kB
Buffers:           86108 kB
Cached:          1089012 kB
MemTotal:        1844596 kB
MemFree:          371864 kB
MemAvailable:    1439244 kB
Buffers:           86108 kB
Cached:          1089012 kB
MemTotal:        1844596 kB
MemFree:          371864 kB
MemAvailable:    1439244 kB
Buffers:           86108 kB
Cached:          1089012 kB
MemTotal:        1844596 kB
MemFree:          371640 kB
MemAvailable:    1439020 kB
Buffers:           86108 kB
Cached:          1089012 kB
MemTotal:        1844596 kB
MemFree:          371976 kB
MemAvailable:    1439356 kB
Buffers:           86108 kB
Cached:          1089012 kB
MemTotal:        1844596 kB
MemFree:          371952 kB
MemAvailable:    1439332 kB
Buffers:           86108 kB
Cached:          1089012 kB
MemTotal:        1844596 kB
MemFree:          371332 kB
MemAvailable:    1438712 kB
Buffers:           86108 kB
Cached:          1089012 kB
MemTotal:        1844596 kB
MemFree:          372324 kB
MemAvailable:    1439708 kB
Buffers:           86108 kB
Cached:          1089016 kB
MemTotal:        1844596 kB
MemFree:          371084 kB
MemAvailable:    1438468 kB
Buffers:           86108 kB
Cached:          1089016 kB
MemTotal:        1844596 kB
MemFree:          370828 kB
MemAvailable:    1438212 kB
Buffers:           86108 kB
Cached:          1089016 kB
MemTotal:        1844596 kB
MemFree:          372192 kB
MemAvailable:    1439576 kB
Buffers:           86108 kB
Cached:          1089016 kB
MemTotal:        1844596 kB
MemFree:          371084 kB
MemAvailable:    1438468 kB
Buffers:           86108 kB
Cached:          1089016 kB
MemTotal:        1844596 kB
MemFree:          372200 kB
MemAvailable:    1439584 kB
Buffers:           86108 kB
Cached:          1089016 kB
MemTotal:        1844596 kB
MemFree:          370960 kB
MemAvailable:    1438344 kB
Buffers:           86108 kB
Cached:          1089016 kB
MemTotal:        1844596 kB
MemFree:          372136 kB
MemAvailable:    1439520 kB
Buffers:           86108 kB
Cached:          1089016 kB
MemTotal:        1844596 kB
MemFree:          371084 kB
MemAvailable:    1438468 kB
Buffers:           86108 kB
Cached:          1089016 kB
MemTotal:        1844596 kB
MemFree:          371816 kB
MemAvailable:    1439200 kB
Buffers:           86108 kB
Cached:          1089016 kB
MemTotal:        1844596 kB
MemFree:          370324 kB
MemAvailable:    1437708 kB
Buffers:           86108 kB
Cached:          1089016 kB
MemTotal:        1844596 kB
MemFree:          371932 kB
MemAvailable:    1439316 kB
Buffers:           86108 kB
Cached:          1089016 kB
MemTotal:        1844596 kB
MemFree:          371888 kB
MemAvailable:    1439272 kB
Buffers:           86108 kB
Cached:          1089016 kB
MemTotal:        1844596 kB
MemFree:          371952 kB
MemAvailable:    1439336 kB
Buffers:           86108 kB
Cached:          1089016 kB
MemTotal:        1844596 kB
MemFree:          371640 kB
MemAvailable:    1439024 kB
Buffers:           86108 kB
Cached:          1089016 kB
MemTotal:        1844596 kB
MemFree:          371084 kB
MemAvailable:    1438468 kB
Buffers:           86108 kB
Cached:          1089016 kB
MemTotal:        1844596 kB
MemFree:          371912 kB
MemAvailable:    1439300 kB
Buffers:           86108 kB
Cached:          1089020 kB
MemTotal:        1844596 kB
MemFree:          370580 kB
MemAvailable:    1437968 kB
Buffers:           86108 kB
Cached:          1089020 kB
MemTotal:        1844596 kB
MemFree:          370664 kB
MemAvailable:    1438052 kB
Buffers:           86108 kB
Cached:          1089020 kB
MemTotal:        1844596 kB
MemFree:          371944 kB
MemAvailable:    1439332 kB
Buffers:           86108 kB
Cached:          1089020 kB
MemTotal:        1844596 kB
MemFree:          371836 kB
MemAvailable:    1439224 kB
Buffers:           86108 kB
Cached:          1089020 kB
MemTotal:        1844596 kB
MemFree:          371640 kB
MemAvailable:    1439028 kB
Buffers:           86108 kB
Cached:          1089020 kB
MemTotal:        1844596 kB
MemFree:          371208 kB
MemAvailable:    1438596 kB
Buffers:           86108 kB
Cached:          1089020 kB
MemTotal:        1844596 kB
MemFree:          371732 kB
MemAvailable:    1439120 kB
Buffers:           86108 kB
Cached:          1089020 kB
MemTotal:        1844596 kB
MemFree:          371828 kB
MemAvailable:    1439216 kB
Buffers:           86108 kB
Cached:          1089020 kB
MemTotal:        1844596 kB
MemFree:          371868 kB
MemAvailable:    1439256 kB
Buffers:           86108 kB
Cached:          1089020 kB
MemTotal:        1844596 kB
MemFree:          370712 kB
MemAvailable:    1438100 kB
Buffers:           86108 kB
Cached:          1089020 kB
MemTotal:        1844596 kB
MemFree:          372140 kB
MemAvailable:    1439528 kB
Buffers:           86108 kB
Cached:          1089020 kB
MemTotal:        1844596 kB
MemFree:          371652 kB
MemAvailable:    1439040 kB
Buffers:           86108 kB
Cached:          1089020 kB
MemTotal:        1844596 kB
MemFree:          371812 kB
MemAvailable:    1439200 kB
Buffers:           86108 kB
Cached:          1089020 kB
MemTotal:        1844596 kB
MemFree:          371820 kB
MemAvailable:    1439208 kB
Buffers:           86108 kB
Cached:          1089020 kB
MemTotal:        1844596 kB
MemFree:          372072 kB
MemAvailable:    1439460 kB
Buffers:           86108 kB
Cached:          1089020 kB
MemTotal:        1844596 kB
MemFree:          370580 kB
MemAvailable:    1437968 kB
Buffers:           86108 kB
Cached:          1089020 kB
MemTotal:        1844596 kB
MemFree:          370664 kB
MemAvailable:    1438052 kB
Buffers:           86108 kB
Cached:          1089020 kB
MemTotal:        1844596 kB
MemFree:          371876 kB
MemAvailable:    1439264 kB
Buffers:           86108 kB
Cached:          1089020 kB
MemTotal:        1844596 kB
MemFree:          371332 kB
MemAvailable:    1438720 kB
Buffers:           86108 kB
Cached:          1089020 kB
MemTotal:        1844596 kB
MemFree:          371676 kB
MemAvailable:    1439064 kB
Buffers:           86108 kB
Cached:          1089020 kB
MemTotal:        1844596 kB
MemFree:          372012 kB
MemAvailable:    1439400 kB
Buffers:           86108 kB
Cached:          1089020 kB
MemTotal:        1844596 kB
MemFree:          371688 kB
MemAvailable:    1439076 kB
Buffers:           86108 kB
Cached:          1089020 kB
MemTotal:        1844596 kB
MemFree:          372024 kB
MemAvailable:    1439412 kB
Buffers:           86108 kB
Cached:          1089020 kB
MemTotal:        1844596 kB
MemFree:          370700 kB
MemAvailable:    1438088 kB
Buffers:           86108 kB
Cached:          1089020 kB
MemTotal:        1844596 kB
MemFree:          372000 kB
MemAvailable:    1439388 kB
Buffers:           86108 kB
Cached:          1089020 kB
MemTotal:        1844596 kB
MemFree:          371200 kB
MemAvailable:    1438588 kB
Buffers:           86108 kB
Cached:          1089020 kB
MemTotal:        1844596 kB
MemFree:          371648 kB
MemAvailable:    1439036 kB
Buffers:           86108 kB
Cached:          1089020 kB
MemTotal:        1844596 kB
MemFree:          371984 kB
MemAvailable:    1439372 kB
Buffers:           86108 kB
Cached:          1089020 kB
MemTotal:        1844596 kB
MemFree:          370708 kB
MemAvailable:    1438096 kB
Buffers:           86108 kB
Cached:          1089020 kB
MemTotal:        1844596 kB
MemFree:          371776 kB
MemAvailable:    1439164 kB
Buffers:           86108 kB
Cached:          1089020 kB
MemTotal:        1844596 kB
MemFree:          371776 kB
MemAvailable:    1439164 kB
Buffers:           86108 kB
Cached:          1089020 kB
MemTotal:        1844596 kB
MemFree:          370540 kB
MemAvailable:    1437928 kB
Buffers:           86108 kB
Cached:          1089020 kB
MemTotal:        1844596 kB
MemFree:          371812 kB
MemAvailable:    1439200 kB
Buffers:           86108 kB
Cached:          1089020 kB
MemTotal:        1844596 kB
MemFree:          371828 kB
MemAvailable:    1439216 kB
Buffers:           86108 kB
Cached:          1089020 kB
MemTotal:        1844596 kB
MemFree:          372000 kB
MemAvailable:    1439388 kB
Buffers:           86108 kB
Cached:          1089020 kB
MemTotal:        1844596 kB
MemFree:          371912 kB
MemAvailable:    1439300 kB
Buffers:           86108 kB
Cached:          1089020 kB
MemTotal:        1844596 kB
MemFree:          371208 kB
MemAvailable:    1438596 kB
Buffers:           86108 kB
Cached:          1089020 kB
MemTotal:        1844596 kB
MemFree:          371696 kB
MemAvailable:    1439092 kB
Buffers:           86108 kB
Cached:          1089028 kB
MemTotal:        1844596 kB
MemFree:          371952 kB
MemAvailable:    1439348 kB
Buffers:           86108 kB
Cached:          1089028 kB
MemTotal:        1844596 kB
MemFree:          370540 kB
MemAvailable:    1437936 kB
Buffers:           86108 kB
Cached:          1089028 kB
MemTotal:        1844596 kB
MemFree:          372024 kB
MemAvailable:    1439420 kB
Buffers:           86108 kB
Cached:          1089028 kB
MemTotal:        1844596 kB
MemFree:          371824 kB
MemAvailable:    1439220 kB
Buffers:           86108 kB
Cached:          1089028 kB
MemTotal:        1844596 kB
MemFree:          370776 kB
MemAvailable:    1438172 kB
Buffers:           86108 kB
Cached:          1089028 kB
MemTotal:        1844596 kB
MemFree:          370556 kB
MemAvailable:    1437952 kB
Buffers:           86108 kB
Cached:          1089028 kB
MemTotal:        1844596 kB
MemFree:          371828 kB
MemAvailable:    1439224 kB
Buffers:           86108 kB
Cached:          1089028 kB
MemTotal:        1844596 kB
MemFree:          370712 kB
MemAvailable:    1438108 kB
Buffers:           86108 kB
Cached:          1089028 kB
MemTotal:        1844596 kB
MemFree:          371828 kB
MemAvailable:    1439224 kB
Buffers:           86108 kB
Cached:          1089028 kB
MemTotal:        1844596 kB
MemFree:          371688 kB
MemAvailable:    1439084 kB
Buffers:           86108 kB
Cached:          1089028 kB
MemTotal:        1844596 kB
MemFree:          370588 kB
MemAvailable:    1437984 kB
Buffers:           86108 kB
Cached:          1089028 kB
MemTotal:        1844596 kB
MemFree:          371084 kB
MemAvailable:    1438480 kB
Buffers:           86108 kB
Cached:          1089028 kB
MemTotal:        1844596 kB
MemFree:          371972 kB
MemAvailable:    1439368 kB
Buffers:           86108 kB
Cached:          1089028 kB
MemTotal:        1844596 kB
MemFree:          371896 kB
MemAvailable:    1439292 kB
Buffers:           86108 kB
Cached:          1089028 kB
MemTotal:        1844596 kB
MemFree:          370580 kB
MemAvailable:    1437976 kB
Buffers:           86108 kB
Cached:          1089028 kB
MemTotal:        1844596 kB
MemFree:          371812 kB
MemAvailable:    1439208 kB
Buffers:           86108 kB
Cached:          1089028 kB
MemTotal:        1844596 kB
MemFree:          371704 kB
MemAvailable:    1439100 kB
Buffers:           86108 kB
Cached:          1089028 kB
MemTotal:        1844596 kB
MemFree:          372000 kB
MemAvailable:    1439396 kB
Buffers:           86108 kB
Cached:          1089028 kB
MemTotal:        1844596 kB
MemFree:          371820 kB
MemAvailable:    1439216 kB
Buffers:           86108 kB
Cached:          1089028 kB
MemTotal:        1844596 kB
MemFree:          371948 kB
MemAvailable:    1439344 kB
Buffers:           86108 kB
Cached:          1089028 kB
MemTotal:        1844596 kB
MemFree:          371688 kB
MemAvailable:    1439084 kB
Buffers:           86108 kB
Cached:          1089028 kB
MemTotal:        1844596 kB
MemFree:          371828 kB
MemAvailable:    1439224 kB
Buffers:           86108 kB
Cached:          1089028 kB
MemTotal:        1844596 kB
MemFree:          372000 kB
MemAvailable:    1439396 kB
Buffers:           86108 kB
Cached:          1089028 kB
MemTotal:        1844596 kB
MemFree:          371892 kB
MemAvailable:    1439288 kB
Buffers:           86108 kB
Cached:          1089028 kB
MemTotal:        1844596 kB
MemFree:          371324 kB
MemAvailable:    1438720 kB
Buffers:           86108 kB
Cached:          1089028 kB
MemTotal:        1844596 kB
MemFree:          370588 kB
MemAvailable:    1437984 kB
Buffers:           86108 kB
Cached:          1089028 kB
MemTotal:        1844596 kB
MemFree:          371888 kB
MemAvailable:    1439284 kB
Buffers:           86108 kB
Cached:          1089028 kB
MemTotal:        1844596 kB
MemFree:          371772 kB
MemAvailable:    1439168 kB
Buffers:           86108 kB
Cached:          1089028 kB
MemTotal:        1844596 kB
MemFree:          371580 kB
MemAvailable:    1438976 kB
Buffers:           86108 kB
Cached:          1089028 kB
MemTotal:        1844596 kB
MemFree:          371868 kB
MemAvailable:    1439264 kB
Buffers:           86108 kB
Cached:          1089028 kB
MemTotal:        1844596 kB
MemFree:          371856 kB
MemAvailable:    1439252 kB
Buffers:           86108 kB
Cached:          1089028 kB
MemTotal:        1844596 kB
MemFree:          372028 kB
MemAvailable:    1439424 kB
Buffers:           86108 kB
Cached:          1089028 kB
MemTotal:        1844596 kB
MemFree:          371824 kB
MemAvailable:    1439220 kB
Buffers:           86108 kB
Cached:          1089028 kB
MemTotal:        1844596 kB
MemFree:          370652 kB
MemAvailable:    1438048 kB
Buffers:           86108 kB
Cached:          1089028 kB
MemTotal:        1844596 kB
MemFree:          371944 kB
MemAvailable:    1439344 kB
Buffers:           86108 kB
Cached:          1089032 kB
MemTotal:        1844596 kB
MemFree:          370540 kB
MemAvailable:    1437940 kB
Buffers:           86108 kB
Cached:          1089032 kB
MemTotal:        1844596 kB
MemFree:          370540 kB
MemAvailable:    1437940 kB
Buffers:           86108 kB
Cached:          1089032 kB
MemTotal:        1844596 kB
MemFree:          370652 kB
MemAvailable:    1438052 kB
Buffers:           86108 kB
Cached:          1089032 kB
MemTotal:        1844596 kB
MemFree:          371892 kB
MemAvailable:    1439292 kB
Buffers:           86108 kB
Cached:          1089032 kB
MemTotal:        1844596 kB
MemFree:          371688 kB
MemAvailable:    1439088 kB
Buffers:           86108 kB
Cached:          1089032 kB
MemTotal:        1844596 kB
MemFree:          372024 kB
MemAvailable:    1439424 kB
Buffers:           86108 kB
Cached:          1089032 kB
MemTotal:        1844596 kB
MemFree:          370700 kB
MemAvailable:    1438100 kB
Buffers:           86108 kB
Cached:          1089032 kB
MemTotal:        1844596 kB
MemFree:          370700 kB
MemAvailable:    1438100 kB
Buffers:           86108 kB
Cached:          1089032 kB
MemTotal:        1844596 kB
MemFree:          371932 kB
MemAvailable:    1439332 kB
Buffers:           86108 kB
Cached:          1089032 kB
MemTotal:        1844596 kB
MemFree:          371820 kB
MemAvailable:    1439220 kB
Buffers:           86108 kB
Cached:          1089032 kB
MemTotal:        1844596 kB
MemFree:          370688 kB
MemAvailable:    1438088 kB
Buffers:           86108 kB
Cached:          1089032 kB
MemTotal:        1844596 kB
MemFree:          370680 kB
MemAvailable:    1438080 kB
Buffers:           86108 kB
Cached:          1089032 kB
MemTotal:        1844596 kB
MemFree:          371808 kB
MemAvailable:    1439208 kB
Buffers:           86108 kB
Cached:          1089032 kB
MemTotal:        1844596 kB
MemFree:          371936 kB
MemAvailable:    1439336 kB
Buffers:           86108 kB
Cached:          1089032 kB
MemTotal:        1844596 kB
MemFree:          370672 kB
MemAvailable:    1438072 kB
Buffers:           86108 kB
Cached:          1089032 kB
MemTotal:        1844596 kB
MemFree:          371656 kB
MemAvailable:    1439056 kB
Buffers:           86108 kB
Cached:          1089032 kB
MemTotal:        1844596 kB
MemFree:          370712 kB
MemAvailable:    1438112 kB
Buffers:           86108 kB
Cached:          1089032 kB
MemTotal:        1844596 kB
MemFree:          370664 kB
MemAvailable:    1438064 kB
Buffers:           86108 kB
Cached:          1089032 kB
MemTotal:        1844596 kB
MemFree:          371812 kB
MemAvailable:    1439212 kB
Buffers:           86108 kB
Cached:          1089032 kB
MemTotal:        1844596 kB
MemFree:          372024 kB
MemAvailable:    1439424 kB
Buffers:           86108 kB
Cached:          1089032 kB
MemTotal:        1844596 kB
MemFree:          371868 kB
MemAvailable:    1439268 kB
Buffers:           86108 kB
Cached:          1089032 kB
MemTotal:        1844596 kB
MemFree:          371828 kB
MemAvailable:    1439228 kB
Buffers:           86108 kB
Cached:          1089032 kB
MemTotal:        1844596 kB
MemFree:          371688 kB
MemAvailable:    1439088 kB
Buffers:           86108 kB
Cached:          1089032 kB
MemTotal:        1844596 kB
MemFree:          371940 kB
MemAvailable:    1439340 kB
Buffers:           86108 kB
Cached:          1089032 kB
MemTotal:        1844596 kB
MemFree:          371868 kB
MemAvailable:    1439268 kB
Buffers:           86108 kB
Cached:          1089032 kB
MemTotal:        1844596 kB
MemFree:          370652 kB
MemAvailable:    1438052 kB
Buffers:           86108 kB
Cached:          1089032 kB
MemTotal:        1844596 kB
MemFree:          371888 kB
MemAvailable:    1439288 kB
Buffers:           86108 kB
Cached:          1089032 kB
MemTotal:        1844596 kB
MemFree:          371880 kB
MemAvailable:    1439280 kB
Buffers:           86108 kB
Cached:          1089032 kB
MemTotal:        1844596 kB
MemFree:          371860 kB
MemAvailable:    1439260 kB
Buffers:           86108 kB
Cached:          1089032 kB
MemTotal:        1844596 kB
MemFree:          371732 kB
MemAvailable:    1439132 kB
Buffers:           86108 kB
Cached:          1089032 kB
MemTotal:        1844596 kB
MemFree:          371816 kB
MemAvailable:    1439216 kB
Buffers:           86108 kB
Cached:          1089032 kB
MemTotal:        1844596 kB
MemFree:          371824 kB
MemAvailable:    1439224 kB
Buffers:           86108 kB
Cached:          1089032 kB
MemTotal:        1844596 kB
MemFree:          371756 kB
MemAvailable:    1439156 kB
Buffers:           86108 kB
Cached:          1089032 kB
MemTotal:        1844596 kB
MemFree:          371692 kB
MemAvailable:    1439092 kB
Buffers:           86108 kB
Cached:          1089032 kB
MemTotal:        1844596 kB
MemFree:          371696 kB
MemAvailable:    1439096 kB
Buffers:           86108 kB
Cached:          1089032 kB
MemTotal:        1844596 kB
MemFree:          372036 kB
MemAvailable:    1439436 kB
Buffers:           86108 kB
Cached:          1089032 kB
MemTotal:        1844596 kB
MemFree:          372012 kB
MemAvailable:    1439412 kB
Buffers:           86108 kB
Cached:          1089032 kB
MemTotal:        1844596 kB
MemFree:          372092 kB
MemAvailable:    1439492 kB
Buffers:           86108 kB
Cached:          1089032 kB
MemTotal:        1844596 kB
MemFree:          372092 kB
MemAvailable:    1439492 kB
Buffers:           86108 kB
Cached:          1089032 kB
MemTotal:        1844596 kB
MemFree:          371696 kB
MemAvailable:    1439096 kB
Buffers:           86108 kB
Cached:          1089032 kB
MemTotal:        1844596 kB
MemFree:          372036 kB
MemAvailable:    1439436 kB
Buffers:           86108 kB
Cached:          1089032 kB
MemTotal:        1844596 kB
MemFree:          372012 kB
MemAvailable:    1439412 kB
Buffers:           86108 kB
Cached:          1089032 kB
MemTotal:        1844596 kB
MemFree:          371988 kB
MemAvailable:    1439388 kB
Buffers:           86108 kB
Cached:          1089032 kB
MemTotal:        1844596 kB
MemFree:          371208 kB
MemAvailable:    1438608 kB
Buffers:           86108 kB
Cached:          1089032 kB
MemTotal:        1844596 kB
MemFree:          371648 kB
MemAvailable:    1439048 kB
Buffers:           86108 kB
Cached:          1089032 kB
MemTotal:        1844596 kB
MemFree:          371984 kB
MemAvailable:    1439384 kB
Buffers:           86108 kB
Cached:          1089032 kB
MemTotal:        1844596 kB
MemFree:          371828 kB
MemAvailable:    1439228 kB
Buffers:           86108 kB
Cached:          1089032 kB
MemTotal:        1844596 kB
MemFree:          371764 kB
MemAvailable:    1439164 kB
Buffers:           86108 kB
Cached:          1089032 kB
MemTotal:        1844596 kB
MemFree:          371696 kB
MemAvailable:    1439096 kB
Buffers:           86108 kB
Cached:          1089032 kB
MemTotal:        1844596 kB
MemFree:          372036 kB
MemAvailable:    1439436 kB
Buffers:           86108 kB
Cached:          1089032 kB
MemTotal:        1844596 kB
MemFree:          371840 kB
MemAvailable:    1439240 kB
Buffers:           86108 kB
Cached:          1089032 kB
MemTotal:        1844596 kB
MemFree:          371812 kB
MemAvailable:    1439212 kB
Buffers:           86108 kB
Cached:          1089032 kB
MemTotal:        1844596 kB
MemFree:          371828 kB
MemAvailable:    1439228 kB
Buffers:           86108 kB
Cached:          1089032 kB
MemTotal:        1844596 kB
MemFree:          370780 kB
MemAvailable:    1438180 kB
Buffers:           86108 kB
Cached:          1089032 kB
MemTotal:        1844596 kB
MemFree:          370904 kB
MemAvailable:    1438304 kB
Buffers:           86108 kB
Cached:          1089032 kB
MemTotal:        1844596 kB
MemFree:          370780 kB
MemAvailable:    1438180 kB
Buffers:           86108 kB
Cached:          1089032 kB
MemTotal:        1844596 kB
MemFree:          370904 kB
MemAvailable:    1438304 kB
Buffers:           86108 kB
Cached:          1089032 kB
MemTotal:        1844596 kB
MemFree:          370780 kB
MemAvailable:    1438180 kB
Buffers:           86108 kB
Cached:          1089032 kB
MemTotal:        1844596 kB
MemFree:          371800 kB
MemAvailable:    1439200 kB
Buffers:           86108 kB
Cached:          1089032 kB
MemTotal:        1844596 kB
MemFree:          371704 kB
MemAvailable:    1439104 kB
Buffers:           86108 kB
Cached:          1089032 kB
MemTotal:        1844596 kB
MemFree:          371868 kB
MemAvailable:    1439268 kB
Buffers:           86108 kB
Cached:          1089032 kB
MemTotal:        1844596 kB
MemFree:          370588 kB
MemAvailable:    1437988 kB
Buffers:           86108 kB
Cached:          1089032 kB
MemTotal:        1844596 kB
MemFree:          371688 kB
MemAvailable:    1439088 kB
Buffers:           86108 kB
Cached:          1089032 kB
MemTotal:        1844596 kB
