MemTotal:        1844596 kB
MemFree:         1372056 kB
MemAvailable:    1589224 kB
Buffers:           46584 kB
Cached:           294624 kB
MemTotal:        1844596 kB
MemFree:         1370784 kB
MemAvailable:    1587952 kB
Buffers:           46584 kB
Cached:           294624 kB
MemTotal:        1844596 kB
MemFree:         1368604 kB
MemAvailable:    1585772 kB
Buffers:           46584 kB
Cached:           294624 kB
MemTotal:        1844596 kB
MemFree:         1369596 kB
MemAvailable:    1586764 kB
Buffers:           46584 kB
Cached:           294624 kB
MemTotal:        1844596 kB
MemFree:         1367272 kB
MemAvailable:    1584440 kB
Buffers:           46584 kB
Cached:           294624 kB
MemTotal:        1844596 kB
MemFree:         1366204 kB
MemAvailable:    1583372 kB
Buffers:           46584 kB
Cached:           294624 kB
MemTotal:        1844596 kB
MemFree:         1365704 kB
MemAvailable:    1582872 kB
Buffers:           46584 kB
Cached:           294624 kB
MemTotal:        1844596 kB
MemFree:         1365704 kB
MemAvailable:    1582872 kB
Buffers:           46584 kB
Cached:           294624 kB
MemTotal:        1844596 kB
MemFree:         1361652 kB
MemAvailable:    1578820 kB
Buffers:           46584 kB
Cached:           294624 kB
MemTotal:        1844596 kB
MemFree:         1361616 kB
MemAvailable:    1578784 kB
Buffers:           46584 kB
Cached:           294624 kB
MemTotal:        1844596 kB
MemFree:         1357372 kB
MemAvailable:    1574540 kB
Buffers:           46584 kB
Cached:           294624 kB
MemTotal:        1844596 kB
MemFree:         1354972 kB
MemAvailable:    1572140 kB
Buffers:           46584 kB
Cached:           294624 kB
MemTotal:        1844596 kB
MemFree:         1358264 kB
MemAvailable:    1575436 kB
Buffers:           46584 kB
Cached:           294628 kB
MemTotal:        1844596 kB
MemFree:         1358516 kB
MemAvailable:    1575688 kB
Buffers:           46584 kB
Cached:           294628 kB
MemTotal:        1844596 kB
MemFree:         1357156 kB
MemAvailable:    1574328 kB
Buffers:           46584 kB
Cached:           294628 kB
MemTotal:        1844596 kB
MemFree:         1357032 kB
MemAvailable:    1574204 kB
Buffers:           46584 kB
Cached:           294628 kB
MemTotal:        1844596 kB
MemFree:         1358272 kB
MemAvailable:    1575444 kB
Buffers:           46584 kB
Cached:           294628 kB
MemTotal:        1844596 kB
MemFree:         1358332 kB
MemAvailable:    1575504 kB
Buffers:           46584 kB
Cached:           294628 kB
MemTotal:        1844596 kB
MemFree:         1358368 kB
MemAvailable:    1575540 kB
Buffers:           46584 kB
Cached:           294628 kB
MemTotal:        1844596 kB
MemFree:         1357204 kB
MemAvailable:    1574376 kB
Buffers:           46584 kB
Cached:           294628 kB
MemTotal:        1844596 kB
MemFree:         1357948 kB
MemAvailable:    1575120 kB
Buffers:           46584 kB
Cached:           294628 kB
MemTotal:        1844596 kB
MemFree:         1356708 kB
MemAvailable:    1573880 kB
Buffers:           46584 kB
Cached:           294628 kB
MemTotal:        1844596 kB
MemFree:         1356584 kB
MemAvailable:    1573756 kB
Buffers:           46584 kB
Cached:           294628 kB
MemTotal:        1844596 kB
MemFree:         1355344 kB
MemAvailable:    1572516 kB
Buffers:           46584 kB
Cached:           294628 kB
MemTotal:        1844596 kB
MemFree:         1355096 kB
MemAvailable:    1572268 kB
Buffers:           46584 kB
Cached:           294628 kB
MemTotal:        1844596 kB
MemFree:         1356212 kB
MemAvailable:    1573384 kB
Buffers:           46584 kB
Cached:           294628 kB
MemTotal:        1844596 kB
MemFree:         1356140 kB
MemAvailable:    1573312 kB
Buffers:           46584 kB
Cached:           294628 kB
MemTotal:        1844596 kB
MemFree:         1355968 kB
MemAvailable:    1573140 kB
Buffers:           46584 kB
Cached:           294628 kB
MemTotal:        1844596 kB
MemFree:         1354972 kB
MemAvailable:    1572144 kB
Buffers:           46584 kB
Cached:           294628 kB
MemTotal:        1844596 kB
MemFree:         1355784 kB
MemAvailable:    1572956 kB
Buffers:           46584 kB
Cached:           294628 kB
MemTotal:        1844596 kB
MemFree:         1354668 kB
MemAvailable:    1571840 kB
Buffers:           46584 kB
Cached:           294628 kB
MemTotal:        1844596 kB
MemFree:         1354704 kB
MemAvailable:    1571876 kB
Buffers:           46584 kB
Cached:           294628 kB
MemTotal:        1844596 kB
MemFree:         1355888 kB
MemAvailable:    1573060 kB
Buffers:           46584 kB
Cached:           294628 kB
MemTotal:        1844596 kB
MemFree:         1355888 kB
MemAvailable:    1573060 kB
Buffers:           46584 kB
Cached:           294628 kB
MemTotal:        1844596 kB
MemFree:         1355968 kB
MemAvailable:    1573140 kB
Buffers:           46584 kB
Cached:           294628 kB
MemTotal:        1844596 kB
MemFree:         1354784 kB
MemAvailable:    1571956 kB
Buffers:           46584 kB
Cached:           294628 kB
MemTotal:        1844596 kB
MemFree:         1351872 kB
MemAvailable:    1569044 kB
Buffers:           46584 kB
Cached:           294628 kB
MemTotal:        1844596 kB
MemFree:         1351584 kB
MemAvailable:    1568756 kB
Buffers:           46584 kB
Cached:           294628 kB
MemTotal:        1844596 kB
MemFree:         1350004 kB
MemAvailable:    1567176 kB
Buffers:           46584 kB
Cached:           294628 kB
MemTotal:        1844596 kB
MemFree:         1350376 kB
MemAvailable:    1567548 kB
Buffers:           46584 kB
Cached:           294628 kB
MemTotal:        1844596 kB
MemFree:         1350928 kB
MemAvailable:    1568100 kB
Buffers:           46584 kB
Cached:           294628 kB
MemTotal:        1844596 kB
MemFree:         1351180 kB
MemAvailable:    1568352 kB
Buffers:           46584 kB
Cached:           294628 kB
MemTotal:        1844596 kB
MemFree:         1351072 kB
MemAvailable:    1568244 kB
Buffers:           46584 kB
Cached:           294628 kB
MemTotal:        1844596 kB
MemFree:         1350860 kB
MemAvailable:    1568032 kB
Buffers:           46584 kB
Cached:           294628 kB
MemTotal:        1844596 kB
MemFree:         1350920 kB
MemAvailable:    1568092 kB
Buffers:           46584 kB
Cached:           294628 kB
MemTotal:        1844596 kB
MemFree:         1349480 kB
MemAvailable:    1566652 kB
Buffers:           46584 kB
Cached:           294628 kB
MemTotal:        1844596 kB
MemFree:         1349632 kB
MemAvailable:    1566804 kB
Buffers:           46584 kB
Cached:           294628 kB
MemTotal:        1844596 kB
MemFree:         1350508 kB
MemAvailable:    1567684 kB
Buffers:           46584 kB
Cached:           294632 kB
MemTotal:        1844596 kB
MemFree:         1349268 kB
MemAvailable:    1566444 kB
Buffers:           46584 kB
Cached:           294632 kB
MemTotal:        1844596 kB
MemFree:         1350196 kB
MemAvailable:    1567372 kB
Buffers:           46584 kB
Cached:           294632 kB
MemTotal:        1844596 kB
MemFree:         1348888 kB
MemAvailable:    1566064 kB
Buffers:           46584 kB
Cached:           294632 kB
MemTotal:        1844596 kB
MemFree:         1349144 kB
MemAvailable:    1566320 kB
Buffers:           46584 kB
Cached:           294632 kB
MemTotal:        1844596 kB
MemFree:         1350344 kB
MemAvailable:    1567520 kB
Buffers:           46584 kB
Cached:           294632 kB
MemTotal:        1844596 kB
MemFree:         1350192 kB
MemAvailable:    1567368 kB
Buffers:           46584 kB
Cached:           294632 kB
MemTotal:        1844596 kB
MemFree:         1348392 kB
MemAvailable:    1565568 kB
Buffers:           46584 kB
Cached:           294632 kB
MemTotal:        1844596 kB
MemFree:         1348648 kB
MemAvailable:    1565824 kB
Buffers:           46584 kB
Cached:           294632 kB
MemTotal:        1844596 kB
MemFree:         1349576 kB
MemAvailable:    1566752 kB
Buffers:           46584 kB
Cached:           294632 kB
MemTotal:        1844596 kB
MemFree:         1348144 kB
MemAvailable:    1565320 kB
Buffers:           46584 kB
Cached:           294632 kB
MemTotal:        1844596 kB
MemFree:         1349468 kB
MemAvailable:    1566644 kB
Buffers:           46584 kB
Cached:           294632 kB
MemTotal:        1844596 kB
MemFree:         1348096 kB
MemAvailable:    1565272 kB
Buffers:           46584 kB
Cached:           294632 kB
MemTotal:        1844596 kB
MemFree:         1349396 kB
MemAvailable:    1566572 kB
Buffers:           46584 kB
Cached:           294632 kB
MemTotal:        1844596 kB
MemFree:         1348132 kB
MemAvailable:    1565308 kB
Buffers:           46584 kB
Cached:           294632 kB
MemTotal:        1844596 kB
MemFree:         1348256 kB
MemAvailable:    1565432 kB
Buffers:           46584 kB
Cached:           294632 kB
MemTotal:        1844596 kB
MemFree:         1348380 kB
MemAvailable:    1565556 kB
Buffers:           46584 kB
Cached:           294632 kB
MemTotal:        1844596 kB
MemFree:         1348496 kB
MemAvailable:    1565672 kB
Buffers:           46584 kB
Cached:           294632 kB
MemTotal:        1844596 kB
MemFree:         1349556 kB
MemAvailable:    1566732 kB
Buffers:           46584 kB
Cached:           294632 kB
MemTotal:        1844596 kB
MemFree:         1348392 kB
MemAvailable:    1565568 kB
Buffers:           46584 kB
Cached:           294632 kB
MemTotal:        1844596 kB
MemFree:         1345236 kB
MemAvailable:    1562412 kB
Buffers:           46584 kB
Cached:           294632 kB
MemTotal:        1844596 kB
MemFree:         1342696 kB
MemAvailable:    1559872 kB
Buffers:           46584 kB
Cached:           294632 kB
MemTotal:        1844596 kB
MemFree:         1342448 kB
MemAvailable:    1559624 kB
Buffers:           46584 kB
Cached:           294632 kB
MemTotal:        1844596 kB
MemFree:         1343500 kB
MemAvailable:    1560676 kB
Buffers:           46584 kB
Cached:           294632 kB
MemTotal:        1844596 kB
MemFree:         1341828 kB
MemAvailable:    1559004 kB
Buffers:           46584 kB
Cached:           294632 kB
MemTotal:        1844596 kB
MemFree:         1342420 kB
MemAvailable:    1559596 kB
Buffers:           46584 kB
Cached:           294632 kB
MemTotal:        1844596 kB
MemFree:         1342504 kB
MemAvailable:    1559680 kB
Buffers:           46584 kB
Cached:           294632 kB
MemTotal:        1844596 kB
MemFree:         1341180 kB
MemAvailable:    1558356 kB
Buffers:           46584 kB
Cached:           294632 kB
MemTotal:        1844596 kB
MemFree:         1341304 kB
MemAvailable:    1558480 kB
Buffers:           46584 kB
Cached:           294632 kB
MemTotal:        1844596 kB
MemFree:         1342296 kB
MemAvailable:    1559472 kB
Buffers:           46584 kB
Cached:           294632 kB
MemTotal:        1844596 kB
MemFree:         1342208 kB
MemAvailable:    1559384 kB
Buffers:           46584 kB
Cached:           294632 kB
MemTotal:        1844596 kB
MemFree:         1341704 kB
MemAvailable:    1558880 kB
Buffers:           46584 kB
Cached:           294632 kB
MemTotal:        1844596 kB
MemFree:         1341432 kB
MemAvailable:    1558608 kB
Buffers:           46584 kB
Cached:           294632 kB
MemTotal:        1844596 kB
MemFree:         1341432 kB
MemAvailable:    1558608 kB
Buffers:           46584 kB
Cached:           294632 kB
MemTotal:        1844596 kB
MemFree:         1340952 kB
MemAvailable:    1558128 kB
Buffers:           46584 kB
Cached:           294632 kB
MemTotal:        1844596 kB
MemFree:         1340720 kB
MemAvailable:    1557896 kB
Buffers:           46584 kB
Cached:           294632 kB
MemTotal:        1844596 kB
MemFree:         1340076 kB
MemAvailable:    1557252 kB
Buffers:           46584 kB
Cached:           294632 kB
MemTotal:        1844596 kB
MemFree:         1339968 kB
MemAvailable:    1557144 kB
Buffers:           46584 kB
Cached:           294632 kB
MemTotal:        1844596 kB
MemFree:         1339788 kB
MemAvailable:    1556964 kB
Buffers:           46584 kB
Cached:           294632 kB
MemTotal:        1844596 kB
MemFree:         1339716 kB
MemAvailable:    1556892 kB
Buffers:           46584 kB
Cached:           294632 kB
MemTotal:        1844596 kB
MemFree:         1338664 kB
MemAvailable:    1555840 kB
Buffers:           46584 kB
Cached:           294632 kB
MemTotal:        1844596 kB
MemFree:         1338656 kB
MemAvailable:    1555832 kB
Buffers:           46584 kB
Cached:           294632 kB
MemTotal:        1844596 kB
MemFree:         1339676 kB
MemAvailable:    1556852 kB
Buffers:           46584 kB
Cached:           294632 kB
MemTotal:        1844596 kB
MemFree:         1339676 kB
MemAvailable:    1556852 kB
Buffers:           46584 kB
Cached:           294632 kB
MemTotal:        1844596 kB
MemFree:         1338392 kB
MemAvailable:    1555568 kB
Buffers:           46584 kB
Cached:           294632 kB
MemTotal:        1844596 kB
MemFree:         1338516 kB
MemAvailable:    1555692 kB
Buffers:           46584 kB
Cached:           294632 kB
MemTotal:        1844596 kB
MemFree:         1338524 kB
MemAvailable:    1555700 kB
Buffers:           46584 kB
Cached:           294632 kB
MemTotal:        1844596 kB
MemFree:         1339540 kB
MemAvailable:    1556716 kB
Buffers:           46584 kB
Cached:           294632 kB
MemTotal:        1844596 kB
MemFree:         1339796 kB
MemAvailable:    1556972 kB
Buffers:           46584 kB
Cached:           294632 kB
MemTotal:        1844596 kB
MemFree:         1339400 kB
MemAvailable:    1556576 kB
Buffers:           46584 kB
Cached:           294632 kB
MemTotal:        1844596 kB
MemFree:         1339736 kB
MemAvailable:    1556912 kB
Buffers:           46584 kB
Cached:           294632 kB
MemTotal:        1844596 kB
MemFree:         1339468 kB
MemAvailable:    1556644 kB
Buffers:           46584 kB
Cached:           294632 kB
MemTotal:        1844596 kB
MemFree:         1338100 kB
MemAvailable:    1555276 kB
Buffers:           46584 kB
Cached:           294632 kB
MemTotal:        1844596 kB
MemFree:         1338876 kB
MemAvailable:    1556052 kB
Buffers:           46584 kB
Cached:           294632 kB
MemTotal:        1844596 kB
MemFree:         1337332 kB
MemAvailable:    1554508 kB
Buffers:           46584 kB
Cached:           294632 kB
MemTotal:        1844596 kB
MemFree:         1338448 kB
MemAvailable:    1555624 kB
Buffers:           46584 kB
Cached:           294632 kB
MemTotal:        1844596 kB
MemFree:         1338308 kB
MemAvailable:    1555484 kB
Buffers:           46584 kB
Cached:           294632 kB
MemTotal:        1844596 kB
MemFree:         1338552 kB
MemAvailable:    1555728 kB
Buffers:           46584 kB
Cached:           294632 kB
MemTotal:        1844596 kB
MemFree:         1337108 kB
MemAvailable:    1554284 kB
Buffers:           46584 kB
Cached:           294632 kB
MemTotal:        1844596 kB
MemFree:         1338044 kB
MemAvailable:    1555220 kB
Buffers:           46584 kB
Cached:           294632 kB
MemTotal:        1844596 kB
MemFree:         1337300 kB
MemAvailable:    1554476 kB
Buffers:           46584 kB
Cached:           294632 kB
MemTotal:        1844596 kB
MemFree:         1335992 kB
MemAvailable:    1553168 kB
Buffers:           46584 kB
Cached:           294632 kB
MemTotal:        1844596 kB
MemFree:         1337168 kB
MemAvailable:    1554344 kB
Buffers:           46584 kB
Cached:           294632 kB
MemTotal:        1844596 kB
MemFree:         1337176 kB
MemAvailable:    1554352 kB
Buffers:           46584 kB
Cached:           294632 kB
MemTotal:        1844596 kB
MemFree:         1337228 kB
MemAvailable:    1554404 kB
Buffers:           46584 kB
Cached:           294632 kB
MemTotal:        1844596 kB
MemFree:         1336844 kB
MemAvailable:    1554020 kB
Buffers:           46584 kB
Cached:           294632 kB
MemTotal:        1844596 kB
MemFree:         1335564 kB
MemAvailable:    1552740 kB
Buffers:           46584 kB
Cached:           294632 kB
MemTotal:        1844596 kB
MemFree:         1335752 kB
MemAvailable:    1552928 kB
Buffers:           46584 kB
Cached:           294632 kB
MemTotal:        1844596 kB
MemFree:         1336860 kB
MemAvailable:    1554036 kB
Buffers:           46584 kB
Cached:           294632 kB
MemTotal:        1844596 kB
MemFree:         1336944 kB
MemAvailable:    1554120 kB
Buffers:           46584 kB
Cached:           294632 kB
MemTotal:        1844596 kB
MemFree:         1336496 kB
MemAvailable:    1553672 kB
Buffers:           46584 kB
Cached:           294632 kB
MemTotal:        1844596 kB
MemFree:         1335316 kB
MemAvailable:    1552492 kB
Buffers:           46584 kB
Cached:           294632 kB
MemTotal:        1844596 kB
MemFree:         1331272 kB
MemAvailable:    1548448 kB
Buffers:           46584 kB
Cached:           294632 kB
MemTotal:        1844596 kB
MemFree:         1331272 kB
MemAvailable:    1548448 kB
Buffers:           46584 kB
Cached:           294632 kB
MemTotal:        1844596 kB
MemFree:         1327800 kB
MemAvailable:    1544976 kB
Buffers:           46584 kB
Cached:           294632 kB
MemTotal:        1844596 kB
MemFree:         1327568 kB
MemAvailable:    1544744 kB
Buffers:           46584 kB
Cached:           294632 kB
MemTotal:        1844596 kB
MemFree:         1326180 kB
MemAvailable:    1543356 kB
Buffers:           46584 kB
Cached:           294632 kB
MemTotal:        1844596 kB
MemFree:         1326180 kB
MemAvailable:    1543356 kB
Buffers:           46584 kB
Cached:           294632 kB
MemTotal:        1844596 kB
MemFree:         1327048 kB
MemAvailable:    1544224 kB
Buffers:           46584 kB
Cached:           294632 kB
MemTotal:        1844596 kB
MemFree:         1327300 kB
MemAvailable:    1544476 kB
Buffers:           46584 kB
Cached:           294632 kB
MemTotal:        1844596 kB
MemFree:         1326800 kB
MemAvailable:    1543976 kB
Buffers:           46584 kB
Cached:           294632 kB
MemTotal:        1844596 kB
MemFree:         1327056 kB
MemAvailable:    1544232 kB
Buffers:           46584 kB
Cached:           294632 kB
MemTotal:        1844596 kB
MemFree:         1326140 kB
MemAvailable:    1543316 kB
Buffers:           46584 kB
Cached:           294632 kB
MemTotal:        1844596 kB
MemFree:         1324584 kB
MemAvailable:    1541760 kB
Buffers:           46584 kB
Cached:           294632 kB
MemTotal:        1844596 kB
MemFree:         1324184 kB
MemAvailable:    1541360 kB
Buffers:           46584 kB
Cached:           294632 kB
MemTotal:        1844596 kB
MemFree:         1325188 kB
MemAvailable:    1542376 kB
Buffers:           46584 kB
Cached:           294644 kB
MemTotal:        1844596 kB
MemFree:         1325440 kB
MemAvailable:    1542628 kB
Buffers:           46584 kB
Cached:           294644 kB
MemTotal:        1844596 kB
MemFree:         1323908 kB
MemAvailable:    1541096 kB
Buffers:           46584 kB
Cached:           294644 kB
MemTotal:        1844596 kB
MemFree:         1325156 kB
MemAvailable:    1542344 kB
Buffers:           46584 kB
Cached:           294644 kB
MemTotal:        1844596 kB
MemFree:         1324468 kB
MemAvailable:    1541656 kB
Buffers:           46584 kB
Cached:           294644 kB
MemTotal:        1844596 kB
MemFree:         1325408 kB
MemAvailable:    1542596 kB
Buffers:           46584 kB
Cached:           294644 kB
MemTotal:        1844596 kB
MemFree:         1325148 kB
MemAvailable:    1542336 kB
Buffers:           46584 kB
Cached:           294644 kB
MemTotal:        1844596 kB
MemFree:         1324048 kB
MemAvailable:    1541236 kB
Buffers:           46584 kB
Cached:           294644 kB
MemTotal:        1844596 kB
MemFree:         1324096 kB
MemAvailable:    1541284 kB
Buffers:           46584 kB
Cached:           294644 kB
MemTotal:        1844596 kB
MemFree:         1325132 kB
MemAvailable:    1542320 kB
Buffers:           46584 kB
Cached:           294644 kB
MemTotal:        1844596 kB
MemFree:         1325164 kB
MemAvailable:    1542352 kB
Buffers:           46584 kB
Cached:           294644 kB
MemTotal:        1844596 kB
MemFree:         1324044 kB
MemAvailable:    1541232 kB
Buffers:           46584 kB
Cached:           294644 kB
MemTotal:        1844596 kB
MemFree:         1325196 kB
MemAvailable:    1542384 kB
Buffers:           46584 kB
Cached:           294644 kB
MemTotal:        1844596 kB
MemFree:         1325028 kB
MemAvailable:    1542216 kB
Buffers:           46584 kB
Cached:           294644 kB
MemTotal:        1844596 kB
MemFree:         1325280 kB
MemAvailable:    1542468 kB
Buffers:           46584 kB
Cached:           294644 kB
MemTotal:        1844596 kB
MemFree:         1325144 kB
MemAvailable:    1542332 kB
Buffers:           46584 kB
Cached:           294644 kB
MemTotal:        1844596 kB
MemFree:         1325060 kB
MemAvailable:    1542248 kB
Buffers:           46584 kB
Cached:           294644 kB
MemTotal:        1844596 kB
MemFree:         1324644 kB
MemAvailable:    1541832 kB
Buffers:           46584 kB
Cached:           294644 kB
MemTotal:        1844596 kB
MemFree:         1320748 kB
MemAvailable:    1537936 kB
Buffers:           46584 kB
Cached:           294644 kB
MemTotal:        1844596 kB
MemFree:         1318632 kB
MemAvailable:    1535820 kB
Buffers:           46584 kB
Cached:           294644 kB
MemTotal:        1844596 kB
MemFree:         1315416 kB
MemAvailable:    1532604 kB
Buffers:           46584 kB
Cached:           294644 kB
MemTotal:        1844596 kB
MemFree:         1313652 kB
MemAvailable:    1530840 kB
Buffers:           46584 kB
Cached:           294644 kB
MemTotal:        1844596 kB
MemFree:         1312308 kB
MemAvailable:    1529496 kB
Buffers:           46584 kB
Cached:           294644 kB
MemTotal:        1844596 kB
MemFree:         1312900 kB
MemAvailable:    1530088 kB
Buffers:           46584 kB
Cached:           294644 kB
MemTotal:        1844596 kB
MemFree:         1313236 kB
MemAvailable:    1530424 kB
Buffers:           46584 kB
Cached:           294644 kB
MemTotal:        1844596 kB
MemFree:         1313020 kB
MemAvailable:    1530208 kB
Buffers:           46584 kB
Cached:           294644 kB
MemTotal:        1844596 kB
MemFree:         1312756 kB
MemAvailable:    1529944 kB
Buffers:           46584 kB
Cached:           294644 kB
MemTotal:        1844596 kB
MemFree:         1312880 kB
MemAvailable:    1530072 kB
Buffers:           46584 kB
Cached:           294648 kB
MemTotal:        1844596 kB
MemFree:         1313216 kB
MemAvailable:    1530408 kB
Buffers:           46584 kB
Cached:           294648 kB
MemTotal:        1844596 kB
MemFree:         1312920 kB
MemAvailable:    1530112 kB
Buffers:           46584 kB
Cached:           294648 kB
MemTotal:        1844596 kB
MemFree:         1313172 kB
MemAvailable:    1530364 kB
Buffers:           46584 kB
Cached:           294648 kB
MemTotal:        1844596 kB
MemFree:         1312740 kB
MemAvailable:    1529932 kB
Buffers:           46584 kB
Cached:           294648 kB
MemTotal:        1844596 kB
MemFree:         1313076 kB
MemAvailable:    1530268 kB
Buffers:           46584 kB
Cached:           294648 kB
MemTotal:        1844596 kB
MemFree:         1312608 kB
MemAvailable:    1529800 kB
Buffers:           46584 kB
Cached:           294648 kB
MemTotal:        1844596 kB
MemFree:         1312608 kB
MemAvailable:    1529800 kB
Buffers:           46584 kB
Cached:           294648 kB
MemTotal:        1844596 kB
MemFree:         1311260 kB
MemAvailable:    1528452 kB
Buffers:           46584 kB
Cached:           294648 kB
MemTotal:        1844596 kB
MemFree:         1311268 kB
MemAvailable:    1528460 kB
Buffers:           46584 kB
Cached:           294648 kB
MemTotal:        1844596 kB
MemFree:         1312568 kB
MemAvailable:    1529760 kB
Buffers:           46584 kB
Cached:           294648 kB
MemTotal:        1844596 kB
MemFree:         1312712 kB
MemAvailable:    1529904 kB
Buffers:           46584 kB
Cached:           294648 kB
MemTotal:        1844596 kB
MemFree:         1311936 kB
MemAvailable:    1529128 kB
Buffers:           46584 kB
Cached:           294648 kB
MemTotal:        1844596 kB
MemFree:         1312496 kB
MemAvailable:    1529688 kB
Buffers:           46584 kB
Cached:           294648 kB
MemTotal:        1844596 kB
MemFree:         1312496 kB
MemAvailable:    1529688 kB
Buffers:           46584 kB
Cached:           294648 kB
MemTotal:        1844596 kB
MemFree:         1312368 kB
MemAvailable:    1529560 kB
Buffers:           46584 kB
Cached:           294648 kB
MemTotal:        1844596 kB
MemFree:         1311244 kB
MemAvailable:    1528436 kB
Buffers:           46584 kB
Cached:           294648 kB
MemTotal:        1844596 kB
MemFree:         1311376 kB
MemAvailable:    1528568 kB
Buffers:           46584 kB
Cached:           294648 kB
MemTotal:        1844596 kB
MemFree:         1312540 kB
MemAvailable:    1529732 kB
Buffers:           46584 kB
Cached:           294648 kB
MemTotal:        1844596 kB
MemFree:         1312432 kB
MemAvailable:    1529624 kB
Buffers:           46584 kB
Cached:           294648 kB
MemTotal:        1844596 kB
MemFree:         1312432 kB
MemAvailable:    1529624 kB
Buffers:           46584 kB
Cached:           294648 kB
MemTotal:        1844596 kB
MemFree:         1312576 kB
MemAvailable:    1529768 kB
Buffers:           46584 kB
Cached:           294648 kB
MemTotal:        1844596 kB
MemFree:         1312676 kB
MemAvailable:    1529868 kB
Buffers:           46584 kB
Cached:           294648 kB
MemTotal:        1844596 kB
MemFree:         1312612 kB
MemAvailable:    1529804 kB
Buffers:           46584 kB
Cached:           294648 kB
MemTotal:        1844596 kB
MemFree:         1311436 kB
MemAvailable:    1528628 kB
Buffers:           46584 kB
Cached:           294648 kB
MemTotal:        1844596 kB
MemFree:         1312720 kB
MemAvailable:    1529912 kB
Buffers:           46584 kB
Cached:           294648 kB
MemTotal:        1844596 kB
MemFree:         1311944 kB
MemAvailable:    1529136 kB
Buffers:           46584 kB
Cached:           294648 kB
MemTotal:        1844596 kB
MemFree:         1312052 kB
MemAvailable:    1529244 kB
Buffers:           46584 kB
Cached:           294648 kB
MemTotal:        1844596 kB
MemFree:         1312140 kB
MemAvailable:    1529332 kB
Buffers:           46584 kB
Cached:           294648 kB
MemTotal:        1844596 kB
MemFree:         1306912 kB
MemAvailable:    1524104 kB
Buffers:           46584 kB
Cached:           294648 kB
MemTotal:        1844596 kB
MemFree:         1304132 kB
MemAvailable:    1521324 kB
Buffers:           46584 kB
Cached:           294648 kB
MemTotal:        1844596 kB
MemFree:         1302388 kB
MemAvailable:    1519580 kB
Buffers:           46584 kB
Cached:           294648 kB
MemTotal:        1844596 kB
MemFree:         1302644 kB
MemAvailable:    1519836 kB
Buffers:           46584 kB
Cached:           294648 kB
MemTotal:        1844596 kB
MemFree:         1301016 kB
MemAvailable:    1518208 kB
Buffers:           46584 kB
Cached:           294648 kB
MemTotal:        1844596 kB
MemFree:         1302248 kB
MemAvailable:    1519440 kB
Buffers:           46584 kB
Cached:           294648 kB
MemTotal:        1844596 kB
MemFree:         1302248 kB
MemAvailable:    1519440 kB
Buffers:           46584 kB
Cached:           294648 kB
MemTotal:        1844596 kB
MemFree:         1301952 kB
MemAvailable:    1519144 kB
Buffers:           46584 kB
Cached:           294648 kB
MemTotal:        1844596 kB
MemFree:         1302288 kB
MemAvailable:    1519480 kB
Buffers:           46584 kB
Cached:           294648 kB
MemTotal:        1844596 kB
MemFree:         1301988 kB
MemAvailable:    1519180 kB
Buffers:           46584 kB
Cached:           294648 kB
MemTotal:        1844596 kB
MemFree:         1302072 kB
MemAvailable:    1519264 kB
Buffers:           46584 kB
Cached:           294648 kB
MemTotal:        1844596 kB
MemFree:         1301960 kB
MemAvailable:    1519152 kB
Buffers:           46584 kB
Cached:           294648 kB
MemTotal:        1844596 kB
MemFree:         1302216 kB
MemAvailable:    1519408 kB
Buffers:           46584 kB
Cached:           294648 kB
MemTotal:        1844596 kB
MemFree:         1301864 kB
MemAvailable:    1519056 kB
Buffers:           46584 kB
Cached:           294648 kB
MemTotal:        1844596 kB
MemFree:         1302032 kB
MemAvailable:    1519224 kB
Buffers:           46584 kB
Cached:           294648 kB
MemTotal:        1844596 kB
MemFree:         1301968 kB
MemAvailable:    1519160 kB
Buffers:           46584 kB
Cached:           294648 kB
MemTotal:        1844596 kB
MemFree:         1301896 kB
MemAvailable:    1519088 kB
Buffers:           46584 kB
Cached:           294648 kB
MemTotal:        1844596 kB
MemFree:         1300588 kB
MemAvailable:    1517780 kB
Buffers:           46584 kB
Cached:           294648 kB
MemTotal:        1844596 kB
MemFree:         1300720 kB
MemAvailable:    1517912 kB
Buffers:           46584 kB
Cached:           294648 kB
MemTotal:        1844596 kB
MemFree:         1299296 kB
MemAvailable:    1516496 kB
Buffers:           46584 kB
Cached:           294656 kB
MemTotal:        1844596 kB
MemFree:         1300100 kB
MemAvailable:    1517300 kB
Buffers:           46584 kB
Cached:           294656 kB
MemTotal:        1844596 kB
MemFree:         1300108 kB
MemAvailable:    1517308 kB
Buffers:           46584 kB
Cached:           294656 kB
MemTotal:        1844596 kB
MemFree:         1299420 kB
MemAvailable:    1516620 kB
Buffers:           46584 kB
Cached:           294656 kB
MemTotal:        1844596 kB
MemFree:         1299728 kB
MemAvailable:    1516928 kB
Buffers:           46584 kB
Cached:           294656 kB
MemTotal:        1844596 kB
MemFree:         1299984 kB
MemAvailable:    1517184 kB
Buffers:           46584 kB
Cached:           294656 kB
MemTotal:        1844596 kB
MemFree:         1298480 kB
MemAvailable:    1515680 kB
Buffers:           46584 kB
Cached:           294656 kB
MemTotal:        1844596 kB
MemFree:         1299788 kB
MemAvailable:    1516988 kB
Buffers:           46584 kB
Cached:           294656 kB
MemTotal:        1844596 kB
MemFree:         1298612 kB
MemAvailable:    1515812 kB
Buffers:           46584 kB
Cached:           294656 kB
MemTotal:        1844596 kB
MemFree:         1298728 kB
MemAvailable:    1515928 kB
Buffers:           46584 kB
Cached:           294656 kB
MemTotal:        1844596 kB
MemFree:         1299712 kB
MemAvailable:    1516912 kB
Buffers:           46584 kB
Cached:           294656 kB
MemTotal:        1844596 kB
MemFree:         1299880 kB
MemAvailable:    1517080 kB
Buffers:           46584 kB
Cached:           294656 kB
MemTotal:        1844596 kB
MemFree:         1298596 kB
MemAvailable:    1515796 kB
Buffers:           46584 kB
Cached:           294656 kB
MemTotal:        1844596 kB
MemFree:         1299536 kB
MemAvailable:    1516736 kB
Buffers:           46584 kB
Cached:           294656 kB
MemTotal:        1844596 kB
MemFree:         1299756 kB
MemAvailable:    1516956 kB
Buffers:           46584 kB
Cached:           294656 kB
MemTotal:        1844596 kB
MemFree:         1300092 kB
MemAvailable:    1517292 kB
Buffers:           46584 kB
Cached:           294656 kB
MemTotal:        1844596 kB
MemFree:         1299884 kB
MemAvailable:    1517084 kB
Buffers:           46584 kB
Cached:           294656 kB
MemTotal:        1844596 kB
MemFree:         1300120 kB
MemAvailable:    1517320 kB
Buffers:           46584 kB
Cached:           294656 kB
MemTotal:        1844596 kB
MemFree:         1299736 kB
MemAvailable:    1516936 kB
Buffers:           46584 kB
Cached:           294656 kB
MemTotal:        1844596 kB
MemFree:         1299992 kB
MemAvailable:    1517192 kB
Buffers:           46584 kB
Cached:           294656 kB
MemTotal:        1844596 kB
MemFree:         1298780 kB
MemAvailable:    1515980 kB
Buffers:           46584 kB
Cached:           294656 kB
MemTotal:        1844596 kB
MemFree:         1299964 kB
MemAvailable:    1517164 kB
Buffers:           46584 kB
Cached:           294656 kB
MemTotal:        1844596 kB
MemFree:         1299916 kB
MemAvailable:    1517116 kB
Buffers:           46584 kB
Cached:           294656 kB
MemTotal:        1844596 kB
MemFree:         1299860 kB
MemAvailable:    1517060 kB
Buffers:           46584 kB
Cached:           294656 kB
MemTotal:        1844596 kB
MemFree:         1299860 kB
MemAvailable:    1517060 kB
Buffers:           46584 kB
Cached:           294656 kB
MemTotal:        1844596 kB
MemFree:         1299848 kB
MemAvailable:    1517048 kB
Buffers:           46584 kB
Cached:           294656 kB
MemTotal:        1844596 kB
MemFree:         1300016 kB
MemAvailable:    1517216 kB
Buffers:           46584 kB
Cached:           294656 kB
MemTotal:        1844596 kB
MemFree:         1298908 kB
MemAvailable:    1516108 kB
Buffers:           46584 kB
Cached:           294656 kB
MemTotal:        1844596 kB
MemFree:         1298872 kB
MemAvailable:    1516072 kB
Buffers:           46584 kB
Cached:           294656 kB
MemTotal:        1844596 kB
MemFree:         1292716 kB
MemAvailable:    1509916 kB
Buffers:           46584 kB
Cached:           294656 kB
MemTotal:        1844596 kB
MemFree:         1290980 kB
MemAvailable:    1508180 kB
Buffers:           46584 kB
Cached:           294656 kB
MemTotal:        1844596 kB
MemFree:         1289004 kB
MemAvailable:    1506204 kB
Buffers:           46584 kB
Cached:           294656 kB
MemTotal:        1844596 kB
MemFree:         1287328 kB
MemAvailable:    1504528 kB
Buffers:           46584 kB
Cached:           294656 kB
MemTotal:        1844596 kB
MemFree:         1286996 kB
MemAvailable:    1504196 kB
Buffers:           46584 kB
Cached:           294656 kB
MemTotal:        1844596 kB
MemFree:         1286996 kB
MemAvailable:    1504196 kB
Buffers:           46584 kB
Cached:           294656 kB
MemTotal:        1844596 kB
MemFree:         1285632 kB
MemAvailable:    1502832 kB
Buffers:           46584 kB
Cached:           294656 kB
MemTotal:        1844596 kB
MemFree:         1287004 kB
MemAvailable:    1504204 kB
Buffers:           46584 kB
Cached:           294656 kB
MemTotal:        1844596 kB
MemFree:         1286028 kB
MemAvailable:    1503228 kB
Buffers:           46584 kB
Cached:           294656 kB
MemTotal:        1844596 kB
MemFree:         1286844 kB
MemAvailable:    1504044 kB
Buffers:           46584 kB
Cached:           294656 kB
MemTotal:        1844596 kB
MemFree:         1286580 kB
MemAvailable:    1503780 kB
Buffers:           46584 kB
Cached:           294656 kB
MemTotal:        1844596 kB
MemFree:         1285984 kB
MemAvailable:    1503184 kB
Buffers:           46584 kB
Cached:           294656 kB
MemTotal:        1844596 kB
MemFree:         1286584 kB
MemAvailable:    1503784 kB
Buffers:           46584 kB
Cached:           294656 kB
MemTotal:        1844596 kB
MemFree:         1285404 kB
MemAvailable:    1502604 kB
Buffers:           46584 kB
Cached:           294656 kB
MemTotal:        1844596 kB
MemFree:         1285356 kB
MemAvailable:    1502556 kB
Buffers:           46584 kB
Cached:           294656 kB
MemTotal:        1844596 kB
MemFree:         1286532 kB
MemAvailable:    1503732 kB
Buffers:           46584 kB
Cached:           294656 kB
MemTotal:        1844596 kB
MemFree:         1286400 kB
MemAvailable:    1503600 kB
Buffers:           46584 kB
Cached:           294656 kB
MemTotal:        1844596 kB
MemFree:         1285452 kB
MemAvailable:    1502652 kB
Buffers:           46584 kB
Cached:           294656 kB
MemTotal:        1844596 kB
MemFree:         1286756 kB
MemAvailable:    1503956 kB
Buffers:           46584 kB
Cached:           294656 kB
MemTotal:        1844596 kB
MemFree:         1286028 kB
MemAvailable:    1503228 kB
Buffers:           46584 kB
Cached:           294656 kB
MemTotal:        1844596 kB
MemFree:         1285520 kB
MemAvailable:    1502720 kB
Buffers:           46584 kB
Cached:           294656 kB
MemTotal:        1844596 kB
MemFree:         1286516 kB
MemAvailable:    1503716 kB
Buffers:           46584 kB
Cached:           294656 kB
MemTotal:        1844596 kB
MemFree:         1286444 kB
MemAvailable:    1503644 kB
Buffers:           46584 kB
Cached:           294656 kB
MemTotal:        1844596 kB
MemFree:         1286444 kB
MemAvailable:    1503644 kB
Buffers:           46584 kB
Cached:           294656 kB
MemTotal:        1844596 kB
MemFree:         1286328 kB
MemAvailable:    1503528 kB
Buffers:           46588 kB
Cached:           294652 kB
MemTotal:        1844596 kB
MemFree:         1286664 kB
MemAvailable:    1503864 kB
Buffers:           46588 kB
Cached:           294652 kB
MemTotal:        1844596 kB
MemFree:         1286648 kB
MemAvailable:    1503848 kB
Buffers:           46588 kB
Cached:           294652 kB
MemTotal:        1844596 kB
MemFree:         1286500 kB
MemAvailable:    1503700 kB
Buffers:           46588 kB
Cached:           294652 kB
MemTotal:        1844596 kB
MemFree:         1285904 kB
MemAvailable:    1503104 kB
Buffers:           46588 kB
Cached:           294652 kB
MemTotal:        1844596 kB
MemFree:         1286516 kB
MemAvailable:    1503716 kB
Buffers:           46588 kB
Cached:           294652 kB
MemTotal:        1844596 kB
MemFree:         1286768 kB
MemAvailable:    1503968 kB
Buffers:           46588 kB
Cached:           294652 kB
MemTotal:        1844596 kB
MemFree:         1286336 kB
MemAvailable:    1503536 kB
Buffers:           46588 kB
Cached:           294652 kB
MemTotal:        1844596 kB
MemFree:         1286672 kB
MemAvailable:    1503872 kB
Buffers:           46588 kB
Cached:           294652 kB
MemTotal:        1844596 kB
MemFree:         1285344 kB
MemAvailable:    1502544 kB
Buffers:           46588 kB
Cached:           294652 kB
MemTotal:        1844596 kB
MemFree:         1284904 kB
MemAvailable:    1502104 kB
Buffers:           46588 kB
Cached:           294652 kB
MemTotal:        1844596 kB
MemFree:         1284656 kB
MemAvailable:    1501856 kB
Buffers:           46588 kB
Cached:           294652 kB
MemTotal:        1844596 kB
MemFree:         1284360 kB
MemAvailable:    1501560 kB
Buffers:           46588 kB
Cached:           294652 kB
MemTotal:        1844596 kB
MemFree:         1285564 kB
MemAvailable:    1502764 kB
Buffers:           46588 kB
Cached:           294652 kB
MemTotal:        1844596 kB
MemFree:         1285692 kB
MemAvailable:    1502892 kB
Buffers:           46588 kB
Cached:           294652 kB
MemTotal:        1844596 kB
MemFree:         1284780 kB
MemAvailable:    1501980 kB
Buffers:           46588 kB
Cached:           294652 kB
MemTotal:        1844596 kB
MemFree:         1285464 kB
MemAvailable:    1502664 kB
Buffers:           46588 kB
Cached:           294652 kB
MemTotal:        1844596 kB
MemFree:         1285464 kB
MemAvailable:    1502664 kB
Buffers:           46588 kB
Cached:           294652 kB
MemTotal:        1844596 kB
MemFree:         1281996 kB
MemAvailable:    1499196 kB
Buffers:           46588 kB
Cached:           294652 kB
MemTotal:        1844596 kB
MemFree:         1278960 kB
MemAvailable:    1496160 kB
Buffers:           46588 kB
Cached:           294652 kB
MemTotal:        1844596 kB
MemFree:         1277216 kB
MemAvailable:    1494416 kB
Buffers:           46588 kB
Cached:           294652 kB
MemTotal:        1844596 kB
MemFree:         1277216 kB
MemAvailable:    1494416 kB
Buffers:           46588 kB
Cached:           294652 kB
MemTotal:        1844596 kB
MemFree:         1276720 kB
MemAvailable:    1493920 kB
Buffers:           46588 kB
Cached:           294652 kB
MemTotal:        1844596 kB
MemFree:         1274356 kB
MemAvailable:    1491560 kB
Buffers:           46588 kB
Cached:           294656 kB
MemTotal:        1844596 kB
MemFree:         1274692 kB
MemAvailable:    1491896 kB
Buffers:           46588 kB
Cached:           294656 kB
MemTotal:        1844596 kB
MemFree:         1272264 kB
MemAvailable:    1489468 kB
Buffers:           46588 kB
Cached:           294656 kB
MemTotal:        1844596 kB
MemFree:         1271768 kB
MemAvailable:    1488980 kB
Buffers:           46588 kB
Cached:           294664 kB
MemTotal:        1844596 kB
MemFree:         1271596 kB
MemAvailable:    1488808 kB
Buffers:           46588 kB
Cached:           294664 kB
MemTotal:        1844596 kB
MemFree:         1271588 kB
MemAvailable:    1488800 kB
Buffers:           46588 kB
Cached:           294664 kB
MemTotal:        1844596 kB
MemFree:         1272808 kB
MemAvailable:    1490020 kB
Buffers:           46588 kB
Cached:           294664 kB
MemTotal:        1844596 kB
MemFree:         1272604 kB
MemAvailable:    1489816 kB
Buffers:           46588 kB
Cached:           294664 kB
MemTotal:        1844596 kB
MemFree:         1271200 kB
MemAvailable:    1488412 kB
Buffers:           46588 kB
Cached:           294664 kB
MemTotal:        1844596 kB
MemFree:         1272752 kB
MemAvailable:    1489964 kB
Buffers:           46588 kB
Cached:           294664 kB
MemTotal:        1844596 kB
MemFree:         1272496 kB
MemAvailable:    1489708 kB
Buffers:           46588 kB
Cached:           294664 kB
MemTotal:        1844596 kB
MemFree:         1272496 kB
MemAvailable:    1489708 kB
Buffers:           46588 kB
Cached:           294664 kB
MemTotal:        1844596 kB
MemFree:         1272864 kB
MemAvailable:    1490076 kB
Buffers:           46588 kB
Cached:           294664 kB
MemTotal:        1844596 kB
MemFree:         1272784 kB
MemAvailable:    1489996 kB
Buffers:           46588 kB
Cached:           294664 kB
MemTotal:        1844596 kB
MemFree:         1272008 kB
MemAvailable:    1489220 kB
Buffers:           46588 kB
Cached:           294664 kB
MemTotal:        1844596 kB
MemFree:         1271752 kB
MemAvailable:    1488968 kB
Buffers:           46588 kB
Cached:           294668 kB
MemTotal:        1844596 kB
MemFree:         1272904 kB
MemAvailable:    1490120 kB
Buffers:           46588 kB
Cached:           294668 kB
MemTotal:        1844596 kB
MemFree:         1272860 kB
MemAvailable:    1490076 kB
Buffers:           46588 kB
Cached:           294668 kB
MemTotal:        1844596 kB
MemFree:         1271580 kB
MemAvailable:    1488796 kB
Buffers:           46588 kB
Cached:           294668 kB
MemTotal:        1844596 kB
MemFree:         1271696 kB
MemAvailable:    1488912 kB
Buffers:           46588 kB
Cached:           294668 kB
MemTotal:        1844596 kB
MemFree:         1271572 kB
MemAvailable:    1488788 kB
Buffers:           46588 kB
Cached:           294668 kB
MemTotal:        1844596 kB
MemFree:         1271444 kB
MemAvailable:    1488660 kB
Buffers:           46588 kB
Cached:           294668 kB
MemTotal:        1844596 kB
MemFree:         1272596 kB
MemAvailable:    1489812 kB
Buffers:           46588 kB
Cached:           294668 kB
MemTotal:        1844596 kB
MemFree:         1272256 kB
MemAvailable:    1489472 kB
Buffers:           46588 kB
Cached:           294668 kB
MemTotal:        1844596 kB
MemFree:         1272884 kB
MemAvailable:    1490100 kB
Buffers:           46588 kB
Cached:           294668 kB
MemTotal:        1844596 kB
MemFree:         1271824 kB
MemAvailable:    1489040 kB
Buffers:           46588 kB
Cached:           294668 kB
MemTotal:        1844596 kB
MemFree:         1272820 kB
MemAvailable:    1490036 kB
Buffers:           46588 kB
Cached:           294668 kB
MemTotal:        1844596 kB
MemFree:         1272752 kB
MemAvailable:    1489968 kB
Buffers:           46588 kB
Cached:           294668 kB
MemTotal:        1844596 kB
MemFree:         1272256 kB
MemAvailable:    1489472 kB
Buffers:           46588 kB
Cached:           294668 kB
MemTotal:        1844596 kB
MemFree:         1272664 kB
MemAvailable:    1489880 kB
Buffers:           46588 kB
Cached:           294668 kB
MemTotal:        1844596 kB
MemFree:         1272388 kB
MemAvailable:    1489604 kB
Buffers:           46588 kB
Cached:           294668 kB
MemTotal:        1844596 kB
MemFree:         1272932 kB
MemAvailable:    1490148 kB
Buffers:           46588 kB
Cached:           294668 kB
MemTotal:        1844596 kB
MemFree:         1272728 kB
MemAvailable:    1489944 kB
Buffers:           46588 kB
Cached:           294668 kB
MemTotal:        1844596 kB
MemFree:         1272728 kB
MemAvailable:    1489944 kB
Buffers:           46588 kB
Cached:           294668 kB
MemTotal:        1844596 kB
MemFree:         1271704 kB
MemAvailable:    1488920 kB
Buffers:           46588 kB
Cached:           294668 kB
MemTotal:        1844596 kB
MemFree:         1271712 kB
MemAvailable:    1488928 kB
Buffers:           46588 kB
Cached:           294668 kB
MemTotal:        1844596 kB
MemFree:         1272688 kB
MemAvailable:    1489904 kB
Buffers:           46588 kB
Cached:           294668 kB
MemTotal:        1844596 kB
MemFree:         1272940 kB
MemAvailable:    1490156 kB
Buffers:           46588 kB
Cached:           294668 kB
MemTotal:        1844596 kB
MemFree:         1271456 kB
MemAvailable:    1488672 kB
Buffers:           46588 kB
Cached:           294668 kB
MemTotal:        1844596 kB
MemFree:         1271704 kB
MemAvailable:    1488920 kB
Buffers:           46588 kB
Cached:           294668 kB
MemTotal:        1844596 kB
MemFree:         1271588 kB
MemAvailable:    1488804 kB
Buffers:           46588 kB
Cached:           294668 kB
MemTotal:        1844596 kB
MemFree:         1271580 kB
MemAvailable:    1488796 kB
Buffers:           46588 kB
Cached:           294668 kB
MemTotal:        1844596 kB
MemFree:         1271588 kB
MemAvailable:    1488804 kB
Buffers:           46588 kB
Cached:           294668 kB
MemTotal:        1844596 kB
MemFree:         1272812 kB
MemAvailable:    1490028 kB
Buffers:           46588 kB
Cached:           294668 kB
MemTotal:        1844596 kB
MemFree:         1272684 kB
MemAvailable:    1489900 kB
Buffers:           46588 kB
Cached:           294668 kB
MemTotal:        1844596 kB
MemFree:         1272580 kB
MemAvailable:    1489796 kB
Buffers:           46588 kB
Cached:           294668 kB
MemTotal:        1844596 kB
MemFree:         1272992 kB
MemAvailable:    1490212 kB
Buffers:           46588 kB
Cached:           294672 kB
MemTotal:        1844596 kB
MemFree:         1272992 kB
MemAvailable:    1490212 kB
Buffers:           46588 kB
Cached:           294672 kB
MemTotal:        1844596 kB
MemFree:         1272896 kB
MemAvailable:    1490116 kB
Buffers:           46588 kB
Cached:           294672 kB
MemTotal:        1844596 kB
MemFree:         1271584 kB
MemAvailable:    1488804 kB
Buffers:           46588 kB
Cached:           294672 kB
MemTotal:        1844596 kB
MemFree:         1272512 kB
MemAvailable:    1489732 kB
Buffers:           46588 kB
Cached:           294672 kB
MemTotal:        1844596 kB
MemFree:         1272932 kB
MemAvailable:    1490152 kB
Buffers:           46588 kB
Cached:           294672 kB
MemTotal:        1844596 kB
MemFree:         1271584 kB
MemAvailable:    1488804 kB
Buffers:           46588 kB
Cached:           294672 kB
MemTotal:        1844596 kB
MemFree:         1271512 kB
MemAvailable:    1488732 kB
Buffers:           46588 kB
Cached:           294672 kB
MemTotal:        1844596 kB
MemFree:         1271472 kB
MemAvailable:    1488692 kB
Buffers:           46588 kB
Cached:           294672 kB
MemTotal:        1844596 kB
MemFree:         1269660 kB
MemAvailable:    1486880 kB
Buffers:           46588 kB
Cached:           294672 kB
MemTotal:        1844596 kB
MemFree:         1267040 kB
MemAvailable:    1484260 kB
Buffers:           46588 kB
Cached:           294672 kB
MemTotal:        1844596 kB
MemFree:         1266932 kB
MemAvailable:    1484152 kB
Buffers:           46588 kB
Cached:           294672 kB
MemTotal:        1844596 kB
MemFree:         1266728 kB
MemAvailable:    1483948 kB
Buffers:           46588 kB
Cached:           294672 kB
MemTotal:        1844596 kB
MemFree:         1265552 kB
MemAvailable:    1482772 kB
Buffers:           46588 kB
Cached:           294672 kB
MemTotal:        1844596 kB
MemFree:         1266852 kB
MemAvailable:    1484072 kB
Buffers:           46588 kB
Cached:           294672 kB
MemTotal:        1844596 kB
MemFree:         1266784 kB
MemAvailable:    1484004 kB
Buffers:           46588 kB
Cached:           294672 kB
MemTotal:        1844596 kB
MemFree:         1265412 kB
MemAvailable:    1482632 kB
Buffers:           46588 kB
Cached:           294672 kB
MemTotal:        1844596 kB
MemFree:         1266404 kB
MemAvailable:    1483624 kB
Buffers:           46588 kB
Cached:           294672 kB
MemTotal:        1844596 kB
MemFree:         1266528 kB
MemAvailable:    1483748 kB
Buffers:           46588 kB
Cached:           294672 kB
MemTotal:        1844596 kB
MemFree:         1265536 kB
MemAvailable:    1482756 kB
Buffers:           46588 kB
Cached:           294672 kB
MemTotal:        1844596 kB
MemFree:         1265776 kB
MemAvailable:    1482996 kB
Buffers:           46588 kB
Cached:           294672 kB
MemTotal:        1844596 kB
MemFree:         1266776 kB
MemAvailable:    1483996 kB
Buffers:           46588 kB
Cached:           294672 kB
MemTotal:        1844596 kB
MemFree:         1266540 kB
MemAvailable:    1483760 kB
Buffers:           46588 kB
Cached:           294672 kB
MemTotal:        1844596 kB
MemFree:         1265404 kB
MemAvailable:    1482624 kB
Buffers:           46588 kB
Cached:           294672 kB
MemTotal:        1844596 kB
MemFree:         1265392 kB
MemAvailable:    1482612 kB
Buffers:           46588 kB
Cached:           294672 kB
MemTotal:        1844596 kB
MemFree:         1265312 kB
MemAvailable:    1482532 kB
Buffers:           46588 kB
Cached:           294672 kB
MemTotal:        1844596 kB
MemFree:         1265428 kB
MemAvailable:    1482648 kB
Buffers:           46588 kB
Cached:           294672 kB
MemTotal:        1844596 kB
MemFree:         1266612 kB
MemAvailable:    1483832 kB
Buffers:           46588 kB
Cached:           294672 kB
MemTotal:        1844596 kB
MemFree:         1266580 kB
MemAvailable:    1483804 kB
Buffers:           46588 kB
Cached:           294676 kB
MemTotal:        1844596 kB
MemFree:         1266512 kB
MemAvailable:    1483736 kB
Buffers:           46588 kB
Cached:           294676 kB
MemTotal:        1844596 kB
MemFree:         1266764 kB
MemAvailable:    1483988 kB
Buffers:           46588 kB
Cached:           294676 kB
MemTotal:        1844596 kB
MemFree:         1266380 kB
MemAvailable:    1483604 kB
Buffers:           46588 kB
Cached:           294676 kB
MemTotal:        1844596 kB
MemFree:         1266188 kB
MemAvailable:    1483412 kB
Buffers:           46588 kB
Cached:           294676 kB
MemTotal:        1844596 kB
MemFree:         1265312 kB
MemAvailable:    1482536 kB
Buffers:           46588 kB
Cached:           294676 kB
MemTotal:        1844596 kB
MemFree:         1266684 kB
MemAvailable:    1483908 kB
Buffers:           46588 kB
Cached:           294676 kB
MemTotal:        1844596 kB
MemFree:         1266064 kB
MemAvailable:    1483288 kB
Buffers:           46588 kB
Cached:           294676 kB
MemTotal:        1844596 kB
MemFree:         1266296 kB
MemAvailable:    1483520 kB
Buffers:           46588 kB
Cached:           294676 kB
MemTotal:        1844596 kB
MemFree:         1266632 kB
MemAvailable:    1483856 kB
Buffers:           46588 kB
Cached:           294676 kB
MemTotal:        1844596 kB
MemFree:         1265436 kB
MemAvailable:    1482660 kB
Buffers:           46588 kB
Cached:           294676 kB
MemTotal:        1844596 kB
MemFree:         1266596 kB
MemAvailable:    1483820 kB
Buffers:           46588 kB
Cached:           294676 kB
MemTotal:        1844596 kB
MemFree:         1265940 kB
MemAvailable:    1483164 kB
Buffers:           46588 kB
Cached:           294676 kB
MemTotal:        1844596 kB
MemFree:         1265560 kB
MemAvailable:    1482784 kB
Buffers:           46588 kB
Cached:           294676 kB
MemTotal:        1844596 kB
MemFree:         1265808 kB
MemAvailable:    1483032 kB
Buffers:           46588 kB
Cached:           294676 kB
MemTotal:        1844596 kB
MemFree:         1266800 kB
MemAvailable:    1484024 kB
Buffers:           46588 kB
Cached:           294676 kB
MemTotal:        1844596 kB
MemFree:         1266544 kB
MemAvailable:    1483768 kB
Buffers:           46588 kB
Cached:           294676 kB
MemTotal:        1844596 kB
MemFree:         1265424 kB
MemAvailable:    1482648 kB
Buffers:           46588 kB
Cached:           294676 kB
MemTotal:        1844596 kB
MemFree:         1266616 kB
MemAvailable:    1483840 kB
Buffers:           46588 kB
Cached:           294676 kB
MemTotal:        1844596 kB
MemFree:         1265816 kB
MemAvailable:    1483040 kB
Buffers:           46588 kB
Cached:           294676 kB
MemTotal:        1844596 kB
MemFree:         1266380 kB
MemAvailable:    1483604 kB
Buffers:           46588 kB
Cached:           294676 kB
MemTotal:        1844596 kB
MemFree:         1266716 kB
MemAvailable:    1483940 kB
Buffers:           46588 kB
Cached:           294676 kB
MemTotal:        1844596 kB
MemFree:         1265312 kB
MemAvailable:    1482536 kB
Buffers:           46588 kB
Cached:           294676 kB
MemTotal:        1844596 kB
MemFree:         1265312 kB
MemAvailable:    1482536 kB
Buffers:           46588 kB
Cached:           294676 kB
MemTotal:        1844596 kB
MemFree:         1266572 kB
MemAvailable:    1483796 kB
Buffers:           46588 kB
Cached:           294676 kB
MemTotal:        1844596 kB
MemFree:         1265512 kB
MemAvailable:    1482736 kB
Buffers:           46588 kB
Cached:           294676 kB
MemTotal:        1844596 kB
MemFree:         1265380 kB
MemAvailable:    1482604 kB
Buffers:           46588 kB
Cached:           294676 kB
MemTotal:        1844596 kB
MemFree:         1265384 kB
MemAvailable:    1482608 kB
Buffers:           46588 kB
Cached:           294676 kB
MemTotal:        1844596 kB
MemFree:         1266188 kB
MemAvailable:    1483412 kB
Buffers:           46588 kB
Cached:           294676 kB
MemTotal:        1844596 kB
MemFree:         1265072 kB
MemAvailable:    1482296 kB
Buffers:           46588 kB
Cached:           294676 kB
MemTotal:        1844596 kB
MemFree:         1265644 kB
MemAvailable:    1482872 kB
Buffers:           46588 kB
Cached:           294680 kB
MemTotal:        1844596 kB
MemFree:         1265280 kB
MemAvailable:    1482508 kB
Buffers:           46588 kB
Cached:           294680 kB
MemTotal:        1844596 kB
MemFree:         1264568 kB
MemAvailable:    1481796 kB
Buffers:           46588 kB
Cached:           294680 kB
MemTotal:        1844596 kB
MemFree:         1265696 kB
MemAvailable:    1482924 kB
Buffers:           46588 kB
Cached:           294680 kB
MemTotal:        1844596 kB
MemFree:         1265072 kB
MemAvailable:    1482300 kB
Buffers:           46588 kB
Cached:           294680 kB
MemTotal:        1844596 kB
MemFree:         1265512 kB
MemAvailable:    1482740 kB
Buffers:           46588 kB
Cached:           294680 kB
MemTotal:        1844596 kB
MemFree:         1265364 kB
MemAvailable:    1482592 kB
Buffers:           46588 kB
Cached:           294680 kB
MemTotal:        1844596 kB
MemFree:         1264620 kB
MemAvailable:    1481848 kB
Buffers:           46588 kB
Cached:           294680 kB
MemTotal:        1844596 kB
MemFree:         1264536 kB
MemAvailable:    1481764 kB
Buffers:           46588 kB
Cached:           294680 kB
MemTotal:        1844596 kB
MemFree:         1264784 kB
MemAvailable:    1482012 kB
Buffers:           46588 kB
Cached:           294680 kB
MemTotal:        1844596 kB
MemFree:         1264660 kB
MemAvailable:    1481888 kB
Buffers:           46588 kB
Cached:           294680 kB
MemTotal:        1844596 kB
MemFree:         1265552 kB
MemAvailable:    1482780 kB
Buffers:           46588 kB
Cached:           294680 kB
MemTotal:        1844596 kB
MemFree:         1265444 kB
MemAvailable:    1482672 kB
Buffers:           46588 kB
Cached:           294680 kB
MemTotal:        1844596 kB
MemFree:         1265680 kB
MemAvailable:    1482908 kB
Buffers:           46588 kB
Cached:           294680 kB
MemTotal:        1844596 kB
MemFree:         1265860 kB
MemAvailable:    1483088 kB
Buffers:           46588 kB
Cached:           294680 kB
MemTotal:        1844596 kB
MemFree:         1266112 kB
MemAvailable:    1483340 kB
Buffers:           46588 kB
Cached:           294680 kB
MemTotal:        1844596 kB
MemFree:         1265620 kB
MemAvailable:    1482848 kB
Buffers:           46588 kB
Cached:           294680 kB
MemTotal:        1844596 kB
MemFree:         1265876 kB
MemAvailable:    1483104 kB
Buffers:           46588 kB
Cached:           294680 kB
MemTotal:        1844596 kB
MemFree:         1265848 kB
MemAvailable:    1483076 kB
Buffers:           46588 kB
Cached:           294680 kB
MemTotal:        1844596 kB
MemFree:         1265064 kB
MemAvailable:    1482292 kB
Buffers:           46588 kB
Cached:           294680 kB
MemTotal:        1844596 kB
MemFree:         1266248 kB
MemAvailable:    1483476 kB
Buffers:           46588 kB
Cached:           294680 kB
MemTotal:        1844596 kB
MemFree:         1266124 kB
MemAvailable:    1483352 kB
Buffers:           46588 kB
Cached:           294680 kB
MemTotal:        1844596 kB
MemFree:         1264684 kB
MemAvailable:    1481912 kB
Buffers:           46588 kB
Cached:           294680 kB
MemTotal:        1844596 kB
MemFree:         1264940 kB
MemAvailable:    1482168 kB
Buffers:           46588 kB
Cached:           294680 kB
MemTotal:        1844596 kB
MemFree:         1266064 kB
MemAvailable:    1483292 kB
Buffers:           46588 kB
Cached:           294680 kB
MemTotal:        1844596 kB
MemFree:         1264948 kB
MemAvailable:    1482176 kB
Buffers:           46588 kB
Cached:           294680 kB
MemTotal:        1844596 kB
MemFree:         1265984 kB
MemAvailable:    1483212 kB
Buffers:           46588 kB
Cached:           294680 kB
MemTotal:        1844596 kB
MemFree:         1264940 kB
MemAvailable:    1482168 kB
Buffers:           46588 kB
Cached:           294680 kB
MemTotal:        1844596 kB
MemFree:         1265616 kB
MemAvailable:    1482844 kB
Buffers:           46588 kB
Cached:           294680 kB
MemTotal:        1844596 kB
MemFree:         1265444 kB
MemAvailable:    1482672 kB
Buffers:           46588 kB
Cached:           294680 kB
MemTotal:        1844596 kB
MemFree:         1264388 kB
MemAvailable:    1481616 kB
Buffers:           46588 kB
Cached:           294680 kB
MemTotal:        1844596 kB
MemFree:         1264644 kB
MemAvailable:    1481872 kB
Buffers:           46588 kB
Cached:           294680 kB
MemTotal:        1844596 kB
MemFree:         1264512 kB
MemAvailable:    1481740 kB
Buffers:           46588 kB
Cached:           294680 kB
MemTotal:        1844596 kB
MemFree:         1264520 kB
MemAvailable:    1481748 kB
Buffers:           46588 kB
Cached:           294680 kB
MemTotal:        1844596 kB
MemFree:         1265820 kB
MemAvailable:    1483048 kB
Buffers:           46588 kB
Cached:           294680 kB
MemTotal:        1844596 kB
MemFree:         1265740 kB
MemAvailable:    1482968 kB
Buffers:           46588 kB
Cached:           294680 kB
MemTotal:        1844596 kB
MemFree:         1265908 kB
MemAvailable:    1483136 kB
Buffers:           46588 kB
Cached:           294680 kB
MemTotal:        1844596 kB
MemFree:         1265552 kB
MemAvailable:    1482780 kB
Buffers:           46588 kB
Cached:           294680 kB
MemTotal:        1844596 kB
MemFree:         1265628 kB
MemAvailable:    1482856 kB
Buffers:           46588 kB
Cached:           294680 kB
MemTotal:        1844596 kB
MemFree:         1264384 kB
MemAvailable:    1481612 kB
Buffers:           46588 kB
Cached:           294680 kB
MemTotal:        1844596 kB
MemFree:         1264252 kB
MemAvailable:    1481480 kB
Buffers:           46588 kB
Cached:           294680 kB
MemTotal:        1844596 kB
MemFree:         1265852 kB
MemAvailable:    1483080 kB
Buffers:           46588 kB
Cached:           294680 kB
MemTotal:        1844596 kB
MemFree:         1264660 kB
MemAvailable:    1481892 kB
Buffers:           46588 kB
Cached:           294684 kB
MemTotal:        1844596 kB
MemFree:         1265836 kB
MemAvailable:    1483068 kB
Buffers:           46588 kB
Cached:           294684 kB
MemTotal:        1844596 kB
MemFree:         1265096 kB
MemAvailable:    1482328 kB
Buffers:           46588 kB
Cached:           294684 kB
MemTotal:        1844596 kB
MemFree:         1264848 kB
MemAvailable:    1482080 kB
Buffers:           46588 kB
Cached:           294684 kB
MemTotal:        1844596 kB
MemFree:         1264848 kB
MemAvailable:    1482080 kB
Buffers:           46588 kB
Cached:           294684 kB
MemTotal:        1844596 kB
MemFree:         1265824 kB
MemAvailable:    1483056 kB
Buffers:           46588 kB
Cached:           294684 kB
MemTotal:        1844596 kB
MemFree:         1265600 kB
MemAvailable:    1482832 kB
Buffers:           46588 kB
Cached:           294684 kB
MemTotal:        1844596 kB
MemFree:         1265896 kB
MemAvailable:    1483128 kB
Buffers:           46588 kB
Cached:           294684 kB
MemTotal:        1844596 kB
MemFree:         1265788 kB
MemAvailable:    1483020 kB
Buffers:           46588 kB
Cached:           294684 kB
MemTotal:        1844596 kB
MemFree:         1265844 kB
MemAvailable:    1483076 kB
Buffers:           46588 kB
Cached:           294684 kB
MemTotal:        1844596 kB
MemFree:         1265896 kB
MemAvailable:    1483128 kB
Buffers:           46588 kB
Cached:           294684 kB
MemTotal:        1844596 kB
MemFree:         1265600 kB
MemAvailable:    1482832 kB
Buffers:           46588 kB
Cached:           294684 kB
MemTotal:        1844596 kB
MemFree:         1265864 kB
MemAvailable:    1483096 kB
Buffers:           46588 kB
Cached:           294684 kB
MemTotal:        1844596 kB
MemFree:         1265984 kB
MemAvailable:    1483216 kB
Buffers:           46588 kB
Cached:           294684 kB
MemTotal:        1844596 kB
MemFree:         1264340 kB
MemAvailable:    1481572 kB
Buffers:           46588 kB
Cached:           294684 kB
MemTotal:        1844596 kB
MemFree:         1264416 kB
MemAvailable:    1481648 kB
Buffers:           46588 kB
Cached:           294684 kB
MemTotal:        1844596 kB
MemFree:         1264584 kB
MemAvailable:    1481816 kB
Buffers:           46588 kB
Cached:           294684 kB
MemTotal:        1844596 kB
MemFree:         1265844 kB
MemAvailable:    1483076 kB
Buffers:           46588 kB
Cached:           294684 kB
MemTotal:        1844596 kB
MemFree:         1264656 kB
MemAvailable:    1481888 kB
Buffers:           46588 kB
Cached:           294684 kB
MemTotal:        1844596 kB
MemFree:         1264572 kB
MemAvailable:    1481804 kB
Buffers:           46588 kB
Cached:           294684 kB
MemTotal:        1844596 kB
MemFree:         1265868 kB
MemAvailable:    1483100 kB
Buffers:           46588 kB
Cached:           294684 kB
MemTotal:        1844596 kB
MemFree:         1265800 kB
MemAvailable:    1483032 kB
Buffers:           46588 kB
Cached:           294684 kB
MemTotal:        1844596 kB
MemFree:         1265724 kB
MemAvailable:    1482956 kB
Buffers:           46588 kB
Cached:           294684 kB
MemTotal:        1844596 kB
MemFree:         1264476 kB
MemAvailable:    1481708 kB
Buffers:           46588 kB
Cached:           294684 kB
MemTotal:        1844596 kB
MemFree:         1265848 kB
MemAvailable:    1483080 kB
Buffers:           46588 kB
Cached:           294684 kB
MemTotal:        1844596 kB
MemFree:         1265708 kB
MemAvailable:    1482940 kB
Buffers:           46588 kB
Cached:           294684 kB
MemTotal:        1844596 kB
MemFree:         1265960 kB
MemAvailable:    1483192 kB
Buffers:           46588 kB
Cached:           294684 kB
MemTotal:        1844596 kB
MemFree:         1265584 kB
MemAvailable:    1482816 kB
Buffers:           46588 kB
Cached:           294684 kB
MemTotal:        1844596 kB
MemFree:         1264468 kB
MemAvailable:    1481700 kB
Buffers:           46588 kB
Cached:           294684 kB
MemTotal:        1844596 kB
MemFree:         1266000 kB
MemAvailable:    1483232 kB
Buffers:           46588 kB
Cached:           294684 kB
MemTotal:        1844596 kB
MemFree:         1265908 kB
MemAvailable:    1483140 kB
Buffers:           46588 kB
Cached:           294684 kB
MemTotal:        1844596 kB
MemFree:         1264580 kB
MemAvailable:    1481812 kB
Buffers:           46588 kB
Cached:           294684 kB
MemTotal:        1844596 kB
MemFree:         1264580 kB
MemAvailable:    1481812 kB
Buffers:           46588 kB
Cached:           294684 kB
MemTotal:        1844596 kB
MemFree:         1264664 kB
MemAvailable:    1481896 kB
Buffers:           46588 kB
Cached:           294684 kB
MemTotal:        1844596 kB
MemFree:         1265636 kB
MemAvailable:    1482868 kB
Buffers:           46588 kB
Cached:           294684 kB
MemTotal:        1844596 kB
MemFree:         1264484 kB
MemAvailable:    1481716 kB
Buffers:           46588 kB
Cached:           294684 kB
MemTotal:        1844596 kB
MemFree:         1265676 kB
MemAvailable:    1482908 kB
Buffers:           46588 kB
Cached:           294684 kB
MemTotal:        1844596 kB
MemFree:         1265732 kB
MemAvailable:    1482964 kB
Buffers:           46588 kB
Cached:           294684 kB
MemTotal:        1844596 kB
MemFree:         1265900 kB
MemAvailable:    1483132 kB
Buffers:           46588 kB
Cached:           294684 kB
MemTotal:        1844596 kB
MemFree:         1265860 kB
MemAvailable:    1483092 kB
Buffers:           46588 kB
Cached:           294684 kB
MemTotal:        1844596 kB
MemFree:         1265772 kB
MemAvailable:    1483004 kB
Buffers:           46588 kB
Cached:           294684 kB
MemTotal:        1844596 kB
MemFree:         1264672 kB
MemAvailable:    1481904 kB
Buffers:           46588 kB
Cached:           294684 kB
MemTotal:        1844596 kB
MemFree:         1265724 kB
MemAvailable:    1482956 kB
Buffers:           46588 kB
Cached:           294684 kB
MemTotal:        1844596 kB
MemFree:         1264584 kB
MemAvailable:    1481816 kB
Buffers:           46588 kB
Cached:           294684 kB
MemTotal:        1844596 kB
MemFree:         1266096 kB
MemAvailable:    1483328 kB
Buffers:           46588 kB
Cached:           294684 kB
MemTotal:        1844596 kB
MemFree:         1265676 kB
MemAvailable:    1482908 kB
Buffers:           46588 kB
Cached:           294684 kB
MemTotal:        1844596 kB
MemFree:         1265932 kB
MemAvailable:    1483164 kB
Buffers:           46588 kB
Cached:           294684 kB
MemTotal:        1844596 kB
MemFree:         1265652 kB
MemAvailable:    1482884 kB
Buffers:           46588 kB
Cached:           294684 kB
MemTotal:        1844596 kB
MemFree:         1265800 kB
MemAvailable:    1483032 kB
Buffers:           46588 kB
Cached:           294684 kB
MemTotal:        1844596 kB
MemFree:         1265784 kB
MemAvailable:    1483016 kB
Buffers:           46588 kB
Cached:           294684 kB
MemTotal:        1844596 kB
MemFree:         1265656 kB
MemAvailable:    1482888 kB
Buffers:           46588 kB
Cached:           294684 kB
MemTotal:        1844596 kB
MemFree:         1265352 kB
MemAvailable:    1482584 kB
Buffers:           46588 kB
Cached:           294684 kB
MemTotal:        1844596 kB
MemFree:         1264464 kB
MemAvailable:    1481696 kB
Buffers:           46588 kB
Cached:           294684 kB
MemTotal:        1844596 kB
MemFree:         1265896 kB
MemAvailable:    1483128 kB
Buffers:           46588 kB
Cached:           294684 kB
MemTotal:        1844596 kB
MemFree:         1264836 kB
MemAvailable:    1482068 kB
Buffers:           46588 kB
Cached:           294684 kB
MemTotal:        1844596 kB
MemFree:         1264712 kB
MemAvailable:    1481944 kB
Buffers:           46588 kB
Cached:           294684 kB
MemTotal:        1844596 kB
MemFree:         1264588 kB
MemAvailable:    1481820 kB
Buffers:           46588 kB
Cached:           294684 kB
MemTotal:        1844596 kB
MemFree:         1265872 kB
MemAvailable:    1483104 kB
Buffers:           46588 kB
Cached:           294684 kB
MemTotal:        1844596 kB
MemFree:         1265096 kB
MemAvailable:    1482328 kB
Buffers:           46588 kB
Cached:           294684 kB
MemTotal:        1844596 kB
MemFree:         1265648 kB
MemAvailable:    1482880 kB
Buffers:           46588 kB
Cached:           294684 kB
MemTotal:        1844596 kB
MemFree:         1265724 kB
MemAvailable:    1482956 kB
Buffers:           46588 kB
Cached:           294684 kB
MemTotal:        1844596 kB
MemFree:         1265544 kB
MemAvailable:    1482776 kB
Buffers:           46588 kB
Cached:           294684 kB
MemTotal:        1844596 kB
MemFree:         1265528 kB
MemAvailable:    1482760 kB
Buffers:           46588 kB
Cached:           294684 kB
MemTotal:        1844596 kB
MemFree:         1264968 kB
MemAvailable:    1482200 kB
Buffers:           46588 kB
Cached:           294684 kB
MemTotal:        1844596 kB
MemFree:         1265752 kB
MemAvailable:    1482984 kB
Buffers:           46588 kB
Cached:           294684 kB
MemTotal:        1844596 kB
MemFree:         1265476 kB
MemAvailable:    1482708 kB
Buffers:           46588 kB
Cached:           294684 kB
MemTotal:        1844596 kB
MemFree:         1264420 kB
MemAvailable:    1481652 kB
Buffers:           46588 kB
Cached:           294684 kB
MemTotal:        1844596 kB
MemFree:         1265668 kB
MemAvailable:    1482900 kB
Buffers:           46588 kB
Cached:           294684 kB
MemTotal:        1844596 kB
MemFree:         1265848 kB
MemAvailable:    1483080 kB
Buffers:           46588 kB
Cached:           294684 kB
MemTotal:        1844596 kB
MemFree:         1265776 kB
MemAvailable:    1483008 kB
Buffers:           46588 kB
Cached:           294684 kB
MemTotal:        1844596 kB
MemFree:         1265856 kB
MemAvailable:    1483088 kB
Buffers:           46588 kB
Cached:           294684 kB
MemTotal:        1844596 kB
MemFree:         1264344 kB
MemAvailable:    1481576 kB
Buffers:           46588 kB
Cached:           294684 kB
MemTotal:        1844596 kB
MemFree:         1265932 kB
MemAvailable:    1483172 kB
Buffers:           46588 kB
Cached:           294696 kB
MemTotal:        1844596 kB
MemFree:         1264684 kB
MemAvailable:    1481924 kB
Buffers:           46588 kB
Cached:           294696 kB
MemTotal:        1844596 kB
MemFree:         1265972 kB
MemAvailable:    1483212 kB
Buffers:           46588 kB
Cached:           294696 kB
MemTotal:        1844596 kB
MemFree:         1265964 kB
MemAvailable:    1483204 kB
Buffers:           46588 kB
Cached:           294696 kB
MemTotal:        1844596 kB
MemFree:         1264552 kB
MemAvailable:    1481792 kB
Buffers:           46588 kB
Cached:           294696 kB
MemTotal:        1844596 kB
MemFree:         1264420 kB
MemAvailable:    1481660 kB
Buffers:           46588 kB
Cached:           294696 kB
MemTotal:        1844596 kB
MemFree:         1264720 kB
MemAvailable:    1481960 kB
Buffers:           46588 kB
Cached:           294696 kB
MemTotal:        1844596 kB
MemFree:         1264548 kB
MemAvailable:    1481788 kB
Buffers:           46588 kB
Cached:           294696 kB
MemTotal:        1844596 kB
MemFree:         1265724 kB
MemAvailable:    1482964 kB
Buffers:           46588 kB
Cached:           294696 kB
MemTotal:        1844596 kB
MemFree:         1265776 kB
MemAvailable:    1483016 kB
Buffers:           46588 kB
Cached:           294696 kB
MemTotal:        1844596 kB
MemFree:         1264608 kB
MemAvailable:    1481848 kB
Buffers:           46588 kB
Cached:           294696 kB
MemTotal:        1844596 kB
MemFree:         1265628 kB
MemAvailable:    1482868 kB
Buffers:           46588 kB
Cached:           294696 kB
MemTotal:        1844596 kB
MemFree:         1265800 kB
MemAvailable:    1483040 kB
Buffers:           46588 kB
Cached:           294696 kB
MemTotal:        1844596 kB
MemFree:         1265712 kB
MemAvailable:    1482952 kB
Buffers:           46588 kB
Cached:           294696 kB
MemTotal:        1844596 kB
MemFree:         1265784 kB
MemAvailable:    1483024 kB
Buffers:           46588 kB
Cached:           294696 kB
MemTotal:        1844596 kB
MemFree:         1264484 kB
MemAvailable:    1481724 kB
Buffers:           46588 kB
Cached:           294696 kB
MemTotal:        1844596 kB
MemFree:         1264436 kB
MemAvailable:    1481676 kB
Buffers:           46588 kB
Cached:           294696 kB
MemTotal:        1844596 kB
MemFree:         1265660 kB
MemAvailable:    1482900 kB
Buffers:           46588 kB
Cached:           294696 kB
MemTotal:        1844596 kB
MemFree:         1265584 kB
MemAvailable:    1482824 kB
Buffers:           46588 kB
Cached:           294696 kB
MemTotal:        1844596 kB
MemFree:         1265920 kB
MemAvailable:    1483160 kB
Buffers:           46588 kB
Cached:           294696 kB
MemTotal:        1844596 kB
MemFree:         1264428 kB
MemAvailable:    1481668 kB
Buffers:           46588 kB
Cached:           294696 kB
MemTotal:        1844596 kB
MemFree:         1265896 kB
MemAvailable:    1483136 kB
Buffers:           46588 kB
Cached:           294696 kB
MemTotal:        1844596 kB
MemFree:         1265724 kB
MemAvailable:    1482964 kB
Buffers:           46588 kB
Cached:           294696 kB
MemTotal:        1844596 kB
MemFree:         1265644 kB
MemAvailable:    1482884 kB
Buffers:           46588 kB
Cached:           294696 kB
MemTotal:        1844596 kB
MemFree:         1265644 kB
MemAvailable:    1482884 kB
Buffers:           46588 kB
Cached:           294696 kB
MemTotal:        1844596 kB
MemFree:         1264552 kB
MemAvailable:    1481792 kB
Buffers:           46588 kB
Cached:           294696 kB
MemTotal:        1844596 kB
MemFree:         1265696 kB
MemAvailable:    1482936 kB
Buffers:           46588 kB
Cached:           294696 kB
MemTotal:        1844596 kB
MemFree:         1265948 kB
MemAvailable:    1483188 kB
Buffers:           46588 kB
Cached:           294696 kB
MemTotal:        1844596 kB
MemFree:         1264428 kB
MemAvailable:    1481668 kB
Buffers:           46588 kB
Cached:           294696 kB
MemTotal:        1844596 kB
MemFree:         1265896 kB
MemAvailable:    1483136 kB
Buffers:           46588 kB
Cached:           294696 kB
MemTotal:        1844596 kB
MemFree:         1265112 kB
MemAvailable:    1482352 kB
Buffers:           46588 kB
Cached:           294696 kB
MemTotal:        1844596 kB
MemFree:         1265668 kB
MemAvailable:    1482908 kB
Buffers:           46588 kB
Cached:           294696 kB
MemTotal:        1844596 kB
MemFree:         1265920 kB
MemAvailable:    1483160 kB
Buffers:           46588 kB
Cached:           294696 kB
MemTotal:        1844596 kB
MemFree:         1264600 kB
MemAvailable:    1481840 kB
Buffers:           46588 kB
Cached:           294696 kB
MemTotal:        1844596 kB
MemFree:         1264436 kB
MemAvailable:    1481676 kB
Buffers:           46588 kB
Cached:           294696 kB
MemTotal:        1844596 kB
MemFree:         1265916 kB
MemAvailable:    1483156 kB
Buffers:           46588 kB
Cached:           294696 kB
MemTotal:        1844596 kB
MemFree:         1265696 kB
MemAvailable:    1482936 kB
Buffers:           46588 kB
Cached:           294696 kB
MemTotal:        1844596 kB
MemFree:         1265948 kB
MemAvailable:    1483188 kB
Buffers:           46588 kB
Cached:           294696 kB
MemTotal:        1844596 kB
MemFree:         1265708 kB
MemAvailable:    1482948 kB
Buffers:           46588 kB
Cached:           294696 kB
MemTotal:        1844596 kB
MemFree:         1265724 kB
MemAvailable:    1482964 kB
Buffers:           46588 kB
Cached:           294696 kB
MemTotal:        1844596 kB
MemFree:         1265728 kB
MemAvailable:    1482968 kB
Buffers:           46588 kB
Cached:           294696 kB
MemTotal:        1844596 kB
MemFree:         1265728 kB
MemAvailable:    1482968 kB
Buffers:           46588 kB
Cached:           294696 kB
MemTotal:        1844596 kB
MemFree:         1265896 kB
MemAvailable:    1483136 kB
Buffers:           46588 kB
Cached:           294696 kB
MemTotal:        1844596 kB
MemFree:         1265724 kB
MemAvailable:    1482964 kB
Buffers:           46588 kB
Cached:           294696 kB
MemTotal:        1844596 kB
MemFree:         1264416 kB
MemAvailable:    1481656 kB
Buffers:           46588 kB
Cached:           294696 kB
MemTotal:        1844596 kB
MemFree:         1269768 kB
MemAvailable:    1487008 kB
Buffers:           46588 kB
Cached:           294696 kB
MemTotal:        1844596 kB
MemFree:         1269768 kB
MemAvailable:    1487008 kB
Buffers:           46588 kB
Cached:           294696 kB
MemTotal:        1844596 kB
MemFree:         1269736 kB
MemAvailable:    1486976 kB
Buffers:           46588 kB
Cached:           294696 kB
MemTotal:        1844596 kB
MemFree:         1269760 kB
MemAvailable:    1487000 kB
Buffers:           46588 kB
Cached:           294696 kB
MemTotal:        1844596 kB
MemFree:         1269824 kB
MemAvailable:    1487064 kB
Buffers:           46588 kB
Cached:           294696 kB
MemTotal:        1844596 kB
MemFree:         1270000 kB
MemAvailable:    1487240 kB
Buffers:           46588 kB
Cached:           294696 kB
MemTotal:        1844596 kB
MemFree:         1268652 kB
MemAvailable:    1485892 kB
Buffers:           46588 kB
Cached:           294696 kB
MemTotal:        1844596 kB
MemFree:         1268396 kB
MemAvailable:    1485636 kB
Buffers:           46588 kB
Cached:           294696 kB
MemTotal:        1844596 kB
MemFree:         1268760 kB
MemAvailable:    1486000 kB
Buffers:           46588 kB
Cached:           294696 kB
MemTotal:        1844596 kB
MemFree:         1268256 kB
MemAvailable:    1485496 kB
Buffers:           46588 kB
Cached:           294696 kB
MemTotal:        1844596 kB
MemFree:         1268064 kB
MemAvailable:    1485304 kB
Buffers:           46588 kB
Cached:           294696 kB
MemTotal:        1844596 kB
MemFree:         1266964 kB
MemAvailable:    1484204 kB
Buffers:           46588 kB
Cached:           294696 kB
MemTotal:        1844596 kB
MemFree:         1266776 kB
MemAvailable:    1484016 kB
Buffers:           46588 kB
Cached:           294696 kB
MemTotal:        1844596 kB
MemFree:         1266784 kB
MemAvailable:    1484024 kB
Buffers:           46588 kB
Cached:           294696 kB
MemTotal:        1844596 kB
MemFree:         1266592 kB
MemAvailable:    1483832 kB
Buffers:           46588 kB
Cached:           294696 kB
MemTotal:        1844596 kB
MemFree:         1267660 kB
MemAvailable:    1484900 kB
Buffers:           46588 kB
Cached:           294696 kB
MemTotal:        1844596 kB
MemFree:         1266592 kB
MemAvailable:    1483832 kB
Buffers:           46588 kB
Cached:           294696 kB
MemTotal:        1844596 kB
MemFree:         1267328 kB
MemAvailable:    1484568 kB
Buffers:           46588 kB
Cached:           294696 kB
MemTotal:        1844596 kB
MemFree:         1267344 kB
MemAvailable:    1484584 kB
Buffers:           46588 kB
Cached:           294696 kB
MemTotal:        1844596 kB
MemFree:         1267348 kB
MemAvailable:    1484588 kB
Buffers:           46588 kB
Cached:           294696 kB
MemTotal:        1844596 kB
MemFree:         1265916 kB
MemAvailable:    1483156 kB
Buffers:           46588 kB
Cached:           294696 kB
MemTotal:        1844596 kB
MemFree:         1267068 kB
MemAvailable:    1484308 kB
Buffers:           46588 kB
Cached:           294696 kB
MemTotal:        1844596 kB
MemFree:         1265780 kB
MemAvailable:    1483020 kB
Buffers:           46588 kB
Cached:           294696 kB
MemTotal:        1844596 kB
MemFree:         1265896 kB
MemAvailable:    1483136 kB
Buffers:           46588 kB
Cached:           294696 kB
MemTotal:        1844596 kB
MemFree:         1265888 kB
MemAvailable:    1483128 kB
Buffers:           46588 kB
Cached:           294696 kB
MemTotal:        1844596 kB
MemFree:         1266948 kB
MemAvailable:    1484188 kB
Buffers:           46588 kB
Cached:           294696 kB
MemTotal:        1844596 kB
MemFree:         1265724 kB
MemAvailable:    1482964 kB
Buffers:           46588 kB
Cached:           294696 kB
MemTotal:        1844596 kB
MemFree:         1266452 kB
MemAvailable:    1483692 kB
Buffers:           46588 kB
Cached:           294696 kB
MemTotal:        1844596 kB
MemFree:         1266788 kB
MemAvailable:    1484028 kB
Buffers:           46588 kB
Cached:           294696 kB
MemTotal:        1844596 kB
MemFree:         1266320 kB
MemAvailable:    1483568 kB
Buffers:           46588 kB
Cached:           294704 kB
MemTotal:        1844596 kB
MemFree:         1266344 kB
MemAvailable:    1483592 kB
Buffers:           46588 kB
Cached:           294704 kB
MemTotal:        1844596 kB
MemFree:         1265172 kB
MemAvailable:    1482420 kB
Buffers:           46588 kB
Cached:           294704 kB
MemTotal:        1844596 kB
MemFree:         1268480 kB
MemAvailable:    1485728 kB
Buffers:           46588 kB
Cached:           294704 kB
MemTotal:        1844596 kB
MemFree:         1268824 kB
MemAvailable:    1486072 kB
Buffers:           46588 kB
Cached:           294704 kB
MemTotal:        1844596 kB
MemFree:         1268748 kB
MemAvailable:    1485996 kB
Buffers:           46588 kB
Cached:           294704 kB
MemTotal:        1844596 kB
MemFree:         1267440 kB
MemAvailable:    1484688 kB
Buffers:           46588 kB
Cached:           294704 kB
MemTotal:        1844596 kB
MemFree:         1267316 kB
MemAvailable:    1484564 kB
Buffers:           46588 kB
Cached:           294704 kB
MemTotal:        1844596 kB
MemFree:         1268500 kB
MemAvailable:    1485748 kB
Buffers:           46588 kB
Cached:           294704 kB
MemTotal:        1844596 kB
MemFree:         1268500 kB
MemAvailable:    1485748 kB
Buffers:           46588 kB
Cached:           294704 kB
MemTotal:        1844596 kB
MemFree:         1268580 kB
MemAvailable:    1485828 kB
Buffers:           46588 kB
Cached:           294704 kB
MemTotal:        1844596 kB
MemFree:         1267392 kB
MemAvailable:    1484640 kB
Buffers:           46588 kB
Cached:           294704 kB
MemTotal:        1844596 kB
MemFree:         1268624 kB
MemAvailable:    1485872 kB
Buffers:           46588 kB
Cached:           294704 kB
MemTotal:        1844596 kB
MemFree:         1267304 kB
MemAvailable:    1484552 kB
Buffers:           46588 kB
Cached:           294704 kB
MemTotal:        1844596 kB
MemFree:         1267800 kB
MemAvailable:    1485048 kB
Buffers:           46588 kB
Cached:           294704 kB
MemTotal:        1844596 kB
MemFree:         1267552 kB
MemAvailable:    1484800 kB
Buffers:           46588 kB
Cached:           294704 kB
MemTotal:        1844596 kB
MemFree:         1267536 kB
MemAvailable:    1484784 kB
Buffers:           46588 kB
Cached:           294704 kB
MemTotal:        1844596 kB
MemFree:         1268520 kB
MemAvailable:    1485768 kB
Buffers:           46588 kB
Cached:           294704 kB
MemTotal:        1844596 kB
MemFree:         1268336 kB
MemAvailable:    1485584 kB
Buffers:           46588 kB
Cached:           294704 kB
MemTotal:        1844596 kB
MemFree:         1268496 kB
MemAvailable:    1485744 kB
Buffers:           46588 kB
Cached:           294704 kB
MemTotal:        1844596 kB
MemFree:         1267328 kB
MemAvailable:    1484576 kB
Buffers:           46588 kB
Cached:           294704 kB
MemTotal:        1844596 kB
MemFree:         1268588 kB
MemAvailable:    1485836 kB
Buffers:           46588 kB
Cached:           294704 kB
MemTotal:        1844596 kB
MemFree:         1267400 kB
MemAvailable:    1484648 kB
Buffers:           46588 kB
Cached:           294704 kB
MemTotal:        1844596 kB
MemFree:         1268632 kB
MemAvailable:    1485880 kB
Buffers:           46588 kB
Cached:           294704 kB
MemTotal:        1844596 kB
MemFree:         1268388 kB
MemAvailable:    1485636 kB
Buffers:           46588 kB
Cached:           294704 kB
MemTotal:        1844596 kB
MemFree:         1268556 kB
MemAvailable:    1485804 kB
Buffers:           46588 kB
Cached:           294704 kB
MemTotal:        1844596 kB
MemFree:         1266336 kB
MemAvailable:    1483584 kB
Buffers:           46588 kB
Cached:           294704 kB
MemTotal:        1844596 kB
MemFree:         1267064 kB
MemAvailable:    1484312 kB
Buffers:           46588 kB
Cached:           294704 kB
MemTotal:        1844596 kB
MemFree:         1266716 kB
MemAvailable:    1483964 kB
Buffers:           46588 kB
Cached:           294704 kB
MemTotal:        1844596 kB
MemFree:         1265704 kB
MemAvailable:    1482952 kB
Buffers:           46588 kB
Cached:           294704 kB
MemTotal:        1844596 kB
MemFree:         1266952 kB
MemAvailable:    1484200 kB
Buffers:           46588 kB
Cached:           294704 kB
MemTotal:        1844596 kB
MemFree:         1266344 kB
MemAvailable:    1483592 kB
Buffers:           46588 kB
Cached:           294704 kB
MemTotal:        1844596 kB
MemFree:         1267012 kB
MemAvailable:    1484260 kB
Buffers:           46588 kB
Cached:           294704 kB
MemTotal:        1844596 kB
MemFree:         1265724 kB
MemAvailable:    1482972 kB
Buffers:           46588 kB
Cached:           294704 kB
MemTotal:        1844596 kB
MemFree:         1265924 kB
MemAvailable:    1483172 kB
Buffers:           46588 kB
Cached:           294704 kB
MemTotal:        1844596 kB
MemFree:         1265924 kB
MemAvailable:    1483172 kB
Buffers:           46588 kB
Cached:           294704 kB
MemTotal:        1844596 kB
MemFree:         1265800 kB
MemAvailable:    1483048 kB
Buffers:           46588 kB
Cached:           294704 kB
MemTotal:        1844596 kB
MemFree:         1265668 kB
MemAvailable:    1482916 kB
Buffers:           46588 kB
Cached:           294704 kB
MemTotal:        1844596 kB
MemFree:         1267024 kB
MemAvailable:    1484272 kB
Buffers:           46588 kB
Cached:           294704 kB
MemTotal:        1844596 kB
MemFree:         1266896 kB
MemAvailable:    1484144 kB
Buffers:           46588 kB
Cached:           294704 kB
MemTotal:        1844596 kB
MemFree:         1266840 kB
MemAvailable:    1484088 kB
Buffers:           46588 kB
Cached:           294704 kB
MemTotal:        1844596 kB
MemFree:         1266784 kB
MemAvailable:    1484032 kB
Buffers:           46588 kB
Cached:           294704 kB
MemTotal:        1844596 kB
MemFree:         1265704 kB
MemAvailable:    1482952 kB
Buffers:           46588 kB
Cached:           294704 kB
MemTotal:        1844596 kB
MemFree:         1266748 kB
MemAvailable:    1483996 kB
Buffers:           46588 kB
Cached:           294704 kB
MemTotal:        1844596 kB
MemFree:         1265724 kB
MemAvailable:    1482972 kB
Buffers:           46588 kB
Cached:           294704 kB
MemTotal:        1844596 kB
MemFree:         1265332 kB
MemAvailable:    1482580 kB
Buffers:           46588 kB
Cached:           294704 kB
MemTotal:        1844596 kB
MemFree:         1266580 kB
MemAvailable:    1483828 kB
Buffers:           46588 kB
Cached:           294704 kB
MemTotal:        1844596 kB
MemFree:         1265332 kB
MemAvailable:    1482580 kB
Buffers:           46592 kB
Cached:           294700 kB
MemTotal:        1844596 kB
MemFree:         1266508 kB
MemAvailable:    1483756 kB
Buffers:           46592 kB
Cached:           294700 kB
MemTotal:        1844596 kB
MemFree:         1266376 kB
MemAvailable:    1483624 kB
Buffers:           46592 kB
Cached:           294700 kB
MemTotal:        1844596 kB
MemFree:         1266004 kB
MemAvailable:    1483252 kB
Buffers:           46592 kB
Cached:           294700 kB
MemTotal:        1844596 kB
MemFree:         1266004 kB
MemAvailable:    1483252 kB
Buffers:           46592 kB
Cached:           294700 kB
MemTotal:        1844596 kB
MemFree:         1264960 kB
MemAvailable:    1482208 kB
Buffers:           46592 kB
Cached:           294700 kB
MemTotal:        1844596 kB
MemFree:         1266152 kB
MemAvailable:    1483400 kB
Buffers:           46592 kB
Cached:           294700 kB
MemTotal:        1844596 kB
MemFree:         1266320 kB
MemAvailable:    1483568 kB
Buffers:           46592 kB
Cached:           294700 kB
MemTotal:        1844596 kB
MemFree:         1265040 kB
MemAvailable:    1482288 kB
Buffers:           46592 kB
Cached:           294700 kB
MemTotal:        1844596 kB
MemFree:         1265048 kB
MemAvailable:    1482296 kB
Buffers:           46592 kB
Cached:           294700 kB
MemTotal:        1844596 kB
MemFree:         1266020 kB
MemAvailable:    1483268 kB
Buffers:           46592 kB
Cached:           294700 kB
MemTotal:        1844596 kB
MemFree:         1266272 kB
MemAvailable:    1483520 kB
Buffers:           46592 kB
Cached:           294700 kB
MemTotal:        1844596 kB
MemFree:         1266268 kB
MemAvailable:    1483516 kB
Buffers:           46592 kB
Cached:           294700 kB
MemTotal:        1844596 kB
MemFree:         1266064 kB
MemAvailable:    1483312 kB
Buffers:           46592 kB
Cached:           294700 kB
MemTotal:        1844596 kB
MemFree:         1266064 kB
MemAvailable:    1483312 kB
Buffers:           46592 kB
Cached:           294700 kB
MemTotal:        1844596 kB
MemFree:         1266100 kB
MemAvailable:    1483348 kB
Buffers:           46592 kB
Cached:           294700 kB
MemTotal:        1844596 kB
MemFree:         1264924 kB
MemAvailable:    1482172 kB
Buffers:           46592 kB
Cached:           294700 kB
MemTotal:        1844596 kB
MemFree:         1266392 kB
MemAvailable:    1483640 kB
Buffers:           46592 kB
Cached:           294700 kB
MemTotal:        1844596 kB
MemFree:         1266124 kB
MemAvailable:    1483372 kB
Buffers:           46592 kB
Cached:           294700 kB
MemTotal:        1844596 kB
MemFree:         1266124 kB
MemAvailable:    1483372 kB
Buffers:           46592 kB
Cached:           294700 kB
MemTotal:        1844596 kB
MemFree:         1264924 kB
MemAvailable:    1482172 kB
Buffers:           46592 kB
Cached:           294700 kB
MemTotal:        1844596 kB
MemFree:         1265048 kB
MemAvailable:    1482296 kB
Buffers:           46592 kB
Cached:           294700 kB
MemTotal:        1844596 kB
MemFree:         1266232 kB
MemAvailable:    1483484 kB
Buffers:           46592 kB
Cached:           294704 kB
MemTotal:        1844596 kB
MemFree:         1264980 kB
MemAvailable:    1482232 kB
Buffers:           46592 kB
Cached:           294704 kB
MemTotal:        1844596 kB
MemFree:         1264932 kB
MemAvailable:    1482196 kB
Buffers:           46592 kB
Cached:           294716 kB
MemTotal:        1844596 kB
MemFree:         1265056 kB
MemAvailable:    1482320 kB
Buffers:           46592 kB
Cached:           294716 kB
MemTotal:        1844596 kB
MemFree:         1266156 kB
MemAvailable:    1483420 kB
Buffers:           46592 kB
Cached:           294716 kB
MemTotal:        1844596 kB
MemFree:         1266028 kB
MemAvailable:    1483292 kB
Buffers:           46592 kB
Cached:           294716 kB
MemTotal:        1844596 kB
MemFree:         1266028 kB
MemAvailable:    1483292 kB
Buffers:           46592 kB
Cached:           294716 kB
MemTotal:        1844596 kB
MemFree:         1264960 kB
MemAvailable:    1482224 kB
Buffers:           46592 kB
Cached:           294716 kB
MemTotal:        1844596 kB
MemFree:         1266220 kB
MemAvailable:    1483484 kB
Buffers:           46592 kB
Cached:           294716 kB
MemTotal:        1844596 kB
MemFree:         1266016 kB
MemAvailable:    1483280 kB
Buffers:           46592 kB
Cached:           294716 kB
MemTotal:        1844596 kB
MemFree:         1266248 kB
MemAvailable:    1483512 kB
Buffers:           46592 kB
Cached:           294716 kB
MemTotal:        1844596 kB
MemFree:         1266204 kB
MemAvailable:    1483468 kB
Buffers:           46592 kB
Cached:           294716 kB
MemTotal:        1844596 kB
MemFree:         1266088 kB
MemAvailable:    1483352 kB
Buffers:           46592 kB
Cached:           294716 kB
MemTotal:        1844596 kB
MemFree:         1266032 kB
MemAvailable:    1483296 kB
Buffers:           46592 kB
Cached:           294716 kB
MemTotal:        1844596 kB
MemFree:         1266368 kB
MemAvailable:    1483632 kB
Buffers:           46592 kB
Cached:           294716 kB
MemTotal:        1844596 kB
MemFree:         1265092 kB
MemAvailable:    1482356 kB
Buffers:           46592 kB
Cached:           294716 kB
MemTotal:        1844596 kB
MemFree:         1266436 kB
MemAvailable:    1483700 kB
Buffers:           46592 kB
Cached:           294716 kB
MemTotal:        1844596 kB
MemFree:         1264920 kB
MemAvailable:    1482184 kB
Buffers:           46592 kB
Cached:           294716 kB
MemTotal:        1844596 kB
MemFree:         1266088 kB
MemAvailable:    1483352 kB
Buffers:           46592 kB
Cached:           294716 kB
MemTotal:        1844596 kB
MemFree:         1266428 kB
MemAvailable:    1483692 kB
Buffers:           46592 kB
Cached:           294716 kB
MemTotal:        1844596 kB
MemFree:         1266148 kB
MemAvailable:    1483412 kB
Buffers:           46592 kB
Cached:           294716 kB
MemTotal:        1844596 kB
MemFree:         1264972 kB
MemAvailable:    1482236 kB
Buffers:           46592 kB
Cached:           294716 kB
MemTotal:        1844596 kB
MemFree:         1264964 kB
MemAvailable:    1482228 kB
Buffers:           46592 kB
Cached:           294716 kB
MemTotal:        1844596 kB
MemFree:         1264840 kB
MemAvailable:    1482104 kB
Buffers:           46592 kB
Cached:           294716 kB
MemTotal:        1844596 kB
MemFree:         1265816 kB
MemAvailable:    1483080 kB
Buffers:           46592 kB
Cached:           294716 kB
MemTotal:        1844596 kB
MemFree:         1266068 kB
MemAvailable:    1483332 kB
Buffers:           46592 kB
Cached:           294716 kB
MemTotal:        1844596 kB
MemFree:         1264712 kB
MemAvailable:    1481976 kB
Buffers:           46592 kB
Cached:           294716 kB
MemTotal:        1844596 kB
MemFree:         1264712 kB
MemAvailable:    1481976 kB
Buffers:           46592 kB
Cached:           294716 kB
MemTotal:        1844596 kB
MemFree:         1265972 kB
MemAvailable:    1483236 kB
Buffers:           46592 kB
Cached:           294716 kB
MemTotal:        1844596 kB
MemFree:         1265968 kB
MemAvailable:    1483232 kB
Buffers:           46592 kB
Cached:           294716 kB
MemTotal:        1844596 kB
MemFree:         1265352 kB
MemAvailable:    1482616 kB
Buffers:           46592 kB
Cached:           294716 kB
MemTotal:        1844596 kB
MemFree:         1264712 kB
MemAvailable:    1481976 kB
Buffers:           46592 kB
Cached:           294716 kB
MemTotal:        1844596 kB
MemFree:         1266132 kB
MemAvailable:    1483396 kB
Buffers:           46592 kB
Cached:           294716 kB
MemTotal:        1844596 kB
MemFree:         1266040 kB
MemAvailable:    1483304 kB
Buffers:           46592 kB
Cached:           294716 kB
MemTotal:        1844596 kB
MemFree:         1265904 kB
MemAvailable:    1483168 kB
Buffers:           46592 kB
Cached:           294716 kB
MemTotal:        1844596 kB
MemFree:         1265848 kB
MemAvailable:    1483112 kB
Buffers:           46592 kB
Cached:           294716 kB
MemTotal:        1844596 kB
MemFree:         1265976 kB
MemAvailable:    1483240 kB
Buffers:           46592 kB
Cached:           294716 kB
MemTotal:        1844596 kB
MemFree:         1264796 kB
MemAvailable:    1482060 kB
Buffers:           46592 kB
Cached:           294716 kB
MemTotal:        1844596 kB
MemFree:         1264664 kB
MemAvailable:    1481928 kB
Buffers:           46592 kB
Cached:           294716 kB
MemTotal:        1844596 kB
MemFree:         1266008 kB
MemAvailable:    1483272 kB
Buffers:           46592 kB
Cached:           294716 kB
MemTotal:        1844596 kB
MemFree:         1265760 kB
MemAvailable:    1483024 kB
Buffers:           46592 kB
Cached:           294716 kB
MemTotal:        1844596 kB
MemFree:         1266096 kB
MemAvailable:    1483360 kB
Buffers:           46592 kB
Cached:           294716 kB
MemTotal:        1844596 kB
MemFree:         1265996 kB
MemAvailable:    1483260 kB
Buffers:           46592 kB
Cached:           294716 kB
MemTotal:        1844596 kB
MemFree:         1265344 kB
MemAvailable:    1482608 kB
Buffers:           46592 kB
Cached:           294716 kB
MemTotal:        1844596 kB
MemFree:         1265820 kB
MemAvailable:    1483084 kB
Buffers:           46592 kB
Cached:           294716 kB
MemTotal:        1844596 kB
MemFree:         1266076 kB
MemAvailable:    1483340 kB
Buffers:           46592 kB
Cached:           294716 kB
MemTotal:        1844596 kB
MemFree:         1265808 kB
MemAvailable:    1483072 kB
Buffers:           46592 kB
Cached:           294716 kB
MemTotal:        1844596 kB
MemFree:         1266060 kB
MemAvailable:    1483324 kB
Buffers:           46592 kB
Cached:           294716 kB
MemTotal:        1844596 kB
MemFree:         1264544 kB
MemAvailable:    1481808 kB
Buffers:           46592 kB
Cached:           294716 kB
MemTotal:        1844596 kB
MemFree:         1264844 kB
MemAvailable:    1482108 kB
Buffers:           46592 kB
Cached:           294716 kB
MemTotal:        1844596 kB
MemFree:         1266068 kB
MemAvailable:    1483332 kB
Buffers:           46592 kB
Cached:           294716 kB
MemTotal:        1844596 kB
MemFree:         1265832 kB
MemAvailable:    1483096 kB
Buffers:           46592 kB
Cached:           294716 kB
MemTotal:        1844596 kB
MemFree:         1265972 kB
MemAvailable:    1483236 kB
Buffers:           46592 kB
Cached:           294716 kB
MemTotal:        1844596 kB
MemFree:         1264544 kB
MemAvailable:    1481808 kB
Buffers:           46592 kB
Cached:           294716 kB
MemTotal:        1844596 kB
MemFree:         1266044 kB
MemAvailable:    1483308 kB
Buffers:           46592 kB
Cached:           294716 kB
MemTotal:        1844596 kB
MemFree:         1266020 kB
MemAvailable:    1483284 kB
Buffers:           46592 kB
Cached:           294716 kB
MemTotal:        1844596 kB
MemFree:         1264836 kB
MemAvailable:    1482100 kB
Buffers:           46592 kB
Cached:           294716 kB
MemTotal:        1844596 kB
MemFree:         1264788 kB
MemAvailable:    1482052 kB
Buffers:           46592 kB
Cached:           294716 kB
MemTotal:        1844596 kB
MemFree:         1266116 kB
MemAvailable:    1483380 kB
Buffers:           46592 kB
Cached:           294716 kB
MemTotal:        1844596 kB
MemFree:         1265352 kB
MemAvailable:    1482616 kB
Buffers:           46592 kB
Cached:           294716 kB
MemTotal:        1844596 kB
MemFree:         1266280 kB
MemAvailable:    1483548 kB
Buffers:           46592 kB
Cached:           294720 kB
MemTotal:        1844596 kB
MemFree:         1264972 kB
MemAvailable:    1482240 kB
Buffers:           46592 kB
Cached:           294720 kB
MemTotal:        1844596 kB
MemFree:         1265968 kB
MemAvailable:    1483236 kB
Buffers:           46592 kB
Cached:           294720 kB
MemTotal:        1844596 kB
MemFree:         1264668 kB
MemAvailable:    1481936 kB
Buffers:           46592 kB
Cached:           294720 kB
MemTotal:        1844596 kB
MemFree:         1266012 kB
MemAvailable:    1483280 kB
Buffers:           46592 kB
Cached:           294720 kB
MemTotal:        1844596 kB
MemFree:         1265964 kB
MemAvailable:    1483232 kB
Buffers:           46592 kB
Cached:           294720 kB
MemTotal:        1844596 kB
MemFree:         1265584 kB
MemAvailable:    1482852 kB
Buffers:           46592 kB
Cached:           294720 kB
MemTotal:        1844596 kB
MemFree:         1265584 kB
MemAvailable:    1482852 kB
Buffers:           46592 kB
Cached:           294720 kB
MemTotal:        1844596 kB
MemFree:         1265524 kB
MemAvailable:    1482792 kB
Buffers:           46592 kB
Cached:           294720 kB
MemTotal:        1844596 kB
MemFree:         1264176 kB
MemAvailable:    1481444 kB
Buffers:           46592 kB
Cached:           294720 kB
MemTotal:        1844596 kB
