MemTotal:        1844596 kB
MemFree:          323860 kB
MemAvailable:    1558136 kB
Buffers:           85324 kB
Cached:          1256432 kB
MemTotal:        1844596 kB
MemFree:          321388 kB
MemAvailable:    1555664 kB
Buffers:           85324 kB
Cached:          1256432 kB
MemTotal:        1844596 kB
MemFree:          320212 kB
MemAvailable:    1554488 kB
Buffers:           85324 kB
Cached:          1256432 kB
MemTotal:        1844596 kB
MemFree:          321016 kB
MemAvailable:    1555292 kB
Buffers:           85324 kB
Cached:          1256432 kB
MemTotal:        1844596 kB
MemFree:          320760 kB
MemAvailable:    1555036 kB
Buffers:           85324 kB
Cached:          1256432 kB
MemTotal:        1844596 kB
MemFree:          317360 kB
MemAvailable:    1551636 kB
Buffers:           85324 kB
Cached:          1256432 kB
MemTotal:        1844596 kB
MemFree:          317772 kB
MemAvailable:    1552048 kB
Buffers:           85324 kB
Cached:          1256432 kB
MemTotal:        1844596 kB
MemFree:          316228 kB
MemAvailable:    1550504 kB
Buffers:           85324 kB
Cached:          1256432 kB
MemTotal:        1844596 kB
MemFree:          315996 kB
MemAvailable:    1550272 kB
Buffers:           85324 kB
Cached:          1256432 kB
MemTotal:        1844596 kB
MemFree:          312524 kB
MemAvailable:    1546800 kB
Buffers:           85324 kB
Cached:          1256432 kB
MemTotal:        1844596 kB
MemFree:          310972 kB
MemAvailable:    1545248 kB
Buffers:           85324 kB
Cached:          1256432 kB
MemTotal:        1844596 kB
MemFree:          307688 kB
MemAvailable:    1541964 kB
Buffers:           85324 kB
Cached:          1256432 kB
MemTotal:        1844596 kB
MemFree:          309168 kB
MemAvailable:    1543444 kB
Buffers:           85324 kB
Cached:          1256432 kB
MemTotal:        1844596 kB
MemFree:          309360 kB
MemAvailable:    1543636 kB
Buffers:           85324 kB
Cached:          1256432 kB
MemTotal:        1844596 kB
MemFree:          309080 kB
MemAvailable:    1543356 kB
Buffers:           85324 kB
Cached:          1256432 kB
MemTotal:        1844596 kB
MemFree:          309080 kB
MemAvailable:    1543356 kB
Buffers:           85324 kB
Cached:          1256432 kB
MemTotal:        1844596 kB
MemFree:          309348 kB
MemAvailable:    1543624 kB
Buffers:           85324 kB
Cached:          1256432 kB
MemTotal:        1844596 kB
MemFree:          307916 kB
MemAvailable:    1542192 kB
Buffers:           85324 kB
Cached:          1256432 kB
MemTotal:        1844596 kB
MemFree:          309112 kB
MemAvailable:    1543388 kB
Buffers:           85324 kB
Cached:          1256432 kB
MemTotal:        1844596 kB
MemFree:          308656 kB
MemAvailable:    1542932 kB
Buffers:           85324 kB
Cached:          1256432 kB
MemTotal:        1844596 kB
MemFree:          308992 kB
MemAvailable:    1543268 kB
Buffers:           85324 kB
Cached:          1256432 kB
MemTotal:        1844596 kB
MemFree:          307440 kB
MemAvailable:    1541716 kB
Buffers:           85324 kB
Cached:          1256432 kB
MemTotal:        1844596 kB
MemFree:          307128 kB
MemAvailable:    1541404 kB
Buffers:           85324 kB
Cached:          1256432 kB
MemTotal:        1844596 kB
MemFree:          305820 kB
MemAvailable:    1540096 kB
Buffers:           85324 kB
Cached:          1256432 kB
MemTotal:        1844596 kB
MemFree:          306752 kB
MemAvailable:    1541028 kB
Buffers:           85324 kB
Cached:          1256432 kB
MemTotal:        1844596 kB
MemFree:          306944 kB
MemAvailable:    1541220 kB
Buffers:           85324 kB
Cached:          1256432 kB
MemTotal:        1844596 kB
MemFree:          306556 kB
MemAvailable:    1540832 kB
Buffers:           85324 kB
Cached:          1256432 kB
MemTotal:        1844596 kB
MemFree:          306892 kB
MemAvailable:    1541168 kB
Buffers:           85324 kB
Cached:          1256432 kB
MemTotal:        1844596 kB
MemFree:          305704 kB
MemAvailable:    1539980 kB
Buffers:           85324 kB
Cached:          1256432 kB
MemTotal:        1844596 kB
MemFree:          305696 kB
MemAvailable:    1539972 kB
Buffers:           85324 kB
Cached:          1256432 kB
MemTotal:        1844596 kB
MemFree:          306944 kB
MemAvailable:    1541220 kB
Buffers:           85324 kB
Cached:          1256432 kB
MemTotal:        1844596 kB
MemFree:          305696 kB
MemAvailable:    1539972 kB
Buffers:           85324 kB
Cached:          1256432 kB
MemTotal:        1844596 kB
MemFree:          305532 kB
MemAvailable:    1539808 kB
Buffers:           85324 kB
Cached:          1256432 kB
MemTotal:        1844596 kB
MemFree:          306744 kB
MemAvailable:    1541020 kB
Buffers:           85324 kB
Cached:          1256432 kB
MemTotal:        1844596 kB
MemFree:          306004 kB
MemAvailable:    1540280 kB
Buffers:           85324 kB
Cached:          1256432 kB
MemTotal:        1844596 kB
MemFree:          301968 kB
MemAvailable:    1536244 kB
Buffers:           85324 kB
Cached:          1256432 kB
MemTotal:        1844596 kB
MemFree:          301968 kB
MemAvailable:    1536244 kB
Buffers:           85324 kB
Cached:          1256432 kB
MemTotal:        1844596 kB
MemFree:          300732 kB
MemAvailable:    1535008 kB
Buffers:           85324 kB
Cached:          1256432 kB
MemTotal:        1844596 kB
MemFree:          301964 kB
MemAvailable:    1536240 kB
Buffers:           85324 kB
Cached:          1256432 kB
MemTotal:        1844596 kB
MemFree:          301912 kB
MemAvailable:    1536188 kB
Buffers:           85324 kB
Cached:          1256432 kB
MemTotal:        1844596 kB
MemFree:          301672 kB
MemAvailable:    1535948 kB
Buffers:           85324 kB
Cached:          1256432 kB
MemTotal:        1844596 kB
MemFree:          301844 kB
MemAvailable:    1536120 kB
Buffers:           85324 kB
Cached:          1256432 kB
MemTotal:        1844596 kB
MemFree:          301672 kB
MemAvailable:    1535948 kB
Buffers:           85324 kB
Cached:          1256432 kB
MemTotal:        1844596 kB
MemFree:          301672 kB
MemAvailable:    1535948 kB
Buffers:           85324 kB
Cached:          1256432 kB
MemTotal:        1844596 kB
MemFree:          301216 kB
MemAvailable:    1535492 kB
Buffers:           85324 kB
Cached:          1256432 kB
MemTotal:        1844596 kB
MemFree:          301552 kB
MemAvailable:    1535828 kB
Buffers:           85324 kB
Cached:          1256432 kB
MemTotal:        1844596 kB
MemFree:          300852 kB
MemAvailable:    1535128 kB
Buffers:           85324 kB
Cached:          1256432 kB
MemTotal:        1844596 kB
MemFree:          301104 kB
MemAvailable:    1535380 kB
Buffers:           85324 kB
Cached:          1256432 kB
MemTotal:        1844596 kB
MemFree:          299744 kB
MemAvailable:    1534020 kB
Buffers:           85324 kB
Cached:          1256432 kB
MemTotal:        1844596 kB
MemFree:          300748 kB
MemAvailable:    1535024 kB
Buffers:           85324 kB
Cached:          1256432 kB
MemTotal:        1844596 kB
MemFree:          300680 kB
MemAvailable:    1534956 kB
Buffers:           85324 kB
Cached:          1256432 kB
MemTotal:        1844596 kB
MemFree:          300508 kB
MemAvailable:    1534784 kB
Buffers:           85324 kB
Cached:          1256432 kB
MemTotal:        1844596 kB
MemFree:          300376 kB
MemAvailable:    1534652 kB
Buffers:           85324 kB
Cached:          1256432 kB
MemTotal:        1844596 kB
MemFree:          299388 kB
MemAvailable:    1533664 kB
Buffers:           85324 kB
Cached:          1256432 kB
MemTotal:        1844596 kB
MemFree:          300060 kB
MemAvailable:    1534336 kB
Buffers:           85324 kB
Cached:          1256432 kB
MemTotal:        1844596 kB
MemFree:          298836 kB
MemAvailable:    1533112 kB
Buffers:           85324 kB
Cached:          1256432 kB
MemTotal:        1844596 kB
MemFree:          300256 kB
MemAvailable:    1534532 kB
Buffers:           85324 kB
Cached:          1256432 kB
MemTotal:        1844596 kB
MemFree:          299116 kB
MemAvailable:    1533392 kB
Buffers:           85324 kB
Cached:          1256432 kB
MemTotal:        1844596 kB
MemFree:          300252 kB
MemAvailable:    1534536 kB
Buffers:           85324 kB
Cached:          1256440 kB
MemTotal:        1844596 kB
MemFree:          300296 kB
MemAvailable:    1534580 kB
Buffers:           85324 kB
Cached:          1256440 kB
MemTotal:        1844596 kB
MemFree:          299504 kB
MemAvailable:    1533788 kB
Buffers:           85324 kB
Cached:          1256440 kB
MemTotal:        1844596 kB
MemFree:          300068 kB
MemAvailable:    1534356 kB
Buffers:           85324 kB
Cached:          1256444 kB
MemTotal:        1844596 kB
MemFree:          300152 kB
MemAvailable:    1534440 kB
Buffers:           85324 kB
Cached:          1256444 kB
MemTotal:        1844596 kB
MemFree:          300252 kB
MemAvailable:    1534540 kB
Buffers:           85324 kB
Cached:          1256444 kB
MemTotal:        1844596 kB
MemFree:          299996 kB
MemAvailable:    1534284 kB
Buffers:           85324 kB
Cached:          1256444 kB
MemTotal:        1844596 kB
MemFree:          298760 kB
MemAvailable:    1533048 kB
Buffers:           85324 kB
Cached:          1256444 kB
MemTotal:        1844596 kB
MemFree:          294164 kB
MemAvailable:    1528452 kB
Buffers:           85324 kB
Cached:          1256444 kB
MemTotal:        1844596 kB
MemFree:          294164 kB
MemAvailable:    1528452 kB
Buffers:           85324 kB
Cached:          1256444 kB
MemTotal:        1844596 kB
MemFree:          294060 kB
MemAvailable:    1528348 kB
Buffers:           85324 kB
Cached:          1256444 kB
MemTotal:        1844596 kB
MemFree:          292808 kB
MemAvailable:    1527096 kB
Buffers:           85324 kB
Cached:          1256444 kB
MemTotal:        1844596 kB
MemFree:          292932 kB
MemAvailable:    1527220 kB
Buffers:           85324 kB
Cached:          1256444 kB
MemTotal:        1844596 kB
MemFree:          293612 kB
MemAvailable:    1527900 kB
Buffers:           85324 kB
Cached:          1256444 kB
MemTotal:        1844596 kB
MemFree:          293480 kB
MemAvailable:    1527768 kB
Buffers:           85324 kB
Cached:          1256444 kB
MemTotal:        1844596 kB
MemFree:          293024 kB
MemAvailable:    1527312 kB
Buffers:           85324 kB
Cached:          1256444 kB
MemTotal:        1844596 kB
MemFree:          292380 kB
MemAvailable:    1526668 kB
Buffers:           85324 kB
Cached:          1256444 kB
MemTotal:        1844596 kB
MemFree:          292668 kB
MemAvailable:    1526960 kB
Buffers:           85324 kB
Cached:          1256448 kB
MemTotal:        1844596 kB
MemFree:          292880 kB
MemAvailable:    1527172 kB
Buffers:           85324 kB
Cached:          1256448 kB
MemTotal:        1844596 kB
MemFree:          291444 kB
MemAvailable:    1525736 kB
Buffers:           85324 kB
Cached:          1256448 kB
MemTotal:        1844596 kB
MemFree:          290576 kB
MemAvailable:    1524868 kB
Buffers:           85324 kB
Cached:          1256448 kB
MemTotal:        1844596 kB
MemFree:          290576 kB
MemAvailable:    1524868 kB
Buffers:           85324 kB
Cached:          1256448 kB
MemTotal:        1844596 kB
MemFree:          290204 kB
MemAvailable:    1524496 kB
Buffers:           85324 kB
Cached:          1256448 kB
MemTotal:        1844596 kB
MemFree:          289956 kB
MemAvailable:    1524248 kB
Buffers:           85324 kB
Cached:          1256448 kB
MemTotal:        1844596 kB
MemFree:          290568 kB
MemAvailable:    1524860 kB
Buffers:           85324 kB
Cached:          1256448 kB
MemTotal:        1844596 kB
MemFree:          290460 kB
MemAvailable:    1524752 kB
Buffers:           85324 kB
Cached:          1256448 kB
MemTotal:        1844596 kB
MemFree:          290436 kB
MemAvailable:    1524728 kB
Buffers:           85324 kB
Cached:          1256448 kB
MemTotal:        1844596 kB
MemFree:          290576 kB
MemAvailable:    1524868 kB
Buffers:           85324 kB
Cached:          1256448 kB
MemTotal:        1844596 kB
MemFree:          289156 kB
MemAvailable:    1523448 kB
Buffers:           85324 kB
Cached:          1256448 kB
MemTotal:        1844596 kB
MemFree:          290624 kB
MemAvailable:    1524916 kB
Buffers:           85324 kB
Cached:          1256448 kB
MemTotal:        1844596 kB
MemFree:          289192 kB
MemAvailable:    1523484 kB
Buffers:           85324 kB
Cached:          1256448 kB
MemTotal:        1844596 kB
MemFree:          290492 kB
MemAvailable:    1524784 kB
Buffers:           85324 kB
Cached:          1256448 kB
MemTotal:        1844596 kB
MemFree:          289192 kB
MemAvailable:    1523484 kB
Buffers:           85324 kB
Cached:          1256448 kB
MemTotal:        1844596 kB
MemFree:          290484 kB
MemAvailable:    1524776 kB
Buffers:           85324 kB
Cached:          1256448 kB
MemTotal:        1844596 kB
MemFree:          290612 kB
MemAvailable:    1524904 kB
Buffers:           85324 kB
Cached:          1256448 kB
MemTotal:        1844596 kB
MemFree:          289832 kB
MemAvailable:    1524124 kB
Buffers:           85324 kB
Cached:          1256448 kB
MemTotal:        1844596 kB
MemFree:          290876 kB
MemAvailable:    1525168 kB
Buffers:           85324 kB
Cached:          1256448 kB
MemTotal:        1844596 kB
MemFree:          290204 kB
MemAvailable:    1524496 kB
Buffers:           85324 kB
Cached:          1256448 kB
MemTotal:        1844596 kB
MemFree:          289816 kB
MemAvailable:    1524108 kB
Buffers:           85324 kB
Cached:          1256448 kB
MemTotal:        1844596 kB
MemFree:          290152 kB
MemAvailable:    1524444 kB
Buffers:           85324 kB
Cached:          1256448 kB
MemTotal:        1844596 kB
MemFree:          288708 kB
MemAvailable:    1523000 kB
Buffers:           85324 kB
Cached:          1256448 kB
MemTotal:        1844596 kB
MemFree:          289336 kB
MemAvailable:    1523628 kB
Buffers:           85324 kB
Cached:          1256448 kB
MemTotal:        1844596 kB
MemFree:          288220 kB
MemAvailable:    1522512 kB
Buffers:           85324 kB
Cached:          1256448 kB
MemTotal:        1844596 kB
MemFree:          289212 kB
MemAvailable:    1523508 kB
Buffers:           85324 kB
Cached:          1256452 kB
MemTotal:        1844596 kB
MemFree:          287848 kB
MemAvailable:    1522144 kB
Buffers:           85324 kB
Cached:          1256452 kB
MemTotal:        1844596 kB
MemFree:          288588 kB
MemAvailable:    1522884 kB
Buffers:           85324 kB
Cached:          1256452 kB
MemTotal:        1844596 kB
MemFree:          288440 kB
MemAvailable:    1522736 kB
Buffers:           85324 kB
Cached:          1256452 kB
MemTotal:        1844596 kB
MemFree:          288524 kB
MemAvailable:    1522820 kB
Buffers:           85324 kB
Cached:          1256452 kB
MemTotal:        1844596 kB
MemFree:          288080 kB
MemAvailable:    1522376 kB
Buffers:           85324 kB
Cached:          1256452 kB
MemTotal:        1844596 kB
MemFree:          288080 kB
MemAvailable:    1522376 kB
Buffers:           85324 kB
Cached:          1256452 kB
MemTotal:        1844596 kB
MemFree:          287696 kB
MemAvailable:    1521992 kB
Buffers:           85324 kB
Cached:          1256452 kB
MemTotal:        1844596 kB
MemFree:          288032 kB
MemAvailable:    1522328 kB
Buffers:           85324 kB
Cached:          1256452 kB
MemTotal:        1844596 kB
MemFree:          287840 kB
MemAvailable:    1522136 kB
Buffers:           85324 kB
Cached:          1256452 kB
MemTotal:        1844596 kB
MemFree:          287692 kB
MemAvailable:    1521988 kB
Buffers:           85324 kB
Cached:          1256452 kB
MemTotal:        1844596 kB
MemFree:          287948 kB
MemAvailable:    1522244 kB
Buffers:           85324 kB
Cached:          1256452 kB
MemTotal:        1844596 kB
MemFree:          287908 kB
MemAvailable:    1522204 kB
Buffers:           85324 kB
Cached:          1256452 kB
MemTotal:        1844596 kB
MemFree:          286352 kB
MemAvailable:    1520648 kB
Buffers:           85324 kB
Cached:          1256452 kB
MemTotal:        1844596 kB
MemFree:          286716 kB
MemAvailable:    1521012 kB
Buffers:           85324 kB
Cached:          1256452 kB
MemTotal:        1844596 kB
MemFree:          286716 kB
MemAvailable:    1521012 kB
Buffers:           85324 kB
Cached:          1256452 kB
MemTotal:        1844596 kB
MemFree:          283880 kB
MemAvailable:    1518176 kB
Buffers:           85324 kB
Cached:          1256452 kB
MemTotal:        1844596 kB
MemFree:          282888 kB
MemAvailable:    1517184 kB
Buffers:           85324 kB
Cached:          1256452 kB
MemTotal:        1844596 kB
MemFree:          279600 kB
MemAvailable:    1513896 kB
Buffers:           85324 kB
Cached:          1256452 kB
MemTotal:        1844596 kB
MemFree:          277564 kB
MemAvailable:    1511860 kB
Buffers:           85324 kB
Cached:          1256452 kB
MemTotal:        1844596 kB
MemFree:          277912 kB
MemAvailable:    1512208 kB
Buffers:           85324 kB
Cached:          1256452 kB
MemTotal:        1844596 kB
MemFree:          277912 kB
MemAvailable:    1512208 kB
Buffers:           85324 kB
Cached:          1256452 kB
MemTotal:        1844596 kB
MemFree:          278104 kB
MemAvailable:    1512400 kB
Buffers:           85324 kB
Cached:          1256452 kB
MemTotal:        1844596 kB
MemFree:          277928 kB
MemAvailable:    1512224 kB
Buffers:           85324 kB
Cached:          1256452 kB
MemTotal:        1844596 kB
MemFree:          277664 kB
MemAvailable:    1511960 kB
Buffers:           85324 kB
Cached:          1256452 kB
MemTotal:        1844596 kB
MemFree:          277540 kB
MemAvailable:    1511836 kB
Buffers:           85324 kB
Cached:          1256452 kB
MemTotal:        1844596 kB
MemFree:          276192 kB
MemAvailable:    1510488 kB
Buffers:           85324 kB
Cached:          1256452 kB
MemTotal:        1844596 kB
MemFree:          276424 kB
MemAvailable:    1510720 kB
Buffers:           85324 kB
Cached:          1256452 kB
MemTotal:        1844596 kB
MemFree:          276760 kB
MemAvailable:    1511056 kB
Buffers:           85324 kB
Cached:          1256452 kB
MemTotal:        1844596 kB
MemFree:          275316 kB
MemAvailable:    1509612 kB
Buffers:           85324 kB
Cached:          1256452 kB
MemTotal:        1844596 kB
MemFree:          276376 kB
MemAvailable:    1510672 kB
Buffers:           85324 kB
Cached:          1256452 kB
MemTotal:        1844596 kB
MemFree:          275200 kB
MemAvailable:    1509496 kB
Buffers:           85324 kB
Cached:          1256452 kB
MemTotal:        1844596 kB
MemFree:          275916 kB
MemAvailable:    1510212 kB
Buffers:           85324 kB
Cached:          1256452 kB
MemTotal:        1844596 kB
MemFree:          276252 kB
MemAvailable:    1510548 kB
Buffers:           85324 kB
Cached:          1256452 kB
MemTotal:        1844596 kB
MemFree:          274892 kB
MemAvailable:    1509188 kB
Buffers:           85324 kB
Cached:          1256452 kB
MemTotal:        1844596 kB
MemFree:          275804 kB
MemAvailable:    1510100 kB
Buffers:           85324 kB
Cached:          1256452 kB
MemTotal:        1844596 kB
MemFree:          275804 kB
MemAvailable:    1510100 kB
Buffers:           85324 kB
Cached:          1256452 kB
MemTotal:        1844596 kB
MemFree:          276028 kB
MemAvailable:    1510328 kB
Buffers:           85324 kB
Cached:          1256456 kB
MemTotal:        1844596 kB
MemFree:          274828 kB
MemAvailable:    1509128 kB
Buffers:           85324 kB
Cached:          1256456 kB
MemTotal:        1844596 kB
MemFree:          274904 kB
MemAvailable:    1509204 kB
Buffers:           85324 kB
Cached:          1256456 kB
MemTotal:        1844596 kB
MemFree:          274780 kB
MemAvailable:    1509080 kB
Buffers:           85324 kB
Cached:          1256456 kB
MemTotal:        1844596 kB
MemFree:          275936 kB
MemAvailable:    1510236 kB
Buffers:           85324 kB
Cached:          1256456 kB
MemTotal:        1844596 kB
MemFree:          275936 kB
MemAvailable:    1510236 kB
Buffers:           85324 kB
Cached:          1256456 kB
MemTotal:        1844596 kB
MemFree:          276020 kB
MemAvailable:    1510320 kB
Buffers:           85324 kB
Cached:          1256456 kB
MemTotal:        1844596 kB
MemFree:          274648 kB
MemAvailable:    1508948 kB
Buffers:           85324 kB
Cached:          1256456 kB
MemTotal:        1844596 kB
MemFree:          274208 kB
MemAvailable:    1508508 kB
Buffers:           85324 kB
Cached:          1256456 kB
MemTotal:        1844596 kB
MemFree:          272588 kB
MemAvailable:    1506888 kB
Buffers:           85324 kB
Cached:          1256456 kB
MemTotal:        1844596 kB
MemFree:          272108 kB
MemAvailable:    1506408 kB
Buffers:           85324 kB
Cached:          1256456 kB
MemTotal:        1844596 kB
MemFree:          269000 kB
MemAvailable:    1503300 kB
Buffers:           85324 kB
Cached:          1256456 kB
MemTotal:        1844596 kB
MemFree:          266696 kB
MemAvailable:    1500996 kB
Buffers:           85324 kB
Cached:          1256456 kB
MemTotal:        1844596 kB
MemFree:          264288 kB
MemAvailable:    1498588 kB
Buffers:           85324 kB
Cached:          1256456 kB
MemTotal:        1844596 kB
MemFree:          264032 kB
MemAvailable:    1498332 kB
Buffers:           85324 kB
Cached:          1256456 kB
MemTotal:        1844596 kB
MemFree:          264032 kB
MemAvailable:    1498332 kB
Buffers:           85324 kB
Cached:          1256456 kB
MemTotal:        1844596 kB
MemFree:          262628 kB
MemAvailable:    1496928 kB
Buffers:           85324 kB
Cached:          1256456 kB
MemTotal:        1844596 kB
MemFree:          262788 kB
MemAvailable:    1497088 kB
Buffers:           85324 kB
Cached:          1256456 kB
MemTotal:        1844596 kB
MemFree:          263964 kB
MemAvailable:    1498264 kB
Buffers:           85324 kB
Cached:          1256456 kB
MemTotal:        1844596 kB
MemFree:          262676 kB
MemAvailable:    1496976 kB
Buffers:           85324 kB
Cached:          1256456 kB
MemTotal:        1844596 kB
MemFree:          264000 kB
MemAvailable:    1498300 kB
Buffers:           85324 kB
Cached:          1256456 kB
MemTotal:        1844596 kB
MemFree:          263776 kB
MemAvailable:    1498076 kB
Buffers:           85324 kB
Cached:          1256456 kB
MemTotal:        1844596 kB
MemFree:          263776 kB
MemAvailable:    1498076 kB
Buffers:           85324 kB
Cached:          1256456 kB
MemTotal:        1844596 kB
MemFree:          263860 kB
MemAvailable:    1498160 kB
Buffers:           85324 kB
Cached:          1256456 kB
MemTotal:        1844596 kB
MemFree:          263852 kB
MemAvailable:    1498152 kB
Buffers:           85324 kB
Cached:          1256456 kB
MemTotal:        1844596 kB
MemFree:          263464 kB
MemAvailable:    1497764 kB
Buffers:           85324 kB
Cached:          1256456 kB
MemTotal:        1844596 kB
MemFree:          263800 kB
MemAvailable:    1498100 kB
Buffers:           85324 kB
Cached:          1256456 kB
MemTotal:        1844596 kB
MemFree:          262480 kB
MemAvailable:    1496780 kB
Buffers:           85324 kB
Cached:          1256456 kB
MemTotal:        1844596 kB
MemFree:          263784 kB
MemAvailable:    1498084 kB
Buffers:           85324 kB
Cached:          1256456 kB
MemTotal:        1844596 kB
MemFree:          263580 kB
MemAvailable:    1497880 kB
Buffers:           85324 kB
Cached:          1256456 kB
MemTotal:        1844596 kB
MemFree:          263200 kB
MemAvailable:    1497500 kB
Buffers:           85324 kB
Cached:          1256456 kB
MemTotal:        1844596 kB
MemFree:          263284 kB
MemAvailable:    1497584 kB
Buffers:           85324 kB
Cached:          1256456 kB
MemTotal:        1844596 kB
MemFree:          263336 kB
MemAvailable:    1497636 kB
Buffers:           85324 kB
Cached:          1256456 kB
MemTotal:        1844596 kB
MemFree:          263288 kB
MemAvailable:    1497588 kB
Buffers:           85324 kB
Cached:          1256456 kB
MemTotal:        1844596 kB
MemFree:          263480 kB
MemAvailable:    1497780 kB
Buffers:           85324 kB
Cached:          1256456 kB
MemTotal:        1844596 kB
MemFree:          262800 kB
MemAvailable:    1497100 kB
Buffers:           85324 kB
Cached:          1256456 kB
MemTotal:        1844596 kB
MemFree:          262552 kB
MemAvailable:    1496856 kB
Buffers:           85324 kB
Cached:          1256460 kB
MemTotal:        1844596 kB
MemFree:          262552 kB
MemAvailable:    1496856 kB
Buffers:           85324 kB
Cached:          1256460 kB
MemTotal:        1844596 kB
MemFree:          262924 kB
MemAvailable:    1497228 kB
Buffers:           85324 kB
Cached:          1256460 kB
MemTotal:        1844596 kB
MemFree:          262552 kB
MemAvailable:    1496856 kB
Buffers:           85324 kB
Cached:          1256460 kB
MemTotal:        1844596 kB
MemFree:          262800 kB
MemAvailable:    1497104 kB
Buffers:           85324 kB
Cached:          1256460 kB
MemTotal:        1844596 kB
MemFree:          263588 kB
MemAvailable:    1497892 kB
Buffers:           85324 kB
Cached:          1256460 kB
MemTotal:        1844596 kB
MemFree:          261992 kB
MemAvailable:    1496296 kB
Buffers:           85324 kB
Cached:          1256460 kB
MemTotal:        1844596 kB
MemFree:          262152 kB
MemAvailable:    1496456 kB
Buffers:           85324 kB
Cached:          1256460 kB
MemTotal:        1844596 kB
MemFree:          262428 kB
MemAvailable:    1496732 kB
Buffers:           85324 kB
Cached:          1256460 kB
MemTotal:        1844596 kB
MemFree:          263472 kB
MemAvailable:    1497780 kB
Buffers:           85324 kB
Cached:          1256464 kB
MemTotal:        1844596 kB
MemFree:          261188 kB
MemAvailable:    1495496 kB
Buffers:           85324 kB
Cached:          1256464 kB
MemTotal:        1844596 kB
MemFree:          255964 kB
MemAvailable:    1490272 kB
Buffers:           85324 kB
Cached:          1256464 kB
MemTotal:        1844596 kB
MemFree:          255928 kB
MemAvailable:    1490236 kB
Buffers:           85324 kB
Cached:          1256464 kB
MemTotal:        1844596 kB
MemFree:          252384 kB
MemAvailable:    1486692 kB
Buffers:           85324 kB
Cached:          1256464 kB
MemTotal:        1844596 kB
MemFree:          252004 kB
MemAvailable:    1486312 kB
Buffers:           85324 kB
Cached:          1256464 kB
MemTotal:        1844596 kB
MemFree:          252260 kB
MemAvailable:    1486568 kB
Buffers:           85324 kB
Cached:          1256464 kB
MemTotal:        1844596 kB
MemFree:          252728 kB
MemAvailable:    1487036 kB
Buffers:           85324 kB
Cached:          1256464 kB
MemTotal:        1844596 kB
MemFree:          253064 kB
MemAvailable:    1487372 kB
Buffers:           85324 kB
Cached:          1256464 kB
MemTotal:        1844596 kB
MemFree:          251584 kB
MemAvailable:    1485892 kB
Buffers:           85324 kB
Cached:          1256464 kB
MemTotal:        1844596 kB
MemFree:          251592 kB
MemAvailable:    1485900 kB
Buffers:           85324 kB
Cached:          1256464 kB
MemTotal:        1844596 kB
MemFree:          253272 kB
MemAvailable:    1487580 kB
Buffers:           85324 kB
Cached:          1256464 kB
MemTotal:        1844596 kB
MemFree:          253144 kB
MemAvailable:    1487452 kB
Buffers:           85324 kB
Cached:          1256464 kB
MemTotal:        1844596 kB
MemFree:          253056 kB
MemAvailable:    1487364 kB
Buffers:           85324 kB
Cached:          1256464 kB
MemTotal:        1844596 kB
MemFree:          252260 kB
MemAvailable:    1486568 kB
Buffers:           85324 kB
Cached:          1256464 kB
MemTotal:        1844596 kB
MemFree:          252812 kB
MemAvailable:    1487120 kB
Buffers:           85324 kB
Cached:          1256464 kB
MemTotal:        1844596 kB
MemFree:          253148 kB
MemAvailable:    1487456 kB
Buffers:           85324 kB
Cached:          1256464 kB
MemTotal:        1844596 kB
MemFree:          251872 kB
MemAvailable:    1486180 kB
Buffers:           85324 kB
Cached:          1256464 kB
MemTotal:        1844596 kB
MemFree:          252916 kB
MemAvailable:    1487224 kB
Buffers:           85324 kB
Cached:          1256464 kB
MemTotal:        1844596 kB
MemFree:          251384 kB
MemAvailable:    1485692 kB
Buffers:           85324 kB
Cached:          1256464 kB
MemTotal:        1844596 kB
MemFree:          251376 kB
MemAvailable:    1485684 kB
Buffers:           85324 kB
Cached:          1256464 kB
MemTotal:        1844596 kB
MemFree:          251376 kB
MemAvailable:    1485684 kB
Buffers:           85324 kB
Cached:          1256464 kB
MemTotal:        1844596 kB
MemFree:          249904 kB
MemAvailable:    1484212 kB
Buffers:           85324 kB
Cached:          1256464 kB
MemTotal:        1844596 kB
MemFree:          250956 kB
MemAvailable:    1485264 kB
Buffers:           85324 kB
Cached:          1256464 kB
MemTotal:        1844596 kB
MemFree:          250756 kB
MemAvailable:    1485064 kB
Buffers:           85324 kB
Cached:          1256464 kB
MemTotal:        1844596 kB
MemFree:          250400 kB
MemAvailable:    1484708 kB
Buffers:           85324 kB
Cached:          1256464 kB
MemTotal:        1844596 kB
MemFree:          250452 kB
MemAvailable:    1484760 kB
Buffers:           85324 kB
Cached:          1256464 kB
MemTotal:        1844596 kB
MemFree:          250788 kB
MemAvailable:    1485096 kB
Buffers:           85324 kB
Cached:          1256464 kB
MemTotal:        1844596 kB
MemFree:          250680 kB
MemAvailable:    1484988 kB
Buffers:           85324 kB
Cached:          1256464 kB
MemTotal:        1844596 kB
MemFree:          250812 kB
MemAvailable:    1485120 kB
Buffers:           85324 kB
Cached:          1256464 kB
MemTotal:        1844596 kB
MemFree:          249408 kB
MemAvailable:    1483720 kB
Buffers:           85324 kB
Cached:          1256468 kB
MemTotal:        1844596 kB
MemFree:          250648 kB
MemAvailable:    1484960 kB
Buffers:           85324 kB
Cached:          1256468 kB
MemTotal:        1844596 kB
MemFree:          250896 kB
MemAvailable:    1485208 kB
Buffers:           85324 kB
Cached:          1256468 kB
MemTotal:        1844596 kB
MemFree:          250592 kB
MemAvailable:    1484904 kB
Buffers:           85324 kB
Cached:          1256468 kB
MemTotal:        1844596 kB
MemFree:          250760 kB
MemAvailable:    1485072 kB
Buffers:           85324 kB
Cached:          1256468 kB
MemTotal:        1844596 kB
MemFree:          249476 kB
MemAvailable:    1483788 kB
Buffers:           85324 kB
Cached:          1256468 kB
MemTotal:        1844596 kB
MemFree:          250776 kB
MemAvailable:    1485088 kB
Buffers:           85324 kB
Cached:          1256468 kB
MemTotal:        1844596 kB
MemFree:          250392 kB
MemAvailable:    1484704 kB
Buffers:           85324 kB
Cached:          1256468 kB
MemTotal:        1844596 kB
MemFree:          250488 kB
MemAvailable:    1484800 kB
Buffers:           85324 kB
Cached:          1256468 kB
MemTotal:        1844596 kB
MemFree:          250824 kB
MemAvailable:    1485136 kB
Buffers:           85324 kB
Cached:          1256468 kB
MemTotal:        1844596 kB
MemFree:          249588 kB
MemAvailable:    1483900 kB
Buffers:           85324 kB
Cached:          1256468 kB
MemTotal:        1844596 kB
MemFree:          249632 kB
MemAvailable:    1483944 kB
Buffers:           85324 kB
Cached:          1256468 kB
MemTotal:        1844596 kB
MemFree:          250028 kB
MemAvailable:    1484340 kB
Buffers:           85324 kB
Cached:          1256468 kB
MemTotal:        1844596 kB
MemFree:          249644 kB
MemAvailable:    1483956 kB
Buffers:           85324 kB
Cached:          1256468 kB
MemTotal:        1844596 kB
MemFree:          250820 kB
MemAvailable:    1485132 kB
Buffers:           85324 kB
Cached:          1256468 kB
MemTotal:        1844596 kB
MemFree:          250616 kB
MemAvailable:    1484928 kB
Buffers:           85324 kB
Cached:          1256468 kB
MemTotal:        1844596 kB
MemFree:          250868 kB
MemAvailable:    1485180 kB
Buffers:           85324 kB
Cached:          1256468 kB
MemTotal:        1844596 kB
MemFree:          250620 kB
MemAvailable:    1484932 kB
Buffers:           85324 kB
Cached:          1256468 kB
MemTotal:        1844596 kB
MemFree:          250472 kB
MemAvailable:    1484784 kB
Buffers:           85324 kB
Cached:          1256468 kB
MemTotal:        1844596 kB
MemFree:          244384 kB
MemAvailable:    1478696 kB
Buffers:           85324 kB
Cached:          1256468 kB
MemTotal:        1844596 kB
MemFree:          241532 kB
MemAvailable:    1475844 kB
Buffers:           85324 kB
Cached:          1256468 kB
MemTotal:        1844596 kB
MemFree:          239240 kB
MemAvailable:    1473552 kB
Buffers:           85324 kB
Cached:          1256468 kB
MemTotal:        1844596 kB
MemFree:          237828 kB
MemAvailable:    1472140 kB
Buffers:           85324 kB
Cached:          1256468 kB
MemTotal:        1844596 kB
MemFree:          237620 kB
MemAvailable:    1471932 kB
Buffers:           85324 kB
Cached:          1256468 kB
MemTotal:        1844596 kB
MemFree:          236512 kB
MemAvailable:    1470824 kB
Buffers:           85324 kB
Cached:          1256468 kB
MemTotal:        1844596 kB
MemFree:          237828 kB
MemAvailable:    1472140 kB
Buffers:           85324 kB
Cached:          1256468 kB
MemTotal:        1844596 kB
MemFree:          237632 kB
MemAvailable:    1471944 kB
Buffers:           85324 kB
Cached:          1256468 kB
MemTotal:        1844596 kB
MemFree:          237568 kB
MemAvailable:    1471880 kB
Buffers:           85324 kB
Cached:          1256468 kB
MemTotal:        1844596 kB
MemFree:          237568 kB
MemAvailable:    1471880 kB
Buffers:           85324 kB
Cached:          1256468 kB
MemTotal:        1844596 kB
MemFree:          237316 kB
MemAvailable:    1471628 kB
Buffers:           85324 kB
Cached:          1256468 kB
MemTotal:        1844596 kB
MemFree:          237568 kB
MemAvailable:    1471880 kB
Buffers:           85324 kB
Cached:          1256468 kB
MemTotal:        1844596 kB
MemFree:          236376 kB
MemAvailable:    1470688 kB
Buffers:           85324 kB
Cached:          1256468 kB
MemTotal:        1844596 kB
MemFree:          236236 kB
MemAvailable:    1470548 kB
Buffers:           85324 kB
Cached:          1256468 kB
MemTotal:        1844596 kB
MemFree:          236112 kB
MemAvailable:    1470424 kB
Buffers:           85324 kB
Cached:          1256468 kB
MemTotal:        1844596 kB
MemFree:          237560 kB
MemAvailable:    1471872 kB
Buffers:           85324 kB
Cached:          1256468 kB
MemTotal:        1844596 kB
MemFree:          237348 kB
MemAvailable:    1471660 kB
Buffers:           85324 kB
Cached:          1256468 kB
MemTotal:        1844596 kB
MemFree:          237348 kB
MemAvailable:    1471660 kB
Buffers:           85324 kB
Cached:          1256468 kB
MemTotal:        1844596 kB
MemFree:          237192 kB
MemAvailable:    1471504 kB
Buffers:           85324 kB
Cached:          1256468 kB
MemTotal:        1844596 kB
MemFree:          237528 kB
MemAvailable:    1471840 kB
Buffers:           85324 kB
Cached:          1256468 kB
MemTotal:        1844596 kB
MemFree:          237420 kB
MemAvailable:    1471732 kB
Buffers:           85324 kB
Cached:          1256468 kB
MemTotal:        1844596 kB
MemFree:          237364 kB
MemAvailable:    1471676 kB
Buffers:           85324 kB
Cached:          1256468 kB
MemTotal:        1844596 kB
MemFree:          237364 kB
MemAvailable:    1471676 kB
Buffers:           85324 kB
Cached:          1256468 kB
MemTotal:        1844596 kB
MemFree:          236208 kB
MemAvailable:    1470520 kB
Buffers:           85324 kB
Cached:          1256468 kB
MemTotal:        1844596 kB
MemFree:          236368 kB
MemAvailable:    1470680 kB
Buffers:           85324 kB
Cached:          1256468 kB
MemTotal:        1844596 kB
MemFree:          237420 kB
MemAvailable:    1471732 kB
Buffers:           85324 kB
Cached:          1256468 kB
MemTotal:        1844596 kB
MemFree:          236112 kB
MemAvailable:    1470424 kB
Buffers:           85324 kB
Cached:          1256468 kB
MemTotal:        1844596 kB
MemFree:          236112 kB
MemAvailable:    1470424 kB
Buffers:           85324 kB
Cached:          1256468 kB
MemTotal:        1844596 kB
MemFree:          237476 kB
MemAvailable:    1471788 kB
Buffers:           85324 kB
Cached:          1256468 kB
MemTotal:        1844596 kB
MemFree:          236760 kB
MemAvailable:    1471072 kB
Buffers:           85324 kB
Cached:          1256468 kB
MemTotal:        1844596 kB
MemFree:          237060 kB
MemAvailable:    1471372 kB
Buffers:           85324 kB
Cached:          1256468 kB
MemTotal:        1844596 kB
MemFree:          237060 kB
MemAvailable:    1471372 kB
Buffers:           85324 kB
Cached:          1256468 kB
MemTotal:        1844596 kB
MemFree:          235464 kB
MemAvailable:    1469776 kB
Buffers:           85324 kB
Cached:          1256468 kB
MemTotal:        1844596 kB
MemFree:          236756 kB
MemAvailable:    1471068 kB
Buffers:           85324 kB
Cached:          1256468 kB
MemTotal:        1844596 kB
MemFree:          236632 kB
MemAvailable:    1470944 kB
Buffers:           85324 kB
Cached:          1256468 kB
MemTotal:        1844596 kB
MemFree:          235652 kB
MemAvailable:    1469964 kB
Buffers:           85324 kB
Cached:          1256468 kB
MemTotal:        1844596 kB
MemFree:          236400 kB
MemAvailable:    1470712 kB
Buffers:           85324 kB
Cached:          1256468 kB
MemTotal:        1844596 kB
MemFree:          236200 kB
MemAvailable:    1470512 kB
Buffers:           85324 kB
Cached:          1256468 kB
MemTotal:        1844596 kB
MemFree:          236536 kB
MemAvailable:    1470848 kB
Buffers:           85324 kB
Cached:          1256468 kB
MemTotal:        1844596 kB
MemFree:          235340 kB
MemAvailable:    1469652 kB
Buffers:           85324 kB
Cached:          1256468 kB
MemTotal:        1844596 kB
MemFree:          232544 kB
MemAvailable:    1466856 kB
Buffers:           85324 kB
Cached:          1256468 kB
MemTotal:        1844596 kB
MemFree:          230932 kB
MemAvailable:    1465244 kB
Buffers:           85324 kB
Cached:          1256468 kB
MemTotal:        1844596 kB
MemFree:          228064 kB
MemAvailable:    1462376 kB
Buffers:           85324 kB
Cached:          1256468 kB
MemTotal:        1844596 kB
MemFree:          228276 kB
MemAvailable:    1462588 kB
Buffers:           85324 kB
Cached:          1256468 kB
MemTotal:        1844596 kB
MemFree:          227700 kB
MemAvailable:    1462012 kB
Buffers:           85324 kB
Cached:          1256468 kB
MemTotal:        1844596 kB
MemFree:          227468 kB
MemAvailable:    1461780 kB
Buffers:           85324 kB
Cached:          1256468 kB
MemTotal:        1844596 kB
MemFree:          225288 kB
MemAvailable:    1459600 kB
Buffers:           85324 kB
Cached:          1256468 kB
MemTotal:        1844596 kB
MemFree:          225032 kB
MemAvailable:    1459344 kB
Buffers:           85324 kB
Cached:          1256468 kB
MemTotal:        1844596 kB
MemFree:          223368 kB
MemAvailable:    1457680 kB
Buffers:           85324 kB
Cached:          1256468 kB
MemTotal:        1844596 kB
MemFree:          223744 kB
MemAvailable:    1458056 kB
Buffers:           85324 kB
Cached:          1256468 kB
MemTotal:        1844596 kB
MemFree:          223656 kB
MemAvailable:    1457968 kB
Buffers:           85324 kB
Cached:          1256468 kB
MemTotal:        1844596 kB
MemFree:          222996 kB
MemAvailable:    1457308 kB
Buffers:           85324 kB
Cached:          1256468 kB
MemTotal:        1844596 kB
MemFree:          223596 kB
MemAvailable:    1457908 kB
Buffers:           85324 kB
Cached:          1256468 kB
MemTotal:        1844596 kB
MemFree:          223232 kB
MemAvailable:    1457544 kB
Buffers:           85324 kB
Cached:          1256468 kB
MemTotal:        1844596 kB
MemFree:          223608 kB
MemAvailable:    1457920 kB
Buffers:           85324 kB
Cached:          1256468 kB
MemTotal:        1844596 kB
MemFree:          223800 kB
MemAvailable:    1458112 kB
Buffers:           85324 kB
Cached:          1256468 kB
MemTotal:        1844596 kB
MemFree:          223236 kB
MemAvailable:    1457548 kB
Buffers:           85324 kB
Cached:          1256468 kB
MemTotal:        1844596 kB
MemFree:          222604 kB
MemAvailable:    1456920 kB
Buffers:           85324 kB
Cached:          1256472 kB
MemTotal:        1844596 kB
MemFree:          223656 kB
MemAvailable:    1457972 kB
Buffers:           85324 kB
Cached:          1256472 kB
MemTotal:        1844596 kB
MemFree:          223796 kB
MemAvailable:    1458112 kB
Buffers:           85324 kB
Cached:          1256472 kB
MemTotal:        1844596 kB
MemFree:          223668 kB
MemAvailable:    1457988 kB
Buffers:           85324 kB
Cached:          1256476 kB
MemTotal:        1844596 kB
MemFree:          223476 kB
MemAvailable:    1457796 kB
Buffers:           85324 kB
Cached:          1256476 kB
MemTotal:        1844596 kB
MemFree:          223812 kB
MemAvailable:    1458132 kB
Buffers:           85324 kB
Cached:          1256476 kB
MemTotal:        1844596 kB
MemFree:          222320 kB
MemAvailable:    1456640 kB
Buffers:           85324 kB
Cached:          1256476 kB
MemTotal:        1844596 kB
MemFree:          223676 kB
MemAvailable:    1457996 kB
Buffers:           85324 kB
Cached:          1256476 kB
MemTotal:        1844596 kB
MemFree:          223620 kB
MemAvailable:    1457940 kB
Buffers:           85324 kB
Cached:          1256476 kB
MemTotal:        1844596 kB
MemFree:          223588 kB
MemAvailable:    1457908 kB
Buffers:           85324 kB
Cached:          1256476 kB
MemTotal:        1844596 kB
MemFree:          223244 kB
MemAvailable:    1457564 kB
Buffers:           85324 kB
Cached:          1256476 kB
MemTotal:        1844596 kB
MemFree:          223656 kB
MemAvailable:    1457976 kB
Buffers:           85324 kB
Cached:          1256476 kB
MemTotal:        1844596 kB
MemFree:          223740 kB
MemAvailable:    1458060 kB
Buffers:           85324 kB
Cached:          1256476 kB
MemTotal:        1844596 kB
MemFree:          223816 kB
MemAvailable:    1458136 kB
Buffers:           85324 kB
Cached:          1256476 kB
MemTotal:        1844596 kB
MemFree:          222500 kB
MemAvailable:    1456820 kB
Buffers:           85324 kB
Cached:          1256476 kB
MemTotal:        1844596 kB
MemFree:          222328 kB
MemAvailable:    1456648 kB
Buffers:           85324 kB
Cached:          1256476 kB
MemTotal:        1844596 kB
MemFree:          223700 kB
MemAvailable:    1458020 kB
Buffers:           85324 kB
Cached:          1256476 kB
MemTotal:        1844596 kB
MemFree:          222872 kB
MemAvailable:    1457192 kB
Buffers:           85324 kB
Cached:          1256476 kB
MemTotal:        1844596 kB
MemFree:          222748 kB
MemAvailable:    1457068 kB
Buffers:           85324 kB
Cached:          1256476 kB
MemTotal:        1844596 kB
MemFree:          222740 kB
MemAvailable:    1457060 kB
Buffers:           85324 kB
Cached:          1256476 kB
MemTotal:        1844596 kB
MemFree:          223916 kB
MemAvailable:    1458236 kB
Buffers:           85324 kB
Cached:          1256476 kB
MemTotal:        1844596 kB
MemFree:          223972 kB
MemAvailable:    1458292 kB
Buffers:           85324 kB
Cached:          1256476 kB
MemTotal:        1844596 kB
MemFree:          222484 kB
MemAvailable:    1456804 kB
Buffers:           85324 kB
Cached:          1256476 kB
MemTotal:        1844596 kB
MemFree:          222600 kB
MemAvailable:    1456920 kB
Buffers:           85324 kB
Cached:          1256476 kB
MemTotal:        1844596 kB
MemFree:          222600 kB
MemAvailable:    1456920 kB
Buffers:           85324 kB
Cached:          1256476 kB
MemTotal:        1844596 kB
MemFree:          223604 kB
MemAvailable:    1457924 kB
Buffers:           85324 kB
Cached:          1256476 kB
MemTotal:        1844596 kB
MemFree:          222748 kB
MemAvailable:    1457068 kB
Buffers:           85324 kB
Cached:          1256476 kB
MemTotal:        1844596 kB
MemFree:          223988 kB
MemAvailable:    1458308 kB
Buffers:           85324 kB
Cached:          1256476 kB
MemTotal:        1844596 kB
MemFree:          222624 kB
MemAvailable:    1456944 kB
Buffers:           85324 kB
Cached:          1256476 kB
MemTotal:        1844596 kB
MemFree:          223924 kB
MemAvailable:    1458244 kB
Buffers:           85324 kB
Cached:          1256476 kB
MemTotal:        1844596 kB
MemFree:          223668 kB
MemAvailable:    1457988 kB
Buffers:           85324 kB
Cached:          1256476 kB
MemTotal:        1844596 kB
MemFree:          222748 kB
MemAvailable:    1457068 kB
Buffers:           85324 kB
Cached:          1256476 kB
MemTotal:        1844596 kB
MemFree:          223792 kB
MemAvailable:    1458112 kB
Buffers:           85324 kB
Cached:          1256476 kB
MemTotal:        1844596 kB
MemFree:          222492 kB
MemAvailable:    1456812 kB
Buffers:           85324 kB
Cached:          1256476 kB
MemTotal:        1844596 kB
MemFree:          223792 kB
MemAvailable:    1458112 kB
Buffers:           85324 kB
Cached:          1256476 kB
MemTotal:        1844596 kB
MemFree:          223872 kB
MemAvailable:    1458192 kB
Buffers:           85324 kB
Cached:          1256476 kB
MemTotal:        1844596 kB
MemFree:          222820 kB
MemAvailable:    1457140 kB
Buffers:           85324 kB
Cached:          1256476 kB
MemTotal:        1844596 kB
MemFree:          223800 kB
MemAvailable:    1458124 kB
Buffers:           85324 kB
Cached:          1256480 kB
MemTotal:        1844596 kB
MemFree:          222864 kB
MemAvailable:    1457188 kB
Buffers:           85324 kB
Cached:          1256480 kB
MemTotal:        1844596 kB
MemFree:          223548 kB
MemAvailable:    1457872 kB
Buffers:           85324 kB
Cached:          1256480 kB
MemTotal:        1844596 kB
MemFree:          222460 kB
MemAvailable:    1456784 kB
Buffers:           85324 kB
Cached:          1256480 kB
MemTotal:        1844596 kB
MemFree:          222324 kB
MemAvailable:    1456648 kB
Buffers:           85324 kB
Cached:          1256480 kB
MemTotal:        1844596 kB
MemFree:          223424 kB
MemAvailable:    1457748 kB
Buffers:           85324 kB
Cached:          1256480 kB
MemTotal:        1844596 kB
MemFree:          222740 kB
MemAvailable:    1457064 kB
Buffers:           85324 kB
Cached:          1256480 kB
MemTotal:        1844596 kB
MemFree:          220500 kB
MemAvailable:    1454824 kB
Buffers:           85324 kB
Cached:          1256480 kB
MemTotal:        1844596 kB
MemFree:          217600 kB
MemAvailable:    1451924 kB
Buffers:           85324 kB
Cached:          1256480 kB
MemTotal:        1844596 kB
MemFree:          217468 kB
MemAvailable:    1451792 kB
Buffers:           85324 kB
Cached:          1256480 kB
MemTotal:        1844596 kB
MemFree:          216416 kB
MemAvailable:    1450740 kB
Buffers:           85324 kB
Cached:          1256480 kB
MemTotal:        1844596 kB
MemFree:          216176 kB
MemAvailable:    1450504 kB
Buffers:           85324 kB
Cached:          1256484 kB
MemTotal:        1844596 kB
MemFree:          216168 kB
MemAvailable:    1450496 kB
Buffers:           85324 kB
Cached:          1256484 kB
MemTotal:        1844596 kB
MemFree:          215916 kB
MemAvailable:    1450244 kB
Buffers:           85324 kB
Cached:          1256484 kB
MemTotal:        1844596 kB
MemFree:          215908 kB
MemAvailable:    1450236 kB
Buffers:           85324 kB
Cached:          1256484 kB
MemTotal:        1844596 kB
MemFree:          216976 kB
MemAvailable:    1451304 kB
Buffers:           85324 kB
Cached:          1256484 kB
MemTotal:        1844596 kB
MemFree:          216556 kB
MemAvailable:    1450884 kB
Buffers:           85324 kB
Cached:          1256484 kB
MemTotal:        1844596 kB
MemFree:          215756 kB
MemAvailable:    1450084 kB
Buffers:           85324 kB
Cached:          1256484 kB
MemTotal:        1844596 kB
MemFree:          217028 kB
MemAvailable:    1451356 kB
Buffers:           85324 kB
Cached:          1256484 kB
MemTotal:        1844596 kB
MemFree:          217280 kB
MemAvailable:    1451608 kB
Buffers:           85324 kB
Cached:          1256484 kB
MemTotal:        1844596 kB
MemFree:          217216 kB
MemAvailable:    1451544 kB
Buffers:           85324 kB
Cached:          1256484 kB
MemTotal:        1844596 kB
MemFree:          217044 kB
MemAvailable:    1451372 kB
Buffers:           85324 kB
Cached:          1256484 kB
MemTotal:        1844596 kB
MemFree:          217080 kB
MemAvailable:    1451408 kB
Buffers:           85324 kB
Cached:          1256484 kB
MemTotal:        1844596 kB
MemFree:          217008 kB
MemAvailable:    1451336 kB
Buffers:           85324 kB
Cached:          1256484 kB
MemTotal:        1844596 kB
MemFree:          217252 kB
MemAvailable:    1451580 kB
Buffers:           85324 kB
Cached:          1256484 kB
MemTotal:        1844596 kB
MemFree:          217048 kB
MemAvailable:    1451376 kB
Buffers:           85324 kB
Cached:          1256484 kB
MemTotal:        1844596 kB
MemFree:          217176 kB
MemAvailable:    1451504 kB
Buffers:           85324 kB
Cached:          1256484 kB
MemTotal:        1844596 kB
MemFree:          217108 kB
MemAvailable:    1451436 kB
Buffers:           85324 kB
Cached:          1256484 kB
MemTotal:        1844596 kB
MemFree:          215620 kB
MemAvailable:    1449948 kB
Buffers:           85324 kB
Cached:          1256484 kB
MemTotal:        1844596 kB
MemFree:          217044 kB
MemAvailable:    1451372 kB
Buffers:           85324 kB
Cached:          1256484 kB
MemTotal:        1844596 kB
MemFree:          217020 kB
MemAvailable:    1451348 kB
Buffers:           85324 kB
Cached:          1256484 kB
MemTotal:        1844596 kB
MemFree:          217176 kB
MemAvailable:    1451504 kB
Buffers:           85324 kB
Cached:          1256484 kB
MemTotal:        1844596 kB
MemFree:          216856 kB
MemAvailable:    1451184 kB
Buffers:           85324 kB
Cached:          1256484 kB
MemTotal:        1844596 kB
MemFree:          216856 kB
MemAvailable:    1451184 kB
Buffers:           85324 kB
Cached:          1256484 kB
MemTotal:        1844596 kB
MemFree:          215748 kB
MemAvailable:    1450076 kB
Buffers:           85324 kB
Cached:          1256484 kB
MemTotal:        1844596 kB
MemFree:          217260 kB
MemAvailable:    1451588 kB
Buffers:           85324 kB
Cached:          1256484 kB
MemTotal:        1844596 kB
MemFree:          216424 kB
MemAvailable:    1450752 kB
Buffers:           85324 kB
Cached:          1256484 kB
MemTotal:        1844596 kB
MemFree:          216984 kB
MemAvailable:    1451312 kB
Buffers:           85324 kB
Cached:          1256484 kB
MemTotal:        1844596 kB
MemFree:          217052 kB
MemAvailable:    1451380 kB
Buffers:           85324 kB
Cached:          1256484 kB
MemTotal:        1844596 kB
MemFree:          215800 kB
MemAvailable:    1450132 kB
Buffers:           85324 kB
Cached:          1256488 kB
MemTotal:        1844596 kB
MemFree:          217092 kB
MemAvailable:    1451424 kB
Buffers:           85324 kB
Cached:          1256488 kB
MemTotal:        1844596 kB
MemFree:          216804 kB
MemAvailable:    1451136 kB
Buffers:           85324 kB
Cached:          1256488 kB
MemTotal:        1844596 kB
MemFree:          217092 kB
MemAvailable:    1451424 kB
Buffers:           85324 kB
Cached:          1256488 kB
MemTotal:        1844596 kB
MemFree:          216000 kB
MemAvailable:    1450332 kB
Buffers:           85324 kB
Cached:          1256488 kB
MemTotal:        1844596 kB
MemFree:          216944 kB
MemAvailable:    1451276 kB
Buffers:           85324 kB
Cached:          1256488 kB
MemTotal:        1844596 kB
MemFree:          215788 kB
MemAvailable:    1450120 kB
Buffers:           85324 kB
Cached:          1256488 kB
MemTotal:        1844596 kB
MemFree:          217088 kB
MemAvailable:    1451420 kB
Buffers:           85324 kB
Cached:          1256488 kB
MemTotal:        1844596 kB
MemFree:          216432 kB
MemAvailable:    1450764 kB
Buffers:           85324 kB
Cached:          1256488 kB
MemTotal:        1844596 kB
MemFree:          217284 kB
MemAvailable:    1451612 kB
Buffers:           85324 kB
Cached:          1256488 kB
MemTotal:        1844596 kB
MemFree:          217284 kB
MemAvailable:    1451612 kB
Buffers:           85324 kB
Cached:          1256488 kB
MemTotal:        1844596 kB
MemFree:          217056 kB
MemAvailable:    1451384 kB
Buffers:           85324 kB
Cached:          1256488 kB
MemTotal:        1844596 kB
MemFree:          215924 kB
MemAvailable:    1450252 kB
Buffers:           85324 kB
Cached:          1256488 kB
MemTotal:        1844596 kB
MemFree:          215936 kB
MemAvailable:    1450264 kB
Buffers:           85324 kB
Cached:          1256488 kB
MemTotal:        1844596 kB
MemFree:          217112 kB
MemAvailable:    1451440 kB
Buffers:           85324 kB
Cached:          1256488 kB
MemTotal:        1844596 kB
MemFree:          216308 kB
MemAvailable:    1450636 kB
Buffers:           85324 kB
Cached:          1256488 kB
MemTotal:        1844596 kB
MemFree:          216740 kB
MemAvailable:    1451068 kB
Buffers:           85324 kB
Cached:          1256488 kB
MemTotal:        1844596 kB
MemFree:          216992 kB
MemAvailable:    1451320 kB
Buffers:           85324 kB
Cached:          1256488 kB
MemTotal:        1844596 kB
MemFree:          215548 kB
MemAvailable:    1449876 kB
Buffers:           85324 kB
Cached:          1256488 kB
MemTotal:        1844596 kB
MemFree:          215556 kB
MemAvailable:    1449884 kB
Buffers:           85324 kB
Cached:          1256488 kB
MemTotal:        1844596 kB
MemFree:          215796 kB
MemAvailable:    1450124 kB
Buffers:           85324 kB
Cached:          1256488 kB
MemTotal:        1844596 kB
MemFree:          215424 kB
MemAvailable:    1449752 kB
Buffers:           85324 kB
Cached:          1256488 kB
MemTotal:        1844596 kB
MemFree:          216652 kB
MemAvailable:    1450980 kB
Buffers:           85324 kB
Cached:          1256488 kB
MemTotal:        1844596 kB
MemFree:          215184 kB
MemAvailable:    1449512 kB
Buffers:           85324 kB
Cached:          1256488 kB
MemTotal:        1844596 kB
MemFree:          216044 kB
MemAvailable:    1450372 kB
Buffers:           85324 kB
Cached:          1256488 kB
MemTotal:        1844596 kB
MemFree:          215316 kB
MemAvailable:    1449644 kB
Buffers:           85324 kB
Cached:          1256488 kB
MemTotal:        1844596 kB
MemFree:          215940 kB
MemAvailable:    1450268 kB
Buffers:           85324 kB
Cached:          1256488 kB
MemTotal:        1844596 kB
MemFree:          215852 kB
MemAvailable:    1450180 kB
Buffers:           85324 kB
Cached:          1256488 kB
MemTotal:        1844596 kB
MemFree:          214628 kB
MemAvailable:    1448956 kB
Buffers:           85324 kB
Cached:          1256488 kB
MemTotal:        1844596 kB
MemFree:          215612 kB
MemAvailable:    1449940 kB
Buffers:           85324 kB
Cached:          1256488 kB
MemTotal:        1844596 kB
MemFree:          215572 kB
MemAvailable:    1449900 kB
Buffers:           85324 kB
Cached:          1256488 kB
MemTotal:        1844596 kB
MemFree:          214316 kB
MemAvailable:    1448644 kB
Buffers:           85324 kB
Cached:          1256488 kB
MemTotal:        1844596 kB
MemFree:          215292 kB
MemAvailable:    1449620 kB
Buffers:           85324 kB
Cached:          1256488 kB
MemTotal:        1844596 kB
MemFree:          215440 kB
MemAvailable:    1449768 kB
Buffers:           85324 kB
Cached:          1256488 kB
MemTotal:        1844596 kB
MemFree:          215372 kB
MemAvailable:    1449700 kB
Buffers:           85324 kB
Cached:          1256488 kB
MemTotal:        1844596 kB
MemFree:          215440 kB
MemAvailable:    1449768 kB
Buffers:           85324 kB
Cached:          1256488 kB
MemTotal:        1844596 kB
MemFree:          215168 kB
MemAvailable:    1449496 kB
Buffers:           85324 kB
Cached:          1256488 kB
MemTotal:        1844596 kB
MemFree:          214060 kB
MemAvailable:    1448388 kB
Buffers:           85324 kB
Cached:          1256488 kB
MemTotal:        1844596 kB
MemFree:          215248 kB
MemAvailable:    1449576 kB
Buffers:           85324 kB
Cached:          1256488 kB
MemTotal:        1844596 kB
MemFree:          215192 kB
MemAvailable:    1449520 kB
Buffers:           85324 kB
Cached:          1256488 kB
MemTotal:        1844596 kB
MemFree:          215164 kB
MemAvailable:    1449492 kB
Buffers:           85324 kB
Cached:          1256488 kB
MemTotal:        1844596 kB
MemFree:          215500 kB
MemAvailable:    1449828 kB
Buffers:           85324 kB
Cached:          1256488 kB
MemTotal:        1844596 kB
MemFree:          214304 kB
MemAvailable:    1448632 kB
Buffers:           85324 kB
Cached:          1256488 kB
MemTotal:        1844596 kB
MemFree:          215176 kB
MemAvailable:    1449504 kB
Buffers:           85324 kB
Cached:          1256488 kB
MemTotal:        1844596 kB
MemFree:          215512 kB
MemAvailable:    1449840 kB
Buffers:           85324 kB
Cached:          1256488 kB
MemTotal:        1844596 kB
MemFree:          215320 kB
MemAvailable:    1449648 kB
Buffers:           85324 kB
Cached:          1256488 kB
MemTotal:        1844596 kB
MemFree:          214144 kB
MemAvailable:    1448472 kB
Buffers:           85324 kB
Cached:          1256488 kB
MemTotal:        1844596 kB
MemFree:          215320 kB
MemAvailable:    1449648 kB
Buffers:           85324 kB
Cached:          1256488 kB
MemTotal:        1844596 kB
MemFree:          214012 kB
MemAvailable:    1448340 kB
Buffers:           85324 kB
Cached:          1256488 kB
MemTotal:        1844596 kB
MemFree:          214988 kB
MemAvailable:    1449316 kB
Buffers:           85324 kB
Cached:          1256488 kB
MemTotal:        1844596 kB
MemFree:          214696 kB
MemAvailable:    1449024 kB
Buffers:           85324 kB
Cached:          1256488 kB
MemTotal:        1844596 kB
MemFree:          214816 kB
MemAvailable:    1449144 kB
Buffers:           85324 kB
Cached:          1256488 kB
MemTotal:        1844596 kB
MemFree:          214860 kB
MemAvailable:    1449188 kB
Buffers:           85324 kB
Cached:          1256488 kB
MemTotal:        1844596 kB
MemFree:          216308 kB
MemAvailable:    1450636 kB
Buffers:           85324 kB
Cached:          1256488 kB
MemTotal:        1844596 kB
MemFree:          216860 kB
MemAvailable:    1451188 kB
Buffers:           85324 kB
Cached:          1256488 kB
MemTotal:        1844596 kB
MemFree:          217196 kB
MemAvailable:    1451524 kB
Buffers:           85324 kB
Cached:          1256488 kB
MemTotal:        1844596 kB
MemFree:          217244 kB
MemAvailable:    1451572 kB
Buffers:           85324 kB
Cached:          1256488 kB
MemTotal:        1844596 kB
MemFree:          216432 kB
MemAvailable:    1450760 kB
Buffers:           85324 kB
Cached:          1256488 kB
MemTotal:        1844596 kB
MemFree:          216052 kB
MemAvailable:    1450380 kB
Buffers:           85324 kB
Cached:          1256488 kB
MemTotal:        1844596 kB
MemFree:          217416 kB
MemAvailable:    1451744 kB
Buffers:           85324 kB
Cached:          1256488 kB
MemTotal:        1844596 kB
MemFree:          217168 kB
MemAvailable:    1451496 kB
Buffers:           85324 kB
Cached:          1256488 kB
MemTotal:        1844596 kB
MemFree:          217180 kB
MemAvailable:    1451508 kB
Buffers:           85324 kB
Cached:          1256488 kB
MemTotal:        1844596 kB
MemFree:          217092 kB
MemAvailable:    1451420 kB
Buffers:           85324 kB
Cached:          1256488 kB
MemTotal:        1844596 kB
MemFree:          216308 kB
MemAvailable:    1450636 kB
Buffers:           85324 kB
Cached:          1256488 kB
MemTotal:        1844596 kB
MemFree:          217424 kB
MemAvailable:    1451752 kB
Buffers:           85324 kB
Cached:          1256488 kB
MemTotal:        1844596 kB
MemFree:          216060 kB
MemAvailable:    1450388 kB
Buffers:           85324 kB
Cached:          1256488 kB
MemTotal:        1844596 kB
MemFree:          217168 kB
MemAvailable:    1451496 kB
Buffers:           85324 kB
Cached:          1256488 kB
MemTotal:        1844596 kB
MemFree:          216424 kB
MemAvailable:    1450752 kB
Buffers:           85324 kB
Cached:          1256488 kB
MemTotal:        1844596 kB
MemFree:          217300 kB
MemAvailable:    1451628 kB
Buffers:           85324 kB
Cached:          1256488 kB
MemTotal:        1844596 kB
MemFree:          217292 kB
MemAvailable:    1451620 kB
Buffers:           85324 kB
Cached:          1256488 kB
MemTotal:        1844596 kB
MemFree:          215796 kB
MemAvailable:    1450124 kB
Buffers:           85324 kB
Cached:          1256488 kB
MemTotal:        1844596 kB
MemFree:          215880 kB
MemAvailable:    1450208 kB
Buffers:           85324 kB
Cached:          1256488 kB
MemTotal:        1844596 kB
MemFree:          217032 kB
MemAvailable:    1451360 kB
Buffers:           85324 kB
Cached:          1256488 kB
MemTotal:        1844596 kB
MemFree:          217060 kB
MemAvailable:    1451388 kB
Buffers:           85324 kB
Cached:          1256488 kB
MemTotal:        1844596 kB
MemFree:          215804 kB
MemAvailable:    1450132 kB
Buffers:           85324 kB
Cached:          1256488 kB
MemTotal:        1844596 kB
MemFree:          215812 kB
MemAvailable:    1450152 kB
Buffers:           85324 kB
Cached:          1256500 kB
MemTotal:        1844596 kB
MemFree:          216940 kB
MemAvailable:    1451280 kB
Buffers:           85324 kB
Cached:          1256500 kB
MemTotal:        1844596 kB
MemFree:          216872 kB
MemAvailable:    1451212 kB
Buffers:           85324 kB
Cached:          1256500 kB
MemTotal:        1844596 kB
MemFree:          216736 kB
MemAvailable:    1451076 kB
Buffers:           85324 kB
Cached:          1256500 kB
MemTotal:        1844596 kB
MemFree:          216556 kB
MemAvailable:    1450896 kB
Buffers:           85324 kB
Cached:          1256500 kB
MemTotal:        1844596 kB
MemFree:          215880 kB
MemAvailable:    1450220 kB
Buffers:           85324 kB
Cached:          1256500 kB
MemTotal:        1844596 kB
MemFree:          215800 kB
MemAvailable:    1450140 kB
Buffers:           85324 kB
Cached:          1256500 kB
MemTotal:        1844596 kB
MemFree:          216860 kB
MemAvailable:    1451200 kB
Buffers:           85324 kB
Cached:          1256500 kB
MemTotal:        1844596 kB
MemFree:          216804 kB
MemAvailable:    1451144 kB
Buffers:           85324 kB
Cached:          1256500 kB
MemTotal:        1844596 kB
MemFree:          216968 kB
MemAvailable:    1451308 kB
Buffers:           85324 kB
Cached:          1256500 kB
MemTotal:        1844596 kB
MemFree:          217096 kB
MemAvailable:    1451436 kB
Buffers:           85324 kB
Cached:          1256500 kB
MemTotal:        1844596 kB
MemFree:          217180 kB
MemAvailable:    1451520 kB
Buffers:           85324 kB
Cached:          1256500 kB
MemTotal:        1844596 kB
MemFree:          216964 kB
MemAvailable:    1451304 kB
Buffers:           85324 kB
Cached:          1256500 kB
MemTotal:        1844596 kB
MemFree:          216308 kB
MemAvailable:    1450648 kB
Buffers:           85324 kB
Cached:          1256500 kB
MemTotal:        1844596 kB
MemFree:          216736 kB
MemAvailable:    1451076 kB
Buffers:           85324 kB
Cached:          1256500 kB
MemTotal:        1844596 kB
MemFree:          216988 kB
MemAvailable:    1451328 kB
Buffers:           85324 kB
Cached:          1256500 kB
MemTotal:        1844596 kB
MemFree:          215800 kB
MemAvailable:    1450140 kB
Buffers:           85324 kB
Cached:          1256500 kB
MemTotal:        1844596 kB
MemFree:          217076 kB
MemAvailable:    1451416 kB
Buffers:           85324 kB
Cached:          1256500 kB
MemTotal:        1844596 kB
MemFree:          216308 kB
MemAvailable:    1450648 kB
Buffers:           85324 kB
Cached:          1256500 kB
MemTotal:        1844596 kB
MemFree:          216872 kB
MemAvailable:    1451212 kB
Buffers:           85324 kB
Cached:          1256500 kB
MemTotal:        1844596 kB
MemFree:          217096 kB
MemAvailable:    1451436 kB
Buffers:           85324 kB
Cached:          1256500 kB
MemTotal:        1844596 kB
MemFree:          216984 kB
MemAvailable:    1451324 kB
Buffers:           85324 kB
Cached:          1256500 kB
MemTotal:        1844596 kB
MemFree:          215496 kB
MemAvailable:    1449836 kB
Buffers:           85324 kB
Cached:          1256500 kB
MemTotal:        1844596 kB
MemFree:          216860 kB
MemAvailable:    1451200 kB
Buffers:           85324 kB
Cached:          1256500 kB
MemTotal:        1844596 kB
MemFree:          215992 kB
MemAvailable:    1450332 kB
Buffers:           85324 kB
Cached:          1256500 kB
MemTotal:        1844596 kB
MemFree:          216728 kB
MemAvailable:    1451068 kB
Buffers:           85324 kB
Cached:          1256500 kB
MemTotal:        1844596 kB
MemFree:          215316 kB
MemAvailable:    1449656 kB
Buffers:           85324 kB
Cached:          1256500 kB
MemTotal:        1844596 kB
MemFree:          215260 kB
MemAvailable:    1449600 kB
Buffers:           85324 kB
Cached:          1256500 kB
MemTotal:        1844596 kB
MemFree:          216800 kB
MemAvailable:    1451140 kB
Buffers:           85324 kB
Cached:          1256500 kB
MemTotal:        1844596 kB
MemFree:          216496 kB
MemAvailable:    1450836 kB
Buffers:           85324 kB
Cached:          1256500 kB
MemTotal:        1844596 kB
MemFree:          216748 kB
MemAvailable:    1451088 kB
Buffers:           85324 kB
Cached:          1256500 kB
MemTotal:        1844596 kB
MemFree:          216668 kB
MemAvailable:    1451008 kB
Buffers:           85324 kB
Cached:          1256500 kB
MemTotal:        1844596 kB
MemFree:          216724 kB
MemAvailable:    1451064 kB
Buffers:           85324 kB
Cached:          1256500 kB
MemTotal:        1844596 kB
MemFree:          216612 kB
MemAvailable:    1450952 kB
Buffers:           85324 kB
Cached:          1256500 kB
MemTotal:        1844596 kB
MemFree:          216476 kB
MemAvailable:    1450816 kB
Buffers:           85324 kB
Cached:          1256500 kB
MemTotal:        1844596 kB
MemFree:          216728 kB
MemAvailable:    1451068 kB
Buffers:           85324 kB
Cached:          1256500 kB
MemTotal:        1844596 kB
MemFree:          216528 kB
MemAvailable:    1450868 kB
Buffers:           85324 kB
Cached:          1256500 kB
MemTotal:        1844596 kB
MemFree:          216184 kB
MemAvailable:    1450524 kB
Buffers:           85324 kB
Cached:          1256500 kB
MemTotal:        1844596 kB
MemFree:          215384 kB
MemAvailable:    1449724 kB
Buffers:           85324 kB
Cached:          1256500 kB
MemTotal:        1844596 kB
MemFree:          215384 kB
MemAvailable:    1449724 kB
Buffers:           85324 kB
Cached:          1256500 kB
MemTotal:        1844596 kB
MemFree:          216680 kB
MemAvailable:    1451020 kB
Buffers:           85324 kB
Cached:          1256500 kB
MemTotal:        1844596 kB
MemFree:          216476 kB
MemAvailable:    1450816 kB
Buffers:           85324 kB
Cached:          1256500 kB
MemTotal:        1844596 kB
MemFree:          216644 kB
MemAvailable:    1450984 kB
Buffers:           85324 kB
Cached:          1256500 kB
MemTotal:        1844596 kB
MemFree:          216728 kB
MemAvailable:    1451068 kB
Buffers:           85324 kB
Cached:          1256500 kB
MemTotal:        1844596 kB
MemFree:          216556 kB
MemAvailable:    1450896 kB
Buffers:           85324 kB
Cached:          1256500 kB
MemTotal:        1844596 kB
MemFree:          215936 kB
MemAvailable:    1450276 kB
Buffers:           85324 kB
Cached:          1256500 kB
MemTotal:        1844596 kB
MemFree:          217112 kB
MemAvailable:    1451456 kB
Buffers:           85324 kB
Cached:          1256504 kB
MemTotal:        1844596 kB
MemFree:          216856 kB
MemAvailable:    1451200 kB
Buffers:           85324 kB
Cached:          1256504 kB
MemTotal:        1844596 kB
MemFree:          215548 kB
MemAvailable:    1449892 kB
Buffers:           85324 kB
Cached:          1256504 kB
MemTotal:        1844596 kB
MemFree:          216724 kB
MemAvailable:    1451068 kB
Buffers:           85324 kB
Cached:          1256504 kB
MemTotal:        1844596 kB
MemFree:          216780 kB
MemAvailable:    1451124 kB
Buffers:           85324 kB
Cached:          1256504 kB
MemTotal:        1844596 kB
MemFree:          216400 kB
MemAvailable:    1450744 kB
Buffers:           85324 kB
Cached:          1256504 kB
MemTotal:        1844596 kB
MemFree:          215696 kB
MemAvailable:    1450040 kB
Buffers:           85324 kB
Cached:          1256504 kB
MemTotal:        1844596 kB
MemFree:          215144 kB
MemAvailable:    1449488 kB
Buffers:           85324 kB
Cached:          1256504 kB
MemTotal:        1844596 kB
MemFree:          216436 kB
MemAvailable:    1450780 kB
Buffers:           85324 kB
Cached:          1256504 kB
MemTotal:        1844596 kB
MemFree:          215388 kB
MemAvailable:    1449732 kB
Buffers:           85324 kB
Cached:          1256504 kB
MemTotal:        1844596 kB
MemFree:          215264 kB
MemAvailable:    1449608 kB
Buffers:           85324 kB
Cached:          1256504 kB
MemTotal:        1844596 kB
MemFree:          215504 kB
MemAvailable:    1449848 kB
Buffers:           85324 kB
Cached:          1256504 kB
MemTotal:        1844596 kB
MemFree:          215132 kB
MemAvailable:    1449476 kB
Buffers:           85324 kB
Cached:          1256504 kB
MemTotal:        1844596 kB
MemFree:          215256 kB
MemAvailable:    1449600 kB
Buffers:           85324 kB
Cached:          1256504 kB
MemTotal:        1844596 kB
MemFree:          216664 kB
MemAvailable:    1451008 kB
Buffers:           85324 kB
Cached:          1256504 kB
MemTotal:        1844596 kB
MemFree:          215292 kB
MemAvailable:    1449636 kB
Buffers:           85324 kB
Cached:          1256504 kB
MemTotal:        1844596 kB
MemFree:          215376 kB
MemAvailable:    1449720 kB
Buffers:           85324 kB
Cached:          1256504 kB
MemTotal:        1844596 kB
MemFree:          216300 kB
MemAvailable:    1450644 kB
Buffers:           85324 kB
Cached:          1256504 kB
MemTotal:        1844596 kB
MemFree:          216016 kB
MemAvailable:    1450360 kB
Buffers:           85324 kB
Cached:          1256504 kB
MemTotal:        1844596 kB
MemFree:          216928 kB
MemAvailable:    1451276 kB
Buffers:           85324 kB
Cached:          1256508 kB
MemTotal:        1844596 kB
MemFree:          216920 kB
MemAvailable:    1451268 kB
Buffers:           85324 kB
Cached:          1256508 kB
MemTotal:        1844596 kB
MemFree:          216532 kB
MemAvailable:    1450880 kB
Buffers:           85324 kB
Cached:          1256508 kB
MemTotal:        1844596 kB
MemFree:          216060 kB
MemAvailable:    1450408 kB
Buffers:           85324 kB
Cached:          1256508 kB
MemTotal:        1844596 kB
MemFree:          216428 kB
MemAvailable:    1450776 kB
Buffers:           85324 kB
Cached:          1256508 kB
MemTotal:        1844596 kB
MemFree:          216612 kB
MemAvailable:    1450960 kB
Buffers:           85324 kB
Cached:          1256508 kB
MemTotal:        1844596 kB
MemFree:          215812 kB
MemAvailable:    1450160 kB
Buffers:           85324 kB
Cached:          1256508 kB
MemTotal:        1844596 kB
MemFree:          216492 kB
MemAvailable:    1450840 kB
Buffers:           85324 kB
Cached:          1256508 kB
MemTotal:        1844596 kB
MemFree:          216384 kB
MemAvailable:    1450732 kB
Buffers:           85324 kB
Cached:          1256508 kB
MemTotal:        1844596 kB
MemFree:          216640 kB
MemAvailable:    1450988 kB
Buffers:           85324 kB
Cached:          1256508 kB
MemTotal:        1844596 kB
MemFree:          216436 kB
MemAvailable:    1450784 kB
Buffers:           85324 kB
Cached:          1256508 kB
MemTotal:        1844596 kB
MemFree:          216588 kB
MemAvailable:    1450936 kB
Buffers:           85324 kB
Cached:          1256508 kB
MemTotal:        1844596 kB
MemFree:          215812 kB
MemAvailable:    1450160 kB
Buffers:           85324 kB
Cached:          1256508 kB
MemTotal:        1844596 kB
MemFree:          216444 kB
MemAvailable:    1450792 kB
Buffers:           85324 kB
Cached:          1256508 kB
MemTotal:        1844596 kB
MemFree:          215396 kB
MemAvailable:    1449744 kB
Buffers:           85324 kB
Cached:          1256508 kB
MemTotal:        1844596 kB
MemFree:          216292 kB
MemAvailable:    1450640 kB
Buffers:           85324 kB
Cached:          1256508 kB
MemTotal:        1844596 kB
MemFree:          216292 kB
MemAvailable:    1450640 kB
Buffers:           85324 kB
Cached:          1256508 kB
MemTotal:        1844596 kB
MemFree:          216604 kB
MemAvailable:    1450952 kB
Buffers:           85324 kB
Cached:          1256508 kB
MemTotal:        1844596 kB
MemFree:          216432 kB
MemAvailable:    1450780 kB
Buffers:           85324 kB
Cached:          1256508 kB
MemTotal:        1844596 kB
MemFree:          215812 kB
MemAvailable:    1450160 kB
Buffers:           85324 kB
Cached:          1256508 kB
MemTotal:        1844596 kB
MemFree:          217024 kB
MemAvailable:    1451372 kB
Buffers:           85324 kB
Cached:          1256508 kB
MemTotal:        1844596 kB
MemFree:          216732 kB
MemAvailable:    1451080 kB
Buffers:           85324 kB
Cached:          1256508 kB
MemTotal:        1844596 kB
MemFree:          216408 kB
MemAvailable:    1450756 kB
Buffers:           85324 kB
Cached:          1256508 kB
MemTotal:        1844596 kB
MemFree:          216660 kB
MemAvailable:    1451008 kB
Buffers:           85324 kB
Cached:          1256508 kB
MemTotal:        1844596 kB
MemFree:          216436 kB
MemAvailable:    1450784 kB
Buffers:           85324 kB
Cached:          1256508 kB
MemTotal:        1844596 kB
MemFree:          216564 kB
MemAvailable:    1450912 kB
Buffers:           85324 kB
Cached:          1256508 kB
MemTotal:        1844596 kB
MemFree:          215688 kB
MemAvailable:    1450036 kB
Buffers:           85324 kB
Cached:          1256508 kB
MemTotal:        1844596 kB
MemFree:          216364 kB
MemAvailable:    1450712 kB
Buffers:           85324 kB
Cached:          1256508 kB
MemTotal:        1844596 kB
MemFree:          216616 kB
MemAvailable:    1450964 kB
Buffers:           85324 kB
Cached:          1256508 kB
MemTotal:        1844596 kB
MemFree:          216436 kB
MemAvailable:    1450784 kB
Buffers:           85324 kB
Cached:          1256508 kB
MemTotal:        1844596 kB
MemFree:          215420 kB
MemAvailable:    1449768 kB
Buffers:           85324 kB
Cached:          1256508 kB
MemTotal:        1844596 kB
MemFree:          216536 kB
MemAvailable:    1450884 kB
Buffers:           85324 kB
Cached:          1256508 kB
MemTotal:        1844596 kB
MemFree:          216424 kB
MemAvailable:    1450772 kB
Buffers:           85324 kB
Cached:          1256508 kB
MemTotal:        1844596 kB
MemFree:          216300 kB
MemAvailable:    1450648 kB
Buffers:           85324 kB
Cached:          1256508 kB
MemTotal:        1844596 kB
MemFree:          216592 kB
MemAvailable:    1450940 kB
Buffers:           85324 kB
Cached:          1256508 kB
MemTotal:        1844596 kB
MemFree:          216660 kB
MemAvailable:    1451008 kB
Buffers:           85324 kB
Cached:          1256508 kB
MemTotal:        1844596 kB
MemFree:          215144 kB
MemAvailable:    1449492 kB
Buffers:           85324 kB
Cached:          1256508 kB
MemTotal:        1844596 kB
MemFree:          216604 kB
MemAvailable:    1450952 kB
Buffers:           85324 kB
Cached:          1256508 kB
MemTotal:        1844596 kB
MemFree:          215144 kB
MemAvailable:    1449492 kB
Buffers:           85324 kB
Cached:          1256508 kB
MemTotal:        1844596 kB
MemFree:          216508 kB
MemAvailable:    1450856 kB
Buffers:           85324 kB
Cached:          1256508 kB
MemTotal:        1844596 kB
MemFree:          216500 kB
MemAvailable:    1450848 kB
Buffers:           85324 kB
Cached:          1256508 kB
MemTotal:        1844596 kB
MemFree:          216364 kB
MemAvailable:    1450712 kB
Buffers:           85324 kB
Cached:          1256508 kB
MemTotal:        1844596 kB
MemFree:          216616 kB
MemAvailable:    1450964 kB
Buffers:           85324 kB
Cached:          1256508 kB
MemTotal:        1844596 kB
MemFree:          216604 kB
MemAvailable:    1450952 kB
Buffers:           85324 kB
Cached:          1256508 kB
MemTotal:        1844596 kB
MemFree:          216432 kB
MemAvailable:    1450780 kB
Buffers:           85324 kB
Cached:          1256508 kB
MemTotal:        1844596 kB
MemFree:          215376 kB
MemAvailable:    1449724 kB
Buffers:           85324 kB
Cached:          1256508 kB
MemTotal:        1844596 kB
MemFree:          216552 kB
MemAvailable:    1450900 kB
Buffers:           85324 kB
Cached:          1256508 kB
MemTotal:        1844596 kB
MemFree:          215688 kB
MemAvailable:    1450036 kB
Buffers:           85324 kB
Cached:          1256508 kB
MemTotal:        1844596 kB
MemFree:          215688 kB
MemAvailable:    1450036 kB
Buffers:           85324 kB
Cached:          1256508 kB
MemTotal:        1844596 kB
MemFree:          215804 kB
MemAvailable:    1450152 kB
Buffers:           85324 kB
Cached:          1256508 kB
MemTotal:        1844596 kB
MemFree:          215556 kB
MemAvailable:    1449904 kB
Buffers:           85324 kB
Cached:          1256508 kB
MemTotal:        1844596 kB
MemFree:          216976 kB
MemAvailable:    1451324 kB
Buffers:           85324 kB
Cached:          1256508 kB
MemTotal:        1844596 kB
MemFree:          215820 kB
MemAvailable:    1450168 kB
Buffers:           85324 kB
Cached:          1256508 kB
MemTotal:        1844596 kB
MemFree:          215184 kB
MemAvailable:    1449532 kB
Buffers:           85324 kB
Cached:          1256508 kB
MemTotal:        1844596 kB
MemFree:          215268 kB
MemAvailable:    1449616 kB
Buffers:           85324 kB
Cached:          1256508 kB
MemTotal:        1844596 kB
MemFree:          216480 kB
MemAvailable:    1450828 kB
Buffers:           85324 kB
Cached:          1256508 kB
MemTotal:        1844596 kB
MemFree:          216184 kB
MemAvailable:    1450532 kB
Buffers:           85324 kB
Cached:          1256508 kB
MemTotal:        1844596 kB
MemFree:          216244 kB
MemAvailable:    1450592 kB
Buffers:           85324 kB
Cached:          1256508 kB
MemTotal:        1844596 kB
MemFree:          216496 kB
MemAvailable:    1450844 kB
Buffers:           85324 kB
Cached:          1256508 kB
MemTotal:        1844596 kB
MemFree:          216472 kB
MemAvailable:    1450820 kB
Buffers:           85324 kB
Cached:          1256508 kB
MemTotal:        1844596 kB
MemFree:          216300 kB
MemAvailable:    1450648 kB
Buffers:           85324 kB
Cached:          1256508 kB
MemTotal:        1844596 kB
MemFree:          216640 kB
MemAvailable:    1450988 kB
Buffers:           85324 kB
Cached:          1256508 kB
MemTotal:        1844596 kB
MemFree:          216360 kB
MemAvailable:    1450708 kB
Buffers:           85324 kB
Cached:          1256508 kB
MemTotal:        1844596 kB
MemFree:          216492 kB
MemAvailable:    1450840 kB
Buffers:           85324 kB
Cached:          1256508 kB
MemTotal:        1844596 kB
MemFree:          215192 kB
MemAvailable:    1449540 kB
Buffers:           85324 kB
Cached:          1256508 kB
MemTotal:        1844596 kB
MemFree:          216508 kB
MemAvailable:    1450856 kB
Buffers:           85324 kB
Cached:          1256508 kB
MemTotal:        1844596 kB
MemFree:          216484 kB
MemAvailable:    1450832 kB
Buffers:           85324 kB
Cached:          1256508 kB
MemTotal:        1844596 kB
MemFree:          216548 kB
MemAvailable:    1450896 kB
Buffers:           85324 kB
Cached:          1256508 kB
MemTotal:        1844596 kB
MemFree:          216300 kB
MemAvailable:    1450648 kB
Buffers:           85324 kB
Cached:          1256508 kB
MemTotal:        1844596 kB
MemFree:          216640 kB
MemAvailable:    1450988 kB
Buffers:           85324 kB
Cached:          1256508 kB
MemTotal:        1844596 kB
MemFree:          215440 kB
MemAvailable:    1449788 kB
Buffers:           85324 kB
Cached:          1256508 kB
MemTotal:        1844596 kB
MemFree:          216444 kB
MemAvailable:    1450792 kB
Buffers:           85324 kB
Cached:          1256508 kB
MemTotal:        1844596 kB
MemFree:          215688 kB
MemAvailable:    1450036 kB
Buffers:           85324 kB
Cached:          1256508 kB
MemTotal:        1844596 kB
MemFree:          216364 kB
MemAvailable:    1450712 kB
Buffers:           85324 kB
Cached:          1256508 kB
MemTotal:        1844596 kB
MemFree:          216364 kB
MemAvailable:    1450712 kB
Buffers:           85324 kB
Cached:          1256508 kB
MemTotal:        1844596 kB
MemFree:          216544 kB
MemAvailable:    1450892 kB
Buffers:           85324 kB
Cached:          1256508 kB
MemTotal:        1844596 kB
MemFree:          216432 kB
MemAvailable:    1450780 kB
Buffers:           85324 kB
Cached:          1256508 kB
MemTotal:        1844596 kB
MemFree:          215812 kB
MemAvailable:    1450160 kB
Buffers:           85324 kB
Cached:          1256508 kB
MemTotal:        1844596 kB
MemFree:          216732 kB
MemAvailable:    1451084 kB
Buffers:           85324 kB
Cached:          1256512 kB
MemTotal:        1844596 kB
MemFree:          216060 kB
MemAvailable:    1450412 kB
Buffers:           85324 kB
Cached:          1256512 kB
MemTotal:        1844596 kB
MemFree:          216292 kB
MemAvailable:    1450644 kB
Buffers:           85324 kB
Cached:          1256512 kB
MemTotal:        1844596 kB
MemFree:          216308 kB
MemAvailable:    1450660 kB
Buffers:           85324 kB
Cached:          1256512 kB
MemTotal:        1844596 kB
MemFree:          215304 kB
MemAvailable:    1449656 kB
Buffers:           85324 kB
Cached:          1256512 kB
MemTotal:        1844596 kB
MemFree:          216444 kB
MemAvailable:    1450800 kB
Buffers:           85324 kB
Cached:          1256516 kB
MemTotal:        1844596 kB
MemFree:          215268 kB
MemAvailable:    1449624 kB
Buffers:           85324 kB
Cached:          1256516 kB
MemTotal:        1844596 kB
MemFree:          215640 kB
MemAvailable:    1449996 kB
Buffers:           85324 kB
Cached:          1256516 kB
MemTotal:        1844596 kB
MemFree:          215144 kB
MemAvailable:    1449500 kB
Buffers:           85324 kB
Cached:          1256516 kB
MemTotal:        1844596 kB
MemFree:          216592 kB
MemAvailable:    1450948 kB
Buffers:           85324 kB
Cached:          1256516 kB
MemTotal:        1844596 kB
MemFree:          215688 kB
MemAvailable:    1450044 kB
Buffers:           85324 kB
Cached:          1256516 kB
MemTotal:        1844596 kB
MemFree:          216984 kB
MemAvailable:    1451344 kB
Buffers:           85324 kB
Cached:          1256520 kB
MemTotal:        1844596 kB
MemFree:          216928 kB
MemAvailable:    1451288 kB
Buffers:           85324 kB
Cached:          1256520 kB
MemTotal:        1844596 kB
MemFree:          216416 kB
MemAvailable:    1450776 kB
Buffers:           85324 kB
Cached:          1256520 kB
MemTotal:        1844596 kB
MemFree:          216416 kB
MemAvailable:    1450776 kB
Buffers:           85324 kB
Cached:          1256520 kB
MemTotal:        1844596 kB
MemFree:          216424 kB
MemAvailable:    1450784 kB
Buffers:           85324 kB
Cached:          1256520 kB
MemTotal:        1844596 kB
MemFree:          216676 kB
MemAvailable:    1451036 kB
Buffers:           85324 kB
Cached:          1256520 kB
MemTotal:        1844596 kB
MemFree:          216308 kB
MemAvailable:    1450668 kB
Buffers:           85324 kB
Cached:          1256520 kB
MemTotal:        1844596 kB
MemFree:          216492 kB
MemAvailable:    1450852 kB
Buffers:           85324 kB
Cached:          1256520 kB
MemTotal:        1844596 kB
MemFree:          216508 kB
MemAvailable:    1450868 kB
Buffers:           85324 kB
Cached:          1256520 kB
MemTotal:        1844596 kB
MemFree:          215296 kB
MemAvailable:    1449656 kB
Buffers:           85324 kB
Cached:          1256520 kB
MemTotal:        1844596 kB
MemFree:          216336 kB
MemAvailable:    1450696 kB
Buffers:           85324 kB
Cached:          1256520 kB
MemTotal:        1844596 kB
MemFree:          216556 kB
MemAvailable:    1450916 kB
Buffers:           85324 kB
Cached:          1256520 kB
MemTotal:        1844596 kB
MemFree:          215136 kB
MemAvailable:    1449496 kB
Buffers:           85324 kB
Cached:          1256520 kB
MemTotal:        1844596 kB
MemFree:          216732 kB
MemAvailable:    1451092 kB
Buffers:           85324 kB
Cached:          1256520 kB
MemTotal:        1844596 kB
MemFree:          216372 kB
MemAvailable:    1450732 kB
Buffers:           85324 kB
Cached:          1256520 kB
MemTotal:        1844596 kB
MemFree:          216524 kB
MemAvailable:    1450884 kB
Buffers:           85324 kB
Cached:          1256520 kB
MemTotal:        1844596 kB
MemFree:          216060 kB
MemAvailable:    1450420 kB
Buffers:           85324 kB
Cached:          1256520 kB
MemTotal:        1844596 kB
MemFree:          215136 kB
MemAvailable:    1449496 kB
Buffers:           85324 kB
Cached:          1256520 kB
MemTotal:        1844596 kB
MemFree:          215260 kB
MemAvailable:    1449620 kB
Buffers:           85324 kB
Cached:          1256520 kB
MemTotal:        1844596 kB
MemFree:          216244 kB
MemAvailable:    1450604 kB
Buffers:           85324 kB
Cached:          1256520 kB
MemTotal:        1844596 kB
MemFree:          216356 kB
MemAvailable:    1450716 kB
Buffers:           85324 kB
Cached:          1256520 kB
MemTotal:        1844596 kB
MemFree:          215936 kB
MemAvailable:    1450296 kB
Buffers:           85324 kB
Cached:          1256520 kB
MemTotal:        1844596 kB
MemFree:          216472 kB
MemAvailable:    1450832 kB
Buffers:           85324 kB
Cached:          1256520 kB
MemTotal:        1844596 kB
MemFree:          216232 kB
MemAvailable:    1450592 kB
Buffers:           85324 kB
Cached:          1256520 kB
MemTotal:        1844596 kB
MemFree:          215876 kB
MemAvailable:    1450236 kB
Buffers:           85324 kB
Cached:          1256520 kB
MemTotal:        1844596 kB
MemFree:          215124 kB
MemAvailable:    1449484 kB
Buffers:           85324 kB
Cached:          1256520 kB
MemTotal:        1844596 kB
MemFree:          215160 kB
MemAvailable:    1449520 kB
Buffers:           85324 kB
Cached:          1256520 kB
MemTotal:        1844596 kB
MemFree:          215492 kB
MemAvailable:    1449852 kB
Buffers:           85324 kB
Cached:          1256520 kB
MemTotal:        1844596 kB
MemFree:          215244 kB
MemAvailable:    1449604 kB
Buffers:           85324 kB
Cached:          1256520 kB
MemTotal:        1844596 kB
MemFree:          216300 kB
MemAvailable:    1450660 kB
Buffers:           85324 kB
Cached:          1256520 kB
MemTotal:        1844596 kB
MemFree:          216396 kB
MemAvailable:    1450756 kB
Buffers:           85324 kB
Cached:          1256520 kB
MemTotal:        1844596 kB
MemFree:          215144 kB
MemAvailable:    1449504 kB
Buffers:           85324 kB
Cached:          1256520 kB
MemTotal:        1844596 kB
MemFree:          215428 kB
MemAvailable:    1449788 kB
Buffers:           85324 kB
Cached:          1256520 kB
MemTotal:        1844596 kB
MemFree:          215304 kB
MemAvailable:    1449664 kB
Buffers:           85324 kB
Cached:          1256520 kB
MemTotal:        1844596 kB
MemFree:          215420 kB
MemAvailable:    1449780 kB
Buffers:           85324 kB
Cached:          1256520 kB
MemTotal:        1844596 kB
MemFree:          215256 kB
MemAvailable:    1449616 kB
Buffers:           85324 kB
Cached:          1256520 kB
MemTotal:        1844596 kB
MemFree:          216424 kB
MemAvailable:    1450784 kB
Buffers:           85324 kB
Cached:          1256520 kB
MemTotal:        1844596 kB
MemFree:          216468 kB
MemAvailable:    1450828 kB
Buffers:           85324 kB
Cached:          1256520 kB
MemTotal:        1844596 kB
MemFree:          215284 kB
MemAvailable:    1449644 kB
Buffers:           85324 kB
Cached:          1256520 kB
MemTotal:        1844596 kB
MemFree:          216524 kB
MemAvailable:    1450884 kB
Buffers:           85324 kB
Cached:          1256520 kB
MemTotal:        1844596 kB
MemFree:          216292 kB
MemAvailable:    1450652 kB
Buffers:           85324 kB
Cached:          1256520 kB
MemTotal:        1844596 kB
MemFree:          216292 kB
MemAvailable:    1450652 kB
Buffers:           85324 kB
Cached:          1256520 kB
MemTotal:        1844596 kB
MemFree:          215128 kB
MemAvailable:    1449488 kB
Buffers:           85324 kB
Cached:          1256520 kB
MemTotal:        1844596 kB
MemFree:          216244 kB
MemAvailable:    1450604 kB
Buffers:           85324 kB
Cached:          1256520 kB
MemTotal:        1844596 kB
MemFree:          216412 kB
MemAvailable:    1450772 kB
Buffers:           85324 kB
Cached:          1256520 kB
MemTotal:        1844596 kB
MemFree:          216424 kB
MemAvailable:    1450784 kB
Buffers:           85324 kB
Cached:          1256520 kB
MemTotal:        1844596 kB
MemFree:          216564 kB
MemAvailable:    1450924 kB
Buffers:           85324 kB
Cached:          1256520 kB
MemTotal:        1844596 kB
MemFree:          215144 kB
MemAvailable:    1449504 kB
Buffers:           85324 kB
Cached:          1256520 kB
MemTotal:        1844596 kB
MemFree:          216252 kB
MemAvailable:    1450612 kB
Buffers:           85324 kB
Cached:          1256520 kB
MemTotal:        1844596 kB
MemFree:          216424 kB
MemAvailable:    1450784 kB
Buffers:           85324 kB
Cached:          1256520 kB
MemTotal:        1844596 kB
MemFree:          216336 kB
MemAvailable:    1450696 kB
Buffers:           85324 kB
Cached:          1256520 kB
MemTotal:        1844596 kB
MemFree:          216508 kB
MemAvailable:    1450868 kB
Buffers:           85324 kB
Cached:          1256520 kB
MemTotal:        1844596 kB
MemFree:          216472 kB
MemAvailable:    1450832 kB
Buffers:           85324 kB
Cached:          1256520 kB
MemTotal:        1844596 kB
MemFree:          216432 kB
MemAvailable:    1450792 kB
Buffers:           85324 kB
Cached:          1256520 kB
MemTotal:        1844596 kB
MemFree:          215292 kB
MemAvailable:    1449652 kB
Buffers:           85324 kB
Cached:          1256520 kB
MemTotal:        1844596 kB
MemFree:          215292 kB
MemAvailable:    1449652 kB
Buffers:           85324 kB
Cached:          1256520 kB
MemTotal:        1844596 kB
MemFree:          216296 kB
MemAvailable:    1450656 kB
Buffers:           85324 kB
Cached:          1256520 kB
MemTotal:        1844596 kB
MemFree:          215244 kB
MemAvailable:    1449604 kB
Buffers:           85324 kB
Cached:          1256520 kB
MemTotal:        1844596 kB
MemFree:          216420 kB
MemAvailable:    1450780 kB
Buffers:           85324 kB
Cached:          1256520 kB
MemTotal:        1844596 kB
MemFree:          216340 kB
MemAvailable:    1450700 kB
Buffers:           85324 kB
Cached:          1256520 kB
MemTotal:        1844596 kB
MemFree:          216556 kB
MemAvailable:    1450916 kB
Buffers:           85324 kB
Cached:          1256520 kB
MemTotal:        1844596 kB
MemFree:          216280 kB
MemAvailable:    1450640 kB
Buffers:           85324 kB
Cached:          1256520 kB
MemTotal:        1844596 kB
MemFree:          215168 kB
MemAvailable:    1449528 kB
Buffers:           85324 kB
Cached:          1256520 kB
MemTotal:        1844596 kB
MemFree:          216292 kB
MemAvailable:    1450652 kB
Buffers:           85324 kB
Cached:          1256520 kB
MemTotal:        1844596 kB
MemFree:          216544 kB
MemAvailable:    1450904 kB
Buffers:           85324 kB
Cached:          1256520 kB
MemTotal:        1844596 kB
MemFree:          216516 kB
MemAvailable:    1450880 kB
Buffers:           85324 kB
Cached:          1256524 kB
MemTotal:        1844596 kB
MemFree:          216120 kB
MemAvailable:    1450488 kB
Buffers:           85324 kB
Cached:          1256528 kB
MemTotal:        1844596 kB
MemFree:          216456 kB
MemAvailable:    1450824 kB
Buffers:           85324 kB
Cached:          1256528 kB
MemTotal:        1844596 kB
MemFree:          216164 kB
MemAvailable:    1450532 kB
Buffers:           85324 kB
Cached:          1256528 kB
MemTotal:        1844596 kB
MemFree:          216248 kB
MemAvailable:    1450616 kB
Buffers:           85324 kB
Cached:          1256528 kB
MemTotal:        1844596 kB
MemFree:          214804 kB
MemAvailable:    1449172 kB
Buffers:           85324 kB
Cached:          1256528 kB
MemTotal:        1844596 kB
MemFree:          216196 kB
MemAvailable:    1450564 kB
Buffers:           85324 kB
Cached:          1256528 kB
MemTotal:        1844596 kB
MemFree:          216232 kB
MemAvailable:    1450600 kB
Buffers:           85324 kB
Cached:          1256528 kB
MemTotal:        1844596 kB
MemFree:          214944 kB
MemAvailable:    1449312 kB
Buffers:           85324 kB
Cached:          1256528 kB
MemTotal:        1844596 kB
MemFree:          215144 kB
MemAvailable:    1449512 kB
Buffers:           85324 kB
Cached:          1256528 kB
MemTotal:        1844596 kB
MemFree:          215068 kB
MemAvailable:    1449436 kB
Buffers:           85324 kB
Cached:          1256528 kB
MemTotal:        1844596 kB
MemFree:          214896 kB
MemAvailable:    1449264 kB
Buffers:           85324 kB
Cached:          1256528 kB
MemTotal:        1844596 kB
MemFree:          214888 kB
MemAvailable:    1449256 kB
Buffers:           85324 kB
Cached:          1256528 kB
MemTotal:        1844596 kB
MemFree:          216232 kB
MemAvailable:    1450600 kB
Buffers:           85324 kB
Cached:          1256528 kB
MemTotal:        1844596 kB
MemFree:          214796 kB
MemAvailable:    1449164 kB
Buffers:           85324 kB
Cached:          1256528 kB
MemTotal:        1844596 kB
MemFree:          216200 kB
MemAvailable:    1450568 kB
Buffers:           85324 kB
Cached:          1256528 kB
MemTotal:        1844596 kB
MemFree:          215140 kB
MemAvailable:    1449508 kB
Buffers:           85324 kB
Cached:          1256528 kB
MemTotal:        1844596 kB
MemFree:          216120 kB
MemAvailable:    1450488 kB
Buffers:           85324 kB
Cached:          1256528 kB
MemTotal:        1844596 kB
MemFree:          216268 kB
MemAvailable:    1450636 kB
Buffers:           85324 kB
Cached:          1256528 kB
MemTotal:        1844596 kB
MemFree:          215556 kB
MemAvailable:    1449924 kB
Buffers:           85324 kB
Cached:          1256528 kB
MemTotal:        1844596 kB
MemFree:          216540 kB
MemAvailable:    1450904 kB
Buffers:           85324 kB
Cached:          1256528 kB
MemTotal:        1844596 kB
MemFree:          216540 kB
MemAvailable:    1450904 kB
Buffers:           85324 kB
Cached:          1256528 kB
MemTotal:        1844596 kB
MemFree:          215052 kB
MemAvailable:    1449416 kB
Buffers:           85324 kB
Cached:          1256528 kB
MemTotal:        1844596 kB
MemFree:          215044 kB
MemAvailable:    1449408 kB
Buffers:           85324 kB
Cached:          1256528 kB
MemTotal:        1844596 kB
MemFree:          216096 kB
MemAvailable:    1450460 kB
Buffers:           85324 kB
Cached:          1256528 kB
MemTotal:        1844596 kB
MemFree:          216216 kB
MemAvailable:    1450580 kB
Buffers:           85324 kB
Cached:          1256528 kB
MemTotal:        1844596 kB
MemFree:          215156 kB
MemAvailable:    1449520 kB
Buffers:           85324 kB
Cached:          1256528 kB
MemTotal:        1844596 kB
MemFree:          215116 kB
MemAvailable:    1449480 kB
Buffers:           85324 kB
Cached:          1256528 kB
MemTotal:        1844596 kB
MemFree:          216220 kB
MemAvailable:    1450584 kB
Buffers:           85324 kB
Cached:          1256528 kB
MemTotal:        1844596 kB
MemFree:          215812 kB
MemAvailable:    1450176 kB
Buffers:           85324 kB
Cached:          1256528 kB
MemTotal:        1844596 kB
MemFree:          216032 kB
MemAvailable:    1450396 kB
Buffers:           85324 kB
Cached:          1256528 kB
MemTotal:        1844596 kB
MemFree:          216284 kB
MemAvailable:    1450648 kB
Buffers:           85324 kB
Cached:          1256528 kB
MemTotal:        1844596 kB
MemFree:          216052 kB
MemAvailable:    1450416 kB
Buffers:           85324 kB
Cached:          1256528 kB
MemTotal:        1844596 kB
MemFree:          215980 kB
MemAvailable:    1450344 kB
Buffers:           85324 kB
Cached:          1256528 kB
MemTotal:        1844596 kB
MemFree:          216172 kB
MemAvailable:    1450536 kB
Buffers:           85324 kB
Cached:          1256528 kB
MemTotal:        1844596 kB
MemFree:          214980 kB
MemAvailable:    1449344 kB
Buffers:           85324 kB
Cached:          1256528 kB
MemTotal:        1844596 kB
MemFree:          216120 kB
MemAvailable:    1450484 kB
Buffers:           85324 kB
Cached:          1256528 kB
MemTotal:        1844596 kB
MemFree:          216000 kB
MemAvailable:    1450364 kB
Buffers:           85324 kB
Cached:          1256528 kB
MemTotal:        1844596 kB
MemFree:          216000 kB
MemAvailable:    1450364 kB
Buffers:           85324 kB
Cached:          1256528 kB
MemTotal:        1844596 kB
MemFree:          216224 kB
MemAvailable:    1450588 kB
Buffers:           85324 kB
Cached:          1256528 kB
MemTotal:        1844596 kB
MemFree:          216184 kB
MemAvailable:    1450548 kB
Buffers:           85324 kB
Cached:          1256528 kB
MemTotal:        1844596 kB
MemFree:          215440 kB
MemAvailable:    1449804 kB
Buffers:           85324 kB
Cached:          1256528 kB
MemTotal:        1844596 kB
MemFree:          216292 kB
MemAvailable:    1450656 kB
Buffers:           85324 kB
Cached:          1256528 kB
MemTotal:        1844596 kB
MemFree:          216292 kB
MemAvailable:    1450656 kB
Buffers:           85324 kB
Cached:          1256528 kB
MemTotal:        1844596 kB
MemFree:          216056 kB
MemAvailable:    1450420 kB
Buffers:           85324 kB
Cached:          1256528 kB
MemTotal:        1844596 kB
MemFree:          216184 kB
MemAvailable:    1450548 kB
Buffers:           85324 kB
Cached:          1256528 kB
MemTotal:        1844596 kB
MemFree:          215980 kB
MemAvailable:    1450344 kB
Buffers:           85324 kB
Cached:          1256528 kB
MemTotal:        1844596 kB
MemFree:          216232 kB
MemAvailable:    1450596 kB
Buffers:           85324 kB
Cached:          1256528 kB
MemTotal:        1844596 kB
MemFree:          214888 kB
MemAvailable:    1449252 kB
Buffers:           85324 kB
Cached:          1256528 kB
MemTotal:        1844596 kB
MemFree:          216248 kB
MemAvailable:    1450612 kB
Buffers:           85324 kB
Cached:          1256528 kB
MemTotal:        1844596 kB
MemFree:          216224 kB
MemAvailable:    1450588 kB
Buffers:           85324 kB
Cached:          1256528 kB
MemTotal:        1844596 kB
MemFree:          215992 kB
MemAvailable:    1450356 kB
Buffers:           85324 kB
Cached:          1256528 kB
MemTotal:        1844596 kB
MemFree:          216244 kB
MemAvailable:    1450608 kB
Buffers:           85324 kB
Cached:          1256528 kB
MemTotal:        1844596 kB
MemFree:          214772 kB
MemAvailable:    1449136 kB
Buffers:           85324 kB
Cached:          1256528 kB
MemTotal:        1844596 kB
MemFree:          216308 kB
MemAvailable:    1450672 kB
Buffers:           85324 kB
Cached:          1256528 kB
MemTotal:        1844596 kB
