MemTotal:        1844596 kB
MemFree:         1009740 kB
MemAvailable:    1586160 kB
Buffers:           66592 kB
Cached:           631200 kB
MemTotal:        1844596 kB
MemFree:         1006268 kB
MemAvailable:    1582688 kB
Buffers:           66592 kB
Cached:           631200 kB
MemTotal:        1844596 kB
MemFree:         1004292 kB
MemAvailable:    1580712 kB
Buffers:           66592 kB
Cached:           631200 kB
MemTotal:        1844596 kB
MemFree:         1005468 kB
MemAvailable:    1581888 kB
Buffers:           66592 kB
Cached:           631200 kB
MemTotal:        1844596 kB
MemFree:         1004392 kB
MemAvailable:    1580812 kB
Buffers:           66592 kB
Cached:           631200 kB
MemTotal:        1844596 kB
MemFree:         1004044 kB
MemAvailable:    1580464 kB
Buffers:           66592 kB
Cached:           631200 kB
MemTotal:        1844596 kB
MemFree:         1000944 kB
MemAvailable:    1577364 kB
Buffers:           66592 kB
Cached:           631200 kB
MemTotal:        1844596 kB
MemFree:         1001192 kB
MemAvailable:    1577612 kB
Buffers:           66592 kB
Cached:           631200 kB
MemTotal:        1844596 kB
MemFree:          999828 kB
MemAvailable:    1576248 kB
Buffers:           66592 kB
Cached:           631200 kB
MemTotal:        1844596 kB
MemFree:          998216 kB
MemAvailable:    1574636 kB
Buffers:           66592 kB
Cached:           631200 kB
MemTotal:        1844596 kB
MemFree:          995472 kB
MemAvailable:    1571892 kB
Buffers:           66592 kB
Cached:           631200 kB
MemTotal:        1844596 kB
MemFree:          995472 kB
MemAvailable:    1571892 kB
Buffers:           66592 kB
Cached:           631200 kB
MemTotal:        1844596 kB
MemFree:          990760 kB
MemAvailable:    1567180 kB
Buffers:           66592 kB
Cached:           631200 kB
MemTotal:        1844596 kB
MemFree:          990528 kB
MemAvailable:    1566948 kB
Buffers:           66592 kB
Cached:           631200 kB
MemTotal:        1844596 kB
MemFree:          993084 kB
MemAvailable:    1569504 kB
Buffers:           66592 kB
Cached:           631200 kB
MemTotal:        1844596 kB
MemFree:          993340 kB
MemAvailable:    1569760 kB
Buffers:           66592 kB
Cached:           631200 kB
MemTotal:        1844596 kB
MemFree:          993212 kB
MemAvailable:    1569632 kB
Buffers:           66592 kB
Cached:           631200 kB
MemTotal:        1844596 kB
MemFree:          992512 kB
MemAvailable:    1568932 kB
Buffers:           66592 kB
Cached:           631200 kB
MemTotal:        1844596 kB
MemFree:          992936 kB
MemAvailable:    1569356 kB
Buffers:           66592 kB
Cached:           631200 kB
MemTotal:        1844596 kB
MemFree:          992936 kB
MemAvailable:    1569356 kB
Buffers:           66592 kB
Cached:           631200 kB
MemTotal:        1844596 kB
MemFree:          992620 kB
MemAvailable:    1569040 kB
Buffers:           66592 kB
Cached:           631200 kB
MemTotal:        1844596 kB
MemFree:          991456 kB
MemAvailable:    1567876 kB
Buffers:           66592 kB
Cached:           631200 kB
MemTotal:        1844596 kB
MemFree:          992440 kB
MemAvailable:    1568860 kB
Buffers:           66592 kB
Cached:           631200 kB
MemTotal:        1844596 kB
MemFree:          992440 kB
MemAvailable:    1568860 kB
Buffers:           66592 kB
Cached:           631200 kB
MemTotal:        1844596 kB
MemFree:          991604 kB
MemAvailable:    1568024 kB
Buffers:           66592 kB
Cached:           631200 kB
MemTotal:        1844596 kB
MemFree:          989908 kB
MemAvailable:    1566328 kB
Buffers:           66592 kB
Cached:           631200 kB
MemTotal:        1844596 kB
MemFree:          990720 kB
MemAvailable:    1567140 kB
Buffers:           66592 kB
Cached:           631200 kB
MemTotal:        1844596 kB
MemFree:          990404 kB
MemAvailable:    1566824 kB
Buffers:           66592 kB
Cached:           631200 kB
MemTotal:        1844596 kB
MemFree:          990624 kB
MemAvailable:    1567044 kB
Buffers:           66592 kB
Cached:           631200 kB
MemTotal:        1844596 kB
MemFree:          990960 kB
MemAvailable:    1567380 kB
Buffers:           66592 kB
Cached:           631200 kB
MemTotal:        1844596 kB
MemFree:          989640 kB
MemAvailable:    1566060 kB
Buffers:           66592 kB
Cached:           631200 kB
MemTotal:        1844596 kB
MemFree:          990576 kB
MemAvailable:    1566996 kB
Buffers:           66592 kB
Cached:           631200 kB
MemTotal:        1844596 kB
MemFree:          990576 kB
MemAvailable:    1566996 kB
Buffers:           66592 kB
Cached:           631200 kB
MemTotal:        1844596 kB
MemFree:          989480 kB
MemAvailable:    1565900 kB
Buffers:           66592 kB
Cached:           631200 kB
MemTotal:        1844596 kB
MemFree:          990656 kB
MemAvailable:    1567076 kB
Buffers:           66592 kB
Cached:           631200 kB
MemTotal:        1844596 kB
MemFree:          989908 kB
MemAvailable:    1566328 kB
Buffers:           66592 kB
Cached:           631200 kB
MemTotal:        1844596 kB
MemFree:          990640 kB
MemAvailable:    1567060 kB
Buffers:           66592 kB
Cached:           631200 kB
MemTotal:        1844596 kB
MemFree:          990032 kB
MemAvailable:    1566452 kB
Buffers:           66592 kB
Cached:           631200 kB
MemTotal:        1844596 kB
MemFree:          990500 kB
MemAvailable:    1566920 kB
Buffers:           66592 kB
Cached:           631200 kB
MemTotal:        1844596 kB
MemFree:          990600 kB
MemAvailable:    1567020 kB
Buffers:           66592 kB
Cached:           631200 kB
MemTotal:        1844596 kB
MemFree:          985064 kB
MemAvailable:    1561484 kB
Buffers:           66592 kB
Cached:           631200 kB
MemTotal:        1844596 kB
MemFree:          986172 kB
MemAvailable:    1562592 kB
Buffers:           66592 kB
Cached:           631200 kB
MemTotal:        1844596 kB
MemFree:          985940 kB
MemAvailable:    1562360 kB
Buffers:           66592 kB
Cached:           631200 kB
MemTotal:        1844596 kB
MemFree:          985760 kB
MemAvailable:    1562180 kB
Buffers:           66592 kB
Cached:           631200 kB
MemTotal:        1844596 kB
MemFree:          984636 kB
MemAvailable:    1561056 kB
Buffers:           66592 kB
Cached:           631200 kB
MemTotal:        1844596 kB
MemFree:          985620 kB
MemAvailable:    1562040 kB
Buffers:           66592 kB
Cached:           631200 kB
MemTotal:        1844596 kB
MemFree:          985876 kB
MemAvailable:    1562296 kB
Buffers:           66592 kB
Cached:           631200 kB
MemTotal:        1844596 kB
MemFree:          985524 kB
MemAvailable:    1561944 kB
Buffers:           66592 kB
Cached:           631200 kB
MemTotal:        1844596 kB
MemFree:          985568 kB
MemAvailable:    1561988 kB
Buffers:           66592 kB
Cached:           631200 kB
MemTotal:        1844596 kB
MemFree:          985248 kB
MemAvailable:    1561668 kB
Buffers:           66592 kB
Cached:           631200 kB
MemTotal:        1844596 kB
MemFree:          985584 kB
MemAvailable:    1562004 kB
Buffers:           66592 kB
Cached:           631200 kB
MemTotal:        1844596 kB
MemFree:          983824 kB
MemAvailable:    1560244 kB
Buffers:           66592 kB
Cached:           631200 kB
MemTotal:        1844596 kB
MemFree:          983824 kB
MemAvailable:    1560244 kB
Buffers:           66592 kB
Cached:           631200 kB
MemTotal:        1844596 kB
MemFree:          984808 kB
MemAvailable:    1561228 kB
Buffers:           66592 kB
Cached:           631200 kB
MemTotal:        1844596 kB
MemFree:          985144 kB
MemAvailable:    1561564 kB
Buffers:           66592 kB
Cached:           631200 kB
MemTotal:        1844596 kB
MemFree:          983816 kB
MemAvailable:    1560236 kB
Buffers:           66592 kB
Cached:           631200 kB
MemTotal:        1844596 kB
MemFree:          984444 kB
MemAvailable:    1560864 kB
Buffers:           66592 kB
Cached:           631200 kB
MemTotal:        1844596 kB
MemFree:          984528 kB
MemAvailable:    1560948 kB
Buffers:           66592 kB
Cached:           631200 kB
MemTotal:        1844596 kB
MemFree:          984264 kB
MemAvailable:    1560684 kB
Buffers:           66592 kB
Cached:           631200 kB
MemTotal:        1844596 kB
MemFree:          984516 kB
MemAvailable:    1560936 kB
Buffers:           66592 kB
Cached:           631200 kB
MemTotal:        1844596 kB
MemFree:          984148 kB
MemAvailable:    1560568 kB
Buffers:           66592 kB
Cached:           631200 kB
MemTotal:        1844596 kB
MemFree:          984132 kB
MemAvailable:    1560552 kB
Buffers:           66592 kB
Cached:           631200 kB
MemTotal:        1844596 kB
MemFree:          984280 kB
MemAvailable:    1560700 kB
Buffers:           66592 kB
Cached:           631200 kB
MemTotal:        1844596 kB
MemFree:          983072 kB
MemAvailable:    1559500 kB
Buffers:           66592 kB
Cached:           631208 kB
MemTotal:        1844596 kB
MemFree:          983072 kB
MemAvailable:    1559500 kB
Buffers:           66592 kB
Cached:           631208 kB
MemTotal:        1844596 kB
MemFree:          983320 kB
MemAvailable:    1559748 kB
Buffers:           66592 kB
Cached:           631208 kB
MemTotal:        1844596 kB
MemFree:          983328 kB
MemAvailable:    1559756 kB
Buffers:           66592 kB
Cached:           631208 kB
MemTotal:        1844596 kB
MemFree:          983452 kB
MemAvailable:    1559880 kB
Buffers:           66592 kB
Cached:           631208 kB
MemTotal:        1844596 kB
MemFree:          984188 kB
MemAvailable:    1560616 kB
Buffers:           66592 kB
Cached:           631208 kB
MemTotal:        1844596 kB
MemFree:          983460 kB
MemAvailable:    1559888 kB
Buffers:           66592 kB
Cached:           631208 kB
MemTotal:        1844596 kB
MemFree:          984060 kB
MemAvailable:    1560488 kB
Buffers:           66592 kB
Cached:           631208 kB
MemTotal:        1844596 kB
MemFree:          984060 kB
MemAvailable:    1560488 kB
Buffers:           66592 kB
Cached:           631208 kB
MemTotal:        1844596 kB
MemFree:          979112 kB
MemAvailable:    1555552 kB
Buffers:           66592 kB
Cached:           631216 kB
MemTotal:        1844596 kB
MemFree:          978128 kB
MemAvailable:    1554568 kB
Buffers:           66592 kB
Cached:           631216 kB
MemTotal:        1844596 kB
MemFree:          978056 kB
MemAvailable:    1554496 kB
Buffers:           66592 kB
Cached:           631216 kB
MemTotal:        1844596 kB
MemFree:          977136 kB
MemAvailable:    1553576 kB
Buffers:           66592 kB
Cached:           631216 kB
MemTotal:        1844596 kB
MemFree:          977800 kB
MemAvailable:    1554240 kB
Buffers:           66592 kB
Cached:           631216 kB
MemTotal:        1844596 kB
MemFree:          977568 kB
MemAvailable:    1554008 kB
Buffers:           66592 kB
Cached:           631216 kB
MemTotal:        1844596 kB
MemFree:          976384 kB
MemAvailable:    1552824 kB
Buffers:           66592 kB
Cached:           631216 kB
MemTotal:        1844596 kB
MemFree:          977236 kB
MemAvailable:    1553676 kB
Buffers:           66592 kB
Cached:           631216 kB
MemTotal:        1844596 kB
MemFree:          976640 kB
MemAvailable:    1553080 kB
Buffers:           66592 kB
Cached:           631216 kB
MemTotal:        1844596 kB
MemFree:          976984 kB
MemAvailable:    1553424 kB
Buffers:           66592 kB
Cached:           631216 kB
MemTotal:        1844596 kB
MemFree:          976132 kB
MemAvailable:    1552572 kB
Buffers:           66592 kB
Cached:           631216 kB
MemTotal:        1844596 kB
MemFree:          976500 kB
MemAvailable:    1552940 kB
Buffers:           66592 kB
Cached:           631216 kB
MemTotal:        1844596 kB
MemFree:          976500 kB
MemAvailable:    1552940 kB
Buffers:           66592 kB
Cached:           631216 kB
MemTotal:        1844596 kB
MemFree:          976072 kB
MemAvailable:    1552512 kB
Buffers:           66592 kB
Cached:           631216 kB
MemTotal:        1844596 kB
MemFree:          976408 kB
MemAvailable:    1552848 kB
Buffers:           66592 kB
Cached:           631216 kB
MemTotal:        1844596 kB
MemFree:          976136 kB
MemAvailable:    1552576 kB
Buffers:           66592 kB
Cached:           631216 kB
MemTotal:        1844596 kB
MemFree:          975708 kB
MemAvailable:    1552148 kB
Buffers:           66592 kB
Cached:           631216 kB
MemTotal:        1844596 kB
MemFree:          974284 kB
MemAvailable:    1550724 kB
Buffers:           66592 kB
Cached:           631216 kB
MemTotal:        1844596 kB
MemFree:          974764 kB
MemAvailable:    1551204 kB
Buffers:           66592 kB
Cached:           631216 kB
MemTotal:        1844596 kB
MemFree:          974988 kB
MemAvailable:    1551428 kB
Buffers:           66592 kB
Cached:           631216 kB
MemTotal:        1844596 kB
MemFree:          973400 kB
MemAvailable:    1549840 kB
Buffers:           66592 kB
Cached:           631216 kB
MemTotal:        1844596 kB
MemFree:          973276 kB
MemAvailable:    1549716 kB
Buffers:           66592 kB
Cached:           631216 kB
MemTotal:        1844596 kB
MemFree:          973392 kB
MemAvailable:    1549832 kB
Buffers:           66592 kB
Cached:           631216 kB
MemTotal:        1844596 kB
MemFree:          974384 kB
MemAvailable:    1550824 kB
Buffers:           66592 kB
Cached:           631216 kB
MemTotal:        1844596 kB
MemFree:          974384 kB
MemAvailable:    1550824 kB
Buffers:           66592 kB
Cached:           631216 kB
MemTotal:        1844596 kB
MemFree:          974360 kB
MemAvailable:    1550800 kB
Buffers:           66592 kB
Cached:           631216 kB
MemTotal:        1844596 kB
MemFree:          974540 kB
MemAvailable:    1550980 kB
Buffers:           66592 kB
Cached:           631216 kB
MemTotal:        1844596 kB
MemFree:          974452 kB
MemAvailable:    1550892 kB
Buffers:           66592 kB
Cached:           631216 kB
MemTotal:        1844596 kB
MemFree:          973788 kB
MemAvailable:    1550228 kB
Buffers:           66592 kB
Cached:           631216 kB
MemTotal:        1844596 kB
MemFree:          974396 kB
MemAvailable:    1550836 kB
Buffers:           66592 kB
Cached:           631216 kB
MemTotal:        1844596 kB
MemFree:          974324 kB
MemAvailable:    1550764 kB
Buffers:           66592 kB
Cached:           631216 kB
MemTotal:        1844596 kB
MemFree:          974388 kB
MemAvailable:    1550828 kB
Buffers:           66592 kB
Cached:           631216 kB
MemTotal:        1844596 kB
MemFree:          974512 kB
MemAvailable:    1550952 kB
Buffers:           66592 kB
Cached:           631216 kB
MemTotal:        1844596 kB
MemFree:          974504 kB
MemAvailable:    1550944 kB
Buffers:           66592 kB
Cached:           631216 kB
MemTotal:        1844596 kB
MemFree:          973972 kB
MemAvailable:    1550412 kB
Buffers:           66592 kB
Cached:           631216 kB
MemTotal:        1844596 kB
MemFree:          972672 kB
MemAvailable:    1549112 kB
Buffers:           66592 kB
Cached:           631216 kB
MemTotal:        1844596 kB
MemFree:          973476 kB
MemAvailable:    1549916 kB
Buffers:           66592 kB
Cached:           631216 kB
MemTotal:        1844596 kB
MemFree:          972244 kB
MemAvailable:    1548684 kB
Buffers:           66592 kB
Cached:           631216 kB
MemTotal:        1844596 kB
MemFree:          973228 kB
MemAvailable:    1549668 kB
Buffers:           66592 kB
Cached:           631216 kB
MemTotal:        1844596 kB
MemFree:          972052 kB
MemAvailable:    1548492 kB
Buffers:           66592 kB
Cached:           631216 kB
MemTotal:        1844596 kB
MemFree:          972964 kB
MemAvailable:    1549408 kB
Buffers:           66592 kB
Cached:           631220 kB
MemTotal:        1844596 kB
MemFree:          972052 kB
MemAvailable:    1548496 kB
Buffers:           66592 kB
Cached:           631220 kB
MemTotal:        1844596 kB
MemFree:          971120 kB
MemAvailable:    1547564 kB
Buffers:           66592 kB
Cached:           631220 kB
MemTotal:        1844596 kB
MemFree:          972036 kB
MemAvailable:    1548480 kB
Buffers:           66592 kB
Cached:           631220 kB
MemTotal:        1844596 kB
MemFree:          972036 kB
MemAvailable:    1548480 kB
Buffers:           66592 kB
Cached:           631220 kB
MemTotal:        1844596 kB
MemFree:          971792 kB
MemAvailable:    1548236 kB
Buffers:           66592 kB
Cached:           631220 kB
MemTotal:        1844596 kB
MemFree:          971804 kB
MemAvailable:    1548248 kB
Buffers:           66592 kB
Cached:           631220 kB
MemTotal:        1844596 kB
MemFree:          970540 kB
MemAvailable:    1546984 kB
Buffers:           66592 kB
Cached:           631220 kB
MemTotal:        1844596 kB
MemFree:          970440 kB
MemAvailable:    1546884 kB
Buffers:           66592 kB
Cached:           631220 kB
MemTotal:        1844596 kB
MemFree:          971624 kB
MemAvailable:    1548068 kB
Buffers:           66592 kB
Cached:           631220 kB
MemTotal:        1844596 kB
MemFree:          971700 kB
MemAvailable:    1548144 kB
Buffers:           66592 kB
Cached:           631220 kB
MemTotal:        1844596 kB
MemFree:          971792 kB
MemAvailable:    1548236 kB
Buffers:           66592 kB
Cached:           631220 kB
MemTotal:        1844596 kB
MemFree:          971804 kB
MemAvailable:    1548248 kB
Buffers:           66592 kB
Cached:           631220 kB
MemTotal:        1844596 kB
MemFree:          970372 kB
MemAvailable:    1546816 kB
Buffers:           66592 kB
Cached:           631220 kB
MemTotal:        1844596 kB
MemFree:          970796 kB
MemAvailable:    1547240 kB
Buffers:           66592 kB
Cached:           631220 kB
MemTotal:        1844596 kB
MemFree:          970012 kB
MemAvailable:    1546456 kB
Buffers:           66592 kB
Cached:           631220 kB
MemTotal:        1844596 kB
MemFree:          969800 kB
MemAvailable:    1546248 kB
Buffers:           66592 kB
Cached:           631224 kB
MemTotal:        1844596 kB
MemFree:          967844 kB
MemAvailable:    1544292 kB
Buffers:           66592 kB
Cached:           631224 kB
MemTotal:        1844596 kB
MemFree:          964968 kB
MemAvailable:    1541416 kB
Buffers:           66592 kB
Cached:           631224 kB
MemTotal:        1844596 kB
MemFree:          964968 kB
MemAvailable:    1541308 kB
Buffers:           66592 kB
Cached:           631224 kB
MemTotal:        1844596 kB
MemFree:          962752 kB
MemAvailable:    1539200 kB
Buffers:           66592 kB
Cached:           631224 kB
MemTotal:        1844596 kB
MemFree:          962116 kB
MemAvailable:    1538564 kB
Buffers:           66592 kB
Cached:           631224 kB
MemTotal:        1844596 kB
MemFree:          961016 kB
MemAvailable:    1537464 kB
Buffers:           66592 kB
Cached:           631224 kB
MemTotal:        1844596 kB
MemFree:          961132 kB
MemAvailable:    1537580 kB
Buffers:           66592 kB
Cached:           631224 kB
MemTotal:        1844596 kB
MemFree:          961132 kB
MemAvailable:    1537580 kB
Buffers:           66592 kB
Cached:           631224 kB
MemTotal:        1844596 kB
MemFree:          961944 kB
MemAvailable:    1538392 kB
Buffers:           66592 kB
Cached:           631224 kB
MemTotal:        1844596 kB
MemFree:          960760 kB
MemAvailable:    1537208 kB
Buffers:           66592 kB
Cached:           631224 kB
MemTotal:        1844596 kB
MemFree:          961124 kB
MemAvailable:    1537572 kB
Buffers:           66592 kB
Cached:           631224 kB
MemTotal:        1844596 kB
MemFree:          961140 kB
MemAvailable:    1537588 kB
Buffers:           66592 kB
Cached:           631224 kB
MemTotal:        1844596 kB
MemFree:          960628 kB
MemAvailable:    1537076 kB
Buffers:           66592 kB
Cached:           631224 kB
MemTotal:        1844596 kB
MemFree:          960880 kB
MemAvailable:    1537328 kB
Buffers:           66592 kB
Cached:           631224 kB
MemTotal:        1844596 kB
MemFree:          960372 kB
MemAvailable:    1536820 kB
Buffers:           66592 kB
Cached:           631224 kB
MemTotal:        1844596 kB
MemFree:          960372 kB
MemAvailable:    1536820 kB
Buffers:           66592 kB
Cached:           631224 kB
MemTotal:        1844596 kB
MemFree:          960444 kB
MemAvailable:    1536892 kB
Buffers:           66592 kB
Cached:           631224 kB
MemTotal:        1844596 kB
MemFree:          960180 kB
MemAvailable:    1536628 kB
Buffers:           66592 kB
Cached:           631224 kB
MemTotal:        1844596 kB
MemFree:          960408 kB
MemAvailable:    1536856 kB
Buffers:           66592 kB
Cached:           631224 kB
MemTotal:        1844596 kB
MemFree:          960364 kB
MemAvailable:    1536812 kB
Buffers:           66592 kB
Cached:           631224 kB
MemTotal:        1844596 kB
MemFree:          958776 kB
MemAvailable:    1535228 kB
Buffers:           66592 kB
Cached:           631228 kB
MemTotal:        1844596 kB
MemFree:          960292 kB
MemAvailable:    1536744 kB
Buffers:           66592 kB
Cached:           631228 kB
MemTotal:        1844596 kB
MemFree:          959404 kB
MemAvailable:    1535856 kB
Buffers:           66592 kB
Cached:           631228 kB
MemTotal:        1844596 kB
MemFree:          960136 kB
MemAvailable:    1536588 kB
Buffers:           66592 kB
Cached:           631228 kB
MemTotal:        1844596 kB
MemFree:          960148 kB
MemAvailable:    1536600 kB
Buffers:           66592 kB
Cached:           631228 kB
MemTotal:        1844596 kB
MemFree:          959528 kB
MemAvailable:    1535980 kB
Buffers:           66592 kB
Cached:           631228 kB
MemTotal:        1844596 kB
MemFree:          960080 kB
MemAvailable:    1536532 kB
Buffers:           66592 kB
Cached:           631228 kB
MemTotal:        1844596 kB
MemFree:          960332 kB
MemAvailable:    1536784 kB
Buffers:           66592 kB
Cached:           631228 kB
MemTotal:        1844596 kB
MemFree:          960320 kB
MemAvailable:    1536772 kB
Buffers:           66592 kB
Cached:           631228 kB
MemTotal:        1844596 kB
MemFree:          958964 kB
MemAvailable:    1535416 kB
Buffers:           66592 kB
Cached:           631228 kB
MemTotal:        1844596 kB
MemFree:          960088 kB
MemAvailable:    1536540 kB
Buffers:           66592 kB
Cached:           631228 kB
MemTotal:        1844596 kB
MemFree:          959380 kB
MemAvailable:    1535832 kB
Buffers:           66592 kB
Cached:           631228 kB
MemTotal:        1844596 kB
MemFree:          959380 kB
MemAvailable:    1535832 kB
Buffers:           66592 kB
Cached:           631228 kB
MemTotal:        1844596 kB
MemFree:          956908 kB
MemAvailable:    1533360 kB
Buffers:           66592 kB
Cached:           631228 kB
MemTotal:        1844596 kB
MemFree:          956428 kB
MemAvailable:    1532880 kB
Buffers:           66592 kB
Cached:           631228 kB
MemTotal:        1844596 kB
MemFree:          952328 kB
MemAvailable:    1528780 kB
Buffers:           66592 kB
Cached:           631228 kB
MemTotal:        1844596 kB
MemFree:          953576 kB
MemAvailable:    1530028 kB
Buffers:           66592 kB
Cached:           631228 kB
MemTotal:        1844596 kB
MemFree:          948228 kB
MemAvailable:    1524680 kB
Buffers:           66592 kB
Cached:           631228 kB
MemTotal:        1844596 kB
MemFree:          948120 kB
MemAvailable:    1524572 kB
Buffers:           66592 kB
Cached:           631228 kB
MemTotal:        1844596 kB
MemFree:          948100 kB
MemAvailable:    1524552 kB
Buffers:           66592 kB
Cached:           631228 kB
MemTotal:        1844596 kB
MemFree:          948004 kB
MemAvailable:    1524456 kB
Buffers:           66592 kB
Cached:           631228 kB
MemTotal:        1844596 kB
MemFree:          946824 kB
MemAvailable:    1523276 kB
Buffers:           66592 kB
Cached:           631228 kB
MemTotal:        1844596 kB
MemFree:          948224 kB
MemAvailable:    1524676 kB
Buffers:           66592 kB
Cached:           631228 kB
MemTotal:        1844596 kB
MemFree:          948068 kB
MemAvailable:    1524520 kB
Buffers:           66592 kB
Cached:           631228 kB
MemTotal:        1844596 kB
MemFree:          946820 kB
MemAvailable:    1523272 kB
Buffers:           66592 kB
Cached:           631228 kB
MemTotal:        1844596 kB
MemFree:          947996 kB
MemAvailable:    1524448 kB
Buffers:           66592 kB
Cached:           631228 kB
MemTotal:        1844596 kB
MemFree:          947936 kB
MemAvailable:    1524388 kB
Buffers:           66592 kB
Cached:           631228 kB
MemTotal:        1844596 kB
MemFree:          946812 kB
MemAvailable:    1523264 kB
Buffers:           66592 kB
Cached:           631228 kB
MemTotal:        1844596 kB
MemFree:          947732 kB
MemAvailable:    1524184 kB
Buffers:           66592 kB
Cached:           631228 kB
MemTotal:        1844596 kB
MemFree:          947252 kB
MemAvailable:    1523704 kB
Buffers:           66592 kB
Cached:           631228 kB
MemTotal:        1844596 kB
MemFree:          947480 kB
MemAvailable:    1523932 kB
Buffers:           66592 kB
Cached:           631228 kB
MemTotal:        1844596 kB
MemFree:          947736 kB
MemAvailable:    1524188 kB
Buffers:           66592 kB
Cached:           631228 kB
MemTotal:        1844596 kB
MemFree:          946480 kB
MemAvailable:    1522932 kB
Buffers:           66592 kB
Cached:           631228 kB
MemTotal:        1844596 kB
MemFree:          946240 kB
MemAvailable:    1522692 kB
Buffers:           66592 kB
Cached:           631228 kB
MemTotal:        1844596 kB
MemFree:          946488 kB
MemAvailable:    1522940 kB
Buffers:           66592 kB
Cached:           631228 kB
MemTotal:        1844596 kB
MemFree:          947464 kB
MemAvailable:    1523916 kB
Buffers:           66592 kB
Cached:           631228 kB
MemTotal:        1844596 kB
MemFree:          947464 kB
MemAvailable:    1523916 kB
Buffers:           66592 kB
Cached:           631228 kB
MemTotal:        1844596 kB
MemFree:          947472 kB
MemAvailable:    1523924 kB
Buffers:           66592 kB
Cached:           631228 kB
MemTotal:        1844596 kB
MemFree:          947808 kB
MemAvailable:    1524260 kB
Buffers:           66592 kB
Cached:           631228 kB
MemTotal:        1844596 kB
MemFree:          946488 kB
MemAvailable:    1522940 kB
Buffers:           66592 kB
Cached:           631228 kB
MemTotal:        1844596 kB
MemFree:          946240 kB
MemAvailable:    1522692 kB
Buffers:           66592 kB
Cached:           631228 kB
MemTotal:        1844596 kB
MemFree:          946612 kB
MemAvailable:    1523064 kB
Buffers:           66592 kB
Cached:           631228 kB
MemTotal:        1844596 kB
MemFree:          947424 kB
MemAvailable:    1523876 kB
Buffers:           66592 kB
Cached:           631228 kB
MemTotal:        1844596 kB
MemFree:          947676 kB
MemAvailable:    1524128 kB
Buffers:           66592 kB
Cached:           631228 kB
MemTotal:        1844596 kB
MemFree:          947672 kB
MemAvailable:    1524124 kB
Buffers:           66592 kB
Cached:           631228 kB
MemTotal:        1844596 kB
MemFree:          947480 kB
MemAvailable:    1523932 kB
Buffers:           66592 kB
Cached:           631228 kB
MemTotal:        1844596 kB
MemFree:          946316 kB
MemAvailable:    1522768 kB
Buffers:           66592 kB
Cached:           631228 kB
MemTotal:        1844596 kB
MemFree:          946872 kB
MemAvailable:    1523324 kB
Buffers:           66592 kB
Cached:           631228 kB
MemTotal:        1844596 kB
MemFree:          946624 kB
MemAvailable:    1523076 kB
Buffers:           66592 kB
Cached:           631228 kB
MemTotal:        1844596 kB
MemFree:          946624 kB
MemAvailable:    1523076 kB
Buffers:           66592 kB
Cached:           631228 kB
MemTotal:        1844596 kB
MemFree:          946624 kB
MemAvailable:    1523076 kB
Buffers:           66592 kB
Cached:           631228 kB
MemTotal:        1844596 kB
MemFree:          947856 kB
MemAvailable:    1524308 kB
Buffers:           66592 kB
Cached:           631228 kB
MemTotal:        1844596 kB
MemFree:          945764 kB
MemAvailable:    1522216 kB
Buffers:           66592 kB
Cached:           631228 kB
MemTotal:        1844596 kB
MemFree:          942912 kB
MemAvailable:    1519364 kB
Buffers:           66592 kB
Cached:           631228 kB
MemTotal:        1844596 kB
MemFree:          940120 kB
MemAvailable:    1516572 kB
Buffers:           66592 kB
Cached:           631228 kB
MemTotal:        1844596 kB
MemFree:          937456 kB
MemAvailable:    1513908 kB
Buffers:           66592 kB
Cached:           631228 kB
MemTotal:        1844596 kB
MemFree:          937316 kB
MemAvailable:    1513768 kB
Buffers:           66592 kB
Cached:           631228 kB
MemTotal:        1844596 kB
MemFree:          937540 kB
MemAvailable:    1513992 kB
Buffers:           66592 kB
Cached:           631228 kB
MemTotal:        1844596 kB
MemFree:          937212 kB
MemAvailable:    1513664 kB
Buffers:           66592 kB
Cached:           631228 kB
MemTotal:        1844596 kB
MemFree:          936072 kB
MemAvailable:    1512524 kB
Buffers:           66592 kB
Cached:           631228 kB
MemTotal:        1844596 kB
MemFree:          937208 kB
MemAvailable:    1513660 kB
Buffers:           66592 kB
Cached:           631228 kB
MemTotal:        1844596 kB
MemFree:          936216 kB
MemAvailable:    1512668 kB
Buffers:           66592 kB
Cached:           631228 kB
MemTotal:        1844596 kB
MemFree:          937016 kB
MemAvailable:    1513468 kB
Buffers:           66592 kB
Cached:           631228 kB
MemTotal:        1844596 kB
MemFree:          937208 kB
MemAvailable:    1513660 kB
Buffers:           66592 kB
Cached:           631228 kB
MemTotal:        1844596 kB
MemFree:          935836 kB
MemAvailable:    1512288 kB
Buffers:           66592 kB
Cached:           631228 kB
MemTotal:        1844596 kB
MemFree:          936332 kB
MemAvailable:    1512784 kB
Buffers:           66592 kB
Cached:           631228 kB
MemTotal:        1844596 kB
MemFree:          937456 kB
MemAvailable:    1513912 kB
Buffers:           66592 kB
Cached:           631232 kB
MemTotal:        1844596 kB
MemFree:          936340 kB
MemAvailable:    1512796 kB
Buffers:           66592 kB
Cached:           631232 kB
MemTotal:        1844596 kB
MemFree:          937216 kB
MemAvailable:    1513672 kB
Buffers:           66592 kB
Cached:           631232 kB
MemTotal:        1844596 kB
MemFree:          935908 kB
MemAvailable:    1512364 kB
Buffers:           66592 kB
Cached:           631232 kB
MemTotal:        1844596 kB
MemFree:          937144 kB
MemAvailable:    1513600 kB
Buffers:           66592 kB
Cached:           631232 kB
MemTotal:        1844596 kB
MemFree:          935920 kB
MemAvailable:    1512376 kB
Buffers:           66592 kB
Cached:           631232 kB
MemTotal:        1844596 kB
MemFree:          936572 kB
MemAvailable:    1513028 kB
Buffers:           66592 kB
Cached:           631232 kB
MemTotal:        1844596 kB
MemFree:          936656 kB
MemAvailable:    1513112 kB
Buffers:           66592 kB
Cached:           631232 kB
MemTotal:        1844596 kB
MemFree:          935580 kB
MemAvailable:    1512036 kB
Buffers:           66592 kB
Cached:           631232 kB
MemTotal:        1844596 kB
MemFree:          935832 kB
MemAvailable:    1512288 kB
Buffers:           66592 kB
Cached:           631232 kB
MemTotal:        1844596 kB
MemFree:          935100 kB
MemAvailable:    1511560 kB
Buffers:           66592 kB
Cached:           631236 kB
MemTotal:        1844596 kB
MemFree:          934480 kB
MemAvailable:    1510940 kB
Buffers:           66592 kB
Cached:           631236 kB
MemTotal:        1844596 kB
MemFree:          934832 kB
MemAvailable:    1511292 kB
Buffers:           66592 kB
Cached:           631236 kB
MemTotal:        1844596 kB
MemFree:          935088 kB
MemAvailable:    1511548 kB
Buffers:           66592 kB
Cached:           631236 kB
MemTotal:        1844596 kB
MemFree:          933832 kB
MemAvailable:    1510292 kB
Buffers:           66592 kB
Cached:           631236 kB
MemTotal:        1844596 kB
MemFree:          933716 kB
MemAvailable:    1510176 kB
Buffers:           66592 kB
Cached:           631236 kB
MemTotal:        1844596 kB
MemFree:          934824 kB
MemAvailable:    1511284 kB
Buffers:           66592 kB
Cached:           631236 kB
MemTotal:        1844596 kB
MemFree:          935080 kB
MemAvailable:    1511540 kB
Buffers:           66592 kB
Cached:           631236 kB
MemTotal:        1844596 kB
MemFree:          935064 kB
MemAvailable:    1511524 kB
Buffers:           66592 kB
Cached:           631236 kB
MemTotal:        1844596 kB
MemFree:          933824 kB
MemAvailable:    1510284 kB
Buffers:           66592 kB
Cached:           631236 kB
MemTotal:        1844596 kB
MemFree:          934768 kB
MemAvailable:    1511228 kB
Buffers:           66592 kB
Cached:           631236 kB
MemTotal:        1844596 kB
MemFree:          935020 kB
MemAvailable:    1511480 kB
Buffers:           66592 kB
Cached:           631236 kB
MemTotal:        1844596 kB
MemFree:          934964 kB
MemAvailable:    1511424 kB
Buffers:           66592 kB
Cached:           631236 kB
MemTotal:        1844596 kB
MemFree:          933676 kB
MemAvailable:    1510136 kB
Buffers:           66592 kB
Cached:           631236 kB
MemTotal:        1844596 kB
MemFree:          934976 kB
MemAvailable:    1511436 kB
Buffers:           66592 kB
Cached:           631236 kB
MemTotal:        1844596 kB
MemFree:          934108 kB
MemAvailable:    1510568 kB
Buffers:           66592 kB
Cached:           631236 kB
MemTotal:        1844596 kB
MemFree:          935392 kB
MemAvailable:    1511852 kB
Buffers:           66592 kB
Cached:           631236 kB
MemTotal:        1844596 kB
MemFree:          934100 kB
MemAvailable:    1510560 kB
Buffers:           66592 kB
Cached:           631236 kB
MemTotal:        1844596 kB
MemFree:          934960 kB
MemAvailable:    1511420 kB
Buffers:           66592 kB
Cached:           631236 kB
MemTotal:        1844596 kB
MemFree:          934300 kB
MemAvailable:    1510760 kB
Buffers:           66592 kB
Cached:           631236 kB
MemTotal:        1844596 kB
MemFree:          935100 kB
MemAvailable:    1511560 kB
Buffers:           66592 kB
Cached:           631236 kB
MemTotal:        1844596 kB
MemFree:          934108 kB
MemAvailable:    1510568 kB
Buffers:           66592 kB
Cached:           631236 kB
MemTotal:        1844596 kB
MemFree:          934908 kB
MemAvailable:    1511368 kB
Buffers:           66592 kB
Cached:           631236 kB
MemTotal:        1844596 kB
MemFree:          935108 kB
MemAvailable:    1511568 kB
Buffers:           66592 kB
Cached:           631236 kB
MemTotal:        1844596 kB
MemFree:          933604 kB
MemAvailable:    1510064 kB
Buffers:           66592 kB
Cached:           631236 kB
MemTotal:        1844596 kB
MemFree:          934936 kB
MemAvailable:    1511396 kB
Buffers:           66592 kB
Cached:           631236 kB
MemTotal:        1844596 kB
MemFree:          934232 kB
MemAvailable:    1510692 kB
Buffers:           66592 kB
Cached:           631236 kB
MemTotal:        1844596 kB
MemFree:          935276 kB
MemAvailable:    1511740 kB
Buffers:           66592 kB
Cached:           631240 kB
MemTotal:        1844596 kB
MemFree:          933984 kB
MemAvailable:    1510448 kB
Buffers:           66592 kB
Cached:           631240 kB
MemTotal:        1844596 kB
MemFree:          934700 kB
MemAvailable:    1511164 kB
Buffers:           66592 kB
Cached:           631240 kB
MemTotal:        1844596 kB
MemFree:          935036 kB
MemAvailable:    1511500 kB
Buffers:           66592 kB
Cached:           631240 kB
MemTotal:        1844596 kB
MemFree:          931432 kB
MemAvailable:    1507896 kB
Buffers:           66592 kB
Cached:           631240 kB
MemTotal:        1844596 kB
MemFree:          928272 kB
MemAvailable:    1504736 kB
Buffers:           66596 kB
Cached:           631236 kB
MemTotal:        1844596 kB
MemFree:          925296 kB
MemAvailable:    1501760 kB
Buffers:           66596 kB
Cached:           631236 kB
MemTotal:        1844596 kB
MemFree:          925048 kB
MemAvailable:    1501512 kB
Buffers:           66596 kB
Cached:           631236 kB
MemTotal:        1844596 kB
MemFree:          922320 kB
MemAvailable:    1498784 kB
Buffers:           66596 kB
Cached:           631236 kB
MemTotal:        1844596 kB
MemFree:          922576 kB
MemAvailable:    1499040 kB
Buffers:           66596 kB
Cached:           631236 kB
MemTotal:        1844596 kB
MemFree:          922380 kB
MemAvailable:    1498844 kB
Buffers:           66596 kB
Cached:           631236 kB
MemTotal:        1844596 kB
MemFree:          921576 kB
MemAvailable:    1498040 kB
Buffers:           66596 kB
Cached:           631236 kB
MemTotal:        1844596 kB
MemFree:          921828 kB
MemAvailable:    1498292 kB
Buffers:           66596 kB
Cached:           631236 kB
MemTotal:        1844596 kB
MemFree:          921628 kB
MemAvailable:    1498092 kB
Buffers:           66596 kB
Cached:           631236 kB
MemTotal:        1844596 kB
MemFree:          921880 kB
MemAvailable:    1498344 kB
Buffers:           66596 kB
Cached:           631236 kB
MemTotal:        1844596 kB
MemFree:          921712 kB
MemAvailable:    1498176 kB
Buffers:           66596 kB
Cached:           631236 kB
MemTotal:        1844596 kB
MemFree:          920656 kB
MemAvailable:    1497120 kB
Buffers:           66596 kB
Cached:           631236 kB
MemTotal:        1844596 kB
MemFree:          920524 kB
MemAvailable:    1496988 kB
Buffers:           66596 kB
Cached:           631236 kB
MemTotal:        1844596 kB
MemFree:          921544 kB
MemAvailable:    1498008 kB
Buffers:           66596 kB
Cached:           631236 kB
MemTotal:        1844596 kB
MemFree:          921628 kB
MemAvailable:    1498092 kB
Buffers:           66596 kB
Cached:           631236 kB
MemTotal:        1844596 kB
MemFree:          921264 kB
MemAvailable:    1497728 kB
Buffers:           66596 kB
Cached:           631236 kB
MemTotal:        1844596 kB
MemFree:          921600 kB
MemAvailable:    1498064 kB
Buffers:           66596 kB
Cached:           631236 kB
MemTotal:        1844596 kB
MemFree:          921384 kB
MemAvailable:    1497848 kB
Buffers:           66596 kB
Cached:           631236 kB
MemTotal:        1844596 kB
MemFree:          921468 kB
MemAvailable:    1497932 kB
Buffers:           66596 kB
Cached:           631236 kB
MemTotal:        1844596 kB
MemFree:          921444 kB
MemAvailable:    1497908 kB
Buffers:           66596 kB
Cached:           631236 kB
MemTotal:        1844596 kB
MemFree:          921336 kB
MemAvailable:    1497800 kB
Buffers:           66596 kB
Cached:           631236 kB
MemTotal:        1844596 kB
MemFree:          921572 kB
MemAvailable:    1498036 kB
Buffers:           66596 kB
Cached:           631236 kB
MemTotal:        1844596 kB
MemFree:          921584 kB
MemAvailable:    1498048 kB
Buffers:           66596 kB
Cached:           631236 kB
MemTotal:        1844596 kB
MemFree:          920716 kB
MemAvailable:    1497180 kB
Buffers:           66596 kB
Cached:           631236 kB
MemTotal:        1844596 kB
MemFree:          921308 kB
MemAvailable:    1497772 kB
Buffers:           66596 kB
Cached:           631236 kB
MemTotal:        1844596 kB
MemFree:          921644 kB
MemAvailable:    1498108 kB
Buffers:           66596 kB
Cached:           631236 kB
MemTotal:        1844596 kB
MemFree:          921400 kB
MemAvailable:    1497864 kB
Buffers:           66596 kB
Cached:           631236 kB
MemTotal:        1844596 kB
MemFree:          921588 kB
MemAvailable:    1498052 kB
Buffers:           66596 kB
Cached:           631236 kB
MemTotal:        1844596 kB
MemFree:          921488 kB
MemAvailable:    1497952 kB
Buffers:           66596 kB
Cached:           631236 kB
MemTotal:        1844596 kB
MemFree:          921660 kB
MemAvailable:    1498124 kB
Buffers:           66596 kB
Cached:           631236 kB
MemTotal:        1844596 kB
MemFree:          921740 kB
MemAvailable:    1498204 kB
Buffers:           66596 kB
Cached:           631236 kB
MemTotal:        1844596 kB
MemFree:          921684 kB
MemAvailable:    1498148 kB
Buffers:           66596 kB
Cached:           631236 kB
MemTotal:        1844596 kB
MemFree:          920840 kB
MemAvailable:    1497304 kB
Buffers:           66596 kB
Cached:           631236 kB
MemTotal:        1844596 kB
MemFree:          921956 kB
MemAvailable:    1498424 kB
Buffers:           66596 kB
Cached:           631240 kB
MemTotal:        1844596 kB
MemFree:          921520 kB
MemAvailable:    1497988 kB
Buffers:           66596 kB
Cached:           631240 kB
MemTotal:        1844596 kB
MemFree:          921264 kB
MemAvailable:    1497732 kB
Buffers:           66596 kB
Cached:           631240 kB
MemTotal:        1844596 kB
MemFree:          920080 kB
MemAvailable:    1496548 kB
Buffers:           66596 kB
Cached:           631240 kB
MemTotal:        1844596 kB
MemFree:          920708 kB
MemAvailable:    1497176 kB
Buffers:           66596 kB
Cached:           631240 kB
MemTotal:        1844596 kB
MemFree:          920584 kB
MemAvailable:    1497052 kB
Buffers:           66596 kB
Cached:           631240 kB
MemTotal:        1844596 kB
MemFree:          919452 kB
MemAvailable:    1495920 kB
Buffers:           66596 kB
Cached:           631240 kB
MemTotal:        1844596 kB
MemFree:          920660 kB
MemAvailable:    1497128 kB
Buffers:           66596 kB
Cached:           631240 kB
MemTotal:        1844596 kB
MemFree:          920652 kB
MemAvailable:    1497120 kB
Buffers:           66596 kB
Cached:           631240 kB
MemTotal:        1844596 kB
MemFree:          919848 kB
MemAvailable:    1496316 kB
Buffers:           66596 kB
Cached:           631240 kB
MemTotal:        1844596 kB
MemFree:          920400 kB
MemAvailable:    1496868 kB
Buffers:           66596 kB
Cached:           631240 kB
MemTotal:        1844596 kB
MemFree:          920400 kB
MemAvailable:    1496868 kB
Buffers:           66596 kB
Cached:           631240 kB
MemTotal:        1844596 kB
MemFree:          916732 kB
MemAvailable:    1493200 kB
Buffers:           66596 kB
Cached:           631240 kB
MemTotal:        1844596 kB
MemFree:          916500 kB
MemAvailable:    1492968 kB
Buffers:           66596 kB
Cached:           631240 kB
MemTotal:        1844596 kB
MemFree:          915312 kB
MemAvailable:    1491788 kB
Buffers:           66596 kB
Cached:           631248 kB
MemTotal:        1844596 kB
MemFree:          915004 kB
MemAvailable:    1491480 kB
Buffers:           66596 kB
Cached:           631248 kB
MemTotal:        1844596 kB
MemFree:          912276 kB
MemAvailable:    1488752 kB
Buffers:           66596 kB
Cached:           631248 kB
MemTotal:        1844596 kB
MemFree:          912080 kB
MemAvailable:    1488556 kB
Buffers:           66596 kB
Cached:           631248 kB
MemTotal:        1844596 kB
MemFree:          909168 kB
MemAvailable:    1485644 kB
Buffers:           66596 kB
Cached:           631248 kB
MemTotal:        1844596 kB
MemFree:          909408 kB
MemAvailable:    1485884 kB
Buffers:           66596 kB
Cached:           631248 kB
MemTotal:        1844596 kB
MemFree:          907804 kB
MemAvailable:    1484280 kB
Buffers:           66596 kB
Cached:           631248 kB
MemTotal:        1844596 kB
MemFree:          907820 kB
MemAvailable:    1484296 kB
Buffers:           66596 kB
Cached:           631248 kB
MemTotal:        1844596 kB
MemFree:          906524 kB
MemAvailable:    1483000 kB
Buffers:           66596 kB
Cached:           631248 kB
MemTotal:        1844596 kB
MemFree:          907824 kB
MemAvailable:    1484300 kB
Buffers:           66596 kB
Cached:           631248 kB
MemTotal:        1844596 kB
MemFree:          906560 kB
MemAvailable:    1483036 kB
Buffers:           66596 kB
Cached:           631248 kB
MemTotal:        1844596 kB
MemFree:          907740 kB
MemAvailable:    1484216 kB
Buffers:           66596 kB
Cached:           631248 kB
MemTotal:        1844596 kB
MemFree:          906936 kB
MemAvailable:    1483412 kB
Buffers:           66596 kB
Cached:           631248 kB
MemTotal:        1844596 kB
MemFree:          907920 kB
MemAvailable:    1484396 kB
Buffers:           66596 kB
Cached:           631248 kB
MemTotal:        1844596 kB
MemFree:          907316 kB
MemAvailable:    1483792 kB
Buffers:           66596 kB
Cached:           631248 kB
MemTotal:        1844596 kB
MemFree:          907860 kB
MemAvailable:    1484336 kB
Buffers:           66596 kB
Cached:           631248 kB
MemTotal:        1844596 kB
MemFree:          907812 kB
MemAvailable:    1484288 kB
Buffers:           66596 kB
Cached:           631248 kB
MemTotal:        1844596 kB
MemFree:          907912 kB
MemAvailable:    1484388 kB
Buffers:           66596 kB
Cached:           631248 kB
MemTotal:        1844596 kB
MemFree:          907608 kB
MemAvailable:    1484084 kB
Buffers:           66596 kB
Cached:           631248 kB
MemTotal:        1844596 kB
MemFree:          907688 kB
MemAvailable:    1484164 kB
Buffers:           66596 kB
Cached:           631248 kB
MemTotal:        1844596 kB
MemFree:          907852 kB
MemAvailable:    1484328 kB
Buffers:           66596 kB
Cached:           631248 kB
MemTotal:        1844596 kB
MemFree:          910336 kB
MemAvailable:    1486812 kB
Buffers:           66596 kB
Cached:           631248 kB
MemTotal:        1844596 kB
MemFree:          910400 kB
MemAvailable:    1486876 kB
Buffers:           66596 kB
Cached:           631248 kB
MemTotal:        1844596 kB
MemFree:          910400 kB
MemAvailable:    1486876 kB
Buffers:           66596 kB
Cached:           631248 kB
MemTotal:        1844596 kB
MemFree:          907920 kB
MemAvailable:    1484396 kB
Buffers:           66596 kB
Cached:           631248 kB
MemTotal:        1844596 kB
MemFree:          907316 kB
MemAvailable:    1483792 kB
Buffers:           66596 kB
Cached:           631248 kB
MemTotal:        1844596 kB
MemFree:          907632 kB
MemAvailable:    1484108 kB
Buffers:           66596 kB
Cached:           631248 kB
MemTotal:        1844596 kB
MemFree:          907944 kB
MemAvailable:    1484420 kB
Buffers:           66596 kB
Cached:           631248 kB
MemTotal:        1844596 kB
MemFree:          906504 kB
MemAvailable:    1482980 kB
Buffers:           66596 kB
Cached:           631248 kB
MemTotal:        1844596 kB
MemFree:          907752 kB
MemAvailable:    1484228 kB
Buffers:           66596 kB
Cached:           631248 kB
MemTotal:        1844596 kB
MemFree:          907440 kB
MemAvailable:    1483916 kB
Buffers:           66596 kB
Cached:           631248 kB
MemTotal:        1844596 kB
MemFree:          907300 kB
MemAvailable:    1483776 kB
Buffers:           66596 kB
Cached:           631248 kB
MemTotal:        1844596 kB
MemFree:          906768 kB
MemAvailable:    1483244 kB
Buffers:           66596 kB
Cached:           631248 kB
MemTotal:        1844596 kB
MemFree:          906812 kB
MemAvailable:    1483292 kB
Buffers:           66596 kB
Cached:           631252 kB
MemTotal:        1844596 kB
MemFree:          907928 kB
MemAvailable:    1484408 kB
Buffers:           66596 kB
Cached:           631252 kB
MemTotal:        1844596 kB
MemFree:          908004 kB
MemAvailable:    1484484 kB
Buffers:           66596 kB
Cached:           631252 kB
MemTotal:        1844596 kB
MemFree:          907920 kB
MemAvailable:    1484400 kB
Buffers:           66596 kB
Cached:           631252 kB
MemTotal:        1844596 kB
MemFree:          907820 kB
MemAvailable:    1484300 kB
Buffers:           66596 kB
Cached:           631252 kB
MemTotal:        1844596 kB
MemFree:          907824 kB
MemAvailable:    1484304 kB
Buffers:           66596 kB
Cached:           631252 kB
MemTotal:        1844596 kB
MemFree:          907820 kB
MemAvailable:    1484300 kB
Buffers:           66596 kB
Cached:           631252 kB
MemTotal:        1844596 kB
MemFree:          907920 kB
MemAvailable:    1484400 kB
Buffers:           66596 kB
Cached:           631252 kB
MemTotal:        1844596 kB
MemFree:          907912 kB
MemAvailable:    1484392 kB
Buffers:           66596 kB
Cached:           631252 kB
MemTotal:        1844596 kB
MemFree:          907708 kB
MemAvailable:    1484188 kB
Buffers:           66596 kB
Cached:           631252 kB
MemTotal:        1844596 kB
MemFree:          907808 kB
MemAvailable:    1484288 kB
Buffers:           66596 kB
Cached:           631252 kB
MemTotal:        1844596 kB
MemFree:          907720 kB
MemAvailable:    1484200 kB
Buffers:           66596 kB
Cached:           631252 kB
MemTotal:        1844596 kB
MemFree:          907192 kB
MemAvailable:    1483672 kB
Buffers:           66596 kB
Cached:           631252 kB
MemTotal:        1844596 kB
MemFree:          907680 kB
MemAvailable:    1484160 kB
Buffers:           66596 kB
Cached:           631252 kB
MemTotal:        1844596 kB
MemFree:          907680 kB
MemAvailable:    1484160 kB
Buffers:           66596 kB
Cached:           631252 kB
MemTotal:        1844596 kB
MemFree:          907496 kB
MemAvailable:    1483976 kB
Buffers:           66596 kB
Cached:           631252 kB
MemTotal:        1844596 kB
MemFree:          907440 kB
MemAvailable:    1483920 kB
Buffers:           66596 kB
Cached:           631252 kB
MemTotal:        1844596 kB
MemFree:          907736 kB
MemAvailable:    1484216 kB
Buffers:           66596 kB
Cached:           631252 kB
MemTotal:        1844596 kB
MemFree:          906296 kB
MemAvailable:    1482776 kB
Buffers:           66596 kB
Cached:           631252 kB
MemTotal:        1844596 kB
MemFree:          906180 kB
MemAvailable:    1482660 kB
Buffers:           66596 kB
Cached:           631252 kB
MemTotal:        1844596 kB
MemFree:          906296 kB
MemAvailable:    1482776 kB
Buffers:           66596 kB
Cached:           631252 kB
MemTotal:        1844596 kB
MemFree:          907604 kB
MemAvailable:    1484084 kB
Buffers:           66596 kB
Cached:           631252 kB
MemTotal:        1844596 kB
MemFree:          906820 kB
MemAvailable:    1483300 kB
Buffers:           66596 kB
Cached:           631252 kB
MemTotal:        1844596 kB
MemFree:          907288 kB
MemAvailable:    1483768 kB
Buffers:           66596 kB
Cached:           631252 kB
MemTotal:        1844596 kB
MemFree:          907624 kB
MemAvailable:    1484104 kB
Buffers:           66596 kB
Cached:           631252 kB
MemTotal:        1844596 kB
MemFree:          906296 kB
MemAvailable:    1482776 kB
Buffers:           66596 kB
Cached:           631252 kB
MemTotal:        1844596 kB
MemFree:          907564 kB
MemAvailable:    1484044 kB
Buffers:           66596 kB
Cached:           631252 kB
MemTotal:        1844596 kB
MemFree:          906944 kB
MemAvailable:    1483424 kB
Buffers:           66596 kB
Cached:           631252 kB
MemTotal:        1844596 kB
MemFree:          907372 kB
MemAvailable:    1483852 kB
Buffers:           66596 kB
Cached:           631252 kB
MemTotal:        1844596 kB
MemFree:          907624 kB
MemAvailable:    1484104 kB
Buffers:           66596 kB
Cached:           631252 kB
MemTotal:        1844596 kB
MemFree:          907244 kB
MemAvailable:    1483724 kB
Buffers:           66596 kB
Cached:           631252 kB
MemTotal:        1844596 kB
MemFree:          907580 kB
MemAvailable:    1484060 kB
Buffers:           66596 kB
Cached:           631252 kB
MemTotal:        1844596 kB
MemFree:          907364 kB
MemAvailable:    1483844 kB
Buffers:           66596 kB
Cached:           631252 kB
MemTotal:        1844596 kB
MemFree:          907192 kB
MemAvailable:    1483672 kB
Buffers:           66596 kB
Cached:           631252 kB
MemTotal:        1844596 kB
MemFree:          905640 kB
MemAvailable:    1482120 kB
Buffers:           66596 kB
Cached:           631252 kB
MemTotal:        1844596 kB
MemFree:          902904 kB
MemAvailable:    1479384 kB
Buffers:           66596 kB
Cached:           631252 kB
MemTotal:        1844596 kB
MemFree:          909672 kB
MemAvailable:    1486152 kB
Buffers:           66596 kB
Cached:           631252 kB
MemTotal:        1844596 kB
MemFree:          906812 kB
MemAvailable:    1483292 kB
Buffers:           66596 kB
Cached:           631252 kB
MemTotal:        1844596 kB
MemFree:          906440 kB
MemAvailable:    1482920 kB
Buffers:           66596 kB
Cached:           631252 kB
MemTotal:        1844596 kB
MemFree:          902588 kB
MemAvailable:    1479068 kB
Buffers:           66596 kB
Cached:           631252 kB
MemTotal:        1844596 kB
MemFree:          902480 kB
MemAvailable:    1478960 kB
Buffers:           66596 kB
Cached:           631252 kB
MemTotal:        1844596 kB
MemFree:          901052 kB
MemAvailable:    1477532 kB
Buffers:           66596 kB
Cached:           631252 kB
MemTotal:        1844596 kB
MemFree:          901176 kB
MemAvailable:    1477656 kB
Buffers:           66596 kB
Cached:           631252 kB
MemTotal:        1844596 kB
MemFree:          902232 kB
MemAvailable:    1478712 kB
Buffers:           66596 kB
Cached:           631252 kB
MemTotal:        1844596 kB
MemFree:          900976 kB
MemAvailable:    1477456 kB
Buffers:           66596 kB
Cached:           631252 kB
MemTotal:        1844596 kB
MemFree:          900984 kB
MemAvailable:    1477468 kB
Buffers:           66596 kB
Cached:           631256 kB
MemTotal:        1844596 kB
MemFree:          901896 kB
MemAvailable:    1478380 kB
Buffers:           66596 kB
Cached:           631256 kB
MemTotal:        1844596 kB
MemFree:          900612 kB
MemAvailable:    1477096 kB
Buffers:           66596 kB
Cached:           631256 kB
MemTotal:        1844596 kB
MemFree:          901472 kB
MemAvailable:    1477956 kB
Buffers:           66596 kB
Cached:           631256 kB
MemTotal:        1844596 kB
MemFree:          901364 kB
MemAvailable:    1477724 kB
Buffers:           66596 kB
Cached:           631256 kB
MemTotal:        1844596 kB
MemFree:          900192 kB
MemAvailable:    1476676 kB
Buffers:           66596 kB
Cached:           631256 kB
MemTotal:        1844596 kB
MemFree:          901292 kB
MemAvailable:    1477776 kB
Buffers:           66596 kB
Cached:           631256 kB
MemTotal:        1844596 kB
MemFree:          901240 kB
MemAvailable:    1477724 kB
Buffers:           66596 kB
Cached:           631256 kB
MemTotal:        1844596 kB
MemFree:          901244 kB
MemAvailable:    1477728 kB
Buffers:           66596 kB
Cached:           631256 kB
MemTotal:        1844596 kB
MemFree:          901220 kB
MemAvailable:    1477704 kB
Buffers:           66596 kB
Cached:           631256 kB
MemTotal:        1844596 kB
MemFree:          900240 kB
MemAvailable:    1476724 kB
Buffers:           66596 kB
Cached:           631256 kB
MemTotal:        1844596 kB
MemFree:          901424 kB
MemAvailable:    1477908 kB
Buffers:           66596 kB
Cached:           631256 kB
MemTotal:        1844596 kB
MemFree:          901356 kB
MemAvailable:    1477840 kB
Buffers:           66596 kB
Cached:           631256 kB
MemTotal:        1844596 kB
MemFree:          900852 kB
MemAvailable:    1477336 kB
Buffers:           66596 kB
Cached:           631256 kB
MemTotal:        1844596 kB
MemFree:          900620 kB
MemAvailable:    1477104 kB
Buffers:           66596 kB
Cached:           631256 kB
MemTotal:        1844596 kB
MemFree:          902880 kB
MemAvailable:    1479364 kB
Buffers:           66596 kB
Cached:           631256 kB
MemTotal:        1844596 kB
MemFree:          903216 kB
MemAvailable:    1479700 kB
Buffers:           66596 kB
Cached:           631256 kB
MemTotal:        1844596 kB
MemFree:          901796 kB
MemAvailable:    1478280 kB
Buffers:           66596 kB
Cached:           631256 kB
MemTotal:        1844596 kB
MemFree:          903160 kB
MemAvailable:    1479644 kB
Buffers:           66596 kB
Cached:           631256 kB
MemTotal:        1844596 kB
MemFree:          903104 kB
MemAvailable:    1479588 kB
Buffers:           66596 kB
Cached:           631256 kB
MemTotal:        1844596 kB
MemFree:          903228 kB
MemAvailable:    1479712 kB
Buffers:           66596 kB
Cached:           631256 kB
MemTotal:        1844596 kB
MemFree:          902356 kB
MemAvailable:    1478840 kB
Buffers:           66596 kB
Cached:           631256 kB
MemTotal:        1844596 kB
MemFree:          903300 kB
MemAvailable:    1479784 kB
Buffers:           66596 kB
Cached:           631256 kB
MemTotal:        1844596 kB
MemFree:          902048 kB
MemAvailable:    1478532 kB
Buffers:           66596 kB
Cached:           631256 kB
MemTotal:        1844596 kB
MemFree:          901800 kB
MemAvailable:    1478284 kB
Buffers:           66596 kB
Cached:           631256 kB
MemTotal:        1844596 kB
MemFree:          903100 kB
MemAvailable:    1479584 kB
Buffers:           66596 kB
Cached:           631256 kB
MemTotal:        1844596 kB
MemFree:          902356 kB
MemAvailable:    1478840 kB
Buffers:           66596 kB
Cached:           631256 kB
MemTotal:        1844596 kB
MemFree:          903148 kB
MemAvailable:    1479632 kB
Buffers:           66596 kB
Cached:           631256 kB
MemTotal:        1844596 kB
MemFree:          901800 kB
MemAvailable:    1478284 kB
Buffers:           66596 kB
Cached:           631256 kB
MemTotal:        1844596 kB
MemFree:          903100 kB
MemAvailable:    1479584 kB
Buffers:           66596 kB
Cached:           631256 kB
MemTotal:        1844596 kB
MemFree:          902836 kB
MemAvailable:    1479320 kB
Buffers:           66596 kB
Cached:           631256 kB
MemTotal:        1844596 kB
MemFree:          902836 kB
MemAvailable:    1479320 kB
Buffers:           66596 kB
Cached:           631256 kB
MemTotal:        1844596 kB
MemFree:          903032 kB
MemAvailable:    1479516 kB
Buffers:           66596 kB
Cached:           631256 kB
MemTotal:        1844596 kB
MemFree:          902852 kB
MemAvailable:    1479336 kB
Buffers:           66596 kB
Cached:           631256 kB
MemTotal:        1844596 kB
MemFree:          901796 kB
MemAvailable:    1478280 kB
Buffers:           66596 kB
Cached:           631256 kB
MemTotal:        1844596 kB
MemFree:          901804 kB
MemAvailable:    1478288 kB
Buffers:           66596 kB
Cached:           631256 kB
MemTotal:        1844596 kB
MemFree:          901796 kB
MemAvailable:    1478280 kB
Buffers:           66596 kB
Cached:           631256 kB
MemTotal:        1844596 kB
MemFree:          901928 kB
MemAvailable:    1478412 kB
Buffers:           66596 kB
Cached:           631256 kB
MemTotal:        1844596 kB
MemFree:          902052 kB
MemAvailable:    1478536 kB
Buffers:           66596 kB
Cached:           631256 kB
MemTotal:        1844596 kB
MemFree:          902968 kB
MemAvailable:    1479452 kB
Buffers:           66596 kB
Cached:           631256 kB
MemTotal:        1844596 kB
MemFree:          902860 kB
MemAvailable:    1479344 kB
Buffers:           66596 kB
Cached:           631256 kB
MemTotal:        1844596 kB
MemFree:          902656 kB
MemAvailable:    1479140 kB
Buffers:           66596 kB
Cached:           631256 kB
MemTotal:        1844596 kB
MemFree:          900744 kB
MemAvailable:    1477228 kB
Buffers:           66596 kB
Cached:           631256 kB
MemTotal:        1844596 kB
MemFree:          901796 kB
MemAvailable:    1478280 kB
Buffers:           66596 kB
Cached:           631256 kB
MemTotal:        1844596 kB
MemFree:          900744 kB
MemAvailable:    1477228 kB
Buffers:           66596 kB
Cached:           631256 kB
MemTotal:        1844596 kB
MemFree:          900480 kB
MemAvailable:    1476972 kB
Buffers:           66596 kB
Cached:           631264 kB
MemTotal:        1844596 kB
MemFree:          900364 kB
MemAvailable:    1476856 kB
Buffers:           66596 kB
Cached:           631264 kB
MemTotal:        1844596 kB
MemFree:          901688 kB
MemAvailable:    1478180 kB
Buffers:           66596 kB
Cached:           631264 kB
MemTotal:        1844596 kB
MemFree:          900620 kB
MemAvailable:    1477112 kB
Buffers:           66596 kB
Cached:           631264 kB
MemTotal:        1844596 kB
MemFree:          901780 kB
MemAvailable:    1478272 kB
Buffers:           66596 kB
Cached:           631264 kB
MemTotal:        1844596 kB
MemFree:          901728 kB
MemAvailable:    1478220 kB
Buffers:           66596 kB
Cached:           631264 kB
MemTotal:        1844596 kB
MemFree:          900200 kB
MemAvailable:    1476692 kB
Buffers:           66596 kB
Cached:           631264 kB
MemTotal:        1844596 kB
MemFree:          901432 kB
MemAvailable:    1477924 kB
Buffers:           66596 kB
Cached:           631264 kB
MemTotal:        1844596 kB
MemFree:          901376 kB
MemAvailable:    1477868 kB
Buffers:           66596 kB
Cached:           631264 kB
MemTotal:        1844596 kB
MemFree:          899816 kB
MemAvailable:    1476308 kB
Buffers:           66596 kB
Cached:           631264 kB
MemTotal:        1844596 kB
MemFree:          901056 kB
MemAvailable:    1477548 kB
Buffers:           66596 kB
Cached:           631264 kB
MemTotal:        1844596 kB
MemFree:          900056 kB
MemAvailable:    1476548 kB
Buffers:           66596 kB
Cached:           631264 kB
MemTotal:        1844596 kB
MemFree:          899808 kB
MemAvailable:    1476300 kB
Buffers:           66596 kB
Cached:           631264 kB
MemTotal:        1844596 kB
MemFree:          900688 kB
MemAvailable:    1477180 kB
Buffers:           66596 kB
Cached:           631264 kB
MemTotal:        1844596 kB
MemFree:          900744 kB
MemAvailable:    1477236 kB
Buffers:           66596 kB
Cached:           631264 kB
MemTotal:        1844596 kB
MemFree:          900564 kB
MemAvailable:    1477056 kB
Buffers:           66596 kB
Cached:           631264 kB
MemTotal:        1844596 kB
MemFree:          900660 kB
MemAvailable:    1477152 kB
Buffers:           66596 kB
Cached:           631264 kB
MemTotal:        1844596 kB
MemFree:          899752 kB
MemAvailable:    1476244 kB
Buffers:           66596 kB
Cached:           631264 kB
MemTotal:        1844596 kB
MemFree:          900804 kB
MemAvailable:    1477296 kB
Buffers:           66596 kB
Cached:           631264 kB
MemTotal:        1844596 kB
MemFree:          899496 kB
MemAvailable:    1475988 kB
Buffers:           66596 kB
Cached:           631264 kB
MemTotal:        1844596 kB
MemFree:          900496 kB
MemAvailable:    1476988 kB
Buffers:           66596 kB
Cached:           631264 kB
MemTotal:        1844596 kB
MemFree:          899248 kB
MemAvailable:    1475740 kB
Buffers:           66596 kB
Cached:           631264 kB
MemTotal:        1844596 kB
MemFree:          900488 kB
MemAvailable:    1476980 kB
Buffers:           66596 kB
Cached:           631264 kB
MemTotal:        1844596 kB
MemFree:          900348 kB
MemAvailable:    1476840 kB
Buffers:           66596 kB
Cached:           631264 kB
MemTotal:        1844596 kB
MemFree:          899876 kB
MemAvailable:    1476368 kB
Buffers:           66596 kB
Cached:           631264 kB
MemTotal:        1844596 kB
MemFree:          900192 kB
MemAvailable:    1476684 kB
Buffers:           66596 kB
Cached:           631264 kB
MemTotal:        1844596 kB
MemFree:          900316 kB
MemAvailable:    1476808 kB
Buffers:           66596 kB
Cached:           631264 kB
MemTotal:        1844596 kB
MemFree:          899192 kB
MemAvailable:    1475688 kB
Buffers:           66596 kB
Cached:           631268 kB
MemTotal:        1844596 kB
MemFree:          900436 kB
MemAvailable:    1476932 kB
Buffers:           66596 kB
Cached:           631268 kB
MemTotal:        1844596 kB
MemFree:          900124 kB
MemAvailable:    1476620 kB
Buffers:           66596 kB
Cached:           631268 kB
MemTotal:        1844596 kB
MemFree:          900228 kB
MemAvailable:    1476724 kB
Buffers:           66596 kB
Cached:           631268 kB
MemTotal:        1844596 kB
MemFree:          899452 kB
MemAvailable:    1475948 kB
Buffers:           66596 kB
Cached:           631268 kB
MemTotal:        1844596 kB
MemFree:          900248 kB
MemAvailable:    1476744 kB
Buffers:           66596 kB
Cached:           631268 kB
MemTotal:        1844596 kB
MemFree:          900232 kB
MemAvailable:    1476728 kB
Buffers:           66596 kB
Cached:           631268 kB
MemTotal:        1844596 kB
MemFree:          900232 kB
MemAvailable:    1476728 kB
Buffers:           66596 kB
Cached:           631268 kB
MemTotal:        1844596 kB
MemFree:          900292 kB
MemAvailable:    1476788 kB
Buffers:           66596 kB
Cached:           631268 kB
MemTotal:        1844596 kB
MemFree:          900544 kB
MemAvailable:    1477040 kB
Buffers:           66596 kB
Cached:           631268 kB
MemTotal:        1844596 kB
MemFree:          899068 kB
MemAvailable:    1475564 kB
Buffers:           66596 kB
Cached:           631268 kB
MemTotal:        1844596 kB
MemFree:          899744 kB
MemAvailable:    1476240 kB
Buffers:           66596 kB
Cached:           631268 kB
MemTotal:        1844596 kB
MemFree:          900804 kB
MemAvailable:    1477300 kB
Buffers:           66596 kB
Cached:           631268 kB
MemTotal:        1844596 kB
MemFree:          899504 kB
MemAvailable:    1476000 kB
Buffers:           66596 kB
Cached:           631268 kB
MemTotal:        1844596 kB
MemFree:          899372 kB
MemAvailable:    1475868 kB
Buffers:           66596 kB
Cached:           631268 kB
MemTotal:        1844596 kB
MemFree:          900804 kB
MemAvailable:    1477300 kB
Buffers:           66596 kB
Cached:           631268 kB
MemTotal:        1844596 kB
MemFree:          900000 kB
MemAvailable:    1476496 kB
Buffers:           66596 kB
Cached:           631268 kB
MemTotal:        1844596 kB
MemFree:          900420 kB
MemAvailable:    1476916 kB
Buffers:           66596 kB
Cached:           631268 kB
MemTotal:        1844596 kB
MemFree:          900308 kB
MemAvailable:    1476804 kB
Buffers:           66596 kB
Cached:           631268 kB
MemTotal:        1844596 kB
MemFree:          899084 kB
MemAvailable:    1475580 kB
Buffers:           66596 kB
Cached:           631268 kB
MemTotal:        1844596 kB
MemFree:          900108 kB
MemAvailable:    1476604 kB
Buffers:           66596 kB
Cached:           631268 kB
MemTotal:        1844596 kB
MemFree:          900448 kB
MemAvailable:    1476944 kB
Buffers:           66596 kB
Cached:           631268 kB
MemTotal:        1844596 kB
MemFree:          899068 kB
MemAvailable:    1475564 kB
Buffers:           66596 kB
Cached:           631268 kB
MemTotal:        1844596 kB
MemFree:          899076 kB
MemAvailable:    1475572 kB
Buffers:           66596 kB
Cached:           631268 kB
MemTotal:        1844596 kB
MemFree:          899112 kB
MemAvailable:    1475608 kB
Buffers:           66596 kB
Cached:           631268 kB
MemTotal:        1844596 kB
MemFree:          900476 kB
MemAvailable:    1476972 kB
Buffers:           66596 kB
Cached:           631268 kB
MemTotal:        1844596 kB
MemFree:          899104 kB
MemAvailable:    1475600 kB
Buffers:           66596 kB
Cached:           631268 kB
MemTotal:        1844596 kB
MemFree:          900192 kB
MemAvailable:    1476688 kB
Buffers:           66596 kB
Cached:           631268 kB
MemTotal:        1844596 kB
MemFree:          900192 kB
MemAvailable:    1476688 kB
Buffers:           66596 kB
Cached:           631268 kB
MemTotal:        1844596 kB
MemFree:          900360 kB
MemAvailable:    1476856 kB
Buffers:           66596 kB
Cached:           631268 kB
MemTotal:        1844596 kB
MemFree:          899360 kB
MemAvailable:    1475856 kB
Buffers:           66596 kB
Cached:           631268 kB
MemTotal:        1844596 kB
MemFree:          900172 kB
MemAvailable:    1476668 kB
Buffers:           66596 kB
Cached:           631268 kB
MemTotal:        1844596 kB
MemFree:          900248 kB
MemAvailable:    1476744 kB
Buffers:           66596 kB
Cached:           631268 kB
MemTotal:        1844596 kB
MemFree:          900420 kB
MemAvailable:    1476916 kB
Buffers:           66596 kB
Cached:           631268 kB
MemTotal:        1844596 kB
MemFree:          900372 kB
MemAvailable:    1476868 kB
Buffers:           66596 kB
Cached:           631268 kB
MemTotal:        1844596 kB
MemFree:          899752 kB
MemAvailable:    1476248 kB
Buffers:           66596 kB
Cached:           631268 kB
MemTotal:        1844596 kB
MemFree:          899364 kB
MemAvailable:    1475864 kB
Buffers:           66596 kB
Cached:           631272 kB
MemTotal:        1844596 kB
MemFree:          900216 kB
MemAvailable:    1476716 kB
Buffers:           66596 kB
Cached:           631272 kB
MemTotal:        1844596 kB
MemFree:          900300 kB
MemAvailable:    1476800 kB
Buffers:           66596 kB
Cached:           631272 kB
MemTotal:        1844596 kB
MemFree:          900208 kB
MemAvailable:    1476708 kB
Buffers:           66596 kB
Cached:           631272 kB
MemTotal:        1844596 kB
MemFree:          899096 kB
MemAvailable:    1475596 kB
Buffers:           66596 kB
Cached:           631272 kB
MemTotal:        1844596 kB
MemFree:          899008 kB
MemAvailable:    1475508 kB
Buffers:           66596 kB
Cached:           631272 kB
MemTotal:        1844596 kB
MemFree:          900500 kB
MemAvailable:    1477000 kB
Buffers:           66596 kB
Cached:           631272 kB
MemTotal:        1844596 kB
MemFree:          899124 kB
MemAvailable:    1475624 kB
Buffers:           66596 kB
Cached:           631272 kB
MemTotal:        1844596 kB
MemFree:          900276 kB
MemAvailable:    1476776 kB
Buffers:           66596 kB
Cached:           631272 kB
MemTotal:        1844596 kB
MemFree:          900276 kB
MemAvailable:    1476776 kB
Buffers:           66596 kB
Cached:           631272 kB
MemTotal:        1844596 kB
MemFree:          898944 kB
MemAvailable:    1475444 kB
Buffers:           66596 kB
Cached:           631272 kB
MemTotal:        1844596 kB
MemFree:          900376 kB
MemAvailable:    1476876 kB
Buffers:           66596 kB
Cached:           631272 kB
MemTotal:        1844596 kB
MemFree:          900376 kB
MemAvailable:    1476876 kB
Buffers:           66596 kB
Cached:           631272 kB
MemTotal:        1844596 kB
MemFree:          900172 kB
MemAvailable:    1476672 kB
Buffers:           66596 kB
Cached:           631272 kB
MemTotal:        1844596 kB
MemFree:          900424 kB
MemAvailable:    1476924 kB
Buffers:           66596 kB
Cached:           631272 kB
MemTotal:        1844596 kB
MemFree:          900420 kB
MemAvailable:    1476920 kB
Buffers:           66596 kB
Cached:           631272 kB
MemTotal:        1844596 kB
MemFree:          900312 kB
MemAvailable:    1476812 kB
Buffers:           66596 kB
Cached:           631272 kB
MemTotal:        1844596 kB
MemFree:          899628 kB
MemAvailable:    1476128 kB
Buffers:           66596 kB
Cached:           631272 kB
MemTotal:        1844596 kB
MemFree:          900792 kB
MemAvailable:    1477296 kB
Buffers:           66596 kB
Cached:           631276 kB
MemTotal:        1844596 kB
MemFree:          900356 kB
MemAvailable:    1476860 kB
Buffers:           66596 kB
Cached:           631276 kB
MemTotal:        1844596 kB
MemFree:          899364 kB
MemAvailable:    1475868 kB
Buffers:           66596 kB
Cached:           631276 kB
MemTotal:        1844596 kB
MemFree:          900212 kB
MemAvailable:    1476716 kB
Buffers:           66596 kB
Cached:           631276 kB
MemTotal:        1844596 kB
MemFree:          900212 kB
MemAvailable:    1476716 kB
Buffers:           66596 kB
Cached:           631276 kB
MemTotal:        1844596 kB
MemFree:          899224 kB
MemAvailable:    1475728 kB
Buffers:           66596 kB
Cached:           631276 kB
MemTotal:        1844596 kB
MemFree:          899052 kB
MemAvailable:    1475556 kB
Buffers:           66596 kB
Cached:           631276 kB
MemTotal:        1844596 kB
MemFree:          899052 kB
MemAvailable:    1475556 kB
Buffers:           66596 kB
Cached:           631276 kB
MemTotal:        1844596 kB
MemFree:          900232 kB
MemAvailable:    1476736 kB
Buffers:           66596 kB
Cached:           631276 kB
MemTotal:        1844596 kB
MemFree:          900484 kB
MemAvailable:    1476988 kB
Buffers:           66596 kB
Cached:           631276 kB
MemTotal:        1844596 kB
MemFree:          900192 kB
MemAvailable:    1476696 kB
Buffers:           66596 kB
Cached:           631276 kB
MemTotal:        1844596 kB
MemFree:          900372 kB
MemAvailable:    1476876 kB
Buffers:           66596 kB
Cached:           631276 kB
MemTotal:        1844596 kB
MemFree:          900408 kB
MemAvailable:    1476912 kB
Buffers:           66596 kB
Cached:           631276 kB
MemTotal:        1844596 kB
MemFree:          899184 kB
MemAvailable:    1475688 kB
Buffers:           66596 kB
Cached:           631276 kB
MemTotal:        1844596 kB
MemFree:          900240 kB
MemAvailable:    1476744 kB
Buffers:           66596 kB
Cached:           631276 kB
MemTotal:        1844596 kB
MemFree:          900380 kB
MemAvailable:    1476884 kB
Buffers:           66596 kB
Cached:           631276 kB
MemTotal:        1844596 kB
MemFree:          900184 kB
MemAvailable:    1476688 kB
Buffers:           66596 kB
Cached:           631276 kB
MemTotal:        1844596 kB
MemFree:          900436 kB
MemAvailable:    1476940 kB
Buffers:           66596 kB
Cached:           631276 kB
MemTotal:        1844596 kB
MemFree:          900180 kB
MemAvailable:    1476684 kB
Buffers:           66596 kB
Cached:           631276 kB
MemTotal:        1844596 kB
MemFree:          900432 kB
MemAvailable:    1476936 kB
Buffers:           66596 kB
Cached:           631276 kB
MemTotal:        1844596 kB
MemFree:          899200 kB
MemAvailable:    1475704 kB
Buffers:           66596 kB
Cached:           631276 kB
MemTotal:        1844596 kB
MemFree:          900504 kB
MemAvailable:    1477008 kB
Buffers:           66596 kB
Cached:           631276 kB
MemTotal:        1844596 kB
MemFree:          899320 kB
MemAvailable:    1475824 kB
Buffers:           66596 kB
Cached:           631276 kB
MemTotal:        1844596 kB
MemFree:          900556 kB
MemAvailable:    1477064 kB
Buffers:           66596 kB
Cached:           631280 kB
MemTotal:        1844596 kB
MemFree:          900504 kB
MemAvailable:    1477012 kB
Buffers:           66596 kB
Cached:           631280 kB
MemTotal:        1844596 kB
MemFree:          900400 kB
MemAvailable:    1476908 kB
Buffers:           66596 kB
Cached:           631280 kB
MemTotal:        1844596 kB
MemFree:          899220 kB
MemAvailable:    1475728 kB
Buffers:           66596 kB
Cached:           631280 kB
MemTotal:        1844596 kB
MemFree:          899336 kB
MemAvailable:    1475844 kB
Buffers:           66596 kB
Cached:           631280 kB
MemTotal:        1844596 kB
MemFree:          899016 kB
MemAvailable:    1475524 kB
Buffers:           66596 kB
Cached:           631280 kB
MemTotal:        1844596 kB
MemFree:          900208 kB
MemAvailable:    1476716 kB
Buffers:           66596 kB
Cached:           631280 kB
MemTotal:        1844596 kB
MemFree:          900464 kB
MemAvailable:    1476972 kB
Buffers:           66596 kB
Cached:           631280 kB
MemTotal:        1844596 kB
MemFree:          900540 kB
MemAvailable:    1477048 kB
Buffers:           66596 kB
Cached:           631280 kB
MemTotal:        1844596 kB
MemFree:          900304 kB
MemAvailable:    1476812 kB
Buffers:           66596 kB
Cached:           631280 kB
MemTotal:        1844596 kB
MemFree:          900228 kB
MemAvailable:    1476736 kB
Buffers:           66596 kB
Cached:           631280 kB
MemTotal:        1844596 kB
MemFree:          900480 kB
MemAvailable:    1476988 kB
Buffers:           66596 kB
Cached:           631280 kB
MemTotal:        1844596 kB
MemFree:          898864 kB
MemAvailable:    1475372 kB
Buffers:           66596 kB
Cached:           631280 kB
MemTotal:        1844596 kB
MemFree:          900172 kB
MemAvailable:    1476680 kB
Buffers:           66596 kB
Cached:           631280 kB
MemTotal:        1844596 kB
MemFree:          900312 kB
MemAvailable:    1476820 kB
Buffers:           66596 kB
Cached:           631280 kB
MemTotal:        1844596 kB
MemFree:          900400 kB
MemAvailable:    1476908 kB
Buffers:           66596 kB
Cached:           631280 kB
MemTotal:        1844596 kB
MemFree:          900340 kB
MemAvailable:    1476848 kB
Buffers:           66596 kB
Cached:           631280 kB
MemTotal:        1844596 kB
MemFree:          898860 kB
MemAvailable:    1475368 kB
Buffers:           66596 kB
Cached:           631280 kB
MemTotal:        1844596 kB
MemFree:          900244 kB
MemAvailable:    1476752 kB
Buffers:           66596 kB
Cached:           631280 kB
MemTotal:        1844596 kB
MemFree:          899396 kB
MemAvailable:    1475904 kB
Buffers:           66596 kB
Cached:           631280 kB
MemTotal:        1844596 kB
MemFree:          900672 kB
MemAvailable:    1477180 kB
Buffers:           66596 kB
Cached:           631280 kB
MemTotal:        1844596 kB
MemFree:          899520 kB
MemAvailable:    1476028 kB
Buffers:           66596 kB
Cached:           631280 kB
MemTotal:        1844596 kB
MemFree:          900304 kB
MemAvailable:    1476812 kB
Buffers:           66596 kB
Cached:           631280 kB
MemTotal:        1844596 kB
MemFree:          900180 kB
MemAvailable:    1476688 kB
Buffers:           66596 kB
Cached:           631280 kB
MemTotal:        1844596 kB
MemFree:          899980 kB
MemAvailable:    1476488 kB
Buffers:           66596 kB
Cached:           631280 kB
MemTotal:        1844596 kB
MemFree:          900148 kB
MemAvailable:    1476656 kB
Buffers:           66596 kB
Cached:           631280 kB
MemTotal:        1844596 kB
MemFree:          898892 kB
MemAvailable:    1475400 kB
Buffers:           66596 kB
Cached:           631280 kB
MemTotal:        1844596 kB
MemFree:          899388 kB
MemAvailable:    1475896 kB
Buffers:           66596 kB
Cached:           631280 kB
MemTotal:        1844596 kB
MemFree:          900064 kB
MemAvailable:    1476572 kB
Buffers:           66596 kB
Cached:           631280 kB
MemTotal:        1844596 kB
MemFree:          900140 kB
MemAvailable:    1476648 kB
Buffers:           66596 kB
Cached:           631280 kB
MemTotal:        1844596 kB
MemFree:          900312 kB
MemAvailable:    1476820 kB
Buffers:           66596 kB
Cached:           631280 kB
MemTotal:        1844596 kB
MemFree:          899396 kB
MemAvailable:    1475904 kB
Buffers:           66596 kB
Cached:           631280 kB
MemTotal:        1844596 kB
MemFree:          899988 kB
MemAvailable:    1476496 kB
Buffers:           66596 kB
Cached:           631280 kB
MemTotal:        1844596 kB
MemFree:          900324 kB
MemAvailable:    1476832 kB
Buffers:           66596 kB
Cached:           631280 kB
MemTotal:        1844596 kB
MemFree:          900080 kB
MemAvailable:    1476588 kB
Buffers:           66596 kB
Cached:           631280 kB
MemTotal:        1844596 kB
MemFree:          898956 kB
MemAvailable:    1475464 kB
Buffers:           66596 kB
Cached:           631280 kB
MemTotal:        1844596 kB
MemFree:          900188 kB
MemAvailable:    1476696 kB
Buffers:           66596 kB
Cached:           631280 kB
MemTotal:        1844596 kB
MemFree:          900200 kB
MemAvailable:    1476708 kB
Buffers:           66596 kB
Cached:           631280 kB
MemTotal:        1844596 kB
MemFree:          898952 kB
MemAvailable:    1475460 kB
Buffers:           66596 kB
Cached:           631280 kB
MemTotal:        1844596 kB
MemFree:          900096 kB
MemAvailable:    1476604 kB
Buffers:           66596 kB
Cached:           631280 kB
MemTotal:        1844596 kB
MemFree:          900336 kB
MemAvailable:    1476844 kB
Buffers:           66596 kB
Cached:           631280 kB
MemTotal:        1844596 kB
MemFree:          900144 kB
MemAvailable:    1476652 kB
Buffers:           66596 kB
Cached:           631280 kB
MemTotal:        1844596 kB
MemFree:          899136 kB
MemAvailable:    1475644 kB
Buffers:           66596 kB
Cached:           631280 kB
MemTotal:        1844596 kB
MemFree:          899080 kB
MemAvailable:    1475588 kB
Buffers:           66596 kB
Cached:           631280 kB
MemTotal:        1844596 kB
MemFree:          898964 kB
MemAvailable:    1475472 kB
Buffers:           66596 kB
Cached:           631280 kB
MemTotal:        1844596 kB
MemFree:          900132 kB
MemAvailable:    1476640 kB
Buffers:           66596 kB
Cached:           631280 kB
MemTotal:        1844596 kB
MemFree:          900384 kB
MemAvailable:    1476892 kB
Buffers:           66596 kB
Cached:           631280 kB
MemTotal:        1844596 kB
MemFree:          900264 kB
MemAvailable:    1476772 kB
Buffers:           66596 kB
Cached:           631280 kB
MemTotal:        1844596 kB
MemFree:          900424 kB
MemAvailable:    1476932 kB
Buffers:           66596 kB
Cached:           631280 kB
MemTotal:        1844596 kB
MemFree:          899520 kB
MemAvailable:    1476028 kB
Buffers:           66596 kB
Cached:           631280 kB
MemTotal:        1844596 kB
MemFree:          900680 kB
MemAvailable:    1477188 kB
Buffers:           66596 kB
Cached:           631280 kB
MemTotal:        1844596 kB
MemFree:          900628 kB
MemAvailable:    1477136 kB
Buffers:           66596 kB
Cached:           631280 kB
MemTotal:        1844596 kB
MemFree:          900440 kB
MemAvailable:    1476948 kB
Buffers:           66596 kB
Cached:           631280 kB
MemTotal:        1844596 kB
MemFree:          899272 kB
MemAvailable:    1475780 kB
Buffers:           66596 kB
Cached:           631280 kB
MemTotal:        1844596 kB
MemFree:          900448 kB
MemAvailable:    1476956 kB
Buffers:           66596 kB
Cached:           631280 kB
MemTotal:        1844596 kB
MemFree:          899016 kB
MemAvailable:    1475524 kB
Buffers:           66596 kB
Cached:           631280 kB
MemTotal:        1844596 kB
MemFree:          899092 kB
MemAvailable:    1475600 kB
Buffers:           66596 kB
Cached:           631280 kB
MemTotal:        1844596 kB
MemFree:          900236 kB
MemAvailable:    1476744 kB
Buffers:           66596 kB
Cached:           631280 kB
MemTotal:        1844596 kB
MemFree:          900488 kB
MemAvailable:    1476996 kB
Buffers:           66596 kB
Cached:           631280 kB
MemTotal:        1844596 kB
MemFree:          900268 kB
MemAvailable:    1476776 kB
Buffers:           66596 kB
Cached:           631280 kB
MemTotal:        1844596 kB
MemFree:          899212 kB
MemAvailable:    1475720 kB
Buffers:           66596 kB
Cached:           631280 kB
MemTotal:        1844596 kB
MemFree:          900364 kB
MemAvailable:    1476872 kB
Buffers:           66596 kB
Cached:           631280 kB
MemTotal:        1844596 kB
MemFree:          900340 kB
MemAvailable:    1476848 kB
Buffers:           66596 kB
Cached:           631280 kB
MemTotal:        1844596 kB
MemFree:          900312 kB
MemAvailable:    1476820 kB
Buffers:           66596 kB
Cached:           631280 kB
MemTotal:        1844596 kB
MemFree:          900140 kB
MemAvailable:    1476648 kB
Buffers:           66596 kB
Cached:           631280 kB
MemTotal:        1844596 kB
MemFree:          899644 kB
MemAvailable:    1476028 kB
Buffers:           66596 kB
Cached:           631280 kB
MemTotal:        1844596 kB
MemFree:          900372 kB
MemAvailable:    1476884 kB
Buffers:           66596 kB
Cached:           631288 kB
MemTotal:        1844596 kB
MemFree:          900708 kB
MemAvailable:    1477220 kB
Buffers:           66596 kB
Cached:           631288 kB
MemTotal:        1844596 kB
MemFree:          900240 kB
MemAvailable:    1476752 kB
Buffers:           66596 kB
Cached:           631288 kB
MemTotal:        1844596 kB
MemFree:          900240 kB
MemAvailable:    1476752 kB
Buffers:           66596 kB
Cached:           631288 kB
MemTotal:        1844596 kB
MemFree:          900136 kB
MemAvailable:    1476648 kB
Buffers:           66596 kB
Cached:           631288 kB
MemTotal:        1844596 kB
MemFree:          899128 kB
MemAvailable:    1475640 kB
Buffers:           66596 kB
Cached:           631288 kB
MemTotal:        1844596 kB
MemFree:          898996 kB
MemAvailable:    1475508 kB
Buffers:           66596 kB
Cached:           631288 kB
MemTotal:        1844596 kB
MemFree:          899024 kB
MemAvailable:    1475536 kB
Buffers:           66596 kB
Cached:           631288 kB
MemTotal:        1844596 kB
MemFree:          900316 kB
MemAvailable:    1476828 kB
Buffers:           66596 kB
Cached:           631288 kB
MemTotal:        1844596 kB
MemFree:          899396 kB
MemAvailable:    1475908 kB
Buffers:           66596 kB
Cached:           631288 kB
MemTotal:        1844596 kB
MemFree:          899264 kB
MemAvailable:    1475776 kB
Buffers:           66596 kB
Cached:           631288 kB
MemTotal:        1844596 kB
MemFree:          900440 kB
MemAvailable:    1476952 kB
Buffers:           66596 kB
Cached:           631288 kB
MemTotal:        1844596 kB
MemFree:          900332 kB
MemAvailable:    1476844 kB
Buffers:           66596 kB
Cached:           631288 kB
MemTotal:        1844596 kB
MemFree:          899208 kB
MemAvailable:    1475720 kB
Buffers:           66596 kB
Cached:           631288 kB
MemTotal:        1844596 kB
MemFree:          900136 kB
MemAvailable:    1476648 kB
Buffers:           66596 kB
Cached:           631288 kB
MemTotal:        1844596 kB
MemFree:          900060 kB
MemAvailable:    1476572 kB
Buffers:           66596 kB
Cached:           631288 kB
MemTotal:        1844596 kB
MemFree:          900312 kB
MemAvailable:    1476824 kB
Buffers:           66596 kB
Cached:           631288 kB
MemTotal:        1844596 kB
MemFree:          899324 kB
MemAvailable:    1475836 kB
Buffers:           66596 kB
Cached:           631288 kB
MemTotal:        1844596 kB
MemFree:          899120 kB
MemAvailable:    1475632 kB
Buffers:           66596 kB
Cached:           631288 kB
MemTotal:        1844596 kB
MemFree:          900096 kB
MemAvailable:    1476608 kB
Buffers:           66596 kB
Cached:           631288 kB
MemTotal:        1844596 kB
MemFree:          899768 kB
MemAvailable:    1476156 kB
Buffers:           66596 kB
Cached:           631288 kB
MemTotal:        1844596 kB
MemFree:          899376 kB
MemAvailable:    1475888 kB
Buffers:           66596 kB
Cached:           631288 kB
MemTotal:        1844596 kB
MemFree:          900000 kB
MemAvailable:    1476512 kB
Buffers:           66596 kB
Cached:           631288 kB
MemTotal:        1844596 kB
MemFree:          899768 kB
MemAvailable:    1476280 kB
Buffers:           66596 kB
Cached:           631288 kB
MemTotal:        1844596 kB
MemFree:          899012 kB
MemAvailable:    1475524 kB
Buffers:           66596 kB
Cached:           631288 kB
MemTotal:        1844596 kB
MemFree:          900204 kB
MemAvailable:    1476716 kB
Buffers:           66596 kB
Cached:           631288 kB
MemTotal:        1844596 kB
MemFree:          900372 kB
MemAvailable:    1476884 kB
Buffers:           66596 kB
Cached:           631288 kB
MemTotal:        1844596 kB
MemFree:          900264 kB
MemAvailable:    1476776 kB
Buffers:           66596 kB
Cached:           631288 kB
MemTotal:        1844596 kB
MemFree:          899264 kB
MemAvailable:    1475776 kB
Buffers:           66596 kB
Cached:           631288 kB
MemTotal:        1844596 kB
MemFree:          899140 kB
MemAvailable:    1475652 kB
Buffers:           66596 kB
Cached:           631288 kB
MemTotal:        1844596 kB
MemFree:          900312 kB
MemAvailable:    1476824 kB
Buffers:           66596 kB
Cached:           631288 kB
MemTotal:        1844596 kB
MemFree:          900452 kB
MemAvailable:    1476964 kB
Buffers:           66596 kB
Cached:           631288 kB
MemTotal:        1844596 kB
MemFree:          899716 kB
MemAvailable:    1476228 kB
Buffers:           66596 kB
Cached:           631288 kB
MemTotal:        1844596 kB
MemFree:          900372 kB
MemAvailable:    1476884 kB
Buffers:           66596 kB
Cached:           631288 kB
MemTotal:        1844596 kB
MemFree:          900372 kB
MemAvailable:    1476884 kB
Buffers:           66596 kB
Cached:           631288 kB
MemTotal:        1844596 kB
MemFree:          900312 kB
MemAvailable:    1476824 kB
Buffers:           66596 kB
Cached:           631288 kB
MemTotal:        1844596 kB
MemFree:          900084 kB
MemAvailable:    1476596 kB
Buffers:           66596 kB
Cached:           631288 kB
MemTotal:        1844596 kB
MemFree:          900340 kB
MemAvailable:    1476852 kB
Buffers:           66596 kB
Cached:           631288 kB
MemTotal:        1844596 kB
MemFree:          900312 kB
MemAvailable:    1476824 kB
Buffers:           66596 kB
Cached:           631288 kB
MemTotal:        1844596 kB
MemFree:          900000 kB
MemAvailable:    1476512 kB
Buffers:           66596 kB
Cached:           631288 kB
MemTotal:        1844596 kB
MemFree:          900016 kB
MemAvailable:    1476528 kB
Buffers:           66596 kB
Cached:           631288 kB
MemTotal:        1844596 kB
MemFree:          899012 kB
MemAvailable:    1475524 kB
Buffers:           66596 kB
Cached:           631288 kB
MemTotal:        1844596 kB
MemFree:          900204 kB
MemAvailable:    1476716 kB
Buffers:           66596 kB
Cached:           631288 kB
MemTotal:        1844596 kB
MemFree:          900372 kB
MemAvailable:    1476884 kB
Buffers:           66596 kB
Cached:           631288 kB
MemTotal:        1844596 kB
MemFree:          900008 kB
MemAvailable:    1476520 kB
Buffers:           66596 kB
Cached:           631288 kB
MemTotal:        1844596 kB
MemFree:          899024 kB
MemAvailable:    1475536 kB
Buffers:           66596 kB
Cached:           631288 kB
MemTotal:        1844596 kB
MemFree:          900124 kB
MemAvailable:    1476636 kB
Buffers:           66596 kB
Cached:           631288 kB
MemTotal:        1844596 kB
MemFree:          900016 kB
MemAvailable:    1476528 kB
Buffers:           66596 kB
Cached:           631288 kB
MemTotal:        1844596 kB
MemFree:          900076 kB
MemAvailable:    1476588 kB
Buffers:           66596 kB
Cached:           631288 kB
MemTotal:        1844596 kB
MemFree:          899148 kB
MemAvailable:    1475660 kB
Buffers:           66596 kB
Cached:           631288 kB
MemTotal:        1844596 kB
MemFree:          900404 kB
MemAvailable:    1476916 kB
Buffers:           66596 kB
Cached:           631288 kB
MemTotal:        1844596 kB
MemFree:          898968 kB
MemAvailable:    1475480 kB
Buffers:           66596 kB
Cached:           631288 kB
MemTotal:        1844596 kB
MemFree:          900200 kB
MemAvailable:    1476712 kB
Buffers:           66596 kB
Cached:           631288 kB
MemTotal:        1844596 kB
MemFree:          899396 kB
MemAvailable:    1475908 kB
Buffers:           66596 kB
Cached:           631288 kB
MemTotal:        1844596 kB
MemFree:          900252 kB
MemAvailable:    1476764 kB
Buffers:           66596 kB
Cached:           631288 kB
MemTotal:        1844596 kB
MemFree:          899148 kB
MemAvailable:    1475660 kB
Buffers:           66596 kB
Cached:           631288 kB
MemTotal:        1844596 kB
MemFree:          900140 kB
MemAvailable:    1476652 kB
Buffers:           66596 kB
Cached:           631288 kB
MemTotal:        1844596 kB
MemFree:          899512 kB
MemAvailable:    1476024 kB
Buffers:           66596 kB
Cached:           631288 kB
MemTotal:        1844596 kB
MemFree:          900104 kB
MemAvailable:    1476616 kB
Buffers:           66596 kB
Cached:           631288 kB
MemTotal:        1844596 kB
MemFree:          900356 kB
MemAvailable:    1476868 kB
Buffers:           66596 kB
Cached:           631288 kB
MemTotal:        1844596 kB
MemFree:          900100 kB
MemAvailable:    1476612 kB
Buffers:           66596 kB
Cached:           631288 kB
MemTotal:        1844596 kB
MemFree:          900016 kB
MemAvailable:    1476528 kB
Buffers:           66596 kB
Cached:           631288 kB
MemTotal:        1844596 kB
MemFree:          900120 kB
MemAvailable:    1476632 kB
Buffers:           66596 kB
Cached:           631288 kB
MemTotal:        1844596 kB
MemFree:          900204 kB
MemAvailable:    1476716 kB
Buffers:           66596 kB
Cached:           631288 kB
MemTotal:        1844596 kB
MemFree:          899100 kB
MemAvailable:    1475612 kB
Buffers:           66596 kB
Cached:           631288 kB
MemTotal:        1844596 kB
MemFree:          900200 kB
MemAvailable:    1476712 kB
Buffers:           66596 kB
Cached:           631288 kB
MemTotal:        1844596 kB
MemFree:          900216 kB
MemAvailable:    1476728 kB
Buffers:           66596 kB
Cached:           631288 kB
MemTotal:        1844596 kB
MemFree:          900140 kB
MemAvailable:    1476652 kB
Buffers:           66596 kB
Cached:           631288 kB
MemTotal:        1844596 kB
MemFree:          900076 kB
MemAvailable:    1476588 kB
Buffers:           66596 kB
Cached:           631288 kB
MemTotal:        1844596 kB
MemFree:          900008 kB
MemAvailable:    1476520 kB
Buffers:           66596 kB
Cached:           631288 kB
MemTotal:        1844596 kB
MemFree:          900348 kB
MemAvailable:    1476860 kB
Buffers:           66596 kB
Cached:           631288 kB
MemTotal:        1844596 kB
MemFree:          898844 kB
MemAvailable:    1475356 kB
Buffers:           66596 kB
Cached:           631288 kB
MemTotal:        1844596 kB
MemFree:          900092 kB
MemAvailable:    1476604 kB
Buffers:           66596 kB
Cached:           631288 kB
MemTotal:        1844596 kB
MemFree:          900272 kB
MemAvailable:    1476784 kB
Buffers:           66596 kB
Cached:           631288 kB
MemTotal:        1844596 kB
MemFree:          900268 kB
MemAvailable:    1476780 kB
Buffers:           66596 kB
Cached:           631288 kB
MemTotal:        1844596 kB
MemFree:          900368 kB
MemAvailable:    1476880 kB
Buffers:           66596 kB
Cached:           631288 kB
MemTotal:        1844596 kB
MemFree:          899968 kB
MemAvailable:    1476480 kB
Buffers:           66596 kB
Cached:           631288 kB
MemTotal:        1844596 kB
MemFree:          899148 kB
MemAvailable:    1475660 kB
Buffers:           66596 kB
Cached:           631288 kB
MemTotal:        1844596 kB
MemFree:          900256 kB
MemAvailable:    1476768 kB
Buffers:           66596 kB
Cached:           631288 kB
MemTotal:        1844596 kB
MemFree:          900272 kB
MemAvailable:    1476784 kB
Buffers:           66596 kB
Cached:           631288 kB
MemTotal:        1844596 kB
MemFree:          899140 kB
MemAvailable:    1475660 kB
Buffers:           66596 kB
Cached:           631296 kB
MemTotal:        1844596 kB
MemFree:          900276 kB
MemAvailable:    1476796 kB
Buffers:           66596 kB
Cached:           631296 kB
MemTotal:        1844596 kB
MemFree:          899520 kB
MemAvailable:    1476040 kB
Buffers:           66596 kB
Cached:           631296 kB
MemTotal:        1844596 kB
MemFree:          900720 kB
MemAvailable:    1477244 kB
Buffers:           66596 kB
Cached:           631300 kB
MemTotal:        1844596 kB
MemFree:          900628 kB
MemAvailable:    1477152 kB
Buffers:           66596 kB
Cached:           631300 kB
MemTotal:        1844596 kB
MemFree:          900116 kB
MemAvailable:    1476640 kB
Buffers:           66596 kB
Cached:           631300 kB
MemTotal:        1844596 kB
MemFree:          900368 kB
MemAvailable:    1476892 kB
Buffers:           66596 kB
Cached:           631300 kB
MemTotal:        1844596 kB
MemFree:          900312 kB
MemAvailable:    1476836 kB
Buffers:           66596 kB
Cached:           631300 kB
MemTotal:        1844596 kB
MemFree:          900200 kB
MemAvailable:    1476724 kB
Buffers:           66596 kB
Cached:           631300 kB
MemTotal:        1844596 kB
MemFree:          900084 kB
MemAvailable:    1476608 kB
Buffers:           66596 kB
Cached:           631300 kB
MemTotal:        1844596 kB
MemFree:          900340 kB
MemAvailable:    1476864 kB
Buffers:           66596 kB
Cached:           631300 kB
MemTotal:        1844596 kB
MemFree:          898960 kB
MemAvailable:    1475484 kB
Buffers:           66596 kB
Cached:           631300 kB
MemTotal:        1844596 kB
MemFree:          900236 kB
MemAvailable:    1476760 kB
Buffers:           66596 kB
Cached:           631300 kB
MemTotal:        1844596 kB
MemFree:          900488 kB
MemAvailable:    1477012 kB
Buffers:           66596 kB
Cached:           631300 kB
MemTotal:        1844596 kB
MemFree:          899944 kB
MemAvailable:    1476468 kB
Buffers:           66596 kB
Cached:           631300 kB
MemTotal:        1844596 kB
MemFree:          900280 kB
MemAvailable:    1476804 kB
Buffers:           66596 kB
Cached:           631300 kB
MemTotal:        1844596 kB
MemFree:          900064 kB
MemAvailable:    1476588 kB
Buffers:           66596 kB
Cached:           631300 kB
MemTotal:        1844596 kB
MemFree:          900316 kB
MemAvailable:    1476840 kB
Buffers:           66596 kB
Cached:           631300 kB
MemTotal:        1844596 kB
MemFree:          900312 kB
MemAvailable:    1476836 kB
Buffers:           66596 kB
Cached:           631300 kB
MemTotal:        1844596 kB
MemFree:          899940 kB
MemAvailable:    1476464 kB
Buffers:           66596 kB
Cached:           631300 kB
MemTotal:        1844596 kB
MemFree:          900000 kB
MemAvailable:    1476524 kB
Buffers:           66596 kB
Cached:           631300 kB
MemTotal:        1844596 kB
MemFree:          900312 kB
MemAvailable:    1476836 kB
Buffers:           66596 kB
Cached:           631300 kB
MemTotal:        1844596 kB
MemFree:          900140 kB
MemAvailable:    1476664 kB
Buffers:           66596 kB
Cached:           631300 kB
MemTotal:        1844596 kB
MemFree:          900016 kB
MemAvailable:    1476540 kB
Buffers:           66596 kB
Cached:           631300 kB
MemTotal:        1844596 kB
MemFree:          900120 kB
MemAvailable:    1476644 kB
Buffers:           66596 kB
Cached:           631300 kB
MemTotal:        1844596 kB
MemFree:          900376 kB
MemAvailable:    1476900 kB
Buffers:           66596 kB
Cached:           631300 kB
MemTotal:        1844596 kB
MemFree:          900072 kB
MemAvailable:    1476596 kB
Buffers:           66596 kB
Cached:           631300 kB
MemTotal:        1844596 kB
MemFree:          900132 kB
MemAvailable:    1476656 kB
Buffers:           66596 kB
Cached:           631300 kB
MemTotal:        1844596 kB
MemFree:          900216 kB
MemAvailable:    1476740 kB
Buffers:           66596 kB
Cached:           631300 kB
MemTotal:        1844596 kB
MemFree:          900272 kB
MemAvailable:    1476796 kB
Buffers:           66596 kB
Cached:           631300 kB
MemTotal:        1844596 kB
MemFree:          898964 kB
MemAvailable:    1475488 kB
Buffers:           66596 kB
Cached:           631300 kB
MemTotal:        1844596 kB
MemFree:          899940 kB
MemAvailable:    1476464 kB
Buffers:           66596 kB
Cached:           631300 kB
MemTotal:        1844596 kB
MemFree:          900276 kB
MemAvailable:    1476800 kB
Buffers:           66596 kB
Cached:           631300 kB
MemTotal:        1844596 kB
MemFree:          899208 kB
MemAvailable:    1475732 kB
Buffers:           66596 kB
Cached:           631300 kB
MemTotal:        1844596 kB
MemFree:          898988 kB
MemAvailable:    1475512 kB
Buffers:           66596 kB
Cached:           631300 kB
MemTotal:        1844596 kB
MemFree:          898824 kB
MemAvailable:    1475348 kB
Buffers:           66596 kB
Cached:           631300 kB
MemTotal:        1844596 kB
MemFree:          900000 kB
MemAvailable:    1476524 kB
Buffers:           66596 kB
Cached:           631300 kB
MemTotal:        1844596 kB
