MemTotal:        1844596 kB
MemFree:         1610372 kB
MemAvailable:    1596780 kB
Buffers:           16684 kB
Cached:            95016 kB
MemTotal:        1844596 kB
MemFree:         1610424 kB
MemAvailable:    1596832 kB
Buffers:           16684 kB
Cached:            95016 kB
MemTotal:        1844596 kB
MemFree:         1607644 kB
MemAvailable:    1594052 kB
Buffers:           16684 kB
Cached:            95016 kB
MemTotal:        1844596 kB
MemFree:         1607208 kB
MemAvailable:    1593616 kB
Buffers:           16684 kB
Cached:            95016 kB
MemTotal:        1844596 kB
MemFree:         1605908 kB
MemAvailable:    1592316 kB
Buffers:           16684 kB
Cached:            95016 kB
MemTotal:        1844596 kB
MemFree:         1606520 kB
MemAvailable:    1592928 kB
Buffers:           16684 kB
Cached:            95016 kB
MemTotal:        1844596 kB
MemFree:         1606776 kB
MemAvailable:    1593184 kB
Buffers:           16684 kB
Cached:            95016 kB
MemTotal:        1844596 kB
MemFree:         1603984 kB
MemAvailable:    1590392 kB
Buffers:           16684 kB
Cached:            95016 kB
MemTotal:        1844596 kB
MemFree:         1603728 kB
MemAvailable:    1590136 kB
Buffers:           16684 kB
Cached:            95016 kB
MemTotal:        1844596 kB
MemFree:         1602560 kB
MemAvailable:    1588968 kB
Buffers:           16684 kB
Cached:            95016 kB
MemTotal:        1844596 kB
MemFree:         1601876 kB
MemAvailable:    1588284 kB
Buffers:           16684 kB
Cached:            95016 kB
MemTotal:        1844596 kB
MemFree:         1600140 kB
MemAvailable:    1586548 kB
Buffers:           16684 kB
Cached:            95016 kB
MemTotal:        1844596 kB
MemFree:         1597972 kB
MemAvailable:    1584380 kB
Buffers:           16684 kB
Cached:            95016 kB
MemTotal:        1844596 kB
MemFree:         1594856 kB
MemAvailable:    1581264 kB
Buffers:           16684 kB
Cached:            95016 kB
MemTotal:        1844596 kB
MemFree:         1594748 kB
MemAvailable:    1581156 kB
Buffers:           16684 kB
Cached:            95016 kB
MemTotal:        1844596 kB
MemFree:         1594856 kB
MemAvailable:    1581264 kB
Buffers:           16684 kB
Cached:            95016 kB
MemTotal:        1844596 kB
MemFree:         1595196 kB
MemAvailable:    1581604 kB
Buffers:           16684 kB
Cached:            95016 kB
MemTotal:        1844596 kB
MemFree:         1594968 kB
MemAvailable:    1581376 kB
Buffers:           16684 kB
Cached:            95016 kB
MemTotal:        1844596 kB
MemFree:         1594968 kB
MemAvailable:    1581376 kB
Buffers:           16684 kB
Cached:            95016 kB
MemTotal:        1844596 kB
MemFree:         1594968 kB
MemAvailable:    1581376 kB
Buffers:           16684 kB
Cached:            95016 kB
MemTotal:        1844596 kB
MemFree:         1594996 kB
MemAvailable:    1581404 kB
Buffers:           16684 kB
Cached:            95016 kB
MemTotal:        1844596 kB
MemFree:         1594800 kB
MemAvailable:    1581208 kB
Buffers:           16684 kB
Cached:            95016 kB
MemTotal:        1844596 kB
MemFree:         1594500 kB
MemAvailable:    1580908 kB
Buffers:           16684 kB
Cached:            95016 kB
MemTotal:        1844596 kB
MemFree:         1594596 kB
MemAvailable:    1581004 kB
Buffers:           16684 kB
Cached:            95016 kB
MemTotal:        1844596 kB
MemFree:         1594848 kB
MemAvailable:    1581256 kB
Buffers:           16684 kB
Cached:            95016 kB
MemTotal:        1844596 kB
MemFree:         1593604 kB
MemAvailable:    1580012 kB
Buffers:           16684 kB
Cached:            95016 kB
MemTotal:        1844596 kB
MemFree:         1594236 kB
MemAvailable:    1580644 kB
Buffers:           16684 kB
Cached:            95016 kB
MemTotal:        1844596 kB
MemFree:         1594004 kB
MemAvailable:    1580412 kB
Buffers:           16684 kB
Cached:            95016 kB
MemTotal:        1844596 kB
MemFree:         1593500 kB
MemAvailable:    1579908 kB
Buffers:           16684 kB
Cached:            95016 kB
MemTotal:        1844596 kB
MemFree:         1591772 kB
MemAvailable:    1578184 kB
Buffers:           16684 kB
Cached:            95020 kB
MemTotal:        1844596 kB
MemFree:         1591772 kB
MemAvailable:    1578184 kB
Buffers:           16684 kB
Cached:            95020 kB
MemTotal:        1844596 kB
MemFree:         1592756 kB
MemAvailable:    1579168 kB
Buffers:           16684 kB
Cached:            95020 kB
MemTotal:        1844596 kB
MemFree:         1592560 kB
MemAvailable:    1578972 kB
Buffers:           16684 kB
Cached:            95020 kB
MemTotal:        1844596 kB
MemFree:         1591524 kB
MemAvailable:    1577936 kB
Buffers:           16684 kB
Cached:            95020 kB
MemTotal:        1844596 kB
MemFree:         1592688 kB
MemAvailable:    1579100 kB
Buffers:           16684 kB
Cached:            95020 kB
MemTotal:        1844596 kB
MemFree:         1591772 kB
MemAvailable:    1578184 kB
Buffers:           16684 kB
Cached:            95020 kB
MemTotal:        1844596 kB
MemFree:         1592496 kB
MemAvailable:    1578908 kB
Buffers:           16684 kB
Cached:            95020 kB
MemTotal:        1844596 kB
MemFree:         1591636 kB
MemAvailable:    1578048 kB
Buffers:           16684 kB
Cached:            95020 kB
MemTotal:        1844596 kB
MemFree:         1592444 kB
MemAvailable:    1578856 kB
Buffers:           16684 kB
Cached:            95020 kB
MemTotal:        1844596 kB
MemFree:         1592444 kB
MemAvailable:    1578856 kB
Buffers:           16684 kB
Cached:            95020 kB
MemTotal:        1844596 kB
MemFree:         1591192 kB
MemAvailable:    1577604 kB
Buffers:           16684 kB
Cached:            95020 kB
MemTotal:        1844596 kB
MemFree:         1592492 kB
MemAvailable:    1578904 kB
Buffers:           16684 kB
Cached:            95020 kB
MemTotal:        1844596 kB
MemFree:         1592268 kB
MemAvailable:    1578680 kB
Buffers:           16684 kB
Cached:            95020 kB
MemTotal:        1844596 kB
MemFree:         1592396 kB
MemAvailable:    1578808 kB
Buffers:           16684 kB
Cached:            95020 kB
MemTotal:        1844596 kB
MemFree:         1590020 kB
MemAvailable:    1576432 kB
Buffers:           16684 kB
Cached:            95020 kB
MemTotal:        1844596 kB
MemFree:         1587804 kB
MemAvailable:    1574216 kB
Buffers:           16684 kB
Cached:            95020 kB
MemTotal:        1844596 kB
MemFree:         1587664 kB
MemAvailable:    1574076 kB
Buffers:           16684 kB
Cached:            95020 kB
MemTotal:        1844596 kB
MemFree:         1587300 kB
MemAvailable:    1573712 kB
Buffers:           16684 kB
Cached:            95020 kB
MemTotal:        1844596 kB
MemFree:         1587664 kB
MemAvailable:    1574076 kB
Buffers:           16684 kB
Cached:            95020 kB
MemTotal:        1844596 kB
MemFree:         1587732 kB
MemAvailable:    1574144 kB
Buffers:           16684 kB
Cached:            95020 kB
MemTotal:        1844596 kB
MemFree:         1587168 kB
MemAvailable:    1573580 kB
Buffers:           16684 kB
Cached:            95020 kB
MemTotal:        1844596 kB
MemFree:         1586636 kB
MemAvailable:    1573048 kB
Buffers:           16684 kB
Cached:            95020 kB
MemTotal:        1844596 kB
MemFree:         1587988 kB
MemAvailable:    1574400 kB
Buffers:           16684 kB
Cached:            95024 kB
MemTotal:        1844596 kB
MemFree:         1586812 kB
MemAvailable:    1573224 kB
Buffers:           16684 kB
Cached:            95024 kB
MemTotal:        1844596 kB
MemFree:         1587404 kB
MemAvailable:    1573816 kB
Buffers:           16684 kB
Cached:            95024 kB
MemTotal:        1844596 kB
MemFree:         1587604 kB
MemAvailable:    1574016 kB
Buffers:           16684 kB
Cached:            95024 kB
MemTotal:        1844596 kB
MemFree:         1587168 kB
MemAvailable:    1573580 kB
Buffers:           16684 kB
Cached:            95024 kB
MemTotal:        1844596 kB
MemFree:         1587168 kB
MemAvailable:    1573580 kB
Buffers:           16684 kB
Cached:            95024 kB
MemTotal:        1844596 kB
MemFree:         1586864 kB
MemAvailable:    1573276 kB
Buffers:           16684 kB
Cached:            95024 kB
MemTotal:        1844596 kB
MemFree:         1585680 kB
MemAvailable:    1572092 kB
Buffers:           16684 kB
Cached:            95024 kB
MemTotal:        1844596 kB
MemFree:         1585424 kB
MemAvailable:    1571836 kB
Buffers:           16684 kB
Cached:            95024 kB
MemTotal:        1844596 kB
MemFree:         1586724 kB
MemAvailable:    1573136 kB
Buffers:           16684 kB
Cached:            95024 kB
MemTotal:        1844596 kB
MemFree:         1586492 kB
MemAvailable:    1572904 kB
Buffers:           16684 kB
Cached:            95024 kB
MemTotal:        1844596 kB
MemFree:         1586744 kB
MemAvailable:    1573156 kB
Buffers:           16684 kB
Cached:            95024 kB
MemTotal:        1844596 kB
MemFree:         1586484 kB
MemAvailable:    1572896 kB
Buffers:           16684 kB
Cached:            95024 kB
MemTotal:        1844596 kB
MemFree:         1585184 kB
MemAvailable:    1571596 kB
Buffers:           16684 kB
Cached:            95024 kB
MemTotal:        1844596 kB
MemFree:         1586096 kB
MemAvailable:    1572508 kB
Buffers:           16684 kB
Cached:            95024 kB
MemTotal:        1844596 kB
MemFree:         1585200 kB
MemAvailable:    1571612 kB
Buffers:           16684 kB
Cached:            95024 kB
MemTotal:        1844596 kB
MemFree:         1586072 kB
MemAvailable:    1572484 kB
Buffers:           16684 kB
Cached:            95024 kB
MemTotal:        1844596 kB
MemFree:         1586192 kB
MemAvailable:    1572604 kB
Buffers:           16684 kB
Cached:            95024 kB
MemTotal:        1844596 kB
MemFree:         1584740 kB
MemAvailable:    1571152 kB
Buffers:           16684 kB
Cached:            95024 kB
MemTotal:        1844596 kB
MemFree:         1584804 kB
MemAvailable:    1571216 kB
Buffers:           16684 kB
Cached:            95024 kB
MemTotal:        1844596 kB
MemFree:         1584936 kB
MemAvailable:    1571348 kB
Buffers:           16684 kB
Cached:            95024 kB
MemTotal:        1844596 kB
MemFree:         1584928 kB
MemAvailable:    1571340 kB
Buffers:           16684 kB
Cached:            95024 kB
MemTotal:        1844596 kB
MemFree:         1586036 kB
MemAvailable:    1572448 kB
Buffers:           16684 kB
Cached:            95024 kB
MemTotal:        1844596 kB
MemFree:         1586036 kB
MemAvailable:    1572448 kB
Buffers:           16684 kB
Cached:            95024 kB
MemTotal:        1844596 kB
MemFree:         1585900 kB
MemAvailable:    1572312 kB
Buffers:           16684 kB
Cached:            95024 kB
MemTotal:        1844596 kB
MemFree:         1585984 kB
MemAvailable:    1572396 kB
Buffers:           16684 kB
Cached:            95024 kB
MemTotal:        1844596 kB
MemFree:         1585988 kB
MemAvailable:    1572400 kB
Buffers:           16684 kB
Cached:            95024 kB
MemTotal:        1844596 kB
MemFree:         1585448 kB
MemAvailable:    1571860 kB
Buffers:           16684 kB
Cached:            95024 kB
MemTotal:        1844596 kB
MemFree:         1584764 kB
MemAvailable:    1571176 kB
Buffers:           16684 kB
Cached:            95024 kB
MemTotal:        1844596 kB
MemFree:         1582816 kB
MemAvailable:    1569228 kB
Buffers:           16684 kB
Cached:            95024 kB
MemTotal:        1844596 kB
MemFree:         1579752 kB
MemAvailable:    1566164 kB
Buffers:           16684 kB
Cached:            95024 kB
MemTotal:        1844596 kB
MemFree:         1579976 kB
MemAvailable:    1566388 kB
Buffers:           16684 kB
Cached:            95024 kB
MemTotal:        1844596 kB
MemFree:         1579976 kB
MemAvailable:    1566388 kB
Buffers:           16684 kB
Cached:            95024 kB
MemTotal:        1844596 kB
MemFree:         1579716 kB
MemAvailable:    1566128 kB
Buffers:           16684 kB
Cached:            95024 kB
MemTotal:        1844596 kB
MemFree:         1579968 kB
MemAvailable:    1566380 kB
Buffers:           16684 kB
Cached:            95024 kB
MemTotal:        1844596 kB
MemFree:         1579556 kB
MemAvailable:    1565968 kB
Buffers:           16684 kB
Cached:            95024 kB
MemTotal:        1844596 kB
MemFree:         1578256 kB
MemAvailable:    1564668 kB
Buffers:           16684 kB
Cached:            95024 kB
MemTotal:        1844596 kB
MemFree:         1577820 kB
MemAvailable:    1564232 kB
Buffers:           16684 kB
Cached:            95024 kB
MemTotal:        1844596 kB
MemFree:         1579004 kB
MemAvailable:    1565416 kB
Buffers:           16684 kB
Cached:            95024 kB
MemTotal:        1844596 kB
MemFree:         1578716 kB
MemAvailable:    1565128 kB
Buffers:           16684 kB
Cached:            95024 kB
MemTotal:        1844596 kB
MemFree:         1578968 kB
MemAvailable:    1565380 kB
Buffers:           16684 kB
Cached:            95024 kB
MemTotal:        1844596 kB
MemFree:         1578556 kB
MemAvailable:    1564968 kB
Buffers:           16684 kB
Cached:            95024 kB
MemTotal:        1844596 kB
MemFree:         1578808 kB
MemAvailable:    1565220 kB
Buffers:           16684 kB
Cached:            95024 kB
MemTotal:        1844596 kB
MemFree:         1578316 kB
MemAvailable:    1564728 kB
Buffers:           16684 kB
Cached:            95024 kB
MemTotal:        1844596 kB
MemFree:         1577008 kB
MemAvailable:    1563420 kB
Buffers:           16684 kB
Cached:            95024 kB
MemTotal:        1844596 kB
MemFree:         1578132 kB
MemAvailable:    1564548 kB
Buffers:           16684 kB
Cached:            95028 kB
MemTotal:        1844596 kB
MemFree:         1577008 kB
MemAvailable:    1563424 kB
Buffers:           16684 kB
Cached:            95028 kB
MemTotal:        1844596 kB
MemFree:         1577620 kB
MemAvailable:    1564036 kB
Buffers:           16684 kB
Cached:            95028 kB
MemTotal:        1844596 kB
MemFree:         1577872 kB
MemAvailable:    1564288 kB
Buffers:           16684 kB
Cached:            95028 kB
MemTotal:        1844596 kB
MemFree:         1576396 kB
MemAvailable:    1562812 kB
Buffers:           16684 kB
Cached:            95028 kB
MemTotal:        1844596 kB
MemFree:         1576704 kB
MemAvailable:    1563120 kB
Buffers:           16684 kB
Cached:            95028 kB
MemTotal:        1844596 kB
MemFree:         1575404 kB
MemAvailable:    1561820 kB
Buffers:           16684 kB
Cached:            95028 kB
MemTotal:        1844596 kB
MemFree:         1576704 kB
MemAvailable:    1563120 kB
Buffers:           16684 kB
Cached:            95032 kB
MemTotal:        1844596 kB
MemFree:         1576704 kB
MemAvailable:    1563120 kB
Buffers:           16684 kB
Cached:            95032 kB
MemTotal:        1844596 kB
MemFree:         1576720 kB
MemAvailable:    1563136 kB
Buffers:           16684 kB
Cached:            95032 kB
MemTotal:        1844596 kB
MemFree:         1576388 kB
MemAvailable:    1562804 kB
Buffers:           16684 kB
Cached:            95032 kB
MemTotal:        1844596 kB
MemFree:         1576248 kB
MemAvailable:    1562664 kB
Buffers:           16684 kB
Cached:            95032 kB
MemTotal:        1844596 kB
MemFree:         1576248 kB
MemAvailable:    1562664 kB
Buffers:           16684 kB
Cached:            95032 kB
MemTotal:        1844596 kB
MemFree:         1576252 kB
MemAvailable:    1562668 kB
Buffers:           16684 kB
Cached:            95032 kB
MemTotal:        1844596 kB
MemFree:         1576504 kB
MemAvailable:    1562920 kB
Buffers:           16684 kB
Cached:            95032 kB
MemTotal:        1844596 kB
MemFree:         1576084 kB
MemAvailable:    1562500 kB
Buffers:           16684 kB
Cached:            95032 kB
MemTotal:        1844596 kB
MemFree:         1576336 kB
MemAvailable:    1562752 kB
Buffers:           16684 kB
Cached:            95032 kB
MemTotal:        1844596 kB
MemFree:         1576256 kB
MemAvailable:    1562672 kB
Buffers:           16684 kB
Cached:            95032 kB
MemTotal:        1844596 kB
MemFree:         1576340 kB
MemAvailable:    1562756 kB
Buffers:           16684 kB
Cached:            95032 kB
MemTotal:        1844596 kB
MemFree:         1576428 kB
MemAvailable:    1562844 kB
Buffers:           16684 kB
Cached:            95032 kB
MemTotal:        1844596 kB
MemFree:         1576072 kB
MemAvailable:    1562488 kB
Buffers:           16684 kB
Cached:            95032 kB
MemTotal:        1844596 kB
MemFree:         1576324 kB
MemAvailable:    1562740 kB
Buffers:           16684 kB
Cached:            95032 kB
MemTotal:        1844596 kB
MemFree:         1576092 kB
MemAvailable:    1562508 kB
Buffers:           16684 kB
Cached:            95032 kB
MemTotal:        1844596 kB
MemFree:         1575836 kB
MemAvailable:    1562252 kB
Buffers:           16684 kB
Cached:            95032 kB
MemTotal:        1844596 kB
MemFree:         1575768 kB
MemAvailable:    1562184 kB
Buffers:           16684 kB
Cached:            95032 kB
MemTotal:        1844596 kB
MemFree:         1575464 kB
MemAvailable:    1561884 kB
Buffers:           16684 kB
Cached:            95036 kB
MemTotal:        1844596 kB
MemFree:         1574040 kB
MemAvailable:    1560460 kB
Buffers:           16684 kB
Cached:            95036 kB
MemTotal:        1844596 kB
MemFree:         1575204 kB
MemAvailable:    1561624 kB
Buffers:           16684 kB
Cached:            95036 kB
MemTotal:        1844596 kB
MemFree:         1574880 kB
MemAvailable:    1561300 kB
Buffers:           16684 kB
Cached:            95036 kB
MemTotal:        1844596 kB
MemFree:         1574544 kB
MemAvailable:    1560964 kB
Buffers:           16684 kB
Cached:            95036 kB
MemTotal:        1844596 kB
MemFree:         1574388 kB
MemAvailable:    1560808 kB
Buffers:           16684 kB
Cached:            95036 kB
MemTotal:        1844596 kB
MemFree:         1574388 kB
MemAvailable:    1560808 kB
Buffers:           16684 kB
Cached:            95036 kB
MemTotal:        1844596 kB
MemFree:         1574268 kB
MemAvailable:    1560688 kB
Buffers:           16684 kB
Cached:            95036 kB
MemTotal:        1844596 kB
MemFree:         1574268 kB
MemAvailable:    1560688 kB
Buffers:           16684 kB
Cached:            95036 kB
MemTotal:        1844596 kB
MemFree:         1573776 kB
MemAvailable:    1560196 kB
Buffers:           16684 kB
Cached:            95036 kB
MemTotal:        1844596 kB
MemFree:         1574112 kB
MemAvailable:    1560532 kB
Buffers:           16684 kB
Cached:            95036 kB
MemTotal:        1844596 kB
MemFree:         1573644 kB
MemAvailable:    1560064 kB
Buffers:           16684 kB
Cached:            95036 kB
MemTotal:        1844596 kB
MemFree:         1573980 kB
MemAvailable:    1560400 kB
Buffers:           16684 kB
Cached:            95036 kB
MemTotal:        1844596 kB
MemFree:         1573512 kB
MemAvailable:    1559932 kB
Buffers:           16684 kB
Cached:            95036 kB
MemTotal:        1844596 kB
MemFree:         1573544 kB
MemAvailable:    1559964 kB
Buffers:           16684 kB
Cached:            95036 kB
MemTotal:        1844596 kB
MemFree:         1573516 kB
MemAvailable:    1559936 kB
Buffers:           16684 kB
Cached:            95036 kB
MemTotal:        1844596 kB
MemFree:         1573768 kB
MemAvailable:    1560188 kB
Buffers:           16684 kB
Cached:            95036 kB
MemTotal:        1844596 kB
MemFree:         1573816 kB
MemAvailable:    1560236 kB
Buffers:           16684 kB
Cached:            95036 kB
MemTotal:        1844596 kB
MemFree:         1573724 kB
MemAvailable:    1560144 kB
Buffers:           16684 kB
Cached:            95036 kB
MemTotal:        1844596 kB
MemFree:         1573356 kB
MemAvailable:    1559776 kB
Buffers:           16684 kB
Cached:            95036 kB
MemTotal:        1844596 kB
MemFree:         1572860 kB
MemAvailable:    1559280 kB
Buffers:           16684 kB
Cached:            95036 kB
MemTotal:        1844596 kB
MemFree:         1570940 kB
MemAvailable:    1557360 kB
Buffers:           16684 kB
Cached:            95036 kB
MemTotal:        1844596 kB
MemFree:         1568816 kB
MemAvailable:    1555236 kB
Buffers:           16684 kB
Cached:            95036 kB
MemTotal:        1844596 kB
MemFree:         1568780 kB
MemAvailable:    1555200 kB
Buffers:           16684 kB
Cached:            95036 kB
MemTotal:        1844596 kB
MemFree:         1565608 kB
MemAvailable:    1552028 kB
Buffers:           16684 kB
Cached:            95036 kB
MemTotal:        1844596 kB
MemFree:         1564552 kB
MemAvailable:    1550972 kB
Buffers:           16684 kB
Cached:            95036 kB
MemTotal:        1844596 kB
MemFree:         1563252 kB
MemAvailable:    1549672 kB
Buffers:           16684 kB
Cached:            95036 kB
MemTotal:        1844596 kB
MemFree:         1563988 kB
MemAvailable:    1550408 kB
Buffers:           16684 kB
Cached:            95040 kB
MemTotal:        1844596 kB
MemFree:         1562880 kB
MemAvailable:    1549300 kB
Buffers:           16684 kB
Cached:            95040 kB
MemTotal:        1844596 kB
MemFree:         1563428 kB
MemAvailable:    1549848 kB
Buffers:           16684 kB
Cached:            95040 kB
MemTotal:        1844596 kB
MemFree:         1563680 kB
MemAvailable:    1550100 kB
Buffers:           16684 kB
Cached:            95040 kB
MemTotal:        1844596 kB
MemFree:         1562604 kB
MemAvailable:    1549024 kB
Buffers:           16684 kB
Cached:            95040 kB
MemTotal:        1844596 kB
MemFree:         1563656 kB
MemAvailable:    1550076 kB
Buffers:           16684 kB
Cached:            95040 kB
MemTotal:        1844596 kB
MemFree:         1562632 kB
MemAvailable:    1549052 kB
Buffers:           16684 kB
Cached:            95040 kB
MemTotal:        1844596 kB
MemFree:         1562368 kB
MemAvailable:    1548788 kB
Buffers:           16684 kB
Cached:            95040 kB
MemTotal:        1844596 kB
MemFree:         1562496 kB
MemAvailable:    1548916 kB
Buffers:           16684 kB
Cached:            95040 kB
MemTotal:        1844596 kB
MemFree:         1561384 kB
MemAvailable:    1547804 kB
Buffers:           16684 kB
Cached:            95040 kB
MemTotal:        1844596 kB
MemFree:         1561020 kB
MemAvailable:    1547440 kB
Buffers:           16684 kB
Cached:            95040 kB
MemTotal:        1844596 kB
MemFree:         1562056 kB
MemAvailable:    1548476 kB
Buffers:           16684 kB
Cached:            95040 kB
MemTotal:        1844596 kB
MemFree:         1561932 kB
MemAvailable:    1548352 kB
Buffers:           16684 kB
Cached:            95040 kB
MemTotal:        1844596 kB
MemFree:         1560772 kB
MemAvailable:    1547192 kB
Buffers:           16684 kB
Cached:            95040 kB
MemTotal:        1844596 kB
MemFree:         1561568 kB
MemAvailable:    1547988 kB
Buffers:           16684 kB
Cached:            95040 kB
MemTotal:        1844596 kB
MemFree:         1561820 kB
MemAvailable:    1548240 kB
Buffers:           16684 kB
Cached:            95040 kB
MemTotal:        1844596 kB
MemFree:         1561888 kB
MemAvailable:    1548308 kB
Buffers:           16684 kB
Cached:            95040 kB
MemTotal:        1844596 kB
MemFree:         1561020 kB
MemAvailable:    1547440 kB
Buffers:           16684 kB
Cached:            95040 kB
MemTotal:        1844596 kB
MemFree:         1562196 kB
MemAvailable:    1548616 kB
Buffers:           16684 kB
Cached:            95040 kB
MemTotal:        1844596 kB
MemFree:         1561864 kB
MemAvailable:    1548284 kB
Buffers:           16684 kB
Cached:            95040 kB
MemTotal:        1844596 kB
MemFree:         1561516 kB
MemAvailable:    1547936 kB
Buffers:           16684 kB
Cached:            95040 kB
MemTotal:        1844596 kB
MemFree:         1561936 kB
MemAvailable:    1548356 kB
Buffers:           16684 kB
Cached:            95040 kB
MemTotal:        1844596 kB
MemFree:         1561828 kB
MemAvailable:    1548248 kB
Buffers:           16684 kB
Cached:            95040 kB
MemTotal:        1844596 kB
MemFree:         1560748 kB
MemAvailable:    1547168 kB
Buffers:           16684 kB
Cached:            95040 kB
MemTotal:        1844596 kB
MemFree:         1561692 kB
MemAvailable:    1548112 kB
Buffers:           16684 kB
Cached:            95040 kB
MemTotal:        1844596 kB
MemFree:         1561648 kB
MemAvailable:    1548068 kB
Buffers:           16684 kB
Cached:            95040 kB
MemTotal:        1844596 kB
MemFree:         1561576 kB
MemAvailable:    1547996 kB
Buffers:           16684 kB
Cached:            95040 kB
MemTotal:        1844596 kB
MemFree:         1561828 kB
MemAvailable:    1548248 kB
Buffers:           16684 kB
Cached:            95040 kB
MemTotal:        1844596 kB
MemFree:         1561752 kB
MemAvailable:    1548172 kB
Buffers:           16684 kB
Cached:            95040 kB
MemTotal:        1844596 kB
MemFree:         1561328 kB
MemAvailable:    1547748 kB
Buffers:           16684 kB
Cached:            95040 kB
MemTotal:        1844596 kB
MemFree:         1560400 kB
MemAvailable:    1546820 kB
Buffers:           16684 kB
Cached:            95040 kB
MemTotal:        1844596 kB
MemFree:         1557780 kB
MemAvailable:    1544200 kB
Buffers:           16684 kB
Cached:            95040 kB
MemTotal:        1844596 kB
MemFree:         1557784 kB
MemAvailable:    1544204 kB
Buffers:           16684 kB
Cached:            95040 kB
MemTotal:        1844596 kB
MemFree:         1554384 kB
MemAvailable:    1540804 kB
Buffers:           16684 kB
Cached:            95040 kB
MemTotal:        1844596 kB
MemFree:         1552092 kB
MemAvailable:    1538512 kB
Buffers:           16684 kB
Cached:            95040 kB
MemTotal:        1844596 kB
MemFree:         1550216 kB
MemAvailable:    1536636 kB
Buffers:           16684 kB
Cached:            95040 kB
MemTotal:        1844596 kB
MemFree:         1549488 kB
MemAvailable:    1535908 kB
Buffers:           16684 kB
Cached:            95040 kB
MemTotal:        1844596 kB
MemFree:         1549920 kB
MemAvailable:    1536344 kB
Buffers:           16684 kB
Cached:            95044 kB
MemTotal:        1844596 kB
MemFree:         1549788 kB
MemAvailable:    1536212 kB
Buffers:           16684 kB
Cached:            95044 kB
MemTotal:        1844596 kB
MemFree:         1548604 kB
MemAvailable:    1535028 kB
Buffers:           16684 kB
Cached:            95044 kB
MemTotal:        1844596 kB
MemFree:         1549840 kB
MemAvailable:    1536264 kB
Buffers:           16684 kB
Cached:            95044 kB
MemTotal:        1844596 kB
MemFree:         1549540 kB
MemAvailable:    1535964 kB
Buffers:           16684 kB
Cached:            95044 kB
MemTotal:        1844596 kB
MemFree:         1549792 kB
MemAvailable:    1536216 kB
Buffers:           16684 kB
Cached:            95044 kB
MemTotal:        1844596 kB
MemFree:         1549676 kB
MemAvailable:    1536100 kB
Buffers:           16684 kB
Cached:            95044 kB
MemTotal:        1844596 kB
MemFree:         1548992 kB
MemAvailable:    1535416 kB
Buffers:           16684 kB
Cached:            95044 kB
MemTotal:        1844596 kB
MemFree:         1549784 kB
MemAvailable:    1536208 kB
Buffers:           16684 kB
Cached:            95044 kB
MemTotal:        1844596 kB
MemFree:         1549652 kB
MemAvailable:    1536076 kB
Buffers:           16684 kB
Cached:            95044 kB
MemTotal:        1844596 kB
MemFree:         1549348 kB
MemAvailable:    1535772 kB
Buffers:           16684 kB
Cached:            95044 kB
MemTotal:        1844596 kB
MemFree:         1549348 kB
MemAvailable:    1535772 kB
Buffers:           16684 kB
Cached:            95044 kB
MemTotal:        1844596 kB
MemFree:         1549288 kB
MemAvailable:    1535712 kB
Buffers:           16684 kB
Cached:            95044 kB
MemTotal:        1844596 kB
MemFree:         1547980 kB
MemAvailable:    1534404 kB
Buffers:           16684 kB
Cached:            95044 kB
MemTotal:        1844596 kB
MemFree:         1549240 kB
MemAvailable:    1535664 kB
Buffers:           16684 kB
Cached:            95044 kB
MemTotal:        1844596 kB
MemFree:         1548744 kB
MemAvailable:    1535168 kB
Buffers:           16684 kB
Cached:            95044 kB
MemTotal:        1844596 kB
MemFree:         1548964 kB
MemAvailable:    1535388 kB
Buffers:           16684 kB
Cached:            95044 kB
MemTotal:        1844596 kB
MemFree:         1549132 kB
MemAvailable:    1535556 kB
Buffers:           16684 kB
Cached:            95044 kB
MemTotal:        1844596 kB
MemFree:         1549096 kB
MemAvailable:    1535520 kB
Buffers:           16684 kB
Cached:            95044 kB
MemTotal:        1844596 kB
MemFree:         1549096 kB
MemAvailable:    1535520 kB
Buffers:           16684 kB
Cached:            95044 kB
MemTotal:        1844596 kB
MemFree:         1549152 kB
MemAvailable:    1535576 kB
Buffers:           16684 kB
Cached:            95044 kB
MemTotal:        1844596 kB
MemFree:         1549384 kB
MemAvailable:    1535808 kB
Buffers:           16684 kB
Cached:            95044 kB
MemTotal:        1844596 kB
MemFree:         1549176 kB
MemAvailable:    1535600 kB
Buffers:           16684 kB
Cached:            95044 kB
MemTotal:        1844596 kB
MemFree:         1548372 kB
MemAvailable:    1534796 kB
Buffers:           16684 kB
Cached:            95044 kB
MemTotal:        1844596 kB
MemFree:         1548964 kB
MemAvailable:    1535388 kB
Buffers:           16684 kB
Cached:            95044 kB
MemTotal:        1844596 kB
MemFree:         1549188 kB
MemAvailable:    1535612 kB
Buffers:           16684 kB
Cached:            95044 kB
MemTotal:        1844596 kB
MemFree:         1547992 kB
MemAvailable:    1534416 kB
Buffers:           16684 kB
Cached:            95044 kB
MemTotal:        1844596 kB
MemFree:         1548076 kB
MemAvailable:    1534500 kB
Buffers:           16684 kB
Cached:            95044 kB
MemTotal:        1844596 kB
MemFree:         1549276 kB
MemAvailable:    1535700 kB
Buffers:           16684 kB
Cached:            95044 kB
MemTotal:        1844596 kB
MemFree:         1548496 kB
MemAvailable:    1534920 kB
Buffers:           16684 kB
Cached:            95044 kB
MemTotal:        1844596 kB
MemFree:         1549548 kB
MemAvailable:    1535972 kB
Buffers:           16684 kB
Cached:            95048 kB
MemTotal:        1844596 kB
MemFree:         1548248 kB
MemAvailable:    1534672 kB
Buffers:           16684 kB
Cached:            95048 kB
MemTotal:        1844596 kB
MemFree:         1549164 kB
MemAvailable:    1535588 kB
Buffers:           16684 kB
Cached:            95048 kB
MemTotal:        1844596 kB
MemFree:         1549176 kB
MemAvailable:    1535600 kB
Buffers:           16684 kB
Cached:            95048 kB
MemTotal:        1844596 kB
MemFree:         1548744 kB
MemAvailable:    1535168 kB
Buffers:           16684 kB
Cached:            95048 kB
MemTotal:        1844596 kB
MemFree:         1548964 kB
MemAvailable:    1535388 kB
Buffers:           16684 kB
Cached:            95048 kB
MemTotal:        1844596 kB
MemFree:         1548964 kB
MemAvailable:    1535388 kB
Buffers:           16684 kB
Cached:            95048 kB
MemTotal:        1844596 kB
MemFree:         1549288 kB
MemAvailable:    1535712 kB
Buffers:           16684 kB
Cached:            95048 kB
MemTotal:        1844596 kB
MemFree:         1547752 kB
MemAvailable:    1534176 kB
Buffers:           16684 kB
Cached:            95048 kB
MemTotal:        1844596 kB
MemFree:         1546140 kB
MemAvailable:    1532564 kB
Buffers:           16684 kB
Cached:            95048 kB
MemTotal:        1844596 kB
MemFree:         1542280 kB
MemAvailable:    1528704 kB
Buffers:           16684 kB
Cached:            95048 kB
MemTotal:        1844596 kB
MemFree:         1542280 kB
MemAvailable:    1528704 kB
Buffers:           16684 kB
Cached:            95048 kB
MemTotal:        1844596 kB
MemFree:         1537948 kB
MemAvailable:    1524372 kB
Buffers:           16684 kB
Cached:            95048 kB
MemTotal:        1844596 kB
MemFree:         1537824 kB
MemAvailable:    1524248 kB
Buffers:           16684 kB
Cached:            95048 kB
MemTotal:        1844596 kB
MemFree:         1539000 kB
MemAvailable:    1525424 kB
Buffers:           16684 kB
Cached:            95048 kB
MemTotal:        1844596 kB
MemFree:         1537700 kB
MemAvailable:    1524124 kB
Buffers:           16684 kB
Cached:            95048 kB
MemTotal:        1844596 kB
MemFree:         1539008 kB
MemAvailable:    1525432 kB
Buffers:           16684 kB
Cached:            95048 kB
MemTotal:        1844596 kB
MemFree:         1537700 kB
MemAvailable:    1524124 kB
Buffers:           16684 kB
Cached:            95048 kB
MemTotal:        1844596 kB
MemFree:         1538652 kB
MemAvailable:    1525076 kB
Buffers:           16684 kB
Cached:            95048 kB
MemTotal:        1844596 kB
MemFree:         1538088 kB
MemAvailable:    1524512 kB
Buffers:           16684 kB
Cached:            95048 kB
MemTotal:        1844596 kB
MemFree:         1538512 kB
MemAvailable:    1524936 kB
Buffers:           16684 kB
Cached:            95048 kB
MemTotal:        1844596 kB
MemFree:         1538328 kB
MemAvailable:    1524752 kB
Buffers:           16684 kB
Cached:            95048 kB
MemTotal:        1844596 kB
MemFree:         1538872 kB
MemAvailable:    1525296 kB
Buffers:           16684 kB
Cached:            95048 kB
MemTotal:        1844596 kB
MemFree:         1538560 kB
MemAvailable:    1524984 kB
Buffers:           16684 kB
Cached:            95048 kB
MemTotal:        1844596 kB
MemFree:         1538812 kB
MemAvailable:    1525236 kB
Buffers:           16684 kB
Cached:            95048 kB
MemTotal:        1844596 kB
MemFree:         1537708 kB
MemAvailable:    1524132 kB
Buffers:           16684 kB
Cached:            95048 kB
MemTotal:        1844596 kB
MemFree:         1537784 kB
MemAvailable:    1524208 kB
Buffers:           16684 kB
Cached:            95048 kB
MemTotal:        1844596 kB
MemFree:         1538644 kB
MemAvailable:    1525068 kB
Buffers:           16684 kB
Cached:            95048 kB
MemTotal:        1844596 kB
MemFree:         1538896 kB
MemAvailable:    1525320 kB
Buffers:           16684 kB
Cached:            95048 kB
MemTotal:        1844596 kB
MemFree:         1538760 kB
MemAvailable:    1525184 kB
Buffers:           16684 kB
Cached:            95048 kB
MemTotal:        1844596 kB
MemFree:         1538768 kB
MemAvailable:    1525192 kB
Buffers:           16684 kB
Cached:            95048 kB
MemTotal:        1844596 kB
MemFree:         1537560 kB
MemAvailable:    1523984 kB
Buffers:           16684 kB
Cached:            95048 kB
MemTotal:        1844596 kB
MemFree:         1536908 kB
MemAvailable:    1523332 kB
Buffers:           16684 kB
Cached:            95048 kB
MemTotal:        1844596 kB
MemFree:         1536824 kB
MemAvailable:    1523248 kB
Buffers:           16684 kB
Cached:            95048 kB
MemTotal:        1844596 kB
MemFree:         1536824 kB
MemAvailable:    1523248 kB
Buffers:           16684 kB
Cached:            95048 kB
MemTotal:        1844596 kB
MemFree:         1536396 kB
MemAvailable:    1522820 kB
Buffers:           16684 kB
Cached:            95048 kB
MemTotal:        1844596 kB
MemFree:         1536648 kB
MemAvailable:    1523072 kB
Buffers:           16684 kB
Cached:            95048 kB
MemTotal:        1844596 kB
MemFree:         1536632 kB
MemAvailable:    1523056 kB
Buffers:           16684 kB
Cached:            95048 kB
MemTotal:        1844596 kB
MemFree:         1535724 kB
MemAvailable:    1522148 kB
Buffers:           16684 kB
Cached:            95048 kB
MemTotal:        1844596 kB
MemFree:         1536700 kB
MemAvailable:    1523124 kB
Buffers:           16684 kB
Cached:            95048 kB
MemTotal:        1844596 kB
MemFree:         1536784 kB
MemAvailable:    1523208 kB
Buffers:           16684 kB
Cached:            95048 kB
MemTotal:        1844596 kB
MemFree:         1535336 kB
MemAvailable:    1521760 kB
Buffers:           16684 kB
Cached:            95048 kB
MemTotal:        1844596 kB
MemFree:         1536512 kB
MemAvailable:    1522936 kB
Buffers:           16684 kB
Cached:            95048 kB
MemTotal:        1844596 kB
MemFree:         1536312 kB
MemAvailable:    1522736 kB
Buffers:           16684 kB
Cached:            95048 kB
MemTotal:        1844596 kB
MemFree:         1536564 kB
MemAvailable:    1522988 kB
Buffers:           16684 kB
Cached:            95048 kB
MemTotal:        1844596 kB
MemFree:         1536640 kB
MemAvailable:    1523064 kB
Buffers:           16684 kB
Cached:            95048 kB
MemTotal:        1844596 kB
MemFree:         1535332 kB
MemAvailable:    1521756 kB
Buffers:           16684 kB
Cached:            95048 kB
MemTotal:        1844596 kB
MemFree:         1536408 kB
MemAvailable:    1522832 kB
Buffers:           16684 kB
Cached:            95048 kB
MemTotal:        1844596 kB
MemFree:         1536528 kB
MemAvailable:    1522952 kB
Buffers:           16684 kB
Cached:            95048 kB
MemTotal:        1844596 kB
MemFree:         1535724 kB
MemAvailable:    1522148 kB
Buffers:           16684 kB
Cached:            95048 kB
MemTotal:        1844596 kB
MemFree:         1536840 kB
MemAvailable:    1523268 kB
Buffers:           16684 kB
Cached:            95052 kB
MemTotal:        1844596 kB
MemFree:         1536260 kB
MemAvailable:    1522688 kB
Buffers:           16684 kB
Cached:            95056 kB
MemTotal:        1844596 kB
MemFree:         1536480 kB
MemAvailable:    1522908 kB
Buffers:           16684 kB
Cached:            95056 kB
MemTotal:        1844596 kB
MemFree:         1536732 kB
MemAvailable:    1523160 kB
Buffers:           16684 kB
Cached:            95056 kB
MemTotal:        1844596 kB
MemFree:         1536632 kB
MemAvailable:    1523060 kB
Buffers:           16684 kB
Cached:            95056 kB
MemTotal:        1844596 kB
MemFree:         1536376 kB
MemAvailable:    1522804 kB
Buffers:           16684 kB
Cached:            95056 kB
MemTotal:        1844596 kB
MemFree:         1536500 kB
MemAvailable:    1522928 kB
Buffers:           16684 kB
Cached:            95056 kB
MemTotal:        1844596 kB
MemFree:         1536376 kB
MemAvailable:    1522804 kB
Buffers:           16684 kB
Cached:            95056 kB
MemTotal:        1844596 kB
MemFree:         1535324 kB
MemAvailable:    1521752 kB
Buffers:           16684 kB
Cached:            95056 kB
MemTotal:        1844596 kB
MemFree:         1536368 kB
MemAvailable:    1522796 kB
Buffers:           16684 kB
Cached:            95056 kB
MemTotal:        1844596 kB
MemFree:         1536620 kB
MemAvailable:    1523048 kB
Buffers:           16684 kB
Cached:            95056 kB
MemTotal:        1844596 kB
MemFree:         1536680 kB
MemAvailable:    1523108 kB
Buffers:           16684 kB
Cached:            95056 kB
MemTotal:        1844596 kB
MemFree:         1535496 kB
MemAvailable:    1521924 kB
Buffers:           16684 kB
Cached:            95056 kB
MemTotal:        1844596 kB
MemFree:         1535324 kB
MemAvailable:    1521752 kB
Buffers:           16684 kB
Cached:            95056 kB
MemTotal:        1844596 kB
MemFree:         1536536 kB
MemAvailable:    1522964 kB
Buffers:           16684 kB
Cached:            95056 kB
MemTotal:        1844596 kB
MemFree:         1536496 kB
MemAvailable:    1522924 kB
Buffers:           16684 kB
Cached:            95056 kB
MemTotal:        1844596 kB
MemFree:         1533532 kB
MemAvailable:    1519960 kB
Buffers:           16684 kB
Cached:            95056 kB
MemTotal:        1844596 kB
MemFree:         1529548 kB
MemAvailable:    1515976 kB
Buffers:           16684 kB
Cached:            95056 kB
MemTotal:        1844596 kB
MemFree:         1529428 kB
MemAvailable:    1515856 kB
Buffers:           16684 kB
Cached:            95056 kB
MemTotal:        1844596 kB
MemFree:         1526152 kB
MemAvailable:    1512580 kB
Buffers:           16684 kB
Cached:            95056 kB
MemTotal:        1844596 kB
MemFree:         1524044 kB
MemAvailable:    1510472 kB
Buffers:           16684 kB
Cached:            95056 kB
MemTotal:        1844596 kB
MemFree:         1524168 kB
MemAvailable:    1510596 kB
Buffers:           16684 kB
Cached:            95056 kB
MemTotal:        1844596 kB
MemFree:         1522860 kB
MemAvailable:    1509288 kB
Buffers:           16684 kB
Cached:            95056 kB
MemTotal:        1844596 kB
MemFree:         1523720 kB
MemAvailable:    1510148 kB
Buffers:           16684 kB
Cached:            95056 kB
MemTotal:        1844596 kB
MemFree:         1523720 kB
MemAvailable:    1510148 kB
Buffers:           16684 kB
Cached:            95056 kB
MemTotal:        1844596 kB
MemFree:         1523472 kB
MemAvailable:    1509900 kB
Buffers:           16684 kB
Cached:            95056 kB
MemTotal:        1844596 kB
MemFree:         1523324 kB
MemAvailable:    1509752 kB
Buffers:           16684 kB
Cached:            95056 kB
MemTotal:        1844596 kB
MemFree:         1522812 kB
MemAvailable:    1509240 kB
Buffers:           16684 kB
Cached:            95056 kB
MemTotal:        1844596 kB
MemFree:         1523156 kB
MemAvailable:    1509584 kB
Buffers:           16684 kB
Cached:            95056 kB
MemTotal:        1844596 kB
MemFree:         1523408 kB
MemAvailable:    1509836 kB
Buffers:           16692 kB
Cached:            95048 kB
MemTotal:        1844596 kB
MemFree:         1523044 kB
MemAvailable:    1509472 kB
Buffers:           16696 kB
Cached:            95044 kB
MemTotal:        1844596 kB
MemFree:         1522496 kB
MemAvailable:    1508924 kB
Buffers:           16696 kB
Cached:            95044 kB
MemTotal:        1844596 kB
MemFree:         1523088 kB
MemAvailable:    1509516 kB
Buffers:           16696 kB
Cached:            95044 kB
MemTotal:        1844596 kB
MemFree:         1523340 kB
MemAvailable:    1509768 kB
Buffers:           16696 kB
Cached:            95044 kB
MemTotal:        1844596 kB
MemFree:         1523228 kB
MemAvailable:    1509656 kB
Buffers:           16696 kB
Cached:            95044 kB
MemTotal:        1844596 kB
MemFree:         1523040 kB
MemAvailable:    1509468 kB
Buffers:           16696 kB
Cached:            95044 kB
MemTotal:        1844596 kB
MemFree:         1523040 kB
MemAvailable:    1509468 kB
Buffers:           16696 kB
Cached:            95044 kB
MemTotal:        1844596 kB
MemFree:         1523212 kB
MemAvailable:    1509640 kB
Buffers:           16696 kB
Cached:            95044 kB
MemTotal:        1844596 kB
MemFree:         1523296 kB
MemAvailable:    1509724 kB
Buffers:           16696 kB
Cached:            95044 kB
MemTotal:        1844596 kB
MemFree:         1523052 kB
MemAvailable:    1509480 kB
Buffers:           16696 kB
Cached:            95044 kB
MemTotal:        1844596 kB
MemFree:         1523052 kB
MemAvailable:    1509480 kB
Buffers:           16696 kB
Cached:            95044 kB
MemTotal:        1844596 kB
MemFree:         1523252 kB
MemAvailable:    1509680 kB
Buffers:           16696 kB
Cached:            95044 kB
MemTotal:        1844596 kB
MemFree:         1522072 kB
MemAvailable:    1508500 kB
Buffers:           16696 kB
Cached:            95044 kB
MemTotal:        1844596 kB
MemFree:         1522196 kB
MemAvailable:    1508624 kB
Buffers:           16696 kB
Cached:            95044 kB
MemTotal:        1844596 kB
MemFree:         1523248 kB
MemAvailable:    1509676 kB
Buffers:           16696 kB
Cached:            95044 kB
MemTotal:        1844596 kB
MemFree:         1522496 kB
MemAvailable:    1508924 kB
Buffers:           16696 kB
Cached:            95044 kB
MemTotal:        1844596 kB
MemFree:         1523672 kB
MemAvailable:    1510108 kB
Buffers:           16696 kB
Cached:            95056 kB
MemTotal:        1844596 kB
MemFree:         1523348 kB
MemAvailable:    1509784 kB
Buffers:           16696 kB
Cached:            95056 kB
MemTotal:        1844596 kB
MemFree:         1523348 kB
MemAvailable:    1509784 kB
Buffers:           16696 kB
Cached:            95056 kB
MemTotal:        1844596 kB
MemFree:         1523252 kB
MemAvailable:    1509688 kB
Buffers:           16696 kB
Cached:            95056 kB
MemTotal:        1844596 kB
MemFree:         1523248 kB
MemAvailable:    1509684 kB
Buffers:           16696 kB
Cached:            95056 kB
MemTotal:        1844596 kB
MemFree:         1522372 kB
MemAvailable:    1508808 kB
Buffers:           16696 kB
Cached:            95056 kB
MemTotal:        1844596 kB
MemFree:         1523248 kB
MemAvailable:    1509684 kB
Buffers:           16696 kB
Cached:            95056 kB
MemTotal:        1844596 kB
MemFree:         1522064 kB
MemAvailable:    1508500 kB
Buffers:           16696 kB
Cached:            95056 kB
MemTotal:        1844596 kB
MemFree:         1522852 kB
MemAvailable:    1509288 kB
Buffers:           16696 kB
Cached:            95056 kB
MemTotal:        1844596 kB
MemFree:         1522852 kB
MemAvailable:    1509288 kB
Buffers:           16696 kB
Cached:            95056 kB
MemTotal:        1844596 kB
MemFree:         1522216 kB
MemAvailable:    1508652 kB
Buffers:           16696 kB
Cached:            95056 kB
MemTotal:        1844596 kB
MemFree:         1522468 kB
MemAvailable:    1508904 kB
Buffers:           16696 kB
Cached:            95056 kB
MemTotal:        1844596 kB
MemFree:         1521232 kB
MemAvailable:    1507668 kB
Buffers:           16696 kB
Cached:            95056 kB
MemTotal:        1844596 kB
MemFree:         1521100 kB
MemAvailable:    1507536 kB
Buffers:           16696 kB
Cached:            95056 kB
MemTotal:        1844596 kB
MemFree:         1520976 kB
MemAvailable:    1507412 kB
Buffers:           16696 kB
Cached:            95056 kB
MemTotal:        1844596 kB
MemFree:         1522276 kB
MemAvailable:    1508712 kB
Buffers:           16696 kB
Cached:            95056 kB
MemTotal:        1844596 kB
MemFree:         1521132 kB
MemAvailable:    1507568 kB
Buffers:           16696 kB
Cached:            95056 kB
MemTotal:        1844596 kB
MemFree:         1522056 kB
MemAvailable:    1508492 kB
Buffers:           16696 kB
Cached:            95056 kB
MemTotal:        1844596 kB
MemFree:         1522056 kB
MemAvailable:    1508492 kB
Buffers:           16696 kB
Cached:            95056 kB
MemTotal:        1844596 kB
MemFree:         1518092 kB
MemAvailable:    1504528 kB
Buffers:           16696 kB
Cached:            95056 kB
MemTotal:        1844596 kB
MemFree:         1514312 kB
MemAvailable:    1500748 kB
Buffers:           16696 kB
Cached:            95056 kB
MemTotal:        1844596 kB
MemFree:         1516604 kB
MemAvailable:    1503044 kB
Buffers:           16696 kB
Cached:            95064 kB
MemTotal:        1844596 kB
MemFree:         1513072 kB
MemAvailable:    1499512 kB
Buffers:           16696 kB
Cached:            95064 kB
MemTotal:        1844596 kB
MemFree:         1513416 kB
MemAvailable:    1499856 kB
Buffers:           16696 kB
Cached:            95064 kB
MemTotal:        1844596 kB
MemFree:         1513752 kB
MemAvailable:    1500192 kB
Buffers:           16696 kB
Cached:            95064 kB
MemTotal:        1844596 kB
MemFree:         1510336 kB
MemAvailable:    1496776 kB
Buffers:           16696 kB
Cached:            95064 kB
MemTotal:        1844596 kB
MemFree:         1510956 kB
MemAvailable:    1497396 kB
Buffers:           16696 kB
Cached:            95064 kB
MemTotal:        1844596 kB
MemFree:         1508856 kB
MemAvailable:    1495296 kB
Buffers:           16696 kB
Cached:            95064 kB
MemTotal:        1844596 kB
MemFree:         1512180 kB
MemAvailable:    1498620 kB
Buffers:           16696 kB
Cached:            95064 kB
MemTotal:        1844596 kB
MemFree:         1511088 kB
MemAvailable:    1497528 kB
Buffers:           16696 kB
Cached:            95064 kB
MemTotal:        1844596 kB
MemFree:         1508732 kB
MemAvailable:    1495172 kB
Buffers:           16696 kB
Cached:            95064 kB
MemTotal:        1844596 kB
MemFree:         1512312 kB
MemAvailable:    1498752 kB
Buffers:           16696 kB
Cached:            95064 kB
MemTotal:        1844596 kB
MemFree:         1511212 kB
MemAvailable:    1497652 kB
Buffers:           16696 kB
Cached:            95064 kB
MemTotal:        1844596 kB
MemFree:         1513248 kB
MemAvailable:    1499688 kB
Buffers:           16696 kB
Cached:            95064 kB
MemTotal:        1844596 kB
MemFree:         1513204 kB
MemAvailable:    1499644 kB
Buffers:           16696 kB
Cached:            95064 kB
MemTotal:        1844596 kB
MemFree:         1511396 kB
MemAvailable:    1497836 kB
Buffers:           16696 kB
Cached:            95064 kB
MemTotal:        1844596 kB
MemFree:         1509600 kB
MemAvailable:    1496040 kB
Buffers:           16696 kB
Cached:            95064 kB
MemTotal:        1844596 kB
MemFree:         1512296 kB
MemAvailable:    1498736 kB
Buffers:           16696 kB
Cached:            95064 kB
MemTotal:        1844596 kB
MemFree:         1511088 kB
MemAvailable:    1497528 kB
Buffers:           16696 kB
Cached:            95064 kB
MemTotal:        1844596 kB
MemFree:         1509652 kB
MemAvailable:    1496092 kB
Buffers:           16696 kB
Cached:            95064 kB
MemTotal:        1844596 kB
MemFree:         1512568 kB
MemAvailable:    1499008 kB
Buffers:           16696 kB
Cached:            95064 kB
MemTotal:        1844596 kB
MemFree:         1511768 kB
MemAvailable:    1498208 kB
Buffers:           16696 kB
Cached:            95064 kB
MemTotal:        1844596 kB
MemFree:         1509104 kB
MemAvailable:    1495544 kB
Buffers:           16696 kB
Cached:            95064 kB
MemTotal:        1844596 kB
MemFree:         1516156 kB
MemAvailable:    1502596 kB
Buffers:           16696 kB
Cached:            95064 kB
MemTotal:        1844596 kB
MemFree:         1516496 kB
MemAvailable:    1502936 kB
Buffers:           16696 kB
Cached:            95064 kB
MemTotal:        1844596 kB
MemFree:         1512064 kB
MemAvailable:    1498504 kB
Buffers:           16696 kB
Cached:            95064 kB
MemTotal:        1844596 kB
MemFree:         1511460 kB
MemAvailable:    1497900 kB
Buffers:           16696 kB
Cached:            95064 kB
MemTotal:        1844596 kB
MemFree:         1509784 kB
MemAvailable:    1496224 kB
Buffers:           16696 kB
Cached:            95064 kB
MemTotal:        1844596 kB
MemFree:         1515720 kB
MemAvailable:    1502160 kB
Buffers:           16696 kB
Cached:            95064 kB
MemTotal:        1844596 kB
MemFree:         1511940 kB
MemAvailable:    1498380 kB
Buffers:           16696 kB
Cached:            95064 kB
MemTotal:        1844596 kB
MemFree:         1511708 kB
MemAvailable:    1498148 kB
Buffers:           16696 kB
Cached:            95064 kB
MemTotal:        1844596 kB
MemFree:         1516136 kB
MemAvailable:    1502576 kB
Buffers:           16696 kB
Cached:            95064 kB
MemTotal:        1844596 kB
MemFree:         1516388 kB
MemAvailable:    1502828 kB
Buffers:           16696 kB
Cached:            95064 kB
MemTotal:        1844596 kB
MemFree:         1511700 kB
MemAvailable:    1498140 kB
Buffers:           16696 kB
Cached:            95064 kB
MemTotal:        1844596 kB
MemFree:         1509476 kB
MemAvailable:    1495916 kB
Buffers:           16696 kB
Cached:            95064 kB
MemTotal:        1844596 kB
MemFree:         1516248 kB
MemAvailable:    1502688 kB
Buffers:           16696 kB
Cached:            95064 kB
MemTotal:        1844596 kB
MemFree:         1516344 kB
MemAvailable:    1502784 kB
Buffers:           16696 kB
Cached:            95064 kB
MemTotal:        1844596 kB
MemFree:         1516228 kB
MemAvailable:    1502668 kB
Buffers:           16696 kB
Cached:            95064 kB
MemTotal:        1844596 kB
MemFree:         1515048 kB
MemAvailable:    1501488 kB
Buffers:           16696 kB
Cached:            95064 kB
MemTotal:        1844596 kB
MemFree:         1512576 kB
MemAvailable:    1499016 kB
Buffers:           16696 kB
Cached:            95064 kB
MemTotal:        1844596 kB
MemFree:         1513488 kB
MemAvailable:    1499928 kB
Buffers:           16696 kB
Cached:            95064 kB
MemTotal:        1844596 kB
MemFree:         1512204 kB
MemAvailable:    1498644 kB
Buffers:           16696 kB
Cached:            95064 kB
MemTotal:        1844596 kB
MemFree:         1513244 kB
MemAvailable:    1499684 kB
Buffers:           16696 kB
Cached:            95064 kB
MemTotal:        1844596 kB
MemFree:         1512788 kB
MemAvailable:    1499228 kB
Buffers:           16696 kB
Cached:            95064 kB
MemTotal:        1844596 kB
MemFree:         1512872 kB
MemAvailable:    1499312 kB
Buffers:           16696 kB
Cached:            95064 kB
MemTotal:        1844596 kB
MemFree:         1512936 kB
MemAvailable:    1499376 kB
Buffers:           16696 kB
Cached:            95064 kB
MemTotal:        1844596 kB
MemFree:         1512756 kB
MemAvailable:    1499196 kB
Buffers:           16696 kB
Cached:            95064 kB
MemTotal:        1844596 kB
MemFree:         1512756 kB
MemAvailable:    1499196 kB
Buffers:           16696 kB
Cached:            95064 kB
MemTotal:        1844596 kB
MemFree:         1512636 kB
MemAvailable:    1499076 kB
Buffers:           16696 kB
Cached:            95064 kB
MemTotal:        1844596 kB
MemFree:         1512888 kB
MemAvailable:    1499328 kB
Buffers:           16696 kB
Cached:            95064 kB
MemTotal:        1844596 kB
MemFree:         1512812 kB
MemAvailable:    1499252 kB
Buffers:           16696 kB
Cached:            95064 kB
MemTotal:        1844596 kB
MemFree:         1510468 kB
MemAvailable:    1496908 kB
Buffers:           16696 kB
Cached:            95064 kB
MemTotal:        1844596 kB
MemFree:         1509840 kB
MemAvailable:    1496280 kB
Buffers:           16696 kB
Cached:            95064 kB
MemTotal:        1844596 kB
MemFree:         1509724 kB
MemAvailable:    1496164 kB
Buffers:           16696 kB
Cached:            95064 kB
MemTotal:        1844596 kB
MemFree:         1509452 kB
MemAvailable:    1495892 kB
Buffers:           16696 kB
Cached:            95064 kB
MemTotal:        1844596 kB
MemFree:         1509704 kB
MemAvailable:    1496144 kB
Buffers:           16696 kB
Cached:            95064 kB
MemTotal:        1844596 kB
MemFree:         1509460 kB
MemAvailable:    1495900 kB
Buffers:           16696 kB
Cached:            95064 kB
MemTotal:        1844596 kB
MemFree:         1509584 kB
MemAvailable:    1496024 kB
Buffers:           16696 kB
Cached:            95064 kB
MemTotal:        1844596 kB
MemFree:         1508456 kB
MemAvailable:    1494896 kB
Buffers:           16696 kB
Cached:            95064 kB
MemTotal:        1844596 kB
MemFree:         1509460 kB
MemAvailable:    1495900 kB
Buffers:           16696 kB
Cached:            95064 kB
MemTotal:        1844596 kB
MemFree:         1509304 kB
MemAvailable:    1495744 kB
Buffers:           16696 kB
Cached:            95064 kB
MemTotal:        1844596 kB
MemFree:         1509640 kB
MemAvailable:    1496080 kB
Buffers:           16696 kB
Cached:            95064 kB
MemTotal:        1844596 kB
MemFree:         1509456 kB
MemAvailable:    1495896 kB
Buffers:           16696 kB
Cached:            95064 kB
MemTotal:        1844596 kB
MemFree:         1508320 kB
MemAvailable:    1494760 kB
Buffers:           16696 kB
Cached:            95064 kB
MemTotal:        1844596 kB
MemFree:         1508436 kB
MemAvailable:    1494876 kB
Buffers:           16696 kB
Cached:            95064 kB
MemTotal:        1844596 kB
MemFree:         1508320 kB
MemAvailable:    1494760 kB
Buffers:           16696 kB
Cached:            95064 kB
MemTotal:        1844596 kB
MemFree:         1509620 kB
MemAvailable:    1496060 kB
Buffers:           16696 kB
Cached:            95064 kB
MemTotal:        1844596 kB
MemFree:         1508972 kB
MemAvailable:    1495412 kB
Buffers:           16696 kB
Cached:            95064 kB
MemTotal:        1844596 kB
MemFree:         1505384 kB
MemAvailable:    1491824 kB
Buffers:           16696 kB
Cached:            95064 kB
MemTotal:        1844596 kB
MemFree:         1504376 kB
MemAvailable:    1490816 kB
Buffers:           16696 kB
Cached:            95064 kB
MemTotal:        1844596 kB
MemFree:         1503896 kB
MemAvailable:    1490336 kB
Buffers:           16696 kB
Cached:            95064 kB
MemTotal:        1844596 kB
MemFree:         1504272 kB
MemAvailable:    1490712 kB
Buffers:           16696 kB
Cached:            95064 kB
MemTotal:        1844596 kB
MemFree:         1503260 kB
MemAvailable:    1489700 kB
Buffers:           16696 kB
Cached:            95064 kB
MemTotal:        1844596 kB
MemFree:         1503152 kB
MemAvailable:    1489592 kB
Buffers:           16696 kB
Cached:            95064 kB
MemTotal:        1844596 kB
MemFree:         1502832 kB
MemAvailable:    1489272 kB
Buffers:           16696 kB
Cached:            95064 kB
MemTotal:        1844596 kB
MemFree:         1503084 kB
MemAvailable:    1489524 kB
Buffers:           16696 kB
Cached:            95064 kB
MemTotal:        1844596 kB
MemFree:         1502952 kB
MemAvailable:    1489392 kB
Buffers:           16696 kB
Cached:            95064 kB
MemTotal:        1844596 kB
MemFree:         1502952 kB
MemAvailable:    1489392 kB
Buffers:           16696 kB
Cached:            95064 kB
MemTotal:        1844596 kB
MemFree:         1502832 kB
MemAvailable:    1489272 kB
Buffers:           16696 kB
Cached:            95064 kB
MemTotal:        1844596 kB
MemFree:         1503084 kB
MemAvailable:    1489524 kB
Buffers:           16696 kB
Cached:            95064 kB
MemTotal:        1844596 kB
MemFree:         1502952 kB
MemAvailable:    1489392 kB
Buffers:           16696 kB
Cached:            95064 kB
MemTotal:        1844596 kB
MemFree:         1502952 kB
MemAvailable:    1489392 kB
Buffers:           16696 kB
Cached:            95064 kB
MemTotal:        1844596 kB
MemFree:         1502888 kB
MemAvailable:    1489328 kB
Buffers:           16696 kB
Cached:            95064 kB
MemTotal:        1844596 kB
MemFree:         1503140 kB
MemAvailable:    1489580 kB
Buffers:           16696 kB
Cached:            95064 kB
MemTotal:        1844596 kB
MemFree:         1503000 kB
MemAvailable:    1489440 kB
Buffers:           16696 kB
Cached:            95064 kB
MemTotal:        1844596 kB
MemFree:         1502024 kB
MemAvailable:    1488464 kB
Buffers:           16696 kB
Cached:            95064 kB
MemTotal:        1844596 kB
MemFree:         1502004 kB
MemAvailable:    1488444 kB
Buffers:           16696 kB
Cached:            95064 kB
MemTotal:        1844596 kB
MemFree:         1503080 kB
MemAvailable:    1489520 kB
Buffers:           16696 kB
Cached:            95064 kB
MemTotal:        1844596 kB
MemFree:         1503212 kB
MemAvailable:    1489652 kB
Buffers:           16696 kB
Cached:            95064 kB
MemTotal:        1844596 kB
MemFree:         1502284 kB
MemAvailable:    1488728 kB
Buffers:           16696 kB
Cached:            95076 kB
MemTotal:        1844596 kB
MemFree:         1503460 kB
MemAvailable:    1489904 kB
Buffers:           16696 kB
Cached:            95076 kB
MemTotal:        1844596 kB
MemFree:         1503136 kB
MemAvailable:    1489580 kB
Buffers:           16696 kB
Cached:            95076 kB
MemTotal:        1844596 kB
MemFree:         1503136 kB
MemAvailable:    1489580 kB
Buffers:           16696 kB
Cached:            95076 kB
MemTotal:        1844596 kB
MemFree:         1502832 kB
MemAvailable:    1489276 kB
Buffers:           16696 kB
Cached:            95076 kB
MemTotal:        1844596 kB
MemFree:         1502024 kB
MemAvailable:    1488468 kB
Buffers:           16696 kB
Cached:            95076 kB
MemTotal:        1844596 kB
MemFree:         1502988 kB
MemAvailable:    1489432 kB
Buffers:           16696 kB
Cached:            95076 kB
MemTotal:        1844596 kB
MemFree:         1502904 kB
MemAvailable:    1489348 kB
Buffers:           16696 kB
Cached:            95076 kB
MemTotal:        1844596 kB
MemFree:         1503200 kB
MemAvailable:    1489644 kB
Buffers:           16696 kB
Cached:            95076 kB
MemTotal:        1844596 kB
MemFree:         1503028 kB
MemAvailable:    1489472 kB
Buffers:           16696 kB
Cached:            95076 kB
MemTotal:        1844596 kB
MemFree:         1502780 kB
MemAvailable:    1489224 kB
Buffers:           16696 kB
Cached:            95076 kB
MemTotal:        1844596 kB
MemFree:         1502016 kB
MemAvailable:    1488460 kB
Buffers:           16696 kB
Cached:            95076 kB
MemTotal:        1844596 kB
MemFree:         1503036 kB
MemAvailable:    1489480 kB
Buffers:           16696 kB
Cached:            95076 kB
MemTotal:        1844596 kB
MemFree:         1503072 kB
MemAvailable:    1489516 kB
Buffers:           16696 kB
Cached:            95076 kB
MemTotal:        1844596 kB
MemFree:         1502276 kB
MemAvailable:    1488720 kB
Buffers:           16696 kB
Cached:            95076 kB
MemTotal:        1844596 kB
MemFree:         1503584 kB
MemAvailable:    1490028 kB
Buffers:           16696 kB
Cached:            95076 kB
MemTotal:        1844596 kB
MemFree:         1502284 kB
MemAvailable:    1488728 kB
Buffers:           16696 kB
Cached:            95076 kB
MemTotal:        1844596 kB
MemFree:         1503008 kB
MemAvailable:    1489452 kB
Buffers:           16696 kB
Cached:            95076 kB
MemTotal:        1844596 kB
MemFree:         1503016 kB
MemAvailable:    1489460 kB
Buffers:           16696 kB
Cached:            95076 kB
MemTotal:        1844596 kB
MemFree:         1503148 kB
MemAvailable:    1489592 kB
Buffers:           16696 kB
Cached:            95076 kB
MemTotal:        1844596 kB
MemFree:         1503016 kB
MemAvailable:    1489460 kB
Buffers:           16696 kB
Cached:            95076 kB
MemTotal:        1844596 kB
MemFree:         1503144 kB
MemAvailable:    1489588 kB
Buffers:           16696 kB
Cached:            95076 kB
MemTotal:        1844596 kB
MemFree:         1502408 kB
MemAvailable:    1488852 kB
Buffers:           16696 kB
Cached:            95076 kB
MemTotal:        1844596 kB
MemFree:         1503460 kB
MemAvailable:    1489908 kB
Buffers:           16696 kB
Cached:            95080 kB
MemTotal:        1844596 kB
MemFree:         1502656 kB
MemAvailable:    1489104 kB
Buffers:           16696 kB
Cached:            95080 kB
MemTotal:        1844596 kB
MemFree:         1503076 kB
MemAvailable:    1489524 kB
Buffers:           16696 kB
Cached:            95080 kB
MemTotal:        1844596 kB
MemFree:         1503008 kB
MemAvailable:    1489456 kB
Buffers:           16696 kB
Cached:            95080 kB
MemTotal:        1844596 kB
MemFree:         1502648 kB
MemAvailable:    1489096 kB
Buffers:           16696 kB
Cached:            95080 kB
MemTotal:        1844596 kB
MemFree:         1503144 kB
MemAvailable:    1489592 kB
Buffers:           16696 kB
Cached:            95080 kB
MemTotal:        1844596 kB
MemFree:         1502276 kB
MemAvailable:    1488724 kB
Buffers:           16696 kB
Cached:            95080 kB
MemTotal:        1844596 kB
MemFree:         1503136 kB
MemAvailable:    1489584 kB
Buffers:           16696 kB
Cached:            95080 kB
MemTotal:        1844596 kB
MemFree:         1503388 kB
MemAvailable:    1489836 kB
Buffers:           16696 kB
Cached:            95080 kB
MemTotal:        1844596 kB
MemFree:         1503204 kB
MemAvailable:    1489652 kB
Buffers:           16696 kB
Cached:            95080 kB
MemTotal:        1844596 kB
MemFree:         1502408 kB
MemAvailable:    1488856 kB
Buffers:           16696 kB
Cached:            95080 kB
MemTotal:        1844596 kB
MemFree:         1502876 kB
MemAvailable:    1489324 kB
Buffers:           16696 kB
Cached:            95080 kB
MemTotal:        1844596 kB
MemFree:         1503128 kB
MemAvailable:    1489576 kB
Buffers:           16696 kB
Cached:            95080 kB
MemTotal:        1844596 kB
MemFree:         1501852 kB
MemAvailable:    1488300 kB
Buffers:           16696 kB
Cached:            95080 kB
MemTotal:        1844596 kB
MemFree:         1502100 kB
MemAvailable:    1488548 kB
Buffers:           16696 kB
Cached:            95080 kB
MemTotal:        1844596 kB
MemFree:         1502824 kB
MemAvailable:    1489272 kB
Buffers:           16696 kB
Cached:            95080 kB
MemTotal:        1844596 kB
MemFree:         1501664 kB
MemAvailable:    1488112 kB
Buffers:           16696 kB
Cached:            95080 kB
MemTotal:        1844596 kB
MemFree:         1502580 kB
MemAvailable:    1489028 kB
Buffers:           16696 kB
Cached:            95080 kB
MemTotal:        1844596 kB
MemFree:         1502324 kB
MemAvailable:    1488772 kB
Buffers:           16696 kB
Cached:            95080 kB
MemTotal:        1844596 kB
MemFree:         1502512 kB
MemAvailable:    1488960 kB
Buffers:           16696 kB
Cached:            95080 kB
MemTotal:        1844596 kB
MemFree:         1501388 kB
MemAvailable:    1487836 kB
Buffers:           16696 kB
Cached:            95080 kB
MemTotal:        1844596 kB
MemFree:         1502532 kB
MemAvailable:    1488980 kB
Buffers:           16696 kB
Cached:            95080 kB
MemTotal:        1844596 kB
MemFree:         1501664 kB
MemAvailable:    1488112 kB
Buffers:           16696 kB
Cached:            95080 kB
MemTotal:        1844596 kB
MemFree:         1502840 kB
MemAvailable:    1489288 kB
Buffers:           16696 kB
Cached:            95080 kB
MemTotal:        1844596 kB
MemFree:         1501540 kB
MemAvailable:    1487988 kB
Buffers:           16696 kB
Cached:            95080 kB
MemTotal:        1844596 kB
MemFree:         1502540 kB
MemAvailable:    1488988 kB
Buffers:           16696 kB
Cached:            95080 kB
MemTotal:        1844596 kB
MemFree:         1502576 kB
MemAvailable:    1489024 kB
Buffers:           16696 kB
Cached:            95080 kB
MemTotal:        1844596 kB
MemFree:         1501664 kB
MemAvailable:    1488112 kB
Buffers:           16696 kB
Cached:            95080 kB
MemTotal:        1844596 kB
MemFree:         1501104 kB
MemAvailable:    1487552 kB
Buffers:           16696 kB
Cached:            95080 kB
MemTotal:        1844596 kB
MemFree:         1502448 kB
MemAvailable:    1488896 kB
Buffers:           16696 kB
Cached:            95080 kB
MemTotal:        1844596 kB
MemFree:         1502408 kB
MemAvailable:    1488856 kB
Buffers:           16696 kB
Cached:            95080 kB
MemTotal:        1844596 kB
MemFree:         1501392 kB
MemAvailable:    1487840 kB
Buffers:           16696 kB
Cached:            95080 kB
MemTotal:        1844596 kB
MemFree:         1502544 kB
MemAvailable:    1488992 kB
Buffers:           16696 kB
Cached:            95080 kB
MemTotal:        1844596 kB
MemFree:         1501664 kB
MemAvailable:    1488112 kB
Buffers:           16696 kB
Cached:            95080 kB
MemTotal:        1844596 kB
MemFree:         1502580 kB
MemAvailable:    1489028 kB
Buffers:           16696 kB
Cached:            95080 kB
MemTotal:        1844596 kB
MemFree:         1502116 kB
MemAvailable:    1488564 kB
Buffers:           16696 kB
Cached:            95080 kB
MemTotal:        1844596 kB
MemFree:         1501356 kB
MemAvailable:    1487804 kB
Buffers:           16696 kB
Cached:            95080 kB
MemTotal:        1844596 kB
MemFree:         1502840 kB
MemAvailable:    1489288 kB
Buffers:           16696 kB
Cached:            95080 kB
MemTotal:        1844596 kB
MemFree:         1501912 kB
MemAvailable:    1488360 kB
Buffers:           16696 kB
Cached:            95080 kB
MemTotal:        1844596 kB
MemFree:         1502340 kB
MemAvailable:    1488788 kB
Buffers:           16696 kB
Cached:            95080 kB
MemTotal:        1844596 kB
MemFree:         1502284 kB
MemAvailable:    1488732 kB
Buffers:           16696 kB
Cached:            95080 kB
MemTotal:        1844596 kB
MemFree:         1502580 kB
MemAvailable:    1489028 kB
Buffers:           16696 kB
Cached:            95080 kB
MemTotal:        1844596 kB
MemFree:         1501540 kB
MemAvailable:    1487988 kB
Buffers:           16696 kB
Cached:            95080 kB
MemTotal:        1844596 kB
MemFree:         1502396 kB
MemAvailable:    1488844 kB
Buffers:           16696 kB
Cached:            95080 kB
MemTotal:        1844596 kB
MemFree:         1501664 kB
MemAvailable:    1488112 kB
Buffers:           16696 kB
Cached:            95080 kB
MemTotal:        1844596 kB
MemFree:         1502448 kB
MemAvailable:    1488896 kB
Buffers:           16696 kB
Cached:            95080 kB
MemTotal:        1844596 kB
MemFree:         1502272 kB
MemAvailable:    1488720 kB
Buffers:           16696 kB
Cached:            95080 kB
MemTotal:        1844596 kB
MemFree:         1501280 kB
MemAvailable:    1487728 kB
Buffers:           16696 kB
Cached:            95080 kB
MemTotal:        1844596 kB
MemFree:         1502544 kB
MemAvailable:    1488992 kB
Buffers:           16696 kB
Cached:            95080 kB
MemTotal:        1844596 kB
MemFree:         1502484 kB
MemAvailable:    1488932 kB
Buffers:           16696 kB
Cached:            95080 kB
MemTotal:        1844596 kB
MemFree:         1501788 kB
MemAvailable:    1488236 kB
Buffers:           16696 kB
Cached:            95080 kB
MemTotal:        1844596 kB
MemFree:         1502388 kB
MemAvailable:    1488836 kB
Buffers:           16696 kB
Cached:            95080 kB
MemTotal:        1844596 kB
MemFree:         1501156 kB
MemAvailable:    1487604 kB
Buffers:           16696 kB
Cached:            95080 kB
MemTotal:        1844596 kB
MemFree:         1502380 kB
MemAvailable:    1488828 kB
Buffers:           16696 kB
Cached:            95080 kB
MemTotal:        1844596 kB
MemFree:         1502464 kB
MemAvailable:    1488912 kB
Buffers:           16696 kB
Cached:            95080 kB
MemTotal:        1844596 kB
MemFree:         1502904 kB
MemAvailable:    1489356 kB
Buffers:           16696 kB
Cached:            95088 kB
MemTotal:        1844596 kB
MemFree:         1501540 kB
MemAvailable:    1487992 kB
Buffers:           16696 kB
Cached:            95088 kB
MemTotal:        1844596 kB
MemFree:         1502456 kB
MemAvailable:    1488908 kB
Buffers:           16696 kB
Cached:            95088 kB
MemTotal:        1844596 kB
MemFree:         1502408 kB
MemAvailable:    1488860 kB
Buffers:           16696 kB
Cached:            95088 kB
MemTotal:        1844596 kB
MemFree:         1501244 kB
MemAvailable:    1487696 kB
Buffers:           16696 kB
Cached:            95088 kB
MemTotal:        1844596 kB
MemFree:         1502220 kB
MemAvailable:    1488672 kB
Buffers:           16696 kB
Cached:            95088 kB
MemTotal:        1844596 kB
MemFree:         1502352 kB
MemAvailable:    1488804 kB
Buffers:           16696 kB
Cached:            95088 kB
MemTotal:        1844596 kB
MemFree:         1502580 kB
MemAvailable:    1489032 kB
Buffers:           16696 kB
Cached:            95088 kB
MemTotal:        1844596 kB
MemFree:         1502408 kB
MemAvailable:    1488860 kB
Buffers:           16696 kB
Cached:            95088 kB
MemTotal:        1844596 kB
MemFree:         1502244 kB
MemAvailable:    1488696 kB
Buffers:           16696 kB
Cached:            95088 kB
MemTotal:        1844596 kB
MemFree:         1502444 kB
MemAvailable:    1488896 kB
Buffers:           16696 kB
Cached:            95088 kB
MemTotal:        1844596 kB
MemFree:         1502212 kB
MemAvailable:    1488664 kB
Buffers:           16696 kB
Cached:            95088 kB
MemTotal:        1844596 kB
MemFree:         1502408 kB
MemAvailable:    1488860 kB
Buffers:           16696 kB
Cached:            95088 kB
MemTotal:        1844596 kB
MemFree:         1501664 kB
MemAvailable:    1488116 kB
Buffers:           16696 kB
Cached:            95088 kB
MemTotal:        1844596 kB
MemFree:         1502964 kB
MemAvailable:    1489416 kB
Buffers:           16696 kB
Cached:            95088 kB
MemTotal:        1844596 kB
MemFree:         1501664 kB
MemAvailable:    1488116 kB
Buffers:           16696 kB
Cached:            95088 kB
MemTotal:        1844596 kB
MemFree:         1502396 kB
MemAvailable:    1488848 kB
Buffers:           16696 kB
Cached:            95088 kB
MemTotal:        1844596 kB
MemFree:         1502408 kB
MemAvailable:    1488860 kB
Buffers:           16696 kB
Cached:            95088 kB
MemTotal:        1844596 kB
MemFree:         1502376 kB
MemAvailable:    1488828 kB
Buffers:           16696 kB
Cached:            95088 kB
MemTotal:        1844596 kB
MemFree:         1502444 kB
MemAvailable:    1488896 kB
Buffers:           16696 kB
Cached:            95088 kB
MemTotal:        1844596 kB
MemFree:         1502468 kB
MemAvailable:    1488920 kB
Buffers:           16696 kB
Cached:            95088 kB
MemTotal:        1844596 kB
MemFree:         1501788 kB
MemAvailable:    1488116 kB
Buffers:           16696 kB
Cached:            95088 kB
MemTotal:        1844596 kB
MemFree:         1502396 kB
MemAvailable:    1488848 kB
Buffers:           16696 kB
Cached:            95088 kB
MemTotal:        1844596 kB
MemFree:         1501396 kB
MemAvailable:    1487848 kB
Buffers:           16696 kB
Cached:            95088 kB
MemTotal:        1844596 kB
MemFree:         1502340 kB
MemAvailable:    1488792 kB
Buffers:           16696 kB
Cached:            95088 kB
MemTotal:        1844596 kB
MemFree:         1502168 kB
MemAvailable:    1488620 kB
Buffers:           16696 kB
Cached:            95088 kB
MemTotal:        1844596 kB
MemFree:         1502152 kB
MemAvailable:    1488604 kB
Buffers:           16696 kB
Cached:            95088 kB
MemTotal:        1844596 kB
MemFree:         1502172 kB
MemAvailable:    1488624 kB
Buffers:           16696 kB
Cached:            95088 kB
MemTotal:        1844596 kB
MemFree:         1501112 kB
MemAvailable:    1487564 kB
Buffers:           16696 kB
Cached:            95088 kB
MemTotal:        1844596 kB
MemFree:         1500864 kB
MemAvailable:    1487316 kB
Buffers:           16696 kB
Cached:            95088 kB
MemTotal:        1844596 kB
MemFree:         1501964 kB
MemAvailable:    1488416 kB
Buffers:           16696 kB
Cached:            95088 kB
MemTotal:        1844596 kB
MemFree:         1501876 kB
MemAvailable:    1488328 kB
Buffers:           16696 kB
Cached:            95088 kB
MemTotal:        1844596 kB
MemFree:         1501876 kB
MemAvailable:    1488328 kB
Buffers:           16696 kB
Cached:            95088 kB
MemTotal:        1844596 kB
MemFree:         1501932 kB
MemAvailable:    1488384 kB
Buffers:           16696 kB
Cached:            95088 kB
MemTotal:        1844596 kB
MemFree:         1502004 kB
MemAvailable:    1488456 kB
Buffers:           16696 kB
Cached:            95088 kB
MemTotal:        1844596 kB
MemFree:         1500716 kB
MemAvailable:    1487168 kB
Buffers:           16696 kB
Cached:            95088 kB
MemTotal:        1844596 kB
MemFree:         1501692 kB
MemAvailable:    1488144 kB
Buffers:           16696 kB
Cached:            95088 kB
MemTotal:        1844596 kB
MemFree:         1501944 kB
MemAvailable:    1488396 kB
Buffers:           16696 kB
Cached:            95088 kB
MemTotal:        1844596 kB
MemFree:         1500744 kB
MemAvailable:    1487196 kB
Buffers:           16696 kB
Cached:            95088 kB
MemTotal:        1844596 kB
MemFree:         1501160 kB
MemAvailable:    1487612 kB
Buffers:           16696 kB
Cached:            95088 kB
MemTotal:        1844596 kB
MemFree:         1502336 kB
MemAvailable:    1488788 kB
Buffers:           16696 kB
Cached:            95088 kB
MemTotal:        1844596 kB
MemFree:         1501036 kB
MemAvailable:    1487488 kB
Buffers:           16696 kB
Cached:            95088 kB
MemTotal:        1844596 kB
MemFree:         1501908 kB
MemAvailable:    1488360 kB
Buffers:           16696 kB
Cached:            95088 kB
MemTotal:        1844596 kB
MemFree:         1501848 kB
MemAvailable:    1488300 kB
Buffers:           16696 kB
Cached:            95088 kB
MemTotal:        1844596 kB
MemFree:         1500732 kB
MemAvailable:    1487184 kB
Buffers:           16696 kB
Cached:            95088 kB
MemTotal:        1844596 kB
MemFree:         1501908 kB
MemAvailable:    1488360 kB
Buffers:           16696 kB
Cached:            95088 kB
MemTotal:        1844596 kB
MemFree:         1501044 kB
MemAvailable:    1487496 kB
Buffers:           16696 kB
Cached:            95088 kB
MemTotal:        1844596 kB
MemFree:         1501960 kB
MemAvailable:    1488412 kB
Buffers:           16696 kB
Cached:            95088 kB
MemTotal:        1844596 kB
MemFree:         1500860 kB
MemAvailable:    1487312 kB
Buffers:           16696 kB
Cached:            95088 kB
MemTotal:        1844596 kB
MemFree:         1502048 kB
MemAvailable:    1488500 kB
Buffers:           16696 kB
Cached:            95088 kB
MemTotal:        1844596 kB
MemFree:         1502096 kB
MemAvailable:    1488548 kB
Buffers:           16696 kB
Cached:            95088 kB
MemTotal:        1844596 kB
MemFree:         1501168 kB
MemAvailable:    1487620 kB
Buffers:           16696 kB
Cached:            95088 kB
MemTotal:        1844596 kB
MemFree:         1501900 kB
MemAvailable:    1488352 kB
Buffers:           16696 kB
Cached:            95088 kB
MemTotal:        1844596 kB
MemFree:         1501712 kB
MemAvailable:    1488164 kB
Buffers:           16696 kB
Cached:            95088 kB
MemTotal:        1844596 kB
MemFree:         1501664 kB
MemAvailable:    1488116 kB
Buffers:           16696 kB
Cached:            95088 kB
MemTotal:        1844596 kB
MemFree:         1501920 kB
MemAvailable:    1488372 kB
Buffers:           16696 kB
Cached:            95088 kB
MemTotal:        1844596 kB
MemFree:         1501540 kB
MemAvailable:    1487992 kB
Buffers:           16696 kB
Cached:            95088 kB
MemTotal:        1844596 kB
MemFree:         1502036 kB
MemAvailable:    1488488 kB
Buffers:           16696 kB
Cached:            95088 kB
MemTotal:        1844596 kB
MemFree:         1502080 kB
MemAvailable:    1488532 kB
Buffers:           16696 kB
Cached:            95088 kB
MemTotal:        1844596 kB
MemFree:         1501168 kB
MemAvailable:    1487620 kB
Buffers:           16696 kB
Cached:            95088 kB
MemTotal:        1844596 kB
MemFree:         1500732 kB
MemAvailable:    1487184 kB
Buffers:           16696 kB
Cached:            95088 kB
MemTotal:        1844596 kB
MemFree:         1502084 kB
MemAvailable:    1488536 kB
Buffers:           16696 kB
Cached:            95088 kB
MemTotal:        1844596 kB
MemFree:         1501168 kB
MemAvailable:    1487620 kB
Buffers:           16696 kB
Cached:            95088 kB
MemTotal:        1844596 kB
MemFree:         1502084 kB
MemAvailable:    1488536 kB
Buffers:           16696 kB
Cached:            95088 kB
MemTotal:        1844596 kB
MemFree:         1501904 kB
MemAvailable:    1488356 kB
Buffers:           16696 kB
Cached:            95088 kB
MemTotal:        1844596 kB
MemFree:         1501748 kB
MemAvailable:    1488200 kB
Buffers:           16696 kB
Cached:            95088 kB
MemTotal:        1844596 kB
MemFree:         1502000 kB
MemAvailable:    1488452 kB
Buffers:           16696 kB
Cached:            95088 kB
MemTotal:        1844596 kB
MemFree:         1501840 kB
MemAvailable:    1488292 kB
Buffers:           16696 kB
Cached:            95088 kB
MemTotal:        1844596 kB
MemFree:         1501168 kB
MemAvailable:    1487620 kB
Buffers:           16696 kB
Cached:            95088 kB
MemTotal:        1844596 kB
MemFree:         1502044 kB
MemAvailable:    1488496 kB
Buffers:           16696 kB
Cached:            95088 kB
MemTotal:        1844596 kB
MemFree:         1501972 kB
MemAvailable:    1488424 kB
Buffers:           16696 kB
Cached:            95088 kB
MemTotal:        1844596 kB
MemFree:         1501168 kB
MemAvailable:    1487620 kB
Buffers:           16696 kB
Cached:            95088 kB
MemTotal:        1844596 kB
MemFree:         1501760 kB
MemAvailable:    1488212 kB
Buffers:           16696 kB
Cached:            95088 kB
MemTotal:        1844596 kB
MemFree:         1502012 kB
MemAvailable:    1488464 kB
Buffers:           16696 kB
Cached:            95088 kB
MemTotal:        1844596 kB
MemFree:         1501984 kB
MemAvailable:    1488436 kB
Buffers:           16696 kB
Cached:            95088 kB
MemTotal:        1844596 kB
MemFree:         1501772 kB
MemAvailable:    1488224 kB
Buffers:           16696 kB
Cached:            95088 kB
MemTotal:        1844596 kB
MemFree:         1502024 kB
MemAvailable:    1488476 kB
Buffers:           16696 kB
Cached:            95088 kB
MemTotal:        1844596 kB
MemFree:         1501916 kB
MemAvailable:    1488368 kB
Buffers:           16696 kB
Cached:            95088 kB
MemTotal:        1844596 kB
MemFree:         1501884 kB
MemAvailable:    1488336 kB
Buffers:           16696 kB
Cached:            95088 kB
MemTotal:        1844596 kB
MemFree:         1502136 kB
MemAvailable:    1488588 kB
Buffers:           16696 kB
Cached:            95088 kB
MemTotal:        1844596 kB
MemFree:         1501716 kB
MemAvailable:    1488168 kB
Buffers:           16696 kB
Cached:            95088 kB
MemTotal:        1844596 kB
MemFree:         1501968 kB
MemAvailable:    1488420 kB
Buffers:           16696 kB
Cached:            95088 kB
MemTotal:        1844596 kB
MemFree:         1502028 kB
MemAvailable:    1488480 kB
Buffers:           16696 kB
Cached:            95088 kB
MemTotal:        1844596 kB
MemFree:         1501168 kB
MemAvailable:    1487620 kB
Buffers:           16696 kB
Cached:            95088 kB
MemTotal:        1844596 kB
MemFree:         1501960 kB
MemAvailable:    1488412 kB
Buffers:           16696 kB
Cached:            95088 kB
MemTotal:        1844596 kB
MemFree:         1501168 kB
MemAvailable:    1487620 kB
Buffers:           16696 kB
Cached:            95088 kB
MemTotal:        1844596 kB
MemFree:         1502084 kB
MemAvailable:    1488536 kB
Buffers:           16696 kB
Cached:            95088 kB
MemTotal:        1844596 kB
MemFree:         1501924 kB
MemAvailable:    1488380 kB
Buffers:           16696 kB
Cached:            95096 kB
MemTotal:        1844596 kB
MemFree:         1501168 kB
MemAvailable:    1487624 kB
Buffers:           16696 kB
Cached:            95096 kB
MemTotal:        1844596 kB
MemFree:         1501892 kB
MemAvailable:    1488348 kB
Buffers:           16696 kB
Cached:            95096 kB
MemTotal:        1844596 kB
MemFree:         1500772 kB
MemAvailable:    1487228 kB
Buffers:           16696 kB
Cached:            95096 kB
MemTotal:        1844596 kB
MemFree:         1501936 kB
MemAvailable:    1488392 kB
Buffers:           16696 kB
Cached:            95096 kB
MemTotal:        1844596 kB
MemFree:         1501904 kB
MemAvailable:    1488360 kB
Buffers:           16696 kB
Cached:            95096 kB
MemTotal:        1844596 kB
MemFree:         1500764 kB
MemAvailable:    1487220 kB
Buffers:           16696 kB
Cached:            95096 kB
MemTotal:        1844596 kB
MemFree:         1501168 kB
MemAvailable:    1487624 kB
Buffers:           16696 kB
Cached:            95096 kB
MemTotal:        1844596 kB
MemFree:         1502084 kB
MemAvailable:    1488540 kB
Buffers:           16696 kB
Cached:            95096 kB
MemTotal:        1844596 kB
MemFree:         1501976 kB
MemAvailable:    1488432 kB
Buffers:           16696 kB
Cached:            95096 kB
MemTotal:        1844596 kB
MemFree:         1501724 kB
MemAvailable:    1488180 kB
Buffers:           16696 kB
Cached:            95096 kB
MemTotal:        1844596 kB
MemFree:         1501788 kB
MemAvailable:    1488244 kB
Buffers:           16696 kB
Cached:            95096 kB
MemTotal:        1844596 kB
MemFree:         1501984 kB
MemAvailable:    1488440 kB
Buffers:           16696 kB
Cached:            95096 kB
MemTotal:        1844596 kB
MemFree:         1501168 kB
MemAvailable:    1487624 kB
Buffers:           16696 kB
Cached:            95096 kB
MemTotal:        1844596 kB
MemFree:         1502344 kB
MemAvailable:    1488800 kB
Buffers:           16696 kB
Cached:            95100 kB
MemTotal:        1844596 kB
MemFree:         1501036 kB
MemAvailable:    1487492 kB
Buffers:           16696 kB
Cached:            95100 kB
MemTotal:        1844596 kB
MemFree:         1502088 kB
MemAvailable:    1488544 kB
Buffers:           16696 kB
Cached:            95100 kB
MemTotal:        1844596 kB
MemFree:         1502064 kB
MemAvailable:    1488520 kB
Buffers:           16696 kB
Cached:            95100 kB
MemTotal:        1844596 kB
MemFree:         1501044 kB
MemAvailable:    1487500 kB
Buffers:           16696 kB
Cached:            95100 kB
MemTotal:        1844596 kB
MemFree:         1502220 kB
MemAvailable:    1488676 kB
Buffers:           16696 kB
Cached:            95100 kB
MemTotal:        1844596 kB
MemFree:         1501292 kB
MemAvailable:    1487748 kB
Buffers:           16696 kB
Cached:            95100 kB
MemTotal:        1844596 kB
MemFree:         1501984 kB
MemAvailable:    1488440 kB
Buffers:           16696 kB
Cached:            95100 kB
MemTotal:        1844596 kB
MemFree:         1502044 kB
MemAvailable:    1488500 kB
Buffers:           16696 kB
Cached:            95100 kB
MemTotal:        1844596 kB
MemFree:         1501856 kB
MemAvailable:    1488312 kB
Buffers:           16696 kB
Cached:            95100 kB
MemTotal:        1844596 kB
MemFree:         1502056 kB
MemAvailable:    1488512 kB
Buffers:           16696 kB
Cached:            95100 kB
MemTotal:        1844596 kB
MemFree:         1501720 kB
MemAvailable:    1488176 kB
Buffers:           16696 kB
Cached:            95100 kB
MemTotal:        1844596 kB
MemFree:         1501972 kB
MemAvailable:    1488428 kB
Buffers:           16696 kB
Cached:            95100 kB
MemTotal:        1844596 kB
MemFree:         1502012 kB
MemAvailable:    1488468 kB
Buffers:           16696 kB
Cached:            95100 kB
MemTotal:        1844596 kB
MemFree:         1500772 kB
MemAvailable:    1487228 kB
Buffers:           16696 kB
Cached:            95100 kB
MemTotal:        1844596 kB
MemFree:         1501724 kB
MemAvailable:    1488180 kB
Buffers:           16696 kB
Cached:            95100 kB
MemTotal:        1844596 kB
MemFree:         1501856 kB
MemAvailable:    1488312 kB
Buffers:           16696 kB
Cached:            95100 kB
MemTotal:        1844596 kB
MemFree:         1501860 kB
MemAvailable:    1488316 kB
Buffers:           16696 kB
Cached:            95100 kB
MemTotal:        1844596 kB
MemFree:         1501168 kB
MemAvailable:    1487624 kB
Buffers:           16696 kB
Cached:            95100 kB
MemTotal:        1844596 kB
MemFree:         1501540 kB
MemAvailable:    1488000 kB
Buffers:           16696 kB
Cached:            95104 kB
MemTotal:        1844596 kB
MemFree:         1502020 kB
MemAvailable:    1488480 kB
Buffers:           16696 kB
Cached:            95104 kB
MemTotal:        1844596 kB
MemFree:         1502104 kB
MemAvailable:    1488564 kB
Buffers:           16696 kB
Cached:            95104 kB
MemTotal:        1844596 kB
MemFree:         1501840 kB
MemAvailable:    1488300 kB
Buffers:           16696 kB
Cached:            95104 kB
MemTotal:        1844596 kB
MemFree:         1501840 kB
MemAvailable:    1488300 kB
Buffers:           16696 kB
Cached:            95104 kB
MemTotal:        1844596 kB
MemFree:         1501716 kB
MemAvailable:    1488176 kB
Buffers:           16696 kB
Cached:            95104 kB
MemTotal:        1844596 kB
MemFree:         1501968 kB
MemAvailable:    1488428 kB
Buffers:           16696 kB
Cached:            95104 kB
MemTotal:        1844596 kB
MemFree:         1501944 kB
MemAvailable:    1488404 kB
Buffers:           16696 kB
Cached:            95104 kB
MemTotal:        1844596 kB
MemFree:         1500796 kB
MemAvailable:    1487256 kB
Buffers:           16696 kB
Cached:            95104 kB
MemTotal:        1844596 kB
MemFree:         1502020 kB
MemAvailable:    1488480 kB
Buffers:           16696 kB
Cached:            95104 kB
MemTotal:        1844596 kB
MemFree:         1502020 kB
MemAvailable:    1488480 kB
Buffers:           16696 kB
Cached:            95104 kB
MemTotal:        1844596 kB
MemFree:         1501760 kB
MemAvailable:    1488220 kB
Buffers:           16696 kB
Cached:            95104 kB
MemTotal:        1844596 kB
MemFree:         1501960 kB
MemAvailable:    1488420 kB
Buffers:           16696 kB
Cached:            95104 kB
MemTotal:        1844596 kB
MemFree:         1501840 kB
MemAvailable:    1488300 kB
Buffers:           16696 kB
Cached:            95104 kB
MemTotal:        1844596 kB
MemFree:         1501908 kB
MemAvailable:    1488368 kB
Buffers:           16696 kB
Cached:            95104 kB
MemTotal:        1844596 kB
MemFree:         1501792 kB
MemAvailable:    1488252 kB
Buffers:           16696 kB
Cached:            95104 kB
MemTotal:        1844596 kB
MemFree:         1500616 kB
MemAvailable:    1487076 kB
Buffers:           16696 kB
Cached:            95104 kB
MemTotal:        1844596 kB
MemFree:         1501760 kB
MemAvailable:    1488220 kB
Buffers:           16696 kB
Cached:            95104 kB
MemTotal:        1844596 kB
MemFree:         1501912 kB
MemAvailable:    1488372 kB
Buffers:           16696 kB
Cached:            95104 kB
MemTotal:        1844596 kB
MemFree:         1501760 kB
MemAvailable:    1488220 kB
Buffers:           16696 kB
Cached:            95104 kB
MemTotal:        1844596 kB
MemFree:         1501760 kB
MemAvailable:    1488220 kB
Buffers:           16696 kB
Cached:            95104 kB
MemTotal:        1844596 kB
MemFree:         1501984 kB
MemAvailable:    1488444 kB
Buffers:           16696 kB
Cached:            95104 kB
MemTotal:        1844596 kB
MemFree:         1501168 kB
MemAvailable:    1487628 kB
Buffers:           16696 kB
Cached:            95104 kB
MemTotal:        1844596 kB
MemFree:         1501408 kB
MemAvailable:    1487868 kB
Buffers:           16696 kB
Cached:            95104 kB
MemTotal:        1844596 kB
MemFree:         1502144 kB
MemAvailable:    1488604 kB
Buffers:           16696 kB
Cached:            95104 kB
MemTotal:        1844596 kB
MemFree:         1502480 kB
MemAvailable:    1488940 kB
Buffers:           16696 kB
Cached:            95104 kB
MemTotal:        1844596 kB
MemFree:         1502268 kB
MemAvailable:    1488728 kB
Buffers:           16696 kB
Cached:            95104 kB
MemTotal:        1844596 kB
MemFree:         1501408 kB
MemAvailable:    1487868 kB
Buffers:           16696 kB
Cached:            95104 kB
MemTotal:        1844596 kB
MemFree:         1501884 kB
MemAvailable:    1488344 kB
Buffers:           16696 kB
Cached:            95104 kB
MemTotal:        1844596 kB
MemFree:         1502136 kB
MemAvailable:    1488596 kB
Buffers:           16696 kB
Cached:            95104 kB
MemTotal:        1844596 kB
MemFree:         1501988 kB
MemAvailable:    1488448 kB
Buffers:           16696 kB
Cached:            95104 kB
MemTotal:        1844596 kB
MemFree:         1502148 kB
MemAvailable:    1488608 kB
Buffers:           16696 kB
Cached:            95104 kB
MemTotal:        1844596 kB
MemFree:         1501960 kB
MemAvailable:    1488420 kB
Buffers:           16696 kB
Cached:            95104 kB
MemTotal:        1844596 kB
MemFree:         1502016 kB
MemAvailable:    1488476 kB
Buffers:           16696 kB
Cached:            95104 kB
MemTotal:        1844596 kB
MemFree:         1502184 kB
MemAvailable:    1488644 kB
Buffers:           16696 kB
Cached:            95104 kB
MemTotal:        1844596 kB
MemFree:         1501800 kB
MemAvailable:    1488260 kB
Buffers:           16696 kB
Cached:            95104 kB
MemTotal:        1844596 kB
MemFree:         1500796 kB
MemAvailable:    1487256 kB
Buffers:           16696 kB
Cached:            95104 kB
MemTotal:        1844596 kB
MemFree:         1500788 kB
MemAvailable:    1487248 kB
Buffers:           16696 kB
Cached:            95104 kB
MemTotal:        1844596 kB
MemFree:         1501840 kB
MemAvailable:    1488300 kB
Buffers:           16696 kB
Cached:            95104 kB
MemTotal:        1844596 kB
MemFree:         1501840 kB
MemAvailable:    1488300 kB
Buffers:           16696 kB
Cached:            95104 kB
MemTotal:        1844596 kB
MemFree:         1502028 kB
MemAvailable:    1488488 kB
Buffers:           16696 kB
Cached:            95104 kB
MemTotal:        1844596 kB
MemFree:         1501844 kB
MemAvailable:    1488304 kB
Buffers:           16696 kB
Cached:            95104 kB
MemTotal:        1844596 kB
MemFree:         1501844 kB
MemAvailable:    1488304 kB
Buffers:           16696 kB
Cached:            95104 kB
MemTotal:        1844596 kB
MemFree:         1501908 kB
MemAvailable:    1488368 kB
Buffers:           16696 kB
Cached:            95104 kB
MemTotal:        1844596 kB
MemFree:         1502036 kB
MemAvailable:    1488496 kB
Buffers:           16696 kB
Cached:            95104 kB
MemTotal:        1844596 kB
MemFree:         1501968 kB
MemAvailable:    1488428 kB
Buffers:           16696 kB
Cached:            95104 kB
MemTotal:        1844596 kB
MemFree:         1501872 kB
MemAvailable:    1488332 kB
Buffers:           16696 kB
Cached:            95108 kB
MemTotal:        1844596 kB
MemFree:         1501972 kB
MemAvailable:    1488432 kB
Buffers:           16696 kB
Cached:            95108 kB
MemTotal:        1844596 kB
MemFree:         1501416 kB
MemAvailable:    1487876 kB
Buffers:           16696 kB
Cached:            95108 kB
MemTotal:        1844596 kB
MemFree:         1501408 kB
MemAvailable:    1487868 kB
Buffers:           16696 kB
Cached:            95108 kB
MemTotal:        1844596 kB
MemFree:         1502220 kB
MemAvailable:    1488680 kB
Buffers:           16696 kB
Cached:            95108 kB
MemTotal:        1844596 kB
MemFree:         1500912 kB
MemAvailable:    1487372 kB
Buffers:           16696 kB
Cached:            95108 kB
MemTotal:        1844596 kB
MemFree:         1502088 kB
MemAvailable:    1488548 kB
Buffers:           16696 kB
Cached:            95108 kB
MemTotal:        1844596 kB
MemFree:         1500912 kB
MemAvailable:    1487372 kB
Buffers:           16696 kB
Cached:            95108 kB
MemTotal:        1844596 kB
MemFree:         1502212 kB
MemAvailable:    1488672 kB
Buffers:           16696 kB
Cached:            95108 kB
MemTotal:        1844596 kB
MemFree:         1501880 kB
MemAvailable:    1488340 kB
Buffers:           16696 kB
Cached:            95108 kB
MemTotal:        1844596 kB
MemFree:         1501956 kB
MemAvailable:    1488416 kB
Buffers:           16696 kB
Cached:            95108 kB
MemTotal:        1844596 kB
MemFree:         1501944 kB
MemAvailable:    1488404 kB
Buffers:           16696 kB
Cached:            95108 kB
MemTotal:        1844596 kB
MemFree:         1500920 kB
MemAvailable:    1487380 kB
Buffers:           16696 kB
Cached:            95108 kB
MemTotal:        1844596 kB
MemFree:         1502088 kB
MemAvailable:    1488552 kB
Buffers:           16696 kB
Cached:            95112 kB
MemTotal:        1844596 kB
MemFree:         1501964 kB
MemAvailable:    1488428 kB
Buffers:           16696 kB
Cached:            95112 kB
MemTotal:        1844596 kB
MemFree:         1500920 kB
MemAvailable:    1487384 kB
Buffers:           16696 kB
Cached:            95112 kB
MemTotal:        1844596 kB
MemFree:         1501960 kB
MemAvailable:    1488424 kB
Buffers:           16696 kB
Cached:            95112 kB
MemTotal:        1844596 kB
MemFree:         1501044 kB
MemAvailable:    1487508 kB
Buffers:           16696 kB
Cached:            95112 kB
MemTotal:        1844596 kB
MemFree:         1501960 kB
MemAvailable:    1488424 kB
Buffers:           16696 kB
Cached:            95112 kB
MemTotal:        1844596 kB
MemFree:         1501848 kB
MemAvailable:    1488312 kB
Buffers:           16696 kB
Cached:            95112 kB
MemTotal:        1844596 kB
MemFree:         1500796 kB
MemAvailable:    1487260 kB
Buffers:           16696 kB
Cached:            95112 kB
MemTotal:        1844596 kB
MemFree:         1500872 kB
MemAvailable:    1487336 kB
Buffers:           16696 kB
Cached:            95112 kB
MemTotal:        1844596 kB
MemFree:         1501972 kB
MemAvailable:    1488436 kB
Buffers:           16696 kB
Cached:            95112 kB
MemTotal:        1844596 kB
MemFree:         1501036 kB
MemAvailable:    1487500 kB
Buffers:           16696 kB
Cached:            95112 kB
MemTotal:        1844596 kB
MemFree:         1501408 kB
MemAvailable:    1487872 kB
Buffers:           16696 kB
Cached:            95112 kB
MemTotal:        1844596 kB
MemFree:         1502344 kB
MemAvailable:    1488808 kB
Buffers:           16696 kB
Cached:            95112 kB
MemTotal:        1844596 kB
MemFree:         1501292 kB
MemAvailable:    1487756 kB
Buffers:           16696 kB
Cached:            95112 kB
MemTotal:        1844596 kB
MemFree:         1501960 kB
MemAvailable:    1488424 kB
Buffers:           16696 kB
Cached:            95112 kB
MemTotal:        1844596 kB
MemFree:         1501720 kB
MemAvailable:    1488184 kB
Buffers:           16696 kB
Cached:            95112 kB
MemTotal:        1844596 kB
MemFree:         1501796 kB
MemAvailable:    1488260 kB
Buffers:           16696 kB
Cached:            95112 kB
MemTotal:        1844596 kB
MemFree:         1502096 kB
MemAvailable:    1488560 kB
Buffers:           16696 kB
Cached:            95112 kB
MemTotal:        1844596 kB
MemFree:         1501964 kB
MemAvailable:    1488428 kB
Buffers:           16696 kB
Cached:            95112 kB
MemTotal:        1844596 kB
MemFree:         1501044 kB
MemAvailable:    1487508 kB
Buffers:           16700 kB
Cached:            95108 kB
MemTotal:        1844596 kB
MemFree:         1501860 kB
MemAvailable:    1488324 kB
Buffers:           16704 kB
Cached:            95104 kB
MemTotal:        1844596 kB
MemFree:         1501976 kB
MemAvailable:    1488440 kB
Buffers:           16704 kB
Cached:            95104 kB
MemTotal:        1844596 kB
MemFree:         1502344 kB
MemAvailable:    1488808 kB
Buffers:           16704 kB
Cached:            95104 kB
MemTotal:        1844596 kB
MemFree:         1501044 kB
MemAvailable:    1487508 kB
Buffers:           16704 kB
Cached:            95104 kB
MemTotal:        1844596 kB
MemFree:         1501960 kB
MemAvailable:    1488424 kB
Buffers:           16704 kB
Cached:            95104 kB
MemTotal:        1844596 kB
MemFree:         1501892 kB
MemAvailable:    1488356 kB
Buffers:           16704 kB
Cached:            95104 kB
MemTotal:        1844596 kB
MemFree:         1502468 kB
MemAvailable:    1488936 kB
Buffers:           16704 kB
Cached:            95112 kB
MemTotal:        1844596 kB
MemFree:         1502012 kB
MemAvailable:    1488480 kB
Buffers:           16704 kB
Cached:            95112 kB
MemTotal:        1844596 kB
MemFree:         1502012 kB
MemAvailable:    1488480 kB
Buffers:           16704 kB
Cached:            95112 kB
MemTotal:        1844596 kB
MemFree:         1501972 kB
MemAvailable:    1488440 kB
Buffers:           16704 kB
Cached:            95112 kB
MemTotal:        1844596 kB
MemFree:         1500928 kB
MemAvailable:    1487396 kB
Buffers:           16704 kB
Cached:            95112 kB
MemTotal:        1844596 kB
MemFree:         1502220 kB
MemAvailable:    1488688 kB
Buffers:           16704 kB
Cached:            95112 kB
MemTotal:        1844596 kB
MemFree:         1501896 kB
MemAvailable:    1488364 kB
Buffers:           16704 kB
Cached:            95112 kB
MemTotal:        1844596 kB
MemFree:         1501788 kB
MemAvailable:    1488256 kB
Buffers:           16704 kB
Cached:            95112 kB
MemTotal:        1844596 kB
MemFree:         1501760 kB
MemAvailable:    1488228 kB
Buffers:           16704 kB
Cached:            95112 kB
MemTotal:        1844596 kB
MemFree:         1502012 kB
MemAvailable:    1488480 kB
Buffers:           16704 kB
Cached:            95112 kB
MemTotal:        1844596 kB
