MemTotal:        1844596 kB
MemFree:          306752 kB
MemAvailable:    1558628 kB
Buffers:           85432 kB
Cached:          1273644 kB
MemTotal:        1844596 kB
MemFree:          304580 kB
MemAvailable:    1556456 kB
Buffers:           85432 kB
Cached:          1273644 kB
MemTotal:        1844596 kB
MemFree:          303712 kB
MemAvailable:    1555588 kB
Buffers:           85432 kB
Cached:          1273644 kB
MemTotal:        1844596 kB
MemFree:          303636 kB
MemAvailable:    1555512 kB
Buffers:           85432 kB
Cached:          1273644 kB
MemTotal:        1844596 kB
MemFree:          299932 kB
MemAvailable:    1551808 kB
Buffers:           85432 kB
Cached:          1273644 kB
MemTotal:        1844596 kB
MemFree:          300976 kB
MemAvailable:    1552856 kB
Buffers:           85432 kB
Cached:          1273648 kB
MemTotal:        1844596 kB
MemFree:          299684 kB
MemAvailable:    1551564 kB
Buffers:           85432 kB
Cached:          1273648 kB
MemTotal:        1844596 kB
MemFree:          297560 kB
MemAvailable:    1549440 kB
Buffers:           85432 kB
Cached:          1273648 kB
MemTotal:        1844596 kB
MemFree:          297560 kB
MemAvailable:    1549440 kB
Buffers:           85432 kB
Cached:          1273648 kB
MemTotal:        1844596 kB
MemFree:          294288 kB
MemAvailable:    1546168 kB
Buffers:           85432 kB
Cached:          1273648 kB
MemTotal:        1844596 kB
MemFree:          290632 kB
MemAvailable:    1542512 kB
Buffers:           85432 kB
Cached:          1273648 kB
MemTotal:        1844596 kB
MemFree:          292024 kB
MemAvailable:    1543904 kB
Buffers:           85432 kB
Cached:          1273648 kB
MemTotal:        1844596 kB
MemFree:          292188 kB
MemAvailable:    1544068 kB
Buffers:           85432 kB
Cached:          1273648 kB
MemTotal:        1844596 kB
MemFree:          292092 kB
MemAvailable:    1543972 kB
Buffers:           85432 kB
Cached:          1273648 kB
MemTotal:        1844596 kB
MemFree:          292344 kB
MemAvailable:    1544224 kB
Buffers:           85432 kB
Cached:          1273648 kB
MemTotal:        1844596 kB
MemFree:          292176 kB
MemAvailable:    1544056 kB
Buffers:           85432 kB
Cached:          1273648 kB
MemTotal:        1844596 kB
MemFree:          292344 kB
MemAvailable:    1544224 kB
Buffers:           85432 kB
Cached:          1273648 kB
MemTotal:        1844596 kB
MemFree:          291732 kB
MemAvailable:    1543612 kB
Buffers:           85432 kB
Cached:          1273648 kB
MemTotal:        1844596 kB
MemFree:          292068 kB
MemAvailable:    1543948 kB
Buffers:           85432 kB
Cached:          1273648 kB
MemTotal:        1844596 kB
MemFree:          291600 kB
MemAvailable:    1543480 kB
Buffers:           85432 kB
Cached:          1273648 kB
MemTotal:        1844596 kB
MemFree:          291684 kB
MemAvailable:    1543564 kB
Buffers:           85432 kB
Cached:          1273648 kB
MemTotal:        1844596 kB
MemFree:          290692 kB
MemAvailable:    1542572 kB
Buffers:           85432 kB
Cached:          1273648 kB
MemTotal:        1844596 kB
MemFree:          290072 kB
MemAvailable:    1541952 kB
Buffers:           85432 kB
Cached:          1273648 kB
MemTotal:        1844596 kB
MemFree:          288764 kB
MemAvailable:    1540644 kB
Buffers:           85432 kB
Cached:          1273648 kB
MemTotal:        1844596 kB
MemFree:          289756 kB
MemAvailable:    1541636 kB
Buffers:           85432 kB
Cached:          1273648 kB
MemTotal:        1844596 kB
MemFree:          288632 kB
MemAvailable:    1540512 kB
Buffers:           85432 kB
Cached:          1273648 kB
MemTotal:        1844596 kB
MemFree:          289924 kB
MemAvailable:    1541808 kB
Buffers:           85432 kB
Cached:          1273648 kB
MemTotal:        1844596 kB
MemFree:          288648 kB
MemAvailable:    1540532 kB
Buffers:           85432 kB
Cached:          1273648 kB
MemTotal:        1844596 kB
MemFree:          288640 kB
MemAvailable:    1540524 kB
Buffers:           85432 kB
Cached:          1273648 kB
MemTotal:        1844596 kB
MemFree:          289576 kB
MemAvailable:    1541460 kB
Buffers:           85432 kB
Cached:          1273648 kB
MemTotal:        1844596 kB
MemFree:          289640 kB
MemAvailable:    1541524 kB
Buffers:           85432 kB
Cached:          1273648 kB
MemTotal:        1844596 kB
MemFree:          289444 kB
MemAvailable:    1541328 kB
Buffers:           85432 kB
Cached:          1273648 kB
MemTotal:        1844596 kB
MemFree:          289780 kB
MemAvailable:    1541664 kB
Buffers:           85432 kB
Cached:          1273648 kB
MemTotal:        1844596 kB
MemFree:          289672 kB
MemAvailable:    1541556 kB
Buffers:           85432 kB
Cached:          1273648 kB
MemTotal:        1844596 kB
MemFree:          287656 kB
MemAvailable:    1539540 kB
Buffers:           85432 kB
Cached:          1273648 kB
MemTotal:        1844596 kB
MemFree:          284060 kB
MemAvailable:    1535944 kB
Buffers:           85432 kB
Cached:          1273648 kB
MemTotal:        1844596 kB
MemFree:          284060 kB
MemAvailable:    1535944 kB
Buffers:           85432 kB
Cached:          1273648 kB
MemTotal:        1844596 kB
MemFree:          285104 kB
MemAvailable:    1536988 kB
Buffers:           85432 kB
Cached:          1273648 kB
MemTotal:        1844596 kB
MemFree:          284904 kB
MemAvailable:    1536788 kB
Buffers:           85432 kB
Cached:          1273648 kB
MemTotal:        1844596 kB
MemFree:          284804 kB
MemAvailable:    1536688 kB
Buffers:           85432 kB
Cached:          1273648 kB
MemTotal:        1844596 kB
MemFree:          284776 kB
MemAvailable:    1536660 kB
Buffers:           85432 kB
Cached:          1273648 kB
MemTotal:        1844596 kB
MemFree:          285028 kB
MemAvailable:    1536912 kB
Buffers:           85432 kB
Cached:          1273648 kB
MemTotal:        1844596 kB
MemFree:          284484 kB
MemAvailable:    1536368 kB
Buffers:           85432 kB
Cached:          1273648 kB
MemTotal:        1844596 kB
MemFree:          284820 kB
MemAvailable:    1536704 kB
Buffers:           85432 kB
Cached:          1273648 kB
MemTotal:        1844596 kB
MemFree:          284236 kB
MemAvailable:    1536120 kB
Buffers:           85432 kB
Cached:          1273648 kB
MemTotal:        1844596 kB
MemFree:          283804 kB
MemAvailable:    1535688 kB
Buffers:           85432 kB
Cached:          1273648 kB
MemTotal:        1844596 kB
MemFree:          283556 kB
MemAvailable:    1535440 kB
Buffers:           85432 kB
Cached:          1273648 kB
MemTotal:        1844596 kB
MemFree:          283548 kB
MemAvailable:    1535432 kB
Buffers:           85432 kB
Cached:          1273648 kB
MemTotal:        1844596 kB
MemFree:          283884 kB
MemAvailable:    1535768 kB
Buffers:           85432 kB
Cached:          1273648 kB
MemTotal:        1844596 kB
MemFree:          283500 kB
MemAvailable:    1535384 kB
Buffers:           85432 kB
Cached:          1273648 kB
MemTotal:        1844596 kB
MemFree:          283584 kB
MemAvailable:    1535468 kB
Buffers:           85432 kB
Cached:          1273648 kB
MemTotal:        1844596 kB
MemFree:          282264 kB
MemAvailable:    1534148 kB
Buffers:           85432 kB
Cached:          1273648 kB
MemTotal:        1844596 kB
MemFree:          282264 kB
MemAvailable:    1534148 kB
Buffers:           85432 kB
Cached:          1273648 kB
MemTotal:        1844596 kB
MemFree:          283372 kB
MemAvailable:    1535256 kB
Buffers:           85432 kB
Cached:          1273648 kB
MemTotal:        1844596 kB
MemFree:          283184 kB
MemAvailable:    1535068 kB
Buffers:           85432 kB
Cached:          1273648 kB
MemTotal:        1844596 kB
MemFree:          281772 kB
MemAvailable:    1533660 kB
Buffers:           85432 kB
Cached:          1273652 kB
MemTotal:        1844596 kB
MemFree:          281896 kB
MemAvailable:    1533784 kB
Buffers:           85432 kB
Cached:          1273652 kB
MemTotal:        1844596 kB
MemFree:          283072 kB
MemAvailable:    1534960 kB
Buffers:           85432 kB
Cached:          1273652 kB
MemTotal:        1844596 kB
MemFree:          283568 kB
MemAvailable:    1535456 kB
Buffers:           85432 kB
Cached:          1273652 kB
MemTotal:        1844596 kB
MemFree:          282076 kB
MemAvailable:    1533964 kB
Buffers:           85432 kB
Cached:          1273652 kB
MemTotal:        1844596 kB
MemFree:          283200 kB
MemAvailable:    1535088 kB
Buffers:           85432 kB
Cached:          1273652 kB
MemTotal:        1844596 kB
MemFree:          283012 kB
MemAvailable:    1534900 kB
Buffers:           85432 kB
Cached:          1273652 kB
MemTotal:        1844596 kB
MemFree:          283268 kB
MemAvailable:    1535156 kB
Buffers:           85432 kB
Cached:          1273652 kB
MemTotal:        1844596 kB
MemFree:          283232 kB
MemAvailable:    1535120 kB
Buffers:           85432 kB
Cached:          1273652 kB
MemTotal:        1844596 kB
MemFree:          282056 kB
MemAvailable:    1533944 kB
Buffers:           85432 kB
Cached:          1273652 kB
MemTotal:        1844596 kB
MemFree:          279712 kB
MemAvailable:    1531600 kB
Buffers:           85432 kB
Cached:          1273652 kB
MemTotal:        1844596 kB
MemFree:          277292 kB
MemAvailable:    1529180 kB
Buffers:           85432 kB
Cached:          1273652 kB
MemTotal:        1844596 kB
MemFree:          276968 kB
MemAvailable:    1528856 kB
Buffers:           85432 kB
Cached:          1273652 kB
MemTotal:        1844596 kB
MemFree:          276968 kB
MemAvailable:    1528856 kB
Buffers:           85432 kB
Cached:          1273652 kB
MemTotal:        1844596 kB
MemFree:          276804 kB
MemAvailable:    1528692 kB
Buffers:           85432 kB
Cached:          1273652 kB
MemTotal:        1844596 kB
MemFree:          276380 kB
MemAvailable:    1528268 kB
Buffers:           85432 kB
Cached:          1273652 kB
MemTotal:        1844596 kB
MemFree:          276232 kB
MemAvailable:    1528120 kB
Buffers:           85432 kB
Cached:          1273652 kB
MemTotal:        1844596 kB
MemFree:          276488 kB
MemAvailable:    1528376 kB
Buffers:           85432 kB
Cached:          1273652 kB
MemTotal:        1844596 kB
MemFree:          276160 kB
MemAvailable:    1528048 kB
Buffers:           85432 kB
Cached:          1273652 kB
MemTotal:        1844596 kB
MemFree:          276120 kB
MemAvailable:    1528008 kB
Buffers:           85432 kB
Cached:          1273652 kB
MemTotal:        1844596 kB
MemFree:          275124 kB
MemAvailable:    1527012 kB
Buffers:           85432 kB
Cached:          1273652 kB
MemTotal:        1844596 kB
MemFree:          275496 kB
MemAvailable:    1527384 kB
Buffers:           85432 kB
Cached:          1273652 kB
MemTotal:        1844596 kB
MemFree:          275248 kB
MemAvailable:    1527136 kB
Buffers:           85432 kB
Cached:          1273652 kB
MemTotal:        1844596 kB
MemFree:          273992 kB
MemAvailable:    1525880 kB
Buffers:           85432 kB
Cached:          1273652 kB
MemTotal:        1844596 kB
MemFree:          274876 kB
MemAvailable:    1526764 kB
Buffers:           85432 kB
Cached:          1273652 kB
MemTotal:        1844596 kB
MemFree:          274612 kB
MemAvailable:    1526500 kB
Buffers:           85432 kB
Cached:          1273652 kB
MemTotal:        1844596 kB
MemFree:          274612 kB
MemAvailable:    1526500 kB
Buffers:           85432 kB
Cached:          1273652 kB
MemTotal:        1844596 kB
MemFree:          273944 kB
MemAvailable:    1525832 kB
Buffers:           85432 kB
Cached:          1273652 kB
MemTotal:        1844596 kB
MemFree:          272404 kB
MemAvailable:    1524292 kB
Buffers:           85432 kB
Cached:          1273652 kB
MemTotal:        1844596 kB
MemFree:          272528 kB
MemAvailable:    1524416 kB
Buffers:           85432 kB
Cached:          1273652 kB
MemTotal:        1844596 kB
MemFree:          272528 kB
MemAvailable:    1524416 kB
Buffers:           85432 kB
Cached:          1273652 kB
MemTotal:        1844596 kB
MemFree:          272396 kB
MemAvailable:    1524284 kB
Buffers:           85432 kB
Cached:          1273652 kB
MemTotal:        1844596 kB
MemFree:          273464 kB
MemAvailable:    1525352 kB
Buffers:           85432 kB
Cached:          1273652 kB
MemTotal:        1844596 kB
MemFree:          273632 kB
MemAvailable:    1525520 kB
Buffers:           85432 kB
Cached:          1273652 kB
MemTotal:        1844596 kB
MemFree:          273208 kB
MemAvailable:    1525096 kB
Buffers:           85432 kB
Cached:          1273652 kB
MemTotal:        1844596 kB
MemFree:          273544 kB
MemAvailable:    1525432 kB
Buffers:           85432 kB
Cached:          1273652 kB
MemTotal:        1844596 kB
MemFree:          272392 kB
MemAvailable:    1524280 kB
Buffers:           85432 kB
Cached:          1273652 kB
MemTotal:        1844596 kB
MemFree:          273328 kB
MemAvailable:    1525216 kB
Buffers:           85432 kB
Cached:          1273652 kB
MemTotal:        1844596 kB
MemFree:          273580 kB
MemAvailable:    1525468 kB
Buffers:           85432 kB
Cached:          1273652 kB
MemTotal:        1844596 kB
MemFree:          272100 kB
MemAvailable:    1523988 kB
Buffers:           85432 kB
Cached:          1273652 kB
MemTotal:        1844596 kB
MemFree:          272596 kB
MemAvailable:    1524484 kB
Buffers:           85432 kB
Cached:          1273652 kB
MemTotal:        1844596 kB
MemFree:          272884 kB
MemAvailable:    1524772 kB
Buffers:           85432 kB
Cached:          1273652 kB
MemTotal:        1844596 kB
MemFree:          272652 kB
MemAvailable:    1524540 kB
Buffers:           85432 kB
Cached:          1273652 kB
MemTotal:        1844596 kB
MemFree:          272464 kB
MemAvailable:    1524352 kB
Buffers:           85432 kB
Cached:          1273652 kB
MemTotal:        1844596 kB
MemFree:          272720 kB
MemAvailable:    1524608 kB
Buffers:           85432 kB
Cached:          1273652 kB
MemTotal:        1844596 kB
MemFree:          272016 kB
MemAvailable:    1523904 kB
Buffers:           85432 kB
Cached:          1273652 kB
MemTotal:        1844596 kB
MemFree:          272100 kB
MemAvailable:    1523988 kB
Buffers:           85432 kB
Cached:          1273652 kB
MemTotal:        1844596 kB
MemFree:          271720 kB
MemAvailable:    1523608 kB
Buffers:           85432 kB
Cached:          1273652 kB
MemTotal:        1844596 kB
MemFree:          271976 kB
MemAvailable:    1523864 kB
Buffers:           85432 kB
Cached:          1273652 kB
MemTotal:        1844596 kB
MemFree:          270536 kB
MemAvailable:    1522432 kB
Buffers:           85432 kB
Cached:          1273660 kB
MemTotal:        1844596 kB
MemFree:          269800 kB
MemAvailable:    1521696 kB
Buffers:           85432 kB
Cached:          1273660 kB
MemTotal:        1844596 kB
MemFree:          270048 kB
MemAvailable:    1521944 kB
Buffers:           85432 kB
Cached:          1273660 kB
MemTotal:        1844596 kB
MemFree:          270784 kB
MemAvailable:    1522680 kB
Buffers:           85432 kB
Cached:          1273660 kB
MemTotal:        1844596 kB
MemFree:          270924 kB
MemAvailable:    1522820 kB
Buffers:           85432 kB
Cached:          1273660 kB
MemTotal:        1844596 kB
MemFree:          270916 kB
MemAvailable:    1522812 kB
Buffers:           85432 kB
Cached:          1273660 kB
MemTotal:        1844596 kB
MemFree:          269668 kB
MemAvailable:    1521564 kB
Buffers:           85432 kB
Cached:          1273660 kB
MemTotal:        1844596 kB
MemFree:          270728 kB
MemAvailable:    1522624 kB
Buffers:           85432 kB
Cached:          1273660 kB
MemTotal:        1844596 kB
MemFree:          270980 kB
MemAvailable:    1522876 kB
Buffers:           85432 kB
Cached:          1273660 kB
MemTotal:        1844596 kB
MemFree:          270412 kB
MemAvailable:    1522308 kB
Buffers:           85432 kB
Cached:          1273660 kB
MemTotal:        1844596 kB
MemFree:          270668 kB
MemAvailable:    1522564 kB
Buffers:           85432 kB
Cached:          1273660 kB
MemTotal:        1844596 kB
MemFree:          268676 kB
MemAvailable:    1520572 kB
Buffers:           85432 kB
Cached:          1273660 kB
MemTotal:        1844596 kB
MemFree:          268676 kB
MemAvailable:    1520572 kB
Buffers:           85432 kB
Cached:          1273660 kB
MemTotal:        1844596 kB
MemFree:          264964 kB
MemAvailable:    1516860 kB
Buffers:           85432 kB
Cached:          1273660 kB
MemTotal:        1844596 kB
MemFree:          261468 kB
MemAvailable:    1513364 kB
Buffers:           85432 kB
Cached:          1273660 kB
MemTotal:        1844596 kB
MemFree:          261552 kB
MemAvailable:    1513448 kB
Buffers:           85432 kB
Cached:          1273660 kB
MemTotal:        1844596 kB
MemFree:          260072 kB
MemAvailable:    1511968 kB
Buffers:           85432 kB
Cached:          1273660 kB
MemTotal:        1844596 kB
MemFree:          261304 kB
MemAvailable:    1513200 kB
Buffers:           85432 kB
Cached:          1273660 kB
MemTotal:        1844596 kB
MemFree:          260004 kB
MemAvailable:    1511900 kB
Buffers:           85432 kB
Cached:          1273660 kB
MemTotal:        1844596 kB
MemFree:          259748 kB
MemAvailable:    1511644 kB
Buffers:           85432 kB
Cached:          1273660 kB
MemTotal:        1844596 kB
MemFree:          260732 kB
MemAvailable:    1512628 kB
Buffers:           85432 kB
Cached:          1273660 kB
MemTotal:        1844596 kB
MemFree:          259136 kB
MemAvailable:    1511032 kB
Buffers:           85432 kB
Cached:          1273660 kB
MemTotal:        1844596 kB
MemFree:          259568 kB
MemAvailable:    1511464 kB
Buffers:           85432 kB
Cached:          1273660 kB
MemTotal:        1844596 kB
MemFree:          258260 kB
MemAvailable:    1510156 kB
Buffers:           85432 kB
Cached:          1273660 kB
MemTotal:        1844596 kB
MemFree:          258996 kB
MemAvailable:    1510892 kB
Buffers:           85432 kB
Cached:          1273660 kB
MemTotal:        1844596 kB
MemFree:          259080 kB
MemAvailable:    1510976 kB
Buffers:           85432 kB
Cached:          1273660 kB
MemTotal:        1844596 kB
MemFree:          258960 kB
MemAvailable:    1510856 kB
Buffers:           85432 kB
Cached:          1273660 kB
MemTotal:        1844596 kB
MemFree:          257712 kB
MemAvailable:    1509608 kB
Buffers:           85432 kB
Cached:          1273660 kB
MemTotal:        1844596 kB
MemFree:          259012 kB
MemAvailable:    1510908 kB
Buffers:           85432 kB
Cached:          1273660 kB
MemTotal:        1844596 kB
MemFree:          258980 kB
MemAvailable:    1510876 kB
Buffers:           85432 kB
Cached:          1273660 kB
MemTotal:        1844596 kB
MemFree:          258640 kB
MemAvailable:    1510536 kB
Buffers:           85432 kB
Cached:          1273660 kB
MemTotal:        1844596 kB
MemFree:          258944 kB
MemAvailable:    1510840 kB
Buffers:           85432 kB
Cached:          1273660 kB
MemTotal:        1844596 kB
MemFree:          258764 kB
MemAvailable:    1510660 kB
Buffers:           85432 kB
Cached:          1273660 kB
MemTotal:        1844596 kB
MemFree:          257884 kB
MemAvailable:    1509780 kB
Buffers:           85432 kB
Cached:          1273660 kB
MemTotal:        1844596 kB
MemFree:          258268 kB
MemAvailable:    1510164 kB
Buffers:           85432 kB
Cached:          1273660 kB
MemTotal:        1844596 kB
MemFree:          258860 kB
MemAvailable:    1510756 kB
Buffers:           85432 kB
Cached:          1273660 kB
MemTotal:        1844596 kB
MemFree:          259196 kB
MemAvailable:    1511092 kB
Buffers:           85432 kB
Cached:          1273660 kB
MemTotal:        1844596 kB
MemFree:          257836 kB
MemAvailable:    1509732 kB
Buffers:           85432 kB
Cached:          1273660 kB
MemTotal:        1844596 kB
MemFree:          257748 kB
MemAvailable:    1509644 kB
Buffers:           85432 kB
Cached:          1273660 kB
MemTotal:        1844596 kB
MemFree:          258848 kB
MemAvailable:    1510744 kB
Buffers:           85432 kB
Cached:          1273660 kB
MemTotal:        1844596 kB
MemFree:          258932 kB
MemAvailable:    1510828 kB
Buffers:           85432 kB
Cached:          1273660 kB
MemTotal:        1844596 kB
MemFree:          257700 kB
MemAvailable:    1509596 kB
Buffers:           85432 kB
Cached:          1273660 kB
MemTotal:        1844596 kB
MemFree:          254920 kB
MemAvailable:    1506816 kB
Buffers:           85432 kB
Cached:          1273660 kB
MemTotal:        1844596 kB
MemFree:          254424 kB
MemAvailable:    1506320 kB
Buffers:           85432 kB
Cached:          1273660 kB
MemTotal:        1844596 kB
MemFree:          249648 kB
MemAvailable:    1501544 kB
Buffers:           85432 kB
Cached:          1273660 kB
MemTotal:        1844596 kB
MemFree:          246936 kB
MemAvailable:    1498832 kB
Buffers:           85432 kB
Cached:          1273660 kB
MemTotal:        1844596 kB
MemFree:          246064 kB
MemAvailable:    1497960 kB
Buffers:           85432 kB
Cached:          1273660 kB
MemTotal:        1844596 kB
MemFree:          246844 kB
MemAvailable:    1498740 kB
Buffers:           85432 kB
Cached:          1273660 kB
MemTotal:        1844596 kB
MemFree:          246772 kB
MemAvailable:    1498668 kB
Buffers:           85432 kB
Cached:          1273660 kB
MemTotal:        1844596 kB
MemFree:          246984 kB
MemAvailable:    1498880 kB
Buffers:           85432 kB
Cached:          1273660 kB
MemTotal:        1844596 kB
MemFree:          246672 kB
MemAvailable:    1498568 kB
Buffers:           85432 kB
Cached:          1273660 kB
MemTotal:        1844596 kB
MemFree:          246928 kB
MemAvailable:    1498824 kB
Buffers:           85432 kB
Cached:          1273660 kB
MemTotal:        1844596 kB
MemFree:          246784 kB
MemAvailable:    1498680 kB
Buffers:           85432 kB
Cached:          1273660 kB
MemTotal:        1844596 kB
MemFree:          246784 kB
MemAvailable:    1498680 kB
Buffers:           85432 kB
Cached:          1273660 kB
MemTotal:        1844596 kB
MemFree:          246472 kB
MemAvailable:    1498368 kB
Buffers:           85432 kB
Cached:          1273660 kB
MemTotal:        1844596 kB
MemFree:          246808 kB
MemAvailable:    1498704 kB
Buffers:           85432 kB
Cached:          1273660 kB
MemTotal:        1844596 kB
MemFree:          246532 kB
MemAvailable:    1498428 kB
Buffers:           85432 kB
Cached:          1273660 kB
MemTotal:        1844596 kB
MemFree:          246300 kB
MemAvailable:    1498196 kB
Buffers:           85432 kB
Cached:          1273660 kB
MemTotal:        1844596 kB
MemFree:          246300 kB
MemAvailable:    1498196 kB
Buffers:           85432 kB
Cached:          1273660 kB
MemTotal:        1844596 kB
MemFree:          245076 kB
MemAvailable:    1496972 kB
Buffers:           85432 kB
Cached:          1273660 kB
MemTotal:        1844596 kB
MemFree:          245112 kB
MemAvailable:    1497008 kB
Buffers:           85432 kB
Cached:          1273660 kB
MemTotal:        1844596 kB
MemFree:          246412 kB
MemAvailable:    1498308 kB
Buffers:           85432 kB
Cached:          1273660 kB
MemTotal:        1844596 kB
MemFree:          246268 kB
MemAvailable:    1498164 kB
Buffers:           85432 kB
Cached:          1273660 kB
MemTotal:        1844596 kB
MemFree:          246352 kB
MemAvailable:    1498248 kB
Buffers:           85432 kB
Cached:          1273660 kB
MemTotal:        1844596 kB
MemFree:          246292 kB
MemAvailable:    1498188 kB
Buffers:           85432 kB
Cached:          1273660 kB
MemTotal:        1844596 kB
MemFree:          246544 kB
MemAvailable:    1498440 kB
Buffers:           85432 kB
Cached:          1273660 kB
MemTotal:        1844596 kB
MemFree:          246176 kB
MemAvailable:    1498072 kB
Buffers:           85432 kB
Cached:          1273660 kB
MemTotal:        1844596 kB
MemFree:          246512 kB
MemAvailable:    1498408 kB
Buffers:           85432 kB
Cached:          1273660 kB
MemTotal:        1844596 kB
MemFree:          246304 kB
MemAvailable:    1498200 kB
Buffers:           85432 kB
Cached:          1273660 kB
MemTotal:        1844596 kB
MemFree:          246304 kB
MemAvailable:    1498200 kB
Buffers:           85432 kB
Cached:          1273660 kB
MemTotal:        1844596 kB
MemFree:          244992 kB
MemAvailable:    1496888 kB
Buffers:           85432 kB
Cached:          1273660 kB
MemTotal:        1844596 kB
MemFree:          246376 kB
MemAvailable:    1498272 kB
Buffers:           85432 kB
Cached:          1273660 kB
MemTotal:        1844596 kB
MemFree:          245620 kB
MemAvailable:    1497516 kB
Buffers:           85432 kB
Cached:          1273660 kB
MemTotal:        1844596 kB
MemFree:          246352 kB
MemAvailable:    1498248 kB
Buffers:           85432 kB
Cached:          1273660 kB
MemTotal:        1844596 kB
MemFree:          246100 kB
MemAvailable:    1497996 kB
Buffers:           85432 kB
Cached:          1273660 kB
MemTotal:        1844596 kB
MemFree:          246440 kB
MemAvailable:    1498336 kB
Buffers:           85432 kB
Cached:          1273660 kB
MemTotal:        1844596 kB
MemFree:          245208 kB
MemAvailable:    1497116 kB
Buffers:           85432 kB
Cached:          1273672 kB
MemTotal:        1844596 kB
MemFree:          246324 kB
MemAvailable:    1498232 kB
Buffers:           85432 kB
Cached:          1273672 kB
MemTotal:        1844596 kB
MemFree:          245204 kB
MemAvailable:    1497112 kB
Buffers:           85432 kB
Cached:          1273672 kB
MemTotal:        1844596 kB
MemFree:          244380 kB
MemAvailable:    1496288 kB
Buffers:           85432 kB
Cached:          1273672 kB
MemTotal:        1844596 kB
MemFree:          240968 kB
MemAvailable:    1492876 kB
Buffers:           85432 kB
Cached:          1273672 kB
MemTotal:        1844596 kB
MemFree:          238056 kB
MemAvailable:    1489964 kB
Buffers:           85432 kB
Cached:          1273672 kB
MemTotal:        1844596 kB
MemFree:          234956 kB
MemAvailable:    1486864 kB
Buffers:           85432 kB
Cached:          1273672 kB
MemTotal:        1844596 kB
MemFree:          235960 kB
MemAvailable:    1487868 kB
Buffers:           85432 kB
Cached:          1273672 kB
MemTotal:        1844596 kB
MemFree:          235996 kB
MemAvailable:    1487904 kB
Buffers:           85432 kB
Cached:          1273672 kB
MemTotal:        1844596 kB
MemFree:          236244 kB
MemAvailable:    1488152 kB
Buffers:           85432 kB
Cached:          1273672 kB
MemTotal:        1844596 kB
MemFree:          236244 kB
MemAvailable:    1488152 kB
Buffers:           85432 kB
Cached:          1273672 kB
MemTotal:        1844596 kB
MemFree:          235852 kB
MemAvailable:    1487760 kB
Buffers:           85432 kB
Cached:          1273672 kB
MemTotal:        1844596 kB
MemFree:          234808 kB
MemAvailable:    1486716 kB
Buffers:           85432 kB
Cached:          1273672 kB
MemTotal:        1844596 kB
MemFree:          234760 kB
MemAvailable:    1486668 kB
Buffers:           85432 kB
Cached:          1273672 kB
MemTotal:        1844596 kB
MemFree:          235904 kB
MemAvailable:    1487812 kB
Buffers:           85432 kB
Cached:          1273672 kB
MemTotal:        1844596 kB
MemFree:          235948 kB
MemAvailable:    1487856 kB
Buffers:           85432 kB
Cached:          1273672 kB
MemTotal:        1844596 kB
MemFree:          234820 kB
MemAvailable:    1486728 kB
Buffers:           85432 kB
Cached:          1273672 kB
MemTotal:        1844596 kB
MemFree:          235948 kB
MemAvailable:    1487856 kB
Buffers:           85432 kB
Cached:          1273672 kB
MemTotal:        1844596 kB
MemFree:          236068 kB
MemAvailable:    1487976 kB
Buffers:           85432 kB
Cached:          1273672 kB
MemTotal:        1844596 kB
MemFree:          235328 kB
MemAvailable:    1487236 kB
Buffers:           85432 kB
Cached:          1273672 kB
MemTotal:        1844596 kB
MemFree:          235828 kB
MemAvailable:    1487736 kB
Buffers:           85432 kB
Cached:          1273672 kB
MemTotal:        1844596 kB
MemFree:          235536 kB
MemAvailable:    1487444 kB
Buffers:           85432 kB
Cached:          1273672 kB
MemTotal:        1844596 kB
MemFree:          234088 kB
MemAvailable:    1485996 kB
Buffers:           85432 kB
Cached:          1273672 kB
MemTotal:        1844596 kB
MemFree:          234584 kB
MemAvailable:    1486492 kB
Buffers:           85432 kB
Cached:          1273672 kB
MemTotal:        1844596 kB
MemFree:          233096 kB
MemAvailable:    1485004 kB
Buffers:           85432 kB
Cached:          1273672 kB
MemTotal:        1844596 kB
MemFree:          233768 kB
MemAvailable:    1485676 kB
Buffers:           85432 kB
Cached:          1273672 kB
MemTotal:        1844596 kB
MemFree:          234020 kB
MemAvailable:    1485928 kB
Buffers:           85432 kB
Cached:          1273672 kB
MemTotal:        1844596 kB
MemFree:          232412 kB
MemAvailable:    1484320 kB
Buffers:           85432 kB
Cached:          1273672 kB
MemTotal:        1844596 kB
MemFree:          233704 kB
MemAvailable:    1485612 kB
Buffers:           85432 kB
Cached:          1273672 kB
MemTotal:        1844596 kB
MemFree:          233220 kB
MemAvailable:    1485128 kB
Buffers:           85432 kB
Cached:          1273672 kB
MemTotal:        1844596 kB
MemFree:          233564 kB
MemAvailable:    1485472 kB
Buffers:           85432 kB
Cached:          1273672 kB
MemTotal:        1844596 kB
MemFree:          233900 kB
MemAvailable:    1485808 kB
Buffers:           85432 kB
Cached:          1273672 kB
MemTotal:        1844596 kB
MemFree:          233716 kB
MemAvailable:    1485624 kB
Buffers:           85432 kB
Cached:          1273672 kB
MemTotal:        1844596 kB
MemFree:          233652 kB
MemAvailable:    1485560 kB
Buffers:           85432 kB
Cached:          1273672 kB
MemTotal:        1844596 kB
MemFree:          233096 kB
MemAvailable:    1485004 kB
Buffers:           85432 kB
Cached:          1273672 kB
MemTotal:        1844596 kB
MemFree:          233564 kB
MemAvailable:    1485472 kB
Buffers:           85432 kB
Cached:          1273672 kB
MemTotal:        1844596 kB
MemFree:          232464 kB
MemAvailable:    1484372 kB
Buffers:           85432 kB
Cached:          1273672 kB
MemTotal:        1844596 kB
MemFree:          233572 kB
MemAvailable:    1485480 kB
Buffers:           85432 kB
Cached:          1273672 kB
MemTotal:        1844596 kB
MemFree:          233576 kB
MemAvailable:    1485484 kB
Buffers:           85432 kB
Cached:          1273672 kB
MemTotal:        1844596 kB
MemFree:          233828 kB
MemAvailable:    1485736 kB
Buffers:           85432 kB
Cached:          1273672 kB
MemTotal:        1844596 kB
MemFree:          232420 kB
MemAvailable:    1484328 kB
Buffers:           85432 kB
Cached:          1273672 kB
MemTotal:        1844596 kB
MemFree:          233296 kB
MemAvailable:    1485288 kB
Buffers:           85432 kB
Cached:          1273672 kB
MemTotal:        1844596 kB
MemFree:          232416 kB
MemAvailable:    1484324 kB
Buffers:           85432 kB
Cached:          1273672 kB
MemTotal:        1844596 kB
MemFree:          232664 kB
MemAvailable:    1484572 kB
Buffers:           85432 kB
Cached:          1273672 kB
MemTotal:        1844596 kB
MemFree:          233840 kB
MemAvailable:    1485748 kB
Buffers:           85432 kB
Cached:          1273672 kB
MemTotal:        1844596 kB
MemFree:          232972 kB
MemAvailable:    1484880 kB
Buffers:           85432 kB
Cached:          1273672 kB
MemTotal:        1844596 kB
MemFree:          232420 kB
MemAvailable:    1484328 kB
Buffers:           85432 kB
Cached:          1273672 kB
MemTotal:        1844596 kB
MemFree:          233656 kB
MemAvailable:    1485564 kB
Buffers:           85432 kB
Cached:          1273672 kB
MemTotal:        1844596 kB
MemFree:          233908 kB
MemAvailable:    1485816 kB
Buffers:           85432 kB
Cached:          1273672 kB
MemTotal:        1844596 kB
MemFree:          233728 kB
MemAvailable:    1485636 kB
Buffers:           85432 kB
Cached:          1273672 kB
MemTotal:        1844596 kB
MemFree:          233724 kB
MemAvailable:    1485632 kB
Buffers:           85432 kB
Cached:          1273672 kB
MemTotal:        1844596 kB
MemFree:          229864 kB
MemAvailable:    1481772 kB
Buffers:           85432 kB
Cached:          1273672 kB
MemTotal:        1844596 kB
MemFree:          229864 kB
MemAvailable:    1481772 kB
Buffers:           85432 kB
Cached:          1273672 kB
MemTotal:        1844596 kB
MemFree:          224152 kB
MemAvailable:    1476060 kB
Buffers:           85432 kB
Cached:          1273672 kB
MemTotal:        1844596 kB
MemFree:          223672 kB
MemAvailable:    1475580 kB
Buffers:           85432 kB
Cached:          1273672 kB
MemTotal:        1844596 kB
MemFree:          221492 kB
MemAvailable:    1473400 kB
Buffers:           85432 kB
Cached:          1273672 kB
MemTotal:        1844596 kB
MemFree:          221128 kB
MemAvailable:    1473036 kB
Buffers:           85432 kB
Cached:          1273672 kB
MemTotal:        1844596 kB
MemFree:          219828 kB
MemAvailable:    1471736 kB
Buffers:           85432 kB
Cached:          1273672 kB
MemTotal:        1844596 kB
MemFree:          219696 kB
MemAvailable:    1471604 kB
Buffers:           85432 kB
Cached:          1273672 kB
MemTotal:        1844596 kB
MemFree:          220872 kB
MemAvailable:    1472780 kB
Buffers:           85432 kB
Cached:          1273672 kB
MemTotal:        1844596 kB
MemFree:          219696 kB
MemAvailable:    1471604 kB
Buffers:           85432 kB
Cached:          1273672 kB
MemTotal:        1844596 kB
MemFree:          220412 kB
MemAvailable:    1472320 kB
Buffers:           85432 kB
Cached:          1273672 kB
MemTotal:        1844596 kB
MemFree:          220496 kB
MemAvailable:    1472404 kB
Buffers:           85432 kB
Cached:          1273672 kB
MemTotal:        1844596 kB
MemFree:          220392 kB
MemAvailable:    1472300 kB
Buffers:           85432 kB
Cached:          1273672 kB
MemTotal:        1844596 kB
MemFree:          220448 kB
MemAvailable:    1472356 kB
Buffers:           85432 kB
Cached:          1273672 kB
MemTotal:        1844596 kB
MemFree:          219704 kB
MemAvailable:    1471612 kB
Buffers:           85432 kB
Cached:          1273672 kB
MemTotal:        1844596 kB
MemFree:          220496 kB
MemAvailable:    1472404 kB
Buffers:           85432 kB
Cached:          1273672 kB
MemTotal:        1844596 kB
MemFree:          220068 kB
MemAvailable:    1471976 kB
Buffers:           85432 kB
Cached:          1273672 kB
MemTotal:        1844596 kB
MemFree:          220248 kB
MemAvailable:    1472156 kB
Buffers:           85432 kB
Cached:          1273672 kB
MemTotal:        1844596 kB
MemFree:          220248 kB
MemAvailable:    1472156 kB
Buffers:           85432 kB
Cached:          1273672 kB
MemTotal:        1844596 kB
MemFree:          220128 kB
MemAvailable:    1472036 kB
Buffers:           85432 kB
Cached:          1273672 kB
MemTotal:        1844596 kB
MemFree:          220464 kB
MemAvailable:    1472372 kB
Buffers:           85432 kB
Cached:          1273672 kB
MemTotal:        1844596 kB
MemFree:          220256 kB
MemAvailable:    1472164 kB
Buffers:           85432 kB
Cached:          1273672 kB
MemTotal:        1844596 kB
MemFree:          220316 kB
MemAvailable:    1472224 kB
Buffers:           85432 kB
Cached:          1273672 kB
MemTotal:        1844596 kB
MemFree:          220308 kB
MemAvailable:    1472216 kB
Buffers:           85432 kB
Cached:          1273672 kB
MemTotal:        1844596 kB
MemFree:          220324 kB
MemAvailable:    1472232 kB
Buffers:           85432 kB
Cached:          1273672 kB
MemTotal:        1844596 kB
MemFree:          219320 kB
MemAvailable:    1471228 kB
Buffers:           85432 kB
Cached:          1273672 kB
MemTotal:        1844596 kB
MemFree:          219064 kB
MemAvailable:    1470972 kB
Buffers:           85432 kB
Cached:          1273672 kB
MemTotal:        1844596 kB
MemFree:          220276 kB
MemAvailable:    1472188 kB
Buffers:           85432 kB
Cached:          1273676 kB
MemTotal:        1844596 kB
MemFree:          220532 kB
MemAvailable:    1472444 kB
Buffers:           85432 kB
Cached:          1273676 kB
MemTotal:        1844596 kB
MemFree:          220572 kB
MemAvailable:    1472488 kB
Buffers:           85432 kB
Cached:          1273680 kB
MemTotal:        1844596 kB
MemFree:          220084 kB
MemAvailable:    1472000 kB
Buffers:           85432 kB
Cached:          1273680 kB
MemTotal:        1844596 kB
MemFree:          220144 kB
MemAvailable:    1472060 kB
Buffers:           85432 kB
Cached:          1273680 kB
MemTotal:        1844596 kB
MemFree:          220396 kB
MemAvailable:    1472312 kB
Buffers:           85432 kB
Cached:          1273680 kB
MemTotal:        1844596 kB
MemFree:          220136 kB
MemAvailable:    1472052 kB
Buffers:           85432 kB
Cached:          1273680 kB
MemTotal:        1844596 kB
MemFree:          218960 kB
MemAvailable:    1470876 kB
Buffers:           85432 kB
Cached:          1273680 kB
MemTotal:        1844596 kB
MemFree:          218596 kB
MemAvailable:    1470512 kB
Buffers:           85432 kB
Cached:          1273680 kB
MemTotal:        1844596 kB
MemFree:          219772 kB
MemAvailable:    1471688 kB
Buffers:           85432 kB
Cached:          1273680 kB
MemTotal:        1844596 kB
MemFree:          219448 kB
MemAvailable:    1471364 kB
Buffers:           85432 kB
Cached:          1273680 kB
MemTotal:        1844596 kB
MemFree:          219448 kB
MemAvailable:    1471364 kB
Buffers:           85432 kB
Cached:          1273680 kB
MemTotal:        1844596 kB
MemFree:          219372 kB
MemAvailable:    1471288 kB
Buffers:           85432 kB
Cached:          1273680 kB
MemTotal:        1844596 kB
MemFree:          219332 kB
MemAvailable:    1471248 kB
Buffers:           85432 kB
Cached:          1273680 kB
MemTotal:        1844596 kB
MemFree:          218780 kB
MemAvailable:    1470696 kB
Buffers:           85432 kB
Cached:          1273680 kB
MemTotal:        1844596 kB
MemFree:          215556 kB
MemAvailable:    1467472 kB
Buffers:           85432 kB
Cached:          1273680 kB
MemTotal:        1844596 kB
MemFree:          211528 kB
MemAvailable:    1463444 kB
Buffers:           85432 kB
Cached:          1273680 kB
MemTotal:        1844596 kB
MemFree:          210164 kB
MemAvailable:    1462080 kB
Buffers:           85432 kB
Cached:          1273680 kB
MemTotal:        1844596 kB
MemFree:          210644 kB
MemAvailable:    1462560 kB
Buffers:           85432 kB
Cached:          1273680 kB
MemTotal:        1844596 kB
MemFree:          210040 kB
MemAvailable:    1461956 kB
Buffers:           85432 kB
Cached:          1273680 kB
MemTotal:        1844596 kB
MemFree:          207304 kB
MemAvailable:    1459220 kB
Buffers:           85432 kB
Cached:          1273680 kB
MemTotal:        1844596 kB
MemFree:          207312 kB
MemAvailable:    1459228 kB
Buffers:           85432 kB
Cached:          1273680 kB
MemTotal:        1844596 kB
MemFree:          205948 kB
MemAvailable:    1457864 kB
Buffers:           85432 kB
Cached:          1273680 kB
MemTotal:        1844596 kB
MemFree:          206868 kB
MemAvailable:    1458784 kB
Buffers:           85432 kB
Cached:          1273680 kB
MemTotal:        1844596 kB
MemFree:          205948 kB
MemAvailable:    1457864 kB
Buffers:           85432 kB
Cached:          1273680 kB
MemTotal:        1844596 kB
MemFree:          205816 kB
MemAvailable:    1457732 kB
Buffers:           85432 kB
Cached:          1273680 kB
MemTotal:        1844596 kB
MemFree:          206868 kB
MemAvailable:    1458784 kB
Buffers:           85432 kB
Cached:          1273680 kB
MemTotal:        1844596 kB
MemFree:          206864 kB
MemAvailable:    1458780 kB
Buffers:           85432 kB
Cached:          1273680 kB
MemTotal:        1844596 kB
MemFree:          205764 kB
MemAvailable:    1457680 kB
Buffers:           85432 kB
Cached:          1273680 kB
MemTotal:        1844596 kB
MemFree:          206728 kB
MemAvailable:    1458644 kB
Buffers:           85432 kB
Cached:          1273680 kB
MemTotal:        1844596 kB
MemFree:          205752 kB
MemAvailable:    1457668 kB
Buffers:           85432 kB
Cached:          1273680 kB
MemTotal:        1844596 kB
MemFree:          205628 kB
MemAvailable:    1457544 kB
Buffers:           85432 kB
Cached:          1273680 kB
MemTotal:        1844596 kB
MemFree:          205628 kB
MemAvailable:    1457544 kB
Buffers:           85432 kB
Cached:          1273680 kB
MemTotal:        1844596 kB
MemFree:          206772 kB
MemAvailable:    1458688 kB
Buffers:           85432 kB
Cached:          1273680 kB
MemTotal:        1844596 kB
MemFree:          206676 kB
MemAvailable:    1458592 kB
Buffers:           85432 kB
Cached:          1273680 kB
MemTotal:        1844596 kB
MemFree:          206844 kB
MemAvailable:    1458760 kB
Buffers:           85432 kB
Cached:          1273680 kB
MemTotal:        1844596 kB
MemFree:          205496 kB
MemAvailable:    1457412 kB
Buffers:           85432 kB
Cached:          1273680 kB
MemTotal:        1844596 kB
MemFree:          206716 kB
MemAvailable:    1458632 kB
Buffers:           85432 kB
Cached:          1273680 kB
MemTotal:        1844596 kB
MemFree:          206552 kB
MemAvailable:    1458468 kB
Buffers:           85432 kB
Cached:          1273680 kB
MemTotal:        1844596 kB
MemFree:          206692 kB
MemAvailable:    1458608 kB
Buffers:           85432 kB
Cached:          1273680 kB
MemTotal:        1844596 kB
MemFree:          206564 kB
MemAvailable:    1458480 kB
Buffers:           85432 kB
Cached:          1273680 kB
MemTotal:        1844596 kB
MemFree:          205516 kB
MemAvailable:    1457432 kB
Buffers:           85432 kB
Cached:          1273680 kB
MemTotal:        1844596 kB
MemFree:          206604 kB
MemAvailable:    1458520 kB
Buffers:           85432 kB
Cached:          1273680 kB
MemTotal:        1844596 kB
MemFree:          205328 kB
MemAvailable:    1457244 kB
Buffers:           85432 kB
Cached:          1273680 kB
MemTotal:        1844596 kB
MemFree:          205528 kB
MemAvailable:    1457444 kB
Buffers:           85432 kB
Cached:          1273680 kB
MemTotal:        1844596 kB
MemFree:          206580 kB
MemAvailable:    1458496 kB
Buffers:           85432 kB
Cached:          1273680 kB
MemTotal:        1844596 kB
MemFree:          206580 kB
MemAvailable:    1458496 kB
Buffers:           85432 kB
Cached:          1273680 kB
MemTotal:        1844596 kB
MemFree:          206512 kB
MemAvailable:    1458428 kB
Buffers:           85432 kB
Cached:          1273680 kB
MemTotal:        1844596 kB
MemFree:          206764 kB
MemAvailable:    1458680 kB
Buffers:           85432 kB
Cached:          1273680 kB
MemTotal:        1844596 kB
MemFree:          206520 kB
MemAvailable:    1458436 kB
Buffers:           85432 kB
Cached:          1273680 kB
MemTotal:        1844596 kB
MemFree:          206576 kB
MemAvailable:    1458492 kB
Buffers:           85432 kB
Cached:          1273680 kB
MemTotal:        1844596 kB
MemFree:          205520 kB
MemAvailable:    1457436 kB
Buffers:           85432 kB
Cached:          1273680 kB
MemTotal:        1844596 kB
MemFree:          206428 kB
MemAvailable:    1458344 kB
Buffers:           85432 kB
Cached:          1273680 kB
MemTotal:        1844596 kB
MemFree:          206764 kB
MemAvailable:    1458680 kB
Buffers:           85432 kB
Cached:          1273680 kB
MemTotal:        1844596 kB
MemFree:          205440 kB
MemAvailable:    1457356 kB
Buffers:           85432 kB
Cached:          1273680 kB
MemTotal:        1844596 kB
MemFree:          205440 kB
MemAvailable:    1457356 kB
Buffers:           85432 kB
Cached:          1273680 kB
MemTotal:        1844596 kB
MemFree:          206740 kB
MemAvailable:    1458656 kB
Buffers:           85432 kB
Cached:          1273680 kB
MemTotal:        1844596 kB
MemFree:          206672 kB
MemAvailable:    1458588 kB
Buffers:           85432 kB
Cached:          1273680 kB
MemTotal:        1844596 kB
MemFree:          205308 kB
MemAvailable:    1457224 kB
Buffers:           85432 kB
Cached:          1273680 kB
MemTotal:        1844596 kB
MemFree:          206352 kB
MemAvailable:    1458268 kB
Buffers:           85432 kB
Cached:          1273680 kB
MemTotal:        1844596 kB
MemFree:          206352 kB
MemAvailable:    1458268 kB
Buffers:           85432 kB
Cached:          1273680 kB
MemTotal:        1844596 kB
MemFree:          206220 kB
MemAvailable:    1458136 kB
Buffers:           85432 kB
Cached:          1273680 kB
MemTotal:        1844596 kB
MemFree:          206064 kB
MemAvailable:    1457980 kB
Buffers:           85432 kB
Cached:          1273680 kB
MemTotal:        1844596 kB
MemFree:          206320 kB
MemAvailable:    1458236 kB
Buffers:           85432 kB
Cached:          1273680 kB
MemTotal:        1844596 kB
MemFree:          206064 kB
MemAvailable:    1457980 kB
Buffers:           85432 kB
Cached:          1273680 kB
MemTotal:        1844596 kB
MemFree:          206064 kB
MemAvailable:    1457980 kB
Buffers:           85432 kB
Cached:          1273680 kB
MemTotal:        1844596 kB
MemFree:          206208 kB
MemAvailable:    1458124 kB
Buffers:           85432 kB
Cached:          1273680 kB
MemTotal:        1844596 kB
MemFree:          206204 kB
MemAvailable:    1458120 kB
Buffers:           85432 kB
Cached:          1273680 kB
MemTotal:        1844596 kB
MemFree:          205576 kB
MemAvailable:    1457492 kB
Buffers:           85432 kB
Cached:          1273680 kB
MemTotal:        1844596 kB
MemFree:          206352 kB
MemAvailable:    1458268 kB
Buffers:           85432 kB
Cached:          1273680 kB
MemTotal:        1844596 kB
MemFree:          204896 kB
MemAvailable:    1456812 kB
Buffers:           85432 kB
Cached:          1273680 kB
MemTotal:        1844596 kB
MemFree:          204888 kB
MemAvailable:    1456804 kB
Buffers:           85432 kB
Cached:          1273680 kB
MemTotal:        1844596 kB
MemFree:          204916 kB
MemAvailable:    1456840 kB
Buffers:           85432 kB
Cached:          1273688 kB
MemTotal:        1844596 kB
MemFree:          200616 kB
MemAvailable:    1452540 kB
Buffers:           85432 kB
Cached:          1273688 kB
MemTotal:        1844596 kB
MemFree:          201784 kB
MemAvailable:    1453708 kB
Buffers:           85432 kB
Cached:          1273692 kB
MemTotal:        1844596 kB
MemFree:          200740 kB
MemAvailable:    1452664 kB
Buffers:           85432 kB
Cached:          1273692 kB
MemTotal:        1844596 kB
MemFree:          200428 kB
MemAvailable:    1452352 kB
Buffers:           85432 kB
Cached:          1273692 kB
MemTotal:        1844596 kB
MemFree:          199808 kB
MemAvailable:    1451732 kB
Buffers:           85432 kB
Cached:          1273692 kB
MemTotal:        1844596 kB
MemFree:          199476 kB
MemAvailable:    1451400 kB
Buffers:           85432 kB
Cached:          1273692 kB
MemTotal:        1844596 kB
MemFree:          199728 kB
MemAvailable:    1451652 kB
Buffers:           85432 kB
Cached:          1273692 kB
MemTotal:        1844596 kB
MemFree:          198200 kB
MemAvailable:    1450124 kB
Buffers:           85432 kB
Cached:          1273692 kB
MemTotal:        1844596 kB
MemFree:          198324 kB
MemAvailable:    1450248 kB
Buffers:           85432 kB
Cached:          1273692 kB
MemTotal:        1844596 kB
MemFree:          198200 kB
MemAvailable:    1450124 kB
Buffers:           85432 kB
Cached:          1273692 kB
MemTotal:        1844596 kB
MemFree:          198484 kB
MemAvailable:    1450408 kB
Buffers:           85432 kB
Cached:          1273692 kB
MemTotal:        1844596 kB
MemFree:          199336 kB
MemAvailable:    1451260 kB
Buffers:           85432 kB
Cached:          1273692 kB
MemTotal:        1844596 kB
MemFree:          198940 kB
MemAvailable:    1450864 kB
Buffers:           85432 kB
Cached:          1273692 kB
MemTotal:        1844596 kB
MemFree:          198476 kB
MemAvailable:    1450400 kB
Buffers:           85432 kB
Cached:          1273692 kB
MemTotal:        1844596 kB
MemFree:          198428 kB
MemAvailable:    1450352 kB
Buffers:           85432 kB
Cached:          1273692 kB
MemTotal:        1844596 kB
MemFree:          198344 kB
MemAvailable:    1450268 kB
Buffers:           85432 kB
Cached:          1273692 kB
MemTotal:        1844596 kB
MemFree:          199560 kB
MemAvailable:    1451484 kB
Buffers:           85432 kB
Cached:          1273692 kB
MemTotal:        1844596 kB
MemFree:          199560 kB
MemAvailable:    1451484 kB
Buffers:           85432 kB
Cached:          1273692 kB
MemTotal:        1844596 kB
MemFree:          198384 kB
MemAvailable:    1450308 kB
Buffers:           85432 kB
Cached:          1273692 kB
MemTotal:        1844596 kB
MemFree:          198384 kB
MemAvailable:    1450308 kB
Buffers:           85432 kB
Cached:          1273692 kB
MemTotal:        1844596 kB
MemFree:          199560 kB
MemAvailable:    1451484 kB
Buffers:           85432 kB
Cached:          1273692 kB
MemTotal:        1844596 kB
MemFree:          198376 kB
MemAvailable:    1450300 kB
Buffers:           85432 kB
Cached:          1273692 kB
MemTotal:        1844596 kB
MemFree:          198336 kB
MemAvailable:    1450260 kB
Buffers:           85432 kB
Cached:          1273692 kB
MemTotal:        1844596 kB
MemFree:          198336 kB
MemAvailable:    1450260 kB
Buffers:           85432 kB
Cached:          1273692 kB
MemTotal:        1844596 kB
MemFree:          198328 kB
MemAvailable:    1450252 kB
Buffers:           85432 kB
Cached:          1273692 kB
MemTotal:        1844596 kB
MemFree:          199672 kB
MemAvailable:    1451596 kB
Buffers:           85432 kB
Cached:          1273692 kB
MemTotal:        1844596 kB
MemFree:          199300 kB
MemAvailable:    1451224 kB
Buffers:           85432 kB
Cached:          1273692 kB
MemTotal:        1844596 kB
MemFree:          199552 kB
MemAvailable:    1451476 kB
Buffers:           85432 kB
Cached:          1273692 kB
MemTotal:        1844596 kB
MemFree:          198384 kB
MemAvailable:    1450308 kB
Buffers:           85432 kB
Cached:          1273692 kB
MemTotal:        1844596 kB
MemFree:          199544 kB
MemAvailable:    1451468 kB
Buffers:           85432 kB
Cached:          1273692 kB
MemTotal:        1844596 kB
MemFree:          198632 kB
MemAvailable:    1450556 kB
Buffers:           85432 kB
Cached:          1273692 kB
MemTotal:        1844596 kB
MemFree:          198632 kB
MemAvailable:    1450556 kB
Buffers:           85432 kB
Cached:          1273692 kB
MemTotal:        1844596 kB
MemFree:          199360 kB
MemAvailable:    1451284 kB
Buffers:           85432 kB
Cached:          1273692 kB
MemTotal:        1844596 kB
MemFree:          199500 kB
MemAvailable:    1451424 kB
Buffers:           85432 kB
Cached:          1273692 kB
MemTotal:        1844596 kB
MemFree:          199540 kB
MemAvailable:    1451464 kB
Buffers:           85432 kB
Cached:          1273692 kB
MemTotal:        1844596 kB
MemFree:          198324 kB
MemAvailable:    1450248 kB
Buffers:           85432 kB
Cached:          1273692 kB
MemTotal:        1844596 kB
MemFree:          199560 kB
MemAvailable:    1451484 kB
Buffers:           85432 kB
Cached:          1273692 kB
MemTotal:        1844596 kB
MemFree:          199616 kB
MemAvailable:    1451540 kB
Buffers:           85432 kB
Cached:          1273692 kB
MemTotal:        1844596 kB
MemFree:          198352 kB
MemAvailable:    1450276 kB
Buffers:           85432 kB
Cached:          1273692 kB
MemTotal:        1844596 kB
MemFree:          198468 kB
MemAvailable:    1450392 kB
Buffers:           85432 kB
Cached:          1273692 kB
MemTotal:        1844596 kB
MemFree:          199420 kB
MemAvailable:    1451344 kB
Buffers:           85432 kB
Cached:          1273692 kB
MemTotal:        1844596 kB
MemFree:          199624 kB
MemAvailable:    1451548 kB
Buffers:           85432 kB
Cached:          1273692 kB
MemTotal:        1844596 kB
MemFree:          198344 kB
MemAvailable:    1450268 kB
Buffers:           85432 kB
Cached:          1273692 kB
MemTotal:        1844596 kB
MemFree:          198384 kB
MemAvailable:    1450308 kB
Buffers:           85432 kB
Cached:          1273692 kB
MemTotal:        1844596 kB
MemFree:          198460 kB
MemAvailable:    1450384 kB
Buffers:           85432 kB
Cached:          1273692 kB
MemTotal:        1844596 kB
MemFree:          199512 kB
MemAvailable:    1451436 kB
Buffers:           85432 kB
Cached:          1273692 kB
MemTotal:        1844596 kB
MemFree:          199512 kB
MemAvailable:    1451436 kB
Buffers:           85432 kB
Cached:          1273692 kB
MemTotal:        1844596 kB
MemFree:          199444 kB
MemAvailable:    1451368 kB
Buffers:           85432 kB
Cached:          1273692 kB
MemTotal:        1844596 kB
MemFree:          197956 kB
MemAvailable:    1449880 kB
Buffers:           85432 kB
Cached:          1273692 kB
MemTotal:        1844596 kB
MemFree:          199520 kB
MemAvailable:    1451444 kB
Buffers:           85432 kB
Cached:          1273692 kB
MemTotal:        1844596 kB
MemFree:          199436 kB
MemAvailable:    1451360 kB
Buffers:           85432 kB
Cached:          1273692 kB
MemTotal:        1844596 kB
MemFree:          197992 kB
MemAvailable:    1449916 kB
Buffers:           85432 kB
Cached:          1273692 kB
MemTotal:        1844596 kB
MemFree:          198116 kB
MemAvailable:    1450040 kB
Buffers:           85432 kB
Cached:          1273692 kB
MemTotal:        1844596 kB
MemFree:          199184 kB
MemAvailable:    1451108 kB
Buffers:           85432 kB
Cached:          1273692 kB
MemTotal:        1844596 kB
MemFree:          199436 kB
MemAvailable:    1451360 kB
Buffers:           85432 kB
Cached:          1273692 kB
MemTotal:        1844596 kB
MemFree:          197940 kB
MemAvailable:    1449864 kB
Buffers:           85432 kB
Cached:          1273692 kB
MemTotal:        1844596 kB
MemFree:          197940 kB
MemAvailable:    1449864 kB
Buffers:           85432 kB
Cached:          1273692 kB
MemTotal:        1844596 kB
MemFree:          197940 kB
MemAvailable:    1449864 kB
Buffers:           85432 kB
Cached:          1273692 kB
MemTotal:        1844596 kB
MemFree:          199120 kB
MemAvailable:    1451044 kB
Buffers:           85432 kB
Cached:          1273692 kB
MemTotal:        1844596 kB
MemFree:          199136 kB
MemAvailable:    1451060 kB
Buffers:           85432 kB
Cached:          1273692 kB
MemTotal:        1844596 kB
MemFree:          199304 kB
MemAvailable:    1451228 kB
Buffers:           85432 kB
Cached:          1273692 kB
MemTotal:        1844596 kB
MemFree:          199368 kB
MemAvailable:    1451292 kB
Buffers:           85432 kB
Cached:          1273692 kB
MemTotal:        1844596 kB
MemFree:          199204 kB
MemAvailable:    1451128 kB
Buffers:           85432 kB
Cached:          1273692 kB
MemTotal:        1844596 kB
MemFree:          198000 kB
MemAvailable:    1449924 kB
Buffers:           85432 kB
Cached:          1273692 kB
MemTotal:        1844596 kB
MemFree:          198124 kB
MemAvailable:    1450048 kB
Buffers:           85432 kB
Cached:          1273692 kB
MemTotal:        1844596 kB
MemFree:          198988 kB
MemAvailable:    1450912 kB
Buffers:           85432 kB
Cached:          1273692 kB
MemTotal:        1844596 kB
MemFree:          197840 kB
MemAvailable:    1449764 kB
Buffers:           85432 kB
Cached:          1273692 kB
MemTotal:        1844596 kB
MemFree:          199128 kB
MemAvailable:    1451060 kB
Buffers:           85432 kB
Cached:          1273700 kB
MemTotal:        1844596 kB
MemFree:          199140 kB
MemAvailable:    1451072 kB
Buffers:           85432 kB
Cached:          1273700 kB
MemTotal:        1844596 kB
MemFree:          198136 kB
MemAvailable:    1450068 kB
Buffers:           85432 kB
Cached:          1273700 kB
MemTotal:        1844596 kB
MemFree:          198088 kB
MemAvailable:    1450020 kB
Buffers:           85432 kB
Cached:          1273700 kB
MemTotal:        1844596 kB
MemFree:          199296 kB
MemAvailable:    1451228 kB
Buffers:           85432 kB
Cached:          1273700 kB
MemTotal:        1844596 kB
MemFree:          199376 kB
MemAvailable:    1451308 kB
Buffers:           85432 kB
Cached:          1273700 kB
MemTotal:        1844596 kB
MemFree:          197972 kB
MemAvailable:    1449904 kB
Buffers:           85432 kB
Cached:          1273700 kB
MemTotal:        1844596 kB
MemFree:          199156 kB
MemAvailable:    1451088 kB
Buffers:           85432 kB
Cached:          1273700 kB
MemTotal:        1844596 kB
MemFree:          199128 kB
MemAvailable:    1451060 kB
Buffers:           85432 kB
Cached:          1273700 kB
MemTotal:        1844596 kB
MemFree:          199124 kB
MemAvailable:    1451056 kB
Buffers:           85432 kB
Cached:          1273700 kB
MemTotal:        1844596 kB
MemFree:          199256 kB
MemAvailable:    1451188 kB
Buffers:           85432 kB
Cached:          1273700 kB
MemTotal:        1844596 kB
MemFree:          199056 kB
MemAvailable:    1450988 kB
Buffers:           85432 kB
Cached:          1273700 kB
MemTotal:        1844596 kB
MemFree:          199128 kB
MemAvailable:    1451060 kB
Buffers:           85432 kB
Cached:          1273700 kB
MemTotal:        1844596 kB
MemFree:          199240 kB
MemAvailable:    1451172 kB
Buffers:           85432 kB
Cached:          1273700 kB
MemTotal:        1844596 kB
MemFree:          199188 kB
MemAvailable:    1451120 kB
Buffers:           85432 kB
Cached:          1273700 kB
MemTotal:        1844596 kB
MemFree:          199112 kB
MemAvailable:    1451044 kB
Buffers:           85432 kB
Cached:          1273700 kB
MemTotal:        1844596 kB
MemFree:          199364 kB
MemAvailable:    1451296 kB
Buffers:           85432 kB
Cached:          1273700 kB
MemTotal:        1844596 kB
MemFree:          199292 kB
MemAvailable:    1451224 kB
Buffers:           85432 kB
Cached:          1273700 kB
MemTotal:        1844596 kB
MemFree:          199252 kB
MemAvailable:    1451184 kB
Buffers:           85432 kB
Cached:          1273700 kB
MemTotal:        1844596 kB
MemFree:          198376 kB
MemAvailable:    1450308 kB
Buffers:           85432 kB
Cached:          1273700 kB
MemTotal:        1844596 kB
MemFree:          199072 kB
MemAvailable:    1451004 kB
Buffers:           85432 kB
Cached:          1273700 kB
MemTotal:        1844596 kB
MemFree:          199128 kB
MemAvailable:    1450936 kB
Buffers:           85432 kB
Cached:          1273700 kB
MemTotal:        1844596 kB
MemFree:          197992 kB
MemAvailable:    1449924 kB
Buffers:           85432 kB
Cached:          1273700 kB
MemTotal:        1844596 kB
MemFree:          199168 kB
MemAvailable:    1451100 kB
Buffers:           85432 kB
Cached:          1273700 kB
MemTotal:        1844596 kB
MemFree:          199168 kB
MemAvailable:    1451100 kB
Buffers:           85432 kB
Cached:          1273700 kB
MemTotal:        1844596 kB
MemFree:          199292 kB
MemAvailable:    1451224 kB
Buffers:           85432 kB
Cached:          1273700 kB
MemTotal:        1844596 kB
MemFree:          198240 kB
MemAvailable:    1450172 kB
Buffers:           85432 kB
Cached:          1273700 kB
MemTotal:        1844596 kB
MemFree:          199284 kB
MemAvailable:    1451216 kB
Buffers:           85432 kB
Cached:          1273700 kB
MemTotal:        1844596 kB
MemFree:          199344 kB
MemAvailable:    1451276 kB
Buffers:           85432 kB
Cached:          1273700 kB
MemTotal:        1844596 kB
MemFree:          197940 kB
MemAvailable:    1449872 kB
Buffers:           85432 kB
Cached:          1273700 kB
MemTotal:        1844596 kB
MemFree:          198064 kB
MemAvailable:    1449996 kB
Buffers:           85432 kB
Cached:          1273700 kB
MemTotal:        1844596 kB
MemFree:          199240 kB
MemAvailable:    1451172 kB
Buffers:           85432 kB
Cached:          1273700 kB
MemTotal:        1844596 kB
MemFree:          199472 kB
MemAvailable:    1451404 kB
Buffers:           85432 kB
Cached:          1273700 kB
MemTotal:        1844596 kB
MemFree:          197936 kB
MemAvailable:    1449868 kB
Buffers:           85432 kB
Cached:          1273700 kB
MemTotal:        1844596 kB
MemFree:          197936 kB
MemAvailable:    1449868 kB
Buffers:           85432 kB
Cached:          1273700 kB
MemTotal:        1844596 kB
MemFree:          199304 kB
MemAvailable:    1451236 kB
Buffers:           85432 kB
Cached:          1273700 kB
MemTotal:        1844596 kB
MemFree:          198996 kB
MemAvailable:    1450928 kB
Buffers:           85432 kB
Cached:          1273700 kB
MemTotal:        1844596 kB
MemFree:          199284 kB
MemAvailable:    1451216 kB
Buffers:           85432 kB
Cached:          1273700 kB
MemTotal:        1844596 kB
MemFree:          199348 kB
MemAvailable:    1451280 kB
Buffers:           85432 kB
Cached:          1273700 kB
MemTotal:        1844596 kB
MemFree:          197944 kB
MemAvailable:    1449876 kB
Buffers:           85432 kB
Cached:          1273700 kB
MemTotal:        1844596 kB
MemFree:          198068 kB
MemAvailable:    1450000 kB
Buffers:           85432 kB
Cached:          1273700 kB
MemTotal:        1844596 kB
MemFree:          197980 kB
MemAvailable:    1449912 kB
Buffers:           85432 kB
Cached:          1273700 kB
MemTotal:        1844596 kB
MemFree:          199356 kB
MemAvailable:    1451288 kB
Buffers:           85432 kB
Cached:          1273700 kB
MemTotal:        1844596 kB
MemFree:          199272 kB
MemAvailable:    1451204 kB
Buffers:           85432 kB
Cached:          1273700 kB
MemTotal:        1844596 kB
MemFree:          199312 kB
MemAvailable:    1451244 kB
Buffers:           85432 kB
Cached:          1273700 kB
MemTotal:        1844596 kB
MemFree:          199312 kB
MemAvailable:    1451244 kB
Buffers:           85432 kB
Cached:          1273700 kB
MemTotal:        1844596 kB
MemFree:          197876 kB
MemAvailable:    1449808 kB
Buffers:           85432 kB
Cached:          1273700 kB
MemTotal:        1844596 kB
MemFree:          198508 kB
MemAvailable:    1450440 kB
Buffers:           85432 kB
Cached:          1273700 kB
MemTotal:        1844596 kB
MemFree:          199188 kB
MemAvailable:    1451120 kB
Buffers:           85432 kB
Cached:          1273700 kB
MemTotal:        1844596 kB
MemFree:          199328 kB
MemAvailable:    1451260 kB
Buffers:           85432 kB
Cached:          1273700 kB
MemTotal:        1844596 kB
MemFree:          197964 kB
MemAvailable:    1449896 kB
Buffers:           85432 kB
Cached:          1273700 kB
MemTotal:        1844596 kB
MemFree:          198384 kB
MemAvailable:    1450316 kB
Buffers:           85432 kB
Cached:          1273700 kB
MemTotal:        1844596 kB
MemFree:          197956 kB
MemAvailable:    1449888 kB
Buffers:           85432 kB
Cached:          1273700 kB
MemTotal:        1844596 kB
MemFree:          199232 kB
MemAvailable:    1451164 kB
Buffers:           85432 kB
Cached:          1273700 kB
MemTotal:        1844596 kB
MemFree:          199120 kB
MemAvailable:    1451052 kB
Buffers:           85432 kB
Cached:          1273700 kB
MemTotal:        1844596 kB
MemFree:          199456 kB
MemAvailable:    1451388 kB
Buffers:           85432 kB
Cached:          1273700 kB
MemTotal:        1844596 kB
MemFree:          199204 kB
MemAvailable:    1451136 kB
Buffers:           85432 kB
Cached:          1273700 kB
MemTotal:        1844596 kB
MemFree:          198508 kB
MemAvailable:    1450440 kB
Buffers:           85432 kB
Cached:          1273700 kB
MemTotal:        1844596 kB
MemFree:          199168 kB
MemAvailable:    1451100 kB
Buffers:           85432 kB
Cached:          1273700 kB
MemTotal:        1844596 kB
MemFree:          199156 kB
MemAvailable:    1451088 kB
Buffers:           85432 kB
Cached:          1273700 kB
MemTotal:        1844596 kB
MemFree:          199004 kB
MemAvailable:    1450936 kB
Buffers:           85432 kB
Cached:          1273700 kB
MemTotal:        1844596 kB
MemFree:          199292 kB
MemAvailable:    1451224 kB
Buffers:           85432 kB
Cached:          1273700 kB
MemTotal:        1844596 kB
MemFree:          198508 kB
MemAvailable:    1450440 kB
Buffers:           85432 kB
Cached:          1273700 kB
MemTotal:        1844596 kB
MemFree:          199272 kB
MemAvailable:    1451208 kB
Buffers:           85432 kB
Cached:          1273704 kB
MemTotal:        1844596 kB
MemFree:          199188 kB
MemAvailable:    1451124 kB
Buffers:           85432 kB
Cached:          1273704 kB
MemTotal:        1844596 kB
MemFree:          198212 kB
MemAvailable:    1450148 kB
Buffers:           85432 kB
Cached:          1273704 kB
MemTotal:        1844596 kB
MemFree:          199288 kB
MemAvailable:    1451224 kB
Buffers:           85432 kB
Cached:          1273704 kB
MemTotal:        1844596 kB
MemFree:          197876 kB
MemAvailable:    1449812 kB
Buffers:           85432 kB
Cached:          1273704 kB
MemTotal:        1844596 kB
MemFree:          199264 kB
MemAvailable:    1451204 kB
Buffers:           85432 kB
Cached:          1273708 kB
MemTotal:        1844596 kB
MemFree:          198508 kB
MemAvailable:    1450448 kB
Buffers:           85432 kB
Cached:          1273708 kB
MemTotal:        1844596 kB
MemFree:          199144 kB
MemAvailable:    1451084 kB
Buffers:           85432 kB
Cached:          1273708 kB
MemTotal:        1844596 kB
MemFree:          198788 kB
MemAvailable:    1450728 kB
Buffers:           85432 kB
Cached:          1273708 kB
MemTotal:        1844596 kB
MemFree:          198360 kB
MemAvailable:    1450300 kB
Buffers:           85432 kB
Cached:          1273708 kB
MemTotal:        1844596 kB
MemFree:          199264 kB
MemAvailable:    1451204 kB
Buffers:           85432 kB
Cached:          1273708 kB
MemTotal:        1844596 kB
MemFree:          199416 kB
MemAvailable:    1451356 kB
Buffers:           85432 kB
Cached:          1273708 kB
MemTotal:        1844596 kB
MemFree:          199164 kB
MemAvailable:    1451104 kB
Buffers:           85432 kB
Cached:          1273708 kB
MemTotal:        1844596 kB
MemFree:          198540 kB
MemAvailable:    1450480 kB
Buffers:           85432 kB
Cached:          1273708 kB
MemTotal:        1844596 kB
MemFree:          199524 kB
MemAvailable:    1451464 kB
Buffers:           85432 kB
Cached:          1273708 kB
MemTotal:        1844596 kB
MemFree:          199524 kB
MemAvailable:    1451464 kB
Buffers:           85432 kB
Cached:          1273708 kB
MemTotal:        1844596 kB
MemFree:          199280 kB
MemAvailable:    1451220 kB
Buffers:           85432 kB
Cached:          1273708 kB
MemTotal:        1844596 kB
MemFree:          199340 kB
MemAvailable:    1451280 kB
Buffers:           85432 kB
Cached:          1273708 kB
MemTotal:        1844596 kB
MemFree:          198348 kB
MemAvailable:    1450288 kB
Buffers:           85432 kB
Cached:          1273708 kB
MemTotal:        1844596 kB
MemFree:          198348 kB
MemAvailable:    1450288 kB
Buffers:           85432 kB
Cached:          1273708 kB
MemTotal:        1844596 kB
MemFree:          199076 kB
MemAvailable:    1451016 kB
Buffers:           85432 kB
Cached:          1273708 kB
MemTotal:        1844596 kB
MemFree:          199036 kB
MemAvailable:    1450976 kB
Buffers:           85432 kB
Cached:          1273708 kB
MemTotal:        1844596 kB
MemFree:          197772 kB
MemAvailable:    1449712 kB
Buffers:           85432 kB
Cached:          1273708 kB
MemTotal:        1844596 kB
MemFree:          197988 kB
MemAvailable:    1449928 kB
Buffers:           85432 kB
Cached:          1273708 kB
MemTotal:        1844596 kB
MemFree:          199200 kB
MemAvailable:    1451140 kB
Buffers:           85432 kB
Cached:          1273708 kB
MemTotal:        1844596 kB
MemFree:          199132 kB
MemAvailable:    1451072 kB
Buffers:           85432 kB
Cached:          1273708 kB
MemTotal:        1844596 kB
MemFree:          197728 kB
MemAvailable:    1449668 kB
Buffers:           85432 kB
Cached:          1273708 kB
MemTotal:        1844596 kB
MemFree:          197852 kB
MemAvailable:    1449792 kB
Buffers:           85432 kB
Cached:          1273708 kB
MemTotal:        1844596 kB
MemFree:          197728 kB
MemAvailable:    1449668 kB
Buffers:           85432 kB
Cached:          1273708 kB
MemTotal:        1844596 kB
MemFree:          198260 kB
MemAvailable:    1450200 kB
Buffers:           85432 kB
Cached:          1273708 kB
MemTotal:        1844596 kB
MemFree:          198948 kB
MemAvailable:    1450888 kB
Buffers:           85432 kB
Cached:          1273708 kB
MemTotal:        1844596 kB
MemFree:          198912 kB
MemAvailable:    1450852 kB
Buffers:           85432 kB
Cached:          1273708 kB
MemTotal:        1844596 kB
MemFree:          199208 kB
MemAvailable:    1451148 kB
Buffers:           85432 kB
Cached:          1273708 kB
MemTotal:        1844596 kB
MemFree:          199140 kB
MemAvailable:    1451080 kB
Buffers:           85432 kB
Cached:          1273708 kB
MemTotal:        1844596 kB
MemFree:          199088 kB
MemAvailable:    1451028 kB
Buffers:           85432 kB
Cached:          1273708 kB
MemTotal:        1844596 kB
MemFree:          199028 kB
MemAvailable:    1450968 kB
Buffers:           85432 kB
Cached:          1273708 kB
MemTotal:        1844596 kB
MemFree:          199280 kB
MemAvailable:    1451220 kB
Buffers:           85432 kB
Cached:          1273708 kB
MemTotal:        1844596 kB
MemFree:          199036 kB
MemAvailable:    1450976 kB
Buffers:           85432 kB
Cached:          1273708 kB
MemTotal:        1844596 kB
MemFree:          199072 kB
MemAvailable:    1451012 kB
Buffers:           85432 kB
Cached:          1273708 kB
MemTotal:        1844596 kB
MemFree:          199244 kB
MemAvailable:    1451184 kB
Buffers:           85432 kB
Cached:          1273708 kB
MemTotal:        1844596 kB
MemFree:          198848 kB
MemAvailable:    1450788 kB
Buffers:           85432 kB
Cached:          1273708 kB
MemTotal:        1844596 kB
MemFree:          199184 kB
MemAvailable:    1451124 kB
Buffers:           85432 kB
Cached:          1273708 kB
MemTotal:        1844596 kB
MemFree:          199108 kB
MemAvailable:    1451048 kB
Buffers:           85432 kB
Cached:          1273708 kB
MemTotal:        1844596 kB
MemFree:          199036 kB
MemAvailable:    1450976 kB
Buffers:           85432 kB
Cached:          1273708 kB
MemTotal:        1844596 kB
MemFree:          197912 kB
MemAvailable:    1449852 kB
Buffers:           85432 kB
Cached:          1273708 kB
MemTotal:        1844596 kB
MemFree:          197920 kB
MemAvailable:    1449860 kB
Buffers:           85432 kB
Cached:          1273708 kB
MemTotal:        1844596 kB
MemFree:          199176 kB
MemAvailable:    1451116 kB
Buffers:           85432 kB
Cached:          1273708 kB
MemTotal:        1844596 kB
MemFree:          198540 kB
MemAvailable:    1450480 kB
Buffers:           85432 kB
Cached:          1273708 kB
MemTotal:        1844596 kB
MemFree:          199072 kB
MemAvailable:    1451016 kB
Buffers:           85432 kB
Cached:          1273712 kB
MemTotal:        1844596 kB
MemFree:          199044 kB
MemAvailable:    1450988 kB
Buffers:           85432 kB
Cached:          1273712 kB
MemTotal:        1844596 kB
MemFree:          198036 kB
MemAvailable:    1449980 kB
Buffers:           85432 kB
Cached:          1273712 kB
MemTotal:        1844596 kB
MemFree:          198160 kB
MemAvailable:    1450104 kB
Buffers:           85432 kB
Cached:          1273712 kB
MemTotal:        1844596 kB
MemFree:          198284 kB
MemAvailable:    1450228 kB
Buffers:           85432 kB
Cached:          1273712 kB
MemTotal:        1844596 kB
MemFree:          198284 kB
MemAvailable:    1450228 kB
Buffers:           85432 kB
Cached:          1273712 kB
MemTotal:        1844596 kB
MemFree:          199012 kB
MemAvailable:    1450956 kB
Buffers:           85432 kB
Cached:          1273712 kB
MemTotal:        1844596 kB
MemFree:          199264 kB
MemAvailable:    1451208 kB
Buffers:           85432 kB
Cached:          1273712 kB
MemTotal:        1844596 kB
MemFree:          199200 kB
MemAvailable:    1451144 kB
Buffers:           85432 kB
Cached:          1273712 kB
MemTotal:        1844596 kB
MemFree:          199288 kB
MemAvailable:    1451232 kB
Buffers:           85432 kB
Cached:          1273712 kB
MemTotal:        1844596 kB
MemFree:          199096 kB
MemAvailable:    1451040 kB
Buffers:           85432 kB
Cached:          1273712 kB
MemTotal:        1844596 kB
MemFree:          199028 kB
MemAvailable:    1450972 kB
Buffers:           85432 kB
Cached:          1273712 kB
MemTotal:        1844596 kB
MemFree:          199280 kB
MemAvailable:    1451224 kB
Buffers:           85432 kB
Cached:          1273712 kB
MemTotal:        1844596 kB
MemFree:          199040 kB
MemAvailable:    1450984 kB
Buffers:           85432 kB
Cached:          1273712 kB
MemTotal:        1844596 kB
MemFree:          199028 kB
MemAvailable:    1450972 kB
Buffers:           85432 kB
Cached:          1273712 kB
MemTotal:        1844596 kB
MemFree:          199280 kB
MemAvailable:    1451224 kB
Buffers:           85432 kB
Cached:          1273712 kB
MemTotal:        1844596 kB
MemFree:          199040 kB
MemAvailable:    1450984 kB
Buffers:           85432 kB
Cached:          1273712 kB
MemTotal:        1844596 kB
MemFree:          198156 kB
MemAvailable:    1450100 kB
Buffers:           85432 kB
Cached:          1273712 kB
MemTotal:        1844596 kB
MemFree:          199208 kB
MemAvailable:    1451152 kB
Buffers:           85432 kB
Cached:          1273712 kB
MemTotal:        1844596 kB
MemFree:          199028 kB
MemAvailable:    1450972 kB
Buffers:           85432 kB
Cached:          1273712 kB
MemTotal:        1844596 kB
MemFree:          198104 kB
MemAvailable:    1450048 kB
Buffers:           85432 kB
Cached:          1273712 kB
MemTotal:        1844596 kB
MemFree:          198016 kB
MemAvailable:    1449960 kB
Buffers:           85432 kB
Cached:          1273712 kB
MemTotal:        1844596 kB
MemFree:          197796 kB
MemAvailable:    1449740 kB
Buffers:           85432 kB
Cached:          1273712 kB
MemTotal:        1844596 kB
MemFree:          199048 kB
MemAvailable:    1450992 kB
Buffers:           85432 kB
Cached:          1273712 kB
MemTotal:        1844596 kB
MemFree:          197872 kB
MemAvailable:    1449816 kB
Buffers:           85432 kB
Cached:          1273712 kB
MemTotal:        1844596 kB
MemFree:          198980 kB
MemAvailable:    1450924 kB
Buffers:           85432 kB
Cached:          1273712 kB
MemTotal:        1844596 kB
MemFree:          199236 kB
MemAvailable:    1451180 kB
Buffers:           85432 kB
Cached:          1273712 kB
MemTotal:        1844596 kB
MemFree:          199148 kB
MemAvailable:    1451092 kB
Buffers:           85432 kB
Cached:          1273712 kB
MemTotal:        1844596 kB
MemFree:          198856 kB
MemAvailable:    1450808 kB
Buffers:           85432 kB
Cached:          1273720 kB
MemTotal:        1844596 kB
MemFree:          199024 kB
MemAvailable:    1450976 kB
Buffers:           85432 kB
Cached:          1273720 kB
MemTotal:        1844596 kB
MemFree:          198784 kB
MemAvailable:    1450736 kB
Buffers:           85432 kB
Cached:          1273720 kB
MemTotal:        1844596 kB
MemFree:          197740 kB
MemAvailable:    1449692 kB
Buffers:           85432 kB
Cached:          1273720 kB
MemTotal:        1844596 kB
MemFree:          197616 kB
MemAvailable:    1449568 kB
Buffers:           85432 kB
Cached:          1273720 kB
MemTotal:        1844596 kB
MemFree:          198884 kB
MemAvailable:    1450836 kB
Buffers:           85432 kB
Cached:          1273720 kB
MemTotal:        1844596 kB
MemFree:          198540 kB
MemAvailable:    1450492 kB
Buffers:           85432 kB
Cached:          1273720 kB
MemTotal:        1844596 kB
MemFree:          198916 kB
MemAvailable:    1450868 kB
Buffers:           85432 kB
Cached:          1273720 kB
MemTotal:        1844596 kB
MemFree:          197736 kB
MemAvailable:    1449688 kB
Buffers:           85432 kB
Cached:          1273720 kB
MemTotal:        1844596 kB
MemFree:          197648 kB
MemAvailable:    1449600 kB
Buffers:           85432 kB
Cached:          1273720 kB
MemTotal:        1844596 kB
MemFree:          197540 kB
MemAvailable:    1449492 kB
Buffers:           85432 kB
Cached:          1273720 kB
MemTotal:        1844596 kB
MemFree:          197796 kB
MemAvailable:    1449748 kB
Buffers:           85432 kB
Cached:          1273720 kB
MemTotal:        1844596 kB
MemFree:          197672 kB
MemAvailable:    1449624 kB
Buffers:           85432 kB
Cached:          1273720 kB
MemTotal:        1844596 kB
MemFree:          198816 kB
MemAvailable:    1450768 kB
Buffers:           85432 kB
Cached:          1273720 kB
MemTotal:        1844596 kB
MemFree:          198416 kB
MemAvailable:    1450368 kB
Buffers:           85432 kB
Cached:          1273720 kB
MemTotal:        1844596 kB
MemFree:          198844 kB
MemAvailable:    1450796 kB
Buffers:           85432 kB
Cached:          1273720 kB
MemTotal:        1844596 kB
MemFree:          198844 kB
MemAvailable:    1450796 kB
Buffers:           85432 kB
Cached:          1273720 kB
MemTotal:        1844596 kB
MemFree:          198760 kB
MemAvailable:    1450712 kB
Buffers:           85432 kB
Cached:          1273720 kB
MemTotal:        1844596 kB
MemFree:          198912 kB
MemAvailable:    1450864 kB
Buffers:           85432 kB
Cached:          1273720 kB
MemTotal:        1844596 kB
MemFree:          198952 kB
MemAvailable:    1450904 kB
Buffers:           85432 kB
Cached:          1273720 kB
MemTotal:        1844596 kB
MemFree:          197736 kB
MemAvailable:    1449688 kB
Buffers:           85432 kB
Cached:          1273720 kB
MemTotal:        1844596 kB
MemFree:          197608 kB
MemAvailable:    1449560 kB
Buffers:           85432 kB
Cached:          1273720 kB
MemTotal:        1844596 kB
MemFree:          198772 kB
MemAvailable:    1450724 kB
Buffers:           85432 kB
Cached:          1273720 kB
MemTotal:        1844596 kB
MemFree:          199024 kB
MemAvailable:    1450976 kB
Buffers:           85432 kB
Cached:          1273720 kB
MemTotal:        1844596 kB
MemFree:          197620 kB
MemAvailable:    1449572 kB
Buffers:           85432 kB
Cached:          1273720 kB
MemTotal:        1844596 kB
MemFree:          199060 kB
MemAvailable:    1451012 kB
Buffers:           85432 kB
Cached:          1273720 kB
MemTotal:        1844596 kB
MemFree:          198628 kB
MemAvailable:    1450580 kB
Buffers:           85432 kB
Cached:          1273720 kB
MemTotal:        1844596 kB
MemFree:          197672 kB
MemAvailable:    1449624 kB
Buffers:           85432 kB
Cached:          1273720 kB
MemTotal:        1844596 kB
MemFree:          197632 kB
MemAvailable:    1449584 kB
Buffers:           85432 kB
Cached:          1273720 kB
MemTotal:        1844596 kB
MemFree:          198824 kB
MemAvailable:    1450776 kB
Buffers:           85432 kB
Cached:          1273720 kB
MemTotal:        1844596 kB
MemFree:          198548 kB
MemAvailable:    1450500 kB
Buffers:           85432 kB
Cached:          1273720 kB
MemTotal:        1844596 kB
MemFree:          198772 kB
MemAvailable:    1450724 kB
Buffers:           85432 kB
Cached:          1273720 kB
MemTotal:        1844596 kB
MemFree:          199024 kB
MemAvailable:    1450976 kB
Buffers:           85432 kB
Cached:          1273720 kB
MemTotal:        1844596 kB
MemFree:          198792 kB
MemAvailable:    1450744 kB
Buffers:           85432 kB
Cached:          1273720 kB
MemTotal:        1844596 kB
MemFree:          197616 kB
MemAvailable:    1449568 kB
Buffers:           85432 kB
Cached:          1273720 kB
MemTotal:        1844596 kB
MemFree:          197776 kB
MemAvailable:    1449728 kB
Buffers:           85432 kB
Cached:          1273720 kB
MemTotal:        1844596 kB
MemFree:          199016 kB
MemAvailable:    1450968 kB
Buffers:           85432 kB
Cached:          1273720 kB
MemTotal:        1844596 kB
MemFree:          197612 kB
MemAvailable:    1449564 kB
Buffers:           85432 kB
Cached:          1273720 kB
MemTotal:        1844596 kB
MemFree:          198712 kB
MemAvailable:    1450664 kB
Buffers:           85432 kB
Cached:          1273720 kB
MemTotal:        1844596 kB
MemFree:          198964 kB
MemAvailable:    1450916 kB
Buffers:           85432 kB
Cached:          1273720 kB
MemTotal:        1844596 kB
MemFree:          198784 kB
MemAvailable:    1450736 kB
Buffers:           85432 kB
Cached:          1273720 kB
MemTotal:        1844596 kB
MemFree:          197616 kB
MemAvailable:    1449568 kB
Buffers:           85432 kB
Cached:          1273720 kB
MemTotal:        1844596 kB
MemFree:          198892 kB
MemAvailable:    1450844 kB
Buffers:           85432 kB
Cached:          1273720 kB
MemTotal:        1844596 kB
MemFree:          198796 kB
MemAvailable:    1450748 kB
Buffers:           85432 kB
Cached:          1273720 kB
MemTotal:        1844596 kB
MemFree:          198924 kB
MemAvailable:    1450876 kB
Buffers:           85432 kB
Cached:          1273720 kB
MemTotal:        1844596 kB
MemFree:          198292 kB
MemAvailable:    1450244 kB
Buffers:           85432 kB
Cached:          1273720 kB
MemTotal:        1844596 kB
MemFree:          198692 kB
MemAvailable:    1450644 kB
Buffers:           85432 kB
Cached:          1273720 kB
MemTotal:        1844596 kB
MemFree:          198788 kB
MemAvailable:    1450740 kB
Buffers:           85432 kB
Cached:          1273720 kB
MemTotal:        1844596 kB
MemFree:          199044 kB
MemAvailable:    1450996 kB
Buffers:           85432 kB
Cached:          1273720 kB
MemTotal:        1844596 kB
MemFree:          198940 kB
MemAvailable:    1450892 kB
Buffers:           85432 kB
Cached:          1273720 kB
MemTotal:        1844596 kB
MemFree:          198772 kB
MemAvailable:    1450724 kB
Buffers:           85432 kB
Cached:          1273720 kB
MemTotal:        1844596 kB
MemFree:          197656 kB
MemAvailable:    1449608 kB
Buffers:           85432 kB
Cached:          1273720 kB
MemTotal:        1844596 kB
MemFree:          198864 kB
MemAvailable:    1450816 kB
Buffers:           85432 kB
Cached:          1273720 kB
MemTotal:        1844596 kB
MemFree:          197672 kB
MemAvailable:    1449624 kB
Buffers:           85432 kB
Cached:          1273720 kB
MemTotal:        1844596 kB
MemFree:          199096 kB
MemAvailable:    1451048 kB
Buffers:           85432 kB
Cached:          1273720 kB
MemTotal:        1844596 kB
MemFree:          197496 kB
MemAvailable:    1449448 kB
Buffers:           85432 kB
Cached:          1273720 kB
MemTotal:        1844596 kB
MemFree:          197744 kB
MemAvailable:    1449696 kB
Buffers:           85432 kB
Cached:          1273720 kB
MemTotal:        1844596 kB
MemFree:          198764 kB
MemAvailable:    1450716 kB
Buffers:           85432 kB
Cached:          1273720 kB
MemTotal:        1844596 kB
MemFree:          198984 kB
MemAvailable:    1450936 kB
Buffers:           85432 kB
Cached:          1273720 kB
MemTotal:        1844596 kB
MemFree:          198852 kB
MemAvailable:    1450804 kB
Buffers:           85432 kB
Cached:          1273720 kB
MemTotal:        1844596 kB
MemFree:          199104 kB
MemAvailable:    1451056 kB
Buffers:           85432 kB
Cached:          1273720 kB
MemTotal:        1844596 kB
MemFree:          198840 kB
MemAvailable:    1450792 kB
Buffers:           85432 kB
Cached:          1273720 kB
MemTotal:        1844596 kB
MemFree:          198924 kB
MemAvailable:    1450876 kB
Buffers:           85432 kB
Cached:          1273720 kB
MemTotal:        1844596 kB
MemFree:          198860 kB
MemAvailable:    1450812 kB
Buffers:           85432 kB
Cached:          1273720 kB
MemTotal:        1844596 kB
MemFree:          198972 kB
MemAvailable:    1450924 kB
Buffers:           85432 kB
Cached:          1273720 kB
MemTotal:        1844596 kB
MemFree:          197980 kB
MemAvailable:    1449932 kB
Buffers:           85432 kB
Cached:          1273720 kB
MemTotal:        1844596 kB
MemFree:          198648 kB
MemAvailable:    1450608 kB
Buffers:           85432 kB
Cached:          1273728 kB
MemTotal:        1844596 kB
MemFree:          198788 kB
MemAvailable:    1450748 kB
Buffers:           85432 kB
Cached:          1273728 kB
MemTotal:        1844596 kB
MemFree:          198932 kB
MemAvailable:    1450892 kB
Buffers:           85432 kB
Cached:          1273728 kB
MemTotal:        1844596 kB
MemFree:          198168 kB
MemAvailable:    1450128 kB
Buffers:           85432 kB
Cached:          1273728 kB
MemTotal:        1844596 kB
MemFree:          198692 kB
MemAvailable:    1450652 kB
Buffers:           85432 kB
Cached:          1273728 kB
MemTotal:        1844596 kB
MemFree:          198912 kB
MemAvailable:    1450872 kB
Buffers:           85432 kB
Cached:          1273728 kB
MemTotal:        1844596 kB
MemFree:          198848 kB
MemAvailable:    1450808 kB
Buffers:           85432 kB
Cached:          1273728 kB
MemTotal:        1844596 kB
MemFree:          198960 kB
MemAvailable:    1450920 kB
Buffers:           85432 kB
Cached:          1273728 kB
MemTotal:        1844596 kB
MemFree:          199016 kB
MemAvailable:    1450976 kB
Buffers:           85432 kB
Cached:          1273728 kB
MemTotal:        1844596 kB
MemFree:          197652 kB
MemAvailable:    1449612 kB
Buffers:           85432 kB
Cached:          1273728 kB
MemTotal:        1844596 kB
MemFree:          197736 kB
MemAvailable:    1449696 kB
Buffers:           85432 kB
Cached:          1273728 kB
MemTotal:        1844596 kB
MemFree:          198948 kB
MemAvailable:    1450908 kB
Buffers:           85432 kB
Cached:          1273728 kB
MemTotal:        1844596 kB
MemFree:          198880 kB
MemAvailable:    1450840 kB
Buffers:           85432 kB
Cached:          1273728 kB
MemTotal:        1844596 kB
MemFree:          197476 kB
MemAvailable:    1449436 kB
Buffers:           85432 kB
Cached:          1273728 kB
MemTotal:        1844596 kB
MemFree:          198648 kB
MemAvailable:    1450608 kB
Buffers:           85432 kB
Cached:          1273728 kB
MemTotal:        1844596 kB
MemFree:          198664 kB
MemAvailable:    1450624 kB
Buffers:           85432 kB
Cached:          1273728 kB
MemTotal:        1844596 kB
MemFree:          197784 kB
MemAvailable:    1449744 kB
Buffers:           85432 kB
Cached:          1273728 kB
MemTotal:        1844596 kB
MemFree:          197660 kB
MemAvailable:    1449620 kB
Buffers:           85432 kB
Cached:          1273728 kB
MemTotal:        1844596 kB
MemFree:          198852 kB
MemAvailable:    1450812 kB
Buffers:           85432 kB
Cached:          1273728 kB
MemTotal:        1844596 kB
MemFree:          199020 kB
MemAvailable:    1450980 kB
Buffers:           85432 kB
Cached:          1273728 kB
MemTotal:        1844596 kB
MemFree:          198964 kB
MemAvailable:    1450924 kB
Buffers:           85432 kB
Cached:          1273728 kB
MemTotal:        1844596 kB
MemFree:          198168 kB
MemAvailable:    1450128 kB
Buffers:           85432 kB
Cached:          1273728 kB
MemTotal:        1844596 kB
MemFree:          199152 kB
MemAvailable:    1451112 kB
Buffers:           85432 kB
Cached:          1273728 kB
MemTotal:        1844596 kB
MemFree:          199044 kB
MemAvailable:    1451004 kB
Buffers:           85432 kB
Cached:          1273728 kB
MemTotal:        1844596 kB
MemFree:          198740 kB
MemAvailable:    1450700 kB
Buffers:           85432 kB
Cached:          1273728 kB
MemTotal:        1844596 kB
MemFree:          198984 kB
MemAvailable:    1450944 kB
Buffers:           85432 kB
Cached:          1273728 kB
MemTotal:        1844596 kB
MemFree:          198292 kB
MemAvailable:    1450252 kB
Buffers:           85432 kB
Cached:          1273728 kB
MemTotal:        1844596 kB
MemFree:          199092 kB
MemAvailable:    1451056 kB
Buffers:           85432 kB
Cached:          1273732 kB
MemTotal:        1844596 kB
MemFree:          197664 kB
MemAvailable:    1449628 kB
Buffers:           85432 kB
Cached:          1273732 kB
MemTotal:        1844596 kB
MemFree:          198848 kB
MemAvailable:    1450812 kB
Buffers:           85432 kB
Cached:          1273732 kB
MemTotal:        1844596 kB
MemFree:          198972 kB
MemAvailable:    1450936 kB
Buffers:           85432 kB
Cached:          1273732 kB
MemTotal:        1844596 kB
MemFree:          197624 kB
MemAvailable:    1449588 kB
Buffers:           85432 kB
Cached:          1273732 kB
MemTotal:        1844596 kB
MemFree:          197612 kB
MemAvailable:    1449576 kB
Buffers:           85432 kB
Cached:          1273732 kB
MemTotal:        1844596 kB
MemFree:          198956 kB
MemAvailable:    1450920 kB
Buffers:           85432 kB
Cached:          1273732 kB
MemTotal:        1844596 kB
MemFree:          197484 kB
MemAvailable:    1449448 kB
Buffers:           85432 kB
Cached:          1273732 kB
MemTotal:        1844596 kB
MemFree:          198912 kB
MemAvailable:    1450876 kB
Buffers:           85432 kB
Cached:          1273732 kB
MemTotal:        1844596 kB
MemFree:          198988 kB
MemAvailable:    1450952 kB
Buffers:           85432 kB
Cached:          1273732 kB
MemTotal:        1844596 kB
MemFree:          197796 kB
MemAvailable:    1449760 kB
Buffers:           85432 kB
Cached:          1273732 kB
MemTotal:        1844596 kB
MemFree:          197632 kB
MemAvailable:    1449596 kB
Buffers:           85432 kB
Cached:          1273732 kB
MemTotal:        1844596 kB
MemFree:          197740 kB
MemAvailable:    1449704 kB
Buffers:           85432 kB
Cached:          1273732 kB
MemTotal:        1844596 kB
MemFree:          197624 kB
MemAvailable:    1449588 kB
Buffers:           85432 kB
Cached:          1273732 kB
MemTotal:        1844596 kB
MemFree:          197624 kB
MemAvailable:    1449588 kB
Buffers:           85432 kB
Cached:          1273732 kB
MemTotal:        1844596 kB
MemFree:          197744 kB
MemAvailable:    1449708 kB
Buffers:           85432 kB
Cached:          1273732 kB
MemTotal:        1844596 kB
MemFree:          197648 kB
MemAvailable:    1449612 kB
Buffers:           85432 kB
Cached:          1273732 kB
MemTotal:        1844596 kB
MemFree:          198848 kB
MemAvailable:    1450812 kB
Buffers:           85432 kB
Cached:          1273732 kB
MemTotal:        1844596 kB
MemFree:          198788 kB
MemAvailable:    1450752 kB
Buffers:           85432 kB
Cached:          1273732 kB
MemTotal:        1844596 kB
MemFree:          198732 kB
MemAvailable:    1450696 kB
Buffers:           85432 kB
Cached:          1273732 kB
MemTotal:        1844596 kB
MemFree:          198988 kB
MemAvailable:    1450952 kB
Buffers:           85432 kB
Cached:          1273732 kB
MemTotal:        1844596 kB
MemFree:          197652 kB
MemAvailable:    1449616 kB
Buffers:           85432 kB
Cached:          1273732 kB
MemTotal:        1844596 kB
MemFree:          198828 kB
MemAvailable:    1450792 kB
Buffers:           85432 kB
Cached:          1273732 kB
MemTotal:        1844596 kB
MemFree:          197652 kB
MemAvailable:    1449616 kB
Buffers:           85432 kB
Cached:          1273732 kB
MemTotal:        1844596 kB
MemFree:          197776 kB
MemAvailable:    1449740 kB
Buffers:           85432 kB
Cached:          1273732 kB
MemTotal:        1844596 kB
MemFree:          197772 kB
MemAvailable:    1449736 kB
Buffers:           85432 kB
Cached:          1273732 kB
MemTotal:        1844596 kB
MemFree:          198900 kB
MemAvailable:    1450864 kB
Buffers:           85432 kB
Cached:          1273732 kB
MemTotal:        1844596 kB
MemFree:          197592 kB
MemAvailable:    1449556 kB
Buffers:           85432 kB
Cached:          1273732 kB
MemTotal:        1844596 kB
MemFree:          197716 kB
MemAvailable:    1449680 kB
Buffers:           85432 kB
Cached:          1273732 kB
MemTotal:        1844596 kB
MemFree:          197716 kB
MemAvailable:    1449680 kB
Buffers:           85432 kB
Cached:          1273732 kB
MemTotal:        1844596 kB
MemFree:          197716 kB
MemAvailable:    1449680 kB
Buffers:           85432 kB
Cached:          1273732 kB
MemTotal:        1844596 kB
MemFree:          198972 kB
MemAvailable:    1450936 kB
Buffers:           85432 kB
Cached:          1273732 kB
MemTotal:        1844596 kB
MemFree:          198772 kB
MemAvailable:    1450736 kB
Buffers:           85432 kB
Cached:          1273732 kB
MemTotal:        1844596 kB
MemFree:          199024 kB
MemAvailable:    1450988 kB
Buffers:           85432 kB
Cached:          1273732 kB
MemTotal:        1844596 kB
MemFree:          198952 kB
MemAvailable:    1450916 kB
Buffers:           85432 kB
Cached:          1273732 kB
MemTotal:        1844596 kB
MemFree:          198912 kB
MemAvailable:    1450876 kB
Buffers:           85432 kB
Cached:          1273732 kB
MemTotal:        1844596 kB
MemFree:          198708 kB
MemAvailable:    1450672 kB
Buffers:           85432 kB
Cached:          1273732 kB
MemTotal:        1844596 kB
MemFree:          198540 kB
MemAvailable:    1450504 kB
Buffers:           85432 kB
Cached:          1273732 kB
MemTotal:        1844596 kB
MemFree:          197784 kB
MemAvailable:    1449748 kB
Buffers:           85432 kB
Cached:          1273732 kB
MemTotal:        1844596 kB
MemFree:          198768 kB
MemAvailable:    1450732 kB
Buffers:           85432 kB
Cached:          1273732 kB
MemTotal:        1844596 kB
MemFree:          199024 kB
MemAvailable:    1450988 kB
Buffers:           85432 kB
Cached:          1273732 kB
MemTotal:        1844596 kB
MemFree:          197612 kB
MemAvailable:    1449576 kB
Buffers:           85432 kB
Cached:          1273732 kB
MemTotal:        1844596 kB
MemFree:          197612 kB
MemAvailable:    1449576 kB
Buffers:           85432 kB
Cached:          1273732 kB
MemTotal:        1844596 kB
MemFree:          198756 kB
MemAvailable:    1450720 kB
Buffers:           85432 kB
Cached:          1273732 kB
MemTotal:        1844596 kB
MemFree:          198788 kB
MemAvailable:    1450752 kB
Buffers:           85432 kB
Cached:          1273732 kB
MemTotal:        1844596 kB
MemFree:          198932 kB
MemAvailable:    1450904 kB
Buffers:           85432 kB
Cached:          1273740 kB
MemTotal:        1844596 kB
MemFree:          198044 kB
MemAvailable:    1450016 kB
Buffers:           85432 kB
Cached:          1273740 kB
MemTotal:        1844596 kB
MemFree:          198648 kB
MemAvailable:    1450620 kB
Buffers:           85432 kB
Cached:          1273740 kB
MemTotal:        1844596 kB
MemFree:          198984 kB
MemAvailable:    1450956 kB
Buffers:           85432 kB
Cached:          1273740 kB
MemTotal:        1844596 kB
MemFree:          198848 kB
MemAvailable:    1450820 kB
Buffers:           85432 kB
Cached:          1273740 kB
MemTotal:        1844596 kB
MemFree:          198044 kB
MemAvailable:    1450016 kB
Buffers:           85432 kB
Cached:          1273740 kB
MemTotal:        1844596 kB
MemFree:          198648 kB
MemAvailable:    1450620 kB
Buffers:           85432 kB
Cached:          1273740 kB
MemTotal:        1844596 kB
MemFree:          198708 kB
MemAvailable:    1450680 kB
Buffers:           85432 kB
Cached:          1273740 kB
MemTotal:        1844596 kB
MemFree:          197548 kB
MemAvailable:    1449520 kB
Buffers:           85432 kB
Cached:          1273740 kB
MemTotal:        1844596 kB
MemFree:          197540 kB
MemAvailable:    1449512 kB
Buffers:           85432 kB
Cached:          1273740 kB
MemTotal:        1844596 kB
MemFree:          197624 kB
MemAvailable:    1449596 kB
Buffers:           85432 kB
Cached:          1273740 kB
MemTotal:        1844596 kB
MemFree:          198960 kB
MemAvailable:    1450932 kB
Buffers:           85432 kB
Cached:          1273740 kB
MemTotal:        1844596 kB
MemFree:          197736 kB
MemAvailable:    1449708 kB
Buffers:           85432 kB
Cached:          1273740 kB
MemTotal:        1844596 kB
MemFree:          197488 kB
MemAvailable:    1449460 kB
Buffers:           85432 kB
Cached:          1273740 kB
MemTotal:        1844596 kB
MemFree:          198648 kB
MemAvailable:    1450620 kB
Buffers:           85432 kB
Cached:          1273740 kB
MemTotal:        1844596 kB
MemFree:          198988 kB
MemAvailable:    1450960 kB
Buffers:           85432 kB
Cached:          1273740 kB
MemTotal:        1844596 kB
MemFree:          198844 kB
MemAvailable:    1450816 kB
Buffers:           85432 kB
Cached:          1273740 kB
MemTotal:        1844596 kB
MemFree:          199096 kB
MemAvailable:    1451068 kB
Buffers:           85432 kB
Cached:          1273740 kB
MemTotal:        1844596 kB
MemFree:          198760 kB
MemAvailable:    1450732 kB
Buffers:           85432 kB
Cached:          1273740 kB
MemTotal:        1844596 kB
MemFree:          199012 kB
MemAvailable:    1450984 kB
Buffers:           85432 kB
Cached:          1273740 kB
MemTotal:        1844596 kB
MemFree:          198960 kB
MemAvailable:    1450932 kB
Buffers:           85432 kB
Cached:          1273740 kB
MemTotal:        1844596 kB
MemFree:          198168 kB
MemAvailable:    1450140 kB
Buffers:           85432 kB
Cached:          1273740 kB
MemTotal:        1844596 kB
MemFree:          198044 kB
MemAvailable:    1450016 kB
Buffers:           85432 kB
Cached:          1273740 kB
MemTotal:        1844596 kB
MemFree:          197920 kB
MemAvailable:    1449892 kB
Buffers:           85432 kB
Cached:          1273740 kB
MemTotal:        1844596 kB
MemFree:          198160 kB
MemAvailable:    1450132 kB
Buffers:           85432 kB
Cached:          1273740 kB
MemTotal:        1844596 kB
MemFree:          199248 kB
MemAvailable:    1451220 kB
Buffers:           85432 kB
Cached:          1273740 kB
MemTotal:        1844596 kB
MemFree:          198028 kB
MemAvailable:    1450000 kB
Buffers:           85432 kB
Cached:          1273740 kB
MemTotal:        1844596 kB
MemFree:          198956 kB
MemAvailable:    1450928 kB
Buffers:           85432 kB
Cached:          1273740 kB
MemTotal:        1844596 kB
MemFree:          199080 kB
MemAvailable:    1451052 kB
Buffers:           85432 kB
Cached:          1273740 kB
MemTotal:        1844596 kB
MemFree:          199080 kB
MemAvailable:    1451052 kB
Buffers:           85432 kB
Cached:          1273740 kB
MemTotal:        1844596 kB
MemFree:          199204 kB
MemAvailable:    1451176 kB
Buffers:           85432 kB
Cached:          1273740 kB
MemTotal:        1844596 kB
MemFree:          199204 kB
MemAvailable:    1451176 kB
Buffers:           85432 kB
Cached:          1273740 kB
MemTotal:        1844596 kB
MemFree:          199088 kB
MemAvailable:    1451060 kB
Buffers:           85432 kB
Cached:          1273740 kB
MemTotal:        1844596 kB
MemFree:          198168 kB
MemAvailable:    1450140 kB
Buffers:           85432 kB
Cached:          1273740 kB
MemTotal:        1844596 kB
MemFree:          197920 kB
MemAvailable:    1449892 kB
Buffers:           85432 kB
Cached:          1273740 kB
MemTotal:        1844596 kB
MemFree:          199088 kB
MemAvailable:    1451060 kB
Buffers:           85432 kB
Cached:          1273740 kB
MemTotal:        1844596 kB
MemFree:          198960 kB
MemAvailable:    1450932 kB
Buffers:           85432 kB
Cached:          1273740 kB
MemTotal:        1844596 kB
MemFree:          198756 kB
MemAvailable:    1450728 kB
Buffers:           85432 kB
Cached:          1273740 kB
MemTotal:        1844596 kB
MemFree:          198788 kB
MemAvailable:    1450760 kB
Buffers:           85432 kB
Cached:          1273740 kB
MemTotal:        1844596 kB
