MemTotal:        1844596 kB
MemFree:          271716 kB
MemAvailable:    1546244 kB
Buffers:          104868 kB
Cached:          1184624 kB
MemTotal:        1844596 kB
MemFree:          245040 kB
MemAvailable:    1519576 kB
Buffers:          104868 kB
Cached:          1184628 kB
MemTotal:        1844596 kB
MemFree:          242552 kB
MemAvailable:    1517088 kB
Buffers:          104868 kB
Cached:          1184628 kB
MemTotal:        1844596 kB
MemFree:          243908 kB
MemAvailable:    1518444 kB
Buffers:          104868 kB
Cached:          1184628 kB
MemTotal:        1844596 kB
MemFree:          241072 kB
MemAvailable:    1515608 kB
Buffers:          104868 kB
Cached:          1184628 kB
MemTotal:        1844596 kB
MemFree:          239824 kB
MemAvailable:    1514360 kB
Buffers:          104868 kB
Cached:          1184628 kB
MemTotal:        1844596 kB
MemFree:          238460 kB
MemAvailable:    1512996 kB
Buffers:          104868 kB
Cached:          1184628 kB
MemTotal:        1844596 kB
MemFree:          238548 kB
MemAvailable:    1513084 kB
Buffers:          104868 kB
Cached:          1184628 kB
MemTotal:        1844596 kB
MemFree:          233956 kB
MemAvailable:    1508492 kB
Buffers:          104868 kB
Cached:          1184628 kB
MemTotal:        1844596 kB
MemFree:          233956 kB
MemAvailable:    1508492 kB
Buffers:          104868 kB
Cached:          1184628 kB
MemTotal:        1844596 kB
MemFree:          232472 kB
MemAvailable:    1507008 kB
Buffers:          104868 kB
Cached:          1184628 kB
MemTotal:        1844596 kB
MemFree:          232444 kB
MemAvailable:    1506980 kB
Buffers:          104868 kB
Cached:          1184628 kB
MemTotal:        1844596 kB
MemFree:          232580 kB
MemAvailable:    1507116 kB
Buffers:          104868 kB
Cached:          1184628 kB
MemTotal:        1844596 kB
MemFree:          230896 kB
MemAvailable:    1505432 kB
Buffers:          104868 kB
Cached:          1184628 kB
MemTotal:        1844596 kB
MemFree:          232320 kB
MemAvailable:    1506856 kB
Buffers:          104868 kB
Cached:          1184628 kB
MemTotal:        1844596 kB
MemFree:          231020 kB
MemAvailable:    1505556 kB
Buffers:          104868 kB
Cached:          1184628 kB
MemTotal:        1844596 kB
MemFree:          232252 kB
MemAvailable:    1506788 kB
Buffers:          104868 kB
Cached:          1184628 kB
MemTotal:        1844596 kB
MemFree:          231756 kB
MemAvailable:    1506292 kB
Buffers:          104868 kB
Cached:          1184628 kB
MemTotal:        1844596 kB
MemFree:          231524 kB
MemAvailable:    1506060 kB
Buffers:          104868 kB
Cached:          1184628 kB
MemTotal:        1844596 kB
MemFree:          230352 kB
MemAvailable:    1504888 kB
Buffers:          104868 kB
Cached:          1184628 kB
MemTotal:        1844596 kB
MemFree:          231620 kB
MemAvailable:    1506156 kB
Buffers:          104868 kB
Cached:          1184628 kB
MemTotal:        1844596 kB
MemFree:          231872 kB
MemAvailable:    1506408 kB
Buffers:          104868 kB
Cached:          1184628 kB
MemTotal:        1844596 kB
MemFree:          231568 kB
MemAvailable:    1506104 kB
Buffers:          104868 kB
Cached:          1184628 kB
MemTotal:        1844596 kB
MemFree:          231312 kB
MemAvailable:    1505848 kB
Buffers:          104868 kB
Cached:          1184628 kB
MemTotal:        1844596 kB
MemFree:          230964 kB
MemAvailable:    1505500 kB
Buffers:          104868 kB
Cached:          1184628 kB
MemTotal:        1844596 kB
MemFree:          230832 kB
MemAvailable:    1505368 kB
Buffers:          104868 kB
Cached:          1184628 kB
MemTotal:        1844596 kB
MemFree:          229252 kB
MemAvailable:    1503788 kB
Buffers:          104868 kB
Cached:          1184628 kB
MemTotal:        1844596 kB
MemFree:          230468 kB
MemAvailable:    1505004 kB
Buffers:          104868 kB
Cached:          1184628 kB
MemTotal:        1844596 kB
MemFree:          230096 kB
MemAvailable:    1504632 kB
Buffers:          104868 kB
Cached:          1184628 kB
MemTotal:        1844596 kB
MemFree:          228300 kB
MemAvailable:    1502836 kB
Buffers:          104868 kB
Cached:          1184628 kB
MemTotal:        1844596 kB
MemFree:          229244 kB
MemAvailable:    1503780 kB
Buffers:          104868 kB
Cached:          1184628 kB
MemTotal:        1844596 kB
MemFree:          229244 kB
MemAvailable:    1503780 kB
Buffers:          104868 kB
Cached:          1184628 kB
MemTotal:        1844596 kB
MemFree:          229244 kB
MemAvailable:    1503780 kB
Buffers:          104868 kB
Cached:          1184628 kB
MemTotal:        1844596 kB
MemFree:          229100 kB
MemAvailable:    1503636 kB
Buffers:          104868 kB
Cached:          1184628 kB
MemTotal:        1844596 kB
MemFree:          229436 kB
MemAvailable:    1503972 kB
Buffers:          104868 kB
Cached:          1184628 kB
MemTotal:        1844596 kB
MemFree:          228028 kB
MemAvailable:    1502564 kB
Buffers:          104868 kB
Cached:          1184628 kB
MemTotal:        1844596 kB
MemFree:          228424 kB
MemAvailable:    1502960 kB
Buffers:          104868 kB
Cached:          1184628 kB
MemTotal:        1844596 kB
MemFree:          229240 kB
MemAvailable:    1503776 kB
Buffers:          104868 kB
Cached:          1184628 kB
MemTotal:        1844596 kB
MemFree:          229336 kB
MemAvailable:    1503872 kB
Buffers:          104868 kB
Cached:          1184628 kB
MemTotal:        1844596 kB
MemFree:          227424 kB
MemAvailable:    1501960 kB
Buffers:          104868 kB
Cached:          1184628 kB
MemTotal:        1844596 kB
MemFree:          225324 kB
MemAvailable:    1499860 kB
Buffers:          104868 kB
Cached:          1184628 kB
MemTotal:        1844596 kB
MemFree:          224144 kB
MemAvailable:    1498680 kB
Buffers:          104868 kB
Cached:          1184628 kB
MemTotal:        1844596 kB
MemFree:          224012 kB
MemAvailable:    1498548 kB
Buffers:          104868 kB
Cached:          1184628 kB
MemTotal:        1844596 kB
MemFree:          222844 kB
MemAvailable:    1497380 kB
Buffers:          104868 kB
Cached:          1184628 kB
MemTotal:        1844596 kB
MemFree:          223684 kB
MemAvailable:    1498220 kB
Buffers:          104868 kB
Cached:          1184628 kB
MemTotal:        1844596 kB
MemFree:          224020 kB
MemAvailable:    1498556 kB
Buffers:          104868 kB
Cached:          1184628 kB
MemTotal:        1844596 kB
MemFree:          222576 kB
MemAvailable:    1497112 kB
Buffers:          104868 kB
Cached:          1184628 kB
MemTotal:        1844596 kB
MemFree:          222576 kB
MemAvailable:    1497112 kB
Buffers:          104868 kB
Cached:          1184628 kB
MemTotal:        1844596 kB
MemFree:          223560 kB
MemAvailable:    1498096 kB
Buffers:          104868 kB
Cached:          1184628 kB
MemTotal:        1844596 kB
MemFree:          222844 kB
MemAvailable:    1497380 kB
Buffers:          104868 kB
Cached:          1184628 kB
MemTotal:        1844596 kB
MemFree:          223188 kB
MemAvailable:    1497724 kB
Buffers:          104868 kB
Cached:          1184628 kB
MemTotal:        1844596 kB
MemFree:          223524 kB
MemAvailable:    1498060 kB
Buffers:          104868 kB
Cached:          1184628 kB
MemTotal:        1844596 kB
MemFree:          222100 kB
MemAvailable:    1496636 kB
Buffers:          104868 kB
Cached:          1184628 kB
MemTotal:        1844596 kB
MemFree:          222044 kB
MemAvailable:    1496580 kB
Buffers:          104868 kB
Cached:          1184628 kB
MemTotal:        1844596 kB
MemFree:          222348 kB
MemAvailable:    1496884 kB
Buffers:          104868 kB
Cached:          1184628 kB
MemTotal:        1844596 kB
MemFree:          221108 kB
MemAvailable:    1495644 kB
Buffers:          104868 kB
Cached:          1184628 kB
MemTotal:        1844596 kB
MemFree:          217752 kB
MemAvailable:    1492288 kB
Buffers:          104868 kB
Cached:          1184628 kB
MemTotal:        1844596 kB
MemFree:          217720 kB
MemAvailable:    1492256 kB
Buffers:          104868 kB
Cached:          1184628 kB
MemTotal:        1844596 kB
MemFree:          216272 kB
MemAvailable:    1490808 kB
Buffers:          104868 kB
Cached:          1184628 kB
MemTotal:        1844596 kB
MemFree:          215900 kB
MemAvailable:    1490448 kB
Buffers:          104868 kB
Cached:          1184640 kB
MemTotal:        1844596 kB
MemFree:          215952 kB
MemAvailable:    1490500 kB
Buffers:          104868 kB
Cached:          1184640 kB
MemTotal:        1844596 kB
MemFree:          215520 kB
MemAvailable:    1490068 kB
Buffers:          104868 kB
Cached:          1184640 kB
MemTotal:        1844596 kB
MemFree:          215040 kB
MemAvailable:    1489588 kB
Buffers:          104868 kB
Cached:          1184640 kB
MemTotal:        1844596 kB
MemFree:          215032 kB
MemAvailable:    1489580 kB
Buffers:          104868 kB
Cached:          1184640 kB
MemTotal:        1844596 kB
MemFree:          213924 kB
MemAvailable:    1488472 kB
Buffers:          104868 kB
Cached:          1184640 kB
MemTotal:        1844596 kB
MemFree:          214688 kB
MemAvailable:    1489236 kB
Buffers:          104868 kB
Cached:          1184640 kB
MemTotal:        1844596 kB
MemFree:          214660 kB
MemAvailable:    1489208 kB
Buffers:          104868 kB
Cached:          1184640 kB
MemTotal:        1844596 kB
MemFree:          214764 kB
MemAvailable:    1489312 kB
Buffers:          104868 kB
Cached:          1184640 kB
MemTotal:        1844596 kB
MemFree:          214420 kB
MemAvailable:    1488968 kB
Buffers:          104868 kB
Cached:          1184640 kB
MemTotal:        1844596 kB
MemFree:          214612 kB
MemAvailable:    1489160 kB
Buffers:          104868 kB
Cached:          1184640 kB
MemTotal:        1844596 kB
MemFree:          214668 kB
MemAvailable:    1489216 kB
Buffers:          104868 kB
Cached:          1184640 kB
MemTotal:        1844596 kB
MemFree:          213916 kB
MemAvailable:    1488464 kB
Buffers:          104868 kB
Cached:          1184640 kB
MemTotal:        1844596 kB
MemFree:          214788 kB
MemAvailable:    1489336 kB
Buffers:          104868 kB
Cached:          1184640 kB
MemTotal:        1844596 kB
MemFree:          213372 kB
MemAvailable:    1487920 kB
Buffers:          104868 kB
Cached:          1184640 kB
MemTotal:        1844596 kB
MemFree:          214612 kB
MemAvailable:    1489160 kB
Buffers:          104868 kB
Cached:          1184640 kB
MemTotal:        1844596 kB
MemFree:          213284 kB
MemAvailable:    1487832 kB
Buffers:          104868 kB
Cached:          1184640 kB
MemTotal:        1844596 kB
MemFree:          214516 kB
MemAvailable:    1489064 kB
Buffers:          104868 kB
Cached:          1184640 kB
MemTotal:        1844596 kB
MemFree:          214172 kB
MemAvailable:    1488720 kB
Buffers:          104868 kB
Cached:          1184640 kB
MemTotal:        1844596 kB
MemFree:          213248 kB
MemAvailable:    1487796 kB
Buffers:          104868 kB
Cached:          1184640 kB
MemTotal:        1844596 kB
MemFree:          214280 kB
MemAvailable:    1488828 kB
Buffers:          104868 kB
Cached:          1184640 kB
MemTotal:        1844596 kB
MemFree:          213924 kB
MemAvailable:    1488472 kB
Buffers:          104868 kB
Cached:          1184640 kB
MemTotal:        1844596 kB
MemFree:          214208 kB
MemAvailable:    1488756 kB
Buffers:          104868 kB
Cached:          1184640 kB
MemTotal:        1844596 kB
MemFree:          214216 kB
MemAvailable:    1488764 kB
Buffers:          104868 kB
Cached:          1184640 kB
MemTotal:        1844596 kB
MemFree:          213992 kB
MemAvailable:    1488540 kB
Buffers:          104868 kB
Cached:          1184640 kB
MemTotal:        1844596 kB
MemFree:          214328 kB
MemAvailable:    1488876 kB
Buffers:          104868 kB
Cached:          1184640 kB
MemTotal:        1844596 kB
MemFree:          209080 kB
MemAvailable:    1483628 kB
Buffers:          104868 kB
Cached:          1184640 kB
MemTotal:        1844596 kB
MemFree:          207344 kB
MemAvailable:    1481892 kB
Buffers:          104868 kB
Cached:          1184640 kB
MemTotal:        1844596 kB
MemFree:          205360 kB
MemAvailable:    1479908 kB
Buffers:          104868 kB
Cached:          1184640 kB
MemTotal:        1844596 kB
MemFree:          204980 kB
MemAvailable:    1479528 kB
Buffers:          104868 kB
Cached:          1184640 kB
MemTotal:        1844596 kB
MemFree:          205228 kB
MemAvailable:    1479776 kB
Buffers:          104868 kB
Cached:          1184640 kB
MemTotal:        1844596 kB
MemFree:          204864 kB
MemAvailable:    1479412 kB
Buffers:          104868 kB
Cached:          1184640 kB
MemTotal:        1844596 kB
MemFree:          206076 kB
MemAvailable:    1480624 kB
Buffers:          104868 kB
Cached:          1184640 kB
MemTotal:        1844596 kB
MemFree:          205972 kB
MemAvailable:    1480520 kB
Buffers:          104868 kB
Cached:          1184640 kB
MemTotal:        1844596 kB
MemFree:          204484 kB
MemAvailable:    1479032 kB
Buffers:          104868 kB
Cached:          1184640 kB
MemTotal:        1844596 kB
MemFree:          205716 kB
MemAvailable:    1480264 kB
Buffers:          104868 kB
Cached:          1184640 kB
MemTotal:        1844596 kB
MemFree:          205720 kB
MemAvailable:    1480268 kB
Buffers:          104868 kB
Cached:          1184640 kB
MemTotal:        1844596 kB
MemFree:          205576 kB
MemAvailable:    1480124 kB
Buffers:          104868 kB
Cached:          1184640 kB
MemTotal:        1844596 kB
MemFree:          205828 kB
MemAvailable:    1480376 kB
Buffers:          104868 kB
Cached:          1184640 kB
MemTotal:        1844596 kB
MemFree:          205780 kB
MemAvailable:    1480328 kB
Buffers:          104868 kB
Cached:          1184640 kB
MemTotal:        1844596 kB
MemFree:          205860 kB
MemAvailable:    1480408 kB
Buffers:          104868 kB
Cached:          1184640 kB
MemTotal:        1844596 kB
MemFree:          205728 kB
MemAvailable:    1480276 kB
Buffers:          104868 kB
Cached:          1184640 kB
MemTotal:        1844596 kB
MemFree:          205440 kB
MemAvailable:    1479988 kB
Buffers:          104868 kB
Cached:          1184640 kB
MemTotal:        1844596 kB
MemFree:          205776 kB
MemAvailable:    1480324 kB
Buffers:          104868 kB
Cached:          1184640 kB
MemTotal:        1844596 kB
MemFree:          205652 kB
MemAvailable:    1480200 kB
Buffers:          104868 kB
Cached:          1184640 kB
MemTotal:        1844596 kB
MemFree:          205820 kB
MemAvailable:    1480368 kB
Buffers:          104868 kB
Cached:          1184640 kB
MemTotal:        1844596 kB
MemFree:          204320 kB
MemAvailable:    1478868 kB
Buffers:          104868 kB
Cached:          1184640 kB
MemTotal:        1844596 kB
MemFree:          205612 kB
MemAvailable:    1480160 kB
Buffers:          104868 kB
Cached:          1184640 kB
MemTotal:        1844596 kB
MemFree:          204480 kB
MemAvailable:    1479028 kB
Buffers:          104868 kB
Cached:          1184640 kB
MemTotal:        1844596 kB
MemFree:          205656 kB
MemAvailable:    1480204 kB
Buffers:          104868 kB
Cached:          1184640 kB
MemTotal:        1844596 kB
MemFree:          205860 kB
MemAvailable:    1480408 kB
Buffers:          104868 kB
Cached:          1184640 kB
MemTotal:        1844596 kB
MemFree:          205308 kB
MemAvailable:    1479856 kB
Buffers:          104868 kB
Cached:          1184640 kB
MemTotal:        1844596 kB
MemFree:          205568 kB
MemAvailable:    1480116 kB
Buffers:          104868 kB
Cached:          1184640 kB
MemTotal:        1844596 kB
MemFree:          205608 kB
MemAvailable:    1480156 kB
Buffers:          104868 kB
Cached:          1184640 kB
MemTotal:        1844596 kB
MemFree:          204480 kB
MemAvailable:    1479028 kB
Buffers:          104868 kB
Cached:          1184640 kB
MemTotal:        1844596 kB
MemFree:          204480 kB
MemAvailable:    1479028 kB
Buffers:          104868 kB
Cached:          1184640 kB
MemTotal:        1844596 kB
MemFree:          204472 kB
MemAvailable:    1479020 kB
Buffers:          104868 kB
Cached:          1184640 kB
MemTotal:        1844596 kB
MemFree:          205588 kB
MemAvailable:    1480136 kB
Buffers:          104868 kB
Cached:          1184640 kB
MemTotal:        1844596 kB
MemFree:          205648 kB
MemAvailable:    1480196 kB
Buffers:          104868 kB
Cached:          1184640 kB
MemTotal:        1844596 kB
MemFree:          205600 kB
MemAvailable:    1480148 kB
Buffers:          104868 kB
Cached:          1184640 kB
MemTotal:        1844596 kB
MemFree:          205720 kB
MemAvailable:    1480268 kB
Buffers:          104868 kB
Cached:          1184640 kB
MemTotal:        1844596 kB
MemFree:          205516 kB
MemAvailable:    1480064 kB
Buffers:          104868 kB
Cached:          1184640 kB
MemTotal:        1844596 kB
MemFree:          205112 kB
MemAvailable:    1479660 kB
Buffers:          104868 kB
Cached:          1184640 kB
MemTotal:        1844596 kB
MemFree:          204312 kB
MemAvailable:    1478860 kB
Buffers:          104868 kB
Cached:          1184640 kB
MemTotal:        1844596 kB
MemFree:          201020 kB
MemAvailable:    1475568 kB
Buffers:          104868 kB
Cached:          1184640 kB
MemTotal:        1844596 kB
MemFree:          199140 kB
MemAvailable:    1473688 kB
Buffers:          104868 kB
Cached:          1184640 kB
MemTotal:        1844596 kB
MemFree:          195624 kB
MemAvailable:    1470172 kB
Buffers:          104868 kB
Cached:          1184640 kB
MemTotal:        1844596 kB
MemFree:          194820 kB
MemAvailable:    1469368 kB
Buffers:          104868 kB
Cached:          1184640 kB
MemTotal:        1844596 kB
MemFree:          194860 kB
MemAvailable:    1469408 kB
Buffers:          104868 kB
Cached:          1184640 kB
MemTotal:        1844596 kB
MemFree:          194788 kB
MemAvailable:    1469336 kB
Buffers:          104868 kB
Cached:          1184640 kB
MemTotal:        1844596 kB
MemFree:          194820 kB
MemAvailable:    1469368 kB
Buffers:          104868 kB
Cached:          1184640 kB
MemTotal:        1844596 kB
MemFree:          194992 kB
MemAvailable:    1469540 kB
Buffers:          104868 kB
Cached:          1184640 kB
MemTotal:        1844596 kB
MemFree:          193644 kB
MemAvailable:    1468192 kB
Buffers:          104868 kB
Cached:          1184640 kB
MemTotal:        1844596 kB
MemFree:          193504 kB
MemAvailable:    1468052 kB
Buffers:          104868 kB
Cached:          1184640 kB
MemTotal:        1844596 kB
MemFree:          193636 kB
MemAvailable:    1468184 kB
Buffers:          104868 kB
Cached:          1184640 kB
MemTotal:        1844596 kB
MemFree:          193512 kB
MemAvailable:    1468060 kB
Buffers:          104868 kB
Cached:          1184640 kB
MemTotal:        1844596 kB
MemFree:          194788 kB
MemAvailable:    1469336 kB
Buffers:          104868 kB
Cached:          1184640 kB
MemTotal:        1844596 kB
MemFree:          194580 kB
MemAvailable:    1469128 kB
Buffers:          104868 kB
Cached:          1184640 kB
MemTotal:        1844596 kB
MemFree:          194708 kB
MemAvailable:    1469256 kB
Buffers:          104868 kB
Cached:          1184640 kB
MemTotal:        1844596 kB
MemFree:          193960 kB
MemAvailable:    1468508 kB
Buffers:          104868 kB
Cached:          1184640 kB
MemTotal:        1844596 kB
MemFree:          194556 kB
MemAvailable:    1469104 kB
Buffers:          104868 kB
Cached:          1184640 kB
MemTotal:        1844596 kB
MemFree:          194892 kB
MemAvailable:    1469440 kB
Buffers:          104868 kB
Cached:          1184640 kB
MemTotal:        1844596 kB
MemFree:          194700 kB
MemAvailable:    1469248 kB
Buffers:          104868 kB
Cached:          1184640 kB
MemTotal:        1844596 kB
MemFree:          193692 kB
MemAvailable:    1468240 kB
Buffers:          104868 kB
Cached:          1184640 kB
MemTotal:        1844596 kB
MemFree:          193532 kB
MemAvailable:    1468080 kB
Buffers:          104868 kB
Cached:          1184640 kB
MemTotal:        1844596 kB
MemFree:          194940 kB
MemAvailable:    1469488 kB
Buffers:          104868 kB
Cached:          1184640 kB
MemTotal:        1844596 kB
MemFree:          195056 kB
MemAvailable:    1469604 kB
Buffers:          104868 kB
Cached:          1184640 kB
MemTotal:        1844596 kB
MemFree:          194780 kB
MemAvailable:    1469336 kB
Buffers:          104868 kB
Cached:          1184648 kB
MemTotal:        1844596 kB
MemFree:          193700 kB
MemAvailable:    1468256 kB
Buffers:          104868 kB
Cached:          1184648 kB
MemTotal:        1844596 kB
MemFree:          193464 kB
MemAvailable:    1468020 kB
Buffers:          104868 kB
Cached:          1184648 kB
MemTotal:        1844596 kB
MemFree:          194788 kB
MemAvailable:    1469344 kB
Buffers:          104868 kB
Cached:          1184648 kB
MemTotal:        1844596 kB
MemFree:          193960 kB
MemAvailable:    1468516 kB
Buffers:          104868 kB
Cached:          1184648 kB
MemTotal:        1844596 kB
MemFree:          194688 kB
MemAvailable:    1469244 kB
Buffers:          104868 kB
Cached:          1184648 kB
MemTotal:        1844596 kB
MemFree:          194456 kB
MemAvailable:    1469012 kB
Buffers:          104868 kB
Cached:          1184648 kB
MemTotal:        1844596 kB
MemFree:          194816 kB
MemAvailable:    1469372 kB
Buffers:          104868 kB
Cached:          1184648 kB
MemTotal:        1844596 kB
MemFree:          194464 kB
MemAvailable:    1469020 kB
Buffers:          104868 kB
Cached:          1184648 kB
MemTotal:        1844596 kB
MemFree:          194696 kB
MemAvailable:    1469252 kB
Buffers:          104868 kB
Cached:          1184648 kB
MemTotal:        1844596 kB
MemFree:          194464 kB
MemAvailable:    1469020 kB
Buffers:          104868 kB
Cached:          1184648 kB
MemTotal:        1844596 kB
MemFree:          193580 kB
MemAvailable:    1468136 kB
Buffers:          104868 kB
Cached:          1184648 kB
MemTotal:        1844596 kB
MemFree:          193580 kB
MemAvailable:    1468136 kB
Buffers:          104868 kB
Cached:          1184648 kB
MemTotal:        1844596 kB
MemFree:          194640 kB
MemAvailable:    1469196 kB
Buffers:          104868 kB
Cached:          1184648 kB
MemTotal:        1844596 kB
MemFree:          194456 kB
MemAvailable:    1469012 kB
Buffers:          104868 kB
Cached:          1184648 kB
MemTotal:        1844596 kB
MemFree:          193576 kB
MemAvailable:    1468132 kB
Buffers:          104868 kB
Cached:          1184648 kB
MemTotal:        1844596 kB
MemFree:          194816 kB
MemAvailable:    1469372 kB
Buffers:          104868 kB
Cached:          1184648 kB
MemTotal:        1844596 kB
MemFree:          194768 kB
MemAvailable:    1469324 kB
Buffers:          104868 kB
Cached:          1184648 kB
MemTotal:        1844596 kB
MemFree:          194084 kB
MemAvailable:    1468640 kB
Buffers:          104868 kB
Cached:          1184648 kB
MemTotal:        1844596 kB
MemFree:          194552 kB
MemAvailable:    1469108 kB
Buffers:          104868 kB
Cached:          1184648 kB
MemTotal:        1844596 kB
MemFree:          194888 kB
MemAvailable:    1469444 kB
Buffers:          104868 kB
Cached:          1184648 kB
MemTotal:        1844596 kB
MemFree:          193572 kB
MemAvailable:    1468128 kB
Buffers:          104868 kB
Cached:          1184648 kB
MemTotal:        1844596 kB
MemFree:          194716 kB
MemAvailable:    1469272 kB
Buffers:          104868 kB
Cached:          1184648 kB
MemTotal:        1844596 kB
MemFree:          194084 kB
MemAvailable:    1468640 kB
Buffers:          104868 kB
Cached:          1184648 kB
MemTotal:        1844596 kB
MemFree:          194884 kB
MemAvailable:    1469440 kB
Buffers:          104868 kB
Cached:          1184648 kB
MemTotal:        1844596 kB
MemFree:          193416 kB
MemAvailable:    1467972 kB
Buffers:          104868 kB
Cached:          1184648 kB
MemTotal:        1844596 kB
MemFree:          193408 kB
MemAvailable:    1467964 kB
Buffers:          104868 kB
Cached:          1184648 kB
MemTotal:        1844596 kB
MemFree:          194524 kB
MemAvailable:    1469080 kB
Buffers:          104868 kB
Cached:          1184648 kB
MemTotal:        1844596 kB
MemFree:          193340 kB
MemAvailable:    1467896 kB
Buffers:          104868 kB
Cached:          1184648 kB
MemTotal:        1844596 kB
MemFree:          192704 kB
MemAvailable:    1467264 kB
Buffers:          104868 kB
Cached:          1184652 kB
MemTotal:        1844596 kB
MemFree:          193888 kB
MemAvailable:    1468448 kB
Buffers:          104868 kB
Cached:          1184652 kB
MemTotal:        1844596 kB
MemFree:          194024 kB
MemAvailable:    1468584 kB
Buffers:          104868 kB
Cached:          1184652 kB
MemTotal:        1844596 kB
MemFree:          193580 kB
MemAvailable:    1468140 kB
Buffers:          104868 kB
Cached:          1184652 kB
MemTotal:        1844596 kB
MemFree:          192340 kB
MemAvailable:    1466900 kB
Buffers:          104868 kB
Cached:          1184652 kB
MemTotal:        1844596 kB
MemFree:          192460 kB
MemAvailable:    1467020 kB
Buffers:          104868 kB
Cached:          1184652 kB
MemTotal:        1844596 kB
MemFree:          192288 kB
MemAvailable:    1466848 kB
Buffers:          104868 kB
Cached:          1184652 kB
MemTotal:        1844596 kB
MemFree:          193752 kB
MemAvailable:    1468312 kB
Buffers:          104868 kB
Cached:          1184652 kB
MemTotal:        1844596 kB
MemFree:          193752 kB
MemAvailable:    1468312 kB
Buffers:          104868 kB
Cached:          1184652 kB
MemTotal:        1844596 kB
MemFree:          192152 kB
MemAvailable:    1466712 kB
Buffers:          104868 kB
Cached:          1184652 kB
MemTotal:        1844596 kB
MemFree:          193260 kB
MemAvailable:    1467820 kB
Buffers:          104868 kB
Cached:          1184652 kB
MemTotal:        1844596 kB
MemFree:          193224 kB
MemAvailable:    1467784 kB
Buffers:          104868 kB
Cached:          1184652 kB
MemTotal:        1844596 kB
MemFree:          191928 kB
MemAvailable:    1466488 kB
Buffers:          104868 kB
Cached:          1184652 kB
MemTotal:        1844596 kB
MemFree:          191928 kB
MemAvailable:    1466488 kB
Buffers:          104868 kB
Cached:          1184652 kB
MemTotal:        1844596 kB
MemFree:          193208 kB
MemAvailable:    1467768 kB
Buffers:          104868 kB
Cached:          1184652 kB
MemTotal:        1844596 kB
MemFree:          193460 kB
MemAvailable:    1468020 kB
Buffers:          104868 kB
Cached:          1184652 kB
MemTotal:        1844596 kB
MemFree:          191928 kB
MemAvailable:    1466488 kB
Buffers:          104868 kB
Cached:          1184652 kB
MemTotal:        1844596 kB
MemFree:          193252 kB
MemAvailable:    1467812 kB
Buffers:          104868 kB
Cached:          1184652 kB
MemTotal:        1844596 kB
MemFree:          191920 kB
MemAvailable:    1466480 kB
Buffers:          104868 kB
Cached:          1184652 kB
MemTotal:        1844596 kB
MemFree:          193220 kB
MemAvailable:    1467780 kB
Buffers:          104868 kB
Cached:          1184652 kB
MemTotal:        1844596 kB
MemFree:          192980 kB
MemAvailable:    1467540 kB
Buffers:          104868 kB
Cached:          1184652 kB
MemTotal:        1844596 kB
MemFree:          191716 kB
MemAvailable:    1466276 kB
Buffers:          104868 kB
Cached:          1184652 kB
MemTotal:        1844596 kB
MemFree:          193332 kB
MemAvailable:    1467892 kB
Buffers:          104868 kB
Cached:          1184652 kB
MemTotal:        1844596 kB
MemFree:          191720 kB
MemAvailable:    1466280 kB
Buffers:          104868 kB
Cached:          1184652 kB
MemTotal:        1844596 kB
MemFree:          191604 kB
MemAvailable:    1466164 kB
Buffers:          104868 kB
Cached:          1184652 kB
MemTotal:        1844596 kB
MemFree:          187000 kB
MemAvailable:    1461560 kB
Buffers:          104868 kB
Cached:          1184652 kB
MemTotal:        1844596 kB
MemFree:          186768 kB
MemAvailable:    1461328 kB
Buffers:          104868 kB
Cached:          1184652 kB
MemTotal:        1844596 kB
MemFree:          182552 kB
MemAvailable:    1457112 kB
Buffers:          104868 kB
Cached:          1184652 kB
MemTotal:        1844596 kB
MemFree:          181312 kB
MemAvailable:    1455872 kB
Buffers:          104868 kB
Cached:          1184652 kB
MemTotal:        1844596 kB
MemFree:          181992 kB
MemAvailable:    1456552 kB
Buffers:          104868 kB
Cached:          1184652 kB
MemTotal:        1844596 kB
MemFree:          181744 kB
MemAvailable:    1456304 kB
Buffers:          104868 kB
Cached:          1184652 kB
MemTotal:        1844596 kB
MemFree:          180312 kB
MemAvailable:    1454872 kB
Buffers:          104868 kB
Cached:          1184652 kB
MemTotal:        1844596 kB
MemFree:          179948 kB
MemAvailable:    1454508 kB
Buffers:          104868 kB
Cached:          1184652 kB
MemTotal:        1844596 kB
MemFree:          180560 kB
MemAvailable:    1455120 kB
Buffers:          104868 kB
Cached:          1184652 kB
MemTotal:        1844596 kB
MemFree:          180772 kB
MemAvailable:    1455332 kB
Buffers:          104868 kB
Cached:          1184652 kB
MemTotal:        1844596 kB
MemFree:          178420 kB
MemAvailable:    1452980 kB
Buffers:          104868 kB
Cached:          1184652 kB
MemTotal:        1844596 kB
MemFree:          179016 kB
MemAvailable:    1453576 kB
Buffers:          104868 kB
Cached:          1184652 kB
MemTotal:        1844596 kB
MemFree:          178584 kB
MemAvailable:    1453144 kB
Buffers:          104868 kB
Cached:          1184652 kB
MemTotal:        1844596 kB
MemFree:          178000 kB
MemAvailable:    1452560 kB
Buffers:          104868 kB
Cached:          1184652 kB
MemTotal:        1844596 kB
MemFree:          177848 kB
MemAvailable:    1452408 kB
Buffers:          104868 kB
Cached:          1184652 kB
MemTotal:        1844596 kB
MemFree:          177916 kB
MemAvailable:    1452476 kB
Buffers:          104868 kB
Cached:          1184652 kB
MemTotal:        1844596 kB
MemFree:          178096 kB
MemAvailable:    1452656 kB
Buffers:          104868 kB
Cached:          1184652 kB
MemTotal:        1844596 kB
MemFree:          177220 kB
MemAvailable:    1451780 kB
Buffers:          104868 kB
Cached:          1184652 kB
MemTotal:        1844596 kB
MemFree:          176808 kB
MemAvailable:    1451376 kB
Buffers:          104868 kB
Cached:          1184660 kB
MemTotal:        1844596 kB
MemFree:          178024 kB
MemAvailable:    1452592 kB
Buffers:          104868 kB
Cached:          1184660 kB
MemTotal:        1844596 kB
MemFree:          178144 kB
MemAvailable:    1452712 kB
Buffers:          104868 kB
Cached:          1184660 kB
MemTotal:        1844596 kB
MemFree:          178200 kB
MemAvailable:    1452768 kB
Buffers:          104868 kB
Cached:          1184660 kB
MemTotal:        1844596 kB
MemFree:          177956 kB
MemAvailable:    1452524 kB
Buffers:          104868 kB
Cached:          1184660 kB
MemTotal:        1844596 kB
MemFree:          177972 kB
MemAvailable:    1452540 kB
Buffers:          104868 kB
Cached:          1184660 kB
MemTotal:        1844596 kB
MemFree:          177968 kB
MemAvailable:    1452536 kB
Buffers:          104868 kB
Cached:          1184660 kB
MemTotal:        1844596 kB
MemFree:          176572 kB
MemAvailable:    1451140 kB
Buffers:          104868 kB
Cached:          1184660 kB
MemTotal:        1844596 kB
MemFree:          178076 kB
MemAvailable:    1452644 kB
Buffers:          104868 kB
Cached:          1184660 kB
MemTotal:        1844596 kB
MemFree:          177196 kB
MemAvailable:    1451764 kB
Buffers:          104868 kB
Cached:          1184660 kB
MemTotal:        1844596 kB
MemFree:          177096 kB
MemAvailable:    1451664 kB
Buffers:          104868 kB
Cached:          1184660 kB
MemTotal:        1844596 kB
MemFree:          176352 kB
MemAvailable:    1450920 kB
Buffers:          104868 kB
Cached:          1184660 kB
MemTotal:        1844596 kB
MemFree:          176228 kB
MemAvailable:    1450796 kB
Buffers:          104868 kB
Cached:          1184660 kB
MemTotal:        1844596 kB
MemFree:          174988 kB
MemAvailable:    1449556 kB
Buffers:          104868 kB
Cached:          1184660 kB
MemTotal:        1844596 kB
MemFree:          175972 kB
MemAvailable:    1450540 kB
Buffers:          104868 kB
Cached:          1184660 kB
MemTotal:        1844596 kB
MemFree:          174376 kB
MemAvailable:    1448944 kB
Buffers:          104868 kB
Cached:          1184660 kB
MemTotal:        1844596 kB
MemFree:          174120 kB
MemAvailable:    1448688 kB
Buffers:          104868 kB
Cached:          1184660 kB
MemTotal:        1844596 kB
MemFree:          174800 kB
MemAvailable:    1449368 kB
Buffers:          104868 kB
Cached:          1184660 kB
MemTotal:        1844596 kB
MemFree:          174368 kB
MemAvailable:    1448936 kB
Buffers:          104868 kB
Cached:          1184660 kB
MemTotal:        1844596 kB
MemFree:          174436 kB
MemAvailable:    1449004 kB
Buffers:          104868 kB
Cached:          1184660 kB
MemTotal:        1844596 kB
MemFree:          173320 kB
MemAvailable:    1447888 kB
Buffers:          104868 kB
Cached:          1184660 kB
MemTotal:        1844596 kB
MemFree:          173004 kB
MemAvailable:    1447572 kB
Buffers:          104868 kB
Cached:          1184660 kB
MemTotal:        1844596 kB
MemFree:          172740 kB
MemAvailable:    1447308 kB
Buffers:          104868 kB
Cached:          1184660 kB
MemTotal:        1844596 kB
MemFree:          173864 kB
MemAvailable:    1448432 kB
Buffers:          104868 kB
Cached:          1184660 kB
MemTotal:        1844596 kB
MemFree:          172736 kB
MemAvailable:    1447304 kB
Buffers:          104868 kB
Cached:          1184660 kB
MemTotal:        1844596 kB
MemFree:          173976 kB
MemAvailable:    1448544 kB
Buffers:          104868 kB
Cached:          1184660 kB
MemTotal:        1844596 kB
MemFree:          172488 kB
MemAvailable:    1447056 kB
Buffers:          104868 kB
Cached:          1184660 kB
MemTotal:        1844596 kB
MemFree:          173912 kB
MemAvailable:    1448480 kB
Buffers:          104868 kB
Cached:          1184660 kB
MemTotal:        1844596 kB
MemFree:          173984 kB
MemAvailable:    1448552 kB
Buffers:          104868 kB
Cached:          1184660 kB
MemTotal:        1844596 kB
MemFree:          173660 kB
MemAvailable:    1448228 kB
Buffers:          104868 kB
Cached:          1184660 kB
MemTotal:        1844596 kB
MemFree:          173828 kB
MemAvailable:    1448396 kB
Buffers:          104868 kB
Cached:          1184660 kB
MemTotal:        1844596 kB
MemFree:          172492 kB
MemAvailable:    1447060 kB
Buffers:          104868 kB
Cached:          1184660 kB
MemTotal:        1844596 kB
MemFree:          173592 kB
MemAvailable:    1448160 kB
Buffers:          104868 kB
Cached:          1184660 kB
MemTotal:        1844596 kB
MemFree:          173748 kB
MemAvailable:    1448316 kB
Buffers:          104868 kB
Cached:          1184660 kB
MemTotal:        1844596 kB
MemFree:          172328 kB
MemAvailable:    1446896 kB
Buffers:          104868 kB
Cached:          1184660 kB
MemTotal:        1844596 kB
MemFree:          173976 kB
MemAvailable:    1448544 kB
Buffers:          104868 kB
Cached:          1184660 kB
MemTotal:        1844596 kB
MemFree:          173860 kB
MemAvailable:    1448428 kB
Buffers:          104868 kB
Cached:          1184660 kB
MemTotal:        1844596 kB
MemFree:          172324 kB
MemAvailable:    1446892 kB
Buffers:          104868 kB
Cached:          1184660 kB
MemTotal:        1844596 kB
MemFree:          173680 kB
MemAvailable:    1448248 kB
Buffers:          104868 kB
Cached:          1184660 kB
MemTotal:        1844596 kB
MemFree:          172192 kB
MemAvailable:    1446760 kB
Buffers:          104868 kB
Cached:          1184660 kB
MemTotal:        1844596 kB
MemFree:          172484 kB
MemAvailable:    1447052 kB
Buffers:          104868 kB
Cached:          1184660 kB
MemTotal:        1844596 kB
MemFree:          173612 kB
MemAvailable:    1448180 kB
Buffers:          104868 kB
Cached:          1184660 kB
MemTotal:        1844596 kB
MemFree:          172888 kB
MemAvailable:    1447456 kB
Buffers:          104868 kB
Cached:          1184660 kB
MemTotal:        1844596 kB
MemFree:          172384 kB
MemAvailable:    1446952 kB
Buffers:          104868 kB
Cached:          1184660 kB
MemTotal:        1844596 kB
MemFree:          173436 kB
MemAvailable:    1448004 kB
Buffers:          104868 kB
Cached:          1184660 kB
MemTotal:        1844596 kB
MemFree:          173772 kB
MemAvailable:    1448340 kB
Buffers:          104868 kB
Cached:          1184660 kB
MemTotal:        1844596 kB
MemFree:          173120 kB
MemAvailable:    1447688 kB
Buffers:          104868 kB
Cached:          1184660 kB
MemTotal:        1844596 kB
MemFree:          172392 kB
MemAvailable:    1446960 kB
Buffers:          104868 kB
Cached:          1184660 kB
MemTotal:        1844596 kB
MemFree:          172508 kB
MemAvailable:    1447076 kB
Buffers:          104868 kB
Cached:          1184660 kB
MemTotal:        1844596 kB
MemFree:          171260 kB
MemAvailable:    1445828 kB
Buffers:          104868 kB
Cached:          1184660 kB
MemTotal:        1844596 kB
MemFree:          171948 kB
MemAvailable:    1446516 kB
Buffers:          104868 kB
Cached:          1184660 kB
MemTotal:        1844596 kB
MemFree:          171772 kB
MemAvailable:    1446340 kB
Buffers:          104868 kB
Cached:          1184660 kB
MemTotal:        1844596 kB
MemFree:          169408 kB
MemAvailable:    1443976 kB
Buffers:          104868 kB
Cached:          1184660 kB
MemTotal:        1844596 kB
MemFree:          167160 kB
MemAvailable:    1441728 kB
Buffers:          104868 kB
Cached:          1184660 kB
MemTotal:        1844596 kB
MemFree:          166928 kB
MemAvailable:    1441496 kB
Buffers:          104868 kB
Cached:          1184660 kB
MemTotal:        1844596 kB
MemFree:          164012 kB
MemAvailable:    1438580 kB
Buffers:          104868 kB
Cached:          1184660 kB
MemTotal:        1844596 kB
MemFree:          160416 kB
MemAvailable:    1434984 kB
Buffers:          104868 kB
Cached:          1184660 kB
MemTotal:        1844596 kB
MemFree:          157504 kB
MemAvailable:    1432072 kB
Buffers:          104868 kB
Cached:          1184660 kB
MemTotal:        1844596 kB
MemFree:          155224 kB
MemAvailable:    1429792 kB
Buffers:          104868 kB
Cached:          1184660 kB
MemTotal:        1844596 kB
MemFree:          155224 kB
MemAvailable:    1429792 kB
Buffers:          104868 kB
Cached:          1184660 kB
MemTotal:        1844596 kB
MemFree:          155152 kB
MemAvailable:    1429720 kB
Buffers:          104868 kB
Cached:          1184660 kB
MemTotal:        1844596 kB
MemFree:          155080 kB
MemAvailable:    1429648 kB
Buffers:          104868 kB
Cached:          1184660 kB
MemTotal:        1844596 kB
MemFree:          155080 kB
MemAvailable:    1429648 kB
Buffers:          104868 kB
Cached:          1184660 kB
MemTotal:        1844596 kB
MemFree:          153768 kB
MemAvailable:    1428336 kB
Buffers:          104868 kB
Cached:          1184660 kB
MemTotal:        1844596 kB
MemFree:          153892 kB
MemAvailable:    1428460 kB
Buffers:          104868 kB
Cached:          1184660 kB
MemTotal:        1844596 kB
MemFree:          154140 kB
MemAvailable:    1428708 kB
Buffers:          104868 kB
Cached:          1184660 kB
MemTotal:        1844596 kB
MemFree:          154992 kB
MemAvailable:    1429560 kB
Buffers:          104868 kB
Cached:          1184660 kB
MemTotal:        1844596 kB
MemFree:          155076 kB
MemAvailable:    1429644 kB
Buffers:          104868 kB
Cached:          1184660 kB
MemTotal:        1844596 kB
MemFree:          153588 kB
MemAvailable:    1428156 kB
Buffers:          104868 kB
Cached:          1184660 kB
MemTotal:        1844596 kB
MemFree:          155056 kB
MemAvailable:    1429624 kB
Buffers:          104868 kB
Cached:          1184660 kB
MemTotal:        1844596 kB
MemFree:          154464 kB
MemAvailable:    1429032 kB
Buffers:          104868 kB
Cached:          1184660 kB
MemTotal:        1844596 kB
MemFree:          154016 kB
MemAvailable:    1428584 kB
Buffers:          104868 kB
Cached:          1184660 kB
MemTotal:        1844596 kB
MemFree:          153660 kB
MemAvailable:    1428228 kB
Buffers:          104868 kB
Cached:          1184660 kB
MemTotal:        1844596 kB
MemFree:          152860 kB
MemAvailable:    1427428 kB
Buffers:          104868 kB
Cached:          1184660 kB
MemTotal:        1844596 kB
MemFree:          152916 kB
MemAvailable:    1427492 kB
Buffers:          104868 kB
Cached:          1184668 kB
MemTotal:        1844596 kB
MemFree:          154092 kB
MemAvailable:    1428668 kB
Buffers:          104868 kB
Cached:          1184668 kB
MemTotal:        1844596 kB
MemFree:          153528 kB
MemAvailable:    1428104 kB
Buffers:          104872 kB
Cached:          1184664 kB
MemTotal:        1844596 kB
MemFree:          152784 kB
MemAvailable:    1427360 kB
Buffers:          104872 kB
Cached:          1184664 kB
MemTotal:        1844596 kB
MemFree:          153256 kB
MemAvailable:    1427832 kB
Buffers:          104872 kB
Cached:          1184664 kB
MemTotal:        1844596 kB
MemFree:          154488 kB
MemAvailable:    1429064 kB
Buffers:          104872 kB
Cached:          1184664 kB
MemTotal:        1844596 kB
MemFree:          154108 kB
MemAvailable:    1428684 kB
Buffers:          104872 kB
Cached:          1184664 kB
MemTotal:        1844596 kB
MemFree:          154276 kB
MemAvailable:    1428852 kB
Buffers:          104872 kB
Cached:          1184664 kB
MemTotal:        1844596 kB
MemFree:          154036 kB
MemAvailable:    1428612 kB
Buffers:          104872 kB
Cached:          1184664 kB
MemTotal:        1844596 kB
MemFree:          154164 kB
MemAvailable:    1428740 kB
Buffers:          104872 kB
Cached:          1184664 kB
MemTotal:        1844596 kB
MemFree:          153420 kB
MemAvailable:    1427996 kB
Buffers:          104872 kB
Cached:          1184664 kB
MemTotal:        1844596 kB
MemFree:          154148 kB
MemAvailable:    1428724 kB
Buffers:          104872 kB
Cached:          1184664 kB
MemTotal:        1844596 kB
MemFree:          154276 kB
MemAvailable:    1428852 kB
Buffers:          104872 kB
Cached:          1184664 kB
MemTotal:        1844596 kB
MemFree:          154032 kB
MemAvailable:    1428608 kB
Buffers:          104872 kB
Cached:          1184664 kB
MemTotal:        1844596 kB
MemFree:          152916 kB
MemAvailable:    1427492 kB
Buffers:          104872 kB
Cached:          1184664 kB
MemTotal:        1844596 kB
MemFree:          153900 kB
MemAvailable:    1428476 kB
Buffers:          104872 kB
Cached:          1184664 kB
MemTotal:        1844596 kB
MemFree:          151180 kB
MemAvailable:    1425756 kB
Buffers:          104872 kB
Cached:          1184664 kB
MemTotal:        1844596 kB
MemFree:          147832 kB
MemAvailable:    1422408 kB
Buffers:          104872 kB
Cached:          1184664 kB
MemTotal:        1844596 kB
MemFree:          145228 kB
MemAvailable:    1419804 kB
Buffers:          104872 kB
Cached:          1184664 kB
MemTotal:        1844596 kB
MemFree:          144484 kB
MemAvailable:    1419060 kB
Buffers:          104872 kB
Cached:          1184664 kB
MemTotal:        1844596 kB
MemFree:          138648 kB
MemAvailable:    1413224 kB
Buffers:          104872 kB
Cached:          1184664 kB
MemTotal:        1844596 kB
MemFree:          138532 kB
MemAvailable:    1413108 kB
Buffers:          104872 kB
Cached:          1184664 kB
MemTotal:        1844596 kB
MemFree:          135872 kB
MemAvailable:    1410448 kB
Buffers:          104872 kB
Cached:          1184664 kB
MemTotal:        1844596 kB
MemFree:          135680 kB
MemAvailable:    1410256 kB
Buffers:          104872 kB
Cached:          1184664 kB
MemTotal:        1844596 kB
MemFree:          134508 kB
MemAvailable:    1409084 kB
Buffers:          104872 kB
Cached:          1184664 kB
MemTotal:        1844596 kB
MemFree:          135800 kB
MemAvailable:    1410376 kB
Buffers:          104872 kB
Cached:          1184664 kB
MemTotal:        1844596 kB
MemFree:          134632 kB
MemAvailable:    1409208 kB
Buffers:          104872 kB
Cached:          1184664 kB
MemTotal:        1844596 kB
MemFree:          135908 kB
MemAvailable:    1410484 kB
Buffers:          104872 kB
Cached:          1184664 kB
MemTotal:        1844596 kB
MemFree:          135908 kB
MemAvailable:    1410484 kB
Buffers:          104872 kB
Cached:          1184664 kB
MemTotal:        1844596 kB
MemFree:          135808 kB
MemAvailable:    1410384 kB
Buffers:          104872 kB
Cached:          1184664 kB
MemTotal:        1844596 kB
MemFree:          135744 kB
MemAvailable:    1410320 kB
Buffers:          104872 kB
Cached:          1184664 kB
MemTotal:        1844596 kB
MemFree:          135996 kB
MemAvailable:    1410572 kB
Buffers:          104872 kB
Cached:          1184664 kB
MemTotal:        1844596 kB
MemFree:          135756 kB
MemAvailable:    1410332 kB
Buffers:          104872 kB
Cached:          1184664 kB
MemTotal:        1844596 kB
MemFree:          135812 kB
MemAvailable:    1410388 kB
Buffers:          104872 kB
Cached:          1184664 kB
MemTotal:        1844596 kB
MemFree:          135060 kB
MemAvailable:    1409636 kB
Buffers:          104872 kB
Cached:          1184664 kB
MemTotal:        1844596 kB
MemFree:          135792 kB
MemAvailable:    1410368 kB
Buffers:          104872 kB
Cached:          1184664 kB
MemTotal:        1844596 kB
MemFree:          134544 kB
MemAvailable:    1409120 kB
Buffers:          104872 kB
Cached:          1184664 kB
MemTotal:        1844596 kB
MemFree:          136028 kB
MemAvailable:    1410604 kB
Buffers:          104872 kB
Cached:          1184664 kB
MemTotal:        1844596 kB
MemFree:          135192 kB
MemAvailable:    1409768 kB
Buffers:          104872 kB
Cached:          1184664 kB
MemTotal:        1844596 kB
MemFree:          136036 kB
MemAvailable:    1410616 kB
Buffers:          104872 kB
Cached:          1184668 kB
MemTotal:        1844596 kB
MemFree:          135556 kB
MemAvailable:    1410136 kB
Buffers:          104872 kB
Cached:          1184668 kB
MemTotal:        1844596 kB
MemFree:          135664 kB
MemAvailable:    1410244 kB
Buffers:          104872 kB
Cached:          1184668 kB
MemTotal:        1844596 kB
MemFree:          134540 kB
MemAvailable:    1409120 kB
Buffers:          104872 kB
Cached:          1184668 kB
MemTotal:        1844596 kB
MemFree:          135848 kB
MemAvailable:    1410428 kB
Buffers:          104872 kB
Cached:          1184668 kB
MemTotal:        1844596 kB
MemFree:          135844 kB
MemAvailable:    1410424 kB
Buffers:          104872 kB
Cached:          1184668 kB
MemTotal:        1844596 kB
MemFree:          134944 kB
MemAvailable:    1409524 kB
Buffers:          104872 kB
Cached:          1184668 kB
MemTotal:        1844596 kB
MemFree:          134812 kB
MemAvailable:    1409400 kB
Buffers:          104872 kB
Cached:          1184676 kB
MemTotal:        1844596 kB
MemFree:          136044 kB
MemAvailable:    1410632 kB
Buffers:          104872 kB
Cached:          1184676 kB
MemTotal:        1844596 kB
MemFree:          135740 kB
MemAvailable:    1410328 kB
Buffers:          104872 kB
Cached:          1184676 kB
MemTotal:        1844596 kB
MemFree:          135992 kB
MemAvailable:    1410580 kB
Buffers:          104872 kB
Cached:          1184676 kB
MemTotal:        1844596 kB
MemFree:          135916 kB
MemAvailable:    1410504 kB
Buffers:          104872 kB
Cached:          1184676 kB
MemTotal:        1844596 kB
MemFree:          135804 kB
MemAvailable:    1410392 kB
Buffers:          104872 kB
Cached:          1184676 kB
MemTotal:        1844596 kB
MemFree:          136008 kB
MemAvailable:    1410596 kB
Buffers:          104872 kB
Cached:          1184676 kB
MemTotal:        1844596 kB
MemFree:          135804 kB
MemAvailable:    1410392 kB
Buffers:          104872 kB
Cached:          1184676 kB
MemTotal:        1844596 kB
MemFree:          135928 kB
MemAvailable:    1410516 kB
Buffers:          104872 kB
Cached:          1184676 kB
MemTotal:        1844596 kB
MemFree:          136000 kB
MemAvailable:    1410588 kB
Buffers:          104872 kB
Cached:          1184676 kB
MemTotal:        1844596 kB
MemFree:          134564 kB
MemAvailable:    1409152 kB
Buffers:          104872 kB
Cached:          1184676 kB
MemTotal:        1844596 kB
MemFree:          135804 kB
MemAvailable:    1410392 kB
Buffers:          104872 kB
Cached:          1184676 kB
MemTotal:        1844596 kB
MemFree:          134648 kB
MemAvailable:    1409236 kB
Buffers:          104872 kB
Cached:          1184676 kB
MemTotal:        1844596 kB
MemFree:          132208 kB
MemAvailable:    1406796 kB
Buffers:          104872 kB
Cached:          1184676 kB
MemTotal:        1844596 kB
MemFree:          127372 kB
MemAvailable:    1401960 kB
Buffers:          104872 kB
Cached:          1184676 kB
MemTotal:        1844596 kB
MemFree:          123652 kB
MemAvailable:    1398240 kB
Buffers:          104872 kB
Cached:          1184676 kB
MemTotal:        1844596 kB
MemFree:          120552 kB
MemAvailable:    1395140 kB
Buffers:          104872 kB
Cached:          1184676 kB
MemTotal:        1844596 kB
MemFree:          117576 kB
MemAvailable:    1392164 kB
Buffers:          104872 kB
Cached:          1184676 kB
MemTotal:        1844596 kB
MemFree:          118620 kB
MemAvailable:    1393208 kB
Buffers:          104872 kB
Cached:          1184676 kB
MemTotal:        1844596 kB
MemFree:          117196 kB
MemAvailable:    1391784 kB
Buffers:          104872 kB
Cached:          1184676 kB
MemTotal:        1844596 kB
MemFree:          118428 kB
MemAvailable:    1393016 kB
Buffers:          104872 kB
Cached:          1184676 kB
MemTotal:        1844596 kB
MemFree:          117312 kB
MemAvailable:    1391900 kB
Buffers:          104872 kB
Cached:          1184676 kB
MemTotal:        1844596 kB
MemFree:          116544 kB
MemAvailable:    1391132 kB
Buffers:          104872 kB
Cached:          1184676 kB
MemTotal:        1844596 kB
MemFree:          117568 kB
MemAvailable:    1392156 kB
Buffers:          104872 kB
Cached:          1184676 kB
MemTotal:        1844596 kB
MemFree:          117560 kB
MemAvailable:    1392152 kB
Buffers:          104872 kB
Cached:          1184680 kB
MemTotal:        1844596 kB
MemFree:          117264 kB
MemAvailable:    1391856 kB
Buffers:          104872 kB
Cached:          1184680 kB
MemTotal:        1844596 kB
MemFree:          117336 kB
MemAvailable:    1391928 kB
Buffers:          104872 kB
Cached:          1184680 kB
MemTotal:        1844596 kB
MemFree:          115832 kB
MemAvailable:    1390424 kB
Buffers:          104872 kB
Cached:          1184680 kB
MemTotal:        1844596 kB
MemFree:          115824 kB
MemAvailable:    1390416 kB
Buffers:          104872 kB
Cached:          1184680 kB
MemTotal:        1844596 kB
MemFree:          115824 kB
MemAvailable:    1390416 kB
Buffers:          104872 kB
Cached:          1184680 kB
MemTotal:        1844596 kB
MemFree:          115824 kB
MemAvailable:    1390416 kB
Buffers:          104872 kB
Cached:          1184680 kB
MemTotal:        1844596 kB
MemFree:          115096 kB
MemAvailable:    1389688 kB
Buffers:          104872 kB
Cached:          1184680 kB
MemTotal:        1844596 kB
MemFree:          116212 kB
MemAvailable:    1390804 kB
Buffers:          104872 kB
Cached:          1184680 kB
MemTotal:        1844596 kB
MemFree:          116212 kB
MemAvailable:    1390804 kB
Buffers:          104872 kB
Cached:          1184680 kB
MemTotal:        1844596 kB
MemFree:          113600 kB
MemAvailable:    1388192 kB
Buffers:          104872 kB
Cached:          1184680 kB
MemTotal:        1844596 kB
MemFree:          113600 kB
MemAvailable:    1388192 kB
Buffers:          104872 kB
Cached:          1184680 kB
MemTotal:        1844596 kB
MemFree:          114536 kB
MemAvailable:    1389128 kB
Buffers:          104872 kB
Cached:          1184680 kB
MemTotal:        1844596 kB
MemFree:          113724 kB
MemAvailable:    1388316 kB
Buffers:          104872 kB
Cached:          1184680 kB
MemTotal:        1844596 kB
MemFree:          113980 kB
MemAvailable:    1388572 kB
Buffers:          104872 kB
Cached:          1184680 kB
MemTotal:        1844596 kB
MemFree:          112104 kB
MemAvailable:    1386696 kB
Buffers:          104872 kB
Cached:          1184680 kB
MemTotal:        1844596 kB
MemFree:          111872 kB
MemAvailable:    1386340 kB
Buffers:          104872 kB
Cached:          1184680 kB
MemTotal:        1844596 kB
MemFree:          111552 kB
MemAvailable:    1386144 kB
Buffers:          104872 kB
Cached:          1184680 kB
MemTotal:        1844596 kB
MemFree:          110128 kB
MemAvailable:    1384720 kB
Buffers:          104872 kB
Cached:          1184680 kB
MemTotal:        1844596 kB
MemFree:          110244 kB
MemAvailable:    1384836 kB
Buffers:          104872 kB
Cached:          1184680 kB
MemTotal:        1844596 kB
MemFree:          110120 kB
MemAvailable:    1384712 kB
Buffers:          104872 kB
Cached:          1184680 kB
MemTotal:        1844596 kB
MemFree:          110120 kB
MemAvailable:    1384712 kB
Buffers:          104872 kB
Cached:          1184680 kB
MemTotal:        1844596 kB
MemFree:          111356 kB
MemAvailable:    1385948 kB
Buffers:          104872 kB
Cached:          1184680 kB
MemTotal:        1844596 kB
MemFree:          110260 kB
MemAvailable:    1384852 kB
Buffers:          104872 kB
Cached:          1184680 kB
MemTotal:        1844596 kB
MemFree:          110136 kB
MemAvailable:    1384728 kB
Buffers:          104872 kB
Cached:          1184680 kB
MemTotal:        1844596 kB
MemFree:          109508 kB
MemAvailable:    1384100 kB
Buffers:          104872 kB
Cached:          1184680 kB
MemTotal:        1844596 kB
MemFree:          108524 kB
MemAvailable:    1383116 kB
Buffers:          104872 kB
Cached:          1184680 kB
MemTotal:        1844596 kB
MemFree:          108352 kB
MemAvailable:    1382944 kB
Buffers:          104872 kB
Cached:          1184680 kB
MemTotal:        1844596 kB
MemFree:          108468 kB
MemAvailable:    1383060 kB
Buffers:          104872 kB
Cached:          1184680 kB
MemTotal:        1844596 kB
MemFree:          108512 kB
MemAvailable:    1383104 kB
Buffers:          104872 kB
Cached:          1184680 kB
MemTotal:        1844596 kB
MemFree:          108340 kB
MemAvailable:    1382932 kB
Buffers:          104872 kB
Cached:          1184680 kB
MemTotal:        1844596 kB
MemFree:          108500 kB
MemAvailable:    1383092 kB
Buffers:          104872 kB
Cached:          1184680 kB
MemTotal:        1844596 kB
MemFree:          108376 kB
MemAvailable:    1382968 kB
Buffers:          104872 kB
Cached:          1184680 kB
MemTotal:        1844596 kB
MemFree:          109568 kB
MemAvailable:    1384160 kB
Buffers:          104872 kB
Cached:          1184680 kB
MemTotal:        1844596 kB
MemFree:          109568 kB
MemAvailable:    1384160 kB
Buffers:          104872 kB
Cached:          1184680 kB
MemTotal:        1844596 kB
MemFree:          108276 kB
MemAvailable:    1382868 kB
Buffers:          104872 kB
Cached:          1184680 kB
MemTotal:        1844596 kB
MemFree:          109684 kB
MemAvailable:    1384276 kB
Buffers:          104872 kB
Cached:          1184680 kB
MemTotal:        1844596 kB
MemFree:          109640 kB
MemAvailable:    1384232 kB
Buffers:          104872 kB
Cached:          1184680 kB
MemTotal:        1844596 kB
MemFree:          109784 kB
MemAvailable:    1384376 kB
Buffers:          104872 kB
Cached:          1184680 kB
MemTotal:        1844596 kB
MemFree:          109500 kB
MemAvailable:    1384092 kB
Buffers:          104872 kB
Cached:          1184680 kB
MemTotal:        1844596 kB
MemFree:          109836 kB
MemAvailable:    1384428 kB
Buffers:          104872 kB
Cached:          1184680 kB
MemTotal:        1844596 kB
MemFree:          109584 kB
MemAvailable:    1384176 kB
Buffers:          104872 kB
Cached:          1184680 kB
MemTotal:        1844596 kB
MemFree:          108772 kB
MemAvailable:    1383364 kB
Buffers:          104872 kB
Cached:          1184680 kB
MemTotal:        1844596 kB
MemFree:          108648 kB
MemAvailable:    1383240 kB
Buffers:          104872 kB
Cached:          1184680 kB
MemTotal:        1844596 kB
MemFree:          109624 kB
MemAvailable:    1384216 kB
Buffers:          104872 kB
Cached:          1184680 kB
MemTotal:        1844596 kB
MemFree:          109648 kB
MemAvailable:    1384240 kB
Buffers:          104872 kB
Cached:          1184680 kB
MemTotal:        1844596 kB
MemFree:          109444 kB
MemAvailable:    1384036 kB
Buffers:          104872 kB
Cached:          1184680 kB
MemTotal:        1844596 kB
MemFree:          108516 kB
MemAvailable:    1383108 kB
Buffers:          104872 kB
Cached:          1184680 kB
MemTotal:        1844596 kB
MemFree:          108392 kB
MemAvailable:    1382984 kB
Buffers:          104872 kB
Cached:          1184680 kB
MemTotal:        1844596 kB
MemFree:          109568 kB
MemAvailable:    1384160 kB
Buffers:          104872 kB
Cached:          1184680 kB
MemTotal:        1844596 kB
MemFree:          109688 kB
MemAvailable:    1384280 kB
Buffers:          104872 kB
Cached:          1184680 kB
MemTotal:        1844596 kB
MemFree:          109616 kB
MemAvailable:    1384208 kB
Buffers:          104872 kB
Cached:          1184680 kB
MemTotal:        1844596 kB
MemFree:          109276 kB
MemAvailable:    1383868 kB
Buffers:          104872 kB
Cached:          1184680 kB
MemTotal:        1844596 kB
MemFree:          108228 kB
MemAvailable:    1382820 kB
Buffers:          104872 kB
Cached:          1184680 kB
MemTotal:        1844596 kB
MemFree:          109500 kB
MemAvailable:    1384092 kB
Buffers:          104872 kB
Cached:          1184680 kB
MemTotal:        1844596 kB
MemFree:          109752 kB
MemAvailable:    1384344 kB
Buffers:          104872 kB
Cached:          1184680 kB
MemTotal:        1844596 kB
MemFree:          109628 kB
MemAvailable:    1384220 kB
Buffers:          104872 kB
Cached:          1184680 kB
MemTotal:        1844596 kB
MemFree:          109748 kB
MemAvailable:    1384340 kB
Buffers:          104872 kB
Cached:          1184680 kB
MemTotal:        1844596 kB
MemFree:          109144 kB
MemAvailable:    1383736 kB
Buffers:          104872 kB
Cached:          1184680 kB
MemTotal:        1844596 kB
MemFree:          109628 kB
MemAvailable:    1384220 kB
Buffers:          104872 kB
Cached:          1184680 kB
MemTotal:        1844596 kB
MemFree:          108276 kB
MemAvailable:    1382868 kB
Buffers:          104872 kB
Cached:          1184680 kB
MemTotal:        1844596 kB
MemFree:          109600 kB
MemAvailable:    1384192 kB
Buffers:          104872 kB
Cached:          1184680 kB
MemTotal:        1844596 kB
MemFree:          109376 kB
MemAvailable:    1383968 kB
Buffers:          104872 kB
Cached:          1184680 kB
MemTotal:        1844596 kB
MemFree:          109712 kB
MemAvailable:    1384304 kB
Buffers:          104872 kB
Cached:          1184680 kB
MemTotal:        1844596 kB
MemFree:          109580 kB
MemAvailable:    1384172 kB
Buffers:          104872 kB
Cached:          1184680 kB
MemTotal:        1844596 kB
MemFree:          109020 kB
MemAvailable:    1383612 kB
Buffers:          104872 kB
Cached:          1184680 kB
MemTotal:        1844596 kB
MemFree:          108388 kB
MemAvailable:    1382980 kB
Buffers:          104872 kB
Cached:          1184680 kB
MemTotal:        1844596 kB
MemFree:          109488 kB
MemAvailable:    1384080 kB
Buffers:          104872 kB
Cached:          1184680 kB
MemTotal:        1844596 kB
MemFree:          109340 kB
MemAvailable:    1383932 kB
Buffers:          104872 kB
Cached:          1184680 kB
MemTotal:        1844596 kB
MemFree:          106524 kB
MemAvailable:    1381116 kB
Buffers:          104872 kB
Cached:          1184680 kB
MemTotal:        1844596 kB
MemFree:          105920 kB
MemAvailable:    1380512 kB
Buffers:          104872 kB
Cached:          1184680 kB
MemTotal:        1844596 kB
MemFree:          102688 kB
MemAvailable:    1377280 kB
Buffers:          104872 kB
Cached:          1184680 kB
MemTotal:        1844596 kB
MemFree:           99720 kB
MemAvailable:    1374312 kB
Buffers:          104872 kB
Cached:          1184680 kB
MemTotal:        1844596 kB
MemFree:           95628 kB
MemAvailable:    1370228 kB
Buffers:          104872 kB
Cached:          1184688 kB
MemTotal:        1844596 kB
MemFree:           93280 kB
MemAvailable:    1367880 kB
Buffers:          104872 kB
Cached:          1184688 kB
MemTotal:        1844596 kB
MemFree:           89304 kB
MemAvailable:    1363904 kB
Buffers:          104872 kB
Cached:          1184688 kB
MemTotal:        1844596 kB
MemFree:           89056 kB
MemAvailable:    1363656 kB
Buffers:          104872 kB
Cached:          1184688 kB
MemTotal:        1844596 kB
MemFree:           90356 kB
MemAvailable:    1364956 kB
Buffers:          104872 kB
Cached:          1184688 kB
MemTotal:        1844596 kB
MemFree:           90224 kB
MemAvailable:    1364824 kB
Buffers:          104872 kB
Cached:          1184688 kB
MemTotal:        1844596 kB
MemFree:           88916 kB
MemAvailable:    1363516 kB
Buffers:          104872 kB
Cached:          1184688 kB
MemTotal:        1844596 kB
MemFree:           89048 kB
MemAvailable:    1363648 kB
Buffers:          104872 kB
Cached:          1184688 kB
MemTotal:        1844596 kB
MemFree:           89064 kB
MemAvailable:    1363664 kB
Buffers:          104872 kB
Cached:          1184688 kB
MemTotal:        1844596 kB
MemFree:           89064 kB
MemAvailable:    1363664 kB
Buffers:          104872 kB
Cached:          1184688 kB
MemTotal:        1844596 kB
MemFree:           89064 kB
MemAvailable:    1363664 kB
Buffers:          104872 kB
Cached:          1184688 kB
MemTotal:        1844596 kB
MemFree:           89064 kB
MemAvailable:    1363664 kB
Buffers:          104872 kB
Cached:          1184688 kB
MemTotal:        1844596 kB
MemFree:           89064 kB
MemAvailable:    1363664 kB
Buffers:          104872 kB
Cached:          1184688 kB
MemTotal:        1844596 kB
MemFree:           90364 kB
MemAvailable:    1364964 kB
Buffers:          104872 kB
Cached:          1184688 kB
MemTotal:        1844596 kB
MemFree:           89016 kB
MemAvailable:    1363616 kB
Buffers:          104872 kB
Cached:          1184688 kB
MemTotal:        1844596 kB
MemFree:           88760 kB
MemAvailable:    1363360 kB
Buffers:          104872 kB
Cached:          1184688 kB
MemTotal:        1844596 kB
MemFree:           89752 kB
MemAvailable:    1364352 kB
Buffers:          104872 kB
Cached:          1184688 kB
MemTotal:        1844596 kB
MemFree:           89684 kB
MemAvailable:    1364284 kB
Buffers:          104872 kB
Cached:          1184688 kB
MemTotal:        1844596 kB
MemFree:           88636 kB
MemAvailable:    1363236 kB
Buffers:          104872 kB
Cached:          1184688 kB
MemTotal:        1844596 kB
MemFree:           89780 kB
MemAvailable:    1364380 kB
Buffers:          104872 kB
Cached:          1184688 kB
MemTotal:        1844596 kB
MemFree:           90032 kB
MemAvailable:    1364632 kB
Buffers:          104872 kB
Cached:          1184688 kB
MemTotal:        1844596 kB
MemFree:           89796 kB
MemAvailable:    1364396 kB
Buffers:          104872 kB
Cached:          1184688 kB
MemTotal:        1844596 kB
MemFree:           88620 kB
MemAvailable:    1363220 kB
Buffers:          104872 kB
Cached:          1184688 kB
MemTotal:        1844596 kB
MemFree:           89796 kB
MemAvailable:    1364396 kB
Buffers:          104872 kB
Cached:          1184688 kB
MemTotal:        1844596 kB
MemFree:           89960 kB
MemAvailable:    1364560 kB
Buffers:          104872 kB
Cached:          1184688 kB
MemTotal:        1844596 kB
MemFree:           89872 kB
MemAvailable:    1364472 kB
Buffers:          104872 kB
Cached:          1184688 kB
MemTotal:        1844596 kB
MemFree:           89284 kB
MemAvailable:    1363884 kB
Buffers:          104872 kB
Cached:          1184688 kB
MemTotal:        1844596 kB
MemFree:           88692 kB
MemAvailable:    1363292 kB
Buffers:          104872 kB
Cached:          1184688 kB
MemTotal:        1844596 kB
MemFree:           82928 kB
MemAvailable:    1357528 kB
Buffers:          104872 kB
Cached:          1184688 kB
MemTotal:        1844596 kB
MemFree:           77656 kB
MemAvailable:    1352256 kB
Buffers:          104872 kB
Cached:          1184688 kB
MemTotal:        1844596 kB
MemFree:           78764 kB
MemAvailable:    1353364 kB
Buffers:          104872 kB
Cached:          1184688 kB
MemTotal:        1844596 kB
MemFree:           79732 kB
MemAvailable:    1354332 kB
Buffers:          104872 kB
Cached:          1184688 kB
MemTotal:        1844596 kB
MemFree:           79080 kB
MemAvailable:    1353680 kB
Buffers:          104872 kB
Cached:          1184688 kB
MemTotal:        1844596 kB
MemFree:           78484 kB
MemAvailable:    1353084 kB
Buffers:          104872 kB
Cached:          1184688 kB
MemTotal:        1844596 kB
MemFree:           78476 kB
MemAvailable:    1353076 kB
Buffers:          104872 kB
Cached:          1184688 kB
MemTotal:        1844596 kB
MemFree:           79652 kB
MemAvailable:    1354252 kB
Buffers:          104872 kB
Cached:          1184688 kB
MemTotal:        1844596 kB
MemFree:           79780 kB
MemAvailable:    1354380 kB
Buffers:          104872 kB
Cached:          1184688 kB
MemTotal:        1844596 kB
MemFree:           79648 kB
MemAvailable:    1354248 kB
Buffers:          104872 kB
Cached:          1184688 kB
MemTotal:        1844596 kB
MemFree:           78472 kB
MemAvailable:    1353156 kB
Buffers:          104872 kB
Cached:          1184812 kB
MemTotal:        1844596 kB
MemFree:           78340 kB
MemAvailable:    1353024 kB
Buffers:          104872 kB
Cached:          1184812 kB
MemTotal:        1844596 kB
MemFree:           79448 kB
MemAvailable:    1354384 kB
Buffers:          104872 kB
Cached:          1185060 kB
MemTotal:        1844596 kB
MemFree:           79704 kB
MemAvailable:    1354640 kB
Buffers:          104872 kB
Cached:          1185060 kB
MemTotal:        1844596 kB
MemFree:           78084 kB
MemAvailable:    1353188 kB
Buffers:          104872 kB
Cached:          1185308 kB
MemTotal:        1844596 kB
MemFree:           77828 kB
MemAvailable:    1353016 kB
Buffers:          104872 kB
Cached:          1185308 kB
MemTotal:        1844596 kB
MemFree:           77812 kB
MemAvailable:    1353000 kB
Buffers:          104872 kB
Cached:          1185308 kB
MemTotal:        1844596 kB
MemFree:           79252 kB
MemAvailable:    1354524 kB
Buffers:          104872 kB
Cached:          1185308 kB
MemTotal:        1844596 kB
MemFree:           78880 kB
MemAvailable:    1354152 kB
Buffers:          104872 kB
Cached:          1185308 kB
MemTotal:        1844596 kB
MemFree:           78648 kB
MemAvailable:    1353920 kB
Buffers:          104872 kB
Cached:          1185308 kB
MemTotal:        1844596 kB
MemFree:           78840 kB
MemAvailable:    1354112 kB
Buffers:          104872 kB
Cached:          1185308 kB
MemTotal:        1844596 kB
MemFree:           78840 kB
MemAvailable:    1354112 kB
Buffers:          104872 kB
Cached:          1185308 kB
MemTotal:        1844596 kB
MemFree:           77848 kB
MemAvailable:    1353120 kB
Buffers:          104872 kB
Cached:          1185308 kB
MemTotal:        1844596 kB
MemFree:           78020 kB
MemAvailable:    1352704 kB
Buffers:          104872 kB
Cached:          1184676 kB
MemTotal:        1844596 kB
MemFree:          119788 kB
MemAvailable:    1394556 kB
Buffers:          104872 kB
Cached:          1184676 kB
MemTotal:        1844596 kB
MemFree:          155900 kB
MemAvailable:    1430584 kB
Buffers:          104872 kB
Cached:          1184676 kB
MemTotal:        1844596 kB
MemFree:          271968 kB
MemAvailable:    1546652 kB
Buffers:          104872 kB
Cached:          1184676 kB
