MemTotal:        1844596 kB
MemFree:          405572 kB
MemAvailable:    1546804 kB
Buffers:           86328 kB
Cached:          1089904 kB
MemTotal:        1844596 kB
MemFree:          379516 kB
MemAvailable:    1520752 kB
Buffers:           86328 kB
Cached:          1089908 kB
MemTotal:        1844596 kB
MemFree:          377344 kB
MemAvailable:    1518580 kB
Buffers:           86328 kB
Cached:          1089908 kB
MemTotal:        1844596 kB
MemFree:          374804 kB
MemAvailable:    1516040 kB
Buffers:           86328 kB
Cached:          1089908 kB
MemTotal:        1844596 kB
MemFree:          373928 kB
MemAvailable:    1515164 kB
Buffers:           86328 kB
Cached:          1089908 kB
MemTotal:        1844596 kB
MemFree:          374672 kB
MemAvailable:    1515908 kB
Buffers:           86328 kB
Cached:          1089908 kB
MemTotal:        1844596 kB
MemFree:          373004 kB
MemAvailable:    1514240 kB
Buffers:           86328 kB
Cached:          1089908 kB
MemTotal:        1844596 kB
MemFree:          370588 kB
MemAvailable:    1511824 kB
Buffers:           86328 kB
Cached:          1089908 kB
MemTotal:        1844596 kB
MemFree:          368664 kB
MemAvailable:    1509900 kB
Buffers:           86328 kB
Cached:          1089908 kB
MemTotal:        1844596 kB
MemFree:          367632 kB
MemAvailable:    1508868 kB
Buffers:           86328 kB
Cached:          1089908 kB
MemTotal:        1844596 kB
MemFree:          363264 kB
MemAvailable:    1504500 kB
Buffers:           86328 kB
Cached:          1089908 kB
MemTotal:        1844596 kB
MemFree:          363264 kB
MemAvailable:    1504500 kB
Buffers:           86328 kB
Cached:          1089908 kB
MemTotal:        1844596 kB
MemFree:          363876 kB
MemAvailable:    1505112 kB
Buffers:           86328 kB
Cached:          1089908 kB
MemTotal:        1844596 kB
MemFree:          363468 kB
MemAvailable:    1504704 kB
Buffers:           86328 kB
Cached:          1089908 kB
MemTotal:        1844596 kB
MemFree:          364548 kB
MemAvailable:    1505784 kB
Buffers:           86328 kB
Cached:          1089908 kB
MemTotal:        1844596 kB
MemFree:          364768 kB
MemAvailable:    1506004 kB
Buffers:           86328 kB
Cached:          1089908 kB
MemTotal:        1844596 kB
MemFree:          364564 kB
MemAvailable:    1505800 kB
Buffers:           86328 kB
Cached:          1089908 kB
MemTotal:        1844596 kB
MemFree:          363132 kB
MemAvailable:    1504368 kB
Buffers:           86328 kB
Cached:          1089908 kB
MemTotal:        1844596 kB
MemFree:          364324 kB
MemAvailable:    1505560 kB
Buffers:           86328 kB
Cached:          1089908 kB
MemTotal:        1844596 kB
MemFree:          363868 kB
MemAvailable:    1505104 kB
Buffers:           86328 kB
Cached:          1089908 kB
MemTotal:        1844596 kB
MemFree:          363952 kB
MemAvailable:    1505188 kB
Buffers:           86328 kB
Cached:          1089908 kB
MemTotal:        1844596 kB
MemFree:          363740 kB
MemAvailable:    1504976 kB
Buffers:           86328 kB
Cached:          1089908 kB
MemTotal:        1844596 kB
MemFree:          363892 kB
MemAvailable:    1505128 kB
Buffers:           86328 kB
Cached:          1089908 kB
MemTotal:        1844596 kB
MemFree:          363572 kB
MemAvailable:    1504808 kB
Buffers:           86328 kB
Cached:          1089908 kB
MemTotal:        1844596 kB
MemFree:          363908 kB
MemAvailable:    1505144 kB
Buffers:           86328 kB
Cached:          1089908 kB
MemTotal:        1844596 kB
MemFree:          363132 kB
MemAvailable:    1504368 kB
Buffers:           86328 kB
Cached:          1089908 kB
MemTotal:        1844596 kB
MemFree:          363132 kB
MemAvailable:    1504368 kB
Buffers:           86328 kB
Cached:          1089908 kB
MemTotal:        1844596 kB
MemFree:          362968 kB
MemAvailable:    1504204 kB
Buffers:           86328 kB
Cached:          1089908 kB
MemTotal:        1844596 kB
MemFree:          363064 kB
MemAvailable:    1504300 kB
Buffers:           86328 kB
Cached:          1089908 kB
MemTotal:        1844596 kB
MemFree:          361784 kB
MemAvailable:    1503020 kB
Buffers:           86328 kB
Cached:          1089908 kB
MemTotal:        1844596 kB
MemFree:          362264 kB
MemAvailable:    1503504 kB
Buffers:           86328 kB
Cached:          1089912 kB
MemTotal:        1844596 kB
MemFree:          362392 kB
MemAvailable:    1503632 kB
Buffers:           86328 kB
Cached:          1089912 kB
MemTotal:        1844596 kB
MemFree:          360792 kB
MemAvailable:    1502032 kB
Buffers:           86328 kB
Cached:          1089912 kB
MemTotal:        1844596 kB
MemFree:          361720 kB
MemAvailable:    1502960 kB
Buffers:           86328 kB
Cached:          1089912 kB
MemTotal:        1844596 kB
MemFree:          360544 kB
MemAvailable:    1501784 kB
Buffers:           86328 kB
Cached:          1089912 kB
MemTotal:        1844596 kB
MemFree:          361392 kB
MemAvailable:    1502632 kB
Buffers:           86328 kB
Cached:          1089912 kB
MemTotal:        1844596 kB
MemFree:          361648 kB
MemAvailable:    1502888 kB
Buffers:           86328 kB
Cached:          1089912 kB
MemTotal:        1844596 kB
MemFree:          361464 kB
MemAvailable:    1502704 kB
Buffers:           86328 kB
Cached:          1089912 kB
MemTotal:        1844596 kB
MemFree:          361596 kB
MemAvailable:    1502836 kB
Buffers:           86328 kB
Cached:          1089912 kB
MemTotal:        1844596 kB
MemFree:          360668 kB
MemAvailable:    1501908 kB
Buffers:           86328 kB
Cached:          1089912 kB
MemTotal:        1844596 kB
MemFree:          362604 kB
MemAvailable:    1503844 kB
Buffers:           86328 kB
Cached:          1089912 kB
MemTotal:        1844596 kB
MemFree:          362940 kB
MemAvailable:    1504180 kB
Buffers:           86328 kB
Cached:          1089912 kB
MemTotal:        1844596 kB
MemFree:          359428 kB
MemAvailable:    1500668 kB
Buffers:           86328 kB
Cached:          1089912 kB
MemTotal:        1844596 kB
MemFree:          357692 kB
MemAvailable:    1498932 kB
Buffers:           86328 kB
Cached:          1089912 kB
MemTotal:        1844596 kB
MemFree:          356452 kB
MemAvailable:    1497692 kB
Buffers:           86328 kB
Cached:          1089912 kB
MemTotal:        1844596 kB
MemFree:          357384 kB
MemAvailable:    1498624 kB
Buffers:           86328 kB
Cached:          1089912 kB
MemTotal:        1844596 kB
MemFree:          357576 kB
MemAvailable:    1498816 kB
Buffers:           86328 kB
Cached:          1089912 kB
MemTotal:        1844596 kB
MemFree:          357248 kB
MemAvailable:    1498488 kB
Buffers:           86328 kB
Cached:          1089912 kB
MemTotal:        1844596 kB
MemFree:          357248 kB
MemAvailable:    1498488 kB
Buffers:           86328 kB
Cached:          1089912 kB
MemTotal:        1844596 kB
MemFree:          357252 kB
MemAvailable:    1498492 kB
Buffers:           86328 kB
Cached:          1089912 kB
MemTotal:        1844596 kB
MemFree:          356004 kB
MemAvailable:    1497244 kB
Buffers:           86328 kB
Cached:          1089912 kB
MemTotal:        1844596 kB
MemFree:          356980 kB
MemAvailable:    1498220 kB
Buffers:           86328 kB
Cached:          1089912 kB
MemTotal:        1844596 kB
MemFree:          357148 kB
MemAvailable:    1498388 kB
Buffers:           86328 kB
Cached:          1089912 kB
MemTotal:        1844596 kB
MemFree:          357060 kB
MemAvailable:    1498300 kB
Buffers:           86328 kB
Cached:          1089912 kB
MemTotal:        1844596 kB
MemFree:          356940 kB
MemAvailable:    1498180 kB
Buffers:           86328 kB
Cached:          1089912 kB
MemTotal:        1844596 kB
MemFree:          356584 kB
MemAvailable:    1497824 kB
Buffers:           86328 kB
Cached:          1089912 kB
MemTotal:        1844596 kB
MemFree:          356760 kB
MemAvailable:    1498000 kB
Buffers:           86328 kB
Cached:          1089912 kB
MemTotal:        1844596 kB
MemFree:          357096 kB
MemAvailable:    1498336 kB
Buffers:           86328 kB
Cached:          1089912 kB
MemTotal:        1844596 kB
MemFree:          357020 kB
MemAvailable:    1498260 kB
Buffers:           86328 kB
Cached:          1089912 kB
MemTotal:        1844596 kB
MemFree:          354220 kB
MemAvailable:    1495460 kB
Buffers:           86328 kB
Cached:          1089912 kB
MemTotal:        1844596 kB
MemFree:          350376 kB
MemAvailable:    1491616 kB
Buffers:           86328 kB
Cached:          1089912 kB
MemTotal:        1844596 kB
MemFree:          351304 kB
MemAvailable:    1492544 kB
Buffers:           86328 kB
Cached:          1089912 kB
MemTotal:        1844596 kB
MemFree:          349756 kB
MemAvailable:    1490996 kB
Buffers:           86328 kB
Cached:          1089912 kB
MemTotal:        1844596 kB
MemFree:          349508 kB
MemAvailable:    1490748 kB
Buffers:           86328 kB
Cached:          1089912 kB
MemTotal:        1844596 kB
MemFree:          349244 kB
MemAvailable:    1490484 kB
Buffers:           86328 kB
Cached:          1089912 kB
MemTotal:        1844596 kB
MemFree:          348268 kB
MemAvailable:    1489508 kB
Buffers:           86328 kB
Cached:          1089912 kB
MemTotal:        1844596 kB
MemFree:          348500 kB
MemAvailable:    1489740 kB
Buffers:           86328 kB
Cached:          1089912 kB
MemTotal:        1844596 kB
MemFree:          348836 kB
MemAvailable:    1490076 kB
Buffers:           86328 kB
Cached:          1089912 kB
MemTotal:        1844596 kB
MemFree:          348368 kB
MemAvailable:    1489608 kB
Buffers:           86328 kB
Cached:          1089912 kB
MemTotal:        1844596 kB
MemFree:          348368 kB
MemAvailable:    1489608 kB
Buffers:           86328 kB
Cached:          1089912 kB
MemTotal:        1844596 kB
MemFree:          348364 kB
MemAvailable:    1489604 kB
Buffers:           86328 kB
Cached:          1089912 kB
MemTotal:        1844596 kB
MemFree:          347648 kB
MemAvailable:    1488888 kB
Buffers:           86328 kB
Cached:          1089912 kB
MemTotal:        1844596 kB
MemFree:          348272 kB
MemAvailable:    1489512 kB
Buffers:           86328 kB
Cached:          1089912 kB
MemTotal:        1844596 kB
MemFree:          348268 kB
MemAvailable:    1489508 kB
Buffers:           86328 kB
Cached:          1089912 kB
MemTotal:        1844596 kB
MemFree:          347896 kB
MemAvailable:    1489136 kB
Buffers:           86328 kB
Cached:          1089912 kB
MemTotal:        1844596 kB
MemFree:          348124 kB
MemAvailable:    1489364 kB
Buffers:           86328 kB
Cached:          1089912 kB
MemTotal:        1844596 kB
MemFree:          348380 kB
MemAvailable:    1489620 kB
Buffers:           86328 kB
Cached:          1089912 kB
MemTotal:        1844596 kB
MemFree:          347944 kB
MemAvailable:    1489184 kB
Buffers:           86328 kB
Cached:          1089912 kB
MemTotal:        1844596 kB
MemFree:          348272 kB
MemAvailable:    1489512 kB
Buffers:           86328 kB
Cached:          1089912 kB
MemTotal:        1844596 kB
MemFree:          348268 kB
MemAvailable:    1489508 kB
Buffers:           86328 kB
Cached:          1089912 kB
MemTotal:        1844596 kB
MemFree:          347884 kB
MemAvailable:    1489124 kB
Buffers:           86328 kB
Cached:          1089912 kB
MemTotal:        1844596 kB
MemFree:          346700 kB
MemAvailable:    1487940 kB
Buffers:           86328 kB
Cached:          1089912 kB
MemTotal:        1844596 kB
MemFree:          347936 kB
MemAvailable:    1489176 kB
Buffers:           86328 kB
Cached:          1089912 kB
MemTotal:        1844596 kB
MemFree:          348104 kB
MemAvailable:    1489344 kB
Buffers:           86328 kB
Cached:          1089912 kB
MemTotal:        1844596 kB
MemFree:          347708 kB
MemAvailable:    1488948 kB
Buffers:           86328 kB
Cached:          1089912 kB
MemTotal:        1844596 kB
MemFree:          346724 kB
MemAvailable:    1487964 kB
Buffers:           86328 kB
Cached:          1089912 kB
MemTotal:        1844596 kB
MemFree:          346496 kB
MemAvailable:    1487736 kB
Buffers:           86328 kB
Cached:          1089912 kB
MemTotal:        1844596 kB
MemFree:          347952 kB
MemAvailable:    1489192 kB
Buffers:           86328 kB
Cached:          1089912 kB
MemTotal:        1844596 kB
MemFree:          343548 kB
MemAvailable:    1484788 kB
Buffers:           86328 kB
Cached:          1089912 kB
MemTotal:        1844596 kB
MemFree:          341200 kB
MemAvailable:    1482440 kB
Buffers:           86328 kB
Cached:          1089912 kB
MemTotal:        1844596 kB
MemFree:          338968 kB
MemAvailable:    1480208 kB
Buffers:           86328 kB
Cached:          1089912 kB
MemTotal:        1844596 kB
MemFree:          340020 kB
MemAvailable:    1481260 kB
Buffers:           86328 kB
Cached:          1089912 kB
MemTotal:        1844596 kB
MemFree:          338712 kB
MemAvailable:    1479952 kB
Buffers:           86328 kB
Cached:          1089912 kB
MemTotal:        1844596 kB
MemFree:          339888 kB
MemAvailable:    1481128 kB
Buffers:           86328 kB
Cached:          1089912 kB
MemTotal:        1844596 kB
MemFree:          339456 kB
MemAvailable:    1480696 kB
Buffers:           86328 kB
Cached:          1089912 kB
MemTotal:        1844596 kB
MemFree:          339224 kB
MemAvailable:    1480340 kB
Buffers:           86328 kB
Cached:          1089912 kB
MemTotal:        1844596 kB
MemFree:          339200 kB
MemAvailable:    1480440 kB
Buffers:           86328 kB
Cached:          1089912 kB
MemTotal:        1844596 kB
MemFree:          339452 kB
MemAvailable:    1480692 kB
Buffers:           86328 kB
Cached:          1089912 kB
MemTotal:        1844596 kB
MemFree:          339388 kB
MemAvailable:    1480628 kB
Buffers:           86328 kB
Cached:          1089912 kB
MemTotal:        1844596 kB
MemFree:          339076 kB
MemAvailable:    1480316 kB
Buffers:           86328 kB
Cached:          1089912 kB
MemTotal:        1844596 kB
MemFree:          339412 kB
MemAvailable:    1480652 kB
Buffers:           86328 kB
Cached:          1089912 kB
MemTotal:        1844596 kB
MemFree:          339148 kB
MemAvailable:    1480388 kB
Buffers:           86328 kB
Cached:          1089912 kB
MemTotal:        1844596 kB
MemFree:          339232 kB
MemAvailable:    1480472 kB
Buffers:           86328 kB
Cached:          1089912 kB
MemTotal:        1844596 kB
MemFree:          339144 kB
MemAvailable:    1480384 kB
Buffers:           86328 kB
Cached:          1089912 kB
MemTotal:        1844596 kB
MemFree:          339144 kB
MemAvailable:    1480384 kB
Buffers:           86328 kB
Cached:          1089912 kB
MemTotal:        1844596 kB
MemFree:          339028 kB
MemAvailable:    1480268 kB
Buffers:           86328 kB
Cached:          1089912 kB
MemTotal:        1844596 kB
MemFree:          339364 kB
MemAvailable:    1480604 kB
Buffers:           86328 kB
Cached:          1089912 kB
MemTotal:        1844596 kB
MemFree:          337796 kB
MemAvailable:    1479036 kB
Buffers:           86328 kB
Cached:          1089912 kB
MemTotal:        1844596 kB
MemFree:          339236 kB
MemAvailable:    1480476 kB
Buffers:           86328 kB
Cached:          1089912 kB
MemTotal:        1844596 kB
MemFree:          339148 kB
MemAvailable:    1480388 kB
Buffers:           86328 kB
Cached:          1089912 kB
MemTotal:        1844596 kB
MemFree:          337924 kB
MemAvailable:    1479164 kB
Buffers:           86328 kB
Cached:          1089912 kB
MemTotal:        1844596 kB
MemFree:          339192 kB
MemAvailable:    1480440 kB
Buffers:           86328 kB
Cached:          1089920 kB
MemTotal:        1844596 kB
MemFree:          339276 kB
MemAvailable:    1480524 kB
Buffers:           86328 kB
Cached:          1089920 kB
MemTotal:        1844596 kB
MemFree:          339028 kB
MemAvailable:    1480276 kB
Buffers:           86328 kB
Cached:          1089920 kB
MemTotal:        1844596 kB
MemFree:          339284 kB
MemAvailable:    1480532 kB
Buffers:           86328 kB
Cached:          1089920 kB
MemTotal:        1844596 kB
MemFree:          339340 kB
MemAvailable:    1480588 kB
Buffers:           86328 kB
Cached:          1089920 kB
MemTotal:        1844596 kB
MemFree:          339136 kB
MemAvailable:    1480384 kB
Buffers:           86328 kB
Cached:          1089920 kB
MemTotal:        1844596 kB
MemFree:          339388 kB
MemAvailable:    1480636 kB
Buffers:           86328 kB
Cached:          1089920 kB
MemTotal:        1844596 kB
MemFree:          336108 kB
MemAvailable:    1477356 kB
Buffers:           86328 kB
Cached:          1089920 kB
MemTotal:        1844596 kB
MemFree:          335992 kB
MemAvailable:    1477240 kB
Buffers:           86328 kB
Cached:          1089920 kB
MemTotal:        1844596 kB
MemFree:          330520 kB
MemAvailable:    1471768 kB
Buffers:           86328 kB
Cached:          1089920 kB
MemTotal:        1844596 kB
MemFree:          330604 kB
MemAvailable:    1471852 kB
Buffers:           86328 kB
Cached:          1089920 kB
MemTotal:        1844596 kB
MemFree:          330224 kB
MemAvailable:    1471472 kB
Buffers:           86328 kB
Cached:          1089920 kB
MemTotal:        1844596 kB
MemFree:          330224 kB
MemAvailable:    1471472 kB
Buffers:           86328 kB
Cached:          1089920 kB
MemTotal:        1844596 kB
MemFree:          330068 kB
MemAvailable:    1471316 kB
Buffers:           86328 kB
Cached:          1089920 kB
MemTotal:        1844596 kB
MemFree:          328676 kB
MemAvailable:    1469924 kB
Buffers:           86328 kB
Cached:          1089920 kB
MemTotal:        1844596 kB
MemFree:          328412 kB
MemAvailable:    1469660 kB
Buffers:           86328 kB
Cached:          1089920 kB
MemTotal:        1844596 kB
MemFree:          328748 kB
MemAvailable:    1469996 kB
Buffers:           86328 kB
Cached:          1089920 kB
MemTotal:        1844596 kB
MemFree:          327544 kB
MemAvailable:    1468792 kB
Buffers:           86328 kB
Cached:          1089920 kB
MemTotal:        1844596 kB
MemFree:          327560 kB
MemAvailable:    1468808 kB
Buffers:           86328 kB
Cached:          1089920 kB
MemTotal:        1844596 kB
MemFree:          327240 kB
MemAvailable:    1468488 kB
Buffers:           86328 kB
Cached:          1089920 kB
MemTotal:        1844596 kB
MemFree:          327492 kB
MemAvailable:    1468740 kB
Buffers:           86328 kB
Cached:          1089920 kB
MemTotal:        1844596 kB
MemFree:          327284 kB
MemAvailable:    1468532 kB
Buffers:           86328 kB
Cached:          1089920 kB
MemTotal:        1844596 kB
MemFree:          327620 kB
MemAvailable:    1468868 kB
Buffers:           86328 kB
Cached:          1089920 kB
MemTotal:        1844596 kB
MemFree:          327244 kB
MemAvailable:    1468492 kB
Buffers:           86328 kB
Cached:          1089920 kB
MemTotal:        1844596 kB
MemFree:          327500 kB
MemAvailable:    1468748 kB
Buffers:           86328 kB
Cached:          1089920 kB
MemTotal:        1844596 kB
MemFree:          327356 kB
MemAvailable:    1468604 kB
Buffers:           86328 kB
Cached:          1089920 kB
MemTotal:        1844596 kB
MemFree:          327608 kB
MemAvailable:    1468856 kB
Buffers:           86328 kB
Cached:          1089920 kB
MemTotal:        1844596 kB
MemFree:          327420 kB
MemAvailable:    1468668 kB
Buffers:           86328 kB
Cached:          1089920 kB
MemTotal:        1844596 kB
MemFree:          327504 kB
MemAvailable:    1468752 kB
Buffers:           86328 kB
Cached:          1089920 kB
MemTotal:        1844596 kB
MemFree:          327284 kB
MemAvailable:    1468532 kB
Buffers:           86328 kB
Cached:          1089920 kB
MemTotal:        1844596 kB
MemFree:          327620 kB
MemAvailable:    1468868 kB
Buffers:           86328 kB
Cached:          1089920 kB
MemTotal:        1844596 kB
MemFree:          327352 kB
MemAvailable:    1468600 kB
Buffers:           86328 kB
Cached:          1089920 kB
MemTotal:        1844596 kB
MemFree:          327432 kB
MemAvailable:    1468680 kB
Buffers:           86328 kB
Cached:          1089920 kB
MemTotal:        1844596 kB
MemFree:          327072 kB
MemAvailable:    1468320 kB
Buffers:           86328 kB
Cached:          1089920 kB
MemTotal:        1844596 kB
MemFree:          327256 kB
MemAvailable:    1468504 kB
Buffers:           86328 kB
Cached:          1089920 kB
MemTotal:        1844596 kB
MemFree:          327256 kB
MemAvailable:    1468504 kB
Buffers:           86328 kB
Cached:          1089920 kB
MemTotal:        1844596 kB
MemFree:          326024 kB
MemAvailable:    1467272 kB
Buffers:           86328 kB
Cached:          1089920 kB
MemTotal:        1844596 kB
MemFree:          327548 kB
MemAvailable:    1468796 kB
Buffers:           86328 kB
Cached:          1089920 kB
MemTotal:        1844596 kB
MemFree:          327444 kB
MemAvailable:    1468692 kB
Buffers:           86328 kB
Cached:          1089920 kB
MemTotal:        1844596 kB
MemFree:          327504 kB
MemAvailable:    1468752 kB
Buffers:           86328 kB
Cached:          1089920 kB
MemTotal:        1844596 kB
MemFree:          326568 kB
MemAvailable:    1467816 kB
Buffers:           86328 kB
Cached:          1089920 kB
MemTotal:        1844596 kB
MemFree:          327744 kB
MemAvailable:    1468992 kB
Buffers:           86328 kB
Cached:          1089920 kB
MemTotal:        1844596 kB
MemFree:          326940 kB
MemAvailable:    1468188 kB
Buffers:           86328 kB
Cached:          1089920 kB
MemTotal:        1844596 kB
MemFree:          327160 kB
MemAvailable:    1468408 kB
Buffers:           86328 kB
Cached:          1089920 kB
MemTotal:        1844596 kB
MemFree:          327244 kB
MemAvailable:    1468492 kB
Buffers:           86328 kB
Cached:          1089920 kB
MemTotal:        1844596 kB
MemFree:          327512 kB
MemAvailable:    1468760 kB
Buffers:           86328 kB
Cached:          1089920 kB
MemTotal:        1844596 kB
MemFree:          326568 kB
MemAvailable:    1467816 kB
Buffers:           86328 kB
Cached:          1089920 kB
MemTotal:        1844596 kB
MemFree:          327604 kB
MemAvailable:    1468860 kB
Buffers:           86328 kB
Cached:          1089928 kB
MemTotal:        1844596 kB
MemFree:          327480 kB
MemAvailable:    1468736 kB
Buffers:           86328 kB
Cached:          1089928 kB
MemTotal:        1844596 kB
MemFree:          326320 kB
MemAvailable:    1467576 kB
Buffers:           86328 kB
Cached:          1089928 kB
MemTotal:        1844596 kB
MemFree:          327296 kB
MemAvailable:    1468552 kB
Buffers:           86328 kB
Cached:          1089928 kB
MemTotal:        1844596 kB
MemFree:          327296 kB
MemAvailable:    1468552 kB
Buffers:           86328 kB
Cached:          1089928 kB
MemTotal:        1844596 kB
MemFree:          327292 kB
MemAvailable:    1468548 kB
Buffers:           86328 kB
Cached:          1089928 kB
MemTotal:        1844596 kB
MemFree:          327544 kB
MemAvailable:    1468800 kB
Buffers:           86328 kB
Cached:          1089928 kB
MemTotal:        1844596 kB
MemFree:          327172 kB
MemAvailable:    1468428 kB
Buffers:           86328 kB
Cached:          1089928 kB
MemTotal:        1844596 kB
MemFree:          326060 kB
MemAvailable:    1467316 kB
Buffers:           86328 kB
Cached:          1089928 kB
MemTotal:        1844596 kB
MemFree:          326060 kB
MemAvailable:    1467316 kB
Buffers:           86328 kB
Cached:          1089928 kB
MemTotal:        1844596 kB
MemFree:          327372 kB
MemAvailable:    1468628 kB
Buffers:           86328 kB
Cached:          1089928 kB
MemTotal:        1844596 kB
MemFree:          327388 kB
MemAvailable:    1468644 kB
Buffers:           86328 kB
Cached:          1089928 kB
MemTotal:        1844596 kB
MemFree:          326148 kB
MemAvailable:    1467404 kB
Buffers:           86328 kB
Cached:          1089928 kB
MemTotal:        1844596 kB
MemFree:          327256 kB
MemAvailable:    1468512 kB
Buffers:           86328 kB
Cached:          1089928 kB
MemTotal:        1844596 kB
MemFree:          327512 kB
MemAvailable:    1468768 kB
Buffers:           86328 kB
Cached:          1089928 kB
MemTotal:        1844596 kB
MemFree:          327484 kB
MemAvailable:    1468740 kB
Buffers:           86328 kB
Cached:          1089928 kB
MemTotal:        1844596 kB
MemFree:          326004 kB
MemAvailable:    1467260 kB
Buffers:           86328 kB
Cached:          1089928 kB
MemTotal:        1844596 kB
MemFree:          326684 kB
MemAvailable:    1467940 kB
Buffers:           86328 kB
Cached:          1089928 kB
MemTotal:        1844596 kB
MemFree:          327476 kB
MemAvailable:    1468732 kB
Buffers:           86328 kB
Cached:          1089928 kB
MemTotal:        1844596 kB
MemFree:          327272 kB
MemAvailable:    1468528 kB
Buffers:           86328 kB
Cached:          1089928 kB
MemTotal:        1844596 kB
MemFree:          327356 kB
MemAvailable:    1468612 kB
Buffers:           86328 kB
Cached:          1089928 kB
MemTotal:        1844596 kB
MemFree:          326992 kB
MemAvailable:    1468248 kB
Buffers:           86328 kB
Cached:          1089928 kB
MemTotal:        1844596 kB
MemFree:          327328 kB
MemAvailable:    1468584 kB
Buffers:           86328 kB
Cached:          1089928 kB
MemTotal:        1844596 kB
MemFree:          327000 kB
MemAvailable:    1468256 kB
Buffers:           86328 kB
Cached:          1089928 kB
MemTotal:        1844596 kB
MemFree:          326988 kB
MemAvailable:    1468244 kB
Buffers:           86328 kB
Cached:          1089928 kB
MemTotal:        1844596 kB
MemFree:          326988 kB
MemAvailable:    1468244 kB
Buffers:           86328 kB
Cached:          1089928 kB
MemTotal:        1844596 kB
MemFree:          326932 kB
MemAvailable:    1468188 kB
Buffers:           86328 kB
Cached:          1089928 kB
MemTotal:        1844596 kB
MemFree:          327052 kB
MemAvailable:    1468308 kB
Buffers:           86328 kB
Cached:          1089928 kB
MemTotal:        1844596 kB
MemFree:          326072 kB
MemAvailable:    1467328 kB
Buffers:           86328 kB
Cached:          1089928 kB
MemTotal:        1844596 kB
MemFree:          327064 kB
MemAvailable:    1468320 kB
Buffers:           86328 kB
Cached:          1089928 kB
MemTotal:        1844596 kB
MemFree:          325956 kB
MemAvailable:    1467216 kB
Buffers:           86328 kB
Cached:          1089932 kB
MemTotal:        1844596 kB
MemFree:          326816 kB
MemAvailable:    1468076 kB
Buffers:           86328 kB
Cached:          1089932 kB
MemTotal:        1844596 kB
MemFree:          326852 kB
MemAvailable:    1468112 kB
Buffers:           86328 kB
Cached:          1089932 kB
MemTotal:        1844596 kB
MemFree:          326420 kB
MemAvailable:    1467680 kB
Buffers:           86328 kB
Cached:          1089932 kB
MemTotal:        1844596 kB
MemFree:          326320 kB
MemAvailable:    1467580 kB
Buffers:           86328 kB
Cached:          1089932 kB
MemTotal:        1844596 kB
MemFree:          325192 kB
MemAvailable:    1466452 kB
Buffers:           86328 kB
Cached:          1089932 kB
MemTotal:        1844596 kB
MemFree:          325316 kB
MemAvailable:    1466576 kB
Buffers:           86328 kB
Cached:          1089932 kB
MemTotal:        1844596 kB
MemFree:          326680 kB
MemAvailable:    1467940 kB
Buffers:           86328 kB
Cached:          1089932 kB
MemTotal:        1844596 kB
MemFree:          326292 kB
MemAvailable:    1467552 kB
Buffers:           86328 kB
Cached:          1089932 kB
MemTotal:        1844596 kB
MemFree:          326292 kB
MemAvailable:    1467552 kB
Buffers:           86328 kB
Cached:          1089932 kB
MemTotal:        1844596 kB
MemFree:          326432 kB
MemAvailable:    1467692 kB
Buffers:           86328 kB
Cached:          1089932 kB
MemTotal:        1844596 kB
MemFree:          325268 kB
MemAvailable:    1466528 kB
Buffers:           86328 kB
Cached:          1089932 kB
MemTotal:        1844596 kB
MemFree:          326312 kB
MemAvailable:    1467572 kB
Buffers:           86328 kB
Cached:          1089932 kB
MemTotal:        1844596 kB
MemFree:          326648 kB
MemAvailable:    1467908 kB
Buffers:           86328 kB
Cached:          1089932 kB
MemTotal:        1844596 kB
MemFree:          326324 kB
MemAvailable:    1467584 kB
Buffers:           86328 kB
Cached:          1089932 kB
MemTotal:        1844596 kB
MemFree:          325460 kB
MemAvailable:    1466720 kB
Buffers:           86328 kB
Cached:          1089932 kB
MemTotal:        1844596 kB
MemFree:          325944 kB
MemAvailable:    1467204 kB
Buffers:           86328 kB
Cached:          1089932 kB
MemTotal:        1844596 kB
MemFree:          326256 kB
MemAvailable:    1467516 kB
Buffers:           86328 kB
Cached:          1089932 kB
MemTotal:        1844596 kB
MemFree:          324948 kB
MemAvailable:    1466208 kB
Buffers:           86328 kB
Cached:          1089932 kB
MemTotal:        1844596 kB
MemFree:          326180 kB
MemAvailable:    1467440 kB
Buffers:           86328 kB
Cached:          1089932 kB
MemTotal:        1844596 kB
MemFree:          325824 kB
MemAvailable:    1467084 kB
Buffers:           86328 kB
Cached:          1089932 kB
MemTotal:        1844596 kB
MemFree:          320104 kB
MemAvailable:    1461364 kB
Buffers:           86328 kB
Cached:          1089932 kB
MemTotal:        1844596 kB
MemFree:          322784 kB
MemAvailable:    1464044 kB
Buffers:           86328 kB
Cached:          1089932 kB
MemTotal:        1844596 kB
MemFree:          315764 kB
MemAvailable:    1457024 kB
Buffers:           86328 kB
Cached:          1089932 kB
MemTotal:        1844596 kB
MemFree:          314912 kB
MemAvailable:    1456172 kB
Buffers:           86328 kB
Cached:          1089932 kB
MemTotal:        1844596 kB
MemFree:          315628 kB
MemAvailable:    1456888 kB
Buffers:           86328 kB
Cached:          1089932 kB
MemTotal:        1844596 kB
MemFree:          315964 kB
MemAvailable:    1457224 kB
Buffers:           86328 kB
Cached:          1089932 kB
MemTotal:        1844596 kB
MemFree:          315760 kB
MemAvailable:    1457020 kB
Buffers:           86328 kB
Cached:          1089932 kB
MemTotal:        1844596 kB
MemFree:          314284 kB
MemAvailable:    1455544 kB
Buffers:           86328 kB
Cached:          1089932 kB
MemTotal:        1844596 kB
MemFree:          315144 kB
MemAvailable:    1456404 kB
Buffers:           86328 kB
Cached:          1089932 kB
MemTotal:        1844596 kB
MemFree:          315480 kB
MemAvailable:    1456740 kB
Buffers:           86328 kB
Cached:          1089932 kB
MemTotal:        1844596 kB
MemFree:          314408 kB
MemAvailable:    1455668 kB
Buffers:           86328 kB
Cached:          1089932 kB
MemTotal:        1844596 kB
MemFree:          314492 kB
MemAvailable:    1455752 kB
Buffers:           86328 kB
Cached:          1089932 kB
MemTotal:        1844596 kB
MemFree:          313160 kB
MemAvailable:    1454420 kB
Buffers:           86328 kB
Cached:          1089932 kB
MemTotal:        1844596 kB
MemFree:          313496 kB
MemAvailable:    1454756 kB
Buffers:           86328 kB
Cached:          1089932 kB
MemTotal:        1844596 kB
MemFree:          312912 kB
MemAvailable:    1454172 kB
Buffers:           86328 kB
Cached:          1089932 kB
MemTotal:        1844596 kB
MemFree:          312912 kB
MemAvailable:    1454172 kB
Buffers:           86328 kB
Cached:          1089932 kB
MemTotal:        1844596 kB
MemFree:          312776 kB
MemAvailable:    1454036 kB
Buffers:           86328 kB
Cached:          1089932 kB
MemTotal:        1844596 kB
MemFree:          312680 kB
MemAvailable:    1453940 kB
Buffers:           86328 kB
Cached:          1089932 kB
MemTotal:        1844596 kB
MemFree:          312860 kB
MemAvailable:    1454120 kB
Buffers:           86328 kB
Cached:          1089932 kB
MemTotal:        1844596 kB
MemFree:          312680 kB
MemAvailable:    1453940 kB
Buffers:           86328 kB
Cached:          1089932 kB
MemTotal:        1844596 kB
MemFree:          311424 kB
MemAvailable:    1452684 kB
Buffers:           86328 kB
Cached:          1089932 kB
MemTotal:        1844596 kB
MemFree:          312908 kB
MemAvailable:    1454168 kB
Buffers:           86328 kB
Cached:          1089932 kB
MemTotal:        1844596 kB
MemFree:          312908 kB
MemAvailable:    1454168 kB
Buffers:           86328 kB
Cached:          1089932 kB
MemTotal:        1844596 kB
MemFree:          312740 kB
MemAvailable:    1454000 kB
Buffers:           86328 kB
Cached:          1089932 kB
MemTotal:        1844596 kB
MemFree:          312992 kB
MemAvailable:    1454252 kB
Buffers:           86328 kB
Cached:          1089932 kB
MemTotal:        1844596 kB
MemFree:          311632 kB
MemAvailable:    1452892 kB
Buffers:           86328 kB
Cached:          1089932 kB
MemTotal:        1844596 kB
MemFree:          311508 kB
MemAvailable:    1452768 kB
Buffers:           86328 kB
Cached:          1089932 kB
MemTotal:        1844596 kB
MemFree:          311756 kB
MemAvailable:    1453016 kB
Buffers:           86328 kB
Cached:          1089932 kB
MemTotal:        1844596 kB
MemFree:          311624 kB
MemAvailable:    1452884 kB
Buffers:           86328 kB
Cached:          1089932 kB
MemTotal:        1844596 kB
MemFree:          312060 kB
MemAvailable:    1453320 kB
Buffers:           86328 kB
Cached:          1089932 kB
MemTotal:        1844596 kB
MemFree:          310448 kB
MemAvailable:    1451708 kB
Buffers:           86328 kB
Cached:          1089932 kB
MemTotal:        1844596 kB
MemFree:          309952 kB
MemAvailable:    1451212 kB
Buffers:           86328 kB
Cached:          1089932 kB
MemTotal:        1844596 kB
MemFree:          310872 kB
MemAvailable:    1452132 kB
Buffers:           86328 kB
Cached:          1089932 kB
MemTotal:        1844596 kB
MemFree:          310740 kB
MemAvailable:    1452000 kB
Buffers:           86328 kB
Cached:          1089932 kB
MemTotal:        1844596 kB
MemFree:          310076 kB
MemAvailable:    1451336 kB
Buffers:           86328 kB
Cached:          1089932 kB
MemTotal:        1844596 kB
MemFree:          310192 kB
MemAvailable:    1451452 kB
Buffers:           86328 kB
Cached:          1089932 kB
MemTotal:        1844596 kB
MemFree:          310192 kB
MemAvailable:    1451452 kB
Buffers:           86328 kB
Cached:          1089932 kB
MemTotal:        1844596 kB
MemFree:          308532 kB
MemAvailable:    1449792 kB
Buffers:           86328 kB
Cached:          1089932 kB
MemTotal:        1844596 kB
MemFree:          309084 kB
MemAvailable:    1450344 kB
Buffers:           86328 kB
Cached:          1089932 kB
MemTotal:        1844596 kB
MemFree:          309012 kB
MemAvailable:    1450280 kB
Buffers:           86328 kB
Cached:          1089940 kB
MemTotal:        1844596 kB
MemFree:          307604 kB
MemAvailable:    1448872 kB
Buffers:           86328 kB
Cached:          1089940 kB
MemTotal:        1844596 kB
MemFree:          308324 kB
MemAvailable:    1449592 kB
Buffers:           86328 kB
Cached:          1089940 kB
MemTotal:        1844596 kB
MemFree:          308516 kB
MemAvailable:    1449784 kB
Buffers:           86328 kB
Cached:          1089940 kB
MemTotal:        1844596 kB
MemFree:          308388 kB
MemAvailable:    1449656 kB
Buffers:           86328 kB
Cached:          1089940 kB
MemTotal:        1844596 kB
MemFree:          306844 kB
MemAvailable:    1448112 kB
Buffers:           86328 kB
Cached:          1089940 kB
MemTotal:        1844596 kB
MemFree:          307952 kB
MemAvailable:    1449220 kB
Buffers:           86328 kB
Cached:          1089940 kB
MemTotal:        1844596 kB
MemFree:          307952 kB
MemAvailable:    1449220 kB
Buffers:           86328 kB
Cached:          1089940 kB
MemTotal:        1844596 kB
MemFree:          307700 kB
MemAvailable:    1448968 kB
Buffers:           86328 kB
Cached:          1089940 kB
MemTotal:        1844596 kB
MemFree:          307952 kB
MemAvailable:    1449220 kB
Buffers:           86328 kB
Cached:          1089940 kB
MemTotal:        1844596 kB
MemFree:          307704 kB
MemAvailable:    1448972 kB
Buffers:           86328 kB
Cached:          1089940 kB
MemTotal:        1844596 kB
MemFree:          307956 kB
MemAvailable:    1449224 kB
Buffers:           86328 kB
Cached:          1089940 kB
MemTotal:        1844596 kB
MemFree:          307524 kB
MemAvailable:    1448792 kB
Buffers:           86328 kB
Cached:          1089940 kB
MemTotal:        1844596 kB
MemFree:          307776 kB
MemAvailable:    1449044 kB
Buffers:           86328 kB
Cached:          1089940 kB
MemTotal:        1844596 kB
MemFree:          307652 kB
MemAvailable:    1448920 kB
Buffers:           86328 kB
Cached:          1089940 kB
MemTotal:        1844596 kB
MemFree:          307652 kB
MemAvailable:    1448920 kB
Buffers:           86328 kB
Cached:          1089940 kB
MemTotal:        1844596 kB
MemFree:          307580 kB
MemAvailable:    1448848 kB
Buffers:           86328 kB
Cached:          1089940 kB
MemTotal:        1844596 kB
MemFree:          307664 kB
MemAvailable:    1448932 kB
Buffers:           86328 kB
Cached:          1089940 kB
MemTotal:        1844596 kB
MemFree:          306168 kB
MemAvailable:    1447436 kB
Buffers:           86328 kB
Cached:          1089940 kB
MemTotal:        1844596 kB
MemFree:          306044 kB
MemAvailable:    1447312 kB
Buffers:           86328 kB
Cached:          1089940 kB
MemTotal:        1844596 kB
MemFree:          307492 kB
MemAvailable:    1448764 kB
Buffers:           86328 kB
Cached:          1089944 kB
MemTotal:        1844596 kB
MemFree:          307532 kB
MemAvailable:    1448804 kB
Buffers:           86328 kB
Cached:          1089944 kB
MemTotal:        1844596 kB
MemFree:          306604 kB
MemAvailable:    1447876 kB
Buffers:           86328 kB
Cached:          1089944 kB
MemTotal:        1844596 kB
MemFree:          307284 kB
MemAvailable:    1448556 kB
Buffers:           86328 kB
Cached:          1089944 kB
MemTotal:        1844596 kB
MemFree:          307620 kB
MemAvailable:    1448892 kB
Buffers:           86328 kB
Cached:          1089944 kB
MemTotal:        1844596 kB
MemFree:          306176 kB
MemAvailable:    1447448 kB
Buffers:           86328 kB
Cached:          1089944 kB
MemTotal:        1844596 kB
MemFree:          306960 kB
MemAvailable:    1448232 kB
Buffers:           86328 kB
Cached:          1089944 kB
MemTotal:        1844596 kB
MemFree:          306428 kB
MemAvailable:    1447700 kB
Buffers:           86328 kB
Cached:          1089944 kB
MemTotal:        1844596 kB
MemFree:          307580 kB
MemAvailable:    1448852 kB
Buffers:           86328 kB
Cached:          1089944 kB
MemTotal:        1844596 kB
MemFree:          307580 kB
MemAvailable:    1448852 kB
Buffers:           86328 kB
Cached:          1089944 kB
MemTotal:        1844596 kB
MemFree:          306172 kB
MemAvailable:    1447444 kB
Buffers:           86328 kB
Cached:          1089944 kB
MemTotal:        1844596 kB
MemFree:          307472 kB
MemAvailable:    1448744 kB
Buffers:           86328 kB
Cached:          1089944 kB
MemTotal:        1844596 kB
MemFree:          306224 kB
MemAvailable:    1447496 kB
Buffers:           86328 kB
Cached:          1089944 kB
MemTotal:        1844596 kB
MemFree:          306308 kB
MemAvailable:    1447580 kB
Buffers:           86328 kB
Cached:          1089944 kB
MemTotal:        1844596 kB
MemFree:          305844 kB
MemAvailable:    1447116 kB
Buffers:           86328 kB
Cached:          1089944 kB
MemTotal:        1844596 kB
MemFree:          305928 kB
MemAvailable:    1447200 kB
Buffers:           86328 kB
Cached:          1089944 kB
MemTotal:        1844596 kB
MemFree:          304496 kB
MemAvailable:    1445768 kB
Buffers:           86328 kB
Cached:          1089944 kB
MemTotal:        1844596 kB
MemFree:          302124 kB
MemAvailable:    1443396 kB
Buffers:           86328 kB
Cached:          1089944 kB
MemTotal:        1844596 kB
MemFree:          302336 kB
MemAvailable:    1443608 kB
Buffers:           86328 kB
Cached:          1089944 kB
MemTotal:        1844596 kB
MemFree:          298420 kB
MemAvailable:    1439692 kB
Buffers:           86328 kB
Cached:          1089944 kB
MemTotal:        1844596 kB
MemFree:          296196 kB
MemAvailable:    1437468 kB
Buffers:           86328 kB
Cached:          1089944 kB
MemTotal:        1844596 kB
MemFree:          292584 kB
MemAvailable:    1433856 kB
Buffers:           86328 kB
Cached:          1089944 kB
MemTotal:        1844596 kB
MemFree:          292584 kB
MemAvailable:    1433856 kB
Buffers:           86328 kB
Cached:          1089944 kB
MemTotal:        1844596 kB
MemFree:          287880 kB
MemAvailable:    1429152 kB
Buffers:           86328 kB
Cached:          1089944 kB
MemTotal:        1844596 kB
MemFree:          288856 kB
MemAvailable:    1430128 kB
Buffers:           86328 kB
Cached:          1089944 kB
MemTotal:        1844596 kB
MemFree:          288856 kB
MemAvailable:    1430128 kB
Buffers:           86328 kB
Cached:          1089944 kB
MemTotal:        1844596 kB
MemFree:          288912 kB
MemAvailable:    1430184 kB
Buffers:           86328 kB
Cached:          1089944 kB
MemTotal:        1844596 kB
MemFree:          288788 kB
MemAvailable:    1430060 kB
Buffers:           86328 kB
Cached:          1089944 kB
MemTotal:        1844596 kB
MemFree:          287508 kB
MemAvailable:    1428780 kB
Buffers:           86328 kB
Cached:          1089944 kB
MemTotal:        1844596 kB
MemFree:          288548 kB
MemAvailable:    1429820 kB
Buffers:           86328 kB
Cached:          1089944 kB
MemTotal:        1844596 kB
MemFree:          288548 kB
MemAvailable:    1429820 kB
Buffers:           86328 kB
Cached:          1089944 kB
MemTotal:        1844596 kB
MemFree:          287324 kB
MemAvailable:    1428596 kB
Buffers:           86328 kB
Cached:          1089944 kB
MemTotal:        1844596 kB
MemFree:          288496 kB
MemAvailable:    1429768 kB
Buffers:           86328 kB
Cached:          1089944 kB
MemTotal:        1844596 kB
MemFree:          288560 kB
MemAvailable:    1429832 kB
Buffers:           86328 kB
Cached:          1089944 kB
MemTotal:        1844596 kB
MemFree:          288128 kB
MemAvailable:    1429400 kB
Buffers:           86328 kB
Cached:          1089944 kB
MemTotal:        1844596 kB
MemFree:          286896 kB
MemAvailable:    1428168 kB
Buffers:           86328 kB
Cached:          1089944 kB
MemTotal:        1844596 kB
MemFree:          287748 kB
MemAvailable:    1429020 kB
Buffers:           86328 kB
Cached:          1089944 kB
MemTotal:        1844596 kB
MemFree:          288004 kB
MemAvailable:    1429276 kB
Buffers:           86328 kB
Cached:          1089944 kB
MemTotal:        1844596 kB
MemFree:          286508 kB
MemAvailable:    1427780 kB
Buffers:           86328 kB
Cached:          1089944 kB
MemTotal:        1844596 kB
MemFree:          287684 kB
MemAvailable:    1428956 kB
Buffers:           86328 kB
Cached:          1089944 kB
MemTotal:        1844596 kB
MemFree:          286632 kB
MemAvailable:    1427904 kB
Buffers:           86328 kB
Cached:          1089944 kB
MemTotal:        1844596 kB
MemFree:          287800 kB
MemAvailable:    1429072 kB
Buffers:           86328 kB
Cached:          1089944 kB
MemTotal:        1844596 kB
MemFree:          287392 kB
MemAvailable:    1428664 kB
Buffers:           86328 kB
Cached:          1089944 kB
MemTotal:        1844596 kB
MemFree:          287700 kB
MemAvailable:    1428972 kB
Buffers:           86328 kB
Cached:          1089944 kB
MemTotal:        1844596 kB
MemFree:          287956 kB
MemAvailable:    1429228 kB
Buffers:           86328 kB
Cached:          1089944 kB
MemTotal:        1844596 kB
MemFree:          287928 kB
MemAvailable:    1429200 kB
Buffers:           86328 kB
Cached:          1089944 kB
MemTotal:        1844596 kB
MemFree:          287672 kB
MemAvailable:    1428944 kB
Buffers:           86328 kB
Cached:          1089944 kB
MemTotal:        1844596 kB
MemFree:          286496 kB
MemAvailable:    1427768 kB
Buffers:           86328 kB
Cached:          1089944 kB
MemTotal:        1844596 kB
MemFree:          286744 kB
MemAvailable:    1428016 kB
Buffers:           86328 kB
Cached:          1089944 kB
MemTotal:        1844596 kB
MemFree:          287728 kB
MemAvailable:    1429000 kB
Buffers:           86328 kB
Cached:          1089944 kB
MemTotal:        1844596 kB
MemFree:          287980 kB
MemAvailable:    1429252 kB
Buffers:           86328 kB
Cached:          1089944 kB
MemTotal:        1844596 kB
MemFree:          287568 kB
MemAvailable:    1428840 kB
Buffers:           86328 kB
Cached:          1089944 kB
MemTotal:        1844596 kB
MemFree:          287740 kB
MemAvailable:    1429012 kB
Buffers:           86328 kB
Cached:          1089944 kB
MemTotal:        1844596 kB
MemFree:          286384 kB
MemAvailable:    1427656 kB
Buffers:           86328 kB
Cached:          1089944 kB
MemTotal:        1844596 kB
MemFree:          287136 kB
MemAvailable:    1428408 kB
Buffers:           86328 kB
Cached:          1089944 kB
MemTotal:        1844596 kB
MemFree:          287260 kB
MemAvailable:    1428532 kB
Buffers:           86328 kB
Cached:          1089944 kB
MemTotal:        1844596 kB
MemFree:          288188 kB
MemAvailable:    1429460 kB
Buffers:           86328 kB
Cached:          1089944 kB
MemTotal:        1844596 kB
MemFree:          288312 kB
MemAvailable:    1429584 kB
Buffers:           86328 kB
Cached:          1089944 kB
MemTotal:        1844596 kB
MemFree:          287012 kB
MemAvailable:    1428284 kB
Buffers:           86328 kB
Cached:          1089944 kB
MemTotal:        1844596 kB
MemFree:          286756 kB
MemAvailable:    1428028 kB
Buffers:           86328 kB
Cached:          1089944 kB
MemTotal:        1844596 kB
MemFree:          284716 kB
MemAvailable:    1425988 kB
Buffers:           86328 kB
Cached:          1089944 kB
MemTotal:        1844596 kB
MemFree:          281812 kB
MemAvailable:    1423084 kB
Buffers:           86328 kB
Cached:          1089944 kB
MemTotal:        1844596 kB
MemFree:          279996 kB
MemAvailable:    1421268 kB
Buffers:           86328 kB
Cached:          1089944 kB
MemTotal:        1844596 kB
MemFree:          276836 kB
MemAvailable:    1418108 kB
Buffers:           86328 kB
Cached:          1089944 kB
MemTotal:        1844596 kB
MemFree:          276604 kB
MemAvailable:    1417876 kB
Buffers:           86328 kB
Cached:          1089944 kB
MemTotal:        1844596 kB
MemFree:          271496 kB
MemAvailable:    1412768 kB
Buffers:           86328 kB
Cached:          1089944 kB
MemTotal:        1844596 kB
MemFree:          271336 kB
MemAvailable:    1412608 kB
Buffers:           86328 kB
Cached:          1089944 kB
MemTotal:        1844596 kB
MemFree:          270200 kB
MemAvailable:    1411472 kB
Buffers:           86328 kB
Cached:          1089944 kB
MemTotal:        1844596 kB
MemFree:          270208 kB
MemAvailable:    1411480 kB
Buffers:           86328 kB
Cached:          1089944 kB
MemTotal:        1844596 kB
MemFree:          270076 kB
MemAvailable:    1411348 kB
Buffers:           86328 kB
Cached:          1089944 kB
MemTotal:        1844596 kB
MemFree:          268908 kB
MemAvailable:    1410180 kB
Buffers:           86328 kB
Cached:          1089944 kB
MemTotal:        1844596 kB
MemFree:          269032 kB
MemAvailable:    1410304 kB
Buffers:           86328 kB
Cached:          1089944 kB
MemTotal:        1844596 kB
MemFree:          269884 kB
MemAvailable:    1411156 kB
Buffers:           86328 kB
Cached:          1089944 kB
MemTotal:        1844596 kB
MemFree:          270052 kB
MemAvailable:    1411324 kB
Buffers:           86328 kB
Cached:          1089944 kB
MemTotal:        1844596 kB
MemFree:          270140 kB
MemAvailable:    1411412 kB
Buffers:           86328 kB
Cached:          1089944 kB
MemTotal:        1844596 kB
MemFree:          269776 kB
MemAvailable:    1411048 kB
Buffers:           86328 kB
Cached:          1089944 kB
MemTotal:        1844596 kB
MemFree:          268668 kB
MemAvailable:    1409940 kB
Buffers:           86328 kB
Cached:          1089944 kB
MemTotal:        1844596 kB
MemFree:          269612 kB
MemAvailable:    1410892 kB
Buffers:           86328 kB
Cached:          1089952 kB
MemTotal:        1844596 kB
MemFree:          269388 kB
MemAvailable:    1410668 kB
Buffers:           86328 kB
Cached:          1089952 kB
MemTotal:        1844596 kB
MemFree:          269724 kB
MemAvailable:    1411004 kB
Buffers:           86328 kB
Cached:          1089952 kB
MemTotal:        1844596 kB
MemFree:          269348 kB
MemAvailable:    1410628 kB
Buffers:           86328 kB
Cached:          1089952 kB
MemTotal:        1844596 kB
MemFree:          269604 kB
MemAvailable:    1410884 kB
Buffers:           86328 kB
Cached:          1089952 kB
MemTotal:        1844596 kB
MemFree:          269460 kB
MemAvailable:    1410740 kB
Buffers:           86328 kB
Cached:          1089952 kB
MemTotal:        1844596 kB
MemFree:          269512 kB
MemAvailable:    1410792 kB
Buffers:           86328 kB
Cached:          1089952 kB
MemTotal:        1844596 kB
MemFree:          269512 kB
MemAvailable:    1410792 kB
Buffers:           86328 kB
Cached:          1089952 kB
MemTotal:        1844596 kB
MemFree:          269512 kB
MemAvailable:    1410792 kB
Buffers:           86328 kB
Cached:          1089952 kB
MemTotal:        1844596 kB
MemFree:          269264 kB
MemAvailable:    1410544 kB
Buffers:           86328 kB
Cached:          1089952 kB
MemTotal:        1844596 kB
MemFree:          269516 kB
MemAvailable:    1410796 kB
Buffers:           86328 kB
Cached:          1089952 kB
MemTotal:        1844596 kB
MemFree:          269440 kB
MemAvailable:    1410720 kB
Buffers:           86328 kB
Cached:          1089952 kB
MemTotal:        1844596 kB
MemFree:          269440 kB
MemAvailable:    1410720 kB
Buffers:           86328 kB
Cached:          1089952 kB
MemTotal:        1844596 kB
MemFree:          269608 kB
MemAvailable:    1410888 kB
Buffers:           86328 kB
Cached:          1089952 kB
MemTotal:        1844596 kB
MemFree:          269580 kB
MemAvailable:    1410860 kB
Buffers:           86328 kB
Cached:          1089952 kB
MemTotal:        1844596 kB
MemFree:          268792 kB
MemAvailable:    1410072 kB
Buffers:           86328 kB
Cached:          1089952 kB
MemTotal:        1844596 kB
MemFree:          269388 kB
MemAvailable:    1410668 kB
Buffers:           86328 kB
Cached:          1089952 kB
MemTotal:        1844596 kB
MemFree:          269724 kB
MemAvailable:    1411004 kB
Buffers:           86328 kB
Cached:          1089952 kB
MemTotal:        1844596 kB
MemFree:          268364 kB
MemAvailable:    1409644 kB
Buffers:           86328 kB
Cached:          1089952 kB
MemTotal:        1844596 kB
MemFree:          268276 kB
MemAvailable:    1409556 kB
Buffers:           86328 kB
Cached:          1089952 kB
MemTotal:        1844596 kB
MemFree:          269512 kB
MemAvailable:    1410792 kB
Buffers:           86328 kB
Cached:          1089952 kB
MemTotal:        1844596 kB
MemFree:          269388 kB
MemAvailable:    1410668 kB
Buffers:           86328 kB
Cached:          1089952 kB
MemTotal:        1844596 kB
MemFree:          269700 kB
MemAvailable:    1410980 kB
Buffers:           86328 kB
Cached:          1089952 kB
MemTotal:        1844596 kB
MemFree:          268784 kB
MemAvailable:    1410064 kB
Buffers:           86328 kB
Cached:          1089952 kB
MemTotal:        1844596 kB
MemFree:          269568 kB
MemAvailable:    1410848 kB
Buffers:           86328 kB
Cached:          1089952 kB
MemTotal:        1844596 kB
MemFree:          269528 kB
MemAvailable:    1410808 kB
Buffers:           86328 kB
Cached:          1089952 kB
MemTotal:        1844596 kB
MemFree:          266428 kB
MemAvailable:    1407708 kB
Buffers:           86328 kB
Cached:          1089952 kB
MemTotal:        1844596 kB
MemFree:          263576 kB
MemAvailable:    1404856 kB
Buffers:           86328 kB
Cached:          1089952 kB
MemTotal:        1844596 kB
MemFree:          258112 kB
MemAvailable:    1399392 kB
Buffers:           86328 kB
Cached:          1089952 kB
MemTotal:        1844596 kB
MemFree:          257996 kB
MemAvailable:    1399276 kB
Buffers:           86328 kB
Cached:          1089952 kB
MemTotal:        1844596 kB
MemFree:          252160 kB
MemAvailable:    1393440 kB
Buffers:           86328 kB
Cached:          1089952 kB
MemTotal:        1844596 kB
MemFree:          252416 kB
MemAvailable:    1393696 kB
Buffers:           86328 kB
Cached:          1089952 kB
MemTotal:        1844596 kB
MemFree:          252020 kB
MemAvailable:    1393300 kB
Buffers:           86328 kB
Cached:          1089952 kB
MemTotal:        1844596 kB
MemFree:          251292 kB
MemAvailable:    1392572 kB
Buffers:           86328 kB
Cached:          1089952 kB
MemTotal:        1844596 kB
MemFree:          250660 kB
MemAvailable:    1391940 kB
Buffers:           86328 kB
Cached:          1089952 kB
MemTotal:        1844596 kB
MemFree:          250908 kB
MemAvailable:    1392188 kB
Buffers:           86328 kB
Cached:          1089952 kB
MemTotal:        1844596 kB
MemFree:          251760 kB
MemAvailable:    1393040 kB
Buffers:           86328 kB
Cached:          1089952 kB
MemTotal:        1844596 kB
MemFree:          251116 kB
MemAvailable:    1392396 kB
Buffers:           86328 kB
Cached:          1089952 kB
MemTotal:        1844596 kB
MemFree:          250600 kB
MemAvailable:    1391880 kB
Buffers:           86328 kB
Cached:          1089952 kB
MemTotal:        1844596 kB
MemFree:          250732 kB
MemAvailable:    1392012 kB
Buffers:           86328 kB
Cached:          1089952 kB
MemTotal:        1844596 kB
MemFree:          250856 kB
MemAvailable:    1392136 kB
Buffers:           86328 kB
Cached:          1089952 kB
MemTotal:        1844596 kB
MemFree:          250856 kB
MemAvailable:    1392136 kB
Buffers:           86328 kB
Cached:          1089952 kB
MemTotal:        1844596 kB
MemFree:          252032 kB
MemAvailable:    1393312 kB
Buffers:           86328 kB
Cached:          1089952 kB
MemTotal:        1844596 kB
MemFree:          252220 kB
MemAvailable:    1393500 kB
Buffers:           86328 kB
Cached:          1089952 kB
MemTotal:        1844596 kB
MemFree:          252280 kB
MemAvailable:    1393560 kB
Buffers:           86328 kB
Cached:          1089952 kB
MemTotal:        1844596 kB
MemFree:          252296 kB
MemAvailable:    1393576 kB
Buffers:           86328 kB
Cached:          1089952 kB
MemTotal:        1844596 kB
MemFree:          252212 kB
MemAvailable:    1393492 kB
Buffers:           86328 kB
Cached:          1089952 kB
MemTotal:        1844596 kB
MemFree:          252300 kB
MemAvailable:    1393580 kB
Buffers:           86328 kB
Cached:          1089952 kB
MemTotal:        1844596 kB
MemFree:          251924 kB
MemAvailable:    1393204 kB
Buffers:           86328 kB
Cached:          1089952 kB
MemTotal:        1844596 kB
MemFree:          251540 kB
MemAvailable:    1392820 kB
Buffers:           86328 kB
Cached:          1089952 kB
MemTotal:        1844596 kB
MemFree:          251796 kB
MemAvailable:    1393076 kB
Buffers:           86328 kB
Cached:          1089952 kB
MemTotal:        1844596 kB
MemFree:          251360 kB
MemAvailable:    1392640 kB
Buffers:           86328 kB
Cached:          1089952 kB
MemTotal:        1844596 kB
MemFree:          250060 kB
MemAvailable:    1391340 kB
Buffers:           86328 kB
Cached:          1089952 kB
MemTotal:        1844596 kB
MemFree:          250184 kB
MemAvailable:    1391468 kB
Buffers:           86328 kB
Cached:          1089956 kB
MemTotal:        1844596 kB
MemFree:          250184 kB
MemAvailable:    1391468 kB
Buffers:           86328 kB
Cached:          1089956 kB
MemTotal:        1844596 kB
MemFree:          250920 kB
MemAvailable:    1392204 kB
Buffers:           86328 kB
Cached:          1089956 kB
MemTotal:        1844596 kB
MemFree:          251236 kB
MemAvailable:    1392520 kB
Buffers:           86328 kB
Cached:          1089956 kB
MemTotal:        1844596 kB
MemFree:          249856 kB
MemAvailable:    1391140 kB
Buffers:           86328 kB
Cached:          1089956 kB
MemTotal:        1844596 kB
MemFree:          246208 kB
MemAvailable:    1387492 kB
Buffers:           86328 kB
Cached:          1089956 kB
MemTotal:        1844596 kB
MemFree:          246340 kB
MemAvailable:    1387624 kB
Buffers:           86328 kB
Cached:          1089956 kB
MemTotal:        1844596 kB
MemFree:          241364 kB
MemAvailable:    1382648 kB
Buffers:           86328 kB
Cached:          1089956 kB
MemTotal:        1844596 kB
MemFree:          241492 kB
MemAvailable:    1382776 kB
Buffers:           86328 kB
Cached:          1089956 kB
MemTotal:        1844596 kB
MemFree:          235412 kB
MemAvailable:    1376696 kB
Buffers:           86328 kB
Cached:          1089956 kB
MemTotal:        1844596 kB
MemFree:          235456 kB
MemAvailable:    1376740 kB
Buffers:           86328 kB
Cached:          1089956 kB
MemTotal:        1844596 kB
MemFree:          230576 kB
MemAvailable:    1371860 kB
Buffers:           86328 kB
Cached:          1089956 kB
MemTotal:        1844596 kB
MemFree:          229972 kB
MemAvailable:    1371256 kB
Buffers:           86328 kB
Cached:          1089956 kB
MemTotal:        1844596 kB
MemFree:          227236 kB
MemAvailable:    1368520 kB
Buffers:           86328 kB
Cached:          1089956 kB
MemTotal:        1844596 kB
MemFree:          227492 kB
MemAvailable:    1368776 kB
Buffers:           86328 kB
Cached:          1089956 kB
MemTotal:        1844596 kB
MemFree:          224824 kB
MemAvailable:    1366108 kB
Buffers:           86328 kB
Cached:          1089956 kB
MemTotal:        1844596 kB
MemFree:          222428 kB
MemAvailable:    1363712 kB
Buffers:           86328 kB
Cached:          1089956 kB
MemTotal:        1844596 kB
MemFree:          219680 kB
MemAvailable:    1360964 kB
Buffers:           86328 kB
Cached:          1089956 kB
MemTotal:        1844596 kB
MemFree:          220176 kB
MemAvailable:    1361460 kB
Buffers:           86328 kB
Cached:          1089956 kB
MemTotal:        1844596 kB
MemFree:          219996 kB
MemAvailable:    1361280 kB
Buffers:           86328 kB
Cached:          1089956 kB
MemTotal:        1844596 kB
MemFree:          220332 kB
MemAvailable:    1361616 kB
Buffers:           86328 kB
Cached:          1089956 kB
MemTotal:        1844596 kB
MemFree:          220496 kB
MemAvailable:    1361780 kB
Buffers:           86328 kB
Cached:          1089956 kB
MemTotal:        1844596 kB
MemFree:          219672 kB
MemAvailable:    1360956 kB
Buffers:           86328 kB
Cached:          1089956 kB
MemTotal:        1844596 kB
MemFree:          220140 kB
MemAvailable:    1361424 kB
Buffers:           86328 kB
Cached:          1089956 kB
MemTotal:        1844596 kB
MemFree:          220392 kB
MemAvailable:    1361676 kB
Buffers:           86328 kB
Cached:          1089956 kB
MemTotal:        1844596 kB
MemFree:          218764 kB
MemAvailable:    1360048 kB
Buffers:           86328 kB
Cached:          1089956 kB
MemTotal:        1844596 kB
MemFree:          219648 kB
MemAvailable:    1360932 kB
Buffers:           86328 kB
Cached:          1089956 kB
MemTotal:        1844596 kB
MemFree:          219732 kB
MemAvailable:    1361016 kB
Buffers:           86328 kB
Cached:          1089956 kB
MemTotal:        1844596 kB
MemFree:          219044 kB
MemAvailable:    1360328 kB
Buffers:           86328 kB
Cached:          1089956 kB
MemTotal:        1844596 kB
MemFree:          218672 kB
MemAvailable:    1359956 kB
Buffers:           86328 kB
Cached:          1089956 kB
MemTotal:        1844596 kB
MemFree:          219184 kB
MemAvailable:    1360488 kB
Buffers:           86336 kB
Cached:          1089960 kB
MemTotal:        1844596 kB
MemFree:          218068 kB
MemAvailable:    1359372 kB
Buffers:           86336 kB
Cached:          1089960 kB
MemTotal:        1844596 kB
MemFree:          217448 kB
MemAvailable:    1358752 kB
Buffers:           86336 kB
Cached:          1089960 kB
MemTotal:        1844596 kB
MemFree:          217440 kB
MemAvailable:    1358744 kB
Buffers:           86336 kB
Cached:          1089960 kB
MemTotal:        1844596 kB
MemFree:          218616 kB
MemAvailable:    1359920 kB
Buffers:           86336 kB
Cached:          1089960 kB
MemTotal:        1844596 kB
MemFree:          217076 kB
MemAvailable:    1358380 kB
Buffers:           86336 kB
Cached:          1089960 kB
MemTotal:        1844596 kB
MemFree:          217996 kB
MemAvailable:    1359300 kB
Buffers:           86336 kB
Cached:          1089960 kB
MemTotal:        1844596 kB
MemFree:          215772 kB
MemAvailable:    1357076 kB
Buffers:           86336 kB
Cached:          1089960 kB
MemTotal:        1844596 kB
MemFree:          215820 kB
MemAvailable:    1357124 kB
Buffers:           86336 kB
Cached:          1089960 kB
MemTotal:        1844596 kB
MemFree:          217308 kB
MemAvailable:    1358612 kB
Buffers:           86336 kB
Cached:          1089960 kB
MemTotal:        1844596 kB
MemFree:          215788 kB
MemAvailable:    1357092 kB
Buffers:           86336 kB
Cached:          1089960 kB
MemTotal:        1844596 kB
MemFree:          216192 kB
MemAvailable:    1357496 kB
Buffers:           86336 kB
Cached:          1089960 kB
MemTotal:        1844596 kB
MemFree:          216192 kB
MemAvailable:    1357496 kB
Buffers:           86336 kB
Cached:          1089960 kB
MemTotal:        1844596 kB
MemFree:          215872 kB
MemAvailable:    1357176 kB
Buffers:           86336 kB
Cached:          1089960 kB
MemTotal:        1844596 kB
MemFree:          215596 kB
MemAvailable:    1356900 kB
Buffers:           86336 kB
Cached:          1089960 kB
MemTotal:        1844596 kB
MemFree:          216044 kB
MemAvailable:    1357348 kB
Buffers:           86336 kB
Cached:          1089960 kB
MemTotal:        1844596 kB
MemFree:          215348 kB
MemAvailable:    1356528 kB
Buffers:           86336 kB
Cached:          1089960 kB
MemTotal:        1844596 kB
MemFree:          215960 kB
MemAvailable:    1357264 kB
Buffers:           86336 kB
Cached:          1089960 kB
MemTotal:        1844596 kB
MemFree:          214448 kB
MemAvailable:    1355752 kB
Buffers:           86336 kB
Cached:          1089960 kB
MemTotal:        1844596 kB
MemFree:          214796 kB
MemAvailable:    1356100 kB
Buffers:           86336 kB
Cached:          1089960 kB
MemTotal:        1844596 kB
MemFree:          215828 kB
MemAvailable:    1357132 kB
Buffers:           86336 kB
Cached:          1089960 kB
MemTotal:        1844596 kB
MemFree:          215828 kB
MemAvailable:    1357132 kB
Buffers:           86336 kB
Cached:          1089960 kB
MemTotal:        1844596 kB
MemFree:          215972 kB
MemAvailable:    1357276 kB
Buffers:           86336 kB
Cached:          1089960 kB
MemTotal:        1844596 kB
MemFree:          215216 kB
MemAvailable:    1356520 kB
Buffers:           86336 kB
Cached:          1089960 kB
MemTotal:        1844596 kB
MemFree:          214664 kB
MemAvailable:    1355968 kB
Buffers:           86336 kB
Cached:          1089960 kB
MemTotal:        1844596 kB
MemFree:          215808 kB
MemAvailable:    1357112 kB
Buffers:           86336 kB
Cached:          1089960 kB
MemTotal:        1844596 kB
MemFree:          215452 kB
MemAvailable:    1356756 kB
Buffers:           86336 kB
Cached:          1089960 kB
MemTotal:        1844596 kB
MemFree:          215632 kB
MemAvailable:    1356936 kB
Buffers:           86336 kB
Cached:          1089960 kB
MemTotal:        1844596 kB
MemFree:          215968 kB
MemAvailable:    1357272 kB
Buffers:           86336 kB
Cached:          1089960 kB
MemTotal:        1844596 kB
MemFree:          215780 kB
MemAvailable:    1357084 kB
Buffers:           86336 kB
Cached:          1089960 kB
MemTotal:        1844596 kB
MemFree:          215864 kB
MemAvailable:    1357168 kB
Buffers:           86336 kB
Cached:          1089960 kB
MemTotal:        1844596 kB
MemFree:          215672 kB
MemAvailable:    1356976 kB
Buffers:           86336 kB
Cached:          1089960 kB
MemTotal:        1844596 kB
MemFree:          215840 kB
MemAvailable:    1357144 kB
Buffers:           86336 kB
Cached:          1089960 kB
MemTotal:        1844596 kB
MemFree:          215988 kB
MemAvailable:    1357292 kB
Buffers:           86336 kB
Cached:          1089960 kB
MemTotal:        1844596 kB
MemFree:          215896 kB
MemAvailable:    1357200 kB
Buffers:           86336 kB
Cached:          1089960 kB
MemTotal:        1844596 kB
MemFree:          215724 kB
MemAvailable:    1357028 kB
Buffers:           86336 kB
Cached:          1089960 kB
MemTotal:        1844596 kB
MemFree:          215596 kB
MemAvailable:    1356900 kB
Buffers:           86336 kB
Cached:          1089960 kB
MemTotal:        1844596 kB
MemFree:          215820 kB
MemAvailable:    1357124 kB
Buffers:           86336 kB
Cached:          1089960 kB
MemTotal:        1844596 kB
MemFree:          215960 kB
MemAvailable:    1357264 kB
Buffers:           86336 kB
Cached:          1089960 kB
MemTotal:        1844596 kB
MemFree:          215960 kB
MemAvailable:    1357264 kB
Buffers:           86336 kB
Cached:          1089960 kB
MemTotal:        1844596 kB
MemFree:          215960 kB
MemAvailable:    1357264 kB
Buffers:           86336 kB
Cached:          1089960 kB
MemTotal:        1844596 kB
MemFree:          215788 kB
MemAvailable:    1357092 kB
Buffers:           86336 kB
Cached:          1089960 kB
MemTotal:        1844596 kB
MemFree:          215820 kB
MemAvailable:    1357124 kB
Buffers:           86336 kB
Cached:          1089960 kB
MemTotal:        1844596 kB
MemFree:          216156 kB
MemAvailable:    1357460 kB
Buffers:           86336 kB
Cached:          1089960 kB
MemTotal:        1844596 kB
MemFree:          214588 kB
MemAvailable:    1355892 kB
Buffers:           86336 kB
Cached:          1089960 kB
MemTotal:        1844596 kB
MemFree:          215688 kB
MemAvailable:    1356992 kB
Buffers:           86336 kB
Cached:          1089960 kB
MemTotal:        1844596 kB
MemFree:          216024 kB
MemAvailable:    1357328 kB
Buffers:           86336 kB
Cached:          1089960 kB
MemTotal:        1844596 kB
MemFree:          215772 kB
MemAvailable:    1357076 kB
Buffers:           86336 kB
Cached:          1089960 kB
MemTotal:        1844596 kB
MemFree:          215772 kB
MemAvailable:    1357076 kB
Buffers:           86336 kB
Cached:          1089960 kB
MemTotal:        1844596 kB
MemFree:          215832 kB
MemAvailable:    1357136 kB
Buffers:           86336 kB
Cached:          1089960 kB
MemTotal:        1844596 kB
MemFree:          215960 kB
MemAvailable:    1357264 kB
Buffers:           86336 kB
Cached:          1089960 kB
MemTotal:        1844596 kB
MemFree:          215828 kB
MemAvailable:    1357132 kB
Buffers:           86336 kB
Cached:          1089960 kB
MemTotal:        1844596 kB
MemFree:          213788 kB
MemAvailable:    1355092 kB
Buffers:           86336 kB
Cached:          1089960 kB
MemTotal:        1844596 kB
MemFree:          212976 kB
MemAvailable:    1354280 kB
Buffers:           86336 kB
Cached:          1089960 kB
MemTotal:        1844596 kB
MemFree:          212852 kB
MemAvailable:    1354156 kB
Buffers:           86336 kB
Cached:          1089960 kB
MemTotal:        1844596 kB
MemFree:          209372 kB
MemAvailable:    1350676 kB
Buffers:           86336 kB
Cached:          1089960 kB
MemTotal:        1844596 kB
MemFree:          209456 kB
MemAvailable:    1350760 kB
Buffers:           86336 kB
Cached:          1089960 kB
MemTotal:        1844596 kB
MemFree:          209112 kB
MemAvailable:    1350416 kB
Buffers:           86336 kB
Cached:          1089960 kB
MemTotal:        1844596 kB
MemFree:          209448 kB
MemAvailable:    1350752 kB
Buffers:           86336 kB
Cached:          1089960 kB
MemTotal:        1844596 kB
MemFree:          209120 kB
MemAvailable:    1350424 kB
Buffers:           86336 kB
Cached:          1089960 kB
MemTotal:        1844596 kB
MemFree:          209264 kB
MemAvailable:    1350568 kB
Buffers:           86336 kB
Cached:          1089960 kB
MemTotal:        1844596 kB
MemFree:          208404 kB
MemAvailable:    1349708 kB
Buffers:           86336 kB
Cached:          1089960 kB
MemTotal:        1844596 kB
MemFree:          209152 kB
MemAvailable:    1350456 kB
Buffers:           86336 kB
Cached:          1089960 kB
MemTotal:        1844596 kB
MemFree:          209092 kB
MemAvailable:    1350396 kB
Buffers:           86336 kB
Cached:          1089960 kB
MemTotal:        1844596 kB
MemFree:          209276 kB
MemAvailable:    1350580 kB
Buffers:           86336 kB
Cached:          1089960 kB
MemTotal:        1844596 kB
MemFree:          208264 kB
MemAvailable:    1349568 kB
Buffers:           86336 kB
Cached:          1089960 kB
MemTotal:        1844596 kB
MemFree:          209064 kB
MemAvailable:    1350368 kB
Buffers:           86336 kB
Cached:          1089960 kB
MemTotal:        1844596 kB
MemFree:          209400 kB
MemAvailable:    1350704 kB
Buffers:           86336 kB
Cached:          1089960 kB
MemTotal:        1844596 kB
MemFree:          209072 kB
MemAvailable:    1350376 kB
Buffers:           86336 kB
Cached:          1089960 kB
MemTotal:        1844596 kB
MemFree:          208932 kB
MemAvailable:    1350404 kB
Buffers:           86336 kB
Cached:          1090208 kB
MemTotal:        1844596 kB
MemFree:          209268 kB
MemAvailable:    1350740 kB
Buffers:           86336 kB
Cached:          1090208 kB
MemTotal:        1844596 kB
MemFree:          207700 kB
MemAvailable:    1349340 kB
Buffers:           86336 kB
Cached:          1090332 kB
MemTotal:        1844596 kB
MemFree:          208932 kB
MemAvailable:    1350656 kB
Buffers:           86336 kB
Cached:          1090332 kB
MemTotal:        1844596 kB
MemFree:          207404 kB
MemAvailable:    1349212 kB
Buffers:           86336 kB
Cached:          1090580 kB
MemTotal:        1844596 kB
MemFree:          207280 kB
MemAvailable:    1349172 kB
Buffers:           86336 kB
Cached:          1090580 kB
MemTotal:        1844596 kB
MemFree:          208368 kB
MemAvailable:    1350260 kB
Buffers:           86336 kB
Cached:          1090580 kB
MemTotal:        1844596 kB
MemFree:          208620 kB
MemAvailable:    1350512 kB
Buffers:           86336 kB
Cached:          1090580 kB
MemTotal:        1844596 kB
MemFree:          208388 kB
MemAvailable:    1350280 kB
Buffers:           86336 kB
Cached:          1090580 kB
MemTotal:        1844596 kB
MemFree:          208516 kB
MemAvailable:    1350408 kB
Buffers:           86336 kB
Cached:          1090580 kB
MemTotal:        1844596 kB
MemFree:          208260 kB
MemAvailable:    1350152 kB
Buffers:           86336 kB
Cached:          1090580 kB
MemTotal:        1844596 kB
MemFree:          207488 kB
MemAvailable:    1349380 kB
Buffers:           86336 kB
Cached:          1090580 kB
MemTotal:        1844596 kB
MemFree:          208256 kB
MemAvailable:    1350188 kB
Buffers:           86336 kB
Cached:          1090588 kB
MemTotal:        1844596 kB
MemFree:          208592 kB
MemAvailable:    1350524 kB
Buffers:           86336 kB
Cached:          1090588 kB
MemTotal:        1844596 kB
MemFree:          208380 kB
MemAvailable:    1350396 kB
Buffers:           86336 kB
Cached:          1090712 kB
MemTotal:        1844596 kB
MemFree:          208516 kB
MemAvailable:    1350532 kB
Buffers:           86336 kB
Cached:          1090712 kB
MemTotal:        1844596 kB
MemFree:          207952 kB
MemAvailable:    1349272 kB
Buffers:           86336 kB
Cached:          1090016 kB
MemTotal:        1844596 kB
MemFree:          208208 kB
MemAvailable:    1349528 kB
Buffers:           86336 kB
Cached:          1090016 kB
MemTotal:        1844596 kB
MemFree:          312368 kB
MemAvailable:    1453772 kB
Buffers:           86336 kB
Cached:          1090016 kB
MemTotal:        1844596 kB
MemFree:          404056 kB
MemAvailable:    1545376 kB
Buffers:           86336 kB
Cached:          1090016 kB
