MemTotal:        1844596 kB
MemFree:          709076 kB
MemAvailable:    1547100 kB
Buffers:           89244 kB
Cached:           772900 kB
MemTotal:        1844596 kB
MemFree:          684104 kB
MemAvailable:    1522136 kB
Buffers:           89244 kB
Cached:           772904 kB
MemTotal:        1844596 kB
MemFree:          680052 kB
MemAvailable:    1518084 kB
Buffers:           89244 kB
Cached:           772904 kB
MemTotal:        1844596 kB
MemFree:          680416 kB
MemAvailable:    1518448 kB
Buffers:           89244 kB
Cached:           772904 kB
MemTotal:        1844596 kB
MemFree:          680752 kB
MemAvailable:    1518784 kB
Buffers:           89244 kB
Cached:           772904 kB
MemTotal:        1844596 kB
MemFree:          676580 kB
MemAvailable:    1514612 kB
Buffers:           89244 kB
Cached:           772904 kB
MemTotal:        1844596 kB
MemFree:          676456 kB
MemAvailable:    1514488 kB
Buffers:           89244 kB
Cached:           772904 kB
MemTotal:        1844596 kB
MemFree:          675060 kB
MemAvailable:    1513092 kB
Buffers:           89244 kB
Cached:           772904 kB
MemTotal:        1844596 kB
MemFree:          672984 kB
MemAvailable:    1511016 kB
Buffers:           89244 kB
Cached:           772904 kB
MemTotal:        1844596 kB
MemFree:          670256 kB
MemAvailable:    1508288 kB
Buffers:           89244 kB
Cached:           772904 kB
MemTotal:        1844596 kB
MemFree:          670024 kB
MemAvailable:    1508056 kB
Buffers:           89244 kB
Cached:           772904 kB
MemTotal:        1844596 kB
MemFree:          665800 kB
MemAvailable:    1503832 kB
Buffers:           89244 kB
Cached:           772904 kB
MemTotal:        1844596 kB
MemFree:          669208 kB
MemAvailable:    1507240 kB
Buffers:           89244 kB
Cached:           772904 kB
MemTotal:        1844596 kB
MemFree:          669336 kB
MemAvailable:    1507368 kB
Buffers:           89244 kB
Cached:           772904 kB
MemTotal:        1844596 kB
MemFree:          667900 kB
MemAvailable:    1505932 kB
Buffers:           89244 kB
Cached:           772904 kB
MemTotal:        1844596 kB
MemFree:          668952 kB
MemAvailable:    1506984 kB
Buffers:           89244 kB
Cached:           772904 kB
MemTotal:        1844596 kB
MemFree:          667464 kB
MemAvailable:    1505496 kB
Buffers:           89244 kB
Cached:           772904 kB
MemTotal:        1844596 kB
MemFree:          667908 kB
MemAvailable:    1505940 kB
Buffers:           89244 kB
Cached:           772904 kB
MemTotal:        1844596 kB
MemFree:          668568 kB
MemAvailable:    1506600 kB
Buffers:           89244 kB
Cached:           772904 kB
MemTotal:        1844596 kB
MemFree:          668528 kB
MemAvailable:    1506560 kB
Buffers:           89244 kB
Cached:           772904 kB
MemTotal:        1844596 kB
MemFree:          667792 kB
MemAvailable:    1505824 kB
Buffers:           89244 kB
Cached:           772904 kB
MemTotal:        1844596 kB
MemFree:          668356 kB
MemAvailable:    1506388 kB
Buffers:           89244 kB
Cached:           772904 kB
MemTotal:        1844596 kB
MemFree:          668692 kB
MemAvailable:    1506724 kB
Buffers:           89244 kB
Cached:           772904 kB
MemTotal:        1844596 kB
MemFree:          667116 kB
MemAvailable:    1505148 kB
Buffers:           89244 kB
Cached:           772904 kB
MemTotal:        1844596 kB
MemFree:          668032 kB
MemAvailable:    1506064 kB
Buffers:           89244 kB
Cached:           772904 kB
MemTotal:        1844596 kB
MemFree:          666792 kB
MemAvailable:    1504824 kB
Buffers:           89244 kB
Cached:           772904 kB
MemTotal:        1844596 kB
MemFree:          668076 kB
MemAvailable:    1506108 kB
Buffers:           89244 kB
Cached:           772904 kB
MemTotal:        1844596 kB
MemFree:          666792 kB
MemAvailable:    1504824 kB
Buffers:           89244 kB
Cached:           772904 kB
MemTotal:        1844596 kB
MemFree:          667396 kB
MemAvailable:    1505428 kB
Buffers:           89244 kB
Cached:           772904 kB
MemTotal:        1844596 kB
MemFree:          667480 kB
MemAvailable:    1505512 kB
Buffers:           89244 kB
Cached:           772904 kB
MemTotal:        1844596 kB
MemFree:          665992 kB
MemAvailable:    1504024 kB
Buffers:           89244 kB
Cached:           772904 kB
MemTotal:        1844596 kB
MemFree:          665420 kB
MemAvailable:    1503452 kB
Buffers:           89244 kB
Cached:           772904 kB
MemTotal:        1844596 kB
MemFree:          665676 kB
MemAvailable:    1503708 kB
Buffers:           89244 kB
Cached:           772904 kB
MemTotal:        1844596 kB
MemFree:          665180 kB
MemAvailable:    1503212 kB
Buffers:           89244 kB
Cached:           772904 kB
MemTotal:        1844596 kB
MemFree:          665048 kB
MemAvailable:    1503080 kB
Buffers:           89244 kB
Cached:           772904 kB
MemTotal:        1844596 kB
MemFree:          665296 kB
MemAvailable:    1503328 kB
Buffers:           89244 kB
Cached:           772904 kB
MemTotal:        1844596 kB
MemFree:          666028 kB
MemAvailable:    1504060 kB
Buffers:           89244 kB
Cached:           772904 kB
MemTotal:        1844596 kB
MemFree:          665972 kB
MemAvailable:    1504004 kB
Buffers:           89244 kB
Cached:           772904 kB
MemTotal:        1844596 kB
MemFree:          666224 kB
MemAvailable:    1504256 kB
Buffers:           89244 kB
Cached:           772904 kB
MemTotal:        1844596 kB
MemFree:          664920 kB
MemAvailable:    1502952 kB
Buffers:           89244 kB
Cached:           772904 kB
MemTotal:        1844596 kB
MemFree:          664920 kB
MemAvailable:    1502952 kB
Buffers:           89244 kB
Cached:           772904 kB
MemTotal:        1844596 kB
MemFree:          664560 kB
MemAvailable:    1502592 kB
Buffers:           89244 kB
Cached:           772904 kB
MemTotal:        1844596 kB
MemFree:          661460 kB
MemAvailable:    1499492 kB
Buffers:           89244 kB
Cached:           772904 kB
MemTotal:        1844596 kB
MemFree:          660900 kB
MemAvailable:    1498932 kB
Buffers:           89244 kB
Cached:           772904 kB
MemTotal:        1844596 kB
MemFree:          659848 kB
MemAvailable:    1497880 kB
Buffers:           89244 kB
Cached:           772904 kB
MemTotal:        1844596 kB
MemFree:          660936 kB
MemAvailable:    1498968 kB
Buffers:           89244 kB
Cached:           772904 kB
MemTotal:        1844596 kB
MemFree:          659724 kB
MemAvailable:    1497756 kB
Buffers:           89244 kB
Cached:           772904 kB
MemTotal:        1844596 kB
MemFree:          660536 kB
MemAvailable:    1498568 kB
Buffers:           89244 kB
Cached:           772904 kB
MemTotal:        1844596 kB
MemFree:          660468 kB
MemAvailable:    1498500 kB
Buffers:           89244 kB
Cached:           772904 kB
MemTotal:        1844596 kB
MemFree:          660380 kB
MemAvailable:    1498412 kB
Buffers:           89244 kB
Cached:           772904 kB
MemTotal:        1844596 kB
MemFree:          659212 kB
MemAvailable:    1497244 kB
Buffers:           89244 kB
Cached:           772904 kB
MemTotal:        1844596 kB
MemFree:          659584 kB
MemAvailable:    1497616 kB
Buffers:           89244 kB
Cached:           772904 kB
MemTotal:        1844596 kB
MemFree:          659460 kB
MemAvailable:    1497492 kB
Buffers:           89244 kB
Cached:           772904 kB
MemTotal:        1844596 kB
MemFree:          660444 kB
MemAvailable:    1498476 kB
Buffers:           89244 kB
Cached:           772904 kB
MemTotal:        1844596 kB
MemFree:          659352 kB
MemAvailable:    1497384 kB
Buffers:           89244 kB
Cached:           772904 kB
MemTotal:        1844596 kB
MemFree:          660256 kB
MemAvailable:    1498288 kB
Buffers:           89244 kB
Cached:           772904 kB
MemTotal:        1844596 kB
MemFree:          660476 kB
MemAvailable:    1498508 kB
Buffers:           89244 kB
Cached:           772904 kB
MemTotal:        1844596 kB
MemFree:          660296 kB
MemAvailable:    1498328 kB
Buffers:           89244 kB
Cached:           772904 kB
MemTotal:        1844596 kB
MemFree:          659052 kB
MemAvailable:    1497084 kB
Buffers:           89244 kB
Cached:           772904 kB
MemTotal:        1844596 kB
MemFree:          658300 kB
MemAvailable:    1496332 kB
Buffers:           89244 kB
Cached:           772904 kB
MemTotal:        1844596 kB
MemFree:          655828 kB
MemAvailable:    1493860 kB
Buffers:           89244 kB
Cached:           772904 kB
MemTotal:        1844596 kB
MemFree:          654392 kB
MemAvailable:    1492424 kB
Buffers:           89244 kB
Cached:           772904 kB
MemTotal:        1844596 kB
MemFree:          652904 kB
MemAvailable:    1490936 kB
Buffers:           89244 kB
Cached:           772904 kB
MemTotal:        1844596 kB
MemFree:          653576 kB
MemAvailable:    1491608 kB
Buffers:           89244 kB
Cached:           772904 kB
MemTotal:        1844596 kB
MemFree:          651292 kB
MemAvailable:    1489324 kB
Buffers:           89244 kB
Cached:           772904 kB
MemTotal:        1844596 kB
MemFree:          650788 kB
MemAvailable:    1488820 kB
Buffers:           89244 kB
Cached:           772904 kB
MemTotal:        1844596 kB
MemFree:          650540 kB
MemAvailable:    1488572 kB
Buffers:           89244 kB
Cached:           772904 kB
MemTotal:        1844596 kB
MemFree:          650664 kB
MemAvailable:    1488696 kB
Buffers:           89244 kB
Cached:           772904 kB
MemTotal:        1844596 kB
MemFree:          650648 kB
MemAvailable:    1488680 kB
Buffers:           89244 kB
Cached:           772904 kB
MemTotal:        1844596 kB
MemFree:          650500 kB
MemAvailable:    1488532 kB
Buffers:           89244 kB
Cached:           772904 kB
MemTotal:        1844596 kB
MemFree:          651652 kB
MemAvailable:    1489684 kB
Buffers:           89244 kB
Cached:           772904 kB
MemTotal:        1844596 kB
MemFree:          650424 kB
MemAvailable:    1488456 kB
Buffers:           89244 kB
Cached:           772904 kB
MemTotal:        1844596 kB
MemFree:          651396 kB
MemAvailable:    1489428 kB
Buffers:           89244 kB
Cached:           772904 kB
MemTotal:        1844596 kB
MemFree:          651652 kB
MemAvailable:    1489684 kB
Buffers:           89244 kB
Cached:           772904 kB
MemTotal:        1844596 kB
MemFree:          651408 kB
MemAvailable:    1489440 kB
Buffers:           89244 kB
Cached:           772904 kB
MemTotal:        1844596 kB
MemFree:          650240 kB
MemAvailable:    1488272 kB
Buffers:           89244 kB
Cached:           772904 kB
MemTotal:        1844596 kB
MemFree:          651508 kB
MemAvailable:    1489540 kB
Buffers:           89244 kB
Cached:           772904 kB
MemTotal:        1844596 kB
MemFree:          651112 kB
MemAvailable:    1489144 kB
Buffers:           89244 kB
Cached:           772904 kB
MemTotal:        1844596 kB
MemFree:          650292 kB
MemAvailable:    1488332 kB
Buffers:           89244 kB
Cached:           772912 kB
MemTotal:        1844596 kB
MemFree:          651416 kB
MemAvailable:    1489456 kB
Buffers:           89244 kB
Cached:           772912 kB
MemTotal:        1844596 kB
MemFree:          650044 kB
MemAvailable:    1488084 kB
Buffers:           89244 kB
Cached:           772912 kB
MemTotal:        1844596 kB
MemFree:          650300 kB
MemAvailable:    1488340 kB
Buffers:           89244 kB
Cached:           772912 kB
MemTotal:        1844596 kB
MemFree:          651016 kB
MemAvailable:    1489056 kB
Buffers:           89244 kB
Cached:           772912 kB
MemTotal:        1844596 kB
MemFree:          651352 kB
MemAvailable:    1489392 kB
Buffers:           89244 kB
Cached:           772912 kB
MemTotal:        1844596 kB
MemFree:          649868 kB
MemAvailable:    1487908 kB
Buffers:           89244 kB
Cached:           772912 kB
MemTotal:        1844596 kB
MemFree:          651108 kB
MemAvailable:    1489148 kB
Buffers:           89244 kB
Cached:           772912 kB
MemTotal:        1844596 kB
MemFree:          649184 kB
MemAvailable:    1487224 kB
Buffers:           89244 kB
Cached:           772912 kB
MemTotal:        1844596 kB
MemFree:          647696 kB
MemAvailable:    1485736 kB
Buffers:           89244 kB
Cached:           772912 kB
MemTotal:        1844596 kB
MemFree:          644100 kB
MemAvailable:    1482140 kB
Buffers:           89244 kB
Cached:           772912 kB
MemTotal:        1844596 kB
MemFree:          642116 kB
MemAvailable:    1480156 kB
Buffers:           89244 kB
Cached:           772912 kB
MemTotal:        1844596 kB
MemFree:          643044 kB
MemAvailable:    1481084 kB
Buffers:           89244 kB
Cached:           772912 kB
MemTotal:        1844596 kB
MemFree:          641860 kB
MemAvailable:    1479900 kB
Buffers:           89244 kB
Cached:           772912 kB
MemTotal:        1844596 kB
MemFree:          641868 kB
MemAvailable:    1479908 kB
Buffers:           89244 kB
Cached:           772912 kB
MemTotal:        1844596 kB
MemFree:          642920 kB
MemAvailable:    1480960 kB
Buffers:           89244 kB
Cached:           772912 kB
MemTotal:        1844596 kB
MemFree:          641504 kB
MemAvailable:    1479544 kB
Buffers:           89244 kB
Cached:           772912 kB
MemTotal:        1844596 kB
MemFree:          642480 kB
MemAvailable:    1480520 kB
Buffers:           89244 kB
Cached:           772912 kB
MemTotal:        1844596 kB
MemFree:          642816 kB
MemAvailable:    1480856 kB
Buffers:           89244 kB
Cached:           772912 kB
MemTotal:        1844596 kB
MemFree:          642564 kB
MemAvailable:    1480604 kB
Buffers:           89244 kB
Cached:           772912 kB
MemTotal:        1844596 kB
MemFree:          641440 kB
MemAvailable:    1479480 kB
Buffers:           89244 kB
Cached:           772912 kB
MemTotal:        1844596 kB
MemFree:          642600 kB
MemAvailable:    1480640 kB
Buffers:           89244 kB
Cached:           772912 kB
MemTotal:        1844596 kB
MemFree:          641476 kB
MemAvailable:    1479516 kB
Buffers:           89244 kB
Cached:           772912 kB
MemTotal:        1844596 kB
MemFree:          641312 kB
MemAvailable:    1479352 kB
Buffers:           89244 kB
Cached:           772912 kB
MemTotal:        1844596 kB
MemFree:          642544 kB
MemAvailable:    1480584 kB
Buffers:           89244 kB
Cached:           772912 kB
MemTotal:        1844596 kB
MemFree:          642408 kB
MemAvailable:    1480448 kB
Buffers:           89244 kB
Cached:           772912 kB
MemTotal:        1844596 kB
MemFree:          642240 kB
MemAvailable:    1480280 kB
Buffers:           89244 kB
Cached:           772912 kB
MemTotal:        1844596 kB
MemFree:          641184 kB
MemAvailable:    1479224 kB
Buffers:           89244 kB
Cached:           772912 kB
MemTotal:        1844596 kB
MemFree:          641316 kB
MemAvailable:    1479356 kB
Buffers:           89244 kB
Cached:           772912 kB
MemTotal:        1844596 kB
MemFree:          642668 kB
MemAvailable:    1480708 kB
Buffers:           89244 kB
Cached:           772912 kB
MemTotal:        1844596 kB
MemFree:          642668 kB
MemAvailable:    1480708 kB
Buffers:           89244 kB
Cached:           772912 kB
MemTotal:        1844596 kB
MemFree:          641364 kB
MemAvailable:    1479404 kB
Buffers:           89244 kB
Cached:           772912 kB
MemTotal:        1844596 kB
MemFree:          642488 kB
MemAvailable:    1480528 kB
Buffers:           89244 kB
Cached:           772912 kB
MemTotal:        1844596 kB
MemFree:          641744 kB
MemAvailable:    1479784 kB
Buffers:           89244 kB
Cached:           772912 kB
MemTotal:        1844596 kB
MemFree:          642344 kB
MemAvailable:    1480384 kB
Buffers:           89244 kB
Cached:           772912 kB
MemTotal:        1844596 kB
MemFree:          642680 kB
MemAvailable:    1480720 kB
Buffers:           89244 kB
Cached:           772912 kB
MemTotal:        1844596 kB
MemFree:          641356 kB
MemAvailable:    1479396 kB
Buffers:           89244 kB
Cached:           772912 kB
MemTotal:        1844596 kB
MemFree:          642376 kB
MemAvailable:    1480416 kB
Buffers:           89244 kB
Cached:           772912 kB
MemTotal:        1844596 kB
MemFree:          642480 kB
MemAvailable:    1480520 kB
Buffers:           89244 kB
Cached:           772912 kB
MemTotal:        1844596 kB
MemFree:          642248 kB
MemAvailable:    1480288 kB
Buffers:           89244 kB
Cached:           772912 kB
MemTotal:        1844596 kB
MemFree:          642440 kB
MemAvailable:    1480480 kB
Buffers:           89244 kB
Cached:           772912 kB
MemTotal:        1844596 kB
MemFree:          641320 kB
MemAvailable:    1479360 kB
Buffers:           89244 kB
Cached:           772912 kB
MemTotal:        1844596 kB
MemFree:          641188 kB
MemAvailable:    1479228 kB
Buffers:           89244 kB
Cached:           772912 kB
MemTotal:        1844596 kB
MemFree:          642676 kB
MemAvailable:    1480716 kB
Buffers:           89244 kB
Cached:           772912 kB
MemTotal:        1844596 kB
MemFree:          641372 kB
MemAvailable:    1479412 kB
Buffers:           89244 kB
Cached:           772912 kB
MemTotal:        1844596 kB
MemFree:          641372 kB
MemAvailable:    1479412 kB
Buffers:           89244 kB
Cached:           772912 kB
MemTotal:        1844596 kB
MemFree:          641372 kB
MemAvailable:    1479412 kB
Buffers:           89244 kB
Cached:           772912 kB
MemTotal:        1844596 kB
MemFree:          641372 kB
MemAvailable:    1479412 kB
Buffers:           89244 kB
Cached:           772912 kB
MemTotal:        1844596 kB
MemFree:          637528 kB
MemAvailable:    1475568 kB
Buffers:           89244 kB
Cached:           772912 kB
MemTotal:        1844596 kB
MemFree:          633932 kB
MemAvailable:    1471972 kB
Buffers:           89244 kB
Cached:           772912 kB
MemTotal:        1844596 kB
MemFree:          633560 kB
MemAvailable:    1471600 kB
Buffers:           89244 kB
Cached:           772912 kB
MemTotal:        1844596 kB
MemFree:          630708 kB
MemAvailable:    1468748 kB
Buffers:           89244 kB
Cached:           772912 kB
MemTotal:        1844596 kB
MemFree:          631712 kB
MemAvailable:    1469752 kB
Buffers:           89244 kB
Cached:           772912 kB
MemTotal:        1844596 kB
MemFree:          630716 kB
MemAvailable:    1468756 kB
Buffers:           89244 kB
Cached:           772912 kB
MemTotal:        1844596 kB
MemFree:          631700 kB
MemAvailable:    1469740 kB
Buffers:           89244 kB
Cached:           772912 kB
MemTotal:        1844596 kB
MemFree:          631760 kB
MemAvailable:    1469800 kB
Buffers:           89244 kB
Cached:           772912 kB
MemTotal:        1844596 kB
MemFree:          630584 kB
MemAvailable:    1468624 kB
Buffers:           89244 kB
Cached:           772912 kB
MemTotal:        1844596 kB
MemFree:          631816 kB
MemAvailable:    1469856 kB
Buffers:           89244 kB
Cached:           772912 kB
MemTotal:        1844596 kB
MemFree:          631692 kB
MemAvailable:    1469732 kB
Buffers:           89244 kB
Cached:           772912 kB
MemTotal:        1844596 kB
MemFree:          630324 kB
MemAvailable:    1468364 kB
Buffers:           89244 kB
Cached:           772912 kB
MemTotal:        1844596 kB
MemFree:          630460 kB
MemAvailable:    1468500 kB
Buffers:           89244 kB
Cached:           772912 kB
MemTotal:        1844596 kB
MemFree:          631700 kB
MemAvailable:    1469740 kB
Buffers:           89244 kB
Cached:           772912 kB
MemTotal:        1844596 kB
MemFree:          630412 kB
MemAvailable:    1468452 kB
Buffers:           89244 kB
Cached:           772912 kB
MemTotal:        1844596 kB
MemFree:          631692 kB
MemAvailable:    1469732 kB
Buffers:           89244 kB
Cached:           772912 kB
MemTotal:        1844596 kB
MemFree:          631944 kB
MemAvailable:    1469984 kB
Buffers:           89244 kB
Cached:           772912 kB
MemTotal:        1844596 kB
MemFree:          630328 kB
MemAvailable:    1468368 kB
Buffers:           89244 kB
Cached:           772912 kB
MemTotal:        1844596 kB
MemFree:          631652 kB
MemAvailable:    1469692 kB
Buffers:           89244 kB
Cached:           772912 kB
MemTotal:        1844596 kB
MemFree:          631628 kB
MemAvailable:    1469668 kB
Buffers:           89244 kB
Cached:           772912 kB
MemTotal:        1844596 kB
MemFree:          630452 kB
MemAvailable:    1468492 kB
Buffers:           89244 kB
Cached:           772912 kB
MemTotal:        1844596 kB
MemFree:          630568 kB
MemAvailable:    1468608 kB
Buffers:           89244 kB
Cached:           772912 kB
MemTotal:        1844596 kB
MemFree:          630444 kB
MemAvailable:    1468484 kB
Buffers:           89244 kB
Cached:           772912 kB
MemTotal:        1844596 kB
MemFree:          630444 kB
MemAvailable:    1468484 kB
Buffers:           89244 kB
Cached:           772912 kB
MemTotal:        1844596 kB
MemFree:          630304 kB
MemAvailable:    1468344 kB
Buffers:           89244 kB
Cached:           772912 kB
MemTotal:        1844596 kB
MemFree:          631760 kB
MemAvailable:    1469812 kB
Buffers:           89244 kB
Cached:           772924 kB
MemTotal:        1844596 kB
MemFree:          630708 kB
MemAvailable:    1468760 kB
Buffers:           89244 kB
Cached:           772924 kB
MemTotal:        1844596 kB
MemFree:          630956 kB
MemAvailable:    1469008 kB
Buffers:           89244 kB
Cached:           772924 kB
MemTotal:        1844596 kB
MemFree:          631620 kB
MemAvailable:    1469672 kB
Buffers:           89244 kB
Cached:           772924 kB
MemTotal:        1844596 kB
MemFree:          630572 kB
MemAvailable:    1468624 kB
Buffers:           89244 kB
Cached:           772924 kB
MemTotal:        1844596 kB
MemFree:          630696 kB
MemAvailable:    1468748 kB
Buffers:           89244 kB
Cached:           772924 kB
MemTotal:        1844596 kB
MemFree:          630448 kB
MemAvailable:    1468500 kB
Buffers:           89244 kB
Cached:           772924 kB
MemTotal:        1844596 kB
MemFree:          631640 kB
MemAvailable:    1469692 kB
Buffers:           89244 kB
Cached:           772924 kB
MemTotal:        1844596 kB
MemFree:          631892 kB
MemAvailable:    1469944 kB
Buffers:           89244 kB
Cached:           772924 kB
MemTotal:        1844596 kB
MemFree:          630288 kB
MemAvailable:    1468340 kB
Buffers:           89244 kB
Cached:           772924 kB
MemTotal:        1844596 kB
MemFree:          632004 kB
MemAvailable:    1470056 kB
Buffers:           89244 kB
Cached:           772924 kB
MemTotal:        1844596 kB
MemFree:          631948 kB
MemAvailable:    1470000 kB
Buffers:           89244 kB
Cached:           772924 kB
MemTotal:        1844596 kB
MemFree:          631820 kB
MemAvailable:    1469872 kB
Buffers:           89244 kB
Cached:           772924 kB
MemTotal:        1844596 kB
MemFree:          631768 kB
MemAvailable:    1469820 kB
Buffers:           89244 kB
Cached:           772924 kB
MemTotal:        1844596 kB
MemFree:          631772 kB
MemAvailable:    1469824 kB
Buffers:           89244 kB
Cached:           772924 kB
MemTotal:        1844596 kB
MemFree:          631568 kB
MemAvailable:    1469620 kB
Buffers:           89244 kB
Cached:           772924 kB
MemTotal:        1844596 kB
MemFree:          631904 kB
MemAvailable:    1469956 kB
Buffers:           89244 kB
Cached:           772924 kB
MemTotal:        1844596 kB
MemFree:          631568 kB
MemAvailable:    1469620 kB
Buffers:           89244 kB
Cached:           772924 kB
MemTotal:        1844596 kB
MemFree:          630404 kB
MemAvailable:    1468456 kB
Buffers:           89244 kB
Cached:           772924 kB
MemTotal:        1844596 kB
MemFree:          630412 kB
MemAvailable:    1468464 kB
Buffers:           89244 kB
Cached:           772924 kB
MemTotal:        1844596 kB
MemFree:          631964 kB
MemAvailable:    1470016 kB
Buffers:           89244 kB
Cached:           772924 kB
MemTotal:        1844596 kB
MemFree:          631964 kB
MemAvailable:    1470016 kB
Buffers:           89244 kB
Cached:           772924 kB
MemTotal:        1844596 kB
MemFree:          631388 kB
MemAvailable:    1469440 kB
Buffers:           89244 kB
Cached:           772924 kB
MemTotal:        1844596 kB
MemFree:          631388 kB
MemAvailable:    1469440 kB
Buffers:           89244 kB
Cached:           772924 kB
MemTotal:        1844596 kB
MemFree:          630816 kB
MemAvailable:    1468868 kB
Buffers:           89244 kB
Cached:           772924 kB
MemTotal:        1844596 kB
MemFree:          630096 kB
MemAvailable:    1468148 kB
Buffers:           89244 kB
Cached:           772924 kB
MemTotal:        1844596 kB
MemFree:          629212 kB
MemAvailable:    1467264 kB
Buffers:           89244 kB
Cached:           772924 kB
MemTotal:        1844596 kB
MemFree:          630680 kB
MemAvailable:    1468732 kB
Buffers:           89244 kB
Cached:           772924 kB
MemTotal:        1844596 kB
MemFree:          629460 kB
MemAvailable:    1467512 kB
Buffers:           89244 kB
Cached:           772924 kB
MemTotal:        1844596 kB
MemFree:          629460 kB
MemAvailable:    1467512 kB
Buffers:           89244 kB
Cached:           772924 kB
MemTotal:        1844596 kB
MemFree:          629708 kB
MemAvailable:    1467760 kB
Buffers:           89244 kB
Cached:           772924 kB
MemTotal:        1844596 kB
MemFree:          630444 kB
MemAvailable:    1468496 kB
Buffers:           89244 kB
Cached:           772924 kB
MemTotal:        1844596 kB
MemFree:          630528 kB
MemAvailable:    1468580 kB
Buffers:           89244 kB
Cached:           772924 kB
MemTotal:        1844596 kB
MemFree:          630448 kB
MemAvailable:    1468500 kB
Buffers:           89244 kB
Cached:           772924 kB
MemTotal:        1844596 kB
MemFree:          630052 kB
MemAvailable:    1468104 kB
Buffers:           89244 kB
Cached:           772924 kB
MemTotal:        1844596 kB
MemFree:          630388 kB
MemAvailable:    1468440 kB
Buffers:           89244 kB
Cached:           772924 kB
MemTotal:        1844596 kB
MemFree:          628820 kB
MemAvailable:    1466872 kB
Buffers:           89244 kB
Cached:           772924 kB
MemTotal:        1844596 kB
MemFree:          630184 kB
MemAvailable:    1468236 kB
Buffers:           89244 kB
Cached:           772924 kB
MemTotal:        1844596 kB
MemFree:          628688 kB
MemAvailable:    1466740 kB
Buffers:           89244 kB
Cached:           772924 kB
MemTotal:        1844596 kB
MemFree:          630176 kB
MemAvailable:    1468228 kB
Buffers:           89244 kB
Cached:           772924 kB
MemTotal:        1844596 kB
MemFree:          628972 kB
MemAvailable:    1467024 kB
Buffers:           89244 kB
Cached:           772924 kB
MemTotal:        1844596 kB
MemFree:          629452 kB
MemAvailable:    1467504 kB
Buffers:           89244 kB
Cached:           772924 kB
MemTotal:        1844596 kB
MemFree:          628796 kB
MemAvailable:    1466848 kB
Buffers:           89244 kB
Cached:           772924 kB
MemTotal:        1844596 kB
MemFree:          629956 kB
MemAvailable:    1468008 kB
Buffers:           89244 kB
Cached:           772924 kB
MemTotal:        1844596 kB
MemFree:          629964 kB
MemAvailable:    1468016 kB
Buffers:           89244 kB
Cached:           772924 kB
MemTotal:        1844596 kB
MemFree:          629808 kB
MemAvailable:    1467860 kB
Buffers:           89244 kB
Cached:           772924 kB
MemTotal:        1844596 kB
MemFree:          628712 kB
MemAvailable:    1466764 kB
Buffers:           89244 kB
Cached:           772924 kB
MemTotal:        1844596 kB
MemFree:          630080 kB
MemAvailable:    1468132 kB
Buffers:           89244 kB
Cached:           772924 kB
MemTotal:        1844596 kB
MemFree:          629844 kB
MemAvailable:    1467896 kB
Buffers:           89244 kB
Cached:           772924 kB
MemTotal:        1844596 kB
MemFree:          629836 kB
MemAvailable:    1467888 kB
Buffers:           89244 kB
Cached:           772924 kB
MemTotal:        1844596 kB
MemFree:          626120 kB
MemAvailable:    1464172 kB
Buffers:           89244 kB
Cached:           772924 kB
MemTotal:        1844596 kB
MemFree:          623516 kB
MemAvailable:    1461568 kB
Buffers:           89244 kB
Cached:           772924 kB
MemTotal:        1844596 kB
MemFree:          618556 kB
MemAvailable:    1456608 kB
Buffers:           89244 kB
Cached:           772924 kB
MemTotal:        1844596 kB
MemFree:          619236 kB
MemAvailable:    1457288 kB
Buffers:           89244 kB
Cached:           772924 kB
MemTotal:        1844596 kB
MemFree:          618804 kB
MemAvailable:    1456856 kB
Buffers:           89244 kB
Cached:           772924 kB
MemTotal:        1844596 kB
MemFree:          617308 kB
MemAvailable:    1455360 kB
Buffers:           89244 kB
Cached:           772924 kB
MemTotal:        1844596 kB
MemFree:          617432 kB
MemAvailable:    1455484 kB
Buffers:           89244 kB
Cached:           772924 kB
MemTotal:        1844596 kB
MemFree:          617068 kB
MemAvailable:    1455120 kB
Buffers:           89244 kB
Cached:           772924 kB
MemTotal:        1844596 kB
MemFree:          617936 kB
MemAvailable:    1455988 kB
Buffers:           89244 kB
Cached:           772924 kB
MemTotal:        1844596 kB
MemFree:          617688 kB
MemAvailable:    1455740 kB
Buffers:           89244 kB
Cached:           772924 kB
MemTotal:        1844596 kB
MemFree:          616656 kB
MemAvailable:    1454708 kB
Buffers:           89244 kB
Cached:           772924 kB
MemTotal:        1844596 kB
MemFree:          615896 kB
MemAvailable:    1453948 kB
Buffers:           89244 kB
Cached:           772924 kB
MemTotal:        1844596 kB
MemFree:          615152 kB
MemAvailable:    1453204 kB
Buffers:           89244 kB
Cached:           772924 kB
MemTotal:        1844596 kB
MemFree:          614092 kB
MemAvailable:    1452144 kB
Buffers:           89244 kB
Cached:           772924 kB
MemTotal:        1844596 kB
MemFree:          614952 kB
MemAvailable:    1453004 kB
Buffers:           89244 kB
Cached:           772924 kB
MemTotal:        1844596 kB
MemFree:          614800 kB
MemAvailable:    1452852 kB
Buffers:           89244 kB
Cached:           772924 kB
MemTotal:        1844596 kB
MemFree:          614828 kB
MemAvailable:    1452880 kB
Buffers:           89244 kB
Cached:           772924 kB
MemTotal:        1844596 kB
MemFree:          614892 kB
MemAvailable:    1452944 kB
Buffers:           89244 kB
Cached:           772924 kB
MemTotal:        1844596 kB
MemFree:          615144 kB
MemAvailable:    1453196 kB
Buffers:           89244 kB
Cached:           772924 kB
MemTotal:        1844596 kB
MemFree:          613540 kB
MemAvailable:    1451592 kB
Buffers:           89244 kB
Cached:           772924 kB
MemTotal:        1844596 kB
MemFree:          614820 kB
MemAvailable:    1452872 kB
Buffers:           89244 kB
Cached:           772924 kB
MemTotal:        1844596 kB
MemFree:          614820 kB
MemAvailable:    1452872 kB
Buffers:           89244 kB
Cached:           772924 kB
MemTotal:        1844596 kB
MemFree:          614948 kB
MemAvailable:    1453000 kB
Buffers:           89244 kB
Cached:           772924 kB
MemTotal:        1844596 kB
MemFree:          614980 kB
MemAvailable:    1453040 kB
Buffers:           89244 kB
Cached:           772932 kB
MemTotal:        1844596 kB
MemFree:          614084 kB
MemAvailable:    1452144 kB
Buffers:           89244 kB
Cached:           772932 kB
MemTotal:        1844596 kB
MemFree:          615292 kB
MemAvailable:    1453352 kB
Buffers:           89244 kB
Cached:           772932 kB
MemTotal:        1844596 kB
MemFree:          614216 kB
MemAvailable:    1452276 kB
Buffers:           89244 kB
Cached:           772932 kB
MemTotal:        1844596 kB
MemFree:          613968 kB
MemAvailable:    1452028 kB
Buffers:           89244 kB
Cached:           772932 kB
MemTotal:        1844596 kB
MemFree:          613348 kB
MemAvailable:    1451408 kB
Buffers:           89244 kB
Cached:           772932 kB
MemTotal:        1844596 kB
MemFree:          614260 kB
MemAvailable:    1452320 kB
Buffers:           89244 kB
Cached:           772932 kB
MemTotal:        1844596 kB
MemFree:          612860 kB
MemAvailable:    1450920 kB
Buffers:           89244 kB
Cached:           772932 kB
MemTotal:        1844596 kB
MemFree:          613276 kB
MemAvailable:    1451336 kB
Buffers:           89244 kB
Cached:           772932 kB
MemTotal:        1844596 kB
MemFree:          611736 kB
MemAvailable:    1449796 kB
Buffers:           89244 kB
Cached:           772932 kB
MemTotal:        1844596 kB
MemFree:          612844 kB
MemAvailable:    1450904 kB
Buffers:           89244 kB
Cached:           772932 kB
MemTotal:        1844596 kB
MemFree:          612844 kB
MemAvailable:    1450904 kB
Buffers:           89244 kB
Cached:           772932 kB
MemTotal:        1844596 kB
MemFree:          610992 kB
MemAvailable:    1449052 kB
Buffers:           89244 kB
Cached:           772932 kB
MemTotal:        1844596 kB
MemFree:          610976 kB
MemAvailable:    1449036 kB
Buffers:           89244 kB
Cached:           772932 kB
MemTotal:        1844596 kB
MemFree:          611572 kB
MemAvailable:    1449632 kB
Buffers:           89244 kB
Cached:           772932 kB
MemTotal:        1844596 kB
MemFree:          611356 kB
MemAvailable:    1449416 kB
Buffers:           89244 kB
Cached:           772932 kB
MemTotal:        1844596 kB
MemFree:          611300 kB
MemAvailable:    1449360 kB
Buffers:           89244 kB
Cached:           772932 kB
MemTotal:        1844596 kB
MemFree:          611364 kB
MemAvailable:    1449424 kB
Buffers:           89244 kB
Cached:           772932 kB
MemTotal:        1844596 kB
MemFree:          611044 kB
MemAvailable:    1449104 kB
Buffers:           89244 kB
Cached:           772932 kB
MemTotal:        1844596 kB
MemFree:          609992 kB
MemAvailable:    1448052 kB
Buffers:           89244 kB
Cached:           772932 kB
MemTotal:        1844596 kB
MemFree:          609744 kB
MemAvailable:    1447804 kB
Buffers:           89244 kB
Cached:           772932 kB
MemTotal:        1844596 kB
MemFree:          610912 kB
MemAvailable:    1448972 kB
Buffers:           89244 kB
Cached:           772932 kB
MemTotal:        1844596 kB
MemFree:          610672 kB
MemAvailable:    1448732 kB
Buffers:           89244 kB
Cached:           772932 kB
MemTotal:        1844596 kB
MemFree:          610124 kB
MemAvailable:    1448184 kB
Buffers:           89244 kB
Cached:           772932 kB
MemTotal:        1844596 kB
MemFree:          610624 kB
MemAvailable:    1448684 kB
Buffers:           89244 kB
Cached:           772932 kB
MemTotal:        1844596 kB
MemFree:          609440 kB
MemAvailable:    1447500 kB
Buffers:           89244 kB
Cached:           772932 kB
MemTotal:        1844596 kB
MemFree:          609820 kB
MemAvailable:    1447880 kB
Buffers:           89244 kB
Cached:           772932 kB
MemTotal:        1844596 kB
MemFree:          610872 kB
MemAvailable:    1448932 kB
Buffers:           89244 kB
Cached:           772932 kB
MemTotal:        1844596 kB
MemFree:          610416 kB
MemAvailable:    1448476 kB
Buffers:           89244 kB
Cached:           772932 kB
MemTotal:        1844596 kB
MemFree:          610668 kB
MemAvailable:    1448728 kB
Buffers:           89244 kB
Cached:           772932 kB
MemTotal:        1844596 kB
MemFree:          610608 kB
MemAvailable:    1448668 kB
Buffers:           89244 kB
Cached:           772932 kB
MemTotal:        1844596 kB
MemFree:          610496 kB
MemAvailable:    1448556 kB
Buffers:           89244 kB
Cached:           772932 kB
MemTotal:        1844596 kB
MemFree:          609752 kB
MemAvailable:    1447812 kB
Buffers:           89244 kB
Cached:           772932 kB
MemTotal:        1844596 kB
MemFree:          610428 kB
MemAvailable:    1448488 kB
Buffers:           89244 kB
Cached:           772932 kB
MemTotal:        1844596 kB
MemFree:          610248 kB
MemAvailable:    1448308 kB
Buffers:           89244 kB
Cached:           772932 kB
MemTotal:        1844596 kB
MemFree:          609324 kB
MemAvailable:    1447384 kB
Buffers:           89244 kB
Cached:           772932 kB
MemTotal:        1844596 kB
MemFree:          610468 kB
MemAvailable:    1448528 kB
Buffers:           89244 kB
Cached:           772932 kB
MemTotal:        1844596 kB
MemFree:          610000 kB
MemAvailable:    1448060 kB
Buffers:           89244 kB
Cached:           772932 kB
MemTotal:        1844596 kB
MemFree:          609368 kB
MemAvailable:    1447428 kB
Buffers:           89244 kB
Cached:           772932 kB
MemTotal:        1844596 kB
MemFree:          610608 kB
MemAvailable:    1448668 kB
Buffers:           89244 kB
Cached:           772932 kB
MemTotal:        1844596 kB
MemFree:          610296 kB
MemAvailable:    1448356 kB
Buffers:           89244 kB
Cached:           772932 kB
MemTotal:        1844596 kB
MemFree:          610464 kB
MemAvailable:    1448524 kB
Buffers:           89244 kB
Cached:           772932 kB
MemTotal:        1844596 kB
MemFree:          609200 kB
MemAvailable:    1447260 kB
Buffers:           89244 kB
Cached:           772932 kB
MemTotal:        1844596 kB
MemFree:          609448 kB
MemAvailable:    1447508 kB
Buffers:           89244 kB
Cached:           772932 kB
MemTotal:        1844596 kB
MemFree:          610440 kB
MemAvailable:    1448500 kB
Buffers:           89244 kB
Cached:           772932 kB
MemTotal:        1844596 kB
MemFree:          609636 kB
MemAvailable:    1447696 kB
Buffers:           89244 kB
Cached:           772932 kB
MemTotal:        1844596 kB
MemFree:          608008 kB
MemAvailable:    1446072 kB
Buffers:           89244 kB
Cached:           772936 kB
MemTotal:        1844596 kB
MemFree:          609124 kB
MemAvailable:    1447188 kB
Buffers:           89244 kB
Cached:           772936 kB
MemTotal:        1844596 kB
MemFree:          607876 kB
MemAvailable:    1445940 kB
Buffers:           89244 kB
Cached:           772936 kB
MemTotal:        1844596 kB
MemFree:          607636 kB
MemAvailable:    1445700 kB
Buffers:           89244 kB
Cached:           772936 kB
MemTotal:        1844596 kB
MemFree:          607016 kB
MemAvailable:    1445080 kB
Buffers:           89244 kB
Cached:           772936 kB
MemTotal:        1844596 kB
MemFree:          604412 kB
MemAvailable:    1442476 kB
Buffers:           89244 kB
Cached:           772936 kB
MemTotal:        1844596 kB
MemFree:          604552 kB
MemAvailable:    1442616 kB
Buffers:           89244 kB
Cached:           772936 kB
MemTotal:        1844596 kB
MemFree:          601196 kB
MemAvailable:    1439260 kB
Buffers:           89244 kB
Cached:           772936 kB
MemTotal:        1844596 kB
MemFree:          596964 kB
MemAvailable:    1435028 kB
Buffers:           89244 kB
Cached:           772936 kB
MemTotal:        1844596 kB
MemFree:          596856 kB
MemAvailable:    1434920 kB
Buffers:           89244 kB
Cached:           772936 kB
MemTotal:        1844596 kB
MemFree:          592816 kB
MemAvailable:    1430880 kB
Buffers:           89244 kB
Cached:           772936 kB
MemTotal:        1844596 kB
MemFree:          591524 kB
MemAvailable:    1429588 kB
Buffers:           89244 kB
Cached:           772936 kB
MemTotal:        1844596 kB
MemFree:          592004 kB
MemAvailable:    1430068 kB
Buffers:           89244 kB
Cached:           772936 kB
MemTotal:        1844596 kB
MemFree:          592004 kB
MemAvailable:    1430068 kB
Buffers:           89244 kB
Cached:           772936 kB
MemTotal:        1844596 kB
MemFree:          592000 kB
MemAvailable:    1430064 kB
Buffers:           89244 kB
Cached:           772936 kB
MemTotal:        1844596 kB
MemFree:          591904 kB
MemAvailable:    1429968 kB
Buffers:           89244 kB
Cached:           772936 kB
MemTotal:        1844596 kB
MemFree:          591888 kB
MemAvailable:    1429952 kB
Buffers:           89244 kB
Cached:           772936 kB
MemTotal:        1844596 kB
MemFree:          591900 kB
MemAvailable:    1429964 kB
Buffers:           89244 kB
Cached:           772936 kB
MemTotal:        1844596 kB
MemFree:          590904 kB
MemAvailable:    1428968 kB
Buffers:           89244 kB
Cached:           772936 kB
MemTotal:        1844596 kB
MemFree:          592092 kB
MemAvailable:    1430156 kB
Buffers:           89244 kB
Cached:           772936 kB
MemTotal:        1844596 kB
MemFree:          591712 kB
MemAvailable:    1429776 kB
Buffers:           89244 kB
Cached:           772936 kB
MemTotal:        1844596 kB
MemFree:          591772 kB
MemAvailable:    1429836 kB
Buffers:           89244 kB
Cached:           772936 kB
MemTotal:        1844596 kB
MemFree:          591892 kB
MemAvailable:    1429956 kB
Buffers:           89244 kB
Cached:           772936 kB
MemTotal:        1844596 kB
MemFree:          591028 kB
MemAvailable:    1429092 kB
Buffers:           89244 kB
Cached:           772936 kB
MemTotal:        1844596 kB
MemFree:          591012 kB
MemAvailable:    1429076 kB
Buffers:           89244 kB
Cached:           772936 kB
MemTotal:        1844596 kB
MemFree:          591348 kB
MemAvailable:    1429412 kB
Buffers:           89244 kB
Cached:           772936 kB
MemTotal:        1844596 kB
MemFree:          591208 kB
MemAvailable:    1429272 kB
Buffers:           89244 kB
Cached:           772936 kB
MemTotal:        1844596 kB
MemFree:          590888 kB
MemAvailable:    1428956 kB
Buffers:           89244 kB
Cached:           772940 kB
MemTotal:        1844596 kB
MemFree:          589772 kB
MemAvailable:    1427840 kB
Buffers:           89244 kB
Cached:           772940 kB
MemTotal:        1844596 kB
MemFree:          589724 kB
MemAvailable:    1427792 kB
Buffers:           89244 kB
Cached:           772940 kB
MemTotal:        1844596 kB
MemFree:          589788 kB
MemAvailable:    1427860 kB
Buffers:           89244 kB
Cached:           772944 kB
MemTotal:        1844596 kB
MemFree:          589664 kB
MemAvailable:    1427736 kB
Buffers:           89244 kB
Cached:           772944 kB
MemTotal:        1844596 kB
MemFree:          591028 kB
MemAvailable:    1429100 kB
Buffers:           89244 kB
Cached:           772944 kB
MemTotal:        1844596 kB
MemFree:          590036 kB
MemAvailable:    1428108 kB
Buffers:           89244 kB
Cached:           772944 kB
MemTotal:        1844596 kB
MemFree:          589912 kB
MemAvailable:    1427984 kB
Buffers:           89244 kB
Cached:           772944 kB
MemTotal:        1844596 kB
MemFree:          591340 kB
MemAvailable:    1429412 kB
Buffers:           89244 kB
Cached:           772944 kB
MemTotal:        1844596 kB
MemFree:          591076 kB
MemAvailable:    1429148 kB
Buffers:           89244 kB
Cached:           772944 kB
MemTotal:        1844596 kB
MemFree:          591012 kB
MemAvailable:    1429084 kB
Buffers:           89244 kB
Cached:           772944 kB
MemTotal:        1844596 kB
MemFree:          590788 kB
MemAvailable:    1428860 kB
Buffers:           89244 kB
Cached:           772944 kB
MemTotal:        1844596 kB
MemFree:          590888 kB
MemAvailable:    1428960 kB
Buffers:           89244 kB
Cached:           772944 kB
MemTotal:        1844596 kB
MemFree:          590532 kB
MemAvailable:    1428604 kB
Buffers:           89244 kB
Cached:           772944 kB
MemTotal:        1844596 kB
MemFree:          590968 kB
MemAvailable:    1429040 kB
Buffers:           89244 kB
Cached:           772944 kB
MemTotal:        1844596 kB
MemFree:          590968 kB
MemAvailable:    1429040 kB
Buffers:           89244 kB
Cached:           772944 kB
MemTotal:        1844596 kB
MemFree:          590980 kB
MemAvailable:    1429052 kB
Buffers:           89244 kB
Cached:           772944 kB
MemTotal:        1844596 kB
MemFree:          589608 kB
MemAvailable:    1427680 kB
Buffers:           89244 kB
Cached:           772944 kB
MemTotal:        1844596 kB
MemFree:          590616 kB
MemAvailable:    1428688 kB
Buffers:           89244 kB
Cached:           772944 kB
MemTotal:        1844596 kB
MemFree:          585572 kB
MemAvailable:    1423644 kB
Buffers:           89244 kB
Cached:           772944 kB
MemTotal:        1844596 kB
MemFree:          582580 kB
MemAvailable:    1420652 kB
Buffers:           89244 kB
Cached:           772944 kB
MemTotal:        1844596 kB
MemFree:          582580 kB
MemAvailable:    1420652 kB
Buffers:           89244 kB
Cached:           772944 kB
MemTotal:        1844596 kB
MemFree:          576752 kB
MemAvailable:    1414824 kB
Buffers:           89244 kB
Cached:           772944 kB
MemTotal:        1844596 kB
MemFree:          575032 kB
MemAvailable:    1413104 kB
Buffers:           89244 kB
Cached:           772944 kB
MemTotal:        1844596 kB
MemFree:          572924 kB
MemAvailable:    1410996 kB
Buffers:           89244 kB
Cached:           772944 kB
MemTotal:        1844596 kB
MemFree:          572752 kB
MemAvailable:    1410824 kB
Buffers:           89244 kB
Cached:           772944 kB
MemTotal:        1844596 kB
MemFree:          572808 kB
MemAvailable:    1410880 kB
Buffers:           89244 kB
Cached:           772944 kB
MemTotal:        1844596 kB
MemFree:          572680 kB
MemAvailable:    1410752 kB
Buffers:           89244 kB
Cached:           772944 kB
MemTotal:        1844596 kB
MemFree:          571380 kB
MemAvailable:    1409452 kB
Buffers:           89244 kB
Cached:           772944 kB
MemTotal:        1844596 kB
MemFree:          571548 kB
MemAvailable:    1409620 kB
Buffers:           89244 kB
Cached:           772944 kB
MemTotal:        1844596 kB
MemFree:          571416 kB
MemAvailable:    1409488 kB
Buffers:           89244 kB
Cached:           772944 kB
MemTotal:        1844596 kB
MemFree:          571500 kB
MemAvailable:    1409572 kB
Buffers:           89244 kB
Cached:           772944 kB
MemTotal:        1844596 kB
MemFree:          571500 kB
MemAvailable:    1409572 kB
Buffers:           89244 kB
Cached:           772944 kB
MemTotal:        1844596 kB
MemFree:          571932 kB
MemAvailable:    1410004 kB
Buffers:           89244 kB
Cached:           772944 kB
MemTotal:        1844596 kB
MemFree:          572924 kB
MemAvailable:    1410996 kB
Buffers:           89244 kB
Cached:           772944 kB
MemTotal:        1844596 kB
MemFree:          571940 kB
MemAvailable:    1410012 kB
Buffers:           89244 kB
Cached:           772944 kB
MemTotal:        1844596 kB
MemFree:          572556 kB
MemAvailable:    1410628 kB
Buffers:           89244 kB
Cached:           772944 kB
MemTotal:        1844596 kB
MemFree:          571684 kB
MemAvailable:    1409756 kB
Buffers:           89244 kB
Cached:           772944 kB
MemTotal:        1844596 kB
MemFree:          572752 kB
MemAvailable:    1410824 kB
Buffers:           89244 kB
Cached:           772944 kB
MemTotal:        1844596 kB
MemFree:          571932 kB
MemAvailable:    1410004 kB
Buffers:           89244 kB
Cached:           772944 kB
MemTotal:        1844596 kB
MemFree:          572532 kB
MemAvailable:    1410604 kB
Buffers:           89244 kB
Cached:           772944 kB
MemTotal:        1844596 kB
MemFree:          572868 kB
MemAvailable:    1410940 kB
Buffers:           89244 kB
Cached:           772944 kB
MemTotal:        1844596 kB
MemFree:          572616 kB
MemAvailable:    1410688 kB
Buffers:           89244 kB
Cached:           772944 kB
MemTotal:        1844596 kB
MemFree:          571500 kB
MemAvailable:    1409572 kB
Buffers:           89244 kB
Cached:           772944 kB
MemTotal:        1844596 kB
MemFree:          572820 kB
MemAvailable:    1410892 kB
Buffers:           89244 kB
Cached:           772944 kB
MemTotal:        1844596 kB
MemFree:          572728 kB
MemAvailable:    1410800 kB
Buffers:           89244 kB
Cached:           772944 kB
MemTotal:        1844596 kB
MemFree:          572660 kB
MemAvailable:    1410732 kB
Buffers:           89244 kB
Cached:           772944 kB
MemTotal:        1844596 kB
MemFree:          572872 kB
MemAvailable:    1410944 kB
Buffers:           89244 kB
Cached:           772944 kB
MemTotal:        1844596 kB
MemFree:          572788 kB
MemAvailable:    1410860 kB
Buffers:           89244 kB
Cached:           772944 kB
MemTotal:        1844596 kB
MemFree:          571500 kB
MemAvailable:    1409572 kB
Buffers:           89244 kB
Cached:           772944 kB
MemTotal:        1844596 kB
MemFree:          572736 kB
MemAvailable:    1410808 kB
Buffers:           89244 kB
Cached:           772944 kB
MemTotal:        1844596 kB
MemFree:          571400 kB
MemAvailable:    1409472 kB
Buffers:           89244 kB
Cached:           772944 kB
MemTotal:        1844596 kB
MemFree:          571924 kB
MemAvailable:    1409996 kB
Buffers:           89244 kB
Cached:           772944 kB
MemTotal:        1844596 kB
MemFree:          572696 kB
MemAvailable:    1410772 kB
Buffers:           89244 kB
Cached:           772948 kB
MemTotal:        1844596 kB
MemFree:          571560 kB
MemAvailable:    1409636 kB
Buffers:           89244 kB
Cached:           772948 kB
MemTotal:        1844596 kB
MemFree:          572792 kB
MemAvailable:    1410868 kB
Buffers:           89244 kB
Cached:           772948 kB
MemTotal:        1844596 kB
MemFree:          572668 kB
MemAvailable:    1410744 kB
Buffers:           89244 kB
Cached:           772948 kB
MemTotal:        1844596 kB
MemFree:          572684 kB
MemAvailable:    1410760 kB
Buffers:           89244 kB
Cached:           772948 kB
MemTotal:        1844596 kB
MemFree:          572668 kB
MemAvailable:    1410744 kB
Buffers:           89244 kB
Cached:           772948 kB
MemTotal:        1844596 kB
MemFree:          572668 kB
MemAvailable:    1410744 kB
Buffers:           89244 kB
Cached:           772948 kB
MemTotal:        1844596 kB
MemFree:          572660 kB
MemAvailable:    1410736 kB
Buffers:           89244 kB
Cached:           772948 kB
MemTotal:        1844596 kB
MemFree:          572552 kB
MemAvailable:    1410628 kB
Buffers:           89244 kB
Cached:           772948 kB
MemTotal:        1844596 kB
MemFree:          571380 kB
MemAvailable:    1409456 kB
Buffers:           89244 kB
Cached:           772948 kB
MemTotal:        1844596 kB
MemFree:          568668 kB
MemAvailable:    1406744 kB
Buffers:           89244 kB
Cached:           772948 kB
MemTotal:        1844596 kB
MemFree:          565360 kB
MemAvailable:    1403436 kB
Buffers:           89244 kB
Cached:           772948 kB
MemTotal:        1844596 kB
MemFree:          561384 kB
MemAvailable:    1399464 kB
Buffers:           89244 kB
Cached:           772952 kB
MemTotal:        1844596 kB
MemFree:          560780 kB
MemAvailable:    1398860 kB
Buffers:           89244 kB
Cached:           772952 kB
MemTotal:        1844596 kB
MemFree:          556308 kB
MemAvailable:    1394388 kB
Buffers:           89244 kB
Cached:           772952 kB
MemTotal:        1844596 kB
MemFree:          554572 kB
MemAvailable:    1392652 kB
Buffers:           89244 kB
Cached:           772952 kB
MemTotal:        1844596 kB
MemFree:          555432 kB
MemAvailable:    1393512 kB
Buffers:           89244 kB
Cached:           772952 kB
MemTotal:        1844596 kB
MemFree:          555432 kB
MemAvailable:    1393512 kB
Buffers:           89244 kB
Cached:           772952 kB
MemTotal:        1844596 kB
MemFree:          553896 kB
MemAvailable:    1391976 kB
Buffers:           89244 kB
Cached:           772952 kB
MemTotal:        1844596 kB
MemFree:          553448 kB
MemAvailable:    1391528 kB
Buffers:           89244 kB
Cached:           772952 kB
MemTotal:        1844596 kB
MemFree:          554500 kB
MemAvailable:    1392580 kB
Buffers:           89244 kB
Cached:           772952 kB
MemTotal:        1844596 kB
MemFree:          554244 kB
MemAvailable:    1392324 kB
Buffers:           89244 kB
Cached:           772952 kB
MemTotal:        1844596 kB
MemFree:          554276 kB
MemAvailable:    1392356 kB
Buffers:           89244 kB
Cached:           772952 kB
MemTotal:        1844596 kB
MemFree:          554528 kB
MemAvailable:    1392608 kB
Buffers:           89244 kB
Cached:           772952 kB
MemTotal:        1844596 kB
MemFree:          552944 kB
MemAvailable:    1391024 kB
Buffers:           89244 kB
Cached:           772952 kB
MemTotal:        1844596 kB
MemFree:          552836 kB
MemAvailable:    1390916 kB
Buffers:           89244 kB
Cached:           772952 kB
MemTotal:        1844596 kB
MemFree:          552952 kB
MemAvailable:    1391032 kB
Buffers:           89244 kB
Cached:           772952 kB
MemTotal:        1844596 kB
MemFree:          552828 kB
MemAvailable:    1390908 kB
Buffers:           89244 kB
Cached:           772952 kB
MemTotal:        1844596 kB
MemFree:          553684 kB
MemAvailable:    1391764 kB
Buffers:           89244 kB
Cached:           772952 kB
MemTotal:        1844596 kB
MemFree:          552092 kB
MemAvailable:    1390172 kB
Buffers:           89244 kB
Cached:           772952 kB
MemTotal:        1844596 kB
MemFree:          552828 kB
MemAvailable:    1390908 kB
Buffers:           89244 kB
Cached:           772952 kB
MemTotal:        1844596 kB
MemFree:          553084 kB
MemAvailable:    1391164 kB
Buffers:           89244 kB
Cached:           772952 kB
MemTotal:        1844596 kB
MemFree:          550852 kB
MemAvailable:    1388932 kB
Buffers:           89244 kB
Cached:           772952 kB
MemTotal:        1844596 kB
MemFree:          551332 kB
MemAvailable:    1389412 kB
Buffers:           89244 kB
Cached:           772952 kB
MemTotal:        1844596 kB
MemFree:          550852 kB
MemAvailable:    1388932 kB
Buffers:           89244 kB
Cached:           772952 kB
MemTotal:        1844596 kB
MemFree:          550052 kB
MemAvailable:    1388132 kB
Buffers:           89244 kB
Cached:           772952 kB
MemTotal:        1844596 kB
MemFree:          550788 kB
MemAvailable:    1388868 kB
Buffers:           89244 kB
Cached:           772952 kB
MemTotal:        1844596 kB
MemFree:          549496 kB
MemAvailable:    1387576 kB
Buffers:           89244 kB
Cached:           772952 kB
MemTotal:        1844596 kB
MemFree:          549224 kB
MemAvailable:    1387304 kB
Buffers:           89244 kB
Cached:           772952 kB
MemTotal:        1844596 kB
MemFree:          549352 kB
MemAvailable:    1387432 kB
Buffers:           89244 kB
Cached:           772952 kB
MemTotal:        1844596 kB
MemFree:          548232 kB
MemAvailable:    1386312 kB
Buffers:           89244 kB
Cached:           772952 kB
MemTotal:        1844596 kB
MemFree:          548232 kB
MemAvailable:    1386312 kB
Buffers:           89244 kB
Cached:           772952 kB
MemTotal:        1844596 kB
MemFree:          546944 kB
MemAvailable:    1385024 kB
Buffers:           89244 kB
Cached:           772952 kB
MemTotal:        1844596 kB
MemFree:          548128 kB
MemAvailable:    1386208 kB
Buffers:           89244 kB
Cached:           772952 kB
MemTotal:        1844596 kB
MemFree:          548056 kB
MemAvailable:    1386136 kB
Buffers:           89244 kB
Cached:           772952 kB
MemTotal:        1844596 kB
MemFree:          548312 kB
MemAvailable:    1386392 kB
Buffers:           89244 kB
Cached:           772952 kB
MemTotal:        1844596 kB
MemFree:          548044 kB
MemAvailable:    1386124 kB
Buffers:           89244 kB
Cached:           772952 kB
MemTotal:        1844596 kB
MemFree:          548128 kB
MemAvailable:    1386208 kB
Buffers:           89244 kB
Cached:           772952 kB
MemTotal:        1844596 kB
MemFree:          546760 kB
MemAvailable:    1384840 kB
Buffers:           89244 kB
Cached:           772952 kB
MemTotal:        1844596 kB
MemFree:          546688 kB
MemAvailable:    1384768 kB
Buffers:           89244 kB
Cached:           772952 kB
MemTotal:        1844596 kB
MemFree:          546476 kB
MemAvailable:    1384556 kB
Buffers:           89244 kB
Cached:           772952 kB
MemTotal:        1844596 kB
MemFree:          546476 kB
MemAvailable:    1384556 kB
Buffers:           89244 kB
Cached:           772952 kB
MemTotal:        1844596 kB
MemFree:          545332 kB
MemAvailable:    1383412 kB
Buffers:           89244 kB
Cached:           772952 kB
MemTotal:        1844596 kB
MemFree:          545332 kB
MemAvailable:    1383412 kB
Buffers:           89244 kB
Cached:           772952 kB
MemTotal:        1844596 kB
MemFree:          545324 kB
MemAvailable:    1383404 kB
Buffers:           89244 kB
Cached:           772952 kB
MemTotal:        1844596 kB
MemFree:          545236 kB
MemAvailable:    1383316 kB
Buffers:           89244 kB
Cached:           772952 kB
MemTotal:        1844596 kB
MemFree:          545616 kB
MemAvailable:    1383696 kB
Buffers:           89244 kB
Cached:           772952 kB
MemTotal:        1844596 kB
MemFree:          545368 kB
MemAvailable:    1383448 kB
Buffers:           89244 kB
Cached:           772952 kB
MemTotal:        1844596 kB
MemFree:          546668 kB
MemAvailable:    1384748 kB
Buffers:           89244 kB
Cached:           772952 kB
MemTotal:        1844596 kB
MemFree:          546600 kB
MemAvailable:    1384680 kB
Buffers:           89244 kB
Cached:           772952 kB
MemTotal:        1844596 kB
MemFree:          546272 kB
MemAvailable:    1384352 kB
Buffers:           89244 kB
Cached:           772952 kB
MemTotal:        1844596 kB
MemFree:          546464 kB
MemAvailable:    1384544 kB
Buffers:           89244 kB
Cached:           772952 kB
MemTotal:        1844596 kB
MemFree:          546372 kB
MemAvailable:    1384452 kB
Buffers:           89244 kB
Cached:           772952 kB
MemTotal:        1844596 kB
MemFree:          546372 kB
MemAvailable:    1384452 kB
Buffers:           89244 kB
Cached:           772952 kB
MemTotal:        1844596 kB
MemFree:          546184 kB
MemAvailable:    1384264 kB
Buffers:           89244 kB
Cached:           772952 kB
MemTotal:        1844596 kB
MemFree:          546520 kB
MemAvailable:    1384600 kB
Buffers:           89244 kB
Cached:           772952 kB
MemTotal:        1844596 kB
MemFree:          546480 kB
MemAvailable:    1384560 kB
Buffers:           89244 kB
Cached:           772952 kB
MemTotal:        1844596 kB
MemFree:          546564 kB
MemAvailable:    1384644 kB
Buffers:           89244 kB
Cached:           772952 kB
MemTotal:        1844596 kB
MemFree:          546552 kB
MemAvailable:    1384632 kB
Buffers:           89244 kB
Cached:           772952 kB
MemTotal:        1844596 kB
MemFree:          546512 kB
MemAvailable:    1384592 kB
Buffers:           89244 kB
Cached:           772952 kB
MemTotal:        1844596 kB
MemFree:          545768 kB
MemAvailable:    1383848 kB
Buffers:           89244 kB
Cached:           772952 kB
MemTotal:        1844596 kB
MemFree:          546372 kB
MemAvailable:    1384452 kB
Buffers:           89244 kB
Cached:           772952 kB
MemTotal:        1844596 kB
MemFree:          546624 kB
MemAvailable:    1384704 kB
Buffers:           89244 kB
Cached:           772952 kB
MemTotal:        1844596 kB
MemFree:          546444 kB
MemAvailable:    1384524 kB
Buffers:           89244 kB
Cached:           772952 kB
MemTotal:        1844596 kB
MemFree:          546264 kB
MemAvailable:    1384344 kB
Buffers:           89244 kB
Cached:           772952 kB
MemTotal:        1844596 kB
MemFree:          546552 kB
MemAvailable:    1384632 kB
Buffers:           89244 kB
Cached:           772952 kB
MemTotal:        1844596 kB
MemFree:          545336 kB
MemAvailable:    1383416 kB
Buffers:           89244 kB
Cached:           772952 kB
MemTotal:        1844596 kB
MemFree:          546504 kB
MemAvailable:    1384584 kB
Buffers:           89244 kB
Cached:           772952 kB
MemTotal:        1844596 kB
MemFree:          546576 kB
MemAvailable:    1384656 kB
Buffers:           89244 kB
Cached:           772952 kB
MemTotal:        1844596 kB
MemFree:          546812 kB
MemAvailable:    1384896 kB
Buffers:           89244 kB
Cached:           772956 kB
MemTotal:        1844596 kB
MemFree:          546988 kB
MemAvailable:    1385072 kB
Buffers:           89244 kB
Cached:           772956 kB
MemTotal:        1844596 kB
MemFree:          545644 kB
MemAvailable:    1383728 kB
Buffers:           89244 kB
Cached:           772956 kB
MemTotal:        1844596 kB
MemFree:          546688 kB
MemAvailable:    1384772 kB
Buffers:           89244 kB
Cached:           772956 kB
MemTotal:        1844596 kB
MemFree:          545652 kB
MemAvailable:    1383736 kB
Buffers:           89244 kB
Cached:           772956 kB
MemTotal:        1844596 kB
MemFree:          546372 kB
MemAvailable:    1384456 kB
Buffers:           89244 kB
Cached:           772956 kB
MemTotal:        1844596 kB
MemFree:          546708 kB
MemAvailable:    1384792 kB
Buffers:           89244 kB
Cached:           772956 kB
MemTotal:        1844596 kB
MemFree:          546372 kB
MemAvailable:    1384456 kB
Buffers:           89244 kB
Cached:           772956 kB
MemTotal:        1844596 kB
MemFree:          546372 kB
MemAvailable:    1384456 kB
Buffers:           89244 kB
Cached:           772956 kB
MemTotal:        1844596 kB
MemFree:          546332 kB
MemAvailable:    1384416 kB
Buffers:           89244 kB
Cached:           772956 kB
MemTotal:        1844596 kB
MemFree:          546704 kB
MemAvailable:    1384788 kB
Buffers:           89244 kB
Cached:           772956 kB
MemTotal:        1844596 kB
MemFree:          545464 kB
MemAvailable:    1383548 kB
Buffers:           89244 kB
Cached:           772956 kB
MemTotal:        1844596 kB
MemFree:          546516 kB
MemAvailable:    1384600 kB
Buffers:           89244 kB
Cached:           772956 kB
MemTotal:        1844596 kB
MemFree:          544960 kB
MemAvailable:    1383044 kB
Buffers:           89244 kB
Cached:           772956 kB
MemTotal:        1844596 kB
MemFree:          544032 kB
MemAvailable:    1382116 kB
Buffers:           89244 kB
Cached:           772956 kB
MemTotal:        1844596 kB
MemFree:          540684 kB
MemAvailable:    1378768 kB
Buffers:           89244 kB
Cached:           772956 kB
MemTotal:        1844596 kB
MemFree:          538884 kB
MemAvailable:    1376968 kB
Buffers:           89244 kB
Cached:           772956 kB
MemTotal:        1844596 kB
MemFree:          534476 kB
MemAvailable:    1372560 kB
Buffers:           89244 kB
Cached:           772956 kB
MemTotal:        1844596 kB
MemFree:          534484 kB
MemAvailable:    1372568 kB
Buffers:           89244 kB
Cached:           772956 kB
MemTotal:        1844596 kB
MemFree:          529708 kB
MemAvailable:    1367800 kB
Buffers:           89244 kB
Cached:           772964 kB
MemTotal:        1844596 kB
MemFree:          526996 kB
MemAvailable:    1365088 kB
Buffers:           89244 kB
Cached:           772964 kB
MemTotal:        1844596 kB
MemFree:          527052 kB
MemAvailable:    1365144 kB
Buffers:           89244 kB
Cached:           772964 kB
MemTotal:        1844596 kB
MemFree:          527116 kB
MemAvailable:    1365208 kB
Buffers:           89244 kB
Cached:           772964 kB
MemTotal:        1844596 kB
MemFree:          526936 kB
MemAvailable:    1365028 kB
Buffers:           89244 kB
Cached:           772964 kB
MemTotal:        1844596 kB
MemFree:          525680 kB
MemAvailable:    1363772 kB
Buffers:           89244 kB
Cached:           772964 kB
MemTotal:        1844596 kB
MemFree:          527252 kB
MemAvailable:    1365344 kB
Buffers:           89244 kB
Cached:           772964 kB
MemTotal:        1844596 kB
MemFree:          526932 kB
MemAvailable:    1365024 kB
Buffers:           89244 kB
Cached:           772964 kB
MemTotal:        1844596 kB
MemFree:          525748 kB
MemAvailable:    1363840 kB
Buffers:           89244 kB
Cached:           772964 kB
MemTotal:        1844596 kB
MemFree:          527048 kB
MemAvailable:    1365140 kB
Buffers:           89244 kB
Cached:           772964 kB
MemTotal:        1844596 kB
MemFree:          526192 kB
MemAvailable:    1364284 kB
Buffers:           89244 kB
Cached:           772964 kB
MemTotal:        1844596 kB
MemFree:          527104 kB
MemAvailable:    1365196 kB
Buffers:           89244 kB
Cached:           772964 kB
MemTotal:        1844596 kB
MemFree:          525812 kB
MemAvailable:    1363904 kB
Buffers:           89244 kB
Cached:           772964 kB
MemTotal:        1844596 kB
MemFree:          527052 kB
MemAvailable:    1365144 kB
Buffers:           89244 kB
Cached:           772964 kB
MemTotal:        1844596 kB
MemFree:          527080 kB
MemAvailable:    1365172 kB
Buffers:           89244 kB
Cached:           772964 kB
MemTotal:        1844596 kB
MemFree:          527252 kB
MemAvailable:    1365344 kB
Buffers:           89244 kB
Cached:           772964 kB
MemTotal:        1844596 kB
MemFree:          526772 kB
MemAvailable:    1364864 kB
Buffers:           89244 kB
Cached:           772964 kB
MemTotal:        1844596 kB
MemFree:          527108 kB
MemAvailable:    1365200 kB
Buffers:           89244 kB
Cached:           772964 kB
MemTotal:        1844596 kB
MemFree:          526780 kB
MemAvailable:    1364872 kB
Buffers:           89244 kB
Cached:           772964 kB
MemTotal:        1844596 kB
MemFree:          526768 kB
MemAvailable:    1364860 kB
Buffers:           89244 kB
Cached:           772964 kB
MemTotal:        1844596 kB
MemFree:          526812 kB
MemAvailable:    1364904 kB
Buffers:           89244 kB
Cached:           772964 kB
MemTotal:        1844596 kB
MemFree:          525516 kB
MemAvailable:    1363608 kB
Buffers:           89244 kB
Cached:           772964 kB
MemTotal:        1844596 kB
MemFree:          525376 kB
MemAvailable:    1363468 kB
Buffers:           89244 kB
Cached:           772964 kB
MemTotal:        1844596 kB
MemFree:          526684 kB
MemAvailable:    1364776 kB
Buffers:           89244 kB
Cached:           772964 kB
MemTotal:        1844596 kB
MemFree:          525508 kB
MemAvailable:    1363600 kB
Buffers:           89244 kB
Cached:           772964 kB
MemTotal:        1844596 kB
MemFree:          526616 kB
MemAvailable:    1364708 kB
Buffers:           89244 kB
Cached:           772964 kB
MemTotal:        1844596 kB
MemFree:          525192 kB
MemAvailable:    1363284 kB
Buffers:           89244 kB
Cached:           772964 kB
MemTotal:        1844596 kB
MemFree:          526048 kB
MemAvailable:    1364140 kB
Buffers:           89244 kB
Cached:           772964 kB
MemTotal:        1844596 kB
MemFree:          524696 kB
MemAvailable:    1362788 kB
Buffers:           89244 kB
Cached:           772964 kB
MemTotal:        1844596 kB
MemFree:          519612 kB
MemAvailable:    1357704 kB
Buffers:           89244 kB
Cached:           772964 kB
MemTotal:        1844596 kB
MemFree:          517444 kB
MemAvailable:    1355536 kB
Buffers:           89244 kB
Cached:           772964 kB
MemTotal:        1844596 kB
MemFree:          517696 kB
MemAvailable:    1355788 kB
Buffers:           89244 kB
Cached:           772964 kB
MemTotal:        1844596 kB
MemFree:          516884 kB
MemAvailable:    1354976 kB
Buffers:           89244 kB
Cached:           772964 kB
MemTotal:        1844596 kB
MemFree:          516688 kB
MemAvailable:    1354780 kB
Buffers:           89244 kB
Cached:           772964 kB
MemTotal:        1844596 kB
MemFree:          516608 kB
MemAvailable:    1354700 kB
Buffers:           89244 kB
Cached:           772964 kB
MemTotal:        1844596 kB
MemFree:          516860 kB
MemAvailable:    1354952 kB
Buffers:           89244 kB
Cached:           772964 kB
MemTotal:        1844596 kB
MemFree:          515380 kB
MemAvailable:    1353472 kB
Buffers:           89244 kB
Cached:           772964 kB
MemTotal:        1844596 kB
MemFree:          516704 kB
MemAvailable:    1354796 kB
Buffers:           89244 kB
Cached:           772964 kB
MemTotal:        1844596 kB
MemFree:          515500 kB
MemAvailable:    1353592 kB
Buffers:           89244 kB
Cached:           772964 kB
MemTotal:        1844596 kB
MemFree:          516476 kB
MemAvailable:    1354568 kB
Buffers:           89244 kB
Cached:           772964 kB
MemTotal:        1844596 kB
MemFree:          516728 kB
MemAvailable:    1354820 kB
Buffers:           89244 kB
Cached:           772964 kB
MemTotal:        1844596 kB
MemFree:          516232 kB
MemAvailable:    1354492 kB
Buffers:           89244 kB
Cached:           773212 kB
MemTotal:        1844596 kB
MemFree:          516264 kB
MemAvailable:    1354524 kB
Buffers:           89244 kB
Cached:           773212 kB
MemTotal:        1844596 kB
MemFree:          514884 kB
MemAvailable:    1353312 kB
Buffers:           89244 kB
Cached:           773336 kB
MemTotal:        1844596 kB
MemFree:          514884 kB
MemAvailable:    1353396 kB
Buffers:           89244 kB
Cached:           773460 kB
MemTotal:        1844596 kB
MemFree:          515992 kB
MemAvailable:    1354588 kB
Buffers:           89244 kB
Cached:           773584 kB
MemTotal:        1844596 kB
MemFree:          515992 kB
MemAvailable:    1354588 kB
Buffers:           89244 kB
Cached:           773584 kB
MemTotal:        1844596 kB
MemFree:          514616 kB
MemAvailable:    1353296 kB
Buffers:           89244 kB
Cached:           773708 kB
MemTotal:        1844596 kB
MemFree:          514900 kB
MemAvailable:    1353580 kB
Buffers:           89244 kB
Cached:           773708 kB
MemTotal:        1844596 kB
MemFree:          516016 kB
MemAvailable:    1354740 kB
Buffers:           89244 kB
Cached:           773672 kB
MemTotal:        1844596 kB
MemFree:          514776 kB
MemAvailable:    1353500 kB
Buffers:           89244 kB
Cached:           773672 kB
MemTotal:        1844596 kB
MemFree:          515840 kB
MemAvailable:    1354564 kB
Buffers:           89244 kB
Cached:           773672 kB
MemTotal:        1844596 kB
MemFree:          514592 kB
MemAvailable:    1353316 kB
Buffers:           89244 kB
Cached:           773672 kB
MemTotal:        1844596 kB
MemFree:          515736 kB
MemAvailable:    1354460 kB
Buffers:           89244 kB
Cached:           773672 kB
MemTotal:        1844596 kB
MemFree:          515736 kB
MemAvailable:    1354460 kB
Buffers:           89244 kB
Cached:           773672 kB
MemTotal:        1844596 kB
MemFree:          514464 kB
MemAvailable:    1353356 kB
Buffers:           89244 kB
Cached:           773796 kB
MemTotal:        1844596 kB
MemFree:          515636 kB
MemAvailable:    1353772 kB
Buffers:           89244 kB
Cached:           773040 kB
MemTotal:        1844596 kB
MemFree:          515876 kB
MemAvailable:    1354012 kB
Buffers:           89244 kB
Cached:           773040 kB
MemTotal:        1844596 kB
MemFree:          563312 kB
MemAvailable:    1401448 kB
Buffers:           89244 kB
Cached:           773040 kB
MemTotal:        1844596 kB
MemFree:          705288 kB
MemAvailable:    1543424 kB
Buffers:           89244 kB
Cached:           773040 kB
