MemTotal:        1844596 kB
MemFree:          646788 kB
MemAvailable:    1546556 kB
Buffers:           90580 kB
Cached:           830776 kB
MemTotal:        1844596 kB
MemFree:          620268 kB
MemAvailable:    1520040 kB
Buffers:           90580 kB
Cached:           830780 kB
MemTotal:        1844596 kB
MemFree:          619236 kB
MemAvailable:    1519008 kB
Buffers:           90580 kB
Cached:           830780 kB
MemTotal:        1844596 kB
MemFree:          617168 kB
MemAvailable:    1516940 kB
Buffers:           90580 kB
Cached:           830780 kB
MemTotal:        1844596 kB
MemFree:          614432 kB
MemAvailable:    1514204 kB
Buffers:           90580 kB
Cached:           830780 kB
MemTotal:        1844596 kB
MemFree:          614812 kB
MemAvailable:    1514584 kB
Buffers:           90580 kB
Cached:           830780 kB
MemTotal:        1844596 kB
MemFree:          614564 kB
MemAvailable:    1514336 kB
Buffers:           90580 kB
Cached:           830780 kB
MemTotal:        1844596 kB
MemFree:          611696 kB
MemAvailable:    1511468 kB
Buffers:           90580 kB
Cached:           830780 kB
MemTotal:        1844596 kB
MemFree:          611908 kB
MemAvailable:    1511680 kB
Buffers:           90580 kB
Cached:           830780 kB
MemTotal:        1844596 kB
MemFree:          605868 kB
MemAvailable:    1505640 kB
Buffers:           90580 kB
Cached:           830780 kB
MemTotal:        1844596 kB
MemFree:          605760 kB
MemAvailable:    1505532 kB
Buffers:           90580 kB
Cached:           830780 kB
MemTotal:        1844596 kB
MemFree:          606876 kB
MemAvailable:    1506648 kB
Buffers:           90580 kB
Cached:           830780 kB
MemTotal:        1844596 kB
MemFree:          606812 kB
MemAvailable:    1506584 kB
Buffers:           90580 kB
Cached:           830780 kB
MemTotal:        1844596 kB
MemFree:          606744 kB
MemAvailable:    1506516 kB
Buffers:           90580 kB
Cached:           830780 kB
MemTotal:        1844596 kB
MemFree:          606744 kB
MemAvailable:    1506516 kB
Buffers:           90580 kB
Cached:           830780 kB
MemTotal:        1844596 kB
MemFree:          606992 kB
MemAvailable:    1506764 kB
Buffers:           90580 kB
Cached:           830780 kB
MemTotal:        1844596 kB
MemFree:          606680 kB
MemAvailable:    1506452 kB
Buffers:           90580 kB
Cached:           830780 kB
MemTotal:        1844596 kB
MemFree:          606364 kB
MemAvailable:    1506136 kB
Buffers:           90580 kB
Cached:           830780 kB
MemTotal:        1844596 kB
MemFree:          606700 kB
MemAvailable:    1506472 kB
Buffers:           90580 kB
Cached:           830780 kB
MemTotal:        1844596 kB
MemFree:          606240 kB
MemAvailable:    1506012 kB
Buffers:           90580 kB
Cached:           830780 kB
MemTotal:        1844596 kB
MemFree:          606240 kB
MemAvailable:    1506012 kB
Buffers:           90580 kB
Cached:           830780 kB
MemTotal:        1844596 kB
MemFree:          606064 kB
MemAvailable:    1505836 kB
Buffers:           90580 kB
Cached:           830780 kB
MemTotal:        1844596 kB
MemFree:          606016 kB
MemAvailable:    1505788 kB
Buffers:           90580 kB
Cached:           830780 kB
MemTotal:        1844596 kB
MemFree:          605928 kB
MemAvailable:    1505700 kB
Buffers:           90580 kB
Cached:           830780 kB
MemTotal:        1844596 kB
MemFree:          605636 kB
MemAvailable:    1505408 kB
Buffers:           90580 kB
Cached:           830780 kB
MemTotal:        1844596 kB
MemFree:          604396 kB
MemAvailable:    1504168 kB
Buffers:           90580 kB
Cached:           830780 kB
MemTotal:        1844596 kB
MemFree:          604272 kB
MemAvailable:    1504044 kB
Buffers:           90580 kB
Cached:           830780 kB
MemTotal:        1844596 kB
MemFree:          605132 kB
MemAvailable:    1504904 kB
Buffers:           90580 kB
Cached:           830780 kB
MemTotal:        1844596 kB
MemFree:          604900 kB
MemAvailable:    1504672 kB
Buffers:           90580 kB
Cached:           830780 kB
MemTotal:        1844596 kB
MemFree:          604132 kB
MemAvailable:    1503904 kB
Buffers:           90580 kB
Cached:           830780 kB
MemTotal:        1844596 kB
MemFree:          603652 kB
MemAvailable:    1503424 kB
Buffers:           90580 kB
Cached:           830780 kB
MemTotal:        1844596 kB
MemFree:          603712 kB
MemAvailable:    1503484 kB
Buffers:           90580 kB
Cached:           830780 kB
MemTotal:        1844596 kB
MemFree:          603784 kB
MemAvailable:    1503556 kB
Buffers:           90580 kB
Cached:           830780 kB
MemTotal:        1844596 kB
MemFree:          602404 kB
MemAvailable:    1502176 kB
Buffers:           90580 kB
Cached:           830780 kB
MemTotal:        1844596 kB
MemFree:          603956 kB
MemAvailable:    1503728 kB
Buffers:           90580 kB
Cached:           830780 kB
MemTotal:        1844596 kB
MemFree:          603708 kB
MemAvailable:    1503480 kB
Buffers:           90580 kB
Cached:           830780 kB
MemTotal:        1844596 kB
MemFree:          603156 kB
MemAvailable:    1502928 kB
Buffers:           90580 kB
Cached:           830780 kB
MemTotal:        1844596 kB
MemFree:          603748 kB
MemAvailable:    1503520 kB
Buffers:           90580 kB
Cached:           830780 kB
MemTotal:        1844596 kB
MemFree:          603748 kB
MemAvailable:    1503520 kB
Buffers:           90580 kB
Cached:           830780 kB
MemTotal:        1844596 kB
MemFree:          603644 kB
MemAvailable:    1503416 kB
Buffers:           90580 kB
Cached:           830780 kB
MemTotal:        1844596 kB
MemFree:          603412 kB
MemAvailable:    1503184 kB
Buffers:           90580 kB
Cached:           830780 kB
MemTotal:        1844596 kB
MemFree:          601472 kB
MemAvailable:    1501244 kB
Buffers:           90580 kB
Cached:           830780 kB
MemTotal:        1844596 kB
MemFree:          599124 kB
MemAvailable:    1498896 kB
Buffers:           90580 kB
Cached:           830780 kB
MemTotal:        1844596 kB
MemFree:          598172 kB
MemAvailable:    1497944 kB
Buffers:           90580 kB
Cached:           830780 kB
MemTotal:        1844596 kB
MemFree:          598508 kB
MemAvailable:    1498280 kB
Buffers:           90580 kB
Cached:           830780 kB
MemTotal:        1844596 kB
MemFree:          596940 kB
MemAvailable:    1496712 kB
Buffers:           90580 kB
Cached:           830780 kB
MemTotal:        1844596 kB
MemFree:          598064 kB
MemAvailable:    1497836 kB
Buffers:           90580 kB
Cached:           830780 kB
MemTotal:        1844596 kB
MemFree:          598148 kB
MemAvailable:    1497920 kB
Buffers:           90580 kB
Cached:           830780 kB
MemTotal:        1844596 kB
MemFree:          598064 kB
MemAvailable:    1497844 kB
Buffers:           90580 kB
Cached:           830788 kB
MemTotal:        1844596 kB
MemFree:          596776 kB
MemAvailable:    1496556 kB
Buffers:           90580 kB
Cached:           830788 kB
MemTotal:        1844596 kB
MemFree:          597884 kB
MemAvailable:    1497664 kB
Buffers:           90580 kB
Cached:           830788 kB
MemTotal:        1844596 kB
MemFree:          597884 kB
MemAvailable:    1497664 kB
Buffers:           90580 kB
Cached:           830788 kB
MemTotal:        1844596 kB
MemFree:          597900 kB
MemAvailable:    1497680 kB
Buffers:           90580 kB
Cached:           830788 kB
MemTotal:        1844596 kB
MemFree:          598064 kB
MemAvailable:    1497844 kB
Buffers:           90580 kB
Cached:           830788 kB
MemTotal:        1844596 kB
MemFree:          597204 kB
MemAvailable:    1496984 kB
Buffers:           90580 kB
Cached:           830788 kB
MemTotal:        1844596 kB
MemFree:          598248 kB
MemAvailable:    1498028 kB
Buffers:           90580 kB
Cached:           830788 kB
MemTotal:        1844596 kB
MemFree:          597924 kB
MemAvailable:    1497704 kB
Buffers:           90580 kB
Cached:           830788 kB
MemTotal:        1844596 kB
MemFree:          597452 kB
MemAvailable:    1497232 kB
Buffers:           90580 kB
Cached:           830788 kB
MemTotal:        1844596 kB
MemFree:          594900 kB
MemAvailable:    1494680 kB
Buffers:           90580 kB
Cached:           830788 kB
MemTotal:        1844596 kB
MemFree:          591748 kB
MemAvailable:    1491528 kB
Buffers:           90580 kB
Cached:           830788 kB
MemTotal:        1844596 kB
MemFree:          592048 kB
MemAvailable:    1491828 kB
Buffers:           90580 kB
Cached:           830788 kB
MemTotal:        1844596 kB
MemFree:          590764 kB
MemAvailable:    1490544 kB
Buffers:           90580 kB
Cached:           830788 kB
MemTotal:        1844596 kB
MemFree:          591436 kB
MemAvailable:    1491216 kB
Buffers:           90580 kB
Cached:           830788 kB
MemTotal:        1844596 kB
MemFree:          591520 kB
MemAvailable:    1491300 kB
Buffers:           90580 kB
Cached:           830788 kB
MemTotal:        1844596 kB
MemFree:          588896 kB
MemAvailable:    1488676 kB
Buffers:           90580 kB
Cached:           830788 kB
MemTotal:        1844596 kB
MemFree:          589452 kB
MemAvailable:    1489232 kB
Buffers:           90580 kB
Cached:           830788 kB
MemTotal:        1844596 kB
MemFree:          588392 kB
MemAvailable:    1488172 kB
Buffers:           90580 kB
Cached:           830788 kB
MemTotal:        1844596 kB
MemFree:          588144 kB
MemAvailable:    1487924 kB
Buffers:           90580 kB
Cached:           830788 kB
MemTotal:        1844596 kB
MemFree:          589204 kB
MemAvailable:    1488984 kB
Buffers:           90580 kB
Cached:           830788 kB
MemTotal:        1844596 kB
MemFree:          589204 kB
MemAvailable:    1488984 kB
Buffers:           90580 kB
Cached:           830788 kB
MemTotal:        1844596 kB
MemFree:          589140 kB
MemAvailable:    1488920 kB
Buffers:           90580 kB
Cached:           830788 kB
MemTotal:        1844596 kB
MemFree:          587964 kB
MemAvailable:    1487744 kB
Buffers:           90580 kB
Cached:           830788 kB
MemTotal:        1844596 kB
MemFree:          588984 kB
MemAvailable:    1488764 kB
Buffers:           90580 kB
Cached:           830788 kB
MemTotal:        1844596 kB
MemFree:          588896 kB
MemAvailable:    1488676 kB
Buffers:           90580 kB
Cached:           830788 kB
MemTotal:        1844596 kB
MemFree:          589132 kB
MemAvailable:    1488912 kB
Buffers:           90580 kB
Cached:           830788 kB
MemTotal:        1844596 kB
MemFree:          587844 kB
MemAvailable:    1487624 kB
Buffers:           90580 kB
Cached:           830788 kB
MemTotal:        1844596 kB
MemFree:          588948 kB
MemAvailable:    1488728 kB
Buffers:           90580 kB
Cached:           830788 kB
MemTotal:        1844596 kB
MemFree:          589012 kB
MemAvailable:    1488792 kB
Buffers:           90580 kB
Cached:           830788 kB
MemTotal:        1844596 kB
MemFree:          588936 kB
MemAvailable:    1488716 kB
Buffers:           90580 kB
Cached:           830788 kB
MemTotal:        1844596 kB
MemFree:          587596 kB
MemAvailable:    1487376 kB
Buffers:           90580 kB
Cached:           830788 kB
MemTotal:        1844596 kB
MemFree:          588696 kB
MemAvailable:    1488476 kB
Buffers:           90580 kB
Cached:           830788 kB
MemTotal:        1844596 kB
MemFree:          588864 kB
MemAvailable:    1488644 kB
Buffers:           90580 kB
Cached:           830788 kB
MemTotal:        1844596 kB
MemFree:          588764 kB
MemAvailable:    1488544 kB
Buffers:           90580 kB
Cached:           830788 kB
MemTotal:        1844596 kB
MemFree:          589100 kB
MemAvailable:    1488880 kB
Buffers:           90580 kB
Cached:           830788 kB
MemTotal:        1844596 kB
MemFree:          588700 kB
MemAvailable:    1488480 kB
Buffers:           90580 kB
Cached:           830788 kB
MemTotal:        1844596 kB
MemFree:          587152 kB
MemAvailable:    1486932 kB
Buffers:           90580 kB
Cached:           830788 kB
MemTotal:        1844596 kB
MemFree:          587152 kB
MemAvailable:    1486932 kB
Buffers:           90580 kB
Cached:           830788 kB
MemTotal:        1844596 kB
MemFree:          582988 kB
MemAvailable:    1482768 kB
Buffers:           90580 kB
Cached:           830788 kB
MemTotal:        1844596 kB
MemFree:          580588 kB
MemAvailable:    1480368 kB
Buffers:           90580 kB
Cached:           830788 kB
MemTotal:        1844596 kB
MemFree:          580448 kB
MemAvailable:    1480228 kB
Buffers:           90580 kB
Cached:           830788 kB
MemTotal:        1844596 kB
MemFree:          580340 kB
MemAvailable:    1480120 kB
Buffers:           90580 kB
Cached:           830788 kB
MemTotal:        1844596 kB
MemFree:          580528 kB
MemAvailable:    1480308 kB
Buffers:           90580 kB
Cached:           830788 kB
MemTotal:        1844596 kB
MemFree:          580472 kB
MemAvailable:    1480252 kB
Buffers:           90580 kB
Cached:           830788 kB
MemTotal:        1844596 kB
MemFree:          580384 kB
MemAvailable:    1480164 kB
Buffers:           90580 kB
Cached:           830788 kB
MemTotal:        1844596 kB
MemFree:          580260 kB
MemAvailable:    1480040 kB
Buffers:           90580 kB
Cached:           830788 kB
MemTotal:        1844596 kB
MemFree:          580088 kB
MemAvailable:    1479868 kB
Buffers:           90580 kB
Cached:           830788 kB
MemTotal:        1844596 kB
MemFree:          580124 kB
MemAvailable:    1479904 kB
Buffers:           90580 kB
Cached:           830788 kB
MemTotal:        1844596 kB
MemFree:          580376 kB
MemAvailable:    1480156 kB
Buffers:           90580 kB
Cached:           830788 kB
MemTotal:        1844596 kB
MemFree:          579420 kB
MemAvailable:    1479200 kB
Buffers:           90580 kB
Cached:           830788 kB
MemTotal:        1844596 kB
MemFree:          580276 kB
MemAvailable:    1480056 kB
Buffers:           90580 kB
Cached:           830788 kB
MemTotal:        1844596 kB
MemFree:          580076 kB
MemAvailable:    1479856 kB
Buffers:           90580 kB
Cached:           830788 kB
MemTotal:        1844596 kB
MemFree:          579100 kB
MemAvailable:    1478880 kB
Buffers:           90580 kB
Cached:           830788 kB
MemTotal:        1844596 kB
MemFree:          580092 kB
MemAvailable:    1479872 kB
Buffers:           90580 kB
Cached:           830788 kB
MemTotal:        1844596 kB
MemFree:          579356 kB
MemAvailable:    1479136 kB
Buffers:           90580 kB
Cached:           830788 kB
MemTotal:        1844596 kB
MemFree:          580144 kB
MemAvailable:    1479924 kB
Buffers:           90580 kB
Cached:           830788 kB
MemTotal:        1844596 kB
MemFree:          578976 kB
MemAvailable:    1478756 kB
Buffers:           90580 kB
Cached:           830788 kB
MemTotal:        1844596 kB
MemFree:          579980 kB
MemAvailable:    1479760 kB
Buffers:           90580 kB
Cached:           830788 kB
MemTotal:        1844596 kB
MemFree:          580232 kB
MemAvailable:    1480012 kB
Buffers:           90580 kB
Cached:           830788 kB
MemTotal:        1844596 kB
MemFree:          578968 kB
MemAvailable:    1478748 kB
Buffers:           90580 kB
Cached:           830788 kB
MemTotal:        1844596 kB
MemFree:          580120 kB
MemAvailable:    1479900 kB
Buffers:           90580 kB
Cached:           830788 kB
MemTotal:        1844596 kB
MemFree:          579704 kB
MemAvailable:    1479484 kB
Buffers:           90580 kB
Cached:           830788 kB
MemTotal:        1844596 kB
MemFree:          579084 kB
MemAvailable:    1478872 kB
Buffers:           90580 kB
Cached:           830796 kB
MemTotal:        1844596 kB
MemFree:          580448 kB
MemAvailable:    1480236 kB
Buffers:           90580 kB
Cached:           830796 kB
MemTotal:        1844596 kB
MemFree:          580440 kB
MemAvailable:    1480228 kB
Buffers:           90580 kB
Cached:           830796 kB
MemTotal:        1844596 kB
MemFree:          579224 kB
MemAvailable:    1479012 kB
Buffers:           90580 kB
Cached:           830796 kB
MemTotal:        1844596 kB
MemFree:          580004 kB
MemAvailable:    1479792 kB
Buffers:           90580 kB
Cached:           830796 kB
MemTotal:        1844596 kB
MemFree:          580340 kB
MemAvailable:    1480128 kB
Buffers:           90580 kB
Cached:           830796 kB
MemTotal:        1844596 kB
MemFree:          580076 kB
MemAvailable:    1479864 kB
Buffers:           90580 kB
Cached:           830796 kB
MemTotal:        1844596 kB
MemFree:          579844 kB
MemAvailable:    1479632 kB
Buffers:           90580 kB
Cached:           830796 kB
MemTotal:        1844596 kB
MemFree:          580204 kB
MemAvailable:    1479992 kB
Buffers:           90580 kB
Cached:           830796 kB
MemTotal:        1844596 kB
MemFree:          580344 kB
MemAvailable:    1480132 kB
Buffers:           90580 kB
Cached:           830796 kB
MemTotal:        1844596 kB
MemFree:          579668 kB
MemAvailable:    1479456 kB
Buffers:           90580 kB
Cached:           830796 kB
MemTotal:        1844596 kB
MemFree:          579912 kB
MemAvailable:    1479704 kB
Buffers:           90580 kB
Cached:           830800 kB
MemTotal:        1844596 kB
MemFree:          580248 kB
MemAvailable:    1480040 kB
Buffers:           90580 kB
Cached:           830800 kB
MemTotal:        1844596 kB
MemFree:          578812 kB
MemAvailable:    1478604 kB
Buffers:           90580 kB
Cached:           830800 kB
MemTotal:        1844596 kB
MemFree:          580172 kB
MemAvailable:    1479964 kB
Buffers:           90580 kB
Cached:           830800 kB
MemTotal:        1844596 kB
MemFree:          578828 kB
MemAvailable:    1478620 kB
Buffers:           90580 kB
Cached:           830800 kB
MemTotal:        1844596 kB
MemFree:          580200 kB
MemAvailable:    1479992 kB
Buffers:           90580 kB
Cached:           830800 kB
MemTotal:        1844596 kB
MemFree:          574388 kB
MemAvailable:    1474180 kB
Buffers:           90580 kB
Cached:           830800 kB
MemTotal:        1844596 kB
MemFree:          571164 kB
MemAvailable:    1470956 kB
Buffers:           90580 kB
Cached:           830800 kB
MemTotal:        1844596 kB
MemFree:          568676 kB
MemAvailable:    1468468 kB
Buffers:           90580 kB
Cached:           830800 kB
MemTotal:        1844596 kB
MemFree:          569420 kB
MemAvailable:    1469212 kB
Buffers:           90580 kB
Cached:           830800 kB
MemTotal:        1844596 kB
MemFree:          568568 kB
MemAvailable:    1468360 kB
Buffers:           90580 kB
Cached:           830800 kB
MemTotal:        1844596 kB
MemFree:          569488 kB
MemAvailable:    1469280 kB
Buffers:           90580 kB
Cached:           830800 kB
MemTotal:        1844596 kB
MemFree:          569568 kB
MemAvailable:    1469360 kB
Buffers:           90580 kB
Cached:           830800 kB
MemTotal:        1844596 kB
MemFree:          568756 kB
MemAvailable:    1468548 kB
Buffers:           90580 kB
Cached:           830800 kB
MemTotal:        1844596 kB
MemFree:          569208 kB
MemAvailable:    1469000 kB
Buffers:           90580 kB
Cached:           830800 kB
MemTotal:        1844596 kB
MemFree:          569180 kB
MemAvailable:    1468972 kB
Buffers:           90580 kB
Cached:           830800 kB
MemTotal:        1844596 kB
MemFree:          568008 kB
MemAvailable:    1467800 kB
Buffers:           90580 kB
Cached:           830800 kB
MemTotal:        1844596 kB
MemFree:          568000 kB
MemAvailable:    1467792 kB
Buffers:           90580 kB
Cached:           830800 kB
MemTotal:        1844596 kB
MemFree:          569364 kB
MemAvailable:    1469156 kB
Buffers:           90580 kB
Cached:           830800 kB
MemTotal:        1844596 kB
MemFree:          567876 kB
MemAvailable:    1467668 kB
Buffers:           90580 kB
Cached:           830800 kB
MemTotal:        1844596 kB
MemFree:          569344 kB
MemAvailable:    1469136 kB
Buffers:           90580 kB
Cached:           830800 kB
MemTotal:        1844596 kB
MemFree:          569272 kB
MemAvailable:    1469064 kB
Buffers:           90580 kB
Cached:           830800 kB
MemTotal:        1844596 kB
MemFree:          569188 kB
MemAvailable:    1468980 kB
Buffers:           90580 kB
Cached:           830800 kB
MemTotal:        1844596 kB
MemFree:          569316 kB
MemAvailable:    1469108 kB
Buffers:           90580 kB
Cached:           830800 kB
MemTotal:        1844596 kB
MemFree:          569312 kB
MemAvailable:    1469104 kB
Buffers:           90580 kB
Cached:           830800 kB
MemTotal:        1844596 kB
MemFree:          568568 kB
MemAvailable:    1468360 kB
Buffers:           90580 kB
Cached:           830800 kB
MemTotal:        1844596 kB
MemFree:          569264 kB
MemAvailable:    1469056 kB
Buffers:           90580 kB
Cached:           830800 kB
MemTotal:        1844596 kB
MemFree:          568188 kB
MemAvailable:    1467980 kB
Buffers:           90580 kB
Cached:           830800 kB
MemTotal:        1844596 kB
MemFree:          569304 kB
MemAvailable:    1469096 kB
Buffers:           90580 kB
Cached:           830800 kB
MemTotal:        1844596 kB
MemFree:          569040 kB
MemAvailable:    1468832 kB
Buffers:           90580 kB
Cached:           830800 kB
MemTotal:        1844596 kB
MemFree:          568604 kB
MemAvailable:    1468272 kB
Buffers:           90580 kB
Cached:           830800 kB
MemTotal:        1844596 kB
MemFree:          569232 kB
MemAvailable:    1469024 kB
Buffers:           90580 kB
Cached:           830800 kB
MemTotal:        1844596 kB
MemFree:          569240 kB
MemAvailable:    1469032 kB
Buffers:           90580 kB
Cached:           830800 kB
MemTotal:        1844596 kB
MemFree:          568568 kB
MemAvailable:    1468360 kB
Buffers:           90580 kB
Cached:           830800 kB
MemTotal:        1844596 kB
MemFree:          569296 kB
MemAvailable:    1469088 kB
Buffers:           90580 kB
Cached:           830800 kB
MemTotal:        1844596 kB
MemFree:          569064 kB
MemAvailable:    1468856 kB
Buffers:           90580 kB
Cached:           830800 kB
MemTotal:        1844596 kB
MemFree:          569108 kB
MemAvailable:    1468900 kB
Buffers:           90580 kB
Cached:           830800 kB
MemTotal:        1844596 kB
MemFree:          568008 kB
MemAvailable:    1467800 kB
Buffers:           90580 kB
Cached:           830800 kB
MemTotal:        1844596 kB
MemFree:          568436 kB
MemAvailable:    1468228 kB
Buffers:           90580 kB
Cached:           830800 kB
MemTotal:        1844596 kB
MemFree:          569160 kB
MemAvailable:    1468952 kB
Buffers:           90580 kB
Cached:           830800 kB
MemTotal:        1844596 kB
MemFree:          568756 kB
MemAvailable:    1468548 kB
Buffers:           90580 kB
Cached:           830800 kB
MemTotal:        1844596 kB
MemFree:          568044 kB
MemAvailable:    1467836 kB
Buffers:           90580 kB
Cached:           830800 kB
MemTotal:        1844596 kB
MemFree:          569240 kB
MemAvailable:    1469032 kB
Buffers:           90580 kB
Cached:           830800 kB
MemTotal:        1844596 kB
MemFree:          568568 kB
MemAvailable:    1468360 kB
Buffers:           90580 kB
Cached:           830800 kB
MemTotal:        1844596 kB
MemFree:          569192 kB
MemAvailable:    1468988 kB
Buffers:           90580 kB
Cached:           830804 kB
MemTotal:        1844596 kB
MemFree:          567892 kB
MemAvailable:    1467688 kB
Buffers:           90580 kB
Cached:           830804 kB
MemTotal:        1844596 kB
MemFree:          568064 kB
MemAvailable:    1467860 kB
Buffers:           90580 kB
Cached:           830804 kB
MemTotal:        1844596 kB
MemFree:          569184 kB
MemAvailable:    1468980 kB
Buffers:           90580 kB
Cached:           830804 kB
MemTotal:        1844596 kB
MemFree:          568568 kB
MemAvailable:    1468364 kB
Buffers:           90580 kB
Cached:           830804 kB
MemTotal:        1844596 kB
MemFree:          569040 kB
MemAvailable:    1468836 kB
Buffers:           90580 kB
Cached:           830804 kB
MemTotal:        1844596 kB
MemFree:          569376 kB
MemAvailable:    1469172 kB
Buffers:           90580 kB
Cached:           830804 kB
MemTotal:        1844596 kB
MemFree:          569316 kB
MemAvailable:    1469112 kB
Buffers:           90580 kB
Cached:           830804 kB
MemTotal:        1844596 kB
MemFree:          569172 kB
MemAvailable:    1468968 kB
Buffers:           90580 kB
Cached:           830804 kB
MemTotal:        1844596 kB
MemFree:          569172 kB
MemAvailable:    1468968 kB
Buffers:           90580 kB
Cached:           830804 kB
MemTotal:        1844596 kB
MemFree:          567940 kB
MemAvailable:    1467736 kB
Buffers:           90580 kB
Cached:           830804 kB
MemTotal:        1844596 kB
MemFree:          569264 kB
MemAvailable:    1469060 kB
Buffers:           90580 kB
Cached:           830804 kB
MemTotal:        1844596 kB
MemFree:          568188 kB
MemAvailable:    1467984 kB
Buffers:           90580 kB
Cached:           830804 kB
MemTotal:        1844596 kB
MemFree:          569108 kB
MemAvailable:    1468904 kB
Buffers:           90580 kB
Cached:           830804 kB
MemTotal:        1844596 kB
MemFree:          567800 kB
MemAvailable:    1467596 kB
Buffers:           90580 kB
Cached:           830804 kB
MemTotal:        1844596 kB
MemFree:          568612 kB
MemAvailable:    1468408 kB
Buffers:           90580 kB
Cached:           830804 kB
MemTotal:        1844596 kB
MemFree:          568436 kB
MemAvailable:    1468232 kB
Buffers:           90580 kB
Cached:           830804 kB
MemTotal:        1844596 kB
MemFree:          567064 kB
MemAvailable:    1466860 kB
Buffers:           90580 kB
Cached:           830804 kB
MemTotal:        1844596 kB
MemFree:          566940 kB
MemAvailable:    1466736 kB
Buffers:           90580 kB
Cached:           830804 kB
MemTotal:        1844596 kB
MemFree:          568016 kB
MemAvailable:    1467812 kB
Buffers:           90580 kB
Cached:           830804 kB
MemTotal:        1844596 kB
MemFree:          568268 kB
MemAvailable:    1468064 kB
Buffers:           90580 kB
Cached:           830804 kB
MemTotal:        1844596 kB
MemFree:          567024 kB
MemAvailable:    1466820 kB
Buffers:           90580 kB
Cached:           830804 kB
MemTotal:        1844596 kB
MemFree:          568012 kB
MemAvailable:    1467808 kB
Buffers:           90580 kB
Cached:           830804 kB
MemTotal:        1844596 kB
MemFree:          567984 kB
MemAvailable:    1467780 kB
Buffers:           90580 kB
Cached:           830804 kB
MemTotal:        1844596 kB
MemFree:          567892 kB
MemAvailable:    1467688 kB
Buffers:           90580 kB
Cached:           830804 kB
MemTotal:        1844596 kB
MemFree:          567892 kB
MemAvailable:    1467688 kB
Buffers:           90580 kB
Cached:           830804 kB
MemTotal:        1844596 kB
MemFree:          566652 kB
MemAvailable:    1466448 kB
Buffers:           90580 kB
Cached:           830804 kB
MemTotal:        1844596 kB
MemFree:          567664 kB
MemAvailable:    1467460 kB
Buffers:           90580 kB
Cached:           830804 kB
MemTotal:        1844596 kB
MemFree:          567916 kB
MemAvailable:    1467712 kB
Buffers:           90580 kB
Cached:           830804 kB
MemTotal:        1844596 kB
MemFree:          567636 kB
MemAvailable:    1467432 kB
Buffers:           90580 kB
Cached:           830804 kB
MemTotal:        1844596 kB
MemFree:          567684 kB
MemAvailable:    1467480 kB
Buffers:           90580 kB
Cached:           830804 kB
MemTotal:        1844596 kB
MemFree:          566452 kB
MemAvailable:    1466252 kB
Buffers:           90580 kB
Cached:           830808 kB
MemTotal:        1844596 kB
MemFree:          567636 kB
MemAvailable:    1467436 kB
Buffers:           90580 kB
Cached:           830808 kB
MemTotal:        1844596 kB
MemFree:          567584 kB
MemAvailable:    1467384 kB
Buffers:           90580 kB
Cached:           830808 kB
MemTotal:        1844596 kB
MemFree:          567876 kB
MemAvailable:    1467676 kB
Buffers:           90580 kB
Cached:           830808 kB
MemTotal:        1844596 kB
MemFree:          566824 kB
MemAvailable:    1466624 kB
Buffers:           90580 kB
Cached:           830808 kB
MemTotal:        1844596 kB
MemFree:          566404 kB
MemAvailable:    1466204 kB
Buffers:           90580 kB
Cached:           830808 kB
MemTotal:        1844596 kB
MemFree:          567656 kB
MemAvailable:    1467456 kB
Buffers:           90580 kB
Cached:           830808 kB
MemTotal:        1844596 kB
MemFree:          566964 kB
MemAvailable:    1466764 kB
Buffers:           90580 kB
Cached:           830808 kB
MemTotal:        1844596 kB
MemFree:          566704 kB
MemAvailable:    1466504 kB
Buffers:           90580 kB
Cached:           830808 kB
MemTotal:        1844596 kB
MemFree:          566580 kB
MemAvailable:    1466380 kB
Buffers:           90580 kB
Cached:           830808 kB
MemTotal:        1844596 kB
MemFree:          564792 kB
MemAvailable:    1464592 kB
Buffers:           90580 kB
Cached:           830808 kB
MemTotal:        1844596 kB
MemFree:          560392 kB
MemAvailable:    1460192 kB
Buffers:           90580 kB
Cached:           830808 kB
MemTotal:        1844596 kB
MemFree:          556912 kB
MemAvailable:    1456712 kB
Buffers:           90580 kB
Cached:           830808 kB
MemTotal:        1844596 kB
MemFree:          556912 kB
MemAvailable:    1456712 kB
Buffers:           90580 kB
Cached:           830808 kB
MemTotal:        1844596 kB
MemFree:          555184 kB
MemAvailable:    1454984 kB
Buffers:           90580 kB
Cached:           830808 kB
MemTotal:        1844596 kB
MemFree:          555184 kB
MemAvailable:    1454984 kB
Buffers:           90580 kB
Cached:           830808 kB
MemTotal:        1844596 kB
MemFree:          556360 kB
MemAvailable:    1456160 kB
Buffers:           90580 kB
Cached:           830808 kB
MemTotal:        1844596 kB
MemFree:          554936 kB
MemAvailable:    1454736 kB
Buffers:           90580 kB
Cached:           830808 kB
MemTotal:        1844596 kB
MemFree:          555484 kB
MemAvailable:    1455284 kB
Buffers:           90580 kB
Cached:           830808 kB
MemTotal:        1844596 kB
MemFree:          554812 kB
MemAvailable:    1454612 kB
Buffers:           90580 kB
Cached:           830808 kB
MemTotal:        1844596 kB
MemFree:          555304 kB
MemAvailable:    1455104 kB
Buffers:           90580 kB
Cached:           830808 kB
MemTotal:        1844596 kB
MemFree:          554184 kB
MemAvailable:    1453984 kB
Buffers:           90580 kB
Cached:           830808 kB
MemTotal:        1844596 kB
MemFree:          554440 kB
MemAvailable:    1454240 kB
Buffers:           90580 kB
Cached:           830808 kB
MemTotal:        1844596 kB
MemFree:          553200 kB
MemAvailable:    1453000 kB
Buffers:           90580 kB
Cached:           830808 kB
MemTotal:        1844596 kB
MemFree:          551588 kB
MemAvailable:    1451388 kB
Buffers:           90580 kB
Cached:           830808 kB
MemTotal:        1844596 kB
MemFree:          551464 kB
MemAvailable:    1451264 kB
Buffers:           90580 kB
Cached:           830808 kB
MemTotal:        1844596 kB
MemFree:          552616 kB
MemAvailable:    1452416 kB
Buffers:           90580 kB
Cached:           830808 kB
MemTotal:        1844596 kB
MemFree:          551588 kB
MemAvailable:    1451388 kB
Buffers:           90580 kB
Cached:           830808 kB
MemTotal:        1844596 kB
MemFree:          552408 kB
MemAvailable:    1452212 kB
Buffers:           90580 kB
Cached:           830812 kB
MemTotal:        1844596 kB
MemFree:          552664 kB
MemAvailable:    1452468 kB
Buffers:           90580 kB
Cached:           830812 kB
MemTotal:        1844596 kB
MemFree:          552316 kB
MemAvailable:    1452120 kB
Buffers:           90580 kB
Cached:           830812 kB
MemTotal:        1844596 kB
MemFree:          552456 kB
MemAvailable:    1452136 kB
Buffers:           90580 kB
Cached:           830812 kB
MemTotal:        1844596 kB
MemFree:          552336 kB
MemAvailable:    1452140 kB
Buffers:           90580 kB
Cached:           830812 kB
MemTotal:        1844596 kB
MemFree:          551412 kB
MemAvailable:    1451216 kB
Buffers:           90580 kB
Cached:           830812 kB
MemTotal:        1844596 kB
MemFree:          551324 kB
MemAvailable:    1451128 kB
Buffers:           90580 kB
Cached:           830812 kB
MemTotal:        1844596 kB
MemFree:          551216 kB
MemAvailable:    1451020 kB
Buffers:           90580 kB
Cached:           830812 kB
MemTotal:        1844596 kB
MemFree:          551208 kB
MemAvailable:    1451012 kB
Buffers:           90580 kB
Cached:           830812 kB
MemTotal:        1844596 kB
MemFree:          550968 kB
MemAvailable:    1450772 kB
Buffers:           90580 kB
Cached:           830812 kB
MemTotal:        1844596 kB
MemFree:          551828 kB
MemAvailable:    1451632 kB
Buffers:           90580 kB
Cached:           830812 kB
MemTotal:        1844596 kB
MemFree:          551912 kB
MemAvailable:    1451716 kB
Buffers:           90580 kB
Cached:           830812 kB
MemTotal:        1844596 kB
MemFree:          551392 kB
MemAvailable:    1451196 kB
Buffers:           90580 kB
Cached:           830812 kB
MemTotal:        1844596 kB
MemFree:          550084 kB
MemAvailable:    1449888 kB
Buffers:           90580 kB
Cached:           830812 kB
MemTotal:        1844596 kB
MemFree:          549344 kB
MemAvailable:    1449148 kB
Buffers:           90580 kB
Cached:           830812 kB
MemTotal:        1844596 kB
MemFree:          550452 kB
MemAvailable:    1450256 kB
Buffers:           90580 kB
Cached:           830812 kB
MemTotal:        1844596 kB
MemFree:          549232 kB
MemAvailable:    1449036 kB
Buffers:           90580 kB
Cached:           830812 kB
MemTotal:        1844596 kB
MemFree:          550268 kB
MemAvailable:    1450072 kB
Buffers:           90580 kB
Cached:           830812 kB
MemTotal:        1844596 kB
MemFree:          549704 kB
MemAvailable:    1449508 kB
Buffers:           90580 kB
Cached:           830812 kB
MemTotal:        1844596 kB
MemFree:          549788 kB
MemAvailable:    1449592 kB
Buffers:           90580 kB
Cached:           830812 kB
MemTotal:        1844596 kB
MemFree:          549168 kB
MemAvailable:    1448972 kB
Buffers:           90580 kB
Cached:           830812 kB
MemTotal:        1844596 kB
MemFree:          549036 kB
MemAvailable:    1448840 kB
Buffers:           90580 kB
Cached:           830812 kB
MemTotal:        1844596 kB
MemFree:          548432 kB
MemAvailable:    1448236 kB
Buffers:           90580 kB
Cached:           830812 kB
MemTotal:        1844596 kB
MemFree:          548232 kB
MemAvailable:    1448036 kB
Buffers:           90580 kB
Cached:           830812 kB
MemTotal:        1844596 kB
MemFree:          548552 kB
MemAvailable:    1448356 kB
Buffers:           90580 kB
Cached:           830812 kB
MemTotal:        1844596 kB
MemFree:          547064 kB
MemAvailable:    1446868 kB
Buffers:           90580 kB
Cached:           830812 kB
MemTotal:        1844596 kB
MemFree:          547188 kB
MemAvailable:    1446992 kB
Buffers:           90580 kB
Cached:           830812 kB
MemTotal:        1844596 kB
MemFree:          548364 kB
MemAvailable:    1448168 kB
Buffers:           90580 kB
Cached:           830812 kB
MemTotal:        1844596 kB
MemFree:          547056 kB
MemAvailable:    1446860 kB
Buffers:           90580 kB
Cached:           830812 kB
MemTotal:        1844596 kB
MemFree:          548332 kB
MemAvailable:    1448136 kB
Buffers:           90580 kB
Cached:           830812 kB
MemTotal:        1844596 kB
MemFree:          548584 kB
MemAvailable:    1448388 kB
Buffers:           90580 kB
Cached:           830812 kB
MemTotal:        1844596 kB
MemFree:          547076 kB
MemAvailable:    1446880 kB
Buffers:           90580 kB
Cached:           830812 kB
MemTotal:        1844596 kB
MemFree:          548356 kB
MemAvailable:    1448160 kB
Buffers:           90580 kB
Cached:           830812 kB
MemTotal:        1844596 kB
MemFree:          548356 kB
MemAvailable:    1448160 kB
Buffers:           90580 kB
Cached:           830812 kB
MemTotal:        1844596 kB
MemFree:          548180 kB
MemAvailable:    1447984 kB
Buffers:           90580 kB
Cached:           830812 kB
MemTotal:        1844596 kB
MemFree:          548276 kB
MemAvailable:    1448080 kB
Buffers:           90580 kB
Cached:           830812 kB
MemTotal:        1844596 kB
MemFree:          546844 kB
MemAvailable:    1446648 kB
Buffers:           90580 kB
Cached:           830812 kB
MemTotal:        1844596 kB
MemFree:          548228 kB
MemAvailable:    1448032 kB
Buffers:           90580 kB
Cached:           830812 kB
MemTotal:        1844596 kB
MemFree:          546964 kB
MemAvailable:    1446768 kB
Buffers:           90580 kB
Cached:           830812 kB
MemTotal:        1844596 kB
MemFree:          546832 kB
MemAvailable:    1446636 kB
Buffers:           90580 kB
Cached:           830812 kB
MemTotal:        1844596 kB
MemFree:          546832 kB
MemAvailable:    1446636 kB
Buffers:           90580 kB
Cached:           830812 kB
MemTotal:        1844596 kB
MemFree:          548132 kB
MemAvailable:    1447936 kB
Buffers:           90580 kB
Cached:           830812 kB
MemTotal:        1844596 kB
MemFree:          546992 kB
MemAvailable:    1446796 kB
Buffers:           90580 kB
Cached:           830812 kB
MemTotal:        1844596 kB
MemFree:          546868 kB
MemAvailable:    1446672 kB
Buffers:           90580 kB
Cached:           830812 kB
MemTotal:        1844596 kB
MemFree:          548060 kB
MemAvailable:    1447872 kB
Buffers:           90580 kB
Cached:           830820 kB
MemTotal:        1844596 kB
MemFree:          548312 kB
MemAvailable:    1448124 kB
Buffers:           90580 kB
Cached:           830820 kB
MemTotal:        1844596 kB
MemFree:          548060 kB
MemAvailable:    1447872 kB
Buffers:           90580 kB
Cached:           830820 kB
MemTotal:        1844596 kB
MemFree:          548180 kB
MemAvailable:    1447992 kB
Buffers:           90580 kB
Cached:           830820 kB
MemTotal:        1844596 kB
MemFree:          547372 kB
MemAvailable:    1447184 kB
Buffers:           90580 kB
Cached:           830820 kB
MemTotal:        1844596 kB
MemFree:          547248 kB
MemAvailable:    1447060 kB
Buffers:           90580 kB
Cached:           830820 kB
MemTotal:        1844596 kB
MemFree:          547116 kB
MemAvailable:    1446928 kB
Buffers:           90580 kB
Cached:           830820 kB
MemTotal:        1844596 kB
MemFree:          546796 kB
MemAvailable:    1446608 kB
Buffers:           90580 kB
Cached:           830820 kB
MemTotal:        1844596 kB
MemFree:          545752 kB
MemAvailable:    1445564 kB
Buffers:           90580 kB
Cached:           830820 kB
MemTotal:        1844596 kB
MemFree:          545760 kB
MemAvailable:    1445572 kB
Buffers:           90580 kB
Cached:           830820 kB
MemTotal:        1844596 kB
MemFree:          543652 kB
MemAvailable:    1443464 kB
Buffers:           90580 kB
Cached:           830820 kB
MemTotal:        1844596 kB
MemFree:          543156 kB
MemAvailable:    1442968 kB
Buffers:           90580 kB
Cached:           830820 kB
MemTotal:        1844596 kB
MemFree:          539188 kB
MemAvailable:    1439000 kB
Buffers:           90580 kB
Cached:           830820 kB
MemTotal:        1844596 kB
MemFree:          536708 kB
MemAvailable:    1436520 kB
Buffers:           90580 kB
Cached:           830820 kB
MemTotal:        1844596 kB
MemFree:          533908 kB
MemAvailable:    1433720 kB
Buffers:           90580 kB
Cached:           830820 kB
MemTotal:        1844596 kB
MemFree:          531188 kB
MemAvailable:    1431000 kB
Buffers:           90580 kB
Cached:           830820 kB
MemTotal:        1844596 kB
MemFree:          529536 kB
MemAvailable:    1429348 kB
Buffers:           90580 kB
Cached:           830820 kB
MemTotal:        1844596 kB
MemFree:          529536 kB
MemAvailable:    1429348 kB
Buffers:           90580 kB
Cached:           830820 kB
MemTotal:        1844596 kB
MemFree:          528604 kB
MemAvailable:    1428416 kB
Buffers:           90580 kB
Cached:           830820 kB
MemTotal:        1844596 kB
MemFree:          528384 kB
MemAvailable:    1428196 kB
Buffers:           90580 kB
Cached:           830820 kB
MemTotal:        1844596 kB
MemFree:          529748 kB
MemAvailable:    1429560 kB
Buffers:           90580 kB
Cached:           830820 kB
MemTotal:        1844596 kB
MemFree:          529444 kB
MemAvailable:    1429256 kB
Buffers:           90580 kB
Cached:           830820 kB
MemTotal:        1844596 kB
MemFree:          528756 kB
MemAvailable:    1428568 kB
Buffers:           90580 kB
Cached:           830820 kB
MemTotal:        1844596 kB
MemFree:          529640 kB
MemAvailable:    1429452 kB
Buffers:           90580 kB
Cached:           830820 kB
MemTotal:        1844596 kB
MemFree:          528400 kB
MemAvailable:    1428212 kB
Buffers:           90580 kB
Cached:           830820 kB
MemTotal:        1844596 kB
MemFree:          529324 kB
MemAvailable:    1429136 kB
Buffers:           90580 kB
Cached:           830820 kB
MemTotal:        1844596 kB
MemFree:          529004 kB
MemAvailable:    1428816 kB
Buffers:           90580 kB
Cached:           830820 kB
MemTotal:        1844596 kB
MemFree:          529492 kB
MemAvailable:    1429308 kB
Buffers:           90580 kB
Cached:           830824 kB
MemTotal:        1844596 kB
MemFree:          529576 kB
MemAvailable:    1429392 kB
Buffers:           90580 kB
Cached:           830824 kB
MemTotal:        1844596 kB
MemFree:          529204 kB
MemAvailable:    1429020 kB
Buffers:           90580 kB
Cached:           830824 kB
MemTotal:        1844596 kB
MemFree:          529028 kB
MemAvailable:    1428844 kB
Buffers:           90580 kB
Cached:           830824 kB
MemTotal:        1844596 kB
MemFree:          528640 kB
MemAvailable:    1428456 kB
Buffers:           90580 kB
Cached:           830824 kB
MemTotal:        1844596 kB
MemFree:          528408 kB
MemAvailable:    1428224 kB
Buffers:           90580 kB
Cached:           830824 kB
MemTotal:        1844596 kB
MemFree:          528444 kB
MemAvailable:    1428260 kB
Buffers:           90580 kB
Cached:           830824 kB
MemTotal:        1844596 kB
MemFree:          528640 kB
MemAvailable:    1428456 kB
Buffers:           90580 kB
Cached:           830824 kB
MemTotal:        1844596 kB
MemFree:          528408 kB
MemAvailable:    1428224 kB
Buffers:           90580 kB
Cached:           830824 kB
MemTotal:        1844596 kB
MemFree:          527276 kB
MemAvailable:    1427092 kB
Buffers:           90580 kB
Cached:           830824 kB
MemTotal:        1844596 kB
MemFree:          528640 kB
MemAvailable:    1428456 kB
Buffers:           90580 kB
Cached:           830824 kB
MemTotal:        1844596 kB
MemFree:          528408 kB
MemAvailable:    1428224 kB
Buffers:           90580 kB
Cached:           830824 kB
MemTotal:        1844596 kB
MemFree:          528528 kB
MemAvailable:    1428344 kB
Buffers:           90580 kB
Cached:           830824 kB
MemTotal:        1844596 kB
MemFree:          528656 kB
MemAvailable:    1428472 kB
Buffers:           90580 kB
Cached:           830824 kB
MemTotal:        1844596 kB
MemFree:          527780 kB
MemAvailable:    1427596 kB
Buffers:           90580 kB
Cached:           830824 kB
MemTotal:        1844596 kB
MemFree:          528464 kB
MemAvailable:    1428280 kB
Buffers:           90580 kB
Cached:           830824 kB
MemTotal:        1844596 kB
MemFree:          528716 kB
MemAvailable:    1428532 kB
Buffers:           90580 kB
Cached:           830824 kB
MemTotal:        1844596 kB
MemFree:          528648 kB
MemAvailable:    1428464 kB
Buffers:           90580 kB
Cached:           830824 kB
MemTotal:        1844596 kB
MemFree:          527524 kB
MemAvailable:    1427340 kB
Buffers:           90580 kB
Cached:           830824 kB
MemTotal:        1844596 kB
MemFree:          527400 kB
MemAvailable:    1427216 kB
Buffers:           90580 kB
Cached:           830824 kB
MemTotal:        1844596 kB
MemFree:          527228 kB
MemAvailable:    1427044 kB
Buffers:           90580 kB
Cached:           830824 kB
MemTotal:        1844596 kB
MemFree:          528588 kB
MemAvailable:    1428404 kB
Buffers:           90580 kB
Cached:           830824 kB
MemTotal:        1844596 kB
MemFree:          528444 kB
MemAvailable:    1428260 kB
Buffers:           90580 kB
Cached:           830824 kB
MemTotal:        1844596 kB
MemFree:          528528 kB
MemAvailable:    1428344 kB
Buffers:           90580 kB
Cached:           830824 kB
MemTotal:        1844596 kB
MemFree:          528012 kB
MemAvailable:    1427828 kB
Buffers:           90580 kB
Cached:           830824 kB
MemTotal:        1844596 kB
MemFree:          527780 kB
MemAvailable:    1427596 kB
Buffers:           90580 kB
Cached:           830824 kB
MemTotal:        1844596 kB
MemFree:          522696 kB
MemAvailable:    1422512 kB
Buffers:           90580 kB
Cached:           830824 kB
MemTotal:        1844596 kB
MemFree:          519844 kB
MemAvailable:    1419660 kB
Buffers:           90580 kB
Cached:           830824 kB
MemTotal:        1844596 kB
MemFree:          517488 kB
MemAvailable:    1417304 kB
Buffers:           90580 kB
Cached:           830824 kB
MemTotal:        1844596 kB
MemFree:          514760 kB
MemAvailable:    1414576 kB
Buffers:           90580 kB
Cached:           830824 kB
MemTotal:        1844596 kB
MemFree:          511412 kB
MemAvailable:    1411228 kB
Buffers:           90580 kB
Cached:           830824 kB
MemTotal:        1844596 kB
MemFree:          509304 kB
MemAvailable:    1409120 kB
Buffers:           90580 kB
Cached:           830824 kB
MemTotal:        1844596 kB
MemFree:          509172 kB
MemAvailable:    1408988 kB
Buffers:           90580 kB
Cached:           830824 kB
MemTotal:        1844596 kB
MemFree:          510412 kB
MemAvailable:    1410228 kB
Buffers:           90580 kB
Cached:           830824 kB
MemTotal:        1844596 kB
MemFree:          509428 kB
MemAvailable:    1409244 kB
Buffers:           90580 kB
Cached:           830824 kB
MemTotal:        1844596 kB
MemFree:          510124 kB
MemAvailable:    1409940 kB
Buffers:           90580 kB
Cached:           830824 kB
MemTotal:        1844596 kB
MemFree:          510460 kB
MemAvailable:    1410276 kB
Buffers:           90580 kB
Cached:           830824 kB
MemTotal:        1844596 kB
MemFree:          510248 kB
MemAvailable:    1410064 kB
Buffers:           90580 kB
Cached:           830824 kB
MemTotal:        1844596 kB
MemFree:          510504 kB
MemAvailable:    1410320 kB
Buffers:           90580 kB
Cached:           830824 kB
MemTotal:        1844596 kB
MemFree:          510156 kB
MemAvailable:    1409972 kB
Buffers:           90580 kB
Cached:           830824 kB
MemTotal:        1844596 kB
MemFree:          508788 kB
MemAvailable:    1408604 kB
Buffers:           90580 kB
Cached:           830824 kB
MemTotal:        1844596 kB
MemFree:          510212 kB
MemAvailable:    1410028 kB
Buffers:           90580 kB
Cached:           830824 kB
MemTotal:        1844596 kB
MemFree:          510368 kB
MemAvailable:    1410184 kB
Buffers:           90580 kB
Cached:           830824 kB
MemTotal:        1844596 kB
MemFree:          509004 kB
MemAvailable:    1408820 kB
Buffers:           90580 kB
Cached:           830824 kB
MemTotal:        1844596 kB
MemFree:          510236 kB
MemAvailable:    1410052 kB
Buffers:           90580 kB
Cached:           830824 kB
MemTotal:        1844596 kB
MemFree:          510236 kB
MemAvailable:    1410052 kB
Buffers:           90580 kB
Cached:           830824 kB
MemTotal:        1844596 kB
MemFree:          510164 kB
MemAvailable:    1409980 kB
Buffers:           90580 kB
Cached:           830824 kB
MemTotal:        1844596 kB
MemFree:          508924 kB
MemAvailable:    1408744 kB
Buffers:           90580 kB
Cached:           830828 kB
MemTotal:        1844596 kB
MemFree:          509132 kB
MemAvailable:    1408952 kB
Buffers:           90580 kB
Cached:           830828 kB
MemTotal:        1844596 kB
MemFree:          509124 kB
MemAvailable:    1408944 kB
Buffers:           90580 kB
Cached:           830828 kB
MemTotal:        1844596 kB
MemFree:          509056 kB
MemAvailable:    1408876 kB
Buffers:           90580 kB
Cached:           830828 kB
MemTotal:        1844596 kB
MemFree:          509304 kB
MemAvailable:    1409124 kB
Buffers:           90580 kB
Cached:           830828 kB
MemTotal:        1844596 kB
MemFree:          510280 kB
MemAvailable:    1410100 kB
Buffers:           90580 kB
Cached:           830828 kB
MemTotal:        1844596 kB
MemFree:          510280 kB
MemAvailable:    1410100 kB
Buffers:           90580 kB
Cached:           830828 kB
MemTotal:        1844596 kB
MemFree:          510300 kB
MemAvailable:    1410120 kB
Buffers:           90580 kB
Cached:           830828 kB
MemTotal:        1844596 kB
MemFree:          510296 kB
MemAvailable:    1410116 kB
Buffers:           90580 kB
Cached:           830828 kB
MemTotal:        1844596 kB
MemFree:          509560 kB
MemAvailable:    1409380 kB
Buffers:           90580 kB
Cached:           830828 kB
MemTotal:        1844596 kB
MemFree:          510296 kB
MemAvailable:    1410116 kB
Buffers:           90580 kB
Cached:           830828 kB
MemTotal:        1844596 kB
MemFree:          510232 kB
MemAvailable:    1410052 kB
Buffers:           90580 kB
Cached:           830828 kB
MemTotal:        1844596 kB
MemFree:          509056 kB
MemAvailable:    1408876 kB
Buffers:           90580 kB
Cached:           830828 kB
MemTotal:        1844596 kB
MemFree:          510412 kB
MemAvailable:    1410232 kB
Buffers:           90580 kB
Cached:           830828 kB
MemTotal:        1844596 kB
MemFree:          510164 kB
MemAvailable:    1409984 kB
Buffers:           90580 kB
Cached:           830828 kB
MemTotal:        1844596 kB
MemFree:          509132 kB
MemAvailable:    1408952 kB
Buffers:           90580 kB
Cached:           830828 kB
MemTotal:        1844596 kB
MemFree:          510284 kB
MemAvailable:    1410104 kB
Buffers:           90580 kB
Cached:           830828 kB
MemTotal:        1844596 kB
MemFree:          508872 kB
MemAvailable:    1408692 kB
Buffers:           90580 kB
Cached:           830828 kB
MemTotal:        1844596 kB
MemFree:          509120 kB
MemAvailable:    1408940 kB
Buffers:           90580 kB
Cached:           830828 kB
MemTotal:        1844596 kB
MemFree:          510124 kB
MemAvailable:    1409944 kB
Buffers:           90580 kB
Cached:           830828 kB
MemTotal:        1844596 kB
MemFree:          505584 kB
MemAvailable:    1405404 kB
Buffers:           90580 kB
Cached:           830828 kB
MemTotal:        1844596 kB
MemFree:          501616 kB
MemAvailable:    1401436 kB
Buffers:           90580 kB
Cached:           830828 kB
MemTotal:        1844596 kB
MemFree:          498268 kB
MemAvailable:    1398088 kB
Buffers:           90580 kB
Cached:           830828 kB
MemTotal:        1844596 kB
MemFree:          493424 kB
MemAvailable:    1393244 kB
Buffers:           90580 kB
Cached:           830828 kB
MemTotal:        1844596 kB
MemFree:          492316 kB
MemAvailable:    1392136 kB
Buffers:           90580 kB
Cached:           830828 kB
MemTotal:        1844596 kB
MemFree:          492068 kB
MemAvailable:    1391888 kB
Buffers:           90580 kB
Cached:           830828 kB
MemTotal:        1844596 kB
MemFree:          492068 kB
MemAvailable:    1391888 kB
Buffers:           90580 kB
Cached:           830828 kB
MemTotal:        1844596 kB
MemFree:          492316 kB
MemAvailable:    1392136 kB
Buffers:           90580 kB
Cached:           830828 kB
MemTotal:        1844596 kB
MemFree:          492060 kB
MemAvailable:    1391880 kB
Buffers:           90580 kB
Cached:           830828 kB
MemTotal:        1844596 kB
MemFree:          492144 kB
MemAvailable:    1391964 kB
Buffers:           90580 kB
Cached:           830828 kB
MemTotal:        1844596 kB
MemFree:          491896 kB
MemAvailable:    1391716 kB
Buffers:           90580 kB
Cached:           830828 kB
MemTotal:        1844596 kB
MemFree:          490776 kB
MemAvailable:    1390596 kB
Buffers:           90580 kB
Cached:           830828 kB
MemTotal:        1844596 kB
MemFree:          491928 kB
MemAvailable:    1391748 kB
Buffers:           90580 kB
Cached:           830828 kB
MemTotal:        1844596 kB
MemFree:          491564 kB
MemAvailable:    1391384 kB
Buffers:           90580 kB
Cached:           830828 kB
MemTotal:        1844596 kB
MemFree:          491648 kB
MemAvailable:    1391468 kB
Buffers:           90580 kB
Cached:           830828 kB
MemTotal:        1844596 kB
MemFree:          490160 kB
MemAvailable:    1389980 kB
Buffers:           90580 kB
Cached:           830828 kB
MemTotal:        1844596 kB
MemFree:          491336 kB
MemAvailable:    1391156 kB
Buffers:           90580 kB
Cached:           830828 kB
MemTotal:        1844596 kB
MemFree:          490712 kB
MemAvailable:    1390532 kB
Buffers:           90580 kB
Cached:           830828 kB
MemTotal:        1844596 kB
MemFree:          491284 kB
MemAvailable:    1391112 kB
Buffers:           90580 kB
Cached:           830836 kB
MemTotal:        1844596 kB
MemFree:          489836 kB
MemAvailable:    1389664 kB
Buffers:           90580 kB
Cached:           830836 kB
MemTotal:        1844596 kB
MemFree:          490764 kB
MemAvailable:    1390592 kB
Buffers:           90580 kB
Cached:           830836 kB
MemTotal:        1844596 kB
MemFree:          489216 kB
MemAvailable:    1389044 kB
Buffers:           90580 kB
Cached:           830836 kB
MemTotal:        1844596 kB
MemFree:          488968 kB
MemAvailable:    1388796 kB
Buffers:           90580 kB
Cached:           830836 kB
MemTotal:        1844596 kB
MemFree:          489144 kB
MemAvailable:    1388972 kB
Buffers:           90580 kB
Cached:           830836 kB
MemTotal:        1844596 kB
MemFree:          488092 kB
MemAvailable:    1387920 kB
Buffers:           90580 kB
Cached:           830836 kB
MemTotal:        1844596 kB
MemFree:          488708 kB
MemAvailable:    1388536 kB
Buffers:           90580 kB
Cached:           830836 kB
MemTotal:        1844596 kB
MemFree:          487532 kB
MemAvailable:    1387360 kB
Buffers:           90580 kB
Cached:           830836 kB
MemTotal:        1844596 kB
MemFree:          486488 kB
MemAvailable:    1386316 kB
Buffers:           90580 kB
Cached:           830836 kB
MemTotal:        1844596 kB
MemFree:          486836 kB
MemAvailable:    1386664 kB
Buffers:           90580 kB
Cached:           830836 kB
MemTotal:        1844596 kB
MemFree:          485992 kB
MemAvailable:    1385820 kB
Buffers:           90580 kB
Cached:           830836 kB
MemTotal:        1844596 kB
MemFree:          484620 kB
MemAvailable:    1384448 kB
Buffers:           90580 kB
Cached:           830836 kB
MemTotal:        1844596 kB
MemFree:          485688 kB
MemAvailable:    1385516 kB
Buffers:           90580 kB
Cached:           830836 kB
MemTotal:        1844596 kB
MemFree:          484568 kB
MemAvailable:    1384396 kB
Buffers:           90580 kB
Cached:           830836 kB
MemTotal:        1844596 kB
MemFree:          485800 kB
MemAvailable:    1385628 kB
Buffers:           90580 kB
Cached:           830836 kB
MemTotal:        1844596 kB
MemFree:          484304 kB
MemAvailable:    1384132 kB
Buffers:           90580 kB
Cached:           830836 kB
MemTotal:        1844596 kB
MemFree:          485612 kB
MemAvailable:    1385440 kB
Buffers:           90580 kB
Cached:           830836 kB
MemTotal:        1844596 kB
MemFree:          484560 kB
MemAvailable:    1384388 kB
Buffers:           90580 kB
Cached:           830836 kB
MemTotal:        1844596 kB
MemFree:          484116 kB
MemAvailable:    1383944 kB
Buffers:           90580 kB
Cached:           830836 kB
MemTotal:        1844596 kB
MemFree:          483512 kB
MemAvailable:    1383340 kB
Buffers:           90580 kB
Cached:           830836 kB
MemTotal:        1844596 kB
MemFree:          482836 kB
MemAvailable:    1382664 kB
Buffers:           90580 kB
Cached:           830836 kB
MemTotal:        1844596 kB
MemFree:          483004 kB
MemAvailable:    1382832 kB
Buffers:           90580 kB
Cached:           830836 kB
MemTotal:        1844596 kB
MemFree:          482872 kB
MemAvailable:    1382700 kB
Buffers:           90580 kB
Cached:           830836 kB
MemTotal:        1844596 kB
MemFree:          484216 kB
MemAvailable:    1384044 kB
Buffers:           90580 kB
Cached:           830836 kB
MemTotal:        1844596 kB
MemFree:          484192 kB
MemAvailable:    1384020 kB
Buffers:           90580 kB
Cached:           830836 kB
MemTotal:        1844596 kB
MemFree:          482760 kB
MemAvailable:    1382588 kB
Buffers:           90580 kB
Cached:           830836 kB
MemTotal:        1844596 kB
MemFree:          482884 kB
MemAvailable:    1382712 kB
Buffers:           90580 kB
Cached:           830836 kB
MemTotal:        1844596 kB
MemFree:          483008 kB
MemAvailable:    1382836 kB
Buffers:           90580 kB
Cached:           830836 kB
MemTotal:        1844596 kB
MemFree:          483008 kB
MemAvailable:    1382836 kB
Buffers:           90580 kB
Cached:           830836 kB
MemTotal:        1844596 kB
MemFree:          484076 kB
MemAvailable:    1383904 kB
Buffers:           90580 kB
Cached:           830836 kB
MemTotal:        1844596 kB
MemFree:          482952 kB
MemAvailable:    1382780 kB
Buffers:           90580 kB
Cached:           830836 kB
MemTotal:        1844596 kB
MemFree:          484172 kB
MemAvailable:    1384000 kB
Buffers:           90580 kB
Cached:           830836 kB
MemTotal:        1844596 kB
MemFree:          484124 kB
MemAvailable:    1383952 kB
Buffers:           90580 kB
Cached:           830836 kB
MemTotal:        1844596 kB
MemFree:          482860 kB
MemAvailable:    1382688 kB
Buffers:           90580 kB
Cached:           830836 kB
MemTotal:        1844596 kB
MemFree:          484124 kB
MemAvailable:    1383952 kB
Buffers:           90580 kB
Cached:           830836 kB
MemTotal:        1844596 kB
MemFree:          484336 kB
MemAvailable:    1384164 kB
Buffers:           90580 kB
Cached:           830836 kB
MemTotal:        1844596 kB
MemFree:          484092 kB
MemAvailable:    1383924 kB
Buffers:           90580 kB
Cached:           830840 kB
MemTotal:        1844596 kB
MemFree:          483992 kB
MemAvailable:    1383824 kB
Buffers:           90580 kB
Cached:           830840 kB
MemTotal:        1844596 kB
MemFree:          484244 kB
MemAvailable:    1384076 kB
Buffers:           90580 kB
Cached:           830840 kB
MemTotal:        1844596 kB
MemFree:          484256 kB
MemAvailable:    1384088 kB
Buffers:           90580 kB
Cached:           830840 kB
MemTotal:        1844596 kB
MemFree:          482968 kB
MemAvailable:    1382800 kB
Buffers:           90580 kB
Cached:           830840 kB
MemTotal:        1844596 kB
MemFree:          483092 kB
MemAvailable:    1382924 kB
Buffers:           90580 kB
Cached:           830840 kB
MemTotal:        1844596 kB
MemFree:          482968 kB
MemAvailable:    1382800 kB
Buffers:           90580 kB
Cached:           830840 kB
MemTotal:        1844596 kB
MemFree:          483092 kB
MemAvailable:    1382924 kB
Buffers:           90580 kB
Cached:           830840 kB
MemTotal:        1844596 kB
MemFree:          484172 kB
MemAvailable:    1384004 kB
Buffers:           90580 kB
Cached:           830840 kB
MemTotal:        1844596 kB
MemFree:          483272 kB
MemAvailable:    1383104 kB
Buffers:           90580 kB
Cached:           830840 kB
MemTotal:        1844596 kB
MemFree:          483992 kB
MemAvailable:    1383824 kB
Buffers:           90580 kB
Cached:           830840 kB
MemTotal:        1844596 kB
MemFree:          484244 kB
MemAvailable:    1384076 kB
Buffers:           90580 kB
Cached:           830840 kB
MemTotal:        1844596 kB
MemFree:          484012 kB
MemAvailable:    1383844 kB
Buffers:           90580 kB
Cached:           830840 kB
MemTotal:        1844596 kB
MemFree:          482880 kB
MemAvailable:    1382712 kB
Buffers:           90580 kB
Cached:           830840 kB
MemTotal:        1844596 kB
MemFree:          482880 kB
MemAvailable:    1382712 kB
Buffers:           90580 kB
Cached:           830840 kB
MemTotal:        1844596 kB
MemFree:          484144 kB
MemAvailable:    1383976 kB
Buffers:           90580 kB
Cached:           830840 kB
MemTotal:        1844596 kB
MemFree:          483200 kB
MemAvailable:    1383032 kB
Buffers:           90580 kB
Cached:           830840 kB
MemTotal:        1844596 kB
MemFree:          482880 kB
MemAvailable:    1382712 kB
Buffers:           90580 kB
Cached:           830840 kB
MemTotal:        1844596 kB
MemFree:          482872 kB
MemAvailable:    1382704 kB
Buffers:           90580 kB
Cached:           830840 kB
MemTotal:        1844596 kB
MemFree:          482872 kB
MemAvailable:    1382704 kB
Buffers:           90580 kB
Cached:           830840 kB
MemTotal:        1844596 kB
MemFree:          484236 kB
MemAvailable:    1384068 kB
Buffers:           90580 kB
Cached:           830840 kB
MemTotal:        1844596 kB
MemFree:          484108 kB
MemAvailable:    1383940 kB
Buffers:           90580 kB
Cached:           830840 kB
MemTotal:        1844596 kB
MemFree:          482736 kB
MemAvailable:    1382568 kB
Buffers:           90580 kB
Cached:           830840 kB
MemTotal:        1844596 kB
MemFree:          483108 kB
MemAvailable:    1382940 kB
Buffers:           90580 kB
Cached:           830840 kB
MemTotal:        1844596 kB
MemFree:          480908 kB
MemAvailable:    1380740 kB
Buffers:           90580 kB
Cached:           830840 kB
MemTotal:        1844596 kB
MemFree:          477676 kB
MemAvailable:    1377508 kB
Buffers:           90580 kB
Cached:           830840 kB
MemTotal:        1844596 kB
MemFree:          477444 kB
MemAvailable:    1377276 kB
Buffers:           90580 kB
Cached:           830840 kB
MemTotal:        1844596 kB
MemFree:          473776 kB
MemAvailable:    1373608 kB
Buffers:           90580 kB
Cached:           830840 kB
MemTotal:        1844596 kB
MemFree:          469856 kB
MemAvailable:    1369688 kB
Buffers:           90580 kB
Cached:           830840 kB
MemTotal:        1844596 kB
MemFree:          467888 kB
MemAvailable:    1367720 kB
Buffers:           90580 kB
Cached:           830840 kB
MemTotal:        1844596 kB
MemFree:          464716 kB
MemAvailable:    1364548 kB
Buffers:           90580 kB
Cached:           830840 kB
MemTotal:        1844596 kB
MemFree:          463912 kB
MemAvailable:    1363744 kB
Buffers:           90580 kB
Cached:           830840 kB
MemTotal:        1844596 kB
MemFree:          463228 kB
MemAvailable:    1363060 kB
Buffers:           90580 kB
Cached:           830840 kB
MemTotal:        1844596 kB
MemFree:          463528 kB
MemAvailable:    1363360 kB
Buffers:           90580 kB
Cached:           830840 kB
MemTotal:        1844596 kB
MemFree:          464596 kB
MemAvailable:    1364428 kB
Buffers:           90580 kB
Cached:           830840 kB
MemTotal:        1844596 kB
MemFree:          463796 kB
MemAvailable:    1363628 kB
Buffers:           90580 kB
Cached:           830840 kB
MemTotal:        1844596 kB
MemFree:          464400 kB
MemAvailable:    1364232 kB
Buffers:           90580 kB
Cached:           830840 kB
MemTotal:        1844596 kB
MemFree:          464736 kB
MemAvailable:    1364568 kB
Buffers:           90580 kB
Cached:           830840 kB
MemTotal:        1844596 kB
MemFree:          464728 kB
MemAvailable:    1364560 kB
Buffers:           90580 kB
Cached:           830840 kB
MemTotal:        1844596 kB
MemFree:          464492 kB
MemAvailable:    1364324 kB
Buffers:           90580 kB
Cached:           830840 kB
MemTotal:        1844596 kB
MemFree:          463252 kB
MemAvailable:    1363084 kB
Buffers:           90580 kB
Cached:           830840 kB
MemTotal:        1844596 kB
MemFree:          464616 kB
MemAvailable:    1364448 kB
Buffers:           90580 kB
Cached:           830840 kB
MemTotal:        1844596 kB
MemFree:          463372 kB
MemAvailable:    1363204 kB
Buffers:           90580 kB
Cached:           830840 kB
MemTotal:        1844596 kB
MemFree:          464532 kB
MemAvailable:    1364364 kB
Buffers:           90580 kB
Cached:           830840 kB
MemTotal:        1844596 kB
MemFree:          464868 kB
MemAvailable:    1364700 kB
Buffers:           90580 kB
Cached:           830840 kB
MemTotal:        1844596 kB
MemFree:          463292 kB
MemAvailable:    1363124 kB
Buffers:           90580 kB
Cached:           830840 kB
MemTotal:        1844596 kB
MemFree:          464260 kB
MemAvailable:    1364092 kB
Buffers:           90580 kB
Cached:           830840 kB
MemTotal:        1844596 kB
MemFree:          463788 kB
MemAvailable:    1363620 kB
Buffers:           90580 kB
Cached:           830840 kB
MemTotal:        1844596 kB
MemFree:          464324 kB
MemAvailable:    1364156 kB
Buffers:           90580 kB
Cached:           830840 kB
MemTotal:        1844596 kB
MemFree:          464452 kB
MemAvailable:    1364284 kB
Buffers:           90580 kB
Cached:           830840 kB
MemTotal:        1844596 kB
MemFree:          462896 kB
MemAvailable:    1362728 kB
Buffers:           90580 kB
Cached:           830840 kB
MemTotal:        1844596 kB
MemFree:          464212 kB
MemAvailable:    1364044 kB
Buffers:           90580 kB
Cached:           830840 kB
MemTotal:        1844596 kB
MemFree:          464300 kB
MemAvailable:    1364132 kB
Buffers:           90580 kB
Cached:           830840 kB
MemTotal:        1844596 kB
MemFree:          464244 kB
MemAvailable:    1364076 kB
Buffers:           90580 kB
Cached:           830840 kB
MemTotal:        1844596 kB
MemFree:          462732 kB
MemAvailable:    1362564 kB
Buffers:           90580 kB
Cached:           830840 kB
MemTotal:        1844596 kB
MemFree:          463916 kB
MemAvailable:    1363748 kB
Buffers:           90580 kB
Cached:           830840 kB
MemTotal:        1844596 kB
MemFree:          463292 kB
MemAvailable:    1363124 kB
Buffers:           90580 kB
Cached:           830840 kB
MemTotal:        1844596 kB
MemFree:          463548 kB
MemAvailable:    1363380 kB
Buffers:           90580 kB
Cached:           830840 kB
MemTotal:        1844596 kB
MemFree:          454548 kB
MemAvailable:    1354380 kB
Buffers:           90580 kB
Cached:           830840 kB
MemTotal:        1844596 kB
MemFree:          453504 kB
MemAvailable:    1353336 kB
Buffers:           90580 kB
Cached:           830840 kB
MemTotal:        1844596 kB
MemFree:          453504 kB
MemAvailable:    1353336 kB
Buffers:           90580 kB
Cached:           830840 kB
MemTotal:        1844596 kB
MemFree:          453380 kB
MemAvailable:    1353212 kB
Buffers:           90580 kB
Cached:           830840 kB
MemTotal:        1844596 kB
MemFree:          453256 kB
MemAvailable:    1353088 kB
Buffers:           90580 kB
Cached:           830840 kB
MemTotal:        1844596 kB
MemFree:          453256 kB
MemAvailable:    1353088 kB
Buffers:           90580 kB
Cached:           830840 kB
MemTotal:        1844596 kB
MemFree:          454496 kB
MemAvailable:    1354328 kB
Buffers:           90580 kB
Cached:           830840 kB
MemTotal:        1844596 kB
MemFree:          453628 kB
MemAvailable:    1353460 kB
Buffers:           90580 kB
Cached:           830840 kB
MemTotal:        1844596 kB
MemFree:          451272 kB
MemAvailable:    1351104 kB
Buffers:           90580 kB
Cached:           830840 kB
MemTotal:        1844596 kB
MemFree:          452372 kB
MemAvailable:    1352204 kB
Buffers:           90580 kB
Cached:           830840 kB
MemTotal:        1844596 kB
MemFree:          451768 kB
MemAvailable:    1351600 kB
Buffers:           90580 kB
Cached:           830840 kB
MemTotal:        1844596 kB
MemFree:          452084 kB
MemAvailable:    1352000 kB
Buffers:           90580 kB
Cached:           830964 kB
MemTotal:        1844596 kB
MemFree:          450712 kB
MemAvailable:    1350712 kB
Buffers:           90580 kB
Cached:           831088 kB
MemTotal:        1844596 kB
MemFree:          451620 kB
MemAvailable:    1351808 kB
Buffers:           90580 kB
Cached:           831260 kB
MemTotal:        1844596 kB
MemFree:          451704 kB
MemAvailable:    1351976 kB
Buffers:           90580 kB
Cached:           831260 kB
MemTotal:        1844596 kB
MemFree:          450552 kB
MemAvailable:    1350908 kB
Buffers:           90580 kB
Cached:           831384 kB
MemTotal:        1844596 kB
MemFree:          450380 kB
MemAvailable:    1350820 kB
Buffers:           90580 kB
Cached:           831508 kB
MemTotal:        1844596 kB
MemFree:          451476 kB
MemAvailable:    1351916 kB
Buffers:           90580 kB
Cached:           831508 kB
MemTotal:        1844596 kB
MemFree:          451476 kB
MemAvailable:    1351916 kB
Buffers:           90580 kB
Cached:           831508 kB
MemTotal:        1844596 kB
MemFree:          450424 kB
MemAvailable:    1350864 kB
Buffers:           90580 kB
Cached:           831508 kB
MemTotal:        1844596 kB
MemFree:          451600 kB
MemAvailable:    1352040 kB
Buffers:           90580 kB
Cached:           831508 kB
MemTotal:        1844596 kB
MemFree:          451352 kB
MemAvailable:    1351792 kB
Buffers:           90580 kB
Cached:           831508 kB
MemTotal:        1844596 kB
MemFree:          451604 kB
MemAvailable:    1352044 kB
Buffers:           90580 kB
Cached:           831508 kB
MemTotal:        1844596 kB
MemFree:          451232 kB
MemAvailable:    1351756 kB
Buffers:           90580 kB
Cached:           831632 kB
MemTotal:        1844596 kB
MemFree:          451568 kB
MemAvailable:    1352092 kB
Buffers:           90580 kB
Cached:           831632 kB
MemTotal:        1844596 kB
MemFree:          451544 kB
MemAvailable:    1351480 kB
Buffers:           90580 kB
Cached:           830916 kB
MemTotal:        1844596 kB
MemFree:          450840 kB
MemAvailable:    1350776 kB
Buffers:           90580 kB
Cached:           830916 kB
MemTotal:        1844596 kB
MemFree:          527528 kB
MemAvailable:    1427548 kB
Buffers:           90580 kB
Cached:           830916 kB
MemTotal:        1844596 kB
MemFree:          646352 kB
MemAvailable:    1546288 kB
Buffers:           90580 kB
Cached:           830916 kB
