MemTotal:        1844596 kB
MemFree:          330312 kB
MemAvailable:    1546652 kB
Buffers:           91492 kB
Cached:          1154668 kB
MemTotal:        1844596 kB
MemFree:          302588 kB
MemAvailable:    1518932 kB
Buffers:           91492 kB
Cached:          1154672 kB
MemTotal:        1844596 kB
MemFree:          301320 kB
MemAvailable:    1517664 kB
Buffers:           91492 kB
Cached:          1154672 kB
MemTotal:        1844596 kB
MemFree:          299932 kB
MemAvailable:    1516276 kB
Buffers:           91492 kB
Cached:          1154672 kB
MemTotal:        1844596 kB
MemFree:          298816 kB
MemAvailable:    1515160 kB
Buffers:           91492 kB
Cached:          1154672 kB
MemTotal:        1844596 kB
MemFree:          298948 kB
MemAvailable:    1515292 kB
Buffers:           91492 kB
Cached:          1154672 kB
MemTotal:        1844596 kB
MemFree:          297668 kB
MemAvailable:    1514012 kB
Buffers:           91492 kB
Cached:          1154672 kB
MemTotal:        1844596 kB
MemFree:          297096 kB
MemAvailable:    1513440 kB
Buffers:           91492 kB
Cached:          1154672 kB
MemTotal:        1844596 kB
MemFree:          294552 kB
MemAvailable:    1510896 kB
Buffers:           91492 kB
Cached:          1154672 kB
MemTotal:        1844596 kB
MemFree:          291640 kB
MemAvailable:    1507984 kB
Buffers:           91492 kB
Cached:          1154672 kB
MemTotal:        1844596 kB
MemFree:          287176 kB
MemAvailable:    1503520 kB
Buffers:           91492 kB
Cached:          1154672 kB
MemTotal:        1844596 kB
MemFree:          288988 kB
MemAvailable:    1505332 kB
Buffers:           91492 kB
Cached:          1154672 kB
MemTotal:        1844596 kB
MemFree:          289044 kB
MemAvailable:    1505388 kB
Buffers:           91492 kB
Cached:          1154672 kB
MemTotal:        1844596 kB
MemFree:          288988 kB
MemAvailable:    1505332 kB
Buffers:           91492 kB
Cached:          1154672 kB
MemTotal:        1844596 kB
MemFree:          289084 kB
MemAvailable:    1505428 kB
Buffers:           91492 kB
Cached:          1154672 kB
MemTotal:        1844596 kB
MemFree:          289084 kB
MemAvailable:    1505428 kB
Buffers:           91492 kB
Cached:          1154672 kB
MemTotal:        1844596 kB
MemFree:          288628 kB
MemAvailable:    1504972 kB
Buffers:           91492 kB
Cached:          1154672 kB
MemTotal:        1844596 kB
MemFree:          288964 kB
MemAvailable:    1505308 kB
Buffers:           91492 kB
Cached:          1154672 kB
MemTotal:        1844596 kB
MemFree:          288720 kB
MemAvailable:    1505064 kB
Buffers:           91492 kB
Cached:          1154672 kB
MemTotal:        1844596 kB
MemFree:          288648 kB
MemAvailable:    1504992 kB
Buffers:           91492 kB
Cached:          1154672 kB
MemTotal:        1844596 kB
MemFree:          288360 kB
MemAvailable:    1504704 kB
Buffers:           91492 kB
Cached:          1154672 kB
MemTotal:        1844596 kB
MemFree:          287804 kB
MemAvailable:    1504148 kB
Buffers:           91492 kB
Cached:          1154672 kB
MemTotal:        1844596 kB
MemFree:          288160 kB
MemAvailable:    1504504 kB
Buffers:           91492 kB
Cached:          1154672 kB
MemTotal:        1844596 kB
MemFree:          286788 kB
MemAvailable:    1503132 kB
Buffers:           91492 kB
Cached:          1154672 kB
MemTotal:        1844596 kB
MemFree:          287788 kB
MemAvailable:    1504132 kB
Buffers:           91492 kB
Cached:          1154672 kB
MemTotal:        1844596 kB
MemFree:          286300 kB
MemAvailable:    1502644 kB
Buffers:           91492 kB
Cached:          1154672 kB
MemTotal:        1844596 kB
MemFree:          287168 kB
MemAvailable:    1503512 kB
Buffers:           91492 kB
Cached:          1154672 kB
MemTotal:        1844596 kB
MemFree:          287420 kB
MemAvailable:    1503764 kB
Buffers:           91492 kB
Cached:          1154672 kB
MemTotal:        1844596 kB
MemFree:          286928 kB
MemAvailable:    1503272 kB
Buffers:           91492 kB
Cached:          1154672 kB
MemTotal:        1844596 kB
MemFree:          286416 kB
MemAvailable:    1502760 kB
Buffers:           91492 kB
Cached:          1154672 kB
MemTotal:        1844596 kB
MemFree:          285936 kB
MemAvailable:    1502280 kB
Buffers:           91492 kB
Cached:          1154672 kB
MemTotal:        1844596 kB
MemFree:          286096 kB
MemAvailable:    1502440 kB
Buffers:           91492 kB
Cached:          1154672 kB
MemTotal:        1844596 kB
MemFree:          286056 kB
MemAvailable:    1502400 kB
Buffers:           91492 kB
Cached:          1154672 kB
MemTotal:        1844596 kB
MemFree:          284944 kB
MemAvailable:    1501288 kB
Buffers:           91492 kB
Cached:          1154672 kB
MemTotal:        1844596 kB
MemFree:          284944 kB
MemAvailable:    1501296 kB
Buffers:           91492 kB
Cached:          1154676 kB
MemTotal:        1844596 kB
MemFree:          286120 kB
MemAvailable:    1502472 kB
Buffers:           91492 kB
Cached:          1154676 kB
MemTotal:        1844596 kB
MemFree:          284896 kB
MemAvailable:    1501248 kB
Buffers:           91492 kB
Cached:          1154676 kB
MemTotal:        1844596 kB
MemFree:          287300 kB
MemAvailable:    1503652 kB
Buffers:           91492 kB
Cached:          1154676 kB
MemTotal:        1844596 kB
MemFree:          287376 kB
MemAvailable:    1503728 kB
Buffers:           91492 kB
Cached:          1154676 kB
MemTotal:        1844596 kB
MemFree:          285192 kB
MemAvailable:    1501544 kB
Buffers:           91492 kB
Cached:          1154676 kB
MemTotal:        1844596 kB
MemFree:          282836 kB
MemAvailable:    1499188 kB
Buffers:           91492 kB
Cached:          1154676 kB
MemTotal:        1844596 kB
MemFree:          280976 kB
MemAvailable:    1497328 kB
Buffers:           91492 kB
Cached:          1154676 kB
MemTotal:        1844596 kB
MemFree:          282076 kB
MemAvailable:    1498428 kB
Buffers:           91492 kB
Cached:          1154676 kB
MemTotal:        1844596 kB
MemFree:          281912 kB
MemAvailable:    1498264 kB
Buffers:           91492 kB
Cached:          1154676 kB
MemTotal:        1844596 kB
MemFree:          280704 kB
MemAvailable:    1497056 kB
Buffers:           91492 kB
Cached:          1154676 kB
MemTotal:        1844596 kB
MemFree:          281944 kB
MemAvailable:    1498296 kB
Buffers:           91492 kB
Cached:          1154676 kB
MemTotal:        1844596 kB
MemFree:          280572 kB
MemAvailable:    1496924 kB
Buffers:           91492 kB
Cached:          1154676 kB
MemTotal:        1844596 kB
MemFree:          281812 kB
MemAvailable:    1498164 kB
Buffers:           91492 kB
Cached:          1154676 kB
MemTotal:        1844596 kB
MemFree:          280440 kB
MemAvailable:    1496792 kB
Buffers:           91492 kB
Cached:          1154676 kB
MemTotal:        1844596 kB
MemFree:          281740 kB
MemAvailable:    1498092 kB
Buffers:           91492 kB
Cached:          1154676 kB
MemTotal:        1844596 kB
MemFree:          281484 kB
MemAvailable:    1497836 kB
Buffers:           91492 kB
Cached:          1154676 kB
MemTotal:        1844596 kB
MemFree:          281584 kB
MemAvailable:    1497936 kB
Buffers:           91492 kB
Cached:          1154676 kB
MemTotal:        1844596 kB
MemFree:          280464 kB
MemAvailable:    1496816 kB
Buffers:           91492 kB
Cached:          1154676 kB
MemTotal:        1844596 kB
MemFree:          280292 kB
MemAvailable:    1496644 kB
Buffers:           91492 kB
Cached:          1154676 kB
MemTotal:        1844596 kB
MemFree:          279480 kB
MemAvailable:    1495832 kB
Buffers:           91492 kB
Cached:          1154676 kB
MemTotal:        1844596 kB
MemFree:          279248 kB
MemAvailable:    1495600 kB
Buffers:           91492 kB
Cached:          1154676 kB
MemTotal:        1844596 kB
MemFree:          274652 kB
MemAvailable:    1491004 kB
Buffers:           91492 kB
Cached:          1154676 kB
MemTotal:        1844596 kB
MemFree:          275380 kB
MemAvailable:    1491732 kB
Buffers:           91492 kB
Cached:          1154676 kB
MemTotal:        1844596 kB
MemFree:          275148 kB
MemAvailable:    1491500 kB
Buffers:           91492 kB
Cached:          1154676 kB
MemTotal:        1844596 kB
MemFree:          275148 kB
MemAvailable:    1491504 kB
Buffers:           91492 kB
Cached:          1154680 kB
MemTotal:        1844596 kB
MemFree:          272544 kB
MemAvailable:    1488900 kB
Buffers:           91492 kB
Cached:          1154680 kB
MemTotal:        1844596 kB
MemFree:          273156 kB
MemAvailable:    1489512 kB
Buffers:           91492 kB
Cached:          1154680 kB
MemTotal:        1844596 kB
MemFree:          272800 kB
MemAvailable:    1489156 kB
Buffers:           91492 kB
Cached:          1154680 kB
MemTotal:        1844596 kB
MemFree:          271660 kB
MemAvailable:    1488016 kB
Buffers:           91492 kB
Cached:          1154680 kB
MemTotal:        1844596 kB
MemFree:          272852 kB
MemAvailable:    1489208 kB
Buffers:           91492 kB
Cached:          1154680 kB
MemTotal:        1844596 kB
MemFree:          272544 kB
MemAvailable:    1488900 kB
Buffers:           91492 kB
Cached:          1154680 kB
MemTotal:        1844596 kB
MemFree:          272596 kB
MemAvailable:    1488952 kB
Buffers:           91492 kB
Cached:          1154680 kB
MemTotal:        1844596 kB
MemFree:          272932 kB
MemAvailable:    1489288 kB
Buffers:           91492 kB
Cached:          1154680 kB
MemTotal:        1844596 kB
MemFree:          272856 kB
MemAvailable:    1489212 kB
Buffers:           91492 kB
Cached:          1154680 kB
MemTotal:        1844596 kB
MemFree:          271800 kB
MemAvailable:    1488156 kB
Buffers:           91492 kB
Cached:          1154680 kB
MemTotal:        1844596 kB
MemFree:          272536 kB
MemAvailable:    1488892 kB
Buffers:           91492 kB
Cached:          1154680 kB
MemTotal:        1844596 kB
MemFree:          272872 kB
MemAvailable:    1489228 kB
Buffers:           91492 kB
Cached:          1154680 kB
MemTotal:        1844596 kB
MemFree:          272660 kB
MemAvailable:    1489016 kB
Buffers:           91492 kB
Cached:          1154680 kB
MemTotal:        1844596 kB
MemFree:          272996 kB
MemAvailable:    1489352 kB
Buffers:           91492 kB
Cached:          1154680 kB
MemTotal:        1844596 kB
MemFree:          271380 kB
MemAvailable:    1487736 kB
Buffers:           91492 kB
Cached:          1154680 kB
MemTotal:        1844596 kB
MemFree:          272480 kB
MemAvailable:    1488836 kB
Buffers:           91492 kB
Cached:          1154680 kB
MemTotal:        1844596 kB
MemFree:          271992 kB
MemAvailable:    1488348 kB
Buffers:           91492 kB
Cached:          1154680 kB
MemTotal:        1844596 kB
MemFree:          272856 kB
MemAvailable:    1489212 kB
Buffers:           91492 kB
Cached:          1154680 kB
MemTotal:        1844596 kB
MemFree:          271296 kB
MemAvailable:    1487652 kB
Buffers:           91492 kB
Cached:          1154680 kB
MemTotal:        1844596 kB
MemFree:          271296 kB
MemAvailable:    1487652 kB
Buffers:           91492 kB
Cached:          1154680 kB
MemTotal:        1844596 kB
MemFree:          272628 kB
MemAvailable:    1488984 kB
Buffers:           91492 kB
Cached:          1154680 kB
MemTotal:        1844596 kB
MemFree:          271428 kB
MemAvailable:    1487660 kB
Buffers:           91492 kB
Cached:          1154680 kB
MemTotal:        1844596 kB
MemFree:          270428 kB
MemAvailable:    1486784 kB
Buffers:           91492 kB
Cached:          1154680 kB
MemTotal:        1844596 kB
MemFree:          270516 kB
MemAvailable:    1486872 kB
Buffers:           91492 kB
Cached:          1154680 kB
MemTotal:        1844596 kB
MemFree:          265344 kB
MemAvailable:    1481700 kB
Buffers:           91492 kB
Cached:          1154680 kB
MemTotal:        1844596 kB
MemFree:          264740 kB
MemAvailable:    1481096 kB
Buffers:           91492 kB
Cached:          1154680 kB
MemTotal:        1844596 kB
MemFree:          264360 kB
MemAvailable:    1480716 kB
Buffers:           91492 kB
Cached:          1154680 kB
MemTotal:        1844596 kB
MemFree:          264164 kB
MemAvailable:    1480520 kB
Buffers:           91492 kB
Cached:          1154680 kB
MemTotal:        1844596 kB
MemFree:          264180 kB
MemAvailable:    1480536 kB
Buffers:           91492 kB
Cached:          1154680 kB
MemTotal:        1844596 kB
MemFree:          262852 kB
MemAvailable:    1479208 kB
Buffers:           91492 kB
Cached:          1154680 kB
MemTotal:        1844596 kB
MemFree:          263916 kB
MemAvailable:    1480272 kB
Buffers:           91492 kB
Cached:          1154680 kB
MemTotal:        1844596 kB
MemFree:          262436 kB
MemAvailable:    1478792 kB
Buffers:           91492 kB
Cached:          1154680 kB
MemTotal:        1844596 kB
MemFree:          263800 kB
MemAvailable:    1480156 kB
Buffers:           91492 kB
Cached:          1154680 kB
MemTotal:        1844596 kB
MemFree:          263720 kB
MemAvailable:    1480076 kB
Buffers:           91492 kB
Cached:          1154680 kB
MemTotal:        1844596 kB
MemFree:          262432 kB
MemAvailable:    1478788 kB
Buffers:           91492 kB
Cached:          1154680 kB
MemTotal:        1844596 kB
MemFree:          263708 kB
MemAvailable:    1480064 kB
Buffers:           91492 kB
Cached:          1154680 kB
MemTotal:        1844596 kB
MemFree:          263500 kB
MemAvailable:    1479856 kB
Buffers:           91492 kB
Cached:          1154680 kB
MemTotal:        1844596 kB
MemFree:          263692 kB
MemAvailable:    1480048 kB
Buffers:           91492 kB
Cached:          1154680 kB
MemTotal:        1844596 kB
MemFree:          263748 kB
MemAvailable:    1480104 kB
Buffers:           91492 kB
Cached:          1154680 kB
MemTotal:        1844596 kB
MemFree:          263004 kB
MemAvailable:    1479360 kB
Buffers:           91492 kB
Cached:          1154680 kB
MemTotal:        1844596 kB
MemFree:          264112 kB
MemAvailable:    1480472 kB
Buffers:           91492 kB
Cached:          1154684 kB
MemTotal:        1844596 kB
MemFree:          262872 kB
MemAvailable:    1479232 kB
Buffers:           91492 kB
Cached:          1154684 kB
MemTotal:        1844596 kB
MemFree:          264156 kB
MemAvailable:    1480516 kB
Buffers:           91492 kB
Cached:          1154684 kB
MemTotal:        1844596 kB
MemFree:          262748 kB
MemAvailable:    1479108 kB
Buffers:           91492 kB
Cached:          1154684 kB
MemTotal:        1844596 kB
MemFree:          263848 kB
MemAvailable:    1480208 kB
Buffers:           91492 kB
Cached:          1154684 kB
MemTotal:        1844596 kB
MemFree:          263724 kB
MemAvailable:    1480084 kB
Buffers:           91492 kB
Cached:          1154684 kB
MemTotal:        1844596 kB
MemFree:          263660 kB
MemAvailable:    1480020 kB
Buffers:           91492 kB
Cached:          1154684 kB
MemTotal:        1844596 kB
MemFree:          263492 kB
MemAvailable:    1479852 kB
Buffers:           91492 kB
Cached:          1154684 kB
MemTotal:        1844596 kB
MemFree:          263728 kB
MemAvailable:    1480088 kB
Buffers:           91492 kB
Cached:          1154684 kB
MemTotal:        1844596 kB
MemFree:          263740 kB
MemAvailable:    1480100 kB
Buffers:           91492 kB
Cached:          1154684 kB
MemTotal:        1844596 kB
MemFree:          262996 kB
MemAvailable:    1479356 kB
Buffers:           91492 kB
Cached:          1154684 kB
MemTotal:        1844596 kB
MemFree:          263644 kB
MemAvailable:    1480004 kB
Buffers:           91492 kB
Cached:          1154684 kB
MemTotal:        1844596 kB
MemFree:          263616 kB
MemAvailable:    1479976 kB
Buffers:           91492 kB
Cached:          1154684 kB
MemTotal:        1844596 kB
MemFree:          262608 kB
MemAvailable:    1478968 kB
Buffers:           91492 kB
Cached:          1154684 kB
MemTotal:        1844596 kB
MemFree:          261632 kB
MemAvailable:    1477992 kB
Buffers:           91492 kB
Cached:          1154684 kB
MemTotal:        1844596 kB
MemFree:          257716 kB
MemAvailable:    1474076 kB
Buffers:           91492 kB
Cached:          1154684 kB
MemTotal:        1844596 kB
MemFree:          254936 kB
MemAvailable:    1471296 kB
Buffers:           91492 kB
Cached:          1154684 kB
MemTotal:        1844596 kB
MemFree:          254516 kB
MemAvailable:    1470876 kB
Buffers:           91492 kB
Cached:          1154684 kB
MemTotal:        1844596 kB
MemFree:          254572 kB
MemAvailable:    1470932 kB
Buffers:           91492 kB
Cached:          1154684 kB
MemTotal:        1844596 kB
MemFree:          254360 kB
MemAvailable:    1470720 kB
Buffers:           91492 kB
Cached:          1154684 kB
MemTotal:        1844596 kB
MemFree:          253936 kB
MemAvailable:    1470296 kB
Buffers:           91492 kB
Cached:          1154684 kB
MemTotal:        1844596 kB
MemFree:          254020 kB
MemAvailable:    1470380 kB
Buffers:           91492 kB
Cached:          1154684 kB
MemTotal:        1844596 kB
MemFree:          251960 kB
MemAvailable:    1468320 kB
Buffers:           91492 kB
Cached:          1154684 kB
MemTotal:        1844596 kB
MemFree:          251340 kB
MemAvailable:    1467700 kB
Buffers:           91492 kB
Cached:          1154684 kB
MemTotal:        1844596 kB
MemFree:          251092 kB
MemAvailable:    1467452 kB
Buffers:           91492 kB
Cached:          1154684 kB
MemTotal:        1844596 kB
MemFree:          252436 kB
MemAvailable:    1468796 kB
Buffers:           91492 kB
Cached:          1154684 kB
MemTotal:        1844596 kB
MemFree:          251084 kB
MemAvailable:    1467444 kB
Buffers:           91492 kB
Cached:          1154684 kB
MemTotal:        1844596 kB
MemFree:          251944 kB
MemAvailable:    1468304 kB
Buffers:           91492 kB
Cached:          1154684 kB
MemTotal:        1844596 kB
MemFree:          252028 kB
MemAvailable:    1468388 kB
Buffers:           91492 kB
Cached:          1154684 kB
MemTotal:        1844596 kB
MemFree:          251948 kB
MemAvailable:    1468308 kB
Buffers:           91492 kB
Cached:          1154684 kB
MemTotal:        1844596 kB
MemFree:          251836 kB
MemAvailable:    1468196 kB
Buffers:           91492 kB
Cached:          1154684 kB
MemTotal:        1844596 kB
MemFree:          252124 kB
MemAvailable:    1468488 kB
Buffers:           91492 kB
Cached:          1154688 kB
MemTotal:        1844596 kB
MemFree:          252012 kB
MemAvailable:    1468376 kB
Buffers:           91492 kB
Cached:          1154688 kB
MemTotal:        1844596 kB
MemFree:          251872 kB
MemAvailable:    1468236 kB
Buffers:           91492 kB
Cached:          1154688 kB
MemTotal:        1844596 kB
MemFree:          252208 kB
MemAvailable:    1468572 kB
Buffers:           91492 kB
Cached:          1154688 kB
MemTotal:        1844596 kB
MemFree:          251912 kB
MemAvailable:    1468276 kB
Buffers:           91492 kB
Cached:          1154688 kB
MemTotal:        1844596 kB
MemFree:          251884 kB
MemAvailable:    1468248 kB
Buffers:           91492 kB
Cached:          1154688 kB
MemTotal:        1844596 kB
MemFree:          251596 kB
MemAvailable:    1467960 kB
Buffers:           91492 kB
Cached:          1154688 kB
MemTotal:        1844596 kB
MemFree:          251780 kB
MemAvailable:    1468144 kB
Buffers:           91492 kB
Cached:          1154688 kB
MemTotal:        1844596 kB
MemFree:          251836 kB
MemAvailable:    1468200 kB
Buffers:           91492 kB
Cached:          1154688 kB
MemTotal:        1844596 kB
MemFree:          251948 kB
MemAvailable:    1468312 kB
Buffers:           91492 kB
Cached:          1154688 kB
MemTotal:        1844596 kB
MemFree:          251836 kB
MemAvailable:    1468200 kB
Buffers:           91492 kB
Cached:          1154688 kB
MemTotal:        1844596 kB
MemFree:          251224 kB
MemAvailable:    1467588 kB
Buffers:           91492 kB
Cached:          1154688 kB
MemTotal:        1844596 kB
MemFree:          251696 kB
MemAvailable:    1468060 kB
Buffers:           91492 kB
Cached:          1154688 kB
MemTotal:        1844596 kB
MemFree:          252032 kB
MemAvailable:    1468396 kB
Buffers:           91492 kB
Cached:          1154688 kB
MemTotal:        1844596 kB
MemFree:          250464 kB
MemAvailable:    1466828 kB
Buffers:           91492 kB
Cached:          1154688 kB
MemTotal:        1844596 kB
MemFree:          250796 kB
MemAvailable:    1467160 kB
Buffers:           91492 kB
Cached:          1154688 kB
MemTotal:        1844596 kB
MemFree:          252100 kB
MemAvailable:    1468464 kB
Buffers:           91492 kB
Cached:          1154688 kB
MemTotal:        1844596 kB
MemFree:          251828 kB
MemAvailable:    1468192 kB
Buffers:           91492 kB
Cached:          1154688 kB
MemTotal:        1844596 kB
MemFree:          251100 kB
MemAvailable:    1467464 kB
Buffers:           91492 kB
Cached:          1154688 kB
MemTotal:        1844596 kB
MemFree:          251696 kB
MemAvailable:    1468060 kB
Buffers:           91492 kB
Cached:          1154688 kB
MemTotal:        1844596 kB
MemFree:          251948 kB
MemAvailable:    1468312 kB
Buffers:           91492 kB
Cached:          1154688 kB
MemTotal:        1844596 kB
MemFree:          250416 kB
MemAvailable:    1466780 kB
Buffers:           91492 kB
Cached:          1154688 kB
MemTotal:        1844596 kB
MemFree:          251968 kB
MemAvailable:    1468332 kB
Buffers:           91492 kB
Cached:          1154688 kB
MemTotal:        1844596 kB
MemFree:          250660 kB
MemAvailable:    1467024 kB
Buffers:           91492 kB
Cached:          1154688 kB
MemTotal:        1844596 kB
MemFree:          251936 kB
MemAvailable:    1468300 kB
Buffers:           91492 kB
Cached:          1154688 kB
MemTotal:        1844596 kB
MemFree:          251092 kB
MemAvailable:    1467456 kB
Buffers:           91492 kB
Cached:          1154688 kB
MemTotal:        1844596 kB
MemFree:          251656 kB
MemAvailable:    1468024 kB
Buffers:           91492 kB
Cached:          1154692 kB
MemTotal:        1844596 kB
MemFree:          251992 kB
MemAvailable:    1468360 kB
Buffers:           91492 kB
Cached:          1154692 kB
MemTotal:        1844596 kB
MemFree:          251780 kB
MemAvailable:    1468148 kB
Buffers:           91492 kB
Cached:          1154692 kB
MemTotal:        1844596 kB
MemFree:          252036 kB
MemAvailable:    1468404 kB
Buffers:           91492 kB
Cached:          1154692 kB
MemTotal:        1844596 kB
MemFree:          251892 kB
MemAvailable:    1468260 kB
Buffers:           91492 kB
Cached:          1154692 kB
MemTotal:        1844596 kB
MemFree:          251464 kB
MemAvailable:    1467832 kB
Buffers:           91492 kB
Cached:          1154692 kB
MemTotal:        1844596 kB
MemFree:          250540 kB
MemAvailable:    1466908 kB
Buffers:           91492 kB
Cached:          1154692 kB
MemTotal:        1844596 kB
MemFree:          251780 kB
MemAvailable:    1468148 kB
Buffers:           91492 kB
Cached:          1154692 kB
MemTotal:        1844596 kB
MemFree:          250576 kB
MemAvailable:    1466944 kB
Buffers:           91492 kB
Cached:          1154692 kB
MemTotal:        1844596 kB
MemFree:          251768 kB
MemAvailable:    1468136 kB
Buffers:           91492 kB
Cached:          1154692 kB
MemTotal:        1844596 kB
MemFree:          251768 kB
MemAvailable:    1468136 kB
Buffers:           91492 kB
Cached:          1154692 kB
MemTotal:        1844596 kB
MemFree:          251572 kB
MemAvailable:    1467940 kB
Buffers:           91492 kB
Cached:          1154692 kB
MemTotal:        1844596 kB
MemFree:          251908 kB
MemAvailable:    1468276 kB
Buffers:           91492 kB
Cached:          1154692 kB
MemTotal:        1844596 kB
MemFree:          250596 kB
MemAvailable:    1466964 kB
Buffers:           91492 kB
Cached:          1154692 kB
MemTotal:        1844596 kB
MemFree:          250588 kB
MemAvailable:    1466956 kB
Buffers:           91492 kB
Cached:          1154692 kB
MemTotal:        1844596 kB
MemFree:          251564 kB
MemAvailable:    1467932 kB
Buffers:           91492 kB
Cached:          1154692 kB
MemTotal:        1844596 kB
MemFree:          250968 kB
MemAvailable:    1467336 kB
Buffers:           91492 kB
Cached:          1154692 kB
MemTotal:        1844596 kB
MemFree:          250336 kB
MemAvailable:    1466704 kB
Buffers:           91492 kB
Cached:          1154692 kB
MemTotal:        1844596 kB
MemFree:          251628 kB
MemAvailable:    1467996 kB
Buffers:           91492 kB
Cached:          1154692 kB
MemTotal:        1844596 kB
MemFree:          251640 kB
MemAvailable:    1468008 kB
Buffers:           91492 kB
Cached:          1154692 kB
MemTotal:        1844596 kB
MemFree:          250472 kB
MemAvailable:    1466840 kB
Buffers:           91492 kB
Cached:          1154692 kB
MemTotal:        1844596 kB
MemFree:          251404 kB
MemAvailable:    1467772 kB
Buffers:           91492 kB
Cached:          1154692 kB
MemTotal:        1844596 kB
MemFree:          251572 kB
MemAvailable:    1467940 kB
Buffers:           91492 kB
Cached:          1154692 kB
MemTotal:        1844596 kB
MemFree:          251260 kB
MemAvailable:    1467628 kB
Buffers:           91492 kB
Cached:          1154692 kB
MemTotal:        1844596 kB
MemFree:          250292 kB
MemAvailable:    1466660 kB
Buffers:           91492 kB
Cached:          1154692 kB
MemTotal:        1844596 kB
MemFree:          250044 kB
MemAvailable:    1466412 kB
Buffers:           91492 kB
Cached:          1154692 kB
MemTotal:        1844596 kB
MemFree:          251188 kB
MemAvailable:    1467556 kB
Buffers:           91492 kB
Cached:          1154692 kB
MemTotal:        1844596 kB
MemFree:          251188 kB
MemAvailable:    1467556 kB
Buffers:           91492 kB
Cached:          1154692 kB
MemTotal:        1844596 kB
MemFree:          250076 kB
MemAvailable:    1466444 kB
Buffers:           91492 kB
Cached:          1154692 kB
MemTotal:        1844596 kB
MemFree:          249688 kB
MemAvailable:    1466056 kB
Buffers:           91492 kB
Cached:          1154692 kB
MemTotal:        1844596 kB
MemFree:          251044 kB
MemAvailable:    1467412 kB
Buffers:           91492 kB
Cached:          1154692 kB
MemTotal:        1844596 kB
MemFree:          250888 kB
MemAvailable:    1467256 kB
Buffers:           91492 kB
Cached:          1154692 kB
MemTotal:        1844596 kB
MemFree:          249688 kB
MemAvailable:    1466056 kB
Buffers:           91492 kB
Cached:          1154692 kB
MemTotal:        1844596 kB
MemFree:          249680 kB
MemAvailable:    1466048 kB
Buffers:           91492 kB
Cached:          1154692 kB
MemTotal:        1844596 kB
MemFree:          250804 kB
MemAvailable:    1467172 kB
Buffers:           91492 kB
Cached:          1154692 kB
MemTotal:        1844596 kB
MemFree:          250904 kB
MemAvailable:    1467272 kB
Buffers:           91492 kB
Cached:          1154692 kB
MemTotal:        1844596 kB
MemFree:          249728 kB
MemAvailable:    1466096 kB
Buffers:           91492 kB
Cached:          1154692 kB
MemTotal:        1844596 kB
MemFree:          251128 kB
MemAvailable:    1467496 kB
Buffers:           91492 kB
Cached:          1154692 kB
MemTotal:        1844596 kB
MemFree:          250224 kB
MemAvailable:    1466592 kB
Buffers:           91492 kB
Cached:          1154692 kB
MemTotal:        1844596 kB
MemFree:          250668 kB
MemAvailable:    1467036 kB
Buffers:           91492 kB
Cached:          1154692 kB
MemTotal:        1844596 kB
MemFree:          250704 kB
MemAvailable:    1467072 kB
Buffers:           91492 kB
Cached:          1154692 kB
MemTotal:        1844596 kB
MemFree:          250716 kB
MemAvailable:    1467084 kB
Buffers:           91492 kB
Cached:          1154692 kB
MemTotal:        1844596 kB
MemFree:          249576 kB
MemAvailable:    1465944 kB
Buffers:           91492 kB
Cached:          1154692 kB
MemTotal:        1844596 kB
MemFree:          249356 kB
MemAvailable:    1465724 kB
Buffers:           91492 kB
Cached:          1154692 kB
MemTotal:        1844596 kB
MemFree:          246132 kB
MemAvailable:    1462500 kB
Buffers:           91492 kB
Cached:          1154692 kB
MemTotal:        1844596 kB
MemFree:          242164 kB
MemAvailable:    1458532 kB
Buffers:           91492 kB
Cached:          1154692 kB
MemTotal:        1844596 kB
MemFree:          240428 kB
MemAvailable:    1456796 kB
Buffers:           91492 kB
Cached:          1154692 kB
MemTotal:        1844596 kB
MemFree:          240240 kB
MemAvailable:    1456608 kB
Buffers:           91492 kB
Cached:          1154692 kB
MemTotal:        1844596 kB
MemFree:          240408 kB
MemAvailable:    1456776 kB
Buffers:           91492 kB
Cached:          1154692 kB
MemTotal:        1844596 kB
MemFree:          240124 kB
MemAvailable:    1456492 kB
Buffers:           91492 kB
Cached:          1154692 kB
MemTotal:        1844596 kB
MemFree:          238692 kB
MemAvailable:    1455068 kB
Buffers:           91492 kB
Cached:          1154700 kB
MemTotal:        1844596 kB
MemFree:          239860 kB
MemAvailable:    1456236 kB
Buffers:           91492 kB
Cached:          1154700 kB
MemTotal:        1844596 kB
MemFree:          238560 kB
MemAvailable:    1454936 kB
Buffers:           91492 kB
Cached:          1154700 kB
MemTotal:        1844596 kB
MemFree:          238072 kB
MemAvailable:    1454448 kB
Buffers:           91492 kB
Cached:          1154700 kB
MemTotal:        1844596 kB
MemFree:          236956 kB
MemAvailable:    1453332 kB
Buffers:           91492 kB
Cached:          1154700 kB
MemTotal:        1844596 kB
MemFree:          236956 kB
MemAvailable:    1453332 kB
Buffers:           91492 kB
Cached:          1154700 kB
MemTotal:        1844596 kB
MemFree:          236336 kB
MemAvailable:    1452712 kB
Buffers:           91492 kB
Cached:          1154700 kB
MemTotal:        1844596 kB
MemFree:          237488 kB
MemAvailable:    1453864 kB
Buffers:           91492 kB
Cached:          1154700 kB
MemTotal:        1844596 kB
MemFree:          236204 kB
MemAvailable:    1452580 kB
Buffers:           91492 kB
Cached:          1154700 kB
MemTotal:        1844596 kB
MemFree:          236204 kB
MemAvailable:    1452580 kB
Buffers:           91492 kB
Cached:          1154700 kB
MemTotal:        1844596 kB
MemFree:          237576 kB
MemAvailable:    1453952 kB
Buffers:           91492 kB
Cached:          1154700 kB
MemTotal:        1844596 kB
MemFree:          237340 kB
MemAvailable:    1453716 kB
Buffers:           91492 kB
Cached:          1154700 kB
MemTotal:        1844596 kB
MemFree:          236284 kB
MemAvailable:    1452660 kB
Buffers:           91492 kB
Cached:          1154700 kB
MemTotal:        1844596 kB
MemFree:          236020 kB
MemAvailable:    1452396 kB
Buffers:           91492 kB
Cached:          1154700 kB
MemTotal:        1844596 kB
MemFree:          237328 kB
MemAvailable:    1453704 kB
Buffers:           91492 kB
Cached:          1154700 kB
MemTotal:        1844596 kB
MemFree:          237364 kB
MemAvailable:    1453740 kB
Buffers:           91492 kB
Cached:          1154700 kB
MemTotal:        1844596 kB
MemFree:          237428 kB
MemAvailable:    1453804 kB
Buffers:           91492 kB
Cached:          1154700 kB
MemTotal:        1844596 kB
MemFree:          237424 kB
MemAvailable:    1453800 kB
Buffers:           91492 kB
Cached:          1154700 kB
MemTotal:        1844596 kB
MemFree:          237112 kB
MemAvailable:    1453488 kB
Buffers:           91492 kB
Cached:          1154700 kB
MemTotal:        1844596 kB
MemFree:          237364 kB
MemAvailable:    1453740 kB
Buffers:           91492 kB
Cached:          1154700 kB
MemTotal:        1844596 kB
MemFree:          236948 kB
MemAvailable:    1453324 kB
Buffers:           91492 kB
Cached:          1154700 kB
MemTotal:        1844596 kB
MemFree:          235592 kB
MemAvailable:    1451968 kB
Buffers:           91492 kB
Cached:          1154700 kB
MemTotal:        1844596 kB
MemFree:          235528 kB
MemAvailable:    1451904 kB
Buffers:           91492 kB
Cached:          1154700 kB
MemTotal:        1844596 kB
MemFree:          234220 kB
MemAvailable:    1450596 kB
Buffers:           91492 kB
Cached:          1154700 kB
MemTotal:        1844596 kB
MemFree:          234104 kB
MemAvailable:    1450480 kB
Buffers:           91492 kB
Cached:          1154700 kB
MemTotal:        1844596 kB
MemFree:          235088 kB
MemAvailable:    1451464 kB
Buffers:           91492 kB
Cached:          1154700 kB
MemTotal:        1844596 kB
MemFree:          233972 kB
MemAvailable:    1450348 kB
Buffers:           91492 kB
Cached:          1154700 kB
MemTotal:        1844596 kB
MemFree:          234352 kB
MemAvailable:    1450728 kB
Buffers:           91492 kB
Cached:          1154700 kB
MemTotal:        1844596 kB
MemFree:          234240 kB
MemAvailable:    1450616 kB
Buffers:           91492 kB
Cached:          1154700 kB
MemTotal:        1844596 kB
MemFree:          232492 kB
MemAvailable:    1448868 kB
Buffers:           91492 kB
Cached:          1154700 kB
MemTotal:        1844596 kB
MemFree:          232988 kB
MemAvailable:    1449364 kB
Buffers:           91492 kB
Cached:          1154700 kB
MemTotal:        1844596 kB
MemFree:          231872 kB
MemAvailable:    1448248 kB
Buffers:           91492 kB
Cached:          1154700 kB
MemTotal:        1844596 kB
MemFree:          232940 kB
MemAvailable:    1449316 kB
Buffers:           91492 kB
Cached:          1154700 kB
MemTotal:        1844596 kB
MemFree:          232096 kB
MemAvailable:    1448472 kB
Buffers:           91492 kB
Cached:          1154700 kB
MemTotal:        1844596 kB
MemFree:          232432 kB
MemAvailable:    1448808 kB
Buffers:           91492 kB
Cached:          1154700 kB
MemTotal:        1844596 kB
MemFree:          232356 kB
MemAvailable:    1448732 kB
Buffers:           91492 kB
Cached:          1154700 kB
MemTotal:        1844596 kB
MemFree:          231128 kB
MemAvailable:    1447504 kB
Buffers:           91492 kB
Cached:          1154700 kB
MemTotal:        1844596 kB
MemFree:          232292 kB
MemAvailable:    1448668 kB
Buffers:           91492 kB
Cached:          1154700 kB
MemTotal:        1844596 kB
MemFree:          232180 kB
MemAvailable:    1448556 kB
Buffers:           91492 kB
Cached:          1154700 kB
MemTotal:        1844596 kB
MemFree:          231508 kB
MemAvailable:    1447884 kB
Buffers:           91492 kB
Cached:          1154700 kB
MemTotal:        1844596 kB
MemFree:          232228 kB
MemAvailable:    1448604 kB
Buffers:           91492 kB
Cached:          1154700 kB
MemTotal:        1844596 kB
MemFree:          232480 kB
MemAvailable:    1448856 kB
Buffers:           91492 kB
Cached:          1154700 kB
MemTotal:        1844596 kB
MemFree:          232104 kB
MemAvailable:    1448480 kB
Buffers:           91492 kB
Cached:          1154700 kB
MemTotal:        1844596 kB
MemFree:          231964 kB
MemAvailable:    1448340 kB
Buffers:           91492 kB
Cached:          1154700 kB
MemTotal:        1844596 kB
MemFree:          231748 kB
MemAvailable:    1448124 kB
Buffers:           91492 kB
Cached:          1154700 kB
MemTotal:        1844596 kB
MemFree:          231984 kB
MemAvailable:    1448360 kB
Buffers:           91492 kB
Cached:          1154700 kB
MemTotal:        1844596 kB
MemFree:          230820 kB
MemAvailable:    1447196 kB
Buffers:           91492 kB
Cached:          1154700 kB
MemTotal:        1844596 kB
MemFree:          231856 kB
MemAvailable:    1448232 kB
Buffers:           91492 kB
Cached:          1154700 kB
MemTotal:        1844596 kB
MemFree:          232108 kB
MemAvailable:    1448484 kB
Buffers:           91492 kB
Cached:          1154700 kB
MemTotal:        1844596 kB
MemFree:          230744 kB
MemAvailable:    1447120 kB
Buffers:           91492 kB
Cached:          1154700 kB
MemTotal:        1844596 kB
MemFree:          231984 kB
MemAvailable:    1448360 kB
Buffers:           91492 kB
Cached:          1154700 kB
MemTotal:        1844596 kB
MemFree:          231928 kB
MemAvailable:    1448304 kB
Buffers:           91492 kB
Cached:          1154700 kB
MemTotal:        1844596 kB
MemFree:          231748 kB
MemAvailable:    1448124 kB
Buffers:           91492 kB
Cached:          1154700 kB
MemTotal:        1844596 kB
MemFree:          231984 kB
MemAvailable:    1448360 kB
Buffers:           91492 kB
Cached:          1154700 kB
MemTotal:        1844596 kB
MemFree:          231996 kB
MemAvailable:    1448372 kB
Buffers:           91492 kB
Cached:          1154700 kB
MemTotal:        1844596 kB
MemFree:          231856 kB
MemAvailable:    1448232 kB
Buffers:           91492 kB
Cached:          1154700 kB
MemTotal:        1844596 kB
MemFree:          232108 kB
MemAvailable:    1448484 kB
Buffers:           91492 kB
Cached:          1154700 kB
MemTotal:        1844596 kB
MemFree:          231928 kB
MemAvailable:    1448304 kB
Buffers:           91492 kB
Cached:          1154700 kB
MemTotal:        1844596 kB
MemFree:          232012 kB
MemAvailable:    1448388 kB
Buffers:           91492 kB
Cached:          1154700 kB
MemTotal:        1844596 kB
MemFree:          230816 kB
MemAvailable:    1447192 kB
Buffers:           91492 kB
Cached:          1154700 kB
MemTotal:        1844596 kB
MemFree:          230880 kB
MemAvailable:    1447256 kB
Buffers:           91492 kB
Cached:          1154700 kB
MemTotal:        1844596 kB
MemFree:          230676 kB
MemAvailable:    1447052 kB
Buffers:           91492 kB
Cached:          1154700 kB
MemTotal:        1844596 kB
MemFree:          229648 kB
MemAvailable:    1446024 kB
Buffers:           91492 kB
Cached:          1154700 kB
MemTotal:        1844596 kB
MemFree:          230112 kB
MemAvailable:    1446488 kB
Buffers:           91492 kB
Cached:          1154700 kB
MemTotal:        1844596 kB
MemFree:          230012 kB
MemAvailable:    1446388 kB
Buffers:           91492 kB
Cached:          1154700 kB
MemTotal:        1844596 kB
MemFree:          227904 kB
MemAvailable:    1444280 kB
Buffers:           91492 kB
Cached:          1154700 kB
MemTotal:        1844596 kB
MemFree:          226168 kB
MemAvailable:    1442544 kB
Buffers:           91492 kB
Cached:          1154700 kB
MemTotal:        1844596 kB
MemFree:          222944 kB
MemAvailable:    1439320 kB
Buffers:           91492 kB
Cached:          1154700 kB
MemTotal:        1844596 kB
MemFree:          220392 kB
MemAvailable:    1436768 kB
Buffers:           91492 kB
Cached:          1154700 kB
MemTotal:        1844596 kB
MemFree:          217796 kB
MemAvailable:    1434172 kB
Buffers:           91492 kB
Cached:          1154700 kB
MemTotal:        1844596 kB
MemFree:          214760 kB
MemAvailable:    1431136 kB
Buffers:           91492 kB
Cached:          1154700 kB
MemTotal:        1844596 kB
MemFree:          212280 kB
MemAvailable:    1428656 kB
Buffers:           91492 kB
Cached:          1154700 kB
MemTotal:        1844596 kB
MemFree:          213580 kB
MemAvailable:    1429956 kB
Buffers:           91492 kB
Cached:          1154700 kB
MemTotal:        1844596 kB
MemFree:          212272 kB
MemAvailable:    1428648 kB
Buffers:           91492 kB
Cached:          1154700 kB
MemTotal:        1844596 kB
MemFree:          213216 kB
MemAvailable:    1429600 kB
Buffers:           91492 kB
Cached:          1154708 kB
MemTotal:        1844596 kB
MemFree:          213552 kB
MemAvailable:    1429936 kB
Buffers:           91492 kB
Cached:          1154708 kB
MemTotal:        1844596 kB
MemFree:          213084 kB
MemAvailable:    1429468 kB
Buffers:           91492 kB
Cached:          1154708 kB
MemTotal:        1844596 kB
MemFree:          213148 kB
MemAvailable:    1429532 kB
Buffers:           91492 kB
Cached:          1154708 kB
MemTotal:        1844596 kB
MemFree:          213072 kB
MemAvailable:    1429456 kB
Buffers:           91492 kB
Cached:          1154708 kB
MemTotal:        1844596 kB
MemFree:          212824 kB
MemAvailable:    1429208 kB
Buffers:           91492 kB
Cached:          1154708 kB
MemTotal:        1844596 kB
MemFree:          213160 kB
MemAvailable:    1429544 kB
Buffers:           91492 kB
Cached:          1154708 kB
MemTotal:        1844596 kB
MemFree:          212520 kB
MemAvailable:    1428904 kB
Buffers:           91492 kB
Cached:          1154708 kB
MemTotal:        1844596 kB
MemFree:          212288 kB
MemAvailable:    1428672 kB
Buffers:           91492 kB
Cached:          1154708 kB
MemTotal:        1844596 kB
MemFree:          212292 kB
MemAvailable:    1428676 kB
Buffers:           91492 kB
Cached:          1154708 kB
MemTotal:        1844596 kB
MemFree:          212288 kB
MemAvailable:    1428672 kB
Buffers:           91492 kB
Cached:          1154708 kB
MemTotal:        1844596 kB
MemFree:          210856 kB
MemAvailable:    1427240 kB
Buffers:           91492 kB
Cached:          1154708 kB
MemTotal:        1844596 kB
MemFree:          212324 kB
MemAvailable:    1428708 kB
Buffers:           91492 kB
Cached:          1154708 kB
MemTotal:        1844596 kB
MemFree:          211544 kB
MemAvailable:    1427928 kB
Buffers:           91492 kB
Cached:          1154708 kB
MemTotal:        1844596 kB
MemFree:          212140 kB
MemAvailable:    1428524 kB
Buffers:           91492 kB
Cached:          1154708 kB
MemTotal:        1844596 kB
MemFree:          212476 kB
MemAvailable:    1428860 kB
Buffers:           91492 kB
Cached:          1154708 kB
MemTotal:        1844596 kB
MemFree:          211028 kB
MemAvailable:    1427412 kB
Buffers:           91492 kB
Cached:          1154708 kB
MemTotal:        1844596 kB
MemFree:          212212 kB
MemAvailable:    1428596 kB
Buffers:           91492 kB
Cached:          1154708 kB
MemTotal:        1844596 kB
MemFree:          212380 kB
MemAvailable:    1428764 kB
Buffers:           91492 kB
Cached:          1154708 kB
MemTotal:        1844596 kB
MemFree:          211028 kB
MemAvailable:    1427412 kB
Buffers:           91492 kB
Cached:          1154708 kB
MemTotal:        1844596 kB
MemFree:          211020 kB
MemAvailable:    1427404 kB
Buffers:           91492 kB
Cached:          1154708 kB
MemTotal:        1844596 kB
MemFree:          211020 kB
MemAvailable:    1427404 kB
Buffers:           91492 kB
Cached:          1154708 kB
MemTotal:        1844596 kB
MemFree:          211020 kB
MemAvailable:    1427404 kB
Buffers:           91492 kB
Cached:          1154708 kB
MemTotal:        1844596 kB
MemFree:          212440 kB
MemAvailable:    1428824 kB
Buffers:           91492 kB
Cached:          1154708 kB
MemTotal:        1844596 kB
MemFree:          211412 kB
MemAvailable:    1427796 kB
Buffers:           91492 kB
Cached:          1154708 kB
MemTotal:        1844596 kB
MemFree:          212004 kB
MemAvailable:    1428388 kB
Buffers:           91492 kB
Cached:          1154708 kB
MemTotal:        1844596 kB
MemFree:          212340 kB
MemAvailable:    1428724 kB
Buffers:           91492 kB
Cached:          1154708 kB
MemTotal:        1844596 kB
MemFree:          212184 kB
MemAvailable:    1428568 kB
Buffers:           91492 kB
Cached:          1154708 kB
MemTotal:        1844596 kB
MemFree:          212356 kB
MemAvailable:    1428740 kB
Buffers:           91492 kB
Cached:          1154708 kB
MemTotal:        1844596 kB
MemFree:          212488 kB
MemAvailable:    1428872 kB
Buffers:           91492 kB
Cached:          1154708 kB
MemTotal:        1844596 kB
MemFree:          211020 kB
MemAvailable:    1427404 kB
Buffers:           91492 kB
Cached:          1154708 kB
MemTotal:        1844596 kB
MemFree:          212080 kB
MemAvailable:    1428464 kB
Buffers:           91492 kB
Cached:          1154708 kB
MemTotal:        1844596 kB
MemFree:          211784 kB
MemAvailable:    1428168 kB
Buffers:           91492 kB
Cached:          1154708 kB
MemTotal:        1844596 kB
MemFree:          211280 kB
MemAvailable:    1427664 kB
Buffers:           91492 kB
Cached:          1154708 kB
MemTotal:        1844596 kB
MemFree:          208248 kB
MemAvailable:    1424632 kB
Buffers:           91492 kB
Cached:          1154708 kB
MemTotal:        1844596 kB
MemFree:          205708 kB
MemAvailable:    1422092 kB
Buffers:           91492 kB
Cached:          1154708 kB
MemTotal:        1844596 kB
MemFree:          204344 kB
MemAvailable:    1420732 kB
Buffers:           91492 kB
Cached:          1154712 kB
MemTotal:        1844596 kB
MemFree:          202360 kB
MemAvailable:    1418748 kB
Buffers:           91492 kB
Cached:          1154712 kB
MemTotal:        1844596 kB
MemFree:          198304 kB
MemAvailable:    1414692 kB
Buffers:           91492 kB
Cached:          1154712 kB
MemTotal:        1844596 kB
MemFree:          195920 kB
MemAvailable:    1412308 kB
Buffers:           91492 kB
Cached:          1154712 kB
MemTotal:        1844596 kB
MemFree:          193260 kB
MemAvailable:    1409648 kB
Buffers:           91492 kB
Cached:          1154712 kB
MemTotal:        1844596 kB
MemFree:          194408 kB
MemAvailable:    1410796 kB
Buffers:           91492 kB
Cached:          1154712 kB
MemTotal:        1844596 kB
MemFree:          194660 kB
MemAvailable:    1411048 kB
Buffers:           91492 kB
Cached:          1154712 kB
MemTotal:        1844596 kB
MemFree:          193136 kB
MemAvailable:    1409524 kB
Buffers:           91492 kB
Cached:          1154712 kB
MemTotal:        1844596 kB
MemFree:          194408 kB
MemAvailable:    1410796 kB
Buffers:           91492 kB
Cached:          1154712 kB
MemTotal:        1844596 kB
MemFree:          194492 kB
MemAvailable:    1410880 kB
Buffers:           91492 kB
Cached:          1154712 kB
MemTotal:        1844596 kB
MemFree:          194536 kB
MemAvailable:    1410924 kB
Buffers:           91492 kB
Cached:          1154712 kB
MemTotal:        1844596 kB
MemFree:          194028 kB
MemAvailable:    1410416 kB
Buffers:           91492 kB
Cached:          1154712 kB
MemTotal:        1844596 kB
MemFree:          194364 kB
MemAvailable:    1410752 kB
Buffers:           91492 kB
Cached:          1154712 kB
MemTotal:        1844596 kB
MemFree:          194088 kB
MemAvailable:    1410476 kB
Buffers:           91492 kB
Cached:          1154712 kB
MemTotal:        1844596 kB
MemFree:          193964 kB
MemAvailable:    1410352 kB
Buffers:           91492 kB
Cached:          1154712 kB
MemTotal:        1844596 kB
MemFree:          192916 kB
MemAvailable:    1409304 kB
Buffers:           91492 kB
Cached:          1154712 kB
MemTotal:        1844596 kB
MemFree:          192908 kB
MemAvailable:    1409296 kB
Buffers:           91492 kB
Cached:          1154712 kB
MemTotal:        1844596 kB
MemFree:          192868 kB
MemAvailable:    1409256 kB
Buffers:           91492 kB
Cached:          1154712 kB
MemTotal:        1844596 kB
MemFree:          193844 kB
MemAvailable:    1410232 kB
Buffers:           91492 kB
Cached:          1154712 kB
MemTotal:        1844596 kB
MemFree:          194096 kB
MemAvailable:    1410484 kB
Buffers:           91492 kB
Cached:          1154712 kB
MemTotal:        1844596 kB
MemFree:          194040 kB
MemAvailable:    1410428 kB
Buffers:           91492 kB
Cached:          1154712 kB
MemTotal:        1844596 kB
MemFree:          193316 kB
MemAvailable:    1409704 kB
Buffers:           91492 kB
Cached:          1154712 kB
MemTotal:        1844596 kB
MemFree:          194488 kB
MemAvailable:    1410876 kB
Buffers:           91492 kB
Cached:          1154712 kB
MemTotal:        1844596 kB
MemFree:          194168 kB
MemAvailable:    1410556 kB
Buffers:           91492 kB
Cached:          1154712 kB
MemTotal:        1844596 kB
MemFree:          193052 kB
MemAvailable:    1409440 kB
Buffers:           91492 kB
Cached:          1154712 kB
MemTotal:        1844596 kB
MemFree:          194028 kB
MemAvailable:    1410416 kB
Buffers:           91492 kB
Cached:          1154712 kB
MemTotal:        1844596 kB
MemFree:          193804 kB
MemAvailable:    1410192 kB
Buffers:           91492 kB
Cached:          1154712 kB
MemTotal:        1844596 kB
MemFree:          192880 kB
MemAvailable:    1409268 kB
Buffers:           91492 kB
Cached:          1154712 kB
MemTotal:        1844596 kB
MemFree:          194240 kB
MemAvailable:    1410628 kB
Buffers:           91492 kB
Cached:          1154712 kB
MemTotal:        1844596 kB
MemFree:          194156 kB
MemAvailable:    1410544 kB
Buffers:           91492 kB
Cached:          1154712 kB
MemTotal:        1844596 kB
MemFree:          192668 kB
MemAvailable:    1409056 kB
Buffers:           91492 kB
Cached:          1154712 kB
MemTotal:        1844596 kB
MemFree:          192876 kB
MemAvailable:    1409264 kB
Buffers:           91492 kB
Cached:          1154712 kB
MemTotal:        1844596 kB
MemFree:          193912 kB
MemAvailable:    1410300 kB
Buffers:           91492 kB
Cached:          1154712 kB
MemTotal:        1844596 kB
MemFree:          194052 kB
MemAvailable:    1410440 kB
Buffers:           91492 kB
Cached:          1154712 kB
MemTotal:        1844596 kB
MemFree:          193984 kB
MemAvailable:    1410372 kB
Buffers:           91492 kB
Cached:          1154712 kB
MemTotal:        1844596 kB
MemFree:          194052 kB
MemAvailable:    1410440 kB
Buffers:           91492 kB
Cached:          1154712 kB
MemTotal:        1844596 kB
MemFree:          188456 kB
MemAvailable:    1404844 kB
Buffers:           91492 kB
Cached:          1154712 kB
MemTotal:        1844596 kB
MemFree:          187852 kB
MemAvailable:    1404240 kB
Buffers:           91492 kB
Cached:          1154712 kB
MemTotal:        1844596 kB
MemFree:          183264 kB
MemAvailable:    1399660 kB
Buffers:           91492 kB
Cached:          1154720 kB
MemTotal:        1844596 kB
MemFree:          179544 kB
MemAvailable:    1395940 kB
Buffers:           91492 kB
Cached:          1154720 kB
MemTotal:        1844596 kB
MemFree:          175576 kB
MemAvailable:    1391972 kB
Buffers:           91492 kB
Cached:          1154720 kB
MemTotal:        1844596 kB
MemFree:          175452 kB
MemAvailable:    1391848 kB
Buffers:           91492 kB
Cached:          1154720 kB
MemTotal:        1844596 kB
MemFree:          176692 kB
MemAvailable:    1393088 kB
Buffers:           91492 kB
Cached:          1154720 kB
MemTotal:        1844596 kB
MemFree:          176644 kB
MemAvailable:    1393040 kB
Buffers:           91492 kB
Cached:          1154720 kB
MemTotal:        1844596 kB
MemFree:          176492 kB
MemAvailable:    1392888 kB
Buffers:           91492 kB
Cached:          1154720 kB
MemTotal:        1844596 kB
MemFree:          175308 kB
MemAvailable:    1391704 kB
Buffers:           91492 kB
Cached:          1154720 kB
MemTotal:        1844596 kB
MemFree:          175144 kB
MemAvailable:    1391540 kB
Buffers:           91492 kB
Cached:          1154720 kB
MemTotal:        1844596 kB
MemFree:          176364 kB
MemAvailable:    1392760 kB
Buffers:           91492 kB
Cached:          1154720 kB
MemTotal:        1844596 kB
MemFree:          176616 kB
MemAvailable:    1393012 kB
Buffers:           91492 kB
Cached:          1154720 kB
MemTotal:        1844596 kB
MemFree:          176508 kB
MemAvailable:    1392904 kB
Buffers:           91492 kB
Cached:          1154720 kB
MemTotal:        1844596 kB
MemFree:          176676 kB
MemAvailable:    1393072 kB
Buffers:           91492 kB
Cached:          1154720 kB
MemTotal:        1844596 kB
MemFree:          176396 kB
MemAvailable:    1392792 kB
Buffers:           91492 kB
Cached:          1154720 kB
MemTotal:        1844596 kB
MemFree:          176436 kB
MemAvailable:    1392832 kB
Buffers:           91492 kB
Cached:          1154720 kB
MemTotal:        1844596 kB
MemFree:          175444 kB
MemAvailable:    1391840 kB
Buffers:           91492 kB
Cached:          1154720 kB
MemTotal:        1844596 kB
MemFree:          175188 kB
MemAvailable:    1391584 kB
Buffers:           91492 kB
Cached:          1154720 kB
MemTotal:        1844596 kB
MemFree:          176556 kB
MemAvailable:    1392952 kB
Buffers:           91492 kB
Cached:          1154720 kB
MemTotal:        1844596 kB
MemFree:          176676 kB
MemAvailable:    1393072 kB
Buffers:           91492 kB
Cached:          1154720 kB
MemTotal:        1844596 kB
MemFree:          175304 kB
MemAvailable:    1391700 kB
Buffers:           91492 kB
Cached:          1154720 kB
MemTotal:        1844596 kB
MemFree:          175948 kB
MemAvailable:    1392344 kB
Buffers:           91492 kB
Cached:          1154720 kB
MemTotal:        1844596 kB
MemFree:          176072 kB
MemAvailable:    1392468 kB
Buffers:           91492 kB
Cached:          1154720 kB
MemTotal:        1844596 kB
MemFree:          174576 kB
MemAvailable:    1390972 kB
Buffers:           91492 kB
Cached:          1154720 kB
MemTotal:        1844596 kB
MemFree:          174576 kB
MemAvailable:    1390972 kB
Buffers:           91492 kB
Cached:          1154720 kB
MemTotal:        1844596 kB
MemFree:          174584 kB
MemAvailable:    1390980 kB
Buffers:           91492 kB
Cached:          1154720 kB
MemTotal:        1844596 kB
MemFree:          174088 kB
MemAvailable:    1390484 kB
Buffers:           91492 kB
Cached:          1154720 kB
MemTotal:        1844596 kB
MemFree:          173592 kB
MemAvailable:    1389988 kB
Buffers:           91492 kB
Cached:          1154720 kB
MemTotal:        1844596 kB
MemFree:          173544 kB
MemAvailable:    1389940 kB
Buffers:           91492 kB
Cached:          1154720 kB
MemTotal:        1844596 kB
MemFree:          169128 kB
MemAvailable:    1385524 kB
Buffers:           91492 kB
Cached:          1154720 kB
MemTotal:        1844596 kB
MemFree:          166028 kB
MemAvailable:    1382424 kB
Buffers:           91492 kB
Cached:          1154720 kB
MemTotal:        1844596 kB
MemFree:          163300 kB
MemAvailable:    1379696 kB
Buffers:           91492 kB
Cached:          1154720 kB
MemTotal:        1844596 kB
MemFree:          159944 kB
MemAvailable:    1376340 kB
Buffers:           91492 kB
Cached:          1154720 kB
MemTotal:        1844596 kB
MemFree:          156968 kB
MemAvailable:    1373364 kB
Buffers:           91492 kB
Cached:          1154720 kB
MemTotal:        1844596 kB
MemFree:          154496 kB
MemAvailable:    1370892 kB
Buffers:           91492 kB
Cached:          1154720 kB
MemTotal:        1844596 kB
MemFree:          152140 kB
MemAvailable:    1368536 kB
Buffers:           91492 kB
Cached:          1154720 kB
MemTotal:        1844596 kB
MemFree:          150760 kB
MemAvailable:    1367156 kB
Buffers:           91492 kB
Cached:          1154720 kB
MemTotal:        1844596 kB
MemFree:          150640 kB
MemAvailable:    1367036 kB
Buffers:           91492 kB
Cached:          1154720 kB
MemTotal:        1844596 kB
MemFree:          146808 kB
MemAvailable:    1363204 kB
Buffers:           91492 kB
Cached:          1154720 kB
MemTotal:        1844596 kB
MemFree:          145012 kB
MemAvailable:    1361408 kB
Buffers:           91492 kB
Cached:          1154720 kB
MemTotal:        1844596 kB
MemFree:          144692 kB
MemAvailable:    1361088 kB
Buffers:           91492 kB
Cached:          1154720 kB
MemTotal:        1844596 kB
MemFree:          143420 kB
MemAvailable:    1359816 kB
Buffers:           91492 kB
Cached:          1154720 kB
MemTotal:        1844596 kB
MemFree:          144848 kB
MemAvailable:    1361244 kB
Buffers:           91492 kB
Cached:          1154720 kB
MemTotal:        1844596 kB
MemFree:          144716 kB
MemAvailable:    1361112 kB
Buffers:           91492 kB
Cached:          1154720 kB
MemTotal:        1844596 kB
MemFree:          143576 kB
MemAvailable:    1359972 kB
Buffers:           91492 kB
Cached:          1154720 kB
MemTotal:        1844596 kB
MemFree:          144548 kB
MemAvailable:    1360944 kB
Buffers:           91492 kB
Cached:          1154720 kB
MemTotal:        1844596 kB
MemFree:          144576 kB
MemAvailable:    1360972 kB
Buffers:           91492 kB
Cached:          1154720 kB
MemTotal:        1844596 kB
MemFree:          143528 kB
MemAvailable:    1359924 kB
Buffers:           91492 kB
Cached:          1154720 kB
MemTotal:        1844596 kB
MemFree:          144572 kB
MemAvailable:    1360968 kB
Buffers:           91492 kB
Cached:          1154720 kB
MemTotal:        1844596 kB
MemFree:          142716 kB
MemAvailable:    1359112 kB
Buffers:           91492 kB
Cached:          1154720 kB
MemTotal:        1844596 kB
MemFree:          143768 kB
MemAvailable:    1360164 kB
Buffers:           91492 kB
Cached:          1154720 kB
MemTotal:        1844596 kB
MemFree:          143824 kB
MemAvailable:    1360220 kB
Buffers:           91492 kB
Cached:          1154720 kB
MemTotal:        1844596 kB
MemFree:          142336 kB
MemAvailable:    1358732 kB
Buffers:           91492 kB
Cached:          1154720 kB
MemTotal:        1844596 kB
MemFree:          142460 kB
MemAvailable:    1358856 kB
Buffers:           91492 kB
Cached:          1154720 kB
MemTotal:        1844596 kB
MemFree:          143336 kB
MemAvailable:    1359732 kB
Buffers:           91492 kB
Cached:          1154720 kB
MemTotal:        1844596 kB
MemFree:          143140 kB
MemAvailable:    1359536 kB
Buffers:           91492 kB
Cached:          1154720 kB
MemTotal:        1844596 kB
MemFree:          143060 kB
MemAvailable:    1359456 kB
Buffers:           91492 kB
Cached:          1154720 kB
MemTotal:        1844596 kB
MemFree:          142220 kB
MemAvailable:    1358616 kB
Buffers:           91492 kB
Cached:          1154720 kB
MemTotal:        1844596 kB
MemFree:          142876 kB
MemAvailable:    1359272 kB
Buffers:           91492 kB
Cached:          1154720 kB
MemTotal:        1844596 kB
MemFree:          141608 kB
MemAvailable:    1358004 kB
Buffers:           91492 kB
Cached:          1154720 kB
MemTotal:        1844596 kB
MemFree:          142156 kB
MemAvailable:    1358552 kB
Buffers:           91492 kB
Cached:          1154720 kB
MemTotal:        1844596 kB
MemFree:          142492 kB
MemAvailable:    1358888 kB
Buffers:           91492 kB
Cached:          1154720 kB
MemTotal:        1844596 kB
MemFree:          141848 kB
MemAvailable:    1358244 kB
Buffers:           91492 kB
Cached:          1154720 kB
MemTotal:        1844596 kB
MemFree:          141164 kB
MemAvailable:    1357560 kB
Buffers:           91492 kB
Cached:          1154720 kB
MemTotal:        1844596 kB
MemFree:          140536 kB
MemAvailable:    1356936 kB
Buffers:           91492 kB
Cached:          1154724 kB
MemTotal:        1844596 kB
MemFree:          139320 kB
MemAvailable:    1355720 kB
Buffers:           91492 kB
Cached:          1154724 kB
MemTotal:        1844596 kB
MemFree:          140568 kB
MemAvailable:    1356972 kB
Buffers:           91492 kB
Cached:          1154728 kB
MemTotal:        1844596 kB
MemFree:          140688 kB
MemAvailable:    1357092 kB
Buffers:           91492 kB
Cached:          1154728 kB
MemTotal:        1844596 kB
MemFree:          139440 kB
MemAvailable:    1355844 kB
Buffers:           91492 kB
Cached:          1154728 kB
MemTotal:        1844596 kB
MemFree:          140640 kB
MemAvailable:    1357044 kB
Buffers:           91492 kB
Cached:          1154728 kB
MemTotal:        1844596 kB
MemFree:          140404 kB
MemAvailable:    1356808 kB
Buffers:           91492 kB
Cached:          1154728 kB
MemTotal:        1844596 kB
MemFree:          139348 kB
MemAvailable:    1355752 kB
Buffers:           91492 kB
Cached:          1154728 kB
MemTotal:        1844596 kB
MemFree:          140320 kB
MemAvailable:    1356724 kB
Buffers:           91492 kB
Cached:          1154728 kB
MemTotal:        1844596 kB
MemFree:          140572 kB
MemAvailable:    1356976 kB
Buffers:           91492 kB
Cached:          1154728 kB
MemTotal:        1844596 kB
MemFree:          140472 kB
MemAvailable:    1356876 kB
Buffers:           91492 kB
Cached:          1154728 kB
MemTotal:        1844596 kB
MemFree:          139184 kB
MemAvailable:    1355588 kB
Buffers:           91492 kB
Cached:          1154728 kB
MemTotal:        1844596 kB
MemFree:          139172 kB
MemAvailable:    1355576 kB
Buffers:           91492 kB
Cached:          1154728 kB
MemTotal:        1844596 kB
MemFree:          139172 kB
MemAvailable:    1355576 kB
Buffers:           91492 kB
Cached:          1154728 kB
MemTotal:        1844596 kB
MemFree:          140348 kB
MemAvailable:    1356752 kB
Buffers:           91492 kB
Cached:          1154728 kB
MemTotal:        1844596 kB
MemFree:          139544 kB
MemAvailable:    1355948 kB
Buffers:           91492 kB
Cached:          1154728 kB
MemTotal:        1844596 kB
MemFree:          139420 kB
MemAvailable:    1355824 kB
Buffers:           91492 kB
Cached:          1154728 kB
MemTotal:        1844596 kB
MemFree:          139420 kB
MemAvailable:    1355824 kB
Buffers:           91492 kB
Cached:          1154728 kB
MemTotal:        1844596 kB
MemFree:          139288 kB
MemAvailable:    1355692 kB
Buffers:           91492 kB
Cached:          1154728 kB
MemTotal:        1844596 kB
MemFree:          140308 kB
MemAvailable:    1356712 kB
Buffers:           91492 kB
Cached:          1154728 kB
MemTotal:        1844596 kB
MemFree:          140236 kB
MemAvailable:    1356640 kB
Buffers:           91492 kB
Cached:          1154728 kB
MemTotal:        1844596 kB
MemFree:          140304 kB
MemAvailable:    1356708 kB
Buffers:           91492 kB
Cached:          1154728 kB
MemTotal:        1844596 kB
MemFree:          139312 kB
MemAvailable:    1355716 kB
Buffers:           91492 kB
Cached:          1154728 kB
MemTotal:        1844596 kB
MemFree:          140352 kB
MemAvailable:    1356756 kB
Buffers:           91492 kB
Cached:          1154728 kB
MemTotal:        1844596 kB
MemFree:          139748 kB
MemAvailable:    1356152 kB
Buffers:           91492 kB
Cached:          1154728 kB
MemTotal:        1844596 kB
MemFree:          140484 kB
MemAvailable:    1356888 kB
Buffers:           91492 kB
Cached:          1154728 kB
MemTotal:        1844596 kB
MemFree:          140608 kB
MemAvailable:    1357012 kB
Buffers:           91492 kB
Cached:          1154728 kB
MemTotal:        1844596 kB
MemFree:          139112 kB
MemAvailable:    1355516 kB
Buffers:           91492 kB
Cached:          1154728 kB
MemTotal:        1844596 kB
MemFree:          140212 kB
MemAvailable:    1356616 kB
Buffers:           91492 kB
Cached:          1154728 kB
MemTotal:        1844596 kB
MemFree:          140464 kB
MemAvailable:    1356868 kB
Buffers:           91492 kB
Cached:          1154728 kB
MemTotal:        1844596 kB
MemFree:          139244 kB
MemAvailable:    1355648 kB
Buffers:           91492 kB
Cached:          1154728 kB
MemTotal:        1844596 kB
MemFree:          139196 kB
MemAvailable:    1355600 kB
Buffers:           91492 kB
Cached:          1154728 kB
MemTotal:        1844596 kB
MemFree:          140304 kB
MemAvailable:    1356708 kB
Buffers:           91492 kB
Cached:          1154728 kB
MemTotal:        1844596 kB
MemFree:          140560 kB
MemAvailable:    1356964 kB
Buffers:           91492 kB
Cached:          1154728 kB
MemTotal:        1844596 kB
MemFree:          140424 kB
MemAvailable:    1356828 kB
Buffers:           91492 kB
Cached:          1154728 kB
MemTotal:        1844596 kB
MemFree:          140592 kB
MemAvailable:    1356996 kB
Buffers:           91492 kB
Cached:          1154728 kB
MemTotal:        1844596 kB
MemFree:          140156 kB
MemAvailable:    1356560 kB
Buffers:           91492 kB
Cached:          1154728 kB
MemTotal:        1844596 kB
MemFree:          139056 kB
MemAvailable:    1355460 kB
Buffers:           91492 kB
Cached:          1154728 kB
MemTotal:        1844596 kB
MemFree:          136020 kB
MemAvailable:    1352424 kB
Buffers:           91492 kB
Cached:          1154728 kB
MemTotal:        1844596 kB
MemFree:          134948 kB
MemAvailable:    1351352 kB
Buffers:           91492 kB
Cached:          1154728 kB
MemTotal:        1844596 kB
MemFree:          134152 kB
MemAvailable:    1350556 kB
Buffers:           91492 kB
Cached:          1154728 kB
MemTotal:        1844596 kB
MemFree:          132540 kB
MemAvailable:    1348944 kB
Buffers:           91492 kB
Cached:          1154728 kB
MemTotal:        1844596 kB
MemFree:          133648 kB
MemAvailable:    1350052 kB
Buffers:           91492 kB
Cached:          1154728 kB
MemTotal:        1844596 kB
MemFree:          132532 kB
MemAvailable:    1348936 kB
Buffers:           91492 kB
Cached:          1154728 kB
MemTotal:        1844596 kB
MemFree:          133960 kB
MemAvailable:    1350364 kB
Buffers:           91492 kB
Cached:          1154728 kB
MemTotal:        1844596 kB
MemFree:          132400 kB
MemAvailable:    1348804 kB
Buffers:           91492 kB
Cached:          1154728 kB
MemTotal:        1844596 kB
MemFree:          132408 kB
MemAvailable:    1348812 kB
Buffers:           91492 kB
Cached:          1154728 kB
MemTotal:        1844596 kB
MemFree:          133772 kB
MemAvailable:    1350176 kB
Buffers:           91492 kB
Cached:          1154728 kB
MemTotal:        1844596 kB
MemFree:          132484 kB
MemAvailable:    1348888 kB
Buffers:           91492 kB
Cached:          1154728 kB
MemTotal:        1844596 kB
MemFree:          133840 kB
MemAvailable:    1350244 kB
Buffers:           91492 kB
Cached:          1154728 kB
MemTotal:        1844596 kB
MemFree:          133820 kB
MemAvailable:    1350224 kB
Buffers:           91492 kB
Cached:          1154728 kB
MemTotal:        1844596 kB
MemFree:          133880 kB
MemAvailable:    1350284 kB
Buffers:           91496 kB
Cached:          1154724 kB
MemTotal:        1844596 kB
MemFree:          132392 kB
MemAvailable:    1348880 kB
Buffers:           91496 kB
Cached:          1154848 kB
MemTotal:        1844596 kB
MemFree:          133540 kB
MemAvailable:    1350196 kB
Buffers:           91496 kB
Cached:          1154972 kB
MemTotal:        1844596 kB
MemFree:          132044 kB
MemAvailable:    1348784 kB
Buffers:           91496 kB
Cached:          1155096 kB
MemTotal:        1844596 kB
MemFree:          131912 kB
MemAvailable:    1348736 kB
Buffers:           91496 kB
Cached:          1155096 kB
MemTotal:        1844596 kB
MemFree:          133064 kB
MemAvailable:    1350056 kB
Buffers:           91496 kB
Cached:          1155344 kB
MemTotal:        1844596 kB
MemFree:          132996 kB
MemAvailable:    1349988 kB
Buffers:           91496 kB
Cached:          1155344 kB
MemTotal:        1844596 kB
MemFree:          133052 kB
MemAvailable:    1350044 kB
Buffers:           91496 kB
Cached:          1155344 kB
MemTotal:        1844596 kB
MemFree:          131756 kB
MemAvailable:    1348748 kB
Buffers:           91496 kB
Cached:          1155344 kB
MemTotal:        1844596 kB
MemFree:          132932 kB
MemAvailable:    1349924 kB
Buffers:           91496 kB
Cached:          1155344 kB
MemTotal:        1844596 kB
MemFree:          132060 kB
MemAvailable:    1349052 kB
Buffers:           91496 kB
Cached:          1155344 kB
MemTotal:        1844596 kB
MemFree:          132748 kB
MemAvailable:    1349788 kB
Buffers:           91496 kB
Cached:          1155356 kB
MemTotal:        1844596 kB
MemFree:          133084 kB
MemAvailable:    1350124 kB
Buffers:           91496 kB
Cached:          1155356 kB
MemTotal:        1844596 kB
MemFree:          132872 kB
MemAvailable:    1349912 kB
Buffers:           91496 kB
Cached:          1155356 kB
MemTotal:        1844596 kB
MemFree:          132872 kB
MemAvailable:    1349912 kB
Buffers:           91496 kB
Cached:          1155356 kB
MemTotal:        1844596 kB
MemFree:          132872 kB
MemAvailable:    1349324 kB
Buffers:           91496 kB
Cached:          1154724 kB
MemTotal:        1844596 kB
MemFree:          172292 kB
MemAvailable:    1388744 kB
Buffers:           91496 kB
Cached:          1154724 kB
MemTotal:        1844596 kB
MemFree:          172292 kB
MemAvailable:    1388744 kB
Buffers:           91496 kB
Cached:          1154724 kB
MemTotal:        1844596 kB
MemFree:          329916 kB
MemAvailable:    1546368 kB
Buffers:           91496 kB
Cached:          1154724 kB
