MemTotal:        1844596 kB
MemFree:          822660 kB
MemAvailable:    1545068 kB
Buffers:           86676 kB
Cached:           664452 kB
MemTotal:        1844596 kB
MemFree:          795396 kB
MemAvailable:    1517808 kB
Buffers:           86676 kB
Cached:           664456 kB
MemTotal:        1844596 kB
MemFree:          794040 kB
MemAvailable:    1516452 kB
Buffers:           86676 kB
Cached:           664456 kB
MemTotal:        1844596 kB
MemFree:          793652 kB
MemAvailable:    1516064 kB
Buffers:           86676 kB
Cached:           664456 kB
MemTotal:        1844596 kB
MemFree:          793652 kB
MemAvailable:    1516064 kB
Buffers:           86676 kB
Cached:           664456 kB
MemTotal:        1844596 kB
MemFree:          791892 kB
MemAvailable:    1514304 kB
Buffers:           86676 kB
Cached:           664456 kB
MemTotal:        1844596 kB
MemFree:          790056 kB
MemAvailable:    1512468 kB
Buffers:           86676 kB
Cached:           664456 kB
MemTotal:        1844596 kB
MemFree:          790268 kB
MemAvailable:    1512680 kB
Buffers:           86676 kB
Cached:           664456 kB
MemTotal:        1844596 kB
MemFree:          786652 kB
MemAvailable:    1509064 kB
Buffers:           86676 kB
Cached:           664456 kB
MemTotal:        1844596 kB
MemFree:          782500 kB
MemAvailable:    1504912 kB
Buffers:           86676 kB
Cached:           664456 kB
MemTotal:        1844596 kB
MemFree:          781896 kB
MemAvailable:    1504308 kB
Buffers:           86676 kB
Cached:           664456 kB
MemTotal:        1844596 kB
MemFree:          783136 kB
MemAvailable:    1505548 kB
Buffers:           86676 kB
Cached:           664456 kB
MemTotal:        1844596 kB
MemFree:          783180 kB
MemAvailable:    1505592 kB
Buffers:           86676 kB
Cached:           664456 kB
MemTotal:        1844596 kB
MemFree:          783112 kB
MemAvailable:    1505524 kB
Buffers:           86676 kB
Cached:           664456 kB
MemTotal:        1844596 kB
MemFree:          781700 kB
MemAvailable:    1504112 kB
Buffers:           86676 kB
Cached:           664456 kB
MemTotal:        1844596 kB
MemFree:          782684 kB
MemAvailable:    1505096 kB
Buffers:           86676 kB
Cached:           664456 kB
MemTotal:        1844596 kB
MemFree:          782640 kB
MemAvailable:    1505052 kB
Buffers:           86676 kB
Cached:           664456 kB
MemTotal:        1844596 kB
MemFree:          782360 kB
MemAvailable:    1504772 kB
Buffers:           86676 kB
Cached:           664456 kB
MemTotal:        1844596 kB
MemFree:          782696 kB
MemAvailable:    1505108 kB
Buffers:           86676 kB
Cached:           664456 kB
MemTotal:        1844596 kB
MemFree:          782320 kB
MemAvailable:    1504732 kB
Buffers:           86676 kB
Cached:           664456 kB
MemTotal:        1844596 kB
MemFree:          782144 kB
MemAvailable:    1504556 kB
Buffers:           86676 kB
Cached:           664456 kB
MemTotal:        1844596 kB
MemFree:          780972 kB
MemAvailable:    1503384 kB
Buffers:           86676 kB
Cached:           664456 kB
MemTotal:        1844596 kB
MemFree:          782072 kB
MemAvailable:    1504484 kB
Buffers:           86676 kB
Cached:           664456 kB
MemTotal:        1844596 kB
MemFree:          782072 kB
MemAvailable:    1504484 kB
Buffers:           86676 kB
Cached:           664456 kB
MemTotal:        1844596 kB
MemFree:          780836 kB
MemAvailable:    1503248 kB
Buffers:           86676 kB
Cached:           664456 kB
MemTotal:        1844596 kB
MemFree:          781972 kB
MemAvailable:    1504384 kB
Buffers:           86676 kB
Cached:           664456 kB
MemTotal:        1844596 kB
MemFree:          780772 kB
MemAvailable:    1503184 kB
Buffers:           86676 kB
Cached:           664456 kB
MemTotal:        1844596 kB
MemFree:          781252 kB
MemAvailable:    1503664 kB
Buffers:           86676 kB
Cached:           664456 kB
MemTotal:        1844596 kB
MemFree:          781336 kB
MemAvailable:    1503748 kB
Buffers:           86676 kB
Cached:           664456 kB
MemTotal:        1844596 kB
MemFree:          779968 kB
MemAvailable:    1502380 kB
Buffers:           86676 kB
Cached:           664456 kB
MemTotal:        1844596 kB
MemFree:          780152 kB
MemAvailable:    1502564 kB
Buffers:           86676 kB
Cached:           664456 kB
MemTotal:        1844596 kB
MemFree:          780576 kB
MemAvailable:    1502988 kB
Buffers:           86676 kB
Cached:           664456 kB
MemTotal:        1844596 kB
MemFree:          779276 kB
MemAvailable:    1501688 kB
Buffers:           86676 kB
Cached:           664456 kB
MemTotal:        1844596 kB
MemFree:          779160 kB
MemAvailable:    1501572 kB
Buffers:           86676 kB
Cached:           664456 kB
MemTotal:        1844596 kB
MemFree:          779160 kB
MemAvailable:    1501572 kB
Buffers:           86676 kB
Cached:           664456 kB
MemTotal:        1844596 kB
MemFree:          780360 kB
MemAvailable:    1502776 kB
Buffers:           86676 kB
Cached:           664460 kB
MemTotal:        1844596 kB
MemFree:          779036 kB
MemAvailable:    1501452 kB
Buffers:           86676 kB
Cached:           664460 kB
MemTotal:        1844596 kB
MemFree:          780152 kB
MemAvailable:    1502568 kB
Buffers:           86676 kB
Cached:           664460 kB
MemTotal:        1844596 kB
MemFree:          779044 kB
MemAvailable:    1501460 kB
Buffers:           86676 kB
Cached:           664460 kB
MemTotal:        1844596 kB
MemFree:          779980 kB
MemAvailable:    1502396 kB
Buffers:           86676 kB
Cached:           664460 kB
MemTotal:        1844596 kB
MemFree:          780316 kB
MemAvailable:    1502732 kB
Buffers:           86676 kB
Cached:           664460 kB
MemTotal:        1844596 kB
MemFree:          778780 kB
MemAvailable:    1501196 kB
Buffers:           86676 kB
Cached:           664460 kB
MemTotal:        1844596 kB
MemFree:          778292 kB
MemAvailable:    1500708 kB
Buffers:           86676 kB
Cached:           664460 kB
MemTotal:        1844596 kB
MemFree:          774944 kB
MemAvailable:    1497360 kB
Buffers:           86676 kB
Cached:           664460 kB
MemTotal:        1844596 kB
MemFree:          774988 kB
MemAvailable:    1497404 kB
Buffers:           86676 kB
Cached:           664460 kB
MemTotal:        1844596 kB
MemFree:          774208 kB
MemAvailable:    1496624 kB
Buffers:           86676 kB
Cached:           664460 kB
MemTotal:        1844596 kB
MemFree:          774748 kB
MemAvailable:    1497164 kB
Buffers:           86676 kB
Cached:           664460 kB
MemTotal:        1844596 kB
MemFree:          773456 kB
MemAvailable:    1495872 kB
Buffers:           86676 kB
Cached:           664460 kB
MemTotal:        1844596 kB
MemFree:          774688 kB
MemAvailable:    1497104 kB
Buffers:           86676 kB
Cached:           664460 kB
MemTotal:        1844596 kB
MemFree:          774384 kB
MemAvailable:    1496800 kB
Buffers:           86676 kB
Cached:           664460 kB
MemTotal:        1844596 kB
MemFree:          774384 kB
MemAvailable:    1496800 kB
Buffers:           86676 kB
Cached:           664460 kB
MemTotal:        1844596 kB
MemFree:          773024 kB
MemAvailable:    1495440 kB
Buffers:           86676 kB
Cached:           664460 kB
MemTotal:        1844596 kB
MemFree:          773016 kB
MemAvailable:    1495432 kB
Buffers:           86676 kB
Cached:           664460 kB
MemTotal:        1844596 kB
MemFree:          774612 kB
MemAvailable:    1497028 kB
Buffers:           86676 kB
Cached:           664460 kB
MemTotal:        1844596 kB
MemFree:          773012 kB
MemAvailable:    1495428 kB
Buffers:           86676 kB
Cached:           664460 kB
MemTotal:        1844596 kB
MemFree:          774136 kB
MemAvailable:    1496552 kB
Buffers:           86676 kB
Cached:           664460 kB
MemTotal:        1844596 kB
MemFree:          773168 kB
MemAvailable:    1495584 kB
Buffers:           86676 kB
Cached:           664460 kB
MemTotal:        1844596 kB
MemFree:          773044 kB
MemAvailable:    1495460 kB
Buffers:           86676 kB
Cached:           664460 kB
MemTotal:        1844596 kB
MemFree:          771596 kB
MemAvailable:    1494012 kB
Buffers:           86676 kB
Cached:           664460 kB
MemTotal:        1844596 kB
MemFree:          769056 kB
MemAvailable:    1491472 kB
Buffers:           86676 kB
Cached:           664460 kB
MemTotal:        1844596 kB
MemFree:          767240 kB
MemAvailable:    1489656 kB
Buffers:           86676 kB
Cached:           664460 kB
MemTotal:        1844596 kB
MemFree:          768124 kB
MemAvailable:    1490540 kB
Buffers:           86676 kB
Cached:           664460 kB
MemTotal:        1844596 kB
MemFree:          766884 kB
MemAvailable:    1489300 kB
Buffers:           86676 kB
Cached:           664460 kB
MemTotal:        1844596 kB
MemFree:          766496 kB
MemAvailable:    1488912 kB
Buffers:           86676 kB
Cached:           664460 kB
MemTotal:        1844596 kB
MemFree:          766496 kB
MemAvailable:    1488912 kB
Buffers:           86676 kB
Cached:           664460 kB
MemTotal:        1844596 kB
MemFree:          764652 kB
MemAvailable:    1487068 kB
Buffers:           86676 kB
Cached:           664460 kB
MemTotal:        1844596 kB
MemFree:          766008 kB
MemAvailable:    1488424 kB
Buffers:           86676 kB
Cached:           664460 kB
MemTotal:        1844596 kB
MemFree:          765884 kB
MemAvailable:    1488300 kB
Buffers:           86676 kB
Cached:           664460 kB
MemTotal:        1844596 kB
MemFree:          765640 kB
MemAvailable:    1488056 kB
Buffers:           86676 kB
Cached:           664460 kB
MemTotal:        1844596 kB
MemFree:          765516 kB
MemAvailable:    1487932 kB
Buffers:           86676 kB
Cached:           664460 kB
MemTotal:        1844596 kB
MemFree:          765352 kB
MemAvailable:    1487768 kB
Buffers:           86676 kB
Cached:           664460 kB
MemTotal:        1844596 kB
MemFree:          765604 kB
MemAvailable:    1488020 kB
Buffers:           86676 kB
Cached:           664460 kB
MemTotal:        1844596 kB
MemFree:          764140 kB
MemAvailable:    1486556 kB
Buffers:           86676 kB
Cached:           664460 kB
MemTotal:        1844596 kB
MemFree:          765728 kB
MemAvailable:    1488144 kB
Buffers:           86676 kB
Cached:           664460 kB
MemTotal:        1844596 kB
MemFree:          765380 kB
MemAvailable:    1487796 kB
Buffers:           86676 kB
Cached:           664460 kB
MemTotal:        1844596 kB
MemFree:          765396 kB
MemAvailable:    1487812 kB
Buffers:           86676 kB
Cached:           664460 kB
MemTotal:        1844596 kB
MemFree:          765568 kB
MemAvailable:    1487984 kB
Buffers:           86676 kB
Cached:           664460 kB
MemTotal:        1844596 kB
MemFree:          765436 kB
MemAvailable:    1487852 kB
Buffers:           86676 kB
Cached:           664460 kB
MemTotal:        1844596 kB
MemFree:          765232 kB
MemAvailable:    1487648 kB
Buffers:           86676 kB
Cached:           664460 kB
MemTotal:        1844596 kB
MemFree:          765316 kB
MemAvailable:    1487732 kB
Buffers:           86676 kB
Cached:           664460 kB
MemTotal:        1844596 kB
MemFree:          764020 kB
MemAvailable:    1486436 kB
Buffers:           86676 kB
Cached:           664460 kB
MemTotal:        1844596 kB
MemFree:          765260 kB
MemAvailable:    1487676 kB
Buffers:           86676 kB
Cached:           664460 kB
MemTotal:        1844596 kB
MemFree:          765120 kB
MemAvailable:    1487536 kB
Buffers:           86676 kB
Cached:           664460 kB
MemTotal:        1844596 kB
MemFree:          765148 kB
MemAvailable:    1487564 kB
Buffers:           86676 kB
Cached:           664460 kB
MemTotal:        1844596 kB
MemFree:          763976 kB
MemAvailable:    1486392 kB
Buffers:           86676 kB
Cached:           664460 kB
MemTotal:        1844596 kB
MemFree:          764468 kB
MemAvailable:    1486884 kB
Buffers:           86676 kB
Cached:           664460 kB
MemTotal:        1844596 kB
MemFree:          761172 kB
MemAvailable:    1483588 kB
Buffers:           86676 kB
Cached:           664460 kB
MemTotal:        1844596 kB
MemFree:          758576 kB
MemAvailable:    1480992 kB
Buffers:           86676 kB
Cached:           664460 kB
MemTotal:        1844596 kB
MemFree:          757024 kB
MemAvailable:    1479440 kB
Buffers:           86676 kB
Cached:           664460 kB
MemTotal:        1844596 kB
MemFree:          756976 kB
MemAvailable:    1479392 kB
Buffers:           86676 kB
Cached:           664460 kB
MemTotal:        1844596 kB
MemFree:          755724 kB
MemAvailable:    1478140 kB
Buffers:           86676 kB
Cached:           664460 kB
MemTotal:        1844596 kB
MemFree:          756772 kB
MemAvailable:    1479188 kB
Buffers:           86676 kB
Cached:           664460 kB
MemTotal:        1844596 kB
MemFree:          757108 kB
MemAvailable:    1479524 kB
Buffers:           86676 kB
Cached:           664460 kB
MemTotal:        1844596 kB
MemFree:          756780 kB
MemAvailable:    1479196 kB
Buffers:           86676 kB
Cached:           664460 kB
MemTotal:        1844596 kB
MemFree:          756584 kB
MemAvailable:    1479000 kB
Buffers:           86676 kB
Cached:           664460 kB
MemTotal:        1844596 kB
MemFree:          755532 kB
MemAvailable:    1477948 kB
Buffers:           86676 kB
Cached:           664460 kB
MemTotal:        1844596 kB
MemFree:          756708 kB
MemAvailable:    1479124 kB
Buffers:           86676 kB
Cached:           664460 kB
MemTotal:        1844596 kB
MemFree:          755608 kB
MemAvailable:    1478024 kB
Buffers:           86676 kB
Cached:           664460 kB
MemTotal:        1844596 kB
MemFree:          756328 kB
MemAvailable:    1478744 kB
Buffers:           86676 kB
Cached:           664460 kB
MemTotal:        1844596 kB
MemFree:          756664 kB
MemAvailable:    1479080 kB
Buffers:           86676 kB
Cached:           664460 kB
MemTotal:        1844596 kB
MemFree:          756420 kB
MemAvailable:    1478836 kB
Buffers:           86676 kB
Cached:           664460 kB
MemTotal:        1844596 kB
MemFree:          755424 kB
MemAvailable:    1477840 kB
Buffers:           86676 kB
Cached:           664460 kB
MemTotal:        1844596 kB
MemFree:          756312 kB
MemAvailable:    1478728 kB
Buffers:           86676 kB
Cached:           664460 kB
MemTotal:        1844596 kB
MemFree:          756480 kB
MemAvailable:    1478896 kB
Buffers:           86676 kB
Cached:           664460 kB
MemTotal:        1844596 kB
MemFree:          756452 kB
MemAvailable:    1478868 kB
Buffers:           86676 kB
Cached:           664460 kB
MemTotal:        1844596 kB
MemFree:          756704 kB
MemAvailable:    1479120 kB
Buffers:           86676 kB
Cached:           664460 kB
MemTotal:        1844596 kB
MemFree:          755340 kB
MemAvailable:    1477756 kB
Buffers:           86676 kB
Cached:           664460 kB
MemTotal:        1844596 kB
MemFree:          755084 kB
MemAvailable:    1477500 kB
Buffers:           86676 kB
Cached:           664460 kB
MemTotal:        1844596 kB
MemFree:          755208 kB
MemAvailable:    1477624 kB
Buffers:           86676 kB
Cached:           664460 kB
MemTotal:        1844596 kB
MemFree:          755332 kB
MemAvailable:    1477748 kB
Buffers:           86676 kB
Cached:           664460 kB
MemTotal:        1844596 kB
MemFree:          756524 kB
MemAvailable:    1478940 kB
Buffers:           86676 kB
Cached:           664460 kB
MemTotal:        1844596 kB
MemFree:          756776 kB
MemAvailable:    1479192 kB
Buffers:           86676 kB
Cached:           664460 kB
MemTotal:        1844596 kB
MemFree:          756280 kB
MemAvailable:    1478696 kB
Buffers:           86676 kB
Cached:           664460 kB
MemTotal:        1844596 kB
MemFree:          755600 kB
MemAvailable:    1478016 kB
Buffers:           86676 kB
Cached:           664460 kB
MemTotal:        1844596 kB
MemFree:          756528 kB
MemAvailable:    1478944 kB
Buffers:           86676 kB
Cached:           664460 kB
MemTotal:        1844596 kB
MemFree:          756528 kB
MemAvailable:    1478944 kB
Buffers:           86676 kB
Cached:           664460 kB
MemTotal:        1844596 kB
MemFree:          755352 kB
MemAvailable:    1477768 kB
Buffers:           86676 kB
Cached:           664460 kB
MemTotal:        1844596 kB
MemFree:          755344 kB
MemAvailable:    1477760 kB
Buffers:           86676 kB
Cached:           664460 kB
MemTotal:        1844596 kB
MemFree:          756584 kB
MemAvailable:    1479000 kB
Buffers:           86676 kB
Cached:           664460 kB
MemTotal:        1844596 kB
MemFree:          756796 kB
MemAvailable:    1479212 kB
Buffers:           86676 kB
Cached:           664460 kB
MemTotal:        1844596 kB
MemFree:          755304 kB
MemAvailable:    1477720 kB
Buffers:           86676 kB
Cached:           664460 kB
MemTotal:        1844596 kB
MemFree:          756704 kB
MemAvailable:    1479120 kB
Buffers:           86676 kB
Cached:           664460 kB
MemTotal:        1844596 kB
MemFree:          755300 kB
MemAvailable:    1477716 kB
Buffers:           86676 kB
Cached:           664460 kB
MemTotal:        1844596 kB
MemFree:          755168 kB
MemAvailable:    1477584 kB
Buffers:           86676 kB
Cached:           664460 kB
MemTotal:        1844596 kB
MemFree:          755784 kB
MemAvailable:    1478200 kB
Buffers:           86676 kB
Cached:           664460 kB
MemTotal:        1844596 kB
MemFree:          753252 kB
MemAvailable:    1475668 kB
Buffers:           86676 kB
Cached:           664460 kB
MemTotal:        1844596 kB
MemFree:          749392 kB
MemAvailable:    1471808 kB
Buffers:           86676 kB
Cached:           664460 kB
MemTotal:        1844596 kB
MemFree:          747476 kB
MemAvailable:    1469892 kB
Buffers:           86676 kB
Cached:           664460 kB
MemTotal:        1844596 kB
MemFree:          745068 kB
MemAvailable:    1467484 kB
Buffers:           86676 kB
Cached:           664460 kB
MemTotal:        1844596 kB
MemFree:          745616 kB
MemAvailable:    1468044 kB
Buffers:           86676 kB
Cached:           664472 kB
MemTotal:        1844596 kB
MemFree:          745872 kB
MemAvailable:    1468300 kB
Buffers:           86676 kB
Cached:           664472 kB
MemTotal:        1844596 kB
MemFree:          745532 kB
MemAvailable:    1467960 kB
Buffers:           86676 kB
Cached:           664472 kB
MemTotal:        1844596 kB
MemFree:          745532 kB
MemAvailable:    1467960 kB
Buffers:           86676 kB
Cached:           664472 kB
MemTotal:        1844596 kB
MemFree:          744540 kB
MemAvailable:    1466968 kB
Buffers:           86676 kB
Cached:           664472 kB
MemTotal:        1844596 kB
MemFree:          744540 kB
MemAvailable:    1466968 kB
Buffers:           86676 kB
Cached:           664472 kB
MemTotal:        1844596 kB
MemFree:          745776 kB
MemAvailable:    1468204 kB
Buffers:           86676 kB
Cached:           664472 kB
MemTotal:        1844596 kB
MemFree:          745664 kB
MemAvailable:    1468092 kB
Buffers:           86676 kB
Cached:           664472 kB
MemTotal:        1844596 kB
MemFree:          744944 kB
MemAvailable:    1467372 kB
Buffers:           86676 kB
Cached:           664472 kB
MemTotal:        1844596 kB
MemFree:          745548 kB
MemAvailable:    1467976 kB
Buffers:           86676 kB
Cached:           664472 kB
MemTotal:        1844596 kB
MemFree:          745884 kB
MemAvailable:    1468312 kB
Buffers:           86676 kB
Cached:           664472 kB
MemTotal:        1844596 kB
MemFree:          744432 kB
MemAvailable:    1466860 kB
Buffers:           86676 kB
Cached:           664472 kB
MemTotal:        1844596 kB
MemFree:          744300 kB
MemAvailable:    1466728 kB
Buffers:           86676 kB
Cached:           664472 kB
MemTotal:        1844596 kB
MemFree:          744556 kB
MemAvailable:    1466984 kB
Buffers:           86676 kB
Cached:           664472 kB
MemTotal:        1844596 kB
MemFree:          744508 kB
MemAvailable:    1466936 kB
Buffers:           86676 kB
Cached:           664472 kB
MemTotal:        1844596 kB
MemFree:          745872 kB
MemAvailable:    1468300 kB
Buffers:           86676 kB
Cached:           664472 kB
MemTotal:        1844596 kB
MemFree:          744632 kB
MemAvailable:    1467060 kB
Buffers:           86676 kB
Cached:           664472 kB
MemTotal:        1844596 kB
MemFree:          745624 kB
MemAvailable:    1468052 kB
Buffers:           86676 kB
Cached:           664472 kB
MemTotal:        1844596 kB
MemFree:          745720 kB
MemAvailable:    1468148 kB
Buffers:           86676 kB
Cached:           664472 kB
MemTotal:        1844596 kB
MemFree:          745556 kB
MemAvailable:    1467984 kB
Buffers:           86676 kB
Cached:           664472 kB
MemTotal:        1844596 kB
MemFree:          744308 kB
MemAvailable:    1466736 kB
Buffers:           86676 kB
Cached:           664472 kB
MemTotal:        1844596 kB
MemFree:          745616 kB
MemAvailable:    1468044 kB
Buffers:           86676 kB
Cached:           664472 kB
MemTotal:        1844596 kB
MemFree:          745632 kB
MemAvailable:    1468060 kB
Buffers:           86676 kB
Cached:           664472 kB
MemTotal:        1844596 kB
MemFree:          745888 kB
MemAvailable:    1468316 kB
Buffers:           86676 kB
Cached:           664472 kB
MemTotal:        1844596 kB
MemFree:          745632 kB
MemAvailable:    1468060 kB
Buffers:           86676 kB
Cached:           664472 kB
MemTotal:        1844596 kB
MemFree:          745688 kB
MemAvailable:    1468116 kB
Buffers:           86676 kB
Cached:           664472 kB
MemTotal:        1844596 kB
MemFree:          745532 kB
MemAvailable:    1467960 kB
Buffers:           86676 kB
Cached:           664472 kB
MemTotal:        1844596 kB
MemFree:          745868 kB
MemAvailable:    1468296 kB
Buffers:           86676 kB
Cached:           664472 kB
MemTotal:        1844596 kB
MemFree:          745676 kB
MemAvailable:    1468104 kB
Buffers:           86676 kB
Cached:           664472 kB
MemTotal:        1844596 kB
MemFree:          745472 kB
MemAvailable:    1467900 kB
Buffers:           86676 kB
Cached:           664472 kB
MemTotal:        1844596 kB
MemFree:          745808 kB
MemAvailable:    1468236 kB
Buffers:           86676 kB
Cached:           664472 kB
MemTotal:        1844596 kB
MemFree:          745648 kB
MemAvailable:    1468076 kB
Buffers:           86676 kB
Cached:           664472 kB
MemTotal:        1844596 kB
MemFree:          744812 kB
MemAvailable:    1467240 kB
Buffers:           86676 kB
Cached:           664472 kB
MemTotal:        1844596 kB
MemFree:          745788 kB
MemAvailable:    1468220 kB
Buffers:           86676 kB
Cached:           664476 kB
MemTotal:        1844596 kB
MemFree:          746124 kB
MemAvailable:    1468556 kB
Buffers:           86676 kB
Cached:           664476 kB
MemTotal:        1844596 kB
MemFree:          745664 kB
MemAvailable:    1468096 kB
Buffers:           86676 kB
Cached:           664476 kB
MemTotal:        1844596 kB
MemFree:          745664 kB
MemAvailable:    1468096 kB
Buffers:           86676 kB
Cached:           664476 kB
MemTotal:        1844596 kB
MemFree:          745632 kB
MemAvailable:    1468064 kB
Buffers:           86676 kB
Cached:           664476 kB
MemTotal:        1844596 kB
MemFree:          744512 kB
MemAvailable:    1466944 kB
Buffers:           86676 kB
Cached:           664476 kB
MemTotal:        1844596 kB
MemFree:          745748 kB
MemAvailable:    1468180 kB
Buffers:           86676 kB
Cached:           664476 kB
MemTotal:        1844596 kB
MemFree:          744936 kB
MemAvailable:    1467368 kB
Buffers:           86676 kB
Cached:           664476 kB
MemTotal:        1844596 kB
MemFree:          745500 kB
MemAvailable:    1467932 kB
Buffers:           86676 kB
Cached:           664476 kB
MemTotal:        1844596 kB
MemFree:          745756 kB
MemAvailable:    1468188 kB
Buffers:           86676 kB
Cached:           664476 kB
MemTotal:        1844596 kB
MemFree:          745536 kB
MemAvailable:    1467968 kB
Buffers:           86676 kB
Cached:           664476 kB
MemTotal:        1844596 kB
MemFree:          745132 kB
MemAvailable:    1467564 kB
Buffers:           86676 kB
Cached:           664476 kB
MemTotal:        1844596 kB
MemFree:          745576 kB
MemAvailable:    1468008 kB
Buffers:           86676 kB
Cached:           664476 kB
MemTotal:        1844596 kB
MemFree:          744376 kB
MemAvailable:    1466808 kB
Buffers:           86676 kB
Cached:           664476 kB
MemTotal:        1844596 kB
MemFree:          745244 kB
MemAvailable:    1467676 kB
Buffers:           86676 kB
Cached:           664476 kB
MemTotal:        1844596 kB
MemFree:          744672 kB
MemAvailable:    1467104 kB
Buffers:           86676 kB
Cached:           664476 kB
MemTotal:        1844596 kB
MemFree:          743052 kB
MemAvailable:    1465484 kB
Buffers:           86676 kB
Cached:           664476 kB
MemTotal:        1844596 kB
MemFree:          743256 kB
MemAvailable:    1465688 kB
Buffers:           86676 kB
Cached:           664476 kB
MemTotal:        1844596 kB
MemFree:          743256 kB
MemAvailable:    1465688 kB
Buffers:           86676 kB
Cached:           664476 kB
MemTotal:        1844596 kB
MemFree:          743388 kB
MemAvailable:    1465820 kB
Buffers:           86676 kB
Cached:           664476 kB
MemTotal:        1844596 kB
MemFree:          743512 kB
MemAvailable:    1465944 kB
Buffers:           86676 kB
Cached:           664476 kB
MemTotal:        1844596 kB
MemFree:          744744 kB
MemAvailable:    1467176 kB
Buffers:           86676 kB
Cached:           664476 kB
MemTotal:        1844596 kB
MemFree:          744488 kB
MemAvailable:    1466920 kB
Buffers:           86676 kB
Cached:           664476 kB
MemTotal:        1844596 kB
MemFree:          744316 kB
MemAvailable:    1466748 kB
Buffers:           86676 kB
Cached:           664476 kB
MemTotal:        1844596 kB
MemFree:          744296 kB
MemAvailable:    1466728 kB
Buffers:           86676 kB
Cached:           664476 kB
MemTotal:        1844596 kB
MemFree:          744380 kB
MemAvailable:    1466812 kB
Buffers:           86676 kB
Cached:           664476 kB
MemTotal:        1844596 kB
MemFree:          744012 kB
MemAvailable:    1466444 kB
Buffers:           86676 kB
Cached:           664476 kB
MemTotal:        1844596 kB
MemFree:          744264 kB
MemAvailable:    1466696 kB
Buffers:           86676 kB
Cached:           664476 kB
MemTotal:        1844596 kB
MemFree:          744060 kB
MemAvailable:    1466492 kB
Buffers:           86676 kB
Cached:           664476 kB
MemTotal:        1844596 kB
MemFree:          744200 kB
MemAvailable:    1466632 kB
Buffers:           86676 kB
Cached:           664476 kB
MemTotal:        1844596 kB
MemFree:          744252 kB
MemAvailable:    1466684 kB
Buffers:           86676 kB
Cached:           664476 kB
MemTotal:        1844596 kB
MemFree:          742944 kB
MemAvailable:    1465376 kB
Buffers:           86676 kB
Cached:           664476 kB
MemTotal:        1844596 kB
MemFree:          742820 kB
MemAvailable:    1465252 kB
Buffers:           86676 kB
Cached:           664476 kB
MemTotal:        1844596 kB
MemFree:          744120 kB
MemAvailable:    1466552 kB
Buffers:           86676 kB
Cached:           664476 kB
MemTotal:        1844596 kB
MemFree:          743192 kB
MemAvailable:    1465624 kB
Buffers:           86676 kB
Cached:           664476 kB
MemTotal:        1844596 kB
MemFree:          744176 kB
MemAvailable:    1466608 kB
Buffers:           86676 kB
Cached:           664476 kB
MemTotal:        1844596 kB
MemFree:          742784 kB
MemAvailable:    1465216 kB
Buffers:           86676 kB
Cached:           664476 kB
MemTotal:        1844596 kB
MemFree:          743960 kB
MemAvailable:    1466392 kB
Buffers:           86676 kB
Cached:           664476 kB
MemTotal:        1844596 kB
MemFree:          744084 kB
MemAvailable:    1466516 kB
Buffers:           86676 kB
Cached:           664476 kB
MemTotal:        1844596 kB
MemFree:          743084 kB
MemAvailable:    1465516 kB
Buffers:           86676 kB
Cached:           664476 kB
MemTotal:        1844596 kB
MemFree:          741340 kB
MemAvailable:    1463772 kB
Buffers:           86676 kB
Cached:           664476 kB
MemTotal:        1844596 kB
MemFree:          737992 kB
MemAvailable:    1460424 kB
Buffers:           86676 kB
Cached:           664476 kB
MemTotal:        1844596 kB
MemFree:          733264 kB
MemAvailable:    1455696 kB
Buffers:           86676 kB
Cached:           664476 kB
MemTotal:        1844596 kB
MemFree:          732784 kB
MemAvailable:    1455216 kB
Buffers:           86676 kB
Cached:           664476 kB
MemTotal:        1844596 kB
MemFree:          732912 kB
MemAvailable:    1455344 kB
Buffers:           86676 kB
Cached:           664476 kB
MemTotal:        1844596 kB
MemFree:          732780 kB
MemAvailable:    1455220 kB
Buffers:           86676 kB
Cached:           664484 kB
MemTotal:        1844596 kB
MemFree:          731544 kB
MemAvailable:    1453984 kB
Buffers:           86676 kB
Cached:           664484 kB
MemTotal:        1844596 kB
MemFree:          732464 kB
MemAvailable:    1454904 kB
Buffers:           86676 kB
Cached:           664484 kB
MemTotal:        1844596 kB
MemFree:          731420 kB
MemAvailable:    1453860 kB
Buffers:           86676 kB
Cached:           664484 kB
MemTotal:        1844596 kB
MemFree:          732160 kB
MemAvailable:    1454600 kB
Buffers:           86676 kB
Cached:           664484 kB
MemTotal:        1844596 kB
MemFree:          732036 kB
MemAvailable:    1454476 kB
Buffers:           86676 kB
Cached:           664484 kB
MemTotal:        1844596 kB
MemFree:          730428 kB
MemAvailable:    1452868 kB
Buffers:           86676 kB
Cached:           664484 kB
MemTotal:        1844596 kB
MemFree:          729808 kB
MemAvailable:    1452248 kB
Buffers:           86676 kB
Cached:           664484 kB
MemTotal:        1844596 kB
MemFree:          729800 kB
MemAvailable:    1452240 kB
Buffers:           86676 kB
Cached:           664484 kB
MemTotal:        1844596 kB
MemFree:          729800 kB
MemAvailable:    1452240 kB
Buffers:           86676 kB
Cached:           664484 kB
MemTotal:        1844596 kB
MemFree:          728932 kB
MemAvailable:    1451372 kB
Buffers:           86676 kB
Cached:           664484 kB
MemTotal:        1844596 kB
MemFree:          728700 kB
MemAvailable:    1451140 kB
Buffers:           86676 kB
Cached:           664484 kB
MemTotal:        1844596 kB
MemFree:          728820 kB
MemAvailable:    1451260 kB
Buffers:           86676 kB
Cached:           664484 kB
MemTotal:        1844596 kB
MemFree:          727812 kB
MemAvailable:    1450252 kB
Buffers:           86676 kB
Cached:           664484 kB
MemTotal:        1844596 kB
MemFree:          727688 kB
MemAvailable:    1450128 kB
Buffers:           86676 kB
Cached:           664484 kB
MemTotal:        1844596 kB
MemFree:          728748 kB
MemAvailable:    1451188 kB
Buffers:           86676 kB
Cached:           664484 kB
MemTotal:        1844596 kB
MemFree:          728748 kB
MemAvailable:    1451188 kB
Buffers:           86676 kB
Cached:           664484 kB
MemTotal:        1844596 kB
MemFree:          727520 kB
MemAvailable:    1449960 kB
Buffers:           86676 kB
Cached:           664484 kB
MemTotal:        1844596 kB
MemFree:          727512 kB
MemAvailable:    1449952 kB
Buffers:           86676 kB
Cached:           664484 kB
MemTotal:        1844596 kB
MemFree:          727644 kB
MemAvailable:    1450084 kB
Buffers:           86676 kB
Cached:           664484 kB
MemTotal:        1844596 kB
MemFree:          728944 kB
MemAvailable:    1451384 kB
Buffers:           86676 kB
Cached:           664484 kB
MemTotal:        1844596 kB
MemFree:          728876 kB
MemAvailable:    1451316 kB
Buffers:           86676 kB
Cached:           664484 kB
MemTotal:        1844596 kB
MemFree:          729128 kB
MemAvailable:    1451568 kB
Buffers:           86676 kB
Cached:           664484 kB
MemTotal:        1844596 kB
MemFree:          728568 kB
MemAvailable:    1451008 kB
Buffers:           86676 kB
Cached:           664484 kB
MemTotal:        1844596 kB
MemFree:          728372 kB
MemAvailable:    1450812 kB
Buffers:           86676 kB
Cached:           664484 kB
MemTotal:        1844596 kB
MemFree:          727188 kB
MemAvailable:    1449628 kB
Buffers:           86676 kB
Cached:           664484 kB
MemTotal:        1844596 kB
MemFree:          727140 kB
MemAvailable:    1449580 kB
Buffers:           86676 kB
Cached:           664484 kB
MemTotal:        1844596 kB
MemFree:          725964 kB
MemAvailable:    1448404 kB
Buffers:           86676 kB
Cached:           664484 kB
MemTotal:        1844596 kB
MemFree:          725840 kB
MemAvailable:    1448280 kB
Buffers:           86676 kB
Cached:           664484 kB
MemTotal:        1844596 kB
MemFree:          727080 kB
MemAvailable:    1449520 kB
Buffers:           86676 kB
Cached:           664484 kB
MemTotal:        1844596 kB
MemFree:          725964 kB
MemAvailable:    1448404 kB
Buffers:           86676 kB
Cached:           664484 kB
MemTotal:        1844596 kB
MemFree:          726196 kB
MemAvailable:    1448636 kB
Buffers:           86676 kB
Cached:           664484 kB
MemTotal:        1844596 kB
MemFree:          726196 kB
MemAvailable:    1448636 kB
Buffers:           86676 kB
Cached:           664484 kB
MemTotal:        1844596 kB
MemFree:          724468 kB
MemAvailable:    1446908 kB
Buffers:           86676 kB
Cached:           664484 kB
MemTotal:        1844596 kB
MemFree:          725592 kB
MemAvailable:    1448032 kB
Buffers:           86676 kB
Cached:           664484 kB
MemTotal:        1844596 kB
MemFree:          725396 kB
MemAvailable:    1447836 kB
Buffers:           86676 kB
Cached:           664484 kB
MemTotal:        1844596 kB
MemFree:          725200 kB
MemAvailable:    1447640 kB
Buffers:           86676 kB
Cached:           664484 kB
MemTotal:        1844596 kB
MemFree:          724776 kB
MemAvailable:    1447216 kB
Buffers:           86676 kB
Cached:           664484 kB
MemTotal:        1844596 kB
MemFree:          724860 kB
MemAvailable:    1447300 kB
Buffers:           86676 kB
Cached:           664484 kB
MemTotal:        1844596 kB
MemFree:          723428 kB
MemAvailable:    1445868 kB
Buffers:           86676 kB
Cached:           664484 kB
MemTotal:        1844596 kB
MemFree:          724788 kB
MemAvailable:    1447228 kB
Buffers:           86676 kB
Cached:           664484 kB
MemTotal:        1844596 kB
MemFree:          724856 kB
MemAvailable:    1447296 kB
Buffers:           86676 kB
Cached:           664484 kB
MemTotal:        1844596 kB
MemFree:          724676 kB
MemAvailable:    1447116 kB
Buffers:           86676 kB
Cached:           664484 kB
MemTotal:        1844596 kB
MemFree:          723596 kB
MemAvailable:    1446036 kB
Buffers:           86676 kB
Cached:           664484 kB
MemTotal:        1844596 kB
MemFree:          724648 kB
MemAvailable:    1447088 kB
Buffers:           86676 kB
Cached:           664484 kB
MemTotal:        1844596 kB
MemFree:          724900 kB
MemAvailable:    1447340 kB
Buffers:           86676 kB
Cached:           664484 kB
MemTotal:        1844596 kB
MemFree:          724696 kB
MemAvailable:    1447136 kB
Buffers:           86676 kB
Cached:           664484 kB
MemTotal:        1844596 kB
MemFree:          724608 kB
MemAvailable:    1447048 kB
Buffers:           86676 kB
Cached:           664484 kB
MemTotal:        1844596 kB
MemFree:          723312 kB
MemAvailable:    1445752 kB
Buffers:           86676 kB
Cached:           664484 kB
MemTotal:        1844596 kB
MemFree:          724544 kB
MemAvailable:    1446984 kB
Buffers:           86676 kB
Cached:           664484 kB
MemTotal:        1844596 kB
MemFree:          724548 kB
MemAvailable:    1446988 kB
Buffers:           86676 kB
Cached:           664484 kB
MemTotal:        1844596 kB
MemFree:          724688 kB
MemAvailable:    1447128 kB
Buffers:           86676 kB
Cached:           664484 kB
MemTotal:        1844596 kB
MemFree:          723732 kB
MemAvailable:    1446172 kB
Buffers:           86676 kB
Cached:           664484 kB
MemTotal:        1844596 kB
MemFree:          724324 kB
MemAvailable:    1446764 kB
Buffers:           86676 kB
Cached:           664484 kB
MemTotal:        1844596 kB
MemFree:          723556 kB
MemAvailable:    1445996 kB
Buffers:           86676 kB
Cached:           664484 kB
MemTotal:        1844596 kB
MemFree:          724676 kB
MemAvailable:    1447116 kB
Buffers:           86676 kB
Cached:           664484 kB
MemTotal:        1844596 kB
MemFree:          723856 kB
MemAvailable:    1446296 kB
Buffers:           86676 kB
Cached:           664484 kB
MemTotal:        1844596 kB
MemFree:          724324 kB
MemAvailable:    1446764 kB
Buffers:           86676 kB
Cached:           664484 kB
MemTotal:        1844596 kB
MemFree:          724660 kB
MemAvailable:    1447100 kB
Buffers:           86676 kB
Cached:           664484 kB
MemTotal:        1844596 kB
MemFree:          723484 kB
MemAvailable:    1445924 kB
Buffers:           86676 kB
Cached:           664484 kB
MemTotal:        1844596 kB
MemFree:          723228 kB
MemAvailable:    1445668 kB
Buffers:           86676 kB
Cached:           664484 kB
MemTotal:        1844596 kB
MemFree:          724560 kB
MemAvailable:    1447000 kB
Buffers:           86676 kB
Cached:           664484 kB
MemTotal:        1844596 kB
MemFree:          723064 kB
MemAvailable:    1445504 kB
Buffers:           86676 kB
Cached:           664484 kB
MemTotal:        1844596 kB
MemFree:          724660 kB
MemAvailable:    1447100 kB
Buffers:           86676 kB
Cached:           664484 kB
MemTotal:        1844596 kB
MemFree:          722740 kB
MemAvailable:    1445180 kB
Buffers:           86676 kB
Cached:           664484 kB
MemTotal:        1844596 kB
MemFree:          723044 kB
MemAvailable:    1445484 kB
Buffers:           86676 kB
Cached:           664484 kB
MemTotal:        1844596 kB
MemFree:          723296 kB
MemAvailable:    1445736 kB
Buffers:           86676 kB
Cached:           664484 kB
MemTotal:        1844596 kB
MemFree:          721732 kB
MemAvailable:    1444172 kB
Buffers:           86676 kB
Cached:           664484 kB
MemTotal:        1844596 kB
MemFree:          722288 kB
MemAvailable:    1444728 kB
Buffers:           86676 kB
Cached:           664484 kB
MemTotal:        1844596 kB
MemFree:          720136 kB
MemAvailable:    1442576 kB
Buffers:           86676 kB
Cached:           664484 kB
MemTotal:        1844596 kB
MemFree:          719764 kB
MemAvailable:    1442204 kB
Buffers:           86676 kB
Cached:           664484 kB
MemTotal:        1844596 kB
MemFree:          717036 kB
MemAvailable:    1439476 kB
Buffers:           86676 kB
Cached:           664484 kB
MemTotal:        1844596 kB
MemFree:          714548 kB
MemAvailable:    1436988 kB
Buffers:           86676 kB
Cached:           664484 kB
MemTotal:        1844596 kB
MemFree:          714300 kB
MemAvailable:    1436740 kB
Buffers:           86676 kB
Cached:           664484 kB
MemTotal:        1844596 kB
MemFree:          709968 kB
MemAvailable:    1432416 kB
Buffers:           86676 kB
Cached:           664492 kB
MemTotal:        1844596 kB
MemFree:          706372 kB
MemAvailable:    1428820 kB
Buffers:           86676 kB
Cached:           664492 kB
MemTotal:        1844596 kB
MemFree:          705132 kB
MemAvailable:    1427580 kB
Buffers:           86676 kB
Cached:           664492 kB
MemTotal:        1844596 kB
MemFree:          706432 kB
MemAvailable:    1428880 kB
Buffers:           86676 kB
Cached:           664492 kB
MemTotal:        1844596 kB
MemFree:          705124 kB
MemAvailable:    1427572 kB
Buffers:           86676 kB
Cached:           664492 kB
MemTotal:        1844596 kB
MemFree:          706108 kB
MemAvailable:    1428556 kB
Buffers:           86676 kB
Cached:           664492 kB
MemTotal:        1844596 kB
MemFree:          706364 kB
MemAvailable:    1428812 kB
Buffers:           86676 kB
Cached:           664492 kB
MemTotal:        1844596 kB
MemFree:          704488 kB
MemAvailable:    1426936 kB
Buffers:           86676 kB
Cached:           664492 kB
MemTotal:        1844596 kB
MemFree:          704760 kB
MemAvailable:    1427208 kB
Buffers:           86676 kB
Cached:           664492 kB
MemTotal:        1844596 kB
MemFree:          705824 kB
MemAvailable:    1428272 kB
Buffers:           86676 kB
Cached:           664492 kB
MemTotal:        1844596 kB
MemFree:          704744 kB
MemAvailable:    1427192 kB
Buffers:           86676 kB
Cached:           664492 kB
MemTotal:        1844596 kB
MemFree:          705812 kB
MemAvailable:    1428260 kB
Buffers:           86676 kB
Cached:           664492 kB
MemTotal:        1844596 kB
MemFree:          705140 kB
MemAvailable:    1427588 kB
Buffers:           86676 kB
Cached:           664492 kB
MemTotal:        1844596 kB
MemFree:          705744 kB
MemAvailable:    1428192 kB
Buffers:           86676 kB
Cached:           664492 kB
MemTotal:        1844596 kB
MemFree:          706000 kB
MemAvailable:    1428448 kB
Buffers:           86676 kB
Cached:           664492 kB
MemTotal:        1844596 kB
MemFree:          704984 kB
MemAvailable:    1427432 kB
Buffers:           86676 kB
Cached:           664492 kB
MemTotal:        1844596 kB
MemFree:          705320 kB
MemAvailable:    1427768 kB
Buffers:           86676 kB
Cached:           664492 kB
MemTotal:        1844596 kB
MemFree:          704852 kB
MemAvailable:    1427300 kB
Buffers:           86676 kB
Cached:           664492 kB
MemTotal:        1844596 kB
MemFree:          704936 kB
MemAvailable:    1427384 kB
Buffers:           86676 kB
Cached:           664492 kB
MemTotal:        1844596 kB
MemFree:          703504 kB
MemAvailable:    1425952 kB
Buffers:           86676 kB
Cached:           664492 kB
MemTotal:        1844596 kB
MemFree:          704992 kB
MemAvailable:    1427440 kB
Buffers:           86676 kB
Cached:           664492 kB
MemTotal:        1844596 kB
MemFree:          703752 kB
MemAvailable:    1426200 kB
Buffers:           86676 kB
Cached:           664492 kB
MemTotal:        1844596 kB
MemFree:          704760 kB
MemAvailable:    1427208 kB
Buffers:           86676 kB
Cached:           664492 kB
MemTotal:        1844596 kB
MemFree:          704864 kB
MemAvailable:    1427312 kB
Buffers:           86676 kB
Cached:           664492 kB
MemTotal:        1844596 kB
MemFree:          705200 kB
MemAvailable:    1427648 kB
Buffers:           86676 kB
Cached:           664492 kB
MemTotal:        1844596 kB
MemFree:          704864 kB
MemAvailable:    1427312 kB
Buffers:           86676 kB
Cached:           664492 kB
MemTotal:        1844596 kB
MemFree:          703608 kB
MemAvailable:    1426056 kB
Buffers:           86676 kB
Cached:           664492 kB
MemTotal:        1844596 kB
MemFree:          704140 kB
MemAvailable:    1426588 kB
Buffers:           86676 kB
Cached:           664492 kB
MemTotal:        1844596 kB
MemFree:          705124 kB
MemAvailable:    1427576 kB
Buffers:           86676 kB
Cached:           664496 kB
MemTotal:        1844596 kB
MemFree:          705380 kB
MemAvailable:    1427832 kB
Buffers:           86676 kB
Cached:           664496 kB
MemTotal:        1844596 kB
MemFree:          703752 kB
MemAvailable:    1426204 kB
Buffers:           86676 kB
Cached:           664496 kB
MemTotal:        1844596 kB
MemFree:          705116 kB
MemAvailable:    1427568 kB
Buffers:           86676 kB
Cached:           664496 kB
MemTotal:        1844596 kB
MemFree:          704952 kB
MemAvailable:    1427404 kB
Buffers:           86676 kB
Cached:           664496 kB
MemTotal:        1844596 kB
MemFree:          704148 kB
MemAvailable:    1426600 kB
Buffers:           86676 kB
Cached:           664496 kB
MemTotal:        1844596 kB
MemFree:          704132 kB
MemAvailable:    1426584 kB
Buffers:           86676 kB
Cached:           664496 kB
MemTotal:        1844596 kB
MemFree:          704016 kB
MemAvailable:    1426468 kB
Buffers:           86676 kB
Cached:           664496 kB
MemTotal:        1844596 kB
MemFree:          697884 kB
MemAvailable:    1420336 kB
Buffers:           86676 kB
Cached:           664496 kB
MemTotal:        1844596 kB
MemFree:          697816 kB
MemAvailable:    1420268 kB
Buffers:           86676 kB
Cached:           664496 kB
MemTotal:        1844596 kB
MemFree:          693900 kB
MemAvailable:    1416352 kB
Buffers:           86676 kB
Cached:           664496 kB
MemTotal:        1844596 kB
MemFree:          691304 kB
MemAvailable:    1413756 kB
Buffers:           86676 kB
Cached:           664496 kB
MemTotal:        1844596 kB
MemFree:          687508 kB
MemAvailable:    1409960 kB
Buffers:           86676 kB
Cached:           664496 kB
MemTotal:        1844596 kB
MemFree:          687344 kB
MemAvailable:    1409796 kB
Buffers:           86676 kB
Cached:           664496 kB
MemTotal:        1844596 kB
MemFree:          686964 kB
MemAvailable:    1409416 kB
Buffers:           86676 kB
Cached:           664496 kB
MemTotal:        1844596 kB
MemFree:          686036 kB
MemAvailable:    1408488 kB
Buffers:           86676 kB
Cached:           664496 kB
MemTotal:        1844596 kB
MemFree:          685360 kB
MemAvailable:    1407812 kB
Buffers:           86676 kB
Cached:           664496 kB
MemTotal:        1844596 kB
MemFree:          685360 kB
MemAvailable:    1407812 kB
Buffers:           86676 kB
Cached:           664496 kB
MemTotal:        1844596 kB
MemFree:          686660 kB
MemAvailable:    1409112 kB
Buffers:           86676 kB
Cached:           664496 kB
MemTotal:        1844596 kB
MemFree:          686760 kB
MemAvailable:    1409212 kB
Buffers:           86676 kB
Cached:           664496 kB
MemTotal:        1844596 kB
MemFree:          686664 kB
MemAvailable:    1409116 kB
Buffers:           86676 kB
Cached:           664496 kB
MemTotal:        1844596 kB
MemFree:          686660 kB
MemAvailable:    1409112 kB
Buffers:           86676 kB
Cached:           664496 kB
MemTotal:        1844596 kB
MemFree:          685652 kB
MemAvailable:    1408104 kB
Buffers:           86676 kB
Cached:           664496 kB
MemTotal:        1844596 kB
MemFree:          685528 kB
MemAvailable:    1407980 kB
Buffers:           86676 kB
Cached:           664496 kB
MemTotal:        1844596 kB
MemFree:          686696 kB
MemAvailable:    1409148 kB
Buffers:           86676 kB
Cached:           664496 kB
MemTotal:        1844596 kB
MemFree:          686692 kB
MemAvailable:    1409144 kB
Buffers:           86676 kB
Cached:           664496 kB
MemTotal:        1844596 kB
MemFree:          686864 kB
MemAvailable:    1409316 kB
Buffers:           86676 kB
Cached:           664496 kB
MemTotal:        1844596 kB
MemFree:          686660 kB
MemAvailable:    1409112 kB
Buffers:           86676 kB
Cached:           664496 kB
MemTotal:        1844596 kB
MemFree:          686788 kB
MemAvailable:    1409240 kB
Buffers:           86676 kB
Cached:           664496 kB
MemTotal:        1844596 kB
MemFree:          685912 kB
MemAvailable:    1408364 kB
Buffers:           86676 kB
Cached:           664496 kB
MemTotal:        1844596 kB
MemFree:          686728 kB
MemAvailable:    1409180 kB
Buffers:           86676 kB
Cached:           664496 kB
MemTotal:        1844596 kB
MemFree:          685356 kB
MemAvailable:    1407808 kB
Buffers:           86676 kB
Cached:           664496 kB
MemTotal:        1844596 kB
MemFree:          686824 kB
MemAvailable:    1409276 kB
Buffers:           86676 kB
Cached:           664496 kB
MemTotal:        1844596 kB
MemFree:          686516 kB
MemAvailable:    1408968 kB
Buffers:           86676 kB
Cached:           664496 kB
MemTotal:        1844596 kB
MemFree:          686852 kB
MemAvailable:    1409304 kB
Buffers:           86676 kB
Cached:           664496 kB
MemTotal:        1844596 kB
MemFree:          686704 kB
MemAvailable:    1409156 kB
Buffers:           86676 kB
Cached:           664496 kB
MemTotal:        1844596 kB
MemFree:          686656 kB
MemAvailable:    1409108 kB
Buffers:           86676 kB
Cached:           664496 kB
MemTotal:        1844596 kB
MemFree:          686840 kB
MemAvailable:    1409292 kB
Buffers:           86676 kB
Cached:           664496 kB
MemTotal:        1844596 kB
MemFree:          685332 kB
MemAvailable:    1407784 kB
Buffers:           86676 kB
Cached:           664496 kB
MemTotal:        1844596 kB
MemFree:          685508 kB
MemAvailable:    1407960 kB
Buffers:           86676 kB
Cached:           664496 kB
MemTotal:        1844596 kB
MemFree:          685252 kB
MemAvailable:    1407704 kB
Buffers:           86676 kB
Cached:           664496 kB
MemTotal:        1844596 kB
MemFree:          686552 kB
MemAvailable:    1409004 kB
Buffers:           86676 kB
Cached:           664496 kB
MemTotal:        1844596 kB
MemFree:          685460 kB
MemAvailable:    1407912 kB
Buffers:           86676 kB
Cached:           664496 kB
MemTotal:        1844596 kB
MemFree:          685904 kB
MemAvailable:    1408356 kB
Buffers:           86676 kB
Cached:           664496 kB
MemTotal:        1844596 kB
MemFree:          686160 kB
MemAvailable:    1408616 kB
Buffers:           86676 kB
Cached:           664500 kB
MemTotal:        1844596 kB
MemFree:          685912 kB
MemAvailable:    1408368 kB
Buffers:           86676 kB
Cached:           664500 kB
MemTotal:        1844596 kB
MemFree:          686028 kB
MemAvailable:    1408484 kB
Buffers:           86676 kB
Cached:           664500 kB
MemTotal:        1844596 kB
MemFree:          686948 kB
MemAvailable:    1409404 kB
Buffers:           86676 kB
Cached:           664500 kB
MemTotal:        1844596 kB
MemFree:          685920 kB
MemAvailable:    1408376 kB
Buffers:           86676 kB
Cached:           664500 kB
MemTotal:        1844596 kB
MemFree:          686484 kB
MemAvailable:    1408944 kB
Buffers:           86676 kB
Cached:           664504 kB
MemTotal:        1844596 kB
MemFree:          686820 kB
MemAvailable:    1409280 kB
Buffers:           86676 kB
Cached:           664504 kB
MemTotal:        1844596 kB
MemFree:          682324 kB
MemAvailable:    1404784 kB
Buffers:           86676 kB
Cached:           664504 kB
MemTotal:        1844596 kB
MemFree:          681084 kB
MemAvailable:    1403544 kB
Buffers:           86676 kB
Cached:           664504 kB
MemTotal:        1844596 kB
MemFree:          674388 kB
MemAvailable:    1396848 kB
Buffers:           86676 kB
Cached:           664504 kB
MemTotal:        1844596 kB
MemFree:          672280 kB
MemAvailable:    1394740 kB
Buffers:           86676 kB
Cached:           664504 kB
MemTotal:        1844596 kB
MemFree:          669412 kB
MemAvailable:    1391872 kB
Buffers:           86676 kB
Cached:           664504 kB
MemTotal:        1844596 kB
MemFree:          669496 kB
MemAvailable:    1391956 kB
Buffers:           86676 kB
Cached:           664504 kB
MemTotal:        1844596 kB
MemFree:          669248 kB
MemAvailable:    1391708 kB
Buffers:           86676 kB
Cached:           664504 kB
MemTotal:        1844596 kB
MemFree:          669352 kB
MemAvailable:    1391812 kB
Buffers:           86676 kB
Cached:           664504 kB
MemTotal:        1844596 kB
MemFree:          668552 kB
MemAvailable:    1391012 kB
Buffers:           86676 kB
Cached:           664504 kB
MemTotal:        1844596 kB
MemFree:          668552 kB
MemAvailable:    1391012 kB
Buffers:           86676 kB
Cached:           664504 kB
MemTotal:        1844596 kB
MemFree:          667056 kB
MemAvailable:    1389516 kB
Buffers:           86676 kB
Cached:           664504 kB
MemTotal:        1844596 kB
MemFree:          668284 kB
MemAvailable:    1390744 kB
Buffers:           86676 kB
Cached:           664504 kB
MemTotal:        1844596 kB
MemFree:          668536 kB
MemAvailable:    1390996 kB
Buffers:           86676 kB
Cached:           664504 kB
MemTotal:        1844596 kB
MemFree:          668360 kB
MemAvailable:    1390820 kB
Buffers:           86676 kB
Cached:           664504 kB
MemTotal:        1844596 kB
MemFree:          667052 kB
MemAvailable:    1389512 kB
Buffers:           86676 kB
Cached:           664504 kB
MemTotal:        1844596 kB
MemFree:          668124 kB
MemAvailable:    1390584 kB
Buffers:           86676 kB
Cached:           664504 kB
MemTotal:        1844596 kB
MemFree:          667876 kB
MemAvailable:    1390336 kB
Buffers:           86676 kB
Cached:           664504 kB
MemTotal:        1844596 kB
MemFree:          667876 kB
MemAvailable:    1390336 kB
Buffers:           86676 kB
Cached:           664504 kB
MemTotal:        1844596 kB
MemFree:          667728 kB
MemAvailable:    1390188 kB
Buffers:           86676 kB
Cached:           664504 kB
MemTotal:        1844596 kB
MemFree:          666452 kB
MemAvailable:    1388912 kB
Buffers:           86676 kB
Cached:           664504 kB
MemTotal:        1844596 kB
MemFree:          667072 kB
MemAvailable:    1389532 kB
Buffers:           86676 kB
Cached:           664504 kB
MemTotal:        1844596 kB
MemFree:          665460 kB
MemAvailable:    1387920 kB
Buffers:           86676 kB
Cached:           664504 kB
MemTotal:        1844596 kB
MemFree:          665700 kB
MemAvailable:    1388160 kB
Buffers:           86676 kB
Cached:           664504 kB
MemTotal:        1844596 kB
MemFree:          665344 kB
MemAvailable:    1387804 kB
Buffers:           86676 kB
Cached:           664504 kB
MemTotal:        1844596 kB
MemFree:          664212 kB
MemAvailable:    1386672 kB
Buffers:           86676 kB
Cached:           664504 kB
MemTotal:        1844596 kB
MemFree:          665264 kB
MemAvailable:    1387724 kB
Buffers:           86676 kB
Cached:           664504 kB
MemTotal:        1844596 kB
MemFree:          663732 kB
MemAvailable:    1386192 kB
Buffers:           86676 kB
Cached:           664504 kB
MemTotal:        1844596 kB
MemFree:          663584 kB
MemAvailable:    1386044 kB
Buffers:           86676 kB
Cached:           664504 kB
MemTotal:        1844596 kB
MemFree:          663920 kB
MemAvailable:    1386380 kB
Buffers:           86676 kB
Cached:           664504 kB
MemTotal:        1844596 kB
MemFree:          662484 kB
MemAvailable:    1384944 kB
Buffers:           86676 kB
Cached:           664504 kB
MemTotal:        1844596 kB
MemFree:          662288 kB
MemAvailable:    1384748 kB
Buffers:           86676 kB
Cached:           664504 kB
MemTotal:        1844596 kB
MemFree:          662084 kB
MemAvailable:    1384544 kB
Buffers:           86676 kB
Cached:           664504 kB
MemTotal:        1844596 kB
MemFree:          662336 kB
MemAvailable:    1384796 kB
Buffers:           86676 kB
Cached:           664504 kB
MemTotal:        1844596 kB
MemFree:          662224 kB
MemAvailable:    1384684 kB
Buffers:           86676 kB
Cached:           664504 kB
MemTotal:        1844596 kB
MemFree:          660976 kB
MemAvailable:    1383436 kB
Buffers:           86676 kB
Cached:           664504 kB
MemTotal:        1844596 kB
MemFree:          662036 kB
MemAvailable:    1384496 kB
Buffers:           86676 kB
Cached:           664504 kB
MemTotal:        1844596 kB
MemFree:          662036 kB
MemAvailable:    1384496 kB
Buffers:           86676 kB
Cached:           664504 kB
MemTotal:        1844596 kB
MemFree:          661608 kB
MemAvailable:    1384068 kB
Buffers:           86676 kB
Cached:           664504 kB
MemTotal:        1844596 kB
MemFree:          660880 kB
MemAvailable:    1383340 kB
Buffers:           86676 kB
Cached:           664504 kB
MemTotal:        1844596 kB
MemFree:          659632 kB
MemAvailable:    1382092 kB
Buffers:           86676 kB
Cached:           664504 kB
MemTotal:        1844596 kB
MemFree:          660740 kB
MemAvailable:    1383200 kB
Buffers:           86676 kB
Cached:           664504 kB
MemTotal:        1844596 kB
MemFree:          660600 kB
MemAvailable:    1383060 kB
Buffers:           86676 kB
Cached:           664504 kB
MemTotal:        1844596 kB
MemFree:          660004 kB
MemAvailable:    1382464 kB
Buffers:           86676 kB
Cached:           664504 kB
MemTotal:        1844596 kB
MemFree:          660556 kB
MemAvailable:    1383016 kB
Buffers:           86676 kB
Cached:           664504 kB
MemTotal:        1844596 kB
MemFree:          660376 kB
MemAvailable:    1382836 kB
Buffers:           86676 kB
Cached:           664504 kB
MemTotal:        1844596 kB
MemFree:          660612 kB
MemAvailable:    1383072 kB
Buffers:           86676 kB
Cached:           664504 kB
MemTotal:        1844596 kB
MemFree:          659364 kB
MemAvailable:    1381824 kB
Buffers:           86676 kB
Cached:           664504 kB
MemTotal:        1844596 kB
MemFree:          660424 kB
MemAvailable:    1382884 kB
Buffers:           86676 kB
Cached:           664504 kB
MemTotal:        1844596 kB
MemFree:          660676 kB
MemAvailable:    1383136 kB
Buffers:           86676 kB
Cached:           664504 kB
MemTotal:        1844596 kB
MemFree:          660480 kB
MemAvailable:    1382940 kB
Buffers:           86676 kB
Cached:           664504 kB
MemTotal:        1844596 kB
MemFree:          660260 kB
MemAvailable:    1382720 kB
Buffers:           86676 kB
Cached:           664504 kB
MemTotal:        1844596 kB
MemFree:          659384 kB
MemAvailable:    1381844 kB
Buffers:           86676 kB
Cached:           664504 kB
MemTotal:        1844596 kB
MemFree:          660616 kB
MemAvailable:    1383076 kB
Buffers:           86676 kB
Cached:           664504 kB
MemTotal:        1844596 kB
MemFree:          660452 kB
MemAvailable:    1382912 kB
Buffers:           86676 kB
Cached:           664504 kB
MemTotal:        1844596 kB
MemFree:          659372 kB
MemAvailable:    1381832 kB
Buffers:           86676 kB
Cached:           664504 kB
MemTotal:        1844596 kB
MemFree:          659324 kB
MemAvailable:    1381784 kB
Buffers:           86676 kB
Cached:           664504 kB
MemTotal:        1844596 kB
MemFree:          660476 kB
MemAvailable:    1382936 kB
Buffers:           86676 kB
Cached:           664504 kB
MemTotal:        1844596 kB
MemFree:          660136 kB
MemAvailable:    1382596 kB
Buffers:           86676 kB
Cached:           664504 kB
MemTotal:        1844596 kB
MemFree:          660624 kB
MemAvailable:    1383084 kB
Buffers:           86676 kB
Cached:           664504 kB
MemTotal:        1844596 kB
MemFree:          660512 kB
MemAvailable:    1382972 kB
Buffers:           86676 kB
Cached:           664504 kB
MemTotal:        1844596 kB
MemFree:          660136 kB
MemAvailable:    1382596 kB
Buffers:           86676 kB
Cached:           664504 kB
MemTotal:        1844596 kB
MemFree:          660360 kB
MemAvailable:    1382820 kB
Buffers:           86676 kB
Cached:           664504 kB
MemTotal:        1844596 kB
MemFree:          660500 kB
MemAvailable:    1382960 kB
Buffers:           86676 kB
Cached:           664504 kB
MemTotal:        1844596 kB
MemFree:          660348 kB
MemAvailable:    1382808 kB
Buffers:           86676 kB
Cached:           664504 kB
MemTotal:        1844596 kB
MemFree:          660684 kB
MemAvailable:    1383144 kB
Buffers:           86676 kB
Cached:           664504 kB
MemTotal:        1844596 kB
MemFree:          660468 kB
MemAvailable:    1382928 kB
Buffers:           86676 kB
Cached:           664504 kB
MemTotal:        1844596 kB
MemFree:          660720 kB
MemAvailable:    1383180 kB
Buffers:           86676 kB
Cached:           664504 kB
MemTotal:        1844596 kB
MemFree:          660312 kB
MemAvailable:    1382772 kB
Buffers:           86676 kB
Cached:           664504 kB
MemTotal:        1844596 kB
MemFree:          660568 kB
MemAvailable:    1383028 kB
Buffers:           86676 kB
Cached:           664504 kB
MemTotal:        1844596 kB
MemFree:          660300 kB
MemAvailable:    1382760 kB
Buffers:           86676 kB
Cached:           664504 kB
MemTotal:        1844596 kB
MemFree:          660444 kB
MemAvailable:    1382904 kB
Buffers:           86676 kB
Cached:           664504 kB
MemTotal:        1844596 kB
MemFree:          660604 kB
MemAvailable:    1383064 kB
Buffers:           86676 kB
Cached:           664504 kB
MemTotal:        1844596 kB
MemFree:          659748 kB
MemAvailable:    1382208 kB
Buffers:           86676 kB
Cached:           664504 kB
MemTotal:        1844596 kB
MemFree:          660608 kB
MemAvailable:    1383076 kB
Buffers:           86676 kB
Cached:           664512 kB
MemTotal:        1844596 kB
MemFree:          660692 kB
MemAvailable:    1383160 kB
Buffers:           86676 kB
Cached:           664512 kB
MemTotal:        1844596 kB
MemFree:          660604 kB
MemAvailable:    1383068 kB
Buffers:           86676 kB
Cached:           664512 kB
MemTotal:        1844596 kB
MemFree:          659880 kB
MemAvailable:    1382344 kB
Buffers:           86676 kB
Cached:           664512 kB
MemTotal:        1844596 kB
MemFree:          660540 kB
MemAvailable:    1383004 kB
Buffers:           86676 kB
Cached:           664512 kB
MemTotal:        1844596 kB
MemFree:          659492 kB
MemAvailable:    1381956 kB
Buffers:           86676 kB
Cached:           664512 kB
MemTotal:        1844596 kB
MemFree:          660568 kB
MemAvailable:    1383032 kB
Buffers:           86676 kB
Cached:           664512 kB
MemTotal:        1844596 kB
MemFree:          660444 kB
MemAvailable:    1382908 kB
Buffers:           86676 kB
Cached:           664512 kB
MemTotal:        1844596 kB
MemFree:          660444 kB
MemAvailable:    1382908 kB
Buffers:           86676 kB
Cached:           664512 kB
MemTotal:        1844596 kB
MemFree:          660612 kB
MemAvailable:    1383076 kB
Buffers:           86676 kB
Cached:           664512 kB
MemTotal:        1844596 kB
MemFree:          659324 kB
MemAvailable:    1381788 kB
Buffers:           86676 kB
Cached:           664512 kB
MemTotal:        1844596 kB
MemFree:          659624 kB
MemAvailable:    1382088 kB
Buffers:           86676 kB
Cached:           664512 kB
MemTotal:        1844596 kB
MemFree:          659624 kB
MemAvailable:    1382088 kB
Buffers:           86676 kB
Cached:           664512 kB
MemTotal:        1844596 kB
MemFree:          655476 kB
MemAvailable:    1377940 kB
Buffers:           86676 kB
Cached:           664512 kB
MemTotal:        1844596 kB
MemFree:          652688 kB
MemAvailable:    1375152 kB
Buffers:           86676 kB
Cached:           664512 kB
MemTotal:        1844596 kB
MemFree:          650084 kB
MemAvailable:    1372548 kB
Buffers:           86676 kB
Cached:           664512 kB
MemTotal:        1844596 kB
MemFree:          646100 kB
MemAvailable:    1368564 kB
Buffers:           86676 kB
Cached:           664512 kB
MemTotal:        1844596 kB
MemFree:          644068 kB
MemAvailable:    1366532 kB
Buffers:           86676 kB
Cached:           664512 kB
MemTotal:        1844596 kB
MemFree:          640892 kB
MemAvailable:    1363356 kB
Buffers:           86676 kB
Cached:           664512 kB
MemTotal:        1844596 kB
MemFree:          641060 kB
MemAvailable:    1363524 kB
Buffers:           86676 kB
Cached:           664512 kB
MemTotal:        1844596 kB
MemFree:          641008 kB
MemAvailable:    1363472 kB
Buffers:           86676 kB
Cached:           664512 kB
MemTotal:        1844596 kB
MemFree:          641260 kB
MemAvailable:    1363724 kB
Buffers:           86676 kB
Cached:           664512 kB
MemTotal:        1844596 kB
MemFree:          639776 kB
MemAvailable:    1362240 kB
Buffers:           86676 kB
Cached:           664512 kB
MemTotal:        1844596 kB
MemFree:          641136 kB
MemAvailable:    1363600 kB
Buffers:           86676 kB
Cached:           664512 kB
MemTotal:        1844596 kB
MemFree:          641220 kB
MemAvailable:    1363684 kB
Buffers:           86676 kB
Cached:           664512 kB
MemTotal:        1844596 kB
MemFree:          641016 kB
MemAvailable:    1363480 kB
Buffers:           86676 kB
Cached:           664512 kB
MemTotal:        1844596 kB
MemFree:          641268 kB
MemAvailable:    1363732 kB
Buffers:           86676 kB
Cached:           664512 kB
MemTotal:        1844596 kB
MemFree:          639736 kB
MemAvailable:    1362200 kB
Buffers:           86676 kB
Cached:           664512 kB
MemTotal:        1844596 kB
MemFree:          641036 kB
MemAvailable:    1363500 kB
Buffers:           86676 kB
Cached:           664512 kB
MemTotal:        1844596 kB
MemFree:          641136 kB
MemAvailable:    1363600 kB
Buffers:           86676 kB
Cached:           664512 kB
MemTotal:        1844596 kB
MemFree:          641220 kB
MemAvailable:    1363684 kB
Buffers:           86676 kB
Cached:           664512 kB
MemTotal:        1844596 kB
MemFree:          641036 kB
MemAvailable:    1363500 kB
Buffers:           86676 kB
Cached:           664512 kB
MemTotal:        1844596 kB
MemFree:          639988 kB
MemAvailable:    1362452 kB
Buffers:           86676 kB
Cached:           664512 kB
MemTotal:        1844596 kB
MemFree:          640908 kB
MemAvailable:    1363372 kB
Buffers:           86676 kB
Cached:           664512 kB
MemTotal:        1844596 kB
MemFree:          639732 kB
MemAvailable:    1362196 kB
Buffers:           86676 kB
Cached:           664512 kB
MemTotal:        1844596 kB
MemFree:          639848 kB
MemAvailable:    1362312 kB
Buffers:           86676 kB
Cached:           664512 kB
MemTotal:        1844596 kB
MemFree:          639856 kB
MemAvailable:    1362320 kB
Buffers:           86676 kB
Cached:           664512 kB
MemTotal:        1844596 kB
MemFree:          640576 kB
MemAvailable:    1363040 kB
Buffers:           86676 kB
Cached:           664512 kB
MemTotal:        1844596 kB
MemFree:          640828 kB
MemAvailable:    1363292 kB
Buffers:           86676 kB
Cached:           664512 kB
MemTotal:        1844596 kB
MemFree:          640940 kB
MemAvailable:    1363404 kB
Buffers:           86676 kB
Cached:           664512 kB
MemTotal:        1844596 kB
MemFree:          640832 kB
MemAvailable:    1363296 kB
Buffers:           86676 kB
Cached:           664512 kB
MemTotal:        1844596 kB
MemFree:          640828 kB
MemAvailable:    1363292 kB
Buffers:           86676 kB
Cached:           664512 kB
MemTotal:        1844596 kB
MemFree:          640404 kB
MemAvailable:    1362868 kB
Buffers:           86676 kB
Cached:           664512 kB
MemTotal:        1844596 kB
MemFree:          640404 kB
MemAvailable:    1362868 kB
Buffers:           86676 kB
Cached:           664512 kB
MemTotal:        1844596 kB
MemFree:          639900 kB
MemAvailable:    1362364 kB
Buffers:           86676 kB
Cached:           664512 kB
MemTotal:        1844596 kB
MemFree:          640156 kB
MemAvailable:    1362620 kB
Buffers:           86676 kB
Cached:           664512 kB
MemTotal:        1844596 kB
MemFree:          632972 kB
MemAvailable:    1355436 kB
Buffers:           86676 kB
Cached:           664512 kB
MemTotal:        1844596 kB
MemFree:          628508 kB
MemAvailable:    1350972 kB
Buffers:           86676 kB
Cached:           664512 kB
MemTotal:        1844596 kB
MemFree:          630848 kB
MemAvailable:    1353316 kB
Buffers:           86676 kB
Cached:           664516 kB
MemTotal:        1844596 kB
MemFree:          631184 kB
MemAvailable:    1353652 kB
Buffers:           86676 kB
Cached:           664516 kB
MemTotal:        1844596 kB
MemFree:          629740 kB
MemAvailable:    1352208 kB
Buffers:           86676 kB
Cached:           664516 kB
MemTotal:        1844596 kB
MemFree:          629740 kB
MemAvailable:    1352208 kB
Buffers:           86676 kB
Cached:           664516 kB
MemTotal:        1844596 kB
MemFree:          629864 kB
MemAvailable:    1352332 kB
Buffers:           86676 kB
Cached:           664516 kB
MemTotal:        1844596 kB
MemFree:          628740 kB
MemAvailable:    1351208 kB
Buffers:           86676 kB
Cached:           664516 kB
MemTotal:        1844596 kB
MemFree:          628508 kB
MemAvailable:    1350976 kB
Buffers:           86676 kB
Cached:           664516 kB
MemTotal:        1844596 kB
MemFree:          628064 kB
MemAvailable:    1350532 kB
Buffers:           86676 kB
Cached:           664516 kB
MemTotal:        1844596 kB
MemFree:          627748 kB
MemAvailable:    1350216 kB
Buffers:           86676 kB
Cached:           664516 kB
MemTotal:        1844596 kB
MemFree:          628084 kB
MemAvailable:    1350552 kB
Buffers:           86676 kB
Cached:           664516 kB
MemTotal:        1844596 kB
MemFree:          627748 kB
MemAvailable:    1350300 kB
Buffers:           86676 kB
Cached:           664640 kB
MemTotal:        1844596 kB
MemFree:          626524 kB
MemAvailable:    1349160 kB
Buffers:           86676 kB
Cached:           664640 kB
MemTotal:        1844596 kB
MemFree:          627364 kB
MemAvailable:    1350168 kB
Buffers:           86676 kB
Cached:           664764 kB
MemTotal:        1844596 kB
MemFree:          627700 kB
MemAvailable:    1350504 kB
Buffers:           86676 kB
Cached:           664764 kB
MemTotal:        1844596 kB
MemFree:          627240 kB
MemAvailable:    1350212 kB
Buffers:           86676 kB
Cached:           665012 kB
MemTotal:        1844596 kB
MemFree:          627324 kB
MemAvailable:    1350296 kB
Buffers:           86676 kB
Cached:           665012 kB
MemTotal:        1844596 kB
MemFree:          625952 kB
MemAvailable:    1349008 kB
Buffers:           86676 kB
Cached:           665012 kB
MemTotal:        1844596 kB
MemFree:          627192 kB
MemAvailable:    1350248 kB
Buffers:           86676 kB
Cached:           665136 kB
MemTotal:        1844596 kB
MemFree:          626924 kB
MemAvailable:    1349980 kB
Buffers:           86676 kB
Cached:           665136 kB
MemTotal:        1844596 kB
MemFree:          627260 kB
MemAvailable:    1350316 kB
Buffers:           86676 kB
Cached:           665136 kB
MemTotal:        1844596 kB
MemFree:          626028 kB
MemAvailable:    1349084 kB
Buffers:           86676 kB
Cached:           665136 kB
MemTotal:        1844596 kB
MemFree:          625780 kB
MemAvailable:    1348836 kB
Buffers:           86676 kB
Cached:           665136 kB
MemTotal:        1844596 kB
MemFree:          626028 kB
MemAvailable:    1349084 kB
Buffers:           86676 kB
Cached:           665136 kB
MemTotal:        1844596 kB
MemFree:          626028 kB
MemAvailable:    1349168 kB
Buffers:           86676 kB
Cached:           665136 kB
MemTotal:        1844596 kB
MemFree:          627204 kB
MemAvailable:    1349672 kB
Buffers:           86676 kB
Cached:           664504 kB
MemTotal:        1844596 kB
MemFree:          627520 kB
MemAvailable:    1349988 kB
Buffers:           86676 kB
Cached:           664504 kB
MemTotal:        1844596 kB
MemFree:          668944 kB
MemAvailable:    1391444 kB
Buffers:           86676 kB
Cached:           664580 kB
MemTotal:        1844596 kB
MemFree:          804188 kB
MemAvailable:    1526772 kB
Buffers:           86676 kB
Cached:           664580 kB
