MemTotal:        1844596 kB
MemFree:          262432 kB
MemAvailable:    1545060 kB
Buffers:          106028 kB
Cached:          1189776 kB
MemTotal:        1844596 kB
MemFree:          234076 kB
MemAvailable:    1516712 kB
Buffers:          106028 kB
Cached:          1189780 kB
MemTotal:        1844596 kB
MemFree:          233168 kB
MemAvailable:    1515804 kB
Buffers:          106028 kB
Cached:          1189780 kB
MemTotal:        1844596 kB
MemFree:          233100 kB
MemAvailable:    1515736 kB
Buffers:          106028 kB
Cached:          1189780 kB
MemTotal:        1844596 kB
MemFree:          231232 kB
MemAvailable:    1513868 kB
Buffers:          106028 kB
Cached:          1189780 kB
MemTotal:        1844596 kB
MemFree:          229732 kB
MemAvailable:    1512368 kB
Buffers:          106028 kB
Cached:          1189780 kB
MemTotal:        1844596 kB
MemFree:          231120 kB
MemAvailable:    1513756 kB
Buffers:          106028 kB
Cached:          1189780 kB
MemTotal:        1844596 kB
MemFree:          229112 kB
MemAvailable:    1511748 kB
Buffers:          106028 kB
Cached:          1189780 kB
MemTotal:        1844596 kB
MemFree:          226652 kB
MemAvailable:    1509288 kB
Buffers:          106028 kB
Cached:          1189780 kB
MemTotal:        1844596 kB
MemFree:          225516 kB
MemAvailable:    1508152 kB
Buffers:          106028 kB
Cached:          1189780 kB
MemTotal:        1844596 kB
MemFree:          223304 kB
MemAvailable:    1505940 kB
Buffers:          106028 kB
Cached:          1189780 kB
MemTotal:        1844596 kB
MemFree:          222372 kB
MemAvailable:    1505008 kB
Buffers:          106028 kB
Cached:          1189780 kB
MemTotal:        1844596 kB
MemFree:          222708 kB
MemAvailable:    1505344 kB
Buffers:          106028 kB
Cached:          1189780 kB
MemTotal:        1844596 kB
MemFree:          222548 kB
MemAvailable:    1505184 kB
Buffers:          106028 kB
Cached:          1189780 kB
MemTotal:        1844596 kB
MemFree:          222596 kB
MemAvailable:    1505232 kB
Buffers:          106028 kB
Cached:          1189780 kB
MemTotal:        1844596 kB
MemFree:          222932 kB
MemAvailable:    1505568 kB
Buffers:          106028 kB
Cached:          1189780 kB
MemTotal:        1844596 kB
MemFree:          222412 kB
MemAvailable:    1505048 kB
Buffers:          106028 kB
Cached:          1189780 kB
MemTotal:        1844596 kB
MemFree:          221940 kB
MemAvailable:    1504576 kB
Buffers:          106028 kB
Cached:          1189780 kB
MemTotal:        1844596 kB
MemFree:          222192 kB
MemAvailable:    1504828 kB
Buffers:          106028 kB
Cached:          1189780 kB
MemTotal:        1844596 kB
MemFree:          221044 kB
MemAvailable:    1503680 kB
Buffers:          106028 kB
Cached:          1189780 kB
MemTotal:        1844596 kB
MemFree:          220656 kB
MemAvailable:    1503292 kB
Buffers:          106028 kB
Cached:          1189780 kB
MemTotal:        1844596 kB
MemFree:          222112 kB
MemAvailable:    1504748 kB
Buffers:          106028 kB
Cached:          1189780 kB
MemTotal:        1844596 kB
MemFree:          221724 kB
MemAvailable:    1504360 kB
Buffers:          106028 kB
Cached:          1189780 kB
MemTotal:        1844596 kB
MemFree:          222060 kB
MemAvailable:    1504696 kB
Buffers:          106028 kB
Cached:          1189780 kB
MemTotal:        1844596 kB
MemFree:          220452 kB
MemAvailable:    1503088 kB
Buffers:          106028 kB
Cached:          1189780 kB
MemTotal:        1844596 kB
MemFree:          221444 kB
MemAvailable:    1504080 kB
Buffers:          106028 kB
Cached:          1189780 kB
MemTotal:        1844596 kB
MemFree:          220204 kB
MemAvailable:    1502840 kB
Buffers:          106028 kB
Cached:          1189780 kB
MemTotal:        1844596 kB
MemFree:          219832 kB
MemAvailable:    1502468 kB
Buffers:          106028 kB
Cached:          1189780 kB
MemTotal:        1844596 kB
MemFree:          220684 kB
MemAvailable:    1503320 kB
Buffers:          106028 kB
Cached:          1189780 kB
MemTotal:        1844596 kB
MemFree:          220824 kB
MemAvailable:    1503460 kB
Buffers:          106028 kB
Cached:          1189780 kB
MemTotal:        1844596 kB
MemFree:          219948 kB
MemAvailable:    1502584 kB
Buffers:          106028 kB
Cached:          1189780 kB
MemTotal:        1844596 kB
MemFree:          219212 kB
MemAvailable:    1501848 kB
Buffers:          106028 kB
Cached:          1189780 kB
MemTotal:        1844596 kB
MemFree:          219580 kB
MemAvailable:    1502216 kB
Buffers:          106028 kB
Cached:          1189780 kB
MemTotal:        1844596 kB
MemFree:          219388 kB
MemAvailable:    1502024 kB
Buffers:          106028 kB
Cached:          1189780 kB
MemTotal:        1844596 kB
MemFree:          219644 kB
MemAvailable:    1502280 kB
Buffers:          106028 kB
Cached:          1189780 kB
MemTotal:        1844596 kB
MemFree:          219660 kB
MemAvailable:    1502300 kB
Buffers:          106028 kB
Cached:          1189784 kB
MemTotal:        1844596 kB
MemFree:          219328 kB
MemAvailable:    1501968 kB
Buffers:          106028 kB
Cached:          1189784 kB
MemTotal:        1844596 kB
MemFree:          219632 kB
MemAvailable:    1502276 kB
Buffers:          106028 kB
Cached:          1189788 kB
MemTotal:        1844596 kB
MemFree:          219460 kB
MemAvailable:    1502104 kB
Buffers:          106028 kB
Cached:          1189788 kB
MemTotal:        1844596 kB
MemFree:          218328 kB
MemAvailable:    1500972 kB
Buffers:          106028 kB
Cached:          1189788 kB
MemTotal:        1844596 kB
MemFree:          218328 kB
MemAvailable:    1500972 kB
Buffers:          106028 kB
Cached:          1189788 kB
MemTotal:        1844596 kB
MemFree:          217104 kB
MemAvailable:    1499748 kB
Buffers:          106028 kB
Cached:          1189788 kB
MemTotal:        1844596 kB
MemFree:          214484 kB
MemAvailable:    1497128 kB
Buffers:          106028 kB
Cached:          1189788 kB
MemTotal:        1844596 kB
MemFree:          214820 kB
MemAvailable:    1497464 kB
Buffers:          106028 kB
Cached:          1189788 kB
MemTotal:        1844596 kB
MemFree:          214352 kB
MemAvailable:    1496996 kB
Buffers:          106028 kB
Cached:          1189788 kB
MemTotal:        1844596 kB
MemFree:          214320 kB
MemAvailable:    1496964 kB
Buffers:          106028 kB
Cached:          1189788 kB
MemTotal:        1844596 kB
MemFree:          214060 kB
MemAvailable:    1496704 kB
Buffers:          106028 kB
Cached:          1189788 kB
MemTotal:        1844596 kB
MemFree:          213988 kB
MemAvailable:    1496632 kB
Buffers:          106028 kB
Cached:          1189788 kB
MemTotal:        1844596 kB
MemFree:          212856 kB
MemAvailable:    1495500 kB
Buffers:          106028 kB
Cached:          1189788 kB
MemTotal:        1844596 kB
MemFree:          213964 kB
MemAvailable:    1496608 kB
Buffers:          106028 kB
Cached:          1189788 kB
MemTotal:        1844596 kB
MemFree:          213964 kB
MemAvailable:    1496608 kB
Buffers:          106028 kB
Cached:          1189788 kB
MemTotal:        1844596 kB
MemFree:          213760 kB
MemAvailable:    1496404 kB
Buffers:          106028 kB
Cached:          1189788 kB
MemTotal:        1844596 kB
MemFree:          213888 kB
MemAvailable:    1496532 kB
Buffers:          106028 kB
Cached:          1189788 kB
MemTotal:        1844596 kB
MemFree:          213012 kB
MemAvailable:    1495656 kB
Buffers:          106028 kB
Cached:          1189788 kB
MemTotal:        1844596 kB
MemFree:          213696 kB
MemAvailable:    1496340 kB
Buffers:          106028 kB
Cached:          1189788 kB
MemTotal:        1844596 kB
MemFree:          213952 kB
MemAvailable:    1496596 kB
Buffers:          106028 kB
Cached:          1189788 kB
MemTotal:        1844596 kB
MemFree:          212828 kB
MemAvailable:    1495472 kB
Buffers:          106028 kB
Cached:          1189788 kB
MemTotal:        1844596 kB
MemFree:          211400 kB
MemAvailable:    1494044 kB
Buffers:          106028 kB
Cached:          1189788 kB
MemTotal:        1844596 kB
MemFree:          208488 kB
MemAvailable:    1491132 kB
Buffers:          106028 kB
Cached:          1189788 kB
MemTotal:        1844596 kB
MemFree:          207912 kB
MemAvailable:    1490556 kB
Buffers:          106028 kB
Cached:          1189788 kB
MemTotal:        1844596 kB
MemFree:          207184 kB
MemAvailable:    1489828 kB
Buffers:          106028 kB
Cached:          1189788 kB
MemTotal:        1844596 kB
MemFree:          207432 kB
MemAvailable:    1490076 kB
Buffers:          106028 kB
Cached:          1189788 kB
MemTotal:        1844596 kB
MemFree:          205572 kB
MemAvailable:    1488216 kB
Buffers:          106028 kB
Cached:          1189788 kB
MemTotal:        1844596 kB
MemFree:          205688 kB
MemAvailable:    1488332 kB
Buffers:          106028 kB
Cached:          1189788 kB
MemTotal:        1844596 kB
MemFree:          205688 kB
MemAvailable:    1488332 kB
Buffers:          106028 kB
Cached:          1189788 kB
MemTotal:        1844596 kB
MemFree:          204200 kB
MemAvailable:    1486844 kB
Buffers:          106028 kB
Cached:          1189788 kB
MemTotal:        1844596 kB
MemFree:          205300 kB
MemAvailable:    1487944 kB
Buffers:          106028 kB
Cached:          1189788 kB
MemTotal:        1844596 kB
MemFree:          204648 kB
MemAvailable:    1487292 kB
Buffers:          106028 kB
Cached:          1189788 kB
MemTotal:        1844596 kB
MemFree:          204200 kB
MemAvailable:    1486844 kB
Buffers:          106028 kB
Cached:          1189788 kB
MemTotal:        1844596 kB
MemFree:          205192 kB
MemAvailable:    1487836 kB
Buffers:          106028 kB
Cached:          1189788 kB
MemTotal:        1844596 kB
MemFree:          205164 kB
MemAvailable:    1487808 kB
Buffers:          106028 kB
Cached:          1189788 kB
MemTotal:        1844596 kB
MemFree:          203960 kB
MemAvailable:    1486604 kB
Buffers:          106028 kB
Cached:          1189788 kB
MemTotal:        1844596 kB
MemFree:          204772 kB
MemAvailable:    1487416 kB
Buffers:          106028 kB
Cached:          1189788 kB
MemTotal:        1844596 kB
MemFree:          205108 kB
MemAvailable:    1487752 kB
Buffers:          106028 kB
Cached:          1189788 kB
MemTotal:        1844596 kB
MemFree:          203540 kB
MemAvailable:    1486184 kB
Buffers:          106028 kB
Cached:          1189788 kB
MemTotal:        1844596 kB
MemFree:          203836 kB
MemAvailable:    1486480 kB
Buffers:          106028 kB
Cached:          1189788 kB
MemTotal:        1844596 kB
MemFree:          203704 kB
MemAvailable:    1486348 kB
Buffers:          106028 kB
Cached:          1189788 kB
MemTotal:        1844596 kB
MemFree:          203828 kB
MemAvailable:    1486472 kB
Buffers:          106028 kB
Cached:          1189788 kB
MemTotal:        1844596 kB
MemFree:          205052 kB
MemAvailable:    1487696 kB
Buffers:          106028 kB
Cached:          1189788 kB
MemTotal:        1844596 kB
MemFree:          204936 kB
MemAvailable:    1487580 kB
Buffers:          106028 kB
Cached:          1189788 kB
MemTotal:        1844596 kB
MemFree:          204692 kB
MemAvailable:    1487336 kB
Buffers:          106028 kB
Cached:          1189788 kB
MemTotal:        1844596 kB
MemFree:          203560 kB
MemAvailable:    1486204 kB
Buffers:          106028 kB
Cached:          1189788 kB
MemTotal:        1844596 kB
MemFree:          203560 kB
MemAvailable:    1486204 kB
Buffers:          106028 kB
Cached:          1189788 kB
MemTotal:        1844596 kB
MemFree:          204076 kB
MemAvailable:    1486720 kB
Buffers:          106028 kB
Cached:          1189788 kB
MemTotal:        1844596 kB
MemFree:          204076 kB
MemAvailable:    1486720 kB
Buffers:          106028 kB
Cached:          1189788 kB
MemTotal:        1844596 kB
MemFree:          198488 kB
MemAvailable:    1481132 kB
Buffers:          106028 kB
Cached:          1189788 kB
MemTotal:        1844596 kB
MemFree:          198488 kB
MemAvailable:    1481132 kB
Buffers:          106028 kB
Cached:          1189788 kB
MemTotal:        1844596 kB
MemFree:          195404 kB
MemAvailable:    1478048 kB
Buffers:          106028 kB
Cached:          1189788 kB
MemTotal:        1844596 kB
MemFree:          196572 kB
MemAvailable:    1479216 kB
Buffers:          106028 kB
Cached:          1189788 kB
MemTotal:        1844596 kB
MemFree:          195536 kB
MemAvailable:    1478180 kB
Buffers:          106028 kB
Cached:          1189788 kB
MemTotal:        1844596 kB
MemFree:          196256 kB
MemAvailable:    1478900 kB
Buffers:          106028 kB
Cached:          1189788 kB
MemTotal:        1844596 kB
MemFree:          195900 kB
MemAvailable:    1478544 kB
Buffers:          106028 kB
Cached:          1189788 kB
MemTotal:        1844596 kB
MemFree:          196196 kB
MemAvailable:    1478840 kB
Buffers:          106028 kB
Cached:          1189788 kB
MemTotal:        1844596 kB
MemFree:          194888 kB
MemAvailable:    1477532 kB
Buffers:          106028 kB
Cached:          1189788 kB
MemTotal:        1844596 kB
MemFree:          196128 kB
MemAvailable:    1478772 kB
Buffers:          106028 kB
Cached:          1189788 kB
MemTotal:        1844596 kB
MemFree:          194840 kB
MemAvailable:    1477484 kB
Buffers:          106028 kB
Cached:          1189788 kB
MemTotal:        1844596 kB
MemFree:          195984 kB
MemAvailable:    1478628 kB
Buffers:          106028 kB
Cached:          1189788 kB
MemTotal:        1844596 kB
MemFree:          195984 kB
MemAvailable:    1478628 kB
Buffers:          106028 kB
Cached:          1189788 kB
MemTotal:        1844596 kB
MemFree:          194896 kB
MemAvailable:    1477540 kB
Buffers:          106028 kB
Cached:          1189788 kB
MemTotal:        1844596 kB
MemFree:          196064 kB
MemAvailable:    1478708 kB
Buffers:          106028 kB
Cached:          1189788 kB
MemTotal:        1844596 kB
MemFree:          195288 kB
MemAvailable:    1477932 kB
Buffers:          106028 kB
Cached:          1189788 kB
MemTotal:        1844596 kB
MemFree:          196480 kB
MemAvailable:    1479128 kB
Buffers:          106028 kB
Cached:          1189792 kB
MemTotal:        1844596 kB
MemFree:          195280 kB
MemAvailable:    1477928 kB
Buffers:          106028 kB
Cached:          1189792 kB
MemTotal:        1844596 kB
MemFree:          196452 kB
MemAvailable:    1479100 kB
Buffers:          106028 kB
Cached:          1189792 kB
MemTotal:        1844596 kB
MemFree:          195024 kB
MemAvailable:    1477672 kB
Buffers:          106028 kB
Cached:          1189792 kB
MemTotal:        1844596 kB
MemFree:          196076 kB
MemAvailable:    1478724 kB
Buffers:          106028 kB
Cached:          1189792 kB
MemTotal:        1844596 kB
MemFree:          195040 kB
MemAvailable:    1477688 kB
Buffers:          106028 kB
Cached:          1189792 kB
MemTotal:        1844596 kB
MemFree:          195884 kB
MemAvailable:    1478532 kB
Buffers:          106028 kB
Cached:          1189792 kB
MemTotal:        1844596 kB
MemFree:          195884 kB
MemAvailable:    1478532 kB
Buffers:          106028 kB
Cached:          1189792 kB
MemTotal:        1844596 kB
MemFree:          195968 kB
MemAvailable:    1478616 kB
Buffers:          106028 kB
Cached:          1189792 kB
MemTotal:        1844596 kB
MemFree:          194848 kB
MemAvailable:    1477496 kB
Buffers:          106028 kB
Cached:          1189792 kB
MemTotal:        1844596 kB
MemFree:          196060 kB
MemAvailable:    1478708 kB
Buffers:          106028 kB
Cached:          1189792 kB
MemTotal:        1844596 kB
MemFree:          196044 kB
MemAvailable:    1478696 kB
Buffers:          106028 kB
Cached:          1189796 kB
MemTotal:        1844596 kB
MemFree:          194868 kB
MemAvailable:    1477520 kB
Buffers:          106028 kB
Cached:          1189796 kB
MemTotal:        1844596 kB
MemFree:          196148 kB
MemAvailable:    1478800 kB
Buffers:          106028 kB
Cached:          1189796 kB
MemTotal:        1844596 kB
MemFree:          195280 kB
MemAvailable:    1477932 kB
Buffers:          106028 kB
Cached:          1189796 kB
MemTotal:        1844596 kB
MemFree:          195928 kB
MemAvailable:    1478580 kB
Buffers:          106028 kB
Cached:          1189796 kB
MemTotal:        1844596 kB
MemFree:          195776 kB
MemAvailable:    1478428 kB
Buffers:          106028 kB
Cached:          1189796 kB
MemTotal:        1844596 kB
MemFree:          195956 kB
MemAvailable:    1478608 kB
Buffers:          106028 kB
Cached:          1189796 kB
MemTotal:        1844596 kB
MemFree:          196040 kB
MemAvailable:    1478692 kB
Buffers:          106028 kB
Cached:          1189796 kB
MemTotal:        1844596 kB
MemFree:          194760 kB
MemAvailable:    1477412 kB
Buffers:          106028 kB
Cached:          1189796 kB
MemTotal:        1844596 kB
MemFree:          195868 kB
MemAvailable:    1478520 kB
Buffers:          106028 kB
Cached:          1189796 kB
MemTotal:        1844596 kB
MemFree:          194628 kB
MemAvailable:    1477280 kB
Buffers:          106028 kB
Cached:          1189796 kB
MemTotal:        1844596 kB
MemFree:          196000 kB
MemAvailable:    1478652 kB
Buffers:          106028 kB
Cached:          1189796 kB
MemTotal:        1844596 kB
MemFree:          194712 kB
MemAvailable:    1477364 kB
Buffers:          106028 kB
Cached:          1189796 kB
MemTotal:        1844596 kB
MemFree:          191552 kB
MemAvailable:    1474204 kB
Buffers:          106028 kB
Cached:          1189796 kB
MemTotal:        1844596 kB
MemFree:          191552 kB
MemAvailable:    1474204 kB
Buffers:          106028 kB
Cached:          1189796 kB
MemTotal:        1844596 kB
MemFree:          187220 kB
MemAvailable:    1469872 kB
Buffers:          106028 kB
Cached:          1189796 kB
MemTotal:        1844596 kB
MemFree:          184360 kB
MemAvailable:    1467012 kB
Buffers:          106028 kB
Cached:          1189796 kB
MemTotal:        1844596 kB
MemFree:          184244 kB
MemAvailable:    1466896 kB
Buffers:          106028 kB
Cached:          1189796 kB
MemTotal:        1844596 kB
MemFree:          183988 kB
MemAvailable:    1466640 kB
Buffers:          106028 kB
Cached:          1189796 kB
MemTotal:        1844596 kB
MemFree:          185180 kB
MemAvailable:    1467832 kB
Buffers:          106028 kB
Cached:          1189796 kB
MemTotal:        1844596 kB
MemFree:          183976 kB
MemAvailable:    1466628 kB
Buffers:          106028 kB
Cached:          1189796 kB
MemTotal:        1844596 kB
MemFree:          183928 kB
MemAvailable:    1466580 kB
Buffers:          106028 kB
Cached:          1189796 kB
MemTotal:        1844596 kB
MemFree:          183928 kB
MemAvailable:    1466580 kB
Buffers:          106028 kB
Cached:          1189796 kB
MemTotal:        1844596 kB
MemFree:          183928 kB
MemAvailable:    1466580 kB
Buffers:          106028 kB
Cached:          1189796 kB
MemTotal:        1844596 kB
MemFree:          185392 kB
MemAvailable:    1468044 kB
Buffers:          106028 kB
Cached:          1189796 kB
MemTotal:        1844596 kB
MemFree:          185280 kB
MemAvailable:    1467932 kB
Buffers:          106028 kB
Cached:          1189796 kB
MemTotal:        1844596 kB
MemFree:          183952 kB
MemAvailable:    1466604 kB
Buffers:          106028 kB
Cached:          1189796 kB
MemTotal:        1844596 kB
MemFree:          185304 kB
MemAvailable:    1467956 kB
Buffers:          106028 kB
Cached:          1189796 kB
MemTotal:        1844596 kB
MemFree:          185360 kB
MemAvailable:    1468012 kB
Buffers:          106028 kB
Cached:          1189796 kB
MemTotal:        1844596 kB
MemFree:          185056 kB
MemAvailable:    1467708 kB
Buffers:          106028 kB
Cached:          1189796 kB
MemTotal:        1844596 kB
MemFree:          185312 kB
MemAvailable:    1467964 kB
Buffers:          106028 kB
Cached:          1189796 kB
MemTotal:        1844596 kB
MemFree:          183816 kB
MemAvailable:    1466468 kB
Buffers:          106028 kB
Cached:          1189796 kB
MemTotal:        1844596 kB
MemFree:          185308 kB
MemAvailable:    1467960 kB
Buffers:          106028 kB
Cached:          1189796 kB
MemTotal:        1844596 kB
MemFree:          184376 kB
MemAvailable:    1467028 kB
Buffers:          106028 kB
Cached:          1189796 kB
MemTotal:        1844596 kB
MemFree:          185196 kB
MemAvailable:    1467852 kB
Buffers:          106028 kB
Cached:          1189800 kB
MemTotal:        1844596 kB
MemFree:          183872 kB
MemAvailable:    1466528 kB
Buffers:          106028 kB
Cached:          1189800 kB
MemTotal:        1844596 kB
MemFree:          185040 kB
MemAvailable:    1467696 kB
Buffers:          106028 kB
Cached:          1189800 kB
MemTotal:        1844596 kB
MemFree:          185056 kB
MemAvailable:    1467712 kB
Buffers:          106028 kB
Cached:          1189800 kB
MemTotal:        1844596 kB
MemFree:          184864 kB
MemAvailable:    1467520 kB
Buffers:          106028 kB
Cached:          1189800 kB
MemTotal:        1844596 kB
MemFree:          184972 kB
MemAvailable:    1467628 kB
Buffers:          106028 kB
Cached:          1189800 kB
MemTotal:        1844596 kB
MemFree:          185116 kB
MemAvailable:    1467772 kB
Buffers:          106028 kB
Cached:          1189800 kB
MemTotal:        1844596 kB
MemFree:          185036 kB
MemAvailable:    1467692 kB
Buffers:          106028 kB
Cached:          1189800 kB
MemTotal:        1844596 kB
MemFree:          185288 kB
MemAvailable:    1467944 kB
Buffers:          106028 kB
Cached:          1189800 kB
MemTotal:        1844596 kB
MemFree:          185224 kB
MemAvailable:    1467880 kB
Buffers:          106028 kB
Cached:          1189800 kB
MemTotal:        1844596 kB
MemFree:          184972 kB
MemAvailable:    1467628 kB
Buffers:          106028 kB
Cached:          1189800 kB
MemTotal:        1844596 kB
MemFree:          184616 kB
MemAvailable:    1467272 kB
Buffers:          106028 kB
Cached:          1189800 kB
MemTotal:        1844596 kB
MemFree:          184984 kB
MemAvailable:    1467640 kB
Buffers:          106028 kB
Cached:          1189800 kB
MemTotal:        1844596 kB
MemFree:          184108 kB
MemAvailable:    1466764 kB
Buffers:          106028 kB
Cached:          1189800 kB
MemTotal:        1844596 kB
MemFree:          185280 kB
MemAvailable:    1467936 kB
Buffers:          106028 kB
Cached:          1189800 kB
MemTotal:        1844596 kB
MemFree:          184244 kB
MemAvailable:    1466900 kB
Buffers:          106028 kB
Cached:          1189800 kB
MemTotal:        1844596 kB
MemFree:          185072 kB
MemAvailable:    1467732 kB
Buffers:          106028 kB
Cached:          1189804 kB
MemTotal:        1844596 kB
MemFree:          183956 kB
MemAvailable:    1466616 kB
Buffers:          106028 kB
Cached:          1189804 kB
MemTotal:        1844596 kB
MemFree:          185140 kB
MemAvailable:    1467800 kB
Buffers:          106028 kB
Cached:          1189804 kB
MemTotal:        1844596 kB
MemFree:          184988 kB
MemAvailable:    1467648 kB
Buffers:          106028 kB
Cached:          1189804 kB
MemTotal:        1844596 kB
MemFree:          185108 kB
MemAvailable:    1467768 kB
Buffers:          106028 kB
Cached:          1189804 kB
MemTotal:        1844596 kB
MemFree:          185236 kB
MemAvailable:    1467896 kB
Buffers:          106028 kB
Cached:          1189804 kB
MemTotal:        1844596 kB
MemFree:          183972 kB
MemAvailable:    1466632 kB
Buffers:          106028 kB
Cached:          1189804 kB
MemTotal:        1844596 kB
MemFree:          185204 kB
MemAvailable:    1467864 kB
Buffers:          106028 kB
Cached:          1189804 kB
MemTotal:        1844596 kB
MemFree:          183872 kB
MemAvailable:    1466532 kB
Buffers:          106028 kB
Cached:          1189804 kB
MemTotal:        1844596 kB
MemFree:          185024 kB
MemAvailable:    1467684 kB
Buffers:          106028 kB
Cached:          1189804 kB
MemTotal:        1844596 kB
MemFree:          185024 kB
MemAvailable:    1467684 kB
Buffers:          106028 kB
Cached:          1189804 kB
MemTotal:        1844596 kB
MemFree:          183824 kB
MemAvailable:    1466484 kB
Buffers:          106028 kB
Cached:          1189804 kB
MemTotal:        1844596 kB
MemFree:          185148 kB
MemAvailable:    1467808 kB
Buffers:          106028 kB
Cached:          1189804 kB
MemTotal:        1844596 kB
MemFree:          183864 kB
MemAvailable:    1466524 kB
Buffers:          106028 kB
Cached:          1189804 kB
MemTotal:        1844596 kB
MemFree:          184608 kB
MemAvailable:    1467272 kB
Buffers:          106028 kB
Cached:          1189808 kB
MemTotal:        1844596 kB
MemFree:          184864 kB
MemAvailable:    1467528 kB
Buffers:          106028 kB
Cached:          1189808 kB
MemTotal:        1844596 kB
MemFree:          184304 kB
MemAvailable:    1466968 kB
Buffers:          106028 kB
Cached:          1189808 kB
MemTotal:        1844596 kB
MemFree:          183508 kB
MemAvailable:    1466172 kB
Buffers:          106028 kB
Cached:          1189808 kB
MemTotal:        1844596 kB
MemFree:          183940 kB
MemAvailable:    1466604 kB
Buffers:          106028 kB
Cached:          1189808 kB
MemTotal:        1844596 kB
MemFree:          183748 kB
MemAvailable:    1466412 kB
Buffers:          106028 kB
Cached:          1189808 kB
MemTotal:        1844596 kB
MemFree:          182824 kB
MemAvailable:    1465488 kB
Buffers:          106028 kB
Cached:          1189808 kB
MemTotal:        1844596 kB
MemFree:          182692 kB
MemAvailable:    1465356 kB
Buffers:          106028 kB
Cached:          1189808 kB
MemTotal:        1844596 kB
MemFree:          184316 kB
MemAvailable:    1466980 kB
Buffers:          106028 kB
Cached:          1189808 kB
MemTotal:        1844596 kB
MemFree:          182872 kB
MemAvailable:    1465536 kB
Buffers:          106028 kB
Cached:          1189808 kB
MemTotal:        1844596 kB
MemFree:          182708 kB
MemAvailable:    1465372 kB
Buffers:          106028 kB
Cached:          1189808 kB
MemTotal:        1844596 kB
MemFree:          182700 kB
MemAvailable:    1465364 kB
Buffers:          106028 kB
Cached:          1189808 kB
MemTotal:        1844596 kB
MemFree:          182576 kB
MemAvailable:    1465240 kB
Buffers:          106028 kB
Cached:          1189808 kB
MemTotal:        1844596 kB
MemFree:          182700 kB
MemAvailable:    1465364 kB
Buffers:          106028 kB
Cached:          1189808 kB
MemTotal:        1844596 kB
MemFree:          182692 kB
MemAvailable:    1465356 kB
Buffers:          106028 kB
Cached:          1189808 kB
MemTotal:        1844596 kB
MemFree:          182568 kB
MemAvailable:    1465232 kB
Buffers:          106028 kB
Cached:          1189808 kB
MemTotal:        1844596 kB
MemFree:          182444 kB
MemAvailable:    1465108 kB
Buffers:          106028 kB
Cached:          1189808 kB
MemTotal:        1844596 kB
MemFree:          183720 kB
MemAvailable:    1466384 kB
Buffers:          106028 kB
Cached:          1189808 kB
MemTotal:        1844596 kB
MemFree:          183668 kB
MemAvailable:    1466332 kB
Buffers:          106028 kB
Cached:          1189808 kB
MemTotal:        1844596 kB
MemFree:          182208 kB
MemAvailable:    1464872 kB
Buffers:          106028 kB
Cached:          1189808 kB
MemTotal:        1844596 kB
MemFree:          182632 kB
MemAvailable:    1465296 kB
Buffers:          106028 kB
Cached:          1189808 kB
MemTotal:        1844596 kB
MemFree:          183040 kB
MemAvailable:    1465704 kB
Buffers:          106028 kB
Cached:          1189808 kB
MemTotal:        1844596 kB
MemFree:          182120 kB
MemAvailable:    1464784 kB
Buffers:          106028 kB
Cached:          1189808 kB
MemTotal:        1844596 kB
MemFree:          182244 kB
MemAvailable:    1464908 kB
Buffers:          106028 kB
Cached:          1189808 kB
MemTotal:        1844596 kB
MemFree:          183588 kB
MemAvailable:    1466252 kB
Buffers:          106028 kB
Cached:          1189808 kB
MemTotal:        1844596 kB
MemFree:          183372 kB
MemAvailable:    1466036 kB
Buffers:          106028 kB
Cached:          1189808 kB
MemTotal:        1844596 kB
MemFree:          180708 kB
MemAvailable:    1463372 kB
Buffers:          106028 kB
Cached:          1189808 kB
MemTotal:        1844596 kB
MemFree:          179540 kB
MemAvailable:    1462204 kB
Buffers:          106028 kB
Cached:          1189808 kB
MemTotal:        1844596 kB
MemFree:          176236 kB
MemAvailable:    1458900 kB
Buffers:          106028 kB
Cached:          1189808 kB
MemTotal:        1844596 kB
MemFree:          172772 kB
MemAvailable:    1455436 kB
Buffers:          106028 kB
Cached:          1189808 kB
MemTotal:        1844596 kB
MemFree:          172640 kB
MemAvailable:    1455304 kB
Buffers:          106028 kB
Cached:          1189808 kB
MemTotal:        1844596 kB
MemFree:          171100 kB
MemAvailable:    1453764 kB
Buffers:          106028 kB
Cached:          1189808 kB
MemTotal:        1844596 kB
MemFree:          171844 kB
MemAvailable:    1454508 kB
Buffers:          106028 kB
Cached:          1189808 kB
MemTotal:        1844596 kB
MemFree:          171912 kB
MemAvailable:    1454576 kB
Buffers:          106028 kB
Cached:          1189808 kB
MemTotal:        1844596 kB
MemFree:          171716 kB
MemAvailable:    1454380 kB
Buffers:          106028 kB
Cached:          1189808 kB
MemTotal:        1844596 kB
MemFree:          171584 kB
MemAvailable:    1454248 kB
Buffers:          106028 kB
Cached:          1189808 kB
MemTotal:        1844596 kB
MemFree:          170108 kB
MemAvailable:    1452772 kB
Buffers:          106028 kB
Cached:          1189808 kB
MemTotal:        1844596 kB
MemFree:          171136 kB
MemAvailable:    1453804 kB
Buffers:          106028 kB
Cached:          1189812 kB
MemTotal:        1844596 kB
MemFree:          169240 kB
MemAvailable:    1451908 kB
Buffers:          106028 kB
Cached:          1189812 kB
MemTotal:        1844596 kB
MemFree:          169920 kB
MemAvailable:    1452588 kB
Buffers:          106028 kB
Cached:          1189812 kB
MemTotal:        1844596 kB
MemFree:          169324 kB
MemAvailable:    1451992 kB
Buffers:          106028 kB
Cached:          1189812 kB
MemTotal:        1844596 kB
MemFree:          168736 kB
MemAvailable:    1451404 kB
Buffers:          106028 kB
Cached:          1189812 kB
MemTotal:        1844596 kB
MemFree:          168356 kB
MemAvailable:    1451024 kB
Buffers:          106028 kB
Cached:          1189812 kB
MemTotal:        1844596 kB
MemFree:          168256 kB
MemAvailable:    1450924 kB
Buffers:          106028 kB
Cached:          1189812 kB
MemTotal:        1844596 kB
MemFree:          168384 kB
MemAvailable:    1451052 kB
Buffers:          106028 kB
Cached:          1189812 kB
MemTotal:        1844596 kB
MemFree:          168316 kB
MemAvailable:    1450984 kB
Buffers:          106028 kB
Cached:          1189812 kB
MemTotal:        1844596 kB
MemFree:          168312 kB
MemAvailable:    1450980 kB
Buffers:          106028 kB
Cached:          1189812 kB
MemTotal:        1844596 kB
MemFree:          167884 kB
MemAvailable:    1450552 kB
Buffers:          106028 kB
Cached:          1189812 kB
MemTotal:        1844596 kB
MemFree:          168240 kB
MemAvailable:    1450908 kB
Buffers:          106028 kB
Cached:          1189812 kB
MemTotal:        1844596 kB
MemFree:          168184 kB
MemAvailable:    1450852 kB
Buffers:          106028 kB
Cached:          1189812 kB
MemTotal:        1844596 kB
MemFree:          168520 kB
MemAvailable:    1451188 kB
Buffers:          106028 kB
Cached:          1189812 kB
MemTotal:        1844596 kB
MemFree:          168304 kB
MemAvailable:    1450972 kB
Buffers:          106028 kB
Cached:          1189812 kB
MemTotal:        1844596 kB
MemFree:          168388 kB
MemAvailable:    1451056 kB
Buffers:          106028 kB
Cached:          1189812 kB
MemTotal:        1844596 kB
MemFree:          168408 kB
MemAvailable:    1451076 kB
Buffers:          106028 kB
Cached:          1189812 kB
MemTotal:        1844596 kB
MemFree:          167060 kB
MemAvailable:    1449728 kB
Buffers:          106028 kB
Cached:          1189812 kB
MemTotal:        1844596 kB
MemFree:          167752 kB
MemAvailable:    1450420 kB
Buffers:          106028 kB
Cached:          1189812 kB
MemTotal:        1844596 kB
MemFree:          167556 kB
MemAvailable:    1450224 kB
Buffers:          106028 kB
Cached:          1189812 kB
MemTotal:        1844596 kB
MemFree:          166504 kB
MemAvailable:    1449172 kB
Buffers:          106028 kB
Cached:          1189812 kB
MemTotal:        1844596 kB
MemFree:          166504 kB
MemAvailable:    1449172 kB
Buffers:          106028 kB
Cached:          1189812 kB
MemTotal:        1844596 kB
MemFree:          165100 kB
MemAvailable:    1447768 kB
Buffers:          106028 kB
Cached:          1189812 kB
MemTotal:        1844596 kB
MemFree:          164968 kB
MemAvailable:    1447636 kB
Buffers:          106028 kB
Cached:          1189812 kB
MemTotal:        1844596 kB
MemFree:          166268 kB
MemAvailable:    1448936 kB
Buffers:          106028 kB
Cached:          1189812 kB
MemTotal:        1844596 kB
MemFree:          165628 kB
MemAvailable:    1448296 kB
Buffers:          106028 kB
Cached:          1189812 kB
MemTotal:        1844596 kB
MemFree:          165712 kB
MemAvailable:    1448380 kB
Buffers:          106028 kB
Cached:          1189812 kB
MemTotal:        1844596 kB
MemFree:          165016 kB
MemAvailable:    1447684 kB
Buffers:          106028 kB
Cached:          1189812 kB
MemTotal:        1844596 kB
MemFree:          164660 kB
MemAvailable:    1447328 kB
Buffers:          106028 kB
Cached:          1189812 kB
MemTotal:        1844596 kB
MemFree:          163612 kB
MemAvailable:    1446280 kB
Buffers:          106028 kB
Cached:          1189812 kB
MemTotal:        1844596 kB
MemFree:          164912 kB
MemAvailable:    1447580 kB
Buffers:          106028 kB
Cached:          1189812 kB
MemTotal:        1844596 kB
MemFree:          164588 kB
MemAvailable:    1447256 kB
Buffers:          106028 kB
Cached:          1189812 kB
MemTotal:        1844596 kB
MemFree:          164564 kB
MemAvailable:    1447232 kB
Buffers:          106028 kB
Cached:          1189812 kB
MemTotal:        1844596 kB
MemFree:          163536 kB
MemAvailable:    1446204 kB
Buffers:          106028 kB
Cached:          1189812 kB
MemTotal:        1844596 kB
MemFree:          164464 kB
MemAvailable:    1447132 kB
Buffers:          106028 kB
Cached:          1189812 kB
MemTotal:        1844596 kB
MemFree:          164376 kB
MemAvailable:    1447044 kB
Buffers:          106028 kB
Cached:          1189812 kB
MemTotal:        1844596 kB
MemFree:          163156 kB
MemAvailable:    1445824 kB
Buffers:          106028 kB
Cached:          1189812 kB
MemTotal:        1844596 kB
MemFree:          162900 kB
MemAvailable:    1445568 kB
Buffers:          106028 kB
Cached:          1189812 kB
MemTotal:        1844596 kB
MemFree:          164200 kB
MemAvailable:    1446868 kB
Buffers:          106028 kB
Cached:          1189812 kB
MemTotal:        1844596 kB
MemFree:          164140 kB
MemAvailable:    1446808 kB
Buffers:          106028 kB
Cached:          1189812 kB
MemTotal:        1844596 kB
MemFree:          164200 kB
MemAvailable:    1446868 kB
Buffers:          106028 kB
Cached:          1189812 kB
MemTotal:        1844596 kB
MemFree:          163172 kB
MemAvailable:    1445840 kB
Buffers:          106028 kB
Cached:          1189812 kB
MemTotal:        1844596 kB
MemFree:          164016 kB
MemAvailable:    1446684 kB
Buffers:          106028 kB
Cached:          1189812 kB
MemTotal:        1844596 kB
MemFree:          164352 kB
MemAvailable:    1447020 kB
Buffers:          106028 kB
Cached:          1189812 kB
MemTotal:        1844596 kB
MemFree:          163976 kB
MemAvailable:    1446648 kB
Buffers:          106028 kB
Cached:          1189816 kB
MemTotal:        1844596 kB
MemFree:          164200 kB
MemAvailable:    1446872 kB
Buffers:          106028 kB
Cached:          1189816 kB
MemTotal:        1844596 kB
MemFree:          164200 kB
MemAvailable:    1446872 kB
Buffers:          106028 kB
Cached:          1189816 kB
MemTotal:        1844596 kB
MemFree:          164148 kB
MemAvailable:    1446820 kB
Buffers:          106028 kB
Cached:          1189816 kB
MemTotal:        1844596 kB
MemFree:          163960 kB
MemAvailable:    1446632 kB
Buffers:          106028 kB
Cached:          1189816 kB
MemTotal:        1844596 kB
MemFree:          164092 kB
MemAvailable:    1446764 kB
Buffers:          106028 kB
Cached:          1189816 kB
MemTotal:        1844596 kB
MemFree:          164052 kB
MemAvailable:    1446724 kB
Buffers:          106028 kB
Cached:          1189816 kB
MemTotal:        1844596 kB
MemFree:          163900 kB
MemAvailable:    1446572 kB
Buffers:          106028 kB
Cached:          1189816 kB
MemTotal:        1844596 kB
MemFree:          164236 kB
MemAvailable:    1446908 kB
Buffers:          106028 kB
Cached:          1189816 kB
MemTotal:        1844596 kB
MemFree:          162660 kB
MemAvailable:    1445332 kB
Buffers:          106028 kB
Cached:          1189816 kB
MemTotal:        1844596 kB
MemFree:          164148 kB
MemAvailable:    1446820 kB
Buffers:          106028 kB
Cached:          1189816 kB
MemTotal:        1844596 kB
MemFree:          163976 kB
MemAvailable:    1446648 kB
Buffers:          106028 kB
Cached:          1189816 kB
MemTotal:        1844596 kB
MemFree:          164032 kB
MemAvailable:    1446704 kB
Buffers:          106028 kB
Cached:          1189816 kB
MemTotal:        1844596 kB
MemFree:          162760 kB
MemAvailable:    1445432 kB
Buffers:          106028 kB
Cached:          1189816 kB
MemTotal:        1844596 kB
MemFree:          163164 kB
MemAvailable:    1445836 kB
Buffers:          106028 kB
Cached:          1189816 kB
MemTotal:        1844596 kB
MemFree:          163000 kB
MemAvailable:    1445676 kB
Buffers:          106028 kB
Cached:          1189820 kB
MemTotal:        1844596 kB
MemFree:          161800 kB
MemAvailable:    1444476 kB
Buffers:          106028 kB
Cached:          1189820 kB
MemTotal:        1844596 kB
MemFree:          161924 kB
MemAvailable:    1444600 kB
Buffers:          106028 kB
Cached:          1189820 kB
MemTotal:        1844596 kB
MemFree:          162528 kB
MemAvailable:    1445204 kB
Buffers:          106028 kB
Cached:          1189820 kB
MemTotal:        1844596 kB
MemFree:          162528 kB
MemAvailable:    1445204 kB
Buffers:          106028 kB
Cached:          1189820 kB
MemTotal:        1844596 kB
MemFree:          160428 kB
MemAvailable:    1443104 kB
Buffers:          106028 kB
Cached:          1189820 kB
MemTotal:        1844596 kB
MemFree:          160320 kB
MemAvailable:    1442996 kB
Buffers:          106028 kB
Cached:          1189820 kB
MemTotal:        1844596 kB
MemFree:          157708 kB
MemAvailable:    1440384 kB
Buffers:          106028 kB
Cached:          1189820 kB
MemTotal:        1844596 kB
MemFree:          154732 kB
MemAvailable:    1437408 kB
Buffers:          106028 kB
Cached:          1189820 kB
MemTotal:        1844596 kB
MemFree:          151756 kB
MemAvailable:    1434432 kB
Buffers:          106028 kB
Cached:          1189820 kB
MemTotal:        1844596 kB
MemFree:          151012 kB
MemAvailable:    1433688 kB
Buffers:          106028 kB
Cached:          1189820 kB
MemTotal:        1844596 kB
MemFree:          146424 kB
MemAvailable:    1429100 kB
Buffers:          106028 kB
Cached:          1189820 kB
MemTotal:        1844596 kB
MemFree:          144564 kB
MemAvailable:    1427240 kB
Buffers:          106028 kB
Cached:          1189820 kB
MemTotal:        1844596 kB
MemFree:          145608 kB
MemAvailable:    1428284 kB
Buffers:          106028 kB
Cached:          1189820 kB
MemTotal:        1844596 kB
MemFree:          145568 kB
MemAvailable:    1428244 kB
Buffers:          106028 kB
Cached:          1189820 kB
MemTotal:        1844596 kB
MemFree:          144440 kB
MemAvailable:    1427116 kB
Buffers:          106028 kB
Cached:          1189820 kB
MemTotal:        1844596 kB
MemFree:          145504 kB
MemAvailable:    1428180 kB
Buffers:          106028 kB
Cached:          1189820 kB
MemTotal:        1844596 kB
MemFree:          144820 kB
MemAvailable:    1427496 kB
Buffers:          106028 kB
Cached:          1189820 kB
MemTotal:        1844596 kB
MemFree:          145252 kB
MemAvailable:    1427928 kB
Buffers:          106028 kB
Cached:          1189820 kB
MemTotal:        1844596 kB
MemFree:          145252 kB
MemAvailable:    1427928 kB
Buffers:          106028 kB
Cached:          1189820 kB
MemTotal:        1844596 kB
MemFree:          145460 kB
MemAvailable:    1428136 kB
Buffers:          106028 kB
Cached:          1189820 kB
MemTotal:        1844596 kB
MemFree:          145476 kB
MemAvailable:    1428152 kB
Buffers:          106028 kB
Cached:          1189820 kB
MemTotal:        1844596 kB
MemFree:          145368 kB
MemAvailable:    1428044 kB
Buffers:          106028 kB
Cached:          1189820 kB
MemTotal:        1844596 kB
MemFree:          145236 kB
MemAvailable:    1427912 kB
Buffers:          106028 kB
Cached:          1189820 kB
MemTotal:        1844596 kB
MemFree:          145320 kB
MemAvailable:    1427996 kB
Buffers:          106028 kB
Cached:          1189820 kB
MemTotal:        1844596 kB
MemFree:          145440 kB
MemAvailable:    1428116 kB
Buffers:          106028 kB
Cached:          1189820 kB
MemTotal:        1844596 kB
MemFree:          144772 kB
MemAvailable:    1427448 kB
Buffers:          106028 kB
Cached:          1189820 kB
MemTotal:        1844596 kB
MemFree:          143704 kB
MemAvailable:    1426380 kB
Buffers:          106028 kB
Cached:          1189820 kB
MemTotal:        1844596 kB
MemFree:          144424 kB
MemAvailable:    1427100 kB
Buffers:          106028 kB
Cached:          1189820 kB
MemTotal:        1844596 kB
MemFree:          144648 kB
MemAvailable:    1427324 kB
Buffers:          106028 kB
Cached:          1189820 kB
MemTotal:        1844596 kB
MemFree:          143200 kB
MemAvailable:    1425876 kB
Buffers:          106028 kB
Cached:          1189820 kB
MemTotal:        1844596 kB
MemFree:          143028 kB
MemAvailable:    1425704 kB
Buffers:          106028 kB
Cached:          1189820 kB
MemTotal:        1844596 kB
MemFree:          144328 kB
MemAvailable:    1427004 kB
Buffers:          106028 kB
Cached:          1189820 kB
MemTotal:        1844596 kB
MemFree:          143312 kB
MemAvailable:    1425988 kB
Buffers:          106028 kB
Cached:          1189820 kB
MemTotal:        1844596 kB
MemFree:          144380 kB
MemAvailable:    1427056 kB
Buffers:          106028 kB
Cached:          1189820 kB
MemTotal:        1844596 kB
MemFree:          144632 kB
MemAvailable:    1427308 kB
Buffers:          106028 kB
Cached:          1189820 kB
MemTotal:        1844596 kB
MemFree:          144508 kB
MemAvailable:    1427184 kB
Buffers:          106028 kB
Cached:          1189820 kB
MemTotal:        1844596 kB
MemFree:          144248 kB
MemAvailable:    1426924 kB
Buffers:          106028 kB
Cached:          1189820 kB
MemTotal:        1844596 kB
MemFree:          144300 kB
MemAvailable:    1426976 kB
Buffers:          106028 kB
Cached:          1189820 kB
MemTotal:        1844596 kB
MemFree:          144488 kB
MemAvailable:    1427164 kB
Buffers:          106028 kB
Cached:          1189820 kB
MemTotal:        1844596 kB
MemFree:          143264 kB
MemAvailable:    1425940 kB
Buffers:          106028 kB
Cached:          1189820 kB
MemTotal:        1844596 kB
MemFree:          143132 kB
MemAvailable:    1425808 kB
Buffers:          106028 kB
Cached:          1189820 kB
MemTotal:        1844596 kB
MemFree:          144360 kB
MemAvailable:    1427036 kB
Buffers:          106028 kB
Cached:          1189820 kB
MemTotal:        1844596 kB
MemFree:          144316 kB
MemAvailable:    1426992 kB
Buffers:          106028 kB
Cached:          1189820 kB
MemTotal:        1844596 kB
MemFree:          144364 kB
MemAvailable:    1427040 kB
Buffers:          106028 kB
Cached:          1189820 kB
MemTotal:        1844596 kB
MemFree:          144532 kB
MemAvailable:    1427208 kB
Buffers:          106028 kB
Cached:          1189820 kB
MemTotal:        1844596 kB
MemFree:          144472 kB
MemAvailable:    1427148 kB
Buffers:          106028 kB
Cached:          1189820 kB
MemTotal:        1844596 kB
MemFree:          144432 kB
MemAvailable:    1427108 kB
Buffers:          106028 kB
Cached:          1189820 kB
MemTotal:        1844596 kB
MemFree:          143428 kB
MemAvailable:    1426104 kB
Buffers:          106028 kB
Cached:          1189820 kB
MemTotal:        1844596 kB
MemFree:          138860 kB
MemAvailable:    1421536 kB
Buffers:          106028 kB
Cached:          1189820 kB
MemTotal:        1844596 kB
MemFree:          135884 kB
MemAvailable:    1418560 kB
Buffers:          106028 kB
Cached:          1189820 kB
MemTotal:        1844596 kB
MemFree:          135016 kB
MemAvailable:    1417692 kB
Buffers:          106028 kB
Cached:          1189820 kB
MemTotal:        1844596 kB
MemFree:          130056 kB
MemAvailable:    1412732 kB
Buffers:          106028 kB
Cached:          1189820 kB
MemTotal:        1844596 kB
MemFree:          128196 kB
MemAvailable:    1410872 kB
Buffers:          106028 kB
Cached:          1189820 kB
MemTotal:        1844596 kB
MemFree:          125832 kB
MemAvailable:    1408508 kB
Buffers:          106028 kB
Cached:          1189820 kB
MemTotal:        1844596 kB
MemFree:          126212 kB
MemAvailable:    1408888 kB
Buffers:          106028 kB
Cached:          1189820 kB
MemTotal:        1844596 kB
MemFree:          124840 kB
MemAvailable:    1407516 kB
Buffers:          106028 kB
Cached:          1189820 kB
MemTotal:        1844596 kB
MemFree:          126072 kB
MemAvailable:    1408748 kB
Buffers:          106028 kB
Cached:          1189820 kB
MemTotal:        1844596 kB
MemFree:          126212 kB
MemAvailable:    1408888 kB
Buffers:          106028 kB
Cached:          1189820 kB
MemTotal:        1844596 kB
MemFree:          126368 kB
MemAvailable:    1409044 kB
Buffers:          106028 kB
Cached:          1189820 kB
MemTotal:        1844596 kB
MemFree:          126004 kB
MemAvailable:    1408680 kB
Buffers:          106028 kB
Cached:          1189820 kB
MemTotal:        1844596 kB
MemFree:          126020 kB
MemAvailable:    1408696 kB
Buffers:          106028 kB
Cached:          1189820 kB
MemTotal:        1844596 kB
MemFree:          126188 kB
MemAvailable:    1408864 kB
Buffers:          106028 kB
Cached:          1189820 kB
MemTotal:        1844596 kB
MemFree:          124840 kB
MemAvailable:    1407516 kB
Buffers:          106028 kB
Cached:          1189820 kB
MemTotal:        1844596 kB
MemFree:          126212 kB
MemAvailable:    1408896 kB
Buffers:          106028 kB
Cached:          1189828 kB
MemTotal:        1844596 kB
MemFree:          125096 kB
MemAvailable:    1407780 kB
Buffers:          106028 kB
Cached:          1189828 kB
MemTotal:        1844596 kB
MemFree:          124964 kB
MemAvailable:    1407648 kB
Buffers:          106028 kB
Cached:          1189828 kB
MemTotal:        1844596 kB
MemFree:          125940 kB
MemAvailable:    1408624 kB
Buffers:          106028 kB
Cached:          1189828 kB
MemTotal:        1844596 kB
MemFree:          126196 kB
MemAvailable:    1408880 kB
Buffers:          106028 kB
Cached:          1189828 kB
MemTotal:        1844596 kB
MemFree:          124960 kB
MemAvailable:    1407644 kB
Buffers:          106028 kB
Cached:          1189828 kB
MemTotal:        1844596 kB
MemFree:          124912 kB
MemAvailable:    1407596 kB
Buffers:          106028 kB
Cached:          1189828 kB
MemTotal:        1844596 kB
MemFree:          126152 kB
MemAvailable:    1408836 kB
Buffers:          106028 kB
Cached:          1189828 kB
MemTotal:        1844596 kB
MemFree:          124912 kB
MemAvailable:    1407596 kB
Buffers:          106028 kB
Cached:          1189828 kB
MemTotal:        1844596 kB
MemFree:          124912 kB
MemAvailable:    1407596 kB
Buffers:          106028 kB
Cached:          1189828 kB
MemTotal:        1844596 kB
MemFree:          126336 kB
MemAvailable:    1409020 kB
Buffers:          106028 kB
Cached:          1189828 kB
MemTotal:        1844596 kB
MemFree:          126048 kB
MemAvailable:    1408732 kB
Buffers:          106028 kB
Cached:          1189828 kB
MemTotal:        1844596 kB
MemFree:          126048 kB
MemAvailable:    1408732 kB
Buffers:          106028 kB
Cached:          1189828 kB
MemTotal:        1844596 kB
MemFree:          126144 kB
MemAvailable:    1408828 kB
Buffers:          106028 kB
Cached:          1189828 kB
MemTotal:        1844596 kB
MemFree:          126312 kB
MemAvailable:    1408996 kB
Buffers:          106028 kB
Cached:          1189828 kB
MemTotal:        1844596 kB
MemFree:          124960 kB
MemAvailable:    1407644 kB
Buffers:          106028 kB
Cached:          1189828 kB
MemTotal:        1844596 kB
MemFree:          126188 kB
MemAvailable:    1408872 kB
Buffers:          106028 kB
Cached:          1189828 kB
MemTotal:        1844596 kB
MemFree:          126416 kB
MemAvailable:    1409100 kB
Buffers:          106028 kB
Cached:          1189828 kB
MemTotal:        1844596 kB
MemFree:          125900 kB
MemAvailable:    1408584 kB
Buffers:          106028 kB
Cached:          1189828 kB
MemTotal:        1844596 kB
MemFree:          126236 kB
MemAvailable:    1408920 kB
Buffers:          106028 kB
Cached:          1189828 kB
MemTotal:        1844596 kB
MemFree:          126160 kB
MemAvailable:    1408844 kB
Buffers:          106028 kB
Cached:          1189828 kB
MemTotal:        1844596 kB
MemFree:          126064 kB
MemAvailable:    1408748 kB
Buffers:          106028 kB
Cached:          1189828 kB
MemTotal:        1844596 kB
MemFree:          126080 kB
MemAvailable:    1408764 kB
Buffers:          106028 kB
Cached:          1189828 kB
MemTotal:        1844596 kB
MemFree:          124796 kB
MemAvailable:    1407480 kB
Buffers:          106028 kB
Cached:          1189828 kB
MemTotal:        1844596 kB
MemFree:          126160 kB
MemAvailable:    1408844 kB
Buffers:          106028 kB
Cached:          1189828 kB
MemTotal:        1844596 kB
MemFree:          124920 kB
MemAvailable:    1407604 kB
Buffers:          106028 kB
Cached:          1189828 kB
MemTotal:        1844596 kB
MemFree:          125036 kB
MemAvailable:    1407720 kB
Buffers:          106028 kB
Cached:          1189828 kB
MemTotal:        1844596 kB
MemFree:          126344 kB
MemAvailable:    1409028 kB
Buffers:          106028 kB
Cached:          1189828 kB
MemTotal:        1844596 kB
MemFree:          122120 kB
MemAvailable:    1404804 kB
Buffers:          106028 kB
Cached:          1189828 kB
MemTotal:        1844596 kB
MemFree:          118648 kB
MemAvailable:    1401332 kB
Buffers:          106028 kB
Cached:          1189828 kB
MemTotal:        1844596 kB
MemFree:          113936 kB
MemAvailable:    1396620 kB
Buffers:          106028 kB
Cached:          1189828 kB
MemTotal:        1844596 kB
MemFree:          111616 kB
MemAvailable:    1394300 kB
Buffers:          106028 kB
Cached:          1189828 kB
MemTotal:        1844596 kB
MemFree:          109348 kB
MemAvailable:    1392032 kB
Buffers:          106028 kB
Cached:          1189828 kB
MemTotal:        1844596 kB
MemFree:          109036 kB
MemAvailable:    1391720 kB
Buffers:          106028 kB
Cached:          1189828 kB
MemTotal:        1844596 kB
MemFree:          108836 kB
MemAvailable:    1391520 kB
Buffers:          106028 kB
Cached:          1189828 kB
MemTotal:        1844596 kB
MemFree:          109048 kB
MemAvailable:    1391732 kB
Buffers:          106028 kB
Cached:          1189828 kB
MemTotal:        1844596 kB
MemFree:          106744 kB
MemAvailable:    1389428 kB
Buffers:          106028 kB
Cached:          1189828 kB
MemTotal:        1844596 kB
MemFree:          106992 kB
MemAvailable:    1389676 kB
Buffers:          106028 kB
Cached:          1189828 kB
MemTotal:        1844596 kB
MemFree:          107852 kB
MemAvailable:    1390536 kB
Buffers:          106028 kB
Cached:          1189828 kB
MemTotal:        1844596 kB
MemFree:          107852 kB
MemAvailable:    1390536 kB
Buffers:          106028 kB
Cached:          1189828 kB
MemTotal:        1844596 kB
MemFree:          107656 kB
MemAvailable:    1390340 kB
Buffers:          106028 kB
Cached:          1189828 kB
MemTotal:        1844596 kB
MemFree:          107540 kB
MemAvailable:    1390224 kB
Buffers:          106028 kB
Cached:          1189828 kB
MemTotal:        1844596 kB
MemFree:          107676 kB
MemAvailable:    1390360 kB
Buffers:          106028 kB
Cached:          1189828 kB
MemTotal:        1844596 kB
MemFree:          107300 kB
MemAvailable:    1389984 kB
Buffers:          106028 kB
Cached:          1189828 kB
MemTotal:        1844596 kB
MemFree:          107240 kB
MemAvailable:    1389924 kB
Buffers:          106028 kB
Cached:          1189828 kB
MemTotal:        1844596 kB
MemFree:          107044 kB
MemAvailable:    1389728 kB
Buffers:          106028 kB
Cached:          1189828 kB
MemTotal:        1844596 kB
MemFree:          107380 kB
MemAvailable:    1390064 kB
Buffers:          106028 kB
Cached:          1189828 kB
MemTotal:        1844596 kB
MemFree:          105752 kB
MemAvailable:    1388436 kB
Buffers:          106028 kB
Cached:          1189828 kB
MemTotal:        1844596 kB
MemFree:          106580 kB
MemAvailable:    1389264 kB
Buffers:          106028 kB
Cached:          1189828 kB
MemTotal:        1844596 kB
MemFree:          105364 kB
MemAvailable:    1388048 kB
Buffers:          106028 kB
Cached:          1189828 kB
MemTotal:        1844596 kB
MemFree:          105132 kB
MemAvailable:    1387816 kB
Buffers:          106028 kB
Cached:          1189828 kB
MemTotal:        1844596 kB
MemFree:          105128 kB
MemAvailable:    1387812 kB
Buffers:          106028 kB
Cached:          1189828 kB
MemTotal:        1844596 kB
MemFree:          105008 kB
MemAvailable:    1387692 kB
Buffers:          106028 kB
Cached:          1189828 kB
MemTotal:        1844596 kB
MemFree:          104452 kB
MemAvailable:    1387136 kB
Buffers:          106028 kB
Cached:          1189828 kB
MemTotal:        1844596 kB
MemFree:          102272 kB
MemAvailable:    1384956 kB
Buffers:          106028 kB
Cached:          1189828 kB
MemTotal:        1844596 kB
MemFree:          102528 kB
MemAvailable:    1385212 kB
Buffers:          106028 kB
Cached:          1189828 kB
MemTotal:        1844596 kB
MemFree:          101040 kB
MemAvailable:    1383724 kB
Buffers:          106028 kB
Cached:          1189828 kB
MemTotal:        1844596 kB
MemFree:          101780 kB
MemAvailable:    1384464 kB
Buffers:          106028 kB
Cached:          1189828 kB
MemTotal:        1844596 kB
MemFree:          100480 kB
MemAvailable:    1383164 kB
Buffers:          106028 kB
Cached:          1189828 kB
MemTotal:        1844596 kB
MemFree:          101656 kB
MemAvailable:    1384340 kB
Buffers:          106028 kB
Cached:          1189828 kB
MemTotal:        1844596 kB
MemFree:          101780 kB
MemAvailable:    1384464 kB
Buffers:          106028 kB
Cached:          1189828 kB
MemTotal:        1844596 kB
MemFree:          101968 kB
MemAvailable:    1384652 kB
Buffers:          106028 kB
Cached:          1189828 kB
MemTotal:        1844596 kB
MemFree:          101772 kB
MemAvailable:    1384456 kB
Buffers:          106028 kB
Cached:          1189828 kB
MemTotal:        1844596 kB
MemFree:          100348 kB
MemAvailable:    1383032 kB
Buffers:          106028 kB
Cached:          1189828 kB
MemTotal:        1844596 kB
MemFree:           99792 kB
MemAvailable:    1382476 kB
Buffers:          106028 kB
Cached:          1189828 kB
MemTotal:        1844596 kB
MemFree:          100296 kB
MemAvailable:    1382980 kB
Buffers:          106028 kB
Cached:          1189828 kB
MemTotal:        1844596 kB
MemFree:          100364 kB
MemAvailable:    1383048 kB
Buffers:          106028 kB
Cached:          1189828 kB
MemTotal:        1844596 kB
MemFree:           99056 kB
MemAvailable:    1381740 kB
Buffers:          106028 kB
Cached:          1189828 kB
MemTotal:        1844596 kB
MemFree:           99056 kB
MemAvailable:    1381740 kB
Buffers:          106028 kB
Cached:          1189828 kB
MemTotal:        1844596 kB
MemFree:          100040 kB
MemAvailable:    1382724 kB
Buffers:          106028 kB
Cached:          1189828 kB
MemTotal:        1844596 kB
MemFree:           99728 kB
MemAvailable:    1382412 kB
Buffers:          106028 kB
Cached:          1189828 kB
MemTotal:        1844596 kB
MemFree:           99980 kB
MemAvailable:    1382664 kB
Buffers:          106028 kB
Cached:          1189828 kB
MemTotal:        1844596 kB
MemFree:           99912 kB
MemAvailable:    1382596 kB
Buffers:          106028 kB
Cached:          1189828 kB
MemTotal:        1844596 kB
MemFree:          100124 kB
MemAvailable:    1382808 kB
Buffers:          106028 kB
Cached:          1189828 kB
MemTotal:        1844596 kB
MemFree:           99840 kB
MemAvailable:    1382524 kB
Buffers:          106028 kB
Cached:          1189828 kB
MemTotal:        1844596 kB
MemFree:           99924 kB
MemAvailable:    1382608 kB
Buffers:          106028 kB
Cached:          1189828 kB
MemTotal:        1844596 kB
MemFree:           99896 kB
MemAvailable:    1382580 kB
Buffers:          106028 kB
Cached:          1189828 kB
MemTotal:        1844596 kB
MemFree:          100148 kB
MemAvailable:    1382832 kB
Buffers:          106028 kB
Cached:          1189828 kB
MemTotal:        1844596 kB
MemFree:           99916 kB
MemAvailable:    1382604 kB
Buffers:          106028 kB
Cached:          1189832 kB
MemTotal:        1844596 kB
MemFree:           99876 kB
MemAvailable:    1382572 kB
Buffers:          106028 kB
Cached:          1189840 kB
MemTotal:        1844596 kB
MemFree:          100132 kB
MemAvailable:    1382828 kB
Buffers:          106028 kB
Cached:          1189840 kB
MemTotal:        1844596 kB
MemFree:           98636 kB
MemAvailable:    1381332 kB
Buffers:          106028 kB
Cached:          1189840 kB
MemTotal:        1844596 kB
MemFree:           98636 kB
MemAvailable:    1381332 kB
Buffers:          106028 kB
Cached:          1189840 kB
MemTotal:        1844596 kB
MemFree:           99936 kB
MemAvailable:    1382632 kB
Buffers:          106028 kB
Cached:          1189840 kB
MemTotal:        1844596 kB
MemFree:          100040 kB
MemAvailable:    1382736 kB
Buffers:          106028 kB
Cached:          1189840 kB
MemTotal:        1844596 kB
MemFree:          100040 kB
MemAvailable:    1382736 kB
Buffers:          106028 kB
Cached:          1189840 kB
MemTotal:        1844596 kB
MemFree:           99248 kB
MemAvailable:    1381944 kB
Buffers:          106028 kB
Cached:          1189840 kB
MemTotal:        1844596 kB
MemFree:           98808 kB
MemAvailable:    1381504 kB
Buffers:          106028 kB
Cached:          1189840 kB
MemTotal:        1844596 kB
MemFree:           99968 kB
MemAvailable:    1382664 kB
Buffers:          106028 kB
Cached:          1189840 kB
MemTotal:        1844596 kB
MemFree:           99868 kB
MemAvailable:    1382564 kB
Buffers:          106028 kB
Cached:          1189840 kB
MemTotal:        1844596 kB
MemFree:          100120 kB
MemAvailable:    1382816 kB
Buffers:          106028 kB
Cached:          1189840 kB
MemTotal:        1844596 kB
MemFree:           99868 kB
MemAvailable:    1382564 kB
Buffers:          106028 kB
Cached:          1189840 kB
MemTotal:        1844596 kB
MemFree:          100120 kB
MemAvailable:    1382816 kB
Buffers:          106028 kB
Cached:          1189840 kB
MemTotal:        1844596 kB
MemFree:          100100 kB
MemAvailable:    1382796 kB
Buffers:          106028 kB
Cached:          1189840 kB
MemTotal:        1844596 kB
MemFree:           98924 kB
MemAvailable:    1381620 kB
Buffers:          106028 kB
Cached:          1189840 kB
MemTotal:        1844596 kB
MemFree:           98924 kB
MemAvailable:    1381620 kB
Buffers:          106028 kB
Cached:          1189840 kB
MemTotal:        1844596 kB
MemFree:           99968 kB
MemAvailable:    1382664 kB
Buffers:          106028 kB
Cached:          1189840 kB
MemTotal:        1844596 kB
MemFree:          100036 kB
MemAvailable:    1382732 kB
Buffers:          106028 kB
Cached:          1189840 kB
MemTotal:        1844596 kB
MemFree:           99180 kB
MemAvailable:    1381876 kB
Buffers:          106028 kB
Cached:          1189840 kB
MemTotal:        1844596 kB
MemFree:           99772 kB
MemAvailable:    1382468 kB
Buffers:          106028 kB
Cached:          1189840 kB
MemTotal:        1844596 kB
MemFree:           99856 kB
MemAvailable:    1382552 kB
Buffers:          106028 kB
Cached:          1189840 kB
MemTotal:        1844596 kB
MemFree:           98628 kB
MemAvailable:    1381324 kB
Buffers:          106028 kB
Cached:          1189840 kB
MemTotal:        1844596 kB
MemFree:          100108 kB
MemAvailable:    1382804 kB
Buffers:          106028 kB
Cached:          1189840 kB
MemTotal:        1844596 kB
MemFree:          100120 kB
MemAvailable:    1382816 kB
Buffers:          106028 kB
Cached:          1189840 kB
MemTotal:        1844596 kB
MemFree:           99188 kB
MemAvailable:    1381884 kB
Buffers:          106028 kB
Cached:          1189840 kB
MemTotal:        1844596 kB
MemFree:          100380 kB
MemAvailable:    1383080 kB
Buffers:          106028 kB
Cached:          1189844 kB
MemTotal:        1844596 kB
MemFree:           99056 kB
MemAvailable:    1381756 kB
Buffers:          106028 kB
Cached:          1189844 kB
MemTotal:        1844596 kB
MemFree:          100296 kB
MemAvailable:    1382996 kB
Buffers:          106028 kB
Cached:          1189844 kB
MemTotal:        1844596 kB
MemFree:           99056 kB
MemAvailable:    1381756 kB
Buffers:          106028 kB
Cached:          1189844 kB
MemTotal:        1844596 kB
MemFree:          100048 kB
MemAvailable:    1382748 kB
Buffers:          106028 kB
Cached:          1189844 kB
MemTotal:        1844596 kB
MemFree:           98760 kB
MemAvailable:    1381460 kB
Buffers:          106028 kB
Cached:          1189844 kB
MemTotal:        1844596 kB
MemFree:           98744 kB
MemAvailable:    1381444 kB
Buffers:          106028 kB
Cached:          1189844 kB
MemTotal:        1844596 kB
MemFree:           94700 kB
MemAvailable:    1377400 kB
Buffers:          106028 kB
Cached:          1189844 kB
MemTotal:        1844596 kB
MemFree:           93956 kB
MemAvailable:    1376656 kB
Buffers:          106028 kB
Cached:          1189844 kB
MemTotal:        1844596 kB
MemFree:           91080 kB
MemAvailable:    1373780 kB
Buffers:          106028 kB
Cached:          1189844 kB
MemTotal:        1844596 kB
MemFree:           90376 kB
MemAvailable:    1373076 kB
Buffers:          106028 kB
Cached:          1189844 kB
MemTotal:        1844596 kB
MemFree:           85748 kB
MemAvailable:    1368448 kB
Buffers:          106028 kB
Cached:          1189844 kB
MemTotal:        1844596 kB
MemFree:           82276 kB
MemAvailable:    1364976 kB
Buffers:          106028 kB
Cached:          1189844 kB
MemTotal:        1844596 kB
MemFree:           79208 kB
MemAvailable:    1361908 kB
Buffers:          106028 kB
Cached:          1189844 kB
MemTotal:        1844596 kB
MemFree:           80656 kB
MemAvailable:    1363356 kB
Buffers:          106028 kB
Cached:          1189844 kB
MemTotal:        1844596 kB
MemFree:           80580 kB
MemAvailable:    1363280 kB
Buffers:          106028 kB
Cached:          1189844 kB
MemTotal:        1844596 kB
MemFree:           80440 kB
MemAvailable:    1363140 kB
Buffers:          106028 kB
Cached:          1189844 kB
MemTotal:        1844596 kB
MemFree:           80692 kB
MemAvailable:    1363392 kB
Buffers:          106028 kB
Cached:          1189844 kB
MemTotal:        1844596 kB
MemFree:           80440 kB
MemAvailable:    1363140 kB
Buffers:          106028 kB
Cached:          1189844 kB
MemTotal:        1844596 kB
MemFree:           80776 kB
MemAvailable:    1363476 kB
Buffers:          106028 kB
Cached:          1189844 kB
MemTotal:        1844596 kB
MemFree:           80448 kB
MemAvailable:    1363148 kB
Buffers:          106028 kB
Cached:          1189844 kB
MemTotal:        1844596 kB
MemFree:           80392 kB
MemAvailable:    1363092 kB
Buffers:          106028 kB
Cached:          1189844 kB
MemTotal:        1844596 kB
MemFree:           79160 kB
MemAvailable:    1361860 kB
Buffers:          106028 kB
Cached:          1189844 kB
MemTotal:        1844596 kB
MemFree:           80516 kB
MemAvailable:    1363216 kB
Buffers:          106028 kB
Cached:          1189844 kB
MemTotal:        1844596 kB
MemFree:           80516 kB
MemAvailable:    1363216 kB
Buffers:          106028 kB
Cached:          1189844 kB
MemTotal:        1844596 kB
MemFree:           80440 kB
MemAvailable:    1363140 kB
Buffers:          106028 kB
Cached:          1189844 kB
MemTotal:        1844596 kB
MemFree:           80692 kB
MemAvailable:    1363392 kB
Buffers:          106028 kB
Cached:          1189844 kB
MemTotal:        1844596 kB
MemFree:           80400 kB
MemAvailable:    1363100 kB
Buffers:          106028 kB
Cached:          1189844 kB
MemTotal:        1844596 kB
MemFree:           80260 kB
MemAvailable:    1362960 kB
Buffers:          106028 kB
Cached:          1189844 kB
MemTotal:        1844596 kB
MemFree:           80596 kB
MemAvailable:    1363296 kB
Buffers:          106028 kB
Cached:          1189844 kB
MemTotal:        1844596 kB
MemFree:           79028 kB
MemAvailable:    1361728 kB
Buffers:          106028 kB
Cached:          1189844 kB
MemTotal:        1844596 kB
MemFree:           80392 kB
MemAvailable:    1363092 kB
Buffers:          106028 kB
Cached:          1189844 kB
MemTotal:        1844596 kB
MemFree:           80252 kB
MemAvailable:    1362952 kB
Buffers:          106028 kB
Cached:          1189844 kB
MemTotal:        1844596 kB
MemFree:           80252 kB
MemAvailable:    1362952 kB
Buffers:          106028 kB
Cached:          1189844 kB
MemTotal:        1844596 kB
MemFree:           80012 kB
MemAvailable:    1362712 kB
Buffers:          106028 kB
Cached:          1189844 kB
MemTotal:        1844596 kB
MemFree:           80264 kB
MemAvailable:    1362964 kB
Buffers:          106028 kB
Cached:          1189844 kB
MemTotal:        1844596 kB
MemFree:           80116 kB
MemAvailable:    1362816 kB
Buffers:          106028 kB
Cached:          1189844 kB
MemTotal:        1844596 kB
MemFree:           79100 kB
MemAvailable:    1361800 kB
Buffers:          106028 kB
Cached:          1189844 kB
MemTotal:        1844596 kB
MemFree:           79648 kB
MemAvailable:    1362348 kB
Buffers:          106028 kB
Cached:          1189844 kB
MemTotal:        1844596 kB
MemFree:           79984 kB
MemAvailable:    1362684 kB
Buffers:          106028 kB
Cached:          1189844 kB
MemTotal:        1844596 kB
MemFree:           76108 kB
MemAvailable:    1358808 kB
Buffers:          106028 kB
Cached:          1189844 kB
MemTotal:        1844596 kB
MemFree:           76108 kB
MemAvailable:    1358808 kB
Buffers:          106028 kB
Cached:          1189844 kB
MemTotal:        1844596 kB
MemFree:           71028 kB
MemAvailable:    1353728 kB
Buffers:          106028 kB
Cached:          1189844 kB
MemTotal:        1844596 kB
MemFree:           69668 kB
MemAvailable:    1352368 kB
Buffers:          106028 kB
Cached:          1189844 kB
MemTotal:        1844596 kB
MemFree:           70272 kB
MemAvailable:    1352972 kB
Buffers:          106028 kB
Cached:          1189844 kB
MemTotal:        1844596 kB
MemFree:           70608 kB
MemAvailable:    1353308 kB
Buffers:          106028 kB
Cached:          1189844 kB
MemTotal:        1844596 kB
MemFree:           69040 kB
MemAvailable:    1351740 kB
Buffers:          106028 kB
Cached:          1189844 kB
MemTotal:        1844596 kB
MemFree:           69412 kB
MemAvailable:    1352112 kB
Buffers:          106028 kB
Cached:          1189844 kB
MemTotal:        1844596 kB
MemFree:           67420 kB
MemAvailable:    1350120 kB
Buffers:          106028 kB
Cached:          1189844 kB
MemTotal:        1844596 kB
MemFree:           67312 kB
MemAvailable:    1350012 kB
Buffers:          106028 kB
Cached:          1189844 kB
MemTotal:        1844596 kB
MemFree:           67124 kB
MemAvailable:    1349824 kB
Buffers:          106028 kB
Cached:          1189844 kB
MemTotal:        1844596 kB
MemFree:           67124 kB
MemAvailable:    1349824 kB
Buffers:          106028 kB
Cached:          1189844 kB
MemTotal:        1844596 kB
MemFree:           67120 kB
MemAvailable:    1349824 kB
Buffers:          106028 kB
Cached:          1189848 kB
MemTotal:        1844596 kB
MemFree:           67376 kB
MemAvailable:    1350080 kB
Buffers:          106028 kB
Cached:          1189848 kB
MemTotal:        1844596 kB
MemFree:           66792 kB
MemAvailable:    1349664 kB
Buffers:          106028 kB
Cached:          1190096 kB
MemTotal:        1844596 kB
MemFree:           66980 kB
MemAvailable:    1349852 kB
Buffers:          106028 kB
Cached:          1190096 kB
MemTotal:        1844596 kB
MemFree:           66616 kB
MemAvailable:    1349656 kB
Buffers:          106028 kB
Cached:          1190220 kB
MemTotal:        1844596 kB
MemFree:           66800 kB
MemAvailable:    1349840 kB
Buffers:          106028 kB
Cached:          1190344 kB
MemTotal:        1844596 kB
MemFree:           66488 kB
MemAvailable:    1349696 kB
Buffers:          106028 kB
Cached:          1190468 kB
MemTotal:        1844596 kB
MemFree:           66440 kB
MemAvailable:    1349648 kB
Buffers:          106028 kB
Cached:          1190468 kB
MemTotal:        1844596 kB
MemFree:           65220 kB
MemAvailable:    1348428 kB
Buffers:          106028 kB
Cached:          1190468 kB
MemTotal:        1844596 kB
MemFree:           66128 kB
MemAvailable:    1349396 kB
Buffers:          106032 kB
Cached:          1190488 kB
MemTotal:        1844596 kB
MemFree:           66328 kB
MemAvailable:    1349596 kB
Buffers:          106032 kB
Cached:          1190488 kB
MemTotal:        1844596 kB
MemFree:           66176 kB
MemAvailable:    1349444 kB
Buffers:          106032 kB
Cached:          1190488 kB
MemTotal:        1844596 kB
MemFree:           65460 kB
MemAvailable:    1348728 kB
Buffers:          106032 kB
Cached:          1190488 kB
MemTotal:        1844596 kB
MemFree:           65216 kB
MemAvailable:    1348484 kB
Buffers:          106032 kB
Cached:          1190488 kB
MemTotal:        1844596 kB
MemFree:           65024 kB
MemAvailable:    1348292 kB
Buffers:          106032 kB
Cached:          1190488 kB
MemTotal:        1844596 kB
MemFree:           65224 kB
MemAvailable:    1348492 kB
Buffers:          106032 kB
Cached:          1190488 kB
MemTotal:        1844596 kB
MemFree:           66904 kB
MemAvailable:    1349584 kB
Buffers:          106032 kB
Cached:          1189896 kB
MemTotal:        1844596 kB
MemFree:           66360 kB
MemAvailable:    1349040 kB
Buffers:          106032 kB
Cached:          1189896 kB
MemTotal:        1844596 kB
MemFree:           95376 kB
MemAvailable:    1378056 kB
Buffers:          106032 kB
Cached:          1189896 kB
MemTotal:        1844596 kB
MemFree:          144468 kB
MemAvailable:    1427148 kB
Buffers:          106032 kB
Cached:          1189896 kB
MemTotal:        1844596 kB
MemFree:          261556 kB
MemAvailable:    1544236 kB
Buffers:          106032 kB
Cached:          1189896 kB
