MemTotal:        1844596 kB
MemFree:          689820 kB
MemAvailable:    1547720 kB
Buffers:           89608 kB
Cached:           791616 kB
MemTotal:        1844596 kB
MemFree:          661448 kB
MemAvailable:    1519356 kB
Buffers:           89608 kB
Cached:           791620 kB
MemTotal:        1844596 kB
MemFree:          662316 kB
MemAvailable:    1520224 kB
Buffers:           89608 kB
Cached:           791620 kB
MemTotal:        1844596 kB
MemFree:          660456 kB
MemAvailable:    1518364 kB
Buffers:           89608 kB
Cached:           791620 kB
MemTotal:        1844596 kB
MemFree:          660208 kB
MemAvailable:    1518116 kB
Buffers:           89608 kB
Cached:           791620 kB
MemTotal:        1844596 kB
MemFree:          658780 kB
MemAvailable:    1516688 kB
Buffers:           89608 kB
Cached:           791620 kB
MemTotal:        1844596 kB
MemFree:          657596 kB
MemAvailable:    1515504 kB
Buffers:           89608 kB
Cached:           791620 kB
MemTotal:        1844596 kB
MemFree:          657596 kB
MemAvailable:    1515504 kB
Buffers:           89608 kB
Cached:           791620 kB
MemTotal:        1844596 kB
MemFree:          654556 kB
MemAvailable:    1512464 kB
Buffers:           89608 kB
Cached:           791620 kB
MemTotal:        1844596 kB
MemFree:          652332 kB
MemAvailable:    1510240 kB
Buffers:           89608 kB
Cached:           791620 kB
MemTotal:        1844596 kB
MemFree:          650544 kB
MemAvailable:    1508452 kB
Buffers:           89608 kB
Cached:           791620 kB
MemTotal:        1844596 kB
MemFree:          646444 kB
MemAvailable:    1504352 kB
Buffers:           89608 kB
Cached:           791620 kB
MemTotal:        1844596 kB
MemFree:          649916 kB
MemAvailable:    1507824 kB
Buffers:           89608 kB
Cached:           791620 kB
MemTotal:        1844596 kB
MemFree:          650308 kB
MemAvailable:    1508216 kB
Buffers:           89608 kB
Cached:           791620 kB
MemTotal:        1844596 kB
MemFree:          649492 kB
MemAvailable:    1507400 kB
Buffers:           89608 kB
Cached:           791620 kB
MemTotal:        1844596 kB
MemFree:          649840 kB
MemAvailable:    1507748 kB
Buffers:           89608 kB
Cached:           791620 kB
MemTotal:        1844596 kB
MemFree:          650096 kB
MemAvailable:    1508004 kB
Buffers:           89608 kB
Cached:           791620 kB
MemTotal:        1844596 kB
MemFree:          649576 kB
MemAvailable:    1507484 kB
Buffers:           89608 kB
Cached:           791620 kB
MemTotal:        1844596 kB
MemFree:          649364 kB
MemAvailable:    1507272 kB
Buffers:           89608 kB
Cached:           791620 kB
MemTotal:        1844596 kB
MemFree:          649348 kB
MemAvailable:    1507256 kB
Buffers:           89608 kB
Cached:           791620 kB
MemTotal:        1844596 kB
MemFree:          647896 kB
MemAvailable:    1505804 kB
Buffers:           89608 kB
Cached:           791620 kB
MemTotal:        1844596 kB
MemFree:          649080 kB
MemAvailable:    1506988 kB
Buffers:           89608 kB
Cached:           791620 kB
MemTotal:        1844596 kB
MemFree:          649416 kB
MemAvailable:    1507324 kB
Buffers:           89608 kB
Cached:           791620 kB
MemTotal:        1844596 kB
MemFree:          647932 kB
MemAvailable:    1505840 kB
Buffers:           89608 kB
Cached:           791620 kB
MemTotal:        1844596 kB
MemFree:          647800 kB
MemAvailable:    1505708 kB
Buffers:           89608 kB
Cached:           791620 kB
MemTotal:        1844596 kB
MemFree:          648668 kB
MemAvailable:    1506576 kB
Buffers:           89608 kB
Cached:           791620 kB
MemTotal:        1844596 kB
MemFree:          648668 kB
MemAvailable:    1506576 kB
Buffers:           89608 kB
Cached:           791620 kB
MemTotal:        1844596 kB
MemFree:          648156 kB
MemAvailable:    1506064 kB
Buffers:           89608 kB
Cached:           791620 kB
MemTotal:        1844596 kB
MemFree:          647808 kB
MemAvailable:    1505716 kB
Buffers:           89608 kB
Cached:           791620 kB
MemTotal:        1844596 kB
MemFree:          648228 kB
MemAvailable:    1506136 kB
Buffers:           89608 kB
Cached:           791620 kB
MemTotal:        1844596 kB
MemFree:          647296 kB
MemAvailable:    1505204 kB
Buffers:           89608 kB
Cached:           791620 kB
MemTotal:        1844596 kB
MemFree:          647008 kB
MemAvailable:    1504916 kB
Buffers:           89608 kB
Cached:           791620 kB
MemTotal:        1844596 kB
MemFree:          646732 kB
MemAvailable:    1504640 kB
Buffers:           89608 kB
Cached:           791620 kB
MemTotal:        1844596 kB
MemFree:          646984 kB
MemAvailable:    1504892 kB
Buffers:           89608 kB
Cached:           791620 kB
MemTotal:        1844596 kB
MemFree:          646760 kB
MemAvailable:    1504668 kB
Buffers:           89608 kB
Cached:           791620 kB
MemTotal:        1844596 kB
MemFree:          645644 kB
MemAvailable:    1503552 kB
Buffers:           89608 kB
Cached:           791620 kB
MemTotal:        1844596 kB
MemFree:          647112 kB
MemAvailable:    1505020 kB
Buffers:           89608 kB
Cached:           791620 kB
MemTotal:        1844596 kB
MemFree:          647000 kB
MemAvailable:    1504908 kB
Buffers:           89608 kB
Cached:           791620 kB
MemTotal:        1844596 kB
MemFree:          646872 kB
MemAvailable:    1504780 kB
Buffers:           89608 kB
Cached:           791620 kB
MemTotal:        1844596 kB
MemFree:          647124 kB
MemAvailable:    1505032 kB
Buffers:           89608 kB
Cached:           791620 kB
MemTotal:        1844596 kB
MemFree:          646808 kB
MemAvailable:    1504716 kB
Buffers:           89608 kB
Cached:           791620 kB
MemTotal:        1844596 kB
MemFree:          644520 kB
MemAvailable:    1502428 kB
Buffers:           89608 kB
Cached:           791620 kB
MemTotal:        1844596 kB
MemFree:          640856 kB
MemAvailable:    1498764 kB
Buffers:           89608 kB
Cached:           791620 kB
MemTotal:        1844596 kB
MemFree:          640368 kB
MemAvailable:    1498276 kB
Buffers:           89608 kB
Cached:           791620 kB
MemTotal:        1844596 kB
MemFree:          640616 kB
MemAvailable:    1498524 kB
Buffers:           89608 kB
Cached:           791620 kB
MemTotal:        1844596 kB
MemFree:          641468 kB
MemAvailable:    1499376 kB
Buffers:           89608 kB
Cached:           791620 kB
MemTotal:        1844596 kB
MemFree:          641360 kB
MemAvailable:    1499268 kB
Buffers:           89608 kB
Cached:           791620 kB
MemTotal:        1844596 kB
MemFree:          640188 kB
MemAvailable:    1498096 kB
Buffers:           89608 kB
Cached:           791620 kB
MemTotal:        1844596 kB
MemFree:          641428 kB
MemAvailable:    1499336 kB
Buffers:           89608 kB
Cached:           791620 kB
MemTotal:        1844596 kB
MemFree:          639924 kB
MemAvailable:    1497832 kB
Buffers:           89608 kB
Cached:           791620 kB
MemTotal:        1844596 kB
MemFree:          641288 kB
MemAvailable:    1499196 kB
Buffers:           89608 kB
Cached:           791620 kB
MemTotal:        1844596 kB
MemFree:          641040 kB
MemAvailable:    1498948 kB
Buffers:           89608 kB
Cached:           791620 kB
MemTotal:        1844596 kB
MemFree:          639792 kB
MemAvailable:    1497700 kB
Buffers:           89608 kB
Cached:           791620 kB
MemTotal:        1844596 kB
MemFree:          639960 kB
MemAvailable:    1497868 kB
Buffers:           89608 kB
Cached:           791620 kB
MemTotal:        1844596 kB
MemFree:          640208 kB
MemAvailable:    1498116 kB
Buffers:           89608 kB
Cached:           791620 kB
MemTotal:        1844596 kB
MemFree:          640084 kB
MemAvailable:    1497992 kB
Buffers:           89608 kB
Cached:           791620 kB
MemTotal:        1844596 kB
MemFree:          640864 kB
MemAvailable:    1498772 kB
Buffers:           89608 kB
Cached:           791620 kB
MemTotal:        1844596 kB
MemFree:          637772 kB
MemAvailable:    1495680 kB
Buffers:           89608 kB
Cached:           791620 kB
MemTotal:        1844596 kB
MemFree:          635392 kB
MemAvailable:    1493300 kB
Buffers:           89608 kB
Cached:           791620 kB
MemTotal:        1844596 kB
MemFree:          634788 kB
MemAvailable:    1492696 kB
Buffers:           89608 kB
Cached:           791620 kB
MemTotal:        1844596 kB
MemFree:          635160 kB
MemAvailable:    1493068 kB
Buffers:           89608 kB
Cached:           791620 kB
MemTotal:        1844596 kB
MemFree:          634624 kB
MemAvailable:    1492532 kB
Buffers:           89608 kB
Cached:           791620 kB
MemTotal:        1844596 kB
MemFree:          632308 kB
MemAvailable:    1490216 kB
Buffers:           89608 kB
Cached:           791620 kB
MemTotal:        1844596 kB
MemFree:          632912 kB
MemAvailable:    1490828 kB
Buffers:           89608 kB
Cached:           791628 kB
MemTotal:        1844596 kB
MemFree:          633124 kB
MemAvailable:    1491040 kB
Buffers:           89608 kB
Cached:           791628 kB
MemTotal:        1844596 kB
MemFree:          632548 kB
MemAvailable:    1490464 kB
Buffers:           89608 kB
Cached:           791628 kB
MemTotal:        1844596 kB
MemFree:          632564 kB
MemAvailable:    1490480 kB
Buffers:           89608 kB
Cached:           791628 kB
MemTotal:        1844596 kB
MemFree:          632444 kB
MemAvailable:    1490360 kB
Buffers:           89608 kB
Cached:           791628 kB
MemTotal:        1844596 kB
MemFree:          632544 kB
MemAvailable:    1490460 kB
Buffers:           89608 kB
Cached:           791628 kB
MemTotal:        1844596 kB
MemFree:          631132 kB
MemAvailable:    1489048 kB
Buffers:           89608 kB
Cached:           791628 kB
MemTotal:        1844596 kB
MemFree:          632252 kB
MemAvailable:    1490168 kB
Buffers:           89608 kB
Cached:           791628 kB
MemTotal:        1844596 kB
MemFree:          632504 kB
MemAvailable:    1490420 kB
Buffers:           89608 kB
Cached:           791628 kB
MemTotal:        1844596 kB
MemFree:          631800 kB
MemAvailable:    1489716 kB
Buffers:           89608 kB
Cached:           791628 kB
MemTotal:        1844596 kB
MemFree:          632308 kB
MemAvailable:    1490224 kB
Buffers:           89608 kB
Cached:           791628 kB
MemTotal:        1844596 kB
MemFree:          632344 kB
MemAvailable:    1490260 kB
Buffers:           89608 kB
Cached:           791628 kB
MemTotal:        1844596 kB
MemFree:          631120 kB
MemAvailable:    1489036 kB
Buffers:           89608 kB
Cached:           791628 kB
MemTotal:        1844596 kB
MemFree:          631120 kB
MemAvailable:    1489036 kB
Buffers:           89608 kB
Cached:           791628 kB
MemTotal:        1844596 kB
MemFree:          631236 kB
MemAvailable:    1489152 kB
Buffers:           89608 kB
Cached:           791628 kB
MemTotal:        1844596 kB
MemFree:          632156 kB
MemAvailable:    1490072 kB
Buffers:           89608 kB
Cached:           791628 kB
MemTotal:        1844596 kB
MemFree:          631200 kB
MemAvailable:    1489116 kB
Buffers:           89608 kB
Cached:           791628 kB
MemTotal:        1844596 kB
MemFree:          631920 kB
MemAvailable:    1489836 kB
Buffers:           89608 kB
Cached:           791628 kB
MemTotal:        1844596 kB
MemFree:          632256 kB
MemAvailable:    1490172 kB
Buffers:           89608 kB
Cached:           791628 kB
MemTotal:        1844596 kB
MemFree:          631880 kB
MemAvailable:    1489796 kB
Buffers:           89608 kB
Cached:           791628 kB
MemTotal:        1844596 kB
MemFree:          631880 kB
MemAvailable:    1489796 kB
Buffers:           89608 kB
Cached:           791628 kB
MemTotal:        1844596 kB
MemFree:          630004 kB
MemAvailable:    1487920 kB
Buffers:           89608 kB
Cached:           791628 kB
MemTotal:        1844596 kB
MemFree:          626472 kB
MemAvailable:    1484388 kB
Buffers:           89608 kB
Cached:           791628 kB
MemTotal:        1844596 kB
MemFree:          625496 kB
MemAvailable:    1483412 kB
Buffers:           89608 kB
Cached:           791628 kB
MemTotal:        1844596 kB
MemFree:          623008 kB
MemAvailable:    1480924 kB
Buffers:           89608 kB
Cached:           791628 kB
MemTotal:        1844596 kB
MemFree:          622884 kB
MemAvailable:    1480800 kB
Buffers:           89608 kB
Cached:           791628 kB
MemTotal:        1844596 kB
MemFree:          624184 kB
MemAvailable:    1482100 kB
Buffers:           89608 kB
Cached:           791628 kB
MemTotal:        1844596 kB
MemFree:          624060 kB
MemAvailable:    1481976 kB
Buffers:           89608 kB
Cached:           791628 kB
MemTotal:        1844596 kB
MemFree:          623496 kB
MemAvailable:    1481412 kB
Buffers:           89608 kB
Cached:           791628 kB
MemTotal:        1844596 kB
MemFree:          622892 kB
MemAvailable:    1480808 kB
Buffers:           89608 kB
Cached:           791628 kB
MemTotal:        1844596 kB
MemFree:          622008 kB
MemAvailable:    1479924 kB
Buffers:           89608 kB
Cached:           791628 kB
MemTotal:        1844596 kB
MemFree:          622132 kB
MemAvailable:    1480048 kB
Buffers:           89608 kB
Cached:           791628 kB
MemTotal:        1844596 kB
MemFree:          623448 kB
MemAvailable:    1481364 kB
Buffers:           89608 kB
Cached:           791628 kB
MemTotal:        1844596 kB
MemFree:          623368 kB
MemAvailable:    1481284 kB
Buffers:           89608 kB
Cached:           791628 kB
MemTotal:        1844596 kB
MemFree:          623380 kB
MemAvailable:    1481296 kB
Buffers:           89608 kB
Cached:           791628 kB
MemTotal:        1844596 kB
MemFree:          623176 kB
MemAvailable:    1481092 kB
Buffers:           89608 kB
Cached:           791628 kB
MemTotal:        1844596 kB
MemFree:          623176 kB
MemAvailable:    1481092 kB
Buffers:           89608 kB
Cached:           791628 kB
MemTotal:        1844596 kB
MemFree:          623420 kB
MemAvailable:    1481336 kB
Buffers:           89608 kB
Cached:           791628 kB
MemTotal:        1844596 kB
MemFree:          623320 kB
MemAvailable:    1481236 kB
Buffers:           89608 kB
Cached:           791628 kB
MemTotal:        1844596 kB
MemFree:          621948 kB
MemAvailable:    1479864 kB
Buffers:           89608 kB
Cached:           791628 kB
MemTotal:        1844596 kB
MemFree:          623184 kB
MemAvailable:    1481100 kB
Buffers:           89608 kB
Cached:           791628 kB
MemTotal:        1844596 kB
MemFree:          623352 kB
MemAvailable:    1481268 kB
Buffers:           89608 kB
Cached:           791628 kB
MemTotal:        1844596 kB
MemFree:          622016 kB
MemAvailable:    1479932 kB
Buffers:           89608 kB
Cached:           791628 kB
MemTotal:        1844596 kB
MemFree:          621968 kB
MemAvailable:    1479884 kB
Buffers:           89608 kB
Cached:           791628 kB
MemTotal:        1844596 kB
MemFree:          623248 kB
MemAvailable:    1481164 kB
Buffers:           89608 kB
Cached:           791628 kB
MemTotal:        1844596 kB
MemFree:          623584 kB
MemAvailable:    1481500 kB
Buffers:           89608 kB
Cached:           791628 kB
MemTotal:        1844596 kB
MemFree:          623260 kB
MemAvailable:    1481176 kB
Buffers:           89608 kB
Cached:           791628 kB
MemTotal:        1844596 kB
MemFree:          623388 kB
MemAvailable:    1481304 kB
Buffers:           89608 kB
Cached:           791628 kB
MemTotal:        1844596 kB
MemFree:          623232 kB
MemAvailable:    1481148 kB
Buffers:           89608 kB
Cached:           791628 kB
MemTotal:        1844596 kB
MemFree:          623488 kB
MemAvailable:    1481404 kB
Buffers:           89608 kB
Cached:           791628 kB
MemTotal:        1844596 kB
MemFree:          623220 kB
MemAvailable:    1481136 kB
Buffers:           89608 kB
Cached:           791628 kB
MemTotal:        1844596 kB
MemFree:          623220 kB
MemAvailable:    1481136 kB
Buffers:           89608 kB
Cached:           791628 kB
MemTotal:        1844596 kB
MemFree:          622128 kB
MemAvailable:    1480044 kB
Buffers:           89608 kB
Cached:           791628 kB
MemTotal:        1844596 kB
MemFree:          623368 kB
MemAvailable:    1481284 kB
Buffers:           89608 kB
Cached:           791628 kB
MemTotal:        1844596 kB
MemFree:          623380 kB
MemAvailable:    1481296 kB
Buffers:           89608 kB
Cached:           791628 kB
MemTotal:        1844596 kB
MemFree:          621948 kB
MemAvailable:    1479864 kB
Buffers:           89608 kB
Cached:           791628 kB
MemTotal:        1844596 kB
MemFree:          621940 kB
MemAvailable:    1479856 kB
Buffers:           89608 kB
Cached:           791628 kB
MemTotal:        1844596 kB
MemFree:          623248 kB
MemAvailable:    1481164 kB
Buffers:           89608 kB
Cached:           791628 kB
MemTotal:        1844596 kB
MemFree:          622072 kB
MemAvailable:    1479988 kB
Buffers:           89608 kB
Cached:           791628 kB
MemTotal:        1844596 kB
MemFree:          622320 kB
MemAvailable:    1480236 kB
Buffers:           89608 kB
Cached:           791628 kB
MemTotal:        1844596 kB
MemFree:          618976 kB
MemAvailable:    1476892 kB
Buffers:           89608 kB
Cached:           791628 kB
MemTotal:        1844596 kB
MemFree:          616436 kB
MemAvailable:    1474352 kB
Buffers:           89608 kB
Cached:           791628 kB
MemTotal:        1844596 kB
MemFree:          613088 kB
MemAvailable:    1471004 kB
Buffers:           89608 kB
Cached:           791628 kB
MemTotal:        1844596 kB
MemFree:          612812 kB
MemAvailable:    1470728 kB
Buffers:           89608 kB
Cached:           791628 kB
MemTotal:        1844596 kB
MemFree:          611600 kB
MemAvailable:    1469516 kB
Buffers:           89608 kB
Cached:           791628 kB
MemTotal:        1844596 kB
MemFree:          612676 kB
MemAvailable:    1470596 kB
Buffers:           89608 kB
Cached:           791632 kB
MemTotal:        1844596 kB
MemFree:          612608 kB
MemAvailable:    1470528 kB
Buffers:           89608 kB
Cached:           791632 kB
MemTotal:        1844596 kB
MemFree:          612476 kB
MemAvailable:    1470396 kB
Buffers:           89608 kB
Cached:           791632 kB
MemTotal:        1844596 kB
MemFree:          611300 kB
MemAvailable:    1469220 kB
Buffers:           89608 kB
Cached:           791632 kB
MemTotal:        1844596 kB
MemFree:          612468 kB
MemAvailable:    1470388 kB
Buffers:           89608 kB
Cached:           791632 kB
MemTotal:        1844596 kB
MemFree:          612512 kB
MemAvailable:    1470432 kB
Buffers:           89608 kB
Cached:           791632 kB
MemTotal:        1844596 kB
MemFree:          612524 kB
MemAvailable:    1470444 kB
Buffers:           89608 kB
Cached:           791632 kB
MemTotal:        1844596 kB
MemFree:          612524 kB
MemAvailable:    1470444 kB
Buffers:           89608 kB
Cached:           791632 kB
MemTotal:        1844596 kB
MemFree:          611180 kB
MemAvailable:    1469100 kB
Buffers:           89608 kB
Cached:           791632 kB
MemTotal:        1844596 kB
MemFree:          612472 kB
MemAvailable:    1470392 kB
Buffers:           89608 kB
Cached:           791632 kB
MemTotal:        1844596 kB
MemFree:          611732 kB
MemAvailable:    1469652 kB
Buffers:           89608 kB
Cached:           791632 kB
MemTotal:        1844596 kB
MemFree:          612328 kB
MemAvailable:    1470248 kB
Buffers:           89608 kB
Cached:           791632 kB
MemTotal:        1844596 kB
MemFree:          612220 kB
MemAvailable:    1470140 kB
Buffers:           89608 kB
Cached:           791632 kB
MemTotal:        1844596 kB
MemFree:          612480 kB
MemAvailable:    1470404 kB
Buffers:           89608 kB
Cached:           791636 kB
MemTotal:        1844596 kB
MemFree:          612528 kB
MemAvailable:    1470452 kB
Buffers:           89608 kB
Cached:           791636 kB
MemTotal:        1844596 kB
MemFree:          611724 kB
MemAvailable:    1469648 kB
Buffers:           89608 kB
Cached:           791636 kB
MemTotal:        1844596 kB
MemFree:          612328 kB
MemAvailable:    1470252 kB
Buffers:           89608 kB
Cached:           791636 kB
MemTotal:        1844596 kB
MemFree:          612580 kB
MemAvailable:    1470504 kB
Buffers:           89608 kB
Cached:           791636 kB
MemTotal:        1844596 kB
MemFree:          612372 kB
MemAvailable:    1470296 kB
Buffers:           89608 kB
Cached:           791636 kB
MemTotal:        1844596 kB
MemFree:          612544 kB
MemAvailable:    1470468 kB
Buffers:           89608 kB
Cached:           791636 kB
MemTotal:        1844596 kB
MemFree:          611040 kB
MemAvailable:    1468964 kB
Buffers:           89608 kB
Cached:           791636 kB
MemTotal:        1844596 kB
MemFree:          611172 kB
MemAvailable:    1469096 kB
Buffers:           89608 kB
Cached:           791636 kB
MemTotal:        1844596 kB
MemFree:          611040 kB
MemAvailable:    1468964 kB
Buffers:           89608 kB
Cached:           791636 kB
MemTotal:        1844596 kB
MemFree:          612508 kB
MemAvailable:    1470432 kB
Buffers:           89608 kB
Cached:           791636 kB
MemTotal:        1844596 kB
MemFree:          611324 kB
MemAvailable:    1469248 kB
Buffers:           89608 kB
Cached:           791636 kB
MemTotal:        1844596 kB
MemFree:          612460 kB
MemAvailable:    1470384 kB
Buffers:           89608 kB
Cached:           791636 kB
MemTotal:        1844596 kB
MemFree:          612496 kB
MemAvailable:    1470420 kB
Buffers:           89608 kB
Cached:           791636 kB
MemTotal:        1844596 kB
MemFree:          612424 kB
MemAvailable:    1470348 kB
Buffers:           89608 kB
Cached:           791636 kB
MemTotal:        1844596 kB
MemFree:          612424 kB
MemAvailable:    1470348 kB
Buffers:           89608 kB
Cached:           791636 kB
MemTotal:        1844596 kB
MemFree:          612328 kB
MemAvailable:    1470252 kB
Buffers:           89608 kB
Cached:           791636 kB
MemTotal:        1844596 kB
MemFree:          611972 kB
MemAvailable:    1469896 kB
Buffers:           89608 kB
Cached:           791636 kB
MemTotal:        1844596 kB
MemFree:          611216 kB
MemAvailable:    1469140 kB
Buffers:           89608 kB
Cached:           791636 kB
MemTotal:        1844596 kB
MemFree:          611208 kB
MemAvailable:    1469132 kB
Buffers:           89608 kB
Cached:           791636 kB
MemTotal:        1844596 kB
MemFree:          612468 kB
MemAvailable:    1470392 kB
Buffers:           89608 kB
Cached:           791636 kB
MemTotal:        1844596 kB
MemFree:          612504 kB
MemAvailable:    1470428 kB
Buffers:           89608 kB
Cached:           791636 kB
MemTotal:        1844596 kB
MemFree:          612432 kB
MemAvailable:    1470356 kB
Buffers:           89608 kB
Cached:           791636 kB
MemTotal:        1844596 kB
MemFree:          612684 kB
MemAvailable:    1470608 kB
Buffers:           89608 kB
Cached:           791636 kB
MemTotal:        1844596 kB
MemFree:          612480 kB
MemAvailable:    1470404 kB
Buffers:           89608 kB
Cached:           791636 kB
MemTotal:        1844596 kB
MemFree:          612600 kB
MemAvailable:    1470524 kB
Buffers:           89608 kB
Cached:           791636 kB
MemTotal:        1844596 kB
MemFree:          612328 kB
MemAvailable:    1470252 kB
Buffers:           89608 kB
Cached:           791636 kB
MemTotal:        1844596 kB
MemFree:          612664 kB
MemAvailable:    1470588 kB
Buffers:           89608 kB
Cached:           791636 kB
MemTotal:        1844596 kB
MemFree:          612272 kB
MemAvailable:    1470196 kB
Buffers:           89608 kB
Cached:           791636 kB
MemTotal:        1844596 kB
MemFree:          610924 kB
MemAvailable:    1468848 kB
Buffers:           89608 kB
Cached:           791636 kB
MemTotal:        1844596 kB
MemFree:          612448 kB
MemAvailable:    1470372 kB
Buffers:           89608 kB
Cached:           791636 kB
MemTotal:        1844596 kB
MemFree:          612228 kB
MemAvailable:    1470152 kB
Buffers:           89608 kB
Cached:           791636 kB
MemTotal:        1844596 kB
MemFree:          612264 kB
MemAvailable:    1470188 kB
Buffers:           89608 kB
Cached:           791636 kB
MemTotal:        1844596 kB
MemFree:          611940 kB
MemAvailable:    1469864 kB
Buffers:           89608 kB
Cached:           791636 kB
MemTotal:        1844596 kB
MemFree:          612024 kB
MemAvailable:    1469948 kB
Buffers:           89608 kB
Cached:           791636 kB
MemTotal:        1844596 kB
MemFree:          611600 kB
MemAvailable:    1469524 kB
Buffers:           89608 kB
Cached:           791636 kB
MemTotal:        1844596 kB
MemFree:          610468 kB
MemAvailable:    1468392 kB
Buffers:           89608 kB
Cached:           791636 kB
MemTotal:        1844596 kB
MemFree:          611352 kB
MemAvailable:    1469276 kB
Buffers:           89608 kB
Cached:           791636 kB
MemTotal:        1844596 kB
MemFree:          611392 kB
MemAvailable:    1469316 kB
Buffers:           89608 kB
Cached:           791636 kB
MemTotal:        1844596 kB
MemFree:          611160 kB
MemAvailable:    1469084 kB
Buffers:           89608 kB
Cached:           791636 kB
MemTotal:        1844596 kB
MemFree:          611160 kB
MemAvailable:    1469084 kB
Buffers:           89608 kB
Cached:           791636 kB
MemTotal:        1844596 kB
MemFree:          611180 kB
MemAvailable:    1469104 kB
Buffers:           89608 kB
Cached:           791636 kB
MemTotal:        1844596 kB
MemFree:          611236 kB
MemAvailable:    1469160 kB
Buffers:           89608 kB
Cached:           791636 kB
MemTotal:        1844596 kB
MemFree:          611096 kB
MemAvailable:    1469020 kB
Buffers:           89608 kB
Cached:           791636 kB
MemTotal:        1844596 kB
MemFree:          611432 kB
MemAvailable:    1469356 kB
Buffers:           89608 kB
Cached:           791636 kB
MemTotal:        1844596 kB
MemFree:          611032 kB
MemAvailable:    1468956 kB
Buffers:           89608 kB
Cached:           791636 kB
MemTotal:        1844596 kB
MemFree:          610956 kB
MemAvailable:    1468880 kB
Buffers:           89608 kB
Cached:           791636 kB
MemTotal:        1844596 kB
MemFree:          610732 kB
MemAvailable:    1468656 kB
Buffers:           89608 kB
Cached:           791636 kB
MemTotal:        1844596 kB
MemFree:          610904 kB
MemAvailable:    1468828 kB
Buffers:           89608 kB
Cached:           791636 kB
MemTotal:        1844596 kB
MemFree:          610856 kB
MemAvailable:    1468780 kB
Buffers:           89608 kB
Cached:           791636 kB
MemTotal:        1844596 kB
MemFree:          610120 kB
MemAvailable:    1468044 kB
Buffers:           89608 kB
Cached:           791636 kB
MemTotal:        1844596 kB
MemFree:          611408 kB
MemAvailable:    1469332 kB
Buffers:           89608 kB
Cached:           791636 kB
MemTotal:        1844596 kB
MemFree:          610120 kB
MemAvailable:    1468044 kB
Buffers:           89608 kB
Cached:           791636 kB
MemTotal:        1844596 kB
MemFree:          611272 kB
MemAvailable:    1469196 kB
Buffers:           89608 kB
Cached:           791636 kB
MemTotal:        1844596 kB
MemFree:          609996 kB
MemAvailable:    1467920 kB
Buffers:           89608 kB
Cached:           791636 kB
MemTotal:        1844596 kB
MemFree:          610832 kB
MemAvailable:    1468756 kB
Buffers:           89608 kB
Cached:           791636 kB
MemTotal:        1844596 kB
MemFree:          610908 kB
MemAvailable:    1468832 kB
Buffers:           89608 kB
Cached:           791636 kB
MemTotal:        1844596 kB
MemFree:          610868 kB
MemAvailable:    1468792 kB
Buffers:           89608 kB
Cached:           791636 kB
MemTotal:        1844596 kB
MemFree:          609484 kB
MemAvailable:    1467408 kB
Buffers:           89608 kB
Cached:           791636 kB
MemTotal:        1844596 kB
MemFree:          609468 kB
MemAvailable:    1467392 kB
Buffers:           89608 kB
Cached:           791636 kB
MemTotal:        1844596 kB
MemFree:          610768 kB
MemAvailable:    1468692 kB
Buffers:           89608 kB
Cached:           791636 kB
MemTotal:        1844596 kB
MemFree:          610688 kB
MemAvailable:    1468612 kB
Buffers:           89608 kB
Cached:           791636 kB
MemTotal:        1844596 kB
MemFree:          610608 kB
MemAvailable:    1468532 kB
Buffers:           89608 kB
Cached:           791636 kB
MemTotal:        1844596 kB
MemFree:          608056 kB
MemAvailable:    1465980 kB
Buffers:           89608 kB
Cached:           791636 kB
MemTotal:        1844596 kB
MemFree:          603648 kB
MemAvailable:    1461572 kB
Buffers:           89608 kB
Cached:           791636 kB
MemTotal:        1844596 kB
MemFree:          602788 kB
MemAvailable:    1460712 kB
Buffers:           89608 kB
Cached:           791636 kB
MemTotal:        1844596 kB
MemFree:          600192 kB
MemAvailable:    1458116 kB
Buffers:           89608 kB
Cached:           791636 kB
MemTotal:        1844596 kB
MemFree:          599508 kB
MemAvailable:    1457432 kB
Buffers:           89608 kB
Cached:           791636 kB
MemTotal:        1844596 kB
MemFree:          599392 kB
MemAvailable:    1457316 kB
Buffers:           89608 kB
Cached:           791636 kB
MemTotal:        1844596 kB
MemFree:          599248 kB
MemAvailable:    1457172 kB
Buffers:           89608 kB
Cached:           791636 kB
MemTotal:        1844596 kB
MemFree:          597836 kB
MemAvailable:    1455760 kB
Buffers:           89608 kB
Cached:           791636 kB
MemTotal:        1844596 kB
MemFree:          598564 kB
MemAvailable:    1456488 kB
Buffers:           89608 kB
Cached:           791636 kB
MemTotal:        1844596 kB
MemFree:          598564 kB
MemAvailable:    1456488 kB
Buffers:           89608 kB
Cached:           791636 kB
MemTotal:        1844596 kB
MemFree:          597632 kB
MemAvailable:    1455556 kB
Buffers:           89608 kB
Cached:           791636 kB
MemTotal:        1844596 kB
MemFree:          596456 kB
MemAvailable:    1454380 kB
Buffers:           89608 kB
Cached:           791636 kB
MemTotal:        1844596 kB
MemFree:          595728 kB
MemAvailable:    1453652 kB
Buffers:           89608 kB
Cached:           791636 kB
MemTotal:        1844596 kB
MemFree:          594612 kB
MemAvailable:    1452536 kB
Buffers:           89608 kB
Cached:           791636 kB
MemTotal:        1844596 kB
MemFree:          595780 kB
MemAvailable:    1453716 kB
Buffers:           89608 kB
Cached:           791648 kB
MemTotal:        1844596 kB
MemFree:          594736 kB
MemAvailable:    1452672 kB
Buffers:           89608 kB
Cached:           791648 kB
MemTotal:        1844596 kB
MemFree:          594488 kB
MemAvailable:    1452424 kB
Buffers:           89608 kB
Cached:           791648 kB
MemTotal:        1844596 kB
MemFree:          594440 kB
MemAvailable:    1452376 kB
Buffers:           89608 kB
Cached:           791648 kB
MemTotal:        1844596 kB
MemFree:          595840 kB
MemAvailable:    1453776 kB
Buffers:           89608 kB
Cached:           791648 kB
MemTotal:        1844596 kB
MemFree:          595728 kB
MemAvailable:    1453664 kB
Buffers:           89608 kB
Cached:           791648 kB
MemTotal:        1844596 kB
MemFree:          595772 kB
MemAvailable:    1453708 kB
Buffers:           89608 kB
Cached:           791648 kB
MemTotal:        1844596 kB
MemFree:          594464 kB
MemAvailable:    1452400 kB
Buffers:           89608 kB
Cached:           791648 kB
MemTotal:        1844596 kB
MemFree:          595700 kB
MemAvailable:    1453636 kB
Buffers:           89608 kB
Cached:           791648 kB
MemTotal:        1844596 kB
MemFree:          595952 kB
MemAvailable:    1453888 kB
Buffers:           89608 kB
Cached:           791648 kB
MemTotal:        1844596 kB
MemFree:          595616 kB
MemAvailable:    1453552 kB
Buffers:           89608 kB
Cached:           791648 kB
MemTotal:        1844596 kB
MemFree:          595736 kB
MemAvailable:    1453672 kB
Buffers:           89608 kB
Cached:           791648 kB
MemTotal:        1844596 kB
MemFree:          594860 kB
MemAvailable:    1452796 kB
Buffers:           89608 kB
Cached:           791648 kB
MemTotal:        1844596 kB
MemFree:          595100 kB
MemAvailable:    1453036 kB
Buffers:           89608 kB
Cached:           791648 kB
MemTotal:        1844596 kB
MemFree:          595356 kB
MemAvailable:    1453292 kB
Buffers:           89608 kB
Cached:           791648 kB
MemTotal:        1844596 kB
MemFree:          594116 kB
MemAvailable:    1452052 kB
Buffers:           89608 kB
Cached:           791648 kB
MemTotal:        1844596 kB
MemFree:          592752 kB
MemAvailable:    1450688 kB
Buffers:           89608 kB
Cached:           791648 kB
MemTotal:        1844596 kB
MemFree:          592744 kB
MemAvailable:    1450680 kB
Buffers:           89608 kB
Cached:           791648 kB
MemTotal:        1844596 kB
MemFree:          593596 kB
MemAvailable:    1451532 kB
Buffers:           89608 kB
Cached:           791648 kB
MemTotal:        1844596 kB
MemFree:          593496 kB
MemAvailable:    1451432 kB
Buffers:           89608 kB
Cached:           791648 kB
MemTotal:        1844596 kB
MemFree:          593176 kB
MemAvailable:    1451112 kB
Buffers:           89608 kB
Cached:           791648 kB
MemTotal:        1844596 kB
MemFree:          592124 kB
MemAvailable:    1450060 kB
Buffers:           89608 kB
Cached:           791648 kB
MemTotal:        1844596 kB
MemFree:          591264 kB
MemAvailable:    1449200 kB
Buffers:           89608 kB
Cached:           791648 kB
MemTotal:        1844596 kB
MemFree:          592240 kB
MemAvailable:    1450176 kB
Buffers:           89608 kB
Cached:           791648 kB
MemTotal:        1844596 kB
MemFree:          592240 kB
MemAvailable:    1450176 kB
Buffers:           89608 kB
Cached:           791648 kB
MemTotal:        1844596 kB
MemFree:          592076 kB
MemAvailable:    1450012 kB
Buffers:           89608 kB
Cached:           791648 kB
MemTotal:        1844596 kB
MemFree:          591248 kB
MemAvailable:    1449184 kB
Buffers:           89608 kB
Cached:           791648 kB
MemTotal:        1844596 kB
MemFree:          590716 kB
MemAvailable:    1448652 kB
Buffers:           89608 kB
Cached:           791648 kB
MemTotal:        1844596 kB
MemFree:          591640 kB
MemAvailable:    1449576 kB
Buffers:           89608 kB
Cached:           791648 kB
MemTotal:        1844596 kB
MemFree:          590272 kB
MemAvailable:    1448208 kB
Buffers:           89608 kB
Cached:           791648 kB
MemTotal:        1844596 kB
MemFree:          591548 kB
MemAvailable:    1449484 kB
Buffers:           89608 kB
Cached:           791648 kB
MemTotal:        1844596 kB
MemFree:          591548 kB
MemAvailable:    1449484 kB
Buffers:           89608 kB
Cached:           791648 kB
MemTotal:        1844596 kB
MemFree:          591516 kB
MemAvailable:    1449452 kB
Buffers:           89608 kB
Cached:           791648 kB
MemTotal:        1844596 kB
MemFree:          590204 kB
MemAvailable:    1448140 kB
Buffers:           89608 kB
Cached:           791648 kB
MemTotal:        1844596 kB
MemFree:          590760 kB
MemAvailable:    1448696 kB
Buffers:           89608 kB
Cached:           791648 kB
MemTotal:        1844596 kB
MemFree:          591496 kB
MemAvailable:    1449432 kB
Buffers:           89608 kB
Cached:           791648 kB
MemTotal:        1844596 kB
MemFree:          591512 kB
MemAvailable:    1449448 kB
Buffers:           89608 kB
Cached:           791648 kB
MemTotal:        1844596 kB
MemFree:          591424 kB
MemAvailable:    1449360 kB
Buffers:           89608 kB
Cached:           791648 kB
MemTotal:        1844596 kB
MemFree:          591384 kB
MemAvailable:    1449320 kB
Buffers:           89608 kB
Cached:           791648 kB
MemTotal:        1844596 kB
MemFree:          589952 kB
MemAvailable:    1447888 kB
Buffers:           89608 kB
Cached:           791648 kB
MemTotal:        1844596 kB
MemFree:          591252 kB
MemAvailable:    1449188 kB
Buffers:           89608 kB
Cached:           791648 kB
MemTotal:        1844596 kB
MemFree:          591372 kB
MemAvailable:    1449308 kB
Buffers:           89608 kB
Cached:           791648 kB
MemTotal:        1844596 kB
MemFree:          591168 kB
MemAvailable:    1449104 kB
Buffers:           89608 kB
Cached:           791648 kB
MemTotal:        1844596 kB
MemFree:          591512 kB
MemAvailable:    1449448 kB
Buffers:           89608 kB
Cached:           791648 kB
MemTotal:        1844596 kB
MemFree:          589968 kB
MemAvailable:    1447904 kB
Buffers:           89608 kB
Cached:           791648 kB
MemTotal:        1844596 kB
MemFree:          590220 kB
MemAvailable:    1448156 kB
Buffers:           89608 kB
Cached:           791648 kB
MemTotal:        1844596 kB
MemFree:          591372 kB
MemAvailable:    1449308 kB
Buffers:           89608 kB
Cached:           791648 kB
MemTotal:        1844596 kB
MemFree:          590000 kB
MemAvailable:    1447936 kB
Buffers:           89608 kB
Cached:           791648 kB
MemTotal:        1844596 kB
MemFree:          591300 kB
MemAvailable:    1449236 kB
Buffers:           89608 kB
Cached:           791648 kB
MemTotal:        1844596 kB
MemFree:          591132 kB
MemAvailable:    1449068 kB
Buffers:           89608 kB
Cached:           791648 kB
MemTotal:        1844596 kB
MemFree:          591264 kB
MemAvailable:    1449200 kB
Buffers:           89608 kB
Cached:           791648 kB
MemTotal:        1844596 kB
MemFree:          591636 kB
MemAvailable:    1449580 kB
Buffers:           89608 kB
Cached:           791656 kB
MemTotal:        1844596 kB
MemFree:          590388 kB
MemAvailable:    1448332 kB
Buffers:           89608 kB
Cached:           791656 kB
MemTotal:        1844596 kB
MemFree:          590008 kB
MemAvailable:    1447952 kB
Buffers:           89608 kB
Cached:           791656 kB
MemTotal:        1844596 kB
MemFree:          589900 kB
MemAvailable:    1447844 kB
Buffers:           89608 kB
Cached:           791656 kB
MemTotal:        1844596 kB
MemFree:          589940 kB
MemAvailable:    1447884 kB
Buffers:           89608 kB
Cached:           791656 kB
MemTotal:        1844596 kB
MemFree:          589900 kB
MemAvailable:    1447844 kB
Buffers:           89608 kB
Cached:           791656 kB
MemTotal:        1844596 kB
MemFree:          588636 kB
MemAvailable:    1446580 kB
Buffers:           89608 kB
Cached:           791656 kB
MemTotal:        1844596 kB
MemFree:          588280 kB
MemAvailable:    1446224 kB
Buffers:           89608 kB
Cached:           791656 kB
MemTotal:        1844596 kB
MemFree:          587172 kB
MemAvailable:    1445116 kB
Buffers:           89608 kB
Cached:           791656 kB
MemTotal:        1844596 kB
MemFree:          584752 kB
MemAvailable:    1442696 kB
Buffers:           89608 kB
Cached:           791656 kB
MemTotal:        1844596 kB
MemFree:          581716 kB
MemAvailable:    1439660 kB
Buffers:           89608 kB
Cached:           791656 kB
MemTotal:        1844596 kB
MemFree:          578120 kB
MemAvailable:    1436064 kB
Buffers:           89608 kB
Cached:           791656 kB
MemTotal:        1844596 kB
MemFree:          576220 kB
MemAvailable:    1434164 kB
Buffers:           89608 kB
Cached:           791656 kB
MemTotal:        1844596 kB
MemFree:          571920 kB
MemAvailable:    1429864 kB
Buffers:           89608 kB
Cached:           791656 kB
MemTotal:        1844596 kB
MemFree:          572904 kB
MemAvailable:    1430848 kB
Buffers:           89608 kB
Cached:           791656 kB
MemTotal:        1844596 kB
MemFree:          572796 kB
MemAvailable:    1430740 kB
Buffers:           89608 kB
Cached:           791656 kB
MemTotal:        1844596 kB
MemFree:          571540 kB
MemAvailable:    1429484 kB
Buffers:           89608 kB
Cached:           791656 kB
MemTotal:        1844596 kB
MemFree:          571748 kB
MemAvailable:    1429692 kB
Buffers:           89608 kB
Cached:           791656 kB
MemTotal:        1844596 kB
MemFree:          572980 kB
MemAvailable:    1430924 kB
Buffers:           89608 kB
Cached:           791656 kB
MemTotal:        1844596 kB
MemFree:          572856 kB
MemAvailable:    1430800 kB
Buffers:           89608 kB
Cached:           791656 kB
MemTotal:        1844596 kB
MemFree:          571404 kB
MemAvailable:    1429348 kB
Buffers:           89608 kB
Cached:           791656 kB
MemTotal:        1844596 kB
MemFree:          571396 kB
MemAvailable:    1429340 kB
Buffers:           89608 kB
Cached:           791656 kB
MemTotal:        1844596 kB
MemFree:          571424 kB
MemAvailable:    1429368 kB
Buffers:           89608 kB
Cached:           791656 kB
MemTotal:        1844596 kB
MemFree:          572484 kB
MemAvailable:    1430428 kB
Buffers:           89608 kB
Cached:           791656 kB
MemTotal:        1844596 kB
MemFree:          572484 kB
MemAvailable:    1430428 kB
Buffers:           89608 kB
Cached:           791656 kB
MemTotal:        1844596 kB
MemFree:          572484 kB
MemAvailable:    1430428 kB
Buffers:           89608 kB
Cached:           791656 kB
MemTotal:        1844596 kB
MemFree:          571980 kB
MemAvailable:    1429924 kB
Buffers:           89608 kB
Cached:           791656 kB
MemTotal:        1844596 kB
MemFree:          570424 kB
MemAvailable:    1428368 kB
Buffers:           89608 kB
Cached:           791656 kB
MemTotal:        1844596 kB
MemFree:          571968 kB
MemAvailable:    1429912 kB
Buffers:           89608 kB
Cached:           791656 kB
MemTotal:        1844596 kB
MemFree:          571864 kB
MemAvailable:    1429808 kB
Buffers:           89608 kB
Cached:           791656 kB
MemTotal:        1844596 kB
MemFree:          570544 kB
MemAvailable:    1428488 kB
Buffers:           89608 kB
Cached:           791656 kB
MemTotal:        1844596 kB
MemFree:          570660 kB
MemAvailable:    1428604 kB
Buffers:           89608 kB
Cached:           791656 kB
MemTotal:        1844596 kB
MemFree:          570544 kB
MemAvailable:    1428488 kB
Buffers:           89608 kB
Cached:           791656 kB
MemTotal:        1844596 kB
MemFree:          571728 kB
MemAvailable:    1429672 kB
Buffers:           89608 kB
Cached:           791656 kB
MemTotal:        1844596 kB
MemFree:          571796 kB
MemAvailable:    1429740 kB
Buffers:           89608 kB
Cached:           791656 kB
MemTotal:        1844596 kB
MemFree:          571784 kB
MemAvailable:    1429728 kB
Buffers:           89608 kB
Cached:           791656 kB
MemTotal:        1844596 kB
MemFree:          571796 kB
MemAvailable:    1429740 kB
Buffers:           89608 kB
Cached:           791656 kB
MemTotal:        1844596 kB
MemFree:          570928 kB
MemAvailable:    1428872 kB
Buffers:           89608 kB
Cached:           791656 kB
MemTotal:        1844596 kB
MemFree:          571712 kB
MemAvailable:    1429656 kB
Buffers:           89608 kB
Cached:           791656 kB
MemTotal:        1844596 kB
MemFree:          570496 kB
MemAvailable:    1428440 kB
Buffers:           89608 kB
Cached:           791656 kB
MemTotal:        1844596 kB
MemFree:          571672 kB
MemAvailable:    1429616 kB
Buffers:           89608 kB
Cached:           791656 kB
MemTotal:        1844596 kB
MemFree:          570488 kB
MemAvailable:    1428432 kB
Buffers:           89608 kB
Cached:           791656 kB
MemTotal:        1844596 kB
MemFree:          571852 kB
MemAvailable:    1429796 kB
Buffers:           89608 kB
Cached:           791656 kB
MemTotal:        1844596 kB
MemFree:          571724 kB
MemAvailable:    1429668 kB
Buffers:           89608 kB
Cached:           791656 kB
MemTotal:        1844596 kB
MemFree:          571976 kB
MemAvailable:    1429920 kB
Buffers:           89608 kB
Cached:           791656 kB
MemTotal:        1844596 kB
MemFree:          570424 kB
MemAvailable:    1428368 kB
Buffers:           89608 kB
Cached:           791656 kB
MemTotal:        1844596 kB
MemFree:          566712 kB
MemAvailable:    1424656 kB
Buffers:           89608 kB
Cached:           791656 kB
MemTotal:        1844596 kB
MemFree:          564544 kB
MemAvailable:    1422488 kB
Buffers:           89608 kB
Cached:           791656 kB
MemTotal:        1844596 kB
MemFree:          560884 kB
MemAvailable:    1418828 kB
Buffers:           89608 kB
Cached:           791656 kB
MemTotal:        1844596 kB
MemFree:          558828 kB
MemAvailable:    1416772 kB
Buffers:           89608 kB
Cached:           791656 kB
MemTotal:        1844596 kB
MemFree:          554916 kB
MemAvailable:    1412860 kB
Buffers:           89608 kB
Cached:           791656 kB
MemTotal:        1844596 kB
MemFree:          554916 kB
MemAvailable:    1412860 kB
Buffers:           89608 kB
Cached:           791656 kB
MemTotal:        1844596 kB
MemFree:          553752 kB
MemAvailable:    1411696 kB
Buffers:           89608 kB
Cached:           791656 kB
MemTotal:        1844596 kB
MemFree:          552568 kB
MemAvailable:    1410512 kB
Buffers:           89608 kB
Cached:           791656 kB
MemTotal:        1844596 kB
MemFree:          553620 kB
MemAvailable:    1411564 kB
Buffers:           89608 kB
Cached:           791656 kB
MemTotal:        1844596 kB
MemFree:          552560 kB
MemAvailable:    1410504 kB
Buffers:           89608 kB
Cached:           791656 kB
MemTotal:        1844596 kB
MemFree:          552272 kB
MemAvailable:    1410216 kB
Buffers:           89608 kB
Cached:           791656 kB
MemTotal:        1844596 kB
MemFree:          553548 kB
MemAvailable:    1411492 kB
Buffers:           89608 kB
Cached:           791656 kB
MemTotal:        1844596 kB
MemFree:          553632 kB
MemAvailable:    1411576 kB
Buffers:           89608 kB
Cached:           791656 kB
MemTotal:        1844596 kB
MemFree:          552196 kB
MemAvailable:    1410140 kB
Buffers:           89608 kB
Cached:           791656 kB
MemTotal:        1844596 kB
MemFree:          553708 kB
MemAvailable:    1411652 kB
Buffers:           89608 kB
Cached:           791656 kB
MemTotal:        1844596 kB
MemFree:          552316 kB
MemAvailable:    1410260 kB
Buffers:           89608 kB
Cached:           791656 kB
MemTotal:        1844596 kB
MemFree:          552144 kB
MemAvailable:    1410088 kB
Buffers:           89608 kB
Cached:           791656 kB
MemTotal:        1844596 kB
MemFree:          553668 kB
MemAvailable:    1411612 kB
Buffers:           89608 kB
Cached:           791656 kB
MemTotal:        1844596 kB
MemFree:          552172 kB
MemAvailable:    1410116 kB
Buffers:           89608 kB
Cached:           791656 kB
MemTotal:        1844596 kB
MemFree:          553480 kB
MemAvailable:    1411424 kB
Buffers:           89608 kB
Cached:           791656 kB
MemTotal:        1844596 kB
MemFree:          552304 kB
MemAvailable:    1410248 kB
Buffers:           89608 kB
Cached:           791656 kB
MemTotal:        1844596 kB
MemFree:          553544 kB
MemAvailable:    1411488 kB
Buffers:           89608 kB
Cached:           791656 kB
MemTotal:        1844596 kB
MemFree:          552700 kB
MemAvailable:    1410644 kB
Buffers:           89608 kB
Cached:           791656 kB
MemTotal:        1844596 kB
MemFree:          553396 kB
MemAvailable:    1411344 kB
Buffers:           89608 kB
Cached:           791660 kB
MemTotal:        1844596 kB
MemFree:          553452 kB
MemAvailable:    1411400 kB
Buffers:           89608 kB
Cached:           791660 kB
MemTotal:        1844596 kB
MemFree:          553568 kB
MemAvailable:    1411516 kB
Buffers:           89608 kB
Cached:           791660 kB
MemTotal:        1844596 kB
MemFree:          552832 kB
MemAvailable:    1410780 kB
Buffers:           89608 kB
Cached:           791660 kB
MemTotal:        1844596 kB
MemFree:          553428 kB
MemAvailable:    1411376 kB
Buffers:           89608 kB
Cached:           791660 kB
MemTotal:        1844596 kB
MemFree:          553196 kB
MemAvailable:    1411144 kB
Buffers:           89608 kB
Cached:           791660 kB
MemTotal:        1844596 kB
MemFree:          553356 kB
MemAvailable:    1411304 kB
Buffers:           89608 kB
Cached:           791660 kB
MemTotal:        1844596 kB
MemFree:          552188 kB
MemAvailable:    1410136 kB
Buffers:           89608 kB
Cached:           791660 kB
MemTotal:        1844596 kB
MemFree:          553428 kB
MemAvailable:    1411376 kB
Buffers:           89608 kB
Cached:           791660 kB
MemTotal:        1844596 kB
MemFree:          553080 kB
MemAvailable:    1411028 kB
Buffers:           89608 kB
Cached:           791660 kB
MemTotal:        1844596 kB
MemFree:          553332 kB
MemAvailable:    1411280 kB
Buffers:           89608 kB
Cached:           791660 kB
MemTotal:        1844596 kB
MemFree:          552156 kB
MemAvailable:    1410104 kB
Buffers:           89608 kB
Cached:           791660 kB
MemTotal:        1844596 kB
MemFree:          552404 kB
MemAvailable:    1410352 kB
Buffers:           89608 kB
Cached:           791660 kB
MemTotal:        1844596 kB
MemFree:          552280 kB
MemAvailable:    1410228 kB
Buffers:           89608 kB
Cached:           791660 kB
MemTotal:        1844596 kB
MemFree:          553456 kB
MemAvailable:    1411404 kB
Buffers:           89608 kB
Cached:           791660 kB
MemTotal:        1844596 kB
MemFree:          552708 kB
MemAvailable:    1410656 kB
Buffers:           89608 kB
Cached:           791660 kB
MemTotal:        1844596 kB
MemFree:          552204 kB
MemAvailable:    1410152 kB
Buffers:           89608 kB
Cached:           791660 kB
MemTotal:        1844596 kB
MemFree:          552328 kB
MemAvailable:    1410276 kB
Buffers:           89608 kB
Cached:           791660 kB
MemTotal:        1844596 kB
MemFree:          551832 kB
MemAvailable:    1409780 kB
Buffers:           89608 kB
Cached:           791660 kB
MemTotal:        1844596 kB
MemFree:          547120 kB
MemAvailable:    1405068 kB
Buffers:           89608 kB
Cached:           791660 kB
MemTotal:        1844596 kB
MemFree:          544260 kB
MemAvailable:    1402208 kB
Buffers:           89608 kB
Cached:           791660 kB
MemTotal:        1844596 kB
MemFree:          541672 kB
MemAvailable:    1399620 kB
Buffers:           89608 kB
Cached:           791660 kB
MemTotal:        1844596 kB
MemFree:          535092 kB
MemAvailable:    1393040 kB
Buffers:           89608 kB
Cached:           791660 kB
MemTotal:        1844596 kB
MemFree:          535216 kB
MemAvailable:    1393164 kB
Buffers:           89608 kB
Cached:           791660 kB
MemTotal:        1844596 kB
MemFree:          536392 kB
MemAvailable:    1394348 kB
Buffers:           89608 kB
Cached:           791668 kB
MemTotal:        1844596 kB
MemFree:          535200 kB
MemAvailable:    1393156 kB
Buffers:           89608 kB
Cached:           791668 kB
MemTotal:        1844596 kB
MemFree:          535284 kB
MemAvailable:    1393240 kB
Buffers:           89608 kB
Cached:           791668 kB
MemTotal:        1844596 kB
MemFree:          533796 kB
MemAvailable:    1391752 kB
Buffers:           89608 kB
Cached:           791668 kB
MemTotal:        1844596 kB
MemFree:          533792 kB
MemAvailable:    1391748 kB
Buffers:           89608 kB
Cached:           791668 kB
MemTotal:        1844596 kB
MemFree:          533784 kB
MemAvailable:    1391740 kB
Buffers:           89608 kB
Cached:           791668 kB
MemTotal:        1844596 kB
MemFree:          533784 kB
MemAvailable:    1391740 kB
Buffers:           89608 kB
Cached:           791668 kB
MemTotal:        1844596 kB
MemFree:          534780 kB
MemAvailable:    1392736 kB
Buffers:           89608 kB
Cached:           791668 kB
MemTotal:        1844596 kB
MemFree:          533604 kB
MemAvailable:    1391560 kB
Buffers:           89608 kB
Cached:           791668 kB
MemTotal:        1844596 kB
MemFree:          534312 kB
MemAvailable:    1392268 kB
Buffers:           89608 kB
Cached:           791668 kB
MemTotal:        1844596 kB
MemFree:          534648 kB
MemAvailable:    1392604 kB
Buffers:           89608 kB
Cached:           791668 kB
MemTotal:        1844596 kB
MemFree:          534632 kB
MemAvailable:    1392588 kB
Buffers:           89608 kB
Cached:           791668 kB
MemTotal:        1844596 kB
MemFree:          533232 kB
MemAvailable:    1391188 kB
Buffers:           89608 kB
Cached:           791668 kB
MemTotal:        1844596 kB
MemFree:          533712 kB
MemAvailable:    1391668 kB
Buffers:           89608 kB
Cached:           791668 kB
MemTotal:        1844596 kB
MemFree:          534048 kB
MemAvailable:    1392004 kB
Buffers:           89608 kB
Cached:           791668 kB
MemTotal:        1844596 kB
MemFree:          532852 kB
MemAvailable:    1390808 kB
Buffers:           89608 kB
Cached:           791668 kB
MemTotal:        1844596 kB
MemFree:          532620 kB
MemAvailable:    1390576 kB
Buffers:           89608 kB
Cached:           791668 kB
MemTotal:        1844596 kB
MemFree:          532416 kB
MemAvailable:    1390372 kB
Buffers:           89608 kB
Cached:           791668 kB
MemTotal:        1844596 kB
MemFree:          531124 kB
MemAvailable:    1389080 kB
Buffers:           89608 kB
Cached:           791668 kB
MemTotal:        1844596 kB
MemFree:          530504 kB
MemAvailable:    1388460 kB
Buffers:           89608 kB
Cached:           791668 kB
MemTotal:        1844596 kB
MemFree:          530240 kB
MemAvailable:    1388196 kB
Buffers:           89608 kB
Cached:           791668 kB
MemTotal:        1844596 kB
MemFree:          530576 kB
MemAvailable:    1388532 kB
Buffers:           89608 kB
Cached:           791668 kB
MemTotal:        1844596 kB
MemFree:          529016 kB
MemAvailable:    1386972 kB
Buffers:           89608 kB
Cached:           791668 kB
MemTotal:        1844596 kB
MemFree:          528968 kB
MemAvailable:    1386924 kB
Buffers:           89608 kB
Cached:           791668 kB
MemTotal:        1844596 kB
MemFree:          528824 kB
MemAvailable:    1386780 kB
Buffers:           89608 kB
Cached:           791668 kB
MemTotal:        1844596 kB
MemFree:          529076 kB
MemAvailable:    1387032 kB
Buffers:           89608 kB
Cached:           791668 kB
MemTotal:        1844596 kB
MemFree:          529004 kB
MemAvailable:    1386960 kB
Buffers:           89608 kB
Cached:           791668 kB
MemTotal:        1844596 kB
MemFree:          529016 kB
MemAvailable:    1386972 kB
Buffers:           89608 kB
Cached:           791668 kB
MemTotal:        1844596 kB
MemFree:          528140 kB
MemAvailable:    1386096 kB
Buffers:           89608 kB
Cached:           791668 kB
MemTotal:        1844596 kB
MemFree:          529264 kB
MemAvailable:    1387220 kB
Buffers:           89608 kB
Cached:           791668 kB
MemTotal:        1844596 kB
MemFree:          528148 kB
MemAvailable:    1386104 kB
Buffers:           89608 kB
Cached:           791668 kB
MemTotal:        1844596 kB
MemFree:          528480 kB
MemAvailable:    1386436 kB
Buffers:           89608 kB
Cached:           791668 kB
MemTotal:        1844596 kB
MemFree:          526908 kB
MemAvailable:    1384864 kB
Buffers:           89608 kB
Cached:           791668 kB
MemTotal:        1844596 kB
MemFree:          527528 kB
MemAvailable:    1385484 kB
Buffers:           89608 kB
Cached:           791668 kB
MemTotal:        1844596 kB
MemFree:          526164 kB
MemAvailable:    1384120 kB
Buffers:           89608 kB
Cached:           791668 kB
MemTotal:        1844596 kB
MemFree:          527488 kB
MemAvailable:    1385444 kB
Buffers:           89608 kB
Cached:           791668 kB
MemTotal:        1844596 kB
MemFree:          526164 kB
MemAvailable:    1384120 kB
Buffers:           89608 kB
Cached:           791668 kB
MemTotal:        1844596 kB
MemFree:          527272 kB
MemAvailable:    1385228 kB
Buffers:           89608 kB
Cached:           791668 kB
MemTotal:        1844596 kB
MemFree:          527148 kB
MemAvailable:    1385104 kB
Buffers:           89608 kB
Cached:           791668 kB
MemTotal:        1844596 kB
MemFree:          527264 kB
MemAvailable:    1385220 kB
Buffers:           89608 kB
Cached:           791668 kB
MemTotal:        1844596 kB
MemFree:          526240 kB
MemAvailable:    1384196 kB
Buffers:           89608 kB
Cached:           791668 kB
MemTotal:        1844596 kB
MemFree:          527332 kB
MemAvailable:    1385288 kB
Buffers:           89608 kB
Cached:           791668 kB
MemTotal:        1844596 kB
MemFree:          527460 kB
MemAvailable:    1385416 kB
Buffers:           89608 kB
Cached:           791668 kB
MemTotal:        1844596 kB
MemFree:          527348 kB
MemAvailable:    1385304 kB
Buffers:           89608 kB
Cached:           791668 kB
MemTotal:        1844596 kB
MemFree:          527212 kB
MemAvailable:    1385168 kB
Buffers:           89608 kB
Cached:           791668 kB
MemTotal:        1844596 kB
MemFree:          527032 kB
MemAvailable:    1384988 kB
Buffers:           89608 kB
Cached:           791668 kB
MemTotal:        1844596 kB
MemFree:          527224 kB
MemAvailable:    1385180 kB
Buffers:           89608 kB
Cached:           791668 kB
MemTotal:        1844596 kB
MemFree:          525880 kB
MemAvailable:    1383836 kB
Buffers:           89608 kB
Cached:           791668 kB
MemTotal:        1844596 kB
MemFree:          526228 kB
MemAvailable:    1384184 kB
Buffers:           89608 kB
Cached:           791668 kB
MemTotal:        1844596 kB
MemFree:          527208 kB
MemAvailable:    1385164 kB
Buffers:           89608 kB
Cached:           791668 kB
MemTotal:        1844596 kB
MemFree:          527376 kB
MemAvailable:    1385332 kB
Buffers:           89608 kB
Cached:           791668 kB
MemTotal:        1844596 kB
MemFree:          527216 kB
MemAvailable:    1385172 kB
Buffers:           89608 kB
Cached:           791668 kB
MemTotal:        1844596 kB
MemFree:          527552 kB
MemAvailable:    1385508 kB
Buffers:           89608 kB
Cached:           791668 kB
MemTotal:        1844596 kB
MemFree:          527476 kB
MemAvailable:    1385432 kB
Buffers:           89608 kB
Cached:           791668 kB
MemTotal:        1844596 kB
MemFree:          527596 kB
MemAvailable:    1385552 kB
Buffers:           89608 kB
Cached:           791668 kB
MemTotal:        1844596 kB
MemFree:          526784 kB
MemAvailable:    1384740 kB
Buffers:           89608 kB
Cached:           791668 kB
MemTotal:        1844596 kB
MemFree:          527476 kB
MemAvailable:    1385432 kB
Buffers:           89608 kB
Cached:           791668 kB
MemTotal:        1844596 kB
MemFree:          527264 kB
MemAvailable:    1385220 kB
Buffers:           89608 kB
Cached:           791668 kB
MemTotal:        1844596 kB
MemFree:          527264 kB
MemAvailable:    1385220 kB
Buffers:           89608 kB
Cached:           791668 kB
MemTotal:        1844596 kB
MemFree:          526276 kB
MemAvailable:    1384232 kB
Buffers:           89608 kB
Cached:           791668 kB
MemTotal:        1844596 kB
MemFree:          527676 kB
MemAvailable:    1385632 kB
Buffers:           89608 kB
Cached:           791668 kB
MemTotal:        1844596 kB
MemFree:          526660 kB
MemAvailable:    1384616 kB
Buffers:           89608 kB
Cached:           791668 kB
MemTotal:        1844596 kB
MemFree:          527232 kB
MemAvailable:    1385192 kB
Buffers:           89608 kB
Cached:           791672 kB
MemTotal:        1844596 kB
MemFree:          527568 kB
MemAvailable:    1385528 kB
Buffers:           89608 kB
Cached:           791672 kB
MemTotal:        1844596 kB
MemFree:          527396 kB
MemAvailable:    1385356 kB
Buffers:           89608 kB
Cached:           791672 kB
MemTotal:        1844596 kB
MemFree:          527648 kB
MemAvailable:    1385608 kB
Buffers:           89608 kB
Cached:           791672 kB
MemTotal:        1844596 kB
MemFree:          526544 kB
MemAvailable:    1384504 kB
Buffers:           89608 kB
Cached:           791672 kB
MemTotal:        1844596 kB
MemFree:          527720 kB
MemAvailable:    1385680 kB
Buffers:           89608 kB
Cached:           791672 kB
MemTotal:        1844596 kB
MemFree:          526288 kB
MemAvailable:    1384248 kB
Buffers:           89608 kB
Cached:           791672 kB
MemTotal:        1844596 kB
MemFree:          527348 kB
MemAvailable:    1385308 kB
Buffers:           89608 kB
Cached:           791672 kB
MemTotal:        1844596 kB
MemFree:          527604 kB
MemAvailable:    1385564 kB
Buffers:           89608 kB
Cached:           791672 kB
MemTotal:        1844596 kB
MemFree:          526276 kB
MemAvailable:    1384236 kB
Buffers:           89608 kB
Cached:           791672 kB
MemTotal:        1844596 kB
MemFree:          526276 kB
MemAvailable:    1384236 kB
Buffers:           89608 kB
Cached:           791672 kB
MemTotal:        1844596 kB
MemFree:          526156 kB
MemAvailable:    1384116 kB
Buffers:           89608 kB
Cached:           791672 kB
MemTotal:        1844596 kB
MemFree:          526240 kB
MemAvailable:    1384200 kB
Buffers:           89608 kB
Cached:           791672 kB
MemTotal:        1844596 kB
MemFree:          527276 kB
MemAvailable:    1385240 kB
Buffers:           89608 kB
Cached:           791676 kB
MemTotal:        1844596 kB
MemFree:          524172 kB
MemAvailable:    1382136 kB
Buffers:           89608 kB
Cached:           791676 kB
MemTotal:        1844596 kB
MemFree:          524256 kB
MemAvailable:    1382220 kB
Buffers:           89608 kB
Cached:           791676 kB
MemTotal:        1844596 kB
MemFree:          520088 kB
MemAvailable:    1378052 kB
Buffers:           89608 kB
Cached:           791676 kB
MemTotal:        1844596 kB
MemFree:          516368 kB
MemAvailable:    1374332 kB
Buffers:           89608 kB
Cached:           791676 kB
MemTotal:        1844596 kB
MemFree:          514632 kB
MemAvailable:    1372596 kB
Buffers:           89608 kB
Cached:           791676 kB
MemTotal:        1844596 kB
MemFree:          509540 kB
MemAvailable:    1367504 kB
Buffers:           89608 kB
Cached:           791676 kB
MemTotal:        1844596 kB
MemFree:          509540 kB
MemAvailable:    1367504 kB
Buffers:           89608 kB
Cached:           791676 kB
MemTotal:        1844596 kB
MemFree:          507068 kB
MemAvailable:    1365032 kB
Buffers:           89608 kB
Cached:           791676 kB
MemTotal:        1844596 kB
MemFree:          507068 kB
MemAvailable:    1365032 kB
Buffers:           89608 kB
Cached:           791676 kB
MemTotal:        1844596 kB
MemFree:          507068 kB
MemAvailable:    1365032 kB
Buffers:           89608 kB
Cached:           791676 kB
MemTotal:        1844596 kB
MemFree:          507068 kB
MemAvailable:    1365032 kB
Buffers:           89608 kB
Cached:           791676 kB
MemTotal:        1844596 kB
MemFree:          508360 kB
MemAvailable:    1366324 kB
Buffers:           89608 kB
Cached:           791676 kB
MemTotal:        1844596 kB
MemFree:          507068 kB
MemAvailable:    1365032 kB
Buffers:           89608 kB
Cached:           791676 kB
MemTotal:        1844596 kB
MemFree:          508308 kB
MemAvailable:    1366272 kB
Buffers:           89608 kB
Cached:           791676 kB
MemTotal:        1844596 kB
MemFree:          508044 kB
MemAvailable:    1366008 kB
Buffers:           89608 kB
Cached:           791676 kB
MemTotal:        1844596 kB
MemFree:          508044 kB
MemAvailable:    1366008 kB
Buffers:           89608 kB
Cached:           791676 kB
MemTotal:        1844596 kB
MemFree:          506884 kB
MemAvailable:    1364848 kB
Buffers:           89608 kB
Cached:           791676 kB
MemTotal:        1844596 kB
MemFree:          508036 kB
MemAvailable:    1366000 kB
Buffers:           89608 kB
Cached:           791676 kB
MemTotal:        1844596 kB
MemFree:          508120 kB
MemAvailable:    1366084 kB
Buffers:           89608 kB
Cached:           791676 kB
MemTotal:        1844596 kB
MemFree:          507740 kB
MemAvailable:    1365704 kB
Buffers:           89608 kB
Cached:           791676 kB
MemTotal:        1844596 kB
MemFree:          507644 kB
MemAvailable:    1365608 kB
Buffers:           89608 kB
Cached:           791676 kB
MemTotal:        1844596 kB
MemFree:          507644 kB
MemAvailable:    1365608 kB
Buffers:           89608 kB
Cached:           791676 kB
MemTotal:        1844596 kB
MemFree:          507616 kB
MemAvailable:    1365580 kB
Buffers:           89608 kB
Cached:           791676 kB
MemTotal:        1844596 kB
MemFree:          506440 kB
MemAvailable:    1364404 kB
Buffers:           89608 kB
Cached:           791676 kB
MemTotal:        1844596 kB
MemFree:          507692 kB
MemAvailable:    1365656 kB
Buffers:           89608 kB
Cached:           791676 kB
MemTotal:        1844596 kB
MemFree:          507736 kB
MemAvailable:    1365700 kB
Buffers:           89608 kB
Cached:           791676 kB
MemTotal:        1844596 kB
MemFree:          507816 kB
MemAvailable:    1365780 kB
Buffers:           89608 kB
Cached:           791676 kB
MemTotal:        1844596 kB
MemFree:          506256 kB
MemAvailable:    1364220 kB
Buffers:           89608 kB
Cached:           791676 kB
MemTotal:        1844596 kB
MemFree:          507724 kB
MemAvailable:    1365688 kB
Buffers:           89608 kB
Cached:           791676 kB
MemTotal:        1844596 kB
MemFree:          507620 kB
MemAvailable:    1365584 kB
Buffers:           89608 kB
Cached:           791676 kB
MemTotal:        1844596 kB
MemFree:          506820 kB
MemAvailable:    1364784 kB
Buffers:           89608 kB
Cached:           791676 kB
MemTotal:        1844596 kB
MemFree:          505572 kB
MemAvailable:    1363536 kB
Buffers:           89608 kB
Cached:           791676 kB
MemTotal:        1844596 kB
MemFree:          499504 kB
MemAvailable:    1357468 kB
Buffers:           89608 kB
Cached:           791676 kB
MemTotal:        1844596 kB
MemFree:          497256 kB
MemAvailable:    1355220 kB
Buffers:           89608 kB
Cached:           791676 kB
MemTotal:        1844596 kB
MemFree:          497944 kB
MemAvailable:    1355908 kB
Buffers:           89608 kB
Cached:           791676 kB
MemTotal:        1844596 kB
MemFree:          496884 kB
MemAvailable:    1354848 kB
Buffers:           89608 kB
Cached:           791676 kB
MemTotal:        1844596 kB
MemFree:          496636 kB
MemAvailable:    1354600 kB
Buffers:           89608 kB
Cached:           791676 kB
MemTotal:        1844596 kB
MemFree:          494288 kB
MemAvailable:    1352252 kB
Buffers:           89608 kB
Cached:           791676 kB
MemTotal:        1844596 kB
MemFree:          495620 kB
MemAvailable:    1353584 kB
Buffers:           89608 kB
Cached:           791676 kB
MemTotal:        1844596 kB
MemFree:          494544 kB
MemAvailable:    1352508 kB
Buffers:           89608 kB
Cached:           791676 kB
MemTotal:        1844596 kB
MemFree:          495316 kB
MemAvailable:    1353284 kB
Buffers:           89608 kB
Cached:           791680 kB
MemTotal:        1844596 kB
MemFree:          495660 kB
MemAvailable:    1353628 kB
Buffers:           89608 kB
Cached:           791680 kB
MemTotal:        1844596 kB
MemFree:          494156 kB
MemAvailable:    1352124 kB
Buffers:           89608 kB
Cached:           791680 kB
MemTotal:        1844596 kB
MemFree:          495024 kB
MemAvailable:    1353076 kB
Buffers:           89608 kB
Cached:           791804 kB
MemTotal:        1844596 kB
MemFree:          494916 kB
MemAvailable:    1352968 kB
Buffers:           89608 kB
Cached:           791804 kB
MemTotal:        1844596 kB
MemFree:          494596 kB
MemAvailable:    1352816 kB
Buffers:           89608 kB
Cached:           791928 kB
MemTotal:        1844596 kB
MemFree:          494932 kB
MemAvailable:    1353152 kB
Buffers:           89608 kB
Cached:           791928 kB
MemTotal:        1844596 kB
MemFree:          494464 kB
MemAvailable:    1352936 kB
Buffers:           89608 kB
Cached:           792176 kB
MemTotal:        1844596 kB
MemFree:          494464 kB
MemAvailable:    1352936 kB
Buffers:           89608 kB
Cached:           792176 kB
MemTotal:        1844596 kB
MemFree:          494364 kB
MemAvailable:    1352920 kB
Buffers:           89608 kB
Cached:           792176 kB
MemTotal:        1844596 kB
MemFree:          493152 kB
MemAvailable:    1351708 kB
Buffers:           89608 kB
Cached:           792176 kB
MemTotal:        1844596 kB
MemFree:          493160 kB
MemAvailable:    1351716 kB
Buffers:           89608 kB
Cached:           792300 kB
MemTotal:        1844596 kB
MemFree:          494260 kB
MemAvailable:    1352816 kB
Buffers:           89608 kB
Cached:           792300 kB
MemTotal:        1844596 kB
MemFree:          494260 kB
MemAvailable:    1352816 kB
Buffers:           89608 kB
Cached:           792300 kB
MemTotal:        1844596 kB
MemFree:          494108 kB
MemAvailable:    1352664 kB
Buffers:           89608 kB
Cached:           792300 kB
MemTotal:        1844596 kB
MemFree:          494444 kB
MemAvailable:    1353000 kB
Buffers:           89608 kB
Cached:           792300 kB
MemTotal:        1844596 kB
MemFree:          492856 kB
MemAvailable:    1351496 kB
Buffers:           89608 kB
Cached:           792424 kB
MemTotal:        1844596 kB
MemFree:          492860 kB
MemAvailable:    1351500 kB
Buffers:           89608 kB
Cached:           792548 kB
MemTotal:        1844596 kB
MemFree:          493768 kB
MemAvailable:    1351736 kB
Buffers:           89608 kB
Cached:           791708 kB
MemTotal:        1844596 kB
MemFree:          494104 kB
MemAvailable:    1352072 kB
Buffers:           89608 kB
Cached:           791708 kB
MemTotal:        1844596 kB
MemFree:          621224 kB
MemAvailable:    1479192 kB
Buffers:           89608 kB
Cached:           791708 kB
MemTotal:        1844596 kB
MemFree:          689504 kB
MemAvailable:    1547472 kB
Buffers:           89608 kB
Cached:           791708 kB
