MemTotal:        1844596 kB
MemFree:          269772 kB
MemAvailable:    1544516 kB
Buffers:          103224 kB
Cached:          1188888 kB
MemTotal:        1844596 kB
MemFree:          243368 kB
MemAvailable:    1518116 kB
Buffers:          103224 kB
Cached:          1188892 kB
MemTotal:        1844596 kB
MemFree:          241508 kB
MemAvailable:    1516256 kB
Buffers:          103224 kB
Cached:          1188892 kB
MemTotal:        1844596 kB
MemFree:          241340 kB
MemAvailable:    1516088 kB
Buffers:          103224 kB
Cached:          1188892 kB
MemTotal:        1844596 kB
MemFree:          239532 kB
MemAvailable:    1514280 kB
Buffers:          103224 kB
Cached:          1188892 kB
MemTotal:        1844596 kB
MemFree:          237796 kB
MemAvailable:    1512544 kB
Buffers:          103224 kB
Cached:          1188892 kB
MemTotal:        1844596 kB
MemFree:          237052 kB
MemAvailable:    1511800 kB
Buffers:          103224 kB
Cached:          1188892 kB
MemTotal:        1844596 kB
MemFree:          234324 kB
MemAvailable:    1509072 kB
Buffers:          103224 kB
Cached:          1188892 kB
MemTotal:        1844596 kB
MemFree:          231596 kB
MemAvailable:    1506344 kB
Buffers:          103224 kB
Cached:          1188892 kB
MemTotal:        1844596 kB
MemFree:          230232 kB
MemAvailable:    1504980 kB
Buffers:          103224 kB
Cached:          1188892 kB
MemTotal:        1844596 kB
MemFree:          228824 kB
MemAvailable:    1503572 kB
Buffers:          103224 kB
Cached:          1188892 kB
MemTotal:        1844596 kB
MemFree:          228992 kB
MemAvailable:    1503740 kB
Buffers:          103224 kB
Cached:          1188892 kB
MemTotal:        1844596 kB
MemFree:          229984 kB
MemAvailable:    1504732 kB
Buffers:          103224 kB
Cached:          1188892 kB
MemTotal:        1844596 kB
MemFree:          228952 kB
MemAvailable:    1503700 kB
Buffers:          103224 kB
Cached:          1188892 kB
MemTotal:        1844596 kB
MemFree:          230020 kB
MemAvailable:    1504768 kB
Buffers:          103224 kB
Cached:          1188892 kB
MemTotal:        1844596 kB
MemFree:          228860 kB
MemAvailable:    1503608 kB
Buffers:          103224 kB
Cached:          1188892 kB
MemTotal:        1844596 kB
MemFree:          229416 kB
MemAvailable:    1504164 kB
Buffers:          103224 kB
Cached:          1188892 kB
MemTotal:        1844596 kB
MemFree:          229752 kB
MemAvailable:    1504500 kB
Buffers:          103224 kB
Cached:          1188892 kB
MemTotal:        1844596 kB
MemFree:          228176 kB
MemAvailable:    1502924 kB
Buffers:          103224 kB
Cached:          1188892 kB
MemTotal:        1844596 kB
MemFree:          228336 kB
MemAvailable:    1503084 kB
Buffers:          103224 kB
Cached:          1188892 kB
MemTotal:        1844596 kB
MemFree:          228212 kB
MemAvailable:    1502960 kB
Buffers:          103224 kB
Cached:          1188892 kB
MemTotal:        1844596 kB
MemFree:          228212 kB
MemAvailable:    1502960 kB
Buffers:          103224 kB
Cached:          1188892 kB
MemTotal:        1844596 kB
MemFree:          228928 kB
MemAvailable:    1503676 kB
Buffers:          103224 kB
Cached:          1188892 kB
MemTotal:        1844596 kB
MemFree:          227356 kB
MemAvailable:    1502104 kB
Buffers:          103224 kB
Cached:          1188892 kB
MemTotal:        1844596 kB
MemFree:          228556 kB
MemAvailable:    1503304 kB
Buffers:          103224 kB
Cached:          1188892 kB
MemTotal:        1844596 kB
MemFree:          228804 kB
MemAvailable:    1503552 kB
Buffers:          103224 kB
Cached:          1188892 kB
MemTotal:        1844596 kB
MemFree:          227984 kB
MemAvailable:    1502732 kB
Buffers:          103224 kB
Cached:          1188892 kB
MemTotal:        1844596 kB
MemFree:          227984 kB
MemAvailable:    1502732 kB
Buffers:          103224 kB
Cached:          1188892 kB
MemTotal:        1844596 kB
MemFree:          226512 kB
MemAvailable:    1501260 kB
Buffers:          103224 kB
Cached:          1188892 kB
MemTotal:        1844596 kB
MemFree:          227116 kB
MemAvailable:    1501864 kB
Buffers:          103224 kB
Cached:          1188892 kB
MemTotal:        1844596 kB
MemFree:          227008 kB
MemAvailable:    1501756 kB
Buffers:          103224 kB
Cached:          1188892 kB
MemTotal:        1844596 kB
MemFree:          227172 kB
MemAvailable:    1501920 kB
Buffers:          103224 kB
Cached:          1188892 kB
MemTotal:        1844596 kB
MemFree:          227000 kB
MemAvailable:    1501748 kB
Buffers:          103224 kB
Cached:          1188892 kB
MemTotal:        1844596 kB
MemFree:          227000 kB
MemAvailable:    1501748 kB
Buffers:          103224 kB
Cached:          1188892 kB
MemTotal:        1844596 kB
MemFree:          226976 kB
MemAvailable:    1501724 kB
Buffers:          103224 kB
Cached:          1188892 kB
MemTotal:        1844596 kB
MemFree:          227008 kB
MemAvailable:    1501756 kB
Buffers:          103224 kB
Cached:          1188892 kB
MemTotal:        1844596 kB
MemFree:          225712 kB
MemAvailable:    1500460 kB
Buffers:          103224 kB
Cached:          1188892 kB
MemTotal:        1844596 kB
MemFree:          227120 kB
MemAvailable:    1501868 kB
Buffers:          103224 kB
Cached:          1188892 kB
MemTotal:        1844596 kB
MemFree:          224768 kB
MemAvailable:    1499516 kB
Buffers:          103224 kB
Cached:          1188892 kB
MemTotal:        1844596 kB
MemFree:          224288 kB
MemAvailable:    1499036 kB
Buffers:          103224 kB
Cached:          1188892 kB
MemTotal:        1844596 kB
MemFree:          221924 kB
MemAvailable:    1496672 kB
Buffers:          103224 kB
Cached:          1188892 kB
MemTotal:        1844596 kB
MemFree:          221660 kB
MemAvailable:    1496408 kB
Buffers:          103224 kB
Cached:          1188892 kB
MemTotal:        1844596 kB
MemFree:          221808 kB
MemAvailable:    1496556 kB
Buffers:          103224 kB
Cached:          1188892 kB
MemTotal:        1844596 kB
MemFree:          221660 kB
MemAvailable:    1496408 kB
Buffers:          103224 kB
Cached:          1188892 kB
MemTotal:        1844596 kB
MemFree:          221304 kB
MemAvailable:    1496052 kB
Buffers:          103224 kB
Cached:          1188892 kB
MemTotal:        1844596 kB
MemFree:          221620 kB
MemAvailable:    1496368 kB
Buffers:          103224 kB
Cached:          1188892 kB
MemTotal:        1844596 kB
MemFree:          221592 kB
MemAvailable:    1496340 kB
Buffers:          103224 kB
Cached:          1188892 kB
MemTotal:        1844596 kB
MemFree:          220568 kB
MemAvailable:    1495316 kB
Buffers:          103224 kB
Cached:          1188892 kB
MemTotal:        1844596 kB
MemFree:          221124 kB
MemAvailable:    1495872 kB
Buffers:          103224 kB
Cached:          1188892 kB
MemTotal:        1844596 kB
MemFree:          221460 kB
MemAvailable:    1496208 kB
Buffers:          103224 kB
Cached:          1188892 kB
MemTotal:        1844596 kB
MemFree:          221292 kB
MemAvailable:    1496040 kB
Buffers:          103224 kB
Cached:          1188892 kB
MemTotal:        1844596 kB
MemFree:          221180 kB
MemAvailable:    1495928 kB
Buffers:          103224 kB
Cached:          1188892 kB
MemTotal:        1844596 kB
MemFree:          220288 kB
MemAvailable:    1495036 kB
Buffers:          103224 kB
Cached:          1188892 kB
MemTotal:        1844596 kB
MemFree:          220032 kB
MemAvailable:    1494780 kB
Buffers:          103224 kB
Cached:          1188892 kB
MemTotal:        1844596 kB
MemFree:          221340 kB
MemAvailable:    1496088 kB
Buffers:          103224 kB
Cached:          1188892 kB
MemTotal:        1844596 kB
MemFree:          219628 kB
MemAvailable:    1494376 kB
Buffers:          103224 kB
Cached:          1188892 kB
MemTotal:        1844596 kB
MemFree:          216344 kB
MemAvailable:    1491092 kB
Buffers:          103224 kB
Cached:          1188892 kB
MemTotal:        1844596 kB
MemFree:          215468 kB
MemAvailable:    1490220 kB
Buffers:          103224 kB
Cached:          1188896 kB
MemTotal:        1844596 kB
MemFree:          215724 kB
MemAvailable:    1490476 kB
Buffers:          103224 kB
Cached:          1188896 kB
MemTotal:        1844596 kB
MemFree:          214908 kB
MemAvailable:    1489660 kB
Buffers:          103224 kB
Cached:          1188896 kB
MemTotal:        1844596 kB
MemFree:          214544 kB
MemAvailable:    1489296 kB
Buffers:          103224 kB
Cached:          1188896 kB
MemTotal:        1844596 kB
MemFree:          213180 kB
MemAvailable:    1487932 kB
Buffers:          103224 kB
Cached:          1188896 kB
MemTotal:        1844596 kB
MemFree:          212608 kB
MemAvailable:    1487360 kB
Buffers:          103224 kB
Cached:          1188896 kB
MemTotal:        1844596 kB
MemFree:          212252 kB
MemAvailable:    1487004 kB
Buffers:          103224 kB
Cached:          1188896 kB
MemTotal:        1844596 kB
MemFree:          212672 kB
MemAvailable:    1487424 kB
Buffers:          103224 kB
Cached:          1188896 kB
MemTotal:        1844596 kB
MemFree:          211612 kB
MemAvailable:    1486364 kB
Buffers:          103224 kB
Cached:          1188896 kB
MemTotal:        1844596 kB
MemFree:          211416 kB
MemAvailable:    1486176 kB
Buffers:          103224 kB
Cached:          1188900 kB
MemTotal:        1844596 kB
MemFree:          212656 kB
MemAvailable:    1487416 kB
Buffers:          103224 kB
Cached:          1188900 kB
MemTotal:        1844596 kB
MemFree:          212716 kB
MemAvailable:    1487476 kB
Buffers:          103224 kB
Cached:          1188900 kB
MemTotal:        1844596 kB
MemFree:          211408 kB
MemAvailable:    1486168 kB
Buffers:          103224 kB
Cached:          1188900 kB
MemTotal:        1844596 kB
MemFree:          212476 kB
MemAvailable:    1487236 kB
Buffers:          103224 kB
Cached:          1188900 kB
MemTotal:        1844596 kB
MemFree:          211912 kB
MemAvailable:    1486672 kB
Buffers:          103224 kB
Cached:          1188900 kB
MemTotal:        1844596 kB
MemFree:          212340 kB
MemAvailable:    1487100 kB
Buffers:          103224 kB
Cached:          1188900 kB
MemTotal:        1844596 kB
MemFree:          212592 kB
MemAvailable:    1487352 kB
Buffers:          103224 kB
Cached:          1188900 kB
MemTotal:        1844596 kB
MemFree:          212352 kB
MemAvailable:    1487112 kB
Buffers:          103224 kB
Cached:          1188900 kB
MemTotal:        1844596 kB
MemFree:          211104 kB
MemAvailable:    1485864 kB
Buffers:          103224 kB
Cached:          1188900 kB
MemTotal:        1844596 kB
MemFree:          211484 kB
MemAvailable:    1486244 kB
Buffers:          103224 kB
Cached:          1188900 kB
MemTotal:        1844596 kB
MemFree:          211236 kB
MemAvailable:    1485996 kB
Buffers:          103224 kB
Cached:          1188900 kB
MemTotal:        1844596 kB
MemFree:          212716 kB
MemAvailable:    1487476 kB
Buffers:          103224 kB
Cached:          1188900 kB
MemTotal:        1844596 kB
MemFree:          211788 kB
MemAvailable:    1486548 kB
Buffers:          103224 kB
Cached:          1188900 kB
MemTotal:        1844596 kB
MemFree:          210864 kB
MemAvailable:    1485624 kB
Buffers:          103224 kB
Cached:          1188900 kB
MemTotal:        1844596 kB
MemFree:          211972 kB
MemAvailable:    1486732 kB
Buffers:          103224 kB
Cached:          1188900 kB
MemTotal:        1844596 kB
MemFree:          211656 kB
MemAvailable:    1486416 kB
Buffers:          103224 kB
Cached:          1188900 kB
MemTotal:        1844596 kB
MemFree:          206820 kB
MemAvailable:    1481580 kB
Buffers:          103224 kB
Cached:          1188900 kB
MemTotal:        1844596 kB
MemFree:          206908 kB
MemAvailable:    1481668 kB
Buffers:          103224 kB
Cached:          1188900 kB
MemTotal:        1844596 kB
MemFree:          203232 kB
MemAvailable:    1477992 kB
Buffers:          103224 kB
Cached:          1188900 kB
MemTotal:        1844596 kB
MemFree:          202976 kB
MemAvailable:    1477736 kB
Buffers:          103224 kB
Cached:          1188900 kB
MemTotal:        1844596 kB
MemFree:          204332 kB
MemAvailable:    1479092 kB
Buffers:          103224 kB
Cached:          1188900 kB
MemTotal:        1844596 kB
MemFree:          202852 kB
MemAvailable:    1477612 kB
Buffers:          103224 kB
Cached:          1188900 kB
MemTotal:        1844596 kB
MemFree:          202612 kB
MemAvailable:    1477372 kB
Buffers:          103224 kB
Cached:          1188900 kB
MemTotal:        1844596 kB
MemFree:          203412 kB
MemAvailable:    1478172 kB
Buffers:          103224 kB
Cached:          1188900 kB
MemTotal:        1844596 kB
MemFree:          203232 kB
MemAvailable:    1477992 kB
Buffers:          103224 kB
Cached:          1188900 kB
MemTotal:        1844596 kB
MemFree:          202184 kB
MemAvailable:    1476944 kB
Buffers:          103224 kB
Cached:          1188900 kB
MemTotal:        1844596 kB
MemFree:          202184 kB
MemAvailable:    1476944 kB
Buffers:          103224 kB
Cached:          1188900 kB
MemTotal:        1844596 kB
MemFree:          203452 kB
MemAvailable:    1478212 kB
Buffers:          103224 kB
Cached:          1188900 kB
MemTotal:        1844596 kB
MemFree:          203704 kB
MemAvailable:    1478464 kB
Buffers:          103224 kB
Cached:          1188900 kB
MemTotal:        1844596 kB
MemFree:          202352 kB
MemAvailable:    1477112 kB
Buffers:          103224 kB
Cached:          1188900 kB
MemTotal:        1844596 kB
MemFree:          203592 kB
MemAvailable:    1478352 kB
Buffers:          103224 kB
Cached:          1188900 kB
MemTotal:        1844596 kB
MemFree:          202220 kB
MemAvailable:    1476980 kB
Buffers:          103224 kB
Cached:          1188900 kB
MemTotal:        1844596 kB
MemFree:          202220 kB
MemAvailable:    1476980 kB
Buffers:          103224 kB
Cached:          1188900 kB
MemTotal:        1844596 kB
MemFree:          203712 kB
MemAvailable:    1478472 kB
Buffers:          103224 kB
Cached:          1188900 kB
MemTotal:        1844596 kB
MemFree:          203660 kB
MemAvailable:    1478420 kB
Buffers:          103224 kB
Cached:          1188900 kB
MemTotal:        1844596 kB
MemFree:          203516 kB
MemAvailable:    1478276 kB
Buffers:          103224 kB
Cached:          1188900 kB
MemTotal:        1844596 kB
MemFree:          202208 kB
MemAvailable:    1476968 kB
Buffers:          103224 kB
Cached:          1188900 kB
MemTotal:        1844596 kB
MemFree:          203472 kB
MemAvailable:    1478232 kB
Buffers:          103224 kB
Cached:          1188900 kB
MemTotal:        1844596 kB
MemFree:          203240 kB
MemAvailable:    1478000 kB
Buffers:          103224 kB
Cached:          1188900 kB
MemTotal:        1844596 kB
MemFree:          203432 kB
MemAvailable:    1478192 kB
Buffers:          103224 kB
Cached:          1188900 kB
MemTotal:        1844596 kB
MemFree:          202304 kB
MemAvailable:    1477064 kB
Buffers:          103224 kB
Cached:          1188900 kB
MemTotal:        1844596 kB
MemFree:          203324 kB
MemAvailable:    1478084 kB
Buffers:          103224 kB
Cached:          1188900 kB
MemTotal:        1844596 kB
MemFree:          203464 kB
MemAvailable:    1478224 kB
Buffers:          103224 kB
Cached:          1188900 kB
MemTotal:        1844596 kB
MemFree:          202224 kB
MemAvailable:    1476984 kB
Buffers:          103224 kB
Cached:          1188900 kB
MemTotal:        1844596 kB
MemFree:          202224 kB
MemAvailable:    1476984 kB
Buffers:          103224 kB
Cached:          1188900 kB
MemTotal:        1844596 kB
MemFree:          203584 kB
MemAvailable:    1478344 kB
Buffers:          103224 kB
Cached:          1188900 kB
MemTotal:        1844596 kB
MemFree:          203440 kB
MemAvailable:    1478200 kB
Buffers:          103224 kB
Cached:          1188900 kB
MemTotal:        1844596 kB
MemFree:          203480 kB
MemAvailable:    1478240 kB
Buffers:          103224 kB
Cached:          1188900 kB
MemTotal:        1844596 kB
MemFree:          202184 kB
MemAvailable:    1476944 kB
Buffers:          103224 kB
Cached:          1188900 kB
MemTotal:        1844596 kB
MemFree:          202308 kB
MemAvailable:    1477068 kB
Buffers:          103224 kB
Cached:          1188900 kB
MemTotal:        1844596 kB
MemFree:          202296 kB
MemAvailable:    1477056 kB
Buffers:          103224 kB
Cached:          1188900 kB
MemTotal:        1844596 kB
MemFree:          202172 kB
MemAvailable:    1476932 kB
Buffers:          103224 kB
Cached:          1188900 kB
MemTotal:        1844596 kB
MemFree:          203524 kB
MemAvailable:    1478284 kB
Buffers:          103224 kB
Cached:          1188900 kB
MemTotal:        1844596 kB
MemFree:          201248 kB
MemAvailable:    1476008 kB
Buffers:          103224 kB
Cached:          1188900 kB
MemTotal:        1844596 kB
MemFree:          198768 kB
MemAvailable:    1473528 kB
Buffers:          103224 kB
Cached:          1188900 kB
MemTotal:        1844596 kB
MemFree:          196412 kB
MemAvailable:    1471172 kB
Buffers:          103224 kB
Cached:          1188900 kB
MemTotal:        1844596 kB
MemFree:          193064 kB
MemAvailable:    1467824 kB
Buffers:          103224 kB
Cached:          1188900 kB
MemTotal:        1844596 kB
MemFree:          191700 kB
MemAvailable:    1466460 kB
Buffers:          103224 kB
Cached:          1188900 kB
MemTotal:        1844596 kB
MemFree:          191692 kB
MemAvailable:    1466452 kB
Buffers:          103224 kB
Cached:          1188900 kB
MemTotal:        1844596 kB
MemFree:          191692 kB
MemAvailable:    1466452 kB
Buffers:          103224 kB
Cached:          1188900 kB
MemTotal:        1844596 kB
MemFree:          191436 kB
MemAvailable:    1466196 kB
Buffers:          103224 kB
Cached:          1188900 kB
MemTotal:        1844596 kB
MemFree:          191560 kB
MemAvailable:    1466320 kB
Buffers:          103224 kB
Cached:          1188900 kB
MemTotal:        1844596 kB
MemFree:          191560 kB
MemAvailable:    1466320 kB
Buffers:          103224 kB
Cached:          1188900 kB
MemTotal:        1844596 kB
MemFree:          191428 kB
MemAvailable:    1466188 kB
Buffers:          103224 kB
Cached:          1188900 kB
MemTotal:        1844596 kB
MemFree:          191380 kB
MemAvailable:    1466140 kB
Buffers:          103224 kB
Cached:          1188900 kB
MemTotal:        1844596 kB
MemFree:          191256 kB
MemAvailable:    1466016 kB
Buffers:          103224 kB
Cached:          1188900 kB
MemTotal:        1844596 kB
MemFree:          192724 kB
MemAvailable:    1467484 kB
Buffers:          103224 kB
Cached:          1188900 kB
MemTotal:        1844596 kB
MemFree:          192676 kB
MemAvailable:    1467436 kB
Buffers:          103224 kB
Cached:          1188900 kB
MemTotal:        1844596 kB
MemFree:          191948 kB
MemAvailable:    1466708 kB
Buffers:          103224 kB
Cached:          1188900 kB
MemTotal:        1844596 kB
MemFree:          192640 kB
MemAvailable:    1467400 kB
Buffers:          103224 kB
Cached:          1188900 kB
MemTotal:        1844596 kB
MemFree:          192560 kB
MemAvailable:    1467328 kB
Buffers:          103224 kB
Cached:          1188908 kB
MemTotal:        1844596 kB
MemFree:          192816 kB
MemAvailable:    1467584 kB
Buffers:          103224 kB
Cached:          1188908 kB
MemTotal:        1844596 kB
MemFree:          192572 kB
MemAvailable:    1467340 kB
Buffers:          103224 kB
Cached:          1188908 kB
MemTotal:        1844596 kB
MemFree:          191948 kB
MemAvailable:    1466716 kB
Buffers:          103224 kB
Cached:          1188908 kB
MemTotal:        1844596 kB
MemFree:          192416 kB
MemAvailable:    1467184 kB
Buffers:          103224 kB
Cached:          1188908 kB
MemTotal:        1844596 kB
MemFree:          192752 kB
MemAvailable:    1467520 kB
Buffers:          103224 kB
Cached:          1188908 kB
MemTotal:        1844596 kB
MemFree:          191328 kB
MemAvailable:    1466096 kB
Buffers:          103224 kB
Cached:          1188908 kB
MemTotal:        1844596 kB
MemFree:          191404 kB
MemAvailable:    1466172 kB
Buffers:          103224 kB
Cached:          1188908 kB
MemTotal:        1844596 kB
MemFree:          191404 kB
MemAvailable:    1466172 kB
Buffers:          103224 kB
Cached:          1188908 kB
MemTotal:        1844596 kB
MemFree:          191440 kB
MemAvailable:    1466208 kB
Buffers:          103224 kB
Cached:          1188908 kB
MemTotal:        1844596 kB
MemFree:          191564 kB
MemAvailable:    1466332 kB
Buffers:          103224 kB
Cached:          1188908 kB
MemTotal:        1844596 kB
MemFree:          192484 kB
MemAvailable:    1467252 kB
Buffers:          103224 kB
Cached:          1188908 kB
MemTotal:        1844596 kB
MemFree:          191392 kB
MemAvailable:    1466160 kB
Buffers:          103224 kB
Cached:          1188908 kB
MemTotal:        1844596 kB
MemFree:          192624 kB
MemAvailable:    1467392 kB
Buffers:          103224 kB
Cached:          1188908 kB
MemTotal:        1844596 kB
MemFree:          192932 kB
MemAvailable:    1467700 kB
Buffers:          103224 kB
Cached:          1188908 kB
MemTotal:        1844596 kB
MemFree:          192080 kB
MemAvailable:    1466848 kB
Buffers:          103224 kB
Cached:          1188908 kB
MemTotal:        1844596 kB
MemFree:          192604 kB
MemAvailable:    1467376 kB
Buffers:          103224 kB
Cached:          1188912 kB
MemTotal:        1844596 kB
MemFree:          192948 kB
MemAvailable:    1467720 kB
Buffers:          103224 kB
Cached:          1188912 kB
MemTotal:        1844596 kB
MemFree:          192560 kB
MemAvailable:    1467332 kB
Buffers:          103224 kB
Cached:          1188912 kB
MemTotal:        1844596 kB
MemFree:          191576 kB
MemAvailable:    1466348 kB
Buffers:          103224 kB
Cached:          1188912 kB
MemTotal:        1844596 kB
MemFree:          191404 kB
MemAvailable:    1466176 kB
Buffers:          103224 kB
Cached:          1188912 kB
MemTotal:        1844596 kB
MemFree:          191228 kB
MemAvailable:    1466000 kB
Buffers:          103224 kB
Cached:          1188912 kB
MemTotal:        1844596 kB
MemFree:          192636 kB
MemAvailable:    1467408 kB
Buffers:          103224 kB
Cached:          1188912 kB
MemTotal:        1844596 kB
MemFree:          192808 kB
MemAvailable:    1467580 kB
Buffers:          103224 kB
Cached:          1188912 kB
MemTotal:        1844596 kB
MemFree:          192584 kB
MemAvailable:    1467356 kB
Buffers:          103224 kB
Cached:          1188912 kB
MemTotal:        1844596 kB
MemFree:          192836 kB
MemAvailable:    1467608 kB
Buffers:          103224 kB
Cached:          1188912 kB
MemTotal:        1844596 kB
MemFree:          191464 kB
MemAvailable:    1466236 kB
Buffers:          103224 kB
Cached:          1188912 kB
MemTotal:        1844596 kB
MemFree:          192712 kB
MemAvailable:    1467484 kB
Buffers:          103224 kB
Cached:          1188912 kB
MemTotal:        1844596 kB
MemFree:          191472 kB
MemAvailable:    1466244 kB
Buffers:          103224 kB
Cached:          1188912 kB
MemTotal:        1844596 kB
MemFree:          192572 kB
MemAvailable:    1467344 kB
Buffers:          103224 kB
Cached:          1188912 kB
MemTotal:        1844596 kB
MemFree:          192908 kB
MemAvailable:    1467680 kB
Buffers:          103224 kB
Cached:          1188912 kB
MemTotal:        1844596 kB
MemFree:          191588 kB
MemAvailable:    1466360 kB
Buffers:          103224 kB
Cached:          1188912 kB
MemTotal:        1844596 kB
MemFree:          191236 kB
MemAvailable:    1466008 kB
Buffers:          103224 kB
Cached:          1188912 kB
MemTotal:        1844596 kB
MemFree:          191856 kB
MemAvailable:    1466628 kB
Buffers:          103224 kB
Cached:          1188912 kB
MemTotal:        1844596 kB
MemFree:          191768 kB
MemAvailable:    1466540 kB
Buffers:          103224 kB
Cached:          1188912 kB
MemTotal:        1844596 kB
MemFree:          191716 kB
MemAvailable:    1466488 kB
Buffers:          103224 kB
Cached:          1188912 kB
MemTotal:        1844596 kB
MemFree:          191528 kB
MemAvailable:    1466300 kB
Buffers:          103224 kB
Cached:          1188912 kB
MemTotal:        1844596 kB
MemFree:          191528 kB
MemAvailable:    1466300 kB
Buffers:          103224 kB
Cached:          1188912 kB
MemTotal:        1844596 kB
MemFree:          191328 kB
MemAvailable:    1466100 kB
Buffers:          103224 kB
Cached:          1188912 kB
MemTotal:        1844596 kB
MemFree:          191236 kB
MemAvailable:    1466008 kB
Buffers:          103224 kB
Cached:          1188912 kB
MemTotal:        1844596 kB
MemFree:          190232 kB
MemAvailable:    1465004 kB
Buffers:          103224 kB
Cached:          1188912 kB
MemTotal:        1844596 kB
MemFree:          190060 kB
MemAvailable:    1464832 kB
Buffers:          103224 kB
Cached:          1188912 kB
MemTotal:        1844596 kB
MemFree:          191160 kB
MemAvailable:    1465932 kB
Buffers:          103224 kB
Cached:          1188912 kB
MemTotal:        1844596 kB
MemFree:          191496 kB
MemAvailable:    1466268 kB
Buffers:          103224 kB
Cached:          1188912 kB
MemTotal:        1844596 kB
MemFree:          189796 kB
MemAvailable:    1464568 kB
Buffers:          103224 kB
Cached:          1188912 kB
MemTotal:        1844596 kB
MemFree:          191036 kB
MemAvailable:    1465808 kB
Buffers:          103224 kB
Cached:          1188912 kB
MemTotal:        1844596 kB
MemFree:          191036 kB
MemAvailable:    1465808 kB
Buffers:          103224 kB
Cached:          1188912 kB
MemTotal:        1844596 kB
MemFree:          190988 kB
MemAvailable:    1465760 kB
Buffers:          103224 kB
Cached:          1188912 kB
MemTotal:        1844596 kB
MemFree:          191172 kB
MemAvailable:    1465944 kB
Buffers:          103224 kB
Cached:          1188912 kB
MemTotal:        1844596 kB
MemFree:          190244 kB
MemAvailable:    1465016 kB
Buffers:          103224 kB
Cached:          1188912 kB
MemTotal:        1844596 kB
MemFree:          190836 kB
MemAvailable:    1465608 kB
Buffers:          103224 kB
Cached:          1188912 kB
MemTotal:        1844596 kB
MemFree:          191172 kB
MemAvailable:    1465944 kB
Buffers:          103224 kB
Cached:          1188912 kB
MemTotal:        1844596 kB
MemFree:          189740 kB
MemAvailable:    1464512 kB
Buffers:          103224 kB
Cached:          1188912 kB
MemTotal:        1844596 kB
MemFree:          189824 kB
MemAvailable:    1464596 kB
Buffers:          103224 kB
Cached:          1188912 kB
MemTotal:        1844596 kB
MemFree:          190872 kB
MemAvailable:    1465644 kB
Buffers:          103224 kB
Cached:          1188912 kB
MemTotal:        1844596 kB
MemFree:          189696 kB
MemAvailable:    1464468 kB
Buffers:          103224 kB
Cached:          1188912 kB
MemTotal:        1844596 kB
MemFree:          190996 kB
MemAvailable:    1465768 kB
Buffers:          103224 kB
Cached:          1188912 kB
MemTotal:        1844596 kB
MemFree:          190908 kB
MemAvailable:    1465680 kB
Buffers:          103224 kB
Cached:          1188912 kB
MemTotal:        1844596 kB
MemFree:          188816 kB
MemAvailable:    1463588 kB
Buffers:          103224 kB
Cached:          1188912 kB
MemTotal:        1844596 kB
MemFree:          185592 kB
MemAvailable:    1460364 kB
Buffers:          103224 kB
Cached:          1188912 kB
MemTotal:        1844596 kB
MemFree:          180192 kB
MemAvailable:    1454964 kB
Buffers:          103224 kB
Cached:          1188912 kB
MemTotal:        1844596 kB
MemFree:          180324 kB
MemAvailable:    1455096 kB
Buffers:          103224 kB
Cached:          1188912 kB
MemTotal:        1844596 kB
MemFree:          179852 kB
MemAvailable:    1454624 kB
Buffers:          103224 kB
Cached:          1188912 kB
MemTotal:        1844596 kB
MemFree:          179852 kB
MemAvailable:    1454624 kB
Buffers:          103224 kB
Cached:          1188912 kB
MemTotal:        1844596 kB
MemFree:          179324 kB
MemAvailable:    1454096 kB
Buffers:          103224 kB
Cached:          1188912 kB
MemTotal:        1844596 kB
MemFree:          178224 kB
MemAvailable:    1452996 kB
Buffers:          103224 kB
Cached:          1188912 kB
MemTotal:        1844596 kB
MemFree:          177664 kB
MemAvailable:    1452440 kB
Buffers:          103224 kB
Cached:          1188916 kB
MemTotal:        1844596 kB
MemFree:          178648 kB
MemAvailable:    1453424 kB
Buffers:          103224 kB
Cached:          1188916 kB
MemTotal:        1844596 kB
MemFree:          177624 kB
MemAvailable:    1452400 kB
Buffers:          103224 kB
Cached:          1188916 kB
MemTotal:        1844596 kB
MemFree:          177216 kB
MemAvailable:    1451992 kB
Buffers:          103224 kB
Cached:          1188916 kB
MemTotal:        1844596 kB
MemFree:          177348 kB
MemAvailable:    1452124 kB
Buffers:          103224 kB
Cached:          1188916 kB
MemTotal:        1844596 kB
MemFree:          175968 kB
MemAvailable:    1450744 kB
Buffers:          103224 kB
Cached:          1188916 kB
MemTotal:        1844596 kB
MemFree:          176304 kB
MemAvailable:    1451080 kB
Buffers:          103224 kB
Cached:          1188916 kB
MemTotal:        1844596 kB
MemFree:          175976 kB
MemAvailable:    1450752 kB
Buffers:          103224 kB
Cached:          1188916 kB
MemTotal:        1844596 kB
MemFree:          174992 kB
MemAvailable:    1449776 kB
Buffers:          103224 kB
Cached:          1188916 kB
MemTotal:        1844596 kB
MemFree:          175972 kB
MemAvailable:    1450756 kB
Buffers:          103224 kB
Cached:          1188916 kB
MemTotal:        1844596 kB
MemFree:          175980 kB
MemAvailable:    1450768 kB
Buffers:          103224 kB
Cached:          1188920 kB
MemTotal:        1844596 kB
MemFree:          174596 kB
MemAvailable:    1449384 kB
Buffers:          103224 kB
Cached:          1188920 kB
MemTotal:        1844596 kB
MemFree:          174720 kB
MemAvailable:    1449508 kB
Buffers:          103224 kB
Cached:          1188920 kB
MemTotal:        1844596 kB
MemFree:          174712 kB
MemAvailable:    1449500 kB
Buffers:          103224 kB
Cached:          1188920 kB
MemTotal:        1844596 kB
MemFree:          174532 kB
MemAvailable:    1449320 kB
Buffers:          103224 kB
Cached:          1188920 kB
MemTotal:        1844596 kB
MemFree:          175116 kB
MemAvailable:    1449904 kB
Buffers:          103224 kB
Cached:          1188920 kB
MemTotal:        1844596 kB
MemFree:          175708 kB
MemAvailable:    1450496 kB
Buffers:          103224 kB
Cached:          1188920 kB
MemTotal:        1844596 kB
MemFree:          176044 kB
MemAvailable:    1450832 kB
Buffers:          103224 kB
Cached:          1188920 kB
MemTotal:        1844596 kB
MemFree:          174600 kB
MemAvailable:    1449388 kB
Buffers:          103224 kB
Cached:          1188920 kB
MemTotal:        1844596 kB
MemFree:          175416 kB
MemAvailable:    1450204 kB
Buffers:          103224 kB
Cached:          1188920 kB
MemTotal:        1844596 kB
MemFree:          174108 kB
MemAvailable:    1448896 kB
Buffers:          103224 kB
Cached:          1188920 kB
MemTotal:        1844596 kB
MemFree:          174928 kB
MemAvailable:    1449716 kB
Buffers:          103224 kB
Cached:          1188920 kB
MemTotal:        1844596 kB
MemFree:          173884 kB
MemAvailable:    1448672 kB
Buffers:          103224 kB
Cached:          1188920 kB
MemTotal:        1844596 kB
MemFree:          173976 kB
MemAvailable:    1448764 kB
Buffers:          103224 kB
Cached:          1188920 kB
MemTotal:        1844596 kB
MemFree:          173976 kB
MemAvailable:    1448764 kB
Buffers:          103224 kB
Cached:          1188920 kB
MemTotal:        1844596 kB
MemFree:          173864 kB
MemAvailable:    1448652 kB
Buffers:          103224 kB
Cached:          1188920 kB
MemTotal:        1844596 kB
MemFree:          173248 kB
MemAvailable:    1448036 kB
Buffers:          103224 kB
Cached:          1188920 kB
MemTotal:        1844596 kB
MemFree:          173248 kB
MemAvailable:    1448036 kB
Buffers:          103224 kB
Cached:          1188920 kB
MemTotal:        1844596 kB
MemFree:          171880 kB
MemAvailable:    1446668 kB
Buffers:          103224 kB
Cached:          1188920 kB
MemTotal:        1844596 kB
MemFree:          172564 kB
MemAvailable:    1447352 kB
Buffers:          103224 kB
Cached:          1188920 kB
MemTotal:        1844596 kB
MemFree:          171404 kB
MemAvailable:    1446192 kB
Buffers:          103224 kB
Cached:          1188920 kB
MemTotal:        1844596 kB
MemFree:          171272 kB
MemAvailable:    1446060 kB
Buffers:          103224 kB
Cached:          1188920 kB
MemTotal:        1844596 kB
MemFree:          172504 kB
MemAvailable:    1447292 kB
Buffers:          103224 kB
Cached:          1188920 kB
MemTotal:        1844596 kB
MemFree:          171936 kB
MemAvailable:    1446724 kB
Buffers:          103224 kB
Cached:          1188920 kB
MemTotal:        1844596 kB
MemFree:          170900 kB
MemAvailable:    1445688 kB
Buffers:          103224 kB
Cached:          1188920 kB
MemTotal:        1844596 kB
MemFree:          170520 kB
MemAvailable:    1445308 kB
Buffers:          103224 kB
Cached:          1188920 kB
MemTotal:        1844596 kB
MemFree:          170396 kB
MemAvailable:    1445184 kB
Buffers:          103224 kB
Cached:          1188920 kB
MemTotal:        1844596 kB
MemFree:          171704 kB
MemAvailable:    1446492 kB
Buffers:          103224 kB
Cached:          1188920 kB
MemTotal:        1844596 kB
MemFree:          171956 kB
MemAvailable:    1446744 kB
Buffers:          103224 kB
Cached:          1188920 kB
MemTotal:        1844596 kB
MemFree:          170472 kB
MemAvailable:    1445260 kB
Buffers:          103224 kB
Cached:          1188920 kB
MemTotal:        1844596 kB
MemFree:          171740 kB
MemAvailable:    1446528 kB
Buffers:          103224 kB
Cached:          1188920 kB
MemTotal:        1844596 kB
MemFree:          171740 kB
MemAvailable:    1446528 kB
Buffers:          103224 kB
Cached:          1188920 kB
MemTotal:        1844596 kB
MemFree:          171772 kB
MemAvailable:    1446560 kB
Buffers:          103224 kB
Cached:          1188920 kB
MemTotal:        1844596 kB
MemFree:          171684 kB
MemAvailable:    1446472 kB
Buffers:          103224 kB
Cached:          1188920 kB
MemTotal:        1844596 kB
MemFree:          171360 kB
MemAvailable:    1446148 kB
Buffers:          103224 kB
Cached:          1188920 kB
MemTotal:        1844596 kB
MemFree:          171616 kB
MemAvailable:    1446404 kB
Buffers:          103224 kB
Cached:          1188920 kB
MemTotal:        1844596 kB
MemFree:          170496 kB
MemAvailable:    1445284 kB
Buffers:          103224 kB
Cached:          1188920 kB
MemTotal:        1844596 kB
MemFree:          171612 kB
MemAvailable:    1446400 kB
Buffers:          103224 kB
Cached:          1188920 kB
MemTotal:        1844596 kB
MemFree:          170652 kB
MemAvailable:    1445440 kB
Buffers:          103224 kB
Cached:          1188920 kB
MemTotal:        1844596 kB
MemFree:          171508 kB
MemAvailable:    1446296 kB
Buffers:          103224 kB
Cached:          1188920 kB
MemTotal:        1844596 kB
MemFree:          171380 kB
MemAvailable:    1446168 kB
Buffers:          103224 kB
Cached:          1188920 kB
MemTotal:        1844596 kB
MemFree:          171396 kB
MemAvailable:    1446184 kB
Buffers:          103224 kB
Cached:          1188920 kB
MemTotal:        1844596 kB
MemFree:          171368 kB
MemAvailable:    1446156 kB
Buffers:          103224 kB
Cached:          1188920 kB
MemTotal:        1844596 kB
MemFree:          171704 kB
MemAvailable:    1446492 kB
Buffers:          103224 kB
Cached:          1188920 kB
MemTotal:        1844596 kB
MemFree:          171460 kB
MemAvailable:    1446248 kB
Buffers:          103224 kB
Cached:          1188920 kB
MemTotal:        1844596 kB
MemFree:          171448 kB
MemAvailable:    1446236 kB
Buffers:          103224 kB
Cached:          1188920 kB
MemTotal:        1844596 kB
MemFree:          171404 kB
MemAvailable:    1446192 kB
Buffers:          103224 kB
Cached:          1188920 kB
MemTotal:        1844596 kB
MemFree:          171644 kB
MemAvailable:    1446432 kB
Buffers:          103224 kB
Cached:          1188920 kB
MemTotal:        1844596 kB
MemFree:          170356 kB
MemAvailable:    1445144 kB
Buffers:          103224 kB
Cached:          1188920 kB
MemTotal:        1844596 kB
MemFree:          170776 kB
MemAvailable:    1445564 kB
Buffers:          103224 kB
Cached:          1188920 kB
MemTotal:        1844596 kB
MemFree:          170268 kB
MemAvailable:    1445056 kB
Buffers:          103224 kB
Cached:          1188920 kB
MemTotal:        1844596 kB
MemFree:          170396 kB
MemAvailable:    1445184 kB
Buffers:          103224 kB
Cached:          1188920 kB
MemTotal:        1844596 kB
MemFree:          170000 kB
MemAvailable:    1444788 kB
Buffers:          103224 kB
Cached:          1188920 kB
MemTotal:        1844596 kB
MemFree:          170336 kB
MemAvailable:    1445124 kB
Buffers:          103224 kB
Cached:          1188920 kB
MemTotal:        1844596 kB
MemFree:          168776 kB
MemAvailable:    1443564 kB
Buffers:          103224 kB
Cached:          1188920 kB
MemTotal:        1844596 kB
MemFree:          169028 kB
MemAvailable:    1443816 kB
Buffers:          103224 kB
Cached:          1188920 kB
MemTotal:        1844596 kB
MemFree:          165188 kB
MemAvailable:    1439976 kB
Buffers:          103224 kB
Cached:          1188920 kB
MemTotal:        1844596 kB
MemFree:          164584 kB
MemAvailable:    1439372 kB
Buffers:          103224 kB
Cached:          1188920 kB
MemTotal:        1844596 kB
MemFree:          161848 kB
MemAvailable:    1436636 kB
Buffers:          103224 kB
Cached:          1188920 kB
MemTotal:        1844596 kB
MemFree:          157624 kB
MemAvailable:    1432412 kB
Buffers:          103224 kB
Cached:          1188920 kB
MemTotal:        1844596 kB
MemFree:          157516 kB
MemAvailable:    1432304 kB
Buffers:          103224 kB
Cached:          1188920 kB
MemTotal:        1844596 kB
MemFree:          152920 kB
MemAvailable:    1427708 kB
Buffers:          103224 kB
Cached:          1188920 kB
MemTotal:        1844596 kB
MemFree:          152052 kB
MemAvailable:    1426840 kB
Buffers:          103224 kB
Cached:          1188920 kB
MemTotal:        1844596 kB
MemFree:          151920 kB
MemAvailable:    1426708 kB
Buffers:          103224 kB
Cached:          1188920 kB
MemTotal:        1844596 kB
MemFree:          153104 kB
MemAvailable:    1427892 kB
Buffers:          103224 kB
Cached:          1188920 kB
MemTotal:        1844596 kB
MemFree:          153104 kB
MemAvailable:    1427892 kB
Buffers:          103224 kB
Cached:          1188920 kB
MemTotal:        1844596 kB
MemFree:          152956 kB
MemAvailable:    1427744 kB
Buffers:          103224 kB
Cached:          1188920 kB
MemTotal:        1844596 kB
MemFree:          151904 kB
MemAvailable:    1426692 kB
Buffers:          103224 kB
Cached:          1188920 kB
MemTotal:        1844596 kB
MemFree:          152956 kB
MemAvailable:    1427744 kB
Buffers:          103224 kB
Cached:          1188920 kB
MemTotal:        1844596 kB
MemFree:          152700 kB
MemAvailable:    1427488 kB
Buffers:          103224 kB
Cached:          1188920 kB
MemTotal:        1844596 kB
MemFree:          151516 kB
MemAvailable:    1426304 kB
Buffers:          103224 kB
Cached:          1188920 kB
MemTotal:        1844596 kB
MemFree:          151524 kB
MemAvailable:    1426312 kB
Buffers:          103224 kB
Cached:          1188920 kB
MemTotal:        1844596 kB
MemFree:          151896 kB
MemAvailable:    1426684 kB
Buffers:          103224 kB
Cached:          1188920 kB
MemTotal:        1844596 kB
MemFree:          151920 kB
MemAvailable:    1426708 kB
Buffers:          103224 kB
Cached:          1188920 kB
MemTotal:        1844596 kB
MemFree:          150544 kB
MemAvailable:    1425332 kB
Buffers:          103224 kB
Cached:          1188920 kB
MemTotal:        1844596 kB
MemFree:          150760 kB
MemAvailable:    1425548 kB
Buffers:          103224 kB
Cached:          1188920 kB
MemTotal:        1844596 kB
MemFree:          150764 kB
MemAvailable:    1425560 kB
Buffers:          103224 kB
Cached:          1188928 kB
MemTotal:        1844596 kB
MemFree:          152168 kB
MemAvailable:    1426964 kB
Buffers:          103224 kB
Cached:          1188928 kB
MemTotal:        1844596 kB
MemFree:          152124 kB
MemAvailable:    1426920 kB
Buffers:          103224 kB
Cached:          1188928 kB
MemTotal:        1844596 kB
MemFree:          151856 kB
MemAvailable:    1426652 kB
Buffers:          103224 kB
Cached:          1188928 kB
MemTotal:        1844596 kB
MemFree:          152108 kB
MemAvailable:    1426904 kB
Buffers:          103224 kB
Cached:          1188928 kB
MemTotal:        1844596 kB
MemFree:          150800 kB
MemAvailable:    1425596 kB
Buffers:          103224 kB
Cached:          1188928 kB
MemTotal:        1844596 kB
MemFree:          151992 kB
MemAvailable:    1426788 kB
Buffers:          103224 kB
Cached:          1188928 kB
MemTotal:        1844596 kB
MemFree:          152160 kB
MemAvailable:    1426956 kB
Buffers:          103224 kB
Cached:          1188928 kB
MemTotal:        1844596 kB
MemFree:          151932 kB
MemAvailable:    1426728 kB
Buffers:          103224 kB
Cached:          1188928 kB
MemTotal:        1844596 kB
MemFree:          150508 kB
MemAvailable:    1425304 kB
Buffers:          103224 kB
Cached:          1188928 kB
MemTotal:        1844596 kB
MemFree:          151004 kB
MemAvailable:    1425800 kB
Buffers:          103224 kB
Cached:          1188928 kB
MemTotal:        1844596 kB
MemFree:          152144 kB
MemAvailable:    1426940 kB
Buffers:          103224 kB
Cached:          1188928 kB
MemTotal:        1844596 kB
MemFree:          150544 kB
MemAvailable:    1425340 kB
Buffers:          103224 kB
Cached:          1188928 kB
MemTotal:        1844596 kB
MemFree:          151860 kB
MemAvailable:    1426656 kB
Buffers:          103224 kB
Cached:          1188928 kB
MemTotal:        1844596 kB
MemFree:          152112 kB
MemAvailable:    1426908 kB
Buffers:          103224 kB
Cached:          1188928 kB
MemTotal:        1844596 kB
MemFree:          151880 kB
MemAvailable:    1426676 kB
Buffers:          103224 kB
Cached:          1188928 kB
MemTotal:        1844596 kB
MemFree:          151048 kB
MemAvailable:    1425844 kB
Buffers:          103224 kB
Cached:          1188928 kB
MemTotal:        1844596 kB
MemFree:          149260 kB
MemAvailable:    1424056 kB
Buffers:          103224 kB
Cached:          1188928 kB
MemTotal:        1844596 kB
MemFree:          144976 kB
MemAvailable:    1419772 kB
Buffers:          103224 kB
Cached:          1188928 kB
MemTotal:        1844596 kB
MemFree:          145108 kB
MemAvailable:    1419904 kB
Buffers:          103224 kB
Cached:          1188928 kB
MemTotal:        1844596 kB
MemFree:          139388 kB
MemAvailable:    1414184 kB
Buffers:          103224 kB
Cached:          1188928 kB
MemTotal:        1844596 kB
MemFree:          139156 kB
MemAvailable:    1413952 kB
Buffers:          103224 kB
Cached:          1188928 kB
MemTotal:        1844596 kB
MemFree:          135312 kB
MemAvailable:    1410108 kB
Buffers:          103224 kB
Cached:          1188928 kB
MemTotal:        1844596 kB
MemFree:          134052 kB
MemAvailable:    1408848 kB
Buffers:          103224 kB
Cached:          1188928 kB
MemTotal:        1844596 kB
MemFree:          132964 kB
MemAvailable:    1407760 kB
Buffers:          103224 kB
Cached:          1188928 kB
MemTotal:        1844596 kB
MemFree:          133652 kB
MemAvailable:    1408448 kB
Buffers:          103224 kB
Cached:          1188928 kB
MemTotal:        1844596 kB
MemFree:          132448 kB
MemAvailable:    1407244 kB
Buffers:          103224 kB
Cached:          1188928 kB
MemTotal:        1844596 kB
MemFree:          132448 kB
MemAvailable:    1407244 kB
Buffers:          103224 kB
Cached:          1188928 kB
MemTotal:        1844596 kB
MemFree:          133688 kB
MemAvailable:    1408484 kB
Buffers:          103224 kB
Cached:          1188928 kB
MemTotal:        1844596 kB
MemFree:          133888 kB
MemAvailable:    1408684 kB
Buffers:          103224 kB
Cached:          1188928 kB
MemTotal:        1844596 kB
MemFree:          133628 kB
MemAvailable:    1408424 kB
Buffers:          103224 kB
Cached:          1188928 kB
MemTotal:        1844596 kB
MemFree:          133204 kB
MemAvailable:    1408000 kB
Buffers:          103224 kB
Cached:          1188928 kB
MemTotal:        1844596 kB
MemFree:          133740 kB
MemAvailable:    1408536 kB
Buffers:          103224 kB
Cached:          1188928 kB
MemTotal:        1844596 kB
MemFree:          132524 kB
MemAvailable:    1407320 kB
Buffers:          103224 kB
Cached:          1188928 kB
MemTotal:        1844596 kB
MemFree:          133696 kB
MemAvailable:    1408492 kB
Buffers:          103224 kB
Cached:          1188928 kB
MemTotal:        1844596 kB
MemFree:          133684 kB
MemAvailable:    1408480 kB
Buffers:          103224 kB
Cached:          1188928 kB
MemTotal:        1844596 kB
MemFree:          133684 kB
MemAvailable:    1408480 kB
Buffers:          103224 kB
Cached:          1188928 kB
MemTotal:        1844596 kB
MemFree:          132312 kB
MemAvailable:    1407108 kB
Buffers:          103224 kB
Cached:          1188928 kB
MemTotal:        1844596 kB
MemFree:          132320 kB
MemAvailable:    1407116 kB
Buffers:          103224 kB
Cached:          1188928 kB
MemTotal:        1844596 kB
MemFree:          132528 kB
MemAvailable:    1407324 kB
Buffers:          103224 kB
Cached:          1188928 kB
MemTotal:        1844596 kB
MemFree:          133920 kB
MemAvailable:    1408716 kB
Buffers:          103224 kB
Cached:          1188928 kB
MemTotal:        1844596 kB
MemFree:          132956 kB
MemAvailable:    1407752 kB
Buffers:          103224 kB
Cached:          1188928 kB
MemTotal:        1844596 kB
MemFree:          133520 kB
MemAvailable:    1408324 kB
Buffers:          103224 kB
Cached:          1188936 kB
MemTotal:        1844596 kB
MemFree:          133856 kB
MemAvailable:    1408660 kB
Buffers:          103224 kB
Cached:          1188936 kB
MemTotal:        1844596 kB
MemFree:          132452 kB
MemAvailable:    1407256 kB
Buffers:          103224 kB
Cached:          1188936 kB
MemTotal:        1844596 kB
MemFree:          133816 kB
MemAvailable:    1408620 kB
Buffers:          103224 kB
Cached:          1188936 kB
MemTotal:        1844596 kB
MemFree:          132272 kB
MemAvailable:    1407076 kB
Buffers:          103224 kB
Cached:          1188936 kB
MemTotal:        1844596 kB
MemFree:          133624 kB
MemAvailable:    1408428 kB
Buffers:          103224 kB
Cached:          1188936 kB
MemTotal:        1844596 kB
MemFree:          132408 kB
MemAvailable:    1407212 kB
Buffers:          103224 kB
Cached:          1188936 kB
MemTotal:        1844596 kB
MemFree:          132444 kB
MemAvailable:    1407248 kB
Buffers:          103224 kB
Cached:          1188936 kB
MemTotal:        1844596 kB
MemFree:          132436 kB
MemAvailable:    1407240 kB
Buffers:          103224 kB
Cached:          1188936 kB
MemTotal:        1844596 kB
MemFree:          132692 kB
MemAvailable:    1407496 kB
Buffers:          103224 kB
Cached:          1188936 kB
MemTotal:        1844596 kB
MemFree:          133652 kB
MemAvailable:    1408456 kB
Buffers:          103224 kB
Cached:          1188936 kB
MemTotal:        1844596 kB
MemFree:          133584 kB
MemAvailable:    1408388 kB
Buffers:          103224 kB
Cached:          1188936 kB
MemTotal:        1844596 kB
MemFree:          133692 kB
MemAvailable:    1408496 kB
Buffers:          103224 kB
Cached:          1188936 kB
MemTotal:        1844596 kB
MemFree:          133708 kB
MemAvailable:    1408512 kB
Buffers:          103224 kB
Cached:          1188936 kB
MemTotal:        1844596 kB
MemFree:          133652 kB
MemAvailable:    1408456 kB
Buffers:          103224 kB
Cached:          1188936 kB
MemTotal:        1844596 kB
MemFree:          133708 kB
MemAvailable:    1408512 kB
Buffers:          103224 kB
Cached:          1188936 kB
MemTotal:        1844596 kB
MemFree:          133876 kB
MemAvailable:    1408680 kB
Buffers:          103224 kB
Cached:          1188936 kB
MemTotal:        1844596 kB
MemFree:          132460 kB
MemAvailable:    1407264 kB
Buffers:          103224 kB
Cached:          1188936 kB
MemTotal:        1844596 kB
MemFree:          126964 kB
MemAvailable:    1401768 kB
Buffers:          103224 kB
Cached:          1188936 kB
MemTotal:        1844596 kB
MemFree:          123532 kB
MemAvailable:    1398336 kB
Buffers:          103224 kB
Cached:          1188936 kB
MemTotal:        1844596 kB
MemFree:          121468 kB
MemAvailable:    1396272 kB
Buffers:          103224 kB
Cached:          1188936 kB
MemTotal:        1844596 kB
MemFree:          117208 kB
MemAvailable:    1392012 kB
Buffers:          103224 kB
Cached:          1188936 kB
MemTotal:        1844596 kB
MemFree:          116192 kB
MemAvailable:    1390996 kB
Buffers:          103224 kB
Cached:          1188936 kB
MemTotal:        1844596 kB
MemFree:          116092 kB
MemAvailable:    1390896 kB
Buffers:          103224 kB
Cached:          1188936 kB
MemTotal:        1844596 kB
MemFree:          116328 kB
MemAvailable:    1391132 kB
Buffers:          103224 kB
Cached:          1188936 kB
MemTotal:        1844596 kB
MemFree:          116256 kB
MemAvailable:    1391060 kB
Buffers:          103224 kB
Cached:          1188936 kB
MemTotal:        1844596 kB
MemFree:          114728 kB
MemAvailable:    1389532 kB
Buffers:          103224 kB
Cached:          1188936 kB
MemTotal:        1844596 kB
MemFree:          115156 kB
MemAvailable:    1389960 kB
Buffers:          103224 kB
Cached:          1188936 kB
MemTotal:        1844596 kB
MemFree:          115408 kB
MemAvailable:    1390212 kB
Buffers:          103224 kB
Cached:          1188936 kB
MemTotal:        1844596 kB
MemFree:          113984 kB
MemAvailable:    1388788 kB
Buffers:          103224 kB
Cached:          1188936 kB
MemTotal:        1844596 kB
MemFree:          115308 kB
MemAvailable:    1390112 kB
Buffers:          103224 kB
Cached:          1188936 kB
MemTotal:        1844596 kB
MemFree:          115412 kB
MemAvailable:    1390220 kB
Buffers:          103224 kB
Cached:          1188940 kB
MemTotal:        1844596 kB
MemFree:          113736 kB
MemAvailable:    1388544 kB
Buffers:          103224 kB
Cached:          1188940 kB
MemTotal:        1844596 kB
MemFree:          115100 kB
MemAvailable:    1389908 kB
Buffers:          103224 kB
Cached:          1188940 kB
MemTotal:        1844596 kB
MemFree:          113604 kB
MemAvailable:    1388412 kB
Buffers:          103224 kB
Cached:          1188940 kB
MemTotal:        1844596 kB
MemFree:          114596 kB
MemAvailable:    1389404 kB
Buffers:          103224 kB
Cached:          1188940 kB
MemTotal:        1844596 kB
MemFree:          114596 kB
MemAvailable:    1389404 kB
Buffers:          103224 kB
Cached:          1188940 kB
MemTotal:        1844596 kB
MemFree:          112752 kB
MemAvailable:    1387560 kB
Buffers:          103224 kB
Cached:          1188940 kB
MemTotal:        1844596 kB
MemFree:          112620 kB
MemAvailable:    1387428 kB
Buffers:          103224 kB
Cached:          1188940 kB
MemTotal:        1844596 kB
MemFree:          113052 kB
MemAvailable:    1387860 kB
Buffers:          103224 kB
Cached:          1188940 kB
MemTotal:        1844596 kB
MemFree:          112980 kB
MemAvailable:    1387788 kB
Buffers:          103224 kB
Cached:          1188940 kB
MemTotal:        1844596 kB
MemFree:          111388 kB
MemAvailable:    1386196 kB
Buffers:          103224 kB
Cached:          1188940 kB
MemTotal:        1844596 kB
MemFree:          112324 kB
MemAvailable:    1387132 kB
Buffers:          103224 kB
Cached:          1188940 kB
MemTotal:        1844596 kB
MemFree:          111620 kB
MemAvailable:    1386428 kB
Buffers:          103224 kB
Cached:          1188940 kB
MemTotal:        1844596 kB
MemFree:          111748 kB
MemAvailable:    1386556 kB
Buffers:          103224 kB
Cached:          1188940 kB
MemTotal:        1844596 kB
MemFree:          110008 kB
MemAvailable:    1384816 kB
Buffers:          103224 kB
Cached:          1188940 kB
MemTotal:        1844596 kB
MemFree:          109528 kB
MemAvailable:    1384336 kB
Buffers:          103224 kB
Cached:          1188940 kB
MemTotal:        1844596 kB
MemFree:          109272 kB
MemAvailable:    1384080 kB
Buffers:          103224 kB
Cached:          1188940 kB
MemTotal:        1844596 kB
MemFree:          108916 kB
MemAvailable:    1383724 kB
Buffers:          103224 kB
Cached:          1188940 kB
MemTotal:        1844596 kB
MemFree:          107784 kB
MemAvailable:    1382592 kB
Buffers:          103224 kB
Cached:          1188940 kB
MemTotal:        1844596 kB
MemFree:          108040 kB
MemAvailable:    1382848 kB
Buffers:          103224 kB
Cached:          1188940 kB
MemTotal:        1844596 kB
MemFree:          109148 kB
MemAvailable:    1383956 kB
Buffers:          103224 kB
Cached:          1188940 kB
MemTotal:        1844596 kB
MemFree:          108916 kB
MemAvailable:    1383724 kB
Buffers:          103224 kB
Cached:          1188940 kB
MemTotal:        1844596 kB
MemFree:          109148 kB
MemAvailable:    1383956 kB
Buffers:          103224 kB
Cached:          1188940 kB
MemTotal:        1844596 kB
MemFree:          108916 kB
MemAvailable:    1383724 kB
Buffers:          103224 kB
Cached:          1188940 kB
MemTotal:        1844596 kB
MemFree:          108652 kB
MemAvailable:    1383460 kB
Buffers:          103224 kB
Cached:          1188940 kB
MemTotal:        1844596 kB
MemFree:          108908 kB
MemAvailable:    1383716 kB
Buffers:          103224 kB
Cached:          1188940 kB
MemTotal:        1844596 kB
MemFree:          107528 kB
MemAvailable:    1382336 kB
Buffers:          103224 kB
Cached:          1188940 kB
MemTotal:        1844596 kB
MemFree:          107612 kB
MemAvailable:    1382420 kB
Buffers:          103224 kB
Cached:          1188940 kB
MemTotal:        1844596 kB
MemFree:          107392 kB
MemAvailable:    1382200 kB
Buffers:          103224 kB
Cached:          1188940 kB
MemTotal:        1844596 kB
MemFree:          106292 kB
MemAvailable:    1381100 kB
Buffers:          103224 kB
Cached:          1188940 kB
MemTotal:        1844596 kB
MemFree:          106244 kB
MemAvailable:    1381052 kB
Buffers:          103224 kB
Cached:          1188940 kB
MemTotal:        1844596 kB
MemFree:          107512 kB
MemAvailable:    1382320 kB
Buffers:          103224 kB
Cached:          1188940 kB
MemTotal:        1844596 kB
MemFree:          107596 kB
MemAvailable:    1382404 kB
Buffers:          103224 kB
Cached:          1188940 kB
MemTotal:        1844596 kB
MemFree:          107416 kB
MemAvailable:    1382224 kB
Buffers:          103224 kB
Cached:          1188940 kB
MemTotal:        1844596 kB
MemFree:          107608 kB
MemAvailable:    1382416 kB
Buffers:          103224 kB
Cached:          1188940 kB
MemTotal:        1844596 kB
MemFree:          106800 kB
MemAvailable:    1381608 kB
Buffers:          103224 kB
Cached:          1188940 kB
MemTotal:        1844596 kB
MemFree:          107364 kB
MemAvailable:    1382176 kB
Buffers:          103224 kB
Cached:          1188944 kB
MemTotal:        1844596 kB
MemFree:          107700 kB
MemAvailable:    1382512 kB
Buffers:          103224 kB
Cached:          1188944 kB
MemTotal:        1844596 kB
MemFree:          107412 kB
MemAvailable:    1382224 kB
Buffers:          103224 kB
Cached:          1188944 kB
MemTotal:        1844596 kB
MemFree:          107180 kB
MemAvailable:    1381992 kB
Buffers:          103224 kB
Cached:          1188944 kB
MemTotal:        1844596 kB
MemFree:          106132 kB
MemAvailable:    1380944 kB
Buffers:          103224 kB
Cached:          1188944 kB
MemTotal:        1844596 kB
MemFree:          107404 kB
MemAvailable:    1382216 kB
Buffers:          103224 kB
Cached:          1188944 kB
MemTotal:        1844596 kB
MemFree:          107656 kB
MemAvailable:    1382468 kB
Buffers:          103224 kB
Cached:          1188944 kB
MemTotal:        1844596 kB
MemFree:          107532 kB
MemAvailable:    1382344 kB
Buffers:          103224 kB
Cached:          1188944 kB
MemTotal:        1844596 kB
MemFree:          107588 kB
MemAvailable:    1382400 kB
Buffers:          103224 kB
Cached:          1188944 kB
MemTotal:        1844596 kB
MemFree:          106800 kB
MemAvailable:    1381612 kB
Buffers:          103224 kB
Cached:          1188944 kB
MemTotal:        1844596 kB
MemFree:          107324 kB
MemAvailable:    1382136 kB
Buffers:          103224 kB
Cached:          1188944 kB
MemTotal:        1844596 kB
MemFree:          107420 kB
MemAvailable:    1382232 kB
Buffers:          103224 kB
Cached:          1188944 kB
MemTotal:        1844596 kB
MemFree:          106248 kB
MemAvailable:    1381060 kB
Buffers:          103224 kB
Cached:          1188944 kB
MemTotal:        1844596 kB
MemFree:          106248 kB
MemAvailable:    1381060 kB
Buffers:          103224 kB
Cached:          1188944 kB
MemTotal:        1844596 kB
MemFree:          107652 kB
MemAvailable:    1382464 kB
Buffers:          103224 kB
Cached:          1188944 kB
MemTotal:        1844596 kB
MemFree:          107600 kB
MemAvailable:    1382412 kB
Buffers:          103224 kB
Cached:          1188944 kB
MemTotal:        1844596 kB
MemFree:          107340 kB
MemAvailable:    1382152 kB
Buffers:          103224 kB
Cached:          1188944 kB
MemTotal:        1844596 kB
MemFree:          107472 kB
MemAvailable:    1382284 kB
Buffers:          103224 kB
Cached:          1188944 kB
MemTotal:        1844596 kB
MemFree:          106100 kB
MemAvailable:    1380912 kB
Buffers:          103224 kB
Cached:          1188944 kB
MemTotal:        1844596 kB
MemFree:          107536 kB
MemAvailable:    1382348 kB
Buffers:          103224 kB
Cached:          1188944 kB
MemTotal:        1844596 kB
MemFree:          107748 kB
MemAvailable:    1382560 kB
Buffers:          103224 kB
Cached:          1188944 kB
MemTotal:        1844596 kB
MemFree:          107432 kB
MemAvailable:    1382244 kB
Buffers:          103224 kB
Cached:          1188944 kB
MemTotal:        1844596 kB
MemFree:          107720 kB
MemAvailable:    1382532 kB
Buffers:          103224 kB
Cached:          1188944 kB
MemTotal:        1844596 kB
MemFree:          107120 kB
MemAvailable:    1381932 kB
Buffers:          103224 kB
Cached:          1188944 kB
MemTotal:        1844596 kB
MemFree:          107404 kB
MemAvailable:    1382216 kB
Buffers:          103224 kB
Cached:          1188944 kB
MemTotal:        1844596 kB
MemFree:          107604 kB
MemAvailable:    1382416 kB
Buffers:          103224 kB
Cached:          1188944 kB
MemTotal:        1844596 kB
MemFree:          106044 kB
MemAvailable:    1380856 kB
Buffers:          103224 kB
Cached:          1188944 kB
MemTotal:        1844596 kB
MemFree:          107556 kB
MemAvailable:    1382368 kB
Buffers:          103224 kB
Cached:          1188944 kB
MemTotal:        1844596 kB
MemFree:          106256 kB
MemAvailable:    1381068 kB
Buffers:          103224 kB
Cached:          1188944 kB
MemTotal:        1844596 kB
MemFree:          107432 kB
MemAvailable:    1382244 kB
Buffers:          103224 kB
Cached:          1188944 kB
MemTotal:        1844596 kB
MemFree:          106292 kB
MemAvailable:    1381104 kB
Buffers:          103224 kB
Cached:          1188944 kB
MemTotal:        1844596 kB
MemFree:          106292 kB
MemAvailable:    1381104 kB
Buffers:          103224 kB
Cached:          1188944 kB
MemTotal:        1844596 kB
MemFree:          107524 kB
MemAvailable:    1382336 kB
Buffers:          103224 kB
Cached:          1188944 kB
MemTotal:        1844596 kB
MemFree:          104552 kB
MemAvailable:    1379364 kB
Buffers:          103224 kB
Cached:          1188944 kB
MemTotal:        1844596 kB
MemFree:          103080 kB
MemAvailable:    1377892 kB
Buffers:          103224 kB
Cached:          1188944 kB
MemTotal:        1844596 kB
MemFree:          100776 kB
MemAvailable:    1375588 kB
Buffers:          103224 kB
Cached:          1188944 kB
MemTotal:        1844596 kB
MemFree:           96864 kB
MemAvailable:    1371676 kB
Buffers:          103224 kB
Cached:          1188944 kB
MemTotal:        1844596 kB
MemFree:           94400 kB
MemAvailable:    1369212 kB
Buffers:          103224 kB
Cached:          1188944 kB
MemTotal:        1844596 kB
MemFree:           91036 kB
MemAvailable:    1365852 kB
Buffers:          103224 kB
Cached:          1188948 kB
MemTotal:        1844596 kB
MemFree:           90680 kB
MemAvailable:    1365496 kB
Buffers:          103224 kB
Cached:          1188948 kB
MemTotal:        1844596 kB
MemFree:           87084 kB
MemAvailable:    1361900 kB
Buffers:          103224 kB
Cached:          1188948 kB
MemTotal:        1844596 kB
MemFree:           88324 kB
MemAvailable:    1363140 kB
Buffers:          103224 kB
Cached:          1188948 kB
MemTotal:        1844596 kB
MemFree:           88060 kB
MemAvailable:    1362876 kB
Buffers:          103224 kB
Cached:          1188948 kB
MemTotal:        1844596 kB
MemFree:           88312 kB
MemAvailable:    1363128 kB
Buffers:          103224 kB
Cached:          1188948 kB
MemTotal:        1844596 kB
MemFree:           88004 kB
MemAvailable:    1362820 kB
Buffers:          103224 kB
Cached:          1188948 kB
MemTotal:        1844596 kB
MemFree:           87944 kB
MemAvailable:    1362760 kB
Buffers:          103224 kB
Cached:          1188948 kB
MemTotal:        1844596 kB
MemFree:           86828 kB
MemAvailable:    1361644 kB
Buffers:          103224 kB
Cached:          1188948 kB
MemTotal:        1844596 kB
MemFree:           86952 kB
MemAvailable:    1361768 kB
Buffers:          103224 kB
Cached:          1188948 kB
MemTotal:        1844596 kB
MemFree:           87896 kB
MemAvailable:    1362712 kB
Buffers:          103224 kB
Cached:          1188948 kB
MemTotal:        1844596 kB
MemFree:           87836 kB
MemAvailable:    1362652 kB
Buffers:          103224 kB
Cached:          1188948 kB
MemTotal:        1844596 kB
MemFree:           87772 kB
MemAvailable:    1362588 kB
Buffers:          103224 kB
Cached:          1188948 kB
MemTotal:        1844596 kB
MemFree:           88108 kB
MemAvailable:    1362924 kB
Buffers:          103224 kB
Cached:          1188948 kB
MemTotal:        1844596 kB
MemFree:           87944 kB
MemAvailable:    1362760 kB
Buffers:          103224 kB
Cached:          1188948 kB
MemTotal:        1844596 kB
MemFree:           87944 kB
MemAvailable:    1362760 kB
Buffers:          103224 kB
Cached:          1188948 kB
MemTotal:        1844596 kB
MemFree:           87680 kB
MemAvailable:    1362496 kB
Buffers:          103224 kB
Cached:          1188948 kB
MemTotal:        1844596 kB
MemFree:           86152 kB
MemAvailable:    1360968 kB
Buffers:          103224 kB
Cached:          1188948 kB
MemTotal:        1844596 kB
MemFree:           87696 kB
MemAvailable:    1362512 kB
Buffers:          103224 kB
Cached:          1188948 kB
MemTotal:        1844596 kB
MemFree:           86844 kB
MemAvailable:    1361660 kB
Buffers:          103224 kB
Cached:          1188948 kB
MemTotal:        1844596 kB
MemFree:           87572 kB
MemAvailable:    1362388 kB
Buffers:          103224 kB
Cached:          1188948 kB
MemTotal:        1844596 kB
MemFree:           87828 kB
MemAvailable:    1362644 kB
Buffers:          103224 kB
Cached:          1188948 kB
MemTotal:        1844596 kB
MemFree:           86820 kB
MemAvailable:    1361636 kB
Buffers:          103224 kB
Cached:          1188948 kB
MemTotal:        1844596 kB
MemFree:           86328 kB
MemAvailable:    1361144 kB
Buffers:          103224 kB
Cached:          1188948 kB
MemTotal:        1844596 kB
MemFree:           86340 kB
MemAvailable:    1361156 kB
Buffers:          103224 kB
Cached:          1188948 kB
MemTotal:        1844596 kB
MemFree:           86712 kB
MemAvailable:    1361528 kB
Buffers:          103224 kB
Cached:          1188948 kB
MemTotal:        1844596 kB
MemFree:           87324 kB
MemAvailable:    1362140 kB
Buffers:          103224 kB
Cached:          1188948 kB
MemTotal:        1844596 kB
MemFree:           85696 kB
MemAvailable:    1360512 kB
Buffers:          103224 kB
Cached:          1188948 kB
MemTotal:        1844596 kB
MemFree:           83728 kB
MemAvailable:    1358544 kB
Buffers:          103224 kB
Cached:          1188948 kB
MemTotal:        1844596 kB
MemFree:           83728 kB
MemAvailable:    1358544 kB
Buffers:          103224 kB
Cached:          1188948 kB
MemTotal:        1844596 kB
MemFree:           76720 kB
MemAvailable:    1351536 kB
Buffers:          103224 kB
Cached:          1188948 kB
MemTotal:        1844596 kB
MemFree:           77776 kB
MemAvailable:    1352592 kB
Buffers:          103224 kB
Cached:          1188948 kB
MemTotal:        1844596 kB
MemFree:           77528 kB
MemAvailable:    1352344 kB
Buffers:          103224 kB
Cached:          1188948 kB
MemTotal:        1844596 kB
MemFree:           76236 kB
MemAvailable:    1351052 kB
Buffers:          103224 kB
Cached:          1188948 kB
MemTotal:        1844596 kB
MemFree:           76360 kB
MemAvailable:    1351176 kB
Buffers:          103224 kB
Cached:          1188948 kB
MemTotal:        1844596 kB
MemFree:           76916 kB
MemAvailable:    1351732 kB
Buffers:          103224 kB
Cached:          1188948 kB
MemTotal:        1844596 kB
MemFree:           76284 kB
MemAvailable:    1351100 kB
Buffers:          103224 kB
Cached:          1188948 kB
MemTotal:        1844596 kB
MemFree:           76656 kB
MemAvailable:    1351472 kB
Buffers:          103224 kB
Cached:          1188948 kB
MemTotal:        1844596 kB
MemFree:           76408 kB
MemAvailable:    1351224 kB
Buffers:          103224 kB
Cached:          1188948 kB
MemTotal:        1844596 kB
MemFree:           76400 kB
MemAvailable:    1351216 kB
Buffers:          103224 kB
Cached:          1188948 kB
MemTotal:        1844596 kB
MemFree:           77384 kB
MemAvailable:    1352284 kB
Buffers:          103224 kB
Cached:          1189072 kB
MemTotal:        1844596 kB
MemFree:           77296 kB
MemAvailable:    1352196 kB
Buffers:          103224 kB
Cached:          1189072 kB
MemTotal:        1844596 kB
MemFree:           77016 kB
MemAvailable:    1352084 kB
Buffers:          103224 kB
Cached:          1189320 kB
MemTotal:        1844596 kB
MemFree:           77352 kB
MemAvailable:    1352420 kB
Buffers:          103224 kB
Cached:          1189320 kB
MemTotal:        1844596 kB
MemFree:           76884 kB
MemAvailable:    1352204 kB
Buffers:          103224 kB
Cached:          1189444 kB
MemTotal:        1844596 kB
MemFree:           76884 kB
MemAvailable:    1352204 kB
Buffers:          103224 kB
Cached:          1189444 kB
MemTotal:        1844596 kB
MemFree:           76728 kB
MemAvailable:    1352132 kB
Buffers:          103224 kB
Cached:          1189444 kB
MemTotal:        1844596 kB
MemFree:           76984 kB
MemAvailable:    1352388 kB
Buffers:          103224 kB
Cached:          1189444 kB
MemTotal:        1844596 kB
MemFree:           75736 kB
MemAvailable:    1351140 kB
Buffers:          103224 kB
Cached:          1189568 kB
MemTotal:        1844596 kB
MemFree:           76756 kB
MemAvailable:    1352160 kB
Buffers:          103224 kB
Cached:          1189568 kB
MemTotal:        1844596 kB
MemFree:           77008 kB
MemAvailable:    1352412 kB
Buffers:          103224 kB
Cached:          1189568 kB
MemTotal:        1844596 kB
MemFree:           76796 kB
MemAvailable:    1352200 kB
Buffers:          103224 kB
Cached:          1189568 kB
MemTotal:        1844596 kB
MemFree:           75532 kB
MemAvailable:    1350936 kB
Buffers:          103224 kB
Cached:          1189568 kB
MemTotal:        1844596 kB
MemFree:           76832 kB
MemAvailable:    1352320 kB
Buffers:          103224 kB
Cached:          1189692 kB
MemTotal:        1844596 kB
MemFree:           77552 kB
MemAvailable:    1352368 kB
Buffers:          103224 kB
Cached:          1188976 kB
MemTotal:        1844596 kB
MemFree:           77568 kB
MemAvailable:    1352384 kB
Buffers:          103224 kB
Cached:          1188976 kB
MemTotal:        1844596 kB
MemFree:          138192 kB
MemAvailable:    1413092 kB
Buffers:          103224 kB
Cached:          1188976 kB
MemTotal:        1844596 kB
MemFree:          266492 kB
MemAvailable:    1541308 kB
Buffers:          103224 kB
Cached:          1188976 kB
