MemTotal:        1844596 kB
MemFree:          775612 kB
MemAvailable:    1547292 kB
Buffers:           87764 kB
Cached:           710672 kB
MemTotal:        1844596 kB
MemFree:          748100 kB
MemAvailable:    1519788 kB
Buffers:           87764 kB
Cached:           710676 kB
MemTotal:        1844596 kB
MemFree:          748156 kB
MemAvailable:    1519844 kB
Buffers:           87764 kB
Cached:           710676 kB
MemTotal:        1844596 kB
MemFree:          745860 kB
MemAvailable:    1517548 kB
Buffers:           87764 kB
Cached:           710676 kB
MemTotal:        1844596 kB
MemFree:          745000 kB
MemAvailable:    1516688 kB
Buffers:           87764 kB
Cached:           710676 kB
MemTotal:        1844596 kB
MemFree:          744572 kB
MemAvailable:    1516260 kB
Buffers:           87764 kB
Cached:           710676 kB
MemTotal:        1844596 kB
MemFree:          743000 kB
MemAvailable:    1514688 kB
Buffers:           87764 kB
Cached:           710676 kB
MemTotal:        1844596 kB
MemFree:          741288 kB
MemAvailable:    1512976 kB
Buffers:           87764 kB
Cached:           710676 kB
MemTotal:        1844596 kB
MemFree:          739388 kB
MemAvailable:    1511076 kB
Buffers:           87764 kB
Cached:           710676 kB
MemTotal:        1844596 kB
MemFree:          734824 kB
MemAvailable:    1506512 kB
Buffers:           87764 kB
Cached:           710676 kB
MemTotal:        1844596 kB
MemFree:          734788 kB
MemAvailable:    1506476 kB
Buffers:           87764 kB
Cached:           710676 kB
MemTotal:        1844596 kB
MemFree:          736196 kB
MemAvailable:    1507884 kB
Buffers:           87764 kB
Cached:           710676 kB
MemTotal:        1844596 kB
MemFree:          735212 kB
MemAvailable:    1506900 kB
Buffers:           87764 kB
Cached:           710676 kB
MemTotal:        1844596 kB
MemFree:          736328 kB
MemAvailable:    1508016 kB
Buffers:           87764 kB
Cached:           710676 kB
MemTotal:        1844596 kB
MemFree:          736132 kB
MemAvailable:    1507820 kB
Buffers:           87764 kB
Cached:           710676 kB
MemTotal:        1844596 kB
MemFree:          735768 kB
MemAvailable:    1507456 kB
Buffers:           87764 kB
Cached:           710676 kB
MemTotal:        1844596 kB
MemFree:          735544 kB
MemAvailable:    1507232 kB
Buffers:           87764 kB
Cached:           710676 kB
MemTotal:        1844596 kB
MemFree:          734172 kB
MemAvailable:    1505860 kB
Buffers:           87764 kB
Cached:           710676 kB
MemTotal:        1844596 kB
MemFree:          734344 kB
MemAvailable:    1506032 kB
Buffers:           87764 kB
Cached:           710676 kB
MemTotal:        1844596 kB
MemFree:          735164 kB
MemAvailable:    1506852 kB
Buffers:           87764 kB
Cached:           710676 kB
MemTotal:        1844596 kB
MemFree:          735420 kB
MemAvailable:    1507108 kB
Buffers:           87764 kB
Cached:           710676 kB
MemTotal:        1844596 kB
MemFree:          733916 kB
MemAvailable:    1505604 kB
Buffers:           87764 kB
Cached:           710676 kB
MemTotal:        1844596 kB
MemFree:          735224 kB
MemAvailable:    1506912 kB
Buffers:           87764 kB
Cached:           710676 kB
MemTotal:        1844596 kB
MemFree:          735304 kB
MemAvailable:    1506992 kB
Buffers:           87764 kB
Cached:           710676 kB
MemTotal:        1844596 kB
MemFree:          734096 kB
MemAvailable:    1505784 kB
Buffers:           87764 kB
Cached:           710676 kB
MemTotal:        1844596 kB
MemFree:          734652 kB
MemAvailable:    1506340 kB
Buffers:           87764 kB
Cached:           710676 kB
MemTotal:        1844596 kB
MemFree:          734784 kB
MemAvailable:    1506472 kB
Buffers:           87764 kB
Cached:           710676 kB
MemTotal:        1844596 kB
MemFree:          734080 kB
MemAvailable:    1505768 kB
Buffers:           87764 kB
Cached:           710676 kB
MemTotal:        1844596 kB
MemFree:          734416 kB
MemAvailable:    1506104 kB
Buffers:           87764 kB
Cached:           710676 kB
MemTotal:        1844596 kB
MemFree:          734088 kB
MemAvailable:    1505776 kB
Buffers:           87764 kB
Cached:           710676 kB
MemTotal:        1844596 kB
MemFree:          733460 kB
MemAvailable:    1505148 kB
Buffers:           87764 kB
Cached:           710676 kB
MemTotal:        1844596 kB
MemFree:          733588 kB
MemAvailable:    1505276 kB
Buffers:           87764 kB
Cached:           710676 kB
MemTotal:        1844596 kB
MemFree:          732716 kB
MemAvailable:    1504404 kB
Buffers:           87764 kB
Cached:           710676 kB
MemTotal:        1844596 kB
MemFree:          732884 kB
MemAvailable:    1504572 kB
Buffers:           87764 kB
Cached:           710676 kB
MemTotal:        1844596 kB
MemFree:          731176 kB
MemAvailable:    1502864 kB
Buffers:           87764 kB
Cached:           710676 kB
MemTotal:        1844596 kB
MemFree:          733104 kB
MemAvailable:    1504792 kB
Buffers:           87764 kB
Cached:           710676 kB
MemTotal:        1844596 kB
MemFree:          732800 kB
MemAvailable:    1504488 kB
Buffers:           87764 kB
Cached:           710676 kB
MemTotal:        1844596 kB
MemFree:          731552 kB
MemAvailable:    1503240 kB
Buffers:           87764 kB
Cached:           710676 kB
MemTotal:        1844596 kB
MemFree:          732780 kB
MemAvailable:    1504468 kB
Buffers:           87764 kB
Cached:           710676 kB
MemTotal:        1844596 kB
MemFree:          732864 kB
MemAvailable:    1504552 kB
Buffers:           87764 kB
Cached:           710676 kB
MemTotal:        1844596 kB
MemFree:          732700 kB
MemAvailable:    1504388 kB
Buffers:           87764 kB
Cached:           710676 kB
MemTotal:        1844596 kB
MemFree:          732048 kB
MemAvailable:    1503736 kB
Buffers:           87764 kB
Cached:           710676 kB
MemTotal:        1844596 kB
MemFree:          729996 kB
MemAvailable:    1501684 kB
Buffers:           87764 kB
Cached:           710676 kB
MemTotal:        1844596 kB
MemFree:          730080 kB
MemAvailable:    1501768 kB
Buffers:           87764 kB
Cached:           710676 kB
MemTotal:        1844596 kB
MemFree:          727500 kB
MemAvailable:    1499188 kB
Buffers:           87764 kB
Cached:           710676 kB
MemTotal:        1844596 kB
MemFree:          727392 kB
MemAvailable:    1499080 kB
Buffers:           87764 kB
Cached:           710676 kB
MemTotal:        1844596 kB
MemFree:          726264 kB
MemAvailable:    1497952 kB
Buffers:           87764 kB
Cached:           710676 kB
MemTotal:        1844596 kB
MemFree:          727620 kB
MemAvailable:    1499308 kB
Buffers:           87764 kB
Cached:           710676 kB
MemTotal:        1844596 kB
MemFree:          727308 kB
MemAvailable:    1498996 kB
Buffers:           87764 kB
Cached:           710676 kB
MemTotal:        1844596 kB
MemFree:          727060 kB
MemAvailable:    1498748 kB
Buffers:           87764 kB
Cached:           710676 kB
MemTotal:        1844596 kB
MemFree:          726004 kB
MemAvailable:    1497692 kB
Buffers:           87764 kB
Cached:           710676 kB
MemTotal:        1844596 kB
MemFree:          726972 kB
MemAvailable:    1498660 kB
Buffers:           87764 kB
Cached:           710676 kB
MemTotal:        1844596 kB
MemFree:          726972 kB
MemAvailable:    1498660 kB
Buffers:           87764 kB
Cached:           710676 kB
MemTotal:        1844596 kB
MemFree:          726840 kB
MemAvailable:    1498528 kB
Buffers:           87764 kB
Cached:           710676 kB
MemTotal:        1844596 kB
MemFree:          727008 kB
MemAvailable:    1498696 kB
Buffers:           87764 kB
Cached:           710676 kB
MemTotal:        1844596 kB
MemFree:          726992 kB
MemAvailable:    1498680 kB
Buffers:           87764 kB
Cached:           710676 kB
MemTotal:        1844596 kB
MemFree:          727244 kB
MemAvailable:    1498932 kB
Buffers:           87764 kB
Cached:           710676 kB
MemTotal:        1844596 kB
MemFree:          727008 kB
MemAvailable:    1498696 kB
Buffers:           87764 kB
Cached:           710676 kB
MemTotal:        1844596 kB
MemFree:          726664 kB
MemAvailable:    1498352 kB
Buffers:           87764 kB
Cached:           710676 kB
MemTotal:        1844596 kB
MemFree:          724540 kB
MemAvailable:    1496228 kB
Buffers:           87764 kB
Cached:           710676 kB
MemTotal:        1844596 kB
MemFree:          725780 kB
MemAvailable:    1497468 kB
Buffers:           87764 kB
Cached:           710676 kB
MemTotal:        1844596 kB
MemFree:          721408 kB
MemAvailable:    1493096 kB
Buffers:           87764 kB
Cached:           710676 kB
MemTotal:        1844596 kB
MemFree:          720340 kB
MemAvailable:    1492028 kB
Buffers:           87764 kB
Cached:           710676 kB
MemTotal:        1844596 kB
MemFree:          720764 kB
MemAvailable:    1492452 kB
Buffers:           87764 kB
Cached:           710676 kB
MemTotal:        1844596 kB
MemFree:          720764 kB
MemAvailable:    1492452 kB
Buffers:           87764 kB
Cached:           710676 kB
MemTotal:        1844596 kB
MemFree:          718100 kB
MemAvailable:    1489788 kB
Buffers:           87764 kB
Cached:           710676 kB
MemTotal:        1844596 kB
MemFree:          718100 kB
MemAvailable:    1489788 kB
Buffers:           87764 kB
Cached:           710676 kB
MemTotal:        1844596 kB
MemFree:          717480 kB
MemAvailable:    1489168 kB
Buffers:           87764 kB
Cached:           710676 kB
MemTotal:        1844596 kB
MemFree:          718648 kB
MemAvailable:    1490336 kB
Buffers:           87764 kB
Cached:           710676 kB
MemTotal:        1844596 kB
MemFree:          717488 kB
MemAvailable:    1489176 kB
Buffers:           87764 kB
Cached:           710676 kB
MemTotal:        1844596 kB
MemFree:          718292 kB
MemAvailable:    1489980 kB
Buffers:           87764 kB
Cached:           710676 kB
MemTotal:        1844596 kB
MemFree:          718544 kB
MemAvailable:    1490232 kB
Buffers:           87764 kB
Cached:           710676 kB
MemTotal:        1844596 kB
MemFree:          718236 kB
MemAvailable:    1489924 kB
Buffers:           87764 kB
Cached:           710676 kB
MemTotal:        1844596 kB
MemFree:          718356 kB
MemAvailable:    1490044 kB
Buffers:           87764 kB
Cached:           710676 kB
MemTotal:        1844596 kB
MemFree:          717612 kB
MemAvailable:    1489300 kB
Buffers:           87764 kB
Cached:           710676 kB
MemTotal:        1844596 kB
MemFree:          718216 kB
MemAvailable:    1489912 kB
Buffers:           87764 kB
Cached:           710684 kB
MemTotal:        1844596 kB
MemFree:          718232 kB
MemAvailable:    1489928 kB
Buffers:           87764 kB
Cached:           710684 kB
MemTotal:        1844596 kB
MemFree:          718228 kB
MemAvailable:    1489924 kB
Buffers:           87764 kB
Cached:           710684 kB
MemTotal:        1844596 kB
MemFree:          718420 kB
MemAvailable:    1490116 kB
Buffers:           87764 kB
Cached:           710684 kB
MemTotal:        1844596 kB
MemFree:          717604 kB
MemAvailable:    1489300 kB
Buffers:           87764 kB
Cached:           710684 kB
MemTotal:        1844596 kB
MemFree:          718208 kB
MemAvailable:    1489904 kB
Buffers:           87764 kB
Cached:           710684 kB
MemTotal:        1844596 kB
MemFree:          718208 kB
MemAvailable:    1489904 kB
Buffers:           87764 kB
Cached:           710684 kB
MemTotal:        1844596 kB
MemFree:          718040 kB
MemAvailable:    1489736 kB
Buffers:           87764 kB
Cached:           710684 kB
MemTotal:        1844596 kB
MemFree:          717984 kB
MemAvailable:    1489680 kB
Buffers:           87764 kB
Cached:           710684 kB
MemTotal:        1844596 kB
MemFree:          716688 kB
MemAvailable:    1488384 kB
Buffers:           87764 kB
Cached:           710684 kB
MemTotal:        1844596 kB
MemFree:          716688 kB
MemAvailable:    1488384 kB
Buffers:           87764 kB
Cached:           710684 kB
MemTotal:        1844596 kB
MemFree:          717988 kB
MemAvailable:    1489684 kB
Buffers:           87764 kB
Cached:           710684 kB
MemTotal:        1844596 kB
MemFree:          717108 kB
MemAvailable:    1488804 kB
Buffers:           87764 kB
Cached:           710684 kB
MemTotal:        1844596 kB
MemFree:          716556 kB
MemAvailable:    1488252 kB
Buffers:           87764 kB
Cached:           710684 kB
MemTotal:        1844596 kB
MemFree:          715432 kB
MemAvailable:    1487128 kB
Buffers:           87764 kB
Cached:           710684 kB
MemTotal:        1844596 kB
MemFree:          712952 kB
MemAvailable:    1484648 kB
Buffers:           87764 kB
Cached:           710684 kB
MemTotal:        1844596 kB
MemFree:          709908 kB
MemAvailable:    1481604 kB
Buffers:           87764 kB
Cached:           710684 kB
MemTotal:        1844596 kB
MemFree:          709908 kB
MemAvailable:    1481604 kB
Buffers:           87764 kB
Cached:           710684 kB
MemTotal:        1844596 kB
MemFree:          709912 kB
MemAvailable:    1481608 kB
Buffers:           87764 kB
Cached:           710684 kB
MemTotal:        1844596 kB
MemFree:          709884 kB
MemAvailable:    1481580 kB
Buffers:           87764 kB
Cached:           710684 kB
MemTotal:        1844596 kB
MemFree:          709048 kB
MemAvailable:    1480748 kB
Buffers:           87764 kB
Cached:           710688 kB
MemTotal:        1844596 kB
MemFree:          709348 kB
MemAvailable:    1481048 kB
Buffers:           87764 kB
Cached:           710688 kB
MemTotal:        1844596 kB
MemFree:          709432 kB
MemAvailable:    1481132 kB
Buffers:           87764 kB
Cached:           710688 kB
MemTotal:        1844596 kB
MemFree:          707980 kB
MemAvailable:    1479680 kB
Buffers:           87764 kB
Cached:           710688 kB
MemTotal:        1844596 kB
MemFree:          708712 kB
MemAvailable:    1480412 kB
Buffers:           87764 kB
Cached:           710688 kB
MemTotal:        1844596 kB
MemFree:          708056 kB
MemAvailable:    1479756 kB
Buffers:           87764 kB
Cached:           710688 kB
MemTotal:        1844596 kB
MemFree:          709752 kB
MemAvailable:    1481452 kB
Buffers:           87764 kB
Cached:           710688 kB
MemTotal:        1844596 kB
MemFree:          709916 kB
MemAvailable:    1481616 kB
Buffers:           87764 kB
Cached:           710688 kB
MemTotal:        1844596 kB
MemFree:          709924 kB
MemAvailable:    1481624 kB
Buffers:           87764 kB
Cached:           710688 kB
MemTotal:        1844596 kB
MemFree:          708552 kB
MemAvailable:    1480252 kB
Buffers:           87764 kB
Cached:           710688 kB
MemTotal:        1844596 kB
MemFree:          708296 kB
MemAvailable:    1479996 kB
Buffers:           87764 kB
Cached:           710688 kB
MemTotal:        1844596 kB
MemFree:          709652 kB
MemAvailable:    1481352 kB
Buffers:           87764 kB
Cached:           710688 kB
MemTotal:        1844596 kB
MemFree:          708280 kB
MemAvailable:    1479980 kB
Buffers:           87764 kB
Cached:           710688 kB
MemTotal:        1844596 kB
MemFree:          709632 kB
MemAvailable:    1481332 kB
Buffers:           87764 kB
Cached:           710688 kB
MemTotal:        1844596 kB
MemFree:          709356 kB
MemAvailable:    1481056 kB
Buffers:           87764 kB
Cached:           710688 kB
MemTotal:        1844596 kB
MemFree:          709152 kB
MemAvailable:    1480852 kB
Buffers:           87764 kB
Cached:           710688 kB
MemTotal:        1844596 kB
MemFree:          707984 kB
MemAvailable:    1479684 kB
Buffers:           87764 kB
Cached:           710688 kB
MemTotal:        1844596 kB
MemFree:          708420 kB
MemAvailable:    1480120 kB
Buffers:           87764 kB
Cached:           710688 kB
MemTotal:        1844596 kB
MemFree:          708428 kB
MemAvailable:    1480128 kB
Buffers:           87764 kB
Cached:           710688 kB
MemTotal:        1844596 kB
MemFree:          709272 kB
MemAvailable:    1480972 kB
Buffers:           87764 kB
Cached:           710688 kB
MemTotal:        1844596 kB
MemFree:          709356 kB
MemAvailable:    1481056 kB
Buffers:           87764 kB
Cached:           710688 kB
MemTotal:        1844596 kB
MemFree:          709304 kB
MemAvailable:    1481004 kB
Buffers:           87764 kB
Cached:           710688 kB
MemTotal:        1844596 kB
MemFree:          709148 kB
MemAvailable:    1480848 kB
Buffers:           87764 kB
Cached:           710688 kB
MemTotal:        1844596 kB
MemFree:          709232 kB
MemAvailable:    1480932 kB
Buffers:           87764 kB
Cached:           710688 kB
MemTotal:        1844596 kB
MemFree:          709344 kB
MemAvailable:    1481044 kB
Buffers:           87764 kB
Cached:           710688 kB
MemTotal:        1844596 kB
MemFree:          709480 kB
MemAvailable:    1481180 kB
Buffers:           87764 kB
Cached:           710688 kB
MemTotal:        1844596 kB
MemFree:          708996 kB
MemAvailable:    1480696 kB
Buffers:           87764 kB
Cached:           710688 kB
MemTotal:        1844596 kB
MemFree:          709232 kB
MemAvailable:    1480932 kB
Buffers:           87764 kB
Cached:           710688 kB
MemTotal:        1844596 kB
MemFree:          709328 kB
MemAvailable:    1481028 kB
Buffers:           87764 kB
Cached:           710688 kB
MemTotal:        1844596 kB
MemFree:          709288 kB
MemAvailable:    1480988 kB
Buffers:           87764 kB
Cached:           710688 kB
MemTotal:        1844596 kB
MemFree:          709284 kB
MemAvailable:    1480984 kB
Buffers:           87764 kB
Cached:           710688 kB
MemTotal:        1844596 kB
MemFree:          708224 kB
MemAvailable:    1479924 kB
Buffers:           87764 kB
Cached:           710688 kB
MemTotal:        1844596 kB
MemFree:          709152 kB
MemAvailable:    1480852 kB
Buffers:           87764 kB
Cached:           710688 kB
MemTotal:        1844596 kB
MemFree:          709276 kB
MemAvailable:    1480976 kB
Buffers:           87764 kB
Cached:           710688 kB
MemTotal:        1844596 kB
MemFree:          708552 kB
MemAvailable:    1480252 kB
Buffers:           87764 kB
Cached:           710688 kB
MemTotal:        1844596 kB
MemFree:          707808 kB
MemAvailable:    1479508 kB
Buffers:           87764 kB
Cached:           710688 kB
MemTotal:        1844596 kB
MemFree:          704520 kB
MemAvailable:    1476220 kB
Buffers:           87764 kB
Cached:           710688 kB
MemTotal:        1844596 kB
MemFree:          700732 kB
MemAvailable:    1472432 kB
Buffers:           87764 kB
Cached:           710688 kB
MemTotal:        1844596 kB
MemFree:          699500 kB
MemAvailable:    1471200 kB
Buffers:           87764 kB
Cached:           710688 kB
MemTotal:        1844596 kB
MemFree:          698692 kB
MemAvailable:    1470392 kB
Buffers:           87764 kB
Cached:           710688 kB
MemTotal:        1844596 kB
MemFree:          697516 kB
MemAvailable:    1469216 kB
Buffers:           87764 kB
Cached:           710688 kB
MemTotal:        1844596 kB
MemFree:          698232 kB
MemAvailable:    1469932 kB
Buffers:           87764 kB
Cached:           710688 kB
MemTotal:        1844596 kB
MemFree:          698568 kB
MemAvailable:    1470268 kB
Buffers:           87764 kB
Cached:           710688 kB
MemTotal:        1844596 kB
MemFree:          697268 kB
MemAvailable:    1468968 kB
Buffers:           87764 kB
Cached:           710688 kB
MemTotal:        1844596 kB
MemFree:          698676 kB
MemAvailable:    1470376 kB
Buffers:           87764 kB
Cached:           710688 kB
MemTotal:        1844596 kB
MemFree:          698120 kB
MemAvailable:    1469820 kB
Buffers:           87764 kB
Cached:           710688 kB
MemTotal:        1844596 kB
MemFree:          697008 kB
MemAvailable:    1468708 kB
Buffers:           87764 kB
Cached:           710688 kB
MemTotal:        1844596 kB
MemFree:          697144 kB
MemAvailable:    1468844 kB
Buffers:           87764 kB
Cached:           710688 kB
MemTotal:        1844596 kB
MemFree:          698444 kB
MemAvailable:    1470144 kB
Buffers:           87764 kB
Cached:           710688 kB
MemTotal:        1844596 kB
MemFree:          697772 kB
MemAvailable:    1469472 kB
Buffers:           87764 kB
Cached:           710688 kB
MemTotal:        1844596 kB
MemFree:          698328 kB
MemAvailable:    1470028 kB
Buffers:           87764 kB
Cached:           710688 kB
MemTotal:        1844596 kB
MemFree:          698520 kB
MemAvailable:    1470220 kB
Buffers:           87764 kB
Cached:           710688 kB
MemTotal:        1844596 kB
MemFree:          697228 kB
MemAvailable:    1468928 kB
Buffers:           87764 kB
Cached:           710688 kB
MemTotal:        1844596 kB
MemFree:          697344 kB
MemAvailable:    1469044 kB
Buffers:           87764 kB
Cached:           710688 kB
MemTotal:        1844596 kB
MemFree:          697220 kB
MemAvailable:    1468920 kB
Buffers:           87764 kB
Cached:           710688 kB
MemTotal:        1844596 kB
MemFree:          697344 kB
MemAvailable:    1469044 kB
Buffers:           87764 kB
Cached:           710688 kB
MemTotal:        1844596 kB
MemFree:          698496 kB
MemAvailable:    1470196 kB
Buffers:           87764 kB
Cached:           710688 kB
MemTotal:        1844596 kB
MemFree:          697764 kB
MemAvailable:    1469464 kB
Buffers:           87764 kB
Cached:           710688 kB
MemTotal:        1844596 kB
MemFree:          697764 kB
MemAvailable:    1469464 kB
Buffers:           87764 kB
Cached:           710688 kB
MemTotal:        1844596 kB
MemFree:          697640 kB
MemAvailable:    1469340 kB
Buffers:           87764 kB
Cached:           710688 kB
MemTotal:        1844596 kB
MemFree:          698816 kB
MemAvailable:    1470516 kB
Buffers:           87764 kB
Cached:           710688 kB
MemTotal:        1844596 kB
MemFree:          697640 kB
MemAvailable:    1469340 kB
Buffers:           87764 kB
Cached:           710688 kB
MemTotal:        1844596 kB
MemFree:          698232 kB
MemAvailable:    1469932 kB
Buffers:           87764 kB
Cached:           710688 kB
MemTotal:        1844596 kB
MemFree:          698568 kB
MemAvailable:    1470268 kB
Buffers:           87764 kB
Cached:           710688 kB
MemTotal:        1844596 kB
MemFree:          698192 kB
MemAvailable:    1469892 kB
Buffers:           87764 kB
Cached:           710688 kB
MemTotal:        1844596 kB
MemFree:          698528 kB
MemAvailable:    1470228 kB
Buffers:           87764 kB
Cached:           710688 kB
MemTotal:        1844596 kB
MemFree:          697328 kB
MemAvailable:    1469028 kB
Buffers:           87764 kB
Cached:           710688 kB
MemTotal:        1844596 kB
MemFree:          698416 kB
MemAvailable:    1470116 kB
Buffers:           87764 kB
Cached:           710688 kB
MemTotal:        1844596 kB
MemFree:          697772 kB
MemAvailable:    1469472 kB
Buffers:           87764 kB
Cached:           710688 kB
MemTotal:        1844596 kB
MemFree:          698676 kB
MemAvailable:    1470384 kB
Buffers:           87764 kB
Cached:           710696 kB
MemTotal:        1844596 kB
MemFree:          698360 kB
MemAvailable:    1470068 kB
Buffers:           87764 kB
Cached:           710696 kB
MemTotal:        1844596 kB
MemFree:          698612 kB
MemAvailable:    1470320 kB
Buffers:           87764 kB
Cached:           710696 kB
MemTotal:        1844596 kB
MemFree:          697260 kB
MemAvailable:    1468968 kB
Buffers:           87764 kB
Cached:           710696 kB
MemTotal:        1844596 kB
MemFree:          697088 kB
MemAvailable:    1468796 kB
Buffers:           87764 kB
Cached:           710696 kB
MemTotal:        1844596 kB
MemFree:          697764 kB
MemAvailable:    1469472 kB
Buffers:           87764 kB
Cached:           710696 kB
MemTotal:        1844596 kB
MemFree:          698240 kB
MemAvailable:    1469948 kB
Buffers:           87764 kB
Cached:           710696 kB
MemTotal:        1844596 kB
MemFree:          698576 kB
MemAvailable:    1470284 kB
Buffers:           87764 kB
Cached:           710696 kB
MemTotal:        1844596 kB
MemFree:          697244 kB
MemAvailable:    1468952 kB
Buffers:           87764 kB
Cached:           710696 kB
MemTotal:        1844596 kB
MemFree:          698604 kB
MemAvailable:    1470312 kB
Buffers:           87764 kB
Cached:           710696 kB
MemTotal:        1844596 kB
MemFree:          698428 kB
MemAvailable:    1470136 kB
Buffers:           87764 kB
Cached:           710696 kB
MemTotal:        1844596 kB
MemFree:          698204 kB
MemAvailable:    1469912 kB
Buffers:           87764 kB
Cached:           710696 kB
MemTotal:        1844596 kB
MemFree:          698452 kB
MemAvailable:    1470160 kB
Buffers:           87764 kB
Cached:           710696 kB
MemTotal:        1844596 kB
MemFree:          698288 kB
MemAvailable:    1470000 kB
Buffers:           87764 kB
Cached:           710700 kB
MemTotal:        1844596 kB
MemFree:          698372 kB
MemAvailable:    1470084 kB
Buffers:           87764 kB
Cached:           710700 kB
MemTotal:        1844596 kB
MemFree:          698360 kB
MemAvailable:    1470072 kB
Buffers:           87764 kB
Cached:           710700 kB
MemTotal:        1844596 kB
MemFree:          698572 kB
MemAvailable:    1470284 kB
Buffers:           87764 kB
Cached:           710700 kB
MemTotal:        1844596 kB
MemFree:          698612 kB
MemAvailable:    1470324 kB
Buffers:           87764 kB
Cached:           710700 kB
MemTotal:        1844596 kB
MemFree:          697640 kB
MemAvailable:    1469352 kB
Buffers:           87764 kB
Cached:           710700 kB
MemTotal:        1844596 kB
MemFree:          698244 kB
MemAvailable:    1469956 kB
Buffers:           87764 kB
Cached:           710700 kB
MemTotal:        1844596 kB
MemFree:          698580 kB
MemAvailable:    1470292 kB
Buffers:           87764 kB
Cached:           710700 kB
MemTotal:        1844596 kB
MemFree:          696888 kB
MemAvailable:    1468600 kB
Buffers:           87764 kB
Cached:           710700 kB
MemTotal:        1844596 kB
MemFree:          697764 kB
MemAvailable:    1469476 kB
Buffers:           87764 kB
Cached:           710700 kB
MemTotal:        1844596 kB
MemFree:          697576 kB
MemAvailable:    1469288 kB
Buffers:           87764 kB
Cached:           710700 kB
MemTotal:        1844596 kB
MemFree:          696524 kB
MemAvailable:    1468236 kB
Buffers:           87764 kB
Cached:           710700 kB
MemTotal:        1844596 kB
MemFree:          697568 kB
MemAvailable:    1469280 kB
Buffers:           87764 kB
Cached:           710700 kB
MemTotal:        1844596 kB
MemFree:          696268 kB
MemAvailable:    1467980 kB
Buffers:           87764 kB
Cached:           710700 kB
MemTotal:        1844596 kB
MemFree:          696144 kB
MemAvailable:    1467856 kB
Buffers:           87764 kB
Cached:           710700 kB
MemTotal:        1844596 kB
MemFree:          697244 kB
MemAvailable:    1468956 kB
Buffers:           87764 kB
Cached:           710700 kB
MemTotal:        1844596 kB
MemFree:          696648 kB
MemAvailable:    1468360 kB
Buffers:           87764 kB
Cached:           710700 kB
MemTotal:        1844596 kB
MemFree:          697132 kB
MemAvailable:    1468844 kB
Buffers:           87764 kB
Cached:           710700 kB
MemTotal:        1844596 kB
MemFree:          697188 kB
MemAvailable:    1468900 kB
Buffers:           87764 kB
Cached:           710700 kB
MemTotal:        1844596 kB
MemFree:          695880 kB
MemAvailable:    1467592 kB
Buffers:           87764 kB
Cached:           710700 kB
MemTotal:        1844596 kB
MemFree:          696792 kB
MemAvailable:    1468504 kB
Buffers:           87764 kB
Cached:           710700 kB
MemTotal:        1844596 kB
MemFree:          696948 kB
MemAvailable:    1468660 kB
Buffers:           87764 kB
Cached:           710700 kB
MemTotal:        1844596 kB
MemFree:          695624 kB
MemAvailable:    1467336 kB
Buffers:           87764 kB
Cached:           710700 kB
MemTotal:        1844596 kB
MemFree:          695872 kB
MemAvailable:    1467584 kB
Buffers:           87764 kB
Cached:           710700 kB
MemTotal:        1844596 kB
MemFree:          696724 kB
MemAvailable:    1468436 kB
Buffers:           87764 kB
Cached:           710700 kB
MemTotal:        1844596 kB
MemFree:          696808 kB
MemAvailable:    1468520 kB
Buffers:           87764 kB
Cached:           710700 kB
MemTotal:        1844596 kB
MemFree:          696608 kB
MemAvailable:    1468320 kB
Buffers:           87764 kB
Cached:           710700 kB
MemTotal:        1844596 kB
MemFree:          696944 kB
MemAvailable:    1468656 kB
Buffers:           87764 kB
Cached:           710700 kB
MemTotal:        1844596 kB
MemFree:          695628 kB
MemAvailable:    1467340 kB
Buffers:           87764 kB
Cached:           710700 kB
MemTotal:        1844596 kB
MemFree:          696412 kB
MemAvailable:    1468124 kB
Buffers:           87764 kB
Cached:           710700 kB
MemTotal:        1844596 kB
MemFree:          695096 kB
MemAvailable:    1466808 kB
Buffers:           87764 kB
Cached:           710700 kB
MemTotal:        1844596 kB
MemFree:          695344 kB
MemAvailable:    1467056 kB
Buffers:           87764 kB
Cached:           710700 kB
MemTotal:        1844596 kB
MemFree:          695344 kB
MemAvailable:    1467056 kB
Buffers:           87764 kB
Cached:           710700 kB
MemTotal:        1844596 kB
MemFree:          695468 kB
MemAvailable:    1467180 kB
Buffers:           87764 kB
Cached:           710700 kB
MemTotal:        1844596 kB
MemFree:          695468 kB
MemAvailable:    1467180 kB
Buffers:           87764 kB
Cached:           710700 kB
MemTotal:        1844596 kB
MemFree:          692432 kB
MemAvailable:    1464144 kB
Buffers:           87764 kB
Cached:           710700 kB
MemTotal:        1844596 kB
MemFree:          689672 kB
MemAvailable:    1461384 kB
Buffers:           87764 kB
Cached:           710700 kB
MemTotal:        1844596 kB
MemFree:          689696 kB
MemAvailable:    1461408 kB
Buffers:           87764 kB
Cached:           710700 kB
MemTotal:        1844596 kB
MemFree:          687100 kB
MemAvailable:    1458812 kB
Buffers:           87764 kB
Cached:           710700 kB
MemTotal:        1844596 kB
MemFree:          686356 kB
MemAvailable:    1458068 kB
Buffers:           87764 kB
Cached:           710700 kB
MemTotal:        1844596 kB
MemFree:          685672 kB
MemAvailable:    1457384 kB
Buffers:           87764 kB
Cached:           710700 kB
MemTotal:        1844596 kB
MemFree:          684496 kB
MemAvailable:    1456208 kB
Buffers:           87764 kB
Cached:           710700 kB
MemTotal:        1844596 kB
MemFree:          684240 kB
MemAvailable:    1455952 kB
Buffers:           87764 kB
Cached:           710700 kB
MemTotal:        1844596 kB
MemFree:          684124 kB
MemAvailable:    1455836 kB
Buffers:           87764 kB
Cached:           710700 kB
MemTotal:        1844596 kB
MemFree:          683752 kB
MemAvailable:    1455464 kB
Buffers:           87764 kB
Cached:           710700 kB
MemTotal:        1844596 kB
MemFree:          684556 kB
MemAvailable:    1456268 kB
Buffers:           87764 kB
Cached:           710700 kB
MemTotal:        1844596 kB
MemFree:          682636 kB
MemAvailable:    1454348 kB
Buffers:           87764 kB
Cached:           710700 kB
MemTotal:        1844596 kB
MemFree:          683432 kB
MemAvailable:    1455144 kB
Buffers:           87764 kB
Cached:           710700 kB
MemTotal:        1844596 kB
MemFree:          682396 kB
MemAvailable:    1454108 kB
Buffers:           87764 kB
Cached:           710700 kB
MemTotal:        1844596 kB
MemFree:          681868 kB
MemAvailable:    1453580 kB
Buffers:           87764 kB
Cached:           710700 kB
MemTotal:        1844596 kB
MemFree:          682204 kB
MemAvailable:    1453916 kB
Buffers:           87764 kB
Cached:           710700 kB
MemTotal:        1844596 kB
MemFree:          680760 kB
MemAvailable:    1452472 kB
Buffers:           87764 kB
Cached:           710700 kB
MemTotal:        1844596 kB
MemFree:          682068 kB
MemAvailable:    1453780 kB
Buffers:           87764 kB
Cached:           710700 kB
MemTotal:        1844596 kB
MemFree:          682140 kB
MemAvailable:    1453852 kB
Buffers:           87764 kB
Cached:           710700 kB
MemTotal:        1844596 kB
MemFree:          680900 kB
MemAvailable:    1452612 kB
Buffers:           87764 kB
Cached:           710700 kB
MemTotal:        1844596 kB
MemFree:          681620 kB
MemAvailable:    1453332 kB
Buffers:           87764 kB
Cached:           710700 kB
MemTotal:        1844596 kB
MemFree:          681620 kB
MemAvailable:    1453332 kB
Buffers:           87764 kB
Cached:           710700 kB
MemTotal:        1844596 kB
MemFree:          681576 kB
MemAvailable:    1453288 kB
Buffers:           87764 kB
Cached:           710700 kB
MemTotal:        1844596 kB
MemFree:          681576 kB
MemAvailable:    1453288 kB
Buffers:           87764 kB
Cached:           710700 kB
MemTotal:        1844596 kB
MemFree:          681692 kB
MemAvailable:    1453404 kB
Buffers:           87764 kB
Cached:           710700 kB
MemTotal:        1844596 kB
MemFree:          680204 kB
MemAvailable:    1451916 kB
Buffers:           87764 kB
Cached:           710700 kB
MemTotal:        1844596 kB
MemFree:          681620 kB
MemAvailable:    1453332 kB
Buffers:           87764 kB
Cached:           710700 kB
MemTotal:        1844596 kB
MemFree:          681580 kB
MemAvailable:    1453292 kB
Buffers:           87764 kB
Cached:           710700 kB
MemTotal:        1844596 kB
MemFree:          680156 kB
MemAvailable:    1451868 kB
Buffers:           87764 kB
Cached:           710700 kB
MemTotal:        1844596 kB
MemFree:          679900 kB
MemAvailable:    1451612 kB
Buffers:           87764 kB
Cached:           710700 kB
MemTotal:        1844596 kB
MemFree:          680092 kB
MemAvailable:    1451804 kB
Buffers:           87764 kB
Cached:           710700 kB
MemTotal:        1844596 kB
MemFree:          679968 kB
MemAvailable:    1451680 kB
Buffers:           87764 kB
Cached:           710700 kB
MemTotal:        1844596 kB
MemFree:          679836 kB
MemAvailable:    1451548 kB
Buffers:           87764 kB
Cached:           710700 kB
MemTotal:        1844596 kB
MemFree:          678652 kB
MemAvailable:    1450364 kB
Buffers:           87764 kB
Cached:           710700 kB
MemTotal:        1844596 kB
MemFree:          677924 kB
MemAvailable:    1449636 kB
Buffers:           87764 kB
Cached:           710700 kB
MemTotal:        1844596 kB
MemFree:          678776 kB
MemAvailable:    1450488 kB
Buffers:           87764 kB
Cached:           710700 kB
MemTotal:        1844596 kB
MemFree:          678860 kB
MemAvailable:    1450572 kB
Buffers:           87764 kB
Cached:           710700 kB
MemTotal:        1844596 kB
MemFree:          678480 kB
MemAvailable:    1450192 kB
Buffers:           87764 kB
Cached:           710700 kB
MemTotal:        1844596 kB
MemFree:          678348 kB
MemAvailable:    1450060 kB
Buffers:           87764 kB
Cached:           710700 kB
MemTotal:        1844596 kB
MemFree:          678084 kB
MemAvailable:    1449796 kB
Buffers:           87764 kB
Cached:           710700 kB
MemTotal:        1844596 kB
MemFree:          677612 kB
MemAvailable:    1449324 kB
Buffers:           87764 kB
Cached:           710700 kB
MemTotal:        1844596 kB
MemFree:          676436 kB
MemAvailable:    1448156 kB
Buffers:           87764 kB
Cached:           710708 kB
MemTotal:        1844596 kB
MemFree:          677412 kB
MemAvailable:    1449132 kB
Buffers:           87764 kB
Cached:           710708 kB
MemTotal:        1844596 kB
MemFree:          677180 kB
MemAvailable:    1448900 kB
Buffers:           87764 kB
Cached:           710708 kB
MemTotal:        1844596 kB
MemFree:          677340 kB
MemAvailable:    1449060 kB
Buffers:           87764 kB
Cached:           710708 kB
MemTotal:        1844596 kB
MemFree:          676256 kB
MemAvailable:    1447976 kB
Buffers:           87764 kB
Cached:           710708 kB
MemTotal:        1844596 kB
MemFree:          676380 kB
MemAvailable:    1448100 kB
Buffers:           87764 kB
Cached:           710708 kB
MemTotal:        1844596 kB
MemFree:          677556 kB
MemAvailable:    1449276 kB
Buffers:           87764 kB
Cached:           710708 kB
MemTotal:        1844596 kB
MemFree:          676540 kB
MemAvailable:    1448260 kB
Buffers:           87764 kB
Cached:           710708 kB
MemTotal:        1844596 kB
MemFree:          676292 kB
MemAvailable:    1448012 kB
Buffers:           87764 kB
Cached:           710708 kB
MemTotal:        1844596 kB
MemFree:          677592 kB
MemAvailable:    1449312 kB
Buffers:           87764 kB
Cached:           710708 kB
MemTotal:        1844596 kB
MemFree:          676436 kB
MemAvailable:    1448156 kB
Buffers:           87764 kB
Cached:           710708 kB
MemTotal:        1844596 kB
MemFree:          677028 kB
MemAvailable:    1448748 kB
Buffers:           87764 kB
Cached:           710708 kB
MemTotal:        1844596 kB
MemFree:          677364 kB
MemAvailable:    1449084 kB
Buffers:           87764 kB
Cached:           710708 kB
MemTotal:        1844596 kB
MemFree:          675940 kB
MemAvailable:    1447660 kB
Buffers:           87764 kB
Cached:           710708 kB
MemTotal:        1844596 kB
MemFree:          677484 kB
MemAvailable:    1449204 kB
Buffers:           87764 kB
Cached:           710708 kB
MemTotal:        1844596 kB
MemFree:          677380 kB
MemAvailable:    1449100 kB
Buffers:           87764 kB
Cached:           710708 kB
MemTotal:        1844596 kB
MemFree:          677172 kB
MemAvailable:    1448892 kB
Buffers:           87764 kB
Cached:           710708 kB
MemTotal:        1844596 kB
MemFree:          677064 kB
MemAvailable:    1448784 kB
Buffers:           87764 kB
Cached:           710708 kB
MemTotal:        1844596 kB
MemFree:          677184 kB
MemAvailable:    1448904 kB
Buffers:           87764 kB
Cached:           710708 kB
MemTotal:        1844596 kB
MemFree:          675872 kB
MemAvailable:    1447592 kB
Buffers:           87764 kB
Cached:           710708 kB
MemTotal:        1844596 kB
MemFree:          676676 kB
MemAvailable:    1448396 kB
Buffers:           87764 kB
Cached:           710708 kB
MemTotal:        1844596 kB
MemFree:          677356 kB
MemAvailable:    1449076 kB
Buffers:           87764 kB
Cached:           710708 kB
MemTotal:        1844596 kB
MemFree:          676044 kB
MemAvailable:    1447764 kB
Buffers:           87764 kB
Cached:           710708 kB
MemTotal:        1844596 kB
MemFree:          677236 kB
MemAvailable:    1448956 kB
Buffers:           87764 kB
Cached:           710708 kB
MemTotal:        1844596 kB
MemFree:          675988 kB
MemAvailable:    1447708 kB
Buffers:           87764 kB
Cached:           710708 kB
MemTotal:        1844596 kB
MemFree:          676156 kB
MemAvailable:    1447876 kB
Buffers:           87764 kB
Cached:           710708 kB
MemTotal:        1844596 kB
MemFree:          675924 kB
MemAvailable:    1447644 kB
Buffers:           87764 kB
Cached:           710708 kB
MemTotal:        1844596 kB
MemFree:          676008 kB
MemAvailable:    1447728 kB
Buffers:           87764 kB
Cached:           710708 kB
MemTotal:        1844596 kB
MemFree:          675928 kB
MemAvailable:    1447648 kB
Buffers:           87764 kB
Cached:           710708 kB
MemTotal:        1844596 kB
MemFree:          675532 kB
MemAvailable:    1447252 kB
Buffers:           87764 kB
Cached:           710708 kB
MemTotal:        1844596 kB
MemFree:          675196 kB
MemAvailable:    1446916 kB
Buffers:           87764 kB
Cached:           710708 kB
MemTotal:        1844596 kB
MemFree:          673636 kB
MemAvailable:    1445356 kB
Buffers:           87764 kB
Cached:           710708 kB
MemTotal:        1844596 kB
MemFree:          671856 kB
MemAvailable:    1443576 kB
Buffers:           87764 kB
Cached:           710708 kB
MemTotal:        1844596 kB
MemFree:          669112 kB
MemAvailable:    1440832 kB
Buffers:           87764 kB
Cached:           710708 kB
MemTotal:        1844596 kB
MemFree:          668632 kB
MemAvailable:    1440352 kB
Buffers:           87764 kB
Cached:           710708 kB
MemTotal:        1844596 kB
MemFree:          665752 kB
MemAvailable:    1437472 kB
Buffers:           87764 kB
Cached:           710708 kB
MemTotal:        1844596 kB
MemFree:          663788 kB
MemAvailable:    1435508 kB
Buffers:           87764 kB
Cached:           710708 kB
MemTotal:        1844596 kB
MemFree:          657836 kB
MemAvailable:    1429556 kB
Buffers:           87764 kB
Cached:           710708 kB
MemTotal:        1844596 kB
MemFree:          657712 kB
MemAvailable:    1429432 kB
Buffers:           87764 kB
Cached:           710708 kB
MemTotal:        1844596 kB
MemFree:          658820 kB
MemAvailable:    1430540 kB
Buffers:           87764 kB
Cached:           710708 kB
MemTotal:        1844596 kB
MemFree:          659000 kB
MemAvailable:    1430720 kB
Buffers:           87764 kB
Cached:           710708 kB
MemTotal:        1844596 kB
MemFree:          658628 kB
MemAvailable:    1430348 kB
Buffers:           87764 kB
Cached:           710708 kB
MemTotal:        1844596 kB
MemFree:          658964 kB
MemAvailable:    1430684 kB
Buffers:           87764 kB
Cached:           710708 kB
MemTotal:        1844596 kB
MemFree:          657396 kB
MemAvailable:    1429116 kB
Buffers:           87764 kB
Cached:           710708 kB
MemTotal:        1844596 kB
MemFree:          658636 kB
MemAvailable:    1430356 kB
Buffers:           87764 kB
Cached:           710708 kB
MemTotal:        1844596 kB
MemFree:          657456 kB
MemAvailable:    1429176 kB
Buffers:           87764 kB
Cached:           710708 kB
MemTotal:        1844596 kB
MemFree:          657340 kB
MemAvailable:    1429060 kB
Buffers:           87764 kB
Cached:           710708 kB
MemTotal:        1844596 kB
MemFree:          657208 kB
MemAvailable:    1428928 kB
Buffers:           87764 kB
Cached:           710708 kB
MemTotal:        1844596 kB
MemFree:          658592 kB
MemAvailable:    1430312 kB
Buffers:           87764 kB
Cached:           710708 kB
MemTotal:        1844596 kB
MemFree:          657704 kB
MemAvailable:    1429424 kB
Buffers:           87764 kB
Cached:           710708 kB
MemTotal:        1844596 kB
MemFree:          657956 kB
MemAvailable:    1429676 kB
Buffers:           87764 kB
Cached:           710708 kB
MemTotal:        1844596 kB
MemFree:          657580 kB
MemAvailable:    1429300 kB
Buffers:           87764 kB
Cached:           710708 kB
MemTotal:        1844596 kB
MemFree:          657640 kB
MemAvailable:    1429360 kB
Buffers:           87764 kB
Cached:           710708 kB
MemTotal:        1844596 kB
MemFree:          656464 kB
MemAvailable:    1428184 kB
Buffers:           87764 kB
Cached:           710708 kB
MemTotal:        1844596 kB
MemFree:          657648 kB
MemAvailable:    1429368 kB
Buffers:           87764 kB
Cached:           710708 kB
MemTotal:        1844596 kB
MemFree:          657464 kB
MemAvailable:    1429184 kB
Buffers:           87764 kB
Cached:           710708 kB
MemTotal:        1844596 kB
MemFree:          657656 kB
MemAvailable:    1429376 kB
Buffers:           87764 kB
Cached:           710708 kB
MemTotal:        1844596 kB
MemFree:          656844 kB
MemAvailable:    1428564 kB
Buffers:           87764 kB
Cached:           710708 kB
MemTotal:        1844596 kB
MemFree:          656472 kB
MemAvailable:    1428192 kB
Buffers:           87764 kB
Cached:           710708 kB
MemTotal:        1844596 kB
MemFree:          656596 kB
MemAvailable:    1428316 kB
Buffers:           87764 kB
Cached:           710708 kB
MemTotal:        1844596 kB
MemFree:          657664 kB
MemAvailable:    1429384 kB
Buffers:           87764 kB
Cached:           710708 kB
MemTotal:        1844596 kB
MemFree:          656544 kB
MemAvailable:    1428264 kB
Buffers:           87764 kB
Cached:           710708 kB
MemTotal:        1844596 kB
MemFree:          657720 kB
MemAvailable:    1429440 kB
Buffers:           87764 kB
Cached:           710708 kB
MemTotal:        1844596 kB
MemFree:          657784 kB
MemAvailable:    1429504 kB
Buffers:           87764 kB
Cached:           710708 kB
MemTotal:        1844596 kB
MemFree:          657572 kB
MemAvailable:    1429292 kB
Buffers:           87764 kB
Cached:           710708 kB
MemTotal:        1844596 kB
MemFree:          657588 kB
MemAvailable:    1429308 kB
Buffers:           87764 kB
Cached:           710708 kB
MemTotal:        1844596 kB
MemFree:          657760 kB
MemAvailable:    1429480 kB
Buffers:           87764 kB
Cached:           710708 kB
MemTotal:        1844596 kB
MemFree:          656536 kB
MemAvailable:    1428256 kB
Buffers:           87764 kB
Cached:           710708 kB
MemTotal:        1844596 kB
MemFree:          656272 kB
MemAvailable:    1427992 kB
Buffers:           87764 kB
Cached:           710708 kB
MemTotal:        1844596 kB
MemFree:          657748 kB
MemAvailable:    1429468 kB
Buffers:           87764 kB
Cached:           710708 kB
MemTotal:        1844596 kB
MemFree:          656036 kB
MemAvailable:    1427756 kB
Buffers:           87764 kB
Cached:           710708 kB
MemTotal:        1844596 kB
MemFree:          651744 kB
MemAvailable:    1423476 kB
Buffers:           87764 kB
Cached:           710720 kB
MemTotal:        1844596 kB
MemFree:          651636 kB
MemAvailable:    1423368 kB
Buffers:           87764 kB
Cached:           710720 kB
MemTotal:        1844596 kB
MemFree:          646180 kB
MemAvailable:    1417912 kB
Buffers:           87764 kB
Cached:           710720 kB
MemTotal:        1844596 kB
MemFree:          643628 kB
MemAvailable:    1415360 kB
Buffers:           87764 kB
Cached:           710720 kB
MemTotal:        1844596 kB
MemFree:          640104 kB
MemAvailable:    1411836 kB
Buffers:           87764 kB
Cached:           710720 kB
MemTotal:        1844596 kB
MemFree:          638236 kB
MemAvailable:    1409968 kB
Buffers:           87764 kB
Cached:           710720 kB
MemTotal:        1844596 kB
MemFree:          638492 kB
MemAvailable:    1410224 kB
Buffers:           87764 kB
Cached:           710720 kB
MemTotal:        1844596 kB
MemFree:          639556 kB
MemAvailable:    1411288 kB
Buffers:           87764 kB
Cached:           710720 kB
MemTotal:        1844596 kB
MemFree:          638056 kB
MemAvailable:    1409788 kB
Buffers:           87764 kB
Cached:           710720 kB
MemTotal:        1844596 kB
MemFree:          638056 kB
MemAvailable:    1409788 kB
Buffers:           87764 kB
Cached:           710720 kB
MemTotal:        1844596 kB
MemFree:          639420 kB
MemAvailable:    1411152 kB
Buffers:           87764 kB
Cached:           710720 kB
MemTotal:        1844596 kB
MemFree:          639672 kB
MemAvailable:    1411404 kB
Buffers:           87764 kB
Cached:           710720 kB
MemTotal:        1844596 kB
MemFree:          638112 kB
MemAvailable:    1409844 kB
Buffers:           87764 kB
Cached:           710720 kB
MemTotal:        1844596 kB
MemFree:          639652 kB
MemAvailable:    1411384 kB
Buffers:           87764 kB
Cached:           710720 kB
MemTotal:        1844596 kB
MemFree:          638204 kB
MemAvailable:    1409936 kB
Buffers:           87764 kB
Cached:           710720 kB
MemTotal:        1844596 kB
MemFree:          638320 kB
MemAvailable:    1410052 kB
Buffers:           87764 kB
Cached:           710720 kB
MemTotal:        1844596 kB
MemFree:          639544 kB
MemAvailable:    1411276 kB
Buffers:           87764 kB
Cached:           710720 kB
MemTotal:        1844596 kB
MemFree:          638864 kB
MemAvailable:    1410596 kB
Buffers:           87764 kB
Cached:           710720 kB
MemTotal:        1844596 kB
MemFree:          639472 kB
MemAvailable:    1411204 kB
Buffers:           87764 kB
Cached:           710720 kB
MemTotal:        1844596 kB
MemFree:          639520 kB
MemAvailable:    1411252 kB
Buffers:           87764 kB
Cached:           710720 kB
MemTotal:        1844596 kB
MemFree:          638740 kB
MemAvailable:    1410472 kB
Buffers:           87764 kB
Cached:           710720 kB
MemTotal:        1844596 kB
MemFree:          639940 kB
MemAvailable:    1411672 kB
Buffers:           87764 kB
Cached:           710720 kB
MemTotal:        1844596 kB
MemFree:          638980 kB
MemAvailable:    1410712 kB
Buffers:           87764 kB
Cached:           710720 kB
MemTotal:        1844596 kB
MemFree:          639200 kB
MemAvailable:    1410932 kB
Buffers:           87764 kB
Cached:           710720 kB
MemTotal:        1844596 kB
MemFree:          638700 kB
MemAvailable:    1410432 kB
Buffers:           87764 kB
Cached:           710720 kB
MemTotal:        1844596 kB
MemFree:          639536 kB
MemAvailable:    1411268 kB
Buffers:           87764 kB
Cached:           710720 kB
MemTotal:        1844596 kB
MemFree:          639420 kB
MemAvailable:    1411152 kB
Buffers:           87764 kB
Cached:           710720 kB
MemTotal:        1844596 kB
MemFree:          639436 kB
MemAvailable:    1411168 kB
Buffers:           87764 kB
Cached:           710720 kB
MemTotal:        1844596 kB
MemFree:          639692 kB
MemAvailable:    1411424 kB
Buffers:           87764 kB
Cached:           710720 kB
MemTotal:        1844596 kB
MemFree:          638196 kB
MemAvailable:    1409928 kB
Buffers:           87764 kB
Cached:           710720 kB
MemTotal:        1844596 kB
MemFree:          639436 kB
MemAvailable:    1411168 kB
Buffers:           87764 kB
Cached:           710720 kB
MemTotal:        1844596 kB
MemFree:          638188 kB
MemAvailable:    1409920 kB
Buffers:           87764 kB
Cached:           710720 kB
MemTotal:        1844596 kB
MemFree:          639424 kB
MemAvailable:    1411156 kB
Buffers:           87764 kB
Cached:           710720 kB
MemTotal:        1844596 kB
MemFree:          639120 kB
MemAvailable:    1410852 kB
Buffers:           87764 kB
Cached:           710720 kB
MemTotal:        1844596 kB
MemFree:          638064 kB
MemAvailable:    1409796 kB
Buffers:           87764 kB
Cached:           710720 kB
MemTotal:        1844596 kB
MemFree:          639344 kB
MemAvailable:    1411076 kB
Buffers:           87764 kB
Cached:           710720 kB
MemTotal:        1844596 kB
MemFree:          639112 kB
MemAvailable:    1410844 kB
Buffers:           87764 kB
Cached:           710720 kB
MemTotal:        1844596 kB
MemFree:          639556 kB
MemAvailable:    1411288 kB
Buffers:           87764 kB
Cached:           710720 kB
MemTotal:        1844596 kB
MemFree:          639596 kB
MemAvailable:    1411328 kB
Buffers:           87764 kB
Cached:           710720 kB
MemTotal:        1844596 kB
MemFree:          638492 kB
MemAvailable:    1410228 kB
Buffers:           87764 kB
Cached:           710724 kB
MemTotal:        1844596 kB
MemFree:          638608 kB
MemAvailable:    1410344 kB
Buffers:           87764 kB
Cached:           710724 kB
MemTotal:        1844596 kB
MemFree:          638360 kB
MemAvailable:    1410096 kB
Buffers:           87764 kB
Cached:           710724 kB
MemTotal:        1844596 kB
MemFree:          638420 kB
MemAvailable:    1410156 kB
Buffers:           87764 kB
Cached:           710724 kB
MemTotal:        1844596 kB
MemFree:          638120 kB
MemAvailable:    1409856 kB
Buffers:           87764 kB
Cached:           710724 kB
MemTotal:        1844596 kB
MemFree:          631732 kB
MemAvailable:    1403468 kB
Buffers:           87764 kB
Cached:           710724 kB
MemTotal:        1844596 kB
MemFree:          626540 kB
MemAvailable:    1398276 kB
Buffers:           87764 kB
Cached:           710724 kB
MemTotal:        1844596 kB
MemFree:          626224 kB
MemAvailable:    1397836 kB
Buffers:           87764 kB
Cached:           710724 kB
MemTotal:        1844596 kB
MemFree:          622372 kB
MemAvailable:    1394108 kB
Buffers:           87764 kB
Cached:           710724 kB
MemTotal:        1844596 kB
MemFree:          621124 kB
MemAvailable:    1392860 kB
Buffers:           87764 kB
Cached:           710724 kB
MemTotal:        1844596 kB
MemFree:          622300 kB
MemAvailable:    1394036 kB
Buffers:           87764 kB
Cached:           710724 kB
MemTotal:        1844596 kB
MemFree:          622060 kB
MemAvailable:    1393796 kB
Buffers:           87764 kB
Cached:           710724 kB
MemTotal:        1844596 kB
MemFree:          620396 kB
MemAvailable:    1392132 kB
Buffers:           87764 kB
Cached:           710724 kB
MemTotal:        1844596 kB
MemFree:          621116 kB
MemAvailable:    1392852 kB
Buffers:           87764 kB
Cached:           710724 kB
MemTotal:        1844596 kB
MemFree:          621452 kB
MemAvailable:    1393188 kB
Buffers:           87764 kB
Cached:           710724 kB
MemTotal:        1844596 kB
MemFree:          620984 kB
MemAvailable:    1392720 kB
Buffers:           87764 kB
Cached:           710724 kB
MemTotal:        1844596 kB
MemFree:          620636 kB
MemAvailable:    1392372 kB
Buffers:           87764 kB
Cached:           710724 kB
MemTotal:        1844596 kB
MemFree:          621120 kB
MemAvailable:    1392856 kB
Buffers:           87764 kB
Cached:           710724 kB
MemTotal:        1844596 kB
MemFree:          620812 kB
MemAvailable:    1392548 kB
Buffers:           87764 kB
Cached:           710724 kB
MemTotal:        1844596 kB
MemFree:          620688 kB
MemAvailable:    1392424 kB
Buffers:           87764 kB
Cached:           710724 kB
MemTotal:        1844596 kB
MemFree:          619504 kB
MemAvailable:    1391240 kB
Buffers:           87764 kB
Cached:           710724 kB
MemTotal:        1844596 kB
MemFree:          619380 kB
MemAvailable:    1391116 kB
Buffers:           87764 kB
Cached:           710724 kB
MemTotal:        1844596 kB
MemFree:          620248 kB
MemAvailable:    1391984 kB
Buffers:           87764 kB
Cached:           710724 kB
MemTotal:        1844596 kB
MemFree:          619892 kB
MemAvailable:    1391628 kB
Buffers:           87764 kB
Cached:           710724 kB
MemTotal:        1844596 kB
MemFree:          619944 kB
MemAvailable:    1391680 kB
Buffers:           87764 kB
Cached:           710724 kB
MemTotal:        1844596 kB
MemFree:          618520 kB
MemAvailable:    1390256 kB
Buffers:           87764 kB
Cached:           710724 kB
MemTotal:        1844596 kB
MemFree:          618760 kB
MemAvailable:    1390496 kB
Buffers:           87764 kB
Cached:           710724 kB
MemTotal:        1844596 kB
MemFree:          618032 kB
MemAvailable:    1389768 kB
Buffers:           87764 kB
Cached:           710724 kB
MemTotal:        1844596 kB
MemFree:          618404 kB
MemAvailable:    1390140 kB
Buffers:           87764 kB
Cached:           710724 kB
MemTotal:        1844596 kB
MemFree:          617032 kB
MemAvailable:    1388768 kB
Buffers:           87764 kB
Cached:           710724 kB
MemTotal:        1844596 kB
MemFree:          618148 kB
MemAvailable:    1389884 kB
Buffers:           87764 kB
Cached:           710724 kB
MemTotal:        1844596 kB
MemFree:          616528 kB
MemAvailable:    1388264 kB
Buffers:           87764 kB
Cached:           710724 kB
MemTotal:        1844596 kB
MemFree:          615800 kB
MemAvailable:    1387536 kB
Buffers:           87764 kB
Cached:           710724 kB
MemTotal:        1844596 kB
MemFree:          615800 kB
MemAvailable:    1387540 kB
Buffers:           87764 kB
Cached:           710728 kB
MemTotal:        1844596 kB
MemFree:          613940 kB
MemAvailable:    1385680 kB
Buffers:           87764 kB
Cached:           710728 kB
MemTotal:        1844596 kB
MemFree:          614668 kB
MemAvailable:    1386408 kB
Buffers:           87764 kB
Cached:           710728 kB
MemTotal:        1844596 kB
MemFree:          615004 kB
MemAvailable:    1386744 kB
Buffers:           87764 kB
Cached:           710728 kB
MemTotal:        1844596 kB
MemFree:          614984 kB
MemAvailable:    1386724 kB
Buffers:           87764 kB
Cached:           710728 kB
MemTotal:        1844596 kB
MemFree:          615112 kB
MemAvailable:    1386852 kB
Buffers:           87764 kB
Cached:           710728 kB
MemTotal:        1844596 kB
MemFree:          614064 kB
MemAvailable:    1385804 kB
Buffers:           87764 kB
Cached:           710728 kB
MemTotal:        1844596 kB
MemFree:          614836 kB
MemAvailable:    1386576 kB
Buffers:           87764 kB
Cached:           710728 kB
MemTotal:        1844596 kB
MemFree:          614560 kB
MemAvailable:    1386300 kB
Buffers:           87764 kB
Cached:           710728 kB
MemTotal:        1844596 kB
MemFree:          613884 kB
MemAvailable:    1385624 kB
Buffers:           87764 kB
Cached:           710728 kB
MemTotal:        1844596 kB
MemFree:          612444 kB
MemAvailable:    1384184 kB
Buffers:           87764 kB
Cached:           710728 kB
MemTotal:        1844596 kB
MemFree:          613940 kB
MemAvailable:    1385680 kB
Buffers:           87764 kB
Cached:           710728 kB
MemTotal:        1844596 kB
MemFree:          613652 kB
MemAvailable:    1385392 kB
Buffers:           87764 kB
Cached:           710728 kB
MemTotal:        1844596 kB
MemFree:          612692 kB
MemAvailable:    1384432 kB
Buffers:           87764 kB
Cached:           710728 kB
MemTotal:        1844596 kB
MemFree:          613488 kB
MemAvailable:    1385228 kB
Buffers:           87764 kB
Cached:           710728 kB
MemTotal:        1844596 kB
MemFree:          612328 kB
MemAvailable:    1384068 kB
Buffers:           87764 kB
Cached:           710728 kB
MemTotal:        1844596 kB
MemFree:          613632 kB
MemAvailable:    1385376 kB
Buffers:           87764 kB
Cached:           710732 kB
MemTotal:        1844596 kB
MemFree:          613632 kB
MemAvailable:    1385376 kB
Buffers:           87764 kB
Cached:           710732 kB
MemTotal:        1844596 kB
MemFree:          613272 kB
MemAvailable:    1385016 kB
Buffers:           87764 kB
Cached:           710732 kB
MemTotal:        1844596 kB
MemFree:          611900 kB
MemAvailable:    1383644 kB
Buffers:           87764 kB
Cached:           710732 kB
MemTotal:        1844596 kB
MemFree:          613168 kB
MemAvailable:    1384912 kB
Buffers:           87764 kB
Cached:           710732 kB
MemTotal:        1844596 kB
MemFree:          613320 kB
MemAvailable:    1385064 kB
Buffers:           87764 kB
Cached:           710732 kB
MemTotal:        1844596 kB
MemFree:          611900 kB
MemAvailable:    1383644 kB
Buffers:           87764 kB
Cached:           710732 kB
MemTotal:        1844596 kB
MemFree:          613548 kB
MemAvailable:    1385292 kB
Buffers:           87764 kB
Cached:           710732 kB
MemTotal:        1844596 kB
MemFree:          613424 kB
MemAvailable:    1385168 kB
Buffers:           87764 kB
Cached:           710732 kB
MemTotal:        1844596 kB
MemFree:          612020 kB
MemAvailable:    1383764 kB
Buffers:           87764 kB
Cached:           710732 kB
MemTotal:        1844596 kB
MemFree:          611932 kB
MemAvailable:    1383676 kB
Buffers:           87764 kB
Cached:           710732 kB
MemTotal:        1844596 kB
MemFree:          612056 kB
MemAvailable:    1383800 kB
Buffers:           87764 kB
Cached:           710732 kB
MemTotal:        1844596 kB
MemFree:          612048 kB
MemAvailable:    1383792 kB
Buffers:           87764 kB
Cached:           710732 kB
MemTotal:        1844596 kB
MemFree:          613412 kB
MemAvailable:    1385156 kB
Buffers:           87764 kB
Cached:           710732 kB
MemTotal:        1844596 kB
MemFree:          612008 kB
MemAvailable:    1383752 kB
Buffers:           87764 kB
Cached:           710732 kB
MemTotal:        1844596 kB
MemFree:          613188 kB
MemAvailable:    1384932 kB
Buffers:           87764 kB
Cached:           710732 kB
MemTotal:        1844596 kB
MemFree:          613524 kB
MemAvailable:    1385268 kB
Buffers:           87764 kB
Cached:           710732 kB
MemTotal:        1844596 kB
MemFree:          613208 kB
MemAvailable:    1384952 kB
Buffers:           87764 kB
Cached:           710732 kB
MemTotal:        1844596 kB
MemFree:          613208 kB
MemAvailable:    1384952 kB
Buffers:           87764 kB
Cached:           710732 kB
MemTotal:        1844596 kB
MemFree:          612316 kB
MemAvailable:    1384060 kB
Buffers:           87764 kB
Cached:           710732 kB
MemTotal:        1844596 kB
MemFree:          612068 kB
MemAvailable:    1383812 kB
Buffers:           87764 kB
Cached:           710732 kB
MemTotal:        1844596 kB
MemFree:          612068 kB
MemAvailable:    1383812 kB
Buffers:           87764 kB
Cached:           710732 kB
MemTotal:        1844596 kB
MemFree:          613112 kB
MemAvailable:    1384856 kB
Buffers:           87764 kB
Cached:           710732 kB
MemTotal:        1844596 kB
MemFree:          612020 kB
MemAvailable:    1383764 kB
Buffers:           87764 kB
Cached:           710732 kB
MemTotal:        1844596 kB
MemFree:          613188 kB
MemAvailable:    1384932 kB
Buffers:           87764 kB
Cached:           710732 kB
MemTotal:        1844596 kB
MemFree:          613328 kB
MemAvailable:    1385072 kB
Buffers:           87764 kB
Cached:           710732 kB
MemTotal:        1844596 kB
MemFree:          611908 kB
MemAvailable:    1383652 kB
Buffers:           87764 kB
Cached:           710732 kB
MemTotal:        1844596 kB
MemFree:          613180 kB
MemAvailable:    1384924 kB
Buffers:           87764 kB
Cached:           710732 kB
MemTotal:        1844596 kB
MemFree:          612700 kB
MemAvailable:    1384444 kB
Buffers:           87764 kB
Cached:           710732 kB
MemTotal:        1844596 kB
MemFree:          613308 kB
MemAvailable:    1385052 kB
Buffers:           87764 kB
Cached:           710732 kB
MemTotal:        1844596 kB
MemFree:          612020 kB
MemAvailable:    1383764 kB
Buffers:           87764 kB
Cached:           710732 kB
MemTotal:        1844596 kB
MemFree:          613248 kB
MemAvailable:    1384992 kB
Buffers:           87764 kB
Cached:           710732 kB
MemTotal:        1844596 kB
MemFree:          612576 kB
MemAvailable:    1384320 kB
Buffers:           87764 kB
Cached:           710732 kB
MemTotal:        1844596 kB
MemFree:          612040 kB
MemAvailable:    1383784 kB
Buffers:           87764 kB
Cached:           710732 kB
MemTotal:        1844596 kB
MemFree:          613196 kB
MemAvailable:    1384940 kB
Buffers:           87764 kB
Cached:           710732 kB
MemTotal:        1844596 kB
MemFree:          612584 kB
MemAvailable:    1384328 kB
Buffers:           87764 kB
Cached:           710732 kB
MemTotal:        1844596 kB
MemFree:          613232 kB
MemAvailable:    1384980 kB
Buffers:           87764 kB
Cached:           710736 kB
MemTotal:        1844596 kB
MemFree:          613328 kB
MemAvailable:    1385076 kB
Buffers:           87764 kB
Cached:           710736 kB
MemTotal:        1844596 kB
MemFree:          609708 kB
MemAvailable:    1381456 kB
Buffers:           87764 kB
Cached:           710736 kB
MemTotal:        1844596 kB
MemFree:          608980 kB
MemAvailable:    1380728 kB
Buffers:           87764 kB
Cached:           710736 kB
MemTotal:        1844596 kB
MemFree:          606128 kB
MemAvailable:    1377876 kB
Buffers:           87764 kB
Cached:           710736 kB
MemTotal:        1844596 kB
MemFree:          602524 kB
MemAvailable:    1374272 kB
Buffers:           87764 kB
Cached:           710736 kB
MemTotal:        1844596 kB
MemFree:          598812 kB
MemAvailable:    1370560 kB
Buffers:           87764 kB
Cached:           710736 kB
MemTotal:        1844596 kB
MemFree:          595696 kB
MemAvailable:    1367444 kB
Buffers:           87764 kB
Cached:           710736 kB
MemTotal:        1844596 kB
MemFree:          595464 kB
MemAvailable:    1367212 kB
Buffers:           87764 kB
Cached:           710736 kB
MemTotal:        1844596 kB
MemFree:          593912 kB
MemAvailable:    1365660 kB
Buffers:           87764 kB
Cached:           710736 kB
MemTotal:        1844596 kB
MemFree:          594032 kB
MemAvailable:    1365780 kB
Buffers:           87764 kB
Cached:           710736 kB
MemTotal:        1844596 kB
MemFree:          592860 kB
MemAvailable:    1364608 kB
Buffers:           87764 kB
Cached:           710736 kB
MemTotal:        1844596 kB
MemFree:          592600 kB
MemAvailable:    1364348 kB
Buffers:           87764 kB
Cached:           710736 kB
MemTotal:        1844596 kB
MemFree:          593840 kB
MemAvailable:    1365588 kB
Buffers:           87764 kB
Cached:           710736 kB
MemTotal:        1844596 kB
MemFree:          592468 kB
MemAvailable:    1364216 kB
Buffers:           87764 kB
Cached:           710736 kB
MemTotal:        1844596 kB
MemFree:          593852 kB
MemAvailable:    1365600 kB
Buffers:           87764 kB
Cached:           710736 kB
MemTotal:        1844596 kB
MemFree:          593780 kB
MemAvailable:    1365528 kB
Buffers:           87764 kB
Cached:           710736 kB
MemTotal:        1844596 kB
MemFree:          593860 kB
MemAvailable:    1365608 kB
Buffers:           87764 kB
Cached:           710736 kB
MemTotal:        1844596 kB
MemFree:          593804 kB
MemAvailable:    1365552 kB
Buffers:           87764 kB
Cached:           710736 kB
MemTotal:        1844596 kB
MemFree:          592560 kB
MemAvailable:    1364308 kB
Buffers:           87764 kB
Cached:           710736 kB
MemTotal:        1844596 kB
MemFree:          593916 kB
MemAvailable:    1365664 kB
Buffers:           87764 kB
Cached:           710736 kB
MemTotal:        1844596 kB
MemFree:          592428 kB
MemAvailable:    1364176 kB
Buffers:           87764 kB
Cached:           710736 kB
MemTotal:        1844596 kB
MemFree:          592612 kB
MemAvailable:    1364360 kB
Buffers:           87764 kB
Cached:           710736 kB
MemTotal:        1844596 kB
MemFree:          593780 kB
MemAvailable:    1365528 kB
Buffers:           87764 kB
Cached:           710736 kB
MemTotal:        1844596 kB
MemFree:          592744 kB
MemAvailable:    1364492 kB
Buffers:           87764 kB
Cached:           710736 kB
MemTotal:        1844596 kB
MemFree:          593464 kB
MemAvailable:    1365212 kB
Buffers:           87764 kB
Cached:           710736 kB
MemTotal:        1844596 kB
MemFree:          593716 kB
MemAvailable:    1365464 kB
Buffers:           87764 kB
Cached:           710736 kB
MemTotal:        1844596 kB
MemFree:          593528 kB
MemAvailable:    1365276 kB
Buffers:           87764 kB
Cached:           710736 kB
MemTotal:        1844596 kB
MemFree:          593480 kB
MemAvailable:    1365228 kB
Buffers:           87764 kB
Cached:           710736 kB
MemTotal:        1844596 kB
MemFree:          592744 kB
MemAvailable:    1364492 kB
Buffers:           87764 kB
Cached:           710736 kB
MemTotal:        1844596 kB
MemFree:          593948 kB
MemAvailable:    1365700 kB
Buffers:           87764 kB
Cached:           710740 kB
MemTotal:        1844596 kB
MemFree:          592612 kB
MemAvailable:    1364364 kB
Buffers:           87764 kB
Cached:           710740 kB
MemTotal:        1844596 kB
MemFree:          593308 kB
MemAvailable:    1365060 kB
Buffers:           87764 kB
Cached:           710740 kB
MemTotal:        1844596 kB
MemFree:          593644 kB
MemAvailable:    1365396 kB
Buffers:           87764 kB
Cached:           710740 kB
MemTotal:        1844596 kB
MemFree:          592968 kB
MemAvailable:    1364720 kB
Buffers:           87764 kB
Cached:           710740 kB
MemTotal:        1844596 kB
MemFree:          592868 kB
MemAvailable:    1364620 kB
Buffers:           87764 kB
Cached:           710740 kB
MemTotal:        1844596 kB
MemFree:          589636 kB
MemAvailable:    1361388 kB
Buffers:           87764 kB
Cached:           710740 kB
MemTotal:        1844596 kB
MemFree:          585668 kB
MemAvailable:    1357420 kB
Buffers:           87764 kB
Cached:           710740 kB
MemTotal:        1844596 kB
MemFree:          582984 kB
MemAvailable:    1354736 kB
Buffers:           87764 kB
Cached:           710740 kB
MemTotal:        1844596 kB
MemFree:          583676 kB
MemAvailable:    1355428 kB
Buffers:           87764 kB
Cached:           710740 kB
MemTotal:        1844596 kB
MemFree:          583808 kB
MemAvailable:    1355560 kB
Buffers:           87764 kB
Cached:           710740 kB
MemTotal:        1844596 kB
MemFree:          583380 kB
MemAvailable:    1355132 kB
Buffers:           87764 kB
Cached:           710740 kB
MemTotal:        1844596 kB
MemFree:          583476 kB
MemAvailable:    1355228 kB
Buffers:           87764 kB
Cached:           710740 kB
MemTotal:        1844596 kB
MemFree:          582568 kB
MemAvailable:    1354320 kB
Buffers:           87764 kB
Cached:           710740 kB
MemTotal:        1844596 kB
MemFree:          582052 kB
MemAvailable:    1353804 kB
Buffers:           87764 kB
Cached:           710740 kB
MemTotal:        1844596 kB
MemFree:          583056 kB
MemAvailable:    1354808 kB
Buffers:           87764 kB
Cached:           710740 kB
MemTotal:        1844596 kB
MemFree:          581948 kB
MemAvailable:    1353700 kB
Buffers:           87764 kB
Cached:           710740 kB
MemTotal:        1844596 kB
MemFree:          581204 kB
MemAvailable:    1352956 kB
Buffers:           87764 kB
Cached:           710740 kB
MemTotal:        1844596 kB
MemFree:          582196 kB
MemAvailable:    1354032 kB
Buffers:           87764 kB
Cached:           710864 kB
MemTotal:        1844596 kB
MemFree:          582168 kB
MemAvailable:    1354088 kB
Buffers:           87764 kB
Cached:           710988 kB
MemTotal:        1844596 kB
MemFree:          582048 kB
MemAvailable:    1354052 kB
Buffers:           87764 kB
Cached:           711112 kB
MemTotal:        1844596 kB
MemFree:          581784 kB
MemAvailable:    1353956 kB
Buffers:           87764 kB
Cached:           711236 kB
MemTotal:        1844596 kB
MemFree:          580452 kB
MemAvailable:    1352708 kB
Buffers:           87764 kB
Cached:           711236 kB
MemTotal:        1844596 kB
MemFree:          581700 kB
MemAvailable:    1354040 kB
Buffers:           87764 kB
Cached:           711360 kB
MemTotal:        1844596 kB
MemFree:          580336 kB
MemAvailable:    1352676 kB
Buffers:           87764 kB
Cached:           711360 kB
MemTotal:        1844596 kB
MemFree:          581364 kB
MemAvailable:    1353704 kB
Buffers:           87764 kB
Cached:           711360 kB
MemTotal:        1844596 kB
MemFree:          581536 kB
MemAvailable:    1353876 kB
Buffers:           87764 kB
Cached:           711360 kB
MemTotal:        1844596 kB
MemFree:          581644 kB
MemAvailable:    1353984 kB
Buffers:           87764 kB
Cached:           711360 kB
MemTotal:        1844596 kB
MemFree:          580336 kB
MemAvailable:    1352676 kB
Buffers:           87764 kB
Cached:           711360 kB
MemTotal:        1844596 kB
MemFree:          581512 kB
MemAvailable:    1353852 kB
Buffers:           87764 kB
Cached:           711360 kB
MemTotal:        1844596 kB
MemFree:          581312 kB
MemAvailable:    1353652 kB
Buffers:           87764 kB
Cached:           711360 kB
MemTotal:        1844596 kB
MemFree:          581312 kB
MemAvailable:    1353652 kB
Buffers:           87764 kB
Cached:           711360 kB
MemTotal:        1844596 kB
MemFree:          580336 kB
MemAvailable:    1352812 kB
Buffers:           87768 kB
Cached:           711484 kB
MemTotal:        1844596 kB
MemFree:          581240 kB
MemAvailable:    1353044 kB
Buffers:           87768 kB
Cached:           710768 kB
MemTotal:        1844596 kB
MemFree:          579824 kB
MemAvailable:    1351628 kB
Buffers:           87768 kB
Cached:           710768 kB
MemTotal:        1844596 kB
MemFree:          738216 kB
MemAvailable:    1510104 kB
Buffers:           87768 kB
Cached:           710768 kB
MemTotal:        1844596 kB
MemFree:          654832 kB
MemAvailable:    1426720 kB
Buffers:           87768 kB
Cached:           710768 kB
