MemTotal:        1844596 kB
MemFree:          331272 kB
MemAvailable:    1546688 kB
Buffers:           91432 kB
Cached:          1153852 kB
MemTotal:        1844596 kB
MemFree:          304868 kB
MemAvailable:    1520288 kB
Buffers:           91432 kB
Cached:          1153856 kB
MemTotal:        1844596 kB
MemFree:          303636 kB
MemAvailable:    1519056 kB
Buffers:           91432 kB
Cached:          1153856 kB
MemTotal:        1844596 kB
MemFree:          301836 kB
MemAvailable:    1517256 kB
Buffers:           91432 kB
Cached:          1153856 kB
MemTotal:        1844596 kB
MemFree:          300288 kB
MemAvailable:    1515708 kB
Buffers:           91432 kB
Cached:          1153856 kB
MemTotal:        1844596 kB
MemFree:          300216 kB
MemAvailable:    1515636 kB
Buffers:           91432 kB
Cached:          1153856 kB
MemTotal:        1844596 kB
MemFree:          298916 kB
MemAvailable:    1514336 kB
Buffers:           91432 kB
Cached:          1153856 kB
MemTotal:        1844596 kB
MemFree:          297436 kB
MemAvailable:    1512856 kB
Buffers:           91432 kB
Cached:          1153856 kB
MemTotal:        1844596 kB
MemFree:          293964 kB
MemAvailable:    1509384 kB
Buffers:           91432 kB
Cached:          1153856 kB
MemTotal:        1844596 kB
MemFree:          292104 kB
MemAvailable:    1507524 kB
Buffers:           91432 kB
Cached:          1153856 kB
MemTotal:        1844596 kB
MemFree:          290040 kB
MemAvailable:    1505460 kB
Buffers:           91432 kB
Cached:          1153856 kB
MemTotal:        1844596 kB
MemFree:          290100 kB
MemAvailable:    1505520 kB
Buffers:           91432 kB
Cached:          1153856 kB
MemTotal:        1844596 kB
MemFree:          289260 kB
MemAvailable:    1504680 kB
Buffers:           91432 kB
Cached:          1153856 kB
MemTotal:        1844596 kB
MemFree:          290296 kB
MemAvailable:    1505716 kB
Buffers:           91432 kB
Cached:          1153856 kB
MemTotal:        1844596 kB
MemFree:          289980 kB
MemAvailable:    1505400 kB
Buffers:           91432 kB
Cached:          1153856 kB
MemTotal:        1844596 kB
MemFree:          290064 kB
MemAvailable:    1505484 kB
Buffers:           91432 kB
Cached:          1153856 kB
MemTotal:        1844596 kB
MemFree:          289600 kB
MemAvailable:    1505020 kB
Buffers:           91432 kB
Cached:          1153856 kB
MemTotal:        1844596 kB
MemFree:          289936 kB
MemAvailable:    1505356 kB
Buffers:           91432 kB
Cached:          1153856 kB
MemTotal:        1844596 kB
MemFree:          289360 kB
MemAvailable:    1504780 kB
Buffers:           91432 kB
Cached:          1153856 kB
MemTotal:        1844596 kB
MemFree:          289244 kB
MemAvailable:    1504664 kB
Buffers:           91432 kB
Cached:          1153856 kB
MemTotal:        1844596 kB
MemFree:          289252 kB
MemAvailable:    1504672 kB
Buffers:           91432 kB
Cached:          1153856 kB
MemTotal:        1844596 kB
MemFree:          288136 kB
MemAvailable:    1503556 kB
Buffers:           91432 kB
Cached:          1153856 kB
MemTotal:        1844596 kB
MemFree:          289204 kB
MemAvailable:    1504624 kB
Buffers:           91432 kB
Cached:          1153856 kB
MemTotal:        1844596 kB
MemFree:          288748 kB
MemAvailable:    1504168 kB
Buffers:           91432 kB
Cached:          1153856 kB
MemTotal:        1844596 kB
MemFree:          288624 kB
MemAvailable:    1504044 kB
Buffers:           91432 kB
Cached:          1153856 kB
MemTotal:        1844596 kB
MemFree:          288880 kB
MemAvailable:    1504300 kB
Buffers:           91432 kB
Cached:          1153856 kB
MemTotal:        1844596 kB
MemFree:          288624 kB
MemAvailable:    1504044 kB
Buffers:           91432 kB
Cached:          1153856 kB
MemTotal:        1844596 kB
MemFree:          288632 kB
MemAvailable:    1504052 kB
Buffers:           91432 kB
Cached:          1153856 kB
MemTotal:        1844596 kB
MemFree:          288312 kB
MemAvailable:    1503732 kB
Buffers:           91432 kB
Cached:          1153856 kB
MemTotal:        1844596 kB
MemFree:          286904 kB
MemAvailable:    1502324 kB
Buffers:           91432 kB
Cached:          1153856 kB
MemTotal:        1844596 kB
MemFree:          287376 kB
MemAvailable:    1502796 kB
Buffers:           91432 kB
Cached:          1153856 kB
MemTotal:        1844596 kB
MemFree:          287628 kB
MemAvailable:    1503048 kB
Buffers:           91432 kB
Cached:          1153856 kB
MemTotal:        1844596 kB
MemFree:          287196 kB
MemAvailable:    1502616 kB
Buffers:           91432 kB
Cached:          1153856 kB
MemTotal:        1844596 kB
MemFree:          286036 kB
MemAvailable:    1501456 kB
Buffers:           91432 kB
Cached:          1153856 kB
MemTotal:        1844596 kB
MemFree:          286764 kB
MemAvailable:    1502184 kB
Buffers:           91432 kB
Cached:          1153856 kB
MemTotal:        1844596 kB
MemFree:          287100 kB
MemAvailable:    1502520 kB
Buffers:           91432 kB
Cached:          1153856 kB
MemTotal:        1844596 kB
MemFree:          285524 kB
MemAvailable:    1500944 kB
Buffers:           91432 kB
Cached:          1153856 kB
MemTotal:        1844596 kB
MemFree:          286972 kB
MemAvailable:    1502392 kB
Buffers:           91432 kB
Cached:          1153856 kB
MemTotal:        1844596 kB
MemFree:          287516 kB
MemAvailable:    1502936 kB
Buffers:           91432 kB
Cached:          1153856 kB
MemTotal:        1844596 kB
MemFree:          288376 kB
MemAvailable:    1503800 kB
Buffers:           91432 kB
Cached:          1153860 kB
MemTotal:        1844596 kB
MemFree:          288268 kB
MemAvailable:    1503692 kB
Buffers:           91432 kB
Cached:          1153860 kB
MemTotal:        1844596 kB
MemFree:          283780 kB
MemAvailable:    1499204 kB
Buffers:           91432 kB
Cached:          1153860 kB
MemTotal:        1844596 kB
MemFree:          283424 kB
MemAvailable:    1498848 kB
Buffers:           91432 kB
Cached:          1153860 kB
MemTotal:        1844596 kB
MemFree:          283036 kB
MemAvailable:    1498460 kB
Buffers:           91432 kB
Cached:          1153860 kB
MemTotal:        1844596 kB
MemFree:          283288 kB
MemAvailable:    1498712 kB
Buffers:           91432 kB
Cached:          1153860 kB
MemTotal:        1844596 kB
MemFree:          281928 kB
MemAvailable:    1497352 kB
Buffers:           91432 kB
Cached:          1153860 kB
MemTotal:        1844596 kB
MemFree:          281804 kB
MemAvailable:    1497228 kB
Buffers:           91432 kB
Cached:          1153860 kB
MemTotal:        1844596 kB
MemFree:          282988 kB
MemAvailable:    1498412 kB
Buffers:           91432 kB
Cached:          1153860 kB
MemTotal:        1844596 kB
MemFree:          282548 kB
MemAvailable:    1497972 kB
Buffers:           91432 kB
Cached:          1153860 kB
MemTotal:        1844596 kB
MemFree:          282632 kB
MemAvailable:    1498056 kB
Buffers:           91432 kB
Cached:          1153860 kB
MemTotal:        1844596 kB
MemFree:          281144 kB
MemAvailable:    1496568 kB
Buffers:           91432 kB
Cached:          1153860 kB
MemTotal:        1844596 kB
MemFree:          282544 kB
MemAvailable:    1497968 kB
Buffers:           91432 kB
Cached:          1153860 kB
MemTotal:        1844596 kB
MemFree:          282432 kB
MemAvailable:    1497856 kB
Buffers:           91432 kB
Cached:          1153860 kB
MemTotal:        1844596 kB
MemFree:          282424 kB
MemAvailable:    1497848 kB
Buffers:           91432 kB
Cached:          1153860 kB
MemTotal:        1844596 kB
MemFree:          282424 kB
MemAvailable:    1497848 kB
Buffers:           91432 kB
Cached:          1153860 kB
MemTotal:        1844596 kB
MemFree:          281184 kB
MemAvailable:    1496608 kB
Buffers:           91432 kB
Cached:          1153860 kB
MemTotal:        1844596 kB
MemFree:          280696 kB
MemAvailable:    1496120 kB
Buffers:           91432 kB
Cached:          1153860 kB
MemTotal:        1844596 kB
MemFree:          278588 kB
MemAvailable:    1494012 kB
Buffers:           91432 kB
Cached:          1153860 kB
MemTotal:        1844596 kB
MemFree:          276596 kB
MemAvailable:    1492020 kB
Buffers:           91432 kB
Cached:          1153860 kB
MemTotal:        1844596 kB
MemFree:          276240 kB
MemAvailable:    1491664 kB
Buffers:           91432 kB
Cached:          1153860 kB
MemTotal:        1844596 kB
MemFree:          276232 kB
MemAvailable:    1491656 kB
Buffers:           91432 kB
Cached:          1153860 kB
MemTotal:        1844596 kB
MemFree:          276044 kB
MemAvailable:    1491468 kB
Buffers:           91432 kB
Cached:          1153860 kB
MemTotal:        1844596 kB
MemFree:          274556 kB
MemAvailable:    1489980 kB
Buffers:           91432 kB
Cached:          1153860 kB
MemTotal:        1844596 kB
MemFree:          273388 kB
MemAvailable:    1488812 kB
Buffers:           91432 kB
Cached:          1153860 kB
MemTotal:        1844596 kB
MemFree:          273976 kB
MemAvailable:    1489400 kB
Buffers:           91432 kB
Cached:          1153860 kB
MemTotal:        1844596 kB
MemFree:          274312 kB
MemAvailable:    1489736 kB
Buffers:           91432 kB
Cached:          1153860 kB
MemTotal:        1844596 kB
MemFree:          273984 kB
MemAvailable:    1489408 kB
Buffers:           91432 kB
Cached:          1153860 kB
MemTotal:        1844596 kB
MemFree:          272884 kB
MemAvailable:    1488308 kB
Buffers:           91432 kB
Cached:          1153860 kB
MemTotal:        1844596 kB
MemFree:          273600 kB
MemAvailable:    1489024 kB
Buffers:           91432 kB
Cached:          1153860 kB
MemTotal:        1844596 kB
MemFree:          273936 kB
MemAvailable:    1489360 kB
Buffers:           91432 kB
Cached:          1153860 kB
MemTotal:        1844596 kB
MemFree:          272388 kB
MemAvailable:    1487816 kB
Buffers:           91432 kB
Cached:          1153864 kB
MemTotal:        1844596 kB
MemFree:          273712 kB
MemAvailable:    1489140 kB
Buffers:           91432 kB
Cached:          1153864 kB
MemTotal:        1844596 kB
MemFree:          272884 kB
MemAvailable:    1488312 kB
Buffers:           91432 kB
Cached:          1153864 kB
MemTotal:        1844596 kB
MemFree:          273928 kB
MemAvailable:    1489356 kB
Buffers:           91432 kB
Cached:          1153864 kB
MemTotal:        1844596 kB
MemFree:          272768 kB
MemAvailable:    1488196 kB
Buffers:           91432 kB
Cached:          1153864 kB
MemTotal:        1844596 kB
MemFree:          273448 kB
MemAvailable:    1488876 kB
Buffers:           91432 kB
Cached:          1153864 kB
MemTotal:        1844596 kB
MemFree:          273784 kB
MemAvailable:    1489212 kB
Buffers:           91432 kB
Cached:          1153864 kB
MemTotal:        1844596 kB
MemFree:          273508 kB
MemAvailable:    1488936 kB
Buffers:           91432 kB
Cached:          1153864 kB
MemTotal:        1844596 kB
MemFree:          273384 kB
MemAvailable:    1488812 kB
Buffers:           91432 kB
Cached:          1153864 kB
MemTotal:        1844596 kB
MemFree:          273632 kB
MemAvailable:    1489060 kB
Buffers:           91432 kB
Cached:          1153864 kB
MemTotal:        1844596 kB
MemFree:          273308 kB
MemAvailable:    1488736 kB
Buffers:           91432 kB
Cached:          1153864 kB
MemTotal:        1844596 kB
MemFree:          273140 kB
MemAvailable:    1488568 kB
Buffers:           91432 kB
Cached:          1153864 kB
MemTotal:        1844596 kB
MemFree:          273332 kB
MemAvailable:    1488760 kB
Buffers:           91432 kB
Cached:          1153864 kB
MemTotal:        1844596 kB
MemFree:          271996 kB
MemAvailable:    1487424 kB
Buffers:           91432 kB
Cached:          1153864 kB
MemTotal:        1844596 kB
MemFree:          273360 kB
MemAvailable:    1488788 kB
Buffers:           91432 kB
Cached:          1153864 kB
MemTotal:        1844596 kB
MemFree:          271884 kB
MemAvailable:    1487312 kB
Buffers:           91432 kB
Cached:          1153864 kB
MemTotal:        1844596 kB
MemFree:          270032 kB
MemAvailable:    1485460 kB
Buffers:           91432 kB
Cached:          1153864 kB
MemTotal:        1844596 kB
MemFree:          265312 kB
MemAvailable:    1480740 kB
Buffers:           91432 kB
Cached:          1153864 kB
MemTotal:        1844596 kB
MemFree:          265396 kB
MemAvailable:    1480824 kB
Buffers:           91432 kB
Cached:          1153864 kB
MemTotal:        1844596 kB
MemFree:          265016 kB
MemAvailable:    1480444 kB
Buffers:           91432 kB
Cached:          1153864 kB
MemTotal:        1844596 kB
MemFree:          265268 kB
MemAvailable:    1480696 kB
Buffers:           91432 kB
Cached:          1153864 kB
MemTotal:        1844596 kB
MemFree:          264888 kB
MemAvailable:    1480316 kB
Buffers:           91432 kB
Cached:          1153864 kB
MemTotal:        1844596 kB
MemFree:          265112 kB
MemAvailable:    1480540 kB
Buffers:           91432 kB
Cached:          1153864 kB
MemTotal:        1844596 kB
MemFree:          264720 kB
MemAvailable:    1480148 kB
Buffers:           91432 kB
Cached:          1153864 kB
MemTotal:        1844596 kB
MemFree:          263544 kB
MemAvailable:    1478972 kB
Buffers:           91432 kB
Cached:          1153864 kB
MemTotal:        1844596 kB
MemFree:          263708 kB
MemAvailable:    1479136 kB
Buffers:           91432 kB
Cached:          1153864 kB
MemTotal:        1844596 kB
MemFree:          264560 kB
MemAvailable:    1479988 kB
Buffers:           91432 kB
Cached:          1153864 kB
MemTotal:        1844596 kB
MemFree:          264452 kB
MemAvailable:    1479880 kB
Buffers:           91432 kB
Cached:          1153864 kB
MemTotal:        1844596 kB
MemFree:          264740 kB
MemAvailable:    1480168 kB
Buffers:           91432 kB
Cached:          1153864 kB
MemTotal:        1844596 kB
MemFree:          264700 kB
MemAvailable:    1480128 kB
Buffers:           91432 kB
Cached:          1153864 kB
MemTotal:        1844596 kB
MemFree:          263964 kB
MemAvailable:    1479392 kB
Buffers:           91432 kB
Cached:          1153864 kB
MemTotal:        1844596 kB
MemFree:          264560 kB
MemAvailable:    1479988 kB
Buffers:           91432 kB
Cached:          1153864 kB
MemTotal:        1844596 kB
MemFree:          264896 kB
MemAvailable:    1480324 kB
Buffers:           91432 kB
Cached:          1153864 kB
MemTotal:        1844596 kB
MemFree:          264712 kB
MemAvailable:    1480140 kB
Buffers:           91432 kB
Cached:          1153864 kB
MemTotal:        1844596 kB
MemFree:          264772 kB
MemAvailable:    1480200 kB
Buffers:           91432 kB
Cached:          1153864 kB
MemTotal:        1844596 kB
MemFree:          263956 kB
MemAvailable:    1479384 kB
Buffers:           91432 kB
Cached:          1153864 kB
MemTotal:        1844596 kB
MemFree:          264816 kB
MemAvailable:    1480244 kB
Buffers:           91432 kB
Cached:          1153864 kB
MemTotal:        1844596 kB
MemFree:          264816 kB
MemAvailable:    1480244 kB
Buffers:           91432 kB
Cached:          1153864 kB
MemTotal:        1844596 kB
MemFree:          264652 kB
MemAvailable:    1480080 kB
Buffers:           91432 kB
Cached:          1153864 kB
MemTotal:        1844596 kB
MemFree:          264748 kB
MemAvailable:    1480176 kB
Buffers:           91432 kB
Cached:          1153864 kB
MemTotal:        1844596 kB
MemFree:          264328 kB
MemAvailable:    1479756 kB
Buffers:           91432 kB
Cached:          1153864 kB
MemTotal:        1844596 kB
MemFree:          264424 kB
MemAvailable:    1479852 kB
Buffers:           91432 kB
Cached:          1153864 kB
MemTotal:        1844596 kB
MemFree:          264760 kB
MemAvailable:    1480188 kB
Buffers:           91432 kB
Cached:          1153864 kB
MemTotal:        1844596 kB
MemFree:          264560 kB
MemAvailable:    1479988 kB
Buffers:           91432 kB
Cached:          1153864 kB
MemTotal:        1844596 kB
MemFree:          264812 kB
MemAvailable:    1480240 kB
Buffers:           91432 kB
Cached:          1153864 kB
MemTotal:        1844596 kB
MemFree:          263196 kB
MemAvailable:    1478624 kB
Buffers:           91432 kB
Cached:          1153864 kB
MemTotal:        1844596 kB
MemFree:          263036 kB
MemAvailable:    1478464 kB
Buffers:           91432 kB
Cached:          1153864 kB
MemTotal:        1844596 kB
MemFree:          257368 kB
MemAvailable:    1472796 kB
Buffers:           91432 kB
Cached:          1153864 kB
MemTotal:        1844596 kB
MemFree:          257260 kB
MemAvailable:    1472688 kB
Buffers:           91432 kB
Cached:          1153864 kB
MemTotal:        1844596 kB
MemFree:          255516 kB
MemAvailable:    1470944 kB
Buffers:           91432 kB
Cached:          1153864 kB
MemTotal:        1844596 kB
MemFree:          255772 kB
MemAvailable:    1471200 kB
Buffers:           91432 kB
Cached:          1153864 kB
MemTotal:        1844596 kB
MemFree:          255012 kB
MemAvailable:    1470440 kB
Buffers:           91432 kB
Cached:          1153864 kB
MemTotal:        1844596 kB
MemFree:          255096 kB
MemAvailable:    1470524 kB
Buffers:           91432 kB
Cached:          1153864 kB
MemTotal:        1844596 kB
MemFree:          254336 kB
MemAvailable:    1469764 kB
Buffers:           91432 kB
Cached:          1153864 kB
MemTotal:        1844596 kB
MemFree:          252672 kB
MemAvailable:    1468100 kB
Buffers:           91432 kB
Cached:          1153864 kB
MemTotal:        1844596 kB
MemFree:          253292 kB
MemAvailable:    1468720 kB
Buffers:           91432 kB
Cached:          1153864 kB
MemTotal:        1844596 kB
MemFree:          253152 kB
MemAvailable:    1468580 kB
Buffers:           91432 kB
Cached:          1153864 kB
MemTotal:        1844596 kB
MemFree:          252864 kB
MemAvailable:    1468296 kB
Buffers:           91432 kB
Cached:          1153868 kB
MemTotal:        1844596 kB
MemFree:          252864 kB
MemAvailable:    1468296 kB
Buffers:           91432 kB
Cached:          1153868 kB
MemTotal:        1844596 kB
MemFree:          252792 kB
MemAvailable:    1468224 kB
Buffers:           91432 kB
Cached:          1153868 kB
MemTotal:        1844596 kB
MemFree:          252836 kB
MemAvailable:    1468268 kB
Buffers:           91432 kB
Cached:          1153868 kB
MemTotal:        1844596 kB
MemFree:          252184 kB
MemAvailable:    1467616 kB
Buffers:           91432 kB
Cached:          1153868 kB
MemTotal:        1844596 kB
MemFree:          252656 kB
MemAvailable:    1468088 kB
Buffers:           91432 kB
Cached:          1153868 kB
MemTotal:        1844596 kB
MemFree:          252656 kB
MemAvailable:    1468088 kB
Buffers:           91432 kB
Cached:          1153868 kB
MemTotal:        1844596 kB
MemFree:          252968 kB
MemAvailable:    1468400 kB
Buffers:           91432 kB
Cached:          1153868 kB
MemTotal:        1844596 kB
MemFree:          252796 kB
MemAvailable:    1468228 kB
Buffers:           91432 kB
Cached:          1153868 kB
MemTotal:        1844596 kB
MemFree:          252060 kB
MemAvailable:    1467492 kB
Buffers:           91432 kB
Cached:          1153868 kB
MemTotal:        1844596 kB
MemFree:          251788 kB
MemAvailable:    1467224 kB
Buffers:           91432 kB
Cached:          1153872 kB
MemTotal:        1844596 kB
MemFree:          253160 kB
MemAvailable:    1468596 kB
Buffers:           91432 kB
Cached:          1153872 kB
MemTotal:        1844596 kB
MemFree:          252772 kB
MemAvailable:    1468208 kB
Buffers:           91432 kB
Cached:          1153872 kB
MemTotal:        1844596 kB
MemFree:          252920 kB
MemAvailable:    1468356 kB
Buffers:           91432 kB
Cached:          1153872 kB
MemTotal:        1844596 kB
MemFree:          252776 kB
MemAvailable:    1468212 kB
Buffers:           91432 kB
Cached:          1153872 kB
MemTotal:        1844596 kB
MemFree:          252680 kB
MemAvailable:    1468116 kB
Buffers:           91432 kB
Cached:          1153872 kB
MemTotal:        1844596 kB
MemFree:          251424 kB
MemAvailable:    1466860 kB
Buffers:           91432 kB
Cached:          1153872 kB
MemTotal:        1844596 kB
MemFree:          251408 kB
MemAvailable:    1466844 kB
Buffers:           91432 kB
Cached:          1153872 kB
MemTotal:        1844596 kB
MemFree:          252848 kB
MemAvailable:    1468284 kB
Buffers:           91432 kB
Cached:          1153872 kB
MemTotal:        1844596 kB
MemFree:          252740 kB
MemAvailable:    1468176 kB
Buffers:           91432 kB
Cached:          1153872 kB
MemTotal:        1844596 kB
MemFree:          252672 kB
MemAvailable:    1468108 kB
Buffers:           91432 kB
Cached:          1153872 kB
MemTotal:        1844596 kB
MemFree:          252836 kB
MemAvailable:    1468272 kB
Buffers:           91432 kB
Cached:          1153872 kB
MemTotal:        1844596 kB
MemFree:          252816 kB
MemAvailable:    1468252 kB
Buffers:           91432 kB
Cached:          1153872 kB
MemTotal:        1844596 kB
MemFree:          252880 kB
MemAvailable:    1468316 kB
Buffers:           91432 kB
Cached:          1153872 kB
MemTotal:        1844596 kB
MemFree:          252740 kB
MemAvailable:    1468176 kB
Buffers:           91432 kB
Cached:          1153872 kB
MemTotal:        1844596 kB
MemFree:          252300 kB
MemAvailable:    1467736 kB
Buffers:           91432 kB
Cached:          1153872 kB
MemTotal:        1844596 kB
MemFree:          252740 kB
MemAvailable:    1468176 kB
Buffers:           91432 kB
Cached:          1153872 kB
MemTotal:        1844596 kB
MemFree:          251484 kB
MemAvailable:    1466920 kB
Buffers:           91432 kB
Cached:          1153872 kB
MemTotal:        1844596 kB
MemFree:          251536 kB
MemAvailable:    1466972 kB
Buffers:           91432 kB
Cached:          1153872 kB
MemTotal:        1844596 kB
MemFree:          252796 kB
MemAvailable:    1468232 kB
Buffers:           91432 kB
Cached:          1153872 kB
MemTotal:        1844596 kB
MemFree:          251488 kB
MemAvailable:    1466924 kB
Buffers:           91432 kB
Cached:          1153872 kB
MemTotal:        1844596 kB
MemFree:          251612 kB
MemAvailable:    1467048 kB
Buffers:           91432 kB
Cached:          1153872 kB
MemTotal:        1844596 kB
MemFree:          251612 kB
MemAvailable:    1467048 kB
Buffers:           91432 kB
Cached:          1153872 kB
MemTotal:        1844596 kB
MemFree:          251612 kB
MemAvailable:    1467048 kB
Buffers:           91432 kB
Cached:          1153872 kB
MemTotal:        1844596 kB
MemFree:          252912 kB
MemAvailable:    1468348 kB
Buffers:           91432 kB
Cached:          1153872 kB
MemTotal:        1844596 kB
MemFree:          252824 kB
MemAvailable:    1468260 kB
Buffers:           91432 kB
Cached:          1153872 kB
MemTotal:        1844596 kB
MemFree:          251936 kB
MemAvailable:    1467372 kB
Buffers:           91432 kB
Cached:          1153872 kB
MemTotal:        1844596 kB
MemFree:          253128 kB
MemAvailable:    1468564 kB
Buffers:           91432 kB
Cached:          1153872 kB
MemTotal:        1844596 kB
MemFree:          251928 kB
MemAvailable:    1467364 kB
Buffers:           91432 kB
Cached:          1153872 kB
MemTotal:        1844596 kB
MemFree:          252780 kB
MemAvailable:    1468216 kB
Buffers:           91432 kB
Cached:          1153872 kB
MemTotal:        1844596 kB
MemFree:          252864 kB
MemAvailable:    1468300 kB
Buffers:           91432 kB
Cached:          1153872 kB
MemTotal:        1844596 kB
MemFree:          252728 kB
MemAvailable:    1468164 kB
Buffers:           91432 kB
Cached:          1153872 kB
MemTotal:        1844596 kB
MemFree:          252896 kB
MemAvailable:    1468332 kB
Buffers:           91432 kB
Cached:          1153872 kB
MemTotal:        1844596 kB
MemFree:          251464 kB
MemAvailable:    1466900 kB
Buffers:           91432 kB
Cached:          1153872 kB
MemTotal:        1844596 kB
MemFree:          252808 kB
MemAvailable:    1468244 kB
Buffers:           91432 kB
Cached:          1153872 kB
MemTotal:        1844596 kB
MemFree:          252060 kB
MemAvailable:    1467496 kB
Buffers:           91432 kB
Cached:          1153872 kB
MemTotal:        1844596 kB
MemFree:          252664 kB
MemAvailable:    1468100 kB
Buffers:           91432 kB
Cached:          1153872 kB
MemTotal:        1844596 kB
MemFree:          252920 kB
MemAvailable:    1468356 kB
Buffers:           91432 kB
Cached:          1153872 kB
MemTotal:        1844596 kB
MemFree:          252724 kB
MemAvailable:    1468160 kB
Buffers:           91432 kB
Cached:          1153872 kB
MemTotal:        1844596 kB
MemFree:          251928 kB
MemAvailable:    1467364 kB
Buffers:           91432 kB
Cached:          1153872 kB
MemTotal:        1844596 kB
MemFree:          251004 kB
MemAvailable:    1466440 kB
Buffers:           91432 kB
Cached:          1153872 kB
MemTotal:        1844596 kB
MemFree:          252368 kB
MemAvailable:    1467804 kB
Buffers:           91432 kB
Cached:          1153872 kB
MemTotal:        1844596 kB
MemFree:          251812 kB
MemAvailable:    1467248 kB
Buffers:           91432 kB
Cached:          1153872 kB
MemTotal:        1844596 kB
MemFree:          252160 kB
MemAvailable:    1467596 kB
Buffers:           91432 kB
Cached:          1153872 kB
MemTotal:        1844596 kB
MemFree:          252496 kB
MemAvailable:    1467932 kB
Buffers:           91432 kB
Cached:          1153872 kB
MemTotal:        1844596 kB
MemFree:          252168 kB
MemAvailable:    1467604 kB
Buffers:           91432 kB
Cached:          1153872 kB
MemTotal:        1844596 kB
MemFree:          252480 kB
MemAvailable:    1467916 kB
Buffers:           91432 kB
Cached:          1153872 kB
MemTotal:        1844596 kB
MemFree:          251504 kB
MemAvailable:    1466940 kB
Buffers:           91432 kB
Cached:          1153872 kB
MemTotal:        1844596 kB
MemFree:          252036 kB
MemAvailable:    1467476 kB
Buffers:           91432 kB
Cached:          1153876 kB
MemTotal:        1844596 kB
MemFree:          252036 kB
MemAvailable:    1467476 kB
Buffers:           91432 kB
Cached:          1153876 kB
MemTotal:        1844596 kB
MemFree:          250424 kB
MemAvailable:    1465864 kB
Buffers:           91432 kB
Cached:          1153876 kB
MemTotal:        1844596 kB
MemFree:          251840 kB
MemAvailable:    1467280 kB
Buffers:           91432 kB
Cached:          1153876 kB
MemTotal:        1844596 kB
MemFree:          251068 kB
MemAvailable:    1466508 kB
Buffers:           91432 kB
Cached:          1153876 kB
MemTotal:        1844596 kB
MemFree:          251664 kB
MemAvailable:    1467104 kB
Buffers:           91436 kB
Cached:          1153872 kB
MemTotal:        1844596 kB
MemFree:          252000 kB
MemAvailable:    1467440 kB
Buffers:           91436 kB
Cached:          1153872 kB
MemTotal:        1844596 kB
MemFree:          251756 kB
MemAvailable:    1467196 kB
Buffers:           91436 kB
Cached:          1153872 kB
MemTotal:        1844596 kB
MemFree:          251432 kB
MemAvailable:    1466872 kB
Buffers:           91436 kB
Cached:          1153872 kB
MemTotal:        1844596 kB
MemFree:          251652 kB
MemAvailable:    1467092 kB
Buffers:           91436 kB
Cached:          1153872 kB
MemTotal:        1844596 kB
MemFree:          251904 kB
MemAvailable:    1467344 kB
Buffers:           91436 kB
Cached:          1153872 kB
MemTotal:        1844596 kB
MemFree:          251540 kB
MemAvailable:    1466980 kB
Buffers:           91436 kB
Cached:          1153872 kB
MemTotal:        1844596 kB
MemFree:          251792 kB
MemAvailable:    1467232 kB
Buffers:           91436 kB
Cached:          1153872 kB
MemTotal:        1844596 kB
MemFree:          251564 kB
MemAvailable:    1467004 kB
Buffers:           91436 kB
Cached:          1153872 kB
MemTotal:        1844596 kB
MemFree:          251860 kB
MemAvailable:    1467300 kB
Buffers:           91436 kB
Cached:          1153872 kB
MemTotal:        1844596 kB
MemFree:          252048 kB
MemAvailable:    1467488 kB
Buffers:           91436 kB
Cached:          1153872 kB
MemTotal:        1844596 kB
MemFree:          250364 kB
MemAvailable:    1465804 kB
Buffers:           91436 kB
Cached:          1153872 kB
MemTotal:        1844596 kB
MemFree:          250192 kB
MemAvailable:    1465632 kB
Buffers:           91436 kB
Cached:          1153872 kB
MemTotal:        1844596 kB
MemFree:          245340 kB
MemAvailable:    1460780 kB
Buffers:           91436 kB
Cached:          1153872 kB
MemTotal:        1844596 kB
MemFree:          245108 kB
MemAvailable:    1460548 kB
Buffers:           91436 kB
Cached:          1153872 kB
MemTotal:        1844596 kB
MemFree:          241440 kB
MemAvailable:    1456880 kB
Buffers:           91436 kB
Cached:          1153872 kB
MemTotal:        1844596 kB
MemFree:          240140 kB
MemAvailable:    1455580 kB
Buffers:           91436 kB
Cached:          1153872 kB
MemTotal:        1844596 kB
MemFree:          240952 kB
MemAvailable:    1456392 kB
Buffers:           91436 kB
Cached:          1153872 kB
MemTotal:        1844596 kB
MemFree:          240752 kB
MemAvailable:    1456192 kB
Buffers:           91436 kB
Cached:          1153872 kB
MemTotal:        1844596 kB
MemFree:          240272 kB
MemAvailable:    1455712 kB
Buffers:           91436 kB
Cached:          1153872 kB
MemTotal:        1844596 kB
MemFree:          240692 kB
MemAvailable:    1456132 kB
Buffers:           91436 kB
Cached:          1153872 kB
MemTotal:        1844596 kB
MemFree:          239660 kB
MemAvailable:    1455100 kB
Buffers:           91436 kB
Cached:          1153872 kB
MemTotal:        1844596 kB
MemFree:          240216 kB
MemAvailable:    1455656 kB
Buffers:           91436 kB
Cached:          1153872 kB
MemTotal:        1844596 kB
MemFree:          240472 kB
MemAvailable:    1455912 kB
Buffers:           91436 kB
Cached:          1153872 kB
MemTotal:        1844596 kB
MemFree:          238644 kB
MemAvailable:    1454084 kB
Buffers:           91436 kB
Cached:          1153872 kB
MemTotal:        1844596 kB
MemFree:          238728 kB
MemAvailable:    1454168 kB
Buffers:           91436 kB
Cached:          1153872 kB
MemTotal:        1844596 kB
MemFree:          238480 kB
MemAvailable:    1453920 kB
Buffers:           91436 kB
Cached:          1153872 kB
MemTotal:        1844596 kB
MemFree:          237172 kB
MemAvailable:    1452612 kB
Buffers:           91436 kB
Cached:          1153872 kB
MemTotal:        1844596 kB
MemFree:          238156 kB
MemAvailable:    1453608 kB
Buffers:           91436 kB
Cached:          1153884 kB
MemTotal:        1844596 kB
MemFree:          238240 kB
MemAvailable:    1453692 kB
Buffers:           91436 kB
Cached:          1153884 kB
MemTotal:        1844596 kB
MemFree:          236916 kB
MemAvailable:    1452368 kB
Buffers:           91436 kB
Cached:          1153884 kB
MemTotal:        1844596 kB
MemFree:          238364 kB
MemAvailable:    1453816 kB
Buffers:           91436 kB
Cached:          1153884 kB
MemTotal:        1844596 kB
MemFree:          238220 kB
MemAvailable:    1453672 kB
Buffers:           91436 kB
Cached:          1153884 kB
MemTotal:        1844596 kB
MemFree:          238220 kB
MemAvailable:    1453672 kB
Buffers:           91436 kB
Cached:          1153884 kB
MemTotal:        1844596 kB
MemFree:          238232 kB
MemAvailable:    1453684 kB
Buffers:           91436 kB
Cached:          1153884 kB
MemTotal:        1844596 kB
MemFree:          237152 kB
MemAvailable:    1452604 kB
Buffers:           91436 kB
Cached:          1153884 kB
MemTotal:        1844596 kB
MemFree:          238328 kB
MemAvailable:    1453780 kB
Buffers:           91436 kB
Cached:          1153884 kB
MemTotal:        1844596 kB
MemFree:          238196 kB
MemAvailable:    1453648 kB
Buffers:           91436 kB
Cached:          1153884 kB
MemTotal:        1844596 kB
MemFree:          238324 kB
MemAvailable:    1453776 kB
Buffers:           91436 kB
Cached:          1153884 kB
MemTotal:        1844596 kB
MemFree:          238156 kB
MemAvailable:    1453608 kB
Buffers:           91436 kB
Cached:          1153884 kB
MemTotal:        1844596 kB
MemFree:          238408 kB
MemAvailable:    1453860 kB
Buffers:           91436 kB
Cached:          1153884 kB
MemTotal:        1844596 kB
MemFree:          237596 kB
MemAvailable:    1453048 kB
Buffers:           91436 kB
Cached:          1153884 kB
MemTotal:        1844596 kB
MemFree:          236056 kB
MemAvailable:    1451508 kB
Buffers:           91436 kB
Cached:          1153884 kB
MemTotal:        1844596 kB
MemFree:          236736 kB
MemAvailable:    1452188 kB
Buffers:           91436 kB
Cached:          1153884 kB
MemTotal:        1844596 kB
MemFree:          236800 kB
MemAvailable:    1452252 kB
Buffers:           91436 kB
Cached:          1153884 kB
MemTotal:        1844596 kB
MemFree:          236356 kB
MemAvailable:    1451808 kB
Buffers:           91436 kB
Cached:          1153884 kB
MemTotal:        1844596 kB
MemFree:          235684 kB
MemAvailable:    1451136 kB
Buffers:           91436 kB
Cached:          1153884 kB
MemTotal:        1844596 kB
MemFree:          235544 kB
MemAvailable:    1450996 kB
Buffers:           91436 kB
Cached:          1153884 kB
MemTotal:        1844596 kB
MemFree:          235880 kB
MemAvailable:    1451332 kB
Buffers:           91436 kB
Cached:          1153884 kB
MemTotal:        1844596 kB
MemFree:          234560 kB
MemAvailable:    1450012 kB
Buffers:           91436 kB
Cached:          1153884 kB
MemTotal:        1844596 kB
MemFree:          234560 kB
MemAvailable:    1450012 kB
Buffers:           91436 kB
Cached:          1153884 kB
MemTotal:        1844596 kB
MemFree:          233940 kB
MemAvailable:    1449392 kB
Buffers:           91436 kB
Cached:          1153884 kB
MemTotal:        1844596 kB
MemFree:          234024 kB
MemAvailable:    1449476 kB
Buffers:           91436 kB
Cached:          1153884 kB
MemTotal:        1844596 kB
MemFree:          233776 kB
MemAvailable:    1449228 kB
Buffers:           91436 kB
Cached:          1153884 kB
MemTotal:        1844596 kB
MemFree:          232460 kB
MemAvailable:    1447912 kB
Buffers:           91436 kB
Cached:          1153884 kB
MemTotal:        1844596 kB
MemFree:          233512 kB
MemAvailable:    1448964 kB
Buffers:           91436 kB
Cached:          1153884 kB
MemTotal:        1844596 kB
MemFree:          232716 kB
MemAvailable:    1448168 kB
Buffers:           91436 kB
Cached:          1153884 kB
MemTotal:        1844596 kB
MemFree:          233024 kB
MemAvailable:    1448476 kB
Buffers:           91436 kB
Cached:          1153884 kB
MemTotal:        1844596 kB
MemFree:          232708 kB
MemAvailable:    1448160 kB
Buffers:           91436 kB
Cached:          1153884 kB
MemTotal:        1844596 kB
MemFree:          233060 kB
MemAvailable:    1448512 kB
Buffers:           91436 kB
Cached:          1153884 kB
MemTotal:        1844596 kB
MemFree:          233316 kB
MemAvailable:    1448768 kB
Buffers:           91436 kB
Cached:          1153884 kB
MemTotal:        1844596 kB
MemFree:          233172 kB
MemAvailable:    1448624 kB
Buffers:           91436 kB
Cached:          1153884 kB
MemTotal:        1844596 kB
MemFree:          233424 kB
MemAvailable:    1448876 kB
Buffers:           91436 kB
Cached:          1153884 kB
MemTotal:        1844596 kB
MemFree:          233380 kB
MemAvailable:    1448832 kB
Buffers:           91436 kB
Cached:          1153884 kB
MemTotal:        1844596 kB
MemFree:          233256 kB
MemAvailable:    1448708 kB
Buffers:           91436 kB
Cached:          1153884 kB
MemTotal:        1844596 kB
MemFree:          232468 kB
MemAvailable:    1447920 kB
Buffers:           91436 kB
Cached:          1153884 kB
MemTotal:        1844596 kB
MemFree:          232816 kB
MemAvailable:    1448268 kB
Buffers:           91436 kB
Cached:          1153884 kB
MemTotal:        1844596 kB
MemFree:          233152 kB
MemAvailable:    1448604 kB
Buffers:           91436 kB
Cached:          1153884 kB
MemTotal:        1844596 kB
MemFree:          232948 kB
MemAvailable:    1448400 kB
Buffers:           91436 kB
Cached:          1153884 kB
MemTotal:        1844596 kB
MemFree:          232948 kB
MemAvailable:    1448400 kB
Buffers:           91436 kB
Cached:          1153884 kB
MemTotal:        1844596 kB
MemFree:          232908 kB
MemAvailable:    1448360 kB
Buffers:           91436 kB
Cached:          1153884 kB
MemTotal:        1844596 kB
MemFree:          231536 kB
MemAvailable:    1446988 kB
Buffers:           91436 kB
Cached:          1153884 kB
MemTotal:        1844596 kB
MemFree:          232896 kB
MemAvailable:    1448348 kB
Buffers:           91436 kB
Cached:          1153884 kB
MemTotal:        1844596 kB
MemFree:          233148 kB
MemAvailable:    1448600 kB
Buffers:           91436 kB
Cached:          1153884 kB
MemTotal:        1844596 kB
MemFree:          232816 kB
MemAvailable:    1448268 kB
Buffers:           91436 kB
Cached:          1153884 kB
MemTotal:        1844596 kB
MemFree:          233068 kB
MemAvailable:    1448520 kB
Buffers:           91436 kB
Cached:          1153884 kB
MemTotal:        1844596 kB
MemFree:          232896 kB
MemAvailable:    1448348 kB
Buffers:           91436 kB
Cached:          1153884 kB
MemTotal:        1844596 kB
MemFree:          232716 kB
MemAvailable:    1448168 kB
Buffers:           91436 kB
Cached:          1153884 kB
MemTotal:        1844596 kB
MemFree:          231544 kB
MemAvailable:    1446996 kB
Buffers:           91436 kB
Cached:          1153884 kB
MemTotal:        1844596 kB
MemFree:          231792 kB
MemAvailable:    1447244 kB
Buffers:           91436 kB
Cached:          1153884 kB
MemTotal:        1844596 kB
MemFree:          232948 kB
MemAvailable:    1448400 kB
Buffers:           91436 kB
Cached:          1153884 kB
MemTotal:        1844596 kB
MemFree:          232964 kB
MemAvailable:    1448416 kB
Buffers:           91436 kB
Cached:          1153884 kB
MemTotal:        1844596 kB
MemFree:          231776 kB
MemAvailable:    1447228 kB
Buffers:           91436 kB
Cached:          1153884 kB
MemTotal:        1844596 kB
MemFree:          230592 kB
MemAvailable:    1446044 kB
Buffers:           91436 kB
Cached:          1153884 kB
MemTotal:        1844596 kB
MemFree:          230964 kB
MemAvailable:    1446416 kB
Buffers:           91436 kB
Cached:          1153884 kB
MemTotal:        1844596 kB
MemFree:          230484 kB
MemAvailable:    1445936 kB
Buffers:           91436 kB
Cached:          1153884 kB
MemTotal:        1844596 kB
MemFree:          228924 kB
MemAvailable:    1444376 kB
Buffers:           91436 kB
Cached:          1153884 kB
MemTotal:        1844596 kB
MemFree:          226864 kB
MemAvailable:    1442316 kB
Buffers:           91436 kB
Cached:          1153884 kB
MemTotal:        1844596 kB
MemFree:          226208 kB
MemAvailable:    1441660 kB
Buffers:           91436 kB
Cached:          1153884 kB
MemTotal:        1844596 kB
MemFree:          221168 kB
MemAvailable:    1436620 kB
Buffers:           91436 kB
Cached:          1153884 kB
MemTotal:        1844596 kB
MemFree:          221252 kB
MemAvailable:    1436704 kB
Buffers:           91436 kB
Cached:          1153884 kB
MemTotal:        1844596 kB
MemFree:          216588 kB
MemAvailable:    1432040 kB
Buffers:           91436 kB
Cached:          1153884 kB
MemTotal:        1844596 kB
MemFree:          214688 kB
MemAvailable:    1430140 kB
Buffers:           91436 kB
Cached:          1153884 kB
MemTotal:        1844596 kB
MemFree:          213488 kB
MemAvailable:    1428940 kB
Buffers:           91436 kB
Cached:          1153884 kB
MemTotal:        1844596 kB
MemFree:          214348 kB
MemAvailable:    1429808 kB
Buffers:           91436 kB
Cached:          1153892 kB
MemTotal:        1844596 kB
MemFree:          214100 kB
MemAvailable:    1429560 kB
Buffers:           91436 kB
Cached:          1153892 kB
MemTotal:        1844596 kB
MemFree:          214172 kB
MemAvailable:    1429632 kB
Buffers:           91436 kB
Cached:          1153892 kB
MemTotal:        1844596 kB
MemFree:          214144 kB
MemAvailable:    1429604 kB
Buffers:           91436 kB
Cached:          1153892 kB
MemTotal:        1844596 kB
MemFree:          213124 kB
MemAvailable:    1428584 kB
Buffers:           91436 kB
Cached:          1153892 kB
MemTotal:        1844596 kB
MemFree:          213844 kB
MemAvailable:    1429304 kB
Buffers:           91436 kB
Cached:          1153892 kB
MemTotal:        1844596 kB
MemFree:          214096 kB
MemAvailable:    1429556 kB
Buffers:           91436 kB
Cached:          1153892 kB
MemTotal:        1844596 kB
MemFree:          213844 kB
MemAvailable:    1429304 kB
Buffers:           91436 kB
Cached:          1153892 kB
MemTotal:        1844596 kB
MemFree:          214096 kB
MemAvailable:    1429556 kB
Buffers:           91436 kB
Cached:          1153892 kB
MemTotal:        1844596 kB
MemFree:          213972 kB
MemAvailable:    1429432 kB
Buffers:           91436 kB
Cached:          1153892 kB
MemTotal:        1844596 kB
MemFree:          212372 kB
MemAvailable:    1427832 kB
Buffers:           91436 kB
Cached:          1153892 kB
MemTotal:        1844596 kB
MemFree:          212372 kB
MemAvailable:    1427832 kB
Buffers:           91436 kB
Cached:          1153892 kB
MemTotal:        1844596 kB
MemFree:          212240 kB
MemAvailable:    1427700 kB
Buffers:           91436 kB
Cached:          1153892 kB
MemTotal:        1844596 kB
MemFree:          212504 kB
MemAvailable:    1427964 kB
Buffers:           91436 kB
Cached:          1153892 kB
MemTotal:        1844596 kB
MemFree:          213240 kB
MemAvailable:    1428700 kB
Buffers:           91436 kB
Cached:          1153892 kB
MemTotal:        1844596 kB
MemFree:          213128 kB
MemAvailable:    1428588 kB
Buffers:           91436 kB
Cached:          1153892 kB
MemTotal:        1844596 kB
MemFree:          211988 kB
MemAvailable:    1427448 kB
Buffers:           91436 kB
Cached:          1153892 kB
MemTotal:        1844596 kB
MemFree:          212000 kB
MemAvailable:    1427464 kB
Buffers:           91436 kB
Cached:          1153896 kB
MemTotal:        1844596 kB
MemFree:          213260 kB
MemAvailable:    1428724 kB
Buffers:           91436 kB
Cached:          1153896 kB
MemTotal:        1844596 kB
MemFree:          212380 kB
MemAvailable:    1427844 kB
Buffers:           91436 kB
Cached:          1153896 kB
MemTotal:        1844596 kB
MemFree:          211828 kB
MemAvailable:    1427292 kB
Buffers:           91436 kB
Cached:          1153896 kB
MemTotal:        1844596 kB
MemFree:          213068 kB
MemAvailable:    1428532 kB
Buffers:           91436 kB
Cached:          1153896 kB
MemTotal:        1844596 kB
MemFree:          213252 kB
MemAvailable:    1428716 kB
Buffers:           91436 kB
Cached:          1153896 kB
MemTotal:        1844596 kB
MemFree:          211820 kB
MemAvailable:    1427284 kB
Buffers:           91436 kB
Cached:          1153896 kB
MemTotal:        1844596 kB
MemFree:          213180 kB
MemAvailable:    1428644 kB
Buffers:           91436 kB
Cached:          1153896 kB
MemTotal:        1844596 kB
MemFree:          213432 kB
MemAvailable:    1428896 kB
Buffers:           91436 kB
Cached:          1153896 kB
MemTotal:        1844596 kB
MemFree:          213120 kB
MemAvailable:    1428584 kB
Buffers:           91436 kB
Cached:          1153896 kB
MemTotal:        1844596 kB
MemFree:          213248 kB
MemAvailable:    1428712 kB
Buffers:           91436 kB
Cached:          1153896 kB
MemTotal:        1844596 kB
MemFree:          213116 kB
MemAvailable:    1428580 kB
Buffers:           91436 kB
Cached:          1153896 kB
MemTotal:        1844596 kB
MemFree:          211816 kB
MemAvailable:    1427280 kB
Buffers:           91436 kB
Cached:          1153896 kB
MemTotal:        1844596 kB
MemFree:          211816 kB
MemAvailable:    1427280 kB
Buffers:           91436 kB
Cached:          1153896 kB
MemTotal:        1844596 kB
MemFree:          212224 kB
MemAvailable:    1427688 kB
Buffers:           91436 kB
Cached:          1153896 kB
MemTotal:        1844596 kB
MemFree:          212100 kB
MemAvailable:    1427564 kB
Buffers:           91436 kB
Cached:          1153896 kB
MemTotal:        1844596 kB
MemFree:          213168 kB
MemAvailable:    1428632 kB
Buffers:           91436 kB
Cached:          1153896 kB
MemTotal:        1844596 kB
MemFree:          213336 kB
MemAvailable:    1428800 kB
Buffers:           91436 kB
Cached:          1153896 kB
MemTotal:        1844596 kB
MemFree:          209520 kB
MemAvailable:    1424984 kB
Buffers:           91436 kB
Cached:          1153896 kB
MemTotal:        1844596 kB
MemFree:          206916 kB
MemAvailable:    1422380 kB
Buffers:           91436 kB
Cached:          1153896 kB
MemTotal:        1844596 kB
MemFree:          204912 kB
MemAvailable:    1420376 kB
Buffers:           91436 kB
Cached:          1153896 kB
MemTotal:        1844596 kB
MemFree:          202080 kB
MemAvailable:    1417544 kB
Buffers:           91436 kB
Cached:          1153896 kB
MemTotal:        1844596 kB
MemFree:          200768 kB
MemAvailable:    1416232 kB
Buffers:           91436 kB
Cached:          1153896 kB
MemTotal:        1844596 kB
MemFree:          197872 kB
MemAvailable:    1413336 kB
Buffers:           91436 kB
Cached:          1153896 kB
MemTotal:        1844596 kB
MemFree:          195624 kB
MemAvailable:    1411088 kB
Buffers:           91436 kB
Cached:          1153896 kB
MemTotal:        1844596 kB
MemFree:          195960 kB
MemAvailable:    1411424 kB
Buffers:           91436 kB
Cached:          1153896 kB
MemTotal:        1844596 kB
MemFree:          195684 kB
MemAvailable:    1411148 kB
Buffers:           91436 kB
Cached:          1153896 kB
MemTotal:        1844596 kB
MemFree:          195624 kB
MemAvailable:    1411088 kB
Buffers:           91436 kB
Cached:          1153896 kB
MemTotal:        1844596 kB
MemFree:          194384 kB
MemAvailable:    1409848 kB
Buffers:           91436 kB
Cached:          1153896 kB
MemTotal:        1844596 kB
MemFree:          195492 kB
MemAvailable:    1410956 kB
Buffers:           91436 kB
Cached:          1153896 kB
MemTotal:        1844596 kB
MemFree:          195492 kB
MemAvailable:    1410956 kB
Buffers:           91436 kB
Cached:          1153896 kB
MemTotal:        1844596 kB
MemFree:          194208 kB
MemAvailable:    1409672 kB
Buffers:           91436 kB
Cached:          1153896 kB
MemTotal:        1844596 kB
MemFree:          195508 kB
MemAvailable:    1410972 kB
Buffers:           91436 kB
Cached:          1153896 kB
MemTotal:        1844596 kB
MemFree:          195260 kB
MemAvailable:    1410724 kB
Buffers:           91436 kB
Cached:          1153896 kB
MemTotal:        1844596 kB
MemFree:          195444 kB
MemAvailable:    1410908 kB
Buffers:           91436 kB
Cached:          1153896 kB
MemTotal:        1844596 kB
MemFree:          195188 kB
MemAvailable:    1410652 kB
Buffers:           91436 kB
Cached:          1153896 kB
MemTotal:        1844596 kB
MemFree:          194940 kB
MemAvailable:    1410404 kB
Buffers:           91436 kB
Cached:          1153896 kB
MemTotal:        1844596 kB
MemFree:          195192 kB
MemAvailable:    1410656 kB
Buffers:           91436 kB
Cached:          1153896 kB
MemTotal:        1844596 kB
MemFree:          194992 kB
MemAvailable:    1410456 kB
Buffers:           91436 kB
Cached:          1153896 kB
MemTotal:        1844596 kB
MemFree:          195020 kB
MemAvailable:    1410484 kB
Buffers:           91436 kB
Cached:          1153896 kB
MemTotal:        1844596 kB
MemFree:          194964 kB
MemAvailable:    1410428 kB
Buffers:           91436 kB
Cached:          1153896 kB
MemTotal:        1844596 kB
MemFree:          194936 kB
MemAvailable:    1410400 kB
Buffers:           91436 kB
Cached:          1153896 kB
MemTotal:        1844596 kB
MemFree:          194268 kB
MemAvailable:    1409732 kB
Buffers:           91436 kB
Cached:          1153896 kB
MemTotal:        1844596 kB
MemFree:          195624 kB
MemAvailable:    1411092 kB
Buffers:           91436 kB
Cached:          1153900 kB
MemTotal:        1844596 kB
MemFree:          195508 kB
MemAvailable:    1410976 kB
Buffers:           91436 kB
Cached:          1153900 kB
MemTotal:        1844596 kB
MemFree:          195180 kB
MemAvailable:    1410648 kB
Buffers:           91436 kB
Cached:          1153900 kB
MemTotal:        1844596 kB
MemFree:          194020 kB
MemAvailable:    1409488 kB
Buffers:           91436 kB
Cached:          1153900 kB
MemTotal:        1844596 kB
MemFree:          195168 kB
MemAvailable:    1410636 kB
Buffers:           91436 kB
Cached:          1153900 kB
MemTotal:        1844596 kB
MemFree:          194944 kB
MemAvailable:    1410412 kB
Buffers:           91436 kB
Cached:          1153900 kB
MemTotal:        1844596 kB
MemFree:          194888 kB
MemAvailable:    1410356 kB
Buffers:           91436 kB
Cached:          1153900 kB
MemTotal:        1844596 kB
MemFree:          193772 kB
MemAvailable:    1409240 kB
Buffers:           91436 kB
Cached:          1153900 kB
MemTotal:        1844596 kB
MemFree:          193888 kB
MemAvailable:    1409356 kB
Buffers:           91436 kB
Cached:          1153900 kB
MemTotal:        1844596 kB
MemFree:          194872 kB
MemAvailable:    1410340 kB
Buffers:           91436 kB
Cached:          1153900 kB
MemTotal:        1844596 kB
MemFree:          194392 kB
MemAvailable:    1409860 kB
Buffers:           91436 kB
Cached:          1153900 kB
MemTotal:        1844596 kB
MemFree:          195052 kB
MemAvailable:    1410520 kB
Buffers:           91436 kB
Cached:          1153900 kB
MemTotal:        1844596 kB
MemFree:          195180 kB
MemAvailable:    1410648 kB
Buffers:           91436 kB
Cached:          1153900 kB
MemTotal:        1844596 kB
MemFree:          195244 kB
MemAvailable:    1410712 kB
Buffers:           91436 kB
Cached:          1153900 kB
MemTotal:        1844596 kB
MemFree:          195000 kB
MemAvailable:    1410468 kB
Buffers:           91436 kB
Cached:          1153900 kB
MemTotal:        1844596 kB
MemFree:          192532 kB
MemAvailable:    1408000 kB
Buffers:           91436 kB
Cached:          1153900 kB
MemTotal:        1844596 kB
MemFree:          187556 kB
MemAvailable:    1403028 kB
Buffers:           91436 kB
Cached:          1153904 kB
MemTotal:        1844596 kB
MemFree:          187520 kB
MemAvailable:    1402992 kB
Buffers:           91436 kB
Cached:          1153904 kB
MemTotal:        1844596 kB
MemFree:          180752 kB
MemAvailable:    1396224 kB
Buffers:           91436 kB
Cached:          1153904 kB
MemTotal:        1844596 kB
MemFree:          178852 kB
MemAvailable:    1394324 kB
Buffers:           91436 kB
Cached:          1153904 kB
MemTotal:        1844596 kB
MemFree:          176412 kB
MemAvailable:    1391884 kB
Buffers:           91436 kB
Cached:          1153904 kB
MemTotal:        1844596 kB
MemFree:          177612 kB
MemAvailable:    1393084 kB
Buffers:           91436 kB
Cached:          1153904 kB
MemTotal:        1844596 kB
MemFree:          177464 kB
MemAvailable:    1392936 kB
Buffers:           91436 kB
Cached:          1153904 kB
MemTotal:        1844596 kB
MemFree:          177388 kB
MemAvailable:    1392860 kB
Buffers:           91436 kB
Cached:          1153904 kB
MemTotal:        1844596 kB
MemFree:          177348 kB
MemAvailable:    1392820 kB
Buffers:           91436 kB
Cached:          1153904 kB
MemTotal:        1844596 kB
MemFree:          177324 kB
MemAvailable:    1392796 kB
Buffers:           91436 kB
Cached:          1153904 kB
MemTotal:        1844596 kB
MemFree:          177576 kB
MemAvailable:    1393048 kB
Buffers:           91436 kB
Cached:          1153904 kB
MemTotal:        1844596 kB
MemFree:          176024 kB
MemAvailable:    1391496 kB
Buffers:           91436 kB
Cached:          1153904 kB
MemTotal:        1844596 kB
MemFree:          177208 kB
MemAvailable:    1392680 kB
Buffers:           91436 kB
Cached:          1153904 kB
MemTotal:        1844596 kB
MemFree:          177460 kB
MemAvailable:    1392932 kB
Buffers:           91436 kB
Cached:          1153904 kB
MemTotal:        1844596 kB
MemFree:          177264 kB
MemAvailable:    1392736 kB
Buffers:           91436 kB
Cached:          1153904 kB
MemTotal:        1844596 kB
MemFree:          177600 kB
MemAvailable:    1393072 kB
Buffers:           91436 kB
Cached:          1153904 kB
MemTotal:        1844596 kB
MemFree:          177472 kB
MemAvailable:    1392944 kB
Buffers:           91436 kB
Cached:          1153904 kB
MemTotal:        1844596 kB
MemFree:          177528 kB
MemAvailable:    1393000 kB
Buffers:           91436 kB
Cached:          1153904 kB
MemTotal:        1844596 kB
MemFree:          177376 kB
MemAvailable:    1392848 kB
Buffers:           91436 kB
Cached:          1153904 kB
MemTotal:        1844596 kB
MemFree:          177404 kB
MemAvailable:    1392876 kB
Buffers:           91436 kB
Cached:          1153904 kB
MemTotal:        1844596 kB
MemFree:          176276 kB
MemAvailable:    1391748 kB
Buffers:           91436 kB
Cached:          1153904 kB
MemTotal:        1844596 kB
MemFree:          177516 kB
MemAvailable:    1392988 kB
Buffers:           91436 kB
Cached:          1153904 kB
MemTotal:        1844596 kB
MemFree:          176228 kB
MemAvailable:    1391700 kB
Buffers:           91436 kB
Cached:          1153904 kB
MemTotal:        1844596 kB
MemFree:          176776 kB
MemAvailable:    1392248 kB
Buffers:           91436 kB
Cached:          1153904 kB
MemTotal:        1844596 kB
MemFree:          176776 kB
MemAvailable:    1392248 kB
Buffers:           91436 kB
Cached:          1153904 kB
MemTotal:        1844596 kB
MemFree:          176488 kB
MemAvailable:    1391960 kB
Buffers:           91436 kB
Cached:          1153904 kB
MemTotal:        1844596 kB
MemFree:          175240 kB
MemAvailable:    1390712 kB
Buffers:           91436 kB
Cached:          1153904 kB
MemTotal:        1844596 kB
MemFree:          175108 kB
MemAvailable:    1390580 kB
Buffers:           91436 kB
Cached:          1153904 kB
MemTotal:        1844596 kB
MemFree:          176356 kB
MemAvailable:    1391828 kB
Buffers:           91436 kB
Cached:          1153904 kB
MemTotal:        1844596 kB
MemFree:          175240 kB
MemAvailable:    1390712 kB
Buffers:           91436 kB
Cached:          1153904 kB
MemTotal:        1844596 kB
MemFree:          176156 kB
MemAvailable:    1391628 kB
Buffers:           91436 kB
Cached:          1153904 kB
MemTotal:        1844596 kB
MemFree:          173480 kB
MemAvailable:    1388952 kB
Buffers:           91436 kB
Cached:          1153904 kB
MemTotal:        1844596 kB
MemFree:          170708 kB
MemAvailable:    1386180 kB
Buffers:           91436 kB
Cached:          1153904 kB
MemTotal:        1844596 kB
MemFree:          169592 kB
MemAvailable:    1385064 kB
Buffers:           91436 kB
Cached:          1153904 kB
MemTotal:        1844596 kB
MemFree:          166988 kB
MemAvailable:    1382460 kB
Buffers:           91436 kB
Cached:          1153904 kB
MemTotal:        1844596 kB
MemFree:          163260 kB
MemAvailable:    1378732 kB
Buffers:           91436 kB
Cached:          1153904 kB
MemTotal:        1844596 kB
MemFree:          163224 kB
MemAvailable:    1378696 kB
Buffers:           91436 kB
Cached:          1153904 kB
MemTotal:        1844596 kB
MemFree:          157556 kB
MemAvailable:    1373028 kB
Buffers:           91436 kB
Cached:          1153904 kB
MemTotal:        1844596 kB
MemFree:          157184 kB
MemAvailable:    1372656 kB
Buffers:           91436 kB
Cached:          1153904 kB
MemTotal:        1844596 kB
MemFree:          153836 kB
MemAvailable:    1369308 kB
Buffers:           91436 kB
Cached:          1153904 kB
MemTotal:        1844596 kB
MemFree:          153356 kB
MemAvailable:    1368828 kB
Buffers:           91436 kB
Cached:          1153904 kB
MemTotal:        1844596 kB
MemFree:          151488 kB
MemAvailable:    1366960 kB
Buffers:           91436 kB
Cached:          1153904 kB
MemTotal:        1844596 kB
MemFree:          149936 kB
MemAvailable:    1365408 kB
Buffers:           91436 kB
Cached:          1153904 kB
MemTotal:        1844596 kB
MemFree:          146900 kB
MemAvailable:    1362372 kB
Buffers:           91436 kB
Cached:          1153904 kB
MemTotal:        1844596 kB
MemFree:          145612 kB
MemAvailable:    1361084 kB
Buffers:           91436 kB
Cached:          1153904 kB
MemTotal:        1844596 kB
MemFree:          145544 kB
MemAvailable:    1361016 kB
Buffers:           91436 kB
Cached:          1153904 kB
MemTotal:        1844596 kB
MemFree:          144248 kB
MemAvailable:    1359720 kB
Buffers:           91436 kB
Cached:          1153904 kB
MemTotal:        1844596 kB
MemFree:          144284 kB
MemAvailable:    1359756 kB
Buffers:           91436 kB
Cached:          1153904 kB
MemTotal:        1844596 kB
MemFree:          145468 kB
MemAvailable:    1360940 kB
Buffers:           91436 kB
Cached:          1153904 kB
MemTotal:        1844596 kB
MemFree:          145720 kB
MemAvailable:    1361192 kB
Buffers:           91436 kB
Cached:          1153904 kB
MemTotal:        1844596 kB
MemFree:          145708 kB
MemAvailable:    1361180 kB
Buffers:           91436 kB
Cached:          1153904 kB
MemTotal:        1844596 kB
MemFree:          145336 kB
MemAvailable:    1360808 kB
Buffers:           91436 kB
Cached:          1153904 kB
MemTotal:        1844596 kB
MemFree:          145588 kB
MemAvailable:    1361060 kB
Buffers:           91436 kB
Cached:          1153904 kB
MemTotal:        1844596 kB
MemFree:          144032 kB
MemAvailable:    1359504 kB
Buffers:           91436 kB
Cached:          1153904 kB
MemTotal:        1844596 kB
MemFree:          143428 kB
MemAvailable:    1358900 kB
Buffers:           91436 kB
Cached:          1153904 kB
MemTotal:        1844596 kB
MemFree:          144544 kB
MemAvailable:    1360016 kB
Buffers:           91436 kB
Cached:          1153904 kB
MemTotal:        1844596 kB
MemFree:          144356 kB
MemAvailable:    1359828 kB
Buffers:           91436 kB
Cached:          1153904 kB
MemTotal:        1844596 kB
MemFree:          144608 kB
MemAvailable:    1360080 kB
Buffers:           91436 kB
Cached:          1153904 kB
MemTotal:        1844596 kB
MemFree:          144400 kB
MemAvailable:    1359872 kB
Buffers:           91436 kB
Cached:          1153904 kB
MemTotal:        1844596 kB
MemFree:          144304 kB
MemAvailable:    1359776 kB
Buffers:           91436 kB
Cached:          1153904 kB
MemTotal:        1844596 kB
MemFree:          144108 kB
MemAvailable:    1359580 kB
Buffers:           91436 kB
Cached:          1153904 kB
MemTotal:        1844596 kB
MemFree:          143800 kB
MemAvailable:    1359272 kB
Buffers:           91436 kB
Cached:          1153904 kB
MemTotal:        1844596 kB
MemFree:          143772 kB
MemAvailable:    1359244 kB
Buffers:           91436 kB
Cached:          1153904 kB
MemTotal:        1844596 kB
MemFree:          144024 kB
MemAvailable:    1359496 kB
Buffers:           91436 kB
Cached:          1153904 kB
MemTotal:        1844596 kB
MemFree:          143040 kB
MemAvailable:    1358512 kB
Buffers:           91436 kB
Cached:          1153904 kB
MemTotal:        1844596 kB
MemFree:          142644 kB
MemAvailable:    1358116 kB
Buffers:           91436 kB
Cached:          1153904 kB
MemTotal:        1844596 kB
MemFree:          143412 kB
MemAvailable:    1358884 kB
Buffers:           91436 kB
Cached:          1153904 kB
MemTotal:        1844596 kB
MemFree:          143412 kB
MemAvailable:    1358884 kB
Buffers:           91436 kB
Cached:          1153904 kB
MemTotal:        1844596 kB
MemFree:          143164 kB
MemAvailable:    1358636 kB
Buffers:           91436 kB
Cached:          1153904 kB
MemTotal:        1844596 kB
MemFree:          141668 kB
MemAvailable:    1357140 kB
Buffers:           91436 kB
Cached:          1153904 kB
MemTotal:        1844596 kB
MemFree:          141876 kB
MemAvailable:    1357348 kB
Buffers:           91436 kB
Cached:          1153904 kB
MemTotal:        1844596 kB
MemFree:          141312 kB
MemAvailable:    1356784 kB
Buffers:           91436 kB
Cached:          1153904 kB
MemTotal:        1844596 kB
MemFree:          141312 kB
MemAvailable:    1356784 kB
Buffers:           91436 kB
Cached:          1153904 kB
MemTotal:        1844596 kB
MemFree:          141272 kB
MemAvailable:    1356744 kB
Buffers:           91436 kB
Cached:          1153904 kB
MemTotal:        1844596 kB
MemFree:          141420 kB
MemAvailable:    1356892 kB
Buffers:           91436 kB
Cached:          1153904 kB
MemTotal:        1844596 kB
MemFree:          141640 kB
MemAvailable:    1357112 kB
Buffers:           91436 kB
Cached:          1153904 kB
MemTotal:        1844596 kB
MemFree:          141124 kB
MemAvailable:    1356596 kB
Buffers:           91436 kB
Cached:          1153904 kB
MemTotal:        1844596 kB
MemFree:          141460 kB
MemAvailable:    1356932 kB
Buffers:           91436 kB
Cached:          1153904 kB
MemTotal:        1844596 kB
MemFree:          141244 kB
MemAvailable:    1356716 kB
Buffers:           91436 kB
Cached:          1153904 kB
MemTotal:        1844596 kB
MemFree:          141244 kB
MemAvailable:    1356716 kB
Buffers:           91436 kB
Cached:          1153904 kB
MemTotal:        1844596 kB
MemFree:          141300 kB
MemAvailable:    1356772 kB
Buffers:           91436 kB
Cached:          1153904 kB
MemTotal:        1844596 kB
MemFree:          141204 kB
MemAvailable:    1356676 kB
Buffers:           91436 kB
Cached:          1153904 kB
MemTotal:        1844596 kB
MemFree:          140032 kB
MemAvailable:    1355504 kB
Buffers:           91436 kB
Cached:          1153904 kB
MemTotal:        1844596 kB
MemFree:          140184 kB
MemAvailable:    1355656 kB
Buffers:           91436 kB
Cached:          1153904 kB
MemTotal:        1844596 kB
MemFree:          140192 kB
MemAvailable:    1355664 kB
Buffers:           91436 kB
Cached:          1153904 kB
MemTotal:        1844596 kB
MemFree:          140692 kB
MemAvailable:    1356164 kB
Buffers:           91436 kB
Cached:          1153904 kB
MemTotal:        1844596 kB
MemFree:          141352 kB
MemAvailable:    1356824 kB
Buffers:           91436 kB
Cached:          1153904 kB
MemTotal:        1844596 kB
MemFree:          141312 kB
MemAvailable:    1356784 kB
Buffers:           91436 kB
Cached:          1153904 kB
MemTotal:        1844596 kB
MemFree:          141432 kB
MemAvailable:    1356904 kB
Buffers:           91436 kB
Cached:          1153904 kB
MemTotal:        1844596 kB
MemFree:          141176 kB
MemAvailable:    1356648 kB
Buffers:           91436 kB
Cached:          1153904 kB
MemTotal:        1844596 kB
MemFree:          140168 kB
MemAvailable:    1355640 kB
Buffers:           91436 kB
Cached:          1153904 kB
MemTotal:        1844596 kB
MemFree:          141520 kB
MemAvailable:    1356992 kB
Buffers:           91436 kB
Cached:          1153904 kB
MemTotal:        1844596 kB
MemFree:          140700 kB
MemAvailable:    1356172 kB
Buffers:           91436 kB
Cached:          1153904 kB
MemTotal:        1844596 kB
MemFree:          141132 kB
MemAvailable:    1356604 kB
Buffers:           91436 kB
Cached:          1153904 kB
MemTotal:        1844596 kB
MemFree:          141388 kB
MemAvailable:    1356860 kB
Buffers:           91436 kB
Cached:          1153904 kB
MemTotal:        1844596 kB
MemFree:          141356 kB
MemAvailable:    1356832 kB
Buffers:           91436 kB
Cached:          1153908 kB
MemTotal:        1844596 kB
MemFree:          141528 kB
MemAvailable:    1357004 kB
Buffers:           91436 kB
Cached:          1153908 kB
MemTotal:        1844596 kB
MemFree:          140040 kB
MemAvailable:    1355524 kB
Buffers:           91436 kB
Cached:          1153916 kB
MemTotal:        1844596 kB
MemFree:          140040 kB
MemAvailable:    1355524 kB
Buffers:           91436 kB
Cached:          1153916 kB
MemTotal:        1844596 kB
MemFree:          141380 kB
MemAvailable:    1356864 kB
Buffers:           91436 kB
Cached:          1153916 kB
MemTotal:        1844596 kB
MemFree:          141568 kB
MemAvailable:    1357052 kB
Buffers:           91436 kB
Cached:          1153916 kB
MemTotal:        1844596 kB
MemFree:          140576 kB
MemAvailable:    1356060 kB
Buffers:           91436 kB
Cached:          1153916 kB
MemTotal:        1844596 kB
MemFree:          141552 kB
MemAvailable:    1357036 kB
Buffers:           91436 kB
Cached:          1153916 kB
MemTotal:        1844596 kB
MemFree:          141552 kB
MemAvailable:    1357036 kB
Buffers:           91436 kB
Cached:          1153916 kB
MemTotal:        1844596 kB
MemFree:          140024 kB
MemAvailable:    1355508 kB
Buffers:           91436 kB
Cached:          1153916 kB
MemTotal:        1844596 kB
MemFree:          140016 kB
MemAvailable:    1355500 kB
Buffers:           91436 kB
Cached:          1153916 kB
MemTotal:        1844596 kB
MemFree:          140016 kB
MemAvailable:    1355500 kB
Buffers:           91436 kB
Cached:          1153916 kB
MemTotal:        1844596 kB
MemFree:          140568 kB
MemAvailable:    1356052 kB
Buffers:           91436 kB
Cached:          1153916 kB
MemTotal:        1844596 kB
MemFree:          140992 kB
MemAvailable:    1356476 kB
Buffers:           91436 kB
Cached:          1153916 kB
MemTotal:        1844596 kB
MemFree:          141328 kB
MemAvailable:    1356812 kB
Buffers:           91436 kB
Cached:          1153916 kB
MemTotal:        1844596 kB
MemFree:          138204 kB
MemAvailable:    1353688 kB
Buffers:           91436 kB
Cached:          1153916 kB
MemTotal:        1844596 kB
MemFree:          138540 kB
MemAvailable:    1354024 kB
Buffers:           91436 kB
Cached:          1153916 kB
MemTotal:        1844596 kB
MemFree:          134864 kB
MemAvailable:    1350348 kB
Buffers:           91436 kB
Cached:          1153916 kB
MemTotal:        1844596 kB
MemFree:          134136 kB
MemAvailable:    1349620 kB
Buffers:           91436 kB
Cached:          1153916 kB
MemTotal:        1844596 kB
MemFree:          134444 kB
MemAvailable:    1349928 kB
Buffers:           91436 kB
Cached:          1153916 kB
MemTotal:        1844596 kB
MemFree:          134700 kB
MemAvailable:    1350184 kB
Buffers:           91436 kB
Cached:          1153916 kB
MemTotal:        1844596 kB
MemFree:          133372 kB
MemAvailable:    1348856 kB
Buffers:           91436 kB
Cached:          1153916 kB
MemTotal:        1844596 kB
MemFree:          134672 kB
MemAvailable:    1350156 kB
Buffers:           91436 kB
Cached:          1153916 kB
MemTotal:        1844596 kB
MemFree:          133888 kB
MemAvailable:    1349372 kB
Buffers:           91436 kB
Cached:          1153916 kB
MemTotal:        1844596 kB
MemFree:          134484 kB
MemAvailable:    1349968 kB
Buffers:           91436 kB
Cached:          1153916 kB
MemTotal:        1844596 kB
MemFree:          134820 kB
MemAvailable:    1350304 kB
Buffers:           91436 kB
Cached:          1153916 kB
MemTotal:        1844596 kB
MemFree:          134576 kB
MemAvailable:    1350060 kB
Buffers:           91436 kB
Cached:          1153916 kB
MemTotal:        1844596 kB
MemFree:          133232 kB
MemAvailable:    1348716 kB
Buffers:           91436 kB
Cached:          1153916 kB
MemTotal:        1844596 kB
MemFree:          134004 kB
MemAvailable:    1349364 kB
Buffers:           91436 kB
Cached:          1153916 kB
MemTotal:        1844596 kB
MemFree:          134556 kB
MemAvailable:    1350040 kB
Buffers:           91436 kB
Cached:          1153916 kB
MemTotal:        1844596 kB
MemFree:          134624 kB
MemAvailable:    1350108 kB
Buffers:           91436 kB
Cached:          1153916 kB
MemTotal:        1844596 kB
MemFree:          134304 kB
MemAvailable:    1349788 kB
Buffers:           91436 kB
Cached:          1153916 kB
MemTotal:        1844596 kB
MemFree:          134556 kB
MemAvailable:    1350040 kB
Buffers:           91436 kB
Cached:          1153916 kB
MemTotal:        1844596 kB
MemFree:          134320 kB
MemAvailable:    1349972 kB
Buffers:           91436 kB
Cached:          1154164 kB
MemTotal:        1844596 kB
MemFree:          134092 kB
MemAvailable:    1349828 kB
Buffers:           91436 kB
Cached:          1154164 kB
MemTotal:        1844596 kB
MemFree:          133880 kB
MemAvailable:    1349616 kB
Buffers:           91436 kB
Cached:          1154164 kB
MemTotal:        1844596 kB
MemFree:          133940 kB
MemAvailable:    1349844 kB
Buffers:           91436 kB
Cached:          1154412 kB
MemTotal:        1844596 kB
MemFree:          133452 kB
MemAvailable:    1349440 kB
Buffers:           91436 kB
Cached:          1154412 kB
MemTotal:        1844596 kB
MemFree:          134040 kB
MemAvailable:    1350028 kB
Buffers:           91436 kB
Cached:          1154412 kB
MemTotal:        1844596 kB
MemFree:          133784 kB
MemAvailable:    1349772 kB
Buffers:           91436 kB
Cached:          1154536 kB
MemTotal:        1844596 kB
MemFree:          132600 kB
MemAvailable:    1348672 kB
Buffers:           91436 kB
Cached:          1154536 kB
MemTotal:        1844596 kB
MemFree:          133924 kB
MemAvailable:    1349996 kB
Buffers:           91436 kB
Cached:          1154536 kB
MemTotal:        1844596 kB
MemFree:          133772 kB
MemAvailable:    1349844 kB
Buffers:           91436 kB
Cached:          1154536 kB
MemTotal:        1844596 kB
MemFree:          132376 kB
MemAvailable:    1348448 kB
Buffers:           91436 kB
Cached:          1154536 kB
MemTotal:        1844596 kB
MemFree:          132380 kB
MemAvailable:    1348452 kB
Buffers:           91436 kB
Cached:          1154536 kB
MemTotal:        1844596 kB
MemFree:          133912 kB
MemAvailable:    1349984 kB
Buffers:           91436 kB
Cached:          1154536 kB
MemTotal:        1844596 kB
MemFree:          133576 kB
MemAvailable:    1349060 kB
Buffers:           91436 kB
Cached:          1153904 kB
MemTotal:        1844596 kB
MemFree:          133832 kB
MemAvailable:    1349316 kB
Buffers:           91436 kB
Cached:          1153904 kB
MemTotal:        1844596 kB
MemFree:          171816 kB
MemAvailable:    1387300 kB
Buffers:           91436 kB
Cached:          1153904 kB
MemTotal:        1844596 kB
MemFree:          284912 kB
MemAvailable:    1500480 kB
Buffers:           91436 kB
Cached:          1153904 kB
