MemTotal:        1844596 kB
MemFree:          266176 kB
MemAvailable:    1546484 kB
Buffers:          101948 kB
Cached:          1197012 kB
MemTotal:        1844596 kB
MemFree:          238600 kB
MemAvailable:    1518912 kB
Buffers:          101948 kB
Cached:          1197016 kB
MemTotal:        1844596 kB
MemFree:          236912 kB
MemAvailable:    1517224 kB
Buffers:          101948 kB
Cached:          1197016 kB
MemTotal:        1844596 kB
MemFree:          236296 kB
MemAvailable:    1516608 kB
Buffers:          101948 kB
Cached:          1197016 kB
MemTotal:        1844596 kB
MemFree:          235120 kB
MemAvailable:    1515432 kB
Buffers:          101948 kB
Cached:          1197016 kB
MemTotal:        1844596 kB
MemFree:          235052 kB
MemAvailable:    1515364 kB
Buffers:          101948 kB
Cached:          1197016 kB
MemTotal:        1844596 kB
MemFree:          235136 kB
MemAvailable:    1515448 kB
Buffers:          101948 kB
Cached:          1197016 kB
MemTotal:        1844596 kB
MemFree:          231332 kB
MemAvailable:    1511644 kB
Buffers:          101948 kB
Cached:          1197016 kB
MemTotal:        1844596 kB
MemFree:          230728 kB
MemAvailable:    1511040 kB
Buffers:          101948 kB
Cached:          1197016 kB
MemTotal:        1844596 kB
MemFree:          228556 kB
MemAvailable:    1508868 kB
Buffers:          101948 kB
Cached:          1197016 kB
MemTotal:        1844596 kB
MemFree:          224464 kB
MemAvailable:    1504776 kB
Buffers:          101948 kB
Cached:          1197016 kB
MemTotal:        1844596 kB
MemFree:          222916 kB
MemAvailable:    1503228 kB
Buffers:          101948 kB
Cached:          1197016 kB
MemTotal:        1844596 kB
MemFree:          226424 kB
MemAvailable:    1506736 kB
Buffers:          101948 kB
Cached:          1197016 kB
MemTotal:        1844596 kB
MemFree:          226520 kB
MemAvailable:    1506832 kB
Buffers:          101948 kB
Cached:          1197016 kB
MemTotal:        1844596 kB
MemFree:          226464 kB
MemAvailable:    1506776 kB
Buffers:          101948 kB
Cached:          1197016 kB
MemTotal:        1844596 kB
MemFree:          225340 kB
MemAvailable:    1505652 kB
Buffers:          101948 kB
Cached:          1197016 kB
MemTotal:        1844596 kB
MemFree:          226392 kB
MemAvailable:    1506704 kB
Buffers:          101948 kB
Cached:          1197016 kB
MemTotal:        1844596 kB
MemFree:          225084 kB
MemAvailable:    1505396 kB
Buffers:          101948 kB
Cached:          1197016 kB
MemTotal:        1844596 kB
MemFree:          225084 kB
MemAvailable:    1505396 kB
Buffers:          101948 kB
Cached:          1197016 kB
MemTotal:        1844596 kB
MemFree:          224900 kB
MemAvailable:    1505212 kB
Buffers:          101948 kB
Cached:          1197016 kB
MemTotal:        1844596 kB
MemFree:          224776 kB
MemAvailable:    1505088 kB
Buffers:          101948 kB
Cached:          1197016 kB
MemTotal:        1844596 kB
MemFree:          225752 kB
MemAvailable:    1506064 kB
Buffers:          101948 kB
Cached:          1197016 kB
MemTotal:        1844596 kB
MemFree:          225836 kB
MemAvailable:    1506148 kB
Buffers:          101948 kB
Cached:          1197016 kB
MemTotal:        1844596 kB
MemFree:          225640 kB
MemAvailable:    1505952 kB
Buffers:          101948 kB
Cached:          1197016 kB
MemTotal:        1844596 kB
MemFree:          224156 kB
MemAvailable:    1504468 kB
Buffers:          101948 kB
Cached:          1197016 kB
MemTotal:        1844596 kB
MemFree:          224404 kB
MemAvailable:    1504716 kB
Buffers:          101948 kB
Cached:          1197016 kB
MemTotal:        1844596 kB
MemFree:          223784 kB
MemAvailable:    1504096 kB
Buffers:          101948 kB
Cached:          1197016 kB
MemTotal:        1844596 kB
MemFree:          224768 kB
MemAvailable:    1505080 kB
Buffers:          101948 kB
Cached:          1197016 kB
MemTotal:        1844596 kB
MemFree:          224016 kB
MemAvailable:    1504328 kB
Buffers:          101948 kB
Cached:          1197016 kB
MemTotal:        1844596 kB
MemFree:          223784 kB
MemAvailable:    1504096 kB
Buffers:          101948 kB
Cached:          1197016 kB
MemTotal:        1844596 kB
MemFree:          222496 kB
MemAvailable:    1502808 kB
Buffers:          101948 kB
Cached:          1197016 kB
MemTotal:        1844596 kB
MemFree:          223528 kB
MemAvailable:    1503840 kB
Buffers:          101948 kB
Cached:          1197016 kB
MemTotal:        1844596 kB
MemFree:          222240 kB
MemAvailable:    1502552 kB
Buffers:          101948 kB
Cached:          1197016 kB
MemTotal:        1844596 kB
MemFree:          223472 kB
MemAvailable:    1503784 kB
Buffers:          101948 kB
Cached:          1197016 kB
MemTotal:        1844596 kB
MemFree:          223336 kB
MemAvailable:    1503648 kB
Buffers:          101948 kB
Cached:          1197016 kB
MemTotal:        1844596 kB
MemFree:          223412 kB
MemAvailable:    1503724 kB
Buffers:          101948 kB
Cached:          1197016 kB
MemTotal:        1844596 kB
MemFree:          222160 kB
MemAvailable:    1502472 kB
Buffers:          101948 kB
Cached:          1197016 kB
MemTotal:        1844596 kB
MemFree:          223260 kB
MemAvailable:    1503572 kB
Buffers:          101948 kB
Cached:          1197016 kB
MemTotal:        1844596 kB
MemFree:          223260 kB
MemAvailable:    1503572 kB
Buffers:          101948 kB
Cached:          1197016 kB
MemTotal:        1844596 kB
MemFree:          222596 kB
MemAvailable:    1502908 kB
Buffers:          101948 kB
Cached:          1197016 kB
MemTotal:        1844596 kB
MemFree:          218692 kB
MemAvailable:    1499004 kB
Buffers:          101948 kB
Cached:          1197016 kB
MemTotal:        1844596 kB
MemFree:          218460 kB
MemAvailable:    1498772 kB
Buffers:          101948 kB
Cached:          1197016 kB
MemTotal:        1844596 kB
MemFree:          218256 kB
MemAvailable:    1498568 kB
Buffers:          101948 kB
Cached:          1197016 kB
MemTotal:        1844596 kB
MemFree:          218132 kB
MemAvailable:    1498444 kB
Buffers:          101948 kB
Cached:          1197016 kB
MemTotal:        1844596 kB
MemFree:          217876 kB
MemAvailable:    1498188 kB
Buffers:          101948 kB
Cached:          1197016 kB
MemTotal:        1844596 kB
MemFree:          218064 kB
MemAvailable:    1498376 kB
Buffers:          101948 kB
Cached:          1197016 kB
MemTotal:        1844596 kB
MemFree:          216840 kB
MemAvailable:    1497152 kB
Buffers:          101948 kB
Cached:          1197016 kB
MemTotal:        1844596 kB
MemFree:          217692 kB
MemAvailable:    1498004 kB
Buffers:          101948 kB
Cached:          1197016 kB
MemTotal:        1844596 kB
MemFree:          218028 kB
MemAvailable:    1498340 kB
Buffers:          101948 kB
Cached:          1197016 kB
MemTotal:        1844596 kB
MemFree:          216460 kB
MemAvailable:    1496772 kB
Buffers:          101948 kB
Cached:          1197016 kB
MemTotal:        1844596 kB
MemFree:          216428 kB
MemAvailable:    1496740 kB
Buffers:          101948 kB
Cached:          1197016 kB
MemTotal:        1844596 kB
MemFree:          217660 kB
MemAvailable:    1497972 kB
Buffers:          101948 kB
Cached:          1197016 kB
MemTotal:        1844596 kB
MemFree:          217452 kB
MemAvailable:    1497764 kB
Buffers:          101948 kB
Cached:          1197016 kB
MemTotal:        1844596 kB
MemFree:          217708 kB
MemAvailable:    1498020 kB
Buffers:          101948 kB
Cached:          1197016 kB
MemTotal:        1844596 kB
MemFree:          216296 kB
MemAvailable:    1496608 kB
Buffers:          101948 kB
Cached:          1197016 kB
MemTotal:        1844596 kB
MemFree:          215220 kB
MemAvailable:    1495532 kB
Buffers:          101948 kB
Cached:          1197016 kB
MemTotal:        1844596 kB
MemFree:          215220 kB
MemAvailable:    1495532 kB
Buffers:          101948 kB
Cached:          1197016 kB
MemTotal:        1844596 kB
MemFree:          210516 kB
MemAvailable:    1490828 kB
Buffers:          101948 kB
Cached:          1197016 kB
MemTotal:        1844596 kB
MemFree:          211528 kB
MemAvailable:    1491840 kB
Buffers:          101948 kB
Cached:          1197016 kB
MemTotal:        1844596 kB
MemFree:          210276 kB
MemAvailable:    1490588 kB
Buffers:          101948 kB
Cached:          1197016 kB
MemTotal:        1844596 kB
MemFree:          210096 kB
MemAvailable:    1490408 kB
Buffers:          101948 kB
Cached:          1197016 kB
MemTotal:        1844596 kB
MemFree:          208780 kB
MemAvailable:    1489092 kB
Buffers:          101948 kB
Cached:          1197016 kB
MemTotal:        1844596 kB
MemFree:          208648 kB
MemAvailable:    1488960 kB
Buffers:          101948 kB
Cached:          1197016 kB
MemTotal:        1844596 kB
MemFree:          209648 kB
MemAvailable:    1489960 kB
Buffers:          101948 kB
Cached:          1197016 kB
MemTotal:        1844596 kB
MemFree:          209400 kB
MemAvailable:    1489712 kB
Buffers:          101948 kB
Cached:          1197016 kB
MemTotal:        1844596 kB
MemFree:          208160 kB
MemAvailable:    1488472 kB
Buffers:          101948 kB
Cached:          1197016 kB
MemTotal:        1844596 kB
MemFree:          209360 kB
MemAvailable:    1489684 kB
Buffers:          101948 kB
Cached:          1197028 kB
MemTotal:        1844596 kB
MemFree:          207912 kB
MemAvailable:    1488236 kB
Buffers:          101948 kB
Cached:          1197028 kB
MemTotal:        1844596 kB
MemFree:          209212 kB
MemAvailable:    1489536 kB
Buffers:          101948 kB
Cached:          1197028 kB
MemTotal:        1844596 kB
MemFree:          208888 kB
MemAvailable:    1489212 kB
Buffers:          101948 kB
Cached:          1197028 kB
MemTotal:        1844596 kB
MemFree:          208972 kB
MemAvailable:    1489296 kB
Buffers:          101948 kB
Cached:          1197028 kB
MemTotal:        1844596 kB
MemFree:          207484 kB
MemAvailable:    1487808 kB
Buffers:          101948 kB
Cached:          1197028 kB
MemTotal:        1844596 kB
MemFree:          208752 kB
MemAvailable:    1489076 kB
Buffers:          101948 kB
Cached:          1197028 kB
MemTotal:        1844596 kB
MemFree:          208836 kB
MemAvailable:    1489160 kB
Buffers:          101948 kB
Cached:          1197028 kB
MemTotal:        1844596 kB
MemFree:          208496 kB
MemAvailable:    1488820 kB
Buffers:          101948 kB
Cached:          1197028 kB
MemTotal:        1844596 kB
MemFree:          208832 kB
MemAvailable:    1489156 kB
Buffers:          101948 kB
Cached:          1197028 kB
MemTotal:        1844596 kB
MemFree:          208456 kB
MemAvailable:    1488780 kB
Buffers:          101948 kB
Cached:          1197028 kB
MemTotal:        1844596 kB
MemFree:          208456 kB
MemAvailable:    1488780 kB
Buffers:          101948 kB
Cached:          1197028 kB
MemTotal:        1844596 kB
MemFree:          207244 kB
MemAvailable:    1487568 kB
Buffers:          101948 kB
Cached:          1197028 kB
MemTotal:        1844596 kB
MemFree:          207232 kB
MemAvailable:    1487556 kB
Buffers:          101948 kB
Cached:          1197028 kB
MemTotal:        1844596 kB
MemFree:          208604 kB
MemAvailable:    1488928 kB
Buffers:          101948 kB
Cached:          1197028 kB
MemTotal:        1844596 kB
MemFree:          205540 kB
MemAvailable:    1485864 kB
Buffers:          101948 kB
Cached:          1197028 kB
MemTotal:        1844596 kB
MemFree:          205540 kB
MemAvailable:    1485864 kB
Buffers:          101948 kB
Cached:          1197028 kB
MemTotal:        1844596 kB
MemFree:          203820 kB
MemAvailable:    1484144 kB
Buffers:          101948 kB
Cached:          1197028 kB
MemTotal:        1844596 kB
MemFree:          200348 kB
MemAvailable:    1480672 kB
Buffers:          101948 kB
Cached:          1197028 kB
MemTotal:        1844596 kB
MemFree:          199232 kB
MemAvailable:    1479556 kB
Buffers:          101948 kB
Cached:          1197028 kB
MemTotal:        1844596 kB
MemFree:          199060 kB
MemAvailable:    1479384 kB
Buffers:          101948 kB
Cached:          1197028 kB
MemTotal:        1844596 kB
MemFree:          200272 kB
MemAvailable:    1480596 kB
Buffers:          101948 kB
Cached:          1197028 kB
MemTotal:        1844596 kB
MemFree:          199088 kB
MemAvailable:    1479412 kB
Buffers:          101948 kB
Cached:          1197028 kB
MemTotal:        1844596 kB
MemFree:          198860 kB
MemAvailable:    1479184 kB
Buffers:          101948 kB
Cached:          1197028 kB
MemTotal:        1844596 kB
MemFree:          200028 kB
MemAvailable:    1480352 kB
Buffers:          101948 kB
Cached:          1197028 kB
MemTotal:        1844596 kB
MemFree:          198976 kB
MemAvailable:    1479300 kB
Buffers:          101948 kB
Cached:          1197028 kB
MemTotal:        1844596 kB
MemFree:          199904 kB
MemAvailable:    1480228 kB
Buffers:          101948 kB
Cached:          1197028 kB
MemTotal:        1844596 kB
MemFree:          199856 kB
MemAvailable:    1480180 kB
Buffers:          101948 kB
Cached:          1197028 kB
MemTotal:        1844596 kB
MemFree:          199976 kB
MemAvailable:    1480300 kB
Buffers:          101948 kB
Cached:          1197028 kB
MemTotal:        1844596 kB
MemFree:          198860 kB
MemAvailable:    1479184 kB
Buffers:          101948 kB
Cached:          1197028 kB
MemTotal:        1844596 kB
MemFree:          199672 kB
MemAvailable:    1479996 kB
Buffers:          101948 kB
Cached:          1197028 kB
MemTotal:        1844596 kB
MemFree:          199784 kB
MemAvailable:    1480108 kB
Buffers:          101948 kB
Cached:          1197028 kB
MemTotal:        1844596 kB
MemFree:          199952 kB
MemAvailable:    1480276 kB
Buffers:          101948 kB
Cached:          1197028 kB
MemTotal:        1844596 kB
MemFree:          199784 kB
MemAvailable:    1480108 kB
Buffers:          101948 kB
Cached:          1197028 kB
MemTotal:        1844596 kB
MemFree:          199852 kB
MemAvailable:    1480176 kB
Buffers:          101948 kB
Cached:          1197028 kB
MemTotal:        1844596 kB
MemFree:          198556 kB
MemAvailable:    1478880 kB
Buffers:          101948 kB
Cached:          1197028 kB
MemTotal:        1844596 kB
MemFree:          199856 kB
MemAvailable:    1480180 kB
Buffers:          101948 kB
Cached:          1197028 kB
MemTotal:        1844596 kB
MemFree:          198592 kB
MemAvailable:    1478916 kB
Buffers:          101948 kB
Cached:          1197028 kB
MemTotal:        1844596 kB
MemFree:          199784 kB
MemAvailable:    1480108 kB
Buffers:          101948 kB
Cached:          1197028 kB
MemTotal:        1844596 kB
MemFree:          199736 kB
MemAvailable:    1480060 kB
Buffers:          101948 kB
Cached:          1197028 kB
MemTotal:        1844596 kB
MemFree:          199664 kB
MemAvailable:    1479988 kB
Buffers:          101948 kB
Cached:          1197028 kB
MemTotal:        1844596 kB
MemFree:          199916 kB
MemAvailable:    1480240 kB
Buffers:          101948 kB
Cached:          1197028 kB
MemTotal:        1844596 kB
MemFree:          199828 kB
MemAvailable:    1480152 kB
Buffers:          101948 kB
Cached:          1197028 kB
MemTotal:        1844596 kB
MemFree:          199712 kB
MemAvailable:    1480036 kB
Buffers:          101948 kB
Cached:          1197028 kB
MemTotal:        1844596 kB
MemFree:          199892 kB
MemAvailable:    1480216 kB
Buffers:          101948 kB
Cached:          1197028 kB
MemTotal:        1844596 kB
MemFree:          199852 kB
MemAvailable:    1480176 kB
Buffers:          101948 kB
Cached:          1197028 kB
MemTotal:        1844596 kB
MemFree:          199108 kB
MemAvailable:    1479432 kB
Buffers:          101948 kB
Cached:          1197028 kB
MemTotal:        1844596 kB
MemFree:          199712 kB
MemAvailable:    1480036 kB
Buffers:          101948 kB
Cached:          1197028 kB
MemTotal:        1844596 kB
MemFree:          199964 kB
MemAvailable:    1480288 kB
Buffers:          101948 kB
Cached:          1197028 kB
MemTotal:        1844596 kB
MemFree:          199892 kB
MemAvailable:    1480216 kB
Buffers:          101948 kB
Cached:          1197028 kB
MemTotal:        1844596 kB
MemFree:          198592 kB
MemAvailable:    1478916 kB
Buffers:          101948 kB
Cached:          1197028 kB
MemTotal:        1844596 kB
MemFree:          198592 kB
MemAvailable:    1478916 kB
Buffers:          101948 kB
Cached:          1197028 kB
MemTotal:        1844596 kB
MemFree:          198592 kB
MemAvailable:    1478916 kB
Buffers:          101948 kB
Cached:          1197028 kB
MemTotal:        1844596 kB
MemFree:          199892 kB
MemAvailable:    1480216 kB
Buffers:          101948 kB
Cached:          1197028 kB
MemTotal:        1844596 kB
MemFree:          198116 kB
MemAvailable:    1478440 kB
Buffers:          101948 kB
Cached:          1197028 kB
MemTotal:        1844596 kB
MemFree:          195884 kB
MemAvailable:    1476208 kB
Buffers:          101948 kB
Cached:          1197028 kB
MemTotal:        1844596 kB
MemFree:          192040 kB
MemAvailable:    1472364 kB
Buffers:          101948 kB
Cached:          1197028 kB
MemTotal:        1844596 kB
MemFree:          191420 kB
MemAvailable:    1471744 kB
Buffers:          101948 kB
Cached:          1197028 kB
MemTotal:        1844596 kB
MemFree:          189008 kB
MemAvailable:    1469332 kB
Buffers:          101948 kB
Cached:          1197028 kB
MemTotal:        1844596 kB
MemFree:          189176 kB
MemAvailable:    1469500 kB
Buffers:          101948 kB
Cached:          1197028 kB
MemTotal:        1844596 kB
MemFree:          189104 kB
MemAvailable:    1469428 kB
Buffers:          101948 kB
Cached:          1197028 kB
MemTotal:        1844596 kB
MemFree:          187804 kB
MemAvailable:    1468128 kB
Buffers:          101948 kB
Cached:          1197028 kB
MemTotal:        1844596 kB
MemFree:          188864 kB
MemAvailable:    1469188 kB
Buffers:          101948 kB
Cached:          1197028 kB
MemTotal:        1844596 kB
MemFree:          188864 kB
MemAvailable:    1469188 kB
Buffers:          101948 kB
Cached:          1197028 kB
MemTotal:        1844596 kB
MemFree:          187644 kB
MemAvailable:    1467968 kB
Buffers:          101948 kB
Cached:          1197028 kB
MemTotal:        1844596 kB
MemFree:          187936 kB
MemAvailable:    1468260 kB
Buffers:          101948 kB
Cached:          1197028 kB
MemTotal:        1844596 kB
MemFree:          187640 kB
MemAvailable:    1467964 kB
Buffers:          101948 kB
Cached:          1197028 kB
MemTotal:        1844596 kB
MemFree:          189192 kB
MemAvailable:    1469516 kB
Buffers:          101948 kB
Cached:          1197028 kB
MemTotal:        1844596 kB
MemFree:          187500 kB
MemAvailable:    1467824 kB
Buffers:          101948 kB
Cached:          1197028 kB
MemTotal:        1844596 kB
MemFree:          188992 kB
MemAvailable:    1469316 kB
Buffers:          101948 kB
Cached:          1197028 kB
MemTotal:        1844596 kB
MemFree:          189072 kB
MemAvailable:    1469396 kB
Buffers:          101948 kB
Cached:          1197028 kB
MemTotal:        1844596 kB
MemFree:          188944 kB
MemAvailable:    1469268 kB
Buffers:          101948 kB
Cached:          1197028 kB
MemTotal:        1844596 kB
MemFree:          189072 kB
MemAvailable:    1469396 kB
Buffers:          101948 kB
Cached:          1197028 kB
MemTotal:        1844596 kB
MemFree:          188188 kB
MemAvailable:    1468512 kB
Buffers:          101948 kB
Cached:          1197028 kB
MemTotal:        1844596 kB
MemFree:          188968 kB
MemAvailable:    1469292 kB
Buffers:          101948 kB
Cached:          1197028 kB
MemTotal:        1844596 kB
MemFree:          188940 kB
MemAvailable:    1469264 kB
Buffers:          101948 kB
Cached:          1197028 kB
MemTotal:        1844596 kB
MemFree:          187560 kB
MemAvailable:    1467884 kB
Buffers:          101948 kB
Cached:          1197028 kB
MemTotal:        1844596 kB
MemFree:          188876 kB
MemAvailable:    1469200 kB
Buffers:          101948 kB
Cached:          1197028 kB
MemTotal:        1844596 kB
MemFree:          189128 kB
MemAvailable:    1469452 kB
Buffers:          101948 kB
Cached:          1197028 kB
MemTotal:        1844596 kB
MemFree:          188944 kB
MemAvailable:    1469268 kB
Buffers:          101948 kB
Cached:          1197028 kB
MemTotal:        1844596 kB
MemFree:          189072 kB
MemAvailable:    1469396 kB
Buffers:          101948 kB
Cached:          1197028 kB
MemTotal:        1844596 kB
MemFree:          188196 kB
MemAvailable:    1468520 kB
Buffers:          101948 kB
Cached:          1197028 kB
MemTotal:        1844596 kB
MemFree:          188880 kB
MemAvailable:    1469204 kB
Buffers:          101948 kB
Cached:          1197028 kB
MemTotal:        1844596 kB
MemFree:          188880 kB
MemAvailable:    1469204 kB
Buffers:          101948 kB
Cached:          1197028 kB
MemTotal:        1844596 kB
MemFree:          187684 kB
MemAvailable:    1468016 kB
Buffers:          101948 kB
Cached:          1197036 kB
MemTotal:        1844596 kB
MemFree:          187772 kB
MemAvailable:    1468104 kB
Buffers:          101948 kB
Cached:          1197036 kB
MemTotal:        1844596 kB
MemFree:          189044 kB
MemAvailable:    1469376 kB
Buffers:          101948 kB
Cached:          1197036 kB
MemTotal:        1844596 kB
MemFree:          189016 kB
MemAvailable:    1469348 kB
Buffers:          101948 kB
Cached:          1197036 kB
MemTotal:        1844596 kB
MemFree:          187640 kB
MemAvailable:    1467976 kB
Buffers:          101948 kB
Cached:          1197040 kB
MemTotal:        1844596 kB
MemFree:          189012 kB
MemAvailable:    1469348 kB
Buffers:          101948 kB
Cached:          1197040 kB
MemTotal:        1844596 kB
MemFree:          189236 kB
MemAvailable:    1469572 kB
Buffers:          101948 kB
Cached:          1197040 kB
MemTotal:        1844596 kB
MemFree:          189180 kB
MemAvailable:    1469516 kB
Buffers:          101948 kB
Cached:          1197040 kB
MemTotal:        1844596 kB
MemFree:          189108 kB
MemAvailable:    1469444 kB
Buffers:          101948 kB
Cached:          1197040 kB
MemTotal:        1844596 kB
MemFree:          188320 kB
MemAvailable:    1468656 kB
Buffers:          101948 kB
Cached:          1197040 kB
MemTotal:        1844596 kB
MemFree:          188752 kB
MemAvailable:    1469088 kB
Buffers:          101948 kB
Cached:          1197040 kB
MemTotal:        1844596 kB
MemFree:          189008 kB
MemAvailable:    1469344 kB
Buffers:          101948 kB
Cached:          1197040 kB
MemTotal:        1844596 kB
MemFree:          188908 kB
MemAvailable:    1469244 kB
Buffers:          101948 kB
Cached:          1197040 kB
MemTotal:        1844596 kB
MemFree:          188800 kB
MemAvailable:    1469136 kB
Buffers:          101948 kB
Cached:          1197040 kB
MemTotal:        1844596 kB
MemFree:          188844 kB
MemAvailable:    1469180 kB
Buffers:          101948 kB
Cached:          1197040 kB
MemTotal:        1844596 kB
MemFree:          189016 kB
MemAvailable:    1469352 kB
Buffers:          101948 kB
Cached:          1197040 kB
MemTotal:        1844596 kB
MemFree:          188980 kB
MemAvailable:    1469316 kB
Buffers:          101948 kB
Cached:          1197040 kB
MemTotal:        1844596 kB
MemFree:          187640 kB
MemAvailable:    1467976 kB
Buffers:          101948 kB
Cached:          1197040 kB
MemTotal:        1844596 kB
MemFree:          188880 kB
MemAvailable:    1469216 kB
Buffers:          101948 kB
Cached:          1197040 kB
MemTotal:        1844596 kB
MemFree:          188880 kB
MemAvailable:    1469216 kB
Buffers:          101948 kB
Cached:          1197040 kB
MemTotal:        1844596 kB
MemFree:          189064 kB
MemAvailable:    1469400 kB
Buffers:          101948 kB
Cached:          1197040 kB
MemTotal:        1844596 kB
MemFree:          188808 kB
MemAvailable:    1469144 kB
Buffers:          101948 kB
Cached:          1197040 kB
MemTotal:        1844596 kB
MemFree:          187748 kB
MemAvailable:    1468084 kB
Buffers:          101948 kB
Cached:          1197040 kB
MemTotal:        1844596 kB
MemFree:          187940 kB
MemAvailable:    1468276 kB
Buffers:          101948 kB
Cached:          1197040 kB
MemTotal:        1844596 kB
MemFree:          187940 kB
MemAvailable:    1468276 kB
Buffers:          101948 kB
Cached:          1197040 kB
MemTotal:        1844596 kB
MemFree:          186572 kB
MemAvailable:    1466908 kB
Buffers:          101948 kB
Cached:          1197040 kB
MemTotal:        1844596 kB
MemFree:          186564 kB
MemAvailable:    1466900 kB
Buffers:          101948 kB
Cached:          1197040 kB
MemTotal:        1844596 kB
MemFree:          186584 kB
MemAvailable:    1466920 kB
Buffers:          101948 kB
Cached:          1197040 kB
MemTotal:        1844596 kB
MemFree:          187884 kB
MemAvailable:    1468220 kB
Buffers:          101948 kB
Cached:          1197040 kB
MemTotal:        1844596 kB
MemFree:          187684 kB
MemAvailable:    1468020 kB
Buffers:          101948 kB
Cached:          1197040 kB
MemTotal:        1844596 kB
MemFree:          187684 kB
MemAvailable:    1468020 kB
Buffers:          101948 kB
Cached:          1197040 kB
MemTotal:        1844596 kB
MemFree:          187512 kB
MemAvailable:    1467848 kB
Buffers:          101948 kB
Cached:          1197040 kB
MemTotal:        1844596 kB
MemFree:          187768 kB
MemAvailable:    1468104 kB
Buffers:          101948 kB
Cached:          1197040 kB
MemTotal:        1844596 kB
MemFree:          187380 kB
MemAvailable:    1467716 kB
Buffers:          101948 kB
Cached:          1197040 kB
MemTotal:        1844596 kB
MemFree:          187160 kB
MemAvailable:    1467496 kB
Buffers:          101948 kB
Cached:          1197040 kB
MemTotal:        1844596 kB
MemFree:          187628 kB
MemAvailable:    1467964 kB
Buffers:          101948 kB
Cached:          1197040 kB
MemTotal:        1844596 kB
MemFree:          186468 kB
MemAvailable:    1466804 kB
Buffers:          101948 kB
Cached:          1197040 kB
MemTotal:        1844596 kB
MemFree:          187576 kB
MemAvailable:    1467912 kB
Buffers:          101948 kB
Cached:          1197040 kB
MemTotal:        1844596 kB
MemFree:          187444 kB
MemAvailable:    1467780 kB
Buffers:          101948 kB
Cached:          1197040 kB
MemTotal:        1844596 kB
MemFree:          187528 kB
MemAvailable:    1467864 kB
Buffers:          101948 kB
Cached:          1197040 kB
MemTotal:        1844596 kB
MemFree:          187312 kB
MemAvailable:    1467648 kB
Buffers:          101948 kB
Cached:          1197040 kB
MemTotal:        1844596 kB
MemFree:          187328 kB
MemAvailable:    1467664 kB
Buffers:          101948 kB
Cached:          1197040 kB
MemTotal:        1844596 kB
MemFree:          186032 kB
MemAvailable:    1466368 kB
Buffers:          101948 kB
Cached:          1197040 kB
MemTotal:        1844596 kB
MemFree:          186156 kB
MemAvailable:    1466492 kB
Buffers:          101948 kB
Cached:          1197040 kB
MemTotal:        1844596 kB
MemFree:          185956 kB
MemAvailable:    1466292 kB
Buffers:          101948 kB
Cached:          1197040 kB
MemTotal:        1844596 kB
MemFree:          186080 kB
MemAvailable:    1466416 kB
Buffers:          101948 kB
Cached:          1197040 kB
MemTotal:        1844596 kB
MemFree:          187380 kB
MemAvailable:    1467716 kB
Buffers:          101948 kB
Cached:          1197040 kB
MemTotal:        1844596 kB
MemFree:          185948 kB
MemAvailable:    1466284 kB
Buffers:          101948 kB
Cached:          1197040 kB
MemTotal:        1844596 kB
MemFree:          186088 kB
MemAvailable:    1466424 kB
Buffers:          101948 kB
Cached:          1197040 kB
MemTotal:        1844596 kB
MemFree:          182800 kB
MemAvailable:    1463136 kB
Buffers:          101948 kB
Cached:          1197040 kB
MemTotal:        1844596 kB
MemFree:          177648 kB
MemAvailable:    1457984 kB
Buffers:          101948 kB
Cached:          1197040 kB
MemTotal:        1844596 kB
MemFree:          177900 kB
MemAvailable:    1458236 kB
Buffers:          101948 kB
Cached:          1197040 kB
MemTotal:        1844596 kB
MemFree:          176664 kB
MemAvailable:    1457000 kB
Buffers:          101948 kB
Cached:          1197040 kB
MemTotal:        1844596 kB
MemFree:          174928 kB
MemAvailable:    1455264 kB
Buffers:          101948 kB
Cached:          1197040 kB
MemTotal:        1844596 kB
MemFree:          175788 kB
MemAvailable:    1456124 kB
Buffers:          101948 kB
Cached:          1197040 kB
MemTotal:        1844596 kB
MemFree:          175788 kB
MemAvailable:    1456124 kB
Buffers:          101948 kB
Cached:          1197040 kB
MemTotal:        1844596 kB
MemFree:          174252 kB
MemAvailable:    1454588 kB
Buffers:          101948 kB
Cached:          1197040 kB
MemTotal:        1844596 kB
MemFree:          175360 kB
MemAvailable:    1455696 kB
Buffers:          101948 kB
Cached:          1197040 kB
MemTotal:        1844596 kB
MemFree:          173688 kB
MemAvailable:    1454024 kB
Buffers:          101948 kB
Cached:          1197040 kB
MemTotal:        1844596 kB
MemFree:          172944 kB
MemAvailable:    1453280 kB
Buffers:          101948 kB
Cached:          1197040 kB
MemTotal:        1844596 kB
MemFree:          173152 kB
MemAvailable:    1453488 kB
Buffers:          101948 kB
Cached:          1197040 kB
MemTotal:        1844596 kB
MemFree:          173096 kB
MemAvailable:    1453432 kB
Buffers:          101948 kB
Cached:          1197040 kB
MemTotal:        1844596 kB
MemFree:          170944 kB
MemAvailable:    1451280 kB
Buffers:          101948 kB
Cached:          1197040 kB
MemTotal:        1844596 kB
MemFree:          172316 kB
MemAvailable:    1452652 kB
Buffers:          101948 kB
Cached:          1197040 kB
MemTotal:        1844596 kB
MemFree:          172152 kB
MemAvailable:    1452488 kB
Buffers:          101948 kB
Cached:          1197040 kB
MemTotal:        1844596 kB
MemFree:          172248 kB
MemAvailable:    1452584 kB
Buffers:          101948 kB
Cached:          1197040 kB
MemTotal:        1844596 kB
MemFree:          172244 kB
MemAvailable:    1452580 kB
Buffers:          101948 kB
Cached:          1197040 kB
MemTotal:        1844596 kB
MemFree:          171216 kB
MemAvailable:    1451552 kB
Buffers:          101948 kB
Cached:          1197040 kB
MemTotal:        1844596 kB
MemFree:          172152 kB
MemAvailable:    1452488 kB
Buffers:          101948 kB
Cached:          1197040 kB
MemTotal:        1844596 kB
MemFree:          172152 kB
MemAvailable:    1452488 kB
Buffers:          101948 kB
Cached:          1197040 kB
MemTotal:        1844596 kB
MemFree:          170904 kB
MemAvailable:    1451240 kB
Buffers:          101948 kB
Cached:          1197040 kB
MemTotal:        1844596 kB
MemFree:          171024 kB
MemAvailable:    1451360 kB
Buffers:          101948 kB
Cached:          1197040 kB
MemTotal:        1844596 kB
MemFree:          172264 kB
MemAvailable:    1452600 kB
Buffers:          101948 kB
Cached:          1197040 kB
MemTotal:        1844596 kB
MemFree:          172060 kB
MemAvailable:    1452396 kB
Buffers:          101948 kB
Cached:          1197040 kB
MemTotal:        1844596 kB
MemFree:          172060 kB
MemAvailable:    1452396 kB
Buffers:          101948 kB
Cached:          1197040 kB
MemTotal:        1844596 kB
MemFree:          170820 kB
MemAvailable:    1451156 kB
Buffers:          101948 kB
Cached:          1197040 kB
MemTotal:        1844596 kB
MemFree:          170464 kB
MemAvailable:    1450800 kB
Buffers:          101948 kB
Cached:          1197040 kB
MemTotal:        1844596 kB
MemFree:          170596 kB
MemAvailable:    1450932 kB
Buffers:          101948 kB
Cached:          1197040 kB
MemTotal:        1844596 kB
MemFree:          171532 kB
MemAvailable:    1451868 kB
Buffers:          101948 kB
Cached:          1197040 kB
MemTotal:        1844596 kB
MemFree:          170588 kB
MemAvailable:    1450932 kB
Buffers:          101948 kB
Cached:          1197048 kB
MemTotal:        1844596 kB
MemFree:          170324 kB
MemAvailable:    1450668 kB
Buffers:          101948 kB
Cached:          1197048 kB
MemTotal:        1844596 kB
MemFree:          170216 kB
MemAvailable:    1450560 kB
Buffers:          101948 kB
Cached:          1197048 kB
MemTotal:        1844596 kB
MemFree:          169596 kB
MemAvailable:    1449940 kB
Buffers:          101948 kB
Cached:          1197048 kB
MemTotal:        1844596 kB
MemFree:          169524 kB
MemAvailable:    1449868 kB
Buffers:          101948 kB
Cached:          1197048 kB
MemTotal:        1844596 kB
MemFree:          168356 kB
MemAvailable:    1448700 kB
Buffers:          101948 kB
Cached:          1197048 kB
MemTotal:        1844596 kB
MemFree:          168836 kB
MemAvailable:    1449180 kB
Buffers:          101948 kB
Cached:          1197048 kB
MemTotal:        1844596 kB
MemFree:          168836 kB
MemAvailable:    1449180 kB
Buffers:          101948 kB
Cached:          1197048 kB
MemTotal:        1844596 kB
MemFree:          168660 kB
MemAvailable:    1449004 kB
Buffers:          101948 kB
Cached:          1197048 kB
MemTotal:        1844596 kB
MemFree:          168576 kB
MemAvailable:    1448920 kB
Buffers:          101948 kB
Cached:          1197048 kB
MemTotal:        1844596 kB
MemFree:          167108 kB
MemAvailable:    1447452 kB
Buffers:          101948 kB
Cached:          1197048 kB
MemTotal:        1844596 kB
MemFree:          168224 kB
MemAvailable:    1448568 kB
Buffers:          101948 kB
Cached:          1197048 kB
MemTotal:        1844596 kB
MemFree:          168224 kB
MemAvailable:    1448568 kB
Buffers:          101948 kB
Cached:          1197048 kB
MemTotal:        1844596 kB
MemFree:          166736 kB
MemAvailable:    1447080 kB
Buffers:          101948 kB
Cached:          1197048 kB
MemTotal:        1844596 kB
MemFree:          166992 kB
MemAvailable:    1447336 kB
Buffers:          101948 kB
Cached:          1197048 kB
MemTotal:        1844596 kB
MemFree:          168092 kB
MemAvailable:    1448436 kB
Buffers:          101948 kB
Cached:          1197048 kB
MemTotal:        1844596 kB
MemFree:          167984 kB
MemAvailable:    1448328 kB
Buffers:          101948 kB
Cached:          1197048 kB
MemTotal:        1844596 kB
MemFree:          168052 kB
MemAvailable:    1448396 kB
Buffers:          101948 kB
Cached:          1197048 kB
MemTotal:        1844596 kB
MemFree:          168108 kB
MemAvailable:    1448452 kB
Buffers:          101948 kB
Cached:          1197048 kB
MemTotal:        1844596 kB
MemFree:          167372 kB
MemAvailable:    1447716 kB
Buffers:          101948 kB
Cached:          1197048 kB
MemTotal:        1844596 kB
MemFree:          167796 kB
MemAvailable:    1448140 kB
Buffers:          101948 kB
Cached:          1197048 kB
MemTotal:        1844596 kB
MemFree:          168048 kB
MemAvailable:    1448392 kB
Buffers:          101948 kB
Cached:          1197048 kB
MemTotal:        1844596 kB
MemFree:          168152 kB
MemAvailable:    1448496 kB
Buffers:          101948 kB
Cached:          1197048 kB
MemTotal:        1844596 kB
MemFree:          168096 kB
MemAvailable:    1448440 kB
Buffers:          101948 kB
Cached:          1197048 kB
MemTotal:        1844596 kB
MemFree:          166552 kB
MemAvailable:    1446896 kB
Buffers:          101948 kB
Cached:          1197048 kB
MemTotal:        1844596 kB
MemFree:          166992 kB
MemAvailable:    1447336 kB
Buffers:          101948 kB
Cached:          1197048 kB
MemTotal:        1844596 kB
MemFree:          167720 kB
MemAvailable:    1448064 kB
Buffers:          101948 kB
Cached:          1197048 kB
MemTotal:        1844596 kB
MemFree:          167612 kB
MemAvailable:    1447956 kB
Buffers:          101948 kB
Cached:          1197048 kB
MemTotal:        1844596 kB
MemFree:          167792 kB
MemAvailable:    1448136 kB
Buffers:          101948 kB
Cached:          1197048 kB
MemTotal:        1844596 kB
MemFree:          167612 kB
MemAvailable:    1447956 kB
Buffers:          101948 kB
Cached:          1197048 kB
MemTotal:        1844596 kB
MemFree:          167708 kB
MemAvailable:    1448052 kB
Buffers:          101948 kB
Cached:          1197048 kB
MemTotal:        1844596 kB
MemFree:          166940 kB
MemAvailable:    1447284 kB
Buffers:          101948 kB
Cached:          1197048 kB
MemTotal:        1844596 kB
MemFree:          166720 kB
MemAvailable:    1447064 kB
Buffers:          101948 kB
Cached:          1197048 kB
MemTotal:        1844596 kB
MemFree:          167052 kB
MemAvailable:    1447396 kB
Buffers:          101948 kB
Cached:          1197048 kB
MemTotal:        1844596 kB
MemFree:          166676 kB
MemAvailable:    1447020 kB
Buffers:          101948 kB
Cached:          1197048 kB
MemTotal:        1844596 kB
MemFree:          167908 kB
MemAvailable:    1448252 kB
Buffers:          101948 kB
Cached:          1197048 kB
MemTotal:        1844596 kB
MemFree:          165504 kB
MemAvailable:    1445848 kB
Buffers:          101948 kB
Cached:          1197048 kB
MemTotal:        1844596 kB
MemFree:          165752 kB
MemAvailable:    1446096 kB
Buffers:          101948 kB
Cached:          1197048 kB
MemTotal:        1844596 kB
MemFree:          165504 kB
MemAvailable:    1445848 kB
Buffers:          101948 kB
Cached:          1197048 kB
MemTotal:        1844596 kB
MemFree:          166496 kB
MemAvailable:    1446840 kB
Buffers:          101948 kB
Cached:          1197048 kB
MemTotal:        1844596 kB
MemFree:          165564 kB
MemAvailable:    1445908 kB
Buffers:          101948 kB
Cached:          1197048 kB
MemTotal:        1844596 kB
MemFree:          163644 kB
MemAvailable:    1443988 kB
Buffers:          101948 kB
Cached:          1197048 kB
MemTotal:        1844596 kB
MemFree:          161280 kB
MemAvailable:    1441624 kB
Buffers:          101948 kB
Cached:          1197048 kB
MemTotal:        1844596 kB
MemFree:          161412 kB
MemAvailable:    1441756 kB
Buffers:          101948 kB
Cached:          1197048 kB
MemTotal:        1844596 kB
MemFree:          156320 kB
MemAvailable:    1436664 kB
Buffers:          101948 kB
Cached:          1197048 kB
MemTotal:        1844596 kB
MemFree:          155592 kB
MemAvailable:    1435936 kB
Buffers:          101948 kB
Cached:          1197048 kB
MemTotal:        1844596 kB
MemFree:          152536 kB
MemAvailable:    1432880 kB
Buffers:          101948 kB
Cached:          1197048 kB
MemTotal:        1844596 kB
MemFree:          149376 kB
MemAvailable:    1429720 kB
Buffers:          101948 kB
Cached:          1197048 kB
MemTotal:        1844596 kB
MemFree:          149376 kB
MemAvailable:    1429720 kB
Buffers:          101948 kB
Cached:          1197048 kB
MemTotal:        1844596 kB
MemFree:          149520 kB
MemAvailable:    1429864 kB
Buffers:          101948 kB
Cached:          1197048 kB
MemTotal:        1844596 kB
MemFree:          147960 kB
MemAvailable:    1428304 kB
Buffers:          101948 kB
Cached:          1197048 kB
MemTotal:        1844596 kB
MemFree:          149312 kB
MemAvailable:    1429656 kB
Buffers:          101948 kB
Cached:          1197048 kB
MemTotal:        1844596 kB
MemFree:          149564 kB
MemAvailable:    1429908 kB
Buffers:          101948 kB
Cached:          1197048 kB
MemTotal:        1844596 kB
MemFree:          149256 kB
MemAvailable:    1429600 kB
Buffers:          101948 kB
Cached:          1197048 kB
MemTotal:        1844596 kB
MemFree:          148088 kB
MemAvailable:    1428432 kB
Buffers:          101948 kB
Cached:          1197048 kB
MemTotal:        1844596 kB
MemFree:          148088 kB
MemAvailable:    1428432 kB
Buffers:          101948 kB
Cached:          1197048 kB
MemTotal:        1844596 kB
MemFree:          148072 kB
MemAvailable:    1428416 kB
Buffers:          101948 kB
Cached:          1197048 kB
MemTotal:        1844596 kB
MemFree:          149256 kB
MemAvailable:    1429600 kB
Buffers:          101948 kB
Cached:          1197048 kB
MemTotal:        1844596 kB
MemFree:          148072 kB
MemAvailable:    1428416 kB
Buffers:          101948 kB
Cached:          1197048 kB
MemTotal:        1844596 kB
MemFree:          147524 kB
MemAvailable:    1427868 kB
Buffers:          101948 kB
Cached:          1197048 kB
MemTotal:        1844596 kB
MemFree:          148384 kB
MemAvailable:    1428728 kB
Buffers:          101948 kB
Cached:          1197048 kB
MemTotal:        1844596 kB
MemFree:          148524 kB
MemAvailable:    1428868 kB
Buffers:          101948 kB
Cached:          1197048 kB
MemTotal:        1844596 kB
MemFree:          148308 kB
MemAvailable:    1428652 kB
Buffers:          101948 kB
Cached:          1197048 kB
MemTotal:        1844596 kB
MemFree:          147284 kB
MemAvailable:    1427628 kB
Buffers:          101948 kB
Cached:          1197048 kB
MemTotal:        1844596 kB
MemFree:          148128 kB
MemAvailable:    1428472 kB
Buffers:          101948 kB
Cached:          1197048 kB
MemTotal:        1844596 kB
MemFree:          148464 kB
MemAvailable:    1428808 kB
Buffers:          101948 kB
Cached:          1197048 kB
MemTotal:        1844596 kB
MemFree:          148260 kB
MemAvailable:    1428604 kB
Buffers:          101948 kB
Cached:          1197048 kB
MemTotal:        1844596 kB
MemFree:          148260 kB
MemAvailable:    1428604 kB
Buffers:          101948 kB
Cached:          1197048 kB
MemTotal:        1844596 kB
MemFree:          147144 kB
MemAvailable:    1427488 kB
Buffers:          101948 kB
Cached:          1197048 kB
MemTotal:        1844596 kB
MemFree:          148096 kB
MemAvailable:    1428440 kB
Buffers:          101948 kB
Cached:          1197048 kB
MemTotal:        1844596 kB
MemFree:          148128 kB
MemAvailable:    1428472 kB
Buffers:          101948 kB
Cached:          1197048 kB
MemTotal:        1844596 kB
MemFree:          148380 kB
MemAvailable:    1428724 kB
Buffers:          101948 kB
Cached:          1197048 kB
MemTotal:        1844596 kB
MemFree:          146848 kB
MemAvailable:    1427192 kB
Buffers:          101948 kB
Cached:          1197048 kB
MemTotal:        1844596 kB
MemFree:          147096 kB
MemAvailable:    1427440 kB
Buffers:          101948 kB
Cached:          1197048 kB
MemTotal:        1844596 kB
MemFree:          147220 kB
MemAvailable:    1427564 kB
Buffers:          101948 kB
Cached:          1197048 kB
MemTotal:        1844596 kB
MemFree:          148088 kB
MemAvailable:    1428444 kB
Buffers:          101948 kB
Cached:          1197060 kB
MemTotal:        1844596 kB
MemFree:          147816 kB
MemAvailable:    1428172 kB
Buffers:          101948 kB
Cached:          1197060 kB
MemTotal:        1844596 kB
MemFree:          148348 kB
MemAvailable:    1428704 kB
Buffers:          101948 kB
Cached:          1197060 kB
MemTotal:        1844596 kB
MemFree:          147020 kB
MemAvailable:    1427376 kB
Buffers:          101948 kB
Cached:          1197060 kB
MemTotal:        1844596 kB
MemFree:          146028 kB
MemAvailable:    1426384 kB
Buffers:          101948 kB
Cached:          1197060 kB
MemTotal:        1844596 kB
MemFree:          142624 kB
MemAvailable:    1422980 kB
Buffers:          101948 kB
Cached:          1197060 kB
MemTotal:        1844596 kB
MemFree:          139836 kB
MemAvailable:    1420192 kB
Buffers:          101948 kB
Cached:          1197060 kB
MemTotal:        1844596 kB
MemFree:          135736 kB
MemAvailable:    1416092 kB
Buffers:          101948 kB
Cached:          1197060 kB
MemTotal:        1844596 kB
MemFree:          135628 kB
MemAvailable:    1415984 kB
Buffers:          101948 kB
Cached:          1197060 kB
MemTotal:        1844596 kB
MemFree:          131652 kB
MemAvailable:    1412008 kB
Buffers:          101948 kB
Cached:          1197060 kB
MemTotal:        1844596 kB
MemFree:          129048 kB
MemAvailable:    1409404 kB
Buffers:          101948 kB
Cached:          1197060 kB
MemTotal:        1844596 kB
MemFree:          130280 kB
MemAvailable:    1410636 kB
Buffers:          101948 kB
Cached:          1197060 kB
MemTotal:        1844596 kB
MemFree:          130032 kB
MemAvailable:    1410388 kB
Buffers:          101948 kB
Cached:          1197060 kB
MemTotal:        1844596 kB
MemFree:          129048 kB
MemAvailable:    1409404 kB
Buffers:          101948 kB
Cached:          1197060 kB
MemTotal:        1844596 kB
MemFree:          128744 kB
MemAvailable:    1409100 kB
Buffers:          101948 kB
Cached:          1197060 kB
MemTotal:        1844596 kB
MemFree:          130152 kB
MemAvailable:    1410508 kB
Buffers:          101948 kB
Cached:          1197060 kB
MemTotal:        1844596 kB
MemFree:          130236 kB
MemAvailable:    1410592 kB
Buffers:          101948 kB
Cached:          1197060 kB
MemTotal:        1844596 kB
MemFree:          129784 kB
MemAvailable:    1410140 kB
Buffers:          101948 kB
Cached:          1197060 kB
MemTotal:        1844596 kB
MemFree:          129844 kB
MemAvailable:    1410200 kB
Buffers:          101948 kB
Cached:          1197060 kB
MemTotal:        1844596 kB
MemFree:          130100 kB
MemAvailable:    1410456 kB
Buffers:          101948 kB
Cached:          1197060 kB
MemTotal:        1844596 kB
MemFree:          128856 kB
MemAvailable:    1409212 kB
Buffers:          101948 kB
Cached:          1197060 kB
MemTotal:        1844596 kB
MemFree:          128600 kB
MemAvailable:    1408956 kB
Buffers:          101948 kB
Cached:          1197060 kB
MemTotal:        1844596 kB
MemFree:          128724 kB
MemAvailable:    1409080 kB
Buffers:          101948 kB
Cached:          1197060 kB
MemTotal:        1844596 kB
MemFree:          128724 kB
MemAvailable:    1409080 kB
Buffers:          101948 kB
Cached:          1197060 kB
MemTotal:        1844596 kB
MemFree:          128716 kB
MemAvailable:    1409072 kB
Buffers:          101948 kB
Cached:          1197060 kB
MemTotal:        1844596 kB
MemFree:          128848 kB
MemAvailable:    1409204 kB
Buffers:          101948 kB
Cached:          1197060 kB
MemTotal:        1844596 kB
MemFree:          128848 kB
MemAvailable:    1409204 kB
Buffers:          101948 kB
Cached:          1197060 kB
MemTotal:        1844596 kB
MemFree:          128848 kB
MemAvailable:    1409204 kB
Buffers:          101948 kB
Cached:          1197060 kB
MemTotal:        1844596 kB
MemFree:          128972 kB
MemAvailable:    1409328 kB
Buffers:          101948 kB
Cached:          1197060 kB
MemTotal:        1844596 kB
MemFree:          130212 kB
MemAvailable:    1410568 kB
Buffers:          101948 kB
Cached:          1197060 kB
MemTotal:        1844596 kB
MemFree:          129180 kB
MemAvailable:    1409536 kB
Buffers:          101948 kB
Cached:          1197060 kB
MemTotal:        1844596 kB
MemFree:          130040 kB
MemAvailable:    1410396 kB
Buffers:          101948 kB
Cached:          1197060 kB
MemTotal:        1844596 kB
MemFree:          130220 kB
MemAvailable:    1410576 kB
Buffers:          101948 kB
Cached:          1197060 kB
MemTotal:        1844596 kB
MemFree:          129040 kB
MemAvailable:    1409396 kB
Buffers:          101948 kB
Cached:          1197060 kB
MemTotal:        1844596 kB
MemFree:          129896 kB
MemAvailable:    1410252 kB
Buffers:          101948 kB
Cached:          1197060 kB
MemTotal:        1844596 kB
MemFree:          130152 kB
MemAvailable:    1410508 kB
Buffers:          101948 kB
Cached:          1197060 kB
MemTotal:        1844596 kB
MemFree:          129824 kB
MemAvailable:    1410180 kB
Buffers:          101948 kB
Cached:          1197060 kB
MemTotal:        1844596 kB
MemFree:          129908 kB
MemAvailable:    1410264 kB
Buffers:          101948 kB
Cached:          1197060 kB
MemTotal:        1844596 kB
MemFree:          130244 kB
MemAvailable:    1410600 kB
Buffers:          101948 kB
Cached:          1197060 kB
MemTotal:        1844596 kB
MemFree:          130032 kB
MemAvailable:    1410388 kB
Buffers:          101948 kB
Cached:          1197060 kB
MemTotal:        1844596 kB
MemFree:          130284 kB
MemAvailable:    1410640 kB
Buffers:          101948 kB
Cached:          1197060 kB
MemTotal:        1844596 kB
MemFree:          129992 kB
MemAvailable:    1410348 kB
Buffers:          101948 kB
Cached:          1197060 kB
MemTotal:        1844596 kB
MemFree:          128872 kB
MemAvailable:    1409228 kB
Buffers:          101948 kB
Cached:          1197060 kB
MemTotal:        1844596 kB
MemFree:          130024 kB
MemAvailable:    1410380 kB
Buffers:          101948 kB
Cached:          1197060 kB
MemTotal:        1844596 kB
MemFree:          129712 kB
MemAvailable:    1410068 kB
Buffers:          101948 kB
Cached:          1197060 kB
MemTotal:        1844596 kB
MemFree:          130048 kB
MemAvailable:    1410404 kB
Buffers:          101948 kB
Cached:          1197060 kB
MemTotal:        1844596 kB
MemFree:          128120 kB
MemAvailable:    1408476 kB
Buffers:          101948 kB
Cached:          1197060 kB
MemTotal:        1844596 kB
MemFree:          124328 kB
MemAvailable:    1404684 kB
Buffers:          101948 kB
Cached:          1197060 kB
MemTotal:        1844596 kB
MemFree:          119748 kB
MemAvailable:    1400104 kB
Buffers:          101948 kB
Cached:          1197060 kB
MemTotal:        1844596 kB
MemFree:          116268 kB
MemAvailable:    1396624 kB
Buffers:          101948 kB
Cached:          1197060 kB
MemTotal:        1844596 kB
MemFree:          112864 kB
MemAvailable:    1393220 kB
Buffers:          101948 kB
Cached:          1197060 kB
MemTotal:        1844596 kB
MemFree:          112740 kB
MemAvailable:    1393096 kB
Buffers:          101948 kB
Cached:          1197060 kB
MemTotal:        1844596 kB
MemFree:          111392 kB
MemAvailable:    1391748 kB
Buffers:          101948 kB
Cached:          1197060 kB
MemTotal:        1844596 kB
MemFree:          111696 kB
MemAvailable:    1392052 kB
Buffers:          101948 kB
Cached:          1197060 kB
MemTotal:        1844596 kB
MemFree:          111928 kB
MemAvailable:    1392284 kB
Buffers:          101948 kB
Cached:          1197060 kB
MemTotal:        1844596 kB
MemFree:          112264 kB
MemAvailable:    1392620 kB
Buffers:          101948 kB
Cached:          1197060 kB
MemTotal:        1844596 kB
MemFree:          111680 kB
MemAvailable:    1392036 kB
Buffers:          101948 kB
Cached:          1197060 kB
MemTotal:        1844596 kB
MemFree:          111680 kB
MemAvailable:    1392036 kB
Buffers:          101948 kB
Cached:          1197060 kB
MemTotal:        1844596 kB
MemFree:          111640 kB
MemAvailable:    1391996 kB
Buffers:          101948 kB
Cached:          1197060 kB
MemTotal:        1844596 kB
MemFree:          111612 kB
MemAvailable:    1391968 kB
Buffers:          101948 kB
Cached:          1197060 kB
MemTotal:        1844596 kB
MemFree:          111440 kB
MemAvailable:    1391796 kB
Buffers:          101948 kB
Cached:          1197060 kB
MemTotal:        1844596 kB
MemFree:          110332 kB
MemAvailable:    1390688 kB
Buffers:          101948 kB
Cached:          1197060 kB
MemTotal:        1844596 kB
MemFree:          111120 kB
MemAvailable:    1391476 kB
Buffers:          101948 kB
Cached:          1197060 kB
MemTotal:        1844596 kB
MemFree:          109828 kB
MemAvailable:    1390184 kB
Buffers:          101948 kB
Cached:          1197060 kB
MemTotal:        1844596 kB
MemFree:          109780 kB
MemAvailable:    1390136 kB
Buffers:          101948 kB
Cached:          1197060 kB
MemTotal:        1844596 kB
MemFree:          110564 kB
MemAvailable:    1390920 kB
Buffers:          101948 kB
Cached:          1197060 kB
MemTotal:        1844596 kB
MemFree:          110456 kB
MemAvailable:    1390812 kB
Buffers:          101948 kB
Cached:          1197060 kB
MemTotal:        1844596 kB
MemFree:          108944 kB
MemAvailable:    1389300 kB
Buffers:          101948 kB
Cached:          1197060 kB
MemTotal:        1844596 kB
MemFree:          109580 kB
MemAvailable:    1389936 kB
Buffers:          101948 kB
Cached:          1197060 kB
MemTotal:        1844596 kB
MemFree:          109268 kB
MemAvailable:    1389624 kB
Buffers:          101948 kB
Cached:          1197060 kB
MemTotal:        1844596 kB
MemFree:          109084 kB
MemAvailable:    1389440 kB
Buffers:          101948 kB
Cached:          1197060 kB
MemTotal:        1844596 kB
MemFree:          108200 kB
MemAvailable:    1388556 kB
Buffers:          101948 kB
Cached:          1197060 kB
MemTotal:        1844596 kB
MemFree:          108076 kB
MemAvailable:    1388432 kB
Buffers:          101948 kB
Cached:          1197060 kB
MemTotal:        1844596 kB
MemFree:          106960 kB
MemAvailable:    1387316 kB
Buffers:          101948 kB
Cached:          1197060 kB
MemTotal:        1844596 kB
MemFree:          106852 kB
MemAvailable:    1387208 kB
Buffers:          101948 kB
Cached:          1197060 kB
MemTotal:        1844596 kB
MemFree:          104992 kB
MemAvailable:    1385348 kB
Buffers:          101948 kB
Cached:          1197060 kB
MemTotal:        1844596 kB
MemFree:          104868 kB
MemAvailable:    1385232 kB
Buffers:          101948 kB
Cached:          1197068 kB
MemTotal:        1844596 kB
MemFree:          105588 kB
MemAvailable:    1385952 kB
Buffers:          101948 kB
Cached:          1197068 kB
MemTotal:        1844596 kB
MemFree:          105356 kB
MemAvailable:    1385720 kB
Buffers:          101948 kB
Cached:          1197068 kB
MemTotal:        1844596 kB
MemFree:          105328 kB
MemAvailable:    1385692 kB
Buffers:          101948 kB
Cached:          1197068 kB
MemTotal:        1844596 kB
MemFree:          105664 kB
MemAvailable:    1386028 kB
Buffers:          101948 kB
Cached:          1197068 kB
MemTotal:        1844596 kB
MemFree:          105448 kB
MemAvailable:    1385812 kB
Buffers:          101948 kB
Cached:          1197068 kB
MemTotal:        1844596 kB
MemFree:          105532 kB
MemAvailable:    1385896 kB
Buffers:          101948 kB
Cached:          1197068 kB
MemTotal:        1844596 kB
MemFree:          104068 kB
MemAvailable:    1384432 kB
Buffers:          101948 kB
Cached:          1197068 kB
MemTotal:        1844596 kB
MemFree:          104176 kB
MemAvailable:    1384540 kB
Buffers:          101948 kB
Cached:          1197068 kB
MemTotal:        1844596 kB
MemFree:          103852 kB
MemAvailable:    1384216 kB
Buffers:          101948 kB
Cached:          1197068 kB
MemTotal:        1844596 kB
MemFree:          103852 kB
MemAvailable:    1384216 kB
Buffers:          101948 kB
Cached:          1197068 kB
MemTotal:        1844596 kB
MemFree:          103688 kB
MemAvailable:    1384052 kB
Buffers:          101948 kB
Cached:          1197068 kB
MemTotal:        1844596 kB
MemFree:          103944 kB
MemAvailable:    1384308 kB
Buffers:          101948 kB
Cached:          1197068 kB
MemTotal:        1844596 kB
MemFree:          103868 kB
MemAvailable:    1384232 kB
Buffers:          101948 kB
Cached:          1197068 kB
MemTotal:        1844596 kB
MemFree:          103140 kB
MemAvailable:    1383504 kB
Buffers:          101948 kB
Cached:          1197068 kB
MemTotal:        1844596 kB
MemFree:          103868 kB
MemAvailable:    1384232 kB
Buffers:          101948 kB
Cached:          1197068 kB
MemTotal:        1844596 kB
MemFree:          104000 kB
MemAvailable:    1384364 kB
Buffers:          101948 kB
Cached:          1197068 kB
MemTotal:        1844596 kB
MemFree:          102504 kB
MemAvailable:    1382868 kB
Buffers:          101948 kB
Cached:          1197068 kB
MemTotal:        1844596 kB
MemFree:          103132 kB
MemAvailable:    1383496 kB
Buffers:          101948 kB
Cached:          1197068 kB
MemTotal:        1844596 kB
MemFree:          103984 kB
MemAvailable:    1384352 kB
Buffers:          101948 kB
Cached:          1197072 kB
MemTotal:        1844596 kB
MemFree:          103984 kB
MemAvailable:    1384352 kB
Buffers:          101948 kB
Cached:          1197072 kB
MemTotal:        1844596 kB
MemFree:          102624 kB
MemAvailable:    1382992 kB
Buffers:          101948 kB
Cached:          1197072 kB
MemTotal:        1844596 kB
MemFree:          103864 kB
MemAvailable:    1384232 kB
Buffers:          101948 kB
Cached:          1197072 kB
MemTotal:        1844596 kB
MemFree:          102748 kB
MemAvailable:    1383116 kB
Buffers:          101948 kB
Cached:          1197072 kB
MemTotal:        1844596 kB
MemFree:          103916 kB
MemAvailable:    1384284 kB
Buffers:          101948 kB
Cached:          1197072 kB
MemTotal:        1844596 kB
MemFree:          103016 kB
MemAvailable:    1383384 kB
Buffers:          101948 kB
Cached:          1197072 kB
MemTotal:        1844596 kB
MemFree:          103696 kB
MemAvailable:    1384064 kB
Buffers:          101948 kB
Cached:          1197072 kB
MemTotal:        1844596 kB
MemFree:          103696 kB
MemAvailable:    1384064 kB
Buffers:          101948 kB
Cached:          1197072 kB
MemTotal:        1844596 kB
MemFree:          102624 kB
MemAvailable:    1382992 kB
Buffers:          101948 kB
Cached:          1197072 kB
MemTotal:        1844596 kB
MemFree:          102748 kB
MemAvailable:    1383116 kB
Buffers:          101948 kB
Cached:          1197072 kB
MemTotal:        1844596 kB
MemFree:          103924 kB
MemAvailable:    1384292 kB
Buffers:          101948 kB
Cached:          1197072 kB
MemTotal:        1844596 kB
MemFree:          102740 kB
MemAvailable:    1383108 kB
Buffers:          101948 kB
Cached:          1197072 kB
MemTotal:        1844596 kB
MemFree:          102492 kB
MemAvailable:    1382860 kB
Buffers:          101948 kB
Cached:          1197072 kB
MemTotal:        1844596 kB
MemFree:          103816 kB
MemAvailable:    1384184 kB
Buffers:          101948 kB
Cached:          1197072 kB
MemTotal:        1844596 kB
MemFree:          104040 kB
MemAvailable:    1384408 kB
Buffers:          101948 kB
Cached:          1197072 kB
MemTotal:        1844596 kB
MemFree:          102440 kB
MemAvailable:    1382808 kB
Buffers:          101948 kB
Cached:          1197072 kB
MemTotal:        1844596 kB
MemFree:          103716 kB
MemAvailable:    1384084 kB
Buffers:          101948 kB
Cached:          1197072 kB
MemTotal:        1844596 kB
MemFree:          102600 kB
MemAvailable:    1382968 kB
Buffers:          101948 kB
Cached:          1197072 kB
MemTotal:        1844596 kB
MemFree:          103008 kB
MemAvailable:    1383376 kB
Buffers:          101948 kB
Cached:          1197072 kB
MemTotal:        1844596 kB
MemFree:          103792 kB
MemAvailable:    1384160 kB
Buffers:          101948 kB
Cached:          1197072 kB
MemTotal:        1844596 kB
MemFree:          102744 kB
MemAvailable:    1383112 kB
Buffers:          101948 kB
Cached:          1197072 kB
MemTotal:        1844596 kB
MemFree:          102636 kB
MemAvailable:    1383004 kB
Buffers:          101948 kB
Cached:          1197072 kB
MemTotal:        1844596 kB
MemFree:          103736 kB
MemAvailable:    1384104 kB
Buffers:          101948 kB
Cached:          1197072 kB
MemTotal:        1844596 kB
MemFree:          102596 kB
MemAvailable:    1382964 kB
Buffers:          101948 kB
Cached:          1197072 kB
MemTotal:        1844596 kB
MemFree:          103788 kB
MemAvailable:    1384156 kB
Buffers:          101948 kB
Cached:          1197072 kB
MemTotal:        1844596 kB
MemFree:          103388 kB
MemAvailable:    1383756 kB
Buffers:          101948 kB
Cached:          1197072 kB
MemTotal:        1844596 kB
MemFree:          103756 kB
MemAvailable:    1384124 kB
Buffers:          101948 kB
Cached:          1197072 kB
MemTotal:        1844596 kB
MemFree:          102624 kB
MemAvailable:    1382992 kB
Buffers:          101948 kB
Cached:          1197072 kB
MemTotal:        1844596 kB
MemFree:          103808 kB
MemAvailable:    1384176 kB
Buffers:          101948 kB
Cached:          1197072 kB
MemTotal:        1844596 kB
MemFree:          104060 kB
MemAvailable:    1384428 kB
Buffers:          101948 kB
Cached:          1197072 kB
MemTotal:        1844596 kB
MemFree:          103880 kB
MemAvailable:    1384248 kB
Buffers:          101948 kB
Cached:          1197072 kB
MemTotal:        1844596 kB
MemFree:          102448 kB
MemAvailable:    1382816 kB
Buffers:          101948 kB
Cached:          1197072 kB
MemTotal:        1844596 kB
MemFree:          103748 kB
MemAvailable:    1384116 kB
Buffers:          101948 kB
Cached:          1197072 kB
MemTotal:        1844596 kB
MemFree:          100032 kB
MemAvailable:    1380400 kB
Buffers:          101948 kB
Cached:          1197072 kB
MemTotal:        1844596 kB
MemFree:           98792 kB
MemAvailable:    1379160 kB
Buffers:          101948 kB
Cached:          1197072 kB
MemTotal:        1844596 kB
MemFree:           96808 kB
MemAvailable:    1377176 kB
Buffers:          101948 kB
Cached:          1197072 kB
MemTotal:        1844596 kB
MemFree:           91352 kB
MemAvailable:    1371720 kB
Buffers:          101948 kB
Cached:          1197072 kB
MemTotal:        1844596 kB
MemFree:           88872 kB
MemAvailable:    1369240 kB
Buffers:          101948 kB
Cached:          1197072 kB
MemTotal:        1844596 kB
MemFree:           85336 kB
MemAvailable:    1365704 kB
Buffers:          101948 kB
Cached:          1197072 kB
MemTotal:        1844596 kB
MemFree:           84268 kB
MemAvailable:    1364636 kB
Buffers:          101948 kB
Cached:          1197072 kB
MemTotal:        1844596 kB
MemFree:           84160 kB
MemAvailable:    1364528 kB
Buffers:          101948 kB
Cached:          1197072 kB
MemTotal:        1844596 kB
MemFree:           84456 kB
MemAvailable:    1364824 kB
Buffers:          101948 kB
Cached:          1197072 kB
MemTotal:        1844596 kB
MemFree:           83148 kB
MemAvailable:    1363516 kB
Buffers:          101948 kB
Cached:          1197072 kB
MemTotal:        1844596 kB
MemFree:           84268 kB
MemAvailable:    1364636 kB
Buffers:          101948 kB
Cached:          1197072 kB
MemTotal:        1844596 kB
MemFree:           84408 kB
MemAvailable:    1364776 kB
Buffers:          101948 kB
Cached:          1197072 kB
MemTotal:        1844596 kB
MemFree:           84228 kB
MemAvailable:    1364596 kB
Buffers:          101948 kB
Cached:          1197072 kB
MemTotal:        1844596 kB
MemFree:           84408 kB
MemAvailable:    1364776 kB
Buffers:          101948 kB
Cached:          1197072 kB
MemTotal:        1844596 kB
MemFree:           84332 kB
MemAvailable:    1364700 kB
Buffers:          101948 kB
Cached:          1197072 kB
MemTotal:        1844596 kB
MemFree:           84144 kB
MemAvailable:    1364512 kB
Buffers:          101948 kB
Cached:          1197072 kB
MemTotal:        1844596 kB
MemFree:           84252 kB
MemAvailable:    1364620 kB
Buffers:          101948 kB
Cached:          1197072 kB
MemTotal:        1844596 kB
MemFree:           83972 kB
MemAvailable:    1364340 kB
Buffers:          101948 kB
Cached:          1197072 kB
MemTotal:        1844596 kB
MemFree:           84228 kB
MemAvailable:    1364596 kB
Buffers:          101948 kB
Cached:          1197072 kB
MemTotal:        1844596 kB
MemFree:           84484 kB
MemAvailable:    1364852 kB
Buffers:          101948 kB
Cached:          1197072 kB
MemTotal:        1844596 kB
MemFree:           84004 kB
MemAvailable:    1364372 kB
Buffers:          101948 kB
Cached:          1197072 kB
MemTotal:        1844596 kB
MemFree:           84072 kB
MemAvailable:    1364440 kB
Buffers:          101948 kB
Cached:          1197072 kB
MemTotal:        1844596 kB
MemFree:           82888 kB
MemAvailable:    1363256 kB
Buffers:          101948 kB
Cached:          1197072 kB
MemTotal:        1844596 kB
MemFree:           82672 kB
MemAvailable:    1363044 kB
Buffers:          101948 kB
Cached:          1197076 kB
MemTotal:        1844596 kB
MemFree:           83940 kB
MemAvailable:    1364316 kB
Buffers:          101948 kB
Cached:          1197080 kB
MemTotal:        1844596 kB
MemFree:           83940 kB
MemAvailable:    1364316 kB
Buffers:          101948 kB
Cached:          1197080 kB
MemTotal:        1844596 kB
MemFree:           84076 kB
MemAvailable:    1364452 kB
Buffers:          101948 kB
Cached:          1197080 kB
MemTotal:        1844596 kB
MemFree:           84036 kB
MemAvailable:    1364412 kB
Buffers:          101948 kB
Cached:          1197080 kB
MemTotal:        1844596 kB
MemFree:           83292 kB
MemAvailable:    1363668 kB
Buffers:          101948 kB
Cached:          1197080 kB
MemTotal:        1844596 kB
MemFree:           83036 kB
MemAvailable:    1363412 kB
Buffers:          101948 kB
Cached:          1197080 kB
MemTotal:        1844596 kB
MemFree:           84020 kB
MemAvailable:    1364396 kB
Buffers:          101948 kB
Cached:          1197080 kB
MemTotal:        1844596 kB
MemFree:           83780 kB
MemAvailable:    1364156 kB
Buffers:          101948 kB
Cached:          1197080 kB
MemTotal:        1844596 kB
MemFree:           82432 kB
MemAvailable:    1362808 kB
Buffers:          101948 kB
Cached:          1197080 kB
MemTotal:        1844596 kB
MemFree:           75968 kB
MemAvailable:    1356344 kB
Buffers:          101948 kB
Cached:          1197080 kB
MemTotal:        1844596 kB
MemFree:           75356 kB
MemAvailable:    1355732 kB
Buffers:          101948 kB
Cached:          1197080 kB
MemTotal:        1844596 kB
MemFree:           73000 kB
MemAvailable:    1353376 kB
Buffers:          101948 kB
Cached:          1197080 kB
MemTotal:        1844596 kB
MemFree:           74356 kB
MemAvailable:    1354732 kB
Buffers:          101948 kB
Cached:          1197080 kB
MemTotal:        1844596 kB
MemFree:           74108 kB
MemAvailable:    1354484 kB
Buffers:          101948 kB
Cached:          1197080 kB
MemTotal:        1844596 kB
MemFree:           72440 kB
MemAvailable:    1352816 kB
Buffers:          101948 kB
Cached:          1197080 kB
MemTotal:        1844596 kB
MemFree:           71132 kB
MemAvailable:    1351508 kB
Buffers:          101948 kB
Cached:          1197080 kB
MemTotal:        1844596 kB
MemFree:           71016 kB
MemAvailable:    1351392 kB
Buffers:          101948 kB
Cached:          1197080 kB
MemTotal:        1844596 kB
MemFree:           71928 kB
MemAvailable:    1352304 kB
Buffers:          101948 kB
Cached:          1197080 kB
MemTotal:        1844596 kB
MemFree:           70280 kB
MemAvailable:    1350656 kB
Buffers:          101948 kB
Cached:          1197080 kB
MemTotal:        1844596 kB
MemFree:           71292 kB
MemAvailable:    1351668 kB
Buffers:          101948 kB
Cached:          1197080 kB
MemTotal:        1844596 kB
MemFree:           71264 kB
MemAvailable:    1351640 kB
Buffers:          101948 kB
Cached:          1197080 kB
MemTotal:        1844596 kB
MemFree:           71176 kB
MemAvailable:    1351636 kB
Buffers:          101948 kB
Cached:          1197204 kB
MemTotal:        1844596 kB
MemFree:           70000 kB
MemAvailable:    1350460 kB
Buffers:          101948 kB
Cached:          1197204 kB
MemTotal:        1844596 kB
MemFree:           70852 kB
MemAvailable:    1351564 kB
Buffers:          101948 kB
Cached:          1197452 kB
MemTotal:        1844596 kB
MemFree:           70768 kB
MemAvailable:    1351480 kB
Buffers:          101948 kB
Cached:          1197452 kB
MemTotal:        1844596 kB
MemFree:           70580 kB
MemAvailable:    1351460 kB
Buffers:          101948 kB
Cached:          1197576 kB
MemTotal:        1844596 kB
MemFree:           70832 kB
MemAvailable:    1351712 kB
Buffers:          101948 kB
Cached:          1197576 kB
MemTotal:        1844596 kB
MemFree:           69356 kB
MemAvailable:    1350320 kB
Buffers:          101948 kB
Cached:          1197576 kB
MemTotal:        1844596 kB
MemFree:           69224 kB
MemAvailable:    1350188 kB
Buffers:          101948 kB
Cached:          1197700 kB
MemTotal:        1844596 kB
MemFree:           70324 kB
MemAvailable:    1351288 kB
Buffers:          101948 kB
Cached:          1197700 kB
MemTotal:        1844596 kB
MemFree:           69848 kB
MemAvailable:    1350812 kB
Buffers:          101948 kB
Cached:          1197700 kB
MemTotal:        1844596 kB
MemFree:           70256 kB
MemAvailable:    1351248 kB
Buffers:          101948 kB
Cached:          1197772 kB
MemTotal:        1844596 kB
MemFree:           70592 kB
MemAvailable:    1351584 kB
Buffers:          101948 kB
Cached:          1197772 kB
MemTotal:        1844596 kB
MemFree:           69280 kB
MemAvailable:    1350272 kB
Buffers:          101948 kB
Cached:          1197772 kB
MemTotal:        1844596 kB
MemFree:           69272 kB
MemAvailable:    1350264 kB
Buffers:          101948 kB
Cached:          1197772 kB
MemTotal:        1844596 kB
MemFree:           70744 kB
MemAvailable:    1351148 kB
Buffers:          101948 kB
Cached:          1197140 kB
MemTotal:        1844596 kB
MemFree:           71080 kB
MemAvailable:    1351484 kB
Buffers:          101948 kB
Cached:          1197140 kB
MemTotal:        1844596 kB
MemFree:          185948 kB
MemAvailable:    1466352 kB
Buffers:          101948 kB
Cached:          1197140 kB
MemTotal:        1844596 kB
MemFree:          224760 kB
MemAvailable:    1505164 kB
Buffers:          101948 kB
Cached:          1197140 kB
MemTotal:        1844596 kB
MemFree:          266052 kB
MemAvailable:    1546516 kB
Buffers:          101948 kB
Cached:          1197124 kB
