MemTotal:        1844596 kB
MemFree:          617164 kB
MemAvailable:    1544324 kB
Buffers:           91140 kB
Cached:           856328 kB
MemTotal:        1844596 kB
MemFree:          590736 kB
MemAvailable:    1517900 kB
Buffers:           91140 kB
Cached:           856332 kB
MemTotal:        1844596 kB
MemFree:          588124 kB
MemAvailable:    1515288 kB
Buffers:           91140 kB
Cached:           856332 kB
MemTotal:        1844596 kB
MemFree:          588796 kB
MemAvailable:    1515960 kB
Buffers:           91140 kB
Cached:           856332 kB
MemTotal:        1844596 kB
MemFree:          586016 kB
MemAvailable:    1513180 kB
Buffers:           91140 kB
Cached:           856332 kB
MemTotal:        1844596 kB
MemFree:          585536 kB
MemAvailable:    1512700 kB
Buffers:           91140 kB
Cached:           856332 kB
MemTotal:        1844596 kB
MemFree:          585652 kB
MemAvailable:    1512816 kB
Buffers:           91140 kB
Cached:           856332 kB
MemTotal:        1844596 kB
MemFree:          582420 kB
MemAvailable:    1509584 kB
Buffers:           91140 kB
Cached:           856332 kB
MemTotal:        1844596 kB
MemFree:          580816 kB
MemAvailable:    1507980 kB
Buffers:           91140 kB
Cached:           856332 kB
MemTotal:        1844596 kB
MemFree:          577964 kB
MemAvailable:    1505128 kB
Buffers:           91140 kB
Cached:           856332 kB
MemTotal:        1844596 kB
MemFree:          574924 kB
MemAvailable:    1502088 kB
Buffers:           91140 kB
Cached:           856332 kB
MemTotal:        1844596 kB
MemFree:          576856 kB
MemAvailable:    1504020 kB
Buffers:           91140 kB
Cached:           856332 kB
MemTotal:        1844596 kB
MemFree:          577592 kB
MemAvailable:    1504756 kB
Buffers:           91140 kB
Cached:           856332 kB
MemTotal:        1844596 kB
MemFree:          577648 kB
MemAvailable:    1504812 kB
Buffers:           91140 kB
Cached:           856332 kB
MemTotal:        1844596 kB
MemFree:          577536 kB
MemAvailable:    1504700 kB
Buffers:           91140 kB
Cached:           856332 kB
MemTotal:        1844596 kB
MemFree:          577288 kB
MemAvailable:    1504452 kB
Buffers:           91140 kB
Cached:           856332 kB
MemTotal:        1844596 kB
MemFree:          576040 kB
MemAvailable:    1503204 kB
Buffers:           91140 kB
Cached:           856332 kB
MemTotal:        1844596 kB
MemFree:          577156 kB
MemAvailable:    1504320 kB
Buffers:           91140 kB
Cached:           856332 kB
MemTotal:        1844596 kB
MemFree:          577068 kB
MemAvailable:    1504232 kB
Buffers:           91140 kB
Cached:           856332 kB
MemTotal:        1844596 kB
MemFree:          575660 kB
MemAvailable:    1502824 kB
Buffers:           91140 kB
Cached:           856332 kB
MemTotal:        1844596 kB
MemFree:          576768 kB
MemAvailable:    1503932 kB
Buffers:           91140 kB
Cached:           856332 kB
MemTotal:        1844596 kB
MemFree:          576732 kB
MemAvailable:    1503896 kB
Buffers:           91140 kB
Cached:           856332 kB
MemTotal:        1844596 kB
MemFree:          575352 kB
MemAvailable:    1502516 kB
Buffers:           91140 kB
Cached:           856332 kB
MemTotal:        1844596 kB
MemFree:          575228 kB
MemAvailable:    1502392 kB
Buffers:           91140 kB
Cached:           856332 kB
MemTotal:        1844596 kB
MemFree:          575832 kB
MemAvailable:    1502996 kB
Buffers:           91140 kB
Cached:           856332 kB
MemTotal:        1844596 kB
MemFree:          575236 kB
MemAvailable:    1502400 kB
Buffers:           91140 kB
Cached:           856332 kB
MemTotal:        1844596 kB
MemFree:          575860 kB
MemAvailable:    1503024 kB
Buffers:           91140 kB
Cached:           856332 kB
MemTotal:        1844596 kB
MemFree:          574684 kB
MemAvailable:    1501848 kB
Buffers:           91140 kB
Cached:           856332 kB
MemTotal:        1844596 kB
MemFree:          575916 kB
MemAvailable:    1503080 kB
Buffers:           91140 kB
Cached:           856332 kB
MemTotal:        1844596 kB
MemFree:          574732 kB
MemAvailable:    1501896 kB
Buffers:           91140 kB
Cached:           856332 kB
MemTotal:        1844596 kB
MemFree:          574500 kB
MemAvailable:    1501664 kB
Buffers:           91140 kB
Cached:           856332 kB
MemTotal:        1844596 kB
MemFree:          574420 kB
MemAvailable:    1501584 kB
Buffers:           91140 kB
Cached:           856332 kB
MemTotal:        1844596 kB
MemFree:          574344 kB
MemAvailable:    1501508 kB
Buffers:           91140 kB
Cached:           856332 kB
MemTotal:        1844596 kB
MemFree:          574244 kB
MemAvailable:    1501408 kB
Buffers:           91140 kB
Cached:           856332 kB
MemTotal:        1844596 kB
MemFree:          574312 kB
MemAvailable:    1501476 kB
Buffers:           91140 kB
Cached:           856332 kB
MemTotal:        1844596 kB
MemFree:          573196 kB
MemAvailable:    1500360 kB
Buffers:           91140 kB
Cached:           856332 kB
MemTotal:        1844596 kB
MemFree:          574340 kB
MemAvailable:    1501504 kB
Buffers:           91140 kB
Cached:           856332 kB
MemTotal:        1844596 kB
MemFree:          574592 kB
MemAvailable:    1501756 kB
Buffers:           91140 kB
Cached:           856332 kB
MemTotal:        1844596 kB
MemFree:          574480 kB
MemAvailable:    1501644 kB
Buffers:           91140 kB
Cached:           856332 kB
MemTotal:        1844596 kB
MemFree:          574620 kB
MemAvailable:    1501784 kB
Buffers:           91140 kB
Cached:           856332 kB
MemTotal:        1844596 kB
MemFree:          573572 kB
MemAvailable:    1500736 kB
Buffers:           91140 kB
Cached:           856332 kB
MemTotal:        1844596 kB
MemFree:          568168 kB
MemAvailable:    1495332 kB
Buffers:           91140 kB
Cached:           856332 kB
MemTotal:        1844596 kB
MemFree:          568540 kB
MemAvailable:    1495704 kB
Buffers:           91140 kB
Cached:           856332 kB
MemTotal:        1844596 kB
MemFree:          567912 kB
MemAvailable:    1495076 kB
Buffers:           91140 kB
Cached:           856332 kB
MemTotal:        1844596 kB
MemFree:          568276 kB
MemAvailable:    1495444 kB
Buffers:           91140 kB
Cached:           856336 kB
MemTotal:        1844596 kB
MemFree:          567400 kB
MemAvailable:    1494568 kB
Buffers:           91140 kB
Cached:           856336 kB
MemTotal:        1844596 kB
MemFree:          568704 kB
MemAvailable:    1495872 kB
Buffers:           91140 kB
Cached:           856336 kB
MemTotal:        1844596 kB
MemFree:          567612 kB
MemAvailable:    1494780 kB
Buffers:           91140 kB
Cached:           856336 kB
MemTotal:        1844596 kB
MemFree:          567480 kB
MemAvailable:    1494648 kB
Buffers:           91140 kB
Cached:           856336 kB
MemTotal:        1844596 kB
MemFree:          567348 kB
MemAvailable:    1494516 kB
Buffers:           91140 kB
Cached:           856336 kB
MemTotal:        1844596 kB
MemFree:          568648 kB
MemAvailable:    1495816 kB
Buffers:           91140 kB
Cached:           856336 kB
MemTotal:        1844596 kB
MemFree:          567928 kB
MemAvailable:    1495096 kB
Buffers:           91140 kB
Cached:           856336 kB
MemTotal:        1844596 kB
MemFree:          567424 kB
MemAvailable:    1494592 kB
Buffers:           91140 kB
Cached:           856336 kB
MemTotal:        1844596 kB
MemFree:          568524 kB
MemAvailable:    1495692 kB
Buffers:           91140 kB
Cached:           856336 kB
MemTotal:        1844596 kB
MemFree:          568664 kB
MemAvailable:    1495832 kB
Buffers:           91140 kB
Cached:           856336 kB
MemTotal:        1844596 kB
MemFree:          568452 kB
MemAvailable:    1495620 kB
Buffers:           91140 kB
Cached:           856336 kB
MemTotal:        1844596 kB
MemFree:          565316 kB
MemAvailable:    1492484 kB
Buffers:           91140 kB
Cached:           856336 kB
MemTotal:        1844596 kB
MemFree:          562836 kB
MemAvailable:    1490004 kB
Buffers:           91140 kB
Cached:           856336 kB
MemTotal:        1844596 kB
MemFree:          562828 kB
MemAvailable:    1489996 kB
Buffers:           91140 kB
Cached:           856336 kB
MemTotal:        1844596 kB
MemFree:          562044 kB
MemAvailable:    1489212 kB
Buffers:           91140 kB
Cached:           856336 kB
MemTotal:        1844596 kB
MemFree:          562100 kB
MemAvailable:    1489268 kB
Buffers:           91140 kB
Cached:           856336 kB
MemTotal:        1844596 kB
MemFree:          560852 kB
MemAvailable:    1488020 kB
Buffers:           91140 kB
Cached:           856336 kB
MemTotal:        1844596 kB
MemFree:          560092 kB
MemAvailable:    1487260 kB
Buffers:           91140 kB
Cached:           856336 kB
MemTotal:        1844596 kB
MemFree:          559984 kB
MemAvailable:    1487152 kB
Buffers:           91140 kB
Cached:           856336 kB
MemTotal:        1844596 kB
MemFree:          559928 kB
MemAvailable:    1487096 kB
Buffers:           91140 kB
Cached:           856336 kB
MemTotal:        1844596 kB
MemFree:          560152 kB
MemAvailable:    1487320 kB
Buffers:           91140 kB
Cached:           856336 kB
MemTotal:        1844596 kB
MemFree:          560012 kB
MemAvailable:    1487180 kB
Buffers:           91140 kB
Cached:           856336 kB
MemTotal:        1844596 kB
MemFree:          559780 kB
MemAvailable:    1486948 kB
Buffers:           91140 kB
Cached:           856336 kB
MemTotal:        1844596 kB
MemFree:          559780 kB
MemAvailable:    1486948 kB
Buffers:           91140 kB
Cached:           856336 kB
MemTotal:        1844596 kB
MemFree:          558572 kB
MemAvailable:    1485740 kB
Buffers:           91140 kB
Cached:           856336 kB
MemTotal:        1844596 kB
MemFree:          558572 kB
MemAvailable:    1485740 kB
Buffers:           91140 kB
Cached:           856336 kB
MemTotal:        1844596 kB
MemFree:          559872 kB
MemAvailable:    1487040 kB
Buffers:           91140 kB
Cached:           856336 kB
MemTotal:        1844596 kB
MemFree:          559800 kB
MemAvailable:    1486968 kB
Buffers:           91140 kB
Cached:           856336 kB
MemTotal:        1844596 kB
MemFree:          559372 kB
MemAvailable:    1486540 kB
Buffers:           91140 kB
Cached:           856336 kB
MemTotal:        1844596 kB
MemFree:          559740 kB
MemAvailable:    1486908 kB
Buffers:           91140 kB
Cached:           856336 kB
MemTotal:        1844596 kB
MemFree:          559116 kB
MemAvailable:    1486284 kB
Buffers:           91140 kB
Cached:           856336 kB
MemTotal:        1844596 kB
MemFree:          559616 kB
MemAvailable:    1486784 kB
Buffers:           91140 kB
Cached:           856336 kB
MemTotal:        1844596 kB
MemFree:          559484 kB
MemAvailable:    1486652 kB
Buffers:           91140 kB
Cached:           856336 kB
MemTotal:        1844596 kB
MemFree:          558752 kB
MemAvailable:    1485920 kB
Buffers:           91140 kB
Cached:           856336 kB
MemTotal:        1844596 kB
MemFree:          559508 kB
MemAvailable:    1486676 kB
Buffers:           91140 kB
Cached:           856336 kB
MemTotal:        1844596 kB
MemFree:          558324 kB
MemAvailable:    1485492 kB
Buffers:           91140 kB
Cached:           856336 kB
MemTotal:        1844596 kB
MemFree:          559672 kB
MemAvailable:    1486840 kB
Buffers:           91140 kB
Cached:           856336 kB
MemTotal:        1844596 kB
MemFree:          559732 kB
MemAvailable:    1486900 kB
Buffers:           91140 kB
Cached:           856336 kB
MemTotal:        1844596 kB
MemFree:          558112 kB
MemAvailable:    1485280 kB
Buffers:           91140 kB
Cached:           856336 kB
MemTotal:        1844596 kB
MemFree:          556008 kB
MemAvailable:    1483176 kB
Buffers:           91140 kB
Cached:           856336 kB
MemTotal:        1844596 kB
MemFree:          554136 kB
MemAvailable:    1481304 kB
Buffers:           91140 kB
Cached:           856336 kB
MemTotal:        1844596 kB
MemFree:          552412 kB
MemAvailable:    1479580 kB
Buffers:           91140 kB
Cached:           856336 kB
MemTotal:        1844596 kB
MemFree:          550056 kB
MemAvailable:    1477224 kB
Buffers:           91140 kB
Cached:           856336 kB
MemTotal:        1844596 kB
MemFree:          551260 kB
MemAvailable:    1478428 kB
Buffers:           91140 kB
Cached:           856336 kB
MemTotal:        1844596 kB
MemFree:          551224 kB
MemAvailable:    1478392 kB
Buffers:           91140 kB
Cached:           856336 kB
MemTotal:        1844596 kB
MemFree:          549816 kB
MemAvailable:    1476984 kB
Buffers:           91140 kB
Cached:           856336 kB
MemTotal:        1844596 kB
MemFree:          549684 kB
MemAvailable:    1476852 kB
Buffers:           91140 kB
Cached:           856336 kB
MemTotal:        1844596 kB
MemFree:          550884 kB
MemAvailable:    1478052 kB
Buffers:           91140 kB
Cached:           856336 kB
MemTotal:        1844596 kB
MemFree:          550740 kB
MemAvailable:    1477908 kB
Buffers:           91140 kB
Cached:           856336 kB
MemTotal:        1844596 kB
MemFree:          550992 kB
MemAvailable:    1478160 kB
Buffers:           91140 kB
Cached:           856336 kB
MemTotal:        1844596 kB
MemFree:          549380 kB
MemAvailable:    1476548 kB
Buffers:           91140 kB
Cached:           856336 kB
MemTotal:        1844596 kB
MemFree:          549512 kB
MemAvailable:    1476680 kB
Buffers:           91140 kB
Cached:           856336 kB
MemTotal:        1844596 kB
MemFree:          550812 kB
MemAvailable:    1477980 kB
Buffers:           91140 kB
Cached:           856336 kB
MemTotal:        1844596 kB
MemFree:          549932 kB
MemAvailable:    1477100 kB
Buffers:           91140 kB
Cached:           856336 kB
MemTotal:        1844596 kB
MemFree:          550588 kB
MemAvailable:    1477760 kB
Buffers:           91140 kB
Cached:           856340 kB
MemTotal:        1844596 kB
MemFree:          550924 kB
MemAvailable:    1478096 kB
Buffers:           91140 kB
Cached:           856340 kB
MemTotal:        1844596 kB
MemFree:          549636 kB
MemAvailable:    1476808 kB
Buffers:           91140 kB
Cached:           856340 kB
MemTotal:        1844596 kB
MemFree:          549512 kB
MemAvailable:    1476684 kB
Buffers:           91140 kB
Cached:           856340 kB
MemTotal:        1844596 kB
MemFree:          549636 kB
MemAvailable:    1476808 kB
Buffers:           91140 kB
Cached:           856340 kB
MemTotal:        1844596 kB
MemFree:          550872 kB
MemAvailable:    1478044 kB
Buffers:           91140 kB
Cached:           856340 kB
MemTotal:        1844596 kB
MemFree:          549940 kB
MemAvailable:    1477112 kB
Buffers:           91140 kB
Cached:           856340 kB
MemTotal:        1844596 kB
MemFree:          550504 kB
MemAvailable:    1477676 kB
Buffers:           91140 kB
Cached:           856340 kB
MemTotal:        1844596 kB
MemFree:          549272 kB
MemAvailable:    1476444 kB
Buffers:           91140 kB
Cached:           856340 kB
MemTotal:        1844596 kB
MemFree:          550704 kB
MemAvailable:    1477876 kB
Buffers:           91140 kB
Cached:           856340 kB
MemTotal:        1844596 kB
MemFree:          550744 kB
MemAvailable:    1477916 kB
Buffers:           91140 kB
Cached:           856340 kB
MemTotal:        1844596 kB
MemFree:          550064 kB
MemAvailable:    1477236 kB
Buffers:           91140 kB
Cached:           856340 kB
MemTotal:        1844596 kB
MemFree:          550628 kB
MemAvailable:    1477804 kB
Buffers:           91140 kB
Cached:           856344 kB
MemTotal:        1844596 kB
MemFree:          550964 kB
MemAvailable:    1478140 kB
Buffers:           91140 kB
Cached:           856344 kB
MemTotal:        1844596 kB
MemFree:          550760 kB
MemAvailable:    1477936 kB
Buffers:           91140 kB
Cached:           856344 kB
MemTotal:        1844596 kB
MemFree:          550692 kB
MemAvailable:    1477868 kB
Buffers:           91140 kB
Cached:           856344 kB
MemTotal:        1844596 kB
MemFree:          550760 kB
MemAvailable:    1477936 kB
Buffers:           91140 kB
Cached:           856344 kB
MemTotal:        1844596 kB
MemFree:          549520 kB
MemAvailable:    1476696 kB
Buffers:           91140 kB
Cached:           856344 kB
MemTotal:        1844596 kB
MemFree:          550884 kB
MemAvailable:    1478060 kB
Buffers:           91140 kB
Cached:           856344 kB
MemTotal:        1844596 kB
MemFree:          550976 kB
MemAvailable:    1478152 kB
Buffers:           91140 kB
Cached:           856344 kB
MemTotal:        1844596 kB
MemFree:          550912 kB
MemAvailable:    1478092 kB
Buffers:           91140 kB
Cached:           856348 kB
MemTotal:        1844596 kB
MemFree:          550760 kB
MemAvailable:    1477940 kB
Buffers:           91140 kB
Cached:           856348 kB
MemTotal:        1844596 kB
MemFree:          551012 kB
MemAvailable:    1478192 kB
Buffers:           91140 kB
Cached:           856348 kB
MemTotal:        1844596 kB
MemFree:          550056 kB
MemAvailable:    1477236 kB
Buffers:           91140 kB
Cached:           856348 kB
MemTotal:        1844596 kB
MemFree:          547460 kB
MemAvailable:    1474640 kB
Buffers:           91140 kB
Cached:           856348 kB
MemTotal:        1844596 kB
MemFree:          543368 kB
MemAvailable:    1470548 kB
Buffers:           91140 kB
Cached:           856348 kB
MemTotal:        1844596 kB
MemFree:          540508 kB
MemAvailable:    1467688 kB
Buffers:           91140 kB
Cached:           856348 kB
MemTotal:        1844596 kB
MemFree:          540400 kB
MemAvailable:    1467580 kB
Buffers:           91140 kB
Cached:           856348 kB
MemTotal:        1844596 kB
MemFree:          540188 kB
MemAvailable:    1467368 kB
Buffers:           91140 kB
Cached:           856348 kB
MemTotal:        1844596 kB
MemFree:          540212 kB
MemAvailable:    1467392 kB
Buffers:           91140 kB
Cached:           856348 kB
MemTotal:        1844596 kB
MemFree:          540120 kB
MemAvailable:    1467300 kB
Buffers:           91140 kB
Cached:           856348 kB
MemTotal:        1844596 kB
MemFree:          539852 kB
MemAvailable:    1467032 kB
Buffers:           91140 kB
Cached:           856348 kB
MemTotal:        1844596 kB
MemFree:          540104 kB
MemAvailable:    1467284 kB
Buffers:           91140 kB
Cached:           856348 kB
MemTotal:        1844596 kB
MemFree:          538760 kB
MemAvailable:    1465940 kB
Buffers:           91140 kB
Cached:           856348 kB
MemTotal:        1844596 kB
MemFree:          540000 kB
MemAvailable:    1467180 kB
Buffers:           91140 kB
Cached:           856348 kB
MemTotal:        1844596 kB
MemFree:          539152 kB
MemAvailable:    1466332 kB
Buffers:           91140 kB
Cached:           856348 kB
MemTotal:        1844596 kB
MemFree:          539828 kB
MemAvailable:    1467008 kB
Buffers:           91140 kB
Cached:           856348 kB
MemTotal:        1844596 kB
MemFree:          539896 kB
MemAvailable:    1467076 kB
Buffers:           91140 kB
Cached:           856348 kB
MemTotal:        1844596 kB
MemFree:          538724 kB
MemAvailable:    1465904 kB
Buffers:           91140 kB
Cached:           856348 kB
MemTotal:        1844596 kB
MemFree:          538892 kB
MemAvailable:    1466072 kB
Buffers:           91140 kB
Cached:           856348 kB
MemTotal:        1844596 kB
MemFree:          538712 kB
MemAvailable:    1465892 kB
Buffers:           91140 kB
Cached:           856348 kB
MemTotal:        1844596 kB
MemFree:          538836 kB
MemAvailable:    1466016 kB
Buffers:           91140 kB
Cached:           856348 kB
MemTotal:        1844596 kB
MemFree:          538588 kB
MemAvailable:    1465768 kB
Buffers:           91140 kB
Cached:           856348 kB
MemTotal:        1844596 kB
MemFree:          539864 kB
MemAvailable:    1467044 kB
Buffers:           91140 kB
Cached:           856348 kB
MemTotal:        1844596 kB
MemFree:          539864 kB
MemAvailable:    1467044 kB
Buffers:           91140 kB
Cached:           856348 kB
MemTotal:        1844596 kB
MemFree:          539848 kB
MemAvailable:    1467028 kB
Buffers:           91140 kB
Cached:           856348 kB
MemTotal:        1844596 kB
MemFree:          538588 kB
MemAvailable:    1465768 kB
Buffers:           91140 kB
Cached:           856348 kB
MemTotal:        1844596 kB
MemFree:          539932 kB
MemAvailable:    1467112 kB
Buffers:           91140 kB
Cached:           856348 kB
MemTotal:        1844596 kB
MemFree:          539872 kB
MemAvailable:    1467052 kB
Buffers:           91140 kB
Cached:           856348 kB
MemTotal:        1844596 kB
MemFree:          539892 kB
MemAvailable:    1467072 kB
Buffers:           91140 kB
Cached:           856348 kB
MemTotal:        1844596 kB
MemFree:          539992 kB
MemAvailable:    1467172 kB
Buffers:           91140 kB
Cached:           856348 kB
MemTotal:        1844596 kB
MemFree:          538620 kB
MemAvailable:    1465800 kB
Buffers:           91140 kB
Cached:           856348 kB
MemTotal:        1844596 kB
MemFree:          538620 kB
MemAvailable:    1465800 kB
Buffers:           91140 kB
Cached:           856348 kB
MemTotal:        1844596 kB
MemFree:          538744 kB
MemAvailable:    1465924 kB
Buffers:           91140 kB
Cached:           856348 kB
MemTotal:        1844596 kB
MemFree:          540112 kB
MemAvailable:    1467292 kB
Buffers:           91140 kB
Cached:           856348 kB
MemTotal:        1844596 kB
MemFree:          539144 kB
MemAvailable:    1466324 kB
Buffers:           91140 kB
Cached:           856348 kB
MemTotal:        1844596 kB
MemFree:          539848 kB
MemAvailable:    1467028 kB
Buffers:           91140 kB
Cached:           856348 kB
MemTotal:        1844596 kB
MemFree:          540104 kB
MemAvailable:    1467284 kB
Buffers:           91140 kB
Cached:           856348 kB
MemTotal:        1844596 kB
MemFree:          539756 kB
MemAvailable:    1466936 kB
Buffers:           91140 kB
Cached:           856348 kB
MemTotal:        1844596 kB
MemFree:          540092 kB
MemAvailable:    1467272 kB
Buffers:           91140 kB
Cached:           856348 kB
MemTotal:        1844596 kB
MemFree:          538636 kB
MemAvailable:    1465816 kB
Buffers:           91140 kB
Cached:           856348 kB
MemTotal:        1844596 kB
MemFree:          540008 kB
MemAvailable:    1467188 kB
Buffers:           91140 kB
Cached:           856348 kB
MemTotal:        1844596 kB
MemFree:          538760 kB
MemAvailable:    1465940 kB
Buffers:           91140 kB
Cached:           856348 kB
MemTotal:        1844596 kB
MemFree:          539876 kB
MemAvailable:    1467056 kB
Buffers:           91140 kB
Cached:           856348 kB
MemTotal:        1844596 kB
MemFree:          539936 kB
MemAvailable:    1467116 kB
Buffers:           91140 kB
Cached:           856348 kB
MemTotal:        1844596 kB
MemFree:          538876 kB
MemAvailable:    1466056 kB
Buffers:           91140 kB
Cached:           856348 kB
MemTotal:        1844596 kB
MemFree:          538628 kB
MemAvailable:    1465808 kB
Buffers:           91140 kB
Cached:           856348 kB
MemTotal:        1844596 kB
MemFree:          538712 kB
MemAvailable:    1465892 kB
Buffers:           91140 kB
Cached:           856348 kB
MemTotal:        1844596 kB
MemFree:          539936 kB
MemAvailable:    1467116 kB
Buffers:           91140 kB
Cached:           856348 kB
MemTotal:        1844596 kB
MemFree:          539808 kB
MemAvailable:    1466988 kB
Buffers:           91140 kB
Cached:           856348 kB
MemTotal:        1844596 kB
MemFree:          539976 kB
MemAvailable:    1467156 kB
Buffers:           91140 kB
Cached:           856348 kB
MemTotal:        1844596 kB
MemFree:          539896 kB
MemAvailable:    1467076 kB
Buffers:           91140 kB
Cached:           856348 kB
MemTotal:        1844596 kB
MemFree:          539500 kB
MemAvailable:    1466680 kB
Buffers:           91140 kB
Cached:           856348 kB
MemTotal:        1844596 kB
MemFree:          539836 kB
MemAvailable:    1467016 kB
Buffers:           91140 kB
Cached:           856348 kB
MemTotal:        1844596 kB
MemFree:          539152 kB
MemAvailable:    1466332 kB
Buffers:           91140 kB
Cached:           856348 kB
MemTotal:        1844596 kB
MemFree:          537904 kB
MemAvailable:    1465084 kB
Buffers:           91140 kB
Cached:           856348 kB
MemTotal:        1844596 kB
MemFree:          537780 kB
MemAvailable:    1464960 kB
Buffers:           91140 kB
Cached:           856348 kB
MemTotal:        1844596 kB
MemFree:          539216 kB
MemAvailable:    1466396 kB
Buffers:           91140 kB
Cached:           856348 kB
MemTotal:        1844596 kB
MemFree:          539216 kB
MemAvailable:    1466396 kB
Buffers:           91140 kB
Cached:           856348 kB
MemTotal:        1844596 kB
MemFree:          538640 kB
MemAvailable:    1465820 kB
Buffers:           91140 kB
Cached:           856348 kB
MemTotal:        1844596 kB
MemFree:          537796 kB
MemAvailable:    1464976 kB
Buffers:           91140 kB
Cached:           856348 kB
MemTotal:        1844596 kB
MemFree:          537368 kB
MemAvailable:    1464548 kB
Buffers:           91140 kB
Cached:           856348 kB
MemTotal:        1844596 kB
MemFree:          537368 kB
MemAvailable:    1464548 kB
Buffers:           91140 kB
Cached:           856348 kB
MemTotal:        1844596 kB
MemFree:          537404 kB
MemAvailable:    1464584 kB
Buffers:           91140 kB
Cached:           856348 kB
MemTotal:        1844596 kB
MemFree:          537404 kB
MemAvailable:    1464584 kB
Buffers:           91140 kB
Cached:           856348 kB
MemTotal:        1844596 kB
MemFree:          538628 kB
MemAvailable:    1465808 kB
Buffers:           91140 kB
Cached:           856348 kB
MemTotal:        1844596 kB
MemFree:          538440 kB
MemAvailable:    1465620 kB
Buffers:           91140 kB
Cached:           856348 kB
MemTotal:        1844596 kB
MemFree:          537388 kB
MemAvailable:    1464568 kB
Buffers:           91140 kB
Cached:           856348 kB
MemTotal:        1844596 kB
MemFree:          537168 kB
MemAvailable:    1464352 kB
Buffers:           91140 kB
Cached:           856352 kB
MemTotal:        1844596 kB
MemFree:          538360 kB
MemAvailable:    1465544 kB
Buffers:           91140 kB
Cached:           856352 kB
MemTotal:        1844596 kB
MemFree:          538416 kB
MemAvailable:    1465600 kB
Buffers:           91140 kB
Cached:           856352 kB
MemTotal:        1844596 kB
MemFree:          538296 kB
MemAvailable:    1465484 kB
Buffers:           91140 kB
Cached:           856356 kB
MemTotal:        1844596 kB
MemFree:          536904 kB
MemAvailable:    1464092 kB
Buffers:           91140 kB
Cached:           856356 kB
MemTotal:        1844596 kB
MemFree:          538476 kB
MemAvailable:    1465664 kB
Buffers:           91140 kB
Cached:           856356 kB
MemTotal:        1844596 kB
MemFree:          536664 kB
MemAvailable:    1463852 kB
Buffers:           91140 kB
Cached:           856356 kB
MemTotal:        1844596 kB
MemFree:          536920 kB
MemAvailable:    1464108 kB
Buffers:           91140 kB
Cached:           856356 kB
MemTotal:        1844596 kB
MemFree:          537128 kB
MemAvailable:    1464316 kB
Buffers:           91140 kB
Cached:           856356 kB
MemTotal:        1844596 kB
MemFree:          537128 kB
MemAvailable:    1464316 kB
Buffers:           91140 kB
Cached:           856356 kB
MemTotal:        1844596 kB
MemFree:          535920 kB
MemAvailable:    1463108 kB
Buffers:           91140 kB
Cached:           856356 kB
MemTotal:        1844596 kB
MemFree:          535688 kB
MemAvailable:    1462876 kB
Buffers:           91140 kB
Cached:           856356 kB
MemTotal:        1844596 kB
MemFree:          530844 kB
MemAvailable:    1458032 kB
Buffers:           91140 kB
Cached:           856356 kB
MemTotal:        1844596 kB
MemFree:          527488 kB
MemAvailable:    1454676 kB
Buffers:           91140 kB
Cached:           856356 kB
MemTotal:        1844596 kB
MemFree:          527008 kB
MemAvailable:    1454196 kB
Buffers:           91140 kB
Cached:           856356 kB
MemTotal:        1844596 kB
MemFree:          527168 kB
MemAvailable:    1454356 kB
Buffers:           91140 kB
Cached:           856356 kB
MemTotal:        1844596 kB
MemFree:          526936 kB
MemAvailable:    1454124 kB
Buffers:           91140 kB
Cached:           856356 kB
MemTotal:        1844596 kB
MemFree:          526804 kB
MemAvailable:    1453992 kB
Buffers:           91140 kB
Cached:           856356 kB
MemTotal:        1844596 kB
MemFree:          525240 kB
MemAvailable:    1452428 kB
Buffers:           91140 kB
Cached:           856356 kB
MemTotal:        1844596 kB
MemFree:          526256 kB
MemAvailable:    1453444 kB
Buffers:           91140 kB
Cached:           856356 kB
MemTotal:        1844596 kB
MemFree:          524892 kB
MemAvailable:    1452080 kB
Buffers:           91140 kB
Cached:           856356 kB
MemTotal:        1844596 kB
MemFree:          523860 kB
MemAvailable:    1451048 kB
Buffers:           91140 kB
Cached:           856356 kB
MemTotal:        1844596 kB
MemFree:          524704 kB
MemAvailable:    1451892 kB
Buffers:           91140 kB
Cached:           856356 kB
MemTotal:        1844596 kB
MemFree:          523900 kB
MemAvailable:    1451088 kB
Buffers:           91140 kB
Cached:           856356 kB
MemTotal:        1844596 kB
MemFree:          522784 kB
MemAvailable:    1449972 kB
Buffers:           91140 kB
Cached:           856356 kB
MemTotal:        1844596 kB
MemFree:          523404 kB
MemAvailable:    1450592 kB
Buffers:           91140 kB
Cached:           856356 kB
MemTotal:        1844596 kB
MemFree:          521900 kB
MemAvailable:    1449088 kB
Buffers:           91140 kB
Cached:           856356 kB
MemTotal:        1844596 kB
MemFree:          523208 kB
MemAvailable:    1450396 kB
Buffers:           91140 kB
Cached:           856356 kB
MemTotal:        1844596 kB
MemFree:          521776 kB
MemAvailable:    1448964 kB
Buffers:           91140 kB
Cached:           856356 kB
MemTotal:        1844596 kB
MemFree:          523160 kB
MemAvailable:    1450348 kB
Buffers:           91140 kB
Cached:           856356 kB
MemTotal:        1844596 kB
MemFree:          523196 kB
MemAvailable:    1450384 kB
Buffers:           91140 kB
Cached:           856356 kB
MemTotal:        1844596 kB
MemFree:          522016 kB
MemAvailable:    1449204 kB
Buffers:           91140 kB
Cached:           856356 kB
MemTotal:        1844596 kB
MemFree:          523076 kB
MemAvailable:    1450264 kB
Buffers:           91140 kB
Cached:           856356 kB
MemTotal:        1844596 kB
MemFree:          523156 kB
MemAvailable:    1450344 kB
Buffers:           91140 kB
Cached:           856356 kB
MemTotal:        1844596 kB
MemFree:          521904 kB
MemAvailable:    1449092 kB
Buffers:           91140 kB
Cached:           856356 kB
MemTotal:        1844596 kB
MemFree:          522644 kB
MemAvailable:    1449832 kB
Buffers:           91140 kB
Cached:           856356 kB
MemTotal:        1844596 kB
MemFree:          522112 kB
MemAvailable:    1449300 kB
Buffers:           91140 kB
Cached:           856356 kB
MemTotal:        1844596 kB
MemFree:          522948 kB
MemAvailable:    1450136 kB
Buffers:           91140 kB
Cached:           856356 kB
MemTotal:        1844596 kB
MemFree:          522900 kB
MemAvailable:    1450088 kB
Buffers:           91140 kB
Cached:           856356 kB
MemTotal:        1844596 kB
MemFree:          522720 kB
MemAvailable:    1449908 kB
Buffers:           91140 kB
Cached:           856356 kB
MemTotal:        1844596 kB
MemFree:          521288 kB
MemAvailable:    1448476 kB
Buffers:           91140 kB
Cached:           856356 kB
MemTotal:        1844596 kB
MemFree:          521668 kB
MemAvailable:    1448856 kB
Buffers:           91140 kB
Cached:           856356 kB
MemTotal:        1844596 kB
MemFree:          520180 kB
MemAvailable:    1447368 kB
Buffers:           91140 kB
Cached:           856356 kB
MemTotal:        1844596 kB
MemFree:          521164 kB
MemAvailable:    1448352 kB
Buffers:           91140 kB
Cached:           856356 kB
MemTotal:        1844596 kB
MemFree:          520560 kB
MemAvailable:    1447748 kB
Buffers:           91140 kB
Cached:           856356 kB
MemTotal:        1844596 kB
MemFree:          521060 kB
MemAvailable:    1448248 kB
Buffers:           91140 kB
Cached:           856356 kB
MemTotal:        1844596 kB
MemFree:          520676 kB
MemAvailable:    1447864 kB
Buffers:           91140 kB
Cached:           856356 kB
MemTotal:        1844596 kB
MemFree:          519180 kB
MemAvailable:    1446368 kB
Buffers:           91140 kB
Cached:           856356 kB
MemTotal:        1844596 kB
MemFree:          519728 kB
MemAvailable:    1446916 kB
Buffers:           91140 kB
Cached:           856356 kB
MemTotal:        1844596 kB
MemFree:          518700 kB
MemAvailable:    1445888 kB
Buffers:           91140 kB
Cached:           856356 kB
MemTotal:        1844596 kB
MemFree:          519372 kB
MemAvailable:    1446560 kB
Buffers:           91140 kB
Cached:           856356 kB
MemTotal:        1844596 kB
MemFree:          519708 kB
MemAvailable:    1446896 kB
Buffers:           91140 kB
Cached:           856356 kB
MemTotal:        1844596 kB
MemFree:          518072 kB
MemAvailable:    1445260 kB
Buffers:           91140 kB
Cached:           856356 kB
MemTotal:        1844596 kB
MemFree:          518320 kB
MemAvailable:    1445508 kB
Buffers:           91140 kB
Cached:           856356 kB
MemTotal:        1844596 kB
MemFree:          518072 kB
MemAvailable:    1445260 kB
Buffers:           91140 kB
Cached:           856356 kB
MemTotal:        1844596 kB
MemFree:          518064 kB
MemAvailable:    1445252 kB
Buffers:           91140 kB
Cached:           856356 kB
MemTotal:        1844596 kB
MemFree:          517940 kB
MemAvailable:    1445128 kB
Buffers:           91140 kB
Cached:           856356 kB
MemTotal:        1844596 kB
MemFree:          519048 kB
MemAvailable:    1446236 kB
Buffers:           91140 kB
Cached:           856356 kB
MemTotal:        1844596 kB
MemFree:          519132 kB
MemAvailable:    1446320 kB
Buffers:           91140 kB
Cached:           856356 kB
MemTotal:        1844596 kB
MemFree:          517652 kB
MemAvailable:    1444840 kB
Buffers:           91140 kB
Cached:           856356 kB
MemTotal:        1844596 kB
MemFree:          518944 kB
MemAvailable:    1446132 kB
Buffers:           91140 kB
Cached:           856356 kB
MemTotal:        1844596 kB
MemFree:          518060 kB
MemAvailable:    1445248 kB
Buffers:           91140 kB
Cached:           856356 kB
MemTotal:        1844596 kB
MemFree:          518060 kB
MemAvailable:    1445248 kB
Buffers:           91140 kB
Cached:           856356 kB
MemTotal:        1844596 kB
MemFree:          519052 kB
MemAvailable:    1446240 kB
Buffers:           91140 kB
Cached:           856356 kB
MemTotal:        1844596 kB
MemFree:          519176 kB
MemAvailable:    1446364 kB
Buffers:           91140 kB
Cached:           856356 kB
MemTotal:        1844596 kB
MemFree:          518788 kB
MemAvailable:    1445976 kB
Buffers:           91140 kB
Cached:           856356 kB
MemTotal:        1844596 kB
MemFree:          518740 kB
MemAvailable:    1445928 kB
Buffers:           91140 kB
Cached:           856356 kB
MemTotal:        1844596 kB
MemFree:          518824 kB
MemAvailable:    1446012 kB
Buffers:           91140 kB
Cached:           856356 kB
MemTotal:        1844596 kB
MemFree:          518704 kB
MemAvailable:    1445892 kB
Buffers:           91140 kB
Cached:           856356 kB
MemTotal:        1844596 kB
MemFree:          518676 kB
MemAvailable:    1445864 kB
Buffers:           91140 kB
Cached:           856356 kB
MemTotal:        1844596 kB
MemFree:          518928 kB
MemAvailable:    1446116 kB
Buffers:           91140 kB
Cached:           856356 kB
MemTotal:        1844596 kB
MemFree:          517396 kB
MemAvailable:    1444584 kB
Buffers:           91140 kB
Cached:           856356 kB
MemTotal:        1844596 kB
MemFree:          518928 kB
MemAvailable:    1446116 kB
Buffers:           91140 kB
Cached:           856356 kB
MemTotal:        1844596 kB
MemFree:          517948 kB
MemAvailable:    1445136 kB
Buffers:           91140 kB
Cached:           856356 kB
MemTotal:        1844596 kB
MemFree:          517544 kB
MemAvailable:    1444740 kB
Buffers:           91140 kB
Cached:           856364 kB
MemTotal:        1844596 kB
MemFree:          517536 kB
MemAvailable:    1444732 kB
Buffers:           91140 kB
Cached:           856364 kB
MemTotal:        1844596 kB
MemFree:          518844 kB
MemAvailable:    1446040 kB
Buffers:           91140 kB
Cached:           856364 kB
MemTotal:        1844596 kB
MemFree:          518712 kB
MemAvailable:    1445908 kB
Buffers:           91140 kB
Cached:           856364 kB
MemTotal:        1844596 kB
MemFree:          516468 kB
MemAvailable:    1443664 kB
Buffers:           91140 kB
Cached:           856364 kB
MemTotal:        1844596 kB
MemFree:          517512 kB
MemAvailable:    1444708 kB
Buffers:           91140 kB
Cached:           856364 kB
MemTotal:        1844596 kB
MemFree:          517180 kB
MemAvailable:    1444376 kB
Buffers:           91140 kB
Cached:           856364 kB
MemTotal:        1844596 kB
MemFree:          517408 kB
MemAvailable:    1444604 kB
Buffers:           91140 kB
Cached:           856364 kB
MemTotal:        1844596 kB
MemFree:          514360 kB
MemAvailable:    1441556 kB
Buffers:           91140 kB
Cached:           856364 kB
MemTotal:        1844596 kB
MemFree:          513544 kB
MemAvailable:    1440740 kB
Buffers:           91140 kB
Cached:           856364 kB
MemTotal:        1844596 kB
MemFree:          510516 kB
MemAvailable:    1437712 kB
Buffers:           91140 kB
Cached:           856364 kB
MemTotal:        1844596 kB
MemFree:          507932 kB
MemAvailable:    1435128 kB
Buffers:           91140 kB
Cached:           856364 kB
MemTotal:        1844596 kB
MemFree:          505492 kB
MemAvailable:    1432688 kB
Buffers:           91140 kB
Cached:           856364 kB
MemTotal:        1844596 kB
MemFree:          501076 kB
MemAvailable:    1428272 kB
Buffers:           91140 kB
Cached:           856364 kB
MemTotal:        1844596 kB
MemFree:          501328 kB
MemAvailable:    1428524 kB
Buffers:           91140 kB
Cached:           856364 kB
MemTotal:        1844596 kB
MemFree:          500532 kB
MemAvailable:    1427728 kB
Buffers:           91140 kB
Cached:           856364 kB
MemTotal:        1844596 kB
MemFree:          498804 kB
MemAvailable:    1426000 kB
Buffers:           91140 kB
Cached:           856364 kB
MemTotal:        1844596 kB
MemFree:          500252 kB
MemAvailable:    1427448 kB
Buffers:           91140 kB
Cached:           856364 kB
MemTotal:        1844596 kB
MemFree:          499052 kB
MemAvailable:    1426248 kB
Buffers:           91140 kB
Cached:           856364 kB
MemTotal:        1844596 kB
MemFree:          500028 kB
MemAvailable:    1427224 kB
Buffers:           91140 kB
Cached:           856364 kB
MemTotal:        1844596 kB
MemFree:          500196 kB
MemAvailable:    1427392 kB
Buffers:           91140 kB
Cached:           856364 kB
MemTotal:        1844596 kB
MemFree:          499972 kB
MemAvailable:    1427168 kB
Buffers:           91140 kB
Cached:           856364 kB
MemTotal:        1844596 kB
MemFree:          500104 kB
MemAvailable:    1427300 kB
Buffers:           91140 kB
Cached:           856364 kB
MemTotal:        1844596 kB
MemFree:          500100 kB
MemAvailable:    1427296 kB
Buffers:           91140 kB
Cached:           856364 kB
MemTotal:        1844596 kB
MemFree:          500020 kB
MemAvailable:    1427216 kB
Buffers:           91140 kB
Cached:           856364 kB
MemTotal:        1844596 kB
MemFree:          499604 kB
MemAvailable:    1426800 kB
Buffers:           91140 kB
Cached:           856364 kB
MemTotal:        1844596 kB
MemFree:          500140 kB
MemAvailable:    1427336 kB
Buffers:           91140 kB
Cached:           856364 kB
MemTotal:        1844596 kB
MemFree:          499540 kB
MemAvailable:    1426736 kB
Buffers:           91140 kB
Cached:           856364 kB
MemTotal:        1844596 kB
MemFree:          498588 kB
MemAvailable:    1425784 kB
Buffers:           91140 kB
Cached:           856364 kB
MemTotal:        1844596 kB
MemFree:          498056 kB
MemAvailable:    1425252 kB
Buffers:           91140 kB
Cached:           856364 kB
MemTotal:        1844596 kB
MemFree:          497796 kB
MemAvailable:    1424992 kB
Buffers:           91140 kB
Cached:           856364 kB
MemTotal:        1844596 kB
MemFree:          498088 kB
MemAvailable:    1425284 kB
Buffers:           91140 kB
Cached:           856364 kB
MemTotal:        1844596 kB
MemFree:          499308 kB
MemAvailable:    1426504 kB
Buffers:           91140 kB
Cached:           856364 kB
MemTotal:        1844596 kB
MemFree:          498116 kB
MemAvailable:    1425312 kB
Buffers:           91140 kB
Cached:           856364 kB
MemTotal:        1844596 kB
MemFree:          499092 kB
MemAvailable:    1426288 kB
Buffers:           91140 kB
Cached:           856364 kB
MemTotal:        1844596 kB
MemFree:          499344 kB
MemAvailable:    1426540 kB
Buffers:           91140 kB
Cached:           856364 kB
MemTotal:        1844596 kB
MemFree:          497936 kB
MemAvailable:    1425132 kB
Buffers:           91140 kB
Cached:           856364 kB
MemTotal:        1844596 kB
MemFree:          497936 kB
MemAvailable:    1425132 kB
Buffers:           91140 kB
Cached:           856364 kB
MemTotal:        1844596 kB
MemFree:          498184 kB
MemAvailable:    1425380 kB
Buffers:           91140 kB
Cached:           856364 kB
MemTotal:        1844596 kB
MemFree:          499176 kB
MemAvailable:    1426372 kB
Buffers:           91140 kB
Cached:           856364 kB
MemTotal:        1844596 kB
MemFree:          499072 kB
MemAvailable:    1426268 kB
Buffers:           91140 kB
Cached:           856364 kB
MemTotal:        1844596 kB
MemFree:          499240 kB
MemAvailable:    1426436 kB
Buffers:           91140 kB
Cached:           856364 kB
MemTotal:        1844596 kB
MemFree:          497812 kB
MemAvailable:    1425008 kB
Buffers:           91140 kB
Cached:           856364 kB
MemTotal:        1844596 kB
MemFree:          497804 kB
MemAvailable:    1425000 kB
Buffers:           91140 kB
Cached:           856364 kB
MemTotal:        1844596 kB
MemFree:          499280 kB
MemAvailable:    1426476 kB
Buffers:           91140 kB
Cached:           856364 kB
MemTotal:        1844596 kB
MemFree:          498364 kB
MemAvailable:    1425560 kB
Buffers:           91140 kB
Cached:           856364 kB
MemTotal:        1844596 kB
MemFree:          499164 kB
MemAvailable:    1426360 kB
Buffers:           91140 kB
Cached:           856364 kB
MemTotal:        1844596 kB
MemFree:          499416 kB
MemAvailable:    1426612 kB
Buffers:           91140 kB
Cached:           856364 kB
MemTotal:        1844596 kB
MemFree:          495760 kB
MemAvailable:    1422956 kB
Buffers:           91140 kB
Cached:           856364 kB
MemTotal:        1844596 kB
MemFree:          491768 kB
MemAvailable:    1418964 kB
Buffers:           91140 kB
Cached:           856364 kB
MemTotal:        1844596 kB
MemFree:          491604 kB
MemAvailable:    1418800 kB
Buffers:           91140 kB
Cached:           856364 kB
MemTotal:        1844596 kB
MemFree:          487576 kB
MemAvailable:    1414772 kB
Buffers:           91140 kB
Cached:           856364 kB
MemTotal:        1844596 kB
MemFree:          483856 kB
MemAvailable:    1411052 kB
Buffers:           91140 kB
Cached:           856364 kB
MemTotal:        1844596 kB
MemFree:          481236 kB
MemAvailable:    1408432 kB
Buffers:           91140 kB
Cached:           856364 kB
MemTotal:        1844596 kB
MemFree:          480632 kB
MemAvailable:    1407828 kB
Buffers:           91140 kB
Cached:           856364 kB
MemTotal:        1844596 kB
MemFree:          480948 kB
MemAvailable:    1408144 kB
Buffers:           91140 kB
Cached:           856364 kB
MemTotal:        1844596 kB
MemFree:          480796 kB
MemAvailable:    1407992 kB
Buffers:           91140 kB
Cached:           856364 kB
MemTotal:        1844596 kB
MemFree:          481048 kB
MemAvailable:    1408244 kB
Buffers:           91140 kB
Cached:           856364 kB
MemTotal:        1844596 kB
MemFree:          479568 kB
MemAvailable:    1406764 kB
Buffers:           91140 kB
Cached:           856364 kB
MemTotal:        1844596 kB
MemFree:          480876 kB
MemAvailable:    1408072 kB
Buffers:           91140 kB
Cached:           856364 kB
MemTotal:        1844596 kB
MemFree:          479868 kB
MemAvailable:    1407064 kB
Buffers:           91140 kB
Cached:           856364 kB
MemTotal:        1844596 kB
MemFree:          480780 kB
MemAvailable:    1407976 kB
Buffers:           91140 kB
Cached:           856364 kB
MemTotal:        1844596 kB
MemFree:          480912 kB
MemAvailable:    1408108 kB
Buffers:           91140 kB
Cached:           856364 kB
MemTotal:        1844596 kB
MemFree:          480796 kB
MemAvailable:    1407992 kB
Buffers:           91140 kB
Cached:           856364 kB
MemTotal:        1844596 kB
MemFree:          481048 kB
MemAvailable:    1408244 kB
Buffers:           91140 kB
Cached:           856364 kB
MemTotal:        1844596 kB
MemFree:          480992 kB
MemAvailable:    1408188 kB
Buffers:           91140 kB
Cached:           856364 kB
MemTotal:        1844596 kB
MemFree:          479744 kB
MemAvailable:    1406940 kB
Buffers:           91140 kB
Cached:           856364 kB
MemTotal:        1844596 kB
MemFree:          479828 kB
MemAvailable:    1407024 kB
Buffers:           91140 kB
Cached:           856364 kB
MemTotal:        1844596 kB
MemFree:          480916 kB
MemAvailable:    1408112 kB
Buffers:           91140 kB
Cached:           856364 kB
MemTotal:        1844596 kB
MemFree:          480940 kB
MemAvailable:    1408136 kB
Buffers:           91140 kB
Cached:           856364 kB
MemTotal:        1844596 kB
MemFree:          480872 kB
MemAvailable:    1408068 kB
Buffers:           91140 kB
Cached:           856364 kB
MemTotal:        1844596 kB
MemFree:          481208 kB
MemAvailable:    1408404 kB
Buffers:           91140 kB
Cached:           856364 kB
MemTotal:        1844596 kB
MemFree:          479848 kB
MemAvailable:    1407056 kB
Buffers:           91140 kB
Cached:           856376 kB
MemTotal:        1844596 kB
MemFree:          479720 kB
MemAvailable:    1406928 kB
Buffers:           91140 kB
Cached:           856376 kB
MemTotal:        1844596 kB
MemFree:          480960 kB
MemAvailable:    1408168 kB
Buffers:           91140 kB
Cached:           856376 kB
MemTotal:        1844596 kB
MemFree:          479844 kB
MemAvailable:    1407052 kB
Buffers:           91140 kB
Cached:           856376 kB
MemTotal:        1844596 kB
MemFree:          481204 kB
MemAvailable:    1408412 kB
Buffers:           91140 kB
Cached:           856376 kB
MemTotal:        1844596 kB
MemFree:          480136 kB
MemAvailable:    1407344 kB
Buffers:           91140 kB
Cached:           856376 kB
MemTotal:        1844596 kB
MemFree:          480740 kB
MemAvailable:    1407948 kB
Buffers:           91140 kB
Cached:           856376 kB
MemTotal:        1844596 kB
MemFree:          481076 kB
MemAvailable:    1408284 kB
Buffers:           91140 kB
Cached:           856376 kB
MemTotal:        1844596 kB
MemFree:          480872 kB
MemAvailable:    1408080 kB
Buffers:           91140 kB
Cached:           856376 kB
MemTotal:        1844596 kB
MemFree:          481124 kB
MemAvailable:    1408332 kB
Buffers:           91140 kB
Cached:           856376 kB
MemTotal:        1844596 kB
MemFree:          480800 kB
MemAvailable:    1408008 kB
Buffers:           91140 kB
Cached:           856376 kB
MemTotal:        1844596 kB
MemFree:          479500 kB
MemAvailable:    1406708 kB
Buffers:           91140 kB
Cached:           856376 kB
MemTotal:        1844596 kB
MemFree:          479632 kB
MemAvailable:    1406840 kB
Buffers:           91140 kB
Cached:           856376 kB
MemTotal:        1844596 kB
MemFree:          480384 kB
MemAvailable:    1407592 kB
Buffers:           91140 kB
Cached:           856376 kB
MemTotal:        1844596 kB
MemFree:          479752 kB
MemAvailable:    1406960 kB
Buffers:           91140 kB
Cached:           856376 kB
MemTotal:        1844596 kB
MemFree:          481096 kB
MemAvailable:    1408304 kB
Buffers:           91140 kB
Cached:           856376 kB
MemTotal:        1844596 kB
MemFree:          480260 kB
MemAvailable:    1407468 kB
Buffers:           91140 kB
Cached:           856376 kB
MemTotal:        1844596 kB
MemFree:          480120 kB
MemAvailable:    1407328 kB
Buffers:           91140 kB
Cached:           856376 kB
MemTotal:        1844596 kB
MemFree:          480084 kB
MemAvailable:    1407292 kB
Buffers:           91140 kB
Cached:           856376 kB
MemTotal:        1844596 kB
MemFree:          475024 kB
MemAvailable:    1402232 kB
Buffers:           91140 kB
Cached:           856376 kB
MemTotal:        1844596 kB
MemFree:          472448 kB
MemAvailable:    1399656 kB
Buffers:           91140 kB
Cached:           856376 kB
MemTotal:        1844596 kB
MemFree:          466124 kB
MemAvailable:    1393332 kB
Buffers:           91140 kB
Cached:           856376 kB
MemTotal:        1844596 kB
MemFree:          463504 kB
MemAvailable:    1390712 kB
Buffers:           91140 kB
Cached:           856376 kB
MemTotal:        1844596 kB
MemFree:          463756 kB
MemAvailable:    1390964 kB
Buffers:           91140 kB
Cached:           856376 kB
MemTotal:        1844596 kB
MemFree:          463632 kB
MemAvailable:    1390840 kB
Buffers:           91140 kB
Cached:           856376 kB
MemTotal:        1844596 kB
MemFree:          463368 kB
MemAvailable:    1390576 kB
Buffers:           91140 kB
Cached:           856376 kB
MemTotal:        1844596 kB
MemFree:          462784 kB
MemAvailable:    1389992 kB
Buffers:           91140 kB
Cached:           856376 kB
MemTotal:        1844596 kB
MemFree:          462776 kB
MemAvailable:    1389984 kB
Buffers:           91140 kB
Cached:           856376 kB
MemTotal:        1844596 kB
MemFree:          462768 kB
MemAvailable:    1389976 kB
Buffers:           91140 kB
Cached:           856376 kB
MemTotal:        1844596 kB
MemFree:          462760 kB
MemAvailable:    1389968 kB
Buffers:           91140 kB
Cached:           856376 kB
MemTotal:        1844596 kB
MemFree:          462500 kB
MemAvailable:    1389708 kB
Buffers:           91140 kB
Cached:           856376 kB
MemTotal:        1844596 kB
MemFree:          462652 kB
MemAvailable:    1389860 kB
Buffers:           91140 kB
Cached:           856376 kB
MemTotal:        1844596 kB
MemFree:          461016 kB
MemAvailable:    1388224 kB
Buffers:           91140 kB
Cached:           856376 kB
MemTotal:        1844596 kB
MemFree:          461272 kB
MemAvailable:    1388480 kB
Buffers:           91140 kB
Cached:           856376 kB
MemTotal:        1844596 kB
MemFree:          460612 kB
MemAvailable:    1387820 kB
Buffers:           91140 kB
Cached:           856376 kB
MemTotal:        1844596 kB
MemFree:          460600 kB
MemAvailable:    1387808 kB
Buffers:           91140 kB
Cached:           856376 kB
MemTotal:        1844596 kB
MemFree:          461876 kB
MemAvailable:    1389084 kB
Buffers:           91140 kB
Cached:           856376 kB
MemTotal:        1844596 kB
MemFree:          460172 kB
MemAvailable:    1387380 kB
Buffers:           91140 kB
Cached:           856376 kB
MemTotal:        1844596 kB
MemFree:          461108 kB
MemAvailable:    1388316 kB
Buffers:           91140 kB
Cached:           856376 kB
MemTotal:        1844596 kB
MemFree:          460676 kB
MemAvailable:    1387884 kB
Buffers:           91140 kB
Cached:           856376 kB
MemTotal:        1844596 kB
MemFree:          460464 kB
MemAvailable:    1387672 kB
Buffers:           91140 kB
Cached:           856376 kB
MemTotal:        1844596 kB
MemFree:          459180 kB
MemAvailable:    1386388 kB
Buffers:           91140 kB
Cached:           856376 kB
MemTotal:        1844596 kB
MemFree:          459736 kB
MemAvailable:    1386944 kB
Buffers:           91140 kB
Cached:           856376 kB
MemTotal:        1844596 kB
MemFree:          458304 kB
MemAvailable:    1385512 kB
Buffers:           91140 kB
Cached:           856376 kB
MemTotal:        1844596 kB
MemFree:          457692 kB
MemAvailable:    1384900 kB
Buffers:           91140 kB
Cached:           856376 kB
MemTotal:        1844596 kB
MemFree:          458064 kB
MemAvailable:    1385272 kB
Buffers:           91140 kB
Cached:           856376 kB
MemTotal:        1844596 kB
MemFree:          457008 kB
MemAvailable:    1384216 kB
Buffers:           91140 kB
Cached:           856376 kB
MemTotal:        1844596 kB
MemFree:          456444 kB
MemAvailable:    1383652 kB
Buffers:           91140 kB
Cached:           856376 kB
MemTotal:        1844596 kB
MemFree:          456460 kB
MemAvailable:    1383668 kB
Buffers:           91140 kB
Cached:           856376 kB
MemTotal:        1844596 kB
MemFree:          455164 kB
MemAvailable:    1382372 kB
Buffers:           91140 kB
Cached:           856376 kB
MemTotal:        1844596 kB
MemFree:          455196 kB
MemAvailable:    1382404 kB
Buffers:           91140 kB
Cached:           856376 kB
MemTotal:        1844596 kB
MemFree:          454944 kB
MemAvailable:    1382152 kB
Buffers:           91140 kB
Cached:           856376 kB
MemTotal:        1844596 kB
MemFree:          455036 kB
MemAvailable:    1382244 kB
Buffers:           91140 kB
Cached:           856376 kB
MemTotal:        1844596 kB
MemFree:          456380 kB
MemAvailable:    1383588 kB
Buffers:           91140 kB
Cached:           856376 kB
MemTotal:        1844596 kB
MemFree:          455708 kB
MemAvailable:    1382916 kB
Buffers:           91140 kB
Cached:           856376 kB
MemTotal:        1844596 kB
MemFree:          454708 kB
MemAvailable:    1381924 kB
Buffers:           91140 kB
Cached:           856384 kB
MemTotal:        1844596 kB
MemFree:          455832 kB
MemAvailable:    1383048 kB
Buffers:           91140 kB
Cached:           856384 kB
MemTotal:        1844596 kB
MemFree:          454824 kB
MemAvailable:    1382040 kB
Buffers:           91140 kB
Cached:           856384 kB
MemTotal:        1844596 kB
MemFree:          454700 kB
MemAvailable:    1381916 kB
Buffers:           91140 kB
Cached:           856384 kB
MemTotal:        1844596 kB
MemFree:          453716 kB
MemAvailable:    1380932 kB
Buffers:           91140 kB
Cached:           856384 kB
MemTotal:        1844596 kB
MemFree:          453804 kB
MemAvailable:    1381020 kB
Buffers:           91140 kB
Cached:           856384 kB
MemTotal:        1844596 kB
MemFree:          454628 kB
MemAvailable:    1381844 kB
Buffers:           91140 kB
Cached:           856384 kB
MemTotal:        1844596 kB
MemFree:          454792 kB
MemAvailable:    1382008 kB
Buffers:           91140 kB
Cached:           856384 kB
MemTotal:        1844596 kB
MemFree:          454848 kB
MemAvailable:    1382064 kB
Buffers:           91140 kB
Cached:           856384 kB
MemTotal:        1844596 kB
MemFree:          453344 kB
MemAvailable:    1380560 kB
Buffers:           91140 kB
Cached:           856384 kB
MemTotal:        1844596 kB
MemFree:          454792 kB
MemAvailable:    1382008 kB
Buffers:           91140 kB
Cached:           856384 kB
MemTotal:        1844596 kB
MemFree:          453456 kB
MemAvailable:    1380672 kB
Buffers:           91140 kB
Cached:           856384 kB
MemTotal:        1844596 kB
MemFree:          454344 kB
MemAvailable:    1381560 kB
Buffers:           91140 kB
Cached:           856384 kB
MemTotal:        1844596 kB
MemFree:          454564 kB
MemAvailable:    1381780 kB
Buffers:           91140 kB
Cached:           856384 kB
MemTotal:        1844596 kB
MemFree:          453920 kB
MemAvailable:    1381136 kB
Buffers:           91140 kB
Cached:           856384 kB
MemTotal:        1844596 kB
MemFree:          454620 kB
MemAvailable:    1381836 kB
Buffers:           91140 kB
Cached:           856384 kB
MemTotal:        1844596 kB
MemFree:          454964 kB
MemAvailable:    1382180 kB
Buffers:           91140 kB
Cached:           856384 kB
MemTotal:        1844596 kB
MemFree:          454828 kB
MemAvailable:    1382044 kB
Buffers:           91140 kB
Cached:           856384 kB
MemTotal:        1844596 kB
MemFree:          454652 kB
MemAvailable:    1381868 kB
Buffers:           91140 kB
Cached:           856384 kB
MemTotal:        1844596 kB
MemFree:          453560 kB
MemAvailable:    1380776 kB
Buffers:           91140 kB
Cached:           856384 kB
MemTotal:        1844596 kB
MemFree:          454968 kB
MemAvailable:    1382184 kB
Buffers:           91140 kB
Cached:           856384 kB
MemTotal:        1844596 kB
MemFree:          454916 kB
MemAvailable:    1382132 kB
Buffers:           91140 kB
Cached:           856384 kB
MemTotal:        1844596 kB
MemFree:          453600 kB
MemAvailable:    1380816 kB
Buffers:           91140 kB
Cached:           856384 kB
MemTotal:        1844596 kB
MemFree:          454728 kB
MemAvailable:    1381944 kB
Buffers:           91140 kB
Cached:           856384 kB
MemTotal:        1844596 kB
MemFree:          454764 kB
MemAvailable:    1381980 kB
Buffers:           91140 kB
Cached:           856384 kB
MemTotal:        1844596 kB
MemFree:          454620 kB
MemAvailable:    1381836 kB
Buffers:           91140 kB
Cached:           856384 kB
MemTotal:        1844596 kB
MemFree:          454620 kB
MemAvailable:    1381836 kB
Buffers:           91140 kB
Cached:           856384 kB
MemTotal:        1844596 kB
MemFree:          453588 kB
MemAvailable:    1380804 kB
Buffers:           91140 kB
Cached:           856384 kB
MemTotal:        1844596 kB
MemFree:          454640 kB
MemAvailable:    1381856 kB
Buffers:           91140 kB
Cached:           856384 kB
MemTotal:        1844596 kB
MemFree:          454808 kB
MemAvailable:    1382024 kB
Buffers:           91140 kB
Cached:           856384 kB
MemTotal:        1844596 kB
MemFree:          454640 kB
MemAvailable:    1381856 kB
Buffers:           91140 kB
Cached:           856384 kB
MemTotal:        1844596 kB
MemFree:          454344 kB
MemAvailable:    1381560 kB
Buffers:           91140 kB
Cached:           856384 kB
MemTotal:        1844596 kB
MemFree:          453544 kB
MemAvailable:    1380760 kB
Buffers:           91140 kB
Cached:           856384 kB
MemTotal:        1844596 kB
MemFree:          453544 kB
MemAvailable:    1380760 kB
Buffers:           91140 kB
Cached:           856384 kB
MemTotal:        1844596 kB
MemFree:          453544 kB
MemAvailable:    1380760 kB
Buffers:           91140 kB
Cached:           856384 kB
MemTotal:        1844596 kB
MemFree:          454776 kB
MemAvailable:    1381992 kB
Buffers:           91140 kB
Cached:           856384 kB
MemTotal:        1844596 kB
MemFree:          453288 kB
MemAvailable:    1380504 kB
Buffers:           91140 kB
Cached:           856384 kB
MemTotal:        1844596 kB
MemFree:          453412 kB
MemAvailable:    1380628 kB
Buffers:           91140 kB
Cached:           856384 kB
MemTotal:        1844596 kB
MemFree:          454512 kB
MemAvailable:    1381728 kB
Buffers:           91140 kB
Cached:           856384 kB
MemTotal:        1844596 kB
MemFree:          453912 kB
MemAvailable:    1381128 kB
Buffers:           91140 kB
Cached:           856384 kB
MemTotal:        1844596 kB
MemFree:          454680 kB
MemAvailable:    1381896 kB
Buffers:           91140 kB
Cached:           856384 kB
MemTotal:        1844596 kB
MemFree:          454724 kB
MemAvailable:    1381816 kB
Buffers:           91140 kB
Cached:           856384 kB
MemTotal:        1844596 kB
MemFree:          454576 kB
MemAvailable:    1381792 kB
Buffers:           91140 kB
Cached:           856384 kB
MemTotal:        1844596 kB
MemFree:          453344 kB
MemAvailable:    1380560 kB
Buffers:           91140 kB
Cached:           856384 kB
MemTotal:        1844596 kB
MemFree:          453220 kB
MemAvailable:    1380436 kB
Buffers:           91140 kB
Cached:           856384 kB
MemTotal:        1844596 kB
MemFree:          453220 kB
MemAvailable:    1380436 kB
Buffers:           91140 kB
Cached:           856384 kB
MemTotal:        1844596 kB
MemFree:          449508 kB
MemAvailable:    1376724 kB
Buffers:           91140 kB
Cached:           856384 kB
MemTotal:        1844596 kB
MemFree:          446904 kB
MemAvailable:    1374120 kB
Buffers:           91140 kB
Cached:           856384 kB
MemTotal:        1844596 kB
MemFree:          445760 kB
MemAvailable:    1372976 kB
Buffers:           91140 kB
Cached:           856384 kB
MemTotal:        1844596 kB
MemFree:          442812 kB
MemAvailable:    1370028 kB
Buffers:           91140 kB
Cached:           856384 kB
MemTotal:        1844596 kB
MemFree:          440084 kB
MemAvailable:    1367300 kB
Buffers:           91140 kB
Cached:           856384 kB
MemTotal:        1844596 kB
MemFree:          436860 kB
MemAvailable:    1364076 kB
Buffers:           91140 kB
Cached:           856384 kB
MemTotal:        1844596 kB
MemFree:          435868 kB
MemAvailable:    1363084 kB
Buffers:           91140 kB
Cached:           856384 kB
MemTotal:        1844596 kB
MemFree:          434248 kB
MemAvailable:    1361464 kB
Buffers:           91140 kB
Cached:           856384 kB
MemTotal:        1844596 kB
MemFree:          435364 kB
MemAvailable:    1362580 kB
Buffers:           91140 kB
Cached:           856384 kB
MemTotal:        1844596 kB
MemFree:          434076 kB
MemAvailable:    1361292 kB
Buffers:           91140 kB
Cached:           856384 kB
MemTotal:        1844596 kB
MemFree:          434104 kB
MemAvailable:    1361320 kB
Buffers:           91140 kB
Cached:           856384 kB
MemTotal:        1844596 kB
MemFree:          434112 kB
MemAvailable:    1361328 kB
Buffers:           91140 kB
Cached:           856384 kB
MemTotal:        1844596 kB
MemFree:          435172 kB
MemAvailable:    1362388 kB
Buffers:           91140 kB
Cached:           856384 kB
MemTotal:        1844596 kB
MemFree:          434876 kB
MemAvailable:    1362092 kB
Buffers:           91140 kB
Cached:           856384 kB
MemTotal:        1844596 kB
MemFree:          435360 kB
MemAvailable:    1362576 kB
Buffers:           91140 kB
Cached:           856384 kB
MemTotal:        1844596 kB
MemFree:          434072 kB
MemAvailable:    1361288 kB
Buffers:           91140 kB
Cached:           856384 kB
MemTotal:        1844596 kB
MemFree:          434224 kB
MemAvailable:    1361440 kB
Buffers:           91140 kB
Cached:           856384 kB
MemTotal:        1844596 kB
MemFree:          434108 kB
MemAvailable:    1361324 kB
Buffers:           91140 kB
Cached:           856384 kB
MemTotal:        1844596 kB
MemFree:          433976 kB
MemAvailable:    1361192 kB
Buffers:           91140 kB
Cached:           856384 kB
MemTotal:        1844596 kB
MemFree:          433936 kB
MemAvailable:    1361152 kB
Buffers:           91140 kB
Cached:           856384 kB
MemTotal:        1844596 kB
MemFree:          435036 kB
MemAvailable:    1362252 kB
Buffers:           91140 kB
Cached:           856384 kB
MemTotal:        1844596 kB
MemFree:          435124 kB
MemAvailable:    1362340 kB
Buffers:           91140 kB
Cached:           856384 kB
MemTotal:        1844596 kB
MemFree:          434988 kB
MemAvailable:    1362204 kB
Buffers:           91140 kB
Cached:           856384 kB
MemTotal:        1844596 kB
MemFree:          435000 kB
MemAvailable:    1362216 kB
Buffers:           91140 kB
Cached:           856384 kB
MemTotal:        1844596 kB
MemFree:          434256 kB
MemAvailable:    1361472 kB
Buffers:           91140 kB
Cached:           856384 kB
MemTotal:        1844596 kB
MemFree:          434780 kB
MemAvailable:    1362000 kB
Buffers:           91140 kB
Cached:           856388 kB
MemTotal:        1844596 kB
MemFree:          434876 kB
MemAvailable:    1362096 kB
Buffers:           91140 kB
Cached:           856388 kB
MemTotal:        1844596 kB
MemFree:          434856 kB
MemAvailable:    1362076 kB
Buffers:           91140 kB
Cached:           856388 kB
MemTotal:        1844596 kB
MemFree:          435192 kB
MemAvailable:    1362412 kB
Buffers:           91140 kB
Cached:           856388 kB
MemTotal:        1844596 kB
MemFree:          434808 kB
MemAvailable:    1362028 kB
Buffers:           91140 kB
Cached:           856388 kB
MemTotal:        1844596 kB
MemFree:          433056 kB
MemAvailable:    1360276 kB
Buffers:           91140 kB
Cached:           856388 kB
MemTotal:        1844596 kB
MemFree:          434340 kB
MemAvailable:    1361560 kB
Buffers:           91140 kB
Cached:           856388 kB
MemTotal:        1844596 kB
MemFree:          433264 kB
MemAvailable:    1360484 kB
Buffers:           91140 kB
Cached:           856388 kB
MemTotal:        1844596 kB
MemFree:          430148 kB
MemAvailable:    1357368 kB
Buffers:           91140 kB
Cached:           856388 kB
MemTotal:        1844596 kB
MemFree:          429616 kB
MemAvailable:    1356836 kB
Buffers:           91140 kB
Cached:           856388 kB
MemTotal:        1844596 kB
MemFree:          424504 kB
MemAvailable:    1351724 kB
Buffers:           91140 kB
Cached:           856388 kB
MemTotal:        1844596 kB
MemFree:          424080 kB
MemAvailable:    1351300 kB
Buffers:           91140 kB
Cached:           856388 kB
MemTotal:        1844596 kB
MemFree:          424940 kB
MemAvailable:    1352160 kB
Buffers:           91140 kB
Cached:           856388 kB
MemTotal:        1844596 kB
MemFree:          424584 kB
MemAvailable:    1351804 kB
Buffers:           91140 kB
Cached:           856388 kB
MemTotal:        1844596 kB
MemFree:          424644 kB
MemAvailable:    1351864 kB
Buffers:           91140 kB
Cached:           856388 kB
MemTotal:        1844596 kB
MemFree:          424900 kB
MemAvailable:    1352120 kB
Buffers:           91140 kB
Cached:           856388 kB
MemTotal:        1844596 kB
MemFree:          423524 kB
MemAvailable:    1350744 kB
Buffers:           91140 kB
Cached:           856388 kB
MemTotal:        1844596 kB
MemFree:          423524 kB
MemAvailable:    1350744 kB
Buffers:           91140 kB
Cached:           856388 kB
MemTotal:        1844596 kB
MemFree:          424212 kB
MemAvailable:    1351432 kB
Buffers:           91140 kB
Cached:           856388 kB
MemTotal:        1844596 kB
MemFree:          422964 kB
MemAvailable:    1350184 kB
Buffers:           91140 kB
Cached:           856388 kB
MemTotal:        1844596 kB
MemFree:          423700 kB
MemAvailable:    1351064 kB
Buffers:           91140 kB
Cached:           856596 kB
MemTotal:        1844596 kB
MemFree:          423784 kB
MemAvailable:    1351232 kB
Buffers:           91140 kB
Cached:           856596 kB
MemTotal:        1844596 kB
MemFree:          423564 kB
MemAvailable:    1351184 kB
Buffers:           91140 kB
Cached:           856848 kB
MemTotal:        1844596 kB
MemFree:          423344 kB
MemAvailable:    1350964 kB
Buffers:           91140 kB
Cached:           856848 kB
MemTotal:        1844596 kB
MemFree:          422088 kB
MemAvailable:    1349792 kB
Buffers:           91140 kB
Cached:           856972 kB
MemTotal:        1844596 kB
MemFree:          423320 kB
MemAvailable:    1351108 kB
Buffers:           91140 kB
Cached:           856972 kB
MemTotal:        1844596 kB
MemFree:          423404 kB
MemAvailable:    1351192 kB
Buffers:           91140 kB
Cached:           856972 kB
MemTotal:        1844596 kB
MemFree:          423224 kB
MemAvailable:    1351096 kB
Buffers:           91140 kB
Cached:           856972 kB
MemTotal:        1844596 kB
MemFree:          423268 kB
MemAvailable:    1351140 kB
Buffers:           91140 kB
Cached:           856972 kB
MemTotal:        1844596 kB
MemFree:          422608 kB
MemAvailable:    1350480 kB
Buffers:           91140 kB
Cached:           856972 kB
MemTotal:        1844596 kB
MemFree:          423204 kB
MemAvailable:    1351076 kB
Buffers:           91140 kB
Cached:           856972 kB
MemTotal:        1844596 kB
MemFree:          423332 kB
MemAvailable:    1351204 kB
Buffers:           91140 kB
Cached:           856972 kB
MemTotal:        1844596 kB
MemFree:          423260 kB
MemAvailable:    1351132 kB
Buffers:           91140 kB
Cached:           856972 kB
MemTotal:        1844596 kB
MemFree:          423136 kB
MemAvailable:    1351092 kB
Buffers:           91140 kB
Cached:           857096 kB
MemTotal:        1844596 kB
MemFree:          423592 kB
MemAvailable:    1350876 kB
Buffers:           91140 kB
Cached:           856380 kB
MemTotal:        1844596 kB
MemFree:          423756 kB
MemAvailable:    1351040 kB
Buffers:           91140 kB
Cached:           856380 kB
MemTotal:        1844596 kB
MemFree:          424008 kB
MemAvailable:    1351292 kB
Buffers:           91140 kB
Cached:           856380 kB
MemTotal:        1844596 kB
MemFree:          573600 kB
MemAvailable:    1500884 kB
Buffers:           91140 kB
Cached:           856380 kB
MemTotal:        1844596 kB
MemFree:          617300 kB
MemAvailable:    1544504 kB
Buffers:           91140 kB
Cached:           856328 kB
