MemTotal:        1844596 kB
MemFree:          265196 kB
MemAvailable:    1544428 kB
Buffers:          101348 kB
Cached:          1197244 kB
MemTotal:        1844596 kB
MemFree:          235940 kB
MemAvailable:    1515180 kB
Buffers:          101348 kB
Cached:          1197248 kB
MemTotal:        1844596 kB
MemFree:          237692 kB
MemAvailable:    1516932 kB
Buffers:          101348 kB
Cached:          1197248 kB
MemTotal:        1844596 kB
MemFree:          236876 kB
MemAvailable:    1516116 kB
Buffers:          101348 kB
Cached:          1197248 kB
MemTotal:        1844596 kB
MemFree:          235568 kB
MemAvailable:    1514808 kB
Buffers:          101348 kB
Cached:          1197248 kB
MemTotal:        1844596 kB
MemFree:          234280 kB
MemAvailable:    1513520 kB
Buffers:          101348 kB
Cached:          1197248 kB
MemTotal:        1844596 kB
MemFree:          232848 kB
MemAvailable:    1512088 kB
Buffers:          101348 kB
Cached:          1197248 kB
MemTotal:        1844596 kB
MemFree:          230492 kB
MemAvailable:    1509732 kB
Buffers:          101348 kB
Cached:          1197248 kB
MemTotal:        1844596 kB
MemFree:          230492 kB
MemAvailable:    1509732 kB
Buffers:          101348 kB
Cached:          1197248 kB
MemTotal:        1844596 kB
MemFree:          226656 kB
MemAvailable:    1505896 kB
Buffers:          101348 kB
Cached:          1197248 kB
MemTotal:        1844596 kB
MemFree:          223052 kB
MemAvailable:    1502292 kB
Buffers:          101348 kB
Cached:          1197248 kB
MemTotal:        1844596 kB
MemFree:          222696 kB
MemAvailable:    1501936 kB
Buffers:          101348 kB
Cached:          1197248 kB
MemTotal:        1844596 kB
MemFree:          225468 kB
MemAvailable:    1504708 kB
Buffers:          101348 kB
Cached:          1197248 kB
MemTotal:        1844596 kB
MemFree:          225532 kB
MemAvailable:    1504772 kB
Buffers:          101348 kB
Cached:          1197248 kB
MemTotal:        1844596 kB
MemFree:          225744 kB
MemAvailable:    1504984 kB
Buffers:          101348 kB
Cached:          1197248 kB
MemTotal:        1844596 kB
MemFree:          224036 kB
MemAvailable:    1503276 kB
Buffers:          101348 kB
Cached:          1197248 kB
MemTotal:        1844596 kB
MemFree:          225468 kB
MemAvailable:    1504708 kB
Buffers:          101348 kB
Cached:          1197248 kB
MemTotal:        1844596 kB
MemFree:          224176 kB
MemAvailable:    1503416 kB
Buffers:          101348 kB
Cached:          1197248 kB
MemTotal:        1844596 kB
MemFree:          224852 kB
MemAvailable:    1504092 kB
Buffers:          101348 kB
Cached:          1197248 kB
MemTotal:        1844596 kB
MemFree:          224796 kB
MemAvailable:    1504036 kB
Buffers:          101348 kB
Cached:          1197248 kB
MemTotal:        1844596 kB
MemFree:          224924 kB
MemAvailable:    1504164 kB
Buffers:          101348 kB
Cached:          1197248 kB
MemTotal:        1844596 kB
MemFree:          224060 kB
MemAvailable:    1503300 kB
Buffers:          101348 kB
Cached:          1197248 kB
MemTotal:        1844596 kB
MemFree:          224788 kB
MemAvailable:    1504028 kB
Buffers:          101348 kB
Cached:          1197248 kB
MemTotal:        1844596 kB
MemFree:          224416 kB
MemAvailable:    1503656 kB
Buffers:          101348 kB
Cached:          1197248 kB
MemTotal:        1844596 kB
MemFree:          225204 kB
MemAvailable:    1504444 kB
Buffers:          101348 kB
Cached:          1197248 kB
MemTotal:        1844596 kB
MemFree:          223680 kB
MemAvailable:    1502920 kB
Buffers:          101348 kB
Cached:          1197248 kB
MemTotal:        1844596 kB
MemFree:          224300 kB
MemAvailable:    1503540 kB
Buffers:          101348 kB
Cached:          1197248 kB
MemTotal:        1844596 kB
MemFree:          224104 kB
MemAvailable:    1503344 kB
Buffers:          101348 kB
Cached:          1197248 kB
MemTotal:        1844596 kB
MemFree:          223740 kB
MemAvailable:    1502980 kB
Buffers:          101348 kB
Cached:          1197248 kB
MemTotal:        1844596 kB
MemFree:          222696 kB
MemAvailable:    1501936 kB
Buffers:          101348 kB
Cached:          1197248 kB
MemTotal:        1844596 kB
MemFree:          223560 kB
MemAvailable:    1502800 kB
Buffers:          101348 kB
Cached:          1197248 kB
MemTotal:        1844596 kB
MemFree:          222384 kB
MemAvailable:    1501624 kB
Buffers:          101348 kB
Cached:          1197248 kB
MemTotal:        1844596 kB
MemFree:          221820 kB
MemAvailable:    1501060 kB
Buffers:          101348 kB
Cached:          1197248 kB
MemTotal:        1844596 kB
MemFree:          222812 kB
MemAvailable:    1502056 kB
Buffers:          101348 kB
Cached:          1197252 kB
MemTotal:        1844596 kB
MemFree:          222548 kB
MemAvailable:    1501792 kB
Buffers:          101348 kB
Cached:          1197252 kB
MemTotal:        1844596 kB
MemFree:          222548 kB
MemAvailable:    1501792 kB
Buffers:          101348 kB
Cached:          1197252 kB
MemTotal:        1844596 kB
MemFree:          222420 kB
MemAvailable:    1501664 kB
Buffers:          101348 kB
Cached:          1197252 kB
MemTotal:        1844596 kB
MemFree:          222408 kB
MemAvailable:    1501652 kB
Buffers:          101348 kB
Cached:          1197252 kB
MemTotal:        1844596 kB
MemFree:          222408 kB
MemAvailable:    1501652 kB
Buffers:          101348 kB
Cached:          1197252 kB
MemTotal:        1844596 kB
MemFree:          222424 kB
MemAvailable:    1501668 kB
Buffers:          101348 kB
Cached:          1197252 kB
MemTotal:        1844596 kB
MemFree:          222316 kB
MemAvailable:    1501560 kB
Buffers:          101348 kB
Cached:          1197252 kB
MemTotal:        1844596 kB
MemFree:          222312 kB
MemAvailable:    1501556 kB
Buffers:          101348 kB
Cached:          1197252 kB
MemTotal:        1844596 kB
MemFree:          220144 kB
MemAvailable:    1499388 kB
Buffers:          101348 kB
Cached:          1197252 kB
MemTotal:        1844596 kB
MemFree:          217480 kB
MemAvailable:    1496724 kB
Buffers:          101348 kB
Cached:          1197252 kB
MemTotal:        1844596 kB
MemFree:          217224 kB
MemAvailable:    1496468 kB
Buffers:          101348 kB
Cached:          1197252 kB
MemTotal:        1844596 kB
MemFree:          217224 kB
MemAvailable:    1496468 kB
Buffers:          101348 kB
Cached:          1197252 kB
MemTotal:        1844596 kB
MemFree:          217040 kB
MemAvailable:    1496284 kB
Buffers:          101348 kB
Cached:          1197252 kB
MemTotal:        1844596 kB
MemFree:          217292 kB
MemAvailable:    1496536 kB
Buffers:          101348 kB
Cached:          1197252 kB
MemTotal:        1844596 kB
MemFree:          215728 kB
MemAvailable:    1494972 kB
Buffers:          101348 kB
Cached:          1197252 kB
MemTotal:        1844596 kB
MemFree:          216928 kB
MemAvailable:    1496172 kB
Buffers:          101348 kB
Cached:          1197252 kB
MemTotal:        1844596 kB
MemFree:          216532 kB
MemAvailable:    1495776 kB
Buffers:          101348 kB
Cached:          1197252 kB
MemTotal:        1844596 kB
MemFree:          216784 kB
MemAvailable:    1496028 kB
Buffers:          101348 kB
Cached:          1197252 kB
MemTotal:        1844596 kB
MemFree:          215316 kB
MemAvailable:    1494560 kB
Buffers:          101348 kB
Cached:          1197252 kB
MemTotal:        1844596 kB
MemFree:          216616 kB
MemAvailable:    1495860 kB
Buffers:          101348 kB
Cached:          1197252 kB
MemTotal:        1844596 kB
MemFree:          215876 kB
MemAvailable:    1495120 kB
Buffers:          101348 kB
Cached:          1197252 kB
MemTotal:        1844596 kB
MemFree:          216984 kB
MemAvailable:    1496228 kB
Buffers:          101348 kB
Cached:          1197252 kB
MemTotal:        1844596 kB
MemFree:          215868 kB
MemAvailable:    1495112 kB
Buffers:          101348 kB
Cached:          1197252 kB
MemTotal:        1844596 kB
MemFree:          216544 kB
MemAvailable:    1495788 kB
Buffers:          101348 kB
Cached:          1197252 kB
MemTotal:        1844596 kB
MemFree:          216116 kB
MemAvailable:    1495360 kB
Buffers:          101348 kB
Cached:          1197252 kB
MemTotal:        1844596 kB
MemFree:          215920 kB
MemAvailable:    1495164 kB
Buffers:          101348 kB
Cached:          1197252 kB
MemTotal:        1844596 kB
MemFree:          211156 kB
MemAvailable:    1490400 kB
Buffers:          101348 kB
Cached:          1197252 kB
MemTotal:        1844596 kB
MemFree:          210768 kB
MemAvailable:    1490012 kB
Buffers:          101348 kB
Cached:          1197252 kB
MemTotal:        1844596 kB
MemFree:          210768 kB
MemAvailable:    1490012 kB
Buffers:          101348 kB
Cached:          1197252 kB
MemTotal:        1844596 kB
MemFree:          210280 kB
MemAvailable:    1489524 kB
Buffers:          101348 kB
Cached:          1197252 kB
MemTotal:        1844596 kB
MemFree:          208884 kB
MemAvailable:    1488128 kB
Buffers:          101348 kB
Cached:          1197252 kB
MemTotal:        1844596 kB
MemFree:          208188 kB
MemAvailable:    1487432 kB
Buffers:          101348 kB
Cached:          1197252 kB
MemTotal:        1844596 kB
MemFree:          208156 kB
MemAvailable:    1487400 kB
Buffers:          101348 kB
Cached:          1197252 kB
MemTotal:        1844596 kB
MemFree:          208156 kB
MemAvailable:    1487400 kB
Buffers:          101348 kB
Cached:          1197252 kB
MemTotal:        1844596 kB
MemFree:          206628 kB
MemAvailable:    1485872 kB
Buffers:          101348 kB
Cached:          1197252 kB
MemTotal:        1844596 kB
MemFree:          206760 kB
MemAvailable:    1486004 kB
Buffers:          101348 kB
Cached:          1197252 kB
MemTotal:        1844596 kB
MemFree:          206884 kB
MemAvailable:    1486128 kB
Buffers:          101348 kB
Cached:          1197252 kB
MemTotal:        1844596 kB
MemFree:          207860 kB
MemAvailable:    1487104 kB
Buffers:          101348 kB
Cached:          1197252 kB
MemTotal:        1844596 kB
MemFree:          207560 kB
MemAvailable:    1486804 kB
Buffers:          101348 kB
Cached:          1197252 kB
MemTotal:        1844596 kB
MemFree:          207788 kB
MemAvailable:    1487032 kB
Buffers:          101348 kB
Cached:          1197252 kB
MemTotal:        1844596 kB
MemFree:          207136 kB
MemAvailable:    1486380 kB
Buffers:          101348 kB
Cached:          1197252 kB
MemTotal:        1844596 kB
MemFree:          207868 kB
MemAvailable:    1487112 kB
Buffers:          101348 kB
Cached:          1197252 kB
MemTotal:        1844596 kB
MemFree:          206692 kB
MemAvailable:    1485936 kB
Buffers:          101348 kB
Cached:          1197252 kB
MemTotal:        1844596 kB
MemFree:          206520 kB
MemAvailable:    1485764 kB
Buffers:          101348 kB
Cached:          1197252 kB
MemTotal:        1844596 kB
MemFree:          207736 kB
MemAvailable:    1486980 kB
Buffers:          101348 kB
Cached:          1197252 kB
MemTotal:        1844596 kB
MemFree:          207664 kB
MemAvailable:    1486908 kB
Buffers:          101348 kB
Cached:          1197252 kB
MemTotal:        1844596 kB
MemFree:          207748 kB
MemAvailable:    1486992 kB
Buffers:          101348 kB
Cached:          1197252 kB
MemTotal:        1844596 kB
MemFree:          206272 kB
MemAvailable:    1485516 kB
Buffers:          101348 kB
Cached:          1197252 kB
MemTotal:        1844596 kB
MemFree:          207544 kB
MemAvailable:    1486788 kB
Buffers:          101348 kB
Cached:          1197252 kB
MemTotal:        1844596 kB
MemFree:          207544 kB
MemAvailable:    1486788 kB
Buffers:          101348 kB
Cached:          1197252 kB
MemTotal:        1844596 kB
MemFree:          207420 kB
MemAvailable:    1486664 kB
Buffers:          101348 kB
Cached:          1197252 kB
MemTotal:        1844596 kB
MemFree:          206676 kB
MemAvailable:    1485920 kB
Buffers:          101348 kB
Cached:          1197252 kB
MemTotal:        1844596 kB
MemFree:          206640 kB
MemAvailable:    1485884 kB
Buffers:          101348 kB
Cached:          1197252 kB
MemTotal:        1844596 kB
MemFree:          201608 kB
MemAvailable:    1480852 kB
Buffers:          101348 kB
Cached:          1197252 kB
MemTotal:        1844596 kB
MemFree:          199500 kB
MemAvailable:    1478744 kB
Buffers:          101348 kB
Cached:          1197252 kB
MemTotal:        1844596 kB
MemFree:          199196 kB
MemAvailable:    1478440 kB
Buffers:          101348 kB
Cached:          1197252 kB
MemTotal:        1844596 kB
MemFree:          198756 kB
MemAvailable:    1478000 kB
Buffers:          101348 kB
Cached:          1197252 kB
MemTotal:        1844596 kB
MemFree:          197956 kB
MemAvailable:    1477200 kB
Buffers:          101348 kB
Cached:          1197252 kB
MemTotal:        1844596 kB
MemFree:          197956 kB
MemAvailable:    1477200 kB
Buffers:          101348 kB
Cached:          1197252 kB
MemTotal:        1844596 kB
MemFree:          199188 kB
MemAvailable:    1478432 kB
Buffers:          101348 kB
Cached:          1197252 kB
MemTotal:        1844596 kB
MemFree:          198816 kB
MemAvailable:    1478060 kB
Buffers:          101348 kB
Cached:          1197252 kB
MemTotal:        1844596 kB
MemFree:          199068 kB
MemAvailable:    1478312 kB
Buffers:          101348 kB
Cached:          1197252 kB
MemTotal:        1844596 kB
MemFree:          198916 kB
MemAvailable:    1478160 kB
Buffers:          101348 kB
Cached:          1197252 kB
MemTotal:        1844596 kB
MemFree:          197616 kB
MemAvailable:    1476860 kB
Buffers:          101348 kB
Cached:          1197252 kB
MemTotal:        1844596 kB
MemFree:          198716 kB
MemAvailable:    1477960 kB
Buffers:          101348 kB
Cached:          1197252 kB
MemTotal:        1844596 kB
MemFree:          198864 kB
MemAvailable:    1478108 kB
Buffers:          101348 kB
Cached:          1197252 kB
MemTotal:        1844596 kB
MemFree:          198876 kB
MemAvailable:    1478120 kB
Buffers:          101348 kB
Cached:          1197252 kB
MemTotal:        1844596 kB
MemFree:          197704 kB
MemAvailable:    1476948 kB
Buffers:          101348 kB
Cached:          1197252 kB
MemTotal:        1844596 kB
MemFree:          197572 kB
MemAvailable:    1476816 kB
Buffers:          101348 kB
Cached:          1197252 kB
MemTotal:        1844596 kB
MemFree:          198848 kB
MemAvailable:    1478092 kB
Buffers:          101348 kB
Cached:          1197252 kB
MemTotal:        1844596 kB
MemFree:          199100 kB
MemAvailable:    1478344 kB
Buffers:          101348 kB
Cached:          1197252 kB
MemTotal:        1844596 kB
MemFree:          199384 kB
MemAvailable:    1478628 kB
Buffers:          101348 kB
Cached:          1197252 kB
MemTotal:        1844596 kB
MemFree:          199072 kB
MemAvailable:    1478316 kB
Buffers:          101348 kB
Cached:          1197252 kB
MemTotal:        1844596 kB
MemFree:          198144 kB
MemAvailable:    1477388 kB
Buffers:          101348 kB
Cached:          1197252 kB
MemTotal:        1844596 kB
MemFree:          198864 kB
MemAvailable:    1478116 kB
Buffers:          101348 kB
Cached:          1197260 kB
MemTotal:        1844596 kB
MemFree:          199116 kB
MemAvailable:    1478368 kB
Buffers:          101348 kB
Cached:          1197260 kB
MemTotal:        1844596 kB
MemFree:          198824 kB
MemAvailable:    1478076 kB
Buffers:          101348 kB
Cached:          1197260 kB
MemTotal:        1844596 kB
MemFree:          197704 kB
MemAvailable:    1476956 kB
Buffers:          101348 kB
Cached:          1197260 kB
MemTotal:        1844596 kB
MemFree:          198916 kB
MemAvailable:    1478168 kB
Buffers:          101348 kB
Cached:          1197260 kB
MemTotal:        1844596 kB
MemFree:          198144 kB
MemAvailable:    1477396 kB
Buffers:          101348 kB
Cached:          1197260 kB
MemTotal:        1844596 kB
MemFree:          198740 kB
MemAvailable:    1477992 kB
Buffers:          101348 kB
Cached:          1197260 kB
MemTotal:        1844596 kB
MemFree:          198824 kB
MemAvailable:    1478076 kB
Buffers:          101348 kB
Cached:          1197260 kB
MemTotal:        1844596 kB
MemFree:          197500 kB
MemAvailable:    1476752 kB
Buffers:          101348 kB
Cached:          1197260 kB
MemTotal:        1844596 kB
MemFree:          198884 kB
MemAvailable:    1478136 kB
Buffers:          101348 kB
Cached:          1197260 kB
MemTotal:        1844596 kB
MemFree:          198692 kB
MemAvailable:    1477944 kB
Buffers:          101348 kB
Cached:          1197260 kB
MemTotal:        1844596 kB
MemFree:          197576 kB
MemAvailable:    1476828 kB
Buffers:          101348 kB
Cached:          1197260 kB
MemTotal:        1844596 kB
MemFree:          198844 kB
MemAvailable:    1478096 kB
Buffers:          101348 kB
Cached:          1197260 kB
MemTotal:        1844596 kB
MemFree:          199096 kB
MemAvailable:    1478348 kB
Buffers:          101348 kB
Cached:          1197260 kB
MemTotal:        1844596 kB
MemFree:          198860 kB
MemAvailable:    1478112 kB
Buffers:          101348 kB
Cached:          1197260 kB
MemTotal:        1844596 kB
MemFree:          199112 kB
MemAvailable:    1478364 kB
Buffers:          101348 kB
Cached:          1197260 kB
MemTotal:        1844596 kB
MemFree:          197252 kB
MemAvailable:    1476504 kB
Buffers:          101348 kB
Cached:          1197260 kB
MemTotal:        1844596 kB
MemFree:          194664 kB
MemAvailable:    1473916 kB
Buffers:          101348 kB
Cached:          1197260 kB
MemTotal:        1844596 kB
MemFree:          192484 kB
MemAvailable:    1471736 kB
Buffers:          101348 kB
Cached:          1197260 kB
MemTotal:        1844596 kB
MemFree:          190084 kB
MemAvailable:    1469336 kB
Buffers:          101348 kB
Cached:          1197260 kB
MemTotal:        1844596 kB
MemFree:          188208 kB
MemAvailable:    1467460 kB
Buffers:          101348 kB
Cached:          1197260 kB
MemTotal:        1844596 kB
MemFree:          188208 kB
MemAvailable:    1467460 kB
Buffers:          101348 kB
Cached:          1197260 kB
MemTotal:        1844596 kB
MemFree:          188080 kB
MemAvailable:    1467332 kB
Buffers:          101348 kB
Cached:          1197260 kB
MemTotal:        1844596 kB
MemFree:          186708 kB
MemAvailable:    1465960 kB
Buffers:          101348 kB
Cached:          1197260 kB
MemTotal:        1844596 kB
MemFree:          188060 kB
MemAvailable:    1467312 kB
Buffers:          101348 kB
Cached:          1197260 kB
MemTotal:        1844596 kB
MemFree:          187664 kB
MemAvailable:    1466916 kB
Buffers:          101348 kB
Cached:          1197260 kB
MemTotal:        1844596 kB
MemFree:          188548 kB
MemAvailable:    1467800 kB
Buffers:          101348 kB
Cached:          1197260 kB
MemTotal:        1844596 kB
MemFree:          188208 kB
MemAvailable:    1467460 kB
Buffers:          101348 kB
Cached:          1197260 kB
MemTotal:        1844596 kB
MemFree:          187208 kB
MemAvailable:    1466460 kB
Buffers:          101348 kB
Cached:          1197260 kB
MemTotal:        1844596 kB
MemFree:          188068 kB
MemAvailable:    1467320 kB
Buffers:          101348 kB
Cached:          1197260 kB
MemTotal:        1844596 kB
MemFree:          187604 kB
MemAvailable:    1466856 kB
Buffers:          101348 kB
Cached:          1197260 kB
MemTotal:        1844596 kB
MemFree:          186804 kB
MemAvailable:    1466056 kB
Buffers:          101348 kB
Cached:          1197260 kB
MemTotal:        1844596 kB
MemFree:          188044 kB
MemAvailable:    1467296 kB
Buffers:          101348 kB
Cached:          1197260 kB
MemTotal:        1844596 kB
MemFree:          187224 kB
MemAvailable:    1466476 kB
Buffers:          101348 kB
Cached:          1197260 kB
MemTotal:        1844596 kB
MemFree:          187788 kB
MemAvailable:    1467044 kB
Buffers:          101348 kB
Cached:          1197264 kB
MemTotal:        1844596 kB
MemFree:          188124 kB
MemAvailable:    1467380 kB
Buffers:          101348 kB
Cached:          1197264 kB
MemTotal:        1844596 kB
MemFree:          187796 kB
MemAvailable:    1467052 kB
Buffers:          101348 kB
Cached:          1197264 kB
MemTotal:        1844596 kB
MemFree:          187960 kB
MemAvailable:    1467216 kB
Buffers:          101348 kB
Cached:          1197264 kB
MemTotal:        1844596 kB
MemFree:          188216 kB
MemAvailable:    1467472 kB
Buffers:          101348 kB
Cached:          1197264 kB
MemTotal:        1844596 kB
MemFree:          187828 kB
MemAvailable:    1467084 kB
Buffers:          101348 kB
Cached:          1197264 kB
MemTotal:        1844596 kB
MemFree:          187596 kB
MemAvailable:    1466852 kB
Buffers:          101348 kB
Cached:          1197264 kB
MemTotal:        1844596 kB
MemFree:          188080 kB
MemAvailable:    1467336 kB
Buffers:          101348 kB
Cached:          1197264 kB
MemTotal:        1844596 kB
MemFree:          187936 kB
MemAvailable:    1467192 kB
Buffers:          101348 kB
Cached:          1197264 kB
MemTotal:        1844596 kB
MemFree:          187936 kB
MemAvailable:    1467192 kB
Buffers:          101348 kB
Cached:          1197264 kB
MemTotal:        1844596 kB
MemFree:          187912 kB
MemAvailable:    1467168 kB
Buffers:          101348 kB
Cached:          1197264 kB
MemTotal:        1844596 kB
MemFree:          187900 kB
MemAvailable:    1467156 kB
Buffers:          101348 kB
Cached:          1197264 kB
MemTotal:        1844596 kB
MemFree:          188156 kB
MemAvailable:    1467412 kB
Buffers:          101348 kB
Cached:          1197264 kB
MemTotal:        1844596 kB
MemFree:          188004 kB
MemAvailable:    1467260 kB
Buffers:          101348 kB
Cached:          1197264 kB
MemTotal:        1844596 kB
MemFree:          187924 kB
MemAvailable:    1467180 kB
Buffers:          101348 kB
Cached:          1197264 kB
MemTotal:        1844596 kB
MemFree:          187924 kB
MemAvailable:    1467180 kB
Buffers:          101348 kB
Cached:          1197264 kB
MemTotal:        1844596 kB
MemFree:          186588 kB
MemAvailable:    1465844 kB
Buffers:          101348 kB
Cached:          1197264 kB
MemTotal:        1844596 kB
MemFree:          186580 kB
MemAvailable:    1465836 kB
Buffers:          101348 kB
Cached:          1197264 kB
MemTotal:        1844596 kB
MemFree:          188036 kB
MemAvailable:    1467292 kB
Buffers:          101348 kB
Cached:          1197264 kB
MemTotal:        1844596 kB
MemFree:          188072 kB
MemAvailable:    1467328 kB
Buffers:          101348 kB
Cached:          1197264 kB
MemTotal:        1844596 kB
MemFree:          187224 kB
MemAvailable:    1466480 kB
Buffers:          101348 kB
Cached:          1197264 kB
MemTotal:        1844596 kB
MemFree:          186960 kB
MemAvailable:    1466220 kB
Buffers:          101348 kB
Cached:          1197268 kB
MemTotal:        1844596 kB
MemFree:          188144 kB
MemAvailable:    1467404 kB
Buffers:          101348 kB
Cached:          1197268 kB
MemTotal:        1844596 kB
MemFree:          186968 kB
MemAvailable:    1466228 kB
Buffers:          101348 kB
Cached:          1197268 kB
MemTotal:        1844596 kB
MemFree:          186960 kB
MemAvailable:    1466220 kB
Buffers:          101348 kB
Cached:          1197268 kB
MemTotal:        1844596 kB
MemFree:          188392 kB
MemAvailable:    1467652 kB
Buffers:          101348 kB
Cached:          1197268 kB
MemTotal:        1844596 kB
MemFree:          188192 kB
MemAvailable:    1467452 kB
Buffers:          101348 kB
Cached:          1197268 kB
MemTotal:        1844596 kB
MemFree:          186960 kB
MemAvailable:    1466220 kB
Buffers:          101348 kB
Cached:          1197268 kB
MemTotal:        1844596 kB
MemFree:          186832 kB
MemAvailable:    1466092 kB
Buffers:          101348 kB
Cached:          1197268 kB
MemTotal:        1844596 kB
MemFree:          187960 kB
MemAvailable:    1467220 kB
Buffers:          101348 kB
Cached:          1197268 kB
MemTotal:        1844596 kB
MemFree:          187108 kB
MemAvailable:    1466368 kB
Buffers:          101348 kB
Cached:          1197268 kB
MemTotal:        1844596 kB
MemFree:          186976 kB
MemAvailable:    1466236 kB
Buffers:          101348 kB
Cached:          1197268 kB
MemTotal:        1844596 kB
MemFree:          187704 kB
MemAvailable:    1466964 kB
Buffers:          101348 kB
Cached:          1197268 kB
MemTotal:        1844596 kB
MemFree:          187704 kB
MemAvailable:    1466964 kB
Buffers:          101348 kB
Cached:          1197268 kB
MemTotal:        1844596 kB
MemFree:          187324 kB
MemAvailable:    1466584 kB
Buffers:          101348 kB
Cached:          1197268 kB
MemTotal:        1844596 kB
MemFree:          185788 kB
MemAvailable:    1465048 kB
Buffers:          101348 kB
Cached:          1197268 kB
MemTotal:        1844596 kB
MemFree:          187028 kB
MemAvailable:    1466288 kB
Buffers:          101348 kB
Cached:          1197268 kB
MemTotal:        1844596 kB
MemFree:          185656 kB
MemAvailable:    1464916 kB
Buffers:          101348 kB
Cached:          1197268 kB
MemTotal:        1844596 kB
MemFree:          186028 kB
MemAvailable:    1465288 kB
Buffers:          101348 kB
Cached:          1197268 kB
MemTotal:        1844596 kB
MemFree:          185480 kB
MemAvailable:    1464740 kB
Buffers:          101348 kB
Cached:          1197268 kB
MemTotal:        1844596 kB
MemFree:          185480 kB
MemAvailable:    1464740 kB
Buffers:          101348 kB
Cached:          1197268 kB
MemTotal:        1844596 kB
MemFree:          185440 kB
MemAvailable:    1464700 kB
Buffers:          101348 kB
Cached:          1197268 kB
MemTotal:        1844596 kB
MemFree:          186672 kB
MemAvailable:    1465936 kB
Buffers:          101348 kB
Cached:          1197272 kB
MemTotal:        1844596 kB
MemFree:          186604 kB
MemAvailable:    1465868 kB
Buffers:          101348 kB
Cached:          1197272 kB
MemTotal:        1844596 kB
MemFree:          186768 kB
MemAvailable:    1466032 kB
Buffers:          101348 kB
Cached:          1197272 kB
MemTotal:        1844596 kB
MemFree:          185344 kB
MemAvailable:    1464608 kB
Buffers:          101348 kB
Cached:          1197272 kB
MemTotal:        1844596 kB
MemFree:          185468 kB
MemAvailable:    1464732 kB
Buffers:          101348 kB
Cached:          1197272 kB
MemTotal:        1844596 kB
MemFree:          186644 kB
MemAvailable:    1465908 kB
Buffers:          101348 kB
Cached:          1197272 kB
MemTotal:        1844596 kB
MemFree:          186396 kB
MemAvailable:    1465660 kB
Buffers:          101348 kB
Cached:          1197272 kB
MemTotal:        1844596 kB
MemFree:          186480 kB
MemAvailable:    1465744 kB
Buffers:          101348 kB
Cached:          1197272 kB
MemTotal:        1844596 kB
MemFree:          186352 kB
MemAvailable:    1465616 kB
Buffers:          101348 kB
Cached:          1197272 kB
MemTotal:        1844596 kB
MemFree:          186544 kB
MemAvailable:    1465808 kB
Buffers:          101348 kB
Cached:          1197272 kB
MemTotal:        1844596 kB
MemFree:          185736 kB
MemAvailable:    1465000 kB
Buffers:          101348 kB
Cached:          1197272 kB
MemTotal:        1844596 kB
MemFree:          186176 kB
MemAvailable:    1465440 kB
Buffers:          101348 kB
Cached:          1197272 kB
MemTotal:        1844596 kB
MemFree:          186512 kB
MemAvailable:    1465776 kB
Buffers:          101348 kB
Cached:          1197272 kB
MemTotal:        1844596 kB
MemFree:          184736 kB
MemAvailable:    1464000 kB
Buffers:          101348 kB
Cached:          1197272 kB
MemTotal:        1844596 kB
MemFree:          186452 kB
MemAvailable:    1465716 kB
Buffers:          101348 kB
Cached:          1197272 kB
MemTotal:        1844596 kB
MemFree:          185116 kB
MemAvailable:    1464380 kB
Buffers:          101348 kB
Cached:          1197272 kB
MemTotal:        1844596 kB
MemFree:          185116 kB
MemAvailable:    1464380 kB
Buffers:          101348 kB
Cached:          1197272 kB
MemTotal:        1844596 kB
MemFree:          186416 kB
MemAvailable:    1465680 kB
Buffers:          101348 kB
Cached:          1197272 kB
MemTotal:        1844596 kB
MemFree:          182324 kB
MemAvailable:    1461588 kB
Buffers:          101348 kB
Cached:          1197272 kB
MemTotal:        1844596 kB
MemFree:          178172 kB
MemAvailable:    1457436 kB
Buffers:          101348 kB
Cached:          1197272 kB
MemTotal:        1844596 kB
MemFree:          175656 kB
MemAvailable:    1454920 kB
Buffers:          101348 kB
Cached:          1197272 kB
MemTotal:        1844596 kB
MemFree:          174452 kB
MemAvailable:    1453716 kB
Buffers:          101348 kB
Cached:          1197272 kB
MemTotal:        1844596 kB
MemFree:          175116 kB
MemAvailable:    1454380 kB
Buffers:          101348 kB
Cached:          1197272 kB
MemTotal:        1844596 kB
MemFree:          173816 kB
MemAvailable:    1453080 kB
Buffers:          101348 kB
Cached:          1197272 kB
MemTotal:        1844596 kB
MemFree:          173560 kB
MemAvailable:    1452824 kB
Buffers:          101348 kB
Cached:          1197272 kB
MemTotal:        1844596 kB
MemFree:          174544 kB
MemAvailable:    1453808 kB
Buffers:          101348 kB
Cached:          1197272 kB
MemTotal:        1844596 kB
MemFree:          174024 kB
MemAvailable:    1453288 kB
Buffers:          101348 kB
Cached:          1197272 kB
MemTotal:        1844596 kB
MemFree:          173956 kB
MemAvailable:    1453220 kB
Buffers:          101348 kB
Cached:          1197272 kB
MemTotal:        1844596 kB
MemFree:          172784 kB
MemAvailable:    1452048 kB
Buffers:          101348 kB
Cached:          1197272 kB
MemTotal:        1844596 kB
MemFree:          173396 kB
MemAvailable:    1452660 kB
Buffers:          101348 kB
Cached:          1197272 kB
MemTotal:        1844596 kB
MemFree:          171476 kB
MemAvailable:    1450740 kB
Buffers:          101348 kB
Cached:          1197272 kB
MemTotal:        1844596 kB
MemFree:          171892 kB
MemAvailable:    1451156 kB
Buffers:          101348 kB
Cached:          1197272 kB
MemTotal:        1844596 kB
MemFree:          171716 kB
MemAvailable:    1450980 kB
Buffers:          101348 kB
Cached:          1197272 kB
MemTotal:        1844596 kB
MemFree:          170104 kB
MemAvailable:    1449368 kB
Buffers:          101348 kB
Cached:          1197272 kB
MemTotal:        1844596 kB
MemFree:          170104 kB
MemAvailable:    1449368 kB
Buffers:          101348 kB
Cached:          1197272 kB
MemTotal:        1844596 kB
MemFree:          171464 kB
MemAvailable:    1450728 kB
Buffers:          101348 kB
Cached:          1197272 kB
MemTotal:        1844596 kB
MemFree:          171412 kB
MemAvailable:    1450676 kB
Buffers:          101348 kB
Cached:          1197272 kB
MemTotal:        1844596 kB
MemFree:          171152 kB
MemAvailable:    1450416 kB
Buffers:          101348 kB
Cached:          1197272 kB
MemTotal:        1844596 kB
MemFree:          170980 kB
MemAvailable:    1450244 kB
Buffers:          101348 kB
Cached:          1197272 kB
MemTotal:        1844596 kB
MemFree:          170180 kB
MemAvailable:    1449444 kB
Buffers:          101348 kB
Cached:          1197272 kB
MemTotal:        1844596 kB
MemFree:          171232 kB
MemAvailable:    1450496 kB
Buffers:          101348 kB
Cached:          1197272 kB
MemTotal:        1844596 kB
MemFree:          171520 kB
MemAvailable:    1450784 kB
Buffers:          101348 kB
Cached:          1197272 kB
MemTotal:        1844596 kB
MemFree:          170492 kB
MemAvailable:    1449756 kB
Buffers:          101348 kB
Cached:          1197272 kB
MemTotal:        1844596 kB
MemFree:          170964 kB
MemAvailable:    1450232 kB
Buffers:          101348 kB
Cached:          1197276 kB
MemTotal:        1844596 kB
MemFree:          171300 kB
MemAvailable:    1450568 kB
Buffers:          101348 kB
Cached:          1197276 kB
MemTotal:        1844596 kB
MemFree:          170920 kB
MemAvailable:    1450188 kB
Buffers:          101348 kB
Cached:          1197276 kB
MemTotal:        1844596 kB
MemFree:          170660 kB
MemAvailable:    1449928 kB
Buffers:          101348 kB
Cached:          1197276 kB
MemTotal:        1844596 kB
MemFree:          170072 kB
MemAvailable:    1449340 kB
Buffers:          101348 kB
Cached:          1197276 kB
MemTotal:        1844596 kB
MemFree:          168260 kB
MemAvailable:    1447528 kB
Buffers:          101348 kB
Cached:          1197276 kB
MemTotal:        1844596 kB
MemFree:          169188 kB
MemAvailable:    1448456 kB
Buffers:          101348 kB
Cached:          1197276 kB
MemTotal:        1844596 kB
MemFree:          169188 kB
MemAvailable:    1448456 kB
Buffers:          101348 kB
Cached:          1197276 kB
MemTotal:        1844596 kB
MemFree:          169116 kB
MemAvailable:    1448384 kB
Buffers:          101348 kB
Cached:          1197276 kB
MemTotal:        1844596 kB
MemFree:          168872 kB
MemAvailable:    1448140 kB
Buffers:          101348 kB
Cached:          1197276 kB
MemTotal:        1844596 kB
MemFree:          168864 kB
MemAvailable:    1448132 kB
Buffers:          101348 kB
Cached:          1197276 kB
MemTotal:        1844596 kB
MemFree:          167740 kB
MemAvailable:    1447008 kB
Buffers:          101348 kB
Cached:          1197276 kB
MemTotal:        1844596 kB
MemFree:          167880 kB
MemAvailable:    1447148 kB
Buffers:          101348 kB
Cached:          1197276 kB
MemTotal:        1844596 kB
MemFree:          167700 kB
MemAvailable:    1446968 kB
Buffers:          101348 kB
Cached:          1197276 kB
MemTotal:        1844596 kB
MemFree:          167244 kB
MemAvailable:    1446512 kB
Buffers:          101348 kB
Cached:          1197276 kB
MemTotal:        1844596 kB
MemFree:          167580 kB
MemAvailable:    1446848 kB
Buffers:          101348 kB
Cached:          1197276 kB
MemTotal:        1844596 kB
MemFree:          167112 kB
MemAvailable:    1446380 kB
Buffers:          101348 kB
Cached:          1197276 kB
MemTotal:        1844596 kB
MemFree:          166764 kB
MemAvailable:    1446032 kB
Buffers:          101348 kB
Cached:          1197276 kB
MemTotal:        1844596 kB
MemFree:          167176 kB
MemAvailable:    1446444 kB
Buffers:          101348 kB
Cached:          1197276 kB
MemTotal:        1844596 kB
MemFree:          167004 kB
MemAvailable:    1446272 kB
Buffers:          101348 kB
Cached:          1197276 kB
MemTotal:        1844596 kB
MemFree:          167020 kB
MemAvailable:    1446288 kB
Buffers:          101348 kB
Cached:          1197276 kB
MemTotal:        1844596 kB
MemFree:          167196 kB
MemAvailable:    1446464 kB
Buffers:          101348 kB
Cached:          1197276 kB
MemTotal:        1844596 kB
MemFree:          165972 kB
MemAvailable:    1445240 kB
Buffers:          101348 kB
Cached:          1197276 kB
MemTotal:        1844596 kB
MemFree:          165832 kB
MemAvailable:    1445100 kB
Buffers:          101348 kB
Cached:          1197276 kB
MemTotal:        1844596 kB
MemFree:          165884 kB
MemAvailable:    1445152 kB
Buffers:          101348 kB
Cached:          1197276 kB
MemTotal:        1844596 kB
MemFree:          166956 kB
MemAvailable:    1446224 kB
Buffers:          101348 kB
Cached:          1197276 kB
MemTotal:        1844596 kB
MemFree:          166640 kB
MemAvailable:    1445908 kB
Buffers:          101348 kB
Cached:          1197276 kB
MemTotal:        1844596 kB
MemFree:          167000 kB
MemAvailable:    1446268 kB
Buffers:          101348 kB
Cached:          1197276 kB
MemTotal:        1844596 kB
MemFree:          166828 kB
MemAvailable:    1446096 kB
Buffers:          101348 kB
Cached:          1197276 kB
MemTotal:        1844596 kB
MemFree:          166276 kB
MemAvailable:    1445548 kB
Buffers:          101348 kB
Cached:          1197280 kB
MemTotal:        1844596 kB
MemFree:          166748 kB
MemAvailable:    1446020 kB
Buffers:          101348 kB
Cached:          1197280 kB
MemTotal:        1844596 kB
MemFree:          166640 kB
MemAvailable:    1445912 kB
Buffers:          101348 kB
Cached:          1197280 kB
MemTotal:        1844596 kB
MemFree:          166928 kB
MemAvailable:    1446200 kB
Buffers:          101348 kB
Cached:          1197280 kB
MemTotal:        1844596 kB
MemFree:          166888 kB
MemAvailable:    1446160 kB
Buffers:          101348 kB
Cached:          1197280 kB
MemTotal:        1844596 kB
MemFree:          166152 kB
MemAvailable:    1445424 kB
Buffers:          101348 kB
Cached:          1197280 kB
MemTotal:        1844596 kB
MemFree:          166996 kB
MemAvailable:    1446268 kB
Buffers:          101348 kB
Cached:          1197280 kB
MemTotal:        1844596 kB
MemFree:          167332 kB
MemAvailable:    1446604 kB
Buffers:          101348 kB
Cached:          1197280 kB
MemTotal:        1844596 kB
MemFree:          166864 kB
MemAvailable:    1446136 kB
Buffers:          101348 kB
Cached:          1197280 kB
MemTotal:        1844596 kB
MemFree:          166948 kB
MemAvailable:    1446220 kB
Buffers:          101348 kB
Cached:          1197280 kB
MemTotal:        1844596 kB
MemFree:          166928 kB
MemAvailable:    1446200 kB
Buffers:          101348 kB
Cached:          1197280 kB
MemTotal:        1844596 kB
MemFree:          165712 kB
MemAvailable:    1444984 kB
Buffers:          101348 kB
Cached:          1197280 kB
MemTotal:        1844596 kB
MemFree:          166684 kB
MemAvailable:    1445956 kB
Buffers:          101348 kB
Cached:          1197280 kB
MemTotal:        1844596 kB
MemFree:          166936 kB
MemAvailable:    1446208 kB
Buffers:          101348 kB
Cached:          1197280 kB
MemTotal:        1844596 kB
MemFree:          165640 kB
MemAvailable:    1444912 kB
Buffers:          101348 kB
Cached:          1197280 kB
MemTotal:        1844596 kB
MemFree:          165508 kB
MemAvailable:    1444780 kB
Buffers:          101348 kB
Cached:          1197280 kB
MemTotal:        1844596 kB
MemFree:          164408 kB
MemAvailable:    1443680 kB
Buffers:          101348 kB
Cached:          1197280 kB
MemTotal:        1844596 kB
MemFree:          165136 kB
MemAvailable:    1444408 kB
Buffers:          101348 kB
Cached:          1197280 kB
MemTotal:        1844596 kB
MemFree:          165220 kB
MemAvailable:    1444492 kB
Buffers:          101348 kB
Cached:          1197280 kB
MemTotal:        1844596 kB
MemFree:          161680 kB
MemAvailable:    1440952 kB
Buffers:          101348 kB
Cached:          1197280 kB
MemTotal:        1844596 kB
MemFree:          159756 kB
MemAvailable:    1439028 kB
Buffers:          101348 kB
Cached:          1197280 kB
MemTotal:        1844596 kB
MemFree:          157524 kB
MemAvailable:    1436796 kB
Buffers:          101348 kB
Cached:          1197280 kB
MemTotal:        1844596 kB
MemFree:          153804 kB
MemAvailable:    1433076 kB
Buffers:          101348 kB
Cached:          1197280 kB
MemTotal:        1844596 kB
MemFree:          149512 kB
MemAvailable:    1428784 kB
Buffers:          101348 kB
Cached:          1197280 kB
MemTotal:        1844596 kB
MemFree:          148908 kB
MemAvailable:    1428180 kB
Buffers:          101348 kB
Cached:          1197280 kB
MemTotal:        1844596 kB
MemFree:          148660 kB
MemAvailable:    1427932 kB
Buffers:          101348 kB
Cached:          1197280 kB
MemTotal:        1844596 kB
MemFree:          148588 kB
MemAvailable:    1427860 kB
Buffers:          101348 kB
Cached:          1197280 kB
MemTotal:        1844596 kB
MemFree:          147552 kB
MemAvailable:    1426824 kB
Buffers:          101348 kB
Cached:          1197280 kB
MemTotal:        1844596 kB
MemFree:          148240 kB
MemAvailable:    1427512 kB
Buffers:          101348 kB
Cached:          1197280 kB
MemTotal:        1844596 kB
MemFree:          147836 kB
MemAvailable:    1427108 kB
Buffers:          101348 kB
Cached:          1197280 kB
MemTotal:        1844596 kB
MemFree:          148108 kB
MemAvailable:    1427380 kB
Buffers:          101348 kB
Cached:          1197280 kB
MemTotal:        1844596 kB
MemFree:          147924 kB
MemAvailable:    1427196 kB
Buffers:          101348 kB
Cached:          1197280 kB
MemTotal:        1844596 kB
MemFree:          148348 kB
MemAvailable:    1427620 kB
Buffers:          101348 kB
Cached:          1197280 kB
MemTotal:        1844596 kB
MemFree:          148240 kB
MemAvailable:    1427512 kB
Buffers:          101348 kB
Cached:          1197280 kB
MemTotal:        1844596 kB
MemFree:          147544 kB
MemAvailable:    1426816 kB
Buffers:          101348 kB
Cached:          1197280 kB
MemTotal:        1844596 kB
MemFree:          147984 kB
MemAvailable:    1427256 kB
Buffers:          101348 kB
Cached:          1197280 kB
MemTotal:        1844596 kB
MemFree:          147588 kB
MemAvailable:    1426860 kB
Buffers:          101348 kB
Cached:          1197280 kB
MemTotal:        1844596 kB
MemFree:          146800 kB
MemAvailable:    1426072 kB
Buffers:          101348 kB
Cached:          1197280 kB
MemTotal:        1844596 kB
MemFree:          147544 kB
MemAvailable:    1426816 kB
Buffers:          101348 kB
Cached:          1197280 kB
MemTotal:        1844596 kB
MemFree:          146180 kB
MemAvailable:    1425452 kB
Buffers:          101348 kB
Cached:          1197280 kB
MemTotal:        1844596 kB
MemFree:          146180 kB
MemAvailable:    1425452 kB
Buffers:          101348 kB
Cached:          1197280 kB
MemTotal:        1844596 kB
MemFree:          147732 kB
MemAvailable:    1427004 kB
Buffers:          101348 kB
Cached:          1197280 kB
MemTotal:        1844596 kB
MemFree:          147732 kB
MemAvailable:    1427004 kB
Buffers:          101348 kB
Cached:          1197280 kB
MemTotal:        1844596 kB
MemFree:          147528 kB
MemAvailable:    1426800 kB
Buffers:          101348 kB
Cached:          1197280 kB
MemTotal:        1844596 kB
MemFree:          147288 kB
MemAvailable:    1426560 kB
Buffers:          101348 kB
Cached:          1197280 kB
MemTotal:        1844596 kB
MemFree:          146000 kB
MemAvailable:    1425272 kB
Buffers:          101348 kB
Cached:          1197280 kB
MemTotal:        1844596 kB
MemFree:          147268 kB
MemAvailable:    1426540 kB
Buffers:          101348 kB
Cached:          1197280 kB
MemTotal:        1844596 kB
MemFree:          147520 kB
MemAvailable:    1426792 kB
Buffers:          101348 kB
Cached:          1197280 kB
MemTotal:        1844596 kB
MemFree:          147468 kB
MemAvailable:    1426740 kB
Buffers:          101348 kB
Cached:          1197280 kB
MemTotal:        1844596 kB
MemFree:          147096 kB
MemAvailable:    1426368 kB
Buffers:          101348 kB
Cached:          1197280 kB
MemTotal:        1844596 kB
MemFree:          147432 kB
MemAvailable:    1426704 kB
Buffers:          101348 kB
Cached:          1197280 kB
MemTotal:        1844596 kB
MemFree:          147440 kB
MemAvailable:    1426712 kB
Buffers:          101348 kB
Cached:          1197280 kB
MemTotal:        1844596 kB
MemFree:          147472 kB
MemAvailable:    1426744 kB
Buffers:          101348 kB
Cached:          1197280 kB
MemTotal:        1844596 kB
MemFree:          147224 kB
MemAvailable:    1426496 kB
Buffers:          101348 kB
Cached:          1197280 kB
MemTotal:        1844596 kB
MemFree:          146108 kB
MemAvailable:    1425380 kB
Buffers:          101348 kB
Cached:          1197280 kB
MemTotal:        1844596 kB
MemFree:          147340 kB
MemAvailable:    1426612 kB
Buffers:          101348 kB
Cached:          1197280 kB
MemTotal:        1844596 kB
MemFree:          146172 kB
MemAvailable:    1425444 kB
Buffers:          101348 kB
Cached:          1197280 kB
MemTotal:        1844596 kB
MemFree:          141716 kB
MemAvailable:    1420988 kB
Buffers:          101348 kB
Cached:          1197280 kB
MemTotal:        1844596 kB
MemFree:          138600 kB
MemAvailable:    1417872 kB
Buffers:          101348 kB
Cached:          1197280 kB
MemTotal:        1844596 kB
MemFree:          138492 kB
MemAvailable:    1417764 kB
Buffers:          101348 kB
Cached:          1197280 kB
MemTotal:        1844596 kB
MemFree:          134460 kB
MemAvailable:    1413732 kB
Buffers:          101348 kB
Cached:          1197280 kB
MemTotal:        1844596 kB
MemFree:          132044 kB
MemAvailable:    1411316 kB
Buffers:          101348 kB
Cached:          1197280 kB
MemTotal:        1844596 kB
MemFree:          129316 kB
MemAvailable:    1408588 kB
Buffers:          101348 kB
Cached:          1197280 kB
MemTotal:        1844596 kB
MemFree:          129184 kB
MemAvailable:    1408460 kB
Buffers:          101348 kB
Cached:          1197284 kB
MemTotal:        1844596 kB
MemFree:          128828 kB
MemAvailable:    1408104 kB
Buffers:          101348 kB
Cached:          1197284 kB
MemTotal:        1844596 kB
MemFree:          129080 kB
MemAvailable:    1408356 kB
Buffers:          101348 kB
Cached:          1197284 kB
MemTotal:        1844596 kB
MemFree:          129076 kB
MemAvailable:    1408352 kB
Buffers:          101348 kB
Cached:          1197284 kB
MemTotal:        1844596 kB
MemFree:          129060 kB
MemAvailable:    1408336 kB
Buffers:          101348 kB
Cached:          1197284 kB
MemTotal:        1844596 kB
MemFree:          128936 kB
MemAvailable:    1408212 kB
Buffers:          101348 kB
Cached:          1197284 kB
MemTotal:        1844596 kB
MemFree:          127704 kB
MemAvailable:    1406980 kB
Buffers:          101348 kB
Cached:          1197284 kB
MemTotal:        1844596 kB
MemFree:          129028 kB
MemAvailable:    1408304 kB
Buffers:          101348 kB
Cached:          1197284 kB
MemTotal:        1844596 kB
MemFree:          129128 kB
MemAvailable:    1408404 kB
Buffers:          101348 kB
Cached:          1197284 kB
MemTotal:        1844596 kB
MemFree:          129004 kB
MemAvailable:    1408280 kB
Buffers:          101348 kB
Cached:          1197284 kB
MemTotal:        1844596 kB
MemFree:          128828 kB
MemAvailable:    1408104 kB
Buffers:          101348 kB
Cached:          1197284 kB
MemTotal:        1844596 kB
MemFree:          129020 kB
MemAvailable:    1408304 kB
Buffers:          101348 kB
Cached:          1197292 kB
MemTotal:        1844596 kB
MemFree:          129076 kB
MemAvailable:    1408360 kB
Buffers:          101348 kB
Cached:          1197292 kB
MemTotal:        1844596 kB
MemFree:          129020 kB
MemAvailable:    1408304 kB
Buffers:          101348 kB
Cached:          1197292 kB
MemTotal:        1844596 kB
MemFree:          127776 kB
MemAvailable:    1407060 kB
Buffers:          101348 kB
Cached:          1197292 kB
MemTotal:        1844596 kB
MemFree:          128884 kB
MemAvailable:    1408168 kB
Buffers:          101348 kB
Cached:          1197292 kB
MemTotal:        1844596 kB
MemFree:          129112 kB
MemAvailable:    1408396 kB
Buffers:          101348 kB
Cached:          1197292 kB
MemTotal:        1844596 kB
MemFree:          128936 kB
MemAvailable:    1408220 kB
Buffers:          101348 kB
Cached:          1197292 kB
MemTotal:        1844596 kB
MemFree:          129272 kB
MemAvailable:    1408556 kB
Buffers:          101348 kB
Cached:          1197292 kB
MemTotal:        1844596 kB
MemFree:          127820 kB
MemAvailable:    1407104 kB
Buffers:          101348 kB
Cached:          1197292 kB
MemTotal:        1844596 kB
MemFree:          127820 kB
MemAvailable:    1407104 kB
Buffers:          101348 kB
Cached:          1197292 kB
MemTotal:        1844596 kB
MemFree:          128068 kB
MemAvailable:    1407352 kB
Buffers:          101348 kB
Cached:          1197292 kB
MemTotal:        1844596 kB
MemFree:          128068 kB
MemAvailable:    1407352 kB
Buffers:          101348 kB
Cached:          1197292 kB
MemTotal:        1844596 kB
MemFree:          127944 kB
MemAvailable:    1407228 kB
Buffers:          101348 kB
Cached:          1197292 kB
MemTotal:        1844596 kB
MemFree:          129052 kB
MemAvailable:    1408336 kB
Buffers:          101348 kB
Cached:          1197292 kB
MemTotal:        1844596 kB
MemFree:          129200 kB
MemAvailable:    1408484 kB
Buffers:          101348 kB
Cached:          1197292 kB
MemTotal:        1844596 kB
MemFree:          129020 kB
MemAvailable:    1408304 kB
Buffers:          101348 kB
Cached:          1197292 kB
MemTotal:        1844596 kB
MemFree:          128876 kB
MemAvailable:    1408160 kB
Buffers:          101348 kB
Cached:          1197292 kB
MemTotal:        1844596 kB
MemFree:          129212 kB
MemAvailable:    1408496 kB
Buffers:          101348 kB
Cached:          1197292 kB
MemTotal:        1844596 kB
MemFree:          129052 kB
MemAvailable:    1408336 kB
Buffers:          101348 kB
Cached:          1197292 kB
MemTotal:        1844596 kB
MemFree:          129264 kB
MemAvailable:    1408548 kB
Buffers:          101348 kB
Cached:          1197292 kB
MemTotal:        1844596 kB
MemFree:          129192 kB
MemAvailable:    1408476 kB
Buffers:          101348 kB
Cached:          1197292 kB
MemTotal:        1844596 kB
MemFree:          127808 kB
MemAvailable:    1407092 kB
Buffers:          101348 kB
Cached:          1197292 kB
MemTotal:        1844596 kB
MemFree:          129000 kB
MemAvailable:    1408284 kB
Buffers:          101348 kB
Cached:          1197292 kB
MemTotal:        1844596 kB
MemFree:          129252 kB
MemAvailable:    1408536 kB
Buffers:          101348 kB
Cached:          1197292 kB
MemTotal:        1844596 kB
MemFree:          127456 kB
MemAvailable:    1406740 kB
Buffers:          101348 kB
Cached:          1197292 kB
MemTotal:        1844596 kB
MemFree:          124460 kB
MemAvailable:    1403744 kB
Buffers:          101348 kB
Cached:          1197292 kB
MemTotal:        1844596 kB
MemFree:          121876 kB
MemAvailable:    1401160 kB
Buffers:          101348 kB
Cached:          1197292 kB
MemTotal:        1844596 kB
MemFree:          114420 kB
MemAvailable:    1393704 kB
Buffers:          101348 kB
Cached:          1197292 kB
MemTotal:        1844596 kB
MemFree:          113816 kB
MemAvailable:    1393100 kB
Buffers:          101348 kB
Cached:          1197292 kB
MemTotal:        1844596 kB
MemFree:          111884 kB
MemAvailable:    1391168 kB
Buffers:          101348 kB
Cached:          1197292 kB
MemTotal:        1844596 kB
MemFree:          111908 kB
MemAvailable:    1391192 kB
Buffers:          101348 kB
Cached:          1197292 kB
MemTotal:        1844596 kB
MemFree:          110716 kB
MemAvailable:    1390000 kB
Buffers:          101348 kB
Cached:          1197292 kB
MemTotal:        1844596 kB
MemFree:          111320 kB
MemAvailable:    1390608 kB
Buffers:          101348 kB
Cached:          1197296 kB
MemTotal:        1844596 kB
MemFree:          111532 kB
MemAvailable:    1390820 kB
Buffers:          101348 kB
Cached:          1197296 kB
MemTotal:        1844596 kB
MemFree:          109848 kB
MemAvailable:    1389136 kB
Buffers:          101348 kB
Cached:          1197296 kB
MemTotal:        1844596 kB
MemFree:          110700 kB
MemAvailable:    1389988 kB
Buffers:          101348 kB
Cached:          1197296 kB
MemTotal:        1844596 kB
MemFree:          110220 kB
MemAvailable:    1389508 kB
Buffers:          101348 kB
Cached:          1197296 kB
MemTotal:        1844596 kB
MemFree:          110536 kB
MemAvailable:    1389824 kB
Buffers:          101348 kB
Cached:          1197296 kB
MemTotal:        1844596 kB
MemFree:          110716 kB
MemAvailable:    1390004 kB
Buffers:          101348 kB
Cached:          1197296 kB
MemTotal:        1844596 kB
MemFree:          109600 kB
MemAvailable:    1388888 kB
Buffers:          101348 kB
Cached:          1197296 kB
MemTotal:        1844596 kB
MemFree:          110068 kB
MemAvailable:    1389356 kB
Buffers:          101348 kB
Cached:          1197296 kB
MemTotal:        1844596 kB
MemFree:          108788 kB
MemAvailable:    1388076 kB
Buffers:          101348 kB
Cached:          1197296 kB
MemTotal:        1844596 kB
MemFree:          109036 kB
MemAvailable:    1388324 kB
Buffers:          101348 kB
Cached:          1197296 kB
MemTotal:        1844596 kB
MemFree:          110020 kB
MemAvailable:    1389308 kB
Buffers:          101348 kB
Cached:          1197296 kB
MemTotal:        1844596 kB
MemFree:          109856 kB
MemAvailable:    1389144 kB
Buffers:          101348 kB
Cached:          1197296 kB
MemTotal:        1844596 kB
MemFree:          109536 kB
MemAvailable:    1388824 kB
Buffers:          101348 kB
Cached:          1197296 kB
MemTotal:        1844596 kB
MemFree:          109352 kB
MemAvailable:    1388640 kB
Buffers:          101348 kB
Cached:          1197296 kB
MemTotal:        1844596 kB
MemFree:          108972 kB
MemAvailable:    1388260 kB
Buffers:          101348 kB
Cached:          1197296 kB
MemTotal:        1844596 kB
MemFree:          107988 kB
MemAvailable:    1387276 kB
Buffers:          101348 kB
Cached:          1197296 kB
MemTotal:        1844596 kB
MemFree:          107824 kB
MemAvailable:    1387112 kB
Buffers:          101348 kB
Cached:          1197296 kB
MemTotal:        1844596 kB
MemFree:          107732 kB
MemAvailable:    1387020 kB
Buffers:          101348 kB
Cached:          1197296 kB
MemTotal:        1844596 kB
MemFree:          106264 kB
MemAvailable:    1385552 kB
Buffers:          101348 kB
Cached:          1197296 kB
MemTotal:        1844596 kB
MemFree:          105444 kB
MemAvailable:    1384732 kB
Buffers:          101348 kB
Cached:          1197296 kB
MemTotal:        1844596 kB
MemFree:          105508 kB
MemAvailable:    1384796 kB
Buffers:          101348 kB
Cached:          1197296 kB
MemTotal:        1844596 kB
MemFree:          104756 kB
MemAvailable:    1384044 kB
Buffers:          101348 kB
Cached:          1197296 kB
MemTotal:        1844596 kB
MemFree:          104560 kB
MemAvailable:    1383848 kB
Buffers:          101348 kB
Cached:          1197296 kB
MemTotal:        1844596 kB
MemFree:          104488 kB
MemAvailable:    1383776 kB
Buffers:          101348 kB
Cached:          1197296 kB
MemTotal:        1844596 kB
MemFree:          104488 kB
MemAvailable:    1383776 kB
Buffers:          101348 kB
Cached:          1197296 kB
MemTotal:        1844596 kB
MemFree:          103120 kB
MemAvailable:    1382408 kB
Buffers:          101348 kB
Cached:          1197296 kB
MemTotal:        1844596 kB
MemFree:          104352 kB
MemAvailable:    1383640 kB
Buffers:          101348 kB
Cached:          1197296 kB
MemTotal:        1844596 kB
MemFree:          104508 kB
MemAvailable:    1383796 kB
Buffers:          101348 kB
Cached:          1197296 kB
MemTotal:        1844596 kB
MemFree:          103348 kB
MemAvailable:    1382636 kB
Buffers:          101348 kB
Cached:          1197296 kB
MemTotal:        1844596 kB
MemFree:          103708 kB
MemAvailable:    1382996 kB
Buffers:          101348 kB
Cached:          1197296 kB
MemTotal:        1844596 kB
MemFree:          103372 kB
MemAvailable:    1382660 kB
Buffers:          101348 kB
Cached:          1197296 kB
MemTotal:        1844596 kB
MemFree:          102964 kB
MemAvailable:    1382252 kB
Buffers:          101348 kB
Cached:          1197296 kB
MemTotal:        1844596 kB
MemFree:          102168 kB
MemAvailable:    1381456 kB
Buffers:          101348 kB
Cached:          1197296 kB
MemTotal:        1844596 kB
MemFree:          103024 kB
MemAvailable:    1382312 kB
Buffers:          101348 kB
Cached:          1197296 kB
MemTotal:        1844596 kB
MemFree:          102964 kB
MemAvailable:    1382252 kB
Buffers:          101348 kB
Cached:          1197296 kB
MemTotal:        1844596 kB
MemFree:          102892 kB
MemAvailable:    1382180 kB
Buffers:          101348 kB
Cached:          1197296 kB
MemTotal:        1844596 kB
MemFree:          101604 kB
MemAvailable:    1380892 kB
Buffers:          101348 kB
Cached:          1197296 kB
MemTotal:        1844596 kB
MemFree:          103004 kB
MemAvailable:    1382292 kB
Buffers:          101348 kB
Cached:          1197296 kB
MemTotal:        1844596 kB
MemFree:          102808 kB
MemAvailable:    1382096 kB
Buffers:          101348 kB
Cached:          1197296 kB
MemTotal:        1844596 kB
MemFree:          102832 kB
MemAvailable:    1382120 kB
Buffers:          101348 kB
Cached:          1197296 kB
MemTotal:        1844596 kB
MemFree:          103084 kB
MemAvailable:    1382372 kB
Buffers:          101348 kB
Cached:          1197296 kB
MemTotal:        1844596 kB
MemFree:          102848 kB
MemAvailable:    1382140 kB
Buffers:          101348 kB
Cached:          1197300 kB
MemTotal:        1844596 kB
MemFree:          103104 kB
MemAvailable:    1382396 kB
Buffers:          101348 kB
Cached:          1197300 kB
MemTotal:        1844596 kB
MemFree:          102716 kB
MemAvailable:    1382008 kB
Buffers:          101348 kB
Cached:          1197300 kB
MemTotal:        1844596 kB
MemFree:          102972 kB
MemAvailable:    1382264 kB
Buffers:          101348 kB
Cached:          1197300 kB
MemTotal:        1844596 kB
MemFree:          102944 kB
MemAvailable:    1382236 kB
Buffers:          101348 kB
Cached:          1197300 kB
MemTotal:        1844596 kB
MemFree:          102740 kB
MemAvailable:    1382032 kB
Buffers:          101348 kB
Cached:          1197300 kB
MemTotal:        1844596 kB
MemFree:          102992 kB
MemAvailable:    1382284 kB
Buffers:          101348 kB
Cached:          1197300 kB
MemTotal:        1844596 kB
MemFree:          101628 kB
MemAvailable:    1380920 kB
Buffers:          101348 kB
Cached:          1197300 kB
MemTotal:        1844596 kB
MemFree:          103016 kB
MemAvailable:    1382308 kB
Buffers:          101348 kB
Cached:          1197300 kB
MemTotal:        1844596 kB
MemFree:          102804 kB
MemAvailable:    1382096 kB
Buffers:          101348 kB
Cached:          1197300 kB
MemTotal:        1844596 kB
MemFree:          102988 kB
MemAvailable:    1382280 kB
Buffers:          101348 kB
Cached:          1197300 kB
MemTotal:        1844596 kB
MemFree:          102924 kB
MemAvailable:    1382216 kB
Buffers:          101348 kB
Cached:          1197300 kB
MemTotal:        1844596 kB
MemFree:          101616 kB
MemAvailable:    1380908 kB
Buffers:          101348 kB
Cached:          1197300 kB
MemTotal:        1844596 kB
MemFree:          102904 kB
MemAvailable:    1382196 kB
Buffers:          101348 kB
Cached:          1197300 kB
MemTotal:        1844596 kB
MemFree:          103116 kB
MemAvailable:    1382408 kB
Buffers:          101348 kB
Cached:          1197300 kB
MemTotal:        1844596 kB
MemFree:          101540 kB
MemAvailable:    1380832 kB
Buffers:          101348 kB
Cached:          1197300 kB
MemTotal:        1844596 kB
MemFree:          102716 kB
MemAvailable:    1382008 kB
Buffers:          101348 kB
Cached:          1197300 kB
MemTotal:        1844596 kB
MemFree:          102840 kB
MemAvailable:    1382132 kB
Buffers:          101348 kB
Cached:          1197300 kB
MemTotal:        1844596 kB
MemFree:          102960 kB
MemAvailable:    1382252 kB
Buffers:          101348 kB
Cached:          1197300 kB
MemTotal:        1844596 kB
MemFree:          102912 kB
MemAvailable:    1382204 kB
Buffers:          101348 kB
Cached:          1197300 kB
MemTotal:        1844596 kB
MemFree:          102656 kB
MemAvailable:    1381948 kB
Buffers:          101348 kB
Cached:          1197300 kB
MemTotal:        1844596 kB
MemFree:          101640 kB
MemAvailable:    1380932 kB
Buffers:          101348 kB
Cached:          1197300 kB
MemTotal:        1844596 kB
MemFree:          102044 kB
MemAvailable:    1381336 kB
Buffers:          101348 kB
Cached:          1197300 kB
MemTotal:        1844596 kB
MemFree:          103160 kB
MemAvailable:    1382456 kB
Buffers:          101348 kB
Cached:          1197304 kB
MemTotal:        1844596 kB
MemFree:          101928 kB
MemAvailable:    1381224 kB
Buffers:          101348 kB
Cached:          1197304 kB
MemTotal:        1844596 kB
MemFree:          102964 kB
MemAvailable:    1382260 kB
Buffers:          101348 kB
Cached:          1197304 kB
MemTotal:        1844596 kB
MemFree:          101788 kB
MemAvailable:    1381084 kB
Buffers:          101348 kB
Cached:          1197304 kB
MemTotal:        1844596 kB
MemFree:          102840 kB
MemAvailable:    1382136 kB
Buffers:          101348 kB
Cached:          1197304 kB
MemTotal:        1844596 kB
MemFree:          102864 kB
MemAvailable:    1382160 kB
Buffers:          101348 kB
Cached:          1197304 kB
MemTotal:        1844596 kB
MemFree:          102772 kB
MemAvailable:    1382068 kB
Buffers:          101348 kB
Cached:          1197304 kB
MemTotal:        1844596 kB
MemFree:          103024 kB
MemAvailable:    1382320 kB
Buffers:          101348 kB
Cached:          1197304 kB
MemTotal:        1844596 kB
MemFree:          102732 kB
MemAvailable:    1382028 kB
Buffers:          101348 kB
Cached:          1197304 kB
MemTotal:        1844596 kB
MemFree:           99432 kB
MemAvailable:    1378728 kB
Buffers:          101348 kB
Cached:          1197304 kB
MemTotal:        1844596 kB
MemFree:           99432 kB
MemAvailable:    1378728 kB
Buffers:          101348 kB
Cached:          1197304 kB
MemTotal:        1844596 kB
MemFree:           94852 kB
MemAvailable:    1374148 kB
Buffers:          101348 kB
Cached:          1197304 kB
MemTotal:        1844596 kB
MemFree:           93212 kB
MemAvailable:    1372508 kB
Buffers:          101348 kB
Cached:          1197304 kB
MemTotal:        1844596 kB
MemFree:           91256 kB
MemAvailable:    1370552 kB
Buffers:          101348 kB
Cached:          1197304 kB
MemTotal:        1844596 kB
MemFree:           85296 kB
MemAvailable:    1364592 kB
Buffers:          101348 kB
Cached:          1197304 kB
MemTotal:        1844596 kB
MemFree:           85188 kB
MemAvailable:    1364484 kB
Buffers:          101348 kB
Cached:          1197304 kB
MemTotal:        1844596 kB
MemFree:           82700 kB
MemAvailable:    1361996 kB
Buffers:          101348 kB
Cached:          1197304 kB
MemTotal:        1844596 kB
MemFree:           83628 kB
MemAvailable:    1362924 kB
Buffers:          101348 kB
Cached:          1197304 kB
MemTotal:        1844596 kB
MemFree:           82320 kB
MemAvailable:    1361616 kB
Buffers:          101348 kB
Cached:          1197304 kB
MemTotal:        1844596 kB
MemFree:           83496 kB
MemAvailable:    1362792 kB
Buffers:          101348 kB
Cached:          1197304 kB
MemTotal:        1844596 kB
MemFree:           82272 kB
MemAvailable:    1361568 kB
Buffers:          101348 kB
Cached:          1197304 kB
MemTotal:        1844596 kB
MemFree:           83248 kB
MemAvailable:    1362544 kB
Buffers:          101348 kB
Cached:          1197304 kB
MemTotal:        1844596 kB
MemFree:           83416 kB
MemAvailable:    1362712 kB
Buffers:          101348 kB
Cached:          1197304 kB
MemTotal:        1844596 kB
MemFree:           83504 kB
MemAvailable:    1362800 kB
Buffers:          101348 kB
Cached:          1197304 kB
MemTotal:        1844596 kB
MemFree:           82700 kB
MemAvailable:    1361996 kB
Buffers:          101348 kB
Cached:          1197304 kB
MemTotal:        1844596 kB
MemFree:           83428 kB
MemAvailable:    1362724 kB
Buffers:          101348 kB
Cached:          1197304 kB
MemTotal:        1844596 kB
MemFree:           83428 kB
MemAvailable:    1362724 kB
Buffers:          101348 kB
Cached:          1197304 kB
MemTotal:        1844596 kB
MemFree:           83432 kB
MemAvailable:    1362728 kB
Buffers:          101348 kB
Cached:          1197304 kB
MemTotal:        1844596 kB
MemFree:           83444 kB
MemAvailable:    1362740 kB
Buffers:          101348 kB
Cached:          1197304 kB
MemTotal:        1844596 kB
MemFree:           83240 kB
MemAvailable:    1362536 kB
Buffers:          101348 kB
Cached:          1197304 kB
MemTotal:        1844596 kB
MemFree:           82180 kB
MemAvailable:    1361476 kB
Buffers:          101348 kB
Cached:          1197304 kB
MemTotal:        1844596 kB
MemFree:           81800 kB
MemAvailable:    1361096 kB
Buffers:          101348 kB
Cached:          1197304 kB
MemTotal:        1844596 kB
MemFree:           82984 kB
MemAvailable:    1362280 kB
Buffers:          101348 kB
Cached:          1197304 kB
MemTotal:        1844596 kB
MemFree:           83152 kB
MemAvailable:    1362448 kB
Buffers:          101348 kB
Cached:          1197304 kB
MemTotal:        1844596 kB
MemFree:           82876 kB
MemAvailable:    1362172 kB
Buffers:          101348 kB
Cached:          1197304 kB
MemTotal:        1844596 kB
MemFree:           81652 kB
MemAvailable:    1360948 kB
Buffers:          101348 kB
Cached:          1197304 kB
MemTotal:        1844596 kB
MemFree:           81776 kB
MemAvailable:    1361072 kB
Buffers:          101348 kB
Cached:          1197304 kB
MemTotal:        1844596 kB
MemFree:           81776 kB
MemAvailable:    1361072 kB
Buffers:          101348 kB
Cached:          1197304 kB
MemTotal:        1844596 kB
MemFree:           81812 kB
MemAvailable:    1361108 kB
Buffers:          101348 kB
Cached:          1197304 kB
MemTotal:        1844596 kB
MemFree:           82568 kB
MemAvailable:    1361864 kB
Buffers:          101348 kB
Cached:          1197304 kB
MemTotal:        1844596 kB
MemFree:           82904 kB
MemAvailable:    1362200 kB
Buffers:          101348 kB
Cached:          1197304 kB
MemTotal:        1844596 kB
MemFree:           78476 kB
MemAvailable:    1357772 kB
Buffers:          101348 kB
Cached:          1197304 kB
MemTotal:        1844596 kB
MemFree:           78476 kB
MemAvailable:    1357772 kB
Buffers:          101348 kB
Cached:          1197304 kB
MemTotal:        1844596 kB
MemFree:           71044 kB
MemAvailable:    1350340 kB
Buffers:          101352 kB
Cached:          1197300 kB
MemTotal:        1844596 kB
MemFree:           72160 kB
MemAvailable:    1351456 kB
Buffers:          101352 kB
Cached:          1197300 kB
MemTotal:        1844596 kB
MemFree:           72028 kB
MemAvailable:    1351324 kB
Buffers:          101352 kB
Cached:          1197300 kB
MemTotal:        1844596 kB
MemFree:           73392 kB
MemAvailable:    1352688 kB
Buffers:          101352 kB
Cached:          1197300 kB
MemTotal:        1844596 kB
MemFree:           72168 kB
MemAvailable:    1351464 kB
Buffers:          101352 kB
Cached:          1197300 kB
MemTotal:        1844596 kB
MemFree:           72848 kB
MemAvailable:    1352144 kB
Buffers:          101352 kB
Cached:          1197300 kB
MemTotal:        1844596 kB
MemFree:           72976 kB
MemAvailable:    1352272 kB
Buffers:          101352 kB
Cached:          1197300 kB
MemTotal:        1844596 kB
MemFree:           70656 kB
MemAvailable:    1349952 kB
Buffers:          101352 kB
Cached:          1197300 kB
MemTotal:        1844596 kB
MemFree:           69492 kB
MemAvailable:    1348788 kB
Buffers:          101352 kB
Cached:          1197300 kB
MemTotal:        1844596 kB
MemFree:           69764 kB
MemAvailable:    1349072 kB
Buffers:          101352 kB
Cached:          1197312 kB
MemTotal:        1844596 kB
MemFree:           69756 kB
MemAvailable:    1349064 kB
Buffers:          101352 kB
Cached:          1197312 kB
MemTotal:        1844596 kB
MemFree:           69632 kB
MemAvailable:    1349108 kB
Buffers:          101352 kB
Cached:          1197560 kB
MemTotal:        1844596 kB
MemFree:           69500 kB
MemAvailable:    1349144 kB
Buffers:          101352 kB
Cached:          1197684 kB
MemTotal:        1844596 kB
MemFree:           70740 kB
MemAvailable:    1350468 kB
Buffers:          101352 kB
Cached:          1197808 kB
MemTotal:        1844596 kB
MemFree:           70544 kB
MemAvailable:    1350356 kB
Buffers:          101352 kB
Cached:          1197808 kB
MemTotal:        1844596 kB
MemFree:           70412 kB
MemAvailable:    1350308 kB
Buffers:          101352 kB
Cached:          1197932 kB
MemTotal:        1844596 kB
MemFree:           69184 kB
MemAvailable:    1349080 kB
Buffers:          101352 kB
Cached:          1197932 kB
MemTotal:        1844596 kB
MemFree:           70148 kB
MemAvailable:    1350044 kB
Buffers:          101352 kB
Cached:          1197932 kB
MemTotal:        1844596 kB
MemFree:           70400 kB
MemAvailable:    1350296 kB
Buffers:          101352 kB
Cached:          1197932 kB
MemTotal:        1844596 kB
MemFree:           68876 kB
MemAvailable:    1348772 kB
Buffers:          101352 kB
Cached:          1197932 kB
MemTotal:        1844596 kB
MemFree:           70212 kB
MemAvailable:    1350108 kB
Buffers:          101352 kB
Cached:          1197932 kB
MemTotal:        1844596 kB
MemFree:           70204 kB
MemAvailable:    1350100 kB
Buffers:          101352 kB
Cached:          1197932 kB
MemTotal:        1844596 kB
MemFree:           70312 kB
MemAvailable:    1350208 kB
Buffers:          101352 kB
Cached:          1197932 kB
MemTotal:        1844596 kB
MemFree:           70376 kB
MemAvailable:    1350356 kB
Buffers:          101352 kB
Cached:          1198056 kB
MemTotal:        1844596 kB
MemFree:           69912 kB
MemAvailable:    1349220 kB
Buffers:          101352 kB
Cached:          1197340 kB
MemTotal:        1844596 kB
MemFree:           70388 kB
MemAvailable:    1349696 kB
Buffers:          101352 kB
Cached:          1197340 kB
MemTotal:        1844596 kB
MemFree:          185812 kB
MemAvailable:    1465120 kB
Buffers:          101352 kB
Cached:          1197340 kB
MemTotal:        1844596 kB
MemFree:          263716 kB
MemAvailable:    1543024 kB
Buffers:          101352 kB
Cached:          1197340 kB
