MemTotal:        1844596 kB
MemFree:          263736 kB
MemAvailable:    1545004 kB
Buffers:           98656 kB
Cached:          1204636 kB
MemTotal:        1844596 kB
MemFree:          235320 kB
MemAvailable:    1516596 kB
Buffers:           98656 kB
Cached:          1204640 kB
MemTotal:        1844596 kB
MemFree:          235628 kB
MemAvailable:    1516904 kB
Buffers:           98656 kB
Cached:          1204640 kB
MemTotal:        1844596 kB
MemFree:          234460 kB
MemAvailable:    1515736 kB
Buffers:           98656 kB
Cached:          1204640 kB
MemTotal:        1844596 kB
MemFree:          233256 kB
MemAvailable:    1514532 kB
Buffers:           98656 kB
Cached:          1204640 kB
MemTotal:        1844596 kB
MemFree:          233204 kB
MemAvailable:    1514480 kB
Buffers:           98656 kB
Cached:          1204640 kB
MemTotal:        1844596 kB
MemFree:          230840 kB
MemAvailable:    1512116 kB
Buffers:           98656 kB
Cached:          1204640 kB
MemTotal:        1844596 kB
MemFree:          230840 kB
MemAvailable:    1512116 kB
Buffers:           98656 kB
Cached:          1204640 kB
MemTotal:        1844596 kB
MemFree:          227064 kB
MemAvailable:    1508340 kB
Buffers:           98656 kB
Cached:          1204640 kB
MemTotal:        1844596 kB
MemFree:          225336 kB
MemAvailable:    1506612 kB
Buffers:           98656 kB
Cached:          1204640 kB
MemTotal:        1844596 kB
MemFree:          221060 kB
MemAvailable:    1502336 kB
Buffers:           98656 kB
Cached:          1204640 kB
MemTotal:        1844596 kB
MemFree:          224144 kB
MemAvailable:    1505420 kB
Buffers:           98656 kB
Cached:          1204640 kB
MemTotal:        1844596 kB
MemFree:          224396 kB
MemAvailable:    1505672 kB
Buffers:           98656 kB
Cached:          1204640 kB
MemTotal:        1844596 kB
MemFree:          222864 kB
MemAvailable:    1504140 kB
Buffers:           98656 kB
Cached:          1204640 kB
MemTotal:        1844596 kB
MemFree:          223112 kB
MemAvailable:    1504388 kB
Buffers:           98656 kB
Cached:          1204640 kB
MemTotal:        1844596 kB
MemFree:          224028 kB
MemAvailable:    1505304 kB
Buffers:           98656 kB
Cached:          1204640 kB
MemTotal:        1844596 kB
MemFree:          224028 kB
MemAvailable:    1505304 kB
Buffers:           98656 kB
Cached:          1204640 kB
MemTotal:        1844596 kB
MemFree:          222408 kB
MemAvailable:    1503684 kB
Buffers:           98656 kB
Cached:          1204640 kB
MemTotal:        1844596 kB
MemFree:          223476 kB
MemAvailable:    1504752 kB
Buffers:           98656 kB
Cached:          1204640 kB
MemTotal:        1844596 kB
MemFree:          223728 kB
MemAvailable:    1505004 kB
Buffers:           98656 kB
Cached:          1204640 kB
MemTotal:        1844596 kB
MemFree:          222252 kB
MemAvailable:    1503528 kB
Buffers:           98656 kB
Cached:          1204640 kB
MemTotal:        1844596 kB
MemFree:          222376 kB
MemAvailable:    1503652 kB
Buffers:           98656 kB
Cached:          1204640 kB
MemTotal:        1844596 kB
MemFree:          222376 kB
MemAvailable:    1503652 kB
Buffers:           98656 kB
Cached:          1204640 kB
MemTotal:        1844596 kB
MemFree:          223608 kB
MemAvailable:    1504884 kB
Buffers:           98656 kB
Cached:          1204640 kB
MemTotal:        1844596 kB
MemFree:          222788 kB
MemAvailable:    1504064 kB
Buffers:           98656 kB
Cached:          1204640 kB
MemTotal:        1844596 kB
MemFree:          222872 kB
MemAvailable:    1504148 kB
Buffers:           98656 kB
Cached:          1204640 kB
MemTotal:        1844596 kB
MemFree:          222540 kB
MemAvailable:    1503816 kB
Buffers:           98656 kB
Cached:          1204640 kB
MemTotal:        1844596 kB
MemFree:          221292 kB
MemAvailable:    1502568 kB
Buffers:           98656 kB
Cached:          1204640 kB
MemTotal:        1844596 kB
MemFree:          221920 kB
MemAvailable:    1503196 kB
Buffers:           98656 kB
Cached:          1204640 kB
MemTotal:        1844596 kB
MemFree:          222004 kB
MemAvailable:    1503280 kB
Buffers:           98656 kB
Cached:          1204640 kB
MemTotal:        1844596 kB
MemFree:          221600 kB
MemAvailable:    1502876 kB
Buffers:           98656 kB
Cached:          1204640 kB
MemTotal:        1844596 kB
MemFree:          221368 kB
MemAvailable:    1502644 kB
Buffers:           98656 kB
Cached:          1204640 kB
MemTotal:        1844596 kB
MemFree:          221176 kB
MemAvailable:    1502452 kB
Buffers:           98656 kB
Cached:          1204640 kB
MemTotal:        1844596 kB
MemFree:          220192 kB
MemAvailable:    1501468 kB
Buffers:           98656 kB
Cached:          1204640 kB
MemTotal:        1844596 kB
MemFree:          220880 kB
MemAvailable:    1502156 kB
Buffers:           98656 kB
Cached:          1204640 kB
MemTotal:        1844596 kB
MemFree:          221124 kB
MemAvailable:    1502400 kB
Buffers:           98656 kB
Cached:          1204640 kB
MemTotal:        1844596 kB
MemFree:          221292 kB
MemAvailable:    1502568 kB
Buffers:           98656 kB
Cached:          1204640 kB
MemTotal:        1844596 kB
MemFree:          221064 kB
MemAvailable:    1502340 kB
Buffers:           98656 kB
Cached:          1204640 kB
MemTotal:        1844596 kB
MemFree:          219764 kB
MemAvailable:    1501040 kB
Buffers:           98656 kB
Cached:          1204640 kB
MemTotal:        1844596 kB
MemFree:          220748 kB
MemAvailable:    1502024 kB
Buffers:           98656 kB
Cached:          1204640 kB
MemTotal:        1844596 kB
MemFree:          217580 kB
MemAvailable:    1498856 kB
Buffers:           98656 kB
Cached:          1204640 kB
MemTotal:        1844596 kB
MemFree:          217348 kB
MemAvailable:    1498624 kB
Buffers:           98656 kB
Cached:          1204640 kB
MemTotal:        1844596 kB
MemFree:          215904 kB
MemAvailable:    1497180 kB
Buffers:           98656 kB
Cached:          1204640 kB
MemTotal:        1844596 kB
MemFree:          215780 kB
MemAvailable:    1497056 kB
Buffers:           98656 kB
Cached:          1204640 kB
MemTotal:        1844596 kB
MemFree:          215516 kB
MemAvailable:    1496792 kB
Buffers:           98656 kB
Cached:          1204640 kB
MemTotal:        1844596 kB
MemFree:          215732 kB
MemAvailable:    1497008 kB
Buffers:           98656 kB
Cached:          1204640 kB
MemTotal:        1844596 kB
MemFree:          215644 kB
MemAvailable:    1496920 kB
Buffers:           98656 kB
Cached:          1204640 kB
MemTotal:        1844596 kB
MemFree:          215396 kB
MemAvailable:    1496672 kB
Buffers:           98656 kB
Cached:          1204640 kB
MemTotal:        1844596 kB
MemFree:          215564 kB
MemAvailable:    1496840 kB
Buffers:           98656 kB
Cached:          1204640 kB
MemTotal:        1844596 kB
MemFree:          213968 kB
MemAvailable:    1495244 kB
Buffers:           98656 kB
Cached:          1204640 kB
MemTotal:        1844596 kB
MemFree:          214984 kB
MemAvailable:    1496260 kB
Buffers:           98656 kB
Cached:          1204640 kB
MemTotal:        1844596 kB
MemFree:          215272 kB
MemAvailable:    1496548 kB
Buffers:           98656 kB
Cached:          1204640 kB
MemTotal:        1844596 kB
MemFree:          215032 kB
MemAvailable:    1496308 kB
Buffers:           98656 kB
Cached:          1204640 kB
MemTotal:        1844596 kB
MemFree:          215368 kB
MemAvailable:    1496644 kB
Buffers:           98656 kB
Cached:          1204640 kB
MemTotal:        1844596 kB
MemFree:          215292 kB
MemAvailable:    1496568 kB
Buffers:           98656 kB
Cached:          1204640 kB
MemTotal:        1844596 kB
MemFree:          215432 kB
MemAvailable:    1496708 kB
Buffers:           98656 kB
Cached:          1204640 kB
MemTotal:        1844596 kB
MemFree:          214736 kB
MemAvailable:    1496012 kB
Buffers:           98656 kB
Cached:          1204640 kB
MemTotal:        1844596 kB
MemFree:          210380 kB
MemAvailable:    1491656 kB
Buffers:           98656 kB
Cached:          1204640 kB
MemTotal:        1844596 kB
MemFree:          209652 kB
MemAvailable:    1490928 kB
Buffers:           98656 kB
Cached:          1204640 kB
MemTotal:        1844596 kB
MemFree:          209652 kB
MemAvailable:    1490928 kB
Buffers:           98656 kB
Cached:          1204640 kB
MemTotal:        1844596 kB
MemFree:          207916 kB
MemAvailable:    1489192 kB
Buffers:           98656 kB
Cached:          1204640 kB
MemTotal:        1844596 kB
MemFree:          208908 kB
MemAvailable:    1490184 kB
Buffers:           98656 kB
Cached:          1204640 kB
MemTotal:        1844596 kB
MemFree:          206304 kB
MemAvailable:    1487580 kB
Buffers:           98656 kB
Cached:          1204640 kB
MemTotal:        1844596 kB
MemFree:          206048 kB
MemAvailable:    1487324 kB
Buffers:           98656 kB
Cached:          1204640 kB
MemTotal:        1844596 kB
MemFree:          206800 kB
MemAvailable:    1488076 kB
Buffers:           98656 kB
Cached:          1204640 kB
MemTotal:        1844596 kB
MemFree:          206628 kB
MemAvailable:    1487904 kB
Buffers:           98656 kB
Cached:          1204640 kB
MemTotal:        1844596 kB
MemFree:          206652 kB
MemAvailable:    1487928 kB
Buffers:           98656 kB
Cached:          1204640 kB
MemTotal:        1844596 kB
MemFree:          206620 kB
MemAvailable:    1487896 kB
Buffers:           98656 kB
Cached:          1204640 kB
MemTotal:        1844596 kB
MemFree:          205244 kB
MemAvailable:    1486520 kB
Buffers:           98656 kB
Cached:          1204640 kB
MemTotal:        1844596 kB
MemFree:          206476 kB
MemAvailable:    1487752 kB
Buffers:           98656 kB
Cached:          1204640 kB
MemTotal:        1844596 kB
MemFree:          206228 kB
MemAvailable:    1487504 kB
Buffers:           98656 kB
Cached:          1204640 kB
MemTotal:        1844596 kB
MemFree:          206472 kB
MemAvailable:    1487748 kB
Buffers:           98656 kB
Cached:          1204640 kB
MemTotal:        1844596 kB
MemFree:          206808 kB
MemAvailable:    1488084 kB
Buffers:           98656 kB
Cached:          1204640 kB
MemTotal:        1844596 kB
MemFree:          205180 kB
MemAvailable:    1486456 kB
Buffers:           98656 kB
Cached:          1204640 kB
MemTotal:        1844596 kB
MemFree:          206520 kB
MemAvailable:    1487804 kB
Buffers:           98656 kB
Cached:          1204648 kB
MemTotal:        1844596 kB
MemFree:          205148 kB
MemAvailable:    1486432 kB
Buffers:           98656 kB
Cached:          1204648 kB
MemTotal:        1844596 kB
MemFree:          206448 kB
MemAvailable:    1487732 kB
Buffers:           98656 kB
Cached:          1204648 kB
MemTotal:        1844596 kB
MemFree:          206360 kB
MemAvailable:    1487644 kB
Buffers:           98656 kB
Cached:          1204648 kB
MemTotal:        1844596 kB
MemFree:          206376 kB
MemAvailable:    1487660 kB
Buffers:           98656 kB
Cached:          1204648 kB
MemTotal:        1844596 kB
MemFree:          206108 kB
MemAvailable:    1487392 kB
Buffers:           98656 kB
Cached:          1204648 kB
MemTotal:        1844596 kB
MemFree:          206360 kB
MemAvailable:    1487644 kB
Buffers:           98656 kB
Cached:          1204648 kB
MemTotal:        1844596 kB
MemFree:          206300 kB
MemAvailable:    1487584 kB
Buffers:           98656 kB
Cached:          1204648 kB
MemTotal:        1844596 kB
MemFree:          206104 kB
MemAvailable:    1487388 kB
Buffers:           98656 kB
Cached:          1204648 kB
MemTotal:        1844596 kB
MemFree:          205004 kB
MemAvailable:    1486288 kB
Buffers:           98656 kB
Cached:          1204648 kB
MemTotal:        1844596 kB
MemFree:          202592 kB
MemAvailable:    1483876 kB
Buffers:           98656 kB
Cached:          1204648 kB
MemTotal:        1844596 kB
MemFree:          200420 kB
MemAvailable:    1481704 kB
Buffers:           98656 kB
Cached:          1204648 kB
MemTotal:        1844596 kB
MemFree:          198120 kB
MemAvailable:    1479404 kB
Buffers:           98656 kB
Cached:          1204648 kB
MemTotal:        1844596 kB
MemFree:          197996 kB
MemAvailable:    1479280 kB
Buffers:           98656 kB
Cached:          1204648 kB
MemTotal:        1844596 kB
MemFree:          196580 kB
MemAvailable:    1477864 kB
Buffers:           98656 kB
Cached:          1204648 kB
MemTotal:        1844596 kB
MemFree:          197880 kB
MemAvailable:    1479164 kB
Buffers:           98656 kB
Cached:          1204648 kB
MemTotal:        1844596 kB
MemFree:          197944 kB
MemAvailable:    1479228 kB
Buffers:           98656 kB
Cached:          1204648 kB
MemTotal:        1844596 kB
MemFree:          197748 kB
MemAvailable:    1479032 kB
Buffers:           98656 kB
Cached:          1204648 kB
MemTotal:        1844596 kB
MemFree:          197424 kB
MemAvailable:    1478708 kB
Buffers:           98656 kB
Cached:          1204648 kB
MemTotal:        1844596 kB
MemFree:          197592 kB
MemAvailable:    1478876 kB
Buffers:           98656 kB
Cached:          1204648 kB
MemTotal:        1844596 kB
MemFree:          197428 kB
MemAvailable:    1478712 kB
Buffers:           98656 kB
Cached:          1204648 kB
MemTotal:        1844596 kB
MemFree:          197624 kB
MemAvailable:    1478908 kB
Buffers:           98656 kB
Cached:          1204648 kB
MemTotal:        1844596 kB
MemFree:          197708 kB
MemAvailable:    1478992 kB
Buffers:           98656 kB
Cached:          1204648 kB
MemTotal:        1844596 kB
MemFree:          197492 kB
MemAvailable:    1478776 kB
Buffers:           98656 kB
Cached:          1204648 kB
MemTotal:        1844596 kB
MemFree:          197632 kB
MemAvailable:    1478916 kB
Buffers:           98656 kB
Cached:          1204648 kB
MemTotal:        1844596 kB
MemFree:          196380 kB
MemAvailable:    1477664 kB
Buffers:           98656 kB
Cached:          1204648 kB
MemTotal:        1844596 kB
MemFree:          197612 kB
MemAvailable:    1478896 kB
Buffers:           98656 kB
Cached:          1204648 kB
MemTotal:        1844596 kB
MemFree:          197484 kB
MemAvailable:    1478768 kB
Buffers:           98656 kB
Cached:          1204648 kB
MemTotal:        1844596 kB
MemFree:          197484 kB
MemAvailable:    1478768 kB
Buffers:           98656 kB
Cached:          1204648 kB
MemTotal:        1844596 kB
MemFree:          197500 kB
MemAvailable:    1478784 kB
Buffers:           98656 kB
Cached:          1204648 kB
MemTotal:        1844596 kB
MemFree:          197640 kB
MemAvailable:    1478924 kB
Buffers:           98656 kB
Cached:          1204648 kB
MemTotal:        1844596 kB
MemFree:          197376 kB
MemAvailable:    1478660 kB
Buffers:           98656 kB
Cached:          1204648 kB
MemTotal:        1844596 kB
MemFree:          196384 kB
MemAvailable:    1477668 kB
Buffers:           98656 kB
Cached:          1204648 kB
MemTotal:        1844596 kB
MemFree:          197560 kB
MemAvailable:    1478844 kB
Buffers:           98656 kB
Cached:          1204648 kB
MemTotal:        1844596 kB
MemFree:          197440 kB
MemAvailable:    1478724 kB
Buffers:           98656 kB
Cached:          1204648 kB
MemTotal:        1844596 kB
MemFree:          197508 kB
MemAvailable:    1478792 kB
Buffers:           98656 kB
Cached:          1204648 kB
MemTotal:        1844596 kB
MemFree:          196256 kB
MemAvailable:    1477540 kB
Buffers:           98656 kB
Cached:          1204648 kB
MemTotal:        1844596 kB
MemFree:          197440 kB
MemAvailable:    1478724 kB
Buffers:           98656 kB
Cached:          1204648 kB
MemTotal:        1844596 kB
MemFree:          197692 kB
MemAvailable:    1478976 kB
Buffers:           98656 kB
Cached:          1204648 kB
MemTotal:        1844596 kB
MemFree:          197356 kB
MemAvailable:    1478640 kB
Buffers:           98656 kB
Cached:          1204648 kB
MemTotal:        1844596 kB
MemFree:          197248 kB
MemAvailable:    1478532 kB
Buffers:           98656 kB
Cached:          1204648 kB
MemTotal:        1844596 kB
MemFree:          197500 kB
MemAvailable:    1478784 kB
Buffers:           98656 kB
Cached:          1204648 kB
MemTotal:        1844596 kB
MemFree:          197536 kB
MemAvailable:    1478820 kB
Buffers:           98656 kB
Cached:          1204648 kB
MemTotal:        1844596 kB
MemFree:          196260 kB
MemAvailable:    1477544 kB
Buffers:           98656 kB
Cached:          1204648 kB
MemTotal:        1844596 kB
MemFree:          197012 kB
MemAvailable:    1478296 kB
Buffers:           98656 kB
Cached:          1204648 kB
MemTotal:        1844596 kB
MemFree:          197328 kB
MemAvailable:    1478612 kB
Buffers:           98656 kB
Cached:          1204648 kB
MemTotal:        1844596 kB
MemFree:          197452 kB
MemAvailable:    1478736 kB
Buffers:           98656 kB
Cached:          1204648 kB
MemTotal:        1844596 kB
MemFree:          196380 kB
MemAvailable:    1477664 kB
Buffers:           98656 kB
Cached:          1204648 kB
MemTotal:        1844596 kB
MemFree:          194656 kB
MemAvailable:    1475940 kB
Buffers:           98656 kB
Cached:          1204648 kB
MemTotal:        1844596 kB
MemFree:          190440 kB
MemAvailable:    1471724 kB
Buffers:           98656 kB
Cached:          1204648 kB
MemTotal:        1844596 kB
MemFree:          187400 kB
MemAvailable:    1468684 kB
Buffers:           98656 kB
Cached:          1204648 kB
MemTotal:        1844596 kB
MemFree:          185464 kB
MemAvailable:    1466748 kB
Buffers:           98656 kB
Cached:          1204648 kB
MemTotal:        1844596 kB
MemFree:          185728 kB
MemAvailable:    1467012 kB
Buffers:           98656 kB
Cached:          1204648 kB
MemTotal:        1844596 kB
MemFree:          186708 kB
MemAvailable:    1467992 kB
Buffers:           98656 kB
Cached:          1204648 kB
MemTotal:        1844596 kB
MemFree:          185460 kB
MemAvailable:    1466744 kB
Buffers:           98656 kB
Cached:          1204648 kB
MemTotal:        1844596 kB
MemFree:          186696 kB
MemAvailable:    1467980 kB
Buffers:           98656 kB
Cached:          1204648 kB
MemTotal:        1844596 kB
MemFree:          186588 kB
MemAvailable:    1467872 kB
Buffers:           98656 kB
Cached:          1204648 kB
MemTotal:        1844596 kB
MemFree:          186408 kB
MemAvailable:    1467692 kB
Buffers:           98656 kB
Cached:          1204648 kB
MemTotal:        1844596 kB
MemFree:          186744 kB
MemAvailable:    1468028 kB
Buffers:           98656 kB
Cached:          1204648 kB
MemTotal:        1844596 kB
MemFree:          186636 kB
MemAvailable:    1467920 kB
Buffers:           98656 kB
Cached:          1204648 kB
MemTotal:        1844596 kB
MemFree:          186588 kB
MemAvailable:    1467872 kB
Buffers:           98656 kB
Cached:          1204648 kB
MemTotal:        1844596 kB
MemFree:          186588 kB
MemAvailable:    1467872 kB
Buffers:           98656 kB
Cached:          1204648 kB
MemTotal:        1844596 kB
MemFree:          185220 kB
MemAvailable:    1466504 kB
Buffers:           98656 kB
Cached:          1204648 kB
MemTotal:        1844596 kB
MemFree:          186520 kB
MemAvailable:    1467804 kB
Buffers:           98656 kB
Cached:          1204648 kB
MemTotal:        1844596 kB
MemFree:          185344 kB
MemAvailable:    1466628 kB
Buffers:           98656 kB
Cached:          1204648 kB
MemTotal:        1844596 kB
MemFree:          186528 kB
MemAvailable:    1467812 kB
Buffers:           98656 kB
Cached:          1204648 kB
MemTotal:        1844596 kB
MemFree:          186528 kB
MemAvailable:    1467812 kB
Buffers:           98656 kB
Cached:          1204648 kB
MemTotal:        1844596 kB
MemFree:          186400 kB
MemAvailable:    1467684 kB
Buffers:           98656 kB
Cached:          1204648 kB
MemTotal:        1844596 kB
MemFree:          186736 kB
MemAvailable:    1468020 kB
Buffers:           98656 kB
Cached:          1204648 kB
MemTotal:        1844596 kB
MemFree:          186528 kB
MemAvailable:    1467812 kB
Buffers:           98656 kB
Cached:          1204648 kB
MemTotal:        1844596 kB
MemFree:          186528 kB
MemAvailable:    1467812 kB
Buffers:           98656 kB
Cached:          1204648 kB
MemTotal:        1844596 kB
MemFree:          186580 kB
MemAvailable:    1467864 kB
Buffers:           98656 kB
Cached:          1204648 kB
MemTotal:        1844596 kB
MemFree:          186832 kB
MemAvailable:    1468116 kB
Buffers:           98656 kB
Cached:          1204648 kB
MemTotal:        1844596 kB
MemFree:          185468 kB
MemAvailable:    1466752 kB
Buffers:           98656 kB
Cached:          1204648 kB
MemTotal:        1844596 kB
MemFree:          185296 kB
MemAvailable:    1466580 kB
Buffers:           98656 kB
Cached:          1204648 kB
MemTotal:        1844596 kB
MemFree:          186508 kB
MemAvailable:    1467792 kB
Buffers:           98656 kB
Cached:          1204648 kB
MemTotal:        1844596 kB
MemFree:          185348 kB
MemAvailable:    1466644 kB
Buffers:           98656 kB
Cached:          1204660 kB
MemTotal:        1844596 kB
MemFree:          186408 kB
MemAvailable:    1467704 kB
Buffers:           98656 kB
Cached:          1204660 kB
MemTotal:        1844596 kB
MemFree:          186664 kB
MemAvailable:    1467960 kB
Buffers:           98656 kB
Cached:          1204660 kB
MemTotal:        1844596 kB
MemFree:          186596 kB
MemAvailable:    1467892 kB
Buffers:           98656 kB
Cached:          1204660 kB
MemTotal:        1844596 kB
MemFree:          186588 kB
MemAvailable:    1467884 kB
Buffers:           98656 kB
Cached:          1204660 kB
MemTotal:        1844596 kB
MemFree:          186604 kB
MemAvailable:    1467900 kB
Buffers:           98656 kB
Cached:          1204660 kB
MemTotal:        1844596 kB
MemFree:          186720 kB
MemAvailable:    1468016 kB
Buffers:           98656 kB
Cached:          1204660 kB
MemTotal:        1844596 kB
MemFree:          186608 kB
MemAvailable:    1467904 kB
Buffers:           98656 kB
Cached:          1204660 kB
MemTotal:        1844596 kB
MemFree:          185552 kB
MemAvailable:    1466848 kB
Buffers:           98656 kB
Cached:          1204660 kB
MemTotal:        1844596 kB
MemFree:          185676 kB
MemAvailable:    1466972 kB
Buffers:           98656 kB
Cached:          1204660 kB
MemTotal:        1844596 kB
MemFree:          186728 kB
MemAvailable:    1468024 kB
Buffers:           98656 kB
Cached:          1204660 kB
MemTotal:        1844596 kB
MemFree:          186648 kB
MemAvailable:    1467944 kB
Buffers:           98656 kB
Cached:          1204660 kB
MemTotal:        1844596 kB
MemFree:          186332 kB
MemAvailable:    1467628 kB
Buffers:           98656 kB
Cached:          1204660 kB
MemTotal:        1844596 kB
MemFree:          186416 kB
MemAvailable:    1467712 kB
Buffers:           98656 kB
Cached:          1204660 kB
MemTotal:        1844596 kB
MemFree:          186752 kB
MemAvailable:    1468048 kB
Buffers:           98656 kB
Cached:          1204660 kB
MemTotal:        1844596 kB
MemFree:          186548 kB
MemAvailable:    1467844 kB
Buffers:           98656 kB
Cached:          1204660 kB
MemTotal:        1844596 kB
MemFree:          186548 kB
MemAvailable:    1467844 kB
Buffers:           98656 kB
Cached:          1204660 kB
MemTotal:        1844596 kB
MemFree:          186600 kB
MemAvailable:    1467896 kB
Buffers:           98656 kB
Cached:          1204660 kB
MemTotal:        1844596 kB
MemFree:          186644 kB
MemAvailable:    1467940 kB
Buffers:           98656 kB
Cached:          1204660 kB
MemTotal:        1844596 kB
MemFree:          186472 kB
MemAvailable:    1467768 kB
Buffers:           98656 kB
Cached:          1204660 kB
MemTotal:        1844596 kB
MemFree:          185164 kB
MemAvailable:    1466460 kB
Buffers:           98656 kB
Cached:          1204660 kB
MemTotal:        1844596 kB
MemFree:          185024 kB
MemAvailable:    1466320 kB
Buffers:           98656 kB
Cached:          1204660 kB
MemTotal:        1844596 kB
MemFree:          184736 kB
MemAvailable:    1466032 kB
Buffers:           98656 kB
Cached:          1204660 kB
MemTotal:        1844596 kB
MemFree:          185912 kB
MemAvailable:    1467208 kB
Buffers:           98656 kB
Cached:          1204660 kB
MemTotal:        1844596 kB
MemFree:          184612 kB
MemAvailable:    1465908 kB
Buffers:           98656 kB
Cached:          1204660 kB
MemTotal:        1844596 kB
MemFree:          185596 kB
MemAvailable:    1466892 kB
Buffers:           98656 kB
Cached:          1204660 kB
MemTotal:        1844596 kB
MemFree:          185852 kB
MemAvailable:    1467148 kB
Buffers:           98656 kB
Cached:          1204660 kB
MemTotal:        1844596 kB
MemFree:          185300 kB
MemAvailable:    1466596 kB
Buffers:           98656 kB
Cached:          1204660 kB
MemTotal:        1844596 kB
MemFree:          185468 kB
MemAvailable:    1466764 kB
Buffers:           98656 kB
Cached:          1204660 kB
MemTotal:        1844596 kB
MemFree:          185228 kB
MemAvailable:    1466524 kB
Buffers:           98656 kB
Cached:          1204660 kB
MemTotal:        1844596 kB
MemFree:          184060 kB
MemAvailable:    1465356 kB
Buffers:           98656 kB
Cached:          1204660 kB
MemTotal:        1844596 kB
MemFree:          185300 kB
MemAvailable:    1466596 kB
Buffers:           98656 kB
Cached:          1204660 kB
MemTotal:        1844596 kB
MemFree:          185228 kB
MemAvailable:    1466524 kB
Buffers:           98656 kB
Cached:          1204660 kB
MemTotal:        1844596 kB
MemFree:          184052 kB
MemAvailable:    1465348 kB
Buffers:           98656 kB
Cached:          1204660 kB
MemTotal:        1844596 kB
MemFree:          185028 kB
MemAvailable:    1466324 kB
Buffers:           98656 kB
Cached:          1204660 kB
MemTotal:        1844596 kB
MemFree:          185108 kB
MemAvailable:    1466404 kB
Buffers:           98656 kB
Cached:          1204660 kB
MemTotal:        1844596 kB
MemFree:          183688 kB
MemAvailable:    1464984 kB
Buffers:           98656 kB
Cached:          1204660 kB
MemTotal:        1844596 kB
MemFree:          184928 kB
MemAvailable:    1466224 kB
Buffers:           98656 kB
Cached:          1204660 kB
MemTotal:        1844596 kB
MemFree:          184988 kB
MemAvailable:    1466284 kB
Buffers:           98656 kB
Cached:          1204660 kB
MemTotal:        1844596 kB
MemFree:          183972 kB
MemAvailable:    1465268 kB
Buffers:           98656 kB
Cached:          1204660 kB
MemTotal:        1844596 kB
MemFree:          185088 kB
MemAvailable:    1466384 kB
Buffers:           98656 kB
Cached:          1204660 kB
MemTotal:        1844596 kB
MemFree:          184996 kB
MemAvailable:    1466292 kB
Buffers:           98656 kB
Cached:          1204660 kB
MemTotal:        1844596 kB
MemFree:          185060 kB
MemAvailable:    1466356 kB
Buffers:           98656 kB
Cached:          1204660 kB
MemTotal:        1844596 kB
MemFree:          183564 kB
MemAvailable:    1464860 kB
Buffers:           98656 kB
Cached:          1204660 kB
MemTotal:        1844596 kB
MemFree:          183688 kB
MemAvailable:    1464984 kB
Buffers:           98656 kB
Cached:          1204660 kB
MemTotal:        1844596 kB
MemFree:          184108 kB
MemAvailable:    1465404 kB
Buffers:           98656 kB
Cached:          1204660 kB
MemTotal:        1844596 kB
MemFree:          184000 kB
MemAvailable:    1465296 kB
Buffers:           98656 kB
Cached:          1204660 kB
MemTotal:        1844596 kB
MemFree:          179404 kB
MemAvailable:    1460700 kB
Buffers:           98656 kB
Cached:          1204660 kB
MemTotal:        1844596 kB
MemFree:          174056 kB
MemAvailable:    1455352 kB
Buffers:           98656 kB
Cached:          1204660 kB
MemTotal:        1844596 kB
MemFree:          174392 kB
MemAvailable:    1455688 kB
Buffers:           98656 kB
Cached:          1204660 kB
MemTotal:        1844596 kB
MemFree:          173560 kB
MemAvailable:    1454856 kB
Buffers:           98656 kB
Cached:          1204660 kB
MemTotal:        1844596 kB
MemFree:          173560 kB
MemAvailable:    1454856 kB
Buffers:           98656 kB
Cached:          1204660 kB
MemTotal:        1844596 kB
MemFree:          173364 kB
MemAvailable:    1454660 kB
Buffers:           98656 kB
Cached:          1204660 kB
MemTotal:        1844596 kB
MemFree:          173040 kB
MemAvailable:    1454336 kB
Buffers:           98656 kB
Cached:          1204660 kB
MemTotal:        1844596 kB
MemFree:          173376 kB
MemAvailable:    1454672 kB
Buffers:           98656 kB
Cached:          1204660 kB
MemTotal:        1844596 kB
MemFree:          172668 kB
MemAvailable:    1453964 kB
Buffers:           98656 kB
Cached:          1204660 kB
MemTotal:        1844596 kB
MemFree:          171460 kB
MemAvailable:    1452756 kB
Buffers:           98656 kB
Cached:          1204660 kB
MemTotal:        1844596 kB
MemFree:          171544 kB
MemAvailable:    1452840 kB
Buffers:           98656 kB
Cached:          1204660 kB
MemTotal:        1844596 kB
MemFree:          169568 kB
MemAvailable:    1450864 kB
Buffers:           98656 kB
Cached:          1204660 kB
MemTotal:        1844596 kB
MemFree:          168740 kB
MemAvailable:    1450036 kB
Buffers:           98656 kB
Cached:          1204660 kB
MemTotal:        1844596 kB
MemFree:          169760 kB
MemAvailable:    1451056 kB
Buffers:           98656 kB
Cached:          1204660 kB
MemTotal:        1844596 kB
MemFree:          169484 kB
MemAvailable:    1450780 kB
Buffers:           98656 kB
Cached:          1204660 kB
MemTotal:        1844596 kB
MemFree:          169896 kB
MemAvailable:    1451192 kB
Buffers:           98656 kB
Cached:          1204660 kB
MemTotal:        1844596 kB
MemFree:          169916 kB
MemAvailable:    1451212 kB
Buffers:           98656 kB
Cached:          1204660 kB
MemTotal:        1844596 kB
MemFree:          168864 kB
MemAvailable:    1450160 kB
Buffers:           98656 kB
Cached:          1204660 kB
MemTotal:        1844596 kB
MemFree:          169636 kB
MemAvailable:    1450936 kB
Buffers:           98656 kB
Cached:          1204664 kB
MemTotal:        1844596 kB
MemFree:          169732 kB
MemAvailable:    1451032 kB
Buffers:           98656 kB
Cached:          1204664 kB
MemTotal:        1844596 kB
MemFree:          169844 kB
MemAvailable:    1451144 kB
Buffers:           98656 kB
Cached:          1204664 kB
MemTotal:        1844596 kB
MemFree:          169724 kB
MemAvailable:    1451024 kB
Buffers:           98656 kB
Cached:          1204664 kB
MemTotal:        1844596 kB
MemFree:          169856 kB
MemAvailable:    1451156 kB
Buffers:           98656 kB
Cached:          1204664 kB
MemTotal:        1844596 kB
MemFree:          169920 kB
MemAvailable:    1451220 kB
Buffers:           98656 kB
Cached:          1204664 kB
MemTotal:        1844596 kB
MemFree:          169892 kB
MemAvailable:    1451192 kB
Buffers:           98656 kB
Cached:          1204664 kB
MemTotal:        1844596 kB
MemFree:          169112 kB
MemAvailable:    1450412 kB
Buffers:           98656 kB
Cached:          1204664 kB
MemTotal:        1844596 kB
MemFree:          169900 kB
MemAvailable:    1451204 kB
Buffers:           98656 kB
Cached:          1204668 kB
MemTotal:        1844596 kB
MemFree:          168368 kB
MemAvailable:    1449672 kB
Buffers:           98656 kB
Cached:          1204668 kB
MemTotal:        1844596 kB
MemFree:          168808 kB
MemAvailable:    1450112 kB
Buffers:           98656 kB
Cached:          1204668 kB
MemTotal:        1844596 kB
MemFree:          168808 kB
MemAvailable:    1450112 kB
Buffers:           98656 kB
Cached:          1204668 kB
MemTotal:        1844596 kB
MemFree:          168048 kB
MemAvailable:    1449352 kB
Buffers:           98656 kB
Cached:          1204668 kB
MemTotal:        1844596 kB
MemFree:          166748 kB
MemAvailable:    1448052 kB
Buffers:           98656 kB
Cached:          1204668 kB
MemTotal:        1844596 kB
MemFree:          166748 kB
MemAvailable:    1448052 kB
Buffers:           98656 kB
Cached:          1204668 kB
MemTotal:        1844596 kB
MemFree:          167436 kB
MemAvailable:    1448740 kB
Buffers:           98656 kB
Cached:          1204668 kB
MemTotal:        1844596 kB
MemFree:          167312 kB
MemAvailable:    1448616 kB
Buffers:           98656 kB
Cached:          1204668 kB
MemTotal:        1844596 kB
MemFree:          167376 kB
MemAvailable:    1448680 kB
Buffers:           98656 kB
Cached:          1204668 kB
MemTotal:        1844596 kB
MemFree:          166560 kB
MemAvailable:    1447864 kB
Buffers:           98656 kB
Cached:          1204668 kB
MemTotal:        1844596 kB
MemFree:          165400 kB
MemAvailable:    1446704 kB
Buffers:           98656 kB
Cached:          1204668 kB
MemTotal:        1844596 kB
MemFree:          166368 kB
MemAvailable:    1447672 kB
Buffers:           98656 kB
Cached:          1204668 kB
MemTotal:        1844596 kB
MemFree:          166368 kB
MemAvailable:    1447672 kB
Buffers:           98656 kB
Cached:          1204668 kB
MemTotal:        1844596 kB
MemFree:          164968 kB
MemAvailable:    1446272 kB
Buffers:           98656 kB
Cached:          1204668 kB
MemTotal:        1844596 kB
MemFree:          165748 kB
MemAvailable:    1447052 kB
Buffers:           98656 kB
Cached:          1204668 kB
MemTotal:        1844596 kB
MemFree:          165832 kB
MemAvailable:    1447136 kB
Buffers:           98656 kB
Cached:          1204668 kB
MemTotal:        1844596 kB
MemFree:          165752 kB
MemAvailable:    1447056 kB
Buffers:           98656 kB
Cached:          1204668 kB
MemTotal:        1844596 kB
MemFree:          165764 kB
MemAvailable:    1447068 kB
Buffers:           98656 kB
Cached:          1204668 kB
MemTotal:        1844596 kB
MemFree:          165760 kB
MemAvailable:    1447064 kB
Buffers:           98656 kB
Cached:          1204668 kB
MemTotal:        1844596 kB
MemFree:          165756 kB
MemAvailable:    1447060 kB
Buffers:           98656 kB
Cached:          1204668 kB
MemTotal:        1844596 kB
MemFree:          165968 kB
MemAvailable:    1447272 kB
Buffers:           98656 kB
Cached:          1204668 kB
MemTotal:        1844596 kB
MemFree:          165824 kB
MemAvailable:    1447128 kB
Buffers:           98656 kB
Cached:          1204668 kB
MemTotal:        1844596 kB
MemFree:          165876 kB
MemAvailable:    1447180 kB
Buffers:           98656 kB
Cached:          1204668 kB
MemTotal:        1844596 kB
MemFree:          165568 kB
MemAvailable:    1446872 kB
Buffers:           98656 kB
Cached:          1204668 kB
MemTotal:        1844596 kB
MemFree:          164388 kB
MemAvailable:    1445692 kB
Buffers:           98656 kB
Cached:          1204668 kB
MemTotal:        1844596 kB
MemFree:          164380 kB
MemAvailable:    1445684 kB
Buffers:           98656 kB
Cached:          1204668 kB
MemTotal:        1844596 kB
MemFree:          164256 kB
MemAvailable:    1445560 kB
Buffers:           98656 kB
Cached:          1204668 kB
MemTotal:        1844596 kB
MemFree:          165316 kB
MemAvailable:    1446620 kB
Buffers:           98656 kB
Cached:          1204668 kB
MemTotal:        1844596 kB
MemFree:          165568 kB
MemAvailable:    1446872 kB
Buffers:           98656 kB
Cached:          1204668 kB
MemTotal:        1844596 kB
MemFree:          165336 kB
MemAvailable:    1446640 kB
Buffers:           98656 kB
Cached:          1204668 kB
MemTotal:        1844596 kB
MemFree:          165580 kB
MemAvailable:    1446884 kB
Buffers:           98656 kB
Cached:          1204668 kB
MemTotal:        1844596 kB
MemFree:          165556 kB
MemAvailable:    1446860 kB
Buffers:           98656 kB
Cached:          1204668 kB
MemTotal:        1844596 kB
MemFree:          165324 kB
MemAvailable:    1446628 kB
Buffers:           98656 kB
Cached:          1204668 kB
MemTotal:        1844596 kB
MemFree:          165580 kB
MemAvailable:    1446884 kB
Buffers:           98656 kB
Cached:          1204668 kB
MemTotal:        1844596 kB
MemFree:          165312 kB
MemAvailable:    1446616 kB
Buffers:           98656 kB
Cached:          1204668 kB
MemTotal:        1844596 kB
MemFree:          165564 kB
MemAvailable:    1446868 kB
Buffers:           98656 kB
Cached:          1204668 kB
MemTotal:        1844596 kB
MemFree:          165552 kB
MemAvailable:    1446856 kB
Buffers:           98656 kB
Cached:          1204668 kB
MemTotal:        1844596 kB
MemFree:          165592 kB
MemAvailable:    1446896 kB
Buffers:           98656 kB
Cached:          1204668 kB
MemTotal:        1844596 kB
MemFree:          164328 kB
MemAvailable:    1445632 kB
Buffers:           98656 kB
Cached:          1204668 kB
MemTotal:        1844596 kB
MemFree:          163028 kB
MemAvailable:    1444332 kB
Buffers:           98656 kB
Cached:          1204668 kB
MemTotal:        1844596 kB
MemFree:          163888 kB
MemAvailable:    1445192 kB
Buffers:           98656 kB
Cached:          1204668 kB
MemTotal:        1844596 kB
MemFree:          163972 kB
MemAvailable:    1445276 kB
Buffers:           98656 kB
Cached:          1204668 kB
MemTotal:        1844596 kB
MemFree:          161904 kB
MemAvailable:    1443208 kB
Buffers:           98656 kB
Cached:          1204668 kB
MemTotal:        1844596 kB
MemFree:          161424 kB
MemAvailable:    1442728 kB
Buffers:           98656 kB
Cached:          1204668 kB
MemTotal:        1844596 kB
MemFree:          158996 kB
MemAvailable:    1440300 kB
Buffers:           98656 kB
Cached:          1204668 kB
MemTotal:        1844596 kB
MemFree:          157020 kB
MemAvailable:    1438324 kB
Buffers:           98656 kB
Cached:          1204668 kB
MemTotal:        1844596 kB
MemFree:          153116 kB
MemAvailable:    1434420 kB
Buffers:           98656 kB
Cached:          1204668 kB
MemTotal:        1844596 kB
MemFree:          149256 kB
MemAvailable:    1430560 kB
Buffers:           98656 kB
Cached:          1204668 kB
MemTotal:        1844596 kB
MemFree:          149156 kB
MemAvailable:    1430460 kB
Buffers:           98656 kB
Cached:          1204668 kB
MemTotal:        1844596 kB
MemFree:          147216 kB
MemAvailable:    1428520 kB
Buffers:           98656 kB
Cached:          1204668 kB
MemTotal:        1844596 kB
MemFree:          147092 kB
MemAvailable:    1428396 kB
Buffers:           98656 kB
Cached:          1204668 kB
MemTotal:        1844596 kB
MemFree:          147088 kB
MemAvailable:    1428392 kB
Buffers:           98656 kB
Cached:          1204668 kB
MemTotal:        1844596 kB
MemFree:          145740 kB
MemAvailable:    1427044 kB
Buffers:           98656 kB
Cached:          1204668 kB
MemTotal:        1844596 kB
MemFree:          146980 kB
MemAvailable:    1428284 kB
Buffers:           98656 kB
Cached:          1204668 kB
MemTotal:        1844596 kB
MemFree:          146752 kB
MemAvailable:    1428056 kB
Buffers:           98656 kB
Cached:          1204668 kB
MemTotal:        1844596 kB
MemFree:          146420 kB
MemAvailable:    1427724 kB
Buffers:           98656 kB
Cached:          1204668 kB
MemTotal:        1844596 kB
MemFree:          146724 kB
MemAvailable:    1428028 kB
Buffers:           98656 kB
Cached:          1204668 kB
MemTotal:        1844596 kB
MemFree:          146420 kB
MemAvailable:    1427724 kB
Buffers:           98656 kB
Cached:          1204668 kB
MemTotal:        1844596 kB
MemFree:          145664 kB
MemAvailable:    1426968 kB
Buffers:           98656 kB
Cached:          1204668 kB
MemTotal:        1844596 kB
MemFree:          146896 kB
MemAvailable:    1428200 kB
Buffers:           98656 kB
Cached:          1204668 kB
MemTotal:        1844596 kB
MemFree:          146600 kB
MemAvailable:    1427904 kB
Buffers:           98656 kB
Cached:          1204668 kB
MemTotal:        1844596 kB
MemFree:          146936 kB
MemAvailable:    1428240 kB
Buffers:           98656 kB
Cached:          1204668 kB
MemTotal:        1844596 kB
MemFree:          146032 kB
MemAvailable:    1427336 kB
Buffers:           98656 kB
Cached:          1204668 kB
MemTotal:        1844596 kB
MemFree:          146032 kB
MemAvailable:    1427336 kB
Buffers:           98656 kB
Cached:          1204668 kB
MemTotal:        1844596 kB
MemFree:          144544 kB
MemAvailable:    1425848 kB
Buffers:           98656 kB
Cached:          1204668 kB
MemTotal:        1844596 kB
MemFree:          144668 kB
MemAvailable:    1425972 kB
Buffers:           98656 kB
Cached:          1204668 kB
MemTotal:        1844596 kB
MemFree:          144668 kB
MemAvailable:    1425972 kB
Buffers:           98656 kB
Cached:          1204668 kB
MemTotal:        1844596 kB
MemFree:          145856 kB
MemAvailable:    1427160 kB
Buffers:           98656 kB
Cached:          1204668 kB
MemTotal:        1844596 kB
MemFree:          146108 kB
MemAvailable:    1427412 kB
Buffers:           98656 kB
Cached:          1204668 kB
MemTotal:        1844596 kB
MemFree:          145936 kB
MemAvailable:    1427240 kB
Buffers:           98656 kB
Cached:          1204668 kB
MemTotal:        1844596 kB
MemFree:          145932 kB
MemAvailable:    1427236 kB
Buffers:           98656 kB
Cached:          1204668 kB
MemTotal:        1844596 kB
MemFree:          145312 kB
MemAvailable:    1426616 kB
Buffers:           98656 kB
Cached:          1204668 kB
MemTotal:        1844596 kB
MemFree:          145784 kB
MemAvailable:    1427088 kB
Buffers:           98656 kB
Cached:          1204668 kB
MemTotal:        1844596 kB
MemFree:          146120 kB
MemAvailable:    1427424 kB
Buffers:           98656 kB
Cached:          1204668 kB
MemTotal:        1844596 kB
MemFree:          145876 kB
MemAvailable:    1427188 kB
Buffers:           98656 kB
Cached:          1204676 kB
MemTotal:        1844596 kB
MemFree:          144504 kB
MemAvailable:    1425816 kB
Buffers:           98656 kB
Cached:          1204676 kB
MemTotal:        1844596 kB
MemFree:          145944 kB
MemAvailable:    1427260 kB
Buffers:           98656 kB
Cached:          1204680 kB
MemTotal:        1844596 kB
MemFree:          146008 kB
MemAvailable:    1427324 kB
Buffers:           98656 kB
Cached:          1204680 kB
MemTotal:        1844596 kB
MemFree:          144684 kB
MemAvailable:    1426000 kB
Buffers:           98656 kB
Cached:          1204680 kB
MemTotal:        1844596 kB
MemFree:          145828 kB
MemAvailable:    1427144 kB
Buffers:           98656 kB
Cached:          1204680 kB
MemTotal:        1844596 kB
MemFree:          146168 kB
MemAvailable:    1427484 kB
Buffers:           98656 kB
Cached:          1204680 kB
MemTotal:        1844596 kB
MemFree:          142700 kB
MemAvailable:    1424016 kB
Buffers:           98656 kB
Cached:          1204680 kB
MemTotal:        1844596 kB
MemFree:          140528 kB
MemAvailable:    1421844 kB
Buffers:           98656 kB
Cached:          1204680 kB
MemTotal:        1844596 kB
MemFree:          136872 kB
MemAvailable:    1418188 kB
Buffers:           98656 kB
Cached:          1204680 kB
MemTotal:        1844596 kB
MemFree:          132896 kB
MemAvailable:    1414212 kB
Buffers:           98656 kB
Cached:          1204680 kB
MemTotal:        1844596 kB
MemFree:          132896 kB
MemAvailable:    1414212 kB
Buffers:           98656 kB
Cached:          1204680 kB
MemTotal:        1844596 kB
MemFree:          128316 kB
MemAvailable:    1409632 kB
Buffers:           98656 kB
Cached:          1204680 kB
MemTotal:        1844596 kB
MemFree:          127756 kB
MemAvailable:    1409072 kB
Buffers:           98656 kB
Cached:          1204680 kB
MemTotal:        1844596 kB
MemFree:          126580 kB
MemAvailable:    1407896 kB
Buffers:           98656 kB
Cached:          1204680 kB
MemTotal:        1844596 kB
MemFree:          127420 kB
MemAvailable:    1408736 kB
Buffers:           98656 kB
Cached:          1204680 kB
MemTotal:        1844596 kB
MemFree:          127756 kB
MemAvailable:    1409072 kB
Buffers:           98656 kB
Cached:          1204680 kB
MemTotal:        1844596 kB
MemFree:          127540 kB
MemAvailable:    1408856 kB
Buffers:           98656 kB
Cached:          1204680 kB
MemTotal:        1844596 kB
MemFree:          127540 kB
MemAvailable:    1408856 kB
Buffers:           98656 kB
Cached:          1204680 kB
MemTotal:        1844596 kB
MemFree:          127684 kB
MemAvailable:    1409000 kB
Buffers:           98656 kB
Cached:          1204680 kB
MemTotal:        1844596 kB
MemFree:          127656 kB
MemAvailable:    1408972 kB
Buffers:           98656 kB
Cached:          1204680 kB
MemTotal:        1844596 kB
MemFree:          127812 kB
MemAvailable:    1409128 kB
Buffers:           98656 kB
Cached:          1204680 kB
MemTotal:        1844596 kB
MemFree:          127800 kB
MemAvailable:    1409116 kB
Buffers:           98656 kB
Cached:          1204680 kB
MemTotal:        1844596 kB
MemFree:          126552 kB
MemAvailable:    1407868 kB
Buffers:           98656 kB
Cached:          1204680 kB
MemTotal:        1844596 kB
MemFree:          126636 kB
MemAvailable:    1407952 kB
Buffers:           98656 kB
Cached:          1204680 kB
MemTotal:        1844596 kB
MemFree:          127752 kB
MemAvailable:    1409068 kB
Buffers:           98656 kB
Cached:          1204680 kB
MemTotal:        1844596 kB
MemFree:          126636 kB
MemAvailable:    1407952 kB
Buffers:           98656 kB
Cached:          1204680 kB
MemTotal:        1844596 kB
MemFree:          127752 kB
MemAvailable:    1409068 kB
Buffers:           98656 kB
Cached:          1204680 kB
MemTotal:        1844596 kB
MemFree:          127976 kB
MemAvailable:    1409292 kB
Buffers:           98656 kB
Cached:          1204680 kB
MemTotal:        1844596 kB
MemFree:          126500 kB
MemAvailable:    1407816 kB
Buffers:           98656 kB
Cached:          1204680 kB
MemTotal:        1844596 kB
MemFree:          127688 kB
MemAvailable:    1409004 kB
Buffers:           98656 kB
Cached:          1204680 kB
MemTotal:        1844596 kB
MemFree:          127580 kB
MemAvailable:    1408896 kB
Buffers:           98656 kB
Cached:          1204680 kB
MemTotal:        1844596 kB
MemFree:          127820 kB
MemAvailable:    1409136 kB
Buffers:           98656 kB
Cached:          1204680 kB
MemTotal:        1844596 kB
MemFree:          127832 kB
MemAvailable:    1409148 kB
Buffers:           98656 kB
Cached:          1204680 kB
MemTotal:        1844596 kB
MemFree:          127076 kB
MemAvailable:    1408392 kB
Buffers:           98656 kB
Cached:          1204680 kB
MemTotal:        1844596 kB
MemFree:          127876 kB
MemAvailable:    1409192 kB
Buffers:           98656 kB
Cached:          1204680 kB
MemTotal:        1844596 kB
MemFree:          126580 kB
MemAvailable:    1407896 kB
Buffers:           98656 kB
Cached:          1204680 kB
MemTotal:        1844596 kB
MemFree:          126580 kB
MemAvailable:    1407896 kB
Buffers:           98656 kB
Cached:          1204680 kB
MemTotal:        1844596 kB
MemFree:          126828 kB
MemAvailable:    1408144 kB
Buffers:           98656 kB
Cached:          1204680 kB
MemTotal:        1844596 kB
MemFree:          126532 kB
MemAvailable:    1407848 kB
Buffers:           98656 kB
Cached:          1204680 kB
MemTotal:        1844596 kB
MemFree:          127772 kB
MemAvailable:    1409088 kB
Buffers:           98656 kB
Cached:          1204680 kB
MemTotal:        1844596 kB
MemFree:          126400 kB
MemAvailable:    1407716 kB
Buffers:           98656 kB
Cached:          1204680 kB
MemTotal:        1844596 kB
MemFree:          127752 kB
MemAvailable:    1409068 kB
Buffers:           98656 kB
Cached:          1204680 kB
MemTotal:        1844596 kB
MemFree:          127324 kB
MemAvailable:    1408640 kB
Buffers:           98656 kB
Cached:          1204680 kB
MemTotal:        1844596 kB
MemFree:          127640 kB
MemAvailable:    1408956 kB
Buffers:           98656 kB
Cached:          1204680 kB
MemTotal:        1844596 kB
MemFree:          127884 kB
MemAvailable:    1409200 kB
Buffers:           98656 kB
Cached:          1204680 kB
MemTotal:        1844596 kB
MemFree:          127760 kB
MemAvailable:    1409076 kB
Buffers:           98656 kB
Cached:          1204680 kB
MemTotal:        1844596 kB
MemFree:          128012 kB
MemAvailable:    1409328 kB
Buffers:           98656 kB
Cached:          1204680 kB
MemTotal:        1844596 kB
MemFree:          123588 kB
MemAvailable:    1404904 kB
Buffers:           98656 kB
Cached:          1204680 kB
MemTotal:        1844596 kB
MemFree:          123676 kB
MemAvailable:    1404992 kB
Buffers:           98656 kB
Cached:          1204680 kB
MemTotal:        1844596 kB
MemFree:          116396 kB
MemAvailable:    1397712 kB
Buffers:           98656 kB
Cached:          1204680 kB
MemTotal:        1844596 kB
MemFree:          115916 kB
MemAvailable:    1397232 kB
Buffers:           98656 kB
Cached:          1204680 kB
MemTotal:        1844596 kB
MemFree:          111512 kB
MemAvailable:    1392828 kB
Buffers:           98656 kB
Cached:          1204680 kB
MemTotal:        1844596 kB
MemFree:          110644 kB
MemAvailable:    1391960 kB
Buffers:           98656 kB
Cached:          1204680 kB
MemTotal:        1844596 kB
MemFree:          110512 kB
MemAvailable:    1391828 kB
Buffers:           98656 kB
Cached:          1204680 kB
MemTotal:        1844596 kB
MemFree:          109080 kB
MemAvailable:    1390396 kB
Buffers:           98656 kB
Cached:          1204680 kB
MemTotal:        1844596 kB
MemFree:          109460 kB
MemAvailable:    1390776 kB
Buffers:           98656 kB
Cached:          1204680 kB
MemTotal:        1844596 kB
MemFree:          109796 kB
MemAvailable:    1391112 kB
Buffers:           98656 kB
Cached:          1204680 kB
MemTotal:        1844596 kB
MemFree:          109528 kB
MemAvailable:    1390844 kB
Buffers:           98656 kB
Cached:          1204680 kB
MemTotal:        1844596 kB
MemFree:          108352 kB
MemAvailable:    1389668 kB
Buffers:           98656 kB
Cached:          1204680 kB
MemTotal:        1844596 kB
MemFree:          109468 kB
MemAvailable:    1390788 kB
Buffers:           98656 kB
Cached:          1204684 kB
MemTotal:        1844596 kB
MemFree:          108732 kB
MemAvailable:    1390052 kB
Buffers:           98656 kB
Cached:          1204684 kB
MemTotal:        1844596 kB
MemFree:          109164 kB
MemAvailable:    1390484 kB
Buffers:           98656 kB
Cached:          1204684 kB
MemTotal:        1844596 kB
MemFree:          109164 kB
MemAvailable:    1390484 kB
Buffers:           98656 kB
Cached:          1204684 kB
MemTotal:        1844596 kB
MemFree:          107600 kB
MemAvailable:    1388920 kB
Buffers:           98656 kB
Cached:          1204684 kB
MemTotal:        1844596 kB
MemFree:          108784 kB
MemAvailable:    1390104 kB
Buffers:           98656 kB
Cached:          1204684 kB
MemTotal:        1844596 kB
MemFree:          108784 kB
MemAvailable:    1390104 kB
Buffers:           98656 kB
Cached:          1204684 kB
MemTotal:        1844596 kB
MemFree:          107552 kB
MemAvailable:    1388872 kB
Buffers:           98656 kB
Cached:          1204684 kB
MemTotal:        1844596 kB
MemFree:          107112 kB
MemAvailable:    1388432 kB
Buffers:           98656 kB
Cached:          1204684 kB
MemTotal:        1844596 kB
MemFree:          106856 kB
MemAvailable:    1388176 kB
Buffers:           98656 kB
Cached:          1204684 kB
MemTotal:        1844596 kB
MemFree:          107236 kB
MemAvailable:    1388556 kB
Buffers:           98656 kB
Cached:          1204684 kB
MemTotal:        1844596 kB
MemFree:          106004 kB
MemAvailable:    1387324 kB
Buffers:           98656 kB
Cached:          1204684 kB
MemTotal:        1844596 kB
MemFree:          106476 kB
MemAvailable:    1387796 kB
Buffers:           98656 kB
Cached:          1204684 kB
MemTotal:        1844596 kB
MemFree:          106228 kB
MemAvailable:    1387548 kB
Buffers:           98656 kB
Cached:          1204684 kB
MemTotal:        1844596 kB
MemFree:          105732 kB
MemAvailable:    1387052 kB
Buffers:           98656 kB
Cached:          1204684 kB
MemTotal:        1844596 kB
MemFree:          105252 kB
MemAvailable:    1386572 kB
Buffers:           98656 kB
Cached:          1204684 kB
MemTotal:        1844596 kB
MemFree:          104880 kB
MemAvailable:    1386204 kB
Buffers:           98656 kB
Cached:          1204688 kB
MemTotal:        1844596 kB
MemFree:          103020 kB
MemAvailable:    1384344 kB
Buffers:           98656 kB
Cached:          1204688 kB
MemTotal:        1844596 kB
MemFree:          103260 kB
MemAvailable:    1384584 kB
Buffers:           98656 kB
Cached:          1204688 kB
MemTotal:        1844596 kB
MemFree:          103260 kB
MemAvailable:    1384584 kB
Buffers:           98656 kB
Cached:          1204688 kB
MemTotal:        1844596 kB
MemFree:          101904 kB
MemAvailable:    1383228 kB
Buffers:           98656 kB
Cached:          1204688 kB
MemTotal:        1844596 kB
MemFree:          101980 kB
MemAvailable:    1383304 kB
Buffers:           98656 kB
Cached:          1204688 kB
MemTotal:        1844596 kB
MemFree:          102152 kB
MemAvailable:    1383476 kB
Buffers:           98656 kB
Cached:          1204688 kB
MemTotal:        1844596 kB
MemFree:          102152 kB
MemAvailable:    1383476 kB
Buffers:           98656 kB
Cached:          1204688 kB
MemTotal:        1844596 kB
MemFree:          103268 kB
MemAvailable:    1384592 kB
Buffers:           98656 kB
Cached:          1204688 kB
MemTotal:        1844596 kB
MemFree:          102524 kB
MemAvailable:    1383848 kB
Buffers:           98656 kB
Cached:          1204688 kB
MemTotal:        1844596 kB
MemFree:          101772 kB
MemAvailable:    1383096 kB
Buffers:           98656 kB
Cached:          1204688 kB
MemTotal:        1844596 kB
MemFree:          101664 kB
MemAvailable:    1382988 kB
Buffers:           98656 kB
Cached:          1204688 kB
MemTotal:        1844596 kB
MemFree:          101608 kB
MemAvailable:    1382932 kB
Buffers:           98656 kB
Cached:          1204688 kB
MemTotal:        1844596 kB
MemFree:          100528 kB
MemAvailable:    1381852 kB
Buffers:           98656 kB
Cached:          1204688 kB
MemTotal:        1844596 kB
MemFree:          101644 kB
MemAvailable:    1382968 kB
Buffers:           98656 kB
Cached:          1204688 kB
MemTotal:        1844596 kB
MemFree:          101592 kB
MemAvailable:    1382916 kB
Buffers:           98656 kB
Cached:          1204688 kB
MemTotal:        1844596 kB
MemFree:          100540 kB
MemAvailable:    1381864 kB
Buffers:           98656 kB
Cached:          1204688 kB
MemTotal:        1844596 kB
MemFree:          101544 kB
MemAvailable:    1382868 kB
Buffers:           98656 kB
Cached:          1204688 kB
MemTotal:        1844596 kB
MemFree:          100920 kB
MemAvailable:    1382244 kB
Buffers:           98656 kB
Cached:          1204688 kB
MemTotal:        1844596 kB
MemFree:          101584 kB
MemAvailable:    1382908 kB
Buffers:           98656 kB
Cached:          1204688 kB
MemTotal:        1844596 kB
MemFree:          101592 kB
MemAvailable:    1382916 kB
Buffers:           98656 kB
Cached:          1204688 kB
MemTotal:        1844596 kB
MemFree:          100244 kB
MemAvailable:    1381568 kB
Buffers:           98656 kB
Cached:          1204688 kB
MemTotal:        1844596 kB
MemFree:          101604 kB
MemAvailable:    1382928 kB
Buffers:           98656 kB
Cached:          1204688 kB
MemTotal:        1844596 kB
MemFree:          101772 kB
MemAvailable:    1383096 kB
Buffers:           98656 kB
Cached:          1204688 kB
MemTotal:        1844596 kB
MemFree:          100416 kB
MemAvailable:    1381740 kB
Buffers:           98656 kB
Cached:          1204688 kB
MemTotal:        1844596 kB
MemFree:          100408 kB
MemAvailable:    1381732 kB
Buffers:           98656 kB
Cached:          1204688 kB
MemTotal:        1844596 kB
MemFree:          101468 kB
MemAvailable:    1382792 kB
Buffers:           98656 kB
Cached:          1204688 kB
MemTotal:        1844596 kB
MemFree:          101720 kB
MemAvailable:    1383044 kB
Buffers:           98656 kB
Cached:          1204688 kB
MemTotal:        1844596 kB
MemFree:          100236 kB
MemAvailable:    1381560 kB
Buffers:           98656 kB
Cached:          1204688 kB
MemTotal:        1844596 kB
MemFree:          101476 kB
MemAvailable:    1382800 kB
Buffers:           98656 kB
Cached:          1204688 kB
MemTotal:        1844596 kB
MemFree:          101784 kB
MemAvailable:    1383108 kB
Buffers:           98656 kB
Cached:          1204688 kB
MemTotal:        1844596 kB
MemFree:          100392 kB
MemAvailable:    1381716 kB
Buffers:           98656 kB
Cached:          1204688 kB
MemTotal:        1844596 kB
MemFree:          101532 kB
MemAvailable:    1382856 kB
Buffers:           98656 kB
Cached:          1204688 kB
MemTotal:        1844596 kB
MemFree:          100284 kB
MemAvailable:    1381608 kB
Buffers:           98656 kB
Cached:          1204688 kB
MemTotal:        1844596 kB
MemFree:          101484 kB
MemAvailable:    1382808 kB
Buffers:           98656 kB
Cached:          1204688 kB
MemTotal:        1844596 kB
MemFree:          101544 kB
MemAvailable:    1382868 kB
Buffers:           98656 kB
Cached:          1204688 kB
MemTotal:        1844596 kB
MemFree:          101668 kB
MemAvailable:    1382992 kB
Buffers:           98656 kB
Cached:          1204688 kB
MemTotal:        1844596 kB
MemFree:          100236 kB
MemAvailable:    1381560 kB
Buffers:           98656 kB
Cached:          1204688 kB
MemTotal:        1844596 kB
MemFree:          101344 kB
MemAvailable:    1382668 kB
Buffers:           98656 kB
Cached:          1204688 kB
MemTotal:        1844596 kB
MemFree:          101596 kB
MemAvailable:    1382920 kB
Buffers:           98656 kB
Cached:          1204688 kB
MemTotal:        1844596 kB
MemFree:          101536 kB
MemAvailable:    1382860 kB
Buffers:           98656 kB
Cached:          1204688 kB
MemTotal:        1844596 kB
MemFree:          100528 kB
MemAvailable:    1381852 kB
Buffers:           98656 kB
Cached:          1204688 kB
MemTotal:        1844596 kB
MemFree:          101464 kB
MemAvailable:    1382788 kB
Buffers:           98656 kB
Cached:          1204688 kB
MemTotal:        1844596 kB
MemFree:          101532 kB
MemAvailable:    1382856 kB
Buffers:           98656 kB
Cached:          1204688 kB
MemTotal:        1844596 kB
MemFree:          101476 kB
MemAvailable:    1382800 kB
Buffers:           98656 kB
Cached:          1204688 kB
MemTotal:        1844596 kB
MemFree:          101536 kB
MemAvailable:    1382860 kB
Buffers:           98656 kB
Cached:          1204688 kB
MemTotal:        1844596 kB
MemFree:          100360 kB
MemAvailable:    1381684 kB
Buffers:           98656 kB
Cached:          1204688 kB
MemTotal:        1844596 kB
MemFree:          100352 kB
MemAvailable:    1381676 kB
Buffers:           98656 kB
Cached:          1204688 kB
MemTotal:        1844596 kB
MemFree:          100228 kB
MemAvailable:    1381552 kB
Buffers:           98656 kB
Cached:          1204688 kB
MemTotal:        1844596 kB
MemFree:          101588 kB
MemAvailable:    1382912 kB
Buffers:           98656 kB
Cached:          1204688 kB
MemTotal:        1844596 kB
MemFree:          101756 kB
MemAvailable:    1383080 kB
Buffers:           98656 kB
Cached:          1204688 kB
MemTotal:        1844596 kB
MemFree:          100160 kB
MemAvailable:    1381484 kB
Buffers:           98656 kB
Cached:          1204688 kB
MemTotal:        1844596 kB
MemFree:           98920 kB
MemAvailable:    1380244 kB
Buffers:           98656 kB
Cached:          1204688 kB
MemTotal:        1844596 kB
MemFree:           98688 kB
MemAvailable:    1380012 kB
Buffers:           98656 kB
Cached:          1204688 kB
MemTotal:        1844596 kB
MemFree:           95208 kB
MemAvailable:    1376532 kB
Buffers:           98656 kB
Cached:          1204688 kB
MemTotal:        1844596 kB
MemFree:           90976 kB
MemAvailable:    1372300 kB
Buffers:           98656 kB
Cached:          1204688 kB
MemTotal:        1844596 kB
MemFree:           91060 kB
MemAvailable:    1372384 kB
Buffers:           98656 kB
Cached:          1204688 kB
MemTotal:        1844596 kB
MemFree:           86528 kB
MemAvailable:    1367852 kB
Buffers:           98656 kB
Cached:          1204688 kB
MemTotal:        1844596 kB
MemFree:           83296 kB
MemAvailable:    1364620 kB
Buffers:           98656 kB
Cached:          1204688 kB
MemTotal:        1844596 kB
MemFree:           81568 kB
MemAvailable:    1362892 kB
Buffers:           98656 kB
Cached:          1204688 kB
MemTotal:        1844596 kB
MemFree:           81072 kB
MemAvailable:    1362396 kB
Buffers:           98656 kB
Cached:          1204688 kB
MemTotal:        1844596 kB
MemFree:           82180 kB
MemAvailable:    1363504 kB
Buffers:           98660 kB
Cached:          1204684 kB
MemTotal:        1844596 kB
MemFree:           81444 kB
MemAvailable:    1362768 kB
Buffers:           98660 kB
Cached:          1204684 kB
MemTotal:        1844596 kB
MemFree:           82172 kB
MemAvailable:    1363496 kB
Buffers:           98660 kB
Cached:          1204684 kB
MemTotal:        1844596 kB
MemFree:           82320 kB
MemAvailable:    1363644 kB
Buffers:           98660 kB
Cached:          1204684 kB
MemTotal:        1844596 kB
MemFree:           80776 kB
MemAvailable:    1362100 kB
Buffers:           98660 kB
Cached:          1204684 kB
MemTotal:        1844596 kB
MemFree:           82048 kB
MemAvailable:    1363372 kB
Buffers:           98660 kB
Cached:          1204684 kB
MemTotal:        1844596 kB
MemFree:           82300 kB
MemAvailable:    1363624 kB
Buffers:           98660 kB
Cached:          1204684 kB
MemTotal:        1844596 kB
MemFree:           82236 kB
MemAvailable:    1363560 kB
Buffers:           98660 kB
Cached:          1204684 kB
MemTotal:        1844596 kB
MemFree:           82232 kB
MemAvailable:    1363556 kB
Buffers:           98660 kB
Cached:          1204684 kB
MemTotal:        1844596 kB
MemFree:           82288 kB
MemAvailable:    1363612 kB
Buffers:           98660 kB
Cached:          1204684 kB
MemTotal:        1844596 kB
MemFree:           80744 kB
MemAvailable:    1362068 kB
Buffers:           98660 kB
Cached:          1204684 kB
MemTotal:        1844596 kB
MemFree:           80752 kB
MemAvailable:    1362076 kB
Buffers:           98660 kB
Cached:          1204684 kB
MemTotal:        1844596 kB
MemFree:           80752 kB
MemAvailable:    1362076 kB
Buffers:           98660 kB
Cached:          1204684 kB
MemTotal:        1844596 kB
MemFree:           82132 kB
MemAvailable:    1363472 kB
Buffers:           98660 kB
Cached:          1204700 kB
MemTotal:        1844596 kB
MemFree:           81808 kB
MemAvailable:    1363148 kB
Buffers:           98660 kB
Cached:          1204700 kB
MemTotal:        1844596 kB
MemFree:           81584 kB
MemAvailable:    1362924 kB
Buffers:           98660 kB
Cached:          1204700 kB
MemTotal:        1844596 kB
MemFree:           82132 kB
MemAvailable:    1363464 kB
Buffers:           98660 kB
Cached:          1204700 kB
MemTotal:        1844596 kB
MemFree:           81760 kB
MemAvailable:    1363092 kB
Buffers:           98660 kB
Cached:          1204700 kB
MemTotal:        1844596 kB
MemFree:           81700 kB
MemAvailable:    1363032 kB
Buffers:           98660 kB
Cached:          1204700 kB
MemTotal:        1844596 kB
MemFree:           80444 kB
MemAvailable:    1361776 kB
Buffers:           98660 kB
Cached:          1204700 kB
MemTotal:        1844596 kB
MemFree:           81512 kB
MemAvailable:    1362844 kB
Buffers:           98660 kB
Cached:          1204700 kB
MemTotal:        1844596 kB
MemFree:           80204 kB
MemAvailable:    1361536 kB
Buffers:           98660 kB
Cached:          1204700 kB
MemTotal:        1844596 kB
MemFree:           80692 kB
MemAvailable:    1362024 kB
Buffers:           98660 kB
Cached:          1204700 kB
MemTotal:        1844596 kB
MemFree:           80692 kB
MemAvailable:    1362024 kB
Buffers:           98660 kB
Cached:          1204700 kB
MemTotal:        1844596 kB
MemFree:           73700 kB
MemAvailable:    1355032 kB
Buffers:           98660 kB
Cached:          1204700 kB
MemTotal:        1844596 kB
MemFree:           72628 kB
MemAvailable:    1353960 kB
Buffers:           98660 kB
Cached:          1204700 kB
MemTotal:        1844596 kB
MemFree:           70780 kB
MemAvailable:    1352112 kB
Buffers:           98660 kB
Cached:          1204700 kB
MemTotal:        1844596 kB
MemFree:           70524 kB
MemAvailable:    1351856 kB
Buffers:           98660 kB
Cached:          1204700 kB
MemTotal:        1844596 kB
MemFree:           71820 kB
MemAvailable:    1353152 kB
Buffers:           98660 kB
Cached:          1204700 kB
MemTotal:        1844596 kB
MemFree:           70912 kB
MemAvailable:    1352244 kB
Buffers:           98660 kB
Cached:          1204700 kB
MemTotal:        1844596 kB
MemFree:           70540 kB
MemAvailable:    1351872 kB
Buffers:           98660 kB
Cached:          1204700 kB
MemTotal:        1844596 kB
MemFree:           70104 kB
MemAvailable:    1351436 kB
Buffers:           98660 kB
Cached:          1204700 kB
MemTotal:        1844596 kB
MemFree:           70088 kB
MemAvailable:    1351420 kB
Buffers:           98660 kB
Cached:          1204700 kB
MemTotal:        1844596 kB
MemFree:           69652 kB
MemAvailable:    1350984 kB
Buffers:           98660 kB
Cached:          1204700 kB
MemTotal:        1844596 kB
MemFree:           69492 kB
MemAvailable:    1350824 kB
Buffers:           98660 kB
Cached:          1204700 kB
MemTotal:        1844596 kB
MemFree:           69420 kB
MemAvailable:    1350920 kB
Buffers:           98660 kB
Cached:          1204824 kB
MemTotal:        1844596 kB
MemFree:           69128 kB
MemAvailable:    1350712 kB
Buffers:           98660 kB
Cached:          1205072 kB
MemTotal:        1844596 kB
MemFree:           69296 kB
MemAvailable:    1350964 kB
Buffers:           98660 kB
Cached:          1205072 kB
MemTotal:        1844596 kB
MemFree:           69088 kB
MemAvailable:    1350924 kB
Buffers:           98660 kB
Cached:          1205196 kB
MemTotal:        1844596 kB
MemFree:           68652 kB
MemAvailable:    1350488 kB
Buffers:           98660 kB
Cached:          1205196 kB
MemTotal:        1844596 kB
MemFree:           68852 kB
MemAvailable:    1350772 kB
Buffers:           98660 kB
Cached:          1205320 kB
MemTotal:        1844596 kB
MemFree:           68832 kB
MemAvailable:    1350752 kB
Buffers:           98660 kB
Cached:          1205320 kB
MemTotal:        1844596 kB
MemFree:           68832 kB
MemAvailable:    1350752 kB
Buffers:           98660 kB
Cached:          1205320 kB
MemTotal:        1844596 kB
MemFree:           68856 kB
MemAvailable:    1350776 kB
Buffers:           98660 kB
Cached:          1205320 kB
MemTotal:        1844596 kB
MemFree:           69132 kB
MemAvailable:    1351052 kB
Buffers:           98660 kB
Cached:          1205320 kB
MemTotal:        1844596 kB
MemFree:           68720 kB
MemAvailable:    1350640 kB
Buffers:           98660 kB
Cached:          1205320 kB
MemTotal:        1844596 kB
MemFree:           69056 kB
MemAvailable:    1350976 kB
Buffers:           98660 kB
Cached:          1205320 kB
MemTotal:        1844596 kB
MemFree:           68840 kB
MemAvailable:    1350760 kB
Buffers:           98660 kB
Cached:          1205320 kB
MemTotal:        1844596 kB
MemFree:           68840 kB
MemAvailable:    1350760 kB
Buffers:           98660 kB
Cached:          1205320 kB
MemTotal:        1844596 kB
MemFree:           69396 kB
MemAvailable:    1350728 kB
Buffers:           98660 kB
Cached:          1204728 kB
MemTotal:        1844596 kB
MemFree:           67180 kB
MemAvailable:    1348512 kB
Buffers:           98660 kB
Cached:          1204728 kB
MemTotal:        1844596 kB
MemFree:          120076 kB
MemAvailable:    1401492 kB
Buffers:           98660 kB
Cached:          1204728 kB
MemTotal:        1844596 kB
MemFree:          251260 kB
MemAvailable:    1532592 kB
Buffers:           98660 kB
Cached:          1204728 kB
