MemTotal:        1844596 kB
MemFree:          811500 kB
MemAvailable:    1546072 kB
Buffers:           86984 kB
Cached:           675832 kB
MemTotal:        1844596 kB
MemFree:          782748 kB
MemAvailable:    1517324 kB
Buffers:           86984 kB
Cached:           675836 kB
MemTotal:        1844596 kB
MemFree:          783792 kB
MemAvailable:    1518368 kB
Buffers:           86984 kB
Cached:           675836 kB
MemTotal:        1844596 kB
MemFree:          782260 kB
MemAvailable:    1516836 kB
Buffers:           86984 kB
Cached:           675836 kB
MemTotal:        1844596 kB
MemFree:          780764 kB
MemAvailable:    1515216 kB
Buffers:           86984 kB
Cached:           675836 kB
MemTotal:        1844596 kB
MemFree:          780476 kB
MemAvailable:    1515052 kB
Buffers:           86984 kB
Cached:           675836 kB
MemTotal:        1844596 kB
MemFree:          780516 kB
MemAvailable:    1515092 kB
Buffers:           86984 kB
Cached:           675836 kB
MemTotal:        1844596 kB
MemFree:          776548 kB
MemAvailable:    1511124 kB
Buffers:           86984 kB
Cached:           675836 kB
MemTotal:        1844596 kB
MemFree:          775060 kB
MemAvailable:    1509636 kB
Buffers:           86984 kB
Cached:           675836 kB
MemTotal:        1844596 kB
MemFree:          772208 kB
MemAvailable:    1506784 kB
Buffers:           86984 kB
Cached:           675836 kB
MemTotal:        1844596 kB
MemFree:          769108 kB
MemAvailable:    1503684 kB
Buffers:           86984 kB
Cached:           675836 kB
MemTotal:        1844596 kB
MemFree:          770844 kB
MemAvailable:    1505420 kB
Buffers:           86984 kB
Cached:           675836 kB
MemTotal:        1844596 kB
MemFree:          771396 kB
MemAvailable:    1505972 kB
Buffers:           86984 kB
Cached:           675836 kB
MemTotal:        1844596 kB
MemFree:          771648 kB
MemAvailable:    1506224 kB
Buffers:           86984 kB
Cached:           675836 kB
MemTotal:        1844596 kB
MemFree:          770168 kB
MemAvailable:    1504744 kB
Buffers:           86984 kB
Cached:           675836 kB
MemTotal:        1844596 kB
MemFree:          770168 kB
MemAvailable:    1504744 kB
Buffers:           86984 kB
Cached:           675836 kB
MemTotal:        1844596 kB
MemFree:          770100 kB
MemAvailable:    1504676 kB
Buffers:           86984 kB
Cached:           675836 kB
MemTotal:        1844596 kB
MemFree:          771268 kB
MemAvailable:    1505844 kB
Buffers:           86984 kB
Cached:           675836 kB
MemTotal:        1844596 kB
MemFree:          770108 kB
MemAvailable:    1504684 kB
Buffers:           86984 kB
Cached:           675836 kB
MemTotal:        1844596 kB
MemFree:          771028 kB
MemAvailable:    1505604 kB
Buffers:           86984 kB
Cached:           675836 kB
MemTotal:        1844596 kB
MemFree:          769984 kB
MemAvailable:    1504560 kB
Buffers:           86984 kB
Cached:           675836 kB
MemTotal:        1844596 kB
MemFree:          771052 kB
MemAvailable:    1505628 kB
Buffers:           86984 kB
Cached:           675836 kB
MemTotal:        1844596 kB
MemFree:          769852 kB
MemAvailable:    1504428 kB
Buffers:           86984 kB
Cached:           675836 kB
MemTotal:        1844596 kB
MemFree:          770672 kB
MemAvailable:    1505248 kB
Buffers:           86984 kB
Cached:           675836 kB
MemTotal:        1844596 kB
MemFree:          770604 kB
MemAvailable:    1505180 kB
Buffers:           86984 kB
Cached:           675836 kB
MemTotal:        1844596 kB
MemFree:          770348 kB
MemAvailable:    1504924 kB
Buffers:           86984 kB
Cached:           675836 kB
MemTotal:        1844596 kB
MemFree:          769100 kB
MemAvailable:    1503676 kB
Buffers:           86984 kB
Cached:           675836 kB
MemTotal:        1844596 kB
MemFree:          769108 kB
MemAvailable:    1503684 kB
Buffers:           86984 kB
Cached:           675836 kB
MemTotal:        1844596 kB
MemFree:          769852 kB
MemAvailable:    1504428 kB
Buffers:           86984 kB
Cached:           675836 kB
MemTotal:        1844596 kB
MemFree:          768480 kB
MemAvailable:    1503056 kB
Buffers:           86984 kB
Cached:           675836 kB
MemTotal:        1844596 kB
MemFree:          768472 kB
MemAvailable:    1503048 kB
Buffers:           86984 kB
Cached:           675836 kB
MemTotal:        1844596 kB
MemFree:          767496 kB
MemAvailable:    1502072 kB
Buffers:           86984 kB
Cached:           675836 kB
MemTotal:        1844596 kB
MemFree:          767620 kB
MemAvailable:    1502196 kB
Buffers:           86984 kB
Cached:           675836 kB
MemTotal:        1844596 kB
MemFree:          767248 kB
MemAvailable:    1501824 kB
Buffers:           86984 kB
Cached:           675836 kB
MemTotal:        1844596 kB
MemFree:          767496 kB
MemAvailable:    1502072 kB
Buffers:           86984 kB
Cached:           675836 kB
MemTotal:        1844596 kB
MemFree:          767372 kB
MemAvailable:    1501948 kB
Buffers:           86984 kB
Cached:           675836 kB
MemTotal:        1844596 kB
MemFree:          768600 kB
MemAvailable:    1503176 kB
Buffers:           86984 kB
Cached:           675836 kB
MemTotal:        1844596 kB
MemFree:          767620 kB
MemAvailable:    1502196 kB
Buffers:           86984 kB
Cached:           675836 kB
MemTotal:        1844596 kB
MemFree:          768268 kB
MemAvailable:    1502844 kB
Buffers:           86984 kB
Cached:           675836 kB
MemTotal:        1844596 kB
MemFree:          768604 kB
MemAvailable:    1503180 kB
Buffers:           86984 kB
Cached:           675836 kB
MemTotal:        1844596 kB
MemFree:          768476 kB
MemAvailable:    1503052 kB
Buffers:           86984 kB
Cached:           675836 kB
MemTotal:        1844596 kB
MemFree:          766380 kB
MemAvailable:    1500956 kB
Buffers:           86984 kB
Cached:           675836 kB
MemTotal:        1844596 kB
MemFree:          765760 kB
MemAvailable:    1500336 kB
Buffers:           86984 kB
Cached:           675836 kB
MemTotal:        1844596 kB
MemFree:          761916 kB
MemAvailable:    1496492 kB
Buffers:           86984 kB
Cached:           675836 kB
MemTotal:        1844596 kB
MemFree:          762032 kB
MemAvailable:    1496608 kB
Buffers:           86984 kB
Cached:           675836 kB
MemTotal:        1844596 kB
MemFree:          761908 kB
MemAvailable:    1496484 kB
Buffers:           86984 kB
Cached:           675836 kB
MemTotal:        1844596 kB
MemFree:          761992 kB
MemAvailable:    1496568 kB
Buffers:           86984 kB
Cached:           675836 kB
MemTotal:        1844596 kB
MemFree:          761728 kB
MemAvailable:    1496304 kB
Buffers:           86984 kB
Cached:           675836 kB
MemTotal:        1844596 kB
MemFree:          761728 kB
MemAvailable:    1496304 kB
Buffers:           86984 kB
Cached:           675836 kB
MemTotal:        1844596 kB
MemFree:          761420 kB
MemAvailable:    1495996 kB
Buffers:           86984 kB
Cached:           675836 kB
MemTotal:        1844596 kB
MemFree:          762828 kB
MemAvailable:    1497404 kB
Buffers:           86984 kB
Cached:           675836 kB
MemTotal:        1844596 kB
MemFree:          762860 kB
MemAvailable:    1497436 kB
Buffers:           86984 kB
Cached:           675836 kB
MemTotal:        1844596 kB
MemFree:          761420 kB
MemAvailable:    1495996 kB
Buffers:           86984 kB
Cached:           675836 kB
MemTotal:        1844596 kB
MemFree:          762672 kB
MemAvailable:    1497248 kB
Buffers:           86984 kB
Cached:           675836 kB
MemTotal:        1844596 kB
MemFree:          761676 kB
MemAvailable:    1496252 kB
Buffers:           86984 kB
Cached:           675836 kB
MemTotal:        1844596 kB
MemFree:          762520 kB
MemAvailable:    1497096 kB
Buffers:           86984 kB
Cached:           675836 kB
MemTotal:        1844596 kB
MemFree:          762856 kB
MemAvailable:    1497432 kB
Buffers:           86984 kB
Cached:           675836 kB
MemTotal:        1844596 kB
MemFree:          761472 kB
MemAvailable:    1496048 kB
Buffers:           86984 kB
Cached:           675836 kB
MemTotal:        1844596 kB
MemFree:          758380 kB
MemAvailable:    1492956 kB
Buffers:           86984 kB
Cached:           675836 kB
MemTotal:        1844596 kB
MemFree:          757080 kB
MemAvailable:    1491656 kB
Buffers:           86984 kB
Cached:           675836 kB
MemTotal:        1844596 kB
MemFree:          756628 kB
MemAvailable:    1491204 kB
Buffers:           86984 kB
Cached:           675836 kB
MemTotal:        1844596 kB
MemFree:          754972 kB
MemAvailable:    1489548 kB
Buffers:           86984 kB
Cached:           675836 kB
MemTotal:        1844596 kB
MemFree:          753848 kB
MemAvailable:    1488424 kB
Buffers:           86984 kB
Cached:           675836 kB
MemTotal:        1844596 kB
MemFree:          753360 kB
MemAvailable:    1487936 kB
Buffers:           86984 kB
Cached:           675836 kB
MemTotal:        1844596 kB
MemFree:          754188 kB
MemAvailable:    1488764 kB
Buffers:           86984 kB
Cached:           675836 kB
MemTotal:        1844596 kB
MemFree:          752856 kB
MemAvailable:    1487432 kB
Buffers:           86984 kB
Cached:           675836 kB
MemTotal:        1844596 kB
MemFree:          753904 kB
MemAvailable:    1488480 kB
Buffers:           86984 kB
Cached:           675836 kB
MemTotal:        1844596 kB
MemFree:          754240 kB
MemAvailable:    1488816 kB
Buffers:           86984 kB
Cached:           675836 kB
MemTotal:        1844596 kB
MemFree:          753780 kB
MemAvailable:    1488356 kB
Buffers:           86984 kB
Cached:           675836 kB
MemTotal:        1844596 kB
MemFree:          754032 kB
MemAvailable:    1488608 kB
Buffers:           86984 kB
Cached:           675836 kB
MemTotal:        1844596 kB
MemFree:          753808 kB
MemAvailable:    1488384 kB
Buffers:           86984 kB
Cached:           675836 kB
MemTotal:        1844596 kB
MemFree:          753888 kB
MemAvailable:    1488464 kB
Buffers:           86984 kB
Cached:           675836 kB
MemTotal:        1844596 kB
MemFree:          753716 kB
MemAvailable:    1488292 kB
Buffers:           86984 kB
Cached:           675836 kB
MemTotal:        1844596 kB
MemFree:          754052 kB
MemAvailable:    1488628 kB
Buffers:           86984 kB
Cached:           675836 kB
MemTotal:        1844596 kB
MemFree:          753968 kB
MemAvailable:    1488544 kB
Buffers:           86984 kB
Cached:           675836 kB
MemTotal:        1844596 kB
MemFree:          753824 kB
MemAvailable:    1488400 kB
Buffers:           86984 kB
Cached:           675836 kB
MemTotal:        1844596 kB
MemFree:          754076 kB
MemAvailable:    1488652 kB
Buffers:           86984 kB
Cached:           675836 kB
MemTotal:        1844596 kB
MemFree:          753776 kB
MemAvailable:    1488352 kB
Buffers:           86984 kB
Cached:           675836 kB
MemTotal:        1844596 kB
MemFree:          753604 kB
MemAvailable:    1488180 kB
Buffers:           86984 kB
Cached:           675836 kB
MemTotal:        1844596 kB
MemFree:          753724 kB
MemAvailable:    1488300 kB
Buffers:           86984 kB
Cached:           675836 kB
MemTotal:        1844596 kB
MemFree:          752460 kB
MemAvailable:    1487036 kB
Buffers:           86984 kB
Cached:           675836 kB
MemTotal:        1844596 kB
MemFree:          753444 kB
MemAvailable:    1488020 kB
Buffers:           86984 kB
Cached:           675836 kB
MemTotal:        1844596 kB
MemFree:          752204 kB
MemAvailable:    1486780 kB
Buffers:           86984 kB
Cached:           675836 kB
MemTotal:        1844596 kB
MemFree:          753568 kB
MemAvailable:    1488144 kB
Buffers:           86984 kB
Cached:           675836 kB
MemTotal:        1844596 kB
MemFree:          752492 kB
MemAvailable:    1487068 kB
Buffers:           86984 kB
Cached:           675836 kB
MemTotal:        1844596 kB
MemFree:          751832 kB
MemAvailable:    1486408 kB
Buffers:           86984 kB
Cached:           675836 kB
MemTotal:        1844596 kB
MemFree:          749276 kB
MemAvailable:    1483852 kB
Buffers:           86984 kB
Cached:           675836 kB
MemTotal:        1844596 kB
MemFree:          746912 kB
MemAvailable:    1481488 kB
Buffers:           86984 kB
Cached:           675836 kB
MemTotal:        1844596 kB
MemFree:          744680 kB
MemAvailable:    1479256 kB
Buffers:           86984 kB
Cached:           675836 kB
MemTotal:        1844596 kB
MemFree:          744308 kB
MemAvailable:    1478896 kB
Buffers:           86984 kB
Cached:           675848 kB
MemTotal:        1844596 kB
MemFree:          744012 kB
MemAvailable:    1478600 kB
Buffers:           86984 kB
Cached:           675848 kB
MemTotal:        1844596 kB
MemFree:          744004 kB
MemAvailable:    1478592 kB
Buffers:           86984 kB
Cached:           675848 kB
MemTotal:        1844596 kB
MemFree:          744852 kB
MemAvailable:    1479440 kB
Buffers:           86984 kB
Cached:           675848 kB
MemTotal:        1844596 kB
MemFree:          744680 kB
MemAvailable:    1479268 kB
Buffers:           86984 kB
Cached:           675848 kB
MemTotal:        1844596 kB
MemFree:          743676 kB
MemAvailable:    1478264 kB
Buffers:           86984 kB
Cached:           675848 kB
MemTotal:        1844596 kB
MemFree:          745040 kB
MemAvailable:    1479628 kB
Buffers:           86984 kB
Cached:           675848 kB
MemTotal:        1844596 kB
MemFree:          744184 kB
MemAvailable:    1478772 kB
Buffers:           86984 kB
Cached:           675848 kB
MemTotal:        1844596 kB
MemFree:          745396 kB
MemAvailable:    1479984 kB
Buffers:           86984 kB
Cached:           675848 kB
MemTotal:        1844596 kB
MemFree:          744060 kB
MemAvailable:    1478648 kB
Buffers:           86984 kB
Cached:           675848 kB
MemTotal:        1844596 kB
MemFree:          744756 kB
MemAvailable:    1479344 kB
Buffers:           86984 kB
Cached:           675848 kB
MemTotal:        1844596 kB
MemFree:          745012 kB
MemAvailable:    1479600 kB
Buffers:           86984 kB
Cached:           675848 kB
MemTotal:        1844596 kB
MemFree:          745032 kB
MemAvailable:    1479620 kB
Buffers:           86984 kB
Cached:           675848 kB
MemTotal:        1844596 kB
MemFree:          743516 kB
MemAvailable:    1478104 kB
Buffers:           86984 kB
Cached:           675848 kB
MemTotal:        1844596 kB
MemFree:          744940 kB
MemAvailable:    1479528 kB
Buffers:           86984 kB
Cached:           675848 kB
MemTotal:        1844596 kB
MemFree:          743760 kB
MemAvailable:    1478348 kB
Buffers:           86984 kB
Cached:           675848 kB
MemTotal:        1844596 kB
MemFree:          743628 kB
MemAvailable:    1478216 kB
Buffers:           86984 kB
Cached:           675848 kB
MemTotal:        1844596 kB
MemFree:          743628 kB
MemAvailable:    1478216 kB
Buffers:           86984 kB
Cached:           675848 kB
MemTotal:        1844596 kB
MemFree:          743664 kB
MemAvailable:    1478252 kB
Buffers:           86984 kB
Cached:           675848 kB
MemTotal:        1844596 kB
MemFree:          743664 kB
MemAvailable:    1478252 kB
Buffers:           86984 kB
Cached:           675848 kB
MemTotal:        1844596 kB
MemFree:          743532 kB
MemAvailable:    1478120 kB
Buffers:           86984 kB
Cached:           675848 kB
MemTotal:        1844596 kB
MemFree:          743740 kB
MemAvailable:    1478328 kB
Buffers:           86984 kB
Cached:           675848 kB
MemTotal:        1844596 kB
MemFree:          743864 kB
MemAvailable:    1478452 kB
Buffers:           86984 kB
Cached:           675848 kB
MemTotal:        1844596 kB
MemFree:          743740 kB
MemAvailable:    1478328 kB
Buffers:           86984 kB
Cached:           675848 kB
MemTotal:        1844596 kB
MemFree:          743740 kB
MemAvailable:    1478328 kB
Buffers:           86984 kB
Cached:           675848 kB
MemTotal:        1844596 kB
MemFree:          743740 kB
MemAvailable:    1478328 kB
Buffers:           86984 kB
Cached:           675848 kB
MemTotal:        1844596 kB
MemFree:          743732 kB
MemAvailable:    1478320 kB
Buffers:           86984 kB
Cached:           675848 kB
MemTotal:        1844596 kB
MemFree:          745096 kB
MemAvailable:    1479684 kB
Buffers:           86984 kB
Cached:           675848 kB
MemTotal:        1844596 kB
MemFree:          744784 kB
MemAvailable:    1479372 kB
Buffers:           86984 kB
Cached:           675848 kB
MemTotal:        1844596 kB
MemFree:          744788 kB
MemAvailable:    1479376 kB
Buffers:           86984 kB
Cached:           675848 kB
MemTotal:        1844596 kB
MemFree:          744804 kB
MemAvailable:    1479392 kB
Buffers:           86984 kB
Cached:           675848 kB
MemTotal:        1844596 kB
MemFree:          744800 kB
MemAvailable:    1479388 kB
Buffers:           86984 kB
Cached:           675848 kB
MemTotal:        1844596 kB
MemFree:          744932 kB
MemAvailable:    1479520 kB
Buffers:           86984 kB
Cached:           675848 kB
MemTotal:        1844596 kB
MemFree:          744728 kB
MemAvailable:    1479316 kB
Buffers:           86984 kB
Cached:           675848 kB
MemTotal:        1844596 kB
MemFree:          744980 kB
MemAvailable:    1479568 kB
Buffers:           86984 kB
Cached:           675848 kB
MemTotal:        1844596 kB
MemFree:          742820 kB
MemAvailable:    1477408 kB
Buffers:           86984 kB
Cached:           675848 kB
MemTotal:        1844596 kB
MemFree:          738480 kB
MemAvailable:    1473068 kB
Buffers:           86984 kB
Cached:           675848 kB
MemTotal:        1844596 kB
MemFree:          735876 kB
MemAvailable:    1470464 kB
Buffers:           86984 kB
Cached:           675848 kB
MemTotal:        1844596 kB
MemFree:          734124 kB
MemAvailable:    1468712 kB
Buffers:           86984 kB
Cached:           675848 kB
MemTotal:        1844596 kB
MemFree:          733892 kB
MemAvailable:    1468480 kB
Buffers:           86984 kB
Cached:           675848 kB
MemTotal:        1844596 kB
MemFree:          733960 kB
MemAvailable:    1468548 kB
Buffers:           86984 kB
Cached:           675848 kB
MemTotal:        1844596 kB
MemFree:          732844 kB
MemAvailable:    1467432 kB
Buffers:           86984 kB
Cached:           675848 kB
MemTotal:        1844596 kB
MemFree:          734180 kB
MemAvailable:    1468768 kB
Buffers:           86984 kB
Cached:           675848 kB
MemTotal:        1844596 kB
MemFree:          733272 kB
MemAvailable:    1467860 kB
Buffers:           86984 kB
Cached:           675848 kB
MemTotal:        1844596 kB
MemFree:          733828 kB
MemAvailable:    1468416 kB
Buffers:           86984 kB
Cached:           675848 kB
MemTotal:        1844596 kB
MemFree:          734164 kB
MemAvailable:    1468752 kB
Buffers:           86984 kB
Cached:           675848 kB
MemTotal:        1844596 kB
MemFree:          734320 kB
MemAvailable:    1468908 kB
Buffers:           86984 kB
Cached:           675848 kB
MemTotal:        1844596 kB
MemFree:          734264 kB
MemAvailable:    1468852 kB
Buffers:           86984 kB
Cached:           675848 kB
MemTotal:        1844596 kB
MemFree:          734256 kB
MemAvailable:    1468844 kB
Buffers:           86984 kB
Cached:           675848 kB
MemTotal:        1844596 kB
MemFree:          734224 kB
MemAvailable:    1468812 kB
Buffers:           86984 kB
Cached:           675848 kB
MemTotal:        1844596 kB
MemFree:          732768 kB
MemAvailable:    1467356 kB
Buffers:           86984 kB
Cached:           675848 kB
MemTotal:        1844596 kB
MemFree:          733968 kB
MemAvailable:    1468556 kB
Buffers:           86984 kB
Cached:           675848 kB
MemTotal:        1844596 kB
MemFree:          732708 kB
MemAvailable:    1467296 kB
Buffers:           86984 kB
Cached:           675848 kB
MemTotal:        1844596 kB
MemFree:          734080 kB
MemAvailable:    1468668 kB
Buffers:           86984 kB
Cached:           675848 kB
MemTotal:        1844596 kB
MemFree:          734188 kB
MemAvailable:    1468776 kB
Buffers:           86984 kB
Cached:           675848 kB
MemTotal:        1844596 kB
MemFree:          732712 kB
MemAvailable:    1467300 kB
Buffers:           86984 kB
Cached:           675848 kB
MemTotal:        1844596 kB
MemFree:          732636 kB
MemAvailable:    1467224 kB
Buffers:           86984 kB
Cached:           675848 kB
MemTotal:        1844596 kB
MemFree:          734092 kB
MemAvailable:    1468680 kB
Buffers:           86984 kB
Cached:           675848 kB
MemTotal:        1844596 kB
MemFree:          732768 kB
MemAvailable:    1467356 kB
Buffers:           86984 kB
Cached:           675848 kB
MemTotal:        1844596 kB
MemFree:          732644 kB
MemAvailable:    1467232 kB
Buffers:           86984 kB
Cached:           675848 kB
MemTotal:        1844596 kB
MemFree:          732852 kB
MemAvailable:    1467440 kB
Buffers:           86984 kB
Cached:           675848 kB
MemTotal:        1844596 kB
MemFree:          733968 kB
MemAvailable:    1468556 kB
Buffers:           86984 kB
Cached:           675848 kB
MemTotal:        1844596 kB
MemFree:          732888 kB
MemAvailable:    1467476 kB
Buffers:           86984 kB
Cached:           675848 kB
MemTotal:        1844596 kB
MemFree:          732840 kB
MemAvailable:    1467428 kB
Buffers:           86984 kB
Cached:           675848 kB
MemTotal:        1844596 kB
MemFree:          732840 kB
MemAvailable:    1467428 kB
Buffers:           86984 kB
Cached:           675848 kB
MemTotal:        1844596 kB
MemFree:          732840 kB
MemAvailable:    1467428 kB
Buffers:           86984 kB
Cached:           675848 kB
MemTotal:        1844596 kB
MemFree:          733272 kB
MemAvailable:    1467860 kB
Buffers:           86984 kB
Cached:           675848 kB
MemTotal:        1844596 kB
MemFree:          734088 kB
MemAvailable:    1468676 kB
Buffers:           86984 kB
Cached:           675848 kB
MemTotal:        1844596 kB
MemFree:          732752 kB
MemAvailable:    1467340 kB
Buffers:           86984 kB
Cached:           675848 kB
MemTotal:        1844596 kB
MemFree:          734092 kB
MemAvailable:    1468680 kB
Buffers:           86984 kB
Cached:           675848 kB
MemTotal:        1844596 kB
MemFree:          732776 kB
MemAvailable:    1467364 kB
Buffers:           86984 kB
Cached:           675848 kB
MemTotal:        1844596 kB
MemFree:          733892 kB
MemAvailable:    1468480 kB
Buffers:           86984 kB
Cached:           675848 kB
MemTotal:        1844596 kB
MemFree:          732900 kB
MemAvailable:    1467488 kB
Buffers:           86984 kB
Cached:           675848 kB
MemTotal:        1844596 kB
MemFree:          734216 kB
MemAvailable:    1468804 kB
Buffers:           86984 kB
Cached:           675848 kB
MemTotal:        1844596 kB
MemFree:          733952 kB
MemAvailable:    1468548 kB
Buffers:           86984 kB
Cached:           675856 kB
MemTotal:        1844596 kB
MemFree:          734272 kB
MemAvailable:    1468868 kB
Buffers:           86984 kB
Cached:           675856 kB
MemTotal:        1844596 kB
MemFree:          732976 kB
MemAvailable:    1467572 kB
Buffers:           86984 kB
Cached:           675856 kB
MemTotal:        1844596 kB
MemFree:          734028 kB
MemAvailable:    1468624 kB
Buffers:           86984 kB
Cached:           675856 kB
MemTotal:        1844596 kB
MemFree:          732728 kB
MemAvailable:    1467324 kB
Buffers:           86984 kB
Cached:           675856 kB
MemTotal:        1844596 kB
MemFree:          732892 kB
MemAvailable:    1467488 kB
Buffers:           86984 kB
Cached:           675856 kB
MemTotal:        1844596 kB
MemFree:          733736 kB
MemAvailable:    1468332 kB
Buffers:           86984 kB
Cached:           675856 kB
MemTotal:        1844596 kB
MemFree:          734072 kB
MemAvailable:    1468668 kB
Buffers:           86984 kB
Cached:           675856 kB
MemTotal:        1844596 kB
MemFree:          732512 kB
MemAvailable:    1467108 kB
Buffers:           86984 kB
Cached:           675856 kB
MemTotal:        1844596 kB
MemFree:          733688 kB
MemAvailable:    1468284 kB
Buffers:           86984 kB
Cached:           675856 kB
MemTotal:        1844596 kB
MemFree:          733708 kB
MemAvailable:    1468304 kB
Buffers:           86984 kB
Cached:           675856 kB
MemTotal:        1844596 kB
MemFree:          731908 kB
MemAvailable:    1466504 kB
Buffers:           86984 kB
Cached:           675856 kB
MemTotal:        1844596 kB
MemFree:          733244 kB
MemAvailable:    1467840 kB
Buffers:           86984 kB
Cached:           675856 kB
MemTotal:        1844596 kB
MemFree:          731908 kB
MemAvailable:    1466504 kB
Buffers:           86984 kB
Cached:           675856 kB
MemTotal:        1844596 kB
MemFree:          733164 kB
MemAvailable:    1467760 kB
Buffers:           86984 kB
Cached:           675856 kB
MemTotal:        1844596 kB
MemFree:          731652 kB
MemAvailable:    1466248 kB
Buffers:           86984 kB
Cached:           675856 kB
MemTotal:        1844596 kB
MemFree:          732760 kB
MemAvailable:    1467356 kB
Buffers:           86984 kB
Cached:           675856 kB
MemTotal:        1844596 kB
MemFree:          732760 kB
MemAvailable:    1467356 kB
Buffers:           86984 kB
Cached:           675856 kB
MemTotal:        1844596 kB
MemFree:          731472 kB
MemAvailable:    1466068 kB
Buffers:           86984 kB
Cached:           675856 kB
MemTotal:        1844596 kB
MemFree:          732580 kB
MemAvailable:    1467176 kB
Buffers:           86984 kB
Cached:           675856 kB
MemTotal:        1844596 kB
MemFree:          732916 kB
MemAvailable:    1467512 kB
Buffers:           86984 kB
Cached:           675856 kB
MemTotal:        1844596 kB
MemFree:          731348 kB
MemAvailable:    1465944 kB
Buffers:           86984 kB
Cached:           675856 kB
MemTotal:        1844596 kB
MemFree:          732648 kB
MemAvailable:    1467244 kB
Buffers:           86984 kB
Cached:           675856 kB
MemTotal:        1844596 kB
MemFree:          732516 kB
MemAvailable:    1467112 kB
Buffers:           86984 kB
Cached:           675856 kB
MemTotal:        1844596 kB
MemFree:          732228 kB
MemAvailable:    1466824 kB
Buffers:           86984 kB
Cached:           675856 kB
MemTotal:        1844596 kB
MemFree:          732564 kB
MemAvailable:    1467160 kB
Buffers:           86984 kB
Cached:           675856 kB
MemTotal:        1844596 kB
MemFree:          731156 kB
MemAvailable:    1465752 kB
Buffers:           86984 kB
Cached:           675856 kB
MemTotal:        1844596 kB
MemFree:          732520 kB
MemAvailable:    1467116 kB
Buffers:           86984 kB
Cached:           675856 kB
MemTotal:        1844596 kB
MemFree:          732396 kB
MemAvailable:    1466992 kB
Buffers:           86984 kB
Cached:           675856 kB
MemTotal:        1844596 kB
MemFree:          732396 kB
MemAvailable:    1466992 kB
Buffers:           86984 kB
Cached:           675856 kB
MemTotal:        1844596 kB
MemFree:          732524 kB
MemAvailable:    1467120 kB
Buffers:           86984 kB
Cached:           675856 kB
MemTotal:        1844596 kB
MemFree:          731528 kB
MemAvailable:    1466124 kB
Buffers:           86984 kB
Cached:           675856 kB
MemTotal:        1844596 kB
MemFree:          730988 kB
MemAvailable:    1465584 kB
Buffers:           86984 kB
Cached:           675856 kB
MemTotal:        1844596 kB
MemFree:          730988 kB
MemAvailable:    1465584 kB
Buffers:           86984 kB
Cached:           675856 kB
MemTotal:        1844596 kB
MemFree:          731112 kB
MemAvailable:    1465708 kB
Buffers:           86984 kB
Cached:           675856 kB
MemTotal:        1844596 kB
MemFree:          731032 kB
MemAvailable:    1465628 kB
Buffers:           86984 kB
Cached:           675856 kB
MemTotal:        1844596 kB
MemFree:          725892 kB
MemAvailable:    1460488 kB
Buffers:           86984 kB
Cached:           675856 kB
MemTotal:        1844596 kB
MemFree:          722856 kB
MemAvailable:    1457452 kB
Buffers:           86984 kB
Cached:           675856 kB
MemTotal:        1844596 kB
MemFree:          721732 kB
MemAvailable:    1456328 kB
Buffers:           86984 kB
Cached:           675856 kB
MemTotal:        1844596 kB
MemFree:          719748 kB
MemAvailable:    1454344 kB
Buffers:           86984 kB
Cached:           675856 kB
MemTotal:        1844596 kB
MemFree:          721176 kB
MemAvailable:    1455772 kB
Buffers:           86984 kB
Cached:           675856 kB
MemTotal:        1844596 kB
MemFree:          719508 kB
MemAvailable:    1454104 kB
Buffers:           86984 kB
Cached:           675856 kB
MemTotal:        1844596 kB
MemFree:          720584 kB
MemAvailable:    1455180 kB
Buffers:           86984 kB
Cached:           675856 kB
MemTotal:        1844596 kB
MemFree:          719212 kB
MemAvailable:    1453808 kB
Buffers:           86984 kB
Cached:           675856 kB
MemTotal:        1844596 kB
MemFree:          719740 kB
MemAvailable:    1454336 kB
Buffers:           86984 kB
Cached:           675856 kB
MemTotal:        1844596 kB
MemFree:          719632 kB
MemAvailable:    1454228 kB
Buffers:           86984 kB
Cached:           675856 kB
MemTotal:        1844596 kB
MemFree:          717896 kB
MemAvailable:    1452492 kB
Buffers:           86984 kB
Cached:           675856 kB
MemTotal:        1844596 kB
MemFree:          717896 kB
MemAvailable:    1452492 kB
Buffers:           86984 kB
Cached:           675856 kB
MemTotal:        1844596 kB
MemFree:          716656 kB
MemAvailable:    1451252 kB
Buffers:           86984 kB
Cached:           675856 kB
MemTotal:        1844596 kB
MemFree:          717648 kB
MemAvailable:    1452244 kB
Buffers:           86984 kB
Cached:           675856 kB
MemTotal:        1844596 kB
MemFree:          716408 kB
MemAvailable:    1451004 kB
Buffers:           86984 kB
Cached:           675856 kB
MemTotal:        1844596 kB
MemFree:          717180 kB
MemAvailable:    1451780 kB
Buffers:           86984 kB
Cached:           675860 kB
MemTotal:        1844596 kB
MemFree:          717180 kB
MemAvailable:    1451780 kB
Buffers:           86984 kB
Cached:           675860 kB
MemTotal:        1844596 kB
MemFree:          715980 kB
MemAvailable:    1450580 kB
Buffers:           86984 kB
Cached:           675860 kB
MemTotal:        1844596 kB
MemFree:          717276 kB
MemAvailable:    1451876 kB
Buffers:           86984 kB
Cached:           675860 kB
MemTotal:        1844596 kB
MemFree:          716540 kB
MemAvailable:    1451140 kB
Buffers:           86984 kB
Cached:           675860 kB
MemTotal:        1844596 kB
MemFree:          717228 kB
MemAvailable:    1451828 kB
Buffers:           86984 kB
Cached:           675860 kB
MemTotal:        1844596 kB
MemFree:          717480 kB
MemAvailable:    1452080 kB
Buffers:           86984 kB
Cached:           675860 kB
MemTotal:        1844596 kB
MemFree:          715988 kB
MemAvailable:    1450588 kB
Buffers:           86984 kB
Cached:           675860 kB
MemTotal:        1844596 kB
MemFree:          717228 kB
MemAvailable:    1451828 kB
Buffers:           86984 kB
Cached:           675860 kB
MemTotal:        1844596 kB
MemFree:          716524 kB
MemAvailable:    1451124 kB
Buffers:           86984 kB
Cached:           675860 kB
MemTotal:        1844596 kB
MemFree:          717048 kB
MemAvailable:    1451648 kB
Buffers:           86984 kB
Cached:           675860 kB
MemTotal:        1844596 kB
MemFree:          717268 kB
MemAvailable:    1451868 kB
Buffers:           86984 kB
Cached:           675860 kB
MemTotal:        1844596 kB
MemFree:          717088 kB
MemAvailable:    1451688 kB
Buffers:           86984 kB
Cached:           675860 kB
MemTotal:        1844596 kB
MemFree:          717016 kB
MemAvailable:    1451616 kB
Buffers:           86984 kB
Cached:           675860 kB
MemTotal:        1844596 kB
MemFree:          715540 kB
MemAvailable:    1450140 kB
Buffers:           86984 kB
Cached:           675860 kB
MemTotal:        1844596 kB
MemFree:          716096 kB
MemAvailable:    1450696 kB
Buffers:           86984 kB
Cached:           675860 kB
MemTotal:        1844596 kB
MemFree:          714176 kB
MemAvailable:    1448776 kB
Buffers:           86984 kB
Cached:           675860 kB
MemTotal:        1844596 kB
MemFree:          715408 kB
MemAvailable:    1450008 kB
Buffers:           86984 kB
Cached:           675860 kB
MemTotal:        1844596 kB
MemFree:          715484 kB
MemAvailable:    1450084 kB
Buffers:           86984 kB
Cached:           675860 kB
MemTotal:        1844596 kB
MemFree:          714004 kB
MemAvailable:    1448608 kB
Buffers:           86984 kB
Cached:           675864 kB
MemTotal:        1844596 kB
MemFree:          714768 kB
MemAvailable:    1449372 kB
Buffers:           86984 kB
Cached:           675864 kB
MemTotal:        1844596 kB
MemFree:          714656 kB
MemAvailable:    1449260 kB
Buffers:           86984 kB
Cached:           675864 kB
MemTotal:        1844596 kB
MemFree:          713756 kB
MemAvailable:    1448360 kB
Buffers:           86984 kB
Cached:           675864 kB
MemTotal:        1844596 kB
MemFree:          713688 kB
MemAvailable:    1448292 kB
Buffers:           86984 kB
Cached:           675864 kB
MemTotal:        1844596 kB
MemFree:          713672 kB
MemAvailable:    1448276 kB
Buffers:           86984 kB
Cached:           675864 kB
MemTotal:        1844596 kB
MemFree:          713492 kB
MemAvailable:    1448096 kB
Buffers:           86984 kB
Cached:           675864 kB
MemTotal:        1844596 kB
MemFree:          712316 kB
MemAvailable:    1446920 kB
Buffers:           86984 kB
Cached:           675864 kB
MemTotal:        1844596 kB
MemFree:          713176 kB
MemAvailable:    1447784 kB
Buffers:           86984 kB
Cached:           675868 kB
MemTotal:        1844596 kB
MemFree:          713432 kB
MemAvailable:    1448040 kB
Buffers:           86984 kB
Cached:           675868 kB
MemTotal:        1844596 kB
MemFree:          713364 kB
MemAvailable:    1447972 kB
Buffers:           86984 kB
Cached:           675868 kB
MemTotal:        1844596 kB
MemFree:          713064 kB
MemAvailable:    1447672 kB
Buffers:           86984 kB
Cached:           675868 kB
MemTotal:        1844596 kB
MemFree:          711888 kB
MemAvailable:    1446496 kB
Buffers:           86984 kB
Cached:           675868 kB
MemTotal:        1844596 kB
MemFree:          713232 kB
MemAvailable:    1447840 kB
Buffers:           86984 kB
Cached:           675868 kB
MemTotal:        1844596 kB
MemFree:          713120 kB
MemAvailable:    1447728 kB
Buffers:           86984 kB
Cached:           675868 kB
MemTotal:        1844596 kB
MemFree:          713176 kB
MemAvailable:    1447784 kB
Buffers:           86984 kB
Cached:           675868 kB
MemTotal:        1844596 kB
MemFree:          713236 kB
MemAvailable:    1447844 kB
Buffers:           86984 kB
Cached:           675868 kB
MemTotal:        1844596 kB
MemFree:          712916 kB
MemAvailable:    1447524 kB
Buffers:           86984 kB
Cached:           675868 kB
MemTotal:        1844596 kB
MemFree:          712960 kB
MemAvailable:    1447568 kB
Buffers:           86984 kB
Cached:           675868 kB
MemTotal:        1844596 kB
MemFree:          711952 kB
MemAvailable:    1446560 kB
Buffers:           86984 kB
Cached:           675868 kB
MemTotal:        1844596 kB
MemFree:          712804 kB
MemAvailable:    1447412 kB
Buffers:           86984 kB
Cached:           675868 kB
MemTotal:        1844596 kB
MemFree:          713140 kB
MemAvailable:    1447748 kB
Buffers:           86984 kB
Cached:           675868 kB
MemTotal:        1844596 kB
MemFree:          713076 kB
MemAvailable:    1447684 kB
Buffers:           86984 kB
Cached:           675868 kB
MemTotal:        1844596 kB
MemFree:          711516 kB
MemAvailable:    1446124 kB
Buffers:           86984 kB
Cached:           675868 kB
MemTotal:        1844596 kB
MemFree:          713112 kB
MemAvailable:    1447720 kB
Buffers:           86984 kB
Cached:           675868 kB
MemTotal:        1844596 kB
MemFree:          711544 kB
MemAvailable:    1446152 kB
Buffers:           86984 kB
Cached:           675868 kB
MemTotal:        1844596 kB
MemFree:          711628 kB
MemAvailable:    1446236 kB
Buffers:           86984 kB
Cached:           675868 kB
MemTotal:        1844596 kB
MemFree:          712192 kB
MemAvailable:    1446800 kB
Buffers:           86984 kB
Cached:           675868 kB
MemTotal:        1844596 kB
MemFree:          712924 kB
MemAvailable:    1447532 kB
Buffers:           86984 kB
Cached:           675868 kB
MemTotal:        1844596 kB
MemFree:          712812 kB
MemAvailable:    1447420 kB
Buffers:           86984 kB
Cached:           675868 kB
MemTotal:        1844596 kB
MemFree:          712804 kB
MemAvailable:    1447412 kB
Buffers:           86984 kB
Cached:           675868 kB
MemTotal:        1844596 kB
MemFree:          713056 kB
MemAvailable:    1447664 kB
Buffers:           86984 kB
Cached:           675868 kB
MemTotal:        1844596 kB
MemFree:          712796 kB
MemAvailable:    1447404 kB
Buffers:           86984 kB
Cached:           675868 kB
MemTotal:        1844596 kB
MemFree:          712936 kB
MemAvailable:    1447544 kB
Buffers:           86984 kB
Cached:           675868 kB
MemTotal:        1844596 kB
MemFree:          710580 kB
MemAvailable:    1445188 kB
Buffers:           86984 kB
Cached:           675868 kB
MemTotal:        1844596 kB
MemFree:          711924 kB
MemAvailable:    1446532 kB
Buffers:           86984 kB
Cached:           675868 kB
MemTotal:        1844596 kB
MemFree:          710448 kB
MemAvailable:    1445056 kB
Buffers:           86984 kB
Cached:           675868 kB
MemTotal:        1844596 kB
MemFree:          710308 kB
MemAvailable:    1444916 kB
Buffers:           86984 kB
Cached:           675868 kB
MemTotal:        1844596 kB
MemFree:          710520 kB
MemAvailable:    1445128 kB
Buffers:           86984 kB
Cached:           675868 kB
MemTotal:        1844596 kB
MemFree:          705852 kB
MemAvailable:    1440460 kB
Buffers:           86984 kB
Cached:           675868 kB
MemTotal:        1844596 kB
MemFree:          705992 kB
MemAvailable:    1440600 kB
Buffers:           86984 kB
Cached:           675868 kB
MemTotal:        1844596 kB
MemFree:          702704 kB
MemAvailable:    1437312 kB
Buffers:           86984 kB
Cached:           675868 kB
MemTotal:        1844596 kB
MemFree:          700224 kB
MemAvailable:    1434832 kB
Buffers:           86984 kB
Cached:           675868 kB
MemTotal:        1844596 kB
MemFree:          697436 kB
MemAvailable:    1432044 kB
Buffers:           86984 kB
Cached:           675868 kB
MemTotal:        1844596 kB
MemFree:          695016 kB
MemAvailable:    1429628 kB
Buffers:           86984 kB
Cached:           675872 kB
MemTotal:        1844596 kB
MemFree:          693716 kB
MemAvailable:    1428328 kB
Buffers:           86984 kB
Cached:           675872 kB
MemTotal:        1844596 kB
MemFree:          694576 kB
MemAvailable:    1429188 kB
Buffers:           86984 kB
Cached:           675872 kB
MemTotal:        1844596 kB
MemFree:          693972 kB
MemAvailable:    1428584 kB
Buffers:           86984 kB
Cached:           675872 kB
MemTotal:        1844596 kB
MemFree:          693088 kB
MemAvailable:    1427700 kB
Buffers:           86984 kB
Cached:           675872 kB
MemTotal:        1844596 kB
MemFree:          693212 kB
MemAvailable:    1427824 kB
Buffers:           86984 kB
Cached:           675872 kB
MemTotal:        1844596 kB
MemFree:          694312 kB
MemAvailable:    1428924 kB
Buffers:           86984 kB
Cached:           675872 kB
MemTotal:        1844596 kB
MemFree:          694396 kB
MemAvailable:    1429008 kB
Buffers:           86984 kB
Cached:           675872 kB
MemTotal:        1844596 kB
MemFree:          694024 kB
MemAvailable:    1428636 kB
Buffers:           86984 kB
Cached:           675872 kB
MemTotal:        1844596 kB
MemFree:          692792 kB
MemAvailable:    1427404 kB
Buffers:           86984 kB
Cached:           675872 kB
MemTotal:        1844596 kB
MemFree:          693040 kB
MemAvailable:    1427652 kB
Buffers:           86984 kB
Cached:           675872 kB
MemTotal:        1844596 kB
MemFree:          693040 kB
MemAvailable:    1427652 kB
Buffers:           86984 kB
Cached:           675872 kB
MemTotal:        1844596 kB
MemFree:          692908 kB
MemAvailable:    1427520 kB
Buffers:           86984 kB
Cached:           675872 kB
MemTotal:        1844596 kB
MemFree:          692600 kB
MemAvailable:    1427212 kB
Buffers:           86984 kB
Cached:           675872 kB
MemTotal:        1844596 kB
MemFree:          693284 kB
MemAvailable:    1427896 kB
Buffers:           86984 kB
Cached:           675872 kB
MemTotal:        1844596 kB
MemFree:          693228 kB
MemAvailable:    1427840 kB
Buffers:           86984 kB
Cached:           675872 kB
MemTotal:        1844596 kB
MemFree:          693296 kB
MemAvailable:    1427908 kB
Buffers:           86984 kB
Cached:           675872 kB
MemTotal:        1844596 kB
MemFree:          693520 kB
MemAvailable:    1428132 kB
Buffers:           86984 kB
Cached:           675872 kB
MemTotal:        1844596 kB
MemFree:          693408 kB
MemAvailable:    1428020 kB
Buffers:           86984 kB
Cached:           675872 kB
MemTotal:        1844596 kB
MemFree:          692088 kB
MemAvailable:    1426700 kB
Buffers:           86984 kB
Cached:           675872 kB
MemTotal:        1844596 kB
MemFree:          693296 kB
MemAvailable:    1427908 kB
Buffers:           86984 kB
Cached:           675872 kB
MemTotal:        1844596 kB
MemFree:          693456 kB
MemAvailable:    1428068 kB
Buffers:           86984 kB
Cached:           675872 kB
MemTotal:        1844596 kB
MemFree:          692176 kB
MemAvailable:    1426788 kB
Buffers:           86984 kB
Cached:           675872 kB
MemTotal:        1844596 kB
MemFree:          693292 kB
MemAvailable:    1427904 kB
Buffers:           86984 kB
Cached:           675872 kB
MemTotal:        1844596 kB
MemFree:          692476 kB
MemAvailable:    1427088 kB
Buffers:           86984 kB
Cached:           675872 kB
MemTotal:        1844596 kB
MemFree:          693152 kB
MemAvailable:    1427764 kB
Buffers:           86984 kB
Cached:           675872 kB
MemTotal:        1844596 kB
MemFree:          693288 kB
MemAvailable:    1427900 kB
Buffers:           86984 kB
Cached:           675872 kB
MemTotal:        1844596 kB
MemFree:          691920 kB
MemAvailable:    1426532 kB
Buffers:           86984 kB
Cached:           675872 kB
MemTotal:        1844596 kB
MemFree:          693348 kB
MemAvailable:    1427960 kB
Buffers:           86984 kB
Cached:           675872 kB
MemTotal:        1844596 kB
MemFree:          692076 kB
MemAvailable:    1426688 kB
Buffers:           86984 kB
Cached:           675872 kB
MemTotal:        1844596 kB
MemFree:          693468 kB
MemAvailable:    1428084 kB
Buffers:           86984 kB
Cached:           675876 kB
MemTotal:        1844596 kB
MemFree:          693212 kB
MemAvailable:    1427828 kB
Buffers:           86984 kB
Cached:           675876 kB
MemTotal:        1844596 kB
MemFree:          691964 kB
MemAvailable:    1426580 kB
Buffers:           86984 kB
Cached:           675876 kB
MemTotal:        1844596 kB
MemFree:          692344 kB
MemAvailable:    1426960 kB
Buffers:           86984 kB
Cached:           675876 kB
MemTotal:        1844596 kB
MemFree:          688672 kB
MemAvailable:    1423288 kB
Buffers:           86984 kB
Cached:           675876 kB
MemTotal:        1844596 kB
MemFree:          686624 kB
MemAvailable:    1421240 kB
Buffers:           86984 kB
Cached:           675876 kB
MemTotal:        1844596 kB
MemFree:          684216 kB
MemAvailable:    1418832 kB
Buffers:           86984 kB
Cached:           675876 kB
MemTotal:        1844596 kB
MemFree:          679976 kB
MemAvailable:    1414592 kB
Buffers:           86984 kB
Cached:           675876 kB
MemTotal:        1844596 kB
MemFree:          679976 kB
MemAvailable:    1414592 kB
Buffers:           86984 kB
Cached:           675876 kB
MemTotal:        1844596 kB
MemFree:          676024 kB
MemAvailable:    1410640 kB
Buffers:           86984 kB
Cached:           675876 kB
MemTotal:        1844596 kB
MemFree:          675272 kB
MemAvailable:    1409888 kB
Buffers:           86984 kB
Cached:           675876 kB
MemTotal:        1844596 kB
MemFree:          674164 kB
MemAvailable:    1408780 kB
Buffers:           86984 kB
Cached:           675876 kB
MemTotal:        1844596 kB
MemFree:          673736 kB
MemAvailable:    1408352 kB
Buffers:           86984 kB
Cached:           675876 kB
MemTotal:        1844596 kB
MemFree:          675204 kB
MemAvailable:    1409820 kB
Buffers:           86984 kB
Cached:           675876 kB
MemTotal:        1844596 kB
MemFree:          673716 kB
MemAvailable:    1408332 kB
Buffers:           86984 kB
Cached:           675876 kB
MemTotal:        1844596 kB
MemFree:          675008 kB
MemAvailable:    1409624 kB
Buffers:           86984 kB
Cached:           675876 kB
MemTotal:        1844596 kB
MemFree:          673768 kB
MemAvailable:    1408384 kB
Buffers:           86984 kB
Cached:           675876 kB
MemTotal:        1844596 kB
MemFree:          673892 kB
MemAvailable:    1408508 kB
Buffers:           86984 kB
Cached:           675876 kB
MemTotal:        1844596 kB
MemFree:          675084 kB
MemAvailable:    1409700 kB
Buffers:           86984 kB
Cached:           675876 kB
MemTotal:        1844596 kB
MemFree:          675252 kB
MemAvailable:    1409868 kB
Buffers:           86984 kB
Cached:           675876 kB
MemTotal:        1844596 kB
MemFree:          674844 kB
MemAvailable:    1409460 kB
Buffers:           86984 kB
Cached:           675876 kB
MemTotal:        1844596 kB
MemFree:          675180 kB
MemAvailable:    1409796 kB
Buffers:           86984 kB
Cached:           675876 kB
MemTotal:        1844596 kB
MemFree:          675020 kB
MemAvailable:    1409636 kB
Buffers:           86984 kB
Cached:           675876 kB
MemTotal:        1844596 kB
MemFree:          674420 kB
MemAvailable:    1409036 kB
Buffers:           86984 kB
Cached:           675876 kB
MemTotal:        1844596 kB
MemFree:          674976 kB
MemAvailable:    1409592 kB
Buffers:           86984 kB
Cached:           675876 kB
MemTotal:        1844596 kB
MemFree:          674976 kB
MemAvailable:    1409592 kB
Buffers:           86984 kB
Cached:           675876 kB
MemTotal:        1844596 kB
MemFree:          675144 kB
MemAvailable:    1409760 kB
Buffers:           86984 kB
Cached:           675876 kB
MemTotal:        1844596 kB
MemFree:          673856 kB
MemAvailable:    1408472 kB
Buffers:           86984 kB
Cached:           675876 kB
MemTotal:        1844596 kB
MemFree:          675152 kB
MemAvailable:    1409768 kB
Buffers:           86984 kB
Cached:           675876 kB
MemTotal:        1844596 kB
MemFree:          674420 kB
MemAvailable:    1409036 kB
Buffers:           86984 kB
Cached:           675876 kB
MemTotal:        1844596 kB
MemFree:          675024 kB
MemAvailable:    1409640 kB
Buffers:           86984 kB
Cached:           675876 kB
MemTotal:        1844596 kB
MemFree:          675280 kB
MemAvailable:    1409896 kB
Buffers:           86984 kB
Cached:           675876 kB
MemTotal:        1844596 kB
MemFree:          673908 kB
MemAvailable:    1408524 kB
Buffers:           86984 kB
Cached:           675876 kB
MemTotal:        1844596 kB
MemFree:          673992 kB
MemAvailable:    1408608 kB
Buffers:           86984 kB
Cached:           675876 kB
MemTotal:        1844596 kB
MemFree:          673736 kB
MemAvailable:    1408352 kB
Buffers:           86984 kB
Cached:           675876 kB
MemTotal:        1844596 kB
MemFree:          673728 kB
MemAvailable:    1408344 kB
Buffers:           86984 kB
Cached:           675876 kB
MemTotal:        1844596 kB
MemFree:          674020 kB
MemAvailable:    1408636 kB
Buffers:           86984 kB
Cached:           675876 kB
MemTotal:        1844596 kB
MemFree:          674956 kB
MemAvailable:    1409572 kB
Buffers:           86984 kB
Cached:           675876 kB
MemTotal:        1844596 kB
MemFree:          674784 kB
MemAvailable:    1409400 kB
Buffers:           86984 kB
Cached:           675876 kB
MemTotal:        1844596 kB
MemFree:          673904 kB
MemAvailable:    1408520 kB
Buffers:           86984 kB
Cached:           675876 kB
MemTotal:        1844596 kB
MemFree:          675144 kB
MemAvailable:    1409760 kB
Buffers:           86984 kB
Cached:           675876 kB
MemTotal:        1844596 kB
MemFree:          673900 kB
MemAvailable:    1408516 kB
Buffers:           86984 kB
Cached:           675876 kB
MemTotal:        1844596 kB
MemFree:          674132 kB
MemAvailable:    1408748 kB
Buffers:           86984 kB
Cached:           675876 kB
MemTotal:        1844596 kB
MemFree:          675060 kB
MemAvailable:    1409676 kB
Buffers:           86984 kB
Cached:           675876 kB
MemTotal:        1844596 kB
MemFree:          673888 kB
MemAvailable:    1408504 kB
Buffers:           86984 kB
Cached:           675876 kB
MemTotal:        1844596 kB
MemFree:          675120 kB
MemAvailable:    1409736 kB
Buffers:           86984 kB
Cached:           675876 kB
MemTotal:        1844596 kB
MemFree:          673224 kB
MemAvailable:    1407840 kB
Buffers:           86984 kB
Cached:           675876 kB
MemTotal:        1844596 kB
MemFree:          669824 kB
MemAvailable:    1404440 kB
Buffers:           86984 kB
Cached:           675876 kB
MemTotal:        1844596 kB
MemFree:          664476 kB
MemAvailable:    1399092 kB
Buffers:           86984 kB
Cached:           675876 kB
MemTotal:        1844596 kB
MemFree:          664368 kB
MemAvailable:    1398984 kB
Buffers:           86984 kB
Cached:           675876 kB
MemTotal:        1844596 kB
MemFree:          659212 kB
MemAvailable:    1393828 kB
Buffers:           86984 kB
Cached:           675876 kB
MemTotal:        1844596 kB
MemFree:          657980 kB
MemAvailable:    1392596 kB
Buffers:           86984 kB
Cached:           675876 kB
MemTotal:        1844596 kB
MemFree:          657976 kB
MemAvailable:    1392592 kB
Buffers:           86984 kB
Cached:           675876 kB
MemTotal:        1844596 kB
MemFree:          656292 kB
MemAvailable:    1390908 kB
Buffers:           86984 kB
Cached:           675876 kB
MemTotal:        1844596 kB
MemFree:          657112 kB
MemAvailable:    1391728 kB
Buffers:           86984 kB
Cached:           675876 kB
MemTotal:        1844596 kB
MemFree:          655524 kB
MemAvailable:    1390140 kB
Buffers:           86984 kB
Cached:           675876 kB
MemTotal:        1844596 kB
MemFree:          656756 kB
MemAvailable:    1391372 kB
Buffers:           86984 kB
Cached:           675876 kB
MemTotal:        1844596 kB
MemFree:          656920 kB
MemAvailable:    1391536 kB
Buffers:           86984 kB
Cached:           675876 kB
MemTotal:        1844596 kB
MemFree:          655688 kB
MemAvailable:    1390304 kB
Buffers:           86984 kB
Cached:           675876 kB
MemTotal:        1844596 kB
MemFree:          656492 kB
MemAvailable:    1391112 kB
Buffers:           86984 kB
Cached:           675880 kB
MemTotal:        1844596 kB
MemFree:          656828 kB
MemAvailable:    1391448 kB
Buffers:           86984 kB
Cached:           675880 kB
MemTotal:        1844596 kB
MemFree:          656284 kB
MemAvailable:    1390904 kB
Buffers:           86984 kB
Cached:           675880 kB
MemTotal:        1844596 kB
MemFree:          656368 kB
MemAvailable:    1390988 kB
Buffers:           86984 kB
Cached:           675880 kB
MemTotal:        1844596 kB
MemFree:          655056 kB
MemAvailable:    1389676 kB
Buffers:           86984 kB
Cached:           675880 kB
MemTotal:        1844596 kB
MemFree:          656356 kB
MemAvailable:    1390976 kB
Buffers:           86984 kB
Cached:           675880 kB
MemTotal:        1844596 kB
MemFree:          656288 kB
MemAvailable:    1390908 kB
Buffers:           86984 kB
Cached:           675880 kB
MemTotal:        1844596 kB
MemFree:          655424 kB
MemAvailable:    1390044 kB
Buffers:           86984 kB
Cached:           675880 kB
MemTotal:        1844596 kB
MemFree:          654944 kB
MemAvailable:    1389564 kB
Buffers:           86984 kB
Cached:           675880 kB
MemTotal:        1844596 kB
MemFree:          654696 kB
MemAvailable:    1389316 kB
Buffers:           86984 kB
Cached:           675880 kB
MemTotal:        1844596 kB
MemFree:          654376 kB
MemAvailable:    1388996 kB
Buffers:           86984 kB
Cached:           675880 kB
MemTotal:        1844596 kB
MemFree:          653092 kB
MemAvailable:    1387712 kB
Buffers:           86984 kB
Cached:           675880 kB
MemTotal:        1844596 kB
MemFree:          653772 kB
MemAvailable:    1388392 kB
Buffers:           86984 kB
Cached:           675880 kB
MemTotal:        1844596 kB
MemFree:          653464 kB
MemAvailable:    1388084 kB
Buffers:           86984 kB
Cached:           675880 kB
MemTotal:        1844596 kB
MemFree:          653084 kB
MemAvailable:    1387704 kB
Buffers:           86984 kB
Cached:           675880 kB
MemTotal:        1844596 kB
MemFree:          652692 kB
MemAvailable:    1387312 kB
Buffers:           86984 kB
Cached:           675880 kB
MemTotal:        1844596 kB
MemFree:          651232 kB
MemAvailable:    1385852 kB
Buffers:           86984 kB
Cached:           675880 kB
MemTotal:        1844596 kB
MemFree:          650912 kB
MemAvailable:    1385536 kB
Buffers:           86984 kB
Cached:           675888 kB
MemTotal:        1844596 kB
MemFree:          649612 kB
MemAvailable:    1384236 kB
Buffers:           86984 kB
Cached:           675888 kB
MemTotal:        1844596 kB
MemFree:          650712 kB
MemAvailable:    1385336 kB
Buffers:           86984 kB
Cached:           675888 kB
MemTotal:        1844596 kB
MemFree:          650712 kB
MemAvailable:    1385336 kB
Buffers:           86984 kB
Cached:           675888 kB
MemTotal:        1844596 kB
MemFree:          649476 kB
MemAvailable:    1384100 kB
Buffers:           86984 kB
Cached:           675888 kB
MemTotal:        1844596 kB
MemFree:          650644 kB
MemAvailable:    1385268 kB
Buffers:           86984 kB
Cached:           675888 kB
MemTotal:        1844596 kB
MemFree:          649344 kB
MemAvailable:    1383968 kB
Buffers:           86984 kB
Cached:           675888 kB
MemTotal:        1844596 kB
MemFree:          649844 kB
MemAvailable:    1384468 kB
Buffers:           86984 kB
Cached:           675888 kB
MemTotal:        1844596 kB
MemFree:          649844 kB
MemAvailable:    1384468 kB
Buffers:           86984 kB
Cached:           675888 kB
MemTotal:        1844596 kB
MemFree:          649108 kB
MemAvailable:    1383732 kB
Buffers:           86984 kB
Cached:           675888 kB
MemTotal:        1844596 kB
MemFree:          649364 kB
MemAvailable:    1383988 kB
Buffers:           86984 kB
Cached:           675888 kB
MemTotal:        1844596 kB
MemFree:          648968 kB
MemAvailable:    1383592 kB
Buffers:           86984 kB
Cached:           675888 kB
MemTotal:        1844596 kB
MemFree:          648968 kB
MemAvailable:    1383592 kB
Buffers:           86984 kB
Cached:           675888 kB
MemTotal:        1844596 kB
MemFree:          647696 kB
MemAvailable:    1382320 kB
Buffers:           86984 kB
Cached:           675888 kB
MemTotal:        1844596 kB
MemFree:          648796 kB
MemAvailable:    1383420 kB
Buffers:           86984 kB
Cached:           675888 kB
MemTotal:        1844596 kB
MemFree:          649048 kB
MemAvailable:    1383672 kB
Buffers:           86984 kB
Cached:           675888 kB
MemTotal:        1844596 kB
MemFree:          648812 kB
MemAvailable:    1383436 kB
Buffers:           86984 kB
Cached:           675888 kB
MemTotal:        1844596 kB
MemFree:          648992 kB
MemAvailable:    1383616 kB
Buffers:           86984 kB
Cached:           675888 kB
MemTotal:        1844596 kB
MemFree:          648124 kB
MemAvailable:    1382748 kB
Buffers:           86984 kB
Cached:           675888 kB
MemTotal:        1844596 kB
MemFree:          649324 kB
MemAvailable:    1383948 kB
Buffers:           86984 kB
Cached:           675888 kB
MemTotal:        1844596 kB
MemFree:          648976 kB
MemAvailable:    1383600 kB
Buffers:           86984 kB
Cached:           675888 kB
MemTotal:        1844596 kB
MemFree:          648496 kB
MemAvailable:    1383120 kB
Buffers:           86984 kB
Cached:           675888 kB
MemTotal:        1844596 kB
MemFree:          648932 kB
MemAvailable:    1383556 kB
Buffers:           86984 kB
Cached:           675888 kB
MemTotal:        1844596 kB
MemFree:          648628 kB
MemAvailable:    1383252 kB
Buffers:           86984 kB
Cached:           675888 kB
MemTotal:        1844596 kB
MemFree:          647488 kB
MemAvailable:    1382112 kB
Buffers:           86984 kB
Cached:           675888 kB
MemTotal:        1844596 kB
MemFree:          647620 kB
MemAvailable:    1382244 kB
Buffers:           86984 kB
Cached:           675888 kB
MemTotal:        1844596 kB
MemFree:          648920 kB
MemAvailable:    1383544 kB
Buffers:           86984 kB
Cached:           675888 kB
MemTotal:        1844596 kB
MemFree:          648008 kB
MemAvailable:    1382632 kB
Buffers:           86984 kB
Cached:           675888 kB
MemTotal:        1844596 kB
MemFree:          648812 kB
MemAvailable:    1383436 kB
Buffers:           86984 kB
Cached:           675888 kB
MemTotal:        1844596 kB
MemFree:          649068 kB
MemAvailable:    1383692 kB
Buffers:           86984 kB
Cached:           675888 kB
MemTotal:        1844596 kB
MemFree:          647740 kB
MemAvailable:    1382364 kB
Buffers:           86984 kB
Cached:           675888 kB
MemTotal:        1844596 kB
MemFree:          648848 kB
MemAvailable:    1383472 kB
Buffers:           86984 kB
Cached:           675888 kB
MemTotal:        1844596 kB
MemFree:          649100 kB
MemAvailable:    1383724 kB
Buffers:           86984 kB
Cached:           675888 kB
MemTotal:        1844596 kB
MemFree:          648820 kB
MemAvailable:    1383444 kB
Buffers:           86984 kB
Cached:           675888 kB
MemTotal:        1844596 kB
MemFree:          648860 kB
MemAvailable:    1383484 kB
Buffers:           86984 kB
Cached:           675888 kB
MemTotal:        1844596 kB
MemFree:          649196 kB
MemAvailable:    1383820 kB
Buffers:           86984 kB
Cached:           675888 kB
MemTotal:        1844596 kB
MemFree:          648680 kB
MemAvailable:    1383304 kB
Buffers:           86984 kB
Cached:           675888 kB
MemTotal:        1844596 kB
MemFree:          649016 kB
MemAvailable:    1383640 kB
Buffers:           86984 kB
Cached:           675888 kB
MemTotal:        1844596 kB
MemFree:          648800 kB
MemAvailable:    1383424 kB
Buffers:           86984 kB
Cached:           675888 kB
MemTotal:        1844596 kB
MemFree:          649052 kB
MemAvailable:    1383676 kB
Buffers:           86984 kB
Cached:           675888 kB
MemTotal:        1844596 kB
MemFree:          649040 kB
MemAvailable:    1383664 kB
Buffers:           86984 kB
Cached:           675888 kB
MemTotal:        1844596 kB
MemFree:          648868 kB
MemAvailable:    1383492 kB
Buffers:           86984 kB
Cached:           675888 kB
MemTotal:        1844596 kB
MemFree:          648256 kB
MemAvailable:    1382880 kB
Buffers:           86984 kB
Cached:           675888 kB
MemTotal:        1844596 kB
MemFree:          647828 kB
MemAvailable:    1382452 kB
Buffers:           86984 kB
Cached:           675888 kB
MemTotal:        1844596 kB
MemFree:          647572 kB
MemAvailable:    1382196 kB
Buffers:           86984 kB
Cached:           675888 kB
MemTotal:        1844596 kB
MemFree:          648944 kB
MemAvailable:    1383568 kB
Buffers:           86984 kB
Cached:           675888 kB
MemTotal:        1844596 kB
MemFree:          647616 kB
MemAvailable:    1382240 kB
Buffers:           86984 kB
Cached:           675888 kB
MemTotal:        1844596 kB
MemFree:          648800 kB
MemAvailable:    1383424 kB
Buffers:           86984 kB
Cached:           675888 kB
MemTotal:        1844596 kB
MemFree:          649052 kB
MemAvailable:    1383676 kB
Buffers:           86984 kB
Cached:           675888 kB
MemTotal:        1844596 kB
MemFree:          648980 kB
MemAvailable:    1383604 kB
Buffers:           86984 kB
Cached:           675888 kB
MemTotal:        1844596 kB
MemFree:          648836 kB
MemAvailable:    1383460 kB
Buffers:           86984 kB
Cached:           675888 kB
MemTotal:        1844596 kB
MemFree:          649088 kB
MemAvailable:    1383712 kB
Buffers:           86984 kB
Cached:           675888 kB
MemTotal:        1844596 kB
MemFree:          647572 kB
MemAvailable:    1382196 kB
Buffers:           86984 kB
Cached:           675888 kB
MemTotal:        1844596 kB
MemFree:          647864 kB
MemAvailable:    1382488 kB
Buffers:           86984 kB
Cached:           675888 kB
MemTotal:        1844596 kB
MemFree:          646016 kB
MemAvailable:    1380640 kB
Buffers:           86984 kB
Cached:           675888 kB
MemTotal:        1844596 kB
MemFree:          642652 kB
MemAvailable:    1377276 kB
Buffers:           86984 kB
Cached:           675888 kB
MemTotal:        1844596 kB
MemFree:          642652 kB
MemAvailable:    1377276 kB
Buffers:           86984 kB
Cached:           675888 kB
MemTotal:        1844596 kB
MemFree:          638328 kB
MemAvailable:    1372952 kB
Buffers:           86984 kB
Cached:           675888 kB
MemTotal:        1844596 kB
MemFree:          636428 kB
MemAvailable:    1371052 kB
Buffers:           86984 kB
Cached:           675888 kB
MemTotal:        1844596 kB
MemFree:          633616 kB
MemAvailable:    1368240 kB
Buffers:           86984 kB
Cached:           675888 kB
MemTotal:        1844596 kB
MemFree:          630368 kB
MemAvailable:    1365000 kB
Buffers:           86984 kB
Cached:           675896 kB
MemTotal:        1844596 kB
MemFree:          630260 kB
MemAvailable:    1364892 kB
Buffers:           86984 kB
Cached:           675896 kB
MemTotal:        1844596 kB
MemFree:          628408 kB
MemAvailable:    1363040 kB
Buffers:           86984 kB
Cached:           675896 kB
MemTotal:        1844596 kB
MemFree:          628780 kB
MemAvailable:    1363412 kB
Buffers:           86984 kB
Cached:           675896 kB
MemTotal:        1844596 kB
MemFree:          629772 kB
MemAvailable:    1364404 kB
Buffers:           86984 kB
Cached:           675896 kB
MemTotal:        1844596 kB
MemFree:          629576 kB
MemAvailable:    1364208 kB
Buffers:           86984 kB
Cached:           675896 kB
MemTotal:        1844596 kB
MemFree:          628540 kB
MemAvailable:    1363172 kB
Buffers:           86984 kB
Cached:           675896 kB
MemTotal:        1844596 kB
MemFree:          629252 kB
MemAvailable:    1363884 kB
Buffers:           86984 kB
Cached:           675896 kB
MemTotal:        1844596 kB
MemFree:          629588 kB
MemAvailable:    1364220 kB
Buffers:           86984 kB
Cached:           675896 kB
MemTotal:        1844596 kB
MemFree:          628152 kB
MemAvailable:    1362784 kB
Buffers:           86984 kB
Cached:           675896 kB
MemTotal:        1844596 kB
MemFree:          628236 kB
MemAvailable:    1362868 kB
Buffers:           86984 kB
Cached:           675896 kB
MemTotal:        1844596 kB
MemFree:          629460 kB
MemAvailable:    1364092 kB
Buffers:           86984 kB
Cached:           675896 kB
MemTotal:        1844596 kB
MemFree:          629384 kB
MemAvailable:    1364016 kB
Buffers:           86984 kB
Cached:           675896 kB
MemTotal:        1844596 kB
MemFree:          629480 kB
MemAvailable:    1364112 kB
Buffers:           86984 kB
Cached:           675896 kB
MemTotal:        1844596 kB
MemFree:          629260 kB
MemAvailable:    1363892 kB
Buffers:           86984 kB
Cached:           675896 kB
MemTotal:        1844596 kB
MemFree:          629596 kB
MemAvailable:    1364228 kB
Buffers:           86984 kB
Cached:           675896 kB
MemTotal:        1844596 kB
MemFree:          629360 kB
MemAvailable:    1363992 kB
Buffers:           86984 kB
Cached:           675896 kB
MemTotal:        1844596 kB
MemFree:          628284 kB
MemAvailable:    1362916 kB
Buffers:           86984 kB
Cached:           675896 kB
MemTotal:        1844596 kB
MemFree:          629516 kB
MemAvailable:    1364148 kB
Buffers:           86984 kB
Cached:           675896 kB
MemTotal:        1844596 kB
MemFree:          628284 kB
MemAvailable:    1362916 kB
Buffers:           86984 kB
Cached:           675896 kB
MemTotal:        1844596 kB
MemFree:          628036 kB
MemAvailable:    1362668 kB
Buffers:           86984 kB
Cached:           675896 kB
MemTotal:        1844596 kB
MemFree:          628160 kB
MemAvailable:    1362792 kB
Buffers:           86984 kB
Cached:           675896 kB
MemTotal:        1844596 kB
MemFree:          627864 kB
MemAvailable:    1362496 kB
Buffers:           86984 kB
Cached:           675896 kB
MemTotal:        1844596 kB
MemFree:          629136 kB
MemAvailable:    1363768 kB
Buffers:           86984 kB
Cached:           675896 kB
MemTotal:        1844596 kB
MemFree:          629220 kB
MemAvailable:    1363852 kB
Buffers:           86984 kB
Cached:           675896 kB
MemTotal:        1844596 kB
MemFree:          627912 kB
MemAvailable:    1362544 kB
Buffers:           86984 kB
Cached:           675896 kB
MemTotal:        1844596 kB
MemFree:          627664 kB
MemAvailable:    1362296 kB
Buffers:           86984 kB
Cached:           675896 kB
MemTotal:        1844596 kB
MemFree:          627292 kB
MemAvailable:    1361924 kB
Buffers:           86984 kB
Cached:           675896 kB
MemTotal:        1844596 kB
MemFree:          622952 kB
MemAvailable:    1357584 kB
Buffers:           86984 kB
Cached:           675896 kB
MemTotal:        1844596 kB
MemFree:          618176 kB
MemAvailable:    1352808 kB
Buffers:           86984 kB
Cached:           675896 kB
MemTotal:        1844596 kB
MemFree:          619416 kB
MemAvailable:    1354048 kB
Buffers:           86984 kB
Cached:           675896 kB
MemTotal:        1844596 kB
MemFree:          618108 kB
MemAvailable:    1352740 kB
Buffers:           86984 kB
Cached:           675896 kB
MemTotal:        1844596 kB
MemFree:          619020 kB
MemAvailable:    1353652 kB
Buffers:           86984 kB
Cached:           675896 kB
MemTotal:        1844596 kB
MemFree:          619280 kB
MemAvailable:    1353912 kB
Buffers:           86984 kB
Cached:           675896 kB
MemTotal:        1844596 kB
MemFree:          617672 kB
MemAvailable:    1352304 kB
Buffers:           86984 kB
Cached:           675896 kB
MemTotal:        1844596 kB
MemFree:          618948 kB
MemAvailable:    1353580 kB
Buffers:           86984 kB
Cached:           675896 kB
MemTotal:        1844596 kB
MemFree:          618948 kB
MemAvailable:    1353580 kB
Buffers:           86984 kB
Cached:           675896 kB
MemTotal:        1844596 kB
MemFree:          617116 kB
MemAvailable:    1351748 kB
Buffers:           86984 kB
Cached:           675896 kB
MemTotal:        1844596 kB
MemFree:          617364 kB
MemAvailable:    1351996 kB
Buffers:           86984 kB
Cached:           675896 kB
MemTotal:        1844596 kB
MemFree:          617132 kB
MemAvailable:    1351764 kB
Buffers:           86984 kB
Cached:           675896 kB
MemTotal:        1844596 kB
MemFree:          616936 kB
MemAvailable:    1351736 kB
Buffers:           86984 kB
Cached:           676020 kB
MemTotal:        1844596 kB
MemFree:          616752 kB
MemAvailable:    1351552 kB
Buffers:           86984 kB
Cached:           676020 kB
MemTotal:        1844596 kB
MemFree:          616820 kB
MemAvailable:    1351704 kB
Buffers:           86984 kB
Cached:           676144 kB
MemTotal:        1844596 kB
MemFree:          616748 kB
MemAvailable:    1351716 kB
Buffers:           86984 kB
Cached:           676268 kB
MemTotal:        1844596 kB
MemFree:          616460 kB
MemAvailable:    1351596 kB
Buffers:           86984 kB
Cached:           676392 kB
MemTotal:        1844596 kB
MemFree:          616796 kB
MemAvailable:    1351932 kB
Buffers:           86984 kB
Cached:           676392 kB
MemTotal:        1844596 kB
MemFree:          615228 kB
MemAvailable:    1350448 kB
Buffers:           86984 kB
Cached:           676392 kB
MemTotal:        1844596 kB
MemFree:          615220 kB
MemAvailable:    1350440 kB
Buffers:           86984 kB
Cached:           676516 kB
MemTotal:        1844596 kB
MemFree:          614972 kB
MemAvailable:    1350192 kB
Buffers:           86984 kB
Cached:           676516 kB
MemTotal:        1844596 kB
MemFree:          616456 kB
MemAvailable:    1351676 kB
Buffers:           86984 kB
Cached:           676516 kB
MemTotal:        1844596 kB
MemFree:          616456 kB
MemAvailable:    1351676 kB
Buffers:           86984 kB
Cached:           676516 kB
MemTotal:        1844596 kB
MemFree:          616372 kB
MemAvailable:    1351592 kB
Buffers:           86984 kB
Cached:           676516 kB
MemTotal:        1844596 kB
MemFree:          615256 kB
MemAvailable:    1350476 kB
Buffers:           86984 kB
Cached:           676516 kB
MemTotal:        1844596 kB
MemFree:          615760 kB
MemAvailable:    1350980 kB
Buffers:           86984 kB
Cached:           676516 kB
MemTotal:        1844596 kB
MemFree:          614960 kB
MemAvailable:    1350348 kB
Buffers:           86984 kB
Cached:           676640 kB
MemTotal:        1844596 kB
MemFree:          616100 kB
MemAvailable:    1350732 kB
Buffers:           86984 kB
Cached:           675884 kB
MemTotal:        1844596 kB
MemFree:          616116 kB
MemAvailable:    1350748 kB
Buffers:           86984 kB
Cached:           675884 kB
MemTotal:        1844596 kB
MemFree:          693192 kB
MemAvailable:    1427824 kB
Buffers:           86984 kB
Cached:           675884 kB
MemTotal:        1844596 kB
MemFree:          771256 kB
MemAvailable:    1505888 kB
Buffers:           86984 kB
Cached:           675884 kB
