MemTotal:        1844596 kB
MemFree:          266548 kB
MemAvailable:    1546768 kB
Buffers:          101940 kB
Cached:          1196940 kB
MemTotal:        1844596 kB
MemFree:          239656 kB
MemAvailable:    1519880 kB
Buffers:          101940 kB
Cached:          1196944 kB
MemTotal:        1844596 kB
MemFree:          238500 kB
MemAvailable:    1518724 kB
Buffers:          101940 kB
Cached:          1196944 kB
MemTotal:        1844596 kB
MemFree:          236936 kB
MemAvailable:    1517160 kB
Buffers:          101940 kB
Cached:          1196944 kB
MemTotal:        1844596 kB
MemFree:          235492 kB
MemAvailable:    1515716 kB
Buffers:          101940 kB
Cached:          1196944 kB
MemTotal:        1844596 kB
MemFree:          233928 kB
MemAvailable:    1514152 kB
Buffers:          101940 kB
Cached:          1196944 kB
MemTotal:        1844596 kB
MemFree:          235300 kB
MemAvailable:    1515524 kB
Buffers:          101940 kB
Cached:          1196944 kB
MemTotal:        1844596 kB
MemFree:          231772 kB
MemAvailable:    1511996 kB
Buffers:          101940 kB
Cached:          1196944 kB
MemTotal:        1844596 kB
MemFree:          229116 kB
MemAvailable:    1509340 kB
Buffers:          101940 kB
Cached:          1196944 kB
MemTotal:        1844596 kB
MemFree:          227564 kB
MemAvailable:    1507788 kB
Buffers:          101940 kB
Cached:          1196944 kB
MemTotal:        1844596 kB
MemFree:          224092 kB
MemAvailable:    1504316 kB
Buffers:          101940 kB
Cached:          1196944 kB
MemTotal:        1844596 kB
MemFree:          226324 kB
MemAvailable:    1506548 kB
Buffers:          101940 kB
Cached:          1196944 kB
MemTotal:        1844596 kB
MemFree:          226660 kB
MemAvailable:    1506884 kB
Buffers:          101940 kB
Cached:          1196944 kB
MemTotal:        1844596 kB
MemFree:          226496 kB
MemAvailable:    1506720 kB
Buffers:          101940 kB
Cached:          1196944 kB
MemTotal:        1844596 kB
MemFree:          226496 kB
MemAvailable:    1506720 kB
Buffers:          101940 kB
Cached:          1196944 kB
MemTotal:        1844596 kB
MemFree:          226372 kB
MemAvailable:    1506596 kB
Buffers:          101940 kB
Cached:          1196944 kB
MemTotal:        1844596 kB
MemFree:          225404 kB
MemAvailable:    1505628 kB
Buffers:          101940 kB
Cached:          1196944 kB
MemTotal:        1844596 kB
MemFree:          225828 kB
MemAvailable:    1506052 kB
Buffers:          101940 kB
Cached:          1196944 kB
MemTotal:        1844596 kB
MemFree:          226164 kB
MemAvailable:    1506388 kB
Buffers:          101940 kB
Cached:          1196944 kB
MemTotal:        1844596 kB
MemFree:          225888 kB
MemAvailable:    1506112 kB
Buffers:          101940 kB
Cached:          1196944 kB
MemTotal:        1844596 kB
MemFree:          225996 kB
MemAvailable:    1506220 kB
Buffers:          101940 kB
Cached:          1196944 kB
MemTotal:        1844596 kB
MemFree:          225156 kB
MemAvailable:    1505380 kB
Buffers:          101940 kB
Cached:          1196944 kB
MemTotal:        1844596 kB
MemFree:          226308 kB
MemAvailable:    1506532 kB
Buffers:          101940 kB
Cached:          1196944 kB
MemTotal:        1844596 kB
MemFree:          224652 kB
MemAvailable:    1504876 kB
Buffers:          101940 kB
Cached:          1196944 kB
MemTotal:        1844596 kB
MemFree:          224272 kB
MemAvailable:    1504496 kB
Buffers:          101940 kB
Cached:          1196944 kB
MemTotal:        1844596 kB
MemFree:          225132 kB
MemAvailable:    1505356 kB
Buffers:          101940 kB
Cached:          1196944 kB
MemTotal:        1844596 kB
MemFree:          225216 kB
MemAvailable:    1505440 kB
Buffers:          101940 kB
Cached:          1196944 kB
MemTotal:        1844596 kB
MemFree:          224828 kB
MemAvailable:    1505052 kB
Buffers:          101940 kB
Cached:          1196944 kB
MemTotal:        1844596 kB
MemFree:          224828 kB
MemAvailable:    1505052 kB
Buffers:          101940 kB
Cached:          1196944 kB
MemTotal:        1844596 kB
MemFree:          223768 kB
MemAvailable:    1503992 kB
Buffers:          101940 kB
Cached:          1196944 kB
MemTotal:        1844596 kB
MemFree:          224104 kB
MemAvailable:    1504328 kB
Buffers:          101940 kB
Cached:          1196944 kB
MemTotal:        1844596 kB
MemFree:          223588 kB
MemAvailable:    1503812 kB
Buffers:          101940 kB
Cached:          1196944 kB
MemTotal:        1844596 kB
MemFree:          223528 kB
MemAvailable:    1503752 kB
Buffers:          101940 kB
Cached:          1196944 kB
MemTotal:        1844596 kB
MemFree:          223404 kB
MemAvailable:    1503628 kB
Buffers:          101940 kB
Cached:          1196944 kB
MemTotal:        1844596 kB
MemFree:          223280 kB
MemAvailable:    1503504 kB
Buffers:          101940 kB
Cached:          1196944 kB
MemTotal:        1844596 kB
MemFree:          223536 kB
MemAvailable:    1503760 kB
Buffers:          101940 kB
Cached:          1196944 kB
MemTotal:        1844596 kB
MemFree:          223364 kB
MemAvailable:    1503588 kB
Buffers:          101940 kB
Cached:          1196944 kB
MemTotal:        1844596 kB
MemFree:          223528 kB
MemAvailable:    1503752 kB
Buffers:          101940 kB
Cached:          1196944 kB
MemTotal:        1844596 kB
MemFree:          222792 kB
MemAvailable:    1503016 kB
Buffers:          101940 kB
Cached:          1196944 kB
MemTotal:        1844596 kB
MemFree:          223260 kB
MemAvailable:    1503484 kB
Buffers:          101940 kB
Cached:          1196944 kB
MemTotal:        1844596 kB
MemFree:          223260 kB
MemAvailable:    1503484 kB
Buffers:          101940 kB
Cached:          1196944 kB
MemTotal:        1844596 kB
MemFree:          219256 kB
MemAvailable:    1499480 kB
Buffers:          101940 kB
Cached:          1196944 kB
MemTotal:        1844596 kB
MemFree:          218512 kB
MemAvailable:    1498736 kB
Buffers:          101940 kB
Cached:          1196944 kB
MemTotal:        1844596 kB
MemFree:          217212 kB
MemAvailable:    1497436 kB
Buffers:          101940 kB
Cached:          1196944 kB
MemTotal:        1844596 kB
MemFree:          218444 kB
MemAvailable:    1498668 kB
Buffers:          101940 kB
Cached:          1196944 kB
MemTotal:        1844596 kB
MemFree:          218196 kB
MemAvailable:    1498420 kB
Buffers:          101940 kB
Cached:          1196944 kB
MemTotal:        1844596 kB
MemFree:          216964 kB
MemAvailable:    1497188 kB
Buffers:          101940 kB
Cached:          1196944 kB
MemTotal:        1844596 kB
MemFree:          217088 kB
MemAvailable:    1497312 kB
Buffers:          101940 kB
Cached:          1196944 kB
MemTotal:        1844596 kB
MemFree:          217644 kB
MemAvailable:    1497868 kB
Buffers:          101940 kB
Cached:          1196944 kB
MemTotal:        1844596 kB
MemFree:          217592 kB
MemAvailable:    1497816 kB
Buffers:          101940 kB
Cached:          1196944 kB
MemTotal:        1844596 kB
MemFree:          216336 kB
MemAvailable:    1496560 kB
Buffers:          101940 kB
Cached:          1196944 kB
MemTotal:        1844596 kB
MemFree:          216544 kB
MemAvailable:    1496768 kB
Buffers:          101940 kB
Cached:          1196944 kB
MemTotal:        1844596 kB
MemFree:          216420 kB
MemAvailable:    1496644 kB
Buffers:          101940 kB
Cached:          1196944 kB
MemTotal:        1844596 kB
MemFree:          217720 kB
MemAvailable:    1497944 kB
Buffers:          101940 kB
Cached:          1196944 kB
MemTotal:        1844596 kB
MemFree:          217520 kB
MemAvailable:    1497744 kB
Buffers:          101940 kB
Cached:          1196944 kB
MemTotal:        1844596 kB
MemFree:          217772 kB
MemAvailable:    1497996 kB
Buffers:          101940 kB
Cached:          1196944 kB
MemTotal:        1844596 kB
MemFree:          215832 kB
MemAvailable:    1496056 kB
Buffers:          101940 kB
Cached:          1196944 kB
MemTotal:        1844596 kB
MemFree:          215796 kB
MemAvailable:    1496020 kB
Buffers:          101940 kB
Cached:          1196944 kB
MemTotal:        1844596 kB
MemFree:          210764 kB
MemAvailable:    1490988 kB
Buffers:          101940 kB
Cached:          1196944 kB
MemTotal:        1844596 kB
MemFree:          211012 kB
MemAvailable:    1491236 kB
Buffers:          101940 kB
Cached:          1196944 kB
MemTotal:        1844596 kB
MemFree:          210268 kB
MemAvailable:    1490492 kB
Buffers:          101940 kB
Cached:          1196944 kB
MemTotal:        1844596 kB
MemFree:          210136 kB
MemAvailable:    1490364 kB
Buffers:          101940 kB
Cached:          1196948 kB
MemTotal:        1844596 kB
MemFree:          209632 kB
MemAvailable:    1489860 kB
Buffers:          101940 kB
Cached:          1196948 kB
MemTotal:        1844596 kB
MemFree:          208904 kB
MemAvailable:    1489132 kB
Buffers:          101940 kB
Cached:          1196948 kB
MemTotal:        1844596 kB
MemFree:          208284 kB
MemAvailable:    1488516 kB
Buffers:          101940 kB
Cached:          1196952 kB
MemTotal:        1844596 kB
MemFree:          208036 kB
MemAvailable:    1488268 kB
Buffers:          101940 kB
Cached:          1196952 kB
MemTotal:        1844596 kB
MemFree:          209136 kB
MemAvailable:    1489368 kB
Buffers:          101940 kB
Cached:          1196952 kB
MemTotal:        1844596 kB
MemFree:          209136 kB
MemAvailable:    1489368 kB
Buffers:          101940 kB
Cached:          1196952 kB
MemTotal:        1844596 kB
MemFree:          208840 kB
MemAvailable:    1489072 kB
Buffers:          101940 kB
Cached:          1196952 kB
MemTotal:        1844596 kB
MemFree:          208416 kB
MemAvailable:    1488648 kB
Buffers:          101940 kB
Cached:          1196952 kB
MemTotal:        1844596 kB
MemFree:          207532 kB
MemAvailable:    1487764 kB
Buffers:          101940 kB
Cached:          1196952 kB
MemTotal:        1844596 kB
MemFree:          209084 kB
MemAvailable:    1489316 kB
Buffers:          101940 kB
Cached:          1196952 kB
MemTotal:        1844596 kB
MemFree:          208160 kB
MemAvailable:    1488392 kB
Buffers:          101940 kB
Cached:          1196952 kB
MemTotal:        1844596 kB
MemFree:          209372 kB
MemAvailable:    1489604 kB
Buffers:          101940 kB
Cached:          1196952 kB
MemTotal:        1844596 kB
MemFree:          208036 kB
MemAvailable:    1488268 kB
Buffers:          101940 kB
Cached:          1196952 kB
MemTotal:        1844596 kB
MemFree:          209080 kB
MemAvailable:    1489312 kB
Buffers:          101940 kB
Cached:          1196952 kB
MemTotal:        1844596 kB
MemFree:          208044 kB
MemAvailable:    1488276 kB
Buffers:          101940 kB
Cached:          1196952 kB
MemTotal:        1844596 kB
MemFree:          208600 kB
MemAvailable:    1488832 kB
Buffers:          101940 kB
Cached:          1196952 kB
MemTotal:        1844596 kB
MemFree:          208936 kB
MemAvailable:    1489168 kB
Buffers:          101940 kB
Cached:          1196952 kB
MemTotal:        1844596 kB
MemFree:          207484 kB
MemAvailable:    1487716 kB
Buffers:          101940 kB
Cached:          1196952 kB
MemTotal:        1844596 kB
MemFree:          207484 kB
MemAvailable:    1487716 kB
Buffers:          101940 kB
Cached:          1196952 kB
MemTotal:        1844596 kB
MemFree:          207344 kB
MemAvailable:    1487576 kB
Buffers:          101940 kB
Cached:          1196952 kB
MemTotal:        1844596 kB
MemFree:          207520 kB
MemAvailable:    1487752 kB
Buffers:          101940 kB
Cached:          1196952 kB
MemTotal:        1844596 kB
MemFree:          208688 kB
MemAvailable:    1488920 kB
Buffers:          101940 kB
Cached:          1196952 kB
MemTotal:        1844596 kB
MemFree:          208016 kB
MemAvailable:    1488248 kB
Buffers:          101940 kB
Cached:          1196952 kB
MemTotal:        1844596 kB
MemFree:          205060 kB
MemAvailable:    1485292 kB
Buffers:          101940 kB
Cached:          1196952 kB
MemTotal:        1844596 kB
MemFree:          203756 kB
MemAvailable:    1483988 kB
Buffers:          101940 kB
Cached:          1196952 kB
MemTotal:        1844596 kB
MemFree:          201092 kB
MemAvailable:    1481324 kB
Buffers:          101940 kB
Cached:          1196952 kB
MemTotal:        1844596 kB
MemFree:          200472 kB
MemAvailable:    1480708 kB
Buffers:          101940 kB
Cached:          1196956 kB
MemTotal:        1844596 kB
MemFree:          199232 kB
MemAvailable:    1479468 kB
Buffers:          101940 kB
Cached:          1196956 kB
MemTotal:        1844596 kB
MemFree:          200276 kB
MemAvailable:    1480512 kB
Buffers:          101940 kB
Cached:          1196956 kB
MemTotal:        1844596 kB
MemFree:          199240 kB
MemAvailable:    1479476 kB
Buffers:          101940 kB
Cached:          1196956 kB
MemTotal:        1844596 kB
MemFree:          199952 kB
MemAvailable:    1480188 kB
Buffers:          101940 kB
Cached:          1196956 kB
MemTotal:        1844596 kB
MemFree:          200036 kB
MemAvailable:    1480272 kB
Buffers:          101940 kB
Cached:          1196956 kB
MemTotal:        1844596 kB
MemFree:          198804 kB
MemAvailable:    1479040 kB
Buffers:          101940 kB
Cached:          1196956 kB
MemTotal:        1844596 kB
MemFree:          200168 kB
MemAvailable:    1480404 kB
Buffers:          101944 kB
Cached:          1196952 kB
MemTotal:        1844596 kB
MemFree:          198716 kB
MemAvailable:    1478952 kB
Buffers:          101944 kB
Cached:          1196952 kB
MemTotal:        1844596 kB
MemFree:          199956 kB
MemAvailable:    1480192 kB
Buffers:          101944 kB
Cached:          1196952 kB
MemTotal:        1844596 kB
MemFree:          200076 kB
MemAvailable:    1480312 kB
Buffers:          101944 kB
Cached:          1196952 kB
MemTotal:        1844596 kB
MemFree:          199964 kB
MemAvailable:    1480200 kB
Buffers:          101944 kB
Cached:          1196952 kB
MemTotal:        1844596 kB
MemFree:          198656 kB
MemAvailable:    1478892 kB
Buffers:          101944 kB
Cached:          1196952 kB
MemTotal:        1844596 kB
MemFree:          200128 kB
MemAvailable:    1480364 kB
Buffers:          101944 kB
Cached:          1196952 kB
MemTotal:        1844596 kB
MemFree:          199852 kB
MemAvailable:    1480088 kB
Buffers:          101944 kB
Cached:          1196952 kB
MemTotal:        1844596 kB
MemFree:          199912 kB
MemAvailable:    1480148 kB
Buffers:          101944 kB
Cached:          1196952 kB
MemTotal:        1844596 kB
MemFree:          199240 kB
MemAvailable:    1479476 kB
Buffers:          101944 kB
Cached:          1196952 kB
MemTotal:        1844596 kB
MemFree:          198984 kB
MemAvailable:    1479224 kB
Buffers:          101944 kB
Cached:          1196956 kB
MemTotal:        1844596 kB
MemFree:          198844 kB
MemAvailable:    1479084 kB
Buffers:          101944 kB
Cached:          1196956 kB
MemTotal:        1844596 kB
MemFree:          200216 kB
MemAvailable:    1480456 kB
Buffers:          101944 kB
Cached:          1196956 kB
MemTotal:        1844596 kB
MemFree:          199108 kB
MemAvailable:    1479348 kB
Buffers:          101944 kB
Cached:          1196956 kB
MemTotal:        1844596 kB
MemFree:          200320 kB
MemAvailable:    1480560 kB
Buffers:          101944 kB
Cached:          1196956 kB
MemTotal:        1844596 kB
MemFree:          198860 kB
MemAvailable:    1479100 kB
Buffers:          101944 kB
Cached:          1196956 kB
MemTotal:        1844596 kB
MemFree:          199960 kB
MemAvailable:    1480200 kB
Buffers:          101944 kB
Cached:          1196956 kB
MemTotal:        1844596 kB
MemFree:          199960 kB
MemAvailable:    1480200 kB
Buffers:          101944 kB
Cached:          1196956 kB
MemTotal:        1844596 kB
MemFree:          199764 kB
MemAvailable:    1480004 kB
Buffers:          101944 kB
Cached:          1196956 kB
MemTotal:        1844596 kB
MemFree:          198596 kB
MemAvailable:    1478836 kB
Buffers:          101944 kB
Cached:          1196956 kB
MemTotal:        1844596 kB
MemFree:          199888 kB
MemAvailable:    1480128 kB
Buffers:          101944 kB
Cached:          1196956 kB
MemTotal:        1844596 kB
MemFree:          199736 kB
MemAvailable:    1479976 kB
Buffers:          101944 kB
Cached:          1196956 kB
MemTotal:        1844596 kB
MemFree:          199836 kB
MemAvailable:    1480076 kB
Buffers:          101944 kB
Cached:          1196956 kB
MemTotal:        1844596 kB
MemFree:          198436 kB
MemAvailable:    1478676 kB
Buffers:          101944 kB
Cached:          1196956 kB
MemTotal:        1844596 kB
MemFree:          199844 kB
MemAvailable:    1480084 kB
Buffers:          101944 kB
Cached:          1196956 kB
MemTotal:        1844596 kB
MemFree:          199844 kB
MemAvailable:    1480084 kB
Buffers:          101944 kB
Cached:          1196956 kB
MemTotal:        1844596 kB
MemFree:          199856 kB
MemAvailable:    1480096 kB
Buffers:          101944 kB
Cached:          1196956 kB
MemTotal:        1844596 kB
MemFree:          199984 kB
MemAvailable:    1480224 kB
Buffers:          101944 kB
Cached:          1196956 kB
MemTotal:        1844596 kB
MemFree:          198676 kB
MemAvailable:    1478916 kB
Buffers:          101944 kB
Cached:          1196956 kB
MemTotal:        1844596 kB
MemFree:          198552 kB
MemAvailable:    1478792 kB
Buffers:          101944 kB
Cached:          1196956 kB
MemTotal:        1844596 kB
MemFree:          196612 kB
MemAvailable:    1476852 kB
Buffers:          101944 kB
Cached:          1196956 kB
MemTotal:        1844596 kB
MemFree:          195760 kB
MemAvailable:    1476000 kB
Buffers:          101944 kB
Cached:          1196956 kB
MemTotal:        1844596 kB
MemFree:          192660 kB
MemAvailable:    1472900 kB
Buffers:          101944 kB
Cached:          1196956 kB
MemTotal:        1844596 kB
MemFree:          190544 kB
MemAvailable:    1470784 kB
Buffers:          101944 kB
Cached:          1196956 kB
MemTotal:        1844596 kB
MemFree:          189552 kB
MemAvailable:    1469792 kB
Buffers:          101944 kB
Cached:          1196956 kB
MemTotal:        1844596 kB
MemFree:          189040 kB
MemAvailable:    1469280 kB
Buffers:          101944 kB
Cached:          1196956 kB
MemTotal:        1844596 kB
MemFree:          189064 kB
MemAvailable:    1469304 kB
Buffers:          101944 kB
Cached:          1196956 kB
MemTotal:        1844596 kB
MemFree:          189176 kB
MemAvailable:    1469416 kB
Buffers:          101944 kB
Cached:          1196956 kB
MemTotal:        1844596 kB
MemFree:          189064 kB
MemAvailable:    1469304 kB
Buffers:          101944 kB
Cached:          1196956 kB
MemTotal:        1844596 kB
MemFree:          188320 kB
MemAvailable:    1468560 kB
Buffers:          101944 kB
Cached:          1196956 kB
MemTotal:        1844596 kB
MemFree:          188912 kB
MemAvailable:    1469152 kB
Buffers:          101944 kB
Cached:          1196956 kB
MemTotal:        1844596 kB
MemFree:          189248 kB
MemAvailable:    1469488 kB
Buffers:          101944 kB
Cached:          1196956 kB
MemTotal:        1844596 kB
MemFree:          189040 kB
MemAvailable:    1469280 kB
Buffers:          101944 kB
Cached:          1196956 kB
MemTotal:        1844596 kB
MemFree:          189292 kB
MemAvailable:    1469532 kB
Buffers:          101944 kB
Cached:          1196956 kB
MemTotal:        1844596 kB
MemFree:          189108 kB
MemAvailable:    1469352 kB
Buffers:          101944 kB
Cached:          1196960 kB
MemTotal:        1844596 kB
MemFree:          189084 kB
MemAvailable:    1469328 kB
Buffers:          101944 kB
Cached:          1196960 kB
MemTotal:        1844596 kB
MemFree:          189016 kB
MemAvailable:    1469260 kB
Buffers:          101944 kB
Cached:          1196960 kB
MemTotal:        1844596 kB
MemFree:          188824 kB
MemAvailable:    1469068 kB
Buffers:          101944 kB
Cached:          1196960 kB
MemTotal:        1844596 kB
MemFree:          189056 kB
MemAvailable:    1469300 kB
Buffers:          101944 kB
Cached:          1196960 kB
MemTotal:        1844596 kB
MemFree:          189308 kB
MemAvailable:    1469552 kB
Buffers:          101944 kB
Cached:          1196960 kB
MemTotal:        1844596 kB
MemFree:          189056 kB
MemAvailable:    1469300 kB
Buffers:          101944 kB
Cached:          1196960 kB
MemTotal:        1844596 kB
MemFree:          188824 kB
MemAvailable:    1469068 kB
Buffers:          101944 kB
Cached:          1196960 kB
MemTotal:        1844596 kB
MemFree:          189016 kB
MemAvailable:    1469260 kB
Buffers:          101944 kB
Cached:          1196960 kB
MemTotal:        1844596 kB
MemFree:          188060 kB
MemAvailable:    1468304 kB
Buffers:          101944 kB
Cached:          1196960 kB
MemTotal:        1844596 kB
MemFree:          189112 kB
MemAvailable:    1469356 kB
Buffers:          101944 kB
Cached:          1196960 kB
MemTotal:        1844596 kB
MemFree:          189108 kB
MemAvailable:    1469352 kB
Buffers:          101944 kB
Cached:          1196960 kB
MemTotal:        1844596 kB
MemFree:          188328 kB
MemAvailable:    1468572 kB
Buffers:          101944 kB
Cached:          1196960 kB
MemTotal:        1844596 kB
MemFree:          189172 kB
MemAvailable:    1469416 kB
Buffers:          101944 kB
Cached:          1196960 kB
MemTotal:        1844596 kB
MemFree:          189008 kB
MemAvailable:    1469252 kB
Buffers:          101944 kB
Cached:          1196960 kB
MemTotal:        1844596 kB
MemFree:          188968 kB
MemAvailable:    1469212 kB
Buffers:          101944 kB
Cached:          1196960 kB
MemTotal:        1844596 kB
MemFree:          187876 kB
MemAvailable:    1468120 kB
Buffers:          101944 kB
Cached:          1196960 kB
MemTotal:        1844596 kB
MemFree:          189028 kB
MemAvailable:    1469272 kB
Buffers:          101944 kB
Cached:          1196960 kB
MemTotal:        1844596 kB
MemFree:          188824 kB
MemAvailable:    1469068 kB
Buffers:          101944 kB
Cached:          1196960 kB
MemTotal:        1844596 kB
MemFree:          187692 kB
MemAvailable:    1467936 kB
Buffers:          101944 kB
Cached:          1196960 kB
MemTotal:        1844596 kB
MemFree:          189244 kB
MemAvailable:    1469488 kB
Buffers:          101944 kB
Cached:          1196960 kB
MemTotal:        1844596 kB
MemFree:          189132 kB
MemAvailable:    1469376 kB
Buffers:          101944 kB
Cached:          1196960 kB
MemTotal:        1844596 kB
MemFree:          189052 kB
MemAvailable:    1469296 kB
Buffers:          101944 kB
Cached:          1196960 kB
MemTotal:        1844596 kB
MemFree:          187932 kB
MemAvailable:    1468176 kB
Buffers:          101944 kB
Cached:          1196960 kB
MemTotal:        1844596 kB
MemFree:          189140 kB
MemAvailable:    1469384 kB
Buffers:          101944 kB
Cached:          1196960 kB
MemTotal:        1844596 kB
MemFree:          188932 kB
MemAvailable:    1469176 kB
Buffers:          101944 kB
Cached:          1196960 kB
MemTotal:        1844596 kB
MemFree:          189072 kB
MemAvailable:    1469316 kB
Buffers:          101944 kB
Cached:          1196960 kB
MemTotal:        1844596 kB
MemFree:          189016 kB
MemAvailable:    1469260 kB
Buffers:          101944 kB
Cached:          1196960 kB
MemTotal:        1844596 kB
MemFree:          189072 kB
MemAvailable:    1469316 kB
Buffers:          101944 kB
Cached:          1196960 kB
MemTotal:        1844596 kB
MemFree:          188320 kB
MemAvailable:    1468564 kB
Buffers:          101944 kB
Cached:          1196960 kB
MemTotal:        1844596 kB
MemFree:          189004 kB
MemAvailable:    1469248 kB
Buffers:          101944 kB
Cached:          1196960 kB
MemTotal:        1844596 kB
MemFree:          189004 kB
MemAvailable:    1469248 kB
Buffers:          101944 kB
Cached:          1196960 kB
MemTotal:        1844596 kB
MemFree:          187700 kB
MemAvailable:    1467944 kB
Buffers:          101944 kB
Cached:          1196960 kB
MemTotal:        1844596 kB
MemFree:          189076 kB
MemAvailable:    1469320 kB
Buffers:          101944 kB
Cached:          1196960 kB
MemTotal:        1844596 kB
MemFree:          188320 kB
MemAvailable:    1468564 kB
Buffers:          101944 kB
Cached:          1196960 kB
MemTotal:        1844596 kB
MemFree:          188172 kB
MemAvailable:    1468416 kB
Buffers:          101944 kB
Cached:          1196960 kB
MemTotal:        1844596 kB
MemFree:          187512 kB
MemAvailable:    1467756 kB
Buffers:          101944 kB
Cached:          1196960 kB
MemTotal:        1844596 kB
MemFree:          187636 kB
MemAvailable:    1467880 kB
Buffers:          101944 kB
Cached:          1196960 kB
MemTotal:        1844596 kB
MemFree:          187760 kB
MemAvailable:    1468004 kB
Buffers:          101944 kB
Cached:          1196960 kB
MemTotal:        1844596 kB
MemFree:          188992 kB
MemAvailable:    1469236 kB
Buffers:          101944 kB
Cached:          1196960 kB
MemTotal:        1844596 kB
MemFree:          188528 kB
MemAvailable:    1468772 kB
Buffers:          101944 kB
Cached:          1196960 kB
MemTotal:        1844596 kB
MemFree:          188312 kB
MemAvailable:    1468556 kB
Buffers:          101944 kB
Cached:          1196960 kB
MemTotal:        1844596 kB
MemFree:          187992 kB
MemAvailable:    1468236 kB
Buffers:          101944 kB
Cached:          1196960 kB
MemTotal:        1844596 kB
MemFree:          186964 kB
MemAvailable:    1467208 kB
Buffers:          101944 kB
Cached:          1196960 kB
MemTotal:        1844596 kB
MemFree:          187684 kB
MemAvailable:    1467932 kB
Buffers:          101944 kB
Cached:          1196964 kB
MemTotal:        1844596 kB
MemFree:          188020 kB
MemAvailable:    1468268 kB
Buffers:          101944 kB
Cached:          1196964 kB
MemTotal:        1844596 kB
MemFree:          187776 kB
MemAvailable:    1468024 kB
Buffers:          101944 kB
Cached:          1196964 kB
MemTotal:        1844596 kB
MemFree:          186404 kB
MemAvailable:    1466652 kB
Buffers:          101944 kB
Cached:          1196964 kB
MemTotal:        1844596 kB
MemFree:          187704 kB
MemAvailable:    1467952 kB
Buffers:          101944 kB
Cached:          1196964 kB
MemTotal:        1844596 kB
MemFree:          187800 kB
MemAvailable:    1468048 kB
Buffers:          101944 kB
Cached:          1196964 kB
MemTotal:        1844596 kB
MemFree:          187884 kB
MemAvailable:    1468132 kB
Buffers:          101944 kB
Cached:          1196964 kB
MemTotal:        1844596 kB
MemFree:          187620 kB
MemAvailable:    1467868 kB
Buffers:          101944 kB
Cached:          1196964 kB
MemTotal:        1844596 kB
MemFree:          187388 kB
MemAvailable:    1467636 kB
Buffers:          101944 kB
Cached:          1196964 kB
MemTotal:        1844596 kB
MemFree:          187640 kB
MemAvailable:    1467888 kB
Buffers:          101944 kB
Cached:          1196964 kB
MemTotal:        1844596 kB
MemFree:          187404 kB
MemAvailable:    1467652 kB
Buffers:          101944 kB
Cached:          1196964 kB
MemTotal:        1844596 kB
MemFree:          187484 kB
MemAvailable:    1467732 kB
Buffers:          101944 kB
Cached:          1196964 kB
MemTotal:        1844596 kB
MemFree:          186708 kB
MemAvailable:    1466956 kB
Buffers:          101944 kB
Cached:          1196964 kB
MemTotal:        1844596 kB
MemFree:          187384 kB
MemAvailable:    1467632 kB
Buffers:          101944 kB
Cached:          1196964 kB
MemTotal:        1844596 kB
MemFree:          187636 kB
MemAvailable:    1467884 kB
Buffers:          101944 kB
Cached:          1196964 kB
MemTotal:        1844596 kB
MemFree:          186156 kB
MemAvailable:    1466404 kB
Buffers:          101944 kB
Cached:          1196964 kB
MemTotal:        1844596 kB
MemFree:          186280 kB
MemAvailable:    1466528 kB
Buffers:          101944 kB
Cached:          1196964 kB
MemTotal:        1844596 kB
MemFree:          186400 kB
MemAvailable:    1466648 kB
Buffers:          101944 kB
Cached:          1196964 kB
MemTotal:        1844596 kB
MemFree:          187588 kB
MemAvailable:    1467836 kB
Buffers:          101944 kB
Cached:          1196964 kB
MemTotal:        1844596 kB
MemFree:          186156 kB
MemAvailable:    1466404 kB
Buffers:          101944 kB
Cached:          1196964 kB
MemTotal:        1844596 kB
MemFree:          186404 kB
MemAvailable:    1466652 kB
Buffers:          101944 kB
Cached:          1196964 kB
MemTotal:        1844596 kB
MemFree:          187264 kB
MemAvailable:    1467512 kB
Buffers:          101944 kB
Cached:          1196964 kB
MemTotal:        1844596 kB
MemFree:          182104 kB
MemAvailable:    1462352 kB
Buffers:          101944 kB
Cached:          1196964 kB
MemTotal:        1844596 kB
MemFree:          181748 kB
MemAvailable:    1461996 kB
Buffers:          101944 kB
Cached:          1196964 kB
MemTotal:        1844596 kB
MemFree:          177400 kB
MemAvailable:    1457648 kB
Buffers:          101944 kB
Cached:          1196964 kB
MemTotal:        1844596 kB
MemFree:          176724 kB
MemAvailable:    1456972 kB
Buffers:          101944 kB
Cached:          1196964 kB
MemTotal:        1844596 kB
MemFree:          175548 kB
MemAvailable:    1455796 kB
Buffers:          101944 kB
Cached:          1196964 kB
MemTotal:        1844596 kB
MemFree:          176104 kB
MemAvailable:    1456352 kB
Buffers:          101944 kB
Cached:          1196964 kB
MemTotal:        1844596 kB
MemFree:          176360 kB
MemAvailable:    1456608 kB
Buffers:          101944 kB
Cached:          1196964 kB
MemTotal:        1844596 kB
MemFree:          175532 kB
MemAvailable:    1455780 kB
Buffers:          101944 kB
Cached:          1196964 kB
MemTotal:        1844596 kB
MemFree:          175052 kB
MemAvailable:    1455300 kB
Buffers:          101944 kB
Cached:          1196964 kB
MemTotal:        1844596 kB
MemFree:          174184 kB
MemAvailable:    1454440 kB
Buffers:          101944 kB
Cached:          1196972 kB
MemTotal:        1844596 kB
MemFree:          173812 kB
MemAvailable:    1454068 kB
Buffers:          101944 kB
Cached:          1196972 kB
MemTotal:        1844596 kB
MemFree:          172944 kB
MemAvailable:    1453200 kB
Buffers:          101944 kB
Cached:          1196972 kB
MemTotal:        1844596 kB
MemFree:          173300 kB
MemAvailable:    1453556 kB
Buffers:          101944 kB
Cached:          1196972 kB
MemTotal:        1844596 kB
MemFree:          173192 kB
MemAvailable:    1453448 kB
Buffers:          101944 kB
Cached:          1196972 kB
MemTotal:        1844596 kB
MemFree:          172572 kB
MemAvailable:    1452828 kB
Buffers:          101944 kB
Cached:          1196972 kB
MemTotal:        1844596 kB
MemFree:          171464 kB
MemAvailable:    1451720 kB
Buffers:          101944 kB
Cached:          1196972 kB
MemTotal:        1844596 kB
MemFree:          172192 kB
MemAvailable:    1452448 kB
Buffers:          101944 kB
Cached:          1196972 kB
MemTotal:        1844596 kB
MemFree:          172448 kB
MemAvailable:    1452704 kB
Buffers:          101944 kB
Cached:          1196972 kB
MemTotal:        1844596 kB
MemFree:          172184 kB
MemAvailable:    1452440 kB
Buffers:          101944 kB
Cached:          1196972 kB
MemTotal:        1844596 kB
MemFree:          172520 kB
MemAvailable:    1452776 kB
Buffers:          101944 kB
Cached:          1196972 kB
MemTotal:        1844596 kB
MemFree:          172268 kB
MemAvailable:    1452524 kB
Buffers:          101944 kB
Cached:          1196972 kB
MemTotal:        1844596 kB
MemFree:          172388 kB
MemAvailable:    1452644 kB
Buffers:          101944 kB
Cached:          1196972 kB
MemTotal:        1844596 kB
MemFree:          171580 kB
MemAvailable:    1451836 kB
Buffers:          101944 kB
Cached:          1196972 kB
MemTotal:        1844596 kB
MemFree:          172308 kB
MemAvailable:    1452564 kB
Buffers:          101944 kB
Cached:          1196972 kB
MemTotal:        1844596 kB
MemFree:          172268 kB
MemAvailable:    1452524 kB
Buffers:          101944 kB
Cached:          1196972 kB
MemTotal:        1844596 kB
MemFree:          172036 kB
MemAvailable:    1452292 kB
Buffers:          101944 kB
Cached:          1196972 kB
MemTotal:        1844596 kB
MemFree:          172372 kB
MemAvailable:    1452628 kB
Buffers:          101944 kB
Cached:          1196972 kB
MemTotal:        1844596 kB
MemFree:          170888 kB
MemAvailable:    1451144 kB
Buffers:          101944 kB
Cached:          1196972 kB
MemTotal:        1844596 kB
MemFree:          171828 kB
MemAvailable:    1452084 kB
Buffers:          101944 kB
Cached:          1196972 kB
MemTotal:        1844596 kB
MemFree:          171432 kB
MemAvailable:    1451688 kB
Buffers:          101944 kB
Cached:          1196972 kB
MemTotal:        1844596 kB
MemFree:          171432 kB
MemAvailable:    1451688 kB
Buffers:          101944 kB
Cached:          1196972 kB
MemTotal:        1844596 kB
MemFree:          170392 kB
MemAvailable:    1450648 kB
Buffers:          101944 kB
Cached:          1196972 kB
MemTotal:        1844596 kB
MemFree:          169340 kB
MemAvailable:    1449596 kB
Buffers:          101944 kB
Cached:          1196972 kB
MemTotal:        1844596 kB
MemFree:          169092 kB
MemAvailable:    1449348 kB
Buffers:          101944 kB
Cached:          1196972 kB
MemTotal:        1844596 kB
MemFree:          169588 kB
MemAvailable:    1449844 kB
Buffers:          101944 kB
Cached:          1196972 kB
MemTotal:        1844596 kB
MemFree:          169588 kB
MemAvailable:    1449844 kB
Buffers:          101944 kB
Cached:          1196972 kB
MemTotal:        1844596 kB
MemFree:          168052 kB
MemAvailable:    1448308 kB
Buffers:          101944 kB
Cached:          1196972 kB
MemTotal:        1844596 kB
MemFree:          169080 kB
MemAvailable:    1449336 kB
Buffers:          101944 kB
Cached:          1196972 kB
MemTotal:        1844596 kB
MemFree:          168672 kB
MemAvailable:    1448928 kB
Buffers:          101944 kB
Cached:          1196972 kB
MemTotal:        1844596 kB
MemFree:          168364 kB
MemAvailable:    1448620 kB
Buffers:          101944 kB
Cached:          1196972 kB
MemTotal:        1844596 kB
MemFree:          168596 kB
MemAvailable:    1448852 kB
Buffers:          101944 kB
Cached:          1196972 kB
MemTotal:        1844596 kB
MemFree:          167240 kB
MemAvailable:    1447496 kB
Buffers:          101944 kB
Cached:          1196972 kB
MemTotal:        1844596 kB
MemFree:          167240 kB
MemAvailable:    1447496 kB
Buffers:          101944 kB
Cached:          1196972 kB
MemTotal:        1844596 kB
MemFree:          168408 kB
MemAvailable:    1448664 kB
Buffers:          101944 kB
Cached:          1196972 kB
MemTotal:        1844596 kB
MemFree:          168084 kB
MemAvailable:    1448340 kB
Buffers:          101944 kB
Cached:          1196972 kB
MemTotal:        1844596 kB
MemFree:          167860 kB
MemAvailable:    1448116 kB
Buffers:          101944 kB
Cached:          1196972 kB
MemTotal:        1844596 kB
MemFree:          168112 kB
MemAvailable:    1448368 kB
Buffers:          101944 kB
Cached:          1196972 kB
MemTotal:        1844596 kB
MemFree:          168216 kB
MemAvailable:    1448472 kB
Buffers:          101944 kB
Cached:          1196972 kB
MemTotal:        1844596 kB
MemFree:          167736 kB
MemAvailable:    1447992 kB
Buffers:          101944 kB
Cached:          1196972 kB
MemTotal:        1844596 kB
MemFree:          167964 kB
MemAvailable:    1448220 kB
Buffers:          101944 kB
Cached:          1196972 kB
MemTotal:        1844596 kB
MemFree:          167684 kB
MemAvailable:    1447940 kB
Buffers:          101944 kB
Cached:          1196972 kB
MemTotal:        1844596 kB
MemFree:          166848 kB
MemAvailable:    1447104 kB
Buffers:          101944 kB
Cached:          1196972 kB
MemTotal:        1844596 kB
MemFree:          167956 kB
MemAvailable:    1448212 kB
Buffers:          101944 kB
Cached:          1196972 kB
MemTotal:        1844596 kB
MemFree:          167844 kB
MemAvailable:    1448100 kB
Buffers:          101944 kB
Cached:          1196972 kB
MemTotal:        1844596 kB
MemFree:          167248 kB
MemAvailable:    1447504 kB
Buffers:          101944 kB
Cached:          1196972 kB
MemTotal:        1844596 kB
MemFree:          167720 kB
MemAvailable:    1447976 kB
Buffers:          101944 kB
Cached:          1196972 kB
MemTotal:        1844596 kB
MemFree:          167888 kB
MemAvailable:    1448144 kB
Buffers:          101944 kB
Cached:          1196972 kB
MemTotal:        1844596 kB
MemFree:          167972 kB
MemAvailable:    1448228 kB
Buffers:          101944 kB
Cached:          1196972 kB
MemTotal:        1844596 kB
MemFree:          167828 kB
MemAvailable:    1448084 kB
Buffers:          101944 kB
Cached:          1196972 kB
MemTotal:        1844596 kB
MemFree:          167828 kB
MemAvailable:    1448084 kB
Buffers:          101944 kB
Cached:          1196972 kB
MemTotal:        1844596 kB
MemFree:          168032 kB
MemAvailable:    1448288 kB
Buffers:          101944 kB
Cached:          1196972 kB
MemTotal:        1844596 kB
MemFree:          166848 kB
MemAvailable:    1447104 kB
Buffers:          101944 kB
Cached:          1196972 kB
MemTotal:        1844596 kB
MemFree:          167792 kB
MemAvailable:    1448048 kB
Buffers:          101944 kB
Cached:          1196972 kB
MemTotal:        1844596 kB
MemFree:          168044 kB
MemAvailable:    1448300 kB
Buffers:          101944 kB
Cached:          1196972 kB
MemTotal:        1844596 kB
MemFree:          167984 kB
MemAvailable:    1448240 kB
Buffers:          101944 kB
Cached:          1196972 kB
MemTotal:        1844596 kB
MemFree:          166696 kB
MemAvailable:    1446952 kB
Buffers:          101944 kB
Cached:          1196972 kB
MemTotal:        1844596 kB
MemFree:          167932 kB
MemAvailable:    1448188 kB
Buffers:          101944 kB
Cached:          1196972 kB
MemTotal:        1844596 kB
MemFree:          166808 kB
MemAvailable:    1447064 kB
Buffers:          101944 kB
Cached:          1196972 kB
MemTotal:        1844596 kB
MemFree:          166736 kB
MemAvailable:    1446992 kB
Buffers:          101944 kB
Cached:          1196972 kB
MemTotal:        1844596 kB
MemFree:          166132 kB
MemAvailable:    1446388 kB
Buffers:          101944 kB
Cached:          1196972 kB
MemTotal:        1844596 kB
MemFree:          165124 kB
MemAvailable:    1445380 kB
Buffers:          101944 kB
Cached:          1196972 kB
MemTotal:        1844596 kB
MemFree:          165248 kB
MemAvailable:    1445504 kB
Buffers:          101944 kB
Cached:          1196972 kB
MemTotal:        1844596 kB
MemFree:          165316 kB
MemAvailable:    1445572 kB
Buffers:          101944 kB
Cached:          1196972 kB
MemTotal:        1844596 kB
MemFree:          163768 kB
MemAvailable:    1444024 kB
Buffers:          101944 kB
Cached:          1196972 kB
MemTotal:        1844596 kB
MemFree:          159784 kB
MemAvailable:    1440040 kB
Buffers:          101944 kB
Cached:          1196972 kB
MemTotal:        1844596 kB
MemFree:          159996 kB
MemAvailable:    1440252 kB
Buffers:          101944 kB
Cached:          1196972 kB
MemTotal:        1844596 kB
MemFree:          154452 kB
MemAvailable:    1434708 kB
Buffers:          101944 kB
Cached:          1196972 kB
MemTotal:        1844596 kB
MemFree:          154096 kB
MemAvailable:    1434352 kB
Buffers:          101944 kB
Cached:          1196972 kB
MemTotal:        1844596 kB
MemFree:          149624 kB
MemAvailable:    1429880 kB
Buffers:          101944 kB
Cached:          1196972 kB
MemTotal:        1844596 kB
MemFree:          149960 kB
MemAvailable:    1430216 kB
Buffers:          101944 kB
Cached:          1196972 kB
MemTotal:        1844596 kB
MemFree:          149492 kB
MemAvailable:    1429748 kB
Buffers:          101944 kB
Cached:          1196972 kB
MemTotal:        1844596 kB
MemFree:          149744 kB
MemAvailable:    1430000 kB
Buffers:          101944 kB
Cached:          1196972 kB
MemTotal:        1844596 kB
MemFree:          149396 kB
MemAvailable:    1429652 kB
Buffers:          101944 kB
Cached:          1196972 kB
MemTotal:        1844596 kB
MemFree:          149516 kB
MemAvailable:    1429772 kB
Buffers:          101944 kB
Cached:          1196972 kB
MemTotal:        1844596 kB
MemFree:          149112 kB
MemAvailable:    1429376 kB
Buffers:          101944 kB
Cached:          1196980 kB
MemTotal:        1844596 kB
MemFree:          149260 kB
MemAvailable:    1429524 kB
Buffers:          101944 kB
Cached:          1196980 kB
MemTotal:        1844596 kB
MemFree:          147980 kB
MemAvailable:    1428244 kB
Buffers:          101944 kB
Cached:          1196980 kB
MemTotal:        1844596 kB
MemFree:          147980 kB
MemAvailable:    1428244 kB
Buffers:          101944 kB
Cached:          1196980 kB
MemTotal:        1844596 kB
MemFree:          149196 kB
MemAvailable:    1429460 kB
Buffers:          101944 kB
Cached:          1196980 kB
MemTotal:        1844596 kB
MemFree:          147880 kB
MemAvailable:    1428144 kB
Buffers:          101944 kB
Cached:          1196980 kB
MemTotal:        1844596 kB
MemFree:          147972 kB
MemAvailable:    1428236 kB
Buffers:          101944 kB
Cached:          1196980 kB
MemTotal:        1844596 kB
MemFree:          149212 kB
MemAvailable:    1429476 kB
Buffers:          101944 kB
Cached:          1196980 kB
MemTotal:        1844596 kB
MemFree:          147524 kB
MemAvailable:    1427788 kB
Buffers:          101944 kB
Cached:          1196980 kB
MemTotal:        1844596 kB
MemFree:          148376 kB
MemAvailable:    1428640 kB
Buffers:          101944 kB
Cached:          1196980 kB
MemTotal:        1844596 kB
MemFree:          148268 kB
MemAvailable:    1428532 kB
Buffers:          101944 kB
Cached:          1196980 kB
MemTotal:        1844596 kB
MemFree:          148248 kB
MemAvailable:    1428512 kB
Buffers:          101944 kB
Cached:          1196980 kB
MemTotal:        1844596 kB
MemFree:          148504 kB
MemAvailable:    1428768 kB
Buffers:          101944 kB
Cached:          1196980 kB
MemTotal:        1844596 kB
MemFree:          148360 kB
MemAvailable:    1428624 kB
Buffers:          101944 kB
Cached:          1196980 kB
MemTotal:        1844596 kB
MemFree:          148588 kB
MemAvailable:    1428852 kB
Buffers:          101944 kB
Cached:          1196980 kB
MemTotal:        1844596 kB
MemFree:          148336 kB
MemAvailable:    1428600 kB
Buffers:          101944 kB
Cached:          1196980 kB
MemTotal:        1844596 kB
MemFree:          148392 kB
MemAvailable:    1428656 kB
Buffers:          101944 kB
Cached:          1196980 kB
MemTotal:        1844596 kB
MemFree:          147656 kB
MemAvailable:    1427920 kB
Buffers:          101944 kB
Cached:          1196980 kB
MemTotal:        1844596 kB
MemFree:          148252 kB
MemAvailable:    1428516 kB
Buffers:          101944 kB
Cached:          1196980 kB
MemTotal:        1844596 kB
MemFree:          148588 kB
MemAvailable:    1428852 kB
Buffers:          101944 kB
Cached:          1196980 kB
MemTotal:        1844596 kB
MemFree:          147096 kB
MemAvailable:    1427360 kB
Buffers:          101944 kB
Cached:          1196980 kB
MemTotal:        1844596 kB
MemFree:          148336 kB
MemAvailable:    1428600 kB
Buffers:          101944 kB
Cached:          1196980 kB
MemTotal:        1844596 kB
MemFree:          148192 kB
MemAvailable:    1428456 kB
Buffers:          101944 kB
Cached:          1196980 kB
MemTotal:        1844596 kB
MemFree:          148192 kB
MemAvailable:    1428456 kB
Buffers:          101944 kB
Cached:          1196980 kB
MemTotal:        1844596 kB
MemFree:          148300 kB
MemAvailable:    1428564 kB
Buffers:          101944 kB
Cached:          1196980 kB
MemTotal:        1844596 kB
MemFree:          148168 kB
MemAvailable:    1428432 kB
Buffers:          101944 kB
Cached:          1196980 kB
MemTotal:        1844596 kB
MemFree:          146984 kB
MemAvailable:    1427248 kB
Buffers:          101944 kB
Cached:          1196980 kB
MemTotal:        1844596 kB
MemFree:          146992 kB
MemAvailable:    1427256 kB
Buffers:          101944 kB
Cached:          1196980 kB
MemTotal:        1844596 kB
MemFree:          147276 kB
MemAvailable:    1427540 kB
Buffers:          101944 kB
Cached:          1196980 kB
MemTotal:        1844596 kB
MemFree:          142936 kB
MemAvailable:    1423200 kB
Buffers:          101944 kB
Cached:          1196980 kB
MemTotal:        1844596 kB
MemFree:          140704 kB
MemAvailable:    1420968 kB
Buffers:          101944 kB
Cached:          1196980 kB
MemTotal:        1844596 kB
MemFree:          136224 kB
MemAvailable:    1416488 kB
Buffers:          101944 kB
Cached:          1196980 kB
MemTotal:        1844596 kB
MemFree:          136116 kB
MemAvailable:    1416380 kB
Buffers:          101944 kB
Cached:          1196980 kB
MemTotal:        1844596 kB
MemFree:          131272 kB
MemAvailable:    1411536 kB
Buffers:          101944 kB
Cached:          1196980 kB
MemTotal:        1844596 kB
MemFree:          131360 kB
MemAvailable:    1411624 kB
Buffers:          101944 kB
Cached:          1196980 kB
MemTotal:        1844596 kB
MemFree:          130344 kB
MemAvailable:    1410608 kB
Buffers:          101944 kB
Cached:          1196980 kB
MemTotal:        1844596 kB
MemFree:          130036 kB
MemAvailable:    1410300 kB
Buffers:          101944 kB
Cached:          1196980 kB
MemTotal:        1844596 kB
MemFree:          128728 kB
MemAvailable:    1408992 kB
Buffers:          101944 kB
Cached:          1196980 kB
MemTotal:        1844596 kB
MemFree:          130204 kB
MemAvailable:    1410468 kB
Buffers:          101944 kB
Cached:          1196980 kB
MemTotal:        1844596 kB
MemFree:          128648 kB
MemAvailable:    1408912 kB
Buffers:          101944 kB
Cached:          1196980 kB
MemTotal:        1844596 kB
MemFree:          129964 kB
MemAvailable:    1410228 kB
Buffers:          101944 kB
Cached:          1196980 kB
MemTotal:        1844596 kB
MemFree:          129964 kB
MemAvailable:    1410228 kB
Buffers:          101944 kB
Cached:          1196980 kB
MemTotal:        1844596 kB
MemFree:          130044 kB
MemAvailable:    1410308 kB
Buffers:          101944 kB
Cached:          1196980 kB
MemTotal:        1844596 kB
MemFree:          130172 kB
MemAvailable:    1410436 kB
Buffers:          101944 kB
Cached:          1196980 kB
MemTotal:        1844596 kB
MemFree:          129296 kB
MemAvailable:    1409560 kB
Buffers:          101944 kB
Cached:          1196980 kB
MemTotal:        1844596 kB
MemFree:          129980 kB
MemAvailable:    1410244 kB
Buffers:          101944 kB
Cached:          1196980 kB
MemTotal:        1844596 kB
MemFree:          130236 kB
MemAvailable:    1410500 kB
Buffers:          101944 kB
Cached:          1196980 kB
MemTotal:        1844596 kB
MemFree:          128864 kB
MemAvailable:    1409128 kB
Buffers:          101944 kB
Cached:          1196980 kB
MemTotal:        1844596 kB
MemFree:          130272 kB
MemAvailable:    1410536 kB
Buffers:          101944 kB
Cached:          1196980 kB
MemTotal:        1844596 kB
MemFree:          130036 kB
MemAvailable:    1410300 kB
Buffers:          101944 kB
Cached:          1196980 kB
MemTotal:        1844596 kB
MemFree:          130072 kB
MemAvailable:    1410336 kB
Buffers:          101944 kB
Cached:          1196980 kB
MemTotal:        1844596 kB
MemFree:          130100 kB
MemAvailable:    1410364 kB
Buffers:          101944 kB
Cached:          1196980 kB
MemTotal:        1844596 kB
MemFree:          129900 kB
MemAvailable:    1410164 kB
Buffers:          101944 kB
Cached:          1196980 kB
MemTotal:        1844596 kB
MemFree:          130236 kB
MemAvailable:    1410500 kB
Buffers:          101944 kB
Cached:          1196980 kB
MemTotal:        1844596 kB
MemFree:          128752 kB
MemAvailable:    1409016 kB
Buffers:          101944 kB
Cached:          1196980 kB
MemTotal:        1844596 kB
MemFree:          130100 kB
MemAvailable:    1410364 kB
Buffers:          101944 kB
Cached:          1196980 kB
MemTotal:        1844596 kB
MemFree:          129296 kB
MemAvailable:    1409560 kB
Buffers:          101944 kB
Cached:          1196980 kB
MemTotal:        1844596 kB
MemFree:          130472 kB
MemAvailable:    1410740 kB
Buffers:          101944 kB
Cached:          1196984 kB
MemTotal:        1844596 kB
MemFree:          129040 kB
MemAvailable:    1409308 kB
Buffers:          101944 kB
Cached:          1196984 kB
MemTotal:        1844596 kB
MemFree:          130084 kB
MemAvailable:    1410352 kB
Buffers:          101944 kB
Cached:          1196984 kB
MemTotal:        1844596 kB
MemFree:          129180 kB
MemAvailable:    1409448 kB
Buffers:          101944 kB
Cached:          1196984 kB
MemTotal:        1844596 kB
MemFree:          129900 kB
MemAvailable:    1410168 kB
Buffers:          101944 kB
Cached:          1196984 kB
MemTotal:        1844596 kB
MemFree:          130236 kB
MemAvailable:    1410504 kB
Buffers:          101944 kB
Cached:          1196984 kB
MemTotal:        1844596 kB
MemFree:          128916 kB
MemAvailable:    1409184 kB
Buffers:          101944 kB
Cached:          1196984 kB
MemTotal:        1844596 kB
MemFree:          129984 kB
MemAvailable:    1410252 kB
Buffers:          101944 kB
Cached:          1196984 kB
MemTotal:        1844596 kB
MemFree:          129924 kB
MemAvailable:    1410192 kB
Buffers:          101944 kB
Cached:          1196984 kB
MemTotal:        1844596 kB
MemFree:          129908 kB
MemAvailable:    1410176 kB
Buffers:          101944 kB
Cached:          1196984 kB
MemTotal:        1844596 kB
MemFree:          129992 kB
MemAvailable:    1410260 kB
Buffers:          101944 kB
Cached:          1196984 kB
MemTotal:        1844596 kB
MemFree:          128744 kB
MemAvailable:    1409012 kB
Buffers:          101944 kB
Cached:          1196984 kB
MemTotal:        1844596 kB
MemFree:          128868 kB
MemAvailable:    1409136 kB
Buffers:          101944 kB
Cached:          1196984 kB
MemTotal:        1844596 kB
MemFree:          127624 kB
MemAvailable:    1407892 kB
Buffers:          101944 kB
Cached:          1196984 kB
MemTotal:        1844596 kB
MemFree:          124284 kB
MemAvailable:    1404552 kB
Buffers:          101944 kB
Cached:          1196984 kB
MemTotal:        1844596 kB
MemFree:          121732 kB
MemAvailable:    1402004 kB
Buffers:          101944 kB
Cached:          1196988 kB
MemTotal:        1844596 kB
MemFree:          118508 kB
MemAvailable:    1398780 kB
Buffers:          101944 kB
Cached:          1196988 kB
MemTotal:        1844596 kB
MemFree:          116248 kB
MemAvailable:    1396524 kB
Buffers:          101944 kB
Cached:          1196992 kB
MemTotal:        1844596 kB
MemFree:          112928 kB
MemAvailable:    1393204 kB
Buffers:          101944 kB
Cached:          1196992 kB
MemTotal:        1844596 kB
MemFree:          112888 kB
MemAvailable:    1393164 kB
Buffers:          101944 kB
Cached:          1196992 kB
MemTotal:        1844596 kB
MemFree:          112664 kB
MemAvailable:    1392940 kB
Buffers:          101944 kB
Cached:          1196992 kB
MemTotal:        1844596 kB
MemFree:          112804 kB
MemAvailable:    1393080 kB
Buffers:          101944 kB
Cached:          1196992 kB
MemTotal:        1844596 kB
MemFree:          112552 kB
MemAvailable:    1392828 kB
Buffers:          101944 kB
Cached:          1196992 kB
MemTotal:        1844596 kB
MemFree:          111996 kB
MemAvailable:    1392272 kB
Buffers:          101944 kB
Cached:          1196992 kB
MemTotal:        1844596 kB
MemFree:          110696 kB
MemAvailable:    1390972 kB
Buffers:          101944 kB
Cached:          1196992 kB
MemTotal:        1844596 kB
MemFree:          110256 kB
MemAvailable:    1390532 kB
Buffers:          101944 kB
Cached:          1196992 kB
MemTotal:        1844596 kB
MemFree:          111704 kB
MemAvailable:    1391980 kB
Buffers:          101944 kB
Cached:          1196992 kB
MemTotal:        1844596 kB
MemFree:          111624 kB
MemAvailable:    1391900 kB
Buffers:          101944 kB
Cached:          1196992 kB
MemTotal:        1844596 kB
MemFree:          110572 kB
MemAvailable:    1390848 kB
Buffers:          101944 kB
Cached:          1196992 kB
MemTotal:        1844596 kB
MemFree:          111556 kB
MemAvailable:    1391832 kB
Buffers:          101944 kB
Cached:          1196992 kB
MemTotal:        1844596 kB
MemFree:          111632 kB
MemAvailable:    1391908 kB
Buffers:          101944 kB
Cached:          1196992 kB
MemTotal:        1844596 kB
MemFree:          111440 kB
MemAvailable:    1391716 kB
Buffers:          101944 kB
Cached:          1196992 kB
MemTotal:        1844596 kB
MemFree:          110192 kB
MemAvailable:    1390468 kB
Buffers:          101944 kB
Cached:          1196992 kB
MemTotal:        1844596 kB
MemFree:          110564 kB
MemAvailable:    1390840 kB
Buffers:          101944 kB
Cached:          1196992 kB
MemTotal:        1844596 kB
MemFree:          110648 kB
MemAvailable:    1390924 kB
Buffers:          101944 kB
Cached:          1196992 kB
MemTotal:        1844596 kB
MemFree:          109076 kB
MemAvailable:    1389352 kB
Buffers:          101944 kB
Cached:          1196992 kB
MemTotal:        1844596 kB
MemFree:          109564 kB
MemAvailable:    1389840 kB
Buffers:          101944 kB
Cached:          1196992 kB
MemTotal:        1844596 kB
MemFree:          109564 kB
MemAvailable:    1389840 kB
Buffers:          101944 kB
Cached:          1196992 kB
MemTotal:        1844596 kB
MemFree:          108960 kB
MemAvailable:    1389236 kB
Buffers:          101944 kB
Cached:          1196992 kB
MemTotal:        1844596 kB
MemFree:          107712 kB
MemAvailable:    1387988 kB
Buffers:          101944 kB
Cached:          1196992 kB
MemTotal:        1844596 kB
MemFree:          107960 kB
MemAvailable:    1388236 kB
Buffers:          101944 kB
Cached:          1196992 kB
MemTotal:        1844596 kB
MemFree:          108044 kB
MemAvailable:    1388320 kB
Buffers:          101944 kB
Cached:          1196992 kB
MemTotal:        1844596 kB
MemFree:          106108 kB
MemAvailable:    1386384 kB
Buffers:          101944 kB
Cached:          1196992 kB
MemTotal:        1844596 kB
MemFree:          104992 kB
MemAvailable:    1385268 kB
Buffers:          101944 kB
Cached:          1196992 kB
MemTotal:        1844596 kB
MemFree:          104620 kB
MemAvailable:    1384896 kB
Buffers:          101944 kB
Cached:          1196992 kB
MemTotal:        1844596 kB
MemFree:          105796 kB
MemAvailable:    1386072 kB
Buffers:          101944 kB
Cached:          1196992 kB
MemTotal:        1844596 kB
MemFree:          104992 kB
MemAvailable:    1385268 kB
Buffers:          101944 kB
Cached:          1196992 kB
MemTotal:        1844596 kB
MemFree:          104360 kB
MemAvailable:    1384636 kB
Buffers:          101944 kB
Cached:          1196992 kB
MemTotal:        1844596 kB
MemFree:          104228 kB
MemAvailable:    1384504 kB
Buffers:          101944 kB
Cached:          1196992 kB
MemTotal:        1844596 kB
MemFree:          105660 kB
MemAvailable:    1385936 kB
Buffers:          101944 kB
Cached:          1196992 kB
MemTotal:        1844596 kB
MemFree:          104744 kB
MemAvailable:    1385020 kB
Buffers:          101944 kB
Cached:          1196992 kB
MemTotal:        1844596 kB
MemFree:          104984 kB
MemAvailable:    1385260 kB
Buffers:          101944 kB
Cached:          1196992 kB
MemTotal:        1844596 kB
MemFree:          104752 kB
MemAvailable:    1385028 kB
Buffers:          101944 kB
Cached:          1196992 kB
MemTotal:        1844596 kB
MemFree:          104436 kB
MemAvailable:    1384712 kB
Buffers:          101944 kB
Cached:          1196992 kB
MemTotal:        1844596 kB
MemFree:          103992 kB
MemAvailable:    1384268 kB
Buffers:          101944 kB
Cached:          1196992 kB
MemTotal:        1844596 kB
MemFree:          102752 kB
MemAvailable:    1383028 kB
Buffers:          101944 kB
Cached:          1196992 kB
MemTotal:        1844596 kB
MemFree:          103872 kB
MemAvailable:    1384148 kB
Buffers:          101944 kB
Cached:          1196992 kB
MemTotal:        1844596 kB
MemFree:          104000 kB
MemAvailable:    1384276 kB
Buffers:          101944 kB
Cached:          1196992 kB
MemTotal:        1844596 kB
MemFree:          103008 kB
MemAvailable:    1383284 kB
Buffers:          101944 kB
Cached:          1196992 kB
MemTotal:        1844596 kB
MemFree:          103732 kB
MemAvailable:    1384008 kB
Buffers:          101944 kB
Cached:          1196992 kB
MemTotal:        1844596 kB
MemFree:          103988 kB
MemAvailable:    1384264 kB
Buffers:          101944 kB
Cached:          1196992 kB
MemTotal:        1844596 kB
MemFree:          102760 kB
MemAvailable:    1383036 kB
Buffers:          101944 kB
Cached:          1196992 kB
MemTotal:        1844596 kB
MemFree:          103764 kB
MemAvailable:    1384040 kB
Buffers:          101944 kB
Cached:          1196992 kB
MemTotal:        1844596 kB
MemFree:          102760 kB
MemAvailable:    1383036 kB
Buffers:          101944 kB
Cached:          1196992 kB
MemTotal:        1844596 kB
MemFree:          102636 kB
MemAvailable:    1382912 kB
Buffers:          101944 kB
Cached:          1196992 kB
MemTotal:        1844596 kB
MemFree:          103928 kB
MemAvailable:    1384204 kB
Buffers:          101944 kB
Cached:          1196992 kB
MemTotal:        1844596 kB
MemFree:          103868 kB
MemAvailable:    1384144 kB
Buffers:          101944 kB
Cached:          1196992 kB
MemTotal:        1844596 kB
MemFree:          104120 kB
MemAvailable:    1384396 kB
Buffers:          101944 kB
Cached:          1196992 kB
MemTotal:        1844596 kB
MemFree:          103868 kB
MemAvailable:    1384144 kB
Buffers:          101944 kB
Cached:          1196992 kB
MemTotal:        1844596 kB
MemFree:          103884 kB
MemAvailable:    1384160 kB
Buffers:          101944 kB
Cached:          1196992 kB
MemTotal:        1844596 kB
MemFree:          103696 kB
MemAvailable:    1383972 kB
Buffers:          101944 kB
Cached:          1196992 kB
MemTotal:        1844596 kB
MemFree:          103952 kB
MemAvailable:    1384228 kB
Buffers:          101944 kB
Cached:          1196992 kB
MemTotal:        1844596 kB
MemFree:          103808 kB
MemAvailable:    1384084 kB
Buffers:          101944 kB
Cached:          1196992 kB
MemTotal:        1844596 kB
MemFree:          104060 kB
MemAvailable:    1384336 kB
Buffers:          101944 kB
Cached:          1196992 kB
MemTotal:        1844596 kB
MemFree:          103820 kB
MemAvailable:    1384096 kB
Buffers:          101944 kB
Cached:          1196992 kB
MemTotal:        1844596 kB
MemFree:          102740 kB
MemAvailable:    1383016 kB
Buffers:          101944 kB
Cached:          1196992 kB
MemTotal:        1844596 kB
MemFree:          103800 kB
MemAvailable:    1384076 kB
Buffers:          101944 kB
Cached:          1196992 kB
MemTotal:        1844596 kB
MemFree:          104052 kB
MemAvailable:    1384328 kB
Buffers:          101944 kB
Cached:          1196992 kB
MemTotal:        1844596 kB
MemFree:          102580 kB
MemAvailable:    1382856 kB
Buffers:          101944 kB
Cached:          1196992 kB
MemTotal:        1844596 kB
MemFree:          104048 kB
MemAvailable:    1384324 kB
Buffers:          101944 kB
Cached:          1196992 kB
MemTotal:        1844596 kB
MemFree:          103132 kB
MemAvailable:    1383408 kB
Buffers:          101944 kB
Cached:          1196992 kB
MemTotal:        1844596 kB
MemFree:          104344 kB
MemAvailable:    1384620 kB
Buffers:          101944 kB
Cached:          1196992 kB
MemTotal:        1844596 kB
MemFree:          103380 kB
MemAvailable:    1383656 kB
Buffers:          101944 kB
Cached:          1196992 kB
MemTotal:        1844596 kB
MemFree:          103916 kB
MemAvailable:    1384192 kB
Buffers:          101944 kB
Cached:          1196992 kB
MemTotal:        1844596 kB
MemFree:          103936 kB
MemAvailable:    1384212 kB
Buffers:          101944 kB
Cached:          1196992 kB
MemTotal:        1844596 kB
MemFree:          102588 kB
MemAvailable:    1382864 kB
Buffers:          101944 kB
Cached:          1196992 kB
MemTotal:        1844596 kB
MemFree:          102588 kB
MemAvailable:    1382864 kB
Buffers:          101944 kB
Cached:          1196992 kB
MemTotal:        1844596 kB
MemFree:          103988 kB
MemAvailable:    1384264 kB
Buffers:          101944 kB
Cached:          1196992 kB
MemTotal:        1844596 kB
MemFree:          102584 kB
MemAvailable:    1382860 kB
Buffers:          101944 kB
Cached:          1196992 kB
MemTotal:        1844596 kB
MemFree:          104100 kB
MemAvailable:    1384376 kB
Buffers:          101944 kB
Cached:          1196992 kB
MemTotal:        1844596 kB
MemFree:          103132 kB
MemAvailable:    1383408 kB
Buffers:          101944 kB
Cached:          1196992 kB
MemTotal:        1844596 kB
MemFree:          103976 kB
MemAvailable:    1384260 kB
Buffers:          101944 kB
Cached:          1197000 kB
MemTotal:        1844596 kB
MemFree:          104060 kB
MemAvailable:    1384344 kB
Buffers:          101944 kB
Cached:          1197000 kB
MemTotal:        1844596 kB
MemFree:          103856 kB
MemAvailable:    1384140 kB
Buffers:          101944 kB
Cached:          1197000 kB
MemTotal:        1844596 kB
MemFree:          104008 kB
MemAvailable:    1384292 kB
Buffers:          101944 kB
Cached:          1197000 kB
MemTotal:        1844596 kB
MemFree:          103868 kB
MemAvailable:    1384152 kB
Buffers:          101944 kB
Cached:          1197000 kB
MemTotal:        1844596 kB
MemFree:          103884 kB
MemAvailable:    1384168 kB
Buffers:          101944 kB
Cached:          1197000 kB
MemTotal:        1844596 kB
MemFree:          103928 kB
MemAvailable:    1384216 kB
Buffers:          101944 kB
Cached:          1197004 kB
MemTotal:        1844596 kB
MemFree:          102580 kB
MemAvailable:    1382868 kB
Buffers:          101944 kB
Cached:          1197004 kB
MemTotal:        1844596 kB
MemFree:           99924 kB
MemAvailable:    1380212 kB
Buffers:          101944 kB
Cached:          1197004 kB
MemTotal:        1844596 kB
MemFree:           97056 kB
MemAvailable:    1377344 kB
Buffers:          101944 kB
Cached:          1197004 kB
MemTotal:        1844596 kB
MemFree:           97056 kB
MemAvailable:    1377344 kB
Buffers:          101944 kB
Cached:          1197004 kB
MemTotal:        1844596 kB
MemFree:           92220 kB
MemAvailable:    1372508 kB
Buffers:          101944 kB
Cached:          1197004 kB
MemTotal:        1844596 kB
MemFree:           91864 kB
MemAvailable:    1372152 kB
Buffers:          101944 kB
Cached:          1197004 kB
MemTotal:        1844596 kB
MemFree:           88012 kB
MemAvailable:    1368300 kB
Buffers:          101944 kB
Cached:          1197004 kB
MemTotal:        1844596 kB
MemFree:           84664 kB
MemAvailable:    1364952 kB
Buffers:          101944 kB
Cached:          1197004 kB
MemTotal:        1844596 kB
MemFree:           84724 kB
MemAvailable:    1365012 kB
Buffers:          101944 kB
Cached:          1197004 kB
MemTotal:        1844596 kB
MemFree:           84352 kB
MemAvailable:    1364640 kB
Buffers:          101944 kB
Cached:          1197004 kB
MemTotal:        1844596 kB
MemFree:           84520 kB
MemAvailable:    1364808 kB
Buffers:          101944 kB
Cached:          1197004 kB
MemTotal:        1844596 kB
MemFree:           84264 kB
MemAvailable:    1364552 kB
Buffers:          101944 kB
Cached:          1197004 kB
MemTotal:        1844596 kB
MemFree:           84600 kB
MemAvailable:    1364888 kB
Buffers:          101944 kB
Cached:          1197004 kB
MemTotal:        1844596 kB
MemFree:           84392 kB
MemAvailable:    1364680 kB
Buffers:          101944 kB
Cached:          1197004 kB
MemTotal:        1844596 kB
MemFree:           84392 kB
MemAvailable:    1364680 kB
Buffers:          101944 kB
Cached:          1197004 kB
MemTotal:        1844596 kB
MemFree:           84236 kB
MemAvailable:    1364524 kB
Buffers:          101944 kB
Cached:          1197004 kB
MemTotal:        1844596 kB
MemFree:           84492 kB
MemAvailable:    1364780 kB
Buffers:          101944 kB
Cached:          1197004 kB
MemTotal:        1844596 kB
MemFree:           82996 kB
MemAvailable:    1363284 kB
Buffers:          101944 kB
Cached:          1197004 kB
MemTotal:        1844596 kB
MemFree:           84412 kB
MemAvailable:    1364700 kB
Buffers:          101944 kB
Cached:          1197004 kB
MemTotal:        1844596 kB
MemFree:           83556 kB
MemAvailable:    1363844 kB
Buffers:          101944 kB
Cached:          1197004 kB
MemTotal:        1844596 kB
MemFree:           84276 kB
MemAvailable:    1364564 kB
Buffers:          101944 kB
Cached:          1197004 kB
MemTotal:        1844596 kB
MemFree:           84276 kB
MemAvailable:    1364564 kB
Buffers:          101944 kB
Cached:          1197004 kB
MemTotal:        1844596 kB
MemFree:           84336 kB
MemAvailable:    1364624 kB
Buffers:          101944 kB
Cached:          1197004 kB
MemTotal:        1844596 kB
MemFree:           84080 kB
MemAvailable:    1364368 kB
Buffers:          101944 kB
Cached:          1197004 kB
MemTotal:        1844596 kB
MemFree:           84008 kB
MemAvailable:    1364296 kB
Buffers:          101944 kB
Cached:          1197004 kB
MemTotal:        1844596 kB
MemFree:           84176 kB
MemAvailable:    1364464 kB
Buffers:          101944 kB
Cached:          1197004 kB
MemTotal:        1844596 kB
MemFree:           84028 kB
MemAvailable:    1364316 kB
Buffers:          101944 kB
Cached:          1197004 kB
MemTotal:        1844596 kB
MemFree:           84280 kB
MemAvailable:    1364568 kB
Buffers:          101944 kB
Cached:          1197004 kB
MemTotal:        1844596 kB
MemFree:           82748 kB
MemAvailable:    1363036 kB
Buffers:          101944 kB
Cached:          1197004 kB
MemTotal:        1844596 kB
MemFree:           83960 kB
MemAvailable:    1364248 kB
Buffers:          101944 kB
Cached:          1197004 kB
MemTotal:        1844596 kB
MemFree:           83968 kB
MemAvailable:    1364256 kB
Buffers:          101944 kB
Cached:          1197004 kB
MemTotal:        1844596 kB
MemFree:           83968 kB
MemAvailable:    1364256 kB
Buffers:          101948 kB
Cached:          1197000 kB
MemTotal:        1844596 kB
MemFree:           83796 kB
MemAvailable:    1364084 kB
Buffers:          101948 kB
Cached:          1197000 kB
MemTotal:        1844596 kB
MemFree:           83160 kB
MemAvailable:    1363448 kB
Buffers:          101948 kB
Cached:          1197000 kB
MemTotal:        1844596 kB
MemFree:           83160 kB
MemAvailable:    1363448 kB
Buffers:          101948 kB
Cached:          1197000 kB
MemTotal:        1844596 kB
MemFree:           77464 kB
MemAvailable:    1357752 kB
Buffers:          101948 kB
Cached:          1197000 kB
MemTotal:        1844596 kB
MemFree:           76984 kB
MemAvailable:    1357272 kB
Buffers:          101948 kB
Cached:          1197000 kB
MemTotal:        1844596 kB
MemFree:           74904 kB
MemAvailable:    1355192 kB
Buffers:          101948 kB
Cached:          1197000 kB
MemTotal:        1844596 kB
MemFree:           74556 kB
MemAvailable:    1354844 kB
Buffers:          101948 kB
Cached:          1197000 kB
MemTotal:        1844596 kB
MemFree:           74232 kB
MemAvailable:    1354520 kB
Buffers:          101948 kB
Cached:          1197000 kB
MemTotal:        1844596 kB
MemFree:           74488 kB
MemAvailable:    1354776 kB
Buffers:          101948 kB
Cached:          1197000 kB
MemTotal:        1844596 kB
MemFree:           72124 kB
MemAvailable:    1352412 kB
Buffers:          101948 kB
Cached:          1197000 kB
MemTotal:        1844596 kB
MemFree:           72140 kB
MemAvailable:    1352428 kB
Buffers:          101948 kB
Cached:          1197000 kB
MemTotal:        1844596 kB
MemFree:           72084 kB
MemAvailable:    1352372 kB
Buffers:          101948 kB
Cached:          1197000 kB
MemTotal:        1844596 kB
MemFree:           72176 kB
MemAvailable:    1352464 kB
Buffers:          101948 kB
Cached:          1197000 kB
MemTotal:        1844596 kB
MemFree:           70404 kB
MemAvailable:    1350692 kB
Buffers:          101948 kB
Cached:          1197000 kB
MemTotal:        1844596 kB
MemFree:           70528 kB
MemAvailable:    1350816 kB
Buffers:          101948 kB
Cached:          1197000 kB
MemTotal:        1844596 kB
MemFree:           71580 kB
MemAvailable:    1351868 kB
Buffers:          101948 kB
Cached:          1197124 kB
MemTotal:        1844596 kB
MemFree:           70032 kB
MemAvailable:    1350488 kB
Buffers:          101948 kB
Cached:          1197248 kB
MemTotal:        1844596 kB
MemFree:           69908 kB
MemAvailable:    1350532 kB
Buffers:          101948 kB
Cached:          1197372 kB
MemTotal:        1844596 kB
MemFree:           69900 kB
MemAvailable:    1350524 kB
Buffers:          101948 kB
Cached:          1197372 kB
MemTotal:        1844596 kB
MemFree:           70644 kB
MemAvailable:    1351520 kB
Buffers:          101948 kB
Cached:          1197620 kB
MemTotal:        1844596 kB
MemFree:           70536 kB
MemAvailable:    1351412 kB
Buffers:          101948 kB
Cached:          1197620 kB
MemTotal:        1844596 kB
MemFree:           70644 kB
MemAvailable:    1351520 kB
Buffers:          101948 kB
Cached:          1197620 kB
MemTotal:        1844596 kB
MemFree:           70896 kB
MemAvailable:    1351772 kB
Buffers:          101948 kB
Cached:          1197620 kB
MemTotal:        1844596 kB
MemFree:           70632 kB
MemAvailable:    1351592 kB
Buffers:          101948 kB
Cached:          1197620 kB
MemTotal:        1844596 kB
MemFree:           70464 kB
MemAvailable:    1351424 kB
Buffers:          101948 kB
Cached:          1197620 kB
MemTotal:        1844596 kB
MemFree:           70776 kB
MemAvailable:    1351736 kB
Buffers:          101948 kB
Cached:          1197620 kB
MemTotal:        1844596 kB
MemFree:           69412 kB
MemAvailable:    1350372 kB
Buffers:          101948 kB
Cached:          1197620 kB
MemTotal:        1844596 kB
MemFree:           70472 kB
MemAvailable:    1351432 kB
Buffers:          101948 kB
Cached:          1197620 kB
MemTotal:        1844596 kB
MemFree:           70472 kB
MemAvailable:    1351432 kB
Buffers:          101948 kB
Cached:          1197620 kB
MemTotal:        1844596 kB
MemFree:           69776 kB
MemAvailable:    1350148 kB
Buffers:          101948 kB
Cached:          1196988 kB
MemTotal:        1844596 kB
MemFree:           69864 kB
MemAvailable:    1350236 kB
Buffers:          101948 kB
Cached:          1196988 kB
MemTotal:        1844596 kB
MemFree:          146300 kB
MemAvailable:    1426756 kB
Buffers:          101948 kB
Cached:          1196988 kB
MemTotal:        1844596 kB
MemFree:          266092 kB
MemAvailable:    1546464 kB
Buffers:          101948 kB
Cached:          1196988 kB
