MemTotal:        1844596 kB
MemFree:          665672 kB
MemAvailable:    1545444 kB
Buffers:           90192 kB
Cached:           812032 kB
MemTotal:        1844596 kB
MemFree:          637036 kB
MemAvailable:    1516812 kB
Buffers:           90192 kB
Cached:           812036 kB
MemTotal:        1844596 kB
MemFree:          636540 kB
MemAvailable:    1516316 kB
Buffers:           90192 kB
Cached:           812036 kB
MemTotal:        1844596 kB
MemFree:          636060 kB
MemAvailable:    1515836 kB
Buffers:           90192 kB
Cached:           812036 kB
MemTotal:        1844596 kB
MemFree:          634748 kB
MemAvailable:    1514524 kB
Buffers:           90192 kB
Cached:           812036 kB
MemTotal:        1844596 kB
MemFree:          634624 kB
MemAvailable:    1514400 kB
Buffers:           90192 kB
Cached:           812036 kB
MemTotal:        1844596 kB
MemFree:          633444 kB
MemAvailable:    1513220 kB
Buffers:           90192 kB
Cached:           812036 kB
MemTotal:        1844596 kB
MemFree:          631780 kB
MemAvailable:    1511556 kB
Buffers:           90192 kB
Cached:           812036 kB
MemTotal:        1844596 kB
MemFree:          628248 kB
MemAvailable:    1508024 kB
Buffers:           90192 kB
Cached:           812036 kB
MemTotal:        1844596 kB
MemFree:          626388 kB
MemAvailable:    1506164 kB
Buffers:           90192 kB
Cached:           812036 kB
MemTotal:        1844596 kB
MemFree:          625620 kB
MemAvailable:    1505396 kB
Buffers:           90192 kB
Cached:           812036 kB
MemTotal:        1844596 kB
MemFree:          626040 kB
MemAvailable:    1505816 kB
Buffers:           90192 kB
Cached:           812036 kB
MemTotal:        1844596 kB
MemFree:          624720 kB
MemAvailable:    1504496 kB
Buffers:           90192 kB
Cached:           812036 kB
MemTotal:        1844596 kB
MemFree:          624836 kB
MemAvailable:    1504612 kB
Buffers:           90192 kB
Cached:           812036 kB
MemTotal:        1844596 kB
MemFree:          624652 kB
MemAvailable:    1504428 kB
Buffers:           90192 kB
Cached:           812036 kB
MemTotal:        1844596 kB
MemFree:          624776 kB
MemAvailable:    1504552 kB
Buffers:           90192 kB
Cached:           812036 kB
MemTotal:        1844596 kB
MemFree:          624652 kB
MemAvailable:    1504428 kB
Buffers:           90192 kB
Cached:           812036 kB
MemTotal:        1844596 kB
MemFree:          625828 kB
MemAvailable:    1505604 kB
Buffers:           90192 kB
Cached:           812036 kB
MemTotal:        1844596 kB
MemFree:          624520 kB
MemAvailable:    1504296 kB
Buffers:           90192 kB
Cached:           812036 kB
MemTotal:        1844596 kB
MemFree:          625504 kB
MemAvailable:    1505280 kB
Buffers:           90192 kB
Cached:           812036 kB
MemTotal:        1844596 kB
MemFree:          625396 kB
MemAvailable:    1505172 kB
Buffers:           90192 kB
Cached:           812036 kB
MemTotal:        1844596 kB
MemFree:          625216 kB
MemAvailable:    1504992 kB
Buffers:           90192 kB
Cached:           812036 kB
MemTotal:        1844596 kB
MemFree:          624100 kB
MemAvailable:    1503876 kB
Buffers:           90192 kB
Cached:           812036 kB
MemTotal:        1844596 kB
MemFree:          624644 kB
MemAvailable:    1504420 kB
Buffers:           90192 kB
Cached:           812036 kB
MemTotal:        1844596 kB
MemFree:          624728 kB
MemAvailable:    1504504 kB
Buffers:           90192 kB
Cached:           812036 kB
MemTotal:        1844596 kB
MemFree:          623108 kB
MemAvailable:    1502884 kB
Buffers:           90192 kB
Cached:           812036 kB
MemTotal:        1844596 kB
MemFree:          623108 kB
MemAvailable:    1502884 kB
Buffers:           90192 kB
Cached:           812036 kB
MemTotal:        1844596 kB
MemFree:          623960 kB
MemAvailable:    1503736 kB
Buffers:           90192 kB
Cached:           812036 kB
MemTotal:        1844596 kB
MemFree:          622296 kB
MemAvailable:    1502072 kB
Buffers:           90192 kB
Cached:           812036 kB
MemTotal:        1844596 kB
MemFree:          623520 kB
MemAvailable:    1503296 kB
Buffers:           90192 kB
Cached:           812036 kB
MemTotal:        1844596 kB
MemFree:          621800 kB
MemAvailable:    1501576 kB
Buffers:           90192 kB
Cached:           812036 kB
MemTotal:        1844596 kB
MemFree:          623032 kB
MemAvailable:    1502808 kB
Buffers:           90192 kB
Cached:           812036 kB
MemTotal:        1844596 kB
MemFree:          622900 kB
MemAvailable:    1502676 kB
Buffers:           90192 kB
Cached:           812036 kB
MemTotal:        1844596 kB
MemFree:          622916 kB
MemAvailable:    1502692 kB
Buffers:           90192 kB
Cached:           812036 kB
MemTotal:        1844596 kB
MemFree:          621744 kB
MemAvailable:    1501524 kB
Buffers:           90192 kB
Cached:           812036 kB
MemTotal:        1844596 kB
MemFree:          621744 kB
MemAvailable:    1501524 kB
Buffers:           90192 kB
Cached:           812036 kB
MemTotal:        1844596 kB
MemFree:          622860 kB
MemAvailable:    1502644 kB
Buffers:           90192 kB
Cached:           812040 kB
MemTotal:        1844596 kB
MemFree:          623112 kB
MemAvailable:    1502896 kB
Buffers:           90192 kB
Cached:           812040 kB
MemTotal:        1844596 kB
MemFree:          622744 kB
MemAvailable:    1502528 kB
Buffers:           90192 kB
Cached:           812040 kB
MemTotal:        1844596 kB
MemFree:          618948 kB
MemAvailable:    1498732 kB
Buffers:           90192 kB
Cached:           812040 kB
MemTotal:        1844596 kB
MemFree:          617692 kB
MemAvailable:    1497476 kB
Buffers:           90192 kB
Cached:           812040 kB
MemTotal:        1844596 kB
MemFree:          617336 kB
MemAvailable:    1497120 kB
Buffers:           90192 kB
Cached:           812040 kB
MemTotal:        1844596 kB
MemFree:          617444 kB
MemAvailable:    1497228 kB
Buffers:           90192 kB
Cached:           812040 kB
MemTotal:        1844596 kB
MemFree:          617444 kB
MemAvailable:    1497228 kB
Buffers:           90192 kB
Cached:           812040 kB
MemTotal:        1844596 kB
MemFree:          617628 kB
MemAvailable:    1497412 kB
Buffers:           90192 kB
Cached:           812040 kB
MemTotal:        1844596 kB
MemFree:          616476 kB
MemAvailable:    1496260 kB
Buffers:           90192 kB
Cached:           812040 kB
MemTotal:        1844596 kB
MemFree:          617320 kB
MemAvailable:    1497104 kB
Buffers:           90192 kB
Cached:           812040 kB
MemTotal:        1844596 kB
MemFree:          617572 kB
MemAvailable:    1497356 kB
Buffers:           90192 kB
Cached:           812040 kB
MemTotal:        1844596 kB
MemFree:          617328 kB
MemAvailable:    1497112 kB
Buffers:           90192 kB
Cached:           812040 kB
MemTotal:        1844596 kB
MemFree:          616344 kB
MemAvailable:    1496128 kB
Buffers:           90192 kB
Cached:           812040 kB
MemTotal:        1844596 kB
MemFree:          616908 kB
MemAvailable:    1496692 kB
Buffers:           90192 kB
Cached:           812040 kB
MemTotal:        1844596 kB
MemFree:          617244 kB
MemAvailable:    1497028 kB
Buffers:           90192 kB
Cached:           812040 kB
MemTotal:        1844596 kB
MemFree:          617032 kB
MemAvailable:    1496816 kB
Buffers:           90192 kB
Cached:           812040 kB
MemTotal:        1844596 kB
MemFree:          617088 kB
MemAvailable:    1496872 kB
Buffers:           90192 kB
Cached:           812040 kB
MemTotal:        1844596 kB
MemFree:          617032 kB
MemAvailable:    1496816 kB
Buffers:           90192 kB
Cached:           812040 kB
MemTotal:        1844596 kB
MemFree:          617080 kB
MemAvailable:    1496864 kB
Buffers:           90192 kB
Cached:           812040 kB
MemTotal:        1844596 kB
MemFree:          612500 kB
MemAvailable:    1492284 kB
Buffers:           90192 kB
Cached:           812040 kB
MemTotal:        1844596 kB
MemFree:          610392 kB
MemAvailable:    1490176 kB
Buffers:           90192 kB
Cached:           812040 kB
MemTotal:        1844596 kB
MemFree:          611136 kB
MemAvailable:    1490920 kB
Buffers:           90192 kB
Cached:           812040 kB
MemTotal:        1844596 kB
MemFree:          610756 kB
MemAvailable:    1490540 kB
Buffers:           90192 kB
Cached:           812040 kB
MemTotal:        1844596 kB
MemFree:          610756 kB
MemAvailable:    1490540 kB
Buffers:           90192 kB
Cached:           812040 kB
MemTotal:        1844596 kB
MemFree:          609276 kB
MemAvailable:    1489060 kB
Buffers:           90192 kB
Cached:           812040 kB
MemTotal:        1844596 kB
MemFree:          608840 kB
MemAvailable:    1488624 kB
Buffers:           90192 kB
Cached:           812040 kB
MemTotal:        1844596 kB
MemFree:          608712 kB
MemAvailable:    1488496 kB
Buffers:           90192 kB
Cached:           812040 kB
MemTotal:        1844596 kB
MemFree:          607236 kB
MemAvailable:    1487020 kB
Buffers:           90192 kB
Cached:           812040 kB
MemTotal:        1844596 kB
MemFree:          607388 kB
MemAvailable:    1487172 kB
Buffers:           90192 kB
Cached:           812040 kB
MemTotal:        1844596 kB
MemFree:          607396 kB
MemAvailable:    1487180 kB
Buffers:           90192 kB
Cached:           812040 kB
MemTotal:        1844596 kB
MemFree:          607292 kB
MemAvailable:    1487076 kB
Buffers:           90192 kB
Cached:           812040 kB
MemTotal:        1844596 kB
MemFree:          608524 kB
MemAvailable:    1488308 kB
Buffers:           90192 kB
Cached:           812040 kB
MemTotal:        1844596 kB
MemFree:          607036 kB
MemAvailable:    1486820 kB
Buffers:           90192 kB
Cached:           812040 kB
MemTotal:        1844596 kB
MemFree:          607416 kB
MemAvailable:    1487200 kB
Buffers:           90192 kB
Cached:           812040 kB
MemTotal:        1844596 kB
MemFree:          607244 kB
MemAvailable:    1487028 kB
Buffers:           90192 kB
Cached:           812040 kB
MemTotal:        1844596 kB
MemFree:          608400 kB
MemAvailable:    1488184 kB
Buffers:           90192 kB
Cached:           812040 kB
MemTotal:        1844596 kB
MemFree:          608168 kB
MemAvailable:    1487952 kB
Buffers:           90192 kB
Cached:           812040 kB
MemTotal:        1844596 kB
MemFree:          606912 kB
MemAvailable:    1486696 kB
Buffers:           90192 kB
Cached:           812040 kB
MemTotal:        1844596 kB
MemFree:          608204 kB
MemAvailable:    1487988 kB
Buffers:           90192 kB
Cached:           812040 kB
MemTotal:        1844596 kB
MemFree:          608164 kB
MemAvailable:    1487948 kB
Buffers:           90192 kB
Cached:           812040 kB
MemTotal:        1844596 kB
MemFree:          608092 kB
MemAvailable:    1487876 kB
Buffers:           90192 kB
Cached:           812040 kB
MemTotal:        1844596 kB
MemFree:          608092 kB
MemAvailable:    1487876 kB
Buffers:           90192 kB
Cached:           812040 kB
MemTotal:        1844596 kB
MemFree:          606872 kB
MemAvailable:    1486656 kB
Buffers:           90192 kB
Cached:           812040 kB
MemTotal:        1844596 kB
MemFree:          608112 kB
MemAvailable:    1487896 kB
Buffers:           90192 kB
Cached:           812040 kB
MemTotal:        1844596 kB
MemFree:          607600 kB
MemAvailable:    1487384 kB
Buffers:           90192 kB
Cached:           812040 kB
MemTotal:        1844596 kB
MemFree:          604688 kB
MemAvailable:    1484472 kB
Buffers:           90192 kB
Cached:           812040 kB
MemTotal:        1844596 kB
MemFree:          601332 kB
MemAvailable:    1481116 kB
Buffers:           90192 kB
Cached:           812040 kB
MemTotal:        1844596 kB
MemFree:          600288 kB
MemAvailable:    1480072 kB
Buffers:           90192 kB
Cached:           812040 kB
MemTotal:        1844596 kB
MemFree:          598728 kB
MemAvailable:    1478512 kB
Buffers:           90192 kB
Cached:           812040 kB
MemTotal:        1844596 kB
MemFree:          598852 kB
MemAvailable:    1478636 kB
Buffers:           90192 kB
Cached:           812040 kB
MemTotal:        1844596 kB
MemFree:          598728 kB
MemAvailable:    1478512 kB
Buffers:           90192 kB
Cached:           812040 kB
MemTotal:        1844596 kB
MemFree:          598488 kB
MemAvailable:    1478272 kB
Buffers:           90192 kB
Cached:           812040 kB
MemTotal:        1844596 kB
MemFree:          598364 kB
MemAvailable:    1478148 kB
Buffers:           90192 kB
Cached:           812040 kB
MemTotal:        1844596 kB
MemFree:          599416 kB
MemAvailable:    1479200 kB
Buffers:           90192 kB
Cached:           812040 kB
MemTotal:        1844596 kB
MemFree:          599540 kB
MemAvailable:    1479324 kB
Buffers:           90192 kB
Cached:           812040 kB
MemTotal:        1844596 kB
MemFree:          598240 kB
MemAvailable:    1478024 kB
Buffers:           90192 kB
Cached:           812040 kB
MemTotal:        1844596 kB
MemFree:          598488 kB
MemAvailable:    1478272 kB
Buffers:           90192 kB
Cached:           812040 kB
MemTotal:        1844596 kB
MemFree:          599340 kB
MemAvailable:    1479124 kB
Buffers:           90192 kB
Cached:           812040 kB
MemTotal:        1844596 kB
MemFree:          598736 kB
MemAvailable:    1478520 kB
Buffers:           90192 kB
Cached:           812040 kB
MemTotal:        1844596 kB
MemFree:          599404 kB
MemAvailable:    1479188 kB
Buffers:           90192 kB
Cached:           812040 kB
MemTotal:        1844596 kB
MemFree:          598344 kB
MemAvailable:    1478128 kB
Buffers:           90192 kB
Cached:           812040 kB
MemTotal:        1844596 kB
MemFree:          598088 kB
MemAvailable:    1477872 kB
Buffers:           90192 kB
Cached:           812040 kB
MemTotal:        1844596 kB
MemFree:          599564 kB
MemAvailable:    1479348 kB
Buffers:           90192 kB
Cached:           812040 kB
MemTotal:        1844596 kB
MemFree:          598488 kB
MemAvailable:    1478272 kB
Buffers:           90192 kB
Cached:           812040 kB
MemTotal:        1844596 kB
MemFree:          599396 kB
MemAvailable:    1479180 kB
Buffers:           90192 kB
Cached:           812040 kB
MemTotal:        1844596 kB
MemFree:          599272 kB
MemAvailable:    1479056 kB
Buffers:           90192 kB
Cached:           812040 kB
MemTotal:        1844596 kB
MemFree:          599148 kB
MemAvailable:    1478932 kB
Buffers:           90192 kB
Cached:           812040 kB
MemTotal:        1844596 kB
MemFree:          599484 kB
MemAvailable:    1479268 kB
Buffers:           90192 kB
Cached:           812040 kB
MemTotal:        1844596 kB
MemFree:          599276 kB
MemAvailable:    1479060 kB
Buffers:           90192 kB
Cached:           812040 kB
MemTotal:        1844596 kB
MemFree:          599356 kB
MemAvailable:    1479140 kB
Buffers:           90192 kB
Cached:           812040 kB
MemTotal:        1844596 kB
MemFree:          599368 kB
MemAvailable:    1479152 kB
Buffers:           90192 kB
Cached:           812040 kB
MemTotal:        1844596 kB
MemFree:          599416 kB
MemAvailable:    1479200 kB
Buffers:           90192 kB
Cached:           812040 kB
MemTotal:        1844596 kB
MemFree:          598744 kB
MemAvailable:    1478536 kB
Buffers:           90192 kB
Cached:           812048 kB
MemTotal:        1844596 kB
MemFree:          599176 kB
MemAvailable:    1478968 kB
Buffers:           90192 kB
Cached:           812048 kB
MemTotal:        1844596 kB
MemFree:          599512 kB
MemAvailable:    1479304 kB
Buffers:           90192 kB
Cached:           812048 kB
MemTotal:        1844596 kB
MemFree:          598116 kB
MemAvailable:    1477908 kB
Buffers:           90192 kB
Cached:           812048 kB
MemTotal:        1844596 kB
MemFree:          598240 kB
MemAvailable:    1478032 kB
Buffers:           90192 kB
Cached:           812048 kB
MemTotal:        1844596 kB
MemFree:          598240 kB
MemAvailable:    1478032 kB
Buffers:           90192 kB
Cached:           812048 kB
MemTotal:        1844596 kB
MemFree:          598364 kB
MemAvailable:    1478156 kB
Buffers:           90192 kB
Cached:           812048 kB
MemTotal:        1844596 kB
MemFree:          598240 kB
MemAvailable:    1478032 kB
Buffers:           90192 kB
Cached:           812048 kB
MemTotal:        1844596 kB
MemFree:          599348 kB
MemAvailable:    1479140 kB
Buffers:           90192 kB
Cached:           812048 kB
MemTotal:        1844596 kB
MemFree:          599600 kB
MemAvailable:    1479392 kB
Buffers:           90192 kB
Cached:           812048 kB
MemTotal:        1844596 kB
MemFree:          597372 kB
MemAvailable:    1477164 kB
Buffers:           90192 kB
Cached:           812048 kB
MemTotal:        1844596 kB
MemFree:          594148 kB
MemAvailable:    1473940 kB
Buffers:           90192 kB
Cached:           812048 kB
MemTotal:        1844596 kB
MemFree:          591048 kB
MemAvailable:    1470840 kB
Buffers:           90192 kB
Cached:           812048 kB
MemTotal:        1844596 kB
MemFree:          588568 kB
MemAvailable:    1468360 kB
Buffers:           90192 kB
Cached:           812048 kB
MemTotal:        1844596 kB
MemFree:          588624 kB
MemAvailable:    1468416 kB
Buffers:           90192 kB
Cached:           812048 kB
MemTotal:        1844596 kB
MemFree:          587280 kB
MemAvailable:    1467072 kB
Buffers:           90192 kB
Cached:           812048 kB
MemTotal:        1844596 kB
MemFree:          588388 kB
MemAvailable:    1468180 kB
Buffers:           90192 kB
Cached:           812048 kB
MemTotal:        1844596 kB
MemFree:          588560 kB
MemAvailable:    1468352 kB
Buffers:           90192 kB
Cached:           812048 kB
MemTotal:        1844596 kB
MemFree:          587192 kB
MemAvailable:    1466984 kB
Buffers:           90192 kB
Cached:           812048 kB
MemTotal:        1844596 kB
MemFree:          588508 kB
MemAvailable:    1468300 kB
Buffers:           90192 kB
Cached:           812048 kB
MemTotal:        1844596 kB
MemFree:          588760 kB
MemAvailable:    1468552 kB
Buffers:           90192 kB
Cached:           812048 kB
MemTotal:        1844596 kB
MemFree:          588388 kB
MemAvailable:    1468180 kB
Buffers:           90192 kB
Cached:           812048 kB
MemTotal:        1844596 kB
MemFree:          587700 kB
MemAvailable:    1467492 kB
Buffers:           90192 kB
Cached:           812048 kB
MemTotal:        1844596 kB
MemFree:          588528 kB
MemAvailable:    1468320 kB
Buffers:           90192 kB
Cached:           812048 kB
MemTotal:        1844596 kB
MemFree:          587832 kB
MemAvailable:    1467624 kB
Buffers:           90192 kB
Cached:           812048 kB
MemTotal:        1844596 kB
MemFree:          588436 kB
MemAvailable:    1468228 kB
Buffers:           90192 kB
Cached:           812048 kB
MemTotal:        1844596 kB
MemFree:          588692 kB
MemAvailable:    1468484 kB
Buffers:           90192 kB
Cached:           812048 kB
MemTotal:        1844596 kB
MemFree:          588296 kB
MemAvailable:    1468088 kB
Buffers:           90192 kB
Cached:           812048 kB
MemTotal:        1844596 kB
MemFree:          588632 kB
MemAvailable:    1468424 kB
Buffers:           90192 kB
Cached:           812048 kB
MemTotal:        1844596 kB
MemFree:          588548 kB
MemAvailable:    1468340 kB
Buffers:           90192 kB
Cached:           812048 kB
MemTotal:        1844596 kB
MemFree:          587424 kB
MemAvailable:    1467216 kB
Buffers:           90192 kB
Cached:           812048 kB
MemTotal:        1844596 kB
MemFree:          587384 kB
MemAvailable:    1467176 kB
Buffers:           90192 kB
Cached:           812048 kB
MemTotal:        1844596 kB
MemFree:          588716 kB
MemAvailable:    1468508 kB
Buffers:           90192 kB
Cached:           812048 kB
MemTotal:        1844596 kB
MemFree:          588660 kB
MemAvailable:    1468452 kB
Buffers:           90192 kB
Cached:           812048 kB
MemTotal:        1844596 kB
MemFree:          587032 kB
MemAvailable:    1466824 kB
Buffers:           90192 kB
Cached:           812048 kB
MemTotal:        1844596 kB
MemFree:          588548 kB
MemAvailable:    1468340 kB
Buffers:           90192 kB
Cached:           812048 kB
MemTotal:        1844596 kB
MemFree:          587700 kB
MemAvailable:    1467492 kB
Buffers:           90192 kB
Cached:           812048 kB
MemTotal:        1844596 kB
MemFree:          588376 kB
MemAvailable:    1468168 kB
Buffers:           90192 kB
Cached:           812048 kB
MemTotal:        1844596 kB
MemFree:          588628 kB
MemAvailable:    1468420 kB
Buffers:           90192 kB
Cached:           812048 kB
MemTotal:        1844596 kB
MemFree:          588556 kB
MemAvailable:    1468348 kB
Buffers:           90192 kB
Cached:           812048 kB
MemTotal:        1844596 kB
MemFree:          588508 kB
MemAvailable:    1468300 kB
Buffers:           90192 kB
Cached:           812048 kB
MemTotal:        1844596 kB
MemFree:          587824 kB
MemAvailable:    1467616 kB
Buffers:           90192 kB
Cached:           812048 kB
MemTotal:        1844596 kB
MemFree:          588800 kB
MemAvailable:    1468596 kB
Buffers:           90192 kB
Cached:           812052 kB
MemTotal:        1844596 kB
MemFree:          588800 kB
MemAvailable:    1468596 kB
Buffers:           90192 kB
Cached:           812052 kB
MemTotal:        1844596 kB
MemFree:          587136 kB
MemAvailable:    1466932 kB
Buffers:           90192 kB
Cached:           812052 kB
MemTotal:        1844596 kB
MemFree:          588444 kB
MemAvailable:    1468240 kB
Buffers:           90192 kB
Cached:           812052 kB
MemTotal:        1844596 kB
MemFree:          587700 kB
MemAvailable:    1467496 kB
Buffers:           90192 kB
Cached:           812052 kB
MemTotal:        1844596 kB
MemFree:          588816 kB
MemAvailable:    1468612 kB
Buffers:           90192 kB
Cached:           812052 kB
MemTotal:        1844596 kB
MemFree:          587444 kB
MemAvailable:    1467240 kB
Buffers:           90192 kB
Cached:           812052 kB
MemTotal:        1844596 kB
MemFree:          587444 kB
MemAvailable:    1467240 kB
Buffers:           90192 kB
Cached:           812052 kB
MemTotal:        1844596 kB
MemFree:          588552 kB
MemAvailable:    1468348 kB
Buffers:           90192 kB
Cached:           812052 kB
MemTotal:        1844596 kB
MemFree:          588544 kB
MemAvailable:    1468340 kB
Buffers:           90192 kB
Cached:           812052 kB
MemTotal:        1844596 kB
MemFree:          588548 kB
MemAvailable:    1468344 kB
Buffers:           90192 kB
Cached:           812052 kB
MemTotal:        1844596 kB
MemFree:          588536 kB
MemAvailable:    1468332 kB
Buffers:           90192 kB
Cached:           812052 kB
MemTotal:        1844596 kB
MemFree:          588080 kB
MemAvailable:    1467876 kB
Buffers:           90192 kB
Cached:           812052 kB
MemTotal:        1844596 kB
MemFree:          588364 kB
MemAvailable:    1468160 kB
Buffers:           90192 kB
Cached:           812052 kB
MemTotal:        1844596 kB
MemFree:          587320 kB
MemAvailable:    1467116 kB
Buffers:           90192 kB
Cached:           812052 kB
MemTotal:        1844596 kB
MemFree:          588488 kB
MemAvailable:    1468284 kB
Buffers:           90192 kB
Cached:           812052 kB
MemTotal:        1844596 kB
MemFree:          587584 kB
MemAvailable:    1467380 kB
Buffers:           90192 kB
Cached:           812052 kB
MemTotal:        1844596 kB
MemFree:          588456 kB
MemAvailable:    1468256 kB
Buffers:           90192 kB
Cached:           812056 kB
MemTotal:        1844596 kB
MemFree:          587204 kB
MemAvailable:    1467004 kB
Buffers:           90192 kB
Cached:           812056 kB
MemTotal:        1844596 kB
MemFree:          588180 kB
MemAvailable:    1467980 kB
Buffers:           90192 kB
Cached:           812056 kB
MemTotal:        1844596 kB
MemFree:          588264 kB
MemAvailable:    1468064 kB
Buffers:           90192 kB
Cached:           812056 kB
MemTotal:        1844596 kB
MemFree:          587024 kB
MemAvailable:    1466824 kB
Buffers:           90192 kB
Cached:           812056 kB
MemTotal:        1844596 kB
MemFree:          586336 kB
MemAvailable:    1466136 kB
Buffers:           90192 kB
Cached:           812056 kB
MemTotal:        1844596 kB
MemFree:          586576 kB
MemAvailable:    1466376 kB
Buffers:           90192 kB
Cached:           812056 kB
MemTotal:        1844596 kB
MemFree:          586584 kB
MemAvailable:    1466384 kB
Buffers:           90192 kB
Cached:           812056 kB
MemTotal:        1844596 kB
MemFree:          587320 kB
MemAvailable:    1467120 kB
Buffers:           90192 kB
Cached:           812056 kB
MemTotal:        1844596 kB
MemFree:          587404 kB
MemAvailable:    1467204 kB
Buffers:           90192 kB
Cached:           812056 kB
MemTotal:        1844596 kB
MemFree:          585916 kB
MemAvailable:    1465716 kB
Buffers:           90192 kB
Cached:           812056 kB
MemTotal:        1844596 kB
MemFree:          587188 kB
MemAvailable:    1466988 kB
Buffers:           90192 kB
Cached:           812056 kB
MemTotal:        1844596 kB
MemFree:          587272 kB
MemAvailable:    1467072 kB
Buffers:           90192 kB
Cached:           812056 kB
MemTotal:        1844596 kB
MemFree:          587244 kB
MemAvailable:    1467044 kB
Buffers:           90192 kB
Cached:           812056 kB
MemTotal:        1844596 kB
MemFree:          585956 kB
MemAvailable:    1465760 kB
Buffers:           90192 kB
Cached:           812060 kB
MemTotal:        1844596 kB
MemFree:          586940 kB
MemAvailable:    1466744 kB
Buffers:           90192 kB
Cached:           812060 kB
MemTotal:        1844596 kB
MemFree:          586796 kB
MemAvailable:    1466600 kB
Buffers:           90192 kB
Cached:           812060 kB
MemTotal:        1844596 kB
MemFree:          586872 kB
MemAvailable:    1466676 kB
Buffers:           90192 kB
Cached:           812060 kB
MemTotal:        1844596 kB
MemFree:          586876 kB
MemAvailable:    1466680 kB
Buffers:           90192 kB
Cached:           812060 kB
MemTotal:        1844596 kB
MemFree:          585700 kB
MemAvailable:    1465504 kB
Buffers:           90192 kB
Cached:           812060 kB
MemTotal:        1844596 kB
MemFree:          585612 kB
MemAvailable:    1465416 kB
Buffers:           90192 kB
Cached:           812060 kB
MemTotal:        1844596 kB
MemFree:          587020 kB
MemAvailable:    1466824 kB
Buffers:           90192 kB
Cached:           812060 kB
MemTotal:        1844596 kB
MemFree:          586136 kB
MemAvailable:    1465940 kB
Buffers:           90192 kB
Cached:           812060 kB
MemTotal:        1844596 kB
MemFree:          586864 kB
MemAvailable:    1466668 kB
Buffers:           90192 kB
Cached:           812060 kB
MemTotal:        1844596 kB
MemFree:          586880 kB
MemAvailable:    1466684 kB
Buffers:           90192 kB
Cached:           812060 kB
MemTotal:        1844596 kB
MemFree:          585120 kB
MemAvailable:    1464924 kB
Buffers:           90192 kB
Cached:           812060 kB
MemTotal:        1844596 kB
MemFree:          585580 kB
MemAvailable:    1465384 kB
Buffers:           90192 kB
Cached:           812060 kB
MemTotal:        1844596 kB
MemFree:          585704 kB
MemAvailable:    1465508 kB
Buffers:           90192 kB
Cached:           812060 kB
MemTotal:        1844596 kB
MemFree:          586688 kB
MemAvailable:    1466492 kB
Buffers:           90192 kB
Cached:           812060 kB
MemTotal:        1844596 kB
MemFree:          585748 kB
MemAvailable:    1465552 kB
Buffers:           90192 kB
Cached:           812060 kB
MemTotal:        1844596 kB
MemFree:          581648 kB
MemAvailable:    1461452 kB
Buffers:           90192 kB
Cached:           812060 kB
MemTotal:        1844596 kB
MemFree:          581648 kB
MemAvailable:    1461452 kB
Buffers:           90192 kB
Cached:           812060 kB
MemTotal:        1844596 kB
MemFree:          576384 kB
MemAvailable:    1456188 kB
Buffers:           90192 kB
Cached:           812060 kB
MemTotal:        1844596 kB
MemFree:          576144 kB
MemAvailable:    1455948 kB
Buffers:           90192 kB
Cached:           812060 kB
MemTotal:        1844596 kB
MemFree:          575456 kB
MemAvailable:    1455260 kB
Buffers:           90192 kB
Cached:           812060 kB
MemTotal:        1844596 kB
MemFree:          575456 kB
MemAvailable:    1455260 kB
Buffers:           90192 kB
Cached:           812060 kB
MemTotal:        1844596 kB
MemFree:          574088 kB
MemAvailable:    1453892 kB
Buffers:           90192 kB
Cached:           812060 kB
MemTotal:        1844596 kB
MemFree:          574224 kB
MemAvailable:    1454028 kB
Buffers:           90192 kB
Cached:           812060 kB
MemTotal:        1844596 kB
MemFree:          574588 kB
MemAvailable:    1454392 kB
Buffers:           90192 kB
Cached:           812060 kB
MemTotal:        1844596 kB
MemFree:          573736 kB
MemAvailable:    1453540 kB
Buffers:           90192 kB
Cached:           812060 kB
MemTotal:        1844596 kB
MemFree:          574028 kB
MemAvailable:    1453832 kB
Buffers:           90192 kB
Cached:           812060 kB
MemTotal:        1844596 kB
MemFree:          573788 kB
MemAvailable:    1453592 kB
Buffers:           90192 kB
Cached:           812060 kB
MemTotal:        1844596 kB
MemFree:          571868 kB
MemAvailable:    1451672 kB
Buffers:           90192 kB
Cached:           812060 kB
MemTotal:        1844596 kB
MemFree:          571372 kB
MemAvailable:    1451176 kB
Buffers:           90192 kB
Cached:           812060 kB
MemTotal:        1844596 kB
MemFree:          571852 kB
MemAvailable:    1451656 kB
Buffers:           90192 kB
Cached:           812060 kB
MemTotal:        1844596 kB
MemFree:          571752 kB
MemAvailable:    1451556 kB
Buffers:           90192 kB
Cached:           812060 kB
MemTotal:        1844596 kB
MemFree:          571868 kB
MemAvailable:    1451672 kB
Buffers:           90192 kB
Cached:           812060 kB
MemTotal:        1844596 kB
MemFree:          570744 kB
MemAvailable:    1450548 kB
Buffers:           90192 kB
Cached:           812060 kB
MemTotal:        1844596 kB
MemFree:          570496 kB
MemAvailable:    1450300 kB
Buffers:           90192 kB
Cached:           812060 kB
MemTotal:        1844596 kB
MemFree:          571680 kB
MemAvailable:    1451484 kB
Buffers:           90192 kB
Cached:           812060 kB
MemTotal:        1844596 kB
MemFree:          571620 kB
MemAvailable:    1451424 kB
Buffers:           90192 kB
Cached:           812060 kB
MemTotal:        1844596 kB
MemFree:          571916 kB
MemAvailable:    1451720 kB
Buffers:           90192 kB
Cached:           812060 kB
MemTotal:        1844596 kB
MemFree:          571660 kB
MemAvailable:    1451464 kB
Buffers:           90192 kB
Cached:           812060 kB
MemTotal:        1844596 kB
MemFree:          570608 kB
MemAvailable:    1450412 kB
Buffers:           90192 kB
Cached:           812060 kB
MemTotal:        1844596 kB
MemFree:          570608 kB
MemAvailable:    1450412 kB
Buffers:           90192 kB
Cached:           812060 kB
MemTotal:        1844596 kB
MemFree:          571736 kB
MemAvailable:    1451540 kB
Buffers:           90192 kB
Cached:           812060 kB
MemTotal:        1844596 kB
MemFree:          571836 kB
MemAvailable:    1451640 kB
Buffers:           90192 kB
Cached:           812060 kB
MemTotal:        1844596 kB
MemFree:          571108 kB
MemAvailable:    1450912 kB
Buffers:           90192 kB
Cached:           812060 kB
MemTotal:        1844596 kB
MemFree:          570876 kB
MemAvailable:    1450680 kB
Buffers:           90192 kB
Cached:           812060 kB
MemTotal:        1844596 kB
MemFree:          569748 kB
MemAvailable:    1449552 kB
Buffers:           90192 kB
Cached:           812060 kB
MemTotal:        1844596 kB
MemFree:          569388 kB
MemAvailable:    1449192 kB
Buffers:           90192 kB
Cached:           812060 kB
MemTotal:        1844596 kB
MemFree:          570068 kB
MemAvailable:    1449872 kB
Buffers:           90192 kB
Cached:           812060 kB
MemTotal:        1844596 kB
MemFree:          570132 kB
MemAvailable:    1449936 kB
Buffers:           90192 kB
Cached:           812060 kB
MemTotal:        1844596 kB
MemFree:          568636 kB
MemAvailable:    1448440 kB
Buffers:           90192 kB
Cached:           812060 kB
MemTotal:        1844596 kB
MemFree:          569000 kB
MemAvailable:    1448804 kB
Buffers:           90192 kB
Cached:           812060 kB
MemTotal:        1844596 kB
MemFree:          568892 kB
MemAvailable:    1448696 kB
Buffers:           90192 kB
Cached:           812060 kB
MemTotal:        1844596 kB
MemFree:          568504 kB
MemAvailable:    1448308 kB
Buffers:           90192 kB
Cached:           812060 kB
MemTotal:        1844596 kB
MemFree:          568272 kB
MemAvailable:    1448076 kB
Buffers:           90192 kB
Cached:           812060 kB
MemTotal:        1844596 kB
MemFree:          568216 kB
MemAvailable:    1448020 kB
Buffers:           90192 kB
Cached:           812060 kB
MemTotal:        1844596 kB
MemFree:          567136 kB
MemAvailable:    1446940 kB
Buffers:           90192 kB
Cached:           812060 kB
MemTotal:        1844596 kB
MemFree:          567952 kB
MemAvailable:    1447756 kB
Buffers:           90192 kB
Cached:           812060 kB
MemTotal:        1844596 kB
MemFree:          567696 kB
MemAvailable:    1447500 kB
Buffers:           90192 kB
Cached:           812060 kB
MemTotal:        1844596 kB
MemFree:          566636 kB
MemAvailable:    1446440 kB
Buffers:           90192 kB
Cached:           812060 kB
MemTotal:        1844596 kB
MemFree:          567772 kB
MemAvailable:    1447576 kB
Buffers:           90192 kB
Cached:           812060 kB
MemTotal:        1844596 kB
MemFree:          566588 kB
MemAvailable:    1446392 kB
Buffers:           90192 kB
Cached:           812060 kB
MemTotal:        1844596 kB
MemFree:          567616 kB
MemAvailable:    1447420 kB
Buffers:           90192 kB
Cached:           812060 kB
MemTotal:        1844596 kB
MemFree:          567660 kB
MemAvailable:    1447464 kB
Buffers:           90192 kB
Cached:           812060 kB
MemTotal:        1844596 kB
MemFree:          567760 kB
MemAvailable:    1447564 kB
Buffers:           90192 kB
Cached:           812060 kB
MemTotal:        1844596 kB
MemFree:          567604 kB
MemAvailable:    1447408 kB
Buffers:           90192 kB
Cached:           812060 kB
MemTotal:        1844596 kB
MemFree:          567700 kB
MemAvailable:    1447504 kB
Buffers:           90192 kB
Cached:           812060 kB
MemTotal:        1844596 kB
MemFree:          566352 kB
MemAvailable:    1446156 kB
Buffers:           90192 kB
Cached:           812060 kB
MemTotal:        1844596 kB
MemFree:          567460 kB
MemAvailable:    1447264 kB
Buffers:           90192 kB
Cached:           812060 kB
MemTotal:        1844596 kB
MemFree:          566900 kB
MemAvailable:    1446704 kB
Buffers:           90192 kB
Cached:           812060 kB
MemTotal:        1844596 kB
MemFree:          567636 kB
MemAvailable:    1447440 kB
Buffers:           90192 kB
Cached:           812060 kB
MemTotal:        1844596 kB
MemFree:          567636 kB
MemAvailable:    1447440 kB
Buffers:           90192 kB
Cached:           812060 kB
MemTotal:        1844596 kB
MemFree:          567376 kB
MemAvailable:    1447180 kB
Buffers:           90192 kB
Cached:           812060 kB
MemTotal:        1844596 kB
MemFree:          567156 kB
MemAvailable:    1446960 kB
Buffers:           90192 kB
Cached:           812060 kB
MemTotal:        1844596 kB
MemFree:          567444 kB
MemAvailable:    1447248 kB
Buffers:           90192 kB
Cached:           812060 kB
MemTotal:        1844596 kB
MemFree:          567424 kB
MemAvailable:    1447236 kB
Buffers:           90192 kB
Cached:           812068 kB
MemTotal:        1844596 kB
MemFree:          567308 kB
MemAvailable:    1447120 kB
Buffers:           90192 kB
Cached:           812068 kB
MemTotal:        1844596 kB
MemFree:          567392 kB
MemAvailable:    1447204 kB
Buffers:           90192 kB
Cached:           812068 kB
MemTotal:        1844596 kB
MemFree:          566140 kB
MemAvailable:    1445952 kB
Buffers:           90192 kB
Cached:           812068 kB
MemTotal:        1844596 kB
MemFree:          567440 kB
MemAvailable:    1447252 kB
Buffers:           90192 kB
Cached:           812068 kB
MemTotal:        1844596 kB
MemFree:          567400 kB
MemAvailable:    1447212 kB
Buffers:           90192 kB
Cached:           812068 kB
MemTotal:        1844596 kB
MemFree:          567436 kB
MemAvailable:    1447248 kB
Buffers:           90192 kB
Cached:           812068 kB
MemTotal:        1844596 kB
MemFree:          566088 kB
MemAvailable:    1445900 kB
Buffers:           90192 kB
Cached:           812068 kB
MemTotal:        1844596 kB
MemFree:          567388 kB
MemAvailable:    1447200 kB
Buffers:           90192 kB
Cached:           812068 kB
MemTotal:        1844596 kB
MemFree:          566264 kB
MemAvailable:    1446076 kB
Buffers:           90192 kB
Cached:           812068 kB
MemTotal:        1844596 kB
MemFree:          565984 kB
MemAvailable:    1445796 kB
Buffers:           90192 kB
Cached:           812068 kB
MemTotal:        1844596 kB
MemFree:          564864 kB
MemAvailable:    1444676 kB
Buffers:           90192 kB
Cached:           812068 kB
MemTotal:        1844596 kB
MemFree:          565848 kB
MemAvailable:    1445660 kB
Buffers:           90192 kB
Cached:           812068 kB
MemTotal:        1844596 kB
MemFree:          564800 kB
MemAvailable:    1444612 kB
Buffers:           90192 kB
Cached:           812068 kB
MemTotal:        1844596 kB
MemFree:          563792 kB
MemAvailable:    1443604 kB
Buffers:           90192 kB
Cached:           812068 kB
MemTotal:        1844596 kB
MemFree:          564004 kB
MemAvailable:    1443816 kB
Buffers:           90192 kB
Cached:           812068 kB
MemTotal:        1844596 kB
MemFree:          559336 kB
MemAvailable:    1439148 kB
Buffers:           90192 kB
Cached:           812068 kB
MemTotal:        1844596 kB
MemFree:          559336 kB
MemAvailable:    1439148 kB
Buffers:           90192 kB
Cached:           812068 kB
MemTotal:        1844596 kB
MemFree:          553996 kB
MemAvailable:    1433808 kB
Buffers:           90192 kB
Cached:           812068 kB
MemTotal:        1844596 kB
MemFree:          554084 kB
MemAvailable:    1433896 kB
Buffers:           90192 kB
Cached:           812068 kB
MemTotal:        1844596 kB
MemFree:          549036 kB
MemAvailable:    1428848 kB
Buffers:           90192 kB
Cached:           812068 kB
MemTotal:        1844596 kB
MemFree:          549036 kB
MemAvailable:    1428848 kB
Buffers:           90192 kB
Cached:           812068 kB
MemTotal:        1844596 kB
MemFree:          548916 kB
MemAvailable:    1428728 kB
Buffers:           90192 kB
Cached:           812068 kB
MemTotal:        1844596 kB
MemFree:          548660 kB
MemAvailable:    1428472 kB
Buffers:           90192 kB
Cached:           812068 kB
MemTotal:        1844596 kB
MemFree:          548896 kB
MemAvailable:    1428708 kB
Buffers:           90192 kB
Cached:           812068 kB
MemTotal:        1844596 kB
MemFree:          549148 kB
MemAvailable:    1428960 kB
Buffers:           90192 kB
Cached:           812068 kB
MemTotal:        1844596 kB
MemFree:          548656 kB
MemAvailable:    1428468 kB
Buffers:           90192 kB
Cached:           812068 kB
MemTotal:        1844596 kB
MemFree:          548908 kB
MemAvailable:    1428720 kB
Buffers:           90192 kB
Cached:           812068 kB
MemTotal:        1844596 kB
MemFree:          547392 kB
MemAvailable:    1427204 kB
Buffers:           90192 kB
Cached:           812068 kB
MemTotal:        1844596 kB
MemFree:          547676 kB
MemAvailable:    1427488 kB
Buffers:           90192 kB
Cached:           812068 kB
MemTotal:        1844596 kB
MemFree:          547636 kB
MemAvailable:    1427448 kB
Buffers:           90192 kB
Cached:           812068 kB
MemTotal:        1844596 kB
MemFree:          548716 kB
MemAvailable:    1428528 kB
Buffers:           90192 kB
Cached:           812068 kB
MemTotal:        1844596 kB
MemFree:          548068 kB
MemAvailable:    1427880 kB
Buffers:           90192 kB
Cached:           812068 kB
MemTotal:        1844596 kB
MemFree:          548044 kB
MemAvailable:    1427856 kB
Buffers:           90192 kB
Cached:           812068 kB
MemTotal:        1844596 kB
MemFree:          548128 kB
MemAvailable:    1427940 kB
Buffers:           90192 kB
Cached:           812068 kB
MemTotal:        1844596 kB
MemFree:          547776 kB
MemAvailable:    1427588 kB
Buffers:           90192 kB
Cached:           812068 kB
MemTotal:        1844596 kB
MemFree:          547804 kB
MemAvailable:    1427616 kB
Buffers:           90192 kB
Cached:           812068 kB
MemTotal:        1844596 kB
MemFree:          547936 kB
MemAvailable:    1427748 kB
Buffers:           90192 kB
Cached:           812068 kB
MemTotal:        1844596 kB
MemFree:          547432 kB
MemAvailable:    1427244 kB
Buffers:           90192 kB
Cached:           812068 kB
MemTotal:        1844596 kB
MemFree:          546552 kB
MemAvailable:    1426364 kB
Buffers:           90192 kB
Cached:           812068 kB
MemTotal:        1844596 kB
MemFree:          547736 kB
MemAvailable:    1427548 kB
Buffers:           90192 kB
Cached:           812068 kB
MemTotal:        1844596 kB
MemFree:          547820 kB
MemAvailable:    1427632 kB
Buffers:           90192 kB
Cached:           812068 kB
MemTotal:        1844596 kB
MemFree:          546380 kB
MemAvailable:    1426192 kB
Buffers:           90192 kB
Cached:           812068 kB
MemTotal:        1844596 kB
MemFree:          547972 kB
MemAvailable:    1427784 kB
Buffers:           90192 kB
Cached:           812068 kB
MemTotal:        1844596 kB
MemFree:          546540 kB
MemAvailable:    1426352 kB
Buffers:           90192 kB
Cached:           812068 kB
MemTotal:        1844596 kB
MemFree:          547732 kB
MemAvailable:    1427544 kB
Buffers:           90192 kB
Cached:           812068 kB
MemTotal:        1844596 kB
MemFree:          547732 kB
MemAvailable:    1427544 kB
Buffers:           90192 kB
Cached:           812068 kB
MemTotal:        1844596 kB
MemFree:          547848 kB
MemAvailable:    1427660 kB
Buffers:           90192 kB
Cached:           812068 kB
MemTotal:        1844596 kB
MemFree:          546696 kB
MemAvailable:    1426508 kB
Buffers:           90192 kB
Cached:           812068 kB
MemTotal:        1844596 kB
MemFree:          546516 kB
MemAvailable:    1426328 kB
Buffers:           90192 kB
Cached:           812068 kB
MemTotal:        1844596 kB
MemFree:          547872 kB
MemAvailable:    1427684 kB
Buffers:           90192 kB
Cached:           812068 kB
MemTotal:        1844596 kB
MemFree:          547872 kB
MemAvailable:    1427684 kB
Buffers:           90192 kB
Cached:           812068 kB
MemTotal:        1844596 kB
MemFree:          547888 kB
MemAvailable:    1427700 kB
Buffers:           90192 kB
Cached:           812068 kB
MemTotal:        1844596 kB
MemFree:          547800 kB
MemAvailable:    1427612 kB
Buffers:           90192 kB
Cached:           812068 kB
MemTotal:        1844596 kB
MemFree:          546560 kB
MemAvailable:    1426372 kB
Buffers:           90192 kB
Cached:           812068 kB
MemTotal:        1844596 kB
MemFree:          543596 kB
MemAvailable:    1423408 kB
Buffers:           90192 kB
Cached:           812068 kB
MemTotal:        1844596 kB
MemFree:          541944 kB
MemAvailable:    1421756 kB
Buffers:           90192 kB
Cached:           812068 kB
MemTotal:        1844596 kB
MemFree:          539256 kB
MemAvailable:    1419068 kB
Buffers:           90192 kB
Cached:           812068 kB
MemTotal:        1844596 kB
MemFree:          535520 kB
MemAvailable:    1415336 kB
Buffers:           90192 kB
Cached:           812072 kB
MemTotal:        1844596 kB
MemFree:          535608 kB
MemAvailable:    1415424 kB
Buffers:           90192 kB
Cached:           812072 kB
MemTotal:        1844596 kB
MemFree:          529948 kB
MemAvailable:    1409764 kB
Buffers:           90192 kB
Cached:           812072 kB
MemTotal:        1844596 kB
MemFree:          530032 kB
MemAvailable:    1409848 kB
Buffers:           90192 kB
Cached:           812072 kB
MemTotal:        1844596 kB
MemFree:          529700 kB
MemAvailable:    1409516 kB
Buffers:           90192 kB
Cached:           812072 kB
MemTotal:        1844596 kB
MemFree:          528700 kB
MemAvailable:    1408516 kB
Buffers:           90192 kB
Cached:           812072 kB
MemTotal:        1844596 kB
MemFree:          528328 kB
MemAvailable:    1408144 kB
Buffers:           90192 kB
Cached:           812072 kB
MemTotal:        1844596 kB
MemFree:          529568 kB
MemAvailable:    1409384 kB
Buffers:           90192 kB
Cached:           812072 kB
MemTotal:        1844596 kB
MemFree:          529700 kB
MemAvailable:    1409516 kB
Buffers:           90192 kB
Cached:           812072 kB
MemTotal:        1844596 kB
MemFree:          529576 kB
MemAvailable:    1409392 kB
Buffers:           90192 kB
Cached:           812072 kB
MemTotal:        1844596 kB
MemFree:          529780 kB
MemAvailable:    1409596 kB
Buffers:           90192 kB
Cached:           812072 kB
MemTotal:        1844596 kB
MemFree:          528848 kB
MemAvailable:    1408664 kB
Buffers:           90192 kB
Cached:           812072 kB
MemTotal:        1844596 kB
MemFree:          529832 kB
MemAvailable:    1409648 kB
Buffers:           90192 kB
Cached:           812072 kB
MemTotal:        1844596 kB
MemFree:          529692 kB
MemAvailable:    1409508 kB
Buffers:           90192 kB
Cached:           812072 kB
MemTotal:        1844596 kB
MemFree:          528460 kB
MemAvailable:    1408276 kB
Buffers:           90192 kB
Cached:           812072 kB
MemTotal:        1844596 kB
MemFree:          528460 kB
MemAvailable:    1408276 kB
Buffers:           90192 kB
Cached:           812072 kB
MemTotal:        1844596 kB
MemFree:          528584 kB
MemAvailable:    1408400 kB
Buffers:           90192 kB
Cached:           812072 kB
MemTotal:        1844596 kB
MemFree:          528296 kB
MemAvailable:    1408120 kB
Buffers:           90192 kB
Cached:           812080 kB
MemTotal:        1844596 kB
MemFree:          529644 kB
MemAvailable:    1409468 kB
Buffers:           90192 kB
Cached:           812080 kB
MemTotal:        1844596 kB
MemFree:          528336 kB
MemAvailable:    1408160 kB
Buffers:           90192 kB
Cached:           812080 kB
MemTotal:        1844596 kB
MemFree:          528428 kB
MemAvailable:    1408252 kB
Buffers:           90192 kB
Cached:           812080 kB
MemTotal:        1844596 kB
MemFree:          529496 kB
MemAvailable:    1409320 kB
Buffers:           90192 kB
Cached:           812080 kB
MemTotal:        1844596 kB
MemFree:          529468 kB
MemAvailable:    1409292 kB
Buffers:           90192 kB
Cached:           812080 kB
MemTotal:        1844596 kB
MemFree:          529708 kB
MemAvailable:    1409532 kB
Buffers:           90192 kB
Cached:           812080 kB
MemTotal:        1844596 kB
MemFree:          528420 kB
MemAvailable:    1408244 kB
Buffers:           90192 kB
Cached:           812080 kB
MemTotal:        1844596 kB
MemFree:          529572 kB
MemAvailable:    1409396 kB
Buffers:           90192 kB
Cached:           812080 kB
MemTotal:        1844596 kB
MemFree:          529488 kB
MemAvailable:    1409312 kB
Buffers:           90192 kB
Cached:           812080 kB
MemTotal:        1844596 kB
MemFree:          529660 kB
MemAvailable:    1409484 kB
Buffers:           90192 kB
Cached:           812080 kB
MemTotal:        1844596 kB
MemFree:          529624 kB
MemAvailable:    1409448 kB
Buffers:           90192 kB
Cached:           812080 kB
MemTotal:        1844596 kB
MemFree:          529584 kB
MemAvailable:    1409408 kB
Buffers:           90192 kB
Cached:           812080 kB
MemTotal:        1844596 kB
MemFree:          528528 kB
MemAvailable:    1408352 kB
Buffers:           90192 kB
Cached:           812080 kB
MemTotal:        1844596 kB
MemFree:          528264 kB
MemAvailable:    1408088 kB
Buffers:           90192 kB
Cached:           812080 kB
MemTotal:        1844596 kB
MemFree:          529380 kB
MemAvailable:    1409204 kB
Buffers:           90192 kB
Cached:           812080 kB
MemTotal:        1844596 kB
MemFree:          529636 kB
MemAvailable:    1409460 kB
Buffers:           90192 kB
Cached:           812080 kB
MemTotal:        1844596 kB
MemFree:          529560 kB
MemAvailable:    1409384 kB
Buffers:           90192 kB
Cached:           812080 kB
MemTotal:        1844596 kB
MemFree:          529604 kB
MemAvailable:    1409428 kB
Buffers:           90192 kB
Cached:           812080 kB
MemTotal:        1844596 kB
MemFree:          529536 kB
MemAvailable:    1409360 kB
Buffers:           90192 kB
Cached:           812080 kB
MemTotal:        1844596 kB
MemFree:          529792 kB
MemAvailable:    1409616 kB
Buffers:           90192 kB
Cached:           812080 kB
MemTotal:        1844596 kB
MemFree:          529568 kB
MemAvailable:    1409392 kB
Buffers:           90192 kB
Cached:           812080 kB
MemTotal:        1844596 kB
MemFree:          529820 kB
MemAvailable:    1409644 kB
Buffers:           90192 kB
Cached:           812080 kB
MemTotal:        1844596 kB
MemFree:          528456 kB
MemAvailable:    1408280 kB
Buffers:           90192 kB
Cached:           812080 kB
MemTotal:        1844596 kB
MemFree:          525368 kB
MemAvailable:    1405192 kB
Buffers:           90192 kB
Cached:           812080 kB
MemTotal:        1844596 kB
MemFree:          520904 kB
MemAvailable:    1400728 kB
Buffers:           90192 kB
Cached:           812080 kB
MemTotal:        1844596 kB
MemFree:          517184 kB
MemAvailable:    1397008 kB
Buffers:           90192 kB
Cached:           812080 kB
MemTotal:        1844596 kB
MemFree:          514332 kB
MemAvailable:    1394156 kB
Buffers:           90192 kB
Cached:           812080 kB
MemTotal:        1844596 kB
MemFree:          511356 kB
MemAvailable:    1391180 kB
Buffers:           90192 kB
Cached:           812080 kB
MemTotal:        1844596 kB
MemFree:          511604 kB
MemAvailable:    1391428 kB
Buffers:           90192 kB
Cached:           812080 kB
MemTotal:        1844596 kB
MemFree:          511232 kB
MemAvailable:    1391056 kB
Buffers:           90192 kB
Cached:           812080 kB
MemTotal:        1844596 kB
MemFree:          510612 kB
MemAvailable:    1390436 kB
Buffers:           90192 kB
Cached:           812080 kB
MemTotal:        1844596 kB
MemFree:          511216 kB
MemAvailable:    1391040 kB
Buffers:           90192 kB
Cached:           812080 kB
MemTotal:        1844596 kB
MemFree:          511100 kB
MemAvailable:    1390924 kB
Buffers:           90192 kB
Cached:           812080 kB
MemTotal:        1844596 kB
MemFree:          510968 kB
MemAvailable:    1390792 kB
Buffers:           90192 kB
Cached:           812080 kB
MemTotal:        1844596 kB
MemFree:          511304 kB
MemAvailable:    1391128 kB
Buffers:           90192 kB
Cached:           812080 kB
MemTotal:        1844596 kB
MemFree:          511292 kB
MemAvailable:    1391116 kB
Buffers:           90192 kB
Cached:           812080 kB
MemTotal:        1844596 kB
MemFree:          510960 kB
MemAvailable:    1390784 kB
Buffers:           90192 kB
Cached:           812080 kB
MemTotal:        1844596 kB
MemFree:          510960 kB
MemAvailable:    1390784 kB
Buffers:           90192 kB
Cached:           812080 kB
MemTotal:        1844596 kB
MemFree:          510716 kB
MemAvailable:    1390540 kB
Buffers:           90192 kB
Cached:           812080 kB
MemTotal:        1844596 kB
MemFree:          510496 kB
MemAvailable:    1390320 kB
Buffers:           90192 kB
Cached:           812080 kB
MemTotal:        1844596 kB
MemFree:          510532 kB
MemAvailable:    1390356 kB
Buffers:           90192 kB
Cached:           812080 kB
MemTotal:        1844596 kB
MemFree:          510168 kB
MemAvailable:    1389992 kB
Buffers:           90192 kB
Cached:           812080 kB
MemTotal:        1844596 kB
MemFree:          509000 kB
MemAvailable:    1388824 kB
Buffers:           90192 kB
Cached:           812080 kB
MemTotal:        1844596 kB
MemFree:          509432 kB
MemAvailable:    1389256 kB
Buffers:           90192 kB
Cached:           812080 kB
MemTotal:        1844596 kB
MemFree:          508860 kB
MemAvailable:    1388684 kB
Buffers:           90192 kB
Cached:           812080 kB
MemTotal:        1844596 kB
MemFree:          508256 kB
MemAvailable:    1388080 kB
Buffers:           90192 kB
Cached:           812080 kB
MemTotal:        1844596 kB
MemFree:          508432 kB
MemAvailable:    1388256 kB
Buffers:           90192 kB
Cached:           812080 kB
MemTotal:        1844596 kB
MemFree:          508192 kB
MemAvailable:    1388016 kB
Buffers:           90192 kB
Cached:           812080 kB
MemTotal:        1844596 kB
MemFree:          506644 kB
MemAvailable:    1386468 kB
Buffers:           90192 kB
Cached:           812080 kB
MemTotal:        1844596 kB
MemFree:          506512 kB
MemAvailable:    1386336 kB
Buffers:           90192 kB
Cached:           812080 kB
MemTotal:        1844596 kB
MemFree:          506596 kB
MemAvailable:    1386420 kB
Buffers:           90192 kB
Cached:           812080 kB
MemTotal:        1844596 kB
MemFree:          505456 kB
MemAvailable:    1385280 kB
Buffers:           90192 kB
Cached:           812080 kB
MemTotal:        1844596 kB
MemFree:          505216 kB
MemAvailable:    1385040 kB
Buffers:           90192 kB
Cached:           812080 kB
MemTotal:        1844596 kB
MemFree:          505168 kB
MemAvailable:    1384992 kB
Buffers:           90192 kB
Cached:           812080 kB
MemTotal:        1844596 kB
MemFree:          504040 kB
MemAvailable:    1383864 kB
Buffers:           90192 kB
Cached:           812080 kB
MemTotal:        1844596 kB
MemFree:          504972 kB
MemAvailable:    1384796 kB
Buffers:           90192 kB
Cached:           812080 kB
MemTotal:        1844596 kB
MemFree:          504972 kB
MemAvailable:    1384796 kB
Buffers:           90192 kB
Cached:           812080 kB
MemTotal:        1844596 kB
MemFree:          503660 kB
MemAvailable:    1383484 kB
Buffers:           90192 kB
Cached:           812080 kB
MemTotal:        1844596 kB
MemFree:          503908 kB
MemAvailable:    1383732 kB
Buffers:           90192 kB
Cached:           812080 kB
MemTotal:        1844596 kB
MemFree:          503908 kB
MemAvailable:    1383732 kB
Buffers:           90192 kB
Cached:           812080 kB
MemTotal:        1844596 kB
MemFree:          504288 kB
MemAvailable:    1384112 kB
Buffers:           90192 kB
Cached:           812080 kB
MemTotal:        1844596 kB
MemFree:          502800 kB
MemAvailable:    1382624 kB
Buffers:           90192 kB
Cached:           812080 kB
MemTotal:        1844596 kB
MemFree:          503360 kB
MemAvailable:    1383184 kB
Buffers:           90192 kB
Cached:           812080 kB
MemTotal:        1844596 kB
MemFree:          503616 kB
MemAvailable:    1383440 kB
Buffers:           90192 kB
Cached:           812080 kB
MemTotal:        1844596 kB
MemFree:          503456 kB
MemAvailable:    1383280 kB
Buffers:           90192 kB
Cached:           812080 kB
MemTotal:        1844596 kB
MemFree:          502240 kB
MemAvailable:    1382064 kB
Buffers:           90192 kB
Cached:           812080 kB
MemTotal:        1844596 kB
MemFree:          503392 kB
MemAvailable:    1383216 kB
Buffers:           90192 kB
Cached:           812080 kB
MemTotal:        1844596 kB
MemFree:          503644 kB
MemAvailable:    1383468 kB
Buffers:           90192 kB
Cached:           812080 kB
MemTotal:        1844596 kB
MemFree:          503372 kB
MemAvailable:    1383196 kB
Buffers:           90192 kB
Cached:           812080 kB
MemTotal:        1844596 kB
MemFree:          503276 kB
MemAvailable:    1383100 kB
Buffers:           90192 kB
Cached:           812080 kB
MemTotal:        1844596 kB
MemFree:          503532 kB
MemAvailable:    1383356 kB
Buffers:           90192 kB
Cached:           812080 kB
MemTotal:        1844596 kB
MemFree:          502244 kB
MemAvailable:    1382068 kB
Buffers:           90192 kB
Cached:           812080 kB
MemTotal:        1844596 kB
MemFree:          502120 kB
MemAvailable:    1381944 kB
Buffers:           90192 kB
Cached:           812080 kB
MemTotal:        1844596 kB
MemFree:          503280 kB
MemAvailable:    1383104 kB
Buffers:           90192 kB
Cached:           812080 kB
MemTotal:        1844596 kB
MemFree:          503532 kB
MemAvailable:    1383356 kB
Buffers:           90192 kB
Cached:           812080 kB
MemTotal:        1844596 kB
MemFree:          503460 kB
MemAvailable:    1383292 kB
Buffers:           90192 kB
Cached:           812088 kB
MemTotal:        1844596 kB
MemFree:          502560 kB
MemAvailable:    1382392 kB
Buffers:           90192 kB
Cached:           812088 kB
MemTotal:        1844596 kB
MemFree:          503332 kB
MemAvailable:    1383164 kB
Buffers:           90192 kB
Cached:           812088 kB
MemTotal:        1844596 kB
MemFree:          503304 kB
MemAvailable:    1383136 kB
Buffers:           90192 kB
Cached:           812088 kB
MemTotal:        1844596 kB
MemFree:          503240 kB
MemAvailable:    1383072 kB
Buffers:           90192 kB
Cached:           812088 kB
MemTotal:        1844596 kB
MemFree:          503496 kB
MemAvailable:    1383328 kB
Buffers:           90192 kB
Cached:           812088 kB
MemTotal:        1844596 kB
MemFree:          503364 kB
MemAvailable:    1383196 kB
Buffers:           90192 kB
Cached:           812088 kB
MemTotal:        1844596 kB
MemFree:          502800 kB
MemAvailable:    1382632 kB
Buffers:           90192 kB
Cached:           812088 kB
MemTotal:        1844596 kB
MemFree:          503352 kB
MemAvailable:    1383184 kB
Buffers:           90192 kB
Cached:           812088 kB
MemTotal:        1844596 kB
MemFree:          503604 kB
MemAvailable:    1383436 kB
Buffers:           90192 kB
Cached:           812088 kB
MemTotal:        1844596 kB
MemFree:          503460 kB
MemAvailable:    1383292 kB
Buffers:           90192 kB
Cached:           812088 kB
MemTotal:        1844596 kB
MemFree:          503532 kB
MemAvailable:    1383364 kB
Buffers:           90192 kB
Cached:           812088 kB
MemTotal:        1844596 kB
MemFree:          502120 kB
MemAvailable:    1381952 kB
Buffers:           90192 kB
Cached:           812088 kB
MemTotal:        1844596 kB
MemFree:          502360 kB
MemAvailable:    1382192 kB
Buffers:           90192 kB
Cached:           812088 kB
MemTotal:        1844596 kB
MemFree:          502112 kB
MemAvailable:    1381944 kB
Buffers:           90192 kB
Cached:           812088 kB
MemTotal:        1844596 kB
MemFree:          503388 kB
MemAvailable:    1383220 kB
Buffers:           90192 kB
Cached:           812088 kB
MemTotal:        1844596 kB
MemFree:          503640 kB
MemAvailable:    1383472 kB
Buffers:           90192 kB
Cached:           812088 kB
MemTotal:        1844596 kB
MemFree:          502172 kB
MemAvailable:    1382004 kB
Buffers:           90192 kB
Cached:           812088 kB
MemTotal:        1844596 kB
MemFree:          502380 kB
MemAvailable:    1382212 kB
Buffers:           90192 kB
Cached:           812088 kB
MemTotal:        1844596 kB
MemFree:          502168 kB
MemAvailable:    1382000 kB
Buffers:           90192 kB
Cached:           812088 kB
MemTotal:        1844596 kB
MemFree:          502028 kB
MemAvailable:    1381860 kB
Buffers:           90192 kB
Cached:           812088 kB
MemTotal:        1844596 kB
MemFree:          502120 kB
MemAvailable:    1381952 kB
Buffers:           90192 kB
Cached:           812088 kB
MemTotal:        1844596 kB
MemFree:          502240 kB
MemAvailable:    1382072 kB
Buffers:           90192 kB
Cached:           812088 kB
MemTotal:        1844596 kB
MemFree:          503452 kB
MemAvailable:    1383284 kB
Buffers:           90192 kB
Cached:           812088 kB
MemTotal:        1844596 kB
MemFree:          503508 kB
MemAvailable:    1383340 kB
Buffers:           90192 kB
Cached:           812088 kB
MemTotal:        1844596 kB
MemFree:          502104 kB
MemAvailable:    1381936 kB
Buffers:           90192 kB
Cached:           812088 kB
MemTotal:        1844596 kB
MemFree:          503380 kB
MemAvailable:    1383212 kB
Buffers:           90192 kB
Cached:           812088 kB
MemTotal:        1844596 kB
MemFree:          503632 kB
MemAvailable:    1383464 kB
Buffers:           90192 kB
Cached:           812088 kB
MemTotal:        1844596 kB
MemFree:          502056 kB
MemAvailable:    1381888 kB
Buffers:           90192 kB
Cached:           812088 kB
MemTotal:        1844596 kB
MemFree:          503172 kB
MemAvailable:    1383004 kB
Buffers:           90192 kB
Cached:           812088 kB
MemTotal:        1844596 kB
MemFree:          500320 kB
MemAvailable:    1380152 kB
Buffers:           90192 kB
Cached:           812088 kB
MemTotal:        1844596 kB
MemFree:          497468 kB
MemAvailable:    1377300 kB
Buffers:           90192 kB
Cached:           812088 kB
MemTotal:        1844596 kB
MemFree:          495980 kB
MemAvailable:    1375812 kB
Buffers:           90192 kB
Cached:           812088 kB
MemTotal:        1844596 kB
MemFree:          492260 kB
MemAvailable:    1372092 kB
Buffers:           90192 kB
Cached:           812088 kB
MemTotal:        1844596 kB
MemFree:          489408 kB
MemAvailable:    1369240 kB
Buffers:           90192 kB
Cached:           812088 kB
MemTotal:        1844596 kB
MemFree:          486432 kB
MemAvailable:    1366264 kB
Buffers:           90192 kB
Cached:           812088 kB
MemTotal:        1844596 kB
MemFree:          484036 kB
MemAvailable:    1363868 kB
Buffers:           90192 kB
Cached:           812088 kB
MemTotal:        1844596 kB
MemFree:          484180 kB
MemAvailable:    1364012 kB
Buffers:           90192 kB
Cached:           812088 kB
MemTotal:        1844596 kB
MemFree:          483904 kB
MemAvailable:    1363736 kB
Buffers:           90192 kB
Cached:           812088 kB
MemTotal:        1844596 kB
MemFree:          482784 kB
MemAvailable:    1362616 kB
Buffers:           90192 kB
Cached:           812088 kB
MemTotal:        1844596 kB
MemFree:          482660 kB
MemAvailable:    1362492 kB
Buffers:           90192 kB
Cached:           812088 kB
MemTotal:        1844596 kB
MemFree:          482660 kB
MemAvailable:    1362492 kB
Buffers:           90192 kB
Cached:           812088 kB
MemTotal:        1844596 kB
MemFree:          483956 kB
MemAvailable:    1363788 kB
Buffers:           90192 kB
Cached:           812088 kB
MemTotal:        1844596 kB
MemFree:          484012 kB
MemAvailable:    1363844 kB
Buffers:           90192 kB
Cached:           812088 kB
MemTotal:        1844596 kB
MemFree:          483932 kB
MemAvailable:    1363764 kB
Buffers:           90192 kB
Cached:           812088 kB
MemTotal:        1844596 kB
MemFree:          482768 kB
MemAvailable:    1362600 kB
Buffers:           90192 kB
Cached:           812088 kB
MemTotal:        1844596 kB
MemFree:          482644 kB
MemAvailable:    1362476 kB
Buffers:           90192 kB
Cached:           812088 kB
MemTotal:        1844596 kB
MemFree:          483940 kB
MemAvailable:    1363772 kB
Buffers:           90192 kB
Cached:           812088 kB
MemTotal:        1844596 kB
MemFree:          482676 kB
MemAvailable:    1362508 kB
Buffers:           90192 kB
Cached:           812088 kB
MemTotal:        1844596 kB
MemFree:          482664 kB
MemAvailable:    1362496 kB
Buffers:           90192 kB
Cached:           812088 kB
MemTotal:        1844596 kB
MemFree:          483888 kB
MemAvailable:    1363720 kB
Buffers:           90192 kB
Cached:           812088 kB
MemTotal:        1844596 kB
MemFree:          483756 kB
MemAvailable:    1363588 kB
Buffers:           90192 kB
Cached:           812088 kB
MemTotal:        1844596 kB
MemFree:          482284 kB
MemAvailable:    1362116 kB
Buffers:           90192 kB
Cached:           812088 kB
MemTotal:        1844596 kB
MemFree:          482284 kB
MemAvailable:    1362116 kB
Buffers:           90192 kB
Cached:           812088 kB
MemTotal:        1844596 kB
MemFree:          482284 kB
MemAvailable:    1362116 kB
Buffers:           90192 kB
Cached:           812088 kB
MemTotal:        1844596 kB
MemFree:          482404 kB
MemAvailable:    1362236 kB
Buffers:           90192 kB
Cached:           812088 kB
MemTotal:        1844596 kB
MemFree:          483500 kB
MemAvailable:    1363332 kB
Buffers:           90192 kB
Cached:           812088 kB
MemTotal:        1844596 kB
MemFree:          483456 kB
MemAvailable:    1363288 kB
Buffers:           90192 kB
Cached:           812088 kB
MemTotal:        1844596 kB
MemFree:          483428 kB
MemAvailable:    1363260 kB
Buffers:           90192 kB
Cached:           812088 kB
MemTotal:        1844596 kB
MemFree:          483764 kB
MemAvailable:    1363596 kB
Buffers:           90192 kB
Cached:           812088 kB
MemTotal:        1844596 kB
MemFree:          483552 kB
MemAvailable:    1363384 kB
Buffers:           90192 kB
Cached:           812088 kB
MemTotal:        1844596 kB
MemFree:          482704 kB
MemAvailable:    1362536 kB
Buffers:           90192 kB
Cached:           812088 kB
MemTotal:        1844596 kB
MemFree:          482596 kB
MemAvailable:    1362428 kB
Buffers:           90192 kB
Cached:           812088 kB
MemTotal:        1844596 kB
MemFree:          474264 kB
MemAvailable:    1354096 kB
Buffers:           90192 kB
Cached:           812088 kB
MemTotal:        1844596 kB
MemFree:          473360 kB
MemAvailable:    1353068 kB
Buffers:           90192 kB
Cached:           812088 kB
MemTotal:        1844596 kB
MemFree:          473868 kB
MemAvailable:    1353700 kB
Buffers:           90192 kB
Cached:           812088 kB
MemTotal:        1844596 kB
MemFree:          473908 kB
MemAvailable:    1353740 kB
Buffers:           90192 kB
Cached:           812088 kB
MemTotal:        1844596 kB
MemFree:          472412 kB
MemAvailable:    1352244 kB
Buffers:           90192 kB
Cached:           812088 kB
MemTotal:        1844596 kB
MemFree:          473720 kB
MemAvailable:    1353564 kB
Buffers:           90192 kB
Cached:           812100 kB
MemTotal:        1844596 kB
MemFree:          472412 kB
MemAvailable:    1352256 kB
Buffers:           90192 kB
Cached:           812100 kB
MemTotal:        1844596 kB
MemFree:          473836 kB
MemAvailable:    1353680 kB
Buffers:           90192 kB
Cached:           812100 kB
MemTotal:        1844596 kB
MemFree:          472268 kB
MemAvailable:    1352112 kB
Buffers:           90192 kB
Cached:           812100 kB
MemTotal:        1844596 kB
MemFree:          473148 kB
MemAvailable:    1352992 kB
Buffers:           90192 kB
Cached:           812100 kB
MemTotal:        1844596 kB
MemFree:          472668 kB
MemAvailable:    1352512 kB
Buffers:           90192 kB
Cached:           812100 kB
MemTotal:        1844596 kB
MemFree:          472984 kB
MemAvailable:    1352912 kB
Buffers:           90192 kB
Cached:           812224 kB
MemTotal:        1844596 kB
MemFree:          471744 kB
MemAvailable:    1351840 kB
Buffers:           90192 kB
Cached:           812348 kB
MemTotal:        1844596 kB
MemFree:          473036 kB
MemAvailable:    1353300 kB
Buffers:           90192 kB
Cached:           812472 kB
MemTotal:        1844596 kB
MemFree:          472844 kB
MemAvailable:    1353108 kB
Buffers:           90192 kB
Cached:           812472 kB
MemTotal:        1844596 kB
MemFree:          471480 kB
MemAvailable:    1351828 kB
Buffers:           90192 kB
Cached:           812720 kB
MemTotal:        1844596 kB
MemFree:          471356 kB
MemAvailable:    1351788 kB
Buffers:           90192 kB
Cached:           812720 kB
MemTotal:        1844596 kB
MemFree:          472456 kB
MemAvailable:    1352888 kB
Buffers:           90192 kB
Cached:           812720 kB
MemTotal:        1844596 kB
MemFree:          472792 kB
MemAvailable:    1353224 kB
Buffers:           90192 kB
Cached:           812720 kB
MemTotal:        1844596 kB
MemFree:          471224 kB
MemAvailable:    1351656 kB
Buffers:           90192 kB
Cached:           812720 kB
MemTotal:        1844596 kB
MemFree:          472332 kB
MemAvailable:    1352764 kB
Buffers:           90192 kB
Cached:           812720 kB
MemTotal:        1844596 kB
MemFree:          472056 kB
MemAvailable:    1352488 kB
Buffers:           90192 kB
Cached:           812720 kB
MemTotal:        1844596 kB
MemFree:          472288 kB
MemAvailable:    1352720 kB
Buffers:           90192 kB
Cached:           812720 kB
MemTotal:        1844596 kB
MemFree:          471296 kB
MemAvailable:    1351728 kB
Buffers:           90192 kB
Cached:           812844 kB
MemTotal:        1844596 kB
MemFree:          472776 kB
MemAvailable:    1352652 kB
Buffers:           90192 kB
Cached:           812160 kB
MemTotal:        1844596 kB
MemFree:          471676 kB
MemAvailable:    1351552 kB
Buffers:           90192 kB
Cached:           812160 kB
MemTotal:        1844596 kB
MemFree:          618716 kB
MemAvailable:    1498592 kB
Buffers:           90192 kB
Cached:           812160 kB
MemTotal:        1844596 kB
MemFree:          664768 kB
MemAvailable:    1544644 kB
Buffers:           90192 kB
Cached:           812160 kB
