MemTotal:        1844596 kB
MemFree:          261068 kB
MemAvailable:    1544964 kB
Buffers:          103484 kB
Cached:          1197144 kB
MemTotal:        1844596 kB
MemFree:          234376 kB
MemAvailable:    1518276 kB
Buffers:          103484 kB
Cached:          1197148 kB
MemTotal:        1844596 kB
MemFree:          233064 kB
MemAvailable:    1516964 kB
Buffers:          103484 kB
Cached:          1197148 kB
MemTotal:        1844596 kB
MemFree:          231772 kB
MemAvailable:    1515672 kB
Buffers:          103484 kB
Cached:          1197148 kB
MemTotal:        1844596 kB
MemFree:          230368 kB
MemAvailable:    1514268 kB
Buffers:          103484 kB
Cached:          1197148 kB
MemTotal:        1844596 kB
MemFree:          229036 kB
MemAvailable:    1512936 kB
Buffers:          103484 kB
Cached:          1197148 kB
MemTotal:        1844596 kB
MemFree:          229836 kB
MemAvailable:    1513736 kB
Buffers:          103484 kB
Cached:          1197148 kB
MemTotal:        1844596 kB
MemFree:          227556 kB
MemAvailable:    1511456 kB
Buffers:          103484 kB
Cached:          1197148 kB
MemTotal:        1844596 kB
MemFree:          225572 kB
MemAvailable:    1509472 kB
Buffers:          103484 kB
Cached:          1197148 kB
MemTotal:        1844596 kB
MemFree:          222588 kB
MemAvailable:    1506488 kB
Buffers:          103484 kB
Cached:          1197148 kB
MemTotal:        1844596 kB
MemFree:          222340 kB
MemAvailable:    1506240 kB
Buffers:          103484 kB
Cached:          1197148 kB
MemTotal:        1844596 kB
MemFree:          221160 kB
MemAvailable:    1505060 kB
Buffers:          103484 kB
Cached:          1197148 kB
MemTotal:        1844596 kB
MemFree:          220468 kB
MemAvailable:    1504368 kB
Buffers:          103484 kB
Cached:          1197148 kB
MemTotal:        1844596 kB
MemFree:          221144 kB
MemAvailable:    1505044 kB
Buffers:          103484 kB
Cached:          1197148 kB
MemTotal:        1844596 kB
MemFree:          221480 kB
MemAvailable:    1505380 kB
Buffers:          103484 kB
Cached:          1197148 kB
MemTotal:        1844596 kB
MemFree:          221320 kB
MemAvailable:    1505220 kB
Buffers:          103484 kB
Cached:          1197148 kB
MemTotal:        1844596 kB
MemFree:          220240 kB
MemAvailable:    1504140 kB
Buffers:          103484 kB
Cached:          1197148 kB
MemTotal:        1844596 kB
MemFree:          220924 kB
MemAvailable:    1504824 kB
Buffers:          103484 kB
Cached:          1197148 kB
MemTotal:        1844596 kB
MemFree:          221260 kB
MemAvailable:    1505160 kB
Buffers:          103484 kB
Cached:          1197148 kB
MemTotal:        1844596 kB
MemFree:          220792 kB
MemAvailable:    1504692 kB
Buffers:          103484 kB
Cached:          1197148 kB
MemTotal:        1844596 kB
MemFree:          220792 kB
MemAvailable:    1504692 kB
Buffers:          103484 kB
Cached:          1197148 kB
MemTotal:        1844596 kB
MemFree:          220740 kB
MemAvailable:    1504640 kB
Buffers:          103484 kB
Cached:          1197148 kB
MemTotal:        1844596 kB
MemFree:          219688 kB
MemAvailable:    1503588 kB
Buffers:          103484 kB
Cached:          1197148 kB
MemTotal:        1844596 kB
MemFree:          220548 kB
MemAvailable:    1504448 kB
Buffers:          103484 kB
Cached:          1197148 kB
MemTotal:        1844596 kB
MemFree:          219876 kB
MemAvailable:    1503776 kB
Buffers:          103484 kB
Cached:          1197148 kB
MemTotal:        1844596 kB
MemFree:          220168 kB
MemAvailable:    1504068 kB
Buffers:          103484 kB
Cached:          1197148 kB
MemTotal:        1844596 kB
MemFree:          220036 kB
MemAvailable:    1503936 kB
Buffers:          103484 kB
Cached:          1197148 kB
MemTotal:        1844596 kB
MemFree:          219008 kB
MemAvailable:    1502908 kB
Buffers:          103484 kB
Cached:          1197148 kB
MemTotal:        1844596 kB
MemFree:          219688 kB
MemAvailable:    1503588 kB
Buffers:          103484 kB
Cached:          1197148 kB
MemTotal:        1844596 kB
MemFree:          219944 kB
MemAvailable:    1503844 kB
Buffers:          103484 kB
Cached:          1197148 kB
MemTotal:        1844596 kB
MemFree:          217876 kB
MemAvailable:    1501776 kB
Buffers:          103484 kB
Cached:          1197148 kB
MemTotal:        1844596 kB
MemFree:          217636 kB
MemAvailable:    1501536 kB
Buffers:          103484 kB
Cached:          1197148 kB
MemTotal:        1844596 kB
MemFree:          218688 kB
MemAvailable:    1502588 kB
Buffers:          103484 kB
Cached:          1197148 kB
MemTotal:        1844596 kB
MemFree:          218440 kB
MemAvailable:    1502340 kB
Buffers:          103484 kB
Cached:          1197148 kB
MemTotal:        1844596 kB
MemFree:          217396 kB
MemAvailable:    1501296 kB
Buffers:          103484 kB
Cached:          1197148 kB
MemTotal:        1844596 kB
MemFree:          218208 kB
MemAvailable:    1502112 kB
Buffers:          103484 kB
Cached:          1197152 kB
MemTotal:        1844596 kB
MemFree:          218372 kB
MemAvailable:    1502276 kB
Buffers:          103484 kB
Cached:          1197152 kB
MemTotal:        1844596 kB
MemFree:          218140 kB
MemAvailable:    1502044 kB
Buffers:          103484 kB
Cached:          1197152 kB
MemTotal:        1844596 kB
MemFree:          218248 kB
MemAvailable:    1502152 kB
Buffers:          103484 kB
Cached:          1197152 kB
MemTotal:        1844596 kB
MemFree:          217216 kB
MemAvailable:    1501120 kB
Buffers:          103484 kB
Cached:          1197152 kB
MemTotal:        1844596 kB
MemFree:          217092 kB
MemAvailable:    1500996 kB
Buffers:          103484 kB
Cached:          1197152 kB
MemTotal:        1844596 kB
MemFree:          217944 kB
MemAvailable:    1501848 kB
Buffers:          103484 kB
Cached:          1197152 kB
MemTotal:        1844596 kB
MemFree:          215712 kB
MemAvailable:    1499616 kB
Buffers:          103484 kB
Cached:          1197152 kB
MemTotal:        1844596 kB
MemFree:          213040 kB
MemAvailable:    1496944 kB
Buffers:          103484 kB
Cached:          1197152 kB
MemTotal:        1844596 kB
MemFree:          213040 kB
MemAvailable:    1496944 kB
Buffers:          103484 kB
Cached:          1197152 kB
MemTotal:        1844596 kB
MemFree:          213164 kB
MemAvailable:    1497068 kB
Buffers:          103484 kB
Cached:          1197152 kB
MemTotal:        1844596 kB
MemFree:          211792 kB
MemAvailable:    1495696 kB
Buffers:          103484 kB
Cached:          1197152 kB
MemTotal:        1844596 kB
MemFree:          212304 kB
MemAvailable:    1496208 kB
Buffers:          103484 kB
Cached:          1197152 kB
MemTotal:        1844596 kB
MemFree:          211496 kB
MemAvailable:    1495400 kB
Buffers:          103484 kB
Cached:          1197152 kB
MemTotal:        1844596 kB
MemFree:          211932 kB
MemAvailable:    1495836 kB
Buffers:          103484 kB
Cached:          1197152 kB
MemTotal:        1844596 kB
MemFree:          212544 kB
MemAvailable:    1496448 kB
Buffers:          103484 kB
Cached:          1197152 kB
MemTotal:        1844596 kB
MemFree:          212880 kB
MemAvailable:    1496784 kB
Buffers:          103484 kB
Cached:          1197152 kB
MemTotal:        1844596 kB
MemFree:          211428 kB
MemAvailable:    1495332 kB
Buffers:          103484 kB
Cached:          1197152 kB
MemTotal:        1844596 kB
MemFree:          212604 kB
MemAvailable:    1496508 kB
Buffers:          103484 kB
Cached:          1197152 kB
MemTotal:        1844596 kB
MemFree:          211940 kB
MemAvailable:    1495844 kB
Buffers:          103484 kB
Cached:          1197152 kB
MemTotal:        1844596 kB
MemFree:          212552 kB
MemAvailable:    1496456 kB
Buffers:          103484 kB
Cached:          1197152 kB
MemTotal:        1844596 kB
MemFree:          211256 kB
MemAvailable:    1495160 kB
Buffers:          103484 kB
Cached:          1197152 kB
MemTotal:        1844596 kB
MemFree:          211264 kB
MemAvailable:    1495168 kB
Buffers:          103484 kB
Cached:          1197152 kB
MemTotal:        1844596 kB
MemFree:          210436 kB
MemAvailable:    1494340 kB
Buffers:          103484 kB
Cached:          1197152 kB
MemTotal:        1844596 kB
MemFree:          210064 kB
MemAvailable:    1493968 kB
Buffers:          103484 kB
Cached:          1197152 kB
MemTotal:        1844596 kB
MemFree:          206972 kB
MemAvailable:    1490876 kB
Buffers:          103484 kB
Cached:          1197152 kB
MemTotal:        1844596 kB
MemFree:          206600 kB
MemAvailable:    1490504 kB
Buffers:          103484 kB
Cached:          1197152 kB
MemTotal:        1844596 kB
MemFree:          205368 kB
MemAvailable:    1489272 kB
Buffers:          103484 kB
Cached:          1197152 kB
MemTotal:        1844596 kB
MemFree:          204980 kB
MemAvailable:    1488884 kB
Buffers:          103484 kB
Cached:          1197152 kB
MemTotal:        1844596 kB
MemFree:          205112 kB
MemAvailable:    1489016 kB
Buffers:          103484 kB
Cached:          1197152 kB
MemTotal:        1844596 kB
MemFree:          204552 kB
MemAvailable:    1488456 kB
Buffers:          103484 kB
Cached:          1197152 kB
MemTotal:        1844596 kB
MemFree:          203980 kB
MemAvailable:    1487884 kB
Buffers:          103484 kB
Cached:          1197152 kB
MemTotal:        1844596 kB
MemFree:          203252 kB
MemAvailable:    1487156 kB
Buffers:          103484 kB
Cached:          1197152 kB
MemTotal:        1844596 kB
MemFree:          203984 kB
MemAvailable:    1487888 kB
Buffers:          103484 kB
Cached:          1197152 kB
MemTotal:        1844596 kB
MemFree:          202984 kB
MemAvailable:    1486888 kB
Buffers:          103484 kB
Cached:          1197152 kB
MemTotal:        1844596 kB
MemFree:          202612 kB
MemAvailable:    1486516 kB
Buffers:          103484 kB
Cached:          1197152 kB
MemTotal:        1844596 kB
MemFree:          203852 kB
MemAvailable:    1487756 kB
Buffers:          103484 kB
Cached:          1197152 kB
MemTotal:        1844596 kB
MemFree:          203012 kB
MemAvailable:    1486916 kB
Buffers:          103484 kB
Cached:          1197152 kB
MemTotal:        1844596 kB
MemFree:          203996 kB
MemAvailable:    1487900 kB
Buffers:          103484 kB
Cached:          1197152 kB
MemTotal:        1844596 kB
MemFree:          202888 kB
MemAvailable:    1486792 kB
Buffers:          103484 kB
Cached:          1197152 kB
MemTotal:        1844596 kB
MemFree:          203608 kB
MemAvailable:    1487512 kB
Buffers:          103484 kB
Cached:          1197152 kB
MemTotal:        1844596 kB
MemFree:          203944 kB
MemAvailable:    1487848 kB
Buffers:          103484 kB
Cached:          1197152 kB
MemTotal:        1844596 kB
MemFree:          203700 kB
MemAvailable:    1487604 kB
Buffers:          103484 kB
Cached:          1197152 kB
MemTotal:        1844596 kB
MemFree:          202996 kB
MemAvailable:    1486900 kB
Buffers:          103484 kB
Cached:          1197152 kB
MemTotal:        1844596 kB
MemFree:          203608 kB
MemAvailable:    1487516 kB
Buffers:          103484 kB
Cached:          1197156 kB
MemTotal:        1844596 kB
MemFree:          203500 kB
MemAvailable:    1487408 kB
Buffers:          103484 kB
Cached:          1197156 kB
MemTotal:        1844596 kB
MemFree:          203548 kB
MemAvailable:    1487456 kB
Buffers:          103484 kB
Cached:          1197156 kB
MemTotal:        1844596 kB
MemFree:          203564 kB
MemAvailable:    1487472 kB
Buffers:          103484 kB
Cached:          1197156 kB
MemTotal:        1844596 kB
MemFree:          202764 kB
MemAvailable:    1486672 kB
Buffers:          103484 kB
Cached:          1197156 kB
MemTotal:        1844596 kB
MemFree:          203320 kB
MemAvailable:    1487228 kB
Buffers:          103484 kB
Cached:          1197156 kB
MemTotal:        1844596 kB
MemFree:          203656 kB
MemAvailable:    1487564 kB
Buffers:          103484 kB
Cached:          1197156 kB
MemTotal:        1844596 kB
MemFree:          202088 kB
MemAvailable:    1485996 kB
Buffers:          103484 kB
Cached:          1197156 kB
MemTotal:        1844596 kB
MemFree:          201320 kB
MemAvailable:    1485228 kB
Buffers:          103484 kB
Cached:          1197156 kB
MemTotal:        1844596 kB
MemFree:          197920 kB
MemAvailable:    1481828 kB
Buffers:          103484 kB
Cached:          1197156 kB
MemTotal:        1844596 kB
MemFree:          195316 kB
MemAvailable:    1479224 kB
Buffers:          103484 kB
Cached:          1197156 kB
MemTotal:        1844596 kB
MemFree:          195176 kB
MemAvailable:    1479084 kB
Buffers:          103484 kB
Cached:          1197156 kB
MemTotal:        1844596 kB
MemFree:          195176 kB
MemAvailable:    1479084 kB
Buffers:          103484 kB
Cached:          1197156 kB
MemTotal:        1844596 kB
MemFree:          194872 kB
MemAvailable:    1478780 kB
Buffers:          103484 kB
Cached:          1197156 kB
MemTotal:        1844596 kB
MemFree:          195208 kB
MemAvailable:    1479116 kB
Buffers:          103484 kB
Cached:          1197156 kB
MemTotal:        1844596 kB
MemFree:          194740 kB
MemAvailable:    1478648 kB
Buffers:          103484 kB
Cached:          1197156 kB
MemTotal:        1844596 kB
MemFree:          194556 kB
MemAvailable:    1478464 kB
Buffers:          103484 kB
Cached:          1197156 kB
MemTotal:        1844596 kB
MemFree:          194732 kB
MemAvailable:    1478640 kB
Buffers:          103484 kB
Cached:          1197156 kB
MemTotal:        1844596 kB
MemFree:          194756 kB
MemAvailable:    1478664 kB
Buffers:          103484 kB
Cached:          1197156 kB
MemTotal:        1844596 kB
MemFree:          194084 kB
MemAvailable:    1477992 kB
Buffers:          103484 kB
Cached:          1197156 kB
MemTotal:        1844596 kB
MemFree:          194804 kB
MemAvailable:    1478712 kB
Buffers:          103484 kB
Cached:          1197156 kB
MemTotal:        1844596 kB
MemFree:          194804 kB
MemAvailable:    1478712 kB
Buffers:          103484 kB
Cached:          1197156 kB
MemTotal:        1844596 kB
MemFree:          194824 kB
MemAvailable:    1478732 kB
Buffers:          103484 kB
Cached:          1197156 kB
MemTotal:        1844596 kB
MemFree:          193640 kB
MemAvailable:    1477548 kB
Buffers:          103484 kB
Cached:          1197156 kB
MemTotal:        1844596 kB
MemFree:          194800 kB
MemAvailable:    1478708 kB
Buffers:          103484 kB
Cached:          1197156 kB
MemTotal:        1844596 kB
MemFree:          194688 kB
MemAvailable:    1478596 kB
Buffers:          103484 kB
Cached:          1197156 kB
MemTotal:        1844596 kB
MemFree:          194616 kB
MemAvailable:    1478524 kB
Buffers:          103484 kB
Cached:          1197156 kB
MemTotal:        1844596 kB
MemFree:          194952 kB
MemAvailable:    1478860 kB
Buffers:          103484 kB
Cached:          1197156 kB
MemTotal:        1844596 kB
MemFree:          193324 kB
MemAvailable:    1477232 kB
Buffers:          103484 kB
Cached:          1197156 kB
MemTotal:        1844596 kB
MemFree:          194624 kB
MemAvailable:    1478532 kB
Buffers:          103484 kB
Cached:          1197156 kB
MemTotal:        1844596 kB
MemFree:          193656 kB
MemAvailable:    1477564 kB
Buffers:          103484 kB
Cached:          1197156 kB
MemTotal:        1844596 kB
MemFree:          193448 kB
MemAvailable:    1477360 kB
Buffers:          103484 kB
Cached:          1197160 kB
MemTotal:        1844596 kB
MemFree:          194640 kB
MemAvailable:    1478552 kB
Buffers:          103484 kB
Cached:          1197160 kB
MemTotal:        1844596 kB
MemFree:          194448 kB
MemAvailable:    1478360 kB
Buffers:          103484 kB
Cached:          1197160 kB
MemTotal:        1844596 kB
MemFree:          194780 kB
MemAvailable:    1478692 kB
Buffers:          103484 kB
Cached:          1197160 kB
MemTotal:        1844596 kB
MemFree:          193448 kB
MemAvailable:    1477360 kB
Buffers:          103484 kB
Cached:          1197160 kB
MemTotal:        1844596 kB
MemFree:          194696 kB
MemAvailable:    1478608 kB
Buffers:          103484 kB
Cached:          1197160 kB
MemTotal:        1844596 kB
MemFree:          194680 kB
MemAvailable:    1478592 kB
Buffers:          103484 kB
Cached:          1197160 kB
MemTotal:        1844596 kB
MemFree:          194896 kB
MemAvailable:    1478808 kB
Buffers:          103484 kB
Cached:          1197160 kB
MemTotal:        1844596 kB
MemFree:          193436 kB
MemAvailable:    1477348 kB
Buffers:          103484 kB
Cached:          1197160 kB
MemTotal:        1844596 kB
MemFree:          194868 kB
MemAvailable:    1478780 kB
Buffers:          103484 kB
Cached:          1197160 kB
MemTotal:        1844596 kB
MemFree:          193568 kB
MemAvailable:    1477480 kB
Buffers:          103484 kB
Cached:          1197160 kB
MemTotal:        1844596 kB
MemFree:          193692 kB
MemAvailable:    1477604 kB
Buffers:          103484 kB
Cached:          1197160 kB
MemTotal:        1844596 kB
MemFree:          193568 kB
MemAvailable:    1477480 kB
Buffers:          103484 kB
Cached:          1197160 kB
MemTotal:        1844596 kB
MemFree:          194820 kB
MemAvailable:    1478732 kB
Buffers:          103484 kB
Cached:          1197160 kB
MemTotal:        1844596 kB
MemFree:          194880 kB
MemAvailable:    1478792 kB
Buffers:          103484 kB
Cached:          1197160 kB
MemTotal:        1844596 kB
MemFree:          194076 kB
MemAvailable:    1477988 kB
Buffers:          103484 kB
Cached:          1197160 kB
MemTotal:        1844596 kB
MemFree:          192448 kB
MemAvailable:    1476360 kB
Buffers:          103484 kB
Cached:          1197160 kB
MemTotal:        1844596 kB
MemFree:          192448 kB
MemAvailable:    1476360 kB
Buffers:          103484 kB
Cached:          1197160 kB
MemTotal:        1844596 kB
MemFree:          187504 kB
MemAvailable:    1471416 kB
Buffers:          103484 kB
Cached:          1197160 kB
MemTotal:        1844596 kB
MemFree:          184156 kB
MemAvailable:    1468068 kB
Buffers:          103484 kB
Cached:          1197160 kB
MemTotal:        1844596 kB
MemFree:          182916 kB
MemAvailable:    1466828 kB
Buffers:          103484 kB
Cached:          1197160 kB
MemTotal:        1844596 kB
MemFree:          182908 kB
MemAvailable:    1466820 kB
Buffers:          103484 kB
Cached:          1197160 kB
MemTotal:        1844596 kB
MemFree:          183960 kB
MemAvailable:    1467872 kB
Buffers:          103484 kB
Cached:          1197160 kB
MemTotal:        1844596 kB
MemFree:          184080 kB
MemAvailable:    1467992 kB
Buffers:          103484 kB
Cached:          1197160 kB
MemTotal:        1844596 kB
MemFree:          183040 kB
MemAvailable:    1466952 kB
Buffers:          103484 kB
Cached:          1197160 kB
MemTotal:        1844596 kB
MemFree:          182904 kB
MemAvailable:    1466816 kB
Buffers:          103484 kB
Cached:          1197160 kB
MemTotal:        1844596 kB
MemFree:          183840 kB
MemAvailable:    1467752 kB
Buffers:          103484 kB
Cached:          1197160 kB
MemTotal:        1844596 kB
MemFree:          183784 kB
MemAvailable:    1467696 kB
Buffers:          103484 kB
Cached:          1197160 kB
MemTotal:        1844596 kB
MemFree:          184020 kB
MemAvailable:    1467932 kB
Buffers:          103484 kB
Cached:          1197160 kB
MemTotal:        1844596 kB
MemFree:          183764 kB
MemAvailable:    1467676 kB
Buffers:          103484 kB
Cached:          1197160 kB
MemTotal:        1844596 kB
MemFree:          182732 kB
MemAvailable:    1466644 kB
Buffers:          103484 kB
Cached:          1197160 kB
MemTotal:        1844596 kB
MemFree:          183776 kB
MemAvailable:    1467688 kB
Buffers:          103484 kB
Cached:          1197160 kB
MemTotal:        1844596 kB
MemFree:          182600 kB
MemAvailable:    1466512 kB
Buffers:          103484 kB
Cached:          1197160 kB
MemTotal:        1844596 kB
MemFree:          183840 kB
MemAvailable:    1467752 kB
Buffers:          103484 kB
Cached:          1197160 kB
MemTotal:        1844596 kB
MemFree:          183700 kB
MemAvailable:    1467612 kB
Buffers:          103484 kB
Cached:          1197160 kB
MemTotal:        1844596 kB
MemFree:          182464 kB
MemAvailable:    1466376 kB
Buffers:          103484 kB
Cached:          1197160 kB
MemTotal:        1844596 kB
MemFree:          182712 kB
MemAvailable:    1466624 kB
Buffers:          103484 kB
Cached:          1197160 kB
MemTotal:        1844596 kB
MemFree:          182756 kB
MemAvailable:    1466668 kB
Buffers:          103484 kB
Cached:          1197160 kB
MemTotal:        1844596 kB
MemFree:          183988 kB
MemAvailable:    1467900 kB
Buffers:          103484 kB
Cached:          1197160 kB
MemTotal:        1844596 kB
MemFree:          183992 kB
MemAvailable:    1467904 kB
Buffers:          103484 kB
Cached:          1197160 kB
MemTotal:        1844596 kB
MemFree:          183156 kB
MemAvailable:    1467068 kB
Buffers:          103484 kB
Cached:          1197160 kB
MemTotal:        1844596 kB
MemFree:          184008 kB
MemAvailable:    1467928 kB
Buffers:          103484 kB
Cached:          1197168 kB
MemTotal:        1844596 kB
MemFree:          184008 kB
MemAvailable:    1467928 kB
Buffers:          103484 kB
Cached:          1197168 kB
MemTotal:        1844596 kB
MemFree:          183940 kB
MemAvailable:    1467860 kB
Buffers:          103484 kB
Cached:          1197168 kB
MemTotal:        1844596 kB
MemFree:          183900 kB
MemAvailable:    1467820 kB
Buffers:          103484 kB
Cached:          1197168 kB
MemTotal:        1844596 kB
MemFree:          183896 kB
MemAvailable:    1467816 kB
Buffers:          103484 kB
Cached:          1197168 kB
MemTotal:        1844596 kB
MemFree:          183932 kB
MemAvailable:    1467852 kB
Buffers:          103484 kB
Cached:          1197168 kB
MemTotal:        1844596 kB
MemFree:          183844 kB
MemAvailable:    1467764 kB
Buffers:          103484 kB
Cached:          1197168 kB
MemTotal:        1844596 kB
MemFree:          182620 kB
MemAvailable:    1466540 kB
Buffers:          103484 kB
Cached:          1197168 kB
MemTotal:        1844596 kB
MemFree:          183920 kB
MemAvailable:    1467840 kB
Buffers:          103484 kB
Cached:          1197168 kB
MemTotal:        1844596 kB
MemFree:          183916 kB
MemAvailable:    1467836 kB
Buffers:          103484 kB
Cached:          1197168 kB
MemTotal:        1844596 kB
MemFree:          182608 kB
MemAvailable:    1466528 kB
Buffers:          103484 kB
Cached:          1197168 kB
MemTotal:        1844596 kB
MemFree:          183584 kB
MemAvailable:    1467504 kB
Buffers:          103484 kB
Cached:          1197168 kB
MemTotal:        1844596 kB
MemFree:          183920 kB
MemAvailable:    1467840 kB
Buffers:          103484 kB
Cached:          1197168 kB
MemTotal:        1844596 kB
MemFree:          183948 kB
MemAvailable:    1467868 kB
Buffers:          103484 kB
Cached:          1197168 kB
MemTotal:        1844596 kB
MemFree:          182896 kB
MemAvailable:    1466816 kB
Buffers:          103484 kB
Cached:          1197168 kB
MemTotal:        1844596 kB
MemFree:          183768 kB
MemAvailable:    1467688 kB
Buffers:          103484 kB
Cached:          1197168 kB
MemTotal:        1844596 kB
MemFree:          183908 kB
MemAvailable:    1467828 kB
Buffers:          103484 kB
Cached:          1197168 kB
MemTotal:        1844596 kB
MemFree:          183840 kB
MemAvailable:    1467760 kB
Buffers:          103484 kB
Cached:          1197168 kB
MemTotal:        1844596 kB
MemFree:          184008 kB
MemAvailable:    1467928 kB
Buffers:          103484 kB
Cached:          1197168 kB
MemTotal:        1844596 kB
MemFree:          183840 kB
MemAvailable:    1467760 kB
Buffers:          103484 kB
Cached:          1197168 kB
MemTotal:        1844596 kB
MemFree:          183908 kB
MemAvailable:    1467828 kB
Buffers:          103484 kB
Cached:          1197168 kB
MemTotal:        1844596 kB
MemFree:          182656 kB
MemAvailable:    1466576 kB
Buffers:          103484 kB
Cached:          1197168 kB
MemTotal:        1844596 kB
MemFree:          184012 kB
MemAvailable:    1467932 kB
Buffers:          103484 kB
Cached:          1197168 kB
MemTotal:        1844596 kB
MemFree:          183776 kB
MemAvailable:    1467696 kB
Buffers:          103484 kB
Cached:          1197168 kB
MemTotal:        1844596 kB
MemFree:          184112 kB
MemAvailable:    1468032 kB
Buffers:          103484 kB
Cached:          1197168 kB
MemTotal:        1844596 kB
MemFree:          183512 kB
MemAvailable:    1467432 kB
Buffers:          103484 kB
Cached:          1197168 kB
MemTotal:        1844596 kB
MemFree:          183156 kB
MemAvailable:    1467076 kB
Buffers:          103484 kB
Cached:          1197168 kB
MemTotal:        1844596 kB
MemFree:          182108 kB
MemAvailable:    1466028 kB
Buffers:          103484 kB
Cached:          1197168 kB
MemTotal:        1844596 kB
MemFree:          183156 kB
MemAvailable:    1467076 kB
Buffers:          103484 kB
Cached:          1197168 kB
MemTotal:        1844596 kB
MemFree:          182908 kB
MemAvailable:    1466828 kB
Buffers:          103484 kB
Cached:          1197168 kB
MemTotal:        1844596 kB
MemFree:          182768 kB
MemAvailable:    1466688 kB
Buffers:          103484 kB
Cached:          1197168 kB
MemTotal:        1844596 kB
MemFree:          182852 kB
MemAvailable:    1466772 kB
Buffers:          103484 kB
Cached:          1197168 kB
MemTotal:        1844596 kB
MemFree:          182612 kB
MemAvailable:    1466532 kB
Buffers:          103484 kB
Cached:          1197168 kB
MemTotal:        1844596 kB
MemFree:          182708 kB
MemAvailable:    1466628 kB
Buffers:          103484 kB
Cached:          1197168 kB
MemTotal:        1844596 kB
MemFree:          181676 kB
MemAvailable:    1465596 kB
Buffers:          103484 kB
Cached:          1197168 kB
MemTotal:        1844596 kB
MemFree:          182792 kB
MemAvailable:    1466716 kB
Buffers:          103484 kB
Cached:          1197172 kB
MemTotal:        1844596 kB
MemFree:          181684 kB
MemAvailable:    1465608 kB
Buffers:          103484 kB
Cached:          1197172 kB
MemTotal:        1844596 kB
MemFree:          181380 kB
MemAvailable:    1465304 kB
Buffers:          103484 kB
Cached:          1197172 kB
MemTotal:        1844596 kB
MemFree:          181256 kB
MemAvailable:    1465180 kB
Buffers:          103484 kB
Cached:          1197172 kB
MemTotal:        1844596 kB
MemFree:          182496 kB
MemAvailable:    1466420 kB
Buffers:          103484 kB
Cached:          1197172 kB
MemTotal:        1844596 kB
MemFree:          181428 kB
MemAvailable:    1465352 kB
Buffers:          103484 kB
Cached:          1197172 kB
MemTotal:        1844596 kB
MemFree:          182484 kB
MemAvailable:    1466404 kB
Buffers:          103484 kB
Cached:          1197172 kB
MemTotal:        1844596 kB
MemFree:          181180 kB
MemAvailable:    1465100 kB
Buffers:          103484 kB
Cached:          1197172 kB
MemTotal:        1844596 kB
MemFree:          182296 kB
MemAvailable:    1466216 kB
Buffers:          103484 kB
Cached:          1197172 kB
MemTotal:        1844596 kB
MemFree:          181552 kB
MemAvailable:    1465472 kB
Buffers:          103484 kB
Cached:          1197172 kB
MemTotal:        1844596 kB
MemFree:          182236 kB
MemAvailable:    1466156 kB
Buffers:          103484 kB
Cached:          1197172 kB
MemTotal:        1844596 kB
MemFree:          182236 kB
MemAvailable:    1466156 kB
Buffers:          103484 kB
Cached:          1197172 kB
MemTotal:        1844596 kB
MemFree:          182140 kB
MemAvailable:    1466060 kB
Buffers:          103484 kB
Cached:          1197172 kB
MemTotal:        1844596 kB
MemFree:          182476 kB
MemAvailable:    1466396 kB
Buffers:          103484 kB
Cached:          1197172 kB
MemTotal:        1844596 kB
MemFree:          180552 kB
MemAvailable:    1464472 kB
Buffers:          103484 kB
Cached:          1197172 kB
MemTotal:        1844596 kB
MemFree:          180800 kB
MemAvailable:    1464720 kB
Buffers:          103484 kB
Cached:          1197172 kB
MemTotal:        1844596 kB
MemFree:          181140 kB
MemAvailable:    1465060 kB
Buffers:          103484 kB
Cached:          1197172 kB
MemTotal:        1844596 kB
MemFree:          181016 kB
MemAvailable:    1464936 kB
Buffers:          103484 kB
Cached:          1197172 kB
MemTotal:        1844596 kB
MemFree:          181056 kB
MemAvailable:    1464976 kB
Buffers:          103484 kB
Cached:          1197172 kB
MemTotal:        1844596 kB
MemFree:          175956 kB
MemAvailable:    1459876 kB
Buffers:          103484 kB
Cached:          1197172 kB
MemTotal:        1844596 kB
MemFree:          175972 kB
MemAvailable:    1459892 kB
Buffers:          103484 kB
Cached:          1197172 kB
MemTotal:        1844596 kB
MemFree:          171444 kB
MemAvailable:    1455364 kB
Buffers:          103484 kB
Cached:          1197172 kB
MemTotal:        1844596 kB
MemFree:          171396 kB
MemAvailable:    1455316 kB
Buffers:          103484 kB
Cached:          1197172 kB
MemTotal:        1844596 kB
MemFree:          169896 kB
MemAvailable:    1453816 kB
Buffers:          103484 kB
Cached:          1197172 kB
MemTotal:        1844596 kB
MemFree:          170612 kB
MemAvailable:    1454532 kB
Buffers:          103484 kB
Cached:          1197172 kB
MemTotal:        1844596 kB
MemFree:          170612 kB
MemAvailable:    1454532 kB
Buffers:          103484 kB
Cached:          1197172 kB
MemTotal:        1844596 kB
MemFree:          170584 kB
MemAvailable:    1454504 kB
Buffers:          103484 kB
Cached:          1197172 kB
MemTotal:        1844596 kB
MemFree:          169460 kB
MemAvailable:    1453380 kB
Buffers:          103484 kB
Cached:          1197172 kB
MemTotal:        1844596 kB
MemFree:          169764 kB
MemAvailable:    1453684 kB
Buffers:          103484 kB
Cached:          1197172 kB
MemTotal:        1844596 kB
MemFree:          170100 kB
MemAvailable:    1454020 kB
Buffers:          103484 kB
Cached:          1197172 kB
MemTotal:        1844596 kB
MemFree:          168524 kB
MemAvailable:    1452444 kB
Buffers:          103484 kB
Cached:          1197172 kB
MemTotal:        1844596 kB
MemFree:          168524 kB
MemAvailable:    1452444 kB
Buffers:          103484 kB
Cached:          1197172 kB
MemTotal:        1844596 kB
MemFree:          166548 kB
MemAvailable:    1450468 kB
Buffers:          103484 kB
Cached:          1197172 kB
MemTotal:        1844596 kB
MemFree:          167152 kB
MemAvailable:    1451072 kB
Buffers:          103484 kB
Cached:          1197172 kB
MemTotal:        1844596 kB
MemFree:          167152 kB
MemAvailable:    1451072 kB
Buffers:          103484 kB
Cached:          1197172 kB
MemTotal:        1844596 kB
MemFree:          167156 kB
MemAvailable:    1451076 kB
Buffers:          103484 kB
Cached:          1197172 kB
MemTotal:        1844596 kB
MemFree:          165992 kB
MemAvailable:    1449912 kB
Buffers:          103484 kB
Cached:          1197172 kB
MemTotal:        1844596 kB
MemFree:          167112 kB
MemAvailable:    1451032 kB
Buffers:          103484 kB
Cached:          1197172 kB
MemTotal:        1844596 kB
MemFree:          167112 kB
MemAvailable:    1451032 kB
Buffers:          103484 kB
Cached:          1197172 kB
MemTotal:        1844596 kB
MemFree:          167040 kB
MemAvailable:    1450960 kB
Buffers:          103484 kB
Cached:          1197172 kB
MemTotal:        1844596 kB
MemFree:          167168 kB
MemAvailable:    1451088 kB
Buffers:          103484 kB
Cached:          1197172 kB
MemTotal:        1844596 kB
MemFree:          166912 kB
MemAvailable:    1450832 kB
Buffers:          103484 kB
Cached:          1197172 kB
MemTotal:        1844596 kB
MemFree:          165904 kB
MemAvailable:    1449824 kB
Buffers:          103484 kB
Cached:          1197172 kB
MemTotal:        1844596 kB
MemFree:          165896 kB
MemAvailable:    1449816 kB
Buffers:          103484 kB
Cached:          1197172 kB
MemTotal:        1844596 kB
MemFree:          165896 kB
MemAvailable:    1449816 kB
Buffers:          103484 kB
Cached:          1197172 kB
MemTotal:        1844596 kB
MemFree:          166964 kB
MemAvailable:    1450884 kB
Buffers:          103484 kB
Cached:          1197172 kB
MemTotal:        1844596 kB
MemFree:          166424 kB
MemAvailable:    1450344 kB
Buffers:          103484 kB
Cached:          1197172 kB
MemTotal:        1844596 kB
MemFree:          165176 kB
MemAvailable:    1449096 kB
Buffers:          103484 kB
Cached:          1197172 kB
MemTotal:        1844596 kB
MemFree:          165168 kB
MemAvailable:    1449088 kB
Buffers:          103484 kB
Cached:          1197172 kB
MemTotal:        1844596 kB
MemFree:          164564 kB
MemAvailable:    1448484 kB
Buffers:          103484 kB
Cached:          1197172 kB
MemTotal:        1844596 kB
MemFree:          165100 kB
MemAvailable:    1449020 kB
Buffers:          103484 kB
Cached:          1197172 kB
MemTotal:        1844596 kB
MemFree:          165060 kB
MemAvailable:    1448980 kB
Buffers:          103484 kB
Cached:          1197172 kB
MemTotal:        1844596 kB
MemFree:          164316 kB
MemAvailable:    1448236 kB
Buffers:          103484 kB
Cached:          1197172 kB
MemTotal:        1844596 kB
MemFree:          164772 kB
MemAvailable:    1448700 kB
Buffers:          103484 kB
Cached:          1197180 kB
MemTotal:        1844596 kB
MemFree:          164292 kB
MemAvailable:    1448220 kB
Buffers:          103484 kB
Cached:          1197180 kB
MemTotal:        1844596 kB
MemFree:          164192 kB
MemAvailable:    1448120 kB
Buffers:          103484 kB
Cached:          1197180 kB
MemTotal:        1844596 kB
MemFree:          162696 kB
MemAvailable:    1446624 kB
Buffers:          103484 kB
Cached:          1197180 kB
MemTotal:        1844596 kB
MemFree:          163880 kB
MemAvailable:    1447808 kB
Buffers:          103484 kB
Cached:          1197180 kB
MemTotal:        1844596 kB
MemFree:          162316 kB
MemAvailable:    1446244 kB
Buffers:          103484 kB
Cached:          1197180 kB
MemTotal:        1844596 kB
MemFree:          161960 kB
MemAvailable:    1445888 kB
Buffers:          103484 kB
Cached:          1197180 kB
MemTotal:        1844596 kB
MemFree:          162936 kB
MemAvailable:    1446864 kB
Buffers:          103484 kB
Cached:          1197180 kB
MemTotal:        1844596 kB
MemFree:          162952 kB
MemAvailable:    1446880 kB
Buffers:          103484 kB
Cached:          1197180 kB
MemTotal:        1844596 kB
MemFree:          163000 kB
MemAvailable:    1446928 kB
Buffers:          103484 kB
Cached:          1197180 kB
MemTotal:        1844596 kB
MemFree:          162868 kB
MemAvailable:    1446796 kB
Buffers:          103484 kB
Cached:          1197180 kB
MemTotal:        1844596 kB
MemFree:          161816 kB
MemAvailable:    1445744 kB
Buffers:          103484 kB
Cached:          1197180 kB
MemTotal:        1844596 kB
MemFree:          161816 kB
MemAvailable:    1445744 kB
Buffers:          103484 kB
Cached:          1197180 kB
MemTotal:        1844596 kB
MemFree:          163052 kB
MemAvailable:    1446980 kB
Buffers:          103484 kB
Cached:          1197180 kB
MemTotal:        1844596 kB
MemFree:          162208 kB
MemAvailable:    1446136 kB
Buffers:          103484 kB
Cached:          1197180 kB
MemTotal:        1844596 kB
MemFree:          161960 kB
MemAvailable:    1445888 kB
Buffers:          103484 kB
Cached:          1197180 kB
MemTotal:        1844596 kB
MemFree:          163316 kB
MemAvailable:    1447244 kB
Buffers:          103484 kB
Cached:          1197180 kB
MemTotal:        1844596 kB
MemFree:          162688 kB
MemAvailable:    1446616 kB
Buffers:          103484 kB
Cached:          1197180 kB
MemTotal:        1844596 kB
MemFree:          162772 kB
MemAvailable:    1446700 kB
Buffers:          103484 kB
Cached:          1197180 kB
MemTotal:        1844596 kB
MemFree:          162804 kB
MemAvailable:    1446732 kB
Buffers:          103484 kB
Cached:          1197180 kB
MemTotal:        1844596 kB
MemFree:          163056 kB
MemAvailable:    1446984 kB
Buffers:          103484 kB
Cached:          1197180 kB
MemTotal:        1844596 kB
MemFree:          162700 kB
MemAvailable:    1446628 kB
Buffers:          103484 kB
Cached:          1197180 kB
MemTotal:        1844596 kB
MemFree:          161652 kB
MemAvailable:    1445580 kB
Buffers:          103484 kB
Cached:          1197180 kB
MemTotal:        1844596 kB
MemFree:          162740 kB
MemAvailable:    1446668 kB
Buffers:          103484 kB
Cached:          1197180 kB
MemTotal:        1844596 kB
MemFree:          162092 kB
MemAvailable:    1446020 kB
Buffers:          103484 kB
Cached:          1197180 kB
MemTotal:        1844596 kB
MemFree:          162804 kB
MemAvailable:    1446736 kB
Buffers:          103484 kB
Cached:          1197184 kB
MemTotal:        1844596 kB
MemFree:          162888 kB
MemAvailable:    1446820 kB
Buffers:          103484 kB
Cached:          1197184 kB
MemTotal:        1844596 kB
MemFree:          162768 kB
MemAvailable:    1446700 kB
Buffers:          103484 kB
Cached:          1197184 kB
MemTotal:        1844596 kB
MemFree:          162588 kB
MemAvailable:    1446520 kB
Buffers:          103484 kB
Cached:          1197184 kB
MemTotal:        1844596 kB
MemFree:          161456 kB
MemAvailable:    1445388 kB
Buffers:          103484 kB
Cached:          1197184 kB
MemTotal:        1844596 kB
MemFree:          162332 kB
MemAvailable:    1446264 kB
Buffers:          103484 kB
Cached:          1197184 kB
MemTotal:        1844596 kB
MemFree:          162744 kB
MemAvailable:    1446676 kB
Buffers:          103484 kB
Cached:          1197184 kB
MemTotal:        1844596 kB
MemFree:          161968 kB
MemAvailable:    1445900 kB
Buffers:          103484 kB
Cached:          1197184 kB
MemTotal:        1844596 kB
MemFree:          162564 kB
MemAvailable:    1446496 kB
Buffers:          103484 kB
Cached:          1197184 kB
MemTotal:        1844596 kB
MemFree:          162404 kB
MemAvailable:    1446336 kB
Buffers:          103484 kB
Cached:          1197184 kB
MemTotal:        1844596 kB
MemFree:          161456 kB
MemAvailable:    1445388 kB
Buffers:          103484 kB
Cached:          1197184 kB
MemTotal:        1844596 kB
MemFree:          161456 kB
MemAvailable:    1445388 kB
Buffers:          103484 kB
Cached:          1197184 kB
MemTotal:        1844596 kB
MemFree:          161268 kB
MemAvailable:    1445200 kB
Buffers:          103484 kB
Cached:          1197184 kB
MemTotal:        1844596 kB
MemFree:          159356 kB
MemAvailable:    1443288 kB
Buffers:          103484 kB
Cached:          1197184 kB
MemTotal:        1844596 kB
MemFree:          157372 kB
MemAvailable:    1441304 kB
Buffers:          103484 kB
Cached:          1197184 kB
MemTotal:        1844596 kB
MemFree:          155264 kB
MemAvailable:    1439196 kB
Buffers:          103484 kB
Cached:          1197184 kB
MemTotal:        1844596 kB
MemFree:          152536 kB
MemAvailable:    1436468 kB
Buffers:          103484 kB
Cached:          1197184 kB
MemTotal:        1844596 kB
MemFree:          150056 kB
MemAvailable:    1433864 kB
Buffers:          103484 kB
Cached:          1197184 kB
MemTotal:        1844596 kB
MemFree:          146212 kB
MemAvailable:    1430144 kB
Buffers:          103484 kB
Cached:          1197184 kB
MemTotal:        1844596 kB
MemFree:          144520 kB
MemAvailable:    1428452 kB
Buffers:          103484 kB
Cached:          1197184 kB
MemTotal:        1844596 kB
MemFree:          143360 kB
MemAvailable:    1427292 kB
Buffers:          103484 kB
Cached:          1197184 kB
MemTotal:        1844596 kB
MemFree:          143104 kB
MemAvailable:    1427036 kB
Buffers:          103484 kB
Cached:          1197184 kB
MemTotal:        1844596 kB
MemFree:          143360 kB
MemAvailable:    1427292 kB
Buffers:          103484 kB
Cached:          1197184 kB
MemTotal:        1844596 kB
MemFree:          144476 kB
MemAvailable:    1428408 kB
Buffers:          103484 kB
Cached:          1197184 kB
MemTotal:        1844596 kB
MemFree:          142864 kB
MemAvailable:    1426796 kB
Buffers:          103484 kB
Cached:          1197184 kB
MemTotal:        1844596 kB
MemFree:          142864 kB
MemAvailable:    1426796 kB
Buffers:          103484 kB
Cached:          1197184 kB
MemTotal:        1844596 kB
MemFree:          144064 kB
MemAvailable:    1427996 kB
Buffers:          103484 kB
Cached:          1197184 kB
MemTotal:        1844596 kB
MemFree:          142864 kB
MemAvailable:    1426796 kB
Buffers:          103484 kB
Cached:          1197184 kB
MemTotal:        1844596 kB
MemFree:          142988 kB
MemAvailable:    1426920 kB
Buffers:          103484 kB
Cached:          1197184 kB
MemTotal:        1844596 kB
MemFree:          144292 kB
MemAvailable:    1428224 kB
Buffers:          103484 kB
Cached:          1197184 kB
MemTotal:        1844596 kB
MemFree:          143360 kB
MemAvailable:    1427292 kB
Buffers:          103484 kB
Cached:          1197184 kB
MemTotal:        1844596 kB
MemFree:          144352 kB
MemAvailable:    1428288 kB
Buffers:          103484 kB
Cached:          1197188 kB
MemTotal:        1844596 kB
MemFree:          143112 kB
MemAvailable:    1427048 kB
Buffers:          103484 kB
Cached:          1197188 kB
MemTotal:        1844596 kB
MemFree:          143444 kB
MemAvailable:    1427380 kB
Buffers:          103484 kB
Cached:          1197188 kB
MemTotal:        1844596 kB
MemFree:          142376 kB
MemAvailable:    1426312 kB
Buffers:          103484 kB
Cached:          1197188 kB
MemTotal:        1844596 kB
MemFree:          143088 kB
MemAvailable:    1427024 kB
Buffers:          103484 kB
Cached:          1197188 kB
MemTotal:        1844596 kB
MemFree:          143424 kB
MemAvailable:    1427360 kB
Buffers:          103484 kB
Cached:          1197188 kB
MemTotal:        1844596 kB
MemFree:          143264 kB
MemAvailable:    1427200 kB
Buffers:          103484 kB
Cached:          1197188 kB
MemTotal:        1844596 kB
MemFree:          142252 kB
MemAvailable:    1426188 kB
Buffers:          103484 kB
Cached:          1197188 kB
MemTotal:        1844596 kB
MemFree:          143104 kB
MemAvailable:    1427040 kB
Buffers:          103484 kB
Cached:          1197188 kB
MemTotal:        1844596 kB
MemFree:          142244 kB
MemAvailable:    1426180 kB
Buffers:          103484 kB
Cached:          1197188 kB
MemTotal:        1844596 kB
MemFree:          143048 kB
MemAvailable:    1426984 kB
Buffers:          103484 kB
Cached:          1197188 kB
MemTotal:        1844596 kB
MemFree:          142120 kB
MemAvailable:    1426056 kB
Buffers:          103484 kB
Cached:          1197188 kB
MemTotal:        1844596 kB
MemFree:          143236 kB
MemAvailable:    1427172 kB
Buffers:          103484 kB
Cached:          1197188 kB
MemTotal:        1844596 kB
MemFree:          142492 kB
MemAvailable:    1426428 kB
Buffers:          103484 kB
Cached:          1197188 kB
MemTotal:        1844596 kB
MemFree:          143148 kB
MemAvailable:    1427084 kB
Buffers:          103484 kB
Cached:          1197188 kB
MemTotal:        1844596 kB
MemFree:          143492 kB
MemAvailable:    1427428 kB
Buffers:          103484 kB
Cached:          1197188 kB
MemTotal:        1844596 kB
MemFree:          141948 kB
MemAvailable:    1425884 kB
Buffers:          103484 kB
Cached:          1197188 kB
MemTotal:        1844596 kB
MemFree:          143124 kB
MemAvailable:    1427060 kB
Buffers:          103484 kB
Cached:          1197188 kB
MemTotal:        1844596 kB
MemFree:          141948 kB
MemAvailable:    1425884 kB
Buffers:          103484 kB
Cached:          1197188 kB
MemTotal:        1844596 kB
MemFree:          141948 kB
MemAvailable:    1425884 kB
Buffers:          103484 kB
Cached:          1197188 kB
MemTotal:        1844596 kB
MemFree:          143160 kB
MemAvailable:    1427096 kB
Buffers:          103484 kB
Cached:          1197188 kB
MemTotal:        1844596 kB
MemFree:          143280 kB
MemAvailable:    1427216 kB
Buffers:          103484 kB
Cached:          1197188 kB
MemTotal:        1844596 kB
MemFree:          142500 kB
MemAvailable:    1426436 kB
Buffers:          103484 kB
Cached:          1197188 kB
MemTotal:        1844596 kB
MemFree:          142352 kB
MemAvailable:    1426288 kB
Buffers:          103484 kB
Cached:          1197188 kB
MemTotal:        1844596 kB
MemFree:          142352 kB
MemAvailable:    1426288 kB
Buffers:          103484 kB
Cached:          1197188 kB
MemTotal:        1844596 kB
MemFree:          137832 kB
MemAvailable:    1421768 kB
Buffers:          103484 kB
Cached:          1197188 kB
MemTotal:        1844596 kB
MemFree:          133556 kB
MemAvailable:    1417492 kB
Buffers:          103484 kB
Cached:          1197188 kB
MemTotal:        1844596 kB
MemFree:          133564 kB
MemAvailable:    1417500 kB
Buffers:          103484 kB
Cached:          1197188 kB
MemTotal:        1844596 kB
MemFree:          128728 kB
MemAvailable:    1412664 kB
Buffers:          103484 kB
Cached:          1197188 kB
MemTotal:        1844596 kB
MemFree:          127364 kB
MemAvailable:    1411300 kB
Buffers:          103484 kB
Cached:          1197188 kB
MemTotal:        1844596 kB
MemFree:          125184 kB
MemAvailable:    1409120 kB
Buffers:          103484 kB
Cached:          1197188 kB
MemTotal:        1844596 kB
MemFree:          123884 kB
MemAvailable:    1407820 kB
Buffers:          103488 kB
Cached:          1197184 kB
MemTotal:        1844596 kB
MemFree:          123620 kB
MemAvailable:    1407556 kB
Buffers:          103488 kB
Cached:          1197184 kB
MemTotal:        1844596 kB
MemFree:          124804 kB
MemAvailable:    1408740 kB
Buffers:          103488 kB
Cached:          1197184 kB
MemTotal:        1844596 kB
MemFree:          124940 kB
MemAvailable:    1408876 kB
Buffers:          103488 kB
Cached:          1197184 kB
MemTotal:        1844596 kB
MemFree:          124520 kB
MemAvailable:    1408456 kB
Buffers:          103488 kB
Cached:          1197184 kB
MemTotal:        1844596 kB
MemFree:          124836 kB
MemAvailable:    1408772 kB
Buffers:          103488 kB
Cached:          1197184 kB
MemTotal:        1844596 kB
MemFree:          123840 kB
MemAvailable:    1407776 kB
Buffers:          103488 kB
Cached:          1197184 kB
MemTotal:        1844596 kB
MemFree:          124928 kB
MemAvailable:    1408864 kB
Buffers:          103488 kB
Cached:          1197184 kB
MemTotal:        1844596 kB
MemFree:          124940 kB
MemAvailable:    1408876 kB
Buffers:          103488 kB
Cached:          1197184 kB
MemTotal:        1844596 kB
MemFree:          124940 kB
MemAvailable:    1408876 kB
Buffers:          103488 kB
Cached:          1197184 kB
MemTotal:        1844596 kB
MemFree:          124888 kB
MemAvailable:    1408824 kB
Buffers:          103488 kB
Cached:          1197184 kB
MemTotal:        1844596 kB
MemFree:          123756 kB
MemAvailable:    1407692 kB
Buffers:          103488 kB
Cached:          1197184 kB
MemTotal:        1844596 kB
MemFree:          124868 kB
MemAvailable:    1408808 kB
Buffers:          103488 kB
Cached:          1197188 kB
MemTotal:        1844596 kB
MemFree:          124868 kB
MemAvailable:    1408808 kB
Buffers:          103488 kB
Cached:          1197188 kB
MemTotal:        1844596 kB
MemFree:          125044 kB
MemAvailable:    1408984 kB
Buffers:          103488 kB
Cached:          1197188 kB
MemTotal:        1844596 kB
MemFree:          123696 kB
MemAvailable:    1407636 kB
Buffers:          103488 kB
Cached:          1197188 kB
MemTotal:        1844596 kB
MemFree:          125052 kB
MemAvailable:    1408996 kB
Buffers:          103488 kB
Cached:          1197192 kB
MemTotal:        1844596 kB
MemFree:          123768 kB
MemAvailable:    1407712 kB
Buffers:          103488 kB
Cached:          1197192 kB
MemTotal:        1844596 kB
MemFree:          123636 kB
MemAvailable:    1407580 kB
Buffers:          103488 kB
Cached:          1197192 kB
MemTotal:        1844596 kB
MemFree:          123720 kB
MemAvailable:    1407664 kB
Buffers:          103488 kB
Cached:          1197192 kB
MemTotal:        1844596 kB
MemFree:          123588 kB
MemAvailable:    1407532 kB
Buffers:          103488 kB
Cached:          1197192 kB
MemTotal:        1844596 kB
MemFree:          123756 kB
MemAvailable:    1407700 kB
Buffers:          103488 kB
Cached:          1197192 kB
MemTotal:        1844596 kB
MemFree:          124888 kB
MemAvailable:    1408832 kB
Buffers:          103488 kB
Cached:          1197192 kB
MemTotal:        1844596 kB
MemFree:          124140 kB
MemAvailable:    1408084 kB
Buffers:          103488 kB
Cached:          1197192 kB
MemTotal:        1844596 kB
MemFree:          124872 kB
MemAvailable:    1408816 kB
Buffers:          103488 kB
Cached:          1197192 kB
MemTotal:        1844596 kB
MemFree:          124944 kB
MemAvailable:    1408888 kB
Buffers:          103488 kB
Cached:          1197192 kB
MemTotal:        1844596 kB
MemFree:          123472 kB
MemAvailable:    1407416 kB
Buffers:          103488 kB
Cached:          1197192 kB
MemTotal:        1844596 kB
MemFree:          124876 kB
MemAvailable:    1408820 kB
Buffers:          103488 kB
Cached:          1197192 kB
MemTotal:        1844596 kB
MemFree:          124876 kB
MemAvailable:    1408820 kB
Buffers:          103488 kB
Cached:          1197192 kB
MemTotal:        1844596 kB
MemFree:          124836 kB
MemAvailable:    1408780 kB
Buffers:          103488 kB
Cached:          1197192 kB
MemTotal:        1844596 kB
MemFree:          123716 kB
MemAvailable:    1407660 kB
Buffers:          103488 kB
Cached:          1197192 kB
MemTotal:        1844596 kB
MemFree:          123584 kB
MemAvailable:    1407528 kB
Buffers:          103488 kB
Cached:          1197192 kB
MemTotal:        1844596 kB
MemFree:          123644 kB
MemAvailable:    1407588 kB
Buffers:          103488 kB
Cached:          1197192 kB
MemTotal:        1844596 kB
MemFree:          124944 kB
MemAvailable:    1408888 kB
Buffers:          103488 kB
Cached:          1197192 kB
MemTotal:        1844596 kB
MemFree:          124140 kB
MemAvailable:    1408084 kB
Buffers:          103488 kB
Cached:          1197192 kB
MemTotal:        1844596 kB
MemFree:          123148 kB
MemAvailable:    1407096 kB
Buffers:          103488 kB
Cached:          1197196 kB
MemTotal:        1844596 kB
MemFree:          119924 kB
MemAvailable:    1403872 kB
Buffers:          103488 kB
Cached:          1197196 kB
MemTotal:        1844596 kB
MemFree:          115568 kB
MemAvailable:    1399516 kB
Buffers:          103488 kB
Cached:          1197196 kB
MemTotal:        1844596 kB
MemFree:          115568 kB
MemAvailable:    1399516 kB
Buffers:          103488 kB
Cached:          1197196 kB
MemTotal:        1844596 kB
MemFree:          109756 kB
MemAvailable:    1393704 kB
Buffers:          103488 kB
Cached:          1197196 kB
MemTotal:        1844596 kB
MemFree:          107960 kB
MemAvailable:    1391908 kB
Buffers:          103488 kB
Cached:          1197196 kB
MemTotal:        1844596 kB
MemFree:          107460 kB
MemAvailable:    1391408 kB
Buffers:          103488 kB
Cached:          1197196 kB
MemTotal:        1844596 kB
MemFree:          107276 kB
MemAvailable:    1391100 kB
Buffers:          103488 kB
Cached:          1197196 kB
MemTotal:        1844596 kB
MemFree:          107468 kB
MemAvailable:    1391416 kB
Buffers:          103488 kB
Cached:          1197196 kB
MemTotal:        1844596 kB
MemFree:          106840 kB
MemAvailable:    1390788 kB
Buffers:          103488 kB
Cached:          1197196 kB
MemTotal:        1844596 kB
MemFree:          106904 kB
MemAvailable:    1390852 kB
Buffers:          103488 kB
Cached:          1197196 kB
MemTotal:        1844596 kB
MemFree:          105664 kB
MemAvailable:    1389612 kB
Buffers:          103488 kB
Cached:          1197196 kB
MemTotal:        1844596 kB
MemFree:          106584 kB
MemAvailable:    1390532 kB
Buffers:          103488 kB
Cached:          1197196 kB
MemTotal:        1844596 kB
MemFree:          105548 kB
MemAvailable:    1389496 kB
Buffers:          103488 kB
Cached:          1197196 kB
MemTotal:        1844596 kB
MemFree:          106360 kB
MemAvailable:    1390308 kB
Buffers:          103488 kB
Cached:          1197196 kB
MemTotal:        1844596 kB
MemFree:          104988 kB
MemAvailable:    1388936 kB
Buffers:          103488 kB
Cached:          1197196 kB
MemTotal:        1844596 kB
MemFree:          105972 kB
MemAvailable:    1389920 kB
Buffers:          103488 kB
Cached:          1197196 kB
MemTotal:        1844596 kB
MemFree:          105744 kB
MemAvailable:    1389692 kB
Buffers:          103488 kB
Cached:          1197196 kB
MemTotal:        1844596 kB
MemFree:          106080 kB
MemAvailable:    1390028 kB
Buffers:          103488 kB
Cached:          1197196 kB
MemTotal:        1844596 kB
MemFree:          105524 kB
MemAvailable:    1389472 kB
Buffers:          103488 kB
Cached:          1197196 kB
MemTotal:        1844596 kB
MemFree:          105652 kB
MemAvailable:    1389600 kB
Buffers:          103488 kB
Cached:          1197196 kB
MemTotal:        1844596 kB
MemFree:          104044 kB
MemAvailable:    1387992 kB
Buffers:          103488 kB
Cached:          1197196 kB
MemTotal:        1844596 kB
MemFree:          103804 kB
MemAvailable:    1387752 kB
Buffers:          103488 kB
Cached:          1197196 kB
MemTotal:        1844596 kB
MemFree:          102936 kB
MemAvailable:    1386884 kB
Buffers:          103488 kB
Cached:          1197196 kB
MemTotal:        1844596 kB
MemFree:          103764 kB
MemAvailable:    1387712 kB
Buffers:          103488 kB
Cached:          1197196 kB
MemTotal:        1844596 kB
MemFree:          102440 kB
MemAvailable:    1386388 kB
Buffers:          103488 kB
Cached:          1197196 kB
MemTotal:        1844596 kB
MemFree:          103196 kB
MemAvailable:    1387148 kB
Buffers:          103488 kB
Cached:          1197200 kB
MemTotal:        1844596 kB
MemFree:          101696 kB
MemAvailable:    1385648 kB
Buffers:          103488 kB
Cached:          1197200 kB
MemTotal:        1844596 kB
MemFree:          101804 kB
MemAvailable:    1385756 kB
Buffers:          103488 kB
Cached:          1197200 kB
MemTotal:        1844596 kB
MemFree:          101448 kB
MemAvailable:    1385400 kB
Buffers:          103488 kB
Cached:          1197200 kB
MemTotal:        1844596 kB
MemFree:          100704 kB
MemAvailable:    1384656 kB
Buffers:          103488 kB
Cached:          1197200 kB
MemTotal:        1844596 kB
MemFree:          100448 kB
MemAvailable:    1384400 kB
Buffers:          103488 kB
Cached:          1197200 kB
MemTotal:        1844596 kB
MemFree:           99472 kB
MemAvailable:    1383424 kB
Buffers:          103488 kB
Cached:          1197200 kB
MemTotal:        1844596 kB
MemFree:          100456 kB
MemAvailable:    1384408 kB
Buffers:          103488 kB
Cached:          1197200 kB
MemTotal:        1844596 kB
MemFree:           99472 kB
MemAvailable:    1383424 kB
Buffers:          103488 kB
Cached:          1197200 kB
MemTotal:        1844596 kB
MemFree:          100192 kB
MemAvailable:    1384144 kB
Buffers:          103488 kB
Cached:          1197200 kB
MemTotal:        1844596 kB
MemFree:          100192 kB
MemAvailable:    1384144 kB
Buffers:          103488 kB
Cached:          1197200 kB
MemTotal:        1844596 kB
MemFree:           99204 kB
MemAvailable:    1383156 kB
Buffers:          103488 kB
Cached:          1197200 kB
MemTotal:        1844596 kB
MemFree:           99072 kB
MemAvailable:    1383024 kB
Buffers:          103488 kB
Cached:          1197200 kB
MemTotal:        1844596 kB
MemFree:           99648 kB
MemAvailable:    1383600 kB
Buffers:          103488 kB
Cached:          1197200 kB
MemTotal:        1844596 kB
MemFree:           98896 kB
MemAvailable:    1382848 kB
Buffers:          103488 kB
Cached:          1197200 kB
MemTotal:        1844596 kB
MemFree:           97672 kB
MemAvailable:    1381624 kB
Buffers:          103488 kB
Cached:          1197200 kB
MemTotal:        1844596 kB
MemFree:           97584 kB
MemAvailable:    1381536 kB
Buffers:          103488 kB
Cached:          1197200 kB
MemTotal:        1844596 kB
MemFree:           97536 kB
MemAvailable:    1381488 kB
Buffers:          103488 kB
Cached:          1197200 kB
MemTotal:        1844596 kB
MemFree:           98960 kB
MemAvailable:    1382912 kB
Buffers:          103488 kB
Cached:          1197200 kB
MemTotal:        1844596 kB
MemFree:           98048 kB
MemAvailable:    1382000 kB
Buffers:          103488 kB
Cached:          1197200 kB
MemTotal:        1844596 kB
MemFree:           98632 kB
MemAvailable:    1382584 kB
Buffers:          103488 kB
Cached:          1197200 kB
MemTotal:        1844596 kB
MemFree:           98968 kB
MemAvailable:    1382920 kB
Buffers:          103488 kB
Cached:          1197200 kB
MemTotal:        1844596 kB
MemFree:           98904 kB
MemAvailable:    1382856 kB
Buffers:          103488 kB
Cached:          1197200 kB
MemTotal:        1844596 kB
MemFree:           97432 kB
MemAvailable:    1381384 kB
Buffers:          103488 kB
Cached:          1197200 kB
MemTotal:        1844596 kB
MemFree:           98672 kB
MemAvailable:    1382624 kB
Buffers:          103488 kB
Cached:          1197200 kB
MemTotal:        1844596 kB
MemFree:           97984 kB
MemAvailable:    1381936 kB
Buffers:          103488 kB
Cached:          1197200 kB
MemTotal:        1844596 kB
MemFree:           97720 kB
MemAvailable:    1381672 kB
Buffers:          103488 kB
Cached:          1197200 kB
MemTotal:        1844596 kB
MemFree:           99084 kB
MemAvailable:    1383036 kB
Buffers:          103488 kB
Cached:          1197200 kB
MemTotal:        1844596 kB
MemFree:           99072 kB
MemAvailable:    1383028 kB
Buffers:          103488 kB
Cached:          1197204 kB
MemTotal:        1844596 kB
MemFree:           98960 kB
MemAvailable:    1382916 kB
Buffers:          103488 kB
Cached:          1197204 kB
MemTotal:        1844596 kB
MemFree:           98732 kB
MemAvailable:    1382688 kB
Buffers:          103488 kB
Cached:          1197204 kB
MemTotal:        1844596 kB
MemFree:           97592 kB
MemAvailable:    1381548 kB
Buffers:          103488 kB
Cached:          1197204 kB
MemTotal:        1844596 kB
MemFree:           97336 kB
MemAvailable:    1381292 kB
Buffers:          103488 kB
Cached:          1197204 kB
MemTotal:        1844596 kB
MemFree:           98596 kB
MemAvailable:    1382552 kB
Buffers:          103488 kB
Cached:          1197204 kB
MemTotal:        1844596 kB
MemFree:           98632 kB
MemAvailable:    1382588 kB
Buffers:          103488 kB
Cached:          1197204 kB
MemTotal:        1844596 kB
MemFree:           97860 kB
MemAvailable:    1381816 kB
Buffers:          103488 kB
Cached:          1197204 kB
MemTotal:        1844596 kB
MemFree:           98648 kB
MemAvailable:    1382604 kB
Buffers:          103488 kB
Cached:          1197204 kB
MemTotal:        1844596 kB
MemFree:           97480 kB
MemAvailable:    1381436 kB
Buffers:          103488 kB
Cached:          1197204 kB
MemTotal:        1844596 kB
MemFree:           98656 kB
MemAvailable:    1382612 kB
Buffers:          103488 kB
Cached:          1197204 kB
MemTotal:        1844596 kB
MemFree:           98780 kB
MemAvailable:    1382736 kB
Buffers:          103488 kB
Cached:          1197204 kB
MemTotal:        1844596 kB
MemFree:           97984 kB
MemAvailable:    1381940 kB
Buffers:          103488 kB
Cached:          1197204 kB
MemTotal:        1844596 kB
MemFree:           99020 kB
MemAvailable:    1382976 kB
Buffers:          103488 kB
Cached:          1197204 kB
MemTotal:        1844596 kB
MemFree:           98232 kB
MemAvailable:    1382188 kB
Buffers:          103488 kB
Cached:          1197204 kB
MemTotal:        1844596 kB
MemFree:           98588 kB
MemAvailable:    1382544 kB
Buffers:          103488 kB
Cached:          1197204 kB
MemTotal:        1844596 kB
MemFree:           98844 kB
MemAvailable:    1382800 kB
Buffers:          103488 kB
Cached:          1197204 kB
MemTotal:        1844596 kB
MemFree:           97596 kB
MemAvailable:    1381552 kB
Buffers:          103488 kB
Cached:          1197204 kB
MemTotal:        1844596 kB
MemFree:           97472 kB
MemAvailable:    1381428 kB
Buffers:          103488 kB
Cached:          1197204 kB
MemTotal:        1844596 kB
MemFree:           97548 kB
MemAvailable:    1381504 kB
Buffers:          103488 kB
Cached:          1197204 kB
MemTotal:        1844596 kB
MemFree:           98788 kB
MemAvailable:    1382744 kB
Buffers:          103488 kB
Cached:          1197204 kB
MemTotal:        1844596 kB
MemFree:           97468 kB
MemAvailable:    1381424 kB
Buffers:          103488 kB
Cached:          1197204 kB
MemTotal:        1844596 kB
MemFree:           98720 kB
MemAvailable:    1382676 kB
Buffers:          103488 kB
Cached:          1197204 kB
MemTotal:        1844596 kB
MemFree:           98720 kB
MemAvailable:    1382676 kB
Buffers:          103488 kB
Cached:          1197204 kB
MemTotal:        1844596 kB
MemFree:           97984 kB
MemAvailable:    1381940 kB
Buffers:          103488 kB
Cached:          1197204 kB
MemTotal:        1844596 kB
MemFree:           98632 kB
MemAvailable:    1382588 kB
Buffers:          103488 kB
Cached:          1197204 kB
MemTotal:        1844596 kB
MemFree:           97432 kB
MemAvailable:    1381388 kB
Buffers:          103488 kB
Cached:          1197204 kB
MemTotal:        1844596 kB
MemFree:           98672 kB
MemAvailable:    1382628 kB
Buffers:          103488 kB
Cached:          1197204 kB
MemTotal:        1844596 kB
MemFree:           97976 kB
MemAvailable:    1381932 kB
Buffers:          103488 kB
Cached:          1197204 kB
MemTotal:        1844596 kB
MemFree:           98836 kB
MemAvailable:    1382796 kB
Buffers:          103488 kB
Cached:          1197208 kB
MemTotal:        1844596 kB
MemFree:           98920 kB
MemAvailable:    1382880 kB
Buffers:          103488 kB
Cached:          1197208 kB
MemTotal:        1844596 kB
MemFree:           95372 kB
MemAvailable:    1379332 kB
Buffers:          103488 kB
Cached:          1197208 kB
MemTotal:        1844596 kB
MemFree:           92396 kB
MemAvailable:    1376356 kB
Buffers:          103488 kB
Cached:          1197208 kB
MemTotal:        1844596 kB
MemFree:           90412 kB
MemAvailable:    1374372 kB
Buffers:          103488 kB
Cached:          1197208 kB
MemTotal:        1844596 kB
MemFree:           87560 kB
MemAvailable:    1371520 kB
Buffers:          103488 kB
Cached:          1197208 kB
MemTotal:        1844596 kB
MemFree:           84512 kB
MemAvailable:    1368472 kB
Buffers:          103488 kB
Cached:          1197208 kB
MemTotal:        1844596 kB
MemFree:           81112 kB
MemAvailable:    1365072 kB
Buffers:          103488 kB
Cached:          1197208 kB
MemTotal:        1844596 kB
MemFree:           78136 kB
MemAvailable:    1362096 kB
Buffers:          103488 kB
Cached:          1197208 kB
MemTotal:        1844596 kB
MemFree:           79236 kB
MemAvailable:    1363196 kB
Buffers:          103488 kB
Cached:          1197208 kB
MemTotal:        1844596 kB
MemFree:           79236 kB
MemAvailable:    1363196 kB
Buffers:          103488 kB
Cached:          1197208 kB
MemTotal:        1844596 kB
MemFree:           79184 kB
MemAvailable:    1363144 kB
Buffers:          103488 kB
Cached:          1197208 kB
MemTotal:        1844596 kB
MemFree:           79004 kB
MemAvailable:    1362964 kB
Buffers:          103488 kB
Cached:          1197208 kB
MemTotal:        1844596 kB
MemFree:           79292 kB
MemAvailable:    1363252 kB
Buffers:          103488 kB
Cached:          1197208 kB
MemTotal:        1844596 kB
MemFree:           79252 kB
MemAvailable:    1363212 kB
Buffers:          103488 kB
Cached:          1197208 kB
MemTotal:        1844596 kB
MemFree:           78872 kB
MemAvailable:    1362832 kB
Buffers:          103488 kB
Cached:          1197208 kB
MemTotal:        1844596 kB
MemFree:           79052 kB
MemAvailable:    1363012 kB
Buffers:          103488 kB
Cached:          1197208 kB
MemTotal:        1844596 kB
MemFree:           79388 kB
MemAvailable:    1363348 kB
Buffers:          103488 kB
Cached:          1197208 kB
MemTotal:        1844596 kB
MemFree:           77980 kB
MemAvailable:    1361940 kB
Buffers:          103488 kB
Cached:          1197208 kB
MemTotal:        1844596 kB
MemFree:           79344 kB
MemAvailable:    1363304 kB
Buffers:          103488 kB
Cached:          1197208 kB
MemTotal:        1844596 kB
MemFree:           79168 kB
MemAvailable:    1363128 kB
Buffers:          103488 kB
Cached:          1197208 kB
MemTotal:        1844596 kB
MemFree:           79168 kB
MemAvailable:    1363128 kB
Buffers:          103488 kB
Cached:          1197208 kB
MemTotal:        1844596 kB
MemFree:           79124 kB
MemAvailable:    1363084 kB
Buffers:          103488 kB
Cached:          1197208 kB
MemTotal:        1844596 kB
MemFree:           77700 kB
MemAvailable:    1361660 kB
Buffers:          103488 kB
Cached:          1197208 kB
MemTotal:        1844596 kB
MemFree:           78808 kB
MemAvailable:    1362768 kB
Buffers:          103488 kB
Cached:          1197208 kB
MemTotal:        1844596 kB
MemFree:           78976 kB
MemAvailable:    1362936 kB
Buffers:          103488 kB
Cached:          1197208 kB
MemTotal:        1844596 kB
MemFree:           79120 kB
MemAvailable:    1363080 kB
Buffers:          103488 kB
Cached:          1197208 kB
MemTotal:        1844596 kB
MemFree:           78896 kB
MemAvailable:    1362856 kB
Buffers:          103488 kB
Cached:          1197208 kB
MemTotal:        1844596 kB
MemFree:           78832 kB
MemAvailable:    1362792 kB
Buffers:          103488 kB
Cached:          1197208 kB
MemTotal:        1844596 kB
MemFree:           78832 kB
MemAvailable:    1362792 kB
Buffers:          103488 kB
Cached:          1197208 kB
MemTotal:        1844596 kB
MemFree:           78616 kB
MemAvailable:    1362576 kB
Buffers:          103488 kB
Cached:          1197208 kB
MemTotal:        1844596 kB
MemFree:           78952 kB
MemAvailable:    1362912 kB
Buffers:          103488 kB
Cached:          1197208 kB
MemTotal:        1844596 kB
MemFree:           78484 kB
MemAvailable:    1362444 kB
Buffers:          103488 kB
Cached:          1197208 kB
MemTotal:        1844596 kB
MemFree:           78484 kB
MemAvailable:    1362444 kB
Buffers:          103488 kB
Cached:          1197208 kB
MemTotal:        1844596 kB
MemFree:           77020 kB
MemAvailable:    1360980 kB
Buffers:          103488 kB
Cached:          1197208 kB
MemTotal:        1844596 kB
MemFree:           72864 kB
MemAvailable:    1356824 kB
Buffers:          103488 kB
Cached:          1197208 kB
MemTotal:        1844596 kB
MemFree:           68960 kB
MemAvailable:    1352920 kB
Buffers:          103488 kB
Cached:          1197208 kB
MemTotal:        1844596 kB
MemFree:           68632 kB
MemAvailable:    1352592 kB
Buffers:          103488 kB
Cached:          1197208 kB
MemTotal:        1844596 kB
MemFree:           69200 kB
MemAvailable:    1353160 kB
Buffers:          103488 kB
Cached:          1197208 kB
MemTotal:        1844596 kB
MemFree:           68996 kB
MemAvailable:    1352956 kB
Buffers:          103488 kB
Cached:          1197208 kB
MemTotal:        1844596 kB
MemFree:           67976 kB
MemAvailable:    1351936 kB
Buffers:          103488 kB
Cached:          1197208 kB
MemTotal:        1844596 kB
MemFree:           68976 kB
MemAvailable:    1352936 kB
Buffers:          103488 kB
Cached:          1197208 kB
MemTotal:        1844596 kB
MemFree:           68888 kB
MemAvailable:    1352848 kB
Buffers:          103488 kB
Cached:          1197208 kB
MemTotal:        1844596 kB
MemFree:           68100 kB
MemAvailable:    1352060 kB
Buffers:          103488 kB
Cached:          1197208 kB
MemTotal:        1844596 kB
MemFree:           68820 kB
MemAvailable:    1352780 kB
Buffers:          103488 kB
Cached:          1197208 kB
MemTotal:        1844596 kB
MemFree:           68820 kB
MemAvailable:    1352780 kB
Buffers:          103488 kB
Cached:          1197208 kB
MemTotal:        1844596 kB
MemFree:           67456 kB
MemAvailable:    1351416 kB
Buffers:          103488 kB
Cached:          1197208 kB
MemTotal:        1844596 kB
MemFree:           68820 kB
MemAvailable:    1352780 kB
Buffers:          103488 kB
Cached:          1197332 kB
MemTotal:        1844596 kB
MemFree:           67596 kB
MemAvailable:    1351708 kB
Buffers:          103488 kB
Cached:          1197404 kB
MemTotal:        1844596 kB
MemFree:           68584 kB
MemAvailable:    1352864 kB
Buffers:          103488 kB
Cached:          1197528 kB
MemTotal:        1844596 kB
MemFree:           67024 kB
MemAvailable:    1351388 kB
Buffers:          103488 kB
Cached:          1197652 kB
MemTotal:        1844596 kB
MemFree:           66816 kB
MemAvailable:    1351264 kB
Buffers:          103488 kB
Cached:          1197776 kB
MemTotal:        1844596 kB
MemFree:           68212 kB
MemAvailable:    1352744 kB
Buffers:          103488 kB
Cached:          1197776 kB
MemTotal:        1844596 kB
MemFree:           66992 kB
MemAvailable:    1351524 kB
Buffers:          103488 kB
Cached:          1197776 kB
MemTotal:        1844596 kB
MemFree:           68092 kB
MemAvailable:    1352712 kB
Buffers:          103488 kB
Cached:          1197904 kB
MemTotal:        1844596 kB
MemFree:           66748 kB
MemAvailable:    1351368 kB
Buffers:          103488 kB
Cached:          1197904 kB
MemTotal:        1844596 kB
MemFree:           67828 kB
MemAvailable:    1352448 kB
Buffers:          103488 kB
Cached:          1197904 kB
MemTotal:        1844596 kB
MemFree:           68164 kB
MemAvailable:    1352784 kB
Buffers:          103488 kB
Cached:          1197904 kB
MemTotal:        1844596 kB
MemFree:           66604 kB
MemAvailable:    1351224 kB
Buffers:          103488 kB
Cached:          1197904 kB
MemTotal:        1844596 kB
MemFree:           66404 kB
MemAvailable:    1351024 kB
Buffers:          103488 kB
Cached:          1197904 kB
MemTotal:        1844596 kB
MemFree:           67368 kB
MemAvailable:    1351988 kB
Buffers:          103488 kB
Cached:          1197904 kB
MemTotal:        1844596 kB
MemFree:           68108 kB
MemAvailable:    1352164 kB
Buffers:          103488 kB
Cached:          1197256 kB
MemTotal:        1844596 kB
MemFree:           68320 kB
MemAvailable:    1352376 kB
Buffers:          103488 kB
Cached:          1197256 kB
MemTotal:        1844596 kB
MemFree:           68792 kB
MemAvailable:    1352848 kB
Buffers:          103488 kB
Cached:          1197256 kB
MemTotal:        1844596 kB
MemFree:          184692 kB
MemAvailable:    1468748 kB
Buffers:          103488 kB
Cached:          1197256 kB
MemTotal:        1844596 kB
MemFree:          250400 kB
MemAvailable:    1534456 kB
Buffers:          103488 kB
Cached:          1197256 kB
