MemTotal:        1844596 kB
MemFree:          397380 kB
MemAvailable:    1546132 kB
Buffers:           86800 kB
Cached:          1096436 kB
MemTotal:        1844596 kB
MemFree:          371108 kB
MemAvailable:    1519864 kB
Buffers:           86800 kB
Cached:          1096440 kB
MemTotal:        1844596 kB
MemFree:          368372 kB
MemAvailable:    1517128 kB
Buffers:           86800 kB
Cached:          1096440 kB
MemTotal:        1844596 kB
MemFree:          366280 kB
MemAvailable:    1515036 kB
Buffers:           86800 kB
Cached:          1096440 kB
MemTotal:        1844596 kB
MemFree:          366100 kB
MemAvailable:    1514856 kB
Buffers:           86800 kB
Cached:          1096440 kB
MemTotal:        1844596 kB
MemFree:          366100 kB
MemAvailable:    1514856 kB
Buffers:           86800 kB
Cached:          1096440 kB
MemTotal:        1844596 kB
MemFree:          366196 kB
MemAvailable:    1514952 kB
Buffers:           86800 kB
Cached:          1096440 kB
MemTotal:        1844596 kB
MemFree:          364048 kB
MemAvailable:    1512804 kB
Buffers:           86800 kB
Cached:          1096440 kB
MemTotal:        1844596 kB
MemFree:          360188 kB
MemAvailable:    1508944 kB
Buffers:           86800 kB
Cached:          1096440 kB
MemTotal:        1844596 kB
MemFree:          359328 kB
MemAvailable:    1508084 kB
Buffers:           86800 kB
Cached:          1096440 kB
MemTotal:        1844596 kB
MemFree:          359060 kB
MemAvailable:    1507816 kB
Buffers:           86800 kB
Cached:          1096440 kB
MemTotal:        1844596 kB
MemFree:          354624 kB
MemAvailable:    1503380 kB
Buffers:           86800 kB
Cached:          1096440 kB
MemTotal:        1844596 kB
MemFree:          356272 kB
MemAvailable:    1505028 kB
Buffers:           86800 kB
Cached:          1096440 kB
MemTotal:        1844596 kB
MemFree:          355080 kB
MemAvailable:    1503836 kB
Buffers:           86800 kB
Cached:          1096440 kB
MemTotal:        1844596 kB
MemFree:          354948 kB
MemAvailable:    1503704 kB
Buffers:           86800 kB
Cached:          1096440 kB
MemTotal:        1844596 kB
MemFree:          356436 kB
MemAvailable:    1505192 kB
Buffers:           86800 kB
Cached:          1096440 kB
MemTotal:        1844596 kB
MemFree:          354816 kB
MemAvailable:    1503572 kB
Buffers:           86800 kB
Cached:          1096440 kB
MemTotal:        1844596 kB
MemFree:          356116 kB
MemAvailable:    1504872 kB
Buffers:           86800 kB
Cached:          1096440 kB
MemTotal:        1844596 kB
MemFree:          356000 kB
MemAvailable:    1504756 kB
Buffers:           86800 kB
Cached:          1096440 kB
MemTotal:        1844596 kB
MemFree:          354624 kB
MemAvailable:    1503380 kB
Buffers:           86800 kB
Cached:          1096440 kB
MemTotal:        1844596 kB
MemFree:          355800 kB
MemAvailable:    1504556 kB
Buffers:           86800 kB
Cached:          1096440 kB
MemTotal:        1844596 kB
MemFree:          354872 kB
MemAvailable:    1503628 kB
Buffers:           86800 kB
Cached:          1096440 kB
MemTotal:        1844596 kB
MemFree:          355340 kB
MemAvailable:    1504096 kB
Buffers:           86800 kB
Cached:          1096440 kB
MemTotal:        1844596 kB
MemFree:          355676 kB
MemAvailable:    1504432 kB
Buffers:           86800 kB
Cached:          1096440 kB
MemTotal:        1844596 kB
MemFree:          356224 kB
MemAvailable:    1504980 kB
Buffers:           86800 kB
Cached:          1096440 kB
MemTotal:        1844596 kB
MemFree:          355732 kB
MemAvailable:    1504488 kB
Buffers:           86800 kB
Cached:          1096440 kB
MemTotal:        1844596 kB
MemFree:          355816 kB
MemAvailable:    1504572 kB
Buffers:           86800 kB
Cached:          1096440 kB
MemTotal:        1844596 kB
MemFree:          355700 kB
MemAvailable:    1504456 kB
Buffers:           86800 kB
Cached:          1096440 kB
MemTotal:        1844596 kB
MemFree:          355868 kB
MemAvailable:    1504624 kB
Buffers:           86800 kB
Cached:          1096440 kB
MemTotal:        1844596 kB
MemFree:          354376 kB
MemAvailable:    1503132 kB
Buffers:           86800 kB
Cached:          1096440 kB
MemTotal:        1844596 kB
MemFree:          355500 kB
MemAvailable:    1504256 kB
Buffers:           86800 kB
Cached:          1096440 kB
MemTotal:        1844596 kB
MemFree:          353764 kB
MemAvailable:    1502520 kB
Buffers:           86800 kB
Cached:          1096440 kB
MemTotal:        1844596 kB
MemFree:          354444 kB
MemAvailable:    1503200 kB
Buffers:           86800 kB
Cached:          1096440 kB
MemTotal:        1844596 kB
MemFree:          354700 kB
MemAvailable:    1503456 kB
Buffers:           86800 kB
Cached:          1096440 kB
MemTotal:        1844596 kB
MemFree:          353204 kB
MemAvailable:    1501960 kB
Buffers:           86800 kB
Cached:          1096440 kB
MemTotal:        1844596 kB
MemFree:          354380 kB
MemAvailable:    1503136 kB
Buffers:           86800 kB
Cached:          1096440 kB
MemTotal:        1844596 kB
MemFree:          354368 kB
MemAvailable:    1503124 kB
Buffers:           86800 kB
Cached:          1096440 kB
MemTotal:        1844596 kB
MemFree:          353984 kB
MemAvailable:    1502740 kB
Buffers:           86800 kB
Cached:          1096440 kB
MemTotal:        1844596 kB
MemFree:          354116 kB
MemAvailable:    1502872 kB
Buffers:           86800 kB
Cached:          1096440 kB
MemTotal:        1844596 kB
MemFree:          355316 kB
MemAvailable:    1504072 kB
Buffers:           86800 kB
Cached:          1096440 kB
MemTotal:        1844596 kB
MemFree:          355128 kB
MemAvailable:    1503884 kB
Buffers:           86800 kB
Cached:          1096440 kB
MemTotal:        1844596 kB
MemFree:          355320 kB
MemAvailable:    1504076 kB
Buffers:           86800 kB
Cached:          1096440 kB
MemTotal:        1844596 kB
MemFree:          352012 kB
MemAvailable:    1500768 kB
Buffers:           86800 kB
Cached:          1096440 kB
MemTotal:        1844596 kB
MemFree:          351284 kB
MemAvailable:    1500040 kB
Buffers:           86800 kB
Cached:          1096440 kB
MemTotal:        1844596 kB
MemFree:          350284 kB
MemAvailable:    1499040 kB
Buffers:           86800 kB
Cached:          1096440 kB
MemTotal:        1844596 kB
MemFree:          350540 kB
MemAvailable:    1499296 kB
Buffers:           86800 kB
Cached:          1096440 kB
MemTotal:        1844596 kB
MemFree:          350020 kB
MemAvailable:    1498776 kB
Buffers:           86800 kB
Cached:          1096440 kB
MemTotal:        1844596 kB
MemFree:          350104 kB
MemAvailable:    1498860 kB
Buffers:           86800 kB
Cached:          1096440 kB
MemTotal:        1844596 kB
MemFree:          349724 kB
MemAvailable:    1498480 kB
Buffers:           86800 kB
Cached:          1096440 kB
MemTotal:        1844596 kB
MemFree:          349980 kB
MemAvailable:    1498736 kB
Buffers:           86800 kB
Cached:          1096440 kB
MemTotal:        1844596 kB
MemFree:          348484 kB
MemAvailable:    1497240 kB
Buffers:           86800 kB
Cached:          1096440 kB
MemTotal:        1844596 kB
MemFree:          349784 kB
MemAvailable:    1498540 kB
Buffers:           86800 kB
Cached:          1096440 kB
MemTotal:        1844596 kB
MemFree:          349052 kB
MemAvailable:    1497808 kB
Buffers:           86800 kB
Cached:          1096440 kB
MemTotal:        1844596 kB
MemFree:          349528 kB
MemAvailable:    1498284 kB
Buffers:           86800 kB
Cached:          1096440 kB
MemTotal:        1844596 kB
MemFree:          349784 kB
MemAvailable:    1498540 kB
Buffers:           86800 kB
Cached:          1096440 kB
MemTotal:        1844596 kB
MemFree:          349480 kB
MemAvailable:    1498236 kB
Buffers:           86800 kB
Cached:          1096440 kB
MemTotal:        1844596 kB
MemFree:          349540 kB
MemAvailable:    1498296 kB
Buffers:           86800 kB
Cached:          1096440 kB
MemTotal:        1844596 kB
MemFree:          349600 kB
MemAvailable:    1498356 kB
Buffers:           86800 kB
Cached:          1096440 kB
MemTotal:        1844596 kB
MemFree:          347548 kB
MemAvailable:    1496304 kB
Buffers:           86800 kB
Cached:          1096440 kB
MemTotal:        1844596 kB
MemFree:          347440 kB
MemAvailable:    1496196 kB
Buffers:           86800 kB
Cached:          1096440 kB
MemTotal:        1844596 kB
MemFree:          343968 kB
MemAvailable:    1492724 kB
Buffers:           86800 kB
Cached:          1096440 kB
MemTotal:        1844596 kB
MemFree:          342720 kB
MemAvailable:    1491476 kB
Buffers:           86800 kB
Cached:          1096440 kB
MemTotal:        1844596 kB
MemFree:          342232 kB
MemAvailable:    1490988 kB
Buffers:           86800 kB
Cached:          1096440 kB
MemTotal:        1844596 kB
MemFree:          343456 kB
MemAvailable:    1492212 kB
Buffers:           86800 kB
Cached:          1096440 kB
MemTotal:        1844596 kB
MemFree:          340620 kB
MemAvailable:    1489376 kB
Buffers:           86800 kB
Cached:          1096440 kB
MemTotal:        1844596 kB
MemFree:          341108 kB
MemAvailable:    1489864 kB
Buffers:           86800 kB
Cached:          1096440 kB
MemTotal:        1844596 kB
MemFree:          341108 kB
MemAvailable:    1489864 kB
Buffers:           86800 kB
Cached:          1096440 kB
MemTotal:        1844596 kB
MemFree:          339620 kB
MemAvailable:    1488376 kB
Buffers:           86800 kB
Cached:          1096440 kB
MemTotal:        1844596 kB
MemFree:          340976 kB
MemAvailable:    1489732 kB
Buffers:           86800 kB
Cached:          1096440 kB
MemTotal:        1844596 kB
MemFree:          340976 kB
MemAvailable:    1489732 kB
Buffers:           86800 kB
Cached:          1096440 kB
MemTotal:        1844596 kB
MemFree:          340796 kB
MemAvailable:    1489552 kB
Buffers:           86800 kB
Cached:          1096440 kB
MemTotal:        1844596 kB
MemFree:          340620 kB
MemAvailable:    1489376 kB
Buffers:           86800 kB
Cached:          1096440 kB
MemTotal:        1844596 kB
MemFree:          340672 kB
MemAvailable:    1489428 kB
Buffers:           86800 kB
Cached:          1096440 kB
MemTotal:        1844596 kB
MemFree:          340924 kB
MemAvailable:    1489680 kB
Buffers:           86800 kB
Cached:          1096440 kB
MemTotal:        1844596 kB
MemFree:          340728 kB
MemAvailable:    1489484 kB
Buffers:           86800 kB
Cached:          1096440 kB
MemTotal:        1844596 kB
MemFree:          340728 kB
MemAvailable:    1489484 kB
Buffers:           86800 kB
Cached:          1096440 kB
MemTotal:        1844596 kB
MemFree:          339628 kB
MemAvailable:    1488384 kB
Buffers:           86800 kB
Cached:          1096440 kB
MemTotal:        1844596 kB
MemFree:          339580 kB
MemAvailable:    1488336 kB
Buffers:           86800 kB
Cached:          1096440 kB
MemTotal:        1844596 kB
MemFree:          340680 kB
MemAvailable:    1489436 kB
Buffers:           86800 kB
Cached:          1096440 kB
MemTotal:        1844596 kB
MemFree:          340848 kB
MemAvailable:    1489604 kB
Buffers:           86800 kB
Cached:          1096440 kB
MemTotal:        1844596 kB
MemFree:          340564 kB
MemAvailable:    1489320 kB
Buffers:           86800 kB
Cached:          1096440 kB
MemTotal:        1844596 kB
MemFree:          340660 kB
MemAvailable:    1489416 kB
Buffers:           86800 kB
Cached:          1096440 kB
MemTotal:        1844596 kB
MemFree:          340456 kB
MemAvailable:    1489212 kB
Buffers:           86800 kB
Cached:          1096440 kB
MemTotal:        1844596 kB
MemFree:          340456 kB
MemAvailable:    1489212 kB
Buffers:           86800 kB
Cached:          1096440 kB
MemTotal:        1844596 kB
MemFree:          340300 kB
MemAvailable:    1489056 kB
Buffers:           86800 kB
Cached:          1096440 kB
MemTotal:        1844596 kB
MemFree:          339740 kB
MemAvailable:    1488496 kB
Buffers:           86800 kB
Cached:          1096440 kB
MemTotal:        1844596 kB
MemFree:          338564 kB
MemAvailable:    1487320 kB
Buffers:           86800 kB
Cached:          1096440 kB
MemTotal:        1844596 kB
MemFree:          336288 kB
MemAvailable:    1485044 kB
Buffers:           86800 kB
Cached:          1096440 kB
MemTotal:        1844596 kB
MemFree:          332544 kB
MemAvailable:    1481300 kB
Buffers:           86800 kB
Cached:          1096440 kB
MemTotal:        1844596 kB
MemFree:          332880 kB
MemAvailable:    1481636 kB
Buffers:           86800 kB
Cached:          1096440 kB
MemTotal:        1844596 kB
MemFree:          332488 kB
MemAvailable:    1481244 kB
Buffers:           86800 kB
Cached:          1096440 kB
MemTotal:        1844596 kB
MemFree:          331824 kB
MemAvailable:    1480580 kB
Buffers:           86800 kB
Cached:          1096440 kB
MemTotal:        1844596 kB
MemFree:          332372 kB
MemAvailable:    1481128 kB
Buffers:           86800 kB
Cached:          1096440 kB
MemTotal:        1844596 kB
MemFree:          331916 kB
MemAvailable:    1480672 kB
Buffers:           86800 kB
Cached:          1096440 kB
MemTotal:        1844596 kB
MemFree:          332000 kB
MemAvailable:    1480756 kB
Buffers:           86800 kB
Cached:          1096440 kB
MemTotal:        1844596 kB
MemFree:          331820 kB
MemAvailable:    1480576 kB
Buffers:           86800 kB
Cached:          1096440 kB
MemTotal:        1844596 kB
MemFree:          331864 kB
MemAvailable:    1480620 kB
Buffers:           86800 kB
Cached:          1096440 kB
MemTotal:        1844596 kB
MemFree:          331768 kB
MemAvailable:    1480524 kB
Buffers:           86800 kB
Cached:          1096440 kB
MemTotal:        1844596 kB
MemFree:          332024 kB
MemAvailable:    1480780 kB
Buffers:           86800 kB
Cached:          1096440 kB
MemTotal:        1844596 kB
MemFree:          331808 kB
MemAvailable:    1480564 kB
Buffers:           86800 kB
Cached:          1096440 kB
MemTotal:        1844596 kB
MemFree:          332060 kB
MemAvailable:    1480816 kB
Buffers:           86800 kB
Cached:          1096440 kB
MemTotal:        1844596 kB
MemFree:          331768 kB
MemAvailable:    1480524 kB
Buffers:           86800 kB
Cached:          1096440 kB
MemTotal:        1844596 kB
MemFree:          330556 kB
MemAvailable:    1479312 kB
Buffers:           86800 kB
Cached:          1096440 kB
MemTotal:        1844596 kB
MemFree:          330688 kB
MemAvailable:    1479444 kB
Buffers:           86800 kB
Cached:          1096440 kB
MemTotal:        1844596 kB
MemFree:          331988 kB
MemAvailable:    1480744 kB
Buffers:           86800 kB
Cached:          1096440 kB
MemTotal:        1844596 kB
MemFree:          331444 kB
MemAvailable:    1480200 kB
Buffers:           86800 kB
Cached:          1096440 kB
MemTotal:        1844596 kB
MemFree:          331664 kB
MemAvailable:    1480420 kB
Buffers:           86800 kB
Cached:          1096440 kB
MemTotal:        1844596 kB
MemFree:          332000 kB
MemAvailable:    1480756 kB
Buffers:           86800 kB
Cached:          1096440 kB
MemTotal:        1844596 kB
MemFree:          331684 kB
MemAvailable:    1480452 kB
Buffers:           86800 kB
Cached:          1096452 kB
MemTotal:        1844596 kB
MemFree:          331852 kB
MemAvailable:    1480620 kB
Buffers:           86800 kB
Cached:          1096452 kB
MemTotal:        1844596 kB
MemFree:          331628 kB
MemAvailable:    1480396 kB
Buffers:           86800 kB
Cached:          1096452 kB
MemTotal:        1844596 kB
MemFree:          331964 kB
MemAvailable:    1480732 kB
Buffers:           86800 kB
Cached:          1096452 kB
MemTotal:        1844596 kB
MemFree:          331804 kB
MemAvailable:    1480572 kB
Buffers:           86800 kB
Cached:          1096452 kB
MemTotal:        1844596 kB
MemFree:          331984 kB
MemAvailable:    1480752 kB
Buffers:           86800 kB
Cached:          1096452 kB
MemTotal:        1844596 kB
MemFree:          330552 kB
MemAvailable:    1479320 kB
Buffers:           86800 kB
Cached:          1096452 kB
MemTotal:        1844596 kB
MemFree:          330800 kB
MemAvailable:    1479568 kB
Buffers:           86800 kB
Cached:          1096452 kB
MemTotal:        1844596 kB
MemFree:          330804 kB
MemAvailable:    1479572 kB
Buffers:           86800 kB
Cached:          1096452 kB
MemTotal:        1844596 kB
MemFree:          327600 kB
MemAvailable:    1476368 kB
Buffers:           86800 kB
Cached:          1096452 kB
MemTotal:        1844596 kB
MemFree:          326072 kB
MemAvailable:    1474844 kB
Buffers:           86800 kB
Cached:          1096456 kB
MemTotal:        1844596 kB
MemFree:          324500 kB
MemAvailable:    1473272 kB
Buffers:           86800 kB
Cached:          1096456 kB
MemTotal:        1844596 kB
MemFree:          322756 kB
MemAvailable:    1471528 kB
Buffers:           86800 kB
Cached:          1096456 kB
MemTotal:        1844596 kB
MemFree:          322756 kB
MemAvailable:    1471528 kB
Buffers:           86800 kB
Cached:          1096456 kB
MemTotal:        1844596 kB
MemFree:          322128 kB
MemAvailable:    1470900 kB
Buffers:           86800 kB
Cached:          1096456 kB
MemTotal:        1844596 kB
MemFree:          322464 kB
MemAvailable:    1471236 kB
Buffers:           86800 kB
Cached:          1096456 kB
MemTotal:        1844596 kB
MemFree:          321212 kB
MemAvailable:    1469984 kB
Buffers:           86800 kB
Cached:          1096456 kB
MemTotal:        1844596 kB
MemFree:          319664 kB
MemAvailable:    1468436 kB
Buffers:           86800 kB
Cached:          1096456 kB
MemTotal:        1844596 kB
MemFree:          319776 kB
MemAvailable:    1468548 kB
Buffers:           86800 kB
Cached:          1096456 kB
MemTotal:        1844596 kB
MemFree:          319292 kB
MemAvailable:    1468064 kB
Buffers:           86800 kB
Cached:          1096456 kB
MemTotal:        1844596 kB
MemFree:          320524 kB
MemAvailable:    1469296 kB
Buffers:           86800 kB
Cached:          1096456 kB
MemTotal:        1844596 kB
MemFree:          320336 kB
MemAvailable:    1469108 kB
Buffers:           86800 kB
Cached:          1096456 kB
MemTotal:        1844596 kB
MemFree:          320588 kB
MemAvailable:    1469360 kB
Buffers:           86800 kB
Cached:          1096456 kB
MemTotal:        1844596 kB
MemFree:          319364 kB
MemAvailable:    1468136 kB
Buffers:           86800 kB
Cached:          1096456 kB
MemTotal:        1844596 kB
MemFree:          320152 kB
MemAvailable:    1468924 kB
Buffers:           86800 kB
Cached:          1096456 kB
MemTotal:        1844596 kB
MemFree:          320152 kB
MemAvailable:    1468924 kB
Buffers:           86800 kB
Cached:          1096456 kB
MemTotal:        1844596 kB
MemFree:          318776 kB
MemAvailable:    1467548 kB
Buffers:           86800 kB
Cached:          1096456 kB
MemTotal:        1844596 kB
MemFree:          319292 kB
MemAvailable:    1468064 kB
Buffers:           86800 kB
Cached:          1096456 kB
MemTotal:        1844596 kB
MemFree:          320008 kB
MemAvailable:    1468780 kB
Buffers:           86800 kB
Cached:          1096456 kB
MemTotal:        1844596 kB
MemFree:          320260 kB
MemAvailable:    1469032 kB
Buffers:           86800 kB
Cached:          1096456 kB
MemTotal:        1844596 kB
MemFree:          319944 kB
MemAvailable:    1468716 kB
Buffers:           86800 kB
Cached:          1096456 kB
MemTotal:        1844596 kB
MemFree:          319968 kB
MemAvailable:    1468740 kB
Buffers:           86800 kB
Cached:          1096456 kB
MemTotal:        1844596 kB
MemFree:          320220 kB
MemAvailable:    1468992 kB
Buffers:           86800 kB
Cached:          1096456 kB
MemTotal:        1844596 kB
MemFree:          319780 kB
MemAvailable:    1468552 kB
Buffers:           86800 kB
Cached:          1096456 kB
MemTotal:        1844596 kB
MemFree:          319780 kB
MemAvailable:    1468552 kB
Buffers:           86800 kB
Cached:          1096456 kB
MemTotal:        1844596 kB
MemFree:          318004 kB
MemAvailable:    1466776 kB
Buffers:           86800 kB
Cached:          1096456 kB
MemTotal:        1844596 kB
MemFree:          319244 kB
MemAvailable:    1468016 kB
Buffers:           86800 kB
Cached:          1096456 kB
MemTotal:        1844596 kB
MemFree:          318136 kB
MemAvailable:    1466908 kB
Buffers:           86800 kB
Cached:          1096456 kB
MemTotal:        1844596 kB
MemFree:          318932 kB
MemAvailable:    1467704 kB
Buffers:           86800 kB
Cached:          1096456 kB
MemTotal:        1844596 kB
MemFree:          318884 kB
MemAvailable:    1467656 kB
Buffers:           86800 kB
Cached:          1096456 kB
MemTotal:        1844596 kB
MemFree:          318128 kB
MemAvailable:    1466900 kB
Buffers:           86800 kB
Cached:          1096456 kB
MemTotal:        1844596 kB
MemFree:          319112 kB
MemAvailable:    1467884 kB
Buffers:           86800 kB
Cached:          1096456 kB
MemTotal:        1844596 kB
MemFree:          317740 kB
MemAvailable:    1466512 kB
Buffers:           86800 kB
Cached:          1096456 kB
MemTotal:        1844596 kB
MemFree:          318724 kB
MemAvailable:    1467496 kB
Buffers:           86800 kB
Cached:          1096456 kB
MemTotal:        1844596 kB
MemFree:          318908 kB
MemAvailable:    1467680 kB
Buffers:           86800 kB
Cached:          1096456 kB
MemTotal:        1844596 kB
MemFree:          317756 kB
MemAvailable:    1466528 kB
Buffers:           86800 kB
Cached:          1096456 kB
MemTotal:        1844596 kB
MemFree:          319204 kB
MemAvailable:    1467976 kB
Buffers:           86800 kB
Cached:          1096456 kB
MemTotal:        1844596 kB
MemFree:          319112 kB
MemAvailable:    1467884 kB
Buffers:           86800 kB
Cached:          1096456 kB
MemTotal:        1844596 kB
MemFree:          318684 kB
MemAvailable:    1467456 kB
Buffers:           86800 kB
Cached:          1096456 kB
MemTotal:        1844596 kB
MemFree:          318684 kB
MemAvailable:    1467456 kB
Buffers:           86800 kB
Cached:          1096456 kB
MemTotal:        1844596 kB
MemFree:          318720 kB
MemAvailable:    1467492 kB
Buffers:           86800 kB
Cached:          1096456 kB
MemTotal:        1844596 kB
MemFree:          318748 kB
MemAvailable:    1467520 kB
Buffers:           86800 kB
Cached:          1096456 kB
MemTotal:        1844596 kB
MemFree:          317620 kB
MemAvailable:    1466392 kB
Buffers:           86800 kB
Cached:          1096456 kB
MemTotal:        1844596 kB
MemFree:          318812 kB
MemAvailable:    1467584 kB
Buffers:           86800 kB
Cached:          1096456 kB
MemTotal:        1844596 kB
MemFree:          318004 kB
MemAvailable:    1466776 kB
Buffers:           86800 kB
Cached:          1096456 kB
MemTotal:        1844596 kB
MemFree:          318820 kB
MemAvailable:    1467592 kB
Buffers:           86800 kB
Cached:          1096456 kB
MemTotal:        1844596 kB
MemFree:          318004 kB
MemAvailable:    1466776 kB
Buffers:           86800 kB
Cached:          1096456 kB
MemTotal:        1844596 kB
MemFree:          318872 kB
MemAvailable:    1467644 kB
Buffers:           86800 kB
Cached:          1096456 kB
MemTotal:        1844596 kB
MemFree:          318748 kB
MemAvailable:    1467520 kB
Buffers:           86800 kB
Cached:          1096456 kB
MemTotal:        1844596 kB
MemFree:          318884 kB
MemAvailable:    1467656 kB
Buffers:           86800 kB
Cached:          1096456 kB
MemTotal:        1844596 kB
MemFree:          318552 kB
MemAvailable:    1467324 kB
Buffers:           86800 kB
Cached:          1096456 kB
MemTotal:        1844596 kB
MemFree:          318804 kB
MemAvailable:    1467576 kB
Buffers:           86800 kB
Cached:          1096456 kB
MemTotal:        1844596 kB
MemFree:          318732 kB
MemAvailable:    1467504 kB
Buffers:           86800 kB
Cached:          1096456 kB
MemTotal:        1844596 kB
MemFree:          318944 kB
MemAvailable:    1467716 kB
Buffers:           86800 kB
Cached:          1096456 kB
MemTotal:        1844596 kB
MemFree:          318728 kB
MemAvailable:    1467500 kB
Buffers:           86800 kB
Cached:          1096456 kB
MemTotal:        1844596 kB
MemFree:          318984 kB
MemAvailable:    1467756 kB
Buffers:           86800 kB
Cached:          1096456 kB
MemTotal:        1844596 kB
MemFree:          318680 kB
MemAvailable:    1467452 kB
Buffers:           86800 kB
Cached:          1096456 kB
MemTotal:        1844596 kB
MemFree:          318848 kB
MemAvailable:    1467620 kB
Buffers:           86800 kB
Cached:          1096456 kB
MemTotal:        1844596 kB
MemFree:          317480 kB
MemAvailable:    1466252 kB
Buffers:           86800 kB
Cached:          1096456 kB
MemTotal:        1844596 kB
MemFree:          318904 kB
MemAvailable:    1467676 kB
Buffers:           86800 kB
Cached:          1096456 kB
MemTotal:        1844596 kB
MemFree:          318608 kB
MemAvailable:    1467380 kB
Buffers:           86800 kB
Cached:          1096456 kB
MemTotal:        1844596 kB
MemFree:          318608 kB
MemAvailable:    1467380 kB
Buffers:           86800 kB
Cached:          1096456 kB
MemTotal:        1844596 kB
MemFree:          318540 kB
MemAvailable:    1467312 kB
Buffers:           86800 kB
Cached:          1096456 kB
MemTotal:        1844596 kB
MemFree:          317200 kB
MemAvailable:    1465972 kB
Buffers:           86800 kB
Cached:          1096456 kB
MemTotal:        1844596 kB
MemFree:          317448 kB
MemAvailable:    1466220 kB
Buffers:           86800 kB
Cached:          1096456 kB
MemTotal:        1844596 kB
MemFree:          317448 kB
MemAvailable:    1466220 kB
Buffers:           86800 kB
Cached:          1096456 kB
MemTotal:        1844596 kB
MemFree:          318552 kB
MemAvailable:    1467332 kB
Buffers:           86800 kB
Cached:          1096464 kB
MemTotal:        1844596 kB
MemFree:          318588 kB
MemAvailable:    1467368 kB
Buffers:           86800 kB
Cached:          1096464 kB
MemTotal:        1844596 kB
MemFree:          318484 kB
MemAvailable:    1467264 kB
Buffers:           86800 kB
Cached:          1096464 kB
MemTotal:        1844596 kB
MemFree:          317740 kB
MemAvailable:    1466520 kB
Buffers:           86800 kB
Cached:          1096464 kB
MemTotal:        1844596 kB
MemFree:          317740 kB
MemAvailable:    1466520 kB
Buffers:           86800 kB
Cached:          1096464 kB
MemTotal:        1844596 kB
MemFree:          316460 kB
MemAvailable:    1465240 kB
Buffers:           86800 kB
Cached:          1096464 kB
MemTotal:        1844596 kB
MemFree:          317884 kB
MemAvailable:    1466664 kB
Buffers:           86800 kB
Cached:          1096464 kB
MemTotal:        1844596 kB
MemFree:          317740 kB
MemAvailable:    1466520 kB
Buffers:           86800 kB
Cached:          1096464 kB
MemTotal:        1844596 kB
MemFree:          317740 kB
MemAvailable:    1466520 kB
Buffers:           86800 kB
Cached:          1096464 kB
MemTotal:        1844596 kB
MemFree:          317828 kB
MemAvailable:    1466608 kB
Buffers:           86800 kB
Cached:          1096464 kB
MemTotal:        1844596 kB
MemFree:          316624 kB
MemAvailable:    1465404 kB
Buffers:           86800 kB
Cached:          1096464 kB
MemTotal:        1844596 kB
MemFree:          317800 kB
MemAvailable:    1466580 kB
Buffers:           86800 kB
Cached:          1096464 kB
MemTotal:        1844596 kB
MemFree:          317700 kB
MemAvailable:    1466480 kB
Buffers:           86800 kB
Cached:          1096464 kB
MemTotal:        1844596 kB
MemFree:          317956 kB
MemAvailable:    1466736 kB
Buffers:           86800 kB
Cached:          1096464 kB
MemTotal:        1844596 kB
MemFree:          317768 kB
MemAvailable:    1466548 kB
Buffers:           86800 kB
Cached:          1096464 kB
MemTotal:        1844596 kB
MemFree:          317436 kB
MemAvailable:    1466216 kB
Buffers:           86800 kB
Cached:          1096464 kB
MemTotal:        1844596 kB
MemFree:          316484 kB
MemAvailable:    1465264 kB
Buffers:           86800 kB
Cached:          1096464 kB
MemTotal:        1844596 kB
MemFree:          316476 kB
MemAvailable:    1465256 kB
Buffers:           86800 kB
Cached:          1096464 kB
MemTotal:        1844596 kB
MemFree:          316724 kB
MemAvailable:    1465504 kB
Buffers:           86800 kB
Cached:          1096464 kB
MemTotal:        1844596 kB
MemFree:          316600 kB
MemAvailable:    1465380 kB
Buffers:           86800 kB
Cached:          1096464 kB
MemTotal:        1844596 kB
MemFree:          313284 kB
MemAvailable:    1462064 kB
Buffers:           86800 kB
Cached:          1096464 kB
MemTotal:        1844596 kB
MemFree:          310432 kB
MemAvailable:    1459212 kB
Buffers:           86800 kB
Cached:          1096464 kB
MemTotal:        1844596 kB
MemFree:          307960 kB
MemAvailable:    1456740 kB
Buffers:           86800 kB
Cached:          1096464 kB
MemTotal:        1844596 kB
MemFree:          307200 kB
MemAvailable:    1455980 kB
Buffers:           86800 kB
Cached:          1096464 kB
MemTotal:        1844596 kB
MemFree:          307284 kB
MemAvailable:    1456064 kB
Buffers:           86800 kB
Cached:          1096464 kB
MemTotal:        1844596 kB
MemFree:          306788 kB
MemAvailable:    1455568 kB
Buffers:           86800 kB
Cached:          1096464 kB
MemTotal:        1844596 kB
MemFree:          306848 kB
MemAvailable:    1455628 kB
Buffers:           86800 kB
Cached:          1096464 kB
MemTotal:        1844596 kB
MemFree:          305540 kB
MemAvailable:    1454320 kB
Buffers:           86800 kB
Cached:          1096464 kB
MemTotal:        1844596 kB
MemFree:          306648 kB
MemAvailable:    1455428 kB
Buffers:           86800 kB
Cached:          1096464 kB
MemTotal:        1844596 kB
MemFree:          305284 kB
MemAvailable:    1454064 kB
Buffers:           86800 kB
Cached:          1096464 kB
MemTotal:        1844596 kB
MemFree:          305912 kB
MemAvailable:    1454692 kB
Buffers:           86800 kB
Cached:          1096464 kB
MemTotal:        1844596 kB
MemFree:          304372 kB
MemAvailable:    1453028 kB
Buffers:           86800 kB
Cached:          1096464 kB
MemTotal:        1844596 kB
MemFree:          304596 kB
MemAvailable:    1453376 kB
Buffers:           86800 kB
Cached:          1096464 kB
MemTotal:        1844596 kB
MemFree:          304596 kB
MemAvailable:    1453376 kB
Buffers:           86800 kB
Cached:          1096464 kB
MemTotal:        1844596 kB
MemFree:          304376 kB
MemAvailable:    1453156 kB
Buffers:           86800 kB
Cached:          1096464 kB
MemTotal:        1844596 kB
MemFree:          303196 kB
MemAvailable:    1451976 kB
Buffers:           86800 kB
Cached:          1096464 kB
MemTotal:        1844596 kB
MemFree:          303196 kB
MemAvailable:    1451976 kB
Buffers:           86800 kB
Cached:          1096464 kB
MemTotal:        1844596 kB
MemFree:          304172 kB
MemAvailable:    1452952 kB
Buffers:           86800 kB
Cached:          1096464 kB
MemTotal:        1844596 kB
MemFree:          304256 kB
MemAvailable:    1453036 kB
Buffers:           86800 kB
Cached:          1096464 kB
MemTotal:        1844596 kB
MemFree:          304572 kB
MemAvailable:    1453352 kB
Buffers:           86800 kB
Cached:          1096464 kB
MemTotal:        1844596 kB
MemFree:          302588 kB
MemAvailable:    1451368 kB
Buffers:           86800 kB
Cached:          1096464 kB
MemTotal:        1844596 kB
MemFree:          304688 kB
MemAvailable:    1453468 kB
Buffers:           86800 kB
Cached:          1096464 kB
MemTotal:        1844596 kB
MemFree:          304344 kB
MemAvailable:    1453124 kB
Buffers:           86800 kB
Cached:          1096464 kB
MemTotal:        1844596 kB
MemFree:          304344 kB
MemAvailable:    1453124 kB
Buffers:           86800 kB
Cached:          1096464 kB
MemTotal:        1844596 kB
MemFree:          304436 kB
MemAvailable:    1453216 kB
Buffers:           86800 kB
Cached:          1096464 kB
MemTotal:        1844596 kB
MemFree:          304292 kB
MemAvailable:    1453072 kB
Buffers:           86800 kB
Cached:          1096464 kB
MemTotal:        1844596 kB
MemFree:          304372 kB
MemAvailable:    1453152 kB
Buffers:           86800 kB
Cached:          1096464 kB
MemTotal:        1844596 kB
MemFree:          304376 kB
MemAvailable:    1453156 kB
Buffers:           86800 kB
Cached:          1096464 kB
MemTotal:        1844596 kB
MemFree:          303068 kB
MemAvailable:    1451848 kB
Buffers:           86800 kB
Cached:          1096464 kB
MemTotal:        1844596 kB
MemFree:          303176 kB
MemAvailable:    1451956 kB
Buffers:           86800 kB
Cached:          1096464 kB
MemTotal:        1844596 kB
MemFree:          302240 kB
MemAvailable:    1451020 kB
Buffers:           86800 kB
Cached:          1096464 kB
MemTotal:        1844596 kB
MemFree:          301512 kB
MemAvailable:    1450292 kB
Buffers:           86800 kB
Cached:          1096464 kB
MemTotal:        1844596 kB
MemFree:          300960 kB
MemAvailable:    1449740 kB
Buffers:           86800 kB
Cached:          1096464 kB
MemTotal:        1844596 kB
MemFree:          301996 kB
MemAvailable:    1450776 kB
Buffers:           86800 kB
Cached:          1096464 kB
MemTotal:        1844596 kB
MemFree:          302152 kB
MemAvailable:    1450932 kB
Buffers:           86800 kB
Cached:          1096464 kB
MemTotal:        1844596 kB
MemFree:          301992 kB
MemAvailable:    1450772 kB
Buffers:           86800 kB
Cached:          1096464 kB
MemTotal:        1844596 kB
MemFree:          300900 kB
MemAvailable:    1449680 kB
Buffers:           86800 kB
Cached:          1096464 kB
MemTotal:        1844596 kB
MemFree:          301396 kB
MemAvailable:    1450176 kB
Buffers:           86800 kB
Cached:          1096464 kB
MemTotal:        1844596 kB
MemFree:          300952 kB
MemAvailable:    1449732 kB
Buffers:           86800 kB
Cached:          1096464 kB
MemTotal:        1844596 kB
MemFree:          299412 kB
MemAvailable:    1448192 kB
Buffers:           86800 kB
Cached:          1096464 kB
MemTotal:        1844596 kB
MemFree:          299960 kB
MemAvailable:    1448740 kB
Buffers:           86800 kB
Cached:          1096464 kB
MemTotal:        1844596 kB
MemFree:          300152 kB
MemAvailable:    1448932 kB
Buffers:           86800 kB
Cached:          1096464 kB
MemTotal:        1844596 kB
MemFree:          299396 kB
MemAvailable:    1448176 kB
Buffers:           86800 kB
Cached:          1096464 kB
MemTotal:        1844596 kB
MemFree:          299480 kB
MemAvailable:    1448260 kB
Buffers:           86800 kB
Cached:          1096464 kB
MemTotal:        1844596 kB
MemFree:          299324 kB
MemAvailable:    1448104 kB
Buffers:           86800 kB
Cached:          1096464 kB
MemTotal:        1844596 kB
MemFree:          299084 kB
MemAvailable:    1447864 kB
Buffers:           86800 kB
Cached:          1096464 kB
MemTotal:        1844596 kB
MemFree:          299252 kB
MemAvailable:    1448032 kB
Buffers:           86800 kB
Cached:          1096464 kB
MemTotal:        1844596 kB
MemFree:          299184 kB
MemAvailable:    1447964 kB
Buffers:           86800 kB
Cached:          1096464 kB
MemTotal:        1844596 kB
MemFree:          298908 kB
MemAvailable:    1447688 kB
Buffers:           86800 kB
Cached:          1096464 kB
MemTotal:        1844596 kB
MemFree:          299088 kB
MemAvailable:    1447868 kB
Buffers:           86800 kB
Cached:          1096464 kB
MemTotal:        1844596 kB
MemFree:          298028 kB
MemAvailable:    1446808 kB
Buffers:           86800 kB
Cached:          1096464 kB
MemTotal:        1844596 kB
MemFree:          299268 kB
MemAvailable:    1448048 kB
Buffers:           86800 kB
Cached:          1096464 kB
MemTotal:        1844596 kB
MemFree:          299328 kB
MemAvailable:    1448108 kB
Buffers:           86800 kB
Cached:          1096464 kB
MemTotal:        1844596 kB
MemFree:          299204 kB
MemAvailable:    1447984 kB
Buffers:           86800 kB
Cached:          1096464 kB
MemTotal:        1844596 kB
MemFree:          299152 kB
MemAvailable:    1447932 kB
Buffers:           86800 kB
Cached:          1096464 kB
MemTotal:        1844596 kB
MemFree:          299152 kB
MemAvailable:    1447932 kB
Buffers:           86800 kB
Cached:          1096464 kB
MemTotal:        1844596 kB
MemFree:          299152 kB
MemAvailable:    1447932 kB
Buffers:           86800 kB
Cached:          1096464 kB
MemTotal:        1844596 kB
MemFree:          298412 kB
MemAvailable:    1447192 kB
Buffers:           86800 kB
Cached:          1096464 kB
MemTotal:        1844596 kB
MemFree:          298812 kB
MemAvailable:    1447596 kB
Buffers:           86800 kB
Cached:          1096468 kB
MemTotal:        1844596 kB
MemFree:          298784 kB
MemAvailable:    1447568 kB
Buffers:           86800 kB
Cached:          1096468 kB
MemTotal:        1844596 kB
MemFree:          297752 kB
MemAvailable:    1446548 kB
Buffers:           86800 kB
Cached:          1096476 kB
MemTotal:        1844596 kB
MemFree:          298860 kB
MemAvailable:    1447656 kB
Buffers:           86800 kB
Cached:          1096476 kB
MemTotal:        1844596 kB
MemFree:          299116 kB
MemAvailable:    1447912 kB
Buffers:           86800 kB
Cached:          1096476 kB
MemTotal:        1844596 kB
MemFree:          297744 kB
MemAvailable:    1446540 kB
Buffers:           86800 kB
Cached:          1096476 kB
MemTotal:        1844596 kB
MemFree:          297916 kB
MemAvailable:    1446712 kB
Buffers:           86800 kB
Cached:          1096476 kB
MemTotal:        1844596 kB
MemFree:          298984 kB
MemAvailable:    1447780 kB
Buffers:           86800 kB
Cached:          1096476 kB
MemTotal:        1844596 kB
MemFree:          298956 kB
MemAvailable:    1447752 kB
Buffers:           86800 kB
Cached:          1096476 kB
MemTotal:        1844596 kB
MemFree:          297732 kB
MemAvailable:    1446528 kB
Buffers:           86800 kB
Cached:          1096476 kB
MemTotal:        1844596 kB
MemFree:          298972 kB
MemAvailable:    1447768 kB
Buffers:           86800 kB
Cached:          1096476 kB
MemTotal:        1844596 kB
MemFree:          298040 kB
MemAvailable:    1446836 kB
Buffers:           86800 kB
Cached:          1096476 kB
MemTotal:        1844596 kB
MemFree:          296676 kB
MemAvailable:    1445472 kB
Buffers:           86800 kB
Cached:          1096476 kB
MemTotal:        1844596 kB
MemFree:          296676 kB
MemAvailable:    1445472 kB
Buffers:           86800 kB
Cached:          1096476 kB
MemTotal:        1844596 kB
MemFree:          295924 kB
MemAvailable:    1444720 kB
Buffers:           86800 kB
Cached:          1096476 kB
MemTotal:        1844596 kB
MemFree:          295924 kB
MemAvailable:    1444720 kB
Buffers:           86800 kB
Cached:          1096476 kB
MemTotal:        1844596 kB
MemFree:          292940 kB
MemAvailable:    1441736 kB
Buffers:           86800 kB
Cached:          1096476 kB
MemTotal:        1844596 kB
MemFree:          292832 kB
MemAvailable:    1441628 kB
Buffers:           86800 kB
Cached:          1096476 kB
MemTotal:        1844596 kB
MemFree:          287988 kB
MemAvailable:    1436784 kB
Buffers:           86800 kB
Cached:          1096476 kB
MemTotal:        1844596 kB
MemFree:          287872 kB
MemAvailable:    1436668 kB
Buffers:           86800 kB
Cached:          1096476 kB
MemTotal:        1844596 kB
MemFree:          281904 kB
MemAvailable:    1430700 kB
Buffers:           86800 kB
Cached:          1096476 kB
MemTotal:        1844596 kB
MemFree:          281868 kB
MemAvailable:    1430664 kB
Buffers:           86800 kB
Cached:          1096476 kB
MemTotal:        1844596 kB
MemFree:          279060 kB
MemAvailable:    1427856 kB
Buffers:           86800 kB
Cached:          1096476 kB
MemTotal:        1844596 kB
MemFree:          280416 kB
MemAvailable:    1429212 kB
Buffers:           86800 kB
Cached:          1096476 kB
MemTotal:        1844596 kB
MemFree:          279060 kB
MemAvailable:    1427856 kB
Buffers:           86800 kB
Cached:          1096476 kB
MemTotal:        1844596 kB
MemFree:          280404 kB
MemAvailable:    1429200 kB
Buffers:           86800 kB
Cached:          1096476 kB
MemTotal:        1844596 kB
MemFree:          280120 kB
MemAvailable:    1428916 kB
Buffers:           86800 kB
Cached:          1096476 kB
MemTotal:        1844596 kB
MemFree:          280060 kB
MemAvailable:    1428856 kB
Buffers:           86800 kB
Cached:          1096476 kB
MemTotal:        1844596 kB
MemFree:          279756 kB
MemAvailable:    1428552 kB
Buffers:           86800 kB
Cached:          1096476 kB
MemTotal:        1844596 kB
MemFree:          278436 kB
MemAvailable:    1427232 kB
Buffers:           86800 kB
Cached:          1096476 kB
MemTotal:        1844596 kB
MemFree:          278684 kB
MemAvailable:    1427480 kB
Buffers:           86800 kB
Cached:          1096476 kB
MemTotal:        1844596 kB
MemFree:          279916 kB
MemAvailable:    1428712 kB
Buffers:           86800 kB
Cached:          1096476 kB
MemTotal:        1844596 kB
MemFree:          278200 kB
MemAvailable:    1426996 kB
Buffers:           86800 kB
Cached:          1096476 kB
MemTotal:        1844596 kB
MemFree:          279432 kB
MemAvailable:    1428228 kB
Buffers:           86800 kB
Cached:          1096476 kB
MemTotal:        1844596 kB
MemFree:          279328 kB
MemAvailable:    1428124 kB
Buffers:           86800 kB
Cached:          1096476 kB
MemTotal:        1844596 kB
MemFree:          278076 kB
MemAvailable:    1426872 kB
Buffers:           86800 kB
Cached:          1096476 kB
MemTotal:        1844596 kB
MemFree:          279124 kB
MemAvailable:    1427920 kB
Buffers:           86800 kB
Cached:          1096476 kB
MemTotal:        1844596 kB
MemFree:          278820 kB
MemAvailable:    1427616 kB
Buffers:           86800 kB
Cached:          1096476 kB
MemTotal:        1844596 kB
MemFree:          279004 kB
MemAvailable:    1427800 kB
Buffers:           86800 kB
Cached:          1096476 kB
MemTotal:        1844596 kB
MemFree:          279260 kB
MemAvailable:    1428056 kB
Buffers:           86800 kB
Cached:          1096476 kB
MemTotal:        1844596 kB
MemFree:          278016 kB
MemAvailable:    1426812 kB
Buffers:           86800 kB
Cached:          1096476 kB
MemTotal:        1844596 kB
MemFree:          277752 kB
MemAvailable:    1426548 kB
Buffers:           86800 kB
Cached:          1096476 kB
MemTotal:        1844596 kB
MemFree:          279112 kB
MemAvailable:    1427908 kB
Buffers:           86800 kB
Cached:          1096476 kB
MemTotal:        1844596 kB
MemFree:          279280 kB
MemAvailable:    1428076 kB
Buffers:           86800 kB
Cached:          1096476 kB
MemTotal:        1844596 kB
MemFree:          279124 kB
MemAvailable:    1427920 kB
Buffers:           86800 kB
Cached:          1096476 kB
MemTotal:        1844596 kB
MemFree:          278696 kB
MemAvailable:    1427492 kB
Buffers:           86800 kB
Cached:          1096476 kB
MemTotal:        1844596 kB
MemFree:          277896 kB
MemAvailable:    1426692 kB
Buffers:           86800 kB
Cached:          1096476 kB
MemTotal:        1844596 kB
MemFree:          279196 kB
MemAvailable:    1427992 kB
Buffers:           86800 kB
Cached:          1096476 kB
MemTotal:        1844596 kB
MemFree:          279128 kB
MemAvailable:    1427924 kB
Buffers:           86800 kB
Cached:          1096476 kB
MemTotal:        1844596 kB
MemFree:          279380 kB
MemAvailable:    1428176 kB
Buffers:           86800 kB
Cached:          1096476 kB
MemTotal:        1844596 kB
MemFree:          279004 kB
MemAvailable:    1427800 kB
Buffers:           86800 kB
Cached:          1096476 kB
MemTotal:        1844596 kB
MemFree:          279340 kB
MemAvailable:    1428136 kB
Buffers:           86800 kB
Cached:          1096476 kB
MemTotal:        1844596 kB
MemFree:          279180 kB
MemAvailable:    1427976 kB
Buffers:           86800 kB
Cached:          1096476 kB
MemTotal:        1844596 kB
MemFree:          277932 kB
MemAvailable:    1426728 kB
Buffers:           86800 kB
Cached:          1096476 kB
MemTotal:        1844596 kB
MemFree:          279192 kB
MemAvailable:    1427988 kB
Buffers:           86800 kB
Cached:          1096476 kB
MemTotal:        1844596 kB
MemFree:          279028 kB
MemAvailable:    1427824 kB
Buffers:           86800 kB
Cached:          1096476 kB
MemTotal:        1844596 kB
MemFree:          279364 kB
MemAvailable:    1428160 kB
Buffers:           86800 kB
Cached:          1096476 kB
MemTotal:        1844596 kB
MemFree:          278076 kB
MemAvailable:    1426872 kB
Buffers:           86800 kB
Cached:          1096476 kB
MemTotal:        1844596 kB
MemFree:          275720 kB
MemAvailable:    1424516 kB
Buffers:           86800 kB
Cached:          1096476 kB
MemTotal:        1844596 kB
MemFree:          272928 kB
MemAvailable:    1421724 kB
Buffers:           86800 kB
Cached:          1096476 kB
MemTotal:        1844596 kB
MemFree:          269140 kB
MemAvailable:    1417936 kB
Buffers:           86800 kB
Cached:          1096476 kB
MemTotal:        1844596 kB
MemFree:          268908 kB
MemAvailable:    1417704 kB
Buffers:           86800 kB
Cached:          1096476 kB
MemTotal:        1844596 kB
MemFree:          265304 kB
MemAvailable:    1414100 kB
Buffers:           86800 kB
Cached:          1096476 kB
MemTotal:        1844596 kB
MemFree:          262072 kB
MemAvailable:    1410868 kB
Buffers:           86800 kB
Cached:          1096476 kB
MemTotal:        1844596 kB
MemFree:          261444 kB
MemAvailable:    1410240 kB
Buffers:           86800 kB
Cached:          1096476 kB
MemTotal:        1844596 kB
MemFree:          261196 kB
MemAvailable:    1409992 kB
Buffers:           86800 kB
Cached:          1096476 kB
MemTotal:        1844596 kB
MemFree:          261304 kB
MemAvailable:    1410100 kB
Buffers:           86800 kB
Cached:          1096476 kB
MemTotal:        1844596 kB
MemFree:          261560 kB
MemAvailable:    1410356 kB
Buffers:           86800 kB
Cached:          1096476 kB
MemTotal:        1844596 kB
MemFree:          260064 kB
MemAvailable:    1408860 kB
Buffers:           86800 kB
Cached:          1096476 kB
MemTotal:        1844596 kB
MemFree:          261440 kB
MemAvailable:    1410236 kB
Buffers:           86800 kB
Cached:          1096476 kB
MemTotal:        1844596 kB
MemFree:          261484 kB
MemAvailable:    1410280 kB
Buffers:           86800 kB
Cached:          1096476 kB
MemTotal:        1844596 kB
MemFree:          260052 kB
MemAvailable:    1408848 kB
Buffers:           86800 kB
Cached:          1096476 kB
MemTotal:        1844596 kB
MemFree:          261292 kB
MemAvailable:    1410088 kB
Buffers:           86800 kB
Cached:          1096476 kB
MemTotal:        1844596 kB
MemFree:          260176 kB
MemAvailable:    1408972 kB
Buffers:           86800 kB
Cached:          1096476 kB
MemTotal:        1844596 kB
MemFree:          260080 kB
MemAvailable:    1408876 kB
Buffers:           86800 kB
Cached:          1096476 kB
MemTotal:        1844596 kB
MemFree:          260336 kB
MemAvailable:    1409132 kB
Buffers:           86800 kB
Cached:          1096476 kB
MemTotal:        1844596 kB
MemFree:          261496 kB
MemAvailable:    1410296 kB
Buffers:           86800 kB
Cached:          1096480 kB
MemTotal:        1844596 kB
MemFree:          261204 kB
MemAvailable:    1410004 kB
Buffers:           86800 kB
Cached:          1096480 kB
MemTotal:        1844596 kB
MemFree:          260476 kB
MemAvailable:    1409276 kB
Buffers:           86800 kB
Cached:          1096480 kB
MemTotal:        1844596 kB
MemFree:          260948 kB
MemAvailable:    1409752 kB
Buffers:           86800 kB
Cached:          1096484 kB
MemTotal:        1844596 kB
MemFree:          260840 kB
MemAvailable:    1409644 kB
Buffers:           86800 kB
Cached:          1096484 kB
MemTotal:        1844596 kB
MemFree:          259660 kB
MemAvailable:    1408464 kB
Buffers:           86800 kB
Cached:          1096484 kB
MemTotal:        1844596 kB
MemFree:          260944 kB
MemAvailable:    1409748 kB
Buffers:           86800 kB
Cached:          1096484 kB
MemTotal:        1844596 kB
MemFree:          260944 kB
MemAvailable:    1409748 kB
Buffers:           86800 kB
Cached:          1096484 kB
MemTotal:        1844596 kB
MemFree:          260700 kB
MemAvailable:    1409504 kB
Buffers:           86800 kB
Cached:          1096484 kB
MemTotal:        1844596 kB
MemFree:          260956 kB
MemAvailable:    1409760 kB
Buffers:           86808 kB
Cached:          1096476 kB
MemTotal:        1844596 kB
MemFree:          260824 kB
MemAvailable:    1409628 kB
Buffers:           86812 kB
Cached:          1096472 kB
MemTotal:        1844596 kB
MemFree:          260908 kB
MemAvailable:    1409712 kB
Buffers:           86812 kB
Cached:          1096472 kB
MemTotal:        1844596 kB
MemFree:          260700 kB
MemAvailable:    1409504 kB
Buffers:           86812 kB
Cached:          1096472 kB
MemTotal:        1844596 kB
MemFree:          260952 kB
MemAvailable:    1409756 kB
Buffers:           86812 kB
Cached:          1096472 kB
MemTotal:        1844596 kB
MemFree:          261020 kB
MemAvailable:    1409824 kB
Buffers:           86812 kB
Cached:          1096472 kB
MemTotal:        1844596 kB
MemFree:          261188 kB
MemAvailable:    1409992 kB
Buffers:           86812 kB
Cached:          1096472 kB
MemTotal:        1844596 kB
MemFree:          259792 kB
MemAvailable:    1408596 kB
Buffers:           86812 kB
Cached:          1096472 kB
MemTotal:        1844596 kB
MemFree:          261196 kB
MemAvailable:    1410000 kB
Buffers:           86812 kB
Cached:          1096472 kB
MemTotal:        1844596 kB
MemFree:          260940 kB
MemAvailable:    1409744 kB
Buffers:           86812 kB
Cached:          1096472 kB
MemTotal:        1844596 kB
MemFree:          259692 kB
MemAvailable:    1408496 kB
Buffers:           86812 kB
Cached:          1096472 kB
MemTotal:        1844596 kB
MemFree:          260992 kB
MemAvailable:    1409796 kB
Buffers:           86812 kB
Cached:          1096472 kB
MemTotal:        1844596 kB
MemFree:          259040 kB
MemAvailable:    1407844 kB
Buffers:           86812 kB
Cached:          1096472 kB
MemTotal:        1844596 kB
MemFree:          253516 kB
MemAvailable:    1402320 kB
Buffers:           86812 kB
Cached:          1096472 kB
MemTotal:        1844596 kB
MemFree:          253160 kB
MemAvailable:    1401964 kB
Buffers:           86812 kB
Cached:          1096472 kB
MemTotal:        1844596 kB
MemFree:          247432 kB
MemAvailable:    1396236 kB
Buffers:           86812 kB
Cached:          1096472 kB
MemTotal:        1844596 kB
MemFree:          246828 kB
MemAvailable:    1395632 kB
Buffers:           86812 kB
Cached:          1096472 kB
MemTotal:        1844596 kB
MemFree:          243456 kB
MemAvailable:    1392260 kB
Buffers:           86812 kB
Cached:          1096472 kB
MemTotal:        1844596 kB
MemFree:          243456 kB
MemAvailable:    1392260 kB
Buffers:           86812 kB
Cached:          1096472 kB
MemTotal:        1844596 kB
MemFree:          243468 kB
MemAvailable:    1392272 kB
Buffers:           86812 kB
Cached:          1096472 kB
MemTotal:        1844596 kB
MemFree:          243544 kB
MemAvailable:    1392348 kB
Buffers:           86812 kB
Cached:          1096472 kB
MemTotal:        1844596 kB
MemFree:          243276 kB
MemAvailable:    1392080 kB
Buffers:           86812 kB
Cached:          1096472 kB
MemTotal:        1844596 kB
MemFree:          243528 kB
MemAvailable:    1392332 kB
Buffers:           86812 kB
Cached:          1096472 kB
MemTotal:        1844596 kB
MemFree:          243356 kB
MemAvailable:    1392160 kB
Buffers:           86812 kB
Cached:          1096472 kB
MemTotal:        1844596 kB
MemFree:          242612 kB
MemAvailable:    1391416 kB
Buffers:           86812 kB
Cached:          1096472 kB
MemTotal:        1844596 kB
MemFree:          243396 kB
MemAvailable:    1392200 kB
Buffers:           86812 kB
Cached:          1096472 kB
MemTotal:        1844596 kB
MemFree:          243416 kB
MemAvailable:    1392220 kB
Buffers:           86812 kB
Cached:          1096472 kB
MemTotal:        1844596 kB
MemFree:          243368 kB
MemAvailable:    1392172 kB
Buffers:           86812 kB
Cached:          1096472 kB
MemTotal:        1844596 kB
MemFree:          243340 kB
MemAvailable:    1392144 kB
Buffers:           86812 kB
Cached:          1096472 kB
MemTotal:        1844596 kB
MemFree:          243592 kB
MemAvailable:    1392396 kB
Buffers:           86812 kB
Cached:          1096472 kB
MemTotal:        1844596 kB
MemFree:          243468 kB
MemAvailable:    1392272 kB
Buffers:           86812 kB
Cached:          1096472 kB
MemTotal:        1844596 kB
MemFree:          242304 kB
MemAvailable:    1391108 kB
Buffers:           86812 kB
Cached:          1096472 kB
MemTotal:        1844596 kB
MemFree:          242048 kB
MemAvailable:    1390852 kB
Buffers:           86812 kB
Cached:          1096472 kB
MemTotal:        1844596 kB
MemFree:          243140 kB
MemAvailable:    1391944 kB
Buffers:           86812 kB
Cached:          1096472 kB
MemTotal:        1844596 kB
MemFree:          243168 kB
MemAvailable:    1391972 kB
Buffers:           86812 kB
Cached:          1096472 kB
MemTotal:        1844596 kB
MemFree:          242920 kB
MemAvailable:    1391724 kB
Buffers:           86812 kB
Cached:          1096472 kB
MemTotal:        1844596 kB
MemFree:          243004 kB
MemAvailable:    1391808 kB
Buffers:           86812 kB
Cached:          1096472 kB
MemTotal:        1844596 kB
MemFree:          242224 kB
MemAvailable:    1391028 kB
Buffers:           86812 kB
Cached:          1096472 kB
MemTotal:        1844596 kB
MemFree:          242560 kB
MemAvailable:    1391364 kB
Buffers:           86812 kB
Cached:          1096472 kB
MemTotal:        1844596 kB
MemFree:          242092 kB
MemAvailable:    1390896 kB
Buffers:           86812 kB
Cached:          1096472 kB
MemTotal:        1844596 kB
MemFree:          241868 kB
MemAvailable:    1390672 kB
Buffers:           86812 kB
Cached:          1096472 kB
MemTotal:        1844596 kB
MemFree:          242120 kB
MemAvailable:    1390924 kB
Buffers:           86812 kB
Cached:          1096472 kB
MemTotal:        1844596 kB
MemFree:          241920 kB
MemAvailable:    1390724 kB
Buffers:           86812 kB
Cached:          1096472 kB
MemTotal:        1844596 kB
MemFree:          241744 kB
MemAvailable:    1390548 kB
Buffers:           86812 kB
Cached:          1096472 kB
MemTotal:        1844596 kB
MemFree:          240372 kB
MemAvailable:    1389176 kB
Buffers:           86812 kB
Cached:          1096472 kB
MemTotal:        1844596 kB
MemFree:          240380 kB
MemAvailable:    1389184 kB
Buffers:           86812 kB
Cached:          1096472 kB
MemTotal:        1844596 kB
MemFree:          236164 kB
MemAvailable:    1384968 kB
Buffers:           86812 kB
Cached:          1096472 kB
MemTotal:        1844596 kB
MemFree:          233992 kB
MemAvailable:    1382796 kB
Buffers:           86812 kB
Cached:          1096472 kB
MemTotal:        1844596 kB
MemFree:          229700 kB
MemAvailable:    1378504 kB
Buffers:           86812 kB
Cached:          1096472 kB
MemTotal:        1844596 kB
MemFree:          229592 kB
MemAvailable:    1378396 kB
Buffers:           86812 kB
Cached:          1096472 kB
MemTotal:        1844596 kB
MemFree:          225780 kB
MemAvailable:    1374584 kB
Buffers:           86812 kB
Cached:          1096472 kB
MemTotal:        1844596 kB
MemFree:          225744 kB
MemAvailable:    1374548 kB
Buffers:           86812 kB
Cached:          1096472 kB
MemTotal:        1844596 kB
MemFree:          220820 kB
MemAvailable:    1369624 kB
Buffers:           86812 kB
Cached:          1096472 kB
MemTotal:        1844596 kB
MemFree:          220836 kB
MemAvailable:    1369640 kB
Buffers:           86812 kB
Cached:          1096472 kB
MemTotal:        1844596 kB
MemFree:          219720 kB
MemAvailable:    1368524 kB
Buffers:           86812 kB
Cached:          1096472 kB
MemTotal:        1844596 kB
MemFree:          217364 kB
MemAvailable:    1366168 kB
Buffers:           86812 kB
Cached:          1096472 kB
MemTotal:        1844596 kB
MemFree:          214628 kB
MemAvailable:    1363432 kB
Buffers:           86812 kB
Cached:          1096472 kB
MemTotal:        1844596 kB
MemFree:          214504 kB
MemAvailable:    1363308 kB
Buffers:           86812 kB
Cached:          1096472 kB
MemTotal:        1844596 kB
MemFree:          213244 kB
MemAvailable:    1362048 kB
Buffers:           86812 kB
Cached:          1096472 kB
MemTotal:        1844596 kB
MemFree:          211908 kB
MemAvailable:    1360712 kB
Buffers:           86812 kB
Cached:          1096472 kB
MemTotal:        1844596 kB
MemFree:          212032 kB
MemAvailable:    1360840 kB
Buffers:           86812 kB
Cached:          1096476 kB
MemTotal:        1844596 kB
MemFree:          213356 kB
MemAvailable:    1362164 kB
Buffers:           86812 kB
Cached:          1096476 kB
MemTotal:        1844596 kB
MemFree:          212164 kB
MemAvailable:    1360972 kB
Buffers:           86812 kB
Cached:          1096476 kB
MemTotal:        1844596 kB
MemFree:          212760 kB
MemAvailable:    1361568 kB
Buffers:           86812 kB
Cached:          1096476 kB
MemTotal:        1844596 kB
MemFree:          213016 kB
MemAvailable:    1361824 kB
Buffers:           86812 kB
Cached:          1096476 kB
MemTotal:        1844596 kB
MemFree:          211764 kB
MemAvailable:    1360572 kB
Buffers:           86812 kB
Cached:          1096476 kB
MemTotal:        1844596 kB
MemFree:          213004 kB
MemAvailable:    1361812 kB
Buffers:           86812 kB
Cached:          1096476 kB
MemTotal:        1844596 kB
MemFree:          211640 kB
MemAvailable:    1360448 kB
Buffers:           86812 kB
Cached:          1096476 kB
MemTotal:        1844596 kB
MemFree:          210792 kB
MemAvailable:    1359600 kB
Buffers:           86812 kB
Cached:          1096476 kB
MemTotal:        1844596 kB
MemFree:          210916 kB
MemAvailable:    1359740 kB
Buffers:           86812 kB
Cached:          1096492 kB
MemTotal:        1844596 kB
MemFree:          211968 kB
MemAvailable:    1360792 kB
Buffers:           86812 kB
Cached:          1096492 kB
MemTotal:        1844596 kB
MemFree:          210800 kB
MemAvailable:    1359624 kB
Buffers:           86812 kB
Cached:          1096492 kB
MemTotal:        1844596 kB
MemFree:          211784 kB
MemAvailable:    1360608 kB
Buffers:           86812 kB
Cached:          1096492 kB
MemTotal:        1844596 kB
MemFree:          210420 kB
MemAvailable:    1359248 kB
Buffers:           86812 kB
Cached:          1096496 kB
MemTotal:        1844596 kB
MemFree:          211720 kB
MemAvailable:    1360548 kB
Buffers:           86812 kB
Cached:          1096496 kB
MemTotal:        1844596 kB
MemFree:          211588 kB
MemAvailable:    1360416 kB
Buffers:           86812 kB
Cached:          1096496 kB
MemTotal:        1844596 kB
MemFree:          210420 kB
MemAvailable:    1359248 kB
Buffers:           86812 kB
Cached:          1096496 kB
MemTotal:        1844596 kB
MemFree:          210544 kB
MemAvailable:    1359372 kB
Buffers:           86812 kB
Cached:          1096496 kB
MemTotal:        1844596 kB
MemFree:          211224 kB
MemAvailable:    1360052 kB
Buffers:           86812 kB
Cached:          1096496 kB
MemTotal:        1844596 kB
MemFree:          209808 kB
MemAvailable:    1358636 kB
Buffers:           86812 kB
Cached:          1096496 kB
MemTotal:        1844596 kB
MemFree:          210672 kB
MemAvailable:    1359500 kB
Buffers:           86812 kB
Cached:          1096496 kB
MemTotal:        1844596 kB
MemFree:          210548 kB
MemAvailable:    1359376 kB
Buffers:           86812 kB
Cached:          1096496 kB
MemTotal:        1844596 kB
MemFree:          209056 kB
MemAvailable:    1357884 kB
Buffers:           86812 kB
Cached:          1096496 kB
MemTotal:        1844596 kB
MemFree:          210088 kB
MemAvailable:    1358916 kB
Buffers:           86812 kB
Cached:          1096496 kB
MemTotal:        1844596 kB
MemFree:          209364 kB
MemAvailable:    1358192 kB
Buffers:           86812 kB
Cached:          1096496 kB
MemTotal:        1844596 kB
MemFree:          208992 kB
MemAvailable:    1357820 kB
Buffers:           86812 kB
Cached:          1096496 kB
MemTotal:        1844596 kB
MemFree:          207824 kB
MemAvailable:    1356652 kB
Buffers:           86812 kB
Cached:          1096496 kB
MemTotal:        1844596 kB
MemFree:          208736 kB
MemAvailable:    1357564 kB
Buffers:           86812 kB
Cached:          1096496 kB
MemTotal:        1844596 kB
MemFree:          208612 kB
MemAvailable:    1357440 kB
Buffers:           86812 kB
Cached:          1096496 kB
MemTotal:        1844596 kB
MemFree:          208544 kB
MemAvailable:    1357372 kB
Buffers:           86812 kB
Cached:          1096496 kB
MemTotal:        1844596 kB
MemFree:          208668 kB
MemAvailable:    1357496 kB
Buffers:           86812 kB
Cached:          1096496 kB
MemTotal:        1844596 kB
MemFree:          208664 kB
MemAvailable:    1357492 kB
Buffers:           86812 kB
Cached:          1096496 kB
MemTotal:        1844596 kB
MemFree:          208920 kB
MemAvailable:    1357748 kB
Buffers:           86812 kB
Cached:          1096496 kB
MemTotal:        1844596 kB
MemFree:          208936 kB
MemAvailable:    1357764 kB
Buffers:           86812 kB
Cached:          1096496 kB
MemTotal:        1844596 kB
MemFree:          207244 kB
MemAvailable:    1356072 kB
Buffers:           86812 kB
Cached:          1096496 kB
MemTotal:        1844596 kB
MemFree:          208652 kB
MemAvailable:    1357480 kB
Buffers:           86812 kB
Cached:          1096496 kB
MemTotal:        1844596 kB
MemFree:          208908 kB
MemAvailable:    1357736 kB
Buffers:           86812 kB
Cached:          1096496 kB
MemTotal:        1844596 kB
MemFree:          208640 kB
MemAvailable:    1357468 kB
Buffers:           86812 kB
Cached:          1096496 kB
MemTotal:        1844596 kB
MemFree:          208808 kB
MemAvailable:    1357636 kB
Buffers:           86812 kB
Cached:          1096496 kB
MemTotal:        1844596 kB
MemFree:          208656 kB
MemAvailable:    1357484 kB
Buffers:           86812 kB
Cached:          1096496 kB
MemTotal:        1844596 kB
MemFree:          208908 kB
MemAvailable:    1357736 kB
Buffers:           86812 kB
Cached:          1096496 kB
MemTotal:        1844596 kB
MemFree:          208652 kB
MemAvailable:    1357480 kB
Buffers:           86812 kB
Cached:          1096496 kB
MemTotal:        1844596 kB
MemFree:          208904 kB
MemAvailable:    1357732 kB
Buffers:           86812 kB
Cached:          1096496 kB
MemTotal:        1844596 kB
MemFree:          208740 kB
MemAvailable:    1357568 kB
Buffers:           86812 kB
Cached:          1096496 kB
MemTotal:        1844596 kB
MemFree:          208908 kB
MemAvailable:    1357736 kB
Buffers:           86812 kB
Cached:          1096496 kB
MemTotal:        1844596 kB
MemFree:          208488 kB
MemAvailable:    1357316 kB
Buffers:           86812 kB
Cached:          1096496 kB
MemTotal:        1844596 kB
MemFree:          208824 kB
MemAvailable:    1357652 kB
Buffers:           86812 kB
Cached:          1096496 kB
MemTotal:        1844596 kB
MemFree:          207504 kB
MemAvailable:    1356332 kB
Buffers:           86812 kB
Cached:          1096496 kB
MemTotal:        1844596 kB
MemFree:          208740 kB
MemAvailable:    1357568 kB
Buffers:           86812 kB
Cached:          1096496 kB
MemTotal:        1844596 kB
MemFree:          208540 kB
MemAvailable:    1357368 kB
Buffers:           86812 kB
Cached:          1096496 kB
MemTotal:        1844596 kB
MemFree:          208876 kB
MemAvailable:    1357704 kB
Buffers:           86812 kB
Cached:          1096496 kB
MemTotal:        1844596 kB
MemFree:          208492 kB
MemAvailable:    1357320 kB
Buffers:           86812 kB
Cached:          1096496 kB
MemTotal:        1844596 kB
MemFree:          208660 kB
MemAvailable:    1357488 kB
Buffers:           86812 kB
Cached:          1096496 kB
MemTotal:        1844596 kB
MemFree:          208688 kB
MemAvailable:    1357516 kB
Buffers:           86812 kB
Cached:          1096496 kB
MemTotal:        1844596 kB
MemFree:          207640 kB
MemAvailable:    1356468 kB
Buffers:           86812 kB
Cached:          1096496 kB
MemTotal:        1844596 kB
MemFree:          207508 kB
MemAvailable:    1356336 kB
Buffers:           86812 kB
Cached:          1096496 kB
MemTotal:        1844596 kB
MemFree:          208748 kB
MemAvailable:    1357576 kB
Buffers:           86812 kB
Cached:          1096496 kB
MemTotal:        1844596 kB
MemFree:          207420 kB
MemAvailable:    1356248 kB
Buffers:           86812 kB
Cached:          1096496 kB
MemTotal:        1844596 kB
MemFree:          208520 kB
MemAvailable:    1357348 kB
Buffers:           86812 kB
Cached:          1096496 kB
MemTotal:        1844596 kB
MemFree:          208688 kB
MemAvailable:    1357516 kB
Buffers:           86812 kB
Cached:          1096496 kB
MemTotal:        1844596 kB
MemFree:          207492 kB
MemAvailable:    1356320 kB
Buffers:           86812 kB
Cached:          1096496 kB
MemTotal:        1844596 kB
MemFree:          207368 kB
MemAvailable:    1356196 kB
Buffers:           86812 kB
Cached:          1096496 kB
MemTotal:        1844596 kB
MemFree:          208476 kB
MemAvailable:    1357304 kB
Buffers:           86812 kB
Cached:          1096496 kB
MemTotal:        1844596 kB
MemFree:          208320 kB
MemAvailable:    1357148 kB
Buffers:           86812 kB
Cached:          1096496 kB
MemTotal:        1844596 kB
MemFree:          207172 kB
MemAvailable:    1356000 kB
Buffers:           86812 kB
Cached:          1096496 kB
MemTotal:        1844596 kB
MemFree:          207196 kB
MemAvailable:    1356024 kB
Buffers:           86812 kB
Cached:          1096496 kB
MemTotal:        1844596 kB
MemFree:          202228 kB
MemAvailable:    1351056 kB
Buffers:           86812 kB
Cached:          1096496 kB
MemTotal:        1844596 kB
MemFree:          202228 kB
MemAvailable:    1351056 kB
Buffers:           86812 kB
Cached:          1096496 kB
MemTotal:        1844596 kB
MemFree:          200692 kB
MemAvailable:    1349520 kB
Buffers:           86812 kB
Cached:          1096496 kB
MemTotal:        1844596 kB
MemFree:          201932 kB
MemAvailable:    1350760 kB
Buffers:           86812 kB
Cached:          1096496 kB
MemTotal:        1844596 kB
MemFree:          201988 kB
MemAvailable:    1350816 kB
Buffers:           86812 kB
Cached:          1096496 kB
MemTotal:        1844596 kB
MemFree:          201624 kB
MemAvailable:    1350452 kB
Buffers:           86812 kB
Cached:          1096496 kB
MemTotal:        1844596 kB
MemFree:          201856 kB
MemAvailable:    1350684 kB
Buffers:           86812 kB
Cached:          1096496 kB
MemTotal:        1844596 kB
MemFree:          201856 kB
MemAvailable:    1350684 kB
Buffers:           86812 kB
Cached:          1096496 kB
MemTotal:        1844596 kB
MemFree:          202000 kB
MemAvailable:    1350828 kB
Buffers:           86812 kB
Cached:          1096496 kB
MemTotal:        1844596 kB
MemFree:          200736 kB
MemAvailable:    1349564 kB
Buffers:           86812 kB
Cached:          1096496 kB
MemTotal:        1844596 kB
MemFree:          201904 kB
MemAvailable:    1350732 kB
Buffers:           86812 kB
Cached:          1096496 kB
MemTotal:        1844596 kB
MemFree:          201908 kB
MemAvailable:    1350736 kB
Buffers:           86812 kB
Cached:          1096496 kB
MemTotal:        1844596 kB
MemFree:          201004 kB
MemAvailable:    1349832 kB
Buffers:           86812 kB
Cached:          1096496 kB
MemTotal:        1844596 kB
MemFree:          201560 kB
MemAvailable:    1350556 kB
Buffers:           86812 kB
Cached:          1096620 kB
MemTotal:        1844596 kB
MemFree:          200328 kB
MemAvailable:    1349324 kB
Buffers:           86812 kB
Cached:          1096744 kB
MemTotal:        1844596 kB
MemFree:          200452 kB
MemAvailable:    1349616 kB
Buffers:           86812 kB
Cached:          1096868 kB
MemTotal:        1844596 kB
MemFree:          201792 kB
MemAvailable:    1351040 kB
Buffers:           86812 kB
Cached:          1096992 kB
MemTotal:        1844596 kB
MemFree:          200368 kB
MemAvailable:    1349700 kB
Buffers:           86812 kB
Cached:          1096992 kB
MemTotal:        1844596 kB
MemFree:          201492 kB
MemAvailable:    1350912 kB
Buffers:           86812 kB
Cached:          1097120 kB
MemTotal:        1844596 kB
MemFree:          201420 kB
MemAvailable:    1350840 kB
Buffers:           86812 kB
Cached:          1097120 kB
MemTotal:        1844596 kB
MemFree:          199864 kB
MemAvailable:    1349284 kB
Buffers:           86812 kB
Cached:          1097120 kB
MemTotal:        1844596 kB
MemFree:          199980 kB
MemAvailable:    1349484 kB
Buffers:           86812 kB
Cached:          1097120 kB
MemTotal:        1844596 kB
MemFree:          201116 kB
MemAvailable:    1350620 kB
Buffers:           86812 kB
Cached:          1097120 kB
MemTotal:        1844596 kB
MemFree:          200984 kB
MemAvailable:    1350488 kB
Buffers:           86812 kB
Cached:          1097120 kB
MemTotal:        1844596 kB
MemFree:          201276 kB
MemAvailable:    1350780 kB
Buffers:           86812 kB
Cached:          1097120 kB
MemTotal:        1844596 kB
MemFree:          200904 kB
MemAvailable:    1350408 kB
Buffers:           86812 kB
Cached:          1097120 kB
MemTotal:        1844596 kB
MemFree:          201072 kB
MemAvailable:    1350576 kB
Buffers:           86812 kB
Cached:          1097120 kB
MemTotal:        1844596 kB
MemFree:          200292 kB
MemAvailable:    1349216 kB
Buffers:           86812 kB
Cached:          1096548 kB
MemTotal:        1844596 kB
MemFree:          200368 kB
MemAvailable:    1349292 kB
Buffers:           86812 kB
Cached:          1096548 kB
MemTotal:        1844596 kB
MemFree:          240240 kB
MemAvailable:    1389164 kB
Buffers:           86812 kB
Cached:          1096548 kB
MemTotal:        1844596 kB
MemFree:          356820 kB
MemAvailable:    1505744 kB
Buffers:           86812 kB
Cached:          1096548 kB
MemTotal:        1844596 kB
MemFree:          397980 kB
MemAvailable:    1546904 kB
Buffers:           86812 kB
Cached:          1096548 kB
