MemTotal:        1844596 kB
MemFree:          364208 kB
MemAvailable:    1545296 kB
Buffers:           89236 kB
Cached:          1124068 kB
MemTotal:        1844596 kB
MemFree:          337664 kB
MemAvailable:    1518712 kB
Buffers:           89236 kB
Cached:          1124072 kB
MemTotal:        1844596 kB
MemFree:          333184 kB
MemAvailable:    1514232 kB
Buffers:           89236 kB
Cached:          1124072 kB
MemTotal:        1844596 kB
MemFree:          332936 kB
MemAvailable:    1513984 kB
Buffers:           89236 kB
Cached:          1124072 kB
MemTotal:        1844596 kB
MemFree:          331960 kB
MemAvailable:    1513008 kB
Buffers:           89236 kB
Cached:          1124072 kB
MemTotal:        1844596 kB
MemFree:          331828 kB
MemAvailable:    1512876 kB
Buffers:           89236 kB
Cached:          1124072 kB
MemTotal:        1844596 kB
MemFree:          331712 kB
MemAvailable:    1512760 kB
Buffers:           89236 kB
Cached:          1124072 kB
MemTotal:        1844596 kB
MemFree:          328984 kB
MemAvailable:    1510032 kB
Buffers:           89236 kB
Cached:          1124072 kB
MemTotal:        1844596 kB
MemFree:          326612 kB
MemAvailable:    1507660 kB
Buffers:           89236 kB
Cached:          1124072 kB
MemTotal:        1844596 kB
MemFree:          326512 kB
MemAvailable:    1507560 kB
Buffers:           89236 kB
Cached:          1124072 kB
MemTotal:        1844596 kB
MemFree:          321048 kB
MemAvailable:    1502096 kB
Buffers:           89236 kB
Cached:          1124072 kB
MemTotal:        1844596 kB
MemFree:          323128 kB
MemAvailable:    1504176 kB
Buffers:           89236 kB
Cached:          1124072 kB
MemTotal:        1844596 kB
MemFree:          323216 kB
MemAvailable:    1504264 kB
Buffers:           89236 kB
Cached:          1124072 kB
MemTotal:        1844596 kB
MemFree:          321908 kB
MemAvailable:    1502956 kB
Buffers:           89236 kB
Cached:          1124072 kB
MemTotal:        1844596 kB
MemFree:          323348 kB
MemAvailable:    1504396 kB
Buffers:           89236 kB
Cached:          1124072 kB
MemTotal:        1844596 kB
MemFree:          323272 kB
MemAvailable:    1504320 kB
Buffers:           89236 kB
Cached:          1124072 kB
MemTotal:        1844596 kB
MemFree:          322828 kB
MemAvailable:    1503876 kB
Buffers:           89236 kB
Cached:          1124072 kB
MemTotal:        1844596 kB
MemFree:          321644 kB
MemAvailable:    1502692 kB
Buffers:           89236 kB
Cached:          1124072 kB
MemTotal:        1844596 kB
MemFree:          322696 kB
MemAvailable:    1503744 kB
Buffers:           89236 kB
Cached:          1124072 kB
MemTotal:        1844596 kB
MemFree:          321264 kB
MemAvailable:    1502312 kB
Buffers:           89236 kB
Cached:          1124072 kB
MemTotal:        1844596 kB
MemFree:          322564 kB
MemAvailable:    1503612 kB
Buffers:           89236 kB
Cached:          1124072 kB
MemTotal:        1844596 kB
MemFree:          321388 kB
MemAvailable:    1502436 kB
Buffers:           89236 kB
Cached:          1124072 kB
MemTotal:        1844596 kB
MemFree:          322224 kB
MemAvailable:    1503272 kB
Buffers:           89236 kB
Cached:          1124072 kB
MemTotal:        1844596 kB
MemFree:          320932 kB
MemAvailable:    1501980 kB
Buffers:           89236 kB
Cached:          1124072 kB
MemTotal:        1844596 kB
MemFree:          320752 kB
MemAvailable:    1501800 kB
Buffers:           89236 kB
Cached:          1124072 kB
MemTotal:        1844596 kB
MemFree:          320628 kB
MemAvailable:    1501676 kB
Buffers:           89236 kB
Cached:          1124072 kB
MemTotal:        1844596 kB
MemFree:          321404 kB
MemAvailable:    1502452 kB
Buffers:           89236 kB
Cached:          1124072 kB
MemTotal:        1844596 kB
MemFree:          321404 kB
MemAvailable:    1502452 kB
Buffers:           89236 kB
Cached:          1124072 kB
MemTotal:        1844596 kB
MemFree:          320860 kB
MemAvailable:    1501908 kB
Buffers:           89236 kB
Cached:          1124072 kB
MemTotal:        1844596 kB
MemFree:          319436 kB
MemAvailable:    1500484 kB
Buffers:           89236 kB
Cached:          1124072 kB
MemTotal:        1844596 kB
MemFree:          320172 kB
MemAvailable:    1501220 kB
Buffers:           89236 kB
Cached:          1124072 kB
MemTotal:        1844596 kB
MemFree:          320172 kB
MemAvailable:    1501220 kB
Buffers:           89236 kB
Cached:          1124072 kB
MemTotal:        1844596 kB
MemFree:          319988 kB
MemAvailable:    1501036 kB
Buffers:           89236 kB
Cached:          1124072 kB
MemTotal:        1844596 kB
MemFree:          320240 kB
MemAvailable:    1501288 kB
Buffers:           89236 kB
Cached:          1124072 kB
MemTotal:        1844596 kB
MemFree:          318928 kB
MemAvailable:    1499976 kB
Buffers:           89236 kB
Cached:          1124072 kB
MemTotal:        1844596 kB
MemFree:          320228 kB
MemAvailable:    1501276 kB
Buffers:           89236 kB
Cached:          1124072 kB
MemTotal:        1844596 kB
MemFree:          320312 kB
MemAvailable:    1501360 kB
Buffers:           89236 kB
Cached:          1124072 kB
MemTotal:        1844596 kB
MemFree:          321280 kB
MemAvailable:    1502328 kB
Buffers:           89236 kB
Cached:          1124072 kB
MemTotal:        1844596 kB
MemFree:          321616 kB
MemAvailable:    1502664 kB
Buffers:           89236 kB
Cached:          1124072 kB
MemTotal:        1844596 kB
MemFree:          318560 kB
MemAvailable:    1499608 kB
Buffers:           89236 kB
Cached:          1124072 kB
MemTotal:        1844596 kB
MemFree:          317832 kB
MemAvailable:    1498880 kB
Buffers:           89236 kB
Cached:          1124072 kB
MemTotal:        1844596 kB
MemFree:          316388 kB
MemAvailable:    1497436 kB
Buffers:           89236 kB
Cached:          1124072 kB
MemTotal:        1844596 kB
MemFree:          315096 kB
MemAvailable:    1496144 kB
Buffers:           89236 kB
Cached:          1124072 kB
MemTotal:        1844596 kB
MemFree:          316080 kB
MemAvailable:    1497128 kB
Buffers:           89236 kB
Cached:          1124072 kB
MemTotal:        1844596 kB
MemFree:          316092 kB
MemAvailable:    1497140 kB
Buffers:           89236 kB
Cached:          1124072 kB
MemTotal:        1844596 kB
MemFree:          315804 kB
MemAvailable:    1496852 kB
Buffers:           89236 kB
Cached:          1124072 kB
MemTotal:        1844596 kB
MemFree:          315804 kB
MemAvailable:    1496852 kB
Buffers:           89236 kB
Cached:          1124072 kB
MemTotal:        1844596 kB
MemFree:          315784 kB
MemAvailable:    1496832 kB
Buffers:           89236 kB
Cached:          1124072 kB
MemTotal:        1844596 kB
MemFree:          314536 kB
MemAvailable:    1495584 kB
Buffers:           89236 kB
Cached:          1124072 kB
MemTotal:        1844596 kB
MemFree:          314412 kB
MemAvailable:    1495460 kB
Buffers:           89236 kB
Cached:          1124072 kB
MemTotal:        1844596 kB
MemFree:          314732 kB
MemAvailable:    1495780 kB
Buffers:           89236 kB
Cached:          1124072 kB
MemTotal:        1844596 kB
MemFree:          315584 kB
MemAvailable:    1496632 kB
Buffers:           89236 kB
Cached:          1124072 kB
MemTotal:        1844596 kB
MemFree:          315724 kB
MemAvailable:    1496772 kB
Buffers:           89236 kB
Cached:          1124072 kB
MemTotal:        1844596 kB
MemFree:          314344 kB
MemAvailable:    1495392 kB
Buffers:           89236 kB
Cached:          1124072 kB
MemTotal:        1844596 kB
MemFree:          314336 kB
MemAvailable:    1495384 kB
Buffers:           89236 kB
Cached:          1124072 kB
MemTotal:        1844596 kB
MemFree:          315156 kB
MemAvailable:    1496204 kB
Buffers:           89236 kB
Cached:          1124072 kB
MemTotal:        1844596 kB
MemFree:          310004 kB
MemAvailable:    1491052 kB
Buffers:           89236 kB
Cached:          1124072 kB
MemTotal:        1844596 kB
MemFree:          309772 kB
MemAvailable:    1490820 kB
Buffers:           89236 kB
Cached:          1124072 kB
MemTotal:        1844596 kB
MemFree:          309452 kB
MemAvailable:    1490500 kB
Buffers:           89236 kB
Cached:          1124072 kB
MemTotal:        1844596 kB
MemFree:          309268 kB
MemAvailable:    1490316 kB
Buffers:           89236 kB
Cached:          1124072 kB
MemTotal:        1844596 kB
MemFree:          309272 kB
MemAvailable:    1490320 kB
Buffers:           89236 kB
Cached:          1124072 kB
MemTotal:        1844596 kB
MemFree:          306788 kB
MemAvailable:    1487836 kB
Buffers:           89236 kB
Cached:          1124072 kB
MemTotal:        1844596 kB
MemFree:          306532 kB
MemAvailable:    1487580 kB
Buffers:           89236 kB
Cached:          1124072 kB
MemTotal:        1844596 kB
MemFree:          306972 kB
MemAvailable:    1488020 kB
Buffers:           89236 kB
Cached:          1124072 kB
MemTotal:        1844596 kB
MemFree:          307224 kB
MemAvailable:    1488272 kB
Buffers:           89236 kB
Cached:          1124072 kB
MemTotal:        1844596 kB
MemFree:          306968 kB
MemAvailable:    1488016 kB
Buffers:           89236 kB
Cached:          1124072 kB
MemTotal:        1844596 kB
MemFree:          307036 kB
MemAvailable:    1488084 kB
Buffers:           89236 kB
Cached:          1124072 kB
MemTotal:        1844596 kB
MemFree:          306856 kB
MemAvailable:    1487904 kB
Buffers:           89236 kB
Cached:          1124072 kB
MemTotal:        1844596 kB
MemFree:          305484 kB
MemAvailable:    1486532 kB
Buffers:           89236 kB
Cached:          1124072 kB
MemTotal:        1844596 kB
MemFree:          306952 kB
MemAvailable:    1488000 kB
Buffers:           89236 kB
Cached:          1124072 kB
MemTotal:        1844596 kB
MemFree:          306880 kB
MemAvailable:    1487928 kB
Buffers:           89236 kB
Cached:          1124072 kB
MemTotal:        1844596 kB
MemFree:          306880 kB
MemAvailable:    1487928 kB
Buffers:           89236 kB
Cached:          1124072 kB
MemTotal:        1844596 kB
MemFree:          306764 kB
MemAvailable:    1487812 kB
Buffers:           89236 kB
Cached:          1124072 kB
MemTotal:        1844596 kB
MemFree:          307020 kB
MemAvailable:    1488068 kB
Buffers:           89236 kB
Cached:          1124072 kB
MemTotal:        1844596 kB
MemFree:          306776 kB
MemAvailable:    1487824 kB
Buffers:           89236 kB
Cached:          1124072 kB
MemTotal:        1844596 kB
MemFree:          306176 kB
MemAvailable:    1487224 kB
Buffers:           89236 kB
Cached:          1124072 kB
MemTotal:        1844596 kB
MemFree:          306904 kB
MemAvailable:    1487952 kB
Buffers:           89236 kB
Cached:          1124072 kB
MemTotal:        1844596 kB
MemFree:          306508 kB
MemAvailable:    1487556 kB
Buffers:           89236 kB
Cached:          1124072 kB
MemTotal:        1844596 kB
MemFree:          306540 kB
MemAvailable:    1487588 kB
Buffers:           89236 kB
Cached:          1124072 kB
MemTotal:        1844596 kB
MemFree:          305368 kB
MemAvailable:    1486416 kB
Buffers:           89236 kB
Cached:          1124072 kB
MemTotal:        1844596 kB
MemFree:          306544 kB
MemAvailable:    1487592 kB
Buffers:           89236 kB
Cached:          1124072 kB
MemTotal:        1844596 kB
MemFree:          305368 kB
MemAvailable:    1486416 kB
Buffers:           89236 kB
Cached:          1124072 kB
MemTotal:        1844596 kB
MemFree:          306520 kB
MemAvailable:    1487568 kB
Buffers:           89236 kB
Cached:          1124072 kB
MemTotal:        1844596 kB
MemFree:          306104 kB
MemAvailable:    1487152 kB
Buffers:           89236 kB
Cached:          1124072 kB
MemTotal:        1844596 kB
MemFree:          302192 kB
MemAvailable:    1483240 kB
Buffers:           89236 kB
Cached:          1124072 kB
MemTotal:        1844596 kB
MemFree:          301588 kB
MemAvailable:    1482636 kB
Buffers:           89236 kB
Cached:          1124072 kB
MemTotal:        1844596 kB
MemFree:          298604 kB
MemAvailable:    1479652 kB
Buffers:           89236 kB
Cached:          1124072 kB
MemTotal:        1844596 kB
MemFree:          298532 kB
MemAvailable:    1479580 kB
Buffers:           89236 kB
Cached:          1124072 kB
MemTotal:        1844596 kB
MemFree:          298092 kB
MemAvailable:    1479152 kB
Buffers:           89236 kB
Cached:          1124084 kB
MemTotal:        1844596 kB
MemFree:          298428 kB
MemAvailable:    1479488 kB
Buffers:           89236 kB
Cached:          1124084 kB
MemTotal:        1844596 kB
MemFree:          298184 kB
MemAvailable:    1479244 kB
Buffers:           89236 kB
Cached:          1124084 kB
MemTotal:        1844596 kB
MemFree:          296868 kB
MemAvailable:    1477928 kB
Buffers:           89236 kB
Cached:          1124084 kB
MemTotal:        1844596 kB
MemFree:          297716 kB
MemAvailable:    1478776 kB
Buffers:           89236 kB
Cached:          1124084 kB
MemTotal:        1844596 kB
MemFree:          298052 kB
MemAvailable:    1479112 kB
Buffers:           89236 kB
Cached:          1124084 kB
MemTotal:        1844596 kB
MemFree:          296744 kB
MemAvailable:    1477804 kB
Buffers:           89236 kB
Cached:          1124084 kB
MemTotal:        1844596 kB
MemFree:          297920 kB
MemAvailable:    1478980 kB
Buffers:           89236 kB
Cached:          1124084 kB
MemTotal:        1844596 kB
MemFree:          297124 kB
MemAvailable:    1478184 kB
Buffers:           89236 kB
Cached:          1124084 kB
MemTotal:        1844596 kB
MemFree:          297740 kB
MemAvailable:    1478800 kB
Buffers:           89236 kB
Cached:          1124084 kB
MemTotal:        1844596 kB
MemFree:          296696 kB
MemAvailable:    1477756 kB
Buffers:           89236 kB
Cached:          1124084 kB
MemTotal:        1844596 kB
MemFree:          296696 kB
MemAvailable:    1477756 kB
Buffers:           89236 kB
Cached:          1124084 kB
MemTotal:        1844596 kB
MemFree:          297928 kB
MemAvailable:    1478988 kB
Buffers:           89236 kB
Cached:          1124084 kB
MemTotal:        1844596 kB
MemFree:          297800 kB
MemAvailable:    1478860 kB
Buffers:           89236 kB
Cached:          1124084 kB
MemTotal:        1844596 kB
MemFree:          297868 kB
MemAvailable:    1478928 kB
Buffers:           89236 kB
Cached:          1124084 kB
MemTotal:        1844596 kB
MemFree:          296696 kB
MemAvailable:    1477756 kB
Buffers:           89236 kB
Cached:          1124084 kB
MemTotal:        1844596 kB
MemFree:          297852 kB
MemAvailable:    1478912 kB
Buffers:           89236 kB
Cached:          1124084 kB
MemTotal:        1844596 kB
MemFree:          297852 kB
MemAvailable:    1478912 kB
Buffers:           89236 kB
Cached:          1124084 kB
MemTotal:        1844596 kB
MemFree:          297864 kB
MemAvailable:    1478924 kB
Buffers:           89236 kB
Cached:          1124084 kB
MemTotal:        1844596 kB
MemFree:          297992 kB
MemAvailable:    1479052 kB
Buffers:           89236 kB
Cached:          1124084 kB
MemTotal:        1844596 kB
MemFree:          296728 kB
MemAvailable:    1477788 kB
Buffers:           89236 kB
Cached:          1124084 kB
MemTotal:        1844596 kB
MemFree:          296976 kB
MemAvailable:    1478036 kB
Buffers:           89236 kB
Cached:          1124084 kB
MemTotal:        1844596 kB
MemFree:          296976 kB
MemAvailable:    1478036 kB
Buffers:           89236 kB
Cached:          1124084 kB
MemTotal:        1844596 kB
MemFree:          296744 kB
MemAvailable:    1477804 kB
Buffers:           89236 kB
Cached:          1124084 kB
MemTotal:        1844596 kB
MemFree:          296364 kB
MemAvailable:    1477424 kB
Buffers:           89236 kB
Cached:          1124084 kB
MemTotal:        1844596 kB
MemFree:          295620 kB
MemAvailable:    1476680 kB
Buffers:           89236 kB
Cached:          1124084 kB
MemTotal:        1844596 kB
MemFree:          293688 kB
MemAvailable:    1474748 kB
Buffers:           89236 kB
Cached:          1124084 kB
MemTotal:        1844596 kB
MemFree:          289800 kB
MemAvailable:    1470860 kB
Buffers:           89236 kB
Cached:          1124084 kB
MemTotal:        1844596 kB
MemFree:          287692 kB
MemAvailable:    1468752 kB
Buffers:           89236 kB
Cached:          1124084 kB
MemTotal:        1844596 kB
MemFree:          288988 kB
MemAvailable:    1470048 kB
Buffers:           89236 kB
Cached:          1124084 kB
MemTotal:        1844596 kB
MemFree:          287304 kB
MemAvailable:    1468364 kB
Buffers:           89236 kB
Cached:          1124084 kB
MemTotal:        1844596 kB
MemFree:          288124 kB
MemAvailable:    1469184 kB
Buffers:           89236 kB
Cached:          1124084 kB
MemTotal:        1844596 kB
MemFree:          287752 kB
MemAvailable:    1468812 kB
Buffers:           89236 kB
Cached:          1124084 kB
MemTotal:        1844596 kB
MemFree:          286212 kB
MemAvailable:    1467272 kB
Buffers:           89236 kB
Cached:          1124084 kB
MemTotal:        1844596 kB
MemFree:          286436 kB
MemAvailable:    1467496 kB
Buffers:           89236 kB
Cached:          1124084 kB
MemTotal:        1844596 kB
MemFree:          286648 kB
MemAvailable:    1467708 kB
Buffers:           89236 kB
Cached:          1124084 kB
MemTotal:        1844596 kB
MemFree:          286072 kB
MemAvailable:    1467132 kB
Buffers:           89236 kB
Cached:          1124084 kB
MemTotal:        1844596 kB
MemFree:          286072 kB
MemAvailable:    1467132 kB
Buffers:           89236 kB
Cached:          1124084 kB
MemTotal:        1844596 kB
MemFree:          285940 kB
MemAvailable:    1467000 kB
Buffers:           89236 kB
Cached:          1124084 kB
MemTotal:        1844596 kB
MemFree:          286192 kB
MemAvailable:    1467252 kB
Buffers:           89236 kB
Cached:          1124084 kB
MemTotal:        1844596 kB
MemFree:          284660 kB
MemAvailable:    1465720 kB
Buffers:           89236 kB
Cached:          1124084 kB
MemTotal:        1844596 kB
MemFree:          286024 kB
MemAvailable:    1467084 kB
Buffers:           89236 kB
Cached:          1124084 kB
MemTotal:        1844596 kB
MemFree:          285220 kB
MemAvailable:    1466280 kB
Buffers:           89236 kB
Cached:          1124084 kB
MemTotal:        1844596 kB
MemFree:          285940 kB
MemAvailable:    1467000 kB
Buffers:           89236 kB
Cached:          1124084 kB
MemTotal:        1844596 kB
MemFree:          286276 kB
MemAvailable:    1467336 kB
Buffers:           89236 kB
Cached:          1124084 kB
MemTotal:        1844596 kB
MemFree:          285948 kB
MemAvailable:    1467008 kB
Buffers:           89236 kB
Cached:          1124084 kB
MemTotal:        1844596 kB
MemFree:          286156 kB
MemAvailable:    1467216 kB
Buffers:           89236 kB
Cached:          1124084 kB
MemTotal:        1844596 kB
MemFree:          286128 kB
MemAvailable:    1467188 kB
Buffers:           89236 kB
Cached:          1124084 kB
MemTotal:        1844596 kB
MemFree:          284820 kB
MemAvailable:    1465880 kB
Buffers:           89236 kB
Cached:          1124084 kB
MemTotal:        1844596 kB
MemFree:          285948 kB
MemAvailable:    1467008 kB
Buffers:           89236 kB
Cached:          1124084 kB
MemTotal:        1844596 kB
MemFree:          286088 kB
MemAvailable:    1467148 kB
Buffers:           89236 kB
Cached:          1124084 kB
MemTotal:        1844596 kB
MemFree:          285768 kB
MemAvailable:    1466828 kB
Buffers:           89236 kB
Cached:          1124084 kB
MemTotal:        1844596 kB
MemFree:          286104 kB
MemAvailable:    1467164 kB
Buffers:           89236 kB
Cached:          1124084 kB
MemTotal:        1844596 kB
MemFree:          285804 kB
MemAvailable:    1466864 kB
Buffers:           89236 kB
Cached:          1124084 kB
MemTotal:        1844596 kB
MemFree:          285888 kB
MemAvailable:    1466948 kB
Buffers:           89236 kB
Cached:          1124084 kB
MemTotal:        1844596 kB
MemFree:          285900 kB
MemAvailable:    1466960 kB
Buffers:           89236 kB
Cached:          1124084 kB
MemTotal:        1844596 kB
MemFree:          285948 kB
MemAvailable:    1467008 kB
Buffers:           89236 kB
Cached:          1124084 kB
MemTotal:        1844596 kB
MemFree:          285876 kB
MemAvailable:    1466936 kB
Buffers:           89236 kB
Cached:          1124084 kB
MemTotal:        1844596 kB
MemFree:          286128 kB
MemAvailable:    1467188 kB
Buffers:           89236 kB
Cached:          1124084 kB
MemTotal:        1844596 kB
MemFree:          285936 kB
MemAvailable:    1466996 kB
Buffers:           89236 kB
Cached:          1124084 kB
MemTotal:        1844596 kB
MemFree:          286192 kB
MemAvailable:    1467252 kB
Buffers:           89236 kB
Cached:          1124084 kB
MemTotal:        1844596 kB
MemFree:          286048 kB
MemAvailable:    1467108 kB
Buffers:           89236 kB
Cached:          1124084 kB
MemTotal:        1844596 kB
MemFree:          286048 kB
MemAvailable:    1467108 kB
Buffers:           89236 kB
Cached:          1124084 kB
MemTotal:        1844596 kB
MemFree:          285956 kB
MemAvailable:    1467016 kB
Buffers:           89236 kB
Cached:          1124084 kB
MemTotal:        1844596 kB
MemFree:          284792 kB
MemAvailable:    1465852 kB
Buffers:           89236 kB
Cached:          1124084 kB
MemTotal:        1844596 kB
MemFree:          286028 kB
MemAvailable:    1467088 kB
Buffers:           89236 kB
Cached:          1124084 kB
MemTotal:        1844596 kB
MemFree:          286196 kB
MemAvailable:    1467256 kB
Buffers:           89236 kB
Cached:          1124084 kB
MemTotal:        1844596 kB
MemFree:          285908 kB
MemAvailable:    1466968 kB
Buffers:           89236 kB
Cached:          1124084 kB
MemTotal:        1844596 kB
MemFree:          284912 kB
MemAvailable:    1465972 kB
Buffers:           89236 kB
Cached:          1124084 kB
MemTotal:        1844596 kB
MemFree:          284904 kB
MemAvailable:    1465964 kB
Buffers:           89236 kB
Cached:          1124084 kB
MemTotal:        1844596 kB
MemFree:          286016 kB
MemAvailable:    1467076 kB
Buffers:           89236 kB
Cached:          1124084 kB
MemTotal:        1844596 kB
MemFree:          286016 kB
MemAvailable:    1467076 kB
Buffers:           89236 kB
Cached:          1124084 kB
MemTotal:        1844596 kB
MemFree:          284584 kB
MemAvailable:    1465644 kB
Buffers:           89236 kB
Cached:          1124084 kB
MemTotal:        1844596 kB
MemFree:          286032 kB
MemAvailable:    1467092 kB
Buffers:           89236 kB
Cached:          1124084 kB
MemTotal:        1844596 kB
MemFree:          284784 kB
MemAvailable:    1465844 kB
Buffers:           89236 kB
Cached:          1124084 kB
MemTotal:        1844596 kB
MemFree:          285940 kB
MemAvailable:    1467004 kB
Buffers:           89236 kB
Cached:          1124088 kB
MemTotal:        1844596 kB
MemFree:          286192 kB
MemAvailable:    1467256 kB
Buffers:           89236 kB
Cached:          1124088 kB
MemTotal:        1844596 kB
MemFree:          285760 kB
MemAvailable:    1466824 kB
Buffers:           89236 kB
Cached:          1124088 kB
MemTotal:        1844596 kB
MemFree:          286096 kB
MemAvailable:    1467160 kB
Buffers:           89236 kB
Cached:          1124088 kB
MemTotal:        1844596 kB
MemFree:          285880 kB
MemAvailable:    1466948 kB
Buffers:           89236 kB
Cached:          1124092 kB
MemTotal:        1844596 kB
MemFree:          286020 kB
MemAvailable:    1467088 kB
Buffers:           89236 kB
Cached:          1124092 kB
MemTotal:        1844596 kB
MemFree:          285776 kB
MemAvailable:    1466844 kB
Buffers:           89236 kB
Cached:          1124092 kB
MemTotal:        1844596 kB
MemFree:          285776 kB
MemAvailable:    1466844 kB
Buffers:           89236 kB
Cached:          1124092 kB
MemTotal:        1844596 kB
MemFree:          285888 kB
MemAvailable:    1466956 kB
Buffers:           89236 kB
Cached:          1124092 kB
MemTotal:        1844596 kB
MemFree:          285468 kB
MemAvailable:    1466536 kB
Buffers:           89236 kB
Cached:          1124092 kB
MemTotal:        1844596 kB
MemFree:          285396 kB
MemAvailable:    1466464 kB
Buffers:           89236 kB
Cached:          1124092 kB
MemTotal:        1844596 kB
MemFree:          285732 kB
MemAvailable:    1466800 kB
Buffers:           89236 kB
Cached:          1124092 kB
MemTotal:        1844596 kB
MemFree:          285456 kB
MemAvailable:    1466524 kB
Buffers:           89236 kB
Cached:          1124092 kB
MemTotal:        1844596 kB
MemFree:          285096 kB
MemAvailable:    1466164 kB
Buffers:           89236 kB
Cached:          1124092 kB
MemTotal:        1844596 kB
MemFree:          285272 kB
MemAvailable:    1466340 kB
Buffers:           89236 kB
Cached:          1124092 kB
MemTotal:        1844596 kB
MemFree:          285524 kB
MemAvailable:    1466592 kB
Buffers:           89236 kB
Cached:          1124092 kB
MemTotal:        1844596 kB
MemFree:          284292 kB
MemAvailable:    1465360 kB
Buffers:           89236 kB
Cached:          1124092 kB
MemTotal:        1844596 kB
MemFree:          285280 kB
MemAvailable:    1466348 kB
Buffers:           89236 kB
Cached:          1124092 kB
MemTotal:        1844596 kB
MemFree:          285328 kB
MemAvailable:    1466396 kB
Buffers:           89236 kB
Cached:          1124092 kB
MemTotal:        1844596 kB
MemFree:          285256 kB
MemAvailable:    1466324 kB
Buffers:           89236 kB
Cached:          1124092 kB
MemTotal:        1844596 kB
MemFree:          283956 kB
MemAvailable:    1465024 kB
Buffers:           89236 kB
Cached:          1124092 kB
MemTotal:        1844596 kB
MemFree:          284932 kB
MemAvailable:    1466000 kB
Buffers:           89236 kB
Cached:          1124092 kB
MemTotal:        1844596 kB
MemFree:          285088 kB
MemAvailable:    1466156 kB
Buffers:           89236 kB
Cached:          1124092 kB
MemTotal:        1844596 kB
MemFree:          285076 kB
MemAvailable:    1466144 kB
Buffers:           89236 kB
Cached:          1124092 kB
MemTotal:        1844596 kB
MemFree:          283696 kB
MemAvailable:    1464764 kB
Buffers:           89236 kB
Cached:          1124092 kB
MemTotal:        1844596 kB
MemFree:          285064 kB
MemAvailable:    1466132 kB
Buffers:           89236 kB
Cached:          1124092 kB
MemTotal:        1844596 kB
MemFree:          285148 kB
MemAvailable:    1466216 kB
Buffers:           89236 kB
Cached:          1124092 kB
MemTotal:        1844596 kB
MemFree:          284968 kB
MemAvailable:    1466036 kB
Buffers:           89236 kB
Cached:          1124092 kB
MemTotal:        1844596 kB
MemFree:          283920 kB
MemAvailable:    1464988 kB
Buffers:           89236 kB
Cached:          1124092 kB
MemTotal:        1844596 kB
MemFree:          285156 kB
MemAvailable:    1466224 kB
Buffers:           89236 kB
Cached:          1124092 kB
MemTotal:        1844596 kB
MemFree:          284220 kB
MemAvailable:    1465288 kB
Buffers:           89236 kB
Cached:          1124092 kB
MemTotal:        1844596 kB
MemFree:          285016 kB
MemAvailable:    1466084 kB
Buffers:           89236 kB
Cached:          1124092 kB
MemTotal:        1844596 kB
MemFree:          283544 kB
MemAvailable:    1464612 kB
Buffers:           89236 kB
Cached:          1124092 kB
MemTotal:        1844596 kB
MemFree:          283544 kB
MemAvailable:    1464612 kB
Buffers:           89236 kB
Cached:          1124092 kB
MemTotal:        1844596 kB
MemFree:          284888 kB
MemAvailable:    1465956 kB
Buffers:           89236 kB
Cached:          1124092 kB
MemTotal:        1844596 kB
MemFree:          284468 kB
MemAvailable:    1465536 kB
Buffers:           89236 kB
Cached:          1124092 kB
MemTotal:        1844596 kB
MemFree:          284592 kB
MemAvailable:    1465660 kB
Buffers:           89236 kB
Cached:          1124092 kB
MemTotal:        1844596 kB
MemFree:          280312 kB
MemAvailable:    1461380 kB
Buffers:           89236 kB
Cached:          1124092 kB
MemTotal:        1844596 kB
MemFree:          275408 kB
MemAvailable:    1456476 kB
Buffers:           89236 kB
Cached:          1124092 kB
MemTotal:        1844596 kB
MemFree:          273300 kB
MemAvailable:    1454368 kB
Buffers:           89236 kB
Cached:          1124092 kB
MemTotal:        1844596 kB
MemFree:          273176 kB
MemAvailable:    1454244 kB
Buffers:           89236 kB
Cached:          1124092 kB
MemTotal:        1844596 kB
MemFree:          273176 kB
MemAvailable:    1454244 kB
Buffers:           89236 kB
Cached:          1124092 kB
MemTotal:        1844596 kB
MemFree:          273912 kB
MemAvailable:    1454980 kB
Buffers:           89236 kB
Cached:          1124092 kB
MemTotal:        1844596 kB
MemFree:          273928 kB
MemAvailable:    1454996 kB
Buffers:           89236 kB
Cached:          1124092 kB
MemTotal:        1844596 kB
MemFree:          273740 kB
MemAvailable:    1454808 kB
Buffers:           89236 kB
Cached:          1124092 kB
MemTotal:        1844596 kB
MemFree:          273908 kB
MemAvailable:    1454976 kB
Buffers:           89236 kB
Cached:          1124092 kB
MemTotal:        1844596 kB
MemFree:          272696 kB
MemAvailable:    1453764 kB
Buffers:           89236 kB
Cached:          1124092 kB
MemTotal:        1844596 kB
MemFree:          273432 kB
MemAvailable:    1454500 kB
Buffers:           89236 kB
Cached:          1124092 kB
MemTotal:        1844596 kB
MemFree:          272176 kB
MemAvailable:    1453244 kB
Buffers:           89236 kB
Cached:          1124092 kB
MemTotal:        1844596 kB
MemFree:          272176 kB
MemAvailable:    1453244 kB
Buffers:           89236 kB
Cached:          1124092 kB
MemTotal:        1844596 kB
MemFree:          271624 kB
MemAvailable:    1452692 kB
Buffers:           89236 kB
Cached:          1124092 kB
MemTotal:        1844596 kB
MemFree:          271624 kB
MemAvailable:    1452692 kB
Buffers:           89236 kB
Cached:          1124092 kB
MemTotal:        1844596 kB
MemFree:          271512 kB
MemAvailable:    1452580 kB
Buffers:           89236 kB
Cached:          1124092 kB
MemTotal:        1844596 kB
MemFree:          271680 kB
MemAvailable:    1452748 kB
Buffers:           89236 kB
Cached:          1124092 kB
MemTotal:        1844596 kB
MemFree:          271452 kB
MemAvailable:    1452520 kB
Buffers:           89236 kB
Cached:          1124092 kB
MemTotal:        1844596 kB
MemFree:          271380 kB
MemAvailable:    1452448 kB
Buffers:           89236 kB
Cached:          1124092 kB
MemTotal:        1844596 kB
MemFree:          271716 kB
MemAvailable:    1452784 kB
Buffers:           89236 kB
Cached:          1124092 kB
MemTotal:        1844596 kB
MemFree:          270272 kB
MemAvailable:    1451340 kB
Buffers:           89236 kB
Cached:          1124092 kB
MemTotal:        1844596 kB
MemFree:          271448 kB
MemAvailable:    1452516 kB
Buffers:           89236 kB
Cached:          1124092 kB
MemTotal:        1844596 kB
MemFree:          271440 kB
MemAvailable:    1452508 kB
Buffers:           89236 kB
Cached:          1124092 kB
MemTotal:        1844596 kB
MemFree:          271440 kB
MemAvailable:    1452508 kB
Buffers:           89236 kB
Cached:          1124092 kB
MemTotal:        1844596 kB
MemFree:          271448 kB
MemAvailable:    1452516 kB
Buffers:           89236 kB
Cached:          1124092 kB
MemTotal:        1844596 kB
MemFree:          270192 kB
MemAvailable:    1451260 kB
Buffers:           89236 kB
Cached:          1124092 kB
MemTotal:        1844596 kB
MemFree:          271564 kB
MemAvailable:    1452632 kB
Buffers:           89236 kB
Cached:          1124092 kB
MemTotal:        1844596 kB
MemFree:          271368 kB
MemAvailable:    1452436 kB
Buffers:           89236 kB
Cached:          1124092 kB
MemTotal:        1844596 kB
MemFree:          269968 kB
MemAvailable:    1451036 kB
Buffers:           89236 kB
Cached:          1124092 kB
MemTotal:        1844596 kB
MemFree:          268828 kB
MemAvailable:    1449896 kB
Buffers:           89236 kB
Cached:          1124092 kB
MemTotal:        1844596 kB
MemFree:          268448 kB
MemAvailable:    1449516 kB
Buffers:           89236 kB
Cached:          1124092 kB
MemTotal:        1844596 kB
MemFree:          268224 kB
MemAvailable:    1449292 kB
Buffers:           89236 kB
Cached:          1124092 kB
MemTotal:        1844596 kB
MemFree:          268092 kB
MemAvailable:    1449160 kB
Buffers:           89236 kB
Cached:          1124092 kB
MemTotal:        1844596 kB
MemFree:          269192 kB
MemAvailable:    1450260 kB
Buffers:           89236 kB
Cached:          1124092 kB
MemTotal:        1844596 kB
MemFree:          269528 kB
MemAvailable:    1450596 kB
Buffers:           89236 kB
Cached:          1124092 kB
MemTotal:        1844596 kB
MemFree:          268416 kB
MemAvailable:    1449484 kB
Buffers:           89236 kB
Cached:          1124092 kB
MemTotal:        1844596 kB
MemFree:          268668 kB
MemAvailable:    1449736 kB
Buffers:           89236 kB
Cached:          1124092 kB
MemTotal:        1844596 kB
MemFree:          267844 kB
MemAvailable:    1448912 kB
Buffers:           89236 kB
Cached:          1124092 kB
MemTotal:        1844596 kB
MemFree:          267844 kB
MemAvailable:    1448912 kB
Buffers:           89236 kB
Cached:          1124092 kB
MemTotal:        1844596 kB
MemFree:          267224 kB
MemAvailable:    1448292 kB
Buffers:           89236 kB
Cached:          1124092 kB
MemTotal:        1844596 kB
MemFree:          267224 kB
MemAvailable:    1448292 kB
Buffers:           89236 kB
Cached:          1124092 kB
MemTotal:        1844596 kB
MemFree:          266904 kB
MemAvailable:    1447972 kB
Buffers:           89236 kB
Cached:          1124092 kB
MemTotal:        1844596 kB
MemFree:          266672 kB
MemAvailable:    1447748 kB
Buffers:           89236 kB
Cached:          1124100 kB
MemTotal:        1844596 kB
MemFree:          266696 kB
MemAvailable:    1447772 kB
Buffers:           89236 kB
Cached:          1124100 kB
MemTotal:        1844596 kB
MemFree:          266300 kB
MemAvailable:    1447380 kB
Buffers:           89236 kB
Cached:          1124104 kB
MemTotal:        1844596 kB
MemFree:          266300 kB
MemAvailable:    1447380 kB
Buffers:           89236 kB
Cached:          1124104 kB
MemTotal:        1844596 kB
MemFree:          265348 kB
MemAvailable:    1446428 kB
Buffers:           89236 kB
Cached:          1124104 kB
MemTotal:        1844596 kB
MemFree:          264980 kB
MemAvailable:    1446060 kB
Buffers:           89236 kB
Cached:          1124104 kB
MemTotal:        1844596 kB
MemFree:          265104 kB
MemAvailable:    1446184 kB
Buffers:           89236 kB
Cached:          1124104 kB
MemTotal:        1844596 kB
MemFree:          266404 kB
MemAvailable:    1447484 kB
Buffers:           89236 kB
Cached:          1124104 kB
MemTotal:        1844596 kB
MemFree:          266288 kB
MemAvailable:    1447368 kB
Buffers:           89236 kB
Cached:          1124104 kB
MemTotal:        1844596 kB
MemFree:          266372 kB
MemAvailable:    1447452 kB
Buffers:           89236 kB
Cached:          1124104 kB
MemTotal:        1844596 kB
MemFree:          266040 kB
MemAvailable:    1447120 kB
Buffers:           89236 kB
Cached:          1124104 kB
MemTotal:        1844596 kB
MemFree:          266296 kB
MemAvailable:    1447376 kB
Buffers:           89236 kB
Cached:          1124104 kB
MemTotal:        1844596 kB
MemFree:          264800 kB
MemAvailable:    1445880 kB
Buffers:           89236 kB
Cached:          1124104 kB
MemTotal:        1844596 kB
MemFree:          266068 kB
MemAvailable:    1447148 kB
Buffers:           89236 kB
Cached:          1124104 kB
MemTotal:        1844596 kB
MemFree:          266068 kB
MemAvailable:    1447148 kB
Buffers:           89236 kB
Cached:          1124104 kB
MemTotal:        1844596 kB
MemFree:          265920 kB
MemAvailable:    1447000 kB
Buffers:           89236 kB
Cached:          1124104 kB
MemTotal:        1844596 kB
MemFree:          266256 kB
MemAvailable:    1447336 kB
Buffers:           89236 kB
Cached:          1124104 kB
MemTotal:        1844596 kB
MemFree:          264980 kB
MemAvailable:    1446060 kB
Buffers:           89236 kB
Cached:          1124104 kB
MemTotal:        1844596 kB
MemFree:          266156 kB
MemAvailable:    1447236 kB
Buffers:           89236 kB
Cached:          1124104 kB
MemTotal:        1844596 kB
MemFree:          266276 kB
MemAvailable:    1447356 kB
Buffers:           89236 kB
Cached:          1124104 kB
MemTotal:        1844596 kB
MemFree:          265248 kB
MemAvailable:    1446328 kB
Buffers:           89236 kB
Cached:          1124104 kB
MemTotal:        1844596 kB
MemFree:          265972 kB
MemAvailable:    1447052 kB
Buffers:           89236 kB
Cached:          1124104 kB
MemTotal:        1844596 kB
MemFree:          266228 kB
MemAvailable:    1447308 kB
Buffers:           89236 kB
Cached:          1124104 kB
MemTotal:        1844596 kB
MemFree:          266176 kB
MemAvailable:    1447256 kB
Buffers:           89236 kB
Cached:          1124104 kB
MemTotal:        1844596 kB
MemFree:          266176 kB
MemAvailable:    1447256 kB
Buffers:           89236 kB
Cached:          1124104 kB
MemTotal:        1844596 kB
MemFree:          265116 kB
MemAvailable:    1446196 kB
Buffers:           89236 kB
Cached:          1124104 kB
MemTotal:        1844596 kB
MemFree:          265452 kB
MemAvailable:    1446532 kB
Buffers:           89236 kB
Cached:          1124104 kB
MemTotal:        1844596 kB
MemFree:          264000 kB
MemAvailable:    1445080 kB
Buffers:           89236 kB
Cached:          1124104 kB
MemTotal:        1844596 kB
MemFree:          265000 kB
MemAvailable:    1446080 kB
Buffers:           89236 kB
Cached:          1124104 kB
MemTotal:        1844596 kB
MemFree:          263008 kB
MemAvailable:    1444088 kB
Buffers:           89236 kB
Cached:          1124104 kB
MemTotal:        1844596 kB
MemFree:          261776 kB
MemAvailable:    1442856 kB
Buffers:           89236 kB
Cached:          1124104 kB
MemTotal:        1844596 kB
MemFree:          258784 kB
MemAvailable:    1439864 kB
Buffers:           89236 kB
Cached:          1124104 kB
MemTotal:        1844596 kB
MemFree:          258872 kB
MemAvailable:    1439952 kB
Buffers:           89236 kB
Cached:          1124104 kB
MemTotal:        1844596 kB
MemFree:          254460 kB
MemAvailable:    1435540 kB
Buffers:           89236 kB
Cached:          1124104 kB
MemTotal:        1844596 kB
MemFree:          251916 kB
MemAvailable:    1432996 kB
Buffers:           89236 kB
Cached:          1124104 kB
MemTotal:        1844596 kB
MemFree:          249376 kB
MemAvailable:    1430456 kB
Buffers:           89236 kB
Cached:          1124104 kB
MemTotal:        1844596 kB
MemFree:          247624 kB
MemAvailable:    1428704 kB
Buffers:           89236 kB
Cached:          1124104 kB
MemTotal:        1844596 kB
MemFree:          247816 kB
MemAvailable:    1428896 kB
Buffers:           89236 kB
Cached:          1124104 kB
MemTotal:        1844596 kB
MemFree:          247320 kB
MemAvailable:    1428400 kB
Buffers:           89236 kB
Cached:          1124104 kB
MemTotal:        1844596 kB
MemFree:          247572 kB
MemAvailable:    1428652 kB
Buffers:           89236 kB
Cached:          1124104 kB
MemTotal:        1844596 kB
MemFree:          247512 kB
MemAvailable:    1428592 kB
Buffers:           89236 kB
Cached:          1124104 kB
MemTotal:        1844596 kB
MemFree:          247424 kB
MemAvailable:    1428504 kB
Buffers:           89236 kB
Cached:          1124104 kB
MemTotal:        1844596 kB
MemFree:          246080 kB
MemAvailable:    1427160 kB
Buffers:           89236 kB
Cached:          1124104 kB
MemTotal:        1844596 kB
MemFree:          247380 kB
MemAvailable:    1428460 kB
Buffers:           89236 kB
Cached:          1124104 kB
MemTotal:        1844596 kB
MemFree:          247380 kB
MemAvailable:    1428460 kB
Buffers:           89236 kB
Cached:          1124104 kB
MemTotal:        1844596 kB
MemFree:          247304 kB
MemAvailable:    1428384 kB
Buffers:           89236 kB
Cached:          1124104 kB
MemTotal:        1844596 kB
MemFree:          247020 kB
MemAvailable:    1428100 kB
Buffers:           89236 kB
Cached:          1124104 kB
MemTotal:        1844596 kB
MemFree:          246508 kB
MemAvailable:    1427588 kB
Buffers:           89236 kB
Cached:          1124104 kB
MemTotal:        1844596 kB
MemFree:          246844 kB
MemAvailable:    1427924 kB
Buffers:           89236 kB
Cached:          1124104 kB
MemTotal:        1844596 kB
MemFree:          245400 kB
MemAvailable:    1426480 kB
Buffers:           89236 kB
Cached:          1124104 kB
MemTotal:        1844596 kB
MemFree:          246508 kB
MemAvailable:    1427588 kB
Buffers:           89236 kB
Cached:          1124104 kB
MemTotal:        1844596 kB
MemFree:          246508 kB
MemAvailable:    1427588 kB
Buffers:           89236 kB
Cached:          1124104 kB
MemTotal:        1844596 kB
MemFree:          246380 kB
MemAvailable:    1427460 kB
Buffers:           89236 kB
Cached:          1124104 kB
MemTotal:        1844596 kB
MemFree:          246500 kB
MemAvailable:    1427580 kB
Buffers:           89236 kB
Cached:          1124104 kB
MemTotal:        1844596 kB
MemFree:          246500 kB
MemAvailable:    1427580 kB
Buffers:           89236 kB
Cached:          1124104 kB
MemTotal:        1844596 kB
MemFree:          246404 kB
MemAvailable:    1427484 kB
Buffers:           89236 kB
Cached:          1124104 kB
MemTotal:        1844596 kB
MemFree:          246616 kB
MemAvailable:    1427696 kB
Buffers:           89236 kB
Cached:          1124104 kB
MemTotal:        1844596 kB
MemFree:          246392 kB
MemAvailable:    1427472 kB
Buffers:           89236 kB
Cached:          1124104 kB
MemTotal:        1844596 kB
MemFree:          246644 kB
MemAvailable:    1427724 kB
Buffers:           89236 kB
Cached:          1124104 kB
MemTotal:        1844596 kB
MemFree:          246404 kB
MemAvailable:    1427484 kB
Buffers:           89236 kB
Cached:          1124104 kB
MemTotal:        1844596 kB
MemFree:          246448 kB
MemAvailable:    1427528 kB
Buffers:           89236 kB
Cached:          1124104 kB
MemTotal:        1844596 kB
MemFree:          246568 kB
MemAvailable:    1427648 kB
Buffers:           89236 kB
Cached:          1124104 kB
MemTotal:        1844596 kB
MemFree:          245904 kB
MemAvailable:    1426984 kB
Buffers:           89236 kB
Cached:          1124104 kB
MemTotal:        1844596 kB
MemFree:          246340 kB
MemAvailable:    1427420 kB
Buffers:           89236 kB
Cached:          1124104 kB
MemTotal:        1844596 kB
MemFree:          246532 kB
MemAvailable:    1427612 kB
Buffers:           89236 kB
Cached:          1124104 kB
MemTotal:        1844596 kB
MemFree:          246380 kB
MemAvailable:    1427460 kB
Buffers:           89236 kB
Cached:          1124104 kB
MemTotal:        1844596 kB
MemFree:          246436 kB
MemAvailable:    1427516 kB
Buffers:           89236 kB
Cached:          1124104 kB
MemTotal:        1844596 kB
MemFree:          246436 kB
MemAvailable:    1427516 kB
Buffers:           89236 kB
Cached:          1124104 kB
MemTotal:        1844596 kB
MemFree:          246436 kB
MemAvailable:    1427516 kB
Buffers:           89236 kB
Cached:          1124104 kB
MemTotal:        1844596 kB
MemFree:          245360 kB
MemAvailable:    1426440 kB
Buffers:           89236 kB
Cached:          1124104 kB
MemTotal:        1844596 kB
MemFree:          245608 kB
MemAvailable:    1426688 kB
Buffers:           89236 kB
Cached:          1124104 kB
MemTotal:        1844596 kB
MemFree:          246404 kB
MemAvailable:    1427484 kB
Buffers:           89236 kB
Cached:          1124104 kB
MemTotal:        1844596 kB
MemFree:          245664 kB
MemAvailable:    1426744 kB
Buffers:           89236 kB
Cached:          1124104 kB
MemTotal:        1844596 kB
MemFree:          242416 kB
MemAvailable:    1423496 kB
Buffers:           89236 kB
Cached:          1124104 kB
MemTotal:        1844596 kB
MemFree:          242500 kB
MemAvailable:    1423580 kB
Buffers:           89236 kB
Cached:          1124104 kB
MemTotal:        1844596 kB
MemFree:          238340 kB
MemAvailable:    1419420 kB
Buffers:           89236 kB
Cached:          1124104 kB
MemTotal:        1844596 kB
MemFree:          235356 kB
MemAvailable:    1416436 kB
Buffers:           89236 kB
Cached:          1124104 kB
MemTotal:        1844596 kB
MemFree:          233380 kB
MemAvailable:    1414460 kB
Buffers:           89236 kB
Cached:          1124104 kB
MemTotal:        1844596 kB
MemFree:          230404 kB
MemAvailable:    1411484 kB
Buffers:           89236 kB
Cached:          1124104 kB
MemTotal:        1844596 kB
MemFree:          227676 kB
MemAvailable:    1408756 kB
Buffers:           89236 kB
Cached:          1124104 kB
MemTotal:        1844596 kB
MemFree:          228668 kB
MemAvailable:    1409760 kB
Buffers:           89236 kB
Cached:          1124116 kB
MemTotal:        1844596 kB
MemFree:          228924 kB
MemAvailable:    1410016 kB
Buffers:           89236 kB
Cached:          1124116 kB
MemTotal:        1844596 kB
MemFree:          228680 kB
MemAvailable:    1409772 kB
Buffers:           89236 kB
Cached:          1124116 kB
MemTotal:        1844596 kB
MemFree:          228740 kB
MemAvailable:    1409832 kB
Buffers:           89236 kB
Cached:          1124116 kB
MemTotal:        1844596 kB
MemFree:          228612 kB
MemAvailable:    1409704 kB
Buffers:           89236 kB
Cached:          1124116 kB
MemTotal:        1844596 kB
MemFree:          228612 kB
MemAvailable:    1409704 kB
Buffers:           89236 kB
Cached:          1124116 kB
MemTotal:        1844596 kB
MemFree:          228628 kB
MemAvailable:    1409720 kB
Buffers:           89236 kB
Cached:          1124116 kB
MemTotal:        1844596 kB
MemFree:          227248 kB
MemAvailable:    1408340 kB
Buffers:           89236 kB
Cached:          1124116 kB
MemTotal:        1844596 kB
MemFree:          227380 kB
MemAvailable:    1408472 kB
Buffers:           89236 kB
Cached:          1124116 kB
MemTotal:        1844596 kB
MemFree:          228680 kB
MemAvailable:    1409772 kB
Buffers:           89236 kB
Cached:          1124116 kB
MemTotal:        1844596 kB
MemFree:          228424 kB
MemAvailable:    1409516 kB
Buffers:           89236 kB
Cached:          1124116 kB
MemTotal:        1844596 kB
MemFree:          227320 kB
MemAvailable:    1408412 kB
Buffers:           89236 kB
Cached:          1124116 kB
MemTotal:        1844596 kB
MemFree:          228040 kB
MemAvailable:    1409132 kB
Buffers:           89236 kB
Cached:          1124116 kB
MemTotal:        1844596 kB
MemFree:          228376 kB
MemAvailable:    1409468 kB
Buffers:           89236 kB
Cached:          1124116 kB
MemTotal:        1844596 kB
MemFree:          228164 kB
MemAvailable:    1409256 kB
Buffers:           89236 kB
Cached:          1124116 kB
MemTotal:        1844596 kB
MemFree:          228304 kB
MemAvailable:    1409396 kB
Buffers:           89236 kB
Cached:          1124116 kB
MemTotal:        1844596 kB
MemFree:          227992 kB
MemAvailable:    1409084 kB
Buffers:           89236 kB
Cached:          1124116 kB
MemTotal:        1844596 kB
MemFree:          228248 kB
MemAvailable:    1409340 kB
Buffers:           89236 kB
Cached:          1124116 kB
MemTotal:        1844596 kB
MemFree:          228244 kB
MemAvailable:    1409336 kB
Buffers:           89236 kB
Cached:          1124116 kB
MemTotal:        1844596 kB
MemFree:          227436 kB
MemAvailable:    1408528 kB
Buffers:           89236 kB
Cached:          1124116 kB
MemTotal:        1844596 kB
MemFree:          228120 kB
MemAvailable:    1409212 kB
Buffers:           89236 kB
Cached:          1124116 kB
MemTotal:        1844596 kB
MemFree:          228120 kB
MemAvailable:    1409212 kB
Buffers:           89236 kB
Cached:          1124116 kB
MemTotal:        1844596 kB
MemFree:          228164 kB
MemAvailable:    1409256 kB
Buffers:           89236 kB
Cached:          1124116 kB
MemTotal:        1844596 kB
MemFree:          228416 kB
MemAvailable:    1409508 kB
Buffers:           89236 kB
Cached:          1124116 kB
MemTotal:        1844596 kB
MemFree:          228160 kB
MemAvailable:    1409252 kB
Buffers:           89236 kB
Cached:          1124116 kB
MemTotal:        1844596 kB
MemFree:          228416 kB
MemAvailable:    1409508 kB
Buffers:           89236 kB
Cached:          1124116 kB
MemTotal:        1844596 kB
MemFree:          227980 kB
MemAvailable:    1409072 kB
Buffers:           89236 kB
Cached:          1124116 kB
MemTotal:        1844596 kB
MemFree:          228124 kB
MemAvailable:    1409216 kB
Buffers:           89236 kB
Cached:          1124116 kB
MemTotal:        1844596 kB
MemFree:          226940 kB
MemAvailable:    1408032 kB
Buffers:           89236 kB
Cached:          1124116 kB
MemTotal:        1844596 kB
MemFree:          226940 kB
MemAvailable:    1408032 kB
Buffers:           89236 kB
Cached:          1124116 kB
MemTotal:        1844596 kB
MemFree:          228232 kB
MemAvailable:    1409324 kB
Buffers:           89236 kB
Cached:          1124116 kB
MemTotal:        1844596 kB
MemFree:          227444 kB
MemAvailable:    1408536 kB
Buffers:           89236 kB
Cached:          1124116 kB
MemTotal:        1844596 kB
MemFree:          228060 kB
MemAvailable:    1409152 kB
Buffers:           89236 kB
Cached:          1124116 kB
MemTotal:        1844596 kB
MemFree:          223584 kB
MemAvailable:    1404676 kB
Buffers:           89236 kB
Cached:          1124116 kB
MemTotal:        1844596 kB
MemFree:          222352 kB
MemAvailable:    1403444 kB
Buffers:           89236 kB
Cached:          1124116 kB
MemTotal:        1844596 kB
MemFree:          214780 kB
MemAvailable:    1395872 kB
Buffers:           89236 kB
Cached:          1124116 kB
MemTotal:        1844596 kB
MemFree:          214548 kB
MemAvailable:    1395640 kB
Buffers:           89236 kB
Cached:          1124116 kB
MemTotal:        1844596 kB
MemFree:          210804 kB
MemAvailable:    1391896 kB
Buffers:           89236 kB
Cached:          1124116 kB
MemTotal:        1844596 kB
MemFree:          209952 kB
MemAvailable:    1391044 kB
Buffers:           89236 kB
Cached:          1124116 kB
MemTotal:        1844596 kB
MemFree:          210568 kB
MemAvailable:    1391660 kB
Buffers:           89236 kB
Cached:          1124116 kB
MemTotal:        1844596 kB
MemFree:          209172 kB
MemAvailable:    1390264 kB
Buffers:           89236 kB
Cached:          1124116 kB
MemTotal:        1844596 kB
MemFree:          209560 kB
MemAvailable:    1390652 kB
Buffers:           89236 kB
Cached:          1124116 kB
MemTotal:        1844596 kB
MemFree:          209428 kB
MemAvailable:    1390520 kB
Buffers:           89236 kB
Cached:          1124116 kB
MemTotal:        1844596 kB
MemFree:          210792 kB
MemAvailable:    1391884 kB
Buffers:           89236 kB
Cached:          1124116 kB
MemTotal:        1844596 kB
MemFree:          210628 kB
MemAvailable:    1391720 kB
Buffers:           89236 kB
Cached:          1124116 kB
MemTotal:        1844596 kB
MemFree:          210708 kB
MemAvailable:    1391800 kB
Buffers:           89236 kB
Cached:          1124116 kB
MemTotal:        1844596 kB
MemFree:          209712 kB
MemAvailable:    1390804 kB
Buffers:           89236 kB
Cached:          1124116 kB
MemTotal:        1844596 kB
MemFree:          210820 kB
MemAvailable:    1391912 kB
Buffers:           89236 kB
Cached:          1124116 kB
MemTotal:        1844596 kB
MemFree:          209196 kB
MemAvailable:    1390288 kB
Buffers:           89236 kB
Cached:          1124116 kB
MemTotal:        1844596 kB
MemFree:          210572 kB
MemAvailable:    1391664 kB
Buffers:           89236 kB
Cached:          1124116 kB
MemTotal:        1844596 kB
MemFree:          210756 kB
MemAvailable:    1391848 kB
Buffers:           89236 kB
Cached:          1124116 kB
MemTotal:        1844596 kB
MemFree:          210332 kB
MemAvailable:    1391424 kB
Buffers:           89236 kB
Cached:          1124116 kB
MemTotal:        1844596 kB
MemFree:          210556 kB
MemAvailable:    1391648 kB
Buffers:           89236 kB
Cached:          1124116 kB
MemTotal:        1844596 kB
MemFree:          210892 kB
MemAvailable:    1391984 kB
Buffers:           89236 kB
Cached:          1124116 kB
MemTotal:        1844596 kB
MemFree:          210688 kB
MemAvailable:    1391780 kB
Buffers:           89236 kB
Cached:          1124116 kB
MemTotal:        1844596 kB
MemFree:          210580 kB
MemAvailable:    1391672 kB
Buffers:           89236 kB
Cached:          1124116 kB
MemTotal:        1844596 kB
MemFree:          209936 kB
MemAvailable:    1391028 kB
Buffers:           89236 kB
Cached:          1124116 kB
MemTotal:        1844596 kB
MemFree:          210188 kB
MemAvailable:    1391280 kB
Buffers:           89236 kB
Cached:          1124116 kB
MemTotal:        1844596 kB
MemFree:          209872 kB
MemAvailable:    1390964 kB
Buffers:           89236 kB
Cached:          1124116 kB
MemTotal:        1844596 kB
MemFree:          208836 kB
MemAvailable:    1389928 kB
Buffers:           89236 kB
Cached:          1124116 kB
MemTotal:        1844596 kB
MemFree:          209644 kB
MemAvailable:    1390736 kB
Buffers:           89236 kB
Cached:          1124116 kB
MemTotal:        1844596 kB
MemFree:          209896 kB
MemAvailable:    1390988 kB
Buffers:           89236 kB
Cached:          1124116 kB
MemTotal:        1844596 kB
MemFree:          208332 kB
MemAvailable:    1389424 kB
Buffers:           89236 kB
Cached:          1124116 kB
MemTotal:        1844596 kB
MemFree:          209312 kB
MemAvailable:    1390404 kB
Buffers:           89236 kB
Cached:          1124116 kB
MemTotal:        1844596 kB
MemFree:          208340 kB
MemAvailable:    1389432 kB
Buffers:           89236 kB
Cached:          1124116 kB
MemTotal:        1844596 kB
MemFree:          203124 kB
MemAvailable:    1384216 kB
Buffers:           89236 kB
Cached:          1124116 kB
MemTotal:        1844596 kB
MemFree:          202892 kB
MemAvailable:    1383984 kB
Buffers:           89236 kB
Cached:          1124116 kB
MemTotal:        1844596 kB
MemFree:          199164 kB
MemAvailable:    1380256 kB
Buffers:           89236 kB
Cached:          1124116 kB
MemTotal:        1844596 kB
MemFree:          196808 kB
MemAvailable:    1377900 kB
Buffers:           89236 kB
Cached:          1124116 kB
MemTotal:        1844596 kB
MemFree:          194140 kB
MemAvailable:    1375232 kB
Buffers:           89236 kB
Cached:          1124116 kB
MemTotal:        1844596 kB
MemFree:          190228 kB
MemAvailable:    1371320 kB
Buffers:           89236 kB
Cached:          1124116 kB
MemTotal:        1844596 kB
MemFree:          189624 kB
MemAvailable:    1370716 kB
Buffers:           89236 kB
Cached:          1124116 kB
MemTotal:        1844596 kB
MemFree:          187012 kB
MemAvailable:    1368104 kB
Buffers:           89236 kB
Cached:          1124116 kB
MemTotal:        1844596 kB
MemFree:          186080 kB
MemAvailable:    1367172 kB
Buffers:           89236 kB
Cached:          1124116 kB
MemTotal:        1844596 kB
MemFree:          184408 kB
MemAvailable:    1365500 kB
Buffers:           89236 kB
Cached:          1124116 kB
MemTotal:        1844596 kB
MemFree:          182052 kB
MemAvailable:    1363144 kB
Buffers:           89236 kB
Cached:          1124116 kB
MemTotal:        1844596 kB
MemFree:          179192 kB
MemAvailable:    1360284 kB
Buffers:           89236 kB
Cached:          1124116 kB
MemTotal:        1844596 kB
MemFree:          179208 kB
MemAvailable:    1360176 kB
Buffers:           89236 kB
Cached:          1124116 kB
MemTotal:        1844596 kB
MemFree:          179076 kB
MemAvailable:    1360176 kB
Buffers:           89236 kB
Cached:          1124124 kB
MemTotal:        1844596 kB
MemFree:          177704 kB
MemAvailable:    1358804 kB
Buffers:           89236 kB
Cached:          1124124 kB
MemTotal:        1844596 kB
MemFree:          178804 kB
MemAvailable:    1359904 kB
Buffers:           89236 kB
Cached:          1124124 kB
MemTotal:        1844596 kB
MemFree:          178952 kB
MemAvailable:    1360052 kB
Buffers:           89236 kB
Cached:          1124124 kB
MemTotal:        1844596 kB
MemFree:          179000 kB
MemAvailable:    1360100 kB
Buffers:           89236 kB
Cached:          1124124 kB
MemTotal:        1844596 kB
MemFree:          178828 kB
MemAvailable:    1359928 kB
Buffers:           89236 kB
Cached:          1124124 kB
MemTotal:        1844596 kB
MemFree:          177768 kB
MemAvailable:    1358868 kB
Buffers:           89236 kB
Cached:          1124124 kB
MemTotal:        1844596 kB
MemFree:          178880 kB
MemAvailable:    1359980 kB
Buffers:           89236 kB
Cached:          1124124 kB
MemTotal:        1844596 kB
MemFree:          178712 kB
MemAvailable:    1359812 kB
Buffers:           89236 kB
Cached:          1124124 kB
MemTotal:        1844596 kB
MemFree:          177696 kB
MemAvailable:    1358796 kB
Buffers:           89236 kB
Cached:          1124124 kB
MemTotal:        1844596 kB
MemFree:          178032 kB
MemAvailable:    1359132 kB
Buffers:           89236 kB
Cached:          1124124 kB
MemTotal:        1844596 kB
MemFree:          177656 kB
MemAvailable:    1358756 kB
Buffers:           89236 kB
Cached:          1124124 kB
MemTotal:        1844596 kB
MemFree:          177656 kB
MemAvailable:    1358756 kB
Buffers:           89236 kB
Cached:          1124124 kB
MemTotal:        1844596 kB
MemFree:          177616 kB
MemAvailable:    1358716 kB
Buffers:           89236 kB
Cached:          1124124 kB
MemTotal:        1844596 kB
MemFree:          177836 kB
MemAvailable:    1358936 kB
Buffers:           89236 kB
Cached:          1124124 kB
MemTotal:        1844596 kB
MemFree:          176208 kB
MemAvailable:    1357308 kB
Buffers:           89236 kB
Cached:          1124124 kB
MemTotal:        1844596 kB
MemFree:          177464 kB
MemAvailable:    1358564 kB
Buffers:           89236 kB
Cached:          1124124 kB
MemTotal:        1844596 kB
MemFree:          176224 kB
MemAvailable:    1357324 kB
Buffers:           89236 kB
Cached:          1124124 kB
MemTotal:        1844596 kB
MemFree:          176224 kB
MemAvailable:    1357324 kB
Buffers:           89236 kB
Cached:          1124124 kB
MemTotal:        1844596 kB
MemFree:          177072 kB
MemAvailable:    1358172 kB
Buffers:           89236 kB
Cached:          1124124 kB
MemTotal:        1844596 kB
MemFree:          176656 kB
MemAvailable:    1357756 kB
Buffers:           89236 kB
Cached:          1124124 kB
MemTotal:        1844596 kB
MemFree:          176536 kB
MemAvailable:    1357636 kB
Buffers:           89236 kB
Cached:          1124124 kB
MemTotal:        1844596 kB
MemFree:          175788 kB
MemAvailable:    1356888 kB
Buffers:           89236 kB
Cached:          1124124 kB
MemTotal:        1844596 kB
MemFree:          175292 kB
MemAvailable:    1356392 kB
Buffers:           89236 kB
Cached:          1124124 kB
MemTotal:        1844596 kB
MemFree:          173620 kB
MemAvailable:    1354720 kB
Buffers:           89236 kB
Cached:          1124124 kB
MemTotal:        1844596 kB
MemFree:          173488 kB
MemAvailable:    1354588 kB
Buffers:           89236 kB
Cached:          1124124 kB
MemTotal:        1844596 kB
MemFree:          173488 kB
MemAvailable:    1354588 kB
Buffers:           89236 kB
Cached:          1124124 kB
MemTotal:        1844596 kB
MemFree:          174812 kB
MemAvailable:    1355912 kB
Buffers:           89236 kB
Cached:          1124124 kB
MemTotal:        1844596 kB
MemFree:          173488 kB
MemAvailable:    1354588 kB
Buffers:           89236 kB
Cached:          1124124 kB
MemTotal:        1844596 kB
MemFree:          174916 kB
MemAvailable:    1356016 kB
Buffers:           89236 kB
Cached:          1124124 kB
MemTotal:        1844596 kB
MemFree:          173480 kB
MemAvailable:    1354580 kB
Buffers:           89236 kB
Cached:          1124124 kB
MemTotal:        1844596 kB
MemFree:          174652 kB
MemAvailable:    1355752 kB
Buffers:           89236 kB
Cached:          1124124 kB
MemTotal:        1844596 kB
MemFree:          173504 kB
MemAvailable:    1354604 kB
Buffers:           89236 kB
Cached:          1124124 kB
MemTotal:        1844596 kB
MemFree:          174472 kB
MemAvailable:    1355572 kB
Buffers:           89236 kB
Cached:          1124124 kB
MemTotal:        1844596 kB
MemFree:          174808 kB
MemAvailable:    1355908 kB
Buffers:           89236 kB
Cached:          1124124 kB
MemTotal:        1844596 kB
MemFree:          174624 kB
MemAvailable:    1355724 kB
Buffers:           89236 kB
Cached:          1124124 kB
MemTotal:        1844596 kB
MemFree:          174472 kB
MemAvailable:    1355572 kB
Buffers:           89236 kB
Cached:          1124124 kB
MemTotal:        1844596 kB
MemFree:          174724 kB
MemAvailable:    1355824 kB
Buffers:           89236 kB
Cached:          1124124 kB
MemTotal:        1844596 kB
MemFree:          174432 kB
MemAvailable:    1355532 kB
Buffers:           89236 kB
Cached:          1124124 kB
MemTotal:        1844596 kB
MemFree:          174616 kB
MemAvailable:    1355716 kB
Buffers:           89236 kB
Cached:          1124124 kB
MemTotal:        1844596 kB
MemFree:          173876 kB
MemAvailable:    1354976 kB
Buffers:           89236 kB
Cached:          1124124 kB
MemTotal:        1844596 kB
MemFree:          174596 kB
MemAvailable:    1355696 kB
Buffers:           89236 kB
Cached:          1124124 kB
MemTotal:        1844596 kB
MemFree:          174596 kB
MemAvailable:    1355696 kB
Buffers:           89236 kB
Cached:          1124124 kB
MemTotal:        1844596 kB
MemFree:          174544 kB
MemAvailable:    1355644 kB
Buffers:           89236 kB
Cached:          1124124 kB
MemTotal:        1844596 kB
MemFree:          174712 kB
MemAvailable:    1355812 kB
Buffers:           89236 kB
Cached:          1124124 kB
MemTotal:        1844596 kB
MemFree:          174348 kB
MemAvailable:    1355448 kB
Buffers:           89236 kB
Cached:          1124124 kB
MemTotal:        1844596 kB
MemFree:          173828 kB
MemAvailable:    1354928 kB
Buffers:           89236 kB
Cached:          1124124 kB
MemTotal:        1844596 kB
MemFree:          174984 kB
MemAvailable:    1356084 kB
Buffers:           89236 kB
Cached:          1124124 kB
MemTotal:        1844596 kB
MemFree:          174720 kB
MemAvailable:    1355820 kB
Buffers:           89236 kB
Cached:          1124124 kB
MemTotal:        1844596 kB
MemFree:          174804 kB
MemAvailable:    1355904 kB
Buffers:           89236 kB
Cached:          1124124 kB
MemTotal:        1844596 kB
MemFree:          174432 kB
MemAvailable:    1355532 kB
Buffers:           89236 kB
Cached:          1124124 kB
MemTotal:        1844596 kB
MemFree:          173372 kB
MemAvailable:    1354472 kB
Buffers:           89236 kB
Cached:          1124124 kB
MemTotal:        1844596 kB
MemFree:          173236 kB
MemAvailable:    1354336 kB
Buffers:           89236 kB
Cached:          1124124 kB
MemTotal:        1844596 kB
MemFree:          174660 kB
MemAvailable:    1355760 kB
Buffers:           89236 kB
Cached:          1124124 kB
MemTotal:        1844596 kB
MemFree:          174516 kB
MemAvailable:    1355616 kB
Buffers:           89236 kB
Cached:          1124124 kB
MemTotal:        1844596 kB
MemFree:          174856 kB
MemAvailable:    1355956 kB
Buffers:           89236 kB
Cached:          1124124 kB
MemTotal:        1844596 kB
MemFree:          174584 kB
MemAvailable:    1355684 kB
Buffers:           89236 kB
Cached:          1124124 kB
MemTotal:        1844596 kB
MemFree:          174612 kB
MemAvailable:    1355712 kB
Buffers:           89236 kB
Cached:          1124124 kB
MemTotal:        1844596 kB
MemFree:          174416 kB
MemAvailable:    1355516 kB
Buffers:           89236 kB
Cached:          1124124 kB
MemTotal:        1844596 kB
MemFree:          174752 kB
MemAvailable:    1355852 kB
Buffers:           89236 kB
Cached:          1124124 kB
MemTotal:        1844596 kB
MemFree:          173048 kB
MemAvailable:    1354148 kB
Buffers:           89236 kB
Cached:          1124124 kB
MemTotal:        1844596 kB
MemFree:          173176 kB
MemAvailable:    1354276 kB
Buffers:           89236 kB
Cached:          1124124 kB
MemTotal:        1844596 kB
MemFree:          174468 kB
MemAvailable:    1355568 kB
Buffers:           89236 kB
Cached:          1124124 kB
MemTotal:        1844596 kB
MemFree:          172440 kB
MemAvailable:    1353540 kB
Buffers:           89236 kB
Cached:          1124124 kB
MemTotal:        1844596 kB
MemFree:          170396 kB
MemAvailable:    1351496 kB
Buffers:           89236 kB
Cached:          1124124 kB
MemTotal:        1844596 kB
MemFree:          168844 kB
MemAvailable:    1349952 kB
Buffers:           89236 kB
Cached:          1124132 kB
MemTotal:        1844596 kB
MemFree:          167420 kB
MemAvailable:    1348528 kB
Buffers:           89236 kB
Cached:          1124132 kB
MemTotal:        1844596 kB
MemFree:          167764 kB
MemAvailable:    1348872 kB
Buffers:           89236 kB
Cached:          1124132 kB
MemTotal:        1844596 kB
MemFree:          167984 kB
MemAvailable:    1349092 kB
Buffers:           89236 kB
Cached:          1124132 kB
MemTotal:        1844596 kB
MemFree:          167924 kB
MemAvailable:    1349032 kB
Buffers:           89236 kB
Cached:          1124132 kB
MemTotal:        1844596 kB
MemFree:          166668 kB
MemAvailable:    1347776 kB
Buffers:           89236 kB
Cached:          1124132 kB
MemTotal:        1844596 kB
MemFree:          168032 kB
MemAvailable:    1349140 kB
Buffers:           89236 kB
Cached:          1124132 kB
MemTotal:        1844596 kB
MemFree:          167784 kB
MemAvailable:    1348892 kB
Buffers:           89236 kB
Cached:          1124132 kB
MemTotal:        1844596 kB
MemFree:          167928 kB
MemAvailable:    1349036 kB
Buffers:           89236 kB
Cached:          1124132 kB
MemTotal:        1844596 kB
MemFree:          167992 kB
MemAvailable:    1349100 kB
Buffers:           89236 kB
Cached:          1124132 kB
MemTotal:        1844596 kB
MemFree:          167764 kB
MemAvailable:    1348872 kB
Buffers:           89236 kB
Cached:          1124132 kB
MemTotal:        1844596 kB
MemFree:          167848 kB
MemAvailable:    1348956 kB
Buffers:           89236 kB
Cached:          1124132 kB
MemTotal:        1844596 kB
MemFree:          167876 kB
MemAvailable:    1348984 kB
Buffers:           89236 kB
Cached:          1124132 kB
MemTotal:        1844596 kB
MemFree:          166672 kB
MemAvailable:    1347780 kB
Buffers:           89236 kB
Cached:          1124132 kB
MemTotal:        1844596 kB
MemFree:          167788 kB
MemAvailable:    1349068 kB
Buffers:           89236 kB
Cached:          1124260 kB
MemTotal:        1844596 kB
MemFree:          167532 kB
MemAvailable:    1348812 kB
Buffers:           89236 kB
Cached:          1124384 kB
MemTotal:        1844596 kB
MemFree:          166540 kB
MemAvailable:    1347904 kB
Buffers:           89236 kB
Cached:          1124508 kB
MemTotal:        1844596 kB
MemFree:          167480 kB
MemAvailable:    1349012 kB
Buffers:           89236 kB
Cached:          1124632 kB
MemTotal:        1844596 kB
MemFree:          167480 kB
MemAvailable:    1349180 kB
Buffers:           89236 kB
Cached:          1124756 kB
MemTotal:        1844596 kB
MemFree:          167156 kB
MemAvailable:    1348856 kB
Buffers:           89236 kB
Cached:          1124756 kB
MemTotal:        1844596 kB
MemFree:          167492 kB
MemAvailable:    1349192 kB
Buffers:           89236 kB
Cached:          1124756 kB
MemTotal:        1844596 kB
MemFree:          167156 kB
MemAvailable:    1348856 kB
Buffers:           89236 kB
Cached:          1124756 kB
MemTotal:        1844596 kB
MemFree:          167016 kB
MemAvailable:    1348800 kB
Buffers:           89236 kB
Cached:          1124756 kB
MemTotal:        1844596 kB
MemFree:          167352 kB
MemAvailable:    1349136 kB
Buffers:           89236 kB
Cached:          1124756 kB
MemTotal:        1844596 kB
MemFree:          167108 kB
MemAvailable:    1348892 kB
Buffers:           89236 kB
Cached:          1124756 kB
MemTotal:        1844596 kB
MemFree:          167020 kB
MemAvailable:    1348804 kB
Buffers:           89236 kB
Cached:          1124756 kB
MemTotal:        1844596 kB
MemFree:          167000 kB
MemAvailable:    1348784 kB
Buffers:           89236 kB
Cached:          1124756 kB
MemTotal:        1844596 kB
MemFree:          167336 kB
MemAvailable:    1349120 kB
Buffers:           89236 kB
Cached:          1124756 kB
MemTotal:        1844596 kB
MemFree:          167536 kB
MemAvailable:    1348732 kB
Buffers:           89236 kB
Cached:          1124164 kB
MemTotal:        1844596 kB
MemFree:          202304 kB
MemAvailable:    1383500 kB
Buffers:           89236 kB
Cached:          1124164 kB
MemTotal:        1844596 kB
MemFree:          205692 kB
MemAvailable:    1386888 kB
Buffers:           89236 kB
Cached:          1124164 kB
MemTotal:        1844596 kB
MemFree:          363844 kB
MemAvailable:    1545040 kB
Buffers:           89236 kB
Cached:          1124164 kB
