MemTotal:        1844596 kB
MemFree:          270340 kB
MemAvailable:    1544440 kB
Buffers:          101168 kB
Cached:          1192644 kB
MemTotal:        1844596 kB
MemFree:          242952 kB
MemAvailable:    1517060 kB
Buffers:          101168 kB
Cached:          1192648 kB
MemTotal:        1844596 kB
MemFree:          241872 kB
MemAvailable:    1515980 kB
Buffers:          101168 kB
Cached:          1192648 kB
MemTotal:        1844596 kB
MemFree:          238720 kB
MemAvailable:    1512828 kB
Buffers:          101168 kB
Cached:          1192648 kB
MemTotal:        1844596 kB
MemFree:          237480 kB
MemAvailable:    1511588 kB
Buffers:          101168 kB
Cached:          1192648 kB
MemTotal:        1844596 kB
MemFree:          238856 kB
MemAvailable:    1512964 kB
Buffers:          101168 kB
Cached:          1192648 kB
MemTotal:        1844596 kB
MemFree:          237000 kB
MemAvailable:    1511108 kB
Buffers:          101168 kB
Cached:          1192648 kB
MemTotal:        1844596 kB
MemFree:          234892 kB
MemAvailable:    1509000 kB
Buffers:          101168 kB
Cached:          1192648 kB
MemTotal:        1844596 kB
MemFree:          231528 kB
MemAvailable:    1505636 kB
Buffers:          101168 kB
Cached:          1192648 kB
MemTotal:        1844596 kB
MemFree:          231492 kB
MemAvailable:    1505600 kB
Buffers:          101168 kB
Cached:          1192648 kB
MemTotal:        1844596 kB
MemFree:          229268 kB
MemAvailable:    1503376 kB
Buffers:          101168 kB
Cached:          1192648 kB
MemTotal:        1844596 kB
MemFree:          230484 kB
MemAvailable:    1504592 kB
Buffers:          101168 kB
Cached:          1192648 kB
MemTotal:        1844596 kB
MemFree:          229756 kB
MemAvailable:    1503864 kB
Buffers:          101168 kB
Cached:          1192648 kB
MemTotal:        1844596 kB
MemFree:          229120 kB
MemAvailable:    1503228 kB
Buffers:          101168 kB
Cached:          1192648 kB
MemTotal:        1844596 kB
MemFree:          230096 kB
MemAvailable:    1504204 kB
Buffers:          101168 kB
Cached:          1192648 kB
MemTotal:        1844596 kB
MemFree:          230180 kB
MemAvailable:    1504288 kB
Buffers:          101168 kB
Cached:          1192648 kB
MemTotal:        1844596 kB
MemFree:          229860 kB
MemAvailable:    1503968 kB
Buffers:          101168 kB
Cached:          1192648 kB
MemTotal:        1844596 kB
MemFree:          229820 kB
MemAvailable:    1503928 kB
Buffers:          101168 kB
Cached:          1192648 kB
MemTotal:        1844596 kB
MemFree:          229564 kB
MemAvailable:    1503672 kB
Buffers:          101168 kB
Cached:          1192648 kB
MemTotal:        1844596 kB
MemFree:          229496 kB
MemAvailable:    1503604 kB
Buffers:          101168 kB
Cached:          1192648 kB
MemTotal:        1844596 kB
MemFree:          229664 kB
MemAvailable:    1503772 kB
Buffers:          101168 kB
Cached:          1192648 kB
MemTotal:        1844596 kB
MemFree:          229428 kB
MemAvailable:    1503536 kB
Buffers:          101168 kB
Cached:          1192648 kB
MemTotal:        1844596 kB
MemFree:          229512 kB
MemAvailable:    1503620 kB
Buffers:          101168 kB
Cached:          1192648 kB
MemTotal:        1844596 kB
MemFree:          228924 kB
MemAvailable:    1503032 kB
Buffers:          101168 kB
Cached:          1192648 kB
MemTotal:        1844596 kB
MemFree:          229260 kB
MemAvailable:    1503368 kB
Buffers:          101168 kB
Cached:          1192648 kB
MemTotal:        1844596 kB
MemFree:          228684 kB
MemAvailable:    1502792 kB
Buffers:          101168 kB
Cached:          1192648 kB
MemTotal:        1844596 kB
MemFree:          227700 kB
MemAvailable:    1501808 kB
Buffers:          101168 kB
Cached:          1192648 kB
MemTotal:        1844596 kB
MemFree:          227276 kB
MemAvailable:    1501384 kB
Buffers:          101168 kB
Cached:          1192648 kB
MemTotal:        1844596 kB
MemFree:          227144 kB
MemAvailable:    1501252 kB
Buffers:          101168 kB
Cached:          1192648 kB
MemTotal:        1844596 kB
MemFree:          227568 kB
MemAvailable:    1501676 kB
Buffers:          101168 kB
Cached:          1192648 kB
MemTotal:        1844596 kB
MemFree:          226460 kB
MemAvailable:    1500568 kB
Buffers:          101168 kB
Cached:          1192648 kB
MemTotal:        1844596 kB
MemFree:          227300 kB
MemAvailable:    1501408 kB
Buffers:          101168 kB
Cached:          1192648 kB
MemTotal:        1844596 kB
MemFree:          227300 kB
MemAvailable:    1501408 kB
Buffers:          101168 kB
Cached:          1192648 kB
MemTotal:        1844596 kB
MemFree:          227008 kB
MemAvailable:    1501116 kB
Buffers:          101168 kB
Cached:          1192648 kB
MemTotal:        1844596 kB
MemFree:          227344 kB
MemAvailable:    1501452 kB
Buffers:          101168 kB
Cached:          1192648 kB
MemTotal:        1844596 kB
MemFree:          227352 kB
MemAvailable:    1501460 kB
Buffers:          101168 kB
Cached:          1192648 kB
MemTotal:        1844596 kB
MemFree:          227380 kB
MemAvailable:    1501488 kB
Buffers:          101168 kB
Cached:          1192648 kB
MemTotal:        1844596 kB
MemFree:          226460 kB
MemAvailable:    1500568 kB
Buffers:          101168 kB
Cached:          1192648 kB
MemTotal:        1844596 kB
MemFree:          227192 kB
MemAvailable:    1501300 kB
Buffers:          101168 kB
Cached:          1192648 kB
MemTotal:        1844596 kB
MemFree:          226028 kB
MemAvailable:    1500136 kB
Buffers:          101168 kB
Cached:          1192648 kB
MemTotal:        1844596 kB
MemFree:          225528 kB
MemAvailable:    1499636 kB
Buffers:          101168 kB
Cached:          1192648 kB
MemTotal:        1844596 kB
MemFree:          222112 kB
MemAvailable:    1496220 kB
Buffers:          101168 kB
Cached:          1192648 kB
MemTotal:        1844596 kB
MemFree:          222112 kB
MemAvailable:    1496220 kB
Buffers:          101168 kB
Cached:          1192648 kB
MemTotal:        1844596 kB
MemFree:          221816 kB
MemAvailable:    1495924 kB
Buffers:          101168 kB
Cached:          1192648 kB
MemTotal:        1844596 kB
MemFree:          221872 kB
MemAvailable:    1495980 kB
Buffers:          101168 kB
Cached:          1192648 kB
MemTotal:        1844596 kB
MemFree:          221908 kB
MemAvailable:    1496016 kB
Buffers:          101168 kB
Cached:          1192648 kB
MemTotal:        1844596 kB
MemFree:          220560 kB
MemAvailable:    1494668 kB
Buffers:          101168 kB
Cached:          1192648 kB
MemTotal:        1844596 kB
MemFree:          221376 kB
MemAvailable:    1495484 kB
Buffers:          101168 kB
Cached:          1192648 kB
MemTotal:        1844596 kB
MemFree:          221604 kB
MemAvailable:    1495712 kB
Buffers:          101168 kB
Cached:          1192648 kB
MemTotal:        1844596 kB
MemFree:          221604 kB
MemAvailable:    1495712 kB
Buffers:          101168 kB
Cached:          1192648 kB
MemTotal:        1844596 kB
MemFree:          221492 kB
MemAvailable:    1495600 kB
Buffers:          101168 kB
Cached:          1192648 kB
MemTotal:        1844596 kB
MemFree:          221380 kB
MemAvailable:    1495488 kB
Buffers:          101168 kB
Cached:          1192648 kB
MemTotal:        1844596 kB
MemFree:          221500 kB
MemAvailable:    1495608 kB
Buffers:          101168 kB
Cached:          1192648 kB
MemTotal:        1844596 kB
MemFree:          221212 kB
MemAvailable:    1495320 kB
Buffers:          101168 kB
Cached:          1192648 kB
MemTotal:        1844596 kB
MemFree:          221548 kB
MemAvailable:    1495656 kB
Buffers:          101168 kB
Cached:          1192648 kB
MemTotal:        1844596 kB
MemFree:          220064 kB
MemAvailable:    1494172 kB
Buffers:          101168 kB
Cached:          1192648 kB
MemTotal:        1844596 kB
MemFree:          221364 kB
MemAvailable:    1495472 kB
Buffers:          101168 kB
Cached:          1192648 kB
MemTotal:        1844596 kB
MemFree:          219392 kB
MemAvailable:    1493500 kB
Buffers:          101168 kB
Cached:          1192648 kB
MemTotal:        1844596 kB
MemFree:          215672 kB
MemAvailable:    1489780 kB
Buffers:          101168 kB
Cached:          1192648 kB
MemTotal:        1844596 kB
MemFree:          214804 kB
MemAvailable:    1488912 kB
Buffers:          101168 kB
Cached:          1192648 kB
MemTotal:        1844596 kB
MemFree:          214556 kB
MemAvailable:    1488664 kB
Buffers:          101168 kB
Cached:          1192648 kB
MemTotal:        1844596 kB
MemFree:          215044 kB
MemAvailable:    1489152 kB
Buffers:          101168 kB
Cached:          1192648 kB
MemTotal:        1844596 kB
MemFree:          213316 kB
MemAvailable:    1487424 kB
Buffers:          101168 kB
Cached:          1192648 kB
MemTotal:        1844596 kB
MemFree:          213060 kB
MemAvailable:    1487168 kB
Buffers:          101168 kB
Cached:          1192648 kB
MemTotal:        1844596 kB
MemFree:          213396 kB
MemAvailable:    1487504 kB
Buffers:          101168 kB
Cached:          1192648 kB
MemTotal:        1844596 kB
MemFree:          212888 kB
MemAvailable:    1486996 kB
Buffers:          101168 kB
Cached:          1192648 kB
MemTotal:        1844596 kB
MemFree:          212888 kB
MemAvailable:    1486996 kB
Buffers:          101168 kB
Cached:          1192648 kB
MemTotal:        1844596 kB
MemFree:          212624 kB
MemAvailable:    1486732 kB
Buffers:          101168 kB
Cached:          1192648 kB
MemTotal:        1844596 kB
MemFree:          212960 kB
MemAvailable:    1487068 kB
Buffers:          101168 kB
Cached:          1192648 kB
MemTotal:        1844596 kB
MemFree:          211516 kB
MemAvailable:    1485624 kB
Buffers:          101168 kB
Cached:          1192648 kB
MemTotal:        1844596 kB
MemFree:          212616 kB
MemAvailable:    1486724 kB
Buffers:          101168 kB
Cached:          1192648 kB
MemTotal:        1844596 kB
MemFree:          212868 kB
MemAvailable:    1486976 kB
Buffers:          101168 kB
Cached:          1192648 kB
MemTotal:        1844596 kB
MemFree:          212528 kB
MemAvailable:    1486636 kB
Buffers:          101168 kB
Cached:          1192648 kB
MemTotal:        1844596 kB
MemFree:          212780 kB
MemAvailable:    1486888 kB
Buffers:          101168 kB
Cached:          1192648 kB
MemTotal:        1844596 kB
MemFree:          212628 kB
MemAvailable:    1486736 kB
Buffers:          101168 kB
Cached:          1192648 kB
MemTotal:        1844596 kB
MemFree:          212628 kB
MemAvailable:    1486736 kB
Buffers:          101168 kB
Cached:          1192648 kB
MemTotal:        1844596 kB
MemFree:          212504 kB
MemAvailable:    1486612 kB
Buffers:          101168 kB
Cached:          1192648 kB
MemTotal:        1844596 kB
MemFree:          212308 kB
MemAvailable:    1486416 kB
Buffers:          101168 kB
Cached:          1192648 kB
MemTotal:        1844596 kB
MemFree:          212432 kB
MemAvailable:    1486540 kB
Buffers:          101168 kB
Cached:          1192648 kB
MemTotal:        1844596 kB
MemFree:          212420 kB
MemAvailable:    1486528 kB
Buffers:          101168 kB
Cached:          1192648 kB
MemTotal:        1844596 kB
MemFree:          211208 kB
MemAvailable:    1485316 kB
Buffers:          101168 kB
Cached:          1192648 kB
MemTotal:        1844596 kB
MemFree:          212384 kB
MemAvailable:    1486492 kB
Buffers:          101168 kB
Cached:          1192648 kB
MemTotal:        1844596 kB
MemFree:          212532 kB
MemAvailable:    1486640 kB
Buffers:          101168 kB
Cached:          1192648 kB
MemTotal:        1844596 kB
MemFree:          212068 kB
MemAvailable:    1486176 kB
Buffers:          101168 kB
Cached:          1192648 kB
MemTotal:        1844596 kB
MemFree:          211392 kB
MemAvailable:    1485500 kB
Buffers:          101168 kB
Cached:          1192648 kB
MemTotal:        1844596 kB
MemFree:          207480 kB
MemAvailable:    1481588 kB
Buffers:          101168 kB
Cached:          1192648 kB
MemTotal:        1844596 kB
MemFree:          207612 kB
MemAvailable:    1481720 kB
Buffers:          101168 kB
Cached:          1192648 kB
MemTotal:        1844596 kB
MemFree:          204264 kB
MemAvailable:    1478372 kB
Buffers:          101168 kB
Cached:          1192648 kB
MemTotal:        1844596 kB
MemFree:          203868 kB
MemAvailable:    1477976 kB
Buffers:          101168 kB
Cached:          1192648 kB
MemTotal:        1844596 kB
MemFree:          204204 kB
MemAvailable:    1478312 kB
Buffers:          101168 kB
Cached:          1192648 kB
MemTotal:        1844596 kB
MemFree:          204128 kB
MemAvailable:    1478236 kB
Buffers:          101168 kB
Cached:          1192648 kB
MemTotal:        1844596 kB
MemFree:          203504 kB
MemAvailable:    1477612 kB
Buffers:          101168 kB
Cached:          1192648 kB
MemTotal:        1844596 kB
MemFree:          203232 kB
MemAvailable:    1477340 kB
Buffers:          101168 kB
Cached:          1192648 kB
MemTotal:        1844596 kB
MemFree:          203688 kB
MemAvailable:    1477796 kB
Buffers:          101168 kB
Cached:          1192648 kB
MemTotal:        1844596 kB
MemFree:          203456 kB
MemAvailable:    1477564 kB
Buffers:          101168 kB
Cached:          1192648 kB
MemTotal:        1844596 kB
MemFree:          203708 kB
MemAvailable:    1477816 kB
Buffers:          101168 kB
Cached:          1192648 kB
MemTotal:        1844596 kB
MemFree:          202272 kB
MemAvailable:    1476380 kB
Buffers:          101168 kB
Cached:          1192648 kB
MemTotal:        1844596 kB
MemFree:          202388 kB
MemAvailable:    1476496 kB
Buffers:          101168 kB
Cached:          1192648 kB
MemTotal:        1844596 kB
MemFree:          203580 kB
MemAvailable:    1477688 kB
Buffers:          101168 kB
Cached:          1192648 kB
MemTotal:        1844596 kB
MemFree:          203832 kB
MemAvailable:    1477940 kB
Buffers:          101168 kB
Cached:          1192648 kB
MemTotal:        1844596 kB
MemFree:          203492 kB
MemAvailable:    1477600 kB
Buffers:          101168 kB
Cached:          1192648 kB
MemTotal:        1844596 kB
MemFree:          203828 kB
MemAvailable:    1477936 kB
Buffers:          101168 kB
Cached:          1192648 kB
MemTotal:        1844596 kB
MemFree:          203888 kB
MemAvailable:    1477996 kB
Buffers:          101168 kB
Cached:          1192648 kB
MemTotal:        1844596 kB
MemFree:          203032 kB
MemAvailable:    1477140 kB
Buffers:          101168 kB
Cached:          1192648 kB
MemTotal:        1844596 kB
MemFree:          203596 kB
MemAvailable:    1477704 kB
Buffers:          101168 kB
Cached:          1192648 kB
MemTotal:        1844596 kB
MemFree:          202392 kB
MemAvailable:    1476500 kB
Buffers:          101168 kB
Cached:          1192648 kB
MemTotal:        1844596 kB
MemFree:          203692 kB
MemAvailable:    1477800 kB
Buffers:          101168 kB
Cached:          1192648 kB
MemTotal:        1844596 kB
MemFree:          203880 kB
MemAvailable:    1477988 kB
Buffers:          101168 kB
Cached:          1192648 kB
MemTotal:        1844596 kB
MemFree:          203704 kB
MemAvailable:    1477824 kB
Buffers:          101168 kB
Cached:          1192660 kB
MemTotal:        1844596 kB
MemFree:          203628 kB
MemAvailable:    1477748 kB
Buffers:          101168 kB
Cached:          1192660 kB
MemTotal:        1844596 kB
MemFree:          203828 kB
MemAvailable:    1477948 kB
Buffers:          101168 kB
Cached:          1192660 kB
MemTotal:        1844596 kB
MemFree:          202472 kB
MemAvailable:    1476592 kB
Buffers:          101168 kB
Cached:          1192660 kB
MemTotal:        1844596 kB
MemFree:          203524 kB
MemAvailable:    1477644 kB
Buffers:          101168 kB
Cached:          1192660 kB
MemTotal:        1844596 kB
MemFree:          203456 kB
MemAvailable:    1477576 kB
Buffers:          101168 kB
Cached:          1192660 kB
MemTotal:        1844596 kB
MemFree:          202972 kB
MemAvailable:    1477092 kB
Buffers:          101168 kB
Cached:          1192660 kB
MemTotal:        1844596 kB
MemFree:          202380 kB
MemAvailable:    1476500 kB
Buffers:          101168 kB
Cached:          1192660 kB
MemTotal:        1844596 kB
MemFree:          203556 kB
MemAvailable:    1477676 kB
Buffers:          101168 kB
Cached:          1192660 kB
MemTotal:        1844596 kB
MemFree:          203488 kB
MemAvailable:    1477608 kB
Buffers:          101168 kB
Cached:          1192660 kB
MemTotal:        1844596 kB
MemFree:          203572 kB
MemAvailable:    1477692 kB
Buffers:          101168 kB
Cached:          1192660 kB
MemTotal:        1844596 kB
MemFree:          203480 kB
MemAvailable:    1477600 kB
Buffers:          101168 kB
Cached:          1192660 kB
MemTotal:        1844596 kB
MemFree:          203816 kB
MemAvailable:    1477936 kB
Buffers:          101168 kB
Cached:          1192660 kB
MemTotal:        1844596 kB
MemFree:          202312 kB
MemAvailable:    1476432 kB
Buffers:          101168 kB
Cached:          1192660 kB
MemTotal:        1844596 kB
MemFree:          202232 kB
MemAvailable:    1476352 kB
Buffers:          101168 kB
Cached:          1192660 kB
MemTotal:        1844596 kB
MemFree:          203644 kB
MemAvailable:    1477764 kB
Buffers:          101168 kB
Cached:          1192660 kB
MemTotal:        1844596 kB
MemFree:          203532 kB
MemAvailable:    1477652 kB
Buffers:          101168 kB
Cached:          1192660 kB
MemTotal:        1844596 kB
MemFree:          200596 kB
MemAvailable:    1474716 kB
Buffers:          101168 kB
Cached:          1192660 kB
MemTotal:        1844596 kB
MemFree:          196072 kB
MemAvailable:    1470192 kB
Buffers:          101168 kB
Cached:          1192660 kB
MemTotal:        1844596 kB
MemFree:          195948 kB
MemAvailable:    1470068 kB
Buffers:          101168 kB
Cached:          1192660 kB
MemTotal:        1844596 kB
MemFree:          192980 kB
MemAvailable:    1467100 kB
Buffers:          101168 kB
Cached:          1192660 kB
MemTotal:        1844596 kB
MemFree:          192868 kB
MemAvailable:    1466988 kB
Buffers:          101168 kB
Cached:          1192660 kB
MemTotal:        1844596 kB
MemFree:          192864 kB
MemAvailable:    1466984 kB
Buffers:          101168 kB
Cached:          1192660 kB
MemTotal:        1844596 kB
MemFree:          192900 kB
MemAvailable:    1467020 kB
Buffers:          101168 kB
Cached:          1192660 kB
MemTotal:        1844596 kB
MemFree:          192896 kB
MemAvailable:    1467016 kB
Buffers:          101168 kB
Cached:          1192660 kB
MemTotal:        1844596 kB
MemFree:          191588 kB
MemAvailable:    1465708 kB
Buffers:          101168 kB
Cached:          1192660 kB
MemTotal:        1844596 kB
MemFree:          192764 kB
MemAvailable:    1466884 kB
Buffers:          101168 kB
Cached:          1192660 kB
MemTotal:        1844596 kB
MemFree:          192912 kB
MemAvailable:    1467032 kB
Buffers:          101168 kB
Cached:          1192660 kB
MemTotal:        1844596 kB
MemFree:          192656 kB
MemAvailable:    1466776 kB
Buffers:          101168 kB
Cached:          1192660 kB
MemTotal:        1844596 kB
MemFree:          192884 kB
MemAvailable:    1467004 kB
Buffers:          101168 kB
Cached:          1192660 kB
MemTotal:        1844596 kB
MemFree:          192644 kB
MemAvailable:    1466764 kB
Buffers:          101168 kB
Cached:          1192660 kB
MemTotal:        1844596 kB
MemFree:          192820 kB
MemAvailable:    1466940 kB
Buffers:          101168 kB
Cached:          1192660 kB
MemTotal:        1844596 kB
MemFree:          192592 kB
MemAvailable:    1466712 kB
Buffers:          101168 kB
Cached:          1192660 kB
MemTotal:        1844596 kB
MemFree:          192760 kB
MemAvailable:    1466880 kB
Buffers:          101168 kB
Cached:          1192660 kB
MemTotal:        1844596 kB
MemFree:          192676 kB
MemAvailable:    1466796 kB
Buffers:          101168 kB
Cached:          1192660 kB
MemTotal:        1844596 kB
MemFree:          192856 kB
MemAvailable:    1466976 kB
Buffers:          101168 kB
Cached:          1192660 kB
MemTotal:        1844596 kB
MemFree:          192780 kB
MemAvailable:    1466900 kB
Buffers:          101168 kB
Cached:          1192660 kB
MemTotal:        1844596 kB
MemFree:          191716 kB
MemAvailable:    1465836 kB
Buffers:          101168 kB
Cached:          1192660 kB
MemTotal:        1844596 kB
MemFree:          191452 kB
MemAvailable:    1465572 kB
Buffers:          101168 kB
Cached:          1192660 kB
MemTotal:        1844596 kB
MemFree:          192560 kB
MemAvailable:    1466680 kB
Buffers:          101168 kB
Cached:          1192660 kB
MemTotal:        1844596 kB
MemFree:          192452 kB
MemAvailable:    1466572 kB
Buffers:          101168 kB
Cached:          1192660 kB
MemTotal:        1844596 kB
MemFree:          192820 kB
MemAvailable:    1466940 kB
Buffers:          101168 kB
Cached:          1192660 kB
MemTotal:        1844596 kB
MemFree:          192792 kB
MemAvailable:    1466912 kB
Buffers:          101168 kB
Cached:          1192660 kB
MemTotal:        1844596 kB
MemFree:          191568 kB
MemAvailable:    1465688 kB
Buffers:          101168 kB
Cached:          1192660 kB
MemTotal:        1844596 kB
MemFree:          192852 kB
MemAvailable:    1466972 kB
Buffers:          101168 kB
Cached:          1192660 kB
MemTotal:        1844596 kB
MemFree:          192112 kB
MemAvailable:    1466232 kB
Buffers:          101168 kB
Cached:          1192660 kB
MemTotal:        1844596 kB
MemFree:          193156 kB
MemAvailable:    1467280 kB
Buffers:          101168 kB
Cached:          1192664 kB
MemTotal:        1844596 kB
MemFree:          193164 kB
MemAvailable:    1467288 kB
Buffers:          101168 kB
Cached:          1192664 kB
MemTotal:        1844596 kB
MemFree:          192120 kB
MemAvailable:    1466244 kB
Buffers:          101168 kB
Cached:          1192664 kB
MemTotal:        1844596 kB
MemFree:          192724 kB
MemAvailable:    1466848 kB
Buffers:          101168 kB
Cached:          1192664 kB
MemTotal:        1844596 kB
MemFree:          192112 kB
MemAvailable:    1466236 kB
Buffers:          101168 kB
Cached:          1192664 kB
MemTotal:        1844596 kB
MemFree:          191564 kB
MemAvailable:    1465688 kB
Buffers:          101168 kB
Cached:          1192664 kB
MemTotal:        1844596 kB
MemFree:          192740 kB
MemAvailable:    1466864 kB
Buffers:          101168 kB
Cached:          1192664 kB
MemTotal:        1844596 kB
MemFree:          192864 kB
MemAvailable:    1466988 kB
Buffers:          101168 kB
Cached:          1192664 kB
MemTotal:        1844596 kB
MemFree:          192608 kB
MemAvailable:    1466732 kB
Buffers:          101168 kB
Cached:          1192664 kB
MemTotal:        1844596 kB
MemFree:          191544 kB
MemAvailable:    1465668 kB
Buffers:          101168 kB
Cached:          1192664 kB
MemTotal:        1844596 kB
MemFree:          191340 kB
MemAvailable:    1465464 kB
Buffers:          101168 kB
Cached:          1192664 kB
MemTotal:        1844596 kB
MemFree:          191328 kB
MemAvailable:    1465452 kB
Buffers:          101168 kB
Cached:          1192664 kB
MemTotal:        1844596 kB
MemFree:          191332 kB
MemAvailable:    1465456 kB
Buffers:          101168 kB
Cached:          1192664 kB
MemTotal:        1844596 kB
MemFree:          192784 kB
MemAvailable:    1466908 kB
Buffers:          101168 kB
Cached:          1192664 kB
MemTotal:        1844596 kB
MemFree:          192744 kB
MemAvailable:    1466868 kB
Buffers:          101168 kB
Cached:          1192664 kB
MemTotal:        1844596 kB
MemFree:          192684 kB
MemAvailable:    1466808 kB
Buffers:          101168 kB
Cached:          1192664 kB
MemTotal:        1844596 kB
MemFree:          192868 kB
MemAvailable:    1466992 kB
Buffers:          101168 kB
Cached:          1192664 kB
MemTotal:        1844596 kB
MemFree:          192780 kB
MemAvailable:    1466904 kB
Buffers:          101168 kB
Cached:          1192664 kB
MemTotal:        1844596 kB
MemFree:          192540 kB
MemAvailable:    1466664 kB
Buffers:          101168 kB
Cached:          1192664 kB
MemTotal:        1844596 kB
MemFree:          192876 kB
MemAvailable:    1467000 kB
Buffers:          101168 kB
Cached:          1192664 kB
MemTotal:        1844596 kB
MemFree:          192600 kB
MemAvailable:    1466724 kB
Buffers:          101168 kB
Cached:          1192664 kB
MemTotal:        1844596 kB
MemFree:          192400 kB
MemAvailable:    1466524 kB
Buffers:          101168 kB
Cached:          1192664 kB
MemTotal:        1844596 kB
MemFree:          192476 kB
MemAvailable:    1466600 kB
Buffers:          101168 kB
Cached:          1192664 kB
MemTotal:        1844596 kB
MemFree:          192344 kB
MemAvailable:    1466468 kB
Buffers:          101168 kB
Cached:          1192664 kB
MemTotal:        1844596 kB
MemFree:          191848 kB
MemAvailable:    1465972 kB
Buffers:          101168 kB
Cached:          1192664 kB
MemTotal:        1844596 kB
MemFree:          192184 kB
MemAvailable:    1466308 kB
Buffers:          101168 kB
Cached:          1192664 kB
MemTotal:        1844596 kB
MemFree:          191692 kB
MemAvailable:    1465816 kB
Buffers:          101168 kB
Cached:          1192664 kB
MemTotal:        1844596 kB
MemFree:          191692 kB
MemAvailable:    1465816 kB
Buffers:          101168 kB
Cached:          1192664 kB
MemTotal:        1844596 kB
MemFree:          191424 kB
MemAvailable:    1465548 kB
Buffers:          101168 kB
Cached:          1192664 kB
MemTotal:        1844596 kB
MemFree:          191424 kB
MemAvailable:    1465548 kB
Buffers:          101168 kB
Cached:          1192664 kB
MemTotal:        1844596 kB
MemFree:          191556 kB
MemAvailable:    1465680 kB
Buffers:          101168 kB
Cached:          1192664 kB
MemTotal:        1844596 kB
MemFree:          191724 kB
MemAvailable:    1465848 kB
Buffers:          101168 kB
Cached:          1192664 kB
MemTotal:        1844596 kB
MemFree:          191444 kB
MemAvailable:    1465568 kB
Buffers:          101168 kB
Cached:          1192664 kB
MemTotal:        1844596 kB
MemFree:          191624 kB
MemAvailable:    1465748 kB
Buffers:          101168 kB
Cached:          1192664 kB
MemTotal:        1844596 kB
MemFree:          191352 kB
MemAvailable:    1465484 kB
Buffers:          101168 kB
Cached:          1192672 kB
MemTotal:        1844596 kB
MemFree:          191492 kB
MemAvailable:    1465624 kB
Buffers:          101168 kB
Cached:          1192672 kB
MemTotal:        1844596 kB
MemFree:          191092 kB
MemAvailable:    1465224 kB
Buffers:          101168 kB
Cached:          1192672 kB
MemTotal:        1844596 kB
MemFree:          191092 kB
MemAvailable:    1465224 kB
Buffers:          101168 kB
Cached:          1192672 kB
MemTotal:        1844596 kB
MemFree:          191100 kB
MemAvailable:    1465232 kB
Buffers:          101168 kB
Cached:          1192672 kB
MemTotal:        1844596 kB
MemFree:          191436 kB
MemAvailable:    1465568 kB
Buffers:          101168 kB
Cached:          1192672 kB
MemTotal:        1844596 kB
MemFree:          190108 kB
MemAvailable:    1464240 kB
Buffers:          101168 kB
Cached:          1192672 kB
MemTotal:        1844596 kB
MemFree:          190960 kB
MemAvailable:    1465092 kB
Buffers:          101168 kB
Cached:          1192672 kB
MemTotal:        1844596 kB
MemFree:          191212 kB
MemAvailable:    1465344 kB
Buffers:          101168 kB
Cached:          1192672 kB
MemTotal:        1844596 kB
MemFree:          191144 kB
MemAvailable:    1465276 kB
Buffers:          101168 kB
Cached:          1192672 kB
MemTotal:        1844596 kB
MemFree:          190096 kB
MemAvailable:    1464228 kB
Buffers:          101168 kB
Cached:          1192672 kB
MemTotal:        1844596 kB
MemFree:          190896 kB
MemAvailable:    1465028 kB
Buffers:          101168 kB
Cached:          1192672 kB
MemTotal:        1844596 kB
MemFree:          190740 kB
MemAvailable:    1464872 kB
Buffers:          101168 kB
Cached:          1192672 kB
MemTotal:        1844596 kB
MemFree:          189872 kB
MemAvailable:    1464004 kB
Buffers:          101168 kB
Cached:          1192672 kB
MemTotal:        1844596 kB
MemFree:          191172 kB
MemAvailable:    1465304 kB
Buffers:          101168 kB
Cached:          1192672 kB
MemTotal:        1844596 kB
MemFree:          191000 kB
MemAvailable:    1465132 kB
Buffers:          101168 kB
Cached:          1192672 kB
MemTotal:        1844596 kB
MemFree:          189260 kB
MemAvailable:    1463392 kB
Buffers:          101168 kB
Cached:          1192672 kB
MemTotal:        1844596 kB
MemFree:          187400 kB
MemAvailable:    1461532 kB
Buffers:          101168 kB
Cached:          1192672 kB
MemTotal:        1844596 kB
MemFree:          183052 kB
MemAvailable:    1457184 kB
Buffers:          101168 kB
Cached:          1192672 kB
MemTotal:        1844596 kB
MemFree:          183052 kB
MemAvailable:    1457184 kB
Buffers:          101168 kB
Cached:          1192672 kB
MemTotal:        1844596 kB
MemFree:          180324 kB
MemAvailable:    1454456 kB
Buffers:          101168 kB
Cached:          1192672 kB
MemTotal:        1844596 kB
MemFree:          180324 kB
MemAvailable:    1454456 kB
Buffers:          101168 kB
Cached:          1192672 kB
MemTotal:        1844596 kB
MemFree:          179920 kB
MemAvailable:    1454052 kB
Buffers:          101168 kB
Cached:          1192672 kB
MemTotal:        1844596 kB
MemFree:          179580 kB
MemAvailable:    1453712 kB
Buffers:          101168 kB
Cached:          1192672 kB
MemTotal:        1844596 kB
MemFree:          179580 kB
MemAvailable:    1453712 kB
Buffers:          101168 kB
Cached:          1192672 kB
MemTotal:        1844596 kB
MemFree:          179192 kB
MemAvailable:    1453324 kB
Buffers:          101168 kB
Cached:          1192672 kB
MemTotal:        1844596 kB
MemFree:          179192 kB
MemAvailable:    1453324 kB
Buffers:          101168 kB
Cached:          1192672 kB
MemTotal:        1844596 kB
MemFree:          178912 kB
MemAvailable:    1453044 kB
Buffers:          101168 kB
Cached:          1192672 kB
MemTotal:        1844596 kB
MemFree:          178160 kB
MemAvailable:    1452292 kB
Buffers:          101168 kB
Cached:          1192672 kB
MemTotal:        1844596 kB
MemFree:          177788 kB
MemAvailable:    1451920 kB
Buffers:          101168 kB
Cached:          1192672 kB
MemTotal:        1844596 kB
MemFree:          176596 kB
MemAvailable:    1450728 kB
Buffers:          101168 kB
Cached:          1192672 kB
MemTotal:        1844596 kB
MemFree:          175992 kB
MemAvailable:    1450124 kB
Buffers:          101168 kB
Cached:          1192672 kB
MemTotal:        1844596 kB
MemFree:          175852 kB
MemAvailable:    1449984 kB
Buffers:          101168 kB
Cached:          1192672 kB
MemTotal:        1844596 kB
MemFree:          176188 kB
MemAvailable:    1450320 kB
Buffers:          101168 kB
Cached:          1192672 kB
MemTotal:        1844596 kB
MemFree:          175976 kB
MemAvailable:    1450108 kB
Buffers:          101168 kB
Cached:          1192672 kB
MemTotal:        1844596 kB
MemFree:          176116 kB
MemAvailable:    1450248 kB
Buffers:          101168 kB
Cached:          1192672 kB
MemTotal:        1844596 kB
MemFree:          175972 kB
MemAvailable:    1450104 kB
Buffers:          101168 kB
Cached:          1192672 kB
MemTotal:        1844596 kB
MemFree:          176000 kB
MemAvailable:    1450132 kB
Buffers:          101168 kB
Cached:          1192672 kB
MemTotal:        1844596 kB
MemFree:          175812 kB
MemAvailable:    1449944 kB
Buffers:          101168 kB
Cached:          1192672 kB
MemTotal:        1844596 kB
MemFree:          176148 kB
MemAvailable:    1450280 kB
Buffers:          101168 kB
Cached:          1192672 kB
MemTotal:        1844596 kB
MemFree:          174572 kB
MemAvailable:    1448704 kB
Buffers:          101168 kB
Cached:          1192672 kB
MemTotal:        1844596 kB
MemFree:          174820 kB
MemAvailable:    1448952 kB
Buffers:          101168 kB
Cached:          1192672 kB
MemTotal:        1844596 kB
MemFree:          175872 kB
MemAvailable:    1450004 kB
Buffers:          101168 kB
Cached:          1192672 kB
MemTotal:        1844596 kB
MemFree:          176164 kB
MemAvailable:    1450296 kB
Buffers:          101168 kB
Cached:          1192672 kB
MemTotal:        1844596 kB
MemFree:          175888 kB
MemAvailable:    1450020 kB
Buffers:          101168 kB
Cached:          1192672 kB
MemTotal:        1844596 kB
MemFree:          175356 kB
MemAvailable:    1449488 kB
Buffers:          101168 kB
Cached:          1192672 kB
MemTotal:        1844596 kB
MemFree:          174944 kB
MemAvailable:    1449076 kB
Buffers:          101168 kB
Cached:          1192672 kB
MemTotal:        1844596 kB
MemFree:          174628 kB
MemAvailable:    1448764 kB
Buffers:          101168 kB
Cached:          1192676 kB
MemTotal:        1844596 kB
MemFree:          174232 kB
MemAvailable:    1448368 kB
Buffers:          101168 kB
Cached:          1192676 kB
MemTotal:        1844596 kB
MemFree:          174232 kB
MemAvailable:    1448368 kB
Buffers:          101168 kB
Cached:          1192676 kB
MemTotal:        1844596 kB
MemFree:          173804 kB
MemAvailable:    1447940 kB
Buffers:          101168 kB
Cached:          1192676 kB
MemTotal:        1844596 kB
MemFree:          173888 kB
MemAvailable:    1448024 kB
Buffers:          101168 kB
Cached:          1192676 kB
MemTotal:        1844596 kB
MemFree:          173504 kB
MemAvailable:    1447640 kB
Buffers:          101168 kB
Cached:          1192676 kB
MemTotal:        1844596 kB
MemFree:          173432 kB
MemAvailable:    1447568 kB
Buffers:          101168 kB
Cached:          1192676 kB
MemTotal:        1844596 kB
MemFree:          173200 kB
MemAvailable:    1447336 kB
Buffers:          101168 kB
Cached:          1192676 kB
MemTotal:        1844596 kB
MemFree:          172688 kB
MemAvailable:    1446824 kB
Buffers:          101168 kB
Cached:          1192676 kB
MemTotal:        1844596 kB
MemFree:          172456 kB
MemAvailable:    1446592 kB
Buffers:          101168 kB
Cached:          1192676 kB
MemTotal:        1844596 kB
MemFree:          172520 kB
MemAvailable:    1446656 kB
Buffers:          101168 kB
Cached:          1192676 kB
MemTotal:        1844596 kB
MemFree:          172564 kB
MemAvailable:    1446700 kB
Buffers:          101168 kB
Cached:          1192676 kB
MemTotal:        1844596 kB
MemFree:          172440 kB
MemAvailable:    1446576 kB
Buffers:          101168 kB
Cached:          1192676 kB
MemTotal:        1844596 kB
MemFree:          171024 kB
MemAvailable:    1445160 kB
Buffers:          101168 kB
Cached:          1192676 kB
MemTotal:        1844596 kB
MemFree:          171148 kB
MemAvailable:    1445284 kB
Buffers:          101168 kB
Cached:          1192676 kB
MemTotal:        1844596 kB
MemFree:          171272 kB
MemAvailable:    1445408 kB
Buffers:          101168 kB
Cached:          1192676 kB
MemTotal:        1844596 kB
MemFree:          172324 kB
MemAvailable:    1446460 kB
Buffers:          101168 kB
Cached:          1192676 kB
MemTotal:        1844596 kB
MemFree:          172200 kB
MemAvailable:    1446336 kB
Buffers:          101168 kB
Cached:          1192676 kB
MemTotal:        1844596 kB
MemFree:          170256 kB
MemAvailable:    1444392 kB
Buffers:          101168 kB
Cached:          1192676 kB
MemTotal:        1844596 kB
MemFree:          172132 kB
MemAvailable:    1446268 kB
Buffers:          101168 kB
Cached:          1192676 kB
MemTotal:        1844596 kB
MemFree:          171696 kB
MemAvailable:    1445832 kB
Buffers:          101168 kB
Cached:          1192676 kB
MemTotal:        1844596 kB
MemFree:          171864 kB
MemAvailable:    1446000 kB
Buffers:          101168 kB
Cached:          1192676 kB
MemTotal:        1844596 kB
MemFree:          171688 kB
MemAvailable:    1445824 kB
Buffers:          101168 kB
Cached:          1192676 kB
MemTotal:        1844596 kB
MemFree:          171856 kB
MemAvailable:    1445992 kB
Buffers:          101168 kB
Cached:          1192676 kB
MemTotal:        1844596 kB
MemFree:          171636 kB
MemAvailable:    1445772 kB
Buffers:          101168 kB
Cached:          1192676 kB
MemTotal:        1844596 kB
MemFree:          171576 kB
MemAvailable:    1445712 kB
Buffers:          101168 kB
Cached:          1192676 kB
MemTotal:        1844596 kB
MemFree:          171576 kB
MemAvailable:    1445712 kB
Buffers:          101168 kB
Cached:          1192676 kB
MemTotal:        1844596 kB
MemFree:          171576 kB
MemAvailable:    1445712 kB
Buffers:          101168 kB
Cached:          1192676 kB
MemTotal:        1844596 kB
MemFree:          171576 kB
MemAvailable:    1445712 kB
Buffers:          101168 kB
Cached:          1192676 kB
MemTotal:        1844596 kB
MemFree:          170124 kB
MemAvailable:    1444260 kB
Buffers:          101168 kB
Cached:          1192676 kB
MemTotal:        1844596 kB
MemFree:          170380 kB
MemAvailable:    1444516 kB
Buffers:          101172 kB
Cached:          1192672 kB
MemTotal:        1844596 kB
MemFree:          171472 kB
MemAvailable:    1445608 kB
Buffers:          101172 kB
Cached:          1192672 kB
MemTotal:        1844596 kB
MemFree:          170728 kB
MemAvailable:    1444864 kB
Buffers:          101172 kB
Cached:          1192672 kB
MemTotal:        1844596 kB
MemFree:          171504 kB
MemAvailable:    1445640 kB
Buffers:          101172 kB
Cached:          1192672 kB
MemTotal:        1844596 kB
MemFree:          171644 kB
MemAvailable:    1445780 kB
Buffers:          101172 kB
Cached:          1192672 kB
MemTotal:        1844596 kB
MemFree:          170400 kB
MemAvailable:    1444536 kB
Buffers:          101172 kB
Cached:          1192672 kB
MemTotal:        1844596 kB
MemFree:          171464 kB
MemAvailable:    1445604 kB
Buffers:          101172 kB
Cached:          1192676 kB
MemTotal:        1844596 kB
MemFree:          171636 kB
MemAvailable:    1445776 kB
Buffers:          101172 kB
Cached:          1192676 kB
MemTotal:        1844596 kB
MemFree:          171512 kB
MemAvailable:    1445660 kB
Buffers:          101172 kB
Cached:          1192684 kB
MemTotal:        1844596 kB
MemFree:          170396 kB
MemAvailable:    1444544 kB
Buffers:          101172 kB
Cached:          1192684 kB
MemTotal:        1844596 kB
MemFree:          170396 kB
MemAvailable:    1444544 kB
Buffers:          101172 kB
Cached:          1192684 kB
MemTotal:        1844596 kB
MemFree:          170396 kB
MemAvailable:    1444544 kB
Buffers:          101172 kB
Cached:          1192684 kB
MemTotal:        1844596 kB
MemFree:          170268 kB
MemAvailable:    1444416 kB
Buffers:          101172 kB
Cached:          1192684 kB
MemTotal:        1844596 kB
MemFree:          170148 kB
MemAvailable:    1444296 kB
Buffers:          101172 kB
Cached:          1192684 kB
MemTotal:        1844596 kB
MemFree:          169404 kB
MemAvailable:    1443552 kB
Buffers:          101172 kB
Cached:          1192684 kB
MemTotal:        1844596 kB
MemFree:          169280 kB
MemAvailable:    1443428 kB
Buffers:          101172 kB
Cached:          1192684 kB
MemTotal:        1844596 kB
MemFree:          167552 kB
MemAvailable:    1441700 kB
Buffers:          101172 kB
Cached:          1192684 kB
MemTotal:        1844596 kB
MemFree:          165824 kB
MemAvailable:    1439972 kB
Buffers:          101172 kB
Cached:          1192684 kB
MemTotal:        1844596 kB
MemFree:          163708 kB
MemAvailable:    1437856 kB
Buffers:          101172 kB
Cached:          1192684 kB
MemTotal:        1844596 kB
MemFree:          160236 kB
MemAvailable:    1434384 kB
Buffers:          101172 kB
Cached:          1192684 kB
MemTotal:        1844596 kB
MemFree:          157384 kB
MemAvailable:    1431532 kB
Buffers:          101172 kB
Cached:          1192684 kB
MemTotal:        1844596 kB
MemFree:          154452 kB
MemAvailable:    1428600 kB
Buffers:          101172 kB
Cached:          1192684 kB
MemTotal:        1844596 kB
MemFree:          153152 kB
MemAvailable:    1427300 kB
Buffers:          101172 kB
Cached:          1192684 kB
MemTotal:        1844596 kB
MemFree:          153152 kB
MemAvailable:    1427300 kB
Buffers:          101172 kB
Cached:          1192684 kB
MemTotal:        1844596 kB
MemFree:          151876 kB
MemAvailable:    1426024 kB
Buffers:          101172 kB
Cached:          1192684 kB
MemTotal:        1844596 kB
MemFree:          152300 kB
MemAvailable:    1426448 kB
Buffers:          101172 kB
Cached:          1192684 kB
MemTotal:        1844596 kB
MemFree:          153152 kB
MemAvailable:    1427300 kB
Buffers:          101172 kB
Cached:          1192684 kB
MemTotal:        1844596 kB
MemFree:          153488 kB
MemAvailable:    1427636 kB
Buffers:          101172 kB
Cached:          1192684 kB
MemTotal:        1844596 kB
MemFree:          153044 kB
MemAvailable:    1427192 kB
Buffers:          101172 kB
Cached:          1192684 kB
MemTotal:        1844596 kB
MemFree:          152972 kB
MemAvailable:    1427120 kB
Buffers:          101172 kB
Cached:          1192684 kB
MemTotal:        1844596 kB
MemFree:          152932 kB
MemAvailable:    1427080 kB
Buffers:          101172 kB
Cached:          1192684 kB
MemTotal:        1844596 kB
MemFree:          152992 kB
MemAvailable:    1427140 kB
Buffers:          101172 kB
Cached:          1192684 kB
MemTotal:        1844596 kB
MemFree:          152736 kB
MemAvailable:    1426884 kB
Buffers:          101172 kB
Cached:          1192684 kB
MemTotal:        1844596 kB
MemFree:          152984 kB
MemAvailable:    1427132 kB
Buffers:          101172 kB
Cached:          1192684 kB
MemTotal:        1844596 kB
MemFree:          152532 kB
MemAvailable:    1426680 kB
Buffers:          101172 kB
Cached:          1192684 kB
MemTotal:        1844596 kB
MemFree:          152672 kB
MemAvailable:    1426820 kB
Buffers:          101172 kB
Cached:          1192684 kB
MemTotal:        1844596 kB
MemFree:          152052 kB
MemAvailable:    1426200 kB
Buffers:          101172 kB
Cached:          1192684 kB
MemTotal:        1844596 kB
MemFree:          152064 kB
MemAvailable:    1426212 kB
Buffers:          101172 kB
Cached:          1192684 kB
MemTotal:        1844596 kB
MemFree:          150800 kB
MemAvailable:    1424948 kB
Buffers:          101172 kB
Cached:          1192684 kB
MemTotal:        1844596 kB
MemFree:          150924 kB
MemAvailable:    1425072 kB
Buffers:          101172 kB
Cached:          1192684 kB
MemTotal:        1844596 kB
MemFree:          151984 kB
MemAvailable:    1426132 kB
Buffers:          101172 kB
Cached:          1192684 kB
MemTotal:        1844596 kB
MemFree:          152068 kB
MemAvailable:    1426216 kB
Buffers:          101172 kB
Cached:          1192684 kB
MemTotal:        1844596 kB
MemFree:          152196 kB
MemAvailable:    1426344 kB
Buffers:          101172 kB
Cached:          1192684 kB
MemTotal:        1844596 kB
MemFree:          152236 kB
MemAvailable:    1426384 kB
Buffers:          101172 kB
Cached:          1192684 kB
MemTotal:        1844596 kB
MemFree:          151980 kB
MemAvailable:    1426128 kB
Buffers:          101172 kB
Cached:          1192684 kB
MemTotal:        1844596 kB
MemFree:          151316 kB
MemAvailable:    1425464 kB
Buffers:          101172 kB
Cached:          1192684 kB
MemTotal:        1844596 kB
MemFree:          151920 kB
MemAvailable:    1426068 kB
Buffers:          101172 kB
Cached:          1192684 kB
MemTotal:        1844596 kB
MemFree:          152004 kB
MemAvailable:    1426152 kB
Buffers:          101172 kB
Cached:          1192684 kB
MemTotal:        1844596 kB
MemFree:          152004 kB
MemAvailable:    1426152 kB
Buffers:          101172 kB
Cached:          1192684 kB
MemTotal:        1844596 kB
MemFree:          150884 kB
MemAvailable:    1425032 kB
Buffers:          101172 kB
Cached:          1192684 kB
MemTotal:        1844596 kB
MemFree:          150760 kB
MemAvailable:    1424908 kB
Buffers:          101172 kB
Cached:          1192684 kB
MemTotal:        1844596 kB
MemFree:          152060 kB
MemAvailable:    1426208 kB
Buffers:          101172 kB
Cached:          1192684 kB
MemTotal:        1844596 kB
MemFree:          152036 kB
MemAvailable:    1426184 kB
Buffers:          101172 kB
Cached:          1192684 kB
MemTotal:        1844596 kB
MemFree:          151988 kB
MemAvailable:    1426136 kB
Buffers:          101172 kB
Cached:          1192684 kB
MemTotal:        1844596 kB
MemFree:          152240 kB
MemAvailable:    1426388 kB
Buffers:          101172 kB
Cached:          1192684 kB
MemTotal:        1844596 kB
MemFree:          151176 kB
MemAvailable:    1425324 kB
Buffers:          101172 kB
Cached:          1192684 kB
MemTotal:        1844596 kB
MemFree:          151176 kB
MemAvailable:    1425324 kB
Buffers:          101172 kB
Cached:          1192684 kB
MemTotal:        1844596 kB
MemFree:          145852 kB
MemAvailable:    1420000 kB
Buffers:          101172 kB
Cached:          1192684 kB
MemTotal:        1844596 kB
MemFree:          145480 kB
MemAvailable:    1419628 kB
Buffers:          101172 kB
Cached:          1192684 kB
MemTotal:        1844596 kB
MemFree:          140644 kB
MemAvailable:    1414792 kB
Buffers:          101172 kB
Cached:          1192684 kB
MemTotal:        1844596 kB
MemFree:          137040 kB
MemAvailable:    1411188 kB
Buffers:          101172 kB
Cached:          1192684 kB
MemTotal:        1844596 kB
MemFree:          137128 kB
MemAvailable:    1411276 kB
Buffers:          101172 kB
Cached:          1192684 kB
MemTotal:        1844596 kB
MemFree:          134008 kB
MemAvailable:    1408156 kB
Buffers:          101172 kB
Cached:          1192684 kB
MemTotal:        1844596 kB
MemFree:          133836 kB
MemAvailable:    1407984 kB
Buffers:          101172 kB
Cached:          1192684 kB
MemTotal:        1844596 kB
MemFree:          133548 kB
MemAvailable:    1407696 kB
Buffers:          101172 kB
Cached:          1192684 kB
MemTotal:        1844596 kB
MemFree:          133716 kB
MemAvailable:    1407864 kB
Buffers:          101172 kB
Cached:          1192684 kB
MemTotal:        1844596 kB
MemFree:          133864 kB
MemAvailable:    1408012 kB
Buffers:          101172 kB
Cached:          1192684 kB
MemTotal:        1844596 kB
MemFree:          133672 kB
MemAvailable:    1407820 kB
Buffers:          101172 kB
Cached:          1192684 kB
MemTotal:        1844596 kB
MemFree:          132516 kB
MemAvailable:    1406664 kB
Buffers:          101172 kB
Cached:          1192684 kB
MemTotal:        1844596 kB
MemFree:          133748 kB
MemAvailable:    1407896 kB
Buffers:          101172 kB
Cached:          1192684 kB
MemTotal:        1844596 kB
MemFree:          132376 kB
MemAvailable:    1406524 kB
Buffers:          101172 kB
Cached:          1192684 kB
MemTotal:        1844596 kB
MemFree:          134000 kB
MemAvailable:    1408148 kB
Buffers:          101172 kB
Cached:          1192684 kB
MemTotal:        1844596 kB
MemFree:          133648 kB
MemAvailable:    1407796 kB
Buffers:          101172 kB
Cached:          1192684 kB
MemTotal:        1844596 kB
MemFree:          133900 kB
MemAvailable:    1408048 kB
Buffers:          101172 kB
Cached:          1192684 kB
MemTotal:        1844596 kB
MemFree:          132572 kB
MemAvailable:    1406720 kB
Buffers:          101172 kB
Cached:          1192684 kB
MemTotal:        1844596 kB
MemFree:          133672 kB
MemAvailable:    1407820 kB
Buffers:          101172 kB
Cached:          1192684 kB
MemTotal:        1844596 kB
MemFree:          133756 kB
MemAvailable:    1407904 kB
Buffers:          101172 kB
Cached:          1192684 kB
MemTotal:        1844596 kB
MemFree:          132396 kB
MemAvailable:    1406544 kB
Buffers:          101172 kB
Cached:          1192684 kB
MemTotal:        1844596 kB
MemFree:          133820 kB
MemAvailable:    1407968 kB
Buffers:          101172 kB
Cached:          1192684 kB
MemTotal:        1844596 kB
MemFree:          133684 kB
MemAvailable:    1407832 kB
Buffers:          101172 kB
Cached:          1192684 kB
MemTotal:        1844596 kB
MemFree:          133824 kB
MemAvailable:    1407972 kB
Buffers:          101172 kB
Cached:          1192684 kB
MemTotal:        1844596 kB
MemFree:          133504 kB
MemAvailable:    1407652 kB
Buffers:          101172 kB
Cached:          1192684 kB
MemTotal:        1844596 kB
MemFree:          133840 kB
MemAvailable:    1407988 kB
Buffers:          101172 kB
Cached:          1192684 kB
MemTotal:        1844596 kB
MemFree:          132440 kB
MemAvailable:    1406588 kB
Buffers:          101172 kB
Cached:          1192684 kB
MemTotal:        1844596 kB
MemFree:          133560 kB
MemAvailable:    1407712 kB
Buffers:          101172 kB
Cached:          1192688 kB
MemTotal:        1844596 kB
MemFree:          133164 kB
MemAvailable:    1407316 kB
Buffers:          101172 kB
Cached:          1192688 kB
MemTotal:        1844596 kB
MemFree:          133684 kB
MemAvailable:    1407840 kB
Buffers:          101172 kB
Cached:          1192692 kB
MemTotal:        1844596 kB
MemFree:          133684 kB
MemAvailable:    1407840 kB
Buffers:          101172 kB
Cached:          1192692 kB
MemTotal:        1844596 kB
MemFree:          133612 kB
MemAvailable:    1407768 kB
Buffers:          101172 kB
Cached:          1192692 kB
MemTotal:        1844596 kB
MemFree:          133612 kB
MemAvailable:    1407768 kB
Buffers:          101172 kB
Cached:          1192692 kB
MemTotal:        1844596 kB
MemFree:          133568 kB
MemAvailable:    1407724 kB
Buffers:          101172 kB
Cached:          1192692 kB
MemTotal:        1844596 kB
MemFree:          133568 kB
MemAvailable:    1407724 kB
Buffers:          101172 kB
Cached:          1192692 kB
MemTotal:        1844596 kB
MemFree:          133836 kB
MemAvailable:    1407992 kB
Buffers:          101172 kB
Cached:          1192692 kB
MemTotal:        1844596 kB
MemFree:          133740 kB
MemAvailable:    1407896 kB
Buffers:          101172 kB
Cached:          1192692 kB
MemTotal:        1844596 kB
MemFree:          133700 kB
MemAvailable:    1407856 kB
Buffers:          101172 kB
Cached:          1192692 kB
MemTotal:        1844596 kB
MemFree:          133820 kB
MemAvailable:    1407976 kB
Buffers:          101172 kB
Cached:          1192692 kB
MemTotal:        1844596 kB
MemFree:          133816 kB
MemAvailable:    1407972 kB
Buffers:          101172 kB
Cached:          1192692 kB
MemTotal:        1844596 kB
MemFree:          131816 kB
MemAvailable:    1405972 kB
Buffers:          101172 kB
Cached:          1192692 kB
MemTotal:        1844596 kB
MemFree:          131900 kB
MemAvailable:    1406056 kB
Buffers:          101172 kB
Cached:          1192692 kB
MemTotal:        1844596 kB
MemFree:          125004 kB
MemAvailable:    1399160 kB
Buffers:          101172 kB
Cached:          1192692 kB
MemTotal:        1844596 kB
MemFree:          122168 kB
MemAvailable:    1396324 kB
Buffers:          101172 kB
Cached:          1192692 kB
MemTotal:        1844596 kB
MemFree:          117448 kB
MemAvailable:    1391604 kB
Buffers:          101172 kB
Cached:          1192692 kB
MemTotal:        1844596 kB
MemFree:          117340 kB
MemAvailable:    1391496 kB
Buffers:          101172 kB
Cached:          1192692 kB
MemTotal:        1844596 kB
MemFree:          116448 kB
MemAvailable:    1390604 kB
Buffers:          101172 kB
Cached:          1192692 kB
MemTotal:        1844596 kB
MemFree:          116340 kB
MemAvailable:    1390496 kB
Buffers:          101172 kB
Cached:          1192692 kB
MemTotal:        1844596 kB
MemFree:          116144 kB
MemAvailable:    1390300 kB
Buffers:          101172 kB
Cached:          1192692 kB
MemTotal:        1844596 kB
MemFree:          116480 kB
MemAvailable:    1390636 kB
Buffers:          101172 kB
Cached:          1192692 kB
MemTotal:        1844596 kB
MemFree:          115596 kB
MemAvailable:    1389752 kB
Buffers:          101172 kB
Cached:          1192692 kB
MemTotal:        1844596 kB
MemFree:          115400 kB
MemAvailable:    1389556 kB
Buffers:          101172 kB
Cached:          1192692 kB
MemTotal:        1844596 kB
MemFree:          115332 kB
MemAvailable:    1389488 kB
Buffers:          101172 kB
Cached:          1192692 kB
MemTotal:        1844596 kB
MemFree:          115416 kB
MemAvailable:    1389572 kB
Buffers:          101172 kB
Cached:          1192692 kB
MemTotal:        1844596 kB
MemFree:          115332 kB
MemAvailable:    1389488 kB
Buffers:          101172 kB
Cached:          1192692 kB
MemTotal:        1844596 kB
MemFree:          115332 kB
MemAvailable:    1389488 kB
Buffers:          101172 kB
Cached:          1192692 kB
MemTotal:        1844596 kB
MemFree:          115160 kB
MemAvailable:    1389316 kB
Buffers:          101172 kB
Cached:          1192692 kB
MemTotal:        1844596 kB
MemFree:          115160 kB
MemAvailable:    1389316 kB
Buffers:          101172 kB
Cached:          1192692 kB
MemTotal:        1844596 kB
MemFree:          115068 kB
MemAvailable:    1389224 kB
Buffers:          101172 kB
Cached:          1192692 kB
MemTotal:        1844596 kB
MemFree:          115068 kB
MemAvailable:    1389224 kB
Buffers:          101172 kB
Cached:          1192692 kB
MemTotal:        1844596 kB
MemFree:          114728 kB
MemAvailable:    1388884 kB
Buffers:          101172 kB
Cached:          1192692 kB
MemTotal:        1844596 kB
MemFree:          114532 kB
MemAvailable:    1388688 kB
Buffers:          101172 kB
Cached:          1192692 kB
MemTotal:        1844596 kB
MemFree:          114400 kB
MemAvailable:    1388556 kB
Buffers:          101172 kB
Cached:          1192692 kB
MemTotal:        1844596 kB
MemFree:          113796 kB
MemAvailable:    1387952 kB
Buffers:          101172 kB
Cached:          1192692 kB
MemTotal:        1844596 kB
MemFree:          113384 kB
MemAvailable:    1387540 kB
Buffers:          101172 kB
Cached:          1192692 kB
MemTotal:        1844596 kB
MemFree:          112928 kB
MemAvailable:    1387084 kB
Buffers:          101172 kB
Cached:          1192692 kB
MemTotal:        1844596 kB
MemFree:          112364 kB
MemAvailable:    1386520 kB
Buffers:          101172 kB
Cached:          1192692 kB
MemTotal:        1844596 kB
MemFree:          111588 kB
MemAvailable:    1385744 kB
Buffers:          101172 kB
Cached:          1192692 kB
MemTotal:        1844596 kB
MemFree:          110760 kB
MemAvailable:    1384916 kB
Buffers:          101172 kB
Cached:          1192692 kB
MemTotal:        1844596 kB
MemFree:          110504 kB
MemAvailable:    1384660 kB
Buffers:          101172 kB
Cached:          1192692 kB
MemTotal:        1844596 kB
MemFree:          110572 kB
MemAvailable:    1384728 kB
Buffers:          101172 kB
Cached:          1192692 kB
MemTotal:        1844596 kB
MemFree:          109404 kB
MemAvailable:    1383560 kB
Buffers:          101172 kB
Cached:          1192692 kB
MemTotal:        1844596 kB
MemFree:          109820 kB
MemAvailable:    1383976 kB
Buffers:          101172 kB
Cached:          1192692 kB
MemTotal:        1844596 kB
MemFree:          109696 kB
MemAvailable:    1383852 kB
Buffers:          101172 kB
Cached:          1192692 kB
MemTotal:        1844596 kB
MemFree:          109464 kB
MemAvailable:    1383620 kB
Buffers:          101172 kB
Cached:          1192692 kB
MemTotal:        1844596 kB
MemFree:          109320 kB
MemAvailable:    1383476 kB
Buffers:          101172 kB
Cached:          1192692 kB
MemTotal:        1844596 kB
MemFree:          109320 kB
MemAvailable:    1383476 kB
Buffers:          101172 kB
Cached:          1192692 kB
MemTotal:        1844596 kB
MemFree:          109592 kB
MemAvailable:    1383748 kB
Buffers:          101172 kB
Cached:          1192692 kB
MemTotal:        1844596 kB
MemFree:          109312 kB
MemAvailable:    1383468 kB
Buffers:          101172 kB
Cached:          1192692 kB
MemTotal:        1844596 kB
MemFree:          109436 kB
MemAvailable:    1383592 kB
Buffers:          101172 kB
Cached:          1192692 kB
MemTotal:        1844596 kB
MemFree:          107784 kB
MemAvailable:    1381940 kB
Buffers:          101172 kB
Cached:          1192692 kB
MemTotal:        1844596 kB
MemFree:          108340 kB
MemAvailable:    1382496 kB
Buffers:          101172 kB
Cached:          1192692 kB
MemTotal:        1844596 kB
MemFree:          107892 kB
MemAvailable:    1382048 kB
Buffers:          101172 kB
Cached:          1192692 kB
MemTotal:        1844596 kB
MemFree:          107976 kB
MemAvailable:    1382132 kB
Buffers:          101172 kB
Cached:          1192692 kB
MemTotal:        1844596 kB
MemFree:          107632 kB
MemAvailable:    1381788 kB
Buffers:          101172 kB
Cached:          1192692 kB
MemTotal:        1844596 kB
MemFree:          106740 kB
MemAvailable:    1380896 kB
Buffers:          101172 kB
Cached:          1192692 kB
MemTotal:        1844596 kB
MemFree:          106648 kB
MemAvailable:    1380804 kB
Buffers:          101172 kB
Cached:          1192692 kB
MemTotal:        1844596 kB
MemFree:          106476 kB
MemAvailable:    1380632 kB
Buffers:          101172 kB
Cached:          1192692 kB
MemTotal:        1844596 kB
MemFree:          106600 kB
MemAvailable:    1380756 kB
Buffers:          101172 kB
Cached:          1192692 kB
MemTotal:        1844596 kB
MemFree:          106992 kB
MemAvailable:    1381148 kB
Buffers:          101172 kB
Cached:          1192692 kB
MemTotal:        1844596 kB
MemFree:          107820 kB
MemAvailable:    1381976 kB
Buffers:          101172 kB
Cached:          1192692 kB
MemTotal:        1844596 kB
MemFree:          107844 kB
MemAvailable:    1382000 kB
Buffers:          101172 kB
Cached:          1192692 kB
MemTotal:        1844596 kB
MemFree:          106496 kB
MemAvailable:    1380652 kB
Buffers:          101172 kB
Cached:          1192692 kB
MemTotal:        1844596 kB
MemFree:          106620 kB
MemAvailable:    1380776 kB
Buffers:          101172 kB
Cached:          1192692 kB
MemTotal:        1844596 kB
MemFree:          107604 kB
MemAvailable:    1381760 kB
Buffers:          101172 kB
Cached:          1192692 kB
MemTotal:        1844596 kB
MemFree:          107940 kB
MemAvailable:    1382096 kB
Buffers:          101172 kB
Cached:          1192692 kB
MemTotal:        1844596 kB
MemFree:          107724 kB
MemAvailable:    1381880 kB
Buffers:          101172 kB
Cached:          1192692 kB
MemTotal:        1844596 kB
MemFree:          107976 kB
MemAvailable:    1382132 kB
Buffers:          101172 kB
Cached:          1192692 kB
MemTotal:        1844596 kB
MemFree:          107768 kB
MemAvailable:    1381924 kB
Buffers:          101172 kB
Cached:          1192692 kB
MemTotal:        1844596 kB
MemFree:          107960 kB
MemAvailable:    1382116 kB
Buffers:          101172 kB
Cached:          1192692 kB
MemTotal:        1844596 kB
MemFree:          107652 kB
MemAvailable:    1381808 kB
Buffers:          101172 kB
Cached:          1192692 kB
MemTotal:        1844596 kB
MemFree:          107796 kB
MemAvailable:    1381952 kB
Buffers:          101172 kB
Cached:          1192692 kB
MemTotal:        1844596 kB
MemFree:          107916 kB
MemAvailable:    1382072 kB
Buffers:          101172 kB
Cached:          1192692 kB
MemTotal:        1844596 kB
MemFree:          107828 kB
MemAvailable:    1381984 kB
Buffers:          101172 kB
Cached:          1192692 kB
MemTotal:        1844596 kB
MemFree:          107628 kB
MemAvailable:    1381784 kB
Buffers:          101172 kB
Cached:          1192692 kB
MemTotal:        1844596 kB
MemFree:          106388 kB
MemAvailable:    1380544 kB
Buffers:          101172 kB
Cached:          1192692 kB
MemTotal:        1844596 kB
MemFree:          106520 kB
MemAvailable:    1380676 kB
Buffers:          101172 kB
Cached:          1192692 kB
MemTotal:        1844596 kB
MemFree:          106644 kB
MemAvailable:    1380800 kB
Buffers:          101172 kB
Cached:          1192692 kB
MemTotal:        1844596 kB
MemFree:          106644 kB
MemAvailable:    1380800 kB
Buffers:          101172 kB
Cached:          1192692 kB
MemTotal:        1844596 kB
MemFree:          106644 kB
MemAvailable:    1380800 kB
Buffers:          101172 kB
Cached:          1192692 kB
MemTotal:        1844596 kB
MemFree:          106644 kB
MemAvailable:    1380800 kB
Buffers:          101172 kB
Cached:          1192692 kB
MemTotal:        1844596 kB
MemFree:          107728 kB
MemAvailable:    1381896 kB
Buffers:          101172 kB
Cached:          1192704 kB
MemTotal:        1844596 kB
MemFree:          107984 kB
MemAvailable:    1382152 kB
Buffers:          101172 kB
Cached:          1192704 kB
MemTotal:        1844596 kB
MemFree:          107644 kB
MemAvailable:    1381812 kB
Buffers:          101172 kB
Cached:          1192704 kB
MemTotal:        1844596 kB
MemFree:          107752 kB
MemAvailable:    1381920 kB
Buffers:          101172 kB
Cached:          1192704 kB
MemTotal:        1844596 kB
MemFree:          107752 kB
MemAvailable:    1381920 kB
Buffers:          101172 kB
Cached:          1192704 kB
MemTotal:        1844596 kB
MemFree:          107696 kB
MemAvailable:    1381864 kB
Buffers:          101172 kB
Cached:          1192704 kB
MemTotal:        1844596 kB
MemFree:          107916 kB
MemAvailable:    1382084 kB
Buffers:          101172 kB
Cached:          1192704 kB
MemTotal:        1844596 kB
MemFree:          106664 kB
MemAvailable:    1380832 kB
Buffers:          101172 kB
Cached:          1192704 kB
MemTotal:        1844596 kB
MemFree:          106664 kB
MemAvailable:    1380832 kB
Buffers:          101172 kB
Cached:          1192704 kB
MemTotal:        1844596 kB
MemFree:          107544 kB
MemAvailable:    1381712 kB
Buffers:          101172 kB
Cached:          1192704 kB
MemTotal:        1844596 kB
MemFree:          107640 kB
MemAvailable:    1381808 kB
Buffers:          101172 kB
Cached:          1192704 kB
MemTotal:        1844596 kB
MemFree:          107976 kB
MemAvailable:    1382144 kB
Buffers:          101172 kB
Cached:          1192704 kB
MemTotal:        1844596 kB
MemFree:          107648 kB
MemAvailable:    1381816 kB
Buffers:          101172 kB
Cached:          1192704 kB
MemTotal:        1844596 kB
MemFree:          107788 kB
MemAvailable:    1381956 kB
Buffers:          101172 kB
Cached:          1192704 kB
MemTotal:        1844596 kB
MemFree:          106480 kB
MemAvailable:    1380648 kB
Buffers:          101172 kB
Cached:          1192704 kB
MemTotal:        1844596 kB
MemFree:          106480 kB
MemAvailable:    1380648 kB
Buffers:          101172 kB
Cached:          1192704 kB
MemTotal:        1844596 kB
MemFree:          104444 kB
MemAvailable:    1378612 kB
Buffers:          101172 kB
Cached:          1192704 kB
MemTotal:        1844596 kB
MemFree:          100584 kB
MemAvailable:    1374752 kB
Buffers:          101172 kB
Cached:          1192704 kB
MemTotal:        1844596 kB
MemFree:          100712 kB
MemAvailable:    1374880 kB
Buffers:          101172 kB
Cached:          1192704 kB
MemTotal:        1844596 kB
MemFree:           94632 kB
MemAvailable:    1368800 kB
Buffers:          101172 kB
Cached:          1192704 kB
MemTotal:        1844596 kB
MemFree:           94716 kB
MemAvailable:    1368884 kB
Buffers:          101172 kB
Cached:          1192704 kB
MemTotal:        1844596 kB
MemFree:           91280 kB
MemAvailable:    1365448 kB
Buffers:          101172 kB
Cached:          1192704 kB
MemTotal:        1844596 kB
MemFree:           88308 kB
MemAvailable:    1362476 kB
Buffers:          101172 kB
Cached:          1192704 kB
MemTotal:        1844596 kB
MemFree:           88644 kB
MemAvailable:    1362812 kB
Buffers:          101172 kB
Cached:          1192704 kB
MemTotal:        1844596 kB
MemFree:           88316 kB
MemAvailable:    1362484 kB
Buffers:          101172 kB
Cached:          1192704 kB
MemTotal:        1844596 kB
MemFree:           88172 kB
MemAvailable:    1362340 kB
Buffers:          101172 kB
Cached:          1192704 kB
MemTotal:        1844596 kB
MemFree:           88508 kB
MemAvailable:    1362676 kB
Buffers:          101172 kB
Cached:          1192704 kB
MemTotal:        1844596 kB
MemFree:           88316 kB
MemAvailable:    1362484 kB
Buffers:          101172 kB
Cached:          1192704 kB
MemTotal:        1844596 kB
MemFree:           88168 kB
MemAvailable:    1362336 kB
Buffers:          101172 kB
Cached:          1192704 kB
MemTotal:        1844596 kB
MemFree:           88424 kB
MemAvailable:    1362592 kB
Buffers:          101172 kB
Cached:          1192704 kB
MemTotal:        1844596 kB
MemFree:           88156 kB
MemAvailable:    1362324 kB
Buffers:          101172 kB
Cached:          1192704 kB
MemTotal:        1844596 kB
MemFree:           88492 kB
MemAvailable:    1362660 kB
Buffers:          101172 kB
Cached:          1192704 kB
MemTotal:        1844596 kB
MemFree:           88152 kB
MemAvailable:    1362320 kB
Buffers:          101172 kB
Cached:          1192704 kB
MemTotal:        1844596 kB
MemFree:           86916 kB
MemAvailable:    1361084 kB
Buffers:          101172 kB
Cached:          1192704 kB
MemTotal:        1844596 kB
MemFree:           87164 kB
MemAvailable:    1361332 kB
Buffers:          101172 kB
Cached:          1192704 kB
MemTotal:        1844596 kB
MemFree:           88340 kB
MemAvailable:    1362508 kB
Buffers:          101172 kB
Cached:          1192704 kB
MemTotal:        1844596 kB
MemFree:           88252 kB
MemAvailable:    1362420 kB
Buffers:          101172 kB
Cached:          1192704 kB
MemTotal:        1844596 kB
MemFree:           86516 kB
MemAvailable:    1360684 kB
Buffers:          101172 kB
Cached:          1192704 kB
MemTotal:        1844596 kB
MemFree:           87940 kB
MemAvailable:    1362108 kB
Buffers:          101172 kB
Cached:          1192704 kB
MemTotal:        1844596 kB
MemFree:           87812 kB
MemAvailable:    1361980 kB
Buffers:          101172 kB
Cached:          1192704 kB
MemTotal:        1844596 kB
MemFree:           87828 kB
MemAvailable:    1361996 kB
Buffers:          101172 kB
Cached:          1192704 kB
MemTotal:        1844596 kB
MemFree:           88024 kB
MemAvailable:    1362192 kB
Buffers:          101172 kB
Cached:          1192704 kB
MemTotal:        1844596 kB
MemFree:           87996 kB
MemAvailable:    1362164 kB
Buffers:          101172 kB
Cached:          1192704 kB
MemTotal:        1844596 kB
MemFree:           87948 kB
MemAvailable:    1362116 kB
Buffers:          101172 kB
Cached:          1192704 kB
MemTotal:        1844596 kB
MemFree:           87992 kB
MemAvailable:    1362160 kB
Buffers:          101172 kB
Cached:          1192704 kB
MemTotal:        1844596 kB
MemFree:           86684 kB
MemAvailable:    1360852 kB
Buffers:          101172 kB
Cached:          1192704 kB
MemTotal:        1844596 kB
MemFree:           86684 kB
MemAvailable:    1360852 kB
Buffers:          101172 kB
Cached:          1192704 kB
MemTotal:        1844596 kB
MemFree:           86712 kB
MemAvailable:    1360880 kB
Buffers:          101172 kB
Cached:          1192704 kB
MemTotal:        1844596 kB
MemFree:           87200 kB
MemAvailable:    1361368 kB
Buffers:          101172 kB
Cached:          1192704 kB
MemTotal:        1844596 kB
MemFree:           87196 kB
MemAvailable:    1361364 kB
Buffers:          101172 kB
Cached:          1192704 kB
MemTotal:        1844596 kB
MemFree:           84036 kB
MemAvailable:    1358204 kB
Buffers:          101172 kB
Cached:          1192704 kB
MemTotal:        1844596 kB
MemFree:           79644 kB
MemAvailable:    1353812 kB
Buffers:          101172 kB
Cached:          1192704 kB
MemTotal:        1844596 kB
MemFree:           77140 kB
MemAvailable:    1351308 kB
Buffers:          101172 kB
Cached:          1192704 kB
MemTotal:        1844596 kB
MemFree:           76736 kB
MemAvailable:    1350904 kB
Buffers:          101172 kB
Cached:          1192704 kB
MemTotal:        1844596 kB
MemFree:           78028 kB
MemAvailable:    1352196 kB
Buffers:          101172 kB
Cached:          1192704 kB
MemTotal:        1844596 kB
MemFree:           78036 kB
MemAvailable:    1352204 kB
Buffers:          101172 kB
Cached:          1192704 kB
MemTotal:        1844596 kB
MemFree:           77880 kB
MemAvailable:    1352048 kB
Buffers:          101172 kB
Cached:          1192704 kB
MemTotal:        1844596 kB
MemFree:           77476 kB
MemAvailable:    1351644 kB
Buffers:          101172 kB
Cached:          1192704 kB
MemTotal:        1844596 kB
MemFree:           77908 kB
MemAvailable:    1352076 kB
Buffers:          101172 kB
Cached:          1192704 kB
MemTotal:        1844596 kB
MemFree:           76744 kB
MemAvailable:    1350912 kB
Buffers:          101172 kB
Cached:          1192704 kB
MemTotal:        1844596 kB
MemFree:           76868 kB
MemAvailable:    1351036 kB
Buffers:          101172 kB
Cached:          1192704 kB
MemTotal:        1844596 kB
MemFree:           78044 kB
MemAvailable:    1352212 kB
Buffers:          101172 kB
Cached:          1192704 kB
MemTotal:        1844596 kB
MemFree:           78044 kB
MemAvailable:    1352296 kB
Buffers:          101172 kB
Cached:          1192828 kB
MemTotal:        1844596 kB
MemFree:           76736 kB
MemAvailable:    1351072 kB
Buffers:          101172 kB
Cached:          1192828 kB
MemTotal:        1844596 kB
MemFree:           76860 kB
MemAvailable:    1351196 kB
Buffers:          101172 kB
Cached:          1192952 kB
MemTotal:        1844596 kB
MemFree:           77652 kB
MemAvailable:    1352240 kB
Buffers:          101172 kB
Cached:          1193200 kB
MemTotal:        1844596 kB
MemFree:           76544 kB
MemAvailable:    1351132 kB
Buffers:          101172 kB
Cached:          1193200 kB
MemTotal:        1844596 kB
MemFree:           76240 kB
MemAvailable:    1350912 kB
Buffers:          101172 kB
Cached:          1193324 kB
MemTotal:        1844596 kB
MemFree:           77328 kB
MemAvailable:    1352084 kB
Buffers:          101172 kB
Cached:          1193324 kB
MemTotal:        1844596 kB
MemFree:           77088 kB
MemAvailable:    1351844 kB
Buffers:          101172 kB
Cached:          1193324 kB
MemTotal:        1844596 kB
MemFree:           77344 kB
MemAvailable:    1352100 kB
Buffers:          101172 kB
Cached:          1193324 kB
MemTotal:        1844596 kB
MemFree:           77192 kB
MemAvailable:    1352032 kB
Buffers:          101172 kB
Cached:          1193324 kB
MemTotal:        1844596 kB
MemFree:           77260 kB
MemAvailable:    1352100 kB
Buffers:          101172 kB
Cached:          1193324 kB
MemTotal:        1844596 kB
MemFree:           77148 kB
MemAvailable:    1351988 kB
Buffers:          101172 kB
Cached:          1193324 kB
MemTotal:        1844596 kB
MemFree:           75828 kB
MemAvailable:    1350668 kB
Buffers:          101172 kB
Cached:          1193324 kB
MemTotal:        1844596 kB
MemFree:           76668 kB
MemAvailable:    1351508 kB
Buffers:          101172 kB
Cached:          1193324 kB
MemTotal:        1844596 kB
MemFree:           77236 kB
MemAvailable:    1352076 kB
Buffers:          101172 kB
Cached:          1193324 kB
MemTotal:        1844596 kB
MemFree:           77040 kB
MemAvailable:    1351964 kB
Buffers:          101172 kB
Cached:          1193448 kB
MemTotal:        1844596 kB
MemFree:           77756 kB
MemAvailable:    1352008 kB
Buffers:          101172 kB
Cached:          1192692 kB
MemTotal:        1844596 kB
MemFree:           75660 kB
MemAvailable:    1349912 kB
Buffers:          101172 kB
Cached:          1192692 kB
MemTotal:        1844596 kB
MemFree:          232652 kB
MemAvailable:    1506904 kB
Buffers:          101172 kB
Cached:          1192692 kB
MemTotal:        1844596 kB
MemFree:          115184 kB
MemAvailable:    1389436 kB
Buffers:          101172 kB
Cached:          1192692 kB
