MemTotal:        1844596 kB
MemFree:          630640 kB
MemAvailable:    1547144 kB
Buffers:           90904 kB
Cached:           846400 kB
MemTotal:        1844596 kB
MemFree:          602136 kB
MemAvailable:    1518652 kB
Buffers:           90904 kB
Cached:           846408 kB
MemTotal:        1844596 kB
MemFree:          601888 kB
MemAvailable:    1518404 kB
Buffers:           90904 kB
Cached:           846408 kB
MemTotal:        1844596 kB
MemFree:          602260 kB
MemAvailable:    1518776 kB
Buffers:           90904 kB
Cached:           846408 kB
MemTotal:        1844596 kB
MemFree:          599524 kB
MemAvailable:    1516040 kB
Buffers:           90904 kB
Cached:           846408 kB
MemTotal:        1844596 kB
MemFree:          599168 kB
MemAvailable:    1515684 kB
Buffers:           90904 kB
Cached:           846408 kB
MemTotal:        1844596 kB
MemFree:          598160 kB
MemAvailable:    1514676 kB
Buffers:           90904 kB
Cached:           846408 kB
MemTotal:        1844596 kB
MemFree:          596664 kB
MemAvailable:    1513180 kB
Buffers:           90904 kB
Cached:           846408 kB
MemTotal:        1844596 kB
MemFree:          596060 kB
MemAvailable:    1512576 kB
Buffers:           90904 kB
Cached:           846408 kB
MemTotal:        1844596 kB
MemFree:          592960 kB
MemAvailable:    1509476 kB
Buffers:           90904 kB
Cached:           846408 kB
MemTotal:        1844596 kB
MemFree:          588860 kB
MemAvailable:    1505376 kB
Buffers:           90904 kB
Cached:           846408 kB
MemTotal:        1844596 kB
MemFree:          588860 kB
MemAvailable:    1505376 kB
Buffers:           90904 kB
Cached:           846408 kB
MemTotal:        1844596 kB
MemFree:          590672 kB
MemAvailable:    1507188 kB
Buffers:           90904 kB
Cached:           846408 kB
MemTotal:        1844596 kB
MemFree:          590732 kB
MemAvailable:    1507248 kB
Buffers:           90904 kB
Cached:           846408 kB
MemTotal:        1844596 kB
MemFree:          589592 kB
MemAvailable:    1506108 kB
Buffers:           90904 kB
Cached:           846408 kB
MemTotal:        1844596 kB
MemFree:          590784 kB
MemAvailable:    1507300 kB
Buffers:           90904 kB
Cached:           846408 kB
MemTotal:        1844596 kB
MemFree:          589432 kB
MemAvailable:    1505948 kB
Buffers:           90904 kB
Cached:           846408 kB
MemTotal:        1844596 kB
MemFree:          589432 kB
MemAvailable:    1505948 kB
Buffers:           90904 kB
Cached:           846408 kB
MemTotal:        1844596 kB
MemFree:          590732 kB
MemAvailable:    1507248 kB
Buffers:           90904 kB
Cached:           846408 kB
MemTotal:        1844596 kB
MemFree:          590416 kB
MemAvailable:    1506932 kB
Buffers:           90904 kB
Cached:           846408 kB
MemTotal:        1844596 kB
MemFree:          590224 kB
MemAvailable:    1506740 kB
Buffers:           90904 kB
Cached:           846408 kB
MemTotal:        1844596 kB
MemFree:          589488 kB
MemAvailable:    1506004 kB
Buffers:           90904 kB
Cached:           846408 kB
MemTotal:        1844596 kB
MemFree:          590116 kB
MemAvailable:    1506632 kB
Buffers:           90904 kB
Cached:           846408 kB
MemTotal:        1844596 kB
MemFree:          589796 kB
MemAvailable:    1506312 kB
Buffers:           90904 kB
Cached:           846408 kB
MemTotal:        1844596 kB
MemFree:          588248 kB
MemAvailable:    1504764 kB
Buffers:           90904 kB
Cached:           846408 kB
MemTotal:        1844596 kB
MemFree:          589488 kB
MemAvailable:    1506004 kB
Buffers:           90904 kB
Cached:           846408 kB
MemTotal:        1844596 kB
MemFree:          588504 kB
MemAvailable:    1505020 kB
Buffers:           90904 kB
Cached:           846408 kB
MemTotal:        1844596 kB
MemFree:          589192 kB
MemAvailable:    1505708 kB
Buffers:           90904 kB
Cached:           846408 kB
MemTotal:        1844596 kB
MemFree:          587952 kB
MemAvailable:    1504468 kB
Buffers:           90904 kB
Cached:           846408 kB
MemTotal:        1844596 kB
MemFree:          587504 kB
MemAvailable:    1504020 kB
Buffers:           90904 kB
Cached:           846408 kB
MemTotal:        1844596 kB
MemFree:          587256 kB
MemAvailable:    1503772 kB
Buffers:           90904 kB
Cached:           846408 kB
MemTotal:        1844596 kB
MemFree:          588124 kB
MemAvailable:    1504640 kB
Buffers:           90904 kB
Cached:           846408 kB
MemTotal:        1844596 kB
MemFree:          586876 kB
MemAvailable:    1503392 kB
Buffers:           90904 kB
Cached:           846408 kB
MemTotal:        1844596 kB
MemFree:          587860 kB
MemAvailable:    1504376 kB
Buffers:           90904 kB
Cached:           846408 kB
MemTotal:        1844596 kB
MemFree:          587388 kB
MemAvailable:    1503904 kB
Buffers:           90904 kB
Cached:           846408 kB
MemTotal:        1844596 kB
MemFree:          586504 kB
MemAvailable:    1503020 kB
Buffers:           90904 kB
Cached:           846408 kB
MemTotal:        1844596 kB
MemFree:          586504 kB
MemAvailable:    1503020 kB
Buffers:           90904 kB
Cached:           846408 kB
MemTotal:        1844596 kB
MemFree:          586504 kB
MemAvailable:    1503020 kB
Buffers:           90904 kB
Cached:           846408 kB
MemTotal:        1844596 kB
MemFree:          586496 kB
MemAvailable:    1503012 kB
Buffers:           90904 kB
Cached:           846408 kB
MemTotal:        1844596 kB
MemFree:          586264 kB
MemAvailable:    1502780 kB
Buffers:           90904 kB
Cached:           846408 kB
MemTotal:        1844596 kB
MemFree:          581304 kB
MemAvailable:    1497820 kB
Buffers:           90904 kB
Cached:           846408 kB
MemTotal:        1844596 kB
MemFree:          582288 kB
MemAvailable:    1498804 kB
Buffers:           90904 kB
Cached:           846408 kB
MemTotal:        1844596 kB
MemFree:          581436 kB
MemAvailable:    1497952 kB
Buffers:           90904 kB
Cached:           846408 kB
MemTotal:        1844596 kB
MemFree:          582156 kB
MemAvailable:    1498672 kB
Buffers:           90904 kB
Cached:           846408 kB
MemTotal:        1844596 kB
MemFree:          582492 kB
MemAvailable:    1499008 kB
Buffers:           90904 kB
Cached:           846408 kB
MemTotal:        1844596 kB
MemFree:          582108 kB
MemAvailable:    1498624 kB
Buffers:           90904 kB
Cached:           846408 kB
MemTotal:        1844596 kB
MemFree:          582056 kB
MemAvailable:    1498572 kB
Buffers:           90904 kB
Cached:           846408 kB
MemTotal:        1844596 kB
MemFree:          582124 kB
MemAvailable:    1498640 kB
Buffers:           90904 kB
Cached:           846408 kB
MemTotal:        1844596 kB
MemFree:          581784 kB
MemAvailable:    1498300 kB
Buffers:           90904 kB
Cached:           846408 kB
MemTotal:        1844596 kB
MemFree:          582036 kB
MemAvailable:    1498552 kB
Buffers:           90904 kB
Cached:           846408 kB
MemTotal:        1844596 kB
MemFree:          581884 kB
MemAvailable:    1498404 kB
Buffers:           90904 kB
Cached:           846412 kB
MemTotal:        1844596 kB
MemFree:          581876 kB
MemAvailable:    1498396 kB
Buffers:           90904 kB
Cached:           846412 kB
MemTotal:        1844596 kB
MemFree:          581808 kB
MemAvailable:    1498328 kB
Buffers:           90904 kB
Cached:           846412 kB
MemTotal:        1844596 kB
MemFree:          581876 kB
MemAvailable:    1498396 kB
Buffers:           90904 kB
Cached:           846412 kB
MemTotal:        1844596 kB
MemFree:          581868 kB
MemAvailable:    1498388 kB
Buffers:           90904 kB
Cached:           846412 kB
MemTotal:        1844596 kB
MemFree:          582036 kB
MemAvailable:    1498556 kB
Buffers:           90904 kB
Cached:           846412 kB
MemTotal:        1844596 kB
MemFree:          580188 kB
MemAvailable:    1496708 kB
Buffers:           90904 kB
Cached:           846412 kB
MemTotal:        1844596 kB
MemFree:          575724 kB
MemAvailable:    1492244 kB
Buffers:           90904 kB
Cached:           846412 kB
MemTotal:        1844596 kB
MemFree:          576016 kB
MemAvailable:    1492536 kB
Buffers:           90904 kB
Cached:           846412 kB
MemTotal:        1844596 kB
MemFree:          575336 kB
MemAvailable:    1491856 kB
Buffers:           90904 kB
Cached:           846412 kB
MemTotal:        1844596 kB
MemFree:          575672 kB
MemAvailable:    1492192 kB
Buffers:           90904 kB
Cached:           846412 kB
MemTotal:        1844596 kB
MemFree:          572748 kB
MemAvailable:    1489268 kB
Buffers:           90904 kB
Cached:           846412 kB
MemTotal:        1844596 kB
MemFree:          572624 kB
MemAvailable:    1489144 kB
Buffers:           90904 kB
Cached:           846412 kB
MemTotal:        1844596 kB
MemFree:          573156 kB
MemAvailable:    1489676 kB
Buffers:           90904 kB
Cached:           846412 kB
MemTotal:        1844596 kB
MemFree:          573156 kB
MemAvailable:    1489676 kB
Buffers:           90904 kB
Cached:           846412 kB
MemTotal:        1844596 kB
MemFree:          571996 kB
MemAvailable:    1488516 kB
Buffers:           90904 kB
Cached:           846412 kB
MemTotal:        1844596 kB
MemFree:          573188 kB
MemAvailable:    1489708 kB
Buffers:           90904 kB
Cached:           846412 kB
MemTotal:        1844596 kB
MemFree:          572508 kB
MemAvailable:    1489028 kB
Buffers:           90904 kB
Cached:           846412 kB
MemTotal:        1844596 kB
MemFree:          573048 kB
MemAvailable:    1489568 kB
Buffers:           90904 kB
Cached:           846412 kB
MemTotal:        1844596 kB
MemFree:          573132 kB
MemAvailable:    1489652 kB
Buffers:           90904 kB
Cached:           846412 kB
MemTotal:        1844596 kB
MemFree:          573168 kB
MemAvailable:    1489688 kB
Buffers:           90904 kB
Cached:           846412 kB
MemTotal:        1844596 kB
MemFree:          573184 kB
MemAvailable:    1489704 kB
Buffers:           90904 kB
Cached:           846412 kB
MemTotal:        1844596 kB
MemFree:          572252 kB
MemAvailable:    1488772 kB
Buffers:           90904 kB
Cached:           846412 kB
MemTotal:        1844596 kB
MemFree:          573024 kB
MemAvailable:    1489548 kB
Buffers:           90904 kB
Cached:           846416 kB
MemTotal:        1844596 kB
MemFree:          572872 kB
MemAvailable:    1489272 kB
Buffers:           90904 kB
Cached:           846416 kB
MemTotal:        1844596 kB
MemFree:          571824 kB
MemAvailable:    1488348 kB
Buffers:           90904 kB
Cached:           846416 kB
MemTotal:        1844596 kB
MemFree:          572924 kB
MemAvailable:    1489448 kB
Buffers:           90904 kB
Cached:           846416 kB
MemTotal:        1844596 kB
MemFree:          572500 kB
MemAvailable:    1489024 kB
Buffers:           90904 kB
Cached:           846416 kB
MemTotal:        1844596 kB
MemFree:          572552 kB
MemAvailable:    1489076 kB
Buffers:           90904 kB
Cached:           846416 kB
MemTotal:        1844596 kB
MemFree:          572888 kB
MemAvailable:    1489412 kB
Buffers:           90904 kB
Cached:           846416 kB
MemTotal:        1844596 kB
MemFree:          572732 kB
MemAvailable:    1489256 kB
Buffers:           90904 kB
Cached:           846416 kB
MemTotal:        1844596 kB
MemFree:          572872 kB
MemAvailable:    1489396 kB
Buffers:           90904 kB
Cached:           846416 kB
MemTotal:        1844596 kB
MemFree:          571700 kB
MemAvailable:    1488224 kB
Buffers:           90904 kB
Cached:           846416 kB
MemTotal:        1844596 kB
MemFree:          572816 kB
MemAvailable:    1489340 kB
Buffers:           90904 kB
Cached:           846416 kB
MemTotal:        1844596 kB
MemFree:          568516 kB
MemAvailable:    1485040 kB
Buffers:           90904 kB
Cached:           846416 kB
MemTotal:        1844596 kB
MemFree:          568604 kB
MemAvailable:    1485128 kB
Buffers:           90904 kB
Cached:           846416 kB
MemTotal:        1844596 kB
MemFree:          563572 kB
MemAvailable:    1480096 kB
Buffers:           90904 kB
Cached:           846416 kB
MemTotal:        1844596 kB
MemFree:          563432 kB
MemAvailable:    1479956 kB
Buffers:           90904 kB
Cached:           846416 kB
MemTotal:        1844596 kB
MemFree:          563448 kB
MemAvailable:    1479972 kB
Buffers:           90904 kB
Cached:           846416 kB
MemTotal:        1844596 kB
MemFree:          564384 kB
MemAvailable:    1480908 kB
Buffers:           90904 kB
Cached:           846416 kB
MemTotal:        1844596 kB
MemFree:          564636 kB
MemAvailable:    1481160 kB
Buffers:           90904 kB
Cached:           846416 kB
MemTotal:        1844596 kB
MemFree:          564360 kB
MemAvailable:    1480884 kB
Buffers:           90904 kB
Cached:           846416 kB
MemTotal:        1844596 kB
MemFree:          562796 kB
MemAvailable:    1479320 kB
Buffers:           90904 kB
Cached:           846416 kB
MemTotal:        1844596 kB
MemFree:          564056 kB
MemAvailable:    1480580 kB
Buffers:           90904 kB
Cached:           846416 kB
MemTotal:        1844596 kB
MemFree:          564160 kB
MemAvailable:    1480684 kB
Buffers:           90904 kB
Cached:           846416 kB
MemTotal:        1844596 kB
MemFree:          564244 kB
MemAvailable:    1480768 kB
Buffers:           90904 kB
Cached:           846416 kB
MemTotal:        1844596 kB
MemFree:          562780 kB
MemAvailable:    1479304 kB
Buffers:           90904 kB
Cached:           846416 kB
MemTotal:        1844596 kB
MemFree:          563880 kB
MemAvailable:    1480404 kB
Buffers:           90904 kB
Cached:           846416 kB
MemTotal:        1844596 kB
MemFree:          564216 kB
MemAvailable:    1480740 kB
Buffers:           90904 kB
Cached:           846416 kB
MemTotal:        1844596 kB
MemFree:          564176 kB
MemAvailable:    1480700 kB
Buffers:           90904 kB
Cached:           846416 kB
MemTotal:        1844596 kB
MemFree:          564176 kB
MemAvailable:    1480700 kB
Buffers:           90904 kB
Cached:           846416 kB
MemTotal:        1844596 kB
MemFree:          564072 kB
MemAvailable:    1480596 kB
Buffers:           90904 kB
Cached:           846416 kB
MemTotal:        1844596 kB
MemFree:          563024 kB
MemAvailable:    1479548 kB
Buffers:           90904 kB
Cached:           846416 kB
MemTotal:        1844596 kB
MemFree:          564176 kB
MemAvailable:    1480700 kB
Buffers:           90904 kB
Cached:           846416 kB
MemTotal:        1844596 kB
MemFree:          563856 kB
MemAvailable:    1480380 kB
Buffers:           90904 kB
Cached:           846416 kB
MemTotal:        1844596 kB
MemFree:          564192 kB
MemAvailable:    1480716 kB
Buffers:           90904 kB
Cached:           846416 kB
MemTotal:        1844596 kB
MemFree:          564236 kB
MemAvailable:    1480760 kB
Buffers:           90904 kB
Cached:           846416 kB
MemTotal:        1844596 kB
MemFree:          563984 kB
MemAvailable:    1480508 kB
Buffers:           90904 kB
Cached:           846416 kB
MemTotal:        1844596 kB
MemFree:          564112 kB
MemAvailable:    1480636 kB
Buffers:           90904 kB
Cached:           846416 kB
MemTotal:        1844596 kB
MemFree:          562912 kB
MemAvailable:    1479436 kB
Buffers:           90904 kB
Cached:           846416 kB
MemTotal:        1844596 kB
MemFree:          564096 kB
MemAvailable:    1480620 kB
Buffers:           90904 kB
Cached:           846416 kB
MemTotal:        1844596 kB
MemFree:          564068 kB
MemAvailable:    1480592 kB
Buffers:           90904 kB
Cached:           846416 kB
MemTotal:        1844596 kB
MemFree:          564136 kB
MemAvailable:    1480660 kB
Buffers:           90904 kB
Cached:           846416 kB
MemTotal:        1844596 kB
MemFree:          562808 kB
MemAvailable:    1479332 kB
Buffers:           90904 kB
Cached:           846416 kB
MemTotal:        1844596 kB
MemFree:          564168 kB
MemAvailable:    1480692 kB
Buffers:           90904 kB
Cached:           846416 kB
MemTotal:        1844596 kB
MemFree:          564024 kB
MemAvailable:    1480548 kB
Buffers:           90904 kB
Cached:           846416 kB
MemTotal:        1844596 kB
MemFree:          563944 kB
MemAvailable:    1480468 kB
Buffers:           90904 kB
Cached:           846416 kB
MemTotal:        1844596 kB
MemFree:          564180 kB
MemAvailable:    1480704 kB
Buffers:           90904 kB
Cached:           846416 kB
MemTotal:        1844596 kB
MemFree:          562752 kB
MemAvailable:    1479276 kB
Buffers:           90904 kB
Cached:           846416 kB
MemTotal:        1844596 kB
MemFree:          563448 kB
MemAvailable:    1479972 kB
Buffers:           90904 kB
Cached:           846416 kB
MemTotal:        1844596 kB
MemFree:          563940 kB
MemAvailable:    1480464 kB
Buffers:           90904 kB
Cached:           846416 kB
MemTotal:        1844596 kB
MemFree:          564212 kB
MemAvailable:    1480736 kB
Buffers:           90904 kB
Cached:           846416 kB
MemTotal:        1844596 kB
MemFree:          564252 kB
MemAvailable:    1480776 kB
Buffers:           90904 kB
Cached:           846416 kB
MemTotal:        1844596 kB
MemFree:          562952 kB
MemAvailable:    1479484 kB
Buffers:           90904 kB
Cached:           846424 kB
MemTotal:        1844596 kB
MemFree:          556736 kB
MemAvailable:    1473268 kB
Buffers:           90904 kB
Cached:           846424 kB
MemTotal:        1844596 kB
MemFree:          556132 kB
MemAvailable:    1472664 kB
Buffers:           90904 kB
Cached:           846424 kB
MemTotal:        1844596 kB
MemFree:          553280 kB
MemAvailable:    1469812 kB
Buffers:           90904 kB
Cached:           846424 kB
MemTotal:        1844596 kB
MemFree:          552660 kB
MemAvailable:    1469192 kB
Buffers:           90904 kB
Cached:           846424 kB
MemTotal:        1844596 kB
MemFree:          552412 kB
MemAvailable:    1468944 kB
Buffers:           90904 kB
Cached:           846424 kB
MemTotal:        1844596 kB
MemFree:          553520 kB
MemAvailable:    1470052 kB
Buffers:           90904 kB
Cached:           846424 kB
MemTotal:        1844596 kB
MemFree:          553412 kB
MemAvailable:    1469944 kB
Buffers:           90904 kB
Cached:           846424 kB
MemTotal:        1844596 kB
MemFree:          551992 kB
MemAvailable:    1468524 kB
Buffers:           90904 kB
Cached:           846424 kB
MemTotal:        1844596 kB
MemFree:          553264 kB
MemAvailable:    1469796 kB
Buffers:           90904 kB
Cached:           846424 kB
MemTotal:        1844596 kB
MemFree:          553516 kB
MemAvailable:    1470048 kB
Buffers:           90904 kB
Cached:           846424 kB
MemTotal:        1844596 kB
MemFree:          553224 kB
MemAvailable:    1469756 kB
Buffers:           90904 kB
Cached:           846424 kB
MemTotal:        1844596 kB
MemFree:          551880 kB
MemAvailable:    1468412 kB
Buffers:           90904 kB
Cached:           846424 kB
MemTotal:        1844596 kB
MemFree:          552392 kB
MemAvailable:    1468924 kB
Buffers:           90904 kB
Cached:           846424 kB
MemTotal:        1844596 kB
MemFree:          552268 kB
MemAvailable:    1468800 kB
Buffers:           90904 kB
Cached:           846424 kB
MemTotal:        1844596 kB
MemFree:          552144 kB
MemAvailable:    1468676 kB
Buffers:           90904 kB
Cached:           846424 kB
MemTotal:        1844596 kB
MemFree:          553272 kB
MemAvailable:    1469804 kB
Buffers:           90904 kB
Cached:           846424 kB
MemTotal:        1844596 kB
MemFree:          552420 kB
MemAvailable:    1468952 kB
Buffers:           90904 kB
Cached:           846424 kB
MemTotal:        1844596 kB
MemFree:          553140 kB
MemAvailable:    1469672 kB
Buffers:           90904 kB
Cached:           846424 kB
MemTotal:        1844596 kB
MemFree:          553476 kB
MemAvailable:    1470008 kB
Buffers:           90904 kB
Cached:           846424 kB
MemTotal:        1844596 kB
MemFree:          553232 kB
MemAvailable:    1469764 kB
Buffers:           90904 kB
Cached:           846424 kB
MemTotal:        1844596 kB
MemFree:          552276 kB
MemAvailable:    1468808 kB
Buffers:           90904 kB
Cached:           846424 kB
MemTotal:        1844596 kB
MemFree:          553240 kB
MemAvailable:    1469772 kB
Buffers:           90904 kB
Cached:           846424 kB
MemTotal:        1844596 kB
MemFree:          552536 kB
MemAvailable:    1469068 kB
Buffers:           90904 kB
Cached:           846424 kB
MemTotal:        1844596 kB
MemFree:          553016 kB
MemAvailable:    1469552 kB
Buffers:           90904 kB
Cached:           846428 kB
MemTotal:        1844596 kB
MemFree:          551792 kB
MemAvailable:    1468328 kB
Buffers:           90904 kB
Cached:           846428 kB
MemTotal:        1844596 kB
MemFree:          553280 kB
MemAvailable:    1469816 kB
Buffers:           90904 kB
Cached:           846428 kB
MemTotal:        1844596 kB
MemFree:          551992 kB
MemAvailable:    1468528 kB
Buffers:           90904 kB
Cached:           846428 kB
MemTotal:        1844596 kB
MemFree:          553140 kB
MemAvailable:    1469676 kB
Buffers:           90904 kB
Cached:           846428 kB
MemTotal:        1844596 kB
MemFree:          553224 kB
MemAvailable:    1469760 kB
Buffers:           90904 kB
Cached:           846428 kB
MemTotal:        1844596 kB
MemFree:          553088 kB
MemAvailable:    1469624 kB
Buffers:           90904 kB
Cached:           846428 kB
MemTotal:        1844596 kB
MemFree:          553200 kB
MemAvailable:    1469736 kB
Buffers:           90904 kB
Cached:           846428 kB
MemTotal:        1844596 kB
MemFree:          553032 kB
MemAvailable:    1469568 kB
Buffers:           90904 kB
Cached:           846428 kB
MemTotal:        1844596 kB
MemFree:          553320 kB
MemAvailable:    1469856 kB
Buffers:           90904 kB
Cached:           846428 kB
MemTotal:        1844596 kB
MemFree:          553344 kB
MemAvailable:    1469880 kB
Buffers:           90904 kB
Cached:           846428 kB
MemTotal:        1844596 kB
MemFree:          552536 kB
MemAvailable:    1469072 kB
Buffers:           90904 kB
Cached:           846428 kB
MemTotal:        1844596 kB
MemFree:          553184 kB
MemAvailable:    1469720 kB
Buffers:           90904 kB
Cached:           846428 kB
MemTotal:        1844596 kB
MemFree:          553356 kB
MemAvailable:    1469892 kB
Buffers:           90904 kB
Cached:           846428 kB
MemTotal:        1844596 kB
MemFree:          551984 kB
MemAvailable:    1468520 kB
Buffers:           90904 kB
Cached:           846428 kB
MemTotal:        1844596 kB
MemFree:          552108 kB
MemAvailable:    1468644 kB
Buffers:           90904 kB
Cached:           846428 kB
MemTotal:        1844596 kB
MemFree:          553472 kB
MemAvailable:    1470008 kB
Buffers:           90904 kB
Cached:           846428 kB
MemTotal:        1844596 kB
MemFree:          553252 kB
MemAvailable:    1469788 kB
Buffers:           90904 kB
Cached:           846428 kB
MemTotal:        1844596 kB
MemFree:          552768 kB
MemAvailable:    1469304 kB
Buffers:           90904 kB
Cached:           846428 kB
MemTotal:        1844596 kB
MemFree:          553168 kB
MemAvailable:    1469704 kB
Buffers:           90904 kB
Cached:           846428 kB
MemTotal:        1844596 kB
MemFree:          552040 kB
MemAvailable:    1468576 kB
Buffers:           90904 kB
Cached:           846428 kB
MemTotal:        1844596 kB
MemFree:          553280 kB
MemAvailable:    1469816 kB
Buffers:           90904 kB
Cached:           846428 kB
MemTotal:        1844596 kB
MemFree:          551992 kB
MemAvailable:    1468528 kB
Buffers:           90904 kB
Cached:           846428 kB
MemTotal:        1844596 kB
MemFree:          553140 kB
MemAvailable:    1469676 kB
Buffers:           90904 kB
Cached:           846428 kB
MemTotal:        1844596 kB
MemFree:          553476 kB
MemAvailable:    1470012 kB
Buffers:           90904 kB
Cached:           846428 kB
MemTotal:        1844596 kB
MemFree:          551900 kB
MemAvailable:    1468436 kB
Buffers:           90904 kB
Cached:           846428 kB
MemTotal:        1844596 kB
MemFree:          551784 kB
MemAvailable:    1468320 kB
Buffers:           90904 kB
Cached:           846428 kB
MemTotal:        1844596 kB
MemFree:          551528 kB
MemAvailable:    1468064 kB
Buffers:           90904 kB
Cached:           846428 kB
MemTotal:        1844596 kB
MemFree:          551296 kB
MemAvailable:    1467832 kB
Buffers:           90904 kB
Cached:           846428 kB
MemTotal:        1844596 kB
MemFree:          551164 kB
MemAvailable:    1467700 kB
Buffers:           90904 kB
Cached:           846428 kB
MemTotal:        1844596 kB
MemFree:          551164 kB
MemAvailable:    1467700 kB
Buffers:           90904 kB
Cached:           846428 kB
MemTotal:        1844596 kB
MemFree:          550908 kB
MemAvailable:    1467444 kB
Buffers:           90904 kB
Cached:           846428 kB
MemTotal:        1844596 kB
MemFree:          551944 kB
MemAvailable:    1468480 kB
Buffers:           90904 kB
Cached:           846428 kB
MemTotal:        1844596 kB
MemFree:          551956 kB
MemAvailable:    1468492 kB
Buffers:           90904 kB
Cached:           846428 kB
MemTotal:        1844596 kB
MemFree:          551792 kB
MemAvailable:    1468328 kB
Buffers:           90904 kB
Cached:           846428 kB
MemTotal:        1844596 kB
MemFree:          550620 kB
MemAvailable:    1467156 kB
Buffers:           90904 kB
Cached:           846428 kB
MemTotal:        1844596 kB
MemFree:          552020 kB
MemAvailable:    1468556 kB
Buffers:           90904 kB
Cached:           846428 kB
MemTotal:        1844596 kB
MemFree:          551676 kB
MemAvailable:    1468212 kB
Buffers:           90904 kB
Cached:           846428 kB
MemTotal:        1844596 kB
MemFree:          552032 kB
MemAvailable:    1468568 kB
Buffers:           90904 kB
Cached:           846428 kB
MemTotal:        1844596 kB
MemFree:          551712 kB
MemAvailable:    1468248 kB
Buffers:           90904 kB
Cached:           846428 kB
MemTotal:        1844596 kB
MemFree:          550536 kB
MemAvailable:    1467072 kB
Buffers:           90904 kB
Cached:           846428 kB
MemTotal:        1844596 kB
MemFree:          550404 kB
MemAvailable:    1466940 kB
Buffers:           90904 kB
Cached:           846428 kB
MemTotal:        1844596 kB
MemFree:          550404 kB
MemAvailable:    1466940 kB
Buffers:           90904 kB
Cached:           846428 kB
MemTotal:        1844596 kB
MemFree:          551704 kB
MemAvailable:    1468240 kB
Buffers:           90904 kB
Cached:           846428 kB
MemTotal:        1844596 kB
MemFree:          551824 kB
MemAvailable:    1468360 kB
Buffers:           90904 kB
Cached:           846428 kB
MemTotal:        1844596 kB
MemFree:          550640 kB
MemAvailable:    1467176 kB
Buffers:           90904 kB
Cached:           846428 kB
MemTotal:        1844596 kB
MemFree:          550384 kB
MemAvailable:    1466920 kB
Buffers:           90904 kB
Cached:           846428 kB
MemTotal:        1844596 kB
MemFree:          551396 kB
MemAvailable:    1467936 kB
Buffers:           90904 kB
Cached:           846432 kB
MemTotal:        1844596 kB
MemFree:          550984 kB
MemAvailable:    1467524 kB
Buffers:           90904 kB
Cached:           846432 kB
MemTotal:        1844596 kB
MemFree:          550116 kB
MemAvailable:    1466656 kB
Buffers:           90904 kB
Cached:           846432 kB
MemTotal:        1844596 kB
MemFree:          550304 kB
MemAvailable:    1466844 kB
Buffers:           90904 kB
Cached:           846432 kB
MemTotal:        1844596 kB
MemFree:          551536 kB
MemAvailable:    1468076 kB
Buffers:           90904 kB
Cached:           846432 kB
MemTotal:        1844596 kB
MemFree:          550296 kB
MemAvailable:    1466836 kB
Buffers:           90904 kB
Cached:           846432 kB
MemTotal:        1844596 kB
MemFree:          549868 kB
MemAvailable:    1466408 kB
Buffers:           90904 kB
Cached:           846432 kB
MemTotal:        1844596 kB
MemFree:          545592 kB
MemAvailable:    1462132 kB
Buffers:           90904 kB
Cached:           846432 kB
MemTotal:        1844596 kB
MemFree:          540988 kB
MemAvailable:    1457528 kB
Buffers:           90904 kB
Cached:           846432 kB
MemTotal:        1844596 kB
MemFree:          540988 kB
MemAvailable:    1457528 kB
Buffers:           90904 kB
Cached:           846432 kB
MemTotal:        1844596 kB
MemFree:          540384 kB
MemAvailable:    1456924 kB
Buffers:           90904 kB
Cached:           846432 kB
MemTotal:        1844596 kB
MemFree:          538872 kB
MemAvailable:    1455412 kB
Buffers:           90904 kB
Cached:           846432 kB
MemTotal:        1844596 kB
MemFree:          540244 kB
MemAvailable:    1456784 kB
Buffers:           90904 kB
Cached:           846432 kB
MemTotal:        1844596 kB
MemFree:          539748 kB
MemAvailable:    1456288 kB
Buffers:           90904 kB
Cached:           846432 kB
MemTotal:        1844596 kB
MemFree:          539268 kB
MemAvailable:    1455808 kB
Buffers:           90904 kB
Cached:           846432 kB
MemTotal:        1844596 kB
MemFree:          539552 kB
MemAvailable:    1456092 kB
Buffers:           90904 kB
Cached:           846432 kB
MemTotal:        1844596 kB
MemFree:          538284 kB
MemAvailable:    1454824 kB
Buffers:           90904 kB
Cached:           846432 kB
MemTotal:        1844596 kB
MemFree:          537532 kB
MemAvailable:    1454072 kB
Buffers:           90904 kB
Cached:           846432 kB
MemTotal:        1844596 kB
MemFree:          537764 kB
MemAvailable:    1454304 kB
Buffers:           90904 kB
Cached:           846432 kB
MemTotal:        1844596 kB
MemFree:          537764 kB
MemAvailable:    1454304 kB
Buffers:           90904 kB
Cached:           846432 kB
MemTotal:        1844596 kB
MemFree:          536788 kB
MemAvailable:    1453328 kB
Buffers:           90904 kB
Cached:           846432 kB
MemTotal:        1844596 kB
MemFree:          536592 kB
MemAvailable:    1453132 kB
Buffers:           90904 kB
Cached:           846432 kB
MemTotal:        1844596 kB
MemFree:          536716 kB
MemAvailable:    1453256 kB
Buffers:           90904 kB
Cached:           846432 kB
MemTotal:        1844596 kB
MemFree:          536516 kB
MemAvailable:    1453056 kB
Buffers:           90904 kB
Cached:           846432 kB
MemTotal:        1844596 kB
MemFree:          536044 kB
MemAvailable:    1452584 kB
Buffers:           90904 kB
Cached:           846432 kB
MemTotal:        1844596 kB
MemFree:          535120 kB
MemAvailable:    1451660 kB
Buffers:           90904 kB
Cached:           846432 kB
MemTotal:        1844596 kB
MemFree:          535244 kB
MemAvailable:    1451784 kB
Buffers:           90904 kB
Cached:           846432 kB
MemTotal:        1844596 kB
MemFree:          535672 kB
MemAvailable:    1452212 kB
Buffers:           90904 kB
Cached:           846432 kB
MemTotal:        1844596 kB
MemFree:          536348 kB
MemAvailable:    1452888 kB
Buffers:           90904 kB
Cached:           846432 kB
MemTotal:        1844596 kB
MemFree:          536292 kB
MemAvailable:    1452832 kB
Buffers:           90904 kB
Cached:           846432 kB
MemTotal:        1844596 kB
MemFree:          535120 kB
MemAvailable:    1451660 kB
Buffers:           90904 kB
Cached:           846432 kB
MemTotal:        1844596 kB
MemFree:          536484 kB
MemAvailable:    1453024 kB
Buffers:           90904 kB
Cached:           846432 kB
MemTotal:        1844596 kB
MemFree:          535368 kB
MemAvailable:    1451908 kB
Buffers:           90904 kB
Cached:           846432 kB
MemTotal:        1844596 kB
MemFree:          535368 kB
MemAvailable:    1451908 kB
Buffers:           90904 kB
Cached:           846432 kB
MemTotal:        1844596 kB
MemFree:          536044 kB
MemAvailable:    1452584 kB
Buffers:           90904 kB
Cached:           846432 kB
MemTotal:        1844596 kB
MemFree:          535648 kB
MemAvailable:    1452188 kB
Buffers:           90904 kB
Cached:           846432 kB
MemTotal:        1844596 kB
MemFree:          535732 kB
MemAvailable:    1452272 kB
Buffers:           90904 kB
Cached:           846432 kB
MemTotal:        1844596 kB
MemFree:          533688 kB
MemAvailable:    1450228 kB
Buffers:           90904 kB
Cached:           846432 kB
MemTotal:        1844596 kB
MemFree:          534400 kB
MemAvailable:    1450940 kB
Buffers:           90904 kB
Cached:           846432 kB
MemTotal:        1844596 kB
MemFree:          534484 kB
MemAvailable:    1451024 kB
Buffers:           90904 kB
Cached:           846432 kB
MemTotal:        1844596 kB
MemFree:          533172 kB
MemAvailable:    1449712 kB
Buffers:           90904 kB
Cached:           846432 kB
MemTotal:        1844596 kB
MemFree:          533988 kB
MemAvailable:    1450528 kB
Buffers:           90904 kB
Cached:           846432 kB
MemTotal:        1844596 kB
MemFree:          532688 kB
MemAvailable:    1449228 kB
Buffers:           90904 kB
Cached:           846432 kB
MemTotal:        1844596 kB
MemFree:          533316 kB
MemAvailable:    1449856 kB
Buffers:           90904 kB
Cached:           846432 kB
MemTotal:        1844596 kB
MemFree:          531944 kB
MemAvailable:    1448484 kB
Buffers:           90904 kB
Cached:           846432 kB
MemTotal:        1844596 kB
MemFree:          531944 kB
MemAvailable:    1448484 kB
Buffers:           90904 kB
Cached:           846432 kB
MemTotal:        1844596 kB
MemFree:          532928 kB
MemAvailable:    1449468 kB
Buffers:           90904 kB
Cached:           846432 kB
MemTotal:        1844596 kB
MemFree:          531332 kB
MemAvailable:    1447872 kB
Buffers:           90904 kB
Cached:           846432 kB
MemTotal:        1844596 kB
MemFree:          531316 kB
MemAvailable:    1447856 kB
Buffers:           90904 kB
Cached:           846432 kB
MemTotal:        1844596 kB
MemFree:          531200 kB
MemAvailable:    1447740 kB
Buffers:           90904 kB
Cached:           846432 kB
MemTotal:        1844596 kB
MemFree:          531448 kB
MemAvailable:    1447988 kB
Buffers:           90904 kB
Cached:           846432 kB
MemTotal:        1844596 kB
MemFree:          531208 kB
MemAvailable:    1447748 kB
Buffers:           90904 kB
Cached:           846432 kB
MemTotal:        1844596 kB
MemFree:          532448 kB
MemAvailable:    1448988 kB
Buffers:           90904 kB
Cached:           846432 kB
MemTotal:        1844596 kB
MemFree:          531208 kB
MemAvailable:    1447748 kB
Buffers:           90904 kB
Cached:           846432 kB
MemTotal:        1844596 kB
MemFree:          532492 kB
MemAvailable:    1449036 kB
Buffers:           90904 kB
Cached:           846436 kB
MemTotal:        1844596 kB
MemFree:          531200 kB
MemAvailable:    1447744 kB
Buffers:           90904 kB
Cached:           846436 kB
MemTotal:        1844596 kB
MemFree:          532408 kB
MemAvailable:    1448952 kB
Buffers:           90904 kB
Cached:           846436 kB
MemTotal:        1844596 kB
MemFree:          531036 kB
MemAvailable:    1447580 kB
Buffers:           90904 kB
Cached:           846436 kB
MemTotal:        1844596 kB
MemFree:          532028 kB
MemAvailable:    1448572 kB
Buffers:           90904 kB
Cached:           846436 kB
MemTotal:        1844596 kB
MemFree:          532084 kB
MemAvailable:    1448628 kB
Buffers:           90904 kB
Cached:           846436 kB
MemTotal:        1844596 kB
MemFree:          530788 kB
MemAvailable:    1447332 kB
Buffers:           90904 kB
Cached:           846436 kB
MemTotal:        1844596 kB
MemFree:          532060 kB
MemAvailable:    1448604 kB
Buffers:           90904 kB
Cached:           846436 kB
MemTotal:        1844596 kB
MemFree:          532312 kB
MemAvailable:    1448856 kB
Buffers:           90904 kB
Cached:           846436 kB
MemTotal:        1844596 kB
MemFree:          532020 kB
MemAvailable:    1448564 kB
Buffers:           90904 kB
Cached:           846436 kB
MemTotal:        1844596 kB
MemFree:          532368 kB
MemAvailable:    1448912 kB
Buffers:           90904 kB
Cached:           846436 kB
MemTotal:        1844596 kB
MemFree:          532256 kB
MemAvailable:    1448800 kB
Buffers:           90904 kB
Cached:           846436 kB
MemTotal:        1844596 kB
MemFree:          532008 kB
MemAvailable:    1448552 kB
Buffers:           90904 kB
Cached:           846436 kB
MemTotal:        1844596 kB
MemFree:          531060 kB
MemAvailable:    1447604 kB
Buffers:           90904 kB
Cached:           846436 kB
MemTotal:        1844596 kB
MemFree:          530804 kB
MemAvailable:    1447348 kB
Buffers:           90904 kB
Cached:           846436 kB
MemTotal:        1844596 kB
MemFree:          532104 kB
MemAvailable:    1448648 kB
Buffers:           90904 kB
Cached:           846436 kB
MemTotal:        1844596 kB
MemFree:          531004 kB
MemAvailable:    1447548 kB
Buffers:           90904 kB
Cached:           846436 kB
MemTotal:        1844596 kB
MemFree:          532024 kB
MemAvailable:    1448568 kB
Buffers:           90904 kB
Cached:           846436 kB
MemTotal:        1844596 kB
MemFree:          532276 kB
MemAvailable:    1448820 kB
Buffers:           90904 kB
Cached:           846436 kB
MemTotal:        1844596 kB
MemFree:          530920 kB
MemAvailable:    1447472 kB
Buffers:           90904 kB
Cached:           846444 kB
MemTotal:        1844596 kB
MemFree:          531020 kB
MemAvailable:    1447572 kB
Buffers:           90904 kB
Cached:           846444 kB
MemTotal:        1844596 kB
MemFree:          529852 kB
MemAvailable:    1446404 kB
Buffers:           90904 kB
Cached:           846444 kB
MemTotal:        1844596 kB
MemFree:          530664 kB
MemAvailable:    1447216 kB
Buffers:           90904 kB
Cached:           846444 kB
MemTotal:        1844596 kB
MemFree:          530664 kB
MemAvailable:    1447216 kB
Buffers:           90904 kB
Cached:           846444 kB
MemTotal:        1844596 kB
MemFree:          529968 kB
MemAvailable:    1446520 kB
Buffers:           90904 kB
Cached:           846444 kB
MemTotal:        1844596 kB
MemFree:          528480 kB
MemAvailable:    1445032 kB
Buffers:           90904 kB
Cached:           846444 kB
MemTotal:        1844596 kB
MemFree:          525488 kB
MemAvailable:    1442040 kB
Buffers:           90904 kB
Cached:           846444 kB
MemTotal:        1844596 kB
MemFree:          525256 kB
MemAvailable:    1441808 kB
Buffers:           90904 kB
Cached:           846444 kB
MemTotal:        1844596 kB
MemFree:          521784 kB
MemAvailable:    1438336 kB
Buffers:           90904 kB
Cached:           846444 kB
MemTotal:        1844596 kB
MemFree:          519676 kB
MemAvailable:    1436228 kB
Buffers:           90904 kB
Cached:           846444 kB
MemTotal:        1844596 kB
MemFree:          515956 kB
MemAvailable:    1432508 kB
Buffers:           90904 kB
Cached:           846444 kB
MemTotal:        1844596 kB
MemFree:          513708 kB
MemAvailable:    1430260 kB
Buffers:           90904 kB
Cached:           846444 kB
MemTotal:        1844596 kB
MemFree:          513792 kB
MemAvailable:    1430344 kB
Buffers:           90904 kB
Cached:           846444 kB
MemTotal:        1844596 kB
MemFree:          513580 kB
MemAvailable:    1430132 kB
Buffers:           90904 kB
Cached:           846444 kB
MemTotal:        1844596 kB
MemFree:          513836 kB
MemAvailable:    1430388 kB
Buffers:           90904 kB
Cached:           846444 kB
MemTotal:        1844596 kB
MemFree:          513664 kB
MemAvailable:    1430216 kB
Buffers:           90904 kB
Cached:           846444 kB
MemTotal:        1844596 kB
MemFree:          513468 kB
MemAvailable:    1430020 kB
Buffers:           90904 kB
Cached:           846444 kB
MemTotal:        1844596 kB
MemFree:          512284 kB
MemAvailable:    1428836 kB
Buffers:           90904 kB
Cached:           846444 kB
MemTotal:        1844596 kB
MemFree:          513180 kB
MemAvailable:    1429732 kB
Buffers:           90904 kB
Cached:           846444 kB
MemTotal:        1844596 kB
MemFree:          511944 kB
MemAvailable:    1428496 kB
Buffers:           90904 kB
Cached:           846444 kB
MemTotal:        1844596 kB
MemFree:          512232 kB
MemAvailable:    1428784 kB
Buffers:           90904 kB
Cached:           846444 kB
MemTotal:        1844596 kB
MemFree:          512100 kB
MemAvailable:    1428652 kB
Buffers:           90904 kB
Cached:           846444 kB
MemTotal:        1844596 kB
MemFree:          513460 kB
MemAvailable:    1430012 kB
Buffers:           90904 kB
Cached:           846444 kB
MemTotal:        1844596 kB
MemFree:          513460 kB
MemAvailable:    1430012 kB
Buffers:           90904 kB
Cached:           846444 kB
MemTotal:        1844596 kB
MemFree:          511492 kB
MemAvailable:    1428044 kB
Buffers:           90904 kB
Cached:           846444 kB
MemTotal:        1844596 kB
MemFree:          511608 kB
MemAvailable:    1428160 kB
Buffers:           90904 kB
Cached:           846444 kB
MemTotal:        1844596 kB
MemFree:          511484 kB
MemAvailable:    1428036 kB
Buffers:           90904 kB
Cached:           846444 kB
MemTotal:        1844596 kB
MemFree:          512784 kB
MemAvailable:    1429336 kB
Buffers:           90904 kB
Cached:           846444 kB
MemTotal:        1844596 kB
MemFree:          511352 kB
MemAvailable:    1427904 kB
Buffers:           90904 kB
Cached:           846444 kB
MemTotal:        1844596 kB
MemFree:          512652 kB
MemAvailable:    1429204 kB
Buffers:           90904 kB
Cached:           846444 kB
MemTotal:        1844596 kB
MemFree:          512604 kB
MemAvailable:    1429156 kB
Buffers:           90904 kB
Cached:           846444 kB
MemTotal:        1844596 kB
MemFree:          512400 kB
MemAvailable:    1428952 kB
Buffers:           90904 kB
Cached:           846444 kB
MemTotal:        1844596 kB
MemFree:          512400 kB
MemAvailable:    1428952 kB
Buffers:           90904 kB
Cached:           846444 kB
MemTotal:        1844596 kB
MemFree:          512288 kB
MemAvailable:    1428840 kB
Buffers:           90904 kB
Cached:           846444 kB
MemTotal:        1844596 kB
MemFree:          511852 kB
MemAvailable:    1428404 kB
Buffers:           90904 kB
Cached:           846444 kB
MemTotal:        1844596 kB
MemFree:          512640 kB
MemAvailable:    1429192 kB
Buffers:           90904 kB
Cached:           846444 kB
MemTotal:        1844596 kB
MemFree:          511856 kB
MemAvailable:    1428408 kB
Buffers:           90904 kB
Cached:           846444 kB
MemTotal:        1844596 kB
MemFree:          512784 kB
MemAvailable:    1429340 kB
Buffers:           90904 kB
Cached:           846448 kB
MemTotal:        1844596 kB
MemFree:          512460 kB
MemAvailable:    1429016 kB
Buffers:           90904 kB
Cached:           846448 kB
MemTotal:        1844596 kB
MemFree:          512796 kB
MemAvailable:    1429352 kB
Buffers:           90904 kB
Cached:           846448 kB
MemTotal:        1844596 kB
MemFree:          511344 kB
MemAvailable:    1427900 kB
Buffers:           90904 kB
Cached:           846448 kB
MemTotal:        1844596 kB
MemFree:          511344 kB
MemAvailable:    1427900 kB
Buffers:           90904 kB
Cached:           846448 kB
MemTotal:        1844596 kB
MemFree:          512404 kB
MemAvailable:    1428960 kB
Buffers:           90904 kB
Cached:           846448 kB
MemTotal:        1844596 kB
MemFree:          512404 kB
MemAvailable:    1428960 kB
Buffers:           90904 kB
Cached:           846448 kB
MemTotal:        1844596 kB
MemFree:          509756 kB
MemAvailable:    1426312 kB
Buffers:           90904 kB
Cached:           846448 kB
MemTotal:        1844596 kB
MemFree:          506844 kB
MemAvailable:    1423400 kB
Buffers:           90904 kB
Cached:           846448 kB
MemTotal:        1844596 kB
MemFree:          503548 kB
MemAvailable:    1420104 kB
Buffers:           90904 kB
Cached:           846448 kB
MemTotal:        1844596 kB
MemFree:          500580 kB
MemAvailable:    1417136 kB
Buffers:           90904 kB
Cached:           846448 kB
MemTotal:        1844596 kB
MemFree:          497604 kB
MemAvailable:    1414160 kB
Buffers:           90904 kB
Cached:           846448 kB
MemTotal:        1844596 kB
MemFree:          497432 kB
MemAvailable:    1413988 kB
Buffers:           90904 kB
Cached:           846448 kB
MemTotal:        1844596 kB
MemFree:          494332 kB
MemAvailable:    1410888 kB
Buffers:           90904 kB
Cached:           846448 kB
MemTotal:        1844596 kB
MemFree:          494124 kB
MemAvailable:    1410680 kB
Buffers:           90904 kB
Cached:           846448 kB
MemTotal:        1844596 kB
MemFree:          494292 kB
MemAvailable:    1410848 kB
Buffers:           90904 kB
Cached:           846448 kB
MemTotal:        1844596 kB
MemFree:          494512 kB
MemAvailable:    1411068 kB
Buffers:           90904 kB
Cached:           846448 kB
MemTotal:        1844596 kB
MemFree:          493000 kB
MemAvailable:    1409556 kB
Buffers:           90904 kB
Cached:           846448 kB
MemTotal:        1844596 kB
MemFree:          494560 kB
MemAvailable:    1411116 kB
Buffers:           90904 kB
Cached:           846448 kB
MemTotal:        1844596 kB
MemFree:          493512 kB
MemAvailable:    1410068 kB
Buffers:           90904 kB
Cached:           846448 kB
MemTotal:        1844596 kB
MemFree:          494628 kB
MemAvailable:    1411184 kB
Buffers:           90904 kB
Cached:           846448 kB
MemTotal:        1844596 kB
MemFree:          493512 kB
MemAvailable:    1410068 kB
Buffers:           90904 kB
Cached:           846448 kB
MemTotal:        1844596 kB
MemFree:          494240 kB
MemAvailable:    1410796 kB
Buffers:           90904 kB
Cached:           846448 kB
MemTotal:        1844596 kB
MemFree:          494200 kB
MemAvailable:    1410756 kB
Buffers:           90904 kB
Cached:           846448 kB
MemTotal:        1844596 kB
MemFree:          494176 kB
MemAvailable:    1410732 kB
Buffers:           90904 kB
Cached:           846448 kB
MemTotal:        1844596 kB
MemFree:          494256 kB
MemAvailable:    1410812 kB
Buffers:           90904 kB
Cached:           846448 kB
MemTotal:        1844596 kB
MemFree:          494236 kB
MemAvailable:    1410792 kB
Buffers:           90904 kB
Cached:           846448 kB
MemTotal:        1844596 kB
MemFree:          494388 kB
MemAvailable:    1410944 kB
Buffers:           90904 kB
Cached:           846448 kB
MemTotal:        1844596 kB
MemFree:          492968 kB
MemAvailable:    1409524 kB
Buffers:           90904 kB
Cached:           846448 kB
MemTotal:        1844596 kB
MemFree:          493128 kB
MemAvailable:    1409684 kB
Buffers:           90904 kB
Cached:           846448 kB
MemTotal:        1844596 kB
MemFree:          493128 kB
MemAvailable:    1409684 kB
Buffers:           90904 kB
Cached:           846448 kB
MemTotal:        1844596 kB
MemFree:          494444 kB
MemAvailable:    1411000 kB
Buffers:           90904 kB
Cached:           846448 kB
MemTotal:        1844596 kB
MemFree:          494232 kB
MemAvailable:    1410788 kB
Buffers:           90904 kB
Cached:           846448 kB
MemTotal:        1844596 kB
MemFree:          494488 kB
MemAvailable:    1411044 kB
Buffers:           90904 kB
Cached:           846448 kB
MemTotal:        1844596 kB
MemFree:          494308 kB
MemAvailable:    1410864 kB
Buffers:           90904 kB
Cached:           846448 kB
MemTotal:        1844596 kB
MemFree:          493520 kB
MemAvailable:    1410076 kB
Buffers:           90904 kB
Cached:           846448 kB
MemTotal:        1844596 kB
MemFree:          494496 kB
MemAvailable:    1411056 kB
Buffers:           90904 kB
Cached:           846452 kB
MemTotal:        1844596 kB
MemFree:          494580 kB
MemAvailable:    1411140 kB
Buffers:           90904 kB
Cached:           846452 kB
MemTotal:        1844596 kB
MemFree:          494260 kB
MemAvailable:    1410820 kB
Buffers:           90904 kB
Cached:           846452 kB
MemTotal:        1844596 kB
MemFree:          493140 kB
MemAvailable:    1409700 kB
Buffers:           90904 kB
Cached:           846452 kB
MemTotal:        1844596 kB
MemFree:          493100 kB
MemAvailable:    1409660 kB
Buffers:           90904 kB
Cached:           846452 kB
MemTotal:        1844596 kB
MemFree:          494564 kB
MemAvailable:    1411124 kB
Buffers:           90904 kB
Cached:           846452 kB
MemTotal:        1844596 kB
MemFree:          493636 kB
MemAvailable:    1410196 kB
Buffers:           90904 kB
Cached:           846452 kB
MemTotal:        1844596 kB
MemFree:          494284 kB
MemAvailable:    1410844 kB
Buffers:           90904 kB
Cached:           846452 kB
MemTotal:        1844596 kB
MemFree:          494628 kB
MemAvailable:    1411188 kB
Buffers:           90904 kB
Cached:           846452 kB
MemTotal:        1844596 kB
MemFree:          493084 kB
MemAvailable:    1409644 kB
Buffers:           90904 kB
Cached:           846452 kB
MemTotal:        1844596 kB
MemFree:          494360 kB
MemAvailable:    1410920 kB
Buffers:           90904 kB
Cached:           846452 kB
MemTotal:        1844596 kB
MemFree:          492692 kB
MemAvailable:    1409252 kB
Buffers:           90904 kB
Cached:           846452 kB
MemTotal:        1844596 kB
MemFree:          493072 kB
MemAvailable:    1409632 kB
Buffers:           90904 kB
Cached:           846452 kB
MemTotal:        1844596 kB
MemFree:          493072 kB
MemAvailable:    1409632 kB
Buffers:           90904 kB
Cached:           846452 kB
MemTotal:        1844596 kB
MemFree:          493072 kB
MemAvailable:    1409632 kB
Buffers:           90904 kB
Cached:           846452 kB
MemTotal:        1844596 kB
MemFree:          492272 kB
MemAvailable:    1408832 kB
Buffers:           90904 kB
Cached:           846452 kB
MemTotal:        1844596 kB
MemFree:          489172 kB
MemAvailable:    1405732 kB
Buffers:           90904 kB
Cached:           846452 kB
MemTotal:        1844596 kB
MemFree:          484940 kB
MemAvailable:    1401500 kB
Buffers:           90904 kB
Cached:           846452 kB
MemTotal:        1844596 kB
MemFree:          484708 kB
MemAvailable:    1401268 kB
Buffers:           90904 kB
Cached:           846452 kB
MemTotal:        1844596 kB
MemFree:          479624 kB
MemAvailable:    1396184 kB
Buffers:           90904 kB
Cached:           846452 kB
MemTotal:        1844596 kB
MemFree:          476028 kB
MemAvailable:    1392588 kB
Buffers:           90904 kB
Cached:           846452 kB
MemTotal:        1844596 kB
MemFree:          477196 kB
MemAvailable:    1393756 kB
Buffers:           90904 kB
Cached:           846452 kB
MemTotal:        1844596 kB
MemFree:          476160 kB
MemAvailable:    1392720 kB
Buffers:           90904 kB
Cached:           846452 kB
MemTotal:        1844596 kB
MemFree:          476584 kB
MemAvailable:    1393144 kB
Buffers:           90904 kB
Cached:           846452 kB
MemTotal:        1844596 kB
MemFree:          476400 kB
MemAvailable:    1392960 kB
Buffers:           90904 kB
Cached:           846452 kB
MemTotal:        1844596 kB
MemFree:          476012 kB
MemAvailable:    1392572 kB
Buffers:           90904 kB
Cached:           846452 kB
MemTotal:        1844596 kB
MemFree:          476348 kB
MemAvailable:    1392908 kB
Buffers:           90904 kB
Cached:           846452 kB
MemTotal:        1844596 kB
MemFree:          476104 kB
MemAvailable:    1392664 kB
Buffers:           90904 kB
Cached:           846452 kB
MemTotal:        1844596 kB
MemFree:          475044 kB
MemAvailable:    1391604 kB
Buffers:           90904 kB
Cached:           846452 kB
MemTotal:        1844596 kB
MemFree:          475716 kB
MemAvailable:    1392276 kB
Buffers:           90904 kB
Cached:           846452 kB
MemTotal:        1844596 kB
MemFree:          475968 kB
MemAvailable:    1392528 kB
Buffers:           90904 kB
Cached:           846452 kB
MemTotal:        1844596 kB
MemFree:          474484 kB
MemAvailable:    1391044 kB
Buffers:           90904 kB
Cached:           846452 kB
MemTotal:        1844596 kB
MemFree:          474608 kB
MemAvailable:    1391168 kB
Buffers:           90904 kB
Cached:           846452 kB
MemTotal:        1844596 kB
MemFree:          475652 kB
MemAvailable:    1392212 kB
Buffers:           90904 kB
Cached:           846452 kB
MemTotal:        1844596 kB
MemFree:          475012 kB
MemAvailable:    1391572 kB
Buffers:           90904 kB
Cached:           846452 kB
MemTotal:        1844596 kB
MemFree:          474848 kB
MemAvailable:    1391408 kB
Buffers:           90904 kB
Cached:           846452 kB
MemTotal:        1844596 kB
MemFree:          474648 kB
MemAvailable:    1391208 kB
Buffers:           90904 kB
Cached:           846452 kB
MemTotal:        1844596 kB
MemFree:          474648 kB
MemAvailable:    1391208 kB
Buffers:           90904 kB
Cached:           846452 kB
MemTotal:        1844596 kB
MemFree:          474044 kB
MemAvailable:    1390604 kB
Buffers:           90904 kB
Cached:           846452 kB
MemTotal:        1844596 kB
MemFree:          473284 kB
MemAvailable:    1389844 kB
Buffers:           90904 kB
Cached:           846452 kB
MemTotal:        1844596 kB
MemFree:          472308 kB
MemAvailable:    1388868 kB
Buffers:           90904 kB
Cached:           846452 kB
MemTotal:        1844596 kB
MemFree:          473048 kB
MemAvailable:    1389608 kB
Buffers:           90904 kB
Cached:           846452 kB
MemTotal:        1844596 kB
MemFree:          471820 kB
MemAvailable:    1388380 kB
Buffers:           90904 kB
Cached:           846452 kB
MemTotal:        1844596 kB
MemFree:          472236 kB
MemAvailable:    1388796 kB
Buffers:           90904 kB
Cached:           846452 kB
MemTotal:        1844596 kB
MemFree:          470448 kB
MemAvailable:    1387008 kB
Buffers:           90904 kB
Cached:           846452 kB
MemTotal:        1844596 kB
MemFree:          470184 kB
MemAvailable:    1386744 kB
Buffers:           90904 kB
Cached:           846452 kB
MemTotal:        1844596 kB
MemFree:          470184 kB
MemAvailable:    1386744 kB
Buffers:           90904 kB
Cached:           846452 kB
MemTotal:        1844596 kB
MemFree:          469796 kB
MemAvailable:    1386356 kB
Buffers:           90904 kB
Cached:           846452 kB
MemTotal:        1844596 kB
MemFree:          468788 kB
MemAvailable:    1385348 kB
Buffers:           90904 kB
Cached:           846452 kB
MemTotal:        1844596 kB
MemFree:          469672 kB
MemAvailable:    1386232 kB
Buffers:           90904 kB
Cached:           846452 kB
MemTotal:        1844596 kB
MemFree:          469672 kB
MemAvailable:    1386232 kB
Buffers:           90904 kB
Cached:           846452 kB
MemTotal:        1844596 kB
MemFree:          468324 kB
MemAvailable:    1384884 kB
Buffers:           90904 kB
Cached:           846452 kB
MemTotal:        1844596 kB
MemFree:          468700 kB
MemAvailable:    1385260 kB
Buffers:           90904 kB
Cached:           846452 kB
MemTotal:        1844596 kB
MemFree:          469696 kB
MemAvailable:    1386256 kB
Buffers:           90904 kB
Cached:           846452 kB
MemTotal:        1844596 kB
MemFree:          469268 kB
MemAvailable:    1385828 kB
Buffers:           90904 kB
Cached:           846452 kB
MemTotal:        1844596 kB
MemFree:          467216 kB
MemAvailable:    1383776 kB
Buffers:           90904 kB
Cached:           846452 kB
MemTotal:        1844596 kB
MemFree:          468284 kB
MemAvailable:    1384848 kB
Buffers:           90904 kB
Cached:           846456 kB
MemTotal:        1844596 kB
MemFree:          468200 kB
MemAvailable:    1384764 kB
Buffers:           90904 kB
Cached:           846456 kB
MemTotal:        1844596 kB
MemFree:          466960 kB
MemAvailable:    1383524 kB
Buffers:           90904 kB
Cached:           846456 kB
MemTotal:        1844596 kB
MemFree:          468136 kB
MemAvailable:    1384700 kB
Buffers:           90904 kB
Cached:           846456 kB
MemTotal:        1844596 kB
MemFree:          468068 kB
MemAvailable:    1384632 kB
Buffers:           90904 kB
Cached:           846456 kB
MemTotal:        1844596 kB
MemFree:          467208 kB
MemAvailable:    1383772 kB
Buffers:           90904 kB
Cached:           846456 kB
MemTotal:        1844596 kB
MemFree:          466692 kB
MemAvailable:    1383256 kB
Buffers:           90904 kB
Cached:           846456 kB
MemTotal:        1844596 kB
MemFree:          466948 kB
MemAvailable:    1383512 kB
Buffers:           90904 kB
Cached:           846456 kB
MemTotal:        1844596 kB
MemFree:          466948 kB
MemAvailable:    1383512 kB
Buffers:           90904 kB
Cached:           846456 kB
MemTotal:        1844596 kB
MemFree:          466948 kB
MemAvailable:    1383512 kB
Buffers:           90904 kB
Cached:           846456 kB
MemTotal:        1844596 kB
MemFree:          468008 kB
MemAvailable:    1384572 kB
Buffers:           90904 kB
Cached:           846456 kB
MemTotal:        1844596 kB
MemFree:          468008 kB
MemAvailable:    1384572 kB
Buffers:           90904 kB
Cached:           846456 kB
MemTotal:        1844596 kB
MemFree:          466664 kB
MemAvailable:    1383228 kB
Buffers:           90904 kB
Cached:           846456 kB
MemTotal:        1844596 kB
MemFree:          468140 kB
MemAvailable:    1384704 kB
Buffers:           90904 kB
Cached:           846456 kB
MemTotal:        1844596 kB
MemFree:          468096 kB
MemAvailable:    1384660 kB
Buffers:           90904 kB
Cached:           846456 kB
MemTotal:        1844596 kB
MemFree:          468092 kB
MemAvailable:    1384656 kB
Buffers:           90904 kB
Cached:           846456 kB
MemTotal:        1844596 kB
MemFree:          467356 kB
MemAvailable:    1383920 kB
Buffers:           90904 kB
Cached:           846456 kB
MemTotal:        1844596 kB
MemFree:          467224 kB
MemAvailable:    1383796 kB
Buffers:           90904 kB
Cached:           846464 kB
MemTotal:        1844596 kB
MemFree:          468456 kB
MemAvailable:    1385028 kB
Buffers:           90904 kB
Cached:           846464 kB
MemTotal:        1844596 kB
MemFree:          466976 kB
MemAvailable:    1383548 kB
Buffers:           90904 kB
Cached:           846464 kB
MemTotal:        1844596 kB
MemFree:          467224 kB
MemAvailable:    1383796 kB
Buffers:           90904 kB
Cached:           846464 kB
MemTotal:        1844596 kB
MemFree:          466976 kB
MemAvailable:    1383548 kB
Buffers:           90904 kB
Cached:           846464 kB
MemTotal:        1844596 kB
MemFree:          468268 kB
MemAvailable:    1384840 kB
Buffers:           90904 kB
Cached:           846464 kB
MemTotal:        1844596 kB
MemFree:          468036 kB
MemAvailable:    1384608 kB
Buffers:           90904 kB
Cached:           846464 kB
MemTotal:        1844596 kB
MemFree:          468288 kB
MemAvailable:    1384860 kB
Buffers:           90904 kB
Cached:           846464 kB
MemTotal:        1844596 kB
MemFree:          466720 kB
MemAvailable:    1383292 kB
Buffers:           90904 kB
Cached:           846464 kB
MemTotal:        1844596 kB
MemFree:          466720 kB
MemAvailable:    1383292 kB
Buffers:           90904 kB
Cached:           846464 kB
MemTotal:        1844596 kB
MemFree:          466968 kB
MemAvailable:    1383540 kB
Buffers:           90904 kB
Cached:           846464 kB
MemTotal:        1844596 kB
MemFree:          468036 kB
MemAvailable:    1384608 kB
Buffers:           90904 kB
Cached:           846464 kB
MemTotal:        1844596 kB
MemFree:          468100 kB
MemAvailable:    1384672 kB
Buffers:           90904 kB
Cached:           846464 kB
MemTotal:        1844596 kB
MemFree:          468216 kB
MemAvailable:    1384788 kB
Buffers:           90904 kB
Cached:           846464 kB
MemTotal:        1844596 kB
MemFree:          468128 kB
MemAvailable:    1384700 kB
Buffers:           90904 kB
Cached:           846464 kB
MemTotal:        1844596 kB
MemFree:          467356 kB
MemAvailable:    1383928 kB
Buffers:           90904 kB
Cached:           846464 kB
MemTotal:        1844596 kB
MemFree:          468200 kB
MemAvailable:    1384772 kB
Buffers:           90904 kB
Cached:           846464 kB
MemTotal:        1844596 kB
MemFree:          468200 kB
MemAvailable:    1384772 kB
Buffers:           90904 kB
Cached:           846464 kB
MemTotal:        1844596 kB
MemFree:          468132 kB
MemAvailable:    1384704 kB
Buffers:           90904 kB
Cached:           846464 kB
MemTotal:        1844596 kB
MemFree:          466916 kB
MemAvailable:    1383488 kB
Buffers:           90904 kB
Cached:           846464 kB
MemTotal:        1844596 kB
MemFree:          468032 kB
MemAvailable:    1384604 kB
Buffers:           90904 kB
Cached:           846464 kB
MemTotal:        1844596 kB
MemFree:          466916 kB
MemAvailable:    1383488 kB
Buffers:           90904 kB
Cached:           846464 kB
MemTotal:        1844596 kB
MemFree:          466792 kB
MemAvailable:    1383364 kB
Buffers:           90904 kB
Cached:           846464 kB
MemTotal:        1844596 kB
MemFree:          466792 kB
MemAvailable:    1383364 kB
Buffers:           90904 kB
Cached:           846464 kB
MemTotal:        1844596 kB
MemFree:          467456 kB
MemAvailable:    1384028 kB
Buffers:           90904 kB
Cached:           846464 kB
MemTotal:        1844596 kB
MemFree:          467100 kB
MemAvailable:    1383672 kB
Buffers:           90904 kB
Cached:           846464 kB
MemTotal:        1844596 kB
MemFree:          464124 kB
MemAvailable:    1380696 kB
Buffers:           90904 kB
Cached:           846464 kB
MemTotal:        1844596 kB
MemFree:          460396 kB
MemAvailable:    1376968 kB
Buffers:           90904 kB
Cached:           846464 kB
MemTotal:        1844596 kB
MemFree:          460156 kB
MemAvailable:    1376728 kB
Buffers:           90904 kB
Cached:           846464 kB
MemTotal:        1844596 kB
MemFree:          454072 kB
MemAvailable:    1370644 kB
Buffers:           90904 kB
Cached:           846464 kB
MemTotal:        1844596 kB
MemFree:          453840 kB
MemAvailable:    1370412 kB
Buffers:           90904 kB
Cached:           846464 kB
MemTotal:        1844596 kB
MemFree:          450484 kB
MemAvailable:    1367056 kB
Buffers:           90904 kB
Cached:           846464 kB
MemTotal:        1844596 kB
MemFree:          447508 kB
MemAvailable:    1364080 kB
Buffers:           90904 kB
Cached:           846464 kB
MemTotal:        1844596 kB
MemFree:          448864 kB
MemAvailable:    1365436 kB
Buffers:           90904 kB
Cached:           846464 kB
MemTotal:        1844596 kB
MemFree:          448608 kB
MemAvailable:    1365180 kB
Buffers:           90904 kB
Cached:           846464 kB
MemTotal:        1844596 kB
MemFree:          448128 kB
MemAvailable:    1364700 kB
Buffers:           90904 kB
Cached:           846464 kB
MemTotal:        1844596 kB
MemFree:          448612 kB
MemAvailable:    1365184 kB
Buffers:           90904 kB
Cached:           846464 kB
MemTotal:        1844596 kB
MemFree:          448624 kB
MemAvailable:    1365196 kB
Buffers:           90904 kB
Cached:           846464 kB
MemTotal:        1844596 kB
MemFree:          447756 kB
MemAvailable:    1364328 kB
Buffers:           90904 kB
Cached:           846464 kB
MemTotal:        1844596 kB
MemFree:          448552 kB
MemAvailable:    1365128 kB
Buffers:           90904 kB
Cached:           846468 kB
MemTotal:        1844596 kB
MemFree:          447508 kB
MemAvailable:    1364084 kB
Buffers:           90904 kB
Cached:           846468 kB
MemTotal:        1844596 kB
MemFree:          448560 kB
MemAvailable:    1365136 kB
Buffers:           90904 kB
Cached:           846468 kB
MemTotal:        1844596 kB
MemFree:          447508 kB
MemAvailable:    1364084 kB
Buffers:           90904 kB
Cached:           846468 kB
MemTotal:        1844596 kB
MemFree:          447500 kB
MemAvailable:    1364076 kB
Buffers:           90904 kB
Cached:           846468 kB
MemTotal:        1844596 kB
MemFree:          447460 kB
MemAvailable:    1364036 kB
Buffers:           90904 kB
Cached:           846468 kB
MemTotal:        1844596 kB
MemFree:          448436 kB
MemAvailable:    1365012 kB
Buffers:           90904 kB
Cached:           846468 kB
MemTotal:        1844596 kB
MemFree:          448688 kB
MemAvailable:    1365264 kB
Buffers:           90904 kB
Cached:           846468 kB
MemTotal:        1844596 kB
MemFree:          447204 kB
MemAvailable:    1363780 kB
Buffers:           90904 kB
Cached:           846468 kB
MemTotal:        1844596 kB
MemFree:          448444 kB
MemAvailable:    1365020 kB
Buffers:           90904 kB
Cached:           846468 kB
MemTotal:        1844596 kB
MemFree:          447384 kB
MemAvailable:    1363960 kB
Buffers:           90904 kB
Cached:           846468 kB
MemTotal:        1844596 kB
MemFree:          448192 kB
MemAvailable:    1364768 kB
Buffers:           90904 kB
Cached:           846468 kB
MemTotal:        1844596 kB
MemFree:          448444 kB
MemAvailable:    1365020 kB
Buffers:           90904 kB
Cached:           846468 kB
MemTotal:        1844596 kB
MemFree:          448376 kB
MemAvailable:    1364952 kB
Buffers:           90904 kB
Cached:           846468 kB
MemTotal:        1844596 kB
MemFree:          448256 kB
MemAvailable:    1364832 kB
Buffers:           90904 kB
Cached:           846468 kB
MemTotal:        1844596 kB
MemFree:          448108 kB
MemAvailable:    1364684 kB
Buffers:           90904 kB
Cached:           846468 kB
MemTotal:        1844596 kB
MemFree:          447828 kB
MemAvailable:    1364404 kB
Buffers:           90904 kB
Cached:           846468 kB
MemTotal:        1844596 kB
MemFree:          447924 kB
MemAvailable:    1364500 kB
Buffers:           90904 kB
Cached:           846468 kB
MemTotal:        1844596 kB
MemFree:          447924 kB
MemAvailable:    1364500 kB
Buffers:           90904 kB
Cached:           846468 kB
MemTotal:        1844596 kB
MemFree:          447492 kB
MemAvailable:    1364068 kB
Buffers:           90904 kB
Cached:           846468 kB
MemTotal:        1844596 kB
MemFree:          446392 kB
MemAvailable:    1362968 kB
Buffers:           90904 kB
Cached:           846468 kB
MemTotal:        1844596 kB
MemFree:          441168 kB
MemAvailable:    1357744 kB
Buffers:           90904 kB
Cached:           846468 kB
MemTotal:        1844596 kB
MemFree:          440636 kB
MemAvailable:    1357212 kB
Buffers:           90904 kB
Cached:           846468 kB
MemTotal:        1844596 kB
MemFree:          438068 kB
MemAvailable:    1354644 kB
Buffers:           90904 kB
Cached:           846468 kB
MemTotal:        1844596 kB
MemFree:          438664 kB
MemAvailable:    1355240 kB
Buffers:           90904 kB
Cached:           846468 kB
MemTotal:        1844596 kB
MemFree:          437340 kB
MemAvailable:    1353916 kB
Buffers:           90904 kB
Cached:           846468 kB
MemTotal:        1844596 kB
MemFree:          438148 kB
MemAvailable:    1354724 kB
Buffers:           90904 kB
Cached:           846468 kB
MemTotal:        1844596 kB
MemFree:          438148 kB
MemAvailable:    1354724 kB
Buffers:           90904 kB
Cached:           846468 kB
MemTotal:        1844596 kB
MemFree:          438136 kB
MemAvailable:    1354712 kB
Buffers:           90904 kB
Cached:           846468 kB
MemTotal:        1844596 kB
MemFree:          435480 kB
MemAvailable:    1352056 kB
Buffers:           90904 kB
Cached:           846468 kB
MemTotal:        1844596 kB
MemFree:          436276 kB
MemAvailable:    1352852 kB
Buffers:           90904 kB
Cached:           846468 kB
MemTotal:        1844596 kB
MemFree:          436228 kB
MemAvailable:    1352804 kB
Buffers:           90904 kB
Cached:           846468 kB
MemTotal:        1844596 kB
MemFree:          436080 kB
MemAvailable:    1352656 kB
Buffers:           90904 kB
Cached:           846468 kB
MemTotal:        1844596 kB
MemFree:          435060 kB
MemAvailable:    1351636 kB
Buffers:           90904 kB
Cached:           846468 kB
MemTotal:        1844596 kB
MemFree:          435788 kB
MemAvailable:    1352532 kB
Buffers:           90904 kB
Cached:           846716 kB
MemTotal:        1844596 kB
MemFree:          434564 kB
MemAvailable:    1351308 kB
Buffers:           90904 kB
Cached:           846716 kB
MemTotal:        1844596 kB
MemFree:          435980 kB
MemAvailable:    1352892 kB
Buffers:           90904 kB
Cached:           846840 kB
MemTotal:        1844596 kB
MemFree:          435856 kB
MemAvailable:    1352852 kB
Buffers:           90904 kB
Cached:           846840 kB
MemTotal:        1844596 kB
MemFree:          434612 kB
MemAvailable:    1351608 kB
Buffers:           90904 kB
Cached:           846964 kB
MemTotal:        1844596 kB
MemFree:          435340 kB
MemAvailable:    1352544 kB
Buffers:           90904 kB
Cached:           847096 kB
MemTotal:        1844596 kB
MemFree:          435676 kB
MemAvailable:    1352880 kB
Buffers:           90904 kB
Cached:           847096 kB
MemTotal:        1844596 kB
MemFree:          434108 kB
MemAvailable:    1351312 kB
Buffers:           90904 kB
Cached:           847096 kB
MemTotal:        1844596 kB
MemFree:          435472 kB
MemAvailable:    1352676 kB
Buffers:           90904 kB
Cached:           847096 kB
MemTotal:        1844596 kB
MemFree:          435492 kB
MemAvailable:    1352696 kB
Buffers:           90904 kB
Cached:           847096 kB
MemTotal:        1844596 kB
MemFree:          435360 kB
MemAvailable:    1352564 kB
Buffers:           90904 kB
Cached:           847096 kB
MemTotal:        1844596 kB
MemFree:          435328 kB
MemAvailable:    1352532 kB
Buffers:           90904 kB
Cached:           847096 kB
MemTotal:        1844596 kB
MemFree:          435328 kB
MemAvailable:    1352532 kB
Buffers:           90904 kB
Cached:           847096 kB
MemTotal:        1844596 kB
MemFree:          435176 kB
MemAvailable:    1352548 kB
Buffers:           90904 kB
Cached:           847344 kB
MemTotal:        1844596 kB
MemFree:          435428 kB
MemAvailable:    1352800 kB
Buffers:           90904 kB
Cached:           847344 kB
MemTotal:        1844596 kB
MemFree:          437820 kB
MemAvailable:    1354436 kB
Buffers:           90904 kB
Cached:           846588 kB
MemTotal:        1844596 kB
MemFree:          513484 kB
MemAvailable:    1430100 kB
Buffers:           90904 kB
Cached:           846588 kB
MemTotal:        1844596 kB
MemFree:          601988 kB
MemAvailable:    1518604 kB
Buffers:           90904 kB
Cached:           846588 kB
