MemTotal:        1844596 kB
MemFree:          633140 kB
MemAvailable:    1546808 kB
Buffers:           90820 kB
Cached:           843784 kB
MemTotal:        1844596 kB
MemFree:          604504 kB
MemAvailable:    1518176 kB
Buffers:           90820 kB
Cached:           843788 kB
MemTotal:        1844596 kB
MemFree:          604256 kB
MemAvailable:    1517928 kB
Buffers:           90820 kB
Cached:           843788 kB
MemTotal:        1844596 kB
MemFree:          605132 kB
MemAvailable:    1518804 kB
Buffers:           90820 kB
Cached:           843788 kB
MemTotal:        1844596 kB
MemFree:          602156 kB
MemAvailable:    1515828 kB
Buffers:           90820 kB
Cached:           843788 kB
MemTotal:        1844596 kB
MemFree:          600916 kB
MemAvailable:    1514588 kB
Buffers:           90820 kB
Cached:           843788 kB
MemTotal:        1844596 kB
MemFree:          600404 kB
MemAvailable:    1514076 kB
Buffers:           90820 kB
Cached:           843788 kB
MemTotal:        1844596 kB
MemFree:          600296 kB
MemAvailable:    1513968 kB
Buffers:           90820 kB
Cached:           843788 kB
MemTotal:        1844596 kB
MemFree:          599008 kB
MemAvailable:    1512680 kB
Buffers:           90820 kB
Cached:           843788 kB
MemTotal:        1844596 kB
MemFree:          595584 kB
MemAvailable:    1509256 kB
Buffers:           90820 kB
Cached:           843788 kB
MemTotal:        1844596 kB
MemFree:          590988 kB
MemAvailable:    1504660 kB
Buffers:           90820 kB
Cached:           843788 kB
MemTotal:        1844596 kB
MemFree:          590260 kB
MemAvailable:    1503932 kB
Buffers:           90820 kB
Cached:           843788 kB
MemTotal:        1844596 kB
MemFree:          593172 kB
MemAvailable:    1506848 kB
Buffers:           90820 kB
Cached:           843788 kB
MemTotal:        1844596 kB
MemFree:          593344 kB
MemAvailable:    1507020 kB
Buffers:           90820 kB
Cached:           843788 kB
MemTotal:        1844596 kB
MemFree:          592112 kB
MemAvailable:    1505788 kB
Buffers:           90820 kB
Cached:           843788 kB
MemTotal:        1844596 kB
MemFree:          591980 kB
MemAvailable:    1505656 kB
Buffers:           90820 kB
Cached:           843788 kB
MemTotal:        1844596 kB
MemFree:          593468 kB
MemAvailable:    1507144 kB
Buffers:           90820 kB
Cached:           843788 kB
MemTotal:        1844596 kB
MemFree:          593344 kB
MemAvailable:    1507020 kB
Buffers:           90820 kB
Cached:           843788 kB
MemTotal:        1844596 kB
MemFree:          592716 kB
MemAvailable:    1506392 kB
Buffers:           90820 kB
Cached:           843788 kB
MemTotal:        1844596 kB
MemFree:          592800 kB
MemAvailable:    1506476 kB
Buffers:           90820 kB
Cached:           843788 kB
MemTotal:        1844596 kB
MemFree:          592720 kB
MemAvailable:    1506396 kB
Buffers:           90820 kB
Cached:           843788 kB
MemTotal:        1844596 kB
MemFree:          592732 kB
MemAvailable:    1506408 kB
Buffers:           90820 kB
Cached:           843788 kB
MemTotal:        1844596 kB
MemFree:          591864 kB
MemAvailable:    1505540 kB
Buffers:           90820 kB
Cached:           843788 kB
MemTotal:        1844596 kB
MemFree:          592344 kB
MemAvailable:    1506020 kB
Buffers:           90820 kB
Cached:           843788 kB
MemTotal:        1844596 kB
MemFree:          591740 kB
MemAvailable:    1505416 kB
Buffers:           90820 kB
Cached:           843788 kB
MemTotal:        1844596 kB
MemFree:          590940 kB
MemAvailable:    1504616 kB
Buffers:           90820 kB
Cached:           843788 kB
MemTotal:        1844596 kB
MemFree:          591064 kB
MemAvailable:    1504740 kB
Buffers:           90820 kB
Cached:           843788 kB
MemTotal:        1844596 kB
MemFree:          591800 kB
MemAvailable:    1505476 kB
Buffers:           90820 kB
Cached:           843788 kB
MemTotal:        1844596 kB
MemFree:          590632 kB
MemAvailable:    1504308 kB
Buffers:           90820 kB
Cached:           843788 kB
MemTotal:        1844596 kB
MemFree:          591352 kB
MemAvailable:    1505028 kB
Buffers:           90820 kB
Cached:           843788 kB
MemTotal:        1844596 kB
MemFree:          591688 kB
MemAvailable:    1505364 kB
Buffers:           90820 kB
Cached:           843788 kB
MemTotal:        1844596 kB
MemFree:          590872 kB
MemAvailable:    1504548 kB
Buffers:           90820 kB
Cached:           843788 kB
MemTotal:        1844596 kB
MemFree:          589508 kB
MemAvailable:    1503184 kB
Buffers:           90820 kB
Cached:           843788 kB
MemTotal:        1844596 kB
MemFree:          590484 kB
MemAvailable:    1504160 kB
Buffers:           90820 kB
Cached:           843788 kB
MemTotal:        1844596 kB
MemFree:          590128 kB
MemAvailable:    1503804 kB
Buffers:           90820 kB
Cached:           843788 kB
MemTotal:        1844596 kB
MemFree:          590196 kB
MemAvailable:    1503872 kB
Buffers:           90820 kB
Cached:           843788 kB
MemTotal:        1844596 kB
MemFree:          588948 kB
MemAvailable:    1502624 kB
Buffers:           90820 kB
Cached:           843788 kB
MemTotal:        1844596 kB
MemFree:          589080 kB
MemAvailable:    1502756 kB
Buffers:           90820 kB
Cached:           843788 kB
MemTotal:        1844596 kB
MemFree:          589072 kB
MemAvailable:    1502748 kB
Buffers:           90820 kB
Cached:           843788 kB
MemTotal:        1844596 kB
MemFree:          588948 kB
MemAvailable:    1502624 kB
Buffers:           90820 kB
Cached:           843788 kB
MemTotal:        1844596 kB
MemFree:          587268 kB
MemAvailable:    1500944 kB
Buffers:           90820 kB
Cached:           843788 kB
MemTotal:        1844596 kB
MemFree:          587356 kB
MemAvailable:    1501032 kB
Buffers:           90820 kB
Cached:           843788 kB
MemTotal:        1844596 kB
MemFree:          585104 kB
MemAvailable:    1498780 kB
Buffers:           90820 kB
Cached:           843788 kB
MemTotal:        1844596 kB
MemFree:          583928 kB
MemAvailable:    1497604 kB
Buffers:           90820 kB
Cached:           843788 kB
MemTotal:        1844596 kB
MemFree:          584776 kB
MemAvailable:    1498452 kB
Buffers:           90820 kB
Cached:           843788 kB
MemTotal:        1844596 kB
MemFree:          585032 kB
MemAvailable:    1498708 kB
Buffers:           90820 kB
Cached:           843788 kB
MemTotal:        1844596 kB
MemFree:          584588 kB
MemAvailable:    1498264 kB
Buffers:           90820 kB
Cached:           843788 kB
MemTotal:        1844596 kB
MemFree:          584840 kB
MemAvailable:    1498516 kB
Buffers:           90820 kB
Cached:           843788 kB
MemTotal:        1844596 kB
MemFree:          584608 kB
MemAvailable:    1498284 kB
Buffers:           90820 kB
Cached:           843788 kB
MemTotal:        1844596 kB
MemFree:          583652 kB
MemAvailable:    1497328 kB
Buffers:           90820 kB
Cached:           843788 kB
MemTotal:        1844596 kB
MemFree:          583644 kB
MemAvailable:    1497320 kB
Buffers:           90820 kB
Cached:           843788 kB
MemTotal:        1844596 kB
MemFree:          584176 kB
MemAvailable:    1497852 kB
Buffers:           90820 kB
Cached:           843788 kB
MemTotal:        1844596 kB
MemFree:          583168 kB
MemAvailable:    1496844 kB
Buffers:           90820 kB
Cached:           843788 kB
MemTotal:        1844596 kB
MemFree:          583252 kB
MemAvailable:    1496928 kB
Buffers:           90820 kB
Cached:           843788 kB
MemTotal:        1844596 kB
MemFree:          584528 kB
MemAvailable:    1498204 kB
Buffers:           90820 kB
Cached:           843788 kB
MemTotal:        1844596 kB
MemFree:          584780 kB
MemAvailable:    1498456 kB
Buffers:           90820 kB
Cached:           843788 kB
MemTotal:        1844596 kB
MemFree:          583980 kB
MemAvailable:    1497656 kB
Buffers:           90820 kB
Cached:           843788 kB
MemTotal:        1844596 kB
MemFree:          578572 kB
MemAvailable:    1492248 kB
Buffers:           90820 kB
Cached:           843788 kB
MemTotal:        1844596 kB
MemFree:          578572 kB
MemAvailable:    1492248 kB
Buffers:           90820 kB
Cached:           843788 kB
MemTotal:        1844596 kB
MemFree:          577216 kB
MemAvailable:    1490892 kB
Buffers:           90820 kB
Cached:           843788 kB
MemTotal:        1844596 kB
MemFree:          578284 kB
MemAvailable:    1491960 kB
Buffers:           90820 kB
Cached:           843788 kB
MemTotal:        1844596 kB
MemFree:          576604 kB
MemAvailable:    1490280 kB
Buffers:           90820 kB
Cached:           843788 kB
MemTotal:        1844596 kB
MemFree:          576496 kB
MemAvailable:    1490172 kB
Buffers:           90820 kB
Cached:           843788 kB
MemTotal:        1844596 kB
MemFree:          575116 kB
MemAvailable:    1488792 kB
Buffers:           90820 kB
Cached:           843788 kB
MemTotal:        1844596 kB
MemFree:          575984 kB
MemAvailable:    1489660 kB
Buffers:           90820 kB
Cached:           843788 kB
MemTotal:        1844596 kB
MemFree:          574752 kB
MemAvailable:    1488428 kB
Buffers:           90820 kB
Cached:           843788 kB
MemTotal:        1844596 kB
MemFree:          574864 kB
MemAvailable:    1488540 kB
Buffers:           90820 kB
Cached:           843788 kB
MemTotal:        1844596 kB
MemFree:          576100 kB
MemAvailable:    1489776 kB
Buffers:           90820 kB
Cached:           843788 kB
MemTotal:        1844596 kB
MemFree:          574472 kB
MemAvailable:    1488148 kB
Buffers:           90820 kB
Cached:           843788 kB
MemTotal:        1844596 kB
MemFree:          575672 kB
MemAvailable:    1489348 kB
Buffers:           90820 kB
Cached:           843788 kB
MemTotal:        1844596 kB
MemFree:          574468 kB
MemAvailable:    1488144 kB
Buffers:           90820 kB
Cached:           843788 kB
MemTotal:        1844596 kB
MemFree:          575680 kB
MemAvailable:    1489356 kB
Buffers:           90820 kB
Cached:           843788 kB
MemTotal:        1844596 kB
MemFree:          574372 kB
MemAvailable:    1488048 kB
Buffers:           90820 kB
Cached:           843788 kB
MemTotal:        1844596 kB
MemFree:          575744 kB
MemAvailable:    1489420 kB
Buffers:           90820 kB
Cached:           843788 kB
MemTotal:        1844596 kB
MemFree:          574496 kB
MemAvailable:    1488172 kB
Buffers:           90820 kB
Cached:           843788 kB
MemTotal:        1844596 kB
MemFree:          575472 kB
MemAvailable:    1489148 kB
Buffers:           90820 kB
Cached:           843788 kB
MemTotal:        1844596 kB
MemFree:          575556 kB
MemAvailable:    1489232 kB
Buffers:           90820 kB
Cached:           843788 kB
MemTotal:        1844596 kB
MemFree:          574076 kB
MemAvailable:    1487752 kB
Buffers:           90820 kB
Cached:           843788 kB
MemTotal:        1844596 kB
MemFree:          574200 kB
MemAvailable:    1487876 kB
Buffers:           90820 kB
Cached:           843788 kB
MemTotal:        1844596 kB
MemFree:          575500 kB
MemAvailable:    1489176 kB
Buffers:           90820 kB
Cached:           843788 kB
MemTotal:        1844596 kB
MemFree:          575288 kB
MemAvailable:    1488964 kB
Buffers:           90820 kB
Cached:           843788 kB
MemTotal:        1844596 kB
MemFree:          575540 kB
MemAvailable:    1489216 kB
Buffers:           90820 kB
Cached:           843788 kB
MemTotal:        1844596 kB
MemFree:          574108 kB
MemAvailable:    1487784 kB
Buffers:           90820 kB
Cached:           843788 kB
MemTotal:        1844596 kB
MemFree:          573388 kB
MemAvailable:    1487064 kB
Buffers:           90820 kB
Cached:           843788 kB
MemTotal:        1844596 kB
MemFree:          570040 kB
MemAvailable:    1483724 kB
Buffers:           90820 kB
Cached:           843796 kB
MemTotal:        1844596 kB
MemFree:          568420 kB
MemAvailable:    1482104 kB
Buffers:           90820 kB
Cached:           843796 kB
MemTotal:        1844596 kB
MemFree:          567676 kB
MemAvailable:    1481360 kB
Buffers:           90820 kB
Cached:           843796 kB
MemTotal:        1844596 kB
MemFree:          567048 kB
MemAvailable:    1480732 kB
Buffers:           90820 kB
Cached:           843796 kB
MemTotal:        1844596 kB
MemFree:          567384 kB
MemAvailable:    1481068 kB
Buffers:           90820 kB
Cached:           843796 kB
MemTotal:        1844596 kB
MemFree:          565700 kB
MemAvailable:    1479384 kB
Buffers:           90820 kB
Cached:           843796 kB
MemTotal:        1844596 kB
MemFree:          565568 kB
MemAvailable:    1479252 kB
Buffers:           90820 kB
Cached:           843796 kB
MemTotal:        1844596 kB
MemFree:          565568 kB
MemAvailable:    1479252 kB
Buffers:           90820 kB
Cached:           843796 kB
MemTotal:        1844596 kB
MemFree:          565576 kB
MemAvailable:    1479260 kB
Buffers:           90820 kB
Cached:           843796 kB
MemTotal:        1844596 kB
MemFree:          566816 kB
MemAvailable:    1480500 kB
Buffers:           90820 kB
Cached:           843796 kB
MemTotal:        1844596 kB
MemFree:          565568 kB
MemAvailable:    1479252 kB
Buffers:           90820 kB
Cached:           843796 kB
MemTotal:        1844596 kB
MemFree:          566672 kB
MemAvailable:    1480356 kB
Buffers:           90820 kB
Cached:           843796 kB
MemTotal:        1844596 kB
MemFree:          565552 kB
MemAvailable:    1479236 kB
Buffers:           90820 kB
Cached:           843796 kB
MemTotal:        1844596 kB
MemFree:          565544 kB
MemAvailable:    1479228 kB
Buffers:           90820 kB
Cached:           843796 kB
MemTotal:        1844596 kB
MemFree:          565504 kB
MemAvailable:    1479188 kB
Buffers:           90820 kB
Cached:           843796 kB
MemTotal:        1844596 kB
MemFree:          565504 kB
MemAvailable:    1479188 kB
Buffers:           90820 kB
Cached:           843796 kB
MemTotal:        1844596 kB
MemFree:          566716 kB
MemAvailable:    1480400 kB
Buffers:           90820 kB
Cached:           843796 kB
MemTotal:        1844596 kB
MemFree:          565576 kB
MemAvailable:    1479260 kB
Buffers:           90820 kB
Cached:           843796 kB
MemTotal:        1844596 kB
MemFree:          565652 kB
MemAvailable:    1479336 kB
Buffers:           90820 kB
Cached:           843796 kB
MemTotal:        1844596 kB
MemFree:          565652 kB
MemAvailable:    1479336 kB
Buffers:           90820 kB
Cached:           843796 kB
MemTotal:        1844596 kB
MemFree:          565404 kB
MemAvailable:    1479088 kB
Buffers:           90820 kB
Cached:           843796 kB
MemTotal:        1844596 kB
MemFree:          566808 kB
MemAvailable:    1480492 kB
Buffers:           90820 kB
Cached:           843796 kB
MemTotal:        1844596 kB
MemFree:          566576 kB
MemAvailable:    1480260 kB
Buffers:           90820 kB
Cached:           843796 kB
MemTotal:        1844596 kB
MemFree:          566644 kB
MemAvailable:    1480328 kB
Buffers:           90820 kB
Cached:           843796 kB
MemTotal:        1844596 kB
MemFree:          565524 kB
MemAvailable:    1479208 kB
Buffers:           90820 kB
Cached:           843796 kB
MemTotal:        1844596 kB
MemFree:          566748 kB
MemAvailable:    1480432 kB
Buffers:           90820 kB
Cached:           843796 kB
MemTotal:        1844596 kB
MemFree:          565436 kB
MemAvailable:    1479120 kB
Buffers:           90820 kB
Cached:           843796 kB
MemTotal:        1844596 kB
MemFree:          566552 kB
MemAvailable:    1480236 kB
Buffers:           90820 kB
Cached:           843796 kB
MemTotal:        1844596 kB
MemFree:          566568 kB
MemAvailable:    1480252 kB
Buffers:           90820 kB
Cached:           843796 kB
MemTotal:        1844596 kB
MemFree:          566636 kB
MemAvailable:    1480320 kB
Buffers:           90820 kB
Cached:           843796 kB
MemTotal:        1844596 kB
MemFree:          566696 kB
MemAvailable:    1480380 kB
Buffers:           90820 kB
Cached:           843796 kB
MemTotal:        1844596 kB
MemFree:          565520 kB
MemAvailable:    1479204 kB
Buffers:           90820 kB
Cached:           843796 kB
MemTotal:        1844596 kB
MemFree:          566732 kB
MemAvailable:    1480416 kB
Buffers:           90820 kB
Cached:           843796 kB
MemTotal:        1844596 kB
MemFree:          565552 kB
MemAvailable:    1479236 kB
Buffers:           90820 kB
Cached:           843796 kB
MemTotal:        1844596 kB
MemFree:          566744 kB
MemAvailable:    1480428 kB
Buffers:           90820 kB
Cached:           843796 kB
MemTotal:        1844596 kB
MemFree:          566912 kB
MemAvailable:    1480596 kB
Buffers:           90820 kB
Cached:           843796 kB
MemTotal:        1844596 kB
MemFree:          565628 kB
MemAvailable:    1479312 kB
Buffers:           90820 kB
Cached:           843796 kB
MemTotal:        1844596 kB
MemFree:          562168 kB
MemAvailable:    1475852 kB
Buffers:           90820 kB
Cached:           843796 kB
MemTotal:        1844596 kB
MemFree:          559428 kB
MemAvailable:    1473112 kB
Buffers:           90820 kB
Cached:           843796 kB
MemTotal:        1844596 kB
MemFree:          556420 kB
MemAvailable:    1470104 kB
Buffers:           90820 kB
Cached:           843796 kB
MemTotal:        1844596 kB
MemFree:          555964 kB
MemAvailable:    1469648 kB
Buffers:           90820 kB
Cached:           843796 kB
MemTotal:        1844596 kB
MemFree:          555964 kB
MemAvailable:    1469648 kB
Buffers:           90820 kB
Cached:           843796 kB
MemTotal:        1844596 kB
MemFree:          555916 kB
MemAvailable:    1469600 kB
Buffers:           90820 kB
Cached:           843796 kB
MemTotal:        1844596 kB
MemFree:          554920 kB
MemAvailable:    1468604 kB
Buffers:           90820 kB
Cached:           843796 kB
MemTotal:        1844596 kB
MemFree:          555724 kB
MemAvailable:    1469412 kB
Buffers:           90820 kB
Cached:           843800 kB
MemTotal:        1844596 kB
MemFree:          556060 kB
MemAvailable:    1469748 kB
Buffers:           90820 kB
Cached:           843800 kB
MemTotal:        1844596 kB
MemFree:          554664 kB
MemAvailable:    1468352 kB
Buffers:           90820 kB
Cached:           843800 kB
MemTotal:        1844596 kB
MemFree:          554656 kB
MemAvailable:    1468344 kB
Buffers:           90820 kB
Cached:           843800 kB
MemTotal:        1844596 kB
MemFree:          555916 kB
MemAvailable:    1469604 kB
Buffers:           90820 kB
Cached:           843800 kB
MemTotal:        1844596 kB
MemFree:          555952 kB
MemAvailable:    1469640 kB
Buffers:           90820 kB
Cached:           843800 kB
MemTotal:        1844596 kB
MemFree:          555160 kB
MemAvailable:    1468848 kB
Buffers:           90820 kB
Cached:           843800 kB
MemTotal:        1844596 kB
MemFree:          555600 kB
MemAvailable:    1469292 kB
Buffers:           90820 kB
Cached:           843804 kB
MemTotal:        1844596 kB
MemFree:          555936 kB
MemAvailable:    1469628 kB
Buffers:           90820 kB
Cached:           843804 kB
MemTotal:        1844596 kB
MemFree:          554540 kB
MemAvailable:    1468232 kB
Buffers:           90820 kB
Cached:           843804 kB
MemTotal:        1844596 kB
MemFree:          554616 kB
MemAvailable:    1468308 kB
Buffers:           90820 kB
Cached:           843804 kB
MemTotal:        1844596 kB
MemFree:          555904 kB
MemAvailable:    1469596 kB
Buffers:           90820 kB
Cached:           843804 kB
MemTotal:        1844596 kB
MemFree:          555592 kB
MemAvailable:    1469284 kB
Buffers:           90820 kB
Cached:           843804 kB
MemTotal:        1844596 kB
MemFree:          555928 kB
MemAvailable:    1469620 kB
Buffers:           90820 kB
Cached:           843804 kB
MemTotal:        1844596 kB
MemFree:          555768 kB
MemAvailable:    1469460 kB
Buffers:           90820 kB
Cached:           843804 kB
MemTotal:        1844596 kB
MemFree:          554596 kB
MemAvailable:    1468288 kB
Buffers:           90820 kB
Cached:           843804 kB
MemTotal:        1844596 kB
MemFree:          555748 kB
MemAvailable:    1469440 kB
Buffers:           90820 kB
Cached:           843804 kB
MemTotal:        1844596 kB
MemFree:          555284 kB
MemAvailable:    1468976 kB
Buffers:           90820 kB
Cached:           843804 kB
MemTotal:        1844596 kB
MemFree:          554652 kB
MemAvailable:    1468344 kB
Buffers:           90820 kB
Cached:           843804 kB
MemTotal:        1844596 kB
MemFree:          556140 kB
MemAvailable:    1469832 kB
Buffers:           90820 kB
Cached:           843804 kB
MemTotal:        1844596 kB
MemFree:          555712 kB
MemAvailable:    1469404 kB
Buffers:           90820 kB
Cached:           843804 kB
MemTotal:        1844596 kB
MemFree:          555968 kB
MemAvailable:    1469660 kB
Buffers:           90820 kB
Cached:           843804 kB
MemTotal:        1844596 kB
MemFree:          556004 kB
MemAvailable:    1469696 kB
Buffers:           90820 kB
Cached:           843804 kB
MemTotal:        1844596 kB
MemFree:          554384 kB
MemAvailable:    1468076 kB
Buffers:           90820 kB
Cached:           843804 kB
MemTotal:        1844596 kB
MemFree:          554760 kB
MemAvailable:    1468452 kB
Buffers:           90820 kB
Cached:           843804 kB
MemTotal:        1844596 kB
MemFree:          555756 kB
MemAvailable:    1469448 kB
Buffers:           90820 kB
Cached:           843804 kB
MemTotal:        1844596 kB
MemFree:          555168 kB
MemAvailable:    1468860 kB
Buffers:           90820 kB
Cached:           843804 kB
MemTotal:        1844596 kB
MemFree:          554904 kB
MemAvailable:    1468600 kB
Buffers:           90820 kB
Cached:           843808 kB
MemTotal:        1844596 kB
MemFree:          555904 kB
MemAvailable:    1469600 kB
Buffers:           90820 kB
Cached:           843808 kB
MemTotal:        1844596 kB
MemFree:          555892 kB
MemAvailable:    1469588 kB
Buffers:           90820 kB
Cached:           843808 kB
MemTotal:        1844596 kB
MemFree:          555680 kB
MemAvailable:    1469376 kB
Buffers:           90820 kB
Cached:           843808 kB
MemTotal:        1844596 kB
MemFree:          555664 kB
MemAvailable:    1469360 kB
Buffers:           90820 kB
Cached:           843808 kB
MemTotal:        1844596 kB
MemFree:          554632 kB
MemAvailable:    1468328 kB
Buffers:           90820 kB
Cached:           843808 kB
MemTotal:        1844596 kB
MemFree:          555932 kB
MemAvailable:    1469628 kB
Buffers:           90820 kB
Cached:           843808 kB
MemTotal:        1844596 kB
MemFree:          555784 kB
MemAvailable:    1469480 kB
Buffers:           90820 kB
Cached:           843808 kB
MemTotal:        1844596 kB
MemFree:          554536 kB
MemAvailable:    1468232 kB
Buffers:           90820 kB
Cached:           843808 kB
MemTotal:        1844596 kB
MemFree:          555860 kB
MemAvailable:    1469556 kB
Buffers:           90820 kB
Cached:           843808 kB
MemTotal:        1844596 kB
MemFree:          554612 kB
MemAvailable:    1468308 kB
Buffers:           90820 kB
Cached:           843808 kB
MemTotal:        1844596 kB
MemFree:          554780 kB
MemAvailable:    1468476 kB
Buffers:           90820 kB
Cached:           843808 kB
MemTotal:        1844596 kB
MemFree:          556036 kB
MemAvailable:    1469732 kB
Buffers:           90820 kB
Cached:           843808 kB
MemTotal:        1844596 kB
MemFree:          556036 kB
MemAvailable:    1469732 kB
Buffers:           90820 kB
Cached:           843808 kB
MemTotal:        1844596 kB
MemFree:          555460 kB
MemAvailable:    1469156 kB
Buffers:           90820 kB
Cached:           843808 kB
MemTotal:        1844596 kB
MemFree:          555060 kB
MemAvailable:    1468756 kB
Buffers:           90820 kB
Cached:           843808 kB
MemTotal:        1844596 kB
MemFree:          555292 kB
MemAvailable:    1468988 kB
Buffers:           90820 kB
Cached:           843808 kB
MemTotal:        1844596 kB
MemFree:          555052 kB
MemAvailable:    1468748 kB
Buffers:           90820 kB
Cached:           843808 kB
MemTotal:        1844596 kB
MemFree:          553812 kB
MemAvailable:    1467508 kB
Buffers:           90820 kB
Cached:           843808 kB
MemTotal:        1844596 kB
MemFree:          554632 kB
MemAvailable:    1468328 kB
Buffers:           90820 kB
Cached:           843808 kB
MemTotal:        1844596 kB
MemFree:          554968 kB
MemAvailable:    1468664 kB
Buffers:           90820 kB
Cached:           843808 kB
MemTotal:        1844596 kB
MemFree:          554804 kB
MemAvailable:    1468500 kB
Buffers:           90820 kB
Cached:           843808 kB
MemTotal:        1844596 kB
MemFree:          554672 kB
MemAvailable:    1468368 kB
Buffers:           90820 kB
Cached:           843808 kB
MemTotal:        1844596 kB
MemFree:          553384 kB
MemAvailable:    1467080 kB
Buffers:           90820 kB
Cached:           843808 kB
MemTotal:        1844596 kB
MemFree:          553252 kB
MemAvailable:    1466948 kB
Buffers:           90820 kB
Cached:           843808 kB
MemTotal:        1844596 kB
MemFree:          553252 kB
MemAvailable:    1466948 kB
Buffers:           90820 kB
Cached:           843808 kB
MemTotal:        1844596 kB
MemFree:          553376 kB
MemAvailable:    1467072 kB
Buffers:           90820 kB
Cached:           843808 kB
MemTotal:        1844596 kB
MemFree:          553536 kB
MemAvailable:    1467232 kB
Buffers:           90820 kB
Cached:           843808 kB
MemTotal:        1844596 kB
MemFree:          553288 kB
MemAvailable:    1466984 kB
Buffers:           90820 kB
Cached:           843808 kB
MemTotal:        1844596 kB
MemFree:          553288 kB
MemAvailable:    1466984 kB
Buffers:           90820 kB
Cached:           843808 kB
MemTotal:        1844596 kB
MemFree:          553148 kB
MemAvailable:    1466844 kB
Buffers:           90820 kB
Cached:           843808 kB
MemTotal:        1844596 kB
MemFree:          553156 kB
MemAvailable:    1466852 kB
Buffers:           90820 kB
Cached:           843808 kB
MemTotal:        1844596 kB
MemFree:          554256 kB
MemAvailable:    1467952 kB
Buffers:           90820 kB
Cached:           843808 kB
MemTotal:        1844596 kB
MemFree:          554308 kB
MemAvailable:    1468004 kB
Buffers:           90820 kB
Cached:           843808 kB
MemTotal:        1844596 kB
MemFree:          553012 kB
MemAvailable:    1466708 kB
Buffers:           90820 kB
Cached:           843808 kB
MemTotal:        1844596 kB
MemFree:          553012 kB
MemAvailable:    1466708 kB
Buffers:           90820 kB
Cached:           843808 kB
MemTotal:        1844596 kB
MemFree:          553136 kB
MemAvailable:    1466832 kB
Buffers:           90820 kB
Cached:           843808 kB
MemTotal:        1844596 kB
MemFree:          553928 kB
MemAvailable:    1467624 kB
Buffers:           90820 kB
Cached:           843808 kB
MemTotal:        1844596 kB
MemFree:          554112 kB
MemAvailable:    1467808 kB
Buffers:           90820 kB
Cached:           843808 kB
MemTotal:        1844596 kB
MemFree:          553936 kB
MemAvailable:    1467632 kB
Buffers:           90820 kB
Cached:           843808 kB
MemTotal:        1844596 kB
MemFree:          554004 kB
MemAvailable:    1467700 kB
Buffers:           90820 kB
Cached:           843808 kB
MemTotal:        1844596 kB
MemFree:          552888 kB
MemAvailable:    1466584 kB
Buffers:           90820 kB
Cached:           843808 kB
MemTotal:        1844596 kB
MemFree:          550464 kB
MemAvailable:    1464160 kB
Buffers:           90820 kB
Cached:           843808 kB
MemTotal:        1844596 kB
MemFree:          546496 kB
MemAvailable:    1460192 kB
Buffers:           90820 kB
Cached:           843808 kB
MemTotal:        1844596 kB
MemFree:          543512 kB
MemAvailable:    1457208 kB
Buffers:           90820 kB
Cached:           843808 kB
MemTotal:        1844596 kB
MemFree:          543512 kB
MemAvailable:    1457208 kB
Buffers:           90820 kB
Cached:           843808 kB
MemTotal:        1844596 kB
MemFree:          543076 kB
MemAvailable:    1456772 kB
Buffers:           90820 kB
Cached:           843808 kB
MemTotal:        1844596 kB
MemFree:          541784 kB
MemAvailable:    1455480 kB
Buffers:           90820 kB
Cached:           843808 kB
MemTotal:        1844596 kB
MemFree:          542512 kB
MemAvailable:    1456208 kB
Buffers:           90820 kB
Cached:           843808 kB
MemTotal:        1844596 kB
MemFree:          541784 kB
MemAvailable:    1455480 kB
Buffers:           90820 kB
Cached:           843808 kB
MemTotal:        1844596 kB
MemFree:          542276 kB
MemAvailable:    1455972 kB
Buffers:           90820 kB
Cached:           843808 kB
MemTotal:        1844596 kB
MemFree:          540792 kB
MemAvailable:    1454488 kB
Buffers:           90820 kB
Cached:           843808 kB
MemTotal:        1844596 kB
MemFree:          540784 kB
MemAvailable:    1454480 kB
Buffers:           90820 kB
Cached:           843808 kB
MemTotal:        1844596 kB
MemFree:          541120 kB
MemAvailable:    1454816 kB
Buffers:           90820 kB
Cached:           843808 kB
MemTotal:        1844596 kB
MemFree:          540008 kB
MemAvailable:    1453704 kB
Buffers:           90820 kB
Cached:           843808 kB
MemTotal:        1844596 kB
MemFree:          538188 kB
MemAvailable:    1451884 kB
Buffers:           90820 kB
Cached:           843808 kB
MemTotal:        1844596 kB
MemFree:          539040 kB
MemAvailable:    1452740 kB
Buffers:           90820 kB
Cached:           843812 kB
MemTotal:        1844596 kB
MemFree:          538932 kB
MemAvailable:    1452632 kB
Buffers:           90820 kB
Cached:           843812 kB
MemTotal:        1844596 kB
MemFree:          539000 kB
MemAvailable:    1452700 kB
Buffers:           90820 kB
Cached:           843812 kB
MemTotal:        1844596 kB
MemFree:          537880 kB
MemAvailable:    1451580 kB
Buffers:           90820 kB
Cached:           843812 kB
MemTotal:        1844596 kB
MemFree:          538128 kB
MemAvailable:    1451828 kB
Buffers:           90820 kB
Cached:           843812 kB
MemTotal:        1844596 kB
MemFree:          537880 kB
MemAvailable:    1451580 kB
Buffers:           90820 kB
Cached:           843812 kB
MemTotal:        1844596 kB
MemFree:          539048 kB
MemAvailable:    1452748 kB
Buffers:           90820 kB
Cached:           843812 kB
MemTotal:        1844596 kB
MemFree:          539064 kB
MemAvailable:    1452764 kB
Buffers:           90820 kB
Cached:           843812 kB
MemTotal:        1844596 kB
MemFree:          539060 kB
MemAvailable:    1452760 kB
Buffers:           90820 kB
Cached:           843812 kB
MemTotal:        1844596 kB
MemFree:          539188 kB
MemAvailable:    1452888 kB
Buffers:           90820 kB
Cached:           843812 kB
MemTotal:        1844596 kB
MemFree:          538304 kB
MemAvailable:    1452004 kB
Buffers:           90820 kB
Cached:           843812 kB
MemTotal:        1844596 kB
MemFree:          539008 kB
MemAvailable:    1452712 kB
Buffers:           90820 kB
Cached:           843816 kB
MemTotal:        1844596 kB
MemFree:          539064 kB
MemAvailable:    1452768 kB
Buffers:           90820 kB
Cached:           843816 kB
MemTotal:        1844596 kB
MemFree:          537808 kB
MemAvailable:    1451512 kB
Buffers:           90820 kB
Cached:           843816 kB
MemTotal:        1844596 kB
MemFree:          538420 kB
MemAvailable:    1452124 kB
Buffers:           90820 kB
Cached:           843816 kB
MemTotal:        1844596 kB
MemFree:          537576 kB
MemAvailable:    1451280 kB
Buffers:           90820 kB
Cached:           843816 kB
MemTotal:        1844596 kB
MemFree:          536900 kB
MemAvailable:    1450604 kB
Buffers:           90820 kB
Cached:           843816 kB
MemTotal:        1844596 kB
MemFree:          537444 kB
MemAvailable:    1451148 kB
Buffers:           90820 kB
Cached:           843816 kB
MemTotal:        1844596 kB
MemFree:          537248 kB
MemAvailable:    1450952 kB
Buffers:           90820 kB
Cached:           843816 kB
MemTotal:        1844596 kB
MemFree:          537008 kB
MemAvailable:    1450712 kB
Buffers:           90820 kB
Cached:           843816 kB
MemTotal:        1844596 kB
MemFree:          537080 kB
MemAvailable:    1450784 kB
Buffers:           90820 kB
Cached:           843816 kB
MemTotal:        1844596 kB
MemFree:          535336 kB
MemAvailable:    1449040 kB
Buffers:           90820 kB
Cached:           843816 kB
MemTotal:        1844596 kB
MemFree:          536576 kB
MemAvailable:    1450280 kB
Buffers:           90820 kB
Cached:           843816 kB
MemTotal:        1844596 kB
MemFree:          535080 kB
MemAvailable:    1448784 kB
Buffers:           90820 kB
Cached:           843816 kB
MemTotal:        1844596 kB
MemFree:          535568 kB
MemAvailable:    1449272 kB
Buffers:           90820 kB
Cached:           843816 kB
MemTotal:        1844596 kB
MemFree:          535820 kB
MemAvailable:    1449524 kB
Buffers:           90820 kB
Cached:           843816 kB
MemTotal:        1844596 kB
MemFree:          535536 kB
MemAvailable:    1449240 kB
Buffers:           90820 kB
Cached:           843816 kB
MemTotal:        1844596 kB
MemFree:          535396 kB
MemAvailable:    1449100 kB
Buffers:           90820 kB
Cached:           843816 kB
MemTotal:        1844596 kB
MemFree:          535072 kB
MemAvailable:    1448776 kB
Buffers:           90820 kB
Cached:           843816 kB
MemTotal:        1844596 kB
MemFree:          535156 kB
MemAvailable:    1448860 kB
Buffers:           90820 kB
Cached:           843816 kB
MemTotal:        1844596 kB
MemFree:          533592 kB
MemAvailable:    1447296 kB
Buffers:           90820 kB
Cached:           843816 kB
MemTotal:        1844596 kB
MemFree:          533800 kB
MemAvailable:    1447504 kB
Buffers:           90820 kB
Cached:           843816 kB
MemTotal:        1844596 kB
MemFree:          535012 kB
MemAvailable:    1448716 kB
Buffers:           90820 kB
Cached:           843816 kB
MemTotal:        1844596 kB
MemFree:          533664 kB
MemAvailable:    1447368 kB
Buffers:           90820 kB
Cached:           843816 kB
MemTotal:        1844596 kB
MemFree:          534960 kB
MemAvailable:    1448664 kB
Buffers:           90820 kB
Cached:           843816 kB
MemTotal:        1844596 kB
MemFree:          534888 kB
MemAvailable:    1448592 kB
Buffers:           90820 kB
Cached:           843816 kB
MemTotal:        1844596 kB
MemFree:          535140 kB
MemAvailable:    1448844 kB
Buffers:           90820 kB
Cached:           843816 kB
MemTotal:        1844596 kB
MemFree:          534768 kB
MemAvailable:    1448472 kB
Buffers:           90820 kB
Cached:           843816 kB
MemTotal:        1844596 kB
MemFree:          533716 kB
MemAvailable:    1447420 kB
Buffers:           90820 kB
Cached:           843816 kB
MemTotal:        1844596 kB
MemFree:          534816 kB
MemAvailable:    1448520 kB
Buffers:           90820 kB
Cached:           843816 kB
MemTotal:        1844596 kB
MemFree:          534220 kB
MemAvailable:    1447924 kB
Buffers:           90820 kB
Cached:           843816 kB
MemTotal:        1844596 kB
MemFree:          533460 kB
MemAvailable:    1447164 kB
Buffers:           90820 kB
Cached:           843816 kB
MemTotal:        1844596 kB
MemFree:          533460 kB
MemAvailable:    1447164 kB
Buffers:           90820 kB
Cached:           843816 kB
MemTotal:        1844596 kB
MemFree:          534644 kB
MemAvailable:    1448348 kB
Buffers:           90820 kB
Cached:           843816 kB
MemTotal:        1844596 kB
MemFree:          534468 kB
MemAvailable:    1448172 kB
Buffers:           90820 kB
Cached:           843816 kB
MemTotal:        1844596 kB
MemFree:          533328 kB
MemAvailable:    1447032 kB
Buffers:           90820 kB
Cached:           843816 kB
MemTotal:        1844596 kB
MemFree:          533460 kB
MemAvailable:    1447164 kB
Buffers:           90820 kB
Cached:           843816 kB
MemTotal:        1844596 kB
MemFree:          534436 kB
MemAvailable:    1448140 kB
Buffers:           90820 kB
Cached:           843816 kB
MemTotal:        1844596 kB
MemFree:          534772 kB
MemAvailable:    1448476 kB
Buffers:           90820 kB
Cached:           843816 kB
MemTotal:        1844596 kB
MemFree:          534748 kB
MemAvailable:    1448452 kB
Buffers:           90820 kB
Cached:           843816 kB
MemTotal:        1844596 kB
MemFree:          533408 kB
MemAvailable:    1447112 kB
Buffers:           90820 kB
Cached:           843816 kB
MemTotal:        1844596 kB
MemFree:          533408 kB
MemAvailable:    1447112 kB
Buffers:           90820 kB
Cached:           843816 kB
MemTotal:        1844596 kB
MemFree:          534420 kB
MemAvailable:    1448124 kB
Buffers:           90820 kB
Cached:           843816 kB
MemTotal:        1844596 kB
MemFree:          534660 kB
MemAvailable:    1448364 kB
Buffers:           90820 kB
Cached:           843816 kB
MemTotal:        1844596 kB
MemFree:          533652 kB
MemAvailable:    1447356 kB
Buffers:           90820 kB
Cached:           843816 kB
MemTotal:        1844596 kB
MemFree:          533460 kB
MemAvailable:    1447164 kB
Buffers:           90820 kB
Cached:           843816 kB
MemTotal:        1844596 kB
MemFree:          533272 kB
MemAvailable:    1446976 kB
Buffers:           90820 kB
Cached:           843816 kB
MemTotal:        1844596 kB
MemFree:          531840 kB
MemAvailable:    1445544 kB
Buffers:           90820 kB
Cached:           843816 kB
MemTotal:        1844596 kB
MemFree:          530988 kB
MemAvailable:    1444692 kB
Buffers:           90820 kB
Cached:           843816 kB
MemTotal:        1844596 kB
MemFree:          530988 kB
MemAvailable:    1444692 kB
Buffers:           90820 kB
Cached:           843816 kB
MemTotal:        1844596 kB
MemFree:          528268 kB
MemAvailable:    1441972 kB
Buffers:           90820 kB
Cached:           843816 kB
MemTotal:        1844596 kB
MemFree:          524788 kB
MemAvailable:    1438492 kB
Buffers:           90820 kB
Cached:           843816 kB
MemTotal:        1844596 kB
MemFree:          524672 kB
MemAvailable:    1438376 kB
Buffers:           90820 kB
Cached:           843816 kB
MemTotal:        1844596 kB
MemFree:          520436 kB
MemAvailable:    1434140 kB
Buffers:           90820 kB
Cached:           843816 kB
MemTotal:        1844596 kB
MemFree:          518216 kB
MemAvailable:    1431920 kB
Buffers:           90820 kB
Cached:           843816 kB
MemTotal:        1844596 kB
MemFree:          516232 kB
MemAvailable:    1429936 kB
Buffers:           90820 kB
Cached:           843816 kB
MemTotal:        1844596 kB
MemFree:          515612 kB
MemAvailable:    1429316 kB
Buffers:           90820 kB
Cached:           843816 kB
MemTotal:        1844596 kB
MemFree:          516224 kB
MemAvailable:    1429928 kB
Buffers:           90820 kB
Cached:           843816 kB
MemTotal:        1844596 kB
MemFree:          516240 kB
MemAvailable:    1429944 kB
Buffers:           90820 kB
Cached:           843816 kB
MemTotal:        1844596 kB
MemFree:          516352 kB
MemAvailable:    1430056 kB
Buffers:           90820 kB
Cached:           843816 kB
MemTotal:        1844596 kB
MemFree:          515956 kB
MemAvailable:    1429660 kB
Buffers:           90820 kB
Cached:           843816 kB
MemTotal:        1844596 kB
MemFree:          515356 kB
MemAvailable:    1429060 kB
Buffers:           90820 kB
Cached:           843816 kB
MemTotal:        1844596 kB
MemFree:          515820 kB
MemAvailable:    1429532 kB
Buffers:           90820 kB
Cached:           843824 kB
MemTotal:        1844596 kB
MemFree:          516156 kB
MemAvailable:    1429868 kB
Buffers:           90820 kB
Cached:           843824 kB
MemTotal:        1844596 kB
MemFree:          516108 kB
MemAvailable:    1429820 kB
Buffers:           90820 kB
Cached:           843824 kB
MemTotal:        1844596 kB
MemFree:          515944 kB
MemAvailable:    1429656 kB
Buffers:           90820 kB
Cached:           843824 kB
MemTotal:        1844596 kB
MemFree:          515720 kB
MemAvailable:    1429432 kB
Buffers:           90820 kB
Cached:           843824 kB
MemTotal:        1844596 kB
MemFree:          516056 kB
MemAvailable:    1429768 kB
Buffers:           90820 kB
Cached:           843824 kB
MemTotal:        1844596 kB
MemFree:          515424 kB
MemAvailable:    1429136 kB
Buffers:           90820 kB
Cached:           843824 kB
MemTotal:        1844596 kB
MemFree:          514124 kB
MemAvailable:    1427836 kB
Buffers:           90820 kB
Cached:           843824 kB
MemTotal:        1844596 kB
MemFree:          515060 kB
MemAvailable:    1428772 kB
Buffers:           90820 kB
Cached:           843824 kB
MemTotal:        1844596 kB
MemFree:          514752 kB
MemAvailable:    1428464 kB
Buffers:           90820 kB
Cached:           843824 kB
MemTotal:        1844596 kB
MemFree:          515236 kB
MemAvailable:    1428948 kB
Buffers:           90820 kB
Cached:           843824 kB
MemTotal:        1844596 kB
MemFree:          515124 kB
MemAvailable:    1428836 kB
Buffers:           90820 kB
Cached:           843824 kB
MemTotal:        1844596 kB
MemFree:          515224 kB
MemAvailable:    1428936 kB
Buffers:           90820 kB
Cached:           843824 kB
MemTotal:        1844596 kB
MemFree:          513812 kB
MemAvailable:    1427524 kB
Buffers:           90820 kB
Cached:           843824 kB
MemTotal:        1844596 kB
MemFree:          514920 kB
MemAvailable:    1428632 kB
Buffers:           90820 kB
Cached:           843824 kB
MemTotal:        1844596 kB
MemFree:          515172 kB
MemAvailable:    1428884 kB
Buffers:           90820 kB
Cached:           843824 kB
MemTotal:        1844596 kB
MemFree:          515128 kB
MemAvailable:    1428840 kB
Buffers:           90820 kB
Cached:           843824 kB
MemTotal:        1844596 kB
MemFree:          515112 kB
MemAvailable:    1428828 kB
Buffers:           90820 kB
Cached:           843828 kB
MemTotal:        1844596 kB
MemFree:          514388 kB
MemAvailable:    1428104 kB
Buffers:           90820 kB
Cached:           843828 kB
MemTotal:        1844596 kB
MemFree:          514976 kB
MemAvailable:    1428692 kB
Buffers:           90820 kB
Cached:           843828 kB
MemTotal:        1844596 kB
MemFree:          515312 kB
MemAvailable:    1429028 kB
Buffers:           90820 kB
Cached:           843828 kB
MemTotal:        1844596 kB
MemFree:          515116 kB
MemAvailable:    1428832 kB
Buffers:           90820 kB
Cached:           843828 kB
MemTotal:        1844596 kB
MemFree:          514760 kB
MemAvailable:    1428476 kB
Buffers:           90820 kB
Cached:           843828 kB
MemTotal:        1844596 kB
MemFree:          515248 kB
MemAvailable:    1428964 kB
Buffers:           90820 kB
Cached:           843828 kB
MemTotal:        1844596 kB
MemFree:          514380 kB
MemAvailable:    1428096 kB
Buffers:           90820 kB
Cached:           843828 kB
MemTotal:        1844596 kB
MemFree:          515112 kB
MemAvailable:    1428828 kB
Buffers:           90820 kB
Cached:           843828 kB
MemTotal:        1844596 kB
MemFree:          513996 kB
MemAvailable:    1427712 kB
Buffers:           90820 kB
Cached:           843828 kB
MemTotal:        1844596 kB
MemFree:          513140 kB
MemAvailable:    1426856 kB
Buffers:           90820 kB
Cached:           843828 kB
MemTotal:        1844596 kB
MemFree:          510784 kB
MemAvailable:    1424500 kB
Buffers:           90820 kB
Cached:           843828 kB
MemTotal:        1844596 kB
MemFree:          507620 kB
MemAvailable:    1421336 kB
Buffers:           90820 kB
Cached:           843828 kB
MemTotal:        1844596 kB
MemFree:          503652 kB
MemAvailable:    1417368 kB
Buffers:           90820 kB
Cached:           843828 kB
MemTotal:        1844596 kB
MemFree:          501172 kB
MemAvailable:    1414888 kB
Buffers:           90820 kB
Cached:           843828 kB
MemTotal:        1844596 kB
MemFree:          498508 kB
MemAvailable:    1412224 kB
Buffers:           90820 kB
Cached:           843828 kB
MemTotal:        1844596 kB
MemFree:          496840 kB
MemAvailable:    1410556 kB
Buffers:           90820 kB
Cached:           843828 kB
MemTotal:        1844596 kB
MemFree:          497092 kB
MemAvailable:    1410808 kB
Buffers:           90820 kB
Cached:           843828 kB
MemTotal:        1844596 kB
MemFree:          496960 kB
MemAvailable:    1410676 kB
Buffers:           90820 kB
Cached:           843828 kB
MemTotal:        1844596 kB
MemFree:          497128 kB
MemAvailable:    1410844 kB
Buffers:           90820 kB
Cached:           843828 kB
MemTotal:        1844596 kB
MemFree:          496896 kB
MemAvailable:    1410612 kB
Buffers:           90820 kB
Cached:           843828 kB
MemTotal:        1844596 kB
MemFree:          497208 kB
MemAvailable:    1410924 kB
Buffers:           90820 kB
Cached:           843828 kB
MemTotal:        1844596 kB
MemFree:          495608 kB
MemAvailable:    1409324 kB
Buffers:           90820 kB
Cached:           843828 kB
MemTotal:        1844596 kB
MemFree:          496968 kB
MemAvailable:    1410684 kB
Buffers:           90820 kB
Cached:           843828 kB
MemTotal:        1844596 kB
MemFree:          497136 kB
MemAvailable:    1410852 kB
Buffers:           90820 kB
Cached:           843828 kB
MemTotal:        1844596 kB
MemFree:          496900 kB
MemAvailable:    1410616 kB
Buffers:           90820 kB
Cached:           843828 kB
MemTotal:        1844596 kB
MemFree:          496944 kB
MemAvailable:    1410660 kB
Buffers:           90820 kB
Cached:           843828 kB
MemTotal:        1844596 kB
MemFree:          496152 kB
MemAvailable:    1409868 kB
Buffers:           90820 kB
Cached:           843828 kB
MemTotal:        1844596 kB
MemFree:          496704 kB
MemAvailable:    1410420 kB
Buffers:           90820 kB
Cached:           843828 kB
MemTotal:        1844596 kB
MemFree:          497040 kB
MemAvailable:    1410756 kB
Buffers:           90820 kB
Cached:           843828 kB
MemTotal:        1844596 kB
MemFree:          497100 kB
MemAvailable:    1410816 kB
Buffers:           90820 kB
Cached:           843828 kB
MemTotal:        1844596 kB
MemFree:          496996 kB
MemAvailable:    1410712 kB
Buffers:           90820 kB
Cached:           843828 kB
MemTotal:        1844596 kB
MemFree:          496892 kB
MemAvailable:    1410608 kB
Buffers:           90820 kB
Cached:           843828 kB
MemTotal:        1844596 kB
MemFree:          496888 kB
MemAvailable:    1410604 kB
Buffers:           90820 kB
Cached:           843828 kB
MemTotal:        1844596 kB
MemFree:          495580 kB
MemAvailable:    1409296 kB
Buffers:           90820 kB
Cached:           843828 kB
MemTotal:        1844596 kB
MemFree:          496856 kB
MemAvailable:    1410572 kB
Buffers:           90820 kB
Cached:           843828 kB
MemTotal:        1844596 kB
MemFree:          496780 kB
MemAvailable:    1410496 kB
Buffers:           90820 kB
Cached:           843828 kB
MemTotal:        1844596 kB
MemFree:          495648 kB
MemAvailable:    1409364 kB
Buffers:           90820 kB
Cached:           843828 kB
MemTotal:        1844596 kB
MemFree:          495732 kB
MemAvailable:    1409448 kB
Buffers:           90820 kB
Cached:           843828 kB
MemTotal:        1844596 kB
MemFree:          497004 kB
MemAvailable:    1410720 kB
Buffers:           90820 kB
Cached:           843828 kB
MemTotal:        1844596 kB
MemFree:          497004 kB
MemAvailable:    1410720 kB
Buffers:           90820 kB
Cached:           843828 kB
MemTotal:        1844596 kB
MemFree:          496868 kB
MemAvailable:    1410584 kB
Buffers:           90820 kB
Cached:           843828 kB
MemTotal:        1844596 kB
MemFree:          497020 kB
MemAvailable:    1410736 kB
Buffers:           90820 kB
Cached:           843828 kB
MemTotal:        1844596 kB
MemFree:          496744 kB
MemAvailable:    1410460 kB
Buffers:           90820 kB
Cached:           843828 kB
MemTotal:        1844596 kB
MemFree:          497080 kB
MemAvailable:    1410796 kB
Buffers:           90820 kB
Cached:           843828 kB
MemTotal:        1844596 kB
MemFree:          495588 kB
MemAvailable:    1409304 kB
Buffers:           90820 kB
Cached:           843828 kB
MemTotal:        1844596 kB
MemFree:          497112 kB
MemAvailable:    1410828 kB
Buffers:           90820 kB
Cached:           843828 kB
MemTotal:        1844596 kB
MemFree:          496956 kB
MemAvailable:    1410672 kB
Buffers:           90820 kB
Cached:           843828 kB
MemTotal:        1844596 kB
MemFree:          495756 kB
MemAvailable:    1409472 kB
Buffers:           90820 kB
Cached:           843828 kB
MemTotal:        1844596 kB
MemFree:          496992 kB
MemAvailable:    1410708 kB
Buffers:           90820 kB
Cached:           843828 kB
MemTotal:        1844596 kB
MemFree:          496840 kB
MemAvailable:    1410556 kB
Buffers:           90820 kB
Cached:           843828 kB
MemTotal:        1844596 kB
MemFree:          497092 kB
MemAvailable:    1410808 kB
Buffers:           90820 kB
Cached:           843828 kB
MemTotal:        1844596 kB
MemFree:          495904 kB
MemAvailable:    1409620 kB
Buffers:           90820 kB
Cached:           843828 kB
MemTotal:        1844596 kB
MemFree:          492556 kB
MemAvailable:    1406272 kB
Buffers:           90820 kB
Cached:           843828 kB
MemTotal:        1844596 kB
MemFree:          489952 kB
MemAvailable:    1403668 kB
Buffers:           90820 kB
Cached:           843828 kB
MemTotal:        1844596 kB
MemFree:          484116 kB
MemAvailable:    1397832 kB
Buffers:           90820 kB
Cached:           843828 kB
MemTotal:        1844596 kB
MemFree:          483264 kB
MemAvailable:    1396980 kB
Buffers:           90820 kB
Cached:           843828 kB
MemTotal:        1844596 kB
MemFree:          479644 kB
MemAvailable:    1393360 kB
Buffers:           90820 kB
Cached:           843828 kB
MemTotal:        1844596 kB
MemFree:          479980 kB
MemAvailable:    1393696 kB
Buffers:           90820 kB
Cached:           843828 kB
MemTotal:        1844596 kB
MemFree:          479736 kB
MemAvailable:    1393452 kB
Buffers:           90820 kB
Cached:           843828 kB
MemTotal:        1844596 kB
MemFree:          479768 kB
MemAvailable:    1393484 kB
Buffers:           90820 kB
Cached:           843828 kB
MemTotal:        1844596 kB
MemFree:          478172 kB
MemAvailable:    1391888 kB
Buffers:           90820 kB
Cached:           843828 kB
MemTotal:        1844596 kB
MemFree:          478916 kB
MemAvailable:    1392632 kB
Buffers:           90820 kB
Cached:           843828 kB
MemTotal:        1844596 kB
MemFree:          477544 kB
MemAvailable:    1391260 kB
Buffers:           90820 kB
Cached:           843828 kB
MemTotal:        1844596 kB
MemFree:          478644 kB
MemAvailable:    1392360 kB
Buffers:           90820 kB
Cached:           843828 kB
MemTotal:        1844596 kB
MemFree:          478544 kB
MemAvailable:    1392260 kB
Buffers:           90820 kB
Cached:           843828 kB
MemTotal:        1844596 kB
MemFree:          478580 kB
MemAvailable:    1392304 kB
Buffers:           90820 kB
Cached:           843836 kB
MemTotal:        1844596 kB
MemFree:          478920 kB
MemAvailable:    1392644 kB
Buffers:           90820 kB
Cached:           843836 kB
MemTotal:        1844596 kB
MemFree:          477180 kB
MemAvailable:    1390904 kB
Buffers:           90820 kB
Cached:           843836 kB
MemTotal:        1844596 kB
MemFree:          477180 kB
MemAvailable:    1390904 kB
Buffers:           90820 kB
Cached:           843836 kB
MemTotal:        1844596 kB
MemFree:          478480 kB
MemAvailable:    1392204 kB
Buffers:           90820 kB
Cached:           843836 kB
MemTotal:        1844596 kB
MemFree:          477180 kB
MemAvailable:    1390904 kB
Buffers:           90820 kB
Cached:           843836 kB
MemTotal:        1844596 kB
MemFree:          477412 kB
MemAvailable:    1391136 kB
Buffers:           90820 kB
Cached:           843836 kB
MemTotal:        1844596 kB
MemFree:          477412 kB
MemAvailable:    1391136 kB
Buffers:           90820 kB
Cached:           843836 kB
MemTotal:        1844596 kB
MemFree:          477232 kB
MemAvailable:    1390956 kB
Buffers:           90820 kB
Cached:           843836 kB
MemTotal:        1844596 kB
MemFree:          475320 kB
MemAvailable:    1389044 kB
Buffers:           90820 kB
Cached:           843836 kB
MemTotal:        1844596 kB
MemFree:          476420 kB
MemAvailable:    1390144 kB
Buffers:           90820 kB
Cached:           843836 kB
MemTotal:        1844596 kB
MemFree:          475428 kB
MemAvailable:    1389152 kB
Buffers:           90820 kB
Cached:           843836 kB
MemTotal:        1844596 kB
MemFree:          475072 kB
MemAvailable:    1388796 kB
Buffers:           90820 kB
Cached:           843836 kB
MemTotal:        1844596 kB
MemFree:          475072 kB
MemAvailable:    1388796 kB
Buffers:           90820 kB
Cached:           843836 kB
MemTotal:        1844596 kB
MemFree:          474072 kB
MemAvailable:    1387796 kB
Buffers:           90820 kB
Cached:           843836 kB
MemTotal:        1844596 kB
MemFree:          473964 kB
MemAvailable:    1387688 kB
Buffers:           90820 kB
Cached:           843836 kB
MemTotal:        1844596 kB
MemFree:          473088 kB
MemAvailable:    1386812 kB
Buffers:           90820 kB
Cached:           843836 kB
MemTotal:        1844596 kB
MemFree:          472452 kB
MemAvailable:    1386176 kB
Buffers:           90820 kB
Cached:           843836 kB
MemTotal:        1844596 kB
MemFree:          472788 kB
MemAvailable:    1386512 kB
Buffers:           90820 kB
Cached:           843836 kB
MemTotal:        1844596 kB
MemFree:          472512 kB
MemAvailable:    1386236 kB
Buffers:           90820 kB
Cached:           843836 kB
MemTotal:        1844596 kB
MemFree:          471212 kB
MemAvailable:    1384936 kB
Buffers:           90820 kB
Cached:           843836 kB
MemTotal:        1844596 kB
MemFree:          472596 kB
MemAvailable:    1386320 kB
Buffers:           90820 kB
Cached:           843836 kB
MemTotal:        1844596 kB
MemFree:          471288 kB
MemAvailable:    1385012 kB
Buffers:           90820 kB
Cached:           843836 kB
MemTotal:        1844596 kB
MemFree:          471332 kB
MemAvailable:    1385056 kB
Buffers:           90820 kB
Cached:           843836 kB
MemTotal:        1844596 kB
MemFree:          471776 kB
MemAvailable:    1385500 kB
Buffers:           90820 kB
Cached:           843836 kB
MemTotal:        1844596 kB
MemFree:          469872 kB
MemAvailable:    1383596 kB
Buffers:           90820 kB
Cached:           843836 kB
MemTotal:        1844596 kB
MemFree:          470800 kB
MemAvailable:    1384524 kB
Buffers:           90820 kB
Cached:           843836 kB
MemTotal:        1844596 kB
MemFree:          470800 kB
MemAvailable:    1384524 kB
Buffers:           90820 kB
Cached:           843836 kB
MemTotal:        1844596 kB
MemFree:          469560 kB
MemAvailable:    1383284 kB
Buffers:           90820 kB
Cached:           843836 kB
MemTotal:        1844596 kB
MemFree:          469552 kB
MemAvailable:    1383276 kB
Buffers:           90820 kB
Cached:           843836 kB
MemTotal:        1844596 kB
MemFree:          470820 kB
MemAvailable:    1384544 kB
Buffers:           90820 kB
Cached:           843836 kB
MemTotal:        1844596 kB
MemFree:          470820 kB
MemAvailable:    1384544 kB
Buffers:           90820 kB
Cached:           843836 kB
MemTotal:        1844596 kB
MemFree:          470720 kB
MemAvailable:    1384444 kB
Buffers:           90820 kB
Cached:           843836 kB
MemTotal:        1844596 kB
MemFree:          470660 kB
MemAvailable:    1384384 kB
Buffers:           90820 kB
Cached:           843836 kB
MemTotal:        1844596 kB
MemFree:          470996 kB
MemAvailable:    1384720 kB
Buffers:           90820 kB
Cached:           843836 kB
MemTotal:        1844596 kB
MemFree:          470780 kB
MemAvailable:    1384504 kB
Buffers:           90820 kB
Cached:           843836 kB
MemTotal:        1844596 kB
MemFree:          471032 kB
MemAvailable:    1384756 kB
Buffers:           90820 kB
Cached:           843836 kB
MemTotal:        1844596 kB
MemFree:          469568 kB
MemAvailable:    1383292 kB
Buffers:           90820 kB
Cached:           843836 kB
MemTotal:        1844596 kB
MemFree:          469560 kB
MemAvailable:    1383284 kB
Buffers:           90820 kB
Cached:           843836 kB
MemTotal:        1844596 kB
MemFree:          470960 kB
MemAvailable:    1384684 kB
Buffers:           90820 kB
Cached:           843836 kB
MemTotal:        1844596 kB
MemFree:          470716 kB
MemAvailable:    1384440 kB
Buffers:           90820 kB
Cached:           843836 kB
MemTotal:        1844596 kB
MemFree:          470856 kB
MemAvailable:    1384580 kB
Buffers:           90820 kB
Cached:           843836 kB
MemTotal:        1844596 kB
MemFree:          469560 kB
MemAvailable:    1383284 kB
Buffers:           90820 kB
Cached:           843836 kB
MemTotal:        1844596 kB
MemFree:          469560 kB
MemAvailable:    1383284 kB
Buffers:           90820 kB
Cached:           843836 kB
MemTotal:        1844596 kB
MemFree:          469720 kB
MemAvailable:    1383444 kB
Buffers:           90820 kB
Cached:           843836 kB
MemTotal:        1844596 kB
MemFree:          469596 kB
MemAvailable:    1383320 kB
Buffers:           90820 kB
Cached:           843836 kB
MemTotal:        1844596 kB
MemFree:          470788 kB
MemAvailable:    1384512 kB
Buffers:           90820 kB
Cached:           843836 kB
MemTotal:        1844596 kB
MemFree:          470616 kB
MemAvailable:    1384340 kB
Buffers:           90820 kB
Cached:           843836 kB
MemTotal:        1844596 kB
MemFree:          469436 kB
MemAvailable:    1383160 kB
Buffers:           90820 kB
Cached:           843836 kB
MemTotal:        1844596 kB
MemFree:          470676 kB
MemAvailable:    1384400 kB
Buffers:           90820 kB
Cached:           843836 kB
MemTotal:        1844596 kB
MemFree:          470932 kB
MemAvailable:    1384656 kB
Buffers:           90820 kB
Cached:           843836 kB
MemTotal:        1844596 kB
MemFree:          470708 kB
MemAvailable:    1384432 kB
Buffers:           90820 kB
Cached:           843836 kB
MemTotal:        1844596 kB
MemFree:          470848 kB
MemAvailable:    1384572 kB
Buffers:           90820 kB
Cached:           843836 kB
MemTotal:        1844596 kB
MemFree:          470836 kB
MemAvailable:    1384560 kB
Buffers:           90820 kB
Cached:           843836 kB
MemTotal:        1844596 kB
MemFree:          469464 kB
MemAvailable:    1383188 kB
Buffers:           90820 kB
Cached:           843836 kB
MemTotal:        1844596 kB
MemFree:          469540 kB
MemAvailable:    1383264 kB
Buffers:           90820 kB
Cached:           843836 kB
MemTotal:        1844596 kB
MemFree:          470816 kB
MemAvailable:    1384540 kB
Buffers:           90820 kB
Cached:           843836 kB
MemTotal:        1844596 kB
MemFree:          470608 kB
MemAvailable:    1384332 kB
Buffers:           90820 kB
Cached:           843836 kB
MemTotal:        1844596 kB
MemFree:          470896 kB
MemAvailable:    1384620 kB
Buffers:           90820 kB
Cached:           843836 kB
MemTotal:        1844596 kB
MemFree:          470832 kB
MemAvailable:    1384556 kB
Buffers:           90820 kB
Cached:           843836 kB
MemTotal:        1844596 kB
MemFree:          470244 kB
MemAvailable:    1383968 kB
Buffers:           90820 kB
Cached:           843836 kB
MemTotal:        1844596 kB
MemFree:          469484 kB
MemAvailable:    1383208 kB
Buffers:           90820 kB
Cached:           843836 kB
MemTotal:        1844596 kB
MemFree:          470952 kB
MemAvailable:    1384676 kB
Buffers:           90820 kB
Cached:           843836 kB
MemTotal:        1844596 kB
MemFree:          470848 kB
MemAvailable:    1384572 kB
Buffers:           90820 kB
Cached:           843836 kB
MemTotal:        1844596 kB
MemFree:          469988 kB
MemAvailable:    1383712 kB
Buffers:           90820 kB
Cached:           843836 kB
MemTotal:        1844596 kB
MemFree:          469856 kB
MemAvailable:    1383580 kB
Buffers:           90820 kB
Cached:           843836 kB
MemTotal:        1844596 kB
MemFree:          471220 kB
MemAvailable:    1384944 kB
Buffers:           90820 kB
Cached:           843836 kB
MemTotal:        1844596 kB
MemFree:          470916 kB
MemAvailable:    1384640 kB
Buffers:           90820 kB
Cached:           843836 kB
MemTotal:        1844596 kB
MemFree:          470484 kB
MemAvailable:    1384208 kB
Buffers:           90820 kB
Cached:           843836 kB
MemTotal:        1844596 kB
MemFree:          468624 kB
MemAvailable:    1382348 kB
Buffers:           90820 kB
Cached:           843836 kB
MemTotal:        1844596 kB
MemFree:          465756 kB
MemAvailable:    1379480 kB
Buffers:           90820 kB
Cached:           843836 kB
MemTotal:        1844596 kB
MemFree:          465276 kB
MemAvailable:    1379000 kB
Buffers:           90820 kB
Cached:           843836 kB
MemTotal:        1844596 kB
MemFree:          462484 kB
MemAvailable:    1376208 kB
Buffers:           90820 kB
Cached:           843836 kB
MemTotal:        1844596 kB
MemFree:          458952 kB
MemAvailable:    1372676 kB
Buffers:           90820 kB
Cached:           843836 kB
MemTotal:        1844596 kB
MemFree:          455464 kB
MemAvailable:    1369188 kB
Buffers:           90820 kB
Cached:           843836 kB
MemTotal:        1844596 kB
MemFree:          454860 kB
MemAvailable:    1368584 kB
Buffers:           90820 kB
Cached:           843836 kB
MemTotal:        1844596 kB
MemFree:          452008 kB
MemAvailable:    1365732 kB
Buffers:           90820 kB
Cached:           843836 kB
MemTotal:        1844596 kB
MemFree:          451564 kB
MemAvailable:    1365288 kB
Buffers:           90820 kB
Cached:           843836 kB
MemTotal:        1844596 kB
MemFree:          451308 kB
MemAvailable:    1365032 kB
Buffers:           90820 kB
Cached:           843836 kB
MemTotal:        1844596 kB
MemFree:          450208 kB
MemAvailable:    1363932 kB
Buffers:           90820 kB
Cached:           843836 kB
MemTotal:        1844596 kB
MemFree:          450084 kB
MemAvailable:    1363808 kB
Buffers:           90820 kB
Cached:           843836 kB
MemTotal:        1844596 kB
MemFree:          451360 kB
MemAvailable:    1365084 kB
Buffers:           90820 kB
Cached:           843836 kB
MemTotal:        1844596 kB
MemFree:          451612 kB
MemAvailable:    1365336 kB
Buffers:           90820 kB
Cached:           843836 kB
MemTotal:        1844596 kB
MemFree:          450108 kB
MemAvailable:    1363844 kB
Buffers:           90820 kB
Cached:           843848 kB
MemTotal:        1844596 kB
MemFree:          450108 kB
MemAvailable:    1363844 kB
Buffers:           90820 kB
Cached:           843848 kB
MemTotal:        1844596 kB
MemFree:          451400 kB
MemAvailable:    1365136 kB
Buffers:           90820 kB
Cached:           843848 kB
MemTotal:        1844596 kB
MemFree:          451372 kB
MemAvailable:    1365108 kB
Buffers:           90820 kB
Cached:           843848 kB
MemTotal:        1844596 kB
MemFree:          451584 kB
MemAvailable:    1365320 kB
Buffers:           90820 kB
Cached:           843848 kB
MemTotal:        1844596 kB
MemFree:          450092 kB
MemAvailable:    1363828 kB
Buffers:           90820 kB
Cached:           843848 kB
MemTotal:        1844596 kB
MemFree:          451332 kB
MemAvailable:    1365068 kB
Buffers:           90820 kB
Cached:           843848 kB
MemTotal:        1844596 kB
MemFree:          451304 kB
MemAvailable:    1365040 kB
Buffers:           90820 kB
Cached:           843848 kB
MemTotal:        1844596 kB
MemFree:          450980 kB
MemAvailable:    1364716 kB
Buffers:           90820 kB
Cached:           843848 kB
MemTotal:        1844596 kB
MemFree:          450900 kB
MemAvailable:    1364636 kB
Buffers:           90820 kB
Cached:           843848 kB
MemTotal:        1844596 kB
MemFree:          450968 kB
MemAvailable:    1364704 kB
Buffers:           90820 kB
Cached:           843848 kB
MemTotal:        1844596 kB
MemFree:          449708 kB
MemAvailable:    1363444 kB
Buffers:           90820 kB
Cached:           843848 kB
MemTotal:        1844596 kB
MemFree:          451072 kB
MemAvailable:    1364808 kB
Buffers:           90820 kB
Cached:           843848 kB
MemTotal:        1844596 kB
MemFree:          450876 kB
MemAvailable:    1364612 kB
Buffers:           90820 kB
Cached:           843848 kB
MemTotal:        1844596 kB
MemFree:          450892 kB
MemAvailable:    1364628 kB
Buffers:           90820 kB
Cached:           843848 kB
MemTotal:        1844596 kB
MemFree:          451128 kB
MemAvailable:    1364864 kB
Buffers:           90820 kB
Cached:           843848 kB
MemTotal:        1844596 kB
MemFree:          451016 kB
MemAvailable:    1364752 kB
Buffers:           90820 kB
Cached:           843848 kB
MemTotal:        1844596 kB
MemFree:          450280 kB
MemAvailable:    1364016 kB
Buffers:           90820 kB
Cached:           843848 kB
MemTotal:        1844596 kB
MemFree:          450628 kB
MemAvailable:    1364364 kB
Buffers:           90820 kB
Cached:           843848 kB
MemTotal:        1844596 kB
MemFree:          450520 kB
MemAvailable:    1364256 kB
Buffers:           90820 kB
Cached:           843848 kB
MemTotal:        1844596 kB
MemFree:          449016 kB
MemAvailable:    1362752 kB
Buffers:           90820 kB
Cached:           843848 kB
MemTotal:        1844596 kB
MemFree:          449032 kB
MemAvailable:    1362768 kB
Buffers:           90820 kB
Cached:           843848 kB
MemTotal:        1844596 kB
MemFree:          442892 kB
MemAvailable:    1356628 kB
Buffers:           90820 kB
Cached:           843848 kB
MemTotal:        1844596 kB
MemFree:          440644 kB
MemAvailable:    1354380 kB
Buffers:           90820 kB
Cached:           843848 kB
MemTotal:        1844596 kB
MemFree:          441272 kB
MemAvailable:    1355008 kB
Buffers:           90820 kB
Cached:           843848 kB
MemTotal:        1844596 kB
MemFree:          440360 kB
MemAvailable:    1354096 kB
Buffers:           90820 kB
Cached:           843848 kB
MemTotal:        1844596 kB
MemFree:          440956 kB
MemAvailable:    1354692 kB
Buffers:           90820 kB
Cached:           843848 kB
MemTotal:        1844596 kB
MemFree:          439848 kB
MemAvailable:    1353584 kB
Buffers:           90820 kB
Cached:           843848 kB
MemTotal:        1844596 kB
MemFree:          439236 kB
MemAvailable:    1352972 kB
Buffers:           90820 kB
Cached:           843848 kB
MemTotal:        1844596 kB
MemFree:          437864 kB
MemAvailable:    1351600 kB
Buffers:           90820 kB
Cached:           843848 kB
MemTotal:        1844596 kB
MemFree:          437608 kB
MemAvailable:    1351344 kB
Buffers:           90820 kB
Cached:           843848 kB
MemTotal:        1844596 kB
MemFree:          439096 kB
MemAvailable:    1352832 kB
Buffers:           90820 kB
Cached:           843848 kB
MemTotal:        1844596 kB
MemFree:          437872 kB
MemAvailable:    1351608 kB
Buffers:           90824 kB
Cached:           843844 kB
MemTotal:        1844596 kB
MemFree:          438864 kB
MemAvailable:    1352688 kB
Buffers:           90824 kB
Cached:           843972 kB
MemTotal:        1844596 kB
MemFree:          438668 kB
MemAvailable:    1352576 kB
Buffers:           90824 kB
Cached:           844096 kB
MemTotal:        1844596 kB
MemFree:          437320 kB
MemAvailable:    1351228 kB
Buffers:           90824 kB
Cached:           844096 kB
MemTotal:        1844596 kB
MemFree:          438312 kB
MemAvailable:    1352472 kB
Buffers:           90824 kB
Cached:           844344 kB
MemTotal:        1844596 kB
MemFree:          438564 kB
MemAvailable:    1352724 kB
Buffers:           90824 kB
Cached:           844344 kB
MemTotal:        1844596 kB
MemFree:          438172 kB
MemAvailable:    1352416 kB
Buffers:           90824 kB
Cached:           844468 kB
MemTotal:        1844596 kB
MemFree:          437872 kB
MemAvailable:    1352116 kB
Buffers:           90824 kB
Cached:           844468 kB
MemTotal:        1844596 kB
MemFree:          436948 kB
MemAvailable:    1351192 kB
Buffers:           90824 kB
Cached:           844468 kB
MemTotal:        1844596 kB
MemFree:          438044 kB
MemAvailable:    1352372 kB
Buffers:           90824 kB
Cached:           844468 kB
MemTotal:        1844596 kB
MemFree:          437996 kB
MemAvailable:    1352324 kB
Buffers:           90824 kB
Cached:           844468 kB
MemTotal:        1844596 kB
MemFree:          438100 kB
MemAvailable:    1352428 kB
Buffers:           90824 kB
Cached:           844468 kB
MemTotal:        1844596 kB
MemFree:          438356 kB
MemAvailable:    1352684 kB
Buffers:           90824 kB
Cached:           844468 kB
MemTotal:        1844596 kB
MemFree:          436984 kB
MemAvailable:    1351312 kB
Buffers:           90824 kB
Cached:           844468 kB
MemTotal:        1844596 kB
MemFree:          437968 kB
MemAvailable:    1352380 kB
Buffers:           90824 kB
Cached:           844468 kB
MemTotal:        1844596 kB
MemFree:          438052 kB
MemAvailable:    1352464 kB
Buffers:           90824 kB
Cached:           844468 kB
MemTotal:        1844596 kB
MemFree:          438112 kB
MemAvailable:    1351852 kB
Buffers:           90824 kB
Cached:           843792 kB
MemTotal:        1844596 kB
MemFree:          438244 kB
MemAvailable:    1351984 kB
Buffers:           90824 kB
Cached:           843792 kB
MemTotal:        1844596 kB
MemFree:          438840 kB
MemAvailable:    1352580 kB
Buffers:           90824 kB
Cached:           843792 kB
MemTotal:        1844596 kB
MemFree:          592368 kB
MemAvailable:    1506108 kB
Buffers:           90824 kB
Cached:           843792 kB
