MemTotal:        1844596 kB
MemFree:          707080 kB
MemAvailable:    1547312 kB
Buffers:           89292 kB
Cached:           774976 kB
MemTotal:        1844596 kB
MemFree:          682172 kB
MemAvailable:    1522412 kB
Buffers:           89292 kB
Cached:           774980 kB
MemTotal:        1844596 kB
MemFree:          682172 kB
MemAvailable:    1522412 kB
Buffers:           89292 kB
Cached:           774980 kB
MemTotal:        1844596 kB
MemFree:          679196 kB
MemAvailable:    1519436 kB
Buffers:           89292 kB
Cached:           774980 kB
MemTotal:        1844596 kB
MemFree:          677956 kB
MemAvailable:    1518196 kB
Buffers:           89292 kB
Cached:           774980 kB
MemTotal:        1844596 kB
MemFree:          677336 kB
MemAvailable:    1517576 kB
Buffers:           89292 kB
Cached:           774980 kB
MemTotal:        1844596 kB
MemFree:          676592 kB
MemAvailable:    1516832 kB
Buffers:           89292 kB
Cached:           774980 kB
MemTotal:        1844596 kB
MemFree:          674600 kB
MemAvailable:    1514840 kB
Buffers:           89292 kB
Cached:           774980 kB
MemTotal:        1844596 kB
MemFree:          673616 kB
MemAvailable:    1513856 kB
Buffers:           89292 kB
Cached:           774980 kB
MemTotal:        1844596 kB
MemFree:          671136 kB
MemAvailable:    1511376 kB
Buffers:           89292 kB
Cached:           774980 kB
MemTotal:        1844596 kB
MemFree:          668780 kB
MemAvailable:    1509020 kB
Buffers:           89292 kB
Cached:           774980 kB
MemTotal:        1844596 kB
MemFree:          665176 kB
MemAvailable:    1505416 kB
Buffers:           89292 kB
Cached:           774980 kB
MemTotal:        1844596 kB
MemFree:          663448 kB
MemAvailable:    1503688 kB
Buffers:           89292 kB
Cached:           774980 kB
MemTotal:        1844596 kB
MemFree:          665804 kB
MemAvailable:    1506044 kB
Buffers:           89292 kB
Cached:           774980 kB
MemTotal:        1844596 kB
MemFree:          667104 kB
MemAvailable:    1507344 kB
Buffers:           89292 kB
Cached:           774980 kB
MemTotal:        1844596 kB
MemFree:          665928 kB
MemAvailable:    1506168 kB
Buffers:           89292 kB
Cached:           774980 kB
MemTotal:        1844596 kB
MemFree:          665672 kB
MemAvailable:    1505912 kB
Buffers:           89292 kB
Cached:           774980 kB
MemTotal:        1844596 kB
MemFree:          666656 kB
MemAvailable:    1506896 kB
Buffers:           89292 kB
Cached:           774980 kB
MemTotal:        1844596 kB
MemFree:          665280 kB
MemAvailable:    1505520 kB
Buffers:           89292 kB
Cached:           774980 kB
MemTotal:        1844596 kB
MemFree:          665280 kB
MemAvailable:    1505520 kB
Buffers:           89292 kB
Cached:           774980 kB
MemTotal:        1844596 kB
MemFree:          665148 kB
MemAvailable:    1505388 kB
Buffers:           89292 kB
Cached:           774980 kB
MemTotal:        1844596 kB
MemFree:          666444 kB
MemAvailable:    1506684 kB
Buffers:           89292 kB
Cached:           774980 kB
MemTotal:        1844596 kB
MemFree:          665300 kB
MemAvailable:    1505540 kB
Buffers:           89292 kB
Cached:           774980 kB
MemTotal:        1844596 kB
MemFree:          664996 kB
MemAvailable:    1505236 kB
Buffers:           89292 kB
Cached:           774980 kB
MemTotal:        1844596 kB
MemFree:          665128 kB
MemAvailable:    1505368 kB
Buffers:           89292 kB
Cached:           774980 kB
MemTotal:        1844596 kB
MemFree:          664564 kB
MemAvailable:    1504804 kB
Buffers:           89292 kB
Cached:           774980 kB
MemTotal:        1844596 kB
MemFree:          664564 kB
MemAvailable:    1504804 kB
Buffers:           89292 kB
Cached:           774980 kB
MemTotal:        1844596 kB
MemFree:          664432 kB
MemAvailable:    1504672 kB
Buffers:           89292 kB
Cached:           774980 kB
MemTotal:        1844596 kB
MemFree:          664316 kB
MemAvailable:    1504556 kB
Buffers:           89292 kB
Cached:           774980 kB
MemTotal:        1844596 kB
MemFree:          664060 kB
MemAvailable:    1504300 kB
Buffers:           89292 kB
Cached:           774980 kB
MemTotal:        1844596 kB
MemFree:          663440 kB
MemAvailable:    1503680 kB
Buffers:           89292 kB
Cached:           774980 kB
MemTotal:        1844596 kB
MemFree:          663068 kB
MemAvailable:    1503308 kB
Buffers:           89292 kB
Cached:           774980 kB
MemTotal:        1844596 kB
MemFree:          662828 kB
MemAvailable:    1503068 kB
Buffers:           89292 kB
Cached:           774980 kB
MemTotal:        1844596 kB
MemFree:          662828 kB
MemAvailable:    1503068 kB
Buffers:           89292 kB
Cached:           774980 kB
MemTotal:        1844596 kB
MemFree:          663956 kB
MemAvailable:    1504196 kB
Buffers:           89292 kB
Cached:           774980 kB
MemTotal:        1844596 kB
MemFree:          662688 kB
MemAvailable:    1502928 kB
Buffers:           89292 kB
Cached:           774980 kB
MemTotal:        1844596 kB
MemFree:          662688 kB
MemAvailable:    1502928 kB
Buffers:           89292 kB
Cached:           774980 kB
MemTotal:        1844596 kB
MemFree:          662688 kB
MemAvailable:    1502928 kB
Buffers:           89292 kB
Cached:           774980 kB
MemTotal:        1844596 kB
MemFree:          663948 kB
MemAvailable:    1504188 kB
Buffers:           89292 kB
Cached:           774980 kB
MemTotal:        1844596 kB
MemFree:          662928 kB
MemAvailable:    1503168 kB
Buffers:           89292 kB
Cached:           774980 kB
MemTotal:        1844596 kB
MemFree:          662456 kB
MemAvailable:    1502696 kB
Buffers:           89292 kB
Cached:           774980 kB
MemTotal:        1844596 kB
MemFree:          659852 kB
MemAvailable:    1500092 kB
Buffers:           89292 kB
Cached:           774980 kB
MemTotal:        1844596 kB
MemFree:          657744 kB
MemAvailable:    1497984 kB
Buffers:           89292 kB
Cached:           774980 kB
MemTotal:        1844596 kB
MemFree:          658912 kB
MemAvailable:    1499152 kB
Buffers:           89292 kB
Cached:           774980 kB
MemTotal:        1844596 kB
MemFree:          658556 kB
MemAvailable:    1498796 kB
Buffers:           89292 kB
Cached:           774980 kB
MemTotal:        1844596 kB
MemFree:          658528 kB
MemAvailable:    1498768 kB
Buffers:           89292 kB
Cached:           774980 kB
MemTotal:        1844596 kB
MemFree:          658648 kB
MemAvailable:    1498888 kB
Buffers:           89292 kB
Cached:           774980 kB
MemTotal:        1844596 kB
MemFree:          657212 kB
MemAvailable:    1497452 kB
Buffers:           89292 kB
Cached:           774980 kB
MemTotal:        1844596 kB
MemFree:          657212 kB
MemAvailable:    1497452 kB
Buffers:           89292 kB
Cached:           774980 kB
MemTotal:        1844596 kB
MemFree:          656956 kB
MemAvailable:    1497196 kB
Buffers:           89292 kB
Cached:           774980 kB
MemTotal:        1844596 kB
MemFree:          656956 kB
MemAvailable:    1497196 kB
Buffers:           89292 kB
Cached:           774980 kB
MemTotal:        1844596 kB
MemFree:          657080 kB
MemAvailable:    1497320 kB
Buffers:           89292 kB
Cached:           774980 kB
MemTotal:        1844596 kB
MemFree:          657328 kB
MemAvailable:    1497568 kB
Buffers:           89292 kB
Cached:           774980 kB
MemTotal:        1844596 kB
MemFree:          657080 kB
MemAvailable:    1497320 kB
Buffers:           89292 kB
Cached:           774980 kB
MemTotal:        1844596 kB
MemFree:          656940 kB
MemAvailable:    1497180 kB
Buffers:           89292 kB
Cached:           774980 kB
MemTotal:        1844596 kB
MemFree:          656692 kB
MemAvailable:    1496932 kB
Buffers:           89292 kB
Cached:           774980 kB
MemTotal:        1844596 kB
MemFree:          653404 kB
MemAvailable:    1493644 kB
Buffers:           89292 kB
Cached:           774980 kB
MemTotal:        1844596 kB
MemFree:          652224 kB
MemAvailable:    1492464 kB
Buffers:           89292 kB
Cached:           774980 kB
MemTotal:        1844596 kB
MemFree:          650792 kB
MemAvailable:    1491032 kB
Buffers:           89292 kB
Cached:           774980 kB
MemTotal:        1844596 kB
MemFree:          650428 kB
MemAvailable:    1490668 kB
Buffers:           89292 kB
Cached:           774980 kB
MemTotal:        1844596 kB
MemFree:          650232 kB
MemAvailable:    1490472 kB
Buffers:           89292 kB
Cached:           774980 kB
MemTotal:        1844596 kB
MemFree:          650076 kB
MemAvailable:    1490316 kB
Buffers:           89292 kB
Cached:           774980 kB
MemTotal:        1844596 kB
MemFree:          649312 kB
MemAvailable:    1489552 kB
Buffers:           89292 kB
Cached:           774980 kB
MemTotal:        1844596 kB
MemFree:          648396 kB
MemAvailable:    1488636 kB
Buffers:           89292 kB
Cached:           774980 kB
MemTotal:        1844596 kB
MemFree:          649656 kB
MemAvailable:    1489896 kB
Buffers:           89292 kB
Cached:           774980 kB
MemTotal:        1844596 kB
MemFree:          648320 kB
MemAvailable:    1488560 kB
Buffers:           89292 kB
Cached:           774980 kB
MemTotal:        1844596 kB
MemFree:          649436 kB
MemAvailable:    1489676 kB
Buffers:           89292 kB
Cached:           774980 kB
MemTotal:        1844596 kB
MemFree:          648140 kB
MemAvailable:    1488380 kB
Buffers:           89292 kB
Cached:           774980 kB
MemTotal:        1844596 kB
MemFree:          648184 kB
MemAvailable:    1488424 kB
Buffers:           89292 kB
Cached:           774980 kB
MemTotal:        1844596 kB
MemFree:          648180 kB
MemAvailable:    1488420 kB
Buffers:           89292 kB
Cached:           774980 kB
MemTotal:        1844596 kB
MemFree:          648180 kB
MemAvailable:    1488420 kB
Buffers:           89292 kB
Cached:           774980 kB
MemTotal:        1844596 kB
MemFree:          648180 kB
MemAvailable:    1488420 kB
Buffers:           89292 kB
Cached:           774980 kB
MemTotal:        1844596 kB
MemFree:          649540 kB
MemAvailable:    1489780 kB
Buffers:           89292 kB
Cached:           774980 kB
MemTotal:        1844596 kB
MemFree:          648116 kB
MemAvailable:    1488356 kB
Buffers:           89292 kB
Cached:           774980 kB
MemTotal:        1844596 kB
MemFree:          649168 kB
MemAvailable:    1489408 kB
Buffers:           89292 kB
Cached:           774980 kB
MemTotal:        1844596 kB
MemFree:          647900 kB
MemAvailable:    1488140 kB
Buffers:           89292 kB
Cached:           774980 kB
MemTotal:        1844596 kB
MemFree:          647908 kB
MemAvailable:    1488156 kB
Buffers:           89292 kB
Cached:           774988 kB
MemTotal:        1844596 kB
MemFree:          647776 kB
MemAvailable:    1488024 kB
Buffers:           89292 kB
Cached:           774988 kB
MemTotal:        1844596 kB
MemFree:          647948 kB
MemAvailable:    1488196 kB
Buffers:           89292 kB
Cached:           774988 kB
MemTotal:        1844596 kB
MemFree:          647776 kB
MemAvailable:    1488024 kB
Buffers:           89292 kB
Cached:           774988 kB
MemTotal:        1844596 kB
MemFree:          647776 kB
MemAvailable:    1488024 kB
Buffers:           89292 kB
Cached:           774988 kB
MemTotal:        1844596 kB
MemFree:          647204 kB
MemAvailable:    1487452 kB
Buffers:           89292 kB
Cached:           774988 kB
MemTotal:        1844596 kB
MemFree:          644228 kB
MemAvailable:    1484476 kB
Buffers:           89292 kB
Cached:           774988 kB
MemTotal:        1844596 kB
MemFree:          641740 kB
MemAvailable:    1481988 kB
Buffers:           89292 kB
Cached:           774988 kB
MemTotal:        1844596 kB
MemFree:          639888 kB
MemAvailable:    1480136 kB
Buffers:           89292 kB
Cached:           774988 kB
MemTotal:        1844596 kB
MemFree:          639880 kB
MemAvailable:    1480128 kB
Buffers:           89292 kB
Cached:           774988 kB
MemTotal:        1844596 kB
MemFree:          640932 kB
MemAvailable:    1481180 kB
Buffers:           89292 kB
Cached:           774988 kB
MemTotal:        1844596 kB
MemFree:          639704 kB
MemAvailable:    1479952 kB
Buffers:           89292 kB
Cached:           774988 kB
MemTotal:        1844596 kB
MemFree:          639324 kB
MemAvailable:    1479572 kB
Buffers:           89292 kB
Cached:           774988 kB
MemTotal:        1844596 kB
MemFree:          639448 kB
MemAvailable:    1479696 kB
Buffers:           89292 kB
Cached:           774988 kB
MemTotal:        1844596 kB
MemFree:          639448 kB
MemAvailable:    1479696 kB
Buffers:           89292 kB
Cached:           774988 kB
MemTotal:        1844596 kB
MemFree:          639192 kB
MemAvailable:    1479440 kB
Buffers:           89292 kB
Cached:           774988 kB
MemTotal:        1844596 kB
MemFree:          639192 kB
MemAvailable:    1479440 kB
Buffers:           89292 kB
Cached:           774988 kB
MemTotal:        1844596 kB
MemFree:          639192 kB
MemAvailable:    1479440 kB
Buffers:           89292 kB
Cached:           774988 kB
MemTotal:        1844596 kB
MemFree:          640600 kB
MemAvailable:    1480848 kB
Buffers:           89292 kB
Cached:           774988 kB
MemTotal:        1844596 kB
MemFree:          639096 kB
MemAvailable:    1479344 kB
Buffers:           89292 kB
Cached:           774988 kB
MemTotal:        1844596 kB
MemFree:          639916 kB
MemAvailable:    1480164 kB
Buffers:           89292 kB
Cached:           774988 kB
MemTotal:        1844596 kB
MemFree:          638972 kB
MemAvailable:    1479220 kB
Buffers:           89292 kB
Cached:           774988 kB
MemTotal:        1844596 kB
MemFree:          639136 kB
MemAvailable:    1479384 kB
Buffers:           89292 kB
Cached:           774988 kB
MemTotal:        1844596 kB
MemFree:          639260 kB
MemAvailable:    1479508 kB
Buffers:           89292 kB
Cached:           774988 kB
MemTotal:        1844596 kB
MemFree:          640432 kB
MemAvailable:    1480680 kB
Buffers:           89292 kB
Cached:           774988 kB
MemTotal:        1844596 kB
MemFree:          640384 kB
MemAvailable:    1480632 kB
Buffers:           89292 kB
Cached:           774988 kB
MemTotal:        1844596 kB
MemFree:          639824 kB
MemAvailable:    1480072 kB
Buffers:           89292 kB
Cached:           774988 kB
MemTotal:        1844596 kB
MemFree:          639108 kB
MemAvailable:    1479356 kB
Buffers:           89292 kB
Cached:           774988 kB
MemTotal:        1844596 kB
MemFree:          639068 kB
MemAvailable:    1479316 kB
Buffers:           89292 kB
Cached:           774988 kB
MemTotal:        1844596 kB
MemFree:          639068 kB
MemAvailable:    1479316 kB
Buffers:           89292 kB
Cached:           774988 kB
MemTotal:        1844596 kB
MemFree:          639068 kB
MemAvailable:    1479316 kB
Buffers:           89292 kB
Cached:           774988 kB
MemTotal:        1844596 kB
MemFree:          640428 kB
MemAvailable:    1480676 kB
Buffers:           89292 kB
Cached:           774988 kB
MemTotal:        1844596 kB
MemFree:          639260 kB
MemAvailable:    1479508 kB
Buffers:           89292 kB
Cached:           774988 kB
MemTotal:        1844596 kB
MemFree:          639104 kB
MemAvailable:    1479352 kB
Buffers:           89292 kB
Cached:           774988 kB
MemTotal:        1844596 kB
MemFree:          640344 kB
MemAvailable:    1480592 kB
Buffers:           89292 kB
Cached:           774988 kB
MemTotal:        1844596 kB
MemFree:          639468 kB
MemAvailable:    1479716 kB
Buffers:           89292 kB
Cached:           774988 kB
MemTotal:        1844596 kB
MemFree:          639144 kB
MemAvailable:    1479392 kB
Buffers:           89292 kB
Cached:           774988 kB
MemTotal:        1844596 kB
MemFree:          640468 kB
MemAvailable:    1480716 kB
Buffers:           89292 kB
Cached:           774988 kB
MemTotal:        1844596 kB
MemFree:          639144 kB
MemAvailable:    1479392 kB
Buffers:           89292 kB
Cached:           774988 kB
MemTotal:        1844596 kB
MemFree:          640004 kB
MemAvailable:    1480252 kB
Buffers:           89292 kB
Cached:           774988 kB
MemTotal:        1844596 kB
MemFree:          640344 kB
MemAvailable:    1480592 kB
Buffers:           89292 kB
Cached:           774988 kB
MemTotal:        1844596 kB
MemFree:          639268 kB
MemAvailable:    1479516 kB
Buffers:           89292 kB
Cached:           774988 kB
MemTotal:        1844596 kB
MemFree:          639640 kB
MemAvailable:    1479888 kB
Buffers:           89292 kB
Cached:           774988 kB
MemTotal:        1844596 kB
MemFree:          637524 kB
MemAvailable:    1477772 kB
Buffers:           89292 kB
Cached:           774988 kB
MemTotal:        1844596 kB
MemFree:          634052 kB
MemAvailable:    1474300 kB
Buffers:           89292 kB
Cached:           774988 kB
MemTotal:        1844596 kB
MemFree:          630216 kB
MemAvailable:    1470464 kB
Buffers:           89292 kB
Cached:           774988 kB
MemTotal:        1844596 kB
MemFree:          628480 kB
MemAvailable:    1468728 kB
Buffers:           89292 kB
Cached:           774988 kB
MemTotal:        1844596 kB
MemFree:          629680 kB
MemAvailable:    1469928 kB
Buffers:           89292 kB
Cached:           774988 kB
MemTotal:        1844596 kB
MemFree:          628472 kB
MemAvailable:    1468720 kB
Buffers:           89292 kB
Cached:           774988 kB
MemTotal:        1844596 kB
MemFree:          628348 kB
MemAvailable:    1468596 kB
Buffers:           89292 kB
Cached:           774988 kB
MemTotal:        1844596 kB
MemFree:          628300 kB
MemAvailable:    1468548 kB
Buffers:           89292 kB
Cached:           774988 kB
MemTotal:        1844596 kB
MemFree:          629756 kB
MemAvailable:    1470008 kB
Buffers:           89292 kB
Cached:           774992 kB
MemTotal:        1844596 kB
MemFree:          628328 kB
MemAvailable:    1468580 kB
Buffers:           89292 kB
Cached:           774992 kB
MemTotal:        1844596 kB
MemFree:          628432 kB
MemAvailable:    1468688 kB
Buffers:           89292 kB
Cached:           774996 kB
MemTotal:        1844596 kB
MemFree:          628432 kB
MemAvailable:    1468688 kB
Buffers:           89292 kB
Cached:           774996 kB
MemTotal:        1844596 kB
MemFree:          628548 kB
MemAvailable:    1468804 kB
Buffers:           89292 kB
Cached:           774996 kB
MemTotal:        1844596 kB
MemFree:          629608 kB
MemAvailable:    1469864 kB
Buffers:           89292 kB
Cached:           774996 kB
MemTotal:        1844596 kB
MemFree:          628340 kB
MemAvailable:    1468596 kB
Buffers:           89292 kB
Cached:           774996 kB
MemTotal:        1844596 kB
MemFree:          628480 kB
MemAvailable:    1468736 kB
Buffers:           89292 kB
Cached:           774996 kB
MemTotal:        1844596 kB
MemFree:          629456 kB
MemAvailable:    1469712 kB
Buffers:           89292 kB
Cached:           774996 kB
MemTotal:        1844596 kB
MemFree:          629348 kB
MemAvailable:    1469604 kB
Buffers:           89292 kB
Cached:           774996 kB
MemTotal:        1844596 kB
MemFree:          628344 kB
MemAvailable:    1468600 kB
Buffers:           89292 kB
Cached:           774996 kB
MemTotal:        1844596 kB
MemFree:          629724 kB
MemAvailable:    1469980 kB
Buffers:           89292 kB
Cached:           774996 kB
MemTotal:        1844596 kB
MemFree:          628416 kB
MemAvailable:    1468672 kB
Buffers:           89292 kB
Cached:           774996 kB
MemTotal:        1844596 kB
MemFree:          628196 kB
MemAvailable:    1468452 kB
Buffers:           89292 kB
Cached:           774996 kB
MemTotal:        1844596 kB
MemFree:          628316 kB
MemAvailable:    1468572 kB
Buffers:           89292 kB
Cached:           774996 kB
MemTotal:        1844596 kB
MemFree:          628812 kB
MemAvailable:    1469068 kB
Buffers:           89292 kB
Cached:           774996 kB
MemTotal:        1844596 kB
MemFree:          628316 kB
MemAvailable:    1468572 kB
Buffers:           89292 kB
Cached:           774996 kB
MemTotal:        1844596 kB
MemFree:          629588 kB
MemAvailable:    1469844 kB
Buffers:           89292 kB
Cached:           774996 kB
MemTotal:        1844596 kB
MemFree:          628176 kB
MemAvailable:    1468432 kB
Buffers:           89292 kB
Cached:           774996 kB
MemTotal:        1844596 kB
MemFree:          628044 kB
MemAvailable:    1468300 kB
Buffers:           89292 kB
Cached:           774996 kB
MemTotal:        1844596 kB
MemFree:          628168 kB
MemAvailable:    1468424 kB
Buffers:           89292 kB
Cached:           774996 kB
MemTotal:        1844596 kB
MemFree:          629468 kB
MemAvailable:    1469724 kB
Buffers:           89292 kB
Cached:           774996 kB
MemTotal:        1844596 kB
MemFree:          629464 kB
MemAvailable:    1469720 kB
Buffers:           89292 kB
Cached:           774996 kB
MemTotal:        1844596 kB
MemFree:          628156 kB
MemAvailable:    1468412 kB
Buffers:           89292 kB
Cached:           774996 kB
MemTotal:        1844596 kB
MemFree:          628528 kB
MemAvailable:    1468784 kB
Buffers:           89292 kB
Cached:           774996 kB
MemTotal:        1844596 kB
MemFree:          629556 kB
MemAvailable:    1469812 kB
Buffers:           89292 kB
Cached:           774996 kB
MemTotal:        1844596 kB
MemFree:          628984 kB
MemAvailable:    1469240 kB
Buffers:           89292 kB
Cached:           774996 kB
MemTotal:        1844596 kB
MemFree:          629456 kB
MemAvailable:    1469712 kB
Buffers:           89292 kB
Cached:           774996 kB
MemTotal:        1844596 kB
MemFree:          629348 kB
MemAvailable:    1469604 kB
Buffers:           89292 kB
Cached:           774996 kB
MemTotal:        1844596 kB
MemFree:          629584 kB
MemAvailable:    1469840 kB
Buffers:           89292 kB
Cached:           774996 kB
MemTotal:        1844596 kB
MemFree:          628584 kB
MemAvailable:    1468840 kB
Buffers:           89292 kB
Cached:           774996 kB
MemTotal:        1844596 kB
MemFree:          629396 kB
MemAvailable:    1469652 kB
Buffers:           89292 kB
Cached:           774996 kB
MemTotal:        1844596 kB
MemFree:          629480 kB
MemAvailable:    1469736 kB
Buffers:           89292 kB
Cached:           774996 kB
MemTotal:        1844596 kB
MemFree:          628208 kB
MemAvailable:    1468464 kB
Buffers:           89292 kB
Cached:           774996 kB
MemTotal:        1844596 kB
MemFree:          628208 kB
MemAvailable:    1468464 kB
Buffers:           89292 kB
Cached:           774996 kB
MemTotal:        1844596 kB
MemFree:          629584 kB
MemAvailable:    1469840 kB
Buffers:           89292 kB
Cached:           774996 kB
MemTotal:        1844596 kB
MemFree:          628852 kB
MemAvailable:    1469108 kB
Buffers:           89292 kB
Cached:           774996 kB
MemTotal:        1844596 kB
MemFree:          629536 kB
MemAvailable:    1469792 kB
Buffers:           89292 kB
Cached:           774996 kB
MemTotal:        1844596 kB
MemFree:          629704 kB
MemAvailable:    1469960 kB
Buffers:           89292 kB
Cached:           774996 kB
MemTotal:        1844596 kB
MemFree:          629456 kB
MemAvailable:    1469712 kB
Buffers:           89292 kB
Cached:           774996 kB
MemTotal:        1844596 kB
MemFree:          629708 kB
MemAvailable:    1469964 kB
Buffers:           89292 kB
Cached:           774996 kB
MemTotal:        1844596 kB
MemFree:          629284 kB
MemAvailable:    1469540 kB
Buffers:           89292 kB
Cached:           774996 kB
MemTotal:        1844596 kB
MemFree:          629540 kB
MemAvailable:    1469796 kB
Buffers:           89292 kB
Cached:           774996 kB
MemTotal:        1844596 kB
MemFree:          627604 kB
MemAvailable:    1467860 kB
Buffers:           89292 kB
Cached:           774996 kB
MemTotal:        1844596 kB
MemFree:          628788 kB
MemAvailable:    1469044 kB
Buffers:           89292 kB
Cached:           774996 kB
MemTotal:        1844596 kB
MemFree:          627060 kB
MemAvailable:    1467316 kB
Buffers:           89292 kB
Cached:           774996 kB
MemTotal:        1844596 kB
MemFree:          627060 kB
MemAvailable:    1467316 kB
Buffers:           89292 kB
Cached:           774996 kB
MemTotal:        1844596 kB
MemFree:          627184 kB
MemAvailable:    1467440 kB
Buffers:           89292 kB
Cached:           774996 kB
MemTotal:        1844596 kB
MemFree:          628424 kB
MemAvailable:    1468680 kB
Buffers:           89292 kB
Cached:           774996 kB
MemTotal:        1844596 kB
MemFree:          628020 kB
MemAvailable:    1468276 kB
Buffers:           89292 kB
Cached:           774996 kB
MemTotal:        1844596 kB
MemFree:          627592 kB
MemAvailable:    1467848 kB
Buffers:           89292 kB
Cached:           774996 kB
MemTotal:        1844596 kB
MemFree:          626960 kB
MemAvailable:    1467216 kB
Buffers:           89292 kB
Cached:           774996 kB
MemTotal:        1844596 kB
MemFree:          626960 kB
MemAvailable:    1467216 kB
Buffers:           89292 kB
Cached:           774996 kB
MemTotal:        1844596 kB
MemFree:          626960 kB
MemAvailable:    1467216 kB
Buffers:           89292 kB
Cached:           774996 kB
MemTotal:        1844596 kB
MemFree:          626704 kB
MemAvailable:    1466960 kB
Buffers:           89292 kB
Cached:           774996 kB
MemTotal:        1844596 kB
MemFree:          628068 kB
MemAvailable:    1468324 kB
Buffers:           89292 kB
Cached:           774996 kB
MemTotal:        1844596 kB
MemFree:          628044 kB
MemAvailable:    1468300 kB
Buffers:           89292 kB
Cached:           774996 kB
MemTotal:        1844596 kB
MemFree:          627976 kB
MemAvailable:    1468232 kB
Buffers:           89292 kB
Cached:           774996 kB
MemTotal:        1844596 kB
MemFree:          628228 kB
MemAvailable:    1468484 kB
Buffers:           89292 kB
Cached:           774996 kB
MemTotal:        1844596 kB
MemFree:          626732 kB
MemAvailable:    1466988 kB
Buffers:           89292 kB
Cached:           774996 kB
MemTotal:        1844596 kB
MemFree:          626732 kB
MemAvailable:    1466988 kB
Buffers:           89292 kB
Cached:           774996 kB
MemTotal:        1844596 kB
MemFree:          627924 kB
MemAvailable:    1468180 kB
Buffers:           89292 kB
Cached:           774996 kB
MemTotal:        1844596 kB
MemFree:          628176 kB
MemAvailable:    1468432 kB
Buffers:           89292 kB
Cached:           774996 kB
MemTotal:        1844596 kB
MemFree:          626200 kB
MemAvailable:    1466456 kB
Buffers:           89292 kB
Cached:           774996 kB
MemTotal:        1844596 kB
MemFree:          626620 kB
MemAvailable:    1466884 kB
Buffers:           89292 kB
Cached:           775004 kB
MemTotal:        1844596 kB
MemFree:          626744 kB
MemAvailable:    1467008 kB
Buffers:           89292 kB
Cached:           775004 kB
MemTotal:        1844596 kB
MemFree:          626744 kB
MemAvailable:    1467008 kB
Buffers:           89292 kB
Cached:           775004 kB
MemTotal:        1844596 kB
MemFree:          626860 kB
MemAvailable:    1467124 kB
Buffers:           89292 kB
Cached:           775004 kB
MemTotal:        1844596 kB
MemFree:          623892 kB
MemAvailable:    1464156 kB
Buffers:           89292 kB
Cached:           775004 kB
MemTotal:        1844596 kB
MemFree:          618296 kB
MemAvailable:    1458560 kB
Buffers:           89292 kB
Cached:           775004 kB
MemTotal:        1844596 kB
MemFree:          617320 kB
MemAvailable:    1457584 kB
Buffers:           89292 kB
Cached:           775004 kB
MemTotal:        1844596 kB
MemFree:          617056 kB
MemAvailable:    1457320 kB
Buffers:           89292 kB
Cached:           775004 kB
MemTotal:        1844596 kB
MemFree:          616452 kB
MemAvailable:    1456716 kB
Buffers:           89292 kB
Cached:           775004 kB
MemTotal:        1844596 kB
MemFree:          616628 kB
MemAvailable:    1456892 kB
Buffers:           89292 kB
Cached:           775004 kB
MemTotal:        1844596 kB
MemFree:          615328 kB
MemAvailable:    1455592 kB
Buffers:           89292 kB
Cached:           775004 kB
MemTotal:        1844596 kB
MemFree:          615940 kB
MemAvailable:    1456204 kB
Buffers:           89292 kB
Cached:           775004 kB
MemTotal:        1844596 kB
MemFree:          615460 kB
MemAvailable:    1455724 kB
Buffers:           89292 kB
Cached:           775004 kB
MemTotal:        1844596 kB
MemFree:          615760 kB
MemAvailable:    1456024 kB
Buffers:           89292 kB
Cached:           775004 kB
MemTotal:        1844596 kB
MemFree:          615568 kB
MemAvailable:    1455832 kB
Buffers:           89292 kB
Cached:           775004 kB
MemTotal:        1844596 kB
MemFree:          613848 kB
MemAvailable:    1454112 kB
Buffers:           89292 kB
Cached:           775004 kB
MemTotal:        1844596 kB
MemFree:          612732 kB
MemAvailable:    1452996 kB
Buffers:           89292 kB
Cached:           775004 kB
MemTotal:        1844596 kB
MemFree:          613284 kB
MemAvailable:    1453548 kB
Buffers:           89292 kB
Cached:           775004 kB
MemTotal:        1844596 kB
MemFree:          613228 kB
MemAvailable:    1453492 kB
Buffers:           89292 kB
Cached:           775004 kB
MemTotal:        1844596 kB
MemFree:          611608 kB
MemAvailable:    1451872 kB
Buffers:           89292 kB
Cached:           775004 kB
MemTotal:        1844596 kB
MemFree:          612848 kB
MemAvailable:    1453112 kB
Buffers:           89292 kB
Cached:           775004 kB
MemTotal:        1844596 kB
MemFree:          611616 kB
MemAvailable:    1451880 kB
Buffers:           89292 kB
Cached:           775004 kB
MemTotal:        1844596 kB
MemFree:          612868 kB
MemAvailable:    1453132 kB
Buffers:           89292 kB
Cached:           775004 kB
MemTotal:        1844596 kB
MemFree:          612932 kB
MemAvailable:    1453196 kB
Buffers:           89292 kB
Cached:           775004 kB
MemTotal:        1844596 kB
MemFree:          611692 kB
MemAvailable:    1451956 kB
Buffers:           89292 kB
Cached:           775004 kB
MemTotal:        1844596 kB
MemFree:          611692 kB
MemAvailable:    1451956 kB
Buffers:           89292 kB
Cached:           775004 kB
MemTotal:        1844596 kB
MemFree:          612708 kB
MemAvailable:    1452972 kB
Buffers:           89292 kB
Cached:           775004 kB
MemTotal:        1844596 kB
MemFree:          612600 kB
MemAvailable:    1452864 kB
Buffers:           89292 kB
Cached:           775004 kB
MemTotal:        1844596 kB
MemFree:          612764 kB
MemAvailable:    1453028 kB
Buffers:           89292 kB
Cached:           775004 kB
MemTotal:        1844596 kB
MemFree:          611548 kB
MemAvailable:    1451812 kB
Buffers:           89292 kB
Cached:           775004 kB
MemTotal:        1844596 kB
MemFree:          611244 kB
MemAvailable:    1451508 kB
Buffers:           89292 kB
Cached:           775004 kB
MemTotal:        1844596 kB
MemFree:          610872 kB
MemAvailable:    1451136 kB
Buffers:           89292 kB
Cached:           775004 kB
MemTotal:        1844596 kB
MemFree:          610988 kB
MemAvailable:    1451252 kB
Buffers:           89296 kB
Cached:           775000 kB
MemTotal:        1844596 kB
MemFree:          609756 kB
MemAvailable:    1450020 kB
Buffers:           89296 kB
Cached:           775000 kB
MemTotal:        1844596 kB
MemFree:          610932 kB
MemAvailable:    1451196 kB
Buffers:           89296 kB
Cached:           775000 kB
MemTotal:        1844596 kB
MemFree:          610864 kB
MemAvailable:    1451128 kB
Buffers:           89296 kB
Cached:           775000 kB
MemTotal:        1844596 kB
MemFree:          610628 kB
MemAvailable:    1450892 kB
Buffers:           89296 kB
Cached:           775000 kB
MemTotal:        1844596 kB
MemFree:          609012 kB
MemAvailable:    1449276 kB
Buffers:           89296 kB
Cached:           775000 kB
MemTotal:        1844596 kB
MemFree:          608756 kB
MemAvailable:    1449020 kB
Buffers:           89296 kB
Cached:           775000 kB
MemTotal:        1844596 kB
MemFree:          609336 kB
MemAvailable:    1449600 kB
Buffers:           89296 kB
Cached:           775000 kB
MemTotal:        1844596 kB
MemFree:          609020 kB
MemAvailable:    1449284 kB
Buffers:           89296 kB
Cached:           775000 kB
MemTotal:        1844596 kB
MemFree:          609188 kB
MemAvailable:    1449452 kB
Buffers:           89296 kB
Cached:           775000 kB
MemTotal:        1844596 kB
MemFree:          608872 kB
MemAvailable:    1449136 kB
Buffers:           89296 kB
Cached:           775000 kB
MemTotal:        1844596 kB
MemFree:          608020 kB
MemAvailable:    1448284 kB
Buffers:           89296 kB
Cached:           775000 kB
MemTotal:        1844596 kB
MemFree:          608644 kB
MemAvailable:    1448908 kB
Buffers:           89296 kB
Cached:           775000 kB
MemTotal:        1844596 kB
MemFree:          608644 kB
MemAvailable:    1448908 kB
Buffers:           89296 kB
Cached:           775000 kB
MemTotal:        1844596 kB
MemFree:          608768 kB
MemAvailable:    1449032 kB
Buffers:           89296 kB
Cached:           775000 kB
MemTotal:        1844596 kB
MemFree:          607468 kB
MemAvailable:    1447732 kB
Buffers:           89296 kB
Cached:           775000 kB
MemTotal:        1844596 kB
MemFree:          607468 kB
MemAvailable:    1447732 kB
Buffers:           89296 kB
Cached:           775000 kB
MemTotal:        1844596 kB
MemFree:          607496 kB
MemAvailable:    1447760 kB
Buffers:           89296 kB
Cached:           775000 kB
MemTotal:        1844596 kB
MemFree:          608600 kB
MemAvailable:    1448864 kB
Buffers:           89296 kB
Cached:           775000 kB
MemTotal:        1844596 kB
MemFree:          608852 kB
MemAvailable:    1449116 kB
Buffers:           89296 kB
Cached:           775000 kB
MemTotal:        1844596 kB
MemFree:          608836 kB
MemAvailable:    1449100 kB
Buffers:           89296 kB
Cached:           775000 kB
MemTotal:        1844596 kB
MemFree:          608736 kB
MemAvailable:    1449000 kB
Buffers:           89296 kB
Cached:           775000 kB
MemTotal:        1844596 kB
MemFree:          607256 kB
MemAvailable:    1447520 kB
Buffers:           89296 kB
Cached:           775000 kB
MemTotal:        1844596 kB
MemFree:          607380 kB
MemAvailable:    1447644 kB
Buffers:           89296 kB
Cached:           775000 kB
MemTotal:        1844596 kB
MemFree:          607504 kB
MemAvailable:    1447768 kB
Buffers:           89296 kB
Cached:           775000 kB
MemTotal:        1844596 kB
MemFree:          607628 kB
MemAvailable:    1447892 kB
Buffers:           89296 kB
Cached:           775000 kB
MemTotal:        1844596 kB
MemFree:          607240 kB
MemAvailable:    1447504 kB
Buffers:           89296 kB
Cached:           775000 kB
MemTotal:        1844596 kB
MemFree:          608540 kB
MemAvailable:    1448804 kB
Buffers:           89296 kB
Cached:           775000 kB
MemTotal:        1844596 kB
MemFree:          608516 kB
MemAvailable:    1448780 kB
Buffers:           89296 kB
Cached:           775000 kB
MemTotal:        1844596 kB
MemFree:          608352 kB
MemAvailable:    1448616 kB
Buffers:           89296 kB
Cached:           775000 kB
MemTotal:        1844596 kB
MemFree:          608412 kB
MemAvailable:    1448676 kB
Buffers:           89296 kB
Cached:           775000 kB
MemTotal:        1844596 kB
MemFree:          608336 kB
MemAvailable:    1448600 kB
Buffers:           89296 kB
Cached:           775000 kB
MemTotal:        1844596 kB
MemFree:          608588 kB
MemAvailable:    1448852 kB
Buffers:           89296 kB
Cached:           775000 kB
MemTotal:        1844596 kB
MemFree:          608476 kB
MemAvailable:    1448752 kB
Buffers:           89296 kB
Cached:           775012 kB
MemTotal:        1844596 kB
MemFree:          607152 kB
MemAvailable:    1447428 kB
Buffers:           89296 kB
Cached:           775012 kB
MemTotal:        1844596 kB
MemFree:          607268 kB
MemAvailable:    1447544 kB
Buffers:           89296 kB
Cached:           775012 kB
MemTotal:        1844596 kB
MemFree:          607392 kB
MemAvailable:    1447668 kB
Buffers:           89296 kB
Cached:           775012 kB
MemTotal:        1844596 kB
MemFree:          606408 kB
MemAvailable:    1446684 kB
Buffers:           89296 kB
Cached:           775012 kB
MemTotal:        1844596 kB
MemFree:          606284 kB
MemAvailable:    1446560 kB
Buffers:           89296 kB
Cached:           775012 kB
MemTotal:        1844596 kB
MemFree:          605912 kB
MemAvailable:    1446188 kB
Buffers:           89296 kB
Cached:           775012 kB
MemTotal:        1844596 kB
MemFree:          604920 kB
MemAvailable:    1445196 kB
Buffers:           89296 kB
Cached:           775012 kB
MemTotal:        1844596 kB
MemFree:          603432 kB
MemAvailable:    1443708 kB
Buffers:           89296 kB
Cached:           775012 kB
MemTotal:        1844596 kB
MemFree:          600828 kB
MemAvailable:    1441104 kB
Buffers:           89296 kB
Cached:           775012 kB
MemTotal:        1844596 kB
MemFree:          598224 kB
MemAvailable:    1438500 kB
Buffers:           89296 kB
Cached:           775012 kB
MemTotal:        1844596 kB
MemFree:          595868 kB
MemAvailable:    1436144 kB
Buffers:           89296 kB
Cached:           775012 kB
MemTotal:        1844596 kB
MemFree:          592272 kB
MemAvailable:    1432548 kB
Buffers:           89296 kB
Cached:           775012 kB
MemTotal:        1844596 kB
MemFree:          589908 kB
MemAvailable:    1430184 kB
Buffers:           89296 kB
Cached:           775012 kB
MemTotal:        1844596 kB
MemFree:          589924 kB
MemAvailable:    1430200 kB
Buffers:           89296 kB
Cached:           775012 kB
MemTotal:        1844596 kB
MemFree:          589868 kB
MemAvailable:    1430144 kB
Buffers:           89296 kB
Cached:           775012 kB
MemTotal:        1844596 kB
MemFree:          588664 kB
MemAvailable:    1428940 kB
Buffers:           89296 kB
Cached:           775012 kB
MemTotal:        1844596 kB
MemFree:          589980 kB
MemAvailable:    1430256 kB
Buffers:           89296 kB
Cached:           775012 kB
MemTotal:        1844596 kB
MemFree:          588788 kB
MemAvailable:    1429064 kB
Buffers:           89296 kB
Cached:           775012 kB
MemTotal:        1844596 kB
MemFree:          589896 kB
MemAvailable:    1430172 kB
Buffers:           89296 kB
Cached:           775012 kB
MemTotal:        1844596 kB
MemFree:          589056 kB
MemAvailable:    1429332 kB
Buffers:           89296 kB
Cached:           775012 kB
MemTotal:        1844596 kB
MemFree:          589536 kB
MemAvailable:    1429812 kB
Buffers:           89296 kB
Cached:           775012 kB
MemTotal:        1844596 kB
MemFree:          589804 kB
MemAvailable:    1430080 kB
Buffers:           89296 kB
Cached:           775012 kB
MemTotal:        1844596 kB
MemFree:          589716 kB
MemAvailable:    1429992 kB
Buffers:           89296 kB
Cached:           775012 kB
MemTotal:        1844596 kB
MemFree:          589056 kB
MemAvailable:    1429332 kB
Buffers:           89296 kB
Cached:           775012 kB
MemTotal:        1844596 kB
MemFree:          589652 kB
MemAvailable:    1429932 kB
Buffers:           89296 kB
Cached:           775016 kB
MemTotal:        1844596 kB
MemFree:          589668 kB
MemAvailable:    1429948 kB
Buffers:           89296 kB
Cached:           775016 kB
MemTotal:        1844596 kB
MemFree:          588908 kB
MemAvailable:    1429188 kB
Buffers:           89296 kB
Cached:           775016 kB
MemTotal:        1844596 kB
MemFree:          589164 kB
MemAvailable:    1429444 kB
Buffers:           89296 kB
Cached:           775016 kB
MemTotal:        1844596 kB
MemFree:          588908 kB
MemAvailable:    1429188 kB
Buffers:           89296 kB
Cached:           775016 kB
MemTotal:        1844596 kB
MemFree:          588968 kB
MemAvailable:    1429248 kB
Buffers:           89296 kB
Cached:           775016 kB
MemTotal:        1844596 kB
MemFree:          587940 kB
MemAvailable:    1428220 kB
Buffers:           89296 kB
Cached:           775016 kB
MemTotal:        1844596 kB
MemFree:          587428 kB
MemAvailable:    1427708 kB
Buffers:           89296 kB
Cached:           775016 kB
MemTotal:        1844596 kB
MemFree:          587560 kB
MemAvailable:    1427840 kB
Buffers:           89296 kB
Cached:           775016 kB
MemTotal:        1844596 kB
MemFree:          587560 kB
MemAvailable:    1427840 kB
Buffers:           89296 kB
Cached:           775016 kB
MemTotal:        1844596 kB
MemFree:          587644 kB
MemAvailable:    1427924 kB
Buffers:           89296 kB
Cached:           775016 kB
MemTotal:        1844596 kB
MemFree:          588924 kB
MemAvailable:    1429204 kB
Buffers:           89296 kB
Cached:           775016 kB
MemTotal:        1844596 kB
MemFree:          588916 kB
MemAvailable:    1429196 kB
Buffers:           89296 kB
Cached:           775016 kB
MemTotal:        1844596 kB
MemFree:          587428 kB
MemAvailable:    1427708 kB
Buffers:           89296 kB
Cached:           775016 kB
MemTotal:        1844596 kB
MemFree:          588784 kB
MemAvailable:    1429064 kB
Buffers:           89296 kB
Cached:           775016 kB
MemTotal:        1844596 kB
MemFree:          588676 kB
MemAvailable:    1428956 kB
Buffers:           89296 kB
Cached:           775016 kB
MemTotal:        1844596 kB
MemFree:          587792 kB
MemAvailable:    1428072 kB
Buffers:           89296 kB
Cached:           775016 kB
MemTotal:        1844596 kB
MemFree:          587544 kB
MemAvailable:    1427824 kB
Buffers:           89296 kB
Cached:           775016 kB
MemTotal:        1844596 kB
MemFree:          588728 kB
MemAvailable:    1429008 kB
Buffers:           89296 kB
Cached:           775016 kB
MemTotal:        1844596 kB
MemFree:          588180 kB
MemAvailable:    1428460 kB
Buffers:           89296 kB
Cached:           775016 kB
MemTotal:        1844596 kB
MemFree:          587628 kB
MemAvailable:    1427908 kB
Buffers:           89296 kB
Cached:           775016 kB
MemTotal:        1844596 kB
MemFree:          587628 kB
MemAvailable:    1427908 kB
Buffers:           89296 kB
Cached:           775016 kB
MemTotal:        1844596 kB
MemFree:          585312 kB
MemAvailable:    1425592 kB
Buffers:           89296 kB
Cached:           775016 kB
MemTotal:        1844596 kB
MemFree:          584584 kB
MemAvailable:    1424864 kB
Buffers:           89296 kB
Cached:           775016 kB
MemTotal:        1844596 kB
MemFree:          582104 kB
MemAvailable:    1422384 kB
Buffers:           89296 kB
Cached:           775016 kB
MemTotal:        1844596 kB
MemFree:          579880 kB
MemAvailable:    1420160 kB
Buffers:           89296 kB
Cached:           775016 kB
MemTotal:        1844596 kB
MemFree:          576392 kB
MemAvailable:    1416676 kB
Buffers:           89296 kB
Cached:           775020 kB
MemTotal:        1844596 kB
MemFree:          576036 kB
MemAvailable:    1416320 kB
Buffers:           89296 kB
Cached:           775020 kB
MemTotal:        1844596 kB
MemFree:          571672 kB
MemAvailable:    1411956 kB
Buffers:           89296 kB
Cached:           775020 kB
MemTotal:        1844596 kB
MemFree:          570820 kB
MemAvailable:    1411104 kB
Buffers:           89296 kB
Cached:           775020 kB
MemTotal:        1844596 kB
MemFree:          570944 kB
MemAvailable:    1411228 kB
Buffers:           89296 kB
Cached:           775020 kB
MemTotal:        1844596 kB
MemFree:          569572 kB
MemAvailable:    1409856 kB
Buffers:           89296 kB
Cached:           775020 kB
MemTotal:        1844596 kB
MemFree:          569400 kB
MemAvailable:    1409684 kB
Buffers:           89296 kB
Cached:           775020 kB
MemTotal:        1844596 kB
MemFree:          569312 kB
MemAvailable:    1409596 kB
Buffers:           89296 kB
Cached:           775020 kB
MemTotal:        1844596 kB
MemFree:          570496 kB
MemAvailable:    1410780 kB
Buffers:           89296 kB
Cached:           775020 kB
MemTotal:        1844596 kB
MemFree:          570448 kB
MemAvailable:    1410732 kB
Buffers:           89296 kB
Cached:           775020 kB
MemTotal:        1844596 kB
MemFree:          570852 kB
MemAvailable:    1411136 kB
Buffers:           89296 kB
Cached:           775020 kB
MemTotal:        1844596 kB
MemFree:          570548 kB
MemAvailable:    1410832 kB
Buffers:           89296 kB
Cached:           775020 kB
MemTotal:        1844596 kB
MemFree:          570456 kB
MemAvailable:    1410740 kB
Buffers:           89296 kB
Cached:           775020 kB
MemTotal:        1844596 kB
MemFree:          570524 kB
MemAvailable:    1410808 kB
Buffers:           89296 kB
Cached:           775020 kB
MemTotal:        1844596 kB
MemFree:          569404 kB
MemAvailable:    1409688 kB
Buffers:           89296 kB
Cached:           775020 kB
MemTotal:        1844596 kB
MemFree:          570556 kB
MemAvailable:    1410840 kB
Buffers:           89296 kB
Cached:           775020 kB
MemTotal:        1844596 kB
MemFree:          570808 kB
MemAvailable:    1411092 kB
Buffers:           89296 kB
Cached:           775020 kB
MemTotal:        1844596 kB
MemFree:          569564 kB
MemAvailable:    1409848 kB
Buffers:           89296 kB
Cached:           775020 kB
MemTotal:        1844596 kB
MemFree:          569400 kB
MemAvailable:    1409684 kB
Buffers:           89296 kB
Cached:           775020 kB
MemTotal:        1844596 kB
MemFree:          570612 kB
MemAvailable:    1410900 kB
Buffers:           89296 kB
Cached:           775024 kB
MemTotal:        1844596 kB
MemFree:          569512 kB
MemAvailable:    1409800 kB
Buffers:           89296 kB
Cached:           775024 kB
MemTotal:        1844596 kB
MemFree:          570656 kB
MemAvailable:    1410944 kB
Buffers:           89296 kB
Cached:           775024 kB
MemTotal:        1844596 kB
MemFree:          570564 kB
MemAvailable:    1410852 kB
Buffers:           89296 kB
Cached:           775024 kB
MemTotal:        1844596 kB
MemFree:          570816 kB
MemAvailable:    1411104 kB
Buffers:           89296 kB
Cached:           775024 kB
MemTotal:        1844596 kB
MemFree:          569332 kB
MemAvailable:    1409620 kB
Buffers:           89296 kB
Cached:           775024 kB
MemTotal:        1844596 kB
MemFree:          569160 kB
MemAvailable:    1409448 kB
Buffers:           89296 kB
Cached:           775024 kB
MemTotal:        1844596 kB
MemFree:          570584 kB
MemAvailable:    1410872 kB
Buffers:           89296 kB
Cached:           775024 kB
MemTotal:        1844596 kB
MemFree:          570704 kB
MemAvailable:    1410992 kB
Buffers:           89296 kB
Cached:           775024 kB
MemTotal:        1844596 kB
MemFree:          569332 kB
MemAvailable:    1409620 kB
Buffers:           89296 kB
Cached:           775024 kB
MemTotal:        1844596 kB
MemFree:          570120 kB
MemAvailable:    1410408 kB
Buffers:           89296 kB
Cached:           775024 kB
MemTotal:        1844596 kB
MemFree:          569456 kB
MemAvailable:    1409744 kB
Buffers:           89296 kB
Cached:           775024 kB
MemTotal:        1844596 kB
MemFree:          570624 kB
MemAvailable:    1410912 kB
Buffers:           89296 kB
Cached:           775024 kB
MemTotal:        1844596 kB
MemFree:          569408 kB
MemAvailable:    1409696 kB
Buffers:           89296 kB
Cached:           775024 kB
MemTotal:        1844596 kB
MemFree:          569284 kB
MemAvailable:    1409572 kB
Buffers:           89296 kB
Cached:           775024 kB
MemTotal:        1844596 kB
MemFree:          569320 kB
MemAvailable:    1409608 kB
Buffers:           89296 kB
Cached:           775024 kB
MemTotal:        1844596 kB
MemFree:          569320 kB
MemAvailable:    1409608 kB
Buffers:           89296 kB
Cached:           775024 kB
MemTotal:        1844596 kB
MemFree:          570644 kB
MemAvailable:    1410932 kB
Buffers:           89296 kB
Cached:           775024 kB
MemTotal:        1844596 kB
MemFree:          569828 kB
MemAvailable:    1410116 kB
Buffers:           89296 kB
Cached:           775024 kB
MemTotal:        1844596 kB
MemFree:          569828 kB
MemAvailable:    1410116 kB
Buffers:           89296 kB
Cached:           775024 kB
MemTotal:        1844596 kB
MemFree:          569812 kB
MemAvailable:    1410100 kB
Buffers:           89296 kB
Cached:           775024 kB
MemTotal:        1844596 kB
MemFree:          566720 kB
MemAvailable:    1407008 kB
Buffers:           89296 kB
Cached:           775024 kB
MemTotal:        1844596 kB
MemFree:          562388 kB
MemAvailable:    1402676 kB
Buffers:           89296 kB
Cached:           775024 kB
MemTotal:        1844596 kB
MemFree:          557924 kB
MemAvailable:    1398212 kB
Buffers:           89296 kB
Cached:           775024 kB
MemTotal:        1844596 kB
MemFree:          554908 kB
MemAvailable:    1395196 kB
Buffers:           89296 kB
Cached:           775024 kB
MemTotal:        1844596 kB
MemFree:          552352 kB
MemAvailable:    1392640 kB
Buffers:           89296 kB
Cached:           775024 kB
MemTotal:        1844596 kB
MemFree:          553072 kB
MemAvailable:    1393360 kB
Buffers:           89296 kB
Cached:           775024 kB
MemTotal:        1844596 kB
MemFree:          552716 kB
MemAvailable:    1393004 kB
Buffers:           89296 kB
Cached:           775024 kB
MemTotal:        1844596 kB
MemFree:          551788 kB
MemAvailable:    1392076 kB
Buffers:           89296 kB
Cached:           775024 kB
MemTotal:        1844596 kB
MemFree:          551600 kB
MemAvailable:    1391888 kB
Buffers:           89296 kB
Cached:           775024 kB
MemTotal:        1844596 kB
MemFree:          551352 kB
MemAvailable:    1391640 kB
Buffers:           89296 kB
Cached:           775024 kB
MemTotal:        1844596 kB
MemFree:          552772 kB
MemAvailable:    1393060 kB
Buffers:           89296 kB
Cached:           775024 kB
MemTotal:        1844596 kB
MemFree:          552716 kB
MemAvailable:    1393004 kB
Buffers:           89296 kB
Cached:           775024 kB
MemTotal:        1844596 kB
MemFree:          552272 kB
MemAvailable:    1392560 kB
Buffers:           89296 kB
Cached:           775024 kB
MemTotal:        1844596 kB
MemFree:          551956 kB
MemAvailable:    1392244 kB
Buffers:           89296 kB
Cached:           775024 kB
MemTotal:        1844596 kB
MemFree:          551824 kB
MemAvailable:    1392112 kB
Buffers:           89296 kB
Cached:           775024 kB
MemTotal:        1844596 kB
MemFree:          550648 kB
MemAvailable:    1390936 kB
Buffers:           89296 kB
Cached:           775024 kB
MemTotal:        1844596 kB
MemFree:          551964 kB
MemAvailable:    1392252 kB
Buffers:           89296 kB
Cached:           775024 kB
MemTotal:        1844596 kB
MemFree:          551644 kB
MemAvailable:    1391932 kB
Buffers:           89296 kB
Cached:           775024 kB
MemTotal:        1844596 kB
MemFree:          551416 kB
MemAvailable:    1391704 kB
Buffers:           89296 kB
Cached:           775024 kB
MemTotal:        1844596 kB
MemFree:          551416 kB
MemAvailable:    1391704 kB
Buffers:           89296 kB
Cached:           775024 kB
MemTotal:        1844596 kB
MemFree:          549244 kB
MemAvailable:    1389532 kB
Buffers:           89296 kB
Cached:           775024 kB
MemTotal:        1844596 kB
MemFree:          549916 kB
MemAvailable:    1390204 kB
Buffers:           89296 kB
Cached:           775024 kB
MemTotal:        1844596 kB
MemFree:          549228 kB
MemAvailable:    1389516 kB
Buffers:           89296 kB
Cached:           775024 kB
MemTotal:        1844596 kB
MemFree:          548500 kB
MemAvailable:    1388788 kB
Buffers:           89296 kB
Cached:           775024 kB
MemTotal:        1844596 kB
MemFree:          549064 kB
MemAvailable:    1389352 kB
Buffers:           89296 kB
Cached:           775024 kB
MemTotal:        1844596 kB
MemFree:          547632 kB
MemAvailable:    1387920 kB
Buffers:           89296 kB
Cached:           775024 kB
MemTotal:        1844596 kB
MemFree:          547004 kB
MemAvailable:    1387292 kB
Buffers:           89296 kB
Cached:           775024 kB
MemTotal:        1844596 kB
MemFree:          546996 kB
MemAvailable:    1387284 kB
Buffers:           89296 kB
Cached:           775024 kB
MemTotal:        1844596 kB
MemFree:          546896 kB
MemAvailable:    1387184 kB
Buffers:           89296 kB
Cached:           775024 kB
MemTotal:        1844596 kB
MemFree:          546320 kB
MemAvailable:    1386608 kB
Buffers:           89296 kB
Cached:           775024 kB
MemTotal:        1844596 kB
MemFree:          545020 kB
MemAvailable:    1385308 kB
Buffers:           89296 kB
Cached:           775024 kB
MemTotal:        1844596 kB
MemFree:          544848 kB
MemAvailable:    1385136 kB
Buffers:           89296 kB
Cached:           775024 kB
MemTotal:        1844596 kB
MemFree:          546060 kB
MemAvailable:    1386348 kB
Buffers:           89296 kB
Cached:           775024 kB
MemTotal:        1844596 kB
MemFree:          545980 kB
MemAvailable:    1386268 kB
Buffers:           89296 kB
Cached:           775024 kB
MemTotal:        1844596 kB
MemFree:          546232 kB
MemAvailable:    1386520 kB
Buffers:           89296 kB
Cached:           775024 kB
MemTotal:        1844596 kB
MemFree:          544708 kB
MemAvailable:    1384996 kB
Buffers:           89296 kB
Cached:           775024 kB
MemTotal:        1844596 kB
MemFree:          545576 kB
MemAvailable:    1385864 kB
Buffers:           89296 kB
Cached:           775024 kB
MemTotal:        1844596 kB
MemFree:          544284 kB
MemAvailable:    1384572 kB
Buffers:           89296 kB
Cached:           775024 kB
MemTotal:        1844596 kB
MemFree:          544656 kB
MemAvailable:    1384944 kB
Buffers:           89296 kB
Cached:           775024 kB
MemTotal:        1844596 kB
MemFree:          543284 kB
MemAvailable:    1383572 kB
Buffers:           89296 kB
Cached:           775024 kB
MemTotal:        1844596 kB
MemFree:          543160 kB
MemAvailable:    1383448 kB
Buffers:           89296 kB
Cached:           775024 kB
MemTotal:        1844596 kB
MemFree:          543276 kB
MemAvailable:    1383564 kB
Buffers:           89296 kB
Cached:           775024 kB
MemTotal:        1844596 kB
MemFree:          543236 kB
MemAvailable:    1383524 kB
Buffers:           89296 kB
Cached:           775024 kB
MemTotal:        1844596 kB
MemFree:          543236 kB
MemAvailable:    1383524 kB
Buffers:           89296 kB
Cached:           775024 kB
MemTotal:        1844596 kB
MemFree:          543104 kB
MemAvailable:    1383392 kB
Buffers:           89296 kB
Cached:           775024 kB
MemTotal:        1844596 kB
MemFree:          543104 kB
MemAvailable:    1383392 kB
Buffers:           89296 kB
Cached:           775024 kB
MemTotal:        1844596 kB
MemFree:          544428 kB
MemAvailable:    1384716 kB
Buffers:           89296 kB
Cached:           775024 kB
MemTotal:        1844596 kB
MemFree:          543416 kB
MemAvailable:    1383704 kB
Buffers:           89296 kB
Cached:           775024 kB
MemTotal:        1844596 kB
MemFree:          544144 kB
MemAvailable:    1384440 kB
Buffers:           89296 kB
Cached:           775032 kB
MemTotal:        1844596 kB
MemFree:          544080 kB
MemAvailable:    1384376 kB
Buffers:           89296 kB
Cached:           775032 kB
MemTotal:        1844596 kB
MemFree:          543168 kB
MemAvailable:    1383464 kB
Buffers:           89296 kB
Cached:           775032 kB
MemTotal:        1844596 kB
MemFree:          544452 kB
MemAvailable:    1384748 kB
Buffers:           89296 kB
Cached:           775032 kB
MemTotal:        1844596 kB
MemFree:          544408 kB
MemAvailable:    1384704 kB
Buffers:           89296 kB
Cached:           775032 kB
MemTotal:        1844596 kB
MemFree:          544312 kB
MemAvailable:    1384608 kB
Buffers:           89296 kB
Cached:           775032 kB
MemTotal:        1844596 kB
MemFree:          543664 kB
MemAvailable:    1383960 kB
Buffers:           89296 kB
Cached:           775032 kB
MemTotal:        1844596 kB
MemFree:          543280 kB
MemAvailable:    1383576 kB
Buffers:           89296 kB
Cached:           775032 kB
MemTotal:        1844596 kB
MemFree:          543108 kB
MemAvailable:    1383404 kB
Buffers:           89296 kB
Cached:           775032 kB
MemTotal:        1844596 kB
MemFree:          543104 kB
MemAvailable:    1383400 kB
Buffers:           89296 kB
Cached:           775032 kB
MemTotal:        1844596 kB
MemFree:          544276 kB
MemAvailable:    1384572 kB
Buffers:           89296 kB
Cached:           775032 kB
MemTotal:        1844596 kB
MemFree:          544612 kB
MemAvailable:    1384908 kB
Buffers:           89296 kB
Cached:           775032 kB
MemTotal:        1844596 kB
MemFree:          544392 kB
MemAvailable:    1384688 kB
Buffers:           89296 kB
Cached:           775032 kB
MemTotal:        1844596 kB
MemFree:          544532 kB
MemAvailable:    1384828 kB
Buffers:           89296 kB
Cached:           775032 kB
MemTotal:        1844596 kB
MemFree:          544352 kB
MemAvailable:    1384648 kB
Buffers:           89296 kB
Cached:           775032 kB
MemTotal:        1844596 kB
MemFree:          543416 kB
MemAvailable:    1383712 kB
Buffers:           89296 kB
Cached:           775032 kB
MemTotal:        1844596 kB
MemFree:          544336 kB
MemAvailable:    1384632 kB
Buffers:           89296 kB
Cached:           775032 kB
MemTotal:        1844596 kB
MemFree:          544400 kB
MemAvailable:    1384696 kB
Buffers:           89296 kB
Cached:           775032 kB
MemTotal:        1844596 kB
MemFree:          544168 kB
MemAvailable:    1384464 kB
Buffers:           89296 kB
Cached:           775032 kB
MemTotal:        1844596 kB
MemFree:          544392 kB
MemAvailable:    1384688 kB
Buffers:           89296 kB
Cached:           775032 kB
MemTotal:        1844596 kB
MemFree:          544532 kB
MemAvailable:    1384828 kB
Buffers:           89296 kB
Cached:           775032 kB
MemTotal:        1844596 kB
MemFree:          544388 kB
MemAvailable:    1384684 kB
Buffers:           89296 kB
Cached:           775032 kB
MemTotal:        1844596 kB
MemFree:          544292 kB
MemAvailable:    1384588 kB
Buffers:           89296 kB
Cached:           775032 kB
MemTotal:        1844596 kB
MemFree:          544392 kB
MemAvailable:    1384688 kB
Buffers:           89296 kB
Cached:           775032 kB
MemTotal:        1844596 kB
MemFree:          544532 kB
MemAvailable:    1384828 kB
Buffers:           89296 kB
Cached:           775032 kB
MemTotal:        1844596 kB
MemFree:          543400 kB
MemAvailable:    1383696 kB
Buffers:           89296 kB
Cached:           775032 kB
MemTotal:        1844596 kB
MemFree:          543028 kB
MemAvailable:    1383324 kB
Buffers:           89296 kB
Cached:           775032 kB
MemTotal:        1844596 kB
MemFree:          544404 kB
MemAvailable:    1384700 kB
Buffers:           89296 kB
Cached:           775032 kB
MemTotal:        1844596 kB
MemFree:          543272 kB
MemAvailable:    1383568 kB
Buffers:           89296 kB
Cached:           775032 kB
MemTotal:        1844596 kB
MemFree:          542976 kB
MemAvailable:    1383272 kB
Buffers:           89296 kB
Cached:           775032 kB
MemTotal:        1844596 kB
MemFree:          544544 kB
MemAvailable:    1384840 kB
Buffers:           89296 kB
Cached:           775032 kB
MemTotal:        1844596 kB
MemFree:          544372 kB
MemAvailable:    1384668 kB
Buffers:           89296 kB
Cached:           775032 kB
MemTotal:        1844596 kB
MemFree:          543044 kB
MemAvailable:    1383340 kB
Buffers:           89296 kB
Cached:           775032 kB
MemTotal:        1844596 kB
MemFree:          544412 kB
MemAvailable:    1384708 kB
Buffers:           89296 kB
Cached:           775032 kB
MemTotal:        1844596 kB
MemFree:          544472 kB
MemAvailable:    1384768 kB
Buffers:           89296 kB
Cached:           775032 kB
MemTotal:        1844596 kB
MemFree:          541556 kB
MemAvailable:    1381852 kB
Buffers:           89296 kB
Cached:           775032 kB
MemTotal:        1844596 kB
MemFree:          538392 kB
MemAvailable:    1378688 kB
Buffers:           89296 kB
Cached:           775032 kB
MemTotal:        1844596 kB
MemFree:          535480 kB
MemAvailable:    1375776 kB
Buffers:           89296 kB
Cached:           775032 kB
MemTotal:        1844596 kB
MemFree:          531636 kB
MemAvailable:    1371932 kB
Buffers:           89296 kB
Cached:           775032 kB
MemTotal:        1844596 kB
MemFree:          528536 kB
MemAvailable:    1368832 kB
Buffers:           89296 kB
Cached:           775032 kB
MemTotal:        1844596 kB
MemFree:          525932 kB
MemAvailable:    1366228 kB
Buffers:           89296 kB
Cached:           775032 kB
MemTotal:        1844596 kB
MemFree:          523824 kB
MemAvailable:    1364120 kB
Buffers:           89296 kB
Cached:           775032 kB
MemTotal:        1844596 kB
MemFree:          524924 kB
MemAvailable:    1365220 kB
Buffers:           89296 kB
Cached:           775032 kB
MemTotal:        1844596 kB
MemFree:          524444 kB
MemAvailable:    1364740 kB
Buffers:           89296 kB
Cached:           775032 kB
MemTotal:        1844596 kB
MemFree:          524980 kB
MemAvailable:    1365276 kB
Buffers:           89296 kB
Cached:           775032 kB
MemTotal:        1844596 kB
MemFree:          525044 kB
MemAvailable:    1365340 kB
Buffers:           89296 kB
Cached:           775032 kB
MemTotal:        1844596 kB
MemFree:          523640 kB
MemAvailable:    1363936 kB
Buffers:           89296 kB
Cached:           775032 kB
MemTotal:        1844596 kB
MemFree:          523576 kB
MemAvailable:    1363872 kB
Buffers:           89296 kB
Cached:           775032 kB
MemTotal:        1844596 kB
MemFree:          524800 kB
MemAvailable:    1365096 kB
Buffers:           89296 kB
Cached:           775032 kB
MemTotal:        1844596 kB
MemFree:          524940 kB
MemAvailable:    1365236 kB
Buffers:           89296 kB
Cached:           775032 kB
MemTotal:        1844596 kB
MemFree:          524788 kB
MemAvailable:    1365084 kB
Buffers:           89296 kB
Cached:           775032 kB
MemTotal:        1844596 kB
MemFree:          525040 kB
MemAvailable:    1365336 kB
Buffers:           89296 kB
Cached:           775032 kB
MemTotal:        1844596 kB
MemFree:          524928 kB
MemAvailable:    1365224 kB
Buffers:           89296 kB
Cached:           775032 kB
MemTotal:        1844596 kB
MemFree:          523640 kB
MemAvailable:    1363936 kB
Buffers:           89296 kB
Cached:           775032 kB
MemTotal:        1844596 kB
MemFree:          524736 kB
MemAvailable:    1365032 kB
Buffers:           89296 kB
Cached:           775032 kB
MemTotal:        1844596 kB
MemFree:          524568 kB
MemAvailable:    1364864 kB
Buffers:           89296 kB
Cached:           775032 kB
MemTotal:        1844596 kB
MemFree:          524688 kB
MemAvailable:    1364984 kB
Buffers:           89296 kB
Cached:           775032 kB
MemTotal:        1844596 kB
MemFree:          524760 kB
MemAvailable:    1365056 kB
Buffers:           89296 kB
Cached:           775032 kB
MemTotal:        1844596 kB
MemFree:          523264 kB
MemAvailable:    1363560 kB
Buffers:           89296 kB
Cached:           775032 kB
MemTotal:        1844596 kB
MemFree:          523376 kB
MemAvailable:    1363672 kB
Buffers:           89296 kB
Cached:           775032 kB
MemTotal:        1844596 kB
MemFree:          524784 kB
MemAvailable:    1365080 kB
Buffers:           89296 kB
Cached:           775032 kB
MemTotal:        1844596 kB
MemFree:          524656 kB
MemAvailable:    1364952 kB
Buffers:           89296 kB
Cached:           775032 kB
MemTotal:        1844596 kB
MemFree:          524428 kB
MemAvailable:    1364724 kB
Buffers:           89296 kB
Cached:           775032 kB
MemTotal:        1844596 kB
MemFree:          524444 kB
MemAvailable:    1364740 kB
Buffers:           89296 kB
Cached:           775032 kB
MemTotal:        1844596 kB
MemFree:          523440 kB
MemAvailable:    1363736 kB
Buffers:           89296 kB
Cached:           775032 kB
MemTotal:        1844596 kB
MemFree:          524304 kB
MemAvailable:    1364600 kB
Buffers:           89296 kB
Cached:           775032 kB
MemTotal:        1844596 kB
MemFree:          523576 kB
MemAvailable:    1363872 kB
Buffers:           89296 kB
Cached:           775032 kB
MemTotal:        1844596 kB
MemFree:          523560 kB
MemAvailable:    1363856 kB
Buffers:           89296 kB
Cached:           775032 kB
MemTotal:        1844596 kB
MemFree:          523644 kB
MemAvailable:    1363940 kB
Buffers:           89296 kB
Cached:           775032 kB
MemTotal:        1844596 kB
MemFree:          518988 kB
MemAvailable:    1359284 kB
Buffers:           89296 kB
Cached:           775032 kB
MemTotal:        1844596 kB
MemFree:          514204 kB
MemAvailable:    1354508 kB
Buffers:           89296 kB
Cached:           775040 kB
MemTotal:        1844596 kB
MemFree:          513532 kB
MemAvailable:    1353836 kB
Buffers:           89296 kB
Cached:           775040 kB
MemTotal:        1844596 kB
MemFree:          513648 kB
MemAvailable:    1353952 kB
Buffers:           89296 kB
Cached:           775040 kB
MemTotal:        1844596 kB
MemFree:          513400 kB
MemAvailable:    1353704 kB
Buffers:           89296 kB
Cached:           775040 kB
MemTotal:        1844596 kB
MemFree:          514640 kB
MemAvailable:    1354944 kB
Buffers:           89296 kB
Cached:           775040 kB
MemTotal:        1844596 kB
MemFree:          513672 kB
MemAvailable:    1353976 kB
Buffers:           89296 kB
Cached:           775040 kB
MemTotal:        1844596 kB
MemFree:          514400 kB
MemAvailable:    1354704 kB
Buffers:           89296 kB
Cached:           775040 kB
MemTotal:        1844596 kB
MemFree:          514736 kB
MemAvailable:    1355040 kB
Buffers:           89296 kB
Cached:           775040 kB
MemTotal:        1844596 kB
MemFree:          514524 kB
MemAvailable:    1354828 kB
Buffers:           89296 kB
Cached:           775040 kB
MemTotal:        1844596 kB
MemFree:          514336 kB
MemAvailable:    1354724 kB
Buffers:           89296 kB
Cached:           775164 kB
MemTotal:        1844596 kB
MemFree:          514588 kB
MemAvailable:    1354976 kB
Buffers:           89296 kB
Cached:           775164 kB
MemTotal:        1844596 kB
MemFree:          514268 kB
MemAvailable:    1354740 kB
Buffers:           89296 kB
Cached:           775288 kB
MemTotal:        1844596 kB
MemFree:          513168 kB
MemAvailable:    1353808 kB
Buffers:           89296 kB
Cached:           775412 kB
MemTotal:        1844596 kB
MemFree:          512784 kB
MemAvailable:    1353508 kB
Buffers:           89296 kB
Cached:           775412 kB
MemTotal:        1844596 kB
MemFree:          513884 kB
MemAvailable:    1354776 kB
Buffers:           89296 kB
Cached:           775660 kB
MemTotal:        1844596 kB
MemFree:          513968 kB
MemAvailable:    1354860 kB
Buffers:           89296 kB
Cached:           775660 kB
MemTotal:        1844596 kB
MemFree:          512492 kB
MemAvailable:    1353384 kB
Buffers:           89296 kB
Cached:           775660 kB
MemTotal:        1844596 kB
MemFree:          513732 kB
MemAvailable:    1354624 kB
Buffers:           89296 kB
Cached:           775660 kB
MemTotal:        1844596 kB
MemFree:          512528 kB
MemAvailable:    1353420 kB
Buffers:           89296 kB
Cached:           775660 kB
MemTotal:        1844596 kB
MemFree:          513716 kB
MemAvailable:    1354608 kB
Buffers:           89296 kB
Cached:           775660 kB
MemTotal:        1844596 kB
MemFree:          513884 kB
MemAvailable:    1354776 kB
Buffers:           89296 kB
Cached:           775660 kB
MemTotal:        1844596 kB
MemFree:          512416 kB
MemAvailable:    1353308 kB
Buffers:           89296 kB
Cached:           775660 kB
MemTotal:        1844596 kB
MemFree:          512624 kB
MemAvailable:    1353516 kB
Buffers:           89296 kB
Cached:           775660 kB
MemTotal:        1844596 kB
MemFree:          513872 kB
MemAvailable:    1354848 kB
Buffers:           89296 kB
Cached:           775784 kB
MemTotal:        1844596 kB
MemFree:          514400 kB
MemAvailable:    1354704 kB
Buffers:           89296 kB
Cached:           775068 kB
MemTotal:        1844596 kB
MemFree:          513044 kB
MemAvailable:    1353348 kB
Buffers:           89296 kB
Cached:           775068 kB
MemTotal:        1844596 kB
MemFree:          629108 kB
MemAvailable:    1469412 kB
Buffers:           89296 kB
Cached:           775068 kB
MemTotal:        1844596 kB
MemFree:          706564 kB
MemAvailable:    1546868 kB
Buffers:           89296 kB
Cached:           775068 kB
