MemTotal:        1844596 kB
MemFree:          684544 kB
MemAvailable:    1547976 kB
Buffers:           89712 kB
Cached:           796820 kB
MemTotal:        1844596 kB
MemFree:          655884 kB
MemAvailable:    1519320 kB
Buffers:           89712 kB
Cached:           796824 kB
MemTotal:        1844596 kB
MemFree:          655372 kB
MemAvailable:    1518808 kB
Buffers:           89712 kB
Cached:           796824 kB
MemTotal:        1844596 kB
MemFree:          654712 kB
MemAvailable:    1518148 kB
Buffers:           89712 kB
Cached:           796824 kB
MemTotal:        1844596 kB
MemFree:          653580 kB
MemAvailable:    1517016 kB
Buffers:           89712 kB
Cached:           796824 kB
MemTotal:        1844596 kB
MemFree:          652420 kB
MemAvailable:    1515856 kB
Buffers:           89712 kB
Cached:           796824 kB
MemTotal:        1844596 kB
MemFree:          652156 kB
MemAvailable:    1515592 kB
Buffers:           89712 kB
Cached:           796824 kB
MemTotal:        1844596 kB
MemFree:          651164 kB
MemAvailable:    1514600 kB
Buffers:           89712 kB
Cached:           796824 kB
MemTotal:        1844596 kB
MemFree:          647932 kB
MemAvailable:    1511368 kB
Buffers:           89712 kB
Cached:           796824 kB
MemTotal:        1844596 kB
MemFree:          646212 kB
MemAvailable:    1509648 kB
Buffers:           89712 kB
Cached:           796824 kB
MemTotal:        1844596 kB
MemFree:          642552 kB
MemAvailable:    1505988 kB
Buffers:           89712 kB
Cached:           796824 kB
MemTotal:        1844596 kB
MemFree:          644752 kB
MemAvailable:    1508188 kB
Buffers:           89712 kB
Cached:           796824 kB
MemTotal:        1844596 kB
MemFree:          644836 kB
MemAvailable:    1508272 kB
Buffers:           89712 kB
Cached:           796824 kB
MemTotal:        1844596 kB
MemFree:          644908 kB
MemAvailable:    1508344 kB
Buffers:           89712 kB
Cached:           796824 kB
MemTotal:        1844596 kB
MemFree:          644680 kB
MemAvailable:    1508116 kB
Buffers:           89712 kB
Cached:           796824 kB
MemTotal:        1844596 kB
MemFree:          644680 kB
MemAvailable:    1508116 kB
Buffers:           89712 kB
Cached:           796824 kB
MemTotal:        1844596 kB
MemFree:          644396 kB
MemAvailable:    1507832 kB
Buffers:           89712 kB
Cached:           796824 kB
MemTotal:        1844596 kB
MemFree:          644204 kB
MemAvailable:    1507640 kB
Buffers:           89712 kB
Cached:           796824 kB
MemTotal:        1844596 kB
MemFree:          642964 kB
MemAvailable:    1506400 kB
Buffers:           89712 kB
Cached:           796824 kB
MemTotal:        1844596 kB
MemFree:          644156 kB
MemAvailable:    1507592 kB
Buffers:           89712 kB
Cached:           796824 kB
MemTotal:        1844596 kB
MemFree:          644156 kB
MemAvailable:    1507592 kB
Buffers:           89712 kB
Cached:           796824 kB
MemTotal:        1844596 kB
MemFree:          644024 kB
MemAvailable:    1507460 kB
Buffers:           89712 kB
Cached:           796824 kB
MemTotal:        1844596 kB
MemFree:          642856 kB
MemAvailable:    1506292 kB
Buffers:           89712 kB
Cached:           796824 kB
MemTotal:        1844596 kB
MemFree:          642864 kB
MemAvailable:    1506300 kB
Buffers:           89712 kB
Cached:           796824 kB
MemTotal:        1844596 kB
MemFree:          643792 kB
MemAvailable:    1507228 kB
Buffers:           89712 kB
Cached:           796824 kB
MemTotal:        1844596 kB
MemFree:          642368 kB
MemAvailable:    1505804 kB
Buffers:           89712 kB
Cached:           796824 kB
MemTotal:        1844596 kB
MemFree:          642244 kB
MemAvailable:    1505680 kB
Buffers:           89712 kB
Cached:           796824 kB
MemTotal:        1844596 kB
MemFree:          641996 kB
MemAvailable:    1505432 kB
Buffers:           89712 kB
Cached:           796824 kB
MemTotal:        1844596 kB
MemFree:          642104 kB
MemAvailable:    1505540 kB
Buffers:           89712 kB
Cached:           796824 kB
MemTotal:        1844596 kB
MemFree:          641484 kB
MemAvailable:    1504920 kB
Buffers:           89712 kB
Cached:           796824 kB
MemTotal:        1844596 kB
MemFree:          641856 kB
MemAvailable:    1505296 kB
Buffers:           89712 kB
Cached:           796828 kB
MemTotal:        1844596 kB
MemFree:          642108 kB
MemAvailable:    1505548 kB
Buffers:           89712 kB
Cached:           796828 kB
MemTotal:        1844596 kB
MemFree:          641684 kB
MemAvailable:    1505124 kB
Buffers:           89712 kB
Cached:           796828 kB
MemTotal:        1844596 kB
MemFree:          641936 kB
MemAvailable:    1505376 kB
Buffers:           89712 kB
Cached:           796828 kB
MemTotal:        1844596 kB
MemFree:          640620 kB
MemAvailable:    1504060 kB
Buffers:           89712 kB
Cached:           796828 kB
MemTotal:        1844596 kB
MemFree:          642088 kB
MemAvailable:    1505528 kB
Buffers:           89712 kB
Cached:           796828 kB
MemTotal:        1844596 kB
MemFree:          641136 kB
MemAvailable:    1504576 kB
Buffers:           89712 kB
Cached:           796828 kB
MemTotal:        1844596 kB
MemFree:          641616 kB
MemAvailable:    1505056 kB
Buffers:           89712 kB
Cached:           796828 kB
MemTotal:        1844596 kB
MemFree:          641872 kB
MemAvailable:    1505312 kB
Buffers:           89712 kB
Cached:           796828 kB
MemTotal:        1844596 kB
MemFree:          640196 kB
MemAvailable:    1503636 kB
Buffers:           89712 kB
Cached:           796828 kB
MemTotal:        1844596 kB
MemFree:          637532 kB
MemAvailable:    1500972 kB
Buffers:           89712 kB
Cached:           796828 kB
MemTotal:        1844596 kB
MemFree:          635424 kB
MemAvailable:    1498864 kB
Buffers:           89712 kB
Cached:           796828 kB
MemTotal:        1844596 kB
MemFree:          636524 kB
MemAvailable:    1499964 kB
Buffers:           89712 kB
Cached:           796828 kB
MemTotal:        1844596 kB
MemFree:          636524 kB
MemAvailable:    1499964 kB
Buffers:           89712 kB
Cached:           796828 kB
MemTotal:        1844596 kB
MemFree:          635160 kB
MemAvailable:    1498600 kB
Buffers:           89712 kB
Cached:           796828 kB
MemTotal:        1844596 kB
MemFree:          635284 kB
MemAvailable:    1498724 kB
Buffers:           89712 kB
Cached:           796828 kB
MemTotal:        1844596 kB
MemFree:          636088 kB
MemAvailable:    1499528 kB
Buffers:           89712 kB
Cached:           796828 kB
MemTotal:        1844596 kB
MemFree:          635796 kB
MemAvailable:    1499236 kB
Buffers:           89712 kB
Cached:           796828 kB
MemTotal:        1844596 kB
MemFree:          635988 kB
MemAvailable:    1499428 kB
Buffers:           89712 kB
Cached:           796828 kB
MemTotal:        1844596 kB
MemFree:          636084 kB
MemAvailable:    1499524 kB
Buffers:           89712 kB
Cached:           796828 kB
MemTotal:        1844596 kB
MemFree:          634728 kB
MemAvailable:    1498168 kB
Buffers:           89712 kB
Cached:           796828 kB
MemTotal:        1844596 kB
MemFree:          635976 kB
MemAvailable:    1499416 kB
Buffers:           89712 kB
Cached:           796828 kB
MemTotal:        1844596 kB
MemFree:          634472 kB
MemAvailable:    1497912 kB
Buffers:           89712 kB
Cached:           796828 kB
MemTotal:        1844596 kB
MemFree:          636072 kB
MemAvailable:    1499512 kB
Buffers:           89712 kB
Cached:           796828 kB
MemTotal:        1844596 kB
MemFree:          635900 kB
MemAvailable:    1499340 kB
Buffers:           89712 kB
Cached:           796828 kB
MemTotal:        1844596 kB
MemFree:          635044 kB
MemAvailable:    1498484 kB
Buffers:           89712 kB
Cached:           796828 kB
MemTotal:        1844596 kB
MemFree:          630944 kB
MemAvailable:    1494384 kB
Buffers:           89712 kB
Cached:           796828 kB
MemTotal:        1844596 kB
MemFree:          630588 kB
MemAvailable:    1494028 kB
Buffers:           89712 kB
Cached:           796828 kB
MemTotal:        1844596 kB
MemFree:          630216 kB
MemAvailable:    1493656 kB
Buffers:           89712 kB
Cached:           796828 kB
MemTotal:        1844596 kB
MemFree:          629968 kB
MemAvailable:    1493408 kB
Buffers:           89712 kB
Cached:           796828 kB
MemTotal:        1844596 kB
MemFree:          628604 kB
MemAvailable:    1492044 kB
Buffers:           89712 kB
Cached:           796828 kB
MemTotal:        1844596 kB
MemFree:          628356 kB
MemAvailable:    1491796 kB
Buffers:           89712 kB
Cached:           796828 kB
MemTotal:        1844596 kB
MemFree:          626232 kB
MemAvailable:    1489672 kB
Buffers:           89712 kB
Cached:           796828 kB
MemTotal:        1844596 kB
MemFree:          626232 kB
MemAvailable:    1489672 kB
Buffers:           89712 kB
Cached:           796828 kB
MemTotal:        1844596 kB
MemFree:          627612 kB
MemAvailable:    1491052 kB
Buffers:           89712 kB
Cached:           796828 kB
MemTotal:        1844596 kB
MemFree:          626304 kB
MemAvailable:    1489744 kB
Buffers:           89712 kB
Cached:           796828 kB
MemTotal:        1844596 kB
MemFree:          627480 kB
MemAvailable:    1490920 kB
Buffers:           89712 kB
Cached:           796828 kB
MemTotal:        1844596 kB
MemFree:          627348 kB
MemAvailable:    1490788 kB
Buffers:           89712 kB
Cached:           796828 kB
MemTotal:        1844596 kB
MemFree:          627192 kB
MemAvailable:    1490632 kB
Buffers:           89712 kB
Cached:           796828 kB
MemTotal:        1844596 kB
MemFree:          626876 kB
MemAvailable:    1490316 kB
Buffers:           89712 kB
Cached:           796828 kB
MemTotal:        1844596 kB
MemFree:          627192 kB
MemAvailable:    1490632 kB
Buffers:           89712 kB
Cached:           796828 kB
MemTotal:        1844596 kB
MemFree:          625988 kB
MemAvailable:    1489428 kB
Buffers:           89712 kB
Cached:           796828 kB
MemTotal:        1844596 kB
MemFree:          625940 kB
MemAvailable:    1489380 kB
Buffers:           89712 kB
Cached:           796828 kB
MemTotal:        1844596 kB
MemFree:          625940 kB
MemAvailable:    1489380 kB
Buffers:           89712 kB
Cached:           796828 kB
MemTotal:        1844596 kB
MemFree:          627084 kB
MemAvailable:    1490524 kB
Buffers:           89712 kB
Cached:           796828 kB
MemTotal:        1844596 kB
MemFree:          627084 kB
MemAvailable:    1490524 kB
Buffers:           89712 kB
Cached:           796828 kB
MemTotal:        1844596 kB
MemFree:          626920 kB
MemAvailable:    1490360 kB
Buffers:           89712 kB
Cached:           796828 kB
MemTotal:        1844596 kB
MemFree:          626008 kB
MemAvailable:    1489448 kB
Buffers:           89712 kB
Cached:           796828 kB
MemTotal:        1844596 kB
MemFree:          626772 kB
MemAvailable:    1490212 kB
Buffers:           89712 kB
Cached:           796828 kB
MemTotal:        1844596 kB
MemFree:          626620 kB
MemAvailable:    1490060 kB
Buffers:           89712 kB
Cached:           796828 kB
MemTotal:        1844596 kB
MemFree:          625572 kB
MemAvailable:    1489012 kB
Buffers:           89712 kB
Cached:           796828 kB
MemTotal:        1844596 kB
MemFree:          625696 kB
MemAvailable:    1489136 kB
Buffers:           89712 kB
Cached:           796828 kB
MemTotal:        1844596 kB
MemFree:          626680 kB
MemAvailable:    1490120 kB
Buffers:           89712 kB
Cached:           796828 kB
MemTotal:        1844596 kB
MemFree:          625600 kB
MemAvailable:    1489040 kB
Buffers:           89712 kB
Cached:           796828 kB
MemTotal:        1844596 kB
MemFree:          623768 kB
MemAvailable:    1487208 kB
Buffers:           89712 kB
Cached:           796828 kB
MemTotal:        1844596 kB
MemFree:          620784 kB
MemAvailable:    1484224 kB
Buffers:           89712 kB
Cached:           796828 kB
MemTotal:        1844596 kB
MemFree:          620676 kB
MemAvailable:    1484116 kB
Buffers:           89712 kB
Cached:           796828 kB
MemTotal:        1844596 kB
MemFree:          617560 kB
MemAvailable:    1481000 kB
Buffers:           89712 kB
Cached:           796828 kB
MemTotal:        1844596 kB
MemFree:          618668 kB
MemAvailable:    1482108 kB
Buffers:           89712 kB
Cached:           796828 kB
MemTotal:        1844596 kB
MemFree:          618752 kB
MemAvailable:    1482192 kB
Buffers:           89712 kB
Cached:           796828 kB
MemTotal:        1844596 kB
MemFree:          618608 kB
MemAvailable:    1482048 kB
Buffers:           89712 kB
Cached:           796828 kB
MemTotal:        1844596 kB
MemFree:          617300 kB
MemAvailable:    1480740 kB
Buffers:           89712 kB
Cached:           796828 kB
MemTotal:        1844596 kB
MemFree:          617168 kB
MemAvailable:    1480608 kB
Buffers:           89712 kB
Cached:           796828 kB
MemTotal:        1844596 kB
MemFree:          617168 kB
MemAvailable:    1480608 kB
Buffers:           89712 kB
Cached:           796828 kB
MemTotal:        1844596 kB
MemFree:          618524 kB
MemAvailable:    1481964 kB
Buffers:           89712 kB
Cached:           796828 kB
MemTotal:        1844596 kB
MemFree:          617320 kB
MemAvailable:    1480760 kB
Buffers:           89712 kB
Cached:           796828 kB
MemTotal:        1844596 kB
MemFree:          618092 kB
MemAvailable:    1481532 kB
Buffers:           89712 kB
Cached:           796828 kB
MemTotal:        1844596 kB
MemFree:          618188 kB
MemAvailable:    1481628 kB
Buffers:           89712 kB
Cached:           796828 kB
MemTotal:        1844596 kB
MemFree:          618236 kB
MemAvailable:    1481676 kB
Buffers:           89712 kB
Cached:           796828 kB
MemTotal:        1844596 kB
MemFree:          618252 kB
MemAvailable:    1481692 kB
Buffers:           89712 kB
Cached:           796828 kB
MemTotal:        1844596 kB
MemFree:          617568 kB
MemAvailable:    1481008 kB
Buffers:           89712 kB
Cached:           796828 kB
MemTotal:        1844596 kB
MemFree:          618008 kB
MemAvailable:    1481448 kB
Buffers:           89712 kB
Cached:           796828 kB
MemTotal:        1844596 kB
MemFree:          617860 kB
MemAvailable:    1481300 kB
Buffers:           89712 kB
Cached:           796828 kB
MemTotal:        1844596 kB
MemFree:          617072 kB
MemAvailable:    1480512 kB
Buffers:           89712 kB
Cached:           796828 kB
MemTotal:        1844596 kB
MemFree:          618132 kB
MemAvailable:    1481572 kB
Buffers:           89712 kB
Cached:           796828 kB
MemTotal:        1844596 kB
MemFree:          618384 kB
MemAvailable:    1481824 kB
Buffers:           89712 kB
Cached:           796828 kB
MemTotal:        1844596 kB
MemFree:          616892 kB
MemAvailable:    1480332 kB
Buffers:           89712 kB
Cached:           796828 kB
MemTotal:        1844596 kB
MemFree:          618168 kB
MemAvailable:    1481608 kB
Buffers:           89712 kB
Cached:           796828 kB
MemTotal:        1844596 kB
MemFree:          618420 kB
MemAvailable:    1481860 kB
Buffers:           89712 kB
Cached:           796828 kB
MemTotal:        1844596 kB
MemFree:          618056 kB
MemAvailable:    1481496 kB
Buffers:           89712 kB
Cached:           796828 kB
MemTotal:        1844596 kB
MemFree:          617024 kB
MemAvailable:    1480464 kB
Buffers:           89712 kB
Cached:           796828 kB
MemTotal:        1844596 kB
MemFree:          617140 kB
MemAvailable:    1480580 kB
Buffers:           89712 kB
Cached:           796828 kB
MemTotal:        1844596 kB
MemFree:          618132 kB
MemAvailable:    1481572 kB
Buffers:           89712 kB
Cached:           796828 kB
MemTotal:        1844596 kB
MemFree:          617452 kB
MemAvailable:    1480892 kB
Buffers:           89712 kB
Cached:           796828 kB
MemTotal:        1844596 kB
MemFree:          616908 kB
MemAvailable:    1480356 kB
Buffers:           89712 kB
Cached:           796836 kB
MemTotal:        1844596 kB
MemFree:          616900 kB
MemAvailable:    1480348 kB
Buffers:           89712 kB
Cached:           796836 kB
MemTotal:        1844596 kB
MemFree:          617140 kB
MemAvailable:    1480588 kB
Buffers:           89712 kB
Cached:           796836 kB
MemTotal:        1844596 kB
MemFree:          618384 kB
MemAvailable:    1481832 kB
Buffers:           89712 kB
Cached:           796836 kB
MemTotal:        1844596 kB
MemFree:          617320 kB
MemAvailable:    1480768 kB
Buffers:           89712 kB
Cached:           796836 kB
MemTotal:        1844596 kB
MemFree:          618436 kB
MemAvailable:    1481884 kB
Buffers:           89712 kB
Cached:           796836 kB
MemTotal:        1844596 kB
MemFree:          618416 kB
MemAvailable:    1481864 kB
Buffers:           89712 kB
Cached:           796836 kB
MemTotal:        1844596 kB
MemFree:          618056 kB
MemAvailable:    1481504 kB
Buffers:           89712 kB
Cached:           796836 kB
MemTotal:        1844596 kB
MemFree:          617016 kB
MemAvailable:    1480464 kB
Buffers:           89712 kB
Cached:           796836 kB
MemTotal:        1844596 kB
MemFree:          616928 kB
MemAvailable:    1480376 kB
Buffers:           89712 kB
Cached:           796836 kB
MemTotal:        1844596 kB
MemFree:          615336 kB
MemAvailable:    1478784 kB
Buffers:           89712 kB
Cached:           796836 kB
MemTotal:        1844596 kB
MemFree:          611616 kB
MemAvailable:    1475064 kB
Buffers:           89712 kB
Cached:           796836 kB
MemTotal:        1844596 kB
MemFree:          608640 kB
MemAvailable:    1472088 kB
Buffers:           89712 kB
Cached:           796836 kB
MemTotal:        1844596 kB
MemFree:          607648 kB
MemAvailable:    1471100 kB
Buffers:           89712 kB
Cached:           796840 kB
MemTotal:        1844596 kB
MemFree:          606408 kB
MemAvailable:    1469860 kB
Buffers:           89712 kB
Cached:           796840 kB
MemTotal:        1844596 kB
MemFree:          607332 kB
MemAvailable:    1470784 kB
Buffers:           89712 kB
Cached:           796840 kB
MemTotal:        1844596 kB
MemFree:          607400 kB
MemAvailable:    1470852 kB
Buffers:           89712 kB
Cached:           796840 kB
MemTotal:        1844596 kB
MemFree:          607344 kB
MemAvailable:    1470796 kB
Buffers:           89712 kB
Cached:           796840 kB
MemTotal:        1844596 kB
MemFree:          607548 kB
MemAvailable:    1471000 kB
Buffers:           89712 kB
Cached:           796840 kB
MemTotal:        1844596 kB
MemFree:          606656 kB
MemAvailable:    1470108 kB
Buffers:           89712 kB
Cached:           796840 kB
MemTotal:        1844596 kB
MemFree:          607648 kB
MemAvailable:    1471100 kB
Buffers:           89712 kB
Cached:           796840 kB
MemTotal:        1844596 kB
MemFree:          606400 kB
MemAvailable:    1469852 kB
Buffers:           89712 kB
Cached:           796840 kB
MemTotal:        1844596 kB
MemFree:          606400 kB
MemAvailable:    1469852 kB
Buffers:           89712 kB
Cached:           796840 kB
MemTotal:        1844596 kB
MemFree:          607376 kB
MemAvailable:    1470828 kB
Buffers:           89712 kB
Cached:           796840 kB
MemTotal:        1844596 kB
MemFree:          607276 kB
MemAvailable:    1470728 kB
Buffers:           89712 kB
Cached:           796840 kB
MemTotal:        1844596 kB
MemFree:          607388 kB
MemAvailable:    1470840 kB
Buffers:           89712 kB
Cached:           796840 kB
MemTotal:        1844596 kB
MemFree:          606092 kB
MemAvailable:    1469544 kB
Buffers:           89712 kB
Cached:           796840 kB
MemTotal:        1844596 kB
MemFree:          606012 kB
MemAvailable:    1469464 kB
Buffers:           89712 kB
Cached:           796840 kB
MemTotal:        1844596 kB
MemFree:          606136 kB
MemAvailable:    1469588 kB
Buffers:           89712 kB
Cached:           796840 kB
MemTotal:        1844596 kB
MemFree:          607180 kB
MemAvailable:    1470632 kB
Buffers:           89712 kB
Cached:           796840 kB
MemTotal:        1844596 kB
MemFree:          607268 kB
MemAvailable:    1470720 kB
Buffers:           89712 kB
Cached:           796840 kB
MemTotal:        1844596 kB
MemFree:          607604 kB
MemAvailable:    1471056 kB
Buffers:           89712 kB
Cached:           796840 kB
MemTotal:        1844596 kB
MemFree:          606152 kB
MemAvailable:    1469604 kB
Buffers:           89712 kB
Cached:           796840 kB
MemTotal:        1844596 kB
MemFree:          607400 kB
MemAvailable:    1470852 kB
Buffers:           89712 kB
Cached:           796840 kB
MemTotal:        1844596 kB
MemFree:          606112 kB
MemAvailable:    1469564 kB
Buffers:           89712 kB
Cached:           796840 kB
MemTotal:        1844596 kB
MemFree:          607312 kB
MemAvailable:    1470764 kB
Buffers:           89712 kB
Cached:           796840 kB
MemTotal:        1844596 kB
MemFree:          607656 kB
MemAvailable:    1471108 kB
Buffers:           89712 kB
Cached:           796840 kB
MemTotal:        1844596 kB
MemFree:          607288 kB
MemAvailable:    1470740 kB
Buffers:           89712 kB
Cached:           796840 kB
MemTotal:        1844596 kB
MemFree:          606540 kB
MemAvailable:    1469992 kB
Buffers:           89712 kB
Cached:           796840 kB
MemTotal:        1844596 kB
MemFree:          607136 kB
MemAvailable:    1470588 kB
Buffers:           89712 kB
Cached:           796840 kB
MemTotal:        1844596 kB
MemFree:          607472 kB
MemAvailable:    1470924 kB
Buffers:           89712 kB
Cached:           796840 kB
MemTotal:        1844596 kB
MemFree:          607268 kB
MemAvailable:    1470720 kB
Buffers:           89712 kB
Cached:           796840 kB
MemTotal:        1844596 kB
MemFree:          607284 kB
MemAvailable:    1470736 kB
Buffers:           89712 kB
Cached:           796840 kB
MemTotal:        1844596 kB
MemFree:          607280 kB
MemAvailable:    1470732 kB
Buffers:           89712 kB
Cached:           796840 kB
MemTotal:        1844596 kB
MemFree:          607268 kB
MemAvailable:    1470720 kB
Buffers:           89712 kB
Cached:           796840 kB
MemTotal:        1844596 kB
MemFree:          607036 kB
MemAvailable:    1470488 kB
Buffers:           89712 kB
Cached:           796840 kB
MemTotal:        1844596 kB
MemFree:          607280 kB
MemAvailable:    1470732 kB
Buffers:           89712 kB
Cached:           796840 kB
MemTotal:        1844596 kB
MemFree:          607576 kB
MemAvailable:    1471028 kB
Buffers:           89712 kB
Cached:           796840 kB
MemTotal:        1844596 kB
MemFree:          607472 kB
MemAvailable:    1470924 kB
Buffers:           89712 kB
Cached:           796840 kB
MemTotal:        1844596 kB
MemFree:          606020 kB
MemAvailable:    1469472 kB
Buffers:           89712 kB
Cached:           796840 kB
MemTotal:        1844596 kB
MemFree:          607376 kB
MemAvailable:    1470828 kB
Buffers:           89712 kB
Cached:           796840 kB
MemTotal:        1844596 kB
MemFree:          605972 kB
MemAvailable:    1469424 kB
Buffers:           89712 kB
Cached:           796840 kB
MemTotal:        1844596 kB
MemFree:          606096 kB
MemAvailable:    1469548 kB
Buffers:           89712 kB
Cached:           796840 kB
MemTotal:        1844596 kB
MemFree:          607240 kB
MemAvailable:    1470692 kB
Buffers:           89712 kB
Cached:           796840 kB
MemTotal:        1844596 kB
MemFree:          607276 kB
MemAvailable:    1470728 kB
Buffers:           89712 kB
Cached:           796840 kB
MemTotal:        1844596 kB
MemFree:          607388 kB
MemAvailable:    1470840 kB
Buffers:           89712 kB
Cached:           796840 kB
MemTotal:        1844596 kB
MemFree:          607444 kB
MemAvailable:    1470896 kB
Buffers:           89712 kB
Cached:           796840 kB
MemTotal:        1844596 kB
MemFree:          607204 kB
MemAvailable:    1470656 kB
Buffers:           89712 kB
Cached:           796840 kB
MemTotal:        1844596 kB
MemFree:          607284 kB
MemAvailable:    1470736 kB
Buffers:           89712 kB
Cached:           796840 kB
MemTotal:        1844596 kB
MemFree:          607144 kB
MemAvailable:    1470596 kB
Buffers:           89712 kB
Cached:           796840 kB
MemTotal:        1844596 kB
MemFree:          606028 kB
MemAvailable:    1469480 kB
Buffers:           89712 kB
Cached:           796840 kB
MemTotal:        1844596 kB
MemFree:          607144 kB
MemAvailable:    1470596 kB
Buffers:           89712 kB
Cached:           796840 kB
MemTotal:        1844596 kB
MemFree:          605648 kB
MemAvailable:    1469100 kB
Buffers:           89712 kB
Cached:           796840 kB
MemTotal:        1844596 kB
MemFree:          606716 kB
MemAvailable:    1470168 kB
Buffers:           89712 kB
Cached:           796840 kB
MemTotal:        1844596 kB
MemFree:          606400 kB
MemAvailable:    1469852 kB
Buffers:           89712 kB
Cached:           796840 kB
MemTotal:        1844596 kB
MemFree:          605920 kB
MemAvailable:    1469372 kB
Buffers:           89712 kB
Cached:           796840 kB
MemTotal:        1844596 kB
MemFree:          605036 kB
MemAvailable:    1468488 kB
Buffers:           89712 kB
Cached:           796840 kB
MemTotal:        1844596 kB
MemFree:          606212 kB
MemAvailable:    1469664 kB
Buffers:           89712 kB
Cached:           796840 kB
MemTotal:        1844596 kB
MemFree:          605152 kB
MemAvailable:    1468604 kB
Buffers:           89712 kB
Cached:           796840 kB
MemTotal:        1844596 kB
MemFree:          604904 kB
MemAvailable:    1468356 kB
Buffers:           89712 kB
Cached:           796840 kB
MemTotal:        1844596 kB
MemFree:          604904 kB
MemAvailable:    1468356 kB
Buffers:           89712 kB
Cached:           796840 kB
MemTotal:        1844596 kB
MemFree:          606136 kB
MemAvailable:    1469588 kB
Buffers:           89712 kB
Cached:           796840 kB
MemTotal:        1844596 kB
MemFree:          604732 kB
MemAvailable:    1468184 kB
Buffers:           89712 kB
Cached:           796840 kB
MemTotal:        1844596 kB
MemFree:          604732 kB
MemAvailable:    1468184 kB
Buffers:           89712 kB
Cached:           796840 kB
MemTotal:        1844596 kB
MemFree:          604600 kB
MemAvailable:    1468052 kB
Buffers:           89712 kB
Cached:           796840 kB
MemTotal:        1844596 kB
MemFree:          605876 kB
MemAvailable:    1469328 kB
Buffers:           89712 kB
Cached:           796840 kB
MemTotal:        1844596 kB
MemFree:          604380 kB
MemAvailable:    1467832 kB
Buffers:           89712 kB
Cached:           796840 kB
MemTotal:        1844596 kB
MemFree:          604628 kB
MemAvailable:    1468080 kB
Buffers:           89712 kB
Cached:           796840 kB
MemTotal:        1844596 kB
MemFree:          605800 kB
MemAvailable:    1469252 kB
Buffers:           89712 kB
Cached:           796840 kB
MemTotal:        1844596 kB
MemFree:          605836 kB
MemAvailable:    1469288 kB
Buffers:           89712 kB
Cached:           796840 kB
MemTotal:        1844596 kB
MemFree:          605632 kB
MemAvailable:    1469084 kB
Buffers:           89712 kB
Cached:           796840 kB
MemTotal:        1844596 kB
MemFree:          605884 kB
MemAvailable:    1469336 kB
Buffers:           89712 kB
Cached:           796840 kB
MemTotal:        1844596 kB
MemFree:          604404 kB
MemAvailable:    1467856 kB
Buffers:           89712 kB
Cached:           796840 kB
MemTotal:        1844596 kB
MemFree:          603912 kB
MemAvailable:    1467364 kB
Buffers:           89712 kB
Cached:           796840 kB
MemTotal:        1844596 kB
MemFree:          604424 kB
MemAvailable:    1467884 kB
Buffers:           89712 kB
Cached:           796848 kB
MemTotal:        1844596 kB
MemFree:          605524 kB
MemAvailable:    1468984 kB
Buffers:           89712 kB
Cached:           796848 kB
MemTotal:        1844596 kB
MemFree:          605776 kB
MemAvailable:    1469236 kB
Buffers:           89712 kB
Cached:           796848 kB
MemTotal:        1844596 kB
MemFree:          605400 kB
MemAvailable:    1468860 kB
Buffers:           89712 kB
Cached:           796848 kB
MemTotal:        1844596 kB
MemFree:          603316 kB
MemAvailable:    1466776 kB
Buffers:           89712 kB
Cached:           796848 kB
MemTotal:        1844596 kB
MemFree:          596736 kB
MemAvailable:    1460196 kB
Buffers:           89712 kB
Cached:           796848 kB
MemTotal:        1844596 kB
MemFree:          593636 kB
MemAvailable:    1457096 kB
Buffers:           89712 kB
Cached:           796848 kB
MemTotal:        1844596 kB
MemFree:          594372 kB
MemAvailable:    1457832 kB
Buffers:           89712 kB
Cached:           796848 kB
MemTotal:        1844596 kB
MemFree:          594140 kB
MemAvailable:    1457600 kB
Buffers:           89712 kB
Cached:           796848 kB
MemTotal:        1844596 kB
MemFree:          594124 kB
MemAvailable:    1457584 kB
Buffers:           89712 kB
Cached:           796848 kB
MemTotal:        1844596 kB
MemFree:          593148 kB
MemAvailable:    1456608 kB
Buffers:           89712 kB
Cached:           796848 kB
MemTotal:        1844596 kB
MemFree:          593744 kB
MemAvailable:    1457204 kB
Buffers:           89712 kB
Cached:           796848 kB
MemTotal:        1844596 kB
MemFree:          593512 kB
MemAvailable:    1456972 kB
Buffers:           89712 kB
Cached:           796848 kB
MemTotal:        1844596 kB
MemFree:          593764 kB
MemAvailable:    1457224 kB
Buffers:           89712 kB
Cached:           796848 kB
MemTotal:        1844596 kB
MemFree:          592148 kB
MemAvailable:    1455608 kB
Buffers:           89712 kB
Cached:           796848 kB
MemTotal:        1844596 kB
MemFree:          592264 kB
MemAvailable:    1455724 kB
Buffers:           89712 kB
Cached:           796848 kB
MemTotal:        1844596 kB
MemFree:          592348 kB
MemAvailable:    1455808 kB
Buffers:           89712 kB
Cached:           796848 kB
MemTotal:        1844596 kB
MemFree:          591528 kB
MemAvailable:    1454988 kB
Buffers:           89712 kB
Cached:           796848 kB
MemTotal:        1844596 kB
MemFree:          590776 kB
MemAvailable:    1454236 kB
Buffers:           89712 kB
Cached:           796848 kB
MemTotal:        1844596 kB
MemFree:          590776 kB
MemAvailable:    1454236 kB
Buffers:           89712 kB
Cached:           796848 kB
MemTotal:        1844596 kB
MemFree:          590660 kB
MemAvailable:    1454120 kB
Buffers:           89712 kB
Cached:           796848 kB
MemTotal:        1844596 kB
MemFree:          589372 kB
MemAvailable:    1452832 kB
Buffers:           89712 kB
Cached:           796848 kB
MemTotal:        1844596 kB
MemFree:          589372 kB
MemAvailable:    1452832 kB
Buffers:           89712 kB
Cached:           796848 kB
MemTotal:        1844596 kB
MemFree:          590588 kB
MemAvailable:    1454048 kB
Buffers:           89712 kB
Cached:           796848 kB
MemTotal:        1844596 kB
MemFree:          589800 kB
MemAvailable:    1453260 kB
Buffers:           89712 kB
Cached:           796848 kB
MemTotal:        1844596 kB
MemFree:          590396 kB
MemAvailable:    1453856 kB
Buffers:           89712 kB
Cached:           796848 kB
MemTotal:        1844596 kB
MemFree:          590732 kB
MemAvailable:    1454192 kB
Buffers:           89712 kB
Cached:           796848 kB
MemTotal:        1844596 kB
MemFree:          590348 kB
MemAvailable:    1453808 kB
Buffers:           89712 kB
Cached:           796848 kB
MemTotal:        1844596 kB
MemFree:          590684 kB
MemAvailable:    1454144 kB
Buffers:           89712 kB
Cached:           796848 kB
MemTotal:        1844596 kB
MemFree:          590476 kB
MemAvailable:    1453936 kB
Buffers:           89712 kB
Cached:           796848 kB
MemTotal:        1844596 kB
MemFree:          590728 kB
MemAvailable:    1454188 kB
Buffers:           89712 kB
Cached:           796848 kB
MemTotal:        1844596 kB
MemFree:          589164 kB
MemAvailable:    1452624 kB
Buffers:           89712 kB
Cached:           796848 kB
MemTotal:        1844596 kB
MemFree:          588916 kB
MemAvailable:    1452376 kB
Buffers:           89712 kB
Cached:           796848 kB
MemTotal:        1844596 kB
MemFree:          590040 kB
MemAvailable:    1453500 kB
Buffers:           89712 kB
Cached:           796848 kB
MemTotal:        1844596 kB
MemFree:          587932 kB
MemAvailable:    1451392 kB
Buffers:           89712 kB
Cached:           796848 kB
MemTotal:        1844596 kB
MemFree:          587676 kB
MemAvailable:    1451136 kB
Buffers:           89712 kB
Cached:           796848 kB
MemTotal:        1844596 kB
MemFree:          587552 kB
MemAvailable:    1451012 kB
Buffers:           89712 kB
Cached:           796848 kB
MemTotal:        1844596 kB
MemFree:          588828 kB
MemAvailable:    1452288 kB
Buffers:           89712 kB
Cached:           796848 kB
MemTotal:        1844596 kB
MemFree:          586940 kB
MemAvailable:    1450400 kB
Buffers:           89712 kB
Cached:           796848 kB
MemTotal:        1844596 kB
MemFree:          587704 kB
MemAvailable:    1451168 kB
Buffers:           89712 kB
Cached:           796852 kB
MemTotal:        1844596 kB
MemFree:          587428 kB
MemAvailable:    1450892 kB
Buffers:           89712 kB
Cached:           796852 kB
MemTotal:        1844596 kB
MemFree:          587312 kB
MemAvailable:    1450776 kB
Buffers:           89712 kB
Cached:           796852 kB
MemTotal:        1844596 kB
MemFree:          587240 kB
MemAvailable:    1450704 kB
Buffers:           89712 kB
Cached:           796852 kB
MemTotal:        1844596 kB
MemFree:          586072 kB
MemAvailable:    1449536 kB
Buffers:           89712 kB
Cached:           796852 kB
MemTotal:        1844596 kB
MemFree:          586800 kB
MemAvailable:    1450264 kB
Buffers:           89712 kB
Cached:           796852 kB
MemTotal:        1844596 kB
MemFree:          586800 kB
MemAvailable:    1450264 kB
Buffers:           89712 kB
Cached:           796852 kB
MemTotal:        1844596 kB
MemFree:          586548 kB
MemAvailable:    1450012 kB
Buffers:           89712 kB
Cached:           796852 kB
MemTotal:        1844596 kB
MemFree:          586452 kB
MemAvailable:    1449916 kB
Buffers:           89712 kB
Cached:           796852 kB
MemTotal:        1844596 kB
MemFree:          585196 kB
MemAvailable:    1448660 kB
Buffers:           89712 kB
Cached:           796852 kB
MemTotal:        1844596 kB
MemFree:          585196 kB
MemAvailable:    1448660 kB
Buffers:           89712 kB
Cached:           796852 kB
MemTotal:        1844596 kB
MemFree:          585320 kB
MemAvailable:    1448784 kB
Buffers:           89712 kB
Cached:           796852 kB
MemTotal:        1844596 kB
MemFree:          586552 kB
MemAvailable:    1450016 kB
Buffers:           89712 kB
Cached:           796852 kB
MemTotal:        1844596 kB
MemFree:          586416 kB
MemAvailable:    1449880 kB
Buffers:           89712 kB
Cached:           796852 kB
MemTotal:        1844596 kB
MemFree:          586668 kB
MemAvailable:    1450132 kB
Buffers:           89712 kB
Cached:           796852 kB
MemTotal:        1844596 kB
MemFree:          586556 kB
MemAvailable:    1450020 kB
Buffers:           89712 kB
Cached:           796852 kB
MemTotal:        1844596 kB
MemFree:          585308 kB
MemAvailable:    1448772 kB
Buffers:           89712 kB
Cached:           796852 kB
MemTotal:        1844596 kB
MemFree:          585184 kB
MemAvailable:    1448648 kB
Buffers:           89712 kB
Cached:           796852 kB
MemTotal:        1844596 kB
MemFree:          586416 kB
MemAvailable:    1449880 kB
Buffers:           89712 kB
Cached:           796852 kB
MemTotal:        1844596 kB
MemFree:          586348 kB
MemAvailable:    1449812 kB
Buffers:           89712 kB
Cached:           796852 kB
MemTotal:        1844596 kB
MemFree:          586244 kB
MemAvailable:    1449708 kB
Buffers:           89712 kB
Cached:           796852 kB
MemTotal:        1844596 kB
MemFree:          584876 kB
MemAvailable:    1448340 kB
Buffers:           89712 kB
Cached:           796852 kB
MemTotal:        1844596 kB
MemFree:          586240 kB
MemAvailable:    1449704 kB
Buffers:           89712 kB
Cached:           796852 kB
MemTotal:        1844596 kB
MemFree:          586212 kB
MemAvailable:    1449676 kB
Buffers:           89712 kB
Cached:           796852 kB
MemTotal:        1844596 kB
MemFree:          586256 kB
MemAvailable:    1449720 kB
Buffers:           89712 kB
Cached:           796852 kB
MemTotal:        1844596 kB
MemFree:          584908 kB
MemAvailable:    1448372 kB
Buffers:           89712 kB
Cached:           796852 kB
MemTotal:        1844596 kB
MemFree:          585032 kB
MemAvailable:    1448496 kB
Buffers:           89712 kB
Cached:           796852 kB
MemTotal:        1844596 kB
MemFree:          586208 kB
MemAvailable:    1449672 kB
Buffers:           89712 kB
Cached:           796852 kB
MemTotal:        1844596 kB
MemFree:          584900 kB
MemAvailable:    1448364 kB
Buffers:           89712 kB
Cached:           796852 kB
MemTotal:        1844596 kB
MemFree:          586252 kB
MemAvailable:    1449716 kB
Buffers:           89712 kB
Cached:           796852 kB
MemTotal:        1844596 kB
MemFree:          586320 kB
MemAvailable:    1449784 kB
Buffers:           89712 kB
Cached:           796852 kB
MemTotal:        1844596 kB
MemFree:          586168 kB
MemAvailable:    1449632 kB
Buffers:           89712 kB
Cached:           796852 kB
MemTotal:        1844596 kB
MemFree:          586072 kB
MemAvailable:    1449536 kB
Buffers:           89712 kB
Cached:           796852 kB
MemTotal:        1844596 kB
MemFree:          585080 kB
MemAvailable:    1448544 kB
Buffers:           89712 kB
Cached:           796852 kB
MemTotal:        1844596 kB
MemFree:          585008 kB
MemAvailable:    1448472 kB
Buffers:           89712 kB
Cached:           796852 kB
MemTotal:        1844596 kB
MemFree:          583708 kB
MemAvailable:    1447172 kB
Buffers:           89712 kB
Cached:           796852 kB
MemTotal:        1844596 kB
MemFree:          583468 kB
MemAvailable:    1446940 kB
Buffers:           89712 kB
Cached:           796860 kB
MemTotal:        1844596 kB
MemFree:          583396 kB
MemAvailable:    1446868 kB
Buffers:           89712 kB
Cached:           796860 kB
MemTotal:        1844596 kB
MemFree:          581616 kB
MemAvailable:    1445088 kB
Buffers:           89712 kB
Cached:           796860 kB
MemTotal:        1844596 kB
MemFree:          579872 kB
MemAvailable:    1443344 kB
Buffers:           89712 kB
Cached:           796860 kB
MemTotal:        1844596 kB
MemFree:          577640 kB
MemAvailable:    1441112 kB
Buffers:           89712 kB
Cached:           796860 kB
MemTotal:        1844596 kB
MemFree:          574044 kB
MemAvailable:    1437516 kB
Buffers:           89712 kB
Cached:           796860 kB
MemTotal:        1844596 kB
MemFree:          571120 kB
MemAvailable:    1434592 kB
Buffers:           89712 kB
Cached:           796860 kB
MemTotal:        1844596 kB
MemFree:          567968 kB
MemAvailable:    1431440 kB
Buffers:           89712 kB
Cached:           796860 kB
MemTotal:        1844596 kB
MemFree:          567896 kB
MemAvailable:    1431368 kB
Buffers:           89712 kB
Cached:           796860 kB
MemTotal:        1844596 kB
MemFree:          567856 kB
MemAvailable:    1431328 kB
Buffers:           89712 kB
Cached:           796860 kB
MemTotal:        1844596 kB
MemFree:          566860 kB
MemAvailable:    1430332 kB
Buffers:           89712 kB
Cached:           796860 kB
MemTotal:        1844596 kB
MemFree:          567712 kB
MemAvailable:    1431184 kB
Buffers:           89712 kB
Cached:           796860 kB
MemTotal:        1844596 kB
MemFree:          567968 kB
MemAvailable:    1431440 kB
Buffers:           89712 kB
Cached:           796860 kB
MemTotal:        1844596 kB
MemFree:          566472 kB
MemAvailable:    1429944 kB
Buffers:           89712 kB
Cached:           796860 kB
MemTotal:        1844596 kB
MemFree:          567580 kB
MemAvailable:    1431052 kB
Buffers:           89712 kB
Cached:           796860 kB
MemTotal:        1844596 kB
MemFree:          567664 kB
MemAvailable:    1431136 kB
Buffers:           89712 kB
Cached:           796860 kB
MemTotal:        1844596 kB
MemFree:          567456 kB
MemAvailable:    1430928 kB
Buffers:           89712 kB
Cached:           796860 kB
MemTotal:        1844596 kB
MemFree:          567472 kB
MemAvailable:    1430944 kB
Buffers:           89712 kB
Cached:           796860 kB
MemTotal:        1844596 kB
MemFree:          567476 kB
MemAvailable:    1430948 kB
Buffers:           89712 kB
Cached:           796860 kB
MemTotal:        1844596 kB
MemFree:          567444 kB
MemAvailable:    1430916 kB
Buffers:           89712 kB
Cached:           796860 kB
MemTotal:        1844596 kB
MemFree:          567696 kB
MemAvailable:    1431168 kB
Buffers:           89712 kB
Cached:           796860 kB
MemTotal:        1844596 kB
MemFree:          565736 kB
MemAvailable:    1429208 kB
Buffers:           89712 kB
Cached:           796860 kB
MemTotal:        1844596 kB
MemFree:          565604 kB
MemAvailable:    1429076 kB
Buffers:           89712 kB
Cached:           796860 kB
MemTotal:        1844596 kB
MemFree:          566780 kB
MemAvailable:    1430252 kB
Buffers:           89712 kB
Cached:           796860 kB
MemTotal:        1844596 kB
MemFree:          566860 kB
MemAvailable:    1430332 kB
Buffers:           89712 kB
Cached:           796860 kB
MemTotal:        1844596 kB
MemFree:          565932 kB
MemAvailable:    1429404 kB
Buffers:           89712 kB
Cached:           796860 kB
MemTotal:        1844596 kB
MemFree:          565604 kB
MemAvailable:    1429080 kB
Buffers:           89712 kB
Cached:           796864 kB
MemTotal:        1844596 kB
MemFree:          566968 kB
MemAvailable:    1430444 kB
Buffers:           89712 kB
Cached:           796864 kB
MemTotal:        1844596 kB
MemFree:          566532 kB
MemAvailable:    1430008 kB
Buffers:           89712 kB
Cached:           796864 kB
MemTotal:        1844596 kB
MemFree:          566532 kB
MemAvailable:    1430008 kB
Buffers:           89712 kB
Cached:           796864 kB
MemTotal:        1844596 kB
MemFree:          565468 kB
MemAvailable:    1428944 kB
Buffers:           89712 kB
Cached:           796864 kB
MemTotal:        1844596 kB
MemFree:          566708 kB
MemAvailable:    1430184 kB
Buffers:           89712 kB
Cached:           796864 kB
MemTotal:        1844596 kB
MemFree:          566872 kB
MemAvailable:    1430348 kB
Buffers:           89712 kB
Cached:           796864 kB
MemTotal:        1844596 kB
MemFree:          565984 kB
MemAvailable:    1429460 kB
Buffers:           89712 kB
Cached:           796864 kB
MemTotal:        1844596 kB
MemFree:          566836 kB
MemAvailable:    1430312 kB
Buffers:           89712 kB
Cached:           796864 kB
MemTotal:        1844596 kB
MemFree:          566836 kB
MemAvailable:    1430312 kB
Buffers:           89712 kB
Cached:           796864 kB
MemTotal:        1844596 kB
MemFree:          565432 kB
MemAvailable:    1428908 kB
Buffers:           89712 kB
Cached:           796864 kB
MemTotal:        1844596 kB
MemFree:          565548 kB
MemAvailable:    1429024 kB
Buffers:           89712 kB
Cached:           796864 kB
MemTotal:        1844596 kB
MemFree:          565468 kB
MemAvailable:    1428944 kB
Buffers:           89712 kB
Cached:           796864 kB
MemTotal:        1844596 kB
MemFree:          565460 kB
MemAvailable:    1428936 kB
Buffers:           89712 kB
Cached:           796864 kB
MemTotal:        1844596 kB
MemFree:          566824 kB
MemAvailable:    1430300 kB
Buffers:           89712 kB
Cached:           796864 kB
MemTotal:        1844596 kB
MemFree:          566696 kB
MemAvailable:    1430172 kB
Buffers:           89712 kB
Cached:           796864 kB
MemTotal:        1844596 kB
MemFree:          566780 kB
MemAvailable:    1430256 kB
Buffers:           89712 kB
Cached:           796864 kB
MemTotal:        1844596 kB
MemFree:          561760 kB
MemAvailable:    1425236 kB
Buffers:           89712 kB
Cached:           796864 kB
MemTotal:        1844596 kB
MemFree:          558544 kB
MemAvailable:    1422020 kB
Buffers:           89712 kB
Cached:           796864 kB
MemTotal:        1844596 kB
MemFree:          555808 kB
MemAvailable:    1419284 kB
Buffers:           89712 kB
Cached:           796864 kB
MemTotal:        1844596 kB
MemFree:          553212 kB
MemAvailable:    1416688 kB
Buffers:           89712 kB
Cached:           796864 kB
MemTotal:        1844596 kB
MemFree:          551312 kB
MemAvailable:    1414788 kB
Buffers:           89712 kB
Cached:           796864 kB
MemTotal:        1844596 kB
MemFree:          548500 kB
MemAvailable:    1411976 kB
Buffers:           89712 kB
Cached:           796864 kB
MemTotal:        1844596 kB
MemFree:          548352 kB
MemAvailable:    1411832 kB
Buffers:           89712 kB
Cached:           796868 kB
MemTotal:        1844596 kB
MemFree:          548352 kB
MemAvailable:    1411832 kB
Buffers:           89712 kB
Cached:           796868 kB
MemTotal:        1844596 kB
MemFree:          548488 kB
MemAvailable:    1411968 kB
Buffers:           89712 kB
Cached:           796868 kB
MemTotal:        1844596 kB
MemFree:          548376 kB
MemAvailable:    1411856 kB
Buffers:           89712 kB
Cached:           796868 kB
MemTotal:        1844596 kB
MemFree:          547640 kB
MemAvailable:    1411120 kB
Buffers:           89712 kB
Cached:           796868 kB
MemTotal:        1844596 kB
MemFree:          548236 kB
MemAvailable:    1411716 kB
Buffers:           89712 kB
Cached:           796868 kB
MemTotal:        1844596 kB
MemFree:          548320 kB
MemAvailable:    1411800 kB
Buffers:           89712 kB
Cached:           796868 kB
MemTotal:        1844596 kB
MemFree:          547128 kB
MemAvailable:    1410608 kB
Buffers:           89712 kB
Cached:           796868 kB
MemTotal:        1844596 kB
MemFree:          548452 kB
MemAvailable:    1411932 kB
Buffers:           89712 kB
Cached:           796868 kB
MemTotal:        1844596 kB
MemFree:          548436 kB
MemAvailable:    1411916 kB
Buffers:           89712 kB
Cached:           796868 kB
MemTotal:        1844596 kB
MemFree:          547088 kB
MemAvailable:    1410568 kB
Buffers:           89712 kB
Cached:           796868 kB
MemTotal:        1844596 kB
MemFree:          548388 kB
MemAvailable:    1411868 kB
Buffers:           89712 kB
Cached:           796868 kB
MemTotal:        1844596 kB
MemFree:          547212 kB
MemAvailable:    1410692 kB
Buffers:           89712 kB
Cached:           796868 kB
MemTotal:        1844596 kB
MemFree:          547460 kB
MemAvailable:    1410940 kB
Buffers:           89712 kB
Cached:           796868 kB
MemTotal:        1844596 kB
MemFree:          547252 kB
MemAvailable:    1410732 kB
Buffers:           89712 kB
Cached:           796868 kB
MemTotal:        1844596 kB
MemFree:          548428 kB
MemAvailable:    1411908 kB
Buffers:           89712 kB
Cached:           796868 kB
MemTotal:        1844596 kB
MemFree:          547516 kB
MemAvailable:    1410996 kB
Buffers:           89712 kB
Cached:           796868 kB
MemTotal:        1844596 kB
MemFree:          548552 kB
MemAvailable:    1412032 kB
Buffers:           89712 kB
Cached:           796868 kB
MemTotal:        1844596 kB
MemFree:          547252 kB
MemAvailable:    1410732 kB
Buffers:           89712 kB
Cached:           796868 kB
MemTotal:        1844596 kB
MemFree:          548360 kB
MemAvailable:    1411840 kB
Buffers:           89712 kB
Cached:           796868 kB
MemTotal:        1844596 kB
MemFree:          548360 kB
MemAvailable:    1411840 kB
Buffers:           89712 kB
Cached:           796868 kB
MemTotal:        1844596 kB
MemFree:          547240 kB
MemAvailable:    1410720 kB
Buffers:           89712 kB
Cached:           796868 kB
MemTotal:        1844596 kB
MemFree:          548356 kB
MemAvailable:    1411836 kB
Buffers:           89712 kB
Cached:           796868 kB
MemTotal:        1844596 kB
MemFree:          548412 kB
MemAvailable:    1411892 kB
Buffers:           89712 kB
Cached:           796868 kB
MemTotal:        1844596 kB
MemFree:          547508 kB
MemAvailable:    1410988 kB
Buffers:           89712 kB
Cached:           796868 kB
MemTotal:        1844596 kB
MemFree:          548576 kB
MemAvailable:    1412056 kB
Buffers:           89712 kB
Cached:           796868 kB
MemTotal:        1844596 kB
MemFree:          547136 kB
MemAvailable:    1410616 kB
Buffers:           89712 kB
Cached:           796868 kB
MemTotal:        1844596 kB
MemFree:          548368 kB
MemAvailable:    1411848 kB
Buffers:           89712 kB
Cached:           796868 kB
MemTotal:        1844596 kB
MemFree:          548368 kB
MemAvailable:    1411848 kB
Buffers:           89712 kB
Cached:           796868 kB
MemTotal:        1844596 kB
MemFree:          547000 kB
MemAvailable:    1410480 kB
Buffers:           89712 kB
Cached:           796868 kB
MemTotal:        1844596 kB
MemFree:          548420 kB
MemAvailable:    1411900 kB
Buffers:           89712 kB
Cached:           796868 kB
MemTotal:        1844596 kB
MemFree:          547136 kB
MemAvailable:    1410616 kB
Buffers:           89712 kB
Cached:           796868 kB
MemTotal:        1844596 kB
MemFree:          547136 kB
MemAvailable:    1410616 kB
Buffers:           89712 kB
Cached:           796868 kB
MemTotal:        1844596 kB
MemFree:          547260 kB
MemAvailable:    1410740 kB
Buffers:           89712 kB
Cached:           796868 kB
MemTotal:        1844596 kB
MemFree:          548204 kB
MemAvailable:    1411684 kB
Buffers:           89712 kB
Cached:           796868 kB
MemTotal:        1844596 kB
MemFree:          547088 kB
MemAvailable:    1410568 kB
Buffers:           89712 kB
Cached:           796868 kB
MemTotal:        1844596 kB
MemFree:          545460 kB
MemAvailable:    1408940 kB
Buffers:           89712 kB
Cached:           796868 kB
MemTotal:        1844596 kB
MemFree:          540052 kB
MemAvailable:    1403532 kB
Buffers:           89712 kB
Cached:           796868 kB
MemTotal:        1844596 kB
MemFree:          539820 kB
MemAvailable:    1403300 kB
Buffers:           89712 kB
Cached:           796868 kB
MemTotal:        1844596 kB
MemFree:          534736 kB
MemAvailable:    1398216 kB
Buffers:           89712 kB
Cached:           796868 kB
MemTotal:        1844596 kB
MemFree:          531324 kB
MemAvailable:    1394804 kB
Buffers:           89712 kB
Cached:           796868 kB
MemTotal:        1844596 kB
MemFree:          529760 kB
MemAvailable:    1393240 kB
Buffers:           89712 kB
Cached:           796868 kB
MemTotal:        1844596 kB
MemFree:          531132 kB
MemAvailable:    1394612 kB
Buffers:           89712 kB
Cached:           796868 kB
MemTotal:        1844596 kB
MemFree:          530628 kB
MemAvailable:    1394108 kB
Buffers:           89712 kB
Cached:           796868 kB
MemTotal:        1844596 kB
MemFree:          530712 kB
MemAvailable:    1394192 kB
Buffers:           89712 kB
Cached:           796868 kB
MemTotal:        1844596 kB
MemFree:          530272 kB
MemAvailable:    1393752 kB
Buffers:           89712 kB
Cached:           796868 kB
MemTotal:        1844596 kB
MemFree:          530460 kB
MemAvailable:    1393940 kB
Buffers:           89712 kB
Cached:           796868 kB
MemTotal:        1844596 kB
MemFree:          528900 kB
MemAvailable:    1392380 kB
Buffers:           89712 kB
Cached:           796868 kB
MemTotal:        1844596 kB
MemFree:          528768 kB
MemAvailable:    1392248 kB
Buffers:           89712 kB
Cached:           796868 kB
MemTotal:        1844596 kB
MemFree:          530132 kB
MemAvailable:    1393612 kB
Buffers:           89712 kB
Cached:           796868 kB
MemTotal:        1844596 kB
MemFree:          529580 kB
MemAvailable:    1393060 kB
Buffers:           89712 kB
Cached:           796868 kB
MemTotal:        1844596 kB
MemFree:          528420 kB
MemAvailable:    1391900 kB
Buffers:           89712 kB
Cached:           796868 kB
MemTotal:        1844596 kB
MemFree:          529396 kB
MemAvailable:    1392876 kB
Buffers:           89712 kB
Cached:           796868 kB
MemTotal:        1844596 kB
MemFree:          529652 kB
MemAvailable:    1393132 kB
Buffers:           89712 kB
Cached:           796868 kB
MemTotal:        1844596 kB
MemFree:          529156 kB
MemAvailable:    1392636 kB
Buffers:           89712 kB
Cached:           796868 kB
MemTotal:        1844596 kB
MemFree:          527652 kB
MemAvailable:    1391132 kB
Buffers:           89712 kB
Cached:           796868 kB
MemTotal:        1844596 kB
MemFree:          528900 kB
MemAvailable:    1392380 kB
Buffers:           89712 kB
Cached:           796868 kB
MemTotal:        1844596 kB
MemFree:          527916 kB
MemAvailable:    1391396 kB
Buffers:           89712 kB
Cached:           796868 kB
MemTotal:        1844596 kB
MemFree:          526924 kB
MemAvailable:    1390404 kB
Buffers:           89712 kB
Cached:           796868 kB
MemTotal:        1844596 kB
MemFree:          527164 kB
MemAvailable:    1390644 kB
Buffers:           89712 kB
Cached:           796868 kB
MemTotal:        1844596 kB
MemFree:          527420 kB
MemAvailable:    1390900 kB
Buffers:           89712 kB
Cached:           796868 kB
MemTotal:        1844596 kB
MemFree:          526048 kB
MemAvailable:    1389528 kB
Buffers:           89712 kB
Cached:           796868 kB
MemTotal:        1844596 kB
MemFree:          525544 kB
MemAvailable:    1389024 kB
Buffers:           89712 kB
Cached:           796868 kB
MemTotal:        1844596 kB
MemFree:          525064 kB
MemAvailable:    1388544 kB
Buffers:           89712 kB
Cached:           796868 kB
MemTotal:        1844596 kB
MemFree:          524692 kB
MemAvailable:    1388172 kB
Buffers:           89712 kB
Cached:           796868 kB
MemTotal:        1844596 kB
MemFree:          524132 kB
MemAvailable:    1387612 kB
Buffers:           89712 kB
Cached:           796868 kB
MemTotal:        1844596 kB
MemFree:          522964 kB
MemAvailable:    1386444 kB
Buffers:           89712 kB
Cached:           796868 kB
MemTotal:        1844596 kB
MemFree:          523808 kB
MemAvailable:    1387288 kB
Buffers:           89712 kB
Cached:           796868 kB
MemTotal:        1844596 kB
MemFree:          524000 kB
MemAvailable:    1387480 kB
Buffers:           89712 kB
Cached:           796868 kB
MemTotal:        1844596 kB
MemFree:          523852 kB
MemAvailable:    1387332 kB
Buffers:           89712 kB
Cached:           796868 kB
MemTotal:        1844596 kB
MemFree:          523948 kB
MemAvailable:    1387428 kB
Buffers:           89712 kB
Cached:           796868 kB
MemTotal:        1844596 kB
MemFree:          523628 kB
MemAvailable:    1387108 kB
Buffers:           89712 kB
Cached:           796868 kB
MemTotal:        1844596 kB
MemFree:          523964 kB
MemAvailable:    1387444 kB
Buffers:           89712 kB
Cached:           796868 kB
MemTotal:        1844596 kB
MemFree:          522520 kB
MemAvailable:    1386000 kB
Buffers:           89712 kB
Cached:           796868 kB
MemTotal:        1844596 kB
MemFree:          523188 kB
MemAvailable:    1386668 kB
Buffers:           89712 kB
Cached:           796868 kB
MemTotal:        1844596 kB
MemFree:          522320 kB
MemAvailable:    1385800 kB
Buffers:           89712 kB
Cached:           796868 kB
MemTotal:        1844596 kB
MemFree:          522656 kB
MemAvailable:    1386136 kB
Buffers:           89712 kB
Cached:           796868 kB
MemTotal:        1844596 kB
MemFree:          521212 kB
MemAvailable:    1384692 kB
Buffers:           89712 kB
Cached:           796868 kB
MemTotal:        1844596 kB
MemFree:          522452 kB
MemAvailable:    1385932 kB
Buffers:           89712 kB
Cached:           796868 kB
MemTotal:        1844596 kB
MemFree:          522344 kB
MemAvailable:    1385824 kB
Buffers:           89712 kB
Cached:           796868 kB
MemTotal:        1844596 kB
MemFree:          522024 kB
MemAvailable:    1385504 kB
Buffers:           89712 kB
Cached:           796868 kB
MemTotal:        1844596 kB
MemFree:          522360 kB
MemAvailable:    1385840 kB
Buffers:           89712 kB
Cached:           796868 kB
MemTotal:        1844596 kB
MemFree:          520916 kB
MemAvailable:    1384396 kB
Buffers:           89712 kB
Cached:           796868 kB
MemTotal:        1844596 kB
MemFree:          522260 kB
MemAvailable:    1385740 kB
Buffers:           89712 kB
Cached:           796868 kB
MemTotal:        1844596 kB
MemFree:          522212 kB
MemAvailable:    1385692 kB
Buffers:           89712 kB
Cached:           796868 kB
MemTotal:        1844596 kB
MemFree:          520780 kB
MemAvailable:    1384260 kB
Buffers:           89712 kB
Cached:           796868 kB
MemTotal:        1844596 kB
MemFree:          522248 kB
MemAvailable:    1385728 kB
Buffers:           89712 kB
Cached:           796868 kB
MemTotal:        1844596 kB
MemFree:          520940 kB
MemAvailable:    1384420 kB
Buffers:           89712 kB
Cached:           796868 kB
MemTotal:        1844596 kB
MemFree:          521188 kB
MemAvailable:    1384668 kB
Buffers:           89712 kB
Cached:           796868 kB
MemTotal:        1844596 kB
MemFree:          521064 kB
MemAvailable:    1384544 kB
Buffers:           89712 kB
Cached:           796868 kB
MemTotal:        1844596 kB
MemFree:          522228 kB
MemAvailable:    1385708 kB
Buffers:           89712 kB
Cached:           796868 kB
MemTotal:        1844596 kB
MemFree:          521476 kB
MemAvailable:    1384956 kB
Buffers:           89712 kB
Cached:           796868 kB
MemTotal:        1844596 kB
MemFree:          522080 kB
MemAvailable:    1385560 kB
Buffers:           89712 kB
Cached:           796868 kB
MemTotal:        1844596 kB
MemFree:          522336 kB
MemAvailable:    1385816 kB
Buffers:           89712 kB
Cached:           796868 kB
MemTotal:        1844596 kB
MemFree:          522196 kB
MemAvailable:    1385676 kB
Buffers:           89712 kB
Cached:           796868 kB
MemTotal:        1844596 kB
MemFree:          522196 kB
MemAvailable:    1385676 kB
Buffers:           89712 kB
Cached:           796868 kB
MemTotal:        1844596 kB
MemFree:          522016 kB
MemAvailable:    1385496 kB
Buffers:           89712 kB
Cached:           796868 kB
MemTotal:        1844596 kB
MemFree:          522352 kB
MemAvailable:    1385832 kB
Buffers:           89712 kB
Cached:           796868 kB
MemTotal:        1844596 kB
MemFree:          522060 kB
MemAvailable:    1385540 kB
Buffers:           89712 kB
Cached:           796868 kB
MemTotal:        1844596 kB
MemFree:          522396 kB
MemAvailable:    1385876 kB
Buffers:           89712 kB
Cached:           796868 kB
MemTotal:        1844596 kB
MemFree:          521068 kB
MemAvailable:    1384556 kB
Buffers:           89712 kB
Cached:           796876 kB
MemTotal:        1844596 kB
MemFree:          521028 kB
MemAvailable:    1384516 kB
Buffers:           89712 kB
Cached:           796876 kB
MemTotal:        1844596 kB
MemFree:          522260 kB
MemAvailable:    1385748 kB
Buffers:           89712 kB
Cached:           796876 kB
MemTotal:        1844596 kB
MemFree:          520932 kB
MemAvailable:    1384424 kB
Buffers:           89712 kB
Cached:           796880 kB
MemTotal:        1844596 kB
MemFree:          522228 kB
MemAvailable:    1385720 kB
Buffers:           89712 kB
Cached:           796880 kB
MemTotal:        1844596 kB
MemFree:          522156 kB
MemAvailable:    1385648 kB
Buffers:           89712 kB
Cached:           796880 kB
MemTotal:        1844596 kB
MemFree:          522156 kB
MemAvailable:    1385648 kB
Buffers:           89712 kB
Cached:           796880 kB
MemTotal:        1844596 kB
MemFree:          520848 kB
MemAvailable:    1384340 kB
Buffers:           89712 kB
Cached:           796880 kB
MemTotal:        1844596 kB
MemFree:          522288 kB
MemAvailable:    1385780 kB
Buffers:           89712 kB
Cached:           796880 kB
MemTotal:        1844596 kB
MemFree:          522164 kB
MemAvailable:    1385656 kB
Buffers:           89712 kB
Cached:           796880 kB
MemTotal:        1844596 kB
MemFree:          521948 kB
MemAvailable:    1385440 kB
Buffers:           89712 kB
Cached:           796880 kB
MemTotal:        1844596 kB
MemFree:          522204 kB
MemAvailable:    1385696 kB
Buffers:           89712 kB
Cached:           796880 kB
MemTotal:        1844596 kB
MemFree:          520924 kB
MemAvailable:    1384416 kB
Buffers:           89712 kB
Cached:           796880 kB
MemTotal:        1844596 kB
MemFree:          522216 kB
MemAvailable:    1385708 kB
Buffers:           89712 kB
Cached:           796880 kB
MemTotal:        1844596 kB
MemFree:          522260 kB
MemAvailable:    1385752 kB
Buffers:           89712 kB
Cached:           796880 kB
MemTotal:        1844596 kB
MemFree:          520948 kB
MemAvailable:    1384440 kB
Buffers:           89712 kB
Cached:           796880 kB
MemTotal:        1844596 kB
MemFree:          521468 kB
MemAvailable:    1384960 kB
Buffers:           89712 kB
Cached:           796880 kB
MemTotal:        1844596 kB
MemFree:          522040 kB
MemAvailable:    1385536 kB
Buffers:           89712 kB
Cached:           796884 kB
MemTotal:        1844596 kB
MemFree:          522292 kB
MemAvailable:    1385788 kB
Buffers:           89712 kB
Cached:           796884 kB
MemTotal:        1844596 kB
MemFree:          516996 kB
MemAvailable:    1380492 kB
Buffers:           89712 kB
Cached:           796884 kB
MemTotal:        1844596 kB
MemFree:          516996 kB
MemAvailable:    1380492 kB
Buffers:           89712 kB
Cached:           796884 kB
MemTotal:        1844596 kB
MemFree:          512788 kB
MemAvailable:    1376284 kB
Buffers:           89712 kB
Cached:           796884 kB
MemTotal:        1844596 kB
MemFree:          509500 kB
MemAvailable:    1372996 kB
Buffers:           89712 kB
Cached:           796884 kB
MemTotal:        1844596 kB
MemFree:          505588 kB
MemAvailable:    1369084 kB
Buffers:           89712 kB
Cached:           796884 kB
MemTotal:        1844596 kB
MemFree:          505672 kB
MemAvailable:    1369168 kB
Buffers:           89712 kB
Cached:           796884 kB
MemTotal:        1844596 kB
MemFree:          502992 kB
MemAvailable:    1366488 kB
Buffers:           89712 kB
Cached:           796884 kB
MemTotal:        1844596 kB
MemFree:          502920 kB
MemAvailable:    1366416 kB
Buffers:           89712 kB
Cached:           796884 kB
MemTotal:        1844596 kB
MemFree:          502748 kB
MemAvailable:    1366244 kB
Buffers:           89712 kB
Cached:           796884 kB
MemTotal:        1844596 kB
MemFree:          501760 kB
MemAvailable:    1365256 kB
Buffers:           89712 kB
Cached:           796884 kB
MemTotal:        1844596 kB
MemFree:          502912 kB
MemAvailable:    1366408 kB
Buffers:           89712 kB
Cached:           796884 kB
MemTotal:        1844596 kB
MemFree:          501752 kB
MemAvailable:    1365248 kB
Buffers:           89712 kB
Cached:           796884 kB
MemTotal:        1844596 kB
MemFree:          502672 kB
MemAvailable:    1366168 kB
Buffers:           89712 kB
Cached:           796884 kB
MemTotal:        1844596 kB
MemFree:          501324 kB
MemAvailable:    1364820 kB
Buffers:           89712 kB
Cached:           796884 kB
MemTotal:        1844596 kB
MemFree:          502804 kB
MemAvailable:    1366300 kB
Buffers:           89712 kB
Cached:           796884 kB
MemTotal:        1844596 kB
MemFree:          502736 kB
MemAvailable:    1366232 kB
Buffers:           89712 kB
Cached:           796884 kB
MemTotal:        1844596 kB
MemFree:          502988 kB
MemAvailable:    1366484 kB
Buffers:           89712 kB
Cached:           796884 kB
MemTotal:        1844596 kB
MemFree:          502804 kB
MemAvailable:    1366300 kB
Buffers:           89712 kB
Cached:           796884 kB
MemTotal:        1844596 kB
MemFree:          502612 kB
MemAvailable:    1366108 kB
Buffers:           89712 kB
Cached:           796884 kB
MemTotal:        1844596 kB
MemFree:          502948 kB
MemAvailable:    1366444 kB
Buffers:           89712 kB
Cached:           796884 kB
MemTotal:        1844596 kB
MemFree:          502696 kB
MemAvailable:    1366192 kB
Buffers:           89712 kB
Cached:           796884 kB
MemTotal:        1844596 kB
MemFree:          502668 kB
MemAvailable:    1366164 kB
Buffers:           89712 kB
Cached:           796884 kB
MemTotal:        1844596 kB
MemFree:          501628 kB
MemAvailable:    1365124 kB
Buffers:           89712 kB
Cached:           796884 kB
MemTotal:        1844596 kB
MemFree:          501380 kB
MemAvailable:    1364876 kB
Buffers:           89712 kB
Cached:           796884 kB
MemTotal:        1844596 kB
MemFree:          502804 kB
MemAvailable:    1366300 kB
Buffers:           89712 kB
Cached:           796884 kB
MemTotal:        1844596 kB
MemFree:          502472 kB
MemAvailable:    1365968 kB
Buffers:           89712 kB
Cached:           796884 kB
MemTotal:        1844596 kB
MemFree:          501992 kB
MemAvailable:    1365488 kB
Buffers:           89712 kB
Cached:           796884 kB
MemTotal:        1844596 kB
MemFree:          502404 kB
MemAvailable:    1365900 kB
Buffers:           89712 kB
Cached:           796884 kB
MemTotal:        1844596 kB
MemFree:          502364 kB
MemAvailable:    1365860 kB
Buffers:           89712 kB
Cached:           796884 kB
MemTotal:        1844596 kB
MemFree:          501628 kB
MemAvailable:    1365124 kB
Buffers:           89712 kB
Cached:           796884 kB
MemTotal:        1844596 kB
MemFree:          502172 kB
MemAvailable:    1365668 kB
Buffers:           89712 kB
Cached:           796884 kB
MemTotal:        1844596 kB
MemFree:          502508 kB
MemAvailable:    1366004 kB
Buffers:           89712 kB
Cached:           796884 kB
MemTotal:        1844596 kB
MemFree:          500884 kB
MemAvailable:    1364380 kB
Buffers:           89712 kB
Cached:           796884 kB
MemTotal:        1844596 kB
MemFree:          501372 kB
MemAvailable:    1364868 kB
Buffers:           89712 kB
Cached:           796884 kB
MemTotal:        1844596 kB
MemFree:          501372 kB
MemAvailable:    1364868 kB
Buffers:           89712 kB
Cached:           796884 kB
MemTotal:        1844596 kB
MemFree:          494808 kB
MemAvailable:    1358304 kB
Buffers:           89712 kB
Cached:           796884 kB
MemTotal:        1844596 kB
MemFree:          492560 kB
MemAvailable:    1356056 kB
Buffers:           89712 kB
Cached:           796884 kB
MemTotal:        1844596 kB
MemFree:          492328 kB
MemAvailable:    1355824 kB
Buffers:           89712 kB
Cached:           796884 kB
MemTotal:        1844596 kB
MemFree:          492300 kB
MemAvailable:    1355796 kB
Buffers:           89712 kB
Cached:           796884 kB
MemTotal:        1844596 kB
MemFree:          492552 kB
MemAvailable:    1356048 kB
Buffers:           89712 kB
Cached:           796884 kB
MemTotal:        1844596 kB
MemFree:          490072 kB
MemAvailable:    1353568 kB
Buffers:           89712 kB
Cached:           796884 kB
MemTotal:        1844596 kB
MemFree:          489352 kB
MemAvailable:    1352848 kB
Buffers:           89712 kB
Cached:           796884 kB
MemTotal:        1844596 kB
MemFree:          490084 kB
MemAvailable:    1353580 kB
Buffers:           89712 kB
Cached:           796884 kB
MemTotal:        1844596 kB
MemFree:          490096 kB
MemAvailable:    1353592 kB
Buffers:           89712 kB
Cached:           796884 kB
MemTotal:        1844596 kB
MemFree:          489956 kB
MemAvailable:    1353452 kB
Buffers:           89712 kB
Cached:           796884 kB
MemTotal:        1844596 kB
MemFree:          489956 kB
MemAvailable:    1353452 kB
Buffers:           89712 kB
Cached:           796884 kB
MemTotal:        1844596 kB
MemFree:          489776 kB
MemAvailable:    1353272 kB
Buffers:           89716 kB
Cached:           796880 kB
MemTotal:        1844596 kB
MemFree:          489800 kB
MemAvailable:    1353380 kB
Buffers:           89716 kB
Cached:           797004 kB
MemTotal:        1844596 kB
MemFree:          489580 kB
MemAvailable:    1353244 kB
Buffers:           89716 kB
Cached:           797128 kB
MemTotal:        1844596 kB
MemFree:          489112 kB
MemAvailable:    1352776 kB
Buffers:           89716 kB
Cached:           797128 kB
MemTotal:        1844596 kB
MemFree:          489288 kB
MemAvailable:    1353120 kB
Buffers:           89716 kB
Cached:           797252 kB
MemTotal:        1844596 kB
MemFree:          488980 kB
MemAvailable:    1352812 kB
Buffers:           89716 kB
Cached:           797252 kB
MemTotal:        1844596 kB
MemFree:          487932 kB
MemAvailable:    1351932 kB
Buffers:           89716 kB
Cached:           797376 kB
MemTotal:        1844596 kB
MemFree:          489280 kB
MemAvailable:    1353364 kB
Buffers:           89716 kB
Cached:           797376 kB
MemTotal:        1844596 kB
MemFree:          488908 kB
MemAvailable:    1352992 kB
Buffers:           89716 kB
Cached:           797500 kB
MemTotal:        1844596 kB
MemFree:          489164 kB
MemAvailable:    1353248 kB
Buffers:           89716 kB
Cached:           797500 kB
MemTotal:        1844596 kB
MemFree:          488884 kB
MemAvailable:    1353036 kB
Buffers:           89716 kB
Cached:           797488 kB
MemTotal:        1844596 kB
MemFree:          489104 kB
MemAvailable:    1353256 kB
Buffers:           89716 kB
Cached:           797488 kB
MemTotal:        1844596 kB
MemFree:          487852 kB
MemAvailable:    1352004 kB
Buffers:           89716 kB
Cached:           797488 kB
MemTotal:        1844596 kB
MemFree:          489104 kB
MemAvailable:    1353284 kB
Buffers:           89716 kB
Cached:           797560 kB
MemTotal:        1844596 kB
MemFree:          488244 kB
MemAvailable:    1352424 kB
Buffers:           89716 kB
Cached:           797560 kB
MemTotal:        1844596 kB
MemFree:          488800 kB
MemAvailable:    1353064 kB
Buffers:           89716 kB
Cached:           797684 kB
MemTotal:        1844596 kB
MemFree:          489056 kB
MemAvailable:    1353320 kB
Buffers:           89716 kB
Cached:           797684 kB
MemTotal:        1844596 kB
MemFree:          489556 kB
MemAvailable:    1353148 kB
Buffers:           89716 kB
Cached:           796968 kB
MemTotal:        1844596 kB
MemFree:          541988 kB
MemAvailable:    1405664 kB
Buffers:           89716 kB
Cached:           796968 kB
MemTotal:        1844596 kB
MemFree:          681232 kB
MemAvailable:    1544824 kB
Buffers:           89716 kB
Cached:           796968 kB
