MemTotal:        1844596 kB
MemFree:          261896 kB
MemAvailable:    1544356 kB
Buffers:           97188 kB
Cached:          1208540 kB
MemTotal:        1844596 kB
MemFree:          235068 kB
MemAvailable:    1517536 kB
Buffers:           97188 kB
Cached:          1208544 kB
MemTotal:        1844596 kB
MemFree:          233200 kB
MemAvailable:    1515668 kB
Buffers:           97188 kB
Cached:          1208544 kB
MemTotal:        1844596 kB
MemFree:          231832 kB
MemAvailable:    1514300 kB
Buffers:           97188 kB
Cached:          1208544 kB
MemTotal:        1844596 kB
MemFree:          230588 kB
MemAvailable:    1513056 kB
Buffers:           97188 kB
Cached:          1208544 kB
MemTotal:        1844596 kB
MemFree:          229984 kB
MemAvailable:    1512452 kB
Buffers:           97188 kB
Cached:          1208544 kB
MemTotal:        1844596 kB
MemFree:          229548 kB
MemAvailable:    1512016 kB
Buffers:           97188 kB
Cached:          1208544 kB
MemTotal:        1844596 kB
MemFree:          227752 kB
MemAvailable:    1510220 kB
Buffers:           97188 kB
Cached:          1208544 kB
MemTotal:        1844596 kB
MemFree:          226284 kB
MemAvailable:    1508752 kB
Buffers:           97188 kB
Cached:          1208544 kB
MemTotal:        1844596 kB
MemFree:          219572 kB
MemAvailable:    1502040 kB
Buffers:           97188 kB
Cached:          1208544 kB
MemTotal:        1844596 kB
MemFree:          218616 kB
MemAvailable:    1501084 kB
Buffers:           97188 kB
Cached:          1208544 kB
MemTotal:        1844596 kB
MemFree:          220776 kB
MemAvailable:    1503244 kB
Buffers:           97188 kB
Cached:          1208544 kB
MemTotal:        1844596 kB
MemFree:          222196 kB
MemAvailable:    1504664 kB
Buffers:           97188 kB
Cached:          1208544 kB
MemTotal:        1844596 kB
MemFree:          222096 kB
MemAvailable:    1504564 kB
Buffers:           97188 kB
Cached:          1208544 kB
MemTotal:        1844596 kB
MemFree:          221692 kB
MemAvailable:    1504160 kB
Buffers:           97188 kB
Cached:          1208544 kB
MemTotal:        1844596 kB
MemFree:          221088 kB
MemAvailable:    1503556 kB
Buffers:           97188 kB
Cached:          1208544 kB
MemTotal:        1844596 kB
MemFree:          221808 kB
MemAvailable:    1504276 kB
Buffers:           97188 kB
Cached:          1208544 kB
MemTotal:        1844596 kB
MemFree:          220200 kB
MemAvailable:    1502668 kB
Buffers:           97188 kB
Cached:          1208544 kB
MemTotal:        1844596 kB
MemFree:          220208 kB
MemAvailable:    1502676 kB
Buffers:           97188 kB
Cached:          1208544 kB
MemTotal:        1844596 kB
MemFree:          220332 kB
MemAvailable:    1502800 kB
Buffers:           97188 kB
Cached:          1208544 kB
MemTotal:        1844596 kB
MemFree:          221316 kB
MemAvailable:    1503784 kB
Buffers:           97188 kB
Cached:          1208544 kB
MemTotal:        1844596 kB
MemFree:          221184 kB
MemAvailable:    1503652 kB
Buffers:           97188 kB
Cached:          1208544 kB
MemTotal:        1844596 kB
MemFree:          220760 kB
MemAvailable:    1503228 kB
Buffers:           97188 kB
Cached:          1208544 kB
MemTotal:        1844596 kB
MemFree:          220628 kB
MemAvailable:    1503096 kB
Buffers:           97188 kB
Cached:          1208544 kB
MemTotal:        1844596 kB
MemFree:          220424 kB
MemAvailable:    1502892 kB
Buffers:           97188 kB
Cached:          1208544 kB
MemTotal:        1844596 kB
MemFree:          219520 kB
MemAvailable:    1501988 kB
Buffers:           97188 kB
Cached:          1208544 kB
MemTotal:        1844596 kB
MemFree:          220112 kB
MemAvailable:    1502580 kB
Buffers:           97188 kB
Cached:          1208544 kB
MemTotal:        1844596 kB
MemFree:          220012 kB
MemAvailable:    1502480 kB
Buffers:           97188 kB
Cached:          1208544 kB
MemTotal:        1844596 kB
MemFree:          218716 kB
MemAvailable:    1501184 kB
Buffers:           97188 kB
Cached:          1208544 kB
MemTotal:        1844596 kB
MemFree:          218516 kB
MemAvailable:    1500984 kB
Buffers:           97188 kB
Cached:          1208544 kB
MemTotal:        1844596 kB
MemFree:          219508 kB
MemAvailable:    1501976 kB
Buffers:           97188 kB
Cached:          1208544 kB
MemTotal:        1844596 kB
MemFree:          217800 kB
MemAvailable:    1500268 kB
Buffers:           97188 kB
Cached:          1208544 kB
MemTotal:        1844596 kB
MemFree:          219156 kB
MemAvailable:    1501624 kB
Buffers:           97188 kB
Cached:          1208544 kB
MemTotal:        1844596 kB
MemFree:          217668 kB
MemAvailable:    1500136 kB
Buffers:           97188 kB
Cached:          1208544 kB
MemTotal:        1844596 kB
MemFree:          218968 kB
MemAvailable:    1501436 kB
Buffers:           97188 kB
Cached:          1208544 kB
MemTotal:        1844596 kB
MemFree:          218984 kB
MemAvailable:    1501452 kB
Buffers:           97188 kB
Cached:          1208544 kB
MemTotal:        1844596 kB
MemFree:          218724 kB
MemAvailable:    1501192 kB
Buffers:           97188 kB
Cached:          1208544 kB
MemTotal:        1844596 kB
MemFree:          218976 kB
MemAvailable:    1501444 kB
Buffers:           97188 kB
Cached:          1208544 kB
MemTotal:        1844596 kB
MemFree:          218736 kB
MemAvailable:    1501204 kB
Buffers:           97188 kB
Cached:          1208544 kB
MemTotal:        1844596 kB
MemFree:          216560 kB
MemAvailable:    1499028 kB
Buffers:           97188 kB
Cached:          1208544 kB
MemTotal:        1844596 kB
MemFree:          214920 kB
MemAvailable:    1497388 kB
Buffers:           97188 kB
Cached:          1208544 kB
MemTotal:        1844596 kB
MemFree:          213956 kB
MemAvailable:    1496424 kB
Buffers:           97188 kB
Cached:          1208544 kB
MemTotal:        1844596 kB
MemFree:          213832 kB
MemAvailable:    1496300 kB
Buffers:           97188 kB
Cached:          1208544 kB
MemTotal:        1844596 kB
MemFree:          212592 kB
MemAvailable:    1495060 kB
Buffers:           97188 kB
Cached:          1208544 kB
MemTotal:        1844596 kB
MemFree:          213752 kB
MemAvailable:    1496220 kB
Buffers:           97188 kB
Cached:          1208544 kB
MemTotal:        1844596 kB
MemFree:          213472 kB
MemAvailable:    1495940 kB
Buffers:           97188 kB
Cached:          1208544 kB
MemTotal:        1844596 kB
MemFree:          211828 kB
MemAvailable:    1494296 kB
Buffers:           97188 kB
Cached:          1208544 kB
MemTotal:        1844596 kB
MemFree:          211908 kB
MemAvailable:    1494376 kB
Buffers:           97188 kB
Cached:          1208544 kB
MemTotal:        1844596 kB
MemFree:          211652 kB
MemAvailable:    1494120 kB
Buffers:           97188 kB
Cached:          1208544 kB
MemTotal:        1844596 kB
MemFree:          212920 kB
MemAvailable:    1495388 kB
Buffers:           97188 kB
Cached:          1208544 kB
MemTotal:        1844596 kB
MemFree:          213172 kB
MemAvailable:    1495640 kB
Buffers:           97188 kB
Cached:          1208544 kB
MemTotal:        1844596 kB
MemFree:          211836 kB
MemAvailable:    1494304 kB
Buffers:           97188 kB
Cached:          1208544 kB
MemTotal:        1844596 kB
MemFree:          213076 kB
MemAvailable:    1495544 kB
Buffers:           97188 kB
Cached:          1208544 kB
MemTotal:        1844596 kB
MemFree:          212964 kB
MemAvailable:    1495432 kB
Buffers:           97188 kB
Cached:          1208544 kB
MemTotal:        1844596 kB
MemFree:          213104 kB
MemAvailable:    1495572 kB
Buffers:           97188 kB
Cached:          1208544 kB
MemTotal:        1844596 kB
MemFree:          209876 kB
MemAvailable:    1492344 kB
Buffers:           97188 kB
Cached:          1208544 kB
MemTotal:        1844596 kB
MemFree:          207464 kB
MemAvailable:    1489932 kB
Buffers:           97188 kB
Cached:          1208544 kB
MemTotal:        1844596 kB
MemFree:          207216 kB
MemAvailable:    1489684 kB
Buffers:           97188 kB
Cached:          1208544 kB
MemTotal:        1844596 kB
MemFree:          205924 kB
MemAvailable:    1488392 kB
Buffers:           97188 kB
Cached:          1208544 kB
MemTotal:        1844596 kB
MemFree:          206032 kB
MemAvailable:    1488508 kB
Buffers:           97188 kB
Cached:          1208552 kB
MemTotal:        1844596 kB
MemFree:          206032 kB
MemAvailable:    1488508 kB
Buffers:           97188 kB
Cached:          1208552 kB
MemTotal:        1844596 kB
MemFree:          205172 kB
MemAvailable:    1487648 kB
Buffers:           97188 kB
Cached:          1208552 kB
MemTotal:        1844596 kB
MemFree:          204780 kB
MemAvailable:    1487256 kB
Buffers:           97188 kB
Cached:          1208552 kB
MemTotal:        1844596 kB
MemFree:          203436 kB
MemAvailable:    1485912 kB
Buffers:           97188 kB
Cached:          1208552 kB
MemTotal:        1844596 kB
MemFree:          203152 kB
MemAvailable:    1485628 kB
Buffers:           97188 kB
Cached:          1208552 kB
MemTotal:        1844596 kB
MemFree:          204676 kB
MemAvailable:    1487152 kB
Buffers:           97188 kB
Cached:          1208552 kB
MemTotal:        1844596 kB
MemFree:          204488 kB
MemAvailable:    1486964 kB
Buffers:           97188 kB
Cached:          1208552 kB
MemTotal:        1844596 kB
MemFree:          204260 kB
MemAvailable:    1486736 kB
Buffers:           97188 kB
Cached:          1208552 kB
MemTotal:        1844596 kB
MemFree:          203380 kB
MemAvailable:    1485856 kB
Buffers:           97188 kB
Cached:          1208552 kB
MemTotal:        1844596 kB
MemFree:          204516 kB
MemAvailable:    1486992 kB
Buffers:           97188 kB
Cached:          1208552 kB
MemTotal:        1844596 kB
MemFree:          204440 kB
MemAvailable:    1486916 kB
Buffers:           97188 kB
Cached:          1208552 kB
MemTotal:        1844596 kB
MemFree:          203944 kB
MemAvailable:    1486420 kB
Buffers:           97188 kB
Cached:          1208552 kB
MemTotal:        1844596 kB
MemFree:          204292 kB
MemAvailable:    1486768 kB
Buffers:           97188 kB
Cached:          1208552 kB
MemTotal:        1844596 kB
MemFree:          204184 kB
MemAvailable:    1486660 kB
Buffers:           97188 kB
Cached:          1208552 kB
MemTotal:        1844596 kB
MemFree:          203012 kB
MemAvailable:    1485488 kB
Buffers:           97188 kB
Cached:          1208552 kB
MemTotal:        1844596 kB
MemFree:          204112 kB
MemAvailable:    1486588 kB
Buffers:           97188 kB
Cached:          1208552 kB
MemTotal:        1844596 kB
MemFree:          204184 kB
MemAvailable:    1486660 kB
Buffers:           97188 kB
Cached:          1208552 kB
MemTotal:        1844596 kB
MemFree:          202680 kB
MemAvailable:    1485156 kB
Buffers:           97188 kB
Cached:          1208552 kB
MemTotal:        1844596 kB
MemFree:          202932 kB
MemAvailable:    1485408 kB
Buffers:           97188 kB
Cached:          1208552 kB
MemTotal:        1844596 kB
MemFree:          202800 kB
MemAvailable:    1485276 kB
Buffers:           97188 kB
Cached:          1208552 kB
MemTotal:        1844596 kB
MemFree:          203976 kB
MemAvailable:    1486452 kB
Buffers:           97188 kB
Cached:          1208552 kB
MemTotal:        1844596 kB
MemFree:          203976 kB
MemAvailable:    1486452 kB
Buffers:           97188 kB
Cached:          1208552 kB
MemTotal:        1844596 kB
MemFree:          201208 kB
MemAvailable:    1483684 kB
Buffers:           97188 kB
Cached:          1208552 kB
MemTotal:        1844596 kB
MemFree:          197500 kB
MemAvailable:    1479976 kB
Buffers:           97188 kB
Cached:          1208552 kB
MemTotal:        1844596 kB
MemFree:          194772 kB
MemAvailable:    1477248 kB
Buffers:           97188 kB
Cached:          1208552 kB
MemTotal:        1844596 kB
MemFree:          194764 kB
MemAvailable:    1477240 kB
Buffers:           97188 kB
Cached:          1208552 kB
MemTotal:        1844596 kB
MemFree:          195748 kB
MemAvailable:    1478224 kB
Buffers:           97188 kB
Cached:          1208552 kB
MemTotal:        1844596 kB
MemFree:          194080 kB
MemAvailable:    1476556 kB
Buffers:           97188 kB
Cached:          1208552 kB
MemTotal:        1844596 kB
MemFree:          195616 kB
MemAvailable:    1478092 kB
Buffers:           97188 kB
Cached:          1208552 kB
MemTotal:        1844596 kB
MemFree:          194400 kB
MemAvailable:    1476876 kB
Buffers:           97188 kB
Cached:          1208552 kB
MemTotal:        1844596 kB
MemFree:          195116 kB
MemAvailable:    1477592 kB
Buffers:           97188 kB
Cached:          1208552 kB
MemTotal:        1844596 kB
MemFree:          195368 kB
MemAvailable:    1477844 kB
Buffers:           97188 kB
Cached:          1208552 kB
MemTotal:        1844596 kB
MemFree:          195196 kB
MemAvailable:    1477672 kB
Buffers:           97188 kB
Cached:          1208552 kB
MemTotal:        1844596 kB
MemFree:          195328 kB
MemAvailable:    1477804 kB
Buffers:           97188 kB
Cached:          1208552 kB
MemTotal:        1844596 kB
MemFree:          194532 kB
MemAvailable:    1477008 kB
Buffers:           97188 kB
Cached:          1208552 kB
MemTotal:        1844596 kB
MemFree:          195376 kB
MemAvailable:    1477856 kB
Buffers:           97188 kB
Cached:          1208556 kB
MemTotal:        1844596 kB
MemFree:          195376 kB
MemAvailable:    1477856 kB
Buffers:           97188 kB
Cached:          1208556 kB
MemTotal:        1844596 kB
MemFree:          194092 kB
MemAvailable:    1476572 kB
Buffers:           97188 kB
Cached:          1208556 kB
MemTotal:        1844596 kB
MemFree:          195312 kB
MemAvailable:    1477792 kB
Buffers:           97188 kB
Cached:          1208556 kB
MemTotal:        1844596 kB
MemFree:          194532 kB
MemAvailable:    1477012 kB
Buffers:           97188 kB
Cached:          1208556 kB
MemTotal:        1844596 kB
MemFree:          195212 kB
MemAvailable:    1477692 kB
Buffers:           97188 kB
Cached:          1208556 kB
MemTotal:        1844596 kB
MemFree:          195268 kB
MemAvailable:    1477748 kB
Buffers:           97188 kB
Cached:          1208556 kB
MemTotal:        1844596 kB
MemFree:          195212 kB
MemAvailable:    1477692 kB
Buffers:           97188 kB
Cached:          1208556 kB
MemTotal:        1844596 kB
MemFree:          195128 kB
MemAvailable:    1477608 kB
Buffers:           97188 kB
Cached:          1208556 kB
MemTotal:        1844596 kB
MemFree:          195380 kB
MemAvailable:    1477860 kB
Buffers:           97188 kB
Cached:          1208556 kB
MemTotal:        1844596 kB
MemFree:          193848 kB
MemAvailable:    1476328 kB
Buffers:           97188 kB
Cached:          1208556 kB
MemTotal:        1844596 kB
MemFree:          195212 kB
MemAvailable:    1477692 kB
Buffers:           97188 kB
Cached:          1208556 kB
MemTotal:        1844596 kB
MemFree:          195268 kB
MemAvailable:    1477748 kB
Buffers:           97188 kB
Cached:          1208556 kB
MemTotal:        1844596 kB
MemFree:          194532 kB
MemAvailable:    1477012 kB
Buffers:           97188 kB
Cached:          1208556 kB
MemTotal:        1844596 kB
MemFree:          193848 kB
MemAvailable:    1476328 kB
Buffers:           97188 kB
Cached:          1208556 kB
MemTotal:        1844596 kB
MemFree:          195328 kB
MemAvailable:    1477808 kB
Buffers:           97188 kB
Cached:          1208556 kB
MemTotal:        1844596 kB
MemFree:          193980 kB
MemAvailable:    1476460 kB
Buffers:           97188 kB
Cached:          1208556 kB
MemTotal:        1844596 kB
MemFree:          195380 kB
MemAvailable:    1477860 kB
Buffers:           97188 kB
Cached:          1208556 kB
MemTotal:        1844596 kB
MemFree:          193884 kB
MemAvailable:    1476364 kB
Buffers:           97188 kB
Cached:          1208556 kB
MemTotal:        1844596 kB
MemFree:          195448 kB
MemAvailable:    1477928 kB
Buffers:           97188 kB
Cached:          1208556 kB
MemTotal:        1844596 kB
MemFree:          195336 kB
MemAvailable:    1477816 kB
Buffers:           97188 kB
Cached:          1208556 kB
MemTotal:        1844596 kB
MemFree:          194016 kB
MemAvailable:    1476496 kB
Buffers:           97188 kB
Cached:          1208556 kB
MemTotal:        1844596 kB
MemFree:          194100 kB
MemAvailable:    1476580 kB
Buffers:           97188 kB
Cached:          1208556 kB
MemTotal:        1844596 kB
MemFree:          195252 kB
MemAvailable:    1477732 kB
Buffers:           97188 kB
Cached:          1208556 kB
MemTotal:        1844596 kB
MemFree:          194960 kB
MemAvailable:    1477440 kB
Buffers:           97188 kB
Cached:          1208556 kB
MemTotal:        1844596 kB
MemFree:          190988 kB
MemAvailable:    1473468 kB
Buffers:           97188 kB
Cached:          1208556 kB
MemTotal:        1844596 kB
MemFree:          187208 kB
MemAvailable:    1469688 kB
Buffers:           97188 kB
Cached:          1208556 kB
MemTotal:        1844596 kB
MemFree:          184976 kB
MemAvailable:    1467456 kB
Buffers:           97188 kB
Cached:          1208556 kB
MemTotal:        1844596 kB
MemFree:          183364 kB
MemAvailable:    1465844 kB
Buffers:           97188 kB
Cached:          1208556 kB
MemTotal:        1844596 kB
MemFree:          184464 kB
MemAvailable:    1466944 kB
Buffers:           97188 kB
Cached:          1208556 kB
MemTotal:        1844596 kB
MemFree:          184716 kB
MemAvailable:    1467196 kB
Buffers:           97188 kB
Cached:          1208556 kB
MemTotal:        1844596 kB
MemFree:          183184 kB
MemAvailable:    1465664 kB
Buffers:           97188 kB
Cached:          1208556 kB
MemTotal:        1844596 kB
MemFree:          183176 kB
MemAvailable:    1465656 kB
Buffers:           97188 kB
Cached:          1208556 kB
MemTotal:        1844596 kB
MemFree:          184484 kB
MemAvailable:    1466964 kB
Buffers:           97188 kB
Cached:          1208556 kB
MemTotal:        1844596 kB
MemFree:          184608 kB
MemAvailable:    1467088 kB
Buffers:           97188 kB
Cached:          1208556 kB
MemTotal:        1844596 kB
MemFree:          184320 kB
MemAvailable:    1466800 kB
Buffers:           97188 kB
Cached:          1208556 kB
MemTotal:        1844596 kB
MemFree:          184572 kB
MemAvailable:    1467052 kB
Buffers:           97188 kB
Cached:          1208556 kB
MemTotal:        1844596 kB
MemFree:          184468 kB
MemAvailable:    1466948 kB
Buffers:           97188 kB
Cached:          1208556 kB
MemTotal:        1844596 kB
MemFree:          184348 kB
MemAvailable:    1466828 kB
Buffers:           97188 kB
Cached:          1208556 kB
MemTotal:        1844596 kB
MemFree:          184684 kB
MemAvailable:    1467164 kB
Buffers:           97188 kB
Cached:          1208556 kB
MemTotal:        1844596 kB
MemFree:          184432 kB
MemAvailable:    1466912 kB
Buffers:           97188 kB
Cached:          1208556 kB
MemTotal:        1844596 kB
MemFree:          184468 kB
MemAvailable:    1466948 kB
Buffers:           97188 kB
Cached:          1208556 kB
MemTotal:        1844596 kB
MemFree:          184544 kB
MemAvailable:    1467024 kB
Buffers:           97188 kB
Cached:          1208556 kB
MemTotal:        1844596 kB
MemFree:          183224 kB
MemAvailable:    1465704 kB
Buffers:           97188 kB
Cached:          1208556 kB
MemTotal:        1844596 kB
MemFree:          183216 kB
MemAvailable:    1465696 kB
Buffers:           97188 kB
Cached:          1208556 kB
MemTotal:        1844596 kB
MemFree:          183300 kB
MemAvailable:    1465780 kB
Buffers:           97188 kB
Cached:          1208556 kB
MemTotal:        1844596 kB
MemFree:          183212 kB
MemAvailable:    1465692 kB
Buffers:           97188 kB
Cached:          1208556 kB
MemTotal:        1844596 kB
MemFree:          183172 kB
MemAvailable:    1465652 kB
Buffers:           97188 kB
Cached:          1208556 kB
MemTotal:        1844596 kB
MemFree:          184316 kB
MemAvailable:    1466796 kB
Buffers:           97188 kB
Cached:          1208556 kB
MemTotal:        1844596 kB
MemFree:          184568 kB
MemAvailable:    1467048 kB
Buffers:           97188 kB
Cached:          1208556 kB
MemTotal:        1844596 kB
MemFree:          183228 kB
MemAvailable:    1465708 kB
Buffers:           97188 kB
Cached:          1208556 kB
MemTotal:        1844596 kB
MemFree:          183228 kB
MemAvailable:    1465708 kB
Buffers:           97188 kB
Cached:          1208556 kB
MemTotal:        1844596 kB
MemFree:          183344 kB
MemAvailable:    1465824 kB
Buffers:           97188 kB
Cached:          1208556 kB
MemTotal:        1844596 kB
MemFree:          183096 kB
MemAvailable:    1465576 kB
Buffers:           97188 kB
Cached:          1208556 kB
MemTotal:        1844596 kB
MemFree:          184504 kB
MemAvailable:    1466984 kB
Buffers:           97188 kB
Cached:          1208556 kB
MemTotal:        1844596 kB
MemFree:          183488 kB
MemAvailable:    1465968 kB
Buffers:           97188 kB
Cached:          1208556 kB
MemTotal:        1844596 kB
MemFree:          184220 kB
MemAvailable:    1466700 kB
Buffers:           97188 kB
Cached:          1208556 kB
MemTotal:        1844596 kB
MemFree:          183536 kB
MemAvailable:    1466016 kB
Buffers:           97188 kB
Cached:          1208556 kB
MemTotal:        1844596 kB
MemFree:          184564 kB
MemAvailable:    1467044 kB
Buffers:           97188 kB
Cached:          1208556 kB
MemTotal:        1844596 kB
MemFree:          184616 kB
MemAvailable:    1467096 kB
Buffers:           97188 kB
Cached:          1208556 kB
MemTotal:        1844596 kB
MemFree:          183080 kB
MemAvailable:    1465560 kB
Buffers:           97188 kB
Cached:          1208556 kB
MemTotal:        1844596 kB
MemFree:          183196 kB
MemAvailable:    1465676 kB
Buffers:           97188 kB
Cached:          1208556 kB
MemTotal:        1844596 kB
MemFree:          183248 kB
MemAvailable:    1465736 kB
Buffers:           97188 kB
Cached:          1208564 kB
MemTotal:        1844596 kB
MemFree:          184376 kB
MemAvailable:    1466864 kB
Buffers:           97188 kB
Cached:          1208564 kB
MemTotal:        1844596 kB
MemFree:          184316 kB
MemAvailable:    1466804 kB
Buffers:           97188 kB
Cached:          1208564 kB
MemTotal:        1844596 kB
MemFree:          184572 kB
MemAvailable:    1467060 kB
Buffers:           97188 kB
Cached:          1208564 kB
MemTotal:        1844596 kB
MemFree:          184316 kB
MemAvailable:    1466804 kB
Buffers:           97188 kB
Cached:          1208564 kB
MemTotal:        1844596 kB
MemFree:          184172 kB
MemAvailable:    1466660 kB
Buffers:           97188 kB
Cached:          1208564 kB
MemTotal:        1844596 kB
MemFree:          184508 kB
MemAvailable:    1466996 kB
Buffers:           97188 kB
Cached:          1208564 kB
MemTotal:        1844596 kB
MemFree:          184292 kB
MemAvailable:    1466780 kB
Buffers:           97188 kB
Cached:          1208564 kB
MemTotal:        1844596 kB
MemFree:          184460 kB
MemAvailable:    1466948 kB
Buffers:           97188 kB
Cached:          1208564 kB
MemTotal:        1844596 kB
MemFree:          183112 kB
MemAvailable:    1465600 kB
Buffers:           97188 kB
Cached:          1208564 kB
MemTotal:        1844596 kB
MemFree:          184356 kB
MemAvailable:    1466844 kB
Buffers:           97188 kB
Cached:          1208564 kB
MemTotal:        1844596 kB
MemFree:          183124 kB
MemAvailable:    1465612 kB
Buffers:           97188 kB
Cached:          1208564 kB
MemTotal:        1844596 kB
MemFree:          183868 kB
MemAvailable:    1466356 kB
Buffers:           97188 kB
Cached:          1208564 kB
MemTotal:        1844596 kB
MemFree:          183556 kB
MemAvailable:    1466044 kB
Buffers:           97188 kB
Cached:          1208564 kB
MemTotal:        1844596 kB
MemFree:          182124 kB
MemAvailable:    1464612 kB
Buffers:           97188 kB
Cached:          1208564 kB
MemTotal:        1844596 kB
MemFree:          183224 kB
MemAvailable:    1465712 kB
Buffers:           97188 kB
Cached:          1208564 kB
MemTotal:        1844596 kB
MemFree:          183124 kB
MemAvailable:    1465612 kB
Buffers:           97188 kB
Cached:          1208564 kB
MemTotal:        1844596 kB
MemFree:          181952 kB
MemAvailable:    1464440 kB
Buffers:           97188 kB
Cached:          1208564 kB
MemTotal:        1844596 kB
MemFree:          183252 kB
MemAvailable:    1465740 kB
Buffers:           97188 kB
Cached:          1208564 kB
MemTotal:        1844596 kB
MemFree:          182256 kB
MemAvailable:    1464744 kB
Buffers:           97188 kB
Cached:          1208564 kB
MemTotal:        1844596 kB
MemFree:          182000 kB
MemAvailable:    1464488 kB
Buffers:           97188 kB
Cached:          1208564 kB
MemTotal:        1844596 kB
MemFree:          181884 kB
MemAvailable:    1464372 kB
Buffers:           97188 kB
Cached:          1208564 kB
MemTotal:        1844596 kB
MemFree:          183116 kB
MemAvailable:    1465604 kB
Buffers:           97188 kB
Cached:          1208564 kB
MemTotal:        1844596 kB
MemFree:          183132 kB
MemAvailable:    1465620 kB
Buffers:           97188 kB
Cached:          1208564 kB
MemTotal:        1844596 kB
MemFree:          182928 kB
MemAvailable:    1465416 kB
Buffers:           97188 kB
Cached:          1208564 kB
MemTotal:        1844596 kB
MemFree:          182880 kB
MemAvailable:    1465368 kB
Buffers:           97188 kB
Cached:          1208564 kB
MemTotal:        1844596 kB
MemFree:          181696 kB
MemAvailable:    1464184 kB
Buffers:           97188 kB
Cached:          1208564 kB
MemTotal:        1844596 kB
MemFree:          182688 kB
MemAvailable:    1465176 kB
Buffers:           97188 kB
Cached:          1208564 kB
MemTotal:        1844596 kB
MemFree:          181892 kB
MemAvailable:    1464380 kB
Buffers:           97188 kB
Cached:          1208564 kB
MemTotal:        1844596 kB
MemFree:          182736 kB
MemAvailable:    1465224 kB
Buffers:           97188 kB
Cached:          1208564 kB
MemTotal:        1844596 kB
MemFree:          182752 kB
MemAvailable:    1465240 kB
Buffers:           97188 kB
Cached:          1208564 kB
MemTotal:        1844596 kB
MemFree:          181580 kB
MemAvailable:    1464068 kB
Buffers:           97188 kB
Cached:          1208564 kB
MemTotal:        1844596 kB
MemFree:          181580 kB
MemAvailable:    1464068 kB
Buffers:           97188 kB
Cached:          1208564 kB
MemTotal:        1844596 kB
MemFree:          181256 kB
MemAvailable:    1463744 kB
Buffers:           97188 kB
Cached:          1208564 kB
MemTotal:        1844596 kB
MemFree:          182764 kB
MemAvailable:    1465252 kB
Buffers:           97188 kB
Cached:          1208564 kB
MemTotal:        1844596 kB
MemFree:          181456 kB
MemAvailable:    1463944 kB
Buffers:           97188 kB
Cached:          1208564 kB
MemTotal:        1844596 kB
MemFree:          181456 kB
MemAvailable:    1463944 kB
Buffers:           97188 kB
Cached:          1208564 kB
MemTotal:        1844596 kB
MemFree:          180520 kB
MemAvailable:    1463008 kB
Buffers:           97188 kB
Cached:          1208564 kB
MemTotal:        1844596 kB
MemFree:          177596 kB
MemAvailable:    1460084 kB
Buffers:           97188 kB
Cached:          1208564 kB
MemTotal:        1844596 kB
MemFree:          173388 kB
MemAvailable:    1455876 kB
Buffers:           97188 kB
Cached:          1208564 kB
MemTotal:        1844596 kB
MemFree:          171700 kB
MemAvailable:    1454188 kB
Buffers:           97188 kB
Cached:          1208564 kB
MemTotal:        1844596 kB
MemFree:          171468 kB
MemAvailable:    1453956 kB
Buffers:           97188 kB
Cached:          1208564 kB
MemTotal:        1844596 kB
MemFree:          170420 kB
MemAvailable:    1452908 kB
Buffers:           97188 kB
Cached:          1208564 kB
MemTotal:        1844596 kB
MemFree:          171212 kB
MemAvailable:    1453700 kB
Buffers:           97188 kB
Cached:          1208564 kB
MemTotal:        1844596 kB
MemFree:          171296 kB
MemAvailable:    1453784 kB
Buffers:           97188 kB
Cached:          1208564 kB
MemTotal:        1844596 kB
MemFree:          170964 kB
MemAvailable:    1453452 kB
Buffers:           97188 kB
Cached:          1208564 kB
MemTotal:        1844596 kB
MemFree:          169608 kB
MemAvailable:    1452096 kB
Buffers:           97188 kB
Cached:          1208564 kB
MemTotal:        1844596 kB
MemFree:          170716 kB
MemAvailable:    1453204 kB
Buffers:           97188 kB
Cached:          1208564 kB
MemTotal:        1844596 kB
MemFree:          168360 kB
MemAvailable:    1450848 kB
Buffers:           97188 kB
Cached:          1208564 kB
MemTotal:        1844596 kB
MemFree:          168352 kB
MemAvailable:    1450840 kB
Buffers:           97188 kB
Cached:          1208564 kB
MemTotal:        1844596 kB
MemFree:          167996 kB
MemAvailable:    1450484 kB
Buffers:           97188 kB
Cached:          1208564 kB
MemTotal:        1844596 kB
MemFree:          167996 kB
MemAvailable:    1450484 kB
Buffers:           97188 kB
Cached:          1208564 kB
MemTotal:        1844596 kB
MemFree:          168052 kB
MemAvailable:    1450540 kB
Buffers:           97188 kB
Cached:          1208564 kB
MemTotal:        1844596 kB
MemFree:          166492 kB
MemAvailable:    1448980 kB
Buffers:           97188 kB
Cached:          1208564 kB
MemTotal:        1844596 kB
MemFree:          166492 kB
MemAvailable:    1448980 kB
Buffers:           97188 kB
Cached:          1208564 kB
MemTotal:        1844596 kB
MemFree:          167600 kB
MemAvailable:    1450088 kB
Buffers:           97188 kB
Cached:          1208564 kB
MemTotal:        1844596 kB
MemFree:          167136 kB
MemAvailable:    1449624 kB
Buffers:           97188 kB
Cached:          1208564 kB
MemTotal:        1844596 kB
MemFree:          166204 kB
MemAvailable:    1448692 kB
Buffers:           97188 kB
Cached:          1208564 kB
MemTotal:        1844596 kB
MemFree:          167616 kB
MemAvailable:    1450104 kB
Buffers:           97188 kB
Cached:          1208564 kB
MemTotal:        1844596 kB
MemFree:          167868 kB
MemAvailable:    1450356 kB
Buffers:           97188 kB
Cached:          1208564 kB
MemTotal:        1844596 kB
MemFree:          166336 kB
MemAvailable:    1448824 kB
Buffers:           97188 kB
Cached:          1208564 kB
MemTotal:        1844596 kB
MemFree:          167576 kB
MemAvailable:    1450064 kB
Buffers:           97188 kB
Cached:          1208564 kB
MemTotal:        1844596 kB
MemFree:          166460 kB
MemAvailable:    1448948 kB
Buffers:           97188 kB
Cached:          1208564 kB
MemTotal:        1844596 kB
MemFree:          166328 kB
MemAvailable:    1448816 kB
Buffers:           97188 kB
Cached:          1208564 kB
MemTotal:        1844596 kB
MemFree:          167128 kB
MemAvailable:    1449616 kB
Buffers:           97188 kB
Cached:          1208564 kB
MemTotal:        1844596 kB
MemFree:          165888 kB
MemAvailable:    1448376 kB
Buffers:           97188 kB
Cached:          1208564 kB
MemTotal:        1844596 kB
MemFree:          166320 kB
MemAvailable:    1448808 kB
Buffers:           97188 kB
Cached:          1208564 kB
MemTotal:        1844596 kB
MemFree:          164780 kB
MemAvailable:    1447268 kB
Buffers:           97188 kB
Cached:          1208564 kB
MemTotal:        1844596 kB
MemFree:          165508 kB
MemAvailable:    1447996 kB
Buffers:           97188 kB
Cached:          1208564 kB
MemTotal:        1844596 kB
MemFree:          165760 kB
MemAvailable:    1448248 kB
Buffers:           97188 kB
Cached:          1208564 kB
MemTotal:        1844596 kB
MemFree:          164284 kB
MemAvailable:    1446776 kB
Buffers:           97188 kB
Cached:          1208568 kB
MemTotal:        1844596 kB
MemFree:          163912 kB
MemAvailable:    1446404 kB
Buffers:           97188 kB
Cached:          1208568 kB
MemTotal:        1844596 kB
MemFree:          163904 kB
MemAvailable:    1446400 kB
Buffers:           97188 kB
Cached:          1208572 kB
MemTotal:        1844596 kB
MemFree:          163168 kB
MemAvailable:    1445664 kB
Buffers:           97188 kB
Cached:          1208572 kB
MemTotal:        1844596 kB
MemFree:          164504 kB
MemAvailable:    1447000 kB
Buffers:           97188 kB
Cached:          1208572 kB
MemTotal:        1844596 kB
MemFree:          164468 kB
MemAvailable:    1446964 kB
Buffers:           97188 kB
Cached:          1208572 kB
MemTotal:        1844596 kB
MemFree:          163524 kB
MemAvailable:    1446020 kB
Buffers:           97188 kB
Cached:          1208572 kB
MemTotal:        1844596 kB
MemFree:          163292 kB
MemAvailable:    1445788 kB
Buffers:           97188 kB
Cached:          1208572 kB
MemTotal:        1844596 kB
MemFree:          163412 kB
MemAvailable:    1445908 kB
Buffers:           97188 kB
Cached:          1208572 kB
MemTotal:        1844596 kB
MemFree:          163152 kB
MemAvailable:    1445648 kB
Buffers:           97188 kB
Cached:          1208572 kB
MemTotal:        1844596 kB
MemFree:          162496 kB
MemAvailable:    1444992 kB
Buffers:           97188 kB
Cached:          1208572 kB
MemTotal:        1844596 kB
MemFree:          163276 kB
MemAvailable:    1445772 kB
Buffers:           97188 kB
Cached:          1208572 kB
MemTotal:        1844596 kB
MemFree:          163528 kB
MemAvailable:    1446024 kB
Buffers:           97188 kB
Cached:          1208572 kB
MemTotal:        1844596 kB
MemFree:          163360 kB
MemAvailable:    1445856 kB
Buffers:           97188 kB
Cached:          1208572 kB
MemTotal:        1844596 kB
MemFree:          163616 kB
MemAvailable:    1446112 kB
Buffers:           97188 kB
Cached:          1208572 kB
MemTotal:        1844596 kB
MemFree:          163528 kB
MemAvailable:    1446024 kB
Buffers:           97188 kB
Cached:          1208572 kB
MemTotal:        1844596 kB
MemFree:          162240 kB
MemAvailable:    1444736 kB
Buffers:           97188 kB
Cached:          1208572 kB
MemTotal:        1844596 kB
MemFree:          163224 kB
MemAvailable:    1445720 kB
Buffers:           97188 kB
Cached:          1208572 kB
MemTotal:        1844596 kB
MemFree:          163216 kB
MemAvailable:    1445712 kB
Buffers:           97188 kB
Cached:          1208572 kB
MemTotal:        1844596 kB
MemFree:          161728 kB
MemAvailable:    1444224 kB
Buffers:           97188 kB
Cached:          1208572 kB
MemTotal:        1844596 kB
MemFree:          163212 kB
MemAvailable:    1445708 kB
Buffers:           97188 kB
Cached:          1208572 kB
MemTotal:        1844596 kB
MemFree:          162680 kB
MemAvailable:    1445176 kB
Buffers:           97188 kB
Cached:          1208572 kB
MemTotal:        1844596 kB
MemFree:          163344 kB
MemAvailable:    1445840 kB
Buffers:           97188 kB
Cached:          1208572 kB
MemTotal:        1844596 kB
MemFree:          162556 kB
MemAvailable:    1445052 kB
Buffers:           97188 kB
Cached:          1208572 kB
MemTotal:        1844596 kB
MemFree:          163276 kB
MemAvailable:    1445776 kB
Buffers:           97188 kB
Cached:          1208576 kB
MemTotal:        1844596 kB
MemFree:          163168 kB
MemAvailable:    1445668 kB
Buffers:           97188 kB
Cached:          1208576 kB
MemTotal:        1844596 kB
MemFree:          163236 kB
MemAvailable:    1445736 kB
Buffers:           97188 kB
Cached:          1208576 kB
MemTotal:        1844596 kB
MemFree:          161992 kB
MemAvailable:    1444492 kB
Buffers:           97188 kB
Cached:          1208576 kB
MemTotal:        1844596 kB
MemFree:          162240 kB
MemAvailable:    1444740 kB
Buffers:           97188 kB
Cached:          1208576 kB
MemTotal:        1844596 kB
MemFree:          163152 kB
MemAvailable:    1445652 kB
Buffers:           97188 kB
Cached:          1208576 kB
MemTotal:        1844596 kB
MemFree:          163404 kB
MemAvailable:    1445904 kB
Buffers:           97188 kB
Cached:          1208576 kB
MemTotal:        1844596 kB
MemFree:          163332 kB
MemAvailable:    1445832 kB
Buffers:           97188 kB
Cached:          1208576 kB
MemTotal:        1844596 kB
MemFree:          162168 kB
MemAvailable:    1444668 kB
Buffers:           97188 kB
Cached:          1208576 kB
MemTotal:        1844596 kB
MemFree:          161920 kB
MemAvailable:    1444420 kB
Buffers:           97188 kB
Cached:          1208576 kB
MemTotal:        1844596 kB
MemFree:          161604 kB
MemAvailable:    1444104 kB
Buffers:           97188 kB
Cached:          1208576 kB
MemTotal:        1844596 kB
MemFree:          161004 kB
MemAvailable:    1443504 kB
Buffers:           97188 kB
Cached:          1208576 kB
MemTotal:        1844596 kB
MemFree:          161492 kB
MemAvailable:    1443992 kB
Buffers:           97188 kB
Cached:          1208576 kB
MemTotal:        1844596 kB
MemFree:          159308 kB
MemAvailable:    1441808 kB
Buffers:           97188 kB
Cached:          1208576 kB
MemTotal:        1844596 kB
MemFree:          159520 kB
MemAvailable:    1442020 kB
Buffers:           97188 kB
Cached:          1208576 kB
MemTotal:        1844596 kB
MemFree:          154728 kB
MemAvailable:    1437228 kB
Buffers:           97188 kB
Cached:          1208576 kB
MemTotal:        1844596 kB
MemFree:          154812 kB
MemAvailable:    1437312 kB
Buffers:           97188 kB
Cached:          1208576 kB
MemTotal:        1844596 kB
MemFree:          150396 kB
MemAvailable:    1432896 kB
Buffers:           97188 kB
Cached:          1208576 kB
MemTotal:        1844596 kB
MemFree:          147420 kB
MemAvailable:    1429920 kB
Buffers:           97188 kB
Cached:          1208576 kB
MemTotal:        1844596 kB
MemFree:          145000 kB
MemAvailable:    1427500 kB
Buffers:           97188 kB
Cached:          1208576 kB
MemTotal:        1844596 kB
MemFree:          143692 kB
MemAvailable:    1426192 kB
Buffers:           97188 kB
Cached:          1208576 kB
MemTotal:        1844596 kB
MemFree:          145112 kB
MemAvailable:    1427612 kB
Buffers:           97188 kB
Cached:          1208576 kB
MemTotal:        1844596 kB
MemFree:          144932 kB
MemAvailable:    1427432 kB
Buffers:           97188 kB
Cached:          1208576 kB
MemTotal:        1844596 kB
MemFree:          144860 kB
MemAvailable:    1427360 kB
Buffers:           97188 kB
Cached:          1208576 kB
MemTotal:        1844596 kB
MemFree:          143444 kB
MemAvailable:    1425944 kB
Buffers:           97188 kB
Cached:          1208576 kB
MemTotal:        1844596 kB
MemFree:          144520 kB
MemAvailable:    1427024 kB
Buffers:           97188 kB
Cached:          1208580 kB
MemTotal:        1844596 kB
MemFree:          144452 kB
MemAvailable:    1426956 kB
Buffers:           97188 kB
Cached:          1208580 kB
MemTotal:        1844596 kB
MemFree:          144388 kB
MemAvailable:    1426892 kB
Buffers:           97188 kB
Cached:          1208580 kB
MemTotal:        1844596 kB
MemFree:          143700 kB
MemAvailable:    1426204 kB
Buffers:           97188 kB
Cached:          1208580 kB
MemTotal:        1844596 kB
MemFree:          144436 kB
MemAvailable:    1426940 kB
Buffers:           97188 kB
Cached:          1208580 kB
MemTotal:        1844596 kB
MemFree:          144692 kB
MemAvailable:    1427196 kB
Buffers:           97188 kB
Cached:          1208580 kB
MemTotal:        1844596 kB
MemFree:          144304 kB
MemAvailable:    1426808 kB
Buffers:           97188 kB
Cached:          1208580 kB
MemTotal:        1844596 kB
MemFree:          144072 kB
MemAvailable:    1426576 kB
Buffers:           97188 kB
Cached:          1208580 kB
MemTotal:        1844596 kB
MemFree:          143952 kB
MemAvailable:    1426456 kB
Buffers:           97188 kB
Cached:          1208580 kB
MemTotal:        1844596 kB
MemFree:          143820 kB
MemAvailable:    1426324 kB
Buffers:           97188 kB
Cached:          1208580 kB
MemTotal:        1844596 kB
MemFree:          143856 kB
MemAvailable:    1426360 kB
Buffers:           97188 kB
Cached:          1208580 kB
MemTotal:        1844596 kB
MemFree:          142256 kB
MemAvailable:    1424760 kB
Buffers:           97188 kB
Cached:          1208580 kB
MemTotal:        1844596 kB
MemFree:          142548 kB
MemAvailable:    1425052 kB
Buffers:           97188 kB
Cached:          1208580 kB
MemTotal:        1844596 kB
MemFree:          143832 kB
MemAvailable:    1426336 kB
Buffers:           97188 kB
Cached:          1208580 kB
MemTotal:        1844596 kB
MemFree:          143780 kB
MemAvailable:    1426284 kB
Buffers:           97188 kB
Cached:          1208580 kB
MemTotal:        1844596 kB
MemFree:          143520 kB
MemAvailable:    1426024 kB
Buffers:           97188 kB
Cached:          1208580 kB
MemTotal:        1844596 kB
MemFree:          143520 kB
MemAvailable:    1426024 kB
Buffers:           97188 kB
Cached:          1208580 kB
MemTotal:        1844596 kB
MemFree:          143556 kB
MemAvailable:    1426060 kB
Buffers:           97188 kB
Cached:          1208580 kB
MemTotal:        1844596 kB
MemFree:          143892 kB
MemAvailable:    1426396 kB
Buffers:           97188 kB
Cached:          1208580 kB
MemTotal:        1844596 kB
MemFree:          143508 kB
MemAvailable:    1426012 kB
Buffers:           97188 kB
Cached:          1208580 kB
MemTotal:        1844596 kB
MemFree:          143676 kB
MemAvailable:    1426180 kB
Buffers:           97188 kB
Cached:          1208580 kB
MemTotal:        1844596 kB
MemFree:          143568 kB
MemAvailable:    1426072 kB
Buffers:           97188 kB
Cached:          1208580 kB
MemTotal:        1844596 kB
MemFree:          142536 kB
MemAvailable:    1425040 kB
Buffers:           97188 kB
Cached:          1208580 kB
MemTotal:        1844596 kB
MemFree:          143688 kB
MemAvailable:    1426192 kB
Buffers:           97188 kB
Cached:          1208580 kB
MemTotal:        1844596 kB
MemFree:          142832 kB
MemAvailable:    1425336 kB
Buffers:           97188 kB
Cached:          1208580 kB
MemTotal:        1844596 kB
MemFree:          143508 kB
MemAvailable:    1426012 kB
Buffers:           97188 kB
Cached:          1208580 kB
MemTotal:        1844596 kB
MemFree:          143844 kB
MemAvailable:    1426348 kB
Buffers:           97188 kB
Cached:          1208580 kB
MemTotal:        1844596 kB
MemFree:          137756 kB
MemAvailable:    1420264 kB
Buffers:           97188 kB
Cached:          1208584 kB
MemTotal:        1844596 kB
MemFree:          135400 kB
MemAvailable:    1417908 kB
Buffers:           97188 kB
Cached:          1208584 kB
MemTotal:        1844596 kB
MemFree:          131672 kB
MemAvailable:    1414180 kB
Buffers:           97188 kB
Cached:          1208584 kB
MemTotal:        1844596 kB
MemFree:          131672 kB
MemAvailable:    1414180 kB
Buffers:           97188 kB
Cached:          1208584 kB
MemTotal:        1844596 kB
MemFree:          127092 kB
MemAvailable:    1409600 kB
Buffers:           97188 kB
Cached:          1208584 kB
MemTotal:        1844596 kB
MemFree:          125664 kB
MemAvailable:    1408172 kB
Buffers:           97188 kB
Cached:          1208584 kB
MemTotal:        1844596 kB
MemFree:          125596 kB
MemAvailable:    1408104 kB
Buffers:           97188 kB
Cached:          1208584 kB
MemTotal:        1844596 kB
MemFree:          124356 kB
MemAvailable:    1406864 kB
Buffers:           97188 kB
Cached:          1208584 kB
MemTotal:        1844596 kB
MemFree:          125664 kB
MemAvailable:    1408172 kB
Buffers:           97188 kB
Cached:          1208584 kB
MemTotal:        1844596 kB
MemFree:          124232 kB
MemAvailable:    1406740 kB
Buffers:           97188 kB
Cached:          1208584 kB
MemTotal:        1844596 kB
MemFree:          125548 kB
MemAvailable:    1408056 kB
Buffers:           97188 kB
Cached:          1208584 kB
MemTotal:        1844596 kB
MemFree:          125468 kB
MemAvailable:    1407976 kB
Buffers:           97188 kB
Cached:          1208584 kB
MemTotal:        1844596 kB
MemFree:          125480 kB
MemAvailable:    1407988 kB
Buffers:           97188 kB
Cached:          1208584 kB
MemTotal:        1844596 kB
MemFree:          125276 kB
MemAvailable:    1407784 kB
Buffers:           97188 kB
Cached:          1208584 kB
MemTotal:        1844596 kB
MemFree:          125528 kB
MemAvailable:    1408036 kB
Buffers:           97188 kB
Cached:          1208584 kB
MemTotal:        1844596 kB
MemFree:          125552 kB
MemAvailable:    1408060 kB
Buffers:           97188 kB
Cached:          1208584 kB
MemTotal:        1844596 kB
MemFree:          125588 kB
MemAvailable:    1408096 kB
Buffers:           97188 kB
Cached:          1208584 kB
MemTotal:        1844596 kB
MemFree:          125292 kB
MemAvailable:    1407800 kB
Buffers:           97188 kB
Cached:          1208584 kB
MemTotal:        1844596 kB
MemFree:          124212 kB
MemAvailable:    1406720 kB
Buffers:           97188 kB
Cached:          1208584 kB
MemTotal:        1844596 kB
MemFree:          125356 kB
MemAvailable:    1407864 kB
Buffers:           97188 kB
Cached:          1208584 kB
MemTotal:        1844596 kB
MemFree:          124060 kB
MemAvailable:    1406568 kB
Buffers:           97188 kB
Cached:          1208584 kB
MemTotal:        1844596 kB
MemFree:          124060 kB
MemAvailable:    1406568 kB
Buffers:           97188 kB
Cached:          1208584 kB
MemTotal:        1844596 kB
MemFree:          124220 kB
MemAvailable:    1406728 kB
Buffers:           97188 kB
Cached:          1208584 kB
MemTotal:        1844596 kB
MemFree:          124220 kB
MemAvailable:    1406728 kB
Buffers:           97188 kB
Cached:          1208584 kB
MemTotal:        1844596 kB
MemFree:          125556 kB
MemAvailable:    1408064 kB
Buffers:           97188 kB
Cached:          1208584 kB
MemTotal:        1844596 kB
MemFree:          125520 kB
MemAvailable:    1408028 kB
Buffers:           97188 kB
Cached:          1208584 kB
MemTotal:        1844596 kB
MemFree:          124488 kB
MemAvailable:    1406996 kB
Buffers:           97188 kB
Cached:          1208584 kB
MemTotal:        1844596 kB
MemFree:          125348 kB
MemAvailable:    1407856 kB
Buffers:           97188 kB
Cached:          1208584 kB
MemTotal:        1844596 kB
MemFree:          125600 kB
MemAvailable:    1408108 kB
Buffers:           97188 kB
Cached:          1208584 kB
MemTotal:        1844596 kB
MemFree:          124108 kB
MemAvailable:    1406616 kB
Buffers:           97188 kB
Cached:          1208584 kB
MemTotal:        1844596 kB
MemFree:          124192 kB
MemAvailable:    1406700 kB
Buffers:           97188 kB
Cached:          1208584 kB
MemTotal:        1844596 kB
MemFree:          125404 kB
MemAvailable:    1407912 kB
Buffers:           97188 kB
Cached:          1208584 kB
MemTotal:        1844596 kB
MemFree:          125340 kB
MemAvailable:    1407848 kB
Buffers:           97188 kB
Cached:          1208584 kB
MemTotal:        1844596 kB
MemFree:          125592 kB
MemAvailable:    1408100 kB
Buffers:           97188 kB
Cached:          1208584 kB
MemTotal:        1844596 kB
MemFree:          124224 kB
MemAvailable:    1406732 kB
Buffers:           97188 kB
Cached:          1208584 kB
MemTotal:        1844596 kB
MemFree:          125484 kB
MemAvailable:    1407992 kB
Buffers:           97188 kB
Cached:          1208584 kB
MemTotal:        1844596 kB
MemFree:          125416 kB
MemAvailable:    1407924 kB
Buffers:           97188 kB
Cached:          1208584 kB
MemTotal:        1844596 kB
MemFree:          125388 kB
MemAvailable:    1407896 kB
Buffers:           97188 kB
Cached:          1208584 kB
MemTotal:        1844596 kB
MemFree:          124240 kB
MemAvailable:    1406748 kB
Buffers:           97188 kB
Cached:          1208584 kB
MemTotal:        1844596 kB
MemFree:          120832 kB
MemAvailable:    1403340 kB
Buffers:           97188 kB
Cached:          1208584 kB
MemTotal:        1844596 kB
MemFree:          117296 kB
MemAvailable:    1399804 kB
Buffers:           97188 kB
Cached:          1208584 kB
MemTotal:        1844596 kB
MemFree:          112212 kB
MemAvailable:    1394720 kB
Buffers:           97188 kB
Cached:          1208584 kB
MemTotal:        1844596 kB
MemFree:          108552 kB
MemAvailable:    1391060 kB
Buffers:           97188 kB
Cached:          1208584 kB
MemTotal:        1844596 kB
MemFree:          108492 kB
MemAvailable:    1391000 kB
Buffers:           97188 kB
Cached:          1208584 kB
MemTotal:        1844596 kB
MemFree:          108476 kB
MemAvailable:    1390984 kB
Buffers:           97188 kB
Cached:          1208584 kB
MemTotal:        1844596 kB
MemFree:          108244 kB
MemAvailable:    1390752 kB
Buffers:           97188 kB
Cached:          1208584 kB
MemTotal:        1844596 kB
MemFree:          107112 kB
MemAvailable:    1389620 kB
Buffers:           97188 kB
Cached:          1208584 kB
MemTotal:        1844596 kB
MemFree:          107196 kB
MemAvailable:    1389704 kB
Buffers:           97188 kB
Cached:          1208584 kB
MemTotal:        1844596 kB
MemFree:          105708 kB
MemAvailable:    1388216 kB
Buffers:           97188 kB
Cached:          1208584 kB
MemTotal:        1844596 kB
MemFree:          106984 kB
MemAvailable:    1389492 kB
Buffers:           97188 kB
Cached:          1208584 kB
MemTotal:        1844596 kB
MemFree:          107236 kB
MemAvailable:    1389744 kB
Buffers:           97188 kB
Cached:          1208584 kB
MemTotal:        1844596 kB
MemFree:          106872 kB
MemAvailable:    1389380 kB
Buffers:           97188 kB
Cached:          1208584 kB
MemTotal:        1844596 kB
MemFree:          106624 kB
MemAvailable:    1389132 kB
Buffers:           97188 kB
Cached:          1208584 kB
MemTotal:        1844596 kB
MemFree:          106880 kB
MemAvailable:    1389388 kB
Buffers:           97188 kB
Cached:          1208584 kB
MemTotal:        1844596 kB
MemFree:          106444 kB
MemAvailable:    1388952 kB
Buffers:           97188 kB
Cached:          1208584 kB
MemTotal:        1844596 kB
MemFree:          106136 kB
MemAvailable:    1388644 kB
Buffers:           97188 kB
Cached:          1208584 kB
MemTotal:        1844596 kB
MemFree:          106380 kB
MemAvailable:    1388888 kB
Buffers:           97188 kB
Cached:          1208584 kB
MemTotal:        1844596 kB
MemFree:          104904 kB
MemAvailable:    1387412 kB
Buffers:           97188 kB
Cached:          1208584 kB
MemTotal:        1844596 kB
MemFree:          105452 kB
MemAvailable:    1387960 kB
Buffers:           97188 kB
Cached:          1208584 kB
MemTotal:        1844596 kB
MemFree:          105268 kB
MemAvailable:    1387776 kB
Buffers:           97188 kB
Cached:          1208584 kB
MemTotal:        1844596 kB
MemFree:          105080 kB
MemAvailable:    1387588 kB
Buffers:           97188 kB
Cached:          1208584 kB
MemTotal:        1844596 kB
MemFree:          104260 kB
MemAvailable:    1386768 kB
Buffers:           97188 kB
Cached:          1208584 kB
MemTotal:        1844596 kB
MemFree:          103532 kB
MemAvailable:    1386040 kB
Buffers:           97188 kB
Cached:          1208584 kB
MemTotal:        1844596 kB
MemFree:          103972 kB
MemAvailable:    1386480 kB
Buffers:           97188 kB
Cached:          1208584 kB
MemTotal:        1844596 kB
MemFree:          103408 kB
MemAvailable:    1385916 kB
Buffers:           97188 kB
Cached:          1208584 kB
MemTotal:        1844596 kB
MemFree:          102044 kB
MemAvailable:    1384552 kB
Buffers:           97188 kB
Cached:          1208584 kB
MemTotal:        1844596 kB
MemFree:          101784 kB
MemAvailable:    1384292 kB
Buffers:           97188 kB
Cached:          1208584 kB
MemTotal:        1844596 kB
MemFree:          101868 kB
MemAvailable:    1384376 kB
Buffers:           97188 kB
Cached:          1208584 kB
MemTotal:        1844596 kB
MemFree:           99816 kB
MemAvailable:    1382324 kB
Buffers:           97188 kB
Cached:          1208584 kB
MemTotal:        1844596 kB
MemFree:          100916 kB
MemAvailable:    1383424 kB
Buffers:           97188 kB
Cached:          1208584 kB
MemTotal:        1844596 kB
MemFree:          100296 kB
MemAvailable:    1382804 kB
Buffers:           97188 kB
Cached:          1208584 kB
MemTotal:        1844596 kB
MemFree:          100756 kB
MemAvailable:    1383268 kB
Buffers:           97188 kB
Cached:          1208592 kB
MemTotal:        1844596 kB
MemFree:          100688 kB
MemAvailable:    1383200 kB
Buffers:           97188 kB
Cached:          1208592 kB
MemTotal:        1844596 kB
MemFree:          100816 kB
MemAvailable:    1383328 kB
Buffers:           97188 kB
Cached:          1208592 kB
MemTotal:        1844596 kB
MemFree:          100784 kB
MemAvailable:    1383296 kB
Buffers:           97188 kB
Cached:          1208592 kB
MemTotal:        1844596 kB
MemFree:          100936 kB
MemAvailable:    1383448 kB
Buffers:           97188 kB
Cached:          1208592 kB
MemTotal:        1844596 kB
MemFree:          100316 kB
MemAvailable:    1382828 kB
Buffers:           97188 kB
Cached:          1208592 kB
MemTotal:        1844596 kB
MemFree:           99508 kB
MemAvailable:    1382020 kB
Buffers:           97188 kB
Cached:          1208592 kB
MemTotal:        1844596 kB
MemFree:           98332 kB
MemAvailable:    1380844 kB
Buffers:           97188 kB
Cached:          1208592 kB
MemTotal:        1844596 kB
MemFree:           99132 kB
MemAvailable:    1381644 kB
Buffers:           97188 kB
Cached:          1208592 kB
MemTotal:        1844596 kB
MemFree:           99076 kB
MemAvailable:    1381588 kB
Buffers:           97188 kB
Cached:          1208592 kB
MemTotal:        1844596 kB
MemFree:           99372 kB
MemAvailable:    1381884 kB
Buffers:           97188 kB
Cached:          1208592 kB
MemTotal:        1844596 kB
MemFree:           98064 kB
MemAvailable:    1380576 kB
Buffers:           97188 kB
Cached:          1208592 kB
MemTotal:        1844596 kB
MemFree:           99240 kB
MemAvailable:    1381752 kB
Buffers:           97188 kB
Cached:          1208592 kB
MemTotal:        1844596 kB
MemFree:           98264 kB
MemAvailable:    1380776 kB
Buffers:           97188 kB
Cached:          1208592 kB
MemTotal:        1844596 kB
MemFree:           98016 kB
MemAvailable:    1380528 kB
Buffers:           97188 kB
Cached:          1208592 kB
MemTotal:        1844596 kB
MemFree:           99168 kB
MemAvailable:    1381680 kB
Buffers:           97188 kB
Cached:          1208592 kB
MemTotal:        1844596 kB
MemFree:           99168 kB
MemAvailable:    1381680 kB
Buffers:           97188 kB
Cached:          1208592 kB
MemTotal:        1844596 kB
MemFree:           99236 kB
MemAvailable:    1381748 kB
Buffers:           97188 kB
Cached:          1208592 kB
MemTotal:        1844596 kB
MemFree:           99404 kB
MemAvailable:    1381916 kB
Buffers:           97188 kB
Cached:          1208592 kB
MemTotal:        1844596 kB
MemFree:           99276 kB
MemAvailable:    1381788 kB
Buffers:           97188 kB
Cached:          1208592 kB
MemTotal:        1844596 kB
MemFree:           99248 kB
MemAvailable:    1381760 kB
Buffers:           97188 kB
Cached:          1208592 kB
MemTotal:        1844596 kB
MemFree:           98588 kB
MemAvailable:    1381100 kB
Buffers:           97188 kB
Cached:          1208592 kB
MemTotal:        1844596 kB
MemFree:           99184 kB
MemAvailable:    1381696 kB
Buffers:           97188 kB
Cached:          1208592 kB
MemTotal:        1844596 kB
MemFree:           99396 kB
MemAvailable:    1381908 kB
Buffers:           97188 kB
Cached:          1208592 kB
MemTotal:        1844596 kB
MemFree:           98028 kB
MemAvailable:    1380540 kB
Buffers:           97188 kB
Cached:          1208592 kB
MemTotal:        1844596 kB
MemFree:           98028 kB
MemAvailable:    1380540 kB
Buffers:           97188 kB
Cached:          1208592 kB
MemTotal:        1844596 kB
MemFree:           99264 kB
MemAvailable:    1381776 kB
Buffers:           97188 kB
Cached:          1208592 kB
MemTotal:        1844596 kB
MemFree:           98704 kB
MemAvailable:    1381216 kB
Buffers:           97188 kB
Cached:          1208592 kB
MemTotal:        1844596 kB
MemFree:           99184 kB
MemAvailable:    1381696 kB
Buffers:           97188 kB
Cached:          1208592 kB
MemTotal:        1844596 kB
MemFree:           99200 kB
MemAvailable:    1381712 kB
Buffers:           97188 kB
Cached:          1208592 kB
MemTotal:        1844596 kB
MemFree:           99196 kB
MemAvailable:    1381708 kB
Buffers:           97188 kB
Cached:          1208592 kB
MemTotal:        1844596 kB
MemFree:           98188 kB
MemAvailable:    1380700 kB
Buffers:           97188 kB
Cached:          1208592 kB
MemTotal:        1844596 kB
MemFree:           98064 kB
MemAvailable:    1380576 kB
Buffers:           97188 kB
Cached:          1208592 kB
MemTotal:        1844596 kB
MemFree:           97932 kB
MemAvailable:    1380444 kB
Buffers:           97188 kB
Cached:          1208592 kB
MemTotal:        1844596 kB
MemFree:           99192 kB
MemAvailable:    1381704 kB
Buffers:           97188 kB
Cached:          1208592 kB
MemTotal:        1844596 kB
MemFree:           97884 kB
MemAvailable:    1380396 kB
Buffers:           97188 kB
Cached:          1208592 kB
MemTotal:        1844596 kB
MemFree:           99112 kB
MemAvailable:    1381624 kB
Buffers:           97188 kB
Cached:          1208592 kB
MemTotal:        1844596 kB
MemFree:           99280 kB
MemAvailable:    1381792 kB
Buffers:           97188 kB
Cached:          1208592 kB
MemTotal:        1844596 kB
MemFree:           99240 kB
MemAvailable:    1381752 kB
Buffers:           97188 kB
Cached:          1208592 kB
MemTotal:        1844596 kB
MemFree:           98024 kB
MemAvailable:    1380536 kB
Buffers:           97188 kB
Cached:          1208592 kB
MemTotal:        1844596 kB
MemFree:           99260 kB
MemAvailable:    1381772 kB
Buffers:           97188 kB
Cached:          1208592 kB
MemTotal:        1844596 kB
MemFree:           99312 kB
MemAvailable:    1381824 kB
Buffers:           97188 kB
Cached:          1208592 kB
MemTotal:        1844596 kB
MemFree:           97960 kB
MemAvailable:    1380472 kB
Buffers:           97188 kB
Cached:          1208592 kB
MemTotal:        1844596 kB
MemFree:           98036 kB
MemAvailable:    1380548 kB
Buffers:           97188 kB
Cached:          1208592 kB
MemTotal:        1844596 kB
MemFree:           99212 kB
MemAvailable:    1381724 kB
Buffers:           97188 kB
Cached:          1208592 kB
MemTotal:        1844596 kB
MemFree:           99212 kB
MemAvailable:    1381724 kB
Buffers:           97188 kB
Cached:          1208592 kB
MemTotal:        1844596 kB
MemFree:           99332 kB
MemAvailable:    1381844 kB
Buffers:           97188 kB
Cached:          1208592 kB
MemTotal:        1844596 kB
MemFree:           97960 kB
MemAvailable:    1380472 kB
Buffers:           97188 kB
Cached:          1208592 kB
MemTotal:        1844596 kB
MemFree:           95604 kB
MemAvailable:    1378116 kB
Buffers:           97188 kB
Cached:          1208592 kB
MemTotal:        1844596 kB
MemFree:           93372 kB
MemAvailable:    1375884 kB
Buffers:           97188 kB
Cached:          1208592 kB
MemTotal:        1844596 kB
MemFree:           90024 kB
MemAvailable:    1372536 kB
Buffers:           97188 kB
Cached:          1208592 kB
MemTotal:        1844596 kB
MemFree:           86048 kB
MemAvailable:    1368560 kB
Buffers:           97188 kB
Cached:          1208592 kB
MemTotal:        1844596 kB
MemFree:           86132 kB
MemAvailable:    1368644 kB
Buffers:           97188 kB
Cached:          1208592 kB
MemTotal:        1844596 kB
MemFree:           81716 kB
MemAvailable:    1364228 kB
Buffers:           97188 kB
Cached:          1208592 kB
MemTotal:        1844596 kB
MemFree:           78864 kB
MemAvailable:    1361376 kB
Buffers:           97188 kB
Cached:          1208592 kB
MemTotal:        1844596 kB
MemFree:           79848 kB
MemAvailable:    1362360 kB
Buffers:           97188 kB
Cached:          1208592 kB
MemTotal:        1844596 kB
MemFree:           79932 kB
MemAvailable:    1362444 kB
Buffers:           97188 kB
Cached:          1208592 kB
MemTotal:        1844596 kB
MemFree:           79716 kB
MemAvailable:    1362228 kB
Buffers:           97188 kB
Cached:          1208592 kB
MemTotal:        1844596 kB
MemFree:           79484 kB
MemAvailable:    1361996 kB
Buffers:           97188 kB
Cached:          1208592 kB
MemTotal:        1844596 kB
MemFree:           79544 kB
MemAvailable:    1362056 kB
Buffers:           97188 kB
Cached:          1208592 kB
MemTotal:        1844596 kB
MemFree:           79800 kB
MemAvailable:    1362312 kB
Buffers:           97188 kB
Cached:          1208592 kB
MemTotal:        1844596 kB
MemFree:           78680 kB
MemAvailable:    1361192 kB
Buffers:           97188 kB
Cached:          1208592 kB
MemTotal:        1844596 kB
MemFree:           79708 kB
MemAvailable:    1362220 kB
Buffers:           97188 kB
Cached:          1208592 kB
MemTotal:        1844596 kB
MemFree:           78544 kB
MemAvailable:    1361056 kB
Buffers:           97188 kB
Cached:          1208592 kB
MemTotal:        1844596 kB
MemFree:           79908 kB
MemAvailable:    1362420 kB
Buffers:           97188 kB
Cached:          1208592 kB
MemTotal:        1844596 kB
MemFree:           79688 kB
MemAvailable:    1362200 kB
Buffers:           97188 kB
Cached:          1208592 kB
MemTotal:        1844596 kB
MemFree:           79608 kB
MemAvailable:    1362120 kB
Buffers:           97188 kB
Cached:          1208592 kB
MemTotal:        1844596 kB
MemFree:           79736 kB
MemAvailable:    1362248 kB
Buffers:           97188 kB
Cached:          1208592 kB
MemTotal:        1844596 kB
MemFree:           79480 kB
MemAvailable:    1361992 kB
Buffers:           97188 kB
Cached:          1208592 kB
MemTotal:        1844596 kB
MemFree:           78872 kB
MemAvailable:    1361384 kB
Buffers:           97188 kB
Cached:          1208592 kB
MemTotal:        1844596 kB
MemFree:           79484 kB
MemAvailable:    1361996 kB
Buffers:           97188 kB
Cached:          1208592 kB
MemTotal:        1844596 kB
MemFree:           79172 kB
MemAvailable:    1361684 kB
Buffers:           97188 kB
Cached:          1208592 kB
MemTotal:        1844596 kB
MemFree:           79508 kB
MemAvailable:    1362020 kB
Buffers:           97188 kB
Cached:          1208592 kB
MemTotal:        1844596 kB
MemFree:           79432 kB
MemAvailable:    1361944 kB
Buffers:           97188 kB
Cached:          1208592 kB
MemTotal:        1844596 kB
MemFree:           79344 kB
MemAvailable:    1361868 kB
Buffers:           97188 kB
Cached:          1208604 kB
MemTotal:        1844596 kB
MemFree:           79236 kB
MemAvailable:    1361760 kB
Buffers:           97188 kB
Cached:          1208604 kB
MemTotal:        1844596 kB
MemFree:           78064 kB
MemAvailable:    1360588 kB
Buffers:           97188 kB
Cached:          1208604 kB
MemTotal:        1844596 kB
MemFree:           79048 kB
MemAvailable:    1361572 kB
Buffers:           97188 kB
Cached:          1208604 kB
MemTotal:        1844596 kB
MemFree:           78600 kB
MemAvailable:    1361124 kB
Buffers:           97188 kB
Cached:          1208604 kB
MemTotal:        1844596 kB
MemFree:           78492 kB
MemAvailable:    1361016 kB
Buffers:           97188 kB
Cached:          1208604 kB
MemTotal:        1844596 kB
MemFree:           75516 kB
MemAvailable:    1358040 kB
Buffers:           97188 kB
Cached:          1208604 kB
MemTotal:        1844596 kB
MemFree:           68140 kB
MemAvailable:    1350664 kB
Buffers:           97188 kB
Cached:          1208604 kB
MemTotal:        1844596 kB
MemFree:           68140 kB
MemAvailable:    1350664 kB
Buffers:           97188 kB
Cached:          1208604 kB
MemTotal:        1844596 kB
MemFree:           68796 kB
MemAvailable:    1351320 kB
Buffers:           97188 kB
Cached:          1208604 kB
MemTotal:        1844596 kB
MemFree:           69448 kB
MemAvailable:    1351972 kB
Buffers:           97188 kB
Cached:          1208604 kB
MemTotal:        1844596 kB
MemFree:           69256 kB
MemAvailable:    1351780 kB
Buffers:           97188 kB
Cached:          1208604 kB
MemTotal:        1844596 kB
MemFree:           69312 kB
MemAvailable:    1351836 kB
Buffers:           97188 kB
Cached:          1208604 kB
MemTotal:        1844596 kB
MemFree:           69480 kB
MemAvailable:    1352004 kB
Buffers:           97188 kB
Cached:          1208604 kB
MemTotal:        1844596 kB
MemFree:           68132 kB
MemAvailable:    1350656 kB
Buffers:           97188 kB
Cached:          1208604 kB
MemTotal:        1844596 kB
MemFree:           67600 kB
MemAvailable:    1350124 kB
Buffers:           97188 kB
Cached:          1208604 kB
MemTotal:        1844596 kB
MemFree:           67600 kB
MemAvailable:    1350124 kB
Buffers:           97188 kB
Cached:          1208604 kB
MemTotal:        1844596 kB
MemFree:           67160 kB
MemAvailable:    1349684 kB
Buffers:           97188 kB
Cached:          1208604 kB
MemTotal:        1844596 kB
MemFree:           67492 kB
MemAvailable:    1350100 kB
Buffers:           97188 kB
Cached:          1208728 kB
MemTotal:        1844596 kB
MemFree:           66008 kB
MemAvailable:    1348680 kB
Buffers:           97188 kB
Cached:          1208728 kB
MemTotal:        1844596 kB
MemFree:           66872 kB
MemAvailable:    1349732 kB
Buffers:           97188 kB
Cached:          1208852 kB
MemTotal:        1844596 kB
MemFree:           67292 kB
MemAvailable:    1350152 kB
Buffers:           97188 kB
Cached:          1208852 kB
MemTotal:        1844596 kB
MemFree:           66908 kB
MemAvailable:    1349936 kB
Buffers:           97188 kB
Cached:          1209100 kB
MemTotal:        1844596 kB
MemFree:           67068 kB
MemAvailable:    1350096 kB
Buffers:           97188 kB
Cached:          1209100 kB
MemTotal:        1844596 kB
MemFree:           66936 kB
MemAvailable:    1350048 kB
Buffers:           97188 kB
Cached:          1209100 kB
MemTotal:        1844596 kB
MemFree:           65452 kB
MemAvailable:    1348564 kB
Buffers:           97188 kB
Cached:          1209224 kB
MemTotal:        1844596 kB
MemFree:           66628 kB
MemAvailable:    1349740 kB
Buffers:           97188 kB
Cached:          1209224 kB
MemTotal:        1844596 kB
MemFree:           66572 kB
MemAvailable:    1349684 kB
Buffers:           97188 kB
Cached:          1209224 kB
MemTotal:        1844596 kB
MemFree:           66412 kB
MemAvailable:    1349524 kB
Buffers:           97188 kB
Cached:          1209224 kB
MemTotal:        1844596 kB
MemFree:           65336 kB
MemAvailable:    1348448 kB
Buffers:           97188 kB
Cached:          1209224 kB
MemTotal:        1844596 kB
MemFree:           65816 kB
MemAvailable:    1348928 kB
Buffers:           97188 kB
Cached:          1209224 kB
MemTotal:        1844596 kB
MemFree:           66452 kB
MemAvailable:    1349732 kB
Buffers:           97188 kB
Cached:          1209472 kB
MemTotal:        1844596 kB
MemFree:           66048 kB
MemAvailable:    1348572 kB
Buffers:           97188 kB
Cached:          1208632 kB
MemTotal:        1844596 kB
MemFree:          144936 kB
MemAvailable:    1427460 kB
Buffers:           97188 kB
Cached:          1208632 kB
MemTotal:        1844596 kB
MemFree:          145156 kB
MemAvailable:    1427680 kB
Buffers:           97188 kB
Cached:          1208632 kB
MemTotal:        1844596 kB
MemFree:          260104 kB
MemAvailable:    1542628 kB
Buffers:           97188 kB
Cached:          1208632 kB
