MemTotal:        1844596 kB
MemFree:          263328 kB
MemAvailable:    1544308 kB
Buffers:           97376 kB
Cached:          1206696 kB
MemTotal:        1844596 kB
MemFree:          236652 kB
MemAvailable:    1517604 kB
Buffers:           97376 kB
Cached:          1206672 kB
MemTotal:        1844596 kB
MemFree:          233412 kB
MemAvailable:    1514364 kB
Buffers:           97376 kB
Cached:          1206672 kB
MemTotal:        1844596 kB
MemFree:          235164 kB
MemAvailable:    1516116 kB
Buffers:           97376 kB
Cached:          1206672 kB
MemTotal:        1844596 kB
MemFree:          232172 kB
MemAvailable:    1513124 kB
Buffers:           97376 kB
Cached:          1206672 kB
MemTotal:        1844596 kB
MemFree:          232508 kB
MemAvailable:    1513460 kB
Buffers:           97376 kB
Cached:          1206672 kB
MemTotal:        1844596 kB
MemFree:          230188 kB
MemAvailable:    1511140 kB
Buffers:           97376 kB
Cached:          1206672 kB
MemTotal:        1844596 kB
MemFree:          230272 kB
MemAvailable:    1511224 kB
Buffers:           97376 kB
Cached:          1206672 kB
MemTotal:        1844596 kB
MemFree:          225864 kB
MemAvailable:    1506816 kB
Buffers:           97376 kB
Cached:          1206672 kB
MemTotal:        1844596 kB
MemFree:          221756 kB
MemAvailable:    1502708 kB
Buffers:           97376 kB
Cached:          1206672 kB
MemTotal:        1844596 kB
MemFree:          221648 kB
MemAvailable:    1502600 kB
Buffers:           97376 kB
Cached:          1206672 kB
MemTotal:        1844596 kB
MemFree:          223500 kB
MemAvailable:    1504452 kB
Buffers:           97376 kB
Cached:          1206672 kB
MemTotal:        1844596 kB
MemFree:          223836 kB
MemAvailable:    1504788 kB
Buffers:           97376 kB
Cached:          1206672 kB
MemTotal:        1844596 kB
MemFree:          223088 kB
MemAvailable:    1504040 kB
Buffers:           97376 kB
Cached:          1206672 kB
MemTotal:        1844596 kB
MemFree:          223644 kB
MemAvailable:    1504596 kB
Buffers:           97376 kB
Cached:          1206672 kB
MemTotal:        1844596 kB
MemFree:          223520 kB
MemAvailable:    1504472 kB
Buffers:           97376 kB
Cached:          1206672 kB
MemTotal:        1844596 kB
MemFree:          223196 kB
MemAvailable:    1504148 kB
Buffers:           97376 kB
Cached:          1206672 kB
MemTotal:        1844596 kB
MemFree:          223144 kB
MemAvailable:    1504096 kB
Buffers:           97376 kB
Cached:          1206672 kB
MemTotal:        1844596 kB
MemFree:          223088 kB
MemAvailable:    1504040 kB
Buffers:           97376 kB
Cached:          1206672 kB
MemTotal:        1844596 kB
MemFree:          222860 kB
MemAvailable:    1503812 kB
Buffers:           97376 kB
Cached:          1206672 kB
MemTotal:        1844596 kB
MemFree:          223028 kB
MemAvailable:    1503980 kB
Buffers:           97376 kB
Cached:          1206672 kB
MemTotal:        1844596 kB
MemFree:          221584 kB
MemAvailable:    1502536 kB
Buffers:           97376 kB
Cached:          1206672 kB
MemTotal:        1844596 kB
MemFree:          222876 kB
MemAvailable:    1503828 kB
Buffers:           97376 kB
Cached:          1206672 kB
MemTotal:        1844596 kB
MemFree:          222452 kB
MemAvailable:    1503404 kB
Buffers:           97376 kB
Cached:          1206672 kB
MemTotal:        1844596 kB
MemFree:          221508 kB
MemAvailable:    1502460 kB
Buffers:           97376 kB
Cached:          1206672 kB
MemTotal:        1844596 kB
MemFree:          220904 kB
MemAvailable:    1501856 kB
Buffers:           97376 kB
Cached:          1206672 kB
MemTotal:        1844596 kB
MemFree:          222192 kB
MemAvailable:    1503144 kB
Buffers:           97376 kB
Cached:          1206672 kB
MemTotal:        1844596 kB
MemFree:          220652 kB
MemAvailable:    1501604 kB
Buffers:           97376 kB
Cached:          1206672 kB
MemTotal:        1844596 kB
MemFree:          221720 kB
MemAvailable:    1502672 kB
Buffers:           97376 kB
Cached:          1206672 kB
MemTotal:        1844596 kB
MemFree:          220536 kB
MemAvailable:    1501488 kB
Buffers:           97376 kB
Cached:          1206672 kB
MemTotal:        1844596 kB
MemFree:          221036 kB
MemAvailable:    1501988 kB
Buffers:           97376 kB
Cached:          1206672 kB
MemTotal:        1844596 kB
MemFree:          219604 kB
MemAvailable:    1500556 kB
Buffers:           97376 kB
Cached:          1206672 kB
MemTotal:        1844596 kB
MemFree:          220648 kB
MemAvailable:    1501600 kB
Buffers:           97376 kB
Cached:          1206672 kB
MemTotal:        1844596 kB
MemFree:          220444 kB
MemAvailable:    1501396 kB
Buffers:           97376 kB
Cached:          1206672 kB
MemTotal:        1844596 kB
MemFree:          220584 kB
MemAvailable:    1501536 kB
Buffers:           97376 kB
Cached:          1206672 kB
MemTotal:        1844596 kB
MemFree:          220644 kB
MemAvailable:    1501596 kB
Buffers:           97376 kB
Cached:          1206672 kB
MemTotal:        1844596 kB
MemFree:          219116 kB
MemAvailable:    1500068 kB
Buffers:           97376 kB
Cached:          1206672 kB
MemTotal:        1844596 kB
MemFree:          220604 kB
MemAvailable:    1501556 kB
Buffers:           97376 kB
Cached:          1206672 kB
MemTotal:        1844596 kB
MemFree:          220700 kB
MemAvailable:    1501652 kB
Buffers:           97376 kB
Cached:          1206672 kB
MemTotal:        1844596 kB
MemFree:          220528 kB
MemAvailable:    1501480 kB
Buffers:           97376 kB
Cached:          1206672 kB
MemTotal:        1844596 kB
MemFree:          217620 kB
MemAvailable:    1498572 kB
Buffers:           97376 kB
Cached:          1206672 kB
MemTotal:        1844596 kB
MemFree:          215452 kB
MemAvailable:    1496404 kB
Buffers:           97376 kB
Cached:          1206672 kB
MemTotal:        1844596 kB
MemFree:          215188 kB
MemAvailable:    1496140 kB
Buffers:           97376 kB
Cached:          1206672 kB
MemTotal:        1844596 kB
MemFree:          215440 kB
MemAvailable:    1496392 kB
Buffers:           97376 kB
Cached:          1206672 kB
MemTotal:        1844596 kB
MemFree:          215116 kB
MemAvailable:    1496072 kB
Buffers:           97376 kB
Cached:          1206676 kB
MemTotal:        1844596 kB
MemFree:          215088 kB
MemAvailable:    1496044 kB
Buffers:           97376 kB
Cached:          1206676 kB
MemTotal:        1844596 kB
MemFree:          213916 kB
MemAvailable:    1494872 kB
Buffers:           97376 kB
Cached:          1206676 kB
MemTotal:        1844596 kB
MemFree:          213656 kB
MemAvailable:    1494612 kB
Buffers:           97376 kB
Cached:          1206676 kB
MemTotal:        1844596 kB
MemFree:          215136 kB
MemAvailable:    1496092 kB
Buffers:           97376 kB
Cached:          1206676 kB
MemTotal:        1844596 kB
MemFree:          215080 kB
MemAvailable:    1496036 kB
Buffers:           97376 kB
Cached:          1206676 kB
MemTotal:        1844596 kB
MemFree:          213980 kB
MemAvailable:    1494936 kB
Buffers:           97376 kB
Cached:          1206676 kB
MemTotal:        1844596 kB
MemFree:          214708 kB
MemAvailable:    1495664 kB
Buffers:           97376 kB
Cached:          1206676 kB
MemTotal:        1844596 kB
MemFree:          214964 kB
MemAvailable:    1495920 kB
Buffers:           97376 kB
Cached:          1206676 kB
MemTotal:        1844596 kB
MemFree:          214700 kB
MemAvailable:    1495656 kB
Buffers:           97376 kB
Cached:          1206676 kB
MemTotal:        1844596 kB
MemFree:          214952 kB
MemAvailable:    1495908 kB
Buffers:           97376 kB
Cached:          1206676 kB
MemTotal:        1844596 kB
MemFree:          214828 kB
MemAvailable:    1495784 kB
Buffers:           97376 kB
Cached:          1206676 kB
MemTotal:        1844596 kB
MemFree:          211492 kB
MemAvailable:    1492448 kB
Buffers:           97376 kB
Cached:          1206676 kB
MemTotal:        1844596 kB
MemFree:          208996 kB
MemAvailable:    1489952 kB
Buffers:           97376 kB
Cached:          1206676 kB
MemTotal:        1844596 kB
MemFree:          208996 kB
MemAvailable:    1489952 kB
Buffers:           97376 kB
Cached:          1206676 kB
MemTotal:        1844596 kB
MemFree:          208760 kB
MemAvailable:    1489716 kB
Buffers:           97376 kB
Cached:          1206676 kB
MemTotal:        1844596 kB
MemFree:          208452 kB
MemAvailable:    1489408 kB
Buffers:           97376 kB
Cached:          1206676 kB
MemTotal:        1844596 kB
MemFree:          206640 kB
MemAvailable:    1487596 kB
Buffers:           97376 kB
Cached:          1206676 kB
MemTotal:        1844596 kB
MemFree:          206600 kB
MemAvailable:    1487556 kB
Buffers:           97376 kB
Cached:          1206676 kB
MemTotal:        1844596 kB
MemFree:          206516 kB
MemAvailable:    1487472 kB
Buffers:           97376 kB
Cached:          1206676 kB
MemTotal:        1844596 kB
MemFree:          206392 kB
MemAvailable:    1487348 kB
Buffers:           97376 kB
Cached:          1206676 kB
MemTotal:        1844596 kB
MemFree:          206400 kB
MemAvailable:    1487356 kB
Buffers:           97376 kB
Cached:          1206676 kB
MemTotal:        1844596 kB
MemFree:          205416 kB
MemAvailable:    1486372 kB
Buffers:           97376 kB
Cached:          1206676 kB
MemTotal:        1844596 kB
MemFree:          206248 kB
MemAvailable:    1487208 kB
Buffers:           97376 kB
Cached:          1206680 kB
MemTotal:        1844596 kB
MemFree:          204924 kB
MemAvailable:    1485884 kB
Buffers:           97376 kB
Cached:          1206680 kB
MemTotal:        1844596 kB
MemFree:          205992 kB
MemAvailable:    1486952 kB
Buffers:           97376 kB
Cached:          1206680 kB
MemTotal:        1844596 kB
MemFree:          205992 kB
MemAvailable:    1486952 kB
Buffers:           97376 kB
Cached:          1206680 kB
MemTotal:        1844596 kB
MemFree:          204668 kB
MemAvailable:    1485628 kB
Buffers:           97376 kB
Cached:          1206680 kB
MemTotal:        1844596 kB
MemFree:          204792 kB
MemAvailable:    1485752 kB
Buffers:           97376 kB
Cached:          1206680 kB
MemTotal:        1844596 kB
MemFree:          205960 kB
MemAvailable:    1486920 kB
Buffers:           97376 kB
Cached:          1206680 kB
MemTotal:        1844596 kB
MemFree:          205972 kB
MemAvailable:    1486932 kB
Buffers:           97376 kB
Cached:          1206680 kB
MemTotal:        1844596 kB
MemFree:          206140 kB
MemAvailable:    1487100 kB
Buffers:           97376 kB
Cached:          1206680 kB
MemTotal:        1844596 kB
MemFree:          205720 kB
MemAvailable:    1486680 kB
Buffers:           97376 kB
Cached:          1206680 kB
MemTotal:        1844596 kB
MemFree:          205296 kB
MemAvailable:    1486256 kB
Buffers:           97376 kB
Cached:          1206680 kB
MemTotal:        1844596 kB
MemFree:          204620 kB
MemAvailable:    1485580 kB
Buffers:           97376 kB
Cached:          1206680 kB
MemTotal:        1844596 kB
MemFree:          204496 kB
MemAvailable:    1485456 kB
Buffers:           97376 kB
Cached:          1206680 kB
MemTotal:        1844596 kB
MemFree:          205772 kB
MemAvailable:    1486732 kB
Buffers:           97376 kB
Cached:          1206680 kB
MemTotal:        1844596 kB
MemFree:          205676 kB
MemAvailable:    1486636 kB
Buffers:           97376 kB
Cached:          1206680 kB
MemTotal:        1844596 kB
MemFree:          205720 kB
MemAvailable:    1486680 kB
Buffers:           97376 kB
Cached:          1206680 kB
MemTotal:        1844596 kB
MemFree:          204800 kB
MemAvailable:    1485760 kB
Buffers:           97376 kB
Cached:          1206680 kB
MemTotal:        1844596 kB
MemFree:          201312 kB
MemAvailable:    1482272 kB
Buffers:           97376 kB
Cached:          1206680 kB
MemTotal:        1844596 kB
MemFree:          198972 kB
MemAvailable:    1479932 kB
Buffers:           97376 kB
Cached:          1206680 kB
MemTotal:        1844596 kB
MemFree:          197732 kB
MemAvailable:    1478692 kB
Buffers:           97376 kB
Cached:          1206680 kB
MemTotal:        1844596 kB
MemFree:          196624 kB
MemAvailable:    1477584 kB
Buffers:           97376 kB
Cached:          1206680 kB
MemTotal:        1844596 kB
MemFree:          197352 kB
MemAvailable:    1478312 kB
Buffers:           97376 kB
Cached:          1206680 kB
MemTotal:        1844596 kB
MemFree:          197604 kB
MemAvailable:    1478564 kB
Buffers:           97376 kB
Cached:          1206680 kB
MemTotal:        1844596 kB
MemFree:          197280 kB
MemAvailable:    1478240 kB
Buffers:           97376 kB
Cached:          1206680 kB
MemTotal:        1844596 kB
MemFree:          195972 kB
MemAvailable:    1476932 kB
Buffers:           97376 kB
Cached:          1206680 kB
MemTotal:        1844596 kB
MemFree:          196956 kB
MemAvailable:    1477916 kB
Buffers:           97376 kB
Cached:          1206680 kB
MemTotal:        1844596 kB
MemFree:          196616 kB
MemAvailable:    1477576 kB
Buffers:           97376 kB
Cached:          1206680 kB
MemTotal:        1844596 kB
MemFree:          197100 kB
MemAvailable:    1478060 kB
Buffers:           97376 kB
Cached:          1206680 kB
MemTotal:        1844596 kB
MemFree:          196988 kB
MemAvailable:    1477948 kB
Buffers:           97376 kB
Cached:          1206680 kB
MemTotal:        1844596 kB
MemFree:          196748 kB
MemAvailable:    1477708 kB
Buffers:           97376 kB
Cached:          1206680 kB
MemTotal:        1844596 kB
MemFree:          196848 kB
MemAvailable:    1477808 kB
Buffers:           97376 kB
Cached:          1206680 kB
MemTotal:        1844596 kB
MemFree:          197184 kB
MemAvailable:    1478144 kB
Buffers:           97376 kB
Cached:          1206680 kB
MemTotal:        1844596 kB
MemFree:          196800 kB
MemAvailable:    1477760 kB
Buffers:           97376 kB
Cached:          1206680 kB
MemTotal:        1844596 kB
MemFree:          197056 kB
MemAvailable:    1478016 kB
Buffers:           97376 kB
Cached:          1206680 kB
MemTotal:        1844596 kB
MemFree:          196716 kB
MemAvailable:    1477676 kB
Buffers:           97376 kB
Cached:          1206680 kB
MemTotal:        1844596 kB
MemFree:          197052 kB
MemAvailable:    1478012 kB
Buffers:           97376 kB
Cached:          1206680 kB
MemTotal:        1844596 kB
MemFree:          197236 kB
MemAvailable:    1478196 kB
Buffers:           97376 kB
Cached:          1206680 kB
MemTotal:        1844596 kB
MemFree:          197048 kB
MemAvailable:    1478008 kB
Buffers:           97376 kB
Cached:          1206680 kB
MemTotal:        1844596 kB
MemFree:          196848 kB
MemAvailable:    1477808 kB
Buffers:           97376 kB
Cached:          1206680 kB
MemTotal:        1844596 kB
MemFree:          197184 kB
MemAvailable:    1478144 kB
Buffers:           97376 kB
Cached:          1206680 kB
MemTotal:        1844596 kB
MemFree:          197100 kB
MemAvailable:    1478060 kB
Buffers:           97376 kB
Cached:          1206680 kB
MemTotal:        1844596 kB
MemFree:          196956 kB
MemAvailable:    1477916 kB
Buffers:           97376 kB
Cached:          1206680 kB
MemTotal:        1844596 kB
MemFree:          197208 kB
MemAvailable:    1478168 kB
Buffers:           97376 kB
Cached:          1206680 kB
MemTotal:        1844596 kB
MemFree:          197164 kB
MemAvailable:    1478124 kB
Buffers:           97376 kB
Cached:          1206680 kB
MemTotal:        1844596 kB
MemFree:          197124 kB
MemAvailable:    1478084 kB
Buffers:           97376 kB
Cached:          1206680 kB
MemTotal:        1844596 kB
MemFree:          196244 kB
MemAvailable:    1477204 kB
Buffers:           97376 kB
Cached:          1206680 kB
MemTotal:        1844596 kB
MemFree:          196860 kB
MemAvailable:    1477824 kB
Buffers:           97376 kB
Cached:          1206684 kB
MemTotal:        1844596 kB
MemFree:          197196 kB
MemAvailable:    1478160 kB
Buffers:           97376 kB
Cached:          1206684 kB
MemTotal:        1844596 kB
MemFree:          195876 kB
MemAvailable:    1476840 kB
Buffers:           97376 kB
Cached:          1206684 kB
MemTotal:        1844596 kB
MemFree:          196248 kB
MemAvailable:    1477212 kB
Buffers:           97376 kB
Cached:          1206684 kB
MemTotal:        1844596 kB
MemFree:          196932 kB
MemAvailable:    1477896 kB
Buffers:           97376 kB
Cached:          1206684 kB
MemTotal:        1844596 kB
MemFree:          197188 kB
MemAvailable:    1478152 kB
Buffers:           97376 kB
Cached:          1206684 kB
MemTotal:        1844596 kB
MemFree:          195836 kB
MemAvailable:    1476804 kB
Buffers:           97376 kB
Cached:          1206688 kB
MemTotal:        1844596 kB
MemFree:          196880 kB
MemAvailable:    1477848 kB
Buffers:           97376 kB
Cached:          1206688 kB
MemTotal:        1844596 kB
MemFree:          195876 kB
MemAvailable:    1476844 kB
Buffers:           97376 kB
Cached:          1206688 kB
MemTotal:        1844596 kB
MemFree:          194504 kB
MemAvailable:    1475472 kB
Buffers:           97376 kB
Cached:          1206688 kB
MemTotal:        1844596 kB
MemFree:          194396 kB
MemAvailable:    1475364 kB
Buffers:           97376 kB
Cached:          1206688 kB
MemTotal:        1844596 kB
MemFree:          189428 kB
MemAvailable:    1470396 kB
Buffers:           97376 kB
Cached:          1206688 kB
MemTotal:        1844596 kB
MemFree:          185956 kB
MemAvailable:    1466924 kB
Buffers:           97376 kB
Cached:          1206688 kB
MemTotal:        1844596 kB
MemFree:          185336 kB
MemAvailable:    1466304 kB
Buffers:           97376 kB
Cached:          1206688 kB
MemTotal:        1844596 kB
MemFree:          186404 kB
MemAvailable:    1467372 kB
Buffers:           97376 kB
Cached:          1206688 kB
MemTotal:        1844596 kB
MemFree:          186312 kB
MemAvailable:    1467280 kB
Buffers:           97376 kB
Cached:          1206688 kB
MemTotal:        1844596 kB
MemFree:          186116 kB
MemAvailable:    1467084 kB
Buffers:           97376 kB
Cached:          1206688 kB
MemTotal:        1844596 kB
MemFree:          186248 kB
MemAvailable:    1467216 kB
Buffers:           97376 kB
Cached:          1206688 kB
MemTotal:        1844596 kB
MemFree:          185024 kB
MemAvailable:    1465992 kB
Buffers:           97376 kB
Cached:          1206688 kB
MemTotal:        1844596 kB
MemFree:          186200 kB
MemAvailable:    1467168 kB
Buffers:           97376 kB
Cached:          1206688 kB
MemTotal:        1844596 kB
MemFree:          185212 kB
MemAvailable:    1466180 kB
Buffers:           97376 kB
Cached:          1206688 kB
MemTotal:        1844596 kB
MemFree:          186252 kB
MemAvailable:    1467220 kB
Buffers:           97376 kB
Cached:          1206688 kB
MemTotal:        1844596 kB
MemFree:          185028 kB
MemAvailable:    1465996 kB
Buffers:           97376 kB
Cached:          1206688 kB
MemTotal:        1844596 kB
MemFree:          186072 kB
MemAvailable:    1467040 kB
Buffers:           97376 kB
Cached:          1206688 kB
MemTotal:        1844596 kB
MemFree:          186088 kB
MemAvailable:    1467056 kB
Buffers:           97376 kB
Cached:          1206688 kB
MemTotal:        1844596 kB
MemFree:          184916 kB
MemAvailable:    1465884 kB
Buffers:           97376 kB
Cached:          1206688 kB
MemTotal:        1844596 kB
MemFree:          186156 kB
MemAvailable:    1467124 kB
Buffers:           97376 kB
Cached:          1206688 kB
MemTotal:        1844596 kB
MemFree:          185708 kB
MemAvailable:    1466676 kB
Buffers:           97376 kB
Cached:          1206688 kB
MemTotal:        1844596 kB
MemFree:          186012 kB
MemAvailable:    1466980 kB
Buffers:           97376 kB
Cached:          1206688 kB
MemTotal:        1844596 kB
MemFree:          186080 kB
MemAvailable:    1467048 kB
Buffers:           97376 kB
Cached:          1206688 kB
MemTotal:        1844596 kB
MemFree:          186024 kB
MemAvailable:    1466992 kB
Buffers:           97376 kB
Cached:          1206688 kB
MemTotal:        1844596 kB
MemFree:          186504 kB
MemAvailable:    1467472 kB
Buffers:           97376 kB
Cached:          1206688 kB
MemTotal:        1844596 kB
MemFree:          186504 kB
MemAvailable:    1467472 kB
Buffers:           97376 kB
Cached:          1206688 kB
MemTotal:        1844596 kB
MemFree:          186144 kB
MemAvailable:    1467112 kB
Buffers:           97376 kB
Cached:          1206688 kB
MemTotal:        1844596 kB
MemFree:          186240 kB
MemAvailable:    1467208 kB
Buffers:           97376 kB
Cached:          1206688 kB
MemTotal:        1844596 kB
MemFree:          185984 kB
MemAvailable:    1466952 kB
Buffers:           97376 kB
Cached:          1206688 kB
MemTotal:        1844596 kB
MemFree:          186168 kB
MemAvailable:    1467136 kB
Buffers:           97376 kB
Cached:          1206688 kB
MemTotal:        1844596 kB
MemFree:          186088 kB
MemAvailable:    1467056 kB
Buffers:           97376 kB
Cached:          1206688 kB
MemTotal:        1844596 kB
MemFree:          186216 kB
MemAvailable:    1467184 kB
Buffers:           97376 kB
Cached:          1206688 kB
MemTotal:        1844596 kB
MemFree:          186212 kB
MemAvailable:    1467180 kB
Buffers:           97376 kB
Cached:          1206688 kB
MemTotal:        1844596 kB
MemFree:          186268 kB
MemAvailable:    1467236 kB
Buffers:           97376 kB
Cached:          1206688 kB
MemTotal:        1844596 kB
MemFree:          186140 kB
MemAvailable:    1467108 kB
Buffers:           97376 kB
Cached:          1206688 kB
MemTotal:        1844596 kB
MemFree:          186392 kB
MemAvailable:    1467360 kB
Buffers:           97376 kB
Cached:          1206688 kB
MemTotal:        1844596 kB
MemFree:          186156 kB
MemAvailable:    1467124 kB
Buffers:           97376 kB
Cached:          1206688 kB
MemTotal:        1844596 kB
MemFree:          186212 kB
MemAvailable:    1467180 kB
Buffers:           97376 kB
Cached:          1206688 kB
MemTotal:        1844596 kB
MemFree:          185468 kB
MemAvailable:    1466436 kB
Buffers:           97376 kB
Cached:          1206688 kB
MemTotal:        1844596 kB
MemFree:          186072 kB
MemAvailable:    1467040 kB
Buffers:           97376 kB
Cached:          1206688 kB
MemTotal:        1844596 kB
MemFree:          186408 kB
MemAvailable:    1467376 kB
Buffers:           97376 kB
Cached:          1206688 kB
MemTotal:        1844596 kB
MemFree:          184916 kB
MemAvailable:    1465884 kB
Buffers:           97376 kB
Cached:          1206688 kB
MemTotal:        1844596 kB
MemFree:          186140 kB
MemAvailable:    1467108 kB
Buffers:           97376 kB
Cached:          1206688 kB
MemTotal:        1844596 kB
MemFree:          184916 kB
MemAvailable:    1465884 kB
Buffers:           97376 kB
Cached:          1206688 kB
MemTotal:        1844596 kB
MemFree:          184784 kB
MemAvailable:    1465752 kB
Buffers:           97376 kB
Cached:          1206688 kB
MemTotal:        1844596 kB
MemFree:          186156 kB
MemAvailable:    1467124 kB
Buffers:           97376 kB
Cached:          1206688 kB
MemTotal:        1844596 kB
MemFree:          186196 kB
MemAvailable:    1467164 kB
Buffers:           97376 kB
Cached:          1206688 kB
MemTotal:        1844596 kB
MemFree:          186280 kB
MemAvailable:    1467248 kB
Buffers:           97376 kB
Cached:          1206688 kB
MemTotal:        1844596 kB
MemFree:          186188 kB
MemAvailable:    1467156 kB
Buffers:           97376 kB
Cached:          1206688 kB
MemTotal:        1844596 kB
MemFree:          186084 kB
MemAvailable:    1467052 kB
Buffers:           97376 kB
Cached:          1206688 kB
MemTotal:        1844596 kB
MemFree:          185960 kB
MemAvailable:    1466928 kB
Buffers:           97376 kB
Cached:          1206688 kB
MemTotal:        1844596 kB
MemFree:          184652 kB
MemAvailable:    1465620 kB
Buffers:           97376 kB
Cached:          1206688 kB
MemTotal:        1844596 kB
MemFree:          185196 kB
MemAvailable:    1466164 kB
Buffers:           97376 kB
Cached:          1206688 kB
MemTotal:        1844596 kB
MemFree:          185088 kB
MemAvailable:    1466056 kB
Buffers:           97376 kB
Cached:          1206688 kB
MemTotal:        1844596 kB
MemFree:          183960 kB
MemAvailable:    1464928 kB
Buffers:           97376 kB
Cached:          1206688 kB
MemTotal:        1844596 kB
MemFree:          183820 kB
MemAvailable:    1464788 kB
Buffers:           97376 kB
Cached:          1206688 kB
MemTotal:        1844596 kB
MemFree:          185128 kB
MemAvailable:    1466096 kB
Buffers:           97376 kB
Cached:          1206688 kB
MemTotal:        1844596 kB
MemFree:          184956 kB
MemAvailable:    1465924 kB
Buffers:           97376 kB
Cached:          1206688 kB
MemTotal:        1844596 kB
MemFree:          184104 kB
MemAvailable:    1465072 kB
Buffers:           97376 kB
Cached:          1206688 kB
MemTotal:        1844596 kB
MemFree:          185308 kB
MemAvailable:    1466284 kB
Buffers:           97376 kB
Cached:          1206696 kB
MemTotal:        1844596 kB
MemFree:          185204 kB
MemAvailable:    1466180 kB
Buffers:           97376 kB
Cached:          1206696 kB
MemTotal:        1844596 kB
MemFree:          185016 kB
MemAvailable:    1465992 kB
Buffers:           97376 kB
Cached:          1206696 kB
MemTotal:        1844596 kB
MemFree:          183668 kB
MemAvailable:    1464644 kB
Buffers:           97376 kB
Cached:          1206696 kB
MemTotal:        1844596 kB
MemFree:          184900 kB
MemAvailable:    1465876 kB
Buffers:           97376 kB
Cached:          1206696 kB
MemTotal:        1844596 kB
MemFree:          184652 kB
MemAvailable:    1465628 kB
Buffers:           97376 kB
Cached:          1206696 kB
MemTotal:        1844596 kB
MemFree:          183448 kB
MemAvailable:    1464424 kB
Buffers:           97376 kB
Cached:          1206696 kB
MemTotal:        1844596 kB
MemFree:          183316 kB
MemAvailable:    1464292 kB
Buffers:           97376 kB
Cached:          1206696 kB
MemTotal:        1844596 kB
MemFree:          184508 kB
MemAvailable:    1465484 kB
Buffers:           97376 kB
Cached:          1206696 kB
MemTotal:        1844596 kB
MemFree:          184848 kB
MemAvailable:    1465824 kB
Buffers:           97376 kB
Cached:          1206696 kB
MemTotal:        1844596 kB
MemFree:          184544 kB
MemAvailable:    1465520 kB
Buffers:           97376 kB
Cached:          1206696 kB
MemTotal:        1844596 kB
MemFree:          184348 kB
MemAvailable:    1465324 kB
Buffers:           97376 kB
Cached:          1206696 kB
MemTotal:        1844596 kB
MemFree:          183340 kB
MemAvailable:    1464316 kB
Buffers:           97376 kB
Cached:          1206696 kB
MemTotal:        1844596 kB
MemFree:          184420 kB
MemAvailable:    1465396 kB
Buffers:           97376 kB
Cached:          1206696 kB
MemTotal:        1844596 kB
MemFree:          184672 kB
MemAvailable:    1465648 kB
Buffers:           97376 kB
Cached:          1206696 kB
MemTotal:        1844596 kB
MemFree:          184800 kB
MemAvailable:    1465776 kB
Buffers:           97376 kB
Cached:          1206696 kB
MemTotal:        1844596 kB
MemFree:          184592 kB
MemAvailable:    1465568 kB
Buffers:           97376 kB
Cached:          1206696 kB
MemTotal:        1844596 kB
MemFree:          184520 kB
MemAvailable:    1465496 kB
Buffers:           97376 kB
Cached:          1206696 kB
MemTotal:        1844596 kB
MemFree:          180112 kB
MemAvailable:    1461088 kB
Buffers:           97376 kB
Cached:          1206696 kB
MemTotal:        1844596 kB
MemFree:          179632 kB
MemAvailable:    1460608 kB
Buffers:           97376 kB
Cached:          1206696 kB
MemTotal:        1844596 kB
MemFree:          175416 kB
MemAvailable:    1456392 kB
Buffers:           97376 kB
Cached:          1206696 kB
MemTotal:        1844596 kB
MemFree:          174032 kB
MemAvailable:    1455008 kB
Buffers:           97376 kB
Cached:          1206696 kB
MemTotal:        1844596 kB
MemFree:          172812 kB
MemAvailable:    1453788 kB
Buffers:           97376 kB
Cached:          1206696 kB
MemTotal:        1844596 kB
MemFree:          173360 kB
MemAvailable:    1454336 kB
Buffers:           97376 kB
Cached:          1206696 kB
MemTotal:        1844596 kB
MemFree:          172068 kB
MemAvailable:    1453044 kB
Buffers:           97376 kB
Cached:          1206696 kB
MemTotal:        1844596 kB
MemFree:          172788 kB
MemAvailable:    1453764 kB
Buffers:           97376 kB
Cached:          1206696 kB
MemTotal:        1844596 kB
MemFree:          172788 kB
MemAvailable:    1453764 kB
Buffers:           97376 kB
Cached:          1206696 kB
MemTotal:        1844596 kB
MemFree:          171200 kB
MemAvailable:    1452176 kB
Buffers:           97376 kB
Cached:          1206696 kB
MemTotal:        1844596 kB
MemFree:          171316 kB
MemAvailable:    1452292 kB
Buffers:           97376 kB
Cached:          1206696 kB
MemTotal:        1844596 kB
MemFree:          171208 kB
MemAvailable:    1452184 kB
Buffers:           97376 kB
Cached:          1206696 kB
MemTotal:        1844596 kB
MemFree:          171004 kB
MemAvailable:    1451980 kB
Buffers:           97376 kB
Cached:          1206696 kB
MemTotal:        1844596 kB
MemFree:          169896 kB
MemAvailable:    1450872 kB
Buffers:           97376 kB
Cached:          1206696 kB
MemTotal:        1844596 kB
MemFree:          168348 kB
MemAvailable:    1449324 kB
Buffers:           97376 kB
Cached:          1206696 kB
MemTotal:        1844596 kB
MemFree:          169524 kB
MemAvailable:    1450500 kB
Buffers:           97376 kB
Cached:          1206696 kB
MemTotal:        1844596 kB
MemFree:          169392 kB
MemAvailable:    1450368 kB
Buffers:           97376 kB
Cached:          1206696 kB
MemTotal:        1844596 kB
MemFree:          168340 kB
MemAvailable:    1449316 kB
Buffers:           97376 kB
Cached:          1206696 kB
MemTotal:        1844596 kB
MemFree:          169600 kB
MemAvailable:    1450576 kB
Buffers:           97376 kB
Cached:          1206696 kB
MemTotal:        1844596 kB
MemFree:          169576 kB
MemAvailable:    1450552 kB
Buffers:           97376 kB
Cached:          1206696 kB
MemTotal:        1844596 kB
MemFree:          167956 kB
MemAvailable:    1448932 kB
Buffers:           97376 kB
Cached:          1206696 kB
MemTotal:        1844596 kB
MemFree:          169464 kB
MemAvailable:    1450440 kB
Buffers:           97376 kB
Cached:          1206696 kB
MemTotal:        1844596 kB
MemFree:          168472 kB
MemAvailable:    1449448 kB
Buffers:           97376 kB
Cached:          1206696 kB
MemTotal:        1844596 kB
MemFree:          169332 kB
MemAvailable:    1450308 kB
Buffers:           97376 kB
Cached:          1206696 kB
MemTotal:        1844596 kB
MemFree:          169224 kB
MemAvailable:    1450200 kB
Buffers:           97376 kB
Cached:          1206696 kB
MemTotal:        1844596 kB
MemFree:          169292 kB
MemAvailable:    1450268 kB
Buffers:           97376 kB
Cached:          1206696 kB
MemTotal:        1844596 kB
MemFree:          169600 kB
MemAvailable:    1450576 kB
Buffers:           97376 kB
Cached:          1206696 kB
MemTotal:        1844596 kB
MemFree:          167720 kB
MemAvailable:    1448696 kB
Buffers:           97376 kB
Cached:          1206696 kB
MemTotal:        1844596 kB
MemFree:          168580 kB
MemAvailable:    1449556 kB
Buffers:           97376 kB
Cached:          1206696 kB
MemTotal:        1844596 kB
MemFree:          168832 kB
MemAvailable:    1449808 kB
Buffers:           97376 kB
Cached:          1206696 kB
MemTotal:        1844596 kB
MemFree:          167464 kB
MemAvailable:    1448440 kB
Buffers:           97376 kB
Cached:          1206696 kB
MemTotal:        1844596 kB
MemFree:          166984 kB
MemAvailable:    1447960 kB
Buffers:           97376 kB
Cached:          1206696 kB
MemTotal:        1844596 kB
MemFree:          167396 kB
MemAvailable:    1448372 kB
Buffers:           97376 kB
Cached:          1206696 kB
MemTotal:        1844596 kB
MemFree:          167356 kB
MemAvailable:    1448332 kB
Buffers:           97376 kB
Cached:          1206696 kB
MemTotal:        1844596 kB
MemFree:          166720 kB
MemAvailable:    1447696 kB
Buffers:           97376 kB
Cached:          1206696 kB
MemTotal:        1844596 kB
MemFree:          166240 kB
MemAvailable:    1447216 kB
Buffers:           97376 kB
Cached:          1206696 kB
MemTotal:        1844596 kB
MemFree:          166292 kB
MemAvailable:    1447268 kB
Buffers:           97376 kB
Cached:          1206696 kB
MemTotal:        1844596 kB
MemFree:          166108 kB
MemAvailable:    1447084 kB
Buffers:           97376 kB
Cached:          1206696 kB
MemTotal:        1844596 kB
MemFree:          166364 kB
MemAvailable:    1447340 kB
Buffers:           97376 kB
Cached:          1206696 kB
MemTotal:        1844596 kB
MemFree:          165868 kB
MemAvailable:    1446844 kB
Buffers:           97376 kB
Cached:          1206696 kB
MemTotal:        1844596 kB
MemFree:          164372 kB
MemAvailable:    1445348 kB
Buffers:           97376 kB
Cached:          1206696 kB
MemTotal:        1844596 kB
MemFree:          164256 kB
MemAvailable:    1445232 kB
Buffers:           97376 kB
Cached:          1206696 kB
MemTotal:        1844596 kB
MemFree:          165300 kB
MemAvailable:    1446276 kB
Buffers:           97376 kB
Cached:          1206696 kB
MemTotal:        1844596 kB
MemFree:          164140 kB
MemAvailable:    1445116 kB
Buffers:           97376 kB
Cached:          1206696 kB
MemTotal:        1844596 kB
MemFree:          164132 kB
MemAvailable:    1445116 kB
Buffers:           97376 kB
Cached:          1206704 kB
MemTotal:        1844596 kB
MemFree:          165176 kB
MemAvailable:    1446160 kB
Buffers:           97376 kB
Cached:          1206704 kB
MemTotal:        1844596 kB
MemFree:          165300 kB
MemAvailable:    1446284 kB
Buffers:           97376 kB
Cached:          1206704 kB
MemTotal:        1844596 kB
MemFree:          164200 kB
MemAvailable:    1445184 kB
Buffers:           97376 kB
Cached:          1206704 kB
MemTotal:        1844596 kB
MemFree:          164200 kB
MemAvailable:    1445184 kB
Buffers:           97376 kB
Cached:          1206704 kB
MemTotal:        1844596 kB
MemFree:          164984 kB
MemAvailable:    1445968 kB
Buffers:           97376 kB
Cached:          1206704 kB
MemTotal:        1844596 kB
MemFree:          165236 kB
MemAvailable:    1446220 kB
Buffers:           97376 kB
Cached:          1206704 kB
MemTotal:        1844596 kB
MemFree:          163872 kB
MemAvailable:    1444856 kB
Buffers:           97376 kB
Cached:          1206704 kB
MemTotal:        1844596 kB
MemFree:          165280 kB
MemAvailable:    1446264 kB
Buffers:           97376 kB
Cached:          1206704 kB
MemTotal:        1844596 kB
MemFree:          165112 kB
MemAvailable:    1446096 kB
Buffers:           97376 kB
Cached:          1206704 kB
MemTotal:        1844596 kB
MemFree:          165052 kB
MemAvailable:    1446036 kB
Buffers:           97376 kB
Cached:          1206704 kB
MemTotal:        1844596 kB
MemFree:          163704 kB
MemAvailable:    1444688 kB
Buffers:           97376 kB
Cached:          1206704 kB
MemTotal:        1844596 kB
MemFree:          164996 kB
MemAvailable:    1445980 kB
Buffers:           97376 kB
Cached:          1206704 kB
MemTotal:        1844596 kB
MemFree:          164140 kB
MemAvailable:    1445124 kB
Buffers:           97376 kB
Cached:          1206704 kB
MemTotal:        1844596 kB
MemFree:          164860 kB
MemAvailable:    1445844 kB
Buffers:           97376 kB
Cached:          1206704 kB
MemTotal:        1844596 kB
MemFree:          165196 kB
MemAvailable:    1446180 kB
Buffers:           97376 kB
Cached:          1206704 kB
MemTotal:        1844596 kB
MemFree:          164952 kB
MemAvailable:    1445936 kB
Buffers:           97376 kB
Cached:          1206704 kB
MemTotal:        1844596 kB
MemFree:          165000 kB
MemAvailable:    1445984 kB
Buffers:           97376 kB
Cached:          1206704 kB
MemTotal:        1844596 kB
MemFree:          163700 kB
MemAvailable:    1444684 kB
Buffers:           97376 kB
Cached:          1206704 kB
MemTotal:        1844596 kB
MemFree:          163700 kB
MemAvailable:    1444684 kB
Buffers:           97376 kB
Cached:          1206704 kB
MemTotal:        1844596 kB
MemFree:          162644 kB
MemAvailable:    1443628 kB
Buffers:           97376 kB
Cached:          1206704 kB
MemTotal:        1844596 kB
MemFree:          163936 kB
MemAvailable:    1444920 kB
Buffers:           97376 kB
Cached:          1206704 kB
MemTotal:        1844596 kB
MemFree:          163876 kB
MemAvailable:    1444860 kB
Buffers:           97376 kB
Cached:          1206704 kB
MemTotal:        1844596 kB
MemFree:          162372 kB
MemAvailable:    1443356 kB
Buffers:           97376 kB
Cached:          1206704 kB
MemTotal:        1844596 kB
MemFree:          161396 kB
MemAvailable:    1442380 kB
Buffers:           97376 kB
Cached:          1206704 kB
MemTotal:        1844596 kB
MemFree:          161148 kB
MemAvailable:    1442132 kB
Buffers:           97376 kB
Cached:          1206704 kB
MemTotal:        1844596 kB
MemFree:          158428 kB
MemAvailable:    1439416 kB
Buffers:           97376 kB
Cached:          1206708 kB
MemTotal:        1844596 kB
MemFree:          156568 kB
MemAvailable:    1437556 kB
Buffers:           97376 kB
Cached:          1206708 kB
MemTotal:        1844596 kB
MemFree:          152848 kB
MemAvailable:    1433836 kB
Buffers:           97376 kB
Cached:          1206708 kB
MemTotal:        1844596 kB
MemFree:          150616 kB
MemAvailable:    1431604 kB
Buffers:           97376 kB
Cached:          1206708 kB
MemTotal:        1844596 kB
MemFree:          148260 kB
MemAvailable:    1429248 kB
Buffers:           97376 kB
Cached:          1206708 kB
MemTotal:        1844596 kB
MemFree:          146508 kB
MemAvailable:    1427496 kB
Buffers:           97376 kB
Cached:          1206708 kB
MemTotal:        1844596 kB
MemFree:          146400 kB
MemAvailable:    1427388 kB
Buffers:           97376 kB
Cached:          1206708 kB
MemTotal:        1844596 kB
MemFree:          145228 kB
MemAvailable:    1426216 kB
Buffers:           97376 kB
Cached:          1206708 kB
MemTotal:        1844596 kB
MemFree:          146504 kB
MemAvailable:    1427492 kB
Buffers:           97376 kB
Cached:          1206708 kB
MemTotal:        1844596 kB
MemFree:          146756 kB
MemAvailable:    1427744 kB
Buffers:           97376 kB
Cached:          1206708 kB
MemTotal:        1844596 kB
MemFree:          146392 kB
MemAvailable:    1427380 kB
Buffers:           97376 kB
Cached:          1206708 kB
MemTotal:        1844596 kB
MemFree:          146252 kB
MemAvailable:    1427240 kB
Buffers:           97376 kB
Cached:          1206708 kB
MemTotal:        1844596 kB
MemFree:          146504 kB
MemAvailable:    1427492 kB
Buffers:           97376 kB
Cached:          1206708 kB
MemTotal:        1844596 kB
MemFree:          146340 kB
MemAvailable:    1427328 kB
Buffers:           97376 kB
Cached:          1206708 kB
MemTotal:        1844596 kB
MemFree:          146036 kB
MemAvailable:    1427024 kB
Buffers:           97376 kB
Cached:          1206708 kB
MemTotal:        1844596 kB
MemFree:          146280 kB
MemAvailable:    1427268 kB
Buffers:           97376 kB
Cached:          1206708 kB
MemTotal:        1844596 kB
MemFree:          146408 kB
MemAvailable:    1427396 kB
Buffers:           97376 kB
Cached:          1206708 kB
MemTotal:        1844596 kB
MemFree:          145408 kB
MemAvailable:    1426272 kB
Buffers:           97376 kB
Cached:          1206708 kB
MemTotal:        1844596 kB
MemFree:          145904 kB
MemAvailable:    1426892 kB
Buffers:           97376 kB
Cached:          1206708 kB
MemTotal:        1844596 kB
MemFree:          145036 kB
MemAvailable:    1426024 kB
Buffers:           97376 kB
Cached:          1206708 kB
MemTotal:        1844596 kB
MemFree:          145256 kB
MemAvailable:    1426244 kB
Buffers:           97376 kB
Cached:          1206708 kB
MemTotal:        1844596 kB
MemFree:          145592 kB
MemAvailable:    1426580 kB
Buffers:           97376 kB
Cached:          1206708 kB
MemTotal:        1844596 kB
MemFree:          145400 kB
MemAvailable:    1426388 kB
Buffers:           97376 kB
Cached:          1206708 kB
MemTotal:        1844596 kB
MemFree:          145528 kB
MemAvailable:    1426516 kB
Buffers:           97376 kB
Cached:          1206708 kB
MemTotal:        1844596 kB
MemFree:          144672 kB
MemAvailable:    1425660 kB
Buffers:           97376 kB
Cached:          1206708 kB
MemTotal:        1844596 kB
MemFree:          144532 kB
MemAvailable:    1425520 kB
Buffers:           97376 kB
Cached:          1206708 kB
MemTotal:        1844596 kB
MemFree:          145648 kB
MemAvailable:    1426636 kB
Buffers:           97376 kB
Cached:          1206708 kB
MemTotal:        1844596 kB
MemFree:          145444 kB
MemAvailable:    1426432 kB
Buffers:           97376 kB
Cached:          1206708 kB
MemTotal:        1844596 kB
MemFree:          145664 kB
MemAvailable:    1426652 kB
Buffers:           97376 kB
Cached:          1206708 kB
MemTotal:        1844596 kB
MemFree:          144140 kB
MemAvailable:    1425128 kB
Buffers:           97376 kB
Cached:          1206708 kB
MemTotal:        1844596 kB
MemFree:          145388 kB
MemAvailable:    1426376 kB
Buffers:           97376 kB
Cached:          1206708 kB
MemTotal:        1844596 kB
MemFree:          145044 kB
MemAvailable:    1426032 kB
Buffers:           97376 kB
Cached:          1206708 kB
MemTotal:        1844596 kB
MemFree:          145028 kB
MemAvailable:    1426016 kB
Buffers:           97376 kB
Cached:          1206708 kB
MemTotal:        1844596 kB
MemFree:          144496 kB
MemAvailable:    1425484 kB
Buffers:           97376 kB
Cached:          1206708 kB
MemTotal:        1844596 kB
MemFree:          145408 kB
MemAvailable:    1426400 kB
Buffers:           97376 kB
Cached:          1206712 kB
MemTotal:        1844596 kB
MemFree:          145760 kB
MemAvailable:    1426752 kB
Buffers:           97376 kB
Cached:          1206712 kB
MemTotal:        1844596 kB
MemFree:          145656 kB
MemAvailable:    1426648 kB
Buffers:           97376 kB
Cached:          1206712 kB
MemTotal:        1844596 kB
MemFree:          145392 kB
MemAvailable:    1426384 kB
Buffers:           97376 kB
Cached:          1206712 kB
MemTotal:        1844596 kB
MemFree:          145476 kB
MemAvailable:    1426468 kB
Buffers:           97376 kB
Cached:          1206712 kB
MemTotal:        1844596 kB
MemFree:          140308 kB
MemAvailable:    1421300 kB
Buffers:           97376 kB
Cached:          1206712 kB
MemTotal:        1844596 kB
MemFree:          139580 kB
MemAvailable:    1420572 kB
Buffers:           97376 kB
Cached:          1206712 kB
MemTotal:        1844596 kB
MemFree:          136532 kB
MemAvailable:    1417524 kB
Buffers:           97376 kB
Cached:          1206712 kB
MemTotal:        1844596 kB
MemFree:          132008 kB
MemAvailable:    1413000 kB
Buffers:           97376 kB
Cached:          1206712 kB
MemTotal:        1844596 kB
MemFree:          132008 kB
MemAvailable:    1413000 kB
Buffers:           97376 kB
Cached:          1206712 kB
MemTotal:        1844596 kB
MemFree:          127412 kB
MemAvailable:    1408404 kB
Buffers:           97376 kB
Cached:          1206712 kB
MemTotal:        1844596 kB
MemFree:          126932 kB
MemAvailable:    1407924 kB
Buffers:           97376 kB
Cached:          1206712 kB
MemTotal:        1844596 kB
MemFree:          127176 kB
MemAvailable:    1408168 kB
Buffers:           97376 kB
Cached:          1206712 kB
MemTotal:        1844596 kB
MemFree:          126128 kB
MemAvailable:    1407120 kB
Buffers:           97376 kB
Cached:          1206712 kB
MemTotal:        1844596 kB
MemFree:          126040 kB
MemAvailable:    1407032 kB
Buffers:           97376 kB
Cached:          1206712 kB
MemTotal:        1844596 kB
MemFree:          125916 kB
MemAvailable:    1406908 kB
Buffers:           97376 kB
Cached:          1206712 kB
MemTotal:        1844596 kB
MemFree:          127216 kB
MemAvailable:    1408208 kB
Buffers:           97376 kB
Cached:          1206712 kB
MemTotal:        1844596 kB
MemFree:          126568 kB
MemAvailable:    1407560 kB
Buffers:           97376 kB
Cached:          1206712 kB
MemTotal:        1844596 kB
MemFree:          127676 kB
MemAvailable:    1408668 kB
Buffers:           97376 kB
Cached:          1206712 kB
MemTotal:        1844596 kB
MemFree:          126436 kB
MemAvailable:    1407428 kB
Buffers:           97376 kB
Cached:          1206712 kB
MemTotal:        1844596 kB
MemFree:          127288 kB
MemAvailable:    1408280 kB
Buffers:           97376 kB
Cached:          1206712 kB
MemTotal:        1844596 kB
MemFree:          127372 kB
MemAvailable:    1408364 kB
Buffers:           97376 kB
Cached:          1206712 kB
MemTotal:        1844596 kB
MemFree:          127160 kB
MemAvailable:    1408152 kB
Buffers:           97376 kB
Cached:          1206712 kB
MemTotal:        1844596 kB
MemFree:          127416 kB
MemAvailable:    1408408 kB
Buffers:           97376 kB
Cached:          1206712 kB
MemTotal:        1844596 kB
MemFree:          127148 kB
MemAvailable:    1408140 kB
Buffers:           97376 kB
Cached:          1206712 kB
MemTotal:        1844596 kB
MemFree:          127304 kB
MemAvailable:    1408296 kB
Buffers:           97376 kB
Cached:          1206712 kB
MemTotal:        1844596 kB
MemFree:          127292 kB
MemAvailable:    1408284 kB
Buffers:           97376 kB
Cached:          1206712 kB
MemTotal:        1844596 kB
MemFree:          127120 kB
MemAvailable:    1408112 kB
Buffers:           97376 kB
Cached:          1206712 kB
MemTotal:        1844596 kB
MemFree:          126940 kB
MemAvailable:    1407932 kB
Buffers:           97376 kB
Cached:          1206712 kB
MemTotal:        1844596 kB
MemFree:          127040 kB
MemAvailable:    1408032 kB
Buffers:           97376 kB
Cached:          1206712 kB
MemTotal:        1844596 kB
MemFree:          127376 kB
MemAvailable:    1408368 kB
Buffers:           97376 kB
Cached:          1206712 kB
MemTotal:        1844596 kB
MemFree:          127164 kB
MemAvailable:    1408156 kB
Buffers:           97376 kB
Cached:          1206712 kB
MemTotal:        1844596 kB
MemFree:          127248 kB
MemAvailable:    1408240 kB
Buffers:           97376 kB
Cached:          1206712 kB
MemTotal:        1844596 kB
MemFree:          127292 kB
MemAvailable:    1408284 kB
Buffers:           97376 kB
Cached:          1206712 kB
MemTotal:        1844596 kB
MemFree:          127304 kB
MemAvailable:    1408296 kB
Buffers:           97376 kB
Cached:          1206712 kB
MemTotal:        1844596 kB
MemFree:          127216 kB
MemAvailable:    1408208 kB
Buffers:           97376 kB
Cached:          1206712 kB
MemTotal:        1844596 kB
MemFree:          127048 kB
MemAvailable:    1408040 kB
Buffers:           97376 kB
Cached:          1206712 kB
MemTotal:        1844596 kB
MemFree:          127304 kB
MemAvailable:    1408296 kB
Buffers:           97376 kB
Cached:          1206712 kB
MemTotal:        1844596 kB
MemFree:          127164 kB
MemAvailable:    1408156 kB
Buffers:           97376 kB
Cached:          1206712 kB
MemTotal:        1844596 kB
MemFree:          127376 kB
MemAvailable:    1408368 kB
Buffers:           97376 kB
Cached:          1206712 kB
MemTotal:        1844596 kB
MemFree:          127216 kB
MemAvailable:    1408208 kB
Buffers:           97376 kB
Cached:          1206712 kB
MemTotal:        1844596 kB
MemFree:          126676 kB
MemAvailable:    1407668 kB
Buffers:           97376 kB
Cached:          1206712 kB
MemTotal:        1844596 kB
MemFree:          127560 kB
MemAvailable:    1408556 kB
Buffers:           97376 kB
Cached:          1206716 kB
MemTotal:        1844596 kB
MemFree:          127504 kB
MemAvailable:    1408500 kB
Buffers:           97376 kB
Cached:          1206716 kB
MemTotal:        1844596 kB
MemFree:          127252 kB
MemAvailable:    1408248 kB
Buffers:           97376 kB
Cached:          1206716 kB
MemTotal:        1844596 kB
MemFree:          126824 kB
MemAvailable:    1407820 kB
Buffers:           97376 kB
Cached:          1206716 kB
MemTotal:        1844596 kB
MemFree:          127140 kB
MemAvailable:    1408136 kB
Buffers:           97376 kB
Cached:          1206716 kB
MemTotal:        1844596 kB
MemFree:          126504 kB
MemAvailable:    1407500 kB
Buffers:           97376 kB
Cached:          1206716 kB
MemTotal:        1844596 kB
MemFree:          121104 kB
MemAvailable:    1402100 kB
Buffers:           97376 kB
Cached:          1206716 kB
MemTotal:        1844596 kB
MemFree:          121188 kB
MemAvailable:    1402184 kB
Buffers:           97376 kB
Cached:          1206716 kB
MemTotal:        1844596 kB
MemFree:          115964 kB
MemAvailable:    1396960 kB
Buffers:           97376 kB
Cached:          1206716 kB
MemTotal:        1844596 kB
MemFree:          111440 kB
MemAvailable:    1392436 kB
Buffers:           97376 kB
Cached:          1206716 kB
MemTotal:        1844596 kB
MemFree:          109820 kB
MemAvailable:    1390816 kB
Buffers:           97376 kB
Cached:          1206716 kB
MemTotal:        1844596 kB
MemFree:          109820 kB
MemAvailable:    1390816 kB
Buffers:           97376 kB
Cached:          1206716 kB
MemTotal:        1844596 kB
MemFree:          108452 kB
MemAvailable:    1389448 kB
Buffers:           97376 kB
Cached:          1206716 kB
MemTotal:        1844596 kB
MemFree:          108952 kB
MemAvailable:    1389948 kB
Buffers:           97376 kB
Cached:          1206716 kB
MemTotal:        1844596 kB
MemFree:          108952 kB
MemAvailable:    1389948 kB
Buffers:           97376 kB
Cached:          1206716 kB
MemTotal:        1844596 kB
MemFree:          107584 kB
MemAvailable:    1388580 kB
Buffers:           97376 kB
Cached:          1206716 kB
MemTotal:        1844596 kB
MemFree:          107660 kB
MemAvailable:    1388656 kB
Buffers:           97376 kB
Cached:          1206716 kB
MemTotal:        1844596 kB
MemFree:          108812 kB
MemAvailable:    1389808 kB
Buffers:           97376 kB
Cached:          1206716 kB
MemTotal:        1844596 kB
MemFree:          107312 kB
MemAvailable:    1388308 kB
Buffers:           97376 kB
Cached:          1206716 kB
MemTotal:        1844596 kB
MemFree:          108516 kB
MemAvailable:    1389512 kB
Buffers:           97376 kB
Cached:          1206716 kB
MemTotal:        1844596 kB
MemFree:          108284 kB
MemAvailable:    1389280 kB
Buffers:           97376 kB
Cached:          1206716 kB
MemTotal:        1844596 kB
MemFree:          108536 kB
MemAvailable:    1389532 kB
Buffers:           97376 kB
Cached:          1206716 kB
MemTotal:        1844596 kB
MemFree:          107052 kB
MemAvailable:    1388048 kB
Buffers:           97376 kB
Cached:          1206716 kB
MemTotal:        1844596 kB
MemFree:          108264 kB
MemAvailable:    1389260 kB
Buffers:           97376 kB
Cached:          1206716 kB
MemTotal:        1844596 kB
MemFree:          106860 kB
MemAvailable:    1387856 kB
Buffers:           97376 kB
Cached:          1206716 kB
MemTotal:        1844596 kB
MemFree:          107416 kB
MemAvailable:    1388412 kB
Buffers:           97376 kB
Cached:          1206716 kB
MemTotal:        1844596 kB
MemFree:          107584 kB
MemAvailable:    1388580 kB
Buffers:           97376 kB
Cached:          1206716 kB
MemTotal:        1844596 kB
MemFree:          106780 kB
MemAvailable:    1387776 kB
Buffers:           97376 kB
Cached:          1206716 kB
MemTotal:        1844596 kB
MemFree:          105968 kB
MemAvailable:    1386964 kB
Buffers:           97376 kB
Cached:          1206716 kB
MemTotal:        1844596 kB
MemFree:          106304 kB
MemAvailable:    1387300 kB
Buffers:           97376 kB
Cached:          1206716 kB
MemTotal:        1844596 kB
MemFree:          105108 kB
MemAvailable:    1386104 kB
Buffers:           97376 kB
Cached:          1206716 kB
MemTotal:        1844596 kB
MemFree:          105108 kB
MemAvailable:    1386104 kB
Buffers:           97376 kB
Cached:          1206716 kB
MemTotal:        1844596 kB
MemFree:          103256 kB
MemAvailable:    1384252 kB
Buffers:           97376 kB
Cached:          1206716 kB
MemTotal:        1844596 kB
MemFree:          103680 kB
MemAvailable:    1384676 kB
Buffers:           97376 kB
Cached:          1206716 kB
MemTotal:        1844596 kB
MemFree:          102944 kB
MemAvailable:    1383940 kB
Buffers:           97376 kB
Cached:          1206716 kB
MemTotal:        1844596 kB
MemFree:          102572 kB
MemAvailable:    1383568 kB
Buffers:           97376 kB
Cached:          1206716 kB
MemTotal:        1844596 kB
MemFree:          102824 kB
MemAvailable:    1383820 kB
Buffers:           97376 kB
Cached:          1206716 kB
MemTotal:        1844596 kB
MemFree:          101464 kB
MemAvailable:    1382460 kB
Buffers:           97376 kB
Cached:          1206716 kB
MemTotal:        1844596 kB
MemFree:          101464 kB
MemAvailable:    1382460 kB
Buffers:           97376 kB
Cached:          1206716 kB
MemTotal:        1844596 kB
MemFree:          102636 kB
MemAvailable:    1383632 kB
Buffers:           97376 kB
Cached:          1206716 kB
MemTotal:        1844596 kB
MemFree:          101892 kB
MemAvailable:    1382888 kB
Buffers:           97376 kB
Cached:          1206716 kB
MemTotal:        1844596 kB
MemFree:          102124 kB
MemAvailable:    1383120 kB
Buffers:           97376 kB
Cached:          1206716 kB
MemTotal:        1844596 kB
MemFree:          102124 kB
MemAvailable:    1383120 kB
Buffers:           97376 kB
Cached:          1206716 kB
MemTotal:        1844596 kB
MemFree:          101140 kB
MemAvailable:    1382136 kB
Buffers:           97376 kB
Cached:          1206716 kB
MemTotal:        1844596 kB
MemFree:          101396 kB
MemAvailable:    1382392 kB
Buffers:           97376 kB
Cached:          1206716 kB
MemTotal:        1844596 kB
MemFree:          100876 kB
MemAvailable:    1381872 kB
Buffers:           97376 kB
Cached:          1206716 kB
MemTotal:        1844596 kB
MemFree:          101044 kB
MemAvailable:    1382040 kB
Buffers:           97376 kB
Cached:          1206716 kB
MemTotal:        1844596 kB
MemFree:           99508 kB
MemAvailable:    1380504 kB
Buffers:           97376 kB
Cached:          1206716 kB
MemTotal:        1844596 kB
MemFree:           99340 kB
MemAvailable:    1380336 kB
Buffers:           97376 kB
Cached:          1206716 kB
MemTotal:        1844596 kB
MemFree:           99440 kB
MemAvailable:    1380436 kB
Buffers:           97376 kB
Cached:          1206716 kB
MemTotal:        1844596 kB
MemFree:          101272 kB
MemAvailable:    1382268 kB
Buffers:           97376 kB
Cached:          1206716 kB
MemTotal:        1844596 kB
MemFree:          100828 kB
MemAvailable:    1381824 kB
Buffers:           97376 kB
Cached:          1206716 kB
MemTotal:        1844596 kB
MemFree:          101164 kB
MemAvailable:    1382160 kB
Buffers:           97376 kB
Cached:          1206716 kB
MemTotal:        1844596 kB
MemFree:          101056 kB
MemAvailable:    1382052 kB
Buffers:           97376 kB
Cached:          1206716 kB
MemTotal:        1844596 kB
MemFree:          100164 kB
MemAvailable:    1381160 kB
Buffers:           97376 kB
Cached:          1206716 kB
MemTotal:        1844596 kB
MemFree:          100884 kB
MemAvailable:    1381880 kB
Buffers:           97376 kB
Cached:          1206716 kB
MemTotal:        1844596 kB
MemFree:          101220 kB
MemAvailable:    1382216 kB
Buffers:           97376 kB
Cached:          1206716 kB
MemTotal:        1844596 kB
MemFree:           99736 kB
MemAvailable:    1380732 kB
Buffers:           97376 kB
Cached:          1206716 kB
MemTotal:        1844596 kB
MemFree:          100976 kB
MemAvailable:    1381972 kB
Buffers:           97376 kB
Cached:          1206716 kB
MemTotal:        1844596 kB
MemFree:          101208 kB
MemAvailable:    1382204 kB
Buffers:           97376 kB
Cached:          1206716 kB
MemTotal:        1844596 kB
MemFree:          100280 kB
MemAvailable:    1381276 kB
Buffers:           97376 kB
Cached:          1206716 kB
MemTotal:        1844596 kB
MemFree:          100156 kB
MemAvailable:    1381160 kB
Buffers:           97376 kB
Cached:          1206724 kB
MemTotal:        1844596 kB
MemFree:          101388 kB
MemAvailable:    1382392 kB
Buffers:           97376 kB
Cached:          1206724 kB
MemTotal:        1844596 kB
MemFree:          101192 kB
MemAvailable:    1382196 kB
Buffers:           97376 kB
Cached:          1206724 kB
MemTotal:        1844596 kB
MemFree:           99892 kB
MemAvailable:    1380896 kB
Buffers:           97376 kB
Cached:          1206724 kB
MemTotal:        1844596 kB
MemFree:          101068 kB
MemAvailable:    1382072 kB
Buffers:           97376 kB
Cached:          1206724 kB
MemTotal:        1844596 kB
MemFree:          101000 kB
MemAvailable:    1382004 kB
Buffers:           97376 kB
Cached:          1206724 kB
MemTotal:        1844596 kB
MemFree:          101032 kB
MemAvailable:    1382036 kB
Buffers:           97376 kB
Cached:          1206724 kB
MemTotal:        1844596 kB
MemFree:          100976 kB
MemAvailable:    1381980 kB
Buffers:           97376 kB
Cached:          1206724 kB
MemTotal:        1844596 kB
MemFree:           99856 kB
MemAvailable:    1380860 kB
Buffers:           97376 kB
Cached:          1206724 kB
MemTotal:        1844596 kB
MemFree:          101088 kB
MemAvailable:    1382092 kB
Buffers:           97376 kB
Cached:          1206724 kB
MemTotal:        1844596 kB
MemFree:          100876 kB
MemAvailable:    1381880 kB
Buffers:           97376 kB
Cached:          1206724 kB
MemTotal:        1844596 kB
MemFree:          101132 kB
MemAvailable:    1382136 kB
Buffers:           97376 kB
Cached:          1206724 kB
MemTotal:        1844596 kB
MemFree:          101108 kB
MemAvailable:    1382112 kB
Buffers:           97376 kB
Cached:          1206724 kB
MemTotal:        1844596 kB
MemFree:           99736 kB
MemAvailable:    1380740 kB
Buffers:           97376 kB
Cached:          1206724 kB
MemTotal:        1844596 kB
MemFree:          100976 kB
MemAvailable:    1381984 kB
Buffers:           97376 kB
Cached:          1206728 kB
MemTotal:        1844596 kB
MemFree:          101232 kB
MemAvailable:    1382240 kB
Buffers:           97376 kB
Cached:          1206728 kB
MemTotal:        1844596 kB
MemFree:          101144 kB
MemAvailable:    1382152 kB
Buffers:           97376 kB
Cached:          1206728 kB
MemTotal:        1844596 kB
MemFree:          101260 kB
MemAvailable:    1382268 kB
Buffers:           97376 kB
Cached:          1206728 kB
MemTotal:        1844596 kB
MemFree:          100940 kB
MemAvailable:    1381948 kB
Buffers:           97376 kB
Cached:          1206728 kB
MemTotal:        1844596 kB
MemFree:          100872 kB
MemAvailable:    1381880 kB
Buffers:           97376 kB
Cached:          1206728 kB
MemTotal:        1844596 kB
MemFree:           99980 kB
MemAvailable:    1380988 kB
Buffers:           97376 kB
Cached:          1206728 kB
MemTotal:        1844596 kB
MemFree:          100760 kB
MemAvailable:    1381768 kB
Buffers:           97376 kB
Cached:          1206728 kB
MemTotal:        1844596 kB
MemFree:          100928 kB
MemAvailable:    1381936 kB
Buffers:           97376 kB
Cached:          1206728 kB
MemTotal:        1844596 kB
MemFree:          101204 kB
MemAvailable:    1382212 kB
Buffers:           97376 kB
Cached:          1206728 kB
MemTotal:        1844596 kB
MemFree:          100536 kB
MemAvailable:    1381544 kB
Buffers:           97376 kB
Cached:          1206728 kB
MemTotal:        1844596 kB
MemFree:           94568 kB
MemAvailable:    1375576 kB
Buffers:           97376 kB
Cached:          1206728 kB
MemTotal:        1844596 kB
MemFree:           94568 kB
MemAvailable:    1375576 kB
Buffers:           97376 kB
Cached:          1206728 kB
MemTotal:        1844596 kB
MemFree:           89368 kB
MemAvailable:    1370376 kB
Buffers:           97376 kB
Cached:          1206728 kB
MemTotal:        1844596 kB
MemFree:           87568 kB
MemAvailable:    1368576 kB
Buffers:           97376 kB
Cached:          1206728 kB
MemTotal:        1844596 kB
MemFree:           84664 kB
MemAvailable:    1365672 kB
Buffers:           97376 kB
Cached:          1206728 kB
MemTotal:        1844596 kB
MemFree:           81796 kB
MemAvailable:    1362804 kB
Buffers:           97376 kB
Cached:          1206728 kB
MemTotal:        1844596 kB
MemFree:           81688 kB
MemAvailable:    1362696 kB
Buffers:           97376 kB
Cached:          1206728 kB
MemTotal:        1844596 kB
MemFree:           81548 kB
MemAvailable:    1362556 kB
Buffers:           97376 kB
Cached:          1206728 kB
MemTotal:        1844596 kB
MemFree:           81440 kB
MemAvailable:    1362448 kB
Buffers:           97376 kB
Cached:          1206728 kB
MemTotal:        1844596 kB
MemFree:           81548 kB
MemAvailable:    1362556 kB
Buffers:           97376 kB
Cached:          1206728 kB
MemTotal:        1844596 kB
MemFree:           81564 kB
MemAvailable:    1362572 kB
Buffers:           97376 kB
Cached:          1206728 kB
MemTotal:        1844596 kB
MemFree:           81508 kB
MemAvailable:    1362516 kB
Buffers:           97376 kB
Cached:          1206728 kB
MemTotal:        1844596 kB
MemFree:           80676 kB
MemAvailable:    1361684 kB
Buffers:           97376 kB
Cached:          1206728 kB
MemTotal:        1844596 kB
MemFree:           80428 kB
MemAvailable:    1361436 kB
Buffers:           97376 kB
Cached:          1206728 kB
MemTotal:        1844596 kB
MemFree:           80256 kB
MemAvailable:    1361264 kB
Buffers:           97376 kB
Cached:          1206728 kB
MemTotal:        1844596 kB
MemFree:           80256 kB
MemAvailable:    1361264 kB
Buffers:           97376 kB
Cached:          1206728 kB
MemTotal:        1844596 kB
MemFree:           81556 kB
MemAvailable:    1362564 kB
Buffers:           97376 kB
Cached:          1206728 kB
MemTotal:        1844596 kB
MemFree:           80248 kB
MemAvailable:    1361256 kB
Buffers:           97376 kB
Cached:          1206728 kB
MemTotal:        1844596 kB
MemFree:           81608 kB
MemAvailable:    1362616 kB
Buffers:           97376 kB
Cached:          1206728 kB
MemTotal:        1844596 kB
MemFree:           81564 kB
MemAvailable:    1362572 kB
Buffers:           97376 kB
Cached:          1206728 kB
MemTotal:        1844596 kB
MemFree:           81424 kB
MemAvailable:    1362432 kB
Buffers:           97376 kB
Cached:          1206728 kB
MemTotal:        1844596 kB
MemFree:           80300 kB
MemAvailable:    1361308 kB
Buffers:           97376 kB
Cached:          1206728 kB
MemTotal:        1844596 kB
MemFree:           81152 kB
MemAvailable:    1362160 kB
Buffers:           97376 kB
Cached:          1206728 kB
MemTotal:        1844596 kB
MemFree:           81308 kB
MemAvailable:    1362316 kB
Buffers:           97376 kB
Cached:          1206728 kB
MemTotal:        1844596 kB
MemFree:           81156 kB
MemAvailable:    1362164 kB
Buffers:           97376 kB
Cached:          1206728 kB
MemTotal:        1844596 kB
MemFree:           80812 kB
MemAvailable:    1361820 kB
Buffers:           97376 kB
Cached:          1206728 kB
MemTotal:        1844596 kB
MemFree:           80056 kB
MemAvailable:    1361064 kB
Buffers:           97376 kB
Cached:          1206728 kB
MemTotal:        1844596 kB
MemFree:           81232 kB
MemAvailable:    1362240 kB
Buffers:           97376 kB
Cached:          1206728 kB
MemTotal:        1844596 kB
MemFree:           81356 kB
MemAvailable:    1362364 kB
Buffers:           97376 kB
Cached:          1206728 kB
MemTotal:        1844596 kB
MemFree:           81120 kB
MemAvailable:    1362128 kB
Buffers:           97376 kB
Cached:          1206728 kB
MemTotal:        1844596 kB
MemFree:           79688 kB
MemAvailable:    1360696 kB
Buffers:           97376 kB
Cached:          1206728 kB
MemTotal:        1844596 kB
MemFree:           80432 kB
MemAvailable:    1361440 kB
Buffers:           97376 kB
Cached:          1206728 kB
MemTotal:        1844596 kB
MemFree:           80432 kB
MemAvailable:    1361440 kB
Buffers:           97376 kB
Cached:          1206728 kB
MemTotal:        1844596 kB
MemFree:           73372 kB
MemAvailable:    1354380 kB
Buffers:           97376 kB
Cached:          1206728 kB
MemTotal:        1844596 kB
MemFree:           72136 kB
MemAvailable:    1353144 kB
Buffers:           97376 kB
Cached:          1206728 kB
MemTotal:        1844596 kB
MemFree:           71752 kB
MemAvailable:    1352760 kB
Buffers:           97376 kB
Cached:          1206728 kB
MemTotal:        1844596 kB
MemFree:           70264 kB
MemAvailable:    1351272 kB
Buffers:           97376 kB
Cached:          1206728 kB
MemTotal:        1844596 kB
MemFree:           70148 kB
MemAvailable:    1351156 kB
Buffers:           97376 kB
Cached:          1206728 kB
MemTotal:        1844596 kB
MemFree:           71440 kB
MemAvailable:    1352448 kB
Buffers:           97376 kB
Cached:          1206728 kB
MemTotal:        1844596 kB
MemFree:           70140 kB
MemAvailable:    1351148 kB
Buffers:           97376 kB
Cached:          1206728 kB
MemTotal:        1844596 kB
MemFree:           71076 kB
MemAvailable:    1352084 kB
Buffers:           97376 kB
Cached:          1206728 kB
MemTotal:        1844596 kB
MemFree:           71328 kB
MemAvailable:    1352336 kB
Buffers:           97376 kB
Cached:          1206728 kB
MemTotal:        1844596 kB
MemFree:           69640 kB
MemAvailable:    1350648 kB
Buffers:           97376 kB
Cached:          1206728 kB
MemTotal:        1844596 kB
MemFree:           68276 kB
MemAvailable:    1349284 kB
Buffers:           97376 kB
Cached:          1206728 kB
MemTotal:        1844596 kB
MemFree:           68016 kB
MemAvailable:    1349108 kB
Buffers:           97376 kB
Cached:          1206852 kB
MemTotal:        1844596 kB
MemFree:           68652 kB
MemAvailable:    1349996 kB
Buffers:           97376 kB
Cached:          1207100 kB
MemTotal:        1844596 kB
MemFree:           68488 kB
MemAvailable:    1349832 kB
Buffers:           97376 kB
Cached:          1207100 kB
MemTotal:        1844596 kB
MemFree:           67448 kB
MemAvailable:    1348876 kB
Buffers:           97376 kB
Cached:          1207224 kB
MemTotal:        1844596 kB
MemFree:           67180 kB
MemAvailable:    1348692 kB
Buffers:           97376 kB
Cached:          1207348 kB
MemTotal:        1844596 kB
MemFree:           68440 kB
MemAvailable:    1350036 kB
Buffers:           97376 kB
Cached:          1207348 kB
MemTotal:        1844596 kB
MemFree:           68868 kB
MemAvailable:    1350464 kB
Buffers:           97376 kB
Cached:          1207348 kB
MemTotal:        1844596 kB
MemFree:           68364 kB
MemAvailable:    1349960 kB
Buffers:           97376 kB
Cached:          1207348 kB
MemTotal:        1844596 kB
MemFree:           68216 kB
MemAvailable:    1349812 kB
Buffers:           97376 kB
Cached:          1207348 kB
MemTotal:        1844596 kB
MemFree:           68144 kB
MemAvailable:    1349740 kB
Buffers:           97376 kB
Cached:          1207348 kB
MemTotal:        1844596 kB
MemFree:           68256 kB
MemAvailable:    1349852 kB
Buffers:           97376 kB
Cached:          1207348 kB
MemTotal:        1844596 kB
MemFree:           68436 kB
MemAvailable:    1350032 kB
Buffers:           97376 kB
Cached:          1207348 kB
MemTotal:        1844596 kB
MemFree:           68364 kB
MemAvailable:    1349960 kB
Buffers:           97376 kB
Cached:          1207348 kB
MemTotal:        1844596 kB
MemFree:           68640 kB
MemAvailable:    1350320 kB
Buffers:           97376 kB
Cached:          1207348 kB
MemTotal:        1844596 kB
MemFree:           69580 kB
MemAvailable:    1350588 kB
Buffers:           97376 kB
Cached:          1206716 kB
MemTotal:        1844596 kB
MemFree:           67604 kB
MemAvailable:    1348612 kB
Buffers:           97376 kB
Cached:          1206716 kB
MemTotal:        1844596 kB
MemFree:           67736 kB
MemAvailable:    1348744 kB
Buffers:           97376 kB
Cached:          1206716 kB
MemTotal:        1844596 kB
MemFree:          208608 kB
MemAvailable:    1489616 kB
Buffers:           97376 kB
Cached:          1206716 kB
MemTotal:        1844596 kB
MemFree:          263056 kB
MemAvailable:    1544064 kB
Buffers:           97376 kB
Cached:          1206716 kB
