MemTotal:        1844596 kB
MemFree:          258484 kB
MemAvailable:    1544376 kB
Buffers:          103044 kB
Cached:          1200152 kB
MemTotal:        1844596 kB
MemFree:          232432 kB
MemAvailable:    1518360 kB
Buffers:          103044 kB
Cached:          1200152 kB
MemTotal:        1844596 kB
MemFree:          230324 kB
MemAvailable:    1516252 kB
Buffers:          103044 kB
Cached:          1200152 kB
MemTotal:        1844596 kB
MemFree:          229076 kB
MemAvailable:    1515004 kB
Buffers:          103044 kB
Cached:          1200152 kB
MemTotal:        1844596 kB
MemFree:          227456 kB
MemAvailable:    1513384 kB
Buffers:          103044 kB
Cached:          1200152 kB
MemTotal:        1844596 kB
MemFree:          227224 kB
MemAvailable:    1513152 kB
Buffers:          103044 kB
Cached:          1200152 kB
MemTotal:        1844596 kB
MemFree:          225736 kB
MemAvailable:    1511664 kB
Buffers:          103044 kB
Cached:          1200152 kB
MemTotal:        1844596 kB
MemFree:          223488 kB
MemAvailable:    1509416 kB
Buffers:          103044 kB
Cached:          1200152 kB
MemTotal:        1844596 kB
MemFree:          222760 kB
MemAvailable:    1508688 kB
Buffers:          103044 kB
Cached:          1200152 kB
MemTotal:        1844596 kB
MemFree:          220776 kB
MemAvailable:    1506704 kB
Buffers:          103044 kB
Cached:          1200152 kB
MemTotal:        1844596 kB
MemFree:          215320 kB
MemAvailable:    1501248 kB
Buffers:          103044 kB
Cached:          1200152 kB
MemTotal:        1844596 kB
MemFree:          217628 kB
MemAvailable:    1503556 kB
Buffers:          103044 kB
Cached:          1200152 kB
MemTotal:        1844596 kB
MemFree:          218852 kB
MemAvailable:    1504780 kB
Buffers:          103044 kB
Cached:          1200152 kB
MemTotal:        1844596 kB
MemFree:          218976 kB
MemAvailable:    1504904 kB
Buffers:          103044 kB
Cached:          1200152 kB
MemTotal:        1844596 kB
MemFree:          217544 kB
MemAvailable:    1503472 kB
Buffers:          103044 kB
Cached:          1200152 kB
MemTotal:        1844596 kB
MemFree:          218652 kB
MemAvailable:    1504580 kB
Buffers:          103044 kB
Cached:          1200152 kB
MemTotal:        1844596 kB
MemFree:          218736 kB
MemAvailable:    1504664 kB
Buffers:          103044 kB
Cached:          1200152 kB
MemTotal:        1844596 kB
MemFree:          218356 kB
MemAvailable:    1504284 kB
Buffers:          103044 kB
Cached:          1200152 kB
MemTotal:        1844596 kB
MemFree:          218260 kB
MemAvailable:    1504188 kB
Buffers:          103044 kB
Cached:          1200152 kB
MemTotal:        1844596 kB
MemFree:          216676 kB
MemAvailable:    1502604 kB
Buffers:          103044 kB
Cached:          1200152 kB
MemTotal:        1844596 kB
MemFree:          216808 kB
MemAvailable:    1502736 kB
Buffers:          103044 kB
Cached:          1200152 kB
MemTotal:        1844596 kB
MemFree:          218296 kB
MemAvailable:    1504224 kB
Buffers:          103044 kB
Cached:          1200152 kB
MemTotal:        1844596 kB
MemFree:          217916 kB
MemAvailable:    1503844 kB
Buffers:          103044 kB
Cached:          1200152 kB
MemTotal:        1844596 kB
MemFree:          217684 kB
MemAvailable:    1503612 kB
Buffers:          103044 kB
Cached:          1200152 kB
MemTotal:        1844596 kB
MemFree:          216428 kB
MemAvailable:    1502356 kB
Buffers:          103044 kB
Cached:          1200152 kB
MemTotal:        1844596 kB
MemFree:          216428 kB
MemAvailable:    1502356 kB
Buffers:          103044 kB
Cached:          1200152 kB
MemTotal:        1844596 kB
MemFree:          216064 kB
MemAvailable:    1501992 kB
Buffers:          103044 kB
Cached:          1200152 kB
MemTotal:        1844596 kB
MemFree:          216800 kB
MemAvailable:    1502728 kB
Buffers:          103044 kB
Cached:          1200152 kB
MemTotal:        1844596 kB
MemFree:          216800 kB
MemAvailable:    1502728 kB
Buffers:          103044 kB
Cached:          1200152 kB
MemTotal:        1844596 kB
MemFree:          216372 kB
MemAvailable:    1502300 kB
Buffers:          103044 kB
Cached:          1200152 kB
MemTotal:        1844596 kB
MemFree:          215800 kB
MemAvailable:    1501728 kB
Buffers:          103044 kB
Cached:          1200152 kB
MemTotal:        1844596 kB
MemFree:          216136 kB
MemAvailable:    1502064 kB
Buffers:          103044 kB
Cached:          1200152 kB
MemTotal:        1844596 kB
MemFree:          214940 kB
MemAvailable:    1500868 kB
Buffers:          103044 kB
Cached:          1200152 kB
MemTotal:        1844596 kB
MemFree:          214692 kB
MemAvailable:    1500620 kB
Buffers:          103044 kB
Cached:          1200152 kB
MemTotal:        1844596 kB
MemFree:          215932 kB
MemAvailable:    1501860 kB
Buffers:          103044 kB
Cached:          1200152 kB
MemTotal:        1844596 kB
MemFree:          214636 kB
MemAvailable:    1500564 kB
Buffers:          103044 kB
Cached:          1200152 kB
MemTotal:        1844596 kB
MemFree:          214520 kB
MemAvailable:    1500448 kB
Buffers:          103044 kB
Cached:          1200152 kB
MemTotal:        1844596 kB
MemFree:          215428 kB
MemAvailable:    1501356 kB
Buffers:          103044 kB
Cached:          1200152 kB
MemTotal:        1844596 kB
MemFree:          215072 kB
MemAvailable:    1501000 kB
Buffers:          103044 kB
Cached:          1200152 kB
MemTotal:        1844596 kB
MemFree:          211848 kB
MemAvailable:    1497776 kB
Buffers:          103044 kB
Cached:          1200152 kB
MemTotal:        1844596 kB
MemFree:          209492 kB
MemAvailable:    1495420 kB
Buffers:          103044 kB
Cached:          1200152 kB
MemTotal:        1844596 kB
MemFree:          210664 kB
MemAvailable:    1496592 kB
Buffers:          103044 kB
Cached:          1200152 kB
MemTotal:        1844596 kB
MemFree:          210664 kB
MemAvailable:    1496592 kB
Buffers:          103044 kB
Cached:          1200152 kB
MemTotal:        1844596 kB
MemFree:          208972 kB
MemAvailable:    1494900 kB
Buffers:          103044 kB
Cached:          1200152 kB
MemTotal:        1844596 kB
MemFree:          210272 kB
MemAvailable:    1496200 kB
Buffers:          103044 kB
Cached:          1200152 kB
MemTotal:        1844596 kB
MemFree:          209120 kB
MemAvailable:    1495048 kB
Buffers:          103044 kB
Cached:          1200152 kB
MemTotal:        1844596 kB
MemFree:          210040 kB
MemAvailable:    1495968 kB
Buffers:          103044 kB
Cached:          1200152 kB
MemTotal:        1844596 kB
MemFree:          209244 kB
MemAvailable:    1495172 kB
Buffers:          103044 kB
Cached:          1200152 kB
MemTotal:        1844596 kB
MemFree:          209960 kB
MemAvailable:    1495896 kB
Buffers:          103044 kB
Cached:          1200160 kB
MemTotal:        1844596 kB
MemFree:          209952 kB
MemAvailable:    1495888 kB
Buffers:          103044 kB
Cached:          1200160 kB
MemTotal:        1844596 kB
MemFree:          209760 kB
MemAvailable:    1495696 kB
Buffers:          103044 kB
Cached:          1200160 kB
MemTotal:        1844596 kB
MemFree:          209868 kB
MemAvailable:    1495804 kB
Buffers:          103044 kB
Cached:          1200160 kB
MemTotal:        1844596 kB
MemFree:          208628 kB
MemAvailable:    1494564 kB
Buffers:          103044 kB
Cached:          1200160 kB
MemTotal:        1844596 kB
MemFree:          209372 kB
MemAvailable:    1495308 kB
Buffers:          103044 kB
Cached:          1200160 kB
MemTotal:        1844596 kB
MemFree:          208892 kB
MemAvailable:    1494828 kB
Buffers:          103044 kB
Cached:          1200160 kB
MemTotal:        1844596 kB
MemFree:          204420 kB
MemAvailable:    1490356 kB
Buffers:          103044 kB
Cached:          1200160 kB
MemTotal:        1844596 kB
MemFree:          203048 kB
MemAvailable:    1488984 kB
Buffers:          103044 kB
Cached:          1200160 kB
MemTotal:        1844596 kB
MemFree:          202932 kB
MemAvailable:    1488868 kB
Buffers:          103044 kB
Cached:          1200160 kB
MemTotal:        1844596 kB
MemFree:          202312 kB
MemAvailable:    1488248 kB
Buffers:          103044 kB
Cached:          1200160 kB
MemTotal:        1844596 kB
MemFree:          201932 kB
MemAvailable:    1487868 kB
Buffers:          103044 kB
Cached:          1200160 kB
MemTotal:        1844596 kB
MemFree:          202184 kB
MemAvailable:    1488120 kB
Buffers:          103044 kB
Cached:          1200160 kB
MemTotal:        1844596 kB
MemFree:          201692 kB
MemAvailable:    1487628 kB
Buffers:          103044 kB
Cached:          1200160 kB
MemTotal:        1844596 kB
MemFree:          201496 kB
MemAvailable:    1487432 kB
Buffers:          103044 kB
Cached:          1200160 kB
MemTotal:        1844596 kB
MemFree:          200444 kB
MemAvailable:    1486380 kB
Buffers:          103044 kB
Cached:          1200160 kB
MemTotal:        1844596 kB
MemFree:          200444 kB
MemAvailable:    1486380 kB
Buffers:          103044 kB
Cached:          1200160 kB
MemTotal:        1844596 kB
MemFree:          201312 kB
MemAvailable:    1487248 kB
Buffers:          103044 kB
Cached:          1200160 kB
MemTotal:        1844596 kB
MemFree:          200024 kB
MemAvailable:    1485960 kB
Buffers:          103044 kB
Cached:          1200160 kB
MemTotal:        1844596 kB
MemFree:          201168 kB
MemAvailable:    1487104 kB
Buffers:          103044 kB
Cached:          1200160 kB
MemTotal:        1844596 kB
MemFree:          201072 kB
MemAvailable:    1487008 kB
Buffers:          103044 kB
Cached:          1200160 kB
MemTotal:        1844596 kB
MemFree:          199944 kB
MemAvailable:    1485880 kB
Buffers:          103044 kB
Cached:          1200160 kB
MemTotal:        1844596 kB
MemFree:          201128 kB
MemAvailable:    1487064 kB
Buffers:          103044 kB
Cached:          1200160 kB
MemTotal:        1844596 kB
MemFree:          201212 kB
MemAvailable:    1487148 kB
Buffers:          103044 kB
Cached:          1200160 kB
MemTotal:        1844596 kB
MemFree:          201172 kB
MemAvailable:    1487108 kB
Buffers:          103044 kB
Cached:          1200160 kB
MemTotal:        1844596 kB
MemFree:          201124 kB
MemAvailable:    1487060 kB
Buffers:          103044 kB
Cached:          1200160 kB
MemTotal:        1844596 kB
MemFree:          199884 kB
MemAvailable:    1485820 kB
Buffers:          103044 kB
Cached:          1200160 kB
MemTotal:        1844596 kB
MemFree:          201292 kB
MemAvailable:    1487228 kB
Buffers:          103044 kB
Cached:          1200160 kB
MemTotal:        1844596 kB
MemFree:          201240 kB
MemAvailable:    1487176 kB
Buffers:          103044 kB
Cached:          1200160 kB
MemTotal:        1844596 kB
MemFree:          200920 kB
MemAvailable:    1486856 kB
Buffers:          103044 kB
Cached:          1200160 kB
MemTotal:        1844596 kB
MemFree:          200884 kB
MemAvailable:    1486820 kB
Buffers:          103044 kB
Cached:          1200160 kB
MemTotal:        1844596 kB
MemFree:          200816 kB
MemAvailable:    1486752 kB
Buffers:          103044 kB
Cached:          1200160 kB
MemTotal:        1844596 kB
MemFree:          200956 kB
MemAvailable:    1486892 kB
Buffers:          103044 kB
Cached:          1200160 kB
MemTotal:        1844596 kB
MemFree:          196856 kB
MemAvailable:    1482792 kB
Buffers:          103044 kB
Cached:          1200160 kB
MemTotal:        1844596 kB
MemFree:          194244 kB
MemAvailable:    1480180 kB
Buffers:          103044 kB
Cached:          1200160 kB
MemTotal:        1844596 kB
MemFree:          193392 kB
MemAvailable:    1479328 kB
Buffers:          103044 kB
Cached:          1200160 kB
MemTotal:        1844596 kB
MemFree:          192888 kB
MemAvailable:    1478824 kB
Buffers:          103044 kB
Cached:          1200160 kB
MemTotal:        1844596 kB
MemFree:          191516 kB
MemAvailable:    1477452 kB
Buffers:          103044 kB
Cached:          1200160 kB
MemTotal:        1844596 kB
MemFree:          192748 kB
MemAvailable:    1478684 kB
Buffers:          103044 kB
Cached:          1200160 kB
MemTotal:        1844596 kB
MemFree:          192260 kB
MemAvailable:    1478196 kB
Buffers:          103044 kB
Cached:          1200160 kB
MemTotal:        1844596 kB
MemFree:          191780 kB
MemAvailable:    1477716 kB
Buffers:          103044 kB
Cached:          1200160 kB
MemTotal:        1844596 kB
MemFree:          192220 kB
MemAvailable:    1478156 kB
Buffers:          103044 kB
Cached:          1200160 kB
MemTotal:        1844596 kB
MemFree:          192444 kB
MemAvailable:    1478380 kB
Buffers:          103044 kB
Cached:          1200160 kB
MemTotal:        1844596 kB
MemFree:          192528 kB
MemAvailable:    1478464 kB
Buffers:          103044 kB
Cached:          1200160 kB
MemTotal:        1844596 kB
MemFree:          192252 kB
MemAvailable:    1478188 kB
Buffers:          103044 kB
Cached:          1200160 kB
MemTotal:        1844596 kB
MemFree:          190964 kB
MemAvailable:    1476900 kB
Buffers:          103044 kB
Cached:          1200160 kB
MemTotal:        1844596 kB
MemFree:          192208 kB
MemAvailable:    1478144 kB
Buffers:          103044 kB
Cached:          1200160 kB
MemTotal:        1844596 kB
MemFree:          192208 kB
MemAvailable:    1478144 kB
Buffers:          103044 kB
Cached:          1200160 kB
MemTotal:        1844596 kB
MemFree:          190888 kB
MemAvailable:    1476824 kB
Buffers:          103044 kB
Cached:          1200160 kB
MemTotal:        1844596 kB
MemFree:          192272 kB
MemAvailable:    1478208 kB
Buffers:          103044 kB
Cached:          1200160 kB
MemTotal:        1844596 kB
MemFree:          192308 kB
MemAvailable:    1478244 kB
Buffers:          103044 kB
Cached:          1200160 kB
MemTotal:        1844596 kB
MemFree:          191000 kB
MemAvailable:    1476936 kB
Buffers:          103044 kB
Cached:          1200160 kB
MemTotal:        1844596 kB
MemFree:          190828 kB
MemAvailable:    1476764 kB
Buffers:          103044 kB
Cached:          1200160 kB
MemTotal:        1844596 kB
MemFree:          192236 kB
MemAvailable:    1478172 kB
Buffers:          103044 kB
Cached:          1200160 kB
MemTotal:        1844596 kB
MemFree:          192388 kB
MemAvailable:    1478324 kB
Buffers:          103044 kB
Cached:          1200160 kB
MemTotal:        1844596 kB
MemFree:          190896 kB
MemAvailable:    1476832 kB
Buffers:          103044 kB
Cached:          1200160 kB
MemTotal:        1844596 kB
MemFree:          191020 kB
MemAvailable:    1476956 kB
Buffers:          103044 kB
Cached:          1200160 kB
MemTotal:        1844596 kB
MemFree:          191020 kB
MemAvailable:    1476956 kB
Buffers:          103044 kB
Cached:          1200160 kB
MemTotal:        1844596 kB
MemFree:          192256 kB
MemAvailable:    1478192 kB
Buffers:          103044 kB
Cached:          1200160 kB
MemTotal:        1844596 kB
MemFree:          192236 kB
MemAvailable:    1478172 kB
Buffers:          103044 kB
Cached:          1200160 kB
MemTotal:        1844596 kB
MemFree:          192464 kB
MemAvailable:    1478400 kB
Buffers:          103044 kB
Cached:          1200160 kB
MemTotal:        1844596 kB
MemFree:          190972 kB
MemAvailable:    1476908 kB
Buffers:          103044 kB
Cached:          1200160 kB
MemTotal:        1844596 kB
MemFree:          190972 kB
MemAvailable:    1476908 kB
Buffers:          103044 kB
Cached:          1200160 kB
MemTotal:        1844596 kB
MemFree:          192088 kB
MemAvailable:    1478024 kB
Buffers:          103044 kB
Cached:          1200160 kB
MemTotal:        1844596 kB
MemFree:          192488 kB
MemAvailable:    1478424 kB
Buffers:          103044 kB
Cached:          1200160 kB
MemTotal:        1844596 kB
MemFree:          192364 kB
MemAvailable:    1478300 kB
Buffers:          103044 kB
Cached:          1200160 kB
MemTotal:        1844596 kB
MemFree:          192104 kB
MemAvailable:    1478040 kB
Buffers:          103044 kB
Cached:          1200160 kB
MemTotal:        1844596 kB
MemFree:          192356 kB
MemAvailable:    1478292 kB
Buffers:          103044 kB
Cached:          1200160 kB
MemTotal:        1844596 kB
MemFree:          192088 kB
MemAvailable:    1478024 kB
Buffers:          103044 kB
Cached:          1200160 kB
MemTotal:        1844596 kB
MemFree:          190972 kB
MemAvailable:    1476908 kB
Buffers:          103044 kB
Cached:          1200160 kB
MemTotal:        1844596 kB
MemFree:          190640 kB
MemAvailable:    1476576 kB
Buffers:          103044 kB
Cached:          1200160 kB
MemTotal:        1844596 kB
MemFree:          190640 kB
MemAvailable:    1476576 kB
Buffers:          103044 kB
Cached:          1200160 kB
MemTotal:        1844596 kB
MemFree:          186004 kB
MemAvailable:    1471944 kB
Buffers:          103044 kB
Cached:          1200164 kB
MemTotal:        1844596 kB
MemFree:          182348 kB
MemAvailable:    1468288 kB
Buffers:          103044 kB
Cached:          1200164 kB
MemTotal:        1844596 kB
MemFree:          181544 kB
MemAvailable:    1467492 kB
Buffers:          103044 kB
Cached:          1200172 kB
MemTotal:        1844596 kB
MemFree:          181304 kB
MemAvailable:    1467252 kB
Buffers:          103044 kB
Cached:          1200172 kB
MemTotal:        1844596 kB
MemFree:          181560 kB
MemAvailable:    1467508 kB
Buffers:          103044 kB
Cached:          1200172 kB
MemTotal:        1844596 kB
MemFree:          181292 kB
MemAvailable:    1467240 kB
Buffers:          103044 kB
Cached:          1200172 kB
MemTotal:        1844596 kB
MemFree:          181292 kB
MemAvailable:    1467240 kB
Buffers:          103044 kB
Cached:          1200172 kB
MemTotal:        1844596 kB
MemFree:          181472 kB
MemAvailable:    1467420 kB
Buffers:          103044 kB
Cached:          1200172 kB
MemTotal:        1844596 kB
MemFree:          181360 kB
MemAvailable:    1467308 kB
Buffers:          103044 kB
Cached:          1200172 kB
MemTotal:        1844596 kB
MemFree:          180748 kB
MemAvailable:    1466696 kB
Buffers:          103044 kB
Cached:          1200172 kB
MemTotal:        1844596 kB
MemFree:          181856 kB
MemAvailable:    1467804 kB
Buffers:          103044 kB
Cached:          1200172 kB
MemTotal:        1844596 kB
MemFree:          180360 kB
MemAvailable:    1466308 kB
Buffers:          103044 kB
Cached:          1200172 kB
MemTotal:        1844596 kB
MemFree:          181560 kB
MemAvailable:    1467508 kB
Buffers:          103044 kB
Cached:          1200172 kB
MemTotal:        1844596 kB
MemFree:          180500 kB
MemAvailable:    1466448 kB
Buffers:          103044 kB
Cached:          1200172 kB
MemTotal:        1844596 kB
MemFree:          180236 kB
MemAvailable:    1466184 kB
Buffers:          103044 kB
Cached:          1200172 kB
MemTotal:        1844596 kB
MemFree:          181412 kB
MemAvailable:    1467360 kB
Buffers:          103044 kB
Cached:          1200172 kB
MemTotal:        1844596 kB
MemFree:          181664 kB
MemAvailable:    1467612 kB
Buffers:          103044 kB
Cached:          1200172 kB
MemTotal:        1844596 kB
MemFree:          180180 kB
MemAvailable:    1466128 kB
Buffers:          103044 kB
Cached:          1200172 kB
MemTotal:        1844596 kB
MemFree:          181340 kB
MemAvailable:    1467288 kB
Buffers:          103044 kB
Cached:          1200172 kB
MemTotal:        1844596 kB
MemFree:          180176 kB
MemAvailable:    1466124 kB
Buffers:          103044 kB
Cached:          1200172 kB
MemTotal:        1844596 kB
MemFree:          180040 kB
MemAvailable:    1465988 kB
Buffers:          103044 kB
Cached:          1200172 kB
MemTotal:        1844596 kB
MemFree:          181324 kB
MemAvailable:    1467272 kB
Buffers:          103044 kB
Cached:          1200172 kB
MemTotal:        1844596 kB
MemFree:          181264 kB
MemAvailable:    1467212 kB
Buffers:          103044 kB
Cached:          1200172 kB
MemTotal:        1844596 kB
MemFree:          181236 kB
MemAvailable:    1467184 kB
Buffers:          103044 kB
Cached:          1200172 kB
MemTotal:        1844596 kB
MemFree:          181400 kB
MemAvailable:    1467348 kB
Buffers:          103044 kB
Cached:          1200172 kB
MemTotal:        1844596 kB
MemFree:          181168 kB
MemAvailable:    1467116 kB
Buffers:          103044 kB
Cached:          1200172 kB
MemTotal:        1844596 kB
MemFree:          181504 kB
MemAvailable:    1467452 kB
Buffers:          103044 kB
Cached:          1200172 kB
MemTotal:        1844596 kB
MemFree:          181204 kB
MemAvailable:    1467152 kB
Buffers:          103044 kB
Cached:          1200172 kB
MemTotal:        1844596 kB
MemFree:          180576 kB
MemAvailable:    1466524 kB
Buffers:          103044 kB
Cached:          1200172 kB
MemTotal:        1844596 kB
MemFree:          181344 kB
MemAvailable:    1467292 kB
Buffers:          103044 kB
Cached:          1200172 kB
MemTotal:        1844596 kB
MemFree:          181596 kB
MemAvailable:    1467544 kB
Buffers:          103044 kB
Cached:          1200172 kB
MemTotal:        1844596 kB
MemFree:          180072 kB
MemAvailable:    1466020 kB
Buffers:          103044 kB
Cached:          1200172 kB
MemTotal:        1844596 kB
MemFree:          180072 kB
MemAvailable:    1466020 kB
Buffers:          103044 kB
Cached:          1200172 kB
MemTotal:        1844596 kB
MemFree:          181432 kB
MemAvailable:    1467380 kB
Buffers:          103044 kB
Cached:          1200172 kB
MemTotal:        1844596 kB
MemFree:          179936 kB
MemAvailable:    1465884 kB
Buffers:          103044 kB
Cached:          1200172 kB
MemTotal:        1844596 kB
MemFree:          181336 kB
MemAvailable:    1467284 kB
Buffers:          103044 kB
Cached:          1200172 kB
MemTotal:        1844596 kB
MemFree:          181336 kB
MemAvailable:    1467284 kB
Buffers:          103044 kB
Cached:          1200172 kB
MemTotal:        1844596 kB
MemFree:          181288 kB
MemAvailable:    1467236 kB
Buffers:          103044 kB
Cached:          1200172 kB
MemTotal:        1844596 kB
MemFree:          181420 kB
MemAvailable:    1467368 kB
Buffers:          103044 kB
Cached:          1200172 kB
MemTotal:        1844596 kB
MemFree:          180748 kB
MemAvailable:    1466696 kB
Buffers:          103044 kB
Cached:          1200172 kB
MemTotal:        1844596 kB
MemFree:          181600 kB
MemAvailable:    1467548 kB
Buffers:          103044 kB
Cached:          1200172 kB
MemTotal:        1844596 kB
MemFree:          180500 kB
MemAvailable:    1466448 kB
Buffers:          103044 kB
Cached:          1200172 kB
MemTotal:        1844596 kB
MemFree:          181344 kB
MemAvailable:    1467292 kB
Buffers:          103044 kB
Cached:          1200172 kB
MemTotal:        1844596 kB
MemFree:          181556 kB
MemAvailable:    1467504 kB
Buffers:          103044 kB
Cached:          1200172 kB
MemTotal:        1844596 kB
MemFree:          181304 kB
MemAvailable:    1467252 kB
Buffers:          103044 kB
Cached:          1200172 kB
MemTotal:        1844596 kB
MemFree:          181360 kB
MemAvailable:    1467308 kB
Buffers:          103044 kB
Cached:          1200172 kB
MemTotal:        1844596 kB
MemFree:          180300 kB
MemAvailable:    1466248 kB
Buffers:          103044 kB
Cached:          1200172 kB
MemTotal:        1844596 kB
MemFree:          181280 kB
MemAvailable:    1467228 kB
Buffers:          103044 kB
Cached:          1200172 kB
MemTotal:        1844596 kB
MemFree:          181448 kB
MemAvailable:    1467396 kB
Buffers:          103044 kB
Cached:          1200172 kB
MemTotal:        1844596 kB
MemFree:          181232 kB
MemAvailable:    1467180 kB
Buffers:          103044 kB
Cached:          1200172 kB
MemTotal:        1844596 kB
MemFree:          181048 kB
MemAvailable:    1466996 kB
Buffers:          103044 kB
Cached:          1200172 kB
MemTotal:        1844596 kB
MemFree:          180724 kB
MemAvailable:    1466672 kB
Buffers:          103044 kB
Cached:          1200172 kB
MemTotal:        1844596 kB
MemFree:          180120 kB
MemAvailable:    1466068 kB
Buffers:          103044 kB
Cached:          1200172 kB
MemTotal:        1844596 kB
MemFree:          180364 kB
MemAvailable:    1466312 kB
Buffers:          103044 kB
Cached:          1200172 kB
MemTotal:        1844596 kB
MemFree:          179108 kB
MemAvailable:    1465056 kB
Buffers:          103044 kB
Cached:          1200172 kB
MemTotal:        1844596 kB
MemFree:          179100 kB
MemAvailable:    1465048 kB
Buffers:          103044 kB
Cached:          1200172 kB
MemTotal:        1844596 kB
MemFree:          178968 kB
MemAvailable:    1464916 kB
Buffers:          103044 kB
Cached:          1200172 kB
MemTotal:        1844596 kB
MemFree:          180072 kB
MemAvailable:    1466020 kB
Buffers:          103044 kB
Cached:          1200172 kB
MemTotal:        1844596 kB
MemFree:          179996 kB
MemAvailable:    1465944 kB
Buffers:          103044 kB
Cached:          1200172 kB
MemTotal:        1844596 kB
MemFree:          178700 kB
MemAvailable:    1464648 kB
Buffers:          103044 kB
Cached:          1200172 kB
MemTotal:        1844596 kB
MemFree:          180124 kB
MemAvailable:    1466072 kB
Buffers:          103044 kB
Cached:          1200172 kB
MemTotal:        1844596 kB
MemFree:          180204 kB
MemAvailable:    1466152 kB
Buffers:          103044 kB
Cached:          1200172 kB
MemTotal:        1844596 kB
MemFree:          180176 kB
MemAvailable:    1466124 kB
Buffers:          103044 kB
Cached:          1200172 kB
MemTotal:        1844596 kB
MemFree:          179928 kB
MemAvailable:    1465876 kB
Buffers:          103044 kB
Cached:          1200172 kB
MemTotal:        1844596 kB
MemFree:          178556 kB
MemAvailable:    1464504 kB
Buffers:          103044 kB
Cached:          1200172 kB
MemTotal:        1844596 kB
MemFree:          179664 kB
MemAvailable:    1465612 kB
Buffers:          103044 kB
Cached:          1200172 kB
MemTotal:        1844596 kB
MemFree:          180004 kB
MemAvailable:    1465952 kB
Buffers:          103044 kB
Cached:          1200172 kB
MemTotal:        1844596 kB
MemFree:          179752 kB
MemAvailable:    1465700 kB
Buffers:          103044 kB
Cached:          1200172 kB
MemTotal:        1844596 kB
MemFree:          179880 kB
MemAvailable:    1465828 kB
Buffers:          103044 kB
Cached:          1200172 kB
MemTotal:        1844596 kB
MemFree:          179004 kB
MemAvailable:    1464952 kB
Buffers:          103044 kB
Cached:          1200172 kB
MemTotal:        1844596 kB
MemFree:          179604 kB
MemAvailable:    1465552 kB
Buffers:          103044 kB
Cached:          1200172 kB
MemTotal:        1844596 kB
MemFree:          179860 kB
MemAvailable:    1465808 kB
Buffers:          103044 kB
Cached:          1200172 kB
MemTotal:        1844596 kB
MemFree:          179688 kB
MemAvailable:    1465636 kB
Buffers:          103044 kB
Cached:          1200172 kB
MemTotal:        1844596 kB
MemFree:          177872 kB
MemAvailable:    1463820 kB
Buffers:          103044 kB
Cached:          1200172 kB
MemTotal:        1844596 kB
MemFree:          179700 kB
MemAvailable:    1465652 kB
Buffers:          103044 kB
Cached:          1200176 kB
MemTotal:        1844596 kB
MemFree:          178496 kB
MemAvailable:    1464448 kB
Buffers:          103044 kB
Cached:          1200176 kB
MemTotal:        1844596 kB
MemFree:          179748 kB
MemAvailable:    1465704 kB
Buffers:          103044 kB
Cached:          1200180 kB
MemTotal:        1844596 kB
MemFree:          178764 kB
MemAvailable:    1464720 kB
Buffers:          103044 kB
Cached:          1200180 kB
MemTotal:        1844596 kB
MemFree:          175904 kB
MemAvailable:    1461860 kB
Buffers:          103044 kB
Cached:          1200180 kB
MemTotal:        1844596 kB
MemFree:          173424 kB
MemAvailable:    1459380 kB
Buffers:          103044 kB
Cached:          1200180 kB
MemTotal:        1844596 kB
MemFree:          169084 kB
MemAvailable:    1455040 kB
Buffers:          103044 kB
Cached:          1200180 kB
MemTotal:        1844596 kB
MemFree:          168952 kB
MemAvailable:    1454908 kB
Buffers:          103044 kB
Cached:          1200180 kB
MemTotal:        1844596 kB
MemFree:          167720 kB
MemAvailable:    1453676 kB
Buffers:          103044 kB
Cached:          1200180 kB
MemTotal:        1844596 kB
MemFree:          168448 kB
MemAvailable:    1454404 kB
Buffers:          103044 kB
Cached:          1200180 kB
MemTotal:        1844596 kB
MemFree:          168340 kB
MemAvailable:    1454296 kB
Buffers:          103044 kB
Cached:          1200180 kB
MemTotal:        1844596 kB
MemFree:          167936 kB
MemAvailable:    1453892 kB
Buffers:          103044 kB
Cached:          1200180 kB
MemTotal:        1844596 kB
MemFree:          168020 kB
MemAvailable:    1453976 kB
Buffers:          103044 kB
Cached:          1200180 kB
MemTotal:        1844596 kB
MemFree:          167648 kB
MemAvailable:    1453604 kB
Buffers:          103044 kB
Cached:          1200180 kB
MemTotal:        1844596 kB
MemFree:          167472 kB
MemAvailable:    1453428 kB
Buffers:          103044 kB
Cached:          1200180 kB
MemTotal:        1844596 kB
MemFree:          165488 kB
MemAvailable:    1451444 kB
Buffers:          103044 kB
Cached:          1200180 kB
MemTotal:        1844596 kB
MemFree:          165968 kB
MemAvailable:    1451928 kB
Buffers:          103044 kB
Cached:          1200184 kB
MemTotal:        1844596 kB
MemFree:          165968 kB
MemAvailable:    1451928 kB
Buffers:          103044 kB
Cached:          1200184 kB
MemTotal:        1844596 kB
MemFree:          164920 kB
MemAvailable:    1450880 kB
Buffers:          103044 kB
Cached:          1200184 kB
MemTotal:        1844596 kB
MemFree:          164796 kB
MemAvailable:    1450756 kB
Buffers:          103044 kB
Cached:          1200184 kB
MemTotal:        1844596 kB
MemFree:          163760 kB
MemAvailable:    1449720 kB
Buffers:          103044 kB
Cached:          1200184 kB
MemTotal:        1844596 kB
MemFree:          164860 kB
MemAvailable:    1450820 kB
Buffers:          103044 kB
Cached:          1200184 kB
MemTotal:        1844596 kB
MemFree:          164572 kB
MemAvailable:    1450532 kB
Buffers:          103044 kB
Cached:          1200184 kB
MemTotal:        1844596 kB
MemFree:          164628 kB
MemAvailable:    1450588 kB
Buffers:          103044 kB
Cached:          1200184 kB
MemTotal:        1844596 kB
MemFree:          164356 kB
MemAvailable:    1450316 kB
Buffers:          103044 kB
Cached:          1200184 kB
MemTotal:        1844596 kB
MemFree:          164612 kB
MemAvailable:    1450572 kB
Buffers:          103044 kB
Cached:          1200184 kB
MemTotal:        1844596 kB
MemFree:          164632 kB
MemAvailable:    1450592 kB
Buffers:          103044 kB
Cached:          1200184 kB
MemTotal:        1844596 kB
MemFree:          164596 kB
MemAvailable:    1450556 kB
Buffers:          103044 kB
Cached:          1200184 kB
MemTotal:        1844596 kB
MemFree:          164480 kB
MemAvailable:    1450440 kB
Buffers:          103044 kB
Cached:          1200184 kB
MemTotal:        1844596 kB
MemFree:          164492 kB
MemAvailable:    1450452 kB
Buffers:          103044 kB
Cached:          1200184 kB
MemTotal:        1844596 kB
MemFree:          164536 kB
MemAvailable:    1450496 kB
Buffers:          103044 kB
Cached:          1200184 kB
MemTotal:        1844596 kB
MemFree:          164468 kB
MemAvailable:    1450428 kB
Buffers:          103044 kB
Cached:          1200184 kB
MemTotal:        1844596 kB
MemFree:          164724 kB
MemAvailable:    1450684 kB
Buffers:          103044 kB
Cached:          1200184 kB
MemTotal:        1844596 kB
MemFree:          162760 kB
MemAvailable:    1448720 kB
Buffers:          103044 kB
Cached:          1200184 kB
MemTotal:        1844596 kB
MemFree:          162636 kB
MemAvailable:    1448596 kB
Buffers:          103044 kB
Cached:          1200184 kB
MemTotal:        1844596 kB
MemFree:          162760 kB
MemAvailable:    1448720 kB
Buffers:          103044 kB
Cached:          1200184 kB
MemTotal:        1844596 kB
MemFree:          162816 kB
MemAvailable:    1448776 kB
Buffers:          103044 kB
Cached:          1200184 kB
MemTotal:        1844596 kB
MemFree:          161716 kB
MemAvailable:    1447676 kB
Buffers:          103044 kB
Cached:          1200184 kB
MemTotal:        1844596 kB
MemFree:          162828 kB
MemAvailable:    1448788 kB
Buffers:          103044 kB
Cached:          1200184 kB
MemTotal:        1844596 kB
MemFree:          162712 kB
MemAvailable:    1448672 kB
Buffers:          103044 kB
Cached:          1200184 kB
MemTotal:        1844596 kB
MemFree:          161944 kB
MemAvailable:    1447904 kB
Buffers:          103044 kB
Cached:          1200184 kB
MemTotal:        1844596 kB
MemFree:          159908 kB
MemAvailable:    1445868 kB
Buffers:          103044 kB
Cached:          1200184 kB
MemTotal:        1844596 kB
MemFree:          160032 kB
MemAvailable:    1445992 kB
Buffers:          103044 kB
Cached:          1200184 kB
MemTotal:        1844596 kB
MemFree:          161232 kB
MemAvailable:    1447192 kB
Buffers:          103044 kB
Cached:          1200184 kB
MemTotal:        1844596 kB
MemFree:          161160 kB
MemAvailable:    1447120 kB
Buffers:          103044 kB
Cached:          1200184 kB
MemTotal:        1844596 kB
MemFree:          160512 kB
MemAvailable:    1446472 kB
Buffers:          103044 kB
Cached:          1200184 kB
MemTotal:        1844596 kB
MemFree:          160848 kB
MemAvailable:    1446808 kB
Buffers:          103044 kB
Cached:          1200184 kB
MemTotal:        1844596 kB
MemFree:          160380 kB
MemAvailable:    1446340 kB
Buffers:          103044 kB
Cached:          1200184 kB
MemTotal:        1844596 kB
MemFree:          160632 kB
MemAvailable:    1446592 kB
Buffers:          103044 kB
Cached:          1200184 kB
MemTotal:        1844596 kB
MemFree:          160348 kB
MemAvailable:    1446308 kB
Buffers:          103044 kB
Cached:          1200184 kB
MemTotal:        1844596 kB
MemFree:          160596 kB
MemAvailable:    1446556 kB
Buffers:          103044 kB
Cached:          1200184 kB
MemTotal:        1844596 kB
MemFree:          159224 kB
MemAvailable:    1445184 kB
Buffers:          103044 kB
Cached:          1200184 kB
MemTotal:        1844596 kB
MemFree:          160580 kB
MemAvailable:    1446540 kB
Buffers:          103044 kB
Cached:          1200184 kB
MemTotal:        1844596 kB
MemFree:          160508 kB
MemAvailable:    1446468 kB
Buffers:          103044 kB
Cached:          1200184 kB
MemTotal:        1844596 kB
MemFree:          159660 kB
MemAvailable:    1445620 kB
Buffers:          103044 kB
Cached:          1200184 kB
MemTotal:        1844596 kB
MemFree:          159288 kB
MemAvailable:    1445248 kB
Buffers:          103044 kB
Cached:          1200184 kB
MemTotal:        1844596 kB
MemFree:          160464 kB
MemAvailable:    1446424 kB
Buffers:          103044 kB
Cached:          1200184 kB
MemTotal:        1844596 kB
MemFree:          160272 kB
MemAvailable:    1446232 kB
Buffers:          103044 kB
Cached:          1200184 kB
MemTotal:        1844596 kB
MemFree:          160040 kB
MemAvailable:    1446000 kB
Buffers:          103044 kB
Cached:          1200184 kB
MemTotal:        1844596 kB
MemFree:          160160 kB
MemAvailable:    1446120 kB
Buffers:          103044 kB
Cached:          1200184 kB
MemTotal:        1844596 kB
MemFree:          160288 kB
MemAvailable:    1446248 kB
Buffers:          103044 kB
Cached:          1200184 kB
MemTotal:        1844596 kB
MemFree:          159544 kB
MemAvailable:    1445504 kB
Buffers:          103044 kB
Cached:          1200184 kB
MemTotal:        1844596 kB
MemFree:          160148 kB
MemAvailable:    1446108 kB
Buffers:          103044 kB
Cached:          1200184 kB
MemTotal:        1844596 kB
MemFree:          160484 kB
MemAvailable:    1446444 kB
Buffers:          103044 kB
Cached:          1200184 kB
MemTotal:        1844596 kB
MemFree:          160292 kB
MemAvailable:    1446252 kB
Buffers:          103044 kB
Cached:          1200184 kB
MemTotal:        1844596 kB
MemFree:          159028 kB
MemAvailable:    1444988 kB
Buffers:          103044 kB
Cached:          1200184 kB
MemTotal:        1844596 kB
MemFree:          160260 kB
MemAvailable:    1446220 kB
Buffers:          103044 kB
Cached:          1200184 kB
MemTotal:        1844596 kB
MemFree:          160292 kB
MemAvailable:    1446252 kB
Buffers:          103044 kB
Cached:          1200184 kB
MemTotal:        1844596 kB
MemFree:          159364 kB
MemAvailable:    1445324 kB
Buffers:          103044 kB
Cached:          1200184 kB
MemTotal:        1844596 kB
MemFree:          158868 kB
MemAvailable:    1444828 kB
Buffers:          103044 kB
Cached:          1200184 kB
MemTotal:        1844596 kB
MemFree:          159968 kB
MemAvailable:    1445928 kB
Buffers:          103044 kB
Cached:          1200184 kB
MemTotal:        1844596 kB
MemFree:          159040 kB
MemAvailable:    1445000 kB
Buffers:          103044 kB
Cached:          1200184 kB
MemTotal:        1844596 kB
MemFree:          159092 kB
MemAvailable:    1445052 kB
Buffers:          103044 kB
Cached:          1200184 kB
MemTotal:        1844596 kB
MemFree:          158960 kB
MemAvailable:    1444920 kB
Buffers:          103044 kB
Cached:          1200184 kB
MemTotal:        1844596 kB
MemFree:          157736 kB
MemAvailable:    1443696 kB
Buffers:          103044 kB
Cached:          1200184 kB
MemTotal:        1844596 kB
MemFree:          158480 kB
MemAvailable:    1444440 kB
Buffers:          103044 kB
Cached:          1200184 kB
MemTotal:        1844596 kB
MemFree:          156568 kB
MemAvailable:    1442528 kB
Buffers:          103044 kB
Cached:          1200184 kB
MemTotal:        1844596 kB
MemFree:          154960 kB
MemAvailable:    1440928 kB
Buffers:          103044 kB
Cached:          1200192 kB
MemTotal:        1844596 kB
MemFree:          153472 kB
MemAvailable:    1439440 kB
Buffers:          103044 kB
Cached:          1200192 kB
MemTotal:        1844596 kB
MemFree:          149860 kB
MemAvailable:    1435828 kB
Buffers:          103044 kB
Cached:          1200192 kB
MemTotal:        1844596 kB
MemFree:          149504 kB
MemAvailable:    1435472 kB
Buffers:          103044 kB
Cached:          1200192 kB
MemTotal:        1844596 kB
MemFree:          144536 kB
MemAvailable:    1430504 kB
Buffers:          103044 kB
Cached:          1200192 kB
MemTotal:        1844596 kB
MemFree:          144500 kB
MemAvailable:    1430468 kB
Buffers:          103044 kB
Cached:          1200192 kB
MemTotal:        1844596 kB
MemFree:          142000 kB
MemAvailable:    1427968 kB
Buffers:          103044 kB
Cached:          1200192 kB
MemTotal:        1844596 kB
MemFree:          141544 kB
MemAvailable:    1427512 kB
Buffers:          103044 kB
Cached:          1200192 kB
MemTotal:        1844596 kB
MemFree:          141880 kB
MemAvailable:    1427848 kB
Buffers:          103044 kB
Cached:          1200192 kB
MemTotal:        1844596 kB
MemFree:          140520 kB
MemAvailable:    1426488 kB
Buffers:          103044 kB
Cached:          1200192 kB
MemTotal:        1844596 kB
MemFree:          141928 kB
MemAvailable:    1427896 kB
Buffers:          103044 kB
Cached:          1200192 kB
MemTotal:        1844596 kB
MemFree:          140700 kB
MemAvailable:    1426668 kB
Buffers:          103044 kB
Cached:          1200192 kB
MemTotal:        1844596 kB
MemFree:          141628 kB
MemAvailable:    1427596 kB
Buffers:          103044 kB
Cached:          1200192 kB
MemTotal:        1844596 kB
MemFree:          141256 kB
MemAvailable:    1427224 kB
Buffers:          103044 kB
Cached:          1200192 kB
MemTotal:        1844596 kB
MemFree:          141432 kB
MemAvailable:    1427400 kB
Buffers:          103044 kB
Cached:          1200192 kB
MemTotal:        1844596 kB
MemFree:          140316 kB
MemAvailable:    1426284 kB
Buffers:          103044 kB
Cached:          1200192 kB
MemTotal:        1844596 kB
MemFree:          140576 kB
MemAvailable:    1426544 kB
Buffers:          103044 kB
Cached:          1200192 kB
MemTotal:        1844596 kB
MemFree:          141692 kB
MemAvailable:    1427660 kB
Buffers:          103044 kB
Cached:          1200192 kB
MemTotal:        1844596 kB
MemFree:          140452 kB
MemAvailable:    1426420 kB
Buffers:          103044 kB
Cached:          1200192 kB
MemTotal:        1844596 kB
MemFree:          140932 kB
MemAvailable:    1426900 kB
Buffers:          103044 kB
Cached:          1200192 kB
MemTotal:        1844596 kB
MemFree:          141268 kB
MemAvailable:    1427236 kB
Buffers:          103044 kB
Cached:          1200192 kB
MemTotal:        1844596 kB
MemFree:          139700 kB
MemAvailable:    1425668 kB
Buffers:          103044 kB
Cached:          1200192 kB
MemTotal:        1844596 kB
MemFree:          140196 kB
MemAvailable:    1426164 kB
Buffers:          103044 kB
Cached:          1200192 kB
MemTotal:        1844596 kB
MemFree:          140680 kB
MemAvailable:    1426648 kB
Buffers:          103044 kB
Cached:          1200192 kB
MemTotal:        1844596 kB
MemFree:          140660 kB
MemAvailable:    1426628 kB
Buffers:          103044 kB
Cached:          1200192 kB
MemTotal:        1844596 kB
MemFree:          140660 kB
MemAvailable:    1426628 kB
Buffers:          103044 kB
Cached:          1200192 kB
MemTotal:        1844596 kB
MemFree:          140368 kB
MemAvailable:    1426336 kB
Buffers:          103044 kB
Cached:          1200192 kB
MemTotal:        1844596 kB
MemFree:          140704 kB
MemAvailable:    1426672 kB
Buffers:          103044 kB
Cached:          1200192 kB
MemTotal:        1844596 kB
MemFree:          140628 kB
MemAvailable:    1426596 kB
Buffers:          103044 kB
Cached:          1200192 kB
MemTotal:        1844596 kB
MemFree:          140532 kB
MemAvailable:    1426500 kB
Buffers:          103044 kB
Cached:          1200192 kB
MemTotal:        1844596 kB
MemFree:          140788 kB
MemAvailable:    1426756 kB
Buffers:          103044 kB
Cached:          1200192 kB
MemTotal:        1844596 kB
MemFree:          139460 kB
MemAvailable:    1425428 kB
Buffers:          103044 kB
Cached:          1200192 kB
MemTotal:        1844596 kB
MemFree:          140528 kB
MemAvailable:    1426496 kB
Buffers:          103044 kB
Cached:          1200192 kB
MemTotal:        1844596 kB
MemFree:          140512 kB
MemAvailable:    1426480 kB
Buffers:          103044 kB
Cached:          1200192 kB
MemTotal:        1844596 kB
MemFree:          140684 kB
MemAvailable:    1426652 kB
Buffers:          103044 kB
Cached:          1200192 kB
MemTotal:        1844596 kB
MemFree:          140644 kB
MemAvailable:    1426612 kB
Buffers:          103044 kB
Cached:          1200192 kB
MemTotal:        1844596 kB
MemFree:          140632 kB
MemAvailable:    1426600 kB
Buffers:          103044 kB
Cached:          1200192 kB
MemTotal:        1844596 kB
MemFree:          140884 kB
MemAvailable:    1426852 kB
Buffers:          103044 kB
Cached:          1200192 kB
MemTotal:        1844596 kB
MemFree:          140692 kB
MemAvailable:    1426660 kB
Buffers:          103044 kB
Cached:          1200192 kB
MemTotal:        1844596 kB
MemFree:          140944 kB
MemAvailable:    1426912 kB
Buffers:          103044 kB
Cached:          1200192 kB
MemTotal:        1844596 kB
MemFree:          139328 kB
MemAvailable:    1425296 kB
Buffers:          103044 kB
Cached:          1200192 kB
MemTotal:        1844596 kB
MemFree:          137476 kB
MemAvailable:    1423444 kB
Buffers:          103044 kB
Cached:          1200192 kB
MemTotal:        1844596 kB
MemFree:          133624 kB
MemAvailable:    1419592 kB
Buffers:          103044 kB
Cached:          1200192 kB
MemTotal:        1844596 kB
MemFree:          133268 kB
MemAvailable:    1419236 kB
Buffers:          103044 kB
Cached:          1200192 kB
MemTotal:        1844596 kB
MemFree:          128664 kB
MemAvailable:    1414632 kB
Buffers:          103044 kB
Cached:          1200192 kB
MemTotal:        1844596 kB
MemFree:          127812 kB
MemAvailable:    1413780 kB
Buffers:          103044 kB
Cached:          1200192 kB
MemTotal:        1844596 kB
MemFree:          124952 kB
MemAvailable:    1410920 kB
Buffers:          103044 kB
Cached:          1200192 kB
MemTotal:        1844596 kB
MemFree:          122456 kB
MemAvailable:    1408424 kB
Buffers:          103044 kB
Cached:          1200192 kB
MemTotal:        1844596 kB
MemFree:          122792 kB
MemAvailable:    1408760 kB
Buffers:          103044 kB
Cached:          1200192 kB
MemTotal:        1844596 kB
MemFree:          122324 kB
MemAvailable:    1408292 kB
Buffers:          103044 kB
Cached:          1200192 kB
MemTotal:        1844596 kB
MemFree:          122660 kB
MemAvailable:    1408628 kB
Buffers:          103044 kB
Cached:          1200192 kB
MemTotal:        1844596 kB
MemFree:          122452 kB
MemAvailable:    1408420 kB
Buffers:          103044 kB
Cached:          1200192 kB
MemTotal:        1844596 kB
MemFree:          122452 kB
MemAvailable:    1408420 kB
Buffers:          103044 kB
Cached:          1200192 kB
MemTotal:        1844596 kB
MemFree:          121100 kB
MemAvailable:    1407068 kB
Buffers:          103044 kB
Cached:          1200192 kB
MemTotal:        1844596 kB
MemFree:          122484 kB
MemAvailable:    1408452 kB
Buffers:          103044 kB
Cached:          1200192 kB
MemTotal:        1844596 kB
MemFree:          122280 kB
MemAvailable:    1408248 kB
Buffers:          103044 kB
Cached:          1200192 kB
MemTotal:        1844596 kB
MemFree:          122532 kB
MemAvailable:    1408500 kB
Buffers:          103044 kB
Cached:          1200192 kB
MemTotal:        1844596 kB
MemFree:          122412 kB
MemAvailable:    1408380 kB
Buffers:          103044 kB
Cached:          1200192 kB
MemTotal:        1844596 kB
MemFree:          122412 kB
MemAvailable:    1408380 kB
Buffers:          103044 kB
Cached:          1200192 kB
MemTotal:        1844596 kB
MemFree:          122284 kB
MemAvailable:    1408252 kB
Buffers:          103044 kB
Cached:          1200192 kB
MemTotal:        1844596 kB
MemFree:          122536 kB
MemAvailable:    1408504 kB
Buffers:          103044 kB
Cached:          1200192 kB
MemTotal:        1844596 kB
MemFree:          121300 kB
MemAvailable:    1407268 kB
Buffers:          103044 kB
Cached:          1200192 kB
MemTotal:        1844596 kB
MemFree:          122412 kB
MemAvailable:    1408380 kB
Buffers:          103044 kB
Cached:          1200192 kB
MemTotal:        1844596 kB
MemFree:          122664 kB
MemAvailable:    1408632 kB
Buffers:          103044 kB
Cached:          1200192 kB
MemTotal:        1844596 kB
MemFree:          122332 kB
MemAvailable:    1408300 kB
Buffers:          103044 kB
Cached:          1200192 kB
MemTotal:        1844596 kB
MemFree:          121100 kB
MemAvailable:    1407068 kB
Buffers:          103044 kB
Cached:          1200192 kB
MemTotal:        1844596 kB
MemFree:          121184 kB
MemAvailable:    1407152 kB
Buffers:          103044 kB
Cached:          1200192 kB
MemTotal:        1844596 kB
MemFree:          122584 kB
MemAvailable:    1408552 kB
Buffers:          103044 kB
Cached:          1200192 kB
MemTotal:        1844596 kB
MemFree:          122288 kB
MemAvailable:    1408256 kB
Buffers:          103044 kB
Cached:          1200192 kB
MemTotal:        1844596 kB
MemFree:          122340 kB
MemAvailable:    1408308 kB
Buffers:          103044 kB
Cached:          1200192 kB
MemTotal:        1844596 kB
MemFree:          122376 kB
MemAvailable:    1408344 kB
Buffers:          103044 kB
Cached:          1200192 kB
MemTotal:        1844596 kB
MemFree:          122548 kB
MemAvailable:    1408516 kB
Buffers:          103044 kB
Cached:          1200192 kB
MemTotal:        1844596 kB
MemFree:          122152 kB
MemAvailable:    1408120 kB
Buffers:          103044 kB
Cached:          1200192 kB
MemTotal:        1844596 kB
MemFree:          122488 kB
MemAvailable:    1408456 kB
Buffers:          103044 kB
Cached:          1200192 kB
MemTotal:        1844596 kB
MemFree:          121296 kB
MemAvailable:    1407264 kB
Buffers:          103044 kB
Cached:          1200192 kB
MemTotal:        1844596 kB
MemFree:          121032 kB
MemAvailable:    1407000 kB
Buffers:          103044 kB
Cached:          1200192 kB
MemTotal:        1844596 kB
MemFree:          122140 kB
MemAvailable:    1408108 kB
Buffers:          103044 kB
Cached:          1200192 kB
MemTotal:        1844596 kB
MemFree:          122476 kB
MemAvailable:    1408444 kB
Buffers:          103044 kB
Cached:          1200192 kB
MemTotal:        1844596 kB
MemFree:          121192 kB
MemAvailable:    1407168 kB
Buffers:          103044 kB
Cached:          1200200 kB
MemTotal:        1844596 kB
MemFree:          122416 kB
MemAvailable:    1408392 kB
Buffers:          103044 kB
Cached:          1200200 kB
MemTotal:        1844596 kB
MemFree:          122672 kB
MemAvailable:    1408648 kB
Buffers:          103044 kB
Cached:          1200200 kB
MemTotal:        1844596 kB
MemFree:          122476 kB
MemAvailable:    1408452 kB
Buffers:          103044 kB
Cached:          1200200 kB
MemTotal:        1844596 kB
MemFree:          122472 kB
MemAvailable:    1408448 kB
Buffers:          103044 kB
Cached:          1200200 kB
MemTotal:        1844596 kB
MemFree:          121288 kB
MemAvailable:    1407264 kB
Buffers:          103044 kB
Cached:          1200200 kB
MemTotal:        1844596 kB
MemFree:          118008 kB
MemAvailable:    1403984 kB
Buffers:          103044 kB
Cached:          1200200 kB
MemTotal:        1844596 kB
MemFree:          114528 kB
MemAvailable:    1400504 kB
Buffers:          103044 kB
Cached:          1200200 kB
MemTotal:        1844596 kB
MemFree:          111356 kB
MemAvailable:    1397208 kB
Buffers:          103044 kB
Cached:          1200200 kB
MemTotal:        1844596 kB
MemFree:          108592 kB
MemAvailable:    1394568 kB
Buffers:          103044 kB
Cached:          1200200 kB
MemTotal:        1844596 kB
MemFree:          105288 kB
MemAvailable:    1391264 kB
Buffers:          103044 kB
Cached:          1200200 kB
MemTotal:        1844596 kB
MemFree:          105164 kB
MemAvailable:    1391140 kB
Buffers:          103044 kB
Cached:          1200200 kB
MemTotal:        1844596 kB
MemFree:          104960 kB
MemAvailable:    1390936 kB
Buffers:          103044 kB
Cached:          1200200 kB
MemTotal:        1844596 kB
MemFree:          104960 kB
MemAvailable:    1390936 kB
Buffers:          103044 kB
Cached:          1200200 kB
MemTotal:        1844596 kB
MemFree:          104104 kB
MemAvailable:    1390080 kB
Buffers:          103044 kB
Cached:          1200200 kB
MemTotal:        1844596 kB
MemFree:          104188 kB
MemAvailable:    1390164 kB
Buffers:          103044 kB
Cached:          1200200 kB
MemTotal:        1844596 kB
MemFree:          103940 kB
MemAvailable:    1389916 kB
Buffers:          103044 kB
Cached:          1200200 kB
MemTotal:        1844596 kB
MemFree:          102700 kB
MemAvailable:    1388676 kB
Buffers:          103044 kB
Cached:          1200200 kB
MemTotal:        1844596 kB
MemFree:          102700 kB
MemAvailable:    1388676 kB
Buffers:          103044 kB
Cached:          1200200 kB
MemTotal:        1844596 kB
MemFree:          104056 kB
MemAvailable:    1390032 kB
Buffers:          103044 kB
Cached:          1200200 kB
MemTotal:        1844596 kB
MemFree:          103576 kB
MemAvailable:    1389552 kB
Buffers:          103044 kB
Cached:          1200200 kB
MemTotal:        1844596 kB
MemFree:          103744 kB
MemAvailable:    1389720 kB
Buffers:          103044 kB
Cached:          1200200 kB
MemTotal:        1844596 kB
MemFree:          103756 kB
MemAvailable:    1389732 kB
Buffers:          103044 kB
Cached:          1200200 kB
MemTotal:        1844596 kB
MemFree:          103552 kB
MemAvailable:    1389528 kB
Buffers:          103044 kB
Cached:          1200200 kB
MemTotal:        1844596 kB
MemFree:          102872 kB
MemAvailable:    1388848 kB
Buffers:          103044 kB
Cached:          1200200 kB
MemTotal:        1844596 kB
MemFree:          102872 kB
MemAvailable:    1388848 kB
Buffers:          103044 kB
Cached:          1200200 kB
MemTotal:        1844596 kB
MemFree:          102508 kB
MemAvailable:    1388484 kB
Buffers:          103044 kB
Cached:          1200200 kB
MemTotal:        1844596 kB
MemFree:          101948 kB
MemAvailable:    1387924 kB
Buffers:          103044 kB
Cached:          1200200 kB
MemTotal:        1844596 kB
MemFree:          100532 kB
MemAvailable:    1386508 kB
Buffers:          103044 kB
Cached:          1200200 kB
MemTotal:        1844596 kB
MemFree:          101080 kB
MemAvailable:    1387056 kB
Buffers:          103044 kB
Cached:          1200200 kB
MemTotal:        1844596 kB
MemFree:          101080 kB
MemAvailable:    1387056 kB
Buffers:          103044 kB
Cached:          1200200 kB
MemTotal:        1844596 kB
MemFree:           99532 kB
MemAvailable:    1385508 kB
Buffers:          103044 kB
Cached:          1200200 kB
MemTotal:        1844596 kB
MemFree:          100008 kB
MemAvailable:    1385984 kB
Buffers:          103044 kB
Cached:          1200200 kB
MemTotal:        1844596 kB
MemFree:           98292 kB
MemAvailable:    1384144 kB
Buffers:          103044 kB
Cached:          1200200 kB
MemTotal:        1844596 kB
MemFree:           97416 kB
MemAvailable:    1383400 kB
Buffers:          103044 kB
Cached:          1200208 kB
MemTotal:        1844596 kB
MemFree:           98036 kB
MemAvailable:    1384020 kB
Buffers:          103044 kB
Cached:          1200208 kB
MemTotal:        1844596 kB
MemFree:           98120 kB
MemAvailable:    1384104 kB
Buffers:          103044 kB
Cached:          1200208 kB
MemTotal:        1844596 kB
MemFree:           97852 kB
MemAvailable:    1383836 kB
Buffers:          103044 kB
Cached:          1200208 kB
MemTotal:        1844596 kB
MemFree:           97852 kB
MemAvailable:    1383836 kB
Buffers:          103044 kB
Cached:          1200208 kB
MemTotal:        1844596 kB
MemFree:           97896 kB
MemAvailable:    1383880 kB
Buffers:          103044 kB
Cached:          1200208 kB
MemTotal:        1844596 kB
MemFree:           96680 kB
MemAvailable:    1382664 kB
Buffers:          103044 kB
Cached:          1200208 kB
MemTotal:        1844596 kB
MemFree:           96632 kB
MemAvailable:    1382616 kB
Buffers:          103044 kB
Cached:          1200208 kB
MemTotal:        1844596 kB
MemFree:           96508 kB
MemAvailable:    1382492 kB
Buffers:          103044 kB
Cached:          1200208 kB
MemTotal:        1844596 kB
MemFree:           95440 kB
MemAvailable:    1381424 kB
Buffers:          103044 kB
Cached:          1200208 kB
MemTotal:        1844596 kB
MemFree:           96680 kB
MemAvailable:    1382664 kB
Buffers:          103044 kB
Cached:          1200208 kB
MemTotal:        1844596 kB
MemFree:           95432 kB
MemAvailable:    1381416 kB
Buffers:          103044 kB
Cached:          1200208 kB
MemTotal:        1844596 kB
MemFree:           96740 kB
MemAvailable:    1382724 kB
Buffers:          103044 kB
Cached:          1200208 kB
MemTotal:        1844596 kB
MemFree:           96492 kB
MemAvailable:    1382476 kB
Buffers:          103044 kB
Cached:          1200208 kB
MemTotal:        1844596 kB
MemFree:           96120 kB
MemAvailable:    1382104 kB
Buffers:          103044 kB
Cached:          1200208 kB
MemTotal:        1844596 kB
MemFree:           96120 kB
MemAvailable:    1382104 kB
Buffers:          103044 kB
Cached:          1200208 kB
MemTotal:        1844596 kB
MemFree:           96232 kB
MemAvailable:    1382216 kB
Buffers:          103044 kB
Cached:          1200208 kB
MemTotal:        1844596 kB
MemFree:           94924 kB
MemAvailable:    1380908 kB
Buffers:          103044 kB
Cached:          1200208 kB
MemTotal:        1844596 kB
MemFree:           96108 kB
MemAvailable:    1382092 kB
Buffers:          103044 kB
Cached:          1200208 kB
MemTotal:        1844596 kB
MemFree:           96108 kB
MemAvailable:    1382092 kB
Buffers:          103044 kB
Cached:          1200208 kB
MemTotal:        1844596 kB
MemFree:           96156 kB
MemAvailable:    1382140 kB
Buffers:          103044 kB
Cached:          1200208 kB
MemTotal:        1844596 kB
MemFree:           96408 kB
MemAvailable:    1382392 kB
Buffers:          103044 kB
Cached:          1200208 kB
MemTotal:        1844596 kB
MemFree:           96484 kB
MemAvailable:    1382468 kB
Buffers:          103044 kB
Cached:          1200208 kB
MemTotal:        1844596 kB
MemFree:           96184 kB
MemAvailable:    1382168 kB
Buffers:          103044 kB
Cached:          1200208 kB
MemTotal:        1844596 kB
MemFree:           95000 kB
MemAvailable:    1380984 kB
Buffers:          103044 kB
Cached:          1200208 kB
MemTotal:        1844596 kB
MemFree:           96228 kB
MemAvailable:    1382212 kB
Buffers:          103044 kB
Cached:          1200208 kB
MemTotal:        1844596 kB
MemFree:           96480 kB
MemAvailable:    1382464 kB
Buffers:          103044 kB
Cached:          1200208 kB
MemTotal:        1844596 kB
MemFree:           94928 kB
MemAvailable:    1380912 kB
Buffers:          103044 kB
Cached:          1200208 kB
MemTotal:        1844596 kB
MemFree:           96376 kB
MemAvailable:    1382360 kB
Buffers:          103044 kB
Cached:          1200208 kB
MemTotal:        1844596 kB
MemFree:           96368 kB
MemAvailable:    1382352 kB
Buffers:          103044 kB
Cached:          1200208 kB
MemTotal:        1844596 kB
MemFree:           96108 kB
MemAvailable:    1382092 kB
Buffers:          103044 kB
Cached:          1200208 kB
MemTotal:        1844596 kB
MemFree:           96360 kB
MemAvailable:    1382344 kB
Buffers:          103044 kB
Cached:          1200208 kB
MemTotal:        1844596 kB
MemFree:           96128 kB
MemAvailable:    1382112 kB
Buffers:          103044 kB
Cached:          1200208 kB
MemTotal:        1844596 kB
MemFree:           95552 kB
MemAvailable:    1381536 kB
Buffers:          103044 kB
Cached:          1200208 kB
MemTotal:        1844596 kB
MemFree:           95992 kB
MemAvailable:    1381976 kB
Buffers:          103044 kB
Cached:          1200208 kB
MemTotal:        1844596 kB
MemFree:           96016 kB
MemAvailable:    1382000 kB
Buffers:          103044 kB
Cached:          1200208 kB
MemTotal:        1844596 kB
MemFree:           96168 kB
MemAvailable:    1382152 kB
Buffers:          103044 kB
Cached:          1200208 kB
MemTotal:        1844596 kB
MemFree:           94936 kB
MemAvailable:    1380920 kB
Buffers:          103044 kB
Cached:          1200208 kB
MemTotal:        1844596 kB
MemFree:           95564 kB
MemAvailable:    1381548 kB
Buffers:          103044 kB
Cached:          1200208 kB
MemTotal:        1844596 kB
MemFree:           96292 kB
MemAvailable:    1382276 kB
Buffers:          103044 kB
Cached:          1200208 kB
MemTotal:        1844596 kB
MemFree:           96376 kB
MemAvailable:    1382360 kB
Buffers:          103044 kB
Cached:          1200208 kB
MemTotal:        1844596 kB
MemFree:           95056 kB
MemAvailable:    1381040 kB
Buffers:          103044 kB
Cached:          1200208 kB
MemTotal:        1844596 kB
MemFree:           95564 kB
MemAvailable:    1381548 kB
Buffers:          103044 kB
Cached:          1200208 kB
MemTotal:        1844596 kB
MemFree:           96124 kB
MemAvailable:    1382112 kB
Buffers:          103044 kB
Cached:          1200212 kB
MemTotal:        1844596 kB
MemFree:           96376 kB
MemAvailable:    1382364 kB
Buffers:          103044 kB
Cached:          1200212 kB
MemTotal:        1844596 kB
MemFree:           94896 kB
MemAvailable:    1380884 kB
Buffers:          103044 kB
Cached:          1200212 kB
MemTotal:        1844596 kB
MemFree:           94896 kB
MemAvailable:    1380884 kB
Buffers:          103044 kB
Cached:          1200212 kB
MemTotal:        1844596 kB
MemFree:           96476 kB
MemAvailable:    1382464 kB
Buffers:          103044 kB
Cached:          1200212 kB
MemTotal:        1844596 kB
MemFree:           95564 kB
MemAvailable:    1381552 kB
Buffers:          103044 kB
Cached:          1200212 kB
MemTotal:        1844596 kB
MemFree:           96776 kB
MemAvailable:    1382764 kB
Buffers:          103044 kB
Cached:          1200212 kB
MemTotal:        1844596 kB
MemFree:           95440 kB
MemAvailable:    1381428 kB
Buffers:          103044 kB
Cached:          1200212 kB
MemTotal:        1844596 kB
MemFree:           96652 kB
MemAvailable:    1382640 kB
Buffers:          103044 kB
Cached:          1200212 kB
MemTotal:        1844596 kB
MemFree:           95060 kB
MemAvailable:    1381048 kB
Buffers:          103044 kB
Cached:          1200212 kB
MemTotal:        1844596 kB
MemFree:           95052 kB
MemAvailable:    1381040 kB
Buffers:          103044 kB
Cached:          1200212 kB
MemTotal:        1844596 kB
MemFree:           95252 kB
MemAvailable:    1381240 kB
Buffers:          103044 kB
Cached:          1200212 kB
MemTotal:        1844596 kB
MemFree:           93020 kB
MemAvailable:    1379008 kB
Buffers:          103044 kB
Cached:          1200212 kB
MemTotal:        1844596 kB
MemFree:           89860 kB
MemAvailable:    1375848 kB
Buffers:          103044 kB
Cached:          1200212 kB
MemTotal:        1844596 kB
MemFree:           86332 kB
MemAvailable:    1372320 kB
Buffers:          103044 kB
Cached:          1200212 kB
MemTotal:        1844596 kB
MemFree:           86500 kB
MemAvailable:    1372488 kB
Buffers:          103044 kB
Cached:          1200212 kB
MemTotal:        1844596 kB
MemFree:           80792 kB
MemAvailable:    1366780 kB
Buffers:          103044 kB
Cached:          1200212 kB
MemTotal:        1844596 kB
MemFree:           80880 kB
MemAvailable:    1366868 kB
Buffers:          103044 kB
Cached:          1200212 kB
MemTotal:        1844596 kB
MemFree:           76824 kB
MemAvailable:    1362812 kB
Buffers:          103044 kB
Cached:          1200212 kB
MemTotal:        1844596 kB
MemFree:           76660 kB
MemAvailable:    1362648 kB
Buffers:          103044 kB
Cached:          1200212 kB
MemTotal:        1844596 kB
MemFree:           76552 kB
MemAvailable:    1362540 kB
Buffers:          103044 kB
Cached:          1200212 kB
MemTotal:        1844596 kB
MemFree:           76888 kB
MemAvailable:    1362876 kB
Buffers:          103044 kB
Cached:          1200212 kB
MemTotal:        1844596 kB
MemFree:           75444 kB
MemAvailable:    1361432 kB
Buffers:          103044 kB
Cached:          1200212 kB
MemTotal:        1844596 kB
MemFree:           76636 kB
MemAvailable:    1362624 kB
Buffers:          103044 kB
Cached:          1200212 kB
MemTotal:        1844596 kB
MemFree:           76892 kB
MemAvailable:    1362880 kB
Buffers:          103044 kB
Cached:          1200212 kB
MemTotal:        1844596 kB
MemFree:           75564 kB
MemAvailable:    1361552 kB
Buffers:          103044 kB
Cached:          1200212 kB
MemTotal:        1844596 kB
MemFree:           76776 kB
MemAvailable:    1362764 kB
Buffers:          103044 kB
Cached:          1200212 kB
MemTotal:        1844596 kB
MemFree:           76104 kB
MemAvailable:    1362092 kB
Buffers:          103044 kB
Cached:          1200212 kB
MemTotal:        1844596 kB
MemFree:           76784 kB
MemAvailable:    1362772 kB
Buffers:          103044 kB
Cached:          1200212 kB
MemTotal:        1844596 kB
MemFree:           76784 kB
MemAvailable:    1362772 kB
Buffers:          103044 kB
Cached:          1200212 kB
MemTotal:        1844596 kB
MemFree:           76784 kB
MemAvailable:    1362772 kB
Buffers:          103044 kB
Cached:          1200212 kB
MemTotal:        1844596 kB
MemFree:           75580 kB
MemAvailable:    1361568 kB
Buffers:          103044 kB
Cached:          1200212 kB
MemTotal:        1844596 kB
MemFree:           76516 kB
MemAvailable:    1362504 kB
Buffers:          103044 kB
Cached:          1200212 kB
MemTotal:        1844596 kB
MemFree:           76516 kB
MemAvailable:    1362504 kB
Buffers:          103044 kB
Cached:          1200212 kB
MemTotal:        1844596 kB
MemFree:           75148 kB
MemAvailable:    1361136 kB
Buffers:          103044 kB
Cached:          1200212 kB
MemTotal:        1844596 kB
MemFree:           76344 kB
MemAvailable:    1362332 kB
Buffers:          103044 kB
Cached:          1200212 kB
MemTotal:        1844596 kB
MemFree:           76344 kB
MemAvailable:    1362332 kB
Buffers:          103044 kB
Cached:          1200212 kB
MemTotal:        1844596 kB
MemFree:           76456 kB
MemAvailable:    1362444 kB
Buffers:          103044 kB
Cached:          1200212 kB
MemTotal:        1844596 kB
MemFree:           75208 kB
MemAvailable:    1361196 kB
Buffers:          103044 kB
Cached:          1200212 kB
MemTotal:        1844596 kB
MemFree:           76436 kB
MemAvailable:    1362424 kB
Buffers:          103044 kB
Cached:          1200212 kB
MemTotal:        1844596 kB
MemFree:           76520 kB
MemAvailable:    1362508 kB
Buffers:          103044 kB
Cached:          1200212 kB
MemTotal:        1844596 kB
MemFree:           76148 kB
MemAvailable:    1362136 kB
Buffers:          103044 kB
Cached:          1200212 kB
MemTotal:        1844596 kB
MemFree:           76484 kB
MemAvailable:    1362472 kB
Buffers:          103044 kB
Cached:          1200212 kB
MemTotal:        1844596 kB
MemFree:           76016 kB
MemAvailable:    1362004 kB
Buffers:          103044 kB
Cached:          1200212 kB
MemTotal:        1844596 kB
MemFree:           75788 kB
MemAvailable:    1361776 kB
Buffers:          103044 kB
Cached:          1200212 kB
MemTotal:        1844596 kB
MemFree:           74556 kB
MemAvailable:    1360544 kB
Buffers:          103044 kB
Cached:          1200212 kB
MemTotal:        1844596 kB
MemFree:           69020 kB
MemAvailable:    1355008 kB
Buffers:          103044 kB
Cached:          1200212 kB
MemTotal:        1844596 kB
MemFree:           68912 kB
MemAvailable:    1354900 kB
Buffers:          103044 kB
Cached:          1200212 kB
MemTotal:        1844596 kB
MemFree:           66908 kB
MemAvailable:    1352896 kB
Buffers:          103044 kB
Cached:          1200212 kB
MemTotal:        1844596 kB
MemFree:           65424 kB
MemAvailable:    1351412 kB
Buffers:          103044 kB
Cached:          1200212 kB
MemTotal:        1844596 kB
MemFree:           66636 kB
MemAvailable:    1352624 kB
Buffers:          103044 kB
Cached:          1200212 kB
MemTotal:        1844596 kB
MemFree:           66356 kB
MemAvailable:    1352344 kB
Buffers:          103044 kB
Cached:          1200212 kB
MemTotal:        1844596 kB
MemFree:           66356 kB
MemAvailable:    1352344 kB
Buffers:          103044 kB
Cached:          1200212 kB
MemTotal:        1844596 kB
MemFree:           66104 kB
MemAvailable:    1352092 kB
Buffers:          103044 kB
Cached:          1200212 kB
MemTotal:        1844596 kB
MemFree:           66440 kB
MemAvailable:    1352428 kB
Buffers:          103044 kB
Cached:          1200212 kB
MemTotal:        1844596 kB
MemFree:           66484 kB
MemAvailable:    1352472 kB
Buffers:          103044 kB
Cached:          1200212 kB
MemTotal:        1844596 kB
MemFree:           64392 kB
MemAvailable:    1350380 kB
Buffers:          103044 kB
Cached:          1200212 kB
MemTotal:        1844596 kB
MemFree:           66532 kB
MemAvailable:    1352520 kB
Buffers:          103044 kB
Cached:          1200212 kB
MemTotal:        1844596 kB
MemFree:           66108 kB
MemAvailable:    1352180 kB
Buffers:          103044 kB
Cached:          1200336 kB
MemTotal:        1844596 kB
MemFree:           66128 kB
MemAvailable:    1352284 kB
Buffers:          103044 kB
Cached:          1200336 kB
MemTotal:        1844596 kB
MemFree:           66164 kB
MemAvailable:    1352488 kB
Buffers:          103044 kB
Cached:          1200584 kB
MemTotal:        1844596 kB
MemFree:           64720 kB
MemAvailable:    1351044 kB
Buffers:          103044 kB
Cached:          1200584 kB
MemTotal:        1844596 kB
MemFree:           66028 kB
MemAvailable:    1352444 kB
Buffers:          103044 kB
Cached:          1200716 kB
MemTotal:        1844596 kB
MemFree:           64480 kB
MemAvailable:    1350960 kB
Buffers:          103044 kB
Cached:          1200716 kB
MemTotal:        1844596 kB
MemFree:           65456 kB
MemAvailable:    1352040 kB
Buffers:          103044 kB
Cached:          1200840 kB
MemTotal:        1844596 kB
MemFree:           65208 kB
MemAvailable:    1351792 kB
Buffers:          103044 kB
Cached:          1200840 kB
MemTotal:        1844596 kB
MemFree:           65440 kB
MemAvailable:    1352108 kB
Buffers:          103044 kB
Cached:          1200840 kB
MemTotal:        1844596 kB
MemFree:           65300 kB
MemAvailable:    1351968 kB
Buffers:          103044 kB
Cached:          1200840 kB
MemTotal:        1844596 kB
MemFree:           65224 kB
MemAvailable:    1351892 kB
Buffers:          103044 kB
Cached:          1200840 kB
MemTotal:        1844596 kB
MemFree:           65544 kB
MemAvailable:    1352212 kB
Buffers:          103044 kB
Cached:          1200840 kB
MemTotal:        1844596 kB
MemFree:           65544 kB
MemAvailable:    1352212 kB
Buffers:          103044 kB
Cached:          1200840 kB
MemTotal:        1844596 kB
MemFree:           65368 kB
MemAvailable:    1352036 kB
Buffers:          103044 kB
Cached:          1200840 kB
MemTotal:        1844596 kB
MemFree:           65368 kB
MemAvailable:    1352036 kB
Buffers:          103044 kB
Cached:          1200840 kB
MemTotal:        1844596 kB
MemFree:           65748 kB
MemAvailable:    1351828 kB
Buffers:          103044 kB
Cached:          1200248 kB
MemTotal:        1844596 kB
MemFree:           64600 kB
MemAvailable:    1350680 kB
Buffers:          103044 kB
Cached:          1200248 kB
MemTotal:        1844596 kB
MemFree:           64864 kB
MemAvailable:    1350944 kB
Buffers:          103044 kB
Cached:          1200248 kB
MemTotal:        1844596 kB
MemFree:          181240 kB
MemAvailable:    1467320 kB
Buffers:          103044 kB
Cached:          1200248 kB
MemTotal:        1844596 kB
MemFree:          256912 kB
MemAvailable:    1542992 kB
Buffers:          103044 kB
Cached:          1200248 kB
