MemTotal:        1844596 kB
MemFree:          790108 kB
MemAvailable:    1546636 kB
Buffers:           87452 kB
Cached:           696456 kB
MemTotal:        1844596 kB
MemFree:          762100 kB
MemAvailable:    1518632 kB
Buffers:           87452 kB
Cached:           696460 kB
MemTotal:        1844596 kB
MemFree:          762780 kB
MemAvailable:    1519312 kB
Buffers:           87452 kB
Cached:           696460 kB
MemTotal:        1844596 kB
MemFree:          760604 kB
MemAvailable:    1517136 kB
Buffers:           87452 kB
Cached:           696460 kB
MemTotal:        1844596 kB
MemFree:          758000 kB
MemAvailable:    1514532 kB
Buffers:           87452 kB
Cached:           696460 kB
MemTotal:        1844596 kB
MemFree:          759356 kB
MemAvailable:    1515888 kB
Buffers:           87452 kB
Cached:           696460 kB
MemTotal:        1844596 kB
MemFree:          756752 kB
MemAvailable:    1513284 kB
Buffers:           87452 kB
Cached:           696460 kB
MemTotal:        1844596 kB
MemFree:          756836 kB
MemAvailable:    1513368 kB
Buffers:           87452 kB
Cached:           696460 kB
MemTotal:        1844596 kB
MemFree:          753172 kB
MemAvailable:    1509704 kB
Buffers:           87452 kB
Cached:           696460 kB
MemTotal:        1844596 kB
MemFree:          751436 kB
MemAvailable:    1507968 kB
Buffers:           87452 kB
Cached:           696460 kB
MemTotal:        1844596 kB
MemFree:          746724 kB
MemAvailable:    1503256 kB
Buffers:           87452 kB
Cached:           696460 kB
MemTotal:        1844596 kB
MemFree:          749196 kB
MemAvailable:    1505728 kB
Buffers:           87452 kB
Cached:           696460 kB
MemTotal:        1844596 kB
MemFree:          750512 kB
MemAvailable:    1507044 kB
Buffers:           87452 kB
Cached:           696460 kB
MemTotal:        1844596 kB
MemFree:          750372 kB
MemAvailable:    1506904 kB
Buffers:           87452 kB
Cached:           696460 kB
MemTotal:        1844596 kB
MemFree:          749156 kB
MemAvailable:    1505688 kB
Buffers:           87452 kB
Cached:           696460 kB
MemTotal:        1844596 kB
MemFree:          748900 kB
MemAvailable:    1505432 kB
Buffers:           87452 kB
Cached:           696460 kB
MemTotal:        1844596 kB
MemFree:          748768 kB
MemAvailable:    1505300 kB
Buffers:           87452 kB
Cached:           696460 kB
MemTotal:        1844596 kB
MemFree:          748768 kB
MemAvailable:    1505300 kB
Buffers:           87452 kB
Cached:           696460 kB
MemTotal:        1844596 kB
MemFree:          748768 kB
MemAvailable:    1505300 kB
Buffers:           87452 kB
Cached:           696460 kB
MemTotal:        1844596 kB
MemFree:          748768 kB
MemAvailable:    1505300 kB
Buffers:           87456 kB
Cached:           696456 kB
MemTotal:        1844596 kB
MemFree:          748628 kB
MemAvailable:    1505160 kB
Buffers:           87456 kB
Cached:           696456 kB
MemTotal:        1844596 kB
MemFree:          748380 kB
MemAvailable:    1504912 kB
Buffers:           87456 kB
Cached:           696456 kB
MemTotal:        1844596 kB
MemFree:          748948 kB
MemAvailable:    1505480 kB
Buffers:           87456 kB
Cached:           696456 kB
MemTotal:        1844596 kB
MemFree:          749200 kB
MemAvailable:    1505732 kB
Buffers:           87456 kB
Cached:           696456 kB
MemTotal:        1844596 kB
MemFree:          747784 kB
MemAvailable:    1504316 kB
Buffers:           87456 kB
Cached:           696456 kB
MemTotal:        1844596 kB
MemFree:          747412 kB
MemAvailable:    1503944 kB
Buffers:           87456 kB
Cached:           696456 kB
MemTotal:        1844596 kB
MemFree:          747280 kB
MemAvailable:    1503812 kB
Buffers:           87456 kB
Cached:           696456 kB
MemTotal:        1844596 kB
MemFree:          748072 kB
MemAvailable:    1504604 kB
Buffers:           87456 kB
Cached:           696456 kB
MemTotal:        1844596 kB
MemFree:          747592 kB
MemAvailable:    1504124 kB
Buffers:           87456 kB
Cached:           696456 kB
MemTotal:        1844596 kB
MemFree:          747644 kB
MemAvailable:    1504176 kB
Buffers:           87456 kB
Cached:           696456 kB
MemTotal:        1844596 kB
MemFree:          747096 kB
MemAvailable:    1503628 kB
Buffers:           87456 kB
Cached:           696456 kB
MemTotal:        1844596 kB
MemFree:          747412 kB
MemAvailable:    1503944 kB
Buffers:           87456 kB
Cached:           696456 kB
MemTotal:        1844596 kB
MemFree:          747324 kB
MemAvailable:    1503856 kB
Buffers:           87456 kB
Cached:           696456 kB
MemTotal:        1844596 kB
MemFree:          747312 kB
MemAvailable:    1503844 kB
Buffers:           87456 kB
Cached:           696456 kB
MemTotal:        1844596 kB
MemFree:          747476 kB
MemAvailable:    1504008 kB
Buffers:           87456 kB
Cached:           696456 kB
MemTotal:        1844596 kB
MemFree:          746096 kB
MemAvailable:    1502628 kB
Buffers:           87456 kB
Cached:           696456 kB
MemTotal:        1844596 kB
MemFree:          746180 kB
MemAvailable:    1502712 kB
Buffers:           87456 kB
Cached:           696456 kB
MemTotal:        1844596 kB
MemFree:          746428 kB
MemAvailable:    1502960 kB
Buffers:           87456 kB
Cached:           696456 kB
MemTotal:        1844596 kB
MemFree:          746428 kB
MemAvailable:    1502960 kB
Buffers:           87456 kB
Cached:           696456 kB
MemTotal:        1844596 kB
MemFree:          744368 kB
MemAvailable:    1500900 kB
Buffers:           87456 kB
Cached:           696456 kB
MemTotal:        1844596 kB
MemFree:          741020 kB
MemAvailable:    1497552 kB
Buffers:           87456 kB
Cached:           696456 kB
MemTotal:        1844596 kB
MemFree:          741012 kB
MemAvailable:    1497544 kB
Buffers:           87456 kB
Cached:           696456 kB
MemTotal:        1844596 kB
MemFree:          741012 kB
MemAvailable:    1497544 kB
Buffers:           87456 kB
Cached:           696456 kB
MemTotal:        1844596 kB
MemFree:          741012 kB
MemAvailable:    1497544 kB
Buffers:           87456 kB
Cached:           696456 kB
MemTotal:        1844596 kB
MemFree:          742128 kB
MemAvailable:    1498660 kB
Buffers:           87456 kB
Cached:           696456 kB
MemTotal:        1844596 kB
MemFree:          741880 kB
MemAvailable:    1498412 kB
Buffers:           87456 kB
Cached:           696456 kB
MemTotal:        1844596 kB
MemFree:          741684 kB
MemAvailable:    1498216 kB
Buffers:           87456 kB
Cached:           696456 kB
MemTotal:        1844596 kB
MemFree:          740780 kB
MemAvailable:    1497312 kB
Buffers:           87456 kB
Cached:           696456 kB
MemTotal:        1844596 kB
MemFree:          741684 kB
MemAvailable:    1498216 kB
Buffers:           87456 kB
Cached:           696456 kB
MemTotal:        1844596 kB
MemFree:          741716 kB
MemAvailable:    1498248 kB
Buffers:           87456 kB
Cached:           696456 kB
MemTotal:        1844596 kB
MemFree:          741580 kB
MemAvailable:    1498112 kB
Buffers:           87456 kB
Cached:           696456 kB
MemTotal:        1844596 kB
MemFree:          741748 kB
MemAvailable:    1498280 kB
Buffers:           87456 kB
Cached:           696456 kB
MemTotal:        1844596 kB
MemFree:          741488 kB
MemAvailable:    1498020 kB
Buffers:           87456 kB
Cached:           696456 kB
MemTotal:        1844596 kB
MemFree:          741640 kB
MemAvailable:    1498172 kB
Buffers:           87456 kB
Cached:           696456 kB
MemTotal:        1844596 kB
MemFree:          741564 kB
MemAvailable:    1498096 kB
Buffers:           87456 kB
Cached:           696456 kB
MemTotal:        1844596 kB
MemFree:          739788 kB
MemAvailable:    1496320 kB
Buffers:           87456 kB
Cached:           696456 kB
MemTotal:        1844596 kB
MemFree:          736184 kB
MemAvailable:    1492724 kB
Buffers:           87456 kB
Cached:           696464 kB
MemTotal:        1844596 kB
MemFree:          735804 kB
MemAvailable:    1492344 kB
Buffers:           87456 kB
Cached:           696464 kB
MemTotal:        1844596 kB
MemFree:          734696 kB
MemAvailable:    1491236 kB
Buffers:           87456 kB
Cached:           696464 kB
MemTotal:        1844596 kB
MemFree:          735060 kB
MemAvailable:    1491604 kB
Buffers:           87456 kB
Cached:           696468 kB
MemTotal:        1844596 kB
MemFree:          735060 kB
MemAvailable:    1491604 kB
Buffers:           87456 kB
Cached:           696468 kB
MemTotal:        1844596 kB
MemFree:          733888 kB
MemAvailable:    1490432 kB
Buffers:           87456 kB
Cached:           696468 kB
MemTotal:        1844596 kB
MemFree:          733516 kB
MemAvailable:    1490060 kB
Buffers:           87456 kB
Cached:           696468 kB
MemTotal:        1844596 kB
MemFree:          732100 kB
MemAvailable:    1488644 kB
Buffers:           87456 kB
Cached:           696468 kB
MemTotal:        1844596 kB
MemFree:          732648 kB
MemAvailable:    1489192 kB
Buffers:           87456 kB
Cached:           696468 kB
MemTotal:        1844596 kB
MemFree:          732984 kB
MemAvailable:    1489528 kB
Buffers:           87456 kB
Cached:           696468 kB
MemTotal:        1844596 kB
MemFree:          733096 kB
MemAvailable:    1489640 kB
Buffers:           87456 kB
Cached:           696468 kB
MemTotal:        1844596 kB
MemFree:          731784 kB
MemAvailable:    1488328 kB
Buffers:           87456 kB
Cached:           696468 kB
MemTotal:        1844596 kB
MemFree:          731660 kB
MemAvailable:    1488204 kB
Buffers:           87456 kB
Cached:           696468 kB
MemTotal:        1844596 kB
MemFree:          731528 kB
MemAvailable:    1488072 kB
Buffers:           87456 kB
Cached:           696468 kB
MemTotal:        1844596 kB
MemFree:          732812 kB
MemAvailable:    1489356 kB
Buffers:           87456 kB
Cached:           696468 kB
MemTotal:        1844596 kB
MemFree:          732668 kB
MemAvailable:    1489212 kB
Buffers:           87456 kB
Cached:           696468 kB
MemTotal:        1844596 kB
MemFree:          732920 kB
MemAvailable:    1489464 kB
Buffers:           87456 kB
Cached:           696468 kB
MemTotal:        1844596 kB
MemFree:          732656 kB
MemAvailable:    1489200 kB
Buffers:           87456 kB
Cached:           696468 kB
MemTotal:        1844596 kB
MemFree:          731584 kB
MemAvailable:    1488128 kB
Buffers:           87456 kB
Cached:           696468 kB
MemTotal:        1844596 kB
MemFree:          731328 kB
MemAvailable:    1487872 kB
Buffers:           87456 kB
Cached:           696468 kB
MemTotal:        1844596 kB
MemFree:          731328 kB
MemAvailable:    1487872 kB
Buffers:           87456 kB
Cached:           696468 kB
MemTotal:        1844596 kB
MemFree:          731320 kB
MemAvailable:    1487864 kB
Buffers:           87456 kB
Cached:           696468 kB
MemTotal:        1844596 kB
MemFree:          731320 kB
MemAvailable:    1487864 kB
Buffers:           87456 kB
Cached:           696468 kB
MemTotal:        1844596 kB
MemFree:          731272 kB
MemAvailable:    1487816 kB
Buffers:           87456 kB
Cached:           696468 kB
MemTotal:        1844596 kB
MemFree:          731396 kB
MemAvailable:    1487940 kB
Buffers:           87456 kB
Cached:           696468 kB
MemTotal:        1844596 kB
MemFree:          731184 kB
MemAvailable:    1487728 kB
Buffers:           87456 kB
Cached:           696468 kB
MemTotal:        1844596 kB
MemFree:          732408 kB
MemAvailable:    1488952 kB
Buffers:           87456 kB
Cached:           696468 kB
MemTotal:        1844596 kB
MemFree:          727000 kB
MemAvailable:    1483544 kB
Buffers:           87456 kB
Cached:           696468 kB
MemTotal:        1844596 kB
MemFree:          724388 kB
MemAvailable:    1480932 kB
Buffers:           87456 kB
Cached:           696468 kB
MemTotal:        1844596 kB
MemFree:          723412 kB
MemAvailable:    1479956 kB
Buffers:           87456 kB
Cached:           696468 kB
MemTotal:        1844596 kB
MemFree:          722860 kB
MemAvailable:    1479404 kB
Buffers:           87456 kB
Cached:           696468 kB
MemTotal:        1844596 kB
MemFree:          724128 kB
MemAvailable:    1480672 kB
Buffers:           87456 kB
Cached:           696468 kB
MemTotal:        1844596 kB
MemFree:          724212 kB
MemAvailable:    1480756 kB
Buffers:           87456 kB
Cached:           696468 kB
MemTotal:        1844596 kB
MemFree:          724028 kB
MemAvailable:    1480572 kB
Buffers:           87456 kB
Cached:           696468 kB
MemTotal:        1844596 kB
MemFree:          724072 kB
MemAvailable:    1480616 kB
Buffers:           87456 kB
Cached:           696468 kB
MemTotal:        1844596 kB
MemFree:          723968 kB
MemAvailable:    1480512 kB
Buffers:           87456 kB
Cached:           696468 kB
MemTotal:        1844596 kB
MemFree:          722640 kB
MemAvailable:    1479184 kB
Buffers:           87456 kB
Cached:           696468 kB
MemTotal:        1844596 kB
MemFree:          722756 kB
MemAvailable:    1479300 kB
Buffers:           87456 kB
Cached:           696468 kB
MemTotal:        1844596 kB
MemFree:          722508 kB
MemAvailable:    1479052 kB
Buffers:           87456 kB
Cached:           696468 kB
MemTotal:        1844596 kB
MemFree:          723872 kB
MemAvailable:    1480416 kB
Buffers:           87456 kB
Cached:           696468 kB
MemTotal:        1844596 kB
MemFree:          724040 kB
MemAvailable:    1480584 kB
Buffers:           87456 kB
Cached:           696468 kB
MemTotal:        1844596 kB
MemFree:          723688 kB
MemAvailable:    1480232 kB
Buffers:           87456 kB
Cached:           696468 kB
MemTotal:        1844596 kB
MemFree:          723660 kB
MemAvailable:    1480204 kB
Buffers:           87456 kB
Cached:           696468 kB
MemTotal:        1844596 kB
MemFree:          723656 kB
MemAvailable:    1480200 kB
Buffers:           87456 kB
Cached:           696468 kB
MemTotal:        1844596 kB
MemFree:          722612 kB
MemAvailable:    1479156 kB
Buffers:           87456 kB
Cached:           696468 kB
MemTotal:        1844596 kB
MemFree:          722532 kB
MemAvailable:    1479076 kB
Buffers:           87456 kB
Cached:           696468 kB
MemTotal:        1844596 kB
MemFree:          723888 kB
MemAvailable:    1480432 kB
Buffers:           87456 kB
Cached:           696468 kB
MemTotal:        1844596 kB
MemFree:          723760 kB
MemAvailable:    1480304 kB
Buffers:           87456 kB
Cached:           696468 kB
MemTotal:        1844596 kB
MemFree:          724012 kB
MemAvailable:    1480556 kB
Buffers:           87456 kB
Cached:           696468 kB
MemTotal:        1844596 kB
MemFree:          723796 kB
MemAvailable:    1480340 kB
Buffers:           87456 kB
Cached:           696468 kB
MemTotal:        1844596 kB
MemFree:          723960 kB
MemAvailable:    1480504 kB
Buffers:           87456 kB
Cached:           696468 kB
MemTotal:        1844596 kB
MemFree:          723040 kB
MemAvailable:    1479584 kB
Buffers:           87456 kB
Cached:           696468 kB
MemTotal:        1844596 kB
MemFree:          723744 kB
MemAvailable:    1480292 kB
Buffers:           87456 kB
Cached:           696472 kB
MemTotal:        1844596 kB
MemFree:          723604 kB
MemAvailable:    1480152 kB
Buffers:           87456 kB
Cached:           696472 kB
MemTotal:        1844596 kB
MemFree:          723288 kB
MemAvailable:    1479836 kB
Buffers:           87456 kB
Cached:           696472 kB
MemTotal:        1844596 kB
MemFree:          722532 kB
MemAvailable:    1479080 kB
Buffers:           87456 kB
Cached:           696472 kB
MemTotal:        1844596 kB
MemFree:          723772 kB
MemAvailable:    1480320 kB
Buffers:           87456 kB
Cached:           696472 kB
MemTotal:        1844596 kB
MemFree:          723040 kB
MemAvailable:    1479588 kB
Buffers:           87456 kB
Cached:           696472 kB
MemTotal:        1844596 kB
MemFree:          722528 kB
MemAvailable:    1479076 kB
Buffers:           87456 kB
Cached:           696472 kB
MemTotal:        1844596 kB
MemFree:          722616 kB
MemAvailable:    1479164 kB
Buffers:           87456 kB
Cached:           696472 kB
MemTotal:        1844596 kB
MemFree:          724032 kB
MemAvailable:    1480580 kB
Buffers:           87456 kB
Cached:           696472 kB
MemTotal:        1844596 kB
MemFree:          722660 kB
MemAvailable:    1479208 kB
Buffers:           87456 kB
Cached:           696472 kB
MemTotal:        1844596 kB
MemFree:          723760 kB
MemAvailable:    1480308 kB
Buffers:           87456 kB
Cached:           696472 kB
MemTotal:        1844596 kB
MemFree:          723412 kB
MemAvailable:    1479960 kB
Buffers:           87456 kB
Cached:           696472 kB
MemTotal:        1844596 kB
MemFree:          723572 kB
MemAvailable:    1480120 kB
Buffers:           87456 kB
Cached:           696472 kB
MemTotal:        1844596 kB
MemFree:          722612 kB
MemAvailable:    1479160 kB
Buffers:           87456 kB
Cached:           696472 kB
MemTotal:        1844596 kB
MemFree:          721524 kB
MemAvailable:    1478072 kB
Buffers:           87456 kB
Cached:           696472 kB
MemTotal:        1844596 kB
MemFree:          718328 kB
MemAvailable:    1474876 kB
Buffers:           87456 kB
Cached:           696472 kB
MemTotal:        1844596 kB
MemFree:          714964 kB
MemAvailable:    1471512 kB
Buffers:           87456 kB
Cached:           696472 kB
MemTotal:        1844596 kB
MemFree:          714112 kB
MemAvailable:    1470660 kB
Buffers:           87456 kB
Cached:           696472 kB
MemTotal:        1844596 kB
MemFree:          712004 kB
MemAvailable:    1468552 kB
Buffers:           87456 kB
Cached:           696472 kB
MemTotal:        1844596 kB
MemFree:          713244 kB
MemAvailable:    1469792 kB
Buffers:           87456 kB
Cached:           696472 kB
MemTotal:        1844596 kB
MemFree:          711872 kB
MemAvailable:    1468424 kB
Buffers:           87456 kB
Cached:           696476 kB
MemTotal:        1844596 kB
MemFree:          712940 kB
MemAvailable:    1469492 kB
Buffers:           87456 kB
Cached:           696476 kB
MemTotal:        1844596 kB
MemFree:          712004 kB
MemAvailable:    1468556 kB
Buffers:           87456 kB
Cached:           696476 kB
MemTotal:        1844596 kB
MemFree:          712988 kB
MemAvailable:    1469540 kB
Buffers:           87456 kB
Cached:           696476 kB
MemTotal:        1844596 kB
MemFree:          713004 kB
MemAvailable:    1469556 kB
Buffers:           87456 kB
Cached:           696476 kB
MemTotal:        1844596 kB
MemFree:          713048 kB
MemAvailable:    1469600 kB
Buffers:           87456 kB
Cached:           696476 kB
MemTotal:        1844596 kB
MemFree:          712260 kB
MemAvailable:    1468812 kB
Buffers:           87456 kB
Cached:           696476 kB
MemTotal:        1844596 kB
MemFree:          712732 kB
MemAvailable:    1469284 kB
Buffers:           87456 kB
Cached:           696476 kB
MemTotal:        1844596 kB
MemFree:          713068 kB
MemAvailable:    1469620 kB
Buffers:           87456 kB
Cached:           696476 kB
MemTotal:        1844596 kB
MemFree:          712876 kB
MemAvailable:    1469428 kB
Buffers:           87456 kB
Cached:           696476 kB
MemTotal:        1844596 kB
MemFree:          711620 kB
MemAvailable:    1468172 kB
Buffers:           87456 kB
Cached:           696476 kB
MemTotal:        1844596 kB
MemFree:          712812 kB
MemAvailable:    1469364 kB
Buffers:           87456 kB
Cached:           696476 kB
MemTotal:        1844596 kB
MemFree:          712812 kB
MemAvailable:    1469364 kB
Buffers:           87456 kB
Cached:           696476 kB
MemTotal:        1844596 kB
MemFree:          711612 kB
MemAvailable:    1468164 kB
Buffers:           87456 kB
Cached:           696476 kB
MemTotal:        1844596 kB
MemFree:          713072 kB
MemAvailable:    1469624 kB
Buffers:           87456 kB
Cached:           696476 kB
MemTotal:        1844596 kB
MemFree:          713116 kB
MemAvailable:    1469668 kB
Buffers:           87456 kB
Cached:           696476 kB
MemTotal:        1844596 kB
MemFree:          712856 kB
MemAvailable:    1469408 kB
Buffers:           87456 kB
Cached:           696476 kB
MemTotal:        1844596 kB
MemFree:          713108 kB
MemAvailable:    1469660 kB
Buffers:           87456 kB
Cached:           696476 kB
MemTotal:        1844596 kB
MemFree:          712676 kB
MemAvailable:    1469228 kB
Buffers:           87456 kB
Cached:           696476 kB
MemTotal:        1844596 kB
MemFree:          713012 kB
MemAvailable:    1469564 kB
Buffers:           87456 kB
Cached:           696476 kB
MemTotal:        1844596 kB
MemFree:          711604 kB
MemAvailable:    1468156 kB
Buffers:           87456 kB
Cached:           696476 kB
MemTotal:        1844596 kB
MemFree:          713052 kB
MemAvailable:    1469604 kB
Buffers:           87456 kB
Cached:           696476 kB
MemTotal:        1844596 kB
MemFree:          711732 kB
MemAvailable:    1468284 kB
Buffers:           87456 kB
Cached:           696476 kB
MemTotal:        1844596 kB
MemFree:          711600 kB
MemAvailable:    1468152 kB
Buffers:           87456 kB
Cached:           696476 kB
MemTotal:        1844596 kB
MemFree:          712900 kB
MemAvailable:    1469452 kB
Buffers:           87456 kB
Cached:           696476 kB
MemTotal:        1844596 kB
MemFree:          712792 kB
MemAvailable:    1469344 kB
Buffers:           87456 kB
Cached:           696476 kB
MemTotal:        1844596 kB
MemFree:          711552 kB
MemAvailable:    1468104 kB
Buffers:           87456 kB
Cached:           696476 kB
MemTotal:        1844596 kB
MemFree:          712828 kB
MemAvailable:    1469380 kB
Buffers:           87456 kB
Cached:           696476 kB
MemTotal:        1844596 kB
MemFree:          713080 kB
MemAvailable:    1469632 kB
Buffers:           87456 kB
Cached:           696476 kB
MemTotal:        1844596 kB
MemFree:          712824 kB
MemAvailable:    1469376 kB
Buffers:           87456 kB
Cached:           696476 kB
MemTotal:        1844596 kB
MemFree:          712680 kB
MemAvailable:    1469232 kB
Buffers:           87456 kB
Cached:           696476 kB
MemTotal:        1844596 kB
MemFree:          712816 kB
MemAvailable:    1469368 kB
Buffers:           87456 kB
Cached:           696476 kB
MemTotal:        1844596 kB
MemFree:          712912 kB
MemAvailable:    1469464 kB
Buffers:           87456 kB
Cached:           696476 kB
MemTotal:        1844596 kB
MemFree:          713040 kB
MemAvailable:    1469592 kB
Buffers:           87456 kB
Cached:           696476 kB
MemTotal:        1844596 kB
MemFree:          713096 kB
MemAvailable:    1469648 kB
Buffers:           87456 kB
Cached:           696476 kB
MemTotal:        1844596 kB
MemFree:          712836 kB
MemAvailable:    1469388 kB
Buffers:           87456 kB
Cached:           696476 kB
MemTotal:        1844596 kB
MemFree:          712732 kB
MemAvailable:    1469284 kB
Buffers:           87456 kB
Cached:           696476 kB
MemTotal:        1844596 kB
MemFree:          712912 kB
MemAvailable:    1469464 kB
Buffers:           87456 kB
Cached:           696476 kB
MemTotal:        1844596 kB
MemFree:          713040 kB
MemAvailable:    1469592 kB
Buffers:           87456 kB
Cached:           696476 kB
MemTotal:        1844596 kB
MemFree:          712128 kB
MemAvailable:    1468680 kB
Buffers:           87456 kB
Cached:           696476 kB
MemTotal:        1844596 kB
MemFree:          713112 kB
MemAvailable:    1469664 kB
Buffers:           87456 kB
Cached:           696476 kB
MemTotal:        1844596 kB
MemFree:          713448 kB
MemAvailable:    1470000 kB
Buffers:           87456 kB
Cached:           696476 kB
MemTotal:        1844596 kB
MemFree:          711996 kB
MemAvailable:    1468548 kB
Buffers:           87456 kB
Cached:           696476 kB
MemTotal:        1844596 kB
MemFree:          713216 kB
MemAvailable:    1469768 kB
Buffers:           87456 kB
Cached:           696476 kB
MemTotal:        1844596 kB
MemFree:          711880 kB
MemAvailable:    1468432 kB
Buffers:           87456 kB
Cached:           696476 kB
MemTotal:        1844596 kB
MemFree:          712792 kB
MemAvailable:    1469344 kB
Buffers:           87456 kB
Cached:           696476 kB
MemTotal:        1844596 kB
MemFree:          712112 kB
MemAvailable:    1468664 kB
Buffers:           87456 kB
Cached:           696476 kB
MemTotal:        1844596 kB
MemFree:          711632 kB
MemAvailable:    1468184 kB
Buffers:           87456 kB
Cached:           696476 kB
MemTotal:        1844596 kB
MemFree:          712320 kB
MemAvailable:    1468872 kB
Buffers:           87456 kB
Cached:           696476 kB
MemTotal:        1844596 kB
MemFree:          710956 kB
MemAvailable:    1467508 kB
Buffers:           87456 kB
Cached:           696476 kB
MemTotal:        1844596 kB
MemFree:          711940 kB
MemAvailable:    1468492 kB
Buffers:           87456 kB
Cached:           696476 kB
MemTotal:        1844596 kB
MemFree:          711640 kB
MemAvailable:    1468192 kB
Buffers:           87456 kB
Cached:           696476 kB
MemTotal:        1844596 kB
MemFree:          711624 kB
MemAvailable:    1468176 kB
Buffers:           87456 kB
Cached:           696476 kB
MemTotal:        1844596 kB
MemFree:          710508 kB
MemAvailable:    1467060 kB
Buffers:           87456 kB
Cached:           696476 kB
MemTotal:        1844596 kB
MemFree:          710508 kB
MemAvailable:    1467060 kB
Buffers:           87456 kB
Cached:           696476 kB
MemTotal:        1844596 kB
MemFree:          710632 kB
MemAvailable:    1467184 kB
Buffers:           87456 kB
Cached:           696476 kB
MemTotal:        1844596 kB
MemFree:          711616 kB
MemAvailable:    1468168 kB
Buffers:           87456 kB
Cached:           696476 kB
MemTotal:        1844596 kB
MemFree:          711220 kB
MemAvailable:    1467772 kB
Buffers:           87456 kB
Cached:           696476 kB
MemTotal:        1844596 kB
MemFree:          711220 kB
MemAvailable:    1467772 kB
Buffers:           87456 kB
Cached:           696476 kB
MemTotal:        1844596 kB
MemFree:          710132 kB
MemAvailable:    1466684 kB
Buffers:           87456 kB
Cached:           696476 kB
MemTotal:        1844596 kB
MemFree:          710380 kB
MemAvailable:    1466932 kB
Buffers:           87456 kB
Cached:           696476 kB
MemTotal:        1844596 kB
MemFree:          711260 kB
MemAvailable:    1467812 kB
Buffers:           87456 kB
Cached:           696476 kB
MemTotal:        1844596 kB
MemFree:          710076 kB
MemAvailable:    1466628 kB
Buffers:           87456 kB
Cached:           696476 kB
MemTotal:        1844596 kB
MemFree:          710244 kB
MemAvailable:    1466796 kB
Buffers:           87456 kB
Cached:           696476 kB
MemTotal:        1844596 kB
MemFree:          709940 kB
MemAvailable:    1466492 kB
Buffers:           87456 kB
Cached:           696476 kB
MemTotal:        1844596 kB
MemFree:          710764 kB
MemAvailable:    1467316 kB
Buffers:           87456 kB
Cached:           696476 kB
MemTotal:        1844596 kB
MemFree:          711300 kB
MemAvailable:    1467852 kB
Buffers:           87456 kB
Cached:           696476 kB
MemTotal:        1844596 kB
MemFree:          710940 kB
MemAvailable:    1467492 kB
Buffers:           87456 kB
Cached:           696476 kB
MemTotal:        1844596 kB
MemFree:          711076 kB
MemAvailable:    1467628 kB
Buffers:           87456 kB
Cached:           696476 kB
MemTotal:        1844596 kB
MemFree:          709876 kB
MemAvailable:    1466428 kB
Buffers:           87456 kB
Cached:           696476 kB
MemTotal:        1844596 kB
MemFree:          710000 kB
MemAvailable:    1466552 kB
Buffers:           87456 kB
Cached:           696476 kB
MemTotal:        1844596 kB
MemFree:          711232 kB
MemAvailable:    1467784 kB
Buffers:           87456 kB
Cached:           696476 kB
MemTotal:        1844596 kB
MemFree:          711232 kB
MemAvailable:    1467784 kB
Buffers:           87456 kB
Cached:           696476 kB
MemTotal:        1844596 kB
MemFree:          706476 kB
MemAvailable:    1463032 kB
Buffers:           87456 kB
Cached:           696480 kB
MemTotal:        1844596 kB
MemFree:          702580 kB
MemAvailable:    1459136 kB
Buffers:           87456 kB
Cached:           696480 kB
MemTotal:        1844596 kB
MemFree:          700408 kB
MemAvailable:    1456964 kB
Buffers:           87456 kB
Cached:           696480 kB
MemTotal:        1844596 kB
MemFree:          699240 kB
MemAvailable:    1455800 kB
Buffers:           87456 kB
Cached:           696484 kB
MemTotal:        1844596 kB
MemFree:          699912 kB
MemAvailable:    1456472 kB
Buffers:           87456 kB
Cached:           696484 kB
MemTotal:        1844596 kB
MemFree:          699912 kB
MemAvailable:    1456472 kB
Buffers:           87456 kB
Cached:           696484 kB
MemTotal:        1844596 kB
MemFree:          698424 kB
MemAvailable:    1454984 kB
Buffers:           87456 kB
Cached:           696484 kB
MemTotal:        1844596 kB
MemFree:          699216 kB
MemAvailable:    1455776 kB
Buffers:           87456 kB
Cached:           696484 kB
MemTotal:        1844596 kB
MemFree:          699300 kB
MemAvailable:    1455860 kB
Buffers:           87456 kB
Cached:           696484 kB
MemTotal:        1844596 kB
MemFree:          697812 kB
MemAvailable:    1454372 kB
Buffers:           87456 kB
Cached:           696484 kB
MemTotal:        1844596 kB
MemFree:          698160 kB
MemAvailable:    1454720 kB
Buffers:           87456 kB
Cached:           696484 kB
MemTotal:        1844596 kB
MemFree:          696884 kB
MemAvailable:    1453444 kB
Buffers:           87456 kB
Cached:           696484 kB
MemTotal:        1844596 kB
MemFree:          697232 kB
MemAvailable:    1453792 kB
Buffers:           87456 kB
Cached:           696484 kB
MemTotal:        1844596 kB
MemFree:          697444 kB
MemAvailable:    1454004 kB
Buffers:           87456 kB
Cached:           696484 kB
MemTotal:        1844596 kB
MemFree:          695132 kB
MemAvailable:    1451692 kB
Buffers:           87456 kB
Cached:           696484 kB
MemTotal:        1844596 kB
MemFree:          696496 kB
MemAvailable:    1453056 kB
Buffers:           87456 kB
Cached:           696484 kB
MemTotal:        1844596 kB
MemFree:          696308 kB
MemAvailable:    1452868 kB
Buffers:           87456 kB
Cached:           696484 kB
MemTotal:        1844596 kB
MemFree:          695140 kB
MemAvailable:    1451700 kB
Buffers:           87456 kB
Cached:           696484 kB
MemTotal:        1844596 kB
MemFree:          696340 kB
MemAvailable:    1452904 kB
Buffers:           87456 kB
Cached:           696488 kB
MemTotal:        1844596 kB
MemFree:          695140 kB
MemAvailable:    1451580 kB
Buffers:           87456 kB
Cached:           696488 kB
MemTotal:        1844596 kB
MemFree:          696380 kB
MemAvailable:    1452944 kB
Buffers:           87456 kB
Cached:           696488 kB
MemTotal:        1844596 kB
MemFree:          696340 kB
MemAvailable:    1452904 kB
Buffers:           87456 kB
Cached:           696488 kB
MemTotal:        1844596 kB
MemFree:          696184 kB
MemAvailable:    1452748 kB
Buffers:           87456 kB
Cached:           696488 kB
MemTotal:        1844596 kB
MemFree:          695140 kB
MemAvailable:    1451704 kB
Buffers:           87456 kB
Cached:           696488 kB
MemTotal:        1844596 kB
MemFree:          696072 kB
MemAvailable:    1452636 kB
Buffers:           87456 kB
Cached:           696488 kB
MemTotal:        1844596 kB
MemFree:          696324 kB
MemAvailable:    1452888 kB
Buffers:           87456 kB
Cached:           696488 kB
MemTotal:        1844596 kB
MemFree:          694760 kB
MemAvailable:    1451324 kB
Buffers:           87456 kB
Cached:           696488 kB
MemTotal:        1844596 kB
MemFree:          696060 kB
MemAvailable:    1452624 kB
Buffers:           87456 kB
Cached:           696488 kB
MemTotal:        1844596 kB
MemFree:          696372 kB
MemAvailable:    1452936 kB
Buffers:           87456 kB
Cached:           696488 kB
MemTotal:        1844596 kB
MemFree:          695596 kB
MemAvailable:    1452160 kB
Buffers:           87456 kB
Cached:           696488 kB
MemTotal:        1844596 kB
MemFree:          694652 kB
MemAvailable:    1451216 kB
Buffers:           87456 kB
Cached:           696488 kB
MemTotal:        1844596 kB
MemFree:          694256 kB
MemAvailable:    1450820 kB
Buffers:           87456 kB
Cached:           696488 kB
MemTotal:        1844596 kB
MemFree:          694592 kB
MemAvailable:    1451156 kB
Buffers:           87456 kB
Cached:           696488 kB
MemTotal:        1844596 kB
MemFree:          693024 kB
MemAvailable:    1449588 kB
Buffers:           87456 kB
Cached:           696488 kB
MemTotal:        1844596 kB
MemFree:          694068 kB
MemAvailable:    1450632 kB
Buffers:           87456 kB
Cached:           696488 kB
MemTotal:        1844596 kB
MemFree:          693356 kB
MemAvailable:    1449920 kB
Buffers:           87456 kB
Cached:           696488 kB
MemTotal:        1844596 kB
MemFree:          693524 kB
MemAvailable:    1450088 kB
Buffers:           87456 kB
Cached:           696488 kB
MemTotal:        1844596 kB
MemFree:          692960 kB
MemAvailable:    1449524 kB
Buffers:           87456 kB
Cached:           696488 kB
MemTotal:        1844596 kB
MemFree:          692768 kB
MemAvailable:    1449332 kB
Buffers:           87456 kB
Cached:           696488 kB
MemTotal:        1844596 kB
MemFree:          692768 kB
MemAvailable:    1449332 kB
Buffers:           87456 kB
Cached:           696488 kB
MemTotal:        1844596 kB
MemFree:          692148 kB
MemAvailable:    1448712 kB
Buffers:           87456 kB
Cached:           696488 kB
MemTotal:        1844596 kB
MemFree:          691420 kB
MemAvailable:    1447984 kB
Buffers:           87456 kB
Cached:           696488 kB
MemTotal:        1844596 kB
MemFree:          692028 kB
MemAvailable:    1448592 kB
Buffers:           87456 kB
Cached:           696488 kB
MemTotal:        1844596 kB
MemFree:          690988 kB
MemAvailable:    1447552 kB
Buffers:           87456 kB
Cached:           696488 kB
MemTotal:        1844596 kB
MemFree:          690740 kB
MemAvailable:    1447304 kB
Buffers:           87456 kB
Cached:           696488 kB
MemTotal:        1844596 kB
MemFree:          692040 kB
MemAvailable:    1448604 kB
Buffers:           87456 kB
Cached:           696488 kB
MemTotal:        1844596 kB
MemFree:          691304 kB
MemAvailable:    1447868 kB
Buffers:           87456 kB
Cached:           696488 kB
MemTotal:        1844596 kB
MemFree:          691908 kB
MemAvailable:    1448472 kB
Buffers:           87456 kB
Cached:           696488 kB
MemTotal:        1844596 kB
MemFree:          692244 kB
MemAvailable:    1448808 kB
Buffers:           87456 kB
Cached:           696488 kB
MemTotal:        1844596 kB
MemFree:          692032 kB
MemAvailable:    1448596 kB
Buffers:           87456 kB
Cached:           696488 kB
MemTotal:        1844596 kB
MemFree:          692032 kB
MemAvailable:    1448596 kB
Buffers:           87456 kB
Cached:           696488 kB
MemTotal:        1844596 kB
MemFree:          691908 kB
MemAvailable:    1448472 kB
Buffers:           87456 kB
Cached:           696488 kB
MemTotal:        1844596 kB
MemFree:          691796 kB
MemAvailable:    1448360 kB
Buffers:           87456 kB
Cached:           696488 kB
MemTotal:        1844596 kB
MemFree:          690932 kB
MemAvailable:    1447496 kB
Buffers:           87456 kB
Cached:           696488 kB
MemTotal:        1844596 kB
MemFree:          691528 kB
MemAvailable:    1448092 kB
Buffers:           87456 kB
Cached:           696488 kB
MemTotal:        1844596 kB
MemFree:          691864 kB
MemAvailable:    1448428 kB
Buffers:           87456 kB
Cached:           696488 kB
MemTotal:        1844596 kB
MemFree:          691588 kB
MemAvailable:    1448152 kB
Buffers:           87456 kB
Cached:           696488 kB
MemTotal:        1844596 kB
MemFree:          690504 kB
MemAvailable:    1447068 kB
Buffers:           87456 kB
Cached:           696488 kB
MemTotal:        1844596 kB
MemFree:          691744 kB
MemAvailable:    1448308 kB
Buffers:           87456 kB
Cached:           696488 kB
MemTotal:        1844596 kB
MemFree:          690924 kB
MemAvailable:    1447488 kB
Buffers:           87456 kB
Cached:           696488 kB
MemTotal:        1844596 kB
MemFree:          691600 kB
MemAvailable:    1448164 kB
Buffers:           87456 kB
Cached:           696488 kB
MemTotal:        1844596 kB
MemFree:          691824 kB
MemAvailable:    1448388 kB
Buffers:           87456 kB
Cached:           696488 kB
MemTotal:        1844596 kB
MemFree:          691372 kB
MemAvailable:    1448020 kB
Buffers:           87456 kB
Cached:           696488 kB
MemTotal:        1844596 kB
MemFree:          690364 kB
MemAvailable:    1446928 kB
Buffers:           87456 kB
Cached:           696488 kB
MemTotal:        1844596 kB
MemFree:          690532 kB
MemAvailable:    1447096 kB
Buffers:           87456 kB
Cached:           696488 kB
MemTotal:        1844596 kB
MemFree:          690504 kB
MemAvailable:    1447068 kB
Buffers:           87456 kB
Cached:           696488 kB
MemTotal:        1844596 kB
MemFree:          690504 kB
MemAvailable:    1447068 kB
Buffers:           87456 kB
Cached:           696488 kB
MemTotal:        1844596 kB
MemFree:          691908 kB
MemAvailable:    1448472 kB
Buffers:           87456 kB
Cached:           696488 kB
MemTotal:        1844596 kB
MemFree:          689436 kB
MemAvailable:    1446000 kB
Buffers:           87456 kB
Cached:           696488 kB
MemTotal:        1844596 kB
MemFree:          689560 kB
MemAvailable:    1446124 kB
Buffers:           87456 kB
Cached:           696488 kB
MemTotal:        1844596 kB
MemFree:          689436 kB
MemAvailable:    1446000 kB
Buffers:           87456 kB
Cached:           696488 kB
MemTotal:        1844596 kB
MemFree:          690180 kB
MemAvailable:    1446744 kB
Buffers:           87456 kB
Cached:           696488 kB
MemTotal:        1844596 kB
MemFree:          689000 kB
MemAvailable:    1445564 kB
Buffers:           87456 kB
Cached:           696488 kB
MemTotal:        1844596 kB
MemFree:          686832 kB
MemAvailable:    1443396 kB
Buffers:           87456 kB
Cached:           696488 kB
MemTotal:        1844596 kB
MemFree:          686876 kB
MemAvailable:    1443448 kB
Buffers:           87456 kB
Cached:           696496 kB
MemTotal:        1844596 kB
MemFree:          683608 kB
MemAvailable:    1440180 kB
Buffers:           87456 kB
Cached:           696496 kB
MemTotal:        1844596 kB
MemFree:          682712 kB
MemAvailable:    1439284 kB
Buffers:           87456 kB
Cached:           696496 kB
MemTotal:        1844596 kB
MemFree:          680632 kB
MemAvailable:    1437204 kB
Buffers:           87456 kB
Cached:           696496 kB
MemTotal:        1844596 kB
MemFree:          675060 kB
MemAvailable:    1431632 kB
Buffers:           87456 kB
Cached:           696496 kB
MemTotal:        1844596 kB
MemFree:          673192 kB
MemAvailable:    1429764 kB
Buffers:           87456 kB
Cached:           696496 kB
MemTotal:        1844596 kB
MemFree:          673508 kB
MemAvailable:    1430080 kB
Buffers:           87456 kB
Cached:           696496 kB
MemTotal:        1844596 kB
MemFree:          672192 kB
MemAvailable:    1428764 kB
Buffers:           87456 kB
Cached:           696496 kB
MemTotal:        1844596 kB
MemFree:          672200 kB
MemAvailable:    1428772 kB
Buffers:           87456 kB
Cached:           696496 kB
MemTotal:        1844596 kB
MemFree:          672068 kB
MemAvailable:    1428640 kB
Buffers:           87456 kB
Cached:           696496 kB
MemTotal:        1844596 kB
MemFree:          671960 kB
MemAvailable:    1428532 kB
Buffers:           87456 kB
Cached:           696496 kB
MemTotal:        1844596 kB
MemFree:          673136 kB
MemAvailable:    1429708 kB
Buffers:           87456 kB
Cached:           696496 kB
MemTotal:        1844596 kB
MemFree:          672092 kB
MemAvailable:    1428664 kB
Buffers:           87456 kB
Cached:           696496 kB
MemTotal:        1844596 kB
MemFree:          672944 kB
MemAvailable:    1429516 kB
Buffers:           87456 kB
Cached:           696496 kB
MemTotal:        1844596 kB
MemFree:          673200 kB
MemAvailable:    1429772 kB
Buffers:           87456 kB
Cached:           696496 kB
MemTotal:        1844596 kB
MemFree:          671960 kB
MemAvailable:    1428532 kB
Buffers:           87456 kB
Cached:           696496 kB
MemTotal:        1844596 kB
MemFree:          673096 kB
MemAvailable:    1429668 kB
Buffers:           87456 kB
Cached:           696496 kB
MemTotal:        1844596 kB
MemFree:          672332 kB
MemAvailable:    1428904 kB
Buffers:           87456 kB
Cached:           696496 kB
MemTotal:        1844596 kB
MemFree:          673048 kB
MemAvailable:    1429624 kB
Buffers:           87456 kB
Cached:           696500 kB
MemTotal:        1844596 kB
MemFree:          671340 kB
MemAvailable:    1427916 kB
Buffers:           87456 kB
Cached:           696500 kB
MemTotal:        1844596 kB
MemFree:          672644 kB
MemAvailable:    1429220 kB
Buffers:           87456 kB
Cached:           696500 kB
MemTotal:        1844596 kB
MemFree:          671216 kB
MemAvailable:    1427792 kB
Buffers:           87456 kB
Cached:           696500 kB
MemTotal:        1844596 kB
MemFree:          670960 kB
MemAvailable:    1427536 kB
Buffers:           87456 kB
Cached:           696500 kB
MemTotal:        1844596 kB
MemFree:          672428 kB
MemAvailable:    1429004 kB
Buffers:           87456 kB
Cached:           696500 kB
MemTotal:        1844596 kB
MemFree:          671216 kB
MemAvailable:    1427792 kB
Buffers:           87456 kB
Cached:           696500 kB
MemTotal:        1844596 kB
MemFree:          672036 kB
MemAvailable:    1428612 kB
Buffers:           87456 kB
Cached:           696500 kB
MemTotal:        1844596 kB
MemFree:          672292 kB
MemAvailable:    1428868 kB
Buffers:           87456 kB
Cached:           696500 kB
MemTotal:        1844596 kB
MemFree:          672152 kB
MemAvailable:    1428728 kB
Buffers:           87456 kB
Cached:           696500 kB
MemTotal:        1844596 kB
MemFree:          672408 kB
MemAvailable:    1428984 kB
Buffers:           87456 kB
Cached:           696500 kB
MemTotal:        1844596 kB
MemFree:          672152 kB
MemAvailable:    1428728 kB
Buffers:           87456 kB
Cached:           696500 kB
MemTotal:        1844596 kB
MemFree:          671028 kB
MemAvailable:    1427604 kB
Buffers:           87456 kB
Cached:           696500 kB
MemTotal:        1844596 kB
MemFree:          672132 kB
MemAvailable:    1428708 kB
Buffers:           87456 kB
Cached:           696500 kB
MemTotal:        1844596 kB
MemFree:          672384 kB
MemAvailable:    1428960 kB
Buffers:           87456 kB
Cached:           696500 kB
MemTotal:        1844596 kB
MemFree:          672256 kB
MemAvailable:    1428832 kB
Buffers:           87456 kB
Cached:           696500 kB
MemTotal:        1844596 kB
MemFree:          671952 kB
MemAvailable:    1428528 kB
Buffers:           87456 kB
Cached:           696500 kB
MemTotal:        1844596 kB
MemFree:          670948 kB
MemAvailable:    1427524 kB
Buffers:           87456 kB
Cached:           696500 kB
MemTotal:        1844596 kB
MemFree:          670816 kB
MemAvailable:    1427392 kB
Buffers:           87456 kB
Cached:           696500 kB
MemTotal:        1844596 kB
MemFree:          671188 kB
MemAvailable:    1427764 kB
Buffers:           87456 kB
Cached:           696500 kB
MemTotal:        1844596 kB
MemFree:          670940 kB
MemAvailable:    1427516 kB
Buffers:           87456 kB
Cached:           696500 kB
MemTotal:        1844596 kB
MemFree:          672240 kB
MemAvailable:    1428816 kB
Buffers:           87456 kB
Cached:           696500 kB
MemTotal:        1844596 kB
MemFree:          668984 kB
MemAvailable:    1425560 kB
Buffers:           87456 kB
Cached:           696500 kB
MemTotal:        1844596 kB
MemFree:          666672 kB
MemAvailable:    1423248 kB
Buffers:           87456 kB
Cached:           696500 kB
MemTotal:        1844596 kB
MemFree:          664024 kB
MemAvailable:    1420600 kB
Buffers:           87456 kB
Cached:           696500 kB
MemTotal:        1844596 kB
MemFree:          660668 kB
MemAvailable:    1417244 kB
Buffers:           87456 kB
Cached:           696500 kB
MemTotal:        1844596 kB
MemFree:          660312 kB
MemAvailable:    1416888 kB
Buffers:           87456 kB
Cached:           696500 kB
MemTotal:        1844596 kB
MemFree:          657000 kB
MemAvailable:    1413576 kB
Buffers:           87456 kB
Cached:           696500 kB
MemTotal:        1844596 kB
MemFree:          654352 kB
MemAvailable:    1410928 kB
Buffers:           87456 kB
Cached:           696500 kB
MemTotal:        1844596 kB
MemFree:          653964 kB
MemAvailable:    1410540 kB
Buffers:           87456 kB
Cached:           696500 kB
MemTotal:        1844596 kB
MemFree:          653856 kB
MemAvailable:    1410432 kB
Buffers:           87456 kB
Cached:           696500 kB
MemTotal:        1844596 kB
MemFree:          653968 kB
MemAvailable:    1410544 kB
Buffers:           87456 kB
Cached:           696500 kB
MemTotal:        1844596 kB
MemFree:          652848 kB
MemAvailable:    1409424 kB
Buffers:           87456 kB
Cached:           696500 kB
MemTotal:        1844596 kB
MemFree:          653980 kB
MemAvailable:    1410556 kB
Buffers:           87456 kB
Cached:           696500 kB
MemTotal:        1844596 kB
MemFree:          653668 kB
MemAvailable:    1410244 kB
Buffers:           87456 kB
Cached:           696500 kB
MemTotal:        1844596 kB
MemFree:          654004 kB
MemAvailable:    1410580 kB
Buffers:           87456 kB
Cached:           696500 kB
MemTotal:        1844596 kB
MemFree:          654116 kB
MemAvailable:    1410692 kB
Buffers:           87456 kB
Cached:           696500 kB
MemTotal:        1844596 kB
MemFree:          652724 kB
MemAvailable:    1409300 kB
Buffers:           87456 kB
Cached:           696500 kB
MemTotal:        1844596 kB
MemFree:          654244 kB
MemAvailable:    1410820 kB
Buffers:           87456 kB
Cached:           696500 kB
MemTotal:        1844596 kB
MemFree:          653368 kB
MemAvailable:    1409944 kB
Buffers:           87456 kB
Cached:           696500 kB
MemTotal:        1844596 kB
MemFree:          653760 kB
MemAvailable:    1410336 kB
Buffers:           87456 kB
Cached:           696500 kB
MemTotal:        1844596 kB
MemFree:          654096 kB
MemAvailable:    1410672 kB
Buffers:           87456 kB
Cached:           696500 kB
MemTotal:        1844596 kB
MemFree:          653968 kB
MemAvailable:    1410544 kB
Buffers:           87456 kB
Cached:           696500 kB
MemTotal:        1844596 kB
MemFree:          653856 kB
MemAvailable:    1410432 kB
Buffers:           87456 kB
Cached:           696500 kB
MemTotal:        1844596 kB
MemFree:          653244 kB
MemAvailable:    1409820 kB
Buffers:           87456 kB
Cached:           696500 kB
MemTotal:        1844596 kB
MemFree:          653716 kB
MemAvailable:    1410292 kB
Buffers:           87456 kB
Cached:           696500 kB
MemTotal:        1844596 kB
MemFree:          654052 kB
MemAvailable:    1410628 kB
Buffers:           87456 kB
Cached:           696500 kB
MemTotal:        1844596 kB
MemFree:          653892 kB
MemAvailable:    1410468 kB
Buffers:           87456 kB
Cached:           696500 kB
MemTotal:        1844596 kB
MemFree:          653740 kB
MemAvailable:    1410316 kB
Buffers:           87456 kB
Cached:           696500 kB
MemTotal:        1844596 kB
MemFree:          653776 kB
MemAvailable:    1410352 kB
Buffers:           87456 kB
Cached:           696500 kB
MemTotal:        1844596 kB
MemFree:          652684 kB
MemAvailable:    1409260 kB
Buffers:           87456 kB
Cached:           696500 kB
MemTotal:        1844596 kB
MemFree:          653868 kB
MemAvailable:    1410444 kB
Buffers:           87456 kB
Cached:           696500 kB
MemTotal:        1844596 kB
MemFree:          653236 kB
MemAvailable:    1409812 kB
Buffers:           87456 kB
Cached:           696500 kB
MemTotal:        1844596 kB
MemFree:          652980 kB
MemAvailable:    1409556 kB
Buffers:           87456 kB
Cached:           696500 kB
MemTotal:        1844596 kB
MemFree:          653236 kB
MemAvailable:    1409812 kB
Buffers:           87456 kB
Cached:           696500 kB
MemTotal:        1844596 kB
MemFree:          653808 kB
MemAvailable:    1410384 kB
Buffers:           87456 kB
Cached:           696500 kB
MemTotal:        1844596 kB
MemFree:          654064 kB
MemAvailable:    1410640 kB
Buffers:           87456 kB
Cached:           696500 kB
MemTotal:        1844596 kB
MemFree:          653916 kB
MemAvailable:    1410492 kB
Buffers:           87456 kB
Cached:           696500 kB
MemTotal:        1844596 kB
MemFree:          653492 kB
MemAvailable:    1410068 kB
Buffers:           87456 kB
Cached:           696500 kB
MemTotal:        1844596 kB
MemFree:          652740 kB
MemAvailable:    1409316 kB
Buffers:           87456 kB
Cached:           696500 kB
MemTotal:        1844596 kB
MemFree:          652692 kB
MemAvailable:    1409268 kB
Buffers:           87456 kB
Cached:           696500 kB
MemTotal:        1844596 kB
MemFree:          654056 kB
MemAvailable:    1410640 kB
Buffers:           87456 kB
Cached:           696508 kB
MemTotal:        1844596 kB
MemFree:          652740 kB
MemAvailable:    1409324 kB
Buffers:           87456 kB
Cached:           696508 kB
MemTotal:        1844596 kB
MemFree:          653908 kB
MemAvailable:    1410492 kB
Buffers:           87456 kB
Cached:           696508 kB
MemTotal:        1844596 kB
MemFree:          653840 kB
MemAvailable:    1410424 kB
Buffers:           87456 kB
Cached:           696508 kB
MemTotal:        1844596 kB
MemFree:          653484 kB
MemAvailable:    1410068 kB
Buffers:           87456 kB
Cached:           696508 kB
MemTotal:        1844596 kB
MemFree:          653236 kB
MemAvailable:    1409820 kB
Buffers:           87456 kB
Cached:           696508 kB
MemTotal:        1844596 kB
MemFree:          648896 kB
MemAvailable:    1405480 kB
Buffers:           87456 kB
Cached:           696508 kB
MemTotal:        1844596 kB
MemFree:          646044 kB
MemAvailable:    1402628 kB
Buffers:           87456 kB
Cached:           696508 kB
MemTotal:        1844596 kB
MemFree:          641580 kB
MemAvailable:    1398164 kB
Buffers:           87456 kB
Cached:           696508 kB
MemTotal:        1844596 kB
MemFree:          636868 kB
MemAvailable:    1393452 kB
Buffers:           87456 kB
Cached:           696508 kB
MemTotal:        1844596 kB
MemFree:          635876 kB
MemAvailable:    1392460 kB
Buffers:           87456 kB
Cached:           696508 kB
MemTotal:        1844596 kB
MemFree:          635628 kB
MemAvailable:    1392212 kB
Buffers:           87456 kB
Cached:           696508 kB
MemTotal:        1844596 kB
MemFree:          636612 kB
MemAvailable:    1393196 kB
Buffers:           87456 kB
Cached:           696508 kB
MemTotal:        1844596 kB
MemFree:          635380 kB
MemAvailable:    1391964 kB
Buffers:           87456 kB
Cached:           696508 kB
MemTotal:        1844596 kB
MemFree:          635612 kB
MemAvailable:    1392196 kB
Buffers:           87456 kB
Cached:           696508 kB
MemTotal:        1844596 kB
MemFree:          635948 kB
MemAvailable:    1392532 kB
Buffers:           87456 kB
Cached:           696508 kB
MemTotal:        1844596 kB
MemFree:          635572 kB
MemAvailable:    1392156 kB
Buffers:           87456 kB
Cached:           696508 kB
MemTotal:        1844596 kB
MemFree:          635636 kB
MemAvailable:    1392220 kB
Buffers:           87456 kB
Cached:           696508 kB
MemTotal:        1844596 kB
MemFree:          634216 kB
MemAvailable:    1390800 kB
Buffers:           87456 kB
Cached:           696508 kB
MemTotal:        1844596 kB
MemFree:          635456 kB
MemAvailable:    1392040 kB
Buffers:           87456 kB
Cached:           696508 kB
MemTotal:        1844596 kB
MemFree:          634272 kB
MemAvailable:    1390856 kB
Buffers:           87456 kB
Cached:           696508 kB
MemTotal:        1844596 kB
MemFree:          635116 kB
MemAvailable:    1391700 kB
Buffers:           87456 kB
Cached:           696508 kB
MemTotal:        1844596 kB
MemFree:          635008 kB
MemAvailable:    1391592 kB
Buffers:           87456 kB
Cached:           696508 kB
MemTotal:        1844596 kB
MemFree:          635004 kB
MemAvailable:    1391588 kB
Buffers:           87456 kB
Cached:           696508 kB
MemTotal:        1844596 kB
MemFree:          633748 kB
MemAvailable:    1390332 kB
Buffers:           87456 kB
Cached:           696508 kB
MemTotal:        1844596 kB
MemFree:          634448 kB
MemAvailable:    1391032 kB
Buffers:           87456 kB
Cached:           696508 kB
MemTotal:        1844596 kB
MemFree:          634444 kB
MemAvailable:    1391028 kB
Buffers:           87456 kB
Cached:           696508 kB
MemTotal:        1844596 kB
MemFree:          634444 kB
MemAvailable:    1391028 kB
Buffers:           87456 kB
Cached:           696508 kB
MemTotal:        1844596 kB
MemFree:          633252 kB
MemAvailable:    1389836 kB
Buffers:           87456 kB
Cached:           696508 kB
MemTotal:        1844596 kB
MemFree:          633016 kB
MemAvailable:    1389600 kB
Buffers:           87456 kB
Cached:           696508 kB
MemTotal:        1844596 kB
MemFree:          632100 kB
MemAvailable:    1388684 kB
Buffers:           87456 kB
Cached:           696508 kB
MemTotal:        1844596 kB
MemFree:          632156 kB
MemAvailable:    1388740 kB
Buffers:           87456 kB
Cached:           696508 kB
MemTotal:        1844596 kB
MemFree:          631472 kB
MemAvailable:    1388056 kB
Buffers:           87456 kB
Cached:           696508 kB
MemTotal:        1844596 kB
MemFree:          629544 kB
MemAvailable:    1386128 kB
Buffers:           87456 kB
Cached:           696508 kB
MemTotal:        1844596 kB
MemFree:          629180 kB
MemAvailable:    1385764 kB
Buffers:           87456 kB
Cached:           696508 kB
MemTotal:        1844596 kB
MemFree:          629676 kB
MemAvailable:    1386260 kB
Buffers:           87456 kB
Cached:           696508 kB
MemTotal:        1844596 kB
MemFree:          628428 kB
MemAvailable:    1385012 kB
Buffers:           87456 kB
Cached:           696508 kB
MemTotal:        1844596 kB
MemFree:          628428 kB
MemAvailable:    1385012 kB
Buffers:           87456 kB
Cached:           696508 kB
MemTotal:        1844596 kB
MemFree:          628552 kB
MemAvailable:    1385136 kB
Buffers:           87456 kB
Cached:           696508 kB
MemTotal:        1844596 kB
MemFree:          628428 kB
MemAvailable:    1385012 kB
Buffers:           87456 kB
Cached:           696508 kB
MemTotal:        1844596 kB
MemFree:          629544 kB
MemAvailable:    1386128 kB
Buffers:           87456 kB
Cached:           696508 kB
MemTotal:        1844596 kB
MemFree:          628428 kB
MemAvailable:    1385012 kB
Buffers:           87456 kB
Cached:           696508 kB
MemTotal:        1844596 kB
MemFree:          628892 kB
MemAvailable:    1385476 kB
Buffers:           87456 kB
Cached:           696508 kB
MemTotal:        1844596 kB
MemFree:          626824 kB
MemAvailable:    1383408 kB
Buffers:           87456 kB
Cached:           696508 kB
MemTotal:        1844596 kB
MemFree:          626692 kB
MemAvailable:    1383276 kB
Buffers:           87456 kB
Cached:           696508 kB
MemTotal:        1844596 kB
MemFree:          626824 kB
MemAvailable:    1383408 kB
Buffers:           87456 kB
Cached:           696508 kB
MemTotal:        1844596 kB
MemFree:          627804 kB
MemAvailable:    1384388 kB
Buffers:           87456 kB
Cached:           696508 kB
MemTotal:        1844596 kB
MemFree:          627692 kB
MemAvailable:    1384276 kB
Buffers:           87456 kB
Cached:           696508 kB
MemTotal:        1844596 kB
MemFree:          626412 kB
MemAvailable:    1382996 kB
Buffers:           87456 kB
Cached:           696508 kB
MemTotal:        1844596 kB
MemFree:          626800 kB
MemAvailable:    1383384 kB
Buffers:           87456 kB
Cached:           696508 kB
MemTotal:        1844596 kB
MemFree:          627852 kB
MemAvailable:    1384436 kB
Buffers:           87456 kB
Cached:           696508 kB
MemTotal:        1844596 kB
MemFree:          627684 kB
MemAvailable:    1384268 kB
Buffers:           87456 kB
Cached:           696508 kB
MemTotal:        1844596 kB
MemFree:          628020 kB
MemAvailable:    1384604 kB
Buffers:           87456 kB
Cached:           696508 kB
MemTotal:        1844596 kB
MemFree:          627704 kB
MemAvailable:    1384288 kB
Buffers:           87456 kB
Cached:           696508 kB
MemTotal:        1844596 kB
MemFree:          626564 kB
MemAvailable:    1383148 kB
Buffers:           87456 kB
Cached:           696508 kB
MemTotal:        1844596 kB
MemFree:          627908 kB
MemAvailable:    1384492 kB
Buffers:           87456 kB
Cached:           696508 kB
MemTotal:        1844596 kB
MemFree:          626688 kB
MemAvailable:    1383272 kB
Buffers:           87456 kB
Cached:           696508 kB
MemTotal:        1844596 kB
MemFree:          627684 kB
MemAvailable:    1384268 kB
Buffers:           87456 kB
Cached:           696508 kB
MemTotal:        1844596 kB
MemFree:          627072 kB
MemAvailable:    1383656 kB
Buffers:           87456 kB
Cached:           696508 kB
MemTotal:        1844596 kB
MemFree:          627624 kB
MemAvailable:    1384208 kB
Buffers:           87456 kB
Cached:           696508 kB
MemTotal:        1844596 kB
MemFree:          627876 kB
MemAvailable:    1384460 kB
Buffers:           87456 kB
Cached:           696508 kB
MemTotal:        1844596 kB
MemFree:          626644 kB
MemAvailable:    1383228 kB
Buffers:           87456 kB
Cached:           696508 kB
MemTotal:        1844596 kB
MemFree:          626520 kB
MemAvailable:    1383104 kB
Buffers:           87456 kB
Cached:           696508 kB
MemTotal:        1844596 kB
MemFree:          626520 kB
MemAvailable:    1383104 kB
Buffers:           87456 kB
Cached:           696508 kB
MemTotal:        1844596 kB
MemFree:          626636 kB
MemAvailable:    1383220 kB
Buffers:           87456 kB
Cached:           696508 kB
MemTotal:        1844596 kB
MemFree:          626680 kB
MemAvailable:    1383264 kB
Buffers:           87456 kB
Cached:           696508 kB
MemTotal:        1844596 kB
MemFree:          626556 kB
MemAvailable:    1383140 kB
Buffers:           87456 kB
Cached:           696508 kB
MemTotal:        1844596 kB
MemFree:          627072 kB
MemAvailable:    1383656 kB
Buffers:           87456 kB
Cached:           696508 kB
MemTotal:        1844596 kB
MemFree:          627680 kB
MemAvailable:    1384264 kB
Buffers:           87456 kB
Cached:           696508 kB
MemTotal:        1844596 kB
MemFree:          626516 kB
MemAvailable:    1383100 kB
Buffers:           87456 kB
Cached:           696508 kB
MemTotal:        1844596 kB
MemFree:          627728 kB
MemAvailable:    1384312 kB
Buffers:           87456 kB
Cached:           696508 kB
MemTotal:        1844596 kB
MemFree:          627656 kB
MemAvailable:    1384240 kB
Buffers:           87456 kB
Cached:           696508 kB
MemTotal:        1844596 kB
MemFree:          627908 kB
MemAvailable:    1384400 kB
Buffers:           87456 kB
Cached:           696508 kB
MemTotal:        1844596 kB
MemFree:          627776 kB
MemAvailable:    1384364 kB
Buffers:           87456 kB
Cached:           696512 kB
MemTotal:        1844596 kB
MemFree:          627748 kB
MemAvailable:    1384336 kB
Buffers:           87456 kB
Cached:           696512 kB
MemTotal:        1844596 kB
MemFree:          626652 kB
MemAvailable:    1383244 kB
Buffers:           87456 kB
Cached:           696516 kB
MemTotal:        1844596 kB
MemFree:          626528 kB
MemAvailable:    1383120 kB
Buffers:           87456 kB
Cached:           696516 kB
MemTotal:        1844596 kB
MemFree:          628036 kB
MemAvailable:    1384628 kB
Buffers:           87456 kB
Cached:           696516 kB
MemTotal:        1844596 kB
MemFree:          627932 kB
MemAvailable:    1384524 kB
Buffers:           87456 kB
Cached:           696516 kB
MemTotal:        1844596 kB
MemFree:          626652 kB
MemAvailable:    1383244 kB
Buffers:           87456 kB
Cached:           696516 kB
MemTotal:        1844596 kB
MemFree:          627992 kB
MemAvailable:    1384584 kB
Buffers:           87456 kB
Cached:           696516 kB
MemTotal:        1844596 kB
MemFree:          627516 kB
MemAvailable:    1384108 kB
Buffers:           87456 kB
Cached:           696516 kB
MemTotal:        1844596 kB
MemFree:          626508 kB
MemAvailable:    1383100 kB
Buffers:           87456 kB
Cached:           696516 kB
MemTotal:        1844596 kB
MemFree:          627652 kB
MemAvailable:    1384244 kB
Buffers:           87456 kB
Cached:           696516 kB
MemTotal:        1844596 kB
MemFree:          627652 kB
MemAvailable:    1384244 kB
Buffers:           87456 kB
Cached:           696516 kB
MemTotal:        1844596 kB
MemFree:          626564 kB
MemAvailable:    1383156 kB
Buffers:           87456 kB
Cached:           696516 kB
MemTotal:        1844596 kB
MemFree:          626328 kB
MemAvailable:    1382920 kB
Buffers:           87456 kB
Cached:           696516 kB
MemTotal:        1844596 kB
MemFree:          622980 kB
MemAvailable:    1379572 kB
Buffers:           87456 kB
Cached:           696516 kB
MemTotal:        1844596 kB
MemFree:          621156 kB
MemAvailable:    1377748 kB
Buffers:           87456 kB
Cached:           696516 kB
MemTotal:        1844596 kB
MemFree:          618516 kB
MemAvailable:    1375108 kB
Buffers:           87456 kB
Cached:           696516 kB
MemTotal:        1844596 kB
MemFree:          615788 kB
MemAvailable:    1372380 kB
Buffers:           87456 kB
Cached:           696516 kB
MemTotal:        1844596 kB
MemFree:          613060 kB
MemAvailable:    1369652 kB
Buffers:           87456 kB
Cached:           696516 kB
MemTotal:        1844596 kB
MemFree:          611004 kB
MemAvailable:    1367596 kB
Buffers:           87456 kB
Cached:           696516 kB
MemTotal:        1844596 kB
MemFree:          608108 kB
MemAvailable:    1364700 kB
Buffers:           87456 kB
Cached:           696516 kB
MemTotal:        1844596 kB
MemFree:          608176 kB
MemAvailable:    1364768 kB
Buffers:           87456 kB
Cached:           696516 kB
MemTotal:        1844596 kB
MemFree:          608512 kB
MemAvailable:    1365104 kB
Buffers:           87456 kB
Cached:           696516 kB
MemTotal:        1844596 kB
MemFree:          608348 kB
MemAvailable:    1364940 kB
Buffers:           87456 kB
Cached:           696516 kB
MemTotal:        1844596 kB
MemFree:          607232 kB
MemAvailable:    1363824 kB
Buffers:           87456 kB
Cached:           696516 kB
MemTotal:        1844596 kB
MemFree:          608156 kB
MemAvailable:    1364748 kB
Buffers:           87456 kB
Cached:           696516 kB
MemTotal:        1844596 kB
MemFree:          608408 kB
MemAvailable:    1365000 kB
Buffers:           87456 kB
Cached:           696516 kB
MemTotal:        1844596 kB
MemFree:          608336 kB
MemAvailable:    1364928 kB
Buffers:           87456 kB
Cached:           696516 kB
MemTotal:        1844596 kB
MemFree:          608224 kB
MemAvailable:    1364816 kB
Buffers:           87456 kB
Cached:           696516 kB
MemTotal:        1844596 kB
MemFree:          607612 kB
MemAvailable:    1364204 kB
Buffers:           87456 kB
Cached:           696516 kB
MemTotal:        1844596 kB
MemFree:          608084 kB
MemAvailable:    1364676 kB
Buffers:           87456 kB
Cached:           696516 kB
MemTotal:        1844596 kB
MemFree:          608420 kB
MemAvailable:    1365012 kB
Buffers:           87456 kB
Cached:           696516 kB
MemTotal:        1844596 kB
MemFree:          606936 kB
MemAvailable:    1363528 kB
Buffers:           87456 kB
Cached:           696516 kB
MemTotal:        1844596 kB
MemFree:          608300 kB
MemAvailable:    1364892 kB
Buffers:           87456 kB
Cached:           696516 kB
MemTotal:        1844596 kB
MemFree:          607060 kB
MemAvailable:    1363652 kB
Buffers:           87456 kB
Cached:           696516 kB
MemTotal:        1844596 kB
MemFree:          608104 kB
MemAvailable:    1364696 kB
Buffers:           87456 kB
Cached:           696516 kB
MemTotal:        1844596 kB
MemFree:          607948 kB
MemAvailable:    1364540 kB
Buffers:           87456 kB
Cached:           696516 kB
MemTotal:        1844596 kB
MemFree:          607948 kB
MemAvailable:    1364540 kB
Buffers:           87456 kB
Cached:           696516 kB
MemTotal:        1844596 kB
MemFree:          606688 kB
MemAvailable:    1363280 kB
Buffers:           87456 kB
Cached:           696516 kB
MemTotal:        1844596 kB
MemFree:          606716 kB
MemAvailable:    1363308 kB
Buffers:           87456 kB
Cached:           696516 kB
MemTotal:        1844596 kB
MemFree:          608024 kB
MemAvailable:    1364616 kB
Buffers:           87456 kB
Cached:           696516 kB
MemTotal:        1844596 kB
MemFree:          607904 kB
MemAvailable:    1364496 kB
Buffers:           87456 kB
Cached:           696516 kB
MemTotal:        1844596 kB
MemFree:          607604 kB
MemAvailable:    1364196 kB
Buffers:           87456 kB
Cached:           696516 kB
MemTotal:        1844596 kB
MemFree:          607964 kB
MemAvailable:    1364556 kB
Buffers:           87456 kB
Cached:           696516 kB
MemTotal:        1844596 kB
MemFree:          606536 kB
MemAvailable:    1363128 kB
Buffers:           87456 kB
Cached:           696516 kB
MemTotal:        1844596 kB
MemFree:          607908 kB
MemAvailable:    1364500 kB
Buffers:           87456 kB
Cached:           696516 kB
MemTotal:        1844596 kB
MemFree:          607160 kB
MemAvailable:    1363752 kB
Buffers:           87456 kB
Cached:           696516 kB
MemTotal:        1844596 kB
MemFree:          607288 kB
MemAvailable:    1363880 kB
Buffers:           87456 kB
Cached:           696516 kB
MemTotal:        1844596 kB
MemFree:          602024 kB
MemAvailable:    1358616 kB
Buffers:           87456 kB
Cached:           696516 kB
MemTotal:        1844596 kB
MemFree:          598740 kB
MemAvailable:    1355332 kB
Buffers:           87456 kB
Cached:           696516 kB
MemTotal:        1844596 kB
MemFree:          598992 kB
MemAvailable:    1355584 kB
Buffers:           87456 kB
Cached:           696516 kB
MemTotal:        1844596 kB
MemFree:          598048 kB
MemAvailable:    1354640 kB
Buffers:           87456 kB
Cached:           696516 kB
MemTotal:        1844596 kB
MemFree:          598384 kB
MemAvailable:    1354976 kB
Buffers:           87456 kB
Cached:           696516 kB
MemTotal:        1844596 kB
MemFree:          597916 kB
MemAvailable:    1354508 kB
Buffers:           87456 kB
Cached:           696516 kB
MemTotal:        1844596 kB
MemFree:          597940 kB
MemAvailable:    1354532 kB
Buffers:           87456 kB
Cached:           696516 kB
MemTotal:        1844596 kB
MemFree:          597620 kB
MemAvailable:    1354212 kB
Buffers:           87456 kB
Cached:           696516 kB
MemTotal:        1844596 kB
MemFree:          596568 kB
MemAvailable:    1353160 kB
Buffers:           87456 kB
Cached:           696516 kB
MemTotal:        1844596 kB
MemFree:          597256 kB
MemAvailable:    1353848 kB
Buffers:           87456 kB
Cached:           696516 kB
MemTotal:        1844596 kB
MemFree:          596800 kB
MemAvailable:    1353392 kB
Buffers:           87456 kB
Cached:           696516 kB
MemTotal:        1844596 kB
MemFree:          596568 kB
MemAvailable:    1353160 kB
Buffers:           87456 kB
Cached:           696516 kB
MemTotal:        1844596 kB
MemFree:          596380 kB
MemAvailable:    1353140 kB
Buffers:           87456 kB
Cached:           696640 kB
MemTotal:        1844596 kB
MemFree:          596452 kB
MemAvailable:    1353212 kB
Buffers:           87456 kB
Cached:           696640 kB
MemTotal:        1844596 kB
MemFree:          596404 kB
MemAvailable:    1353332 kB
Buffers:           87456 kB
Cached:           696764 kB
MemTotal:        1844596 kB
MemFree:          596256 kB
MemAvailable:    1353184 kB
Buffers:           87456 kB
Cached:           696888 kB
MemTotal:        1844596 kB
MemFree:          596000 kB
MemAvailable:    1353096 kB
Buffers:           87456 kB
Cached:           697012 kB
MemTotal:        1844596 kB
MemFree:          594964 kB
MemAvailable:    1352144 kB
Buffers:           87456 kB
Cached:           697012 kB
MemTotal:        1844596 kB
MemFree:          595808 kB
MemAvailable:    1352988 kB
Buffers:           87456 kB
Cached:           697012 kB
MemTotal:        1844596 kB
MemFree:          595948 kB
MemAvailable:    1353128 kB
Buffers:           87456 kB
Cached:           697012 kB
MemTotal:        1844596 kB
MemFree:          595808 kB
MemAvailable:    1352988 kB
Buffers:           87456 kB
Cached:           697136 kB
MemTotal:        1844596 kB
MemFree:          595808 kB
MemAvailable:    1352988 kB
Buffers:           87456 kB
Cached:           697136 kB
MemTotal:        1844596 kB
MemFree:          595628 kB
MemAvailable:    1352808 kB
Buffers:           87456 kB
Cached:           697136 kB
MemTotal:        1844596 kB
MemFree:          595964 kB
MemAvailable:    1353228 kB
Buffers:           87456 kB
Cached:           697136 kB
MemTotal:        1844596 kB
MemFree:          595636 kB
MemAvailable:    1352900 kB
Buffers:           87456 kB
Cached:           697136 kB
MemTotal:        1844596 kB
MemFree:          596116 kB
MemAvailable:    1353380 kB
Buffers:           87456 kB
Cached:           697260 kB
MemTotal:        1844596 kB
MemFree:          594424 kB
MemAvailable:    1351772 kB
Buffers:           87456 kB
Cached:           697384 kB
MemTotal:        1844596 kB
MemFree:          594320 kB
MemAvailable:    1350996 kB
Buffers:           87456 kB
Cached:           696548 kB
MemTotal:        1844596 kB
MemFree:          633884 kB
MemAvailable:    1390560 kB
Buffers:           87456 kB
Cached:           696548 kB
MemTotal:        1844596 kB
MemFree:          770140 kB
MemAvailable:    1526752 kB
Buffers:           87456 kB
Cached:           696532 kB
