MemTotal:        1844596 kB
MemFree:          409256 kB
MemAvailable:    1546560 kB
Buffers:           86056 kB
Cached:          1086520 kB
MemTotal:        1844596 kB
MemFree:          383356 kB
MemAvailable:    1520664 kB
Buffers:           86056 kB
Cached:          1086524 kB
MemTotal:        1844596 kB
MemFree:          380752 kB
MemAvailable:    1518060 kB
Buffers:           86056 kB
Cached:          1086524 kB
MemTotal:        1844596 kB
MemFree:          379620 kB
MemAvailable:    1516928 kB
Buffers:           86056 kB
Cached:          1086524 kB
MemTotal:        1844596 kB
MemFree:          379620 kB
MemAvailable:    1516928 kB
Buffers:           86056 kB
Cached:          1086524 kB
MemTotal:        1844596 kB
MemFree:          378256 kB
MemAvailable:    1515564 kB
Buffers:           86056 kB
Cached:          1086524 kB
MemTotal:        1844596 kB
MemFree:          378592 kB
MemAvailable:    1515900 kB
Buffers:           86056 kB
Cached:          1086524 kB
MemTotal:        1844596 kB
MemFree:          375728 kB
MemAvailable:    1513036 kB
Buffers:           86056 kB
Cached:          1086524 kB
MemTotal:        1844596 kB
MemFree:          372180 kB
MemAvailable:    1509488 kB
Buffers:           86056 kB
Cached:          1086524 kB
MemTotal:        1844596 kB
MemFree:          372072 kB
MemAvailable:    1509380 kB
Buffers:           86056 kB
Cached:          1086524 kB
MemTotal:        1844596 kB
MemFree:          369152 kB
MemAvailable:    1506460 kB
Buffers:           86056 kB
Cached:          1086524 kB
MemTotal:        1844596 kB
MemFree:          368272 kB
MemAvailable:    1505580 kB
Buffers:           86056 kB
Cached:          1086524 kB
MemTotal:        1844596 kB
MemFree:          368524 kB
MemAvailable:    1505832 kB
Buffers:           86056 kB
Cached:          1086524 kB
MemTotal:        1844596 kB
MemFree:          368352 kB
MemAvailable:    1505660 kB
Buffers:           86056 kB
Cached:          1086524 kB
MemTotal:        1844596 kB
MemFree:          368436 kB
MemAvailable:    1505744 kB
Buffers:           86056 kB
Cached:          1086524 kB
MemTotal:        1844596 kB
MemFree:          367616 kB
MemAvailable:    1504924 kB
Buffers:           86056 kB
Cached:          1086524 kB
MemTotal:        1844596 kB
MemFree:          368280 kB
MemAvailable:    1505588 kB
Buffers:           86056 kB
Cached:          1086524 kB
MemTotal:        1844596 kB
MemFree:          367492 kB
MemAvailable:    1504800 kB
Buffers:           86056 kB
Cached:          1086524 kB
MemTotal:        1844596 kB
MemFree:          367668 kB
MemAvailable:    1504976 kB
Buffers:           86056 kB
Cached:          1086524 kB
MemTotal:        1844596 kB
MemFree:          367752 kB
MemAvailable:    1505060 kB
Buffers:           86056 kB
Cached:          1086524 kB
MemTotal:        1844596 kB
MemFree:          367708 kB
MemAvailable:    1505016 kB
Buffers:           86056 kB
Cached:          1086524 kB
MemTotal:        1844596 kB
MemFree:          367720 kB
MemAvailable:    1505028 kB
Buffers:           86056 kB
Cached:          1086524 kB
MemTotal:        1844596 kB
MemFree:          367632 kB
MemAvailable:    1504940 kB
Buffers:           86056 kB
Cached:          1086524 kB
MemTotal:        1844596 kB
MemFree:          367780 kB
MemAvailable:    1505088 kB
Buffers:           86056 kB
Cached:          1086524 kB
MemTotal:        1844596 kB
MemFree:          367488 kB
MemAvailable:    1504796 kB
Buffers:           86056 kB
Cached:          1086524 kB
MemTotal:        1844596 kB
MemFree:          367164 kB
MemAvailable:    1504472 kB
Buffers:           86056 kB
Cached:          1086524 kB
MemTotal:        1844596 kB
MemFree:          366840 kB
MemAvailable:    1504148 kB
Buffers:           86056 kB
Cached:          1086524 kB
MemTotal:        1844596 kB
MemFree:          366840 kB
MemAvailable:    1504148 kB
Buffers:           86056 kB
Cached:          1086524 kB
MemTotal:        1844596 kB
MemFree:          365368 kB
MemAvailable:    1502676 kB
Buffers:           86056 kB
Cached:          1086524 kB
MemTotal:        1844596 kB
MemFree:          365500 kB
MemAvailable:    1502808 kB
Buffers:           86056 kB
Cached:          1086524 kB
MemTotal:        1844596 kB
MemFree:          365980 kB
MemAvailable:    1503292 kB
Buffers:           86056 kB
Cached:          1086528 kB
MemTotal:        1844596 kB
MemFree:          366064 kB
MemAvailable:    1503376 kB
Buffers:           86056 kB
Cached:          1086528 kB
MemTotal:        1844596 kB
MemFree:          365984 kB
MemAvailable:    1503296 kB
Buffers:           86056 kB
Cached:          1086528 kB
MemTotal:        1844596 kB
MemFree:          364260 kB
MemAvailable:    1501572 kB
Buffers:           86056 kB
Cached:          1086528 kB
MemTotal:        1844596 kB
MemFree:          365368 kB
MemAvailable:    1502680 kB
Buffers:           86056 kB
Cached:          1086528 kB
MemTotal:        1844596 kB
MemFree:          365368 kB
MemAvailable:    1502680 kB
Buffers:           86056 kB
Cached:          1086528 kB
MemTotal:        1844596 kB
MemFree:          365280 kB
MemAvailable:    1502592 kB
Buffers:           86056 kB
Cached:          1086528 kB
MemTotal:        1844596 kB
MemFree:          365128 kB
MemAvailable:    1502440 kB
Buffers:           86056 kB
Cached:          1086528 kB
MemTotal:        1844596 kB
MemFree:          364372 kB
MemAvailable:    1501684 kB
Buffers:           86056 kB
Cached:          1086528 kB
MemTotal:        1844596 kB
MemFree:          363992 kB
MemAvailable:    1501304 kB
Buffers:           86056 kB
Cached:          1086528 kB
MemTotal:        1844596 kB
MemFree:          366596 kB
MemAvailable:    1503908 kB
Buffers:           86056 kB
Cached:          1086528 kB
MemTotal:        1844596 kB
MemFree:          366676 kB
MemAvailable:    1503988 kB
Buffers:           86056 kB
Cached:          1086528 kB
MemTotal:        1844596 kB
MemFree:          364880 kB
MemAvailable:    1502068 kB
Buffers:           86056 kB
Cached:          1086528 kB
MemTotal:        1844596 kB
MemFree:          361888 kB
MemAvailable:    1499200 kB
Buffers:           86056 kB
Cached:          1086528 kB
MemTotal:        1844596 kB
MemFree:          361888 kB
MemAvailable:    1499200 kB
Buffers:           86056 kB
Cached:          1086528 kB
MemTotal:        1844596 kB
MemFree:          360400 kB
MemAvailable:    1497712 kB
Buffers:           86056 kB
Cached:          1086528 kB
MemTotal:        1844596 kB
MemFree:          361468 kB
MemAvailable:    1498780 kB
Buffers:           86056 kB
Cached:          1086528 kB
MemTotal:        1844596 kB
MemFree:          361228 kB
MemAvailable:    1498540 kB
Buffers:           86056 kB
Cached:          1086528 kB
MemTotal:        1844596 kB
MemFree:          361228 kB
MemAvailable:    1498540 kB
Buffers:           86056 kB
Cached:          1086528 kB
MemTotal:        1844596 kB
MemFree:          361020 kB
MemAvailable:    1498332 kB
Buffers:           86056 kB
Cached:          1086528 kB
MemTotal:        1844596 kB
MemFree:          361272 kB
MemAvailable:    1498584 kB
Buffers:           86056 kB
Cached:          1086528 kB
MemTotal:        1844596 kB
MemFree:          360956 kB
MemAvailable:    1498268 kB
Buffers:           86056 kB
Cached:          1086528 kB
MemTotal:        1844596 kB
MemFree:          359740 kB
MemAvailable:    1497052 kB
Buffers:           86056 kB
Cached:          1086528 kB
MemTotal:        1844596 kB
MemFree:          359616 kB
MemAvailable:    1496928 kB
Buffers:           86056 kB
Cached:          1086528 kB
MemTotal:        1844596 kB
MemFree:          360724 kB
MemAvailable:    1498036 kB
Buffers:           86056 kB
Cached:          1086528 kB
MemTotal:        1844596 kB
MemFree:          360976 kB
MemAvailable:    1498288 kB
Buffers:           86056 kB
Cached:          1086528 kB
MemTotal:        1844596 kB
MemFree:          360928 kB
MemAvailable:    1498240 kB
Buffers:           86056 kB
Cached:          1086528 kB
MemTotal:        1844596 kB
MemFree:          360920 kB
MemAvailable:    1498232 kB
Buffers:           86056 kB
Cached:          1086528 kB
MemTotal:        1844596 kB
MemFree:          360664 kB
MemAvailable:    1497976 kB
Buffers:           86056 kB
Cached:          1086528 kB
MemTotal:        1844596 kB
MemFree:          357556 kB
MemAvailable:    1494868 kB
Buffers:           86056 kB
Cached:          1086528 kB
MemTotal:        1844596 kB
MemFree:          357556 kB
MemAvailable:    1494868 kB
Buffers:           86056 kB
Cached:          1086528 kB
MemTotal:        1844596 kB
MemFree:          355136 kB
MemAvailable:    1492448 kB
Buffers:           86056 kB
Cached:          1086528 kB
MemTotal:        1844596 kB
MemFree:          354836 kB
MemAvailable:    1492148 kB
Buffers:           86056 kB
Cached:          1086528 kB
MemTotal:        1844596 kB
MemFree:          353464 kB
MemAvailable:    1490776 kB
Buffers:           86056 kB
Cached:          1086528 kB
MemTotal:        1844596 kB
MemFree:          353036 kB
MemAvailable:    1490348 kB
Buffers:           86056 kB
Cached:          1086528 kB
MemTotal:        1844596 kB
MemFree:          352912 kB
MemAvailable:    1490224 kB
Buffers:           86056 kB
Cached:          1086528 kB
MemTotal:        1844596 kB
MemFree:          351612 kB
MemAvailable:    1488924 kB
Buffers:           86056 kB
Cached:          1086528 kB
MemTotal:        1844596 kB
MemFree:          352340 kB
MemAvailable:    1489652 kB
Buffers:           86056 kB
Cached:          1086528 kB
MemTotal:        1844596 kB
MemFree:          352676 kB
MemAvailable:    1489988 kB
Buffers:           86056 kB
Cached:          1086528 kB
MemTotal:        1844596 kB
MemFree:          352208 kB
MemAvailable:    1489520 kB
Buffers:           86056 kB
Cached:          1086528 kB
MemTotal:        1844596 kB
MemFree:          352292 kB
MemAvailable:    1489604 kB
Buffers:           86056 kB
Cached:          1086528 kB
MemTotal:        1844596 kB
MemFree:          352356 kB
MemAvailable:    1489668 kB
Buffers:           86056 kB
Cached:          1086528 kB
MemTotal:        1844596 kB
MemFree:          351956 kB
MemAvailable:    1489268 kB
Buffers:           86056 kB
Cached:          1086528 kB
MemTotal:        1844596 kB
MemFree:          351620 kB
MemAvailable:    1488932 kB
Buffers:           86056 kB
Cached:          1086528 kB
MemTotal:        1844596 kB
MemFree:          351796 kB
MemAvailable:    1489108 kB
Buffers:           86056 kB
Cached:          1086528 kB
MemTotal:        1844596 kB
MemFree:          352132 kB
MemAvailable:    1489444 kB
Buffers:           86056 kB
Cached:          1086528 kB
MemTotal:        1844596 kB
MemFree:          351976 kB
MemAvailable:    1489288 kB
Buffers:           86056 kB
Cached:          1086528 kB
MemTotal:        1844596 kB
MemFree:          351976 kB
MemAvailable:    1489288 kB
Buffers:           86056 kB
Cached:          1086528 kB
MemTotal:        1844596 kB
MemFree:          351988 kB
MemAvailable:    1489300 kB
Buffers:           86056 kB
Cached:          1086528 kB
MemTotal:        1844596 kB
MemFree:          352116 kB
MemAvailable:    1489428 kB
Buffers:           86056 kB
Cached:          1086528 kB
MemTotal:        1844596 kB
MemFree:          350684 kB
MemAvailable:    1487996 kB
Buffers:           86056 kB
Cached:          1086528 kB
MemTotal:        1844596 kB
MemFree:          351792 kB
MemAvailable:    1489104 kB
Buffers:           86056 kB
Cached:          1086528 kB
MemTotal:        1844596 kB
MemFree:          351960 kB
MemAvailable:    1489272 kB
Buffers:           86056 kB
Cached:          1086528 kB
MemTotal:        1844596 kB
MemFree:          351860 kB
MemAvailable:    1489172 kB
Buffers:           86056 kB
Cached:          1086528 kB
MemTotal:        1844596 kB
MemFree:          351944 kB
MemAvailable:    1489256 kB
Buffers:           86056 kB
Cached:          1086528 kB
MemTotal:        1844596 kB
MemFree:          351876 kB
MemAvailable:    1489188 kB
Buffers:           86056 kB
Cached:          1086528 kB
MemTotal:        1844596 kB
MemFree:          351616 kB
MemAvailable:    1488928 kB
Buffers:           86056 kB
Cached:          1086528 kB
MemTotal:        1844596 kB
MemFree:          351660 kB
MemAvailable:    1488972 kB
Buffers:           86056 kB
Cached:          1086528 kB
MemTotal:        1844596 kB
MemFree:          347636 kB
MemAvailable:    1484948 kB
Buffers:           86056 kB
Cached:          1086528 kB
MemTotal:        1844596 kB
MemFree:          347636 kB
MemAvailable:    1484948 kB
Buffers:           86056 kB
Cached:          1086528 kB
MemTotal:        1844596 kB
MemFree:          343660 kB
MemAvailable:    1480972 kB
Buffers:           86056 kB
Cached:          1086528 kB
MemTotal:        1844596 kB
MemFree:          343996 kB
MemAvailable:    1481308 kB
Buffers:           86056 kB
Cached:          1086528 kB
MemTotal:        1844596 kB
MemFree:          343412 kB
MemAvailable:    1480724 kB
Buffers:           86056 kB
Cached:          1086528 kB
MemTotal:        1844596 kB
MemFree:          343748 kB
MemAvailable:    1481060 kB
Buffers:           86056 kB
Cached:          1086528 kB
MemTotal:        1844596 kB
MemFree:          343172 kB
MemAvailable:    1480484 kB
Buffers:           86056 kB
Cached:          1086528 kB
MemTotal:        1844596 kB
MemFree:          343172 kB
MemAvailable:    1480484 kB
Buffers:           86056 kB
Cached:          1086528 kB
MemTotal:        1844596 kB
MemFree:          343060 kB
MemAvailable:    1480372 kB
Buffers:           86056 kB
Cached:          1086528 kB
MemTotal:        1844596 kB
MemFree:          343104 kB
MemAvailable:    1480416 kB
Buffers:           86056 kB
Cached:          1086528 kB
MemTotal:        1844596 kB
MemFree:          343120 kB
MemAvailable:    1480432 kB
Buffers:           86056 kB
Cached:          1086528 kB
MemTotal:        1844596 kB
MemFree:          342436 kB
MemAvailable:    1479748 kB
Buffers:           86056 kB
Cached:          1086528 kB
MemTotal:        1844596 kB
MemFree:          343488 kB
MemAvailable:    1480804 kB
Buffers:           86056 kB
Cached:          1086532 kB
MemTotal:        1844596 kB
MemFree:          343032 kB
MemAvailable:    1480348 kB
Buffers:           86056 kB
Cached:          1086532 kB
MemTotal:        1844596 kB
MemFree:          343368 kB
MemAvailable:    1480684 kB
Buffers:           86056 kB
Cached:          1086532 kB
MemTotal:        1844596 kB
MemFree:          343164 kB
MemAvailable:    1480480 kB
Buffers:           86056 kB
Cached:          1086532 kB
MemTotal:        1844596 kB
MemFree:          341668 kB
MemAvailable:    1478984 kB
Buffers:           86056 kB
Cached:          1086532 kB
MemTotal:        1844596 kB
MemFree:          343052 kB
MemAvailable:    1480368 kB
Buffers:           86056 kB
Cached:          1086532 kB
MemTotal:        1844596 kB
MemFree:          343088 kB
MemAvailable:    1480404 kB
Buffers:           86056 kB
Cached:          1086532 kB
MemTotal:        1844596 kB
MemFree:          341940 kB
MemAvailable:    1479256 kB
Buffers:           86056 kB
Cached:          1086532 kB
MemTotal:        1844596 kB
MemFree:          341928 kB
MemAvailable:    1479244 kB
Buffers:           86056 kB
Cached:          1086532 kB
MemTotal:        1844596 kB
MemFree:          341804 kB
MemAvailable:    1479120 kB
Buffers:           86056 kB
Cached:          1086532 kB
MemTotal:        1844596 kB
MemFree:          343120 kB
MemAvailable:    1480436 kB
Buffers:           86056 kB
Cached:          1086532 kB
MemTotal:        1844596 kB
MemFree:          343104 kB
MemAvailable:    1480420 kB
Buffers:           86056 kB
Cached:          1086532 kB
MemTotal:        1844596 kB
MemFree:          343032 kB
MemAvailable:    1480348 kB
Buffers:           86056 kB
Cached:          1086532 kB
MemTotal:        1844596 kB
MemFree:          343284 kB
MemAvailable:    1480600 kB
Buffers:           86056 kB
Cached:          1086532 kB
MemTotal:        1844596 kB
MemFree:          343100 kB
MemAvailable:    1480420 kB
Buffers:           86056 kB
Cached:          1086536 kB
MemTotal:        1844596 kB
MemFree:          342188 kB
MemAvailable:    1479508 kB
Buffers:           86056 kB
Cached:          1086536 kB
MemTotal:        1844596 kB
MemFree:          342560 kB
MemAvailable:    1479880 kB
Buffers:           86056 kB
Cached:          1086536 kB
MemTotal:        1844596 kB
MemFree:          342188 kB
MemAvailable:    1479508 kB
Buffers:           86056 kB
Cached:          1086536 kB
MemTotal:        1844596 kB
MemFree:          342304 kB
MemAvailable:    1479624 kB
Buffers:           86056 kB
Cached:          1086536 kB
MemTotal:        1844596 kB
MemFree:          340560 kB
MemAvailable:    1477880 kB
Buffers:           86056 kB
Cached:          1086536 kB
MemTotal:        1844596 kB
MemFree:          340276 kB
MemAvailable:    1477596 kB
Buffers:           86056 kB
Cached:          1086536 kB
MemTotal:        1844596 kB
MemFree:          337724 kB
MemAvailable:    1475048 kB
Buffers:           86056 kB
Cached:          1086540 kB
MemTotal:        1844596 kB
MemFree:          334560 kB
MemAvailable:    1471884 kB
Buffers:           86056 kB
Cached:          1086540 kB
MemTotal:        1844596 kB
MemFree:          332748 kB
MemAvailable:    1470072 kB
Buffers:           86056 kB
Cached:          1086540 kB
MemTotal:        1844596 kB
MemFree:          333864 kB
MemAvailable:    1471188 kB
Buffers:           86056 kB
Cached:          1086540 kB
MemTotal:        1844596 kB
MemFree:          333136 kB
MemAvailable:    1470460 kB
Buffers:           86056 kB
Cached:          1086540 kB
MemTotal:        1844596 kB
MemFree:          333188 kB
MemAvailable:    1470512 kB
Buffers:           86056 kB
Cached:          1086540 kB
MemTotal:        1844596 kB
MemFree:          332992 kB
MemAvailable:    1470316 kB
Buffers:           86056 kB
Cached:          1086540 kB
MemTotal:        1844596 kB
MemFree:          331028 kB
MemAvailable:    1468352 kB
Buffers:           86056 kB
Cached:          1086540 kB
MemTotal:        1844596 kB
MemFree:          331660 kB
MemAvailable:    1468984 kB
Buffers:           86056 kB
Cached:          1086540 kB
MemTotal:        1844596 kB
MemFree:          331228 kB
MemAvailable:    1468552 kB
Buffers:           86056 kB
Cached:          1086540 kB
MemTotal:        1844596 kB
MemFree:          331228 kB
MemAvailable:    1468552 kB
Buffers:           86056 kB
Cached:          1086540 kB
MemTotal:        1844596 kB
MemFree:          329780 kB
MemAvailable:    1467104 kB
Buffers:           86056 kB
Cached:          1086540 kB
MemTotal:        1844596 kB
MemFree:          330028 kB
MemAvailable:    1467352 kB
Buffers:           86056 kB
Cached:          1086540 kB
MemTotal:        1844596 kB
MemFree:          331288 kB
MemAvailable:    1468612 kB
Buffers:           86056 kB
Cached:          1086540 kB
MemTotal:        1844596 kB
MemFree:          331212 kB
MemAvailable:    1468536 kB
Buffers:           86056 kB
Cached:          1086540 kB
MemTotal:        1844596 kB
MemFree:          329980 kB
MemAvailable:    1467304 kB
Buffers:           86056 kB
Cached:          1086540 kB
MemTotal:        1844596 kB
MemFree:          331088 kB
MemAvailable:    1468412 kB
Buffers:           86056 kB
Cached:          1086540 kB
MemTotal:        1844596 kB
MemFree:          331256 kB
MemAvailable:    1468580 kB
Buffers:           86056 kB
Cached:          1086540 kB
MemTotal:        1844596 kB
MemFree:          331264 kB
MemAvailable:    1468588 kB
Buffers:           86056 kB
Cached:          1086540 kB
MemTotal:        1844596 kB
MemFree:          330540 kB
MemAvailable:    1467864 kB
Buffers:           86056 kB
Cached:          1086540 kB
MemTotal:        1844596 kB
MemFree:          331144 kB
MemAvailable:    1468468 kB
Buffers:           86056 kB
Cached:          1086540 kB
MemTotal:        1844596 kB
MemFree:          331144 kB
MemAvailable:    1468468 kB
Buffers:           86056 kB
Cached:          1086540 kB
MemTotal:        1844596 kB
MemFree:          331324 kB
MemAvailable:    1468648 kB
Buffers:           86056 kB
Cached:          1086540 kB
MemTotal:        1844596 kB
MemFree:          330408 kB
MemAvailable:    1467732 kB
Buffers:           86056 kB
Cached:          1086540 kB
MemTotal:        1844596 kB
MemFree:          331648 kB
MemAvailable:    1468972 kB
Buffers:           86056 kB
Cached:          1086540 kB
MemTotal:        1844596 kB
MemFree:          330408 kB
MemAvailable:    1467732 kB
Buffers:           86056 kB
Cached:          1086540 kB
MemTotal:        1844596 kB
MemFree:          331192 kB
MemAvailable:    1468516 kB
Buffers:           86056 kB
Cached:          1086540 kB
MemTotal:        1844596 kB
MemFree:          331152 kB
MemAvailable:    1468476 kB
Buffers:           86056 kB
Cached:          1086540 kB
MemTotal:        1844596 kB
MemFree:          330540 kB
MemAvailable:    1467864 kB
Buffers:           86056 kB
Cached:          1086540 kB
MemTotal:        1844596 kB
MemFree:          331576 kB
MemAvailable:    1468900 kB
Buffers:           86056 kB
Cached:          1086540 kB
MemTotal:        1844596 kB
MemFree:          330292 kB
MemAvailable:    1467616 kB
Buffers:           86056 kB
Cached:          1086540 kB
MemTotal:        1844596 kB
MemFree:          331204 kB
MemAvailable:    1468528 kB
Buffers:           86056 kB
Cached:          1086540 kB
MemTotal:        1844596 kB
MemFree:          330028 kB
MemAvailable:    1467352 kB
Buffers:           86056 kB
Cached:          1086540 kB
MemTotal:        1844596 kB
MemFree:          331096 kB
MemAvailable:    1468420 kB
Buffers:           86056 kB
Cached:          1086540 kB
MemTotal:        1844596 kB
MemFree:          330244 kB
MemAvailable:    1467568 kB
Buffers:           86056 kB
Cached:          1086540 kB
MemTotal:        1844596 kB
MemFree:          330960 kB
MemAvailable:    1468284 kB
Buffers:           86056 kB
Cached:          1086540 kB
MemTotal:        1844596 kB
MemFree:          331296 kB
MemAvailable:    1468620 kB
Buffers:           86056 kB
Cached:          1086540 kB
MemTotal:        1844596 kB
MemFree:          331156 kB
MemAvailable:    1468480 kB
Buffers:           86056 kB
Cached:          1086540 kB
MemTotal:        1844596 kB
MemFree:          331028 kB
MemAvailable:    1468352 kB
Buffers:           86056 kB
Cached:          1086540 kB
MemTotal:        1844596 kB
MemFree:          331212 kB
MemAvailable:    1468536 kB
Buffers:           86056 kB
Cached:          1086540 kB
MemTotal:        1844596 kB
MemFree:          330540 kB
MemAvailable:    1467864 kB
Buffers:           86056 kB
Cached:          1086540 kB
MemTotal:        1844596 kB
MemFree:          330964 kB
MemAvailable:    1468288 kB
Buffers:           86056 kB
Cached:          1086540 kB
MemTotal:        1844596 kB
MemFree:          331156 kB
MemAvailable:    1468480 kB
Buffers:           86056 kB
Cached:          1086540 kB
MemTotal:        1844596 kB
MemFree:          331136 kB
MemAvailable:    1468460 kB
Buffers:           86056 kB
Cached:          1086540 kB
MemTotal:        1844596 kB
MemFree:          330008 kB
MemAvailable:    1467332 kB
Buffers:           86056 kB
Cached:          1086540 kB
MemTotal:        1844596 kB
MemFree:          331228 kB
MemAvailable:    1468552 kB
Buffers:           86056 kB
Cached:          1086540 kB
MemTotal:        1844596 kB
MemFree:          331152 kB
MemAvailable:    1468476 kB
Buffers:           86056 kB
Cached:          1086540 kB
MemTotal:        1844596 kB
MemFree:          331088 kB
MemAvailable:    1468412 kB
Buffers:           86056 kB
Cached:          1086540 kB
MemTotal:        1844596 kB
MemFree:          330292 kB
MemAvailable:    1467616 kB
Buffers:           86056 kB
Cached:          1086540 kB
MemTotal:        1844596 kB
MemFree:          331020 kB
MemAvailable:    1468344 kB
Buffers:           86056 kB
Cached:          1086540 kB
MemTotal:        1844596 kB
MemFree:          331276 kB
MemAvailable:    1468600 kB
Buffers:           86056 kB
Cached:          1086540 kB
MemTotal:        1844596 kB
MemFree:          330948 kB
MemAvailable:    1468272 kB
Buffers:           86056 kB
Cached:          1086540 kB
MemTotal:        1844596 kB
MemFree:          331080 kB
MemAvailable:    1468404 kB
Buffers:           86056 kB
Cached:          1086540 kB
MemTotal:        1844596 kB
MemFree:          331012 kB
MemAvailable:    1468336 kB
Buffers:           86056 kB
Cached:          1086540 kB
MemTotal:        1844596 kB
MemFree:          331348 kB
MemAvailable:    1468672 kB
Buffers:           86056 kB
Cached:          1086540 kB
MemTotal:        1844596 kB
MemFree:          331132 kB
MemAvailable:    1468456 kB
Buffers:           86056 kB
Cached:          1086540 kB
MemTotal:        1844596 kB
MemFree:          331384 kB
MemAvailable:    1468708 kB
Buffers:           86056 kB
Cached:          1086540 kB
MemTotal:        1844596 kB
MemFree:          329856 kB
MemAvailable:    1467180 kB
Buffers:           86056 kB
Cached:          1086540 kB
MemTotal:        1844596 kB
MemFree:          331092 kB
MemAvailable:    1468416 kB
Buffers:           86056 kB
Cached:          1086540 kB
MemTotal:        1844596 kB
MemFree:          331344 kB
MemAvailable:    1468668 kB
Buffers:           86056 kB
Cached:          1086540 kB
MemTotal:        1844596 kB
MemFree:          330964 kB
MemAvailable:    1468288 kB
Buffers:           86056 kB
Cached:          1086540 kB
MemTotal:        1844596 kB
MemFree:          329760 kB
MemAvailable:    1467084 kB
Buffers:           86056 kB
Cached:          1086540 kB
MemTotal:        1844596 kB
MemFree:          329912 kB
MemAvailable:    1467236 kB
Buffers:           86056 kB
Cached:          1086540 kB
MemTotal:        1844596 kB
MemFree:          330956 kB
MemAvailable:    1468280 kB
Buffers:           86056 kB
Cached:          1086540 kB
MemTotal:        1844596 kB
MemFree:          330724 kB
MemAvailable:    1468048 kB
Buffers:           86056 kB
Cached:          1086540 kB
MemTotal:        1844596 kB
MemFree:          330416 kB
MemAvailable:    1467740 kB
Buffers:           86056 kB
Cached:          1086540 kB
MemTotal:        1844596 kB
MemFree:          330592 kB
MemAvailable:    1467916 kB
Buffers:           86056 kB
Cached:          1086540 kB
MemTotal:        1844596 kB
MemFree:          330844 kB
MemAvailable:    1468168 kB
Buffers:           86056 kB
Cached:          1086540 kB
MemTotal:        1844596 kB
MemFree:          329352 kB
MemAvailable:    1466676 kB
Buffers:           86056 kB
Cached:          1086540 kB
MemTotal:        1844596 kB
MemFree:          329096 kB
MemAvailable:    1466420 kB
Buffers:           86056 kB
Cached:          1086540 kB
MemTotal:        1844596 kB
MemFree:          330696 kB
MemAvailable:    1468020 kB
Buffers:           86056 kB
Cached:          1086540 kB
MemTotal:        1844596 kB
MemFree:          330492 kB
MemAvailable:    1467816 kB
Buffers:           86056 kB
Cached:          1086540 kB
MemTotal:        1844596 kB
MemFree:          330492 kB
MemAvailable:    1467816 kB
Buffers:           86056 kB
Cached:          1086540 kB
MemTotal:        1844596 kB
MemFree:          330580 kB
MemAvailable:    1467908 kB
Buffers:           86056 kB
Cached:          1086544 kB
MemTotal:        1844596 kB
MemFree:          330188 kB
MemAvailable:    1467516 kB
Buffers:           86056 kB
Cached:          1086544 kB
MemTotal:        1844596 kB
MemFree:          329020 kB
MemAvailable:    1466348 kB
Buffers:           86056 kB
Cached:          1086544 kB
MemTotal:        1844596 kB
MemFree:          330336 kB
MemAvailable:    1467668 kB
Buffers:           86056 kB
Cached:          1086548 kB
MemTotal:        1844596 kB
MemFree:          330020 kB
MemAvailable:    1467352 kB
Buffers:           86056 kB
Cached:          1086548 kB
MemTotal:        1844596 kB
MemFree:          330104 kB
MemAvailable:    1467436 kB
Buffers:           86056 kB
Cached:          1086548 kB
MemTotal:        1844596 kB
MemFree:          330364 kB
MemAvailable:    1467696 kB
Buffers:           86056 kB
Cached:          1086548 kB
MemTotal:        1844596 kB
MemFree:          329912 kB
MemAvailable:    1467244 kB
Buffers:           86056 kB
Cached:          1086548 kB
MemTotal:        1844596 kB
MemFree:          330008 kB
MemAvailable:    1467340 kB
Buffers:           86056 kB
Cached:          1086548 kB
MemTotal:        1844596 kB
MemFree:          330344 kB
MemAvailable:    1467676 kB
Buffers:           86056 kB
Cached:          1086548 kB
MemTotal:        1844596 kB
MemFree:          329960 kB
MemAvailable:    1467292 kB
Buffers:           86056 kB
Cached:          1086548 kB
MemTotal:        1844596 kB
MemFree:          330128 kB
MemAvailable:    1467460 kB
Buffers:           86056 kB
Cached:          1086548 kB
MemTotal:        1844596 kB
MemFree:          329852 kB
MemAvailable:    1467184 kB
Buffers:           86056 kB
Cached:          1086548 kB
MemTotal:        1844596 kB
MemFree:          328872 kB
MemAvailable:    1466204 kB
Buffers:           86056 kB
Cached:          1086548 kB
MemTotal:        1844596 kB
MemFree:          328736 kB
MemAvailable:    1466068 kB
Buffers:           86056 kB
Cached:          1086548 kB
MemTotal:        1844596 kB
MemFree:          329108 kB
MemAvailable:    1466440 kB
Buffers:           86056 kB
Cached:          1086548 kB
MemTotal:        1844596 kB
MemFree:          327060 kB
MemAvailable:    1464392 kB
Buffers:           86056 kB
Cached:          1086548 kB
MemTotal:        1844596 kB
MemFree:          324828 kB
MemAvailable:    1462160 kB
Buffers:           86056 kB
Cached:          1086548 kB
MemTotal:        1844596 kB
MemFree:          318628 kB
MemAvailable:    1455960 kB
Buffers:           86056 kB
Cached:          1086548 kB
MemTotal:        1844596 kB
MemFree:          318628 kB
MemAvailable:    1455960 kB
Buffers:           86056 kB
Cached:          1086548 kB
MemTotal:        1844596 kB
MemFree:          319372 kB
MemAvailable:    1456704 kB
Buffers:           86056 kB
Cached:          1086548 kB
MemTotal:        1844596 kB
MemFree:          318256 kB
MemAvailable:    1455588 kB
Buffers:           86056 kB
Cached:          1086548 kB
MemTotal:        1844596 kB
MemFree:          319488 kB
MemAvailable:    1456820 kB
Buffers:           86056 kB
Cached:          1086548 kB
MemTotal:        1844596 kB
MemFree:          318000 kB
MemAvailable:    1455332 kB
Buffers:           86056 kB
Cached:          1086548 kB
MemTotal:        1844596 kB
MemFree:          318620 kB
MemAvailable:    1455952 kB
Buffers:           86056 kB
Cached:          1086548 kB
MemTotal:        1844596 kB
MemFree:          318620 kB
MemAvailable:    1455952 kB
Buffers:           86056 kB
Cached:          1086548 kB
MemTotal:        1844596 kB
MemFree:          318456 kB
MemAvailable:    1455788 kB
Buffers:           86056 kB
Cached:          1086548 kB
MemTotal:        1844596 kB
MemFree:          316396 kB
MemAvailable:    1453728 kB
Buffers:           86056 kB
Cached:          1086548 kB
MemTotal:        1844596 kB
MemFree:          317076 kB
MemAvailable:    1454412 kB
Buffers:           86056 kB
Cached:          1086552 kB
MemTotal:        1844596 kB
MemFree:          315652 kB
MemAvailable:    1452988 kB
Buffers:           86056 kB
Cached:          1086552 kB
MemTotal:        1844596 kB
MemFree:          316716 kB
MemAvailable:    1454052 kB
Buffers:           86056 kB
Cached:          1086552 kB
MemTotal:        1844596 kB
MemFree:          316032 kB
MemAvailable:    1453368 kB
Buffers:           86056 kB
Cached:          1086552 kB
MemTotal:        1844596 kB
MemFree:          316828 kB
MemAvailable:    1454164 kB
Buffers:           86056 kB
Cached:          1086552 kB
MemTotal:        1844596 kB
MemFree:          316656 kB
MemAvailable:    1453992 kB
Buffers:           86056 kB
Cached:          1086552 kB
MemTotal:        1844596 kB
MemFree:          316704 kB
MemAvailable:    1454040 kB
Buffers:           86056 kB
Cached:          1086552 kB
MemTotal:        1844596 kB
MemFree:          316032 kB
MemAvailable:    1453368 kB
Buffers:           86056 kB
Cached:          1086552 kB
MemTotal:        1844596 kB
MemFree:          316828 kB
MemAvailable:    1454164 kB
Buffers:           86056 kB
Cached:          1086552 kB
MemTotal:        1844596 kB
MemFree:          315268 kB
MemAvailable:    1452604 kB
Buffers:           86056 kB
Cached:          1086552 kB
MemTotal:        1844596 kB
MemFree:          316620 kB
MemAvailable:    1453956 kB
Buffers:           86056 kB
Cached:          1086552 kB
MemTotal:        1844596 kB
MemFree:          316620 kB
MemAvailable:    1453956 kB
Buffers:           86056 kB
Cached:          1086552 kB
MemTotal:        1844596 kB
MemFree:          316616 kB
MemAvailable:    1453952 kB
Buffers:           86056 kB
Cached:          1086552 kB
MemTotal:        1844596 kB
MemFree:          316840 kB
MemAvailable:    1454176 kB
Buffers:           86056 kB
Cached:          1086552 kB
MemTotal:        1844596 kB
MemFree:          316704 kB
MemAvailable:    1454040 kB
Buffers:           86056 kB
Cached:          1086552 kB
MemTotal:        1844596 kB
MemFree:          315900 kB
MemAvailable:    1453236 kB
Buffers:           86056 kB
Cached:          1086552 kB
MemTotal:        1844596 kB
MemFree:          316464 kB
MemAvailable:    1453800 kB
Buffers:           86056 kB
Cached:          1086552 kB
MemTotal:        1844596 kB
MemFree:          316008 kB
MemAvailable:    1453344 kB
Buffers:           86056 kB
Cached:          1086552 kB
MemTotal:        1844596 kB
MemFree:          316008 kB
MemAvailable:    1453344 kB
Buffers:           86056 kB
Cached:          1086552 kB
MemTotal:        1844596 kB
MemFree:          315280 kB
MemAvailable:    1452616 kB
Buffers:           86056 kB
Cached:          1086552 kB
MemTotal:        1844596 kB
MemFree:          314764 kB
MemAvailable:    1452100 kB
Buffers:           86056 kB
Cached:          1086552 kB
MemTotal:        1844596 kB
MemFree:          314348 kB
MemAvailable:    1451684 kB
Buffers:           86056 kB
Cached:          1086552 kB
MemTotal:        1844596 kB
MemFree:          314412 kB
MemAvailable:    1451748 kB
Buffers:           86056 kB
Cached:          1086552 kB
MemTotal:        1844596 kB
MemFree:          314524 kB
MemAvailable:    1451860 kB
Buffers:           86056 kB
Cached:          1086552 kB
MemTotal:        1844596 kB
MemFree:          313544 kB
MemAvailable:    1450880 kB
Buffers:           86056 kB
Cached:          1086552 kB
MemTotal:        1844596 kB
MemFree:          313900 kB
MemAvailable:    1451236 kB
Buffers:           86056 kB
Cached:          1086552 kB
MemTotal:        1844596 kB
MemFree:          314092 kB
MemAvailable:    1451428 kB
Buffers:           86056 kB
Cached:          1086552 kB
MemTotal:        1844596 kB
MemFree:          313040 kB
MemAvailable:    1450376 kB
Buffers:           86056 kB
Cached:          1086552 kB
MemTotal:        1844596 kB
MemFree:          313172 kB
MemAvailable:    1450508 kB
Buffers:           86056 kB
Cached:          1086552 kB
MemTotal:        1844596 kB
MemFree:          312356 kB
MemAvailable:    1449692 kB
Buffers:           86056 kB
Cached:          1086552 kB
MemTotal:        1844596 kB
MemFree:          312116 kB
MemAvailable:    1449452 kB
Buffers:           86056 kB
Cached:          1086552 kB
MemTotal:        1844596 kB
MemFree:          312116 kB
MemAvailable:    1449452 kB
Buffers:           86056 kB
Cached:          1086552 kB
MemTotal:        1844596 kB
MemFree:          312016 kB
MemAvailable:    1449352 kB
Buffers:           86056 kB
Cached:          1086552 kB
MemTotal:        1844596 kB
MemFree:          311808 kB
MemAvailable:    1449144 kB
Buffers:           86056 kB
Cached:          1086552 kB
MemTotal:        1844596 kB
MemFree:          311564 kB
MemAvailable:    1448900 kB
Buffers:           86056 kB
Cached:          1086552 kB
MemTotal:        1844596 kB
MemFree:          311608 kB
MemAvailable:    1448944 kB
Buffers:           86056 kB
Cached:          1086552 kB
MemTotal:        1844596 kB
MemFree:          310692 kB
MemAvailable:    1448028 kB
Buffers:           86056 kB
Cached:          1086552 kB
MemTotal:        1844596 kB
MemFree:          311500 kB
MemAvailable:    1448836 kB
Buffers:           86056 kB
Cached:          1086552 kB
MemTotal:        1844596 kB
MemFree:          311692 kB
MemAvailable:    1449028 kB
Buffers:           86056 kB
Cached:          1086552 kB
MemTotal:        1844596 kB
MemFree:          311420 kB
MemAvailable:    1448756 kB
Buffers:           86056 kB
Cached:          1086552 kB
MemTotal:        1844596 kB
MemFree:          311756 kB
MemAvailable:    1449092 kB
Buffers:           86056 kB
Cached:          1086552 kB
MemTotal:        1844596 kB
MemFree:          310264 kB
MemAvailable:    1447600 kB
Buffers:           86056 kB
Cached:          1086552 kB
MemTotal:        1844596 kB
MemFree:          311372 kB
MemAvailable:    1448708 kB
Buffers:           86060 kB
Cached:          1086548 kB
MemTotal:        1844596 kB
MemFree:          311628 kB
MemAvailable:    1448964 kB
Buffers:           86060 kB
Cached:          1086548 kB
MemTotal:        1844596 kB
MemFree:          311448 kB
MemAvailable:    1448784 kB
Buffers:           86060 kB
Cached:          1086548 kB
MemTotal:        1844596 kB
MemFree:          310452 kB
MemAvailable:    1447788 kB
Buffers:           86060 kB
Cached:          1086548 kB
MemTotal:        1844596 kB
MemFree:          311552 kB
MemAvailable:    1448896 kB
Buffers:           86060 kB
Cached:          1086556 kB
MemTotal:        1844596 kB
MemFree:          310568 kB
MemAvailable:    1447912 kB
Buffers:           86060 kB
Cached:          1086556 kB
MemTotal:        1844596 kB
MemFree:          310444 kB
MemAvailable:    1447788 kB
Buffers:           86060 kB
Cached:          1086556 kB
MemTotal:        1844596 kB
MemFree:          311496 kB
MemAvailable:    1448840 kB
Buffers:           86060 kB
Cached:          1086556 kB
MemTotal:        1844596 kB
MemFree:          310188 kB
MemAvailable:    1447532 kB
Buffers:           86060 kB
Cached:          1086556 kB
MemTotal:        1844596 kB
MemFree:          311304 kB
MemAvailable:    1448648 kB
Buffers:           86060 kB
Cached:          1086556 kB
MemTotal:        1844596 kB
MemFree:          310824 kB
MemAvailable:    1448168 kB
Buffers:           86060 kB
Cached:          1086556 kB
MemTotal:        1844596 kB
MemFree:          311172 kB
MemAvailable:    1448520 kB
Buffers:           86060 kB
Cached:          1086560 kB
MemTotal:        1844596 kB
MemFree:          311396 kB
MemAvailable:    1448744 kB
Buffers:           86060 kB
Cached:          1086560 kB
MemTotal:        1844596 kB
MemFree:          311296 kB
MemAvailable:    1448644 kB
Buffers:           86060 kB
Cached:          1086560 kB
MemTotal:        1844596 kB
MemFree:          311444 kB
MemAvailable:    1448792 kB
Buffers:           86060 kB
Cached:          1086560 kB
MemTotal:        1844596 kB
MemFree:          311420 kB
MemAvailable:    1448768 kB
Buffers:           86060 kB
Cached:          1086560 kB
MemTotal:        1844596 kB
MemFree:          311304 kB
MemAvailable:    1448652 kB
Buffers:           86060 kB
Cached:          1086560 kB
MemTotal:        1844596 kB
MemFree:          311196 kB
MemAvailable:    1448544 kB
Buffers:           86060 kB
Cached:          1086560 kB
MemTotal:        1844596 kB
MemFree:          310064 kB
MemAvailable:    1447412 kB
Buffers:           86060 kB
Cached:          1086560 kB
MemTotal:        1844596 kB
MemFree:          309956 kB
MemAvailable:    1447304 kB
Buffers:           86060 kB
Cached:          1086560 kB
MemTotal:        1844596 kB
MemFree:          309768 kB
MemAvailable:    1447116 kB
Buffers:           86060 kB
Cached:          1086560 kB
MemTotal:        1844596 kB
MemFree:          310024 kB
MemAvailable:    1447372 kB
Buffers:           86060 kB
Cached:          1086560 kB
MemTotal:        1844596 kB
MemFree:          308088 kB
MemAvailable:    1445436 kB
Buffers:           86060 kB
Cached:          1086560 kB
MemTotal:        1844596 kB
MemFree:          306784 kB
MemAvailable:    1444132 kB
Buffers:           86060 kB
Cached:          1086560 kB
MemTotal:        1844596 kB
MemFree:          305544 kB
MemAvailable:    1442892 kB
Buffers:           86060 kB
Cached:          1086560 kB
MemTotal:        1844596 kB
MemFree:          302260 kB
MemAvailable:    1439608 kB
Buffers:           86060 kB
Cached:          1086560 kB
MemTotal:        1844596 kB
MemFree:          298408 kB
MemAvailable:    1435756 kB
Buffers:           86060 kB
Cached:          1086560 kB
MemTotal:        1844596 kB
MemFree:          298416 kB
MemAvailable:    1435764 kB
Buffers:           86060 kB
Cached:          1086560 kB
MemTotal:        1844596 kB
MemFree:          292952 kB
MemAvailable:    1430300 kB
Buffers:           86060 kB
Cached:          1086560 kB
MemTotal:        1844596 kB
MemFree:          292596 kB
MemAvailable:    1429944 kB
Buffers:           86060 kB
Cached:          1086560 kB
MemTotal:        1844596 kB
MemFree:          291580 kB
MemAvailable:    1428928 kB
Buffers:           86060 kB
Cached:          1086560 kB
MemTotal:        1844596 kB
MemFree:          292820 kB
MemAvailable:    1430168 kB
Buffers:           86060 kB
Cached:          1086560 kB
MemTotal:        1844596 kB
MemFree:          292572 kB
MemAvailable:    1429920 kB
Buffers:           86060 kB
Cached:          1086560 kB
MemTotal:        1844596 kB
MemFree:          292740 kB
MemAvailable:    1430088 kB
Buffers:           86060 kB
Cached:          1086560 kB
MemTotal:        1844596 kB
MemFree:          292260 kB
MemAvailable:    1429608 kB
Buffers:           86060 kB
Cached:          1086560 kB
MemTotal:        1844596 kB
MemFree:          292260 kB
MemAvailable:    1429608 kB
Buffers:           86060 kB
Cached:          1086560 kB
MemTotal:        1844596 kB
MemFree:          290920 kB
MemAvailable:    1428268 kB
Buffers:           86060 kB
Cached:          1086560 kB
MemTotal:        1844596 kB
MemFree:          292144 kB
MemAvailable:    1429492 kB
Buffers:           86060 kB
Cached:          1086560 kB
MemTotal:        1844596 kB
MemFree:          292388 kB
MemAvailable:    1429736 kB
Buffers:           86060 kB
Cached:          1086560 kB
MemTotal:        1844596 kB
MemFree:          291480 kB
MemAvailable:    1428828 kB
Buffers:           86060 kB
Cached:          1086560 kB
MemTotal:        1844596 kB
MemFree:          291472 kB
MemAvailable:    1428820 kB
Buffers:           86060 kB
Cached:          1086560 kB
MemTotal:        1844596 kB
MemFree:          291904 kB
MemAvailable:    1429252 kB
Buffers:           86060 kB
Cached:          1086560 kB
MemTotal:        1844596 kB
MemFree:          291772 kB
MemAvailable:    1429120 kB
Buffers:           86060 kB
Cached:          1086560 kB
MemTotal:        1844596 kB
MemFree:          290604 kB
MemAvailable:    1427952 kB
Buffers:           86060 kB
Cached:          1086560 kB
MemTotal:        1844596 kB
MemFree:          291528 kB
MemAvailable:    1428876 kB
Buffers:           86060 kB
Cached:          1086560 kB
MemTotal:        1844596 kB
MemFree:          291668 kB
MemAvailable:    1429016 kB
Buffers:           86060 kB
Cached:          1086560 kB
MemTotal:        1844596 kB
MemFree:          291540 kB
MemAvailable:    1428888 kB
Buffers:           86060 kB
Cached:          1086560 kB
MemTotal:        1844596 kB
MemFree:          291596 kB
MemAvailable:    1428944 kB
Buffers:           86060 kB
Cached:          1086560 kB
MemTotal:        1844596 kB
MemFree:          290860 kB
MemAvailable:    1428208 kB
Buffers:           86060 kB
Cached:          1086560 kB
MemTotal:        1844596 kB
MemFree:          291456 kB
MemAvailable:    1428804 kB
Buffers:           86060 kB
Cached:          1086560 kB
MemTotal:        1844596 kB
MemFree:          290728 kB
MemAvailable:    1428076 kB
Buffers:           86060 kB
Cached:          1086560 kB
MemTotal:        1844596 kB
MemFree:          291524 kB
MemAvailable:    1428872 kB
Buffers:           86060 kB
Cached:          1086560 kB
MemTotal:        1844596 kB
MemFree:          291656 kB
MemAvailable:    1429004 kB
Buffers:           86060 kB
Cached:          1086560 kB
MemTotal:        1844596 kB
MemFree:          290728 kB
MemAvailable:    1428076 kB
Buffers:           86060 kB
Cached:          1086560 kB
MemTotal:        1844596 kB
MemFree:          291696 kB
MemAvailable:    1429044 kB
Buffers:           86060 kB
Cached:          1086560 kB
MemTotal:        1844596 kB
MemFree:          291696 kB
MemAvailable:    1429044 kB
Buffers:           86060 kB
Cached:          1086560 kB
MemTotal:        1844596 kB
MemFree:          291796 kB
MemAvailable:    1429144 kB
Buffers:           86060 kB
Cached:          1086560 kB
MemTotal:        1844596 kB
MemFree:          290728 kB
MemAvailable:    1428076 kB
Buffers:           86060 kB
Cached:          1086560 kB
MemTotal:        1844596 kB
MemFree:          290604 kB
MemAvailable:    1427956 kB
Buffers:           86060 kB
Cached:          1086564 kB
MemTotal:        1844596 kB
MemFree:          291904 kB
MemAvailable:    1429256 kB
Buffers:           86060 kB
Cached:          1086564 kB
MemTotal:        1844596 kB
MemFree:          290604 kB
MemAvailable:    1427956 kB
Buffers:           86060 kB
Cached:          1086564 kB
MemTotal:        1844596 kB
MemFree:          291604 kB
MemAvailable:    1428956 kB
Buffers:           86060 kB
Cached:          1086564 kB
MemTotal:        1844596 kB
MemFree:          291640 kB
MemAvailable:    1428992 kB
Buffers:           86060 kB
Cached:          1086564 kB
MemTotal:        1844596 kB
MemFree:          290208 kB
MemAvailable:    1427560 kB
Buffers:           86060 kB
Cached:          1086564 kB
MemTotal:        1844596 kB
MemFree:          291572 kB
MemAvailable:    1428924 kB
Buffers:           86060 kB
Cached:          1086564 kB
MemTotal:        1844596 kB
MemFree:          291524 kB
MemAvailable:    1428876 kB
Buffers:           86060 kB
Cached:          1086564 kB
MemTotal:        1844596 kB
MemFree:          291776 kB
MemAvailable:    1429128 kB
Buffers:           86060 kB
Cached:          1086564 kB
MemTotal:        1844596 kB
MemFree:          291548 kB
MemAvailable:    1428900 kB
Buffers:           86060 kB
Cached:          1086564 kB
MemTotal:        1844596 kB
MemFree:          289292 kB
MemAvailable:    1426644 kB
Buffers:           86060 kB
Cached:          1086564 kB
MemTotal:        1844596 kB
MemFree:          286140 kB
MemAvailable:    1423492 kB
Buffers:           86060 kB
Cached:          1086564 kB
MemTotal:        1844596 kB
MemFree:          283536 kB
MemAvailable:    1420888 kB
Buffers:           86060 kB
Cached:          1086564 kB
MemTotal:        1844596 kB
MemFree:          280868 kB
MemAvailable:    1418220 kB
Buffers:           86060 kB
Cached:          1086564 kB
MemTotal:        1844596 kB
MemFree:          277196 kB
MemAvailable:    1414548 kB
Buffers:           86060 kB
Cached:          1086564 kB
MemTotal:        1844596 kB
MemFree:          277196 kB
MemAvailable:    1414548 kB
Buffers:           86060 kB
Cached:          1086564 kB
MemTotal:        1844596 kB
MemFree:          274112 kB
MemAvailable:    1411464 kB
Buffers:           86060 kB
Cached:          1086564 kB
MemTotal:        1844596 kB
MemFree:          274028 kB
MemAvailable:    1411380 kB
Buffers:           86060 kB
Cached:          1086564 kB
MemTotal:        1844596 kB
MemFree:          273988 kB
MemAvailable:    1411340 kB
Buffers:           86060 kB
Cached:          1086564 kB
MemTotal:        1844596 kB
MemFree:          272604 kB
MemAvailable:    1409956 kB
Buffers:           86060 kB
Cached:          1086564 kB
MemTotal:        1844596 kB
MemFree:          272872 kB
MemAvailable:    1410224 kB
Buffers:           86060 kB
Cached:          1086564 kB
MemTotal:        1844596 kB
MemFree:          273672 kB
MemAvailable:    1411024 kB
Buffers:           86060 kB
Cached:          1086564 kB
MemTotal:        1844596 kB
MemFree:          273924 kB
MemAvailable:    1411276 kB
Buffers:           86060 kB
Cached:          1086564 kB
MemTotal:        1844596 kB
MemFree:          272612 kB
MemAvailable:    1409964 kB
Buffers:           86060 kB
Cached:          1086564 kB
MemTotal:        1844596 kB
MemFree:          273728 kB
MemAvailable:    1411080 kB
Buffers:           86060 kB
Cached:          1086564 kB
MemTotal:        1844596 kB
MemFree:          273800 kB
MemAvailable:    1411152 kB
Buffers:           86060 kB
Cached:          1086564 kB
MemTotal:        1844596 kB
MemFree:          273724 kB
MemAvailable:    1411076 kB
Buffers:           86060 kB
Cached:          1086564 kB
MemTotal:        1844596 kB
MemFree:          273536 kB
MemAvailable:    1410888 kB
Buffers:           86060 kB
Cached:          1086564 kB
MemTotal:        1844596 kB
MemFree:          273668 kB
MemAvailable:    1411020 kB
Buffers:           86060 kB
Cached:          1086564 kB
MemTotal:        1844596 kB
MemFree:          273668 kB
MemAvailable:    1411020 kB
Buffers:           86060 kB
Cached:          1086564 kB
MemTotal:        1844596 kB
MemFree:          272384 kB
MemAvailable:    1409736 kB
Buffers:           86060 kB
Cached:          1086564 kB
MemTotal:        1844596 kB
MemFree:          273228 kB
MemAvailable:    1410580 kB
Buffers:           86060 kB
Cached:          1086564 kB
MemTotal:        1844596 kB
MemFree:          273564 kB
MemAvailable:    1410916 kB
Buffers:           86060 kB
Cached:          1086564 kB
MemTotal:        1844596 kB
MemFree:          273320 kB
MemAvailable:    1410676 kB
Buffers:           86060 kB
Cached:          1086568 kB
MemTotal:        1844596 kB
MemFree:          271820 kB
MemAvailable:    1409180 kB
Buffers:           86060 kB
Cached:          1086572 kB
MemTotal:        1844596 kB
MemFree:          273188 kB
MemAvailable:    1410548 kB
Buffers:           86060 kB
Cached:          1086572 kB
MemTotal:        1844596 kB
MemFree:          272064 kB
MemAvailable:    1409424 kB
Buffers:           86060 kB
Cached:          1086572 kB
MemTotal:        1844596 kB
MemFree:          273480 kB
MemAvailable:    1410840 kB
Buffers:           86060 kB
Cached:          1086572 kB
MemTotal:        1844596 kB
MemFree:          272508 kB
MemAvailable:    1409868 kB
Buffers:           86060 kB
Cached:          1086572 kB
MemTotal:        1844596 kB
MemFree:          273508 kB
MemAvailable:    1410868 kB
Buffers:           86060 kB
Cached:          1086572 kB
MemTotal:        1844596 kB
MemFree:          272076 kB
MemAvailable:    1409436 kB
Buffers:           86060 kB
Cached:          1086572 kB
MemTotal:        1844596 kB
MemFree:          273376 kB
MemAvailable:    1410736 kB
Buffers:           86060 kB
Cached:          1086572 kB
MemTotal:        1844596 kB
MemFree:          273176 kB
MemAvailable:    1410536 kB
Buffers:           86060 kB
Cached:          1086572 kB
MemTotal:        1844596 kB
MemFree:          273428 kB
MemAvailable:    1410788 kB
Buffers:           86060 kB
Cached:          1086572 kB
MemTotal:        1844596 kB
MemFree:          273488 kB
MemAvailable:    1410848 kB
Buffers:           86060 kB
Cached:          1086572 kB
MemTotal:        1844596 kB
MemFree:          273544 kB
MemAvailable:    1410904 kB
Buffers:           86060 kB
Cached:          1086572 kB
MemTotal:        1844596 kB
MemFree:          273436 kB
MemAvailable:    1410796 kB
Buffers:           86060 kB
Cached:          1086572 kB
MemTotal:        1844596 kB
MemFree:          273208 kB
MemAvailable:    1410568 kB
Buffers:           86060 kB
Cached:          1086572 kB
MemTotal:        1844596 kB
MemFree:          273376 kB
MemAvailable:    1410736 kB
Buffers:           86060 kB
Cached:          1086572 kB
MemTotal:        1844596 kB
MemFree:          273244 kB
MemAvailable:    1410604 kB
Buffers:           86060 kB
Cached:          1086572 kB
MemTotal:        1844596 kB
MemFree:          273328 kB
MemAvailable:    1410688 kB
Buffers:           86060 kB
Cached:          1086572 kB
MemTotal:        1844596 kB
MemFree:          270228 kB
MemAvailable:    1407588 kB
Buffers:           86060 kB
Cached:          1086572 kB
MemTotal:        1844596 kB
MemFree:          266928 kB
MemAvailable:    1404288 kB
Buffers:           86060 kB
Cached:          1086572 kB
MemTotal:        1844596 kB
MemFree:          262324 kB
MemAvailable:    1399684 kB
Buffers:           86060 kB
Cached:          1086572 kB
MemTotal:        1844596 kB
MemFree:          262200 kB
MemAvailable:    1399560 kB
Buffers:           86060 kB
Cached:          1086572 kB
MemTotal:        1844596 kB
MemFree:          256388 kB
MemAvailable:    1393748 kB
Buffers:           86060 kB
Cached:          1086572 kB
MemTotal:        1844596 kB
MemFree:          255752 kB
MemAvailable:    1393112 kB
Buffers:           86060 kB
Cached:          1086572 kB
MemTotal:        1844596 kB
MemFree:          255396 kB
MemAvailable:    1392756 kB
Buffers:           86060 kB
Cached:          1086572 kB
MemTotal:        1844596 kB
MemFree:          255900 kB
MemAvailable:    1393260 kB
Buffers:           86060 kB
Cached:          1086572 kB
MemTotal:        1844596 kB
MemFree:          254636 kB
MemAvailable:    1391996 kB
Buffers:           86060 kB
Cached:          1086572 kB
MemTotal:        1844596 kB
MemFree:          254900 kB
MemAvailable:    1392260 kB
Buffers:           86060 kB
Cached:          1086572 kB
MemTotal:        1844596 kB
MemFree:          256140 kB
MemAvailable:    1393500 kB
Buffers:           86060 kB
Cached:          1086572 kB
MemTotal:        1844596 kB
MemFree:          254900 kB
MemAvailable:    1392260 kB
Buffers:           86060 kB
Cached:          1086572 kB
MemTotal:        1844596 kB
MemFree:          255616 kB
MemAvailable:    1392976 kB
Buffers:           86060 kB
Cached:          1086572 kB
MemTotal:        1844596 kB
MemFree:          255952 kB
MemAvailable:    1393312 kB
Buffers:           86060 kB
Cached:          1086572 kB
MemTotal:        1844596 kB
MemFree:          255736 kB
MemAvailable:    1393096 kB
Buffers:           86060 kB
Cached:          1086572 kB
MemTotal:        1844596 kB
MemFree:          255752 kB
MemAvailable:    1393112 kB
Buffers:           86060 kB
Cached:          1086572 kB
MemTotal:        1844596 kB
MemFree:          255576 kB
MemAvailable:    1392936 kB
Buffers:           86060 kB
Cached:          1086572 kB
MemTotal:        1844596 kB
MemFree:          255912 kB
MemAvailable:    1393272 kB
Buffers:           86060 kB
Cached:          1086572 kB
MemTotal:        1844596 kB
MemFree:          256008 kB
MemAvailable:    1393368 kB
Buffers:           86060 kB
Cached:          1086572 kB
MemTotal:        1844596 kB
MemFree:          255976 kB
MemAvailable:    1393336 kB
Buffers:           86060 kB
Cached:          1086572 kB
MemTotal:        1844596 kB
MemFree:          254644 kB
MemAvailable:    1392004 kB
Buffers:           86060 kB
Cached:          1086572 kB
MemTotal:        1844596 kB
MemFree:          256164 kB
MemAvailable:    1393524 kB
Buffers:           86060 kB
Cached:          1086572 kB
MemTotal:        1844596 kB
MemFree:          255952 kB
MemAvailable:    1393312 kB
Buffers:           86060 kB
Cached:          1086572 kB
MemTotal:        1844596 kB
MemFree:          254604 kB
MemAvailable:    1391964 kB
Buffers:           86060 kB
Cached:          1086572 kB
MemTotal:        1844596 kB
MemFree:          254604 kB
MemAvailable:    1391964 kB
Buffers:           86060 kB
Cached:          1086572 kB
MemTotal:        1844596 kB
MemFree:          255200 kB
MemAvailable:    1392560 kB
Buffers:           86060 kB
Cached:          1086572 kB
MemTotal:        1844596 kB
MemFree:          255068 kB
MemAvailable:    1392428 kB
Buffers:           86060 kB
Cached:          1086572 kB
MemTotal:        1844596 kB
MemFree:          253784 kB
MemAvailable:    1391144 kB
Buffers:           86060 kB
Cached:          1086572 kB
MemTotal:        1844596 kB
MemFree:          254708 kB
MemAvailable:    1392068 kB
Buffers:           86060 kB
Cached:          1086572 kB
MemTotal:        1844596 kB
MemFree:          254900 kB
MemAvailable:    1392260 kB
Buffers:           86060 kB
Cached:          1086572 kB
MemTotal:        1844596 kB
MemFree:          254788 kB
MemAvailable:    1392148 kB
Buffers:           86060 kB
Cached:          1086572 kB
MemTotal:        1844596 kB
MemFree:          253536 kB
MemAvailable:    1390896 kB
Buffers:           86060 kB
Cached:          1086572 kB
MemTotal:        1844596 kB
MemFree:          254092 kB
MemAvailable:    1391452 kB
Buffers:           86060 kB
Cached:          1086572 kB
MemTotal:        1844596 kB
MemFree:          251428 kB
MemAvailable:    1388788 kB
Buffers:           86060 kB
Cached:          1086572 kB
MemTotal:        1844596 kB
MemFree:          248080 kB
MemAvailable:    1385440 kB
Buffers:           86060 kB
Cached:          1086572 kB
MemTotal:        1844596 kB
MemFree:          245468 kB
MemAvailable:    1382828 kB
Buffers:           86060 kB
Cached:          1086572 kB
MemTotal:        1844596 kB
MemFree:          245236 kB
MemAvailable:    1382596 kB
Buffers:           86060 kB
Cached:          1086572 kB
MemTotal:        1844596 kB
MemFree:          240376 kB
MemAvailable:    1377736 kB
Buffers:           86060 kB
Cached:          1086572 kB
MemTotal:        1844596 kB
MemFree:          240376 kB
MemAvailable:    1377736 kB
Buffers:           86060 kB
Cached:          1086572 kB
MemTotal:        1844596 kB
MemFree:          235416 kB
MemAvailable:    1372776 kB
Buffers:           86060 kB
Cached:          1086572 kB
MemTotal:        1844596 kB
MemFree:          234884 kB
MemAvailable:    1372244 kB
Buffers:           86060 kB
Cached:          1086572 kB
MemTotal:        1844596 kB
MemFree:          233200 kB
MemAvailable:    1370568 kB
Buffers:           86060 kB
Cached:          1086580 kB
MemTotal:        1844596 kB
MemFree:          230976 kB
MemAvailable:    1368344 kB
Buffers:           86060 kB
Cached:          1086580 kB
MemTotal:        1844596 kB
MemFree:          230904 kB
MemAvailable:    1368272 kB
Buffers:           86060 kB
Cached:          1086580 kB
MemTotal:        1844596 kB
MemFree:          228364 kB
MemAvailable:    1365732 kB
Buffers:           86060 kB
Cached:          1086580 kB
MemTotal:        1844596 kB
MemFree:          227372 kB
MemAvailable:    1364740 kB
Buffers:           86060 kB
Cached:          1086580 kB
MemTotal:        1844596 kB
MemFree:          224264 kB
MemAvailable:    1361632 kB
Buffers:           86060 kB
Cached:          1086580 kB
MemTotal:        1844596 kB
MemFree:          224520 kB
MemAvailable:    1361888 kB
Buffers:           86060 kB
Cached:          1086580 kB
MemTotal:        1844596 kB
MemFree:          223024 kB
MemAvailable:    1360392 kB
Buffers:           86060 kB
Cached:          1086580 kB
MemTotal:        1844596 kB
MemFree:          224132 kB
MemAvailable:    1361500 kB
Buffers:           86060 kB
Cached:          1086580 kB
MemTotal:        1844596 kB
MemFree:          224132 kB
MemAvailable:    1361500 kB
Buffers:           86060 kB
Cached:          1086580 kB
MemTotal:        1844596 kB
MemFree:          223844 kB
MemAvailable:    1361212 kB
Buffers:           86060 kB
Cached:          1086580 kB
MemTotal:        1844596 kB
MemFree:          224100 kB
MemAvailable:    1361468 kB
Buffers:           86060 kB
Cached:          1086580 kB
MemTotal:        1844596 kB
MemFree:          222896 kB
MemAvailable:    1360264 kB
Buffers:           86060 kB
Cached:          1086580 kB
MemTotal:        1844596 kB
MemFree:          224072 kB
MemAvailable:    1361440 kB
Buffers:           86060 kB
Cached:          1086580 kB
MemTotal:        1844596 kB
MemFree:          223892 kB
MemAvailable:    1361260 kB
Buffers:           86060 kB
Cached:          1086580 kB
MemTotal:        1844596 kB
MemFree:          223768 kB
MemAvailable:    1361136 kB
Buffers:           86060 kB
Cached:          1086580 kB
MemTotal:        1844596 kB
MemFree:          223016 kB
MemAvailable:    1360384 kB
Buffers:           86060 kB
Cached:          1086580 kB
MemTotal:        1844596 kB
MemFree:          223016 kB
MemAvailable:    1360384 kB
Buffers:           86060 kB
Cached:          1086580 kB
MemTotal:        1844596 kB
MemFree:          222764 kB
MemAvailable:    1360132 kB
Buffers:           86060 kB
Cached:          1086580 kB
MemTotal:        1844596 kB
MemFree:          223020 kB
MemAvailable:    1360388 kB
Buffers:           86060 kB
Cached:          1086580 kB
MemTotal:        1844596 kB
MemFree:          222584 kB
MemAvailable:    1359952 kB
Buffers:           86060 kB
Cached:          1086580 kB
MemTotal:        1844596 kB
MemFree:          222728 kB
MemAvailable:    1360096 kB
Buffers:           86060 kB
Cached:          1086580 kB
MemTotal:        1844596 kB
MemFree:          222720 kB
MemAvailable:    1360088 kB
Buffers:           86060 kB
Cached:          1086580 kB
MemTotal:        1844596 kB
MemFree:          221272 kB
MemAvailable:    1358640 kB
Buffers:           86060 kB
Cached:          1086580 kB
MemTotal:        1844596 kB
MemFree:          221028 kB
MemAvailable:    1358396 kB
Buffers:           86060 kB
Cached:          1086580 kB
MemTotal:        1844596 kB
MemFree:          222136 kB
MemAvailable:    1359504 kB
Buffers:           86060 kB
Cached:          1086580 kB
MemTotal:        1844596 kB
MemFree:          222048 kB
MemAvailable:    1359416 kB
Buffers:           86060 kB
Cached:          1086580 kB
MemTotal:        1844596 kB
MemFree:          221652 kB
MemAvailable:    1359020 kB
Buffers:           86060 kB
Cached:          1086580 kB
MemTotal:        1844596 kB
MemFree:          221792 kB
MemAvailable:    1359160 kB
Buffers:           86060 kB
Cached:          1086580 kB
MemTotal:        1844596 kB
MemFree:          221232 kB
MemAvailable:    1358600 kB
Buffers:           86060 kB
Cached:          1086580 kB
MemTotal:        1844596 kB
MemFree:          220412 kB
MemAvailable:    1357780 kB
Buffers:           86060 kB
Cached:          1086580 kB
MemTotal:        1844596 kB
MemFree:          220412 kB
MemAvailable:    1357780 kB
Buffers:           86060 kB
Cached:          1086580 kB
MemTotal:        1844596 kB
MemFree:          220056 kB
MemAvailable:    1357424 kB
Buffers:           86060 kB
Cached:          1086580 kB
MemTotal:        1844596 kB
MemFree:          218808 kB
MemAvailable:    1356176 kB
Buffers:           86060 kB
Cached:          1086580 kB
MemTotal:        1844596 kB
MemFree:          218676 kB
MemAvailable:    1356044 kB
Buffers:           86060 kB
Cached:          1086580 kB
MemTotal:        1844596 kB
MemFree:          219744 kB
MemAvailable:    1357112 kB
Buffers:           86060 kB
Cached:          1086580 kB
MemTotal:        1844596 kB
MemFree:          219996 kB
MemAvailable:    1357364 kB
Buffers:           86060 kB
Cached:          1086580 kB
MemTotal:        1844596 kB
MemFree:          218624 kB
MemAvailable:    1355992 kB
Buffers:           86060 kB
Cached:          1086580 kB
MemTotal:        1844596 kB
MemFree:          219776 kB
MemAvailable:    1357144 kB
Buffers:           86060 kB
Cached:          1086580 kB
MemTotal:        1844596 kB
MemFree:          220028 kB
MemAvailable:    1357396 kB
Buffers:           86060 kB
Cached:          1086580 kB
MemTotal:        1844596 kB
MemFree:          219628 kB
MemAvailable:    1356996 kB
Buffers:           86060 kB
Cached:          1086580 kB
MemTotal:        1844596 kB
MemFree:          219884 kB
MemAvailable:    1357252 kB
Buffers:           86060 kB
Cached:          1086580 kB
MemTotal:        1844596 kB
MemFree:          219784 kB
MemAvailable:    1357152 kB
Buffers:           86060 kB
Cached:          1086580 kB
MemTotal:        1844596 kB
MemFree:          219668 kB
MemAvailable:    1357036 kB
Buffers:           86060 kB
Cached:          1086580 kB
MemTotal:        1844596 kB
MemFree:          219620 kB
MemAvailable:    1356988 kB
Buffers:           86060 kB
Cached:          1086580 kB
MemTotal:        1844596 kB
MemFree:          219876 kB
MemAvailable:    1357244 kB
Buffers:           86060 kB
Cached:          1086580 kB
MemTotal:        1844596 kB
MemFree:          219668 kB
MemAvailable:    1357036 kB
Buffers:           86060 kB
Cached:          1086580 kB
MemTotal:        1844596 kB
MemFree:          219752 kB
MemAvailable:    1357120 kB
Buffers:           86060 kB
Cached:          1086580 kB
MemTotal:        1844596 kB
MemFree:          219604 kB
MemAvailable:    1356972 kB
Buffers:           86060 kB
Cached:          1086580 kB
MemTotal:        1844596 kB
MemFree:          219856 kB
MemAvailable:    1357224 kB
Buffers:           86060 kB
Cached:          1086580 kB
MemTotal:        1844596 kB
MemFree:          219796 kB
MemAvailable:    1357164 kB
Buffers:           86060 kB
Cached:          1086580 kB
MemTotal:        1844596 kB
MemFree:          218632 kB
MemAvailable:    1356000 kB
Buffers:           86060 kB
Cached:          1086580 kB
MemTotal:        1844596 kB
MemFree:          218508 kB
MemAvailable:    1355876 kB
Buffers:           86060 kB
Cached:          1086580 kB
MemTotal:        1844596 kB
MemFree:          219852 kB
MemAvailable:    1357220 kB
Buffers:           86060 kB
Cached:          1086580 kB
MemTotal:        1844596 kB
MemFree:          219804 kB
MemAvailable:    1357172 kB
Buffers:           86060 kB
Cached:          1086580 kB
MemTotal:        1844596 kB
MemFree:          218232 kB
MemAvailable:    1355600 kB
Buffers:           86060 kB
Cached:          1086580 kB
MemTotal:        1844596 kB
MemFree:          219672 kB
MemAvailable:    1357040 kB
Buffers:           86060 kB
Cached:          1086580 kB
MemTotal:        1844596 kB
MemFree:          219840 kB
MemAvailable:    1357208 kB
Buffers:           86060 kB
Cached:          1086580 kB
MemTotal:        1844596 kB
MemFree:          219628 kB
MemAvailable:    1356996 kB
Buffers:           86060 kB
Cached:          1086580 kB
MemTotal:        1844596 kB
MemFree:          219884 kB
MemAvailable:    1357252 kB
Buffers:           86060 kB
Cached:          1086580 kB
MemTotal:        1844596 kB
MemFree:          219848 kB
MemAvailable:    1357216 kB
Buffers:           86060 kB
Cached:          1086580 kB
MemTotal:        1844596 kB
MemFree:          219608 kB
MemAvailable:    1356976 kB
Buffers:           86060 kB
Cached:          1086580 kB
MemTotal:        1844596 kB
MemFree:          219860 kB
MemAvailable:    1357228 kB
Buffers:           86060 kB
Cached:          1086580 kB
MemTotal:        1844596 kB
MemFree:          219868 kB
MemAvailable:    1357236 kB
Buffers:           86060 kB
Cached:          1086580 kB
MemTotal:        1844596 kB
MemFree:          219312 kB
MemAvailable:    1356680 kB
Buffers:           86060 kB
Cached:          1086580 kB
MemTotal:        1844596 kB
MemFree:          219656 kB
MemAvailable:    1357024 kB
Buffers:           86060 kB
Cached:          1086580 kB
MemTotal:        1844596 kB
MemFree:          219992 kB
MemAvailable:    1357360 kB
Buffers:           86060 kB
Cached:          1086580 kB
MemTotal:        1844596 kB
MemFree:          219616 kB
MemAvailable:    1356984 kB
Buffers:           86060 kB
Cached:          1086580 kB
MemTotal:        1844596 kB
MemFree:          219676 kB
MemAvailable:    1357044 kB
Buffers:           86060 kB
Cached:          1086580 kB
MemTotal:        1844596 kB
MemFree:          219684 kB
MemAvailable:    1357052 kB
Buffers:           86060 kB
Cached:          1086580 kB
MemTotal:        1844596 kB
MemFree:          218624 kB
MemAvailable:    1355992 kB
Buffers:           86060 kB
Cached:          1086580 kB
MemTotal:        1844596 kB
MemFree:          216568 kB
MemAvailable:    1353936 kB
Buffers:           86060 kB
Cached:          1086580 kB
MemTotal:        1844596 kB
MemFree:          216460 kB
MemAvailable:    1353828 kB
Buffers:           86060 kB
Cached:          1086580 kB
MemTotal:        1844596 kB
MemFree:          213412 kB
MemAvailable:    1350780 kB
Buffers:           86060 kB
Cached:          1086580 kB
MemTotal:        1844596 kB
MemFree:          211988 kB
MemAvailable:    1349356 kB
Buffers:           86060 kB
Cached:          1086580 kB
MemTotal:        1844596 kB
MemFree:          212112 kB
MemAvailable:    1349480 kB
Buffers:           86060 kB
Cached:          1086580 kB
MemTotal:        1844596 kB
MemFree:          213344 kB
MemAvailable:    1350712 kB
Buffers:           86060 kB
Cached:          1086580 kB
MemTotal:        1844596 kB
MemFree:          212360 kB
MemAvailable:    1349728 kB
Buffers:           86060 kB
Cached:          1086580 kB
MemTotal:        1844596 kB
MemFree:          213160 kB
MemAvailable:    1350528 kB
Buffers:           86060 kB
Cached:          1086580 kB
MemTotal:        1844596 kB
MemFree:          213156 kB
MemAvailable:    1350524 kB
Buffers:           86060 kB
Cached:          1086580 kB
MemTotal:        1844596 kB
MemFree:          212748 kB
MemAvailable:    1350116 kB
Buffers:           86060 kB
Cached:          1086580 kB
MemTotal:        1844596 kB
MemFree:          212980 kB
MemAvailable:    1350348 kB
Buffers:           86060 kB
Cached:          1086580 kB
MemTotal:        1844596 kB
MemFree:          213112 kB
MemAvailable:    1350480 kB
Buffers:           86060 kB
Cached:          1086580 kB
MemTotal:        1844596 kB
MemFree:          212972 kB
MemAvailable:    1350340 kB
Buffers:           86060 kB
Cached:          1086580 kB
MemTotal:        1844596 kB
MemFree:          212972 kB
MemAvailable:    1350340 kB
Buffers:           86060 kB
Cached:          1086580 kB
MemTotal:        1844596 kB
MemFree:          212960 kB
MemAvailable:    1350328 kB
Buffers:           86060 kB
Cached:          1086580 kB
MemTotal:        1844596 kB
MemFree:          213296 kB
MemAvailable:    1350664 kB
Buffers:           86060 kB
Cached:          1086580 kB
MemTotal:        1844596 kB
MemFree:          211728 kB
MemAvailable:    1349180 kB
Buffers:           86060 kB
Cached:          1086704 kB
MemTotal:        1844596 kB
MemFree:          212828 kB
MemAvailable:    1350448 kB
Buffers:           86060 kB
Cached:          1086952 kB
MemTotal:        1844596 kB
MemFree:          212912 kB
MemAvailable:    1350616 kB
Buffers:           86060 kB
Cached:          1086952 kB
MemTotal:        1844596 kB
MemFree:          212640 kB
MemAvailable:    1350428 kB
Buffers:           86060 kB
Cached:          1086952 kB
MemTotal:        1844596 kB
MemFree:          211376 kB
MemAvailable:    1349248 kB
Buffers:           86060 kB
Cached:          1087076 kB
MemTotal:        1844596 kB
MemFree:          212408 kB
MemAvailable:    1350364 kB
Buffers:           86060 kB
Cached:          1087200 kB
MemTotal:        1844596 kB
MemFree:          212468 kB
MemAvailable:    1350424 kB
Buffers:           86060 kB
Cached:          1087200 kB
MemTotal:        1844596 kB
MemFree:          212280 kB
MemAvailable:    1350236 kB
Buffers:           86060 kB
Cached:          1087200 kB
MemTotal:        1844596 kB
MemFree:          212240 kB
MemAvailable:    1350196 kB
Buffers:           86060 kB
Cached:          1087200 kB
MemTotal:        1844596 kB
MemFree:          210932 kB
MemAvailable:    1348888 kB
Buffers:           86060 kB
Cached:          1087200 kB
MemTotal:        1844596 kB
MemFree:          211056 kB
MemAvailable:    1349012 kB
Buffers:           86060 kB
Cached:          1087200 kB
MemTotal:        1844596 kB
MemFree:          212400 kB
MemAvailable:    1350356 kB
Buffers:           86060 kB
Cached:          1087200 kB
MemTotal:        1844596 kB
MemFree:          212004 kB
MemAvailable:    1349960 kB
Buffers:           86060 kB
Cached:          1087200 kB
MemTotal:        1844596 kB
MemFree:          212236 kB
MemAvailable:    1350220 kB
Buffers:           86060 kB
Cached:          1087252 kB
MemTotal:        1844596 kB
MemFree:          212488 kB
MemAvailable:    1350472 kB
Buffers:           86060 kB
Cached:          1087252 kB
MemTotal:        1844596 kB
MemFree:          212016 kB
MemAvailable:    1349412 kB
Buffers:           86060 kB
Cached:          1086620 kB
MemTotal:        1844596 kB
MemFree:          211864 kB
MemAvailable:    1349260 kB
Buffers:           86060 kB
Cached:          1086620 kB
MemTotal:        1844596 kB
MemFree:          327880 kB
MemAvailable:    1465240 kB
Buffers:           86060 kB
Cached:          1086588 kB
MemTotal:        1844596 kB
MemFree:          341072 kB
MemAvailable:    1478432 kB
Buffers:           86060 kB
Cached:          1086588 kB
