MemTotal:        1844596 kB
MemFree:          265284 kB
MemAvailable:    1546208 kB
Buffers:           99892 kB
Cached:          1201732 kB
MemTotal:        1844596 kB
MemFree:          239740 kB
MemAvailable:    1520668 kB
Buffers:           99892 kB
Cached:          1201736 kB
MemTotal:        1844596 kB
MemFree:          236508 kB
MemAvailable:    1517436 kB
Buffers:           99892 kB
Cached:          1201736 kB
MemTotal:        1844596 kB
MemFree:          236020 kB
MemAvailable:    1516948 kB
Buffers:           99892 kB
Cached:          1201736 kB
MemTotal:        1844596 kB
MemFree:          235028 kB
MemAvailable:    1515956 kB
Buffers:           99892 kB
Cached:          1201736 kB
MemTotal:        1844596 kB
MemFree:          234096 kB
MemAvailable:    1515024 kB
Buffers:           99892 kB
Cached:          1201736 kB
MemTotal:        1844596 kB
MemFree:          234160 kB
MemAvailable:    1515088 kB
Buffers:           99892 kB
Cached:          1201736 kB
MemTotal:        1844596 kB
MemFree:          232476 kB
MemAvailable:    1513404 kB
Buffers:           99892 kB
Cached:          1201736 kB
MemTotal:        1844596 kB
MemFree:          229756 kB
MemAvailable:    1510684 kB
Buffers:           99892 kB
Cached:          1201736 kB
MemTotal:        1844596 kB
MemFree:          228200 kB
MemAvailable:    1509128 kB
Buffers:           99892 kB
Cached:          1201736 kB
MemTotal:        1844596 kB
MemFree:          223300 kB
MemAvailable:    1504228 kB
Buffers:           99892 kB
Cached:          1201736 kB
MemTotal:        1844596 kB
MemFree:          224440 kB
MemAvailable:    1505368 kB
Buffers:           99892 kB
Cached:          1201736 kB
MemTotal:        1844596 kB
MemFree:          224356 kB
MemAvailable:    1505284 kB
Buffers:           99892 kB
Cached:          1201736 kB
MemTotal:        1844596 kB
MemFree:          224356 kB
MemAvailable:    1505284 kB
Buffers:           99892 kB
Cached:          1201736 kB
MemTotal:        1844596 kB
MemFree:          224556 kB
MemAvailable:    1505484 kB
Buffers:           99892 kB
Cached:          1201736 kB
MemTotal:        1844596 kB
MemFree:          224432 kB
MemAvailable:    1505360 kB
Buffers:           99892 kB
Cached:          1201736 kB
MemTotal:        1844596 kB
MemFree:          224116 kB
MemAvailable:    1505044 kB
Buffers:           99892 kB
Cached:          1201736 kB
MemTotal:        1844596 kB
MemFree:          225328 kB
MemAvailable:    1506256 kB
Buffers:           99892 kB
Cached:          1201736 kB
MemTotal:        1844596 kB
MemFree:          225208 kB
MemAvailable:    1506136 kB
Buffers:           99892 kB
Cached:          1201736 kB
MemTotal:        1844596 kB
MemFree:          224920 kB
MemAvailable:    1505848 kB
Buffers:           99892 kB
Cached:          1201736 kB
MemTotal:        1844596 kB
MemFree:          225088 kB
MemAvailable:    1506016 kB
Buffers:           99892 kB
Cached:          1201736 kB
MemTotal:        1844596 kB
MemFree:          223468 kB
MemAvailable:    1504396 kB
Buffers:           99892 kB
Cached:          1201736 kB
MemTotal:        1844596 kB
MemFree:          224488 kB
MemAvailable:    1505416 kB
Buffers:           99892 kB
Cached:          1201736 kB
MemTotal:        1844596 kB
MemFree:          223000 kB
MemAvailable:    1503928 kB
Buffers:           99892 kB
Cached:          1201736 kB
MemTotal:        1844596 kB
MemFree:          224032 kB
MemAvailable:    1504960 kB
Buffers:           99892 kB
Cached:          1201736 kB
MemTotal:        1844596 kB
MemFree:          222816 kB
MemAvailable:    1503744 kB
Buffers:           99892 kB
Cached:          1201736 kB
MemTotal:        1844596 kB
MemFree:          223924 kB
MemAvailable:    1504852 kB
Buffers:           99892 kB
Cached:          1201736 kB
MemTotal:        1844596 kB
MemFree:          223924 kB
MemAvailable:    1504852 kB
Buffers:           99892 kB
Cached:          1201736 kB
MemTotal:        1844596 kB
MemFree:          222868 kB
MemAvailable:    1503796 kB
Buffers:           99892 kB
Cached:          1201736 kB
MemTotal:        1844596 kB
MemFree:          222512 kB
MemAvailable:    1503440 kB
Buffers:           99892 kB
Cached:          1201736 kB
MemTotal:        1844596 kB
MemFree:          222620 kB
MemAvailable:    1503548 kB
Buffers:           99892 kB
Cached:          1201736 kB
MemTotal:        1844596 kB
MemFree:          221332 kB
MemAvailable:    1502260 kB
Buffers:           99892 kB
Cached:          1201736 kB
MemTotal:        1844596 kB
MemFree:          222608 kB
MemAvailable:    1503536 kB
Buffers:           99892 kB
Cached:          1201736 kB
MemTotal:        1844596 kB
MemFree:          221760 kB
MemAvailable:    1502688 kB
Buffers:           99892 kB
Cached:          1201736 kB
MemTotal:        1844596 kB
MemFree:          221504 kB
MemAvailable:    1502432 kB
Buffers:           99892 kB
Cached:          1201736 kB
MemTotal:        1844596 kB
MemFree:          222868 kB
MemAvailable:    1503796 kB
Buffers:           99892 kB
Cached:          1201736 kB
MemTotal:        1844596 kB
MemFree:          222620 kB
MemAvailable:    1503548 kB
Buffers:           99892 kB
Cached:          1201736 kB
MemTotal:        1844596 kB
MemFree:          221200 kB
MemAvailable:    1502128 kB
Buffers:           99892 kB
Cached:          1201736 kB
MemTotal:        1844596 kB
MemFree:          221236 kB
MemAvailable:    1502164 kB
Buffers:           99892 kB
Cached:          1201736 kB
MemTotal:        1844596 kB
MemFree:          218768 kB
MemAvailable:    1499696 kB
Buffers:           99892 kB
Cached:          1201736 kB
MemTotal:        1844596 kB
MemFree:          218856 kB
MemAvailable:    1499660 kB
Buffers:           99892 kB
Cached:          1201736 kB
MemTotal:        1844596 kB
MemFree:          217288 kB
MemAvailable:    1498216 kB
Buffers:           99892 kB
Cached:          1201736 kB
MemTotal:        1844596 kB
MemFree:          216436 kB
MemAvailable:    1497364 kB
Buffers:           99892 kB
Cached:          1201736 kB
MemTotal:        1844596 kB
MemFree:          217032 kB
MemAvailable:    1497960 kB
Buffers:           99892 kB
Cached:          1201736 kB
MemTotal:        1844596 kB
MemFree:          217048 kB
MemAvailable:    1497976 kB
Buffers:           99892 kB
Cached:          1201736 kB
MemTotal:        1844596 kB
MemFree:          216992 kB
MemAvailable:    1497920 kB
Buffers:           99892 kB
Cached:          1201736 kB
MemTotal:        1844596 kB
MemFree:          217088 kB
MemAvailable:    1498016 kB
Buffers:           99892 kB
Cached:          1201736 kB
MemTotal:        1844596 kB
MemFree:          215532 kB
MemAvailable:    1496460 kB
Buffers:           99892 kB
Cached:          1201736 kB
MemTotal:        1844596 kB
MemFree:          216764 kB
MemAvailable:    1497692 kB
Buffers:           99892 kB
Cached:          1201736 kB
MemTotal:        1844596 kB
MemFree:          216764 kB
MemAvailable:    1497692 kB
Buffers:           99892 kB
Cached:          1201736 kB
MemTotal:        1844596 kB
MemFree:          215396 kB
MemAvailable:    1496324 kB
Buffers:           99892 kB
Cached:          1201736 kB
MemTotal:        1844596 kB
MemFree:          216676 kB
MemAvailable:    1497604 kB
Buffers:           99892 kB
Cached:          1201736 kB
MemTotal:        1844596 kB
MemFree:          216372 kB
MemAvailable:    1497300 kB
Buffers:           99892 kB
Cached:          1201736 kB
MemTotal:        1844596 kB
MemFree:          215264 kB
MemAvailable:    1496192 kB
Buffers:           99892 kB
Cached:          1201736 kB
MemTotal:        1844596 kB
MemFree:          215916 kB
MemAvailable:    1496848 kB
Buffers:           99892 kB
Cached:          1201740 kB
MemTotal:        1844596 kB
MemFree:          215064 kB
MemAvailable:    1495996 kB
Buffers:           99892 kB
Cached:          1201740 kB
MemTotal:        1844596 kB
MemFree:          212336 kB
MemAvailable:    1493268 kB
Buffers:           99892 kB
Cached:          1201740 kB
MemTotal:        1844596 kB
MemFree:          211220 kB
MemAvailable:    1492152 kB
Buffers:           99892 kB
Cached:          1201740 kB
MemTotal:        1844596 kB
MemFree:          209484 kB
MemAvailable:    1490416 kB
Buffers:           99892 kB
Cached:          1201740 kB
MemTotal:        1844596 kB
MemFree:          209112 kB
MemAvailable:    1490044 kB
Buffers:           99892 kB
Cached:          1201740 kB
MemTotal:        1844596 kB
MemFree:          208724 kB
MemAvailable:    1489656 kB
Buffers:           99892 kB
Cached:          1201740 kB
MemTotal:        1844596 kB
MemFree:          208724 kB
MemAvailable:    1489656 kB
Buffers:           99892 kB
Cached:          1201740 kB
MemTotal:        1844596 kB
MemFree:          208620 kB
MemAvailable:    1489552 kB
Buffers:           99892 kB
Cached:          1201740 kB
MemTotal:        1844596 kB
MemFree:          208236 kB
MemAvailable:    1489168 kB
Buffers:           99892 kB
Cached:          1201740 kB
MemTotal:        1844596 kB
MemFree:          207880 kB
MemAvailable:    1488812 kB
Buffers:           99892 kB
Cached:          1201740 kB
MemTotal:        1844596 kB
MemFree:          208132 kB
MemAvailable:    1489064 kB
Buffers:           99892 kB
Cached:          1201740 kB
MemTotal:        1844596 kB
MemFree:          207844 kB
MemAvailable:    1488776 kB
Buffers:           99892 kB
Cached:          1201740 kB
MemTotal:        1844596 kB
MemFree:          207844 kB
MemAvailable:    1488776 kB
Buffers:           99892 kB
Cached:          1201740 kB
MemTotal:        1844596 kB
MemFree:          207936 kB
MemAvailable:    1488868 kB
Buffers:           99892 kB
Cached:          1201740 kB
MemTotal:        1844596 kB
MemFree:          207880 kB
MemAvailable:    1488812 kB
Buffers:           99892 kB
Cached:          1201740 kB
MemTotal:        1844596 kB
MemFree:          207876 kB
MemAvailable:    1488808 kB
Buffers:           99892 kB
Cached:          1201740 kB
MemTotal:        1844596 kB
MemFree:          208004 kB
MemAvailable:    1488936 kB
Buffers:           99892 kB
Cached:          1201740 kB
MemTotal:        1844596 kB
MemFree:          207128 kB
MemAvailable:    1488060 kB
Buffers:           99892 kB
Cached:          1201740 kB
MemTotal:        1844596 kB
MemFree:          207680 kB
MemAvailable:    1488612 kB
Buffers:           99892 kB
Cached:          1201740 kB
MemTotal:        1844596 kB
MemFree:          208016 kB
MemAvailable:    1488948 kB
Buffers:           99892 kB
Cached:          1201740 kB
MemTotal:        1844596 kB
MemFree:          207740 kB
MemAvailable:    1488672 kB
Buffers:           99892 kB
Cached:          1201740 kB
MemTotal:        1844596 kB
MemFree:          206440 kB
MemAvailable:    1487372 kB
Buffers:           99892 kB
Cached:          1201740 kB
MemTotal:        1844596 kB
MemFree:          207556 kB
MemAvailable:    1488488 kB
Buffers:           99892 kB
Cached:          1201740 kB
MemTotal:        1844596 kB
MemFree:          206764 kB
MemAvailable:    1487696 kB
Buffers:           99892 kB
Cached:          1201740 kB
MemTotal:        1844596 kB
MemFree:          207608 kB
MemAvailable:    1488540 kB
Buffers:           99892 kB
Cached:          1201740 kB
MemTotal:        1844596 kB
MemFree:          207608 kB
MemAvailable:    1488540 kB
Buffers:           99892 kB
Cached:          1201740 kB
MemTotal:        1844596 kB
MemFree:          207504 kB
MemAvailable:    1488436 kB
Buffers:           99892 kB
Cached:          1201740 kB
MemTotal:        1844596 kB
MemFree:          206640 kB
MemAvailable:    1487572 kB
Buffers:           99892 kB
Cached:          1201740 kB
MemTotal:        1844596 kB
MemFree:          203144 kB
MemAvailable:    1484076 kB
Buffers:           99892 kB
Cached:          1201740 kB
MemTotal:        1844596 kB
MemFree:          203232 kB
MemAvailable:    1484164 kB
Buffers:           99892 kB
Cached:          1201740 kB
MemTotal:        1844596 kB
MemFree:          199928 kB
MemAvailable:    1480860 kB
Buffers:           99892 kB
Cached:          1201740 kB
MemTotal:        1844596 kB
MemFree:          198324 kB
MemAvailable:    1479256 kB
Buffers:           99892 kB
Cached:          1201740 kB
MemTotal:        1844596 kB
MemFree:          199616 kB
MemAvailable:    1480548 kB
Buffers:           99892 kB
Cached:          1201740 kB
MemTotal:        1844596 kB
MemFree:          198456 kB
MemAvailable:    1479388 kB
Buffers:           99892 kB
Cached:          1201740 kB
MemTotal:        1844596 kB
MemFree:          199052 kB
MemAvailable:    1479988 kB
Buffers:           99892 kB
Cached:          1201744 kB
MemTotal:        1844596 kB
MemFree:          199052 kB
MemAvailable:    1479988 kB
Buffers:           99892 kB
Cached:          1201744 kB
MemTotal:        1844596 kB
MemFree:          198788 kB
MemAvailable:    1479724 kB
Buffers:           99892 kB
Cached:          1201744 kB
MemTotal:        1844596 kB
MemFree:          198956 kB
MemAvailable:    1479892 kB
Buffers:           99892 kB
Cached:          1201744 kB
MemTotal:        1844596 kB
MemFree:          198876 kB
MemAvailable:    1479812 kB
Buffers:           99892 kB
Cached:          1201744 kB
MemTotal:        1844596 kB
MemFree:          198572 kB
MemAvailable:    1479508 kB
Buffers:           99892 kB
Cached:          1201744 kB
MemTotal:        1844596 kB
MemFree:          198984 kB
MemAvailable:    1479920 kB
Buffers:           99892 kB
Cached:          1201744 kB
MemTotal:        1844596 kB
MemFree:          198860 kB
MemAvailable:    1479796 kB
Buffers:           99892 kB
Cached:          1201744 kB
MemTotal:        1844596 kB
MemFree:          197684 kB
MemAvailable:    1478620 kB
Buffers:           99892 kB
Cached:          1201744 kB
MemTotal:        1844596 kB
MemFree:          197684 kB
MemAvailable:    1478620 kB
Buffers:           99892 kB
Cached:          1201744 kB
MemTotal:        1844596 kB
MemFree:          199020 kB
MemAvailable:    1479956 kB
Buffers:           99892 kB
Cached:          1201744 kB
MemTotal:        1844596 kB
MemFree:          197644 kB
MemAvailable:    1478580 kB
Buffers:           99892 kB
Cached:          1201744 kB
MemTotal:        1844596 kB
MemFree:          197884 kB
MemAvailable:    1478820 kB
Buffers:           99892 kB
Cached:          1201744 kB
MemTotal:        1844596 kB
MemFree:          197768 kB
MemAvailable:    1478704 kB
Buffers:           99892 kB
Cached:          1201744 kB
MemTotal:        1844596 kB
MemFree:          198920 kB
MemAvailable:    1479856 kB
Buffers:           99892 kB
Cached:          1201744 kB
MemTotal:        1844596 kB
MemFree:          198764 kB
MemAvailable:    1479700 kB
Buffers:           99892 kB
Cached:          1201744 kB
MemTotal:        1844596 kB
MemFree:          198848 kB
MemAvailable:    1479784 kB
Buffers:           99892 kB
Cached:          1201744 kB
MemTotal:        1844596 kB
MemFree:          198984 kB
MemAvailable:    1479920 kB
Buffers:           99892 kB
Cached:          1201744 kB
MemTotal:        1844596 kB
MemFree:          197676 kB
MemAvailable:    1478612 kB
Buffers:           99892 kB
Cached:          1201744 kB
MemTotal:        1844596 kB
MemFree:          197684 kB
MemAvailable:    1478620 kB
Buffers:           99892 kB
Cached:          1201744 kB
MemTotal:        1844596 kB
MemFree:          197932 kB
MemAvailable:    1478868 kB
Buffers:           99892 kB
Cached:          1201744 kB
MemTotal:        1844596 kB
MemFree:          199296 kB
MemAvailable:    1480232 kB
Buffers:           99892 kB
Cached:          1201744 kB
MemTotal:        1844596 kB
MemFree:          198916 kB
MemAvailable:    1479852 kB
Buffers:           99892 kB
Cached:          1201744 kB
MemTotal:        1844596 kB
MemFree:          199168 kB
MemAvailable:    1480104 kB
Buffers:           99892 kB
Cached:          1201744 kB
MemTotal:        1844596 kB
MemFree:          197656 kB
MemAvailable:    1478592 kB
Buffers:           99892 kB
Cached:          1201744 kB
MemTotal:        1844596 kB
MemFree:          198936 kB
MemAvailable:    1479872 kB
Buffers:           99892 kB
Cached:          1201744 kB
MemTotal:        1844596 kB
MemFree:          199128 kB
MemAvailable:    1480064 kB
Buffers:           99892 kB
Cached:          1201744 kB
MemTotal:        1844596 kB
MemFree:          198848 kB
MemAvailable:    1479784 kB
Buffers:           99892 kB
Cached:          1201744 kB
MemTotal:        1844596 kB
MemFree:          198696 kB
MemAvailable:    1479632 kB
Buffers:           99892 kB
Cached:          1201744 kB
MemTotal:        1844596 kB
MemFree:          198932 kB
MemAvailable:    1479868 kB
Buffers:           99892 kB
Cached:          1201744 kB
MemTotal:        1844596 kB
MemFree:          198208 kB
MemAvailable:    1479144 kB
Buffers:           99892 kB
Cached:          1201744 kB
MemTotal:        1844596 kB
MemFree:          198944 kB
MemAvailable:    1479880 kB
Buffers:           99892 kB
Cached:          1201744 kB
MemTotal:        1844596 kB
MemFree:          197208 kB
MemAvailable:    1478144 kB
Buffers:           99892 kB
Cached:          1201744 kB
MemTotal:        1844596 kB
MemFree:          194728 kB
MemAvailable:    1475664 kB
Buffers:           99892 kB
Cached:          1201744 kB
MemTotal:        1844596 kB
MemFree:          190760 kB
MemAvailable:    1471696 kB
Buffers:           99892 kB
Cached:          1201744 kB
MemTotal:        1844596 kB
MemFree:          188404 kB
MemAvailable:    1469340 kB
Buffers:           99892 kB
Cached:          1201744 kB
MemTotal:        1844596 kB
MemFree:          187164 kB
MemAvailable:    1468100 kB
Buffers:           99892 kB
Cached:          1201744 kB
MemTotal:        1844596 kB
MemFree:          187040 kB
MemAvailable:    1467976 kB
Buffers:           99892 kB
Cached:          1201744 kB
MemTotal:        1844596 kB
MemFree:          188148 kB
MemAvailable:    1469084 kB
Buffers:           99892 kB
Cached:          1201744 kB
MemTotal:        1844596 kB
MemFree:          188128 kB
MemAvailable:    1469064 kB
Buffers:           99892 kB
Cached:          1201744 kB
MemTotal:        1844596 kB
MemFree:          187908 kB
MemAvailable:    1468844 kB
Buffers:           99892 kB
Cached:          1201744 kB
MemTotal:        1844596 kB
MemFree:          188032 kB
MemAvailable:    1468976 kB
Buffers:           99892 kB
Cached:          1201752 kB
MemTotal:        1844596 kB
MemFree:          187000 kB
MemAvailable:    1467944 kB
Buffers:           99892 kB
Cached:          1201752 kB
MemTotal:        1844596 kB
MemFree:          187976 kB
MemAvailable:    1468920 kB
Buffers:           99892 kB
Cached:          1201752 kB
MemTotal:        1844596 kB
MemFree:          188232 kB
MemAvailable:    1469176 kB
Buffers:           99892 kB
Cached:          1201752 kB
MemTotal:        1844596 kB
MemFree:          188144 kB
MemAvailable:    1469088 kB
Buffers:           99892 kB
Cached:          1201752 kB
MemTotal:        1844596 kB
MemFree:          188016 kB
MemAvailable:    1468960 kB
Buffers:           99892 kB
Cached:          1201752 kB
MemTotal:        1844596 kB
MemFree:          188352 kB
MemAvailable:    1469296 kB
Buffers:           99892 kB
Cached:          1201752 kB
MemTotal:        1844596 kB
MemFree:          188100 kB
MemAvailable:    1469044 kB
Buffers:           99892 kB
Cached:          1201752 kB
MemTotal:        1844596 kB
MemFree:          188136 kB
MemAvailable:    1469080 kB
Buffers:           99892 kB
Cached:          1201752 kB
MemTotal:        1844596 kB
MemFree:          188212 kB
MemAvailable:    1469156 kB
Buffers:           99892 kB
Cached:          1201752 kB
MemTotal:        1844596 kB
MemFree:          188192 kB
MemAvailable:    1469136 kB
Buffers:           99892 kB
Cached:          1201752 kB
MemTotal:        1844596 kB
MemFree:          186844 kB
MemAvailable:    1467788 kB
Buffers:           99892 kB
Cached:          1201752 kB
MemTotal:        1844596 kB
MemFree:          187948 kB
MemAvailable:    1468892 kB
Buffers:           99892 kB
Cached:          1201752 kB
MemTotal:        1844596 kB
MemFree:          188288 kB
MemAvailable:    1469232 kB
Buffers:           99892 kB
Cached:          1201752 kB
MemTotal:        1844596 kB
MemFree:          188016 kB
MemAvailable:    1468960 kB
Buffers:           99892 kB
Cached:          1201752 kB
MemTotal:        1844596 kB
MemFree:          188268 kB
MemAvailable:    1469212 kB
Buffers:           99892 kB
Cached:          1201752 kB
MemTotal:        1844596 kB
MemFree:          187960 kB
MemAvailable:    1468904 kB
Buffers:           99892 kB
Cached:          1201752 kB
MemTotal:        1844596 kB
MemFree:          188092 kB
MemAvailable:    1469036 kB
Buffers:           99892 kB
Cached:          1201752 kB
MemTotal:        1844596 kB
MemFree:          188104 kB
MemAvailable:    1469048 kB
Buffers:           99892 kB
Cached:          1201752 kB
MemTotal:        1844596 kB
MemFree:          188040 kB
MemAvailable:    1468984 kB
Buffers:           99892 kB
Cached:          1201752 kB
MemTotal:        1844596 kB
MemFree:          187984 kB
MemAvailable:    1468928 kB
Buffers:           99892 kB
Cached:          1201752 kB
MemTotal:        1844596 kB
MemFree:          187964 kB
MemAvailable:    1468908 kB
Buffers:           99892 kB
Cached:          1201752 kB
MemTotal:        1844596 kB
MemFree:          188216 kB
MemAvailable:    1469160 kB
Buffers:           99892 kB
Cached:          1201752 kB
MemTotal:        1844596 kB
MemFree:          187892 kB
MemAvailable:    1468836 kB
Buffers:           99892 kB
Cached:          1201752 kB
MemTotal:        1844596 kB
MemFree:          188144 kB
MemAvailable:    1469088 kB
Buffers:           99892 kB
Cached:          1201752 kB
MemTotal:        1844596 kB
MemFree:          188156 kB
MemAvailable:    1469100 kB
Buffers:           99892 kB
Cached:          1201752 kB
MemTotal:        1844596 kB
MemFree:          188148 kB
MemAvailable:    1469092 kB
Buffers:           99892 kB
Cached:          1201752 kB
MemTotal:        1844596 kB
MemFree:          188232 kB
MemAvailable:    1469176 kB
Buffers:           99892 kB
Cached:          1201752 kB
MemTotal:        1844596 kB
MemFree:          187844 kB
MemAvailable:    1468788 kB
Buffers:           99892 kB
Cached:          1201752 kB
MemTotal:        1844596 kB
MemFree:          188180 kB
MemAvailable:    1469124 kB
Buffers:           99892 kB
Cached:          1201752 kB
MemTotal:        1844596 kB
MemFree:          187972 kB
MemAvailable:    1468916 kB
Buffers:           99892 kB
Cached:          1201752 kB
MemTotal:        1844596 kB
MemFree:          187916 kB
MemAvailable:    1468860 kB
Buffers:           99892 kB
Cached:          1201752 kB
MemTotal:        1844596 kB
MemFree:          187984 kB
MemAvailable:    1468928 kB
Buffers:           99892 kB
Cached:          1201752 kB
MemTotal:        1844596 kB
MemFree:          188040 kB
MemAvailable:    1468984 kB
Buffers:           99892 kB
Cached:          1201752 kB
MemTotal:        1844596 kB
MemFree:          188076 kB
MemAvailable:    1469020 kB
Buffers:           99892 kB
Cached:          1201752 kB
MemTotal:        1844596 kB
MemFree:          186644 kB
MemAvailable:    1467588 kB
Buffers:           99892 kB
Cached:          1201752 kB
MemTotal:        1844596 kB
MemFree:          188028 kB
MemAvailable:    1468972 kB
Buffers:           99892 kB
Cached:          1201752 kB
MemTotal:        1844596 kB
MemFree:          187452 kB
MemAvailable:    1468396 kB
Buffers:           99892 kB
Cached:          1201752 kB
MemTotal:        1844596 kB
MemFree:          186456 kB
MemAvailable:    1467400 kB
Buffers:           99892 kB
Cached:          1201752 kB
MemTotal:        1844596 kB
MemFree:          187908 kB
MemAvailable:    1468852 kB
Buffers:           99892 kB
Cached:          1201752 kB
MemTotal:        1844596 kB
MemFree:          186792 kB
MemAvailable:    1467736 kB
Buffers:           99892 kB
Cached:          1201752 kB
MemTotal:        1844596 kB
MemFree:          187776 kB
MemAvailable:    1468720 kB
Buffers:           99892 kB
Cached:          1201752 kB
MemTotal:        1844596 kB
MemFree:          186544 kB
MemAvailable:    1467488 kB
Buffers:           99892 kB
Cached:          1201752 kB
MemTotal:        1844596 kB
MemFree:          187268 kB
MemAvailable:    1468212 kB
Buffers:           99892 kB
Cached:          1201752 kB
MemTotal:        1844596 kB
MemFree:          187268 kB
MemAvailable:    1468212 kB
Buffers:           99892 kB
Cached:          1201752 kB
MemTotal:        1844596 kB
MemFree:          186992 kB
MemAvailable:    1467936 kB
Buffers:           99892 kB
Cached:          1201752 kB
MemTotal:        1844596 kB
MemFree:          185744 kB
MemAvailable:    1466688 kB
Buffers:           99892 kB
Cached:          1201752 kB
MemTotal:        1844596 kB
MemFree:          185744 kB
MemAvailable:    1466688 kB
Buffers:           99892 kB
Cached:          1201752 kB
MemTotal:        1844596 kB
MemFree:          187064 kB
MemAvailable:    1468008 kB
Buffers:           99892 kB
Cached:          1201752 kB
MemTotal:        1844596 kB
MemFree:          186048 kB
MemAvailable:    1466992 kB
Buffers:           99892 kB
Cached:          1201752 kB
MemTotal:        1844596 kB
MemFree:          186704 kB
MemAvailable:    1467648 kB
Buffers:           99892 kB
Cached:          1201752 kB
MemTotal:        1844596 kB
MemFree:          187040 kB
MemAvailable:    1467984 kB
Buffers:           99892 kB
Cached:          1201752 kB
MemTotal:        1844596 kB
MemFree:          185504 kB
MemAvailable:    1466448 kB
Buffers:           99892 kB
Cached:          1201752 kB
MemTotal:        1844596 kB
MemFree:          186604 kB
MemAvailable:    1467548 kB
Buffers:           99892 kB
Cached:          1201752 kB
MemTotal:        1844596 kB
MemFree:          186856 kB
MemAvailable:    1467800 kB
Buffers:           99892 kB
Cached:          1201752 kB
MemTotal:        1844596 kB
MemFree:          185496 kB
MemAvailable:    1466440 kB
Buffers:           99892 kB
Cached:          1201752 kB
MemTotal:        1844596 kB
MemFree:          185496 kB
MemAvailable:    1466440 kB
Buffers:           99892 kB
Cached:          1201752 kB
MemTotal:        1844596 kB
MemFree:          185488 kB
MemAvailable:    1466432 kB
Buffers:           99892 kB
Cached:          1201752 kB
MemTotal:        1844596 kB
MemFree:          185240 kB
MemAvailable:    1466184 kB
Buffers:           99892 kB
Cached:          1201752 kB
MemTotal:        1844596 kB
MemFree:          186480 kB
MemAvailable:    1467424 kB
Buffers:           99892 kB
Cached:          1201752 kB
MemTotal:        1844596 kB
MemFree:          186384 kB
MemAvailable:    1467328 kB
Buffers:           99892 kB
Cached:          1201752 kB
MemTotal:        1844596 kB
MemFree:          186640 kB
MemAvailable:    1467584 kB
Buffers:           99892 kB
Cached:          1201752 kB
MemTotal:        1844596 kB
MemFree:          185352 kB
MemAvailable:    1466296 kB
Buffers:           99892 kB
Cached:          1201752 kB
MemTotal:        1844596 kB
MemFree:          185048 kB
MemAvailable:    1465992 kB
Buffers:           99892 kB
Cached:          1201752 kB
MemTotal:        1844596 kB
MemFree:          185000 kB
MemAvailable:    1465944 kB
Buffers:           99892 kB
Cached:          1201752 kB
MemTotal:        1844596 kB
MemFree:          185124 kB
MemAvailable:    1466068 kB
Buffers:           99892 kB
Cached:          1201752 kB
MemTotal:        1844596 kB
MemFree:          184992 kB
MemAvailable:    1465936 kB
Buffers:           99892 kB
Cached:          1201752 kB
MemTotal:        1844596 kB
MemFree:          183816 kB
MemAvailable:    1464760 kB
Buffers:           99892 kB
Cached:          1201752 kB
MemTotal:        1844596 kB
MemFree:          180096 kB
MemAvailable:    1461040 kB
Buffers:           99892 kB
Cached:          1201752 kB
MemTotal:        1844596 kB
MemFree:          177056 kB
MemAvailable:    1458000 kB
Buffers:           99892 kB
Cached:          1201752 kB
MemTotal:        1844596 kB
MemFree:          175376 kB
MemAvailable:    1456320 kB
Buffers:           99892 kB
Cached:          1201752 kB
MemTotal:        1844596 kB
MemFree:          175460 kB
MemAvailable:    1456404 kB
Buffers:           99892 kB
Cached:          1201752 kB
MemTotal:        1844596 kB
MemFree:          174020 kB
MemAvailable:    1454964 kB
Buffers:           99892 kB
Cached:          1201752 kB
MemTotal:        1844596 kB
MemFree:          173888 kB
MemAvailable:    1454840 kB
Buffers:           99892 kB
Cached:          1201760 kB
MemTotal:        1844596 kB
MemFree:          174764 kB
MemAvailable:    1455716 kB
Buffers:           99892 kB
Cached:          1201760 kB
MemTotal:        1844596 kB
MemFree:          174452 kB
MemAvailable:    1455404 kB
Buffers:           99892 kB
Cached:          1201760 kB
MemTotal:        1844596 kB
MemFree:          173392 kB
MemAvailable:    1454344 kB
Buffers:           99892 kB
Cached:          1201760 kB
MemTotal:        1844596 kB
MemFree:          172160 kB
MemAvailable:    1453112 kB
Buffers:           99892 kB
Cached:          1201760 kB
MemTotal:        1844596 kB
MemFree:          171664 kB
MemAvailable:    1452616 kB
Buffers:           99892 kB
Cached:          1201760 kB
MemTotal:        1844596 kB
MemFree:          172036 kB
MemAvailable:    1452988 kB
Buffers:           99892 kB
Cached:          1201760 kB
MemTotal:        1844596 kB
MemFree:          171236 kB
MemAvailable:    1452188 kB
Buffers:           99892 kB
Cached:          1201760 kB
MemTotal:        1844596 kB
MemFree:          171292 kB
MemAvailable:    1452244 kB
Buffers:           99892 kB
Cached:          1201760 kB
MemTotal:        1844596 kB
MemFree:          171332 kB
MemAvailable:    1452284 kB
Buffers:           99892 kB
Cached:          1201760 kB
MemTotal:        1844596 kB
MemFree:          171292 kB
MemAvailable:    1452244 kB
Buffers:           99892 kB
Cached:          1201760 kB
MemTotal:        1844596 kB
MemFree:          170920 kB
MemAvailable:    1451872 kB
Buffers:           99892 kB
Cached:          1201760 kB
MemTotal:        1844596 kB
MemFree:          170000 kB
MemAvailable:    1450952 kB
Buffers:           99892 kB
Cached:          1201760 kB
MemTotal:        1844596 kB
MemFree:          170248 kB
MemAvailable:    1451200 kB
Buffers:           99892 kB
Cached:          1201760 kB
MemTotal:        1844596 kB
MemFree:          171364 kB
MemAvailable:    1452316 kB
Buffers:           99892 kB
Cached:          1201760 kB
MemTotal:        1844596 kB
MemFree:          170124 kB
MemAvailable:    1451076 kB
Buffers:           99892 kB
Cached:          1201760 kB
MemTotal:        1844596 kB
MemFree:          170004 kB
MemAvailable:    1450956 kB
Buffers:           99892 kB
Cached:          1201760 kB
MemTotal:        1844596 kB
MemFree:          169912 kB
MemAvailable:    1450864 kB
Buffers:           99892 kB
Cached:          1201760 kB
MemTotal:        1844596 kB
MemFree:          171292 kB
MemAvailable:    1452244 kB
Buffers:           99892 kB
Cached:          1201760 kB
MemTotal:        1844596 kB
MemFree:          171228 kB
MemAvailable:    1452180 kB
Buffers:           99892 kB
Cached:          1201760 kB
MemTotal:        1844596 kB
MemFree:          170052 kB
MemAvailable:    1451004 kB
Buffers:           99892 kB
Cached:          1201760 kB
MemTotal:        1844596 kB
MemFree:          170608 kB
MemAvailable:    1451560 kB
Buffers:           99892 kB
Cached:          1201760 kB
MemTotal:        1844596 kB
MemFree:          170300 kB
MemAvailable:    1451252 kB
Buffers:           99892 kB
Cached:          1201760 kB
MemTotal:        1844596 kB
MemFree:          170236 kB
MemAvailable:    1451188 kB
Buffers:           99892 kB
Cached:          1201760 kB
MemTotal:        1844596 kB
MemFree:          169392 kB
MemAvailable:    1450344 kB
Buffers:           99892 kB
Cached:          1201760 kB
MemTotal:        1844596 kB
MemFree:          168324 kB
MemAvailable:    1449276 kB
Buffers:           99892 kB
Cached:          1201760 kB
MemTotal:        1844596 kB
MemFree:          169168 kB
MemAvailable:    1450120 kB
Buffers:           99892 kB
Cached:          1201760 kB
MemTotal:        1844596 kB
MemFree:          169420 kB
MemAvailable:    1450372 kB
Buffers:           99892 kB
Cached:          1201760 kB
MemTotal:        1844596 kB
MemFree:          167572 kB
MemAvailable:    1448524 kB
Buffers:           99892 kB
Cached:          1201760 kB
MemTotal:        1844596 kB
MemFree:          168300 kB
MemAvailable:    1449252 kB
Buffers:           99892 kB
Cached:          1201760 kB
MemTotal:        1844596 kB
MemFree:          168136 kB
MemAvailable:    1449088 kB
Buffers:           99892 kB
Cached:          1201760 kB
MemTotal:        1844596 kB
MemFree:          167980 kB
MemAvailable:    1448932 kB
Buffers:           99892 kB
Cached:          1201760 kB
MemTotal:        1844596 kB
MemFree:          166920 kB
MemAvailable:    1447872 kB
Buffers:           99892 kB
Cached:          1201760 kB
MemTotal:        1844596 kB
MemFree:          166672 kB
MemAvailable:    1447624 kB
Buffers:           99892 kB
Cached:          1201760 kB
MemTotal:        1844596 kB
MemFree:          166332 kB
MemAvailable:    1447284 kB
Buffers:           99892 kB
Cached:          1201760 kB
MemTotal:        1844596 kB
MemFree:          167048 kB
MemAvailable:    1448000 kB
Buffers:           99892 kB
Cached:          1201760 kB
MemTotal:        1844596 kB
MemFree:          167300 kB
MemAvailable:    1448252 kB
Buffers:           99892 kB
Cached:          1201760 kB
MemTotal:        1844596 kB
MemFree:          166884 kB
MemAvailable:    1447836 kB
Buffers:           99892 kB
Cached:          1201760 kB
MemTotal:        1844596 kB
MemFree:          167316 kB
MemAvailable:    1448268 kB
Buffers:           99892 kB
Cached:          1201760 kB
MemTotal:        1844596 kB
MemFree:          165932 kB
MemAvailable:    1446884 kB
Buffers:           99892 kB
Cached:          1201760 kB
MemTotal:        1844596 kB
MemFree:          167172 kB
MemAvailable:    1448124 kB
Buffers:           99892 kB
Cached:          1201760 kB
MemTotal:        1844596 kB
MemFree:          166332 kB
MemAvailable:    1447284 kB
Buffers:           99892 kB
Cached:          1201760 kB
MemTotal:        1844596 kB
MemFree:          167696 kB
MemAvailable:    1448652 kB
Buffers:           99892 kB
Cached:          1201764 kB
MemTotal:        1844596 kB
MemFree:          166340 kB
MemAvailable:    1447296 kB
Buffers:           99892 kB
Cached:          1201764 kB
MemTotal:        1844596 kB
MemFree:          167184 kB
MemAvailable:    1448140 kB
Buffers:           99892 kB
Cached:          1201764 kB
MemTotal:        1844596 kB
MemFree:          167020 kB
MemAvailable:    1447976 kB
Buffers:           99892 kB
Cached:          1201764 kB
MemTotal:        1844596 kB
MemFree:          167112 kB
MemAvailable:    1448068 kB
Buffers:           99892 kB
Cached:          1201764 kB
MemTotal:        1844596 kB
MemFree:          166940 kB
MemAvailable:    1447896 kB
Buffers:           99892 kB
Cached:          1201764 kB
MemTotal:        1844596 kB
MemFree:          166868 kB
MemAvailable:    1447824 kB
Buffers:           99892 kB
Cached:          1201764 kB
MemTotal:        1844596 kB
MemFree:          166868 kB
MemAvailable:    1447824 kB
Buffers:           99892 kB
Cached:          1201764 kB
MemTotal:        1844596 kB
MemFree:          165664 kB
MemAvailable:    1446620 kB
Buffers:           99892 kB
Cached:          1201764 kB
MemTotal:        1844596 kB
MemFree:          167064 kB
MemAvailable:    1448020 kB
Buffers:           99892 kB
Cached:          1201764 kB
MemTotal:        1844596 kB
MemFree:          166816 kB
MemAvailable:    1447772 kB
Buffers:           99892 kB
Cached:          1201764 kB
MemTotal:        1844596 kB
MemFree:          166672 kB
MemAvailable:    1447628 kB
Buffers:           99892 kB
Cached:          1201764 kB
MemTotal:        1844596 kB
MemFree:          166840 kB
MemAvailable:    1447796 kB
Buffers:           99892 kB
Cached:          1201764 kB
MemTotal:        1844596 kB
MemFree:          166856 kB
MemAvailable:    1447812 kB
Buffers:           99892 kB
Cached:          1201764 kB
MemTotal:        1844596 kB
MemFree:          166888 kB
MemAvailable:    1447844 kB
Buffers:           99892 kB
Cached:          1201764 kB
MemTotal:        1844596 kB
MemFree:          165664 kB
MemAvailable:    1446620 kB
Buffers:           99892 kB
Cached:          1201764 kB
MemTotal:        1844596 kB
MemFree:          165912 kB
MemAvailable:    1446868 kB
Buffers:           99892 kB
Cached:          1201764 kB
MemTotal:        1844596 kB
MemFree:          167012 kB
MemAvailable:    1447968 kB
Buffers:           99892 kB
Cached:          1201764 kB
MemTotal:        1844596 kB
MemFree:          165788 kB
MemAvailable:    1446744 kB
Buffers:           99892 kB
Cached:          1201764 kB
MemTotal:        1844596 kB
MemFree:          165572 kB
MemAvailable:    1446528 kB
Buffers:           99892 kB
Cached:          1201764 kB
MemTotal:        1844596 kB
MemFree:          165656 kB
MemAvailable:    1446612 kB
Buffers:           99892 kB
Cached:          1201764 kB
MemTotal:        1844596 kB
MemFree:          164348 kB
MemAvailable:    1445304 kB
Buffers:           99892 kB
Cached:          1201764 kB
MemTotal:        1844596 kB
MemFree:          165816 kB
MemAvailable:    1446772 kB
Buffers:           99892 kB
Cached:          1201764 kB
MemTotal:        1844596 kB
MemFree:          164108 kB
MemAvailable:    1445064 kB
Buffers:           99892 kB
Cached:          1201764 kB
MemTotal:        1844596 kB
MemFree:          162720 kB
MemAvailable:    1443684 kB
Buffers:           99892 kB
Cached:          1201772 kB
MemTotal:        1844596 kB
MemFree:          162720 kB
MemAvailable:    1443684 kB
Buffers:           99892 kB
Cached:          1201772 kB
MemTotal:        1844596 kB
MemFree:          159564 kB
MemAvailable:    1440528 kB
Buffers:           99892 kB
Cached:          1201772 kB
MemTotal:        1844596 kB
MemFree:          157464 kB
MemAvailable:    1438428 kB
Buffers:           99892 kB
Cached:          1201772 kB
MemTotal:        1844596 kB
MemFree:          154428 kB
MemAvailable:    1435392 kB
Buffers:           99892 kB
Cached:          1201772 kB
MemTotal:        1844596 kB
MemFree:          149708 kB
MemAvailable:    1430672 kB
Buffers:           99892 kB
Cached:          1201772 kB
MemTotal:        1844596 kB
MemFree:          149600 kB
MemAvailable:    1430564 kB
Buffers:           99892 kB
Cached:          1201772 kB
MemTotal:        1844596 kB
MemFree:          148460 kB
MemAvailable:    1429424 kB
Buffers:           99892 kB
Cached:          1201772 kB
MemTotal:        1844596 kB
MemFree:          148796 kB
MemAvailable:    1429760 kB
Buffers:           99892 kB
Cached:          1201772 kB
MemTotal:        1844596 kB
MemFree:          147228 kB
MemAvailable:    1428192 kB
Buffers:           99892 kB
Cached:          1201772 kB
MemTotal:        1844596 kB
MemFree:          148600 kB
MemAvailable:    1429564 kB
Buffers:           99892 kB
Cached:          1201772 kB
MemTotal:        1844596 kB
MemFree:          147484 kB
MemAvailable:    1428448 kB
Buffers:           99892 kB
Cached:          1201772 kB
MemTotal:        1844596 kB
MemFree:          148280 kB
MemAvailable:    1429244 kB
Buffers:           99892 kB
Cached:          1201772 kB
MemTotal:        1844596 kB
MemFree:          147368 kB
MemAvailable:    1428332 kB
Buffers:           99892 kB
Cached:          1201772 kB
MemTotal:        1844596 kB
MemFree:          147064 kB
MemAvailable:    1428028 kB
Buffers:           99892 kB
Cached:          1201772 kB
MemTotal:        1844596 kB
MemFree:          148352 kB
MemAvailable:    1429316 kB
Buffers:           99892 kB
Cached:          1201772 kB
MemTotal:        1844596 kB
MemFree:          148220 kB
MemAvailable:    1429184 kB
Buffers:           99892 kB
Cached:          1201772 kB
MemTotal:        1844596 kB
MemFree:          148472 kB
MemAvailable:    1429436 kB
Buffers:           99892 kB
Cached:          1201772 kB
MemTotal:        1844596 kB
MemFree:          148180 kB
MemAvailable:    1429144 kB
Buffers:           99892 kB
Cached:          1201772 kB
MemTotal:        1844596 kB
MemFree:          148036 kB
MemAvailable:    1429000 kB
Buffers:           99892 kB
Cached:          1201772 kB
MemTotal:        1844596 kB
MemFree:          147236 kB
MemAvailable:    1428200 kB
Buffers:           99892 kB
Cached:          1201772 kB
MemTotal:        1844596 kB
MemFree:          146560 kB
MemAvailable:    1427524 kB
Buffers:           99892 kB
Cached:          1201772 kB
MemTotal:        1844596 kB
MemFree:          147480 kB
MemAvailable:    1428444 kB
Buffers:           99892 kB
Cached:          1201772 kB
MemTotal:        1844596 kB
MemFree:          146304 kB
MemAvailable:    1427268 kB
Buffers:           99892 kB
Cached:          1201772 kB
MemTotal:        1844596 kB
MemFree:          147412 kB
MemAvailable:    1428376 kB
Buffers:           99892 kB
Cached:          1201772 kB
MemTotal:        1844596 kB
MemFree:          147412 kB
MemAvailable:    1428376 kB
Buffers:           99892 kB
Cached:          1201772 kB
MemTotal:        1844596 kB
MemFree:          147312 kB
MemAvailable:    1428276 kB
Buffers:           99892 kB
Cached:          1201772 kB
MemTotal:        1844596 kB
MemFree:          147304 kB
MemAvailable:    1428268 kB
Buffers:           99892 kB
Cached:          1201772 kB
MemTotal:        1844596 kB
MemFree:          147472 kB
MemAvailable:    1428436 kB
Buffers:           99892 kB
Cached:          1201772 kB
MemTotal:        1844596 kB
MemFree:          146108 kB
MemAvailable:    1427072 kB
Buffers:           99892 kB
Cached:          1201772 kB
MemTotal:        1844596 kB
MemFree:          146108 kB
MemAvailable:    1427072 kB
Buffers:           99892 kB
Cached:          1201772 kB
MemTotal:        1844596 kB
MemFree:          147456 kB
MemAvailable:    1428420 kB
Buffers:           99892 kB
Cached:          1201772 kB
MemTotal:        1844596 kB
MemFree:          147080 kB
MemAvailable:    1428044 kB
Buffers:           99892 kB
Cached:          1201772 kB
MemTotal:        1844596 kB
MemFree:          147196 kB
MemAvailable:    1428160 kB
Buffers:           99892 kB
Cached:          1201772 kB
MemTotal:        1844596 kB
MemFree:          146060 kB
MemAvailable:    1427024 kB
Buffers:           99892 kB
Cached:          1201772 kB
MemTotal:        1844596 kB
MemFree:          145996 kB
MemAvailable:    1426960 kB
Buffers:           99892 kB
Cached:          1201772 kB
MemTotal:        1844596 kB
MemFree:          147264 kB
MemAvailable:    1428228 kB
Buffers:           99892 kB
Cached:          1201772 kB
MemTotal:        1844596 kB
MemFree:          147604 kB
MemAvailable:    1428568 kB
Buffers:           99892 kB
Cached:          1201772 kB
MemTotal:        1844596 kB
MemFree:          147332 kB
MemAvailable:    1428296 kB
Buffers:           99892 kB
Cached:          1201772 kB
MemTotal:        1844596 kB
MemFree:          146120 kB
MemAvailable:    1427084 kB
Buffers:           99892 kB
Cached:          1201772 kB
MemTotal:        1844596 kB
MemFree:          143764 kB
MemAvailable:    1424728 kB
Buffers:           99892 kB
Cached:          1201772 kB
MemTotal:        1844596 kB
MemFree:          141344 kB
MemAvailable:    1422308 kB
Buffers:           99892 kB
Cached:          1201772 kB
MemTotal:        1844596 kB
MemFree:          139236 kB
MemAvailable:    1420200 kB
Buffers:           99892 kB
Cached:          1201772 kB
MemTotal:        1844596 kB
MemFree:          134572 kB
MemAvailable:    1415536 kB
Buffers:           99892 kB
Cached:          1201772 kB
MemTotal:        1844596 kB
MemFree:          134712 kB
MemAvailable:    1415676 kB
Buffers:           99892 kB
Cached:          1201772 kB
MemTotal:        1844596 kB
MemFree:          130928 kB
MemAvailable:    1411892 kB
Buffers:           99892 kB
Cached:          1201772 kB
MemTotal:        1844596 kB
MemFree:          128140 kB
MemAvailable:    1409104 kB
Buffers:           99892 kB
Cached:          1201772 kB
MemTotal:        1844596 kB
MemFree:          128264 kB
MemAvailable:    1409228 kB
Buffers:           99892 kB
Cached:          1201772 kB
MemTotal:        1844596 kB
MemFree:          129116 kB
MemAvailable:    1410080 kB
Buffers:           99892 kB
Cached:          1201772 kB
MemTotal:        1844596 kB
MemFree:          128636 kB
MemAvailable:    1409600 kB
Buffers:           99892 kB
Cached:          1201772 kB
MemTotal:        1844596 kB
MemFree:          128988 kB
MemAvailable:    1409952 kB
Buffers:           99892 kB
Cached:          1201772 kB
MemTotal:        1844596 kB
MemFree:          129244 kB
MemAvailable:    1410208 kB
Buffers:           99892 kB
Cached:          1201772 kB
MemTotal:        1844596 kB
MemFree:          129100 kB
MemAvailable:    1410064 kB
Buffers:           99892 kB
Cached:          1201772 kB
MemTotal:        1844596 kB
MemFree:          129132 kB
MemAvailable:    1410096 kB
Buffers:           99892 kB
Cached:          1201772 kB
MemTotal:        1844596 kB
MemFree:          129136 kB
MemAvailable:    1410100 kB
Buffers:           99892 kB
Cached:          1201772 kB
MemTotal:        1844596 kB
MemFree:          128848 kB
MemAvailable:    1409812 kB
Buffers:           99892 kB
Cached:          1201772 kB
MemTotal:        1844596 kB
MemFree:          129016 kB
MemAvailable:    1409980 kB
Buffers:           99892 kB
Cached:          1201772 kB
MemTotal:        1844596 kB
MemFree:          128980 kB
MemAvailable:    1409944 kB
Buffers:           99892 kB
Cached:          1201772 kB
MemTotal:        1844596 kB
MemFree:          129316 kB
MemAvailable:    1410280 kB
Buffers:           99892 kB
Cached:          1201772 kB
MemTotal:        1844596 kB
MemFree:          129000 kB
MemAvailable:    1409964 kB
Buffers:           99892 kB
Cached:          1201772 kB
MemTotal:        1844596 kB
MemFree:          129000 kB
MemAvailable:    1409964 kB
Buffers:           99892 kB
Cached:          1201772 kB
MemTotal:        1844596 kB
MemFree:          129020 kB
MemAvailable:    1409984 kB
Buffers:           99892 kB
Cached:          1201772 kB
MemTotal:        1844596 kB
MemFree:          128940 kB
MemAvailable:    1409904 kB
Buffers:           99892 kB
Cached:          1201772 kB
MemTotal:        1844596 kB
MemFree:          128940 kB
MemAvailable:    1409904 kB
Buffers:           99892 kB
Cached:          1201772 kB
MemTotal:        1844596 kB
MemFree:          129120 kB
MemAvailable:    1410084 kB
Buffers:           99892 kB
Cached:          1201772 kB
MemTotal:        1844596 kB
MemFree:          129132 kB
MemAvailable:    1410096 kB
Buffers:           99892 kB
Cached:          1201772 kB
MemTotal:        1844596 kB
MemFree:          129060 kB
MemAvailable:    1410024 kB
Buffers:           99892 kB
Cached:          1201772 kB
MemTotal:        1844596 kB
MemFree:          129140 kB
MemAvailable:    1410104 kB
Buffers:           99892 kB
Cached:          1201772 kB
MemTotal:        1844596 kB
MemFree:          127844 kB
MemAvailable:    1408808 kB
Buffers:           99892 kB
Cached:          1201772 kB
MemTotal:        1844596 kB
MemFree:          128952 kB
MemAvailable:    1409916 kB
Buffers:           99892 kB
Cached:          1201772 kB
MemTotal:        1844596 kB
MemFree:          127892 kB
MemAvailable:    1408856 kB
Buffers:           99892 kB
Cached:          1201772 kB
MemTotal:        1844596 kB
MemFree:          128996 kB
MemAvailable:    1409960 kB
Buffers:           99892 kB
Cached:          1201772 kB
MemTotal:        1844596 kB
MemFree:          127636 kB
MemAvailable:    1408600 kB
Buffers:           99892 kB
Cached:          1201772 kB
MemTotal:        1844596 kB
MemFree:          127852 kB
MemAvailable:    1408816 kB
Buffers:           99892 kB
Cached:          1201772 kB
MemTotal:        1844596 kB
MemFree:          129332 kB
MemAvailable:    1410296 kB
Buffers:           99892 kB
Cached:          1201772 kB
MemTotal:        1844596 kB
MemFree:          128396 kB
MemAvailable:    1409360 kB
Buffers:           99892 kB
Cached:          1201772 kB
MemTotal:        1844596 kB
MemFree:          128960 kB
MemAvailable:    1409928 kB
Buffers:           99892 kB
Cached:          1201776 kB
MemTotal:        1844596 kB
MemFree:          129296 kB
MemAvailable:    1410264 kB
Buffers:           99892 kB
Cached:          1201776 kB
MemTotal:        1844596 kB
MemFree:          129132 kB
MemAvailable:    1410100 kB
Buffers:           99892 kB
Cached:          1201776 kB
MemTotal:        1844596 kB
MemFree:          128396 kB
MemAvailable:    1409364 kB
Buffers:           99892 kB
Cached:          1201776 kB
MemTotal:        1844596 kB
MemFree:          127720 kB
MemAvailable:    1408688 kB
Buffers:           99892 kB
Cached:          1201776 kB
MemTotal:        1844596 kB
MemFree:          129020 kB
MemAvailable:    1409988 kB
Buffers:           99892 kB
Cached:          1201776 kB
MemTotal:        1844596 kB
MemFree:          127156 kB
MemAvailable:    1408124 kB
Buffers:           99892 kB
Cached:          1201776 kB
MemTotal:        1844596 kB
MemFree:          122056 kB
MemAvailable:    1403024 kB
Buffers:           99892 kB
Cached:          1201776 kB
MemTotal:        1844596 kB
MemFree:          121948 kB
MemAvailable:    1402916 kB
Buffers:           99892 kB
Cached:          1201776 kB
MemTotal:        1844596 kB
MemFree:          115120 kB
MemAvailable:    1396092 kB
Buffers:           99892 kB
Cached:          1201780 kB
MemTotal:        1844596 kB
MemFree:          111524 kB
MemAvailable:    1392496 kB
Buffers:           99892 kB
Cached:          1201780 kB
MemTotal:        1844596 kB
MemFree:          111724 kB
MemAvailable:    1392700 kB
Buffers:           99892 kB
Cached:          1201784 kB
MemTotal:        1844596 kB
MemFree:          111892 kB
MemAvailable:    1392868 kB
Buffers:           99892 kB
Cached:          1201784 kB
MemTotal:        1844596 kB
MemFree:          111568 kB
MemAvailable:    1392544 kB
Buffers:           99892 kB
Cached:          1201784 kB
MemTotal:        1844596 kB
MemFree:          110036 kB
MemAvailable:    1391012 kB
Buffers:           99892 kB
Cached:          1201784 kB
MemTotal:        1844596 kB
MemFree:          110832 kB
MemAvailable:    1391808 kB
Buffers:           99892 kB
Cached:          1201784 kB
MemTotal:        1844596 kB
MemFree:          110500 kB
MemAvailable:    1391476 kB
Buffers:           99892 kB
Cached:          1201784 kB
MemTotal:        1844596 kB
MemFree:          110584 kB
MemAvailable:    1391560 kB
Buffers:           99892 kB
Cached:          1201784 kB
MemTotal:        1844596 kB
MemFree:          110880 kB
MemAvailable:    1391856 kB
Buffers:           99892 kB
Cached:          1201784 kB
MemTotal:        1844596 kB
MemFree:          110500 kB
MemAvailable:    1391476 kB
Buffers:           99892 kB
Cached:          1201784 kB
MemTotal:        1844596 kB
MemFree:          109160 kB
MemAvailable:    1390136 kB
Buffers:           99892 kB
Cached:          1201784 kB
MemTotal:        1844596 kB
MemFree:          109292 kB
MemAvailable:    1390268 kB
Buffers:           99892 kB
Cached:          1201784 kB
MemTotal:        1844596 kB
MemFree:          109168 kB
MemAvailable:    1390144 kB
Buffers:           99892 kB
Cached:          1201784 kB
MemTotal:        1844596 kB
MemFree:          109044 kB
MemAvailable:    1390020 kB
Buffers:           99892 kB
Cached:          1201784 kB
MemTotal:        1844596 kB
MemFree:          108672 kB
MemAvailable:    1389648 kB
Buffers:           99892 kB
Cached:          1201784 kB
MemTotal:        1844596 kB
MemFree:          109416 kB
MemAvailable:    1390392 kB
Buffers:           99892 kB
Cached:          1201784 kB
MemTotal:        1844596 kB
MemFree:          108308 kB
MemAvailable:    1389284 kB
Buffers:           99892 kB
Cached:          1201784 kB
MemTotal:        1844596 kB
MemFree:          108284 kB
MemAvailable:    1389260 kB
Buffers:           99892 kB
Cached:          1201784 kB
MemTotal:        1844596 kB
MemFree:          108412 kB
MemAvailable:    1389388 kB
Buffers:           99892 kB
Cached:          1201784 kB
MemTotal:        1844596 kB
MemFree:          107860 kB
MemAvailable:    1388836 kB
Buffers:           99892 kB
Cached:          1201784 kB
MemTotal:        1844596 kB
MemFree:          107804 kB
MemAvailable:    1388780 kB
Buffers:           99892 kB
Cached:          1201784 kB
MemTotal:        1844596 kB
MemFree:          106300 kB
MemAvailable:    1387276 kB
Buffers:           99892 kB
Cached:          1201784 kB
MemTotal:        1844596 kB
MemFree:          106192 kB
MemAvailable:    1387168 kB
Buffers:           99892 kB
Cached:          1201784 kB
MemTotal:        1844596 kB
MemFree:          105572 kB
MemAvailable:    1386548 kB
Buffers:           99892 kB
Cached:          1201784 kB
MemTotal:        1844596 kB
MemFree:          104764 kB
MemAvailable:    1385740 kB
Buffers:           99892 kB
Cached:          1201784 kB
MemTotal:        1844596 kB
MemFree:          103464 kB
MemAvailable:    1384440 kB
Buffers:           99892 kB
Cached:          1201784 kB
MemTotal:        1844596 kB
MemFree:          104304 kB
MemAvailable:    1385280 kB
Buffers:           99892 kB
Cached:          1201784 kB
MemTotal:        1844596 kB
MemFree:          104640 kB
MemAvailable:    1385616 kB
Buffers:           99892 kB
Cached:          1201784 kB
MemTotal:        1844596 kB
MemFree:          103324 kB
MemAvailable:    1384300 kB
Buffers:           99892 kB
Cached:          1201784 kB
MemTotal:        1844596 kB
MemFree:          104516 kB
MemAvailable:    1385492 kB
Buffers:           99892 kB
Cached:          1201784 kB
MemTotal:        1844596 kB
MemFree:          104440 kB
MemAvailable:    1385416 kB
Buffers:           99892 kB
Cached:          1201784 kB
MemTotal:        1844596 kB
MemFree:          104692 kB
MemAvailable:    1385668 kB
Buffers:           99892 kB
Cached:          1201784 kB
MemTotal:        1844596 kB
MemFree:          103208 kB
MemAvailable:    1384184 kB
Buffers:           99892 kB
Cached:          1201784 kB
MemTotal:        1844596 kB
MemFree:          103208 kB
MemAvailable:    1384184 kB
Buffers:           99892 kB
Cached:          1201784 kB
MemTotal:        1844596 kB
MemFree:          102920 kB
MemAvailable:    1383896 kB
Buffers:           99892 kB
Cached:          1201784 kB
MemTotal:        1844596 kB
MemFree:          103060 kB
MemAvailable:    1384036 kB
Buffers:           99892 kB
Cached:          1201784 kB
MemTotal:        1844596 kB
MemFree:          102224 kB
MemAvailable:    1383200 kB
Buffers:           99892 kB
Cached:          1201784 kB
MemTotal:        1844596 kB
MemFree:          103384 kB
MemAvailable:    1384364 kB
Buffers:           99892 kB
Cached:          1201788 kB
MemTotal:        1844596 kB
MemFree:          102952 kB
MemAvailable:    1383932 kB
Buffers:           99892 kB
Cached:          1201788 kB
MemTotal:        1844596 kB
MemFree:          102604 kB
MemAvailable:    1383584 kB
Buffers:           99892 kB
Cached:          1201788 kB
MemTotal:        1844596 kB
MemFree:          101596 kB
MemAvailable:    1382576 kB
Buffers:           99892 kB
Cached:          1201788 kB
MemTotal:        1844596 kB
MemFree:          101804 kB
MemAvailable:    1382784 kB
Buffers:           99892 kB
Cached:          1201788 kB
MemTotal:        1844596 kB
MemFree:          102776 kB
MemAvailable:    1383756 kB
Buffers:           99892 kB
Cached:          1201788 kB
MemTotal:        1844596 kB
MemFree:          102776 kB
MemAvailable:    1383756 kB
Buffers:           99892 kB
Cached:          1201788 kB
MemTotal:        1844596 kB
MemFree:          102956 kB
MemAvailable:    1383936 kB
Buffers:           99892 kB
Cached:          1201788 kB
MemTotal:        1844596 kB
MemFree:          102844 kB
MemAvailable:    1383824 kB
Buffers:           99892 kB
Cached:          1201788 kB
MemTotal:        1844596 kB
MemFree:          101536 kB
MemAvailable:    1382516 kB
Buffers:           99892 kB
Cached:          1201788 kB
MemTotal:        1844596 kB
MemFree:          102880 kB
MemAvailable:    1383860 kB
Buffers:           99892 kB
Cached:          1201788 kB
MemTotal:        1844596 kB
MemFree:          102800 kB
MemAvailable:    1383780 kB
Buffers:           99892 kB
Cached:          1201788 kB
MemTotal:        1844596 kB
MemFree:          102596 kB
MemAvailable:    1383576 kB
Buffers:           99892 kB
Cached:          1201788 kB
MemTotal:        1844596 kB
MemFree:          102956 kB
MemAvailable:    1383936 kB
Buffers:           99892 kB
Cached:          1201788 kB
MemTotal:        1844596 kB
MemFree:          102844 kB
MemAvailable:    1383824 kB
Buffers:           99892 kB
Cached:          1201788 kB
MemTotal:        1844596 kB
MemFree:          101412 kB
MemAvailable:    1382392 kB
Buffers:           99892 kB
Cached:          1201788 kB
MemTotal:        1844596 kB
MemFree:          102764 kB
MemAvailable:    1383744 kB
Buffers:           99892 kB
Cached:          1201788 kB
MemTotal:        1844596 kB
MemFree:          102764 kB
MemAvailable:    1383744 kB
Buffers:           99892 kB
Cached:          1201788 kB
MemTotal:        1844596 kB
MemFree:          102904 kB
MemAvailable:    1383884 kB
Buffers:           99892 kB
Cached:          1201788 kB
MemTotal:        1844596 kB
MemFree:          102788 kB
MemAvailable:    1383768 kB
Buffers:           99892 kB
Cached:          1201788 kB
MemTotal:        1844596 kB
MemFree:          103040 kB
MemAvailable:    1384020 kB
Buffers:           99892 kB
Cached:          1201788 kB
MemTotal:        1844596 kB
MemFree:          102652 kB
MemAvailable:    1383632 kB
Buffers:           99892 kB
Cached:          1201788 kB
MemTotal:        1844596 kB
MemFree:          101456 kB
MemAvailable:    1382436 kB
Buffers:           99892 kB
Cached:          1201788 kB
MemTotal:        1844596 kB
MemFree:          101580 kB
MemAvailable:    1382560 kB
Buffers:           99892 kB
Cached:          1201788 kB
MemTotal:        1844596 kB
MemFree:          102704 kB
MemAvailable:    1383684 kB
Buffers:           99892 kB
Cached:          1201788 kB
MemTotal:        1844596 kB
MemFree:          102596 kB
MemAvailable:    1383576 kB
Buffers:           99892 kB
Cached:          1201788 kB
MemTotal:        1844596 kB
MemFree:          102884 kB
MemAvailable:    1383864 kB
Buffers:           99892 kB
Cached:          1201788 kB
MemTotal:        1844596 kB
MemFree:          102844 kB
MemAvailable:    1383824 kB
Buffers:           99892 kB
Cached:          1201788 kB
MemTotal:        1844596 kB
MemFree:          101524 kB
MemAvailable:    1382504 kB
Buffers:           99892 kB
Cached:          1201788 kB
MemTotal:        1844596 kB
MemFree:          102100 kB
MemAvailable:    1383080 kB
Buffers:           99892 kB
Cached:          1201788 kB
MemTotal:        1844596 kB
MemFree:          103216 kB
MemAvailable:    1384200 kB
Buffers:           99892 kB
Cached:          1201792 kB
MemTotal:        1844596 kB
MemFree:          103020 kB
MemAvailable:    1384004 kB
Buffers:           99892 kB
Cached:          1201792 kB
MemTotal:        1844596 kB
MemFree:          103072 kB
MemAvailable:    1384056 kB
Buffers:           99892 kB
Cached:          1201792 kB
MemTotal:        1844596 kB
MemFree:          102968 kB
MemAvailable:    1383952 kB
Buffers:           99892 kB
Cached:          1201792 kB
MemTotal:        1844596 kB
MemFree:          101976 kB
MemAvailable:    1382960 kB
Buffers:           99892 kB
Cached:          1201792 kB
MemTotal:        1844596 kB
MemFree:          102960 kB
MemAvailable:    1383944 kB
Buffers:           99892 kB
Cached:          1201792 kB
MemTotal:        1844596 kB
MemFree:          103216 kB
MemAvailable:    1384200 kB
Buffers:           99892 kB
Cached:          1201792 kB
MemTotal:        1844596 kB
MemFree:          102960 kB
MemAvailable:    1383944 kB
Buffers:           99892 kB
Cached:          1201792 kB
MemTotal:        1844596 kB
MemFree:          101512 kB
MemAvailable:    1382496 kB
Buffers:           99892 kB
Cached:          1201792 kB
MemTotal:        1844596 kB
MemFree:          101760 kB
MemAvailable:    1382744 kB
Buffers:           99892 kB
Cached:          1201792 kB
MemTotal:        1844596 kB
MemFree:           99776 kB
MemAvailable:    1380760 kB
Buffers:           99892 kB
Cached:          1201792 kB
MemTotal:        1844596 kB
MemFree:           96412 kB
MemAvailable:    1377396 kB
Buffers:           99892 kB
Cached:          1201792 kB
MemTotal:        1844596 kB
MemFree:           96180 kB
MemAvailable:    1377164 kB
Buffers:           99892 kB
Cached:          1201792 kB
MemTotal:        1844596 kB
MemFree:           92832 kB
MemAvailable:    1373816 kB
Buffers:           99892 kB
Cached:          1201792 kB
MemTotal:        1844596 kB
MemFree:           90228 kB
MemAvailable:    1371212 kB
Buffers:           99892 kB
Cached:          1201792 kB
MemTotal:        1844596 kB
MemFree:           85584 kB
MemAvailable:    1366568 kB
Buffers:           99892 kB
Cached:          1201792 kB
MemTotal:        1844596 kB
MemFree:           85464 kB
MemAvailable:    1366448 kB
Buffers:           99892 kB
Cached:          1201792 kB
MemTotal:        1844596 kB
MemFree:           83392 kB
MemAvailable:    1364376 kB
Buffers:           99892 kB
Cached:          1201792 kB
MemTotal:        1844596 kB
MemFree:           83408 kB
MemAvailable:    1364392 kB
Buffers:           99892 kB
Cached:          1201792 kB
MemTotal:        1844596 kB
MemFree:           83520 kB
MemAvailable:    1364504 kB
Buffers:           99892 kB
Cached:          1201792 kB
MemTotal:        1844596 kB
MemFree:           83208 kB
MemAvailable:    1364192 kB
Buffers:           99892 kB
Cached:          1201792 kB
MemTotal:        1844596 kB
MemFree:           83544 kB
MemAvailable:    1364528 kB
Buffers:           99892 kB
Cached:          1201792 kB
MemTotal:        1844596 kB
MemFree:           82144 kB
MemAvailable:    1363128 kB
Buffers:           99892 kB
Cached:          1201792 kB
MemTotal:        1844596 kB
MemFree:           83584 kB
MemAvailable:    1364568 kB
Buffers:           99892 kB
Cached:          1201792 kB
MemTotal:        1844596 kB
MemFree:           83276 kB
MemAvailable:    1364260 kB
Buffers:           99892 kB
Cached:          1201792 kB
MemTotal:        1844596 kB
MemFree:           83532 kB
MemAvailable:    1364516 kB
Buffers:           99892 kB
Cached:          1201792 kB
MemTotal:        1844596 kB
MemFree:           83460 kB
MemAvailable:    1364444 kB
Buffers:           99892 kB
Cached:          1201792 kB
MemTotal:        1844596 kB
MemFree:           83420 kB
MemAvailable:    1364404 kB
Buffers:           99892 kB
Cached:          1201792 kB
MemTotal:        1844596 kB
MemFree:           83444 kB
MemAvailable:    1364428 kB
Buffers:           99892 kB
Cached:          1201792 kB
MemTotal:        1844596 kB
MemFree:           83444 kB
MemAvailable:    1364428 kB
Buffers:           99892 kB
Cached:          1201792 kB
MemTotal:        1844596 kB
MemFree:           83328 kB
MemAvailable:    1364312 kB
Buffers:           99892 kB
Cached:          1201792 kB
MemTotal:        1844596 kB
MemFree:           83204 kB
MemAvailable:    1364188 kB
Buffers:           99892 kB
Cached:          1201792 kB
MemTotal:        1844596 kB
MemFree:           82044 kB
MemAvailable:    1363028 kB
Buffers:           99892 kB
Cached:          1201792 kB
MemTotal:        1844596 kB
MemFree:           83368 kB
MemAvailable:    1364352 kB
Buffers:           99892 kB
Cached:          1201792 kB
MemTotal:        1844596 kB
MemFree:           82044 kB
MemAvailable:    1363028 kB
Buffers:           99892 kB
Cached:          1201792 kB
MemTotal:        1844596 kB
MemFree:           82988 kB
MemAvailable:    1363972 kB
Buffers:           99892 kB
Cached:          1201792 kB
MemTotal:        1844596 kB
MemFree:           83244 kB
MemAvailable:    1364228 kB
Buffers:           99892 kB
Cached:          1201792 kB
MemTotal:        1844596 kB
MemFree:           82980 kB
MemAvailable:    1363964 kB
Buffers:           99892 kB
Cached:          1201792 kB
MemTotal:        1844596 kB
MemFree:           82980 kB
MemAvailable:    1363964 kB
Buffers:           99892 kB
Cached:          1201792 kB
MemTotal:        1844596 kB
MemFree:           81748 kB
MemAvailable:    1362732 kB
Buffers:           99892 kB
Cached:          1201792 kB
MemTotal:        1844596 kB
MemFree:           82848 kB
MemAvailable:    1363832 kB
Buffers:           99892 kB
Cached:          1201792 kB
MemTotal:        1844596 kB
MemFree:           82912 kB
MemAvailable:    1363896 kB
Buffers:           99892 kB
Cached:          1201792 kB
MemTotal:        1844596 kB
MemFree:           80052 kB
MemAvailable:    1361036 kB
Buffers:           99892 kB
Cached:          1201792 kB
MemTotal:        1844596 kB
MemFree:           80136 kB
MemAvailable:    1361120 kB
Buffers:           99892 kB
Cached:          1201792 kB
MemTotal:        1844596 kB
MemFree:           72116 kB
MemAvailable:    1353100 kB
Buffers:           99892 kB
Cached:          1201792 kB
MemTotal:        1844596 kB
MemFree:           73324 kB
MemAvailable:    1354308 kB
Buffers:           99892 kB
Cached:          1201792 kB
MemTotal:        1844596 kB
MemFree:           72256 kB
MemAvailable:    1353240 kB
Buffers:           99892 kB
Cached:          1201792 kB
MemTotal:        1844596 kB
MemFree:           73408 kB
MemAvailable:    1354396 kB
Buffers:           99892 kB
Cached:          1201796 kB
MemTotal:        1844596 kB
MemFree:           73356 kB
MemAvailable:    1354344 kB
Buffers:           99892 kB
Cached:          1201796 kB
MemTotal:        1844596 kB
MemFree:           71868 kB
MemAvailable:    1352856 kB
Buffers:           99892 kB
Cached:          1201796 kB
MemTotal:        1844596 kB
MemFree:           71132 kB
MemAvailable:    1352120 kB
Buffers:           99892 kB
Cached:          1201796 kB
MemTotal:        1844596 kB
MemFree:           71124 kB
MemAvailable:    1352112 kB
Buffers:           99892 kB
Cached:          1201796 kB
MemTotal:        1844596 kB
MemFree:           70960 kB
MemAvailable:    1351948 kB
Buffers:           99892 kB
Cached:          1201796 kB
MemTotal:        1844596 kB
MemFree:           70016 kB
MemAvailable:    1351004 kB
Buffers:           99892 kB
Cached:          1201796 kB
MemTotal:        1844596 kB
MemFree:           70948 kB
MemAvailable:    1351936 kB
Buffers:           99892 kB
Cached:          1201796 kB
MemTotal:        1844596 kB
MemFree:           69644 kB
MemAvailable:    1350716 kB
Buffers:           99892 kB
Cached:          1201920 kB
MemTotal:        1844596 kB
MemFree:           69644 kB
MemAvailable:    1350884 kB
Buffers:           99892 kB
Cached:          1202044 kB
MemTotal:        1844596 kB
MemFree:           70876 kB
MemAvailable:    1352200 kB
Buffers:           99892 kB
Cached:          1202168 kB
MemTotal:        1844596 kB
MemFree:           70512 kB
MemAvailable:    1352004 kB
Buffers:           99892 kB
Cached:          1202292 kB
MemTotal:        1844596 kB
MemFree:           69272 kB
MemAvailable:    1350764 kB
Buffers:           99892 kB
Cached:          1202292 kB
MemTotal:        1844596 kB
MemFree:           70112 kB
MemAvailable:    1351604 kB
Buffers:           99892 kB
Cached:          1202292 kB
MemTotal:        1844596 kB
MemFree:           70196 kB
MemAvailable:    1351688 kB
Buffers:           99892 kB
Cached:          1202292 kB
MemTotal:        1844596 kB
MemFree:           70188 kB
MemAvailable:    1351764 kB
Buffers:           99892 kB
Cached:          1202416 kB
MemTotal:        1844596 kB
MemFree:           70188 kB
MemAvailable:    1351764 kB
Buffers:           99892 kB
Cached:          1202416 kB
MemTotal:        1844596 kB
MemFree:           70304 kB
MemAvailable:    1351880 kB
Buffers:           99892 kB
Cached:          1202416 kB
MemTotal:        1844596 kB
MemFree:           69004 kB
MemAvailable:    1350580 kB
Buffers:           99892 kB
Cached:          1202416 kB
MemTotal:        1844596 kB
MemFree:           70120 kB
MemAvailable:    1351696 kB
Buffers:           99892 kB
Cached:          1202416 kB
MemTotal:        1844596 kB
MemFree:           70112 kB
MemAvailable:    1351856 kB
Buffers:           99892 kB
Cached:          1202540 kB
MemTotal:        1844596 kB
MemFree:           70364 kB
MemAvailable:    1352108 kB
Buffers:           99892 kB
Cached:          1202540 kB
MemTotal:        1844596 kB
MemFree:           69912 kB
MemAvailable:    1350984 kB
Buffers:           99892 kB
Cached:          1201784 kB
MemTotal:        1844596 kB
MemFree:           70084 kB
MemAvailable:    1351156 kB
Buffers:           99892 kB
Cached:          1201784 kB
MemTotal:        1844596 kB
MemFree:          146960 kB
MemAvailable:    1428032 kB
Buffers:           99892 kB
Cached:          1201784 kB
MemTotal:        1844596 kB
MemFree:          265300 kB
MemAvailable:    1546372 kB
Buffers:           99892 kB
Cached:          1201784 kB
