MemTotal:        1844596 kB
MemFree:          793700 kB
MemAvailable:    1546620 kB
Buffers:           87388 kB
Cached:           693044 kB
MemTotal:        1844596 kB
MemFree:          767924 kB
MemAvailable:    1520848 kB
Buffers:           87388 kB
Cached:           693048 kB
MemTotal:        1844596 kB
MemFree:          764948 kB
MemAvailable:    1517872 kB
Buffers:           87388 kB
Cached:           693048 kB
MemTotal:        1844596 kB
MemFree:          764932 kB
MemAvailable:    1517856 kB
Buffers:           87388 kB
Cached:           693048 kB
MemTotal:        1844596 kB
MemFree:          764772 kB
MemAvailable:    1517696 kB
Buffers:           87388 kB
Cached:           693048 kB
MemTotal:        1844596 kB
MemFree:          761956 kB
MemAvailable:    1514880 kB
Buffers:           87388 kB
Cached:           693048 kB
MemTotal:        1844596 kB
MemFree:          760732 kB
MemAvailable:    1513656 kB
Buffers:           87388 kB
Cached:           693048 kB
MemTotal:        1844596 kB
MemFree:          758624 kB
MemAvailable:    1511548 kB
Buffers:           87388 kB
Cached:           693048 kB
MemTotal:        1844596 kB
MemFree:          755996 kB
MemAvailable:    1508920 kB
Buffers:           87388 kB
Cached:           693048 kB
MemTotal:        1844596 kB
MemFree:          756080 kB
MemAvailable:    1509004 kB
Buffers:           87388 kB
Cached:           693048 kB
MemTotal:        1844596 kB
MemFree:          751608 kB
MemAvailable:    1504532 kB
Buffers:           87388 kB
Cached:           693048 kB
MemTotal:        1844596 kB
MemFree:          753972 kB
MemAvailable:    1506896 kB
Buffers:           87388 kB
Cached:           693048 kB
MemTotal:        1844596 kB
MemFree:          753300 kB
MemAvailable:    1506224 kB
Buffers:           87388 kB
Cached:           693048 kB
MemTotal:        1844596 kB
MemFree:          753896 kB
MemAvailable:    1506820 kB
Buffers:           87388 kB
Cached:           693048 kB
MemTotal:        1844596 kB
MemFree:          754108 kB
MemAvailable:    1507032 kB
Buffers:           87388 kB
Cached:           693048 kB
MemTotal:        1844596 kB
MemFree:          752616 kB
MemAvailable:    1505540 kB
Buffers:           87388 kB
Cached:           693048 kB
MemTotal:        1844596 kB
MemFree:          752740 kB
MemAvailable:    1505664 kB
Buffers:           87388 kB
Cached:           693048 kB
MemTotal:        1844596 kB
MemFree:          753972 kB
MemAvailable:    1506896 kB
Buffers:           87388 kB
Cached:           693048 kB
MemTotal:        1844596 kB
MemFree:          752484 kB
MemAvailable:    1505408 kB
Buffers:           87388 kB
Cached:           693048 kB
MemTotal:        1844596 kB
MemFree:          752160 kB
MemAvailable:    1505084 kB
Buffers:           87388 kB
Cached:           693048 kB
MemTotal:        1844596 kB
MemFree:          753532 kB
MemAvailable:    1506456 kB
Buffers:           87388 kB
Cached:           693048 kB
MemTotal:        1844596 kB
MemFree:          752300 kB
MemAvailable:    1505224 kB
Buffers:           87388 kB
Cached:           693048 kB
MemTotal:        1844596 kB
MemFree:          753152 kB
MemAvailable:    1506076 kB
Buffers:           87388 kB
Cached:           693048 kB
MemTotal:        1844596 kB
MemFree:          753404 kB
MemAvailable:    1506328 kB
Buffers:           87388 kB
Cached:           693048 kB
MemTotal:        1844596 kB
MemFree:          752524 kB
MemAvailable:    1505448 kB
Buffers:           87388 kB
Cached:           693048 kB
MemTotal:        1844596 kB
MemFree:          751920 kB
MemAvailable:    1504844 kB
Buffers:           87388 kB
Cached:           693048 kB
MemTotal:        1844596 kB
MemFree:          752456 kB
MemAvailable:    1505380 kB
Buffers:           87388 kB
Cached:           693048 kB
MemTotal:        1844596 kB
MemFree:          752396 kB
MemAvailable:    1505320 kB
Buffers:           87388 kB
Cached:           693048 kB
MemTotal:        1844596 kB
MemFree:          752396 kB
MemAvailable:    1505320 kB
Buffers:           87388 kB
Cached:           693048 kB
MemTotal:        1844596 kB
MemFree:          751856 kB
MemAvailable:    1504780 kB
Buffers:           87388 kB
Cached:           693048 kB
MemTotal:        1844596 kB
MemFree:          750060 kB
MemAvailable:    1502984 kB
Buffers:           87388 kB
Cached:           693048 kB
MemTotal:        1844596 kB
MemFree:          749804 kB
MemAvailable:    1502728 kB
Buffers:           87388 kB
Cached:           693048 kB
MemTotal:        1844596 kB
MemFree:          750996 kB
MemAvailable:    1503920 kB
Buffers:           87388 kB
Cached:           693048 kB
MemTotal:        1844596 kB
MemFree:          751012 kB
MemAvailable:    1503936 kB
Buffers:           87388 kB
Cached:           693048 kB
MemTotal:        1844596 kB
MemFree:          749552 kB
MemAvailable:    1502476 kB
Buffers:           87388 kB
Cached:           693048 kB
MemTotal:        1844596 kB
MemFree:          749944 kB
MemAvailable:    1502868 kB
Buffers:           87388 kB
Cached:           693048 kB
MemTotal:        1844596 kB
MemFree:          750944 kB
MemAvailable:    1503868 kB
Buffers:           87388 kB
Cached:           693048 kB
MemTotal:        1844596 kB
MemFree:          750556 kB
MemAvailable:    1503480 kB
Buffers:           87388 kB
Cached:           693048 kB
MemTotal:        1844596 kB
MemFree:          749508 kB
MemAvailable:    1502432 kB
Buffers:           87388 kB
Cached:           693048 kB
MemTotal:        1844596 kB
MemFree:          749632 kB
MemAvailable:    1502556 kB
Buffers:           87388 kB
Cached:           693048 kB
MemTotal:        1844596 kB
MemFree:          749688 kB
MemAvailable:    1502616 kB
Buffers:           87388 kB
Cached:           693052 kB
MemTotal:        1844596 kB
MemFree:          748208 kB
MemAvailable:    1501136 kB
Buffers:           87388 kB
Cached:           693052 kB
MemTotal:        1844596 kB
MemFree:          744984 kB
MemAvailable:    1497912 kB
Buffers:           87388 kB
Cached:           693052 kB
MemTotal:        1844596 kB
MemFree:          744604 kB
MemAvailable:    1497532 kB
Buffers:           87388 kB
Cached:           693052 kB
MemTotal:        1844596 kB
MemFree:          744480 kB
MemAvailable:    1497408 kB
Buffers:           87388 kB
Cached:           693052 kB
MemTotal:        1844596 kB
MemFree:          745704 kB
MemAvailable:    1498632 kB
Buffers:           87388 kB
Cached:           693052 kB
MemTotal:        1844596 kB
MemFree:          745440 kB
MemAvailable:    1498368 kB
Buffers:           87388 kB
Cached:           693052 kB
MemTotal:        1844596 kB
MemFree:          744364 kB
MemAvailable:    1497292 kB
Buffers:           87388 kB
Cached:           693052 kB
MemTotal:        1844596 kB
MemFree:          745416 kB
MemAvailable:    1498344 kB
Buffers:           87388 kB
Cached:           693052 kB
MemTotal:        1844596 kB
MemFree:          743984 kB
MemAvailable:    1496912 kB
Buffers:           87388 kB
Cached:           693052 kB
MemTotal:        1844596 kB
MemFree:          744240 kB
MemAvailable:    1497168 kB
Buffers:           87388 kB
Cached:           693052 kB
MemTotal:        1844596 kB
MemFree:          743868 kB
MemAvailable:    1496796 kB
Buffers:           87388 kB
Cached:           693052 kB
MemTotal:        1844596 kB
MemFree:          743736 kB
MemAvailable:    1496664 kB
Buffers:           87388 kB
Cached:           693052 kB
MemTotal:        1844596 kB
MemFree:          745184 kB
MemAvailable:    1498112 kB
Buffers:           87388 kB
Cached:           693052 kB
MemTotal:        1844596 kB
MemFree:          743868 kB
MemAvailable:    1496796 kB
Buffers:           87388 kB
Cached:           693052 kB
MemTotal:        1844596 kB
MemFree:          745224 kB
MemAvailable:    1498152 kB
Buffers:           87388 kB
Cached:           693052 kB
MemTotal:        1844596 kB
MemFree:          743820 kB
MemAvailable:    1496748 kB
Buffers:           87388 kB
Cached:           693052 kB
MemTotal:        1844596 kB
MemFree:          741324 kB
MemAvailable:    1494252 kB
Buffers:           87388 kB
Cached:           693052 kB
MemTotal:        1844596 kB
MemFree:          738172 kB
MemAvailable:    1491100 kB
Buffers:           87388 kB
Cached:           693052 kB
MemTotal:        1844596 kB
MemFree:          739092 kB
MemAvailable:    1492024 kB
Buffers:           87388 kB
Cached:           693056 kB
MemTotal:        1844596 kB
MemFree:          738396 kB
MemAvailable:    1491328 kB
Buffers:           87388 kB
Cached:           693056 kB
MemTotal:        1844596 kB
MemFree:          737504 kB
MemAvailable:    1490436 kB
Buffers:           87388 kB
Cached:           693056 kB
MemTotal:        1844596 kB
MemFree:          737100 kB
MemAvailable:    1490032 kB
Buffers:           87388 kB
Cached:           693056 kB
MemTotal:        1844596 kB
MemFree:          737208 kB
MemAvailable:    1490140 kB
Buffers:           87388 kB
Cached:           693056 kB
MemTotal:        1844596 kB
MemFree:          735312 kB
MemAvailable:    1488244 kB
Buffers:           87388 kB
Cached:           693056 kB
MemTotal:        1844596 kB
MemFree:          735428 kB
MemAvailable:    1488360 kB
Buffers:           87388 kB
Cached:           693056 kB
MemTotal:        1844596 kB
MemFree:          735396 kB
MemAvailable:    1488328 kB
Buffers:           87388 kB
Cached:           693056 kB
MemTotal:        1844596 kB
MemFree:          735388 kB
MemAvailable:    1488320 kB
Buffers:           87388 kB
Cached:           693056 kB
MemTotal:        1844596 kB
MemFree:          735264 kB
MemAvailable:    1488196 kB
Buffers:           87388 kB
Cached:           693056 kB
MemTotal:        1844596 kB
MemFree:          736324 kB
MemAvailable:    1489256 kB
Buffers:           87388 kB
Cached:           693056 kB
MemTotal:        1844596 kB
MemFree:          735320 kB
MemAvailable:    1488252 kB
Buffers:           87388 kB
Cached:           693056 kB
MemTotal:        1844596 kB
MemFree:          736172 kB
MemAvailable:    1489104 kB
Buffers:           87388 kB
Cached:           693056 kB
MemTotal:        1844596 kB
MemFree:          736428 kB
MemAvailable:    1489360 kB
Buffers:           87388 kB
Cached:           693056 kB
MemTotal:        1844596 kB
MemFree:          736288 kB
MemAvailable:    1489220 kB
Buffers:           87388 kB
Cached:           693056 kB
MemTotal:        1844596 kB
MemFree:          736540 kB
MemAvailable:    1489472 kB
Buffers:           87388 kB
Cached:           693056 kB
MemTotal:        1844596 kB
MemFree:          734924 kB
MemAvailable:    1487856 kB
Buffers:           87388 kB
Cached:           693056 kB
MemTotal:        1844596 kB
MemFree:          734924 kB
MemAvailable:    1487856 kB
Buffers:           87388 kB
Cached:           693056 kB
MemTotal:        1844596 kB
MemFree:          735048 kB
MemAvailable:    1487980 kB
Buffers:           87388 kB
Cached:           693056 kB
MemTotal:        1844596 kB
MemFree:          735048 kB
MemAvailable:    1487980 kB
Buffers:           87388 kB
Cached:           693056 kB
MemTotal:        1844596 kB
MemFree:          735172 kB
MemAvailable:    1488104 kB
Buffers:           87388 kB
Cached:           693056 kB
MemTotal:        1844596 kB
MemFree:          735296 kB
MemAvailable:    1488228 kB
Buffers:           87388 kB
Cached:           693056 kB
MemTotal:        1844596 kB
MemFree:          734940 kB
MemAvailable:    1487872 kB
Buffers:           87388 kB
Cached:           693056 kB
MemTotal:        1844596 kB
MemFree:          735188 kB
MemAvailable:    1488120 kB
Buffers:           87388 kB
Cached:           693056 kB
MemTotal:        1844596 kB
MemFree:          733328 kB
MemAvailable:    1486260 kB
Buffers:           87388 kB
Cached:           693056 kB
MemTotal:        1844596 kB
MemFree:          730352 kB
MemAvailable:    1483284 kB
Buffers:           87388 kB
Cached:           693056 kB
MemTotal:        1844596 kB
MemFree:          728120 kB
MemAvailable:    1481052 kB
Buffers:           87388 kB
Cached:           693056 kB
MemTotal:        1844596 kB
MemFree:          727924 kB
MemAvailable:    1480856 kB
Buffers:           87388 kB
Cached:           693056 kB
MemTotal:        1844596 kB
MemFree:          727996 kB
MemAvailable:    1480928 kB
Buffers:           87388 kB
Cached:           693056 kB
MemTotal:        1844596 kB
MemFree:          726756 kB
MemAvailable:    1479688 kB
Buffers:           87388 kB
Cached:           693056 kB
MemTotal:        1844596 kB
MemFree:          727444 kB
MemAvailable:    1480376 kB
Buffers:           87388 kB
Cached:           693056 kB
MemTotal:        1844596 kB
MemFree:          727780 kB
MemAvailable:    1480712 kB
Buffers:           87388 kB
Cached:           693056 kB
MemTotal:        1844596 kB
MemFree:          726336 kB
MemAvailable:    1479268 kB
Buffers:           87388 kB
Cached:           693056 kB
MemTotal:        1844596 kB
MemFree:          726336 kB
MemAvailable:    1479268 kB
Buffers:           87388 kB
Cached:           693056 kB
MemTotal:        1844596 kB
MemFree:          727320 kB
MemAvailable:    1480252 kB
Buffers:           87388 kB
Cached:           693056 kB
MemTotal:        1844596 kB
MemFree:          726320 kB
MemAvailable:    1479252 kB
Buffers:           87388 kB
Cached:           693056 kB
MemTotal:        1844596 kB
MemFree:          726072 kB
MemAvailable:    1479004 kB
Buffers:           87388 kB
Cached:           693056 kB
MemTotal:        1844596 kB
MemFree:          727308 kB
MemAvailable:    1480240 kB
Buffers:           87388 kB
Cached:           693056 kB
MemTotal:        1844596 kB
MemFree:          726260 kB
MemAvailable:    1479192 kB
Buffers:           87388 kB
Cached:           693056 kB
MemTotal:        1844596 kB
MemFree:          727356 kB
MemAvailable:    1480288 kB
Buffers:           87388 kB
Cached:           693056 kB
MemTotal:        1844596 kB
MemFree:          726124 kB
MemAvailable:    1479056 kB
Buffers:           87388 kB
Cached:           693056 kB
MemTotal:        1844596 kB
MemFree:          726124 kB
MemAvailable:    1479056 kB
Buffers:           87388 kB
Cached:           693056 kB
MemTotal:        1844596 kB
MemFree:          727388 kB
MemAvailable:    1480320 kB
Buffers:           87388 kB
Cached:           693056 kB
MemTotal:        1844596 kB
MemFree:          726508 kB
MemAvailable:    1479440 kB
Buffers:           87388 kB
Cached:           693056 kB
MemTotal:        1844596 kB
MemFree:          727196 kB
MemAvailable:    1480128 kB
Buffers:           87388 kB
Cached:           693056 kB
MemTotal:        1844596 kB
MemFree:          727448 kB
MemAvailable:    1480380 kB
Buffers:           87388 kB
Cached:           693056 kB
MemTotal:        1844596 kB
MemFree:          727556 kB
MemAvailable:    1480488 kB
Buffers:           87388 kB
Cached:           693056 kB
MemTotal:        1844596 kB
MemFree:          727500 kB
MemAvailable:    1480432 kB
Buffers:           87388 kB
Cached:           693056 kB
MemTotal:        1844596 kB
MemFree:          727244 kB
MemAvailable:    1480176 kB
Buffers:           87388 kB
Cached:           693056 kB
MemTotal:        1844596 kB
MemFree:          727496 kB
MemAvailable:    1480428 kB
Buffers:           87388 kB
Cached:           693056 kB
MemTotal:        1844596 kB
MemFree:          727376 kB
MemAvailable:    1480308 kB
Buffers:           87388 kB
Cached:           693056 kB
MemTotal:        1844596 kB
MemFree:          727264 kB
MemAvailable:    1480196 kB
Buffers:           87388 kB
Cached:           693056 kB
MemTotal:        1844596 kB
MemFree:          726640 kB
MemAvailable:    1479572 kB
Buffers:           87388 kB
Cached:           693056 kB
MemTotal:        1844596 kB
MemFree:          727236 kB
MemAvailable:    1480172 kB
Buffers:           87388 kB
Cached:           693060 kB
MemTotal:        1844596 kB
MemFree:          727448 kB
MemAvailable:    1480384 kB
Buffers:           87388 kB
Cached:           693060 kB
MemTotal:        1844596 kB
MemFree:          727364 kB
MemAvailable:    1480300 kB
Buffers:           87388 kB
Cached:           693060 kB
MemTotal:        1844596 kB
MemFree:          727512 kB
MemAvailable:    1480448 kB
Buffers:           87388 kB
Cached:           693060 kB
MemTotal:        1844596 kB
MemFree:          726748 kB
MemAvailable:    1479684 kB
Buffers:           87388 kB
Cached:           693060 kB
MemTotal:        1844596 kB
MemFree:          727156 kB
MemAvailable:    1480092 kB
Buffers:           87388 kB
Cached:           693060 kB
MemTotal:        1844596 kB
MemFree:          727156 kB
MemAvailable:    1480092 kB
Buffers:           87388 kB
Cached:           693060 kB
MemTotal:        1844596 kB
MemFree:          727132 kB
MemAvailable:    1480068 kB
Buffers:           87388 kB
Cached:           693060 kB
MemTotal:        1844596 kB
MemFree:          727424 kB
MemAvailable:    1480360 kB
Buffers:           87388 kB
Cached:           693060 kB
MemTotal:        1844596 kB
MemFree:          725992 kB
MemAvailable:    1478928 kB
Buffers:           87388 kB
Cached:           693060 kB
MemTotal:        1844596 kB
MemFree:          726500 kB
MemAvailable:    1479436 kB
Buffers:           87388 kB
Cached:           693060 kB
MemTotal:        1844596 kB
MemFree:          726500 kB
MemAvailable:    1479436 kB
Buffers:           87388 kB
Cached:           693060 kB
MemTotal:        1844596 kB
MemFree:          721724 kB
MemAvailable:    1474660 kB
Buffers:           87388 kB
Cached:           693060 kB
MemTotal:        1844596 kB
MemFree:          718076 kB
MemAvailable:    1471012 kB
Buffers:           87388 kB
Cached:           693060 kB
MemTotal:        1844596 kB
MemFree:          716588 kB
MemAvailable:    1469524 kB
Buffers:           87388 kB
Cached:           693060 kB
MemTotal:        1844596 kB
MemFree:          716448 kB
MemAvailable:    1469384 kB
Buffers:           87388 kB
Cached:           693060 kB
MemTotal:        1844596 kB
MemFree:          716448 kB
MemAvailable:    1469384 kB
Buffers:           87388 kB
Cached:           693060 kB
MemTotal:        1844596 kB
MemFree:          716444 kB
MemAvailable:    1469380 kB
Buffers:           87388 kB
Cached:           693060 kB
MemTotal:        1844596 kB
MemFree:          716696 kB
MemAvailable:    1469632 kB
Buffers:           87388 kB
Cached:           693060 kB
MemTotal:        1844596 kB
MemFree:          716588 kB
MemAvailable:    1469524 kB
Buffers:           87388 kB
Cached:           693060 kB
MemTotal:        1844596 kB
MemFree:          716476 kB
MemAvailable:    1469412 kB
Buffers:           87388 kB
Cached:           693060 kB
MemTotal:        1844596 kB
MemFree:          715728 kB
MemAvailable:    1468664 kB
Buffers:           87388 kB
Cached:           693060 kB
MemTotal:        1844596 kB
MemFree:          716324 kB
MemAvailable:    1469260 kB
Buffers:           87388 kB
Cached:           693060 kB
MemTotal:        1844596 kB
MemFree:          716660 kB
MemAvailable:    1469596 kB
Buffers:           87388 kB
Cached:           693060 kB
MemTotal:        1844596 kB
MemFree:          715092 kB
MemAvailable:    1468028 kB
Buffers:           87388 kB
Cached:           693060 kB
MemTotal:        1844596 kB
MemFree:          715300 kB
MemAvailable:    1468236 kB
Buffers:           87388 kB
Cached:           693060 kB
MemTotal:        1844596 kB
MemFree:          716512 kB
MemAvailable:    1469448 kB
Buffers:           87388 kB
Cached:           693060 kB
MemTotal:        1844596 kB
MemFree:          715728 kB
MemAvailable:    1468664 kB
Buffers:           87388 kB
Cached:           693060 kB
MemTotal:        1844596 kB
MemFree:          716448 kB
MemAvailable:    1469384 kB
Buffers:           87388 kB
Cached:           693060 kB
MemTotal:        1844596 kB
MemFree:          716576 kB
MemAvailable:    1469512 kB
Buffers:           87388 kB
Cached:           693060 kB
MemTotal:        1844596 kB
MemFree:          715168 kB
MemAvailable:    1468104 kB
Buffers:           87388 kB
Cached:           693060 kB
MemTotal:        1844596 kB
MemFree:          716468 kB
MemAvailable:    1469404 kB
Buffers:           87388 kB
Cached:           693060 kB
MemTotal:        1844596 kB
MemFree:          715292 kB
MemAvailable:    1468228 kB
Buffers:           87388 kB
Cached:           693060 kB
MemTotal:        1844596 kB
MemFree:          716268 kB
MemAvailable:    1469204 kB
Buffers:           87388 kB
Cached:           693060 kB
MemTotal:        1844596 kB
MemFree:          716352 kB
MemAvailable:    1469288 kB
Buffers:           87388 kB
Cached:           693060 kB
MemTotal:        1844596 kB
MemFree:          716176 kB
MemAvailable:    1469112 kB
Buffers:           87388 kB
Cached:           693060 kB
MemTotal:        1844596 kB
MemFree:          716512 kB
MemAvailable:    1469448 kB
Buffers:           87388 kB
Cached:           693060 kB
MemTotal:        1844596 kB
MemFree:          716392 kB
MemAvailable:    1469328 kB
Buffers:           87388 kB
Cached:           693060 kB
MemTotal:        1844596 kB
MemFree:          715728 kB
MemAvailable:    1468664 kB
Buffers:           87388 kB
Cached:           693060 kB
MemTotal:        1844596 kB
MemFree:          716292 kB
MemAvailable:    1469228 kB
Buffers:           87388 kB
Cached:           693060 kB
MemTotal:        1844596 kB
MemFree:          716628 kB
MemAvailable:    1469564 kB
Buffers:           87388 kB
Cached:           693060 kB
MemTotal:        1844596 kB
MemFree:          716416 kB
MemAvailable:    1469352 kB
Buffers:           87388 kB
Cached:           693060 kB
MemTotal:        1844596 kB
MemFree:          716416 kB
MemAvailable:    1469352 kB
Buffers:           87388 kB
Cached:           693060 kB
MemTotal:        1844596 kB
MemFree:          716332 kB
MemAvailable:    1469268 kB
Buffers:           87388 kB
Cached:           693060 kB
MemTotal:        1844596 kB
MemFree:          715216 kB
MemAvailable:    1468152 kB
Buffers:           87388 kB
Cached:           693060 kB
MemTotal:        1844596 kB
MemFree:          716400 kB
MemAvailable:    1469336 kB
Buffers:           87388 kB
Cached:           693060 kB
MemTotal:        1844596 kB
MemFree:          715952 kB
MemAvailable:    1468888 kB
Buffers:           87388 kB
Cached:           693060 kB
MemTotal:        1844596 kB
MemFree:          716292 kB
MemAvailable:    1469228 kB
Buffers:           87388 kB
Cached:           693060 kB
MemTotal:        1844596 kB
MemFree:          716548 kB
MemAvailable:    1469484 kB
Buffers:           87388 kB
Cached:           693060 kB
MemTotal:        1844596 kB
MemFree:          716408 kB
MemAvailable:    1469344 kB
Buffers:           87388 kB
Cached:           693060 kB
MemTotal:        1844596 kB
MemFree:          716408 kB
MemAvailable:    1469344 kB
Buffers:           87388 kB
Cached:           693060 kB
MemTotal:        1844596 kB
MemFree:          716276 kB
MemAvailable:    1469212 kB
Buffers:           87388 kB
Cached:           693060 kB
MemTotal:        1844596 kB
MemFree:          716612 kB
MemAvailable:    1469548 kB
Buffers:           87388 kB
Cached:           693060 kB
MemTotal:        1844596 kB
MemFree:          716312 kB
MemAvailable:    1469248 kB
Buffers:           87388 kB
Cached:           693060 kB
MemTotal:        1844596 kB
MemFree:          716396 kB
MemAvailable:    1469332 kB
Buffers:           87388 kB
Cached:           693060 kB
MemTotal:        1844596 kB
MemFree:          715100 kB
MemAvailable:    1468036 kB
Buffers:           87388 kB
Cached:           693060 kB
MemTotal:        1844596 kB
MemFree:          715348 kB
MemAvailable:    1468284 kB
Buffers:           87388 kB
Cached:           693060 kB
MemTotal:        1844596 kB
MemFree:          715184 kB
MemAvailable:    1468120 kB
Buffers:           87388 kB
Cached:           693060 kB
MemTotal:        1844596 kB
MemFree:          716268 kB
MemAvailable:    1469204 kB
Buffers:           87388 kB
Cached:           693060 kB
MemTotal:        1844596 kB
MemFree:          715212 kB
MemAvailable:    1468148 kB
Buffers:           87388 kB
Cached:           693060 kB
MemTotal:        1844596 kB
MemFree:          716452 kB
MemAvailable:    1469388 kB
Buffers:           87388 kB
Cached:           693060 kB
MemTotal:        1844596 kB
MemFree:          715080 kB
MemAvailable:    1468016 kB
Buffers:           87388 kB
Cached:           693060 kB
MemTotal:        1844596 kB
MemFree:          716312 kB
MemAvailable:    1469248 kB
Buffers:           87388 kB
Cached:           693060 kB
MemTotal:        1844596 kB
MemFree:          716040 kB
MemAvailable:    1468976 kB
Buffers:           87388 kB
Cached:           693060 kB
MemTotal:        1844596 kB
MemFree:          715332 kB
MemAvailable:    1468268 kB
Buffers:           87388 kB
Cached:           693060 kB
MemTotal:        1844596 kB
MemFree:          714736 kB
MemAvailable:    1467672 kB
Buffers:           87388 kB
Cached:           693060 kB
MemTotal:        1844596 kB
MemFree:          713976 kB
MemAvailable:    1466912 kB
Buffers:           87388 kB
Cached:           693060 kB
MemTotal:        1844596 kB
MemFree:          713968 kB
MemAvailable:    1466904 kB
Buffers:           87388 kB
Cached:           693060 kB
MemTotal:        1844596 kB
MemFree:          714100 kB
MemAvailable:    1467036 kB
Buffers:           87388 kB
Cached:           693060 kB
MemTotal:        1844596 kB
MemFree:          715588 kB
MemAvailable:    1468524 kB
Buffers:           87388 kB
Cached:           693060 kB
MemTotal:        1844596 kB
MemFree:          714356 kB
MemAvailable:    1467292 kB
Buffers:           87388 kB
Cached:           693060 kB
MemTotal:        1844596 kB
MemFree:          715052 kB
MemAvailable:    1468000 kB
Buffers:           87388 kB
Cached:           693072 kB
MemTotal:        1844596 kB
MemFree:          715308 kB
MemAvailable:    1468256 kB
Buffers:           87388 kB
Cached:           693072 kB
MemTotal:        1844596 kB
MemFree:          715052 kB
MemAvailable:    1468000 kB
Buffers:           87388 kB
Cached:           693072 kB
MemTotal:        1844596 kB
MemFree:          715148 kB
MemAvailable:    1468096 kB
Buffers:           87388 kB
Cached:           693072 kB
MemTotal:        1844596 kB
MemFree:          713984 kB
MemAvailable:    1466932 kB
Buffers:           87388 kB
Cached:           693072 kB
MemTotal:        1844596 kB
MemFree:          714840 kB
MemAvailable:    1467788 kB
Buffers:           87388 kB
Cached:           693072 kB
MemTotal:        1844596 kB
MemFree:          714712 kB
MemAvailable:    1467660 kB
Buffers:           87388 kB
Cached:           693072 kB
MemTotal:        1844596 kB
MemFree:          714964 kB
MemAvailable:    1467912 kB
Buffers:           87388 kB
Cached:           693072 kB
MemTotal:        1844596 kB
MemFree:          714892 kB
MemAvailable:    1467840 kB
Buffers:           87388 kB
Cached:           693072 kB
MemTotal:        1844596 kB
MemFree:          715084 kB
MemAvailable:    1468032 kB
Buffers:           87388 kB
Cached:           693072 kB
MemTotal:        1844596 kB
MemFree:          714248 kB
MemAvailable:    1467196 kB
Buffers:           87388 kB
Cached:           693072 kB
MemTotal:        1844596 kB
MemFree:          715232 kB
MemAvailable:    1468180 kB
Buffers:           87388 kB
Cached:           693072 kB
MemTotal:        1844596 kB
MemFree:          713984 kB
MemAvailable:    1466932 kB
Buffers:           87388 kB
Cached:           693072 kB
MemTotal:        1844596 kB
MemFree:          714828 kB
MemAvailable:    1467776 kB
Buffers:           87388 kB
Cached:           693072 kB
MemTotal:        1844596 kB
MemFree:          714736 kB
MemAvailable:    1467684 kB
Buffers:           87388 kB
Cached:           693072 kB
MemTotal:        1844596 kB
MemFree:          714740 kB
MemAvailable:    1467688 kB
Buffers:           87388 kB
Cached:           693072 kB
MemTotal:        1844596 kB
MemFree:          714884 kB
MemAvailable:    1467832 kB
Buffers:           87388 kB
Cached:           693072 kB
MemTotal:        1844596 kB
MemFree:          713568 kB
MemAvailable:    1466516 kB
Buffers:           87388 kB
Cached:           693072 kB
MemTotal:        1844596 kB
MemFree:          714932 kB
MemAvailable:    1467880 kB
Buffers:           87388 kB
Cached:           693072 kB
MemTotal:        1844596 kB
MemFree:          713976 kB
MemAvailable:    1466924 kB
Buffers:           87388 kB
Cached:           693072 kB
MemTotal:        1844596 kB
MemFree:          713976 kB
MemAvailable:    1466924 kB
Buffers:           87388 kB
Cached:           693072 kB
MemTotal:        1844596 kB
MemFree:          708784 kB
MemAvailable:    1461732 kB
Buffers:           87388 kB
Cached:           693072 kB
MemTotal:        1844596 kB
MemFree:          706304 kB
MemAvailable:    1459252 kB
Buffers:           87388 kB
Cached:           693072 kB
MemTotal:        1844596 kB
MemFree:          702708 kB
MemAvailable:    1455656 kB
Buffers:           87388 kB
Cached:           693072 kB
MemTotal:        1844596 kB
MemFree:          703752 kB
MemAvailable:    1456700 kB
Buffers:           87388 kB
Cached:           693072 kB
MemTotal:        1844596 kB
MemFree:          702336 kB
MemAvailable:    1455284 kB
Buffers:           87388 kB
Cached:           693072 kB
MemTotal:        1844596 kB
MemFree:          702080 kB
MemAvailable:    1455028 kB
Buffers:           87388 kB
Cached:           693072 kB
MemTotal:        1844596 kB
MemFree:          703196 kB
MemAvailable:    1456144 kB
Buffers:           87388 kB
Cached:           693072 kB
MemTotal:        1844596 kB
MemFree:          701716 kB
MemAvailable:    1454664 kB
Buffers:           87388 kB
Cached:           693072 kB
MemTotal:        1844596 kB
MemFree:          702644 kB
MemAvailable:    1455592 kB
Buffers:           87388 kB
Cached:           693072 kB
MemTotal:        1844596 kB
MemFree:          701652 kB
MemAvailable:    1454600 kB
Buffers:           87388 kB
Cached:           693072 kB
MemTotal:        1844596 kB
MemFree:          700344 kB
MemAvailable:    1453292 kB
Buffers:           87388 kB
Cached:           693072 kB
MemTotal:        1844596 kB
MemFree:          700832 kB
MemAvailable:    1453784 kB
Buffers:           87388 kB
Cached:           693076 kB
MemTotal:        1844596 kB
MemFree:          701168 kB
MemAvailable:    1454120 kB
Buffers:           87388 kB
Cached:           693076 kB
MemTotal:        1844596 kB
MemFree:          699724 kB
MemAvailable:    1452676 kB
Buffers:           87388 kB
Cached:           693076 kB
MemTotal:        1844596 kB
MemFree:          699724 kB
MemAvailable:    1452676 kB
Buffers:           87388 kB
Cached:           693076 kB
MemTotal:        1844596 kB
MemFree:          699620 kB
MemAvailable:    1452572 kB
Buffers:           87388 kB
Cached:           693076 kB
MemTotal:        1844596 kB
MemFree:          699456 kB
MemAvailable:    1452408 kB
Buffers:           87388 kB
Cached:           693076 kB
MemTotal:        1844596 kB
MemFree:          699792 kB
MemAvailable:    1452744 kB
Buffers:           87388 kB
Cached:           693076 kB
MemTotal:        1844596 kB
MemFree:          699600 kB
MemAvailable:    1452552 kB
Buffers:           87388 kB
Cached:           693076 kB
MemTotal:        1844596 kB
MemFree:          699600 kB
MemAvailable:    1452552 kB
Buffers:           87388 kB
Cached:           693076 kB
MemTotal:        1844596 kB
MemFree:          699612 kB
MemAvailable:    1452564 kB
Buffers:           87388 kB
Cached:           693076 kB
MemTotal:        1844596 kB
MemFree:          698564 kB
MemAvailable:    1451516 kB
Buffers:           87388 kB
Cached:           693076 kB
MemTotal:        1844596 kB
MemFree:          699708 kB
MemAvailable:    1452660 kB
Buffers:           87388 kB
Cached:           693076 kB
MemTotal:        1844596 kB
MemFree:          699844 kB
MemAvailable:    1452796 kB
Buffers:           87388 kB
Cached:           693076 kB
MemTotal:        1844596 kB
MemFree:          699520 kB
MemAvailable:    1452472 kB
Buffers:           87388 kB
Cached:           693076 kB
MemTotal:        1844596 kB
MemFree:          699776 kB
MemAvailable:    1452728 kB
Buffers:           87388 kB
Cached:           693076 kB
MemTotal:        1844596 kB
MemFree:          699104 kB
MemAvailable:    1452056 kB
Buffers:           87388 kB
Cached:           693076 kB
MemTotal:        1844596 kB
MemFree:          699104 kB
MemAvailable:    1452056 kB
Buffers:           87388 kB
Cached:           693076 kB
MemTotal:        1844596 kB
MemFree:          698584 kB
MemAvailable:    1451536 kB
Buffers:           87388 kB
Cached:           693076 kB
MemTotal:        1844596 kB
MemFree:          698360 kB
MemAvailable:    1451188 kB
Buffers:           87388 kB
Cached:           693076 kB
MemTotal:        1844596 kB
MemFree:          697872 kB
MemAvailable:    1450824 kB
Buffers:           87388 kB
Cached:           693076 kB
MemTotal:        1844596 kB
MemFree:          697740 kB
MemAvailable:    1450692 kB
Buffers:           87388 kB
Cached:           693076 kB
MemTotal:        1844596 kB
MemFree:          697604 kB
MemAvailable:    1450556 kB
Buffers:           87388 kB
Cached:           693076 kB
MemTotal:        1844596 kB
MemFree:          697508 kB
MemAvailable:    1450460 kB
Buffers:           87388 kB
Cached:           693076 kB
MemTotal:        1844596 kB
MemFree:          695888 kB
MemAvailable:    1448840 kB
Buffers:           87388 kB
Cached:           693076 kB
MemTotal:        1844596 kB
MemFree:          695756 kB
MemAvailable:    1448708 kB
Buffers:           87388 kB
Cached:           693076 kB
MemTotal:        1844596 kB
MemFree:          696444 kB
MemAvailable:    1449396 kB
Buffers:           87388 kB
Cached:           693076 kB
MemTotal:        1844596 kB
MemFree:          696072 kB
MemAvailable:    1449024 kB
Buffers:           87388 kB
Cached:           693076 kB
MemTotal:        1844596 kB
MemFree:          695764 kB
MemAvailable:    1448716 kB
Buffers:           87388 kB
Cached:           693076 kB
MemTotal:        1844596 kB
MemFree:          694840 kB
MemAvailable:    1447792 kB
Buffers:           87388 kB
Cached:           693076 kB
MemTotal:        1844596 kB
MemFree:          694960 kB
MemAvailable:    1447912 kB
Buffers:           87388 kB
Cached:           693076 kB
MemTotal:        1844596 kB
MemFree:          695748 kB
MemAvailable:    1448700 kB
Buffers:           87388 kB
Cached:           693076 kB
MemTotal:        1844596 kB
MemFree:          695832 kB
MemAvailable:    1448784 kB
Buffers:           87388 kB
Cached:           693076 kB
MemTotal:        1844596 kB
MemFree:          695700 kB
MemAvailable:    1448652 kB
Buffers:           87388 kB
Cached:           693076 kB
MemTotal:        1844596 kB
MemFree:          695260 kB
MemAvailable:    1448212 kB
Buffers:           87388 kB
Cached:           693076 kB
MemTotal:        1844596 kB
MemFree:          694212 kB
MemAvailable:    1447164 kB
Buffers:           87388 kB
Cached:           693076 kB
MemTotal:        1844596 kB
MemFree:          694256 kB
MemAvailable:    1447208 kB
Buffers:           87388 kB
Cached:           693076 kB
MemTotal:        1844596 kB
MemFree:          695548 kB
MemAvailable:    1448500 kB
Buffers:           87388 kB
Cached:           693076 kB
MemTotal:        1844596 kB
MemFree:          695680 kB
MemAvailable:    1448632 kB
Buffers:           87388 kB
Cached:           693076 kB
MemTotal:        1844596 kB
MemFree:          695468 kB
MemAvailable:    1448420 kB
Buffers:           87388 kB
Cached:           693076 kB
MemTotal:        1844596 kB
MemFree:          695468 kB
MemAvailable:    1448420 kB
Buffers:           87388 kB
Cached:           693076 kB
MemTotal:        1844596 kB
MemFree:          695348 kB
MemAvailable:    1448300 kB
Buffers:           87388 kB
Cached:           693076 kB
MemTotal:        1844596 kB
MemFree:          695348 kB
MemAvailable:    1448300 kB
Buffers:           87388 kB
Cached:           693076 kB
MemTotal:        1844596 kB
MemFree:          693980 kB
MemAvailable:    1446932 kB
Buffers:           87388 kB
Cached:           693076 kB
MemTotal:        1844596 kB
MemFree:          695080 kB
MemAvailable:    1448032 kB
Buffers:           87388 kB
Cached:           693076 kB
MemTotal:        1844596 kB
MemFree:          695416 kB
MemAvailable:    1448368 kB
Buffers:           87388 kB
Cached:           693076 kB
MemTotal:        1844596 kB
MemFree:          695308 kB
MemAvailable:    1448260 kB
Buffers:           87388 kB
Cached:           693076 kB
MemTotal:        1844596 kB
MemFree:          694008 kB
MemAvailable:    1446960 kB
Buffers:           87388 kB
Cached:           693076 kB
MemTotal:        1844596 kB
MemFree:          695068 kB
MemAvailable:    1448020 kB
Buffers:           87388 kB
Cached:           693076 kB
MemTotal:        1844596 kB
MemFree:          695320 kB
MemAvailable:    1448272 kB
Buffers:           87388 kB
Cached:           693076 kB
MemTotal:        1844596 kB
MemFree:          694028 kB
MemAvailable:    1446980 kB
Buffers:           87388 kB
Cached:           693076 kB
MemTotal:        1844596 kB
MemFree:          694524 kB
MemAvailable:    1447476 kB
Buffers:           87388 kB
Cached:           693076 kB
MemTotal:        1844596 kB
MemFree:          695136 kB
MemAvailable:    1448096 kB
Buffers:           87388 kB
Cached:           693084 kB
MemTotal:        1844596 kB
MemFree:          695392 kB
MemAvailable:    1448352 kB
Buffers:           87388 kB
Cached:           693084 kB
MemTotal:        1844596 kB
MemFree:          694476 kB
MemAvailable:    1447436 kB
Buffers:           87388 kB
Cached:           693084 kB
MemTotal:        1844596 kB
MemFree:          695152 kB
MemAvailable:    1448112 kB
Buffers:           87388 kB
Cached:           693084 kB
MemTotal:        1844596 kB
MemFree:          695444 kB
MemAvailable:    1448404 kB
Buffers:           87388 kB
Cached:           693084 kB
MemTotal:        1844596 kB
MemFree:          694152 kB
MemAvailable:    1447112 kB
Buffers:           87388 kB
Cached:           693084 kB
MemTotal:        1844596 kB
MemFree:          694400 kB
MemAvailable:    1447360 kB
Buffers:           87388 kB
Cached:           693084 kB
MemTotal:        1844596 kB
MemFree:          693028 kB
MemAvailable:    1445988 kB
Buffers:           87388 kB
Cached:           693084 kB
MemTotal:        1844596 kB
MemFree:          692656 kB
MemAvailable:    1445616 kB
Buffers:           87388 kB
Cached:           693084 kB
MemTotal:        1844596 kB
MemFree:          693096 kB
MemAvailable:    1446056 kB
Buffers:           87388 kB
Cached:           693084 kB
MemTotal:        1844596 kB
MemFree:          690920 kB
MemAvailable:    1443880 kB
Buffers:           87388 kB
Cached:           693084 kB
MemTotal:        1844596 kB
MemFree:          691060 kB
MemAvailable:    1444020 kB
Buffers:           87388 kB
Cached:           693084 kB
MemTotal:        1844596 kB
MemFree:          686828 kB
MemAvailable:    1439788 kB
Buffers:           87388 kB
Cached:           693084 kB
MemTotal:        1844596 kB
MemFree:          686960 kB
MemAvailable:    1439920 kB
Buffers:           87388 kB
Cached:           693084 kB
MemTotal:        1844596 kB
MemFree:          681116 kB
MemAvailable:    1434076 kB
Buffers:           87388 kB
Cached:           693084 kB
MemTotal:        1844596 kB
MemFree:          681200 kB
MemAvailable:    1434160 kB
Buffers:           87388 kB
Cached:           693084 kB
MemTotal:        1844596 kB
MemFree:          677040 kB
MemAvailable:    1430000 kB
Buffers:           87388 kB
Cached:           693084 kB
MemTotal:        1844596 kB
MemFree:          676860 kB
MemAvailable:    1429820 kB
Buffers:           87388 kB
Cached:           693084 kB
MemTotal:        1844596 kB
MemFree:          677112 kB
MemAvailable:    1430072 kB
Buffers:           87388 kB
Cached:           693084 kB
MemTotal:        1844596 kB
MemFree:          675536 kB
MemAvailable:    1428496 kB
Buffers:           87388 kB
Cached:           693084 kB
MemTotal:        1844596 kB
MemFree:          676976 kB
MemAvailable:    1429936 kB
Buffers:           87388 kB
Cached:           693084 kB
MemTotal:        1844596 kB
MemFree:          675544 kB
MemAvailable:    1428504 kB
Buffers:           87388 kB
Cached:           693084 kB
MemTotal:        1844596 kB
MemFree:          676776 kB
MemAvailable:    1429736 kB
Buffers:           87388 kB
Cached:           693084 kB
MemTotal:        1844596 kB
MemFree:          676736 kB
MemAvailable:    1429696 kB
Buffers:           87388 kB
Cached:           693084 kB
MemTotal:        1844596 kB
MemFree:          675924 kB
MemAvailable:    1428884 kB
Buffers:           87388 kB
Cached:           693084 kB
MemTotal:        1844596 kB
MemFree:          676652 kB
MemAvailable:    1429612 kB
Buffers:           87388 kB
Cached:           693084 kB
MemTotal:        1844596 kB
MemFree:          676652 kB
MemAvailable:    1429612 kB
Buffers:           87388 kB
Cached:           693084 kB
MemTotal:        1844596 kB
MemFree:          675248 kB
MemAvailable:    1428208 kB
Buffers:           87388 kB
Cached:           693084 kB
MemTotal:        1844596 kB
MemFree:          676708 kB
MemAvailable:    1429668 kB
Buffers:           87388 kB
Cached:           693084 kB
MemTotal:        1844596 kB
MemFree:          676056 kB
MemAvailable:    1429016 kB
Buffers:           87388 kB
Cached:           693084 kB
MemTotal:        1844596 kB
MemFree:          675908 kB
MemAvailable:    1428868 kB
Buffers:           87388 kB
Cached:           693084 kB
MemTotal:        1844596 kB
MemFree:          675056 kB
MemAvailable:    1428016 kB
Buffers:           87388 kB
Cached:           693084 kB
MemTotal:        1844596 kB
MemFree:          675660 kB
MemAvailable:    1428620 kB
Buffers:           87388 kB
Cached:           693084 kB
MemTotal:        1844596 kB
MemFree:          674504 kB
MemAvailable:    1427464 kB
Buffers:           87388 kB
Cached:           693084 kB
MemTotal:        1844596 kB
MemFree:          674628 kB
MemAvailable:    1427588 kB
Buffers:           87388 kB
Cached:           693084 kB
MemTotal:        1844596 kB
MemFree:          675804 kB
MemAvailable:    1428764 kB
Buffers:           87388 kB
Cached:           693084 kB
MemTotal:        1844596 kB
MemFree:          674364 kB
MemAvailable:    1427324 kB
Buffers:           87388 kB
Cached:           693084 kB
MemTotal:        1844596 kB
MemFree:          675632 kB
MemAvailable:    1428592 kB
Buffers:           87388 kB
Cached:           693084 kB
MemTotal:        1844596 kB
MemFree:          675884 kB
MemAvailable:    1428844 kB
Buffers:           87388 kB
Cached:           693084 kB
MemTotal:        1844596 kB
MemFree:          675648 kB
MemAvailable:    1428608 kB
Buffers:           87388 kB
Cached:           693084 kB
MemTotal:        1844596 kB
MemFree:          675904 kB
MemAvailable:    1428864 kB
Buffers:           87388 kB
Cached:           693084 kB
MemTotal:        1844596 kB
MemFree:          675660 kB
MemAvailable:    1428620 kB
Buffers:           87388 kB
Cached:           693084 kB
MemTotal:        1844596 kB
MemFree:          675056 kB
MemAvailable:    1428016 kB
Buffers:           87388 kB
Cached:           693084 kB
MemTotal:        1844596 kB
MemFree:          675488 kB
MemAvailable:    1428452 kB
Buffers:           87388 kB
Cached:           693088 kB
MemTotal:        1844596 kB
MemFree:          675824 kB
MemAvailable:    1428788 kB
Buffers:           87388 kB
Cached:           693088 kB
MemTotal:        1844596 kB
MemFree:          675620 kB
MemAvailable:    1428584 kB
Buffers:           87388 kB
Cached:           693088 kB
MemTotal:        1844596 kB
MemFree:          675876 kB
MemAvailable:    1428840 kB
Buffers:           87388 kB
Cached:           693088 kB
MemTotal:        1844596 kB
MemFree:          674628 kB
MemAvailable:    1427592 kB
Buffers:           87388 kB
Cached:           693088 kB
MemTotal:        1844596 kB
MemFree:          675648 kB
MemAvailable:    1428612 kB
Buffers:           87388 kB
Cached:           693088 kB
MemTotal:        1844596 kB
MemFree:          675900 kB
MemAvailable:    1428864 kB
Buffers:           87388 kB
Cached:           693088 kB
MemTotal:        1844596 kB
MemFree:          675108 kB
MemAvailable:    1428072 kB
Buffers:           87388 kB
Cached:           693088 kB
MemTotal:        1844596 kB
MemFree:          671956 kB
MemAvailable:    1424920 kB
Buffers:           87388 kB
Cached:           693088 kB
MemTotal:        1844596 kB
MemFree:          671088 kB
MemAvailable:    1424052 kB
Buffers:           87388 kB
Cached:           693088 kB
MemTotal:        1844596 kB
MemFree:          665500 kB
MemAvailable:    1418464 kB
Buffers:           87388 kB
Cached:           693088 kB
MemTotal:        1844596 kB
MemFree:          665584 kB
MemAvailable:    1418548 kB
Buffers:           87388 kB
Cached:           693088 kB
MemTotal:        1844596 kB
MemFree:          660904 kB
MemAvailable:    1413868 kB
Buffers:           87388 kB
Cached:           693088 kB
MemTotal:        1844596 kB
MemFree:          660300 kB
MemAvailable:    1413264 kB
Buffers:           87388 kB
Cached:           693088 kB
MemTotal:        1844596 kB
MemFree:          656580 kB
MemAvailable:    1409544 kB
Buffers:           87388 kB
Cached:           693088 kB
MemTotal:        1844596 kB
MemFree:          657904 kB
MemAvailable:    1410868 kB
Buffers:           87388 kB
Cached:           693088 kB
MemTotal:        1844596 kB
MemFree:          656456 kB
MemAvailable:    1409420 kB
Buffers:           87388 kB
Cached:           693088 kB
MemTotal:        1844596 kB
MemFree:          657696 kB
MemAvailable:    1410660 kB
Buffers:           87388 kB
Cached:           693088 kB
MemTotal:        1844596 kB
MemFree:          656580 kB
MemAvailable:    1409544 kB
Buffers:           87388 kB
Cached:           693088 kB
MemTotal:        1844596 kB
MemFree:          657388 kB
MemAvailable:    1410352 kB
Buffers:           87388 kB
Cached:           693088 kB
MemTotal:        1844596 kB
MemFree:          657640 kB
MemAvailable:    1410604 kB
Buffers:           87388 kB
Cached:           693088 kB
MemTotal:        1844596 kB
MemFree:          656332 kB
MemAvailable:    1409296 kB
Buffers:           87388 kB
Cached:           693088 kB
MemTotal:        1844596 kB
MemFree:          656532 kB
MemAvailable:    1409496 kB
Buffers:           87388 kB
Cached:           693088 kB
MemTotal:        1844596 kB
MemFree:          657488 kB
MemAvailable:    1410452 kB
Buffers:           87388 kB
Cached:           693088 kB
MemTotal:        1844596 kB
MemFree:          656068 kB
MemAvailable:    1409032 kB
Buffers:           87388 kB
Cached:           693088 kB
MemTotal:        1844596 kB
MemFree:          656696 kB
MemAvailable:    1409660 kB
Buffers:           87388 kB
Cached:           693088 kB
MemTotal:        1844596 kB
MemFree:          657680 kB
MemAvailable:    1410644 kB
Buffers:           87388 kB
Cached:           693088 kB
MemTotal:        1844596 kB
MemFree:          657680 kB
MemAvailable:    1410644 kB
Buffers:           87388 kB
Cached:           693088 kB
MemTotal:        1844596 kB
MemFree:          656152 kB
MemAvailable:    1409116 kB
Buffers:           87388 kB
Cached:           693088 kB
MemTotal:        1844596 kB
MemFree:          656188 kB
MemAvailable:    1409152 kB
Buffers:           87388 kB
Cached:           693088 kB
MemTotal:        1844596 kB
MemFree:          657392 kB
MemAvailable:    1410356 kB
Buffers:           87388 kB
Cached:           693088 kB
MemTotal:        1844596 kB
MemFree:          657644 kB
MemAvailable:    1410608 kB
Buffers:           87388 kB
Cached:           693088 kB
MemTotal:        1844596 kB
MemFree:          657560 kB
MemAvailable:    1410524 kB
Buffers:           87388 kB
Cached:           693088 kB
MemTotal:        1844596 kB
MemFree:          657352 kB
MemAvailable:    1410320 kB
Buffers:           87388 kB
Cached:           693092 kB
MemTotal:        1844596 kB
MemFree:          657688 kB
MemAvailable:    1410656 kB
Buffers:           87388 kB
Cached:           693092 kB
MemTotal:        1844596 kB
MemFree:          657620 kB
MemAvailable:    1410588 kB
Buffers:           87388 kB
Cached:           693092 kB
MemTotal:        1844596 kB
MemFree:          657388 kB
MemAvailable:    1410356 kB
Buffers:           87388 kB
Cached:           693092 kB
MemTotal:        1844596 kB
MemFree:          656184 kB
MemAvailable:    1409152 kB
Buffers:           87388 kB
Cached:           693092 kB
MemTotal:        1844596 kB
MemFree:          657424 kB
MemAvailable:    1410392 kB
Buffers:           87388 kB
Cached:           693092 kB
MemTotal:        1844596 kB
MemFree:          657368 kB
MemAvailable:    1410336 kB
Buffers:           87388 kB
Cached:           693092 kB
MemTotal:        1844596 kB
MemFree:          657620 kB
MemAvailable:    1410588 kB
Buffers:           87388 kB
Cached:           693092 kB
MemTotal:        1844596 kB
MemFree:          657392 kB
MemAvailable:    1410360 kB
Buffers:           87388 kB
Cached:           693092 kB
MemTotal:        1844596 kB
MemFree:          656152 kB
MemAvailable:    1409120 kB
Buffers:           87388 kB
Cached:           693092 kB
MemTotal:        1844596 kB
MemFree:          656152 kB
MemAvailable:    1409120 kB
Buffers:           87388 kB
Cached:           693092 kB
MemTotal:        1844596 kB
MemFree:          656704 kB
MemAvailable:    1409672 kB
Buffers:           87388 kB
Cached:           693092 kB
MemTotal:        1844596 kB
MemFree:          657748 kB
MemAvailable:    1410720 kB
Buffers:           87388 kB
Cached:           693096 kB
MemTotal:        1844596 kB
MemFree:          656712 kB
MemAvailable:    1409684 kB
Buffers:           87388 kB
Cached:           693096 kB
MemTotal:        1844596 kB
MemFree:          657432 kB
MemAvailable:    1410404 kB
Buffers:           87388 kB
Cached:           693096 kB
MemTotal:        1844596 kB
MemFree:          657572 kB
MemAvailable:    1410544 kB
Buffers:           87388 kB
Cached:           693096 kB
MemTotal:        1844596 kB
MemFree:          656276 kB
MemAvailable:    1409248 kB
Buffers:           87388 kB
Cached:           693096 kB
MemTotal:        1844596 kB
MemFree:          656276 kB
MemAvailable:    1409248 kB
Buffers:           87388 kB
Cached:           693096 kB
MemTotal:        1844596 kB
MemFree:          657260 kB
MemAvailable:    1410232 kB
Buffers:           87388 kB
Cached:           693096 kB
MemTotal:        1844596 kB
MemFree:          654908 kB
MemAvailable:    1407880 kB
Buffers:           87388 kB
Cached:           693096 kB
MemTotal:        1844596 kB
MemFree:          651744 kB
MemAvailable:    1404716 kB
Buffers:           87388 kB
Cached:           693096 kB
MemTotal:        1844596 kB
MemFree:          646528 kB
MemAvailable:    1399500 kB
Buffers:           87388 kB
Cached:           693096 kB
MemTotal:        1844596 kB
MemFree:          646612 kB
MemAvailable:    1399584 kB
Buffers:           87388 kB
Cached:           693096 kB
MemTotal:        1844596 kB
MemFree:          641008 kB
MemAvailable:    1393980 kB
Buffers:           87388 kB
Cached:           693096 kB
MemTotal:        1844596 kB
MemFree:          640396 kB
MemAvailable:    1393368 kB
Buffers:           87388 kB
Cached:           693096 kB
MemTotal:        1844596 kB
MemFree:          639220 kB
MemAvailable:    1392192 kB
Buffers:           87388 kB
Cached:           693096 kB
MemTotal:        1844596 kB
MemFree:          638964 kB
MemAvailable:    1391936 kB
Buffers:           87388 kB
Cached:           693096 kB
MemTotal:        1844596 kB
MemFree:          639336 kB
MemAvailable:    1392308 kB
Buffers:           87388 kB
Cached:           693096 kB
MemTotal:        1844596 kB
MemFree:          639336 kB
MemAvailable:    1392308 kB
Buffers:           87388 kB
Cached:           693096 kB
MemTotal:        1844596 kB
MemFree:          638908 kB
MemAvailable:    1391880 kB
Buffers:           87388 kB
Cached:           693096 kB
MemTotal:        1844596 kB
MemFree:          639244 kB
MemAvailable:    1392216 kB
Buffers:           87388 kB
Cached:           693096 kB
MemTotal:        1844596 kB
MemFree:          639084 kB
MemAvailable:    1392056 kB
Buffers:           87388 kB
Cached:           693096 kB
MemTotal:        1844596 kB
MemFree:          637712 kB
MemAvailable:    1390684 kB
Buffers:           87388 kB
Cached:           693096 kB
MemTotal:        1844596 kB
MemFree:          638084 kB
MemAvailable:    1391056 kB
Buffers:           87388 kB
Cached:           693096 kB
MemTotal:        1844596 kB
MemFree:          637732 kB
MemAvailable:    1390704 kB
Buffers:           87388 kB
Cached:           693096 kB
MemTotal:        1844596 kB
MemFree:          638716 kB
MemAvailable:    1391688 kB
Buffers:           87388 kB
Cached:           693096 kB
MemTotal:        1844596 kB
MemFree:          637608 kB
MemAvailable:    1390580 kB
Buffers:           87388 kB
Cached:           693096 kB
MemTotal:        1844596 kB
MemFree:          638212 kB
MemAvailable:    1391184 kB
Buffers:           87388 kB
Cached:           693096 kB
MemTotal:        1844596 kB
MemFree:          638296 kB
MemAvailable:    1391268 kB
Buffers:           87388 kB
Cached:           693096 kB
MemTotal:        1844596 kB
MemFree:          637784 kB
MemAvailable:    1390756 kB
Buffers:           87388 kB
Cached:           693096 kB
MemTotal:        1844596 kB
MemFree:          637484 kB
MemAvailable:    1390456 kB
Buffers:           87388 kB
Cached:           693096 kB
MemTotal:        1844596 kB
MemFree:          637040 kB
MemAvailable:    1390012 kB
Buffers:           87388 kB
Cached:           693096 kB
MemTotal:        1844596 kB
MemFree:          635872 kB
MemAvailable:    1388844 kB
Buffers:           87388 kB
Cached:           693096 kB
MemTotal:        1844596 kB
MemFree:          635004 kB
MemAvailable:    1387976 kB
Buffers:           87388 kB
Cached:           693096 kB
MemTotal:        1844596 kB
MemFree:          635616 kB
MemAvailable:    1388588 kB
Buffers:           87388 kB
Cached:           693096 kB
MemTotal:        1844596 kB
MemFree:          635616 kB
MemAvailable:    1388588 kB
Buffers:           87388 kB
Cached:           693096 kB
MemTotal:        1844596 kB
MemFree:          633764 kB
MemAvailable:    1386736 kB
Buffers:           87388 kB
Cached:           693096 kB
MemTotal:        1844596 kB
MemFree:          633764 kB
MemAvailable:    1386736 kB
Buffers:           87388 kB
Cached:           693096 kB
MemTotal:        1844596 kB
MemFree:          632028 kB
MemAvailable:    1385000 kB
Buffers:           87388 kB
Cached:           693096 kB
MemTotal:        1844596 kB
MemFree:          632028 kB
MemAvailable:    1385000 kB
Buffers:           87388 kB
Cached:           693096 kB
MemTotal:        1844596 kB
MemFree:          631636 kB
MemAvailable:    1384608 kB
Buffers:           87388 kB
Cached:           693096 kB
MemTotal:        1844596 kB
MemFree:          631892 kB
MemAvailable:    1384864 kB
Buffers:           87388 kB
Cached:           693096 kB
MemTotal:        1844596 kB
MemFree:          633008 kB
MemAvailable:    1385980 kB
Buffers:           87388 kB
Cached:           693096 kB
MemTotal:        1844596 kB
MemFree:          632876 kB
MemAvailable:    1385848 kB
Buffers:           87388 kB
Cached:           693096 kB
MemTotal:        1844596 kB
MemFree:          633212 kB
MemAvailable:    1386184 kB
Buffers:           87388 kB
Cached:           693096 kB
MemTotal:        1844596 kB
MemFree:          631760 kB
MemAvailable:    1384732 kB
Buffers:           87388 kB
Cached:           693096 kB
MemTotal:        1844596 kB
MemFree:          632648 kB
MemAvailable:    1385620 kB
Buffers:           87388 kB
Cached:           693096 kB
MemTotal:        1844596 kB
MemFree:          630540 kB
MemAvailable:    1383512 kB
Buffers:           87388 kB
Cached:           693096 kB
MemTotal:        1844596 kB
MemFree:          631392 kB
MemAvailable:    1384364 kB
Buffers:           87388 kB
Cached:           693096 kB
MemTotal:        1844596 kB
MemFree:          630996 kB
MemAvailable:    1383968 kB
Buffers:           87388 kB
Cached:           693096 kB
MemTotal:        1844596 kB
MemFree:          631188 kB
MemAvailable:    1384160 kB
Buffers:           87388 kB
Cached:           693096 kB
MemTotal:        1844596 kB
MemFree:          631524 kB
MemAvailable:    1384496 kB
Buffers:           87388 kB
Cached:           693096 kB
MemTotal:        1844596 kB
MemFree:          631228 kB
MemAvailable:    1384200 kB
Buffers:           87388 kB
Cached:           693096 kB
MemTotal:        1844596 kB
MemFree:          629980 kB
MemAvailable:    1382952 kB
Buffers:           87388 kB
Cached:           693096 kB
MemTotal:        1844596 kB
MemFree:          630112 kB
MemAvailable:    1383084 kB
Buffers:           87388 kB
Cached:           693096 kB
MemTotal:        1844596 kB
MemFree:          631388 kB
MemAvailable:    1384360 kB
Buffers:           87388 kB
Cached:           693096 kB
MemTotal:        1844596 kB
MemFree:          631044 kB
MemAvailable:    1384016 kB
Buffers:           87388 kB
Cached:           693096 kB
MemTotal:        1844596 kB
MemFree:          631288 kB
MemAvailable:    1384260 kB
Buffers:           87388 kB
Cached:           693096 kB
MemTotal:        1844596 kB
MemFree:          631416 kB
MemAvailable:    1384388 kB
Buffers:           87388 kB
Cached:           693096 kB
MemTotal:        1844596 kB
MemFree:          630540 kB
MemAvailable:    1383512 kB
Buffers:           87388 kB
Cached:           693096 kB
MemTotal:        1844596 kB
MemFree:          631140 kB
MemAvailable:    1384112 kB
Buffers:           87388 kB
Cached:           693096 kB
MemTotal:        1844596 kB
MemFree:          631396 kB
MemAvailable:    1384368 kB
Buffers:           87388 kB
Cached:           693096 kB
MemTotal:        1844596 kB
MemFree:          631188 kB
MemAvailable:    1384164 kB
Buffers:           87388 kB
Cached:           693100 kB
MemTotal:        1844596 kB
MemFree:          631188 kB
MemAvailable:    1384164 kB
Buffers:           87388 kB
Cached:           693100 kB
MemTotal:        1844596 kB
MemFree:          631324 kB
MemAvailable:    1384300 kB
Buffers:           87388 kB
Cached:           693100 kB
MemTotal:        1844596 kB
MemFree:          631556 kB
MemAvailable:    1384536 kB
Buffers:           87388 kB
Cached:           693104 kB
MemTotal:        1844596 kB
MemFree:          631556 kB
MemAvailable:    1384536 kB
Buffers:           87388 kB
Cached:           693104 kB
MemTotal:        1844596 kB
MemFree:          631236 kB
MemAvailable:    1384216 kB
Buffers:           87388 kB
Cached:           693104 kB
MemTotal:        1844596 kB
MemFree:          631492 kB
MemAvailable:    1384472 kB
Buffers:           87388 kB
Cached:           693104 kB
MemTotal:        1844596 kB
MemFree:          631288 kB
MemAvailable:    1384268 kB
Buffers:           87388 kB
Cached:           693104 kB
MemTotal:        1844596 kB
MemFree:          631416 kB
MemAvailable:    1384396 kB
Buffers:           87388 kB
Cached:           693104 kB
MemTotal:        1844596 kB
MemFree:          630540 kB
MemAvailable:    1383520 kB
Buffers:           87388 kB
Cached:           693104 kB
MemTotal:        1844596 kB
MemFree:          631656 kB
MemAvailable:    1384636 kB
Buffers:           87388 kB
Cached:           693104 kB
MemTotal:        1844596 kB
MemFree:          630144 kB
MemAvailable:    1383124 kB
Buffers:           87388 kB
Cached:           693104 kB
MemTotal:        1844596 kB
MemFree:          630416 kB
MemAvailable:    1383396 kB
Buffers:           87388 kB
Cached:           693104 kB
MemTotal:        1844596 kB
MemFree:          631140 kB
MemAvailable:    1384120 kB
Buffers:           87388 kB
Cached:           693104 kB
MemTotal:        1844596 kB
MemFree:          631224 kB
MemAvailable:    1384204 kB
Buffers:           87388 kB
Cached:           693104 kB
MemTotal:        1844596 kB
MemFree:          631236 kB
MemAvailable:    1384216 kB
Buffers:           87388 kB
Cached:           693104 kB
MemTotal:        1844596 kB
MemFree:          629988 kB
MemAvailable:    1382968 kB
Buffers:           87388 kB
Cached:           693104 kB
MemTotal:        1844596 kB
MemFree:          631216 kB
MemAvailable:    1384196 kB
Buffers:           87388 kB
Cached:           693104 kB
MemTotal:        1844596 kB
MemFree:          631160 kB
MemAvailable:    1384140 kB
Buffers:           87388 kB
Cached:           693104 kB
MemTotal:        1844596 kB
MemFree:          631324 kB
MemAvailable:    1384304 kB
Buffers:           87388 kB
Cached:           693104 kB
MemTotal:        1844596 kB
MemFree:          631284 kB
MemAvailable:    1384264 kB
Buffers:           87388 kB
Cached:           693104 kB
MemTotal:        1844596 kB
MemFree:          630104 kB
MemAvailable:    1383084 kB
Buffers:           87388 kB
Cached:           693104 kB
MemTotal:        1844596 kB
MemFree:          630228 kB
MemAvailable:    1383208 kB
Buffers:           87388 kB
Cached:           693104 kB
MemTotal:        1844596 kB
MemFree:          631200 kB
MemAvailable:    1384180 kB
Buffers:           87388 kB
Cached:           693104 kB
MemTotal:        1844596 kB
MemFree:          631200 kB
MemAvailable:    1384180 kB
Buffers:           87388 kB
Cached:           693104 kB
MemTotal:        1844596 kB
MemFree:          629964 kB
MemAvailable:    1382944 kB
Buffers:           87388 kB
Cached:           693104 kB
MemTotal:        1844596 kB
MemFree:          631264 kB
MemAvailable:    1384244 kB
Buffers:           87388 kB
Cached:           693104 kB
MemTotal:        1844596 kB
MemFree:          631344 kB
MemAvailable:    1384324 kB
Buffers:           87388 kB
Cached:           693104 kB
MemTotal:        1844596 kB
MemFree:          631144 kB
MemAvailable:    1384124 kB
Buffers:           87388 kB
Cached:           693104 kB
MemTotal:        1844596 kB
MemFree:          631268 kB
MemAvailable:    1384248 kB
Buffers:           87388 kB
Cached:           693104 kB
MemTotal:        1844596 kB
MemFree:          628300 kB
MemAvailable:    1381280 kB
Buffers:           87388 kB
Cached:           693104 kB
MemTotal:        1844596 kB
MemFree:          626512 kB
MemAvailable:    1379492 kB
Buffers:           87388 kB
Cached:           693104 kB
MemTotal:        1844596 kB
MemFree:          624660 kB
MemAvailable:    1377640 kB
Buffers:           87388 kB
Cached:           693104 kB
MemTotal:        1844596 kB
MemFree:          619008 kB
MemAvailable:    1371988 kB
Buffers:           87388 kB
Cached:           693104 kB
MemTotal:        1844596 kB
MemFree:          615156 kB
MemAvailable:    1368136 kB
Buffers:           87388 kB
Cached:           693104 kB
MemTotal:        1844596 kB
MemFree:          614288 kB
MemAvailable:    1367268 kB
Buffers:           87388 kB
Cached:           693104 kB
MemTotal:        1844596 kB
MemFree:          612644 kB
MemAvailable:    1365628 kB
Buffers:           87388 kB
Cached:           693108 kB
MemTotal:        1844596 kB
MemFree:          610700 kB
MemAvailable:    1363684 kB
Buffers:           87388 kB
Cached:           693108 kB
MemTotal:        1844596 kB
MemFree:          611756 kB
MemAvailable:    1364740 kB
Buffers:           87388 kB
Cached:           693108 kB
MemTotal:        1844596 kB
MemFree:          612012 kB
MemAvailable:    1364996 kB
Buffers:           87388 kB
Cached:           693108 kB
MemTotal:        1844596 kB
MemFree:          611684 kB
MemAvailable:    1364668 kB
Buffers:           87388 kB
Cached:           693108 kB
MemTotal:        1844596 kB
MemFree:          611784 kB
MemAvailable:    1364768 kB
Buffers:           87388 kB
Cached:           693108 kB
MemTotal:        1844596 kB
MemFree:          612036 kB
MemAvailable:    1365020 kB
Buffers:           87388 kB
Cached:           693108 kB
MemTotal:        1844596 kB
MemFree:          611760 kB
MemAvailable:    1364744 kB
Buffers:           87388 kB
Cached:           693108 kB
MemTotal:        1844596 kB
MemFree:          611760 kB
MemAvailable:    1364744 kB
Buffers:           87388 kB
Cached:           693108 kB
MemTotal:        1844596 kB
MemFree:          610644 kB
MemAvailable:    1363628 kB
Buffers:           87388 kB
Cached:           693108 kB
MemTotal:        1844596 kB
MemFree:          611944 kB
MemAvailable:    1364928 kB
Buffers:           87388 kB
Cached:           693108 kB
MemTotal:        1844596 kB
MemFree:          611980 kB
MemAvailable:    1364964 kB
Buffers:           87388 kB
Cached:           693108 kB
MemTotal:        1844596 kB
MemFree:          610672 kB
MemAvailable:    1363656 kB
Buffers:           87388 kB
Cached:           693108 kB
MemTotal:        1844596 kB
MemFree:          610548 kB
MemAvailable:    1363532 kB
Buffers:           87388 kB
Cached:           693108 kB
MemTotal:        1844596 kB
MemFree:          612028 kB
MemAvailable:    1365012 kB
Buffers:           87388 kB
Cached:           693108 kB
MemTotal:        1844596 kB
MemFree:          611904 kB
MemAvailable:    1364888 kB
Buffers:           87388 kB
Cached:           693108 kB
MemTotal:        1844596 kB
MemFree:          611516 kB
MemAvailable:    1364500 kB
Buffers:           87388 kB
Cached:           693108 kB
MemTotal:        1844596 kB
MemFree:          611768 kB
MemAvailable:    1364752 kB
Buffers:           87388 kB
Cached:           693108 kB
MemTotal:        1844596 kB
MemFree:          610188 kB
MemAvailable:    1363172 kB
Buffers:           87388 kB
Cached:           693108 kB
MemTotal:        1844596 kB
MemFree:          610312 kB
MemAvailable:    1363296 kB
Buffers:           87388 kB
Cached:           693108 kB
MemTotal:        1844596 kB
MemFree:          610388 kB
MemAvailable:    1363372 kB
Buffers:           87388 kB
Cached:           693108 kB
MemTotal:        1844596 kB
MemFree:          610264 kB
MemAvailable:    1363248 kB
Buffers:           87388 kB
Cached:           693108 kB
MemTotal:        1844596 kB
MemFree:          611400 kB
MemAvailable:    1364384 kB
Buffers:           87388 kB
Cached:           693108 kB
MemTotal:        1844596 kB
MemFree:          611380 kB
MemAvailable:    1364364 kB
Buffers:           87388 kB
Cached:           693108 kB
MemTotal:        1844596 kB
MemFree:          611112 kB
MemAvailable:    1364096 kB
Buffers:           87388 kB
Cached:           693108 kB
MemTotal:        1844596 kB
MemFree:          610584 kB
MemAvailable:    1363568 kB
Buffers:           87388 kB
Cached:           693108 kB
MemTotal:        1844596 kB
MemFree:          609328 kB
MemAvailable:    1362312 kB
Buffers:           87388 kB
Cached:           693108 kB
MemTotal:        1844596 kB
MemFree:          607528 kB
MemAvailable:    1360512 kB
Buffers:           87388 kB
Cached:           693108 kB
MemTotal:        1844596 kB
MemFree:          603260 kB
MemAvailable:    1356244 kB
Buffers:           87388 kB
Cached:           693108 kB
MemTotal:        1844596 kB
MemFree:          602128 kB
MemAvailable:    1355116 kB
Buffers:           87388 kB
Cached:           693112 kB
MemTotal:        1844596 kB
MemFree:          602144 kB
MemAvailable:    1355132 kB
Buffers:           87388 kB
Cached:           693112 kB
MemTotal:        1844596 kB
MemFree:          601772 kB
MemAvailable:    1354760 kB
Buffers:           87388 kB
Cached:           693112 kB
MemTotal:        1844596 kB
MemFree:          601508 kB
MemAvailable:    1354496 kB
Buffers:           87388 kB
Cached:           693112 kB
MemTotal:        1844596 kB
MemFree:          599840 kB
MemAvailable:    1352828 kB
Buffers:           87388 kB
Cached:           693112 kB
MemTotal:        1844596 kB
MemFree:          600220 kB
MemAvailable:    1353208 kB
Buffers:           87388 kB
Cached:           693112 kB
MemTotal:        1844596 kB
MemFree:          601356 kB
MemAvailable:    1354344 kB
Buffers:           87388 kB
Cached:           693112 kB
MemTotal:        1844596 kB
MemFree:          601440 kB
MemAvailable:    1354428 kB
Buffers:           87388 kB
Cached:           693112 kB
MemTotal:        1844596 kB
MemFree:          599788 kB
MemAvailable:    1352776 kB
Buffers:           87388 kB
Cached:           693112 kB
MemTotal:        1844596 kB
MemFree:          598672 kB
MemAvailable:    1351660 kB
Buffers:           87388 kB
Cached:           693112 kB
MemTotal:        1844596 kB
MemFree:          599656 kB
MemAvailable:    1352644 kB
Buffers:           87388 kB
Cached:           693112 kB
MemTotal:        1844596 kB
MemFree:          599260 kB
MemAvailable:    1352416 kB
Buffers:           87388 kB
Cached:           693236 kB
MemTotal:        1844596 kB
MemFree:          599512 kB
MemAvailable:    1352668 kB
Buffers:           87388 kB
Cached:           693236 kB
MemTotal:        1844596 kB
MemFree:          599152 kB
MemAvailable:    1352500 kB
Buffers:           87388 kB
Cached:           693476 kB
MemTotal:        1844596 kB
MemFree:          599292 kB
MemAvailable:    1352640 kB
Buffers:           87388 kB
Cached:           693476 kB
MemTotal:        1844596 kB
MemFree:          598896 kB
MemAvailable:    1352412 kB
Buffers:           87388 kB
Cached:           693600 kB
MemTotal:        1844596 kB
MemFree:          598928 kB
MemAvailable:    1352444 kB
Buffers:           87388 kB
Cached:           693600 kB
MemTotal:        1844596 kB
MemFree:          597632 kB
MemAvailable:    1351148 kB
Buffers:           87388 kB
Cached:           693600 kB
MemTotal:        1844596 kB
MemFree:          598988 kB
MemAvailable:    1352504 kB
Buffers:           87388 kB
Cached:           693600 kB
MemTotal:        1844596 kB
MemFree:          597792 kB
MemAvailable:    1351392 kB
Buffers:           87388 kB
Cached:           693724 kB
MemTotal:        1844596 kB
MemFree:          598868 kB
MemAvailable:    1352468 kB
Buffers:           87388 kB
Cached:           693724 kB
MemTotal:        1844596 kB
MemFree:          598640 kB
MemAvailable:    1352240 kB
Buffers:           87388 kB
Cached:           693724 kB
MemTotal:        1844596 kB
MemFree:          598976 kB
MemAvailable:    1352576 kB
Buffers:           87388 kB
Cached:           693724 kB
MemTotal:        1844596 kB
MemFree:          598768 kB
MemAvailable:    1352368 kB
Buffers:           87388 kB
Cached:           693724 kB
MemTotal:        1844596 kB
MemFree:          598768 kB
MemAvailable:    1352368 kB
Buffers:           87388 kB
Cached:           693724 kB
MemTotal:        1844596 kB
MemFree:          599232 kB
MemAvailable:    1352244 kB
Buffers:           87388 kB
Cached:           693132 kB
MemTotal:        1844596 kB
MemFree:          599484 kB
MemAvailable:    1352496 kB
Buffers:           87388 kB
Cached:           693132 kB
MemTotal:        1844596 kB
MemFree:          599456 kB
MemAvailable:    1352468 kB
Buffers:           87388 kB
Cached:           693132 kB
MemTotal:        1844596 kB
MemFree:          675660 kB
MemAvailable:    1428672 kB
Buffers:           87388 kB
Cached:           693132 kB
MemTotal:        1844596 kB
MemFree:          790184 kB
MemAvailable:    1543196 kB
Buffers:           87388 kB
Cached:           693132 kB
