MemTotal:        1844596 kB
MemFree:          260496 kB
MemAvailable:    1544648 kB
Buffers:          103488 kB
Cached:          1197424 kB
MemTotal:        1844596 kB
MemFree:          233624 kB
MemAvailable:    1517852 kB
Buffers:          103488 kB
Cached:          1197456 kB
MemTotal:        1844596 kB
MemFree:          232136 kB
MemAvailable:    1516364 kB
Buffers:          103488 kB
Cached:          1197456 kB
MemTotal:        1844596 kB
MemFree:          231260 kB
MemAvailable:    1515488 kB
Buffers:          103488 kB
Cached:          1197456 kB
MemTotal:        1844596 kB
MemFree:          229772 kB
MemAvailable:    1514000 kB
Buffers:          103488 kB
Cached:          1197456 kB
MemTotal:        1844596 kB
MemFree:          229292 kB
MemAvailable:    1513520 kB
Buffers:          103488 kB
Cached:          1197456 kB
MemTotal:        1844596 kB
MemFree:          229780 kB
MemAvailable:    1514008 kB
Buffers:          103488 kB
Cached:          1197456 kB
MemTotal:        1844596 kB
MemFree:          227300 kB
MemAvailable:    1511528 kB
Buffers:          103488 kB
Cached:          1197456 kB
MemTotal:        1844596 kB
MemFree:          226372 kB
MemAvailable:    1510600 kB
Buffers:          103488 kB
Cached:          1197456 kB
MemTotal:        1844596 kB
MemFree:          223516 kB
MemAvailable:    1507744 kB
Buffers:          103488 kB
Cached:          1197456 kB
MemTotal:        1844596 kB
MemFree:          219052 kB
MemAvailable:    1503280 kB
Buffers:          103488 kB
Cached:          1197456 kB
MemTotal:        1844596 kB
MemFree:          217876 kB
MemAvailable:    1502104 kB
Buffers:          103488 kB
Cached:          1197456 kB
MemTotal:        1844596 kB
MemFree:          220108 kB
MemAvailable:    1504336 kB
Buffers:          103488 kB
Cached:          1197456 kB
MemTotal:        1844596 kB
MemFree:          219984 kB
MemAvailable:    1504212 kB
Buffers:          103488 kB
Cached:          1197456 kB
MemTotal:        1844596 kB
MemFree:          219984 kB
MemAvailable:    1504212 kB
Buffers:          103488 kB
Cached:          1197456 kB
MemTotal:        1844596 kB
MemFree:          220100 kB
MemAvailable:    1504328 kB
Buffers:          103488 kB
Cached:          1197456 kB
MemTotal:        1844596 kB
MemFree:          219860 kB
MemAvailable:    1504088 kB
Buffers:          103488 kB
Cached:          1197456 kB
MemTotal:        1844596 kB
MemFree:          219860 kB
MemAvailable:    1504088 kB
Buffers:          103488 kB
Cached:          1197456 kB
MemTotal:        1844596 kB
MemFree:          219480 kB
MemAvailable:    1503708 kB
Buffers:          103488 kB
Cached:          1197456 kB
MemTotal:        1844596 kB
MemFree:          219216 kB
MemAvailable:    1503444 kB
Buffers:          103488 kB
Cached:          1197456 kB
MemTotal:        1844596 kB
MemFree:          220580 kB
MemAvailable:    1504808 kB
Buffers:          103488 kB
Cached:          1197456 kB
MemTotal:        1844596 kB
MemFree:          219092 kB
MemAvailable:    1503320 kB
Buffers:          103488 kB
Cached:          1197456 kB
MemTotal:        1844596 kB
MemFree:          219968 kB
MemAvailable:    1504196 kB
Buffers:          103488 kB
Cached:          1197456 kB
MemTotal:        1844596 kB
MemFree:          219612 kB
MemAvailable:    1503840 kB
Buffers:          103488 kB
Cached:          1197456 kB
MemTotal:        1844596 kB
MemFree:          219804 kB
MemAvailable:    1504032 kB
Buffers:          103488 kB
Cached:          1197456 kB
MemTotal:        1844596 kB
MemFree:          218812 kB
MemAvailable:    1503040 kB
Buffers:          103488 kB
Cached:          1197456 kB
MemTotal:        1844596 kB
MemFree:          218496 kB
MemAvailable:    1502724 kB
Buffers:          103488 kB
Cached:          1197456 kB
MemTotal:        1844596 kB
MemFree:          218240 kB
MemAvailable:    1502468 kB
Buffers:          103488 kB
Cached:          1197456 kB
MemTotal:        1844596 kB
MemFree:          219036 kB
MemAvailable:    1503264 kB
Buffers:          103488 kB
Cached:          1197456 kB
MemTotal:        1844596 kB
MemFree:          218300 kB
MemAvailable:    1502528 kB
Buffers:          103488 kB
Cached:          1197456 kB
MemTotal:        1844596 kB
MemFree:          218116 kB
MemAvailable:    1502344 kB
Buffers:          103488 kB
Cached:          1197456 kB
MemTotal:        1844596 kB
MemFree:          217512 kB
MemAvailable:    1501740 kB
Buffers:          103488 kB
Cached:          1197456 kB
MemTotal:        1844596 kB
MemFree:          218004 kB
MemAvailable:    1502232 kB
Buffers:          103488 kB
Cached:          1197456 kB
MemTotal:        1844596 kB
MemFree:          216872 kB
MemAvailable:    1501100 kB
Buffers:          103488 kB
Cached:          1197456 kB
MemTotal:        1844596 kB
MemFree:          216884 kB
MemAvailable:    1501112 kB
Buffers:          103488 kB
Cached:          1197456 kB
MemTotal:        1844596 kB
MemFree:          218168 kB
MemAvailable:    1502396 kB
Buffers:          103488 kB
Cached:          1197456 kB
MemTotal:        1844596 kB
MemFree:          218208 kB
MemAvailable:    1502436 kB
Buffers:          103488 kB
Cached:          1197456 kB
MemTotal:        1844596 kB
MemFree:          216712 kB
MemAvailable:    1500940 kB
Buffers:          103488 kB
Cached:          1197456 kB
MemTotal:        1844596 kB
MemFree:          216836 kB
MemAvailable:    1501064 kB
Buffers:          103488 kB
Cached:          1197456 kB
MemTotal:        1844596 kB
MemFree:          214528 kB
MemAvailable:    1498756 kB
Buffers:          103488 kB
Cached:          1197456 kB
MemTotal:        1844596 kB
MemFree:          211676 kB
MemAvailable:    1495904 kB
Buffers:          103488 kB
Cached:          1197456 kB
MemTotal:        1844596 kB
MemFree:          212784 kB
MemAvailable:    1497012 kB
Buffers:          103488 kB
Cached:          1197456 kB
MemTotal:        1844596 kB
MemFree:          211676 kB
MemAvailable:    1495904 kB
Buffers:          103488 kB
Cached:          1197456 kB
MemTotal:        1844596 kB
MemFree:          212580 kB
MemAvailable:    1496816 kB
Buffers:          103488 kB
Cached:          1197460 kB
MemTotal:        1844596 kB
MemFree:          212552 kB
MemAvailable:    1496788 kB
Buffers:          103488 kB
Cached:          1197460 kB
MemTotal:        1844596 kB
MemFree:          211544 kB
MemAvailable:    1495780 kB
Buffers:          103488 kB
Cached:          1197460 kB
MemTotal:        1844596 kB
MemFree:          212588 kB
MemAvailable:    1496824 kB
Buffers:          103488 kB
Cached:          1197460 kB
MemTotal:        1844596 kB
MemFree:          211304 kB
MemAvailable:    1495540 kB
Buffers:          103488 kB
Cached:          1197460 kB
MemTotal:        1844596 kB
MemFree:          211180 kB
MemAvailable:    1495416 kB
Buffers:          103488 kB
Cached:          1197460 kB
MemTotal:        1844596 kB
MemFree:          211180 kB
MemAvailable:    1495416 kB
Buffers:          103488 kB
Cached:          1197460 kB
MemTotal:        1844596 kB
MemFree:          212412 kB
MemAvailable:    1496648 kB
Buffers:          103488 kB
Cached:          1197460 kB
MemTotal:        1844596 kB
MemFree:          212304 kB
MemAvailable:    1496540 kB
Buffers:          103488 kB
Cached:          1197460 kB
MemTotal:        1844596 kB
MemFree:          212164 kB
MemAvailable:    1496400 kB
Buffers:          103488 kB
Cached:          1197460 kB
MemTotal:        1844596 kB
MemFree:          211172 kB
MemAvailable:    1495408 kB
Buffers:          103488 kB
Cached:          1197460 kB
MemTotal:        1844596 kB
MemFree:          211048 kB
MemAvailable:    1495284 kB
Buffers:          103488 kB
Cached:          1197460 kB
MemTotal:        1844596 kB
MemFree:          207584 kB
MemAvailable:    1491820 kB
Buffers:          103488 kB
Cached:          1197460 kB
MemTotal:        1844596 kB
MemFree:          206636 kB
MemAvailable:    1490872 kB
Buffers:          103488 kB
Cached:          1197460 kB
MemTotal:        1844596 kB
MemFree:          206156 kB
MemAvailable:    1490392 kB
Buffers:          103488 kB
Cached:          1197460 kB
MemTotal:        1844596 kB
MemFree:          205668 kB
MemAvailable:    1489904 kB
Buffers:          103488 kB
Cached:          1197460 kB
MemTotal:        1844596 kB
MemFree:          204864 kB
MemAvailable:    1489100 kB
Buffers:          103488 kB
Cached:          1197460 kB
MemTotal:        1844596 kB
MemFree:          204692 kB
MemAvailable:    1488928 kB
Buffers:          103488 kB
Cached:          1197460 kB
MemTotal:        1844596 kB
MemFree:          204172 kB
MemAvailable:    1488408 kB
Buffers:          103488 kB
Cached:          1197460 kB
MemTotal:        1844596 kB
MemFree:          202880 kB
MemAvailable:    1487116 kB
Buffers:          103488 kB
Cached:          1197460 kB
MemTotal:        1844596 kB
MemFree:          203636 kB
MemAvailable:    1487876 kB
Buffers:          103488 kB
Cached:          1197464 kB
MemTotal:        1844596 kB
MemFree:          203568 kB
MemAvailable:    1487808 kB
Buffers:          103488 kB
Cached:          1197464 kB
MemTotal:        1844596 kB
MemFree:          203376 kB
MemAvailable:    1487616 kB
Buffers:          103488 kB
Cached:          1197464 kB
MemTotal:        1844596 kB
MemFree:          202740 kB
MemAvailable:    1486980 kB
Buffers:          103488 kB
Cached:          1197464 kB
MemTotal:        1844596 kB
MemFree:          202616 kB
MemAvailable:    1486856 kB
Buffers:          103488 kB
Cached:          1197464 kB
MemTotal:        1844596 kB
MemFree:          203544 kB
MemAvailable:    1487784 kB
Buffers:          103488 kB
Cached:          1197464 kB
MemTotal:        1844596 kB
MemFree:          202500 kB
MemAvailable:    1486740 kB
Buffers:          103488 kB
Cached:          1197464 kB
MemTotal:        1844596 kB
MemFree:          203380 kB
MemAvailable:    1487620 kB
Buffers:          103488 kB
Cached:          1197464 kB
MemTotal:        1844596 kB
MemFree:          202252 kB
MemAvailable:    1486492 kB
Buffers:          103488 kB
Cached:          1197464 kB
MemTotal:        1844596 kB
MemFree:          203660 kB
MemAvailable:    1487900 kB
Buffers:          103488 kB
Cached:          1197464 kB
MemTotal:        1844596 kB
MemFree:          203608 kB
MemAvailable:    1487848 kB
Buffers:          103488 kB
Cached:          1197464 kB
MemTotal:        1844596 kB
MemFree:          203096 kB
MemAvailable:    1487336 kB
Buffers:          103488 kB
Cached:          1197464 kB
MemTotal:        1844596 kB
MemFree:          202500 kB
MemAvailable:    1486740 kB
Buffers:          103488 kB
Cached:          1197464 kB
MemTotal:        1844596 kB
MemFree:          203100 kB
MemAvailable:    1487340 kB
Buffers:          103488 kB
Cached:          1197464 kB
MemTotal:        1844596 kB
MemFree:          203436 kB
MemAvailable:    1487676 kB
Buffers:          103488 kB
Cached:          1197464 kB
MemTotal:        1844596 kB
MemFree:          203112 kB
MemAvailable:    1487352 kB
Buffers:          103488 kB
Cached:          1197464 kB
MemTotal:        1844596 kB
MemFree:          203256 kB
MemAvailable:    1487496 kB
Buffers:          103488 kB
Cached:          1197464 kB
MemTotal:        1844596 kB
MemFree:          203124 kB
MemAvailable:    1487364 kB
Buffers:          103488 kB
Cached:          1197464 kB
MemTotal:        1844596 kB
MemFree:          202920 kB
MemAvailable:    1487160 kB
Buffers:          103488 kB
Cached:          1197464 kB
MemTotal:        1844596 kB
MemFree:          203172 kB
MemAvailable:    1487412 kB
Buffers:          103488 kB
Cached:          1197464 kB
MemTotal:        1844596 kB
MemFree:          200476 kB
MemAvailable:    1484716 kB
Buffers:          103488 kB
Cached:          1197464 kB
MemTotal:        1844596 kB
MemFree:          198904 kB
MemAvailable:    1483144 kB
Buffers:          103488 kB
Cached:          1197464 kB
MemTotal:        1844596 kB
MemFree:          194068 kB
MemAvailable:    1478308 kB
Buffers:          103488 kB
Cached:          1197464 kB
MemTotal:        1844596 kB
MemFree:          193944 kB
MemAvailable:    1478184 kB
Buffers:          103488 kB
Cached:          1197464 kB
MemTotal:        1844596 kB
MemFree:          193820 kB
MemAvailable:    1478060 kB
Buffers:          103488 kB
Cached:          1197464 kB
MemTotal:        1844596 kB
MemFree:          194864 kB
MemAvailable:    1479104 kB
Buffers:          103488 kB
Cached:          1197464 kB
MemTotal:        1844596 kB
MemFree:          193448 kB
MemAvailable:    1477688 kB
Buffers:          103488 kB
Cached:          1197464 kB
MemTotal:        1844596 kB
MemFree:          194704 kB
MemAvailable:    1478944 kB
Buffers:          103488 kB
Cached:          1197464 kB
MemTotal:        1844596 kB
MemFree:          193268 kB
MemAvailable:    1477508 kB
Buffers:          103488 kB
Cached:          1197464 kB
MemTotal:        1844596 kB
MemFree:          193560 kB
MemAvailable:    1477800 kB
Buffers:          103488 kB
Cached:          1197464 kB
MemTotal:        1844596 kB
MemFree:          193056 kB
MemAvailable:    1477296 kB
Buffers:          103488 kB
Cached:          1197464 kB
MemTotal:        1844596 kB
MemFree:          193264 kB
MemAvailable:    1477504 kB
Buffers:          103488 kB
Cached:          1197464 kB
MemTotal:        1844596 kB
MemFree:          194504 kB
MemAvailable:    1478744 kB
Buffers:          103488 kB
Cached:          1197464 kB
MemTotal:        1844596 kB
MemFree:          194476 kB
MemAvailable:    1478716 kB
Buffers:          103488 kB
Cached:          1197464 kB
MemTotal:        1844596 kB
MemFree:          194428 kB
MemAvailable:    1478668 kB
Buffers:          103488 kB
Cached:          1197464 kB
MemTotal:        1844596 kB
MemFree:          193252 kB
MemAvailable:    1477492 kB
Buffers:          103488 kB
Cached:          1197464 kB
MemTotal:        1844596 kB
MemFree:          194396 kB
MemAvailable:    1478636 kB
Buffers:          103488 kB
Cached:          1197464 kB
MemTotal:        1844596 kB
MemFree:          194564 kB
MemAvailable:    1478804 kB
Buffers:          103488 kB
Cached:          1197464 kB
MemTotal:        1844596 kB
MemFree:          194552 kB
MemAvailable:    1478792 kB
Buffers:          103488 kB
Cached:          1197464 kB
MemTotal:        1844596 kB
MemFree:          193696 kB
MemAvailable:    1477936 kB
Buffers:          103488 kB
Cached:          1197464 kB
MemTotal:        1844596 kB
MemFree:          194476 kB
MemAvailable:    1478720 kB
Buffers:          103488 kB
Cached:          1197468 kB
MemTotal:        1844596 kB
MemFree:          194448 kB
MemAvailable:    1478692 kB
Buffers:          103488 kB
Cached:          1197468 kB
MemTotal:        1844596 kB
MemFree:          194424 kB
MemAvailable:    1478668 kB
Buffers:          103488 kB
Cached:          1197468 kB
MemTotal:        1844596 kB
MemFree:          194440 kB
MemAvailable:    1478684 kB
Buffers:          103488 kB
Cached:          1197468 kB
MemTotal:        1844596 kB
MemFree:          194384 kB
MemAvailable:    1478628 kB
Buffers:          103488 kB
Cached:          1197468 kB
MemTotal:        1844596 kB
MemFree:          193268 kB
MemAvailable:    1477512 kB
Buffers:          103488 kB
Cached:          1197468 kB
MemTotal:        1844596 kB
MemFree:          193144 kB
MemAvailable:    1477388 kB
Buffers:          103488 kB
Cached:          1197468 kB
MemTotal:        1844596 kB
MemFree:          194412 kB
MemAvailable:    1478656 kB
Buffers:          103488 kB
Cached:          1197468 kB
MemTotal:        1844596 kB
MemFree:          194192 kB
MemAvailable:    1478436 kB
Buffers:          103488 kB
Cached:          1197468 kB
MemTotal:        1844596 kB
MemFree:          194648 kB
MemAvailable:    1478892 kB
Buffers:          103488 kB
Cached:          1197468 kB
MemTotal:        1844596 kB
MemFree:          194544 kB
MemAvailable:    1478788 kB
Buffers:          103488 kB
Cached:          1197468 kB
MemTotal:        1844596 kB
MemFree:          193140 kB
MemAvailable:    1477384 kB
Buffers:          103488 kB
Cached:          1197468 kB
MemTotal:        1844596 kB
MemFree:          194416 kB
MemAvailable:    1478660 kB
Buffers:          103488 kB
Cached:          1197468 kB
MemTotal:        1844596 kB
MemFree:          194668 kB
MemAvailable:    1478912 kB
Buffers:          103488 kB
Cached:          1197468 kB
MemTotal:        1844596 kB
MemFree:          194440 kB
MemAvailable:    1478684 kB
Buffers:          103488 kB
Cached:          1197468 kB
MemTotal:        1844596 kB
MemFree:          193316 kB
MemAvailable:    1477560 kB
Buffers:          103488 kB
Cached:          1197468 kB
MemTotal:        1844596 kB
MemFree:          193192 kB
MemAvailable:    1477436 kB
Buffers:          103488 kB
Cached:          1197468 kB
MemTotal:        1844596 kB
MemFree:          194440 kB
MemAvailable:    1478684 kB
Buffers:          103488 kB
Cached:          1197468 kB
MemTotal:        1844596 kB
MemFree:          192516 kB
MemAvailable:    1476760 kB
Buffers:          103488 kB
Cached:          1197468 kB
MemTotal:        1844596 kB
MemFree:          192208 kB
MemAvailable:    1476452 kB
Buffers:          103488 kB
Cached:          1197468 kB
MemTotal:        1844596 kB
MemFree:          186628 kB
MemAvailable:    1470872 kB
Buffers:          103488 kB
Cached:          1197468 kB
MemTotal:        1844596 kB
MemFree:          184024 kB
MemAvailable:    1468268 kB
Buffers:          103488 kB
Cached:          1197468 kB
MemTotal:        1844596 kB
MemFree:          184068 kB
MemAvailable:    1468312 kB
Buffers:          103488 kB
Cached:          1197468 kB
MemTotal:        1844596 kB
MemFree:          183704 kB
MemAvailable:    1467948 kB
Buffers:          103488 kB
Cached:          1197468 kB
MemTotal:        1844596 kB
MemFree:          183632 kB
MemAvailable:    1467876 kB
Buffers:          103488 kB
Cached:          1197468 kB
MemTotal:        1844596 kB
MemFree:          182916 kB
MemAvailable:    1467160 kB
Buffers:          103488 kB
Cached:          1197468 kB
MemTotal:        1844596 kB
MemFree:          183520 kB
MemAvailable:    1467764 kB
Buffers:          103488 kB
Cached:          1197468 kB
MemTotal:        1844596 kB
MemFree:          183580 kB
MemAvailable:    1467824 kB
Buffers:          103492 kB
Cached:          1197464 kB
MemTotal:        1844596 kB
MemFree:          183728 kB
MemAvailable:    1467972 kB
Buffers:          103492 kB
Cached:          1197464 kB
MemTotal:        1844596 kB
MemFree:          183040 kB
MemAvailable:    1467284 kB
Buffers:          103492 kB
Cached:          1197464 kB
MemTotal:        1844596 kB
MemFree:          183604 kB
MemAvailable:    1467848 kB
Buffers:          103492 kB
Cached:          1197464 kB
MemTotal:        1844596 kB
MemFree:          183724 kB
MemAvailable:    1467968 kB
Buffers:          103492 kB
Cached:          1197464 kB
MemTotal:        1844596 kB
MemFree:          182352 kB
MemAvailable:    1466596 kB
Buffers:          103492 kB
Cached:          1197464 kB
MemTotal:        1844596 kB
MemFree:          182352 kB
MemAvailable:    1466596 kB
Buffers:          103492 kB
Cached:          1197464 kB
MemTotal:        1844596 kB
MemFree:          183388 kB
MemAvailable:    1467636 kB
Buffers:          103492 kB
Cached:          1197468 kB
MemTotal:        1844596 kB
MemFree:          183724 kB
MemAvailable:    1467972 kB
Buffers:          103492 kB
Cached:          1197468 kB
MemTotal:        1844596 kB
MemFree:          182364 kB
MemAvailable:    1466612 kB
Buffers:          103492 kB
Cached:          1197468 kB
MemTotal:        1844596 kB
MemFree:          182360 kB
MemAvailable:    1466612 kB
Buffers:          103492 kB
Cached:          1197472 kB
MemTotal:        1844596 kB
MemFree:          183520 kB
MemAvailable:    1467772 kB
Buffers:          103492 kB
Cached:          1197472 kB
MemTotal:        1844596 kB
MemFree:          182020 kB
MemAvailable:    1466272 kB
Buffers:          103492 kB
Cached:          1197472 kB
MemTotal:        1844596 kB
MemFree:          183504 kB
MemAvailable:    1467756 kB
Buffers:          103492 kB
Cached:          1197472 kB
MemTotal:        1844596 kB
MemFree:          183280 kB
MemAvailable:    1467532 kB
Buffers:          103492 kB
Cached:          1197472 kB
MemTotal:        1844596 kB
MemFree:          182480 kB
MemAvailable:    1466732 kB
Buffers:          103492 kB
Cached:          1197472 kB
MemTotal:        1844596 kB
MemFree:          182480 kB
MemAvailable:    1466732 kB
Buffers:          103492 kB
Cached:          1197472 kB
MemTotal:        1844596 kB
MemFree:          182604 kB
MemAvailable:    1466856 kB
Buffers:          103492 kB
Cached:          1197472 kB
MemTotal:        1844596 kB
MemFree:          182480 kB
MemAvailable:    1466732 kB
Buffers:          103492 kB
Cached:          1197472 kB
MemTotal:        1844596 kB
MemFree:          183836 kB
MemAvailable:    1468088 kB
Buffers:          103492 kB
Cached:          1197472 kB
MemTotal:        1844596 kB
MemFree:          183632 kB
MemAvailable:    1467884 kB
Buffers:          103492 kB
Cached:          1197472 kB
MemTotal:        1844596 kB
MemFree:          183688 kB
MemAvailable:    1467940 kB
Buffers:          103492 kB
Cached:          1197472 kB
MemTotal:        1844596 kB
MemFree:          183740 kB
MemAvailable:    1467992 kB
Buffers:          103492 kB
Cached:          1197472 kB
MemTotal:        1844596 kB
MemFree:          182288 kB
MemAvailable:    1466540 kB
Buffers:          103492 kB
Cached:          1197472 kB
MemTotal:        1844596 kB
MemFree:          183548 kB
MemAvailable:    1467800 kB
Buffers:          103492 kB
Cached:          1197472 kB
MemTotal:        1844596 kB
MemFree:          183712 kB
MemAvailable:    1467964 kB
Buffers:          103492 kB
Cached:          1197472 kB
MemTotal:        1844596 kB
MemFree:          183772 kB
MemAvailable:    1468024 kB
Buffers:          103492 kB
Cached:          1197472 kB
MemTotal:        1844596 kB
MemFree:          183780 kB
MemAvailable:    1468032 kB
Buffers:          103492 kB
Cached:          1197472 kB
MemTotal:        1844596 kB
MemFree:          183572 kB
MemAvailable:    1467824 kB
Buffers:          103492 kB
Cached:          1197472 kB
MemTotal:        1844596 kB
MemFree:          182488 kB
MemAvailable:    1466740 kB
Buffers:          103492 kB
Cached:          1197472 kB
MemTotal:        1844596 kB
MemFree:          183736 kB
MemAvailable:    1467988 kB
Buffers:          103492 kB
Cached:          1197472 kB
MemTotal:        1844596 kB
MemFree:          182908 kB
MemAvailable:    1467160 kB
Buffers:          103492 kB
Cached:          1197472 kB
MemTotal:        1844596 kB
MemFree:          183640 kB
MemAvailable:    1467892 kB
Buffers:          103492 kB
Cached:          1197472 kB
MemTotal:        1844596 kB
MemFree:          183752 kB
MemAvailable:    1468004 kB
Buffers:          103492 kB
Cached:          1197472 kB
MemTotal:        1844596 kB
MemFree:          183884 kB
MemAvailable:    1468136 kB
Buffers:          103492 kB
Cached:          1197472 kB
MemTotal:        1844596 kB
MemFree:          182348 kB
MemAvailable:    1466600 kB
Buffers:          103492 kB
Cached:          1197472 kB
MemTotal:        1844596 kB
MemFree:          182384 kB
MemAvailable:    1466636 kB
Buffers:          103492 kB
Cached:          1197472 kB
MemTotal:        1844596 kB
MemFree:          183512 kB
MemAvailable:    1467764 kB
Buffers:          103492 kB
Cached:          1197472 kB
MemTotal:        1844596 kB
MemFree:          183612 kB
MemAvailable:    1467864 kB
Buffers:          103492 kB
Cached:          1197472 kB
MemTotal:        1844596 kB
MemFree:          183356 kB
MemAvailable:    1467608 kB
Buffers:          103492 kB
Cached:          1197472 kB
MemTotal:        1844596 kB
MemFree:          182240 kB
MemAvailable:    1466492 kB
Buffers:          103492 kB
Cached:          1197472 kB
MemTotal:        1844596 kB
MemFree:          182240 kB
MemAvailable:    1466492 kB
Buffers:          103492 kB
Cached:          1197472 kB
MemTotal:        1844596 kB
MemFree:          183024 kB
MemAvailable:    1467276 kB
Buffers:          103492 kB
Cached:          1197472 kB
MemTotal:        1844596 kB
MemFree:          182536 kB
MemAvailable:    1466788 kB
Buffers:          103492 kB
Cached:          1197472 kB
MemTotal:        1844596 kB
MemFree:          181280 kB
MemAvailable:    1465532 kB
Buffers:          103492 kB
Cached:          1197472 kB
MemTotal:        1844596 kB
MemFree:          182472 kB
MemAvailable:    1466724 kB
Buffers:          103492 kB
Cached:          1197472 kB
MemTotal:        1844596 kB
MemFree:          182724 kB
MemAvailable:    1466976 kB
Buffers:          103492 kB
Cached:          1197472 kB
MemTotal:        1844596 kB
MemFree:          182464 kB
MemAvailable:    1466716 kB
Buffers:          103492 kB
Cached:          1197472 kB
MemTotal:        1844596 kB
MemFree:          181288 kB
MemAvailable:    1465540 kB
Buffers:          103492 kB
Cached:          1197472 kB
MemTotal:        1844596 kB
MemFree:          181288 kB
MemAvailable:    1465540 kB
Buffers:          103492 kB
Cached:          1197472 kB
MemTotal:        1844596 kB
MemFree:          181156 kB
MemAvailable:    1465408 kB
Buffers:          103492 kB
Cached:          1197472 kB
MemTotal:        1844596 kB
MemFree:          181420 kB
MemAvailable:    1465672 kB
Buffers:          103492 kB
Cached:          1197472 kB
MemTotal:        1844596 kB
MemFree:          181036 kB
MemAvailable:    1465288 kB
Buffers:          103492 kB
Cached:          1197472 kB
MemTotal:        1844596 kB
MemFree:          181028 kB
MemAvailable:    1465280 kB
Buffers:          103492 kB
Cached:          1197472 kB
MemTotal:        1844596 kB
MemFree:          182460 kB
MemAvailable:    1466712 kB
Buffers:          103492 kB
Cached:          1197472 kB
MemTotal:        1844596 kB
MemFree:          181408 kB
MemAvailable:    1465660 kB
Buffers:          103492 kB
Cached:          1197472 kB
MemTotal:        1844596 kB
MemFree:          182148 kB
MemAvailable:    1466400 kB
Buffers:          103492 kB
Cached:          1197472 kB
MemTotal:        1844596 kB
MemFree:          182040 kB
MemAvailable:    1466292 kB
Buffers:          103492 kB
Cached:          1197472 kB
MemTotal:        1844596 kB
MemFree:          182028 kB
MemAvailable:    1466280 kB
Buffers:          103492 kB
Cached:          1197472 kB
MemTotal:        1844596 kB
MemFree:          181172 kB
MemAvailable:    1465424 kB
Buffers:          103492 kB
Cached:          1197472 kB
MemTotal:        1844596 kB
MemFree:          181040 kB
MemAvailable:    1465300 kB
Buffers:          103492 kB
Cached:          1197480 kB
MemTotal:        1844596 kB
MemFree:          182092 kB
MemAvailable:    1466352 kB
Buffers:          103492 kB
Cached:          1197480 kB
MemTotal:        1844596 kB
MemFree:          181040 kB
MemAvailable:    1465300 kB
Buffers:          103492 kB
Cached:          1197480 kB
MemTotal:        1844596 kB
MemFree:          181776 kB
MemAvailable:    1466036 kB
Buffers:          103492 kB
Cached:          1197480 kB
MemTotal:        1844596 kB
MemFree:          180612 kB
MemAvailable:    1464872 kB
Buffers:          103492 kB
Cached:          1197480 kB
MemTotal:        1844596 kB
MemFree:          180736 kB
MemAvailable:    1464996 kB
Buffers:          103492 kB
Cached:          1197480 kB
MemTotal:        1844596 kB
MemFree:          182100 kB
MemAvailable:    1466360 kB
Buffers:          103492 kB
Cached:          1197480 kB
MemTotal:        1844596 kB
MemFree:          182092 kB
MemAvailable:    1466352 kB
Buffers:          103492 kB
Cached:          1197480 kB
MemTotal:        1844596 kB
MemFree:          177328 kB
MemAvailable:    1461588 kB
Buffers:          103492 kB
Cached:          1197480 kB
MemTotal:        1844596 kB
MemFree:          173732 kB
MemAvailable:    1457992 kB
Buffers:          103492 kB
Cached:          1197480 kB
MemTotal:        1844596 kB
MemFree:          170136 kB
MemAvailable:    1454396 kB
Buffers:          103492 kB
Cached:          1197480 kB
MemTotal:        1844596 kB
MemFree:          171016 kB
MemAvailable:    1455276 kB
Buffers:          103492 kB
Cached:          1197480 kB
MemTotal:        1844596 kB
MemFree:          169476 kB
MemAvailable:    1453736 kB
Buffers:          103492 kB
Cached:          1197480 kB
MemTotal:        1844596 kB
MemFree:          170244 kB
MemAvailable:    1454504 kB
Buffers:          103492 kB
Cached:          1197480 kB
MemTotal:        1844596 kB
MemFree:          170136 kB
MemAvailable:    1454396 kB
Buffers:          103492 kB
Cached:          1197480 kB
MemTotal:        1844596 kB
MemFree:          170132 kB
MemAvailable:    1454392 kB
Buffers:          103492 kB
Cached:          1197480 kB
MemTotal:        1844596 kB
MemFree:          170280 kB
MemAvailable:    1454540 kB
Buffers:          103492 kB
Cached:          1197480 kB
MemTotal:        1844596 kB
MemFree:          168584 kB
MemAvailable:    1452844 kB
Buffers:          103492 kB
Cached:          1197480 kB
MemTotal:        1844596 kB
MemFree:          168508 kB
MemAvailable:    1452772 kB
Buffers:          103492 kB
Cached:          1197484 kB
MemTotal:        1844596 kB
MemFree:          168276 kB
MemAvailable:    1452540 kB
Buffers:          103492 kB
Cached:          1197484 kB
MemTotal:        1844596 kB
MemFree:          167476 kB
MemAvailable:    1451740 kB
Buffers:          103492 kB
Cached:          1197484 kB
MemTotal:        1844596 kB
MemFree:          166292 kB
MemAvailable:    1450556 kB
Buffers:          103492 kB
Cached:          1197484 kB
MemTotal:        1844596 kB
MemFree:          166168 kB
MemAvailable:    1450432 kB
Buffers:          103492 kB
Cached:          1197484 kB
MemTotal:        1844596 kB
MemFree:          166036 kB
MemAvailable:    1450300 kB
Buffers:          103492 kB
Cached:          1197484 kB
MemTotal:        1844596 kB
MemFree:          165788 kB
MemAvailable:    1450052 kB
Buffers:          103492 kB
Cached:          1197484 kB
MemTotal:        1844596 kB
MemFree:          166772 kB
MemAvailable:    1451036 kB
Buffers:          103492 kB
Cached:          1197484 kB
MemTotal:        1844596 kB
MemFree:          166424 kB
MemAvailable:    1450564 kB
Buffers:          103492 kB
Cached:          1197484 kB
MemTotal:        1844596 kB
MemFree:          166912 kB
MemAvailable:    1451176 kB
Buffers:          103492 kB
Cached:          1197484 kB
MemTotal:        1844596 kB
MemFree:          166548 kB
MemAvailable:    1450812 kB
Buffers:          103492 kB
Cached:          1197484 kB
MemTotal:        1844596 kB
MemFree:          165672 kB
MemAvailable:    1449936 kB
Buffers:          103492 kB
Cached:          1197484 kB
MemTotal:        1844596 kB
MemFree:          166800 kB
MemAvailable:    1451064 kB
Buffers:          103492 kB
Cached:          1197484 kB
MemTotal:        1844596 kB
MemFree:          165620 kB
MemAvailable:    1449884 kB
Buffers:          103492 kB
Cached:          1197484 kB
MemTotal:        1844596 kB
MemFree:          165620 kB
MemAvailable:    1449884 kB
Buffers:          103492 kB
Cached:          1197484 kB
MemTotal:        1844596 kB
MemFree:          166832 kB
MemAvailable:    1451096 kB
Buffers:          103492 kB
Cached:          1197484 kB
MemTotal:        1844596 kB
MemFree:          166400 kB
MemAvailable:    1450664 kB
Buffers:          103492 kB
Cached:          1197484 kB
MemTotal:        1844596 kB
MemFree:          166176 kB
MemAvailable:    1450440 kB
Buffers:          103492 kB
Cached:          1197484 kB
MemTotal:        1844596 kB
MemFree:          165044 kB
MemAvailable:    1449308 kB
Buffers:          103492 kB
Cached:          1197484 kB
MemTotal:        1844596 kB
MemFree:          165972 kB
MemAvailable:    1450236 kB
Buffers:          103492 kB
Cached:          1197484 kB
MemTotal:        1844596 kB
MemFree:          165528 kB
MemAvailable:    1449792 kB
Buffers:          103492 kB
Cached:          1197484 kB
MemTotal:        1844596 kB
MemFree:          163812 kB
MemAvailable:    1448076 kB
Buffers:          103492 kB
Cached:          1197484 kB
MemTotal:        1844596 kB
MemFree:          164848 kB
MemAvailable:    1449112 kB
Buffers:          103492 kB
Cached:          1197484 kB
MemTotal:        1844596 kB
MemFree:          163308 kB
MemAvailable:    1447572 kB
Buffers:          103492 kB
Cached:          1197484 kB
MemTotal:        1844596 kB
MemFree:          163556 kB
MemAvailable:    1447820 kB
Buffers:          103492 kB
Cached:          1197484 kB
MemTotal:        1844596 kB
MemFree:          163192 kB
MemAvailable:    1447456 kB
Buffers:          103492 kB
Cached:          1197484 kB
MemTotal:        1844596 kB
MemFree:          163548 kB
MemAvailable:    1447812 kB
Buffers:          103492 kB
Cached:          1197484 kB
MemTotal:        1844596 kB
MemFree:          162572 kB
MemAvailable:    1446836 kB
Buffers:          103492 kB
Cached:          1197484 kB
MemTotal:        1844596 kB
MemFree:          163260 kB
MemAvailable:    1447524 kB
Buffers:          103492 kB
Cached:          1197484 kB
MemTotal:        1844596 kB
MemFree:          162324 kB
MemAvailable:    1446588 kB
Buffers:          103492 kB
Cached:          1197484 kB
MemTotal:        1844596 kB
MemFree:          163052 kB
MemAvailable:    1447320 kB
Buffers:          103492 kB
Cached:          1197488 kB
MemTotal:        1844596 kB
MemFree:          161828 kB
MemAvailable:    1446096 kB
Buffers:          103492 kB
Cached:          1197488 kB
MemTotal:        1844596 kB
MemFree:          161944 kB
MemAvailable:    1446212 kB
Buffers:          103492 kB
Cached:          1197488 kB
MemTotal:        1844596 kB
MemFree:          162672 kB
MemAvailable:    1446940 kB
Buffers:          103492 kB
Cached:          1197488 kB
MemTotal:        1844596 kB
MemFree:          162448 kB
MemAvailable:    1446716 kB
Buffers:          103492 kB
Cached:          1197488 kB
MemTotal:        1844596 kB
MemFree:          162736 kB
MemAvailable:    1447004 kB
Buffers:          103492 kB
Cached:          1197488 kB
MemTotal:        1844596 kB
MemFree:          161960 kB
MemAvailable:    1446228 kB
Buffers:          103492 kB
Cached:          1197488 kB
MemTotal:        1844596 kB
MemFree:          162608 kB
MemAvailable:    1446876 kB
Buffers:          103492 kB
Cached:          1197488 kB
MemTotal:        1844596 kB
MemFree:          162580 kB
MemAvailable:    1446848 kB
Buffers:          103492 kB
Cached:          1197488 kB
MemTotal:        1844596 kB
MemFree:          162648 kB
MemAvailable:    1446916 kB
Buffers:          103492 kB
Cached:          1197488 kB
MemTotal:        1844596 kB
MemFree:          161408 kB
MemAvailable:    1445676 kB
Buffers:          103492 kB
Cached:          1197488 kB
MemTotal:        1844596 kB
MemFree:          161408 kB
MemAvailable:    1445676 kB
Buffers:          103492 kB
Cached:          1197488 kB
MemTotal:        1844596 kB
MemFree:          161532 kB
MemAvailable:    1445800 kB
Buffers:          103492 kB
Cached:          1197488 kB
MemTotal:        1844596 kB
MemFree:          161144 kB
MemAvailable:    1445412 kB
Buffers:          103492 kB
Cached:          1197488 kB
MemTotal:        1844596 kB
MemFree:          161816 kB
MemAvailable:    1446084 kB
Buffers:          103492 kB
Cached:          1197488 kB
MemTotal:        1844596 kB
MemFree:          161188 kB
MemAvailable:    1445456 kB
Buffers:          103492 kB
Cached:          1197488 kB
MemTotal:        1844596 kB
MemFree:          161436 kB
MemAvailable:    1445704 kB
Buffers:          103492 kB
Cached:          1197488 kB
MemTotal:        1844596 kB
MemFree:          162380 kB
MemAvailable:    1446648 kB
Buffers:          103492 kB
Cached:          1197488 kB
MemTotal:        1844596 kB
MemFree:          162208 kB
MemAvailable:    1446476 kB
Buffers:          103492 kB
Cached:          1197488 kB
MemTotal:        1844596 kB
MemFree:          162440 kB
MemAvailable:    1446708 kB
Buffers:          103492 kB
Cached:          1197488 kB
MemTotal:        1844596 kB
MemFree:          162692 kB
MemAvailable:    1446960 kB
Buffers:          103492 kB
Cached:          1197488 kB
MemTotal:        1844596 kB
MemFree:          162376 kB
MemAvailable:    1446644 kB
Buffers:          103492 kB
Cached:          1197488 kB
MemTotal:        1844596 kB
MemFree:          161284 kB
MemAvailable:    1445552 kB
Buffers:          103492 kB
Cached:          1197488 kB
MemTotal:        1844596 kB
MemFree:          162432 kB
MemAvailable:    1446700 kB
Buffers:          103492 kB
Cached:          1197488 kB
MemTotal:        1844596 kB
MemFree:          161952 kB
MemAvailable:    1446220 kB
Buffers:          103492 kB
Cached:          1197488 kB
MemTotal:        1844596 kB
MemFree:          162488 kB
MemAvailable:    1446756 kB
Buffers:          103492 kB
Cached:          1197488 kB
MemTotal:        1844596 kB
MemFree:          162316 kB
MemAvailable:    1446584 kB
Buffers:          103492 kB
Cached:          1197488 kB
MemTotal:        1844596 kB
MemFree:          162652 kB
MemAvailable:    1446920 kB
Buffers:          103492 kB
Cached:          1197488 kB
MemTotal:        1844596 kB
MemFree:          160588 kB
MemAvailable:    1444856 kB
Buffers:          103492 kB
Cached:          1197488 kB
MemTotal:        1844596 kB
MemFree:          161416 kB
MemAvailable:    1445684 kB
Buffers:          103492 kB
Cached:          1197488 kB
MemTotal:        1844596 kB
MemFree:          161456 kB
MemAvailable:    1445724 kB
Buffers:          103492 kB
Cached:          1197488 kB
MemTotal:        1844596 kB
MemFree:          159720 kB
MemAvailable:    1443988 kB
Buffers:          103492 kB
Cached:          1197488 kB
MemTotal:        1844596 kB
MemFree:          158912 kB
MemAvailable:    1443180 kB
Buffers:          103492 kB
Cached:          1197488 kB
MemTotal:        1844596 kB
MemFree:          156992 kB
MemAvailable:    1441260 kB
Buffers:          103492 kB
Cached:          1197488 kB
MemTotal:        1844596 kB
MemFree:          155776 kB
MemAvailable:    1440044 kB
Buffers:          103492 kB
Cached:          1197488 kB
MemTotal:        1844596 kB
MemFree:          154460 kB
MemAvailable:    1438728 kB
Buffers:          103492 kB
Cached:          1197488 kB
MemTotal:        1844596 kB
MemFree:          149428 kB
MemAvailable:    1433696 kB
Buffers:          103492 kB
Cached:          1197488 kB
MemTotal:        1844596 kB
MemFree:          145708 kB
MemAvailable:    1429976 kB
Buffers:          103492 kB
Cached:          1197488 kB
MemTotal:        1844596 kB
MemFree:          142732 kB
MemAvailable:    1427000 kB
Buffers:          103492 kB
Cached:          1197488 kB
MemTotal:        1844596 kB
MemFree:          143924 kB
MemAvailable:    1428196 kB
Buffers:          103492 kB
Cached:          1197492 kB
MemTotal:        1844596 kB
MemFree:          143608 kB
MemAvailable:    1427880 kB
Buffers:          103492 kB
Cached:          1197492 kB
MemTotal:        1844596 kB
MemFree:          143964 kB
MemAvailable:    1428236 kB
Buffers:          103492 kB
Cached:          1197492 kB
MemTotal:        1844596 kB
MemFree:          144104 kB
MemAvailable:    1428376 kB
Buffers:          103492 kB
Cached:          1197492 kB
MemTotal:        1844596 kB
MemFree:          143924 kB
MemAvailable:    1428196 kB
Buffers:          103492 kB
Cached:          1197492 kB
MemTotal:        1844596 kB
MemFree:          143900 kB
MemAvailable:    1428172 kB
Buffers:          103492 kB
Cached:          1197492 kB
MemTotal:        1844596 kB
MemFree:          142864 kB
MemAvailable:    1427136 kB
Buffers:          103492 kB
Cached:          1197492 kB
MemTotal:        1844596 kB
MemFree:          143848 kB
MemAvailable:    1428120 kB
Buffers:          103492 kB
Cached:          1197492 kB
MemTotal:        1844596 kB
MemFree:          143968 kB
MemAvailable:    1428240 kB
Buffers:          103492 kB
Cached:          1197492 kB
MemTotal:        1844596 kB
MemFree:          142484 kB
MemAvailable:    1426756 kB
Buffers:          103492 kB
Cached:          1197492 kB
MemTotal:        1844596 kB
MemFree:          143736 kB
MemAvailable:    1428008 kB
Buffers:          103492 kB
Cached:          1197492 kB
MemTotal:        1844596 kB
MemFree:          142688 kB
MemAvailable:    1426960 kB
Buffers:          103492 kB
Cached:          1197492 kB
MemTotal:        1844596 kB
MemFree:          143672 kB
MemAvailable:    1427944 kB
Buffers:          103492 kB
Cached:          1197492 kB
MemTotal:        1844596 kB
MemFree:          141856 kB
MemAvailable:    1426128 kB
Buffers:          103492 kB
Cached:          1197492 kB
MemTotal:        1844596 kB
MemFree:          141856 kB
MemAvailable:    1426128 kB
Buffers:          103492 kB
Cached:          1197492 kB
MemTotal:        1844596 kB
MemFree:          142832 kB
MemAvailable:    1427104 kB
Buffers:          103492 kB
Cached:          1197492 kB
MemTotal:        1844596 kB
MemFree:          142484 kB
MemAvailable:    1426756 kB
Buffers:          103492 kB
Cached:          1197492 kB
MemTotal:        1844596 kB
MemFree:          142836 kB
MemAvailable:    1427108 kB
Buffers:          103492 kB
Cached:          1197492 kB
MemTotal:        1844596 kB
MemFree:          142836 kB
MemAvailable:    1427108 kB
Buffers:          103492 kB
Cached:          1197492 kB
MemTotal:        1844596 kB
MemFree:          142848 kB
MemAvailable:    1427120 kB
Buffers:          103492 kB
Cached:          1197492 kB
MemTotal:        1844596 kB
MemFree:          141548 kB
MemAvailable:    1425820 kB
Buffers:          103492 kB
Cached:          1197492 kB
MemTotal:        1844596 kB
MemFree:          141548 kB
MemAvailable:    1425820 kB
Buffers:          103492 kB
Cached:          1197492 kB
MemTotal:        1844596 kB
MemFree:          141540 kB
MemAvailable:    1425812 kB
Buffers:          103492 kB
Cached:          1197492 kB
MemTotal:        1844596 kB
MemFree:          141672 kB
MemAvailable:    1425944 kB
Buffers:          103492 kB
Cached:          1197492 kB
MemTotal:        1844596 kB
MemFree:          142972 kB
MemAvailable:    1427244 kB
Buffers:          103492 kB
Cached:          1197492 kB
MemTotal:        1844596 kB
MemFree:          141540 kB
MemAvailable:    1425812 kB
Buffers:          103492 kB
Cached:          1197492 kB
MemTotal:        1844596 kB
MemFree:          141664 kB
MemAvailable:    1425936 kB
Buffers:          103492 kB
Cached:          1197492 kB
MemTotal:        1844596 kB
MemFree:          141540 kB
MemAvailable:    1425812 kB
Buffers:          103492 kB
Cached:          1197492 kB
MemTotal:        1844596 kB
MemFree:          142832 kB
MemAvailable:    1427104 kB
Buffers:          103492 kB
Cached:          1197492 kB
MemTotal:        1844596 kB
MemFree:          141824 kB
MemAvailable:    1426096 kB
Buffers:          103492 kB
Cached:          1197492 kB
MemTotal:        1844596 kB
MemFree:          141692 kB
MemAvailable:    1425964 kB
Buffers:          103492 kB
Cached:          1197492 kB
MemTotal:        1844596 kB
MemFree:          141492 kB
MemAvailable:    1425764 kB
Buffers:          103492 kB
Cached:          1197492 kB
MemTotal:        1844596 kB
MemFree:          137888 kB
MemAvailable:    1422160 kB
Buffers:          103492 kB
Cached:          1197492 kB
MemTotal:        1844596 kB
MemFree:          136284 kB
MemAvailable:    1420556 kB
Buffers:          103492 kB
Cached:          1197492 kB
MemTotal:        1844596 kB
MemFree:          131432 kB
MemAvailable:    1415704 kB
Buffers:          103492 kB
Cached:          1197492 kB
MemTotal:        1844596 kB
MemFree:          131144 kB
MemAvailable:    1415416 kB
Buffers:          103492 kB
Cached:          1197492 kB
MemTotal:        1844596 kB
MemFree:          126612 kB
MemAvailable:    1410884 kB
Buffers:          103492 kB
Cached:          1197492 kB
MemTotal:        1844596 kB
MemFree:          123636 kB
MemAvailable:    1407908 kB
Buffers:          103492 kB
Cached:          1197492 kB
MemTotal:        1844596 kB
MemFree:          124612 kB
MemAvailable:    1408884 kB
Buffers:          103492 kB
Cached:          1197492 kB
MemTotal:        1844596 kB
MemFree:          124132 kB
MemAvailable:    1408404 kB
Buffers:          103492 kB
Cached:          1197492 kB
MemTotal:        1844596 kB
MemFree:          123500 kB
MemAvailable:    1407772 kB
Buffers:          103492 kB
Cached:          1197492 kB
MemTotal:        1844596 kB
MemFree:          124600 kB
MemAvailable:    1408872 kB
Buffers:          103492 kB
Cached:          1197492 kB
MemTotal:        1844596 kB
MemFree:          124132 kB
MemAvailable:    1408404 kB
Buffers:          103492 kB
Cached:          1197492 kB
MemTotal:        1844596 kB
MemFree:          123332 kB
MemAvailable:    1407604 kB
Buffers:          103492 kB
Cached:          1197492 kB
MemTotal:        1844596 kB
MemFree:          123332 kB
MemAvailable:    1407604 kB
Buffers:          103492 kB
Cached:          1197492 kB
MemTotal:        1844596 kB
MemFree:          124608 kB
MemAvailable:    1408880 kB
Buffers:          103492 kB
Cached:          1197492 kB
MemTotal:        1844596 kB
MemFree:          123760 kB
MemAvailable:    1408032 kB
Buffers:          103492 kB
Cached:          1197492 kB
MemTotal:        1844596 kB
MemFree:          123628 kB
MemAvailable:    1407904 kB
Buffers:          103492 kB
Cached:          1197496 kB
MemTotal:        1844596 kB
MemFree:          124744 kB
MemAvailable:    1409020 kB
Buffers:          103492 kB
Cached:          1197496 kB
MemTotal:        1844596 kB
MemFree:          123504 kB
MemAvailable:    1407780 kB
Buffers:          103492 kB
Cached:          1197496 kB
MemTotal:        1844596 kB
MemFree:          123752 kB
MemAvailable:    1408028 kB
Buffers:          103492 kB
Cached:          1197496 kB
MemTotal:        1844596 kB
MemFree:          123628 kB
MemAvailable:    1407904 kB
Buffers:          103492 kB
Cached:          1197496 kB
MemTotal:        1844596 kB
MemFree:          124992 kB
MemAvailable:    1409268 kB
Buffers:          103492 kB
Cached:          1197496 kB
MemTotal:        1844596 kB
MemFree:          124556 kB
MemAvailable:    1408832 kB
Buffers:          103492 kB
Cached:          1197496 kB
MemTotal:        1844596 kB
MemFree:          124504 kB
MemAvailable:    1408780 kB
Buffers:          103492 kB
Cached:          1197496 kB
MemTotal:        1844596 kB
MemFree:          124500 kB
MemAvailable:    1408776 kB
Buffers:          103492 kB
Cached:          1197496 kB
MemTotal:        1844596 kB
MemFree:          124632 kB
MemAvailable:    1408908 kB
Buffers:          103492 kB
Cached:          1197496 kB
MemTotal:        1844596 kB
MemFree:          124628 kB
MemAvailable:    1408904 kB
Buffers:          103492 kB
Cached:          1197496 kB
MemTotal:        1844596 kB
MemFree:          124556 kB
MemAvailable:    1408832 kB
Buffers:          103492 kB
Cached:          1197496 kB
MemTotal:        1844596 kB
MemFree:          124264 kB
MemAvailable:    1408540 kB
Buffers:          103492 kB
Cached:          1197496 kB
MemTotal:        1844596 kB
MemFree:          124752 kB
MemAvailable:    1409028 kB
Buffers:          103492 kB
Cached:          1197496 kB
MemTotal:        1844596 kB
MemFree:          124440 kB
MemAvailable:    1408716 kB
Buffers:          103492 kB
Cached:          1197496 kB
MemTotal:        1844596 kB
MemFree:          124488 kB
MemAvailable:    1408764 kB
Buffers:          103492 kB
Cached:          1197496 kB
MemTotal:        1844596 kB
MemFree:          124532 kB
MemAvailable:    1408808 kB
Buffers:          103492 kB
Cached:          1197496 kB
MemTotal:        1844596 kB
MemFree:          124872 kB
MemAvailable:    1409148 kB
Buffers:          103492 kB
Cached:          1197496 kB
MemTotal:        1844596 kB
MemFree:          123500 kB
MemAvailable:    1407776 kB
Buffers:          103492 kB
Cached:          1197496 kB
MemTotal:        1844596 kB
MemFree:          124544 kB
MemAvailable:    1408820 kB
Buffers:          103492 kB
Cached:          1197496 kB
MemTotal:        1844596 kB
MemFree:          124536 kB
MemAvailable:    1408812 kB
Buffers:          103492 kB
Cached:          1197496 kB
MemTotal:        1844596 kB
MemFree:          123492 kB
MemAvailable:    1407768 kB
Buffers:          103492 kB
Cached:          1197496 kB
MemTotal:        1844596 kB
MemFree:          123356 kB
MemAvailable:    1407632 kB
Buffers:          103492 kB
Cached:          1197496 kB
MemTotal:        1844596 kB
MemFree:          124616 kB
MemAvailable:    1408896 kB
Buffers:          103492 kB
Cached:          1197500 kB
MemTotal:        1844596 kB
MemFree:          124580 kB
MemAvailable:    1408860 kB
Buffers:          103492 kB
Cached:          1197500 kB
MemTotal:        1844596 kB
MemFree:          124580 kB
MemAvailable:    1408860 kB
Buffers:          103492 kB
Cached:          1197500 kB
MemTotal:        1844596 kB
MemFree:          124356 kB
MemAvailable:    1408636 kB
Buffers:          103492 kB
Cached:          1197500 kB
MemTotal:        1844596 kB
MemFree:          124008 kB
MemAvailable:    1408288 kB
Buffers:          103492 kB
Cached:          1197500 kB
MemTotal:        1844596 kB
MemFree:          117676 kB
MemAvailable:    1401956 kB
Buffers:          103492 kB
Cached:          1197500 kB
MemTotal:        1844596 kB
MemFree:          116072 kB
MemAvailable:    1400352 kB
Buffers:          103492 kB
Cached:          1197500 kB
MemTotal:        1844596 kB
MemFree:          112476 kB
MemAvailable:    1396756 kB
Buffers:          103492 kB
Cached:          1197500 kB
MemTotal:        1844596 kB
MemFree:          109252 kB
MemAvailable:    1393532 kB
Buffers:          103492 kB
Cached:          1197500 kB
MemTotal:        1844596 kB
MemFree:          107508 kB
MemAvailable:    1391788 kB
Buffers:          103492 kB
Cached:          1197500 kB
MemTotal:        1844596 kB
MemFree:          107508 kB
MemAvailable:    1391788 kB
Buffers:          103492 kB
Cached:          1197500 kB
MemTotal:        1844596 kB
MemFree:          105980 kB
MemAvailable:    1390260 kB
Buffers:          103492 kB
Cached:          1197500 kB
MemTotal:        1844596 kB
MemFree:          106992 kB
MemAvailable:    1391272 kB
Buffers:          103492 kB
Cached:          1197500 kB
MemTotal:        1844596 kB
MemFree:          106276 kB
MemAvailable:    1390556 kB
Buffers:          103492 kB
Cached:          1197500 kB
MemTotal:        1844596 kB
MemFree:          106524 kB
MemAvailable:    1390804 kB
Buffers:          103492 kB
Cached:          1197500 kB
MemTotal:        1844596 kB
MemFree:          106328 kB
MemAvailable:    1390608 kB
Buffers:          103492 kB
Cached:          1197500 kB
MemTotal:        1844596 kB
MemFree:          106280 kB
MemAvailable:    1390560 kB
Buffers:          103492 kB
Cached:          1197500 kB
MemTotal:        1844596 kB
MemFree:          104972 kB
MemAvailable:    1389252 kB
Buffers:          103492 kB
Cached:          1197500 kB
MemTotal:        1844596 kB
MemFree:          106124 kB
MemAvailable:    1390404 kB
Buffers:          103492 kB
Cached:          1197500 kB
MemTotal:        1844596 kB
MemFree:          106284 kB
MemAvailable:    1390564 kB
Buffers:          103492 kB
Cached:          1197500 kB
MemTotal:        1844596 kB
MemFree:          106020 kB
MemAvailable:    1390300 kB
Buffers:          103492 kB
Cached:          1197500 kB
MemTotal:        1844596 kB
MemFree:          105904 kB
MemAvailable:    1390184 kB
Buffers:          103492 kB
Cached:          1197500 kB
MemTotal:        1844596 kB
MemFree:          106276 kB
MemAvailable:    1390556 kB
Buffers:          103492 kB
Cached:          1197500 kB
MemTotal:        1844596 kB
MemFree:          105268 kB
MemAvailable:    1389548 kB
Buffers:          103492 kB
Cached:          1197500 kB
MemTotal:        1844596 kB
MemFree:          105268 kB
MemAvailable:    1389548 kB
Buffers:          103492 kB
Cached:          1197500 kB
MemTotal:        1844596 kB
MemFree:          105020 kB
MemAvailable:    1389300 kB
Buffers:          103492 kB
Cached:          1197500 kB
MemTotal:        1844596 kB
MemFree:          103548 kB
MemAvailable:    1387828 kB
Buffers:          103492 kB
Cached:          1197500 kB
MemTotal:        1844596 kB
MemFree:          102804 kB
MemAvailable:    1387084 kB
Buffers:          103492 kB
Cached:          1197500 kB
MemTotal:        1844596 kB
MemFree:          103444 kB
MemAvailable:    1387724 kB
Buffers:          103492 kB
Cached:          1197500 kB
MemTotal:        1844596 kB
MemFree:          103312 kB
MemAvailable:    1387592 kB
Buffers:          103492 kB
Cached:          1197500 kB
MemTotal:        1844596 kB
MemFree:          101936 kB
MemAvailable:    1386216 kB
Buffers:          103492 kB
Cached:          1197500 kB
MemTotal:        1844596 kB
MemFree:          102540 kB
MemAvailable:    1386820 kB
Buffers:          103492 kB
Cached:          1197500 kB
MemTotal:        1844596 kB
MemFree:          102540 kB
MemAvailable:    1386820 kB
Buffers:          103492 kB
Cached:          1197500 kB
MemTotal:        1844596 kB
MemFree:          101060 kB
MemAvailable:    1385340 kB
Buffers:          103492 kB
Cached:          1197500 kB
MemTotal:        1844596 kB
MemFree:          100828 kB
MemAvailable:    1385108 kB
Buffers:          103492 kB
Cached:          1197500 kB
MemTotal:        1844596 kB
MemFree:          100192 kB
MemAvailable:    1384472 kB
Buffers:          103492 kB
Cached:          1197500 kB
MemTotal:        1844596 kB
MemFree:          100276 kB
MemAvailable:    1384556 kB
Buffers:          103492 kB
Cached:          1197500 kB
MemTotal:        1844596 kB
MemFree:           99888 kB
MemAvailable:    1384168 kB
Buffers:          103492 kB
Cached:          1197500 kB
MemTotal:        1844596 kB
MemFree:          100224 kB
MemAvailable:    1384504 kB
Buffers:          103492 kB
Cached:          1197500 kB
MemTotal:        1844596 kB
MemFree:          100252 kB
MemAvailable:    1384532 kB
Buffers:          103492 kB
Cached:          1197500 kB
MemTotal:        1844596 kB
MemFree:           98776 kB
MemAvailable:    1383056 kB
Buffers:          103492 kB
Cached:          1197500 kB
MemTotal:        1844596 kB
MemFree:           99876 kB
MemAvailable:    1384156 kB
Buffers:          103492 kB
Cached:          1197500 kB
MemTotal:        1844596 kB
MemFree:          100044 kB
MemAvailable:    1384324 kB
Buffers:          103492 kB
Cached:          1197500 kB
MemTotal:        1844596 kB
MemFree:           98340 kB
MemAvailable:    1382620 kB
Buffers:          103492 kB
Cached:          1197500 kB
MemTotal:        1844596 kB
MemFree:           98648 kB
MemAvailable:    1382928 kB
Buffers:          103492 kB
Cached:          1197500 kB
MemTotal:        1844596 kB
MemFree:           98316 kB
MemAvailable:    1382596 kB
Buffers:          103492 kB
Cached:          1197500 kB
MemTotal:        1844596 kB
MemFree:           98400 kB
MemAvailable:    1382680 kB
Buffers:          103492 kB
Cached:          1197500 kB
MemTotal:        1844596 kB
MemFree:           98408 kB
MemAvailable:    1382688 kB
Buffers:          103492 kB
Cached:          1197500 kB
MemTotal:        1844596 kB
MemFree:           97452 kB
MemAvailable:    1381732 kB
Buffers:          103492 kB
Cached:          1197500 kB
MemTotal:        1844596 kB
MemFree:           97196 kB
MemAvailable:    1381476 kB
Buffers:          103492 kB
Cached:          1197500 kB
MemTotal:        1844596 kB
MemFree:           97204 kB
MemAvailable:    1381484 kB
Buffers:          103492 kB
Cached:          1197500 kB
MemTotal:        1844596 kB
MemFree:           97188 kB
MemAvailable:    1381468 kB
Buffers:          103492 kB
Cached:          1197500 kB
MemTotal:        1844596 kB
MemFree:           97280 kB
MemAvailable:    1381560 kB
Buffers:          103492 kB
Cached:          1197500 kB
MemTotal:        1844596 kB
MemFree:           97280 kB
MemAvailable:    1381560 kB
Buffers:          103492 kB
Cached:          1197500 kB
MemTotal:        1844596 kB
MemFree:           98388 kB
MemAvailable:    1382668 kB
Buffers:          103492 kB
Cached:          1197500 kB
MemTotal:        1844596 kB
MemFree:           98640 kB
MemAvailable:    1382920 kB
Buffers:          103492 kB
Cached:          1197500 kB
MemTotal:        1844596 kB
MemFree:           98076 kB
MemAvailable:    1382356 kB
Buffers:          103492 kB
Cached:          1197500 kB
MemTotal:        1844596 kB
MemFree:           96956 kB
MemAvailable:    1381236 kB
Buffers:          103492 kB
Cached:          1197500 kB
MemTotal:        1844596 kB
MemFree:           98456 kB
MemAvailable:    1382736 kB
Buffers:          103492 kB
Cached:          1197500 kB
MemTotal:        1844596 kB
MemFree:           98396 kB
MemAvailable:    1382676 kB
Buffers:          103492 kB
Cached:          1197500 kB
MemTotal:        1844596 kB
MemFree:           98396 kB
MemAvailable:    1382676 kB
Buffers:          103492 kB
Cached:          1197500 kB
MemTotal:        1844596 kB
MemFree:           98504 kB
MemAvailable:    1382784 kB
Buffers:          103492 kB
Cached:          1197500 kB
MemTotal:        1844596 kB
MemFree:           98464 kB
MemAvailable:    1382744 kB
Buffers:          103492 kB
Cached:          1197500 kB
MemTotal:        1844596 kB
MemFree:           97728 kB
MemAvailable:    1382008 kB
Buffers:          103492 kB
Cached:          1197500 kB
MemTotal:        1844596 kB
MemFree:           98464 kB
MemAvailable:    1382744 kB
Buffers:          103492 kB
Cached:          1197500 kB
MemTotal:        1844596 kB
MemFree:           97176 kB
MemAvailable:    1381456 kB
Buffers:          103492 kB
Cached:          1197500 kB
MemTotal:        1844596 kB
MemFree:           98400 kB
MemAvailable:    1382680 kB
Buffers:          103492 kB
Cached:          1197500 kB
MemTotal:        1844596 kB
MemFree:           98524 kB
MemAvailable:    1382804 kB
Buffers:          103492 kB
Cached:          1197500 kB
MemTotal:        1844596 kB
MemFree:           98400 kB
MemAvailable:    1382680 kB
Buffers:          103492 kB
Cached:          1197500 kB
MemTotal:        1844596 kB
MemFree:           97176 kB
MemAvailable:    1381456 kB
Buffers:          103492 kB
Cached:          1197500 kB
MemTotal:        1844596 kB
MemFree:           98352 kB
MemAvailable:    1382632 kB
Buffers:          103492 kB
Cached:          1197500 kB
MemTotal:        1844596 kB
MemFree:           98452 kB
MemAvailable:    1382732 kB
Buffers:          103492 kB
Cached:          1197500 kB
MemTotal:        1844596 kB
MemFree:           97212 kB
MemAvailable:    1381492 kB
Buffers:          103492 kB
Cached:          1197500 kB
MemTotal:        1844596 kB
MemFree:           97336 kB
MemAvailable:    1381616 kB
Buffers:          103492 kB
Cached:          1197500 kB
MemTotal:        1844596 kB
MemFree:           98512 kB
MemAvailable:    1382792 kB
Buffers:          103492 kB
Cached:          1197500 kB
MemTotal:        1844596 kB
MemFree:           97728 kB
MemAvailable:    1382008 kB
Buffers:          103492 kB
Cached:          1197500 kB
MemTotal:        1844596 kB
MemFree:           98464 kB
MemAvailable:    1382744 kB
Buffers:          103492 kB
Cached:          1197500 kB
MemTotal:        1844596 kB
MemFree:           97472 kB
MemAvailable:    1381760 kB
Buffers:          103492 kB
Cached:          1197508 kB
MemTotal:        1844596 kB
MemFree:           97176 kB
MemAvailable:    1381464 kB
Buffers:          103492 kB
Cached:          1197508 kB
MemTotal:        1844596 kB
MemFree:           97176 kB
MemAvailable:    1381468 kB
Buffers:          103492 kB
Cached:          1197512 kB
MemTotal:        1844596 kB
MemFree:           97424 kB
MemAvailable:    1381716 kB
Buffers:          103492 kB
Cached:          1197512 kB
MemTotal:        1844596 kB
MemFree:           97176 kB
MemAvailable:    1381468 kB
Buffers:          103492 kB
Cached:          1197512 kB
MemTotal:        1844596 kB
MemFree:           98524 kB
MemAvailable:    1382816 kB
Buffers:          103492 kB
Cached:          1197512 kB
MemTotal:        1844596 kB
MemFree:           98404 kB
MemAvailable:    1382696 kB
Buffers:          103492 kB
Cached:          1197512 kB
MemTotal:        1844596 kB
MemFree:           98656 kB
MemAvailable:    1382948 kB
Buffers:          103492 kB
Cached:          1197512 kB
MemTotal:        1844596 kB
MemFree:           97092 kB
MemAvailable:    1381384 kB
Buffers:          103492 kB
Cached:          1197512 kB
MemTotal:        1844596 kB
MemFree:           98392 kB
MemAvailable:    1382684 kB
Buffers:          103492 kB
Cached:          1197512 kB
MemTotal:        1844596 kB
MemFree:           94984 kB
MemAvailable:    1379276 kB
Buffers:          103492 kB
Cached:          1197512 kB
MemTotal:        1844596 kB
MemFree:           94752 kB
MemAvailable:    1379044 kB
Buffers:          103492 kB
Cached:          1197512 kB
MemTotal:        1844596 kB
MemFree:           90768 kB
MemAvailable:    1375060 kB
Buffers:          103492 kB
Cached:          1197512 kB
MemTotal:        1844596 kB
MemFree:           90536 kB
MemAvailable:    1374828 kB
Buffers:          103492 kB
Cached:          1197512 kB
MemTotal:        1844596 kB
MemFree:           86684 kB
MemAvailable:    1370976 kB
Buffers:          103492 kB
Cached:          1197512 kB
MemTotal:        1844596 kB
MemFree:           84080 kB
MemAvailable:    1368372 kB
Buffers:          103492 kB
Cached:          1197512 kB
MemTotal:        1844596 kB
MemFree:           82212 kB
MemAvailable:    1366504 kB
Buffers:          103492 kB
Cached:          1197512 kB
MemTotal:        1844596 kB
MemFree:           78940 kB
MemAvailable:    1363232 kB
Buffers:          103492 kB
Cached:          1197512 kB
MemTotal:        1844596 kB
MemFree:           79192 kB
MemAvailable:    1363484 kB
Buffers:          103492 kB
Cached:          1197512 kB
MemTotal:        1844596 kB
MemFree:           78928 kB
MemAvailable:    1363220 kB
Buffers:          103492 kB
Cached:          1197512 kB
MemTotal:        1844596 kB
MemFree:           78872 kB
MemAvailable:    1363164 kB
Buffers:          103492 kB
Cached:          1197512 kB
MemTotal:        1844596 kB
MemFree:           78984 kB
MemAvailable:    1363276 kB
Buffers:          103492 kB
Cached:          1197512 kB
MemTotal:        1844596 kB
MemFree:           77736 kB
MemAvailable:    1362028 kB
Buffers:          103492 kB
Cached:          1197512 kB
MemTotal:        1844596 kB
MemFree:           78964 kB
MemAvailable:    1363256 kB
Buffers:          103492 kB
Cached:          1197512 kB
MemTotal:        1844596 kB
MemFree:           78692 kB
MemAvailable:    1362984 kB
Buffers:          103492 kB
Cached:          1197512 kB
MemTotal:        1844596 kB
MemFree:           79104 kB
MemAvailable:    1363396 kB
Buffers:          103492 kB
Cached:          1197512 kB
MemTotal:        1844596 kB
MemFree:           79188 kB
MemAvailable:    1363480 kB
Buffers:          103492 kB
Cached:          1197512 kB
MemTotal:        1844596 kB
MemFree:           79180 kB
MemAvailable:    1363472 kB
Buffers:          103492 kB
Cached:          1197512 kB
MemTotal:        1844596 kB
MemFree:           77880 kB
MemAvailable:    1362172 kB
Buffers:          103492 kB
Cached:          1197512 kB
MemTotal:        1844596 kB
MemFree:           78856 kB
MemAvailable:    1363148 kB
Buffers:          103492 kB
Cached:          1197512 kB
MemTotal:        1844596 kB
MemFree:           78856 kB
MemAvailable:    1363148 kB
Buffers:          103492 kB
Cached:          1197512 kB
MemTotal:        1844596 kB
MemFree:           78876 kB
MemAvailable:    1363168 kB
Buffers:          103492 kB
Cached:          1197512 kB
MemTotal:        1844596 kB
MemFree:           77756 kB
MemAvailable:    1362048 kB
Buffers:          103492 kB
Cached:          1197512 kB
MemTotal:        1844596 kB
MemFree:           78444 kB
MemAvailable:    1362736 kB
Buffers:          103492 kB
Cached:          1197512 kB
MemTotal:        1844596 kB
MemFree:           78700 kB
MemAvailable:    1362992 kB
Buffers:          103492 kB
Cached:          1197512 kB
MemTotal:        1844596 kB
MemFree:           78624 kB
MemAvailable:    1362916 kB
Buffers:          103492 kB
Cached:          1197512 kB
MemTotal:        1844596 kB
MemFree:           78560 kB
MemAvailable:    1362852 kB
Buffers:          103492 kB
Cached:          1197512 kB
MemTotal:        1844596 kB
MemFree:           78812 kB
MemAvailable:    1363104 kB
Buffers:          103492 kB
Cached:          1197512 kB
MemTotal:        1844596 kB
MemFree:           77336 kB
MemAvailable:    1361628 kB
Buffers:          103492 kB
Cached:          1197512 kB
MemTotal:        1844596 kB
MemFree:           78632 kB
MemAvailable:    1362924 kB
Buffers:          103492 kB
Cached:          1197512 kB
MemTotal:        1844596 kB
MemFree:           77888 kB
MemAvailable:    1362180 kB
Buffers:          103492 kB
Cached:          1197512 kB
MemTotal:        1844596 kB
MemFree:           78624 kB
MemAvailable:    1362916 kB
Buffers:          103492 kB
Cached:          1197512 kB
MemTotal:        1844596 kB
MemFree:           78304 kB
MemAvailable:    1362596 kB
Buffers:          103492 kB
Cached:          1197512 kB
MemTotal:        1844596 kB
MemFree:           77144 kB
MemAvailable:    1361436 kB
Buffers:          103492 kB
Cached:          1197512 kB
MemTotal:        1844596 kB
MemFree:           77692 kB
MemAvailable:    1361984 kB
Buffers:          103492 kB
Cached:          1197512 kB
MemTotal:        1844596 kB
MemFree:           77884 kB
MemAvailable:    1362176 kB
Buffers:          103492 kB
Cached:          1197512 kB
MemTotal:        1844596 kB
MemFree:           70500 kB
MemAvailable:    1354792 kB
Buffers:          103492 kB
Cached:          1197512 kB
MemTotal:        1844596 kB
MemFree:           66620 kB
MemAvailable:    1350912 kB
Buffers:          103492 kB
Cached:          1197512 kB
MemTotal:        1844596 kB
MemFree:           68820 kB
MemAvailable:    1353112 kB
Buffers:          103492 kB
Cached:          1197512 kB
MemTotal:        1844596 kB
MemFree:           68464 kB
MemAvailable:    1352756 kB
Buffers:          103492 kB
Cached:          1197512 kB
MemTotal:        1844596 kB
MemFree:           68372 kB
MemAvailable:    1352664 kB
Buffers:          103492 kB
Cached:          1197512 kB
MemTotal:        1844596 kB
MemFree:           68708 kB
MemAvailable:    1353000 kB
Buffers:          103492 kB
Cached:          1197512 kB
MemTotal:        1844596 kB
MemFree:           68380 kB
MemAvailable:    1352672 kB
Buffers:          103492 kB
Cached:          1197512 kB
MemTotal:        1844596 kB
MemFree:           68380 kB
MemAvailable:    1352672 kB
Buffers:          103492 kB
Cached:          1197512 kB
MemTotal:        1844596 kB
MemFree:           67380 kB
MemAvailable:    1351672 kB
Buffers:          103492 kB
Cached:          1197512 kB
MemTotal:        1844596 kB
MemFree:           67960 kB
MemAvailable:    1352252 kB
Buffers:          103492 kB
Cached:          1197512 kB
MemTotal:        1844596 kB
MemFree:           68912 kB
MemAvailable:    1353208 kB
Buffers:          103492 kB
Cached:          1197516 kB
MemTotal:        1844596 kB
MemFree:           69016 kB
MemAvailable:    1353312 kB
Buffers:          103492 kB
Cached:          1197640 kB
MemTotal:        1844596 kB
MemFree:           67456 kB
MemAvailable:    1351836 kB
Buffers:          103492 kB
Cached:          1197640 kB
MemTotal:        1844596 kB
MemFree:           68640 kB
MemAvailable:    1353188 kB
Buffers:          103492 kB
Cached:          1197764 kB
MemTotal:        1844596 kB
MemFree:           68316 kB
MemAvailable:    1353032 kB
Buffers:          103492 kB
Cached:          1197888 kB
MemTotal:        1844596 kB
MemFree:           66936 kB
MemAvailable:    1351652 kB
Buffers:          103492 kB
Cached:          1198012 kB
MemTotal:        1844596 kB
MemFree:           66880 kB
MemAvailable:    1351764 kB
Buffers:          103492 kB
Cached:          1198136 kB
MemTotal:        1844596 kB
MemFree:           66832 kB
MemAvailable:    1351716 kB
Buffers:          103492 kB
Cached:          1198136 kB
MemTotal:        1844596 kB
MemFree:           66812 kB
MemAvailable:    1351780 kB
Buffers:          103492 kB
Cached:          1198136 kB
MemTotal:        1844596 kB
MemFree:           66564 kB
MemAvailable:    1351532 kB
Buffers:          103492 kB
Cached:          1198136 kB
MemTotal:        1844596 kB
MemFree:           66564 kB
MemAvailable:    1351532 kB
Buffers:          103492 kB
Cached:          1198136 kB
MemTotal:        1844596 kB
MemFree:           66532 kB
MemAvailable:    1351500 kB
Buffers:          103492 kB
Cached:          1198136 kB
MemTotal:        1844596 kB
MemFree:           67880 kB
MemAvailable:    1352848 kB
Buffers:          103492 kB
Cached:          1198136 kB
MemTotal:        1844596 kB
MemFree:           67876 kB
MemAvailable:    1352844 kB
Buffers:          103492 kB
Cached:          1198136 kB
MemTotal:        1844596 kB
MemFree:           67520 kB
MemAvailable:    1352572 kB
Buffers:          103496 kB
Cached:          1198256 kB
MemTotal:        1844596 kB
MemFree:           67076 kB
MemAvailable:    1352128 kB
Buffers:          103496 kB
Cached:          1198256 kB
MemTotal:        1844596 kB
MemFree:           68120 kB
MemAvailable:    1352416 kB
Buffers:          103496 kB
Cached:          1197500 kB
MemTotal:        1844596 kB
MemFree:           68120 kB
MemAvailable:    1352416 kB
Buffers:          103496 kB
Cached:          1197500 kB
MemTotal:        1844596 kB
MemFree:          213880 kB
MemAvailable:    1498176 kB
Buffers:          103496 kB
Cached:          1197624 kB
