MemTotal:        1844596 kB
MemFree:          809116 kB
MemAvailable:    1545608 kB
Buffers:           87020 kB
Cached:           677668 kB
MemTotal:        1844596 kB
MemFree:          782968 kB
MemAvailable:    1519420 kB
Buffers:           87020 kB
Cached:           677596 kB
MemTotal:        1844596 kB
MemFree:          780488 kB
MemAvailable:    1516940 kB
Buffers:           87020 kB
Cached:           677596 kB
MemTotal:        1844596 kB
MemFree:          781480 kB
MemAvailable:    1517932 kB
Buffers:           87020 kB
Cached:           677596 kB
MemTotal:        1844596 kB
MemFree:          778688 kB
MemAvailable:    1515140 kB
Buffers:           87020 kB
Cached:           677596 kB
MemTotal:        1844596 kB
MemFree:          778580 kB
MemAvailable:    1515032 kB
Buffers:           87020 kB
Cached:           677596 kB
MemTotal:        1844596 kB
MemFree:          775652 kB
MemAvailable:    1512104 kB
Buffers:           87020 kB
Cached:           677596 kB
MemTotal:        1844596 kB
MemFree:          773668 kB
MemAvailable:    1510120 kB
Buffers:           87020 kB
Cached:           677596 kB
MemTotal:        1844596 kB
MemFree:          771164 kB
MemAvailable:    1507616 kB
Buffers:           87020 kB
Cached:           677596 kB
MemTotal:        1844596 kB
MemFree:          771252 kB
MemAvailable:    1507704 kB
Buffers:           87020 kB
Cached:           677596 kB
MemTotal:        1844596 kB
MemFree:          769808 kB
MemAvailable:    1506260 kB
Buffers:           87020 kB
Cached:           677596 kB
MemTotal:        1844596 kB
MemFree:          769728 kB
MemAvailable:    1506180 kB
Buffers:           87020 kB
Cached:           677596 kB
MemTotal:        1844596 kB
MemFree:          768616 kB
MemAvailable:    1505068 kB
Buffers:           87020 kB
Cached:           677596 kB
MemTotal:        1844596 kB
MemFree:          769856 kB
MemAvailable:    1506308 kB
Buffers:           87020 kB
Cached:           677596 kB
MemTotal:        1844596 kB
MemFree:          768360 kB
MemAvailable:    1504812 kB
Buffers:           87020 kB
Cached:           677596 kB
MemTotal:        1844596 kB
MemFree:          769600 kB
MemAvailable:    1506052 kB
Buffers:           87020 kB
Cached:           677596 kB
MemTotal:        1844596 kB
MemFree:          769528 kB
MemAvailable:    1505980 kB
Buffers:           87020 kB
Cached:           677596 kB
MemTotal:        1844596 kB
MemFree:          769272 kB
MemAvailable:    1505724 kB
Buffers:           87020 kB
Cached:           677596 kB
MemTotal:        1844596 kB
MemFree:          769140 kB
MemAvailable:    1505592 kB
Buffers:           87020 kB
Cached:           677596 kB
MemTotal:        1844596 kB
MemFree:          767792 kB
MemAvailable:    1504244 kB
Buffers:           87020 kB
Cached:           677596 kB
MemTotal:        1844596 kB
MemFree:          769220 kB
MemAvailable:    1505672 kB
Buffers:           87020 kB
Cached:           677596 kB
MemTotal:        1844596 kB
MemFree:          767708 kB
MemAvailable:    1504160 kB
Buffers:           87020 kB
Cached:           677596 kB
MemTotal:        1844596 kB
MemFree:          768816 kB
MemAvailable:    1505268 kB
Buffers:           87020 kB
Cached:           677596 kB
MemTotal:        1844596 kB
MemFree:          767500 kB
MemAvailable:    1503952 kB
Buffers:           87020 kB
Cached:           677596 kB
MemTotal:        1844596 kB
MemFree:          768340 kB
MemAvailable:    1504792 kB
Buffers:           87020 kB
Cached:           677596 kB
MemTotal:        1844596 kB
MemFree:          768676 kB
MemAvailable:    1505128 kB
Buffers:           87020 kB
Cached:           677596 kB
MemTotal:        1844596 kB
MemFree:          768244 kB
MemAvailable:    1504696 kB
Buffers:           87020 kB
Cached:           677596 kB
MemTotal:        1844596 kB
MemFree:          767508 kB
MemAvailable:    1503960 kB
Buffers:           87020 kB
Cached:           677596 kB
MemTotal:        1844596 kB
MemFree:          767692 kB
MemAvailable:    1504144 kB
Buffers:           87020 kB
Cached:           677596 kB
MemTotal:        1844596 kB
MemFree:          767748 kB
MemAvailable:    1504200 kB
Buffers:           87020 kB
Cached:           677596 kB
MemTotal:        1844596 kB
MemFree:          766012 kB
MemAvailable:    1502464 kB
Buffers:           87020 kB
Cached:           677596 kB
MemTotal:        1844596 kB
MemFree:          765756 kB
MemAvailable:    1502208 kB
Buffers:           87020 kB
Cached:           677596 kB
MemTotal:        1844596 kB
MemFree:          765640 kB
MemAvailable:    1502092 kB
Buffers:           87020 kB
Cached:           677596 kB
MemTotal:        1844596 kB
MemFree:          766872 kB
MemAvailable:    1503324 kB
Buffers:           87020 kB
Cached:           677596 kB
MemTotal:        1844596 kB
MemFree:          766748 kB
MemAvailable:    1503200 kB
Buffers:           87020 kB
Cached:           677596 kB
MemTotal:        1844596 kB
MemFree:          767000 kB
MemAvailable:    1503452 kB
Buffers:           87020 kB
Cached:           677596 kB
MemTotal:        1844596 kB
MemFree:          765384 kB
MemAvailable:    1501836 kB
Buffers:           87020 kB
Cached:           677596 kB
MemTotal:        1844596 kB
MemFree:          765460 kB
MemAvailable:    1501912 kB
Buffers:           87020 kB
Cached:           677596 kB
MemTotal:        1844596 kB
MemFree:          765336 kB
MemAvailable:    1501788 kB
Buffers:           87020 kB
Cached:           677596 kB
MemTotal:        1844596 kB
MemFree:          766136 kB
MemAvailable:    1502588 kB
Buffers:           87020 kB
Cached:           677596 kB
MemTotal:        1844596 kB
MemFree:          761920 kB
MemAvailable:    1498372 kB
Buffers:           87020 kB
Cached:           677596 kB
MemTotal:        1844596 kB
MemFree:          761484 kB
MemAvailable:    1497936 kB
Buffers:           87020 kB
Cached:           677596 kB
MemTotal:        1844596 kB
MemFree:          760176 kB
MemAvailable:    1496628 kB
Buffers:           87020 kB
Cached:           677596 kB
MemTotal:        1844596 kB
MemFree:          760004 kB
MemAvailable:    1496456 kB
Buffers:           87020 kB
Cached:           677596 kB
MemTotal:        1844596 kB
MemFree:          760128 kB
MemAvailable:    1496580 kB
Buffers:           87020 kB
Cached:           677596 kB
MemTotal:        1844596 kB
MemFree:          761360 kB
MemAvailable:    1497812 kB
Buffers:           87020 kB
Cached:           677596 kB
MemTotal:        1844596 kB
MemFree:          760980 kB
MemAvailable:    1497432 kB
Buffers:           87020 kB
Cached:           677596 kB
MemTotal:        1844596 kB
MemFree:          760812 kB
MemAvailable:    1497264 kB
Buffers:           87020 kB
Cached:           677596 kB
MemTotal:        1844596 kB
MemFree:          759680 kB
MemAvailable:    1496132 kB
Buffers:           87020 kB
Cached:           677596 kB
MemTotal:        1844596 kB
MemFree:          759804 kB
MemAvailable:    1496256 kB
Buffers:           87020 kB
Cached:           677596 kB
MemTotal:        1844596 kB
MemFree:          760912 kB
MemAvailable:    1497364 kB
Buffers:           87020 kB
Cached:           677596 kB
MemTotal:        1844596 kB
MemFree:          760912 kB
MemAvailable:    1497364 kB
Buffers:           87020 kB
Cached:           677596 kB
MemTotal:        1844596 kB
MemFree:          760920 kB
MemAvailable:    1497372 kB
Buffers:           87020 kB
Cached:           677596 kB
MemTotal:        1844596 kB
MemFree:          761172 kB
MemAvailable:    1497624 kB
Buffers:           87020 kB
Cached:           677596 kB
MemTotal:        1844596 kB
MemFree:          759640 kB
MemAvailable:    1496092 kB
Buffers:           87020 kB
Cached:           677596 kB
MemTotal:        1844596 kB
MemFree:          759640 kB
MemAvailable:    1496092 kB
Buffers:           87020 kB
Cached:           677596 kB
MemTotal:        1844596 kB
MemFree:          756640 kB
MemAvailable:    1493092 kB
Buffers:           87020 kB
Cached:           677596 kB
MemTotal:        1844596 kB
MemFree:          755092 kB
MemAvailable:    1491544 kB
Buffers:           87020 kB
Cached:           677596 kB
MemTotal:        1844596 kB
MemFree:          754844 kB
MemAvailable:    1491296 kB
Buffers:           87020 kB
Cached:           677596 kB
MemTotal:        1844596 kB
MemFree:          754652 kB
MemAvailable:    1491104 kB
Buffers:           87020 kB
Cached:           677596 kB
MemTotal:        1844596 kB
MemFree:          754480 kB
MemAvailable:    1490932 kB
Buffers:           87020 kB
Cached:           677596 kB
MemTotal:        1844596 kB
MemFree:          752000 kB
MemAvailable:    1488452 kB
Buffers:           87020 kB
Cached:           677596 kB
MemTotal:        1844596 kB
MemFree:          752620 kB
MemAvailable:    1489072 kB
Buffers:           87020 kB
Cached:           677596 kB
MemTotal:        1844596 kB
MemFree:          751124 kB
MemAvailable:    1487576 kB
Buffers:           87020 kB
Cached:           677596 kB
MemTotal:        1844596 kB
MemFree:          751248 kB
MemAvailable:    1487700 kB
Buffers:           87020 kB
Cached:           677596 kB
MemTotal:        1844596 kB
MemFree:          752480 kB
MemAvailable:    1488932 kB
Buffers:           87020 kB
Cached:           677596 kB
MemTotal:        1844596 kB
MemFree:          752504 kB
MemAvailable:    1488956 kB
Buffers:           87020 kB
Cached:           677596 kB
MemTotal:        1844596 kB
MemFree:          750944 kB
MemAvailable:    1487396 kB
Buffers:           87020 kB
Cached:           677596 kB
MemTotal:        1844596 kB
MemFree:          752268 kB
MemAvailable:    1488720 kB
Buffers:           87020 kB
Cached:           677596 kB
MemTotal:        1844596 kB
MemFree:          751008 kB
MemAvailable:    1487460 kB
Buffers:           87020 kB
Cached:           677596 kB
MemTotal:        1844596 kB
MemFree:          751952 kB
MemAvailable:    1488412 kB
Buffers:           87020 kB
Cached:           677604 kB
MemTotal:        1844596 kB
MemFree:          752208 kB
MemAvailable:    1488668 kB
Buffers:           87020 kB
Cached:           677604 kB
MemTotal:        1844596 kB
MemFree:          750880 kB
MemAvailable:    1487340 kB
Buffers:           87020 kB
Cached:           677604 kB
MemTotal:        1844596 kB
MemFree:          752180 kB
MemAvailable:    1488640 kB
Buffers:           87020 kB
Cached:           677604 kB
MemTotal:        1844596 kB
MemFree:          751380 kB
MemAvailable:    1487840 kB
Buffers:           87020 kB
Cached:           677604 kB
MemTotal:        1844596 kB
MemFree:          752208 kB
MemAvailable:    1488668 kB
Buffers:           87020 kB
Cached:           677604 kB
MemTotal:        1844596 kB
MemFree:          750616 kB
MemAvailable:    1487076 kB
Buffers:           87020 kB
Cached:           677604 kB
MemTotal:        1844596 kB
MemFree:          752176 kB
MemAvailable:    1488636 kB
Buffers:           87020 kB
Cached:           677604 kB
MemTotal:        1844596 kB
MemFree:          752088 kB
MemAvailable:    1488548 kB
Buffers:           87020 kB
Cached:           677604 kB
MemTotal:        1844596 kB
MemFree:          751676 kB
MemAvailable:    1488136 kB
Buffers:           87020 kB
Cached:           677604 kB
MemTotal:        1844596 kB
MemFree:          751932 kB
MemAvailable:    1488392 kB
Buffers:           87020 kB
Cached:           677604 kB
MemTotal:        1844596 kB
MemFree:          751864 kB
MemAvailable:    1488324 kB
Buffers:           87020 kB
Cached:           677604 kB
MemTotal:        1844596 kB
MemFree:          750348 kB
MemAvailable:    1486808 kB
Buffers:           87020 kB
Cached:           677604 kB
MemTotal:        1844596 kB
MemFree:          747528 kB
MemAvailable:    1483988 kB
Buffers:           87020 kB
Cached:           677604 kB
MemTotal:        1844596 kB
MemFree:          745552 kB
MemAvailable:    1482012 kB
Buffers:           87020 kB
Cached:           677604 kB
MemTotal:        1844596 kB
MemFree:          742576 kB
MemAvailable:    1479036 kB
Buffers:           87020 kB
Cached:           677604 kB
MemTotal:        1844596 kB
MemFree:          742452 kB
MemAvailable:    1478912 kB
Buffers:           87020 kB
Cached:           677604 kB
MemTotal:        1844596 kB
MemFree:          742320 kB
MemAvailable:    1478780 kB
Buffers:           87020 kB
Cached:           677604 kB
MemTotal:        1844596 kB
MemFree:          742444 kB
MemAvailable:    1478904 kB
Buffers:           87020 kB
Cached:           677604 kB
MemTotal:        1844596 kB
MemFree:          741956 kB
MemAvailable:    1478416 kB
Buffers:           87020 kB
Cached:           677604 kB
MemTotal:        1844596 kB
MemFree:          741948 kB
MemAvailable:    1478408 kB
Buffers:           87020 kB
Cached:           677604 kB
MemTotal:        1844596 kB
MemFree:          741908 kB
MemAvailable:    1478368 kB
Buffers:           87020 kB
Cached:           677604 kB
MemTotal:        1844596 kB
MemFree:          743264 kB
MemAvailable:    1479724 kB
Buffers:           87020 kB
Cached:           677604 kB
MemTotal:        1844596 kB
MemFree:          741944 kB
MemAvailable:    1478404 kB
Buffers:           87020 kB
Cached:           677604 kB
MemTotal:        1844596 kB
MemFree:          742204 kB
MemAvailable:    1478664 kB
Buffers:           87020 kB
Cached:           677604 kB
MemTotal:        1844596 kB
MemFree:          742920 kB
MemAvailable:    1479380 kB
Buffers:           87020 kB
Cached:           677604 kB
MemTotal:        1844596 kB
MemFree:          743256 kB
MemAvailable:    1479716 kB
Buffers:           87020 kB
Cached:           677604 kB
MemTotal:        1844596 kB
MemFree:          741772 kB
MemAvailable:    1478232 kB
Buffers:           87020 kB
Cached:           677604 kB
MemTotal:        1844596 kB
MemFree:          743036 kB
MemAvailable:    1479496 kB
Buffers:           87020 kB
Cached:           677604 kB
MemTotal:        1844596 kB
MemFree:          743288 kB
MemAvailable:    1479748 kB
Buffers:           87020 kB
Cached:           677604 kB
MemTotal:        1844596 kB
MemFree:          741944 kB
MemAvailable:    1478404 kB
Buffers:           87020 kB
Cached:           677604 kB
MemTotal:        1844596 kB
MemFree:          743184 kB
MemAvailable:    1479644 kB
Buffers:           87020 kB
Cached:           677604 kB
MemTotal:        1844596 kB
MemFree:          742328 kB
MemAvailable:    1478788 kB
Buffers:           87020 kB
Cached:           677604 kB
MemTotal:        1844596 kB
MemFree:          743064 kB
MemAvailable:    1479524 kB
Buffers:           87020 kB
Cached:           677604 kB
MemTotal:        1844596 kB
MemFree:          743316 kB
MemAvailable:    1479776 kB
Buffers:           87020 kB
Cached:           677604 kB
MemTotal:        1844596 kB
MemFree:          743024 kB
MemAvailable:    1479484 kB
Buffers:           87020 kB
Cached:           677604 kB
MemTotal:        1844596 kB
MemFree:          743204 kB
MemAvailable:    1479664 kB
Buffers:           87020 kB
Cached:           677604 kB
MemTotal:        1844596 kB
MemFree:          742328 kB
MemAvailable:    1478788 kB
Buffers:           87020 kB
Cached:           677604 kB
MemTotal:        1844596 kB
MemFree:          742928 kB
MemAvailable:    1479388 kB
Buffers:           87020 kB
Cached:           677604 kB
MemTotal:        1844596 kB
MemFree:          743264 kB
MemAvailable:    1479724 kB
Buffers:           87020 kB
Cached:           677604 kB
MemTotal:        1844596 kB
MemFree:          743072 kB
MemAvailable:    1479532 kB
Buffers:           87020 kB
Cached:           677604 kB
MemTotal:        1844596 kB
MemFree:          741956 kB
MemAvailable:    1478416 kB
Buffers:           87020 kB
Cached:           677604 kB
MemTotal:        1844596 kB
MemFree:          741824 kB
MemAvailable:    1478284 kB
Buffers:           87020 kB
Cached:           677604 kB
MemTotal:        1844596 kB
MemFree:          743064 kB
MemAvailable:    1479524 kB
Buffers:           87020 kB
Cached:           677604 kB
MemTotal:        1844596 kB
MemFree:          742832 kB
MemAvailable:    1479292 kB
Buffers:           87020 kB
Cached:           677604 kB
MemTotal:        1844596 kB
MemFree:          741784 kB
MemAvailable:    1478244 kB
Buffers:           87020 kB
Cached:           677604 kB
MemTotal:        1844596 kB
MemFree:          741784 kB
MemAvailable:    1478244 kB
Buffers:           87020 kB
Cached:           677604 kB
MemTotal:        1844596 kB
MemFree:          743308 kB
MemAvailable:    1479768 kB
Buffers:           87020 kB
Cached:           677604 kB
MemTotal:        1844596 kB
MemFree:          743312 kB
MemAvailable:    1479772 kB
Buffers:           87020 kB
Cached:           677604 kB
MemTotal:        1844596 kB
MemFree:          743400 kB
MemAvailable:    1479860 kB
Buffers:           87020 kB
Cached:           677604 kB
MemTotal:        1844596 kB
MemFree:          741780 kB
MemAvailable:    1478240 kB
Buffers:           87020 kB
Cached:           677604 kB
MemTotal:        1844596 kB
MemFree:          741892 kB
MemAvailable:    1478352 kB
Buffers:           87020 kB
Cached:           677604 kB
MemTotal:        1844596 kB
MemFree:          738856 kB
MemAvailable:    1475316 kB
Buffers:           87020 kB
Cached:           677604 kB
MemTotal:        1844596 kB
MemFree:          735120 kB
MemAvailable:    1471580 kB
Buffers:           87020 kB
Cached:           677604 kB
MemTotal:        1844596 kB
MemFree:          734888 kB
MemAvailable:    1471348 kB
Buffers:           87020 kB
Cached:           677604 kB
MemTotal:        1844596 kB
MemFree:          731416 kB
MemAvailable:    1467876 kB
Buffers:           87020 kB
Cached:           677604 kB
MemTotal:        1844596 kB
MemFree:          732584 kB
MemAvailable:    1469044 kB
Buffers:           87020 kB
Cached:           677604 kB
MemTotal:        1844596 kB
MemFree:          732460 kB
MemAvailable:    1468920 kB
Buffers:           87020 kB
Cached:           677604 kB
MemTotal:        1844596 kB
MemFree:          732256 kB
MemAvailable:    1468716 kB
Buffers:           87020 kB
Cached:           677604 kB
MemTotal:        1844596 kB
MemFree:          732508 kB
MemAvailable:    1468968 kB
Buffers:           87020 kB
Cached:           677604 kB
MemTotal:        1844596 kB
MemFree:          732456 kB
MemAvailable:    1468916 kB
Buffers:           87020 kB
Cached:           677604 kB
MemTotal:        1844596 kB
MemFree:          732348 kB
MemAvailable:    1468808 kB
Buffers:           87020 kB
Cached:           677604 kB
MemTotal:        1844596 kB
MemFree:          731664 kB
MemAvailable:    1468124 kB
Buffers:           87020 kB
Cached:           677604 kB
MemTotal:        1844596 kB
MemFree:          732188 kB
MemAvailable:    1468656 kB
Buffers:           87020 kB
Cached:           677612 kB
MemTotal:        1844596 kB
MemFree:          732528 kB
MemAvailable:    1468996 kB
Buffers:           87020 kB
Cached:           677612 kB
MemTotal:        1844596 kB
MemFree:          731024 kB
MemAvailable:    1467492 kB
Buffers:           87020 kB
Cached:           677612 kB
MemTotal:        1844596 kB
MemFree:          732216 kB
MemAvailable:    1468684 kB
Buffers:           87020 kB
Cached:           677612 kB
MemTotal:        1844596 kB
MemFree:          732284 kB
MemAvailable:    1468752 kB
Buffers:           87020 kB
Cached:           677612 kB
MemTotal:        1844596 kB
MemFree:          731156 kB
MemAvailable:    1467624 kB
Buffers:           87020 kB
Cached:           677612 kB
MemTotal:        1844596 kB
MemFree:          732132 kB
MemAvailable:    1468600 kB
Buffers:           87020 kB
Cached:           677612 kB
MemTotal:        1844596 kB
MemFree:          732384 kB
MemAvailable:    1468852 kB
Buffers:           87020 kB
Cached:           677612 kB
MemTotal:        1844596 kB
MemFree:          732272 kB
MemAvailable:    1468740 kB
Buffers:           87020 kB
Cached:           677612 kB
MemTotal:        1844596 kB
MemFree:          732284 kB
MemAvailable:    1468752 kB
Buffers:           87020 kB
Cached:           677612 kB
MemTotal:        1844596 kB
MemFree:          731540 kB
MemAvailable:    1468008 kB
Buffers:           87020 kB
Cached:           677612 kB
MemTotal:        1844596 kB
MemFree:          730984 kB
MemAvailable:    1467452 kB
Buffers:           87020 kB
Cached:           677612 kB
MemTotal:        1844596 kB
MemFree:          731540 kB
MemAvailable:    1468008 kB
Buffers:           87020 kB
Cached:           677612 kB
MemTotal:        1844596 kB
MemFree:          730864 kB
MemAvailable:    1467332 kB
Buffers:           87020 kB
Cached:           677612 kB
MemTotal:        1844596 kB
MemFree:          731240 kB
MemAvailable:    1467708 kB
Buffers:           87020 kB
Cached:           677612 kB
MemTotal:        1844596 kB
MemFree:          731152 kB
MemAvailable:    1467620 kB
Buffers:           87020 kB
Cached:           677612 kB
MemTotal:        1844596 kB
MemFree:          732472 kB
MemAvailable:    1468940 kB
Buffers:           87020 kB
Cached:           677612 kB
MemTotal:        1844596 kB
MemFree:          732556 kB
MemAvailable:    1469024 kB
Buffers:           87020 kB
Cached:           677612 kB
MemTotal:        1844596 kB
MemFree:          731044 kB
MemAvailable:    1467512 kB
Buffers:           87020 kB
Cached:           677612 kB
MemTotal:        1844596 kB
MemFree:          732284 kB
MemAvailable:    1468752 kB
Buffers:           87020 kB
Cached:           677612 kB
MemTotal:        1844596 kB
MemFree:          731540 kB
MemAvailable:    1468008 kB
Buffers:           87020 kB
Cached:           677612 kB
MemTotal:        1844596 kB
MemFree:          732228 kB
MemAvailable:    1468696 kB
Buffers:           87020 kB
Cached:           677612 kB
MemTotal:        1844596 kB
MemFree:          732396 kB
MemAvailable:    1468864 kB
Buffers:           87020 kB
Cached:           677612 kB
MemTotal:        1844596 kB
MemFree:          732324 kB
MemAvailable:    1468792 kB
Buffers:           87020 kB
Cached:           677612 kB
MemTotal:        1844596 kB
MemFree:          732284 kB
MemAvailable:    1468752 kB
Buffers:           87020 kB
Cached:           677612 kB
MemTotal:        1844596 kB
MemFree:          732280 kB
MemAvailable:    1468748 kB
Buffers:           87020 kB
Cached:           677612 kB
MemTotal:        1844596 kB
MemFree:          731532 kB
MemAvailable:    1468004 kB
Buffers:           87020 kB
Cached:           677616 kB
MemTotal:        1844596 kB
MemFree:          732132 kB
MemAvailable:    1468604 kB
Buffers:           87020 kB
Cached:           677616 kB
MemTotal:        1844596 kB
MemFree:          732468 kB
MemAvailable:    1468940 kB
Buffers:           87020 kB
Cached:           677616 kB
MemTotal:        1844596 kB
MemFree:          732192 kB
MemAvailable:    1468664 kB
Buffers:           87020 kB
Cached:           677616 kB
MemTotal:        1844596 kB
MemFree:          731100 kB
MemAvailable:    1467572 kB
Buffers:           87020 kB
Cached:           677616 kB
MemTotal:        1844596 kB
MemFree:          732144 kB
MemAvailable:    1468616 kB
Buffers:           87020 kB
Cached:           677616 kB
MemTotal:        1844596 kB
MemFree:          732144 kB
MemAvailable:    1468616 kB
Buffers:           87020 kB
Cached:           677616 kB
MemTotal:        1844596 kB
MemFree:          732132 kB
MemAvailable:    1468604 kB
Buffers:           87020 kB
Cached:           677616 kB
MemTotal:        1844596 kB
MemFree:          732036 kB
MemAvailable:    1468508 kB
Buffers:           87020 kB
Cached:           677616 kB
MemTotal:        1844596 kB
MemFree:          730864 kB
MemAvailable:    1467336 kB
Buffers:           87020 kB
Cached:           677616 kB
MemTotal:        1844596 kB
MemFree:          730988 kB
MemAvailable:    1467460 kB
Buffers:           87020 kB
Cached:           677616 kB
MemTotal:        1844596 kB
MemFree:          732288 kB
MemAvailable:    1468760 kB
Buffers:           87020 kB
Cached:           677616 kB
MemTotal:        1844596 kB
MemFree:          731424 kB
MemAvailable:    1467896 kB
Buffers:           87020 kB
Cached:           677616 kB
MemTotal:        1844596 kB
MemFree:          732152 kB
MemAvailable:    1468624 kB
Buffers:           87020 kB
Cached:           677616 kB
MemTotal:        1844596 kB
MemFree:          732408 kB
MemAvailable:    1468880 kB
Buffers:           87020 kB
Cached:           677616 kB
MemTotal:        1844596 kB
MemFree:          732088 kB
MemAvailable:    1468560 kB
Buffers:           87020 kB
Cached:           677616 kB
MemTotal:        1844596 kB
MemFree:          730796 kB
MemAvailable:    1467268 kB
Buffers:           87020 kB
Cached:           677616 kB
MemTotal:        1844596 kB
MemFree:          731780 kB
MemAvailable:    1468252 kB
Buffers:           87020 kB
Cached:           677616 kB
MemTotal:        1844596 kB
MemFree:          731584 kB
MemAvailable:    1468056 kB
Buffers:           87020 kB
Cached:           677616 kB
MemTotal:        1844596 kB
MemFree:          730432 kB
MemAvailable:    1466904 kB
Buffers:           87020 kB
Cached:           677616 kB
MemTotal:        1844596 kB
MemFree:          731120 kB
MemAvailable:    1467592 kB
Buffers:           87020 kB
Cached:           677616 kB
MemTotal:        1844596 kB
MemFree:          731376 kB
MemAvailable:    1467848 kB
Buffers:           87020 kB
Cached:           677616 kB
MemTotal:        1844596 kB
MemFree:          729796 kB
MemAvailable:    1466268 kB
Buffers:           87020 kB
Cached:           677616 kB
MemTotal:        1844596 kB
MemFree:          731112 kB
MemAvailable:    1467584 kB
Buffers:           87020 kB
Cached:           677616 kB
MemTotal:        1844596 kB
MemFree:          729792 kB
MemAvailable:    1466264 kB
Buffers:           87020 kB
Cached:           677616 kB
MemTotal:        1844596 kB
MemFree:          731148 kB
MemAvailable:    1467620 kB
Buffers:           87020 kB
Cached:           677616 kB
MemTotal:        1844596 kB
MemFree:          731232 kB
MemAvailable:    1467704 kB
Buffers:           87020 kB
Cached:           677616 kB
MemTotal:        1844596 kB
MemFree:          731108 kB
MemAvailable:    1467580 kB
Buffers:           87020 kB
Cached:           677616 kB
MemTotal:        1844596 kB
MemFree:          730780 kB
MemAvailable:    1467252 kB
Buffers:           87020 kB
Cached:           677616 kB
MemTotal:        1844596 kB
MemFree:          729612 kB
MemAvailable:    1466084 kB
Buffers:           87020 kB
Cached:           677616 kB
MemTotal:        1844596 kB
MemFree:          729612 kB
MemAvailable:    1466084 kB
Buffers:           87020 kB
Cached:           677616 kB
MemTotal:        1844596 kB
MemFree:          730844 kB
MemAvailable:    1467316 kB
Buffers:           87020 kB
Cached:           677616 kB
MemTotal:        1844596 kB
MemFree:          730660 kB
MemAvailable:    1467132 kB
Buffers:           87020 kB
Cached:           677616 kB
MemTotal:        1844596 kB
MemFree:          729620 kB
MemAvailable:    1466092 kB
Buffers:           87020 kB
Cached:           677616 kB
MemTotal:        1844596 kB
MemFree:          730648 kB
MemAvailable:    1467120 kB
Buffers:           87020 kB
Cached:           677616 kB
MemTotal:        1844596 kB
MemFree:          730900 kB
MemAvailable:    1467372 kB
Buffers:           87020 kB
Cached:           677616 kB
MemTotal:        1844596 kB
MemFree:          730796 kB
MemAvailable:    1467268 kB
Buffers:           87020 kB
Cached:           677616 kB
MemTotal:        1844596 kB
MemFree:          730768 kB
MemAvailable:    1467240 kB
Buffers:           87020 kB
Cached:           677616 kB
MemTotal:        1844596 kB
MemFree:          729256 kB
MemAvailable:    1465728 kB
Buffers:           87020 kB
Cached:           677616 kB
MemTotal:        1844596 kB
MemFree:          730716 kB
MemAvailable:    1467188 kB
Buffers:           87020 kB
Cached:           677616 kB
MemTotal:        1844596 kB
MemFree:          730060 kB
MemAvailable:    1466532 kB
Buffers:           87020 kB
Cached:           677616 kB
MemTotal:        1844596 kB
MemFree:          730368 kB
MemAvailable:    1466840 kB
Buffers:           87020 kB
Cached:           677616 kB
MemTotal:        1844596 kB
MemFree:          730624 kB
MemAvailable:    1467096 kB
Buffers:           87020 kB
Cached:           677616 kB
MemTotal:        1844596 kB
MemFree:          726580 kB
MemAvailable:    1463052 kB
Buffers:           87020 kB
Cached:           677616 kB
MemTotal:        1844596 kB
MemFree:          721488 kB
MemAvailable:    1457960 kB
Buffers:           87020 kB
Cached:           677616 kB
MemTotal:        1844596 kB
MemFree:          721572 kB
MemAvailable:    1458044 kB
Buffers:           87020 kB
Cached:           677616 kB
MemTotal:        1844596 kB
MemFree:          719744 kB
MemAvailable:    1456216 kB
Buffers:           87020 kB
Cached:           677616 kB
MemTotal:        1844596 kB
MemFree:          719748 kB
MemAvailable:    1456220 kB
Buffers:           87020 kB
Cached:           677616 kB
MemTotal:        1844596 kB
MemFree:          718024 kB
MemAvailable:    1454496 kB
Buffers:           87020 kB
Cached:           677616 kB
MemTotal:        1844596 kB
MemFree:          717892 kB
MemAvailable:    1454364 kB
Buffers:           87020 kB
Cached:           677616 kB
MemTotal:        1844596 kB
MemFree:          718768 kB
MemAvailable:    1455240 kB
Buffers:           87020 kB
Cached:           677616 kB
MemTotal:        1844596 kB
MemFree:          718456 kB
MemAvailable:    1454928 kB
Buffers:           87020 kB
Cached:           677616 kB
MemTotal:        1844596 kB
MemFree:          718016 kB
MemAvailable:    1454488 kB
Buffers:           87020 kB
Cached:           677616 kB
MemTotal:        1844596 kB
MemFree:          718016 kB
MemAvailable:    1454488 kB
Buffers:           87020 kB
Cached:           677616 kB
MemTotal:        1844596 kB
MemFree:          717148 kB
MemAvailable:    1453620 kB
Buffers:           87020 kB
Cached:           677616 kB
MemTotal:        1844596 kB
MemFree:          716792 kB
MemAvailable:    1453264 kB
Buffers:           87020 kB
Cached:           677616 kB
MemTotal:        1844596 kB
MemFree:          715172 kB
MemAvailable:    1451644 kB
Buffers:           87020 kB
Cached:           677616 kB
MemTotal:        1844596 kB
MemFree:          714792 kB
MemAvailable:    1451264 kB
Buffers:           87020 kB
Cached:           677616 kB
MemTotal:        1844596 kB
MemFree:          714420 kB
MemAvailable:    1450892 kB
Buffers:           87020 kB
Cached:           677616 kB
MemTotal:        1844596 kB
MemFree:          714676 kB
MemAvailable:    1451148 kB
Buffers:           87020 kB
Cached:           677616 kB
MemTotal:        1844596 kB
MemFree:          715400 kB
MemAvailable:    1451872 kB
Buffers:           87020 kB
Cached:           677616 kB
MemTotal:        1844596 kB
MemFree:          714872 kB
MemAvailable:    1451344 kB
Buffers:           87020 kB
Cached:           677616 kB
MemTotal:        1844596 kB
MemFree:          714172 kB
MemAvailable:    1450644 kB
Buffers:           87020 kB
Cached:           677616 kB
MemTotal:        1844596 kB
MemFree:          715620 kB
MemAvailable:    1452092 kB
Buffers:           87020 kB
Cached:           677616 kB
MemTotal:        1844596 kB
MemFree:          715356 kB
MemAvailable:    1451828 kB
Buffers:           87020 kB
Cached:           677616 kB
MemTotal:        1844596 kB
MemFree:          715612 kB
MemAvailable:    1452084 kB
Buffers:           87020 kB
Cached:           677616 kB
MemTotal:        1844596 kB
MemFree:          715356 kB
MemAvailable:    1451828 kB
Buffers:           87020 kB
Cached:           677616 kB
MemTotal:        1844596 kB
MemFree:          714108 kB
MemAvailable:    1450580 kB
Buffers:           87020 kB
Cached:           677616 kB
MemTotal:        1844596 kB
MemFree:          714364 kB
MemAvailable:    1450836 kB
Buffers:           87020 kB
Cached:           677616 kB
MemTotal:        1844596 kB
MemFree:          715612 kB
MemAvailable:    1452084 kB
Buffers:           87020 kB
Cached:           677616 kB
MemTotal:        1844596 kB
MemFree:          714104 kB
MemAvailable:    1450576 kB
Buffers:           87020 kB
Cached:           677616 kB
MemTotal:        1844596 kB
MemFree:          714984 kB
MemAvailable:    1451456 kB
Buffers:           87020 kB
Cached:           677616 kB
MemTotal:        1844596 kB
MemFree:          714612 kB
MemAvailable:    1451084 kB
Buffers:           87020 kB
Cached:           677616 kB
MemTotal:        1844596 kB
MemFree:          713744 kB
MemAvailable:    1450216 kB
Buffers:           87020 kB
Cached:           677616 kB
MemTotal:        1844596 kB
MemFree:          712560 kB
MemAvailable:    1449032 kB
Buffers:           87020 kB
Cached:           677616 kB
MemTotal:        1844596 kB
MemFree:          713404 kB
MemAvailable:    1449876 kB
Buffers:           87020 kB
Cached:           677616 kB
MemTotal:        1844596 kB
MemFree:          713180 kB
MemAvailable:    1449652 kB
Buffers:           87020 kB
Cached:           677616 kB
MemTotal:        1844596 kB
MemFree:          712940 kB
MemAvailable:    1449424 kB
Buffers:           87020 kB
Cached:           677628 kB
MemTotal:        1844596 kB
MemFree:          712620 kB
MemAvailable:    1449104 kB
Buffers:           87020 kB
Cached:           677628 kB
MemTotal:        1844596 kB
MemFree:          712620 kB
MemAvailable:    1449104 kB
Buffers:           87020 kB
Cached:           677628 kB
MemTotal:        1844596 kB
MemFree:          712056 kB
MemAvailable:    1448540 kB
Buffers:           87020 kB
Cached:           677628 kB
MemTotal:        1844596 kB
MemFree:          711700 kB
MemAvailable:    1448184 kB
Buffers:           87020 kB
Cached:           677628 kB
MemTotal:        1844596 kB
MemFree:          711796 kB
MemAvailable:    1448280 kB
Buffers:           87020 kB
Cached:           677628 kB
MemTotal:        1844596 kB
MemFree:          712132 kB
MemAvailable:    1448616 kB
Buffers:           87020 kB
Cached:           677628 kB
MemTotal:        1844596 kB
MemFree:          711436 kB
MemAvailable:    1447920 kB
Buffers:           87020 kB
Cached:           677628 kB
MemTotal:        1844596 kB
MemFree:          711520 kB
MemAvailable:    1448004 kB
Buffers:           87020 kB
Cached:           677628 kB
MemTotal:        1844596 kB
MemFree:          711272 kB
MemAvailable:    1447756 kB
Buffers:           87020 kB
Cached:           677628 kB
MemTotal:        1844596 kB
MemFree:          711452 kB
MemAvailable:    1447936 kB
Buffers:           87020 kB
Cached:           677628 kB
MemTotal:        1844596 kB
MemFree:          710584 kB
MemAvailable:    1447068 kB
Buffers:           87020 kB
Cached:           677628 kB
MemTotal:        1844596 kB
MemFree:          711268 kB
MemAvailable:    1447752 kB
Buffers:           87020 kB
Cached:           677628 kB
MemTotal:        1844596 kB
MemFree:          711524 kB
MemAvailable:    1448008 kB
Buffers:           87020 kB
Cached:           677628 kB
MemTotal:        1844596 kB
MemFree:          711372 kB
MemAvailable:    1447856 kB
Buffers:           87020 kB
Cached:           677628 kB
MemTotal:        1844596 kB
MemFree:          710592 kB
MemAvailable:    1447076 kB
Buffers:           87020 kB
Cached:           677628 kB
MemTotal:        1844596 kB
MemFree:          711272 kB
MemAvailable:    1447756 kB
Buffers:           87020 kB
Cached:           677628 kB
MemTotal:        1844596 kB
MemFree:          711328 kB
MemAvailable:    1447812 kB
Buffers:           87020 kB
Cached:           677628 kB
MemTotal:        1844596 kB
MemFree:          710032 kB
MemAvailable:    1446516 kB
Buffers:           87020 kB
Cached:           677628 kB
MemTotal:        1844596 kB
MemFree:          711332 kB
MemAvailable:    1447816 kB
Buffers:           87020 kB
Cached:           677628 kB
MemTotal:        1844596 kB
MemFree:          709936 kB
MemAvailable:    1446420 kB
Buffers:           87020 kB
Cached:           677628 kB
MemTotal:        1844596 kB
MemFree:          709896 kB
MemAvailable:    1446380 kB
Buffers:           87020 kB
Cached:           677628 kB
MemTotal:        1844596 kB
MemFree:          711108 kB
MemAvailable:    1447592 kB
Buffers:           87020 kB
Cached:           677628 kB
MemTotal:        1844596 kB
MemFree:          709928 kB
MemAvailable:    1446412 kB
Buffers:           87020 kB
Cached:           677628 kB
MemTotal:        1844596 kB
MemFree:          710336 kB
MemAvailable:    1446820 kB
Buffers:           87020 kB
Cached:           677628 kB
MemTotal:        1844596 kB
MemFree:          711144 kB
MemAvailable:    1447628 kB
Buffers:           87020 kB
Cached:           677628 kB
MemTotal:        1844596 kB
MemFree:          711212 kB
MemAvailable:    1447696 kB
Buffers:           87020 kB
Cached:           677628 kB
MemTotal:        1844596 kB
MemFree:          711064 kB
MemAvailable:    1447548 kB
Buffers:           87020 kB
Cached:           677628 kB
MemTotal:        1844596 kB
MemFree:          711204 kB
MemAvailable:    1447688 kB
Buffers:           87020 kB
Cached:           677628 kB
MemTotal:        1844596 kB
MemFree:          711192 kB
MemAvailable:    1447676 kB
Buffers:           87020 kB
Cached:           677628 kB
MemTotal:        1844596 kB
MemFree:          711340 kB
MemAvailable:    1447824 kB
Buffers:           87020 kB
Cached:           677628 kB
MemTotal:        1844596 kB
MemFree:          711420 kB
MemAvailable:    1447904 kB
Buffers:           87020 kB
Cached:           677628 kB
MemTotal:        1844596 kB
MemFree:          711140 kB
MemAvailable:    1447624 kB
Buffers:           87020 kB
Cached:           677628 kB
MemTotal:        1844596 kB
MemFree:          710336 kB
MemAvailable:    1446820 kB
Buffers:           87020 kB
Cached:           677628 kB
MemTotal:        1844596 kB
MemFree:          711068 kB
MemAvailable:    1447552 kB
Buffers:           87020 kB
Cached:           677628 kB
MemTotal:        1844596 kB
MemFree:          708972 kB
MemAvailable:    1445456 kB
Buffers:           87020 kB
Cached:           677628 kB
MemTotal:        1844596 kB
MemFree:          710016 kB
MemAvailable:    1446500 kB
Buffers:           87020 kB
Cached:           677628 kB
MemTotal:        1844596 kB
MemFree:          709760 kB
MemAvailable:    1446244 kB
Buffers:           87020 kB
Cached:           677628 kB
MemTotal:        1844596 kB
MemFree:          709336 kB
MemAvailable:    1445820 kB
Buffers:           87020 kB
Cached:           677628 kB
MemTotal:        1844596 kB
MemFree:          709352 kB
MemAvailable:    1445836 kB
Buffers:           87020 kB
Cached:           677628 kB
MemTotal:        1844596 kB
MemFree:          707420 kB
MemAvailable:    1443904 kB
Buffers:           87020 kB
Cached:           677628 kB
MemTotal:        1844596 kB
MemFree:          704816 kB
MemAvailable:    1441300 kB
Buffers:           87020 kB
Cached:           677628 kB
MemTotal:        1844596 kB
MemFree:          702392 kB
MemAvailable:    1438876 kB
Buffers:           87020 kB
Cached:           677628 kB
MemTotal:        1844596 kB
MemFree:          702284 kB
MemAvailable:    1438768 kB
Buffers:           87020 kB
Cached:           677628 kB
MemTotal:        1844596 kB
MemFree:          697928 kB
MemAvailable:    1434412 kB
Buffers:           87020 kB
Cached:           677628 kB
MemTotal:        1844596 kB
MemFree:          696952 kB
MemAvailable:    1433436 kB
Buffers:           87020 kB
Cached:           677628 kB
MemTotal:        1844596 kB
MemFree:          693348 kB
MemAvailable:    1429832 kB
Buffers:           87020 kB
Cached:           677628 kB
MemTotal:        1844596 kB
MemFree:          691604 kB
MemAvailable:    1428088 kB
Buffers:           87020 kB
Cached:           677628 kB
MemTotal:        1844596 kB
MemFree:          691984 kB
MemAvailable:    1428468 kB
Buffers:           87020 kB
Cached:           677628 kB
MemTotal:        1844596 kB
MemFree:          692452 kB
MemAvailable:    1428936 kB
Buffers:           87020 kB
Cached:           677628 kB
MemTotal:        1844596 kB
MemFree:          692788 kB
MemAvailable:    1429272 kB
Buffers:           87020 kB
Cached:           677628 kB
MemTotal:        1844596 kB
MemFree:          691304 kB
MemAvailable:    1427788 kB
Buffers:           87020 kB
Cached:           677628 kB
MemTotal:        1844596 kB
MemFree:          691420 kB
MemAvailable:    1427904 kB
Buffers:           87020 kB
Cached:           677628 kB
MemTotal:        1844596 kB
MemFree:          691296 kB
MemAvailable:    1427780 kB
Buffers:           87020 kB
Cached:           677628 kB
MemTotal:        1844596 kB
MemFree:          692412 kB
MemAvailable:    1428896 kB
Buffers:           87020 kB
Cached:           677628 kB
MemTotal:        1844596 kB
MemFree:          692376 kB
MemAvailable:    1428860 kB
Buffers:           87020 kB
Cached:           677628 kB
MemTotal:        1844596 kB
MemFree:          691160 kB
MemAvailable:    1427644 kB
Buffers:           87020 kB
Cached:           677628 kB
MemTotal:        1844596 kB
MemFree:          692400 kB
MemAvailable:    1428884 kB
Buffers:           87020 kB
Cached:           677628 kB
MemTotal:        1844596 kB
MemFree:          692460 kB
MemAvailable:    1428944 kB
Buffers:           87020 kB
Cached:           677628 kB
MemTotal:        1844596 kB
MemFree:          691364 kB
MemAvailable:    1427848 kB
Buffers:           87020 kB
Cached:           677628 kB
MemTotal:        1844596 kB
MemFree:          691588 kB
MemAvailable:    1428072 kB
Buffers:           87020 kB
Cached:           677628 kB
MemTotal:        1844596 kB
MemFree:          691488 kB
MemAvailable:    1427972 kB
Buffers:           87020 kB
Cached:           677628 kB
MemTotal:        1844596 kB
MemFree:          691544 kB
MemAvailable:    1428028 kB
Buffers:           87020 kB
Cached:           677628 kB
MemTotal:        1844596 kB
MemFree:          691240 kB
MemAvailable:    1427724 kB
Buffers:           87020 kB
Cached:           677628 kB
MemTotal:        1844596 kB
MemFree:          691600 kB
MemAvailable:    1428084 kB
Buffers:           87020 kB
Cached:           677628 kB
MemTotal:        1844596 kB
MemFree:          691612 kB
MemAvailable:    1428096 kB
Buffers:           87020 kB
Cached:           677628 kB
MemTotal:        1844596 kB
MemFree:          691788 kB
MemAvailable:    1428272 kB
Buffers:           87020 kB
Cached:           677628 kB
MemTotal:        1844596 kB
MemFree:          690472 kB
MemAvailable:    1426956 kB
Buffers:           87020 kB
Cached:           677628 kB
MemTotal:        1844596 kB
MemFree:          691540 kB
MemAvailable:    1428024 kB
Buffers:           87020 kB
Cached:           677628 kB
MemTotal:        1844596 kB
MemFree:          691660 kB
MemAvailable:    1428144 kB
Buffers:           87020 kB
Cached:           677628 kB
MemTotal:        1844596 kB
MemFree:          691580 kB
MemAvailable:    1428064 kB
Buffers:           87020 kB
Cached:           677628 kB
MemTotal:        1844596 kB
MemFree:          691808 kB
MemAvailable:    1428292 kB
Buffers:           87020 kB
Cached:           677628 kB
MemTotal:        1844596 kB
MemFree:          690184 kB
MemAvailable:    1426668 kB
Buffers:           87020 kB
Cached:           677628 kB
MemTotal:        1844596 kB
MemFree:          691556 kB
MemAvailable:    1428040 kB
Buffers:           87020 kB
Cached:           677628 kB
MemTotal:        1844596 kB
MemFree:          690620 kB
MemAvailable:    1427104 kB
Buffers:           87020 kB
Cached:           677628 kB
MemTotal:        1844596 kB
MemFree:          691432 kB
MemAvailable:    1427924 kB
Buffers:           87020 kB
Cached:           677636 kB
MemTotal:        1844596 kB
MemFree:          691364 kB
MemAvailable:    1427856 kB
Buffers:           87020 kB
Cached:           677636 kB
MemTotal:        1844596 kB
MemFree:          691552 kB
MemAvailable:    1428044 kB
Buffers:           87020 kB
Cached:           677636 kB
MemTotal:        1844596 kB
MemFree:          691552 kB
MemAvailable:    1428044 kB
Buffers:           87020 kB
Cached:           677636 kB
MemTotal:        1844596 kB
MemFree:          691480 kB
MemAvailable:    1427972 kB
Buffers:           87020 kB
Cached:           677636 kB
MemTotal:        1844596 kB
MemFree:          690108 kB
MemAvailable:    1426600 kB
Buffers:           87020 kB
Cached:           677636 kB
MemTotal:        1844596 kB
MemFree:          690196 kB
MemAvailable:    1426688 kB
Buffers:           87020 kB
Cached:           677636 kB
MemTotal:        1844596 kB
MemFree:          684668 kB
MemAvailable:    1421160 kB
Buffers:           87020 kB
Cached:           677636 kB
MemTotal:        1844596 kB
MemFree:          682808 kB
MemAvailable:    1419300 kB
Buffers:           87020 kB
Cached:           677636 kB
MemTotal:        1844596 kB
MemFree:          678344 kB
MemAvailable:    1414836 kB
Buffers:           87020 kB
Cached:           677636 kB
MemTotal:        1844596 kB
MemFree:          675112 kB
MemAvailable:    1411604 kB
Buffers:           87020 kB
Cached:           677636 kB
MemTotal:        1844596 kB
MemFree:          675196 kB
MemAvailable:    1411688 kB
Buffers:           87020 kB
Cached:           677636 kB
MemTotal:        1844596 kB
MemFree:          672268 kB
MemAvailable:    1408760 kB
Buffers:           87020 kB
Cached:           677636 kB
MemTotal:        1844596 kB
MemFree:          673376 kB
MemAvailable:    1409868 kB
Buffers:           87020 kB
Cached:           677636 kB
MemTotal:        1844596 kB
MemFree:          673460 kB
MemAvailable:    1409952 kB
Buffers:           87020 kB
Cached:           677636 kB
MemTotal:        1844596 kB
MemFree:          673128 kB
MemAvailable:    1409620 kB
Buffers:           87020 kB
Cached:           677636 kB
MemTotal:        1844596 kB
MemFree:          673320 kB
MemAvailable:    1409812 kB
Buffers:           87020 kB
Cached:           677636 kB
MemTotal:        1844596 kB
MemFree:          673148 kB
MemAvailable:    1409640 kB
Buffers:           87020 kB
Cached:           677636 kB
MemTotal:        1844596 kB
MemFree:          672144 kB
MemAvailable:    1408636 kB
Buffers:           87020 kB
Cached:           677636 kB
MemTotal:        1844596 kB
MemFree:          672020 kB
MemAvailable:    1408512 kB
Buffers:           87020 kB
Cached:           677636 kB
MemTotal:        1844596 kB
MemFree:          673384 kB
MemAvailable:    1409876 kB
Buffers:           87020 kB
Cached:           677636 kB
MemTotal:        1844596 kB
MemFree:          673272 kB
MemAvailable:    1409764 kB
Buffers:           87020 kB
Cached:           677636 kB
MemTotal:        1844596 kB
MemFree:          672092 kB
MemAvailable:    1408584 kB
Buffers:           87020 kB
Cached:           677636 kB
MemTotal:        1844596 kB
MemFree:          673304 kB
MemAvailable:    1409796 kB
Buffers:           87020 kB
Cached:           677636 kB
MemTotal:        1844596 kB
MemFree:          673128 kB
MemAvailable:    1409620 kB
Buffers:           87020 kB
Cached:           677636 kB
MemTotal:        1844596 kB
MemFree:          673296 kB
MemAvailable:    1409788 kB
Buffers:           87020 kB
Cached:           677636 kB
MemTotal:        1844596 kB
MemFree:          672064 kB
MemAvailable:    1408556 kB
Buffers:           87020 kB
Cached:           677636 kB
MemTotal:        1844596 kB
MemFree:          673280 kB
MemAvailable:    1409772 kB
Buffers:           87020 kB
Cached:           677636 kB
MemTotal:        1844596 kB
MemFree:          673320 kB
MemAvailable:    1409812 kB
Buffers:           87020 kB
Cached:           677636 kB
MemTotal:        1844596 kB
MemFree:          671972 kB
MemAvailable:    1408464 kB
Buffers:           87020 kB
Cached:           677636 kB
MemTotal:        1844596 kB
MemFree:          673244 kB
MemAvailable:    1409736 kB
Buffers:           87020 kB
Cached:           677636 kB
MemTotal:        1844596 kB
MemFree:          673496 kB
MemAvailable:    1409988 kB
Buffers:           87020 kB
Cached:           677636 kB
MemTotal:        1844596 kB
MemFree:          673372 kB
MemAvailable:    1409864 kB
Buffers:           87020 kB
Cached:           677636 kB
MemTotal:        1844596 kB
MemFree:          673384 kB
MemAvailable:    1409876 kB
Buffers:           87020 kB
Cached:           677636 kB
MemTotal:        1844596 kB
MemFree:          672640 kB
MemAvailable:    1409132 kB
Buffers:           87020 kB
Cached:           677636 kB
MemTotal:        1844596 kB
MemFree:          673624 kB
MemAvailable:    1410120 kB
Buffers:           87020 kB
Cached:           677640 kB
MemTotal:        1844596 kB
MemFree:          673516 kB
MemAvailable:    1410012 kB
Buffers:           87020 kB
Cached:           677640 kB
MemTotal:        1844596 kB
MemFree:          673264 kB
MemAvailable:    1409760 kB
Buffers:           87020 kB
Cached:           677640 kB
MemTotal:        1844596 kB
MemFree:          673108 kB
MemAvailable:    1409604 kB
Buffers:           87020 kB
Cached:           677640 kB
MemTotal:        1844596 kB
MemFree:          673244 kB
MemAvailable:    1409740 kB
Buffers:           87020 kB
Cached:           677640 kB
MemTotal:        1844596 kB
MemFree:          673424 kB
MemAvailable:    1409920 kB
Buffers:           87020 kB
Cached:           677640 kB
MemTotal:        1844596 kB
MemFree:          672208 kB
MemAvailable:    1408704 kB
Buffers:           87020 kB
Cached:           677640 kB
MemTotal:        1844596 kB
MemFree:          673244 kB
MemAvailable:    1409740 kB
Buffers:           87020 kB
Cached:           677640 kB
MemTotal:        1844596 kB
MemFree:          673580 kB
MemAvailable:    1410076 kB
Buffers:           87020 kB
Cached:           677640 kB
MemTotal:        1844596 kB
MemFree:          673328 kB
MemAvailable:    1409824 kB
Buffers:           87020 kB
Cached:           677640 kB
MemTotal:        1844596 kB
MemFree:          672084 kB
MemAvailable:    1408580 kB
Buffers:           87020 kB
Cached:           677640 kB
MemTotal:        1844596 kB
MemFree:          672332 kB
MemAvailable:    1408828 kB
Buffers:           87020 kB
Cached:           677640 kB
MemTotal:        1844596 kB
MemFree:          672076 kB
MemAvailable:    1408572 kB
Buffers:           87020 kB
Cached:           677640 kB
MemTotal:        1844596 kB
MemFree:          673636 kB
MemAvailable:    1410132 kB
Buffers:           87020 kB
Cached:           677640 kB
MemTotal:        1844596 kB
MemFree:          670852 kB
MemAvailable:    1407348 kB
Buffers:           87020 kB
Cached:           677640 kB
MemTotal:        1844596 kB
MemFree:          665556 kB
MemAvailable:    1402052 kB
Buffers:           87020 kB
Cached:           677644 kB
MemTotal:        1844596 kB
MemFree:          665644 kB
MemAvailable:    1402140 kB
Buffers:           87020 kB
Cached:           677644 kB
MemTotal:        1844596 kB
MemFree:          658372 kB
MemAvailable:    1394868 kB
Buffers:           87020 kB
Cached:           677644 kB
MemTotal:        1844596 kB
MemFree:          658140 kB
MemAvailable:    1394636 kB
Buffers:           87020 kB
Cached:           677644 kB
MemTotal:        1844596 kB
MemFree:          656024 kB
MemAvailable:    1392520 kB
Buffers:           87020 kB
Cached:           677644 kB
MemTotal:        1844596 kB
MemFree:          654728 kB
MemAvailable:    1391224 kB
Buffers:           87020 kB
Cached:           677644 kB
MemTotal:        1844596 kB
MemFree:          655940 kB
MemAvailable:    1392436 kB
Buffers:           87020 kB
Cached:           677644 kB
MemTotal:        1844596 kB
MemFree:          654900 kB
MemAvailable:    1391396 kB
Buffers:           87020 kB
Cached:           677644 kB
MemTotal:        1844596 kB
MemFree:          654900 kB
MemAvailable:    1391396 kB
Buffers:           87020 kB
Cached:           677644 kB
MemTotal:        1844596 kB
MemFree:          653616 kB
MemAvailable:    1390112 kB
Buffers:           87020 kB
Cached:           677644 kB
MemTotal:        1844596 kB
MemFree:          653768 kB
MemAvailable:    1390264 kB
Buffers:           87020 kB
Cached:           677644 kB
MemTotal:        1844596 kB
MemFree:          653776 kB
MemAvailable:    1390272 kB
Buffers:           87020 kB
Cached:           677644 kB
MemTotal:        1844596 kB
MemFree:          653776 kB
MemAvailable:    1390272 kB
Buffers:           87020 kB
Cached:           677644 kB
MemTotal:        1844596 kB
MemFree:          654704 kB
MemAvailable:    1391200 kB
Buffers:           87020 kB
Cached:           677644 kB
MemTotal:        1844596 kB
MemFree:          653552 kB
MemAvailable:    1390048 kB
Buffers:           87020 kB
Cached:           677644 kB
MemTotal:        1844596 kB
MemFree:          653288 kB
MemAvailable:    1389784 kB
Buffers:           87020 kB
Cached:           677644 kB
MemTotal:        1844596 kB
MemFree:          654520 kB
MemAvailable:    1391016 kB
Buffers:           87020 kB
Cached:           677644 kB
MemTotal:        1844596 kB
MemFree:          654584 kB
MemAvailable:    1391080 kB
Buffers:           87020 kB
Cached:           677644 kB
MemTotal:        1844596 kB
MemFree:          652676 kB
MemAvailable:    1389172 kB
Buffers:           87020 kB
Cached:           677644 kB
MemTotal:        1844596 kB
MemFree:          653504 kB
MemAvailable:    1390000 kB
Buffers:           87020 kB
Cached:           677644 kB
MemTotal:        1844596 kB
MemFree:          653308 kB
MemAvailable:    1389804 kB
Buffers:           87020 kB
Cached:           677644 kB
MemTotal:        1844596 kB
MemFree:          651816 kB
MemAvailable:    1388312 kB
Buffers:           87020 kB
Cached:           677644 kB
MemTotal:        1844596 kB
MemFree:          652040 kB
MemAvailable:    1388536 kB
Buffers:           87020 kB
Cached:           677644 kB
MemTotal:        1844596 kB
MemFree:          651384 kB
MemAvailable:    1387880 kB
Buffers:           87020 kB
Cached:           677644 kB
MemTotal:        1844596 kB
MemFree:          651784 kB
MemAvailable:    1388284 kB
Buffers:           87020 kB
Cached:           677648 kB
MemTotal:        1844596 kB
MemFree:          651868 kB
MemAvailable:    1388368 kB
Buffers:           87020 kB
Cached:           677648 kB
MemTotal:        1844596 kB
MemFree:          651312 kB
MemAvailable:    1387812 kB
Buffers:           87020 kB
Cached:           677648 kB
MemTotal:        1844596 kB
MemFree:          650048 kB
MemAvailable:    1386548 kB
Buffers:           87020 kB
Cached:           677648 kB
MemTotal:        1844596 kB
MemFree:          650132 kB
MemAvailable:    1386632 kB
Buffers:           87020 kB
Cached:           677648 kB
MemTotal:        1844596 kB
MemFree:          649264 kB
MemAvailable:    1385764 kB
Buffers:           87020 kB
Cached:           677648 kB
MemTotal:        1844596 kB
MemFree:          649016 kB
MemAvailable:    1385516 kB
Buffers:           87020 kB
Cached:           677648 kB
MemTotal:        1844596 kB
MemFree:          647708 kB
MemAvailable:    1384208 kB
Buffers:           87020 kB
Cached:           677648 kB
MemTotal:        1844596 kB
MemFree:          648992 kB
MemAvailable:    1385492 kB
Buffers:           87020 kB
Cached:           677648 kB
MemTotal:        1844596 kB
MemFree:          647848 kB
MemAvailable:    1384348 kB
Buffers:           87020 kB
Cached:           677648 kB
MemTotal:        1844596 kB
MemFree:          648916 kB
MemAvailable:    1385416 kB
Buffers:           87020 kB
Cached:           677648 kB
MemTotal:        1844596 kB
MemFree:          647848 kB
MemAvailable:    1384348 kB
Buffers:           87020 kB
Cached:           677648 kB
MemTotal:        1844596 kB
MemFree:          648832 kB
MemAvailable:    1385332 kB
Buffers:           87020 kB
Cached:           677648 kB
MemTotal:        1844596 kB
MemFree:          647724 kB
MemAvailable:    1384224 kB
Buffers:           87020 kB
Cached:           677648 kB
MemTotal:        1844596 kB
MemFree:          647460 kB
MemAvailable:    1383960 kB
Buffers:           87020 kB
Cached:           677648 kB
MemTotal:        1844596 kB
MemFree:          647212 kB
MemAvailable:    1383712 kB
Buffers:           87020 kB
Cached:           677648 kB
MemTotal:        1844596 kB
MemFree:          645848 kB
MemAvailable:    1382348 kB
Buffers:           87020 kB
Cached:           677648 kB
MemTotal:        1844596 kB
MemFree:          647032 kB
MemAvailable:    1383532 kB
Buffers:           87020 kB
Cached:           677648 kB
MemTotal:        1844596 kB
MemFree:          647288 kB
MemAvailable:    1383788 kB
Buffers:           87020 kB
Cached:           677648 kB
MemTotal:        1844596 kB
MemFree:          646084 kB
MemAvailable:    1382584 kB
Buffers:           87020 kB
Cached:           677648 kB
MemTotal:        1844596 kB
MemFree:          647004 kB
MemAvailable:    1383504 kB
Buffers:           87020 kB
Cached:           677648 kB
MemTotal:        1844596 kB
MemFree:          647188 kB
MemAvailable:    1383688 kB
Buffers:           87020 kB
Cached:           677648 kB
MemTotal:        1844596 kB
MemFree:          647272 kB
MemAvailable:    1383772 kB
Buffers:           87020 kB
Cached:           677648 kB
MemTotal:        1844596 kB
MemFree:          647048 kB
MemAvailable:    1383548 kB
Buffers:           87020 kB
Cached:           677648 kB
MemTotal:        1844596 kB
MemFree:          647228 kB
MemAvailable:    1383728 kB
Buffers:           87020 kB
Cached:           677648 kB
MemTotal:        1844596 kB
MemFree:          646352 kB
MemAvailable:    1382852 kB
Buffers:           87020 kB
Cached:           677648 kB
MemTotal:        1844596 kB
MemFree:          647036 kB
MemAvailable:    1383536 kB
Buffers:           87020 kB
Cached:           677648 kB
MemTotal:        1844596 kB
MemFree:          647288 kB
MemAvailable:    1383788 kB
Buffers:           87020 kB
Cached:           677648 kB
MemTotal:        1844596 kB
MemFree:          645808 kB
MemAvailable:    1382308 kB
Buffers:           87020 kB
Cached:           677648 kB
MemTotal:        1844596 kB
MemFree:          645932 kB
MemAvailable:    1382432 kB
Buffers:           87020 kB
Cached:           677648 kB
MemTotal:        1844596 kB
MemFree:          645932 kB
MemAvailable:    1382432 kB
Buffers:           87020 kB
Cached:           677648 kB
MemTotal:        1844596 kB
MemFree:          645924 kB
MemAvailable:    1382424 kB
Buffers:           87020 kB
Cached:           677648 kB
MemTotal:        1844596 kB
MemFree:          647144 kB
MemAvailable:    1383644 kB
Buffers:           87020 kB
Cached:           677648 kB
MemTotal:        1844596 kB
MemFree:          647064 kB
MemAvailable:    1383564 kB
Buffers:           87020 kB
Cached:           677648 kB
MemTotal:        1844596 kB
MemFree:          647316 kB
MemAvailable:    1383816 kB
Buffers:           87020 kB
Cached:           677648 kB
MemTotal:        1844596 kB
MemFree:          645800 kB
MemAvailable:    1382300 kB
Buffers:           87020 kB
Cached:           677648 kB
MemTotal:        1844596 kB
MemFree:          647160 kB
MemAvailable:    1383660 kB
Buffers:           87020 kB
Cached:           677648 kB
MemTotal:        1844596 kB
MemFree:          647160 kB
MemAvailable:    1383660 kB
Buffers:           87020 kB
Cached:           677648 kB
MemTotal:        1844596 kB
MemFree:          646972 kB
MemAvailable:    1383472 kB
Buffers:           87020 kB
Cached:           677648 kB
MemTotal:        1844596 kB
MemFree:          647140 kB
MemAvailable:    1383640 kB
Buffers:           87020 kB
Cached:           677648 kB
MemTotal:        1844596 kB
MemFree:          647000 kB
MemAvailable:    1383500 kB
Buffers:           87020 kB
Cached:           677648 kB
MemTotal:        1844596 kB
MemFree:          647172 kB
MemAvailable:    1383672 kB
Buffers:           87020 kB
Cached:           677648 kB
MemTotal:        1844596 kB
MemFree:          647136 kB
MemAvailable:    1383636 kB
Buffers:           87020 kB
Cached:           677648 kB
MemTotal:        1844596 kB
MemFree:          645796 kB
MemAvailable:    1382296 kB
Buffers:           87020 kB
Cached:           677648 kB
MemTotal:        1844596 kB
MemFree:          645920 kB
MemAvailable:    1382420 kB
Buffers:           87020 kB
Cached:           677648 kB
MemTotal:        1844596 kB
MemFree:          647072 kB
MemAvailable:    1383572 kB
Buffers:           87020 kB
Cached:           677648 kB
MemTotal:        1844596 kB
MemFree:          647324 kB
MemAvailable:    1383824 kB
Buffers:           87020 kB
Cached:           677648 kB
MemTotal:        1844596 kB
MemFree:          647088 kB
MemAvailable:    1383588 kB
Buffers:           87020 kB
Cached:           677648 kB
MemTotal:        1844596 kB
MemFree:          647340 kB
MemAvailable:    1383840 kB
Buffers:           87020 kB
Cached:           677648 kB
MemTotal:        1844596 kB
MemFree:          647080 kB
MemAvailable:    1383580 kB
Buffers:           87020 kB
Cached:           677648 kB
MemTotal:        1844596 kB
MemFree:          647332 kB
MemAvailable:    1383832 kB
Buffers:           87020 kB
Cached:           677648 kB
MemTotal:        1844596 kB
MemFree:          647076 kB
MemAvailable:    1383576 kB
Buffers:           87020 kB
Cached:           677648 kB
MemTotal:        1844596 kB
MemFree:          647104 kB
MemAvailable:    1383604 kB
Buffers:           87020 kB
Cached:           677648 kB
MemTotal:        1844596 kB
MemFree:          646916 kB
MemAvailable:    1383416 kB
Buffers:           87020 kB
Cached:           677648 kB
MemTotal:        1844596 kB
MemFree:          647252 kB
MemAvailable:    1383752 kB
Buffers:           87020 kB
Cached:           677648 kB
MemTotal:        1844596 kB
MemFree:          647244 kB
MemAvailable:    1383744 kB
Buffers:           87020 kB
Cached:           677648 kB
MemTotal:        1844596 kB
MemFree:          647088 kB
MemAvailable:    1383588 kB
Buffers:           87020 kB
Cached:           677648 kB
MemTotal:        1844596 kB
MemFree:          647340 kB
MemAvailable:    1383840 kB
Buffers:           87020 kB
Cached:           677648 kB
MemTotal:        1844596 kB
MemFree:          647220 kB
MemAvailable:    1383720 kB
Buffers:           87020 kB
Cached:           677648 kB
MemTotal:        1844596 kB
MemFree:          645972 kB
MemAvailable:    1382472 kB
Buffers:           87020 kB
Cached:           677648 kB
MemTotal:        1844596 kB
MemFree:          646468 kB
MemAvailable:    1382968 kB
Buffers:           87020 kB
Cached:           677648 kB
MemTotal:        1844596 kB
MemFree:          645616 kB
MemAvailable:    1382116 kB
Buffers:           87020 kB
Cached:           677648 kB
MemTotal:        1844596 kB
MemFree:          642492 kB
MemAvailable:    1378992 kB
Buffers:           87020 kB
Cached:           677648 kB
MemTotal:        1844596 kB
MemFree:          642012 kB
MemAvailable:    1378512 kB
Buffers:           87020 kB
Cached:           677648 kB
MemTotal:        1844596 kB
MemFree:          638416 kB
MemAvailable:    1374916 kB
Buffers:           87020 kB
Cached:           677648 kB
MemTotal:        1844596 kB
MemFree:          634696 kB
MemAvailable:    1371196 kB
Buffers:           87020 kB
Cached:           677648 kB
MemTotal:        1844596 kB
MemFree:          630968 kB
MemAvailable:    1367468 kB
Buffers:           87020 kB
Cached:           677648 kB
MemTotal:        1844596 kB
MemFree:          630968 kB
MemAvailable:    1367468 kB
Buffers:           87020 kB
Cached:           677648 kB
MemTotal:        1844596 kB
MemFree:          626760 kB
MemAvailable:    1363260 kB
Buffers:           87020 kB
Cached:           677648 kB
MemTotal:        1844596 kB
MemFree:          626380 kB
MemAvailable:    1362880 kB
Buffers:           87020 kB
Cached:           677648 kB
MemTotal:        1844596 kB
MemFree:          626628 kB
MemAvailable:    1363128 kB
Buffers:           87020 kB
Cached:           677648 kB
MemTotal:        1844596 kB
MemFree:          627932 kB
MemAvailable:    1364432 kB
Buffers:           87020 kB
Cached:           677648 kB
MemTotal:        1844596 kB
MemFree:          626324 kB
MemAvailable:    1362824 kB
Buffers:           87020 kB
Cached:           677648 kB
MemTotal:        1844596 kB
MemFree:          626704 kB
MemAvailable:    1363204 kB
Buffers:           87020 kB
Cached:           677648 kB
MemTotal:        1844596 kB
MemFree:          627632 kB
MemAvailable:    1364132 kB
Buffers:           87020 kB
Cached:           677648 kB
MemTotal:        1844596 kB
MemFree:          627556 kB
MemAvailable:    1364056 kB
Buffers:           87020 kB
Cached:           677648 kB
MemTotal:        1844596 kB
MemFree:          627808 kB
MemAvailable:    1364308 kB
Buffers:           87020 kB
Cached:           677648 kB
MemTotal:        1844596 kB
MemFree:          627676 kB
MemAvailable:    1364176 kB
Buffers:           87020 kB
Cached:           677648 kB
MemTotal:        1844596 kB
MemFree:          626616 kB
MemAvailable:    1363116 kB
Buffers:           87020 kB
Cached:           677648 kB
MemTotal:        1844596 kB
MemFree:          626512 kB
MemAvailable:    1363020 kB
Buffers:           87020 kB
Cached:           677656 kB
MemTotal:        1844596 kB
MemFree:          626636 kB
MemAvailable:    1363144 kB
Buffers:           87020 kB
Cached:           677656 kB
MemTotal:        1844596 kB
MemFree:          626512 kB
MemAvailable:    1363020 kB
Buffers:           87020 kB
Cached:           677656 kB
MemTotal:        1844596 kB
MemFree:          627628 kB
MemAvailable:    1364136 kB
Buffers:           87020 kB
Cached:           677656 kB
MemTotal:        1844596 kB
MemFree:          626124 kB
MemAvailable:    1362632 kB
Buffers:           87020 kB
Cached:           677656 kB
MemTotal:        1844596 kB
MemFree:          626504 kB
MemAvailable:    1363012 kB
Buffers:           87020 kB
Cached:           677656 kB
MemTotal:        1844596 kB
MemFree:          627220 kB
MemAvailable:    1363728 kB
Buffers:           87020 kB
Cached:           677656 kB
MemTotal:        1844596 kB
MemFree:          627132 kB
MemAvailable:    1363640 kB
Buffers:           87020 kB
Cached:           677656 kB
MemTotal:        1844596 kB
MemFree:          627368 kB
MemAvailable:    1363876 kB
Buffers:           87020 kB
Cached:           677656 kB
MemTotal:        1844596 kB
MemFree:          626244 kB
MemAvailable:    1362752 kB
Buffers:           87020 kB
Cached:           677656 kB
MemTotal:        1844596 kB
MemFree:          626204 kB
MemAvailable:    1362712 kB
Buffers:           87020 kB
Cached:           677656 kB
MemTotal:        1844596 kB
MemFree:          627292 kB
MemAvailable:    1363800 kB
Buffers:           87020 kB
Cached:           677656 kB
MemTotal:        1844596 kB
MemFree:          626396 kB
MemAvailable:    1362904 kB
Buffers:           87020 kB
Cached:           677656 kB
MemTotal:        1844596 kB
MemFree:          626828 kB
MemAvailable:    1363336 kB
Buffers:           87020 kB
Cached:           677656 kB
MemTotal:        1844596 kB
MemFree:          627084 kB
MemAvailable:    1363592 kB
Buffers:           87020 kB
Cached:           677656 kB
MemTotal:        1844596 kB
MemFree:          625388 kB
MemAvailable:    1361896 kB
Buffers:           87020 kB
Cached:           677656 kB
MemTotal:        1844596 kB
MemFree:          616328 kB
MemAvailable:    1352836 kB
Buffers:           87020 kB
Cached:           677656 kB
MemTotal:        1844596 kB
MemFree:          616328 kB
MemAvailable:    1352836 kB
Buffers:           87020 kB
Cached:           677656 kB
MemTotal:        1844596 kB
MemFree:          617452 kB
MemAvailable:    1353960 kB
Buffers:           87020 kB
Cached:           677656 kB
MemTotal:        1844596 kB
MemFree:          617708 kB
MemAvailable:    1354216 kB
Buffers:           87020 kB
Cached:           677656 kB
MemTotal:        1844596 kB
MemFree:          617188 kB
MemAvailable:    1353696 kB
Buffers:           87020 kB
Cached:           677656 kB
MemTotal:        1844596 kB
MemFree:          617440 kB
MemAvailable:    1353948 kB
Buffers:           87020 kB
Cached:           677656 kB
MemTotal:        1844596 kB
MemFree:          617260 kB
MemAvailable:    1353768 kB
Buffers:           87020 kB
Cached:           677656 kB
MemTotal:        1844596 kB
MemFree:          615952 kB
MemAvailable:    1352460 kB
Buffers:           87020 kB
Cached:           677656 kB
MemTotal:        1844596 kB
MemFree:          615708 kB
MemAvailable:    1352216 kB
Buffers:           87020 kB
Cached:           677656 kB
MemTotal:        1844596 kB
MemFree:          614484 kB
MemAvailable:    1350992 kB
Buffers:           87020 kB
Cached:           677656 kB
MemTotal:        1844596 kB
MemFree:          614484 kB
MemAvailable:    1350992 kB
Buffers:           87020 kB
Cached:           677656 kB
MemTotal:        1844596 kB
MemFree:          615532 kB
MemAvailable:    1352040 kB
Buffers:           87020 kB
Cached:           677656 kB
MemTotal:        1844596 kB
MemFree:          614308 kB
MemAvailable:    1350900 kB
Buffers:           87020 kB
Cached:           677780 kB
MemTotal:        1844596 kB
MemFree:          615180 kB
MemAvailable:    1351944 kB
Buffers:           87020 kB
Cached:           677908 kB
MemTotal:        1844596 kB
MemFree:          613864 kB
MemAvailable:    1350712 kB
Buffers:           87020 kB
Cached:           678032 kB
MemTotal:        1844596 kB
MemFree:          614940 kB
MemAvailable:    1351872 kB
Buffers:           87020 kB
Cached:           678032 kB
MemTotal:        1844596 kB
MemFree:          613872 kB
MemAvailable:    1350804 kB
Buffers:           87020 kB
Cached:           678156 kB
MemTotal:        1844596 kB
MemFree:          614544 kB
MemAvailable:    1351560 kB
Buffers:           87020 kB
Cached:           678280 kB
MemTotal:        1844596 kB
MemFree:          614880 kB
MemAvailable:    1351896 kB
Buffers:           87020 kB
Cached:           678280 kB
MemTotal:        1844596 kB
MemFree:          614720 kB
MemAvailable:    1351820 kB
Buffers:           87020 kB
Cached:           678280 kB
MemTotal:        1844596 kB
MemFree:          614608 kB
MemAvailable:    1351708 kB
Buffers:           87020 kB
Cached:           678280 kB
MemTotal:        1844596 kB
MemFree:          614120 kB
MemAvailable:    1351220 kB
Buffers:           87020 kB
Cached:           678280 kB
MemTotal:        1844596 kB
MemFree:          614776 kB
MemAvailable:    1351876 kB
Buffers:           87020 kB
Cached:           678280 kB
MemTotal:        1844596 kB
MemFree:          614484 kB
MemAvailable:    1351584 kB
Buffers:           87020 kB
Cached:           678280 kB
MemTotal:        1844596 kB
MemFree:          614456 kB
MemAvailable:    1351556 kB
Buffers:           87020 kB
Cached:           678280 kB
MemTotal:        1844596 kB
MemFree:          614792 kB
MemAvailable:    1351892 kB
Buffers:           87020 kB
Cached:           678280 kB
MemTotal:        1844596 kB
MemFree:          614708 kB
MemAvailable:    1351220 kB
Buffers:           87020 kB
Cached:           677688 kB
MemTotal:        1844596 kB
MemFree:          615044 kB
MemAvailable:    1351556 kB
Buffers:           87020 kB
Cached:           677688 kB
MemTotal:        1844596 kB
MemFree:          613976 kB
MemAvailable:    1350488 kB
Buffers:           87020 kB
Cached:           677688 kB
MemTotal:        1844596 kB
MemFree:          728176 kB
MemAvailable:    1464688 kB
Buffers:           87020 kB
Cached:           677688 kB
MemTotal:        1844596 kB
MemFree:          809560 kB
MemAvailable:    1546072 kB
Buffers:           87020 kB
Cached:           677688 kB
