MemTotal:        1844596 kB
MemFree:          262592 kB
MemAvailable:    1545640 kB
Buffers:          106656 kB
Cached:          1188788 kB
MemTotal:        1844596 kB
MemFree:          234164 kB
MemAvailable:    1517216 kB
Buffers:          106656 kB
Cached:          1188792 kB
MemTotal:        1844596 kB
MemFree:          234984 kB
MemAvailable:    1518036 kB
Buffers:          106656 kB
Cached:          1188792 kB
MemTotal:        1844596 kB
MemFree:          233180 kB
MemAvailable:    1516232 kB
Buffers:          106656 kB
Cached:          1188792 kB
MemTotal:        1844596 kB
MemFree:          231668 kB
MemAvailable:    1514720 kB
Buffers:          106656 kB
Cached:          1188792 kB
MemTotal:        1844596 kB
MemFree:          232004 kB
MemAvailable:    1515056 kB
Buffers:          106656 kB
Cached:          1188792 kB
MemTotal:        1844596 kB
MemFree:          230560 kB
MemAvailable:    1513612 kB
Buffers:          106656 kB
Cached:          1188792 kB
MemTotal:        1844596 kB
MemFree:          227832 kB
MemAvailable:    1510884 kB
Buffers:          106656 kB
Cached:          1188792 kB
MemTotal:        1844596 kB
MemFree:          227832 kB
MemAvailable:    1510884 kB
Buffers:          106656 kB
Cached:          1188792 kB
MemTotal:        1844596 kB
MemFree:          222244 kB
MemAvailable:    1505296 kB
Buffers:          106656 kB
Cached:          1188792 kB
MemTotal:        1844596 kB
MemFree:          221020 kB
MemAvailable:    1504072 kB
Buffers:          106656 kB
Cached:          1188792 kB
MemTotal:        1844596 kB
MemFree:          222860 kB
MemAvailable:    1505912 kB
Buffers:          106656 kB
Cached:          1188792 kB
MemTotal:        1844596 kB
MemFree:          222268 kB
MemAvailable:    1505320 kB
Buffers:          106656 kB
Cached:          1188792 kB
MemTotal:        1844596 kB
MemFree:          222740 kB
MemAvailable:    1505792 kB
Buffers:          106656 kB
Cached:          1188792 kB
MemTotal:        1844596 kB
MemFree:          223056 kB
MemAvailable:    1506108 kB
Buffers:          106656 kB
Cached:          1188792 kB
MemTotal:        1844596 kB
MemFree:          222880 kB
MemAvailable:    1505932 kB
Buffers:          106656 kB
Cached:          1188792 kB
MemTotal:        1844596 kB
MemFree:          221376 kB
MemAvailable:    1504428 kB
Buffers:          106656 kB
Cached:          1188792 kB
MemTotal:        1844596 kB
MemFree:          222136 kB
MemAvailable:    1505188 kB
Buffers:          106656 kB
Cached:          1188792 kB
MemTotal:        1844596 kB
MemFree:          222188 kB
MemAvailable:    1505240 kB
Buffers:          106656 kB
Cached:          1188792 kB
MemTotal:        1844596 kB
MemFree:          222440 kB
MemAvailable:    1505492 kB
Buffers:          106656 kB
Cached:          1188792 kB
MemTotal:        1844596 kB
MemFree:          222064 kB
MemAvailable:    1505116 kB
Buffers:          106656 kB
Cached:          1188792 kB
MemTotal:        1844596 kB
MemFree:          222400 kB
MemAvailable:    1505452 kB
Buffers:          106656 kB
Cached:          1188792 kB
MemTotal:        1844596 kB
MemFree:          222240 kB
MemAvailable:    1505292 kB
Buffers:          106656 kB
Cached:          1188792 kB
MemTotal:        1844596 kB
MemFree:          220868 kB
MemAvailable:    1503920 kB
Buffers:          106656 kB
Cached:          1188792 kB
MemTotal:        1844596 kB
MemFree:          221700 kB
MemAvailable:    1504752 kB
Buffers:          106656 kB
Cached:          1188792 kB
MemTotal:        1844596 kB
MemFree:          220532 kB
MemAvailable:    1503584 kB
Buffers:          106656 kB
Cached:          1188792 kB
MemTotal:        1844596 kB
MemFree:          221376 kB
MemAvailable:    1504428 kB
Buffers:          106656 kB
Cached:          1188792 kB
MemTotal:        1844596 kB
MemFree:          221588 kB
MemAvailable:    1504640 kB
Buffers:          106656 kB
Cached:          1188792 kB
MemTotal:        1844596 kB
MemFree:          221252 kB
MemAvailable:    1504304 kB
Buffers:          106656 kB
Cached:          1188792 kB
MemTotal:        1844596 kB
MemFree:          221056 kB
MemAvailable:    1504108 kB
Buffers:          106656 kB
Cached:          1188792 kB
MemTotal:        1844596 kB
MemFree:          219664 kB
MemAvailable:    1502716 kB
Buffers:          106656 kB
Cached:          1188792 kB
MemTotal:        1844596 kB
MemFree:          220260 kB
MemAvailable:    1503312 kB
Buffers:          106656 kB
Cached:          1188792 kB
MemTotal:        1844596 kB
MemFree:          220260 kB
MemAvailable:    1503312 kB
Buffers:          106656 kB
Cached:          1188792 kB
MemTotal:        1844596 kB
MemFree:          220284 kB
MemAvailable:    1503336 kB
Buffers:          106656 kB
Cached:          1188792 kB
MemTotal:        1844596 kB
MemFree:          219036 kB
MemAvailable:    1502088 kB
Buffers:          106656 kB
Cached:          1188792 kB
MemTotal:        1844596 kB
MemFree:          220020 kB
MemAvailable:    1503072 kB
Buffers:          106656 kB
Cached:          1188792 kB
MemTotal:        1844596 kB
MemFree:          220020 kB
MemAvailable:    1503072 kB
Buffers:          106656 kB
Cached:          1188792 kB
MemTotal:        1844596 kB
MemFree:          218492 kB
MemAvailable:    1501544 kB
Buffers:          106656 kB
Cached:          1188792 kB
MemTotal:        1844596 kB
MemFree:          219284 kB
MemAvailable:    1502336 kB
Buffers:          106656 kB
Cached:          1188792 kB
MemTotal:        1844596 kB
MemFree:          219880 kB
MemAvailable:    1502932 kB
Buffers:          106656 kB
Cached:          1188792 kB
MemTotal:        1844596 kB
MemFree:          219712 kB
MemAvailable:    1502764 kB
Buffers:          106656 kB
Cached:          1188792 kB
MemTotal:        1844596 kB
MemFree:          218472 kB
MemAvailable:    1501524 kB
Buffers:          106656 kB
Cached:          1188792 kB
MemTotal:        1844596 kB
MemFree:          215564 kB
MemAvailable:    1498616 kB
Buffers:          106656 kB
Cached:          1188792 kB
MemTotal:        1844596 kB
MemFree:          213580 kB
MemAvailable:    1496632 kB
Buffers:          106656 kB
Cached:          1188792 kB
MemTotal:        1844596 kB
MemFree:          214896 kB
MemAvailable:    1497948 kB
Buffers:          106656 kB
Cached:          1188792 kB
MemTotal:        1844596 kB
MemFree:          213712 kB
MemAvailable:    1496764 kB
Buffers:          106656 kB
Cached:          1188792 kB
MemTotal:        1844596 kB
MemFree:          213168 kB
MemAvailable:    1496224 kB
Buffers:          106656 kB
Cached:          1188796 kB
MemTotal:        1844596 kB
MemFree:          214376 kB
MemAvailable:    1497432 kB
Buffers:          106656 kB
Cached:          1188796 kB
MemTotal:        1844596 kB
MemFree:          213020 kB
MemAvailable:    1496076 kB
Buffers:          106656 kB
Cached:          1188796 kB
MemTotal:        1844596 kB
MemFree:          213580 kB
MemAvailable:    1496636 kB
Buffers:          106656 kB
Cached:          1188796 kB
MemTotal:        1844596 kB
MemFree:          214012 kB
MemAvailable:    1497068 kB
Buffers:          106656 kB
Cached:          1188796 kB
MemTotal:        1844596 kB
MemFree:          214268 kB
MemAvailable:    1497324 kB
Buffers:          106656 kB
Cached:          1188796 kB
MemTotal:        1844596 kB
MemFree:          214040 kB
MemAvailable:    1497096 kB
Buffers:          106656 kB
Cached:          1188796 kB
MemTotal:        1844596 kB
MemFree:          214200 kB
MemAvailable:    1497256 kB
Buffers:          106656 kB
Cached:          1188796 kB
MemTotal:        1844596 kB
MemFree:          214080 kB
MemAvailable:    1497136 kB
Buffers:          106656 kB
Cached:          1188796 kB
MemTotal:        1844596 kB
MemFree:          212816 kB
MemAvailable:    1495872 kB
Buffers:          106656 kB
Cached:          1188796 kB
MemTotal:        1844596 kB
MemFree:          214132 kB
MemAvailable:    1497188 kB
Buffers:          106656 kB
Cached:          1188796 kB
MemTotal:        1844596 kB
MemFree:          213996 kB
MemAvailable:    1497052 kB
Buffers:          106656 kB
Cached:          1188796 kB
MemTotal:        1844596 kB
MemFree:          213952 kB
MemAvailable:    1497008 kB
Buffers:          106656 kB
Cached:          1188796 kB
MemTotal:        1844596 kB
MemFree:          209788 kB
MemAvailable:    1492844 kB
Buffers:          106656 kB
Cached:          1188796 kB
MemTotal:        1844596 kB
MemFree:          208372 kB
MemAvailable:    1491428 kB
Buffers:          106656 kB
Cached:          1188796 kB
MemTotal:        1844596 kB
MemFree:          207140 kB
MemAvailable:    1490196 kB
Buffers:          106656 kB
Cached:          1188796 kB
MemTotal:        1844596 kB
MemFree:          207920 kB
MemAvailable:    1490976 kB
Buffers:          106656 kB
Cached:          1188796 kB
MemTotal:        1844596 kB
MemFree:          206512 kB
MemAvailable:    1489568 kB
Buffers:          106656 kB
Cached:          1188796 kB
MemTotal:        1844596 kB
MemFree:          206248 kB
MemAvailable:    1489304 kB
Buffers:          106656 kB
Cached:          1188796 kB
MemTotal:        1844596 kB
MemFree:          206500 kB
MemAvailable:    1489556 kB
Buffers:          106656 kB
Cached:          1188796 kB
MemTotal:        1844596 kB
MemFree:          205864 kB
MemAvailable:    1488920 kB
Buffers:          106656 kB
Cached:          1188796 kB
MemTotal:        1844596 kB
MemFree:          205380 kB
MemAvailable:    1488436 kB
Buffers:          106656 kB
Cached:          1188796 kB
MemTotal:        1844596 kB
MemFree:          205404 kB
MemAvailable:    1488460 kB
Buffers:          106656 kB
Cached:          1188796 kB
MemTotal:        1844596 kB
MemFree:          204024 kB
MemAvailable:    1487080 kB
Buffers:          106656 kB
Cached:          1188796 kB
MemTotal:        1844596 kB
MemFree:          204148 kB
MemAvailable:    1487204 kB
Buffers:          106656 kB
Cached:          1188796 kB
MemTotal:        1844596 kB
MemFree:          204272 kB
MemAvailable:    1487328 kB
Buffers:          106656 kB
Cached:          1188796 kB
MemTotal:        1844596 kB
MemFree:          205448 kB
MemAvailable:    1488504 kB
Buffers:          106656 kB
Cached:          1188796 kB
MemTotal:        1844596 kB
MemFree:          204396 kB
MemAvailable:    1487452 kB
Buffers:          106656 kB
Cached:          1188796 kB
MemTotal:        1844596 kB
MemFree:          205572 kB
MemAvailable:    1488628 kB
Buffers:          106656 kB
Cached:          1188796 kB
MemTotal:        1844596 kB
MemFree:          204140 kB
MemAvailable:    1487196 kB
Buffers:          106656 kB
Cached:          1188796 kB
MemTotal:        1844596 kB
MemFree:          205504 kB
MemAvailable:    1488560 kB
Buffers:          106656 kB
Cached:          1188796 kB
MemTotal:        1844596 kB
MemFree:          204000 kB
MemAvailable:    1487056 kB
Buffers:          106656 kB
Cached:          1188796 kB
MemTotal:        1844596 kB
MemFree:          203776 kB
MemAvailable:    1486832 kB
Buffers:          106656 kB
Cached:          1188796 kB
MemTotal:        1844596 kB
MemFree:          203900 kB
MemAvailable:    1486956 kB
Buffers:          106656 kB
Cached:          1188796 kB
MemTotal:        1844596 kB
MemFree:          204876 kB
MemAvailable:    1487932 kB
Buffers:          106656 kB
Cached:          1188796 kB
MemTotal:        1844596 kB
MemFree:          205128 kB
MemAvailable:    1488184 kB
Buffers:          106656 kB
Cached:          1188796 kB
MemTotal:        1844596 kB
MemFree:          205012 kB
MemAvailable:    1488068 kB
Buffers:          106656 kB
Cached:          1188796 kB
MemTotal:        1844596 kB
MemFree:          204832 kB
MemAvailable:    1487888 kB
Buffers:          106656 kB
Cached:          1188796 kB
MemTotal:        1844596 kB
MemFree:          205084 kB
MemAvailable:    1488140 kB
Buffers:          106656 kB
Cached:          1188796 kB
MemTotal:        1844596 kB
MemFree:          204768 kB
MemAvailable:    1487824 kB
Buffers:          106656 kB
Cached:          1188796 kB
MemTotal:        1844596 kB
MemFree:          202048 kB
MemAvailable:    1485104 kB
Buffers:          106656 kB
Cached:          1188796 kB
MemTotal:        1844596 kB
MemFree:          198452 kB
MemAvailable:    1481508 kB
Buffers:          106656 kB
Cached:          1188796 kB
MemTotal:        1844596 kB
MemFree:          196824 kB
MemAvailable:    1479880 kB
Buffers:          106656 kB
Cached:          1188796 kB
MemTotal:        1844596 kB
MemFree:          196908 kB
MemAvailable:    1479964 kB
Buffers:          106656 kB
Cached:          1188796 kB
MemTotal:        1844596 kB
MemFree:          196660 kB
MemAvailable:    1479716 kB
Buffers:          106656 kB
Cached:          1188796 kB
MemTotal:        1844596 kB
MemFree:          196756 kB
MemAvailable:    1479812 kB
Buffers:          106656 kB
Cached:          1188796 kB
MemTotal:        1844596 kB
MemFree:          195724 kB
MemAvailable:    1478780 kB
Buffers:          106656 kB
Cached:          1188796 kB
MemTotal:        1844596 kB
MemFree:          195088 kB
MemAvailable:    1478148 kB
Buffers:          106656 kB
Cached:          1188800 kB
MemTotal:        1844596 kB
MemFree:          195352 kB
MemAvailable:    1478412 kB
Buffers:          106656 kB
Cached:          1188800 kB
MemTotal:        1844596 kB
MemFree:          196164 kB
MemAvailable:    1479224 kB
Buffers:          106656 kB
Cached:          1188800 kB
MemTotal:        1844596 kB
MemFree:          194924 kB
MemAvailable:    1477984 kB
Buffers:          106656 kB
Cached:          1188800 kB
MemTotal:        1844596 kB
MemFree:          195172 kB
MemAvailable:    1478232 kB
Buffers:          106656 kB
Cached:          1188800 kB
MemTotal:        1844596 kB
MemFree:          194792 kB
MemAvailable:    1477852 kB
Buffers:          106656 kB
Cached:          1188800 kB
MemTotal:        1844596 kB
MemFree:          195084 kB
MemAvailable:    1478144 kB
Buffers:          106656 kB
Cached:          1188800 kB
MemTotal:        1844596 kB
MemFree:          196212 kB
MemAvailable:    1479272 kB
Buffers:          106656 kB
Cached:          1188800 kB
MemTotal:        1844596 kB
MemFree:          195608 kB
MemAvailable:    1478668 kB
Buffers:          106656 kB
Cached:          1188800 kB
MemTotal:        1844596 kB
MemFree:          196512 kB
MemAvailable:    1479576 kB
Buffers:          106656 kB
Cached:          1188804 kB
MemTotal:        1844596 kB
MemFree:          196388 kB
MemAvailable:    1479452 kB
Buffers:          106656 kB
Cached:          1188804 kB
MemTotal:        1844596 kB
MemFree:          195204 kB
MemAvailable:    1478268 kB
Buffers:          106656 kB
Cached:          1188804 kB
MemTotal:        1844596 kB
MemFree:          195080 kB
MemAvailable:    1478144 kB
Buffers:          106656 kB
Cached:          1188804 kB
MemTotal:        1844596 kB
MemFree:          196380 kB
MemAvailable:    1479444 kB
Buffers:          106656 kB
Cached:          1188804 kB
MemTotal:        1844596 kB
MemFree:          195204 kB
MemAvailable:    1478268 kB
Buffers:          106656 kB
Cached:          1188804 kB
MemTotal:        1844596 kB
MemFree:          196444 kB
MemAvailable:    1479508 kB
Buffers:          106656 kB
Cached:          1188804 kB
MemTotal:        1844596 kB
MemFree:          195352 kB
MemAvailable:    1478416 kB
Buffers:          106656 kB
Cached:          1188804 kB
MemTotal:        1844596 kB
MemFree:          196468 kB
MemAvailable:    1479532 kB
Buffers:          106656 kB
Cached:          1188804 kB
MemTotal:        1844596 kB
MemFree:          195476 kB
MemAvailable:    1478540 kB
Buffers:          106656 kB
Cached:          1188804 kB
MemTotal:        1844596 kB
MemFree:          196152 kB
MemAvailable:    1479216 kB
Buffers:          106656 kB
Cached:          1188804 kB
MemTotal:        1844596 kB
MemFree:          195972 kB
MemAvailable:    1479036 kB
Buffers:          106656 kB
Cached:          1188804 kB
MemTotal:        1844596 kB
MemFree:          196392 kB
MemAvailable:    1479456 kB
Buffers:          106656 kB
Cached:          1188804 kB
MemTotal:        1844596 kB
MemFree:          196220 kB
MemAvailable:    1479284 kB
Buffers:          106656 kB
Cached:          1188804 kB
MemTotal:        1844596 kB
MemFree:          195608 kB
MemAvailable:    1478672 kB
Buffers:          106656 kB
Cached:          1188804 kB
MemTotal:        1844596 kB
MemFree:          196164 kB
MemAvailable:    1479228 kB
Buffers:          106656 kB
Cached:          1188804 kB
MemTotal:        1844596 kB
MemFree:          196416 kB
MemAvailable:    1479480 kB
Buffers:          106656 kB
Cached:          1188804 kB
MemTotal:        1844596 kB
MemFree:          195092 kB
MemAvailable:    1478156 kB
Buffers:          106656 kB
Cached:          1188804 kB
MemTotal:        1844596 kB
MemFree:          196416 kB
MemAvailable:    1479480 kB
Buffers:          106656 kB
Cached:          1188804 kB
MemTotal:        1844596 kB
MemFree:          195104 kB
MemAvailable:    1478172 kB
Buffers:          106656 kB
Cached:          1188808 kB
MemTotal:        1844596 kB
MemFree:          195104 kB
MemAvailable:    1478172 kB
Buffers:          106656 kB
Cached:          1188808 kB
MemTotal:        1844596 kB
MemFree:          196380 kB
MemAvailable:    1479448 kB
Buffers:          106656 kB
Cached:          1188808 kB
MemTotal:        1844596 kB
MemFree:          195476 kB
MemAvailable:    1478544 kB
Buffers:          106656 kB
Cached:          1188808 kB
MemTotal:        1844596 kB
MemFree:          196040 kB
MemAvailable:    1479108 kB
Buffers:          106656 kB
Cached:          1188808 kB
MemTotal:        1844596 kB
MemFree:          196376 kB
MemAvailable:    1479444 kB
Buffers:          106656 kB
Cached:          1188808 kB
MemTotal:        1844596 kB
MemFree:          191128 kB
MemAvailable:    1474196 kB
Buffers:          106656 kB
Cached:          1188808 kB
MemTotal:        1844596 kB
MemFree:          190524 kB
MemAvailable:    1473592 kB
Buffers:          106656 kB
Cached:          1188808 kB
MemTotal:        1844596 kB
MemFree:          187664 kB
MemAvailable:    1470732 kB
Buffers:          106656 kB
Cached:          1188808 kB
MemTotal:        1844596 kB
MemFree:          185616 kB
MemAvailable:    1468684 kB
Buffers:          106656 kB
Cached:          1188808 kB
MemTotal:        1844596 kB
MemFree:          184572 kB
MemAvailable:    1467640 kB
Buffers:          106656 kB
Cached:          1188808 kB
MemTotal:        1844596 kB
MemFree:          185376 kB
MemAvailable:    1468444 kB
Buffers:          106656 kB
Cached:          1188808 kB
MemTotal:        1844596 kB
MemFree:          185628 kB
MemAvailable:    1468696 kB
Buffers:          106656 kB
Cached:          1188808 kB
MemTotal:        1844596 kB
MemFree:          185544 kB
MemAvailable:    1468612 kB
Buffers:          106656 kB
Cached:          1188808 kB
MemTotal:        1844596 kB
MemFree:          185600 kB
MemAvailable:    1468668 kB
Buffers:          106656 kB
Cached:          1188808 kB
MemTotal:        1844596 kB
MemFree:          185508 kB
MemAvailable:    1468576 kB
Buffers:          106656 kB
Cached:          1188808 kB
MemTotal:        1844596 kB
MemFree:          185316 kB
MemAvailable:    1468384 kB
Buffers:          106656 kB
Cached:          1188808 kB
MemTotal:        1844596 kB
MemFree:          185384 kB
MemAvailable:    1468452 kB
Buffers:          106656 kB
Cached:          1188808 kB
MemTotal:        1844596 kB
MemFree:          184820 kB
MemAvailable:    1467888 kB
Buffers:          106656 kB
Cached:          1188808 kB
MemTotal:        1844596 kB
MemFree:          185292 kB
MemAvailable:    1468360 kB
Buffers:          106656 kB
Cached:          1188808 kB
MemTotal:        1844596 kB
MemFree:          185628 kB
MemAvailable:    1468696 kB
Buffers:          106656 kB
Cached:          1188808 kB
MemTotal:        1844596 kB
MemFree:          185416 kB
MemAvailable:    1468484 kB
Buffers:          106656 kB
Cached:          1188808 kB
MemTotal:        1844596 kB
MemFree:          185628 kB
MemAvailable:    1468696 kB
Buffers:          106656 kB
Cached:          1188808 kB
MemTotal:        1844596 kB
MemFree:          184012 kB
MemAvailable:    1467080 kB
Buffers:          106656 kB
Cached:          1188808 kB
MemTotal:        1844596 kB
MemFree:          184004 kB
MemAvailable:    1467072 kB
Buffers:          106656 kB
Cached:          1188808 kB
MemTotal:        1844596 kB
MemFree:          184688 kB
MemAvailable:    1467756 kB
Buffers:          106656 kB
Cached:          1188808 kB
MemTotal:        1844596 kB
MemFree:          185368 kB
MemAvailable:    1468436 kB
Buffers:          106656 kB
Cached:          1188808 kB
MemTotal:        1844596 kB
MemFree:          185180 kB
MemAvailable:    1468248 kB
Buffers:          106656 kB
Cached:          1188808 kB
MemTotal:        1844596 kB
MemFree:          185288 kB
MemAvailable:    1468356 kB
Buffers:          106656 kB
Cached:          1188808 kB
MemTotal:        1844596 kB
MemFree:          184760 kB
MemAvailable:    1467828 kB
Buffers:          106656 kB
Cached:          1188808 kB
MemTotal:        1844596 kB
MemFree:          185344 kB
MemAvailable:    1468412 kB
Buffers:          106656 kB
Cached:          1188808 kB
MemTotal:        1844596 kB
MemFree:          185516 kB
MemAvailable:    1468584 kB
Buffers:          106656 kB
Cached:          1188808 kB
MemTotal:        1844596 kB
MemFree:          185312 kB
MemAvailable:    1468380 kB
Buffers:          106656 kB
Cached:          1188808 kB
MemTotal:        1844596 kB
MemFree:          185440 kB
MemAvailable:    1468508 kB
Buffers:          106656 kB
Cached:          1188808 kB
MemTotal:        1844596 kB
MemFree:          184556 kB
MemAvailable:    1467624 kB
Buffers:          106656 kB
Cached:          1188808 kB
MemTotal:        1844596 kB
MemFree:          185548 kB
MemAvailable:    1468620 kB
Buffers:          106656 kB
Cached:          1188812 kB
MemTotal:        1844596 kB
MemFree:          185884 kB
MemAvailable:    1468956 kB
Buffers:          106656 kB
Cached:          1188812 kB
MemTotal:        1844596 kB
MemFree:          185416 kB
MemAvailable:    1468488 kB
Buffers:          106656 kB
Cached:          1188812 kB
MemTotal:        1844596 kB
MemFree:          184696 kB
MemAvailable:    1467768 kB
Buffers:          106656 kB
Cached:          1188812 kB
MemTotal:        1844596 kB
MemFree:          185312 kB
MemAvailable:    1468384 kB
Buffers:          106656 kB
Cached:          1188812 kB
MemTotal:        1844596 kB
MemFree:          184264 kB
MemAvailable:    1467336 kB
Buffers:          106656 kB
Cached:          1188812 kB
MemTotal:        1844596 kB
MemFree:          184132 kB
MemAvailable:    1467204 kB
Buffers:          106656 kB
Cached:          1188812 kB
MemTotal:        1844596 kB
MemFree:          185300 kB
MemAvailable:    1468372 kB
Buffers:          106656 kB
Cached:          1188812 kB
MemTotal:        1844596 kB
MemFree:          185192 kB
MemAvailable:    1468264 kB
Buffers:          106656 kB
Cached:          1188812 kB
MemTotal:        1844596 kB
MemFree:          185484 kB
MemAvailable:    1468556 kB
Buffers:          106656 kB
Cached:          1188812 kB
MemTotal:        1844596 kB
MemFree:          185444 kB
MemAvailable:    1468516 kB
Buffers:          106656 kB
Cached:          1188812 kB
MemTotal:        1844596 kB
MemFree:          184564 kB
MemAvailable:    1467636 kB
Buffers:          106656 kB
Cached:          1188812 kB
MemTotal:        1844596 kB
MemFree:          185336 kB
MemAvailable:    1468408 kB
Buffers:          106656 kB
Cached:          1188812 kB
MemTotal:        1844596 kB
MemFree:          185508 kB
MemAvailable:    1468580 kB
Buffers:          106656 kB
Cached:          1188812 kB
MemTotal:        1844596 kB
MemFree:          185280 kB
MemAvailable:    1468352 kB
Buffers:          106656 kB
Cached:          1188812 kB
MemTotal:        1844596 kB
MemFree:          185060 kB
MemAvailable:    1468132 kB
Buffers:          106656 kB
Cached:          1188812 kB
MemTotal:        1844596 kB
MemFree:          184012 kB
MemAvailable:    1467084 kB
Buffers:          106656 kB
Cached:          1188812 kB
MemTotal:        1844596 kB
MemFree:          185304 kB
MemAvailable:    1468376 kB
Buffers:          106656 kB
Cached:          1188812 kB
MemTotal:        1844596 kB
MemFree:          184136 kB
MemAvailable:    1467208 kB
Buffers:          106656 kB
Cached:          1188812 kB
MemTotal:        1844596 kB
MemFree:          184260 kB
MemAvailable:    1467332 kB
Buffers:          106656 kB
Cached:          1188812 kB
MemTotal:        1844596 kB
MemFree:          184260 kB
MemAvailable:    1467332 kB
Buffers:          106656 kB
Cached:          1188812 kB
MemTotal:        1844596 kB
MemFree:          184564 kB
MemAvailable:    1467636 kB
Buffers:          106656 kB
Cached:          1188812 kB
MemTotal:        1844596 kB
MemFree:          185268 kB
MemAvailable:    1468344 kB
Buffers:          106656 kB
Cached:          1188816 kB
MemTotal:        1844596 kB
MemFree:          185368 kB
MemAvailable:    1468444 kB
Buffers:          106656 kB
Cached:          1188816 kB
MemTotal:        1844596 kB
MemFree:          184912 kB
MemAvailable:    1467988 kB
Buffers:          106656 kB
Cached:          1188816 kB
MemTotal:        1844596 kB
MemFree:          184912 kB
MemAvailable:    1467988 kB
Buffers:          106656 kB
Cached:          1188816 kB
MemTotal:        1844596 kB
MemFree:          183516 kB
MemAvailable:    1466592 kB
Buffers:          106656 kB
Cached:          1188816 kB
MemTotal:        1844596 kB
MemFree:          183516 kB
MemAvailable:    1466592 kB
Buffers:          106656 kB
Cached:          1188816 kB
MemTotal:        1844596 kB
MemFree:          184424 kB
MemAvailable:    1467500 kB
Buffers:          106656 kB
Cached:          1188816 kB
MemTotal:        1844596 kB
MemFree:          183944 kB
MemAvailable:    1467020 kB
Buffers:          106656 kB
Cached:          1188816 kB
MemTotal:        1844596 kB
MemFree:          184188 kB
MemAvailable:    1467264 kB
Buffers:          106656 kB
Cached:          1188816 kB
MemTotal:        1844596 kB
MemFree:          184320 kB
MemAvailable:    1467396 kB
Buffers:          106656 kB
Cached:          1188816 kB
MemTotal:        1844596 kB
MemFree:          183192 kB
MemAvailable:    1466268 kB
Buffers:          106656 kB
Cached:          1188816 kB
MemTotal:        1844596 kB
MemFree:          184316 kB
MemAvailable:    1467392 kB
Buffers:          106656 kB
Cached:          1188816 kB
MemTotal:        1844596 kB
MemFree:          184244 kB
MemAvailable:    1467320 kB
Buffers:          106656 kB
Cached:          1188816 kB
MemTotal:        1844596 kB
MemFree:          183448 kB
MemAvailable:    1466524 kB
Buffers:          106656 kB
Cached:          1188816 kB
MemTotal:        1844596 kB
MemFree:          183924 kB
MemAvailable:    1467000 kB
Buffers:          106656 kB
Cached:          1188816 kB
MemTotal:        1844596 kB
MemFree:          184260 kB
MemAvailable:    1467336 kB
Buffers:          106656 kB
Cached:          1188816 kB
MemTotal:        1844596 kB
MemFree:          183984 kB
MemAvailable:    1467060 kB
Buffers:          106656 kB
Cached:          1188816 kB
MemTotal:        1844596 kB
MemFree:          183324 kB
MemAvailable:    1466400 kB
Buffers:          106656 kB
Cached:          1188816 kB
MemTotal:        1844596 kB
MemFree:          183820 kB
MemAvailable:    1466896 kB
Buffers:          106656 kB
Cached:          1188816 kB
MemTotal:        1844596 kB
MemFree:          183864 kB
MemAvailable:    1466940 kB
Buffers:          106656 kB
Cached:          1188816 kB
MemTotal:        1844596 kB
MemFree:          183084 kB
MemAvailable:    1466160 kB
Buffers:          106656 kB
Cached:          1188816 kB
MemTotal:        1844596 kB
MemFree:          183872 kB
MemAvailable:    1466948 kB
Buffers:          106656 kB
Cached:          1188816 kB
MemTotal:        1844596 kB
MemFree:          183812 kB
MemAvailable:    1466888 kB
Buffers:          106656 kB
Cached:          1188816 kB
MemTotal:        1844596 kB
MemFree:          184064 kB
MemAvailable:    1467140 kB
Buffers:          106656 kB
Cached:          1188816 kB
MemTotal:        1844596 kB
MemFree:          183812 kB
MemAvailable:    1466888 kB
Buffers:          106656 kB
Cached:          1188816 kB
MemTotal:        1844596 kB
MemFree:          184064 kB
MemAvailable:    1467140 kB
Buffers:          106656 kB
Cached:          1188816 kB
MemTotal:        1844596 kB
MemFree:          183424 kB
MemAvailable:    1466500 kB
Buffers:          106656 kB
Cached:          1188816 kB
MemTotal:        1844596 kB
MemFree:          182448 kB
MemAvailable:    1465524 kB
Buffers:          106656 kB
Cached:          1188816 kB
MemTotal:        1844596 kB
MemFree:          182696 kB
MemAvailable:    1465772 kB
Buffers:          106656 kB
Cached:          1188816 kB
MemTotal:        1844596 kB
MemFree:          184020 kB
MemAvailable:    1467096 kB
Buffers:          106656 kB
Cached:          1188816 kB
MemTotal:        1844596 kB
MemFree:          180704 kB
MemAvailable:    1463780 kB
Buffers:          106656 kB
Cached:          1188816 kB
MemTotal:        1844596 kB
MemFree:          179852 kB
MemAvailable:    1462928 kB
Buffers:          106656 kB
Cached:          1188816 kB
MemTotal:        1844596 kB
MemFree:          176184 kB
MemAvailable:    1459260 kB
Buffers:          106656 kB
Cached:          1188816 kB
MemTotal:        1844596 kB
MemFree:          171792 kB
MemAvailable:    1454868 kB
Buffers:          106656 kB
Cached:          1188816 kB
MemTotal:        1844596 kB
MemFree:          171792 kB
MemAvailable:    1454868 kB
Buffers:          106656 kB
Cached:          1188816 kB
MemTotal:        1844596 kB
MemFree:          171792 kB
MemAvailable:    1454868 kB
Buffers:          106656 kB
Cached:          1188816 kB
MemTotal:        1844596 kB
MemFree:          171420 kB
MemAvailable:    1454496 kB
Buffers:          106656 kB
Cached:          1188816 kB
MemTotal:        1844596 kB
MemFree:          172332 kB
MemAvailable:    1455408 kB
Buffers:          106656 kB
Cached:          1188816 kB
MemTotal:        1844596 kB
MemFree:          171784 kB
MemAvailable:    1454860 kB
Buffers:          106656 kB
Cached:          1188816 kB
MemTotal:        1844596 kB
MemFree:          171304 kB
MemAvailable:    1454380 kB
Buffers:          106656 kB
Cached:          1188816 kB
MemTotal:        1844596 kB
MemFree:          171464 kB
MemAvailable:    1454540 kB
Buffers:          106656 kB
Cached:          1188816 kB
MemTotal:        1844596 kB
MemFree:          170612 kB
MemAvailable:    1453688 kB
Buffers:          106656 kB
Cached:          1188816 kB
MemTotal:        1844596 kB
MemFree:          169312 kB
MemAvailable:    1452388 kB
Buffers:          106656 kB
Cached:          1188816 kB
MemTotal:        1844596 kB
MemFree:          169420 kB
MemAvailable:    1452496 kB
Buffers:          106656 kB
Cached:          1188816 kB
MemTotal:        1844596 kB
MemFree:          169756 kB
MemAvailable:    1452832 kB
Buffers:          106656 kB
Cached:          1188816 kB
MemTotal:        1844596 kB
MemFree:          167824 kB
MemAvailable:    1450900 kB
Buffers:          106656 kB
Cached:          1188816 kB
MemTotal:        1844596 kB
MemFree:          168544 kB
MemAvailable:    1451620 kB
Buffers:          106656 kB
Cached:          1188816 kB
MemTotal:        1844596 kB
MemFree:          168512 kB
MemAvailable:    1451588 kB
Buffers:          106656 kB
Cached:          1188816 kB
MemTotal:        1844596 kB
MemFree:          168488 kB
MemAvailable:    1451564 kB
Buffers:          106656 kB
Cached:          1188816 kB
MemTotal:        1844596 kB
MemFree:          168740 kB
MemAvailable:    1451816 kB
Buffers:          106656 kB
Cached:          1188816 kB
MemTotal:        1844596 kB
MemFree:          168680 kB
MemAvailable:    1451756 kB
Buffers:          106656 kB
Cached:          1188816 kB
MemTotal:        1844596 kB
MemFree:          167392 kB
MemAvailable:    1450468 kB
Buffers:          106656 kB
Cached:          1188816 kB
MemTotal:        1844596 kB
MemFree:          167136 kB
MemAvailable:    1450212 kB
Buffers:          106656 kB
Cached:          1188816 kB
MemTotal:        1844596 kB
MemFree:          168404 kB
MemAvailable:    1451480 kB
Buffers:          106656 kB
Cached:          1188816 kB
MemTotal:        1844596 kB
MemFree:          168572 kB
MemAvailable:    1451648 kB
Buffers:          106656 kB
Cached:          1188816 kB
MemTotal:        1844596 kB
MemFree:          168756 kB
MemAvailable:    1451832 kB
Buffers:          106656 kB
Cached:          1188816 kB
MemTotal:        1844596 kB
MemFree:          168620 kB
MemAvailable:    1451696 kB
Buffers:          106656 kB
Cached:          1188816 kB
MemTotal:        1844596 kB
MemFree:          167404 kB
MemAvailable:    1450480 kB
Buffers:          106656 kB
Cached:          1188816 kB
MemTotal:        1844596 kB
MemFree:          168248 kB
MemAvailable:    1451324 kB
Buffers:          106656 kB
Cached:          1188816 kB
MemTotal:        1844596 kB
MemFree:          168008 kB
MemAvailable:    1451084 kB
Buffers:          106656 kB
Cached:          1188816 kB
MemTotal:        1844596 kB
MemFree:          168004 kB
MemAvailable:    1451080 kB
Buffers:          106656 kB
Cached:          1188816 kB
MemTotal:        1844596 kB
MemFree:          166656 kB
MemAvailable:    1449732 kB
Buffers:          106656 kB
Cached:          1188816 kB
MemTotal:        1844596 kB
MemFree:          166568 kB
MemAvailable:    1449644 kB
Buffers:          106656 kB
Cached:          1188816 kB
MemTotal:        1844596 kB
MemFree:          166820 kB
MemAvailable:    1449896 kB
Buffers:          106656 kB
Cached:          1188816 kB
MemTotal:        1844596 kB
MemFree:          166724 kB
MemAvailable:    1449800 kB
Buffers:          106656 kB
Cached:          1188816 kB
MemTotal:        1844596 kB
MemFree:          165164 kB
MemAvailable:    1448240 kB
Buffers:          106656 kB
Cached:          1188816 kB
MemTotal:        1844596 kB
MemFree:          165900 kB
MemAvailable:    1448976 kB
Buffers:          106656 kB
Cached:          1188816 kB
MemTotal:        1844596 kB
MemFree:          165792 kB
MemAvailable:    1448868 kB
Buffers:          106656 kB
Cached:          1188816 kB
MemTotal:        1844596 kB
MemFree:          165476 kB
MemAvailable:    1448552 kB
Buffers:          106656 kB
Cached:          1188816 kB
MemTotal:        1844596 kB
MemFree:          165468 kB
MemAvailable:    1448544 kB
Buffers:          106656 kB
Cached:          1188816 kB
MemTotal:        1844596 kB
MemFree:          165272 kB
MemAvailable:    1448348 kB
Buffers:          106656 kB
Cached:          1188816 kB
MemTotal:        1844596 kB
MemFree:          163964 kB
MemAvailable:    1447040 kB
Buffers:          106656 kB
Cached:          1188816 kB
MemTotal:        1844596 kB
MemFree:          164544 kB
MemAvailable:    1447620 kB
Buffers:          106656 kB
Cached:          1188816 kB
MemTotal:        1844596 kB
MemFree:          164796 kB
MemAvailable:    1447872 kB
Buffers:          106656 kB
Cached:          1188816 kB
MemTotal:        1844596 kB
MemFree:          164448 kB
MemAvailable:    1447524 kB
Buffers:          106656 kB
Cached:          1188816 kB
MemTotal:        1844596 kB
MemFree:          164228 kB
MemAvailable:    1447304 kB
Buffers:          106656 kB
Cached:          1188816 kB
MemTotal:        1844596 kB
MemFree:          163224 kB
MemAvailable:    1446300 kB
Buffers:          106656 kB
Cached:          1188816 kB
MemTotal:        1844596 kB
MemFree:          164332 kB
MemAvailable:    1447408 kB
Buffers:          106656 kB
Cached:          1188816 kB
MemTotal:        1844596 kB
MemFree:          163300 kB
MemAvailable:    1446376 kB
Buffers:          106656 kB
Cached:          1188816 kB
MemTotal:        1844596 kB
MemFree:          163176 kB
MemAvailable:    1446252 kB
Buffers:          106656 kB
Cached:          1188816 kB
MemTotal:        1844596 kB
MemFree:          163548 kB
MemAvailable:    1446624 kB
Buffers:          106656 kB
Cached:          1188816 kB
MemTotal:        1844596 kB
MemFree:          164600 kB
MemAvailable:    1447676 kB
Buffers:          106656 kB
Cached:          1188816 kB
MemTotal:        1844596 kB
MemFree:          164636 kB
MemAvailable:    1447712 kB
Buffers:          106656 kB
Cached:          1188816 kB
MemTotal:        1844596 kB
MemFree:          163856 kB
MemAvailable:    1446932 kB
Buffers:          106656 kB
Cached:          1188816 kB
MemTotal:        1844596 kB
MemFree:          164168 kB
MemAvailable:    1447244 kB
Buffers:          106656 kB
Cached:          1188816 kB
MemTotal:        1844596 kB
MemFree:          164168 kB
MemAvailable:    1447244 kB
Buffers:          106656 kB
Cached:          1188816 kB
MemTotal:        1844596 kB
MemFree:          163176 kB
MemAvailable:    1446252 kB
Buffers:          106656 kB
Cached:          1188816 kB
MemTotal:        1844596 kB
MemFree:          163176 kB
MemAvailable:    1446252 kB
Buffers:          106656 kB
Cached:          1188816 kB
MemTotal:        1844596 kB
MemFree:          163052 kB
MemAvailable:    1446128 kB
Buffers:          106656 kB
Cached:          1188816 kB
MemTotal:        1844596 kB
MemFree:          164356 kB
MemAvailable:    1447432 kB
Buffers:          106656 kB
Cached:          1188816 kB
MemTotal:        1844596 kB
MemFree:          162920 kB
MemAvailable:    1445996 kB
Buffers:          106656 kB
Cached:          1188816 kB
MemTotal:        1844596 kB
MemFree:          164148 kB
MemAvailable:    1447224 kB
Buffers:          106656 kB
Cached:          1188816 kB
MemTotal:        1844596 kB
MemFree:          163856 kB
MemAvailable:    1446932 kB
Buffers:          106656 kB
Cached:          1188816 kB
MemTotal:        1844596 kB
MemFree:          164240 kB
MemAvailable:    1447328 kB
Buffers:          106656 kB
Cached:          1188824 kB
MemTotal:        1844596 kB
MemFree:          162988 kB
MemAvailable:    1446076 kB
Buffers:          106656 kB
Cached:          1188824 kB
MemTotal:        1844596 kB
MemFree:          162940 kB
MemAvailable:    1446028 kB
Buffers:          106656 kB
Cached:          1188824 kB
MemTotal:        1844596 kB
MemFree:          164220 kB
MemAvailable:    1447312 kB
Buffers:          106656 kB
Cached:          1188828 kB
MemTotal:        1844596 kB
MemFree:          164472 kB
MemAvailable:    1447564 kB
Buffers:          106656 kB
Cached:          1188828 kB
MemTotal:        1844596 kB
MemFree:          162940 kB
MemAvailable:    1446032 kB
Buffers:          106656 kB
Cached:          1188828 kB
MemTotal:        1844596 kB
MemFree:          162980 kB
MemAvailable:    1446072 kB
Buffers:          106656 kB
Cached:          1188828 kB
MemTotal:        1844596 kB
MemFree:          163064 kB
MemAvailable:    1446156 kB
Buffers:          106656 kB
Cached:          1188828 kB
MemTotal:        1844596 kB
MemFree:          161576 kB
MemAvailable:    1444668 kB
Buffers:          106656 kB
Cached:          1188828 kB
MemTotal:        1844596 kB
MemFree:          161692 kB
MemAvailable:    1444784 kB
Buffers:          106656 kB
Cached:          1188828 kB
MemTotal:        1844596 kB
MemFree:          161436 kB
MemAvailable:    1444528 kB
Buffers:          106656 kB
Cached:          1188828 kB
MemTotal:        1844596 kB
MemFree:          159252 kB
MemAvailable:    1442344 kB
Buffers:          106656 kB
Cached:          1188828 kB
MemTotal:        1844596 kB
MemFree:          158648 kB
MemAvailable:    1441740 kB
Buffers:          106656 kB
Cached:          1188828 kB
MemTotal:        1844596 kB
MemFree:          155848 kB
MemAvailable:    1438940 kB
Buffers:          106656 kB
Cached:          1188828 kB
MemTotal:        1844596 kB
MemFree:          152192 kB
MemAvailable:    1435284 kB
Buffers:          106656 kB
Cached:          1188828 kB
MemTotal:        1844596 kB
MemFree:          148100 kB
MemAvailable:    1431192 kB
Buffers:          106656 kB
Cached:          1188828 kB
MemTotal:        1844596 kB
MemFree:          147940 kB
MemAvailable:    1431032 kB
Buffers:          106656 kB
Cached:          1188828 kB
MemTotal:        1844596 kB
MemFree:          144636 kB
MemAvailable:    1427728 kB
Buffers:          106656 kB
Cached:          1188828 kB
MemTotal:        1844596 kB
MemFree:          144504 kB
MemAvailable:    1427596 kB
Buffers:          106656 kB
Cached:          1188828 kB
MemTotal:        1844596 kB
MemFree:          144712 kB
MemAvailable:    1427804 kB
Buffers:          106656 kB
Cached:          1188828 kB
MemTotal:        1844596 kB
MemFree:          145988 kB
MemAvailable:    1429080 kB
Buffers:          106656 kB
Cached:          1188828 kB
MemTotal:        1844596 kB
MemFree:          144492 kB
MemAvailable:    1427584 kB
Buffers:          106656 kB
Cached:          1188828 kB
MemTotal:        1844596 kB
MemFree:          145560 kB
MemAvailable:    1428652 kB
Buffers:          106656 kB
Cached:          1188828 kB
MemTotal:        1844596 kB
MemFree:          144232 kB
MemAvailable:    1427324 kB
Buffers:          106656 kB
Cached:          1188828 kB
MemTotal:        1844596 kB
MemFree:          145340 kB
MemAvailable:    1428432 kB
Buffers:          106656 kB
Cached:          1188828 kB
MemTotal:        1844596 kB
MemFree:          145528 kB
MemAvailable:    1428620 kB
Buffers:          106656 kB
Cached:          1188828 kB
MemTotal:        1844596 kB
MemFree:          145648 kB
MemAvailable:    1428740 kB
Buffers:          106656 kB
Cached:          1188828 kB
MemTotal:        1844596 kB
MemFree:          145688 kB
MemAvailable:    1428780 kB
Buffers:          106656 kB
Cached:          1188828 kB
MemTotal:        1844596 kB
MemFree:          144884 kB
MemAvailable:    1427976 kB
Buffers:          106656 kB
Cached:          1188828 kB
MemTotal:        1844596 kB
MemFree:          144752 kB
MemAvailable:    1427844 kB
Buffers:          106656 kB
Cached:          1188828 kB
MemTotal:        1844596 kB
MemFree:          145088 kB
MemAvailable:    1428180 kB
Buffers:          106656 kB
Cached:          1188828 kB
MemTotal:        1844596 kB
MemFree:          144812 kB
MemAvailable:    1427904 kB
Buffers:          106656 kB
Cached:          1188828 kB
MemTotal:        1844596 kB
MemFree:          143464 kB
MemAvailable:    1426556 kB
Buffers:          106656 kB
Cached:          1188828 kB
MemTotal:        1844596 kB
MemFree:          143464 kB
MemAvailable:    1426556 kB
Buffers:          106656 kB
Cached:          1188828 kB
MemTotal:        1844596 kB
MemFree:          143464 kB
MemAvailable:    1426556 kB
Buffers:          106656 kB
Cached:          1188828 kB
MemTotal:        1844596 kB
MemFree:          144632 kB
MemAvailable:    1427724 kB
Buffers:          106656 kB
Cached:          1188828 kB
MemTotal:        1844596 kB
MemFree:          144760 kB
MemAvailable:    1427852 kB
Buffers:          106656 kB
Cached:          1188828 kB
MemTotal:        1844596 kB
MemFree:          143328 kB
MemAvailable:    1426420 kB
Buffers:          106656 kB
Cached:          1188828 kB
MemTotal:        1844596 kB
MemFree:          144628 kB
MemAvailable:    1427720 kB
Buffers:          106656 kB
Cached:          1188828 kB
MemTotal:        1844596 kB
MemFree:          144248 kB
MemAvailable:    1427340 kB
Buffers:          106656 kB
Cached:          1188828 kB
MemTotal:        1844596 kB
MemFree:          143768 kB
MemAvailable:    1426860 kB
Buffers:          106656 kB
Cached:          1188828 kB
MemTotal:        1844596 kB
MemFree:          144884 kB
MemAvailable:    1427980 kB
Buffers:          106656 kB
Cached:          1188832 kB
MemTotal:        1844596 kB
MemFree:          143776 kB
MemAvailable:    1426872 kB
Buffers:          106656 kB
Cached:          1188832 kB
MemTotal:        1844596 kB
MemFree:          144628 kB
MemAvailable:    1427724 kB
Buffers:          106656 kB
Cached:          1188832 kB
MemTotal:        1844596 kB
MemFree:          144884 kB
MemAvailable:    1427980 kB
Buffers:          106656 kB
Cached:          1188832 kB
MemTotal:        1844596 kB
MemFree:          143472 kB
MemAvailable:    1426568 kB
Buffers:          106656 kB
Cached:          1188832 kB
MemTotal:        1844596 kB
MemFree:          144708 kB
MemAvailable:    1427804 kB
Buffers:          106656 kB
Cached:          1188832 kB
MemTotal:        1844596 kB
MemFree:          144620 kB
MemAvailable:    1427716 kB
Buffers:          106656 kB
Cached:          1188832 kB
MemTotal:        1844596 kB
MemFree:          144832 kB
MemAvailable:    1427928 kB
Buffers:          106656 kB
Cached:          1188832 kB
MemTotal:        1844596 kB
MemFree:          144808 kB
MemAvailable:    1427904 kB
Buffers:          106656 kB
Cached:          1188832 kB
MemTotal:        1844596 kB
MemFree:          142508 kB
MemAvailable:    1425604 kB
Buffers:          106656 kB
Cached:          1188832 kB
MemTotal:        1844596 kB
MemFree:          140164 kB
MemAvailable:    1423260 kB
Buffers:          106656 kB
Cached:          1188832 kB
MemTotal:        1844596 kB
MemFree:          135336 kB
MemAvailable:    1418432 kB
Buffers:          106656 kB
Cached:          1188832 kB
MemTotal:        1844596 kB
MemFree:          134592 kB
MemAvailable:    1417688 kB
Buffers:          106656 kB
Cached:          1188832 kB
MemTotal:        1844596 kB
MemFree:          129940 kB
MemAvailable:    1413036 kB
Buffers:          106656 kB
Cached:          1188832 kB
MemTotal:        1844596 kB
MemFree:          127532 kB
MemAvailable:    1410628 kB
Buffers:          106656 kB
Cached:          1188832 kB
MemTotal:        1844596 kB
MemFree:          125160 kB
MemAvailable:    1408256 kB
Buffers:          106656 kB
Cached:          1188832 kB
MemTotal:        1844596 kB
MemFree:          126600 kB
MemAvailable:    1409696 kB
Buffers:          106656 kB
Cached:          1188832 kB
MemTotal:        1844596 kB
MemFree:          126360 kB
MemAvailable:    1409456 kB
Buffers:          106656 kB
Cached:          1188832 kB
MemTotal:        1844596 kB
MemFree:          125244 kB
MemAvailable:    1408340 kB
Buffers:          106656 kB
Cached:          1188832 kB
MemTotal:        1844596 kB
MemFree:          126392 kB
MemAvailable:    1409488 kB
Buffers:          106656 kB
Cached:          1188832 kB
MemTotal:        1844596 kB
MemFree:          126392 kB
MemAvailable:    1409488 kB
Buffers:          106656 kB
Cached:          1188832 kB
MemTotal:        1844596 kB
MemFree:          126864 kB
MemAvailable:    1409964 kB
Buffers:          106656 kB
Cached:          1188836 kB
MemTotal:        1844596 kB
MemFree:          126648 kB
MemAvailable:    1409748 kB
Buffers:          106656 kB
Cached:          1188836 kB
MemTotal:        1844596 kB
MemFree:          126452 kB
MemAvailable:    1409552 kB
Buffers:          106656 kB
Cached:          1188836 kB
MemTotal:        1844596 kB
MemFree:          126572 kB
MemAvailable:    1409672 kB
Buffers:          106656 kB
Cached:          1188836 kB
MemTotal:        1844596 kB
MemFree:          126624 kB
MemAvailable:    1409724 kB
Buffers:          106656 kB
Cached:          1188836 kB
MemTotal:        1844596 kB
MemFree:          126320 kB
MemAvailable:    1409420 kB
Buffers:          106656 kB
Cached:          1188836 kB
MemTotal:        1844596 kB
MemFree:          126656 kB
MemAvailable:    1409756 kB
Buffers:          106656 kB
Cached:          1188836 kB
MemTotal:        1844596 kB
MemFree:          126276 kB
MemAvailable:    1409376 kB
Buffers:          106656 kB
Cached:          1188836 kB
MemTotal:        1844596 kB
MemFree:          126524 kB
MemAvailable:    1409624 kB
Buffers:          106656 kB
Cached:          1188836 kB
MemTotal:        1844596 kB
MemFree:          126168 kB
MemAvailable:    1409268 kB
Buffers:          106656 kB
Cached:          1188836 kB
MemTotal:        1844596 kB
MemFree:          126360 kB
MemAvailable:    1409460 kB
Buffers:          106656 kB
Cached:          1188836 kB
MemTotal:        1844596 kB
MemFree:          126540 kB
MemAvailable:    1409640 kB
Buffers:          106656 kB
Cached:          1188836 kB
MemTotal:        1844596 kB
MemFree:          125664 kB
MemAvailable:    1408764 kB
Buffers:          106656 kB
Cached:          1188836 kB
MemTotal:        1844596 kB
MemFree:          126452 kB
MemAvailable:    1409552 kB
Buffers:          106656 kB
Cached:          1188836 kB
MemTotal:        1844596 kB
MemFree:          126300 kB
MemAvailable:    1409400 kB
Buffers:          106656 kB
Cached:          1188836 kB
MemTotal:        1844596 kB
MemFree:          126368 kB
MemAvailable:    1409468 kB
Buffers:          106656 kB
Cached:          1188836 kB
MemTotal:        1844596 kB
MemFree:          125680 kB
MemAvailable:    1408780 kB
Buffers:          106656 kB
Cached:          1188836 kB
MemTotal:        1844596 kB
MemFree:          125424 kB
MemAvailable:    1408524 kB
Buffers:          106656 kB
Cached:          1188836 kB
MemTotal:        1844596 kB
MemFree:          126780 kB
MemAvailable:    1409880 kB
Buffers:          106656 kB
Cached:          1188836 kB
MemTotal:        1844596 kB
MemFree:          125292 kB
MemAvailable:    1408392 kB
Buffers:          106656 kB
Cached:          1188836 kB
MemTotal:        1844596 kB
MemFree:          126388 kB
MemAvailable:    1409488 kB
Buffers:          106656 kB
Cached:          1188836 kB
MemTotal:        1844596 kB
MemFree:          126388 kB
MemAvailable:    1409488 kB
Buffers:          106656 kB
Cached:          1188836 kB
MemTotal:        1844596 kB
MemFree:          126588 kB
MemAvailable:    1409688 kB
Buffers:          106656 kB
Cached:          1188836 kB
MemTotal:        1844596 kB
MemFree:          126416 kB
MemAvailable:    1409516 kB
Buffers:          106656 kB
Cached:          1188836 kB
MemTotal:        1844596 kB
MemFree:          126344 kB
MemAvailable:    1409444 kB
Buffers:          106656 kB
Cached:          1188836 kB
MemTotal:        1844596 kB
MemFree:          126596 kB
MemAvailable:    1409696 kB
Buffers:          106656 kB
Cached:          1188836 kB
MemTotal:        1844596 kB
MemFree:          126540 kB
MemAvailable:    1409640 kB
Buffers:          106656 kB
Cached:          1188836 kB
MemTotal:        1844596 kB
MemFree:          125252 kB
MemAvailable:    1408352 kB
Buffers:          106656 kB
Cached:          1188836 kB
MemTotal:        1844596 kB
MemFree:          126272 kB
MemAvailable:    1409372 kB
Buffers:          106656 kB
Cached:          1188836 kB
MemTotal:        1844596 kB
MemFree:          126608 kB
MemAvailable:    1409708 kB
Buffers:          106656 kB
Cached:          1188836 kB
MemTotal:        1844596 kB
MemFree:          125364 kB
MemAvailable:    1408464 kB
Buffers:          106656 kB
Cached:          1188836 kB
MemTotal:        1844596 kB
MemFree:          125532 kB
MemAvailable:    1408632 kB
Buffers:          106656 kB
Cached:          1188836 kB
MemTotal:        1844596 kB
MemFree:          125300 kB
MemAvailable:    1408400 kB
Buffers:          106656 kB
Cached:          1188836 kB
MemTotal:        1844596 kB
MemFree:          118596 kB
MemAvailable:    1401696 kB
Buffers:          106656 kB
Cached:          1188836 kB
MemTotal:        1844596 kB
MemFree:          115628 kB
MemAvailable:    1398728 kB
Buffers:          106656 kB
Cached:          1188836 kB
MemTotal:        1844596 kB
MemFree:          111040 kB
MemAvailable:    1394140 kB
Buffers:          106656 kB
Cached:          1188836 kB
MemTotal:        1844596 kB
MemFree:          109180 kB
MemAvailable:    1392280 kB
Buffers:          106656 kB
Cached:          1188836 kB
MemTotal:        1844596 kB
MemFree:          108064 kB
MemAvailable:    1391164 kB
Buffers:          106656 kB
Cached:          1188836 kB
MemTotal:        1844596 kB
MemFree:          109128 kB
MemAvailable:    1392228 kB
Buffers:          106656 kB
Cached:          1188836 kB
MemTotal:        1844596 kB
MemFree:          107756 kB
MemAvailable:    1390856 kB
Buffers:          106656 kB
Cached:          1188836 kB
MemTotal:        1844596 kB
MemFree:          108304 kB
MemAvailable:    1391404 kB
Buffers:          106656 kB
Cached:          1188836 kB
MemTotal:        1844596 kB
MemFree:          107560 kB
MemAvailable:    1390660 kB
Buffers:          106656 kB
Cached:          1188836 kB
MemTotal:        1844596 kB
MemFree:          108560 kB
MemAvailable:    1391660 kB
Buffers:          106656 kB
Cached:          1188836 kB
MemTotal:        1844596 kB
MemFree:          107072 kB
MemAvailable:    1390172 kB
Buffers:          106656 kB
Cached:          1188836 kB
MemTotal:        1844596 kB
MemFree:          106816 kB
MemAvailable:    1389916 kB
Buffers:          106656 kB
Cached:          1188836 kB
MemTotal:        1844596 kB
MemFree:          107924 kB
MemAvailable:    1391024 kB
Buffers:          106656 kB
Cached:          1188836 kB
MemTotal:        1844596 kB
MemFree:          107560 kB
MemAvailable:    1390660 kB
Buffers:          106656 kB
Cached:          1188836 kB
MemTotal:        1844596 kB
MemFree:          107812 kB
MemAvailable:    1390912 kB
Buffers:          106656 kB
Cached:          1188836 kB
MemTotal:        1844596 kB
MemFree:          107520 kB
MemAvailable:    1390620 kB
Buffers:          106656 kB
Cached:          1188836 kB
MemTotal:        1844596 kB
MemFree:          106176 kB
MemAvailable:    1389276 kB
Buffers:          106656 kB
Cached:          1188836 kB
MemTotal:        1844596 kB
MemFree:          107632 kB
MemAvailable:    1390732 kB
Buffers:          106656 kB
Cached:          1188836 kB
MemTotal:        1844596 kB
MemFree:          106808 kB
MemAvailable:    1389908 kB
Buffers:          106656 kB
Cached:          1188836 kB
MemTotal:        1844596 kB
MemFree:          106452 kB
MemAvailable:    1389552 kB
Buffers:          106656 kB
Cached:          1188836 kB
MemTotal:        1844596 kB
MemFree:          105196 kB
MemAvailable:    1388296 kB
Buffers:          106656 kB
Cached:          1188836 kB
MemTotal:        1844596 kB
MemFree:          105568 kB
MemAvailable:    1388668 kB
Buffers:          106656 kB
Cached:          1188836 kB
MemTotal:        1844596 kB
MemFree:          105460 kB
MemAvailable:    1388560 kB
Buffers:          106656 kB
Cached:          1188836 kB
MemTotal:        1844596 kB
MemFree:          105148 kB
MemAvailable:    1388248 kB
Buffers:          106656 kB
Cached:          1188836 kB
MemTotal:        1844596 kB
MemFree:          103700 kB
MemAvailable:    1386800 kB
Buffers:          106656 kB
Cached:          1188836 kB
MemTotal:        1844596 kB
MemFree:          104832 kB
MemAvailable:    1387932 kB
Buffers:          106656 kB
Cached:          1188836 kB
MemTotal:        1844596 kB
MemFree:          102236 kB
MemAvailable:    1385336 kB
Buffers:          106656 kB
Cached:          1188836 kB
MemTotal:        1844596 kB
MemFree:          103352 kB
MemAvailable:    1386452 kB
Buffers:          106656 kB
Cached:          1188836 kB
MemTotal:        1844596 kB
MemFree:          101916 kB
MemAvailable:    1385016 kB
Buffers:          106656 kB
Cached:          1188836 kB
MemTotal:        1844596 kB
MemFree:          100700 kB
MemAvailable:    1383800 kB
Buffers:          106656 kB
Cached:          1188836 kB
MemTotal:        1844596 kB
MemFree:          100748 kB
MemAvailable:    1383848 kB
Buffers:          106656 kB
Cached:          1188836 kB
MemTotal:        1844596 kB
MemFree:          101936 kB
MemAvailable:    1385036 kB
Buffers:          106656 kB
Cached:          1188836 kB
MemTotal:        1844596 kB
MemFree:          101936 kB
MemAvailable:    1385036 kB
Buffers:          106656 kB
Cached:          1188836 kB
MemTotal:        1844596 kB
MemFree:          100492 kB
MemAvailable:    1383592 kB
Buffers:          106656 kB
Cached:          1188836 kB
MemTotal:        1844596 kB
MemFree:          101916 kB
MemAvailable:    1385016 kB
Buffers:          106656 kB
Cached:          1188836 kB
MemTotal:        1844596 kB
MemFree:          101128 kB
MemAvailable:    1384228 kB
Buffers:          106656 kB
Cached:          1188836 kB
MemTotal:        1844596 kB
MemFree:          100484 kB
MemAvailable:    1383588 kB
Buffers:          106656 kB
Cached:          1188840 kB
MemTotal:        1844596 kB
MemFree:          100820 kB
MemAvailable:    1383924 kB
Buffers:          106656 kB
Cached:          1188840 kB
MemTotal:        1844596 kB
MemFree:          100352 kB
MemAvailable:    1383456 kB
Buffers:          106656 kB
Cached:          1188840 kB
MemTotal:        1844596 kB
MemFree:          100436 kB
MemAvailable:    1383540 kB
Buffers:          106656 kB
Cached:          1188840 kB
MemTotal:        1844596 kB
MemFree:           98956 kB
MemAvailable:    1382060 kB
Buffers:          106656 kB
Cached:          1188840 kB
MemTotal:        1844596 kB
MemFree:          100232 kB
MemAvailable:    1383336 kB
Buffers:          106656 kB
Cached:          1188840 kB
MemTotal:        1844596 kB
MemFree:          100136 kB
MemAvailable:    1383240 kB
Buffers:          106656 kB
Cached:          1188840 kB
MemTotal:        1844596 kB
MemFree:          100072 kB
MemAvailable:    1383176 kB
Buffers:          106656 kB
Cached:          1188840 kB
MemTotal:        1844596 kB
MemFree:          100408 kB
MemAvailable:    1383512 kB
Buffers:          106656 kB
Cached:          1188840 kB
MemTotal:        1844596 kB
MemFree:          100192 kB
MemAvailable:    1383296 kB
Buffers:          106656 kB
Cached:          1188840 kB
MemTotal:        1844596 kB
MemFree:          100192 kB
MemAvailable:    1383296 kB
Buffers:          106656 kB
Cached:          1188840 kB
MemTotal:        1844596 kB
MemFree:          100204 kB
MemAvailable:    1383308 kB
Buffers:          106656 kB
Cached:          1188840 kB
MemTotal:        1844596 kB
MemFree:           98992 kB
MemAvailable:    1382096 kB
Buffers:          106656 kB
Cached:          1188840 kB
MemTotal:        1844596 kB
MemFree:           98952 kB
MemAvailable:    1382056 kB
Buffers:          106656 kB
Cached:          1188840 kB
MemTotal:        1844596 kB
MemFree:          100228 kB
MemAvailable:    1383332 kB
Buffers:          106656 kB
Cached:          1188840 kB
MemTotal:        1844596 kB
MemFree:          100480 kB
MemAvailable:    1383584 kB
Buffers:          106656 kB
Cached:          1188840 kB
MemTotal:        1844596 kB
MemFree:          100244 kB
MemAvailable:    1383348 kB
Buffers:          106656 kB
Cached:          1188840 kB
MemTotal:        1844596 kB
MemFree:          100136 kB
MemAvailable:    1383240 kB
Buffers:          106656 kB
Cached:          1188840 kB
MemTotal:        1844596 kB
MemFree:          100120 kB
MemAvailable:    1383232 kB
Buffers:          106656 kB
Cached:          1188848 kB
MemTotal:        1844596 kB
MemFree:          100376 kB
MemAvailable:    1383488 kB
Buffers:          106656 kB
Cached:          1188848 kB
MemTotal:        1844596 kB
MemFree:           98880 kB
MemAvailable:    1381992 kB
Buffers:          106656 kB
Cached:          1188848 kB
MemTotal:        1844596 kB
MemFree:           99088 kB
MemAvailable:    1382200 kB
Buffers:          106656 kB
Cached:          1188848 kB
MemTotal:        1844596 kB
MemFree:          100204 kB
MemAvailable:    1383316 kB
Buffers:          106656 kB
Cached:          1188848 kB
MemTotal:        1844596 kB
MemFree:           99516 kB
MemAvailable:    1382628 kB
Buffers:          106656 kB
Cached:          1188848 kB
MemTotal:        1844596 kB
MemFree:          100112 kB
MemAvailable:    1383224 kB
Buffers:          106656 kB
Cached:          1188848 kB
MemTotal:        1844596 kB
MemFree:          100448 kB
MemAvailable:    1383560 kB
Buffers:          106656 kB
Cached:          1188848 kB
MemTotal:        1844596 kB
MemFree:           99004 kB
MemAvailable:    1382116 kB
Buffers:          106656 kB
Cached:          1188848 kB
MemTotal:        1844596 kB
MemFree:          100412 kB
MemAvailable:    1383524 kB
Buffers:          106656 kB
Cached:          1188848 kB
MemTotal:        1844596 kB
MemFree:          100184 kB
MemAvailable:    1383296 kB
Buffers:          106656 kB
Cached:          1188848 kB
MemTotal:        1844596 kB
MemFree:          100184 kB
MemAvailable:    1383296 kB
Buffers:          106656 kB
Cached:          1188848 kB
MemTotal:        1844596 kB
MemFree:          100256 kB
MemAvailable:    1383368 kB
Buffers:          106656 kB
Cached:          1188848 kB
MemTotal:        1844596 kB
MemFree:          100252 kB
MemAvailable:    1383364 kB
Buffers:          106656 kB
Cached:          1188848 kB
MemTotal:        1844596 kB
MemFree:          100088 kB
MemAvailable:    1383200 kB
Buffers:          106656 kB
Cached:          1188848 kB
MemTotal:        1844596 kB
MemFree:          100424 kB
MemAvailable:    1383536 kB
Buffers:          106656 kB
Cached:          1188848 kB
MemTotal:        1844596 kB
MemFree:          100264 kB
MemAvailable:    1383376 kB
Buffers:          106656 kB
Cached:          1188848 kB
MemTotal:        1844596 kB
MemFree:          100224 kB
MemAvailable:    1383336 kB
Buffers:          106656 kB
Cached:          1188848 kB
MemTotal:        1844596 kB
MemFree:           98936 kB
MemAvailable:    1382048 kB
Buffers:          106656 kB
Cached:          1188848 kB
MemTotal:        1844596 kB
MemFree:           99060 kB
MemAvailable:    1382172 kB
Buffers:          106656 kB
Cached:          1188848 kB
MemTotal:        1844596 kB
MemFree:           99136 kB
MemAvailable:    1382248 kB
Buffers:          106656 kB
Cached:          1188848 kB
MemTotal:        1844596 kB
MemFree:          100164 kB
MemAvailable:    1383276 kB
Buffers:          106656 kB
Cached:          1188848 kB
MemTotal:        1844596 kB
MemFree:          100012 kB
MemAvailable:    1383124 kB
Buffers:          106656 kB
Cached:          1188848 kB
MemTotal:        1844596 kB
MemFree:          100112 kB
MemAvailable:    1383224 kB
Buffers:          106656 kB
Cached:          1188848 kB
MemTotal:        1844596 kB
MemFree:          100364 kB
MemAvailable:    1383476 kB
Buffers:          106656 kB
Cached:          1188848 kB
MemTotal:        1844596 kB
MemFree:           99000 kB
MemAvailable:    1382112 kB
Buffers:          106656 kB
Cached:          1188848 kB
MemTotal:        1844596 kB
MemFree:          100324 kB
MemAvailable:    1383436 kB
Buffers:          106656 kB
Cached:          1188848 kB
MemTotal:        1844596 kB
MemFree:           98400 kB
MemAvailable:    1381512 kB
Buffers:          106656 kB
Cached:          1188848 kB
MemTotal:        1844596 kB
MemFree:           95276 kB
MemAvailable:    1378392 kB
Buffers:          106656 kB
Cached:          1188852 kB
MemTotal:        1844596 kB
MemFree:           95280 kB
MemAvailable:    1378396 kB
Buffers:          106656 kB
Cached:          1188852 kB
MemTotal:        1844596 kB
MemFree:           89820 kB
MemAvailable:    1372936 kB
Buffers:          106656 kB
Cached:          1188852 kB
MemTotal:        1844596 kB
MemFree:           88968 kB
MemAvailable:    1372084 kB
Buffers:          106656 kB
Cached:          1188852 kB
MemTotal:        1844596 kB
MemFree:           86364 kB
MemAvailable:    1369480 kB
Buffers:          106656 kB
Cached:          1188852 kB
MemTotal:        1844596 kB
MemFree:           84072 kB
MemAvailable:    1367188 kB
Buffers:          106656 kB
Cached:          1188852 kB
MemTotal:        1844596 kB
MemFree:           82344 kB
MemAvailable:    1365460 kB
Buffers:          106656 kB
Cached:          1188852 kB
MemTotal:        1844596 kB
MemFree:           79668 kB
MemAvailable:    1362784 kB
Buffers:          106656 kB
Cached:          1188852 kB
MemTotal:        1844596 kB
MemFree:           80908 kB
MemAvailable:    1364024 kB
Buffers:          106656 kB
Cached:          1188852 kB
MemTotal:        1844596 kB
MemFree:           79792 kB
MemAvailable:    1362908 kB
Buffers:          106656 kB
Cached:          1188852 kB
MemTotal:        1844596 kB
MemFree:           80612 kB
MemAvailable:    1363728 kB
Buffers:          106656 kB
Cached:          1188852 kB
MemTotal:        1844596 kB
MemFree:           80208 kB
MemAvailable:    1363324 kB
Buffers:          106656 kB
Cached:          1188852 kB
MemTotal:        1844596 kB
MemFree:           79544 kB
MemAvailable:    1362660 kB
Buffers:          106656 kB
Cached:          1188852 kB
MemTotal:        1844596 kB
MemFree:           79620 kB
MemAvailable:    1362736 kB
Buffers:          106656 kB
Cached:          1188852 kB
MemTotal:        1844596 kB
MemFree:           80796 kB
MemAvailable:    1363912 kB
Buffers:          106656 kB
Cached:          1188852 kB
MemTotal:        1844596 kB
MemFree:           80916 kB
MemAvailable:    1364032 kB
Buffers:          106656 kB
Cached:          1188852 kB
MemTotal:        1844596 kB
MemFree:           80712 kB
MemAvailable:    1363828 kB
Buffers:          106656 kB
Cached:          1188852 kB
MemTotal:        1844596 kB
MemFree:           80964 kB
MemAvailable:    1364080 kB
Buffers:          106656 kB
Cached:          1188852 kB
MemTotal:        1844596 kB
MemFree:           79656 kB
MemAvailable:    1362772 kB
Buffers:          106656 kB
Cached:          1188852 kB
MemTotal:        1844596 kB
MemFree:           80772 kB
MemAvailable:    1363888 kB
Buffers:          106656 kB
Cached:          1188852 kB
MemTotal:        1844596 kB
MemFree:           80832 kB
MemAvailable:    1363948 kB
Buffers:          106656 kB
Cached:          1188852 kB
MemTotal:        1844596 kB
MemFree:           80700 kB
MemAvailable:    1363816 kB
Buffers:          106656 kB
Cached:          1188852 kB
MemTotal:        1844596 kB
MemFree:           79676 kB
MemAvailable:    1362792 kB
Buffers:          106656 kB
Cached:          1188852 kB
MemTotal:        1844596 kB
MemFree:           80292 kB
MemAvailable:    1363408 kB
Buffers:          106656 kB
Cached:          1188852 kB
MemTotal:        1844596 kB
MemFree:           79248 kB
MemAvailable:    1362364 kB
Buffers:          106656 kB
Cached:          1188852 kB
MemTotal:        1844596 kB
MemFree:           79248 kB
MemAvailable:    1362364 kB
Buffers:          106656 kB
Cached:          1188852 kB
MemTotal:        1844596 kB
MemFree:           79248 kB
MemAvailable:    1362364 kB
Buffers:          106656 kB
Cached:          1188852 kB
MemTotal:        1844596 kB
MemFree:           80620 kB
MemAvailable:    1363736 kB
Buffers:          106656 kB
Cached:          1188852 kB
MemTotal:        1844596 kB
MemFree:           79916 kB
MemAvailable:    1363032 kB
Buffers:          106656 kB
Cached:          1188852 kB
MemTotal:        1844596 kB
MemFree:           79160 kB
MemAvailable:    1362276 kB
Buffers:          106656 kB
Cached:          1188852 kB
MemTotal:        1844596 kB
MemFree:           80216 kB
MemAvailable:    1363332 kB
Buffers:          106656 kB
Cached:          1188852 kB
MemTotal:        1844596 kB
MemFree:           79056 kB
MemAvailable:    1362172 kB
Buffers:          106656 kB
Cached:          1188852 kB
MemTotal:        1844596 kB
MemFree:           79604 kB
MemAvailable:    1362720 kB
Buffers:          106656 kB
Cached:          1188852 kB
MemTotal:        1844596 kB
MemFree:           79856 kB
MemAvailable:    1362972 kB
Buffers:          106656 kB
Cached:          1188852 kB
MemTotal:        1844596 kB
MemFree:           69360 kB
MemAvailable:    1352476 kB
Buffers:          106656 kB
Cached:          1188852 kB
MemTotal:        1844596 kB
MemFree:           68756 kB
MemAvailable:    1351872 kB
Buffers:          106656 kB
Cached:          1188852 kB
MemTotal:        1844596 kB
MemFree:           70668 kB
MemAvailable:    1353784 kB
Buffers:          106656 kB
Cached:          1188852 kB
MemTotal:        1844596 kB
MemFree:           70712 kB
MemAvailable:    1353828 kB
Buffers:          106656 kB
Cached:          1188852 kB
MemTotal:        1844596 kB
MemFree:           70436 kB
MemAvailable:    1353552 kB
Buffers:          106656 kB
Cached:          1188852 kB
MemTotal:        1844596 kB
MemFree:           69376 kB
MemAvailable:    1352492 kB
Buffers:          106656 kB
Cached:          1188852 kB
MemTotal:        1844596 kB
MemFree:           69252 kB
MemAvailable:    1352368 kB
Buffers:          106656 kB
Cached:          1188852 kB
MemTotal:        1844596 kB
MemFree:           70120 kB
MemAvailable:    1353236 kB
Buffers:          106656 kB
Cached:          1188852 kB
MemTotal:        1844596 kB
MemFree:           66408 kB
MemAvailable:    1349524 kB
Buffers:          106656 kB
Cached:          1188852 kB
MemTotal:        1844596 kB
MemFree:           66336 kB
MemAvailable:    1349452 kB
Buffers:          106656 kB
Cached:          1188852 kB
MemTotal:        1844596 kB
MemFree:           66032 kB
MemAvailable:    1349148 kB
Buffers:          106656 kB
Cached:          1188852 kB
MemTotal:        1844596 kB
MemFree:           67416 kB
MemAvailable:    1350540 kB
Buffers:          106656 kB
Cached:          1188856 kB
MemTotal:        1844596 kB
MemFree:           67512 kB
MemAvailable:    1350636 kB
Buffers:          106656 kB
Cached:          1188856 kB
MemTotal:        1844596 kB
MemFree:           67060 kB
MemAvailable:    1350352 kB
Buffers:          106656 kB
Cached:          1189104 kB
MemTotal:        1844596 kB
MemFree:           67304 kB
MemAvailable:    1350596 kB
Buffers:          106656 kB
Cached:          1189104 kB
MemTotal:        1844596 kB
MemFree:           65656 kB
MemAvailable:    1349088 kB
Buffers:          106656 kB
Cached:          1189220 kB
MemTotal:        1844596 kB
MemFree:           65840 kB
MemAvailable:    1349356 kB
Buffers:          106656 kB
Cached:          1189344 kB
MemTotal:        1844596 kB
MemFree:           65640 kB
MemAvailable:    1349324 kB
Buffers:          106656 kB
Cached:          1189468 kB
MemTotal:        1844596 kB
MemFree:           67008 kB
MemAvailable:    1350692 kB
Buffers:          106656 kB
Cached:          1189468 kB
MemTotal:        1844596 kB
MemFree:           66744 kB
MemAvailable:    1350512 kB
Buffers:          106656 kB
Cached:          1189468 kB
MemTotal:        1844596 kB
MemFree:           66576 kB
MemAvailable:    1350344 kB
Buffers:          106656 kB
Cached:          1189468 kB
MemTotal:        1844596 kB
MemFree:           66744 kB
MemAvailable:    1350512 kB
Buffers:          106656 kB
Cached:          1189468 kB
MemTotal:        1844596 kB
MemFree:           65584 kB
MemAvailable:    1349352 kB
Buffers:          106656 kB
Cached:          1189468 kB
MemTotal:        1844596 kB
MemFree:           66580 kB
MemAvailable:    1350348 kB
Buffers:          106656 kB
Cached:          1189468 kB
MemTotal:        1844596 kB
MemFree:           66700 kB
MemAvailable:    1350468 kB
Buffers:          106656 kB
Cached:          1189468 kB
MemTotal:        1844596 kB
MemFree:           66556 kB
MemAvailable:    1350492 kB
Buffers:          106656 kB
Cached:          1189716 kB
MemTotal:        1844596 kB
MemFree:           66724 kB
MemAvailable:    1350660 kB
Buffers:          106656 kB
Cached:          1189716 kB
MemTotal:        1844596 kB
MemFree:           66816 kB
MemAvailable:    1349996 kB
Buffers:          106656 kB
Cached:          1188960 kB
MemTotal:        1844596 kB
MemFree:          143640 kB
MemAvailable:    1426840 kB
Buffers:          106656 kB
Cached:          1188932 kB
MemTotal:        1844596 kB
MemFree:          260392 kB
MemAvailable:    1543592 kB
Buffers:          106656 kB
Cached:          1188932 kB
