MemTotal:        1844596 kB
MemFree:          812824 kB
MemAvailable:    1545928 kB
Buffers:           86956 kB
Cached:           674452 kB
MemTotal:        1844596 kB
MemFree:          784816 kB
MemAvailable:    1517932 kB
Buffers:           86956 kB
Cached:           674456 kB
MemTotal:        1844596 kB
MemFree:          784992 kB
MemAvailable:    1518108 kB
Buffers:           86956 kB
Cached:           674456 kB
MemTotal:        1844596 kB
MemFree:          782948 kB
MemAvailable:    1516064 kB
Buffers:           86956 kB
Cached:           674456 kB
MemTotal:        1844596 kB
MemFree:          781840 kB
MemAvailable:    1514956 kB
Buffers:           86956 kB
Cached:           674456 kB
MemTotal:        1844596 kB
MemFree:          781328 kB
MemAvailable:    1514444 kB
Buffers:           86956 kB
Cached:           674456 kB
MemTotal:        1844596 kB
MemFree:          781344 kB
MemAvailable:    1514460 kB
Buffers:           86956 kB
Cached:           674456 kB
MemTotal:        1844596 kB
MemFree:          778492 kB
MemAvailable:    1511608 kB
Buffers:           86956 kB
Cached:           674456 kB
MemTotal:        1844596 kB
MemFree:          775020 kB
MemAvailable:    1508136 kB
Buffers:           86956 kB
Cached:           674456 kB
MemTotal:        1844596 kB
MemFree:          772600 kB
MemAvailable:    1505716 kB
Buffers:           86956 kB
Cached:           674456 kB
MemTotal:        1844596 kB
MemFree:          769440 kB
MemAvailable:    1502556 kB
Buffers:           86956 kB
Cached:           674456 kB
MemTotal:        1844596 kB
MemFree:          773152 kB
MemAvailable:    1506268 kB
Buffers:           86956 kB
Cached:           674456 kB
MemTotal:        1844596 kB
MemFree:          772284 kB
MemAvailable:    1505400 kB
Buffers:           86956 kB
Cached:           674456 kB
MemTotal:        1844596 kB
MemFree:          773368 kB
MemAvailable:    1506484 kB
Buffers:           86956 kB
Cached:           674456 kB
MemTotal:        1844596 kB
MemFree:          771672 kB
MemAvailable:    1504788 kB
Buffers:           86956 kB
Cached:           674456 kB
MemTotal:        1844596 kB
MemFree:          772996 kB
MemAvailable:    1506112 kB
Buffers:           86956 kB
Cached:           674456 kB
MemTotal:        1844596 kB
MemFree:          771424 kB
MemAvailable:    1504540 kB
Buffers:           86956 kB
Cached:           674456 kB
MemTotal:        1844596 kB
MemFree:          772408 kB
MemAvailable:    1505524 kB
Buffers:           86956 kB
Cached:           674456 kB
MemTotal:        1844596 kB
MemFree:          771176 kB
MemAvailable:    1504292 kB
Buffers:           86956 kB
Cached:           674456 kB
MemTotal:        1844596 kB
MemFree:          772408 kB
MemAvailable:    1505524 kB
Buffers:           86956 kB
Cached:           674456 kB
MemTotal:        1844596 kB
MemFree:          772244 kB
MemAvailable:    1505360 kB
Buffers:           86956 kB
Cached:           674456 kB
MemTotal:        1844596 kB
MemFree:          771184 kB
MemAvailable:    1504300 kB
Buffers:           86956 kB
Cached:           674456 kB
MemTotal:        1844596 kB
MemFree:          772272 kB
MemAvailable:    1505388 kB
Buffers:           86956 kB
Cached:           674456 kB
MemTotal:        1844596 kB
MemFree:          770680 kB
MemAvailable:    1503796 kB
Buffers:           86956 kB
Cached:           674456 kB
MemTotal:        1844596 kB
MemFree:          771468 kB
MemAvailable:    1504584 kB
Buffers:           86956 kB
Cached:           674456 kB
MemTotal:        1844596 kB
MemFree:          770300 kB
MemAvailable:    1503416 kB
Buffers:           86956 kB
Cached:           674456 kB
MemTotal:        1844596 kB
MemFree:          771232 kB
MemAvailable:    1504348 kB
Buffers:           86956 kB
Cached:           674456 kB
MemTotal:        1844596 kB
MemFree:          771484 kB
MemAvailable:    1504600 kB
Buffers:           86956 kB
Cached:           674456 kB
MemTotal:        1844596 kB
MemFree:          771236 kB
MemAvailable:    1504352 kB
Buffers:           86956 kB
Cached:           674456 kB
MemTotal:        1844596 kB
MemFree:          770740 kB
MemAvailable:    1503856 kB
Buffers:           86956 kB
Cached:           674456 kB
MemTotal:        1844596 kB
MemFree:          770120 kB
MemAvailable:    1503236 kB
Buffers:           86956 kB
Cached:           674456 kB
MemTotal:        1844596 kB
MemFree:          769928 kB
MemAvailable:    1503044 kB
Buffers:           86956 kB
Cached:           674456 kB
MemTotal:        1844596 kB
MemFree:          768680 kB
MemAvailable:    1501796 kB
Buffers:           86956 kB
Cached:           674456 kB
MemTotal:        1844596 kB
MemFree:          768564 kB
MemAvailable:    1501680 kB
Buffers:           86956 kB
Cached:           674456 kB
MemTotal:        1844596 kB
MemFree:          769920 kB
MemAvailable:    1503036 kB
Buffers:           86956 kB
Cached:           674456 kB
MemTotal:        1844596 kB
MemFree:          769804 kB
MemAvailable:    1502920 kB
Buffers:           86956 kB
Cached:           674456 kB
MemTotal:        1844596 kB
MemFree:          770056 kB
MemAvailable:    1503172 kB
Buffers:           86956 kB
Cached:           674456 kB
MemTotal:        1844596 kB
MemFree:          769804 kB
MemAvailable:    1502920 kB
Buffers:           86956 kB
Cached:           674456 kB
MemTotal:        1844596 kB
MemFree:          769820 kB
MemAvailable:    1502936 kB
Buffers:           86956 kB
Cached:           674456 kB
MemTotal:        1844596 kB
MemFree:          768440 kB
MemAvailable:    1501556 kB
Buffers:           86956 kB
Cached:           674456 kB
MemTotal:        1844596 kB
MemFree:          769756 kB
MemAvailable:    1502872 kB
Buffers:           86956 kB
Cached:           674456 kB
MemTotal:        1844596 kB
MemFree:          765844 kB
MemAvailable:    1498960 kB
Buffers:           86956 kB
Cached:           674456 kB
MemTotal:        1844596 kB
MemFree:          764540 kB
MemAvailable:    1497656 kB
Buffers:           86956 kB
Cached:           674456 kB
MemTotal:        1844596 kB
MemFree:          763496 kB
MemAvailable:    1496612 kB
Buffers:           86956 kB
Cached:           674456 kB
MemTotal:        1844596 kB
MemFree:          764340 kB
MemAvailable:    1497456 kB
Buffers:           86956 kB
Cached:           674456 kB
MemTotal:        1844596 kB
MemFree:          764532 kB
MemAvailable:    1497648 kB
Buffers:           86956 kB
Cached:           674456 kB
MemTotal:        1844596 kB
MemFree:          764520 kB
MemAvailable:    1497636 kB
Buffers:           86956 kB
Cached:           674456 kB
MemTotal:        1844596 kB
MemFree:          764468 kB
MemAvailable:    1497584 kB
Buffers:           86956 kB
Cached:           674456 kB
MemTotal:        1844596 kB
MemFree:          764304 kB
MemAvailable:    1497420 kB
Buffers:           86956 kB
Cached:           674456 kB
MemTotal:        1844596 kB
MemFree:          763240 kB
MemAvailable:    1496356 kB
Buffers:           86956 kB
Cached:           674456 kB
MemTotal:        1844596 kB
MemFree:          763796 kB
MemAvailable:    1496912 kB
Buffers:           86956 kB
Cached:           674456 kB
MemTotal:        1844596 kB
MemFree:          764052 kB
MemAvailable:    1497168 kB
Buffers:           86956 kB
Cached:           674456 kB
MemTotal:        1844596 kB
MemFree:          763908 kB
MemAvailable:    1497024 kB
Buffers:           86956 kB
Cached:           674456 kB
MemTotal:        1844596 kB
MemFree:          763984 kB
MemAvailable:    1497100 kB
Buffers:           86956 kB
Cached:           674456 kB
MemTotal:        1844596 kB
MemFree:          763904 kB
MemAvailable:    1497020 kB
Buffers:           86956 kB
Cached:           674456 kB
MemTotal:        1844596 kB
MemFree:          762604 kB
MemAvailable:    1495720 kB
Buffers:           86956 kB
Cached:           674456 kB
MemTotal:        1844596 kB
MemFree:          762968 kB
MemAvailable:    1496084 kB
Buffers:           86956 kB
Cached:           674456 kB
MemTotal:        1844596 kB
MemFree:          761008 kB
MemAvailable:    1494124 kB
Buffers:           86956 kB
Cached:           674456 kB
MemTotal:        1844596 kB
MemFree:          758140 kB
MemAvailable:    1491256 kB
Buffers:           86956 kB
Cached:           674456 kB
MemTotal:        1844596 kB
MemFree:          757784 kB
MemAvailable:    1490900 kB
Buffers:           86956 kB
Cached:           674456 kB
MemTotal:        1844596 kB
MemFree:          757712 kB
MemAvailable:    1490828 kB
Buffers:           86956 kB
Cached:           674456 kB
MemTotal:        1844596 kB
MemFree:          757660 kB
MemAvailable:    1490776 kB
Buffers:           86956 kB
Cached:           674456 kB
MemTotal:        1844596 kB
MemFree:          756776 kB
MemAvailable:    1489892 kB
Buffers:           86956 kB
Cached:           674456 kB
MemTotal:        1844596 kB
MemFree:          756616 kB
MemAvailable:    1489732 kB
Buffers:           86956 kB
Cached:           674456 kB
MemTotal:        1844596 kB
MemFree:          755536 kB
MemAvailable:    1488652 kB
Buffers:           86956 kB
Cached:           674456 kB
MemTotal:        1844596 kB
MemFree:          755536 kB
MemAvailable:    1488652 kB
Buffers:           86956 kB
Cached:           674456 kB
MemTotal:        1844596 kB
MemFree:          755372 kB
MemAvailable:    1488488 kB
Buffers:           86956 kB
Cached:           674456 kB
MemTotal:        1844596 kB
MemFree:          755176 kB
MemAvailable:    1488292 kB
Buffers:           86956 kB
Cached:           674456 kB
MemTotal:        1844596 kB
MemFree:          755340 kB
MemAvailable:    1488464 kB
Buffers:           86956 kB
Cached:           674464 kB
MemTotal:        1844596 kB
MemFree:          754940 kB
MemAvailable:    1488064 kB
Buffers:           86956 kB
Cached:           674464 kB
MemTotal:        1844596 kB
MemFree:          754304 kB
MemAvailable:    1487428 kB
Buffers:           86956 kB
Cached:           674464 kB
MemTotal:        1844596 kB
MemFree:          753800 kB
MemAvailable:    1486924 kB
Buffers:           86956 kB
Cached:           674464 kB
MemTotal:        1844596 kB
MemFree:          755228 kB
MemAvailable:    1488352 kB
Buffers:           86956 kB
Cached:           674464 kB
MemTotal:        1844596 kB
MemFree:          753880 kB
MemAvailable:    1487004 kB
Buffers:           86956 kB
Cached:           674464 kB
MemTotal:        1844596 kB
MemFree:          755120 kB
MemAvailable:    1488244 kB
Buffers:           86956 kB
Cached:           674464 kB
MemTotal:        1844596 kB
MemFree:          754808 kB
MemAvailable:    1487932 kB
Buffers:           86956 kB
Cached:           674464 kB
MemTotal:        1844596 kB
MemFree:          755040 kB
MemAvailable:    1488164 kB
Buffers:           86956 kB
Cached:           674464 kB
MemTotal:        1844596 kB
MemFree:          755292 kB
MemAvailable:    1488416 kB
Buffers:           86956 kB
Cached:           674464 kB
MemTotal:        1844596 kB
MemFree:          755052 kB
MemAvailable:    1488176 kB
Buffers:           86956 kB
Cached:           674464 kB
MemTotal:        1844596 kB
MemFree:          753752 kB
MemAvailable:    1486876 kB
Buffers:           86956 kB
Cached:           674464 kB
MemTotal:        1844596 kB
MemFree:          753628 kB
MemAvailable:    1486752 kB
Buffers:           86956 kB
Cached:           674464 kB
MemTotal:        1844596 kB
MemFree:          755052 kB
MemAvailable:    1488176 kB
Buffers:           86956 kB
Cached:           674464 kB
MemTotal:        1844596 kB
MemFree:          754964 kB
MemAvailable:    1488088 kB
Buffers:           86956 kB
Cached:           674464 kB
MemTotal:        1844596 kB
MemFree:          754724 kB
MemAvailable:    1487848 kB
Buffers:           86956 kB
Cached:           674464 kB
MemTotal:        1844596 kB
MemFree:          754692 kB
MemAvailable:    1487816 kB
Buffers:           86956 kB
Cached:           674464 kB
MemTotal:        1844596 kB
MemFree:          753560 kB
MemAvailable:    1486684 kB
Buffers:           86956 kB
Cached:           674464 kB
MemTotal:        1844596 kB
MemFree:          753080 kB
MemAvailable:    1486204 kB
Buffers:           86956 kB
Cached:           674464 kB
MemTotal:        1844596 kB
MemFree:          749972 kB
MemAvailable:    1483096 kB
Buffers:           86956 kB
Cached:           674464 kB
MemTotal:        1844596 kB
MemFree:          747552 kB
MemAvailable:    1480676 kB
Buffers:           86956 kB
Cached:           674464 kB
MemTotal:        1844596 kB
MemFree:          745764 kB
MemAvailable:    1478888 kB
Buffers:           86956 kB
Cached:           674464 kB
MemTotal:        1844596 kB
MemFree:          746312 kB
MemAvailable:    1479436 kB
Buffers:           86956 kB
Cached:           674464 kB
MemTotal:        1844596 kB
MemFree:          746568 kB
MemAvailable:    1479692 kB
Buffers:           86956 kB
Cached:           674464 kB
MemTotal:        1844596 kB
MemFree:          745384 kB
MemAvailable:    1478508 kB
Buffers:           86956 kB
Cached:           674464 kB
MemTotal:        1844596 kB
MemFree:          746228 kB
MemAvailable:    1479352 kB
Buffers:           86956 kB
Cached:           674464 kB
MemTotal:        1844596 kB
MemFree:          745872 kB
MemAvailable:    1478996 kB
Buffers:           86956 kB
Cached:           674464 kB
MemTotal:        1844596 kB
MemFree:          746120 kB
MemAvailable:    1479244 kB
Buffers:           86956 kB
Cached:           674464 kB
MemTotal:        1844596 kB
MemFree:          746372 kB
MemAvailable:    1479496 kB
Buffers:           86956 kB
Cached:           674464 kB
MemTotal:        1844596 kB
MemFree:          746112 kB
MemAvailable:    1479236 kB
Buffers:           86956 kB
Cached:           674464 kB
MemTotal:        1844596 kB
MemFree:          745880 kB
MemAvailable:    1479004 kB
Buffers:           86956 kB
Cached:           674464 kB
MemTotal:        1844596 kB
MemFree:          745000 kB
MemAvailable:    1478124 kB
Buffers:           86956 kB
Cached:           674464 kB
MemTotal:        1844596 kB
MemFree:          744868 kB
MemAvailable:    1477992 kB
Buffers:           86956 kB
Cached:           674464 kB
MemTotal:        1844596 kB
MemFree:          746316 kB
MemAvailable:    1479440 kB
Buffers:           86956 kB
Cached:           674464 kB
MemTotal:        1844596 kB
MemFree:          744864 kB
MemAvailable:    1477988 kB
Buffers:           86956 kB
Cached:           674464 kB
MemTotal:        1844596 kB
MemFree:          746048 kB
MemAvailable:    1479172 kB
Buffers:           86956 kB
Cached:           674464 kB
MemTotal:        1844596 kB
MemFree:          746132 kB
MemAvailable:    1479256 kB
Buffers:           86956 kB
Cached:           674464 kB
MemTotal:        1844596 kB
MemFree:          744696 kB
MemAvailable:    1477820 kB
Buffers:           86956 kB
Cached:           674464 kB
MemTotal:        1844596 kB
MemFree:          744864 kB
MemAvailable:    1477988 kB
Buffers:           86956 kB
Cached:           674464 kB
MemTotal:        1844596 kB
MemFree:          744732 kB
MemAvailable:    1477856 kB
Buffers:           86956 kB
Cached:           674464 kB
MemTotal:        1844596 kB
MemFree:          746172 kB
MemAvailable:    1479296 kB
Buffers:           86956 kB
Cached:           674464 kB
MemTotal:        1844596 kB
MemFree:          744856 kB
MemAvailable:    1477980 kB
Buffers:           86956 kB
Cached:           674464 kB
MemTotal:        1844596 kB
MemFree:          746180 kB
MemAvailable:    1479304 kB
Buffers:           86956 kB
Cached:           674464 kB
MemTotal:        1844596 kB
MemFree:          744980 kB
MemAvailable:    1478104 kB
Buffers:           86956 kB
Cached:           674464 kB
MemTotal:        1844596 kB
MemFree:          746040 kB
MemAvailable:    1479164 kB
Buffers:           86956 kB
Cached:           674464 kB
MemTotal:        1844596 kB
MemFree:          746040 kB
MemAvailable:    1479164 kB
Buffers:           86956 kB
Cached:           674464 kB
MemTotal:        1844596 kB
MemFree:          746192 kB
MemAvailable:    1479316 kB
Buffers:           86956 kB
Cached:           674464 kB
MemTotal:        1844596 kB
MemFree:          746012 kB
MemAvailable:    1479136 kB
Buffers:           86956 kB
Cached:           674464 kB
MemTotal:        1844596 kB
MemFree:          746048 kB
MemAvailable:    1479172 kB
Buffers:           86956 kB
Cached:           674464 kB
MemTotal:        1844596 kB
MemFree:          746244 kB
MemAvailable:    1479368 kB
Buffers:           86956 kB
Cached:           674464 kB
MemTotal:        1844596 kB
MemFree:          746328 kB
MemAvailable:    1479452 kB
Buffers:           86956 kB
Cached:           674464 kB
MemTotal:        1844596 kB
MemFree:          744756 kB
MemAvailable:    1477880 kB
Buffers:           86956 kB
Cached:           674464 kB
MemTotal:        1844596 kB
MemFree:          746184 kB
MemAvailable:    1479308 kB
Buffers:           86956 kB
Cached:           674464 kB
MemTotal:        1844596 kB
MemFree:          744880 kB
MemAvailable:    1478004 kB
Buffers:           86956 kB
Cached:           674464 kB
MemTotal:        1844596 kB
MemFree:          745004 kB
MemAvailable:    1478128 kB
Buffers:           86956 kB
Cached:           674464 kB
MemTotal:        1844596 kB
MemFree:          745980 kB
MemAvailable:    1479104 kB
Buffers:           86956 kB
Cached:           674464 kB
MemTotal:        1844596 kB
MemFree:          746148 kB
MemAvailable:    1479272 kB
Buffers:           86956 kB
Cached:           674464 kB
MemTotal:        1844596 kB
MemFree:          744708 kB
MemAvailable:    1477832 kB
Buffers:           86956 kB
Cached:           674464 kB
MemTotal:        1844596 kB
MemFree:          740780 kB
MemAvailable:    1473904 kB
Buffers:           86956 kB
Cached:           674464 kB
MemTotal:        1844596 kB
MemFree:          740780 kB
MemAvailable:    1473904 kB
Buffers:           86956 kB
Cached:           674464 kB
MemTotal:        1844596 kB
MemFree:          736332 kB
MemAvailable:    1469456 kB
Buffers:           86956 kB
Cached:           674464 kB
MemTotal:        1844596 kB
MemFree:          734472 kB
MemAvailable:    1467596 kB
Buffers:           86956 kB
Cached:           674464 kB
MemTotal:        1844596 kB
MemFree:          734216 kB
MemAvailable:    1467340 kB
Buffers:           86956 kB
Cached:           674464 kB
MemTotal:        1844596 kB
MemFree:          734340 kB
MemAvailable:    1467464 kB
Buffers:           86956 kB
Cached:           674464 kB
MemTotal:        1844596 kB
MemFree:          734036 kB
MemAvailable:    1467160 kB
Buffers:           86956 kB
Cached:           674464 kB
MemTotal:        1844596 kB
MemFree:          735400 kB
MemAvailable:    1468524 kB
Buffers:           86956 kB
Cached:           674464 kB
MemTotal:        1844596 kB
MemFree:          734080 kB
MemAvailable:    1467204 kB
Buffers:           86956 kB
Cached:           674464 kB
MemTotal:        1844596 kB
MemFree:          735388 kB
MemAvailable:    1468512 kB
Buffers:           86956 kB
Cached:           674464 kB
MemTotal:        1844596 kB
MemFree:          735368 kB
MemAvailable:    1468492 kB
Buffers:           86956 kB
Cached:           674464 kB
MemTotal:        1844596 kB
MemFree:          734152 kB
MemAvailable:    1467276 kB
Buffers:           86956 kB
Cached:           674464 kB
MemTotal:        1844596 kB
MemFree:          735268 kB
MemAvailable:    1468392 kB
Buffers:           86956 kB
Cached:           674464 kB
MemTotal:        1844596 kB
MemFree:          734728 kB
MemAvailable:    1467852 kB
Buffers:           86956 kB
Cached:           674464 kB
MemTotal:        1844596 kB
MemFree:          735324 kB
MemAvailable:    1468448 kB
Buffers:           86956 kB
Cached:           674464 kB
MemTotal:        1844596 kB
MemFree:          735216 kB
MemAvailable:    1468340 kB
Buffers:           86956 kB
Cached:           674464 kB
MemTotal:        1844596 kB
MemFree:          733976 kB
MemAvailable:    1467108 kB
Buffers:           86956 kB
Cached:           674472 kB
MemTotal:        1844596 kB
MemFree:          735268 kB
MemAvailable:    1468400 kB
Buffers:           86956 kB
Cached:           674472 kB
MemTotal:        1844596 kB
MemFree:          735200 kB
MemAvailable:    1468332 kB
Buffers:           86956 kB
Cached:           674472 kB
MemTotal:        1844596 kB
MemFree:          735536 kB
MemAvailable:    1468668 kB
Buffers:           86956 kB
Cached:           674472 kB
MemTotal:        1844596 kB
MemFree:          733968 kB
MemAvailable:    1467100 kB
Buffers:           86956 kB
Cached:           674472 kB
MemTotal:        1844596 kB
MemFree:          735344 kB
MemAvailable:    1468476 kB
Buffers:           86956 kB
Cached:           674472 kB
MemTotal:        1844596 kB
MemFree:          734080 kB
MemAvailable:    1467212 kB
Buffers:           86956 kB
Cached:           674472 kB
MemTotal:        1844596 kB
MemFree:          735312 kB
MemAvailable:    1468444 kB
Buffers:           86956 kB
Cached:           674472 kB
MemTotal:        1844596 kB
MemFree:          733908 kB
MemAvailable:    1467040 kB
Buffers:           86956 kB
Cached:           674472 kB
MemTotal:        1844596 kB
MemFree:          733952 kB
MemAvailable:    1467084 kB
Buffers:           86956 kB
Cached:           674472 kB
MemTotal:        1844596 kB
MemFree:          734076 kB
MemAvailable:    1467208 kB
Buffers:           86956 kB
Cached:           674472 kB
MemTotal:        1844596 kB
MemFree:          735180 kB
MemAvailable:    1468312 kB
Buffers:           86956 kB
Cached:           674472 kB
MemTotal:        1844596 kB
MemFree:          735432 kB
MemAvailable:    1468564 kB
Buffers:           86956 kB
Cached:           674472 kB
MemTotal:        1844596 kB
MemFree:          735160 kB
MemAvailable:    1468292 kB
Buffers:           86956 kB
Cached:           674472 kB
MemTotal:        1844596 kB
MemFree:          733912 kB
MemAvailable:    1467044 kB
Buffers:           86956 kB
Cached:           674472 kB
MemTotal:        1844596 kB
MemFree:          734416 kB
MemAvailable:    1467548 kB
Buffers:           86956 kB
Cached:           674472 kB
MemTotal:        1844596 kB
MemFree:          734044 kB
MemAvailable:    1467176 kB
Buffers:           86956 kB
Cached:           674472 kB
MemTotal:        1844596 kB
MemFree:          735284 kB
MemAvailable:    1468416 kB
Buffers:           86956 kB
Cached:           674472 kB
MemTotal:        1844596 kB
MemFree:          734036 kB
MemAvailable:    1467168 kB
Buffers:           86956 kB
Cached:           674472 kB
MemTotal:        1844596 kB
MemFree:          735212 kB
MemAvailable:    1468344 kB
Buffers:           86956 kB
Cached:           674472 kB
MemTotal:        1844596 kB
MemFree:          735332 kB
MemAvailable:    1468464 kB
Buffers:           86956 kB
Cached:           674472 kB
MemTotal:        1844596 kB
MemFree:          735260 kB
MemAvailable:    1468392 kB
Buffers:           86956 kB
Cached:           674472 kB
MemTotal:        1844596 kB
MemFree:          735596 kB
MemAvailable:    1468728 kB
Buffers:           86956 kB
Cached:           674472 kB
MemTotal:        1844596 kB
MemFree:          735292 kB
MemAvailable:    1468424 kB
Buffers:           86956 kB
Cached:           674472 kB
MemTotal:        1844596 kB
MemFree:          734472 kB
MemAvailable:    1467604 kB
Buffers:           86956 kB
Cached:           674472 kB
MemTotal:        1844596 kB
MemFree:          735244 kB
MemAvailable:    1468380 kB
Buffers:           86956 kB
Cached:           674476 kB
MemTotal:        1844596 kB
MemFree:          735416 kB
MemAvailable:    1468552 kB
Buffers:           86956 kB
Cached:           674476 kB
MemTotal:        1844596 kB
MemFree:          735380 kB
MemAvailable:    1468516 kB
Buffers:           86956 kB
Cached:           674476 kB
MemTotal:        1844596 kB
MemFree:          734728 kB
MemAvailable:    1467864 kB
Buffers:           86956 kB
Cached:           674476 kB
MemTotal:        1844596 kB
MemFree:          735276 kB
MemAvailable:    1468412 kB
Buffers:           86956 kB
Cached:           674476 kB
MemTotal:        1844596 kB
MemFree:          735396 kB
MemAvailable:    1468532 kB
Buffers:           86956 kB
Cached:           674476 kB
MemTotal:        1844596 kB
MemFree:          735452 kB
MemAvailable:    1468588 kB
Buffers:           86956 kB
Cached:           674476 kB
MemTotal:        1844596 kB
MemFree:          735084 kB
MemAvailable:    1468220 kB
Buffers:           86956 kB
Cached:           674476 kB
MemTotal:        1844596 kB
MemFree:          734888 kB
MemAvailable:    1468024 kB
Buffers:           86956 kB
Cached:           674476 kB
MemTotal:        1844596 kB
MemFree:          734332 kB
MemAvailable:    1467468 kB
Buffers:           86956 kB
Cached:           674476 kB
MemTotal:        1844596 kB
MemFree:          734332 kB
MemAvailable:    1467468 kB
Buffers:           86956 kB
Cached:           674476 kB
MemTotal:        1844596 kB
MemFree:          732968 kB
MemAvailable:    1466104 kB
Buffers:           86956 kB
Cached:           674476 kB
MemTotal:        1844596 kB
MemFree:          734228 kB
MemAvailable:    1467364 kB
Buffers:           86956 kB
Cached:           674476 kB
MemTotal:        1844596 kB
MemFree:          733588 kB
MemAvailable:    1466724 kB
Buffers:           86956 kB
Cached:           674476 kB
MemTotal:        1844596 kB
MemFree:          732972 kB
MemAvailable:    1466108 kB
Buffers:           86956 kB
Cached:           674476 kB
MemTotal:        1844596 kB
MemFree:          733960 kB
MemAvailable:    1467096 kB
Buffers:           86956 kB
Cached:           674476 kB
MemTotal:        1844596 kB
MemFree:          733728 kB
MemAvailable:    1466740 kB
Buffers:           86956 kB
Cached:           674476 kB
MemTotal:        1844596 kB
MemFree:          733888 kB
MemAvailable:    1467024 kB
Buffers:           86956 kB
Cached:           674476 kB
MemTotal:        1844596 kB
MemFree:          733780 kB
MemAvailable:    1466916 kB
Buffers:           86956 kB
Cached:           674476 kB
MemTotal:        1844596 kB
MemFree:          732544 kB
MemAvailable:    1465680 kB
Buffers:           86956 kB
Cached:           674476 kB
MemTotal:        1844596 kB
MemFree:          732544 kB
MemAvailable:    1465680 kB
Buffers:           86956 kB
Cached:           674476 kB
MemTotal:        1844596 kB
MemFree:          732412 kB
MemAvailable:    1465548 kB
Buffers:           86956 kB
Cached:           674476 kB
MemTotal:        1844596 kB
MemFree:          732536 kB
MemAvailable:    1465672 kB
Buffers:           86956 kB
Cached:           674476 kB
MemTotal:        1844596 kB
MemFree:          732412 kB
MemAvailable:    1465548 kB
Buffers:           86956 kB
Cached:           674476 kB
MemTotal:        1844596 kB
MemFree:          733812 kB
MemAvailable:    1466948 kB
Buffers:           86956 kB
Cached:           674476 kB
MemTotal:        1844596 kB
MemFree:          733648 kB
MemAvailable:    1466784 kB
Buffers:           86956 kB
Cached:           674476 kB
MemTotal:        1844596 kB
MemFree:          733624 kB
MemAvailable:    1466760 kB
Buffers:           86956 kB
Cached:           674476 kB
MemTotal:        1844596 kB
MemFree:          733588 kB
MemAvailable:    1466724 kB
Buffers:           86956 kB
Cached:           674476 kB
MemTotal:        1844596 kB
MemFree:          733356 kB
MemAvailable:    1466492 kB
Buffers:           86956 kB
Cached:           674476 kB
MemTotal:        1844596 kB
MemFree:          732300 kB
MemAvailable:    1465436 kB
Buffers:           86956 kB
Cached:           674476 kB
MemTotal:        1844596 kB
MemFree:          733516 kB
MemAvailable:    1466652 kB
Buffers:           86956 kB
Cached:           674476 kB
MemTotal:        1844596 kB
MemFree:          733720 kB
MemAvailable:    1466856 kB
Buffers:           86956 kB
Cached:           674476 kB
MemTotal:        1844596 kB
MemFree:          732480 kB
MemAvailable:    1465616 kB
Buffers:           86956 kB
Cached:           674476 kB
MemTotal:        1844596 kB
MemFree:          732488 kB
MemAvailable:    1465624 kB
Buffers:           86956 kB
Cached:           674476 kB
MemTotal:        1844596 kB
MemFree:          733728 kB
MemAvailable:    1466864 kB
Buffers:           86956 kB
Cached:           674476 kB
MemTotal:        1844596 kB
MemFree:          730380 kB
MemAvailable:    1463516 kB
Buffers:           86956 kB
Cached:           674476 kB
MemTotal:        1844596 kB
MemFree:          726536 kB
MemAvailable:    1459672 kB
Buffers:           86956 kB
Cached:           674476 kB
MemTotal:        1844596 kB
MemFree:          722320 kB
MemAvailable:    1455456 kB
Buffers:           86956 kB
Cached:           674476 kB
MemTotal:        1844596 kB
MemFree:          722752 kB
MemAvailable:    1455888 kB
Buffers:           86956 kB
Cached:           674476 kB
MemTotal:        1844596 kB
MemFree:          721040 kB
MemAvailable:    1454176 kB
Buffers:           86956 kB
Cached:           674476 kB
MemTotal:        1844596 kB
MemFree:          721932 kB
MemAvailable:    1455068 kB
Buffers:           86956 kB
Cached:           674476 kB
MemTotal:        1844596 kB
MemFree:          721700 kB
MemAvailable:    1454836 kB
Buffers:           86956 kB
Cached:           674476 kB
MemTotal:        1844596 kB
MemFree:          721892 kB
MemAvailable:    1455028 kB
Buffers:           86956 kB
Cached:           674476 kB
MemTotal:        1844596 kB
MemFree:          721884 kB
MemAvailable:    1455020 kB
Buffers:           86956 kB
Cached:           674476 kB
MemTotal:        1844596 kB
MemFree:          720088 kB
MemAvailable:    1453224 kB
Buffers:           86956 kB
Cached:           674476 kB
MemTotal:        1844596 kB
MemFree:          720700 kB
MemAvailable:    1453840 kB
Buffers:           86956 kB
Cached:           674480 kB
MemTotal:        1844596 kB
MemFree:          720576 kB
MemAvailable:    1453716 kB
Buffers:           86956 kB
Cached:           674480 kB
MemTotal:        1844596 kB
MemFree:          718104 kB
MemAvailable:    1451244 kB
Buffers:           86956 kB
Cached:           674480 kB
MemTotal:        1844596 kB
MemFree:          717236 kB
MemAvailable:    1450380 kB
Buffers:           86956 kB
Cached:           674484 kB
MemTotal:        1844596 kB
MemFree:          717476 kB
MemAvailable:    1450620 kB
Buffers:           86956 kB
Cached:           674484 kB
MemTotal:        1844596 kB
MemFree:          718488 kB
MemAvailable:    1451632 kB
Buffers:           86956 kB
Cached:           674484 kB
MemTotal:        1844596 kB
MemFree:          717348 kB
MemAvailable:    1450492 kB
Buffers:           86956 kB
Cached:           674484 kB
MemTotal:        1844596 kB
MemFree:          717224 kB
MemAvailable:    1450368 kB
Buffers:           86956 kB
Cached:           674484 kB
MemTotal:        1844596 kB
MemFree:          718584 kB
MemAvailable:    1451728 kB
Buffers:           86956 kB
Cached:           674484 kB
MemTotal:        1844596 kB
MemFree:          717172 kB
MemAvailable:    1450316 kB
Buffers:           86956 kB
Cached:           674484 kB
MemTotal:        1844596 kB
MemFree:          717172 kB
MemAvailable:    1450316 kB
Buffers:           86956 kB
Cached:           674484 kB
MemTotal:        1844596 kB
MemFree:          717332 kB
MemAvailable:    1450476 kB
Buffers:           86956 kB
Cached:           674484 kB
MemTotal:        1844596 kB
MemFree:          717456 kB
MemAvailable:    1450600 kB
Buffers:           86956 kB
Cached:           674484 kB
MemTotal:        1844596 kB
MemFree:          717204 kB
MemAvailable:    1450348 kB
Buffers:           86956 kB
Cached:           674484 kB
MemTotal:        1844596 kB
MemFree:          717324 kB
MemAvailable:    1450468 kB
Buffers:           86956 kB
Cached:           674484 kB
MemTotal:        1844596 kB
MemFree:          718280 kB
MemAvailable:    1451424 kB
Buffers:           86956 kB
Cached:           674484 kB
MemTotal:        1844596 kB
MemFree:          716872 kB
MemAvailable:    1450016 kB
Buffers:           86956 kB
Cached:           674484 kB
MemTotal:        1844596 kB
MemFree:          717560 kB
MemAvailable:    1450704 kB
Buffers:           86956 kB
Cached:           674484 kB
MemTotal:        1844596 kB
MemFree:          716732 kB
MemAvailable:    1449876 kB
Buffers:           86956 kB
Cached:           674484 kB
MemTotal:        1844596 kB
MemFree:          715376 kB
MemAvailable:    1448520 kB
Buffers:           86956 kB
Cached:           674484 kB
MemTotal:        1844596 kB
MemFree:          716616 kB
MemAvailable:    1449760 kB
Buffers:           86956 kB
Cached:           674484 kB
MemTotal:        1844596 kB
MemFree:          716616 kB
MemAvailable:    1449760 kB
Buffers:           86956 kB
Cached:           674484 kB
MemTotal:        1844596 kB
MemFree:          715800 kB
MemAvailable:    1448944 kB
Buffers:           86956 kB
Cached:           674484 kB
MemTotal:        1844596 kB
MemFree:          714748 kB
MemAvailable:    1447892 kB
Buffers:           86956 kB
Cached:           674484 kB
MemTotal:        1844596 kB
MemFree:          714136 kB
MemAvailable:    1447280 kB
Buffers:           86956 kB
Cached:           674484 kB
MemTotal:        1844596 kB
MemFree:          714012 kB
MemAvailable:    1447156 kB
Buffers:           86956 kB
Cached:           674484 kB
MemTotal:        1844596 kB
MemFree:          713716 kB
MemAvailable:    1446860 kB
Buffers:           86956 kB
Cached:           674484 kB
MemTotal:        1844596 kB
MemFree:          714992 kB
MemAvailable:    1448136 kB
Buffers:           86956 kB
Cached:           674484 kB
MemTotal:        1844596 kB
MemFree:          714444 kB
MemAvailable:    1447588 kB
Buffers:           86956 kB
Cached:           674484 kB
MemTotal:        1844596 kB
MemFree:          714368 kB
MemAvailable:    1447512 kB
Buffers:           86956 kB
Cached:           674484 kB
MemTotal:        1844596 kB
MemFree:          714620 kB
MemAvailable:    1447764 kB
Buffers:           86956 kB
Cached:           674484 kB
MemTotal:        1844596 kB
MemFree:          713336 kB
MemAvailable:    1446480 kB
Buffers:           86956 kB
Cached:           674484 kB
MemTotal:        1844596 kB
MemFree:          713212 kB
MemAvailable:    1446356 kB
Buffers:           86956 kB
Cached:           674484 kB
MemTotal:        1844596 kB
MemFree:          713212 kB
MemAvailable:    1446356 kB
Buffers:           86956 kB
Cached:           674484 kB
MemTotal:        1844596 kB
MemFree:          714356 kB
MemAvailable:    1447500 kB
Buffers:           86956 kB
Cached:           674484 kB
MemTotal:        1844596 kB
MemFree:          713888 kB
MemAvailable:    1447032 kB
Buffers:           86956 kB
Cached:           674484 kB
MemTotal:        1844596 kB
MemFree:          714456 kB
MemAvailable:    1447600 kB
Buffers:           86956 kB
Cached:           674484 kB
MemTotal:        1844596 kB
MemFree:          714496 kB
MemAvailable:    1447640 kB
Buffers:           86956 kB
Cached:           674484 kB
MemTotal:        1844596 kB
MemFree:          713000 kB
MemAvailable:    1446144 kB
Buffers:           86956 kB
Cached:           674484 kB
MemTotal:        1844596 kB
MemFree:          713124 kB
MemAvailable:    1446268 kB
Buffers:           86956 kB
Cached:           674484 kB
MemTotal:        1844596 kB
MemFree:          714356 kB
MemAvailable:    1447500 kB
Buffers:           86956 kB
Cached:           674484 kB
MemTotal:        1844596 kB
MemFree:          712868 kB
MemAvailable:    1446012 kB
Buffers:           86956 kB
Cached:           674484 kB
MemTotal:        1844596 kB
MemFree:          712868 kB
MemAvailable:    1446012 kB
Buffers:           86956 kB
Cached:           674484 kB
MemTotal:        1844596 kB
MemFree:          712992 kB
MemAvailable:    1446136 kB
Buffers:           86956 kB
Cached:           674484 kB
MemTotal:        1844596 kB
MemFree:          714120 kB
MemAvailable:    1447264 kB
Buffers:           86956 kB
Cached:           674484 kB
MemTotal:        1844596 kB
MemFree:          714056 kB
MemAvailable:    1447200 kB
Buffers:           86956 kB
Cached:           674484 kB
MemTotal:        1844596 kB
MemFree:          713648 kB
MemAvailable:    1446792 kB
Buffers:           86956 kB
Cached:           674484 kB
MemTotal:        1844596 kB
MemFree:          714148 kB
MemAvailable:    1447292 kB
Buffers:           86956 kB
Cached:           674484 kB
MemTotal:        1844596 kB
MemFree:          712968 kB
MemAvailable:    1446112 kB
Buffers:           86956 kB
Cached:           674484 kB
MemTotal:        1844596 kB
MemFree:          714440 kB
MemAvailable:    1447584 kB
Buffers:           86956 kB
Cached:           674484 kB
MemTotal:        1844596 kB
MemFree:          712700 kB
MemAvailable:    1445844 kB
Buffers:           86956 kB
Cached:           674484 kB
MemTotal:        1844596 kB
MemFree:          712956 kB
MemAvailable:    1446100 kB
Buffers:           86956 kB
Cached:           674484 kB
MemTotal:        1844596 kB
MemFree:          714128 kB
MemAvailable:    1447272 kB
Buffers:           86956 kB
Cached:           674484 kB
MemTotal:        1844596 kB
MemFree:          713068 kB
MemAvailable:    1446212 kB
Buffers:           86956 kB
Cached:           674484 kB
MemTotal:        1844596 kB
MemFree:          711772 kB
MemAvailable:    1444916 kB
Buffers:           86956 kB
Cached:           674484 kB
MemTotal:        1844596 kB
MemFree:          712756 kB
MemAvailable:    1445900 kB
Buffers:           86956 kB
Cached:           674484 kB
MemTotal:        1844596 kB
MemFree:          712400 kB
MemAvailable:    1445544 kB
Buffers:           86956 kB
Cached:           674484 kB
MemTotal:        1844596 kB
MemFree:          711228 kB
MemAvailable:    1444372 kB
Buffers:           86956 kB
Cached:           674484 kB
MemTotal:        1844596 kB
MemFree:          709416 kB
MemAvailable:    1442560 kB
Buffers:           86956 kB
Cached:           674484 kB
MemTotal:        1844596 kB
MemFree:          708308 kB
MemAvailable:    1441452 kB
Buffers:           86956 kB
Cached:           674484 kB
MemTotal:        1844596 kB
MemFree:          705580 kB
MemAvailable:    1438724 kB
Buffers:           86956 kB
Cached:           674484 kB
MemTotal:        1844596 kB
MemFree:          702664 kB
MemAvailable:    1435808 kB
Buffers:           86956 kB
Cached:           674484 kB
MemTotal:        1844596 kB
MemFree:          698744 kB
MemAvailable:    1431888 kB
Buffers:           86956 kB
Cached:           674484 kB
MemTotal:        1844596 kB
MemFree:          698016 kB
MemAvailable:    1431160 kB
Buffers:           86956 kB
Cached:           674484 kB
MemTotal:        1844596 kB
MemFree:          695960 kB
MemAvailable:    1429104 kB
Buffers:           86956 kB
Cached:           674484 kB
MemTotal:        1844596 kB
MemFree:          695908 kB
MemAvailable:    1429052 kB
Buffers:           86956 kB
Cached:           674484 kB
MemTotal:        1844596 kB
MemFree:          695596 kB
MemAvailable:    1428740 kB
Buffers:           86956 kB
Cached:           674484 kB
MemTotal:        1844596 kB
MemFree:          695288 kB
MemAvailable:    1428432 kB
Buffers:           86956 kB
Cached:           674484 kB
MemTotal:        1844596 kB
MemFree:          695772 kB
MemAvailable:    1428916 kB
Buffers:           86956 kB
Cached:           674484 kB
MemTotal:        1844596 kB
MemFree:          695596 kB
MemAvailable:    1428744 kB
Buffers:           86956 kB
Cached:           674488 kB
MemTotal:        1844596 kB
MemFree:          695648 kB
MemAvailable:    1428796 kB
Buffers:           86956 kB
Cached:           674488 kB
MemTotal:        1844596 kB
MemFree:          694152 kB
MemAvailable:    1427304 kB
Buffers:           86956 kB
Cached:           674492 kB
MemTotal:        1844596 kB
MemFree:          694284 kB
MemAvailable:    1427436 kB
Buffers:           86956 kB
Cached:           674492 kB
MemTotal:        1844596 kB
MemFree:          695472 kB
MemAvailable:    1428624 kB
Buffers:           86956 kB
Cached:           674492 kB
MemTotal:        1844596 kB
MemFree:          695296 kB
MemAvailable:    1428448 kB
Buffers:           86956 kB
Cached:           674492 kB
MemTotal:        1844596 kB
MemFree:          695224 kB
MemAvailable:    1428376 kB
Buffers:           86956 kB
Cached:           674492 kB
MemTotal:        1844596 kB
MemFree:          695560 kB
MemAvailable:    1428712 kB
Buffers:           86956 kB
Cached:           674492 kB
MemTotal:        1844596 kB
MemFree:          694792 kB
MemAvailable:    1427944 kB
Buffers:           86956 kB
Cached:           674492 kB
MemTotal:        1844596 kB
MemFree:          694744 kB
MemAvailable:    1427896 kB
Buffers:           86956 kB
Cached:           674492 kB
MemTotal:        1844596 kB
MemFree:          693124 kB
MemAvailable:    1426276 kB
Buffers:           86956 kB
Cached:           674492 kB
MemTotal:        1844596 kB
MemFree:          693372 kB
MemAvailable:    1426524 kB
Buffers:           86956 kB
Cached:           674492 kB
MemTotal:        1844596 kB
MemFree:          693372 kB
MemAvailable:    1426524 kB
Buffers:           86956 kB
Cached:           674492 kB
MemTotal:        1844596 kB
MemFree:          693368 kB
MemAvailable:    1426520 kB
Buffers:           86956 kB
Cached:           674492 kB
MemTotal:        1844596 kB
MemFree:          693368 kB
MemAvailable:    1426520 kB
Buffers:           86956 kB
Cached:           674492 kB
MemTotal:        1844596 kB
MemFree:          693236 kB
MemAvailable:    1426388 kB
Buffers:           86956 kB
Cached:           674492 kB
MemTotal:        1844596 kB
MemFree:          693236 kB
MemAvailable:    1426388 kB
Buffers:           86956 kB
Cached:           674492 kB
MemTotal:        1844596 kB
MemFree:          694596 kB
MemAvailable:    1427748 kB
Buffers:           86956 kB
Cached:           674492 kB
MemTotal:        1844596 kB
MemFree:          694764 kB
MemAvailable:    1427916 kB
Buffers:           86956 kB
Cached:           674492 kB
MemTotal:        1844596 kB
MemFree:          694548 kB
MemAvailable:    1427700 kB
Buffers:           86956 kB
Cached:           674492 kB
MemTotal:        1844596 kB
MemFree:          694592 kB
MemAvailable:    1427744 kB
Buffers:           86956 kB
Cached:           674492 kB
MemTotal:        1844596 kB
MemFree:          694592 kB
MemAvailable:    1427744 kB
Buffers:           86956 kB
Cached:           674492 kB
MemTotal:        1844596 kB
MemFree:          693368 kB
MemAvailable:    1426520 kB
Buffers:           86956 kB
Cached:           674492 kB
MemTotal:        1844596 kB
MemFree:          693244 kB
MemAvailable:    1426396 kB
Buffers:           86956 kB
Cached:           674492 kB
MemTotal:        1844596 kB
MemFree:          693236 kB
MemAvailable:    1426388 kB
Buffers:           86956 kB
Cached:           674492 kB
MemTotal:        1844596 kB
MemFree:          693924 kB
MemAvailable:    1427076 kB
Buffers:           86956 kB
Cached:           674492 kB
MemTotal:        1844596 kB
MemFree:          693908 kB
MemAvailable:    1427060 kB
Buffers:           86956 kB
Cached:           674492 kB
MemTotal:        1844596 kB
MemFree:          693996 kB
MemAvailable:    1427148 kB
Buffers:           86956 kB
Cached:           674492 kB
MemTotal:        1844596 kB
MemFree:          688096 kB
MemAvailable:    1421248 kB
Buffers:           86956 kB
Cached:           674492 kB
MemTotal:        1844596 kB
MemFree:          685492 kB
MemAvailable:    1418644 kB
Buffers:           86956 kB
Cached:           674492 kB
MemTotal:        1844596 kB
MemFree:          684748 kB
MemAvailable:    1417900 kB
Buffers:           86956 kB
Cached:           674492 kB
MemTotal:        1844596 kB
MemFree:          678788 kB
MemAvailable:    1411940 kB
Buffers:           86956 kB
Cached:           674492 kB
MemTotal:        1844596 kB
MemFree:          676936 kB
MemAvailable:    1410088 kB
Buffers:           86956 kB
Cached:           674492 kB
MemTotal:        1844596 kB
MemFree:          675448 kB
MemAvailable:    1408600 kB
Buffers:           86956 kB
Cached:           674492 kB
MemTotal:        1844596 kB
MemFree:          676624 kB
MemAvailable:    1409776 kB
Buffers:           86956 kB
Cached:           674492 kB
MemTotal:        1844596 kB
MemFree:          676252 kB
MemAvailable:    1409404 kB
Buffers:           86956 kB
Cached:           674492 kB
MemTotal:        1844596 kB
MemFree:          676252 kB
MemAvailable:    1409404 kB
Buffers:           86956 kB
Cached:           674492 kB
MemTotal:        1844596 kB
MemFree:          675308 kB
MemAvailable:    1408460 kB
Buffers:           86956 kB
Cached:           674492 kB
MemTotal:        1844596 kB
MemFree:          676280 kB
MemAvailable:    1409432 kB
Buffers:           86956 kB
Cached:           674492 kB
MemTotal:        1844596 kB
MemFree:          674920 kB
MemAvailable:    1408072 kB
Buffers:           86956 kB
Cached:           674492 kB
MemTotal:        1844596 kB
MemFree:          676140 kB
MemAvailable:    1409292 kB
Buffers:           86956 kB
Cached:           674492 kB
MemTotal:        1844596 kB
MemFree:          676552 kB
MemAvailable:    1409704 kB
Buffers:           86956 kB
Cached:           674492 kB
MemTotal:        1844596 kB
MemFree:          676136 kB
MemAvailable:    1409288 kB
Buffers:           86956 kB
Cached:           674492 kB
MemTotal:        1844596 kB
MemFree:          676392 kB
MemAvailable:    1409544 kB
Buffers:           86956 kB
Cached:           674492 kB
MemTotal:        1844596 kB
MemFree:          676304 kB
MemAvailable:    1409456 kB
Buffers:           86956 kB
Cached:           674492 kB
MemTotal:        1844596 kB
MemFree:          676316 kB
MemAvailable:    1409468 kB
Buffers:           86956 kB
Cached:           674492 kB
MemTotal:        1844596 kB
MemFree:          675136 kB
MemAvailable:    1408288 kB
Buffers:           86956 kB
Cached:           674492 kB
MemTotal:        1844596 kB
MemFree:          676348 kB
MemAvailable:    1409500 kB
Buffers:           86956 kB
Cached:           674492 kB
MemTotal:        1844596 kB
MemFree:          676268 kB
MemAvailable:    1409420 kB
Buffers:           86956 kB
Cached:           674492 kB
MemTotal:        1844596 kB
MemFree:          674908 kB
MemAvailable:    1408060 kB
Buffers:           86956 kB
Cached:           674492 kB
MemTotal:        1844596 kB
MemFree:          675076 kB
MemAvailable:    1408228 kB
Buffers:           86956 kB
Cached:           674492 kB
MemTotal:        1844596 kB
MemFree:          676196 kB
MemAvailable:    1409348 kB
Buffers:           86956 kB
Cached:           674492 kB
MemTotal:        1844596 kB
MemFree:          676328 kB
MemAvailable:    1409480 kB
Buffers:           86956 kB
Cached:           674492 kB
MemTotal:        1844596 kB
MemFree:          676116 kB
MemAvailable:    1409268 kB
Buffers:           86956 kB
Cached:           674492 kB
MemTotal:        1844596 kB
MemFree:          676368 kB
MemAvailable:    1409520 kB
Buffers:           86956 kB
Cached:           674492 kB
MemTotal:        1844596 kB
MemFree:          676296 kB
MemAvailable:    1409448 kB
Buffers:           86956 kB
Cached:           674492 kB
MemTotal:        1844596 kB
MemFree:          675456 kB
MemAvailable:    1408608 kB
Buffers:           86956 kB
Cached:           674492 kB
MemTotal:        1844596 kB
MemFree:          676136 kB
MemAvailable:    1409292 kB
Buffers:           86956 kB
Cached:           674496 kB
MemTotal:        1844596 kB
MemFree:          676472 kB
MemAvailable:    1409628 kB
Buffers:           86956 kB
Cached:           674496 kB
MemTotal:        1844596 kB
MemFree:          674944 kB
MemAvailable:    1408100 kB
Buffers:           86956 kB
Cached:           674496 kB
MemTotal:        1844596 kB
MemFree:          676308 kB
MemAvailable:    1409464 kB
Buffers:           86956 kB
Cached:           674496 kB
MemTotal:        1844596 kB
MemFree:          676308 kB
MemAvailable:    1409464 kB
Buffers:           86956 kB
Cached:           674496 kB
MemTotal:        1844596 kB
MemFree:          676268 kB
MemAvailable:    1409424 kB
Buffers:           86956 kB
Cached:           674496 kB
MemTotal:        1844596 kB
MemFree:          676324 kB
MemAvailable:    1409480 kB
Buffers:           86956 kB
Cached:           674496 kB
MemTotal:        1844596 kB
MemFree:          675504 kB
MemAvailable:    1408660 kB
Buffers:           86956 kB
Cached:           674496 kB
MemTotal:        1844596 kB
MemFree:          676160 kB
MemAvailable:    1409316 kB
Buffers:           86956 kB
Cached:           674496 kB
MemTotal:        1844596 kB
MemFree:          675944 kB
MemAvailable:    1409100 kB
Buffers:           86956 kB
Cached:           674496 kB
MemTotal:        1844596 kB
MemFree:          676304 kB
MemAvailable:    1409460 kB
Buffers:           86956 kB
Cached:           674496 kB
MemTotal:        1844596 kB
MemFree:          676296 kB
MemAvailable:    1409452 kB
Buffers:           86956 kB
Cached:           674496 kB
MemTotal:        1844596 kB
MemFree:          673836 kB
MemAvailable:    1406992 kB
Buffers:           86956 kB
Cached:           674496 kB
MemTotal:        1844596 kB
MemFree:          666504 kB
MemAvailable:    1399660 kB
Buffers:           86956 kB
Cached:           674496 kB
MemTotal:        1844596 kB
MemFree:          665652 kB
MemAvailable:    1398808 kB
Buffers:           86956 kB
Cached:           674496 kB
MemTotal:        1844596 kB
MemFree:          661320 kB
MemAvailable:    1394484 kB
Buffers:           86956 kB
Cached:           674504 kB
MemTotal:        1844596 kB
MemFree:          657972 kB
MemAvailable:    1391136 kB
Buffers:           86956 kB
Cached:           674504 kB
MemTotal:        1844596 kB
MemFree:          658852 kB
MemAvailable:    1392016 kB
Buffers:           86956 kB
Cached:           674504 kB
MemTotal:        1844596 kB
MemFree:          659104 kB
MemAvailable:    1392268 kB
Buffers:           86956 kB
Cached:           674504 kB
MemTotal:        1844596 kB
MemFree:          659100 kB
MemAvailable:    1392264 kB
Buffers:           86956 kB
Cached:           674504 kB
MemTotal:        1844596 kB
MemFree:          658344 kB
MemAvailable:    1391508 kB
Buffers:           86956 kB
Cached:           674504 kB
MemTotal:        1844596 kB
MemFree:          658528 kB
MemAvailable:    1391692 kB
Buffers:           86956 kB
Cached:           674504 kB
MemTotal:        1844596 kB
MemFree:          658224 kB
MemAvailable:    1391388 kB
Buffers:           86956 kB
Cached:           674504 kB
MemTotal:        1844596 kB
MemFree:          658136 kB
MemAvailable:    1391300 kB
Buffers:           86956 kB
Cached:           674504 kB
MemTotal:        1844596 kB
MemFree:          658088 kB
MemAvailable:    1391252 kB
Buffers:           86956 kB
Cached:           674504 kB
MemTotal:        1844596 kB
MemFree:          656780 kB
MemAvailable:    1389944 kB
Buffers:           86956 kB
Cached:           674504 kB
MemTotal:        1844596 kB
MemFree:          657972 kB
MemAvailable:    1391136 kB
Buffers:           86956 kB
Cached:           674504 kB
MemTotal:        1844596 kB
MemFree:          656220 kB
MemAvailable:    1389384 kB
Buffers:           86956 kB
Cached:           674504 kB
MemTotal:        1844596 kB
MemFree:          656596 kB
MemAvailable:    1389760 kB
Buffers:           86956 kB
Cached:           674504 kB
MemTotal:        1844596 kB
MemFree:          656300 kB
MemAvailable:    1389464 kB
Buffers:           86956 kB
Cached:           674504 kB
MemTotal:        1844596 kB
MemFree:          657148 kB
MemAvailable:    1390312 kB
Buffers:           86956 kB
Cached:           674504 kB
MemTotal:        1844596 kB
MemFree:          655740 kB
MemAvailable:    1388904 kB
Buffers:           86956 kB
Cached:           674504 kB
MemTotal:        1844596 kB
MemFree:          656164 kB
MemAvailable:    1389328 kB
Buffers:           86956 kB
Cached:           674504 kB
MemTotal:        1844596 kB
MemFree:          654508 kB
MemAvailable:    1387672 kB
Buffers:           86956 kB
Cached:           674504 kB
MemTotal:        1844596 kB
MemFree:          655484 kB
MemAvailable:    1388648 kB
Buffers:           86956 kB
Cached:           674504 kB
MemTotal:        1844596 kB
MemFree:          655484 kB
MemAvailable:    1388648 kB
Buffers:           86956 kB
Cached:           674504 kB
MemTotal:        1844596 kB
MemFree:          653864 kB
MemAvailable:    1387028 kB
Buffers:           86956 kB
Cached:           674504 kB
MemTotal:        1844596 kB
MemFree:          654584 kB
MemAvailable:    1387748 kB
Buffers:           86956 kB
Cached:           674504 kB
MemTotal:        1844596 kB
MemFree:          653136 kB
MemAvailable:    1386300 kB
Buffers:           86956 kB
Cached:           674504 kB
MemTotal:        1844596 kB
MemFree:          652872 kB
MemAvailable:    1386036 kB
Buffers:           86956 kB
Cached:           674504 kB
MemTotal:        1844596 kB
MemFree:          652956 kB
MemAvailable:    1386120 kB
Buffers:           86956 kB
Cached:           674504 kB
MemTotal:        1844596 kB
MemFree:          651972 kB
MemAvailable:    1385136 kB
Buffers:           86956 kB
Cached:           674504 kB
MemTotal:        1844596 kB
MemFree:          651972 kB
MemAvailable:    1385136 kB
Buffers:           86956 kB
Cached:           674504 kB
MemTotal:        1844596 kB
MemFree:          651972 kB
MemAvailable:    1385136 kB
Buffers:           86956 kB
Cached:           674504 kB
MemTotal:        1844596 kB
MemFree:          650768 kB
MemAvailable:    1383932 kB
Buffers:           86956 kB
Cached:           674504 kB
MemTotal:        1844596 kB
MemFree:          652084 kB
MemAvailable:    1385248 kB
Buffers:           86956 kB
Cached:           674504 kB
MemTotal:        1844596 kB
MemFree:          652004 kB
MemAvailable:    1385168 kB
Buffers:           86956 kB
Cached:           674504 kB
MemTotal:        1844596 kB
MemFree:          650600 kB
MemAvailable:    1383764 kB
Buffers:           86956 kB
Cached:           674504 kB
MemTotal:        1844596 kB
MemFree:          650764 kB
MemAvailable:    1383928 kB
Buffers:           86956 kB
Cached:           674504 kB
MemTotal:        1844596 kB
MemFree:          650656 kB
MemAvailable:    1383820 kB
Buffers:           86956 kB
Cached:           674504 kB
MemTotal:        1844596 kB
MemFree:          649152 kB
MemAvailable:    1382316 kB
Buffers:           86956 kB
Cached:           674504 kB
MemTotal:        1844596 kB
MemFree:          650280 kB
MemAvailable:    1383444 kB
Buffers:           86956 kB
Cached:           674504 kB
MemTotal:        1844596 kB
MemFree:          649788 kB
MemAvailable:    1382952 kB
Buffers:           86956 kB
Cached:           674504 kB
MemTotal:        1844596 kB
MemFree:          650132 kB
MemAvailable:    1383296 kB
Buffers:           86956 kB
Cached:           674504 kB
MemTotal:        1844596 kB
MemFree:          649736 kB
MemAvailable:    1382900 kB
Buffers:           86956 kB
Cached:           674504 kB
MemTotal:        1844596 kB
MemFree:          649988 kB
MemAvailable:    1383152 kB
Buffers:           86956 kB
Cached:           674504 kB
MemTotal:        1844596 kB
MemFree:          649224 kB
MemAvailable:    1382388 kB
Buffers:           86956 kB
Cached:           674504 kB
MemTotal:        1844596 kB
MemFree:          649136 kB
MemAvailable:    1382300 kB
Buffers:           86956 kB
Cached:           674504 kB
MemTotal:        1844596 kB
MemFree:          649664 kB
MemAvailable:    1382828 kB
Buffers:           86956 kB
Cached:           674504 kB
MemTotal:        1844596 kB
MemFree:          650132 kB
MemAvailable:    1383296 kB
Buffers:           86956 kB
Cached:           674504 kB
MemTotal:        1844596 kB
MemFree:          650468 kB
MemAvailable:    1383632 kB
Buffers:           86956 kB
Cached:           674504 kB
MemTotal:        1844596 kB
MemFree:          649152 kB
MemAvailable:    1382316 kB
Buffers:           86956 kB
Cached:           674504 kB
MemTotal:        1844596 kB
MemFree:          649036 kB
MemAvailable:    1382200 kB
Buffers:           86956 kB
Cached:           674504 kB
MemTotal:        1844596 kB
MemFree:          650136 kB
MemAvailable:    1383300 kB
Buffers:           86956 kB
Cached:           674504 kB
MemTotal:        1844596 kB
MemFree:          650472 kB
MemAvailable:    1383636 kB
Buffers:           86956 kB
Cached:           674504 kB
MemTotal:        1844596 kB
MemFree:          650148 kB
MemAvailable:    1383312 kB
Buffers:           86956 kB
Cached:           674504 kB
MemTotal:        1844596 kB
MemFree:          650256 kB
MemAvailable:    1383420 kB
Buffers:           86956 kB
Cached:           674504 kB
MemTotal:        1844596 kB
MemFree:          650416 kB
MemAvailable:    1383580 kB
Buffers:           86956 kB
Cached:           674504 kB
MemTotal:        1844596 kB
MemFree:          650236 kB
MemAvailable:    1383400 kB
Buffers:           86956 kB
Cached:           674504 kB
MemTotal:        1844596 kB
MemFree:          650332 kB
MemAvailable:    1383496 kB
Buffers:           86956 kB
Cached:           674504 kB
MemTotal:        1844596 kB
MemFree:          649156 kB
MemAvailable:    1382320 kB
Buffers:           86956 kB
Cached:           674504 kB
MemTotal:        1844596 kB
MemFree:          649156 kB
MemAvailable:    1382320 kB
Buffers:           86956 kB
Cached:           674504 kB
MemTotal:        1844596 kB
MemFree:          650332 kB
MemAvailable:    1383496 kB
Buffers:           86956 kB
Cached:           674504 kB
MemTotal:        1844596 kB
MemFree:          649108 kB
MemAvailable:    1382272 kB
Buffers:           86956 kB
Cached:           674504 kB
MemTotal:        1844596 kB
MemFree:          650260 kB
MemAvailable:    1383424 kB
Buffers:           86956 kB
Cached:           674504 kB
MemTotal:        1844596 kB
MemFree:          650180 kB
MemAvailable:    1383344 kB
Buffers:           86956 kB
Cached:           674504 kB
MemTotal:        1844596 kB
MemFree:          650352 kB
MemAvailable:    1383516 kB
Buffers:           86956 kB
Cached:           674504 kB
MemTotal:        1844596 kB
MemFree:          649016 kB
MemAvailable:    1382180 kB
Buffers:           86956 kB
Cached:           674504 kB
MemTotal:        1844596 kB
MemFree:          650324 kB
MemAvailable:    1383488 kB
Buffers:           86956 kB
Cached:           674504 kB
MemTotal:        1844596 kB
MemFree:          650276 kB
MemAvailable:    1383440 kB
Buffers:           86956 kB
Cached:           674504 kB
MemTotal:        1844596 kB
MemFree:          650312 kB
MemAvailable:    1383476 kB
Buffers:           86956 kB
Cached:           674504 kB
MemTotal:        1844596 kB
MemFree:          649136 kB
MemAvailable:    1382300 kB
Buffers:           86956 kB
Cached:           674504 kB
MemTotal:        1844596 kB
MemFree:          649136 kB
MemAvailable:    1382300 kB
Buffers:           86956 kB
Cached:           674504 kB
MemTotal:        1844596 kB
MemFree:          650412 kB
MemAvailable:    1383576 kB
Buffers:           86956 kB
Cached:           674504 kB
MemTotal:        1844596 kB
MemFree:          650400 kB
MemAvailable:    1383564 kB
Buffers:           86956 kB
Cached:           674504 kB
MemTotal:        1844596 kB
MemFree:          650464 kB
MemAvailable:    1383628 kB
Buffers:           86956 kB
Cached:           674504 kB
MemTotal:        1844596 kB
MemFree:          649664 kB
MemAvailable:    1382828 kB
Buffers:           86956 kB
Cached:           674504 kB
MemTotal:        1844596 kB
MemFree:          648996 kB
MemAvailable:    1382168 kB
Buffers:           86956 kB
Cached:           674512 kB
MemTotal:        1844596 kB
MemFree:          650296 kB
MemAvailable:    1383468 kB
Buffers:           86956 kB
Cached:           674512 kB
MemTotal:        1844596 kB
MemFree:          648996 kB
MemAvailable:    1382168 kB
Buffers:           86956 kB
Cached:           674512 kB
MemTotal:        1844596 kB
MemFree:          650468 kB
MemAvailable:    1383640 kB
Buffers:           86956 kB
Cached:           674512 kB
MemTotal:        1844596 kB
MemFree:          650268 kB
MemAvailable:    1383440 kB
Buffers:           86956 kB
Cached:           674512 kB
MemTotal:        1844596 kB
MemFree:          650268 kB
MemAvailable:    1383440 kB
Buffers:           86956 kB
Cached:           674512 kB
MemTotal:        1844596 kB
MemFree:          647368 kB
MemAvailable:    1380540 kB
Buffers:           86956 kB
Cached:           674512 kB
MemTotal:        1844596 kB
MemFree:          644952 kB
MemAvailable:    1378124 kB
Buffers:           86956 kB
Cached:           674512 kB
MemTotal:        1844596 kB
MemFree:          641356 kB
MemAvailable:    1374528 kB
Buffers:           86956 kB
Cached:           674512 kB
MemTotal:        1844596 kB
MemFree:          639416 kB
MemAvailable:    1372588 kB
Buffers:           86956 kB
Cached:           674512 kB
MemTotal:        1844596 kB
MemFree:          636528 kB
MemAvailable:    1369700 kB
Buffers:           86956 kB
Cached:           674512 kB
MemTotal:        1844596 kB
MemFree:          633404 kB
MemAvailable:    1366576 kB
Buffers:           86956 kB
Cached:           674512 kB
MemTotal:        1844596 kB
MemFree:          633492 kB
MemAvailable:    1366664 kB
Buffers:           86956 kB
Cached:           674512 kB
MemTotal:        1844596 kB
MemFree:          631064 kB
MemAvailable:    1364236 kB
Buffers:           86956 kB
Cached:           674512 kB
MemTotal:        1844596 kB
MemFree:          629684 kB
MemAvailable:    1362856 kB
Buffers:           86956 kB
Cached:           674512 kB
MemTotal:        1844596 kB
MemFree:          630792 kB
MemAvailable:    1363964 kB
Buffers:           86956 kB
Cached:           674512 kB
MemTotal:        1844596 kB
MemFree:          630876 kB
MemAvailable:    1364048 kB
Buffers:           86956 kB
Cached:           674512 kB
MemTotal:        1844596 kB
MemFree:          630636 kB
MemAvailable:    1363808 kB
Buffers:           86956 kB
Cached:           674512 kB
MemTotal:        1844596 kB
MemFree:          630820 kB
MemAvailable:    1363992 kB
Buffers:           86956 kB
Cached:           674512 kB
MemTotal:        1844596 kB
MemFree:          630072 kB
MemAvailable:    1363244 kB
Buffers:           86956 kB
Cached:           674512 kB
MemTotal:        1844596 kB
MemFree:          630924 kB
MemAvailable:    1364100 kB
Buffers:           86956 kB
Cached:           674516 kB
MemTotal:        1844596 kB
MemFree:          630884 kB
MemAvailable:    1364060 kB
Buffers:           86956 kB
Cached:           674516 kB
MemTotal:        1844596 kB
MemFree:          630864 kB
MemAvailable:    1364040 kB
Buffers:           86956 kB
Cached:           674516 kB
MemTotal:        1844596 kB
MemFree:          630792 kB
MemAvailable:    1363968 kB
Buffers:           86956 kB
Cached:           674516 kB
MemTotal:        1844596 kB
MemFree:          631044 kB
MemAvailable:    1364220 kB
Buffers:           86956 kB
Cached:           674516 kB
MemTotal:        1844596 kB
MemFree:          630196 kB
MemAvailable:    1363372 kB
Buffers:           86956 kB
Cached:           674516 kB
MemTotal:        1844596 kB
MemFree:          630836 kB
MemAvailable:    1364012 kB
Buffers:           86956 kB
Cached:           674516 kB
MemTotal:        1844596 kB
MemFree:          629700 kB
MemAvailable:    1362876 kB
Buffers:           86956 kB
Cached:           674516 kB
MemTotal:        1844596 kB
MemFree:          629320 kB
MemAvailable:    1362496 kB
Buffers:           86956 kB
Cached:           674516 kB
MemTotal:        1844596 kB
MemFree:          630676 kB
MemAvailable:    1363852 kB
Buffers:           86956 kB
Cached:           674516 kB
MemTotal:        1844596 kB
MemFree:          629312 kB
MemAvailable:    1362488 kB
Buffers:           86956 kB
Cached:           674516 kB
MemTotal:        1844596 kB
MemFree:          630488 kB
MemAvailable:    1363664 kB
Buffers:           86956 kB
Cached:           674516 kB
MemTotal:        1844596 kB
MemFree:          630500 kB
MemAvailable:    1363676 kB
Buffers:           86956 kB
Cached:           674516 kB
MemTotal:        1844596 kB
MemFree:          630452 kB
MemAvailable:    1363628 kB
Buffers:           86956 kB
Cached:           674516 kB
MemTotal:        1844596 kB
MemFree:          630448 kB
MemAvailable:    1363624 kB
Buffers:           86956 kB
Cached:           674516 kB
MemTotal:        1844596 kB
MemFree:          630828 kB
MemAvailable:    1364004 kB
Buffers:           86956 kB
Cached:           674516 kB
MemTotal:        1844596 kB
MemFree:          630020 kB
MemAvailable:    1363196 kB
Buffers:           86956 kB
Cached:           674516 kB
MemTotal:        1844596 kB
MemFree:          630180 kB
MemAvailable:    1363356 kB
Buffers:           86956 kB
Cached:           674516 kB
MemTotal:        1844596 kB
MemFree:          629328 kB
MemAvailable:    1362504 kB
Buffers:           86956 kB
Cached:           674516 kB
MemTotal:        1844596 kB
MemFree:          628568 kB
MemAvailable:    1361744 kB
Buffers:           86956 kB
Cached:           674516 kB
MemTotal:        1844596 kB
MemFree:          628460 kB
MemAvailable:    1361636 kB
Buffers:           86956 kB
Cached:           674516 kB
MemTotal:        1844596 kB
MemFree:          622508 kB
MemAvailable:    1355684 kB
Buffers:           86956 kB
Cached:           674516 kB
MemTotal:        1844596 kB
MemFree:          620624 kB
MemAvailable:    1353800 kB
Buffers:           86956 kB
Cached:           674516 kB
MemTotal:        1844596 kB
MemFree:          620152 kB
MemAvailable:    1353328 kB
Buffers:           86956 kB
Cached:           674516 kB
MemTotal:        1844596 kB
MemFree:          619272 kB
MemAvailable:    1352448 kB
Buffers:           86956 kB
Cached:           674516 kB
MemTotal:        1844596 kB
MemFree:          620504 kB
MemAvailable:    1353680 kB
Buffers:           86956 kB
Cached:           674516 kB
MemTotal:        1844596 kB
MemFree:          620392 kB
MemAvailable:    1353568 kB
Buffers:           86956 kB
Cached:           674516 kB
MemTotal:        1844596 kB
MemFree:          619260 kB
MemAvailable:    1352436 kB
Buffers:           86956 kB
Cached:           674516 kB
MemTotal:        1844596 kB
MemFree:          620460 kB
MemAvailable:    1353636 kB
Buffers:           86956 kB
Cached:           674516 kB
MemTotal:        1844596 kB
MemFree:          619656 kB
MemAvailable:    1352832 kB
Buffers:           86956 kB
Cached:           674516 kB
MemTotal:        1844596 kB
MemFree:          618904 kB
MemAvailable:    1352080 kB
Buffers:           86956 kB
Cached:           674516 kB
MemTotal:        1844596 kB
MemFree:          619160 kB
MemAvailable:    1352336 kB
Buffers:           86956 kB
Cached:           674516 kB
MemTotal:        1844596 kB
MemFree:          618716 kB
MemAvailable:    1351892 kB
Buffers:           86956 kB
Cached:           674516 kB
MemTotal:        1844596 kB
MemFree:          618760 kB
MemAvailable:    1352020 kB
Buffers:           86956 kB
Cached:           674640 kB
MemTotal:        1844596 kB
MemFree:          617424 kB
MemAvailable:    1350768 kB
Buffers:           86956 kB
Cached:           674764 kB
MemTotal:        1844596 kB
MemFree:          618168 kB
MemAvailable:    1351600 kB
Buffers:           86956 kB
Cached:           674892 kB
MemTotal:        1844596 kB
MemFree:          617004 kB
MemAvailable:    1350520 kB
Buffers:           86956 kB
Cached:           674892 kB
MemTotal:        1844596 kB
MemFree:          617924 kB
MemAvailable:    1351608 kB
Buffers:           86956 kB
Cached:           675140 kB
MemTotal:        1844596 kB
MemFree:          617060 kB
MemAvailable:    1350744 kB
Buffers:           86956 kB
Cached:           675140 kB
MemTotal:        1844596 kB
MemFree:          617972 kB
MemAvailable:    1351728 kB
Buffers:           86956 kB
Cached:           675132 kB
MemTotal:        1844596 kB
MemFree:          616928 kB
MemAvailable:    1350684 kB
Buffers:           86956 kB
Cached:           675132 kB
MemTotal:        1844596 kB
MemFree:          617992 kB
MemAvailable:    1351748 kB
Buffers:           86956 kB
Cached:           675132 kB
MemTotal:        1844596 kB
MemFree:          616412 kB
MemAvailable:    1350168 kB
Buffers:           86956 kB
Cached:           675132 kB
MemTotal:        1844596 kB
MemFree:          616660 kB
MemAvailable:    1350416 kB
Buffers:           86956 kB
Cached:           675132 kB
MemTotal:        1844596 kB
MemFree:          616520 kB
MemAvailable:    1350276 kB
Buffers:           86956 kB
Cached:           675132 kB
MemTotal:        1844596 kB
MemFree:          617976 kB
MemAvailable:    1351732 kB
Buffers:           86956 kB
Cached:           675132 kB
MemTotal:        1844596 kB
MemFree:          617596 kB
MemAvailable:    1351520 kB
Buffers:           86956 kB
Cached:           675380 kB
MemTotal:        1844596 kB
MemFree:          617852 kB
MemAvailable:    1351860 kB
Buffers:           86956 kB
Cached:           675380 kB
MemTotal:        1844596 kB
MemFree:          618268 kB
MemAvailable:    1351436 kB
Buffers:           86956 kB
Cached:           674540 kB
MemTotal:        1844596 kB
MemFree:          695968 kB
MemAvailable:    1429136 kB
Buffers:           86956 kB
Cached:           674540 kB
MemTotal:        1844596 kB
MemFree:          781904 kB
MemAvailable:    1515072 kB
Buffers:           86956 kB
Cached:           674540 kB
