MemTotal:        1844596 kB
MemFree:          263776 kB
MemAvailable:    1546296 kB
Buffers:          104588 kB
Cached:          1193124 kB
MemTotal:        1844596 kB
MemFree:          236232 kB
MemAvailable:    1518760 kB
Buffers:          104588 kB
Cached:          1193128 kB
MemTotal:        1844596 kB
MemFree:          234992 kB
MemAvailable:    1517520 kB
Buffers:          104588 kB
Cached:          1193128 kB
MemTotal:        1844596 kB
MemFree:          235804 kB
MemAvailable:    1518332 kB
Buffers:          104588 kB
Cached:          1193128 kB
MemTotal:        1844596 kB
MemFree:          232016 kB
MemAvailable:    1514544 kB
Buffers:          104588 kB
Cached:          1193128 kB
MemTotal:        1844596 kB
MemFree:          231892 kB
MemAvailable:    1514420 kB
Buffers:          104588 kB
Cached:          1193128 kB
MemTotal:        1844596 kB
MemFree:          231148 kB
MemAvailable:    1513676 kB
Buffers:          104588 kB
Cached:          1193128 kB
MemTotal:        1844596 kB
MemFree:          229164 kB
MemAvailable:    1511692 kB
Buffers:          104588 kB
Cached:          1193128 kB
MemTotal:        1844596 kB
MemFree:          225816 kB
MemAvailable:    1508344 kB
Buffers:          104588 kB
Cached:          1193128 kB
MemTotal:        1844596 kB
MemFree:          222220 kB
MemAvailable:    1504748 kB
Buffers:          104588 kB
Cached:          1193128 kB
MemTotal:        1844596 kB
MemFree:          223968 kB
MemAvailable:    1506496 kB
Buffers:          104588 kB
Cached:          1193128 kB
MemTotal:        1844596 kB
MemFree:          222964 kB
MemAvailable:    1505492 kB
Buffers:          104588 kB
Cached:          1193128 kB
MemTotal:        1844596 kB
MemFree:          222924 kB
MemAvailable:    1505452 kB
Buffers:          104588 kB
Cached:          1193128 kB
MemTotal:        1844596 kB
MemFree:          222792 kB
MemAvailable:    1505320 kB
Buffers:          104588 kB
Cached:          1193128 kB
MemTotal:        1844596 kB
MemFree:          222700 kB
MemAvailable:    1505228 kB
Buffers:          104588 kB
Cached:          1193128 kB
MemTotal:        1844596 kB
MemFree:          223752 kB
MemAvailable:    1506280 kB
Buffers:          104588 kB
Cached:          1193128 kB
MemTotal:        1844596 kB
MemFree:          223768 kB
MemAvailable:    1506296 kB
Buffers:          104588 kB
Cached:          1193128 kB
MemTotal:        1844596 kB
MemFree:          223636 kB
MemAvailable:    1506164 kB
Buffers:          104588 kB
Cached:          1193128 kB
MemTotal:        1844596 kB
MemFree:          222584 kB
MemAvailable:    1505112 kB
Buffers:          104588 kB
Cached:          1193128 kB
MemTotal:        1844596 kB
MemFree:          222336 kB
MemAvailable:    1504864 kB
Buffers:          104588 kB
Cached:          1193128 kB
MemTotal:        1844596 kB
MemFree:          222452 kB
MemAvailable:    1504980 kB
Buffers:          104588 kB
Cached:          1193128 kB
MemTotal:        1844596 kB
MemFree:          222956 kB
MemAvailable:    1505484 kB
Buffers:          104588 kB
Cached:          1193128 kB
MemTotal:        1844596 kB
MemFree:          222724 kB
MemAvailable:    1505252 kB
Buffers:          104588 kB
Cached:          1193128 kB
MemTotal:        1844596 kB
MemFree:          222568 kB
MemAvailable:    1505096 kB
Buffers:          104588 kB
Cached:          1193128 kB
MemTotal:        1844596 kB
MemFree:          222220 kB
MemAvailable:    1504748 kB
Buffers:          104588 kB
Cached:          1193128 kB
MemTotal:        1844596 kB
MemFree:          222412 kB
MemAvailable:    1504940 kB
Buffers:          104588 kB
Cached:          1193128 kB
MemTotal:        1844596 kB
MemFree:          222412 kB
MemAvailable:    1504940 kB
Buffers:          104588 kB
Cached:          1193128 kB
MemTotal:        1844596 kB
MemFree:          222344 kB
MemAvailable:    1504872 kB
Buffers:          104588 kB
Cached:          1193128 kB
MemTotal:        1844596 kB
MemFree:          220360 kB
MemAvailable:    1502888 kB
Buffers:          104588 kB
Cached:          1193128 kB
MemTotal:        1844596 kB
MemFree:          221404 kB
MemAvailable:    1503932 kB
Buffers:          104588 kB
Cached:          1193128 kB
MemTotal:        1844596 kB
MemFree:          219996 kB
MemAvailable:    1502524 kB
Buffers:          104588 kB
Cached:          1193128 kB
MemTotal:        1844596 kB
MemFree:          220840 kB
MemAvailable:    1503368 kB
Buffers:          104588 kB
Cached:          1193128 kB
MemTotal:        1844596 kB
MemFree:          221176 kB
MemAvailable:    1503704 kB
Buffers:          104588 kB
Cached:          1193128 kB
MemTotal:        1844596 kB
MemFree:          219856 kB
MemAvailable:    1502384 kB
Buffers:          104588 kB
Cached:          1193128 kB
MemTotal:        1844596 kB
MemFree:          219816 kB
MemAvailable:    1502344 kB
Buffers:          104588 kB
Cached:          1193128 kB
MemTotal:        1844596 kB
MemFree:          221028 kB
MemAvailable:    1503556 kB
Buffers:          104588 kB
Cached:          1193128 kB
MemTotal:        1844596 kB
MemFree:          220368 kB
MemAvailable:    1502896 kB
Buffers:          104588 kB
Cached:          1193128 kB
MemTotal:        1844596 kB
MemFree:          220840 kB
MemAvailable:    1503368 kB
Buffers:          104588 kB
Cached:          1193128 kB
MemTotal:        1844596 kB
MemFree:          221176 kB
MemAvailable:    1503704 kB
Buffers:          104588 kB
Cached:          1193128 kB
MemTotal:        1844596 kB
MemFree:          217756 kB
MemAvailable:    1500284 kB
Buffers:          104588 kB
Cached:          1193128 kB
MemTotal:        1844596 kB
MemFree:          214904 kB
MemAvailable:    1497432 kB
Buffers:          104588 kB
Cached:          1193128 kB
MemTotal:        1844596 kB
MemFree:          214656 kB
MemAvailable:    1497184 kB
Buffers:          104588 kB
Cached:          1193128 kB
MemTotal:        1844596 kB
MemFree:          215824 kB
MemAvailable:    1498352 kB
Buffers:          104588 kB
Cached:          1193128 kB
MemTotal:        1844596 kB
MemFree:          215876 kB
MemAvailable:    1498408 kB
Buffers:          104588 kB
Cached:          1193132 kB
MemTotal:        1844596 kB
MemFree:          215772 kB
MemAvailable:    1498304 kB
Buffers:          104588 kB
Cached:          1193132 kB
MemTotal:        1844596 kB
MemFree:          215444 kB
MemAvailable:    1497976 kB
Buffers:          104588 kB
Cached:          1193132 kB
MemTotal:        1844596 kB
MemFree:          214228 kB
MemAvailable:    1496760 kB
Buffers:          104588 kB
Cached:          1193132 kB
MemTotal:        1844596 kB
MemFree:          215140 kB
MemAvailable:    1497672 kB
Buffers:          104588 kB
Cached:          1193132 kB
MemTotal:        1844596 kB
MemFree:          215184 kB
MemAvailable:    1497716 kB
Buffers:          104588 kB
Cached:          1193132 kB
MemTotal:        1844596 kB
MemFree:          213960 kB
MemAvailable:    1496492 kB
Buffers:          104588 kB
Cached:          1193132 kB
MemTotal:        1844596 kB
MemFree:          213788 kB
MemAvailable:    1496320 kB
Buffers:          104588 kB
Cached:          1193132 kB
MemTotal:        1844596 kB
MemFree:          213996 kB
MemAvailable:    1496528 kB
Buffers:          104588 kB
Cached:          1193132 kB
MemTotal:        1844596 kB
MemFree:          213988 kB
MemAvailable:    1496520 kB
Buffers:          104588 kB
Cached:          1193132 kB
MemTotal:        1844596 kB
MemFree:          214028 kB
MemAvailable:    1496560 kB
Buffers:          104588 kB
Cached:          1193132 kB
MemTotal:        1844596 kB
MemFree:          213956 kB
MemAvailable:    1496488 kB
Buffers:          104588 kB
Cached:          1193132 kB
MemTotal:        1844596 kB
MemFree:          211308 kB
MemAvailable:    1493840 kB
Buffers:          104588 kB
Cached:          1193132 kB
MemTotal:        1844596 kB
MemFree:          208936 kB
MemAvailable:    1491468 kB
Buffers:          104588 kB
Cached:          1193132 kB
MemTotal:        1844596 kB
MemFree:          208952 kB
MemAvailable:    1491484 kB
Buffers:          104588 kB
Cached:          1193132 kB
MemTotal:        1844596 kB
MemFree:          208756 kB
MemAvailable:    1491288 kB
Buffers:          104588 kB
Cached:          1193132 kB
MemTotal:        1844596 kB
MemFree:          208580 kB
MemAvailable:    1491112 kB
Buffers:          104588 kB
Cached:          1193132 kB
MemTotal:        1844596 kB
MemFree:          207276 kB
MemAvailable:    1489808 kB
Buffers:          104588 kB
Cached:          1193132 kB
MemTotal:        1844596 kB
MemFree:          206904 kB
MemAvailable:    1489436 kB
Buffers:          104588 kB
Cached:          1193132 kB
MemTotal:        1844596 kB
MemFree:          205720 kB
MemAvailable:    1488252 kB
Buffers:          104588 kB
Cached:          1193132 kB
MemTotal:        1844596 kB
MemFree:          205472 kB
MemAvailable:    1488004 kB
Buffers:          104588 kB
Cached:          1193132 kB
MemTotal:        1844596 kB
MemFree:          206324 kB
MemAvailable:    1488856 kB
Buffers:          104588 kB
Cached:          1193132 kB
MemTotal:        1844596 kB
MemFree:          206492 kB
MemAvailable:    1489024 kB
Buffers:          104588 kB
Cached:          1193132 kB
MemTotal:        1844596 kB
MemFree:          205172 kB
MemAvailable:    1487704 kB
Buffers:          104588 kB
Cached:          1193132 kB
MemTotal:        1844596 kB
MemFree:          206280 kB
MemAvailable:    1488812 kB
Buffers:          104588 kB
Cached:          1193132 kB
MemTotal:        1844596 kB
MemFree:          206280 kB
MemAvailable:    1488812 kB
Buffers:          104588 kB
Cached:          1193132 kB
MemTotal:        1844596 kB
MemFree:          206300 kB
MemAvailable:    1488832 kB
Buffers:          104588 kB
Cached:          1193132 kB
MemTotal:        1844596 kB
MemFree:          206480 kB
MemAvailable:    1489012 kB
Buffers:          104588 kB
Cached:          1193132 kB
MemTotal:        1844596 kB
MemFree:          206332 kB
MemAvailable:    1488864 kB
Buffers:          104588 kB
Cached:          1193132 kB
MemTotal:        1844596 kB
MemFree:          206332 kB
MemAvailable:    1488864 kB
Buffers:          104588 kB
Cached:          1193132 kB
MemTotal:        1844596 kB
MemFree:          206292 kB
MemAvailable:    1488824 kB
Buffers:          104588 kB
Cached:          1193132 kB
MemTotal:        1844596 kB
MemFree:          204912 kB
MemAvailable:    1487444 kB
Buffers:          104588 kB
Cached:          1193132 kB
MemTotal:        1844596 kB
MemFree:          204920 kB
MemAvailable:    1487452 kB
Buffers:          104588 kB
Cached:          1193132 kB
MemTotal:        1844596 kB
MemFree:          206020 kB
MemAvailable:    1488552 kB
Buffers:          104588 kB
Cached:          1193132 kB
MemTotal:        1844596 kB
MemFree:          205852 kB
MemAvailable:    1488384 kB
Buffers:          104588 kB
Cached:          1193132 kB
MemTotal:        1844596 kB
MemFree:          206148 kB
MemAvailable:    1488680 kB
Buffers:          104588 kB
Cached:          1193132 kB
MemTotal:        1844596 kB
MemFree:          206184 kB
MemAvailable:    1488716 kB
Buffers:          104588 kB
Cached:          1193132 kB
MemTotal:        1844596 kB
MemFree:          205232 kB
MemAvailable:    1487764 kB
Buffers:          104588 kB
Cached:          1193132 kB
MemTotal:        1844596 kB
MemFree:          205788 kB
MemAvailable:    1488320 kB
Buffers:          104588 kB
Cached:          1193132 kB
MemTotal:        1844596 kB
MemFree:          202752 kB
MemAvailable:    1485284 kB
Buffers:          104588 kB
Cached:          1193132 kB
MemTotal:        1844596 kB
MemFree:          200084 kB
MemAvailable:    1482616 kB
Buffers:          104588 kB
Cached:          1193132 kB
MemTotal:        1844596 kB
MemFree:          198224 kB
MemAvailable:    1480756 kB
Buffers:          104588 kB
Cached:          1193132 kB
MemTotal:        1844596 kB
MemFree:          197976 kB
MemAvailable:    1480508 kB
Buffers:          104588 kB
Cached:          1193132 kB
MemTotal:        1844596 kB
MemFree:          197804 kB
MemAvailable:    1480336 kB
Buffers:          104588 kB
Cached:          1193132 kB
MemTotal:        1844596 kB
MemFree:          197904 kB
MemAvailable:    1480436 kB
Buffers:          104588 kB
Cached:          1193132 kB
MemTotal:        1844596 kB
MemFree:          197272 kB
MemAvailable:    1479804 kB
Buffers:          104588 kB
Cached:          1193132 kB
MemTotal:        1844596 kB
MemFree:          195904 kB
MemAvailable:    1478436 kB
Buffers:          104588 kB
Cached:          1193132 kB
MemTotal:        1844596 kB
MemFree:          197208 kB
MemAvailable:    1479740 kB
Buffers:          104588 kB
Cached:          1193132 kB
MemTotal:        1844596 kB
MemFree:          196240 kB
MemAvailable:    1478772 kB
Buffers:          104588 kB
Cached:          1193132 kB
MemTotal:        1844596 kB
MemFree:          196152 kB
MemAvailable:    1478684 kB
Buffers:          104588 kB
Cached:          1193132 kB
MemTotal:        1844596 kB
MemFree:          197260 kB
MemAvailable:    1479792 kB
Buffers:          104588 kB
Cached:          1193132 kB
MemTotal:        1844596 kB
MemFree:          197516 kB
MemAvailable:    1480048 kB
Buffers:          104588 kB
Cached:          1193132 kB
MemTotal:        1844596 kB
MemFree:          196144 kB
MemAvailable:    1478676 kB
Buffers:          104588 kB
Cached:          1193132 kB
MemTotal:        1844596 kB
MemFree:          197280 kB
MemAvailable:    1479812 kB
Buffers:          104588 kB
Cached:          1193132 kB
MemTotal:        1844596 kB
MemFree:          196140 kB
MemAvailable:    1478672 kB
Buffers:          104588 kB
Cached:          1193132 kB
MemTotal:        1844596 kB
MemFree:          197332 kB
MemAvailable:    1479864 kB
Buffers:          104588 kB
Cached:          1193132 kB
MemTotal:        1844596 kB
MemFree:          197676 kB
MemAvailable:    1480208 kB
Buffers:          104588 kB
Cached:          1193132 kB
MemTotal:        1844596 kB
MemFree:          197432 kB
MemAvailable:    1479964 kB
Buffers:          104588 kB
Cached:          1193132 kB
MemTotal:        1844596 kB
MemFree:          197428 kB
MemAvailable:    1479960 kB
Buffers:          104588 kB
Cached:          1193132 kB
MemTotal:        1844596 kB
MemFree:          197464 kB
MemAvailable:    1479996 kB
Buffers:          104588 kB
Cached:          1193132 kB
MemTotal:        1844596 kB
MemFree:          197420 kB
MemAvailable:    1479952 kB
Buffers:          104588 kB
Cached:          1193132 kB
MemTotal:        1844596 kB
MemFree:          196676 kB
MemAvailable:    1479208 kB
Buffers:          104588 kB
Cached:          1193132 kB
MemTotal:        1844596 kB
MemFree:          197728 kB
MemAvailable:    1480264 kB
Buffers:          104588 kB
Cached:          1193136 kB
MemTotal:        1844596 kB
MemFree:          197404 kB
MemAvailable:    1479940 kB
Buffers:          104588 kB
Cached:          1193136 kB
MemTotal:        1844596 kB
MemFree:          197552 kB
MemAvailable:    1480088 kB
Buffers:          104588 kB
Cached:          1193136 kB
MemTotal:        1844596 kB
MemFree:          196132 kB
MemAvailable:    1478668 kB
Buffers:          104588 kB
Cached:          1193136 kB
MemTotal:        1844596 kB
MemFree:          197280 kB
MemAvailable:    1479816 kB
Buffers:          104588 kB
Cached:          1193136 kB
MemTotal:        1844596 kB
MemFree:          197532 kB
MemAvailable:    1480068 kB
Buffers:          104588 kB
Cached:          1193136 kB
MemTotal:        1844596 kB
MemFree:          197408 kB
MemAvailable:    1479944 kB
Buffers:          104588 kB
Cached:          1193136 kB
MemTotal:        1844596 kB
MemFree:          197588 kB
MemAvailable:    1480124 kB
Buffers:          104588 kB
Cached:          1193136 kB
MemTotal:        1844596 kB
MemFree:          197652 kB
MemAvailable:    1480188 kB
Buffers:          104588 kB
Cached:          1193136 kB
MemTotal:        1844596 kB
MemFree:          197280 kB
MemAvailable:    1479816 kB
Buffers:          104588 kB
Cached:          1193136 kB
MemTotal:        1844596 kB
MemFree:          197532 kB
MemAvailable:    1480068 kB
Buffers:          104588 kB
Cached:          1193136 kB
MemTotal:        1844596 kB
MemFree:          197460 kB
MemAvailable:    1480000 kB
Buffers:          104588 kB
Cached:          1193140 kB
MemTotal:        1844596 kB
MemFree:          197420 kB
MemAvailable:    1479960 kB
Buffers:          104588 kB
Cached:          1193140 kB
MemTotal:        1844596 kB
MemFree:          196256 kB
MemAvailable:    1478796 kB
Buffers:          104588 kB
Cached:          1193140 kB
MemTotal:        1844596 kB
MemFree:          196120 kB
MemAvailable:    1478660 kB
Buffers:          104588 kB
Cached:          1193140 kB
MemTotal:        1844596 kB
MemFree:          197484 kB
MemAvailable:    1480024 kB
Buffers:          104588 kB
Cached:          1193140 kB
MemTotal:        1844596 kB
MemFree:          193692 kB
MemAvailable:    1476232 kB
Buffers:          104588 kB
Cached:          1193140 kB
MemTotal:        1844596 kB
MemFree:          192964 kB
MemAvailable:    1475504 kB
Buffers:          104588 kB
Cached:          1193140 kB
MemTotal:        1844596 kB
MemFree:          189236 kB
MemAvailable:    1471776 kB
Buffers:          104588 kB
Cached:          1193140 kB
MemTotal:        1844596 kB
MemFree:          186748 kB
MemAvailable:    1469288 kB
Buffers:          104588 kB
Cached:          1193140 kB
MemTotal:        1844596 kB
MemFree:          186516 kB
MemAvailable:    1469056 kB
Buffers:          104588 kB
Cached:          1193140 kB
MemTotal:        1844596 kB
MemFree:          186520 kB
MemAvailable:    1469060 kB
Buffers:          104588 kB
Cached:          1193140 kB
MemTotal:        1844596 kB
MemFree:          186892 kB
MemAvailable:    1469432 kB
Buffers:          104588 kB
Cached:          1193140 kB
MemTotal:        1844596 kB
MemFree:          186892 kB
MemAvailable:    1469432 kB
Buffers:          104588 kB
Cached:          1193140 kB
MemTotal:        1844596 kB
MemFree:          186500 kB
MemAvailable:    1469040 kB
Buffers:          104588 kB
Cached:          1193140 kB
MemTotal:        1844596 kB
MemFree:          186836 kB
MemAvailable:    1469376 kB
Buffers:          104588 kB
Cached:          1193140 kB
MemTotal:        1844596 kB
MemFree:          185344 kB
MemAvailable:    1467884 kB
Buffers:          104588 kB
Cached:          1193140 kB
MemTotal:        1844596 kB
MemFree:          186644 kB
MemAvailable:    1469184 kB
Buffers:          104588 kB
Cached:          1193140 kB
MemTotal:        1844596 kB
MemFree:          185640 kB
MemAvailable:    1468180 kB
Buffers:          104588 kB
Cached:          1193140 kB
MemTotal:        1844596 kB
MemFree:          186624 kB
MemAvailable:    1469168 kB
Buffers:          104588 kB
Cached:          1193144 kB
MemTotal:        1844596 kB
MemFree:          186960 kB
MemAvailable:    1469504 kB
Buffers:          104588 kB
Cached:          1193144 kB
MemTotal:        1844596 kB
MemFree:          185384 kB
MemAvailable:    1467928 kB
Buffers:          104588 kB
Cached:          1193144 kB
MemTotal:        1844596 kB
MemFree:          186684 kB
MemAvailable:    1469228 kB
Buffers:          104588 kB
Cached:          1193144 kB
MemTotal:        1844596 kB
MemFree:          186480 kB
MemAvailable:    1469024 kB
Buffers:          104588 kB
Cached:          1193144 kB
MemTotal:        1844596 kB
MemFree:          186012 kB
MemAvailable:    1468556 kB
Buffers:          104588 kB
Cached:          1193144 kB
MemTotal:        1844596 kB
MemFree:          186380 kB
MemAvailable:    1468924 kB
Buffers:          104588 kB
Cached:          1193144 kB
MemTotal:        1844596 kB
MemFree:          185204 kB
MemAvailable:    1467748 kB
Buffers:          104588 kB
Cached:          1193144 kB
MemTotal:        1844596 kB
MemFree:          185460 kB
MemAvailable:    1468004 kB
Buffers:          104588 kB
Cached:          1193144 kB
MemTotal:        1844596 kB
MemFree:          186396 kB
MemAvailable:    1468940 kB
Buffers:          104588 kB
Cached:          1193144 kB
MemTotal:        1844596 kB
MemFree:          186648 kB
MemAvailable:    1469192 kB
Buffers:          104588 kB
Cached:          1193144 kB
MemTotal:        1844596 kB
MemFree:          186004 kB
MemAvailable:    1468548 kB
Buffers:          104588 kB
Cached:          1193144 kB
MemTotal:        1844596 kB
MemFree:          185360 kB
MemAvailable:    1467904 kB
Buffers:          104588 kB
Cached:          1193144 kB
MemTotal:        1844596 kB
MemFree:          186560 kB
MemAvailable:    1469104 kB
Buffers:          104588 kB
Cached:          1193144 kB
MemTotal:        1844596 kB
MemFree:          185764 kB
MemAvailable:    1468308 kB
Buffers:          104588 kB
Cached:          1193144 kB
MemTotal:        1844596 kB
MemFree:          186412 kB
MemAvailable:    1468956 kB
Buffers:          104588 kB
Cached:          1193144 kB
MemTotal:        1844596 kB
MemFree:          186412 kB
MemAvailable:    1468956 kB
Buffers:          104588 kB
Cached:          1193144 kB
MemTotal:        1844596 kB
MemFree:          186512 kB
MemAvailable:    1469056 kB
Buffers:          104588 kB
Cached:          1193144 kB
MemTotal:        1844596 kB
MemFree:          186508 kB
MemAvailable:    1469052 kB
Buffers:          104588 kB
Cached:          1193144 kB
MemTotal:        1844596 kB
MemFree:          185772 kB
MemAvailable:    1468316 kB
Buffers:          104588 kB
Cached:          1193144 kB
MemTotal:        1844596 kB
MemFree:          186616 kB
MemAvailable:    1469160 kB
Buffers:          104588 kB
Cached:          1193144 kB
MemTotal:        1844596 kB
MemFree:          186952 kB
MemAvailable:    1469496 kB
Buffers:          104588 kB
Cached:          1193144 kB
MemTotal:        1844596 kB
MemFree:          186484 kB
MemAvailable:    1469028 kB
Buffers:          104588 kB
Cached:          1193144 kB
MemTotal:        1844596 kB
MemFree:          186632 kB
MemAvailable:    1469176 kB
Buffers:          104588 kB
Cached:          1193144 kB
MemTotal:        1844596 kB
MemFree:          186452 kB
MemAvailable:    1468996 kB
Buffers:          104588 kB
Cached:          1193144 kB
MemTotal:        1844596 kB
MemFree:          185380 kB
MemAvailable:    1467924 kB
Buffers:          104588 kB
Cached:          1193144 kB
MemTotal:        1844596 kB
MemFree:          185208 kB
MemAvailable:    1467752 kB
Buffers:          104588 kB
Cached:          1193144 kB
MemTotal:        1844596 kB
MemFree:          186568 kB
MemAvailable:    1469112 kB
Buffers:          104588 kB
Cached:          1193144 kB
MemTotal:        1844596 kB
MemFree:          186568 kB
MemAvailable:    1469112 kB
Buffers:          104588 kB
Cached:          1193144 kB
MemTotal:        1844596 kB
MemFree:          186492 kB
MemAvailable:    1469036 kB
Buffers:          104588 kB
Cached:          1193144 kB
MemTotal:        1844596 kB
MemFree:          186508 kB
MemAvailable:    1469052 kB
Buffers:          104588 kB
Cached:          1193144 kB
MemTotal:        1844596 kB
MemFree:          186548 kB
MemAvailable:    1469092 kB
Buffers:          104588 kB
Cached:          1193144 kB
MemTotal:        1844596 kB
MemFree:          186508 kB
MemAvailable:    1469052 kB
Buffers:          104588 kB
Cached:          1193144 kB
MemTotal:        1844596 kB
MemFree:          185244 kB
MemAvailable:    1467788 kB
Buffers:          104588 kB
Cached:          1193144 kB
MemTotal:        1844596 kB
MemFree:          186500 kB
MemAvailable:    1469044 kB
Buffers:          104588 kB
Cached:          1193144 kB
MemTotal:        1844596 kB
MemFree:          186500 kB
MemAvailable:    1469044 kB
Buffers:          104588 kB
Cached:          1193144 kB
MemTotal:        1844596 kB
MemFree:          186520 kB
MemAvailable:    1469064 kB
Buffers:          104588 kB
Cached:          1193144 kB
MemTotal:        1844596 kB
MemFree:          185504 kB
MemAvailable:    1468048 kB
Buffers:          104588 kB
Cached:          1193144 kB
MemTotal:        1844596 kB
MemFree:          186320 kB
MemAvailable:    1468864 kB
Buffers:          104588 kB
Cached:          1193144 kB
MemTotal:        1844596 kB
MemFree:          186188 kB
MemAvailable:    1468732 kB
Buffers:          104588 kB
Cached:          1193144 kB
MemTotal:        1844596 kB
MemFree:          185632 kB
MemAvailable:    1468176 kB
Buffers:          104588 kB
Cached:          1193144 kB
MemTotal:        1844596 kB
MemFree:          185716 kB
MemAvailable:    1468260 kB
Buffers:          104588 kB
Cached:          1193144 kB
MemTotal:        1844596 kB
MemFree:          185336 kB
MemAvailable:    1467880 kB
Buffers:          104588 kB
Cached:          1193144 kB
MemTotal:        1844596 kB
MemFree:          185592 kB
MemAvailable:    1468136 kB
Buffers:          104588 kB
Cached:          1193144 kB
MemTotal:        1844596 kB
MemFree:          183972 kB
MemAvailable:    1466516 kB
Buffers:          104588 kB
Cached:          1193144 kB
MemTotal:        1844596 kB
MemFree:          184096 kB
MemAvailable:    1466640 kB
Buffers:          104588 kB
Cached:          1193144 kB
MemTotal:        1844596 kB
MemFree:          185264 kB
MemAvailable:    1467808 kB
Buffers:          104588 kB
Cached:          1193144 kB
MemTotal:        1844596 kB
MemFree:          184088 kB
MemAvailable:    1466632 kB
Buffers:          104588 kB
Cached:          1193144 kB
MemTotal:        1844596 kB
MemFree:          184096 kB
MemAvailable:    1466640 kB
Buffers:          104588 kB
Cached:          1193144 kB
MemTotal:        1844596 kB
MemFree:          184088 kB
MemAvailable:    1466632 kB
Buffers:          104588 kB
Cached:          1193144 kB
MemTotal:        1844596 kB
MemFree:          183904 kB
MemAvailable:    1466448 kB
Buffers:          104588 kB
Cached:          1193144 kB
MemTotal:        1844596 kB
MemFree:          183896 kB
MemAvailable:    1466440 kB
Buffers:          104588 kB
Cached:          1193144 kB
MemTotal:        1844596 kB
MemFree:          183896 kB
MemAvailable:    1466440 kB
Buffers:          104588 kB
Cached:          1193144 kB
MemTotal:        1844596 kB
MemFree:          185000 kB
MemAvailable:    1467544 kB
Buffers:          104588 kB
Cached:          1193144 kB
MemTotal:        1844596 kB
MemFree:          185000 kB
MemAvailable:    1467544 kB
Buffers:          104588 kB
Cached:          1193144 kB
MemTotal:        1844596 kB
MemFree:          184880 kB
MemAvailable:    1467424 kB
Buffers:          104588 kB
Cached:          1193144 kB
MemTotal:        1844596 kB
MemFree:          184400 kB
MemAvailable:    1466944 kB
Buffers:          104588 kB
Cached:          1193144 kB
MemTotal:        1844596 kB
MemFree:          184800 kB
MemAvailable:    1467352 kB
Buffers:          104588 kB
Cached:          1193152 kB
MemTotal:        1844596 kB
MemFree:          184648 kB
MemAvailable:    1467200 kB
Buffers:          104588 kB
Cached:          1193152 kB
MemTotal:        1844596 kB
MemFree:          183848 kB
MemAvailable:    1466400 kB
Buffers:          104588 kB
Cached:          1193152 kB
MemTotal:        1844596 kB
MemFree:          184632 kB
MemAvailable:    1467184 kB
Buffers:          104588 kB
Cached:          1193152 kB
MemTotal:        1844596 kB
MemFree:          184444 kB
MemAvailable:    1466996 kB
Buffers:          104588 kB
Cached:          1193152 kB
MemTotal:        1844596 kB
MemFree:          184816 kB
MemAvailable:    1467368 kB
Buffers:          104588 kB
Cached:          1193152 kB
MemTotal:        1844596 kB
MemFree:          183476 kB
MemAvailable:    1466028 kB
Buffers:          104588 kB
Cached:          1193152 kB
MemTotal:        1844596 kB
MemFree:          184276 kB
MemAvailable:    1466828 kB
Buffers:          104588 kB
Cached:          1193152 kB
MemTotal:        1844596 kB
MemFree:          181424 kB
MemAvailable:    1463976 kB
Buffers:          104588 kB
Cached:          1193152 kB
MemTotal:        1844596 kB
MemFree:          177068 kB
MemAvailable:    1459620 kB
Buffers:          104588 kB
Cached:          1193152 kB
MemTotal:        1844596 kB
MemFree:          176588 kB
MemAvailable:    1459140 kB
Buffers:          104588 kB
Cached:          1193152 kB
MemTotal:        1844596 kB
MemFree:          173364 kB
MemAvailable:    1455916 kB
Buffers:          104588 kB
Cached:          1193152 kB
MemTotal:        1844596 kB
MemFree:          172620 kB
MemAvailable:    1455172 kB
Buffers:          104588 kB
Cached:          1193152 kB
MemTotal:        1844596 kB
MemFree:          172232 kB
MemAvailable:    1454784 kB
Buffers:          104588 kB
Cached:          1193152 kB
MemTotal:        1844596 kB
MemFree:          173596 kB
MemAvailable:    1456148 kB
Buffers:          104588 kB
Cached:          1193152 kB
MemTotal:        1844596 kB
MemFree:          173044 kB
MemAvailable:    1455596 kB
Buffers:          104588 kB
Cached:          1193152 kB
MemTotal:        1844596 kB
MemFree:          171744 kB
MemAvailable:    1454296 kB
Buffers:          104588 kB
Cached:          1193152 kB
MemTotal:        1844596 kB
MemFree:          171256 kB
MemAvailable:    1453808 kB
Buffers:          104588 kB
Cached:          1193152 kB
MemTotal:        1844596 kB
MemFree:          171524 kB
MemAvailable:    1454076 kB
Buffers:          104588 kB
Cached:          1193152 kB
MemTotal:        1844596 kB
MemFree:          170272 kB
MemAvailable:    1452824 kB
Buffers:          104588 kB
Cached:          1193152 kB
MemTotal:        1844596 kB
MemFree:          171060 kB
MemAvailable:    1453612 kB
Buffers:          104588 kB
Cached:          1193152 kB
MemTotal:        1844596 kB
MemFree:          169644 kB
MemAvailable:    1452196 kB
Buffers:          104588 kB
Cached:          1193152 kB
MemTotal:        1844596 kB
MemFree:          170016 kB
MemAvailable:    1452568 kB
Buffers:          104588 kB
Cached:          1193152 kB
MemTotal:        1844596 kB
MemFree:          168776 kB
MemAvailable:    1451328 kB
Buffers:          104588 kB
Cached:          1193152 kB
MemTotal:        1844596 kB
MemFree:          168604 kB
MemAvailable:    1451156 kB
Buffers:          104588 kB
Cached:          1193152 kB
MemTotal:        1844596 kB
MemFree:          168516 kB
MemAvailable:    1451068 kB
Buffers:          104588 kB
Cached:          1193152 kB
MemTotal:        1844596 kB
MemFree:          169624 kB
MemAvailable:    1452176 kB
Buffers:          104588 kB
Cached:          1193152 kB
MemTotal:        1844596 kB
MemFree:          168384 kB
MemAvailable:    1450936 kB
Buffers:          104588 kB
Cached:          1193152 kB
MemTotal:        1844596 kB
MemFree:          168756 kB
MemAvailable:    1451308 kB
Buffers:          104588 kB
Cached:          1193152 kB
MemTotal:        1844596 kB
MemFree:          168508 kB
MemAvailable:    1451060 kB
Buffers:          104588 kB
Cached:          1193152 kB
MemTotal:        1844596 kB
MemFree:          168376 kB
MemAvailable:    1450928 kB
Buffers:          104588 kB
Cached:          1193152 kB
MemTotal:        1844596 kB
MemFree:          168584 kB
MemAvailable:    1451136 kB
Buffers:          104588 kB
Cached:          1193152 kB
MemTotal:        1844596 kB
MemFree:          168328 kB
MemAvailable:    1450880 kB
Buffers:          104588 kB
Cached:          1193152 kB
MemTotal:        1844596 kB
MemFree:          169428 kB
MemAvailable:    1451980 kB
Buffers:          104588 kB
Cached:          1193152 kB
MemTotal:        1844596 kB
MemFree:          168900 kB
MemAvailable:    1451452 kB
Buffers:          104588 kB
Cached:          1193152 kB
MemTotal:        1844596 kB
MemFree:          167852 kB
MemAvailable:    1450404 kB
Buffers:          104588 kB
Cached:          1193152 kB
MemTotal:        1844596 kB
MemFree:          169208 kB
MemAvailable:    1451760 kB
Buffers:          104588 kB
Cached:          1193152 kB
MemTotal:        1844596 kB
MemFree:          168032 kB
MemAvailable:    1450584 kB
Buffers:          104588 kB
Cached:          1193152 kB
MemTotal:        1844596 kB
MemFree:          167644 kB
MemAvailable:    1450196 kB
Buffers:          104588 kB
Cached:          1193152 kB
MemTotal:        1844596 kB
MemFree:          167728 kB
MemAvailable:    1450280 kB
Buffers:          104588 kB
Cached:          1193152 kB
MemTotal:        1844596 kB
MemFree:          166372 kB
MemAvailable:    1448924 kB
Buffers:          104588 kB
Cached:          1193152 kB
MemTotal:        1844596 kB
MemFree:          167148 kB
MemAvailable:    1449700 kB
Buffers:          104588 kB
Cached:          1193152 kB
MemTotal:        1844596 kB
MemFree:          166668 kB
MemAvailable:    1449096 kB
Buffers:          104588 kB
Cached:          1193152 kB
MemTotal:        1844596 kB
MemFree:          166668 kB
MemAvailable:    1449220 kB
Buffers:          104588 kB
Cached:          1193152 kB
MemTotal:        1844596 kB
MemFree:          166404 kB
MemAvailable:    1448956 kB
Buffers:          104588 kB
Cached:          1193152 kB
MemTotal:        1844596 kB
MemFree:          165676 kB
MemAvailable:    1448228 kB
Buffers:          104588 kB
Cached:          1193152 kB
MemTotal:        1844596 kB
MemFree:          166284 kB
MemAvailable:    1448836 kB
Buffers:          104588 kB
Cached:          1193152 kB
MemTotal:        1844596 kB
MemFree:          166008 kB
MemAvailable:    1448560 kB
Buffers:          104588 kB
Cached:          1193152 kB
MemTotal:        1844596 kB
MemFree:          164816 kB
MemAvailable:    1447368 kB
Buffers:          104588 kB
Cached:          1193152 kB
MemTotal:        1844596 kB
MemFree:          165792 kB
MemAvailable:    1448348 kB
Buffers:          104588 kB
Cached:          1193156 kB
MemTotal:        1844596 kB
MemFree:          166048 kB
MemAvailable:    1448604 kB
Buffers:          104588 kB
Cached:          1193156 kB
MemTotal:        1844596 kB
MemFree:          164420 kB
MemAvailable:    1446976 kB
Buffers:          104588 kB
Cached:          1193156 kB
MemTotal:        1844596 kB
MemFree:          165536 kB
MemAvailable:    1448092 kB
Buffers:          104588 kB
Cached:          1193156 kB
MemTotal:        1844596 kB
MemFree:          164420 kB
MemAvailable:    1446976 kB
Buffers:          104588 kB
Cached:          1193156 kB
MemTotal:        1844596 kB
MemFree:          165600 kB
MemAvailable:    1448156 kB
Buffers:          104588 kB
Cached:          1193156 kB
MemTotal:        1844596 kB
MemFree:          165676 kB
MemAvailable:    1448232 kB
Buffers:          104588 kB
Cached:          1193156 kB
MemTotal:        1844596 kB
MemFree:          165412 kB
MemAvailable:    1447968 kB
Buffers:          104588 kB
Cached:          1193156 kB
MemTotal:        1844596 kB
MemFree:          165740 kB
MemAvailable:    1448296 kB
Buffers:          104588 kB
Cached:          1193156 kB
MemTotal:        1844596 kB
MemFree:          165364 kB
MemAvailable:    1447920 kB
Buffers:          104588 kB
Cached:          1193156 kB
MemTotal:        1844596 kB
MemFree:          165064 kB
MemAvailable:    1447620 kB
Buffers:          104588 kB
Cached:          1193156 kB
MemTotal:        1844596 kB
MemFree:          164016 kB
MemAvailable:    1446572 kB
Buffers:          104588 kB
Cached:          1193156 kB
MemTotal:        1844596 kB
MemFree:          165476 kB
MemAvailable:    1448032 kB
Buffers:          104588 kB
Cached:          1193156 kB
MemTotal:        1844596 kB
MemFree:          164140 kB
MemAvailable:    1446696 kB
Buffers:          104588 kB
Cached:          1193156 kB
MemTotal:        1844596 kB
MemFree:          164140 kB
MemAvailable:    1446696 kB
Buffers:          104588 kB
Cached:          1193156 kB
MemTotal:        1844596 kB
MemFree:          165636 kB
MemAvailable:    1448192 kB
Buffers:          104588 kB
Cached:          1193156 kB
MemTotal:        1844596 kB
MemFree:          164560 kB
MemAvailable:    1447116 kB
Buffers:          104588 kB
Cached:          1193156 kB
MemTotal:        1844596 kB
MemFree:          165340 kB
MemAvailable:    1447900 kB
Buffers:          104588 kB
Cached:          1193160 kB
MemTotal:        1844596 kB
MemFree:          165684 kB
MemAvailable:    1448244 kB
Buffers:          104588 kB
Cached:          1193160 kB
MemTotal:        1844596 kB
MemFree:          164140 kB
MemAvailable:    1446700 kB
Buffers:          104588 kB
Cached:          1193160 kB
MemTotal:        1844596 kB
MemFree:          164000 kB
MemAvailable:    1446560 kB
Buffers:          104588 kB
Cached:          1193160 kB
MemTotal:        1844596 kB
MemFree:          165372 kB
MemAvailable:    1447932 kB
Buffers:          104588 kB
Cached:          1193160 kB
MemTotal:        1844596 kB
MemFree:          164052 kB
MemAvailable:    1446612 kB
Buffers:          104588 kB
Cached:          1193160 kB
MemTotal:        1844596 kB
MemFree:          164260 kB
MemAvailable:    1446820 kB
Buffers:          104588 kB
Cached:          1193160 kB
MemTotal:        1844596 kB
MemFree:          165544 kB
MemAvailable:    1448108 kB
Buffers:          104588 kB
Cached:          1193164 kB
MemTotal:        1844596 kB
MemFree:          164312 kB
MemAvailable:    1446876 kB
Buffers:          104588 kB
Cached:          1193164 kB
MemTotal:        1844596 kB
MemFree:          163072 kB
MemAvailable:    1445636 kB
Buffers:          104588 kB
Cached:          1193164 kB
MemTotal:        1844596 kB
MemFree:          163900 kB
MemAvailable:    1446464 kB
Buffers:          104588 kB
Cached:          1193164 kB
MemTotal:        1844596 kB
MemFree:          163828 kB
MemAvailable:    1446392 kB
Buffers:          104588 kB
Cached:          1193164 kB
MemTotal:        1844596 kB
MemFree:          162808 kB
MemAvailable:    1445372 kB
Buffers:          104588 kB
Cached:          1193164 kB
MemTotal:        1844596 kB
MemFree:          162808 kB
MemAvailable:    1445372 kB
Buffers:          104588 kB
Cached:          1193164 kB
MemTotal:        1844596 kB
MemFree:          159972 kB
MemAvailable:    1442536 kB
Buffers:          104588 kB
Cached:          1193164 kB
MemTotal:        1844596 kB
MemFree:          157740 kB
MemAvailable:    1440304 kB
Buffers:          104588 kB
Cached:          1193164 kB
MemTotal:        1844596 kB
MemFree:          155692 kB
MemAvailable:    1438256 kB
Buffers:          104588 kB
Cached:          1193164 kB
MemTotal:        1844596 kB
MemFree:          151276 kB
MemAvailable:    1433840 kB
Buffers:          104588 kB
Cached:          1193164 kB
MemTotal:        1844596 kB
MemFree:          151292 kB
MemAvailable:    1433856 kB
Buffers:          104588 kB
Cached:          1193164 kB
MemTotal:        1844596 kB
MemFree:          147200 kB
MemAvailable:    1429764 kB
Buffers:          104588 kB
Cached:          1193164 kB
MemTotal:        1844596 kB
MemFree:          146936 kB
MemAvailable:    1429500 kB
Buffers:          104588 kB
Cached:          1193164 kB
MemTotal:        1844596 kB
MemFree:          146712 kB
MemAvailable:    1429276 kB
Buffers:          104588 kB
Cached:          1193164 kB
MemTotal:        1844596 kB
MemFree:          146832 kB
MemAvailable:    1429396 kB
Buffers:          104588 kB
Cached:          1193164 kB
MemTotal:        1844596 kB
MemFree:          145576 kB
MemAvailable:    1428140 kB
Buffers:          104588 kB
Cached:          1193164 kB
MemTotal:        1844596 kB
MemFree:          146800 kB
MemAvailable:    1429364 kB
Buffers:          104588 kB
Cached:          1193164 kB
MemTotal:        1844596 kB
MemFree:          146884 kB
MemAvailable:    1429448 kB
Buffers:          104588 kB
Cached:          1193164 kB
MemTotal:        1844596 kB
MemFree:          145408 kB
MemAvailable:    1427972 kB
Buffers:          104588 kB
Cached:          1193164 kB
MemTotal:        1844596 kB
MemFree:          146508 kB
MemAvailable:    1429072 kB
Buffers:          104588 kB
Cached:          1193164 kB
MemTotal:        1844596 kB
MemFree:          146844 kB
MemAvailable:    1429408 kB
Buffers:          104588 kB
Cached:          1193164 kB
MemTotal:        1844596 kB
MemFree:          145444 kB
MemAvailable:    1428008 kB
Buffers:          104588 kB
Cached:          1193164 kB
MemTotal:        1844596 kB
MemFree:          145692 kB
MemAvailable:    1428256 kB
Buffers:          104588 kB
Cached:          1193164 kB
MemTotal:        1844596 kB
MemFree:          145568 kB
MemAvailable:    1428132 kB
Buffers:          104588 kB
Cached:          1193164 kB
MemTotal:        1844596 kB
MemFree:          144844 kB
MemAvailable:    1427408 kB
Buffers:          104588 kB
Cached:          1193164 kB
MemTotal:        1844596 kB
MemFree:          144712 kB
MemAvailable:    1427276 kB
Buffers:          104588 kB
Cached:          1193164 kB
MemTotal:        1844596 kB
MemFree:          144712 kB
MemAvailable:    1427276 kB
Buffers:          104588 kB
Cached:          1193164 kB
MemTotal:        1844596 kB
MemFree:          144836 kB
MemAvailable:    1427400 kB
Buffers:          104588 kB
Cached:          1193164 kB
MemTotal:        1844596 kB
MemFree:          144704 kB
MemAvailable:    1427268 kB
Buffers:          104588 kB
Cached:          1193164 kB
MemTotal:        1844596 kB
MemFree:          144580 kB
MemAvailable:    1427144 kB
Buffers:          104588 kB
Cached:          1193164 kB
MemTotal:        1844596 kB
MemFree:          146124 kB
MemAvailable:    1428688 kB
Buffers:          104588 kB
Cached:          1193164 kB
MemTotal:        1844596 kB
MemFree:          146068 kB
MemAvailable:    1428632 kB
Buffers:          104588 kB
Cached:          1193164 kB
MemTotal:        1844596 kB
MemFree:          144316 kB
MemAvailable:    1426880 kB
Buffers:          104588 kB
Cached:          1193164 kB
MemTotal:        1844596 kB
MemFree:          144448 kB
MemAvailable:    1427012 kB
Buffers:          104588 kB
Cached:          1193164 kB
MemTotal:        1844596 kB
MemFree:          145764 kB
MemAvailable:    1428328 kB
Buffers:          104588 kB
Cached:          1193164 kB
MemTotal:        1844596 kB
MemFree:          146016 kB
MemAvailable:    1428580 kB
Buffers:          104588 kB
Cached:          1193164 kB
MemTotal:        1844596 kB
MemFree:          145764 kB
MemAvailable:    1428328 kB
Buffers:          104588 kB
Cached:          1193164 kB
MemTotal:        1844596 kB
MemFree:          144672 kB
MemAvailable:    1427236 kB
Buffers:          104588 kB
Cached:          1193164 kB
MemTotal:        1844596 kB
MemFree:          145788 kB
MemAvailable:    1428352 kB
Buffers:          104588 kB
Cached:          1193164 kB
MemTotal:        1844596 kB
MemFree:          144584 kB
MemAvailable:    1427148 kB
Buffers:          104588 kB
Cached:          1193164 kB
MemTotal:        1844596 kB
MemFree:          144784 kB
MemAvailable:    1427348 kB
Buffers:          104588 kB
Cached:          1193164 kB
MemTotal:        1844596 kB
MemFree:          144660 kB
MemAvailable:    1427224 kB
Buffers:          104588 kB
Cached:          1193164 kB
MemTotal:        1844596 kB
MemFree:          143108 kB
MemAvailable:    1425672 kB
Buffers:          104588 kB
Cached:          1193164 kB
MemTotal:        1844596 kB
MemFree:          139388 kB
MemAvailable:    1421952 kB
Buffers:          104588 kB
Cached:          1193164 kB
MemTotal:        1844596 kB
MemFree:          136148 kB
MemAvailable:    1418712 kB
Buffers:          104588 kB
Cached:          1193164 kB
MemTotal:        1844596 kB
MemFree:          132380 kB
MemAvailable:    1414944 kB
Buffers:          104588 kB
Cached:          1193164 kB
MemTotal:        1844596 kB
MemFree:          129840 kB
MemAvailable:    1412404 kB
Buffers:          104588 kB
Cached:          1193164 kB
MemTotal:        1844596 kB
MemFree:          127792 kB
MemAvailable:    1410356 kB
Buffers:          104588 kB
Cached:          1193164 kB
MemTotal:        1844596 kB
MemFree:          127428 kB
MemAvailable:    1409992 kB
Buffers:          104588 kB
Cached:          1193164 kB
MemTotal:        1844596 kB
MemFree:          127484 kB
MemAvailable:    1410048 kB
Buffers:          104588 kB
Cached:          1193164 kB
MemTotal:        1844596 kB
MemFree:          127596 kB
MemAvailable:    1410160 kB
Buffers:          104588 kB
Cached:          1193164 kB
MemTotal:        1844596 kB
MemFree:          127284 kB
MemAvailable:    1409848 kB
Buffers:          104588 kB
Cached:          1193164 kB
MemTotal:        1844596 kB
MemFree:          127620 kB
MemAvailable:    1410184 kB
Buffers:          104588 kB
Cached:          1193164 kB
MemTotal:        1844596 kB
MemFree:          127512 kB
MemAvailable:    1410076 kB
Buffers:          104588 kB
Cached:          1193164 kB
MemTotal:        1844596 kB
MemFree:          126296 kB
MemAvailable:    1408860 kB
Buffers:          104588 kB
Cached:          1193164 kB
MemTotal:        1844596 kB
MemFree:          127440 kB
MemAvailable:    1410004 kB
Buffers:          104588 kB
Cached:          1193164 kB
MemTotal:        1844596 kB
MemFree:          127484 kB
MemAvailable:    1410048 kB
Buffers:          104588 kB
Cached:          1193164 kB
MemTotal:        1844596 kB
MemFree:          127596 kB
MemAvailable:    1410160 kB
Buffers:          104588 kB
Cached:          1193164 kB
MemTotal:        1844596 kB
MemFree:          127548 kB
MemAvailable:    1410112 kB
Buffers:          104588 kB
Cached:          1193164 kB
MemTotal:        1844596 kB
MemFree:          127452 kB
MemAvailable:    1410016 kB
Buffers:          104588 kB
Cached:          1193164 kB
MemTotal:        1844596 kB
MemFree:          126988 kB
MemAvailable:    1409552 kB
Buffers:          104588 kB
Cached:          1193164 kB
MemTotal:        1844596 kB
MemFree:          126356 kB
MemAvailable:    1408920 kB
Buffers:          104588 kB
Cached:          1193164 kB
MemTotal:        1844596 kB
MemFree:          126348 kB
MemAvailable:    1408912 kB
Buffers:          104588 kB
Cached:          1193164 kB
MemTotal:        1844596 kB
MemFree:          127656 kB
MemAvailable:    1410220 kB
Buffers:          104588 kB
Cached:          1193164 kB
MemTotal:        1844596 kB
MemFree:          127476 kB
MemAvailable:    1410040 kB
Buffers:          104588 kB
Cached:          1193164 kB
MemTotal:        1844596 kB
MemFree:          127812 kB
MemAvailable:    1410376 kB
Buffers:          104588 kB
Cached:          1193164 kB
MemTotal:        1844596 kB
MemFree:          126320 kB
MemAvailable:    1408884 kB
Buffers:          104588 kB
Cached:          1193164 kB
MemTotal:        1844596 kB
MemFree:          126320 kB
MemAvailable:    1408884 kB
Buffers:          104588 kB
Cached:          1193164 kB
MemTotal:        1844596 kB
MemFree:          127596 kB
MemAvailable:    1410160 kB
Buffers:          104588 kB
Cached:          1193164 kB
MemTotal:        1844596 kB
MemFree:          127588 kB
MemAvailable:    1410152 kB
Buffers:          104588 kB
Cached:          1193164 kB
MemTotal:        1844596 kB
MemFree:          126100 kB
MemAvailable:    1408668 kB
Buffers:          104588 kB
Cached:          1193168 kB
MemTotal:        1844596 kB
MemFree:          127468 kB
MemAvailable:    1410040 kB
Buffers:          104588 kB
Cached:          1193172 kB
MemTotal:        1844596 kB
MemFree:          127720 kB
MemAvailable:    1410292 kB
Buffers:          104588 kB
Cached:          1193172 kB
MemTotal:        1844596 kB
MemFree:          126196 kB
MemAvailable:    1408768 kB
Buffers:          104588 kB
Cached:          1193172 kB
MemTotal:        1844596 kB
MemFree:          127468 kB
MemAvailable:    1410040 kB
Buffers:          104588 kB
Cached:          1193172 kB
MemTotal:        1844596 kB
MemFree:          127720 kB
MemAvailable:    1410292 kB
Buffers:          104588 kB
Cached:          1193172 kB
MemTotal:        1844596 kB
MemFree:          127596 kB
MemAvailable:    1410168 kB
Buffers:          104588 kB
Cached:          1193172 kB
MemTotal:        1844596 kB
MemFree:          127424 kB
MemAvailable:    1409996 kB
Buffers:          104588 kB
Cached:          1193172 kB
MemTotal:        1844596 kB
MemFree:          127520 kB
MemAvailable:    1410092 kB
Buffers:          104588 kB
Cached:          1193172 kB
MemTotal:        1844596 kB
MemFree:          127712 kB
MemAvailable:    1410284 kB
Buffers:          104588 kB
Cached:          1193172 kB
MemTotal:        1844596 kB
MemFree:          126240 kB
MemAvailable:    1408812 kB
Buffers:          104588 kB
Cached:          1193172 kB
MemTotal:        1844596 kB
MemFree:          127528 kB
MemAvailable:    1410100 kB
Buffers:          104588 kB
Cached:          1193172 kB
MemTotal:        1844596 kB
MemFree:          127344 kB
MemAvailable:    1409916 kB
Buffers:          104588 kB
Cached:          1193172 kB
MemTotal:        1844596 kB
MemFree:          127476 kB
MemAvailable:    1410048 kB
Buffers:          104588 kB
Cached:          1193172 kB
MemTotal:        1844596 kB
MemFree:          122460 kB
MemAvailable:    1405032 kB
Buffers:          104588 kB
Cached:          1193172 kB
MemTotal:        1844596 kB
MemFree:          119424 kB
MemAvailable:    1401996 kB
Buffers:          104588 kB
Cached:          1193172 kB
MemTotal:        1844596 kB
MemFree:          115192 kB
MemAvailable:    1397764 kB
Buffers:          104588 kB
Cached:          1193172 kB
MemTotal:        1844596 kB
MemFree:          114712 kB
MemAvailable:    1397284 kB
Buffers:          104588 kB
Cached:          1193172 kB
MemTotal:        1844596 kB
MemFree:          110548 kB
MemAvailable:    1393120 kB
Buffers:          104588 kB
Cached:          1193172 kB
MemTotal:        1844596 kB
MemFree:          110240 kB
MemAvailable:    1392812 kB
Buffers:          104588 kB
Cached:          1193172 kB
MemTotal:        1844596 kB
MemFree:          109760 kB
MemAvailable:    1392332 kB
Buffers:          104588 kB
Cached:          1193172 kB
MemTotal:        1844596 kB
MemFree:          110128 kB
MemAvailable:    1392700 kB
Buffers:          104588 kB
Cached:          1193172 kB
MemTotal:        1844596 kB
MemFree:          110004 kB
MemAvailable:    1392576 kB
Buffers:          104588 kB
Cached:          1193172 kB
MemTotal:        1844596 kB
MemFree:          108264 kB
MemAvailable:    1390712 kB
Buffers:          104588 kB
Cached:          1193172 kB
MemTotal:        1844596 kB
MemFree:          109072 kB
MemAvailable:    1391644 kB
Buffers:          104588 kB
Cached:          1193172 kB
MemTotal:        1844596 kB
MemFree:          109324 kB
MemAvailable:    1391896 kB
Buffers:          104588 kB
Cached:          1193172 kB
MemTotal:        1844596 kB
MemFree:          109136 kB
MemAvailable:    1391708 kB
Buffers:          104588 kB
Cached:          1193172 kB
MemTotal:        1844596 kB
MemFree:          109180 kB
MemAvailable:    1391752 kB
Buffers:          104588 kB
Cached:          1193172 kB
MemTotal:        1844596 kB
MemFree:          108388 kB
MemAvailable:    1390960 kB
Buffers:          104588 kB
Cached:          1193172 kB
MemTotal:        1844596 kB
MemFree:          109064 kB
MemAvailable:    1391636 kB
Buffers:          104588 kB
Cached:          1193172 kB
MemTotal:        1844596 kB
MemFree:          107512 kB
MemAvailable:    1390084 kB
Buffers:          104588 kB
Cached:          1193172 kB
MemTotal:        1844596 kB
MemFree:          107636 kB
MemAvailable:    1390208 kB
Buffers:          104588 kB
Cached:          1193172 kB
MemTotal:        1844596 kB
MemFree:          108620 kB
MemAvailable:    1391192 kB
Buffers:          104588 kB
Cached:          1193172 kB
MemTotal:        1844596 kB
MemFree:          108272 kB
MemAvailable:    1390844 kB
Buffers:          104588 kB
Cached:          1193172 kB
MemTotal:        1844596 kB
MemFree:          108140 kB
MemAvailable:    1390712 kB
Buffers:          104588 kB
Cached:          1193172 kB
MemTotal:        1844596 kB
MemFree:          107828 kB
MemAvailable:    1390400 kB
Buffers:          104588 kB
Cached:          1193172 kB
MemTotal:        1844596 kB
MemFree:          106520 kB
MemAvailable:    1389092 kB
Buffers:          104588 kB
Cached:          1193172 kB
MemTotal:        1844596 kB
MemFree:          107264 kB
MemAvailable:    1389836 kB
Buffers:          104588 kB
Cached:          1193172 kB
MemTotal:        1844596 kB
MemFree:          106092 kB
MemAvailable:    1388664 kB
Buffers:          104588 kB
Cached:          1193172 kB
MemTotal:        1844596 kB
MemFree:          106344 kB
MemAvailable:    1388916 kB
Buffers:          104588 kB
Cached:          1193172 kB
MemTotal:        1844596 kB
MemFree:          104860 kB
MemAvailable:    1387432 kB
Buffers:          104588 kB
Cached:          1193172 kB
MemTotal:        1844596 kB
MemFree:          105784 kB
MemAvailable:    1388356 kB
Buffers:          104588 kB
Cached:          1193172 kB
MemTotal:        1844596 kB
MemFree:          104852 kB
MemAvailable:    1387424 kB
Buffers:          104588 kB
Cached:          1193172 kB
MemTotal:        1844596 kB
MemFree:          102932 kB
MemAvailable:    1385504 kB
Buffers:          104588 kB
Cached:          1193172 kB
MemTotal:        1844596 kB
MemFree:          101932 kB
MemAvailable:    1384504 kB
Buffers:          104588 kB
Cached:          1193172 kB
MemTotal:        1844596 kB
MemFree:          103172 kB
MemAvailable:    1385744 kB
Buffers:          104588 kB
Cached:          1193172 kB
MemTotal:        1844596 kB
MemFree:          103256 kB
MemAvailable:    1385828 kB
Buffers:          104588 kB
Cached:          1193172 kB
MemTotal:        1844596 kB
MemFree:          103048 kB
MemAvailable:    1385620 kB
Buffers:          104588 kB
Cached:          1193172 kB
MemTotal:        1844596 kB
MemFree:          103300 kB
MemAvailable:    1385872 kB
Buffers:          104588 kB
Cached:          1193172 kB
MemTotal:        1844596 kB
MemFree:          103088 kB
MemAvailable:    1385660 kB
Buffers:          104588 kB
Cached:          1193172 kB
MemTotal:        1844596 kB
MemFree:          101776 kB
MemAvailable:    1384348 kB
Buffers:          104588 kB
Cached:          1193172 kB
MemTotal:        1844596 kB
MemFree:          102544 kB
MemAvailable:    1385116 kB
Buffers:          104588 kB
Cached:          1193172 kB
MemTotal:        1844596 kB
MemFree:          102436 kB
MemAvailable:    1385008 kB
Buffers:          104588 kB
Cached:          1193172 kB
MemTotal:        1844596 kB
MemFree:          101568 kB
MemAvailable:    1384140 kB
Buffers:          104588 kB
Cached:          1193172 kB
MemTotal:        1844596 kB
MemFree:          101736 kB
MemAvailable:    1384308 kB
Buffers:          104588 kB
Cached:          1193172 kB
MemTotal:        1844596 kB
MemFree:          100452 kB
MemAvailable:    1383024 kB
Buffers:          104588 kB
Cached:          1193172 kB
MemTotal:        1844596 kB
MemFree:          101584 kB
MemAvailable:    1384160 kB
Buffers:          104588 kB
Cached:          1193176 kB
MemTotal:        1844596 kB
MemFree:          100080 kB
MemAvailable:    1382656 kB
Buffers:          104588 kB
Cached:          1193176 kB
MemTotal:        1844596 kB
MemFree:          100072 kB
MemAvailable:    1382648 kB
Buffers:          104588 kB
Cached:          1193176 kB
MemTotal:        1844596 kB
MemFree:          101436 kB
MemAvailable:    1384012 kB
Buffers:          104588 kB
Cached:          1193176 kB
MemTotal:        1844596 kB
MemFree:          100204 kB
MemAvailable:    1382780 kB
Buffers:          104588 kB
Cached:          1193176 kB
MemTotal:        1844596 kB
MemFree:          101436 kB
MemAvailable:    1384012 kB
Buffers:          104588 kB
Cached:          1193176 kB
MemTotal:        1844596 kB
MemFree:          101408 kB
MemAvailable:    1383984 kB
Buffers:          104588 kB
Cached:          1193176 kB
MemTotal:        1844596 kB
MemFree:          101372 kB
MemAvailable:    1383948 kB
Buffers:          104588 kB
Cached:          1193176 kB
MemTotal:        1844596 kB
MemFree:          100156 kB
MemAvailable:    1382732 kB
Buffers:          104588 kB
Cached:          1193176 kB
MemTotal:        1844596 kB
MemFree:          100068 kB
MemAvailable:    1382644 kB
Buffers:          104588 kB
Cached:          1193176 kB
MemTotal:        1844596 kB
MemFree:          101488 kB
MemAvailable:    1384064 kB
Buffers:          104588 kB
Cached:          1193176 kB
MemTotal:        1844596 kB
MemFree:          101528 kB
MemAvailable:    1384104 kB
Buffers:          104588 kB
Cached:          1193176 kB
MemTotal:        1844596 kB
MemFree:          101180 kB
MemAvailable:    1383756 kB
Buffers:          104588 kB
Cached:          1193176 kB
MemTotal:        1844596 kB
MemFree:          101516 kB
MemAvailable:    1384092 kB
Buffers:          104588 kB
Cached:          1193176 kB
MemTotal:        1844596 kB
MemFree:          101432 kB
MemAvailable:    1384008 kB
Buffers:          104588 kB
Cached:          1193176 kB
MemTotal:        1844596 kB
MemFree:          100452 kB
MemAvailable:    1383028 kB
Buffers:          104588 kB
Cached:          1193176 kB
MemTotal:        1844596 kB
MemFree:          100328 kB
MemAvailable:    1382904 kB
Buffers:          104588 kB
Cached:          1193176 kB
MemTotal:        1844596 kB
MemFree:          100444 kB
MemAvailable:    1383020 kB
Buffers:          104588 kB
Cached:          1193176 kB
MemTotal:        1844596 kB
MemFree:          101304 kB
MemAvailable:    1383884 kB
Buffers:          104588 kB
Cached:          1193180 kB
MemTotal:        1844596 kB
MemFree:          101304 kB
MemAvailable:    1383884 kB
Buffers:          104588 kB
Cached:          1193180 kB
MemTotal:        1844596 kB
MemFree:          101492 kB
MemAvailable:    1384072 kB
Buffers:          104588 kB
Cached:          1193180 kB
MemTotal:        1844596 kB
MemFree:          100576 kB
MemAvailable:    1383156 kB
Buffers:          104588 kB
Cached:          1193180 kB
MemTotal:        1844596 kB
MemFree:          101176 kB
MemAvailable:    1383756 kB
Buffers:          104588 kB
Cached:          1193180 kB
MemTotal:        1844596 kB
MemFree:          101432 kB
MemAvailable:    1384012 kB
Buffers:          104588 kB
Cached:          1193180 kB
MemTotal:        1844596 kB
MemFree:          101224 kB
MemAvailable:    1383804 kB
Buffers:          104588 kB
Cached:          1193180 kB
MemTotal:        1844596 kB
MemFree:          101396 kB
MemAvailable:    1383976 kB
Buffers:          104588 kB
Cached:          1193180 kB
MemTotal:        1844596 kB
MemFree:          100068 kB
MemAvailable:    1382648 kB
Buffers:          104588 kB
Cached:          1193180 kB
MemTotal:        1844596 kB
MemFree:          100060 kB
MemAvailable:    1382640 kB
Buffers:          104588 kB
Cached:          1193180 kB
MemTotal:        1844596 kB
MemFree:          100144 kB
MemAvailable:    1382724 kB
Buffers:          104588 kB
Cached:          1193180 kB
MemTotal:        1844596 kB
MemFree:           99888 kB
MemAvailable:    1382468 kB
Buffers:          104588 kB
Cached:          1193180 kB
MemTotal:        1844596 kB
MemFree:          101240 kB
MemAvailable:    1383820 kB
Buffers:          104588 kB
Cached:          1193180 kB
MemTotal:        1844596 kB
MemFree:          101408 kB
MemAvailable:    1383988 kB
Buffers:          104588 kB
Cached:          1193180 kB
MemTotal:        1844596 kB
MemFree:          101252 kB
MemAvailable:    1383832 kB
Buffers:          104588 kB
Cached:          1193180 kB
MemTotal:        1844596 kB
MemFree:          100948 kB
MemAvailable:    1383528 kB
Buffers:          104588 kB
Cached:          1193180 kB
MemTotal:        1844596 kB
MemFree:          101192 kB
MemAvailable:    1383772 kB
Buffers:          104588 kB
Cached:          1193180 kB
MemTotal:        1844596 kB
MemFree:          101200 kB
MemAvailable:    1383780 kB
Buffers:          104588 kB
Cached:          1193180 kB
MemTotal:        1844596 kB
MemFree:          100148 kB
MemAvailable:    1382728 kB
Buffers:          104588 kB
Cached:          1193180 kB
MemTotal:        1844596 kB
MemFree:          101384 kB
MemAvailable:    1383964 kB
Buffers:          104588 kB
Cached:          1193180 kB
MemTotal:        1844596 kB
MemFree:          100692 kB
MemAvailable:    1383272 kB
Buffers:          104588 kB
Cached:          1193180 kB
MemTotal:        1844596 kB
MemFree:          101180 kB
MemAvailable:    1383760 kB
Buffers:          104588 kB
Cached:          1193180 kB
MemTotal:        1844596 kB
MemFree:          100948 kB
MemAvailable:    1383528 kB
Buffers:          104588 kB
Cached:          1193180 kB
MemTotal:        1844596 kB
MemFree:           98468 kB
MemAvailable:    1381048 kB
Buffers:          104588 kB
Cached:          1193180 kB
MemTotal:        1844596 kB
MemFree:           95120 kB
MemAvailable:    1377700 kB
Buffers:          104588 kB
Cached:          1193180 kB
MemTotal:        1844596 kB
MemFree:           94492 kB
MemAvailable:    1377072 kB
Buffers:          104588 kB
Cached:          1193180 kB
MemTotal:        1844596 kB
MemFree:           88904 kB
MemAvailable:    1371484 kB
Buffers:          104588 kB
Cached:          1193180 kB
MemTotal:        1844596 kB
MemFree:           88176 kB
MemAvailable:    1370756 kB
Buffers:          104588 kB
Cached:          1193180 kB
MemTotal:        1844596 kB
MemFree:           85252 kB
MemAvailable:    1367832 kB
Buffers:          104588 kB
Cached:          1193180 kB
MemTotal:        1844596 kB
MemFree:           81340 kB
MemAvailable:    1363920 kB
Buffers:          104588 kB
Cached:          1193180 kB
MemTotal:        1844596 kB
MemFree:           80860 kB
MemAvailable:    1363440 kB
Buffers:          104588 kB
Cached:          1193180 kB
MemTotal:        1844596 kB
MemFree:           81700 kB
MemAvailable:    1364280 kB
Buffers:          104588 kB
Cached:          1193180 kB
MemTotal:        1844596 kB
MemFree:           81952 kB
MemAvailable:    1364532 kB
Buffers:          104588 kB
Cached:          1193180 kB
MemTotal:        1844596 kB
MemFree:           81888 kB
MemAvailable:    1364468 kB
Buffers:          104588 kB
Cached:          1193180 kB
MemTotal:        1844596 kB
MemFree:           81604 kB
MemAvailable:    1364184 kB
Buffers:          104588 kB
Cached:          1193180 kB
MemTotal:        1844596 kB
MemFree:           81792 kB
MemAvailable:    1364372 kB
Buffers:          104588 kB
Cached:          1193180 kB
MemTotal:        1844596 kB
MemFree:           82044 kB
MemAvailable:    1364624 kB
Buffers:          104588 kB
Cached:          1193180 kB
MemTotal:        1844596 kB
MemFree:           81804 kB
MemAvailable:    1364384 kB
Buffers:          104588 kB
Cached:          1193180 kB
MemTotal:        1844596 kB
MemFree:           80724 kB
MemAvailable:    1363304 kB
Buffers:          104588 kB
Cached:          1193180 kB
MemTotal:        1844596 kB
MemFree:           80724 kB
MemAvailable:    1363304 kB
Buffers:          104588 kB
Cached:          1193180 kB
MemTotal:        1844596 kB
MemFree:           81900 kB
MemAvailable:    1364480 kB
Buffers:          104588 kB
Cached:          1193180 kB
MemTotal:        1844596 kB
MemFree:           81108 kB
MemAvailable:    1363688 kB
Buffers:          104588 kB
Cached:          1193180 kB
MemTotal:        1844596 kB
MemFree:           81576 kB
MemAvailable:    1364156 kB
Buffers:          104588 kB
Cached:          1193180 kB
MemTotal:        1844596 kB
MemFree:           81912 kB
MemAvailable:    1364492 kB
Buffers:          104588 kB
Cached:          1193180 kB
MemTotal:        1844596 kB
MemFree:           80428 kB
MemAvailable:    1363008 kB
Buffers:          104588 kB
Cached:          1193180 kB
MemTotal:        1844596 kB
MemFree:           81784 kB
MemAvailable:    1364364 kB
Buffers:          104588 kB
Cached:          1193180 kB
MemTotal:        1844596 kB
MemFree:           81404 kB
MemAvailable:    1363984 kB
Buffers:          104588 kB
Cached:          1193180 kB
MemTotal:        1844596 kB
MemFree:           81656 kB
MemAvailable:    1364236 kB
Buffers:          104588 kB
Cached:          1193180 kB
MemTotal:        1844596 kB
MemFree:           81464 kB
MemAvailable:    1364044 kB
Buffers:          104588 kB
Cached:          1193180 kB
MemTotal:        1844596 kB
MemFree:           80812 kB
MemAvailable:    1363392 kB
Buffers:          104588 kB
Cached:          1193180 kB
MemTotal:        1844596 kB
MemFree:           81516 kB
MemAvailable:    1364096 kB
Buffers:          104588 kB
Cached:          1193180 kB
MemTotal:        1844596 kB
MemFree:           81516 kB
MemAvailable:    1364096 kB
Buffers:          104588 kB
Cached:          1193180 kB
MemTotal:        1844596 kB
MemFree:           81288 kB
MemAvailable:    1363868 kB
Buffers:          104588 kB
Cached:          1193180 kB
MemTotal:        1844596 kB
MemFree:           81052 kB
MemAvailable:    1363632 kB
Buffers:          104588 kB
Cached:          1193180 kB
MemTotal:        1844596 kB
MemFree:           81232 kB
MemAvailable:    1363812 kB
Buffers:          104588 kB
Cached:          1193180 kB
MemTotal:        1844596 kB
MemFree:           80836 kB
MemAvailable:    1363416 kB
Buffers:          104588 kB
Cached:          1193180 kB
MemTotal:        1844596 kB
MemFree:           80364 kB
MemAvailable:    1362944 kB
Buffers:          104588 kB
Cached:          1193180 kB
MemTotal:        1844596 kB
MemFree:           79440 kB
MemAvailable:    1362020 kB
Buffers:          104588 kB
Cached:          1193180 kB
MemTotal:        1844596 kB
MemFree:           73728 kB
MemAvailable:    1356308 kB
Buffers:          104588 kB
Cached:          1193180 kB
MemTotal:        1844596 kB
MemFree:           71172 kB
MemAvailable:    1353752 kB
Buffers:          104588 kB
Cached:          1193180 kB
MemTotal:        1844596 kB
MemFree:           71996 kB
MemAvailable:    1354576 kB
Buffers:          104588 kB
Cached:          1193180 kB
MemTotal:        1844596 kB
MemFree:           71604 kB
MemAvailable:    1354184 kB
Buffers:          104588 kB
Cached:          1193180 kB
MemTotal:        1844596 kB
MemFree:           70296 kB
MemAvailable:    1352876 kB
Buffers:          104588 kB
Cached:          1193180 kB
MemTotal:        1844596 kB
MemFree:           70180 kB
MemAvailable:    1352760 kB
Buffers:          104588 kB
Cached:          1193180 kB
MemTotal:        1844596 kB
MemFree:           70304 kB
MemAvailable:    1352884 kB
Buffers:          104588 kB
Cached:          1193180 kB
MemTotal:        1844596 kB
MemFree:           71404 kB
MemAvailable:    1353984 kB
Buffers:          104588 kB
Cached:          1193180 kB
MemTotal:        1844596 kB
MemFree:           71404 kB
MemAvailable:    1353984 kB
Buffers:          104588 kB
Cached:          1193180 kB
MemTotal:        1844596 kB
MemFree:           71524 kB
MemAvailable:    1354104 kB
Buffers:          104592 kB
Cached:          1193176 kB
MemTotal:        1844596 kB
MemFree:           71336 kB
MemAvailable:    1354084 kB
Buffers:          104592 kB
Cached:          1193300 kB
MemTotal:        1844596 kB
MemFree:           71180 kB
MemAvailable:    1354096 kB
Buffers:          104592 kB
Cached:          1193548 kB
MemTotal:        1844596 kB
MemFree:           71180 kB
MemAvailable:    1354096 kB
Buffers:          104592 kB
Cached:          1193548 kB
MemTotal:        1844596 kB
MemFree:           70800 kB
MemAvailable:    1353884 kB
Buffers:          104592 kB
Cached:          1193672 kB
MemTotal:        1844596 kB
MemFree:           71136 kB
MemAvailable:    1354220 kB
Buffers:          104592 kB
Cached:          1193672 kB
MemTotal:        1844596 kB
MemFree:           70668 kB
MemAvailable:    1353836 kB
Buffers:          104592 kB
Cached:          1193796 kB
MemTotal:        1844596 kB
MemFree:           70752 kB
MemAvailable:    1353920 kB
Buffers:          104592 kB
Cached:          1193796 kB
MemTotal:        1844596 kB
MemFree:           69576 kB
MemAvailable:    1352796 kB
Buffers:          104592 kB
Cached:          1193864 kB
MemTotal:        1844596 kB
MemFree:           69536 kB
MemAvailable:    1352756 kB
Buffers:          104592 kB
Cached:          1193864 kB
MemTotal:        1844596 kB
MemFree:           69908 kB
MemAvailable:    1353128 kB
Buffers:          104592 kB
Cached:          1193864 kB
MemTotal:        1844596 kB
MemFree:           69652 kB
MemAvailable:    1352872 kB
Buffers:          104592 kB
Cached:          1193864 kB
MemTotal:        1844596 kB
MemFree:           70760 kB
MemAvailable:    1353980 kB
Buffers:          104592 kB
Cached:          1193864 kB
MemTotal:        1844596 kB
MemFree:           71012 kB
MemAvailable:    1354232 kB
Buffers:          104592 kB
Cached:          1193864 kB
MemTotal:        1844596 kB
MemFree:           69520 kB
MemAvailable:    1352824 kB
Buffers:          104592 kB
Cached:          1193988 kB
MemTotal:        1844596 kB
MemFree:           70692 kB
MemAvailable:    1353324 kB
Buffers:          104592 kB
Cached:          1193232 kB
MemTotal:        1844596 kB
MemFree:           69320 kB
MemAvailable:    1352000 kB
Buffers:          104592 kB
Cached:          1193232 kB
MemTotal:        1844596 kB
MemFree:          226500 kB
MemAvailable:    1509180 kB
Buffers:          104592 kB
Cached:          1193232 kB
MemTotal:        1844596 kB
MemFree:          113676 kB
MemAvailable:    1396440 kB
Buffers:          104592 kB
Cached:          1193232 kB
