MemTotal:        1844596 kB
MemFree:          701096 kB
MemAvailable:    1547472 kB
Buffers:           89400 kB
Cached:           780760 kB
MemTotal:        1844596 kB
MemFree:          673344 kB
MemAvailable:    1519728 kB
Buffers:           89400 kB
Cached:           780764 kB
MemTotal:        1844596 kB
MemFree:          671832 kB
MemAvailable:    1518216 kB
Buffers:           89400 kB
Cached:           780764 kB
MemTotal:        1844596 kB
MemFree:          671228 kB
MemAvailable:    1517612 kB
Buffers:           89400 kB
Cached:           780764 kB
MemTotal:        1844596 kB
MemFree:          669924 kB
MemAvailable:    1516308 kB
Buffers:           89400 kB
Cached:           780764 kB
MemTotal:        1844596 kB
MemFree:          669760 kB
MemAvailable:    1516144 kB
Buffers:           89400 kB
Cached:           780764 kB
MemTotal:        1844596 kB
MemFree:          668764 kB
MemAvailable:    1515148 kB
Buffers:           89400 kB
Cached:           780764 kB
MemTotal:        1844596 kB
MemFree:          666764 kB
MemAvailable:    1513148 kB
Buffers:           89400 kB
Cached:           780764 kB
MemTotal:        1844596 kB
MemFree:          666532 kB
MemAvailable:    1512916 kB
Buffers:           89400 kB
Cached:           780764 kB
MemTotal:        1844596 kB
MemFree:          663476 kB
MemAvailable:    1509860 kB
Buffers:           89400 kB
Cached:           780764 kB
MemTotal:        1844596 kB
MemFree:          661192 kB
MemAvailable:    1507576 kB
Buffers:           89400 kB
Cached:           780764 kB
MemTotal:        1844596 kB
MemFree:          658648 kB
MemAvailable:    1505032 kB
Buffers:           89400 kB
Cached:           780764 kB
MemTotal:        1844596 kB
MemFree:          661184 kB
MemAvailable:    1507568 kB
Buffers:           89400 kB
Cached:           780764 kB
MemTotal:        1844596 kB
MemFree:          661184 kB
MemAvailable:    1507568 kB
Buffers:           89400 kB
Cached:           780764 kB
MemTotal:        1844596 kB
MemFree:          661012 kB
MemAvailable:    1507396 kB
Buffers:           89400 kB
Cached:           780764 kB
MemTotal:        1844596 kB
MemFree:          660076 kB
MemAvailable:    1506460 kB
Buffers:           89400 kB
Cached:           780764 kB
MemTotal:        1844596 kB
MemFree:          660872 kB
MemAvailable:    1507256 kB
Buffers:           89400 kB
Cached:           780764 kB
MemTotal:        1844596 kB
MemFree:          660548 kB
MemAvailable:    1506932 kB
Buffers:           89400 kB
Cached:           780764 kB
MemTotal:        1844596 kB
MemFree:          660548 kB
MemAvailable:    1506932 kB
Buffers:           89400 kB
Cached:           780764 kB
MemTotal:        1844596 kB
MemFree:          660740 kB
MemAvailable:    1507124 kB
Buffers:           89400 kB
Cached:           780764 kB
MemTotal:        1844596 kB
MemFree:          659168 kB
MemAvailable:    1505552 kB
Buffers:           89400 kB
Cached:           780764 kB
MemTotal:        1844596 kB
MemFree:          659580 kB
MemAvailable:    1505964 kB
Buffers:           89400 kB
Cached:           780764 kB
MemTotal:        1844596 kB
MemFree:          660756 kB
MemAvailable:    1507144 kB
Buffers:           89400 kB
Cached:           780764 kB
MemTotal:        1844596 kB
MemFree:          659456 kB
MemAvailable:    1505844 kB
Buffers:           89400 kB
Cached:           780764 kB
MemTotal:        1844596 kB
MemFree:          659704 kB
MemAvailable:    1506092 kB
Buffers:           89400 kB
Cached:           780764 kB
MemTotal:        1844596 kB
MemFree:          659820 kB
MemAvailable:    1506208 kB
Buffers:           89400 kB
Cached:           780764 kB
MemTotal:        1844596 kB
MemFree:          659820 kB
MemAvailable:    1506208 kB
Buffers:           89400 kB
Cached:           780764 kB
MemTotal:        1844596 kB
MemFree:          658332 kB
MemAvailable:    1504720 kB
Buffers:           89400 kB
Cached:           780764 kB
MemTotal:        1844596 kB
MemFree:          659508 kB
MemAvailable:    1505896 kB
Buffers:           89400 kB
Cached:           780764 kB
MemTotal:        1844596 kB
MemFree:          659268 kB
MemAvailable:    1505656 kB
Buffers:           89400 kB
Cached:           780764 kB
MemTotal:        1844596 kB
MemFree:          659268 kB
MemAvailable:    1505656 kB
Buffers:           89400 kB
Cached:           780764 kB
MemTotal:        1844596 kB
MemFree:          658448 kB
MemAvailable:    1504836 kB
Buffers:           89400 kB
Cached:           780764 kB
MemTotal:        1844596 kB
MemFree:          658532 kB
MemAvailable:    1504920 kB
Buffers:           89400 kB
Cached:           780764 kB
MemTotal:        1844596 kB
MemFree:          656960 kB
MemAvailable:    1503348 kB
Buffers:           89400 kB
Cached:           780764 kB
MemTotal:        1844596 kB
MemFree:          657332 kB
MemAvailable:    1503720 kB
Buffers:           89400 kB
Cached:           780764 kB
MemTotal:        1844596 kB
MemFree:          658192 kB
MemAvailable:    1504580 kB
Buffers:           89400 kB
Cached:           780764 kB
MemTotal:        1844596 kB
MemFree:          658276 kB
MemAvailable:    1504664 kB
Buffers:           89400 kB
Cached:           780764 kB
MemTotal:        1844596 kB
MemFree:          658084 kB
MemAvailable:    1504472 kB
Buffers:           89400 kB
Cached:           780764 kB
MemTotal:        1844596 kB
MemFree:          658084 kB
MemAvailable:    1504472 kB
Buffers:           89400 kB
Cached:           780764 kB
MemTotal:        1844596 kB
MemFree:          658044 kB
MemAvailable:    1504432 kB
Buffers:           89400 kB
Cached:           780764 kB
MemTotal:        1844596 kB
MemFree:          656924 kB
MemAvailable:    1503312 kB
Buffers:           89400 kB
Cached:           780764 kB
MemTotal:        1844596 kB
MemFree:          657908 kB
MemAvailable:    1504296 kB
Buffers:           89400 kB
Cached:           780764 kB
MemTotal:        1844596 kB
MemFree:          654372 kB
MemAvailable:    1500760 kB
Buffers:           89400 kB
Cached:           780764 kB
MemTotal:        1844596 kB
MemFree:          652868 kB
MemAvailable:    1499256 kB
Buffers:           89400 kB
Cached:           780764 kB
MemTotal:        1844596 kB
MemFree:          652636 kB
MemAvailable:    1499024 kB
Buffers:           89400 kB
Cached:           780764 kB
MemTotal:        1844596 kB
MemFree:          652692 kB
MemAvailable:    1499080 kB
Buffers:           89400 kB
Cached:           780764 kB
MemTotal:        1844596 kB
MemFree:          652860 kB
MemAvailable:    1499248 kB
Buffers:           89400 kB
Cached:           780764 kB
MemTotal:        1844596 kB
MemFree:          651500 kB
MemAvailable:    1497888 kB
Buffers:           89400 kB
Cached:           780764 kB
MemTotal:        1844596 kB
MemFree:          651768 kB
MemAvailable:    1498160 kB
Buffers:           89400 kB
Cached:           780768 kB
MemTotal:        1844596 kB
MemFree:          652440 kB
MemAvailable:    1498832 kB
Buffers:           89400 kB
Cached:           780768 kB
MemTotal:        1844596 kB
MemFree:          651264 kB
MemAvailable:    1497656 kB
Buffers:           89400 kB
Cached:           780768 kB
MemTotal:        1844596 kB
MemFree:          651132 kB
MemAvailable:    1497524 kB
Buffers:           89400 kB
Cached:           780768 kB
MemTotal:        1844596 kB
MemFree:          652248 kB
MemAvailable:    1498640 kB
Buffers:           89400 kB
Cached:           780768 kB
MemTotal:        1844596 kB
MemFree:          652504 kB
MemAvailable:    1498896 kB
Buffers:           89400 kB
Cached:           780768 kB
MemTotal:        1844596 kB
MemFree:          651140 kB
MemAvailable:    1497532 kB
Buffers:           89400 kB
Cached:           780768 kB
MemTotal:        1844596 kB
MemFree:          651272 kB
MemAvailable:    1497664 kB
Buffers:           89400 kB
Cached:           780768 kB
MemTotal:        1844596 kB
MemFree:          652388 kB
MemAvailable:    1498780 kB
Buffers:           89400 kB
Cached:           780768 kB
MemTotal:        1844596 kB
MemFree:          651272 kB
MemAvailable:    1497664 kB
Buffers:           89400 kB
Cached:           780768 kB
MemTotal:        1844596 kB
MemFree:          652336 kB
MemAvailable:    1498728 kB
Buffers:           89400 kB
Cached:           780768 kB
MemTotal:        1844596 kB
MemFree:          651008 kB
MemAvailable:    1497400 kB
Buffers:           89400 kB
Cached:           780768 kB
MemTotal:        1844596 kB
MemFree:          650972 kB
MemAvailable:    1497364 kB
Buffers:           89400 kB
Cached:           780768 kB
MemTotal:        1844596 kB
MemFree:          646684 kB
MemAvailable:    1493076 kB
Buffers:           89400 kB
Cached:           780768 kB
MemTotal:        1844596 kB
MemFree:          646048 kB
MemAvailable:    1492440 kB
Buffers:           89400 kB
Cached:           780768 kB
MemTotal:        1844596 kB
MemFree:          646132 kB
MemAvailable:    1492524 kB
Buffers:           89400 kB
Cached:           780768 kB
MemTotal:        1844596 kB
MemFree:          645884 kB
MemAvailable:    1492276 kB
Buffers:           89400 kB
Cached:           780768 kB
MemTotal:        1844596 kB
MemFree:          643460 kB
MemAvailable:    1489852 kB
Buffers:           89400 kB
Cached:           780768 kB
MemTotal:        1844596 kB
MemFree:          644272 kB
MemAvailable:    1490664 kB
Buffers:           89400 kB
Cached:           780768 kB
MemTotal:        1844596 kB
MemFree:          643692 kB
MemAvailable:    1490084 kB
Buffers:           89400 kB
Cached:           780768 kB
MemTotal:        1844596 kB
MemFree:          643776 kB
MemAvailable:    1490168 kB
Buffers:           89400 kB
Cached:           780768 kB
MemTotal:        1844596 kB
MemFree:          642540 kB
MemAvailable:    1488932 kB
Buffers:           89400 kB
Cached:           780768 kB
MemTotal:        1844596 kB
MemFree:          643772 kB
MemAvailable:    1490164 kB
Buffers:           89400 kB
Cached:           780768 kB
MemTotal:        1844596 kB
MemFree:          643524 kB
MemAvailable:    1489916 kB
Buffers:           89400 kB
Cached:           780768 kB
MemTotal:        1844596 kB
MemFree:          643524 kB
MemAvailable:    1489916 kB
Buffers:           89400 kB
Cached:           780768 kB
MemTotal:        1844596 kB
MemFree:          643516 kB
MemAvailable:    1489908 kB
Buffers:           89400 kB
Cached:           780768 kB
MemTotal:        1844596 kB
MemFree:          643516 kB
MemAvailable:    1489908 kB
Buffers:           89400 kB
Cached:           780768 kB
MemTotal:        1844596 kB
MemFree:          643464 kB
MemAvailable:    1489856 kB
Buffers:           89400 kB
Cached:           780768 kB
MemTotal:        1844596 kB
MemFree:          643592 kB
MemAvailable:    1489984 kB
Buffers:           89400 kB
Cached:           780768 kB
MemTotal:        1844596 kB
MemFree:          643444 kB
MemAvailable:    1489836 kB
Buffers:           89400 kB
Cached:           780768 kB
MemTotal:        1844596 kB
MemFree:          643528 kB
MemAvailable:    1489920 kB
Buffers:           89400 kB
Cached:           780768 kB
MemTotal:        1844596 kB
MemFree:          643404 kB
MemAvailable:    1489796 kB
Buffers:           89400 kB
Cached:           780768 kB
MemTotal:        1844596 kB
MemFree:          643460 kB
MemAvailable:    1489852 kB
Buffers:           89400 kB
Cached:           780768 kB
MemTotal:        1844596 kB
MemFree:          641900 kB
MemAvailable:    1488292 kB
Buffers:           89400 kB
Cached:           780768 kB
MemTotal:        1844596 kB
MemFree:          643092 kB
MemAvailable:    1489484 kB
Buffers:           89400 kB
Cached:           780768 kB
MemTotal:        1844596 kB
MemFree:          643176 kB
MemAvailable:    1489568 kB
Buffers:           89400 kB
Cached:           780768 kB
MemTotal:        1844596 kB
MemFree:          643204 kB
MemAvailable:    1489596 kB
Buffers:           89400 kB
Cached:           780768 kB
MemTotal:        1844596 kB
MemFree:          642064 kB
MemAvailable:    1488456 kB
Buffers:           89400 kB
Cached:           780768 kB
MemTotal:        1844596 kB
MemFree:          643048 kB
MemAvailable:    1489440 kB
Buffers:           89400 kB
Cached:           780768 kB
MemTotal:        1844596 kB
MemFree:          641344 kB
MemAvailable:    1487736 kB
Buffers:           89400 kB
Cached:           780768 kB
MemTotal:        1844596 kB
MemFree:          640856 kB
MemAvailable:    1487248 kB
Buffers:           89400 kB
Cached:           780768 kB
MemTotal:        1844596 kB
MemFree:          635392 kB
MemAvailable:    1481784 kB
Buffers:           89400 kB
Cached:           780768 kB
MemTotal:        1844596 kB
MemFree:          635028 kB
MemAvailable:    1481420 kB
Buffers:           89400 kB
Cached:           780768 kB
MemTotal:        1844596 kB
MemFree:          635016 kB
MemAvailable:    1481408 kB
Buffers:           89400 kB
Cached:           780768 kB
MemTotal:        1844596 kB
MemFree:          634904 kB
MemAvailable:    1481296 kB
Buffers:           89400 kB
Cached:           780768 kB
MemTotal:        1844596 kB
MemFree:          635024 kB
MemAvailable:    1481416 kB
Buffers:           89400 kB
Cached:           780768 kB
MemTotal:        1844596 kB
MemFree:          634568 kB
MemAvailable:    1480960 kB
Buffers:           89400 kB
Cached:           780768 kB
MemTotal:        1844596 kB
MemFree:          634904 kB
MemAvailable:    1481296 kB
Buffers:           89400 kB
Cached:           780768 kB
MemTotal:        1844596 kB
MemFree:          634444 kB
MemAvailable:    1480836 kB
Buffers:           89400 kB
Cached:           780768 kB
MemTotal:        1844596 kB
MemFree:          634444 kB
MemAvailable:    1480836 kB
Buffers:           89400 kB
Cached:           780768 kB
MemTotal:        1844596 kB
MemFree:          634484 kB
MemAvailable:    1480876 kB
Buffers:           89400 kB
Cached:           780768 kB
MemTotal:        1844596 kB
MemFree:          633364 kB
MemAvailable:    1479756 kB
Buffers:           89400 kB
Cached:           780768 kB
MemTotal:        1844596 kB
MemFree:          633788 kB
MemAvailable:    1480180 kB
Buffers:           89400 kB
Cached:           780768 kB
MemTotal:        1844596 kB
MemFree:          634904 kB
MemAvailable:    1481300 kB
Buffers:           89400 kB
Cached:           780772 kB
MemTotal:        1844596 kB
MemFree:          634708 kB
MemAvailable:    1481104 kB
Buffers:           89400 kB
Cached:           780772 kB
MemTotal:        1844596 kB
MemFree:          634536 kB
MemAvailable:    1480932 kB
Buffers:           89400 kB
Cached:           780772 kB
MemTotal:        1844596 kB
MemFree:          634404 kB
MemAvailable:    1480800 kB
Buffers:           89400 kB
Cached:           780772 kB
MemTotal:        1844596 kB
MemFree:          634328 kB
MemAvailable:    1480724 kB
Buffers:           89400 kB
Cached:           780772 kB
MemTotal:        1844596 kB
MemFree:          634580 kB
MemAvailable:    1480976 kB
Buffers:           89400 kB
Cached:           780772 kB
MemTotal:        1844596 kB
MemFree:          634476 kB
MemAvailable:    1480872 kB
Buffers:           89400 kB
Cached:           780772 kB
MemTotal:        1844596 kB
MemFree:          634656 kB
MemAvailable:    1481052 kB
Buffers:           89400 kB
Cached:           780772 kB
MemTotal:        1844596 kB
MemFree:          634508 kB
MemAvailable:    1480904 kB
Buffers:           89400 kB
Cached:           780772 kB
MemTotal:        1844596 kB
MemFree:          634532 kB
MemAvailable:    1480928 kB
Buffers:           89400 kB
Cached:           780772 kB
MemTotal:        1844596 kB
MemFree:          634392 kB
MemAvailable:    1480788 kB
Buffers:           89400 kB
Cached:           780772 kB
MemTotal:        1844596 kB
MemFree:          634728 kB
MemAvailable:    1481124 kB
Buffers:           89400 kB
Cached:           780772 kB
MemTotal:        1844596 kB
MemFree:          633244 kB
MemAvailable:    1479640 kB
Buffers:           89400 kB
Cached:           780772 kB
MemTotal:        1844596 kB
MemFree:          634028 kB
MemAvailable:    1480424 kB
Buffers:           89400 kB
Cached:           780772 kB
MemTotal:        1844596 kB
MemFree:          634332 kB
MemAvailable:    1480728 kB
Buffers:           89400 kB
Cached:           780772 kB
MemTotal:        1844596 kB
MemFree:          634668 kB
MemAvailable:    1481064 kB
Buffers:           89400 kB
Cached:           780772 kB
MemTotal:        1844596 kB
MemFree:          633224 kB
MemAvailable:    1479620 kB
Buffers:           89400 kB
Cached:           780772 kB
MemTotal:        1844596 kB
MemFree:          634500 kB
MemAvailable:    1480896 kB
Buffers:           89400 kB
Cached:           780772 kB
MemTotal:        1844596 kB
MemFree:          634752 kB
MemAvailable:    1481148 kB
Buffers:           89400 kB
Cached:           780772 kB
MemTotal:        1844596 kB
MemFree:          634640 kB
MemAvailable:    1481036 kB
Buffers:           89400 kB
Cached:           780772 kB
MemTotal:        1844596 kB
MemFree:          634484 kB
MemAvailable:    1480880 kB
Buffers:           89400 kB
Cached:           780772 kB
MemTotal:        1844596 kB
MemFree:          633360 kB
MemAvailable:    1479756 kB
Buffers:           89400 kB
Cached:           780772 kB
MemTotal:        1844596 kB
MemFree:          634412 kB
MemAvailable:    1480808 kB
Buffers:           89400 kB
Cached:           780772 kB
MemTotal:        1844596 kB
MemFree:          634468 kB
MemAvailable:    1480864 kB
Buffers:           89400 kB
Cached:           780772 kB
MemTotal:        1844596 kB
MemFree:          634592 kB
MemAvailable:    1480988 kB
Buffers:           89400 kB
Cached:           780772 kB
MemTotal:        1844596 kB
MemFree:          634436 kB
MemAvailable:    1480832 kB
Buffers:           89400 kB
Cached:           780772 kB
MemTotal:        1844596 kB
MemFree:          634436 kB
MemAvailable:    1480832 kB
Buffers:           89400 kB
Cached:           780772 kB
MemTotal:        1844596 kB
MemFree:          632548 kB
MemAvailable:    1478952 kB
Buffers:           89400 kB
Cached:           780780 kB
MemTotal:        1844596 kB
MemFree:          629880 kB
MemAvailable:    1476284 kB
Buffers:           89400 kB
Cached:           780780 kB
MemTotal:        1844596 kB
MemFree:          627472 kB
MemAvailable:    1473876 kB
Buffers:           89400 kB
Cached:           780780 kB
MemTotal:        1844596 kB
MemFree:          624100 kB
MemAvailable:    1470504 kB
Buffers:           89400 kB
Cached:           780780 kB
MemTotal:        1844596 kB
MemFree:          624100 kB
MemAvailable:    1470504 kB
Buffers:           89400 kB
Cached:           780780 kB
MemTotal:        1844596 kB
MemFree:          622488 kB
MemAvailable:    1468892 kB
Buffers:           89400 kB
Cached:           780780 kB
MemTotal:        1844596 kB
MemFree:          623788 kB
MemAvailable:    1470192 kB
Buffers:           89400 kB
Cached:           780780 kB
MemTotal:        1844596 kB
MemFree:          622760 kB
MemAvailable:    1469164 kB
Buffers:           89400 kB
Cached:           780780 kB
MemTotal:        1844596 kB
MemFree:          623744 kB
MemAvailable:    1470148 kB
Buffers:           89400 kB
Cached:           780780 kB
MemTotal:        1844596 kB
MemFree:          623480 kB
MemAvailable:    1469884 kB
Buffers:           89400 kB
Cached:           780780 kB
MemTotal:        1844596 kB
MemFree:          623816 kB
MemAvailable:    1470220 kB
Buffers:           89400 kB
Cached:           780780 kB
MemTotal:        1844596 kB
MemFree:          623828 kB
MemAvailable:    1470232 kB
Buffers:           89400 kB
Cached:           780780 kB
MemTotal:        1844596 kB
MemFree:          623604 kB
MemAvailable:    1470008 kB
Buffers:           89400 kB
Cached:           780780 kB
MemTotal:        1844596 kB
MemFree:          623856 kB
MemAvailable:    1470260 kB
Buffers:           89400 kB
Cached:           780780 kB
MemTotal:        1844596 kB
MemFree:          623900 kB
MemAvailable:    1470304 kB
Buffers:           89400 kB
Cached:           780780 kB
MemTotal:        1844596 kB
MemFree:          623588 kB
MemAvailable:    1469992 kB
Buffers:           89400 kB
Cached:           780780 kB
MemTotal:        1844596 kB
MemFree:          623840 kB
MemAvailable:    1470244 kB
Buffers:           89400 kB
Cached:           780780 kB
MemTotal:        1844596 kB
MemFree:          622324 kB
MemAvailable:    1468728 kB
Buffers:           89400 kB
Cached:           780780 kB
MemTotal:        1844596 kB
MemFree:          623808 kB
MemAvailable:    1470212 kB
Buffers:           89400 kB
Cached:           780780 kB
MemTotal:        1844596 kB
MemFree:          623564 kB
MemAvailable:    1469968 kB
Buffers:           89400 kB
Cached:           780780 kB
MemTotal:        1844596 kB
MemFree:          622444 kB
MemAvailable:    1468848 kB
Buffers:           89400 kB
Cached:           780780 kB
MemTotal:        1844596 kB
MemFree:          622684 kB
MemAvailable:    1469088 kB
Buffers:           89400 kB
Cached:           780780 kB
MemTotal:        1844596 kB
MemFree:          622444 kB
MemAvailable:    1468848 kB
Buffers:           89400 kB
Cached:           780780 kB
MemTotal:        1844596 kB
MemFree:          622436 kB
MemAvailable:    1468840 kB
Buffers:           89400 kB
Cached:           780780 kB
MemTotal:        1844596 kB
MemFree:          623808 kB
MemAvailable:    1470212 kB
Buffers:           89400 kB
Cached:           780780 kB
MemTotal:        1844596 kB
MemFree:          623540 kB
MemAvailable:    1469944 kB
Buffers:           89400 kB
Cached:           780780 kB
MemTotal:        1844596 kB
MemFree:          622556 kB
MemAvailable:    1468960 kB
Buffers:           89400 kB
Cached:           780780 kB
MemTotal:        1844596 kB
MemFree:          623644 kB
MemAvailable:    1470048 kB
Buffers:           89400 kB
Cached:           780780 kB
MemTotal:        1844596 kB
MemFree:          623480 kB
MemAvailable:    1469884 kB
Buffers:           89400 kB
Cached:           780780 kB
MemTotal:        1844596 kB
MemFree:          623732 kB
MemAvailable:    1470136 kB
Buffers:           89400 kB
Cached:           780780 kB
MemTotal:        1844596 kB
MemFree:          622332 kB
MemAvailable:    1468736 kB
Buffers:           89400 kB
Cached:           780780 kB
MemTotal:        1844596 kB
MemFree:          622332 kB
MemAvailable:    1468736 kB
Buffers:           89400 kB
Cached:           780780 kB
MemTotal:        1844596 kB
MemFree:          622580 kB
MemAvailable:    1468984 kB
Buffers:           89400 kB
Cached:           780780 kB
MemTotal:        1844596 kB
MemFree:          622456 kB
MemAvailable:    1468860 kB
Buffers:           89400 kB
Cached:           780780 kB
MemTotal:        1844596 kB
MemFree:          622580 kB
MemAvailable:    1468984 kB
Buffers:           89400 kB
Cached:           780780 kB
MemTotal:        1844596 kB
MemFree:          623604 kB
MemAvailable:    1470008 kB
Buffers:           89400 kB
Cached:           780780 kB
MemTotal:        1844596 kB
MemFree:          623620 kB
MemAvailable:    1470024 kB
Buffers:           89400 kB
Cached:           780780 kB
MemTotal:        1844596 kB
MemFree:          623432 kB
MemAvailable:    1469836 kB
Buffers:           89400 kB
Cached:           780780 kB
MemTotal:        1844596 kB
MemFree:          623688 kB
MemAvailable:    1470092 kB
Buffers:           89400 kB
Cached:           780780 kB
MemTotal:        1844596 kB
MemFree:          623604 kB
MemAvailable:    1470008 kB
Buffers:           89400 kB
Cached:           780780 kB
MemTotal:        1844596 kB
MemFree:          623604 kB
MemAvailable:    1470008 kB
Buffers:           89400 kB
Cached:           780780 kB
MemTotal:        1844596 kB
MemFree:          622504 kB
MemAvailable:    1468908 kB
Buffers:           89400 kB
Cached:           780780 kB
MemTotal:        1844596 kB
MemFree:          622324 kB
MemAvailable:    1468728 kB
Buffers:           89400 kB
Cached:           780780 kB
MemTotal:        1844596 kB
MemFree:          623804 kB
MemAvailable:    1470208 kB
Buffers:           89400 kB
Cached:           780780 kB
MemTotal:        1844596 kB
MemFree:          623780 kB
MemAvailable:    1470184 kB
Buffers:           89400 kB
Cached:           780780 kB
MemTotal:        1844596 kB
MemFree:          622992 kB
MemAvailable:    1469396 kB
Buffers:           89400 kB
Cached:           780780 kB
MemTotal:        1844596 kB
MemFree:          623544 kB
MemAvailable:    1469948 kB
Buffers:           89400 kB
Cached:           780780 kB
MemTotal:        1844596 kB
MemFree:          623628 kB
MemAvailable:    1470032 kB
Buffers:           89400 kB
Cached:           780780 kB
MemTotal:        1844596 kB
MemFree:          623596 kB
MemAvailable:    1470000 kB
Buffers:           89400 kB
Cached:           780780 kB
MemTotal:        1844596 kB
MemFree:          622380 kB
MemAvailable:    1468784 kB
Buffers:           89400 kB
Cached:           780780 kB
MemTotal:        1844596 kB
MemFree:          622208 kB
MemAvailable:    1468612 kB
Buffers:           89400 kB
Cached:           780780 kB
MemTotal:        1844596 kB
MemFree:          623308 kB
MemAvailable:    1469712 kB
Buffers:           89400 kB
Cached:           780780 kB
MemTotal:        1844596 kB
MemFree:          623308 kB
MemAvailable:    1469712 kB
Buffers:           89400 kB
Cached:           780780 kB
MemTotal:        1844596 kB
MemFree:          623116 kB
MemAvailable:    1469520 kB
Buffers:           89400 kB
Cached:           780780 kB
MemTotal:        1844596 kB
MemFree:          622848 kB
MemAvailable:    1469252 kB
Buffers:           89400 kB
Cached:           780780 kB
MemTotal:        1844596 kB
MemFree:          621636 kB
MemAvailable:    1468040 kB
Buffers:           89400 kB
Cached:           780780 kB
MemTotal:        1844596 kB
MemFree:          622484 kB
MemAvailable:    1468888 kB
Buffers:           89400 kB
Cached:           780780 kB
MemTotal:        1844596 kB
MemFree:          622568 kB
MemAvailable:    1468972 kB
Buffers:           89400 kB
Cached:           780780 kB
MemTotal:        1844596 kB
MemFree:          621200 kB
MemAvailable:    1467604 kB
Buffers:           89400 kB
Cached:           780780 kB
MemTotal:        1844596 kB
MemFree:          622424 kB
MemAvailable:    1468828 kB
Buffers:           89400 kB
Cached:           780780 kB
MemTotal:        1844596 kB
MemFree:          622296 kB
MemAvailable:    1468700 kB
Buffers:           89400 kB
Cached:           780780 kB
MemTotal:        1844596 kB
MemFree:          622464 kB
MemAvailable:    1468868 kB
Buffers:           89400 kB
Cached:           780780 kB
MemTotal:        1844596 kB
MemFree:          622312 kB
MemAvailable:    1468716 kB
Buffers:           89400 kB
Cached:           780780 kB
MemTotal:        1844596 kB
MemFree:          622256 kB
MemAvailable:    1468660 kB
Buffers:           89400 kB
Cached:           780780 kB
MemTotal:        1844596 kB
MemFree:          620952 kB
MemAvailable:    1467356 kB
Buffers:           89400 kB
Cached:           780780 kB
MemTotal:        1844596 kB
MemFree:          622384 kB
MemAvailable:    1468788 kB
Buffers:           89400 kB
Cached:           780780 kB
MemTotal:        1844596 kB
MemFree:          620944 kB
MemAvailable:    1467348 kB
Buffers:           89400 kB
Cached:           780780 kB
MemTotal:        1844596 kB
MemFree:          622252 kB
MemAvailable:    1468656 kB
Buffers:           89400 kB
Cached:           780780 kB
MemTotal:        1844596 kB
MemFree:          620820 kB
MemAvailable:    1467224 kB
Buffers:           89400 kB
Cached:           780780 kB
MemTotal:        1844596 kB
MemFree:          622120 kB
MemAvailable:    1468524 kB
Buffers:           89400 kB
Cached:           780780 kB
MemTotal:        1844596 kB
MemFree:          622156 kB
MemAvailable:    1468560 kB
Buffers:           89400 kB
Cached:           780780 kB
MemTotal:        1844596 kB
MemFree:          620892 kB
MemAvailable:    1467296 kB
Buffers:           89400 kB
Cached:           780780 kB
MemTotal:        1844596 kB
MemFree:          622028 kB
MemAvailable:    1468432 kB
Buffers:           89400 kB
Cached:           780780 kB
MemTotal:        1844596 kB
MemFree:          622316 kB
MemAvailable:    1468720 kB
Buffers:           89400 kB
Cached:           780780 kB
MemTotal:        1844596 kB
MemFree:          622204 kB
MemAvailable:    1468608 kB
Buffers:           89400 kB
Cached:           780780 kB
MemTotal:        1844596 kB
MemFree:          621016 kB
MemAvailable:    1467420 kB
Buffers:           89400 kB
Cached:           780780 kB
MemTotal:        1844596 kB
MemFree:          622068 kB
MemAvailable:    1468476 kB
Buffers:           89400 kB
Cached:           780784 kB
MemTotal:        1844596 kB
MemFree:          620712 kB
MemAvailable:    1467120 kB
Buffers:           89400 kB
Cached:           780784 kB
MemTotal:        1844596 kB
MemFree:          621988 kB
MemAvailable:    1468404 kB
Buffers:           89400 kB
Cached:           780792 kB
MemTotal:        1844596 kB
MemFree:          618968 kB
MemAvailable:    1465384 kB
Buffers:           89400 kB
Cached:           780792 kB
MemTotal:        1844596 kB
MemFree:          618792 kB
MemAvailable:    1465208 kB
Buffers:           89400 kB
Cached:           780792 kB
MemTotal:        1844596 kB
MemFree:          612328 kB
MemAvailable:    1458744 kB
Buffers:           89400 kB
Cached:           780792 kB
MemTotal:        1844596 kB
MemFree:          610600 kB
MemAvailable:    1457016 kB
Buffers:           89400 kB
Cached:           780792 kB
MemTotal:        1844596 kB
MemFree:          611220 kB
MemAvailable:    1457636 kB
Buffers:           89400 kB
Cached:           780792 kB
MemTotal:        1844596 kB
MemFree:          610660 kB
MemAvailable:    1457076 kB
Buffers:           89400 kB
Cached:           780792 kB
MemTotal:        1844596 kB
MemFree:          610612 kB
MemAvailable:    1457028 kB
Buffers:           89400 kB
Cached:           780792 kB
MemTotal:        1844596 kB
MemFree:          610156 kB
MemAvailable:    1456572 kB
Buffers:           89400 kB
Cached:           780792 kB
MemTotal:        1844596 kB
MemFree:          610492 kB
MemAvailable:    1456908 kB
Buffers:           89400 kB
Cached:           780792 kB
MemTotal:        1844596 kB
MemFree:          610232 kB
MemAvailable:    1456648 kB
Buffers:           89400 kB
Cached:           780792 kB
MemTotal:        1844596 kB
MemFree:          608864 kB
MemAvailable:    1455280 kB
Buffers:           89400 kB
Cached:           780792 kB
MemTotal:        1844596 kB
MemFree:          608848 kB
MemAvailable:    1455264 kB
Buffers:           89400 kB
Cached:           780792 kB
MemTotal:        1844596 kB
MemFree:          609184 kB
MemAvailable:    1455600 kB
Buffers:           89400 kB
Cached:           780792 kB
MemTotal:        1844596 kB
MemFree:          607988 kB
MemAvailable:    1454404 kB
Buffers:           89400 kB
Cached:           780792 kB
MemTotal:        1844596 kB
MemFree:          607988 kB
MemAvailable:    1454404 kB
Buffers:           89400 kB
Cached:           780792 kB
MemTotal:        1844596 kB
MemFree:          606880 kB
MemAvailable:    1453296 kB
Buffers:           89400 kB
Cached:           780792 kB
MemTotal:        1844596 kB
MemFree:          606700 kB
MemAvailable:    1453116 kB
Buffers:           89400 kB
Cached:           780792 kB
MemTotal:        1844596 kB
MemFree:          606956 kB
MemAvailable:    1453372 kB
Buffers:           89400 kB
Cached:           780792 kB
MemTotal:        1844596 kB
MemFree:          605628 kB
MemAvailable:    1452044 kB
Buffers:           89400 kB
Cached:           780792 kB
MemTotal:        1844596 kB
MemFree:          605752 kB
MemAvailable:    1452168 kB
Buffers:           89400 kB
Cached:           780792 kB
MemTotal:        1844596 kB
MemFree:          606728 kB
MemAvailable:    1453144 kB
Buffers:           89400 kB
Cached:           780792 kB
MemTotal:        1844596 kB
MemFree:          607064 kB
MemAvailable:    1453480 kB
Buffers:           89400 kB
Cached:           780792 kB
MemTotal:        1844596 kB
MemFree:          606680 kB
MemAvailable:    1453096 kB
Buffers:           89400 kB
Cached:           780792 kB
MemTotal:        1844596 kB
MemFree:          606880 kB
MemAvailable:    1453296 kB
Buffers:           89400 kB
Cached:           780792 kB
MemTotal:        1844596 kB
MemFree:          605696 kB
MemAvailable:    1452112 kB
Buffers:           89400 kB
Cached:           780792 kB
MemTotal:        1844596 kB
MemFree:          605888 kB
MemAvailable:    1452304 kB
Buffers:           89400 kB
Cached:           780792 kB
MemTotal:        1844596 kB
MemFree:          606740 kB
MemAvailable:    1453156 kB
Buffers:           89400 kB
Cached:           780792 kB
MemTotal:        1844596 kB
MemFree:          606824 kB
MemAvailable:    1453240 kB
Buffers:           89400 kB
Cached:           780792 kB
MemTotal:        1844596 kB
MemFree:          607092 kB
MemAvailable:    1453508 kB
Buffers:           89400 kB
Cached:           780792 kB
MemTotal:        1844596 kB
MemFree:          606252 kB
MemAvailable:    1452668 kB
Buffers:           89400 kB
Cached:           780792 kB
MemTotal:        1844596 kB
MemFree:          606336 kB
MemAvailable:    1452752 kB
Buffers:           89400 kB
Cached:           780792 kB
MemTotal:        1844596 kB
MemFree:          605872 kB
MemAvailable:    1452288 kB
Buffers:           89400 kB
Cached:           780792 kB
MemTotal:        1844596 kB
MemFree:          605872 kB
MemAvailable:    1452288 kB
Buffers:           89400 kB
Cached:           780792 kB
MemTotal:        1844596 kB
MemFree:          603904 kB
MemAvailable:    1450320 kB
Buffers:           89400 kB
Cached:           780792 kB
MemTotal:        1844596 kB
MemFree:          604880 kB
MemAvailable:    1451296 kB
Buffers:           89400 kB
Cached:           780792 kB
MemTotal:        1844596 kB
MemFree:          604964 kB
MemAvailable:    1451380 kB
Buffers:           89400 kB
Cached:           780792 kB
MemTotal:        1844596 kB
MemFree:          604392 kB
MemAvailable:    1450808 kB
Buffers:           89400 kB
Cached:           780792 kB
MemTotal:        1844596 kB
MemFree:          604648 kB
MemAvailable:    1451064 kB
Buffers:           89400 kB
Cached:           780792 kB
MemTotal:        1844596 kB
MemFree:          603152 kB
MemAvailable:    1449568 kB
Buffers:           89400 kB
Cached:           780792 kB
MemTotal:        1844596 kB
MemFree:          603716 kB
MemAvailable:    1450132 kB
Buffers:           89400 kB
Cached:           780792 kB
MemTotal:        1844596 kB
MemFree:          603532 kB
MemAvailable:    1449948 kB
Buffers:           89400 kB
Cached:           780792 kB
MemTotal:        1844596 kB
MemFree:          603400 kB
MemAvailable:    1449816 kB
Buffers:           89400 kB
Cached:           780792 kB
MemTotal:        1844596 kB
MemFree:          602796 kB
MemAvailable:    1449212 kB
Buffers:           89400 kB
Cached:           780792 kB
MemTotal:        1844596 kB
MemFree:          603088 kB
MemAvailable:    1449504 kB
Buffers:           89400 kB
Cached:           780792 kB
MemTotal:        1844596 kB
MemFree:          601664 kB
MemAvailable:    1448080 kB
Buffers:           89400 kB
Cached:           780792 kB
MemTotal:        1844596 kB
MemFree:          602792 kB
MemAvailable:    1449208 kB
Buffers:           89400 kB
Cached:           780792 kB
MemTotal:        1844596 kB
MemFree:          601608 kB
MemAvailable:    1448024 kB
Buffers:           89400 kB
Cached:           780792 kB
MemTotal:        1844596 kB
MemFree:          602712 kB
MemAvailable:    1449128 kB
Buffers:           89400 kB
Cached:           780792 kB
MemTotal:        1844596 kB
MemFree:          602712 kB
MemAvailable:    1449128 kB
Buffers:           89400 kB
Cached:           780792 kB
MemTotal:        1844596 kB
MemFree:          602716 kB
MemAvailable:    1449132 kB
Buffers:           89400 kB
Cached:           780792 kB
MemTotal:        1844596 kB
MemFree:          602716 kB
MemAvailable:    1449132 kB
Buffers:           89400 kB
Cached:           780792 kB
MemTotal:        1844596 kB
MemFree:          602780 kB
MemAvailable:    1449196 kB
Buffers:           89400 kB
Cached:           780792 kB
MemTotal:        1844596 kB
MemFree:          602780 kB
MemAvailable:    1449196 kB
Buffers:           89400 kB
Cached:           780792 kB
MemTotal:        1844596 kB
MemFree:          602864 kB
MemAvailable:    1449280 kB
Buffers:           89400 kB
Cached:           780792 kB
MemTotal:        1844596 kB
MemFree:          602832 kB
MemAvailable:    1449248 kB
Buffers:           89400 kB
Cached:           780792 kB
MemTotal:        1844596 kB
MemFree:          601280 kB
MemAvailable:    1447696 kB
Buffers:           89400 kB
Cached:           780792 kB
MemTotal:        1844596 kB
MemFree:          602596 kB
MemAvailable:    1449012 kB
Buffers:           89400 kB
Cached:           780792 kB
MemTotal:        1844596 kB
MemFree:          601232 kB
MemAvailable:    1447648 kB
Buffers:           89400 kB
Cached:           780792 kB
MemTotal:        1844596 kB
MemFree:          602508 kB
MemAvailable:    1448924 kB
Buffers:           89400 kB
Cached:           780792 kB
MemTotal:        1844596 kB
MemFree:          602508 kB
MemAvailable:    1448924 kB
Buffers:           89400 kB
Cached:           780792 kB
MemTotal:        1844596 kB
MemFree:          602360 kB
MemAvailable:    1448776 kB
Buffers:           89400 kB
Cached:           780792 kB
MemTotal:        1844596 kB
MemFree:          602616 kB
MemAvailable:    1449032 kB
Buffers:           89400 kB
Cached:           780792 kB
MemTotal:        1844596 kB
MemFree:          602464 kB
MemAvailable:    1448880 kB
Buffers:           89400 kB
Cached:           780792 kB
MemTotal:        1844596 kB
MemFree:          602752 kB
MemAvailable:    1449168 kB
Buffers:           89400 kB
Cached:           780792 kB
MemTotal:        1844596 kB
MemFree:          601788 kB
MemAvailable:    1448204 kB
Buffers:           89400 kB
Cached:           780792 kB
MemTotal:        1844596 kB
MemFree:          602648 kB
MemAvailable:    1449064 kB
Buffers:           89400 kB
Cached:           780792 kB
MemTotal:        1844596 kB
MemFree:          602984 kB
MemAvailable:    1449400 kB
Buffers:           89400 kB
Cached:           780792 kB
MemTotal:        1844596 kB
MemFree:          601416 kB
MemAvailable:    1447832 kB
Buffers:           89400 kB
Cached:           780792 kB
MemTotal:        1844596 kB
MemFree:          602656 kB
MemAvailable:    1449072 kB
Buffers:           89400 kB
Cached:           780792 kB
MemTotal:        1844596 kB
MemFree:          602260 kB
MemAvailable:    1448676 kB
Buffers:           89400 kB
Cached:           780792 kB
MemTotal:        1844596 kB
MemFree:          602596 kB
MemAvailable:    1449012 kB
Buffers:           89400 kB
Cached:           780792 kB
MemTotal:        1844596 kB
MemFree:          601284 kB
MemAvailable:    1447700 kB
Buffers:           89400 kB
Cached:           780792 kB
MemTotal:        1844596 kB
MemFree:          601300 kB
MemAvailable:    1447716 kB
Buffers:           89400 kB
Cached:           780792 kB
MemTotal:        1844596 kB
MemFree:          601424 kB
MemAvailable:    1447840 kB
Buffers:           89400 kB
Cached:           780792 kB
MemTotal:        1844596 kB
MemFree:          600052 kB
MemAvailable:    1446468 kB
Buffers:           89400 kB
Cached:           780792 kB
MemTotal:        1844596 kB
MemFree:          599796 kB
MemAvailable:    1446212 kB
Buffers:           89400 kB
Cached:           780792 kB
MemTotal:        1844596 kB
MemFree:          599920 kB
MemAvailable:    1446336 kB
Buffers:           89400 kB
Cached:           780792 kB
MemTotal:        1844596 kB
MemFree:          600004 kB
MemAvailable:    1446420 kB
Buffers:           89400 kB
Cached:           780792 kB
MemTotal:        1844596 kB
MemFree:          597828 kB
MemAvailable:    1444252 kB
Buffers:           89400 kB
Cached:           780800 kB
MemTotal:        1844596 kB
MemFree:          594728 kB
MemAvailable:    1441152 kB
Buffers:           89400 kB
Cached:           780800 kB
MemTotal:        1844596 kB
MemFree:          592744 kB
MemAvailable:    1439168 kB
Buffers:           89400 kB
Cached:           780800 kB
MemTotal:        1844596 kB
MemFree:          590140 kB
MemAvailable:    1436564 kB
Buffers:           89400 kB
Cached:           780800 kB
MemTotal:        1844596 kB
MemFree:          585288 kB
MemAvailable:    1431712 kB
Buffers:           89400 kB
Cached:           780800 kB
MemTotal:        1844596 kB
MemFree:          585372 kB
MemAvailable:    1431796 kB
Buffers:           89400 kB
Cached:           780800 kB
MemTotal:        1844596 kB
MemFree:          584312 kB
MemAvailable:    1430736 kB
Buffers:           89400 kB
Cached:           780800 kB
MemTotal:        1844596 kB
MemFree:          584116 kB
MemAvailable:    1430540 kB
Buffers:           89400 kB
Cached:           780800 kB
MemTotal:        1844596 kB
MemFree:          583984 kB
MemAvailable:    1430408 kB
Buffers:           89400 kB
Cached:           780800 kB
MemTotal:        1844596 kB
MemFree:          584236 kB
MemAvailable:    1430660 kB
Buffers:           89400 kB
Cached:           780800 kB
MemTotal:        1844596 kB
MemFree:          584044 kB
MemAvailable:    1430468 kB
Buffers:           89400 kB
Cached:           780800 kB
MemTotal:        1844596 kB
MemFree:          582756 kB
MemAvailable:    1429180 kB
Buffers:           89400 kB
Cached:           780800 kB
MemTotal:        1844596 kB
MemFree:          584056 kB
MemAvailable:    1430480 kB
Buffers:           89400 kB
Cached:           780800 kB
MemTotal:        1844596 kB
MemFree:          583996 kB
MemAvailable:    1430420 kB
Buffers:           89400 kB
Cached:           780800 kB
MemTotal:        1844596 kB
MemFree:          583856 kB
MemAvailable:    1430280 kB
Buffers:           89400 kB
Cached:           780800 kB
MemTotal:        1844596 kB
MemFree:          583128 kB
MemAvailable:    1429552 kB
Buffers:           89400 kB
Cached:           780800 kB
MemTotal:        1844596 kB
MemFree:          582496 kB
MemAvailable:    1428920 kB
Buffers:           89400 kB
Cached:           780800 kB
MemTotal:        1844596 kB
MemFree:          583860 kB
MemAvailable:    1430284 kB
Buffers:           89400 kB
Cached:           780800 kB
MemTotal:        1844596 kB
MemFree:          582536 kB
MemAvailable:    1428960 kB
Buffers:           89400 kB
Cached:           780800 kB
MemTotal:        1844596 kB
MemFree:          583292 kB
MemAvailable:    1429716 kB
Buffers:           89400 kB
Cached:           780800 kB
MemTotal:        1844596 kB
MemFree:          582792 kB
MemAvailable:    1429216 kB
Buffers:           89400 kB
Cached:           780800 kB
MemTotal:        1844596 kB
MemFree:          583128 kB
MemAvailable:    1429552 kB
Buffers:           89400 kB
Cached:           780800 kB
MemTotal:        1844596 kB
MemFree:          583052 kB
MemAvailable:    1429476 kB
Buffers:           89400 kB
Cached:           780800 kB
MemTotal:        1844596 kB
MemFree:          582940 kB
MemAvailable:    1429364 kB
Buffers:           89400 kB
Cached:           780800 kB
MemTotal:        1844596 kB
MemFree:          583060 kB
MemAvailable:    1429484 kB
Buffers:           89400 kB
Cached:           780800 kB
MemTotal:        1844596 kB
MemFree:          582972 kB
MemAvailable:    1429396 kB
Buffers:           89400 kB
Cached:           780800 kB
MemTotal:        1844596 kB
MemFree:          581832 kB
MemAvailable:    1428256 kB
Buffers:           89400 kB
Cached:           780800 kB
MemTotal:        1844596 kB
MemFree:          581280 kB
MemAvailable:    1427704 kB
Buffers:           89400 kB
Cached:           780800 kB
MemTotal:        1844596 kB
MemFree:          582884 kB
MemAvailable:    1429308 kB
Buffers:           89400 kB
Cached:           780800 kB
MemTotal:        1844596 kB
MemFree:          582948 kB
MemAvailable:    1429372 kB
Buffers:           89400 kB
Cached:           780800 kB
MemTotal:        1844596 kB
MemFree:          583060 kB
MemAvailable:    1429484 kB
Buffers:           89400 kB
Cached:           780800 kB
MemTotal:        1844596 kB
MemFree:          583180 kB
MemAvailable:    1429604 kB
Buffers:           89400 kB
Cached:           780800 kB
MemTotal:        1844596 kB
MemFree:          582800 kB
MemAvailable:    1429224 kB
Buffers:           89400 kB
Cached:           780800 kB
MemTotal:        1844596 kB
MemFree:          582800 kB
MemAvailable:    1429224 kB
Buffers:           89400 kB
Cached:           780800 kB
MemTotal:        1844596 kB
MemFree:          581684 kB
MemAvailable:    1428108 kB
Buffers:           89400 kB
Cached:           780800 kB
MemTotal:        1844596 kB
MemFree:          581784 kB
MemAvailable:    1428208 kB
Buffers:           89400 kB
Cached:           780800 kB
MemTotal:        1844596 kB
MemFree:          581776 kB
MemAvailable:    1428200 kB
Buffers:           89400 kB
Cached:           780800 kB
MemTotal:        1844596 kB
MemFree:          581820 kB
MemAvailable:    1428244 kB
Buffers:           89400 kB
Cached:           780800 kB
MemTotal:        1844596 kB
MemFree:          581820 kB
MemAvailable:    1428244 kB
Buffers:           89400 kB
Cached:           780800 kB
MemTotal:        1844596 kB
MemFree:          583120 kB
MemAvailable:    1429544 kB
Buffers:           89400 kB
Cached:           780800 kB
MemTotal:        1844596 kB
MemFree:          583184 kB
MemAvailable:    1429608 kB
Buffers:           89400 kB
Cached:           780800 kB
MemTotal:        1844596 kB
MemFree:          581832 kB
MemAvailable:    1428256 kB
Buffers:           89400 kB
Cached:           780800 kB
MemTotal:        1844596 kB
MemFree:          577476 kB
MemAvailable:    1423900 kB
Buffers:           89400 kB
Cached:           780800 kB
MemTotal:        1844596 kB
MemFree:          577480 kB
MemAvailable:    1423904 kB
Buffers:           89400 kB
Cached:           780800 kB
MemTotal:        1844596 kB
MemFree:          572532 kB
MemAvailable:    1418956 kB
Buffers:           89400 kB
Cached:           780800 kB
MemTotal:        1844596 kB
MemFree:          570052 kB
MemAvailable:    1416476 kB
Buffers:           89400 kB
Cached:           780800 kB
MemTotal:        1844596 kB
MemFree:          569308 kB
MemAvailable:    1415732 kB
Buffers:           89400 kB
Cached:           780800 kB
MemTotal:        1844596 kB
MemFree:          564844 kB
MemAvailable:    1411268 kB
Buffers:           89400 kB
Cached:           780800 kB
MemTotal:        1844596 kB
MemFree:          564712 kB
MemAvailable:    1411136 kB
Buffers:           89400 kB
Cached:           780800 kB
MemTotal:        1844596 kB
MemFree:          564968 kB
MemAvailable:    1411392 kB
Buffers:           89400 kB
Cached:           780800 kB
MemTotal:        1844596 kB
MemFree:          564704 kB
MemAvailable:    1411128 kB
Buffers:           89400 kB
Cached:           780800 kB
MemTotal:        1844596 kB
MemFree:          564704 kB
MemAvailable:    1411128 kB
Buffers:           89400 kB
Cached:           780800 kB
MemTotal:        1844596 kB
MemFree:          564652 kB
MemAvailable:    1411076 kB
Buffers:           89400 kB
Cached:           780800 kB
MemTotal:        1844596 kB
MemFree:          564652 kB
MemAvailable:    1411076 kB
Buffers:           89400 kB
Cached:           780800 kB
MemTotal:        1844596 kB
MemFree:          563332 kB
MemAvailable:    1409756 kB
Buffers:           89400 kB
Cached:           780800 kB
MemTotal:        1844596 kB
MemFree:          564716 kB
MemAvailable:    1411140 kB
Buffers:           89400 kB
Cached:           780800 kB
MemTotal:        1844596 kB
MemFree:          563984 kB
MemAvailable:    1410408 kB
Buffers:           89400 kB
Cached:           780800 kB
MemTotal:        1844596 kB
MemFree:          563308 kB
MemAvailable:    1409732 kB
Buffers:           89400 kB
Cached:           780800 kB
MemTotal:        1844596 kB
MemFree:          564844 kB
MemAvailable:    1411268 kB
Buffers:           89400 kB
Cached:           780800 kB
MemTotal:        1844596 kB
MemFree:          563432 kB
MemAvailable:    1409856 kB
Buffers:           89400 kB
Cached:           780800 kB
MemTotal:        1844596 kB
MemFree:          564664 kB
MemAvailable:    1411088 kB
Buffers:           89400 kB
Cached:           780800 kB
MemTotal:        1844596 kB
MemFree:          563432 kB
MemAvailable:    1409856 kB
Buffers:           89400 kB
Cached:           780800 kB
MemTotal:        1844596 kB
MemFree:          564648 kB
MemAvailable:    1411072 kB
Buffers:           89400 kB
Cached:           780800 kB
MemTotal:        1844596 kB
MemFree:          564780 kB
MemAvailable:    1411204 kB
Buffers:           89400 kB
Cached:           780800 kB
MemTotal:        1844596 kB
MemFree:          564608 kB
MemAvailable:    1411032 kB
Buffers:           89400 kB
Cached:           780800 kB
MemTotal:        1844596 kB
MemFree:          564780 kB
MemAvailable:    1411204 kB
Buffers:           89400 kB
Cached:           780800 kB
MemTotal:        1844596 kB
MemFree:          564456 kB
MemAvailable:    1410880 kB
Buffers:           89400 kB
Cached:           780800 kB
MemTotal:        1844596 kB
MemFree:          564268 kB
MemAvailable:    1410692 kB
Buffers:           89400 kB
Cached:           780800 kB
MemTotal:        1844596 kB
MemFree:          564648 kB
MemAvailable:    1411072 kB
Buffers:           89400 kB
Cached:           780800 kB
MemTotal:        1844596 kB
MemFree:          564588 kB
MemAvailable:    1411012 kB
Buffers:           89400 kB
Cached:           780800 kB
MemTotal:        1844596 kB
MemFree:          564672 kB
MemAvailable:    1411096 kB
Buffers:           89400 kB
Cached:           780800 kB
MemTotal:        1844596 kB
MemFree:          564532 kB
MemAvailable:    1410956 kB
Buffers:           89400 kB
Cached:           780800 kB
MemTotal:        1844596 kB
MemFree:          564868 kB
MemAvailable:    1411292 kB
Buffers:           89400 kB
Cached:           780800 kB
MemTotal:        1844596 kB
MemFree:          563300 kB
MemAvailable:    1409724 kB
Buffers:           89400 kB
Cached:           780800 kB
MemTotal:        1844596 kB
MemFree:          563424 kB
MemAvailable:    1409848 kB
Buffers:           89400 kB
Cached:           780800 kB
MemTotal:        1844596 kB
MemFree:          564532 kB
MemAvailable:    1410956 kB
Buffers:           89400 kB
Cached:           780800 kB
MemTotal:        1844596 kB
MemFree:          563592 kB
MemAvailable:    1410016 kB
Buffers:           89400 kB
Cached:           780800 kB
MemTotal:        1844596 kB
MemFree:          563408 kB
MemAvailable:    1409832 kB
Buffers:           89400 kB
Cached:           780800 kB
MemTotal:        1844596 kB
MemFree:          564648 kB
MemAvailable:    1411072 kB
Buffers:           89400 kB
Cached:           780800 kB
MemTotal:        1844596 kB
MemFree:          564608 kB
MemAvailable:    1411032 kB
Buffers:           89400 kB
Cached:           780800 kB
MemTotal:        1844596 kB
MemFree:          564580 kB
MemAvailable:    1411004 kB
Buffers:           89400 kB
Cached:           780800 kB
MemTotal:        1844596 kB
MemFree:          564832 kB
MemAvailable:    1411256 kB
Buffers:           89400 kB
Cached:           780800 kB
MemTotal:        1844596 kB
MemFree:          564708 kB
MemAvailable:    1411132 kB
Buffers:           89400 kB
Cached:           780800 kB
MemTotal:        1844596 kB
MemFree:          564780 kB
MemAvailable:    1411216 kB
Buffers:           89400 kB
Cached:           780812 kB
MemTotal:        1844596 kB
MemFree:          563612 kB
MemAvailable:    1410048 kB
Buffers:           89400 kB
Cached:           780812 kB
MemTotal:        1844596 kB
MemFree:          564832 kB
MemAvailable:    1411268 kB
Buffers:           89400 kB
Cached:           780812 kB
MemTotal:        1844596 kB
MemFree:          562308 kB
MemAvailable:    1408744 kB
Buffers:           89400 kB
Cached:           780812 kB
MemTotal:        1844596 kB
MemFree:          558900 kB
MemAvailable:    1405336 kB
Buffers:           89400 kB
Cached:           780812 kB
MemTotal:        1844596 kB
MemFree:          555916 kB
MemAvailable:    1402228 kB
Buffers:           89400 kB
Cached:           780812 kB
MemTotal:        1844596 kB
MemFree:          552256 kB
MemAvailable:    1398692 kB
Buffers:           89400 kB
Cached:           780812 kB
MemTotal:        1844596 kB
MemFree:          548916 kB
MemAvailable:    1395352 kB
Buffers:           89400 kB
Cached:           780812 kB
MemTotal:        1844596 kB
MemFree:          546624 kB
MemAvailable:    1393060 kB
Buffers:           89400 kB
Cached:           780812 kB
MemTotal:        1844596 kB
MemFree:          547360 kB
MemAvailable:    1393796 kB
Buffers:           89400 kB
Cached:           780812 kB
MemTotal:        1844596 kB
MemFree:          547696 kB
MemAvailable:    1394132 kB
Buffers:           89400 kB
Cached:           780812 kB
MemTotal:        1844596 kB
MemFree:          546228 kB
MemAvailable:    1392664 kB
Buffers:           89400 kB
Cached:           780812 kB
MemTotal:        1844596 kB
MemFree:          546564 kB
MemAvailable:    1393000 kB
Buffers:           89400 kB
Cached:           780812 kB
MemTotal:        1844596 kB
MemFree:          544748 kB
MemAvailable:    1391184 kB
Buffers:           89400 kB
Cached:           780812 kB
MemTotal:        1844596 kB
MemFree:          546680 kB
MemAvailable:    1393116 kB
Buffers:           89400 kB
Cached:           780812 kB
MemTotal:        1844596 kB
MemFree:          546356 kB
MemAvailable:    1392792 kB
Buffers:           89400 kB
Cached:           780812 kB
MemTotal:        1844596 kB
MemFree:          546488 kB
MemAvailable:    1392924 kB
Buffers:           89400 kB
Cached:           780812 kB
MemTotal:        1844596 kB
MemFree:          544992 kB
MemAvailable:    1391428 kB
Buffers:           89400 kB
Cached:           780812 kB
MemTotal:        1844596 kB
MemFree:          545996 kB
MemAvailable:    1392432 kB
Buffers:           89400 kB
Cached:           780812 kB
MemTotal:        1844596 kB
MemFree:          544460 kB
MemAvailable:    1390896 kB
Buffers:           89400 kB
Cached:           780812 kB
MemTotal:        1844596 kB
MemFree:          546188 kB
MemAvailable:    1392624 kB
Buffers:           89400 kB
Cached:           780812 kB
MemTotal:        1844596 kB
MemFree:          545688 kB
MemAvailable:    1392124 kB
Buffers:           89400 kB
Cached:           780812 kB
MemTotal:        1844596 kB
MemFree:          545800 kB
MemAvailable:    1392236 kB
Buffers:           89400 kB
Cached:           780812 kB
MemTotal:        1844596 kB
MemFree:          544576 kB
MemAvailable:    1391012 kB
Buffers:           89400 kB
Cached:           780812 kB
MemTotal:        1844596 kB
MemFree:          545444 kB
MemAvailable:    1391880 kB
Buffers:           89400 kB
Cached:           780812 kB
MemTotal:        1844596 kB
MemFree:          545196 kB
MemAvailable:    1391632 kB
Buffers:           89400 kB
Cached:           780812 kB
MemTotal:        1844596 kB
MemFree:          543524 kB
MemAvailable:    1389960 kB
Buffers:           89400 kB
Cached:           780812 kB
MemTotal:        1844596 kB
MemFree:          543028 kB
MemAvailable:    1389464 kB
Buffers:           89400 kB
Cached:           780812 kB
MemTotal:        1844596 kB
MemFree:          543516 kB
MemAvailable:    1389952 kB
Buffers:           89400 kB
Cached:           780812 kB
MemTotal:        1844596 kB
MemFree:          543516 kB
MemAvailable:    1389952 kB
Buffers:           89400 kB
Cached:           780812 kB
MemTotal:        1844596 kB
MemFree:          542764 kB
MemAvailable:    1389200 kB
Buffers:           89400 kB
Cached:           780812 kB
MemTotal:        1844596 kB
MemFree:          542976 kB
MemAvailable:    1389412 kB
Buffers:           89400 kB
Cached:           780812 kB
MemTotal:        1844596 kB
MemFree:          540672 kB
MemAvailable:    1387108 kB
Buffers:           89400 kB
Cached:           780812 kB
MemTotal:        1844596 kB
MemFree:          541656 kB
MemAvailable:    1388092 kB
Buffers:           89400 kB
Cached:           780812 kB
MemTotal:        1844596 kB
MemFree:          539060 kB
MemAvailable:    1385496 kB
Buffers:           89400 kB
Cached:           780812 kB
MemTotal:        1844596 kB
MemFree:          540292 kB
MemAvailable:    1386728 kB
Buffers:           89400 kB
Cached:           780812 kB
MemTotal:        1844596 kB
MemFree:          538804 kB
MemAvailable:    1385240 kB
Buffers:           89400 kB
Cached:           780812 kB
MemTotal:        1844596 kB
MemFree:          540188 kB
MemAvailable:    1386624 kB
Buffers:           89400 kB
Cached:           780812 kB
MemTotal:        1844596 kB
MemFree:          539004 kB
MemAvailable:    1385440 kB
Buffers:           89400 kB
Cached:           780812 kB
MemTotal:        1844596 kB
MemFree:          540120 kB
MemAvailable:    1386556 kB
Buffers:           89400 kB
Cached:           780812 kB
MemTotal:        1844596 kB
MemFree:          540120 kB
MemAvailable:    1386556 kB
Buffers:           89400 kB
Cached:           780812 kB
MemTotal:        1844596 kB
MemFree:          540180 kB
MemAvailable:    1386616 kB
Buffers:           89400 kB
Cached:           780812 kB
MemTotal:        1844596 kB
MemFree:          538316 kB
MemAvailable:    1384752 kB
Buffers:           89400 kB
Cached:           780812 kB
MemTotal:        1844596 kB
MemFree:          538864 kB
MemAvailable:    1385300 kB
Buffers:           89400 kB
Cached:           780812 kB
MemTotal:        1844596 kB
MemFree:          537432 kB
MemAvailable:    1383868 kB
Buffers:           89400 kB
Cached:           780812 kB
MemTotal:        1844596 kB
MemFree:          537564 kB
MemAvailable:    1384000 kB
Buffers:           89400 kB
Cached:           780812 kB
MemTotal:        1844596 kB
MemFree:          538688 kB
MemAvailable:    1385132 kB
Buffers:           89400 kB
Cached:           780820 kB
MemTotal:        1844596 kB
MemFree:          538576 kB
MemAvailable:    1385020 kB
Buffers:           89400 kB
Cached:           780820 kB
MemTotal:        1844596 kB
MemFree:          537268 kB
MemAvailable:    1383712 kB
Buffers:           89400 kB
Cached:           780820 kB
MemTotal:        1844596 kB
MemFree:          536924 kB
MemAvailable:    1383368 kB
Buffers:           89400 kB
Cached:           780820 kB
MemTotal:        1844596 kB
MemFree:          537052 kB
MemAvailable:    1383496 kB
Buffers:           89400 kB
Cached:           780820 kB
MemTotal:        1844596 kB
MemFree:          538560 kB
MemAvailable:    1385004 kB
Buffers:           89400 kB
Cached:           780820 kB
MemTotal:        1844596 kB
MemFree:          537296 kB
MemAvailable:    1383740 kB
Buffers:           89400 kB
Cached:           780820 kB
MemTotal:        1844596 kB
MemFree:          538596 kB
MemAvailable:    1385040 kB
Buffers:           89400 kB
Cached:           780820 kB
MemTotal:        1844596 kB
MemFree:          538556 kB
MemAvailable:    1385000 kB
Buffers:           89400 kB
Cached:           780820 kB
MemTotal:        1844596 kB
MemFree:          538392 kB
MemAvailable:    1384836 kB
Buffers:           89400 kB
Cached:           780820 kB
MemTotal:        1844596 kB
MemFree:          538120 kB
MemAvailable:    1384564 kB
Buffers:           89400 kB
Cached:           780820 kB
MemTotal:        1844596 kB
MemFree:          538500 kB
MemAvailable:    1384944 kB
Buffers:           89400 kB
Cached:           780820 kB
MemTotal:        1844596 kB
MemFree:          538468 kB
MemAvailable:    1384912 kB
Buffers:           89400 kB
Cached:           780820 kB
MemTotal:        1844596 kB
MemFree:          538468 kB
MemAvailable:    1384912 kB
Buffers:           89400 kB
Cached:           780820 kB
MemTotal:        1844596 kB
MemFree:          538412 kB
MemAvailable:    1384856 kB
Buffers:           89400 kB
Cached:           780820 kB
MemTotal:        1844596 kB
MemFree:          538664 kB
MemAvailable:    1385108 kB
Buffers:           89400 kB
Cached:           780820 kB
MemTotal:        1844596 kB
MemFree:          538504 kB
MemAvailable:    1384948 kB
Buffers:           89400 kB
Cached:           780820 kB
MemTotal:        1844596 kB
MemFree:          538672 kB
MemAvailable:    1385116 kB
Buffers:           89400 kB
Cached:           780820 kB
MemTotal:        1844596 kB
MemFree:          537316 kB
MemAvailable:    1383760 kB
Buffers:           89400 kB
Cached:           780820 kB
MemTotal:        1844596 kB
MemFree:          538556 kB
MemAvailable:    1385000 kB
Buffers:           89400 kB
Cached:           780820 kB
MemTotal:        1844596 kB
MemFree:          538768 kB
MemAvailable:    1385212 kB
Buffers:           89400 kB
Cached:           780820 kB
MemTotal:        1844596 kB
MemFree:          537192 kB
MemAvailable:    1383636 kB
Buffers:           89400 kB
Cached:           780820 kB
MemTotal:        1844596 kB
MemFree:          538508 kB
MemAvailable:    1384952 kB
Buffers:           89400 kB
Cached:           780820 kB
MemTotal:        1844596 kB
MemFree:          538500 kB
MemAvailable:    1384944 kB
Buffers:           89400 kB
Cached:           780820 kB
MemTotal:        1844596 kB
MemFree:          538752 kB
MemAvailable:    1385196 kB
Buffers:           89400 kB
Cached:           780820 kB
MemTotal:        1844596 kB
MemFree:          537136 kB
MemAvailable:    1383580 kB
Buffers:           89400 kB
Cached:           780820 kB
MemTotal:        1844596 kB
MemFree:          537696 kB
MemAvailable:    1384140 kB
Buffers:           89400 kB
Cached:           780820 kB
MemTotal:        1844596 kB
MemFree:          537572 kB
MemAvailable:    1384016 kB
Buffers:           89400 kB
Cached:           780820 kB
MemTotal:        1844596 kB
MemFree:          538872 kB
MemAvailable:    1385316 kB
Buffers:           89400 kB
Cached:           780820 kB
MemTotal:        1844596 kB
MemFree:          538748 kB
MemAvailable:    1385192 kB
Buffers:           89400 kB
Cached:           780820 kB
MemTotal:        1844596 kB
MemFree:          538548 kB
MemAvailable:    1384992 kB
Buffers:           89400 kB
Cached:           780820 kB
MemTotal:        1844596 kB
MemFree:          538548 kB
MemAvailable:    1384992 kB
Buffers:           89400 kB
Cached:           780820 kB
MemTotal:        1844596 kB
MemFree:          538468 kB
MemAvailable:    1384912 kB
Buffers:           89400 kB
Cached:           780820 kB
MemTotal:        1844596 kB
MemFree:          537172 kB
MemAvailable:    1383616 kB
Buffers:           89400 kB
Cached:           780820 kB
MemTotal:        1844596 kB
MemFree:          537012 kB
MemAvailable:    1383456 kB
Buffers:           89400 kB
Cached:           780820 kB
MemTotal:        1844596 kB
MemFree:          538604 kB
MemAvailable:    1385048 kB
Buffers:           89400 kB
Cached:           780820 kB
MemTotal:        1844596 kB
MemFree:          537276 kB
MemAvailable:    1383720 kB
Buffers:           89400 kB
Cached:           780820 kB
MemTotal:        1844596 kB
MemFree:          538392 kB
MemAvailable:    1384840 kB
Buffers:           89400 kB
Cached:           780824 kB
MemTotal:        1844596 kB
MemFree:          538476 kB
MemAvailable:    1384924 kB
Buffers:           89400 kB
Cached:           780824 kB
MemTotal:        1844596 kB
MemFree:          538500 kB
MemAvailable:    1384948 kB
Buffers:           89400 kB
Cached:           780824 kB
MemTotal:        1844596 kB
MemFree:          538392 kB
MemAvailable:    1384840 kB
Buffers:           89400 kB
Cached:           780824 kB
MemTotal:        1844596 kB
MemFree:          538476 kB
MemAvailable:    1384924 kB
Buffers:           89400 kB
Cached:           780824 kB
MemTotal:        1844596 kB
MemFree:          538624 kB
MemAvailable:    1385072 kB
Buffers:           89400 kB
Cached:           780824 kB
MemTotal:        1844596 kB
MemFree:          538520 kB
MemAvailable:    1384968 kB
Buffers:           89400 kB
Cached:           780824 kB
MemTotal:        1844596 kB
MemFree:          535828 kB
MemAvailable:    1382276 kB
Buffers:           89400 kB
Cached:           780824 kB
MemTotal:        1844596 kB
MemFree:          535960 kB
MemAvailable:    1382408 kB
Buffers:           89400 kB
Cached:           780824 kB
MemTotal:        1844596 kB
MemFree:          532344 kB
MemAvailable:    1378792 kB
Buffers:           89400 kB
Cached:           780824 kB
MemTotal:        1844596 kB
MemFree:          529760 kB
MemAvailable:    1376208 kB
Buffers:           89400 kB
Cached:           780824 kB
MemTotal:        1844596 kB
MemFree:          527280 kB
MemAvailable:    1373728 kB
Buffers:           89400 kB
Cached:           780824 kB
MemTotal:        1844596 kB
MemFree:          524304 kB
MemAvailable:    1370752 kB
Buffers:           89400 kB
Cached:           780824 kB
MemTotal:        1844596 kB
MemFree:          519956 kB
MemAvailable:    1366404 kB
Buffers:           89400 kB
Cached:           780824 kB
MemTotal:        1844596 kB
MemFree:          520044 kB
MemAvailable:    1366492 kB
Buffers:           89400 kB
Cached:           780824 kB
MemTotal:        1844596 kB
MemFree:          519156 kB
MemAvailable:    1365604 kB
Buffers:           89400 kB
Cached:           780824 kB
MemTotal:        1844596 kB
MemFree:          517724 kB
MemAvailable:    1364172 kB
Buffers:           89400 kB
Cached:           780824 kB
MemTotal:        1844596 kB
MemFree:          517848 kB
MemAvailable:    1364296 kB
Buffers:           89400 kB
Cached:           780824 kB
MemTotal:        1844596 kB
MemFree:          519272 kB
MemAvailable:    1365720 kB
Buffers:           89400 kB
Cached:           780824 kB
MemTotal:        1844596 kB
MemFree:          519352 kB
MemAvailable:    1365800 kB
Buffers:           89400 kB
Cached:           780824 kB
MemTotal:        1844596 kB
MemFree:          519136 kB
MemAvailable:    1365584 kB
Buffers:           89400 kB
Cached:           780824 kB
MemTotal:        1844596 kB
MemFree:          518932 kB
MemAvailable:    1365380 kB
Buffers:           89400 kB
Cached:           780824 kB
MemTotal:        1844596 kB
MemFree:          518288 kB
MemAvailable:    1364736 kB
Buffers:           89400 kB
Cached:           780824 kB
MemTotal:        1844596 kB
MemFree:          517564 kB
MemAvailable:    1364012 kB
Buffers:           89400 kB
Cached:           780824 kB
MemTotal:        1844596 kB
MemFree:          517688 kB
MemAvailable:    1364136 kB
Buffers:           89400 kB
Cached:           780824 kB
MemTotal:        1844596 kB
MemFree:          517944 kB
MemAvailable:    1364392 kB
Buffers:           89400 kB
Cached:           780824 kB
MemTotal:        1844596 kB
MemFree:          518928 kB
MemAvailable:    1365376 kB
Buffers:           89400 kB
Cached:           780824 kB
MemTotal:        1844596 kB
MemFree:          517904 kB
MemAvailable:    1364352 kB
Buffers:           89400 kB
Cached:           780824 kB
MemTotal:        1844596 kB
MemFree:          518840 kB
MemAvailable:    1365288 kB
Buffers:           89400 kB
Cached:           780824 kB
MemTotal:        1844596 kB
MemFree:          518840 kB
MemAvailable:    1365288 kB
Buffers:           89400 kB
Cached:           780824 kB
MemTotal:        1844596 kB
MemFree:          518544 kB
MemAvailable:    1364992 kB
Buffers:           89400 kB
Cached:           780824 kB
MemTotal:        1844596 kB
MemFree:          518880 kB
MemAvailable:    1365328 kB
Buffers:           89400 kB
Cached:           780824 kB
MemTotal:        1844596 kB
MemFree:          518580 kB
MemAvailable:    1365028 kB
Buffers:           89400 kB
Cached:           780824 kB
MemTotal:        1844596 kB
MemFree:          518836 kB
MemAvailable:    1365284 kB
Buffers:           89400 kB
Cached:           780824 kB
MemTotal:        1844596 kB
MemFree:          518708 kB
MemAvailable:    1365156 kB
Buffers:           89400 kB
Cached:           780824 kB
MemTotal:        1844596 kB
MemFree:          518668 kB
MemAvailable:    1365116 kB
Buffers:           89400 kB
Cached:           780824 kB
MemTotal:        1844596 kB
MemFree:          518772 kB
MemAvailable:    1365220 kB
Buffers:           89400 kB
Cached:           780824 kB
MemTotal:        1844596 kB
MemFree:          517464 kB
MemAvailable:    1363912 kB
Buffers:           89400 kB
Cached:           780824 kB
MemTotal:        1844596 kB
MemFree:          518344 kB
MemAvailable:    1364792 kB
Buffers:           89400 kB
Cached:           780824 kB
MemTotal:        1844596 kB
MemFree:          518344 kB
MemAvailable:    1364792 kB
Buffers:           89400 kB
Cached:           780824 kB
MemTotal:        1844596 kB
MemFree:          517808 kB
MemAvailable:    1364256 kB
Buffers:           89400 kB
Cached:           780824 kB
MemTotal:        1844596 kB
MemFree:          517724 kB
MemAvailable:    1364172 kB
Buffers:           89400 kB
Cached:           780824 kB
MemTotal:        1844596 kB
MemFree:          512400 kB
MemAvailable:    1358848 kB
Buffers:           89400 kB
Cached:           780824 kB
MemTotal:        1844596 kB
MemFree:          507812 kB
MemAvailable:    1354260 kB
Buffers:           89400 kB
Cached:           780824 kB
MemTotal:        1844596 kB
MemFree:          508804 kB
MemAvailable:    1355252 kB
Buffers:           89400 kB
Cached:           780824 kB
MemTotal:        1844596 kB
MemFree:          508796 kB
MemAvailable:    1355244 kB
Buffers:           89400 kB
Cached:           780824 kB
MemTotal:        1844596 kB
MemFree:          509052 kB
MemAvailable:    1355500 kB
Buffers:           89400 kB
Cached:           780824 kB
MemTotal:        1844596 kB
MemFree:          508984 kB
MemAvailable:    1355432 kB
Buffers:           89400 kB
Cached:           780824 kB
MemTotal:        1844596 kB
MemFree:          508984 kB
MemAvailable:    1355432 kB
Buffers:           89400 kB
Cached:           780824 kB
MemTotal:        1844596 kB
MemFree:          508400 kB
MemAvailable:    1354848 kB
Buffers:           89400 kB
Cached:           780824 kB
MemTotal:        1844596 kB
MemFree:          508652 kB
MemAvailable:    1355100 kB
Buffers:           89400 kB
Cached:           780824 kB
MemTotal:        1844596 kB
MemFree:          508720 kB
MemAvailable:    1355168 kB
Buffers:           89400 kB
Cached:           780824 kB
MemTotal:        1844596 kB
MemFree:          507420 kB
MemAvailable:    1353868 kB
Buffers:           89400 kB
Cached:           780824 kB
MemTotal:        1844596 kB
MemFree:          508396 kB
MemAvailable:    1355012 kB
Buffers:           89400 kB
Cached:           780948 kB
MemTotal:        1844596 kB
MemFree:          508480 kB
MemAvailable:    1355096 kB
Buffers:           89400 kB
Cached:           780948 kB
MemTotal:        1844596 kB
MemFree:          508480 kB
MemAvailable:    1355180 kB
Buffers:           89400 kB
Cached:           781072 kB
MemTotal:        1844596 kB
MemFree:          507440 kB
MemAvailable:    1354224 kB
Buffers:           89400 kB
Cached:           781072 kB
MemTotal:        1844596 kB
MemFree:          508044 kB
MemAvailable:    1354936 kB
Buffers:           89400 kB
Cached:           781388 kB
MemTotal:        1844596 kB
MemFree:          508380 kB
MemAvailable:    1355272 kB
Buffers:           89400 kB
Cached:           781388 kB
MemTotal:        1844596 kB
MemFree:          507804 kB
MemAvailable:    1354864 kB
Buffers:           89400 kB
Cached:           781388 kB
MemTotal:        1844596 kB
MemFree:          507888 kB
MemAvailable:    1354948 kB
Buffers:           89400 kB
Cached:           781388 kB
MemTotal:        1844596 kB
MemFree:          507824 kB
MemAvailable:    1354884 kB
Buffers:           89400 kB
Cached:           781388 kB
MemTotal:        1844596 kB
MemFree:          507924 kB
MemAvailable:    1354984 kB
Buffers:           89400 kB
Cached:           781388 kB
MemTotal:        1844596 kB
MemFree:          508080 kB
MemAvailable:    1355140 kB
Buffers:           89400 kB
Cached:           781388 kB
MemTotal:        1844596 kB
MemFree:          507192 kB
MemAvailable:    1354252 kB
Buffers:           89400 kB
Cached:           781388 kB
MemTotal:        1844596 kB
MemFree:          507924 kB
MemAvailable:    1354984 kB
Buffers:           89400 kB
Cached:           781388 kB
MemTotal:        1844596 kB
MemFree:          507728 kB
MemAvailable:    1354788 kB
Buffers:           89400 kB
Cached:           781388 kB
MemTotal:        1844596 kB
MemFree:          507672 kB
MemAvailable:    1354816 kB
Buffers:           89400 kB
Cached:           781512 kB
MemTotal:        1844596 kB
MemFree:          507756 kB
MemAvailable:    1354900 kB
Buffers:           89400 kB
Cached:           781512 kB
MemTotal:        1844596 kB
MemFree:          507408 kB
MemAvailable:    1353880 kB
Buffers:           89400 kB
Cached:           780796 kB
MemTotal:        1844596 kB
MemFree:          507108 kB
MemAvailable:    1353580 kB
Buffers:           89400 kB
Cached:           780796 kB
MemTotal:        1844596 kB
MemFree:          585912 kB
MemAvailable:    1432384 kB
Buffers:           89400 kB
Cached:           780796 kB
MemTotal:        1844596 kB
MemFree:          700408 kB
MemAvailable:    1546880 kB
Buffers:           89400 kB
Cached:           780796 kB
