MemTotal:        1844596 kB
MemFree:          296744 kB
MemAvailable:    1546684 kB
Buffers:           93592 kB
Cached:          1183744 kB
MemTotal:        1844596 kB
MemFree:          268116 kB
MemAvailable:    1518060 kB
Buffers:           93592 kB
Cached:          1183748 kB
MemTotal:        1844596 kB
MemFree:          266240 kB
MemAvailable:    1516184 kB
Buffers:           93592 kB
Cached:          1183748 kB
MemTotal:        1844596 kB
MemFree:          265376 kB
MemAvailable:    1515320 kB
Buffers:           93592 kB
Cached:          1183748 kB
MemTotal:        1844596 kB
MemFree:          265564 kB
MemAvailable:    1515508 kB
Buffers:           93592 kB
Cached:          1183748 kB
MemTotal:        1844596 kB
MemFree:          264404 kB
MemAvailable:    1514348 kB
Buffers:           93592 kB
Cached:          1183748 kB
MemTotal:        1844596 kB
MemFree:          263892 kB
MemAvailable:    1513836 kB
Buffers:           93592 kB
Cached:          1183748 kB
MemTotal:        1844596 kB
MemFree:          264024 kB
MemAvailable:    1513968 kB
Buffers:           93592 kB
Cached:          1183748 kB
MemTotal:        1844596 kB
MemFree:          259172 kB
MemAvailable:    1509116 kB
Buffers:           93592 kB
Cached:          1183748 kB
MemTotal:        1844596 kB
MemFree:          258940 kB
MemAvailable:    1508884 kB
Buffers:           93592 kB
Cached:          1183748 kB
MemTotal:        1844596 kB
MemFree:          254476 kB
MemAvailable:    1504420 kB
Buffers:           93592 kB
Cached:          1183748 kB
MemTotal:        1844596 kB
MemFree:          255572 kB
MemAvailable:    1505516 kB
Buffers:           93592 kB
Cached:          1183748 kB
MemTotal:        1844596 kB
MemFree:          255372 kB
MemAvailable:    1505316 kB
Buffers:           93592 kB
Cached:          1183748 kB
MemTotal:        1844596 kB
MemFree:          255716 kB
MemAvailable:    1505660 kB
Buffers:           93592 kB
Cached:          1183748 kB
MemTotal:        1844596 kB
MemFree:          254164 kB
MemAvailable:    1504108 kB
Buffers:           93592 kB
Cached:          1183748 kB
MemTotal:        1844596 kB
MemFree:          254164 kB
MemAvailable:    1504108 kB
Buffers:           93592 kB
Cached:          1183748 kB
MemTotal:        1844596 kB
MemFree:          255080 kB
MemAvailable:    1505024 kB
Buffers:           93592 kB
Cached:          1183748 kB
MemTotal:        1844596 kB
MemFree:          254724 kB
MemAvailable:    1504668 kB
Buffers:           93592 kB
Cached:          1183748 kB
MemTotal:        1844596 kB
MemFree:          253420 kB
MemAvailable:    1503364 kB
Buffers:           93592 kB
Cached:          1183748 kB
MemTotal:        1844596 kB
MemFree:          254828 kB
MemAvailable:    1504772 kB
Buffers:           93592 kB
Cached:          1183748 kB
MemTotal:        1844596 kB
MemFree:          255080 kB
MemAvailable:    1505024 kB
Buffers:           93592 kB
Cached:          1183748 kB
MemTotal:        1844596 kB
MemFree:          254800 kB
MemAvailable:    1504744 kB
Buffers:           93592 kB
Cached:          1183748 kB
MemTotal:        1844596 kB
MemFree:          254940 kB
MemAvailable:    1504884 kB
Buffers:           93592 kB
Cached:          1183748 kB
MemTotal:        1844596 kB
MemFree:          254828 kB
MemAvailable:    1504772 kB
Buffers:           93592 kB
Cached:          1183748 kB
MemTotal:        1844596 kB
MemFree:          254228 kB
MemAvailable:    1504172 kB
Buffers:           93592 kB
Cached:          1183748 kB
MemTotal:        1844596 kB
MemFree:          252856 kB
MemAvailable:    1502800 kB
Buffers:           93592 kB
Cached:          1183748 kB
MemTotal:        1844596 kB
MemFree:          253916 kB
MemAvailable:    1503860 kB
Buffers:           93592 kB
Cached:          1183748 kB
MemTotal:        1844596 kB
MemFree:          253784 kB
MemAvailable:    1503728 kB
Buffers:           93592 kB
Cached:          1183748 kB
MemTotal:        1844596 kB
MemFree:          252724 kB
MemAvailable:    1502668 kB
Buffers:           93592 kB
Cached:          1183748 kB
MemTotal:        1844596 kB
MemFree:          252492 kB
MemAvailable:    1502436 kB
Buffers:           93592 kB
Cached:          1183748 kB
MemTotal:        1844596 kB
MemFree:          252560 kB
MemAvailable:    1502504 kB
Buffers:           93592 kB
Cached:          1183748 kB
MemTotal:        1844596 kB
MemFree:          252332 kB
MemAvailable:    1502276 kB
Buffers:           93592 kB
Cached:          1183748 kB
MemTotal:        1844596 kB
MemFree:          252064 kB
MemAvailable:    1502008 kB
Buffers:           93592 kB
Cached:          1183748 kB
MemTotal:        1844596 kB
MemFree:          251500 kB
MemAvailable:    1501444 kB
Buffers:           93592 kB
Cached:          1183748 kB
MemTotal:        1844596 kB
MemFree:          252732 kB
MemAvailable:    1502676 kB
Buffers:           93592 kB
Cached:          1183748 kB
MemTotal:        1844596 kB
MemFree:          252608 kB
MemAvailable:    1502552 kB
Buffers:           93592 kB
Cached:          1183748 kB
MemTotal:        1844596 kB
MemFree:          253640 kB
MemAvailable:    1503584 kB
Buffers:           93592 kB
Cached:          1183748 kB
MemTotal:        1844596 kB
MemFree:          253980 kB
MemAvailable:    1503924 kB
Buffers:           93592 kB
Cached:          1183748 kB
MemTotal:        1844596 kB
MemFree:          252436 kB
MemAvailable:    1502380 kB
Buffers:           93592 kB
Cached:          1183748 kB
MemTotal:        1844596 kB
MemFree:          250500 kB
MemAvailable:    1500448 kB
Buffers:           93592 kB
Cached:          1183752 kB
MemTotal:        1844596 kB
MemFree:          248708 kB
MemAvailable:    1498656 kB
Buffers:           93592 kB
Cached:          1183752 kB
MemTotal:        1844596 kB
MemFree:          248516 kB
MemAvailable:    1498464 kB
Buffers:           93592 kB
Cached:          1183752 kB
MemTotal:        1844596 kB
MemFree:          248036 kB
MemAvailable:    1497984 kB
Buffers:           93592 kB
Cached:          1183752 kB
MemTotal:        1844596 kB
MemFree:          248412 kB
MemAvailable:    1498360 kB
Buffers:           93592 kB
Cached:          1183752 kB
MemTotal:        1844596 kB
MemFree:          248576 kB
MemAvailable:    1498524 kB
Buffers:           93592 kB
Cached:          1183752 kB
MemTotal:        1844596 kB
MemFree:          248576 kB
MemAvailable:    1498524 kB
Buffers:           93592 kB
Cached:          1183752 kB
MemTotal:        1844596 kB
MemFree:          248084 kB
MemAvailable:    1498032 kB
Buffers:           93592 kB
Cached:          1183752 kB
MemTotal:        1844596 kB
MemFree:          248252 kB
MemAvailable:    1498200 kB
Buffers:           93592 kB
Cached:          1183752 kB
MemTotal:        1844596 kB
MemFree:          247948 kB
MemAvailable:    1497896 kB
Buffers:           93592 kB
Cached:          1183752 kB
MemTotal:        1844596 kB
MemFree:          248076 kB
MemAvailable:    1498024 kB
Buffers:           93592 kB
Cached:          1183752 kB
MemTotal:        1844596 kB
MemFree:          247028 kB
MemAvailable:    1496976 kB
Buffers:           93592 kB
Cached:          1183752 kB
MemTotal:        1844596 kB
MemFree:          247940 kB
MemAvailable:    1497888 kB
Buffers:           93592 kB
Cached:          1183752 kB
MemTotal:        1844596 kB
MemFree:          247912 kB
MemAvailable:    1497860 kB
Buffers:           93592 kB
Cached:          1183752 kB
MemTotal:        1844596 kB
MemFree:          247856 kB
MemAvailable:    1497804 kB
Buffers:           93592 kB
Cached:          1183752 kB
MemTotal:        1844596 kB
MemFree:          246736 kB
MemAvailable:    1496684 kB
Buffers:           93592 kB
Cached:          1183752 kB
MemTotal:        1844596 kB
MemFree:          246416 kB
MemAvailable:    1496364 kB
Buffers:           93592 kB
Cached:          1183752 kB
MemTotal:        1844596 kB
MemFree:          241704 kB
MemAvailable:    1491652 kB
Buffers:           93592 kB
Cached:          1183752 kB
MemTotal:        1844596 kB
MemFree:          241208 kB
MemAvailable:    1491156 kB
Buffers:           93592 kB
Cached:          1183752 kB
MemTotal:        1844596 kB
MemFree:          241084 kB
MemAvailable:    1491032 kB
Buffers:           93592 kB
Cached:          1183752 kB
MemTotal:        1844596 kB
MemFree:          240712 kB
MemAvailable:    1490660 kB
Buffers:           93592 kB
Cached:          1183752 kB
MemTotal:        1844596 kB
MemFree:          240376 kB
MemAvailable:    1490324 kB
Buffers:           93592 kB
Cached:          1183752 kB
MemTotal:        1844596 kB
MemFree:          238472 kB
MemAvailable:    1488420 kB
Buffers:           93592 kB
Cached:          1183752 kB
MemTotal:        1844596 kB
MemFree:          239464 kB
MemAvailable:    1489412 kB
Buffers:           93592 kB
Cached:          1183752 kB
MemTotal:        1844596 kB
MemFree:          239548 kB
MemAvailable:    1489496 kB
Buffers:           93592 kB
Cached:          1183752 kB
MemTotal:        1844596 kB
MemFree:          239216 kB
MemAvailable:    1489164 kB
Buffers:           93592 kB
Cached:          1183752 kB
MemTotal:        1844596 kB
MemFree:          239464 kB
MemAvailable:    1489412 kB
Buffers:           93592 kB
Cached:          1183752 kB
MemTotal:        1844596 kB
MemFree:          238100 kB
MemAvailable:    1488048 kB
Buffers:           93592 kB
Cached:          1183752 kB
MemTotal:        1844596 kB
MemFree:          238348 kB
MemAvailable:    1488296 kB
Buffers:           93592 kB
Cached:          1183752 kB
MemTotal:        1844596 kB
MemFree:          239068 kB
MemAvailable:    1489016 kB
Buffers:           93592 kB
Cached:          1183752 kB
MemTotal:        1844596 kB
MemFree:          239236 kB
MemAvailable:    1489184 kB
Buffers:           93592 kB
Cached:          1183752 kB
MemTotal:        1844596 kB
MemFree:          239336 kB
MemAvailable:    1489284 kB
Buffers:           93592 kB
Cached:          1183752 kB
MemTotal:        1844596 kB
MemFree:          238488 kB
MemAvailable:    1488436 kB
Buffers:           93592 kB
Cached:          1183752 kB
MemTotal:        1844596 kB
MemFree:          239340 kB
MemAvailable:    1489288 kB
Buffers:           93592 kB
Cached:          1183752 kB
MemTotal:        1844596 kB
MemFree:          239596 kB
MemAvailable:    1489544 kB
Buffers:           93592 kB
Cached:          1183752 kB
MemTotal:        1844596 kB
MemFree:          238100 kB
MemAvailable:    1488048 kB
Buffers:           93592 kB
Cached:          1183752 kB
MemTotal:        1844596 kB
MemFree:          239288 kB
MemAvailable:    1489236 kB
Buffers:           93592 kB
Cached:          1183752 kB
MemTotal:        1844596 kB
MemFree:          238788 kB
MemAvailable:    1488736 kB
Buffers:           93592 kB
Cached:          1183752 kB
MemTotal:        1844596 kB
MemFree:          238480 kB
MemAvailable:    1488428 kB
Buffers:           93592 kB
Cached:          1183752 kB
MemTotal:        1844596 kB
MemFree:          239024 kB
MemAvailable:    1488972 kB
Buffers:           93592 kB
Cached:          1183752 kB
MemTotal:        1844596 kB
MemFree:          238768 kB
MemAvailable:    1488716 kB
Buffers:           93592 kB
Cached:          1183752 kB
MemTotal:        1844596 kB
MemFree:          237992 kB
MemAvailable:    1487940 kB
Buffers:           93592 kB
Cached:          1183752 kB
MemTotal:        1844596 kB
MemFree:          236108 kB
MemAvailable:    1486056 kB
Buffers:           93592 kB
Cached:          1183752 kB
MemTotal:        1844596 kB
MemFree:          235504 kB
MemAvailable:    1485452 kB
Buffers:           93592 kB
Cached:          1183752 kB
MemTotal:        1844596 kB
MemFree:          232588 kB
MemAvailable:    1482536 kB
Buffers:           93592 kB
Cached:          1183752 kB
MemTotal:        1844596 kB
MemFree:          230852 kB
MemAvailable:    1480800 kB
Buffers:           93592 kB
Cached:          1183752 kB
MemTotal:        1844596 kB
MemFree:          229684 kB
MemAvailable:    1479632 kB
Buffers:           93592 kB
Cached:          1183752 kB
MemTotal:        1844596 kB
MemFree:          230596 kB
MemAvailable:    1480548 kB
Buffers:           93592 kB
Cached:          1183756 kB
MemTotal:        1844596 kB
MemFree:          229552 kB
MemAvailable:    1479504 kB
Buffers:           93592 kB
Cached:          1183756 kB
MemTotal:        1844596 kB
MemFree:          230528 kB
MemAvailable:    1480484 kB
Buffers:           93592 kB
Cached:          1183760 kB
MemTotal:        1844596 kB
MemFree:          230528 kB
MemAvailable:    1480484 kB
Buffers:           93592 kB
Cached:          1183760 kB
MemTotal:        1844596 kB
MemFree:          230592 kB
MemAvailable:    1480548 kB
Buffers:           93592 kB
Cached:          1183760 kB
MemTotal:        1844596 kB
MemFree:          230092 kB
MemAvailable:    1480048 kB
Buffers:           93592 kB
Cached:          1183760 kB
MemTotal:        1844596 kB
MemFree:          230344 kB
MemAvailable:    1480300 kB
Buffers:           93592 kB
Cached:          1183760 kB
MemTotal:        1844596 kB
MemFree:          230344 kB
MemAvailable:    1480300 kB
Buffers:           93592 kB
Cached:          1183760 kB
MemTotal:        1844596 kB
MemFree:          230032 kB
MemAvailable:    1479988 kB
Buffers:           93592 kB
Cached:          1183760 kB
MemTotal:        1844596 kB
MemFree:          230032 kB
MemAvailable:    1479988 kB
Buffers:           93592 kB
Cached:          1183760 kB
MemTotal:        1844596 kB
MemFree:          230368 kB
MemAvailable:    1480324 kB
Buffers:           93592 kB
Cached:          1183760 kB
MemTotal:        1844596 kB
MemFree:          228880 kB
MemAvailable:    1478836 kB
Buffers:           93592 kB
Cached:          1183760 kB
MemTotal:        1844596 kB
MemFree:          228660 kB
MemAvailable:    1478616 kB
Buffers:           93592 kB
Cached:          1183760 kB
MemTotal:        1844596 kB
MemFree:          230308 kB
MemAvailable:    1480264 kB
Buffers:           93592 kB
Cached:          1183760 kB
MemTotal:        1844596 kB
MemFree:          230172 kB
MemAvailable:    1480128 kB
Buffers:           93592 kB
Cached:          1183760 kB
MemTotal:        1844596 kB
MemFree:          230156 kB
MemAvailable:    1480112 kB
Buffers:           93592 kB
Cached:          1183760 kB
MemTotal:        1844596 kB
MemFree:          229868 kB
MemAvailable:    1479824 kB
Buffers:           93592 kB
Cached:          1183760 kB
MemTotal:        1844596 kB
MemFree:          230464 kB
MemAvailable:    1480420 kB
Buffers:           93592 kB
Cached:          1183760 kB
MemTotal:        1844596 kB
MemFree:          228916 kB
MemAvailable:    1478872 kB
Buffers:           93592 kB
Cached:          1183760 kB
MemTotal:        1844596 kB
MemFree:          228784 kB
MemAvailable:    1478740 kB
Buffers:           93592 kB
Cached:          1183760 kB
MemTotal:        1844596 kB
MemFree:          230260 kB
MemAvailable:    1480216 kB
Buffers:           93592 kB
Cached:          1183760 kB
MemTotal:        1844596 kB
MemFree:          230260 kB
MemAvailable:    1480216 kB
Buffers:           93592 kB
Cached:          1183760 kB
MemTotal:        1844596 kB
MemFree:          230332 kB
MemAvailable:    1480288 kB
Buffers:           93592 kB
Cached:          1183760 kB
MemTotal:        1844596 kB
MemFree:          230404 kB
MemAvailable:    1480360 kB
Buffers:           93592 kB
Cached:          1183760 kB
MemTotal:        1844596 kB
MemFree:          230348 kB
MemAvailable:    1480304 kB
Buffers:           93592 kB
Cached:          1183760 kB
MemTotal:        1844596 kB
MemFree:          228976 kB
MemAvailable:    1478932 kB
Buffers:           93592 kB
Cached:          1183760 kB
MemTotal:        1844596 kB
MemFree:          227568 kB
MemAvailable:    1477524 kB
Buffers:           93592 kB
Cached:          1183760 kB
MemTotal:        1844596 kB
MemFree:          224716 kB
MemAvailable:    1474672 kB
Buffers:           93592 kB
Cached:          1183760 kB
MemTotal:        1844596 kB
MemFree:          221360 kB
MemAvailable:    1471316 kB
Buffers:           93592 kB
Cached:          1183760 kB
MemTotal:        1844596 kB
MemFree:          220004 kB
MemAvailable:    1469960 kB
Buffers:           93592 kB
Cached:          1183760 kB
MemTotal:        1844596 kB
MemFree:          221120 kB
MemAvailable:    1471076 kB
Buffers:           93592 kB
Cached:          1183760 kB
MemTotal:        1844596 kB
MemFree:          219756 kB
MemAvailable:    1469712 kB
Buffers:           93592 kB
Cached:          1183760 kB
MemTotal:        1844596 kB
MemFree:          219508 kB
MemAvailable:    1469464 kB
Buffers:           93592 kB
Cached:          1183760 kB
MemTotal:        1844596 kB
MemFree:          219692 kB
MemAvailable:    1469648 kB
Buffers:           93592 kB
Cached:          1183760 kB
MemTotal:        1844596 kB
MemFree:          218268 kB
MemAvailable:    1468224 kB
Buffers:           93592 kB
Cached:          1183760 kB
MemTotal:        1844596 kB
MemFree:          218624 kB
MemAvailable:    1468580 kB
Buffers:           93592 kB
Cached:          1183760 kB
MemTotal:        1844596 kB
MemFree:          218960 kB
MemAvailable:    1468916 kB
Buffers:           93592 kB
Cached:          1183760 kB
MemTotal:        1844596 kB
MemFree:          218500 kB
MemAvailable:    1468456 kB
Buffers:           93592 kB
Cached:          1183760 kB
MemTotal:        1844596 kB
MemFree:          218500 kB
MemAvailable:    1468456 kB
Buffers:           93592 kB
Cached:          1183760 kB
MemTotal:        1844596 kB
MemFree:          218232 kB
MemAvailable:    1468188 kB
Buffers:           93592 kB
Cached:          1183760 kB
MemTotal:        1844596 kB
MemFree:          218316 kB
MemAvailable:    1468272 kB
Buffers:           93592 kB
Cached:          1183760 kB
MemTotal:        1844596 kB
MemFree:          218224 kB
MemAvailable:    1468180 kB
Buffers:           93592 kB
Cached:          1183760 kB
MemTotal:        1844596 kB
MemFree:          218392 kB
MemAvailable:    1468348 kB
Buffers:           93592 kB
Cached:          1183760 kB
MemTotal:        1844596 kB
MemFree:          218452 kB
MemAvailable:    1468408 kB
Buffers:           93592 kB
Cached:          1183760 kB
MemTotal:        1844596 kB
MemFree:          217144 kB
MemAvailable:    1467100 kB
Buffers:           93592 kB
Cached:          1183760 kB
MemTotal:        1844596 kB
MemFree:          217896 kB
MemAvailable:    1467852 kB
Buffers:           93592 kB
Cached:          1183760 kB
MemTotal:        1844596 kB
MemFree:          218432 kB
MemAvailable:    1468388 kB
Buffers:           93592 kB
Cached:          1183760 kB
MemTotal:        1844596 kB
MemFree:          218392 kB
MemAvailable:    1468348 kB
Buffers:           93592 kB
Cached:          1183760 kB
MemTotal:        1844596 kB
MemFree:          218304 kB
MemAvailable:    1468260 kB
Buffers:           93592 kB
Cached:          1183760 kB
MemTotal:        1844596 kB
MemFree:          218328 kB
MemAvailable:    1468284 kB
Buffers:           93592 kB
Cached:          1183760 kB
MemTotal:        1844596 kB
MemFree:          217656 kB
MemAvailable:    1467612 kB
Buffers:           93592 kB
Cached:          1183760 kB
MemTotal:        1844596 kB
MemFree:          218692 kB
MemAvailable:    1468652 kB
Buffers:           93592 kB
Cached:          1183764 kB
MemTotal:        1844596 kB
MemFree:          218376 kB
MemAvailable:    1468336 kB
Buffers:           93592 kB
Cached:          1183764 kB
MemTotal:        1844596 kB
MemFree:          218260 kB
MemAvailable:    1468220 kB
Buffers:           93592 kB
Cached:          1183764 kB
MemTotal:        1844596 kB
MemFree:          218136 kB
MemAvailable:    1468096 kB
Buffers:           93592 kB
Cached:          1183764 kB
MemTotal:        1844596 kB
MemFree:          218392 kB
MemAvailable:    1468352 kB
Buffers:           93592 kB
Cached:          1183764 kB
MemTotal:        1844596 kB
MemFree:          217152 kB
MemAvailable:    1467112 kB
Buffers:           93592 kB
Cached:          1183764 kB
MemTotal:        1844596 kB
MemFree:          218220 kB
MemAvailable:    1468180 kB
Buffers:           93592 kB
Cached:          1183764 kB
MemTotal:        1844596 kB
MemFree:          218252 kB
MemAvailable:    1468212 kB
Buffers:           93592 kB
Cached:          1183764 kB
MemTotal:        1844596 kB
MemFree:          218252 kB
MemAvailable:    1468212 kB
Buffers:           93592 kB
Cached:          1183764 kB
MemTotal:        1844596 kB
MemFree:          218248 kB
MemAvailable:    1468208 kB
Buffers:           93592 kB
Cached:          1183764 kB
MemTotal:        1844596 kB
MemFree:          218584 kB
MemAvailable:    1468544 kB
Buffers:           93592 kB
Cached:          1183764 kB
MemTotal:        1844596 kB
MemFree:          218392 kB
MemAvailable:    1468352 kB
Buffers:           93592 kB
Cached:          1183764 kB
MemTotal:        1844596 kB
MemFree:          216576 kB
MemAvailable:    1466536 kB
Buffers:           93592 kB
Cached:          1183764 kB
MemTotal:        1844596 kB
MemFree:          218640 kB
MemAvailable:    1468600 kB
Buffers:           93592 kB
Cached:          1183764 kB
MemTotal:        1844596 kB
MemFree:          218336 kB
MemAvailable:    1468296 kB
Buffers:           93592 kB
Cached:          1183764 kB
MemTotal:        1844596 kB
MemFree:          217088 kB
MemAvailable:    1467048 kB
Buffers:           93592 kB
Cached:          1183764 kB
MemTotal:        1844596 kB
MemFree:          218232 kB
MemAvailable:    1468192 kB
Buffers:           93592 kB
Cached:          1183764 kB
MemTotal:        1844596 kB
MemFree:          218316 kB
MemAvailable:    1468276 kB
Buffers:           93592 kB
Cached:          1183764 kB
MemTotal:        1844596 kB
MemFree:          218248 kB
MemAvailable:    1468208 kB
Buffers:           93592 kB
Cached:          1183764 kB
MemTotal:        1844596 kB
MemFree:          218376 kB
MemAvailable:    1468336 kB
Buffers:           93592 kB
Cached:          1183764 kB
MemTotal:        1844596 kB
MemFree:          218436 kB
MemAvailable:    1468396 kB
Buffers:           93592 kB
Cached:          1183764 kB
MemTotal:        1844596 kB
MemFree:          217648 kB
MemAvailable:    1467608 kB
Buffers:           93592 kB
Cached:          1183764 kB
MemTotal:        1844596 kB
MemFree:          218240 kB
MemAvailable:    1468200 kB
Buffers:           93592 kB
Cached:          1183764 kB
MemTotal:        1844596 kB
MemFree:          218492 kB
MemAvailable:    1468452 kB
Buffers:           93592 kB
Cached:          1183764 kB
MemTotal:        1844596 kB
MemFree:          218236 kB
MemAvailable:    1468196 kB
Buffers:           93592 kB
Cached:          1183764 kB
MemTotal:        1844596 kB
MemFree:          218488 kB
MemAvailable:    1468448 kB
Buffers:           93592 kB
Cached:          1183764 kB
MemTotal:        1844596 kB
MemFree:          218248 kB
MemAvailable:    1468208 kB
Buffers:           93592 kB
Cached:          1183764 kB
MemTotal:        1844596 kB
MemFree:          218504 kB
MemAvailable:    1468464 kB
Buffers:           93592 kB
Cached:          1183764 kB
MemTotal:        1844596 kB
MemFree:          217084 kB
MemAvailable:    1467044 kB
Buffers:           93592 kB
Cached:          1183764 kB
MemTotal:        1844596 kB
MemFree:          216952 kB
MemAvailable:    1466912 kB
Buffers:           93592 kB
Cached:          1183764 kB
MemTotal:        1844596 kB
MemFree:          218320 kB
MemAvailable:    1468280 kB
Buffers:           93592 kB
Cached:          1183764 kB
MemTotal:        1844596 kB
MemFree:          218320 kB
MemAvailable:    1468280 kB
Buffers:           93592 kB
Cached:          1183764 kB
MemTotal:        1844596 kB
MemFree:          218268 kB
MemAvailable:    1468228 kB
Buffers:           93592 kB
Cached:          1183764 kB
MemTotal:        1844596 kB
MemFree:          216836 kB
MemAvailable:    1466796 kB
Buffers:           93592 kB
Cached:          1183764 kB
MemTotal:        1844596 kB
MemFree:          217936 kB
MemAvailable:    1467896 kB
Buffers:           93592 kB
Cached:          1183764 kB
MemTotal:        1844596 kB
MemFree:          218272 kB
MemAvailable:    1468232 kB
Buffers:           93592 kB
Cached:          1183764 kB
MemTotal:        1844596 kB
MemFree:          216696 kB
MemAvailable:    1466656 kB
Buffers:           93592 kB
Cached:          1183764 kB
MemTotal:        1844596 kB
MemFree:          217916 kB
MemAvailable:    1467876 kB
Buffers:           93592 kB
Cached:          1183764 kB
MemTotal:        1844596 kB
MemFree:          217036 kB
MemAvailable:    1466996 kB
Buffers:           93592 kB
Cached:          1183764 kB
MemTotal:        1844596 kB
MemFree:          217584 kB
MemAvailable:    1467544 kB
Buffers:           93592 kB
Cached:          1183764 kB
MemTotal:        1844596 kB
MemFree:          217920 kB
MemAvailable:    1467880 kB
Buffers:           93592 kB
Cached:          1183764 kB
MemTotal:        1844596 kB
MemFree:          216512 kB
MemAvailable:    1466472 kB
Buffers:           93592 kB
Cached:          1183764 kB
MemTotal:        1844596 kB
MemFree:          217448 kB
MemAvailable:    1467408 kB
Buffers:           93592 kB
Cached:          1183764 kB
MemTotal:        1844596 kB
MemFree:          217700 kB
MemAvailable:    1467660 kB
Buffers:           93592 kB
Cached:          1183764 kB
MemTotal:        1844596 kB
MemFree:          217592 kB
MemAvailable:    1467552 kB
Buffers:           93592 kB
Cached:          1183764 kB
MemTotal:        1844596 kB
MemFree:          217388 kB
MemAvailable:    1467348 kB
Buffers:           93592 kB
Cached:          1183764 kB
MemTotal:        1844596 kB
MemFree:          216416 kB
MemAvailable:    1466376 kB
Buffers:           93592 kB
Cached:          1183764 kB
MemTotal:        1844596 kB
MemFree:          217328 kB
MemAvailable:    1467288 kB
Buffers:           93592 kB
Cached:          1183764 kB
MemTotal:        1844596 kB
MemFree:          217336 kB
MemAvailable:    1467296 kB
Buffers:           93592 kB
Cached:          1183764 kB
MemTotal:        1844596 kB
MemFree:          217336 kB
MemAvailable:    1467296 kB
Buffers:           93592 kB
Cached:          1183764 kB
MemTotal:        1844596 kB
MemFree:          217312 kB
MemAvailable:    1467272 kB
Buffers:           93592 kB
Cached:          1183764 kB
MemTotal:        1844596 kB
MemFree:          217312 kB
MemAvailable:    1467272 kB
Buffers:           93592 kB
Cached:          1183764 kB
MemTotal:        1844596 kB
MemFree:          217336 kB
MemAvailable:    1467296 kB
Buffers:           93592 kB
Cached:          1183764 kB
MemTotal:        1844596 kB
MemFree:          216160 kB
MemAvailable:    1466120 kB
Buffers:           93592 kB
Cached:          1183764 kB
MemTotal:        1844596 kB
MemFree:          217088 kB
MemAvailable:    1467048 kB
Buffers:           93592 kB
Cached:          1183764 kB
MemTotal:        1844596 kB
MemFree:          217424 kB
MemAvailable:    1467384 kB
Buffers:           93592 kB
Cached:          1183764 kB
MemTotal:        1844596 kB
MemFree:          217004 kB
MemAvailable:    1466972 kB
Buffers:           93592 kB
Cached:          1183772 kB
MemTotal:        1844596 kB
MemFree:          217268 kB
MemAvailable:    1467236 kB
Buffers:           93592 kB
Cached:          1183772 kB
MemTotal:        1844596 kB
MemFree:          216120 kB
MemAvailable:    1466088 kB
Buffers:           93592 kB
Cached:          1183772 kB
MemTotal:        1844596 kB
MemFree:          214664 kB
MemAvailable:    1464632 kB
Buffers:           93592 kB
Cached:          1183772 kB
MemTotal:        1844596 kB
MemFree:          214752 kB
MemAvailable:    1464720 kB
Buffers:           93592 kB
Cached:          1183772 kB
MemTotal:        1844596 kB
MemFree:          207968 kB
MemAvailable:    1457936 kB
Buffers:           93592 kB
Cached:          1183772 kB
MemTotal:        1844596 kB
MemFree:          205992 kB
MemAvailable:    1455960 kB
Buffers:           93592 kB
Cached:          1183772 kB
MemTotal:        1844596 kB
MemFree:          205620 kB
MemAvailable:    1455588 kB
Buffers:           93592 kB
Cached:          1183772 kB
MemTotal:        1844596 kB
MemFree:          205248 kB
MemAvailable:    1455216 kB
Buffers:           93592 kB
Cached:          1183772 kB
MemTotal:        1844596 kB
MemFree:          205248 kB
MemAvailable:    1455216 kB
Buffers:           93592 kB
Cached:          1183772 kB
MemTotal:        1844596 kB
MemFree:          205116 kB
MemAvailable:    1455084 kB
Buffers:           93592 kB
Cached:          1183772 kB
MemTotal:        1844596 kB
MemFree:          206356 kB
MemAvailable:    1456324 kB
Buffers:           93592 kB
Cached:          1183772 kB
MemTotal:        1844596 kB
MemFree:          205744 kB
MemAvailable:    1455712 kB
Buffers:           93592 kB
Cached:          1183772 kB
MemTotal:        1844596 kB
MemFree:          203380 kB
MemAvailable:    1453348 kB
Buffers:           93592 kB
Cached:          1183772 kB
MemTotal:        1844596 kB
MemFree:          203512 kB
MemAvailable:    1453480 kB
Buffers:           93592 kB
Cached:          1183772 kB
MemTotal:        1844596 kB
MemFree:          202760 kB
MemAvailable:    1452728 kB
Buffers:           93592 kB
Cached:          1183772 kB
MemTotal:        1844596 kB
MemFree:          202760 kB
MemAvailable:    1452728 kB
Buffers:           93592 kB
Cached:          1183772 kB
MemTotal:        1844596 kB
MemFree:          202628 kB
MemAvailable:    1452596 kB
Buffers:           93592 kB
Cached:          1183772 kB
MemTotal:        1844596 kB
MemFree:          203732 kB
MemAvailable:    1453700 kB
Buffers:           93592 kB
Cached:          1183772 kB
MemTotal:        1844596 kB
MemFree:          203636 kB
MemAvailable:    1453604 kB
Buffers:           93592 kB
Cached:          1183772 kB
MemTotal:        1844596 kB
MemFree:          202464 kB
MemAvailable:    1452432 kB
Buffers:           93592 kB
Cached:          1183772 kB
MemTotal:        1844596 kB
MemFree:          202836 kB
MemAvailable:    1452804 kB
Buffers:           93592 kB
Cached:          1183772 kB
MemTotal:        1844596 kB
MemFree:          202580 kB
MemAvailable:    1452548 kB
Buffers:           93592 kB
Cached:          1183772 kB
MemTotal:        1844596 kB
MemFree:          203888 kB
MemAvailable:    1453856 kB
Buffers:           93592 kB
Cached:          1183772 kB
MemTotal:        1844596 kB
MemFree:          204012 kB
MemAvailable:    1453980 kB
Buffers:           93592 kB
Cached:          1183772 kB
MemTotal:        1844596 kB
MemFree:          203016 kB
MemAvailable:    1452984 kB
Buffers:           93592 kB
Cached:          1183772 kB
MemTotal:        1844596 kB
MemFree:          203932 kB
MemAvailable:    1453900 kB
Buffers:           93592 kB
Cached:          1183772 kB
MemTotal:        1844596 kB
MemFree:          203740 kB
MemAvailable:    1453708 kB
Buffers:           93592 kB
Cached:          1183772 kB
MemTotal:        1844596 kB
MemFree:          202624 kB
MemAvailable:    1452592 kB
Buffers:           93592 kB
Cached:          1183772 kB
MemTotal:        1844596 kB
MemFree:          202644 kB
MemAvailable:    1452612 kB
Buffers:           93592 kB
Cached:          1183772 kB
MemTotal:        1844596 kB
MemFree:          202380 kB
MemAvailable:    1452348 kB
Buffers:           93592 kB
Cached:          1183772 kB
MemTotal:        1844596 kB
MemFree:          202380 kB
MemAvailable:    1452348 kB
Buffers:           93592 kB
Cached:          1183772 kB
MemTotal:        1844596 kB
MemFree:          201828 kB
MemAvailable:    1451796 kB
Buffers:           93592 kB
Cached:          1183772 kB
MemTotal:        1844596 kB
MemFree:          202164 kB
MemAvailable:    1452132 kB
Buffers:           93592 kB
Cached:          1183772 kB
MemTotal:        1844596 kB
MemFree:          200720 kB
MemAvailable:    1450688 kB
Buffers:           93592 kB
Cached:          1183772 kB
MemTotal:        1844596 kB
MemFree:          200892 kB
MemAvailable:    1450860 kB
Buffers:           93592 kB
Cached:          1183772 kB
MemTotal:        1844596 kB
MemFree:          200976 kB
MemAvailable:    1450944 kB
Buffers:           93592 kB
Cached:          1183772 kB
MemTotal:        1844596 kB
MemFree:          200736 kB
MemAvailable:    1450704 kB
Buffers:           93592 kB
Cached:          1183772 kB
MemTotal:        1844596 kB
MemFree:          199544 kB
MemAvailable:    1449512 kB
Buffers:           93592 kB
Cached:          1183772 kB
MemTotal:        1844596 kB
MemFree:          198552 kB
MemAvailable:    1448520 kB
Buffers:           93592 kB
Cached:          1183772 kB
MemTotal:        1844596 kB
MemFree:          199536 kB
MemAvailable:    1449504 kB
Buffers:           93592 kB
Cached:          1183772 kB
MemTotal:        1844596 kB
MemFree:          199536 kB
MemAvailable:    1449504 kB
Buffers:           93592 kB
Cached:          1183772 kB
MemTotal:        1844596 kB
MemFree:          197676 kB
MemAvailable:    1447644 kB
Buffers:           93592 kB
Cached:          1183772 kB
MemTotal:        1844596 kB
MemFree:          197808 kB
MemAvailable:    1447776 kB
Buffers:           93592 kB
Cached:          1183772 kB
MemTotal:        1844596 kB
MemFree:          198740 kB
MemAvailable:    1448708 kB
Buffers:           93592 kB
Cached:          1183772 kB
MemTotal:        1844596 kB
MemFree:          198908 kB
MemAvailable:    1448876 kB
Buffers:           93592 kB
Cached:          1183772 kB
MemTotal:        1844596 kB
MemFree:          198488 kB
MemAvailable:    1448456 kB
Buffers:           93592 kB
Cached:          1183772 kB
MemTotal:        1844596 kB
MemFree:          198824 kB
MemAvailable:    1448792 kB
Buffers:           93592 kB
Cached:          1183772 kB
MemTotal:        1844596 kB
MemFree:          198524 kB
MemAvailable:    1448492 kB
Buffers:           93592 kB
Cached:          1183772 kB
MemTotal:        1844596 kB
MemFree:          198744 kB
MemAvailable:    1448712 kB
Buffers:           93592 kB
Cached:          1183772 kB
MemTotal:        1844596 kB
MemFree:          197384 kB
MemAvailable:    1447352 kB
Buffers:           93592 kB
Cached:          1183772 kB
MemTotal:        1844596 kB
MemFree:          197420 kB
MemAvailable:    1447388 kB
Buffers:           93592 kB
Cached:          1183772 kB
MemTotal:        1844596 kB
MemFree:          198404 kB
MemAvailable:    1448372 kB
Buffers:           93592 kB
Cached:          1183772 kB
MemTotal:        1844596 kB
MemFree:          198656 kB
MemAvailable:    1448624 kB
Buffers:           93592 kB
Cached:          1183772 kB
MemTotal:        1844596 kB
MemFree:          198408 kB
MemAvailable:    1448376 kB
Buffers:           93592 kB
Cached:          1183772 kB
MemTotal:        1844596 kB
MemFree:          198664 kB
MemAvailable:    1448632 kB
Buffers:           93592 kB
Cached:          1183772 kB
MemTotal:        1844596 kB
MemFree:          197292 kB
MemAvailable:    1447260 kB
Buffers:           93592 kB
Cached:          1183772 kB
MemTotal:        1844596 kB
MemFree:          198352 kB
MemAvailable:    1448320 kB
Buffers:           93592 kB
Cached:          1183772 kB
MemTotal:        1844596 kB
MemFree:          198604 kB
MemAvailable:    1448572 kB
Buffers:           93592 kB
Cached:          1183772 kB
MemTotal:        1844596 kB
MemFree:          198540 kB
MemAvailable:    1448508 kB
Buffers:           93592 kB
Cached:          1183772 kB
MemTotal:        1844596 kB
MemFree:          197292 kB
MemAvailable:    1447260 kB
Buffers:           93592 kB
Cached:          1183772 kB
MemTotal:        1844596 kB
MemFree:          198268 kB
MemAvailable:    1448236 kB
Buffers:           93592 kB
Cached:          1183772 kB
MemTotal:        1844596 kB
MemFree:          198436 kB
MemAvailable:    1448404 kB
Buffers:           93592 kB
Cached:          1183772 kB
MemTotal:        1844596 kB
MemFree:          198540 kB
MemAvailable:    1448508 kB
Buffers:           93592 kB
Cached:          1183772 kB
MemTotal:        1844596 kB
MemFree:          197664 kB
MemAvailable:    1447632 kB
Buffers:           93592 kB
Cached:          1183772 kB
MemTotal:        1844596 kB
MemFree:          198492 kB
MemAvailable:    1448460 kB
Buffers:           93592 kB
Cached:          1183772 kB
MemTotal:        1844596 kB
MemFree:          198588 kB
MemAvailable:    1448556 kB
Buffers:           93592 kB
Cached:          1183772 kB
MemTotal:        1844596 kB
MemFree:          198572 kB
MemAvailable:    1448540 kB
Buffers:           93592 kB
Cached:          1183772 kB
MemTotal:        1844596 kB
MemFree:          197620 kB
MemAvailable:    1447588 kB
Buffers:           93592 kB
Cached:          1183772 kB
MemTotal:        1844596 kB
MemFree:          197172 kB
MemAvailable:    1447140 kB
Buffers:           93592 kB
Cached:          1183772 kB
MemTotal:        1844596 kB
MemFree:          197172 kB
MemAvailable:    1447140 kB
Buffers:           93592 kB
Cached:          1183772 kB
MemTotal:        1844596 kB
MemFree:          196496 kB
MemAvailable:    1446464 kB
Buffers:           93592 kB
Cached:          1183772 kB
MemTotal:        1844596 kB
MemFree:          194336 kB
MemAvailable:    1444304 kB
Buffers:           93592 kB
Cached:          1183772 kB
MemTotal:        1844596 kB
MemFree:          193716 kB
MemAvailable:    1443684 kB
Buffers:           93592 kB
Cached:          1183772 kB
MemTotal:        1844596 kB
MemFree:          191732 kB
MemAvailable:    1441700 kB
Buffers:           93592 kB
Cached:          1183772 kB
MemTotal:        1844596 kB
MemFree:          189252 kB
MemAvailable:    1439228 kB
Buffers:           93592 kB
Cached:          1183780 kB
MemTotal:        1844596 kB
MemFree:          186648 kB
MemAvailable:    1436624 kB
Buffers:           93592 kB
Cached:          1183780 kB
MemTotal:        1844596 kB
MemFree:          184920 kB
MemAvailable:    1434900 kB
Buffers:           93592 kB
Cached:          1183784 kB
MemTotal:        1844596 kB
MemFree:          180888 kB
MemAvailable:    1430868 kB
Buffers:           93592 kB
Cached:          1183784 kB
MemTotal:        1844596 kB
MemFree:          180272 kB
MemAvailable:    1430252 kB
Buffers:           93592 kB
Cached:          1183784 kB
MemTotal:        1844596 kB
MemFree:          179040 kB
MemAvailable:    1429020 kB
Buffers:           93592 kB
Cached:          1183784 kB
MemTotal:        1844596 kB
MemFree:          179896 kB
MemAvailable:    1429876 kB
Buffers:           93592 kB
Cached:          1183784 kB
MemTotal:        1844596 kB
MemFree:          178672 kB
MemAvailable:    1428652 kB
Buffers:           93592 kB
Cached:          1183784 kB
MemTotal:        1844596 kB
MemFree:          179824 kB
MemAvailable:    1429804 kB
Buffers:           93592 kB
Cached:          1183784 kB
MemTotal:        1844596 kB
MemFree:          178596 kB
MemAvailable:    1428576 kB
Buffers:           93592 kB
Cached:          1183784 kB
MemTotal:        1844596 kB
MemFree:          179760 kB
MemAvailable:    1429740 kB
Buffers:           93592 kB
Cached:          1183784 kB
MemTotal:        1844596 kB
MemFree:          179760 kB
MemAvailable:    1429740 kB
Buffers:           93592 kB
Cached:          1183784 kB
MemTotal:        1844596 kB
MemFree:          179628 kB
MemAvailable:    1429608 kB
Buffers:           93592 kB
Cached:          1183784 kB
MemTotal:        1844596 kB
MemFree:          178196 kB
MemAvailable:    1428176 kB
Buffers:           93592 kB
Cached:          1183784 kB
MemTotal:        1844596 kB
MemFree:          179296 kB
MemAvailable:    1429276 kB
Buffers:           93592 kB
Cached:          1183784 kB
MemTotal:        1844596 kB
MemFree:          178720 kB
MemAvailable:    1428700 kB
Buffers:           93592 kB
Cached:          1183784 kB
MemTotal:        1844596 kB
MemFree:          178896 kB
MemAvailable:    1428876 kB
Buffers:           93592 kB
Cached:          1183784 kB
MemTotal:        1844596 kB
MemFree:          178720 kB
MemAvailable:    1428700 kB
Buffers:           93592 kB
Cached:          1183784 kB
MemTotal:        1844596 kB
MemFree:          177424 kB
MemAvailable:    1427404 kB
Buffers:           93592 kB
Cached:          1183784 kB
MemTotal:        1844596 kB
MemFree:          178892 kB
MemAvailable:    1428872 kB
Buffers:           93592 kB
Cached:          1183784 kB
MemTotal:        1844596 kB
MemFree:          178812 kB
MemAvailable:    1428792 kB
Buffers:           93592 kB
Cached:          1183784 kB
MemTotal:        1844596 kB
MemFree:          179040 kB
MemAvailable:    1429020 kB
Buffers:           93592 kB
Cached:          1183784 kB
MemTotal:        1844596 kB
MemFree:          178648 kB
MemAvailable:    1428628 kB
Buffers:           93592 kB
Cached:          1183784 kB
MemTotal:        1844596 kB
MemFree:          177964 kB
MemAvailable:    1427944 kB
Buffers:           93592 kB
Cached:          1183784 kB
MemTotal:        1844596 kB
MemFree:          178696 kB
MemAvailable:    1428676 kB
Buffers:           93592 kB
Cached:          1183784 kB
MemTotal:        1844596 kB
MemFree:          178644 kB
MemAvailable:    1428624 kB
Buffers:           93592 kB
Cached:          1183784 kB
MemTotal:        1844596 kB
MemFree:          178644 kB
MemAvailable:    1428624 kB
Buffers:           93592 kB
Cached:          1183784 kB
MemTotal:        1844596 kB
MemFree:          178588 kB
MemAvailable:    1428568 kB
Buffers:           93592 kB
Cached:          1183784 kB
MemTotal:        1844596 kB
MemFree:          177420 kB
MemAvailable:    1427400 kB
Buffers:           93592 kB
Cached:          1183784 kB
MemTotal:        1844596 kB
MemFree:          178712 kB
MemAvailable:    1428692 kB
Buffers:           93592 kB
Cached:          1183784 kB
MemTotal:        1844596 kB
MemFree:          178972 kB
MemAvailable:    1428952 kB
Buffers:           93592 kB
Cached:          1183784 kB
MemTotal:        1844596 kB
MemFree:          178748 kB
MemAvailable:    1428728 kB
Buffers:           93592 kB
Cached:          1183784 kB
MemTotal:        1844596 kB
MemFree:          177696 kB
MemAvailable:    1427676 kB
Buffers:           93592 kB
Cached:          1183784 kB
MemTotal:        1844596 kB
MemFree:          177656 kB
MemAvailable:    1427636 kB
Buffers:           93592 kB
Cached:          1183784 kB
MemTotal:        1844596 kB
MemFree:          178700 kB
MemAvailable:    1428680 kB
Buffers:           93592 kB
Cached:          1183784 kB
MemTotal:        1844596 kB
MemFree:          178636 kB
MemAvailable:    1428616 kB
Buffers:           93592 kB
Cached:          1183784 kB
MemTotal:        1844596 kB
MemFree:          178480 kB
MemAvailable:    1428460 kB
Buffers:           93592 kB
Cached:          1183784 kB
MemTotal:        1844596 kB
MemFree:          178792 kB
MemAvailable:    1428772 kB
Buffers:           93592 kB
Cached:          1183784 kB
MemTotal:        1844596 kB
MemFree:          178960 kB
MemAvailable:    1428940 kB
Buffers:           93592 kB
Cached:          1183784 kB
MemTotal:        1844596 kB
MemFree:          178704 kB
MemAvailable:    1428684 kB
Buffers:           93592 kB
Cached:          1183784 kB
MemTotal:        1844596 kB
MemFree:          178720 kB
MemAvailable:    1428700 kB
Buffers:           93592 kB
Cached:          1183784 kB
MemTotal:        1844596 kB
MemFree:          175248 kB
MemAvailable:    1425228 kB
Buffers:           93592 kB
Cached:          1183784 kB
MemTotal:        1844596 kB
MemFree:          171828 kB
MemAvailable:    1421808 kB
Buffers:           93592 kB
Cached:          1183784 kB
MemTotal:        1844596 kB
MemFree:          169420 kB
MemAvailable:    1419400 kB
Buffers:           93592 kB
Cached:          1183784 kB
MemTotal:        1844596 kB
MemFree:          166692 kB
MemAvailable:    1416672 kB
Buffers:           93592 kB
Cached:          1183784 kB
MemTotal:        1844596 kB
MemFree:          162972 kB
MemAvailable:    1412952 kB
Buffers:           93592 kB
Cached:          1183784 kB
MemTotal:        1844596 kB
MemFree:          161296 kB
MemAvailable:    1411276 kB
Buffers:           93592 kB
Cached:          1183784 kB
MemTotal:        1844596 kB
MemFree:          160924 kB
MemAvailable:    1410904 kB
Buffers:           93592 kB
Cached:          1183784 kB
MemTotal:        1844596 kB
MemFree:          161176 kB
MemAvailable:    1411156 kB
Buffers:           93592 kB
Cached:          1183784 kB
MemTotal:        1844596 kB
MemFree:          159860 kB
MemAvailable:    1409840 kB
Buffers:           93592 kB
Cached:          1183784 kB
MemTotal:        1844596 kB
MemFree:          160904 kB
MemAvailable:    1410884 kB
Buffers:           93592 kB
Cached:          1183784 kB
MemTotal:        1844596 kB
MemFree:          160896 kB
MemAvailable:    1410876 kB
Buffers:           93592 kB
Cached:          1183784 kB
MemTotal:        1844596 kB
MemFree:          160904 kB
MemAvailable:    1410884 kB
Buffers:           93592 kB
Cached:          1183784 kB
MemTotal:        1844596 kB
MemFree:          159972 kB
MemAvailable:    1409952 kB
Buffers:           93592 kB
Cached:          1183784 kB
MemTotal:        1844596 kB
MemFree:          159716 kB
MemAvailable:    1409696 kB
Buffers:           93592 kB
Cached:          1183784 kB
MemTotal:        1844596 kB
MemFree:          160924 kB
MemAvailable:    1410904 kB
Buffers:           93592 kB
Cached:          1183784 kB
MemTotal:        1844596 kB
MemFree:          159616 kB
MemAvailable:    1409596 kB
Buffers:           93592 kB
Cached:          1183784 kB
MemTotal:        1844596 kB
MemFree:          160416 kB
MemAvailable:    1410396 kB
Buffers:           93592 kB
Cached:          1183784 kB
MemTotal:        1844596 kB
MemFree:          160752 kB
MemAvailable:    1410732 kB
Buffers:           93592 kB
Cached:          1183784 kB
MemTotal:        1844596 kB
MemFree:          160460 kB
MemAvailable:    1410440 kB
Buffers:           93592 kB
Cached:          1183784 kB
MemTotal:        1844596 kB
MemFree:          159500 kB
MemAvailable:    1409480 kB
Buffers:           93592 kB
Cached:          1183784 kB
MemTotal:        1844596 kB
MemFree:          160528 kB
MemAvailable:    1410508 kB
Buffers:           93592 kB
Cached:          1183784 kB
MemTotal:        1844596 kB
MemFree:          160528 kB
MemAvailable:    1410508 kB
Buffers:           93592 kB
Cached:          1183784 kB
MemTotal:        1844596 kB
MemFree:          160320 kB
MemAvailable:    1410300 kB
Buffers:           93592 kB
Cached:          1183784 kB
MemTotal:        1844596 kB
MemFree:          159332 kB
MemAvailable:    1409312 kB
Buffers:           93592 kB
Cached:          1183784 kB
MemTotal:        1844596 kB
MemFree:          160796 kB
MemAvailable:    1410776 kB
Buffers:           93592 kB
Cached:          1183784 kB
MemTotal:        1844596 kB
MemFree:          160796 kB
MemAvailable:    1410776 kB
Buffers:           93592 kB
Cached:          1183784 kB
MemTotal:        1844596 kB
MemFree:          160576 kB
MemAvailable:    1410556 kB
Buffers:           93592 kB
Cached:          1183784 kB
MemTotal:        1844596 kB
MemFree:          159756 kB
MemAvailable:    1409736 kB
Buffers:           93592 kB
Cached:          1183784 kB
MemTotal:        1844596 kB
MemFree:          160924 kB
MemAvailable:    1410908 kB
Buffers:           93592 kB
Cached:          1183788 kB
MemTotal:        1844596 kB
MemFree:          160468 kB
MemAvailable:    1410452 kB
Buffers:           93592 kB
Cached:          1183788 kB
MemTotal:        1844596 kB
MemFree:          160552 kB
MemAvailable:    1410536 kB
Buffers:           93592 kB
Cached:          1183788 kB
MemTotal:        1844596 kB
MemFree:          159060 kB
MemAvailable:    1409044 kB
Buffers:           93592 kB
Cached:          1183788 kB
MemTotal:        1844596 kB
MemFree:          160476 kB
MemAvailable:    1410460 kB
Buffers:           93592 kB
Cached:          1183788 kB
MemTotal:        1844596 kB
MemFree:          159308 kB
MemAvailable:    1409292 kB
Buffers:           93592 kB
Cached:          1183788 kB
MemTotal:        1844596 kB
MemFree:          160416 kB
MemAvailable:    1410400 kB
Buffers:           93592 kB
Cached:          1183788 kB
MemTotal:        1844596 kB
MemFree:          160672 kB
MemAvailable:    1410656 kB
Buffers:           93592 kB
Cached:          1183788 kB
MemTotal:        1844596 kB
MemFree:          160452 kB
MemAvailable:    1410440 kB
Buffers:           93592 kB
Cached:          1183792 kB
MemTotal:        1844596 kB
MemFree:          159756 kB
MemAvailable:    1409744 kB
Buffers:           93592 kB
Cached:          1183792 kB
MemTotal:        1844596 kB
MemFree:          156384 kB
MemAvailable:    1406372 kB
Buffers:           93592 kB
Cached:          1183792 kB
MemTotal:        1844596 kB
MemFree:          157320 kB
MemAvailable:    1407308 kB
Buffers:           93592 kB
Cached:          1183792 kB
MemTotal:        1844596 kB
MemFree:          149076 kB
MemAvailable:    1399064 kB
Buffers:           93592 kB
Cached:          1183792 kB
MemTotal:        1844596 kB
MemFree:          148844 kB
MemAvailable:    1398832 kB
Buffers:           93592 kB
Cached:          1183792 kB
MemTotal:        1844596 kB
MemFree:          143628 kB
MemAvailable:    1393616 kB
Buffers:           93592 kB
Cached:          1183792 kB
MemTotal:        1844596 kB
MemFree:          142016 kB
MemAvailable:    1392004 kB
Buffers:           93592 kB
Cached:          1183792 kB
MemTotal:        1844596 kB
MemFree:          143020 kB
MemAvailable:    1393008 kB
Buffers:           93592 kB
Cached:          1183792 kB
MemTotal:        1844596 kB
MemFree:          143184 kB
MemAvailable:    1393172 kB
Buffers:           93592 kB
Cached:          1183792 kB
MemTotal:        1844596 kB
MemFree:          142140 kB
MemAvailable:    1392128 kB
Buffers:           93592 kB
Cached:          1183792 kB
MemTotal:        1844596 kB
MemFree:          143132 kB
MemAvailable:    1393120 kB
Buffers:           93592 kB
Cached:          1183792 kB
MemTotal:        1844596 kB
MemFree:          142148 kB
MemAvailable:    1392012 kB
Buffers:           93592 kB
Cached:          1183792 kB
MemTotal:        1844596 kB
MemFree:          143372 kB
MemAvailable:    1393360 kB
Buffers:           93592 kB
Cached:          1183792 kB
MemTotal:        1844596 kB
MemFree:          142936 kB
MemAvailable:    1392924 kB
Buffers:           93592 kB
Cached:          1183792 kB
MemTotal:        1844596 kB
MemFree:          143020 kB
MemAvailable:    1393008 kB
Buffers:           93592 kB
Cached:          1183792 kB
MemTotal:        1844596 kB
MemFree:          143016 kB
MemAvailable:    1393004 kB
Buffers:           93592 kB
Cached:          1183792 kB
MemTotal:        1844596 kB
MemFree:          143052 kB
MemAvailable:    1393040 kB
Buffers:           93592 kB
Cached:          1183792 kB
MemTotal:        1844596 kB
MemFree:          142848 kB
MemAvailable:    1392836 kB
Buffers:           93592 kB
Cached:          1183792 kB
MemTotal:        1844596 kB
MemFree:          143184 kB
MemAvailable:    1393172 kB
Buffers:           93592 kB
Cached:          1183792 kB
MemTotal:        1844596 kB
MemFree:          141616 kB
MemAvailable:    1391604 kB
Buffers:           93592 kB
Cached:          1183792 kB
MemTotal:        1844596 kB
MemFree:          142936 kB
MemAvailable:    1392924 kB
Buffers:           93592 kB
Cached:          1183792 kB
MemTotal:        1844596 kB
MemFree:          142264 kB
MemAvailable:    1392252 kB
Buffers:           93592 kB
Cached:          1183792 kB
MemTotal:        1844596 kB
MemFree:          141756 kB
MemAvailable:    1391744 kB
Buffers:           93592 kB
Cached:          1183792 kB
MemTotal:        1844596 kB
MemFree:          141756 kB
MemAvailable:    1391744 kB
Buffers:           93592 kB
Cached:          1183792 kB
MemTotal:        1844596 kB
MemFree:          141756 kB
MemAvailable:    1391744 kB
Buffers:           93592 kB
Cached:          1183792 kB
MemTotal:        1844596 kB
MemFree:          142256 kB
MemAvailable:    1392244 kB
Buffers:           93592 kB
Cached:          1183792 kB
MemTotal:        1844596 kB
MemFree:          141984 kB
MemAvailable:    1391972 kB
Buffers:           93592 kB
Cached:          1183792 kB
MemTotal:        1844596 kB
MemFree:          141984 kB
MemAvailable:    1391972 kB
Buffers:           93592 kB
Cached:          1183792 kB
MemTotal:        1844596 kB
MemFree:          140700 kB
MemAvailable:    1390688 kB
Buffers:           93592 kB
Cached:          1183792 kB
MemTotal:        1844596 kB
MemFree:          140744 kB
MemAvailable:    1390732 kB
Buffers:           93592 kB
Cached:          1183792 kB
MemTotal:        1844596 kB
MemFree:          141636 kB
MemAvailable:    1391624 kB
Buffers:           93592 kB
Cached:          1183792 kB
MemTotal:        1844596 kB
MemFree:          141404 kB
MemAvailable:    1391392 kB
Buffers:           93592 kB
Cached:          1183792 kB
MemTotal:        1844596 kB
MemFree:          139032 kB
MemAvailable:    1389020 kB
Buffers:           93592 kB
Cached:          1183792 kB
MemTotal:        1844596 kB
MemFree:          138428 kB
MemAvailable:    1388416 kB
Buffers:           93592 kB
Cached:          1183792 kB
MemTotal:        1844596 kB
MemFree:          136372 kB
MemAvailable:    1386360 kB
Buffers:           93592 kB
Cached:          1183792 kB
MemTotal:        1844596 kB
MemFree:          132576 kB
MemAvailable:    1382564 kB
Buffers:           93592 kB
Cached:          1183792 kB
MemTotal:        1844596 kB
MemFree:          131972 kB
MemAvailable:    1381960 kB
Buffers:           93592 kB
Cached:          1183792 kB
MemTotal:        1844596 kB
MemFree:          127748 kB
MemAvailable:    1377736 kB
Buffers:           93592 kB
Cached:          1183792 kB
MemTotal:        1844596 kB
MemFree:          127144 kB
MemAvailable:    1377132 kB
Buffers:           93592 kB
Cached:          1183792 kB
MemTotal:        1844596 kB
MemFree:          123524 kB
MemAvailable:    1373512 kB
Buffers:           93592 kB
Cached:          1183792 kB
MemTotal:        1844596 kB
MemFree:          122548 kB
MemAvailable:    1372536 kB
Buffers:           93592 kB
Cached:          1183792 kB
MemTotal:        1844596 kB
MemFree:          120316 kB
MemAvailable:    1370304 kB
Buffers:           93592 kB
Cached:          1183792 kB
MemTotal:        1844596 kB
MemFree:          117944 kB
MemAvailable:    1367932 kB
Buffers:           93592 kB
Cached:          1183792 kB
MemTotal:        1844596 kB
MemFree:          118032 kB
MemAvailable:    1368020 kB
Buffers:           93592 kB
Cached:          1183792 kB
MemTotal:        1844596 kB
MemFree:          114488 kB
MemAvailable:    1364476 kB
Buffers:           93592 kB
Cached:          1183792 kB
MemTotal:        1844596 kB
MemFree:          111016 kB
MemAvailable:    1361004 kB
Buffers:           93592 kB
Cached:          1183792 kB
MemTotal:        1844596 kB
MemFree:          110272 kB
MemAvailable:    1360260 kB
Buffers:           93592 kB
Cached:          1183792 kB
MemTotal:        1844596 kB
MemFree:          110008 kB
MemAvailable:    1359996 kB
Buffers:           93592 kB
Cached:          1183792 kB
MemTotal:        1844596 kB
MemFree:          111216 kB
MemAvailable:    1361204 kB
Buffers:           93592 kB
Cached:          1183792 kB
MemTotal:        1844596 kB
MemFree:          111204 kB
MemAvailable:    1361192 kB
Buffers:           93592 kB
Cached:          1183792 kB
MemTotal:        1844596 kB
MemFree:          111372 kB
MemAvailable:    1361360 kB
Buffers:           93592 kB
Cached:          1183792 kB
MemTotal:        1844596 kB
MemFree:          111208 kB
MemAvailable:    1361196 kB
Buffers:           93592 kB
Cached:          1183792 kB
MemTotal:        1844596 kB
MemFree:          111460 kB
MemAvailable:    1361448 kB
Buffers:           93592 kB
Cached:          1183792 kB
MemTotal:        1844596 kB
MemFree:          111084 kB
MemAvailable:    1361072 kB
Buffers:           93592 kB
Cached:          1183792 kB
MemTotal:        1844596 kB
MemFree:          110272 kB
MemAvailable:    1360260 kB
Buffers:           93592 kB
Cached:          1183792 kB
MemTotal:        1844596 kB
MemFree:          109032 kB
MemAvailable:    1359020 kB
Buffers:           93592 kB
Cached:          1183792 kB
MemTotal:        1844596 kB
MemFree:          108900 kB
MemAvailable:    1358888 kB
Buffers:           93592 kB
Cached:          1183792 kB
MemTotal:        1844596 kB
MemFree:          110008 kB
MemAvailable:    1359996 kB
Buffers:           93592 kB
Cached:          1183792 kB
MemTotal:        1844596 kB
MemFree:          109660 kB
MemAvailable:    1359648 kB
Buffers:           93592 kB
Cached:          1183792 kB
MemTotal:        1844596 kB
MemFree:          109884 kB
MemAvailable:    1359872 kB
Buffers:           93592 kB
Cached:          1183792 kB
MemTotal:        1844596 kB
MemFree:          110024 kB
MemAvailable:    1360012 kB
Buffers:           93592 kB
Cached:          1183792 kB
MemTotal:        1844596 kB
MemFree:          108604 kB
MemAvailable:    1358592 kB
Buffers:           93592 kB
Cached:          1183792 kB
MemTotal:        1844596 kB
MemFree:          109844 kB
MemAvailable:    1359832 kB
Buffers:           93592 kB
Cached:          1183792 kB
MemTotal:        1844596 kB
MemFree:          109648 kB
MemAvailable:    1359636 kB
Buffers:           93592 kB
Cached:          1183792 kB
MemTotal:        1844596 kB
MemFree:          108412 kB
MemAvailable:    1358400 kB
Buffers:           93592 kB
Cached:          1183792 kB
MemTotal:        1844596 kB
MemFree:          109156 kB
MemAvailable:    1359144 kB
Buffers:           93592 kB
Cached:          1183792 kB
MemTotal:        1844596 kB
MemFree:          107792 kB
MemAvailable:    1357780 kB
Buffers:           93592 kB
Cached:          1183792 kB
MemTotal:        1844596 kB
MemFree:          108396 kB
MemAvailable:    1358384 kB
Buffers:           93592 kB
Cached:          1183792 kB
MemTotal:        1844596 kB
MemFree:          108288 kB
MemAvailable:    1358276 kB
Buffers:           93592 kB
Cached:          1183792 kB
MemTotal:        1844596 kB
MemFree:          107844 kB
MemAvailable:    1357832 kB
Buffers:           93592 kB
Cached:          1183792 kB
MemTotal:        1844596 kB
MemFree:          107032 kB
MemAvailable:    1357020 kB
Buffers:           93592 kB
Cached:          1183792 kB
MemTotal:        1844596 kB
MemFree:          107368 kB
MemAvailable:    1357356 kB
Buffers:           93592 kB
Cached:          1183792 kB
MemTotal:        1844596 kB
MemFree:          106992 kB
MemAvailable:    1356980 kB
Buffers:           93592 kB
Cached:          1183792 kB
MemTotal:        1844596 kB
MemFree:          107160 kB
MemAvailable:    1357148 kB
Buffers:           93592 kB
Cached:          1183792 kB
MemTotal:        1844596 kB
MemFree:          105552 kB
MemAvailable:    1355540 kB
Buffers:           93592 kB
Cached:          1183792 kB
MemTotal:        1844596 kB
MemFree:          105760 kB
MemAvailable:    1355748 kB
Buffers:           93592 kB
Cached:          1183792 kB
MemTotal:        1844596 kB
MemFree:          105684 kB
MemAvailable:    1355672 kB
Buffers:           93592 kB
Cached:          1183792 kB
MemTotal:        1844596 kB
MemFree:          106876 kB
MemAvailable:    1356864 kB
Buffers:           93592 kB
Cached:          1183792 kB
MemTotal:        1844596 kB
MemFree:          106932 kB
MemAvailable:    1356920 kB
Buffers:           93592 kB
Cached:          1183792 kB
MemTotal:        1844596 kB
MemFree:          106836 kB
MemAvailable:    1356836 kB
Buffers:           93592 kB
Cached:          1183804 kB
MemTotal:        1844596 kB
MemFree:          106932 kB
MemAvailable:    1356932 kB
Buffers:           93592 kB
Cached:          1183804 kB
MemTotal:        1844596 kB
MemFree:          107048 kB
MemAvailable:    1357048 kB
Buffers:           93592 kB
Cached:          1183804 kB
MemTotal:        1844596 kB
MemFree:          105760 kB
MemAvailable:    1355760 kB
Buffers:           93592 kB
Cached:          1183804 kB
MemTotal:        1844596 kB
MemFree:          106908 kB
MemAvailable:    1356908 kB
Buffers:           93592 kB
Cached:          1183804 kB
MemTotal:        1844596 kB
MemFree:          107120 kB
MemAvailable:    1357120 kB
Buffers:           93592 kB
Cached:          1183804 kB
MemTotal:        1844596 kB
MemFree:          105796 kB
MemAvailable:    1355796 kB
Buffers:           93592 kB
Cached:          1183804 kB
MemTotal:        1844596 kB
MemFree:          106856 kB
MemAvailable:    1356856 kB
Buffers:           93592 kB
Cached:          1183804 kB
MemTotal:        1844596 kB
MemFree:          106856 kB
MemAvailable:    1356856 kB
Buffers:           93592 kB
Cached:          1183804 kB
MemTotal:        1844596 kB
MemFree:          107036 kB
MemAvailable:    1357036 kB
Buffers:           93592 kB
Cached:          1183804 kB
MemTotal:        1844596 kB
MemFree:          105664 kB
MemAvailable:    1355664 kB
Buffers:           93592 kB
Cached:          1183804 kB
MemTotal:        1844596 kB
MemFree:          107024 kB
MemAvailable:    1357024 kB
Buffers:           93592 kB
Cached:          1183804 kB
MemTotal:        1844596 kB
MemFree:          107108 kB
MemAvailable:    1357108 kB
Buffers:           93592 kB
Cached:          1183804 kB
MemTotal:        1844596 kB
MemFree:          106736 kB
MemAvailable:    1356736 kB
Buffers:           93592 kB
Cached:          1183804 kB
MemTotal:        1844596 kB
MemFree:          107072 kB
MemAvailable:    1357072 kB
Buffers:           93592 kB
Cached:          1183804 kB
MemTotal:        1844596 kB
MemFree:          105628 kB
MemAvailable:    1355628 kB
Buffers:           93592 kB
Cached:          1183804 kB
MemTotal:        1844596 kB
MemFree:          106856 kB
MemAvailable:    1356856 kB
Buffers:           93592 kB
Cached:          1183804 kB
MemTotal:        1844596 kB
MemFree:          107108 kB
MemAvailable:    1357108 kB
Buffers:           93592 kB
Cached:          1183804 kB
MemTotal:        1844596 kB
MemFree:          105672 kB
MemAvailable:    1355672 kB
Buffers:           93592 kB
Cached:          1183804 kB
MemTotal:        1844596 kB
MemFree:          105664 kB
MemAvailable:    1355664 kB
Buffers:           93592 kB
Cached:          1183804 kB
MemTotal:        1844596 kB
MemFree:          106972 kB
MemAvailable:    1356972 kB
Buffers:           93592 kB
Cached:          1183804 kB
MemTotal:        1844596 kB
MemFree:          106900 kB
MemAvailable:    1356900 kB
Buffers:           93592 kB
Cached:          1183804 kB
MemTotal:        1844596 kB
MemFree:          107152 kB
MemAvailable:    1357152 kB
Buffers:           93592 kB
Cached:          1183804 kB
MemTotal:        1844596 kB
MemFree:          105552 kB
MemAvailable:    1355552 kB
Buffers:           93592 kB
Cached:          1183804 kB
MemTotal:        1844596 kB
MemFree:          106736 kB
MemAvailable:    1356736 kB
Buffers:           93592 kB
Cached:          1183804 kB
MemTotal:        1844596 kB
MemFree:          106992 kB
MemAvailable:    1356992 kB
Buffers:           93592 kB
Cached:          1183804 kB
MemTotal:        1844596 kB
MemFree:          105672 kB
MemAvailable:    1355672 kB
Buffers:           93592 kB
Cached:          1183804 kB
MemTotal:        1844596 kB
MemFree:          106988 kB
MemAvailable:    1356988 kB
Buffers:           93592 kB
Cached:          1183804 kB
MemTotal:        1844596 kB
MemFree:          105668 kB
MemAvailable:    1355668 kB
Buffers:           93592 kB
Cached:          1183804 kB
MemTotal:        1844596 kB
MemFree:          105436 kB
MemAvailable:    1355436 kB
Buffers:           93592 kB
Cached:          1183804 kB
MemTotal:        1844596 kB
MemFree:          103568 kB
MemAvailable:    1353568 kB
Buffers:           93592 kB
Cached:          1183804 kB
MemTotal:        1844596 kB
MemFree:          103212 kB
MemAvailable:    1353212 kB
Buffers:           93592 kB
Cached:          1183804 kB
MemTotal:        1844596 kB
MemFree:          100336 kB
MemAvailable:    1350336 kB
Buffers:           93592 kB
Cached:          1183804 kB
MemTotal:        1844596 kB
MemFree:          100672 kB
MemAvailable:    1350672 kB
Buffers:           93592 kB
Cached:          1183804 kB
MemTotal:        1844596 kB
MemFree:          100344 kB
MemAvailable:    1350344 kB
Buffers:           93592 kB
Cached:          1183804 kB
MemTotal:        1844596 kB
MemFree:           98972 kB
MemAvailable:    1348972 kB
Buffers:           93592 kB
Cached:          1183804 kB
MemTotal:        1844596 kB
MemFree:          100288 kB
MemAvailable:    1350288 kB
Buffers:           93592 kB
Cached:          1183804 kB
MemTotal:        1844596 kB
MemFree:          100092 kB
MemAvailable:    1350092 kB
Buffers:           93592 kB
Cached:          1183804 kB
MemTotal:        1844596 kB
MemFree:          100224 kB
MemAvailable:    1350224 kB
Buffers:           93592 kB
Cached:          1183804 kB
MemTotal:        1844596 kB
MemFree:           99084 kB
MemAvailable:    1349084 kB
Buffers:           93592 kB
Cached:          1183804 kB
MemTotal:        1844596 kB
MemFree:          100260 kB
MemAvailable:    1350260 kB
Buffers:           93592 kB
Cached:          1183804 kB
MemTotal:        1844596 kB
MemFree:          100508 kB
MemAvailable:    1350508 kB
Buffers:           93592 kB
Cached:          1183804 kB
MemTotal:        1844596 kB
MemFree:           98948 kB
MemAvailable:    1348948 kB
Buffers:           93592 kB
Cached:          1183804 kB
MemTotal:        1844596 kB
MemFree:          100056 kB
MemAvailable:    1350056 kB
Buffers:           93592 kB
Cached:          1183804 kB
MemTotal:        1844596 kB
MemFree:           99352 kB
MemAvailable:    1349352 kB
Buffers:           93592 kB
Cached:          1183804 kB
MemTotal:        1844596 kB
MemFree:          100104 kB
MemAvailable:    1350280 kB
Buffers:           93592 kB
Cached:          1183936 kB
MemTotal:        1844596 kB
MemFree:           98740 kB
MemAvailable:    1348916 kB
Buffers:           93592 kB
Cached:          1184060 kB
MemTotal:        1844596 kB
MemFree:           99728 kB
MemAvailable:    1349988 kB
Buffers:           93592 kB
Cached:          1184184 kB
MemTotal:        1844596 kB
MemFree:           99772 kB
MemAvailable:    1350116 kB
Buffers:           93592 kB
Cached:          1184308 kB
MemTotal:        1844596 kB
MemFree:           99600 kB
MemAvailable:    1350112 kB
Buffers:           93592 kB
Cached:          1184432 kB
MemTotal:        1844596 kB
MemFree:           99528 kB
MemAvailable:    1350040 kB
Buffers:           93592 kB
Cached:          1184432 kB
MemTotal:        1844596 kB
MemFree:           99528 kB
MemAvailable:    1350040 kB
Buffers:           93592 kB
Cached:          1184432 kB
MemTotal:        1844596 kB
MemFree:           99212 kB
MemAvailable:    1349808 kB
Buffers:           93592 kB
Cached:          1184432 kB
MemTotal:        1844596 kB
MemFree:           99548 kB
MemAvailable:    1350144 kB
Buffers:           93592 kB
Cached:          1184432 kB
MemTotal:        1844596 kB
MemFree:           98232 kB
MemAvailable:    1348828 kB
Buffers:           93592 kB
Cached:          1184432 kB
MemTotal:        1844596 kB
MemFree:           99588 kB
MemAvailable:    1350184 kB
Buffers:           93592 kB
Cached:          1184432 kB
MemTotal:        1844596 kB
MemFree:           98072 kB
MemAvailable:    1348668 kB
Buffers:           93592 kB
Cached:          1184432 kB
MemTotal:        1844596 kB
MemFree:           98320 kB
MemAvailable:    1348916 kB
Buffers:           93592 kB
Cached:          1184432 kB
MemTotal:        1844596 kB
MemFree:           99412 kB
MemAvailable:    1350092 kB
Buffers:           93592 kB
Cached:          1184556 kB
MemTotal:        1844596 kB
MemFree:           99236 kB
MemAvailable:    1349244 kB
Buffers:           93592 kB
Cached:          1183840 kB
MemTotal:        1844596 kB
MemFree:          124080 kB
MemAvailable:    1374172 kB
Buffers:           93592 kB
Cached:          1183840 kB
MemTotal:        1844596 kB
MemFree:          177560 kB
MemAvailable:    1427568 kB
Buffers:           93592 kB
Cached:          1183840 kB
MemTotal:        1844596 kB
MemFree:          288072 kB
MemAvailable:    1538080 kB
Buffers:           93592 kB
Cached:          1183840 kB
