MemTotal:        1844596 kB
MemFree:          264896 kB
MemAvailable:    1545724 kB
Buffers:          106528 kB
Cached:          1186936 kB
MemTotal:        1844596 kB
MemFree:          237236 kB
MemAvailable:    1518076 kB
Buffers:          106528 kB
Cached:          1186940 kB
MemTotal:        1844596 kB
MemFree:          235872 kB
MemAvailable:    1516712 kB
Buffers:          106528 kB
Cached:          1186940 kB
MemTotal:        1844596 kB
MemFree:          236228 kB
MemAvailable:    1517068 kB
Buffers:          106528 kB
Cached:          1186940 kB
MemTotal:        1844596 kB
MemFree:          235996 kB
MemAvailable:    1516836 kB
Buffers:          106528 kB
Cached:          1186940 kB
MemTotal:        1844596 kB
MemFree:          233764 kB
MemAvailable:    1514604 kB
Buffers:          106528 kB
Cached:          1186940 kB
MemTotal:        1844596 kB
MemFree:          232392 kB
MemAvailable:    1513232 kB
Buffers:          106528 kB
Cached:          1186940 kB
MemTotal:        1844596 kB
MemFree:          230540 kB
MemAvailable:    1511380 kB
Buffers:          106528 kB
Cached:          1186940 kB
MemTotal:        1844596 kB
MemFree:          227192 kB
MemAvailable:    1508032 kB
Buffers:          106528 kB
Cached:          1186940 kB
MemTotal:        1844596 kB
MemFree:          222968 kB
MemAvailable:    1503808 kB
Buffers:          106528 kB
Cached:          1186940 kB
MemTotal:        1844596 kB
MemFree:          222968 kB
MemAvailable:    1503808 kB
Buffers:          106528 kB
Cached:          1186940 kB
MemTotal:        1844596 kB
MemFree:          224972 kB
MemAvailable:    1505812 kB
Buffers:          106528 kB
Cached:          1186940 kB
MemTotal:        1844596 kB
MemFree:          223720 kB
MemAvailable:    1504560 kB
Buffers:          106528 kB
Cached:          1186940 kB
MemTotal:        1844596 kB
MemFree:          223588 kB
MemAvailable:    1504428 kB
Buffers:          106528 kB
Cached:          1186940 kB
MemTotal:        1844596 kB
MemFree:          224696 kB
MemAvailable:    1505536 kB
Buffers:          106528 kB
Cached:          1186940 kB
MemTotal:        1844596 kB
MemFree:          224100 kB
MemAvailable:    1504940 kB
Buffers:          106528 kB
Cached:          1186940 kB
MemTotal:        1844596 kB
MemFree:          224392 kB
MemAvailable:    1505232 kB
Buffers:          106528 kB
Cached:          1186940 kB
MemTotal:        1844596 kB
MemFree:          224344 kB
MemAvailable:    1505184 kB
Buffers:          106528 kB
Cached:          1186940 kB
MemTotal:        1844596 kB
MemFree:          223472 kB
MemAvailable:    1504312 kB
Buffers:          106528 kB
Cached:          1186940 kB
MemTotal:        1844596 kB
MemFree:          224324 kB
MemAvailable:    1505164 kB
Buffers:          106528 kB
Cached:          1186940 kB
MemTotal:        1844596 kB
MemFree:          224408 kB
MemAvailable:    1505248 kB
Buffers:          106528 kB
Cached:          1186940 kB
MemTotal:        1844596 kB
MemFree:          222960 kB
MemAvailable:    1503800 kB
Buffers:          106528 kB
Cached:          1186940 kB
MemTotal:        1844596 kB
MemFree:          224020 kB
MemAvailable:    1504860 kB
Buffers:          106528 kB
Cached:          1186940 kB
MemTotal:        1844596 kB
MemFree:          223720 kB
MemAvailable:    1504560 kB
Buffers:          106528 kB
Cached:          1186940 kB
MemTotal:        1844596 kB
MemFree:          222672 kB
MemAvailable:    1503512 kB
Buffers:          106528 kB
Cached:          1186940 kB
MemTotal:        1844596 kB
MemFree:          222480 kB
MemAvailable:    1503320 kB
Buffers:          106528 kB
Cached:          1186940 kB
MemTotal:        1844596 kB
MemFree:          222728 kB
MemAvailable:    1503568 kB
Buffers:          106528 kB
Cached:          1186940 kB
MemTotal:        1844596 kB
MemFree:          223284 kB
MemAvailable:    1504124 kB
Buffers:          106528 kB
Cached:          1186940 kB
MemTotal:        1844596 kB
MemFree:          222836 kB
MemAvailable:    1503676 kB
Buffers:          106528 kB
Cached:          1186940 kB
MemTotal:        1844596 kB
MemFree:          222836 kB
MemAvailable:    1503676 kB
Buffers:          106528 kB
Cached:          1186940 kB
MemTotal:        1844596 kB
MemFree:          220992 kB
MemAvailable:    1501832 kB
Buffers:          106528 kB
Cached:          1186940 kB
MemTotal:        1844596 kB
MemFree:          220736 kB
MemAvailable:    1501576 kB
Buffers:          106528 kB
Cached:          1186940 kB
MemTotal:        1844596 kB
MemFree:          221984 kB
MemAvailable:    1502824 kB
Buffers:          106528 kB
Cached:          1186940 kB
MemTotal:        1844596 kB
MemFree:          220744 kB
MemAvailable:    1501584 kB
Buffers:          106528 kB
Cached:          1186940 kB
MemTotal:        1844596 kB
MemFree:          221764 kB
MemAvailable:    1502608 kB
Buffers:          106528 kB
Cached:          1186944 kB
MemTotal:        1844596 kB
MemFree:          221736 kB
MemAvailable:    1502580 kB
Buffers:          106528 kB
Cached:          1186944 kB
MemTotal:        1844596 kB
MemFree:          220564 kB
MemAvailable:    1501408 kB
Buffers:          106528 kB
Cached:          1186944 kB
MemTotal:        1844596 kB
MemFree:          220564 kB
MemAvailable:    1501408 kB
Buffers:          106528 kB
Cached:          1186944 kB
MemTotal:        1844596 kB
MemFree:          221860 kB
MemAvailable:    1502704 kB
Buffers:          106528 kB
Cached:          1186944 kB
MemTotal:        1844596 kB
MemFree:          221704 kB
MemAvailable:    1502548 kB
Buffers:          106528 kB
Cached:          1186944 kB
MemTotal:        1844596 kB
MemFree:          221248 kB
MemAvailable:    1502092 kB
Buffers:          106528 kB
Cached:          1186944 kB
MemTotal:        1844596 kB
MemFree:          218388 kB
MemAvailable:    1499232 kB
Buffers:          106528 kB
Cached:          1186944 kB
MemTotal:        1844596 kB
MemFree:          216964 kB
MemAvailable:    1497808 kB
Buffers:          106528 kB
Cached:          1186944 kB
MemTotal:        1844596 kB
MemFree:          215856 kB
MemAvailable:    1496700 kB
Buffers:          106528 kB
Cached:          1186944 kB
MemTotal:        1844596 kB
MemFree:          216308 kB
MemAvailable:    1497152 kB
Buffers:          106528 kB
Cached:          1186944 kB
MemTotal:        1844596 kB
MemFree:          216156 kB
MemAvailable:    1497000 kB
Buffers:          106528 kB
Cached:          1186944 kB
MemTotal:        1844596 kB
MemFree:          216516 kB
MemAvailable:    1497360 kB
Buffers:          106528 kB
Cached:          1186944 kB
MemTotal:        1844596 kB
MemFree:          215144 kB
MemAvailable:    1495988 kB
Buffers:          106528 kB
Cached:          1186944 kB
MemTotal:        1844596 kB
MemFree:          215012 kB
MemAvailable:    1495856 kB
Buffers:          106528 kB
Cached:          1186944 kB
MemTotal:        1844596 kB
MemFree:          215012 kB
MemAvailable:    1495856 kB
Buffers:          106528 kB
Cached:          1186944 kB
MemTotal:        1844596 kB
MemFree:          216336 kB
MemAvailable:    1497180 kB
Buffers:          106528 kB
Cached:          1186944 kB
MemTotal:        1844596 kB
MemFree:          215032 kB
MemAvailable:    1495876 kB
Buffers:          106528 kB
Cached:          1186944 kB
MemTotal:        1844596 kB
MemFree:          214908 kB
MemAvailable:    1495752 kB
Buffers:          106528 kB
Cached:          1186944 kB
MemTotal:        1844596 kB
MemFree:          215744 kB
MemAvailable:    1496588 kB
Buffers:          106528 kB
Cached:          1186944 kB
MemTotal:        1844596 kB
MemFree:          214792 kB
MemAvailable:    1495636 kB
Buffers:          106528 kB
Cached:          1186944 kB
MemTotal:        1844596 kB
MemFree:          214792 kB
MemAvailable:    1495636 kB
Buffers:          106528 kB
Cached:          1186944 kB
MemTotal:        1844596 kB
MemFree:          215976 kB
MemAvailable:    1496820 kB
Buffers:          106528 kB
Cached:          1186944 kB
MemTotal:        1844596 kB
MemFree:          215976 kB
MemAvailable:    1496820 kB
Buffers:          106528 kB
Cached:          1186944 kB
MemTotal:        1844596 kB
MemFree:          210312 kB
MemAvailable:    1491156 kB
Buffers:          106528 kB
Cached:          1186944 kB
MemTotal:        1844596 kB
MemFree:          210204 kB
MemAvailable:    1491048 kB
Buffers:          106528 kB
Cached:          1186944 kB
MemTotal:        1844596 kB
MemFree:          210024 kB
MemAvailable:    1490868 kB
Buffers:          106528 kB
Cached:          1186944 kB
MemTotal:        1844596 kB
MemFree:          209628 kB
MemAvailable:    1490472 kB
Buffers:          106528 kB
Cached:          1186944 kB
MemTotal:        1844596 kB
MemFree:          209212 kB
MemAvailable:    1490056 kB
Buffers:          106528 kB
Cached:          1186944 kB
MemTotal:        1844596 kB
MemFree:          208272 kB
MemAvailable:    1489116 kB
Buffers:          106528 kB
Cached:          1186944 kB
MemTotal:        1844596 kB
MemFree:          207584 kB
MemAvailable:    1488428 kB
Buffers:          106528 kB
Cached:          1186944 kB
MemTotal:        1844596 kB
MemFree:          207476 kB
MemAvailable:    1488320 kB
Buffers:          106528 kB
Cached:          1186944 kB
MemTotal:        1844596 kB
MemFree:          207336 kB
MemAvailable:    1488180 kB
Buffers:          106528 kB
Cached:          1186944 kB
MemTotal:        1844596 kB
MemFree:          207396 kB
MemAvailable:    1488240 kB
Buffers:          106528 kB
Cached:          1186944 kB
MemTotal:        1844596 kB
MemFree:          206076 kB
MemAvailable:    1486920 kB
Buffers:          106528 kB
Cached:          1186944 kB
MemTotal:        1844596 kB
MemFree:          207572 kB
MemAvailable:    1488416 kB
Buffers:          106528 kB
Cached:          1186944 kB
MemTotal:        1844596 kB
MemFree:          207192 kB
MemAvailable:    1488036 kB
Buffers:          106528 kB
Cached:          1186944 kB
MemTotal:        1844596 kB
MemFree:          206864 kB
MemAvailable:    1487708 kB
Buffers:          106528 kB
Cached:          1186944 kB
MemTotal:        1844596 kB
MemFree:          205980 kB
MemAvailable:    1486824 kB
Buffers:          106528 kB
Cached:          1186944 kB
MemTotal:        1844596 kB
MemFree:          206064 kB
MemAvailable:    1486908 kB
Buffers:          106528 kB
Cached:          1186944 kB
MemTotal:        1844596 kB
MemFree:          205924 kB
MemAvailable:    1486768 kB
Buffers:          106528 kB
Cached:          1186944 kB
MemTotal:        1844596 kB
MemFree:          207296 kB
MemAvailable:    1488140 kB
Buffers:          106528 kB
Cached:          1186944 kB
MemTotal:        1844596 kB
MemFree:          207084 kB
MemAvailable:    1487928 kB
Buffers:          106528 kB
Cached:          1186944 kB
MemTotal:        1844596 kB
MemFree:          207168 kB
MemAvailable:    1488012 kB
Buffers:          106528 kB
Cached:          1186944 kB
MemTotal:        1844596 kB
MemFree:          206932 kB
MemAvailable:    1487776 kB
Buffers:          106528 kB
Cached:          1186944 kB
MemTotal:        1844596 kB
MemFree:          206972 kB
MemAvailable:    1487816 kB
Buffers:          106528 kB
Cached:          1186944 kB
MemTotal:        1844596 kB
MemFree:          206988 kB
MemAvailable:    1487832 kB
Buffers:          106528 kB
Cached:          1186944 kB
MemTotal:        1844596 kB
MemFree:          206900 kB
MemAvailable:    1487744 kB
Buffers:          106528 kB
Cached:          1186944 kB
MemTotal:        1844596 kB
MemFree:          206840 kB
MemAvailable:    1487684 kB
Buffers:          106528 kB
Cached:          1186944 kB
MemTotal:        1844596 kB
MemFree:          206864 kB
MemAvailable:    1487708 kB
Buffers:          106528 kB
Cached:          1186944 kB
MemTotal:        1844596 kB
MemFree:          205972 kB
MemAvailable:    1486816 kB
Buffers:          106528 kB
Cached:          1186944 kB
MemTotal:        1844596 kB
MemFree:          205936 kB
MemAvailable:    1486780 kB
Buffers:          106528 kB
Cached:          1186944 kB
MemTotal:        1844596 kB
MemFree:          200904 kB
MemAvailable:    1481748 kB
Buffers:          106528 kB
Cached:          1186944 kB
MemTotal:        1844596 kB
MemFree:          198920 kB
MemAvailable:    1479764 kB
Buffers:          106528 kB
Cached:          1186944 kB
MemTotal:        1844596 kB
MemFree:          198724 kB
MemAvailable:    1479568 kB
Buffers:          106528 kB
Cached:          1186944 kB
MemTotal:        1844596 kB
MemFree:          197500 kB
MemAvailable:    1478344 kB
Buffers:          106528 kB
Cached:          1186944 kB
MemTotal:        1844596 kB
MemFree:          198676 kB
MemAvailable:    1479520 kB
Buffers:          106528 kB
Cached:          1186944 kB
MemTotal:        1844596 kB
MemFree:          198160 kB
MemAvailable:    1479004 kB
Buffers:          106528 kB
Cached:          1186944 kB
MemTotal:        1844596 kB
MemFree:          198300 kB
MemAvailable:    1479144 kB
Buffers:          106528 kB
Cached:          1186944 kB
MemTotal:        1844596 kB
MemFree:          197048 kB
MemAvailable:    1477892 kB
Buffers:          106528 kB
Cached:          1186944 kB
MemTotal:        1844596 kB
MemFree:          197040 kB
MemAvailable:    1477884 kB
Buffers:          106528 kB
Cached:          1186944 kB
MemTotal:        1844596 kB
MemFree:          198396 kB
MemAvailable:    1479240 kB
Buffers:          106528 kB
Cached:          1186944 kB
MemTotal:        1844596 kB
MemFree:          198276 kB
MemAvailable:    1479120 kB
Buffers:          106528 kB
Cached:          1186944 kB
MemTotal:        1844596 kB
MemFree:          198276 kB
MemAvailable:    1479120 kB
Buffers:          106528 kB
Cached:          1186944 kB
MemTotal:        1844596 kB
MemFree:          197000 kB
MemAvailable:    1477844 kB
Buffers:          106528 kB
Cached:          1186944 kB
MemTotal:        1844596 kB
MemFree:          197168 kB
MemAvailable:    1478012 kB
Buffers:          106528 kB
Cached:          1186944 kB
MemTotal:        1844596 kB
MemFree:          196928 kB
MemAvailable:    1477772 kB
Buffers:          106528 kB
Cached:          1186944 kB
MemTotal:        1844596 kB
MemFree:          198376 kB
MemAvailable:    1479220 kB
Buffers:          106528 kB
Cached:          1186944 kB
MemTotal:        1844596 kB
MemFree:          198352 kB
MemAvailable:    1479196 kB
Buffers:          106528 kB
Cached:          1186944 kB
MemTotal:        1844596 kB
MemFree:          196800 kB
MemAvailable:    1477644 kB
Buffers:          106528 kB
Cached:          1186944 kB
MemTotal:        1844596 kB
MemFree:          198236 kB
MemAvailable:    1479080 kB
Buffers:          106528 kB
Cached:          1186944 kB
MemTotal:        1844596 kB
MemFree:          198236 kB
MemAvailable:    1479080 kB
Buffers:          106528 kB
Cached:          1186944 kB
MemTotal:        1844596 kB
MemFree:          198384 kB
MemAvailable:    1479228 kB
Buffers:          106528 kB
Cached:          1186944 kB
MemTotal:        1844596 kB
MemFree:          198300 kB
MemAvailable:    1479144 kB
Buffers:          106528 kB
Cached:          1186944 kB
MemTotal:        1844596 kB
MemFree:          197688 kB
MemAvailable:    1478532 kB
Buffers:          106528 kB
Cached:          1186944 kB
MemTotal:        1844596 kB
MemFree:          198180 kB
MemAvailable:    1479024 kB
Buffers:          106528 kB
Cached:          1186944 kB
MemTotal:        1844596 kB
MemFree:          197132 kB
MemAvailable:    1477976 kB
Buffers:          106528 kB
Cached:          1186944 kB
MemTotal:        1844596 kB
MemFree:          197044 kB
MemAvailable:    1477888 kB
Buffers:          106528 kB
Cached:          1186944 kB
MemTotal:        1844596 kB
MemFree:          198404 kB
MemAvailable:    1479248 kB
Buffers:          106528 kB
Cached:          1186944 kB
MemTotal:        1844596 kB
MemFree:          197556 kB
MemAvailable:    1478400 kB
Buffers:          106528 kB
Cached:          1186944 kB
MemTotal:        1844596 kB
MemFree:          198288 kB
MemAvailable:    1479132 kB
Buffers:          106528 kB
Cached:          1186944 kB
MemTotal:        1844596 kB
MemFree:          197060 kB
MemAvailable:    1477904 kB
Buffers:          106528 kB
Cached:          1186944 kB
MemTotal:        1844596 kB
MemFree:          198300 kB
MemAvailable:    1479144 kB
Buffers:          106528 kB
Cached:          1186944 kB
MemTotal:        1844596 kB
MemFree:          196936 kB
MemAvailable:    1477788 kB
Buffers:          106528 kB
Cached:          1186952 kB
MemTotal:        1844596 kB
MemFree:          197060 kB
MemAvailable:    1477912 kB
Buffers:          106528 kB
Cached:          1186952 kB
MemTotal:        1844596 kB
MemFree:          197060 kB
MemAvailable:    1477912 kB
Buffers:          106528 kB
Cached:          1186952 kB
MemTotal:        1844596 kB
MemFree:          198384 kB
MemAvailable:    1479236 kB
Buffers:          106528 kB
Cached:          1186952 kB
MemTotal:        1844596 kB
MemFree:          197432 kB
MemAvailable:    1478284 kB
Buffers:          106528 kB
Cached:          1186952 kB
MemTotal:        1844596 kB
MemFree:          198204 kB
MemAvailable:    1479060 kB
Buffers:          106528 kB
Cached:          1186956 kB
MemTotal:        1844596 kB
MemFree:          198052 kB
MemAvailable:    1478908 kB
Buffers:          106528 kB
Cached:          1186956 kB
MemTotal:        1844596 kB
MemFree:          195076 kB
MemAvailable:    1475932 kB
Buffers:          106528 kB
Cached:          1186956 kB
MemTotal:        1844596 kB
MemFree:          191480 kB
MemAvailable:    1472336 kB
Buffers:          106528 kB
Cached:          1186956 kB
MemTotal:        1844596 kB
MemFree:          189372 kB
MemAvailable:    1470228 kB
Buffers:          106528 kB
Cached:          1186956 kB
MemTotal:        1844596 kB
MemFree:          186644 kB
MemAvailable:    1467500 kB
Buffers:          106528 kB
Cached:          1186956 kB
MemTotal:        1844596 kB
MemFree:          186520 kB
MemAvailable:    1467376 kB
Buffers:          106528 kB
Cached:          1186956 kB
MemTotal:        1844596 kB
MemFree:          186512 kB
MemAvailable:    1467368 kB
Buffers:          106528 kB
Cached:          1186956 kB
MemTotal:        1844596 kB
MemFree:          186388 kB
MemAvailable:    1467244 kB
Buffers:          106528 kB
Cached:          1186956 kB
MemTotal:        1844596 kB
MemFree:          187832 kB
MemAvailable:    1468688 kB
Buffers:          106528 kB
Cached:          1186956 kB
MemTotal:        1844596 kB
MemFree:          186256 kB
MemAvailable:    1467112 kB
Buffers:          106528 kB
Cached:          1186956 kB
MemTotal:        1844596 kB
MemFree:          186248 kB
MemAvailable:    1467104 kB
Buffers:          106528 kB
Cached:          1186956 kB
MemTotal:        1844596 kB
MemFree:          187496 kB
MemAvailable:    1468352 kB
Buffers:          106528 kB
Cached:          1186956 kB
MemTotal:        1844596 kB
MemFree:          186396 kB
MemAvailable:    1467252 kB
Buffers:          106528 kB
Cached:          1186956 kB
MemTotal:        1844596 kB
MemFree:          186136 kB
MemAvailable:    1466992 kB
Buffers:          106528 kB
Cached:          1186956 kB
MemTotal:        1844596 kB
MemFree:          187544 kB
MemAvailable:    1468400 kB
Buffers:          106528 kB
Cached:          1186956 kB
MemTotal:        1844596 kB
MemFree:          186892 kB
MemAvailable:    1467748 kB
Buffers:          106528 kB
Cached:          1186956 kB
MemTotal:        1844596 kB
MemFree:          187428 kB
MemAvailable:    1468284 kB
Buffers:          106528 kB
Cached:          1186956 kB
MemTotal:        1844596 kB
MemFree:          187388 kB
MemAvailable:    1468244 kB
Buffers:          106528 kB
Cached:          1186956 kB
MemTotal:        1844596 kB
MemFree:          186652 kB
MemAvailable:    1467508 kB
Buffers:          106528 kB
Cached:          1186956 kB
MemTotal:        1844596 kB
MemFree:          187340 kB
MemAvailable:    1468196 kB
Buffers:          106528 kB
Cached:          1186956 kB
MemTotal:        1844596 kB
MemFree:          187592 kB
MemAvailable:    1468448 kB
Buffers:          106528 kB
Cached:          1186956 kB
MemTotal:        1844596 kB
MemFree:          186100 kB
MemAvailable:    1466956 kB
Buffers:          106528 kB
Cached:          1186956 kB
MemTotal:        1844596 kB
MemFree:          186100 kB
MemAvailable:    1466956 kB
Buffers:          106528 kB
Cached:          1186956 kB
MemTotal:        1844596 kB
MemFree:          187396 kB
MemAvailable:    1468252 kB
Buffers:          106528 kB
Cached:          1186956 kB
MemTotal:        1844596 kB
MemFree:          187380 kB
MemAvailable:    1468236 kB
Buffers:          106528 kB
Cached:          1186956 kB
MemTotal:        1844596 kB
MemFree:          187380 kB
MemAvailable:    1468236 kB
Buffers:          106528 kB
Cached:          1186956 kB
MemTotal:        1844596 kB
MemFree:          187308 kB
MemAvailable:    1468164 kB
Buffers:          106528 kB
Cached:          1186956 kB
MemTotal:        1844596 kB
MemFree:          186140 kB
MemAvailable:    1466996 kB
Buffers:          106528 kB
Cached:          1186956 kB
MemTotal:        1844596 kB
MemFree:          187332 kB
MemAvailable:    1468188 kB
Buffers:          106528 kB
Cached:          1186956 kB
MemTotal:        1844596 kB
MemFree:          187584 kB
MemAvailable:    1468440 kB
Buffers:          106528 kB
Cached:          1186956 kB
MemTotal:        1844596 kB
MemFree:          187340 kB
MemAvailable:    1468196 kB
Buffers:          106528 kB
Cached:          1186956 kB
MemTotal:        1844596 kB
MemFree:          187520 kB
MemAvailable:    1468376 kB
Buffers:          106528 kB
Cached:          1186956 kB
MemTotal:        1844596 kB
MemFree:          186644 kB
MemAvailable:    1467500 kB
Buffers:          106528 kB
Cached:          1186956 kB
MemTotal:        1844596 kB
MemFree:          186520 kB
MemAvailable:    1467376 kB
Buffers:          106528 kB
Cached:          1186956 kB
MemTotal:        1844596 kB
MemFree:          187752 kB
MemAvailable:    1468608 kB
Buffers:          106528 kB
Cached:          1186956 kB
MemTotal:        1844596 kB
MemFree:          187364 kB
MemAvailable:    1468220 kB
Buffers:          106528 kB
Cached:          1186956 kB
MemTotal:        1844596 kB
MemFree:          187140 kB
MemAvailable:    1467996 kB
Buffers:          106528 kB
Cached:          1186956 kB
MemTotal:        1844596 kB
MemFree:          186092 kB
MemAvailable:    1466948 kB
Buffers:          106528 kB
Cached:          1186956 kB
MemTotal:        1844596 kB
MemFree:          187368 kB
MemAvailable:    1468224 kB
Buffers:          106528 kB
Cached:          1186956 kB
MemTotal:        1844596 kB
MemFree:          187148 kB
MemAvailable:    1468004 kB
Buffers:          106528 kB
Cached:          1186956 kB
MemTotal:        1844596 kB
MemFree:          187400 kB
MemAvailable:    1468256 kB
Buffers:          106528 kB
Cached:          1186956 kB
MemTotal:        1844596 kB
MemFree:          187248 kB
MemAvailable:    1468104 kB
Buffers:          106528 kB
Cached:          1186956 kB
MemTotal:        1844596 kB
MemFree:          187500 kB
MemAvailable:    1468356 kB
Buffers:          106528 kB
Cached:          1186956 kB
MemTotal:        1844596 kB
MemFree:          187428 kB
MemAvailable:    1468284 kB
Buffers:          106528 kB
Cached:          1186956 kB
MemTotal:        1844596 kB
MemFree:          186252 kB
MemAvailable:    1467108 kB
Buffers:          106528 kB
Cached:          1186956 kB
MemTotal:        1844596 kB
MemFree:          187428 kB
MemAvailable:    1468284 kB
Buffers:          106528 kB
Cached:          1186956 kB
MemTotal:        1844596 kB
MemFree:          186252 kB
MemAvailable:    1467108 kB
Buffers:          106528 kB
Cached:          1186956 kB
MemTotal:        1844596 kB
MemFree:          186244 kB
MemAvailable:    1467100 kB
Buffers:          106528 kB
Cached:          1186956 kB
MemTotal:        1844596 kB
MemFree:          185996 kB
MemAvailable:    1466852 kB
Buffers:          106528 kB
Cached:          1186956 kB
MemTotal:        1844596 kB
MemFree:          187180 kB
MemAvailable:    1468036 kB
Buffers:          106528 kB
Cached:          1186956 kB
MemTotal:        1844596 kB
MemFree:          187432 kB
MemAvailable:    1468288 kB
Buffers:          106528 kB
Cached:          1186956 kB
MemTotal:        1844596 kB
MemFree:          187208 kB
MemAvailable:    1468064 kB
Buffers:          106528 kB
Cached:          1186956 kB
MemTotal:        1844596 kB
MemFree:          185836 kB
MemAvailable:    1466692 kB
Buffers:          106528 kB
Cached:          1186956 kB
MemTotal:        1844596 kB
MemFree:          185520 kB
MemAvailable:    1466376 kB
Buffers:          106528 kB
Cached:          1186956 kB
MemTotal:        1844596 kB
MemFree:          185280 kB
MemAvailable:    1466136 kB
Buffers:          106528 kB
Cached:          1186956 kB
MemTotal:        1844596 kB
MemFree:          186480 kB
MemAvailable:    1467336 kB
Buffers:          106528 kB
Cached:          1186956 kB
MemTotal:        1844596 kB
MemFree:          185280 kB
MemAvailable:    1466136 kB
Buffers:          106528 kB
Cached:          1186956 kB
MemTotal:        1844596 kB
MemFree:          186272 kB
MemAvailable:    1467128 kB
Buffers:          106528 kB
Cached:          1186956 kB
MemTotal:        1844596 kB
MemFree:          184900 kB
MemAvailable:    1465756 kB
Buffers:          106528 kB
Cached:          1186956 kB
MemTotal:        1844596 kB
MemFree:          186200 kB
MemAvailable:    1467056 kB
Buffers:          106528 kB
Cached:          1186956 kB
MemTotal:        1844596 kB
MemFree:          186084 kB
MemAvailable:    1466940 kB
Buffers:          106528 kB
Cached:          1186956 kB
MemTotal:        1844596 kB
MemFree:          186024 kB
MemAvailable:    1466880 kB
Buffers:          106528 kB
Cached:          1186956 kB
MemTotal:        1844596 kB
MemFree:          184728 kB
MemAvailable:    1465584 kB
Buffers:          106528 kB
Cached:          1186956 kB
MemTotal:        1844596 kB
MemFree:          185828 kB
MemAvailable:    1466684 kB
Buffers:          106528 kB
Cached:          1186956 kB
MemTotal:        1844596 kB
MemFree:          186164 kB
MemAvailable:    1467020 kB
Buffers:          106528 kB
Cached:          1186956 kB
MemTotal:        1844596 kB
MemFree:          185836 kB
MemAvailable:    1466692 kB
Buffers:          106528 kB
Cached:          1186956 kB
MemTotal:        1844596 kB
MemFree:          184588 kB
MemAvailable:    1465444 kB
Buffers:          106528 kB
Cached:          1186956 kB
MemTotal:        1844596 kB
MemFree:          184660 kB
MemAvailable:    1465524 kB
Buffers:          106528 kB
Cached:          1186964 kB
MemTotal:        1844596 kB
MemFree:          184660 kB
MemAvailable:    1465524 kB
Buffers:          106528 kB
Cached:          1186964 kB
MemTotal:        1844596 kB
MemFree:          184528 kB
MemAvailable:    1465392 kB
Buffers:          106528 kB
Cached:          1186964 kB
MemTotal:        1844596 kB
MemFree:          185704 kB
MemAvailable:    1466568 kB
Buffers:          106528 kB
Cached:          1186964 kB
MemTotal:        1844596 kB
MemFree:          185636 kB
MemAvailable:    1466500 kB
Buffers:          106528 kB
Cached:          1186964 kB
MemTotal:        1844596 kB
MemFree:          184892 kB
MemAvailable:    1465756 kB
Buffers:          106528 kB
Cached:          1186964 kB
MemTotal:        1844596 kB
MemFree:          185372 kB
MemAvailable:    1466236 kB
Buffers:          106528 kB
Cached:          1186964 kB
MemTotal:        1844596 kB
MemFree:          184608 kB
MemAvailable:    1465472 kB
Buffers:          106528 kB
Cached:          1186964 kB
MemTotal:        1844596 kB
MemFree:          185808 kB
MemAvailable:    1466672 kB
Buffers:          106528 kB
Cached:          1186964 kB
MemTotal:        1844596 kB
MemFree:          185288 kB
MemAvailable:    1466152 kB
Buffers:          106528 kB
Cached:          1186964 kB
MemTotal:        1844596 kB
MemFree:          184240 kB
MemAvailable:    1465104 kB
Buffers:          106528 kB
Cached:          1186964 kB
MemTotal:        1844596 kB
MemFree:          182180 kB
MemAvailable:    1463044 kB
Buffers:          106528 kB
Cached:          1186964 kB
MemTotal:        1844596 kB
MemFree:          177964 kB
MemAvailable:    1458828 kB
Buffers:          106528 kB
Cached:          1186964 kB
MemTotal:        1844596 kB
MemFree:          173996 kB
MemAvailable:    1454860 kB
Buffers:          106528 kB
Cached:          1186964 kB
MemTotal:        1844596 kB
MemFree:          173864 kB
MemAvailable:    1454728 kB
Buffers:          106528 kB
Cached:          1186964 kB
MemTotal:        1844596 kB
MemFree:          173376 kB
MemAvailable:    1454240 kB
Buffers:          106528 kB
Cached:          1186964 kB
MemTotal:        1844596 kB
MemFree:          174228 kB
MemAvailable:    1455092 kB
Buffers:          106528 kB
Cached:          1186964 kB
MemTotal:        1844596 kB
MemFree:          174312 kB
MemAvailable:    1455176 kB
Buffers:          106528 kB
Cached:          1186964 kB
MemTotal:        1844596 kB
MemFree:          172864 kB
MemAvailable:    1453728 kB
Buffers:          106528 kB
Cached:          1186964 kB
MemTotal:        1844596 kB
MemFree:          172632 kB
MemAvailable:    1453496 kB
Buffers:          106528 kB
Cached:          1186964 kB
MemTotal:        1844596 kB
MemFree:          173068 kB
MemAvailable:    1453932 kB
Buffers:          106528 kB
Cached:          1186964 kB
MemTotal:        1844596 kB
MemFree:          171268 kB
MemAvailable:    1452132 kB
Buffers:          106528 kB
Cached:          1186964 kB
MemTotal:        1844596 kB
MemFree:          172324 kB
MemAvailable:    1453188 kB
Buffers:          106528 kB
Cached:          1186964 kB
MemTotal:        1844596 kB
MemFree:          171204 kB
MemAvailable:    1452068 kB
Buffers:          106528 kB
Cached:          1186964 kB
MemTotal:        1844596 kB
MemFree:          170468 kB
MemAvailable:    1451332 kB
Buffers:          106528 kB
Cached:          1186964 kB
MemTotal:        1844596 kB
MemFree:          170276 kB
MemAvailable:    1451140 kB
Buffers:          106528 kB
Cached:          1186964 kB
MemTotal:        1844596 kB
MemFree:          170468 kB
MemAvailable:    1451332 kB
Buffers:          106528 kB
Cached:          1186964 kB
MemTotal:        1844596 kB
MemFree:          170528 kB
MemAvailable:    1451392 kB
Buffers:          106528 kB
Cached:          1186964 kB
MemTotal:        1844596 kB
MemFree:          170628 kB
MemAvailable:    1451492 kB
Buffers:          106528 kB
Cached:          1186964 kB
MemTotal:        1844596 kB
MemFree:          170588 kB
MemAvailable:    1451452 kB
Buffers:          106528 kB
Cached:          1186964 kB
MemTotal:        1844596 kB
MemFree:          169664 kB
MemAvailable:    1450528 kB
Buffers:          106528 kB
Cached:          1186964 kB
MemTotal:        1844596 kB
MemFree:          170588 kB
MemAvailable:    1451456 kB
Buffers:          106528 kB
Cached:          1186968 kB
MemTotal:        1844596 kB
MemFree:          170756 kB
MemAvailable:    1451624 kB
Buffers:          106528 kB
Cached:          1186968 kB
MemTotal:        1844596 kB
MemFree:          170328 kB
MemAvailable:    1451196 kB
Buffers:          106528 kB
Cached:          1186968 kB
MemTotal:        1844596 kB
MemFree:          170100 kB
MemAvailable:    1450968 kB
Buffers:          106528 kB
Cached:          1186968 kB
MemTotal:        1844596 kB
MemFree:          170488 kB
MemAvailable:    1451356 kB
Buffers:          106528 kB
Cached:          1186968 kB
MemTotal:        1844596 kB
MemFree:          170400 kB
MemAvailable:    1451268 kB
Buffers:          106528 kB
Cached:          1186968 kB
MemTotal:        1844596 kB
MemFree:          170636 kB
MemAvailable:    1451504 kB
Buffers:          106528 kB
Cached:          1186968 kB
MemTotal:        1844596 kB
MemFree:          168888 kB
MemAvailable:    1449756 kB
Buffers:          106528 kB
Cached:          1186968 kB
MemTotal:        1844596 kB
MemFree:          168912 kB
MemAvailable:    1449780 kB
Buffers:          106528 kB
Cached:          1186968 kB
MemTotal:        1844596 kB
MemFree:          169608 kB
MemAvailable:    1450476 kB
Buffers:          106528 kB
Cached:          1186968 kB
MemTotal:        1844596 kB
MemFree:          169416 kB
MemAvailable:    1450284 kB
Buffers:          106528 kB
Cached:          1186968 kB
MemTotal:        1844596 kB
MemFree:          168848 kB
MemAvailable:    1449716 kB
Buffers:          106528 kB
Cached:          1186968 kB
MemTotal:        1844596 kB
MemFree:          168592 kB
MemAvailable:    1449460 kB
Buffers:          106528 kB
Cached:          1186968 kB
MemTotal:        1844596 kB
MemFree:          167556 kB
MemAvailable:    1448424 kB
Buffers:          106528 kB
Cached:          1186968 kB
MemTotal:        1844596 kB
MemFree:          168400 kB
MemAvailable:    1449272 kB
Buffers:          106528 kB
Cached:          1186972 kB
MemTotal:        1844596 kB
MemFree:          168540 kB
MemAvailable:    1449412 kB
Buffers:          106528 kB
Cached:          1186972 kB
MemTotal:        1844596 kB
MemFree:          168028 kB
MemAvailable:    1448900 kB
Buffers:          106528 kB
Cached:          1186972 kB
MemTotal:        1844596 kB
MemFree:          167300 kB
MemAvailable:    1448172 kB
Buffers:          106528 kB
Cached:          1186972 kB
MemTotal:        1844596 kB
MemFree:          166556 kB
MemAvailable:    1447428 kB
Buffers:          106528 kB
Cached:          1186972 kB
MemTotal:        1844596 kB
MemFree:          167160 kB
MemAvailable:    1448032 kB
Buffers:          106528 kB
Cached:          1186972 kB
MemTotal:        1844596 kB
MemFree:          167244 kB
MemAvailable:    1448116 kB
Buffers:          106528 kB
Cached:          1186972 kB
MemTotal:        1844596 kB
MemFree:          165756 kB
MemAvailable:    1446628 kB
Buffers:          106528 kB
Cached:          1186972 kB
MemTotal:        1844596 kB
MemFree:          166664 kB
MemAvailable:    1447536 kB
Buffers:          106528 kB
Cached:          1186972 kB
MemTotal:        1844596 kB
MemFree:          165936 kB
MemAvailable:    1446808 kB
Buffers:          106528 kB
Cached:          1186972 kB
MemTotal:        1844596 kB
MemFree:          165260 kB
MemAvailable:    1446132 kB
Buffers:          106528 kB
Cached:          1186972 kB
MemTotal:        1844596 kB
MemFree:          166536 kB
MemAvailable:    1447408 kB
Buffers:          106528 kB
Cached:          1186972 kB
MemTotal:        1844596 kB
MemFree:          166068 kB
MemAvailable:    1446940 kB
Buffers:          106528 kB
Cached:          1186972 kB
MemTotal:        1844596 kB
MemFree:          165184 kB
MemAvailable:    1446056 kB
Buffers:          106528 kB
Cached:          1186972 kB
MemTotal:        1844596 kB
MemFree:          165144 kB
MemAvailable:    1446016 kB
Buffers:          106528 kB
Cached:          1186972 kB
MemTotal:        1844596 kB
MemFree:          166444 kB
MemAvailable:    1447316 kB
Buffers:          106528 kB
Cached:          1186972 kB
MemTotal:        1844596 kB
MemFree:          166564 kB
MemAvailable:    1447436 kB
Buffers:          106528 kB
Cached:          1186972 kB
MemTotal:        1844596 kB
MemFree:          165812 kB
MemAvailable:    1446684 kB
Buffers:          106528 kB
Cached:          1186972 kB
MemTotal:        1844596 kB
MemFree:          165192 kB
MemAvailable:    1446064 kB
Buffers:          106528 kB
Cached:          1186972 kB
MemTotal:        1844596 kB
MemFree:          166176 kB
MemAvailable:    1447048 kB
Buffers:          106528 kB
Cached:          1186972 kB
MemTotal:        1844596 kB
MemFree:          166176 kB
MemAvailable:    1447048 kB
Buffers:          106528 kB
Cached:          1186972 kB
MemTotal:        1844596 kB
MemFree:          164896 kB
MemAvailable:    1445768 kB
Buffers:          106528 kB
Cached:          1186972 kB
MemTotal:        1844596 kB
MemFree:          166356 kB
MemAvailable:    1447228 kB
Buffers:          106528 kB
Cached:          1186972 kB
MemTotal:        1844596 kB
MemFree:          166420 kB
MemAvailable:    1447292 kB
Buffers:          106528 kB
Cached:          1186972 kB
MemTotal:        1844596 kB
MemFree:          166504 kB
MemAvailable:    1447376 kB
Buffers:          106528 kB
Cached:          1186972 kB
MemTotal:        1844596 kB
MemFree:          166380 kB
MemAvailable:    1447252 kB
Buffers:          106528 kB
Cached:          1186972 kB
MemTotal:        1844596 kB
MemFree:          164820 kB
MemAvailable:    1445692 kB
Buffers:          106528 kB
Cached:          1186972 kB
MemTotal:        1844596 kB
MemFree:          166176 kB
MemAvailable:    1447048 kB
Buffers:          106528 kB
Cached:          1186972 kB
MemTotal:        1844596 kB
MemFree:          166176 kB
MemAvailable:    1447048 kB
Buffers:          106528 kB
Cached:          1186972 kB
MemTotal:        1844596 kB
MemFree:          166204 kB
MemAvailable:    1447080 kB
Buffers:          106528 kB
Cached:          1186976 kB
MemTotal:        1844596 kB
MemFree:          166128 kB
MemAvailable:    1447004 kB
Buffers:          106528 kB
Cached:          1186976 kB
MemTotal:        1844596 kB
MemFree:          165936 kB
MemAvailable:    1446812 kB
Buffers:          106528 kB
Cached:          1186976 kB
MemTotal:        1844596 kB
MemFree:          166128 kB
MemAvailable:    1447004 kB
Buffers:          106528 kB
Cached:          1186976 kB
MemTotal:        1844596 kB
MemFree:          165012 kB
MemAvailable:    1445888 kB
Buffers:          106528 kB
Cached:          1186976 kB
MemTotal:        1844596 kB
MemFree:          166432 kB
MemAvailable:    1447308 kB
Buffers:          106528 kB
Cached:          1186976 kB
MemTotal:        1844596 kB
MemFree:          165440 kB
MemAvailable:    1446316 kB
Buffers:          106528 kB
Cached:          1186976 kB
MemTotal:        1844596 kB
MemFree:          163812 kB
MemAvailable:    1444688 kB
Buffers:          106528 kB
Cached:          1186976 kB
MemTotal:        1844596 kB
MemFree:          163952 kB
MemAvailable:    1444828 kB
Buffers:          106528 kB
Cached:          1186976 kB
MemTotal:        1844596 kB
MemFree:          163208 kB
MemAvailable:    1444084 kB
Buffers:          106528 kB
Cached:          1186976 kB
MemTotal:        1844596 kB
MemFree:          162632 kB
MemAvailable:    1443508 kB
Buffers:          106528 kB
Cached:          1186976 kB
MemTotal:        1844596 kB
MemFree:          160728 kB
MemAvailable:    1441604 kB
Buffers:          106528 kB
Cached:          1186976 kB
MemTotal:        1844596 kB
MemFree:          158488 kB
MemAvailable:    1439364 kB
Buffers:          106528 kB
Cached:          1186976 kB
MemTotal:        1844596 kB
MemFree:          157760 kB
MemAvailable:    1438636 kB
Buffers:          106528 kB
Cached:          1186976 kB
MemTotal:        1844596 kB
MemFree:          154776 kB
MemAvailable:    1435652 kB
Buffers:          106528 kB
Cached:          1186976 kB
MemTotal:        1844596 kB
MemFree:          151304 kB
MemAvailable:    1432180 kB
Buffers:          106528 kB
Cached:          1186976 kB
MemTotal:        1844596 kB
MemFree:          149444 kB
MemAvailable:    1430320 kB
Buffers:          106528 kB
Cached:          1186976 kB
MemTotal:        1844596 kB
MemFree:          146708 kB
MemAvailable:    1427584 kB
Buffers:          106528 kB
Cached:          1186976 kB
MemTotal:        1844596 kB
MemFree:          146584 kB
MemAvailable:    1427460 kB
Buffers:          106528 kB
Cached:          1186976 kB
MemTotal:        1844596 kB
MemFree:          146404 kB
MemAvailable:    1427280 kB
Buffers:          106528 kB
Cached:          1186976 kB
MemTotal:        1844596 kB
MemFree:          147936 kB
MemAvailable:    1428812 kB
Buffers:          106528 kB
Cached:          1186976 kB
MemTotal:        1844596 kB
MemFree:          146448 kB
MemAvailable:    1427324 kB
Buffers:          106528 kB
Cached:          1186976 kB
MemTotal:        1844596 kB
MemFree:          147804 kB
MemAvailable:    1428680 kB
Buffers:          106528 kB
Cached:          1186976 kB
MemTotal:        1844596 kB
MemFree:          147376 kB
MemAvailable:    1428252 kB
Buffers:          106528 kB
Cached:          1186976 kB
MemTotal:        1844596 kB
MemFree:          147336 kB
MemAvailable:    1428212 kB
Buffers:          106528 kB
Cached:          1186976 kB
MemTotal:        1844596 kB
MemFree:          146288 kB
MemAvailable:    1427164 kB
Buffers:          106528 kB
Cached:          1186976 kB
MemTotal:        1844596 kB
MemFree:          147648 kB
MemAvailable:    1428524 kB
Buffers:          106528 kB
Cached:          1186976 kB
MemTotal:        1844596 kB
MemFree:          147624 kB
MemAvailable:    1428500 kB
Buffers:          106528 kB
Cached:          1186976 kB
MemTotal:        1844596 kB
MemFree:          147564 kB
MemAvailable:    1428440 kB
Buffers:          106528 kB
Cached:          1186976 kB
MemTotal:        1844596 kB
MemFree:          145972 kB
MemAvailable:    1426848 kB
Buffers:          106528 kB
Cached:          1186976 kB
MemTotal:        1844596 kB
MemFree:          146708 kB
MemAvailable:    1427584 kB
Buffers:          106528 kB
Cached:          1186976 kB
MemTotal:        1844596 kB
MemFree:          145312 kB
MemAvailable:    1426188 kB
Buffers:          106528 kB
Cached:          1186976 kB
MemTotal:        1844596 kB
MemFree:          146676 kB
MemAvailable:    1427552 kB
Buffers:          106528 kB
Cached:          1186976 kB
MemTotal:        1844596 kB
MemFree:          146904 kB
MemAvailable:    1427780 kB
Buffers:          106528 kB
Cached:          1186976 kB
MemTotal:        1844596 kB
MemFree:          145552 kB
MemAvailable:    1426428 kB
Buffers:          106528 kB
Cached:          1186976 kB
MemTotal:        1844596 kB
MemFree:          145476 kB
MemAvailable:    1426352 kB
Buffers:          106528 kB
Cached:          1186976 kB
MemTotal:        1844596 kB
MemFree:          146780 kB
MemAvailable:    1427656 kB
Buffers:          106528 kB
Cached:          1186976 kB
MemTotal:        1844596 kB
MemFree:          146840 kB
MemAvailable:    1427716 kB
Buffers:          106528 kB
Cached:          1186976 kB
MemTotal:        1844596 kB
MemFree:          146628 kB
MemAvailable:    1427504 kB
Buffers:          106528 kB
Cached:          1186976 kB
MemTotal:        1844596 kB
MemFree:          146476 kB
MemAvailable:    1427352 kB
Buffers:          106528 kB
Cached:          1186976 kB
MemTotal:        1844596 kB
MemFree:          146596 kB
MemAvailable:    1427472 kB
Buffers:          106528 kB
Cached:          1186976 kB
MemTotal:        1844596 kB
MemFree:          146788 kB
MemAvailable:    1427664 kB
Buffers:          106528 kB
Cached:          1186976 kB
MemTotal:        1844596 kB
MemFree:          145972 kB
MemAvailable:    1426848 kB
Buffers:          106528 kB
Cached:          1186976 kB
MemTotal:        1844596 kB
MemFree:          145436 kB
MemAvailable:    1426312 kB
Buffers:          106528 kB
Cached:          1186976 kB
MemTotal:        1844596 kB
MemFree:          145436 kB
MemAvailable:    1426312 kB
Buffers:          106528 kB
Cached:          1186976 kB
MemTotal:        1844596 kB
MemFree:          145352 kB
MemAvailable:    1426228 kB
Buffers:          106528 kB
Cached:          1186976 kB
MemTotal:        1844596 kB
MemFree:          146676 kB
MemAvailable:    1427552 kB
Buffers:          106528 kB
Cached:          1186976 kB
MemTotal:        1844596 kB
MemFree:          146944 kB
MemAvailable:    1427820 kB
Buffers:          106528 kB
Cached:          1186976 kB
MemTotal:        1844596 kB
MemFree:          146604 kB
MemAvailable:    1427480 kB
Buffers:          106528 kB
Cached:          1186976 kB
MemTotal:        1844596 kB
MemFree:          145588 kB
MemAvailable:    1426464 kB
Buffers:          106528 kB
Cached:          1186976 kB
MemTotal:        1844596 kB
MemFree:          141492 kB
MemAvailable:    1422368 kB
Buffers:          106528 kB
Cached:          1186976 kB
MemTotal:        1844596 kB
MemFree:          140764 kB
MemAvailable:    1421640 kB
Buffers:          106528 kB
Cached:          1186976 kB
MemTotal:        1844596 kB
MemFree:          138532 kB
MemAvailable:    1419408 kB
Buffers:          106528 kB
Cached:          1186976 kB
MemTotal:        1844596 kB
MemFree:          134176 kB
MemAvailable:    1415052 kB
Buffers:          106528 kB
Cached:          1186976 kB
MemTotal:        1844596 kB
MemFree:          133572 kB
MemAvailable:    1414448 kB
Buffers:          106528 kB
Cached:          1186976 kB
MemTotal:        1844596 kB
MemFree:          130532 kB
MemAvailable:    1411408 kB
Buffers:          106528 kB
Cached:          1186976 kB
MemTotal:        1844596 kB
MemFree:          127496 kB
MemAvailable:    1408372 kB
Buffers:          106528 kB
Cached:          1186976 kB
MemTotal:        1844596 kB
MemFree:          128348 kB
MemAvailable:    1409224 kB
Buffers:          106528 kB
Cached:          1186976 kB
MemTotal:        1844596 kB
MemFree:          128240 kB
MemAvailable:    1409116 kB
Buffers:          106528 kB
Cached:          1186976 kB
MemTotal:        1844596 kB
MemFree:          128476 kB
MemAvailable:    1409352 kB
Buffers:          106528 kB
Cached:          1186976 kB
MemTotal:        1844596 kB
MemFree:          128532 kB
MemAvailable:    1409408 kB
Buffers:          106528 kB
Cached:          1186976 kB
MemTotal:        1844596 kB
MemFree:          127744 kB
MemAvailable:    1408620 kB
Buffers:          106528 kB
Cached:          1186976 kB
MemTotal:        1844596 kB
MemFree:          128376 kB
MemAvailable:    1409256 kB
Buffers:          106528 kB
Cached:          1186980 kB
MemTotal:        1844596 kB
MemFree:          128504 kB
MemAvailable:    1409384 kB
Buffers:          106528 kB
Cached:          1186980 kB
MemTotal:        1844596 kB
MemFree:          128300 kB
MemAvailable:    1409180 kB
Buffers:          106528 kB
Cached:          1186980 kB
MemTotal:        1844596 kB
MemFree:          128552 kB
MemAvailable:    1409432 kB
Buffers:          106528 kB
Cached:          1186980 kB
MemTotal:        1844596 kB
MemFree:          127192 kB
MemAvailable:    1408072 kB
Buffers:          106528 kB
Cached:          1186980 kB
MemTotal:        1844596 kB
MemFree:          127192 kB
MemAvailable:    1408072 kB
Buffers:          106528 kB
Cached:          1186980 kB
MemTotal:        1844596 kB
MemFree:          127192 kB
MemAvailable:    1408072 kB
Buffers:          106528 kB
Cached:          1186980 kB
MemTotal:        1844596 kB
MemFree:          127116 kB
MemAvailable:    1408000 kB
Buffers:          106528 kB
Cached:          1186984 kB
MemTotal:        1844596 kB
MemFree:          127324 kB
MemAvailable:    1408208 kB
Buffers:          106528 kB
Cached:          1186984 kB
MemTotal:        1844596 kB
MemFree:          127200 kB
MemAvailable:    1408084 kB
Buffers:          106528 kB
Cached:          1186984 kB
MemTotal:        1844596 kB
MemFree:          127496 kB
MemAvailable:    1408380 kB
Buffers:          106528 kB
Cached:          1186984 kB
MemTotal:        1844596 kB
MemFree:          128184 kB
MemAvailable:    1409068 kB
Buffers:          106528 kB
Cached:          1186984 kB
MemTotal:        1844596 kB
MemFree:          128076 kB
MemAvailable:    1408960 kB
Buffers:          106528 kB
Cached:          1186984 kB
MemTotal:        1844596 kB
MemFree:          127120 kB
MemAvailable:    1408004 kB
Buffers:          106528 kB
Cached:          1186984 kB
MemTotal:        1844596 kB
MemFree:          127196 kB
MemAvailable:    1408080 kB
Buffers:          106528 kB
Cached:          1186984 kB
MemTotal:        1844596 kB
MemFree:          128416 kB
MemAvailable:    1409300 kB
Buffers:          106528 kB
Cached:          1186984 kB
MemTotal:        1844596 kB
MemFree:          128344 kB
MemAvailable:    1409228 kB
Buffers:          106528 kB
Cached:          1186984 kB
MemTotal:        1844596 kB
MemFree:          128596 kB
MemAvailable:    1409480 kB
Buffers:          106528 kB
Cached:          1186984 kB
MemTotal:        1844596 kB
MemFree:          128284 kB
MemAvailable:    1409168 kB
Buffers:          106528 kB
Cached:          1186984 kB
MemTotal:        1844596 kB
MemFree:          128480 kB
MemAvailable:    1409364 kB
Buffers:          106528 kB
Cached:          1186984 kB
MemTotal:        1844596 kB
MemFree:          128620 kB
MemAvailable:    1409504 kB
Buffers:          106528 kB
Cached:          1186984 kB
MemTotal:        1844596 kB
MemFree:          128368 kB
MemAvailable:    1409252 kB
Buffers:          106528 kB
Cached:          1186984 kB
MemTotal:        1844596 kB
MemFree:          128244 kB
MemAvailable:    1409128 kB
Buffers:          106528 kB
Cached:          1186984 kB
MemTotal:        1844596 kB
MemFree:          127068 kB
MemAvailable:    1407952 kB
Buffers:          106528 kB
Cached:          1186984 kB
MemTotal:        1844596 kB
MemFree:          127236 kB
MemAvailable:    1408120 kB
Buffers:          106528 kB
Cached:          1186984 kB
MemTotal:        1844596 kB
MemFree:          127608 kB
MemAvailable:    1408492 kB
Buffers:          106528 kB
Cached:          1186984 kB
MemTotal:        1844596 kB
MemFree:          127236 kB
MemAvailable:    1408120 kB
Buffers:          106528 kB
Cached:          1186984 kB
MemTotal:        1844596 kB
MemFree:          128476 kB
MemAvailable:    1409360 kB
Buffers:          106528 kB
Cached:          1186984 kB
MemTotal:        1844596 kB
MemFree:          127496 kB
MemAvailable:    1408380 kB
Buffers:          106528 kB
Cached:          1186984 kB
MemTotal:        1844596 kB
MemFree:          128232 kB
MemAvailable:    1409120 kB
Buffers:          106528 kB
Cached:          1186988 kB
MemTotal:        1844596 kB
MemFree:          128488 kB
MemAvailable:    1409376 kB
Buffers:          106528 kB
Cached:          1186988 kB
MemTotal:        1844596 kB
MemFree:          122776 kB
MemAvailable:    1403664 kB
Buffers:          106528 kB
Cached:          1186988 kB
MemTotal:        1844596 kB
MemFree:          119428 kB
MemAvailable:    1400316 kB
Buffers:          106528 kB
Cached:          1186988 kB
MemTotal:        1844596 kB
MemFree:          113972 kB
MemAvailable:    1394860 kB
Buffers:          106528 kB
Cached:          1186988 kB
MemTotal:        1844596 kB
MemFree:          113732 kB
MemAvailable:    1394620 kB
Buffers:          106528 kB
Cached:          1186988 kB
MemTotal:        1844596 kB
MemFree:          110012 kB
MemAvailable:    1390900 kB
Buffers:          106528 kB
Cached:          1186988 kB
MemTotal:        1844596 kB
MemFree:          111056 kB
MemAvailable:    1391944 kB
Buffers:          106528 kB
Cached:          1186988 kB
MemTotal:        1844596 kB
MemFree:          110004 kB
MemAvailable:    1390892 kB
Buffers:          106528 kB
Cached:          1186988 kB
MemTotal:        1844596 kB
MemFree:          110572 kB
MemAvailable:    1391460 kB
Buffers:          106528 kB
Cached:          1186988 kB
MemTotal:        1844596 kB
MemFree:          109092 kB
MemAvailable:    1389980 kB
Buffers:          106528 kB
Cached:          1186988 kB
MemTotal:        1844596 kB
MemFree:          109948 kB
MemAvailable:    1390836 kB
Buffers:          106528 kB
Cached:          1186988 kB
MemTotal:        1844596 kB
MemFree:          108724 kB
MemAvailable:    1389612 kB
Buffers:          106528 kB
Cached:          1186988 kB
MemTotal:        1844596 kB
MemFree:          110024 kB
MemAvailable:    1390912 kB
Buffers:          106528 kB
Cached:          1186988 kB
MemTotal:        1844596 kB
MemFree:          110020 kB
MemAvailable:    1390908 kB
Buffers:          106528 kB
Cached:          1186988 kB
MemTotal:        1844596 kB
MemFree:          109660 kB
MemAvailable:    1390548 kB
Buffers:          106528 kB
Cached:          1186988 kB
MemTotal:        1844596 kB
MemFree:          108400 kB
MemAvailable:    1389288 kB
Buffers:          106528 kB
Cached:          1186988 kB
MemTotal:        1844596 kB
MemFree:          109764 kB
MemAvailable:    1390652 kB
Buffers:          106528 kB
Cached:          1186988 kB
MemTotal:        1844596 kB
MemFree:          109632 kB
MemAvailable:    1390520 kB
Buffers:          106528 kB
Cached:          1186988 kB
MemTotal:        1844596 kB
MemFree:          109204 kB
MemAvailable:    1390092 kB
Buffers:          106528 kB
Cached:          1186988 kB
MemTotal:        1844596 kB
MemFree:          108400 kB
MemAvailable:    1389288 kB
Buffers:          106528 kB
Cached:          1186988 kB
MemTotal:        1844596 kB
MemFree:          109020 kB
MemAvailable:    1389908 kB
Buffers:          106528 kB
Cached:          1186988 kB
MemTotal:        1844596 kB
MemFree:          108868 kB
MemAvailable:    1389756 kB
Buffers:          106528 kB
Cached:          1186988 kB
MemTotal:        1844596 kB
MemFree:          108640 kB
MemAvailable:    1389528 kB
Buffers:          106528 kB
Cached:          1186988 kB
MemTotal:        1844596 kB
MemFree:          107268 kB
MemAvailable:    1388156 kB
Buffers:          106528 kB
Cached:          1186988 kB
MemTotal:        1844596 kB
MemFree:          107268 kB
MemAvailable:    1388156 kB
Buffers:          106528 kB
Cached:          1186988 kB
MemTotal:        1844596 kB
MemFree:          105672 kB
MemAvailable:    1386560 kB
Buffers:          106528 kB
Cached:          1186988 kB
MemTotal:        1844596 kB
MemFree:          106292 kB
MemAvailable:    1387180 kB
Buffers:          106528 kB
Cached:          1186988 kB
MemTotal:        1844596 kB
MemFree:          106128 kB
MemAvailable:    1387016 kB
Buffers:          106528 kB
Cached:          1186988 kB
MemTotal:        1844596 kB
MemFree:          104624 kB
MemAvailable:    1385512 kB
Buffers:          106528 kB
Cached:          1186988 kB
MemTotal:        1844596 kB
MemFree:          103256 kB
MemAvailable:    1384144 kB
Buffers:          106528 kB
Cached:          1186988 kB
MemTotal:        1844596 kB
MemFree:          103848 kB
MemAvailable:    1384736 kB
Buffers:          106528 kB
Cached:          1186988 kB
MemTotal:        1844596 kB
MemFree:          103944 kB
MemAvailable:    1384832 kB
Buffers:          106528 kB
Cached:          1186988 kB
MemTotal:        1844596 kB
MemFree:          103824 kB
MemAvailable:    1384712 kB
Buffers:          106528 kB
Cached:          1186988 kB
MemTotal:        1844596 kB
MemFree:          102636 kB
MemAvailable:    1383524 kB
Buffers:          106528 kB
Cached:          1186988 kB
MemTotal:        1844596 kB
MemFree:          103920 kB
MemAvailable:    1384808 kB
Buffers:          106528 kB
Cached:          1186988 kB
MemTotal:        1844596 kB
MemFree:          103724 kB
MemAvailable:    1384612 kB
Buffers:          106528 kB
Cached:          1186988 kB
MemTotal:        1844596 kB
MemFree:          102632 kB
MemAvailable:    1383520 kB
Buffers:          106528 kB
Cached:          1186988 kB
MemTotal:        1844596 kB
MemFree:          102872 kB
MemAvailable:    1383760 kB
Buffers:          106528 kB
Cached:          1186988 kB
MemTotal:        1844596 kB
MemFree:          101828 kB
MemAvailable:    1382716 kB
Buffers:          106528 kB
Cached:          1186988 kB
MemTotal:        1844596 kB
MemFree:          102500 kB
MemAvailable:    1383388 kB
Buffers:          106528 kB
Cached:          1186988 kB
MemTotal:        1844596 kB
MemFree:          101464 kB
MemAvailable:    1382352 kB
Buffers:          106528 kB
Cached:          1186988 kB
MemTotal:        1844596 kB
MemFree:          102184 kB
MemAvailable:    1383072 kB
Buffers:          106528 kB
Cached:          1186988 kB
MemTotal:        1844596 kB
MemFree:          101952 kB
MemAvailable:    1382840 kB
Buffers:          106528 kB
Cached:          1186988 kB
MemTotal:        1844596 kB
MemFree:          102312 kB
MemAvailable:    1383200 kB
Buffers:          106528 kB
Cached:          1186988 kB
MemTotal:        1844596 kB
MemFree:          102284 kB
MemAvailable:    1383172 kB
Buffers:          106528 kB
Cached:          1186988 kB
MemTotal:        1844596 kB
MemFree:          101456 kB
MemAvailable:    1382344 kB
Buffers:          106528 kB
Cached:          1186988 kB
MemTotal:        1844596 kB
MemFree:          102056 kB
MemAvailable:    1382944 kB
Buffers:          106528 kB
Cached:          1186988 kB
MemTotal:        1844596 kB
MemFree:          102312 kB
MemAvailable:    1383200 kB
Buffers:          106528 kB
Cached:          1186988 kB
MemTotal:        1844596 kB
MemFree:          101024 kB
MemAvailable:    1381912 kB
Buffers:          106528 kB
Cached:          1186988 kB
MemTotal:        1844596 kB
MemFree:          100900 kB
MemAvailable:    1381788 kB
Buffers:          106528 kB
Cached:          1186988 kB
MemTotal:        1844596 kB
MemFree:          102256 kB
MemAvailable:    1383144 kB
Buffers:          106528 kB
Cached:          1186988 kB
MemTotal:        1844596 kB
MemFree:          102152 kB
MemAvailable:    1383040 kB
Buffers:          106528 kB
Cached:          1186988 kB
MemTotal:        1844596 kB
MemFree:          102152 kB
MemAvailable:    1383040 kB
Buffers:          106528 kB
Cached:          1186988 kB
MemTotal:        1844596 kB
MemFree:          102160 kB
MemAvailable:    1383052 kB
Buffers:          106528 kB
Cached:          1186992 kB
MemTotal:        1844596 kB
MemFree:          100788 kB
MemAvailable:    1381680 kB
Buffers:          106528 kB
Cached:          1186992 kB
MemTotal:        1844596 kB
MemFree:          100788 kB
MemAvailable:    1381680 kB
Buffers:          106528 kB
Cached:          1186992 kB
MemTotal:        1844596 kB
MemFree:          101076 kB
MemAvailable:    1381968 kB
Buffers:          106528 kB
Cached:          1186992 kB
MemTotal:        1844596 kB
MemFree:          101332 kB
MemAvailable:    1382224 kB
Buffers:          106528 kB
Cached:          1186992 kB
MemTotal:        1844596 kB
MemFree:          102688 kB
MemAvailable:    1383580 kB
Buffers:          106528 kB
Cached:          1186992 kB
MemTotal:        1844596 kB
MemFree:          101464 kB
MemAvailable:    1382356 kB
Buffers:          106528 kB
Cached:          1186992 kB
MemTotal:        1844596 kB
MemFree:          102060 kB
MemAvailable:    1382952 kB
Buffers:          106528 kB
Cached:          1186992 kB
MemTotal:        1844596 kB
MemFree:          101828 kB
MemAvailable:    1382720 kB
Buffers:          106528 kB
Cached:          1186992 kB
MemTotal:        1844596 kB
MemFree:          100772 kB
MemAvailable:    1381664 kB
Buffers:          106528 kB
Cached:          1186992 kB
MemTotal:        1844596 kB
MemFree:          100896 kB
MemAvailable:    1381788 kB
Buffers:          106528 kB
Cached:          1186992 kB
MemTotal:        1844596 kB
MemFree:          101028 kB
MemAvailable:    1381920 kB
Buffers:          106528 kB
Cached:          1186992 kB
MemTotal:        1844596 kB
MemFree:          101152 kB
MemAvailable:    1382044 kB
Buffers:          106528 kB
Cached:          1186992 kB
MemTotal:        1844596 kB
MemFree:          102260 kB
MemAvailable:    1383152 kB
Buffers:          106528 kB
Cached:          1186992 kB
MemTotal:        1844596 kB
MemFree:          100932 kB
MemAvailable:    1381824 kB
Buffers:          106528 kB
Cached:          1186992 kB
MemTotal:        1844596 kB
MemFree:          101332 kB
MemAvailable:    1382224 kB
Buffers:          106528 kB
Cached:          1186992 kB
MemTotal:        1844596 kB
MemFree:          102028 kB
MemAvailable:    1382920 kB
Buffers:          106528 kB
Cached:          1186992 kB
MemTotal:        1844596 kB
MemFree:          102284 kB
MemAvailable:    1383176 kB
Buffers:          106528 kB
Cached:          1186992 kB
MemTotal:        1844596 kB
MemFree:          101040 kB
MemAvailable:    1381932 kB
Buffers:          106528 kB
Cached:          1186992 kB
MemTotal:        1844596 kB
MemFree:          101768 kB
MemAvailable:    1382660 kB
Buffers:          106528 kB
Cached:          1186992 kB
MemTotal:        1844596 kB
MemFree:          102212 kB
MemAvailable:    1383104 kB
Buffers:          106528 kB
Cached:          1186992 kB
MemTotal:        1844596 kB
MemFree:          101432 kB
MemAvailable:    1382324 kB
Buffers:          106528 kB
Cached:          1186992 kB
MemTotal:        1844596 kB
MemFree:          101168 kB
MemAvailable:    1382064 kB
Buffers:          106528 kB
Cached:          1186996 kB
MemTotal:        1844596 kB
MemFree:          102284 kB
MemAvailable:    1383180 kB
Buffers:          106528 kB
Cached:          1186996 kB
MemTotal:        1844596 kB
MemFree:          102424 kB
MemAvailable:    1383320 kB
Buffers:          106528 kB
Cached:          1186996 kB
MemTotal:        1844596 kB
MemFree:          100740 kB
MemAvailable:    1381636 kB
Buffers:          106528 kB
Cached:          1186996 kB
MemTotal:        1844596 kB
MemFree:          102460 kB
MemAvailable:    1383356 kB
Buffers:          106528 kB
Cached:          1186996 kB
MemTotal:        1844596 kB
MemFree:          100852 kB
MemAvailable:    1381748 kB
Buffers:          106528 kB
Cached:          1186996 kB
MemTotal:        1844596 kB
MemFree:          102304 kB
MemAvailable:    1383200 kB
Buffers:          106528 kB
Cached:          1186996 kB
MemTotal:        1844596 kB
MemFree:          101300 kB
MemAvailable:    1382196 kB
Buffers:          106528 kB
Cached:          1186996 kB
MemTotal:        1844596 kB
MemFree:          100548 kB
MemAvailable:    1381448 kB
Buffers:          106528 kB
Cached:          1187000 kB
MemTotal:        1844596 kB
MemFree:          100440 kB
MemAvailable:    1381340 kB
Buffers:          106528 kB
Cached:          1187000 kB
MemTotal:        1844596 kB
MemFree:           96216 kB
MemAvailable:    1377116 kB
Buffers:          106528 kB
Cached:          1187000 kB
MemTotal:        1844596 kB
MemFree:           93488 kB
MemAvailable:    1374388 kB
Buffers:          106528 kB
Cached:          1187000 kB
MemTotal:        1844596 kB
MemFree:           89876 kB
MemAvailable:    1370776 kB
Buffers:          106528 kB
Cached:          1187000 kB
MemTotal:        1844596 kB
MemFree:           89876 kB
MemAvailable:    1370776 kB
Buffers:          106528 kB
Cached:          1187000 kB
MemTotal:        1844596 kB
MemFree:           85852 kB
MemAvailable:    1366752 kB
Buffers:          106528 kB
Cached:          1187000 kB
MemTotal:        1844596 kB
MemFree:           83452 kB
MemAvailable:    1364352 kB
Buffers:          106528 kB
Cached:          1187000 kB
MemTotal:        1844596 kB
MemFree:           82808 kB
MemAvailable:    1363708 kB
Buffers:          106528 kB
Cached:          1187000 kB
MemTotal:        1844596 kB
MemFree:           82808 kB
MemAvailable:    1363708 kB
Buffers:          106528 kB
Cached:          1187000 kB
MemTotal:        1844596 kB
MemFree:           82744 kB
MemAvailable:    1363644 kB
Buffers:          106528 kB
Cached:          1187000 kB
MemTotal:        1844596 kB
MemFree:           82660 kB
MemAvailable:    1363560 kB
Buffers:          106528 kB
Cached:          1187000 kB
MemTotal:        1844596 kB
MemFree:           81964 kB
MemAvailable:    1362864 kB
Buffers:          106528 kB
Cached:          1187000 kB
MemTotal:        1844596 kB
MemFree:           82568 kB
MemAvailable:    1363468 kB
Buffers:          106528 kB
Cached:          1187000 kB
MemTotal:        1844596 kB
MemFree:           82824 kB
MemAvailable:    1363724 kB
Buffers:          106528 kB
Cached:          1187000 kB
MemTotal:        1844596 kB
MemFree:           82496 kB
MemAvailable:    1363396 kB
Buffers:          106528 kB
Cached:          1187000 kB
MemTotal:        1844596 kB
MemFree:           81412 kB
MemAvailable:    1362312 kB
Buffers:          106528 kB
Cached:          1187000 kB
MemTotal:        1844596 kB
MemFree:           82560 kB
MemAvailable:    1363460 kB
Buffers:          106528 kB
Cached:          1187000 kB
MemTotal:        1844596 kB
MemFree:           82684 kB
MemAvailable:    1363584 kB
Buffers:          106528 kB
Cached:          1187000 kB
MemTotal:        1844596 kB
MemFree:           82496 kB
MemAvailable:    1363396 kB
Buffers:          106528 kB
Cached:          1187000 kB
MemTotal:        1844596 kB
MemFree:           81528 kB
MemAvailable:    1362428 kB
Buffers:          106528 kB
Cached:          1187000 kB
MemTotal:        1844596 kB
MemFree:           81396 kB
MemAvailable:    1362296 kB
Buffers:          106528 kB
Cached:          1187000 kB
MemTotal:        1844596 kB
MemFree:           81396 kB
MemAvailable:    1362296 kB
Buffers:          106528 kB
Cached:          1187000 kB
MemTotal:        1844596 kB
MemFree:           82372 kB
MemAvailable:    1363272 kB
Buffers:          106528 kB
Cached:          1187000 kB
MemTotal:        1844596 kB
MemFree:           81288 kB
MemAvailable:    1362188 kB
Buffers:          106528 kB
Cached:          1187000 kB
MemTotal:        1844596 kB
MemFree:           82240 kB
MemAvailable:    1363140 kB
Buffers:          106528 kB
Cached:          1187000 kB
MemTotal:        1844596 kB
MemFree:           82584 kB
MemAvailable:    1363484 kB
Buffers:          106528 kB
Cached:          1187000 kB
MemTotal:        1844596 kB
MemFree:           82512 kB
MemAvailable:    1363412 kB
Buffers:          106528 kB
Cached:          1187000 kB
MemTotal:        1844596 kB
MemFree:           82364 kB
MemAvailable:    1363264 kB
Buffers:          106528 kB
Cached:          1187000 kB
MemTotal:        1844596 kB
MemFree:           82404 kB
MemAvailable:    1363304 kB
Buffers:          106528 kB
Cached:          1187000 kB
MemTotal:        1844596 kB
MemFree:           82184 kB
MemAvailable:    1363084 kB
Buffers:          106528 kB
Cached:          1187000 kB
MemTotal:        1844596 kB
MemFree:           82440 kB
MemAvailable:    1363340 kB
Buffers:          106528 kB
Cached:          1187000 kB
MemTotal:        1844596 kB
MemFree:           80840 kB
MemAvailable:    1361740 kB
Buffers:          106528 kB
Cached:          1187000 kB
MemTotal:        1844596 kB
MemFree:           80344 kB
MemAvailable:    1361244 kB
Buffers:          106528 kB
Cached:          1187000 kB
MemTotal:        1844596 kB
MemFree:           76856 kB
MemAvailable:    1357756 kB
Buffers:          106528 kB
Cached:          1187000 kB
MemTotal:        1844596 kB
MemFree:           76856 kB
MemAvailable:    1357756 kB
Buffers:          106528 kB
Cached:          1187000 kB
MemTotal:        1844596 kB
MemFree:           73124 kB
MemAvailable:    1354024 kB
Buffers:          106528 kB
Cached:          1187000 kB
MemTotal:        1844596 kB
MemFree:           72392 kB
MemAvailable:    1353292 kB
Buffers:          106528 kB
Cached:          1187000 kB
MemTotal:        1844596 kB
MemFree:           72168 kB
MemAvailable:    1353068 kB
Buffers:          106528 kB
Cached:          1187000 kB
MemTotal:        1844596 kB
MemFree:           70912 kB
MemAvailable:    1351812 kB
Buffers:          106528 kB
Cached:          1187000 kB
MemTotal:        1844596 kB
MemFree:           72548 kB
MemAvailable:    1353448 kB
Buffers:          106528 kB
Cached:          1187000 kB
MemTotal:        1844596 kB
MemFree:           71736 kB
MemAvailable:    1352636 kB
Buffers:          106528 kB
Cached:          1187000 kB
MemTotal:        1844596 kB
MemFree:           70160 kB
MemAvailable:    1351064 kB
Buffers:          106528 kB
Cached:          1187004 kB
MemTotal:        1844596 kB
MemFree:           70000 kB
MemAvailable:    1350904 kB
Buffers:          106528 kB
Cached:          1187004 kB
MemTotal:        1844596 kB
MemFree:           68308 kB
MemAvailable:    1349212 kB
Buffers:          106528 kB
Cached:          1187004 kB
MemTotal:        1844596 kB
MemFree:           68432 kB
MemAvailable:    1349336 kB
Buffers:          106528 kB
Cached:          1187004 kB
MemTotal:        1844596 kB
MemFree:           68432 kB
MemAvailable:    1349336 kB
Buffers:          106528 kB
Cached:          1187004 kB
MemTotal:        1844596 kB
MemFree:           69416 kB
MemAvailable:    1350320 kB
Buffers:          106528 kB
Cached:          1187004 kB
MemTotal:        1844596 kB
MemFree:           68440 kB
MemAvailable:    1349428 kB
Buffers:          106528 kB
Cached:          1187128 kB
MemTotal:        1844596 kB
MemFree:           69032 kB
MemAvailable:    1350188 kB
Buffers:          106528 kB
Cached:          1187252 kB
MemTotal:        1844596 kB
MemFree:           69368 kB
MemAvailable:    1350524 kB
Buffers:          106528 kB
Cached:          1187376 kB
MemTotal:        1844596 kB
MemFree:           69040 kB
MemAvailable:    1350364 kB
Buffers:          106528 kB
Cached:          1187500 kB
MemTotal:        1844596 kB
MemFree:           68768 kB
MemAvailable:    1350176 kB
Buffers:          106528 kB
Cached:          1187624 kB
MemTotal:        1844596 kB
MemFree:           68768 kB
MemAvailable:    1350176 kB
Buffers:          106528 kB
Cached:          1187624 kB
MemTotal:        1844596 kB
MemFree:           68624 kB
MemAvailable:    1350116 kB
Buffers:          106528 kB
Cached:          1187624 kB
MemTotal:        1844596 kB
MemFree:           68696 kB
MemAvailable:    1350188 kB
Buffers:          106528 kB
Cached:          1187624 kB
MemTotal:        1844596 kB
MemFree:           68640 kB
MemAvailable:    1350132 kB
Buffers:          106528 kB
Cached:          1187624 kB
MemTotal:        1844596 kB
MemFree:           68680 kB
MemAvailable:    1350172 kB
Buffers:          106528 kB
Cached:          1187624 kB
MemTotal:        1844596 kB
MemFree:           68680 kB
MemAvailable:    1350172 kB
Buffers:          106528 kB
Cached:          1187624 kB
MemTotal:        1844596 kB
MemFree:           68672 kB
MemAvailable:    1350164 kB
Buffers:          106528 kB
Cached:          1187624 kB
MemTotal:        1844596 kB
MemFree:           68688 kB
MemAvailable:    1350180 kB
Buffers:          106528 kB
Cached:          1187624 kB
MemTotal:        1844596 kB
MemFree:           67392 kB
MemAvailable:    1348968 kB
Buffers:          106528 kB
Cached:          1187624 kB
MemTotal:        1844596 kB
MemFree:           67400 kB
MemAvailable:    1348304 kB
Buffers:          106528 kB
Cached:          1186992 kB
MemTotal:        1844596 kB
MemFree:           67936 kB
MemAvailable:    1348840 kB
Buffers:          106528 kB
Cached:          1186992 kB
MemTotal:        1844596 kB
MemFree:          209272 kB
MemAvailable:    1490176 kB
Buffers:          106528 kB
Cached:          1186992 kB
