MemTotal:        1844596 kB
MemFree:          819244 kB
MemAvailable:    1545480 kB
Buffers:           86772 kB
Cached:           667984 kB
MemTotal:        1844596 kB
MemFree:          792964 kB
MemAvailable:    1519132 kB
Buffers:           86772 kB
Cached:           667968 kB
MemTotal:        1844596 kB
MemFree:          791840 kB
MemAvailable:    1518008 kB
Buffers:           86772 kB
Cached:           667968 kB
MemTotal:        1844596 kB
MemFree:          789740 kB
MemAvailable:    1515908 kB
Buffers:           86772 kB
Cached:           667968 kB
MemTotal:        1844596 kB
MemFree:          788376 kB
MemAvailable:    1514544 kB
Buffers:           86772 kB
Cached:           667968 kB
MemTotal:        1844596 kB
MemFree:          787128 kB
MemAvailable:    1513296 kB
Buffers:           86772 kB
Cached:           667968 kB
MemTotal:        1844596 kB
MemFree:          786940 kB
MemAvailable:    1513108 kB
Buffers:           86772 kB
Cached:           667968 kB
MemTotal:        1844596 kB
MemFree:          784028 kB
MemAvailable:    1510196 kB
Buffers:           86772 kB
Cached:           667968 kB
MemTotal:        1844596 kB
MemFree:          784044 kB
MemAvailable:    1510212 kB
Buffers:           86772 kB
Cached:           667968 kB
MemTotal:        1844596 kB
MemFree:          780564 kB
MemAvailable:    1506608 kB
Buffers:           86772 kB
Cached:           667968 kB
MemTotal:        1844596 kB
MemFree:          779508 kB
MemAvailable:    1505676 kB
Buffers:           86772 kB
Cached:           667968 kB
MemTotal:        1844596 kB
MemFree:          778896 kB
MemAvailable:    1505064 kB
Buffers:           86772 kB
Cached:           667968 kB
MemTotal:        1844596 kB
MemFree:          779432 kB
MemAvailable:    1505600 kB
Buffers:           86772 kB
Cached:           667968 kB
MemTotal:        1844596 kB
MemFree:          779768 kB
MemAvailable:    1505936 kB
Buffers:           86772 kB
Cached:           667968 kB
MemTotal:        1844596 kB
MemFree:          779520 kB
MemAvailable:    1505688 kB
Buffers:           86772 kB
Cached:           667968 kB
MemTotal:        1844596 kB
MemFree:          778024 kB
MemAvailable:    1504192 kB
Buffers:           86772 kB
Cached:           667968 kB
MemTotal:        1844596 kB
MemFree:          777884 kB
MemAvailable:    1504052 kB
Buffers:           86772 kB
Cached:           667968 kB
MemTotal:        1844596 kB
MemFree:          779044 kB
MemAvailable:    1505212 kB
Buffers:           86772 kB
Cached:           667968 kB
MemTotal:        1844596 kB
MemFree:          777672 kB
MemAvailable:    1503840 kB
Buffers:           86772 kB
Cached:           667968 kB
MemTotal:        1844596 kB
MemFree:          777920 kB
MemAvailable:    1504088 kB
Buffers:           86772 kB
Cached:           667968 kB
MemTotal:        1844596 kB
MemFree:          777796 kB
MemAvailable:    1503964 kB
Buffers:           86772 kB
Cached:           667968 kB
MemTotal:        1844596 kB
MemFree:          779036 kB
MemAvailable:    1505204 kB
Buffers:           86772 kB
Cached:           667968 kB
MemTotal:        1844596 kB
MemFree:          778332 kB
MemAvailable:    1504500 kB
Buffers:           86772 kB
Cached:           667968 kB
MemTotal:        1844596 kB
MemFree:          778516 kB
MemAvailable:    1504684 kB
Buffers:           86772 kB
Cached:           667968 kB
MemTotal:        1844596 kB
MemFree:          777968 kB
MemAvailable:    1504136 kB
Buffers:           86772 kB
Cached:           667968 kB
MemTotal:        1844596 kB
MemFree:          778200 kB
MemAvailable:    1504368 kB
Buffers:           86772 kB
Cached:           667968 kB
MemTotal:        1844596 kB
MemFree:          776960 kB
MemAvailable:    1503128 kB
Buffers:           86772 kB
Cached:           667968 kB
MemTotal:        1844596 kB
MemFree:          776968 kB
MemAvailable:    1503136 kB
Buffers:           86772 kB
Cached:           667968 kB
MemTotal:        1844596 kB
MemFree:          776588 kB
MemAvailable:    1502756 kB
Buffers:           86772 kB
Cached:           667968 kB
MemTotal:        1844596 kB
MemFree:          777828 kB
MemAvailable:    1503996 kB
Buffers:           86772 kB
Cached:           667968 kB
MemTotal:        1844596 kB
MemFree:          776844 kB
MemAvailable:    1503012 kB
Buffers:           86772 kB
Cached:           667968 kB
MemTotal:        1844596 kB
MemFree:          775472 kB
MemAvailable:    1501640 kB
Buffers:           86772 kB
Cached:           667968 kB
MemTotal:        1844596 kB
MemFree:          776548 kB
MemAvailable:    1502716 kB
Buffers:           86772 kB
Cached:           667968 kB
MemTotal:        1844596 kB
MemFree:          776480 kB
MemAvailable:    1502648 kB
Buffers:           86772 kB
Cached:           667968 kB
MemTotal:        1844596 kB
MemFree:          776284 kB
MemAvailable:    1502452 kB
Buffers:           86772 kB
Cached:           667968 kB
MemTotal:        1844596 kB
MemFree:          776620 kB
MemAvailable:    1502788 kB
Buffers:           86772 kB
Cached:           667968 kB
MemTotal:        1844596 kB
MemFree:          776404 kB
MemAvailable:    1502572 kB
Buffers:           86772 kB
Cached:           667968 kB
MemTotal:        1844596 kB
MemFree:          776656 kB
MemAvailable:    1502824 kB
Buffers:           86772 kB
Cached:           667968 kB
MemTotal:        1844596 kB
MemFree:          775176 kB
MemAvailable:    1501344 kB
Buffers:           86772 kB
Cached:           667968 kB
MemTotal:        1844596 kB
MemFree:          775720 kB
MemAvailable:    1501888 kB
Buffers:           86772 kB
Cached:           667968 kB
MemTotal:        1844596 kB
MemFree:          775720 kB
MemAvailable:    1501888 kB
Buffers:           86772 kB
Cached:           667968 kB
MemTotal:        1844596 kB
MemFree:          771140 kB
MemAvailable:    1497308 kB
Buffers:           86772 kB
Cached:           667968 kB
MemTotal:        1844596 kB
MemFree:          770148 kB
MemAvailable:    1496316 kB
Buffers:           86772 kB
Cached:           667968 kB
MemTotal:        1844596 kB
MemFree:          771316 kB
MemAvailable:    1497484 kB
Buffers:           86772 kB
Cached:           667968 kB
MemTotal:        1844596 kB
MemFree:          771084 kB
MemAvailable:    1497252 kB
Buffers:           86772 kB
Cached:           667968 kB
MemTotal:        1844596 kB
MemFree:          771084 kB
MemAvailable:    1497252 kB
Buffers:           86772 kB
Cached:           667968 kB
MemTotal:        1844596 kB
MemFree:          771008 kB
MemAvailable:    1497176 kB
Buffers:           86772 kB
Cached:           667968 kB
MemTotal:        1844596 kB
MemFree:          769892 kB
MemAvailable:    1496060 kB
Buffers:           86772 kB
Cached:           667968 kB
MemTotal:        1844596 kB
MemFree:          770016 kB
MemAvailable:    1496184 kB
Buffers:           86772 kB
Cached:           667968 kB
MemTotal:        1844596 kB
MemFree:          769900 kB
MemAvailable:    1496068 kB
Buffers:           86772 kB
Cached:           667968 kB
MemTotal:        1844596 kB
MemFree:          769644 kB
MemAvailable:    1495812 kB
Buffers:           86772 kB
Cached:           667968 kB
MemTotal:        1844596 kB
MemFree:          771008 kB
MemAvailable:    1497176 kB
Buffers:           86772 kB
Cached:           667968 kB
MemTotal:        1844596 kB
MemFree:          770712 kB
MemAvailable:    1496880 kB
Buffers:           86772 kB
Cached:           667968 kB
MemTotal:        1844596 kB
MemFree:          770776 kB
MemAvailable:    1496944 kB
Buffers:           86772 kB
Cached:           667968 kB
MemTotal:        1844596 kB
MemFree:          770648 kB
MemAvailable:    1496816 kB
Buffers:           86772 kB
Cached:           667968 kB
MemTotal:        1844596 kB
MemFree:          770692 kB
MemAvailable:    1496860 kB
Buffers:           86772 kB
Cached:           667968 kB
MemTotal:        1844596 kB
MemFree:          766488 kB
MemAvailable:    1492656 kB
Buffers:           86772 kB
Cached:           667968 kB
MemTotal:        1844596 kB
MemFree:          765188 kB
MemAvailable:    1491356 kB
Buffers:           86772 kB
Cached:           667968 kB
MemTotal:        1844596 kB
MemFree:          763816 kB
MemAvailable:    1489984 kB
Buffers:           86772 kB
Cached:           667968 kB
MemTotal:        1844596 kB
MemFree:          763204 kB
MemAvailable:    1489372 kB
Buffers:           86772 kB
Cached:           667968 kB
MemTotal:        1844596 kB
MemFree:          764304 kB
MemAvailable:    1490472 kB
Buffers:           86772 kB
Cached:           667968 kB
MemTotal:        1844596 kB
MemFree:          761468 kB
MemAvailable:    1487636 kB
Buffers:           86772 kB
Cached:           667968 kB
MemTotal:        1844596 kB
MemFree:          762576 kB
MemAvailable:    1488744 kB
Buffers:           86772 kB
Cached:           667968 kB
MemTotal:        1844596 kB
MemFree:          762088 kB
MemAvailable:    1488264 kB
Buffers:           86772 kB
Cached:           667976 kB
MemTotal:        1844596 kB
MemFree:          762072 kB
MemAvailable:    1488248 kB
Buffers:           86772 kB
Cached:           667976 kB
MemTotal:        1844596 kB
MemFree:          760964 kB
MemAvailable:    1487140 kB
Buffers:           86772 kB
Cached:           667976 kB
MemTotal:        1844596 kB
MemFree:          760808 kB
MemAvailable:    1486984 kB
Buffers:           86772 kB
Cached:           667976 kB
MemTotal:        1844596 kB
MemFree:          761876 kB
MemAvailable:    1488052 kB
Buffers:           86772 kB
Cached:           667976 kB
MemTotal:        1844596 kB
MemFree:          761600 kB
MemAvailable:    1487776 kB
Buffers:           86772 kB
Cached:           667976 kB
MemTotal:        1844596 kB
MemFree:          761832 kB
MemAvailable:    1488008 kB
Buffers:           86772 kB
Cached:           667976 kB
MemTotal:        1844596 kB
MemFree:          761948 kB
MemAvailable:    1488124 kB
Buffers:           86772 kB
Cached:           667976 kB
MemTotal:        1844596 kB
MemFree:          761468 kB
MemAvailable:    1487644 kB
Buffers:           86772 kB
Cached:           667976 kB
MemTotal:        1844596 kB
MemFree:          762004 kB
MemAvailable:    1488180 kB
Buffers:           86772 kB
Cached:           667976 kB
MemTotal:        1844596 kB
MemFree:          761964 kB
MemAvailable:    1488140 kB
Buffers:           86772 kB
Cached:           667976 kB
MemTotal:        1844596 kB
MemFree:          760408 kB
MemAvailable:    1486584 kB
Buffers:           86772 kB
Cached:           667976 kB
MemTotal:        1844596 kB
MemFree:          761636 kB
MemAvailable:    1487812 kB
Buffers:           86772 kB
Cached:           667976 kB
MemTotal:        1844596 kB
MemFree:          761972 kB
MemAvailable:    1488148 kB
Buffers:           86772 kB
Cached:           667976 kB
MemTotal:        1844596 kB
MemFree:          761584 kB
MemAvailable:    1487760 kB
Buffers:           86772 kB
Cached:           667976 kB
MemTotal:        1844596 kB
MemFree:          761708 kB
MemAvailable:    1487884 kB
Buffers:           86772 kB
Cached:           667976 kB
MemTotal:        1844596 kB
MemFree:          761476 kB
MemAvailable:    1487652 kB
Buffers:           86772 kB
Cached:           667976 kB
MemTotal:        1844596 kB
MemFree:          760304 kB
MemAvailable:    1486480 kB
Buffers:           86772 kB
Cached:           667976 kB
MemTotal:        1844596 kB
MemFree:          761784 kB
MemAvailable:    1487960 kB
Buffers:           86772 kB
Cached:           667976 kB
MemTotal:        1844596 kB
MemFree:          760476 kB
MemAvailable:    1486652 kB
Buffers:           86772 kB
Cached:           667976 kB
MemTotal:        1844596 kB
MemFree:          758004 kB
MemAvailable:    1484180 kB
Buffers:           86772 kB
Cached:           667976 kB
MemTotal:        1844596 kB
MemFree:          755392 kB
MemAvailable:    1481568 kB
Buffers:           86772 kB
Cached:           667976 kB
MemTotal:        1844596 kB
MemFree:          753284 kB
MemAvailable:    1479460 kB
Buffers:           86772 kB
Cached:           667976 kB
MemTotal:        1844596 kB
MemFree:          752292 kB
MemAvailable:    1478468 kB
Buffers:           86772 kB
Cached:           667976 kB
MemTotal:        1844596 kB
MemFree:          753484 kB
MemAvailable:    1479660 kB
Buffers:           86772 kB
Cached:           667976 kB
MemTotal:        1844596 kB
MemFree:          752292 kB
MemAvailable:    1478468 kB
Buffers:           86772 kB
Cached:           667976 kB
MemTotal:        1844596 kB
MemFree:          753112 kB
MemAvailable:    1479288 kB
Buffers:           86772 kB
Cached:           667976 kB
MemTotal:        1844596 kB
MemFree:          753448 kB
MemAvailable:    1479624 kB
Buffers:           86772 kB
Cached:           667976 kB
MemTotal:        1844596 kB
MemFree:          751872 kB
MemAvailable:    1478048 kB
Buffers:           86772 kB
Cached:           667976 kB
MemTotal:        1844596 kB
MemFree:          751864 kB
MemAvailable:    1478040 kB
Buffers:           86772 kB
Cached:           667976 kB
MemTotal:        1844596 kB
MemFree:          751864 kB
MemAvailable:    1478040 kB
Buffers:           86772 kB
Cached:           667976 kB
MemTotal:        1844596 kB
MemFree:          753040 kB
MemAvailable:    1479216 kB
Buffers:           86772 kB
Cached:           667976 kB
MemTotal:        1844596 kB
MemFree:          751732 kB
MemAvailable:    1477908 kB
Buffers:           86772 kB
Cached:           667976 kB
MemTotal:        1844596 kB
MemFree:          752044 kB
MemAvailable:    1478220 kB
Buffers:           86772 kB
Cached:           667976 kB
MemTotal:        1844596 kB
MemFree:          752760 kB
MemAvailable:    1478936 kB
Buffers:           86772 kB
Cached:           667976 kB
MemTotal:        1844596 kB
MemFree:          751528 kB
MemAvailable:    1477704 kB
Buffers:           86772 kB
Cached:           667976 kB
MemTotal:        1844596 kB
MemFree:          752888 kB
MemAvailable:    1479064 kB
Buffers:           86772 kB
Cached:           667976 kB
MemTotal:        1844596 kB
MemFree:          752424 kB
MemAvailable:    1478600 kB
Buffers:           86772 kB
Cached:           667976 kB
MemTotal:        1844596 kB
MemFree:          751624 kB
MemAvailable:    1477800 kB
Buffers:           86772 kB
Cached:           667976 kB
MemTotal:        1844596 kB
MemFree:          752864 kB
MemAvailable:    1479040 kB
Buffers:           86772 kB
Cached:           667976 kB
MemTotal:        1844596 kB
MemFree:          752300 kB
MemAvailable:    1478476 kB
Buffers:           86772 kB
Cached:           667976 kB
MemTotal:        1844596 kB
MemFree:          752772 kB
MemAvailable:    1478948 kB
Buffers:           86772 kB
Cached:           667976 kB
MemTotal:        1844596 kB
MemFree:          751920 kB
MemAvailable:    1478096 kB
Buffers:           86772 kB
Cached:           667976 kB
MemTotal:        1844596 kB
MemFree:          753132 kB
MemAvailable:    1479308 kB
Buffers:           86772 kB
Cached:           667976 kB
MemTotal:        1844596 kB
MemFree:          752168 kB
MemAvailable:    1478344 kB
Buffers:           86772 kB
Cached:           667976 kB
MemTotal:        1844596 kB
MemFree:          752740 kB
MemAvailable:    1478916 kB
Buffers:           86772 kB
Cached:           667976 kB
MemTotal:        1844596 kB
MemFree:          753076 kB
MemAvailable:    1479252 kB
Buffers:           86772 kB
Cached:           667976 kB
MemTotal:        1844596 kB
MemFree:          752968 kB
MemAvailable:    1479144 kB
Buffers:           86772 kB
Cached:           667976 kB
MemTotal:        1844596 kB
MemFree:          752848 kB
MemAvailable:    1479024 kB
Buffers:           86772 kB
Cached:           667976 kB
MemTotal:        1844596 kB
MemFree:          751872 kB
MemAvailable:    1478048 kB
Buffers:           86772 kB
Cached:           667976 kB
MemTotal:        1844596 kB
MemFree:          751920 kB
MemAvailable:    1478096 kB
Buffers:           86772 kB
Cached:           667976 kB
MemTotal:        1844596 kB
MemFree:          753028 kB
MemAvailable:    1479204 kB
Buffers:           86772 kB
Cached:           667976 kB
MemTotal:        1844596 kB
MemFree:          753112 kB
MemAvailable:    1479288 kB
Buffers:           86772 kB
Cached:           667976 kB
MemTotal:        1844596 kB
MemFree:          752916 kB
MemAvailable:    1479092 kB
Buffers:           86772 kB
Cached:           667976 kB
MemTotal:        1844596 kB
MemFree:          752852 kB
MemAvailable:    1479028 kB
Buffers:           86772 kB
Cached:           667976 kB
MemTotal:        1844596 kB
MemFree:          753104 kB
MemAvailable:    1479280 kB
Buffers:           86772 kB
Cached:           667976 kB
MemTotal:        1844596 kB
MemFree:          751624 kB
MemAvailable:    1477800 kB
Buffers:           86772 kB
Cached:           667976 kB
MemTotal:        1844596 kB
MemFree:          752896 kB
MemAvailable:    1479072 kB
Buffers:           86772 kB
Cached:           667976 kB
MemTotal:        1844596 kB
MemFree:          753148 kB
MemAvailable:    1479324 kB
Buffers:           86772 kB
Cached:           667976 kB
MemTotal:        1844596 kB
MemFree:          751616 kB
MemAvailable:    1477792 kB
Buffers:           86772 kB
Cached:           667976 kB
MemTotal:        1844596 kB
MemFree:          751716 kB
MemAvailable:    1477892 kB
Buffers:           86772 kB
Cached:           667976 kB
MemTotal:        1844596 kB
MemFree:          749572 kB
MemAvailable:    1475748 kB
Buffers:           86772 kB
Cached:           667976 kB
MemTotal:        1844596 kB
MemFree:          743736 kB
MemAvailable:    1469912 kB
Buffers:           86772 kB
Cached:           667976 kB
MemTotal:        1844596 kB
MemFree:          742364 kB
MemAvailable:    1468540 kB
Buffers:           86772 kB
Cached:           667976 kB
MemTotal:        1844596 kB
MemFree:          742364 kB
MemAvailable:    1468540 kB
Buffers:           86772 kB
Cached:           667976 kB
MemTotal:        1844596 kB
MemFree:          740876 kB
MemAvailable:    1467052 kB
Buffers:           86772 kB
Cached:           667976 kB
MemTotal:        1844596 kB
MemFree:          742200 kB
MemAvailable:    1468376 kB
Buffers:           86772 kB
Cached:           667976 kB
MemTotal:        1844596 kB
MemFree:          741972 kB
MemAvailable:    1468148 kB
Buffers:           86772 kB
Cached:           667976 kB
MemTotal:        1844596 kB
MemFree:          742308 kB
MemAvailable:    1468484 kB
Buffers:           86772 kB
Cached:           667976 kB
MemTotal:        1844596 kB
MemFree:          742100 kB
MemAvailable:    1468276 kB
Buffers:           86772 kB
Cached:           667976 kB
MemTotal:        1844596 kB
MemFree:          742132 kB
MemAvailable:    1468308 kB
Buffers:           86772 kB
Cached:           667976 kB
MemTotal:        1844596 kB
MemFree:          741992 kB
MemAvailable:    1468168 kB
Buffers:           86772 kB
Cached:           667976 kB
MemTotal:        1844596 kB
MemFree:          740960 kB
MemAvailable:    1467136 kB
Buffers:           86772 kB
Cached:           667976 kB
MemTotal:        1844596 kB
MemFree:          742352 kB
MemAvailable:    1468528 kB
Buffers:           86772 kB
Cached:           667976 kB
MemTotal:        1844596 kB
MemFree:          741000 kB
MemAvailable:    1467184 kB
Buffers:           86772 kB
Cached:           667984 kB
MemTotal:        1844596 kB
MemFree:          742084 kB
MemAvailable:    1468268 kB
Buffers:           86772 kB
Cached:           667984 kB
MemTotal:        1844596 kB
MemFree:          742248 kB
MemAvailable:    1468432 kB
Buffers:           86772 kB
Cached:           667984 kB
MemTotal:        1844596 kB
MemFree:          742240 kB
MemAvailable:    1468424 kB
Buffers:           86772 kB
Cached:           667984 kB
MemTotal:        1844596 kB
MemFree:          741984 kB
MemAvailable:    1468168 kB
Buffers:           86772 kB
Cached:           667984 kB
MemTotal:        1844596 kB
MemFree:          741752 kB
MemAvailable:    1467936 kB
Buffers:           86772 kB
Cached:           667984 kB
MemTotal:        1844596 kB
MemFree:          742112 kB
MemAvailable:    1468296 kB
Buffers:           86772 kB
Cached:           667984 kB
MemTotal:        1844596 kB
MemFree:          740824 kB
MemAvailable:    1467008 kB
Buffers:           86772 kB
Cached:           667984 kB
MemTotal:        1844596 kB
MemFree:          742224 kB
MemAvailable:    1468408 kB
Buffers:           86772 kB
Cached:           667984 kB
MemTotal:        1844596 kB
MemFree:          742060 kB
MemAvailable:    1468244 kB
Buffers:           86772 kB
Cached:           667984 kB
MemTotal:        1844596 kB
MemFree:          740812 kB
MemAvailable:    1466996 kB
Buffers:           86772 kB
Cached:           667984 kB
MemTotal:        1844596 kB
MemFree:          740812 kB
MemAvailable:    1466996 kB
Buffers:           86772 kB
Cached:           667984 kB
MemTotal:        1844596 kB
MemFree:          742112 kB
MemAvailable:    1468296 kB
Buffers:           86772 kB
Cached:           667984 kB
MemTotal:        1844596 kB
MemFree:          740848 kB
MemAvailable:    1467032 kB
Buffers:           86772 kB
Cached:           667984 kB
MemTotal:        1844596 kB
MemFree:          741008 kB
MemAvailable:    1467192 kB
Buffers:           86772 kB
Cached:           667984 kB
MemTotal:        1844596 kB
MemFree:          740884 kB
MemAvailable:    1467068 kB
Buffers:           86772 kB
Cached:           667984 kB
MemTotal:        1844596 kB
MemFree:          741944 kB
MemAvailable:    1468128 kB
Buffers:           86772 kB
Cached:           667984 kB
MemTotal:        1844596 kB
MemFree:          742200 kB
MemAvailable:    1468384 kB
Buffers:           86772 kB
Cached:           667984 kB
MemTotal:        1844596 kB
MemFree:          742112 kB
MemAvailable:    1468296 kB
Buffers:           86772 kB
Cached:           667984 kB
MemTotal:        1844596 kB
MemFree:          741800 kB
MemAvailable:    1467984 kB
Buffers:           86772 kB
Cached:           667984 kB
MemTotal:        1844596 kB
MemFree:          742136 kB
MemAvailable:    1468320 kB
Buffers:           86772 kB
Cached:           667984 kB
MemTotal:        1844596 kB
MemFree:          742028 kB
MemAvailable:    1468212 kB
Buffers:           86772 kB
Cached:           667984 kB
MemTotal:        1844596 kB
MemFree:          741388 kB
MemAvailable:    1467572 kB
Buffers:           86772 kB
Cached:           667984 kB
MemTotal:        1844596 kB
MemFree:          742372 kB
MemAvailable:    1468560 kB
Buffers:           86772 kB
Cached:           667988 kB
MemTotal:        1844596 kB
MemFree:          742496 kB
MemAvailable:    1468684 kB
Buffers:           86772 kB
Cached:           667988 kB
MemTotal:        1844596 kB
MemFree:          741124 kB
MemAvailable:    1467312 kB
Buffers:           86772 kB
Cached:           667988 kB
MemTotal:        1844596 kB
MemFree:          741116 kB
MemAvailable:    1467304 kB
Buffers:           86772 kB
Cached:           667988 kB
MemTotal:        1844596 kB
MemFree:          742356 kB
MemAvailable:    1468544 kB
Buffers:           86772 kB
Cached:           667988 kB
MemTotal:        1844596 kB
MemFree:          742060 kB
MemAvailable:    1468248 kB
Buffers:           86772 kB
Cached:           667988 kB
MemTotal:        1844596 kB
MemFree:          742228 kB
MemAvailable:    1468416 kB
Buffers:           86772 kB
Cached:           667988 kB
MemTotal:        1844596 kB
MemFree:          740752 kB
MemAvailable:    1466940 kB
Buffers:           86772 kB
Cached:           667988 kB
MemTotal:        1844596 kB
MemFree:          740960 kB
MemAvailable:    1467148 kB
Buffers:           86772 kB
Cached:           667988 kB
MemTotal:        1844596 kB
MemFree:          740872 kB
MemAvailable:    1467060 kB
Buffers:           86772 kB
Cached:           667988 kB
MemTotal:        1844596 kB
MemFree:          742000 kB
MemAvailable:    1468188 kB
Buffers:           86772 kB
Cached:           667988 kB
MemTotal:        1844596 kB
MemFree:          740692 kB
MemAvailable:    1466880 kB
Buffers:           86772 kB
Cached:           667988 kB
MemTotal:        1844596 kB
MemFree:          741412 kB
MemAvailable:    1467600 kB
Buffers:           86772 kB
Cached:           667988 kB
MemTotal:        1844596 kB
MemFree:          741256 kB
MemAvailable:    1467444 kB
Buffers:           86772 kB
Cached:           667988 kB
MemTotal:        1844596 kB
MemFree:          741200 kB
MemAvailable:    1467388 kB
Buffers:           86772 kB
Cached:           667988 kB
MemTotal:        1844596 kB
MemFree:          739828 kB
MemAvailable:    1466016 kB
Buffers:           86772 kB
Cached:           667988 kB
MemTotal:        1844596 kB
MemFree:          741060 kB
MemAvailable:    1467248 kB
Buffers:           86772 kB
Cached:           667988 kB
MemTotal:        1844596 kB
MemFree:          739572 kB
MemAvailable:    1465760 kB
Buffers:           86772 kB
Cached:           667988 kB
MemTotal:        1844596 kB
MemFree:          741116 kB
MemAvailable:    1467304 kB
Buffers:           86772 kB
Cached:           667988 kB
MemTotal:        1844596 kB
MemFree:          739900 kB
MemAvailable:    1466088 kB
Buffers:           86772 kB
Cached:           667988 kB
MemTotal:        1844596 kB
MemFree:          740752 kB
MemAvailable:    1466940 kB
Buffers:           86772 kB
Cached:           667988 kB
MemTotal:        1844596 kB
MemFree:          740836 kB
MemAvailable:    1467024 kB
Buffers:           86772 kB
Cached:           667988 kB
MemTotal:        1844596 kB
MemFree:          740760 kB
MemAvailable:    1466948 kB
Buffers:           86772 kB
Cached:           667988 kB
MemTotal:        1844596 kB
MemFree:          741016 kB
MemAvailable:    1467204 kB
Buffers:           86772 kB
Cached:           667988 kB
MemTotal:        1844596 kB
MemFree:          739324 kB
MemAvailable:    1465512 kB
Buffers:           86772 kB
Cached:           667988 kB
MemTotal:        1844596 kB
MemFree:          740936 kB
MemAvailable:    1467124 kB
Buffers:           86772 kB
Cached:           667988 kB
MemTotal:        1844596 kB
MemFree:          740632 kB
MemAvailable:    1466820 kB
Buffers:           86772 kB
Cached:           667988 kB
MemTotal:        1844596 kB
MemFree:          740468 kB
MemAvailable:    1466656 kB
Buffers:           86772 kB
Cached:           667988 kB
MemTotal:        1844596 kB
MemFree:          740636 kB
MemAvailable:    1466824 kB
Buffers:           86772 kB
Cached:           667988 kB
MemTotal:        1844596 kB
MemFree:          740384 kB
MemAvailable:    1466572 kB
Buffers:           86772 kB
Cached:           667988 kB
MemTotal:        1844596 kB
MemFree:          739336 kB
MemAvailable:    1465524 kB
Buffers:           86772 kB
Cached:           667988 kB
MemTotal:        1844596 kB
MemFree:          740568 kB
MemAvailable:    1466756 kB
Buffers:           86772 kB
Cached:           667988 kB
MemTotal:        1844596 kB
MemFree:          740440 kB
MemAvailable:    1466628 kB
Buffers:           86772 kB
Cached:           667988 kB
MemTotal:        1844596 kB
MemFree:          740520 kB
MemAvailable:    1466708 kB
Buffers:           86772 kB
Cached:           667988 kB
MemTotal:        1844596 kB
MemFree:          739512 kB
MemAvailable:    1465700 kB
Buffers:           86772 kB
Cached:           667988 kB
MemTotal:        1844596 kB
MemFree:          740496 kB
MemAvailable:    1466684 kB
Buffers:           86772 kB
Cached:           667988 kB
MemTotal:        1844596 kB
MemFree:          739016 kB
MemAvailable:    1465204 kB
Buffers:           86772 kB
Cached:           667988 kB
MemTotal:        1844596 kB
MemFree:          740432 kB
MemAvailable:    1466620 kB
Buffers:           86772 kB
Cached:           667988 kB
MemTotal:        1844596 kB
MemFree:          739272 kB
MemAvailable:    1465460 kB
Buffers:           86772 kB
Cached:           667988 kB
MemTotal:        1844596 kB
MemFree:          736296 kB
MemAvailable:    1462484 kB
Buffers:           86772 kB
Cached:           667988 kB
MemTotal:        1844596 kB
MemFree:          732784 kB
MemAvailable:    1458972 kB
Buffers:           86772 kB
Cached:           667988 kB
MemTotal:        1844596 kB
MemFree:          730180 kB
MemAvailable:    1456368 kB
Buffers:           86772 kB
Cached:           667988 kB
MemTotal:        1844596 kB
MemFree:          728320 kB
MemAvailable:    1454508 kB
Buffers:           86772 kB
Cached:           667988 kB
MemTotal:        1844596 kB
MemFree:          727980 kB
MemAvailable:    1454168 kB
Buffers:           86772 kB
Cached:           667988 kB
MemTotal:        1844596 kB
MemFree:          727700 kB
MemAvailable:    1453888 kB
Buffers:           86772 kB
Cached:           667988 kB
MemTotal:        1844596 kB
MemFree:          728684 kB
MemAvailable:    1454872 kB
Buffers:           86772 kB
Cached:           667988 kB
MemTotal:        1844596 kB
MemFree:          728936 kB
MemAvailable:    1455124 kB
Buffers:           86772 kB
Cached:           667988 kB
MemTotal:        1844596 kB
MemFree:          728560 kB
MemAvailable:    1454752 kB
Buffers:           86772 kB
Cached:           667992 kB
MemTotal:        1844596 kB
MemFree:          727120 kB
MemAvailable:    1453312 kB
Buffers:           86772 kB
Cached:           667992 kB
MemTotal:        1844596 kB
MemFree:          726500 kB
MemAvailable:    1452692 kB
Buffers:           86772 kB
Cached:           667992 kB
MemTotal:        1844596 kB
MemFree:          725756 kB
MemAvailable:    1451952 kB
Buffers:           86772 kB
Cached:           667996 kB
MemTotal:        1844596 kB
MemFree:          725740 kB
MemAvailable:    1451936 kB
Buffers:           86772 kB
Cached:           667996 kB
MemTotal:        1844596 kB
MemFree:          725632 kB
MemAvailable:    1451828 kB
Buffers:           86772 kB
Cached:           667996 kB
MemTotal:        1844596 kB
MemFree:          724460 kB
MemAvailable:    1450656 kB
Buffers:           86772 kB
Cached:           667996 kB
MemTotal:        1844596 kB
MemFree:          725304 kB
MemAvailable:    1451500 kB
Buffers:           86772 kB
Cached:           667996 kB
MemTotal:        1844596 kB
MemFree:          725384 kB
MemAvailable:    1451580 kB
Buffers:           86772 kB
Cached:           667996 kB
MemTotal:        1844596 kB
MemFree:          723964 kB
MemAvailable:    1450160 kB
Buffers:           86772 kB
Cached:           667996 kB
MemTotal:        1844596 kB
MemFree:          725240 kB
MemAvailable:    1451436 kB
Buffers:           86772 kB
Cached:           667996 kB
MemTotal:        1844596 kB
MemFree:          725240 kB
MemAvailable:    1451436 kB
Buffers:           86772 kB
Cached:           667996 kB
MemTotal:        1844596 kB
MemFree:          725164 kB
MemAvailable:    1451360 kB
Buffers:           86772 kB
Cached:           667996 kB
MemTotal:        1844596 kB
MemFree:          724888 kB
MemAvailable:    1451084 kB
Buffers:           86772 kB
Cached:           667996 kB
MemTotal:        1844596 kB
MemFree:          723964 kB
MemAvailable:    1450160 kB
Buffers:           86772 kB
Cached:           667996 kB
MemTotal:        1844596 kB
MemFree:          725232 kB
MemAvailable:    1451428 kB
Buffers:           86772 kB
Cached:           667996 kB
MemTotal:        1844596 kB
MemFree:          725484 kB
MemAvailable:    1451680 kB
Buffers:           86772 kB
Cached:           667996 kB
MemTotal:        1844596 kB
MemFree:          725204 kB
MemAvailable:    1451400 kB
Buffers:           86772 kB
Cached:           667996 kB
MemTotal:        1844596 kB
MemFree:          725384 kB
MemAvailable:    1451580 kB
Buffers:           86772 kB
Cached:           667996 kB
MemTotal:        1844596 kB
MemFree:          724516 kB
MemAvailable:    1450712 kB
Buffers:           86772 kB
Cached:           667996 kB
MemTotal:        1844596 kB
MemFree:          724756 kB
MemAvailable:    1450952 kB
Buffers:           86772 kB
Cached:           667996 kB
MemTotal:        1844596 kB
MemFree:          724756 kB
MemAvailable:    1450952 kB
Buffers:           86772 kB
Cached:           667996 kB
MemTotal:        1844596 kB
MemFree:          723144 kB
MemAvailable:    1449340 kB
Buffers:           86772 kB
Cached:           667996 kB
MemTotal:        1844596 kB
MemFree:          723524 kB
MemAvailable:    1449720 kB
Buffers:           86772 kB
Cached:           667996 kB
MemTotal:        1844596 kB
MemFree:          723392 kB
MemAvailable:    1449588 kB
Buffers:           86772 kB
Cached:           667996 kB
MemTotal:        1844596 kB
MemFree:          723284 kB
MemAvailable:    1449480 kB
Buffers:           86772 kB
Cached:           667996 kB
MemTotal:        1844596 kB
MemFree:          723288 kB
MemAvailable:    1449484 kB
Buffers:           86772 kB
Cached:           667996 kB
MemTotal:        1844596 kB
MemFree:          722716 kB
MemAvailable:    1448912 kB
Buffers:           86772 kB
Cached:           667996 kB
MemTotal:        1844596 kB
MemFree:          721672 kB
MemAvailable:    1447868 kB
Buffers:           86772 kB
Cached:           667996 kB
MemTotal:        1844596 kB
MemFree:          721168 kB
MemAvailable:    1447364 kB
Buffers:           86772 kB
Cached:           667996 kB
MemTotal:        1844596 kB
MemFree:          721028 kB
MemAvailable:    1447224 kB
Buffers:           86772 kB
Cached:           667996 kB
MemTotal:        1844596 kB
MemFree:          721292 kB
MemAvailable:    1447488 kB
Buffers:           86772 kB
Cached:           667996 kB
MemTotal:        1844596 kB
MemFree:          721044 kB
MemAvailable:    1447240 kB
Buffers:           86772 kB
Cached:           667996 kB
MemTotal:        1844596 kB
MemFree:          720300 kB
MemAvailable:    1446496 kB
Buffers:           86772 kB
Cached:           667996 kB
MemTotal:        1844596 kB
MemFree:          721276 kB
MemAvailable:    1447472 kB
Buffers:           86772 kB
Cached:           667996 kB
MemTotal:        1844596 kB
MemFree:          721360 kB
MemAvailable:    1447556 kB
Buffers:           86772 kB
Cached:           667996 kB
MemTotal:        1844596 kB
MemFree:          721112 kB
MemAvailable:    1447308 kB
Buffers:           86772 kB
Cached:           667996 kB
MemTotal:        1844596 kB
MemFree:          719996 kB
MemAvailable:    1446192 kB
Buffers:           86772 kB
Cached:           667996 kB
MemTotal:        1844596 kB
MemFree:          720980 kB
MemAvailable:    1447176 kB
Buffers:           86772 kB
Cached:           667996 kB
MemTotal:        1844596 kB
MemFree:          720032 kB
MemAvailable:    1446228 kB
Buffers:           86772 kB
Cached:           667996 kB
MemTotal:        1844596 kB
MemFree:          721368 kB
MemAvailable:    1447564 kB
Buffers:           86772 kB
Cached:           667996 kB
MemTotal:        1844596 kB
MemFree:          721264 kB
MemAvailable:    1447460 kB
Buffers:           86772 kB
Cached:           667996 kB
MemTotal:        1844596 kB
MemFree:          719776 kB
MemAvailable:    1445972 kB
Buffers:           86772 kB
Cached:           667996 kB
MemTotal:        1844596 kB
MemFree:          721076 kB
MemAvailable:    1447272 kB
Buffers:           86772 kB
Cached:           667996 kB
MemTotal:        1844596 kB
MemFree:          720944 kB
MemAvailable:    1447140 kB
Buffers:           86772 kB
Cached:           667996 kB
MemTotal:        1844596 kB
MemFree:          719884 kB
MemAvailable:    1446080 kB
Buffers:           86772 kB
Cached:           667996 kB
MemTotal:        1844596 kB
MemFree:          719628 kB
MemAvailable:    1445824 kB
Buffers:           86772 kB
Cached:           667996 kB
MemTotal:        1844596 kB
MemFree:          719760 kB
MemAvailable:    1445956 kB
Buffers:           86772 kB
Cached:           667996 kB
MemTotal:        1844596 kB
MemFree:          721036 kB
MemAvailable:    1447232 kB
Buffers:           86772 kB
Cached:           667996 kB
MemTotal:        1844596 kB
MemFree:          720432 kB
MemAvailable:    1446628 kB
Buffers:           86772 kB
Cached:           667996 kB
MemTotal:        1844596 kB
MemFree:          719632 kB
MemAvailable:    1445828 kB
Buffers:           86772 kB
Cached:           667996 kB
MemTotal:        1844596 kB
MemFree:          721092 kB
MemAvailable:    1447288 kB
Buffers:           86772 kB
Cached:           667996 kB
MemTotal:        1844596 kB
MemFree:          719804 kB
MemAvailable:    1446000 kB
Buffers:           86772 kB
Cached:           667996 kB
MemTotal:        1844596 kB
MemFree:          719680 kB
MemAvailable:    1445876 kB
Buffers:           86772 kB
Cached:           667996 kB
MemTotal:        1844596 kB
MemFree:          720920 kB
MemAvailable:    1447116 kB
Buffers:           86772 kB
Cached:           667996 kB
MemTotal:        1844596 kB
MemFree:          719756 kB
MemAvailable:    1445952 kB
Buffers:           86772 kB
Cached:           667996 kB
MemTotal:        1844596 kB
MemFree:          721120 kB
MemAvailable:    1447316 kB
Buffers:           86772 kB
Cached:           667996 kB
MemTotal:        1844596 kB
MemFree:          720912 kB
MemAvailable:    1447108 kB
Buffers:           86772 kB
Cached:           667996 kB
MemTotal:        1844596 kB
MemFree:          721164 kB
MemAvailable:    1447360 kB
Buffers:           86772 kB
Cached:           667996 kB
MemTotal:        1844596 kB
MemFree:          719804 kB
MemAvailable:    1446000 kB
Buffers:           86772 kB
Cached:           667996 kB
MemTotal:        1844596 kB
MemFree:          719540 kB
MemAvailable:    1445736 kB
Buffers:           86772 kB
Cached:           667996 kB
MemTotal:        1844596 kB
MemFree:          719440 kB
MemAvailable:    1445636 kB
Buffers:           86772 kB
Cached:           667996 kB
MemTotal:        1844596 kB
MemFree:          718988 kB
MemAvailable:    1445184 kB
Buffers:           86772 kB
Cached:           667996 kB
MemTotal:        1844596 kB
MemFree:          717136 kB
MemAvailable:    1443332 kB
Buffers:           86772 kB
Cached:           667996 kB
MemTotal:        1844596 kB
MemFree:          715216 kB
MemAvailable:    1441412 kB
Buffers:           86772 kB
Cached:           667996 kB
MemTotal:        1844596 kB
MemFree:          712100 kB
MemAvailable:    1438296 kB
Buffers:           86772 kB
Cached:           667996 kB
MemTotal:        1844596 kB
MemFree:          711620 kB
MemAvailable:    1437816 kB
Buffers:           86772 kB
Cached:           667996 kB
MemTotal:        1844596 kB
MemFree:          708148 kB
MemAvailable:    1434344 kB
Buffers:           86772 kB
Cached:           667996 kB
MemTotal:        1844596 kB
MemFree:          705236 kB
MemAvailable:    1431432 kB
Buffers:           86772 kB
Cached:           667996 kB
MemTotal:        1844596 kB
MemFree:          701576 kB
MemAvailable:    1427772 kB
Buffers:           86772 kB
Cached:           667996 kB
MemTotal:        1844596 kB
MemFree:          701444 kB
MemAvailable:    1427640 kB
Buffers:           86772 kB
Cached:           667996 kB
MemTotal:        1844596 kB
MemFree:          701320 kB
MemAvailable:    1427516 kB
Buffers:           86772 kB
Cached:           667996 kB
MemTotal:        1844596 kB
MemFree:          702544 kB
MemAvailable:    1428740 kB
Buffers:           86772 kB
Cached:           667996 kB
MemTotal:        1844596 kB
MemFree:          702444 kB
MemAvailable:    1428640 kB
Buffers:           86772 kB
Cached:           667996 kB
MemTotal:        1844596 kB
MemFree:          701188 kB
MemAvailable:    1427384 kB
Buffers:           86772 kB
Cached:           667996 kB
MemTotal:        1844596 kB
MemFree:          702364 kB
MemAvailable:    1428568 kB
Buffers:           86772 kB
Cached:           668004 kB
MemTotal:        1844596 kB
MemFree:          701336 kB
MemAvailable:    1427540 kB
Buffers:           86772 kB
Cached:           668004 kB
MemTotal:        1844596 kB
MemFree:          702612 kB
MemAvailable:    1428816 kB
Buffers:           86772 kB
Cached:           668004 kB
MemTotal:        1844596 kB
MemFree:          701328 kB
MemAvailable:    1427532 kB
Buffers:           86772 kB
Cached:           668004 kB
MemTotal:        1844596 kB
MemFree:          702016 kB
MemAvailable:    1428220 kB
Buffers:           86772 kB
Cached:           668004 kB
MemTotal:        1844596 kB
MemFree:          702352 kB
MemAvailable:    1428556 kB
Buffers:           86772 kB
Cached:           668004 kB
MemTotal:        1844596 kB
MemFree:          702276 kB
MemAvailable:    1428480 kB
Buffers:           86772 kB
Cached:           668004 kB
MemTotal:        1844596 kB
MemFree:          702064 kB
MemAvailable:    1428268 kB
Buffers:           86772 kB
Cached:           668004 kB
MemTotal:        1844596 kB
MemFree:          701832 kB
MemAvailable:    1428036 kB
Buffers:           86772 kB
Cached:           668004 kB
MemTotal:        1844596 kB
MemFree:          701428 kB
MemAvailable:    1427632 kB
Buffers:           86772 kB
Cached:           668004 kB
MemTotal:        1844596 kB
MemFree:          700708 kB
MemAvailable:    1426912 kB
Buffers:           86772 kB
Cached:           668004 kB
MemTotal:        1844596 kB
MemFree:          700032 kB
MemAvailable:    1426236 kB
Buffers:           86772 kB
Cached:           668004 kB
MemTotal:        1844596 kB
MemFree:          700156 kB
MemAvailable:    1426360 kB
Buffers:           86772 kB
Cached:           668004 kB
MemTotal:        1844596 kB
MemFree:          701564 kB
MemAvailable:    1427768 kB
Buffers:           86772 kB
Cached:           668004 kB
MemTotal:        1844596 kB
MemFree:          701368 kB
MemAvailable:    1427572 kB
Buffers:           86772 kB
Cached:           668004 kB
MemTotal:        1844596 kB
MemFree:          701296 kB
MemAvailable:    1427500 kB
Buffers:           86772 kB
Cached:           668004 kB
MemTotal:        1844596 kB
MemFree:          701552 kB
MemAvailable:    1427756 kB
Buffers:           86772 kB
Cached:           668004 kB
MemTotal:        1844596 kB
MemFree:          701416 kB
MemAvailable:    1427620 kB
Buffers:           86772 kB
Cached:           668004 kB
MemTotal:        1844596 kB
MemFree:          701656 kB
MemAvailable:    1427860 kB
Buffers:           86772 kB
Cached:           668004 kB
MemTotal:        1844596 kB
MemFree:          701404 kB
MemAvailable:    1427608 kB
Buffers:           86772 kB
Cached:           668004 kB
MemTotal:        1844596 kB
MemFree:          701376 kB
MemAvailable:    1427580 kB
Buffers:           86772 kB
Cached:           668004 kB
MemTotal:        1844596 kB
MemFree:          700188 kB
MemAvailable:    1426392 kB
Buffers:           86772 kB
Cached:           668004 kB
MemTotal:        1844596 kB
MemFree:          701316 kB
MemAvailable:    1427520 kB
Buffers:           86772 kB
Cached:           668004 kB
MemTotal:        1844596 kB
MemFree:          700716 kB
MemAvailable:    1426920 kB
Buffers:           86772 kB
Cached:           668004 kB
MemTotal:        1844596 kB
MemFree:          701692 kB
MemAvailable:    1427900 kB
Buffers:           86772 kB
Cached:           668008 kB
MemTotal:        1844596 kB
MemFree:          701296 kB
MemAvailable:    1427504 kB
Buffers:           86772 kB
Cached:           668008 kB
MemTotal:        1844596 kB
MemFree:          701548 kB
MemAvailable:    1427756 kB
Buffers:           86772 kB
Cached:           668008 kB
MemTotal:        1844596 kB
MemFree:          700200 kB
MemAvailable:    1426408 kB
Buffers:           86772 kB
Cached:           668008 kB
MemTotal:        1844596 kB
MemFree:          701524 kB
MemAvailable:    1427732 kB
Buffers:           86772 kB
Cached:           668008 kB
MemTotal:        1844596 kB
MemFree:          700700 kB
MemAvailable:    1426908 kB
Buffers:           86772 kB
Cached:           668008 kB
MemTotal:        1844596 kB
MemFree:          696616 kB
MemAvailable:    1422824 kB
Buffers:           86772 kB
Cached:           668008 kB
MemTotal:        1844596 kB
MemFree:          693516 kB
MemAvailable:    1419724 kB
Buffers:           86772 kB
Cached:           668008 kB
MemTotal:        1844596 kB
MemFree:          690664 kB
MemAvailable:    1416872 kB
Buffers:           86772 kB
Cached:           668008 kB
MemTotal:        1844596 kB
MemFree:          686928 kB
MemAvailable:    1413136 kB
Buffers:           86772 kB
Cached:           668008 kB
MemTotal:        1844596 kB
MemFree:          687012 kB
MemAvailable:    1413220 kB
Buffers:           86772 kB
Cached:           668008 kB
MemTotal:        1844596 kB
MemFree:          682844 kB
MemAvailable:    1409052 kB
Buffers:           86772 kB
Cached:           668008 kB
MemTotal:        1844596 kB
MemFree:          683208 kB
MemAvailable:    1409416 kB
Buffers:           86772 kB
Cached:           668008 kB
MemTotal:        1844596 kB
MemFree:          682728 kB
MemAvailable:    1408936 kB
Buffers:           86772 kB
Cached:           668008 kB
MemTotal:        1844596 kB
MemFree:          681796 kB
MemAvailable:    1408004 kB
Buffers:           86772 kB
Cached:           668008 kB
MemTotal:        1844596 kB
MemFree:          681928 kB
MemAvailable:    1408136 kB
Buffers:           86772 kB
Cached:           668008 kB
MemTotal:        1844596 kB
MemFree:          683096 kB
MemAvailable:    1409304 kB
Buffers:           86772 kB
Cached:           668008 kB
MemTotal:        1844596 kB
MemFree:          683224 kB
MemAvailable:    1409432 kB
Buffers:           86772 kB
Cached:           668008 kB
MemTotal:        1844596 kB
MemFree:          683144 kB
MemAvailable:    1409352 kB
Buffers:           86772 kB
Cached:           668008 kB
MemTotal:        1844596 kB
MemFree:          683144 kB
MemAvailable:    1409352 kB
Buffers:           86772 kB
Cached:           668008 kB
MemTotal:        1844596 kB
MemFree:          683020 kB
MemAvailable:    1409228 kB
Buffers:           86772 kB
Cached:           668008 kB
MemTotal:        1844596 kB
MemFree:          683272 kB
MemAvailable:    1409480 kB
Buffers:           86772 kB
Cached:           668008 kB
MemTotal:        1844596 kB
MemFree:          681800 kB
MemAvailable:    1408008 kB
Buffers:           86772 kB
Cached:           668008 kB
MemTotal:        1844596 kB
MemFree:          683288 kB
MemAvailable:    1409496 kB
Buffers:           86772 kB
Cached:           668008 kB
MemTotal:        1844596 kB
MemFree:          681952 kB
MemAvailable:    1408160 kB
Buffers:           86772 kB
Cached:           668008 kB
MemTotal:        1844596 kB
MemFree:          683184 kB
MemAvailable:    1409392 kB
Buffers:           86772 kB
Cached:           668008 kB
MemTotal:        1844596 kB
MemFree:          682356 kB
MemAvailable:    1408564 kB
Buffers:           86772 kB
Cached:           668008 kB
MemTotal:        1844596 kB
MemFree:          682928 kB
MemAvailable:    1409136 kB
Buffers:           86772 kB
Cached:           668008 kB
MemTotal:        1844596 kB
MemFree:          683184 kB
MemAvailable:    1409392 kB
Buffers:           86772 kB
Cached:           668008 kB
MemTotal:        1844596 kB
MemFree:          683184 kB
MemAvailable:    1409392 kB
Buffers:           86772 kB
Cached:           668008 kB
MemTotal:        1844596 kB
MemFree:          682348 kB
MemAvailable:    1408556 kB
Buffers:           86772 kB
Cached:           668008 kB
MemTotal:        1844596 kB
MemFree:          682920 kB
MemAvailable:    1409132 kB
Buffers:           86772 kB
Cached:           668012 kB
MemTotal:        1844596 kB
MemFree:          683256 kB
MemAvailable:    1409468 kB
Buffers:           86772 kB
Cached:           668012 kB
MemTotal:        1844596 kB
MemFree:          683176 kB
MemAvailable:    1409388 kB
Buffers:           86772 kB
Cached:           668012 kB
MemTotal:        1844596 kB
MemFree:          682860 kB
MemAvailable:    1409072 kB
Buffers:           86772 kB
Cached:           668012 kB
MemTotal:        1844596 kB
MemFree:          683104 kB
MemAvailable:    1409316 kB
Buffers:           86772 kB
Cached:           668012 kB
MemTotal:        1844596 kB
MemFree:          681792 kB
MemAvailable:    1408004 kB
Buffers:           86772 kB
Cached:           668012 kB
MemTotal:        1844596 kB
MemFree:          683164 kB
MemAvailable:    1409376 kB
Buffers:           86772 kB
Cached:           668012 kB
MemTotal:        1844596 kB
MemFree:          683084 kB
MemAvailable:    1409296 kB
Buffers:           86772 kB
Cached:           668012 kB
MemTotal:        1844596 kB
MemFree:          683336 kB
MemAvailable:    1409548 kB
Buffers:           86772 kB
Cached:           668012 kB
MemTotal:        1844596 kB
MemFree:          683080 kB
MemAvailable:    1409292 kB
Buffers:           86772 kB
Cached:           668012 kB
MemTotal:        1844596 kB
MemFree:          683332 kB
MemAvailable:    1409544 kB
Buffers:           86772 kB
Cached:           668012 kB
MemTotal:        1844596 kB
MemFree:          681852 kB
MemAvailable:    1408064 kB
Buffers:           86772 kB
Cached:           668012 kB
MemTotal:        1844596 kB
MemFree:          682108 kB
MemAvailable:    1408320 kB
Buffers:           86772 kB
Cached:           668012 kB
MemTotal:        1844596 kB
MemFree:          681812 kB
MemAvailable:    1408024 kB
Buffers:           86772 kB
Cached:           668012 kB
MemTotal:        1844596 kB
MemFree:          681804 kB
MemAvailable:    1408016 kB
Buffers:           86772 kB
Cached:           668012 kB
MemTotal:        1844596 kB
MemFree:          683344 kB
MemAvailable:    1409556 kB
Buffers:           86772 kB
Cached:           668012 kB
MemTotal:        1844596 kB
MemFree:          682908 kB
MemAvailable:    1409120 kB
Buffers:           86772 kB
Cached:           668012 kB
MemTotal:        1844596 kB
MemFree:          683160 kB
MemAvailable:    1409372 kB
Buffers:           86772 kB
Cached:           668012 kB
MemTotal:        1844596 kB
MemFree:          678148 kB
MemAvailable:    1404364 kB
Buffers:           86772 kB
Cached:           668016 kB
MemTotal:        1844596 kB
MemFree:          673560 kB
MemAvailable:    1399776 kB
Buffers:           86772 kB
Cached:           668016 kB
MemTotal:        1844596 kB
MemFree:          668600 kB
MemAvailable:    1394816 kB
Buffers:           86772 kB
Cached:           668016 kB
MemTotal:        1844596 kB
MemFree:          666056 kB
MemAvailable:    1392272 kB
Buffers:           86772 kB
Cached:           668016 kB
MemTotal:        1844596 kB
MemFree:          664880 kB
MemAvailable:    1391096 kB
Buffers:           86772 kB
Cached:           668016 kB
MemTotal:        1844596 kB
MemFree:          664488 kB
MemAvailable:    1390704 kB
Buffers:           86772 kB
Cached:           668016 kB
MemTotal:        1844596 kB
MemFree:          665860 kB
MemAvailable:    1392076 kB
Buffers:           86772 kB
Cached:           668016 kB
MemTotal:        1844596 kB
MemFree:          664880 kB
MemAvailable:    1391096 kB
Buffers:           86772 kB
Cached:           668016 kB
MemTotal:        1844596 kB
MemFree:          664872 kB
MemAvailable:    1391088 kB
Buffers:           86772 kB
Cached:           668016 kB
MemTotal:        1844596 kB
MemFree:          664516 kB
MemAvailable:    1390732 kB
Buffers:           86772 kB
Cached:           668016 kB
MemTotal:        1844596 kB
MemFree:          664768 kB
MemAvailable:    1390984 kB
Buffers:           86772 kB
Cached:           668016 kB
MemTotal:        1844596 kB
MemFree:          664828 kB
MemAvailable:    1391044 kB
Buffers:           86772 kB
Cached:           668016 kB
MemTotal:        1844596 kB
MemFree:          664012 kB
MemAvailable:    1390228 kB
Buffers:           86772 kB
Cached:           668016 kB
MemTotal:        1844596 kB
MemFree:          664932 kB
MemAvailable:    1391148 kB
Buffers:           86772 kB
Cached:           668016 kB
MemTotal:        1844596 kB
MemFree:          663372 kB
MemAvailable:    1389588 kB
Buffers:           86772 kB
Cached:           668016 kB
MemTotal:        1844596 kB
MemFree:          663248 kB
MemAvailable:    1389464 kB
Buffers:           86772 kB
Cached:           668016 kB
MemTotal:        1844596 kB
MemFree:          664284 kB
MemAvailable:    1390500 kB
Buffers:           86772 kB
Cached:           668016 kB
MemTotal:        1844596 kB
MemFree:          664244 kB
MemAvailable:    1390460 kB
Buffers:           86772 kB
Cached:           668016 kB
MemTotal:        1844596 kB
MemFree:          663260 kB
MemAvailable:    1389476 kB
Buffers:           86772 kB
Cached:           668016 kB
MemTotal:        1844596 kB
MemFree:          663700 kB
MemAvailable:    1389916 kB
Buffers:           86772 kB
Cached:           668016 kB
MemTotal:        1844596 kB
MemFree:          662392 kB
MemAvailable:    1388608 kB
Buffers:           86772 kB
Cached:           668016 kB
MemTotal:        1844596 kB
MemFree:          662632 kB
MemAvailable:    1388848 kB
Buffers:           86772 kB
Cached:           668016 kB
MemTotal:        1844596 kB
MemFree:          662844 kB
MemAvailable:    1389060 kB
Buffers:           86772 kB
Cached:           668016 kB
MemTotal:        1844596 kB
MemFree:          662320 kB
MemAvailable:    1388536 kB
Buffers:           86772 kB
Cached:           668016 kB
MemTotal:        1844596 kB
MemFree:          662020 kB
MemAvailable:    1388236 kB
Buffers:           86772 kB
Cached:           668016 kB
MemTotal:        1844596 kB
MemFree:          661616 kB
MemAvailable:    1387832 kB
Buffers:           86772 kB
Cached:           668016 kB
MemTotal:        1844596 kB
MemFree:          659788 kB
MemAvailable:    1386004 kB
Buffers:           86772 kB
Cached:           668016 kB
MemTotal:        1844596 kB
MemFree:          659904 kB
MemAvailable:    1386120 kB
Buffers:           86772 kB
Cached:           668016 kB
MemTotal:        1844596 kB
MemFree:          659168 kB
MemAvailable:    1385384 kB
Buffers:           86772 kB
Cached:           668016 kB
MemTotal:        1844596 kB
MemFree:          657432 kB
MemAvailable:    1383648 kB
Buffers:           86772 kB
Cached:           668016 kB
MemTotal:        1844596 kB
MemFree:          658796 kB
MemAvailable:    1385012 kB
Buffers:           86772 kB
Cached:           668016 kB
MemTotal:        1844596 kB
MemFree:          658672 kB
MemAvailable:    1384888 kB
Buffers:           86772 kB
Cached:           668016 kB
MemTotal:        1844596 kB
MemFree:          658756 kB
MemAvailable:    1384972 kB
Buffers:           86772 kB
Cached:           668016 kB
MemTotal:        1844596 kB
MemFree:          658560 kB
MemAvailable:    1384776 kB
Buffers:           86772 kB
Cached:           668016 kB
MemTotal:        1844596 kB
MemFree:          658688 kB
MemAvailable:    1384904 kB
Buffers:           86772 kB
Cached:           668016 kB
MemTotal:        1844596 kB
MemFree:          658724 kB
MemAvailable:    1384940 kB
Buffers:           86772 kB
Cached:           668016 kB
MemTotal:        1844596 kB
MemFree:          658416 kB
MemAvailable:    1384632 kB
Buffers:           86772 kB
Cached:           668016 kB
MemTotal:        1844596 kB
MemFree:          658752 kB
MemAvailable:    1384968 kB
Buffers:           86772 kB
Cached:           668016 kB
MemTotal:        1844596 kB
MemFree:          657316 kB
MemAvailable:    1383532 kB
Buffers:           86772 kB
Cached:           668016 kB
MemTotal:        1844596 kB
MemFree:          657120 kB
MemAvailable:    1383336 kB
Buffers:           86772 kB
Cached:           668016 kB
MemTotal:        1844596 kB
MemFree:          655812 kB
MemAvailable:    1382028 kB
Buffers:           86772 kB
Cached:           668016 kB
MemTotal:        1844596 kB
MemFree:          656988 kB
MemAvailable:    1383204 kB
Buffers:           86772 kB
Cached:           668016 kB
MemTotal:        1844596 kB
MemFree:          657108 kB
MemAvailable:    1383324 kB
Buffers:           86772 kB
Cached:           668016 kB
MemTotal:        1844596 kB
MemFree:          655952 kB
MemAvailable:    1382168 kB
Buffers:           86772 kB
Cached:           668016 kB
MemTotal:        1844596 kB
MemFree:          657020 kB
MemAvailable:    1383236 kB
Buffers:           86772 kB
Cached:           668016 kB
MemTotal:        1844596 kB
MemFree:          656704 kB
MemAvailable:    1382920 kB
Buffers:           86772 kB
Cached:           668016 kB
MemTotal:        1844596 kB
MemFree:          655696 kB
MemAvailable:    1381912 kB
Buffers:           86772 kB
Cached:           668016 kB
MemTotal:        1844596 kB
MemFree:          657060 kB
MemAvailable:    1383276 kB
Buffers:           86772 kB
Cached:           668016 kB
MemTotal:        1844596 kB
MemFree:          656704 kB
MemAvailable:    1382920 kB
Buffers:           86772 kB
Cached:           668016 kB
MemTotal:        1844596 kB
MemFree:          656812 kB
MemAvailable:    1383028 kB
Buffers:           86772 kB
Cached:           668016 kB
MemTotal:        1844596 kB
MemFree:          656888 kB
MemAvailable:    1383104 kB
Buffers:           86772 kB
Cached:           668016 kB
MemTotal:        1844596 kB
MemFree:          656952 kB
MemAvailable:    1383168 kB
Buffers:           86772 kB
Cached:           668016 kB
MemTotal:        1844596 kB
MemFree:          656896 kB
MemAvailable:    1383112 kB
Buffers:           86772 kB
Cached:           668016 kB
MemTotal:        1844596 kB
MemFree:          657076 kB
MemAvailable:    1383292 kB
Buffers:           86772 kB
Cached:           668016 kB
MemTotal:        1844596 kB
MemFree:          656200 kB
MemAvailable:    1382416 kB
Buffers:           86772 kB
Cached:           668016 kB
MemTotal:        1844596 kB
MemFree:          656800 kB
MemAvailable:    1383016 kB
Buffers:           86772 kB
Cached:           668016 kB
MemTotal:        1844596 kB
MemFree:          656024 kB
MemAvailable:    1382240 kB
Buffers:           86772 kB
Cached:           668016 kB
MemTotal:        1844596 kB
MemFree:          655808 kB
MemAvailable:    1382024 kB
Buffers:           86772 kB
Cached:           668016 kB
MemTotal:        1844596 kB
MemFree:          656872 kB
MemAvailable:    1383088 kB
Buffers:           86772 kB
Cached:           668016 kB
MemTotal:        1844596 kB
MemFree:          656208 kB
MemAvailable:    1382424 kB
Buffers:           86772 kB
Cached:           668016 kB
MemTotal:        1844596 kB
MemFree:          656772 kB
MemAvailable:    1382988 kB
Buffers:           86772 kB
Cached:           668016 kB
MemTotal:        1844596 kB
MemFree:          657028 kB
MemAvailable:    1383244 kB
Buffers:           86772 kB
Cached:           668016 kB
MemTotal:        1844596 kB
MemFree:          655532 kB
MemAvailable:    1381748 kB
Buffers:           86772 kB
Cached:           668016 kB
MemTotal:        1844596 kB
MemFree:          655828 kB
MemAvailable:    1382044 kB
Buffers:           86772 kB
Cached:           668016 kB
MemTotal:        1844596 kB
MemFree:          655656 kB
MemAvailable:    1381872 kB
Buffers:           86772 kB
Cached:           668016 kB
MemTotal:        1844596 kB
MemFree:          657056 kB
MemAvailable:    1383272 kB
Buffers:           86772 kB
Cached:           668016 kB
MemTotal:        1844596 kB
MemFree:          655568 kB
MemAvailable:    1381784 kB
Buffers:           86772 kB
Cached:           668016 kB
MemTotal:        1844596 kB
MemFree:          657124 kB
MemAvailable:    1383340 kB
Buffers:           86772 kB
Cached:           668016 kB
MemTotal:        1844596 kB
MemFree:          657012 kB
MemAvailable:    1383228 kB
Buffers:           86772 kB
Cached:           668016 kB
MemTotal:        1844596 kB
MemFree:          657100 kB
MemAvailable:    1383316 kB
Buffers:           86772 kB
Cached:           668016 kB
MemTotal:        1844596 kB
MemFree:          656200 kB
MemAvailable:    1382416 kB
Buffers:           86772 kB
Cached:           668016 kB
MemTotal:        1844596 kB
MemFree:          657048 kB
MemAvailable:    1383272 kB
Buffers:           86772 kB
Cached:           668024 kB
MemTotal:        1844596 kB
MemFree:          655788 kB
MemAvailable:    1382012 kB
Buffers:           86772 kB
Cached:           668024 kB
MemTotal:        1844596 kB
MemFree:          655656 kB
MemAvailable:    1381880 kB
Buffers:           86772 kB
Cached:           668024 kB
MemTotal:        1844596 kB
MemFree:          655776 kB
MemAvailable:    1382000 kB
Buffers:           86772 kB
Cached:           668024 kB
MemTotal:        1844596 kB
MemFree:          656928 kB
MemAvailable:    1383152 kB
Buffers:           86776 kB
Cached:           668020 kB
MemTotal:        1844596 kB
MemFree:          655680 kB
MemAvailable:    1381904 kB
Buffers:           86776 kB
Cached:           668020 kB
MemTotal:        1844596 kB
MemFree:          655764 kB
MemAvailable:    1381988 kB
Buffers:           86776 kB
Cached:           668020 kB
MemTotal:        1844596 kB
MemFree:          656804 kB
MemAvailable:    1383028 kB
Buffers:           86776 kB
Cached:           668020 kB
MemTotal:        1844596 kB
MemFree:          656696 kB
MemAvailable:    1382920 kB
Buffers:           86776 kB
Cached:           668020 kB
MemTotal:        1844596 kB
MemFree:          656984 kB
MemAvailable:    1383208 kB
Buffers:           86776 kB
Cached:           668020 kB
MemTotal:        1844596 kB
MemFree:          655768 kB
MemAvailable:    1381992 kB
Buffers:           86776 kB
Cached:           668020 kB
MemTotal:        1844596 kB
MemFree:          655324 kB
MemAvailable:    1381548 kB
Buffers:           86776 kB
Cached:           668020 kB
MemTotal:        1844596 kB
MemFree:          651736 kB
MemAvailable:    1377960 kB
Buffers:           86776 kB
Cached:           668020 kB
MemTotal:        1844596 kB
MemFree:          649316 kB
MemAvailable:    1375540 kB
Buffers:           86776 kB
Cached:           668020 kB
MemTotal:        1844596 kB
MemFree:          648132 kB
MemAvailable:    1374356 kB
Buffers:           86776 kB
Cached:           668020 kB
MemTotal:        1844596 kB
MemFree:          645288 kB
MemAvailable:    1371512 kB
Buffers:           86776 kB
Cached:           668020 kB
MemTotal:        1844596 kB
MemFree:          641692 kB
MemAvailable:    1367916 kB
Buffers:           86776 kB
Cached:           668020 kB
MemTotal:        1844596 kB
MemFree:          639832 kB
MemAvailable:    1366056 kB
Buffers:           86776 kB
Cached:           668020 kB
MemTotal:        1844596 kB
MemFree:          636856 kB
MemAvailable:    1363080 kB
Buffers:           86776 kB
Cached:           668020 kB
MemTotal:        1844596 kB
MemFree:          637716 kB
MemAvailable:    1363944 kB
Buffers:           86776 kB
Cached:           668024 kB
MemTotal:        1844596 kB
MemFree:          638052 kB
MemAvailable:    1364280 kB
Buffers:           86776 kB
Cached:           668024 kB
MemTotal:        1844596 kB
MemFree:          637584 kB
MemAvailable:    1363812 kB
Buffers:           86776 kB
Cached:           668024 kB
MemTotal:        1844596 kB
MemFree:          637668 kB
MemAvailable:    1363896 kB
Buffers:           86776 kB
Cached:           668024 kB
MemTotal:        1844596 kB
MemFree:          636188 kB
MemAvailable:    1362416 kB
Buffers:           86776 kB
Cached:           668024 kB
MemTotal:        1844596 kB
MemFree:          637684 kB
MemAvailable:    1363912 kB
Buffers:           86776 kB
Cached:           668024 kB
MemTotal:        1844596 kB
MemFree:          637336 kB
MemAvailable:    1363564 kB
Buffers:           86776 kB
Cached:           668024 kB
MemTotal:        1844596 kB
MemFree:          637352 kB
MemAvailable:    1363580 kB
Buffers:           86776 kB
Cached:           668024 kB
MemTotal:        1844596 kB
MemFree:          636096 kB
MemAvailable:    1362324 kB
Buffers:           86776 kB
Cached:           668024 kB
MemTotal:        1844596 kB
MemFree:          636096 kB
MemAvailable:    1362324 kB
Buffers:           86776 kB
Cached:           668024 kB
MemTotal:        1844596 kB
MemFree:          637480 kB
MemAvailable:    1363708 kB
Buffers:           86776 kB
Cached:           668024 kB
MemTotal:        1844596 kB
MemFree:          637580 kB
MemAvailable:    1363808 kB
Buffers:           86776 kB
Cached:           668024 kB
MemTotal:        1844596 kB
MemFree:          637492 kB
MemAvailable:    1363720 kB
Buffers:           86776 kB
Cached:           668024 kB
MemTotal:        1844596 kB
MemFree:          637568 kB
MemAvailable:    1363796 kB
Buffers:           86776 kB
Cached:           668024 kB
MemTotal:        1844596 kB
MemFree:          637540 kB
MemAvailable:    1363768 kB
Buffers:           86776 kB
Cached:           668024 kB
MemTotal:        1844596 kB
MemFree:          636360 kB
MemAvailable:    1362588 kB
Buffers:           86776 kB
Cached:           668024 kB
MemTotal:        1844596 kB
MemFree:          637144 kB
MemAvailable:    1363372 kB
Buffers:           86776 kB
Cached:           668024 kB
MemTotal:        1844596 kB
MemFree:          637164 kB
MemAvailable:    1363392 kB
Buffers:           86776 kB
Cached:           668024 kB
MemTotal:        1844596 kB
MemFree:          636360 kB
MemAvailable:    1362588 kB
Buffers:           86776 kB
Cached:           668024 kB
MemTotal:        1844596 kB
MemFree:          637644 kB
MemAvailable:    1363872 kB
Buffers:           86776 kB
Cached:           668024 kB
MemTotal:        1844596 kB
MemFree:          636360 kB
MemAvailable:    1362588 kB
Buffers:           86776 kB
Cached:           668024 kB
MemTotal:        1844596 kB
MemFree:          637048 kB
MemAvailable:    1363276 kB
Buffers:           86776 kB
Cached:           668024 kB
MemTotal:        1844596 kB
MemFree:          637300 kB
MemAvailable:    1363528 kB
Buffers:           86776 kB
Cached:           668024 kB
MemTotal:        1844596 kB
MemFree:          636792 kB
MemAvailable:    1363020 kB
Buffers:           86776 kB
Cached:           668024 kB
MemTotal:        1844596 kB
MemFree:          636792 kB
MemAvailable:    1363020 kB
Buffers:           86776 kB
Cached:           668024 kB
MemTotal:        1844596 kB
MemFree:          636552 kB
MemAvailable:    1362780 kB
Buffers:           86776 kB
Cached:           668024 kB
MemTotal:        1844596 kB
MemFree:          636356 kB
MemAvailable:    1362584 kB
Buffers:           86776 kB
Cached:           668024 kB
MemTotal:        1844596 kB
MemFree:          634624 kB
MemAvailable:    1360852 kB
Buffers:           86776 kB
Cached:           668024 kB
MemTotal:        1844596 kB
MemFree:          626936 kB
MemAvailable:    1353164 kB
Buffers:           86776 kB
Cached:           668024 kB
MemTotal:        1844596 kB
MemFree:          626592 kB
MemAvailable:    1352820 kB
Buffers:           86776 kB
Cached:           668024 kB
MemTotal:        1844596 kB
MemFree:          626060 kB
MemAvailable:    1352288 kB
Buffers:           86776 kB
Cached:           668024 kB
MemTotal:        1844596 kB
MemFree:          627160 kB
MemAvailable:    1353388 kB
Buffers:           86776 kB
Cached:           668024 kB
MemTotal:        1844596 kB
MemFree:          627160 kB
MemAvailable:    1353388 kB
Buffers:           86776 kB
Cached:           668024 kB
MemTotal:        1844596 kB
MemFree:          627184 kB
MemAvailable:    1353412 kB
Buffers:           86776 kB
Cached:           668024 kB
MemTotal:        1844596 kB
MemFree:          626324 kB
MemAvailable:    1352552 kB
Buffers:           86776 kB
Cached:           668024 kB
MemTotal:        1844596 kB
MemFree:          624084 kB
MemAvailable:    1350312 kB
Buffers:           86776 kB
Cached:           668024 kB
MemTotal:        1844596 kB
MemFree:          624456 kB
MemAvailable:    1350684 kB
Buffers:           86776 kB
Cached:           668024 kB
MemTotal:        1844596 kB
MemFree:          623208 kB
MemAvailable:    1349436 kB
Buffers:           86776 kB
Cached:           668024 kB
MemTotal:        1844596 kB
MemFree:          623084 kB
MemAvailable:    1349312 kB
Buffers:           86776 kB
Cached:           668024 kB
MemTotal:        1844596 kB
MemFree:          624068 kB
MemAvailable:    1350464 kB
Buffers:           86776 kB
Cached:           668148 kB
MemTotal:        1844596 kB
MemFree:          623960 kB
MemAvailable:    1350356 kB
Buffers:           86776 kB
Cached:           668148 kB
MemTotal:        1844596 kB
MemFree:          623820 kB
MemAvailable:    1350300 kB
Buffers:           86776 kB
Cached:           668272 kB
MemTotal:        1844596 kB
MemFree:          623832 kB
MemAvailable:    1350396 kB
Buffers:           86776 kB
Cached:           668396 kB
MemTotal:        1844596 kB
MemFree:          623544 kB
MemAvailable:    1350276 kB
Buffers:           86776 kB
Cached:           668520 kB
MemTotal:        1844596 kB
MemFree:          623796 kB
MemAvailable:    1350528 kB
Buffers:           86776 kB
Cached:           668520 kB
MemTotal:        1844596 kB
MemFree:          622308 kB
MemAvailable:    1349124 kB
Buffers:           86776 kB
Cached:           668520 kB
MemTotal:        1844596 kB
MemFree:          623500 kB
MemAvailable:    1350316 kB
Buffers:           86776 kB
Cached:           668644 kB
MemTotal:        1844596 kB
MemFree:          623672 kB
MemAvailable:    1350488 kB
Buffers:           86776 kB
Cached:           668644 kB
MemTotal:        1844596 kB
MemFree:          623448 kB
MemAvailable:    1350264 kB
Buffers:           86776 kB
Cached:           668644 kB
MemTotal:        1844596 kB
MemFree:          623532 kB
MemAvailable:    1350348 kB
Buffers:           86776 kB
Cached:           668644 kB
MemTotal:        1844596 kB
MemFree:          622276 kB
MemAvailable:    1349092 kB
Buffers:           86776 kB
Cached:           668644 kB
MemTotal:        1844596 kB
MemFree:          623508 kB
MemAvailable:    1350324 kB
Buffers:           86776 kB
Cached:           668644 kB
MemTotal:        1844596 kB
MemFree:          623320 kB
MemAvailable:    1350220 kB
Buffers:           86776 kB
Cached:           668768 kB
MemTotal:        1844596 kB
MemFree:          622480 kB
MemAvailable:    1349464 kB
Buffers:           86776 kB
Cached:           668768 kB
MemTotal:        1844596 kB
MemFree:          623144 kB
MemAvailable:    1349400 kB
Buffers:           86776 kB
Cached:           668084 kB
MemTotal:        1844596 kB
MemFree:          623400 kB
MemAvailable:    1349656 kB
Buffers:           86776 kB
Cached:           668084 kB
MemTotal:        1844596 kB
MemFree:          700220 kB
MemAvailable:    1426460 kB
Buffers:           86776 kB
Cached:           668036 kB
MemTotal:        1844596 kB
MemFree:          818868 kB
MemAvailable:    1545108 kB
Buffers:           86776 kB
Cached:           668036 kB
