MemTotal:        1844596 kB
MemFree:          273088 kB
MemAvailable:    1541204 kB
Buffers:           94488 kB
Cached:          1199716 kB
MemTotal:        1844596 kB
MemFree:          244096 kB
MemAvailable:    1512216 kB
Buffers:           94488 kB
Cached:          1199720 kB
MemTotal:        1844596 kB
MemFree:          244592 kB
MemAvailable:    1512712 kB
Buffers:           94488 kB
Cached:          1199720 kB
MemTotal:        1844596 kB
MemFree:          242112 kB
MemAvailable:    1510232 kB
Buffers:           94488 kB
Cached:          1199720 kB
MemTotal:        1844596 kB
MemFree:          241856 kB
MemAvailable:    1509976 kB
Buffers:           94488 kB
Cached:          1199720 kB
MemTotal:        1844596 kB
MemFree:          241856 kB
MemAvailable:    1509976 kB
Buffers:           94488 kB
Cached:          1199720 kB
MemTotal:        1844596 kB
MemFree:          240732 kB
MemAvailable:    1508852 kB
Buffers:           94488 kB
Cached:          1199720 kB
MemTotal:        1844596 kB
MemFree:          240376 kB
MemAvailable:    1508496 kB
Buffers:           94488 kB
Cached:          1199720 kB
MemTotal:        1844596 kB
MemFree:          237896 kB
MemAvailable:    1506016 kB
Buffers:           94488 kB
Cached:          1199720 kB
MemTotal:        1844596 kB
MemFree:          234540 kB
MemAvailable:    1502660 kB
Buffers:           94488 kB
Cached:          1199720 kB
MemTotal:        1844596 kB
MemFree:          234540 kB
MemAvailable:    1502660 kB
Buffers:           94488 kB
Cached:          1199720 kB
MemTotal:        1844596 kB
MemFree:          230512 kB
MemAvailable:    1498632 kB
Buffers:           94488 kB
Cached:          1199720 kB
MemTotal:        1844596 kB
MemFree:          231756 kB
MemAvailable:    1499876 kB
Buffers:           94488 kB
Cached:          1199720 kB
MemTotal:        1844596 kB
MemFree:          231880 kB
MemAvailable:    1500000 kB
Buffers:           94488 kB
Cached:          1199720 kB
MemTotal:        1844596 kB
MemFree:          231944 kB
MemAvailable:    1500064 kB
Buffers:           94488 kB
Cached:          1199720 kB
MemTotal:        1844596 kB
MemFree:          231424 kB
MemAvailable:    1499544 kB
Buffers:           94488 kB
Cached:          1199720 kB
MemTotal:        1844596 kB
MemFree:          231424 kB
MemAvailable:    1499544 kB
Buffers:           94488 kB
Cached:          1199720 kB
MemTotal:        1844596 kB
MemFree:          231136 kB
MemAvailable:    1499256 kB
Buffers:           94488 kB
Cached:          1199720 kB
MemTotal:        1844596 kB
MemFree:          230960 kB
MemAvailable:    1499080 kB
Buffers:           94488 kB
Cached:          1199720 kB
MemTotal:        1844596 kB
MemFree:          231152 kB
MemAvailable:    1499272 kB
Buffers:           94488 kB
Cached:          1199720 kB
MemTotal:        1844596 kB
MemFree:          231188 kB
MemAvailable:    1499308 kB
Buffers:           94488 kB
Cached:          1199720 kB
MemTotal:        1844596 kB
MemFree:          230332 kB
MemAvailable:    1498452 kB
Buffers:           94488 kB
Cached:          1199720 kB
MemTotal:        1844596 kB
MemFree:          231324 kB
MemAvailable:    1499444 kB
Buffers:           94488 kB
Cached:          1199720 kB
MemTotal:        1844596 kB
MemFree:          231012 kB
MemAvailable:    1499132 kB
Buffers:           94488 kB
Cached:          1199720 kB
MemTotal:        1844596 kB
MemFree:          229968 kB
MemAvailable:    1498088 kB
Buffers:           94488 kB
Cached:          1199720 kB
MemTotal:        1844596 kB
MemFree:          230460 kB
MemAvailable:    1498580 kB
Buffers:           94488 kB
Cached:          1199720 kB
MemTotal:        1844596 kB
MemFree:          229160 kB
MemAvailable:    1497280 kB
Buffers:           94488 kB
Cached:          1199720 kB
MemTotal:        1844596 kB
MemFree:          229028 kB
MemAvailable:    1497148 kB
Buffers:           94488 kB
Cached:          1199720 kB
MemTotal:        1844596 kB
MemFree:          230504 kB
MemAvailable:    1498624 kB
Buffers:           94488 kB
Cached:          1199720 kB
MemTotal:        1844596 kB
MemFree:          229200 kB
MemAvailable:    1497320 kB
Buffers:           94488 kB
Cached:          1199720 kB
MemTotal:        1844596 kB
MemFree:          229284 kB
MemAvailable:    1497404 kB
Buffers:           94488 kB
Cached:          1199720 kB
MemTotal:        1844596 kB
MemFree:          228888 kB
MemAvailable:    1497008 kB
Buffers:           94488 kB
Cached:          1199720 kB
MemTotal:        1844596 kB
MemFree:          228640 kB
MemAvailable:    1496760 kB
Buffers:           94488 kB
Cached:          1199720 kB
MemTotal:        1844596 kB
MemFree:          228892 kB
MemAvailable:    1497012 kB
Buffers:           94488 kB
Cached:          1199720 kB
MemTotal:        1844596 kB
MemFree:          227340 kB
MemAvailable:    1495460 kB
Buffers:           94488 kB
Cached:          1199720 kB
MemTotal:        1844596 kB
MemFree:          228724 kB
MemAvailable:    1496844 kB
Buffers:           94488 kB
Cached:          1199720 kB
MemTotal:        1844596 kB
MemFree:          228740 kB
MemAvailable:    1496864 kB
Buffers:           94488 kB
Cached:          1199724 kB
MemTotal:        1844596 kB
MemFree:          227432 kB
MemAvailable:    1495556 kB
Buffers:           94488 kB
Cached:          1199724 kB
MemTotal:        1844596 kB
MemFree:          229084 kB
MemAvailable:    1497208 kB
Buffers:           94488 kB
Cached:          1199724 kB
MemTotal:        1844596 kB
MemFree:          228672 kB
MemAvailable:    1496796 kB
Buffers:           94488 kB
Cached:          1199724 kB
MemTotal:        1844596 kB
MemFree:          226736 kB
MemAvailable:    1494860 kB
Buffers:           94488 kB
Cached:          1199724 kB
MemTotal:        1844596 kB
MemFree:          223760 kB
MemAvailable:    1491884 kB
Buffers:           94488 kB
Cached:          1199724 kB
MemTotal:        1844596 kB
MemFree:          223372 kB
MemAvailable:    1491496 kB
Buffers:           94488 kB
Cached:          1199724 kB
MemTotal:        1844596 kB
MemFree:          224736 kB
MemAvailable:    1492860 kB
Buffers:           94488 kB
Cached:          1199724 kB
MemTotal:        1844596 kB
MemFree:          224624 kB
MemAvailable:    1492748 kB
Buffers:           94488 kB
Cached:          1199724 kB
MemTotal:        1844596 kB
MemFree:          223520 kB
MemAvailable:    1491644 kB
Buffers:           94488 kB
Cached:          1199724 kB
MemTotal:        1844596 kB
MemFree:          223264 kB
MemAvailable:    1491388 kB
Buffers:           94488 kB
Cached:          1199724 kB
MemTotal:        1844596 kB
MemFree:          224372 kB
MemAvailable:    1492496 kB
Buffers:           94488 kB
Cached:          1199724 kB
MemTotal:        1844596 kB
MemFree:          222944 kB
MemAvailable:    1491068 kB
Buffers:           94488 kB
Cached:          1199724 kB
MemTotal:        1844596 kB
MemFree:          224316 kB
MemAvailable:    1492440 kB
Buffers:           94488 kB
Cached:          1199724 kB
MemTotal:        1844596 kB
MemFree:          224288 kB
MemAvailable:    1492412 kB
Buffers:           94488 kB
Cached:          1199724 kB
MemTotal:        1844596 kB
MemFree:          223072 kB
MemAvailable:    1491196 kB
Buffers:           94488 kB
Cached:          1199724 kB
MemTotal:        1844596 kB
MemFree:          223320 kB
MemAvailable:    1491444 kB
Buffers:           94488 kB
Cached:          1199724 kB
MemTotal:        1844596 kB
MemFree:          224248 kB
MemAvailable:    1492372 kB
Buffers:           94488 kB
Cached:          1199724 kB
MemTotal:        1844596 kB
MemFree:          222984 kB
MemAvailable:    1491108 kB
Buffers:           94488 kB
Cached:          1199724 kB
MemTotal:        1844596 kB
MemFree:          221280 kB
MemAvailable:    1489404 kB
Buffers:           94488 kB
Cached:          1199724 kB
MemTotal:        1844596 kB
MemFree:          217312 kB
MemAvailable:    1485436 kB
Buffers:           94488 kB
Cached:          1199724 kB
MemTotal:        1844596 kB
MemFree:          217800 kB
MemAvailable:    1485924 kB
Buffers:           94488 kB
Cached:          1199724 kB
MemTotal:        1844596 kB
MemFree:          218052 kB
MemAvailable:    1486176 kB
Buffers:           94488 kB
Cached:          1199724 kB
MemTotal:        1844596 kB
MemFree:          215204 kB
MemAvailable:    1483328 kB
Buffers:           94488 kB
Cached:          1199724 kB
MemTotal:        1844596 kB
MemFree:          216248 kB
MemAvailable:    1484372 kB
Buffers:           94488 kB
Cached:          1199724 kB
MemTotal:        1844596 kB
MemFree:          214460 kB
MemAvailable:    1482584 kB
Buffers:           94488 kB
Cached:          1199724 kB
MemTotal:        1844596 kB
MemFree:          214288 kB
MemAvailable:    1482412 kB
Buffers:           94488 kB
Cached:          1199724 kB
MemTotal:        1844596 kB
MemFree:          215560 kB
MemAvailable:    1483684 kB
Buffers:           94488 kB
Cached:          1199724 kB
MemTotal:        1844596 kB
MemFree:          215812 kB
MemAvailable:    1483936 kB
Buffers:           94488 kB
Cached:          1199724 kB
MemTotal:        1844596 kB
MemFree:          215304 kB
MemAvailable:    1483428 kB
Buffers:           94488 kB
Cached:          1199724 kB
MemTotal:        1844596 kB
MemFree:          214652 kB
MemAvailable:    1482776 kB
Buffers:           94488 kB
Cached:          1199724 kB
MemTotal:        1844596 kB
MemFree:          215428 kB
MemAvailable:    1483552 kB
Buffers:           94488 kB
Cached:          1199724 kB
MemTotal:        1844596 kB
MemFree:          215284 kB
MemAvailable:    1483408 kB
Buffers:           94488 kB
Cached:          1199724 kB
MemTotal:        1844596 kB
MemFree:          215368 kB
MemAvailable:    1483492 kB
Buffers:           94488 kB
Cached:          1199724 kB
MemTotal:        1844596 kB
MemFree:          215312 kB
MemAvailable:    1483436 kB
Buffers:           94488 kB
Cached:          1199724 kB
MemTotal:        1844596 kB
MemFree:          215204 kB
MemAvailable:    1483328 kB
Buffers:           94488 kB
Cached:          1199724 kB
MemTotal:        1844596 kB
MemFree:          215440 kB
MemAvailable:    1483564 kB
Buffers:           94488 kB
Cached:          1199724 kB
MemTotal:        1844596 kB
MemFree:          215308 kB
MemAvailable:    1483432 kB
Buffers:           94488 kB
Cached:          1199724 kB
MemTotal:        1844596 kB
MemFree:          215136 kB
MemAvailable:    1483260 kB
Buffers:           94488 kB
Cached:          1199724 kB
MemTotal:        1844596 kB
MemFree:          214996 kB
MemAvailable:    1483120 kB
Buffers:           94488 kB
Cached:          1199724 kB
MemTotal:        1844596 kB
MemFree:          213624 kB
MemAvailable:    1481748 kB
Buffers:           94488 kB
Cached:          1199724 kB
MemTotal:        1844596 kB
MemFree:          215172 kB
MemAvailable:    1483296 kB
Buffers:           94488 kB
Cached:          1199724 kB
MemTotal:        1844596 kB
MemFree:          215060 kB
MemAvailable:    1483184 kB
Buffers:           94488 kB
Cached:          1199724 kB
MemTotal:        1844596 kB
MemFree:          214900 kB
MemAvailable:    1483024 kB
Buffers:           94488 kB
Cached:          1199724 kB
MemTotal:        1844596 kB
MemFree:          214984 kB
MemAvailable:    1483108 kB
Buffers:           94488 kB
Cached:          1199724 kB
MemTotal:        1844596 kB
MemFree:          211536 kB
MemAvailable:    1479660 kB
Buffers:           94488 kB
Cached:          1199724 kB
MemTotal:        1844596 kB
MemFree:          208880 kB
MemAvailable:    1477004 kB
Buffers:           94488 kB
Cached:          1199724 kB
MemTotal:        1844596 kB
MemFree:          206028 kB
MemAvailable:    1474152 kB
Buffers:           94488 kB
Cached:          1199724 kB
MemTotal:        1844596 kB
MemFree:          207072 kB
MemAvailable:    1475196 kB
Buffers:           94488 kB
Cached:          1199724 kB
MemTotal:        1844596 kB
MemFree:          207012 kB
MemAvailable:    1475136 kB
Buffers:           94488 kB
Cached:          1199724 kB
MemTotal:        1844596 kB
MemFree:          205724 kB
MemAvailable:    1473848 kB
Buffers:           94488 kB
Cached:          1199724 kB
MemTotal:        1844596 kB
MemFree:          206524 kB
MemAvailable:    1474648 kB
Buffers:           94488 kB
Cached:          1199724 kB
MemTotal:        1844596 kB
MemFree:          205284 kB
MemAvailable:    1473408 kB
Buffers:           94488 kB
Cached:          1199724 kB
MemTotal:        1844596 kB
MemFree:          206256 kB
MemAvailable:    1474380 kB
Buffers:           94488 kB
Cached:          1199724 kB
MemTotal:        1844596 kB
MemFree:          206592 kB
MemAvailable:    1474716 kB
Buffers:           94488 kB
Cached:          1199724 kB
MemTotal:        1844596 kB
MemFree:          205268 kB
MemAvailable:    1473392 kB
Buffers:           94488 kB
Cached:          1199724 kB
MemTotal:        1844596 kB
MemFree:          205112 kB
MemAvailable:    1473236 kB
Buffers:           94488 kB
Cached:          1199724 kB
MemTotal:        1844596 kB
MemFree:          206392 kB
MemAvailable:    1474516 kB
Buffers:           94488 kB
Cached:          1199724 kB
MemTotal:        1844596 kB
MemFree:          206644 kB
MemAvailable:    1474768 kB
Buffers:           94488 kB
Cached:          1199724 kB
MemTotal:        1844596 kB
MemFree:          206404 kB
MemAvailable:    1474528 kB
Buffers:           94488 kB
Cached:          1199724 kB
MemTotal:        1844596 kB
MemFree:          205396 kB
MemAvailable:    1473520 kB
Buffers:           94488 kB
Cached:          1199724 kB
MemTotal:        1844596 kB
MemFree:          206448 kB
MemAvailable:    1474572 kB
Buffers:           94488 kB
Cached:          1199724 kB
MemTotal:        1844596 kB
MemFree:          205264 kB
MemAvailable:    1473388 kB
Buffers:           94488 kB
Cached:          1199724 kB
MemTotal:        1844596 kB
MemFree:          206260 kB
MemAvailable:    1474384 kB
Buffers:           94488 kB
Cached:          1199724 kB
MemTotal:        1844596 kB
MemFree:          204892 kB
MemAvailable:    1473016 kB
Buffers:           94488 kB
Cached:          1199724 kB
MemTotal:        1844596 kB
MemFree:          205272 kB
MemAvailable:    1473396 kB
Buffers:           94488 kB
Cached:          1199724 kB
MemTotal:        1844596 kB
MemFree:          206536 kB
MemAvailable:    1474660 kB
Buffers:           94488 kB
Cached:          1199724 kB
MemTotal:        1844596 kB
MemFree:          205656 kB
MemAvailable:    1473780 kB
Buffers:           94488 kB
Cached:          1199724 kB
MemTotal:        1844596 kB
MemFree:          205228 kB
MemAvailable:    1473352 kB
Buffers:           94488 kB
Cached:          1199724 kB
MemTotal:        1844596 kB
MemFree:          206572 kB
MemAvailable:    1474696 kB
Buffers:           94488 kB
Cached:          1199724 kB
MemTotal:        1844596 kB
MemFree:          206400 kB
MemAvailable:    1474524 kB
Buffers:           94488 kB
Cached:          1199724 kB
MemTotal:        1844596 kB
MemFree:          206520 kB
MemAvailable:    1474644 kB
Buffers:           94488 kB
Cached:          1199724 kB
MemTotal:        1844596 kB
MemFree:          206328 kB
MemAvailable:    1474452 kB
Buffers:           94488 kB
Cached:          1199724 kB
MemTotal:        1844596 kB
MemFree:          203672 kB
MemAvailable:    1471796 kB
Buffers:           94496 kB
Cached:          1199716 kB
MemTotal:        1844596 kB
MemFree:          201440 kB
MemAvailable:    1469580 kB
Buffers:           94496 kB
Cached:          1199732 kB
MemTotal:        1844596 kB
MemFree:          199216 kB
MemAvailable:    1467356 kB
Buffers:           94496 kB
Cached:          1199732 kB
MemTotal:        1844596 kB
MemFree:          197524 kB
MemAvailable:    1465664 kB
Buffers:           94496 kB
Cached:          1199732 kB
MemTotal:        1844596 kB
MemFree:          196216 kB
MemAvailable:    1464356 kB
Buffers:           94496 kB
Cached:          1199732 kB
MemTotal:        1844596 kB
MemFree:          197228 kB
MemAvailable:    1465368 kB
Buffers:           94496 kB
Cached:          1199732 kB
MemTotal:        1844596 kB
MemFree:          195668 kB
MemAvailable:    1463808 kB
Buffers:           94496 kB
Cached:          1199732 kB
MemTotal:        1844596 kB
MemFree:          196984 kB
MemAvailable:    1465124 kB
Buffers:           94496 kB
Cached:          1199732 kB
MemTotal:        1844596 kB
MemFree:          195356 kB
MemAvailable:    1463496 kB
Buffers:           94496 kB
Cached:          1199732 kB
MemTotal:        1844596 kB
MemFree:          195440 kB
MemAvailable:    1463580 kB
Buffers:           94496 kB
Cached:          1199732 kB
MemTotal:        1844596 kB
MemFree:          194868 kB
MemAvailable:    1463008 kB
Buffers:           94496 kB
Cached:          1199732 kB
MemTotal:        1844596 kB
MemFree:          193496 kB
MemAvailable:    1461636 kB
Buffers:           94496 kB
Cached:          1199732 kB
MemTotal:        1844596 kB
MemFree:          193364 kB
MemAvailable:    1461504 kB
Buffers:           94496 kB
Cached:          1199732 kB
MemTotal:        1844596 kB
MemFree:          194616 kB
MemAvailable:    1462756 kB
Buffers:           94496 kB
Cached:          1199732 kB
MemTotal:        1844596 kB
MemFree:          193440 kB
MemAvailable:    1461580 kB
Buffers:           94496 kB
Cached:          1199732 kB
MemTotal:        1844596 kB
MemFree:          194804 kB
MemAvailable:    1462944 kB
Buffers:           94496 kB
Cached:          1199732 kB
MemTotal:        1844596 kB
MemFree:          194592 kB
MemAvailable:    1462732 kB
Buffers:           94496 kB
Cached:          1199732 kB
MemTotal:        1844596 kB
MemFree:          194592 kB
MemAvailable:    1462732 kB
Buffers:           94496 kB
Cached:          1199732 kB
MemTotal:        1844596 kB
MemFree:          194604 kB
MemAvailable:    1462744 kB
Buffers:           94496 kB
Cached:          1199732 kB
MemTotal:        1844596 kB
MemFree:          194496 kB
MemAvailable:    1462636 kB
Buffers:           94496 kB
Cached:          1199732 kB
MemTotal:        1844596 kB
MemFree:          193324 kB
MemAvailable:    1461464 kB
Buffers:           94496 kB
Cached:          1199732 kB
MemTotal:        1844596 kB
MemFree:          193324 kB
MemAvailable:    1461464 kB
Buffers:           94496 kB
Cached:          1199732 kB
MemTotal:        1844596 kB
MemFree:          193320 kB
MemAvailable:    1461460 kB
Buffers:           94496 kB
Cached:          1199732 kB
MemTotal:        1844596 kB
MemFree:          194780 kB
MemAvailable:    1462920 kB
Buffers:           94496 kB
Cached:          1199732 kB
MemTotal:        1844596 kB
MemFree:          194676 kB
MemAvailable:    1462816 kB
Buffers:           94496 kB
Cached:          1199732 kB
MemTotal:        1844596 kB
MemFree:          194548 kB
MemAvailable:    1462688 kB
Buffers:           94496 kB
Cached:          1199732 kB
MemTotal:        1844596 kB
MemFree:          194548 kB
MemAvailable:    1462688 kB
Buffers:           94496 kB
Cached:          1199732 kB
MemTotal:        1844596 kB
MemFree:          194532 kB
MemAvailable:    1462672 kB
Buffers:           94496 kB
Cached:          1199732 kB
MemTotal:        1844596 kB
MemFree:          194504 kB
MemAvailable:    1462644 kB
Buffers:           94496 kB
Cached:          1199732 kB
MemTotal:        1844596 kB
MemFree:          194508 kB
MemAvailable:    1462648 kB
Buffers:           94496 kB
Cached:          1199732 kB
MemTotal:        1844596 kB
MemFree:          194428 kB
MemAvailable:    1462568 kB
Buffers:           94496 kB
Cached:          1199732 kB
MemTotal:        1844596 kB
MemFree:          194764 kB
MemAvailable:    1462904 kB
Buffers:           94496 kB
Cached:          1199732 kB
MemTotal:        1844596 kB
MemFree:          194480 kB
MemAvailable:    1462620 kB
Buffers:           94496 kB
Cached:          1199732 kB
MemTotal:        1844596 kB
MemFree:          194480 kB
MemAvailable:    1462620 kB
Buffers:           94496 kB
Cached:          1199732 kB
MemTotal:        1844596 kB
MemFree:          194548 kB
MemAvailable:    1462688 kB
Buffers:           94496 kB
Cached:          1199732 kB
MemTotal:        1844596 kB
MemFree:          194800 kB
MemAvailable:    1462940 kB
Buffers:           94496 kB
Cached:          1199732 kB
MemTotal:        1844596 kB
MemFree:          194800 kB
MemAvailable:    1462940 kB
Buffers:           94496 kB
Cached:          1199732 kB
MemTotal:        1844596 kB
MemFree:          194828 kB
MemAvailable:    1462968 kB
Buffers:           94496 kB
Cached:          1199732 kB
MemTotal:        1844596 kB
MemFree:          194572 kB
MemAvailable:    1462712 kB
Buffers:           94496 kB
Cached:          1199732 kB
MemTotal:        1844596 kB
MemFree:          194572 kB
MemAvailable:    1462712 kB
Buffers:           94496 kB
Cached:          1199732 kB
MemTotal:        1844596 kB
MemFree:          194364 kB
MemAvailable:    1462504 kB
Buffers:           94496 kB
Cached:          1199732 kB
MemTotal:        1844596 kB
MemFree:          194800 kB
MemAvailable:    1462940 kB
Buffers:           94496 kB
Cached:          1199732 kB
MemTotal:        1844596 kB
MemFree:          194688 kB
MemAvailable:    1462828 kB
Buffers:           94496 kB
Cached:          1199732 kB
MemTotal:        1844596 kB
MemFree:          194560 kB
MemAvailable:    1462700 kB
Buffers:           94496 kB
Cached:          1199732 kB
MemTotal:        1844596 kB
MemFree:          194380 kB
MemAvailable:    1462520 kB
Buffers:           94496 kB
Cached:          1199732 kB
MemTotal:        1844596 kB
MemFree:          194804 kB
MemAvailable:    1462944 kB
Buffers:           94496 kB
Cached:          1199732 kB
MemTotal:        1844596 kB
MemFree:          194572 kB
MemAvailable:    1462712 kB
Buffers:           94496 kB
Cached:          1199732 kB
MemTotal:        1844596 kB
MemFree:          194480 kB
MemAvailable:    1462620 kB
Buffers:           94496 kB
Cached:          1199732 kB
MemTotal:        1844596 kB
MemFree:          194480 kB
MemAvailable:    1462620 kB
Buffers:           94496 kB
Cached:          1199732 kB
MemTotal:        1844596 kB
MemFree:          194476 kB
MemAvailable:    1462616 kB
Buffers:           94496 kB
Cached:          1199732 kB
MemTotal:        1844596 kB
MemFree:          194812 kB
MemAvailable:    1462952 kB
Buffers:           94496 kB
Cached:          1199732 kB
MemTotal:        1844596 kB
MemFree:          194736 kB
MemAvailable:    1462876 kB
Buffers:           94496 kB
Cached:          1199732 kB
MemTotal:        1844596 kB
MemFree:          194596 kB
MemAvailable:    1462736 kB
Buffers:           94496 kB
Cached:          1199732 kB
MemTotal:        1844596 kB
MemFree:          194480 kB
MemAvailable:    1462620 kB
Buffers:           94496 kB
Cached:          1199732 kB
MemTotal:        1844596 kB
MemFree:          194480 kB
MemAvailable:    1462620 kB
Buffers:           94496 kB
Cached:          1199732 kB
MemTotal:        1844596 kB
MemFree:          194248 kB
MemAvailable:    1462388 kB
Buffers:           94496 kB
Cached:          1199732 kB
MemTotal:        1844596 kB
MemFree:          194284 kB
MemAvailable:    1462424 kB
Buffers:           94496 kB
Cached:          1199732 kB
MemTotal:        1844596 kB
MemFree:          193076 kB
MemAvailable:    1461216 kB
Buffers:           94496 kB
Cached:          1199732 kB
MemTotal:        1844596 kB
MemFree:          194228 kB
MemAvailable:    1462368 kB
Buffers:           94496 kB
Cached:          1199732 kB
MemTotal:        1844596 kB
MemFree:          192980 kB
MemAvailable:    1461120 kB
Buffers:           94496 kB
Cached:          1199732 kB
MemTotal:        1844596 kB
MemFree:          194040 kB
MemAvailable:    1462180 kB
Buffers:           94496 kB
Cached:          1199732 kB
MemTotal:        1844596 kB
MemFree:          194376 kB
MemAvailable:    1462516 kB
Buffers:           94496 kB
Cached:          1199732 kB
MemTotal:        1844596 kB
MemFree:          193908 kB
MemAvailable:    1462048 kB
Buffers:           94496 kB
Cached:          1199732 kB
MemTotal:        1844596 kB
MemFree:          194244 kB
MemAvailable:    1462384 kB
Buffers:           94496 kB
Cached:          1199732 kB
MemTotal:        1844596 kB
MemFree:          192752 kB
MemAvailable:    1460892 kB
Buffers:           94496 kB
Cached:          1199732 kB
MemTotal:        1844596 kB
MemFree:          193804 kB
MemAvailable:    1461944 kB
Buffers:           94496 kB
Cached:          1199732 kB
MemTotal:        1844596 kB
MemFree:          192504 kB
MemAvailable:    1460644 kB
Buffers:           94496 kB
Cached:          1199732 kB
MemTotal:        1844596 kB
MemFree:          193488 kB
MemAvailable:    1461628 kB
Buffers:           94496 kB
Cached:          1199732 kB
MemTotal:        1844596 kB
MemFree:          192456 kB
MemAvailable:    1460596 kB
Buffers:           94496 kB
Cached:          1199732 kB
MemTotal:        1844596 kB
MemFree:          192324 kB
MemAvailable:    1460464 kB
Buffers:           94496 kB
Cached:          1199732 kB
MemTotal:        1844596 kB
MemFree:          192492 kB
MemAvailable:    1460632 kB
Buffers:           94496 kB
Cached:          1199732 kB
MemTotal:        1844596 kB
MemFree:          193476 kB
MemAvailable:    1461616 kB
Buffers:           94496 kB
Cached:          1199732 kB
MemTotal:        1844596 kB
MemFree:          193420 kB
MemAvailable:    1461560 kB
Buffers:           94496 kB
Cached:          1199732 kB
MemTotal:        1844596 kB
MemFree:          193672 kB
MemAvailable:    1461812 kB
Buffers:           94496 kB
Cached:          1199732 kB
MemTotal:        1844596 kB
MemFree:          192332 kB
MemAvailable:    1460472 kB
Buffers:           94496 kB
Cached:          1199732 kB
MemTotal:        1844596 kB
MemFree:          192512 kB
MemAvailable:    1460664 kB
Buffers:           94496 kB
Cached:          1199744 kB
MemTotal:        1844596 kB
MemFree:          192512 kB
MemAvailable:    1460664 kB
Buffers:           94496 kB
Cached:          1199744 kB
MemTotal:        1844596 kB
MemFree:          193392 kB
MemAvailable:    1461544 kB
Buffers:           94496 kB
Cached:          1199744 kB
MemTotal:        1844596 kB
MemFree:          193620 kB
MemAvailable:    1461772 kB
Buffers:           94496 kB
Cached:          1199744 kB
MemTotal:        1844596 kB
MemFree:          193508 kB
MemAvailable:    1461660 kB
Buffers:           94496 kB
Cached:          1199744 kB
MemTotal:        1844596 kB
MemFree:          193500 kB
MemAvailable:    1461652 kB
Buffers:           94496 kB
Cached:          1199744 kB
MemTotal:        1844596 kB
MemFree:          190836 kB
MemAvailable:    1458988 kB
Buffers:           94496 kB
Cached:          1199744 kB
MemTotal:        1844596 kB
MemFree:          186436 kB
MemAvailable:    1454588 kB
Buffers:           94496 kB
Cached:          1199744 kB
MemTotal:        1844596 kB
MemFree:          181972 kB
MemAvailable:    1450124 kB
Buffers:           94496 kB
Cached:          1199744 kB
MemTotal:        1844596 kB
MemFree:          183080 kB
MemAvailable:    1451232 kB
Buffers:           94496 kB
Cached:          1199744 kB
MemTotal:        1844596 kB
MemFree:          183080 kB
MemAvailable:    1451232 kB
Buffers:           94496 kB
Cached:          1199744 kB
MemTotal:        1844596 kB
MemFree:          181476 kB
MemAvailable:    1449628 kB
Buffers:           94496 kB
Cached:          1199744 kB
MemTotal:        1844596 kB
MemFree:          181476 kB
MemAvailable:    1449628 kB
Buffers:           94496 kB
Cached:          1199744 kB
MemTotal:        1844596 kB
MemFree:          181724 kB
MemAvailable:    1449876 kB
Buffers:           94496 kB
Cached:          1199744 kB
MemTotal:        1844596 kB
MemFree:          181104 kB
MemAvailable:    1449256 kB
Buffers:           94496 kB
Cached:          1199744 kB
MemTotal:        1844596 kB
MemFree:          181908 kB
MemAvailable:    1450060 kB
Buffers:           94496 kB
Cached:          1199744 kB
MemTotal:        1844596 kB
MemFree:          180616 kB
MemAvailable:    1448768 kB
Buffers:           94496 kB
Cached:          1199744 kB
MemTotal:        1844596 kB
MemFree:          180468 kB
MemAvailable:    1448620 kB
Buffers:           94496 kB
Cached:          1199744 kB
MemTotal:        1844596 kB
MemFree:          180680 kB
MemAvailable:    1448832 kB
Buffers:           94496 kB
Cached:          1199744 kB
MemTotal:        1844596 kB
MemFree:          180220 kB
MemAvailable:    1448372 kB
Buffers:           94496 kB
Cached:          1199744 kB
MemTotal:        1844596 kB
MemFree:          180220 kB
MemAvailable:    1448372 kB
Buffers:           94496 kB
Cached:          1199744 kB
MemTotal:        1844596 kB
MemFree:          180064 kB
MemAvailable:    1448216 kB
Buffers:           94496 kB
Cached:          1199744 kB
MemTotal:        1844596 kB
MemFree:          180212 kB
MemAvailable:    1448364 kB
Buffers:           94496 kB
Cached:          1199744 kB
MemTotal:        1844596 kB
MemFree:          180212 kB
MemAvailable:    1448364 kB
Buffers:           94496 kB
Cached:          1199744 kB
MemTotal:        1844596 kB
MemFree:          180108 kB
MemAvailable:    1448260 kB
Buffers:           94496 kB
Cached:          1199744 kB
MemTotal:        1844596 kB
MemFree:          178808 kB
MemAvailable:    1446960 kB
Buffers:           94496 kB
Cached:          1199744 kB
MemTotal:        1844596 kB
MemFree:          178808 kB
MemAvailable:    1446960 kB
Buffers:           94496 kB
Cached:          1199744 kB
MemTotal:        1844596 kB
MemFree:          180108 kB
MemAvailable:    1448260 kB
Buffers:           94496 kB
Cached:          1199744 kB
MemTotal:        1844596 kB
MemFree:          180076 kB
MemAvailable:    1448228 kB
Buffers:           94496 kB
Cached:          1199744 kB
MemTotal:        1844596 kB
MemFree:          180328 kB
MemAvailable:    1448480 kB
Buffers:           94496 kB
Cached:          1199744 kB
MemTotal:        1844596 kB
MemFree:          179960 kB
MemAvailable:    1448112 kB
Buffers:           94496 kB
Cached:          1199744 kB
MemTotal:        1844596 kB
MemFree:          179864 kB
MemAvailable:    1448016 kB
Buffers:           94496 kB
Cached:          1199744 kB
MemTotal:        1844596 kB
MemFree:          178692 kB
MemAvailable:    1446844 kB
Buffers:           94496 kB
Cached:          1199744 kB
MemTotal:        1844596 kB
MemFree:          179428 kB
MemAvailable:    1447580 kB
Buffers:           94496 kB
Cached:          1199744 kB
MemTotal:        1844596 kB
MemFree:          178932 kB
MemAvailable:    1447084 kB
Buffers:           94496 kB
Cached:          1199744 kB
MemTotal:        1844596 kB
MemFree:          178564 kB
MemAvailable:    1446716 kB
Buffers:           94496 kB
Cached:          1199744 kB
MemTotal:        1844596 kB
MemFree:          178004 kB
MemAvailable:    1446156 kB
Buffers:           94496 kB
Cached:          1199744 kB
MemTotal:        1844596 kB
MemFree:          176756 kB
MemAvailable:    1444908 kB
Buffers:           94496 kB
Cached:          1199744 kB
MemTotal:        1844596 kB
MemFree:          178056 kB
MemAvailable:    1446208 kB
Buffers:           94496 kB
Cached:          1199744 kB
MemTotal:        1844596 kB
MemFree:          176896 kB
MemAvailable:    1445048 kB
Buffers:           94496 kB
Cached:          1199744 kB
MemTotal:        1844596 kB
MemFree:          177196 kB
MemAvailable:    1445348 kB
Buffers:           94496 kB
Cached:          1199744 kB
MemTotal:        1844596 kB
MemFree:          177024 kB
MemAvailable:    1445176 kB
Buffers:           94496 kB
Cached:          1199744 kB
MemTotal:        1844596 kB
MemFree:          175012 kB
MemAvailable:    1443164 kB
Buffers:           94496 kB
Cached:          1199744 kB
MemTotal:        1844596 kB
MemFree:          175824 kB
MemAvailable:    1443976 kB
Buffers:           94496 kB
Cached:          1199744 kB
MemTotal:        1844596 kB
MemFree:          175632 kB
MemAvailable:    1443784 kB
Buffers:           94496 kB
Cached:          1199744 kB
MemTotal:        1844596 kB
MemFree:          175772 kB
MemAvailable:    1443924 kB
Buffers:           94496 kB
Cached:          1199744 kB
MemTotal:        1844596 kB
MemFree:          175144 kB
MemAvailable:    1443296 kB
Buffers:           94496 kB
Cached:          1199744 kB
MemTotal:        1844596 kB
MemFree:          175036 kB
MemAvailable:    1443188 kB
Buffers:           94496 kB
Cached:          1199744 kB
MemTotal:        1844596 kB
MemFree:          175144 kB
MemAvailable:    1443296 kB
Buffers:           94496 kB
Cached:          1199744 kB
MemTotal:        1844596 kB
MemFree:          174896 kB
MemAvailable:    1443048 kB
Buffers:           94496 kB
Cached:          1199744 kB
MemTotal:        1844596 kB
MemFree:          173740 kB
MemAvailable:    1441892 kB
Buffers:           94496 kB
Cached:          1199744 kB
MemTotal:        1844596 kB
MemFree:          174980 kB
MemAvailable:    1443132 kB
Buffers:           94496 kB
Cached:          1199744 kB
MemTotal:        1844596 kB
MemFree:          175244 kB
MemAvailable:    1443396 kB
Buffers:           94496 kB
Cached:          1199744 kB
MemTotal:        1844596 kB
MemFree:          173776 kB
MemAvailable:    1441928 kB
Buffers:           94496 kB
Cached:          1199744 kB
MemTotal:        1844596 kB
MemFree:          175244 kB
MemAvailable:    1443396 kB
Buffers:           94496 kB
Cached:          1199744 kB
MemTotal:        1844596 kB
MemFree:          175140 kB
MemAvailable:    1443292 kB
Buffers:           94496 kB
Cached:          1199744 kB
MemTotal:        1844596 kB
MemFree:          175256 kB
MemAvailable:    1443408 kB
Buffers:           94496 kB
Cached:          1199744 kB
MemTotal:        1844596 kB
MemFree:          173656 kB
MemAvailable:    1441808 kB
Buffers:           94496 kB
Cached:          1199744 kB
MemTotal:        1844596 kB
MemFree:          174756 kB
MemAvailable:    1442908 kB
Buffers:           94496 kB
Cached:          1199744 kB
MemTotal:        1844596 kB
MemFree:          174840 kB
MemAvailable:    1442992 kB
Buffers:           94496 kB
Cached:          1199744 kB
MemTotal:        1844596 kB
MemFree:          174768 kB
MemAvailable:    1442920 kB
Buffers:           94496 kB
Cached:          1199744 kB
MemTotal:        1844596 kB
MemFree:          174648 kB
MemAvailable:    1442800 kB
Buffers:           94496 kB
Cached:          1199744 kB
MemTotal:        1844596 kB
MemFree:          174036 kB
MemAvailable:    1442188 kB
Buffers:           94496 kB
Cached:          1199744 kB
MemTotal:        1844596 kB
MemFree:          174712 kB
MemAvailable:    1442864 kB
Buffers:           94496 kB
Cached:          1199744 kB
MemTotal:        1844596 kB
MemFree:          174712 kB
MemAvailable:    1442864 kB
Buffers:           94496 kB
Cached:          1199744 kB
MemTotal:        1844596 kB
MemFree:          173416 kB
MemAvailable:    1441568 kB
Buffers:           94496 kB
Cached:          1199744 kB
MemTotal:        1844596 kB
MemFree:          174692 kB
MemAvailable:    1442844 kB
Buffers:           94496 kB
Cached:          1199744 kB
MemTotal:        1844596 kB
MemFree:          174692 kB
MemAvailable:    1442844 kB
Buffers:           94496 kB
Cached:          1199744 kB
MemTotal:        1844596 kB
MemFree:          174560 kB
MemAvailable:    1442712 kB
Buffers:           94496 kB
Cached:          1199744 kB
MemTotal:        1844596 kB
MemFree:          174896 kB
MemAvailable:    1443048 kB
Buffers:           94496 kB
Cached:          1199744 kB
MemTotal:        1844596 kB
MemFree:          174904 kB
MemAvailable:    1443056 kB
Buffers:           94496 kB
Cached:          1199744 kB
MemTotal:        1844596 kB
MemFree:          173656 kB
MemAvailable:    1441808 kB
Buffers:           94496 kB
Cached:          1199744 kB
MemTotal:        1844596 kB
MemFree:          172672 kB
MemAvailable:    1440824 kB
Buffers:           94496 kB
Cached:          1199744 kB
MemTotal:        1844596 kB
MemFree:          173408 kB
MemAvailable:    1441560 kB
Buffers:           94496 kB
Cached:          1199744 kB
MemTotal:        1844596 kB
MemFree:          172160 kB
MemAvailable:    1440312 kB
Buffers:           94496 kB
Cached:          1199744 kB
MemTotal:        1844596 kB
MemFree:          170556 kB
MemAvailable:    1438712 kB
Buffers:           94496 kB
Cached:          1199748 kB
MemTotal:        1844596 kB
MemFree:          170076 kB
MemAvailable:    1438232 kB
Buffers:           94496 kB
Cached:          1199748 kB
MemTotal:        1844596 kB
MemFree:          168084 kB
MemAvailable:    1436244 kB
Buffers:           94496 kB
Cached:          1199752 kB
MemTotal:        1844596 kB
MemFree:          166596 kB
MemAvailable:    1434756 kB
Buffers:           94496 kB
Cached:          1199752 kB
MemTotal:        1844596 kB
MemFree:          161820 kB
MemAvailable:    1429980 kB
Buffers:           94496 kB
Cached:          1199752 kB
MemTotal:        1844596 kB
MemFree:          157412 kB
MemAvailable:    1425572 kB
Buffers:           94496 kB
Cached:          1199752 kB
MemTotal:        1844596 kB
MemFree:          156684 kB
MemAvailable:    1424844 kB
Buffers:           94496 kB
Cached:          1199752 kB
MemTotal:        1844596 kB
MemFree:          156164 kB
MemAvailable:    1424324 kB
Buffers:           94496 kB
Cached:          1199752 kB
MemTotal:        1844596 kB
MemFree:          155684 kB
MemAvailable:    1423844 kB
Buffers:           94496 kB
Cached:          1199752 kB
MemTotal:        1844596 kB
MemFree:          154928 kB
MemAvailable:    1423088 kB
Buffers:           94496 kB
Cached:          1199752 kB
MemTotal:        1844596 kB
MemFree:          154920 kB
MemAvailable:    1423080 kB
Buffers:           94496 kB
Cached:          1199752 kB
MemTotal:        1844596 kB
MemFree:          155972 kB
MemAvailable:    1424132 kB
Buffers:           94496 kB
Cached:          1199752 kB
MemTotal:        1844596 kB
MemFree:          155724 kB
MemAvailable:    1423884 kB
Buffers:           94496 kB
Cached:          1199752 kB
MemTotal:        1844596 kB
MemFree:          156060 kB
MemAvailable:    1424220 kB
Buffers:           94496 kB
Cached:          1199752 kB
MemTotal:        1844596 kB
MemFree:          155600 kB
MemAvailable:    1423760 kB
Buffers:           94496 kB
Cached:          1199752 kB
MemTotal:        1844596 kB
MemFree:          155940 kB
MemAvailable:    1424100 kB
Buffers:           94496 kB
Cached:          1199752 kB
MemTotal:        1844596 kB
MemFree:          155636 kB
MemAvailable:    1423796 kB
Buffers:           94496 kB
Cached:          1199752 kB
MemTotal:        1844596 kB
MemFree:          155372 kB
MemAvailable:    1423532 kB
Buffers:           94496 kB
Cached:          1199752 kB
MemTotal:        1844596 kB
MemFree:          155180 kB
MemAvailable:    1423340 kB
Buffers:           94496 kB
Cached:          1199752 kB
MemTotal:        1844596 kB
MemFree:          154452 kB
MemAvailable:    1422612 kB
Buffers:           94496 kB
Cached:          1199752 kB
MemTotal:        1844596 kB
MemFree:          154944 kB
MemAvailable:    1423104 kB
Buffers:           94496 kB
Cached:          1199752 kB
MemTotal:        1844596 kB
MemFree:          155240 kB
MemAvailable:    1423400 kB
Buffers:           94496 kB
Cached:          1199752 kB
MemTotal:        1844596 kB
MemFree:          154196 kB
MemAvailable:    1422356 kB
Buffers:           94496 kB
Cached:          1199752 kB
MemTotal:        1844596 kB
MemFree:          154892 kB
MemAvailable:    1423056 kB
Buffers:           94496 kB
Cached:          1199756 kB
MemTotal:        1844596 kB
MemFree:          155148 kB
MemAvailable:    1423312 kB
Buffers:           94496 kB
Cached:          1199756 kB
MemTotal:        1844596 kB
MemFree:          154884 kB
MemAvailable:    1423048 kB
Buffers:           94496 kB
Cached:          1199756 kB
MemTotal:        1844596 kB
MemFree:          155140 kB
MemAvailable:    1423304 kB
Buffers:           94496 kB
Cached:          1199756 kB
MemTotal:        1844596 kB
MemFree:          153644 kB
MemAvailable:    1421808 kB
Buffers:           94496 kB
Cached:          1199756 kB
MemTotal:        1844596 kB
MemFree:          153768 kB
MemAvailable:    1421932 kB
Buffers:           94496 kB
Cached:          1199756 kB
MemTotal:        1844596 kB
MemFree:          155004 kB
MemAvailable:    1423168 kB
Buffers:           94496 kB
Cached:          1199756 kB
MemTotal:        1844596 kB
MemFree:          153632 kB
MemAvailable:    1421796 kB
Buffers:           94496 kB
Cached:          1199756 kB
MemTotal:        1844596 kB
MemFree:          155100 kB
MemAvailable:    1423264 kB
Buffers:           94496 kB
Cached:          1199756 kB
MemTotal:        1844596 kB
MemFree:          154896 kB
MemAvailable:    1423060 kB
Buffers:           94496 kB
Cached:          1199756 kB
MemTotal:        1844596 kB
MemFree:          154896 kB
MemAvailable:    1423060 kB
Buffers:           94496 kB
Cached:          1199756 kB
MemTotal:        1844596 kB
MemFree:          154884 kB
MemAvailable:    1423048 kB
Buffers:           94496 kB
Cached:          1199756 kB
MemTotal:        1844596 kB
MemFree:          153764 kB
MemAvailable:    1421928 kB
Buffers:           94496 kB
Cached:          1199756 kB
MemTotal:        1844596 kB
MemFree:          154932 kB
MemAvailable:    1423096 kB
Buffers:           94496 kB
Cached:          1199756 kB
MemTotal:        1844596 kB
MemFree:          154932 kB
MemAvailable:    1423096 kB
Buffers:           94496 kB
Cached:          1199756 kB
MemTotal:        1844596 kB
MemFree:          153816 kB
MemAvailable:    1421980 kB
Buffers:           94496 kB
Cached:          1199756 kB
MemTotal:        1844596 kB
MemFree:          153816 kB
MemAvailable:    1421980 kB
Buffers:           94496 kB
Cached:          1199756 kB
MemTotal:        1844596 kB
MemFree:          154992 kB
MemAvailable:    1423156 kB
Buffers:           94496 kB
Cached:          1199756 kB
MemTotal:        1844596 kB
MemFree:          155112 kB
MemAvailable:    1423276 kB
Buffers:           94496 kB
Cached:          1199756 kB
MemTotal:        1844596 kB
MemFree:          153080 kB
MemAvailable:    1421244 kB
Buffers:           94496 kB
Cached:          1199756 kB
MemTotal:        1844596 kB
MemFree:          149344 kB
MemAvailable:    1417508 kB
Buffers:           94496 kB
Cached:          1199756 kB
MemTotal:        1844596 kB
MemFree:          149236 kB
MemAvailable:    1417400 kB
Buffers:           94496 kB
Cached:          1199756 kB
MemTotal:        1844596 kB
MemFree:          144144 kB
MemAvailable:    1412308 kB
Buffers:           94496 kB
Cached:          1199756 kB
MemTotal:        1844596 kB
MemFree:          144276 kB
MemAvailable:    1412440 kB
Buffers:           94496 kB
Cached:          1199756 kB
MemTotal:        1844596 kB
MemFree:          139772 kB
MemAvailable:    1407936 kB
Buffers:           94496 kB
Cached:          1199756 kB
MemTotal:        1844596 kB
MemFree:          137516 kB
MemAvailable:    1405680 kB
Buffers:           94496 kB
Cached:          1199756 kB
MemTotal:        1844596 kB
MemFree:          136092 kB
MemAvailable:    1404256 kB
Buffers:           94496 kB
Cached:          1199756 kB
MemTotal:        1844596 kB
MemFree:          136092 kB
MemAvailable:    1404256 kB
Buffers:           94496 kB
Cached:          1199756 kB
MemTotal:        1844596 kB
MemFree:          135960 kB
MemAvailable:    1404124 kB
Buffers:           94496 kB
Cached:          1199756 kB
MemTotal:        1844596 kB
MemFree:          137144 kB
MemAvailable:    1405308 kB
Buffers:           94496 kB
Cached:          1199756 kB
MemTotal:        1844596 kB
MemFree:          137084 kB
MemAvailable:    1405248 kB
Buffers:           94496 kB
Cached:          1199756 kB
MemTotal:        1844596 kB
MemFree:          137320 kB
MemAvailable:    1405484 kB
Buffers:           94496 kB
Cached:          1199756 kB
MemTotal:        1844596 kB
MemFree:          137140 kB
MemAvailable:    1405304 kB
Buffers:           94496 kB
Cached:          1199756 kB
MemTotal:        1844596 kB
MemFree:          137140 kB
MemAvailable:    1405304 kB
Buffers:           94496 kB
Cached:          1199756 kB
MemTotal:        1844596 kB
MemFree:          135512 kB
MemAvailable:    1403676 kB
Buffers:           94496 kB
Cached:          1199756 kB
MemTotal:        1844596 kB
MemFree:          135976 kB
MemAvailable:    1404140 kB
Buffers:           94496 kB
Cached:          1199756 kB
MemTotal:        1844596 kB
MemFree:          137044 kB
MemAvailable:    1405208 kB
Buffers:           94496 kB
Cached:          1199756 kB
MemTotal:        1844596 kB
MemFree:          135976 kB
MemAvailable:    1404140 kB
Buffers:           94496 kB
Cached:          1199756 kB
MemTotal:        1844596 kB
MemFree:          137012 kB
MemAvailable:    1405176 kB
Buffers:           94496 kB
Cached:          1199756 kB
MemTotal:        1844596 kB
MemFree:          135852 kB
MemAvailable:    1404016 kB
Buffers:           94496 kB
Cached:          1199756 kB
MemTotal:        1844596 kB
MemFree:          136836 kB
MemAvailable:    1405000 kB
Buffers:           94496 kB
Cached:          1199756 kB
MemTotal:        1844596 kB
MemFree:          135588 kB
MemAvailable:    1403752 kB
Buffers:           94496 kB
Cached:          1199756 kB
MemTotal:        1844596 kB
MemFree:          135448 kB
MemAvailable:    1403612 kB
Buffers:           94496 kB
Cached:          1199756 kB
MemTotal:        1844596 kB
MemFree:          135472 kB
MemAvailable:    1403636 kB
Buffers:           94496 kB
Cached:          1199756 kB
MemTotal:        1844596 kB
MemFree:          136848 kB
MemAvailable:    1405012 kB
Buffers:           94496 kB
Cached:          1199756 kB
MemTotal:        1844596 kB
MemFree:          135720 kB
MemAvailable:    1403884 kB
Buffers:           94496 kB
Cached:          1199756 kB
MemTotal:        1844596 kB
MemFree:          136696 kB
MemAvailable:    1404860 kB
Buffers:           94496 kB
Cached:          1199756 kB
MemTotal:        1844596 kB
MemFree:          136696 kB
MemAvailable:    1404860 kB
Buffers:           94496 kB
Cached:          1199756 kB
MemTotal:        1844596 kB
MemFree:          136764 kB
MemAvailable:    1404928 kB
Buffers:           94496 kB
Cached:          1199756 kB
MemTotal:        1844596 kB
MemFree:          135548 kB
MemAvailable:    1403712 kB
Buffers:           94496 kB
Cached:          1199756 kB
MemTotal:        1844596 kB
MemFree:          136696 kB
MemAvailable:    1404864 kB
Buffers:           94496 kB
Cached:          1199760 kB
MemTotal:        1844596 kB
MemFree:          136948 kB
MemAvailable:    1405116 kB
Buffers:           94496 kB
Cached:          1199760 kB
MemTotal:        1844596 kB
MemFree:          136788 kB
MemAvailable:    1404960 kB
Buffers:           94496 kB
Cached:          1199764 kB
MemTotal:        1844596 kB
MemFree:          137044 kB
MemAvailable:    1405216 kB
Buffers:           94496 kB
Cached:          1199764 kB
MemTotal:        1844596 kB
MemFree:          136788 kB
MemAvailable:    1404960 kB
Buffers:           94496 kB
Cached:          1199764 kB
MemTotal:        1844596 kB
MemFree:          136968 kB
MemAvailable:    1405140 kB
Buffers:           94496 kB
Cached:          1199764 kB
MemTotal:        1844596 kB
MemFree:          135536 kB
MemAvailable:    1403708 kB
Buffers:           94496 kB
Cached:          1199764 kB
MemTotal:        1844596 kB
MemFree:          136644 kB
MemAvailable:    1404816 kB
Buffers:           94496 kB
Cached:          1199764 kB
MemTotal:        1844596 kB
MemFree:          136456 kB
MemAvailable:    1404628 kB
Buffers:           94496 kB
Cached:          1199764 kB
MemTotal:        1844596 kB
MemFree:          130380 kB
MemAvailable:    1398552 kB
Buffers:           94496 kB
Cached:          1199764 kB
MemTotal:        1844596 kB
MemFree:          129652 kB
MemAvailable:    1397824 kB
Buffers:           94496 kB
Cached:          1199764 kB
MemTotal:        1844596 kB
MemFree:          125056 kB
MemAvailable:    1393228 kB
Buffers:           94496 kB
Cached:          1199764 kB
MemTotal:        1844596 kB
MemFree:          121576 kB
MemAvailable:    1389748 kB
Buffers:           94496 kB
Cached:          1199764 kB
MemTotal:        1844596 kB
MemFree:          118236 kB
MemAvailable:    1386408 kB
Buffers:           94496 kB
Cached:          1199764 kB
MemTotal:        1844596 kB
MemFree:          118236 kB
MemAvailable:    1386408 kB
Buffers:           94496 kB
Cached:          1199764 kB
MemTotal:        1844596 kB
MemFree:          119212 kB
MemAvailable:    1387384 kB
Buffers:           94496 kB
Cached:          1199764 kB
MemTotal:        1844596 kB
MemFree:          118980 kB
MemAvailable:    1387152 kB
Buffers:           94496 kB
Cached:          1199764 kB
MemTotal:        1844596 kB
MemFree:          119340 kB
MemAvailable:    1387512 kB
Buffers:           94496 kB
Cached:          1199764 kB
MemTotal:        1844596 kB
MemFree:          117968 kB
MemAvailable:    1386140 kB
Buffers:           94496 kB
Cached:          1199764 kB
MemTotal:        1844596 kB
MemFree:          119160 kB
MemAvailable:    1387332 kB
Buffers:           94496 kB
Cached:          1199764 kB
MemTotal:        1844596 kB
MemFree:          119412 kB
MemAvailable:    1387584 kB
Buffers:           94496 kB
Cached:          1199764 kB
MemTotal:        1844596 kB
MemFree:          117856 kB
MemAvailable:    1386028 kB
Buffers:           94496 kB
Cached:          1199764 kB
MemTotal:        1844596 kB
MemFree:          118104 kB
MemAvailable:    1386276 kB
Buffers:           94496 kB
Cached:          1199764 kB
MemTotal:        1844596 kB
MemFree:          119532 kB
MemAvailable:    1387704 kB
Buffers:           94496 kB
Cached:          1199764 kB
MemTotal:        1844596 kB
MemFree:          118484 kB
MemAvailable:    1386656 kB
Buffers:           94496 kB
Cached:          1199764 kB
MemTotal:        1844596 kB
MemFree:          119180 kB
MemAvailable:    1387356 kB
Buffers:           94496 kB
Cached:          1199768 kB
MemTotal:        1844596 kB
MemFree:          119436 kB
MemAvailable:    1387612 kB
Buffers:           94496 kB
Cached:          1199768 kB
MemTotal:        1844596 kB
MemFree:          118112 kB
MemAvailable:    1386288 kB
Buffers:           94496 kB
Cached:          1199768 kB
MemTotal:        1844596 kB
MemFree:          118360 kB
MemAvailable:    1386536 kB
Buffers:           94496 kB
Cached:          1199768 kB
MemTotal:        1844596 kB
MemFree:          119288 kB
MemAvailable:    1387464 kB
Buffers:           94496 kB
Cached:          1199768 kB
MemTotal:        1844596 kB
MemFree:          118492 kB
MemAvailable:    1386668 kB
Buffers:           94496 kB
Cached:          1199768 kB
MemTotal:        1844596 kB
MemFree:          118468 kB
MemAvailable:    1386644 kB
Buffers:           94496 kB
Cached:          1199768 kB
MemTotal:        1844596 kB
MemFree:          118804 kB
MemAvailable:    1386980 kB
Buffers:           94496 kB
Cached:          1199768 kB
MemTotal:        1844596 kB
MemFree:          118476 kB
MemAvailable:    1386652 kB
Buffers:           94496 kB
Cached:          1199768 kB
MemTotal:        1844596 kB
MemFree:          117360 kB
MemAvailable:    1385536 kB
Buffers:           94496 kB
Cached:          1199768 kB
MemTotal:        1844596 kB
MemFree:          117368 kB
MemAvailable:    1385544 kB
Buffers:           94496 kB
Cached:          1199768 kB
MemTotal:        1844596 kB
MemFree:          117112 kB
MemAvailable:    1385288 kB
Buffers:           94496 kB
Cached:          1199768 kB
MemTotal:        1844596 kB
MemFree:          116624 kB
MemAvailable:    1384800 kB
Buffers:           94496 kB
Cached:          1199768 kB
MemTotal:        1844596 kB
MemFree:          115756 kB
MemAvailable:    1383932 kB
Buffers:           94496 kB
Cached:          1199768 kB
MemTotal:        1844596 kB
MemFree:          113152 kB
MemAvailable:    1381328 kB
Buffers:           94496 kB
Cached:          1199768 kB
MemTotal:        1844596 kB
MemFree:          110548 kB
MemAvailable:    1378724 kB
Buffers:           94496 kB
Cached:          1199768 kB
MemTotal:        1844596 kB
MemFree:          108192 kB
MemAvailable:    1376368 kB
Buffers:           94496 kB
Cached:          1199768 kB
MemTotal:        1844596 kB
MemFree:          105772 kB
MemAvailable:    1373948 kB
Buffers:           94496 kB
Cached:          1199768 kB
MemTotal:        1844596 kB
MemFree:          101744 kB
MemAvailable:    1369920 kB
Buffers:           94496 kB
Cached:          1199768 kB
MemTotal:        1844596 kB
MemFree:           98644 kB
MemAvailable:    1366820 kB
Buffers:           94496 kB
Cached:          1199768 kB
MemTotal:        1844596 kB
MemFree:           96848 kB
MemAvailable:    1365024 kB
Buffers:           94496 kB
Cached:          1199768 kB
MemTotal:        1844596 kB
MemFree:           94056 kB
MemAvailable:    1362232 kB
Buffers:           94496 kB
Cached:          1199768 kB
MemTotal:        1844596 kB
MemFree:           93064 kB
MemAvailable:    1361240 kB
Buffers:           94496 kB
Cached:          1199768 kB
MemTotal:        1844596 kB
MemFree:           92444 kB
MemAvailable:    1360620 kB
Buffers:           94496 kB
Cached:          1199768 kB
MemTotal:        1844596 kB
MemFree:           87344 kB
MemAvailable:    1355520 kB
Buffers:           94496 kB
Cached:          1199768 kB
MemTotal:        1844596 kB
MemFree:           87680 kB
MemAvailable:    1355856 kB
Buffers:           94496 kB
Cached:          1199768 kB
MemTotal:        1844596 kB
MemFree:           86196 kB
MemAvailable:    1354372 kB
Buffers:           94496 kB
Cached:          1199768 kB
MemTotal:        1844596 kB
MemFree:           87488 kB
MemAvailable:    1355664 kB
Buffers:           94496 kB
Cached:          1199768 kB
MemTotal:        1844596 kB
MemFree:           87624 kB
MemAvailable:    1355800 kB
Buffers:           94496 kB
Cached:          1199768 kB
MemTotal:        1844596 kB
MemFree:           86308 kB
MemAvailable:    1354484 kB
Buffers:           94496 kB
Cached:          1199768 kB
MemTotal:        1844596 kB
MemFree:           87468 kB
MemAvailable:    1355644 kB
Buffers:           94496 kB
Cached:          1199768 kB
MemTotal:        1844596 kB
MemFree:           87356 kB
MemAvailable:    1355532 kB
Buffers:           94496 kB
Cached:          1199768 kB
MemTotal:        1844596 kB
MemFree:           87228 kB
MemAvailable:    1355404 kB
Buffers:           94496 kB
Cached:          1199768 kB
MemTotal:        1844596 kB
MemFree:           86092 kB
MemAvailable:    1354268 kB
Buffers:           94496 kB
Cached:          1199768 kB
MemTotal:        1844596 kB
MemFree:           86548 kB
MemAvailable:    1354724 kB
Buffers:           94496 kB
Cached:          1199768 kB
MemTotal:        1844596 kB
MemFree:           84996 kB
MemAvailable:    1353172 kB
Buffers:           94496 kB
Cached:          1199768 kB
MemTotal:        1844596 kB
MemFree:           86180 kB
MemAvailable:    1354356 kB
Buffers:           94496 kB
Cached:          1199768 kB
MemTotal:        1844596 kB
MemFree:           86180 kB
MemAvailable:    1354356 kB
Buffers:           94496 kB
Cached:          1199768 kB
MemTotal:        1844596 kB
MemFree:           86056 kB
MemAvailable:    1354232 kB
Buffers:           94496 kB
Cached:          1199768 kB
MemTotal:        1844596 kB
MemFree:           85444 kB
MemAvailable:    1353620 kB
Buffers:           94496 kB
Cached:          1199768 kB
MemTotal:        1844596 kB
MemFree:           85904 kB
MemAvailable:    1354080 kB
Buffers:           94496 kB
Cached:          1199768 kB
MemTotal:        1844596 kB
MemFree:           85700 kB
MemAvailable:    1353876 kB
Buffers:           94496 kB
Cached:          1199768 kB
MemTotal:        1844596 kB
MemFree:           85376 kB
MemAvailable:    1353552 kB
Buffers:           94496 kB
Cached:          1199768 kB
MemTotal:        1844596 kB
MemFree:           85620 kB
MemAvailable:    1353796 kB
Buffers:           94496 kB
Cached:          1199768 kB
MemTotal:        1844596 kB
MemFree:           84320 kB
MemAvailable:    1352496 kB
Buffers:           94496 kB
Cached:          1199768 kB
MemTotal:        1844596 kB
MemFree:           84616 kB
MemAvailable:    1352792 kB
Buffers:           94496 kB
Cached:          1199768 kB
MemTotal:        1844596 kB
MemFree:           84952 kB
MemAvailable:    1353128 kB
Buffers:           94496 kB
Cached:          1199768 kB
MemTotal:        1844596 kB
MemFree:           83872 kB
MemAvailable:    1352048 kB
Buffers:           94496 kB
Cached:          1199768 kB
MemTotal:        1844596 kB
MemFree:           83872 kB
MemAvailable:    1352048 kB
Buffers:           94496 kB
Cached:          1199768 kB
MemTotal:        1844596 kB
MemFree:           83252 kB
MemAvailable:    1351428 kB
Buffers:           94496 kB
Cached:          1199768 kB
MemTotal:        1844596 kB
MemFree:           83588 kB
MemAvailable:    1351764 kB
Buffers:           94496 kB
Cached:          1199768 kB
MemTotal:        1844596 kB
MemFree:           82268 kB
MemAvailable:    1350444 kB
Buffers:           94496 kB
Cached:          1199768 kB
MemTotal:        1844596 kB
MemFree:           83244 kB
MemAvailable:    1351424 kB
Buffers:           94496 kB
Cached:          1199772 kB
MemTotal:        1844596 kB
MemFree:           83384 kB
MemAvailable:    1351564 kB
Buffers:           94496 kB
Cached:          1199772 kB
MemTotal:        1844596 kB
MemFree:           81824 kB
MemAvailable:    1350004 kB
Buffers:           94496 kB
Cached:          1199772 kB
MemTotal:        1844596 kB
MemFree:           83284 kB
MemAvailable:    1351464 kB
Buffers:           94496 kB
Cached:          1199772 kB
MemTotal:        1844596 kB
MemFree:           81920 kB
MemAvailable:    1350100 kB
Buffers:           94496 kB
Cached:          1199772 kB
MemTotal:        1844596 kB
MemFree:           82004 kB
MemAvailable:    1350184 kB
Buffers:           94496 kB
Cached:          1199772 kB
MemTotal:        1844596 kB
MemFree:           83236 kB
MemAvailable:    1351416 kB
Buffers:           94496 kB
Cached:          1199772 kB
MemTotal:        1844596 kB
MemFree:           83240 kB
MemAvailable:    1351420 kB
Buffers:           94496 kB
Cached:          1199772 kB
MemTotal:        1844596 kB
MemFree:           83228 kB
MemAvailable:    1351408 kB
Buffers:           94496 kB
Cached:          1199772 kB
MemTotal:        1844596 kB
MemFree:           83480 kB
MemAvailable:    1351660 kB
Buffers:           94496 kB
Cached:          1199772 kB
MemTotal:        1844596 kB
MemFree:           83172 kB
MemAvailable:    1351352 kB
Buffers:           94496 kB
Cached:          1199772 kB
MemTotal:        1844596 kB
MemFree:           83208 kB
MemAvailable:    1351388 kB
Buffers:           94496 kB
Cached:          1199772 kB
MemTotal:        1844596 kB
MemFree:           82548 kB
MemAvailable:    1350728 kB
Buffers:           94496 kB
Cached:          1199772 kB
MemTotal:        1844596 kB
MemFree:           83020 kB
MemAvailable:    1351200 kB
Buffers:           94496 kB
Cached:          1199772 kB
MemTotal:        1844596 kB
MemFree:           83356 kB
MemAvailable:    1351536 kB
Buffers:           94496 kB
Cached:          1199772 kB
MemTotal:        1844596 kB
MemFree:           83164 kB
MemAvailable:    1351344 kB
Buffers:           94496 kB
Cached:          1199772 kB
MemTotal:        1844596 kB
MemFree:           83344 kB
MemAvailable:    1351524 kB
Buffers:           94496 kB
Cached:          1199772 kB
MemTotal:        1844596 kB
MemFree:           81912 kB
MemAvailable:    1350092 kB
Buffers:           94496 kB
Cached:          1199772 kB
MemTotal:        1844596 kB
MemFree:           83096 kB
MemAvailable:    1351276 kB
Buffers:           94496 kB
Cached:          1199772 kB
MemTotal:        1844596 kB
MemFree:           83096 kB
MemAvailable:    1351276 kB
Buffers:           94496 kB
Cached:          1199772 kB
MemTotal:        1844596 kB
MemFree:           81864 kB
MemAvailable:    1350044 kB
Buffers:           94496 kB
Cached:          1199772 kB
MemTotal:        1844596 kB
MemFree:           83156 kB
MemAvailable:    1351336 kB
Buffers:           94496 kB
Cached:          1199772 kB
MemTotal:        1844596 kB
MemFree:           81988 kB
MemAvailable:    1350168 kB
Buffers:           94496 kB
Cached:          1199772 kB
MemTotal:        1844596 kB
MemFree:           83164 kB
MemAvailable:    1351344 kB
Buffers:           94496 kB
Cached:          1199772 kB
MemTotal:        1844596 kB
MemFree:           83164 kB
MemAvailable:    1351344 kB
Buffers:           94496 kB
Cached:          1199772 kB
MemTotal:        1844596 kB
MemFree:           83200 kB
MemAvailable:    1351380 kB
Buffers:           94496 kB
Cached:          1199772 kB
MemTotal:        1844596 kB
MemFree:           83348 kB
MemAvailable:    1351528 kB
Buffers:           94496 kB
Cached:          1199772 kB
MemTotal:        1844596 kB
MemFree:           83128 kB
MemAvailable:    1351308 kB
Buffers:           94496 kB
Cached:          1199772 kB
MemTotal:        1844596 kB
MemFree:           83380 kB
MemAvailable:    1351560 kB
Buffers:           94496 kB
Cached:          1199772 kB
MemTotal:        1844596 kB
MemFree:           83144 kB
MemAvailable:    1351324 kB
Buffers:           94496 kB
Cached:          1199772 kB
MemTotal:        1844596 kB
MemFree:           83396 kB
MemAvailable:    1351576 kB
Buffers:           94496 kB
Cached:          1199772 kB
MemTotal:        1844596 kB
MemFree:           83132 kB
MemAvailable:    1351312 kB
Buffers:           94496 kB
Cached:          1199772 kB
MemTotal:        1844596 kB
MemFree:           81920 kB
MemAvailable:    1350100 kB
Buffers:           94496 kB
Cached:          1199772 kB
MemTotal:        1844596 kB
MemFree:           80176 kB
MemAvailable:    1348356 kB
Buffers:           94496 kB
Cached:          1199772 kB
MemTotal:        1844596 kB
MemFree:           80176 kB
MemAvailable:    1348356 kB
Buffers:           94496 kB
Cached:          1199772 kB
MemTotal:        1844596 kB
MemFree:           77020 kB
MemAvailable:    1345200 kB
Buffers:           94496 kB
Cached:          1199772 kB
MemTotal:        1844596 kB
MemFree:           76572 kB
MemAvailable:    1344752 kB
Buffers:           94496 kB
Cached:          1199772 kB
MemTotal:        1844596 kB
MemFree:           76340 kB
MemAvailable:    1344520 kB
Buffers:           94496 kB
Cached:          1199772 kB
MemTotal:        1844596 kB
MemFree:           76408 kB
MemAvailable:    1344588 kB
Buffers:           94496 kB
Cached:          1199772 kB
MemTotal:        1844596 kB
MemFree:           76468 kB
MemAvailable:    1344648 kB
Buffers:           94496 kB
Cached:          1199772 kB
MemTotal:        1844596 kB
MemFree:           75412 kB
MemAvailable:    1343592 kB
Buffers:           94496 kB
Cached:          1199772 kB
MemTotal:        1844596 kB
MemFree:           76384 kB
MemAvailable:    1344564 kB
Buffers:           94496 kB
Cached:          1199772 kB
MemTotal:        1844596 kB
MemFree:           76636 kB
MemAvailable:    1344816 kB
Buffers:           94496 kB
Cached:          1199772 kB
MemTotal:        1844596 kB
MemFree:           75336 kB
MemAvailable:    1343516 kB
Buffers:           94496 kB
Cached:          1199772 kB
MemTotal:        1844596 kB
MemFree:           76824 kB
MemAvailable:    1345004 kB
Buffers:           94496 kB
Cached:          1199772 kB
MemTotal:        1844596 kB
MemFree:           76520 kB
MemAvailable:    1344700 kB
Buffers:           94496 kB
Cached:          1199772 kB
MemTotal:        1844596 kB
MemFree:           76772 kB
MemAvailable:    1344952 kB
Buffers:           94496 kB
Cached:          1199772 kB
MemTotal:        1844596 kB
MemFree:           76268 kB
MemAvailable:    1344448 kB
Buffers:           94496 kB
Cached:          1199772 kB
MemTotal:        1844596 kB
MemFree:           75720 kB
MemAvailable:    1343900 kB
Buffers:           94496 kB
Cached:          1199772 kB
MemTotal:        1844596 kB
MemFree:           75044 kB
MemAvailable:    1343308 kB
Buffers:           94496 kB
Cached:          1199896 kB
MemTotal:        1844596 kB
MemFree:           76144 kB
MemAvailable:    1344576 kB
Buffers:           94496 kB
Cached:          1200020 kB
MemTotal:        1844596 kB
MemFree:           76216 kB
MemAvailable:    1344648 kB
Buffers:           94496 kB
Cached:          1200020 kB
MemTotal:        1844596 kB
MemFree:           75964 kB
MemAvailable:    1344564 kB
Buffers:           94496 kB
Cached:          1200268 kB
MemTotal:        1844596 kB
MemFree:           74788 kB
MemAvailable:    1343388 kB
Buffers:           94496 kB
Cached:          1200268 kB
MemTotal:        1844596 kB
MemFree:           75772 kB
MemAvailable:    1344456 kB
Buffers:           94496 kB
Cached:          1200268 kB
MemTotal:        1844596 kB
MemFree:           74284 kB
MemAvailable:    1342968 kB
Buffers:           94496 kB
Cached:          1200392 kB
MemTotal:        1844596 kB
MemFree:           75876 kB
MemAvailable:    1344644 kB
Buffers:           94496 kB
Cached:          1200392 kB
MemTotal:        1844596 kB
MemFree:           75704 kB
MemAvailable:    1344472 kB
Buffers:           94496 kB
Cached:          1200392 kB
MemTotal:        1844596 kB
MemFree:           74984 kB
MemAvailable:    1343752 kB
Buffers:           94496 kB
Cached:          1200392 kB
MemTotal:        1844596 kB
MemFree:           75780 kB
MemAvailable:    1344548 kB
Buffers:           94496 kB
Cached:          1200392 kB
MemTotal:        1844596 kB
MemFree:           75532 kB
MemAvailable:    1344300 kB
Buffers:           94496 kB
Cached:          1200392 kB
MemTotal:        1844596 kB
MemFree:           75704 kB
MemAvailable:    1344472 kB
Buffers:           94496 kB
Cached:          1200392 kB
MemTotal:        1844596 kB
MemFree:           76156 kB
MemAvailable:    1344336 kB
Buffers:           94496 kB
Cached:          1199800 kB
MemTotal:        1844596 kB
MemFree:           76408 kB
MemAvailable:    1344588 kB
Buffers:           94496 kB
Cached:          1199800 kB
MemTotal:        1844596 kB
MemFree:           75004 kB
MemAvailable:    1343268 kB
Buffers:           94496 kB
Cached:          1199800 kB
MemTotal:        1844596 kB
MemFree:          186388 kB
MemAvailable:    1454568 kB
Buffers:           94496 kB
Cached:          1199800 kB
MemTotal:        1844596 kB
MemFree:          271876 kB
MemAvailable:    1540056 kB
Buffers:           94496 kB
Cached:          1199800 kB
