MemTotal:        1844596 kB
MemFree:          410548 kB
MemAvailable:    1546508 kB
Buffers:           85964 kB
Cached:          1085360 kB
MemTotal:        1844596 kB
MemFree:          383524 kB
MemAvailable:    1519492 kB
Buffers:           85964 kB
Cached:          1085364 kB
MemTotal:        1844596 kB
MemFree:          380044 kB
MemAvailable:    1516012 kB
Buffers:           85964 kB
Cached:          1085364 kB
MemTotal:        1844596 kB
MemFree:          381976 kB
MemAvailable:    1517944 kB
Buffers:           85964 kB
Cached:          1085364 kB
MemTotal:        1844596 kB
MemFree:          380796 kB
MemAvailable:    1516764 kB
Buffers:           85964 kB
Cached:          1085364 kB
MemTotal:        1844596 kB
MemFree:          379936 kB
MemAvailable:    1515904 kB
Buffers:           85964 kB
Cached:          1085364 kB
MemTotal:        1844596 kB
MemFree:          379292 kB
MemAvailable:    1515260 kB
Buffers:           85964 kB
Cached:          1085364 kB
MemTotal:        1844596 kB
MemFree:          377828 kB
MemAvailable:    1513796 kB
Buffers:           85964 kB
Cached:          1085364 kB
MemTotal:        1844596 kB
MemFree:          376216 kB
MemAvailable:    1512184 kB
Buffers:           85964 kB
Cached:          1085364 kB
MemTotal:        1844596 kB
MemFree:          374356 kB
MemAvailable:    1510324 kB
Buffers:           85964 kB
Cached:          1085364 kB
MemTotal:        1844596 kB
MemFree:          370248 kB
MemAvailable:    1506216 kB
Buffers:           85964 kB
Cached:          1085364 kB
MemTotal:        1844596 kB
MemFree:          370388 kB
MemAvailable:    1506356 kB
Buffers:           85964 kB
Cached:          1085364 kB
MemTotal:        1844596 kB
MemFree:          369556 kB
MemAvailable:    1505524 kB
Buffers:           85964 kB
Cached:          1085364 kB
MemTotal:        1844596 kB
MemFree:          369812 kB
MemAvailable:    1505780 kB
Buffers:           85964 kB
Cached:          1085364 kB
MemTotal:        1844596 kB
MemFree:          369656 kB
MemAvailable:    1505624 kB
Buffers:           85964 kB
Cached:          1085364 kB
MemTotal:        1844596 kB
MemFree:          369372 kB
MemAvailable:    1505340 kB
Buffers:           85964 kB
Cached:          1085364 kB
MemTotal:        1844596 kB
MemFree:          369272 kB
MemAvailable:    1505240 kB
Buffers:           85964 kB
Cached:          1085364 kB
MemTotal:        1844596 kB
MemFree:          369320 kB
MemAvailable:    1505288 kB
Buffers:           85964 kB
Cached:          1085364 kB
MemTotal:        1844596 kB
MemFree:          368988 kB
MemAvailable:    1504956 kB
Buffers:           85964 kB
Cached:          1085364 kB
MemTotal:        1844596 kB
MemFree:          368528 kB
MemAvailable:    1504496 kB
Buffers:           85964 kB
Cached:          1085364 kB
MemTotal:        1844596 kB
MemFree:          367728 kB
MemAvailable:    1503696 kB
Buffers:           85964 kB
Cached:          1085364 kB
MemTotal:        1844596 kB
MemFree:          369028 kB
MemAvailable:    1504996 kB
Buffers:           85964 kB
Cached:          1085364 kB
MemTotal:        1844596 kB
MemFree:          368536 kB
MemAvailable:    1504504 kB
Buffers:           85964 kB
Cached:          1085364 kB
MemTotal:        1844596 kB
MemFree:          368892 kB
MemAvailable:    1504860 kB
Buffers:           85964 kB
Cached:          1085364 kB
MemTotal:        1844596 kB
MemFree:          369144 kB
MemAvailable:    1505112 kB
Buffers:           85964 kB
Cached:          1085364 kB
MemTotal:        1844596 kB
MemFree:          367528 kB
MemAvailable:    1503496 kB
Buffers:           85964 kB
Cached:          1085364 kB
MemTotal:        1844596 kB
MemFree:          368456 kB
MemAvailable:    1504424 kB
Buffers:           85964 kB
Cached:          1085364 kB
MemTotal:        1844596 kB
MemFree:          368272 kB
MemAvailable:    1504240 kB
Buffers:           85964 kB
Cached:          1085364 kB
MemTotal:        1844596 kB
MemFree:          368164 kB
MemAvailable:    1504132 kB
Buffers:           85964 kB
Cached:          1085364 kB
MemTotal:        1844596 kB
MemFree:          367760 kB
MemAvailable:    1503728 kB
Buffers:           85964 kB
Cached:          1085364 kB
MemTotal:        1844596 kB
MemFree:          368096 kB
MemAvailable:    1504064 kB
Buffers:           85964 kB
Cached:          1085364 kB
MemTotal:        1844596 kB
MemFree:          367216 kB
MemAvailable:    1503184 kB
Buffers:           85964 kB
Cached:          1085364 kB
MemTotal:        1844596 kB
MemFree:          366908 kB
MemAvailable:    1502876 kB
Buffers:           85964 kB
Cached:          1085364 kB
MemTotal:        1844596 kB
MemFree:          366992 kB
MemAvailable:    1502960 kB
Buffers:           85964 kB
Cached:          1085364 kB
MemTotal:        1844596 kB
MemFree:          367236 kB
MemAvailable:    1503204 kB
Buffers:           85964 kB
Cached:          1085364 kB
MemTotal:        1844596 kB
MemFree:          365544 kB
MemAvailable:    1501512 kB
Buffers:           85964 kB
Cached:          1085364 kB
MemTotal:        1844596 kB
MemFree:          366976 kB
MemAvailable:    1502944 kB
Buffers:           85964 kB
Cached:          1085364 kB
MemTotal:        1844596 kB
MemFree:          366720 kB
MemAvailable:    1502688 kB
Buffers:           85964 kB
Cached:          1085364 kB
MemTotal:        1844596 kB
MemFree:          365412 kB
MemAvailable:    1501380 kB
Buffers:           85964 kB
Cached:          1085364 kB
MemTotal:        1844596 kB
MemFree:          367480 kB
MemAvailable:    1503448 kB
Buffers:           85964 kB
Cached:          1085364 kB
MemTotal:        1844596 kB
MemFree:          367852 kB
MemAvailable:    1503820 kB
Buffers:           85964 kB
Cached:          1085364 kB
MemTotal:        1844596 kB
MemFree:          366660 kB
MemAvailable:    1502628 kB
Buffers:           85964 kB
Cached:          1085364 kB
MemTotal:        1844596 kB
MemFree:          367288 kB
MemAvailable:    1503256 kB
Buffers:           85964 kB
Cached:          1085364 kB
MemTotal:        1844596 kB
MemFree:          363196 kB
MemAvailable:    1499164 kB
Buffers:           85964 kB
Cached:          1085364 kB
MemTotal:        1844596 kB
MemFree:          362752 kB
MemAvailable:    1498720 kB
Buffers:           85964 kB
Cached:          1085364 kB
MemTotal:        1844596 kB
MemFree:          361460 kB
MemAvailable:    1497428 kB
Buffers:           85964 kB
Cached:          1085364 kB
MemTotal:        1844596 kB
MemFree:          362760 kB
MemAvailable:    1498732 kB
Buffers:           85964 kB
Cached:          1085368 kB
MemTotal:        1844596 kB
MemFree:          362520 kB
MemAvailable:    1498492 kB
Buffers:           85964 kB
Cached:          1085368 kB
MemTotal:        1844596 kB
MemFree:          362584 kB
MemAvailable:    1498556 kB
Buffers:           85964 kB
Cached:          1085368 kB
MemTotal:        1844596 kB
MemFree:          361204 kB
MemAvailable:    1497176 kB
Buffers:           85964 kB
Cached:          1085368 kB
MemTotal:        1844596 kB
MemFree:          362140 kB
MemAvailable:    1498112 kB
Buffers:           85964 kB
Cached:          1085368 kB
MemTotal:        1844596 kB
MemFree:          362476 kB
MemAvailable:    1498448 kB
Buffers:           85964 kB
Cached:          1085368 kB
MemTotal:        1844596 kB
MemFree:          362200 kB
MemAvailable:    1498172 kB
Buffers:           85964 kB
Cached:          1085368 kB
MemTotal:        1844596 kB
MemFree:          362112 kB
MemAvailable:    1498084 kB
Buffers:           85964 kB
Cached:          1085368 kB
MemTotal:        1844596 kB
MemFree:          361088 kB
MemAvailable:    1497060 kB
Buffers:           85964 kB
Cached:          1085368 kB
MemTotal:        1844596 kB
MemFree:          362308 kB
MemAvailable:    1498284 kB
Buffers:           85964 kB
Cached:          1085372 kB
MemTotal:        1844596 kB
MemFree:          362196 kB
MemAvailable:    1498172 kB
Buffers:           85964 kB
Cached:          1085372 kB
MemTotal:        1844596 kB
MemFree:          362032 kB
MemAvailable:    1498008 kB
Buffers:           85964 kB
Cached:          1085372 kB
MemTotal:        1844596 kB
MemFree:          360964 kB
MemAvailable:    1496940 kB
Buffers:           85964 kB
Cached:          1085372 kB
MemTotal:        1844596 kB
MemFree:          362288 kB
MemAvailable:    1498268 kB
Buffers:           85964 kB
Cached:          1085376 kB
MemTotal:        1844596 kB
MemFree:          360104 kB
MemAvailable:    1496084 kB
Buffers:           85964 kB
Cached:          1085376 kB
MemTotal:        1844596 kB
MemFree:          356684 kB
MemAvailable:    1492664 kB
Buffers:           85964 kB
Cached:          1085376 kB
MemTotal:        1844596 kB
MemFree:          356056 kB
MemAvailable:    1492036 kB
Buffers:           85964 kB
Cached:          1085376 kB
MemTotal:        1844596 kB
MemFree:          356308 kB
MemAvailable:    1492288 kB
Buffers:           85964 kB
Cached:          1085376 kB
MemTotal:        1844596 kB
MemFree:          355748 kB
MemAvailable:    1491728 kB
Buffers:           85964 kB
Cached:          1085376 kB
MemTotal:        1844596 kB
MemFree:          356004 kB
MemAvailable:    1491984 kB
Buffers:           85964 kB
Cached:          1085376 kB
MemTotal:        1844596 kB
MemFree:          354196 kB
MemAvailable:    1490176 kB
Buffers:           85964 kB
Cached:          1085376 kB
MemTotal:        1844596 kB
MemFree:          353516 kB
MemAvailable:    1489496 kB
Buffers:           85964 kB
Cached:          1085376 kB
MemTotal:        1844596 kB
MemFree:          353516 kB
MemAvailable:    1489496 kB
Buffers:           85964 kB
Cached:          1085376 kB
MemTotal:        1844596 kB
MemFree:          352152 kB
MemAvailable:    1488132 kB
Buffers:           85964 kB
Cached:          1085376 kB
MemTotal:        1844596 kB
MemFree:          353516 kB
MemAvailable:    1489496 kB
Buffers:           85964 kB
Cached:          1085376 kB
MemTotal:        1844596 kB
MemFree:          353720 kB
MemAvailable:    1489700 kB
Buffers:           85964 kB
Cached:          1085376 kB
MemTotal:        1844596 kB
MemFree:          352532 kB
MemAvailable:    1488512 kB
Buffers:           85964 kB
Cached:          1085376 kB
MemTotal:        1844596 kB
MemFree:          353384 kB
MemAvailable:    1489364 kB
Buffers:           85964 kB
Cached:          1085376 kB
MemTotal:        1844596 kB
MemFree:          353720 kB
MemAvailable:    1489700 kB
Buffers:           85964 kB
Cached:          1085376 kB
MemTotal:        1844596 kB
MemFree:          352276 kB
MemAvailable:    1488256 kB
Buffers:           85964 kB
Cached:          1085376 kB
MemTotal:        1844596 kB
MemFree:          352276 kB
MemAvailable:    1488256 kB
Buffers:           85964 kB
Cached:          1085376 kB
MemTotal:        1844596 kB
MemFree:          353576 kB
MemAvailable:    1489556 kB
Buffers:           85964 kB
Cached:          1085376 kB
MemTotal:        1844596 kB
MemFree:          353320 kB
MemAvailable:    1489300 kB
Buffers:           85964 kB
Cached:          1085376 kB
MemTotal:        1844596 kB
MemFree:          352788 kB
MemAvailable:    1488768 kB
Buffers:           85964 kB
Cached:          1085376 kB
MemTotal:        1844596 kB
MemFree:          352964 kB
MemAvailable:    1488944 kB
Buffers:           85964 kB
Cached:          1085376 kB
MemTotal:        1844596 kB
MemFree:          353300 kB
MemAvailable:    1489280 kB
Buffers:           85964 kB
Cached:          1085376 kB
MemTotal:        1844596 kB
MemFree:          351980 kB
MemAvailable:    1487960 kB
Buffers:           85964 kB
Cached:          1085376 kB
MemTotal:        1844596 kB
MemFree:          351856 kB
MemAvailable:    1487836 kB
Buffers:           85964 kB
Cached:          1085376 kB
MemTotal:        1844596 kB
MemFree:          353148 kB
MemAvailable:    1489128 kB
Buffers:           85964 kB
Cached:          1085376 kB
MemTotal:        1844596 kB
MemFree:          351980 kB
MemAvailable:    1487960 kB
Buffers:           85964 kB
Cached:          1085376 kB
MemTotal:        1844596 kB
MemFree:          351980 kB
MemAvailable:    1487960 kB
Buffers:           85964 kB
Cached:          1085376 kB
MemTotal:        1844596 kB
MemFree:          351352 kB
MemAvailable:    1487332 kB
Buffers:           85964 kB
Cached:          1085376 kB
MemTotal:        1844596 kB
MemFree:          348432 kB
MemAvailable:    1484412 kB
Buffers:           85964 kB
Cached:          1085376 kB
MemTotal:        1844596 kB
MemFree:          345896 kB
MemAvailable:    1481876 kB
Buffers:           85964 kB
Cached:          1085376 kB
MemTotal:        1844596 kB
MemFree:          345028 kB
MemAvailable:    1481008 kB
Buffers:           85964 kB
Cached:          1085376 kB
MemTotal:        1844596 kB
MemFree:          343720 kB
MemAvailable:    1479700 kB
Buffers:           85964 kB
Cached:          1085376 kB
MemTotal:        1844596 kB
MemFree:          344772 kB
MemAvailable:    1480752 kB
Buffers:           85964 kB
Cached:          1085376 kB
MemTotal:        1844596 kB
MemFree:          343720 kB
MemAvailable:    1479700 kB
Buffers:           85964 kB
Cached:          1085376 kB
MemTotal:        1844596 kB
MemFree:          344332 kB
MemAvailable:    1480312 kB
Buffers:           85964 kB
Cached:          1085376 kB
MemTotal:        1844596 kB
MemFree:          344332 kB
MemAvailable:    1480312 kB
Buffers:           85964 kB
Cached:          1085376 kB
MemTotal:        1844596 kB
MemFree:          344196 kB
MemAvailable:    1480176 kB
Buffers:           85964 kB
Cached:          1085376 kB
MemTotal:        1844596 kB
MemFree:          343964 kB
MemAvailable:    1479944 kB
Buffers:           85964 kB
Cached:          1085376 kB
MemTotal:        1844596 kB
MemFree:          344204 kB
MemAvailable:    1480184 kB
Buffers:           85964 kB
Cached:          1085376 kB
MemTotal:        1844596 kB
MemFree:          344388 kB
MemAvailable:    1480368 kB
Buffers:           85964 kB
Cached:          1085376 kB
MemTotal:        1844596 kB
MemFree:          343040 kB
MemAvailable:    1479020 kB
Buffers:           85964 kB
Cached:          1085376 kB
MemTotal:        1844596 kB
MemFree:          344308 kB
MemAvailable:    1480288 kB
Buffers:           85964 kB
Cached:          1085376 kB
MemTotal:        1844596 kB
MemFree:          344308 kB
MemAvailable:    1480288 kB
Buffers:           85964 kB
Cached:          1085376 kB
MemTotal:        1844596 kB
MemFree:          344584 kB
MemAvailable:    1480564 kB
Buffers:           85964 kB
Cached:          1085376 kB
MemTotal:        1844596 kB
MemFree:          343192 kB
MemAvailable:    1479172 kB
Buffers:           85964 kB
Cached:          1085376 kB
MemTotal:        1844596 kB
MemFree:          344348 kB
MemAvailable:    1480328 kB
Buffers:           85964 kB
Cached:          1085376 kB
MemTotal:        1844596 kB
MemFree:          343480 kB
MemAvailable:    1479460 kB
Buffers:           85964 kB
Cached:          1085376 kB
MemTotal:        1844596 kB
MemFree:          344456 kB
MemAvailable:    1480440 kB
Buffers:           85964 kB
Cached:          1085380 kB
MemTotal:        1844596 kB
MemFree:          344456 kB
MemAvailable:    1480440 kB
Buffers:           85964 kB
Cached:          1085380 kB
MemTotal:        1844596 kB
MemFree:          344168 kB
MemAvailable:    1480152 kB
Buffers:           85964 kB
Cached:          1085380 kB
MemTotal:        1844596 kB
MemFree:          344424 kB
MemAvailable:    1480408 kB
Buffers:           85964 kB
Cached:          1085380 kB
MemTotal:        1844596 kB
MemFree:          344348 kB
MemAvailable:    1480332 kB
Buffers:           85964 kB
Cached:          1085380 kB
MemTotal:        1844596 kB
MemFree:          344560 kB
MemAvailable:    1480544 kB
Buffers:           85964 kB
Cached:          1085380 kB
MemTotal:        1844596 kB
MemFree:          343604 kB
MemAvailable:    1479588 kB
Buffers:           85964 kB
Cached:          1085380 kB
MemTotal:        1844596 kB
MemFree:          344648 kB
MemAvailable:    1480632 kB
Buffers:           85964 kB
Cached:          1085380 kB
MemTotal:        1844596 kB
MemFree:          343480 kB
MemAvailable:    1479464 kB
Buffers:           85964 kB
Cached:          1085380 kB
MemTotal:        1844596 kB
MemFree:          343348 kB
MemAvailable:    1479332 kB
Buffers:           85964 kB
Cached:          1085380 kB
MemTotal:        1844596 kB
MemFree:          341736 kB
MemAvailable:    1477720 kB
Buffers:           85964 kB
Cached:          1085380 kB
MemTotal:        1844596 kB
MemFree:          341736 kB
MemAvailable:    1477720 kB
Buffers:           85964 kB
Cached:          1085380 kB
MemTotal:        1844596 kB
MemFree:          337404 kB
MemAvailable:    1473388 kB
Buffers:           85964 kB
Cached:          1085380 kB
MemTotal:        1844596 kB
MemFree:          335852 kB
MemAvailable:    1471836 kB
Buffers:           85964 kB
Cached:          1085380 kB
MemTotal:        1844596 kB
MemFree:          334056 kB
MemAvailable:    1470040 kB
Buffers:           85964 kB
Cached:          1085380 kB
MemTotal:        1844596 kB
MemFree:          335088 kB
MemAvailable:    1471072 kB
Buffers:           85964 kB
Cached:          1085380 kB
MemTotal:        1844596 kB
MemFree:          334560 kB
MemAvailable:    1470544 kB
Buffers:           85964 kB
Cached:          1085380 kB
MemTotal:        1844596 kB
MemFree:          334744 kB
MemAvailable:    1470728 kB
Buffers:           85964 kB
Cached:          1085380 kB
MemTotal:        1844596 kB
MemFree:          334744 kB
MemAvailable:    1470728 kB
Buffers:           85964 kB
Cached:          1085380 kB
MemTotal:        1844596 kB
MemFree:          332444 kB
MemAvailable:    1468428 kB
Buffers:           85964 kB
Cached:          1085380 kB
MemTotal:        1844596 kB
MemFree:          332808 kB
MemAvailable:    1468792 kB
Buffers:           85964 kB
Cached:          1085380 kB
MemTotal:        1844596 kB
MemFree:          332808 kB
MemAvailable:    1468792 kB
Buffers:           85964 kB
Cached:          1085380 kB
MemTotal:        1844596 kB
MemFree:          332612 kB
MemAvailable:    1468596 kB
Buffers:           85964 kB
Cached:          1085380 kB
MemTotal:        1844596 kB
MemFree:          332548 kB
MemAvailable:    1468532 kB
Buffers:           85964 kB
Cached:          1085380 kB
MemTotal:        1844596 kB
MemFree:          332632 kB
MemAvailable:    1468616 kB
Buffers:           85964 kB
Cached:          1085380 kB
MemTotal:        1844596 kB
MemFree:          332428 kB
MemAvailable:    1468412 kB
Buffers:           85964 kB
Cached:          1085380 kB
MemTotal:        1844596 kB
MemFree:          332680 kB
MemAvailable:    1468664 kB
Buffers:           85964 kB
Cached:          1085380 kB
MemTotal:        1844596 kB
MemFree:          331148 kB
MemAvailable:    1467132 kB
Buffers:           85964 kB
Cached:          1085380 kB
MemTotal:        1844596 kB
MemFree:          332516 kB
MemAvailable:    1468500 kB
Buffers:           85964 kB
Cached:          1085380 kB
MemTotal:        1844596 kB
MemFree:          332480 kB
MemAvailable:    1468468 kB
Buffers:           85964 kB
Cached:          1085384 kB
MemTotal:        1844596 kB
MemFree:          332652 kB
MemAvailable:    1468640 kB
Buffers:           85964 kB
Cached:          1085384 kB
MemTotal:        1844596 kB
MemFree:          332752 kB
MemAvailable:    1468740 kB
Buffers:           85964 kB
Cached:          1085384 kB
MemTotal:        1844596 kB
MemFree:          331452 kB
MemAvailable:    1467440 kB
Buffers:           85964 kB
Cached:          1085384 kB
MemTotal:        1844596 kB
MemFree:          332496 kB
MemAvailable:    1468484 kB
Buffers:           85964 kB
Cached:          1085384 kB
MemTotal:        1844596 kB
MemFree:          331956 kB
MemAvailable:    1467944 kB
Buffers:           85964 kB
Cached:          1085384 kB
MemTotal:        1844596 kB
MemFree:          332304 kB
MemAvailable:    1468292 kB
Buffers:           85964 kB
Cached:          1085384 kB
MemTotal:        1844596 kB
MemFree:          332640 kB
MemAvailable:    1468628 kB
Buffers:           85964 kB
Cached:          1085384 kB
MemTotal:        1844596 kB
MemFree:          332436 kB
MemAvailable:    1468424 kB
Buffers:           85964 kB
Cached:          1085384 kB
MemTotal:        1844596 kB
MemFree:          332436 kB
MemAvailable:    1468424 kB
Buffers:           85964 kB
Cached:          1085384 kB
MemTotal:        1844596 kB
MemFree:          331180 kB
MemAvailable:    1467168 kB
Buffers:           85964 kB
Cached:          1085384 kB
MemTotal:        1844596 kB
MemFree:          331140 kB
MemAvailable:    1467128 kB
Buffers:           85964 kB
Cached:          1085384 kB
MemTotal:        1844596 kB
MemFree:          332608 kB
MemAvailable:    1468596 kB
Buffers:           85964 kB
Cached:          1085384 kB
MemTotal:        1844596 kB
MemFree:          331388 kB
MemAvailable:    1467376 kB
Buffers:           85964 kB
Cached:          1085384 kB
MemTotal:        1844596 kB
MemFree:          332364 kB
MemAvailable:    1468352 kB
Buffers:           85964 kB
Cached:          1085384 kB
MemTotal:        1844596 kB
MemFree:          332616 kB
MemAvailable:    1468604 kB
Buffers:           85964 kB
Cached:          1085384 kB
MemTotal:        1844596 kB
MemFree:          331064 kB
MemAvailable:    1467052 kB
Buffers:           85964 kB
Cached:          1085384 kB
MemTotal:        1844596 kB
MemFree:          332248 kB
MemAvailable:    1468236 kB
Buffers:           85964 kB
Cached:          1085384 kB
MemTotal:        1844596 kB
MemFree:          332500 kB
MemAvailable:    1468488 kB
Buffers:           85964 kB
Cached:          1085384 kB
MemTotal:        1844596 kB
MemFree:          332672 kB
MemAvailable:    1468660 kB
Buffers:           85964 kB
Cached:          1085384 kB
MemTotal:        1844596 kB
MemFree:          331700 kB
MemAvailable:    1467688 kB
Buffers:           85964 kB
Cached:          1085384 kB
MemTotal:        1844596 kB
MemFree:          332876 kB
MemAvailable:    1468868 kB
Buffers:           85964 kB
Cached:          1085388 kB
MemTotal:        1844596 kB
MemFree:          332872 kB
MemAvailable:    1468864 kB
Buffers:           85964 kB
Cached:          1085388 kB
MemTotal:        1844596 kB
MemFree:          332428 kB
MemAvailable:    1468420 kB
Buffers:           85964 kB
Cached:          1085388 kB
MemTotal:        1844596 kB
MemFree:          332512 kB
MemAvailable:    1468504 kB
Buffers:           85964 kB
Cached:          1085388 kB
MemTotal:        1844596 kB
MemFree:          332368 kB
MemAvailable:    1468360 kB
Buffers:           85964 kB
Cached:          1085388 kB
MemTotal:        1844596 kB
MemFree:          332620 kB
MemAvailable:    1468612 kB
Buffers:           85964 kB
Cached:          1085388 kB
MemTotal:        1844596 kB
MemFree:          331192 kB
MemAvailable:    1467184 kB
Buffers:           85964 kB
Cached:          1085388 kB
MemTotal:        1844596 kB
MemFree:          332548 kB
MemAvailable:    1468540 kB
Buffers:           85964 kB
Cached:          1085388 kB
MemTotal:        1844596 kB
MemFree:          332604 kB
MemAvailable:    1468596 kB
Buffers:           85964 kB
Cached:          1085388 kB
MemTotal:        1844596 kB
MemFree:          332500 kB
MemAvailable:    1468492 kB
Buffers:           85964 kB
Cached:          1085388 kB
MemTotal:        1844596 kB
MemFree:          332372 kB
MemAvailable:    1468364 kB
Buffers:           85964 kB
Cached:          1085388 kB
MemTotal:        1844596 kB
MemFree:          332372 kB
MemAvailable:    1468364 kB
Buffers:           85964 kB
Cached:          1085388 kB
MemTotal:        1844596 kB
MemFree:          332436 kB
MemAvailable:    1468428 kB
Buffers:           85964 kB
Cached:          1085388 kB
MemTotal:        1844596 kB
MemFree:          332688 kB
MemAvailable:    1468680 kB
Buffers:           85964 kB
Cached:          1085388 kB
MemTotal:        1844596 kB
MemFree:          332436 kB
MemAvailable:    1468428 kB
Buffers:           85964 kB
Cached:          1085388 kB
MemTotal:        1844596 kB
MemFree:          332688 kB
MemAvailable:    1468680 kB
Buffers:           85964 kB
Cached:          1085388 kB
MemTotal:        1844596 kB
MemFree:          331156 kB
MemAvailable:    1467148 kB
Buffers:           85964 kB
Cached:          1085388 kB
MemTotal:        1844596 kB
MemFree:          332680 kB
MemAvailable:    1468672 kB
Buffers:           85964 kB
Cached:          1085388 kB
MemTotal:        1844596 kB
MemFree:          332432 kB
MemAvailable:    1468424 kB
Buffers:           85964 kB
Cached:          1085388 kB
MemTotal:        1844596 kB
MemFree:          332656 kB
MemAvailable:    1468648 kB
Buffers:           85964 kB
Cached:          1085388 kB
MemTotal:        1844596 kB
MemFree:          331700 kB
MemAvailable:    1467692 kB
Buffers:           85964 kB
Cached:          1085388 kB
MemTotal:        1844596 kB
MemFree:          332140 kB
MemAvailable:    1468132 kB
Buffers:           85964 kB
Cached:          1085388 kB
MemTotal:        1844596 kB
MemFree:          332120 kB
MemAvailable:    1468112 kB
Buffers:           85964 kB
Cached:          1085388 kB
MemTotal:        1844596 kB
MemFree:          331576 kB
MemAvailable:    1467568 kB
Buffers:           85964 kB
Cached:          1085388 kB
MemTotal:        1844596 kB
MemFree:          332068 kB
MemAvailable:    1468060 kB
Buffers:           85964 kB
Cached:          1085388 kB
MemTotal:        1844596 kB
MemFree:          331996 kB
MemAvailable:    1467988 kB
Buffers:           85964 kB
Cached:          1085388 kB
MemTotal:        1844596 kB
MemFree:          332072 kB
MemAvailable:    1468064 kB
Buffers:           85964 kB
Cached:          1085388 kB
MemTotal:        1844596 kB
MemFree:          331944 kB
MemAvailable:    1467936 kB
Buffers:           85964 kB
Cached:          1085388 kB
MemTotal:        1844596 kB
MemFree:          330812 kB
MemAvailable:    1466804 kB
Buffers:           85964 kB
Cached:          1085388 kB
MemTotal:        1844596 kB
MemFree:          330812 kB
MemAvailable:    1466804 kB
Buffers:           85964 kB
Cached:          1085388 kB
MemTotal:        1844596 kB
MemFree:          331988 kB
MemAvailable:    1467980 kB
Buffers:           85964 kB
Cached:          1085388 kB
MemTotal:        1844596 kB
MemFree:          331816 kB
MemAvailable:    1467808 kB
Buffers:           85964 kB
Cached:          1085388 kB
MemTotal:        1844596 kB
MemFree:          331660 kB
MemAvailable:    1467652 kB
Buffers:           85964 kB
Cached:          1085388 kB
MemTotal:        1844596 kB
MemFree:          331660 kB
MemAvailable:    1467652 kB
Buffers:           85964 kB
Cached:          1085388 kB
MemTotal:        1844596 kB
MemFree:          331264 kB
MemAvailable:    1467256 kB
Buffers:           85964 kB
Cached:          1085388 kB
MemTotal:        1844596 kB
MemFree:          331600 kB
MemAvailable:    1467592 kB
Buffers:           85964 kB
Cached:          1085388 kB
MemTotal:        1844596 kB
MemFree:          331392 kB
MemAvailable:    1467384 kB
Buffers:           85964 kB
Cached:          1085388 kB
MemTotal:        1844596 kB
MemFree:          331392 kB
MemAvailable:    1467384 kB
Buffers:           85964 kB
Cached:          1085388 kB
MemTotal:        1844596 kB
MemFree:          331456 kB
MemAvailable:    1467448 kB
Buffers:           85964 kB
Cached:          1085388 kB
MemTotal:        1844596 kB
MemFree:          331584 kB
MemAvailable:    1467576 kB
Buffers:           85964 kB
Cached:          1085388 kB
MemTotal:        1844596 kB
MemFree:          331312 kB
MemAvailable:    1467304 kB
Buffers:           85964 kB
Cached:          1085388 kB
MemTotal:        1844596 kB
MemFree:          331312 kB
MemAvailable:    1467304 kB
Buffers:           85964 kB
Cached:          1085388 kB
MemTotal:        1844596 kB
MemFree:          331564 kB
MemAvailable:    1467556 kB
Buffers:           85964 kB
Cached:          1085388 kB
MemTotal:        1844596 kB
MemFree:          331452 kB
MemAvailable:    1467444 kB
Buffers:           85964 kB
Cached:          1085388 kB
MemTotal:        1844596 kB
MemFree:          330716 kB
MemAvailable:    1466708 kB
Buffers:           85964 kB
Cached:          1085388 kB
MemTotal:        1844596 kB
MemFree:          331876 kB
MemAvailable:    1467868 kB
Buffers:           85964 kB
Cached:          1085388 kB
MemTotal:        1844596 kB
MemFree:          330592 kB
MemAvailable:    1466584 kB
Buffers:           85964 kB
Cached:          1085388 kB
MemTotal:        1844596 kB
MemFree:          330044 kB
MemAvailable:    1466036 kB
Buffers:           85964 kB
Cached:          1085388 kB
MemTotal:        1844596 kB
MemFree:          331144 kB
MemAvailable:    1467136 kB
Buffers:           85964 kB
Cached:          1085388 kB
MemTotal:        1844596 kB
MemFree:          330212 kB
MemAvailable:    1466204 kB
Buffers:           85964 kB
Cached:          1085388 kB
MemTotal:        1844596 kB
MemFree:          330076 kB
MemAvailable:    1466068 kB
Buffers:           85964 kB
Cached:          1085388 kB
MemTotal:        1844596 kB
MemFree:          327536 kB
MemAvailable:    1463528 kB
Buffers:           85964 kB
Cached:          1085388 kB
MemTotal:        1844596 kB
MemFree:          322640 kB
MemAvailable:    1458632 kB
Buffers:           85964 kB
Cached:          1085388 kB
MemTotal:        1844596 kB
MemFree:          322408 kB
MemAvailable:    1458400 kB
Buffers:           85964 kB
Cached:          1085388 kB
MemTotal:        1844596 kB
MemFree:          320896 kB
MemAvailable:    1456888 kB
Buffers:           85964 kB
Cached:          1085388 kB
MemTotal:        1844596 kB
MemFree:          321232 kB
MemAvailable:    1457224 kB
Buffers:           85964 kB
Cached:          1085388 kB
MemTotal:        1844596 kB
MemFree:          319548 kB
MemAvailable:    1455548 kB
Buffers:           85964 kB
Cached:          1085396 kB
MemTotal:        1844596 kB
MemFree:          320852 kB
MemAvailable:    1456852 kB
Buffers:           85964 kB
Cached:          1085396 kB
MemTotal:        1844596 kB
MemFree:          319496 kB
MemAvailable:    1455496 kB
Buffers:           85964 kB
Cached:          1085396 kB
MemTotal:        1844596 kB
MemFree:          320600 kB
MemAvailable:    1456600 kB
Buffers:           85964 kB
Cached:          1085396 kB
MemTotal:        1844596 kB
MemFree:          319548 kB
MemAvailable:    1455548 kB
Buffers:           85964 kB
Cached:          1085396 kB
MemTotal:        1844596 kB
MemFree:          319656 kB
MemAvailable:    1455656 kB
Buffers:           85964 kB
Cached:          1085396 kB
MemTotal:        1844596 kB
MemFree:          319548 kB
MemAvailable:    1455548 kB
Buffers:           85964 kB
Cached:          1085396 kB
MemTotal:        1844596 kB
MemFree:          318540 kB
MemAvailable:    1454540 kB
Buffers:           85964 kB
Cached:          1085396 kB
MemTotal:        1844596 kB
MemFree:          318752 kB
MemAvailable:    1454752 kB
Buffers:           85964 kB
Cached:          1085396 kB
MemTotal:        1844596 kB
MemFree:          318060 kB
MemAvailable:    1454060 kB
Buffers:           85964 kB
Cached:          1085396 kB
MemTotal:        1844596 kB
MemFree:          316952 kB
MemAvailable:    1452952 kB
Buffers:           85964 kB
Cached:          1085396 kB
MemTotal:        1844596 kB
MemFree:          318120 kB
MemAvailable:    1454120 kB
Buffers:           85964 kB
Cached:          1085396 kB
MemTotal:        1844596 kB
MemFree:          317948 kB
MemAvailable:    1453948 kB
Buffers:           85964 kB
Cached:          1085396 kB
MemTotal:        1844596 kB
MemFree:          317696 kB
MemAvailable:    1453696 kB
Buffers:           85964 kB
Cached:          1085396 kB
MemTotal:        1844596 kB
MemFree:          317928 kB
MemAvailable:    1453928 kB
Buffers:           85964 kB
Cached:          1085396 kB
MemTotal:        1844596 kB
MemFree:          318052 kB
MemAvailable:    1454052 kB
Buffers:           85964 kB
Cached:          1085396 kB
MemTotal:        1844596 kB
MemFree:          317940 kB
MemAvailable:    1453940 kB
Buffers:           85964 kB
Cached:          1085396 kB
MemTotal:        1844596 kB
MemFree:          316640 kB
MemAvailable:    1452640 kB
Buffers:           85964 kB
Cached:          1085396 kB
MemTotal:        1844596 kB
MemFree:          318000 kB
MemAvailable:    1454000 kB
Buffers:           85964 kB
Cached:          1085396 kB
MemTotal:        1844596 kB
MemFree:          318000 kB
MemAvailable:    1454000 kB
Buffers:           85964 kB
Cached:          1085396 kB
MemTotal:        1844596 kB
MemFree:          317908 kB
MemAvailable:    1453908 kB
Buffers:           85964 kB
Cached:          1085396 kB
MemTotal:        1844596 kB
MemFree:          318160 kB
MemAvailable:    1454160 kB
Buffers:           85964 kB
Cached:          1085396 kB
MemTotal:        1844596 kB
MemFree:          317928 kB
MemAvailable:    1453928 kB
Buffers:           85964 kB
Cached:          1085396 kB
MemTotal:        1844596 kB
MemFree:          317944 kB
MemAvailable:    1453944 kB
Buffers:           85964 kB
Cached:          1085396 kB
MemTotal:        1844596 kB
MemFree:          317804 kB
MemAvailable:    1453804 kB
Buffers:           85964 kB
Cached:          1085396 kB
MemTotal:        1844596 kB
MemFree:          316324 kB
MemAvailable:    1452324 kB
Buffers:           85964 kB
Cached:          1085396 kB
MemTotal:        1844596 kB
MemFree:          316880 kB
MemAvailable:    1452880 kB
Buffers:           85964 kB
Cached:          1085396 kB
MemTotal:        1844596 kB
MemFree:          316068 kB
MemAvailable:    1452068 kB
Buffers:           85964 kB
Cached:          1085396 kB
MemTotal:        1844596 kB
MemFree:          316068 kB
MemAvailable:    1452068 kB
Buffers:           85964 kB
Cached:          1085396 kB
MemTotal:        1844596 kB
MemFree:          315864 kB
MemAvailable:    1451864 kB
Buffers:           85964 kB
Cached:          1085396 kB
MemTotal:        1844596 kB
MemFree:          315688 kB
MemAvailable:    1451688 kB
Buffers:           85964 kB
Cached:          1085396 kB
MemTotal:        1844596 kB
MemFree:          315340 kB
MemAvailable:    1451340 kB
Buffers:           85964 kB
Cached:          1085396 kB
MemTotal:        1844596 kB
MemFree:          315200 kB
MemAvailable:    1451200 kB
Buffers:           85964 kB
Cached:          1085396 kB
MemTotal:        1844596 kB
MemFree:          315456 kB
MemAvailable:    1451456 kB
Buffers:           85964 kB
Cached:          1085396 kB
MemTotal:        1844596 kB
MemFree:          314200 kB
MemAvailable:    1450200 kB
Buffers:           85964 kB
Cached:          1085396 kB
MemTotal:        1844596 kB
MemFree:          313912 kB
MemAvailable:    1449912 kB
Buffers:           85964 kB
Cached:          1085396 kB
MemTotal:        1844596 kB
MemFree:          313996 kB
MemAvailable:    1449996 kB
Buffers:           85964 kB
Cached:          1085396 kB
MemTotal:        1844596 kB
MemFree:          313704 kB
MemAvailable:    1449704 kB
Buffers:           85964 kB
Cached:          1085396 kB
MemTotal:        1844596 kB
MemFree:          312404 kB
MemAvailable:    1448404 kB
Buffers:           85964 kB
Cached:          1085396 kB
MemTotal:        1844596 kB
MemFree:          311852 kB
MemAvailable:    1447852 kB
Buffers:           85964 kB
Cached:          1085396 kB
MemTotal:        1844596 kB
MemFree:          311720 kB
MemAvailable:    1447720 kB
Buffers:           85964 kB
Cached:          1085396 kB
MemTotal:        1844596 kB
MemFree:          312696 kB
MemAvailable:    1448696 kB
Buffers:           85964 kB
Cached:          1085396 kB
MemTotal:        1844596 kB
MemFree:          312604 kB
MemAvailable:    1448604 kB
Buffers:           85964 kB
Cached:          1085396 kB
MemTotal:        1844596 kB
MemFree:          312700 kB
MemAvailable:    1448700 kB
Buffers:           85964 kB
Cached:          1085396 kB
MemTotal:        1844596 kB
MemFree:          313036 kB
MemAvailable:    1449036 kB
Buffers:           85964 kB
Cached:          1085396 kB
MemTotal:        1844596 kB
MemFree:          312828 kB
MemAvailable:    1448828 kB
Buffers:           85964 kB
Cached:          1085396 kB
MemTotal:        1844596 kB
MemFree:          312984 kB
MemAvailable:    1448984 kB
Buffers:           85964 kB
Cached:          1085396 kB
MemTotal:        1844596 kB
MemFree:          312864 kB
MemAvailable:    1448864 kB
Buffers:           85964 kB
Cached:          1085396 kB
MemTotal:        1844596 kB
MemFree:          312660 kB
MemAvailable:    1448660 kB
Buffers:           85964 kB
Cached:          1085396 kB
MemTotal:        1844596 kB
MemFree:          312232 kB
MemAvailable:    1448232 kB
Buffers:           85964 kB
Cached:          1085396 kB
MemTotal:        1844596 kB
MemFree:          312532 kB
MemAvailable:    1448532 kB
Buffers:           85964 kB
Cached:          1085396 kB
MemTotal:        1844596 kB
MemFree:          312868 kB
MemAvailable:    1448868 kB
Buffers:           85964 kB
Cached:          1085396 kB
MemTotal:        1844596 kB
MemFree:          311424 kB
MemAvailable:    1447424 kB
Buffers:           85964 kB
Cached:          1085396 kB
MemTotal:        1844596 kB
MemFree:          312664 kB
MemAvailable:    1448664 kB
Buffers:           85964 kB
Cached:          1085396 kB
MemTotal:        1844596 kB
MemFree:          312532 kB
MemAvailable:    1448532 kB
Buffers:           85964 kB
Cached:          1085396 kB
MemTotal:        1844596 kB
MemFree:          312240 kB
MemAvailable:    1448240 kB
Buffers:           85964 kB
Cached:          1085396 kB
MemTotal:        1844596 kB
MemFree:          312616 kB
MemAvailable:    1448616 kB
Buffers:           85964 kB
Cached:          1085396 kB
MemTotal:        1844596 kB
MemFree:          311352 kB
MemAvailable:    1447352 kB
Buffers:           85964 kB
Cached:          1085396 kB
MemTotal:        1844596 kB
MemFree:          312652 kB
MemAvailable:    1448652 kB
Buffers:           85964 kB
Cached:          1085396 kB
MemTotal:        1844596 kB
MemFree:          311080 kB
MemAvailable:    1447080 kB
Buffers:           85964 kB
Cached:          1085396 kB
MemTotal:        1844596 kB
MemFree:          312520 kB
MemAvailable:    1448520 kB
Buffers:           85964 kB
Cached:          1085396 kB
MemTotal:        1844596 kB
MemFree:          311364 kB
MemAvailable:    1447364 kB
Buffers:           85964 kB
Cached:          1085396 kB
MemTotal:        1844596 kB
MemFree:          312568 kB
MemAvailable:    1448568 kB
Buffers:           85964 kB
Cached:          1085396 kB
MemTotal:        1844596 kB
MemFree:          312604 kB
MemAvailable:    1448604 kB
Buffers:           85964 kB
Cached:          1085396 kB
MemTotal:        1844596 kB
MemFree:          312680 kB
MemAvailable:    1448680 kB
Buffers:           85964 kB
Cached:          1085396 kB
MemTotal:        1844596 kB
MemFree:          312488 kB
MemAvailable:    1448488 kB
Buffers:           85964 kB
Cached:          1085396 kB
MemTotal:        1844596 kB
MemFree:          310248 kB
MemAvailable:    1446248 kB
Buffers:           85964 kB
Cached:          1085396 kB
MemTotal:        1844596 kB
MemFree:          310240 kB
MemAvailable:    1446240 kB
Buffers:           85964 kB
Cached:          1085396 kB
MemTotal:        1844596 kB
MemFree:          311176 kB
MemAvailable:    1447176 kB
Buffers:           85964 kB
Cached:          1085396 kB
MemTotal:        1844596 kB
MemFree:          309612 kB
MemAvailable:    1445612 kB
Buffers:           85964 kB
Cached:          1085396 kB
MemTotal:        1844596 kB
MemFree:          309504 kB
MemAvailable:    1445504 kB
Buffers:           85964 kB
Cached:          1085396 kB
MemTotal:        1844596 kB
MemFree:          306892 kB
MemAvailable:    1442892 kB
Buffers:           85964 kB
Cached:          1085396 kB
MemTotal:        1844596 kB
MemFree:          305908 kB
MemAvailable:    1441908 kB
Buffers:           85964 kB
Cached:          1085396 kB
MemTotal:        1844596 kB
MemFree:          302296 kB
MemAvailable:    1438296 kB
Buffers:           85964 kB
Cached:          1085396 kB
MemTotal:        1844596 kB
MemFree:          302296 kB
MemAvailable:    1438296 kB
Buffers:           85964 kB
Cached:          1085396 kB
MemTotal:        1844596 kB
MemFree:          296716 kB
MemAvailable:    1432716 kB
Buffers:           85964 kB
Cached:          1085396 kB
MemTotal:        1844596 kB
MemFree:          296804 kB
MemAvailable:    1432804 kB
Buffers:           85964 kB
Cached:          1085396 kB
MemTotal:        1844596 kB
MemFree:          294368 kB
MemAvailable:    1430368 kB
Buffers:           85964 kB
Cached:          1085396 kB
MemTotal:        1844596 kB
MemFree:          294244 kB
MemAvailable:    1430244 kB
Buffers:           85964 kB
Cached:          1085396 kB
MemTotal:        1844596 kB
MemFree:          293864 kB
MemAvailable:    1429872 kB
Buffers:           85964 kB
Cached:          1085404 kB
MemTotal:        1844596 kB
MemFree:          294116 kB
MemAvailable:    1430124 kB
Buffers:           85964 kB
Cached:          1085404 kB
MemTotal:        1844596 kB
MemFree:          292592 kB
MemAvailable:    1428600 kB
Buffers:           85964 kB
Cached:          1085404 kB
MemTotal:        1844596 kB
MemFree:          293692 kB
MemAvailable:    1429700 kB
Buffers:           85964 kB
Cached:          1085404 kB
MemTotal:        1844596 kB
MemFree:          293692 kB
MemAvailable:    1429700 kB
Buffers:           85964 kB
Cached:          1085404 kB
MemTotal:        1844596 kB
MemFree:          293644 kB
MemAvailable:    1429652 kB
Buffers:           85964 kB
Cached:          1085404 kB
MemTotal:        1844596 kB
MemFree:          292648 kB
MemAvailable:    1428656 kB
Buffers:           85964 kB
Cached:          1085404 kB
MemTotal:        1844596 kB
MemFree:          293576 kB
MemAvailable:    1429588 kB
Buffers:           85964 kB
Cached:          1085408 kB
MemTotal:        1844596 kB
MemFree:          293744 kB
MemAvailable:    1429756 kB
Buffers:           85964 kB
Cached:          1085408 kB
MemTotal:        1844596 kB
MemFree:          292996 kB
MemAvailable:    1429008 kB
Buffers:           85964 kB
Cached:          1085408 kB
MemTotal:        1844596 kB
MemFree:          293332 kB
MemAvailable:    1429344 kB
Buffers:           85964 kB
Cached:          1085408 kB
MemTotal:        1844596 kB
MemFree:          291888 kB
MemAvailable:    1427900 kB
Buffers:           85964 kB
Cached:          1085408 kB
MemTotal:        1844596 kB
MemFree:          292824 kB
MemAvailable:    1428836 kB
Buffers:           85964 kB
Cached:          1085408 kB
MemTotal:        1844596 kB
MemFree:          292824 kB
MemAvailable:    1428836 kB
Buffers:           85964 kB
Cached:          1085408 kB
MemTotal:        1844596 kB
MemFree:          293008 kB
MemAvailable:    1429020 kB
Buffers:           85964 kB
Cached:          1085408 kB
MemTotal:        1844596 kB
MemFree:          292028 kB
MemAvailable:    1428040 kB
Buffers:           85964 kB
Cached:          1085408 kB
MemTotal:        1844596 kB
MemFree:          293136 kB
MemAvailable:    1429148 kB
Buffers:           85964 kB
Cached:          1085408 kB
MemTotal:        1844596 kB
MemFree:          292740 kB
MemAvailable:    1428752 kB
Buffers:           85964 kB
Cached:          1085408 kB
MemTotal:        1844596 kB
MemFree:          292740 kB
MemAvailable:    1428752 kB
Buffers:           85964 kB
Cached:          1085408 kB
MemTotal:        1844596 kB
MemFree:          291468 kB
MemAvailable:    1427480 kB
Buffers:           85964 kB
Cached:          1085408 kB
MemTotal:        1844596 kB
MemFree:          291716 kB
MemAvailable:    1427728 kB
Buffers:           85964 kB
Cached:          1085408 kB
MemTotal:        1844596 kB
MemFree:          292888 kB
MemAvailable:    1428900 kB
Buffers:           85964 kB
Cached:          1085408 kB
MemTotal:        1844596 kB
MemFree:          292568 kB
MemAvailable:    1428580 kB
Buffers:           85964 kB
Cached:          1085408 kB
MemTotal:        1844596 kB
MemFree:          292904 kB
MemAvailable:    1428916 kB
Buffers:           85964 kB
Cached:          1085408 kB
MemTotal:        1844596 kB
MemFree:          291588 kB
MemAvailable:    1427600 kB
Buffers:           85964 kB
Cached:          1085408 kB
MemTotal:        1844596 kB
MemFree:          292864 kB
MemAvailable:    1428876 kB
Buffers:           85964 kB
Cached:          1085408 kB
MemTotal:        1844596 kB
MemFree:          292552 kB
MemAvailable:    1428564 kB
Buffers:           85964 kB
Cached:          1085408 kB
MemTotal:        1844596 kB
MemFree:          292888 kB
MemAvailable:    1428900 kB
Buffers:           85964 kB
Cached:          1085408 kB
MemTotal:        1844596 kB
MemFree:          291568 kB
MemAvailable:    1427580 kB
Buffers:           85964 kB
Cached:          1085408 kB
MemTotal:        1844596 kB
MemFree:          292020 kB
MemAvailable:    1428032 kB
Buffers:           85964 kB
Cached:          1085408 kB
MemTotal:        1844596 kB
MemFree:          292828 kB
MemAvailable:    1428840 kB
Buffers:           85964 kB
Cached:          1085408 kB
MemTotal:        1844596 kB
MemFree:          292772 kB
MemAvailable:    1428784 kB
Buffers:           85964 kB
Cached:          1085408 kB
MemTotal:        1844596 kB
MemFree:          291764 kB
MemAvailable:    1427776 kB
Buffers:           85964 kB
Cached:          1085408 kB
MemTotal:        1844596 kB
MemFree:          291724 kB
MemAvailable:    1427736 kB
Buffers:           85964 kB
Cached:          1085408 kB
MemTotal:        1844596 kB
MemFree:          292956 kB
MemAvailable:    1428968 kB
Buffers:           85964 kB
Cached:          1085408 kB
MemTotal:        1844596 kB
MemFree:          289656 kB
MemAvailable:    1425668 kB
Buffers:           85964 kB
Cached:          1085408 kB
MemTotal:        1844596 kB
MemFree:          287060 kB
MemAvailable:    1423072 kB
Buffers:           85964 kB
Cached:          1085408 kB
MemTotal:        1844596 kB
MemFree:          284332 kB
MemAvailable:    1420344 kB
Buffers:           85964 kB
Cached:          1085408 kB
MemTotal:        1844596 kB
MemFree:          281100 kB
MemAvailable:    1417112 kB
Buffers:           85964 kB
Cached:          1085408 kB
MemTotal:        1844596 kB
MemFree:          278752 kB
MemAvailable:    1414764 kB
Buffers:           85964 kB
Cached:          1085408 kB
MemTotal:        1844596 kB
MemFree:          276148 kB
MemAvailable:    1412160 kB
Buffers:           85964 kB
Cached:          1085408 kB
MemTotal:        1844596 kB
MemFree:          274172 kB
MemAvailable:    1410184 kB
Buffers:           85964 kB
Cached:          1085408 kB
MemTotal:        1844596 kB
MemFree:          275332 kB
MemAvailable:    1411348 kB
Buffers:           85964 kB
Cached:          1085412 kB
MemTotal:        1844596 kB
MemFree:          274544 kB
MemAvailable:    1410560 kB
Buffers:           85964 kB
Cached:          1085412 kB
MemTotal:        1844596 kB
MemFree:          275216 kB
MemAvailable:    1411232 kB
Buffers:           85964 kB
Cached:          1085412 kB
MemTotal:        1844596 kB
MemFree:          274288 kB
MemAvailable:    1410304 kB
Buffers:           85964 kB
Cached:          1085412 kB
MemTotal:        1844596 kB
MemFree:          275072 kB
MemAvailable:    1411088 kB
Buffers:           85964 kB
Cached:          1085412 kB
MemTotal:        1844596 kB
MemFree:          275068 kB
MemAvailable:    1411084 kB
Buffers:           85964 kB
Cached:          1085412 kB
MemTotal:        1844596 kB
MemFree:          275068 kB
MemAvailable:    1411084 kB
Buffers:           85964 kB
Cached:          1085412 kB
MemTotal:        1844596 kB
MemFree:          275024 kB
MemAvailable:    1411040 kB
Buffers:           85964 kB
Cached:          1085412 kB
MemTotal:        1844596 kB
MemFree:          274768 kB
MemAvailable:    1410784 kB
Buffers:           85964 kB
Cached:          1085412 kB
MemTotal:        1844596 kB
MemFree:          274536 kB
MemAvailable:    1410552 kB
Buffers:           85964 kB
Cached:          1085412 kB
MemTotal:        1844596 kB
MemFree:          274700 kB
MemAvailable:    1410716 kB
Buffers:           85964 kB
Cached:          1085412 kB
MemTotal:        1844596 kB
MemFree:          274520 kB
MemAvailable:    1410536 kB
Buffers:           85964 kB
Cached:          1085412 kB
MemTotal:        1844596 kB
MemFree:          274856 kB
MemAvailable:    1410872 kB
Buffers:           85964 kB
Cached:          1085412 kB
MemTotal:        1844596 kB
MemFree:          274472 kB
MemAvailable:    1410488 kB
Buffers:           85964 kB
Cached:          1085412 kB
MemTotal:        1844596 kB
MemFree:          274728 kB
MemAvailable:    1410744 kB
Buffers:           85964 kB
Cached:          1085412 kB
MemTotal:        1844596 kB
MemFree:          273524 kB
MemAvailable:    1409540 kB
Buffers:           85964 kB
Cached:          1085412 kB
MemTotal:        1844596 kB
MemFree:          273392 kB
MemAvailable:    1409408 kB
Buffers:           85964 kB
Cached:          1085412 kB
MemTotal:        1844596 kB
MemFree:          274700 kB
MemAvailable:    1410716 kB
Buffers:           85964 kB
Cached:          1085412 kB
MemTotal:        1844596 kB
MemFree:          274972 kB
MemAvailable:    1410988 kB
Buffers:           85964 kB
Cached:          1085412 kB
MemTotal:        1844596 kB
MemFree:          273792 kB
MemAvailable:    1409808 kB
Buffers:           85964 kB
Cached:          1085412 kB
MemTotal:        1844596 kB
MemFree:          274776 kB
MemAvailable:    1410796 kB
Buffers:           85964 kB
Cached:          1085416 kB
MemTotal:        1844596 kB
MemFree:          275032 kB
MemAvailable:    1411052 kB
Buffers:           85964 kB
Cached:          1085416 kB
MemTotal:        1844596 kB
MemFree:          274836 kB
MemAvailable:    1410856 kB
Buffers:           85964 kB
Cached:          1085416 kB
MemTotal:        1844596 kB
MemFree:          274636 kB
MemAvailable:    1410656 kB
Buffers:           85964 kB
Cached:          1085416 kB
MemTotal:        1844596 kB
MemFree:          274636 kB
MemAvailable:    1410656 kB
Buffers:           85964 kB
Cached:          1085416 kB
MemTotal:        1844596 kB
MemFree:          274700 kB
MemAvailable:    1410720 kB
Buffers:           85964 kB
Cached:          1085416 kB
MemTotal:        1844596 kB
MemFree:          274460 kB
MemAvailable:    1410480 kB
Buffers:           85964 kB
Cached:          1085416 kB
MemTotal:        1844596 kB
MemFree:          273544 kB
MemAvailable:    1409564 kB
Buffers:           85964 kB
Cached:          1085416 kB
MemTotal:        1844596 kB
MemFree:          273536 kB
MemAvailable:    1409556 kB
Buffers:           85964 kB
Cached:          1085416 kB
MemTotal:        1844596 kB
MemFree:          273420 kB
MemAvailable:    1409440 kB
Buffers:           85964 kB
Cached:          1085416 kB
MemTotal:        1844596 kB
MemFree:          274480 kB
MemAvailable:    1410500 kB
Buffers:           85964 kB
Cached:          1085416 kB
MemTotal:        1844596 kB
MemFree:          274652 kB
MemAvailable:    1410672 kB
Buffers:           85964 kB
Cached:          1085416 kB
MemTotal:        1844596 kB
MemFree:          274652 kB
MemAvailable:    1410672 kB
Buffers:           85964 kB
Cached:          1085416 kB
MemTotal:        1844596 kB
MemFree:          274528 kB
MemAvailable:    1410548 kB
Buffers:           85964 kB
Cached:          1085416 kB
MemTotal:        1844596 kB
MemFree:          271304 kB
MemAvailable:    1407324 kB
Buffers:           85964 kB
Cached:          1085416 kB
MemTotal:        1844596 kB
MemFree:          269948 kB
MemAvailable:    1405968 kB
Buffers:           85964 kB
Cached:          1085416 kB
MemTotal:        1844596 kB
MemFree:          264824 kB
MemAvailable:    1400844 kB
Buffers:           85964 kB
Cached:          1085416 kB
MemTotal:        1844596 kB
MemFree:          261656 kB
MemAvailable:    1397676 kB
Buffers:           85964 kB
Cached:          1085416 kB
MemTotal:        1844596 kB
MemFree:          257548 kB
MemAvailable:    1393568 kB
Buffers:           85964 kB
Cached:          1085416 kB
MemTotal:        1844596 kB
MemFree:          257548 kB
MemAvailable:    1393568 kB
Buffers:           85964 kB
Cached:          1085416 kB
MemTotal:        1844596 kB
MemFree:          257160 kB
MemAvailable:    1393180 kB
Buffers:           85964 kB
Cached:          1085416 kB
MemTotal:        1844596 kB
MemFree:          256316 kB
MemAvailable:    1392336 kB
Buffers:           85964 kB
Cached:          1085416 kB
MemTotal:        1844596 kB
MemFree:          257040 kB
MemAvailable:    1393060 kB
Buffers:           85964 kB
Cached:          1085416 kB
MemTotal:        1844596 kB
MemFree:          257192 kB
MemAvailable:    1393212 kB
Buffers:           85964 kB
Cached:          1085416 kB
MemTotal:        1844596 kB
MemFree:          257012 kB
MemAvailable:    1393032 kB
Buffers:           85964 kB
Cached:          1085416 kB
MemTotal:        1844596 kB
MemFree:          257192 kB
MemAvailable:    1393212 kB
Buffers:           85964 kB
Cached:          1085416 kB
MemTotal:        1844596 kB
MemFree:          256192 kB
MemAvailable:    1392212 kB
Buffers:           85964 kB
Cached:          1085416 kB
MemTotal:        1844596 kB
MemFree:          257000 kB
MemAvailable:    1393020 kB
Buffers:           85964 kB
Cached:          1085416 kB
MemTotal:        1844596 kB
MemFree:          257132 kB
MemAvailable:    1393152 kB
Buffers:           85964 kB
Cached:          1085416 kB
MemTotal:        1844596 kB
MemFree:          257032 kB
MemAvailable:    1393052 kB
Buffers:           85964 kB
Cached:          1085416 kB
MemTotal:        1844596 kB
MemFree:          257032 kB
MemAvailable:    1393052 kB
Buffers:           85964 kB
Cached:          1085416 kB
MemTotal:        1844596 kB
MemFree:          256872 kB
MemAvailable:    1392892 kB
Buffers:           85964 kB
Cached:          1085416 kB
MemTotal:        1844596 kB
MemFree:          257128 kB
MemAvailable:    1393148 kB
Buffers:           85964 kB
Cached:          1085416 kB
MemTotal:        1844596 kB
MemFree:          257184 kB
MemAvailable:    1393204 kB
Buffers:           85964 kB
Cached:          1085416 kB
MemTotal:        1844596 kB
MemFree:          256980 kB
MemAvailable:    1393000 kB
Buffers:           85964 kB
Cached:          1085416 kB
MemTotal:        1844596 kB
MemFree:          257064 kB
MemAvailable:    1393084 kB
Buffers:           85964 kB
Cached:          1085416 kB
MemTotal:        1844596 kB
MemFree:          257036 kB
MemAvailable:    1393056 kB
Buffers:           85964 kB
Cached:          1085416 kB
MemTotal:        1844596 kB
MemFree:          257048 kB
MemAvailable:    1393068 kB
Buffers:           85964 kB
Cached:          1085416 kB
MemTotal:        1844596 kB
MemFree:          256848 kB
MemAvailable:    1392868 kB
Buffers:           85964 kB
Cached:          1085416 kB
MemTotal:        1844596 kB
MemFree:          256316 kB
MemAvailable:    1392336 kB
Buffers:           85964 kB
Cached:          1085416 kB
MemTotal:        1844596 kB
MemFree:          256168 kB
MemAvailable:    1392188 kB
Buffers:           85964 kB
Cached:          1085416 kB
MemTotal:        1844596 kB
MemFree:          256252 kB
MemAvailable:    1392272 kB
Buffers:           85964 kB
Cached:          1085416 kB
MemTotal:        1844596 kB
MemFree:          256180 kB
MemAvailable:    1392200 kB
Buffers:           85964 kB
Cached:          1085416 kB
MemTotal:        1844596 kB
MemFree:          256108 kB
MemAvailable:    1392128 kB
Buffers:           85964 kB
Cached:          1085416 kB
MemTotal:        1844596 kB
MemFree:          254808 kB
MemAvailable:    1390828 kB
Buffers:           85964 kB
Cached:          1085416 kB
MemTotal:        1844596 kB
MemFree:          256108 kB
MemAvailable:    1392128 kB
Buffers:           85964 kB
Cached:          1085416 kB
MemTotal:        1844596 kB
MemFree:          255572 kB
MemAvailable:    1391592 kB
Buffers:           85964 kB
Cached:          1085416 kB
MemTotal:        1844596 kB
MemFree:          252712 kB
MemAvailable:    1388732 kB
Buffers:           85964 kB
Cached:          1085416 kB
MemTotal:        1844596 kB
MemFree:          252472 kB
MemAvailable:    1388492 kB
Buffers:           85964 kB
Cached:          1085416 kB
MemTotal:        1844596 kB
MemFree:          247380 kB
MemAvailable:    1383400 kB
Buffers:           85964 kB
Cached:          1085416 kB
MemTotal:        1844596 kB
MemFree:          247380 kB
MemAvailable:    1383400 kB
Buffers:           85964 kB
Cached:          1085416 kB
MemTotal:        1844596 kB
MemFree:          242852 kB
MemAvailable:    1378872 kB
Buffers:           85964 kB
Cached:          1085416 kB
MemTotal:        1844596 kB
MemFree:          240072 kB
MemAvailable:    1376092 kB
Buffers:           85964 kB
Cached:          1085416 kB
MemTotal:        1844596 kB
MemFree:          237900 kB
MemAvailable:    1373920 kB
Buffers:           85964 kB
Cached:          1085416 kB
MemTotal:        1844596 kB
MemFree:          234368 kB
MemAvailable:    1370388 kB
Buffers:           85964 kB
Cached:          1085416 kB
MemTotal:        1844596 kB
MemFree:          232508 kB
MemAvailable:    1368528 kB
Buffers:           85964 kB
Cached:          1085416 kB
MemTotal:        1844596 kB
MemFree:          230592 kB
MemAvailable:    1366612 kB
Buffers:           85964 kB
Cached:          1085416 kB
MemTotal:        1844596 kB
MemFree:          230848 kB
MemAvailable:    1366868 kB
Buffers:           85964 kB
Cached:          1085416 kB
MemTotal:        1844596 kB
MemFree:          227796 kB
MemAvailable:    1363816 kB
Buffers:           85964 kB
Cached:          1085416 kB
MemTotal:        1844596 kB
MemFree:          225192 kB
MemAvailable:    1361212 kB
Buffers:           85964 kB
Cached:          1085416 kB
MemTotal:        1844596 kB
MemFree:          225368 kB
MemAvailable:    1361388 kB
Buffers:           85964 kB
Cached:          1085416 kB
MemTotal:        1844596 kB
MemFree:          224208 kB
MemAvailable:    1360228 kB
Buffers:           85964 kB
Cached:          1085416 kB
MemTotal:        1844596 kB
MemFree:          225176 kB
MemAvailable:    1361196 kB
Buffers:           85964 kB
Cached:          1085416 kB
MemTotal:        1844596 kB
MemFree:          225176 kB
MemAvailable:    1361196 kB
Buffers:           85964 kB
Cached:          1085416 kB
MemTotal:        1844596 kB
MemFree:          224996 kB
MemAvailable:    1361016 kB
Buffers:           85964 kB
Cached:          1085416 kB
MemTotal:        1844596 kB
MemFree:          225332 kB
MemAvailable:    1361352 kB
Buffers:           85964 kB
Cached:          1085416 kB
MemTotal:        1844596 kB
MemFree:          224056 kB
MemAvailable:    1360076 kB
Buffers:           85964 kB
Cached:          1085416 kB
MemTotal:        1844596 kB
MemFree:          225184 kB
MemAvailable:    1361204 kB
Buffers:           85964 kB
Cached:          1085416 kB
MemTotal:        1844596 kB
MemFree:          225440 kB
MemAvailable:    1361460 kB
Buffers:           85964 kB
Cached:          1085416 kB
MemTotal:        1844596 kB
MemFree:          223456 kB
MemAvailable:    1359476 kB
Buffers:           85964 kB
Cached:          1085416 kB
MemTotal:        1844596 kB
MemFree:          224376 kB
MemAvailable:    1360396 kB
Buffers:           85964 kB
Cached:          1085416 kB
MemTotal:        1844596 kB
MemFree:          224564 kB
MemAvailable:    1360584 kB
Buffers:           85964 kB
Cached:          1085416 kB
MemTotal:        1844596 kB
MemFree:          224044 kB
MemAvailable:    1360064 kB
Buffers:           85964 kB
Cached:          1085416 kB
MemTotal:        1844596 kB
MemFree:          223828 kB
MemAvailable:    1359848 kB
Buffers:           85964 kB
Cached:          1085416 kB
MemTotal:        1844596 kB
MemFree:          224248 kB
MemAvailable:    1360268 kB
Buffers:           85964 kB
Cached:          1085416 kB
MemTotal:        1844596 kB
MemFree:          222816 kB
MemAvailable:    1358836 kB
Buffers:           85964 kB
Cached:          1085416 kB
MemTotal:        1844596 kB
MemFree:          223820 kB
MemAvailable:    1359840 kB
Buffers:           85964 kB
Cached:          1085416 kB
MemTotal:        1844596 kB
MemFree:          223712 kB
MemAvailable:    1359732 kB
Buffers:           85964 kB
Cached:          1085416 kB
MemTotal:        1844596 kB
MemFree:          223564 kB
MemAvailable:    1359584 kB
Buffers:           85964 kB
Cached:          1085416 kB
MemTotal:        1844596 kB
MemFree:          223816 kB
MemAvailable:    1359836 kB
Buffers:           85964 kB
Cached:          1085416 kB
MemTotal:        1844596 kB
MemFree:          223076 kB
MemAvailable:    1359096 kB
Buffers:           85964 kB
Cached:          1085416 kB
MemTotal:        1844596 kB
MemFree:          223332 kB
MemAvailable:    1359352 kB
Buffers:           85964 kB
Cached:          1085416 kB
MemTotal:        1844596 kB
MemFree:          222448 kB
MemAvailable:    1358468 kB
Buffers:           85964 kB
Cached:          1085416 kB
MemTotal:        1844596 kB
MemFree:          222448 kB
MemAvailable:    1358468 kB
Buffers:           85964 kB
Cached:          1085416 kB
MemTotal:        1844596 kB
MemFree:          222216 kB
MemAvailable:    1358236 kB
Buffers:           85964 kB
Cached:          1085416 kB
MemTotal:        1844596 kB
MemFree:          221348 kB
MemAvailable:    1357368 kB
Buffers:           85964 kB
Cached:          1085416 kB
MemTotal:        1844596 kB
MemFree:          220232 kB
MemAvailable:    1356252 kB
Buffers:           85964 kB
Cached:          1085416 kB
MemTotal:        1844596 kB
MemFree:          221076 kB
MemAvailable:    1357096 kB
Buffers:           85964 kB
Cached:          1085416 kB
MemTotal:        1844596 kB
MemFree:          221160 kB
MemAvailable:    1357180 kB
Buffers:           85964 kB
Cached:          1085416 kB
MemTotal:        1844596 kB
MemFree:          220948 kB
MemAvailable:    1356968 kB
Buffers:           85964 kB
Cached:          1085416 kB
MemTotal:        1844596 kB
MemFree:          221284 kB
MemAvailable:    1357304 kB
Buffers:           85964 kB
Cached:          1085416 kB
MemTotal:        1844596 kB
MemFree:          220992 kB
MemAvailable:    1357096 kB
Buffers:           85964 kB
Cached:          1085416 kB
MemTotal:        1844596 kB
MemFree:          220968 kB
MemAvailable:    1356988 kB
Buffers:           85964 kB
Cached:          1085416 kB
MemTotal:        1844596 kB
MemFree:          219860 kB
MemAvailable:    1355892 kB
Buffers:           85964 kB
Cached:          1085428 kB
MemTotal:        1844596 kB
MemFree:          220928 kB
MemAvailable:    1356960 kB
Buffers:           85964 kB
Cached:          1085428 kB
MemTotal:        1844596 kB
MemFree:          221036 kB
MemAvailable:    1357068 kB
Buffers:           85964 kB
Cached:          1085428 kB
MemTotal:        1844596 kB
MemFree:          219728 kB
MemAvailable:    1355760 kB
Buffers:           85964 kB
Cached:          1085428 kB
MemTotal:        1844596 kB
MemFree:          220976 kB
MemAvailable:    1357008 kB
Buffers:           85964 kB
Cached:          1085428 kB
MemTotal:        1844596 kB
MemFree:          221080 kB
MemAvailable:    1357112 kB
Buffers:           85964 kB
Cached:          1085428 kB
MemTotal:        1844596 kB
MemFree:          220968 kB
MemAvailable:    1357000 kB
Buffers:           85964 kB
Cached:          1085428 kB
MemTotal:        1844596 kB
MemFree:          221220 kB
MemAvailable:    1357252 kB
Buffers:           85964 kB
Cached:          1085428 kB
MemTotal:        1844596 kB
MemFree:          221084 kB
MemAvailable:    1357116 kB
Buffers:           85964 kB
Cached:          1085428 kB
MemTotal:        1844596 kB
MemFree:          220912 kB
MemAvailable:    1356944 kB
Buffers:           85964 kB
Cached:          1085428 kB
MemTotal:        1844596 kB
MemFree:          221164 kB
MemAvailable:    1357196 kB
Buffers:           85964 kB
Cached:          1085428 kB
MemTotal:        1844596 kB
MemFree:          221172 kB
MemAvailable:    1357204 kB
Buffers:           85964 kB
Cached:          1085428 kB
MemTotal:        1844596 kB
MemFree:          220232 kB
MemAvailable:    1356264 kB
Buffers:           85964 kB
Cached:          1085428 kB
MemTotal:        1844596 kB
MemFree:          221400 kB
MemAvailable:    1357432 kB
Buffers:           85964 kB
Cached:          1085428 kB
MemTotal:        1844596 kB
MemFree:          221076 kB
MemAvailable:    1357108 kB
Buffers:           85964 kB
Cached:          1085428 kB
MemTotal:        1844596 kB
MemFree:          221044 kB
MemAvailable:    1357076 kB
Buffers:           85964 kB
Cached:          1085428 kB
MemTotal:        1844596 kB
MemFree:          221076 kB
MemAvailable:    1357108 kB
Buffers:           85964 kB
Cached:          1085428 kB
MemTotal:        1844596 kB
MemFree:          220480 kB
MemAvailable:    1356512 kB
Buffers:           85964 kB
Cached:          1085428 kB
MemTotal:        1844596 kB
MemFree:          221268 kB
MemAvailable:    1357300 kB
Buffers:           85964 kB
Cached:          1085428 kB
MemTotal:        1844596 kB
MemFree:          221208 kB
MemAvailable:    1357240 kB
Buffers:           85964 kB
Cached:          1085428 kB
MemTotal:        1844596 kB
MemFree:          219796 kB
MemAvailable:    1355828 kB
Buffers:           85964 kB
Cached:          1085428 kB
MemTotal:        1844596 kB
MemFree:          219920 kB
MemAvailable:    1355952 kB
Buffers:           85964 kB
Cached:          1085428 kB
MemTotal:        1844596 kB
MemFree:          221072 kB
MemAvailable:    1357104 kB
Buffers:           85964 kB
Cached:          1085428 kB
MemTotal:        1844596 kB
MemFree:          221108 kB
MemAvailable:    1357016 kB
Buffers:           85964 kB
Cached:          1085428 kB
MemTotal:        1844596 kB
MemFree:          219604 kB
MemAvailable:    1355636 kB
Buffers:           85964 kB
Cached:          1085428 kB
MemTotal:        1844596 kB
MemFree:          221052 kB
MemAvailable:    1357084 kB
Buffers:           85964 kB
Cached:          1085428 kB
MemTotal:        1844596 kB
MemFree:          220240 kB
MemAvailable:    1356272 kB
Buffers:           85964 kB
Cached:          1085428 kB
MemTotal:        1844596 kB
MemFree:          220928 kB
MemAvailable:    1356960 kB
Buffers:           85964 kB
Cached:          1085428 kB
MemTotal:        1844596 kB
MemFree:          220960 kB
MemAvailable:    1356992 kB
Buffers:           85964 kB
Cached:          1085428 kB
MemTotal:        1844596 kB
MemFree:          221212 kB
MemAvailable:    1357244 kB
Buffers:           85964 kB
Cached:          1085428 kB
MemTotal:        1844596 kB
MemFree:          221148 kB
MemAvailable:    1357180 kB
Buffers:           85964 kB
Cached:          1085428 kB
MemTotal:        1844596 kB
MemFree:          220776 kB
MemAvailable:    1356808 kB
Buffers:           85964 kB
Cached:          1085428 kB
MemTotal:        1844596 kB
MemFree:          219612 kB
MemAvailable:    1355644 kB
Buffers:           85964 kB
Cached:          1085428 kB
MemTotal:        1844596 kB
MemFree:          217860 kB
MemAvailable:    1353892 kB
Buffers:           85964 kB
Cached:          1085428 kB
MemTotal:        1844596 kB
MemFree:          217380 kB
MemAvailable:    1353412 kB
Buffers:           85964 kB
Cached:          1085428 kB
MemTotal:        1844596 kB
MemFree:          214776 kB
MemAvailable:    1350808 kB
Buffers:           85964 kB
Cached:          1085428 kB
MemTotal:        1844596 kB
MemFree:          213404 kB
MemAvailable:    1349436 kB
Buffers:           85964 kB
Cached:          1085428 kB
MemTotal:        1844596 kB
MemFree:          214704 kB
MemAvailable:    1350736 kB
Buffers:           85964 kB
Cached:          1085428 kB
MemTotal:        1844596 kB
MemFree:          214512 kB
MemAvailable:    1350544 kB
Buffers:           85964 kB
Cached:          1085428 kB
MemTotal:        1844596 kB
MemFree:          214512 kB
MemAvailable:    1350544 kB
Buffers:           85964 kB
Cached:          1085428 kB
MemTotal:        1844596 kB
MemFree:          214396 kB
MemAvailable:    1350428 kB
Buffers:           85964 kB
Cached:          1085428 kB
MemTotal:        1844596 kB
MemFree:          214412 kB
MemAvailable:    1350444 kB
Buffers:           85964 kB
Cached:          1085428 kB
MemTotal:        1844596 kB
MemFree:          213116 kB
MemAvailable:    1349148 kB
Buffers:           85964 kB
Cached:          1085428 kB
MemTotal:        1844596 kB
MemFree:          214212 kB
MemAvailable:    1350244 kB
Buffers:           85964 kB
Cached:          1085428 kB
MemTotal:        1844596 kB
MemFree:          213908 kB
MemAvailable:    1349940 kB
Buffers:           85964 kB
Cached:          1085428 kB
MemTotal:        1844596 kB
MemFree:          214412 kB
MemAvailable:    1350444 kB
Buffers:           85964 kB
Cached:          1085428 kB
MemTotal:        1844596 kB
MemFree:          214032 kB
MemAvailable:    1350064 kB
Buffers:           85964 kB
Cached:          1085428 kB
MemTotal:        1844596 kB
MemFree:          214128 kB
MemAvailable:    1350160 kB
Buffers:           85964 kB
Cached:          1085428 kB
MemTotal:        1844596 kB
MemFree:          214464 kB
MemAvailable:    1350496 kB
Buffers:           85964 kB
Cached:          1085428 kB
MemTotal:        1844596 kB
MemFree:          214080 kB
MemAvailable:    1350196 kB
Buffers:           85964 kB
Cached:          1085552 kB
MemTotal:        1844596 kB
MemFree:          214332 kB
MemAvailable:    1350448 kB
Buffers:           85964 kB
Cached:          1085552 kB
MemTotal:        1844596 kB
MemFree:          214460 kB
MemAvailable:    1350744 kB
Buffers:           85964 kB
Cached:          1085676 kB
MemTotal:        1844596 kB
MemFree:          214336 kB
MemAvailable:    1350704 kB
Buffers:           85964 kB
Cached:          1085800 kB
MemTotal:        1844596 kB
MemFree:          213096 kB
MemAvailable:    1349548 kB
Buffers:           85964 kB
Cached:          1085924 kB
MemTotal:        1844596 kB
MemFree:          213768 kB
MemAvailable:    1350388 kB
Buffers:           85964 kB
Cached:          1086048 kB
MemTotal:        1844596 kB
MemFree:          213604 kB
MemAvailable:    1350224 kB
Buffers:           85964 kB
Cached:          1086048 kB
MemTotal:        1844596 kB
MemFree:          213564 kB
MemAvailable:    1350184 kB
Buffers:           85964 kB
Cached:          1086048 kB
MemTotal:        1844596 kB
MemFree:          212800 kB
MemAvailable:    1349420 kB
Buffers:           85964 kB
Cached:          1086048 kB
MemTotal:        1844596 kB
MemFree:          213588 kB
MemAvailable:    1350208 kB
Buffers:           85964 kB
Cached:          1086048 kB
MemTotal:        1844596 kB
MemFree:          213548 kB
MemAvailable:    1350168 kB
Buffers:           85964 kB
Cached:          1086048 kB
MemTotal:        1844596 kB
MemFree:          212408 kB
MemAvailable:    1349028 kB
Buffers:           85964 kB
Cached:          1086048 kB
MemTotal:        1844596 kB
MemFree:          213708 kB
MemAvailable:    1350328 kB
Buffers:           85964 kB
Cached:          1086048 kB
MemTotal:        1844596 kB
MemFree:          213536 kB
MemAvailable:    1350156 kB
Buffers:           85964 kB
Cached:          1086048 kB
MemTotal:        1844596 kB
MemFree:          213596 kB
MemAvailable:    1350216 kB
Buffers:           85964 kB
Cached:          1086048 kB
MemTotal:        1844596 kB
MemFree:          213612 kB
MemAvailable:    1350400 kB
Buffers:           85964 kB
Cached:          1086172 kB
MemTotal:        1844596 kB
MemFree:          212032 kB
MemAvailable:    1348064 kB
Buffers:           85964 kB
Cached:          1085416 kB
MemTotal:        1844596 kB
MemFree:          330580 kB
MemAvailable:    1466612 kB
Buffers:           85964 kB
Cached:          1085416 kB
MemTotal:        1844596 kB
MemFree:          408860 kB
MemAvailable:    1544892 kB
Buffers:           85964 kB
Cached:          1085416 kB
