MemTotal:        1844596 kB
MemFree:          802576 kB
MemAvailable:    1546176 kB
Buffers:           87220 kB
Cached:           684260 kB
MemTotal:        1844596 kB
MemFree:          775000 kB
MemAvailable:    1518604 kB
Buffers:           87220 kB
Cached:           684264 kB
MemTotal:        1844596 kB
MemFree:          773568 kB
MemAvailable:    1517172 kB
Buffers:           87220 kB
Cached:           684264 kB
MemTotal:        1844596 kB
MemFree:          774204 kB
MemAvailable:    1517808 kB
Buffers:           87220 kB
Cached:           684264 kB
MemTotal:        1844596 kB
MemFree:          772600 kB
MemAvailable:    1516204 kB
Buffers:           87220 kB
Cached:           684264 kB
MemTotal:        1844596 kB
MemFree:          771336 kB
MemAvailable:    1514940 kB
Buffers:           87220 kB
Cached:           684264 kB
MemTotal:        1844596 kB
MemFree:          771588 kB
MemAvailable:    1515192 kB
Buffers:           87220 kB
Cached:           684264 kB
MemTotal:        1844596 kB
MemFree:          768872 kB
MemAvailable:    1512476 kB
Buffers:           87220 kB
Cached:           684264 kB
MemTotal:        1844596 kB
MemFree:          767572 kB
MemAvailable:    1511176 kB
Buffers:           87220 kB
Cached:           684264 kB
MemTotal:        1844596 kB
MemFree:          765028 kB
MemAvailable:    1508632 kB
Buffers:           87220 kB
Cached:           684264 kB
MemTotal:        1844596 kB
MemFree:          759696 kB
MemAvailable:    1503300 kB
Buffers:           87220 kB
Cached:           684264 kB
MemTotal:        1844596 kB
MemFree:          761556 kB
MemAvailable:    1505160 kB
Buffers:           87220 kB
Cached:           684264 kB
MemTotal:        1844596 kB
MemFree:          761748 kB
MemAvailable:    1505352 kB
Buffers:           87220 kB
Cached:           684264 kB
MemTotal:        1844596 kB
MemFree:          761508 kB
MemAvailable:    1505112 kB
Buffers:           87220 kB
Cached:           684264 kB
MemTotal:        1844596 kB
MemFree:          763052 kB
MemAvailable:    1506656 kB
Buffers:           87220 kB
Cached:           684264 kB
MemTotal:        1844596 kB
MemFree:          761812 kB
MemAvailable:    1505416 kB
Buffers:           87220 kB
Cached:           684264 kB
MemTotal:        1844596 kB
MemFree:          762444 kB
MemAvailable:    1506048 kB
Buffers:           87220 kB
Cached:           684264 kB
MemTotal:        1844596 kB
MemFree:          762312 kB
MemAvailable:    1505916 kB
Buffers:           87220 kB
Cached:           684264 kB
MemTotal:        1844596 kB
MemFree:          762156 kB
MemAvailable:    1505760 kB
Buffers:           87220 kB
Cached:           684264 kB
MemTotal:        1844596 kB
MemFree:          762308 kB
MemAvailable:    1505912 kB
Buffers:           87220 kB
Cached:           684264 kB
MemTotal:        1844596 kB
MemFree:          762128 kB
MemAvailable:    1505732 kB
Buffers:           87220 kB
Cached:           684264 kB
MemTotal:        1844596 kB
MemFree:          762184 kB
MemAvailable:    1505788 kB
Buffers:           87220 kB
Cached:           684264 kB
MemTotal:        1844596 kB
MemFree:          761564 kB
MemAvailable:    1505168 kB
Buffers:           87220 kB
Cached:           684264 kB
MemTotal:        1844596 kB
MemFree:          761740 kB
MemAvailable:    1505344 kB
Buffers:           87220 kB
Cached:           684264 kB
MemTotal:        1844596 kB
MemFree:          761308 kB
MemAvailable:    1504912 kB
Buffers:           87220 kB
Cached:           684264 kB
MemTotal:        1844596 kB
MemFree:          760376 kB
MemAvailable:    1503980 kB
Buffers:           87220 kB
Cached:           684264 kB
MemTotal:        1844596 kB
MemFree:          760508 kB
MemAvailable:    1504112 kB
Buffers:           87220 kB
Cached:           684264 kB
MemTotal:        1844596 kB
MemFree:          761176 kB
MemAvailable:    1504780 kB
Buffers:           87220 kB
Cached:           684264 kB
MemTotal:        1844596 kB
MemFree:          761176 kB
MemAvailable:    1504780 kB
Buffers:           87220 kB
Cached:           684264 kB
MemTotal:        1844596 kB
MemFree:          760740 kB
MemAvailable:    1504344 kB
Buffers:           87220 kB
Cached:           684264 kB
MemTotal:        1844596 kB
MemFree:          760252 kB
MemAvailable:    1503856 kB
Buffers:           87220 kB
Cached:           684264 kB
MemTotal:        1844596 kB
MemFree:          759076 kB
MemAvailable:    1502680 kB
Buffers:           87220 kB
Cached:           684264 kB
MemTotal:        1844596 kB
MemFree:          760112 kB
MemAvailable:    1503716 kB
Buffers:           87220 kB
Cached:           684264 kB
MemTotal:        1844596 kB
MemFree:          758572 kB
MemAvailable:    1502176 kB
Buffers:           87220 kB
Cached:           684264 kB
MemTotal:        1844596 kB
MemFree:          759764 kB
MemAvailable:    1503368 kB
Buffers:           87220 kB
Cached:           684264 kB
MemTotal:        1844596 kB
MemFree:          760016 kB
MemAvailable:    1503620 kB
Buffers:           87220 kB
Cached:           684264 kB
MemTotal:        1844596 kB
MemFree:          758572 kB
MemAvailable:    1502176 kB
Buffers:           87220 kB
Cached:           684264 kB
MemTotal:        1844596 kB
MemFree:          758572 kB
MemAvailable:    1502176 kB
Buffers:           87220 kB
Cached:           684264 kB
MemTotal:        1844596 kB
MemFree:          759632 kB
MemAvailable:    1503236 kB
Buffers:           87220 kB
Cached:           684264 kB
MemTotal:        1844596 kB
MemFree:          759324 kB
MemAvailable:    1502928 kB
Buffers:           87220 kB
Cached:           684264 kB
MemTotal:        1844596 kB
MemFree:          758772 kB
MemAvailable:    1502376 kB
Buffers:           87220 kB
Cached:           684264 kB
MemTotal:        1844596 kB
MemFree:          757712 kB
MemAvailable:    1501316 kB
Buffers:           87220 kB
Cached:           684264 kB
MemTotal:        1844596 kB
MemFree:          755976 kB
MemAvailable:    1499580 kB
Buffers:           87220 kB
Cached:           684264 kB
MemTotal:        1844596 kB
MemFree:          753496 kB
MemAvailable:    1497100 kB
Buffers:           87220 kB
Cached:           684264 kB
MemTotal:        1844596 kB
MemFree:          754728 kB
MemAvailable:    1498332 kB
Buffers:           87220 kB
Cached:           684264 kB
MemTotal:        1844596 kB
MemFree:          753068 kB
MemAvailable:    1496672 kB
Buffers:           87220 kB
Cached:           684264 kB
MemTotal:        1844596 kB
MemFree:          753068 kB
MemAvailable:    1496672 kB
Buffers:           87220 kB
Cached:           684264 kB
MemTotal:        1844596 kB
MemFree:          753964 kB
MemAvailable:    1497568 kB
Buffers:           87220 kB
Cached:           684264 kB
MemTotal:        1844596 kB
MemFree:          754032 kB
MemAvailable:    1497636 kB
Buffers:           87220 kB
Cached:           684264 kB
MemTotal:        1844596 kB
MemFree:          753868 kB
MemAvailable:    1497472 kB
Buffers:           87220 kB
Cached:           684264 kB
MemTotal:        1844596 kB
MemFree:          753988 kB
MemAvailable:    1497592 kB
Buffers:           87220 kB
Cached:           684264 kB
MemTotal:        1844596 kB
MemFree:          752856 kB
MemAvailable:    1496460 kB
Buffers:           87220 kB
Cached:           684264 kB
MemTotal:        1844596 kB
MemFree:          752724 kB
MemAvailable:    1496328 kB
Buffers:           87220 kB
Cached:           684264 kB
MemTotal:        1844596 kB
MemFree:          753768 kB
MemAvailable:    1497372 kB
Buffers:           87220 kB
Cached:           684264 kB
MemTotal:        1844596 kB
MemFree:          752808 kB
MemAvailable:    1496412 kB
Buffers:           87220 kB
Cached:           684264 kB
MemTotal:        1844596 kB
MemFree:          752928 kB
MemAvailable:    1496532 kB
Buffers:           87220 kB
Cached:           684264 kB
MemTotal:        1844596 kB
MemFree:          752752 kB
MemAvailable:    1496360 kB
Buffers:           87220 kB
Cached:           684268 kB
MemTotal:        1844596 kB
MemFree:          748520 kB
MemAvailable:    1492128 kB
Buffers:           87220 kB
Cached:           684268 kB
MemTotal:        1844596 kB
MemFree:          748384 kB
MemAvailable:    1491992 kB
Buffers:           87220 kB
Cached:           684268 kB
MemTotal:        1844596 kB
MemFree:          747852 kB
MemAvailable:    1491460 kB
Buffers:           87220 kB
Cached:           684268 kB
MemTotal:        1844596 kB
MemFree:          746412 kB
MemAvailable:    1490020 kB
Buffers:           87220 kB
Cached:           684268 kB
MemTotal:        1844596 kB
MemFree:          745924 kB
MemAvailable:    1489532 kB
Buffers:           87220 kB
Cached:           684268 kB
MemTotal:        1844596 kB
MemFree:          745940 kB
MemAvailable:    1489548 kB
Buffers:           87220 kB
Cached:           684268 kB
MemTotal:        1844596 kB
MemFree:          744808 kB
MemAvailable:    1488416 kB
Buffers:           87220 kB
Cached:           684268 kB
MemTotal:        1844596 kB
MemFree:          745420 kB
MemAvailable:    1489028 kB
Buffers:           87220 kB
Cached:           684268 kB
MemTotal:        1844596 kB
MemFree:          745188 kB
MemAvailable:    1488796 kB
Buffers:           87220 kB
Cached:           684268 kB
MemTotal:        1844596 kB
MemFree:          745508 kB
MemAvailable:    1489116 kB
Buffers:           87220 kB
Cached:           684268 kB
MemTotal:        1844596 kB
MemFree:          744176 kB
MemAvailable:    1487784 kB
Buffers:           87220 kB
Cached:           684268 kB
MemTotal:        1844596 kB
MemFree:          744176 kB
MemAvailable:    1487784 kB
Buffers:           87220 kB
Cached:           684268 kB
MemTotal:        1844596 kB
MemFree:          744176 kB
MemAvailable:    1487784 kB
Buffers:           87220 kB
Cached:           684268 kB
MemTotal:        1844596 kB
MemFree:          745292 kB
MemAvailable:    1488900 kB
Buffers:           87220 kB
Cached:           684268 kB
MemTotal:        1844596 kB
MemFree:          744004 kB
MemAvailable:    1487612 kB
Buffers:           87220 kB
Cached:           684268 kB
MemTotal:        1844596 kB
MemFree:          744000 kB
MemAvailable:    1487608 kB
Buffers:           87220 kB
Cached:           684268 kB
MemTotal:        1844596 kB
MemFree:          745096 kB
MemAvailable:    1488704 kB
Buffers:           87220 kB
Cached:           684268 kB
MemTotal:        1844596 kB
MemFree:          745312 kB
MemAvailable:    1488920 kB
Buffers:           87220 kB
Cached:           684268 kB
MemTotal:        1844596 kB
MemFree:          744868 kB
MemAvailable:    1488476 kB
Buffers:           87220 kB
Cached:           684268 kB
MemTotal:        1844596 kB
MemFree:          744692 kB
MemAvailable:    1488300 kB
Buffers:           87220 kB
Cached:           684268 kB
MemTotal:        1844596 kB
MemFree:          745232 kB
MemAvailable:    1488840 kB
Buffers:           87220 kB
Cached:           684268 kB
MemTotal:        1844596 kB
MemFree:          744856 kB
MemAvailable:    1488464 kB
Buffers:           87220 kB
Cached:           684268 kB
MemTotal:        1844596 kB
MemFree:          744052 kB
MemAvailable:    1487660 kB
Buffers:           87220 kB
Cached:           684268 kB
MemTotal:        1844596 kB
MemFree:          744864 kB
MemAvailable:    1488472 kB
Buffers:           87220 kB
Cached:           684268 kB
MemTotal:        1844596 kB
MemFree:          744320 kB
MemAvailable:    1487928 kB
Buffers:           87220 kB
Cached:           684268 kB
MemTotal:        1844596 kB
MemFree:          744812 kB
MemAvailable:    1488420 kB
Buffers:           87220 kB
Cached:           684268 kB
MemTotal:        1844596 kB
MemFree:          743328 kB
MemAvailable:    1486936 kB
Buffers:           87220 kB
Cached:           684268 kB
MemTotal:        1844596 kB
MemFree:          740352 kB
MemAvailable:    1483960 kB
Buffers:           87220 kB
Cached:           684268 kB
MemTotal:        1844596 kB
MemFree:          738120 kB
MemAvailable:    1481728 kB
Buffers:           87220 kB
Cached:           684268 kB
MemTotal:        1844596 kB
MemFree:          735888 kB
MemAvailable:    1479496 kB
Buffers:           87220 kB
Cached:           684268 kB
MemTotal:        1844596 kB
MemFree:          736012 kB
MemAvailable:    1479620 kB
Buffers:           87220 kB
Cached:           684268 kB
MemTotal:        1844596 kB
MemFree:          736012 kB
MemAvailable:    1479620 kB
Buffers:           87220 kB
Cached:           684268 kB
MemTotal:        1844596 kB
MemFree:          736880 kB
MemAvailable:    1480488 kB
Buffers:           87220 kB
Cached:           684268 kB
MemTotal:        1844596 kB
MemFree:          736436 kB
MemAvailable:    1480044 kB
Buffers:           87220 kB
Cached:           684268 kB
MemTotal:        1844596 kB
MemFree:          735004 kB
MemAvailable:    1478612 kB
Buffers:           87220 kB
Cached:           684268 kB
MemTotal:        1844596 kB
MemFree:          734992 kB
MemAvailable:    1478600 kB
Buffers:           87220 kB
Cached:           684268 kB
MemTotal:        1844596 kB
MemFree:          735000 kB
MemAvailable:    1478608 kB
Buffers:           87220 kB
Cached:           684268 kB
MemTotal:        1844596 kB
MemFree:          734820 kB
MemAvailable:    1478428 kB
Buffers:           87220 kB
Cached:           684268 kB
MemTotal:        1844596 kB
MemFree:          736248 kB
MemAvailable:    1479856 kB
Buffers:           87220 kB
Cached:           684268 kB
MemTotal:        1844596 kB
MemFree:          734984 kB
MemAvailable:    1478592 kB
Buffers:           87220 kB
Cached:           684268 kB
MemTotal:        1844596 kB
MemFree:          736364 kB
MemAvailable:    1479972 kB
Buffers:           87220 kB
Cached:           684268 kB
MemTotal:        1844596 kB
MemFree:          736336 kB
MemAvailable:    1479944 kB
Buffers:           87220 kB
Cached:           684268 kB
MemTotal:        1844596 kB
MemFree:          735020 kB
MemAvailable:    1478628 kB
Buffers:           87220 kB
Cached:           684268 kB
MemTotal:        1844596 kB
MemFree:          736136 kB
MemAvailable:    1479744 kB
Buffers:           87220 kB
Cached:           684268 kB
MemTotal:        1844596 kB
MemFree:          736312 kB
MemAvailable:    1479920 kB
Buffers:           87220 kB
Cached:           684268 kB
MemTotal:        1844596 kB
MemFree:          736128 kB
MemAvailable:    1479736 kB
Buffers:           87220 kB
Cached:           684268 kB
MemTotal:        1844596 kB
MemFree:          736380 kB
MemAvailable:    1479988 kB
Buffers:           87220 kB
Cached:           684268 kB
MemTotal:        1844596 kB
MemFree:          735136 kB
MemAvailable:    1478744 kB
Buffers:           87220 kB
Cached:           684268 kB
MemTotal:        1844596 kB
MemFree:          736252 kB
MemAvailable:    1479860 kB
Buffers:           87220 kB
Cached:           684268 kB
MemTotal:        1844596 kB
MemFree:          735896 kB
MemAvailable:    1479504 kB
Buffers:           87220 kB
Cached:           684268 kB
MemTotal:        1844596 kB
MemFree:          736120 kB
MemAvailable:    1479728 kB
Buffers:           87220 kB
Cached:           684268 kB
MemTotal:        1844596 kB
MemFree:          736260 kB
MemAvailable:    1479868 kB
Buffers:           87220 kB
Cached:           684268 kB
MemTotal:        1844596 kB
MemFree:          736416 kB
MemAvailable:    1480024 kB
Buffers:           87220 kB
Cached:           684268 kB
MemTotal:        1844596 kB
MemFree:          734960 kB
MemAvailable:    1478568 kB
Buffers:           87220 kB
Cached:           684268 kB
MemTotal:        1844596 kB
MemFree:          734960 kB
MemAvailable:    1478568 kB
Buffers:           87220 kB
Cached:           684268 kB
MemTotal:        1844596 kB
MemFree:          735332 kB
MemAvailable:    1478940 kB
Buffers:           87220 kB
Cached:           684268 kB
MemTotal:        1844596 kB
MemFree:          734960 kB
MemAvailable:    1478568 kB
Buffers:           87220 kB
Cached:           684268 kB
MemTotal:        1844596 kB
MemFree:          736056 kB
MemAvailable:    1479664 kB
Buffers:           87220 kB
Cached:           684268 kB
MemTotal:        1844596 kB
MemFree:          736308 kB
MemAvailable:    1479916 kB
Buffers:           87220 kB
Cached:           684268 kB
MemTotal:        1844596 kB
MemFree:          736496 kB
MemAvailable:    1480104 kB
Buffers:           87220 kB
Cached:           684268 kB
MemTotal:        1844596 kB
MemFree:          735000 kB
MemAvailable:    1478608 kB
Buffers:           87220 kB
Cached:           684268 kB
MemTotal:        1844596 kB
MemFree:          735880 kB
MemAvailable:    1479488 kB
Buffers:           87220 kB
Cached:           684268 kB
MemTotal:        1844596 kB
MemFree:          736072 kB
MemAvailable:    1479680 kB
Buffers:           87220 kB
Cached:           684268 kB
MemTotal:        1844596 kB
MemFree:          735240 kB
MemAvailable:    1478848 kB
Buffers:           87220 kB
Cached:           684268 kB
MemTotal:        1844596 kB
MemFree:          734136 kB
MemAvailable:    1477756 kB
Buffers:           87220 kB
Cached:           684280 kB
MemTotal:        1844596 kB
MemFree:          734100 kB
MemAvailable:    1477720 kB
Buffers:           87220 kB
Cached:           684280 kB
MemTotal:        1844596 kB
MemFree:          729068 kB
MemAvailable:    1472688 kB
Buffers:           87220 kB
Cached:           684280 kB
MemTotal:        1844596 kB
MemFree:          726216 kB
MemAvailable:    1469836 kB
Buffers:           87220 kB
Cached:           684280 kB
MemTotal:        1844596 kB
MemFree:          724224 kB
MemAvailable:    1467844 kB
Buffers:           87220 kB
Cached:           684280 kB
MemTotal:        1844596 kB
MemFree:          725424 kB
MemAvailable:    1469044 kB
Buffers:           87220 kB
Cached:           684280 kB
MemTotal:        1844596 kB
MemFree:          725376 kB
MemAvailable:    1468996 kB
Buffers:           87220 kB
Cached:           684280 kB
MemTotal:        1844596 kB
MemFree:          725320 kB
MemAvailable:    1468940 kB
Buffers:           87220 kB
Cached:           684280 kB
MemTotal:        1844596 kB
MemFree:          725224 kB
MemAvailable:    1468844 kB
Buffers:           87220 kB
Cached:           684280 kB
MemTotal:        1844596 kB
MemFree:          725376 kB
MemAvailable:    1468996 kB
Buffers:           87220 kB
Cached:           684280 kB
MemTotal:        1844596 kB
MemFree:          725416 kB
MemAvailable:    1469036 kB
Buffers:           87220 kB
Cached:           684280 kB
MemTotal:        1844596 kB
MemFree:          725476 kB
MemAvailable:    1469096 kB
Buffers:           87220 kB
Cached:           684280 kB
MemTotal:        1844596 kB
MemFree:          725540 kB
MemAvailable:    1469160 kB
Buffers:           87220 kB
Cached:           684280 kB
MemTotal:        1844596 kB
MemFree:          724292 kB
MemAvailable:    1467912 kB
Buffers:           87220 kB
Cached:           684280 kB
MemTotal:        1844596 kB
MemFree:          724168 kB
MemAvailable:    1467788 kB
Buffers:           87220 kB
Cached:           684280 kB
MemTotal:        1844596 kB
MemFree:          725264 kB
MemAvailable:    1468884 kB
Buffers:           87220 kB
Cached:           684280 kB
MemTotal:        1844596 kB
MemFree:          725100 kB
MemAvailable:    1468720 kB
Buffers:           87220 kB
Cached:           684280 kB
MemTotal:        1844596 kB
MemFree:          725320 kB
MemAvailable:    1468940 kB
Buffers:           87220 kB
Cached:           684280 kB
MemTotal:        1844596 kB
MemFree:          725472 kB
MemAvailable:    1469092 kB
Buffers:           87220 kB
Cached:           684280 kB
MemTotal:        1844596 kB
MemFree:          724220 kB
MemAvailable:    1467840 kB
Buffers:           87220 kB
Cached:           684280 kB
MemTotal:        1844596 kB
MemFree:          725316 kB
MemAvailable:    1468936 kB
Buffers:           87220 kB
Cached:           684280 kB
MemTotal:        1844596 kB
MemFree:          725568 kB
MemAvailable:    1469188 kB
Buffers:           87220 kB
Cached:           684280 kB
MemTotal:        1844596 kB
MemFree:          725292 kB
MemAvailable:    1468912 kB
Buffers:           87220 kB
Cached:           684280 kB
MemTotal:        1844596 kB
MemFree:          725584 kB
MemAvailable:    1469204 kB
Buffers:           87220 kB
Cached:           684280 kB
MemTotal:        1844596 kB
MemFree:          724172 kB
MemAvailable:    1467792 kB
Buffers:           87220 kB
Cached:           684280 kB
MemTotal:        1844596 kB
MemFree:          724084 kB
MemAvailable:    1467704 kB
Buffers:           87220 kB
Cached:           684280 kB
MemTotal:        1844596 kB
MemFree:          725276 kB
MemAvailable:    1468896 kB
Buffers:           87220 kB
Cached:           684280 kB
MemTotal:        1844596 kB
MemFree:          724108 kB
MemAvailable:    1467728 kB
Buffers:           87220 kB
Cached:           684280 kB
MemTotal:        1844596 kB
MemFree:          724060 kB
MemAvailable:    1467680 kB
Buffers:           87220 kB
Cached:           684280 kB
MemTotal:        1844596 kB
MemFree:          724096 kB
MemAvailable:    1467716 kB
Buffers:           87220 kB
Cached:           684280 kB
MemTotal:        1844596 kB
MemFree:          725456 kB
MemAvailable:    1469076 kB
Buffers:           87220 kB
Cached:           684280 kB
MemTotal:        1844596 kB
MemFree:          724084 kB
MemAvailable:    1467704 kB
Buffers:           87220 kB
Cached:           684280 kB
MemTotal:        1844596 kB
MemFree:          724044 kB
MemAvailable:    1467664 kB
Buffers:           87220 kB
Cached:           684280 kB
MemTotal:        1844596 kB
MemFree:          725284 kB
MemAvailable:    1468904 kB
Buffers:           87220 kB
Cached:           684280 kB
MemTotal:        1844596 kB
MemFree:          724164 kB
MemAvailable:    1467784 kB
Buffers:           87220 kB
Cached:           684280 kB
MemTotal:        1844596 kB
MemFree:          724108 kB
MemAvailable:    1467728 kB
Buffers:           87220 kB
Cached:           684280 kB
MemTotal:        1844596 kB
MemFree:          724108 kB
MemAvailable:    1467728 kB
Buffers:           87220 kB
Cached:           684280 kB
MemTotal:        1844596 kB
MemFree:          724060 kB
MemAvailable:    1467680 kB
Buffers:           87220 kB
Cached:           684280 kB
MemTotal:        1844596 kB
MemFree:          725356 kB
MemAvailable:    1468976 kB
Buffers:           87220 kB
Cached:           684280 kB
MemTotal:        1844596 kB
MemFree:          725224 kB
MemAvailable:    1468844 kB
Buffers:           87220 kB
Cached:           684280 kB
MemTotal:        1844596 kB
MemFree:          724172 kB
MemAvailable:    1467792 kB
Buffers:           87220 kB
Cached:           684280 kB
MemTotal:        1844596 kB
MemFree:          724172 kB
MemAvailable:    1467792 kB
Buffers:           87220 kB
Cached:           684280 kB
MemTotal:        1844596 kB
MemFree:          725276 kB
MemAvailable:    1468896 kB
Buffers:           87220 kB
Cached:           684280 kB
MemTotal:        1844596 kB
MemFree:          724984 kB
MemAvailable:    1468604 kB
Buffers:           87220 kB
Cached:           684280 kB
MemTotal:        1844596 kB
MemFree:          725360 kB
MemAvailable:    1468980 kB
Buffers:           87220 kB
Cached:           684280 kB
MemTotal:        1844596 kB
MemFree:          724096 kB
MemAvailable:    1467716 kB
Buffers:           87220 kB
Cached:           684280 kB
MemTotal:        1844596 kB
MemFree:          725396 kB
MemAvailable:    1469016 kB
Buffers:           87220 kB
Cached:           684280 kB
MemTotal:        1844596 kB
MemFree:          724048 kB
MemAvailable:    1467668 kB
Buffers:           87220 kB
Cached:           684280 kB
MemTotal:        1844596 kB
MemFree:          725152 kB
MemAvailable:    1468772 kB
Buffers:           87220 kB
Cached:           684280 kB
MemTotal:        1844596 kB
MemFree:          725232 kB
MemAvailable:    1468852 kB
Buffers:           87220 kB
Cached:           684280 kB
MemTotal:        1844596 kB
MemFree:          724960 kB
MemAvailable:    1468580 kB
Buffers:           87220 kB
Cached:           684280 kB
MemTotal:        1844596 kB
MemFree:          724488 kB
MemAvailable:    1468108 kB
Buffers:           87220 kB
Cached:           684280 kB
MemTotal:        1844596 kB
MemFree:          724456 kB
MemAvailable:    1468076 kB
Buffers:           87220 kB
Cached:           684280 kB
MemTotal:        1844596 kB
MemFree:          724108 kB
MemAvailable:    1467728 kB
Buffers:           87220 kB
Cached:           684280 kB
MemTotal:        1844596 kB
MemFree:          724176 kB
MemAvailable:    1467796 kB
Buffers:           87220 kB
Cached:           684280 kB
MemTotal:        1844596 kB
MemFree:          723308 kB
MemAvailable:    1466928 kB
Buffers:           87220 kB
Cached:           684280 kB
MemTotal:        1844596 kB
MemFree:          724300 kB
MemAvailable:    1467920 kB
Buffers:           87220 kB
Cached:           684280 kB
MemTotal:        1844596 kB
MemFree:          723232 kB
MemAvailable:    1466852 kB
Buffers:           87220 kB
Cached:           684280 kB
MemTotal:        1844596 kB
MemFree:          724152 kB
MemAvailable:    1467776 kB
Buffers:           87220 kB
Cached:           684284 kB
MemTotal:        1844596 kB
MemFree:          724044 kB
MemAvailable:    1467668 kB
Buffers:           87220 kB
Cached:           684284 kB
MemTotal:        1844596 kB
MemFree:          722680 kB
MemAvailable:    1466304 kB
Buffers:           87220 kB
Cached:           684284 kB
MemTotal:        1844596 kB
MemFree:          724068 kB
MemAvailable:    1467692 kB
Buffers:           87220 kB
Cached:           684284 kB
MemTotal:        1844596 kB
MemFree:          724044 kB
MemAvailable:    1467668 kB
Buffers:           87220 kB
Cached:           684284 kB
MemTotal:        1844596 kB
MemFree:          722736 kB
MemAvailable:    1466360 kB
Buffers:           87220 kB
Cached:           684284 kB
MemTotal:        1844596 kB
MemFree:          722612 kB
MemAvailable:    1466236 kB
Buffers:           87220 kB
Cached:           684284 kB
MemTotal:        1844596 kB
MemFree:          723712 kB
MemAvailable:    1467336 kB
Buffers:           87220 kB
Cached:           684284 kB
MemTotal:        1844596 kB
MemFree:          723240 kB
MemAvailable:    1466864 kB
Buffers:           87220 kB
Cached:           684284 kB
MemTotal:        1844596 kB
MemFree:          723756 kB
MemAvailable:    1467384 kB
Buffers:           87220 kB
Cached:           684288 kB
MemTotal:        1844596 kB
MemFree:          723904 kB
MemAvailable:    1467532 kB
Buffers:           87220 kB
Cached:           684288 kB
MemTotal:        1844596 kB
MemFree:          723852 kB
MemAvailable:    1467480 kB
Buffers:           87220 kB
Cached:           684288 kB
MemTotal:        1844596 kB
MemFree:          722448 kB
MemAvailable:    1466076 kB
Buffers:           87220 kB
Cached:           684288 kB
MemTotal:        1844596 kB
MemFree:          722316 kB
MemAvailable:    1465944 kB
Buffers:           87220 kB
Cached:           684288 kB
MemTotal:        1844596 kB
MemFree:          722496 kB
MemAvailable:    1466124 kB
Buffers:           87220 kB
Cached:           684288 kB
MemTotal:        1844596 kB
MemFree:          723680 kB
MemAvailable:    1467308 kB
Buffers:           87220 kB
Cached:           684288 kB
MemTotal:        1844596 kB
MemFree:          723680 kB
MemAvailable:    1467308 kB
Buffers:           87220 kB
Cached:           684288 kB
MemTotal:        1844596 kB
MemFree:          722228 kB
MemAvailable:    1465856 kB
Buffers:           87220 kB
Cached:           684288 kB
MemTotal:        1844596 kB
MemFree:          723600 kB
MemAvailable:    1467228 kB
Buffers:           87220 kB
Cached:           684288 kB
MemTotal:        1844596 kB
MemFree:          723988 kB
MemAvailable:    1467616 kB
Buffers:           87220 kB
Cached:           684288 kB
MemTotal:        1844596 kB
MemFree:          720016 kB
MemAvailable:    1463644 kB
Buffers:           87220 kB
Cached:           684288 kB
MemTotal:        1844596 kB
MemFree:          716296 kB
MemAvailable:    1459924 kB
Buffers:           87220 kB
Cached:           684288 kB
MemTotal:        1844596 kB
MemFree:          713256 kB
MemAvailable:    1456884 kB
Buffers:           87220 kB
Cached:           684288 kB
MemTotal:        1844596 kB
MemFree:          712816 kB
MemAvailable:    1456444 kB
Buffers:           87220 kB
Cached:           684288 kB
MemTotal:        1844596 kB
MemFree:          712708 kB
MemAvailable:    1456336 kB
Buffers:           87220 kB
Cached:           684288 kB
MemTotal:        1844596 kB
MemFree:          711568 kB
MemAvailable:    1455196 kB
Buffers:           87220 kB
Cached:           684288 kB
MemTotal:        1844596 kB
MemFree:          711460 kB
MemAvailable:    1455088 kB
Buffers:           87220 kB
Cached:           684288 kB
MemTotal:        1844596 kB
MemFree:          712164 kB
MemAvailable:    1455792 kB
Buffers:           87220 kB
Cached:           684288 kB
MemTotal:        1844596 kB
MemFree:          712064 kB
MemAvailable:    1455692 kB
Buffers:           87220 kB
Cached:           684288 kB
MemTotal:        1844596 kB
MemFree:          710468 kB
MemAvailable:    1454096 kB
Buffers:           87220 kB
Cached:           684288 kB
MemTotal:        1844596 kB
MemFree:          710336 kB
MemAvailable:    1453964 kB
Buffers:           87220 kB
Cached:           684288 kB
MemTotal:        1844596 kB
MemFree:          710104 kB
MemAvailable:    1453732 kB
Buffers:           87220 kB
Cached:           684288 kB
MemTotal:        1844596 kB
MemFree:          708980 kB
MemAvailable:    1452608 kB
Buffers:           87220 kB
Cached:           684288 kB
MemTotal:        1844596 kB
MemFree:          708724 kB
MemAvailable:    1452352 kB
Buffers:           87220 kB
Cached:           684288 kB
MemTotal:        1844596 kB
MemFree:          708808 kB
MemAvailable:    1452436 kB
Buffers:           87220 kB
Cached:           684288 kB
MemTotal:        1844596 kB
MemFree:          708600 kB
MemAvailable:    1452228 kB
Buffers:           87220 kB
Cached:           684288 kB
MemTotal:        1844596 kB
MemFree:          708368 kB
MemAvailable:    1451996 kB
Buffers:           87220 kB
Cached:           684288 kB
MemTotal:        1844596 kB
MemFree:          708412 kB
MemAvailable:    1452040 kB
Buffers:           87220 kB
Cached:           684288 kB
MemTotal:        1844596 kB
MemFree:          707444 kB
MemAvailable:    1451072 kB
Buffers:           87220 kB
Cached:           684288 kB
MemTotal:        1844596 kB
MemFree:          707320 kB
MemAvailable:    1450948 kB
Buffers:           87220 kB
Cached:           684288 kB
MemTotal:        1844596 kB
MemFree:          707320 kB
MemAvailable:    1450948 kB
Buffers:           87220 kB
Cached:           684288 kB
MemTotal:        1844596 kB
MemFree:          707356 kB
MemAvailable:    1450984 kB
Buffers:           87220 kB
Cached:           684288 kB
MemTotal:        1844596 kB
MemFree:          708764 kB
MemAvailable:    1452392 kB
Buffers:           87220 kB
Cached:           684288 kB
MemTotal:        1844596 kB
MemFree:          708576 kB
MemAvailable:    1452204 kB
Buffers:           87220 kB
Cached:           684288 kB
MemTotal:        1844596 kB
MemFree:          708576 kB
MemAvailable:    1452204 kB
Buffers:           87220 kB
Cached:           684288 kB
MemTotal:        1844596 kB
MemFree:          708552 kB
MemAvailable:    1452180 kB
Buffers:           87220 kB
Cached:           684288 kB
MemTotal:        1844596 kB
MemFree:          708648 kB
MemAvailable:    1452276 kB
Buffers:           87220 kB
Cached:           684288 kB
MemTotal:        1844596 kB
MemFree:          707972 kB
MemAvailable:    1451600 kB
Buffers:           87220 kB
Cached:           684288 kB
MemTotal:        1844596 kB
MemFree:          708308 kB
MemAvailable:    1451936 kB
Buffers:           87220 kB
Cached:           684288 kB
MemTotal:        1844596 kB
MemFree:          707616 kB
MemAvailable:    1451244 kB
Buffers:           87220 kB
Cached:           684288 kB
MemTotal:        1844596 kB
MemFree:          706748 kB
MemAvailable:    1450376 kB
Buffers:           87220 kB
Cached:           684288 kB
MemTotal:        1844596 kB
MemFree:          705632 kB
MemAvailable:    1449260 kB
Buffers:           87220 kB
Cached:           684288 kB
MemTotal:        1844596 kB
MemFree:          705368 kB
MemAvailable:    1448996 kB
Buffers:           87220 kB
Cached:           684288 kB
MemTotal:        1844596 kB
MemFree:          706064 kB
MemAvailable:    1449692 kB
Buffers:           87220 kB
Cached:           684288 kB
MemTotal:        1844596 kB
MemFree:          704632 kB
MemAvailable:    1448260 kB
Buffers:           87220 kB
Cached:           684288 kB
MemTotal:        1844596 kB
MemFree:          704632 kB
MemAvailable:    1448260 kB
Buffers:           87220 kB
Cached:           684288 kB
MemTotal:        1844596 kB
MemFree:          704012 kB
MemAvailable:    1447640 kB
Buffers:           87220 kB
Cached:           684288 kB
MemTotal:        1844596 kB
MemFree:          704004 kB
MemAvailable:    1447632 kB
Buffers:           87220 kB
Cached:           684288 kB
MemTotal:        1844596 kB
MemFree:          704260 kB
MemAvailable:    1447888 kB
Buffers:           87220 kB
Cached:           684288 kB
MemTotal:        1844596 kB
MemFree:          704500 kB
MemAvailable:    1448128 kB
Buffers:           87220 kB
Cached:           684288 kB
MemTotal:        1844596 kB
MemFree:          703896 kB
MemAvailable:    1447524 kB
Buffers:           87220 kB
Cached:           684288 kB
MemTotal:        1844596 kB
MemFree:          703468 kB
MemAvailable:    1447096 kB
Buffers:           87220 kB
Cached:           684288 kB
MemTotal:        1844596 kB
MemFree:          704396 kB
MemAvailable:    1448024 kB
Buffers:           87220 kB
Cached:           684288 kB
MemTotal:        1844596 kB
MemFree:          704432 kB
MemAvailable:    1448060 kB
Buffers:           87220 kB
Cached:           684288 kB
MemTotal:        1844596 kB
MemFree:          703244 kB
MemAvailable:    1446872 kB
Buffers:           87220 kB
Cached:           684288 kB
MemTotal:        1844596 kB
MemFree:          703072 kB
MemAvailable:    1446700 kB
Buffers:           87220 kB
Cached:           684288 kB
MemTotal:        1844596 kB
MemFree:          703116 kB
MemAvailable:    1446744 kB
Buffers:           87220 kB
Cached:           684288 kB
MemTotal:        1844596 kB
MemFree:          703116 kB
MemAvailable:    1446744 kB
Buffers:           87220 kB
Cached:           684288 kB
MemTotal:        1844596 kB
MemFree:          703116 kB
MemAvailable:    1446744 kB
Buffers:           87220 kB
Cached:           684288 kB
MemTotal:        1844596 kB
MemFree:          704392 kB
MemAvailable:    1448020 kB
Buffers:           87220 kB
Cached:           684288 kB
MemTotal:        1844596 kB
MemFree:          703532 kB
MemAvailable:    1447160 kB
Buffers:           87220 kB
Cached:           684288 kB
MemTotal:        1844596 kB
MemFree:          704220 kB
MemAvailable:    1447848 kB
Buffers:           87220 kB
Cached:           684288 kB
MemTotal:        1844596 kB
MemFree:          704380 kB
MemAvailable:    1448008 kB
Buffers:           87220 kB
Cached:           684288 kB
MemTotal:        1844596 kB
MemFree:          703100 kB
MemAvailable:    1446728 kB
Buffers:           87220 kB
Cached:           684288 kB
MemTotal:        1844596 kB
MemFree:          704252 kB
MemAvailable:    1447880 kB
Buffers:           87220 kB
Cached:           684288 kB
MemTotal:        1844596 kB
MemFree:          703780 kB
MemAvailable:    1447408 kB
Buffers:           87220 kB
Cached:           684288 kB
MemTotal:        1844596 kB
MemFree:          703964 kB
MemAvailable:    1447600 kB
Buffers:           87220 kB
Cached:           684296 kB
MemTotal:        1844596 kB
MemFree:          703444 kB
MemAvailable:    1447080 kB
Buffers:           87220 kB
Cached:           684296 kB
MemTotal:        1844596 kB
MemFree:          703020 kB
MemAvailable:    1446656 kB
Buffers:           87220 kB
Cached:           684296 kB
MemTotal:        1844596 kB
MemFree:          702980 kB
MemAvailable:    1446616 kB
Buffers:           87220 kB
Cached:           684296 kB
MemTotal:        1844596 kB
MemFree:          702724 kB
MemAvailable:    1446360 kB
Buffers:           87220 kB
Cached:           684296 kB
MemTotal:        1844596 kB
MemFree:          704400 kB
MemAvailable:    1448036 kB
Buffers:           87220 kB
Cached:           684296 kB
MemTotal:        1844596 kB
MemFree:          704376 kB
MemAvailable:    1448012 kB
Buffers:           87220 kB
Cached:           684296 kB
MemTotal:        1844596 kB
MemFree:          702840 kB
MemAvailable:    1446476 kB
Buffers:           87220 kB
Cached:           684296 kB
MemTotal:        1844596 kB
MemFree:          704108 kB
MemAvailable:    1447744 kB
Buffers:           87220 kB
Cached:           684296 kB
MemTotal:        1844596 kB
MemFree:          704360 kB
MemAvailable:    1447996 kB
Buffers:           87220 kB
Cached:           684296 kB
MemTotal:        1844596 kB
MemFree:          703240 kB
MemAvailable:    1446876 kB
Buffers:           87220 kB
Cached:           684296 kB
MemTotal:        1844596 kB
MemFree:          702888 kB
MemAvailable:    1446524 kB
Buffers:           87220 kB
Cached:           684296 kB
MemTotal:        1844596 kB
MemFree:          702020 kB
MemAvailable:    1445656 kB
Buffers:           87220 kB
Cached:           684296 kB
MemTotal:        1844596 kB
MemFree:          701532 kB
MemAvailable:    1445168 kB
Buffers:           87220 kB
Cached:           684296 kB
MemTotal:        1844596 kB
MemFree:          699424 kB
MemAvailable:    1443060 kB
Buffers:           87220 kB
Cached:           684296 kB
MemTotal:        1844596 kB
MemFree:          698688 kB
MemAvailable:    1442324 kB
Buffers:           87220 kB
Cached:           684296 kB
MemTotal:        1844596 kB
MemFree:          697952 kB
MemAvailable:    1441588 kB
Buffers:           87220 kB
Cached:           684296 kB
MemTotal:        1844596 kB
MemFree:          694152 kB
MemAvailable:    1437788 kB
Buffers:           87220 kB
Cached:           684296 kB
MemTotal:        1844596 kB
MemFree:          691144 kB
MemAvailable:    1434780 kB
Buffers:           87220 kB
Cached:           684296 kB
MemTotal:        1844596 kB
MemFree:          687280 kB
MemAvailable:    1430916 kB
Buffers:           87220 kB
Cached:           684296 kB
MemTotal:        1844596 kB
MemFree:          685852 kB
MemAvailable:    1429488 kB
Buffers:           87220 kB
Cached:           684296 kB
MemTotal:        1844596 kB
MemFree:          684428 kB
MemAvailable:    1428064 kB
Buffers:           87220 kB
Cached:           684296 kB
MemTotal:        1844596 kB
MemFree:          685696 kB
MemAvailable:    1429332 kB
Buffers:           87220 kB
Cached:           684296 kB
MemTotal:        1844596 kB
MemFree:          685736 kB
MemAvailable:    1429372 kB
Buffers:           87220 kB
Cached:           684296 kB
MemTotal:        1844596 kB
MemFree:          685668 kB
MemAvailable:    1429304 kB
Buffers:           87220 kB
Cached:           684296 kB
MemTotal:        1844596 kB
MemFree:          685612 kB
MemAvailable:    1429248 kB
Buffers:           87220 kB
Cached:           684296 kB
MemTotal:        1844596 kB
MemFree:          685516 kB
MemAvailable:    1429152 kB
Buffers:           87220 kB
Cached:           684296 kB
MemTotal:        1844596 kB
MemFree:          685304 kB
MemAvailable:    1428940 kB
Buffers:           87220 kB
Cached:           684296 kB
MemTotal:        1844596 kB
MemFree:          685396 kB
MemAvailable:    1429032 kB
Buffers:           87220 kB
Cached:           684296 kB
MemTotal:        1844596 kB
MemFree:          685164 kB
MemAvailable:    1428800 kB
Buffers:           87220 kB
Cached:           684296 kB
MemTotal:        1844596 kB
MemFree:          685584 kB
MemAvailable:    1429220 kB
Buffers:           87220 kB
Cached:           684296 kB
MemTotal:        1844596 kB
MemFree:          685536 kB
MemAvailable:    1429172 kB
Buffers:           87220 kB
Cached:           684296 kB
MemTotal:        1844596 kB
MemFree:          684344 kB
MemAvailable:    1427980 kB
Buffers:           87220 kB
Cached:           684296 kB
MemTotal:        1844596 kB
MemFree:          683684 kB
MemAvailable:    1427320 kB
Buffers:           87220 kB
Cached:           684296 kB
MemTotal:        1844596 kB
MemFree:          683552 kB
MemAvailable:    1427188 kB
Buffers:           87220 kB
Cached:           684296 kB
MemTotal:        1844596 kB
MemFree:          683668 kB
MemAvailable:    1427304 kB
Buffers:           87220 kB
Cached:           684296 kB
MemTotal:        1844596 kB
MemFree:          684612 kB
MemAvailable:    1428248 kB
Buffers:           87220 kB
Cached:           684296 kB
MemTotal:        1844596 kB
MemFree:          683940 kB
MemAvailable:    1427576 kB
Buffers:           87220 kB
Cached:           684296 kB
MemTotal:        1844596 kB
MemFree:          684668 kB
MemAvailable:    1428304 kB
Buffers:           87220 kB
Cached:           684296 kB
MemTotal:        1844596 kB
MemFree:          684684 kB
MemAvailable:    1428320 kB
Buffers:           87220 kB
Cached:           684296 kB
MemTotal:        1844596 kB
MemFree:          683388 kB
MemAvailable:    1427024 kB
Buffers:           87220 kB
Cached:           684296 kB
MemTotal:        1844596 kB
MemFree:          683384 kB
MemAvailable:    1427020 kB
Buffers:           87220 kB
Cached:           684296 kB
MemTotal:        1844596 kB
MemFree:          683384 kB
MemAvailable:    1427020 kB
Buffers:           87220 kB
Cached:           684296 kB
MemTotal:        1844596 kB
MemFree:          683384 kB
MemAvailable:    1427020 kB
Buffers:           87220 kB
Cached:           684296 kB
MemTotal:        1844596 kB
MemFree:          683496 kB
MemAvailable:    1427132 kB
Buffers:           87220 kB
Cached:           684296 kB
MemTotal:        1844596 kB
MemFree:          683416 kB
MemAvailable:    1427052 kB
Buffers:           87220 kB
Cached:           684296 kB
MemTotal:        1844596 kB
MemFree:          684616 kB
MemAvailable:    1428252 kB
Buffers:           87220 kB
Cached:           684296 kB
MemTotal:        1844596 kB
MemFree:          683404 kB
MemAvailable:    1427040 kB
Buffers:           87220 kB
Cached:           684296 kB
MemTotal:        1844596 kB
MemFree:          683304 kB
MemAvailable:    1426940 kB
Buffers:           87220 kB
Cached:           684296 kB
MemTotal:        1844596 kB
MemFree:          683436 kB
MemAvailable:    1427072 kB
Buffers:           87220 kB
Cached:           684296 kB
MemTotal:        1844596 kB
MemFree:          684588 kB
MemAvailable:    1428224 kB
Buffers:           87220 kB
Cached:           684296 kB
MemTotal:        1844596 kB
MemFree:          684932 kB
MemAvailable:    1428568 kB
Buffers:           87220 kB
Cached:           684296 kB
MemTotal:        1844596 kB
MemFree:          683684 kB
MemAvailable:    1427320 kB
Buffers:           87220 kB
Cached:           684296 kB
MemTotal:        1844596 kB
MemFree:          681328 kB
MemAvailable:    1424964 kB
Buffers:           87220 kB
Cached:           684296 kB
MemTotal:        1844596 kB
MemFree:          677980 kB
MemAvailable:    1421616 kB
Buffers:           87220 kB
Cached:           684296 kB
MemTotal:        1844596 kB
MemFree:          675624 kB
MemAvailable:    1419260 kB
Buffers:           87220 kB
Cached:           684296 kB
MemTotal:        1844596 kB
MemFree:          672956 kB
MemAvailable:    1416592 kB
Buffers:           87220 kB
Cached:           684296 kB
MemTotal:        1844596 kB
MemFree:          669424 kB
MemAvailable:    1413060 kB
Buffers:           87220 kB
Cached:           684296 kB
MemTotal:        1844596 kB
MemFree:          667192 kB
MemAvailable:    1410828 kB
Buffers:           87220 kB
Cached:           684296 kB
MemTotal:        1844596 kB
MemFree:          665208 kB
MemAvailable:    1408844 kB
Buffers:           87220 kB
Cached:           684296 kB
MemTotal:        1844596 kB
MemFree:          666336 kB
MemAvailable:    1409972 kB
Buffers:           87220 kB
Cached:           684296 kB
MemTotal:        1844596 kB
MemFree:          665464 kB
MemAvailable:    1409100 kB
Buffers:           87220 kB
Cached:           684296 kB
MemTotal:        1844596 kB
MemFree:          666336 kB
MemAvailable:    1409980 kB
Buffers:           87220 kB
Cached:           684304 kB
MemTotal:        1844596 kB
MemFree:          665204 kB
MemAvailable:    1408848 kB
Buffers:           87220 kB
Cached:           684304 kB
MemTotal:        1844596 kB
MemFree:          666408 kB
MemAvailable:    1410052 kB
Buffers:           87220 kB
Cached:           684304 kB
MemTotal:        1844596 kB
MemFree:          665092 kB
MemAvailable:    1408736 kB
Buffers:           87220 kB
Cached:           684304 kB
MemTotal:        1844596 kB
MemFree:          666332 kB
MemAvailable:    1409976 kB
Buffers:           87220 kB
Cached:           684304 kB
MemTotal:        1844596 kB
MemFree:          665216 kB
MemAvailable:    1408860 kB
Buffers:           87220 kB
Cached:           684304 kB
MemTotal:        1844596 kB
MemFree:          665044 kB
MemAvailable:    1408688 kB
Buffers:           87220 kB
Cached:           684304 kB
MemTotal:        1844596 kB
MemFree:          665164 kB
MemAvailable:    1408808 kB
Buffers:           87220 kB
Cached:           684304 kB
MemTotal:        1844596 kB
MemFree:          665164 kB
MemAvailable:    1408808 kB
Buffers:           87220 kB
Cached:           684304 kB
MemTotal:        1844596 kB
MemFree:          665164 kB
MemAvailable:    1408808 kB
Buffers:           87220 kB
Cached:           684304 kB
MemTotal:        1844596 kB
MemFree:          665164 kB
MemAvailable:    1408808 kB
Buffers:           87220 kB
Cached:           684304 kB
MemTotal:        1844596 kB
MemFree:          665156 kB
MemAvailable:    1408800 kB
Buffers:           87220 kB
Cached:           684304 kB
MemTotal:        1844596 kB
MemFree:          665076 kB
MemAvailable:    1408720 kB
Buffers:           87220 kB
Cached:           684304 kB
MemTotal:        1844596 kB
MemFree:          666368 kB
MemAvailable:    1410012 kB
Buffers:           87220 kB
Cached:           684304 kB
MemTotal:        1844596 kB
MemFree:          666368 kB
MemAvailable:    1410012 kB
Buffers:           87220 kB
Cached:           684304 kB
MemTotal:        1844596 kB
MemFree:          666540 kB
MemAvailable:    1410184 kB
Buffers:           87220 kB
Cached:           684304 kB
MemTotal:        1844596 kB
MemFree:          665296 kB
MemAvailable:    1408940 kB
Buffers:           87220 kB
Cached:           684304 kB
MemTotal:        1844596 kB
MemFree:          665156 kB
MemAvailable:    1408800 kB
Buffers:           87220 kB
Cached:           684304 kB
MemTotal:        1844596 kB
MemFree:          666416 kB
MemAvailable:    1410060 kB
Buffers:           87220 kB
Cached:           684304 kB
MemTotal:        1844596 kB
MemFree:          665168 kB
MemAvailable:    1408812 kB
Buffers:           87220 kB
Cached:           684304 kB
MemTotal:        1844596 kB
MemFree:          665540 kB
MemAvailable:    1409184 kB
Buffers:           87220 kB
Cached:           684304 kB
MemTotal:        1844596 kB
MemFree:          666492 kB
MemAvailable:    1410136 kB
Buffers:           87220 kB
Cached:           684304 kB
MemTotal:        1844596 kB
MemFree:          665712 kB
MemAvailable:    1409356 kB
Buffers:           87220 kB
Cached:           684304 kB
MemTotal:        1844596 kB
MemFree:          666264 kB
MemAvailable:    1409908 kB
Buffers:           87220 kB
Cached:           684304 kB
MemTotal:        1844596 kB
MemFree:          666516 kB
MemAvailable:    1410160 kB
Buffers:           87220 kB
Cached:           684304 kB
MemTotal:        1844596 kB
MemFree:          665324 kB
MemAvailable:    1408968 kB
Buffers:           87220 kB
Cached:           684304 kB
MemTotal:        1844596 kB
MemFree:          666524 kB
MemAvailable:    1410168 kB
Buffers:           87220 kB
Cached:           684304 kB
MemTotal:        1844596 kB
MemFree:          665056 kB
MemAvailable:    1408700 kB
Buffers:           87220 kB
Cached:           684304 kB
MemTotal:        1844596 kB
MemFree:          665192 kB
MemAvailable:    1408836 kB
Buffers:           87220 kB
Cached:           684304 kB
MemTotal:        1844596 kB
MemFree:          665152 kB
MemAvailable:    1408796 kB
Buffers:           87220 kB
Cached:           684304 kB
MemTotal:        1844596 kB
MemFree:          665188 kB
MemAvailable:    1408832 kB
Buffers:           87220 kB
Cached:           684304 kB
MemTotal:        1844596 kB
MemFree:          666568 kB
MemAvailable:    1410212 kB
Buffers:           87220 kB
Cached:           684304 kB
MemTotal:        1844596 kB
MemFree:          663976 kB
MemAvailable:    1407620 kB
Buffers:           87220 kB
Cached:           684304 kB
MemTotal:        1844596 kB
MemFree:          658008 kB
MemAvailable:    1401652 kB
Buffers:           87220 kB
Cached:           684304 kB
MemTotal:        1844596 kB
MemFree:          657528 kB
MemAvailable:    1401172 kB
Buffers:           87220 kB
Cached:           684304 kB
MemTotal:        1844596 kB
MemFree:          651692 kB
MemAvailable:    1395336 kB
Buffers:           87220 kB
Cached:           684304 kB
MemTotal:        1844596 kB
MemFree:          651212 kB
MemAvailable:    1394856 kB
Buffers:           87220 kB
Cached:           684304 kB
MemTotal:        1844596 kB
MemFree:          648096 kB
MemAvailable:    1391740 kB
Buffers:           87220 kB
Cached:           684304 kB
MemTotal:        1844596 kB
MemFree:          649280 kB
MemAvailable:    1392924 kB
Buffers:           87220 kB
Cached:           684304 kB
MemTotal:        1844596 kB
MemFree:          649148 kB
MemAvailable:    1392792 kB
Buffers:           87220 kB
Cached:           684304 kB
MemTotal:        1844596 kB
MemFree:          647856 kB
MemAvailable:    1391500 kB
Buffers:           87220 kB
Cached:           684304 kB
MemTotal:        1844596 kB
MemFree:          648088 kB
MemAvailable:    1391732 kB
Buffers:           87220 kB
Cached:           684304 kB
MemTotal:        1844596 kB
MemFree:          647732 kB
MemAvailable:    1391376 kB
Buffers:           87220 kB
Cached:           684304 kB
MemTotal:        1844596 kB
MemFree:          648176 kB
MemAvailable:    1391820 kB
Buffers:           87220 kB
Cached:           684304 kB
MemTotal:        1844596 kB
MemFree:          646720 kB
MemAvailable:    1390364 kB
Buffers:           87220 kB
Cached:           684304 kB
MemTotal:        1844596 kB
MemFree:          646720 kB
MemAvailable:    1390364 kB
Buffers:           87220 kB
Cached:           684304 kB
MemTotal:        1844596 kB
MemFree:          647732 kB
MemAvailable:    1391376 kB
Buffers:           87220 kB
Cached:           684304 kB
MemTotal:        1844596 kB
MemFree:          646484 kB
MemAvailable:    1390128 kB
Buffers:           87220 kB
Cached:           684304 kB
MemTotal:        1844596 kB
MemFree:          647636 kB
MemAvailable:    1391280 kB
Buffers:           87220 kB
Cached:           684304 kB
MemTotal:        1844596 kB
MemFree:          646352 kB
MemAvailable:    1389996 kB
Buffers:           87220 kB
Cached:           684304 kB
MemTotal:        1844596 kB
MemFree:          645872 kB
MemAvailable:    1389516 kB
Buffers:           87220 kB
Cached:           684304 kB
MemTotal:        1844596 kB
MemFree:          645996 kB
MemAvailable:    1389640 kB
Buffers:           87220 kB
Cached:           684304 kB
MemTotal:        1844596 kB
MemFree:          645376 kB
MemAvailable:    1389020 kB
Buffers:           87220 kB
Cached:           684304 kB
MemTotal:        1844596 kB
MemFree:          645684 kB
MemAvailable:    1389328 kB
Buffers:           87220 kB
Cached:           684304 kB
MemTotal:        1844596 kB
MemFree:          644988 kB
MemAvailable:    1388632 kB
Buffers:           87220 kB
Cached:           684304 kB
MemTotal:        1844596 kB
MemFree:          644260 kB
MemAvailable:    1387904 kB
Buffers:           87220 kB
Cached:           684304 kB
MemTotal:        1844596 kB
MemFree:          644876 kB
MemAvailable:    1388520 kB
Buffers:           87220 kB
Cached:           684304 kB
MemTotal:        1844596 kB
MemFree:          643384 kB
MemAvailable:    1387028 kB
Buffers:           87220 kB
Cached:           684304 kB
MemTotal:        1844596 kB
MemFree:          642400 kB
MemAvailable:    1386044 kB
Buffers:           87220 kB
Cached:           684304 kB
MemTotal:        1844596 kB
MemFree:          642772 kB
MemAvailable:    1386416 kB
Buffers:           87220 kB
Cached:           684304 kB
MemTotal:        1844596 kB
MemFree:          641964 kB
MemAvailable:    1385608 kB
Buffers:           87220 kB
Cached:           684304 kB
MemTotal:        1844596 kB
MemFree:          640652 kB
MemAvailable:    1384296 kB
Buffers:           87220 kB
Cached:           684304 kB
MemTotal:        1844596 kB
MemFree:          640900 kB
MemAvailable:    1384544 kB
Buffers:           87220 kB
Cached:           684304 kB
MemTotal:        1844596 kB
MemFree:          640520 kB
MemAvailable:    1384164 kB
Buffers:           87220 kB
Cached:           684304 kB
MemTotal:        1844596 kB
MemFree:          640728 kB
MemAvailable:    1384372 kB
Buffers:           87220 kB
Cached:           684304 kB
MemTotal:        1844596 kB
MemFree:          641832 kB
MemAvailable:    1385476 kB
Buffers:           87220 kB
Cached:           684304 kB
MemTotal:        1844596 kB
MemFree:          641416 kB
MemAvailable:    1385060 kB
Buffers:           87220 kB
Cached:           684304 kB
MemTotal:        1844596 kB
MemFree:          641756 kB
MemAvailable:    1385400 kB
Buffers:           87220 kB
Cached:           684304 kB
MemTotal:        1844596 kB
MemFree:          642008 kB
MemAvailable:    1385652 kB
Buffers:           87220 kB
Cached:           684304 kB
MemTotal:        1844596 kB
MemFree:          640408 kB
MemAvailable:    1384064 kB
Buffers:           87220 kB
Cached:           684316 kB
MemTotal:        1844596 kB
MemFree:          640492 kB
MemAvailable:    1384148 kB
Buffers:           87220 kB
Cached:           684316 kB
MemTotal:        1844596 kB
MemFree:          640276 kB
MemAvailable:    1383932 kB
Buffers:           87220 kB
Cached:           684316 kB
MemTotal:        1844596 kB
MemFree:          640044 kB
MemAvailable:    1383700 kB
Buffers:           87220 kB
Cached:           684316 kB
MemTotal:        1844596 kB
MemFree:          640104 kB
MemAvailable:    1383760 kB
Buffers:           87220 kB
Cached:           684316 kB
MemTotal:        1844596 kB
MemFree:          640360 kB
MemAvailable:    1384016 kB
Buffers:           87220 kB
Cached:           684316 kB
MemTotal:        1844596 kB
MemFree:          640032 kB
MemAvailable:    1383688 kB
Buffers:           87220 kB
Cached:           684316 kB
MemTotal:        1844596 kB
MemFree:          640164 kB
MemAvailable:    1383820 kB
Buffers:           87220 kB
Cached:           684316 kB
MemTotal:        1844596 kB
MemFree:          639112 kB
MemAvailable:    1382768 kB
Buffers:           87220 kB
Cached:           684316 kB
MemTotal:        1844596 kB
MemFree:          639360 kB
MemAvailable:    1383016 kB
Buffers:           87220 kB
Cached:           684316 kB
MemTotal:        1844596 kB
MemFree:          640088 kB
MemAvailable:    1383744 kB
Buffers:           87220 kB
Cached:           684316 kB
MemTotal:        1844596 kB
MemFree:          639920 kB
MemAvailable:    1383576 kB
Buffers:           87220 kB
Cached:           684316 kB
MemTotal:        1844596 kB
MemFree:          640224 kB
MemAvailable:    1383880 kB
Buffers:           87220 kB
Cached:           684316 kB
MemTotal:        1844596 kB
MemFree:          639796 kB
MemAvailable:    1383452 kB
Buffers:           87220 kB
Cached:           684316 kB
MemTotal:        1844596 kB
MemFree:          640140 kB
MemAvailable:    1383796 kB
Buffers:           87220 kB
Cached:           684316 kB
MemTotal:        1844596 kB
MemFree:          640044 kB
MemAvailable:    1383700 kB
Buffers:           87220 kB
Cached:           684316 kB
MemTotal:        1844596 kB
MemFree:          640148 kB
MemAvailable:    1383804 kB
Buffers:           87220 kB
Cached:           684316 kB
MemTotal:        1844596 kB
MemFree:          640176 kB
MemAvailable:    1383832 kB
Buffers:           87220 kB
Cached:           684316 kB
MemTotal:        1844596 kB
MemFree:          638880 kB
MemAvailable:    1382536 kB
Buffers:           87220 kB
Cached:           684316 kB
MemTotal:        1844596 kB
MemFree:          638880 kB
MemAvailable:    1382536 kB
Buffers:           87220 kB
Cached:           684316 kB
MemTotal:        1844596 kB
MemFree:          640352 kB
MemAvailable:    1384008 kB
Buffers:           87220 kB
Cached:           684316 kB
MemTotal:        1844596 kB
MemFree:          639424 kB
MemAvailable:    1383080 kB
Buffers:           87220 kB
Cached:           684316 kB
MemTotal:        1844596 kB
MemFree:          640016 kB
MemAvailable:    1383672 kB
Buffers:           87220 kB
Cached:           684316 kB
MemTotal:        1844596 kB
MemFree:          640352 kB
MemAvailable:    1384008 kB
Buffers:           87220 kB
Cached:           684316 kB
MemTotal:        1844596 kB
MemFree:          640144 kB
MemAvailable:    1383800 kB
Buffers:           87220 kB
Cached:           684316 kB
MemTotal:        1844596 kB
MemFree:          640396 kB
MemAvailable:    1384052 kB
Buffers:           87220 kB
Cached:           684316 kB
MemTotal:        1844596 kB
MemFree:          638804 kB
MemAvailable:    1382460 kB
Buffers:           87220 kB
Cached:           684316 kB
MemTotal:        1844596 kB
MemFree:          639012 kB
MemAvailable:    1382668 kB
Buffers:           87220 kB
Cached:           684316 kB
MemTotal:        1844596 kB
MemFree:          640120 kB
MemAvailable:    1383776 kB
Buffers:           87220 kB
Cached:           684316 kB
MemTotal:        1844596 kB
MemFree:          639680 kB
MemAvailable:    1383336 kB
Buffers:           87220 kB
Cached:           684316 kB
MemTotal:        1844596 kB
MemFree:          639988 kB
MemAvailable:    1383644 kB
Buffers:           87220 kB
Cached:           684316 kB
MemTotal:        1844596 kB
MemFree:          640324 kB
MemAvailable:    1383980 kB
Buffers:           87220 kB
Cached:           684316 kB
MemTotal:        1844596 kB
MemFree:          638916 kB
MemAvailable:    1382572 kB
Buffers:           87220 kB
Cached:           684316 kB
MemTotal:        1844596 kB
MemFree:          640300 kB
MemAvailable:    1383956 kB
Buffers:           87220 kB
Cached:           684316 kB
MemTotal:        1844596 kB
MemFree:          638904 kB
MemAvailable:    1382560 kB
Buffers:           87220 kB
Cached:           684316 kB
MemTotal:        1844596 kB
MemFree:          639028 kB
MemAvailable:    1382684 kB
Buffers:           87220 kB
Cached:           684316 kB
MemTotal:        1844596 kB
MemFree:          639152 kB
MemAvailable:    1382808 kB
Buffers:           87220 kB
Cached:           684316 kB
MemTotal:        1844596 kB
MemFree:          638904 kB
MemAvailable:    1382560 kB
Buffers:           87220 kB
Cached:           684316 kB
MemTotal:        1844596 kB
MemFree:          638904 kB
MemAvailable:    1382560 kB
Buffers:           87220 kB
Cached:           684316 kB
MemTotal:        1844596 kB
MemFree:          640012 kB
MemAvailable:    1383668 kB
Buffers:           87220 kB
Cached:           684316 kB
MemTotal:        1844596 kB
MemFree:          639856 kB
MemAvailable:    1383512 kB
Buffers:           87220 kB
Cached:           684316 kB
MemTotal:        1844596 kB
MemFree:          638804 kB
MemAvailable:    1382460 kB
Buffers:           87220 kB
Cached:           684316 kB
MemTotal:        1844596 kB
MemFree:          638888 kB
MemAvailable:    1382544 kB
Buffers:           87220 kB
Cached:           684316 kB
MemTotal:        1844596 kB
MemFree:          639008 kB
MemAvailable:    1382664 kB
Buffers:           87220 kB
Cached:           684316 kB
MemTotal:        1844596 kB
MemFree:          637812 kB
MemAvailable:    1381468 kB
Buffers:           87220 kB
Cached:           684316 kB
MemTotal:        1844596 kB
MemFree:          635952 kB
MemAvailable:    1379608 kB
Buffers:           87220 kB
Cached:           684316 kB
MemTotal:        1844596 kB
MemFree:          633080 kB
MemAvailable:    1376736 kB
Buffers:           87220 kB
Cached:           684316 kB
MemTotal:        1844596 kB
MemFree:          629928 kB
MemAvailable:    1373584 kB
Buffers:           87220 kB
Cached:           684316 kB
MemTotal:        1844596 kB
MemFree:          625900 kB
MemAvailable:    1369556 kB
Buffers:           87220 kB
Cached:           684316 kB
MemTotal:        1844596 kB
MemFree:          625544 kB
MemAvailable:    1369200 kB
Buffers:           87220 kB
Cached:           684316 kB
MemTotal:        1844596 kB
MemFree:          620808 kB
MemAvailable:    1364464 kB
Buffers:           87220 kB
Cached:           684316 kB
MemTotal:        1844596 kB
MemFree:          621144 kB
MemAvailable:    1364800 kB
Buffers:           87220 kB
Cached:           684316 kB
MemTotal:        1844596 kB
MemFree:          619576 kB
MemAvailable:    1363232 kB
Buffers:           87220 kB
Cached:           684316 kB
MemTotal:        1844596 kB
MemFree:          620676 kB
MemAvailable:    1364332 kB
Buffers:           87220 kB
Cached:           684316 kB
MemTotal:        1844596 kB
MemFree:          621012 kB
MemAvailable:    1364668 kB
Buffers:           87220 kB
Cached:           684316 kB
MemTotal:        1844596 kB
MemFree:          620768 kB
MemAvailable:    1364424 kB
Buffers:           87220 kB
Cached:           684316 kB
MemTotal:        1844596 kB
MemFree:          619700 kB
MemAvailable:    1363356 kB
Buffers:           87220 kB
Cached:           684316 kB
MemTotal:        1844596 kB
MemFree:          620632 kB
MemAvailable:    1364288 kB
Buffers:           87220 kB
Cached:           684316 kB
MemTotal:        1844596 kB
MemFree:          619648 kB
MemAvailable:    1363304 kB
Buffers:           87220 kB
Cached:           684316 kB
MemTotal:        1844596 kB
MemFree:          619524 kB
MemAvailable:    1363180 kB
Buffers:           87220 kB
Cached:           684316 kB
MemTotal:        1844596 kB
MemFree:          620800 kB
MemAvailable:    1364456 kB
Buffers:           87220 kB
Cached:           684316 kB
MemTotal:        1844596 kB
MemFree:          620692 kB
MemAvailable:    1364348 kB
Buffers:           87220 kB
Cached:           684316 kB
MemTotal:        1844596 kB
MemFree:          620808 kB
MemAvailable:    1364464 kB
Buffers:           87220 kB
Cached:           684316 kB
MemTotal:        1844596 kB
MemFree:          620760 kB
MemAvailable:    1364416 kB
Buffers:           87220 kB
Cached:           684316 kB
MemTotal:        1844596 kB
MemFree:          620088 kB
MemAvailable:    1363744 kB
Buffers:           87220 kB
Cached:           684316 kB
MemTotal:        1844596 kB
MemFree:          620388 kB
MemAvailable:    1364044 kB
Buffers:           87220 kB
Cached:           684316 kB
MemTotal:        1844596 kB
MemFree:          620204 kB
MemAvailable:    1363860 kB
Buffers:           87220 kB
Cached:           684316 kB
MemTotal:        1844596 kB
MemFree:          620272 kB
MemAvailable:    1363932 kB
Buffers:           87220 kB
Cached:           684320 kB
MemTotal:        1844596 kB
MemFree:          619156 kB
MemAvailable:    1362816 kB
Buffers:           87220 kB
Cached:           684320 kB
MemTotal:        1844596 kB
MemFree:          620512 kB
MemAvailable:    1364176 kB
Buffers:           87220 kB
Cached:           684324 kB
MemTotal:        1844596 kB
MemFree:          620312 kB
MemAvailable:    1363976 kB
Buffers:           87220 kB
Cached:           684324 kB
MemTotal:        1844596 kB
MemFree:          620452 kB
MemAvailable:    1364116 kB
Buffers:           87220 kB
Cached:           684324 kB
MemTotal:        1844596 kB
MemFree:          619156 kB
MemAvailable:    1362820 kB
Buffers:           87220 kB
Cached:           684324 kB
MemTotal:        1844596 kB
MemFree:          620332 kB
MemAvailable:    1363996 kB
Buffers:           87220 kB
Cached:           684324 kB
MemTotal:        1844596 kB
MemFree:          619948 kB
MemAvailable:    1363612 kB
Buffers:           87220 kB
Cached:           684324 kB
MemTotal:        1844596 kB
MemFree:          619840 kB
MemAvailable:    1363504 kB
Buffers:           87220 kB
Cached:           684324 kB
MemTotal:        1844596 kB
MemFree:          619628 kB
MemAvailable:    1363292 kB
Buffers:           87220 kB
Cached:           684324 kB
MemTotal:        1844596 kB
MemFree:          619504 kB
MemAvailable:    1363168 kB
Buffers:           87220 kB
Cached:           684324 kB
MemTotal:        1844596 kB
MemFree:          615376 kB
MemAvailable:    1359040 kB
Buffers:           87220 kB
Cached:           684324 kB
MemTotal:        1844596 kB
MemFree:          608300 kB
MemAvailable:    1351964 kB
Buffers:           87220 kB
Cached:           684324 kB
MemTotal:        1844596 kB
MemFree:          610740 kB
MemAvailable:    1354404 kB
Buffers:           87220 kB
Cached:           684324 kB
MemTotal:        1844596 kB
MemFree:          610260 kB
MemAvailable:    1353924 kB
Buffers:           87220 kB
Cached:           684324 kB
MemTotal:        1844596 kB
MemFree:          610512 kB
MemAvailable:    1354176 kB
Buffers:           87220 kB
Cached:           684324 kB
MemTotal:        1844596 kB
MemFree:          610088 kB
MemAvailable:    1353752 kB
Buffers:           87220 kB
Cached:           684324 kB
MemTotal:        1844596 kB
MemFree:          609528 kB
MemAvailable:    1353192 kB
Buffers:           87220 kB
Cached:           684324 kB
MemTotal:        1844596 kB
MemFree:          608548 kB
MemAvailable:    1352212 kB
Buffers:           87220 kB
Cached:           684324 kB
MemTotal:        1844596 kB
MemFree:          606564 kB
MemAvailable:    1350228 kB
Buffers:           87220 kB
Cached:           684324 kB
MemTotal:        1844596 kB
MemFree:          607540 kB
MemAvailable:    1351204 kB
Buffers:           87220 kB
Cached:           684324 kB
MemTotal:        1844596 kB
MemFree:          606812 kB
MemAvailable:    1350476 kB
Buffers:           87220 kB
Cached:           684324 kB
MemTotal:        1844596 kB
MemFree:          607544 kB
MemAvailable:    1351208 kB
Buffers:           87220 kB
Cached:           684324 kB
MemTotal:        1844596 kB
MemFree:          606820 kB
MemAvailable:    1350484 kB
Buffers:           87220 kB
Cached:           684324 kB
MemTotal:        1844596 kB
MemFree:          607444 kB
MemAvailable:    1351192 kB
Buffers:           87220 kB
Cached:           684448 kB
MemTotal:        1844596 kB
MemFree:          606012 kB
MemAvailable:    1349844 kB
Buffers:           87220 kB
Cached:           684448 kB
MemTotal:        1844596 kB
MemFree:          607080 kB
MemAvailable:    1351080 kB
Buffers:           87220 kB
Cached:           684696 kB
MemTotal:        1844596 kB
MemFree:          606076 kB
MemAvailable:    1350076 kB
Buffers:           87220 kB
Cached:           684696 kB
MemTotal:        1844596 kB
MemFree:          607176 kB
MemAvailable:    1351260 kB
Buffers:           87220 kB
Cached:           684820 kB
MemTotal:        1844596 kB
MemFree:          607052 kB
MemAvailable:    1351220 kB
Buffers:           87220 kB
Cached:           684944 kB
MemTotal:        1844596 kB
MemFree:          606804 kB
MemAvailable:    1351056 kB
Buffers:           87220 kB
Cached:           684944 kB
MemTotal:        1844596 kB
MemFree:          606068 kB
MemAvailable:    1350320 kB
Buffers:           87220 kB
Cached:           684944 kB
MemTotal:        1844596 kB
MemFree:          606536 kB
MemAvailable:    1350788 kB
Buffers:           87220 kB
Cached:           684944 kB
MemTotal:        1844596 kB
MemFree:          606872 kB
MemAvailable:    1351124 kB
Buffers:           87220 kB
Cached:           684944 kB
MemTotal:        1844596 kB
MemFree:          606712 kB
MemAvailable:    1350964 kB
Buffers:           87220 kB
Cached:           684944 kB
MemTotal:        1844596 kB
MemFree:          606068 kB
MemAvailable:    1350320 kB
Buffers:           87220 kB
Cached:           684944 kB
MemTotal:        1844596 kB
MemFree:          606928 kB
MemAvailable:    1351220 kB
Buffers:           87220 kB
Cached:           684952 kB
MemTotal:        1844596 kB
MemFree:          606928 kB
MemAvailable:    1351220 kB
Buffers:           87220 kB
Cached:           684952 kB
MemTotal:        1844596 kB
MemFree:          606416 kB
MemAvailable:    1350876 kB
Buffers:           87220 kB
Cached:           685200 kB
MemTotal:        1844596 kB
MemFree:          606068 kB
MemAvailable:    1350528 kB
Buffers:           87220 kB
Cached:           685200 kB
MemTotal:        1844596 kB
MemFree:          606680 kB
MemAvailable:    1350384 kB
Buffers:           87220 kB
Cached:           684444 kB
MemTotal:        1844596 kB
MemFree:          644748 kB
MemAvailable:    1388452 kB
Buffers:           87220 kB
Cached:           684444 kB
MemTotal:        1844596 kB
MemFree:          744092 kB
MemAvailable:    1487796 kB
Buffers:           87220 kB
Cached:           684444 kB
