MemTotal:        1844596 kB
MemFree:          266288 kB
MemAvailable:    1546480 kB
Buffers:          107048 kB
Cached:          1185052 kB
MemTotal:        1844596 kB
MemFree:          237900 kB
MemAvailable:    1518100 kB
Buffers:          107048 kB
Cached:          1185056 kB
MemTotal:        1844596 kB
MemFree:          238448 kB
MemAvailable:    1518648 kB
Buffers:          107048 kB
Cached:          1185056 kB
MemTotal:        1844596 kB
MemFree:          236536 kB
MemAvailable:    1516736 kB
Buffers:          107048 kB
Cached:          1185056 kB
MemTotal:        1844596 kB
MemFree:          237760 kB
MemAvailable:    1517960 kB
Buffers:          107048 kB
Cached:          1185056 kB
MemTotal:        1844596 kB
MemFree:          234876 kB
MemAvailable:    1515076 kB
Buffers:          107048 kB
Cached:          1185056 kB
MemTotal:        1844596 kB
MemFree:          234684 kB
MemAvailable:    1514884 kB
Buffers:          107048 kB
Cached:          1185056 kB
MemTotal:        1844596 kB
MemFree:          232504 kB
MemAvailable:    1512704 kB
Buffers:          107048 kB
Cached:          1185056 kB
MemTotal:        1844596 kB
MemFree:          230768 kB
MemAvailable:    1510968 kB
Buffers:          107048 kB
Cached:          1185056 kB
MemTotal:        1844596 kB
MemFree:          228236 kB
MemAvailable:    1508436 kB
Buffers:          107048 kB
Cached:          1185056 kB
MemTotal:        1844596 kB
MemFree:          224012 kB
MemAvailable:    1504212 kB
Buffers:          107048 kB
Cached:          1185056 kB
MemTotal:        1844596 kB
MemFree:          222780 kB
MemAvailable:    1502980 kB
Buffers:          107048 kB
Cached:          1185056 kB
MemTotal:        1844596 kB
MemFree:          226280 kB
MemAvailable:    1506480 kB
Buffers:          107048 kB
Cached:          1185056 kB
MemTotal:        1844596 kB
MemFree:          226452 kB
MemAvailable:    1506652 kB
Buffers:          107048 kB
Cached:          1185056 kB
MemTotal:        1844596 kB
MemFree:          226228 kB
MemAvailable:    1506428 kB
Buffers:          107048 kB
Cached:          1185056 kB
MemTotal:        1844596 kB
MemFree:          226244 kB
MemAvailable:    1506444 kB
Buffers:          107048 kB
Cached:          1185056 kB
MemTotal:        1844596 kB
MemFree:          226248 kB
MemAvailable:    1506448 kB
Buffers:          107048 kB
Cached:          1185056 kB
MemTotal:        1844596 kB
MemFree:          226248 kB
MemAvailable:    1506448 kB
Buffers:          107048 kB
Cached:          1185056 kB
MemTotal:        1844596 kB
MemFree:          224560 kB
MemAvailable:    1504760 kB
Buffers:          107048 kB
Cached:          1185056 kB
MemTotal:        1844596 kB
MemFree:          225852 kB
MemAvailable:    1506052 kB
Buffers:          107048 kB
Cached:          1185056 kB
MemTotal:        1844596 kB
MemFree:          224756 kB
MemAvailable:    1504956 kB
Buffers:          107048 kB
Cached:          1185056 kB
MemTotal:        1844596 kB
MemFree:          224508 kB
MemAvailable:    1504708 kB
Buffers:          107048 kB
Cached:          1185056 kB
MemTotal:        1844596 kB
MemFree:          225932 kB
MemAvailable:    1506132 kB
Buffers:          107048 kB
Cached:          1185056 kB
MemTotal:        1844596 kB
MemFree:          224632 kB
MemAvailable:    1504832 kB
Buffers:          107048 kB
Cached:          1185056 kB
MemTotal:        1844596 kB
MemFree:          225360 kB
MemAvailable:    1505560 kB
Buffers:          107048 kB
Cached:          1185056 kB
MemTotal:        1844596 kB
MemFree:          225128 kB
MemAvailable:    1505328 kB
Buffers:          107048 kB
Cached:          1185056 kB
MemTotal:        1844596 kB
MemFree:          223764 kB
MemAvailable:    1503964 kB
Buffers:          107048 kB
Cached:          1185056 kB
MemTotal:        1844596 kB
MemFree:          224864 kB
MemAvailable:    1505064 kB
Buffers:          107048 kB
Cached:          1185056 kB
MemTotal:        1844596 kB
MemFree:          224384 kB
MemAvailable:    1504584 kB
Buffers:          107048 kB
Cached:          1185056 kB
MemTotal:        1844596 kB
MemFree:          224628 kB
MemAvailable:    1504828 kB
Buffers:          107048 kB
Cached:          1185056 kB
MemTotal:        1844596 kB
MemFree:          223460 kB
MemAvailable:    1503660 kB
Buffers:          107048 kB
Cached:          1185056 kB
MemTotal:        1844596 kB
MemFree:          223020 kB
MemAvailable:    1503220 kB
Buffers:          107048 kB
Cached:          1185056 kB
MemTotal:        1844596 kB
MemFree:          223600 kB
MemAvailable:    1503800 kB
Buffers:          107048 kB
Cached:          1185056 kB
MemTotal:        1844596 kB
MemFree:          222392 kB
MemAvailable:    1502592 kB
Buffers:          107048 kB
Cached:          1185056 kB
MemTotal:        1844596 kB
MemFree:          223260 kB
MemAvailable:    1503464 kB
Buffers:          107048 kB
Cached:          1185060 kB
MemTotal:        1844596 kB
MemFree:          223596 kB
MemAvailable:    1503800 kB
Buffers:          107048 kB
Cached:          1185060 kB
MemTotal:        1844596 kB
MemFree:          222392 kB
MemAvailable:    1502596 kB
Buffers:          107048 kB
Cached:          1185060 kB
MemTotal:        1844596 kB
MemFree:          222144 kB
MemAvailable:    1502348 kB
Buffers:          107048 kB
Cached:          1185060 kB
MemTotal:        1844596 kB
MemFree:          223248 kB
MemAvailable:    1503452 kB
Buffers:          107048 kB
Cached:          1185060 kB
MemTotal:        1844596 kB
MemFree:          223248 kB
MemAvailable:    1503452 kB
Buffers:          107048 kB
Cached:          1185060 kB
MemTotal:        1844596 kB
MemFree:          223136 kB
MemAvailable:    1503340 kB
Buffers:          107048 kB
Cached:          1185060 kB
MemTotal:        1844596 kB
MemFree:          222020 kB
MemAvailable:    1502224 kB
Buffers:          107048 kB
Cached:          1185060 kB
MemTotal:        1844596 kB
MemFree:          221284 kB
MemAvailable:    1501364 kB
Buffers:          107048 kB
Cached:          1185060 kB
MemTotal:        1844596 kB
MemFree:          217936 kB
MemAvailable:    1498140 kB
Buffers:          107048 kB
Cached:          1185060 kB
MemTotal:        1844596 kB
MemFree:          216688 kB
MemAvailable:    1496892 kB
Buffers:          107048 kB
Cached:          1185060 kB
MemTotal:        1844596 kB
MemFree:          216556 kB
MemAvailable:    1496760 kB
Buffers:          107048 kB
Cached:          1185060 kB
MemTotal:        1844596 kB
MemFree:          217796 kB
MemAvailable:    1498000 kB
Buffers:          107048 kB
Cached:          1185060 kB
MemTotal:        1844596 kB
MemFree:          216680 kB
MemAvailable:    1496884 kB
Buffers:          107048 kB
Cached:          1185060 kB
MemTotal:        1844596 kB
MemFree:          218000 kB
MemAvailable:    1498204 kB
Buffers:          107048 kB
Cached:          1185060 kB
MemTotal:        1844596 kB
MemFree:          216524 kB
MemAvailable:    1496728 kB
Buffers:          107048 kB
Cached:          1185060 kB
MemTotal:        1844596 kB
MemFree:          216268 kB
MemAvailable:    1496472 kB
Buffers:          107048 kB
Cached:          1185060 kB
MemTotal:        1844596 kB
MemFree:          216172 kB
MemAvailable:    1496376 kB
Buffers:          107048 kB
Cached:          1185060 kB
MemTotal:        1844596 kB
MemFree:          216152 kB
MemAvailable:    1496356 kB
Buffers:          107048 kB
Cached:          1185060 kB
MemTotal:        1844596 kB
MemFree:          216152 kB
MemAvailable:    1496356 kB
Buffers:          107048 kB
Cached:          1185060 kB
MemTotal:        1844596 kB
MemFree:          217476 kB
MemAvailable:    1497680 kB
Buffers:          107048 kB
Cached:          1185060 kB
MemTotal:        1844596 kB
MemFree:          216324 kB
MemAvailable:    1496528 kB
Buffers:          107048 kB
Cached:          1185060 kB
MemTotal:        1844596 kB
MemFree:          217220 kB
MemAvailable:    1497424 kB
Buffers:          107048 kB
Cached:          1185060 kB
MemTotal:        1844596 kB
MemFree:          217192 kB
MemAvailable:    1497396 kB
Buffers:          107048 kB
Cached:          1185060 kB
MemTotal:        1844596 kB
MemFree:          216324 kB
MemAvailable:    1496528 kB
Buffers:          107048 kB
Cached:          1185060 kB
MemTotal:        1844596 kB
MemFree:          211860 kB
MemAvailable:    1492064 kB
Buffers:          107048 kB
Cached:          1185060 kB
MemTotal:        1844596 kB
MemFree:          211604 kB
MemAvailable:    1491808 kB
Buffers:          107048 kB
Cached:          1185060 kB
MemTotal:        1844596 kB
MemFree:          210000 kB
MemAvailable:    1490204 kB
Buffers:          107048 kB
Cached:          1185060 kB
MemTotal:        1844596 kB
MemFree:          211232 kB
MemAvailable:    1491436 kB
Buffers:          107048 kB
Cached:          1185060 kB
MemTotal:        1844596 kB
MemFree:          209632 kB
MemAvailable:    1489836 kB
Buffers:          107048 kB
Cached:          1185060 kB
MemTotal:        1844596 kB
MemFree:          208264 kB
MemAvailable:    1488468 kB
Buffers:          107048 kB
Cached:          1185060 kB
MemTotal:        1844596 kB
MemFree:          208992 kB
MemAvailable:    1489196 kB
Buffers:          107048 kB
Cached:          1185060 kB
MemTotal:        1844596 kB
MemFree:          209328 kB
MemAvailable:    1489532 kB
Buffers:          107048 kB
Cached:          1185060 kB
MemTotal:        1844596 kB
MemFree:          208868 kB
MemAvailable:    1489072 kB
Buffers:          107048 kB
Cached:          1185060 kB
MemTotal:        1844596 kB
MemFree:          208952 kB
MemAvailable:    1489156 kB
Buffers:          107048 kB
Cached:          1185060 kB
MemTotal:        1844596 kB
MemFree:          208712 kB
MemAvailable:    1488916 kB
Buffers:          107048 kB
Cached:          1185060 kB
MemTotal:        1844596 kB
MemFree:          208640 kB
MemAvailable:    1488844 kB
Buffers:          107048 kB
Cached:          1185060 kB
MemTotal:        1844596 kB
MemFree:          207768 kB
MemAvailable:    1487972 kB
Buffers:          107048 kB
Cached:          1185060 kB
MemTotal:        1844596 kB
MemFree:          208332 kB
MemAvailable:    1488536 kB
Buffers:          107048 kB
Cached:          1185060 kB
MemTotal:        1844596 kB
MemFree:          208668 kB
MemAvailable:    1488872 kB
Buffers:          107048 kB
Cached:          1185060 kB
MemTotal:        1844596 kB
MemFree:          208540 kB
MemAvailable:    1488744 kB
Buffers:          107048 kB
Cached:          1185060 kB
MemTotal:        1844596 kB
MemFree:          208712 kB
MemAvailable:    1488916 kB
Buffers:          107048 kB
Cached:          1185060 kB
MemTotal:        1844596 kB
MemFree:          208484 kB
MemAvailable:    1488688 kB
Buffers:          107048 kB
Cached:          1185060 kB
MemTotal:        1844596 kB
MemFree:          208088 kB
MemAvailable:    1488292 kB
Buffers:          107048 kB
Cached:          1185060 kB
MemTotal:        1844596 kB
MemFree:          208224 kB
MemAvailable:    1488428 kB
Buffers:          107048 kB
Cached:          1185060 kB
MemTotal:        1844596 kB
MemFree:          206864 kB
MemAvailable:    1487068 kB
Buffers:          107048 kB
Cached:          1185060 kB
MemTotal:        1844596 kB
MemFree:          207072 kB
MemAvailable:    1487276 kB
Buffers:          107048 kB
Cached:          1185060 kB
MemTotal:        1844596 kB
MemFree:          208248 kB
MemAvailable:    1488452 kB
Buffers:          107048 kB
Cached:          1185060 kB
MemTotal:        1844596 kB
MemFree:          208176 kB
MemAvailable:    1488380 kB
Buffers:          107048 kB
Cached:          1185060 kB
MemTotal:        1844596 kB
MemFree:          208176 kB
MemAvailable:    1488380 kB
Buffers:          107048 kB
Cached:          1185060 kB
MemTotal:        1844596 kB
MemFree:          208208 kB
MemAvailable:    1488412 kB
Buffers:          107048 kB
Cached:          1185060 kB
MemTotal:        1844596 kB
MemFree:          207004 kB
MemAvailable:    1487208 kB
Buffers:          107048 kB
Cached:          1185060 kB
MemTotal:        1844596 kB
MemFree:          206652 kB
MemAvailable:    1486856 kB
Buffers:          107048 kB
Cached:          1185060 kB
MemTotal:        1844596 kB
MemFree:          203056 kB
MemAvailable:    1483260 kB
Buffers:          107048 kB
Cached:          1185060 kB
MemTotal:        1844596 kB
MemFree:          200204 kB
MemAvailable:    1480408 kB
Buffers:          107048 kB
Cached:          1185060 kB
MemTotal:        1844596 kB
MemFree:          200264 kB
MemAvailable:    1480468 kB
Buffers:          107048 kB
Cached:          1185060 kB
MemTotal:        1844596 kB
MemFree:          199096 kB
MemAvailable:    1479300 kB
Buffers:          107048 kB
Cached:          1185060 kB
MemTotal:        1844596 kB
MemFree:          200248 kB
MemAvailable:    1480452 kB
Buffers:          107048 kB
Cached:          1185060 kB
MemTotal:        1844596 kB
MemFree:          198792 kB
MemAvailable:    1478996 kB
Buffers:          107048 kB
Cached:          1185060 kB
MemTotal:        1844596 kB
MemFree:          199684 kB
MemAvailable:    1479888 kB
Buffers:          107048 kB
Cached:          1185060 kB
MemTotal:        1844596 kB
MemFree:          199460 kB
MemAvailable:    1479664 kB
Buffers:          107048 kB
Cached:          1185060 kB
MemTotal:        1844596 kB
MemFree:          198412 kB
MemAvailable:    1478616 kB
Buffers:          107048 kB
Cached:          1185060 kB
MemTotal:        1844596 kB
MemFree:          198412 kB
MemAvailable:    1478616 kB
Buffers:          107048 kB
Cached:          1185060 kB
MemTotal:        1844596 kB
MemFree:          199804 kB
MemAvailable:    1480008 kB
Buffers:          107048 kB
Cached:          1185060 kB
MemTotal:        1844596 kB
MemFree:          198444 kB
MemAvailable:    1478648 kB
Buffers:          107048 kB
Cached:          1185060 kB
MemTotal:        1844596 kB
MemFree:          199636 kB
MemAvailable:    1479840 kB
Buffers:          107048 kB
Cached:          1185060 kB
MemTotal:        1844596 kB
MemFree:          199804 kB
MemAvailable:    1480008 kB
Buffers:          107048 kB
Cached:          1185060 kB
MemTotal:        1844596 kB
MemFree:          198296 kB
MemAvailable:    1478500 kB
Buffers:          107048 kB
Cached:          1185060 kB
MemTotal:        1844596 kB
MemFree:          198288 kB
MemAvailable:    1478492 kB
Buffers:          107048 kB
Cached:          1185060 kB
MemTotal:        1844596 kB
MemFree:          199660 kB
MemAvailable:    1479864 kB
Buffers:          107048 kB
Cached:          1185060 kB
MemTotal:        1844596 kB
MemFree:          198840 kB
MemAvailable:    1479044 kB
Buffers:          107048 kB
Cached:          1185060 kB
MemTotal:        1844596 kB
MemFree:          199432 kB
MemAvailable:    1479636 kB
Buffers:          107048 kB
Cached:          1185060 kB
MemTotal:        1844596 kB
MemFree:          199768 kB
MemAvailable:    1479972 kB
Buffers:          107048 kB
Cached:          1185060 kB
MemTotal:        1844596 kB
MemFree:          199584 kB
MemAvailable:    1479788 kB
Buffers:          107048 kB
Cached:          1185060 kB
MemTotal:        1844596 kB
MemFree:          198420 kB
MemAvailable:    1478624 kB
Buffers:          107048 kB
Cached:          1185060 kB
MemTotal:        1844596 kB
MemFree:          198592 kB
MemAvailable:    1478796 kB
Buffers:          107048 kB
Cached:          1185060 kB
MemTotal:        1844596 kB
MemFree:          198420 kB
MemAvailable:    1478624 kB
Buffers:          107048 kB
Cached:          1185060 kB
MemTotal:        1844596 kB
MemFree:          199656 kB
MemAvailable:    1479860 kB
Buffers:          107048 kB
Cached:          1185060 kB
MemTotal:        1844596 kB
MemFree:          199880 kB
MemAvailable:    1480084 kB
Buffers:          107048 kB
Cached:          1185060 kB
MemTotal:        1844596 kB
MemFree:          199880 kB
MemAvailable:    1480084 kB
Buffers:          107048 kB
Cached:          1185060 kB
MemTotal:        1844596 kB
MemFree:          198280 kB
MemAvailable:    1478484 kB
Buffers:          107048 kB
Cached:          1185060 kB
MemTotal:        1844596 kB
MemFree:          198316 kB
MemAvailable:    1478520 kB
Buffers:          107048 kB
Cached:          1185060 kB
MemTotal:        1844596 kB
MemFree:          198420 kB
MemAvailable:    1478624 kB
Buffers:          107048 kB
Cached:          1185060 kB
MemTotal:        1844596 kB
MemFree:          199656 kB
MemAvailable:    1479860 kB
Buffers:          107048 kB
Cached:          1185060 kB
MemTotal:        1844596 kB
MemFree:          198840 kB
MemAvailable:    1479044 kB
Buffers:          107048 kB
Cached:          1185060 kB
MemTotal:        1844596 kB
MemFree:          199524 kB
MemAvailable:    1479728 kB
Buffers:          107048 kB
Cached:          1185060 kB
MemTotal:        1844596 kB
MemFree:          199776 kB
MemAvailable:    1479980 kB
Buffers:          107048 kB
Cached:          1185060 kB
MemTotal:        1844596 kB
MemFree:          199536 kB
MemAvailable:    1479740 kB
Buffers:          107048 kB
Cached:          1185060 kB
MemTotal:        1844596 kB
MemFree:          199844 kB
MemAvailable:    1480052 kB
Buffers:          107048 kB
Cached:          1185064 kB
MemTotal:        1844596 kB
MemFree:          198328 kB
MemAvailable:    1478536 kB
Buffers:          107048 kB
Cached:          1185064 kB
MemTotal:        1844596 kB
MemFree:          199764 kB
MemAvailable:    1479980 kB
Buffers:          107048 kB
Cached:          1185072 kB
MemTotal:        1844596 kB
MemFree:          197964 kB
MemAvailable:    1478180 kB
Buffers:          107048 kB
Cached:          1185072 kB
MemTotal:        1844596 kB
MemFree:          194748 kB
MemAvailable:    1474964 kB
Buffers:          107048 kB
Cached:          1185072 kB
MemTotal:        1844596 kB
MemFree:          191584 kB
MemAvailable:    1471800 kB
Buffers:          107048 kB
Cached:          1185072 kB
MemTotal:        1844596 kB
MemFree:          188920 kB
MemAvailable:    1469136 kB
Buffers:          107048 kB
Cached:          1185072 kB
MemTotal:        1844596 kB
MemFree:          189224 kB
MemAvailable:    1469440 kB
Buffers:          107048 kB
Cached:          1185072 kB
MemTotal:        1844596 kB
MemFree:          187540 kB
MemAvailable:    1467756 kB
Buffers:          107048 kB
Cached:          1185072 kB
MemTotal:        1844596 kB
MemFree:          188780 kB
MemAvailable:    1468996 kB
Buffers:          107048 kB
Cached:          1185072 kB
MemTotal:        1844596 kB
MemFree:          188804 kB
MemAvailable:    1469020 kB
Buffers:          107048 kB
Cached:          1185072 kB
MemTotal:        1844596 kB
MemFree:          187416 kB
MemAvailable:    1467632 kB
Buffers:          107048 kB
Cached:          1185072 kB
MemTotal:        1844596 kB
MemFree:          187548 kB
MemAvailable:    1467764 kB
Buffers:          107048 kB
Cached:          1185072 kB
MemTotal:        1844596 kB
MemFree:          187548 kB
MemAvailable:    1467764 kB
Buffers:          107048 kB
Cached:          1185072 kB
MemTotal:        1844596 kB
MemFree:          187672 kB
MemAvailable:    1467888 kB
Buffers:          107048 kB
Cached:          1185072 kB
MemTotal:        1844596 kB
MemFree:          188904 kB
MemAvailable:    1469120 kB
Buffers:          107048 kB
Cached:          1185072 kB
MemTotal:        1844596 kB
MemFree:          188928 kB
MemAvailable:    1469144 kB
Buffers:          107048 kB
Cached:          1185072 kB
MemTotal:        1844596 kB
MemFree:          187368 kB
MemAvailable:    1467584 kB
Buffers:          107048 kB
Cached:          1185072 kB
MemTotal:        1844596 kB
MemFree:          187660 kB
MemAvailable:    1467876 kB
Buffers:          107048 kB
Cached:          1185072 kB
MemTotal:        1844596 kB
MemFree:          187652 kB
MemAvailable:    1467868 kB
Buffers:          107048 kB
Cached:          1185072 kB
MemTotal:        1844596 kB
MemFree:          187612 kB
MemAvailable:    1467828 kB
Buffers:          107048 kB
Cached:          1185072 kB
MemTotal:        1844596 kB
MemFree:          188932 kB
MemAvailable:    1469148 kB
Buffers:          107048 kB
Cached:          1185072 kB
MemTotal:        1844596 kB
MemFree:          188888 kB
MemAvailable:    1469104 kB
Buffers:          107048 kB
Cached:          1185072 kB
MemTotal:        1844596 kB
MemFree:          188644 kB
MemAvailable:    1468860 kB
Buffers:          107048 kB
Cached:          1185072 kB
MemTotal:        1844596 kB
MemFree:          187680 kB
MemAvailable:    1467896 kB
Buffers:          107048 kB
Cached:          1185072 kB
MemTotal:        1844596 kB
MemFree:          187672 kB
MemAvailable:    1467888 kB
Buffers:          107048 kB
Cached:          1185072 kB
MemTotal:        1844596 kB
MemFree:          188808 kB
MemAvailable:    1469024 kB
Buffers:          107048 kB
Cached:          1185072 kB
MemTotal:        1844596 kB
MemFree:          188844 kB
MemAvailable:    1469060 kB
Buffers:          107048 kB
Cached:          1185072 kB
MemTotal:        1844596 kB
MemFree:          187928 kB
MemAvailable:    1468144 kB
Buffers:          107048 kB
Cached:          1185072 kB
MemTotal:        1844596 kB
MemFree:          188632 kB
MemAvailable:    1468848 kB
Buffers:          107048 kB
Cached:          1185072 kB
MemTotal:        1844596 kB
MemFree:          187680 kB
MemAvailable:    1467896 kB
Buffers:          107048 kB
Cached:          1185072 kB
MemTotal:        1844596 kB
MemFree:          187556 kB
MemAvailable:    1467772 kB
Buffers:          107048 kB
Cached:          1185072 kB
MemTotal:        1844596 kB
MemFree:          188796 kB
MemAvailable:    1469012 kB
Buffers:          107048 kB
Cached:          1185072 kB
MemTotal:        1844596 kB
MemFree:          188052 kB
MemAvailable:    1468268 kB
Buffers:          107048 kB
Cached:          1185072 kB
MemTotal:        1844596 kB
MemFree:          188492 kB
MemAvailable:    1468712 kB
Buffers:          107048 kB
Cached:          1185076 kB
MemTotal:        1844596 kB
MemFree:          188828 kB
MemAvailable:    1469048 kB
Buffers:          107048 kB
Cached:          1185076 kB
MemTotal:        1844596 kB
MemFree:          187512 kB
MemAvailable:    1467732 kB
Buffers:          107048 kB
Cached:          1185076 kB
MemTotal:        1844596 kB
MemFree:          187504 kB
MemAvailable:    1467724 kB
Buffers:          107048 kB
Cached:          1185076 kB
MemTotal:        1844596 kB
MemFree:          188680 kB
MemAvailable:    1468900 kB
Buffers:          107048 kB
Cached:          1185076 kB
MemTotal:        1844596 kB
MemFree:          188768 kB
MemAvailable:    1468988 kB
Buffers:          107048 kB
Cached:          1185076 kB
MemTotal:        1844596 kB
MemFree:          188852 kB
MemAvailable:    1469072 kB
Buffers:          107048 kB
Cached:          1185076 kB
MemTotal:        1844596 kB
MemFree:          187376 kB
MemAvailable:    1467596 kB
Buffers:          107048 kB
Cached:          1185076 kB
MemTotal:        1844596 kB
MemFree:          189004 kB
MemAvailable:    1469224 kB
Buffers:          107048 kB
Cached:          1185076 kB
MemTotal:        1844596 kB
MemFree:          187668 kB
MemAvailable:    1467888 kB
Buffers:          107048 kB
Cached:          1185076 kB
MemTotal:        1844596 kB
MemFree:          188844 kB
MemAvailable:    1469064 kB
Buffers:          107048 kB
Cached:          1185076 kB
MemTotal:        1844596 kB
MemFree:          188840 kB
MemAvailable:    1469060 kB
Buffers:          107048 kB
Cached:          1185076 kB
MemTotal:        1844596 kB
MemFree:          188052 kB
MemAvailable:    1468272 kB
Buffers:          107048 kB
Cached:          1185076 kB
MemTotal:        1844596 kB
MemFree:          189252 kB
MemAvailable:    1469472 kB
Buffers:          107048 kB
Cached:          1185076 kB
MemTotal:        1844596 kB
MemFree:          188904 kB
MemAvailable:    1469124 kB
Buffers:          107048 kB
Cached:          1185076 kB
MemTotal:        1844596 kB
MemFree:          188904 kB
MemAvailable:    1469124 kB
Buffers:          107048 kB
Cached:          1185076 kB
MemTotal:        1844596 kB
MemFree:          188776 kB
MemAvailable:    1468996 kB
Buffers:          107048 kB
Cached:          1185076 kB
MemTotal:        1844596 kB
MemFree:          188860 kB
MemAvailable:    1469080 kB
Buffers:          107048 kB
Cached:          1185076 kB
MemTotal:        1844596 kB
MemFree:          187424 kB
MemAvailable:    1467644 kB
Buffers:          107048 kB
Cached:          1185076 kB
MemTotal:        1844596 kB
MemFree:          187308 kB
MemAvailable:    1467528 kB
Buffers:          107048 kB
Cached:          1185076 kB
MemTotal:        1844596 kB
MemFree:          186928 kB
MemAvailable:    1467148 kB
Buffers:          107048 kB
Cached:          1185076 kB
MemTotal:        1844596 kB
MemFree:          187856 kB
MemAvailable:    1468076 kB
Buffers:          107048 kB
Cached:          1185076 kB
MemTotal:        1844596 kB
MemFree:          187192 kB
MemAvailable:    1467288 kB
Buffers:          107048 kB
Cached:          1185076 kB
MemTotal:        1844596 kB
MemFree:          187540 kB
MemAvailable:    1467760 kB
Buffers:          107048 kB
Cached:          1185076 kB
MemTotal:        1844596 kB
MemFree:          187876 kB
MemAvailable:    1468096 kB
Buffers:          107048 kB
Cached:          1185076 kB
MemTotal:        1844596 kB
MemFree:          186556 kB
MemAvailable:    1466776 kB
Buffers:          107048 kB
Cached:          1185076 kB
MemTotal:        1844596 kB
MemFree:          186432 kB
MemAvailable:    1466652 kB
Buffers:          107048 kB
Cached:          1185076 kB
MemTotal:        1844596 kB
MemFree:          187408 kB
MemAvailable:    1467628 kB
Buffers:          107048 kB
Cached:          1185076 kB
MemTotal:        1844596 kB
MemFree:          187492 kB
MemAvailable:    1467712 kB
Buffers:          107048 kB
Cached:          1185076 kB
MemTotal:        1844596 kB
MemFree:          187360 kB
MemAvailable:    1467580 kB
Buffers:          107048 kB
Cached:          1185076 kB
MemTotal:        1844596 kB
MemFree:          187612 kB
MemAvailable:    1467832 kB
Buffers:          107048 kB
Cached:          1185076 kB
MemTotal:        1844596 kB
MemFree:          185992 kB
MemAvailable:    1466212 kB
Buffers:          107048 kB
Cached:          1185076 kB
MemTotal:        1844596 kB
MemFree:          185860 kB
MemAvailable:    1466080 kB
Buffers:          107048 kB
Cached:          1185076 kB
MemTotal:        1844596 kB
MemFree:          186068 kB
MemAvailable:    1466288 kB
Buffers:          107048 kB
Cached:          1185076 kB
MemTotal:        1844596 kB
MemFree:          185804 kB
MemAvailable:    1466024 kB
Buffers:          107048 kB
Cached:          1185076 kB
MemTotal:        1844596 kB
MemFree:          187168 kB
MemAvailable:    1467388 kB
Buffers:          107048 kB
Cached:          1185076 kB
MemTotal:        1844596 kB
MemFree:          187168 kB
MemAvailable:    1467388 kB
Buffers:          107048 kB
Cached:          1185076 kB
MemTotal:        1844596 kB
MemFree:          187224 kB
MemAvailable:    1467444 kB
Buffers:          107048 kB
Cached:          1185076 kB
MemTotal:        1844596 kB
MemFree:          186048 kB
MemAvailable:    1466268 kB
Buffers:          107048 kB
Cached:          1185076 kB
MemTotal:        1844596 kB
MemFree:          185924 kB
MemAvailable:    1466144 kB
Buffers:          107048 kB
Cached:          1185076 kB
MemTotal:        1844596 kB
MemFree:          185924 kB
MemAvailable:    1466144 kB
Buffers:          107048 kB
Cached:          1185076 kB
MemTotal:        1844596 kB
MemFree:          185768 kB
MemAvailable:    1465992 kB
Buffers:          107048 kB
Cached:          1185080 kB
MemTotal:        1844596 kB
MemFree:          185768 kB
MemAvailable:    1465992 kB
Buffers:          107048 kB
Cached:          1185080 kB
MemTotal:        1844596 kB
MemFree:          185768 kB
MemAvailable:    1465992 kB
Buffers:          107048 kB
Cached:          1185080 kB
MemTotal:        1844596 kB
MemFree:          185892 kB
MemAvailable:    1466116 kB
Buffers:          107048 kB
Cached:          1185080 kB
MemTotal:        1844596 kB
MemFree:          184208 kB
MemAvailable:    1464432 kB
Buffers:          107048 kB
Cached:          1185080 kB
MemTotal:        1844596 kB
MemFree:          180920 kB
MemAvailable:    1461144 kB
Buffers:          107048 kB
Cached:          1185080 kB
MemTotal:        1844596 kB
MemFree:          176132 kB
MemAvailable:    1456356 kB
Buffers:          107048 kB
Cached:          1185080 kB
MemTotal:        1844596 kB
MemFree:          176216 kB
MemAvailable:    1456440 kB
Buffers:          107048 kB
Cached:          1185080 kB
MemTotal:        1844596 kB
MemFree:          174728 kB
MemAvailable:    1454952 kB
Buffers:          107048 kB
Cached:          1185080 kB
MemTotal:        1844596 kB
MemFree:          175828 kB
MemAvailable:    1456052 kB
Buffers:          107048 kB
Cached:          1185080 kB
MemTotal:        1844596 kB
MemFree:          174520 kB
MemAvailable:    1454744 kB
Buffers:          107048 kB
Cached:          1185080 kB
MemTotal:        1844596 kB
MemFree:          175636 kB
MemAvailable:    1455860 kB
Buffers:          107048 kB
Cached:          1185080 kB
MemTotal:        1844596 kB
MemFree:          173984 kB
MemAvailable:    1454208 kB
Buffers:          107048 kB
Cached:          1185080 kB
MemTotal:        1844596 kB
MemFree:          174768 kB
MemAvailable:    1454992 kB
Buffers:          107048 kB
Cached:          1185080 kB
MemTotal:        1844596 kB
MemFree:          174768 kB
MemAvailable:    1454992 kB
Buffers:          107048 kB
Cached:          1185080 kB
MemTotal:        1844596 kB
MemFree:          173652 kB
MemAvailable:    1453876 kB
Buffers:          107048 kB
Cached:          1185080 kB
MemTotal:        1844596 kB
MemFree:          173172 kB
MemAvailable:    1453396 kB
Buffers:          107048 kB
Cached:          1185080 kB
MemTotal:        1844596 kB
MemFree:          173048 kB
MemAvailable:    1453272 kB
Buffers:          107048 kB
Cached:          1185080 kB
MemTotal:        1844596 kB
MemFree:          172040 kB
MemAvailable:    1452264 kB
Buffers:          107048 kB
Cached:          1185080 kB
MemTotal:        1844596 kB
MemFree:          172124 kB
MemAvailable:    1452348 kB
Buffers:          107048 kB
Cached:          1185080 kB
MemTotal:        1844596 kB
MemFree:          170636 kB
MemAvailable:    1450860 kB
Buffers:          107048 kB
Cached:          1185080 kB
MemTotal:        1844596 kB
MemFree:          171904 kB
MemAvailable:    1452128 kB
Buffers:          107048 kB
Cached:          1185080 kB
MemTotal:        1844596 kB
MemFree:          171932 kB
MemAvailable:    1452156 kB
Buffers:          107048 kB
Cached:          1185080 kB
MemTotal:        1844596 kB
MemFree:          172044 kB
MemAvailable:    1452268 kB
Buffers:          107048 kB
Cached:          1185080 kB
MemTotal:        1844596 kB
MemFree:          171932 kB
MemAvailable:    1452156 kB
Buffers:          107048 kB
Cached:          1185080 kB
MemTotal:        1844596 kB
MemFree:          170624 kB
MemAvailable:    1450848 kB
Buffers:          107048 kB
Cached:          1185080 kB
MemTotal:        1844596 kB
MemFree:          171900 kB
MemAvailable:    1452124 kB
Buffers:          107048 kB
Cached:          1185080 kB
MemTotal:        1844596 kB
MemFree:          172156 kB
MemAvailable:    1452380 kB
Buffers:          107048 kB
Cached:          1185080 kB
MemTotal:        1844596 kB
MemFree:          170744 kB
MemAvailable:    1450968 kB
Buffers:          107048 kB
Cached:          1185080 kB
MemTotal:        1844596 kB
MemFree:          171848 kB
MemAvailable:    1452072 kB
Buffers:          107048 kB
Cached:          1185080 kB
MemTotal:        1844596 kB
MemFree:          172188 kB
MemAvailable:    1452412 kB
Buffers:          107048 kB
Cached:          1185080 kB
MemTotal:        1844596 kB
MemFree:          171800 kB
MemAvailable:    1452024 kB
Buffers:          107048 kB
Cached:          1185080 kB
MemTotal:        1844596 kB
MemFree:          171496 kB
MemAvailable:    1451720 kB
Buffers:          107048 kB
Cached:          1185080 kB
MemTotal:        1844596 kB
MemFree:          171056 kB
MemAvailable:    1451280 kB
Buffers:          107048 kB
Cached:          1185080 kB
MemTotal:        1844596 kB
MemFree:          171140 kB
MemAvailable:    1451364 kB
Buffers:          107048 kB
Cached:          1185080 kB
MemTotal:        1844596 kB
MemFree:          170248 kB
MemAvailable:    1450472 kB
Buffers:          107048 kB
Cached:          1185080 kB
MemTotal:        1844596 kB
MemFree:          170256 kB
MemAvailable:    1450480 kB
Buffers:          107048 kB
Cached:          1185080 kB
MemTotal:        1844596 kB
MemFree:          170124 kB
MemAvailable:    1450348 kB
Buffers:          107048 kB
Cached:          1185080 kB
MemTotal:        1844596 kB
MemFree:          168956 kB
MemAvailable:    1449180 kB
Buffers:          107048 kB
Cached:          1185080 kB
MemTotal:        1844596 kB
MemFree:          169304 kB
MemAvailable:    1449528 kB
Buffers:          107048 kB
Cached:          1185080 kB
MemTotal:        1844596 kB
MemFree:          168956 kB
MemAvailable:    1449180 kB
Buffers:          107048 kB
Cached:          1185080 kB
MemTotal:        1844596 kB
MemFree:          168768 kB
MemAvailable:    1448992 kB
Buffers:          107048 kB
Cached:          1185080 kB
MemTotal:        1844596 kB
MemFree:          167460 kB
MemAvailable:    1447684 kB
Buffers:          107048 kB
Cached:          1185080 kB
MemTotal:        1844596 kB
MemFree:          168520 kB
MemAvailable:    1448744 kB
Buffers:          107048 kB
Cached:          1185080 kB
MemTotal:        1844596 kB
MemFree:          167476 kB
MemAvailable:    1447700 kB
Buffers:          107048 kB
Cached:          1185080 kB
MemTotal:        1844596 kB
MemFree:          168072 kB
MemAvailable:    1448296 kB
Buffers:          107048 kB
Cached:          1185080 kB
MemTotal:        1844596 kB
MemFree:          167972 kB
MemAvailable:    1448196 kB
Buffers:          107048 kB
Cached:          1185080 kB
MemTotal:        1844596 kB
MemFree:          167760 kB
MemAvailable:    1447984 kB
Buffers:          107048 kB
Cached:          1185080 kB
MemTotal:        1844596 kB
MemFree:          167648 kB
MemAvailable:    1447956 kB
Buffers:          107048 kB
Cached:          1185080 kB
MemTotal:        1844596 kB
MemFree:          167792 kB
MemAvailable:    1448016 kB
Buffers:          107048 kB
Cached:          1185080 kB
MemTotal:        1844596 kB
MemFree:          166544 kB
MemAvailable:    1446768 kB
Buffers:          107048 kB
Cached:          1185080 kB
MemTotal:        1844596 kB
MemFree:          166712 kB
MemAvailable:    1446936 kB
Buffers:          107048 kB
Cached:          1185080 kB
MemTotal:        1844596 kB
MemFree:          166580 kB
MemAvailable:    1446804 kB
Buffers:          107048 kB
Cached:          1185080 kB
MemTotal:        1844596 kB
MemFree:          166580 kB
MemAvailable:    1446804 kB
Buffers:          107048 kB
Cached:          1185080 kB
MemTotal:        1844596 kB
MemFree:          166580 kB
MemAvailable:    1446804 kB
Buffers:          107048 kB
Cached:          1185080 kB
MemTotal:        1844596 kB
MemFree:          167624 kB
MemAvailable:    1447848 kB
Buffers:          107048 kB
Cached:          1185080 kB
MemTotal:        1844596 kB
MemFree:          167552 kB
MemAvailable:    1447776 kB
Buffers:          107048 kB
Cached:          1185080 kB
MemTotal:        1844596 kB
MemFree:          167804 kB
MemAvailable:    1448028 kB
Buffers:          107048 kB
Cached:          1185080 kB
MemTotal:        1844596 kB
MemFree:          166304 kB
MemAvailable:    1446528 kB
Buffers:          107048 kB
Cached:          1185080 kB
MemTotal:        1844596 kB
MemFree:          167544 kB
MemAvailable:    1447768 kB
Buffers:          107048 kB
Cached:          1185080 kB
MemTotal:        1844596 kB
MemFree:          166548 kB
MemAvailable:    1446772 kB
Buffers:          107048 kB
Cached:          1185080 kB
MemTotal:        1844596 kB
MemFree:          166336 kB
MemAvailable:    1446560 kB
Buffers:          107048 kB
Cached:          1185080 kB
MemTotal:        1844596 kB
MemFree:          167528 kB
MemAvailable:    1447752 kB
Buffers:          107048 kB
Cached:          1185080 kB
MemTotal:        1844596 kB
MemFree:          167800 kB
MemAvailable:    1448024 kB
Buffers:          107048 kB
Cached:          1185080 kB
MemTotal:        1844596 kB
MemFree:          167220 kB
MemAvailable:    1447444 kB
Buffers:          107048 kB
Cached:          1185080 kB
MemTotal:        1844596 kB
MemFree:          166340 kB
MemAvailable:    1446564 kB
Buffers:          107048 kB
Cached:          1185080 kB
MemTotal:        1844596 kB
MemFree:          166340 kB
MemAvailable:    1446564 kB
Buffers:          107048 kB
Cached:          1185080 kB
MemTotal:        1844596 kB
MemFree:          167532 kB
MemAvailable:    1447756 kB
Buffers:          107048 kB
Cached:          1185080 kB
MemTotal:        1844596 kB
MemFree:          167476 kB
MemAvailable:    1447700 kB
Buffers:          107048 kB
Cached:          1185080 kB
MemTotal:        1844596 kB
MemFree:          167584 kB
MemAvailable:    1447808 kB
Buffers:          107048 kB
Cached:          1185080 kB
MemTotal:        1844596 kB
MemFree:          167584 kB
MemAvailable:    1447808 kB
Buffers:          107048 kB
Cached:          1185080 kB
MemTotal:        1844596 kB
MemFree:          167544 kB
MemAvailable:    1447768 kB
Buffers:          107048 kB
Cached:          1185080 kB
MemTotal:        1844596 kB
MemFree:          166336 kB
MemAvailable:    1446572 kB
Buffers:          107048 kB
Cached:          1185092 kB
MemTotal:        1844596 kB
MemFree:          166420 kB
MemAvailable:    1446656 kB
Buffers:          107048 kB
Cached:          1185092 kB
MemTotal:        1844596 kB
MemFree:          166232 kB
MemAvailable:    1446468 kB
Buffers:          107048 kB
Cached:          1185092 kB
MemTotal:        1844596 kB
MemFree:          166040 kB
MemAvailable:    1446276 kB
Buffers:          107048 kB
Cached:          1185092 kB
MemTotal:        1844596 kB
MemFree:          164924 kB
MemAvailable:    1445160 kB
Buffers:          107048 kB
Cached:          1185092 kB
MemTotal:        1844596 kB
MemFree:          163068 kB
MemAvailable:    1443304 kB
Buffers:          107048 kB
Cached:          1185092 kB
MemTotal:        1844596 kB
MemFree:          160452 kB
MemAvailable:    1440688 kB
Buffers:          107048 kB
Cached:          1185092 kB
MemTotal:        1844596 kB
MemFree:          158600 kB
MemAvailable:    1438836 kB
Buffers:          107048 kB
Cached:          1185092 kB
MemTotal:        1844596 kB
MemFree:          155680 kB
MemAvailable:    1435916 kB
Buffers:          107048 kB
Cached:          1185092 kB
MemTotal:        1844596 kB
MemFree:          152448 kB
MemAvailable:    1432684 kB
Buffers:          107048 kB
Cached:          1185092 kB
MemTotal:        1844596 kB
MemFree:          151968 kB
MemAvailable:    1432204 kB
Buffers:          107048 kB
Cached:          1185092 kB
MemTotal:        1844596 kB
MemFree:          148372 kB
MemAvailable:    1428608 kB
Buffers:          107048 kB
Cached:          1185092 kB
MemTotal:        1844596 kB
MemFree:          148248 kB
MemAvailable:    1428484 kB
Buffers:          107048 kB
Cached:          1185092 kB
MemTotal:        1844596 kB
MemFree:          148496 kB
MemAvailable:    1428732 kB
Buffers:          107048 kB
Cached:          1185092 kB
MemTotal:        1844596 kB
MemFree:          148124 kB
MemAvailable:    1428360 kB
Buffers:          107048 kB
Cached:          1185092 kB
MemTotal:        1844596 kB
MemFree:          148372 kB
MemAvailable:    1428608 kB
Buffers:          107048 kB
Cached:          1185092 kB
MemTotal:        1844596 kB
MemFree:          148124 kB
MemAvailable:    1428360 kB
Buffers:          107048 kB
Cached:          1185092 kB
MemTotal:        1844596 kB
MemFree:          149348 kB
MemAvailable:    1429584 kB
Buffers:          107048 kB
Cached:          1185092 kB
MemTotal:        1844596 kB
MemFree:          148976 kB
MemAvailable:    1429212 kB
Buffers:          107048 kB
Cached:          1185092 kB
MemTotal:        1844596 kB
MemFree:          149060 kB
MemAvailable:    1429296 kB
Buffers:          107048 kB
Cached:          1185092 kB
MemTotal:        1844596 kB
MemFree:          148872 kB
MemAvailable:    1429108 kB
Buffers:          107048 kB
Cached:          1185092 kB
MemTotal:        1844596 kB
MemFree:          149000 kB
MemAvailable:    1429236 kB
Buffers:          107048 kB
Cached:          1185092 kB
MemTotal:        1844596 kB
MemFree:          148256 kB
MemAvailable:    1428492 kB
Buffers:          107048 kB
Cached:          1185092 kB
MemTotal:        1844596 kB
MemFree:          148232 kB
MemAvailable:    1428468 kB
Buffers:          107048 kB
Cached:          1185092 kB
MemTotal:        1844596 kB
MemFree:          148568 kB
MemAvailable:    1428804 kB
Buffers:          107048 kB
Cached:          1185092 kB
MemTotal:        1844596 kB
MemFree:          148100 kB
MemAvailable:    1428336 kB
Buffers:          107048 kB
Cached:          1185092 kB
MemTotal:        1844596 kB
MemFree:          147876 kB
MemAvailable:    1428112 kB
Buffers:          107048 kB
Cached:          1185092 kB
MemTotal:        1844596 kB
MemFree:          148112 kB
MemAvailable:    1428348 kB
Buffers:          107048 kB
Cached:          1185092 kB
MemTotal:        1844596 kB
MemFree:          147860 kB
MemAvailable:    1428096 kB
Buffers:          107048 kB
Cached:          1185092 kB
MemTotal:        1844596 kB
MemFree:          148196 kB
MemAvailable:    1428432 kB
Buffers:          107048 kB
Cached:          1185092 kB
MemTotal:        1844596 kB
MemFree:          146872 kB
MemAvailable:    1427108 kB
Buffers:          107048 kB
Cached:          1185092 kB
MemTotal:        1844596 kB
MemFree:          147808 kB
MemAvailable:    1428044 kB
Buffers:          107048 kB
Cached:          1185092 kB
MemTotal:        1844596 kB
MemFree:          146480 kB
MemAvailable:    1426716 kB
Buffers:          107048 kB
Cached:          1185092 kB
MemTotal:        1844596 kB
MemFree:          147860 kB
MemAvailable:    1428096 kB
Buffers:          107048 kB
Cached:          1185092 kB
MemTotal:        1844596 kB
MemFree:          148196 kB
MemAvailable:    1428432 kB
Buffers:          107048 kB
Cached:          1185092 kB
MemTotal:        1844596 kB
MemFree:          148112 kB
MemAvailable:    1428348 kB
Buffers:          107048 kB
Cached:          1185092 kB
MemTotal:        1844596 kB
MemFree:          146864 kB
MemAvailable:    1427100 kB
Buffers:          107048 kB
Cached:          1185092 kB
MemTotal:        1844596 kB
MemFree:          147992 kB
MemAvailable:    1428228 kB
Buffers:          107048 kB
Cached:          1185092 kB
MemTotal:        1844596 kB
MemFree:          148244 kB
MemAvailable:    1428480 kB
Buffers:          107048 kB
Cached:          1185092 kB
MemTotal:        1844596 kB
MemFree:          146628 kB
MemAvailable:    1426864 kB
Buffers:          107048 kB
Cached:          1185092 kB
MemTotal:        1844596 kB
MemFree:          146960 kB
MemAvailable:    1427196 kB
Buffers:          107048 kB
Cached:          1185092 kB
MemTotal:        1844596 kB
MemFree:          148116 kB
MemAvailable:    1428352 kB
Buffers:          107048 kB
Cached:          1185092 kB
MemTotal:        1844596 kB
MemFree:          148200 kB
MemAvailable:    1428436 kB
Buffers:          107048 kB
Cached:          1185092 kB
MemTotal:        1844596 kB
MemFree:          147812 kB
MemAvailable:    1428048 kB
Buffers:          107048 kB
Cached:          1185092 kB
MemTotal:        1844596 kB
MemFree:          148148 kB
MemAvailable:    1428384 kB
Buffers:          107048 kB
Cached:          1185092 kB
MemTotal:        1844596 kB
MemFree:          144900 kB
MemAvailable:    1425136 kB
Buffers:          107048 kB
Cached:          1185092 kB
MemTotal:        1844596 kB
MemFree:          141288 kB
MemAvailable:    1421524 kB
Buffers:          107048 kB
Cached:          1185092 kB
MemTotal:        1844596 kB
MemFree:          141288 kB
MemAvailable:    1421524 kB
Buffers:          107048 kB
Cached:          1185092 kB
MemTotal:        1844596 kB
MemFree:          136716 kB
MemAvailable:    1416952 kB
Buffers:          107048 kB
Cached:          1185092 kB
MemTotal:        1844596 kB
MemFree:          134484 kB
MemAvailable:    1414720 kB
Buffers:          107048 kB
Cached:          1185092 kB
MemTotal:        1844596 kB
MemFree:          131072 kB
MemAvailable:    1411308 kB
Buffers:          107048 kB
Cached:          1185092 kB
MemTotal:        1844596 kB
MemFree:          129764 kB
MemAvailable:    1410000 kB
Buffers:          107048 kB
Cached:          1185092 kB
MemTotal:        1844596 kB
MemFree:          130016 kB
MemAvailable:    1410252 kB
Buffers:          107048 kB
Cached:          1185092 kB
MemTotal:        1844596 kB
MemFree:          128392 kB
MemAvailable:    1408628 kB
Buffers:          107048 kB
Cached:          1185092 kB
MemTotal:        1844596 kB
MemFree:          128608 kB
MemAvailable:    1408844 kB
Buffers:          107048 kB
Cached:          1185092 kB
MemTotal:        1844596 kB
MemFree:          129840 kB
MemAvailable:    1410076 kB
Buffers:          107048 kB
Cached:          1185092 kB
MemTotal:        1844596 kB
MemFree:          129760 kB
MemAvailable:    1409996 kB
Buffers:          107048 kB
Cached:          1185092 kB
MemTotal:        1844596 kB
MemFree:          129020 kB
MemAvailable:    1409256 kB
Buffers:          107048 kB
Cached:          1185092 kB
MemTotal:        1844596 kB
MemFree:          130012 kB
MemAvailable:    1410248 kB
Buffers:          107048 kB
Cached:          1185092 kB
MemTotal:        1844596 kB
MemFree:          130348 kB
MemAvailable:    1410584 kB
Buffers:          107048 kB
Cached:          1185092 kB
MemTotal:        1844596 kB
MemFree:          128888 kB
MemAvailable:    1409124 kB
Buffers:          107048 kB
Cached:          1185092 kB
MemTotal:        1844596 kB
MemFree:          128896 kB
MemAvailable:    1409132 kB
Buffers:          107048 kB
Cached:          1185092 kB
MemTotal:        1844596 kB
MemFree:          129880 kB
MemAvailable:    1410116 kB
Buffers:          107048 kB
Cached:          1185092 kB
MemTotal:        1844596 kB
MemFree:          128912 kB
MemAvailable:    1409148 kB
Buffers:          107048 kB
Cached:          1185092 kB
MemTotal:        1844596 kB
MemFree:          129756 kB
MemAvailable:    1409992 kB
Buffers:          107048 kB
Cached:          1185092 kB
MemTotal:        1844596 kB
MemFree:          130092 kB
MemAvailable:    1410328 kB
Buffers:          107048 kB
Cached:          1185092 kB
MemTotal:        1844596 kB
MemFree:          129632 kB
MemAvailable:    1409868 kB
Buffers:          107048 kB
Cached:          1185092 kB
MemTotal:        1844596 kB
MemFree:          129884 kB
MemAvailable:    1410120 kB
Buffers:          107048 kB
Cached:          1185092 kB
MemTotal:        1844596 kB
MemFree:          128780 kB
MemAvailable:    1409016 kB
Buffers:          107048 kB
Cached:          1185092 kB
MemTotal:        1844596 kB
MemFree:          129704 kB
MemAvailable:    1409940 kB
Buffers:          107048 kB
Cached:          1185092 kB
MemTotal:        1844596 kB
MemFree:          129704 kB
MemAvailable:    1409940 kB
Buffers:          107048 kB
Cached:          1185092 kB
MemTotal:        1844596 kB
MemFree:          129716 kB
MemAvailable:    1409952 kB
Buffers:          107048 kB
Cached:          1185092 kB
MemTotal:        1844596 kB
MemFree:          128468 kB
MemAvailable:    1408704 kB
Buffers:          107048 kB
Cached:          1185092 kB
MemTotal:        1844596 kB
MemFree:          129696 kB
MemAvailable:    1409932 kB
Buffers:          107048 kB
Cached:          1185092 kB
MemTotal:        1844596 kB
MemFree:          129772 kB
MemAvailable:    1410008 kB
Buffers:          107048 kB
Cached:          1185092 kB
MemTotal:        1844596 kB
MemFree:          128352 kB
MemAvailable:    1408596 kB
Buffers:          107048 kB
Cached:          1185100 kB
MemTotal:        1844596 kB
MemFree:          128468 kB
MemAvailable:    1408712 kB
Buffers:          107048 kB
Cached:          1185100 kB
MemTotal:        1844596 kB
MemFree:          128780 kB
MemAvailable:    1409024 kB
Buffers:          107048 kB
Cached:          1185100 kB
MemTotal:        1844596 kB
MemFree:          128780 kB
MemAvailable:    1409024 kB
Buffers:          107048 kB
Cached:          1185100 kB
MemTotal:        1844596 kB
MemFree:          128524 kB
MemAvailable:    1408768 kB
Buffers:          107048 kB
Cached:          1185100 kB
MemTotal:        1844596 kB
MemFree:          129624 kB
MemAvailable:    1409868 kB
Buffers:          107048 kB
Cached:          1185100 kB
MemTotal:        1844596 kB
MemFree:          129708 kB
MemAvailable:    1409952 kB
Buffers:          107048 kB
Cached:          1185100 kB
MemTotal:        1844596 kB
MemFree:          129632 kB
MemAvailable:    1409876 kB
Buffers:          107048 kB
Cached:          1185100 kB
MemTotal:        1844596 kB
MemFree:          129968 kB
MemAvailable:    1410212 kB
Buffers:          107048 kB
Cached:          1185100 kB
MemTotal:        1844596 kB
MemFree:          128472 kB
MemAvailable:    1408716 kB
Buffers:          107048 kB
Cached:          1185100 kB
MemTotal:        1844596 kB
MemFree:          129656 kB
MemAvailable:    1409900 kB
Buffers:          107048 kB
Cached:          1185100 kB
MemTotal:        1844596 kB
MemFree:          128348 kB
MemAvailable:    1408592 kB
Buffers:          107048 kB
Cached:          1185100 kB
MemTotal:        1844596 kB
MemFree:          127600 kB
MemAvailable:    1407844 kB
Buffers:          107048 kB
Cached:          1185100 kB
MemTotal:        1844596 kB
MemFree:          125556 kB
MemAvailable:    1405800 kB
Buffers:          107048 kB
Cached:          1185100 kB
MemTotal:        1844596 kB
MemFree:          122580 kB
MemAvailable:    1402824 kB
Buffers:          107048 kB
Cached:          1185100 kB
MemTotal:        1844596 kB
MemFree:          117232 kB
MemAvailable:    1397476 kB
Buffers:          107048 kB
Cached:          1185100 kB
MemTotal:        1844596 kB
MemFree:          117232 kB
MemAvailable:    1397476 kB
Buffers:          107048 kB
Cached:          1185100 kB
MemTotal:        1844596 kB
MemFree:          112652 kB
MemAvailable:    1392896 kB
Buffers:          107048 kB
Cached:          1185100 kB
MemTotal:        1844596 kB
MemFree:          112988 kB
MemAvailable:    1393232 kB
Buffers:          107048 kB
Cached:          1185100 kB
MemTotal:        1844596 kB
MemFree:          112652 kB
MemAvailable:    1392896 kB
Buffers:          107048 kB
Cached:          1185100 kB
MemTotal:        1844596 kB
MemFree:          112024 kB
MemAvailable:    1392268 kB
Buffers:          107048 kB
Cached:          1185100 kB
MemTotal:        1844596 kB
MemFree:          112024 kB
MemAvailable:    1392268 kB
Buffers:          107048 kB
Cached:          1185100 kB
MemTotal:        1844596 kB
MemFree:          111232 kB
MemAvailable:    1391476 kB
Buffers:          107048 kB
Cached:          1185100 kB
MemTotal:        1844596 kB
MemFree:          110800 kB
MemAvailable:    1391044 kB
Buffers:          107048 kB
Cached:          1185100 kB
MemTotal:        1844596 kB
MemFree:          111240 kB
MemAvailable:    1391484 kB
Buffers:          107048 kB
Cached:          1185100 kB
MemTotal:        1844596 kB
MemFree:          109992 kB
MemAvailable:    1390236 kB
Buffers:          107048 kB
Cached:          1185100 kB
MemTotal:        1844596 kB
MemFree:          110248 kB
MemAvailable:    1390492 kB
Buffers:          107048 kB
Cached:          1185100 kB
MemTotal:        1844596 kB
MemFree:          111232 kB
MemAvailable:    1391476 kB
Buffers:          107048 kB
Cached:          1185100 kB
MemTotal:        1844596 kB
MemFree:          110056 kB
MemAvailable:    1390300 kB
Buffers:          107048 kB
Cached:          1185100 kB
MemTotal:        1844596 kB
MemFree:          110840 kB
MemAvailable:    1391084 kB
Buffers:          107048 kB
Cached:          1185100 kB
MemTotal:        1844596 kB
MemFree:          110188 kB
MemAvailable:    1390432 kB
Buffers:          107048 kB
Cached:          1185100 kB
MemTotal:        1844596 kB
MemFree:          110612 kB
MemAvailable:    1390856 kB
Buffers:          107048 kB
Cached:          1185100 kB
MemTotal:        1844596 kB
MemFree:          110864 kB
MemAvailable:    1391108 kB
Buffers:          107048 kB
Cached:          1185100 kB
MemTotal:        1844596 kB
MemFree:          109188 kB
MemAvailable:    1389432 kB
Buffers:          107048 kB
Cached:          1185100 kB
MemTotal:        1844596 kB
MemFree:          109924 kB
MemAvailable:    1390168 kB
Buffers:          107048 kB
Cached:          1185100 kB
MemTotal:        1844596 kB
MemFree:          109924 kB
MemAvailable:    1390168 kB
Buffers:          107048 kB
Cached:          1185100 kB
MemTotal:        1844596 kB
MemFree:          109116 kB
MemAvailable:    1389360 kB
Buffers:          107048 kB
Cached:          1185100 kB
MemTotal:        1844596 kB
MemFree:          107576 kB
MemAvailable:    1387820 kB
Buffers:          107048 kB
Cached:          1185100 kB
MemTotal:        1844596 kB
MemFree:          107204 kB
MemAvailable:    1387448 kB
Buffers:          107048 kB
Cached:          1185100 kB
MemTotal:        1844596 kB
MemFree:          107080 kB
MemAvailable:    1387324 kB
Buffers:          107048 kB
Cached:          1185100 kB
MemTotal:        1844596 kB
MemFree:          106824 kB
MemAvailable:    1387068 kB
Buffers:          107048 kB
Cached:          1185100 kB
MemTotal:        1844596 kB
MemFree:          105324 kB
MemAvailable:    1385568 kB
Buffers:          107048 kB
Cached:          1185100 kB
MemTotal:        1844596 kB
MemFree:          105096 kB
MemAvailable:    1385340 kB
Buffers:          107048 kB
Cached:          1185100 kB
MemTotal:        1844596 kB
MemFree:          105080 kB
MemAvailable:    1385324 kB
Buffers:          107048 kB
Cached:          1185100 kB
MemTotal:        1844596 kB
MemFree:          104436 kB
MemAvailable:    1384680 kB
Buffers:          107048 kB
Cached:          1185100 kB
MemTotal:        1844596 kB
MemFree:          105336 kB
MemAvailable:    1385580 kB
Buffers:          107048 kB
Cached:          1185100 kB
MemTotal:        1844596 kB
MemFree:          104352 kB
MemAvailable:    1384596 kB
Buffers:          107048 kB
Cached:          1185100 kB
MemTotal:        1844596 kB
MemFree:          105124 kB
MemAvailable:    1385376 kB
Buffers:          107048 kB
Cached:          1185108 kB
MemTotal:        1844596 kB
MemFree:          105468 kB
MemAvailable:    1385720 kB
Buffers:          107048 kB
Cached:          1185108 kB
MemTotal:        1844596 kB
MemFree:          105268 kB
MemAvailable:    1385520 kB
Buffers:          107048 kB
Cached:          1185108 kB
MemTotal:        1844596 kB
MemFree:          105020 kB
MemAvailable:    1385272 kB
Buffers:          107048 kB
Cached:          1185108 kB
MemTotal:        1844596 kB
MemFree:          105356 kB
MemAvailable:    1385608 kB
Buffers:          107048 kB
Cached:          1185108 kB
MemTotal:        1844596 kB
MemFree:          103724 kB
MemAvailable:    1383976 kB
Buffers:          107048 kB
Cached:          1185108 kB
MemTotal:        1844596 kB
MemFree:          103104 kB
MemAvailable:    1383356 kB
Buffers:          107048 kB
Cached:          1185108 kB
MemTotal:        1844596 kB
MemFree:          103724 kB
MemAvailable:    1383976 kB
Buffers:          107048 kB
Cached:          1185108 kB
MemTotal:        1844596 kB
MemFree:          103724 kB
MemAvailable:    1383976 kB
Buffers:          107048 kB
Cached:          1185108 kB
MemTotal:        1844596 kB
MemFree:          103528 kB
MemAvailable:    1383780 kB
Buffers:          107048 kB
Cached:          1185108 kB
MemTotal:        1844596 kB
MemFree:          102492 kB
MemAvailable:    1382744 kB
Buffers:          107048 kB
Cached:          1185108 kB
MemTotal:        1844596 kB
MemFree:          102484 kB
MemAvailable:    1382736 kB
Buffers:          107048 kB
Cached:          1185108 kB
MemTotal:        1844596 kB
MemFree:          102360 kB
MemAvailable:    1382612 kB
Buffers:          107048 kB
Cached:          1185108 kB
MemTotal:        1844596 kB
MemFree:          103600 kB
MemAvailable:    1383852 kB
Buffers:          107048 kB
Cached:          1185108 kB
MemTotal:        1844596 kB
MemFree:          102864 kB
MemAvailable:    1383116 kB
Buffers:          107048 kB
Cached:          1185108 kB
MemTotal:        1844596 kB
MemFree:          103608 kB
MemAvailable:    1383860 kB
Buffers:          107048 kB
Cached:          1185108 kB
MemTotal:        1844596 kB
MemFree:          102308 kB
MemAvailable:    1382560 kB
Buffers:          107048 kB
Cached:          1185108 kB
MemTotal:        1844596 kB
MemFree:          102556 kB
MemAvailable:    1382808 kB
Buffers:          107048 kB
Cached:          1185108 kB
MemTotal:        1844596 kB
MemFree:          103628 kB
MemAvailable:    1383880 kB
Buffers:          107048 kB
Cached:          1185108 kB
MemTotal:        1844596 kB
MemFree:          102740 kB
MemAvailable:    1382992 kB
Buffers:          107048 kB
Cached:          1185108 kB
MemTotal:        1844596 kB
MemFree:          103692 kB
MemAvailable:    1383944 kB
Buffers:          107048 kB
Cached:          1185108 kB
MemTotal:        1844596 kB
MemFree:          103672 kB
MemAvailable:    1383924 kB
Buffers:          107048 kB
Cached:          1185108 kB
MemTotal:        1844596 kB
MemFree:          103592 kB
MemAvailable:    1383844 kB
Buffers:          107048 kB
Cached:          1185108 kB
MemTotal:        1844596 kB
MemFree:          103544 kB
MemAvailable:    1383796 kB
Buffers:          107048 kB
Cached:          1185108 kB
MemTotal:        1844596 kB
MemFree:          102864 kB
MemAvailable:    1383116 kB
Buffers:          107048 kB
Cached:          1185108 kB
MemTotal:        1844596 kB
MemFree:          102180 kB
MemAvailable:    1382432 kB
Buffers:          107048 kB
Cached:          1185108 kB
MemTotal:        1844596 kB
MemFree:          102100 kB
MemAvailable:    1382352 kB
Buffers:          107048 kB
Cached:          1185108 kB
MemTotal:        1844596 kB
MemFree:          103796 kB
MemAvailable:    1384048 kB
Buffers:          107048 kB
Cached:          1185108 kB
MemTotal:        1844596 kB
MemFree:          103344 kB
MemAvailable:    1383600 kB
Buffers:          107048 kB
Cached:          1185112 kB
MemTotal:        1844596 kB
MemFree:          103680 kB
MemAvailable:    1383936 kB
Buffers:          107048 kB
Cached:          1185112 kB
MemTotal:        1844596 kB
MemFree:          103484 kB
MemAvailable:    1383740 kB
Buffers:          107048 kB
Cached:          1185112 kB
MemTotal:        1844596 kB
MemFree:          103428 kB
MemAvailable:    1383684 kB
Buffers:          107048 kB
Cached:          1185112 kB
MemTotal:        1844596 kB
MemFree:          103684 kB
MemAvailable:    1383940 kB
Buffers:          107048 kB
Cached:          1185112 kB
MemTotal:        1844596 kB
MemFree:          102224 kB
MemAvailable:    1382480 kB
Buffers:          107048 kB
Cached:          1185112 kB
MemTotal:        1844596 kB
MemFree:          102480 kB
MemAvailable:    1382736 kB
Buffers:          107048 kB
Cached:          1185112 kB
MemTotal:        1844596 kB
MemFree:          103284 kB
MemAvailable:    1383540 kB
Buffers:          107048 kB
Cached:          1185112 kB
MemTotal:        1844596 kB
MemFree:          103536 kB
MemAvailable:    1383792 kB
Buffers:          107048 kB
Cached:          1185112 kB
MemTotal:        1844596 kB
MemFree:          102368 kB
MemAvailable:    1382624 kB
Buffers:          107048 kB
Cached:          1185112 kB
MemTotal:        1844596 kB
MemFree:          102864 kB
MemAvailable:    1383120 kB
Buffers:          107048 kB
Cached:          1185112 kB
MemTotal:        1844596 kB
MemFree:          103580 kB
MemAvailable:    1383836 kB
Buffers:          107048 kB
Cached:          1185112 kB
MemTotal:        1844596 kB
MemFree:          102328 kB
MemAvailable:    1382584 kB
Buffers:          107048 kB
Cached:          1185112 kB
MemTotal:        1844596 kB
MemFree:          102328 kB
MemAvailable:    1382584 kB
Buffers:          107048 kB
Cached:          1185112 kB
MemTotal:        1844596 kB
MemFree:          103624 kB
MemAvailable:    1383880 kB
Buffers:          107048 kB
Cached:          1185112 kB
MemTotal:        1844596 kB
MemFree:          102872 kB
MemAvailable:    1383128 kB
Buffers:          107048 kB
Cached:          1185112 kB
MemTotal:        1844596 kB
MemFree:          103856 kB
MemAvailable:    1384112 kB
Buffers:          107048 kB
Cached:          1185112 kB
MemTotal:        1844596 kB
MemFree:          103660 kB
MemAvailable:    1383916 kB
Buffers:          107048 kB
Cached:          1185112 kB
MemTotal:        1844596 kB
MemFree:          102304 kB
MemAvailable:    1382560 kB
Buffers:          107048 kB
Cached:          1185112 kB
MemTotal:        1844596 kB
MemFree:          103544 kB
MemAvailable:    1383800 kB
Buffers:          107048 kB
Cached:          1185112 kB
MemTotal:        1844596 kB
MemFree:          103672 kB
MemAvailable:    1383928 kB
Buffers:          107048 kB
Cached:          1185112 kB
MemTotal:        1844596 kB
MemFree:          102740 kB
MemAvailable:    1382996 kB
Buffers:          107048 kB
Cached:          1185112 kB
MemTotal:        1844596 kB
MemFree:          103360 kB
MemAvailable:    1383620 kB
Buffers:          107048 kB
Cached:          1185116 kB
MemTotal:        1844596 kB
MemFree:          101128 kB
MemAvailable:    1381388 kB
Buffers:          107048 kB
Cached:          1185116 kB
MemTotal:        1844596 kB
MemFree:           97896 kB
MemAvailable:    1378156 kB
Buffers:          107048 kB
Cached:          1185116 kB
MemTotal:        1844596 kB
MemFree:           97664 kB
MemAvailable:    1377924 kB
Buffers:          107048 kB
Cached:          1185116 kB
MemTotal:        1844596 kB
MemFree:           94184 kB
MemAvailable:    1374444 kB
Buffers:          107048 kB
Cached:          1185116 kB
MemTotal:        1844596 kB
MemFree:           91332 kB
MemAvailable:    1371592 kB
Buffers:          107048 kB
Cached:          1185116 kB
MemTotal:        1844596 kB
MemFree:           89224 kB
MemAvailable:    1369484 kB
Buffers:          107048 kB
Cached:          1185116 kB
MemTotal:        1844596 kB
MemFree:           85688 kB
MemAvailable:    1365948 kB
Buffers:          107048 kB
Cached:          1185116 kB
MemTotal:        1844596 kB
MemFree:           83520 kB
MemAvailable:    1363780 kB
Buffers:          107048 kB
Cached:          1185116 kB
MemTotal:        1844596 kB
MemFree:           83148 kB
MemAvailable:    1363408 kB
Buffers:          107048 kB
Cached:          1185116 kB
MemTotal:        1844596 kB
MemFree:           84424 kB
MemAvailable:    1364684 kB
Buffers:          107048 kB
Cached:          1185116 kB
MemTotal:        1844596 kB
MemFree:           83272 kB
MemAvailable:    1363532 kB
Buffers:          107048 kB
Cached:          1185116 kB
MemTotal:        1844596 kB
MemFree:           84324 kB
MemAvailable:    1364584 kB
Buffers:          107048 kB
Cached:          1185116 kB
MemTotal:        1844596 kB
MemFree:           84248 kB
MemAvailable:    1364508 kB
Buffers:          107048 kB
Cached:          1185116 kB
MemTotal:        1844596 kB
MemFree:           84216 kB
MemAvailable:    1364476 kB
Buffers:          107048 kB
Cached:          1185116 kB
MemTotal:        1844596 kB
MemFree:           84080 kB
MemAvailable:    1364340 kB
Buffers:          107048 kB
Cached:          1185116 kB
MemTotal:        1844596 kB
MemFree:           84332 kB
MemAvailable:    1364592 kB
Buffers:          107048 kB
Cached:          1185116 kB
MemTotal:        1844596 kB
MemFree:           84000 kB
MemAvailable:    1364260 kB
Buffers:          107048 kB
Cached:          1185116 kB
MemTotal:        1844596 kB
MemFree:           84016 kB
MemAvailable:    1364276 kB
Buffers:          107048 kB
Cached:          1185116 kB
MemTotal:        1844596 kB
MemFree:           84188 kB
MemAvailable:    1364448 kB
Buffers:          107048 kB
Cached:          1185116 kB
MemTotal:        1844596 kB
MemFree:           83984 kB
MemAvailable:    1364244 kB
Buffers:          107048 kB
Cached:          1185116 kB
MemTotal:        1844596 kB
MemFree:           83984 kB
MemAvailable:    1364244 kB
Buffers:          107048 kB
Cached:          1185116 kB
MemTotal:        1844596 kB
MemFree:           82844 kB
MemAvailable:    1363104 kB
Buffers:          107048 kB
Cached:          1185116 kB
MemTotal:        1844596 kB
MemFree:           84272 kB
MemAvailable:    1364532 kB
Buffers:          107048 kB
Cached:          1185116 kB
MemTotal:        1844596 kB
MemFree:           82704 kB
MemAvailable:    1362964 kB
Buffers:          107048 kB
Cached:          1185116 kB
MemTotal:        1844596 kB
MemFree:           82580 kB
MemAvailable:    1362840 kB
Buffers:          107048 kB
Cached:          1185116 kB
MemTotal:        1844596 kB
MemFree:           83556 kB
MemAvailable:    1363816 kB
Buffers:          107048 kB
Cached:          1185116 kB
MemTotal:        1844596 kB
MemFree:           83892 kB
MemAvailable:    1364152 kB
Buffers:          107048 kB
Cached:          1185116 kB
MemTotal:        1844596 kB
MemFree:           83808 kB
MemAvailable:    1364068 kB
Buffers:          107048 kB
Cached:          1185116 kB
MemTotal:        1844596 kB
MemFree:           82632 kB
MemAvailable:    1362892 kB
Buffers:          107048 kB
Cached:          1185116 kB
MemTotal:        1844596 kB
MemFree:           83484 kB
MemAvailable:    1363744 kB
Buffers:          107048 kB
Cached:          1185116 kB
MemTotal:        1844596 kB
MemFree:           83736 kB
MemAvailable:    1363996 kB
Buffers:          107048 kB
Cached:          1185116 kB
MemTotal:        1844596 kB
MemFree:           83448 kB
MemAvailable:    1363708 kB
Buffers:          107048 kB
Cached:          1185116 kB
MemTotal:        1844596 kB
MemFree:           83484 kB
MemAvailable:    1363744 kB
Buffers:          107048 kB
Cached:          1185116 kB
MemTotal:        1844596 kB
MemFree:           83084 kB
MemAvailable:    1363344 kB
Buffers:          107048 kB
Cached:          1185116 kB
MemTotal:        1844596 kB
MemFree:           77568 kB
MemAvailable:    1357828 kB
Buffers:          107048 kB
Cached:          1185116 kB
MemTotal:        1844596 kB
MemFree:           71492 kB
MemAvailable:    1351752 kB
Buffers:          107048 kB
Cached:          1185116 kB
MemTotal:        1844596 kB
MemFree:           73096 kB
MemAvailable:    1353356 kB
Buffers:          107048 kB
Cached:          1185116 kB
MemTotal:        1844596 kB
MemFree:           73832 kB
MemAvailable:    1354092 kB
Buffers:          107048 kB
Cached:          1185116 kB
MemTotal:        1844596 kB
MemFree:           73360 kB
MemAvailable:    1353620 kB
Buffers:          107048 kB
Cached:          1185116 kB
MemTotal:        1844596 kB
MemFree:           72428 kB
MemAvailable:    1352688 kB
Buffers:          107048 kB
Cached:          1185116 kB
MemTotal:        1844596 kB
MemFree:           72468 kB
MemAvailable:    1352728 kB
Buffers:          107048 kB
Cached:          1185116 kB
MemTotal:        1844596 kB
MemFree:           71988 kB
MemAvailable:    1352248 kB
Buffers:          107048 kB
Cached:          1185116 kB
MemTotal:        1844596 kB
MemFree:           72472 kB
MemAvailable:    1352732 kB
Buffers:          107048 kB
Cached:          1185116 kB
MemTotal:        1844596 kB
MemFree:           71060 kB
MemAvailable:    1351320 kB
Buffers:          107048 kB
Cached:          1185116 kB
MemTotal:        1844596 kB
MemFree:           71088 kB
MemAvailable:    1351348 kB
Buffers:          107048 kB
Cached:          1185116 kB
MemTotal:        1844596 kB
MemFree:           72112 kB
MemAvailable:    1352372 kB
Buffers:          107048 kB
Cached:          1185240 kB
MemTotal:        1844596 kB
MemFree:           70740 kB
MemAvailable:    1351168 kB
Buffers:          107048 kB
Cached:          1185240 kB
MemTotal:        1844596 kB
MemFree:           70624 kB
MemAvailable:    1351136 kB
Buffers:          107048 kB
Cached:          1185364 kB
MemTotal:        1844596 kB
MemFree:           71344 kB
MemAvailable:    1352024 kB
Buffers:          107048 kB
Cached:          1185612 kB
MemTotal:        1844596 kB
MemFree:           71344 kB
MemAvailable:    1352024 kB
Buffers:          107048 kB
Cached:          1185612 kB
MemTotal:        1844596 kB
MemFree:           71368 kB
MemAvailable:    1352132 kB
Buffers:          107048 kB
Cached:          1185736 kB
MemTotal:        1844596 kB
MemFree:           71304 kB
MemAvailable:    1352068 kB
Buffers:          107048 kB
Cached:          1185736 kB
MemTotal:        1844596 kB
MemFree:           71556 kB
MemAvailable:    1352404 kB
Buffers:          107048 kB
Cached:          1185736 kB
MemTotal:        1844596 kB
MemFree:           69872 kB
MemAvailable:    1350808 kB
Buffers:          107048 kB
Cached:          1185792 kB
MemTotal:        1844596 kB
MemFree:           70988 kB
MemAvailable:    1351924 kB
Buffers:          107048 kB
Cached:          1185792 kB
MemTotal:        1844596 kB
MemFree:           70844 kB
MemAvailable:    1351780 kB
Buffers:          107048 kB
Cached:          1185792 kB
MemTotal:        1844596 kB
MemFree:           70928 kB
MemAvailable:    1351864 kB
Buffers:          107048 kB
Cached:          1185792 kB
MemTotal:        1844596 kB
MemFree:           69632 kB
MemAvailable:    1350568 kB
Buffers:          107048 kB
Cached:          1185792 kB
MemTotal:        1844596 kB
MemFree:           70260 kB
MemAvailable:    1351196 kB
Buffers:          107048 kB
Cached:          1185792 kB
MemTotal:        1844596 kB
MemFree:           70940 kB
MemAvailable:    1352048 kB
Buffers:          107048 kB
Cached:          1185920 kB
MemTotal:        1844596 kB
MemFree:           70484 kB
MemAvailable:    1350836 kB
Buffers:          107048 kB
Cached:          1185204 kB
MemTotal:        1844596 kB
MemFree:           71660 kB
MemAvailable:    1352012 kB
Buffers:          107048 kB
Cached:          1185204 kB
MemTotal:        1844596 kB
MemFree:          211620 kB
MemAvailable:    1492056 kB
Buffers:          107048 kB
Cached:          1185204 kB
MemTotal:        1844596 kB
MemFree:          265096 kB
MemAvailable:    1545448 kB
Buffers:          107048 kB
Cached:          1185204 kB
