MemTotal:        1844596 kB
MemFree:          335484 kB
MemAvailable:    1546516 kB
Buffers:           91120 kB
Cached:          1150080 kB
MemTotal:        1844596 kB
MemFree:          308188 kB
MemAvailable:    1519224 kB
Buffers:           91120 kB
Cached:          1150084 kB
MemTotal:        1844596 kB
MemFree:          307124 kB
MemAvailable:    1518160 kB
Buffers:           91120 kB
Cached:          1150084 kB
MemTotal:        1844596 kB
MemFree:          304716 kB
MemAvailable:    1515752 kB
Buffers:           91120 kB
Cached:          1150084 kB
MemTotal:        1844596 kB
MemFree:          303584 kB
MemAvailable:    1514620 kB
Buffers:           91120 kB
Cached:          1150084 kB
MemTotal:        1844596 kB
MemFree:          302800 kB
MemAvailable:    1513836 kB
Buffers:           91120 kB
Cached:          1150084 kB
MemTotal:        1844596 kB
MemFree:          303476 kB
MemAvailable:    1514512 kB
Buffers:           91120 kB
Cached:          1150084 kB
MemTotal:        1844596 kB
MemFree:          301244 kB
MemAvailable:    1512280 kB
Buffers:           91120 kB
Cached:          1150084 kB
MemTotal:        1844596 kB
MemFree:          298948 kB
MemAvailable:    1509984 kB
Buffers:           91120 kB
Cached:          1150084 kB
MemTotal:        1844596 kB
MemFree:          296020 kB
MemAvailable:    1507056 kB
Buffers:           91120 kB
Cached:          1150084 kB
MemTotal:        1844596 kB
MemFree:          293928 kB
MemAvailable:    1504964 kB
Buffers:           91120 kB
Cached:          1150084 kB
MemTotal:        1844596 kB
MemFree:          294176 kB
MemAvailable:    1505212 kB
Buffers:           91120 kB
Cached:          1150084 kB
MemTotal:        1844596 kB
MemFree:          293144 kB
MemAvailable:    1504180 kB
Buffers:           91120 kB
Cached:          1150084 kB
MemTotal:        1844596 kB
MemFree:          293268 kB
MemAvailable:    1504304 kB
Buffers:           91120 kB
Cached:          1150084 kB
MemTotal:        1844596 kB
MemFree:          293144 kB
MemAvailable:    1504180 kB
Buffers:           91120 kB
Cached:          1150084 kB
MemTotal:        1844596 kB
MemFree:          294444 kB
MemAvailable:    1505480 kB
Buffers:           91120 kB
Cached:          1150084 kB
MemTotal:        1844596 kB
MemFree:          293920 kB
MemAvailable:    1504956 kB
Buffers:           91120 kB
Cached:          1150084 kB
MemTotal:        1844596 kB
MemFree:          294004 kB
MemAvailable:    1505040 kB
Buffers:           91120 kB
Cached:          1150084 kB
MemTotal:        1844596 kB
MemFree:          293492 kB
MemAvailable:    1504528 kB
Buffers:           91120 kB
Cached:          1150084 kB
MemTotal:        1844596 kB
MemFree:          293744 kB
MemAvailable:    1504780 kB
Buffers:           91120 kB
Cached:          1150084 kB
MemTotal:        1844596 kB
MemFree:          293620 kB
MemAvailable:    1504656 kB
Buffers:           91120 kB
Cached:          1150084 kB
MemTotal:        1844596 kB
MemFree:          293788 kB
MemAvailable:    1504824 kB
Buffers:           91120 kB
Cached:          1150084 kB
MemTotal:        1844596 kB
MemFree:          293476 kB
MemAvailable:    1504512 kB
Buffers:           91120 kB
Cached:          1150084 kB
MemTotal:        1844596 kB
MemFree:          293120 kB
MemAvailable:    1504156 kB
Buffers:           91120 kB
Cached:          1150084 kB
MemTotal:        1844596 kB
MemFree:          292804 kB
MemAvailable:    1503840 kB
Buffers:           91120 kB
Cached:          1150084 kB
MemTotal:        1844596 kB
MemFree:          292984 kB
MemAvailable:    1504020 kB
Buffers:           91120 kB
Cached:          1150084 kB
MemTotal:        1844596 kB
MemFree:          291820 kB
MemAvailable:    1502856 kB
Buffers:           91120 kB
Cached:          1150084 kB
MemTotal:        1844596 kB
MemFree:          292500 kB
MemAvailable:    1503536 kB
Buffers:           91120 kB
Cached:          1150084 kB
MemTotal:        1844596 kB
MemFree:          292632 kB
MemAvailable:    1503668 kB
Buffers:           91120 kB
Cached:          1150084 kB
MemTotal:        1844596 kB
MemFree:          291556 kB
MemAvailable:    1502592 kB
Buffers:           91120 kB
Cached:          1150084 kB
MemTotal:        1844596 kB
MemFree:          291556 kB
MemAvailable:    1502592 kB
Buffers:           91120 kB
Cached:          1150084 kB
MemTotal:        1844596 kB
MemFree:          291260 kB
MemAvailable:    1502296 kB
Buffers:           91120 kB
Cached:          1150084 kB
MemTotal:        1844596 kB
MemFree:          291428 kB
MemAvailable:    1502464 kB
Buffers:           91120 kB
Cached:          1150084 kB
MemTotal:        1844596 kB
MemFree:          289912 kB
MemAvailable:    1500948 kB
Buffers:           91120 kB
Cached:          1150084 kB
MemTotal:        1844596 kB
MemFree:          291436 kB
MemAvailable:    1502472 kB
Buffers:           91120 kB
Cached:          1150084 kB
MemTotal:        1844596 kB
MemFree:          291140 kB
MemAvailable:    1502176 kB
Buffers:           91120 kB
Cached:          1150084 kB
MemTotal:        1844596 kB
MemFree:          291192 kB
MemAvailable:    1502228 kB
Buffers:           91120 kB
Cached:          1150084 kB
MemTotal:        1844596 kB
MemFree:          292272 kB
MemAvailable:    1503308 kB
Buffers:           91120 kB
Cached:          1150084 kB
MemTotal:        1844596 kB
MemFree:          292608 kB
MemAvailable:    1503644 kB
Buffers:           91120 kB
Cached:          1150084 kB
MemTotal:        1844596 kB
MemFree:          292268 kB
MemAvailable:    1503304 kB
Buffers:           91120 kB
Cached:          1150084 kB
MemTotal:        1844596 kB
MemFree:          287712 kB
MemAvailable:    1498624 kB
Buffers:           91120 kB
Cached:          1150084 kB
MemTotal:        1844596 kB
MemFree:          286108 kB
MemAvailable:    1497144 kB
Buffers:           91120 kB
Cached:          1150084 kB
MemTotal:        1844596 kB
MemFree:          286240 kB
MemAvailable:    1497276 kB
Buffers:           91120 kB
Cached:          1150084 kB
MemTotal:        1844596 kB
MemFree:          287224 kB
MemAvailable:    1498260 kB
Buffers:           91120 kB
Cached:          1150084 kB
MemTotal:        1844596 kB
MemFree:          287224 kB
MemAvailable:    1498260 kB
Buffers:           91120 kB
Cached:          1150084 kB
MemTotal:        1844596 kB
MemFree:          285860 kB
MemAvailable:    1496896 kB
Buffers:           91120 kB
Cached:          1150084 kB
MemTotal:        1844596 kB
MemFree:          286356 kB
MemAvailable:    1497392 kB
Buffers:           91120 kB
Cached:          1150084 kB
MemTotal:        1844596 kB
MemFree:          285812 kB
MemAvailable:    1496848 kB
Buffers:           91120 kB
Cached:          1150084 kB
MemTotal:        1844596 kB
MemFree:          285680 kB
MemAvailable:    1496716 kB
Buffers:           91120 kB
Cached:          1150084 kB
MemTotal:        1844596 kB
MemFree:          286856 kB
MemAvailable:    1497892 kB
Buffers:           91120 kB
Cached:          1150084 kB
MemTotal:        1844596 kB
MemFree:          286796 kB
MemAvailable:    1497832 kB
Buffers:           91120 kB
Cached:          1150084 kB
MemTotal:        1844596 kB
MemFree:          286788 kB
MemAvailable:    1497824 kB
Buffers:           91120 kB
Cached:          1150084 kB
MemTotal:        1844596 kB
MemFree:          286372 kB
MemAvailable:    1497408 kB
Buffers:           91120 kB
Cached:          1150084 kB
MemTotal:        1844596 kB
MemFree:          286688 kB
MemAvailable:    1497724 kB
Buffers:           91120 kB
Cached:          1150084 kB
MemTotal:        1844596 kB
MemFree:          285816 kB
MemAvailable:    1496852 kB
Buffers:           91120 kB
Cached:          1150084 kB
MemTotal:        1844596 kB
MemFree:          285116 kB
MemAvailable:    1496152 kB
Buffers:           91120 kB
Cached:          1150084 kB
MemTotal:        1844596 kB
MemFree:          281024 kB
MemAvailable:    1492060 kB
Buffers:           91120 kB
Cached:          1150084 kB
MemTotal:        1844596 kB
MemFree:          281024 kB
MemAvailable:    1492060 kB
Buffers:           91120 kB
Cached:          1150084 kB
MemTotal:        1844596 kB
MemFree:          280776 kB
MemAvailable:    1491812 kB
Buffers:           91120 kB
Cached:          1150084 kB
MemTotal:        1844596 kB
MemFree:          280412 kB
MemAvailable:    1491452 kB
Buffers:           91120 kB
Cached:          1150088 kB
MemTotal:        1844596 kB
MemFree:          279380 kB
MemAvailable:    1490420 kB
Buffers:           91120 kB
Cached:          1150088 kB
MemTotal:        1844596 kB
MemFree:          278860 kB
MemAvailable:    1489900 kB
Buffers:           91120 kB
Cached:          1150088 kB
MemTotal:        1844596 kB
MemFree:          277048 kB
MemAvailable:    1488088 kB
Buffers:           91120 kB
Cached:          1150088 kB
MemTotal:        1844596 kB
MemFree:          278176 kB
MemAvailable:    1489216 kB
Buffers:           91120 kB
Cached:          1150088 kB
MemTotal:        1844596 kB
MemFree:          277196 kB
MemAvailable:    1488236 kB
Buffers:           91120 kB
Cached:          1150088 kB
MemTotal:        1844596 kB
MemFree:          278048 kB
MemAvailable:    1489088 kB
Buffers:           91120 kB
Cached:          1150088 kB
MemTotal:        1844596 kB
MemFree:          278304 kB
MemAvailable:    1489344 kB
Buffers:           91120 kB
Cached:          1150088 kB
MemTotal:        1844596 kB
MemFree:          276932 kB
MemAvailable:    1487972 kB
Buffers:           91120 kB
Cached:          1150088 kB
MemTotal:        1844596 kB
MemFree:          276932 kB
MemAvailable:    1487972 kB
Buffers:           91120 kB
Cached:          1150088 kB
MemTotal:        1844596 kB
MemFree:          278164 kB
MemAvailable:    1489204 kB
Buffers:           91120 kB
Cached:          1150088 kB
MemTotal:        1844596 kB
MemFree:          278036 kB
MemAvailable:    1489076 kB
Buffers:           91120 kB
Cached:          1150088 kB
MemTotal:        1844596 kB
MemFree:          278036 kB
MemAvailable:    1489076 kB
Buffers:           91120 kB
Cached:          1150088 kB
MemTotal:        1844596 kB
MemFree:          277744 kB
MemAvailable:    1488784 kB
Buffers:           91120 kB
Cached:          1150088 kB
MemTotal:        1844596 kB
MemFree:          278080 kB
MemAvailable:    1489120 kB
Buffers:           91120 kB
Cached:          1150088 kB
MemTotal:        1844596 kB
MemFree:          277612 kB
MemAvailable:    1488652 kB
Buffers:           91120 kB
Cached:          1150088 kB
MemTotal:        1844596 kB
MemFree:          277612 kB
MemAvailable:    1488652 kB
Buffers:           91120 kB
Cached:          1150088 kB
MemTotal:        1844596 kB
MemFree:          277664 kB
MemAvailable:    1488704 kB
Buffers:           91120 kB
Cached:          1150088 kB
MemTotal:        1844596 kB
MemFree:          276888 kB
MemAvailable:    1487928 kB
Buffers:           91120 kB
Cached:          1150088 kB
MemTotal:        1844596 kB
MemFree:          277684 kB
MemAvailable:    1488724 kB
Buffers:           91120 kB
Cached:          1150088 kB
MemTotal:        1844596 kB
MemFree:          277912 kB
MemAvailable:    1488952 kB
Buffers:           91120 kB
Cached:          1150088 kB
MemTotal:        1844596 kB
MemFree:          277800 kB
MemAvailable:    1488840 kB
Buffers:           91120 kB
Cached:          1150088 kB
MemTotal:        1844596 kB
MemFree:          275940 kB
MemAvailable:    1486980 kB
Buffers:           91120 kB
Cached:          1150088 kB
MemTotal:        1844596 kB
MemFree:          275940 kB
MemAvailable:    1486980 kB
Buffers:           91120 kB
Cached:          1150088 kB
MemTotal:        1844596 kB
MemFree:          271220 kB
MemAvailable:    1482260 kB
Buffers:           91120 kB
Cached:          1150088 kB
MemTotal:        1844596 kB
MemFree:          270616 kB
MemAvailable:    1481656 kB
Buffers:           91120 kB
Cached:          1150088 kB
MemTotal:        1844596 kB
MemFree:          269616 kB
MemAvailable:    1480656 kB
Buffers:           91120 kB
Cached:          1150088 kB
MemTotal:        1844596 kB
MemFree:          268368 kB
MemAvailable:    1479408 kB
Buffers:           91120 kB
Cached:          1150088 kB
MemTotal:        1844596 kB
MemFree:          269672 kB
MemAvailable:    1480712 kB
Buffers:           91120 kB
Cached:          1150088 kB
MemTotal:        1844596 kB
MemFree:          269280 kB
MemAvailable:    1480320 kB
Buffers:           91120 kB
Cached:          1150088 kB
MemTotal:        1844596 kB
MemFree:          269240 kB
MemAvailable:    1480280 kB
Buffers:           91120 kB
Cached:          1150088 kB
MemTotal:        1844596 kB
MemFree:          267932 kB
MemAvailable:    1478972 kB
Buffers:           91120 kB
Cached:          1150088 kB
MemTotal:        1844596 kB
MemFree:          269048 kB
MemAvailable:    1480088 kB
Buffers:           91120 kB
Cached:          1150088 kB
MemTotal:        1844596 kB
MemFree:          269020 kB
MemAvailable:    1480060 kB
Buffers:           91120 kB
Cached:          1150088 kB
MemTotal:        1844596 kB
MemFree:          269120 kB
MemAvailable:    1480160 kB
Buffers:           91120 kB
Cached:          1150088 kB
MemTotal:        1844596 kB
MemFree:          268936 kB
MemAvailable:    1479976 kB
Buffers:           91120 kB
Cached:          1150088 kB
MemTotal:        1844596 kB
MemFree:          269104 kB
MemAvailable:    1480144 kB
Buffers:           91120 kB
Cached:          1150088 kB
MemTotal:        1844596 kB
MemFree:          267584 kB
MemAvailable:    1478624 kB
Buffers:           91120 kB
Cached:          1150088 kB
MemTotal:        1844596 kB
MemFree:          269060 kB
MemAvailable:    1480100 kB
Buffers:           91120 kB
Cached:          1150088 kB
MemTotal:        1844596 kB
MemFree:          268820 kB
MemAvailable:    1479860 kB
Buffers:           91120 kB
Cached:          1150088 kB
MemTotal:        1844596 kB
MemFree:          268848 kB
MemAvailable:    1479888 kB
Buffers:           91120 kB
Cached:          1150088 kB
MemTotal:        1844596 kB
MemFree:          268292 kB
MemAvailable:    1479332 kB
Buffers:           91120 kB
Cached:          1150088 kB
MemTotal:        1844596 kB
MemFree:          268900 kB
MemAvailable:    1479940 kB
Buffers:           91120 kB
Cached:          1150088 kB
MemTotal:        1844596 kB
MemFree:          268896 kB
MemAvailable:    1479936 kB
Buffers:           91120 kB
Cached:          1150088 kB
MemTotal:        1844596 kB
MemFree:          268788 kB
MemAvailable:    1479828 kB
Buffers:           91120 kB
Cached:          1150088 kB
MemTotal:        1844596 kB
MemFree:          268968 kB
MemAvailable:    1480008 kB
Buffers:           91120 kB
Cached:          1150088 kB
MemTotal:        1844596 kB
MemFree:          269136 kB
MemAvailable:    1480176 kB
Buffers:           91120 kB
Cached:          1150088 kB
MemTotal:        1844596 kB
MemFree:          268972 kB
MemAvailable:    1480012 kB
Buffers:           91120 kB
Cached:          1150088 kB
MemTotal:        1844596 kB
MemFree:          267672 kB
MemAvailable:    1478712 kB
Buffers:           91120 kB
Cached:          1150088 kB
MemTotal:        1844596 kB
MemFree:          269112 kB
MemAvailable:    1480152 kB
Buffers:           91120 kB
Cached:          1150088 kB
MemTotal:        1844596 kB
MemFree:          269036 kB
MemAvailable:    1480076 kB
Buffers:           91120 kB
Cached:          1150088 kB
MemTotal:        1844596 kB
MemFree:          269048 kB
MemAvailable:    1480088 kB
Buffers:           91120 kB
Cached:          1150088 kB
MemTotal:        1844596 kB
MemFree:          267908 kB
MemAvailable:    1478948 kB
Buffers:           91120 kB
Cached:          1150088 kB
MemTotal:        1844596 kB
MemFree:          265432 kB
MemAvailable:    1476472 kB
Buffers:           91120 kB
Cached:          1150088 kB
MemTotal:        1844596 kB
MemFree:          262588 kB
MemAvailable:    1473628 kB
Buffers:           91120 kB
Cached:          1150088 kB
MemTotal:        1844596 kB
MemFree:          261308 kB
MemAvailable:    1472348 kB
Buffers:           91120 kB
Cached:          1150088 kB
MemTotal:        1844596 kB
MemFree:          258868 kB
MemAvailable:    1469908 kB
Buffers:           91120 kB
Cached:          1150088 kB
MemTotal:        1844596 kB
MemFree:          259556 kB
MemAvailable:    1470596 kB
Buffers:           91120 kB
Cached:          1150088 kB
MemTotal:        1844596 kB
MemFree:          259892 kB
MemAvailable:    1470932 kB
Buffers:           91120 kB
Cached:          1150088 kB
MemTotal:        1844596 kB
MemFree:          259356 kB
MemAvailable:    1470396 kB
Buffers:           91120 kB
Cached:          1150088 kB
MemTotal:        1844596 kB
MemFree:          259356 kB
MemAvailable:    1470396 kB
Buffers:           91120 kB
Cached:          1150088 kB
MemTotal:        1844596 kB
MemFree:          258116 kB
MemAvailable:    1469156 kB
Buffers:           91120 kB
Cached:          1150088 kB
MemTotal:        1844596 kB
MemFree:          257884 kB
MemAvailable:    1468924 kB
Buffers:           91120 kB
Cached:          1150088 kB
MemTotal:        1844596 kB
MemFree:          257628 kB
MemAvailable:    1468668 kB
Buffers:           91120 kB
Cached:          1150088 kB
MemTotal:        1844596 kB
MemFree:          257504 kB
MemAvailable:    1468544 kB
Buffers:           91120 kB
Cached:          1150088 kB
MemTotal:        1844596 kB
MemFree:          256264 kB
MemAvailable:    1467304 kB
Buffers:           91120 kB
Cached:          1150088 kB
MemTotal:        1844596 kB
MemFree:          256132 kB
MemAvailable:    1467172 kB
Buffers:           91120 kB
Cached:          1150088 kB
MemTotal:        1844596 kB
MemFree:          257432 kB
MemAvailable:    1468472 kB
Buffers:           91120 kB
Cached:          1150088 kB
MemTotal:        1844596 kB
MemFree:          256264 kB
MemAvailable:    1467304 kB
Buffers:           91120 kB
Cached:          1150088 kB
MemTotal:        1844596 kB
MemFree:          257380 kB
MemAvailable:    1468428 kB
Buffers:           91120 kB
Cached:          1150096 kB
MemTotal:        1844596 kB
MemFree:          255884 kB
MemAvailable:    1466932 kB
Buffers:           91120 kB
Cached:          1150096 kB
MemTotal:        1844596 kB
MemFree:          257068 kB
MemAvailable:    1468116 kB
Buffers:           91120 kB
Cached:          1150096 kB
MemTotal:        1844596 kB
MemFree:          257132 kB
MemAvailable:    1468180 kB
Buffers:           91120 kB
Cached:          1150096 kB
MemTotal:        1844596 kB
MemFree:          257112 kB
MemAvailable:    1468160 kB
Buffers:           91120 kB
Cached:          1150096 kB
MemTotal:        1844596 kB
MemFree:          257448 kB
MemAvailable:    1468496 kB
Buffers:           91120 kB
Cached:          1150096 kB
MemTotal:        1844596 kB
MemFree:          257364 kB
MemAvailable:    1468412 kB
Buffers:           91120 kB
Cached:          1150096 kB
MemTotal:        1844596 kB
MemFree:          257132 kB
MemAvailable:    1468184 kB
Buffers:           91120 kB
Cached:          1150100 kB
MemTotal:        1844596 kB
MemFree:          257144 kB
MemAvailable:    1468196 kB
Buffers:           91120 kB
Cached:          1150100 kB
MemTotal:        1844596 kB
MemFree:          255836 kB
MemAvailable:    1466888 kB
Buffers:           91120 kB
Cached:          1150100 kB
MemTotal:        1844596 kB
MemFree:          256332 kB
MemAvailable:    1467384 kB
Buffers:           91120 kB
Cached:          1150100 kB
MemTotal:        1844596 kB
MemFree:          255960 kB
MemAvailable:    1467012 kB
Buffers:           91120 kB
Cached:          1150100 kB
MemTotal:        1844596 kB
MemFree:          257068 kB
MemAvailable:    1468120 kB
Buffers:           91120 kB
Cached:          1150100 kB
MemTotal:        1844596 kB
MemFree:          257236 kB
MemAvailable:    1468288 kB
Buffers:           91120 kB
Cached:          1150100 kB
MemTotal:        1844596 kB
MemFree:          255936 kB
MemAvailable:    1466988 kB
Buffers:           91120 kB
Cached:          1150100 kB
MemTotal:        1844596 kB
MemFree:          257068 kB
MemAvailable:    1468120 kB
Buffers:           91120 kB
Cached:          1150100 kB
MemTotal:        1844596 kB
MemFree:          256060 kB
MemAvailable:    1467112 kB
Buffers:           91120 kB
Cached:          1150100 kB
MemTotal:        1844596 kB
MemFree:          255976 kB
MemAvailable:    1467028 kB
Buffers:           91120 kB
Cached:          1150100 kB
MemTotal:        1844596 kB
MemFree:          255968 kB
MemAvailable:    1467020 kB
Buffers:           91120 kB
Cached:          1150100 kB
MemTotal:        1844596 kB
MemFree:          256992 kB
MemAvailable:    1468044 kB
Buffers:           91120 kB
Cached:          1150100 kB
MemTotal:        1844596 kB
MemFree:          256828 kB
MemAvailable:    1467880 kB
Buffers:           91120 kB
Cached:          1150100 kB
MemTotal:        1844596 kB
MemFree:          257608 kB
MemAvailable:    1468656 kB
Buffers:           91120 kB
Cached:          1150100 kB
MemTotal:        1844596 kB
MemFree:          256388 kB
MemAvailable:    1467312 kB
Buffers:           91120 kB
Cached:          1150100 kB
MemTotal:        1844596 kB
MemFree:          256952 kB
MemAvailable:    1468000 kB
Buffers:           91120 kB
Cached:          1150100 kB
MemTotal:        1844596 kB
MemFree:          257288 kB
MemAvailable:    1468336 kB
Buffers:           91120 kB
Cached:          1150100 kB
MemTotal:        1844596 kB
MemFree:          257084 kB
MemAvailable:    1468132 kB
Buffers:           91120 kB
Cached:          1150100 kB
MemTotal:        1844596 kB
MemFree:          257340 kB
MemAvailable:    1468388 kB
Buffers:           91120 kB
Cached:          1150100 kB
MemTotal:        1844596 kB
MemFree:          255760 kB
MemAvailable:    1466808 kB
Buffers:           91120 kB
Cached:          1150100 kB
MemTotal:        1844596 kB
MemFree:          257268 kB
MemAvailable:    1468316 kB
Buffers:           91120 kB
Cached:          1150100 kB
MemTotal:        1844596 kB
MemFree:          256388 kB
MemAvailable:    1467436 kB
Buffers:           91120 kB
Cached:          1150100 kB
MemTotal:        1844596 kB
MemFree:          257372 kB
MemAvailable:    1468420 kB
Buffers:           91120 kB
Cached:          1150100 kB
MemTotal:        1844596 kB
MemFree:          257140 kB
MemAvailable:    1468188 kB
Buffers:           91120 kB
Cached:          1150100 kB
MemTotal:        1844596 kB
MemFree:          255844 kB
MemAvailable:    1466892 kB
Buffers:           91120 kB
Cached:          1150100 kB
MemTotal:        1844596 kB
MemFree:          257136 kB
MemAvailable:    1468184 kB
Buffers:           91120 kB
Cached:          1150100 kB
MemTotal:        1844596 kB
MemFree:          256396 kB
MemAvailable:    1467444 kB
Buffers:           91120 kB
Cached:          1150100 kB
MemTotal:        1844596 kB
MemFree:          257440 kB
MemAvailable:    1468492 kB
Buffers:           91120 kB
Cached:          1150104 kB
MemTotal:        1844596 kB
MemFree:          256272 kB
MemAvailable:    1467324 kB
Buffers:           91120 kB
Cached:          1150104 kB
MemTotal:        1844596 kB
MemFree:          257316 kB
MemAvailable:    1468368 kB
Buffers:           91120 kB
Cached:          1150104 kB
MemTotal:        1844596 kB
MemFree:          256644 kB
MemAvailable:    1467696 kB
Buffers:           91120 kB
Cached:          1150104 kB
MemTotal:        1844596 kB
MemFree:          256992 kB
MemAvailable:    1468044 kB
Buffers:           91120 kB
Cached:          1150104 kB
MemTotal:        1844596 kB
MemFree:          257328 kB
MemAvailable:    1468380 kB
Buffers:           91120 kB
Cached:          1150104 kB
MemTotal:        1844596 kB
MemFree:          257192 kB
MemAvailable:    1468244 kB
Buffers:           91120 kB
Cached:          1150104 kB
MemTotal:        1844596 kB
MemFree:          256388 kB
MemAvailable:    1467440 kB
Buffers:           91120 kB
Cached:          1150104 kB
MemTotal:        1844596 kB
MemFree:          256820 kB
MemAvailable:    1467872 kB
Buffers:           91120 kB
Cached:          1150104 kB
MemTotal:        1844596 kB
MemFree:          257076 kB
MemAvailable:    1468128 kB
Buffers:           91120 kB
Cached:          1150104 kB
MemTotal:        1844596 kB
MemFree:          256756 kB
MemAvailable:    1467808 kB
Buffers:           91120 kB
Cached:          1150104 kB
MemTotal:        1844596 kB
MemFree:          256676 kB
MemAvailable:    1467728 kB
Buffers:           91120 kB
Cached:          1150104 kB
MemTotal:        1844596 kB
MemFree:          256388 kB
MemAvailable:    1467440 kB
Buffers:           91120 kB
Cached:          1150104 kB
MemTotal:        1844596 kB
MemFree:          255464 kB
MemAvailable:    1466516 kB
Buffers:           91120 kB
Cached:          1150104 kB
MemTotal:        1844596 kB
MemFree:          256764 kB
MemAvailable:    1467816 kB
Buffers:           91120 kB
Cached:          1150104 kB
MemTotal:        1844596 kB
MemFree:          255776 kB
MemAvailable:    1466828 kB
Buffers:           91120 kB
Cached:          1150104 kB
MemTotal:        1844596 kB
MemFree:          256720 kB
MemAvailable:    1467772 kB
Buffers:           91120 kB
Cached:          1150104 kB
MemTotal:        1844596 kB
MemFree:          255348 kB
MemAvailable:    1466400 kB
Buffers:           91120 kB
Cached:          1150104 kB
MemTotal:        1844596 kB
MemFree:          255216 kB
MemAvailable:    1466268 kB
Buffers:           91120 kB
Cached:          1150104 kB
MemTotal:        1844596 kB
MemFree:          256516 kB
MemAvailable:    1467568 kB
Buffers:           91120 kB
Cached:          1150104 kB
MemTotal:        1844596 kB
MemFree:          255252 kB
MemAvailable:    1466304 kB
Buffers:           91120 kB
Cached:          1150104 kB
MemTotal:        1844596 kB
MemFree:          256552 kB
MemAvailable:    1467604 kB
Buffers:           91120 kB
Cached:          1150104 kB
MemTotal:        1844596 kB
MemFree:          255120 kB
MemAvailable:    1466172 kB
Buffers:           91120 kB
Cached:          1150104 kB
MemTotal:        1844596 kB
MemFree:          256220 kB
MemAvailable:    1467272 kB
Buffers:           91120 kB
Cached:          1150104 kB
MemTotal:        1844596 kB
MemFree:          256264 kB
MemAvailable:    1467316 kB
Buffers:           91120 kB
Cached:          1150104 kB
MemTotal:        1844596 kB
MemFree:          256120 kB
MemAvailable:    1467172 kB
Buffers:           91120 kB
Cached:          1150104 kB
MemTotal:        1844596 kB
MemFree:          255344 kB
MemAvailable:    1466396 kB
Buffers:           91120 kB
Cached:          1150104 kB
MemTotal:        1844596 kB
MemFree:          256140 kB
MemAvailable:    1467192 kB
Buffers:           91120 kB
Cached:          1150104 kB
MemTotal:        1844596 kB
MemFree:          255396 kB
MemAvailable:    1466448 kB
Buffers:           91120 kB
Cached:          1150104 kB
MemTotal:        1844596 kB
MemFree:          256080 kB
MemAvailable:    1467132 kB
Buffers:           91120 kB
Cached:          1150104 kB
MemTotal:        1844596 kB
MemFree:          255768 kB
MemAvailable:    1466820 kB
Buffers:           91120 kB
Cached:          1150104 kB
MemTotal:        1844596 kB
MemFree:          256224 kB
MemAvailable:    1467276 kB
Buffers:           91120 kB
Cached:          1150104 kB
MemTotal:        1844596 kB
MemFree:          256084 kB
MemAvailable:    1467136 kB
Buffers:           91120 kB
Cached:          1150104 kB
MemTotal:        1844596 kB
MemFree:          255628 kB
MemAvailable:    1466680 kB
Buffers:           91120 kB
Cached:          1150104 kB
MemTotal:        1844596 kB
MemFree:          256048 kB
MemAvailable:    1467100 kB
Buffers:           91120 kB
Cached:          1150104 kB
MemTotal:        1844596 kB
MemFree:          256512 kB
MemAvailable:    1467564 kB
Buffers:           91120 kB
Cached:          1150104 kB
MemTotal:        1844596 kB
MemFree:          256628 kB
MemAvailable:    1467680 kB
Buffers:           91120 kB
Cached:          1150104 kB
MemTotal:        1844596 kB
MemFree:          256628 kB
MemAvailable:    1467680 kB
Buffers:           91120 kB
Cached:          1150104 kB
MemTotal:        1844596 kB
MemFree:          254900 kB
MemAvailable:    1465952 kB
Buffers:           91120 kB
Cached:          1150104 kB
MemTotal:        1844596 kB
MemFree:          252164 kB
MemAvailable:    1463216 kB
Buffers:           91120 kB
Cached:          1150104 kB
MemTotal:        1844596 kB
MemFree:          245600 kB
MemAvailable:    1456652 kB
Buffers:           91120 kB
Cached:          1150104 kB
MemTotal:        1844596 kB
MemFree:          245908 kB
MemAvailable:    1456960 kB
Buffers:           91120 kB
Cached:          1150104 kB
MemTotal:        1844596 kB
MemFree:          245236 kB
MemAvailable:    1456288 kB
Buffers:           91120 kB
Cached:          1150104 kB
MemTotal:        1844596 kB
MemFree:          245164 kB
MemAvailable:    1456216 kB
Buffers:           91120 kB
Cached:          1150104 kB
MemTotal:        1844596 kB
MemFree:          245332 kB
MemAvailable:    1456384 kB
Buffers:           91120 kB
Cached:          1150104 kB
MemTotal:        1844596 kB
MemFree:          245048 kB
MemAvailable:    1456100 kB
Buffers:           91120 kB
Cached:          1150104 kB
MemTotal:        1844596 kB
MemFree:          245020 kB
MemAvailable:    1456072 kB
Buffers:           91120 kB
Cached:          1150104 kB
MemTotal:        1844596 kB
MemFree:          243996 kB
MemAvailable:    1455048 kB
Buffers:           91120 kB
Cached:          1150104 kB
MemTotal:        1844596 kB
MemFree:          244468 kB
MemAvailable:    1455528 kB
Buffers:           91120 kB
Cached:          1150112 kB
MemTotal:        1844596 kB
MemFree:          244236 kB
MemAvailable:    1455296 kB
Buffers:           91120 kB
Cached:          1150112 kB
MemTotal:        1844596 kB
MemFree:          243544 kB
MemAvailable:    1454604 kB
Buffers:           91120 kB
Cached:          1150112 kB
MemTotal:        1844596 kB
MemFree:          243180 kB
MemAvailable:    1454240 kB
Buffers:           91120 kB
Cached:          1150112 kB
MemTotal:        1844596 kB
MemFree:          241640 kB
MemAvailable:    1452700 kB
Buffers:           91120 kB
Cached:          1150112 kB
MemTotal:        1844596 kB
MemFree:          242576 kB
MemAvailable:    1453636 kB
Buffers:           91120 kB
Cached:          1150112 kB
MemTotal:        1844596 kB
MemFree:          242832 kB
MemAvailable:    1453892 kB
Buffers:           91120 kB
Cached:          1150112 kB
MemTotal:        1844596 kB
MemFree:          242936 kB
MemAvailable:    1453996 kB
Buffers:           91120 kB
Cached:          1150112 kB
MemTotal:        1844596 kB
MemFree:          242636 kB
MemAvailable:    1453696 kB
Buffers:           91120 kB
Cached:          1150112 kB
MemTotal:        1844596 kB
MemFree:          241508 kB
MemAvailable:    1452568 kB
Buffers:           91120 kB
Cached:          1150112 kB
MemTotal:        1844596 kB
MemFree:          241252 kB
MemAvailable:    1452312 kB
Buffers:           91120 kB
Cached:          1150112 kB
MemTotal:        1844596 kB
MemFree:          241632 kB
MemAvailable:    1452692 kB
Buffers:           91120 kB
Cached:          1150112 kB
MemTotal:        1844596 kB
MemFree:          241252 kB
MemAvailable:    1452312 kB
Buffers:           91120 kB
Cached:          1150112 kB
MemTotal:        1844596 kB
MemFree:          241668 kB
MemAvailable:    1452728 kB
Buffers:           91120 kB
Cached:          1150112 kB
MemTotal:        1844596 kB
MemFree:          242608 kB
MemAvailable:    1453668 kB
Buffers:           91120 kB
Cached:          1150112 kB
MemTotal:        1844596 kB
MemFree:          242624 kB
MemAvailable:    1453684 kB
Buffers:           91120 kB
Cached:          1150112 kB
MemTotal:        1844596 kB
MemFree:          242568 kB
MemAvailable:    1453628 kB
Buffers:           91120 kB
Cached:          1150112 kB
MemTotal:        1844596 kB
MemFree:          241328 kB
MemAvailable:    1452388 kB
Buffers:           91120 kB
Cached:          1150112 kB
MemTotal:        1844596 kB
MemFree:          242312 kB
MemAvailable:    1453372 kB
Buffers:           91120 kB
Cached:          1150112 kB
MemTotal:        1844596 kB
MemFree:          241112 kB
MemAvailable:    1452172 kB
Buffers:           91120 kB
Cached:          1150112 kB
MemTotal:        1844596 kB
MemFree:          241112 kB
MemAvailable:    1452172 kB
Buffers:           91120 kB
Cached:          1150112 kB
MemTotal:        1844596 kB
MemFree:          239524 kB
MemAvailable:    1450584 kB
Buffers:           91120 kB
Cached:          1150112 kB
MemTotal:        1844596 kB
MemFree:          240888 kB
MemAvailable:    1451948 kB
Buffers:           91120 kB
Cached:          1150112 kB
MemTotal:        1844596 kB
MemFree:          239524 kB
MemAvailable:    1450584 kB
Buffers:           91120 kB
Cached:          1150112 kB
MemTotal:        1844596 kB
MemFree:          240756 kB
MemAvailable:    1451816 kB
Buffers:           91120 kB
Cached:          1150112 kB
MemTotal:        1844596 kB
MemFree:          239764 kB
MemAvailable:    1450824 kB
Buffers:           91120 kB
Cached:          1150112 kB
MemTotal:        1844596 kB
MemFree:          240020 kB
MemAvailable:    1451080 kB
Buffers:           91120 kB
Cached:          1150112 kB
MemTotal:        1844596 kB
MemFree:          238840 kB
MemAvailable:    1449900 kB
Buffers:           91120 kB
Cached:          1150112 kB
MemTotal:        1844596 kB
MemFree:          238144 kB
MemAvailable:    1449204 kB
Buffers:           91120 kB
Cached:          1150112 kB
MemTotal:        1844596 kB
MemFree:          238160 kB
MemAvailable:    1449220 kB
Buffers:           91120 kB
Cached:          1150112 kB
MemTotal:        1844596 kB
MemFree:          236864 kB
MemAvailable:    1447924 kB
Buffers:           91120 kB
Cached:          1150112 kB
MemTotal:        1844596 kB
MemFree:          238096 kB
MemAvailable:    1449156 kB
Buffers:           91120 kB
Cached:          1150112 kB
MemTotal:        1844596 kB
MemFree:          238096 kB
MemAvailable:    1449156 kB
Buffers:           91120 kB
Cached:          1150112 kB
MemTotal:        1844596 kB
MemFree:          238120 kB
MemAvailable:    1449180 kB
Buffers:           91120 kB
Cached:          1150112 kB
MemTotal:        1844596 kB
MemFree:          237648 kB
MemAvailable:    1448708 kB
Buffers:           91120 kB
Cached:          1150112 kB
MemTotal:        1844596 kB
MemFree:          236920 kB
MemAvailable:    1447980 kB
Buffers:           91120 kB
Cached:          1150112 kB
MemTotal:        1844596 kB
MemFree:          237652 kB
MemAvailable:    1448712 kB
Buffers:           91120 kB
Cached:          1150112 kB
MemTotal:        1844596 kB
MemFree:          236404 kB
MemAvailable:    1447464 kB
Buffers:           91120 kB
Cached:          1150112 kB
MemTotal:        1844596 kB
MemFree:          236488 kB
MemAvailable:    1447548 kB
Buffers:           91120 kB
Cached:          1150112 kB
MemTotal:        1844596 kB
MemFree:          237532 kB
MemAvailable:    1448592 kB
Buffers:           91120 kB
Cached:          1150112 kB
MemTotal:        1844596 kB
MemFree:          237576 kB
MemAvailable:    1448636 kB
Buffers:           91120 kB
Cached:          1150112 kB
MemTotal:        1844596 kB
MemFree:          237384 kB
MemAvailable:    1448444 kB
Buffers:           91120 kB
Cached:          1150112 kB
MemTotal:        1844596 kB
MemFree:          236268 kB
MemAvailable:    1447328 kB
Buffers:           91120 kB
Cached:          1150112 kB
MemTotal:        1844596 kB
MemFree:          237312 kB
MemAvailable:    1448372 kB
Buffers:           91120 kB
Cached:          1150112 kB
MemTotal:        1844596 kB
MemFree:          236136 kB
MemAvailable:    1447196 kB
Buffers:           91120 kB
Cached:          1150112 kB
MemTotal:        1844596 kB
MemFree:          237428 kB
MemAvailable:    1448488 kB
Buffers:           91120 kB
Cached:          1150112 kB
MemTotal:        1844596 kB
MemFree:          236432 kB
MemAvailable:    1447492 kB
Buffers:           91120 kB
Cached:          1150112 kB
MemTotal:        1844596 kB
MemFree:          237152 kB
MemAvailable:    1448212 kB
Buffers:           91120 kB
Cached:          1150112 kB
MemTotal:        1844596 kB
MemFree:          237488 kB
MemAvailable:    1448548 kB
Buffers:           91120 kB
Cached:          1150112 kB
MemTotal:        1844596 kB
MemFree:          235996 kB
MemAvailable:    1447056 kB
Buffers:           91120 kB
Cached:          1150112 kB
MemTotal:        1844596 kB
MemFree:          237300 kB
MemAvailable:    1448360 kB
Buffers:           91120 kB
Cached:          1150112 kB
MemTotal:        1844596 kB
MemFree:          236160 kB
MemAvailable:    1447220 kB
Buffers:           91120 kB
Cached:          1150112 kB
MemTotal:        1844596 kB
MemFree:          237484 kB
MemAvailable:    1448544 kB
Buffers:           91120 kB
Cached:          1150112 kB
MemTotal:        1844596 kB
MemFree:          235928 kB
MemAvailable:    1446988 kB
Buffers:           91120 kB
Cached:          1150112 kB
MemTotal:        1844596 kB
MemFree:          237152 kB
MemAvailable:    1448212 kB
Buffers:           91120 kB
Cached:          1150112 kB
MemTotal:        1844596 kB
MemFree:          237236 kB
MemAvailable:    1448296 kB
Buffers:           91120 kB
Cached:          1150112 kB
MemTotal:        1844596 kB
MemFree:          236036 kB
MemAvailable:    1447096 kB
Buffers:           91120 kB
Cached:          1150112 kB
MemTotal:        1844596 kB
MemFree:          235680 kB
MemAvailable:    1446740 kB
Buffers:           91120 kB
Cached:          1150112 kB
MemTotal:        1844596 kB
MemFree:          234632 kB
MemAvailable:    1445692 kB
Buffers:           91120 kB
Cached:          1150112 kB
MemTotal:        1844596 kB
MemFree:          235748 kB
MemAvailable:    1446808 kB
Buffers:           91120 kB
Cached:          1150112 kB
MemTotal:        1844596 kB
MemFree:          233572 kB
MemAvailable:    1444632 kB
Buffers:           91120 kB
Cached:          1150112 kB
MemTotal:        1844596 kB
MemFree:          233160 kB
MemAvailable:    1444220 kB
Buffers:           91120 kB
Cached:          1150112 kB
MemTotal:        1844596 kB
MemFree:          231224 kB
MemAvailable:    1442284 kB
Buffers:           91120 kB
Cached:          1150112 kB
MemTotal:        1844596 kB
MemFree:          230164 kB
MemAvailable:    1441232 kB
Buffers:           91120 kB
Cached:          1150120 kB
MemTotal:        1844596 kB
MemFree:          227692 kB
MemAvailable:    1438760 kB
Buffers:           91120 kB
Cached:          1150120 kB
MemTotal:        1844596 kB
MemFree:          224520 kB
MemAvailable:    1435588 kB
Buffers:           91120 kB
Cached:          1150120 kB
MemTotal:        1844596 kB
MemFree:          222640 kB
MemAvailable:    1433708 kB
Buffers:           91120 kB
Cached:          1150120 kB
MemTotal:        1844596 kB
MemFree:          220312 kB
MemAvailable:    1431380 kB
Buffers:           91120 kB
Cached:          1150120 kB
MemTotal:        1844596 kB
MemFree:          218800 kB
MemAvailable:    1429868 kB
Buffers:           91120 kB
Cached:          1150120 kB
MemTotal:        1844596 kB
MemFree:          218800 kB
MemAvailable:    1429868 kB
Buffers:           91120 kB
Cached:          1150120 kB
MemTotal:        1844596 kB
MemFree:          218624 kB
MemAvailable:    1429692 kB
Buffers:           91120 kB
Cached:          1150120 kB
MemTotal:        1844596 kB
MemFree:          218568 kB
MemAvailable:    1429636 kB
Buffers:           91120 kB
Cached:          1150120 kB
MemTotal:        1844596 kB
MemFree:          218752 kB
MemAvailable:    1429820 kB
Buffers:           91120 kB
Cached:          1150120 kB
MemTotal:        1844596 kB
MemFree:          218512 kB
MemAvailable:    1429580 kB
Buffers:           91120 kB
Cached:          1150120 kB
MemTotal:        1844596 kB
MemFree:          217000 kB
MemAvailable:    1428068 kB
Buffers:           91120 kB
Cached:          1150120 kB
MemTotal:        1844596 kB
MemFree:          217452 kB
MemAvailable:    1428520 kB
Buffers:           91120 kB
Cached:          1150120 kB
MemTotal:        1844596 kB
MemFree:          217328 kB
MemAvailable:    1428396 kB
Buffers:           91120 kB
Cached:          1150120 kB
MemTotal:        1844596 kB
MemFree:          218444 kB
MemAvailable:    1429512 kB
Buffers:           91120 kB
Cached:          1150120 kB
MemTotal:        1844596 kB
MemFree:          217928 kB
MemAvailable:    1428996 kB
Buffers:           91120 kB
Cached:          1150120 kB
MemTotal:        1844596 kB
MemFree:          216328 kB
MemAvailable:    1427396 kB
Buffers:           91120 kB
Cached:          1150120 kB
MemTotal:        1844596 kB
MemFree:          217624 kB
MemAvailable:    1428692 kB
Buffers:           91120 kB
Cached:          1150120 kB
MemTotal:        1844596 kB
MemFree:          217576 kB
MemAvailable:    1428644 kB
Buffers:           91120 kB
Cached:          1150120 kB
MemTotal:        1844596 kB
MemFree:          216584 kB
MemAvailable:    1427652 kB
Buffers:           91120 kB
Cached:          1150120 kB
MemTotal:        1844596 kB
MemFree:          217648 kB
MemAvailable:    1428716 kB
Buffers:           91120 kB
Cached:          1150120 kB
MemTotal:        1844596 kB
MemFree:          217560 kB
MemAvailable:    1428628 kB
Buffers:           91120 kB
Cached:          1150120 kB
MemTotal:        1844596 kB
MemFree:          217312 kB
MemAvailable:    1428380 kB
Buffers:           91120 kB
Cached:          1150120 kB
MemTotal:        1844596 kB
MemFree:          217648 kB
MemAvailable:    1428716 kB
Buffers:           91120 kB
Cached:          1150120 kB
MemTotal:        1844596 kB
MemFree:          217576 kB
MemAvailable:    1428644 kB
Buffers:           91120 kB
Cached:          1150120 kB
MemTotal:        1844596 kB
MemFree:          217588 kB
MemAvailable:    1428656 kB
Buffers:           91120 kB
Cached:          1150120 kB
MemTotal:        1844596 kB
MemFree:          216832 kB
MemAvailable:    1427900 kB
Buffers:           91120 kB
Cached:          1150120 kB
MemTotal:        1844596 kB
MemFree:          217684 kB
MemAvailable:    1428756 kB
Buffers:           91120 kB
Cached:          1150124 kB
MemTotal:        1844596 kB
MemFree:          217684 kB
MemAvailable:    1428756 kB
Buffers:           91120 kB
Cached:          1150124 kB
MemTotal:        1844596 kB
MemFree:          217640 kB
MemAvailable:    1428712 kB
Buffers:           91120 kB
Cached:          1150124 kB
MemTotal:        1844596 kB
MemFree:          216716 kB
MemAvailable:    1427788 kB
Buffers:           91120 kB
Cached:          1150124 kB
MemTotal:        1844596 kB
MemFree:          217456 kB
MemAvailable:    1428528 kB
Buffers:           91120 kB
Cached:          1150124 kB
MemTotal:        1844596 kB
MemFree:          217588 kB
MemAvailable:    1428660 kB
Buffers:           91120 kB
Cached:          1150124 kB
MemTotal:        1844596 kB
MemFree:          217584 kB
MemAvailable:    1428656 kB
Buffers:           91120 kB
Cached:          1150124 kB
MemTotal:        1844596 kB
MemFree:          216840 kB
MemAvailable:    1427912 kB
Buffers:           91120 kB
Cached:          1150124 kB
MemTotal:        1844596 kB
MemFree:          216336 kB
MemAvailable:    1427408 kB
Buffers:           91120 kB
Cached:          1150124 kB
MemTotal:        1844596 kB
MemFree:          216288 kB
MemAvailable:    1427360 kB
Buffers:           91120 kB
Cached:          1150124 kB
MemTotal:        1844596 kB
MemFree:          216280 kB
MemAvailable:    1427352 kB
Buffers:           91120 kB
Cached:          1150124 kB
MemTotal:        1844596 kB
MemFree:          217500 kB
MemAvailable:    1428572 kB
Buffers:           91120 kB
Cached:          1150124 kB
MemTotal:        1844596 kB
MemFree:          217492 kB
MemAvailable:    1428564 kB
Buffers:           91120 kB
Cached:          1150124 kB
MemTotal:        1844596 kB
MemFree:          217432 kB
MemAvailable:    1428504 kB
Buffers:           91120 kB
Cached:          1150124 kB
MemTotal:        1844596 kB
MemFree:          216088 kB
MemAvailable:    1427160 kB
Buffers:           91120 kB
Cached:          1150124 kB
MemTotal:        1844596 kB
MemFree:          214352 kB
MemAvailable:    1425424 kB
Buffers:           91120 kB
Cached:          1150124 kB
MemTotal:        1844596 kB
MemFree:          211252 kB
MemAvailable:    1422324 kB
Buffers:           91120 kB
Cached:          1150124 kB
MemTotal:        1844596 kB
MemFree:          209080 kB
MemAvailable:    1420152 kB
Buffers:           91120 kB
Cached:          1150124 kB
MemTotal:        1844596 kB
MemFree:          206724 kB
MemAvailable:    1417796 kB
Buffers:           91120 kB
Cached:          1150124 kB
MemTotal:        1844596 kB
MemFree:          204244 kB
MemAvailable:    1415316 kB
Buffers:           91120 kB
Cached:          1150124 kB
MemTotal:        1844596 kB
MemFree:          201712 kB
MemAvailable:    1412784 kB
Buffers:           91120 kB
Cached:          1150124 kB
MemTotal:        1844596 kB
MemFree:          198976 kB
MemAvailable:    1410048 kB
Buffers:           91120 kB
Cached:          1150124 kB
MemTotal:        1844596 kB
MemFree:          200152 kB
MemAvailable:    1411224 kB
Buffers:           91120 kB
Cached:          1150124 kB
MemTotal:        1844596 kB
MemFree:          200152 kB
MemAvailable:    1411224 kB
Buffers:           91120 kB
Cached:          1150124 kB
MemTotal:        1844596 kB
MemFree:          198976 kB
MemAvailable:    1410048 kB
Buffers:           91120 kB
Cached:          1150124 kB
MemTotal:        1844596 kB
MemFree:          199224 kB
MemAvailable:    1410296 kB
Buffers:           91120 kB
Cached:          1150124 kB
MemTotal:        1844596 kB
MemFree:          200084 kB
MemAvailable:    1411156 kB
Buffers:           91120 kB
Cached:          1150124 kB
MemTotal:        1844596 kB
MemFree:          200084 kB
MemAvailable:    1411156 kB
Buffers:           91120 kB
Cached:          1150124 kB
MemTotal:        1844596 kB
MemFree:          199704 kB
MemAvailable:    1410776 kB
Buffers:           91120 kB
Cached:          1150124 kB
MemTotal:        1844596 kB
MemFree:          198192 kB
MemAvailable:    1409264 kB
Buffers:           91120 kB
Cached:          1150124 kB
MemTotal:        1844596 kB
MemFree:          198456 kB
MemAvailable:    1409528 kB
Buffers:           91120 kB
Cached:          1150124 kB
MemTotal:        1844596 kB
MemFree:          199340 kB
MemAvailable:    1410412 kB
Buffers:           91120 kB
Cached:          1150124 kB
MemTotal:        1844596 kB
MemFree:          199340 kB
MemAvailable:    1410412 kB
Buffers:           91120 kB
Cached:          1150124 kB
MemTotal:        1844596 kB
MemFree:          199324 kB
MemAvailable:    1410396 kB
Buffers:           91120 kB
Cached:          1150124 kB
MemTotal:        1844596 kB
MemFree:          199324 kB
MemAvailable:    1410396 kB
Buffers:           91120 kB
Cached:          1150124 kB
MemTotal:        1844596 kB
MemFree:          199292 kB
MemAvailable:    1410364 kB
Buffers:           91120 kB
Cached:          1150124 kB
MemTotal:        1844596 kB
MemFree:          198296 kB
MemAvailable:    1409368 kB
Buffers:           91120 kB
Cached:          1150124 kB
MemTotal:        1844596 kB
MemFree:          199184 kB
MemAvailable:    1410256 kB
Buffers:           91120 kB
Cached:          1150124 kB
MemTotal:        1844596 kB
MemFree:          199268 kB
MemAvailable:    1410340 kB
Buffers:           91120 kB
Cached:          1150124 kB
MemTotal:        1844596 kB
MemFree:          198032 kB
MemAvailable:    1409104 kB
Buffers:           91120 kB
Cached:          1150124 kB
MemTotal:        1844596 kB
MemFree:          199140 kB
MemAvailable:    1410212 kB
Buffers:           91120 kB
Cached:          1150124 kB
MemTotal:        1844596 kB
MemFree:          199308 kB
MemAvailable:    1410380 kB
Buffers:           91120 kB
Cached:          1150124 kB
MemTotal:        1844596 kB
MemFree:          198108 kB
MemAvailable:    1409180 kB
Buffers:           91120 kB
Cached:          1150124 kB
MemTotal:        1844596 kB
MemFree:          198976 kB
MemAvailable:    1410048 kB
Buffers:           91120 kB
Cached:          1150124 kB
MemTotal:        1844596 kB
MemFree:          199388 kB
MemAvailable:    1410460 kB
Buffers:           91120 kB
Cached:          1150124 kB
MemTotal:        1844596 kB
MemFree:          199264 kB
MemAvailable:    1410336 kB
Buffers:           91120 kB
Cached:          1150124 kB
MemTotal:        1844596 kB
MemFree:          199204 kB
MemAvailable:    1410276 kB
Buffers:           91120 kB
Cached:          1150124 kB
MemTotal:        1844596 kB
MemFree:          199272 kB
MemAvailable:    1410344 kB
Buffers:           91120 kB
Cached:          1150124 kB
MemTotal:        1844596 kB
MemFree:          199524 kB
MemAvailable:    1410596 kB
Buffers:           91120 kB
Cached:          1150124 kB
MemTotal:        1844596 kB
MemFree:          199544 kB
MemAvailable:    1410616 kB
Buffers:           91120 kB
Cached:          1150124 kB
MemTotal:        1844596 kB
MemFree:          198088 kB
MemAvailable:    1409160 kB
Buffers:           91120 kB
Cached:          1150124 kB
MemTotal:        1844596 kB
MemFree:          199196 kB
MemAvailable:    1410268 kB
Buffers:           91120 kB
Cached:          1150124 kB
MemTotal:        1844596 kB
MemFree:          199452 kB
MemAvailable:    1410524 kB
Buffers:           91120 kB
Cached:          1150124 kB
MemTotal:        1844596 kB
MemFree:          197612 kB
MemAvailable:    1408684 kB
Buffers:           91120 kB
Cached:          1150124 kB
MemTotal:        1844596 kB
MemFree:          193396 kB
MemAvailable:    1404468 kB
Buffers:           91120 kB
Cached:          1150124 kB
MemTotal:        1844596 kB
MemFree:          188048 kB
MemAvailable:    1399120 kB
Buffers:           91120 kB
Cached:          1150124 kB
MemTotal:        1844596 kB
MemFree:          186948 kB
MemAvailable:    1398020 kB
Buffers:           91120 kB
Cached:          1150124 kB
MemTotal:        1844596 kB
MemFree:          183104 kB
MemAvailable:    1394176 kB
Buffers:           91120 kB
Cached:          1150124 kB
MemTotal:        1844596 kB
MemFree:          181724 kB
MemAvailable:    1392796 kB
Buffers:           91120 kB
Cached:          1150124 kB
MemTotal:        1844596 kB
MemFree:          181724 kB
MemAvailable:    1392796 kB
Buffers:           91120 kB
Cached:          1150124 kB
MemTotal:        1844596 kB
MemFree:          181796 kB
MemAvailable:    1392868 kB
Buffers:           91120 kB
Cached:          1150124 kB
MemTotal:        1844596 kB
MemFree:          181740 kB
MemAvailable:    1392812 kB
Buffers:           91120 kB
Cached:          1150124 kB
MemTotal:        1844596 kB
MemFree:          180444 kB
MemAvailable:    1391516 kB
Buffers:           91120 kB
Cached:          1150124 kB
MemTotal:        1844596 kB
MemFree:          181864 kB
MemAvailable:    1392936 kB
Buffers:           91120 kB
Cached:          1150124 kB
MemTotal:        1844596 kB
MemFree:          181368 kB
MemAvailable:    1392440 kB
Buffers:           91120 kB
Cached:          1150124 kB
MemTotal:        1844596 kB
MemFree:          181752 kB
MemAvailable:    1392832 kB
Buffers:           91120 kB
Cached:          1150132 kB
MemTotal:        1844596 kB
MemFree:          181776 kB
MemAvailable:    1392856 kB
Buffers:           91120 kB
Cached:          1150132 kB
MemTotal:        1844596 kB
MemFree:          181776 kB
MemAvailable:    1392856 kB
Buffers:           91120 kB
Cached:          1150132 kB
MemTotal:        1844596 kB
MemFree:          181608 kB
MemAvailable:    1392688 kB
Buffers:           91120 kB
Cached:          1150132 kB
MemTotal:        1844596 kB
MemFree:          181776 kB
MemAvailable:    1392856 kB
Buffers:           91120 kB
Cached:          1150132 kB
MemTotal:        1844596 kB
MemFree:          181816 kB
MemAvailable:    1392896 kB
Buffers:           91120 kB
Cached:          1150132 kB
MemTotal:        1844596 kB
MemFree:          182040 kB
MemAvailable:    1393120 kB
Buffers:           91120 kB
Cached:          1150132 kB
MemTotal:        1844596 kB
MemFree:          181316 kB
MemAvailable:    1392396 kB
Buffers:           91120 kB
Cached:          1150132 kB
MemTotal:        1844596 kB
MemFree:          181848 kB
MemAvailable:    1392928 kB
Buffers:           91120 kB
Cached:          1150132 kB
MemTotal:        1844596 kB
MemFree:          181932 kB
MemAvailable:    1393012 kB
Buffers:           91120 kB
Cached:          1150132 kB
MemTotal:        1844596 kB
MemFree:          181720 kB
MemAvailable:    1392800 kB
Buffers:           91120 kB
Cached:          1150132 kB
MemTotal:        1844596 kB
MemFree:          181728 kB
MemAvailable:    1392808 kB
Buffers:           91120 kB
Cached:          1150132 kB
MemTotal:        1844596 kB
MemFree:          180980 kB
MemAvailable:    1392060 kB
Buffers:           91120 kB
Cached:          1150132 kB
MemTotal:        1844596 kB
MemFree:          180748 kB
MemAvailable:    1391828 kB
Buffers:           91120 kB
Cached:          1150132 kB
MemTotal:        1844596 kB
MemFree:          180812 kB
MemAvailable:    1391892 kB
Buffers:           91120 kB
Cached:          1150132 kB
MemTotal:        1844596 kB
MemFree:          180980 kB
MemAvailable:    1392060 kB
Buffers:           91120 kB
Cached:          1150132 kB
MemTotal:        1844596 kB
MemFree:          179500 kB
MemAvailable:    1390580 kB
Buffers:           91120 kB
Cached:          1150132 kB
MemTotal:        1844596 kB
MemFree:          180692 kB
MemAvailable:    1391772 kB
Buffers:           91120 kB
Cached:          1150132 kB
MemTotal:        1844596 kB
MemFree:          180692 kB
MemAvailable:    1391772 kB
Buffers:           91120 kB
Cached:          1150132 kB
MemTotal:        1844596 kB
MemFree:          180112 kB
MemAvailable:    1391192 kB
Buffers:           91120 kB
Cached:          1150132 kB
MemTotal:        1844596 kB
MemFree:          180112 kB
MemAvailable:    1391192 kB
Buffers:           91120 kB
Cached:          1150132 kB
MemTotal:        1844596 kB
MemFree:          178136 kB
MemAvailable:    1389216 kB
Buffers:           91120 kB
Cached:          1150132 kB
MemTotal:        1844596 kB
MemFree:          172796 kB
MemAvailable:    1383876 kB
Buffers:           91120 kB
Cached:          1150132 kB
MemTotal:        1844596 kB
MemFree:          172880 kB
MemAvailable:    1383960 kB
Buffers:           91120 kB
Cached:          1150132 kB
MemTotal:        1844596 kB
MemFree:          167348 kB
MemAvailable:    1378428 kB
Buffers:           91120 kB
Cached:          1150132 kB
MemTotal:        1844596 kB
MemFree:          167240 kB
MemAvailable:    1378320 kB
Buffers:           91120 kB
Cached:          1150132 kB
MemTotal:        1844596 kB
MemFree:          162504 kB
MemAvailable:    1373584 kB
Buffers:           91120 kB
Cached:          1150132 kB
MemTotal:        1844596 kB
MemFree:          162592 kB
MemAvailable:    1373672 kB
Buffers:           91120 kB
Cached:          1150132 kB
MemTotal:        1844596 kB
MemFree:          158488 kB
MemAvailable:    1369568 kB
Buffers:           91120 kB
Cached:          1150132 kB
MemTotal:        1844596 kB
MemFree:          157312 kB
MemAvailable:    1368392 kB
Buffers:           91120 kB
Cached:          1150132 kB
MemTotal:        1844596 kB
MemFree:          155328 kB
MemAvailable:    1366408 kB
Buffers:           91120 kB
Cached:          1150132 kB
MemTotal:        1844596 kB
MemFree:          154460 kB
MemAvailable:    1365540 kB
Buffers:           91120 kB
Cached:          1150132 kB
MemTotal:        1844596 kB
MemFree:          151856 kB
MemAvailable:    1362936 kB
Buffers:           91120 kB
Cached:          1150132 kB
MemTotal:        1844596 kB
MemFree:          149980 kB
MemAvailable:    1361060 kB
Buffers:           91120 kB
Cached:          1150132 kB
MemTotal:        1844596 kB
MemFree:          150064 kB
MemAvailable:    1361144 kB
Buffers:           91120 kB
Cached:          1150132 kB
MemTotal:        1844596 kB
MemFree:          148568 kB
MemAvailable:    1359648 kB
Buffers:           91120 kB
Cached:          1150132 kB
MemTotal:        1844596 kB
MemFree:          148824 kB
MemAvailable:    1359904 kB
Buffers:           91120 kB
Cached:          1150132 kB
MemTotal:        1844596 kB
MemFree:          149968 kB
MemAvailable:    1361048 kB
Buffers:           91120 kB
Cached:          1150132 kB
MemTotal:        1844596 kB
MemFree:          150052 kB
MemAvailable:    1361132 kB
Buffers:           91120 kB
Cached:          1150132 kB
MemTotal:        1844596 kB
MemFree:          150036 kB
MemAvailable:    1361116 kB
Buffers:           91120 kB
Cached:          1150132 kB
MemTotal:        1844596 kB
MemFree:          149996 kB
MemAvailable:    1361076 kB
Buffers:           91120 kB
Cached:          1150132 kB
MemTotal:        1844596 kB
MemFree:          150056 kB
MemAvailable:    1361136 kB
Buffers:           91120 kB
Cached:          1150132 kB
MemTotal:        1844596 kB
MemFree:          149624 kB
MemAvailable:    1360704 kB
Buffers:           91120 kB
Cached:          1150132 kB
MemTotal:        1844596 kB
MemFree:          149064 kB
MemAvailable:    1360144 kB
Buffers:           91120 kB
Cached:          1150132 kB
MemTotal:        1844596 kB
MemFree:          147896 kB
MemAvailable:    1358976 kB
Buffers:           91120 kB
Cached:          1150132 kB
MemTotal:        1844596 kB
MemFree:          148624 kB
MemAvailable:    1359704 kB
Buffers:           91120 kB
Cached:          1150132 kB
MemTotal:        1844596 kB
MemFree:          148960 kB
MemAvailable:    1360040 kB
Buffers:           91120 kB
Cached:          1150132 kB
MemTotal:        1844596 kB
MemFree:          148576 kB
MemAvailable:    1359656 kB
Buffers:           91120 kB
Cached:          1150132 kB
MemTotal:        1844596 kB
MemFree:          148748 kB
MemAvailable:    1359828 kB
Buffers:           91120 kB
Cached:          1150132 kB
MemTotal:        1844596 kB
MemFree:          148688 kB
MemAvailable:    1359768 kB
Buffers:           91120 kB
Cached:          1150132 kB
MemTotal:        1844596 kB
MemFree:          147128 kB
MemAvailable:    1358208 kB
Buffers:           91120 kB
Cached:          1150132 kB
MemTotal:        1844596 kB
MemFree:          148312 kB
MemAvailable:    1359392 kB
Buffers:           91120 kB
Cached:          1150132 kB
MemTotal:        1844596 kB
MemFree:          148312 kB
MemAvailable:    1359392 kB
Buffers:           91120 kB
Cached:          1150132 kB
MemTotal:        1844596 kB
MemFree:          147624 kB
MemAvailable:    1358704 kB
Buffers:           91120 kB
Cached:          1150132 kB
MemTotal:        1844596 kB
MemFree:          147392 kB
MemAvailable:    1358472 kB
Buffers:           91120 kB
Cached:          1150132 kB
MemTotal:        1844596 kB
MemFree:          147328 kB
MemAvailable:    1358408 kB
Buffers:           91120 kB
Cached:          1150132 kB
MemTotal:        1844596 kB
MemFree:          147664 kB
MemAvailable:    1358744 kB
Buffers:           91120 kB
Cached:          1150132 kB
MemTotal:        1844596 kB
MemFree:          146260 kB
MemAvailable:    1357340 kB
Buffers:           91120 kB
Cached:          1150132 kB
MemTotal:        1844596 kB
MemFree:          146260 kB
MemAvailable:    1357340 kB
Buffers:           91120 kB
Cached:          1150132 kB
MemTotal:        1844596 kB
MemFree:          145764 kB
MemAvailable:    1356844 kB
Buffers:           91120 kB
Cached:          1150132 kB
MemTotal:        1844596 kB
MemFree:          145656 kB
MemAvailable:    1356736 kB
Buffers:           91120 kB
Cached:          1150132 kB
MemTotal:        1844596 kB
MemFree:          145628 kB
MemAvailable:    1356708 kB
Buffers:           91120 kB
Cached:          1150132 kB
MemTotal:        1844596 kB
MemFree:          145964 kB
MemAvailable:    1357044 kB
Buffers:           91120 kB
Cached:          1150132 kB
MemTotal:        1844596 kB
MemFree:          144480 kB
MemAvailable:    1355560 kB
Buffers:           91120 kB
Cached:          1150132 kB
MemTotal:        1844596 kB
MemFree:          145492 kB
MemAvailable:    1356572 kB
Buffers:           91128 kB
Cached:          1150124 kB
MemTotal:        1844596 kB
MemFree:          145640 kB
MemAvailable:    1356720 kB
Buffers:           91128 kB
Cached:          1150124 kB
MemTotal:        1844596 kB
MemFree:          145760 kB
MemAvailable:    1356840 kB
Buffers:           91128 kB
Cached:          1150124 kB
MemTotal:        1844596 kB
MemFree:          145632 kB
MemAvailable:    1356712 kB
Buffers:           91128 kB
Cached:          1150124 kB
MemTotal:        1844596 kB
MemFree:          145632 kB
MemAvailable:    1356712 kB
Buffers:           91128 kB
Cached:          1150124 kB
MemTotal:        1844596 kB
MemFree:          145768 kB
MemAvailable:    1356848 kB
Buffers:           91128 kB
Cached:          1150124 kB
MemTotal:        1844596 kB
MemFree:          145588 kB
MemAvailable:    1356668 kB
Buffers:           91128 kB
Cached:          1150124 kB
MemTotal:        1844596 kB
MemFree:          145648 kB
MemAvailable:    1356728 kB
Buffers:           91128 kB
Cached:          1150124 kB
MemTotal:        1844596 kB
MemFree:          145844 kB
MemAvailable:    1356924 kB
Buffers:           91128 kB
Cached:          1150124 kB
MemTotal:        1844596 kB
MemFree:          144532 kB
MemAvailable:    1355612 kB
Buffers:           91128 kB
Cached:          1150124 kB
MemTotal:        1844596 kB
MemFree:          145856 kB
MemAvailable:    1356936 kB
Buffers:           91128 kB
Cached:          1150124 kB
MemTotal:        1844596 kB
MemFree:          145692 kB
MemAvailable:    1356772 kB
Buffers:           91128 kB
Cached:          1150124 kB
MemTotal:        1844596 kB
MemFree:          145864 kB
MemAvailable:    1356944 kB
Buffers:           91128 kB
Cached:          1150124 kB
MemTotal:        1844596 kB
MemFree:          145516 kB
MemAvailable:    1356616 kB
Buffers:           91128 kB
Cached:          1150144 kB
MemTotal:        1844596 kB
MemFree:          145852 kB
MemAvailable:    1356952 kB
Buffers:           91128 kB
Cached:          1150144 kB
MemTotal:        1844596 kB
MemFree:          145268 kB
MemAvailable:    1356368 kB
Buffers:           91128 kB
Cached:          1150144 kB
MemTotal:        1844596 kB
MemFree:          144616 kB
MemAvailable:    1355716 kB
Buffers:           91128 kB
Cached:          1150144 kB
MemTotal:        1844596 kB
MemFree:          145656 kB
MemAvailable:    1356756 kB
Buffers:           91128 kB
Cached:          1150144 kB
MemTotal:        1844596 kB
MemFree:          144664 kB
MemAvailable:    1355764 kB
Buffers:           91128 kB
Cached:          1150144 kB
MemTotal:        1844596 kB
MemFree:          145780 kB
MemAvailable:    1356880 kB
Buffers:           91128 kB
Cached:          1150144 kB
MemTotal:        1844596 kB
MemFree:          145772 kB
MemAvailable:    1356872 kB
Buffers:           91128 kB
Cached:          1150144 kB
MemTotal:        1844596 kB
MemFree:          145900 kB
MemAvailable:    1357000 kB
Buffers:           91128 kB
Cached:          1150144 kB
MemTotal:        1844596 kB
MemFree:          144408 kB
MemAvailable:    1355508 kB
Buffers:           91128 kB
Cached:          1150144 kB
MemTotal:        1844596 kB
MemFree:          145708 kB
MemAvailable:    1356808 kB
Buffers:           91128 kB
Cached:          1150144 kB
MemTotal:        1844596 kB
MemFree:          145592 kB
MemAvailable:    1356692 kB
Buffers:           91128 kB
Cached:          1150144 kB
MemTotal:        1844596 kB
MemFree:          145844 kB
MemAvailable:    1356944 kB
Buffers:           91128 kB
Cached:          1150144 kB
MemTotal:        1844596 kB
MemFree:          145768 kB
MemAvailable:    1356868 kB
Buffers:           91128 kB
Cached:          1150144 kB
MemTotal:        1844596 kB
MemFree:          144356 kB
MemAvailable:    1355456 kB
Buffers:           91128 kB
Cached:          1150144 kB
MemTotal:        1844596 kB
MemFree:          144604 kB
MemAvailable:    1355704 kB
Buffers:           91128 kB
Cached:          1150144 kB
MemTotal:        1844596 kB
MemFree:          145908 kB
MemAvailable:    1357008 kB
Buffers:           91128 kB
Cached:          1150144 kB
MemTotal:        1844596 kB
MemFree:          145576 kB
MemAvailable:    1356676 kB
Buffers:           91128 kB
Cached:          1150144 kB
MemTotal:        1844596 kB
MemFree:          145408 kB
MemAvailable:    1356508 kB
Buffers:           91128 kB
Cached:          1150144 kB
MemTotal:        1844596 kB
MemFree:          145600 kB
MemAvailable:    1356700 kB
Buffers:           91128 kB
Cached:          1150144 kB
MemTotal:        1844596 kB
MemFree:          142432 kB
MemAvailable:    1353532 kB
Buffers:           91128 kB
Cached:          1150144 kB
MemTotal:        1844596 kB
MemFree:          140936 kB
MemAvailable:    1352036 kB
Buffers:           91128 kB
Cached:          1150144 kB
MemTotal:        1844596 kB
MemFree:          140936 kB
MemAvailable:    1352036 kB
Buffers:           91128 kB
Cached:          1150144 kB
MemTotal:        1844596 kB
MemFree:          139068 kB
MemAvailable:    1350168 kB
Buffers:           91128 kB
Cached:          1150144 kB
MemTotal:        1844596 kB
MemFree:          139208 kB
MemAvailable:    1350308 kB
Buffers:           91128 kB
Cached:          1150144 kB
MemTotal:        1844596 kB
MemFree:          139056 kB
MemAvailable:    1350156 kB
Buffers:           91128 kB
Cached:          1150144 kB
MemTotal:        1844596 kB
MemFree:          139308 kB
MemAvailable:    1350408 kB
Buffers:           91128 kB
Cached:          1150144 kB
MemTotal:        1844596 kB
MemFree:          137704 kB
MemAvailable:    1348804 kB
Buffers:           91128 kB
Cached:          1150144 kB
MemTotal:        1844596 kB
MemFree:          139272 kB
MemAvailable:    1350372 kB
Buffers:           91128 kB
Cached:          1150144 kB
MemTotal:        1844596 kB
MemFree:          139144 kB
MemAvailable:    1350244 kB
Buffers:           91128 kB
Cached:          1150144 kB
MemTotal:        1844596 kB
MemFree:          139396 kB
MemAvailable:    1350496 kB
Buffers:           91128 kB
Cached:          1150144 kB
MemTotal:        1844596 kB
MemFree:          139160 kB
MemAvailable:    1350260 kB
Buffers:           91128 kB
Cached:          1150144 kB
MemTotal:        1844596 kB
MemFree:          137832 kB
MemAvailable:    1348932 kB
Buffers:           91128 kB
Cached:          1150144 kB
MemTotal:        1844596 kB
MemFree:          139016 kB
MemAvailable:    1350116 kB
Buffers:           91128 kB
Cached:          1150144 kB
MemTotal:        1844596 kB
MemFree:          139016 kB
MemAvailable:    1350116 kB
Buffers:           91128 kB
Cached:          1150144 kB
MemTotal:        1844596 kB
MemFree:          139028 kB
MemAvailable:    1350128 kB
Buffers:           91128 kB
Cached:          1150144 kB
MemTotal:        1844596 kB
MemFree:          137780 kB
MemAvailable:    1348880 kB
Buffers:           91128 kB
Cached:          1150144 kB
MemTotal:        1844596 kB
MemFree:          138756 kB
MemAvailable:    1350108 kB
Buffers:           91128 kB
Cached:          1150516 kB
MemTotal:        1844596 kB
MemFree:          139092 kB
MemAvailable:    1350444 kB
Buffers:           91128 kB
Cached:          1150516 kB
MemTotal:        1844596 kB
MemFree:          137648 kB
MemAvailable:    1349168 kB
Buffers:           91128 kB
Cached:          1150640 kB
MemTotal:        1844596 kB
MemFree:          137472 kB
MemAvailable:    1349076 kB
Buffers:           91128 kB
Cached:          1150640 kB
MemTotal:        1844596 kB
MemFree:          137348 kB
MemAvailable:    1349036 kB
Buffers:           91128 kB
Cached:          1150764 kB
MemTotal:        1844596 kB
MemFree:          137348 kB
MemAvailable:    1349036 kB
Buffers:           91128 kB
Cached:          1150764 kB
MemTotal:        1844596 kB
MemFree:          138200 kB
MemAvailable:    1349976 kB
Buffers:           91128 kB
Cached:          1150768 kB
MemTotal:        1844596 kB
MemFree:          138536 kB
MemAvailable:    1350312 kB
Buffers:           91128 kB
Cached:          1150768 kB
MemTotal:        1844596 kB
MemFree:          138500 kB
MemAvailable:    1350276 kB
Buffers:           91128 kB
Cached:          1150768 kB
MemTotal:        1844596 kB
MemFree:          137348 kB
MemAvailable:    1349124 kB
Buffers:           91128 kB
Cached:          1150768 kB
MemTotal:        1844596 kB
MemFree:          138212 kB
MemAvailable:    1349988 kB
Buffers:           91128 kB
Cached:          1150768 kB
MemTotal:        1844596 kB
MemFree:          138512 kB
MemAvailable:    1350288 kB
Buffers:           91128 kB
Cached:          1150768 kB
MemTotal:        1844596 kB
MemFree:          137464 kB
MemAvailable:    1349240 kB
Buffers:           91128 kB
Cached:          1150768 kB
MemTotal:        1844596 kB
MemFree:          138320 kB
MemAvailable:    1350180 kB
Buffers:           91128 kB
Cached:          1150892 kB
MemTotal:        1844596 kB
MemFree:          137936 kB
MemAvailable:    1349124 kB
Buffers:           91128 kB
Cached:          1150176 kB
MemTotal:        1844596 kB
MemFree:          137952 kB
MemAvailable:    1349140 kB
Buffers:           91128 kB
Cached:          1150176 kB
MemTotal:        1844596 kB
MemFree:          255296 kB
MemAvailable:    1466484 kB
Buffers:           91128 kB
Cached:          1150176 kB
MemTotal:        1844596 kB
MemFree:          335088 kB
MemAvailable:    1546276 kB
Buffers:           91128 kB
Cached:          1150176 kB
