MemTotal:        1844596 kB
MemFree:          695872 kB
MemAvailable:    1547800 kB
Buffers:           89540 kB
Cached:           785952 kB
MemTotal:        1844596 kB
MemFree:          667120 kB
MemAvailable:    1519056 kB
Buffers:           89540 kB
Cached:           785956 kB
MemTotal:        1844596 kB
MemFree:          667668 kB
MemAvailable:    1519604 kB
Buffers:           89540 kB
Cached:           785956 kB
MemTotal:        1844596 kB
MemFree:          666252 kB
MemAvailable:    1518188 kB
Buffers:           89540 kB
Cached:           785956 kB
MemTotal:        1844596 kB
MemFree:          665468 kB
MemAvailable:    1517404 kB
Buffers:           89540 kB
Cached:           785956 kB
MemTotal:        1844596 kB
MemFree:          663260 kB
MemAvailable:    1515196 kB
Buffers:           89540 kB
Cached:           785956 kB
MemTotal:        1844596 kB
MemFree:          663524 kB
MemAvailable:    1515460 kB
Buffers:           89540 kB
Cached:           785956 kB
MemTotal:        1844596 kB
MemFree:          662020 kB
MemAvailable:    1513956 kB
Buffers:           89540 kB
Cached:           785956 kB
MemTotal:        1844596 kB
MemFree:          662108 kB
MemAvailable:    1514044 kB
Buffers:           89540 kB
Cached:           785956 kB
MemTotal:        1844596 kB
MemFree:          657308 kB
MemAvailable:    1509244 kB
Buffers:           89540 kB
Cached:           785956 kB
MemTotal:        1844596 kB
MemFree:          656648 kB
MemAvailable:    1508584 kB
Buffers:           89540 kB
Cached:           785956 kB
MemTotal:        1844596 kB
MemFree:          653480 kB
MemAvailable:    1505416 kB
Buffers:           89540 kB
Cached:           785956 kB
MemTotal:        1844596 kB
MemFree:          655216 kB
MemAvailable:    1507152 kB
Buffers:           89540 kB
Cached:           785956 kB
MemTotal:        1844596 kB
MemFree:          655816 kB
MemAvailable:    1507752 kB
Buffers:           89540 kB
Cached:           785956 kB
MemTotal:        1844596 kB
MemFree:          655900 kB
MemAvailable:    1507836 kB
Buffers:           89540 kB
Cached:           785956 kB
MemTotal:        1844596 kB
MemFree:          654540 kB
MemAvailable:    1506476 kB
Buffers:           89540 kB
Cached:           785956 kB
MemTotal:        1844596 kB
MemFree:          654672 kB
MemAvailable:    1506608 kB
Buffers:           89540 kB
Cached:           785956 kB
MemTotal:        1844596 kB
MemFree:          655572 kB
MemAvailable:    1507508 kB
Buffers:           89540 kB
Cached:           785956 kB
MemTotal:        1844596 kB
MemFree:          655908 kB
MemAvailable:    1507844 kB
Buffers:           89540 kB
Cached:           785956 kB
MemTotal:        1844596 kB
MemFree:          654464 kB
MemAvailable:    1506400 kB
Buffers:           89540 kB
Cached:           785956 kB
MemTotal:        1844596 kB
MemFree:          655624 kB
MemAvailable:    1507560 kB
Buffers:           89540 kB
Cached:           785956 kB
MemTotal:        1844596 kB
MemFree:          654844 kB
MemAvailable:    1506780 kB
Buffers:           89540 kB
Cached:           785956 kB
MemTotal:        1844596 kB
MemFree:          655196 kB
MemAvailable:    1507132 kB
Buffers:           89540 kB
Cached:           785956 kB
MemTotal:        1844596 kB
MemFree:          655280 kB
MemAvailable:    1507216 kB
Buffers:           89540 kB
Cached:           785956 kB
MemTotal:        1844596 kB
MemFree:          654896 kB
MemAvailable:    1506832 kB
Buffers:           89540 kB
Cached:           785956 kB
MemTotal:        1844596 kB
MemFree:          653348 kB
MemAvailable:    1505284 kB
Buffers:           89540 kB
Cached:           785956 kB
MemTotal:        1844596 kB
MemFree:          654332 kB
MemAvailable:    1506268 kB
Buffers:           89540 kB
Cached:           785956 kB
MemTotal:        1844596 kB
MemFree:          654588 kB
MemAvailable:    1506524 kB
Buffers:           89540 kB
Cached:           785956 kB
MemTotal:        1844596 kB
MemFree:          654100 kB
MemAvailable:    1506036 kB
Buffers:           89540 kB
Cached:           785956 kB
MemTotal:        1844596 kB
MemFree:          652984 kB
MemAvailable:    1504920 kB
Buffers:           89540 kB
Cached:           785956 kB
MemTotal:        1844596 kB
MemFree:          653092 kB
MemAvailable:    1505028 kB
Buffers:           89540 kB
Cached:           785956 kB
MemTotal:        1844596 kB
MemFree:          651868 kB
MemAvailable:    1503804 kB
Buffers:           89540 kB
Cached:           785956 kB
MemTotal:        1844596 kB
MemFree:          652720 kB
MemAvailable:    1504656 kB
Buffers:           89540 kB
Cached:           785956 kB
MemTotal:        1844596 kB
MemFree:          652976 kB
MemAvailable:    1504912 kB
Buffers:           89540 kB
Cached:           785956 kB
MemTotal:        1844596 kB
MemFree:          651564 kB
MemAvailable:    1503500 kB
Buffers:           89540 kB
Cached:           785956 kB
MemTotal:        1844596 kB
MemFree:          652716 kB
MemAvailable:    1504652 kB
Buffers:           89540 kB
Cached:           785956 kB
MemTotal:        1844596 kB
MemFree:          652696 kB
MemAvailable:    1504632 kB
Buffers:           89540 kB
Cached:           785956 kB
MemTotal:        1844596 kB
MemFree:          652948 kB
MemAvailable:    1504884 kB
Buffers:           89540 kB
Cached:           785956 kB
MemTotal:        1844596 kB
MemFree:          652540 kB
MemAvailable:    1504476 kB
Buffers:           89540 kB
Cached:           785956 kB
MemTotal:        1844596 kB
MemFree:          652876 kB
MemAvailable:    1504812 kB
Buffers:           89540 kB
Cached:           785956 kB
MemTotal:        1844596 kB
MemFree:          652716 kB
MemAvailable:    1504652 kB
Buffers:           89540 kB
Cached:           785956 kB
MemTotal:        1844596 kB
MemFree:          648760 kB
MemAvailable:    1500696 kB
Buffers:           89540 kB
Cached:           785956 kB
MemTotal:        1844596 kB
MemFree:          648760 kB
MemAvailable:    1500696 kB
Buffers:           89540 kB
Cached:           785956 kB
MemTotal:        1844596 kB
MemFree:          647512 kB
MemAvailable:    1499460 kB
Buffers:           89540 kB
Cached:           785964 kB
MemTotal:        1844596 kB
MemFree:          647280 kB
MemAvailable:    1499228 kB
Buffers:           89540 kB
Cached:           785964 kB
MemTotal:        1844596 kB
MemFree:          646892 kB
MemAvailable:    1498840 kB
Buffers:           89540 kB
Cached:           785964 kB
MemTotal:        1844596 kB
MemFree:          646484 kB
MemAvailable:    1498432 kB
Buffers:           89540 kB
Cached:           785964 kB
MemTotal:        1844596 kB
MemFree:          647224 kB
MemAvailable:    1499172 kB
Buffers:           89540 kB
Cached:           785964 kB
MemTotal:        1844596 kB
MemFree:          647224 kB
MemAvailable:    1499172 kB
Buffers:           89540 kB
Cached:           785964 kB
MemTotal:        1844596 kB
MemFree:          647232 kB
MemAvailable:    1499180 kB
Buffers:           89540 kB
Cached:           785964 kB
MemTotal:        1844596 kB
MemFree:          645984 kB
MemAvailable:    1497932 kB
Buffers:           89540 kB
Cached:           785964 kB
MemTotal:        1844596 kB
MemFree:          645852 kB
MemAvailable:    1497800 kB
Buffers:           89540 kB
Cached:           785964 kB
MemTotal:        1844596 kB
MemFree:          646864 kB
MemAvailable:    1498812 kB
Buffers:           89540 kB
Cached:           785964 kB
MemTotal:        1844596 kB
MemFree:          646864 kB
MemAvailable:    1498812 kB
Buffers:           89540 kB
Cached:           785964 kB
MemTotal:        1844596 kB
MemFree:          646964 kB
MemAvailable:    1498912 kB
Buffers:           89540 kB
Cached:           785964 kB
MemTotal:        1844596 kB
MemFree:          647132 kB
MemAvailable:    1499080 kB
Buffers:           89540 kB
Cached:           785964 kB
MemTotal:        1844596 kB
MemFree:          646720 kB
MemAvailable:    1498668 kB
Buffers:           89540 kB
Cached:           785964 kB
MemTotal:        1844596 kB
MemFree:          647056 kB
MemAvailable:    1499004 kB
Buffers:           89540 kB
Cached:           785964 kB
MemTotal:        1844596 kB
MemFree:          646536 kB
MemAvailable:    1498484 kB
Buffers:           89540 kB
Cached:           785964 kB
MemTotal:        1844596 kB
MemFree:          643124 kB
MemAvailable:    1495072 kB
Buffers:           89540 kB
Cached:           785964 kB
MemTotal:        1844596 kB
MemFree:          641204 kB
MemAvailable:    1493152 kB
Buffers:           89540 kB
Cached:           785964 kB
MemTotal:        1844596 kB
MemFree:          640816 kB
MemAvailable:    1492764 kB
Buffers:           89540 kB
Cached:           785964 kB
MemTotal:        1844596 kB
MemFree:          640816 kB
MemAvailable:    1492764 kB
Buffers:           89540 kB
Cached:           785964 kB
MemTotal:        1844596 kB
MemFree:          639204 kB
MemAvailable:    1491152 kB
Buffers:           89540 kB
Cached:           785964 kB
MemTotal:        1844596 kB
MemFree:          639540 kB
MemAvailable:    1491488 kB
Buffers:           89540 kB
Cached:           785964 kB
MemTotal:        1844596 kB
MemFree:          637980 kB
MemAvailable:    1489928 kB
Buffers:           89540 kB
Cached:           785964 kB
MemTotal:        1844596 kB
MemFree:          638468 kB
MemAvailable:    1490416 kB
Buffers:           89540 kB
Cached:           785964 kB
MemTotal:        1844596 kB
MemFree:          638552 kB
MemAvailable:    1490500 kB
Buffers:           89540 kB
Cached:           785964 kB
MemTotal:        1844596 kB
MemFree:          638336 kB
MemAvailable:    1490284 kB
Buffers:           89540 kB
Cached:           785964 kB
MemTotal:        1844596 kB
MemFree:          638588 kB
MemAvailable:    1490536 kB
Buffers:           89540 kB
Cached:           785964 kB
MemTotal:        1844596 kB
MemFree:          636924 kB
MemAvailable:    1488872 kB
Buffers:           89540 kB
Cached:           785964 kB
MemTotal:        1844596 kB
MemFree:          637056 kB
MemAvailable:    1489004 kB
Buffers:           89540 kB
Cached:           785964 kB
MemTotal:        1844596 kB
MemFree:          637180 kB
MemAvailable:    1489128 kB
Buffers:           89540 kB
Cached:           785964 kB
MemTotal:        1844596 kB
MemFree:          637180 kB
MemAvailable:    1489128 kB
Buffers:           89540 kB
Cached:           785964 kB
MemTotal:        1844596 kB
MemFree:          638288 kB
MemAvailable:    1490236 kB
Buffers:           89540 kB
Cached:           785964 kB
MemTotal:        1844596 kB
MemFree:          638288 kB
MemAvailable:    1490236 kB
Buffers:           89540 kB
Cached:           785964 kB
MemTotal:        1844596 kB
MemFree:          638284 kB
MemAvailable:    1490232 kB
Buffers:           89540 kB
Cached:           785964 kB
MemTotal:        1844596 kB
MemFree:          637360 kB
MemAvailable:    1489308 kB
Buffers:           89540 kB
Cached:           785964 kB
MemTotal:        1844596 kB
MemFree:          637964 kB
MemAvailable:    1489916 kB
Buffers:           89540 kB
Cached:           785968 kB
MemTotal:        1844596 kB
MemFree:          638300 kB
MemAvailable:    1490252 kB
Buffers:           89540 kB
Cached:           785968 kB
MemTotal:        1844596 kB
MemFree:          638024 kB
MemAvailable:    1489976 kB
Buffers:           89540 kB
Cached:           785968 kB
MemTotal:        1844596 kB
MemFree:          636996 kB
MemAvailable:    1488948 kB
Buffers:           89540 kB
Cached:           785968 kB
MemTotal:        1844596 kB
MemFree:          636568 kB
MemAvailable:    1488520 kB
Buffers:           89540 kB
Cached:           785968 kB
MemTotal:        1844596 kB
MemFree:          638208 kB
MemAvailable:    1490160 kB
Buffers:           89540 kB
Cached:           785968 kB
MemTotal:        1844596 kB
MemFree:          637236 kB
MemAvailable:    1489188 kB
Buffers:           89540 kB
Cached:           785968 kB
MemTotal:        1844596 kB
MemFree:          638312 kB
MemAvailable:    1490264 kB
Buffers:           89540 kB
Cached:           785968 kB
MemTotal:        1844596 kB
MemFree:          636980 kB
MemAvailable:    1488932 kB
Buffers:           89540 kB
Cached:           785968 kB
MemTotal:        1844596 kB
MemFree:          635732 kB
MemAvailable:    1487684 kB
Buffers:           89540 kB
Cached:           785968 kB
MemTotal:        1844596 kB
MemFree:          635128 kB
MemAvailable:    1487080 kB
Buffers:           89540 kB
Cached:           785968 kB
MemTotal:        1844596 kB
MemFree:          632276 kB
MemAvailable:    1484228 kB
Buffers:           89540 kB
Cached:           785968 kB
MemTotal:        1844596 kB
MemFree:          629548 kB
MemAvailable:    1481500 kB
Buffers:           89540 kB
Cached:           785968 kB
MemTotal:        1844596 kB
MemFree:          629656 kB
MemAvailable:    1481608 kB
Buffers:           89540 kB
Cached:           785968 kB
MemTotal:        1844596 kB
MemFree:          629740 kB
MemAvailable:    1481692 kB
Buffers:           89540 kB
Cached:           785968 kB
MemTotal:        1844596 kB
MemFree:          629824 kB
MemAvailable:    1481776 kB
Buffers:           89540 kB
Cached:           785968 kB
MemTotal:        1844596 kB
MemFree:          629908 kB
MemAvailable:    1481860 kB
Buffers:           89540 kB
Cached:           785968 kB
MemTotal:        1844596 kB
MemFree:          628536 kB
MemAvailable:    1480488 kB
Buffers:           89540 kB
Cached:           785968 kB
MemTotal:        1844596 kB
MemFree:          628308 kB
MemAvailable:    1480260 kB
Buffers:           89540 kB
Cached:           785968 kB
MemTotal:        1844596 kB
MemFree:          628176 kB
MemAvailable:    1480128 kB
Buffers:           89540 kB
Cached:           785968 kB
MemTotal:        1844596 kB
MemFree:          629284 kB
MemAvailable:    1481236 kB
Buffers:           89540 kB
Cached:           785968 kB
MemTotal:        1844596 kB
MemFree:          629368 kB
MemAvailable:    1481320 kB
Buffers:           89540 kB
Cached:           785968 kB
MemTotal:        1844596 kB
MemFree:          629160 kB
MemAvailable:    1481112 kB
Buffers:           89540 kB
Cached:           785968 kB
MemTotal:        1844596 kB
MemFree:          629412 kB
MemAvailable:    1481364 kB
Buffers:           89540 kB
Cached:           785968 kB
MemTotal:        1844596 kB
MemFree:          629156 kB
MemAvailable:    1481108 kB
Buffers:           89540 kB
Cached:           785968 kB
MemTotal:        1844596 kB
MemFree:          629412 kB
MemAvailable:    1481364 kB
Buffers:           89540 kB
Cached:           785968 kB
MemTotal:        1844596 kB
MemFree:          628968 kB
MemAvailable:    1480920 kB
Buffers:           89540 kB
Cached:           785968 kB
MemTotal:        1844596 kB
MemFree:          629220 kB
MemAvailable:    1481172 kB
Buffers:           89540 kB
Cached:           785968 kB
MemTotal:        1844596 kB
MemFree:          629416 kB
MemAvailable:    1481368 kB
Buffers:           89540 kB
Cached:           785968 kB
MemTotal:        1844596 kB
MemFree:          628564 kB
MemAvailable:    1480516 kB
Buffers:           89540 kB
Cached:           785968 kB
MemTotal:        1844596 kB
MemFree:          629416 kB
MemAvailable:    1481368 kB
Buffers:           89540 kB
Cached:           785968 kB
MemTotal:        1844596 kB
MemFree:          629416 kB
MemAvailable:    1481368 kB
Buffers:           89540 kB
Cached:           785968 kB
MemTotal:        1844596 kB
MemFree:          628988 kB
MemAvailable:    1480940 kB
Buffers:           89540 kB
Cached:           785968 kB
MemTotal:        1844596 kB
MemFree:          629324 kB
MemAvailable:    1481276 kB
Buffers:           89540 kB
Cached:           785968 kB
MemTotal:        1844596 kB
MemFree:          629288 kB
MemAvailable:    1481240 kB
Buffers:           89540 kB
Cached:           785968 kB
MemTotal:        1844596 kB
MemFree:          629168 kB
MemAvailable:    1481120 kB
Buffers:           89540 kB
Cached:           785968 kB
MemTotal:        1844596 kB
MemFree:          629184 kB
MemAvailable:    1481136 kB
Buffers:           89540 kB
Cached:           785968 kB
MemTotal:        1844596 kB
MemFree:          629284 kB
MemAvailable:    1481236 kB
Buffers:           89540 kB
Cached:           785968 kB
MemTotal:        1844596 kB
MemFree:          627928 kB
MemAvailable:    1479880 kB
Buffers:           89540 kB
Cached:           785968 kB
MemTotal:        1844596 kB
MemFree:          629312 kB
MemAvailable:    1481264 kB
Buffers:           89540 kB
Cached:           785968 kB
MemTotal:        1844596 kB
MemFree:          629024 kB
MemAvailable:    1480976 kB
Buffers:           89540 kB
Cached:           785968 kB
MemTotal:        1844596 kB
MemFree:          629192 kB
MemAvailable:    1481144 kB
Buffers:           89540 kB
Cached:           785968 kB
MemTotal:        1844596 kB
MemFree:          628904 kB
MemAvailable:    1480856 kB
Buffers:           89540 kB
Cached:           785968 kB
MemTotal:        1844596 kB
MemFree:          629240 kB
MemAvailable:    1481192 kB
Buffers:           89540 kB
Cached:           785968 kB
MemTotal:        1844596 kB
MemFree:          628020 kB
MemAvailable:    1479980 kB
Buffers:           89540 kB
Cached:           785976 kB
MemTotal:        1844596 kB
MemFree:          628056 kB
MemAvailable:    1480016 kB
Buffers:           89540 kB
Cached:           785976 kB
MemTotal:        1844596 kB
MemFree:          629128 kB
MemAvailable:    1481088 kB
Buffers:           89540 kB
Cached:           785976 kB
MemTotal:        1844596 kB
MemFree:          628004 kB
MemAvailable:    1479964 kB
Buffers:           89540 kB
Cached:           785976 kB
MemTotal:        1844596 kB
MemFree:          629156 kB
MemAvailable:    1481116 kB
Buffers:           89540 kB
Cached:           785976 kB
MemTotal:        1844596 kB
MemFree:          629412 kB
MemAvailable:    1481372 kB
Buffers:           89540 kB
Cached:           785976 kB
MemTotal:        1844596 kB
MemFree:          623828 kB
MemAvailable:    1475788 kB
Buffers:           89540 kB
Cached:           785976 kB
MemTotal:        1844596 kB
MemFree:          623704 kB
MemAvailable:    1475664 kB
Buffers:           89540 kB
Cached:           785976 kB
MemTotal:        1844596 kB
MemFree:          618876 kB
MemAvailable:    1470836 kB
Buffers:           89540 kB
Cached:           785976 kB
MemTotal:        1844596 kB
MemFree:          619008 kB
MemAvailable:    1470968 kB
Buffers:           89540 kB
Cached:           785976 kB
MemTotal:        1844596 kB
MemFree:          618680 kB
MemAvailable:    1470640 kB
Buffers:           89540 kB
Cached:           785976 kB
MemTotal:        1844596 kB
MemFree:          618364 kB
MemAvailable:    1470324 kB
Buffers:           89540 kB
Cached:           785976 kB
MemTotal:        1844596 kB
MemFree:          618364 kB
MemAvailable:    1470408 kB
Buffers:           89540 kB
Cached:           785976 kB
MemTotal:        1844596 kB
MemFree:          618208 kB
MemAvailable:    1470168 kB
Buffers:           89540 kB
Cached:           785976 kB
MemTotal:        1844596 kB
MemFree:          618544 kB
MemAvailable:    1470504 kB
Buffers:           89540 kB
Cached:           785976 kB
MemTotal:        1844596 kB
MemFree:          618244 kB
MemAvailable:    1470204 kB
Buffers:           89540 kB
Cached:           785976 kB
MemTotal:        1844596 kB
MemFree:          618500 kB
MemAvailable:    1470460 kB
Buffers:           89540 kB
Cached:           785976 kB
MemTotal:        1844596 kB
MemFree:          618196 kB
MemAvailable:    1470156 kB
Buffers:           89540 kB
Cached:           785976 kB
MemTotal:        1844596 kB
MemFree:          618364 kB
MemAvailable:    1470324 kB
Buffers:           89540 kB
Cached:           785976 kB
MemTotal:        1844596 kB
MemFree:          618200 kB
MemAvailable:    1470160 kB
Buffers:           89540 kB
Cached:           785976 kB
MemTotal:        1844596 kB
MemFree:          618536 kB
MemAvailable:    1470496 kB
Buffers:           89540 kB
Cached:           785976 kB
MemTotal:        1844596 kB
MemFree:          618460 kB
MemAvailable:    1470420 kB
Buffers:           89540 kB
Cached:           785976 kB
MemTotal:        1844596 kB
MemFree:          618432 kB
MemAvailable:    1470392 kB
Buffers:           89540 kB
Cached:           785976 kB
MemTotal:        1844596 kB
MemFree:          618340 kB
MemAvailable:    1470300 kB
Buffers:           89540 kB
Cached:           785976 kB
MemTotal:        1844596 kB
MemFree:          618592 kB
MemAvailable:    1470552 kB
Buffers:           89540 kB
Cached:           785976 kB
MemTotal:        1844596 kB
MemFree:          618380 kB
MemAvailable:    1470340 kB
Buffers:           89540 kB
Cached:           785976 kB
MemTotal:        1844596 kB
MemFree:          618632 kB
MemAvailable:    1470592 kB
Buffers:           89540 kB
Cached:           785976 kB
MemTotal:        1844596 kB
MemFree:          617100 kB
MemAvailable:    1469060 kB
Buffers:           89540 kB
Cached:           785976 kB
MemTotal:        1844596 kB
MemFree:          618248 kB
MemAvailable:    1470208 kB
Buffers:           89540 kB
Cached:           785976 kB
MemTotal:        1844596 kB
MemFree:          618388 kB
MemAvailable:    1470348 kB
Buffers:           89540 kB
Cached:           785976 kB
MemTotal:        1844596 kB
MemFree:          618320 kB
MemAvailable:    1470280 kB
Buffers:           89540 kB
Cached:           785976 kB
MemTotal:        1844596 kB
MemFree:          618488 kB
MemAvailable:    1470448 kB
Buffers:           89540 kB
Cached:           785976 kB
MemTotal:        1844596 kB
MemFree:          616968 kB
MemAvailable:    1468928 kB
Buffers:           89540 kB
Cached:           785976 kB
MemTotal:        1844596 kB
MemFree:          618428 kB
MemAvailable:    1470388 kB
Buffers:           89540 kB
Cached:           785976 kB
MemTotal:        1844596 kB
MemFree:          617528 kB
MemAvailable:    1469488 kB
Buffers:           89540 kB
Cached:           785976 kB
MemTotal:        1844596 kB
MemFree:          618208 kB
MemAvailable:    1470168 kB
Buffers:           89540 kB
Cached:           785976 kB
MemTotal:        1844596 kB
MemFree:          618292 kB
MemAvailable:    1470252 kB
Buffers:           89540 kB
Cached:           785976 kB
MemTotal:        1844596 kB
MemFree:          618184 kB
MemAvailable:    1470144 kB
Buffers:           89540 kB
Cached:           785976 kB
MemTotal:        1844596 kB
MemFree:          618436 kB
MemAvailable:    1470396 kB
Buffers:           89540 kB
Cached:           785976 kB
MemTotal:        1844596 kB
MemFree:          618244 kB
MemAvailable:    1470204 kB
Buffers:           89540 kB
Cached:           785976 kB
MemTotal:        1844596 kB
MemFree:          618500 kB
MemAvailable:    1470460 kB
Buffers:           89540 kB
Cached:           785976 kB
MemTotal:        1844596 kB
MemFree:          618388 kB
MemAvailable:    1470348 kB
Buffers:           89540 kB
Cached:           785976 kB
MemTotal:        1844596 kB
MemFree:          618064 kB
MemAvailable:    1470024 kB
Buffers:           89540 kB
Cached:           785976 kB
MemTotal:        1844596 kB
MemFree:          618400 kB
MemAvailable:    1470360 kB
Buffers:           89540 kB
Cached:           785976 kB
MemTotal:        1844596 kB
MemFree:          616948 kB
MemAvailable:    1468908 kB
Buffers:           89540 kB
Cached:           785976 kB
MemTotal:        1844596 kB
MemFree:          618424 kB
MemAvailable:    1470384 kB
Buffers:           89540 kB
Cached:           785976 kB
MemTotal:        1844596 kB
MemFree:          618352 kB
MemAvailable:    1470312 kB
Buffers:           89540 kB
Cached:           785976 kB
MemTotal:        1844596 kB
MemFree:          618352 kB
MemAvailable:    1470312 kB
Buffers:           89540 kB
Cached:           785976 kB
MemTotal:        1844596 kB
MemFree:          617024 kB
MemAvailable:    1468984 kB
Buffers:           89540 kB
Cached:           785976 kB
MemTotal:        1844596 kB
MemFree:          618332 kB
MemAvailable:    1470292 kB
Buffers:           89540 kB
Cached:           785976 kB
MemTotal:        1844596 kB
MemFree:          616968 kB
MemAvailable:    1468928 kB
Buffers:           89540 kB
Cached:           785976 kB
MemTotal:        1844596 kB
MemFree:          618276 kB
MemAvailable:    1470236 kB
Buffers:           89540 kB
Cached:           785976 kB
MemTotal:        1844596 kB
MemFree:          617100 kB
MemAvailable:    1469060 kB
Buffers:           89540 kB
Cached:           785976 kB
MemTotal:        1844596 kB
MemFree:          618500 kB
MemAvailable:    1470460 kB
Buffers:           89540 kB
Cached:           785976 kB
MemTotal:        1844596 kB
MemFree:          618252 kB
MemAvailable:    1470212 kB
Buffers:           89540 kB
Cached:           785976 kB
MemTotal:        1844596 kB
MemFree:          618252 kB
MemAvailable:    1470212 kB
Buffers:           89540 kB
Cached:           785976 kB
MemTotal:        1844596 kB
MemFree:          618436 kB
MemAvailable:    1470396 kB
Buffers:           89540 kB
Cached:           785976 kB
MemTotal:        1844596 kB
MemFree:          618304 kB
MemAvailable:    1470264 kB
Buffers:           89540 kB
Cached:           785976 kB
MemTotal:        1844596 kB
MemFree:          616776 kB
MemAvailable:    1468736 kB
Buffers:           89540 kB
Cached:           785976 kB
MemTotal:        1844596 kB
MemFree:          616652 kB
MemAvailable:    1468612 kB
Buffers:           89540 kB
Cached:           785976 kB
MemTotal:        1844596 kB
MemFree:          617216 kB
MemAvailable:    1469180 kB
Buffers:           89540 kB
Cached:           785980 kB
MemTotal:        1844596 kB
MemFree:          617468 kB
MemAvailable:    1469432 kB
Buffers:           89540 kB
Cached:           785980 kB
MemTotal:        1844596 kB
MemFree:          617216 kB
MemAvailable:    1469180 kB
Buffers:           89540 kB
Cached:           785980 kB
MemTotal:        1844596 kB
MemFree:          615976 kB
MemAvailable:    1467940 kB
Buffers:           89540 kB
Cached:           785980 kB
MemTotal:        1844596 kB
MemFree:          615976 kB
MemAvailable:    1467940 kB
Buffers:           89540 kB
Cached:           785980 kB
MemTotal:        1844596 kB
MemFree:          617076 kB
MemAvailable:    1469040 kB
Buffers:           89540 kB
Cached:           785980 kB
MemTotal:        1844596 kB
MemFree:          617244 kB
MemAvailable:    1469208 kB
Buffers:           89540 kB
Cached:           785980 kB
MemTotal:        1844596 kB
MemFree:          617196 kB
MemAvailable:    1469160 kB
Buffers:           89540 kB
Cached:           785980 kB
MemTotal:        1844596 kB
MemFree:          617116 kB
MemAvailable:    1469080 kB
Buffers:           89540 kB
Cached:           785980 kB
MemTotal:        1844596 kB
MemFree:          617200 kB
MemAvailable:    1469164 kB
Buffers:           89540 kB
Cached:           785980 kB
MemTotal:        1844596 kB
MemFree:          615768 kB
MemAvailable:    1467732 kB
Buffers:           89540 kB
Cached:           785980 kB
MemTotal:        1844596 kB
MemFree:          616752 kB
MemAvailable:    1468716 kB
Buffers:           89540 kB
Cached:           785980 kB
MemTotal:        1844596 kB
MemFree:          615792 kB
MemAvailable:    1467756 kB
Buffers:           89540 kB
Cached:           785980 kB
MemTotal:        1844596 kB
MemFree:          616636 kB
MemAvailable:    1468600 kB
Buffers:           89540 kB
Cached:           785980 kB
MemTotal:        1844596 kB
MemFree:          616032 kB
MemAvailable:    1467996 kB
Buffers:           89540 kB
Cached:           785980 kB
MemTotal:        1844596 kB
MemFree:          616636 kB
MemAvailable:    1468600 kB
Buffers:           89540 kB
Cached:           785980 kB
MemTotal:        1844596 kB
MemFree:          616888 kB
MemAvailable:    1468852 kB
Buffers:           89540 kB
Cached:           785980 kB
MemTotal:        1844596 kB
MemFree:          616816 kB
MemAvailable:    1468780 kB
Buffers:           89540 kB
Cached:           785980 kB
MemTotal:        1844596 kB
MemFree:          616944 kB
MemAvailable:    1468908 kB
Buffers:           89540 kB
Cached:           785980 kB
MemTotal:        1844596 kB
MemFree:          616164 kB
MemAvailable:    1468132 kB
Buffers:           89540 kB
Cached:           785984 kB
MemTotal:        1844596 kB
MemFree:          615544 kB
MemAvailable:    1467512 kB
Buffers:           89540 kB
Cached:           785984 kB
MemTotal:        1844596 kB
MemFree:          616628 kB
MemAvailable:    1468596 kB
Buffers:           89540 kB
Cached:           785984 kB
MemTotal:        1844596 kB
MemFree:          615360 kB
MemAvailable:    1467328 kB
Buffers:           89540 kB
Cached:           785984 kB
MemTotal:        1844596 kB
MemFree:          615484 kB
MemAvailable:    1467452 kB
Buffers:           89540 kB
Cached:           785984 kB
MemTotal:        1844596 kB
MemFree:          615220 kB
MemAvailable:    1467188 kB
Buffers:           89540 kB
Cached:           785984 kB
MemTotal:        1844596 kB
MemFree:          615352 kB
MemAvailable:    1467320 kB
Buffers:           89540 kB
Cached:           785984 kB
MemTotal:        1844596 kB
MemFree:          611948 kB
MemAvailable:    1463916 kB
Buffers:           89540 kB
Cached:           785984 kB
MemTotal:        1844596 kB
MemFree:          608476 kB
MemAvailable:    1460444 kB
Buffers:           89540 kB
Cached:           785984 kB
MemTotal:        1844596 kB
MemFree:          605740 kB
MemAvailable:    1457708 kB
Buffers:           89540 kB
Cached:           785984 kB
MemTotal:        1844596 kB
MemFree:          605740 kB
MemAvailable:    1457708 kB
Buffers:           89540 kB
Cached:           785984 kB
MemTotal:        1844596 kB
MemFree:          605500 kB
MemAvailable:    1457468 kB
Buffers:           89540 kB
Cached:           785984 kB
MemTotal:        1844596 kB
MemFree:          605428 kB
MemAvailable:    1457396 kB
Buffers:           89540 kB
Cached:           785984 kB
MemTotal:        1844596 kB
MemFree:          604012 kB
MemAvailable:    1455980 kB
Buffers:           89540 kB
Cached:           785984 kB
MemTotal:        1844596 kB
MemFree:          604872 kB
MemAvailable:    1456840 kB
Buffers:           89540 kB
Cached:           785984 kB
MemTotal:        1844596 kB
MemFree:          604640 kB
MemAvailable:    1456608 kB
Buffers:           89540 kB
Cached:           785984 kB
MemTotal:        1844596 kB
MemFree:          604676 kB
MemAvailable:    1456644 kB
Buffers:           89540 kB
Cached:           785984 kB
MemTotal:        1844596 kB
MemFree:          603268 kB
MemAvailable:    1455236 kB
Buffers:           89540 kB
Cached:           785984 kB
MemTotal:        1844596 kB
MemFree:          602640 kB
MemAvailable:    1454608 kB
Buffers:           89540 kB
Cached:           785984 kB
MemTotal:        1844596 kB
MemFree:          601656 kB
MemAvailable:    1453624 kB
Buffers:           89540 kB
Cached:           785984 kB
MemTotal:        1844596 kB
MemFree:          602276 kB
MemAvailable:    1454244 kB
Buffers:           89540 kB
Cached:           785984 kB
MemTotal:        1844596 kB
MemFree:          602028 kB
MemAvailable:    1453996 kB
Buffers:           89540 kB
Cached:           785984 kB
MemTotal:        1844596 kB
MemFree:          600532 kB
MemAvailable:    1452500 kB
Buffers:           89540 kB
Cached:           785984 kB
MemTotal:        1844596 kB
MemFree:          600648 kB
MemAvailable:    1452616 kB
Buffers:           89540 kB
Cached:           785984 kB
MemTotal:        1844596 kB
MemFree:          600524 kB
MemAvailable:    1452492 kB
Buffers:           89540 kB
Cached:           785984 kB
MemTotal:        1844596 kB
MemFree:          600524 kB
MemAvailable:    1452492 kB
Buffers:           89540 kB
Cached:           785984 kB
MemTotal:        1844596 kB
MemFree:          601668 kB
MemAvailable:    1453636 kB
Buffers:           89540 kB
Cached:           785984 kB
MemTotal:        1844596 kB
MemFree:          600664 kB
MemAvailable:    1452632 kB
Buffers:           89540 kB
Cached:           785984 kB
MemTotal:        1844596 kB
MemFree:          601644 kB
MemAvailable:    1453612 kB
Buffers:           89540 kB
Cached:           785984 kB
MemTotal:        1844596 kB
MemFree:          600788 kB
MemAvailable:    1452756 kB
Buffers:           89540 kB
Cached:           785984 kB
MemTotal:        1844596 kB
MemFree:          601380 kB
MemAvailable:    1453348 kB
Buffers:           89540 kB
Cached:           785984 kB
MemTotal:        1844596 kB
MemFree:          601716 kB
MemAvailable:    1453684 kB
Buffers:           89540 kB
Cached:           785984 kB
MemTotal:        1844596 kB
MemFree:          601472 kB
MemAvailable:    1453440 kB
Buffers:           89540 kB
Cached:           785984 kB
MemTotal:        1844596 kB
MemFree:          600160 kB
MemAvailable:    1452128 kB
Buffers:           89540 kB
Cached:           785984 kB
MemTotal:        1844596 kB
MemFree:          601088 kB
MemAvailable:    1453056 kB
Buffers:           89540 kB
Cached:           785984 kB
MemTotal:        1844596 kB
MemFree:          599928 kB
MemAvailable:    1451896 kB
Buffers:           89540 kB
Cached:           785984 kB
MemTotal:        1844596 kB
MemFree:          600036 kB
MemAvailable:    1452004 kB
Buffers:           89540 kB
Cached:           785984 kB
MemTotal:        1844596 kB
MemFree:          599928 kB
MemAvailable:    1451896 kB
Buffers:           89540 kB
Cached:           785984 kB
MemTotal:        1844596 kB
MemFree:          598416 kB
MemAvailable:    1450384 kB
Buffers:           89540 kB
Cached:           785984 kB
MemTotal:        1844596 kB
MemFree:          599460 kB
MemAvailable:    1451428 kB
Buffers:           89540 kB
Cached:           785984 kB
MemTotal:        1844596 kB
MemFree:          598416 kB
MemAvailable:    1450384 kB
Buffers:           89540 kB
Cached:           785984 kB
MemTotal:        1844596 kB
MemFree:          598920 kB
MemAvailable:    1450888 kB
Buffers:           89540 kB
Cached:           785984 kB
MemTotal:        1844596 kB
MemFree:          598564 kB
MemAvailable:    1450532 kB
Buffers:           89540 kB
Cached:           785984 kB
MemTotal:        1844596 kB
MemFree:          598432 kB
MemAvailable:    1450400 kB
Buffers:           89540 kB
Cached:           785984 kB
MemTotal:        1844596 kB
MemFree:          598160 kB
MemAvailable:    1450128 kB
Buffers:           89540 kB
Cached:           785984 kB
MemTotal:        1844596 kB
MemFree:          598160 kB
MemAvailable:    1450128 kB
Buffers:           89540 kB
Cached:           785984 kB
MemTotal:        1844596 kB
MemFree:          596792 kB
MemAvailable:    1448760 kB
Buffers:           89540 kB
Cached:           785984 kB
MemTotal:        1844596 kB
MemFree:          597616 kB
MemAvailable:    1449584 kB
Buffers:           89540 kB
Cached:           785984 kB
MemTotal:        1844596 kB
MemFree:          596316 kB
MemAvailable:    1448284 kB
Buffers:           89540 kB
Cached:           785984 kB
MemTotal:        1844596 kB
MemFree:          596440 kB
MemAvailable:    1448408 kB
Buffers:           89540 kB
Cached:           785984 kB
MemTotal:        1844596 kB
MemFree:          596440 kB
MemAvailable:    1448408 kB
Buffers:           89540 kB
Cached:           785984 kB
MemTotal:        1844596 kB
MemFree:          596440 kB
MemAvailable:    1448408 kB
Buffers:           89540 kB
Cached:           785984 kB
MemTotal:        1844596 kB
MemFree:          597604 kB
MemAvailable:    1449572 kB
Buffers:           89540 kB
Cached:           785984 kB
MemTotal:        1844596 kB
MemFree:          597492 kB
MemAvailable:    1449460 kB
Buffers:           89540 kB
Cached:           785984 kB
MemTotal:        1844596 kB
MemFree:          596012 kB
MemAvailable:    1447980 kB
Buffers:           89540 kB
Cached:           785984 kB
MemTotal:        1844596 kB
MemFree:          596304 kB
MemAvailable:    1448272 kB
Buffers:           89540 kB
Cached:           785984 kB
MemTotal:        1844596 kB
MemFree:          596172 kB
MemAvailable:    1448140 kB
Buffers:           89540 kB
Cached:           785984 kB
MemTotal:        1844596 kB
MemFree:          597472 kB
MemAvailable:    1449440 kB
Buffers:           89540 kB
Cached:           785984 kB
MemTotal:        1844596 kB
MemFree:          596076 kB
MemAvailable:    1448044 kB
Buffers:           89540 kB
Cached:           785984 kB
MemTotal:        1844596 kB
MemFree:          596068 kB
MemAvailable:    1448036 kB
Buffers:           89540 kB
Cached:           785984 kB
MemTotal:        1844596 kB
MemFree:          595896 kB
MemAvailable:    1447864 kB
Buffers:           89540 kB
Cached:           785984 kB
MemTotal:        1844596 kB
MemFree:          597292 kB
MemAvailable:    1449260 kB
Buffers:           89540 kB
Cached:           785984 kB
MemTotal:        1844596 kB
MemFree:          597292 kB
MemAvailable:    1449260 kB
Buffers:           89540 kB
Cached:           785984 kB
MemTotal:        1844596 kB
MemFree:          597204 kB
MemAvailable:    1449172 kB
Buffers:           89540 kB
Cached:           785984 kB
MemTotal:        1844596 kB
MemFree:          596064 kB
MemAvailable:    1448032 kB
Buffers:           89540 kB
Cached:           785984 kB
MemTotal:        1844596 kB
MemFree:          597296 kB
MemAvailable:    1449264 kB
Buffers:           89540 kB
Cached:           785984 kB
MemTotal:        1844596 kB
MemFree:          597160 kB
MemAvailable:    1449128 kB
Buffers:           89540 kB
Cached:           785984 kB
MemTotal:        1844596 kB
MemFree:          596820 kB
MemAvailable:    1448788 kB
Buffers:           89540 kB
Cached:           785984 kB
MemTotal:        1844596 kB
MemFree:          595896 kB
MemAvailable:    1447864 kB
Buffers:           89540 kB
Cached:           785984 kB
MemTotal:        1844596 kB
MemFree:          597304 kB
MemAvailable:    1449272 kB
Buffers:           89540 kB
Cached:           785984 kB
MemTotal:        1844596 kB
MemFree:          596440 kB
MemAvailable:    1448408 kB
Buffers:           89540 kB
Cached:           785984 kB
MemTotal:        1844596 kB
MemFree:          596036 kB
MemAvailable:    1448016 kB
Buffers:           89540 kB
Cached:           785996 kB
MemTotal:        1844596 kB
MemFree:          596192 kB
MemAvailable:    1448172 kB
Buffers:           89540 kB
Cached:           785996 kB
MemTotal:        1844596 kB
MemFree:          595960 kB
MemAvailable:    1447940 kB
Buffers:           89540 kB
Cached:           785996 kB
MemTotal:        1844596 kB
MemFree:          594580 kB
MemAvailable:    1446560 kB
Buffers:           89540 kB
Cached:           785996 kB
MemTotal:        1844596 kB
MemFree:          595680 kB
MemAvailable:    1447660 kB
Buffers:           89540 kB
Cached:           785996 kB
MemTotal:        1844596 kB
MemFree:          594960 kB
MemAvailable:    1446940 kB
Buffers:           89540 kB
Cached:           785996 kB
MemTotal:        1844596 kB
MemFree:          594764 kB
MemAvailable:    1446744 kB
Buffers:           89540 kB
Cached:           785996 kB
MemTotal:        1844596 kB
MemFree:          592464 kB
MemAvailable:    1444444 kB
Buffers:           89540 kB
Cached:           785996 kB
MemTotal:        1844596 kB
MemFree:          592548 kB
MemAvailable:    1444528 kB
Buffers:           89540 kB
Cached:           785996 kB
MemTotal:        1844596 kB
MemFree:          590628 kB
MemAvailable:    1442608 kB
Buffers:           89540 kB
Cached:           785996 kB
MemTotal:        1844596 kB
MemFree:          585596 kB
MemAvailable:    1437576 kB
Buffers:           89540 kB
Cached:           785996 kB
MemTotal:        1844596 kB
MemFree:          582560 kB
MemAvailable:    1434540 kB
Buffers:           89540 kB
Cached:           785996 kB
MemTotal:        1844596 kB
MemFree:          578592 kB
MemAvailable:    1430572 kB
Buffers:           89540 kB
Cached:           785996 kB
MemTotal:        1844596 kB
MemFree:          578700 kB
MemAvailable:    1430680 kB
Buffers:           89540 kB
Cached:           785996 kB
MemTotal:        1844596 kB
MemFree:          578468 kB
MemAvailable:    1430448 kB
Buffers:           89540 kB
Cached:           785996 kB
MemTotal:        1844596 kB
MemFree:          577668 kB
MemAvailable:    1429648 kB
Buffers:           89540 kB
Cached:           785996 kB
MemTotal:        1844596 kB
MemFree:          577420 kB
MemAvailable:    1429400 kB
Buffers:           89540 kB
Cached:           785996 kB
MemTotal:        1844596 kB
MemFree:          577420 kB
MemAvailable:    1429400 kB
Buffers:           89540 kB
Cached:           785996 kB
MemTotal:        1844596 kB
MemFree:          578528 kB
MemAvailable:    1430508 kB
Buffers:           89540 kB
Cached:           785996 kB
MemTotal:        1844596 kB
MemFree:          578508 kB
MemAvailable:    1430488 kB
Buffers:           89540 kB
Cached:           785996 kB
MemTotal:        1844596 kB
MemFree:          578592 kB
MemAvailable:    1430572 kB
Buffers:           89540 kB
Cached:           785996 kB
MemTotal:        1844596 kB
MemFree:          577296 kB
MemAvailable:    1429276 kB
Buffers:           89540 kB
Cached:           785996 kB
MemTotal:        1844596 kB
MemFree:          578536 kB
MemAvailable:    1430516 kB
Buffers:           89540 kB
Cached:           785996 kB
MemTotal:        1844596 kB
MemFree:          577164 kB
MemAvailable:    1429144 kB
Buffers:           89540 kB
Cached:           785996 kB
MemTotal:        1844596 kB
MemFree:          578336 kB
MemAvailable:    1430316 kB
Buffers:           89540 kB
Cached:           785996 kB
MemTotal:        1844596 kB
MemFree:          578228 kB
MemAvailable:    1430208 kB
Buffers:           89540 kB
Cached:           785996 kB
MemTotal:        1844596 kB
MemFree:          577964 kB
MemAvailable:    1429944 kB
Buffers:           89540 kB
Cached:           785996 kB
MemTotal:        1844596 kB
MemFree:          577892 kB
MemAvailable:    1429872 kB
Buffers:           89540 kB
Cached:           785996 kB
MemTotal:        1844596 kB
MemFree:          576732 kB
MemAvailable:    1428712 kB
Buffers:           89540 kB
Cached:           785996 kB
MemTotal:        1844596 kB
MemFree:          577420 kB
MemAvailable:    1429404 kB
Buffers:           89540 kB
Cached:           786000 kB
MemTotal:        1844596 kB
MemFree:          577756 kB
MemAvailable:    1429740 kB
Buffers:           89540 kB
Cached:           786000 kB
MemTotal:        1844596 kB
MemFree:          577544 kB
MemAvailable:    1429528 kB
Buffers:           89540 kB
Cached:           786000 kB
MemTotal:        1844596 kB
MemFree:          577352 kB
MemAvailable:    1429336 kB
Buffers:           89540 kB
Cached:           786000 kB
MemTotal:        1844596 kB
MemFree:          576304 kB
MemAvailable:    1428288 kB
Buffers:           89540 kB
Cached:           786000 kB
MemTotal:        1844596 kB
MemFree:          577528 kB
MemAvailable:    1429512 kB
Buffers:           89540 kB
Cached:           786000 kB
MemTotal:        1844596 kB
MemFree:          577696 kB
MemAvailable:    1429680 kB
Buffers:           89540 kB
Cached:           786000 kB
MemTotal:        1844596 kB
MemFree:          577536 kB
MemAvailable:    1429520 kB
Buffers:           89540 kB
Cached:           786000 kB
MemTotal:        1844596 kB
MemFree:          577872 kB
MemAvailable:    1429856 kB
Buffers:           89540 kB
Cached:           786000 kB
MemTotal:        1844596 kB
MemFree:          577620 kB
MemAvailable:    1429604 kB
Buffers:           89540 kB
Cached:           786000 kB
MemTotal:        1844596 kB
MemFree:          576420 kB
MemAvailable:    1428404 kB
Buffers:           89540 kB
Cached:           786000 kB
MemTotal:        1844596 kB
MemFree:          577756 kB
MemAvailable:    1429740 kB
Buffers:           89540 kB
Cached:           786000 kB
MemTotal:        1844596 kB
MemFree:          576864 kB
MemAvailable:    1428848 kB
Buffers:           89540 kB
Cached:           786000 kB
MemTotal:        1844596 kB
MemFree:          576484 kB
MemAvailable:    1428468 kB
Buffers:           89540 kB
Cached:           786000 kB
MemTotal:        1844596 kB
MemFree:          577760 kB
MemAvailable:    1429744 kB
Buffers:           89540 kB
Cached:           786000 kB
MemTotal:        1844596 kB
MemFree:          577104 kB
MemAvailable:    1429088 kB
Buffers:           89540 kB
Cached:           786000 kB
MemTotal:        1844596 kB
MemFree:          577532 kB
MemAvailable:    1429516 kB
Buffers:           89540 kB
Cached:           786000 kB
MemTotal:        1844596 kB
MemFree:          577784 kB
MemAvailable:    1429768 kB
Buffers:           89540 kB
Cached:           786000 kB
MemTotal:        1844596 kB
MemFree:          574492 kB
MemAvailable:    1426476 kB
Buffers:           89540 kB
Cached:           786000 kB
MemTotal:        1844596 kB
MemFree:          571524 kB
MemAvailable:    1423508 kB
Buffers:           89540 kB
Cached:           786000 kB
MemTotal:        1844596 kB
MemFree:          568484 kB
MemAvailable:    1420468 kB
Buffers:           89540 kB
Cached:           786000 kB
MemTotal:        1844596 kB
MemFree:          565060 kB
MemAvailable:    1417044 kB
Buffers:           89540 kB
Cached:           786000 kB
MemTotal:        1844596 kB
MemFree:          564456 kB
MemAvailable:    1416440 kB
Buffers:           89540 kB
Cached:           786000 kB
MemTotal:        1844596 kB
MemFree:          561232 kB
MemAvailable:    1413216 kB
Buffers:           89540 kB
Cached:           786000 kB
MemTotal:        1844596 kB
MemFree:          558628 kB
MemAvailable:    1410612 kB
Buffers:           89540 kB
Cached:           786000 kB
MemTotal:        1844596 kB
MemFree:          558628 kB
MemAvailable:    1410612 kB
Buffers:           89540 kB
Cached:           786000 kB
MemTotal:        1844596 kB
MemFree:          559540 kB
MemAvailable:    1411524 kB
Buffers:           89540 kB
Cached:           786000 kB
MemTotal:        1844596 kB
MemFree:          558324 kB
MemAvailable:    1410308 kB
Buffers:           89540 kB
Cached:           786000 kB
MemTotal:        1844596 kB
MemFree:          559428 kB
MemAvailable:    1411412 kB
Buffers:           89540 kB
Cached:           786000 kB
MemTotal:        1844596 kB
MemFree:          559428 kB
MemAvailable:    1411412 kB
Buffers:           89540 kB
Cached:           786000 kB
MemTotal:        1844596 kB
MemFree:          559448 kB
MemAvailable:    1411432 kB
Buffers:           89540 kB
Cached:           786000 kB
MemTotal:        1844596 kB
MemFree:          559304 kB
MemAvailable:    1411288 kB
Buffers:           89540 kB
Cached:           786000 kB
MemTotal:        1844596 kB
MemFree:          559304 kB
MemAvailable:    1411288 kB
Buffers:           89540 kB
Cached:           786000 kB
MemTotal:        1844596 kB
MemFree:          558076 kB
MemAvailable:    1410060 kB
Buffers:           89540 kB
Cached:           786000 kB
MemTotal:        1844596 kB
MemFree:          559500 kB
MemAvailable:    1411484 kB
Buffers:           89540 kB
Cached:           786000 kB
MemTotal:        1844596 kB
MemFree:          558504 kB
MemAvailable:    1410488 kB
Buffers:           89540 kB
Cached:           786000 kB
MemTotal:        1844596 kB
MemFree:          559620 kB
MemAvailable:    1411608 kB
Buffers:           89540 kB
Cached:           786004 kB
MemTotal:        1844596 kB
MemFree:          559424 kB
MemAvailable:    1411412 kB
Buffers:           89540 kB
Cached:           786004 kB
MemTotal:        1844596 kB
MemFree:          559384 kB
MemAvailable:    1411372 kB
Buffers:           89540 kB
Cached:           786004 kB
MemTotal:        1844596 kB
MemFree:          558208 kB
MemAvailable:    1410196 kB
Buffers:           89540 kB
Cached:           786004 kB
MemTotal:        1844596 kB
MemFree:          558208 kB
MemAvailable:    1410196 kB
Buffers:           89540 kB
Cached:           786004 kB
MemTotal:        1844596 kB
MemFree:          558076 kB
MemAvailable:    1410064 kB
Buffers:           89540 kB
Cached:           786004 kB
MemTotal:        1844596 kB
MemFree:          559344 kB
MemAvailable:    1411332 kB
Buffers:           89540 kB
Cached:           786004 kB
MemTotal:        1844596 kB
MemFree:          559372 kB
MemAvailable:    1411360 kB
Buffers:           89540 kB
Cached:           786004 kB
MemTotal:        1844596 kB
MemFree:          558116 kB
MemAvailable:    1410104 kB
Buffers:           89540 kB
Cached:           786004 kB
MemTotal:        1844596 kB
MemFree:          558200 kB
MemAvailable:    1410188 kB
Buffers:           89540 kB
Cached:           786004 kB
MemTotal:        1844596 kB
MemFree:          559448 kB
MemAvailable:    1411436 kB
Buffers:           89540 kB
Cached:           786004 kB
MemTotal:        1844596 kB
MemFree:          559700 kB
MemAvailable:    1411688 kB
Buffers:           89540 kB
Cached:           786004 kB
MemTotal:        1844596 kB
MemFree:          559184 kB
MemAvailable:    1411172 kB
Buffers:           89540 kB
Cached:           786004 kB
MemTotal:        1844596 kB
MemFree:          559520 kB
MemAvailable:    1411508 kB
Buffers:           89540 kB
Cached:           786004 kB
MemTotal:        1844596 kB
MemFree:          559220 kB
MemAvailable:    1411208 kB
Buffers:           89540 kB
Cached:           786004 kB
MemTotal:        1844596 kB
MemFree:          559388 kB
MemAvailable:    1411376 kB
Buffers:           89540 kB
Cached:           786004 kB
MemTotal:        1844596 kB
MemFree:          558236 kB
MemAvailable:    1410224 kB
Buffers:           89540 kB
Cached:           786004 kB
MemTotal:        1844596 kB
MemFree:          558188 kB
MemAvailable:    1410176 kB
Buffers:           89540 kB
Cached:           786004 kB
MemTotal:        1844596 kB
MemFree:          559296 kB
MemAvailable:    1411284 kB
Buffers:           89540 kB
Cached:           786004 kB
MemTotal:        1844596 kB
MemFree:          559464 kB
MemAvailable:    1411452 kB
Buffers:           89540 kB
Cached:           786004 kB
MemTotal:        1844596 kB
MemFree:          559432 kB
MemAvailable:    1411420 kB
Buffers:           89540 kB
Cached:           786004 kB
MemTotal:        1844596 kB
MemFree:          559316 kB
MemAvailable:    1411304 kB
Buffers:           89540 kB
Cached:           786004 kB
MemTotal:        1844596 kB
MemFree:          559572 kB
MemAvailable:    1411560 kB
Buffers:           89540 kB
Cached:           786004 kB
MemTotal:        1844596 kB
MemFree:          559544 kB
MemAvailable:    1411532 kB
Buffers:           89540 kB
Cached:           786004 kB
MemTotal:        1844596 kB
MemFree:          557572 kB
MemAvailable:    1409560 kB
Buffers:           89540 kB
Cached:           786004 kB
MemTotal:        1844596 kB
MemFree:          553172 kB
MemAvailable:    1405160 kB
Buffers:           89540 kB
Cached:           786004 kB
MemTotal:        1844596 kB
MemFree:          548584 kB
MemAvailable:    1400572 kB
Buffers:           89540 kB
Cached:           786004 kB
MemTotal:        1844596 kB
MemFree:          544304 kB
MemAvailable:    1396292 kB
Buffers:           89540 kB
Cached:           786004 kB
MemTotal:        1844596 kB
MemFree:          542128 kB
MemAvailable:    1394116 kB
Buffers:           89540 kB
Cached:           786004 kB
MemTotal:        1844596 kB
MemFree:          541524 kB
MemAvailable:    1393512 kB
Buffers:           89540 kB
Cached:           786004 kB
MemTotal:        1844596 kB
MemFree:          540764 kB
MemAvailable:    1392752 kB
Buffers:           89540 kB
Cached:           786004 kB
MemTotal:        1844596 kB
MemFree:          540840 kB
MemAvailable:    1392828 kB
Buffers:           89540 kB
Cached:           786004 kB
MemTotal:        1844596 kB
MemFree:          542080 kB
MemAvailable:    1394068 kB
Buffers:           89540 kB
Cached:           786004 kB
MemTotal:        1844596 kB
MemFree:          541128 kB
MemAvailable:    1393116 kB
Buffers:           89540 kB
Cached:           786004 kB
MemTotal:        1844596 kB
MemFree:          541212 kB
MemAvailable:    1393200 kB
Buffers:           89540 kB
Cached:           786004 kB
MemTotal:        1844596 kB
MemFree:          541132 kB
MemAvailable:    1393120 kB
Buffers:           89540 kB
Cached:           786004 kB
MemTotal:        1844596 kB
MemFree:          541084 kB
MemAvailable:    1393072 kB
Buffers:           89540 kB
Cached:           786004 kB
MemTotal:        1844596 kB
MemFree:          540276 kB
MemAvailable:    1392264 kB
Buffers:           89540 kB
Cached:           786004 kB
MemTotal:        1844596 kB
MemFree:          540756 kB
MemAvailable:    1392744 kB
Buffers:           89540 kB
Cached:           786004 kB
MemTotal:        1844596 kB
MemFree:          540276 kB
MemAvailable:    1392264 kB
Buffers:           89540 kB
Cached:           786004 kB
MemTotal:        1844596 kB
MemFree:          540636 kB
MemAvailable:    1392624 kB
Buffers:           89540 kB
Cached:           786004 kB
MemTotal:        1844596 kB
MemFree:          540492 kB
MemAvailable:    1392480 kB
Buffers:           89540 kB
Cached:           786004 kB
MemTotal:        1844596 kB
MemFree:          540276 kB
MemAvailable:    1392264 kB
Buffers:           89540 kB
Cached:           786004 kB
MemTotal:        1844596 kB
MemFree:          540396 kB
MemAvailable:    1392384 kB
Buffers:           89540 kB
Cached:           786004 kB
MemTotal:        1844596 kB
MemFree:          539764 kB
MemAvailable:    1391752 kB
Buffers:           89540 kB
Cached:           786004 kB
MemTotal:        1844596 kB
MemFree:          539848 kB
MemAvailable:    1391836 kB
Buffers:           89540 kB
Cached:           786004 kB
MemTotal:        1844596 kB
MemFree:          538360 kB
MemAvailable:    1390348 kB
Buffers:           89540 kB
Cached:           786004 kB
MemTotal:        1844596 kB
MemFree:          538656 kB
MemAvailable:    1390644 kB
Buffers:           89540 kB
Cached:           786004 kB
MemTotal:        1844596 kB
MemFree:          538656 kB
MemAvailable:    1390644 kB
Buffers:           89540 kB
Cached:           786004 kB
MemTotal:        1844596 kB
MemFree:          538220 kB
MemAvailable:    1390208 kB
Buffers:           89540 kB
Cached:           786004 kB
MemTotal:        1844596 kB
MemFree:          538096 kB
MemAvailable:    1390084 kB
Buffers:           89540 kB
Cached:           786004 kB
MemTotal:        1844596 kB
MemFree:          536432 kB
MemAvailable:    1388420 kB
Buffers:           89540 kB
Cached:           786004 kB
MemTotal:        1844596 kB
MemFree:          536664 kB
MemAvailable:    1388656 kB
Buffers:           89540 kB
Cached:           786008 kB
MemTotal:        1844596 kB
MemFree:          537000 kB
MemAvailable:    1388992 kB
Buffers:           89540 kB
Cached:           786008 kB
MemTotal:        1844596 kB
MemFree:          534184 kB
MemAvailable:    1386176 kB
Buffers:           89540 kB
Cached:           786008 kB
MemTotal:        1844596 kB
MemFree:          535112 kB
MemAvailable:    1387104 kB
Buffers:           89540 kB
Cached:           786008 kB
MemTotal:        1844596 kB
MemFree:          533828 kB
MemAvailable:    1385820 kB
Buffers:           89540 kB
Cached:           786008 kB
MemTotal:        1844596 kB
MemFree:          534200 kB
MemAvailable:    1386192 kB
Buffers:           89540 kB
Cached:           786008 kB
MemTotal:        1844596 kB
MemFree:          533952 kB
MemAvailable:    1385944 kB
Buffers:           89540 kB
Cached:           786008 kB
MemTotal:        1844596 kB
MemFree:          533820 kB
MemAvailable:    1385812 kB
Buffers:           89540 kB
Cached:           786008 kB
MemTotal:        1844596 kB
MemFree:          533944 kB
MemAvailable:    1385936 kB
Buffers:           89540 kB
Cached:           786008 kB
MemTotal:        1844596 kB
MemFree:          535004 kB
MemAvailable:    1386996 kB
Buffers:           89540 kB
Cached:           786008 kB
MemTotal:        1844596 kB
MemFree:          534324 kB
MemAvailable:    1386316 kB
Buffers:           89540 kB
Cached:           786008 kB
MemTotal:        1844596 kB
MemFree:          532588 kB
MemAvailable:    1384580 kB
Buffers:           89540 kB
Cached:           786008 kB
MemTotal:        1844596 kB
MemFree:          533056 kB
MemAvailable:    1385048 kB
Buffers:           89540 kB
Cached:           786008 kB
MemTotal:        1844596 kB
MemFree:          533392 kB
MemAvailable:    1385384 kB
Buffers:           89540 kB
Cached:           786008 kB
MemTotal:        1844596 kB
MemFree:          533008 kB
MemAvailable:    1385000 kB
Buffers:           89540 kB
Cached:           786008 kB
MemTotal:        1844596 kB
MemFree:          533344 kB
MemAvailable:    1385336 kB
Buffers:           89540 kB
Cached:           786008 kB
MemTotal:        1844596 kB
MemFree:          533328 kB
MemAvailable:    1385320 kB
Buffers:           89540 kB
Cached:           786008 kB
MemTotal:        1844596 kB
MemFree:          532456 kB
MemAvailable:    1384448 kB
Buffers:           89540 kB
Cached:           786008 kB
MemTotal:        1844596 kB
MemFree:          533356 kB
MemAvailable:    1385348 kB
Buffers:           89540 kB
Cached:           786008 kB
MemTotal:        1844596 kB
MemFree:          533388 kB
MemAvailable:    1385380 kB
Buffers:           89540 kB
Cached:           786008 kB
MemTotal:        1844596 kB
MemFree:          533216 kB
MemAvailable:    1385208 kB
Buffers:           89540 kB
Cached:           786008 kB
MemTotal:        1844596 kB
MemFree:          532024 kB
MemAvailable:    1384016 kB
Buffers:           89540 kB
Cached:           786008 kB
MemTotal:        1844596 kB
MemFree:          532024 kB
MemAvailable:    1384016 kB
Buffers:           89540 kB
Cached:           786008 kB
MemTotal:        1844596 kB
MemFree:          532024 kB
MemAvailable:    1384016 kB
Buffers:           89540 kB
Cached:           786008 kB
MemTotal:        1844596 kB
MemFree:          533492 kB
MemAvailable:    1385484 kB
Buffers:           89540 kB
Cached:           786008 kB
MemTotal:        1844596 kB
MemFree:          532464 kB
MemAvailable:    1384456 kB
Buffers:           89540 kB
Cached:           786008 kB
MemTotal:        1844596 kB
MemFree:          533112 kB
MemAvailable:    1385108 kB
Buffers:           89540 kB
Cached:           786012 kB
MemTotal:        1844596 kB
MemFree:          533456 kB
MemAvailable:    1385452 kB
Buffers:           89540 kB
Cached:           786012 kB
MemTotal:        1844596 kB
MemFree:          533320 kB
MemAvailable:    1385316 kB
Buffers:           89540 kB
Cached:           786012 kB
MemTotal:        1844596 kB
MemFree:          533396 kB
MemAvailable:    1385396 kB
Buffers:           89540 kB
Cached:           786016 kB
MemTotal:        1844596 kB
MemFree:          533284 kB
MemAvailable:    1385284 kB
Buffers:           89540 kB
Cached:           786016 kB
MemTotal:        1844596 kB
MemFree:          533332 kB
MemAvailable:    1385332 kB
Buffers:           89540 kB
Cached:           786016 kB
MemTotal:        1844596 kB
MemFree:          531836 kB
MemAvailable:    1383836 kB
Buffers:           89540 kB
Cached:           786016 kB
MemTotal:        1844596 kB
MemFree:          533244 kB
MemAvailable:    1385244 kB
Buffers:           89540 kB
Cached:           786016 kB
MemTotal:        1844596 kB
MemFree:          533416 kB
MemAvailable:    1385416 kB
Buffers:           89540 kB
Cached:           786016 kB
MemTotal:        1844596 kB
MemFree:          533128 kB
MemAvailable:    1385128 kB
Buffers:           89540 kB
Cached:           786016 kB
MemTotal:        1844596 kB
MemFree:          533152 kB
MemAvailable:    1385152 kB
Buffers:           89540 kB
Cached:           786016 kB
MemTotal:        1844596 kB
MemFree:          533152 kB
MemAvailable:    1385152 kB
Buffers:           89540 kB
Cached:           786016 kB
MemTotal:        1844596 kB
MemFree:          532944 kB
MemAvailable:    1384944 kB
Buffers:           89540 kB
Cached:           786016 kB
MemTotal:        1844596 kB
MemFree:          533280 kB
MemAvailable:    1385280 kB
Buffers:           89540 kB
Cached:           786016 kB
MemTotal:        1844596 kB
MemFree:          531920 kB
MemAvailable:    1383920 kB
Buffers:           89540 kB
Cached:           786016 kB
MemTotal:        1844596 kB
MemFree:          533392 kB
MemAvailable:    1385392 kB
Buffers:           89540 kB
Cached:           786016 kB
MemTotal:        1844596 kB
MemFree:          533220 kB
MemAvailable:    1385220 kB
Buffers:           89540 kB
Cached:           786016 kB
MemTotal:        1844596 kB
MemFree:          531912 kB
MemAvailable:    1383912 kB
Buffers:           89540 kB
Cached:           786016 kB
MemTotal:        1844596 kB
MemFree:          531908 kB
MemAvailable:    1383908 kB
Buffers:           89540 kB
Cached:           786016 kB
MemTotal:        1844596 kB
MemFree:          531952 kB
MemAvailable:    1383952 kB
Buffers:           89540 kB
Cached:           786016 kB
MemTotal:        1844596 kB
MemFree:          531920 kB
MemAvailable:    1383920 kB
Buffers:           89540 kB
Cached:           786016 kB
MemTotal:        1844596 kB
MemFree:          533200 kB
MemAvailable:    1385200 kB
Buffers:           89540 kB
Cached:           786016 kB
MemTotal:        1844596 kB
MemFree:          533452 kB
MemAvailable:    1385452 kB
Buffers:           89540 kB
Cached:           786016 kB
MemTotal:        1844596 kB
MemFree:          533200 kB
MemAvailable:    1385200 kB
Buffers:           89540 kB
Cached:           786016 kB
MemTotal:        1844596 kB
MemFree:          533216 kB
MemAvailable:    1385216 kB
Buffers:           89540 kB
Cached:           786016 kB
MemTotal:        1844596 kB
MemFree:          533160 kB
MemAvailable:    1385160 kB
Buffers:           89540 kB
Cached:           786016 kB
MemTotal:        1844596 kB
MemFree:          532204 kB
MemAvailable:    1384204 kB
Buffers:           89540 kB
Cached:           786016 kB
MemTotal:        1844596 kB
MemFree:          533148 kB
MemAvailable:    1385148 kB
Buffers:           89540 kB
Cached:           786016 kB
MemTotal:        1844596 kB
MemFree:          533400 kB
MemAvailable:    1385400 kB
Buffers:           89540 kB
Cached:           786016 kB
MemTotal:        1844596 kB
MemFree:          530540 kB
MemAvailable:    1382540 kB
Buffers:           89540 kB
Cached:           786016 kB
MemTotal:        1844596 kB
MemFree:          527876 kB
MemAvailable:    1379876 kB
Buffers:           89540 kB
Cached:           786016 kB
MemTotal:        1844596 kB
MemFree:          525644 kB
MemAvailable:    1377644 kB
Buffers:           89540 kB
Cached:           786016 kB
MemTotal:        1844596 kB
MemFree:          523288 kB
MemAvailable:    1375288 kB
Buffers:           89540 kB
Cached:           786016 kB
MemTotal:        1844596 kB
MemFree:          519684 kB
MemAvailable:    1371684 kB
Buffers:           89540 kB
Cached:           786016 kB
MemTotal:        1844596 kB
MemFree:          518956 kB
MemAvailable:    1370956 kB
Buffers:           89540 kB
Cached:           786016 kB
MemTotal:        1844596 kB
MemFree:          515352 kB
MemAvailable:    1367352 kB
Buffers:           89540 kB
Cached:           786016 kB
MemTotal:        1844596 kB
MemFree:          513856 kB
MemAvailable:    1365856 kB
Buffers:           89540 kB
Cached:           786016 kB
MemTotal:        1844596 kB
MemFree:          513940 kB
MemAvailable:    1365940 kB
Buffers:           89540 kB
Cached:           786016 kB
MemTotal:        1844596 kB
MemFree:          513692 kB
MemAvailable:    1365692 kB
Buffers:           89540 kB
Cached:           786016 kB
MemTotal:        1844596 kB
MemFree:          512488 kB
MemAvailable:    1364488 kB
Buffers:           89540 kB
Cached:           786016 kB
MemTotal:        1844596 kB
MemFree:          513596 kB
MemAvailable:    1365596 kB
Buffers:           89540 kB
Cached:           786016 kB
MemTotal:        1844596 kB
MemFree:          513680 kB
MemAvailable:    1365680 kB
Buffers:           89540 kB
Cached:           786016 kB
MemTotal:        1844596 kB
MemFree:          512480 kB
MemAvailable:    1364480 kB
Buffers:           89540 kB
Cached:           786016 kB
MemTotal:        1844596 kB
MemFree:          512556 kB
MemAvailable:    1364556 kB
Buffers:           89540 kB
Cached:           786016 kB
MemTotal:        1844596 kB
MemFree:          513732 kB
MemAvailable:    1365732 kB
Buffers:           89540 kB
Cached:           786016 kB
MemTotal:        1844596 kB
MemFree:          512592 kB
MemAvailable:    1364592 kB
Buffers:           89544 kB
Cached:           786012 kB
MemTotal:        1844596 kB
MemFree:          513652 kB
MemAvailable:    1365652 kB
Buffers:           89544 kB
Cached:           786012 kB
MemTotal:        1844596 kB
MemFree:          513988 kB
MemAvailable:    1365988 kB
Buffers:           89544 kB
Cached:           786012 kB
MemTotal:        1844596 kB
MemFree:          513852 kB
MemAvailable:    1365852 kB
Buffers:           89544 kB
Cached:           786012 kB
MemTotal:        1844596 kB
MemFree:          513740 kB
MemAvailable:    1365740 kB
Buffers:           89544 kB
Cached:           786012 kB
MemTotal:        1844596 kB
MemFree:          513416 kB
MemAvailable:    1365416 kB
Buffers:           89544 kB
Cached:           786012 kB
MemTotal:        1844596 kB
MemFree:          513584 kB
MemAvailable:    1365584 kB
Buffers:           89544 kB
Cached:           786012 kB
MemTotal:        1844596 kB
MemFree:          513352 kB
MemAvailable:    1365352 kB
Buffers:           89544 kB
Cached:           786012 kB
MemTotal:        1844596 kB
MemFree:          513492 kB
MemAvailable:    1365492 kB
Buffers:           89544 kB
Cached:           786012 kB
MemTotal:        1844596 kB
MemFree:          512240 kB
MemAvailable:    1364240 kB
Buffers:           89544 kB
Cached:           786012 kB
MemTotal:        1844596 kB
MemFree:          513424 kB
MemAvailable:    1365424 kB
Buffers:           89544 kB
Cached:           786012 kB
MemTotal:        1844596 kB
MemFree:          513424 kB
MemAvailable:    1365424 kB
Buffers:           89544 kB
Cached:           786012 kB
MemTotal:        1844596 kB
MemFree:          513304 kB
MemAvailable:    1365304 kB
Buffers:           89544 kB
Cached:           786012 kB
MemTotal:        1844596 kB
MemFree:          513304 kB
MemAvailable:    1365304 kB
Buffers:           89544 kB
Cached:           786012 kB
MemTotal:        1844596 kB
MemFree:          511948 kB
MemAvailable:    1363948 kB
Buffers:           89544 kB
Cached:           786012 kB
MemTotal:        1844596 kB
MemFree:          513372 kB
MemAvailable:    1365372 kB
Buffers:           89544 kB
Cached:           786012 kB
MemTotal:        1844596 kB
MemFree:          512112 kB
MemAvailable:    1364112 kB
Buffers:           89544 kB
Cached:           786012 kB
MemTotal:        1844596 kB
MemFree:          511212 kB
MemAvailable:    1363212 kB
Buffers:           89544 kB
Cached:           786012 kB
MemTotal:        1844596 kB
MemFree:          507532 kB
MemAvailable:    1359532 kB
Buffers:           89544 kB
Cached:           786012 kB
MemTotal:        1844596 kB
MemFree:          507176 kB
MemAvailable:    1359176 kB
Buffers:           89544 kB
Cached:           786012 kB
MemTotal:        1844596 kB
MemFree:          504236 kB
MemAvailable:    1356236 kB
Buffers:           89544 kB
Cached:           786012 kB
MemTotal:        1844596 kB
MemFree:          502828 kB
MemAvailable:    1354828 kB
Buffers:           89544 kB
Cached:           786012 kB
MemTotal:        1844596 kB
MemFree:          503672 kB
MemAvailable:    1355672 kB
Buffers:           89544 kB
Cached:           786012 kB
MemTotal:        1844596 kB
MemFree:          502064 kB
MemAvailable:    1354064 kB
Buffers:           89544 kB
Cached:           786012 kB
MemTotal:        1844596 kB
MemFree:          502264 kB
MemAvailable:    1354264 kB
Buffers:           89544 kB
Cached:           786012 kB
MemTotal:        1844596 kB
MemFree:          503284 kB
MemAvailable:    1355284 kB
Buffers:           89544 kB
Cached:           786012 kB
MemTotal:        1844596 kB
MemFree:          502828 kB
MemAvailable:    1354828 kB
Buffers:           89544 kB
Cached:           786012 kB
MemTotal:        1844596 kB
MemFree:          502268 kB
MemAvailable:    1354268 kB
Buffers:           89544 kB
Cached:           786012 kB
MemTotal:        1844596 kB
MemFree:          503204 kB
MemAvailable:    1355204 kB
Buffers:           89544 kB
Cached:           786012 kB
MemTotal:        1844596 kB
MemFree:          503364 kB
MemAvailable:    1355364 kB
Buffers:           89544 kB
Cached:           786012 kB
MemTotal:        1844596 kB
MemFree:          502056 kB
MemAvailable:    1354056 kB
Buffers:           89544 kB
Cached:           786012 kB
MemTotal:        1844596 kB
MemFree:          503232 kB
MemAvailable:    1355484 kB
Buffers:           89544 kB
Cached:           786260 kB
MemTotal:        1844596 kB
MemFree:          501800 kB
MemAvailable:    1354052 kB
Buffers:           89544 kB
Cached:           786384 kB
MemTotal:        1844596 kB
MemFree:          501924 kB
MemAvailable:    1354260 kB
Buffers:           89544 kB
Cached:           786384 kB
MemTotal:        1844596 kB
MemFree:          502764 kB
MemAvailable:    1355352 kB
Buffers:           89544 kB
Cached:           786632 kB
MemTotal:        1844596 kB
MemFree:          502716 kB
MemAvailable:    1355304 kB
Buffers:           89544 kB
Cached:           786632 kB
MemTotal:        1844596 kB
MemFree:          501588 kB
MemAvailable:    1354224 kB
Buffers:           89544 kB
Cached:           786648 kB
MemTotal:        1844596 kB
MemFree:          502520 kB
MemAvailable:    1355156 kB
Buffers:           89544 kB
Cached:           786648 kB
MemTotal:        1844596 kB
MemFree:          502712 kB
MemAvailable:    1355348 kB
Buffers:           89544 kB
Cached:           786648 kB
MemTotal:        1844596 kB
MemFree:          502384 kB
MemAvailable:    1355020 kB
Buffers:           89544 kB
Cached:           786648 kB
MemTotal:        1844596 kB
MemFree:          502524 kB
MemAvailable:    1355160 kB
Buffers:           89544 kB
Cached:           786648 kB
MemTotal:        1844596 kB
MemFree:          502260 kB
MemAvailable:    1354896 kB
Buffers:           89544 kB
Cached:           786648 kB
MemTotal:        1844596 kB
MemFree:          502596 kB
MemAvailable:    1355232 kB
Buffers:           89544 kB
Cached:           786648 kB
MemTotal:        1844596 kB
MemFree:          501196 kB
MemAvailable:    1353832 kB
Buffers:           89544 kB
Cached:           786648 kB
MemTotal:        1844596 kB
MemFree:          501904 kB
MemAvailable:    1353952 kB
Buffers:           89544 kB
Cached:           786056 kB
MemTotal:        1844596 kB
MemFree:          520784 kB
MemAvailable:    1372916 kB
Buffers:           89544 kB
Cached:           786056 kB
MemTotal:        1844596 kB
MemFree:          580656 kB
MemAvailable:    1432704 kB
Buffers:           89544 kB
Cached:           786056 kB
MemTotal:        1844596 kB
MemFree:          684532 kB
MemAvailable:    1536580 kB
Buffers:           89544 kB
Cached:           786056 kB
