MemTotal:        1844596 kB
MemFree:          273184 kB
MemAvailable:    1542032 kB
Buffers:          101568 kB
Cached:          1186668 kB
MemTotal:        1844596 kB
MemFree:          245424 kB
MemAvailable:    1514280 kB
Buffers:          101568 kB
Cached:          1186672 kB
MemTotal:        1844596 kB
MemFree:          243928 kB
MemAvailable:    1512784 kB
Buffers:          101568 kB
Cached:          1186672 kB
MemTotal:        1844596 kB
MemFree:          244548 kB
MemAvailable:    1513404 kB
Buffers:          101568 kB
Cached:          1186672 kB
MemTotal:        1844596 kB
MemFree:          242448 kB
MemAvailable:    1511304 kB
Buffers:          101568 kB
Cached:          1186672 kB
MemTotal:        1844596 kB
MemFree:          241316 kB
MemAvailable:    1510172 kB
Buffers:          101568 kB
Cached:          1186672 kB
MemTotal:        1844596 kB
MemFree:          240324 kB
MemAvailable:    1509180 kB
Buffers:          101568 kB
Cached:          1186672 kB
MemTotal:        1844596 kB
MemFree:          238788 kB
MemAvailable:    1507644 kB
Buffers:          101568 kB
Cached:          1186672 kB
MemTotal:        1844596 kB
MemFree:          236496 kB
MemAvailable:    1505352 kB
Buffers:          101568 kB
Cached:          1186672 kB
MemTotal:        1844596 kB
MemFree:          232960 kB
MemAvailable:    1501816 kB
Buffers:          101568 kB
Cached:          1186672 kB
MemTotal:        1844596 kB
MemFree:          230680 kB
MemAvailable:    1499536 kB
Buffers:          101568 kB
Cached:          1186672 kB
MemTotal:        1844596 kB
MemFree:          232108 kB
MemAvailable:    1500964 kB
Buffers:          101568 kB
Cached:          1186672 kB
MemTotal:        1844596 kB
MemFree:          231984 kB
MemAvailable:    1500840 kB
Buffers:          101568 kB
Cached:          1186672 kB
MemTotal:        1844596 kB
MemFree:          232232 kB
MemAvailable:    1501088 kB
Buffers:          101568 kB
Cached:          1186672 kB
MemTotal:        1844596 kB
MemFree:          232108 kB
MemAvailable:    1500964 kB
Buffers:          101568 kB
Cached:          1186672 kB
MemTotal:        1844596 kB
MemFree:          231908 kB
MemAvailable:    1500764 kB
Buffers:          101568 kB
Cached:          1186672 kB
MemTotal:        1844596 kB
MemFree:          232156 kB
MemAvailable:    1501012 kB
Buffers:          101568 kB
Cached:          1186672 kB
MemTotal:        1844596 kB
MemFree:          231908 kB
MemAvailable:    1500764 kB
Buffers:          101568 kB
Cached:          1186672 kB
MemTotal:        1844596 kB
MemFree:          232836 kB
MemAvailable:    1501692 kB
Buffers:          101568 kB
Cached:          1186672 kB
MemTotal:        1844596 kB
MemFree:          231776 kB
MemAvailable:    1500632 kB
Buffers:          101568 kB
Cached:          1186672 kB
MemTotal:        1844596 kB
MemFree:          231528 kB
MemAvailable:    1500384 kB
Buffers:          101568 kB
Cached:          1186672 kB
MemTotal:        1844596 kB
MemFree:          232520 kB
MemAvailable:    1501376 kB
Buffers:          101568 kB
Cached:          1186672 kB
MemTotal:        1844596 kB
MemFree:          231272 kB
MemAvailable:    1500128 kB
Buffers:          101568 kB
Cached:          1186672 kB
MemTotal:        1844596 kB
MemFree:          230532 kB
MemAvailable:    1499388 kB
Buffers:          101568 kB
Cached:          1186672 kB
MemTotal:        1844596 kB
MemFree:          231500 kB
MemAvailable:    1500356 kB
Buffers:          101568 kB
Cached:          1186672 kB
MemTotal:        1844596 kB
MemFree:          231836 kB
MemAvailable:    1500692 kB
Buffers:          101568 kB
Cached:          1186672 kB
MemTotal:        1844596 kB
MemFree:          230268 kB
MemAvailable:    1499124 kB
Buffers:          101568 kB
Cached:          1186672 kB
MemTotal:        1844596 kB
MemFree:          231508 kB
MemAvailable:    1500368 kB
Buffers:          101568 kB
Cached:          1186676 kB
MemTotal:        1844596 kB
MemFree:          230652 kB
MemAvailable:    1499512 kB
Buffers:          101568 kB
Cached:          1186676 kB
MemTotal:        1844596 kB
MemFree:          230296 kB
MemAvailable:    1499156 kB
Buffers:          101568 kB
Cached:          1186676 kB
MemTotal:        1844596 kB
MemFree:          230280 kB
MemAvailable:    1499144 kB
Buffers:          101568 kB
Cached:          1186676 kB
MemTotal:        1844596 kB
MemFree:          230292 kB
MemAvailable:    1499156 kB
Buffers:          101568 kB
Cached:          1186676 kB
MemTotal:        1844596 kB
MemFree:          228860 kB
MemAvailable:    1497724 kB
Buffers:          101568 kB
Cached:          1186676 kB
MemTotal:        1844596 kB
MemFree:          230160 kB
MemAvailable:    1499024 kB
Buffers:          101568 kB
Cached:          1186676 kB
MemTotal:        1844596 kB
MemFree:          230096 kB
MemAvailable:    1498960 kB
Buffers:          101568 kB
Cached:          1186676 kB
MemTotal:        1844596 kB
MemFree:          230192 kB
MemAvailable:    1499056 kB
Buffers:          101568 kB
Cached:          1186676 kB
MemTotal:        1844596 kB
MemFree:          229012 kB
MemAvailable:    1497876 kB
Buffers:          101568 kB
Cached:          1186676 kB
MemTotal:        1844596 kB
MemFree:          228924 kB
MemAvailable:    1497788 kB
Buffers:          101568 kB
Cached:          1186676 kB
MemTotal:        1844596 kB
MemFree:          228808 kB
MemAvailable:    1497672 kB
Buffers:          101568 kB
Cached:          1186676 kB
MemTotal:        1844596 kB
MemFree:          225584 kB
MemAvailable:    1494448 kB
Buffers:          101568 kB
Cached:          1186676 kB
MemTotal:        1844596 kB
MemFree:          223716 kB
MemAvailable:    1492580 kB
Buffers:          101568 kB
Cached:          1186676 kB
MemTotal:        1844596 kB
MemFree:          225016 kB
MemAvailable:    1493880 kB
Buffers:          101568 kB
Cached:          1186676 kB
MemTotal:        1844596 kB
MemFree:          223592 kB
MemAvailable:    1492456 kB
Buffers:          101568 kB
Cached:          1186676 kB
MemTotal:        1844596 kB
MemFree:          223792 kB
MemAvailable:    1492656 kB
Buffers:          101568 kB
Cached:          1186676 kB
MemTotal:        1844596 kB
MemFree:          224844 kB
MemAvailable:    1493708 kB
Buffers:          101568 kB
Cached:          1186676 kB
MemTotal:        1844596 kB
MemFree:          224588 kB
MemAvailable:    1493452 kB
Buffers:          101568 kB
Cached:          1186676 kB
MemTotal:        1844596 kB
MemFree:          224456 kB
MemAvailable:    1493320 kB
Buffers:          101568 kB
Cached:          1186676 kB
MemTotal:        1844596 kB
MemFree:          223024 kB
MemAvailable:    1491888 kB
Buffers:          101568 kB
Cached:          1186676 kB
MemTotal:        1844596 kB
MemFree:          223024 kB
MemAvailable:    1491888 kB
Buffers:          101568 kB
Cached:          1186676 kB
MemTotal:        1844596 kB
MemFree:          224672 kB
MemAvailable:    1493536 kB
Buffers:          101568 kB
Cached:          1186676 kB
MemTotal:        1844596 kB
MemFree:          224556 kB
MemAvailable:    1493420 kB
Buffers:          101568 kB
Cached:          1186676 kB
MemTotal:        1844596 kB
MemFree:          224288 kB
MemAvailable:    1493152 kB
Buffers:          101568 kB
Cached:          1186676 kB
MemTotal:        1844596 kB
MemFree:          223724 kB
MemAvailable:    1492588 kB
Buffers:          101568 kB
Cached:          1186676 kB
MemTotal:        1844596 kB
MemFree:          222468 kB
MemAvailable:    1491332 kB
Buffers:          101568 kB
Cached:          1186676 kB
MemTotal:        1844596 kB
MemFree:          222552 kB
MemAvailable:    1491416 kB
Buffers:          101568 kB
Cached:          1186676 kB
MemTotal:        1844596 kB
MemFree:          218020 kB
MemAvailable:    1486884 kB
Buffers:          101568 kB
Cached:          1186676 kB
MemTotal:        1844596 kB
MemFree:          217524 kB
MemAvailable:    1486388 kB
Buffers:          101568 kB
Cached:          1186676 kB
MemTotal:        1844596 kB
MemFree:          216904 kB
MemAvailable:    1485768 kB
Buffers:          101568 kB
Cached:          1186676 kB
MemTotal:        1844596 kB
MemFree:          216656 kB
MemAvailable:    1485520 kB
Buffers:          101568 kB
Cached:          1186676 kB
MemTotal:        1844596 kB
MemFree:          215424 kB
MemAvailable:    1484288 kB
Buffers:          101568 kB
Cached:          1186676 kB
MemTotal:        1844596 kB
MemFree:          216028 kB
MemAvailable:    1484892 kB
Buffers:          101568 kB
Cached:          1186676 kB
MemTotal:        1844596 kB
MemFree:          216284 kB
MemAvailable:    1485148 kB
Buffers:          101568 kB
Cached:          1186676 kB
MemTotal:        1844596 kB
MemFree:          214788 kB
MemAvailable:    1483652 kB
Buffers:          101568 kB
Cached:          1186676 kB
MemTotal:        1844596 kB
MemFree:          214788 kB
MemAvailable:    1483652 kB
Buffers:          101568 kB
Cached:          1186676 kB
MemTotal:        1844596 kB
MemFree:          214416 kB
MemAvailable:    1483280 kB
Buffers:          101568 kB
Cached:          1186676 kB
MemTotal:        1844596 kB
MemFree:          215716 kB
MemAvailable:    1484580 kB
Buffers:          101568 kB
Cached:          1186676 kB
MemTotal:        1844596 kB
MemFree:          215720 kB
MemAvailable:    1484584 kB
Buffers:          101568 kB
Cached:          1186676 kB
MemTotal:        1844596 kB
MemFree:          215292 kB
MemAvailable:    1484156 kB
Buffers:          101568 kB
Cached:          1186676 kB
MemTotal:        1844596 kB
MemFree:          215720 kB
MemAvailable:    1484584 kB
Buffers:          101568 kB
Cached:          1186676 kB
MemTotal:        1844596 kB
MemFree:          215720 kB
MemAvailable:    1484584 kB
Buffers:          101568 kB
Cached:          1186676 kB
MemTotal:        1844596 kB
MemFree:          215732 kB
MemAvailable:    1484596 kB
Buffers:          101568 kB
Cached:          1186676 kB
MemTotal:        1844596 kB
MemFree:          215956 kB
MemAvailable:    1484820 kB
Buffers:          101568 kB
Cached:          1186676 kB
MemTotal:        1844596 kB
MemFree:          215844 kB
MemAvailable:    1484708 kB
Buffers:          101568 kB
Cached:          1186676 kB
MemTotal:        1844596 kB
MemFree:          215596 kB
MemAvailable:    1484460 kB
Buffers:          101568 kB
Cached:          1186676 kB
MemTotal:        1844596 kB
MemFree:          215500 kB
MemAvailable:    1484364 kB
Buffers:          101568 kB
Cached:          1186676 kB
MemTotal:        1844596 kB
MemFree:          215752 kB
MemAvailable:    1484616 kB
Buffers:          101568 kB
Cached:          1186676 kB
MemTotal:        1844596 kB
MemFree:          214252 kB
MemAvailable:    1483116 kB
Buffers:          101568 kB
Cached:          1186676 kB
MemTotal:        1844596 kB
MemFree:          215576 kB
MemAvailable:    1484440 kB
Buffers:          101568 kB
Cached:          1186676 kB
MemTotal:        1844596 kB
MemFree:          214280 kB
MemAvailable:    1483144 kB
Buffers:          101568 kB
Cached:          1186676 kB
MemTotal:        1844596 kB
MemFree:          214288 kB
MemAvailable:    1483152 kB
Buffers:          101568 kB
Cached:          1186676 kB
MemTotal:        1844596 kB
MemFree:          211564 kB
MemAvailable:    1480428 kB
Buffers:          101568 kB
Cached:          1186676 kB
MemTotal:        1844596 kB
MemFree:          211564 kB
MemAvailable:    1480428 kB
Buffers:          101568 kB
Cached:          1186676 kB
MemTotal:        1844596 kB
MemFree:          207356 kB
MemAvailable:    1476220 kB
Buffers:          101568 kB
Cached:          1186676 kB
MemTotal:        1844596 kB
MemFree:          207300 kB
MemAvailable:    1476164 kB
Buffers:          101568 kB
Cached:          1186676 kB
MemTotal:        1844596 kB
MemFree:          207216 kB
MemAvailable:    1476080 kB
Buffers:          101568 kB
Cached:          1186676 kB
MemTotal:        1844596 kB
MemFree:          205976 kB
MemAvailable:    1474840 kB
Buffers:          101568 kB
Cached:          1186676 kB
MemTotal:        1844596 kB
MemFree:          207168 kB
MemAvailable:    1476032 kB
Buffers:          101568 kB
Cached:          1186676 kB
MemTotal:        1844596 kB
MemFree:          206980 kB
MemAvailable:    1475844 kB
Buffers:          101568 kB
Cached:          1186676 kB
MemTotal:        1844596 kB
MemFree:          205876 kB
MemAvailable:    1474740 kB
Buffers:          101568 kB
Cached:          1186676 kB
MemTotal:        1844596 kB
MemFree:          207172 kB
MemAvailable:    1476036 kB
Buffers:          101568 kB
Cached:          1186676 kB
MemTotal:        1844596 kB
MemFree:          206780 kB
MemAvailable:    1475644 kB
Buffers:          101568 kB
Cached:          1186676 kB
MemTotal:        1844596 kB
MemFree:          206800 kB
MemAvailable:    1475664 kB
Buffers:          101568 kB
Cached:          1186676 kB
MemTotal:        1844596 kB
MemFree:          206968 kB
MemAvailable:    1475832 kB
Buffers:          101568 kB
Cached:          1186676 kB
MemTotal:        1844596 kB
MemFree:          206740 kB
MemAvailable:    1475604 kB
Buffers:          101568 kB
Cached:          1186676 kB
MemTotal:        1844596 kB
MemFree:          206868 kB
MemAvailable:    1475732 kB
Buffers:          101568 kB
Cached:          1186676 kB
MemTotal:        1844596 kB
MemFree:          206124 kB
MemAvailable:    1474988 kB
Buffers:          101568 kB
Cached:          1186676 kB
MemTotal:        1844596 kB
MemFree:          206968 kB
MemAvailable:    1475844 kB
Buffers:          101568 kB
Cached:          1186688 kB
MemTotal:        1844596 kB
MemFree:          206968 kB
MemAvailable:    1475844 kB
Buffers:          101568 kB
Cached:          1186688 kB
MemTotal:        1844596 kB
MemFree:          206800 kB
MemAvailable:    1475676 kB
Buffers:          101568 kB
Cached:          1186688 kB
MemTotal:        1844596 kB
MemFree:          206496 kB
MemAvailable:    1475372 kB
Buffers:          101568 kB
Cached:          1186688 kB
MemTotal:        1844596 kB
MemFree:          205448 kB
MemAvailable:    1474324 kB
Buffers:          101568 kB
Cached:          1186688 kB
MemTotal:        1844596 kB
MemFree:          206680 kB
MemAvailable:    1475556 kB
Buffers:          101568 kB
Cached:          1186688 kB
MemTotal:        1844596 kB
MemFree:          206936 kB
MemAvailable:    1475812 kB
Buffers:          101568 kB
Cached:          1186688 kB
MemTotal:        1844596 kB
MemFree:          206680 kB
MemAvailable:    1475556 kB
Buffers:          101568 kB
Cached:          1186688 kB
MemTotal:        1844596 kB
MemFree:          205560 kB
MemAvailable:    1474436 kB
Buffers:          101568 kB
Cached:          1186688 kB
MemTotal:        1844596 kB
MemFree:          206772 kB
MemAvailable:    1475648 kB
Buffers:          101568 kB
Cached:          1186688 kB
MemTotal:        1844596 kB
MemFree:          206000 kB
MemAvailable:    1474876 kB
Buffers:          101568 kB
Cached:          1186688 kB
MemTotal:        1844596 kB
MemFree:          206596 kB
MemAvailable:    1475472 kB
Buffers:          101568 kB
Cached:          1186688 kB
MemTotal:        1844596 kB
MemFree:          205868 kB
MemAvailable:    1474744 kB
Buffers:          101568 kB
Cached:          1186688 kB
MemTotal:        1844596 kB
MemFree:          206472 kB
MemAvailable:    1475348 kB
Buffers:          101568 kB
Cached:          1186688 kB
MemTotal:        1844596 kB
MemFree:          206808 kB
MemAvailable:    1475684 kB
Buffers:          101568 kB
Cached:          1186688 kB
MemTotal:        1844596 kB
MemFree:          206736 kB
MemAvailable:    1475612 kB
Buffers:          101568 kB
Cached:          1186688 kB
MemTotal:        1844596 kB
MemFree:          206664 kB
MemAvailable:    1475540 kB
Buffers:          101568 kB
Cached:          1186688 kB
MemTotal:        1844596 kB
MemFree:          205572 kB
MemAvailable:    1474448 kB
Buffers:          101568 kB
Cached:          1186688 kB
MemTotal:        1844596 kB
MemFree:          206848 kB
MemAvailable:    1475724 kB
Buffers:          101568 kB
Cached:          1186688 kB
MemTotal:        1844596 kB
MemFree:          206488 kB
MemAvailable:    1475364 kB
Buffers:          101568 kB
Cached:          1186688 kB
MemTotal:        1844596 kB
MemFree:          206784 kB
MemAvailable:    1475660 kB
Buffers:          101568 kB
Cached:          1186688 kB
MemTotal:        1844596 kB
MemFree:          205620 kB
MemAvailable:    1474496 kB
Buffers:          101568 kB
Cached:          1186688 kB
MemTotal:        1844596 kB
MemFree:          205448 kB
MemAvailable:    1474324 kB
Buffers:          101568 kB
Cached:          1186688 kB
MemTotal:        1844596 kB
MemFree:          206932 kB
MemAvailable:    1475808 kB
Buffers:          101568 kB
Cached:          1186688 kB
MemTotal:        1844596 kB
MemFree:          203512 kB
MemAvailable:    1472388 kB
Buffers:          101568 kB
Cached:          1186688 kB
MemTotal:        1844596 kB
MemFree:          199420 kB
MemAvailable:    1468296 kB
Buffers:          101568 kB
Cached:          1186688 kB
MemTotal:        1844596 kB
MemFree:          196056 kB
MemAvailable:    1464932 kB
Buffers:          101568 kB
Cached:          1186688 kB
MemTotal:        1844596 kB
MemFree:          195204 kB
MemAvailable:    1464080 kB
Buffers:          101568 kB
Cached:          1186688 kB
MemTotal:        1844596 kB
MemFree:          196120 kB
MemAvailable:    1464996 kB
Buffers:          101568 kB
Cached:          1186688 kB
MemTotal:        1844596 kB
MemFree:          194772 kB
MemAvailable:    1463648 kB
Buffers:          101568 kB
Cached:          1186688 kB
MemTotal:        1844596 kB
MemFree:          194640 kB
MemAvailable:    1463516 kB
Buffers:          101568 kB
Cached:          1186688 kB
MemTotal:        1844596 kB
MemFree:          194808 kB
MemAvailable:    1463684 kB
Buffers:          101568 kB
Cached:          1186688 kB
MemTotal:        1844596 kB
MemFree:          196000 kB
MemAvailable:    1464876 kB
Buffers:          101568 kB
Cached:          1186688 kB
MemTotal:        1844596 kB
MemFree:          195584 kB
MemAvailable:    1464460 kB
Buffers:          101568 kB
Cached:          1186688 kB
MemTotal:        1844596 kB
MemFree:          194824 kB
MemAvailable:    1463700 kB
Buffers:          101568 kB
Cached:          1186688 kB
MemTotal:        1844596 kB
MemFree:          194908 kB
MemAvailable:    1463784 kB
Buffers:          101568 kB
Cached:          1186688 kB
MemTotal:        1844596 kB
MemFree:          195932 kB
MemAvailable:    1464808 kB
Buffers:          101568 kB
Cached:          1186688 kB
MemTotal:        1844596 kB
MemFree:          195576 kB
MemAvailable:    1464452 kB
Buffers:          101568 kB
Cached:          1186688 kB
MemTotal:        1844596 kB
MemFree:          195988 kB
MemAvailable:    1464864 kB
Buffers:          101568 kB
Cached:          1186688 kB
MemTotal:        1844596 kB
MemFree:          194688 kB
MemAvailable:    1463564 kB
Buffers:          101568 kB
Cached:          1186688 kB
MemTotal:        1844596 kB
MemFree:          195948 kB
MemAvailable:    1464824 kB
Buffers:          101568 kB
Cached:          1186688 kB
MemTotal:        1844596 kB
MemFree:          195984 kB
MemAvailable:    1464860 kB
Buffers:          101568 kB
Cached:          1186688 kB
MemTotal:        1844596 kB
MemFree:          195804 kB
MemAvailable:    1464680 kB
Buffers:          101568 kB
Cached:          1186688 kB
MemTotal:        1844596 kB
MemFree:          195576 kB
MemAvailable:    1464452 kB
Buffers:          101568 kB
Cached:          1186688 kB
MemTotal:        1844596 kB
MemFree:          195756 kB
MemAvailable:    1464632 kB
Buffers:          101568 kB
Cached:          1186688 kB
MemTotal:        1844596 kB
MemFree:          196008 kB
MemAvailable:    1464884 kB
Buffers:          101568 kB
Cached:          1186688 kB
MemTotal:        1844596 kB
MemFree:          195936 kB
MemAvailable:    1464812 kB
Buffers:          101568 kB
Cached:          1186688 kB
MemTotal:        1844596 kB
MemFree:          195080 kB
MemAvailable:    1463956 kB
Buffers:          101568 kB
Cached:          1186688 kB
MemTotal:        1844596 kB
MemFree:          194648 kB
MemAvailable:    1463524 kB
Buffers:          101568 kB
Cached:          1186688 kB
MemTotal:        1844596 kB
MemFree:          195932 kB
MemAvailable:    1464808 kB
Buffers:          101568 kB
Cached:          1186688 kB
MemTotal:        1844596 kB
MemFree:          196220 kB
MemAvailable:    1465096 kB
Buffers:          101568 kB
Cached:          1186688 kB
MemTotal:        1844596 kB
MemFree:          196220 kB
MemAvailable:    1465096 kB
Buffers:          101568 kB
Cached:          1186688 kB
MemTotal:        1844596 kB
MemFree:          194700 kB
MemAvailable:    1463576 kB
Buffers:          101568 kB
Cached:          1186688 kB
MemTotal:        1844596 kB
MemFree:          195212 kB
MemAvailable:    1464088 kB
Buffers:          101568 kB
Cached:          1186688 kB
MemTotal:        1844596 kB
MemFree:          195948 kB
MemAvailable:    1464824 kB
Buffers:          101568 kB
Cached:          1186688 kB
MemTotal:        1844596 kB
MemFree:          195992 kB
MemAvailable:    1464868 kB
Buffers:          101568 kB
Cached:          1186688 kB
MemTotal:        1844596 kB
MemFree:          196156 kB
MemAvailable:    1465032 kB
Buffers:          101568 kB
Cached:          1186688 kB
MemTotal:        1844596 kB
MemFree:          195796 kB
MemAvailable:    1464672 kB
Buffers:          101568 kB
Cached:          1186688 kB
MemTotal:        1844596 kB
MemFree:          194680 kB
MemAvailable:    1463556 kB
Buffers:          101568 kB
Cached:          1186688 kB
MemTotal:        1844596 kB
MemFree:          195924 kB
MemAvailable:    1464800 kB
Buffers:          101568 kB
Cached:          1186688 kB
MemTotal:        1844596 kB
MemFree:          195924 kB
MemAvailable:    1464800 kB
Buffers:          101568 kB
Cached:          1186688 kB
MemTotal:        1844596 kB
MemFree:          195724 kB
MemAvailable:    1464600 kB
Buffers:          101568 kB
Cached:          1186688 kB
MemTotal:        1844596 kB
MemFree:          196124 kB
MemAvailable:    1465000 kB
Buffers:          101568 kB
Cached:          1186688 kB
MemTotal:        1844596 kB
MemFree:          195844 kB
MemAvailable:    1464720 kB
Buffers:          101568 kB
Cached:          1186688 kB
MemTotal:        1844596 kB
MemFree:          195916 kB
MemAvailable:    1464792 kB
Buffers:          101568 kB
Cached:          1186688 kB
MemTotal:        1844596 kB
MemFree:          195868 kB
MemAvailable:    1464744 kB
Buffers:          101568 kB
Cached:          1186688 kB
MemTotal:        1844596 kB
MemFree:          194692 kB
MemAvailable:    1463568 kB
Buffers:          101568 kB
Cached:          1186688 kB
MemTotal:        1844596 kB
MemFree:          195840 kB
MemAvailable:    1464716 kB
Buffers:          101568 kB
Cached:          1186688 kB
MemTotal:        1844596 kB
MemFree:          196092 kB
MemAvailable:    1464968 kB
Buffers:          101568 kB
Cached:          1186688 kB
MemTotal:        1844596 kB
MemFree:          195968 kB
MemAvailable:    1464844 kB
Buffers:          101568 kB
Cached:          1186688 kB
MemTotal:        1844596 kB
MemFree:          196024 kB
MemAvailable:    1464900 kB
Buffers:          101568 kB
Cached:          1186688 kB
MemTotal:        1844596 kB
MemFree:          195236 kB
MemAvailable:    1464112 kB
Buffers:          101568 kB
Cached:          1186688 kB
MemTotal:        1844596 kB
MemFree:          196592 kB
MemAvailable:    1465472 kB
Buffers:          101568 kB
Cached:          1186692 kB
MemTotal:        1844596 kB
MemFree:          195972 kB
MemAvailable:    1464852 kB
Buffers:          101568 kB
Cached:          1186692 kB
MemTotal:        1844596 kB
MemFree:          195468 kB
MemAvailable:    1464348 kB
Buffers:          101568 kB
Cached:          1186692 kB
MemTotal:        1844596 kB
MemFree:          195236 kB
MemAvailable:    1464116 kB
Buffers:          101568 kB
Cached:          1186692 kB
MemTotal:        1844596 kB
MemFree:          195304 kB
MemAvailable:    1464184 kB
Buffers:          101568 kB
Cached:          1186692 kB
MemTotal:        1844596 kB
MemFree:          193996 kB
MemAvailable:    1462876 kB
Buffers:          101568 kB
Cached:          1186692 kB
MemTotal:        1844596 kB
MemFree:          194980 kB
MemAvailable:    1463864 kB
Buffers:          101568 kB
Cached:          1186696 kB
MemTotal:        1844596 kB
MemFree:          193732 kB
MemAvailable:    1462616 kB
Buffers:          101568 kB
Cached:          1186696 kB
MemTotal:        1844596 kB
MemFree:          194724 kB
MemAvailable:    1463608 kB
Buffers:          101568 kB
Cached:          1186696 kB
MemTotal:        1844596 kB
MemFree:          193756 kB
MemAvailable:    1462640 kB
Buffers:          101568 kB
Cached:          1186696 kB
MemTotal:        1844596 kB
MemFree:          194608 kB
MemAvailable:    1463496 kB
Buffers:          101568 kB
Cached:          1186700 kB
MemTotal:        1844596 kB
MemFree:          194944 kB
MemAvailable:    1463832 kB
Buffers:          101568 kB
Cached:          1186700 kB
MemTotal:        1844596 kB
MemFree:          194732 kB
MemAvailable:    1463620 kB
Buffers:          101568 kB
Cached:          1186700 kB
MemTotal:        1844596 kB
MemFree:          193880 kB
MemAvailable:    1462768 kB
Buffers:          101568 kB
Cached:          1186700 kB
MemTotal:        1844596 kB
MemFree:          194484 kB
MemAvailable:    1463372 kB
Buffers:          101568 kB
Cached:          1186700 kB
MemTotal:        1844596 kB
MemFree:          194540 kB
MemAvailable:    1463428 kB
Buffers:          101568 kB
Cached:          1186700 kB
MemTotal:        1844596 kB
MemFree:          194232 kB
MemAvailable:    1463120 kB
Buffers:          101568 kB
Cached:          1186700 kB
MemTotal:        1844596 kB
MemFree:          194364 kB
MemAvailable:    1463252 kB
Buffers:          101568 kB
Cached:          1186700 kB
MemTotal:        1844596 kB
MemFree:          194292 kB
MemAvailable:    1463180 kB
Buffers:          101568 kB
Cached:          1186700 kB
MemTotal:        1844596 kB
MemFree:          194544 kB
MemAvailable:    1463432 kB
Buffers:          101568 kB
Cached:          1186700 kB
MemTotal:        1844596 kB
MemFree:          194236 kB
MemAvailable:    1463124 kB
Buffers:          101568 kB
Cached:          1186700 kB
MemTotal:        1844596 kB
MemFree:          194360 kB
MemAvailable:    1463248 kB
Buffers:          101568 kB
Cached:          1186700 kB
MemTotal:        1844596 kB
MemFree:          194416 kB
MemAvailable:    1463304 kB
Buffers:          101568 kB
Cached:          1186700 kB
MemTotal:        1844596 kB
MemFree:          193068 kB
MemAvailable:    1461956 kB
Buffers:          101568 kB
Cached:          1186700 kB
MemTotal:        1844596 kB
MemFree:          194132 kB
MemAvailable:    1463020 kB
Buffers:          101568 kB
Cached:          1186700 kB
MemTotal:        1844596 kB
MemFree:          194292 kB
MemAvailable:    1463180 kB
Buffers:          101568 kB
Cached:          1186700 kB
MemTotal:        1844596 kB
MemFree:          193068 kB
MemAvailable:    1461956 kB
Buffers:          101568 kB
Cached:          1186700 kB
MemTotal:        1844596 kB
MemFree:          193184 kB
MemAvailable:    1462072 kB
Buffers:          101568 kB
Cached:          1186700 kB
MemTotal:        1844596 kB
MemFree:          192756 kB
MemAvailable:    1461644 kB
Buffers:          101568 kB
Cached:          1186700 kB
MemTotal:        1844596 kB
MemFree:          188028 kB
MemAvailable:    1456916 kB
Buffers:          101568 kB
Cached:          1186700 kB
MemTotal:        1844596 kB
MemFree:          187548 kB
MemAvailable:    1456436 kB
Buffers:          101568 kB
Cached:          1186700 kB
MemTotal:        1844596 kB
MemFree:          183440 kB
MemAvailable:    1452328 kB
Buffers:          101568 kB
Cached:          1186700 kB
MemTotal:        1844596 kB
MemFree:          183524 kB
MemAvailable:    1452412 kB
Buffers:          101568 kB
Cached:          1186700 kB
MemTotal:        1844596 kB
MemFree:          183212 kB
MemAvailable:    1452100 kB
Buffers:          101568 kB
Cached:          1186700 kB
MemTotal:        1844596 kB
MemFree:          181904 kB
MemAvailable:    1450792 kB
Buffers:          101568 kB
Cached:          1186700 kB
MemTotal:        1844596 kB
MemFree:          181596 kB
MemAvailable:    1450484 kB
Buffers:          101568 kB
Cached:          1186700 kB
MemTotal:        1844596 kB
MemFree:          182464 kB
MemAvailable:    1451352 kB
Buffers:          101568 kB
Cached:          1186700 kB
MemTotal:        1844596 kB
MemFree:          181092 kB
MemAvailable:    1449980 kB
Buffers:          101568 kB
Cached:          1186700 kB
MemTotal:        1844596 kB
MemFree:          180960 kB
MemAvailable:    1449848 kB
Buffers:          101568 kB
Cached:          1186700 kB
MemTotal:        1844596 kB
MemFree:          180232 kB
MemAvailable:    1449120 kB
Buffers:          101568 kB
Cached:          1186700 kB
MemTotal:        1844596 kB
MemFree:          180920 kB
MemAvailable:    1449808 kB
Buffers:          101568 kB
Cached:          1186700 kB
MemTotal:        1844596 kB
MemFree:          180596 kB
MemAvailable:    1449484 kB
Buffers:          101568 kB
Cached:          1186700 kB
MemTotal:        1844596 kB
MemFree:          178124 kB
MemAvailable:    1447012 kB
Buffers:          101568 kB
Cached:          1186700 kB
MemTotal:        1844596 kB
MemFree:          177992 kB
MemAvailable:    1446880 kB
Buffers:          101568 kB
Cached:          1186700 kB
MemTotal:        1844596 kB
MemFree:          178108 kB
MemAvailable:    1446996 kB
Buffers:          101568 kB
Cached:          1186700 kB
MemTotal:        1844596 kB
MemFree:          179100 kB
MemAvailable:    1447988 kB
Buffers:          101568 kB
Cached:          1186700 kB
MemTotal:        1844596 kB
MemFree:          178124 kB
MemAvailable:    1447012 kB
Buffers:          101568 kB
Cached:          1186700 kB
MemTotal:        1844596 kB
MemFree:          179212 kB
MemAvailable:    1448104 kB
Buffers:          101568 kB
Cached:          1186704 kB
MemTotal:        1844596 kB
MemFree:          178372 kB
MemAvailable:    1447264 kB
Buffers:          101568 kB
Cached:          1186704 kB
MemTotal:        1844596 kB
MemFree:          179228 kB
MemAvailable:    1448120 kB
Buffers:          101568 kB
Cached:          1186704 kB
MemTotal:        1844596 kB
MemFree:          179368 kB
MemAvailable:    1448260 kB
Buffers:          101568 kB
Cached:          1186704 kB
MemTotal:        1844596 kB
MemFree:          178060 kB
MemAvailable:    1446952 kB
Buffers:          101568 kB
Cached:          1186704 kB
MemTotal:        1844596 kB
MemFree:          179080 kB
MemAvailable:    1447972 kB
Buffers:          101568 kB
Cached:          1186704 kB
MemTotal:        1844596 kB
MemFree:          179336 kB
MemAvailable:    1448228 kB
Buffers:          101568 kB
Cached:          1186704 kB
MemTotal:        1844596 kB
MemFree:          177840 kB
MemAvailable:    1446732 kB
Buffers:          101568 kB
Cached:          1186704 kB
MemTotal:        1844596 kB
MemFree:          177752 kB
MemAvailable:    1446644 kB
Buffers:          101568 kB
Cached:          1186704 kB
MemTotal:        1844596 kB
MemFree:          178480 kB
MemAvailable:    1447372 kB
Buffers:          101568 kB
Cached:          1186704 kB
MemTotal:        1844596 kB
MemFree:          178372 kB
MemAvailable:    1447264 kB
Buffers:          101568 kB
Cached:          1186704 kB
MemTotal:        1844596 kB
MemFree:          177504 kB
MemAvailable:    1446396 kB
Buffers:          101568 kB
Cached:          1186704 kB
MemTotal:        1844596 kB
MemFree:          176140 kB
MemAvailable:    1445032 kB
Buffers:          101568 kB
Cached:          1186704 kB
MemTotal:        1844596 kB
MemFree:          177116 kB
MemAvailable:    1446008 kB
Buffers:          101568 kB
Cached:          1186704 kB
MemTotal:        1844596 kB
MemFree:          176884 kB
MemAvailable:    1445776 kB
Buffers:          101568 kB
Cached:          1186704 kB
MemTotal:        1844596 kB
MemFree:          176760 kB
MemAvailable:    1445652 kB
Buffers:          101568 kB
Cached:          1186704 kB
MemTotal:        1844596 kB
MemFree:          175396 kB
MemAvailable:    1444288 kB
Buffers:          101568 kB
Cached:          1186704 kB
MemTotal:        1844596 kB
MemFree:          176204 kB
MemAvailable:    1445096 kB
Buffers:          101568 kB
Cached:          1186704 kB
MemTotal:        1844596 kB
MemFree:          174768 kB
MemAvailable:    1443660 kB
Buffers:          101568 kB
Cached:          1186704 kB
MemTotal:        1844596 kB
MemFree:          174652 kB
MemAvailable:    1443544 kB
Buffers:          101568 kB
Cached:          1186704 kB
MemTotal:        1844596 kB
MemFree:          175132 kB
MemAvailable:    1444024 kB
Buffers:          101568 kB
Cached:          1186704 kB
MemTotal:        1844596 kB
MemFree:          174528 kB
MemAvailable:    1443420 kB
Buffers:          101568 kB
Cached:          1186704 kB
MemTotal:        1844596 kB
MemFree:          175196 kB
MemAvailable:    1444088 kB
Buffers:          101568 kB
Cached:          1186704 kB
MemTotal:        1844596 kB
MemFree:          174280 kB
MemAvailable:    1443172 kB
Buffers:          101568 kB
Cached:          1186704 kB
MemTotal:        1844596 kB
MemFree:          175096 kB
MemAvailable:    1443988 kB
Buffers:          101568 kB
Cached:          1186704 kB
MemTotal:        1844596 kB
MemFree:          175008 kB
MemAvailable:    1443900 kB
Buffers:          101568 kB
Cached:          1186704 kB
MemTotal:        1844596 kB
MemFree:          175220 kB
MemAvailable:    1444112 kB
Buffers:          101568 kB
Cached:          1186704 kB
MemTotal:        1844596 kB
MemFree:          173772 kB
MemAvailable:    1442664 kB
Buffers:          101568 kB
Cached:          1186704 kB
MemTotal:        1844596 kB
MemFree:          174956 kB
MemAvailable:    1443848 kB
Buffers:          101568 kB
Cached:          1186704 kB
MemTotal:        1844596 kB
MemFree:          175124 kB
MemAvailable:    1444016 kB
Buffers:          101568 kB
Cached:          1186704 kB
MemTotal:        1844596 kB
MemFree:          175064 kB
MemAvailable:    1443956 kB
Buffers:          101568 kB
Cached:          1186704 kB
MemTotal:        1844596 kB
MemFree:          174288 kB
MemAvailable:    1443180 kB
Buffers:          101568 kB
Cached:          1186704 kB
MemTotal:        1844596 kB
MemFree:          174768 kB
MemAvailable:    1443664 kB
Buffers:          101568 kB
Cached:          1186708 kB
MemTotal:        1844596 kB
MemFree:          174784 kB
MemAvailable:    1443680 kB
Buffers:          101568 kB
Cached:          1186708 kB
MemTotal:        1844596 kB
MemFree:          174900 kB
MemAvailable:    1443796 kB
Buffers:          101568 kB
Cached:          1186708 kB
MemTotal:        1844596 kB
MemFree:          174788 kB
MemAvailable:    1443684 kB
Buffers:          101568 kB
Cached:          1186708 kB
MemTotal:        1844596 kB
MemFree:          173648 kB
MemAvailable:    1442544 kB
Buffers:          101568 kB
Cached:          1186708 kB
MemTotal:        1844596 kB
MemFree:          173404 kB
MemAvailable:    1442300 kB
Buffers:          101568 kB
Cached:          1186708 kB
MemTotal:        1844596 kB
MemFree:          174836 kB
MemAvailable:    1443732 kB
Buffers:          101568 kB
Cached:          1186708 kB
MemTotal:        1844596 kB
MemFree:          174836 kB
MemAvailable:    1443732 kB
Buffers:          101568 kB
Cached:          1186708 kB
MemTotal:        1844596 kB
MemFree:          173612 kB
MemAvailable:    1442508 kB
Buffers:          101568 kB
Cached:          1186708 kB
MemTotal:        1844596 kB
MemFree:          173612 kB
MemAvailable:    1442508 kB
Buffers:          101568 kB
Cached:          1186708 kB
MemTotal:        1844596 kB
MemFree:          173608 kB
MemAvailable:    1442504 kB
Buffers:          101568 kB
Cached:          1186708 kB
MemTotal:        1844596 kB
MemFree:          173476 kB
MemAvailable:    1442372 kB
Buffers:          101568 kB
Cached:          1186708 kB
MemTotal:        1844596 kB
MemFree:          173476 kB
MemAvailable:    1442372 kB
Buffers:          101568 kB
Cached:          1186708 kB
MemTotal:        1844596 kB
MemFree:          173636 kB
MemAvailable:    1442532 kB
Buffers:          101568 kB
Cached:          1186708 kB
MemTotal:        1844596 kB
MemFree:          174968 kB
MemAvailable:    1443864 kB
Buffers:          101568 kB
Cached:          1186708 kB
MemTotal:        1844596 kB
MemFree:          173472 kB
MemAvailable:    1442368 kB
Buffers:          101568 kB
Cached:          1186708 kB
MemTotal:        1844596 kB
MemFree:          173396 kB
MemAvailable:    1442292 kB
Buffers:          101568 kB
Cached:          1186708 kB
MemTotal:        1844596 kB
MemFree:          173480 kB
MemAvailable:    1442376 kB
Buffers:          101568 kB
Cached:          1186708 kB
MemTotal:        1844596 kB
MemFree:          173232 kB
MemAvailable:    1442128 kB
Buffers:          101568 kB
Cached:          1186708 kB
MemTotal:        1844596 kB
MemFree:          171860 kB
MemAvailable:    1440756 kB
Buffers:          101568 kB
Cached:          1186708 kB
MemTotal:        1844596 kB
MemFree:          171544 kB
MemAvailable:    1440440 kB
Buffers:          101568 kB
Cached:          1186708 kB
MemTotal:        1844596 kB
MemFree:          170684 kB
MemAvailable:    1439580 kB
Buffers:          101568 kB
Cached:          1186708 kB
MemTotal:        1844596 kB
MemFree:          166280 kB
MemAvailable:    1435176 kB
Buffers:          101568 kB
Cached:          1186708 kB
MemTotal:        1844596 kB
MemFree:          164032 kB
MemAvailable:    1432928 kB
Buffers:          101568 kB
Cached:          1186708 kB
MemTotal:        1844596 kB
MemFree:          162004 kB
MemAvailable:    1430900 kB
Buffers:          101568 kB
Cached:          1186708 kB
MemTotal:        1844596 kB
MemFree:          156176 kB
MemAvailable:    1425072 kB
Buffers:          101568 kB
Cached:          1186708 kB
MemTotal:        1844596 kB
MemFree:          156384 kB
MemAvailable:    1425280 kB
Buffers:          101568 kB
Cached:          1186708 kB
MemTotal:        1844596 kB
MemFree:          155300 kB
MemAvailable:    1424196 kB
Buffers:          101568 kB
Cached:          1186708 kB
MemTotal:        1844596 kB
MemFree:          156364 kB
MemAvailable:    1425260 kB
Buffers:          101568 kB
Cached:          1186708 kB
MemTotal:        1844596 kB
MemFree:          156336 kB
MemAvailable:    1425232 kB
Buffers:          101568 kB
Cached:          1186708 kB
MemTotal:        1844596 kB
MemFree:          155028 kB
MemAvailable:    1423924 kB
Buffers:          101568 kB
Cached:          1186708 kB
MemTotal:        1844596 kB
MemFree:          155028 kB
MemAvailable:    1423924 kB
Buffers:          101568 kB
Cached:          1186708 kB
MemTotal:        1844596 kB
MemFree:          156072 kB
MemAvailable:    1424968 kB
Buffers:          101568 kB
Cached:          1186708 kB
MemTotal:        1844596 kB
MemFree:          154896 kB
MemAvailable:    1423792 kB
Buffers:          101568 kB
Cached:          1186708 kB
MemTotal:        1844596 kB
MemFree:          155956 kB
MemAvailable:    1424852 kB
Buffers:          101568 kB
Cached:          1186708 kB
MemTotal:        1844596 kB
MemFree:          156292 kB
MemAvailable:    1425188 kB
Buffers:          101568 kB
Cached:          1186708 kB
MemTotal:        1844596 kB
MemFree:          156224 kB
MemAvailable:    1425120 kB
Buffers:          101568 kB
Cached:          1186708 kB
MemTotal:        1844596 kB
MemFree:          155680 kB
MemAvailable:    1424576 kB
Buffers:          101568 kB
Cached:          1186708 kB
MemTotal:        1844596 kB
MemFree:          155484 kB
MemAvailable:    1424380 kB
Buffers:          101568 kB
Cached:          1186708 kB
MemTotal:        1844596 kB
MemFree:          155028 kB
MemAvailable:    1423924 kB
Buffers:          101568 kB
Cached:          1186708 kB
MemTotal:        1844596 kB
MemFree:          155364 kB
MemAvailable:    1424260 kB
Buffers:          101568 kB
Cached:          1186708 kB
MemTotal:        1844596 kB
MemFree:          155232 kB
MemAvailable:    1424128 kB
Buffers:          101568 kB
Cached:          1186708 kB
MemTotal:        1844596 kB
MemFree:          155400 kB
MemAvailable:    1424296 kB
Buffers:          101568 kB
Cached:          1186708 kB
MemTotal:        1844596 kB
MemFree:          155140 kB
MemAvailable:    1424036 kB
Buffers:          101568 kB
Cached:          1186708 kB
MemTotal:        1844596 kB
MemFree:          154936 kB
MemAvailable:    1423832 kB
Buffers:          101568 kB
Cached:          1186708 kB
MemTotal:        1844596 kB
MemFree:          155296 kB
MemAvailable:    1424192 kB
Buffers:          101568 kB
Cached:          1186708 kB
MemTotal:        1844596 kB
MemFree:          155184 kB
MemAvailable:    1424080 kB
Buffers:          101568 kB
Cached:          1186708 kB
MemTotal:        1844596 kB
MemFree:          155112 kB
MemAvailable:    1424008 kB
Buffers:          101568 kB
Cached:          1186708 kB
MemTotal:        1844596 kB
MemFree:          154680 kB
MemAvailable:    1423576 kB
Buffers:          101568 kB
Cached:          1186708 kB
MemTotal:        1844596 kB
MemFree:          155424 kB
MemAvailable:    1424320 kB
Buffers:          101568 kB
Cached:          1186708 kB
MemTotal:        1844596 kB
MemFree:          155508 kB
MemAvailable:    1424404 kB
Buffers:          101568 kB
Cached:          1186708 kB
MemTotal:        1844596 kB
MemFree:          155188 kB
MemAvailable:    1424084 kB
Buffers:          101568 kB
Cached:          1186708 kB
MemTotal:        1844596 kB
MemFree:          155316 kB
MemAvailable:    1424212 kB
Buffers:          101568 kB
Cached:          1186708 kB
MemTotal:        1844596 kB
MemFree:          155248 kB
MemAvailable:    1424144 kB
Buffers:          101568 kB
Cached:          1186708 kB
MemTotal:        1844596 kB
MemFree:          155044 kB
MemAvailable:    1423940 kB
Buffers:          101568 kB
Cached:          1186708 kB
MemTotal:        1844596 kB
MemFree:          155380 kB
MemAvailable:    1424276 kB
Buffers:          101568 kB
Cached:          1186708 kB
MemTotal:        1844596 kB
MemFree:          155296 kB
MemAvailable:    1424192 kB
Buffers:          101568 kB
Cached:          1186708 kB
MemTotal:        1844596 kB
MemFree:          153884 kB
MemAvailable:    1422780 kB
Buffers:          101568 kB
Cached:          1186708 kB
MemTotal:        1844596 kB
MemFree:          152084 kB
MemAvailable:    1420980 kB
Buffers:          101568 kB
Cached:          1186708 kB
MemTotal:        1844596 kB
MemFree:          149044 kB
MemAvailable:    1417940 kB
Buffers:          101568 kB
Cached:          1186708 kB
MemTotal:        1844596 kB
MemFree:          146504 kB
MemAvailable:    1415400 kB
Buffers:          101568 kB
Cached:          1186708 kB
MemTotal:        1844596 kB
MemFree:          142644 kB
MemAvailable:    1411540 kB
Buffers:          101568 kB
Cached:          1186708 kB
MemTotal:        1844596 kB
MemFree:          142608 kB
MemAvailable:    1411504 kB
Buffers:          101568 kB
Cached:          1186708 kB
MemTotal:        1844596 kB
MemFree:          137072 kB
MemAvailable:    1405968 kB
Buffers:          101568 kB
Cached:          1186708 kB
MemTotal:        1844596 kB
MemFree:          136344 kB
MemAvailable:    1405240 kB
Buffers:          101568 kB
Cached:          1186708 kB
MemTotal:        1844596 kB
MemFree:          136908 kB
MemAvailable:    1405804 kB
Buffers:          101568 kB
Cached:          1186708 kB
MemTotal:        1844596 kB
MemFree:          135648 kB
MemAvailable:    1404544 kB
Buffers:          101568 kB
Cached:          1186708 kB
MemTotal:        1844596 kB
MemFree:          136916 kB
MemAvailable:    1405812 kB
Buffers:          101568 kB
Cached:          1186708 kB
MemTotal:        1844596 kB
MemFree:          136824 kB
MemAvailable:    1405720 kB
Buffers:          101568 kB
Cached:          1186708 kB
MemTotal:        1844596 kB
MemFree:          137080 kB
MemAvailable:    1405976 kB
Buffers:          101568 kB
Cached:          1186708 kB
MemTotal:        1844596 kB
MemFree:          136860 kB
MemAvailable:    1405768 kB
Buffers:          101568 kB
Cached:          1186716 kB
MemTotal:        1844596 kB
MemFree:          136708 kB
MemAvailable:    1405616 kB
Buffers:          101568 kB
Cached:          1186716 kB
MemTotal:        1844596 kB
MemFree:          135784 kB
MemAvailable:    1404692 kB
Buffers:          101568 kB
Cached:          1186716 kB
MemTotal:        1844596 kB
MemFree:          135784 kB
MemAvailable:    1404692 kB
Buffers:          101568 kB
Cached:          1186716 kB
MemTotal:        1844596 kB
MemFree:          135784 kB
MemAvailable:    1404692 kB
Buffers:          101568 kB
Cached:          1186716 kB
MemTotal:        1844596 kB
MemFree:          135784 kB
MemAvailable:    1404692 kB
Buffers:          101568 kB
Cached:          1186716 kB
MemTotal:        1844596 kB
MemFree:          135908 kB
MemAvailable:    1404816 kB
Buffers:          101568 kB
Cached:          1186716 kB
MemTotal:        1844596 kB
MemFree:          135908 kB
MemAvailable:    1404816 kB
Buffers:          101568 kB
Cached:          1186716 kB
MemTotal:        1844596 kB
MemFree:          136892 kB
MemAvailable:    1405800 kB
Buffers:          101568 kB
Cached:          1186716 kB
MemTotal:        1844596 kB
MemFree:          136892 kB
MemAvailable:    1405800 kB
Buffers:          101568 kB
Cached:          1186716 kB
MemTotal:        1844596 kB
MemFree:          135668 kB
MemAvailable:    1404576 kB
Buffers:          101568 kB
Cached:          1186716 kB
MemTotal:        1844596 kB
MemFree:          135660 kB
MemAvailable:    1404568 kB
Buffers:          101568 kB
Cached:          1186716 kB
MemTotal:        1844596 kB
MemFree:          137024 kB
MemAvailable:    1405932 kB
Buffers:          101568 kB
Cached:          1186716 kB
MemTotal:        1844596 kB
MemFree:          135704 kB
MemAvailable:    1404612 kB
Buffers:          101568 kB
Cached:          1186716 kB
MemTotal:        1844596 kB
MemFree:          136816 kB
MemAvailable:    1405724 kB
Buffers:          101568 kB
Cached:          1186716 kB
MemTotal:        1844596 kB
MemFree:          137068 kB
MemAvailable:    1405976 kB
Buffers:          101568 kB
Cached:          1186716 kB
MemTotal:        1844596 kB
MemFree:          135660 kB
MemAvailable:    1404568 kB
Buffers:          101568 kB
Cached:          1186716 kB
MemTotal:        1844596 kB
MemFree:          135820 kB
MemAvailable:    1404728 kB
Buffers:          101568 kB
Cached:          1186716 kB
MemTotal:        1844596 kB
MemFree:          136924 kB
MemAvailable:    1405832 kB
Buffers:          101568 kB
Cached:          1186716 kB
MemTotal:        1844596 kB
MemFree:          137152 kB
MemAvailable:    1406060 kB
Buffers:          101568 kB
Cached:          1186716 kB
MemTotal:        1844596 kB
MemFree:          136828 kB
MemAvailable:    1405736 kB
Buffers:          101568 kB
Cached:          1186716 kB
MemTotal:        1844596 kB
MemFree:          136960 kB
MemAvailable:    1405868 kB
Buffers:          101568 kB
Cached:          1186716 kB
MemTotal:        1844596 kB
MemFree:          135660 kB
MemAvailable:    1404568 kB
Buffers:          101568 kB
Cached:          1186716 kB
MemTotal:        1844596 kB
MemFree:          135660 kB
MemAvailable:    1404568 kB
Buffers:          101568 kB
Cached:          1186716 kB
MemTotal:        1844596 kB
MemFree:          135652 kB
MemAvailable:    1404560 kB
Buffers:          101568 kB
Cached:          1186716 kB
MemTotal:        1844596 kB
MemFree:          137016 kB
MemAvailable:    1405924 kB
Buffers:          101568 kB
Cached:          1186716 kB
MemTotal:        1844596 kB
MemFree:          136796 kB
MemAvailable:    1405704 kB
Buffers:          101568 kB
Cached:          1186716 kB
MemTotal:        1844596 kB
MemFree:          136584 kB
MemAvailable:    1405492 kB
Buffers:          101568 kB
Cached:          1186716 kB
MemTotal:        1844596 kB
MemFree:          131500 kB
MemAvailable:    1400408 kB
Buffers:          101568 kB
Cached:          1186716 kB
MemTotal:        1844596 kB
MemFree:          126524 kB
MemAvailable:    1395432 kB
Buffers:          101568 kB
Cached:          1186716 kB
MemTotal:        1844596 kB
MemFree:          126608 kB
MemAvailable:    1395516 kB
Buffers:          101568 kB
Cached:          1186716 kB
MemTotal:        1844596 kB
MemFree:          121456 kB
MemAvailable:    1390364 kB
Buffers:          101568 kB
Cached:          1186716 kB
MemTotal:        1844596 kB
MemFree:          120024 kB
MemAvailable:    1388932 kB
Buffers:          101568 kB
Cached:          1186716 kB
MemTotal:        1844596 kB
MemFree:          118736 kB
MemAvailable:    1387644 kB
Buffers:          101568 kB
Cached:          1186716 kB
MemTotal:        1844596 kB
MemFree:          119764 kB
MemAvailable:    1388672 kB
Buffers:          101568 kB
Cached:          1186716 kB
MemTotal:        1844596 kB
MemFree:          118604 kB
MemAvailable:    1387512 kB
Buffers:          101568 kB
Cached:          1186716 kB
MemTotal:        1844596 kB
MemFree:          118712 kB
MemAvailable:    1387620 kB
Buffers:          101568 kB
Cached:          1186716 kB
MemTotal:        1844596 kB
MemFree:          118232 kB
MemAvailable:    1387140 kB
Buffers:          101568 kB
Cached:          1186716 kB
MemTotal:        1844596 kB
MemFree:          117308 kB
MemAvailable:    1386216 kB
Buffers:          101568 kB
Cached:          1186716 kB
MemTotal:        1844596 kB
MemFree:          118876 kB
MemAvailable:    1387784 kB
Buffers:          101568 kB
Cached:          1186716 kB
MemTotal:        1844596 kB
MemFree:          118840 kB
MemAvailable:    1387748 kB
Buffers:          101568 kB
Cached:          1186716 kB
MemTotal:        1844596 kB
MemFree:          118792 kB
MemAvailable:    1387700 kB
Buffers:          101568 kB
Cached:          1186716 kB
MemTotal:        1844596 kB
MemFree:          118472 kB
MemAvailable:    1387380 kB
Buffers:          101568 kB
Cached:          1186716 kB
MemTotal:        1844596 kB
MemFree:          117248 kB
MemAvailable:    1386156 kB
Buffers:          101568 kB
Cached:          1186716 kB
MemTotal:        1844596 kB
MemFree:          117968 kB
MemAvailable:    1386876 kB
Buffers:          101568 kB
Cached:          1186716 kB
MemTotal:        1844596 kB
MemFree:          117984 kB
MemAvailable:    1386892 kB
Buffers:          101568 kB
Cached:          1186716 kB
MemTotal:        1844596 kB
MemFree:          118148 kB
MemAvailable:    1387056 kB
Buffers:          101568 kB
Cached:          1186716 kB
MemTotal:        1844596 kB
MemFree:          118192 kB
MemAvailable:    1387100 kB
Buffers:          101568 kB
Cached:          1186716 kB
MemTotal:        1844596 kB
MemFree:          117860 kB
MemAvailable:    1386768 kB
Buffers:          101568 kB
Cached:          1186716 kB
MemTotal:        1844596 kB
MemFree:          116124 kB
MemAvailable:    1385032 kB
Buffers:          101568 kB
Cached:          1186716 kB
MemTotal:        1844596 kB
MemFree:          116240 kB
MemAvailable:    1385148 kB
Buffers:          101568 kB
Cached:          1186716 kB
MemTotal:        1844596 kB
MemFree:          116240 kB
MemAvailable:    1385148 kB
Buffers:          101568 kB
Cached:          1186716 kB
MemTotal:        1844596 kB
MemFree:          115920 kB
MemAvailable:    1384828 kB
Buffers:          101568 kB
Cached:          1186716 kB
MemTotal:        1844596 kB
MemFree:          115240 kB
MemAvailable:    1384148 kB
Buffers:          101568 kB
Cached:          1186716 kB
MemTotal:        1844596 kB
MemFree:          115132 kB
MemAvailable:    1384040 kB
Buffers:          101568 kB
Cached:          1186716 kB
MemTotal:        1844596 kB
MemFree:          114264 kB
MemAvailable:    1383172 kB
Buffers:          101568 kB
Cached:          1186716 kB
MemTotal:        1844596 kB
MemFree:          113704 kB
MemAvailable:    1382612 kB
Buffers:          101568 kB
Cached:          1186716 kB
MemTotal:        1844596 kB
MemFree:          113272 kB
MemAvailable:    1382180 kB
Buffers:          101568 kB
Cached:          1186716 kB
MemTotal:        1844596 kB
MemFree:          112716 kB
MemAvailable:    1381624 kB
Buffers:          101568 kB
Cached:          1186716 kB
MemTotal:        1844596 kB
MemFree:          111364 kB
MemAvailable:    1380272 kB
Buffers:          101568 kB
Cached:          1186716 kB
MemTotal:        1844596 kB
MemFree:          111240 kB
MemAvailable:    1380148 kB
Buffers:          101568 kB
Cached:          1186716 kB
MemTotal:        1844596 kB
MemFree:          112452 kB
MemAvailable:    1381360 kB
Buffers:          101568 kB
Cached:          1186716 kB
MemTotal:        1844596 kB
MemFree:          112464 kB
MemAvailable:    1381372 kB
Buffers:          101568 kB
Cached:          1186716 kB
MemTotal:        1844596 kB
MemFree:          112536 kB
MemAvailable:    1381444 kB
Buffers:          101568 kB
Cached:          1186716 kB
MemTotal:        1844596 kB
MemFree:          112272 kB
MemAvailable:    1381180 kB
Buffers:          101568 kB
Cached:          1186716 kB
MemTotal:        1844596 kB
MemFree:          111032 kB
MemAvailable:    1379940 kB
Buffers:          101568 kB
Cached:          1186716 kB
MemTotal:        1844596 kB
MemFree:          110676 kB
MemAvailable:    1379584 kB
Buffers:          101568 kB
Cached:          1186716 kB
MemTotal:        1844596 kB
MemFree:          110604 kB
MemAvailable:    1379512 kB
Buffers:          101568 kB
Cached:          1186716 kB
MemTotal:        1844596 kB
MemFree:          110940 kB
MemAvailable:    1379848 kB
Buffers:          101568 kB
Cached:          1186716 kB
MemTotal:        1844596 kB
MemFree:          109540 kB
MemAvailable:    1378448 kB
Buffers:          101568 kB
Cached:          1186716 kB
MemTotal:        1844596 kB
MemFree:          110724 kB
MemAvailable:    1379632 kB
Buffers:          101568 kB
Cached:          1186716 kB
MemTotal:        1844596 kB
MemFree:          110724 kB
MemAvailable:    1379632 kB
Buffers:          101568 kB
Cached:          1186716 kB
MemTotal:        1844596 kB
MemFree:          110876 kB
MemAvailable:    1379796 kB
Buffers:          101568 kB
Cached:          1186728 kB
MemTotal:        1844596 kB
MemFree:          110852 kB
MemAvailable:    1379772 kB
Buffers:          101568 kB
Cached:          1186728 kB
MemTotal:        1844596 kB
MemFree:          110972 kB
MemAvailable:    1379892 kB
Buffers:          101568 kB
Cached:          1186728 kB
MemTotal:        1844596 kB
MemFree:          110816 kB
MemAvailable:    1379736 kB
Buffers:          101568 kB
Cached:          1186728 kB
MemTotal:        1844596 kB
MemFree:          110460 kB
MemAvailable:    1379380 kB
Buffers:          101568 kB
Cached:          1186728 kB
MemTotal:        1844596 kB
MemFree:          109412 kB
MemAvailable:    1378332 kB
Buffers:          101568 kB
Cached:          1186728 kB
MemTotal:        1844596 kB
MemFree:          110836 kB
MemAvailable:    1379756 kB
Buffers:          101568 kB
Cached:          1186728 kB
MemTotal:        1844596 kB
MemFree:          110804 kB
MemAvailable:    1379724 kB
Buffers:          101568 kB
Cached:          1186728 kB
MemTotal:        1844596 kB
MemFree:          110460 kB
MemAvailable:    1379380 kB
Buffers:          101568 kB
Cached:          1186728 kB
MemTotal:        1844596 kB
MemFree:          110872 kB
MemAvailable:    1379792 kB
Buffers:          101568 kB
Cached:          1186728 kB
MemTotal:        1844596 kB
MemFree:          110896 kB
MemAvailable:    1379816 kB
Buffers:          101568 kB
Cached:          1186728 kB
MemTotal:        1844596 kB
MemFree:          109568 kB
MemAvailable:    1378488 kB
Buffers:          101568 kB
Cached:          1186728 kB
MemTotal:        1844596 kB
MemFree:          109652 kB
MemAvailable:    1378572 kB
Buffers:          101568 kB
Cached:          1186728 kB
MemTotal:        1844596 kB
MemFree:          110884 kB
MemAvailable:    1379804 kB
Buffers:          101568 kB
Cached:          1186728 kB
MemTotal:        1844596 kB
MemFree:          110992 kB
MemAvailable:    1379912 kB
Buffers:          101568 kB
Cached:          1186728 kB
MemTotal:        1844596 kB
MemFree:          109556 kB
MemAvailable:    1378476 kB
Buffers:          101568 kB
Cached:          1186728 kB
MemTotal:        1844596 kB
MemFree:          110880 kB
MemAvailable:    1379800 kB
Buffers:          101568 kB
Cached:          1186728 kB
MemTotal:        1844596 kB
MemFree:          109552 kB
MemAvailable:    1378472 kB
Buffers:          101568 kB
Cached:          1186728 kB
MemTotal:        1844596 kB
MemFree:          110792 kB
MemAvailable:    1379712 kB
Buffers:          101568 kB
Cached:          1186728 kB
MemTotal:        1844596 kB
MemFree:          109544 kB
MemAvailable:    1378464 kB
Buffers:          101568 kB
Cached:          1186728 kB
MemTotal:        1844596 kB
MemFree:          109792 kB
MemAvailable:    1378712 kB
Buffers:          101568 kB
Cached:          1186728 kB
MemTotal:        1844596 kB
MemFree:          109668 kB
MemAvailable:    1378588 kB
Buffers:          101568 kB
Cached:          1186728 kB
MemTotal:        1844596 kB
MemFree:          110868 kB
MemAvailable:    1379788 kB
Buffers:          101568 kB
Cached:          1186728 kB
MemTotal:        1844596 kB
MemFree:          109544 kB
MemAvailable:    1378464 kB
Buffers:          101568 kB
Cached:          1186728 kB
MemTotal:        1844596 kB
MemFree:          110784 kB
MemAvailable:    1379704 kB
Buffers:          101568 kB
Cached:          1186728 kB
MemTotal:        1844596 kB
MemFree:          109580 kB
MemAvailable:    1378500 kB
Buffers:          101568 kB
Cached:          1186728 kB
MemTotal:        1844596 kB
MemFree:          110904 kB
MemAvailable:    1379824 kB
Buffers:          101568 kB
Cached:          1186728 kB
MemTotal:        1844596 kB
MemFree:          109576 kB
MemAvailable:    1378496 kB
Buffers:          101568 kB
Cached:          1186728 kB
MemTotal:        1844596 kB
MemFree:          109544 kB
MemAvailable:    1378464 kB
Buffers:          101568 kB
Cached:          1186728 kB
MemTotal:        1844596 kB
MemFree:          109544 kB
MemAvailable:    1378464 kB
Buffers:          101568 kB
Cached:          1186728 kB
MemTotal:        1844596 kB
MemFree:          110904 kB
MemAvailable:    1379824 kB
Buffers:          101568 kB
Cached:          1186728 kB
MemTotal:        1844596 kB
MemFree:          111128 kB
MemAvailable:    1380048 kB
Buffers:          101568 kB
Cached:          1186728 kB
MemTotal:        1844596 kB
MemFree:          111128 kB
MemAvailable:    1380048 kB
Buffers:          101568 kB
Cached:          1186728 kB
MemTotal:        1844596 kB
MemFree:          109568 kB
MemAvailable:    1378488 kB
Buffers:          101568 kB
Cached:          1186728 kB
MemTotal:        1844596 kB
MemFree:          110520 kB
MemAvailable:    1379440 kB
Buffers:          101568 kB
Cached:          1186728 kB
MemTotal:        1844596 kB
MemFree:          107676 kB
MemAvailable:    1376596 kB
Buffers:          101568 kB
Cached:          1186728 kB
MemTotal:        1844596 kB
MemFree:          107556 kB
MemAvailable:    1376476 kB
Buffers:          101568 kB
Cached:          1186728 kB
MemTotal:        1844596 kB
MemFree:          102400 kB
MemAvailable:    1371320 kB
Buffers:          101568 kB
Cached:          1186728 kB
MemTotal:        1844596 kB
MemFree:           99796 kB
MemAvailable:    1368716 kB
Buffers:          101568 kB
Cached:          1186728 kB
MemTotal:        1844596 kB
MemFree:           96820 kB
MemAvailable:    1365740 kB
Buffers:          101568 kB
Cached:          1186728 kB
MemTotal:        1844596 kB
MemFree:           93100 kB
MemAvailable:    1362020 kB
Buffers:          101568 kB
Cached:          1186728 kB
MemTotal:        1844596 kB
MemFree:           90372 kB
MemAvailable:    1359292 kB
Buffers:          101568 kB
Cached:          1186728 kB
MemTotal:        1844596 kB
MemFree:           90240 kB
MemAvailable:    1359160 kB
Buffers:          101568 kB
Cached:          1186728 kB
MemTotal:        1844596 kB
MemFree:           90240 kB
MemAvailable:    1359160 kB
Buffers:          101568 kB
Cached:          1186728 kB
MemTotal:        1844596 kB
MemFree:           91480 kB
MemAvailable:    1360400 kB
Buffers:          101568 kB
Cached:          1186728 kB
MemTotal:        1844596 kB
MemFree:           91492 kB
MemAvailable:    1360412 kB
Buffers:          101568 kB
Cached:          1186728 kB
MemTotal:        1844596 kB
MemFree:           90060 kB
MemAvailable:    1358980 kB
Buffers:          101568 kB
Cached:          1186728 kB
MemTotal:        1844596 kB
MemFree:           90060 kB
MemAvailable:    1358980 kB
Buffers:          101568 kB
Cached:          1186728 kB
MemTotal:        1844596 kB
MemFree:           91420 kB
MemAvailable:    1360340 kB
Buffers:          101568 kB
Cached:          1186728 kB
MemTotal:        1844596 kB
MemFree:           91496 kB
MemAvailable:    1360416 kB
Buffers:          101568 kB
Cached:          1186728 kB
MemTotal:        1844596 kB
MemFree:           91316 kB
MemAvailable:    1360236 kB
Buffers:          101568 kB
Cached:          1186728 kB
MemTotal:        1844596 kB
MemFree:           91644 kB
MemAvailable:    1360564 kB
Buffers:          101568 kB
Cached:          1186728 kB
MemTotal:        1844596 kB
MemFree:           91552 kB
MemAvailable:    1360472 kB
Buffers:          101568 kB
Cached:          1186728 kB
MemTotal:        1844596 kB
MemFree:           91348 kB
MemAvailable:    1360268 kB
Buffers:          101568 kB
Cached:          1186728 kB
MemTotal:        1844596 kB
MemFree:           91364 kB
MemAvailable:    1360284 kB
Buffers:          101568 kB
Cached:          1186728 kB
MemTotal:        1844596 kB
MemFree:           91276 kB
MemAvailable:    1360196 kB
Buffers:          101568 kB
Cached:          1186728 kB
MemTotal:        1844596 kB
MemFree:           91164 kB
MemAvailable:    1360084 kB
Buffers:          101568 kB
Cached:          1186728 kB
MemTotal:        1844596 kB
MemFree:           91252 kB
MemAvailable:    1360172 kB
Buffers:          101568 kB
Cached:          1186728 kB
MemTotal:        1844596 kB
MemFree:           90256 kB
MemAvailable:    1359176 kB
Buffers:          101568 kB
Cached:          1186728 kB
MemTotal:        1844596 kB
MemFree:           90984 kB
MemAvailable:    1359888 kB
Buffers:          101568 kB
Cached:          1186728 kB
MemTotal:        1844596 kB
MemFree:           91124 kB
MemAvailable:    1360028 kB
Buffers:          101568 kB
Cached:          1186728 kB
MemTotal:        1844596 kB
MemFree:           89704 kB
MemAvailable:    1358608 kB
Buffers:          101568 kB
Cached:          1186728 kB
MemTotal:        1844596 kB
MemFree:           90996 kB
MemAvailable:    1359900 kB
Buffers:          101568 kB
Cached:          1186728 kB
MemTotal:        1844596 kB
MemFree:           90248 kB
MemAvailable:    1359152 kB
Buffers:          101568 kB
Cached:          1186728 kB
MemTotal:        1844596 kB
MemFree:           90812 kB
MemAvailable:    1359716 kB
Buffers:          101568 kB
Cached:          1186728 kB
MemTotal:        1844596 kB
MemFree:           89564 kB
MemAvailable:    1358468 kB
Buffers:          101568 kB
Cached:          1186728 kB
MemTotal:        1844596 kB
MemFree:           89132 kB
MemAvailable:    1358036 kB
Buffers:          101568 kB
Cached:          1186728 kB
MemTotal:        1844596 kB
MemFree:           87768 kB
MemAvailable:    1356672 kB
Buffers:          101568 kB
Cached:          1186728 kB
MemTotal:        1844596 kB
MemFree:           84420 kB
MemAvailable:    1353324 kB
Buffers:          101568 kB
Cached:          1186728 kB
MemTotal:        1844596 kB
MemFree:           81492 kB
MemAvailable:    1350396 kB
Buffers:          101568 kB
Cached:          1186728 kB
MemTotal:        1844596 kB
MemFree:           80700 kB
MemAvailable:    1349604 kB
Buffers:          101568 kB
Cached:          1186728 kB
MemTotal:        1844596 kB
MemFree:           79892 kB
MemAvailable:    1348796 kB
Buffers:          101568 kB
Cached:          1186728 kB
MemTotal:        1844596 kB
MemFree:           79956 kB
MemAvailable:    1348868 kB
Buffers:          101568 kB
Cached:          1186736 kB
MemTotal:        1844596 kB
MemFree:           81064 kB
MemAvailable:    1349976 kB
Buffers:          101568 kB
Cached:          1186736 kB
MemTotal:        1844596 kB
MemFree:           80952 kB
MemAvailable:    1349864 kB
Buffers:          101568 kB
Cached:          1186736 kB
MemTotal:        1844596 kB
MemFree:           79644 kB
MemAvailable:    1348556 kB
Buffers:          101568 kB
Cached:          1186736 kB
MemTotal:        1844596 kB
MemFree:           79812 kB
MemAvailable:    1348724 kB
Buffers:          101568 kB
Cached:          1186736 kB
MemTotal:        1844596 kB
MemFree:           80940 kB
MemAvailable:    1349852 kB
Buffers:          101568 kB
Cached:          1186736 kB
MemTotal:        1844596 kB
MemFree:           80616 kB
MemAvailable:    1349612 kB
Buffers:          101568 kB
Cached:          1186860 kB
MemTotal:        1844596 kB
MemFree:           80832 kB
MemAvailable:    1349828 kB
Buffers:          101568 kB
Cached:          1186860 kB
MemTotal:        1844596 kB
MemFree:           80520 kB
MemAvailable:    1349684 kB
Buffers:          101568 kB
Cached:          1186984 kB
MemTotal:        1844596 kB
MemFree:           79964 kB
MemAvailable:    1349128 kB
Buffers:          101568 kB
Cached:          1186984 kB
MemTotal:        1844596 kB
MemFree:           80372 kB
MemAvailable:    1349704 kB
Buffers:          101568 kB
Cached:          1187108 kB
MemTotal:        1844596 kB
MemFree:           79156 kB
MemAvailable:    1348488 kB
Buffers:          101568 kB
Cached:          1187232 kB
MemTotal:        1844596 kB
MemFree:           80264 kB
MemAvailable:    1349764 kB
Buffers:          101568 kB
Cached:          1187232 kB
MemTotal:        1844596 kB
MemFree:           79664 kB
MemAvailable:    1349164 kB
Buffers:          101568 kB
Cached:          1187232 kB
MemTotal:        1844596 kB
MemFree:           80620 kB
MemAvailable:    1350148 kB
Buffers:          101568 kB
Cached:          1187428 kB
MemTotal:        1844596 kB
MemFree:           79336 kB
MemAvailable:    1348864 kB
Buffers:          101568 kB
Cached:          1187428 kB
MemTotal:        1844596 kB
MemFree:           80328 kB
MemAvailable:    1349856 kB
Buffers:          101568 kB
Cached:          1187428 kB
MemTotal:        1844596 kB
MemFree:           80256 kB
MemAvailable:    1349784 kB
Buffers:          101568 kB
Cached:          1187428 kB
MemTotal:        1844596 kB
MemFree:           78700 kB
MemAvailable:    1348228 kB
Buffers:          101568 kB
Cached:          1187428 kB
MemTotal:        1844596 kB
MemFree:           80016 kB
MemAvailable:    1349544 kB
Buffers:          101568 kB
Cached:          1187428 kB
MemTotal:        1844596 kB
MemFree:           80184 kB
MemAvailable:    1349712 kB
Buffers:          101568 kB
Cached:          1187428 kB
MemTotal:        1844596 kB
MemFree:           80832 kB
MemAvailable:    1349772 kB
Buffers:          101568 kB
Cached:          1186796 kB
MemTotal:        1844596 kB
MemFree:           78832 kB
MemAvailable:    1347772 kB
Buffers:          101568 kB
Cached:          1186796 kB
MemTotal:        1844596 kB
MemFree:           79448 kB
MemAvailable:    1348388 kB
Buffers:          101568 kB
Cached:          1186796 kB
MemTotal:        1844596 kB
MemFree:          207968 kB
MemAvailable:    1476908 kB
Buffers:          101568 kB
Cached:          1186796 kB
MemTotal:        1844596 kB
MemFree:          272180 kB
MemAvailable:    1541120 kB
Buffers:          101568 kB
Cached:          1186796 kB
