MemTotal:        1844596 kB
MemFree:          736272 kB
MemAvailable:    1545808 kB
Buffers:           88640 kB
Cached:           746144 kB
MemTotal:        1844596 kB
MemFree:          708884 kB
MemAvailable:    1518428 kB
Buffers:           88640 kB
Cached:           746148 kB
MemTotal:        1844596 kB
MemFree:          707388 kB
MemAvailable:    1516932 kB
Buffers:           88640 kB
Cached:           746148 kB
MemTotal:        1844596 kB
MemFree:          708132 kB
MemAvailable:    1517676 kB
Buffers:           88640 kB
Cached:           746148 kB
MemTotal:        1844596 kB
MemFree:          703924 kB
MemAvailable:    1513468 kB
Buffers:           88640 kB
Cached:           746148 kB
MemTotal:        1844596 kB
MemFree:          704048 kB
MemAvailable:    1513592 kB
Buffers:           88640 kB
Cached:           746148 kB
MemTotal:        1844596 kB
MemFree:          703056 kB
MemAvailable:    1512600 kB
Buffers:           88640 kB
Cached:           746148 kB
MemTotal:        1844596 kB
MemFree:          701776 kB
MemAvailable:    1511320 kB
Buffers:           88640 kB
Cached:           746148 kB
MemTotal:        1844596 kB
MemFree:          699832 kB
MemAvailable:    1509376 kB
Buffers:           88640 kB
Cached:           746148 kB
MemTotal:        1844596 kB
MemFree:          693872 kB
MemAvailable:    1503416 kB
Buffers:           88640 kB
Cached:           746148 kB
MemTotal:        1844596 kB
MemFree:          693392 kB
MemAvailable:    1502936 kB
Buffers:           88640 kB
Cached:           746148 kB
MemTotal:        1844596 kB
MemFree:          696436 kB
MemAvailable:    1505980 kB
Buffers:           88640 kB
Cached:           746148 kB
MemTotal:        1844596 kB
MemFree:          695604 kB
MemAvailable:    1505148 kB
Buffers:           88640 kB
Cached:           746148 kB
MemTotal:        1844596 kB
MemFree:          695356 kB
MemAvailable:    1504900 kB
Buffers:           88640 kB
Cached:           746148 kB
MemTotal:        1844596 kB
MemFree:          695356 kB
MemAvailable:    1504900 kB
Buffers:           88640 kB
Cached:           746148 kB
MemTotal:        1844596 kB
MemFree:          696096 kB
MemAvailable:    1505640 kB
Buffers:           88640 kB
Cached:           746148 kB
MemTotal:        1844596 kB
MemFree:          695988 kB
MemAvailable:    1505532 kB
Buffers:           88640 kB
Cached:           746148 kB
MemTotal:        1844596 kB
MemFree:          695808 kB
MemAvailable:    1505352 kB
Buffers:           88640 kB
Cached:           746148 kB
MemTotal:        1844596 kB
MemFree:          695904 kB
MemAvailable:    1505448 kB
Buffers:           88640 kB
Cached:           746148 kB
MemTotal:        1844596 kB
MemFree:          695368 kB
MemAvailable:    1504912 kB
Buffers:           88640 kB
Cached:           746148 kB
MemTotal:        1844596 kB
MemFree:          695588 kB
MemAvailable:    1505132 kB
Buffers:           88640 kB
Cached:           746148 kB
MemTotal:        1844596 kB
MemFree:          694944 kB
MemAvailable:    1504488 kB
Buffers:           88640 kB
Cached:           746148 kB
MemTotal:        1844596 kB
MemFree:          695412 kB
MemAvailable:    1504956 kB
Buffers:           88640 kB
Cached:           746148 kB
MemTotal:        1844596 kB
MemFree:          695368 kB
MemAvailable:    1504912 kB
Buffers:           88640 kB
Cached:           746148 kB
MemTotal:        1844596 kB
MemFree:          694072 kB
MemAvailable:    1503616 kB
Buffers:           88640 kB
Cached:           746148 kB
MemTotal:        1844596 kB
MemFree:          694072 kB
MemAvailable:    1503616 kB
Buffers:           88640 kB
Cached:           746148 kB
MemTotal:        1844596 kB
MemFree:          693624 kB
MemAvailable:    1503168 kB
Buffers:           88640 kB
Cached:           746148 kB
MemTotal:        1844596 kB
MemFree:          694856 kB
MemAvailable:    1504400 kB
Buffers:           88640 kB
Cached:           746148 kB
MemTotal:        1844596 kB
MemFree:          693864 kB
MemAvailable:    1503408 kB
Buffers:           88640 kB
Cached:           746148 kB
MemTotal:        1844596 kB
MemFree:          693864 kB
MemAvailable:    1503408 kB
Buffers:           88640 kB
Cached:           746148 kB
MemTotal:        1844596 kB
MemFree:          692704 kB
MemAvailable:    1502248 kB
Buffers:           88640 kB
Cached:           746148 kB
MemTotal:        1844596 kB
MemFree:          692324 kB
MemAvailable:    1501868 kB
Buffers:           88640 kB
Cached:           746148 kB
MemTotal:        1844596 kB
MemFree:          693432 kB
MemAvailable:    1502976 kB
Buffers:           88640 kB
Cached:           746148 kB
MemTotal:        1844596 kB
MemFree:          693012 kB
MemAvailable:    1502556 kB
Buffers:           88640 kB
Cached:           746148 kB
MemTotal:        1844596 kB
MemFree:          693264 kB
MemAvailable:    1502808 kB
Buffers:           88640 kB
Cached:           746148 kB
MemTotal:        1844596 kB
MemFree:          692088 kB
MemAvailable:    1501632 kB
Buffers:           88640 kB
Cached:           746148 kB
MemTotal:        1844596 kB
MemFree:          693744 kB
MemAvailable:    1503288 kB
Buffers:           88640 kB
Cached:           746148 kB
MemTotal:        1844596 kB
MemFree:          693612 kB
MemAvailable:    1503156 kB
Buffers:           88640 kB
Cached:           746148 kB
MemTotal:        1844596 kB
MemFree:          692208 kB
MemAvailable:    1501752 kB
Buffers:           88640 kB
Cached:           746148 kB
MemTotal:        1844596 kB
MemFree:          691504 kB
MemAvailable:    1501048 kB
Buffers:           88640 kB
Cached:           746148 kB
MemTotal:        1844596 kB
MemFree:          689664 kB
MemAvailable:    1499208 kB
Buffers:           88640 kB
Cached:           746148 kB
MemTotal:        1844596 kB
MemFree:          687060 kB
MemAvailable:    1496604 kB
Buffers:           88640 kB
Cached:           746148 kB
MemTotal:        1844596 kB
MemFree:          688096 kB
MemAvailable:    1497640 kB
Buffers:           88640 kB
Cached:           746148 kB
MemTotal:        1844596 kB
MemFree:          688056 kB
MemAvailable:    1497600 kB
Buffers:           88640 kB
Cached:           746148 kB
MemTotal:        1844596 kB
MemFree:          686756 kB
MemAvailable:    1496300 kB
Buffers:           88640 kB
Cached:           746148 kB
MemTotal:        1844596 kB
MemFree:          688056 kB
MemAvailable:    1497600 kB
Buffers:           88640 kB
Cached:           746148 kB
MemTotal:        1844596 kB
MemFree:          687184 kB
MemAvailable:    1496728 kB
Buffers:           88640 kB
Cached:           746148 kB
MemTotal:        1844596 kB
MemFree:          686552 kB
MemAvailable:    1496096 kB
Buffers:           88640 kB
Cached:           746148 kB
MemTotal:        1844596 kB
MemFree:          686552 kB
MemAvailable:    1496096 kB
Buffers:           88640 kB
Cached:           746148 kB
MemTotal:        1844596 kB
MemFree:          687652 kB
MemAvailable:    1497196 kB
Buffers:           88640 kB
Cached:           746148 kB
MemTotal:        1844596 kB
MemFree:          687652 kB
MemAvailable:    1497196 kB
Buffers:           88640 kB
Cached:           746148 kB
MemTotal:        1844596 kB
MemFree:          687668 kB
MemAvailable:    1497212 kB
Buffers:           88640 kB
Cached:           746148 kB
MemTotal:        1844596 kB
MemFree:          686944 kB
MemAvailable:    1496488 kB
Buffers:           88640 kB
Cached:           746148 kB
MemTotal:        1844596 kB
MemFree:          687548 kB
MemAvailable:    1497092 kB
Buffers:           88640 kB
Cached:           746148 kB
MemTotal:        1844596 kB
MemFree:          687804 kB
MemAvailable:    1497348 kB
Buffers:           88640 kB
Cached:           746148 kB
MemTotal:        1844596 kB
MemFree:          684704 kB
MemAvailable:    1494248 kB
Buffers:           88640 kB
Cached:           746148 kB
MemTotal:        1844596 kB
MemFree:          681968 kB
MemAvailable:    1491512 kB
Buffers:           88640 kB
Cached:           746148 kB
MemTotal:        1844596 kB
MemFree:          680992 kB
MemAvailable:    1490536 kB
Buffers:           88640 kB
Cached:           746148 kB
MemTotal:        1844596 kB
MemFree:          681524 kB
MemAvailable:    1491068 kB
Buffers:           88640 kB
Cached:           746148 kB
MemTotal:        1844596 kB
MemFree:          681336 kB
MemAvailable:    1490880 kB
Buffers:           88640 kB
Cached:           746148 kB
MemTotal:        1844596 kB
MemFree:          679992 kB
MemAvailable:    1489536 kB
Buffers:           88640 kB
Cached:           746148 kB
MemTotal:        1844596 kB
MemFree:          679728 kB
MemAvailable:    1489276 kB
Buffers:           88640 kB
Cached:           746152 kB
MemTotal:        1844596 kB
MemFree:          679372 kB
MemAvailable:    1488920 kB
Buffers:           88640 kB
Cached:           746152 kB
MemTotal:        1844596 kB
MemFree:          677884 kB
MemAvailable:    1487432 kB
Buffers:           88640 kB
Cached:           746152 kB
MemTotal:        1844596 kB
MemFree:          679184 kB
MemAvailable:    1488732 kB
Buffers:           88640 kB
Cached:           746152 kB
MemTotal:        1844596 kB
MemFree:          677876 kB
MemAvailable:    1487424 kB
Buffers:           88640 kB
Cached:           746152 kB
MemTotal:        1844596 kB
MemFree:          679112 kB
MemAvailable:    1488660 kB
Buffers:           88640 kB
Cached:           746152 kB
MemTotal:        1844596 kB
MemFree:          679228 kB
MemAvailable:    1488776 kB
Buffers:           88640 kB
Cached:           746152 kB
MemTotal:        1844596 kB
MemFree:          677608 kB
MemAvailable:    1487156 kB
Buffers:           88640 kB
Cached:           746152 kB
MemTotal:        1844596 kB
MemFree:          679076 kB
MemAvailable:    1488624 kB
Buffers:           88640 kB
Cached:           746152 kB
MemTotal:        1844596 kB
MemFree:          677760 kB
MemAvailable:    1487308 kB
Buffers:           88640 kB
Cached:           746152 kB
MemTotal:        1844596 kB
MemFree:          678592 kB
MemAvailable:    1488140 kB
Buffers:           88640 kB
Cached:           746152 kB
MemTotal:        1844596 kB
MemFree:          678928 kB
MemAvailable:    1488476 kB
Buffers:           88640 kB
Cached:           746152 kB
MemTotal:        1844596 kB
MemFree:          678720 kB
MemAvailable:    1488268 kB
Buffers:           88640 kB
Cached:           746152 kB
MemTotal:        1844596 kB
MemFree:          678628 kB
MemAvailable:    1488176 kB
Buffers:           88640 kB
Cached:           746152 kB
MemTotal:        1844596 kB
MemFree:          678696 kB
MemAvailable:    1488244 kB
Buffers:           88640 kB
Cached:           746152 kB
MemTotal:        1844596 kB
MemFree:          677580 kB
MemAvailable:    1487128 kB
Buffers:           88640 kB
Cached:           746152 kB
MemTotal:        1844596 kB
MemFree:          678648 kB
MemAvailable:    1488196 kB
Buffers:           88640 kB
Cached:           746152 kB
MemTotal:        1844596 kB
MemFree:          677256 kB
MemAvailable:    1486812 kB
Buffers:           88640 kB
Cached:           746160 kB
MemTotal:        1844596 kB
MemFree:          677340 kB
MemAvailable:    1486896 kB
Buffers:           88640 kB
Cached:           746160 kB
MemTotal:        1844596 kB
MemFree:          677464 kB
MemAvailable:    1487020 kB
Buffers:           88640 kB
Cached:           746160 kB
MemTotal:        1844596 kB
MemFree:          678316 kB
MemAvailable:    1487872 kB
Buffers:           88640 kB
Cached:           746160 kB
MemTotal:        1844596 kB
MemFree:          677760 kB
MemAvailable:    1487316 kB
Buffers:           88640 kB
Cached:           746160 kB
MemTotal:        1844596 kB
MemFree:          676768 kB
MemAvailable:    1486324 kB
Buffers:           88640 kB
Cached:           746160 kB
MemTotal:        1844596 kB
MemFree:          673660 kB
MemAvailable:    1483216 kB
Buffers:           88640 kB
Cached:           746160 kB
MemTotal:        1844596 kB
MemFree:          673304 kB
MemAvailable:    1482860 kB
Buffers:           88640 kB
Cached:           746160 kB
MemTotal:        1844596 kB
MemFree:          669700 kB
MemAvailable:    1479256 kB
Buffers:           88640 kB
Cached:           746160 kB
MemTotal:        1844596 kB
MemFree:          669328 kB
MemAvailable:    1478884 kB
Buffers:           88640 kB
Cached:           746160 kB
MemTotal:        1844596 kB
MemFree:          670480 kB
MemAvailable:    1480036 kB
Buffers:           88640 kB
Cached:           746160 kB
MemTotal:        1844596 kB
MemFree:          670428 kB
MemAvailable:    1479984 kB
Buffers:           88640 kB
Cached:           746160 kB
MemTotal:        1844596 kB
MemFree:          668708 kB
MemAvailable:    1478264 kB
Buffers:           88640 kB
Cached:           746160 kB
MemTotal:        1844596 kB
MemFree:          670064 kB
MemAvailable:    1479620 kB
Buffers:           88640 kB
Cached:           746160 kB
MemTotal:        1844596 kB
MemFree:          668576 kB
MemAvailable:    1478132 kB
Buffers:           88640 kB
Cached:           746160 kB
MemTotal:        1844596 kB
MemFree:          668700 kB
MemAvailable:    1478256 kB
Buffers:           88640 kB
Cached:           746160 kB
MemTotal:        1844596 kB
MemFree:          668576 kB
MemAvailable:    1478132 kB
Buffers:           88640 kB
Cached:           746160 kB
MemTotal:        1844596 kB
MemFree:          668948 kB
MemAvailable:    1478504 kB
Buffers:           88640 kB
Cached:           746160 kB
MemTotal:        1844596 kB
MemFree:          668700 kB
MemAvailable:    1478256 kB
Buffers:           88640 kB
Cached:           746160 kB
MemTotal:        1844596 kB
MemFree:          670184 kB
MemAvailable:    1479740 kB
Buffers:           88640 kB
Cached:           746160 kB
MemTotal:        1844596 kB
MemFree:          668964 kB
MemAvailable:    1478520 kB
Buffers:           88640 kB
Cached:           746160 kB
MemTotal:        1844596 kB
MemFree:          669932 kB
MemAvailable:    1479488 kB
Buffers:           88640 kB
Cached:           746160 kB
MemTotal:        1844596 kB
MemFree:          669824 kB
MemAvailable:    1479380 kB
Buffers:           88640 kB
Cached:           746160 kB
MemTotal:        1844596 kB
MemFree:          669768 kB
MemAvailable:    1479324 kB
Buffers:           88640 kB
Cached:           746160 kB
MemTotal:        1844596 kB
MemFree:          669948 kB
MemAvailable:    1479504 kB
Buffers:           88640 kB
Cached:           746160 kB
MemTotal:        1844596 kB
MemFree:          669080 kB
MemAvailable:    1478636 kB
Buffers:           88640 kB
Cached:           746160 kB
MemTotal:        1844596 kB
MemFree:          669900 kB
MemAvailable:    1479456 kB
Buffers:           88640 kB
Cached:           746160 kB
MemTotal:        1844596 kB
MemFree:          670068 kB
MemAvailable:    1479624 kB
Buffers:           88640 kB
Cached:           746160 kB
MemTotal:        1844596 kB
MemFree:          668452 kB
MemAvailable:    1478008 kB
Buffers:           88640 kB
Cached:           746160 kB
MemTotal:        1844596 kB
MemFree:          670068 kB
MemAvailable:    1479624 kB
Buffers:           88640 kB
Cached:           746160 kB
MemTotal:        1844596 kB
MemFree:          669204 kB
MemAvailable:    1478760 kB
Buffers:           88640 kB
Cached:           746160 kB
MemTotal:        1844596 kB
MemFree:          669784 kB
MemAvailable:    1479340 kB
Buffers:           88640 kB
Cached:           746160 kB
MemTotal:        1844596 kB
MemFree:          668708 kB
MemAvailable:    1478264 kB
Buffers:           88640 kB
Cached:           746160 kB
MemTotal:        1844596 kB
MemFree:          669768 kB
MemAvailable:    1479324 kB
Buffers:           88640 kB
Cached:           746160 kB
MemTotal:        1844596 kB
MemFree:          669328 kB
MemAvailable:    1478884 kB
Buffers:           88640 kB
Cached:           746160 kB
MemTotal:        1844596 kB
MemFree:          669936 kB
MemAvailable:    1479492 kB
Buffers:           88640 kB
Cached:           746160 kB
MemTotal:        1844596 kB
MemFree:          668688 kB
MemAvailable:    1478244 kB
Buffers:           88640 kB
Cached:           746160 kB
MemTotal:        1844596 kB
MemFree:          668648 kB
MemAvailable:    1478204 kB
Buffers:           88640 kB
Cached:           746160 kB
MemTotal:        1844596 kB
MemFree:          669888 kB
MemAvailable:    1479444 kB
Buffers:           88640 kB
Cached:           746160 kB
MemTotal:        1844596 kB
MemFree:          669080 kB
MemAvailable:    1478636 kB
Buffers:           88640 kB
Cached:           746160 kB
MemTotal:        1844596 kB
MemFree:          670256 kB
MemAvailable:    1479816 kB
Buffers:           88640 kB
Cached:           746164 kB
MemTotal:        1844596 kB
MemFree:          668956 kB
MemAvailable:    1478516 kB
Buffers:           88640 kB
Cached:           746164 kB
MemTotal:        1844596 kB
MemFree:          669736 kB
MemAvailable:    1479296 kB
Buffers:           88640 kB
Cached:           746164 kB
MemTotal:        1844596 kB
MemFree:          669708 kB
MemAvailable:    1479268 kB
Buffers:           88640 kB
Cached:           746164 kB
MemTotal:        1844596 kB
MemFree:          669816 kB
MemAvailable:    1479376 kB
Buffers:           88640 kB
Cached:           746164 kB
MemTotal:        1844596 kB
MemFree:          669816 kB
MemAvailable:    1479376 kB
Buffers:           88640 kB
Cached:           746164 kB
MemTotal:        1844596 kB
MemFree:          668536 kB
MemAvailable:    1478096 kB
Buffers:           88640 kB
Cached:           746164 kB
MemTotal:        1844596 kB
MemFree:          665608 kB
MemAvailable:    1475168 kB
Buffers:           88640 kB
Cached:           746164 kB
MemTotal:        1844596 kB
MemFree:          662260 kB
MemAvailable:    1471820 kB
Buffers:           88640 kB
Cached:           746164 kB
MemTotal:        1844596 kB
MemFree:          659780 kB
MemAvailable:    1469340 kB
Buffers:           88640 kB
Cached:           746164 kB
MemTotal:        1844596 kB
MemFree:          659284 kB
MemAvailable:    1468844 kB
Buffers:           88640 kB
Cached:           746164 kB
MemTotal:        1844596 kB
MemFree:          657920 kB
MemAvailable:    1467480 kB
Buffers:           88640 kB
Cached:           746164 kB
MemTotal:        1844596 kB
MemFree:          658292 kB
MemAvailable:    1467852 kB
Buffers:           88640 kB
Cached:           746164 kB
MemTotal:        1844596 kB
MemFree:          658044 kB
MemAvailable:    1467604 kB
Buffers:           88640 kB
Cached:           746164 kB
MemTotal:        1844596 kB
MemFree:          659220 kB
MemAvailable:    1468780 kB
Buffers:           88640 kB
Cached:           746164 kB
MemTotal:        1844596 kB
MemFree:          657788 kB
MemAvailable:    1467348 kB
Buffers:           88640 kB
Cached:           746164 kB
MemTotal:        1844596 kB
MemFree:          659088 kB
MemAvailable:    1468648 kB
Buffers:           88640 kB
Cached:           746164 kB
MemTotal:        1844596 kB
MemFree:          659212 kB
MemAvailable:    1468772 kB
Buffers:           88640 kB
Cached:           746164 kB
MemTotal:        1844596 kB
MemFree:          658896 kB
MemAvailable:    1468456 kB
Buffers:           88640 kB
Cached:           746164 kB
MemTotal:        1844596 kB
MemFree:          658912 kB
MemAvailable:    1468472 kB
Buffers:           88640 kB
Cached:           746164 kB
MemTotal:        1844596 kB
MemFree:          659024 kB
MemAvailable:    1468584 kB
Buffers:           88640 kB
Cached:           746164 kB
MemTotal:        1844596 kB
MemFree:          659036 kB
MemAvailable:    1468596 kB
Buffers:           88640 kB
Cached:           746164 kB
MemTotal:        1844596 kB
MemFree:          657856 kB
MemAvailable:    1467416 kB
Buffers:           88640 kB
Cached:           746164 kB
MemTotal:        1844596 kB
MemFree:          657768 kB
MemAvailable:    1467328 kB
Buffers:           88640 kB
Cached:           746164 kB
MemTotal:        1844596 kB
MemFree:          658864 kB
MemAvailable:    1468424 kB
Buffers:           88640 kB
Cached:           746164 kB
MemTotal:        1844596 kB
MemFree:          658788 kB
MemAvailable:    1468348 kB
Buffers:           88640 kB
Cached:           746164 kB
MemTotal:        1844596 kB
MemFree:          657616 kB
MemAvailable:    1467176 kB
Buffers:           88640 kB
Cached:           746164 kB
MemTotal:        1844596 kB
MemFree:          657740 kB
MemAvailable:    1467300 kB
Buffers:           88640 kB
Cached:           746164 kB
MemTotal:        1844596 kB
MemFree:          657900 kB
MemAvailable:    1467460 kB
Buffers:           88640 kB
Cached:           746164 kB
MemTotal:        1844596 kB
MemFree:          657776 kB
MemAvailable:    1467336 kB
Buffers:           88640 kB
Cached:           746164 kB
MemTotal:        1844596 kB
MemFree:          658836 kB
MemAvailable:    1468396 kB
Buffers:           88640 kB
Cached:           746164 kB
MemTotal:        1844596 kB
MemFree:          659088 kB
MemAvailable:    1468648 kB
Buffers:           88640 kB
Cached:           746164 kB
MemTotal:        1844596 kB
MemFree:          657784 kB
MemAvailable:    1467348 kB
Buffers:           88640 kB
Cached:           746168 kB
MemTotal:        1844596 kB
MemFree:          657776 kB
MemAvailable:    1467340 kB
Buffers:           88640 kB
Cached:           746168 kB
MemTotal:        1844596 kB
MemFree:          657788 kB
MemAvailable:    1467356 kB
Buffers:           88640 kB
Cached:           746172 kB
MemTotal:        1844596 kB
MemFree:          657756 kB
MemAvailable:    1467324 kB
Buffers:           88640 kB
Cached:           746172 kB
MemTotal:        1844596 kB
MemFree:          657756 kB
MemAvailable:    1467324 kB
Buffers:           88640 kB
Cached:           746172 kB
MemTotal:        1844596 kB
MemFree:          658972 kB
MemAvailable:    1468540 kB
Buffers:           88640 kB
Cached:           746172 kB
MemTotal:        1844596 kB
MemFree:          658300 kB
MemAvailable:    1467868 kB
Buffers:           88640 kB
Cached:           746172 kB
MemTotal:        1844596 kB
MemFree:          658732 kB
MemAvailable:    1468300 kB
Buffers:           88640 kB
Cached:           746172 kB
MemTotal:        1844596 kB
MemFree:          659068 kB
MemAvailable:    1468636 kB
Buffers:           88640 kB
Cached:           746172 kB
MemTotal:        1844596 kB
MemFree:          658856 kB
MemAvailable:    1468424 kB
Buffers:           88640 kB
Cached:           746172 kB
MemTotal:        1844596 kB
MemFree:          658856 kB
MemAvailable:    1468424 kB
Buffers:           88640 kB
Cached:           746172 kB
MemTotal:        1844596 kB
MemFree:          658948 kB
MemAvailable:    1468516 kB
Buffers:           88640 kB
Cached:           746172 kB
MemTotal:        1844596 kB
MemFree:          659036 kB
MemAvailable:    1468604 kB
Buffers:           88640 kB
Cached:           746172 kB
MemTotal:        1844596 kB
MemFree:          658292 kB
MemAvailable:    1467860 kB
Buffers:           88640 kB
Cached:           746172 kB
MemTotal:        1844596 kB
MemFree:          658996 kB
MemAvailable:    1468564 kB
Buffers:           88640 kB
Cached:           746172 kB
MemTotal:        1844596 kB
MemFree:          659120 kB
MemAvailable:    1468688 kB
Buffers:           88640 kB
Cached:           746172 kB
MemTotal:        1844596 kB
MemFree:          658972 kB
MemAvailable:    1468540 kB
Buffers:           88640 kB
Cached:           746172 kB
MemTotal:        1844596 kB
MemFree:          657796 kB
MemAvailable:    1467364 kB
Buffers:           88640 kB
Cached:           746172 kB
MemTotal:        1844596 kB
MemFree:          659028 kB
MemAvailable:    1468596 kB
Buffers:           88640 kB
Cached:           746172 kB
MemTotal:        1844596 kB
MemFree:          658904 kB
MemAvailable:    1468472 kB
Buffers:           88640 kB
Cached:           746172 kB
MemTotal:        1844596 kB
MemFree:          657624 kB
MemAvailable:    1467192 kB
Buffers:           88640 kB
Cached:           746172 kB
MemTotal:        1844596 kB
MemFree:          658988 kB
MemAvailable:    1468556 kB
Buffers:           88640 kB
Cached:           746172 kB
MemTotal:        1844596 kB
MemFree:          657784 kB
MemAvailable:    1467352 kB
Buffers:           88640 kB
Cached:           746172 kB
MemTotal:        1844596 kB
MemFree:          658768 kB
MemAvailable:    1468336 kB
Buffers:           88640 kB
Cached:           746172 kB
MemTotal:        1844596 kB
MemFree:          657520 kB
MemAvailable:    1467088 kB
Buffers:           88640 kB
Cached:           746172 kB
MemTotal:        1844596 kB
MemFree:          658028 kB
MemAvailable:    1467596 kB
Buffers:           88640 kB
Cached:           746172 kB
MemTotal:        1844596 kB
MemFree:          658112 kB
MemAvailable:    1467680 kB
Buffers:           88640 kB
Cached:           746172 kB
MemTotal:        1844596 kB
MemFree:          657864 kB
MemAvailable:    1467432 kB
Buffers:           88640 kB
Cached:           746172 kB
MemTotal:        1844596 kB
MemFree:          657780 kB
MemAvailable:    1467348 kB
Buffers:           88640 kB
Cached:           746172 kB
MemTotal:        1844596 kB
MemFree:          657780 kB
MemAvailable:    1467348 kB
Buffers:           88640 kB
Cached:           746172 kB
MemTotal:        1844596 kB
MemFree:          657792 kB
MemAvailable:    1467360 kB
Buffers:           88640 kB
Cached:           746172 kB
MemTotal:        1844596 kB
MemFree:          657728 kB
MemAvailable:    1467296 kB
Buffers:           88640 kB
Cached:           746172 kB
MemTotal:        1844596 kB
MemFree:          657896 kB
MemAvailable:    1467464 kB
Buffers:           88640 kB
Cached:           746172 kB
MemTotal:        1844596 kB
MemFree:          656384 kB
MemAvailable:    1465952 kB
Buffers:           88640 kB
Cached:           746172 kB
MemTotal:        1844596 kB
MemFree:          657676 kB
MemAvailable:    1467244 kB
Buffers:           88640 kB
Cached:           746172 kB
MemTotal:        1844596 kB
MemFree:          656508 kB
MemAvailable:    1466076 kB
Buffers:           88640 kB
Cached:           746172 kB
MemTotal:        1844596 kB
MemFree:          657916 kB
MemAvailable:    1467484 kB
Buffers:           88640 kB
Cached:           746172 kB
MemTotal:        1844596 kB
MemFree:          656680 kB
MemAvailable:    1466248 kB
Buffers:           88640 kB
Cached:           746172 kB
MemTotal:        1844596 kB
MemFree:          657328 kB
MemAvailable:    1466900 kB
Buffers:           88640 kB
Cached:           746176 kB
MemTotal:        1844596 kB
MemFree:          656928 kB
MemAvailable:    1466500 kB
Buffers:           88640 kB
Cached:           746176 kB
MemTotal:        1844596 kB
MemFree:          657412 kB
MemAvailable:    1466984 kB
Buffers:           88640 kB
Cached:           746176 kB
MemTotal:        1844596 kB
MemFree:          657232 kB
MemAvailable:    1466804 kB
Buffers:           88640 kB
Cached:           746176 kB
MemTotal:        1844596 kB
MemFree:          657488 kB
MemAvailable:    1467060 kB
Buffers:           88640 kB
Cached:           746176 kB
MemTotal:        1844596 kB
MemFree:          657220 kB
MemAvailable:    1466792 kB
Buffers:           88640 kB
Cached:           746176 kB
MemTotal:        1844596 kB
MemFree:          657472 kB
MemAvailable:    1467044 kB
Buffers:           88640 kB
Cached:           746176 kB
MemTotal:        1844596 kB
MemFree:          657244 kB
MemAvailable:    1466816 kB
Buffers:           88640 kB
Cached:           746176 kB
MemTotal:        1844596 kB
MemFree:          656500 kB
MemAvailable:    1466072 kB
Buffers:           88640 kB
Cached:           746176 kB
MemTotal:        1844596 kB
MemFree:          655920 kB
MemAvailable:    1465492 kB
Buffers:           88640 kB
Cached:           746176 kB
MemTotal:        1844596 kB
MemFree:          656044 kB
MemAvailable:    1465616 kB
Buffers:           88640 kB
Cached:           746176 kB
MemTotal:        1844596 kB
MemFree:          656044 kB
MemAvailable:    1465616 kB
Buffers:           88640 kB
Cached:           746176 kB
MemTotal:        1844596 kB
MemFree:          656184 kB
MemAvailable:    1465756 kB
Buffers:           88640 kB
Cached:           746176 kB
MemTotal:        1844596 kB
MemFree:          653580 kB
MemAvailable:    1463152 kB
Buffers:           88640 kB
Cached:           746176 kB
MemTotal:        1844596 kB
MemFree:          653340 kB
MemAvailable:    1462912 kB
Buffers:           88640 kB
Cached:           746176 kB
MemTotal:        1844596 kB
MemFree:          647332 kB
MemAvailable:    1456904 kB
Buffers:           88640 kB
Cached:           746176 kB
MemTotal:        1844596 kB
MemFree:          646340 kB
MemAvailable:    1455912 kB
Buffers:           88640 kB
Cached:           746176 kB
MemTotal:        1844596 kB
MemFree:          645776 kB
MemAvailable:    1455224 kB
Buffers:           88640 kB
Cached:           746176 kB
MemTotal:        1844596 kB
MemFree:          644900 kB
MemAvailable:    1454472 kB
Buffers:           88640 kB
Cached:           746176 kB
MemTotal:        1844596 kB
MemFree:          646184 kB
MemAvailable:    1455756 kB
Buffers:           88640 kB
Cached:           746176 kB
MemTotal:        1844596 kB
MemFree:          644908 kB
MemAvailable:    1454480 kB
Buffers:           88640 kB
Cached:           746176 kB
MemTotal:        1844596 kB
MemFree:          645704 kB
MemAvailable:    1455280 kB
Buffers:           88640 kB
Cached:           746180 kB
MemTotal:        1844596 kB
MemFree:          645448 kB
MemAvailable:    1455024 kB
Buffers:           88640 kB
Cached:           746180 kB
MemTotal:        1844596 kB
MemFree:          644884 kB
MemAvailable:    1454460 kB
Buffers:           88640 kB
Cached:           746180 kB
MemTotal:        1844596 kB
MemFree:          644884 kB
MemAvailable:    1454460 kB
Buffers:           88640 kB
Cached:           746180 kB
MemTotal:        1844596 kB
MemFree:          644156 kB
MemAvailable:    1453732 kB
Buffers:           88640 kB
Cached:           746180 kB
MemTotal:        1844596 kB
MemFree:          642164 kB
MemAvailable:    1451740 kB
Buffers:           88640 kB
Cached:           746180 kB
MemTotal:        1844596 kB
MemFree:          643156 kB
MemAvailable:    1452732 kB
Buffers:           88640 kB
Cached:           746180 kB
MemTotal:        1844596 kB
MemFree:          642296 kB
MemAvailable:    1451872 kB
Buffers:           88640 kB
Cached:           746180 kB
MemTotal:        1844596 kB
MemFree:          641056 kB
MemAvailable:    1450632 kB
Buffers:           88640 kB
Cached:           746180 kB
MemTotal:        1844596 kB
MemFree:          642164 kB
MemAvailable:    1451740 kB
Buffers:           88640 kB
Cached:           746180 kB
MemTotal:        1844596 kB
MemFree:          642416 kB
MemAvailable:    1451992 kB
Buffers:           88640 kB
Cached:           746180 kB
MemTotal:        1844596 kB
MemFree:          642176 kB
MemAvailable:    1451752 kB
Buffers:           88640 kB
Cached:           746180 kB
MemTotal:        1844596 kB
MemFree:          642304 kB
MemAvailable:    1451880 kB
Buffers:           88640 kB
Cached:           746180 kB
MemTotal:        1844596 kB
MemFree:          641428 kB
MemAvailable:    1451004 kB
Buffers:           88640 kB
Cached:           746180 kB
MemTotal:        1844596 kB
MemFree:          642248 kB
MemAvailable:    1451824 kB
Buffers:           88640 kB
Cached:           746180 kB
MemTotal:        1844596 kB
MemFree:          642180 kB
MemAvailable:    1451756 kB
Buffers:           88640 kB
Cached:           746180 kB
MemTotal:        1844596 kB
MemFree:          642124 kB
MemAvailable:    1451700 kB
Buffers:           88640 kB
Cached:           746180 kB
MemTotal:        1844596 kB
MemFree:          642304 kB
MemAvailable:    1451880 kB
Buffers:           88640 kB
Cached:           746180 kB
MemTotal:        1844596 kB
MemFree:          641428 kB
MemAvailable:    1451004 kB
Buffers:           88640 kB
Cached:           746180 kB
MemTotal:        1844596 kB
MemFree:          642328 kB
MemAvailable:    1451904 kB
Buffers:           88640 kB
Cached:           746180 kB
MemTotal:        1844596 kB
MemFree:          641040 kB
MemAvailable:    1450616 kB
Buffers:           88640 kB
Cached:           746180 kB
MemTotal:        1844596 kB
MemFree:          641536 kB
MemAvailable:    1451112 kB
Buffers:           88640 kB
Cached:           746180 kB
MemTotal:        1844596 kB
MemFree:          641536 kB
MemAvailable:    1451112 kB
Buffers:           88640 kB
Cached:           746180 kB
MemTotal:        1844596 kB
MemFree:          641248 kB
MemAvailable:    1450824 kB
Buffers:           88640 kB
Cached:           746180 kB
MemTotal:        1844596 kB
MemFree:          640620 kB
MemAvailable:    1450196 kB
Buffers:           88640 kB
Cached:           746180 kB
MemTotal:        1844596 kB
MemFree:          639204 kB
MemAvailable:    1448780 kB
Buffers:           88640 kB
Cached:           746180 kB
MemTotal:        1844596 kB
MemFree:          640056 kB
MemAvailable:    1449632 kB
Buffers:           88640 kB
Cached:           746180 kB
MemTotal:        1844596 kB
MemFree:          640312 kB
MemAvailable:    1449888 kB
Buffers:           88640 kB
Cached:           746180 kB
MemTotal:        1844596 kB
MemFree:          640068 kB
MemAvailable:    1449644 kB
Buffers:           88640 kB
Cached:           746180 kB
MemTotal:        1844596 kB
MemFree:          639752 kB
MemAvailable:    1449328 kB
Buffers:           88640 kB
Cached:           746180 kB
MemTotal:        1844596 kB
MemFree:          638932 kB
MemAvailable:    1448508 kB
Buffers:           88640 kB
Cached:           746180 kB
MemTotal:        1844596 kB
MemFree:          638932 kB
MemAvailable:    1448508 kB
Buffers:           88640 kB
Cached:           746180 kB
MemTotal:        1844596 kB
MemFree:          638744 kB
MemAvailable:    1448320 kB
Buffers:           88640 kB
Cached:           746180 kB
MemTotal:        1844596 kB
MemFree:          637564 kB
MemAvailable:    1447140 kB
Buffers:           88640 kB
Cached:           746180 kB
MemTotal:        1844596 kB
MemFree:          638496 kB
MemAvailable:    1448072 kB
Buffers:           88640 kB
Cached:           746180 kB
MemTotal:        1844596 kB
MemFree:          638452 kB
MemAvailable:    1448028 kB
Buffers:           88640 kB
Cached:           746180 kB
MemTotal:        1844596 kB
MemFree:          638016 kB
MemAvailable:    1447592 kB
Buffers:           88640 kB
Cached:           746180 kB
MemTotal:        1844596 kB
MemFree:          638016 kB
MemAvailable:    1447592 kB
Buffers:           88640 kB
Cached:           746180 kB
MemTotal:        1844596 kB
MemFree:          638136 kB
MemAvailable:    1447712 kB
Buffers:           88640 kB
Cached:           746180 kB
MemTotal:        1844596 kB
MemFree:          637956 kB
MemAvailable:    1447532 kB
Buffers:           88640 kB
Cached:           746180 kB
MemTotal:        1844596 kB
MemFree:          636700 kB
MemAvailable:    1446276 kB
Buffers:           88640 kB
Cached:           746180 kB
MemTotal:        1844596 kB
MemFree:          638140 kB
MemAvailable:    1447716 kB
Buffers:           88640 kB
Cached:           746180 kB
MemTotal:        1844596 kB
MemFree:          638124 kB
MemAvailable:    1447700 kB
Buffers:           88640 kB
Cached:           746180 kB
MemTotal:        1844596 kB
MemFree:          638008 kB
MemAvailable:    1447584 kB
Buffers:           88640 kB
Cached:           746180 kB
MemTotal:        1844596 kB
MemFree:          638260 kB
MemAvailable:    1447836 kB
Buffers:           88640 kB
Cached:           746180 kB
MemTotal:        1844596 kB
MemFree:          637760 kB
MemAvailable:    1447336 kB
Buffers:           88640 kB
Cached:           746180 kB
MemTotal:        1844596 kB
MemFree:          637584 kB
MemAvailable:    1447160 kB
Buffers:           88640 kB
Cached:           746180 kB
MemTotal:        1844596 kB
MemFree:          636572 kB
MemAvailable:    1446148 kB
Buffers:           88640 kB
Cached:           746180 kB
MemTotal:        1844596 kB
MemFree:          637748 kB
MemAvailable:    1447324 kB
Buffers:           88640 kB
Cached:           746180 kB
MemTotal:        1844596 kB
MemFree:          637764 kB
MemAvailable:    1447340 kB
Buffers:           88640 kB
Cached:           746180 kB
MemTotal:        1844596 kB
MemFree:          638016 kB
MemAvailable:    1447592 kB
Buffers:           88640 kB
Cached:           746180 kB
MemTotal:        1844596 kB
MemFree:          637784 kB
MemAvailable:    1447360 kB
Buffers:           88640 kB
Cached:           746180 kB
MemTotal:        1844596 kB
MemFree:          637964 kB
MemAvailable:    1447540 kB
Buffers:           88640 kB
Cached:           746180 kB
MemTotal:        1844596 kB
MemFree:          637088 kB
MemAvailable:    1446664 kB
Buffers:           88640 kB
Cached:           746180 kB
MemTotal:        1844596 kB
MemFree:          637688 kB
MemAvailable:    1447264 kB
Buffers:           88640 kB
Cached:           746180 kB
MemTotal:        1844596 kB
MemFree:          637944 kB
MemAvailable:    1447520 kB
Buffers:           88640 kB
Cached:           746180 kB
MemTotal:        1844596 kB
MemFree:          637808 kB
MemAvailable:    1447384 kB
Buffers:           88640 kB
Cached:           746180 kB
MemTotal:        1844596 kB
MemFree:          637808 kB
MemAvailable:    1447384 kB
Buffers:           88640 kB
Cached:           746180 kB
MemTotal:        1844596 kB
MemFree:          636564 kB
MemAvailable:    1446140 kB
Buffers:           88640 kB
Cached:           746180 kB
MemTotal:        1844596 kB
MemFree:          637864 kB
MemAvailable:    1447440 kB
Buffers:           88640 kB
Cached:           746180 kB
MemTotal:        1844596 kB
MemFree:          637824 kB
MemAvailable:    1447400 kB
Buffers:           88640 kB
Cached:           746180 kB
MemTotal:        1844596 kB
MemFree:          637096 kB
MemAvailable:    1446672 kB
Buffers:           88640 kB
Cached:           746180 kB
MemTotal:        1844596 kB
MemFree:          636576 kB
MemAvailable:    1446152 kB
Buffers:           88640 kB
Cached:           746180 kB
MemTotal:        1844596 kB
MemFree:          636912 kB
MemAvailable:    1446488 kB
Buffers:           88640 kB
Cached:           746180 kB
MemTotal:        1844596 kB
MemFree:          636452 kB
MemAvailable:    1446028 kB
Buffers:           88640 kB
Cached:           746180 kB
MemTotal:        1844596 kB
MemFree:          636452 kB
MemAvailable:    1446028 kB
Buffers:           88640 kB
Cached:           746180 kB
MemTotal:        1844596 kB
MemFree:          635476 kB
MemAvailable:    1445052 kB
Buffers:           88640 kB
Cached:           746180 kB
MemTotal:        1844596 kB
MemFree:          634216 kB
MemAvailable:    1443792 kB
Buffers:           88640 kB
Cached:           746180 kB
MemTotal:        1844596 kB
MemFree:          632128 kB
MemAvailable:    1441704 kB
Buffers:           88640 kB
Cached:           746180 kB
MemTotal:        1844596 kB
MemFree:          629376 kB
MemAvailable:    1438952 kB
Buffers:           88640 kB
Cached:           746180 kB
MemTotal:        1844596 kB
MemFree:          629588 kB
MemAvailable:    1439164 kB
Buffers:           88640 kB
Cached:           746180 kB
MemTotal:        1844596 kB
MemFree:          623680 kB
MemAvailable:    1433256 kB
Buffers:           88640 kB
Cached:           746180 kB
MemTotal:        1844596 kB
MemFree:          623680 kB
MemAvailable:    1433256 kB
Buffers:           88640 kB
Cached:           746180 kB
MemTotal:        1844596 kB
MemFree:          619456 kB
MemAvailable:    1429032 kB
Buffers:           88640 kB
Cached:           746180 kB
MemTotal:        1844596 kB
MemFree:          618736 kB
MemAvailable:    1428312 kB
Buffers:           88640 kB
Cached:           746180 kB
MemTotal:        1844596 kB
MemFree:          619404 kB
MemAvailable:    1428980 kB
Buffers:           88640 kB
Cached:           746180 kB
MemTotal:        1844596 kB
MemFree:          619420 kB
MemAvailable:    1428996 kB
Buffers:           88640 kB
Cached:           746180 kB
MemTotal:        1844596 kB
MemFree:          618736 kB
MemAvailable:    1428312 kB
Buffers:           88640 kB
Cached:           746180 kB
MemTotal:        1844596 kB
MemFree:          619368 kB
MemAvailable:    1428952 kB
Buffers:           88640 kB
Cached:           746188 kB
MemTotal:        1844596 kB
MemFree:          618068 kB
MemAvailable:    1427652 kB
Buffers:           88640 kB
Cached:           746188 kB
MemTotal:        1844596 kB
MemFree:          619352 kB
MemAvailable:    1428936 kB
Buffers:           88640 kB
Cached:           746188 kB
MemTotal:        1844596 kB
MemFree:          619300 kB
MemAvailable:    1428884 kB
Buffers:           88640 kB
Cached:           746188 kB
MemTotal:        1844596 kB
MemFree:          618104 kB
MemAvailable:    1427688 kB
Buffers:           88640 kB
Cached:           746188 kB
MemTotal:        1844596 kB
MemFree:          617856 kB
MemAvailable:    1427440 kB
Buffers:           88640 kB
Cached:           746188 kB
MemTotal:        1844596 kB
MemFree:          619180 kB
MemAvailable:    1428764 kB
Buffers:           88640 kB
Cached:           746188 kB
MemTotal:        1844596 kB
MemFree:          619304 kB
MemAvailable:    1428888 kB
Buffers:           88640 kB
Cached:           746188 kB
MemTotal:        1844596 kB
MemFree:          619048 kB
MemAvailable:    1428632 kB
Buffers:           88640 kB
Cached:           746188 kB
MemTotal:        1844596 kB
MemFree:          617364 kB
MemAvailable:    1426948 kB
Buffers:           88640 kB
Cached:           746188 kB
MemTotal:        1844596 kB
MemFree:          618060 kB
MemAvailable:    1427648 kB
Buffers:           88640 kB
Cached:           746192 kB
MemTotal:        1844596 kB
MemFree:          618396 kB
MemAvailable:    1427984 kB
Buffers:           88640 kB
Cached:           746192 kB
MemTotal:        1844596 kB
MemFree:          618224 kB
MemAvailable:    1427812 kB
Buffers:           88640 kB
Cached:           746192 kB
MemTotal:        1844596 kB
MemFree:          618224 kB
MemAvailable:    1427812 kB
Buffers:           88640 kB
Cached:           746192 kB
MemTotal:        1844596 kB
MemFree:          618236 kB
MemAvailable:    1427824 kB
Buffers:           88640 kB
Cached:           746192 kB
MemTotal:        1844596 kB
MemFree:          618240 kB
MemAvailable:    1427828 kB
Buffers:           88640 kB
Cached:           746192 kB
MemTotal:        1844596 kB
MemFree:          618576 kB
MemAvailable:    1428164 kB
Buffers:           88640 kB
Cached:           746192 kB
MemTotal:        1844596 kB
MemFree:          618252 kB
MemAvailable:    1427840 kB
Buffers:           88640 kB
Cached:           746192 kB
MemTotal:        1844596 kB
MemFree:          616940 kB
MemAvailable:    1426528 kB
Buffers:           88640 kB
Cached:           746192 kB
MemTotal:        1844596 kB
MemFree:          617620 kB
MemAvailable:    1427208 kB
Buffers:           88640 kB
Cached:           746192 kB
MemTotal:        1844596 kB
MemFree:          618240 kB
MemAvailable:    1427828 kB
Buffers:           88640 kB
Cached:           746192 kB
MemTotal:        1844596 kB
MemFree:          618132 kB
MemAvailable:    1427720 kB
Buffers:           88640 kB
Cached:           746192 kB
MemTotal:        1844596 kB
MemFree:          618252 kB
MemAvailable:    1427840 kB
Buffers:           88640 kB
Cached:           746192 kB
MemTotal:        1844596 kB
MemFree:          617368 kB
MemAvailable:    1426956 kB
Buffers:           88640 kB
Cached:           746192 kB
MemTotal:        1844596 kB
MemFree:          617244 kB
MemAvailable:    1426832 kB
Buffers:           88640 kB
Cached:           746192 kB
MemTotal:        1844596 kB
MemFree:          616948 kB
MemAvailable:    1426536 kB
Buffers:           88640 kB
Cached:           746192 kB
MemTotal:        1844596 kB
MemFree:          618376 kB
MemAvailable:    1427964 kB
Buffers:           88640 kB
Cached:           746192 kB
MemTotal:        1844596 kB
MemFree:          616984 kB
MemAvailable:    1426572 kB
Buffers:           88640 kB
Cached:           746192 kB
MemTotal:        1844596 kB
MemFree:          617108 kB
MemAvailable:    1426696 kB
Buffers:           88640 kB
Cached:           746192 kB
MemTotal:        1844596 kB
MemFree:          618000 kB
MemAvailable:    1427588 kB
Buffers:           88640 kB
Cached:           746192 kB
MemTotal:        1844596 kB
MemFree:          613972 kB
MemAvailable:    1423560 kB
Buffers:           88640 kB
Cached:           746192 kB
MemTotal:        1844596 kB
MemFree:          611800 kB
MemAvailable:    1421388 kB
Buffers:           88640 kB
Cached:           746192 kB
MemTotal:        1844596 kB
MemFree:          607312 kB
MemAvailable:    1416900 kB
Buffers:           88640 kB
Cached:           746192 kB
MemTotal:        1844596 kB
MemFree:          607152 kB
MemAvailable:    1416740 kB
Buffers:           88640 kB
Cached:           746192 kB
MemTotal:        1844596 kB
MemFree:          602296 kB
MemAvailable:    1411884 kB
Buffers:           88640 kB
Cached:           746192 kB
MemTotal:        1844596 kB
MemFree:          600204 kB
MemAvailable:    1409792 kB
Buffers:           88640 kB
Cached:           746192 kB
MemTotal:        1844596 kB
MemFree:          598772 kB
MemAvailable:    1408360 kB
Buffers:           88640 kB
Cached:           746192 kB
MemTotal:        1844596 kB
MemFree:          598764 kB
MemAvailable:    1408352 kB
Buffers:           88640 kB
Cached:           746192 kB
MemTotal:        1844596 kB
MemFree:          600072 kB
MemAvailable:    1409660 kB
Buffers:           88640 kB
Cached:           746192 kB
MemTotal:        1844596 kB
MemFree:          598896 kB
MemAvailable:    1408484 kB
Buffers:           88640 kB
Cached:           746192 kB
MemTotal:        1844596 kB
MemFree:          599964 kB
MemAvailable:    1409552 kB
Buffers:           88640 kB
Cached:           746192 kB
MemTotal:        1844596 kB
MemFree:          600020 kB
MemAvailable:    1409608 kB
Buffers:           88640 kB
Cached:           746192 kB
MemTotal:        1844596 kB
MemFree:          598724 kB
MemAvailable:    1408312 kB
Buffers:           88640 kB
Cached:           746192 kB
MemTotal:        1844596 kB
MemFree:          598848 kB
MemAvailable:    1408436 kB
Buffers:           88640 kB
Cached:           746192 kB
MemTotal:        1844596 kB
MemFree:          599152 kB
MemAvailable:    1408740 kB
Buffers:           88640 kB
Cached:           746192 kB
MemTotal:        1844596 kB
MemFree:          598768 kB
MemAvailable:    1408356 kB
Buffers:           88640 kB
Cached:           746192 kB
MemTotal:        1844596 kB
MemFree:          600008 kB
MemAvailable:    1409596 kB
Buffers:           88640 kB
Cached:           746192 kB
MemTotal:        1844596 kB
MemFree:          598892 kB
MemAvailable:    1408480 kB
Buffers:           88640 kB
Cached:           746192 kB
MemTotal:        1844596 kB
MemFree:          599140 kB
MemAvailable:    1408728 kB
Buffers:           88640 kB
Cached:           746192 kB
MemTotal:        1844596 kB
MemFree:          599016 kB
MemAvailable:    1408604 kB
Buffers:           88640 kB
Cached:           746192 kB
MemTotal:        1844596 kB
MemFree:          598712 kB
MemAvailable:    1408300 kB
Buffers:           88640 kB
Cached:           746192 kB
MemTotal:        1844596 kB
MemFree:          600272 kB
MemAvailable:    1409860 kB
Buffers:           88640 kB
Cached:           746192 kB
MemTotal:        1844596 kB
MemFree:          600272 kB
MemAvailable:    1409860 kB
Buffers:           88640 kB
Cached:           746192 kB
MemTotal:        1844596 kB
MemFree:          600096 kB
MemAvailable:    1409684 kB
Buffers:           88640 kB
Cached:           746192 kB
MemTotal:        1844596 kB
MemFree:          600264 kB
MemAvailable:    1409852 kB
Buffers:           88640 kB
Cached:           746192 kB
MemTotal:        1844596 kB
MemFree:          598732 kB
MemAvailable:    1408320 kB
Buffers:           88640 kB
Cached:           746192 kB
MemTotal:        1844596 kB
MemFree:          598724 kB
MemAvailable:    1408312 kB
Buffers:           88640 kB
Cached:           746192 kB
MemTotal:        1844596 kB
MemFree:          600256 kB
MemAvailable:    1409844 kB
Buffers:           88640 kB
Cached:           746192 kB
MemTotal:        1844596 kB
MemFree:          600092 kB
MemAvailable:    1409680 kB
Buffers:           88640 kB
Cached:           746192 kB
MemTotal:        1844596 kB
MemFree:          598888 kB
MemAvailable:    1408476 kB
Buffers:           88640 kB
Cached:           746192 kB
MemTotal:        1844596 kB
MemFree:          600020 kB
MemAvailable:    1409608 kB
Buffers:           88640 kB
Cached:           746192 kB
MemTotal:        1844596 kB
MemFree:          598732 kB
MemAvailable:    1408320 kB
Buffers:           88640 kB
Cached:           746192 kB
MemTotal:        1844596 kB
MemFree:          598476 kB
MemAvailable:    1408064 kB
Buffers:           88640 kB
Cached:           746192 kB
MemTotal:        1844596 kB
MemFree:          600212 kB
MemAvailable:    1409800 kB
Buffers:           88640 kB
Cached:           746192 kB
MemTotal:        1844596 kB
MemFree:          599748 kB
MemAvailable:    1409340 kB
Buffers:           88640 kB
Cached:           746196 kB
MemTotal:        1844596 kB
MemFree:          600000 kB
MemAvailable:    1409592 kB
Buffers:           88640 kB
Cached:           746196 kB
MemTotal:        1844596 kB
MemFree:          600160 kB
MemAvailable:    1409752 kB
Buffers:           88640 kB
Cached:           746196 kB
MemTotal:        1844596 kB
MemFree:          599276 kB
MemAvailable:    1408868 kB
Buffers:           88640 kB
Cached:           746196 kB
MemTotal:        1844596 kB
MemFree:          600004 kB
MemAvailable:    1409596 kB
Buffers:           88640 kB
Cached:           746196 kB
MemTotal:        1844596 kB
MemFree:          600004 kB
MemAvailable:    1409596 kB
Buffers:           88640 kB
Cached:           746196 kB
MemTotal:        1844596 kB
MemFree:          597972 kB
MemAvailable:    1407564 kB
Buffers:           88640 kB
Cached:           746196 kB
MemTotal:        1844596 kB
MemFree:          594688 kB
MemAvailable:    1404280 kB
Buffers:           88640 kB
Cached:           746196 kB
MemTotal:        1844596 kB
MemFree:          589852 kB
MemAvailable:    1399444 kB
Buffers:           88640 kB
Cached:           746196 kB
MemTotal:        1844596 kB
MemFree:          585132 kB
MemAvailable:    1394724 kB
Buffers:           88640 kB
Cached:           746196 kB
MemTotal:        1844596 kB
MemFree:          584900 kB
MemAvailable:    1394492 kB
Buffers:           88640 kB
Cached:           746196 kB
MemTotal:        1844596 kB
MemFree:          583032 kB
MemAvailable:    1392624 kB
Buffers:           88640 kB
Cached:           746196 kB
MemTotal:        1844596 kB
MemFree:          582644 kB
MemAvailable:    1392236 kB
Buffers:           88640 kB
Cached:           746196 kB
MemTotal:        1844596 kB
MemFree:          582980 kB
MemAvailable:    1392572 kB
Buffers:           88640 kB
Cached:           746196 kB
MemTotal:        1844596 kB
MemFree:          581776 kB
MemAvailable:    1391368 kB
Buffers:           88640 kB
Cached:           746196 kB
MemTotal:        1844596 kB
MemFree:          581172 kB
MemAvailable:    1390764 kB
Buffers:           88640 kB
Cached:           746196 kB
MemTotal:        1844596 kB
MemFree:          581708 kB
MemAvailable:    1391300 kB
Buffers:           88640 kB
Cached:           746196 kB
MemTotal:        1844596 kB
MemFree:          581476 kB
MemAvailable:    1391068 kB
Buffers:           88640 kB
Cached:           746196 kB
MemTotal:        1844596 kB
MemFree:          581732 kB
MemAvailable:    1391324 kB
Buffers:           88640 kB
Cached:           746196 kB
MemTotal:        1844596 kB
MemFree:          581412 kB
MemAvailable:    1391004 kB
Buffers:           88640 kB
Cached:           746196 kB
MemTotal:        1844596 kB
MemFree:          580428 kB
MemAvailable:    1390020 kB
Buffers:           88640 kB
Cached:           746200 kB
MemTotal:        1844596 kB
MemFree:          580304 kB
MemAvailable:    1389896 kB
Buffers:           88640 kB
Cached:           746200 kB
MemTotal:        1844596 kB
MemFree:          579924 kB
MemAvailable:    1389516 kB
Buffers:           88640 kB
Cached:           746200 kB
MemTotal:        1844596 kB
MemFree:          581216 kB
MemAvailable:    1390808 kB
Buffers:           88640 kB
Cached:           746200 kB
MemTotal:        1844596 kB
MemFree:          580180 kB
MemAvailable:    1389772 kB
Buffers:           88640 kB
Cached:           746200 kB
MemTotal:        1844596 kB
MemFree:          580544 kB
MemAvailable:    1390136 kB
Buffers:           88640 kB
Cached:           746200 kB
MemTotal:        1844596 kB
MemFree:          580436 kB
MemAvailable:    1390028 kB
Buffers:           88640 kB
Cached:           746200 kB
MemTotal:        1844596 kB
MemFree:          580172 kB
MemAvailable:    1389764 kB
Buffers:           88640 kB
Cached:           746200 kB
MemTotal:        1844596 kB
MemFree:          578692 kB
MemAvailable:    1388284 kB
Buffers:           88640 kB
Cached:           746200 kB
MemTotal:        1844596 kB
MemFree:          578072 kB
MemAvailable:    1387664 kB
Buffers:           88640 kB
Cached:           746200 kB
MemTotal:        1844596 kB
MemFree:          578752 kB
MemAvailable:    1388344 kB
Buffers:           88640 kB
Cached:           746200 kB
MemTotal:        1844596 kB
MemFree:          577320 kB
MemAvailable:    1386912 kB
Buffers:           88640 kB
Cached:           746200 kB
MemTotal:        1844596 kB
MemFree:          577188 kB
MemAvailable:    1386780 kB
Buffers:           88640 kB
Cached:           746200 kB
MemTotal:        1844596 kB
MemFree:          577204 kB
MemAvailable:    1386796 kB
Buffers:           88640 kB
Cached:           746200 kB
MemTotal:        1844596 kB
MemFree:          575344 kB
MemAvailable:    1384936 kB
Buffers:           88640 kB
Cached:           746200 kB
MemTotal:        1844596 kB
MemFree:          575576 kB
MemAvailable:    1385168 kB
Buffers:           88640 kB
Cached:           746200 kB
MemTotal:        1844596 kB
MemFree:          573964 kB
MemAvailable:    1383556 kB
Buffers:           88640 kB
Cached:           746200 kB
MemTotal:        1844596 kB
MemFree:          575764 kB
MemAvailable:    1385356 kB
Buffers:           88640 kB
Cached:           746200 kB
MemTotal:        1844596 kB
MemFree:          575848 kB
MemAvailable:    1385440 kB
Buffers:           88640 kB
Cached:           746200 kB
MemTotal:        1844596 kB
MemFree:          575460 kB
MemAvailable:    1385052 kB
Buffers:           88640 kB
Cached:           746200 kB
MemTotal:        1844596 kB
MemFree:          575228 kB
MemAvailable:    1384820 kB
Buffers:           88640 kB
Cached:           746200 kB
MemTotal:        1844596 kB
MemFree:          575420 kB
MemAvailable:    1385012 kB
Buffers:           88640 kB
Cached:           746200 kB
MemTotal:        1844596 kB
MemFree:          575408 kB
MemAvailable:    1385000 kB
Buffers:           88640 kB
Cached:           746200 kB
MemTotal:        1844596 kB
MemFree:          575664 kB
MemAvailable:    1385256 kB
Buffers:           88640 kB
Cached:           746200 kB
MemTotal:        1844596 kB
MemFree:          573964 kB
MemAvailable:    1383556 kB
Buffers:           88640 kB
Cached:           746200 kB
MemTotal:        1844596 kB
MemFree:          574048 kB
MemAvailable:    1383640 kB
Buffers:           88640 kB
Cached:           746200 kB
MemTotal:        1844596 kB
MemFree:          572728 kB
MemAvailable:    1382320 kB
Buffers:           88640 kB
Cached:           746200 kB
MemTotal:        1844596 kB
MemFree:          573912 kB
MemAvailable:    1383504 kB
Buffers:           88640 kB
Cached:           746200 kB
MemTotal:        1844596 kB
MemFree:          574080 kB
MemAvailable:    1383672 kB
Buffers:           88640 kB
Cached:           746200 kB
MemTotal:        1844596 kB
MemFree:          573852 kB
MemAvailable:    1383444 kB
Buffers:           88640 kB
Cached:           746200 kB
MemTotal:        1844596 kB
MemFree:          572800 kB
MemAvailable:    1382392 kB
Buffers:           88640 kB
Cached:           746200 kB
MemTotal:        1844596 kB
MemFree:          572552 kB
MemAvailable:    1382144 kB
Buffers:           88640 kB
Cached:           746200 kB
MemTotal:        1844596 kB
MemFree:          572676 kB
MemAvailable:    1382268 kB
Buffers:           88640 kB
Cached:           746200 kB
MemTotal:        1844596 kB
MemFree:          572676 kB
MemAvailable:    1382268 kB
Buffers:           88640 kB
Cached:           746200 kB
MemTotal:        1844596 kB
MemFree:          573960 kB
MemAvailable:    1383552 kB
Buffers:           88640 kB
Cached:           746200 kB
MemTotal:        1844596 kB
MemFree:          572988 kB
MemAvailable:    1382580 kB
Buffers:           88640 kB
Cached:           746200 kB
MemTotal:        1844596 kB
MemFree:          573768 kB
MemAvailable:    1383364 kB
Buffers:           88640 kB
Cached:           746204 kB
MemTotal:        1844596 kB
MemFree:          573740 kB
MemAvailable:    1383336 kB
Buffers:           88640 kB
Cached:           746204 kB
MemTotal:        1844596 kB
MemFree:          572608 kB
MemAvailable:    1382204 kB
Buffers:           88640 kB
Cached:           746204 kB
MemTotal:        1844596 kB
MemFree:          572608 kB
MemAvailable:    1382204 kB
Buffers:           88640 kB
Cached:           746204 kB
MemTotal:        1844596 kB
MemFree:          573668 kB
MemAvailable:    1383264 kB
Buffers:           88640 kB
Cached:           746204 kB
MemTotal:        1844596 kB
MemFree:          573236 kB
MemAvailable:    1382832 kB
Buffers:           88640 kB
Cached:           746204 kB
MemTotal:        1844596 kB
MemFree:          572604 kB
MemAvailable:    1382200 kB
Buffers:           88640 kB
Cached:           746204 kB
MemTotal:        1844596 kB
MemFree:          573844 kB
MemAvailable:    1383440 kB
Buffers:           88640 kB
Cached:           746204 kB
MemTotal:        1844596 kB
MemFree:          572556 kB
MemAvailable:    1382152 kB
Buffers:           88640 kB
Cached:           746204 kB
MemTotal:        1844596 kB
MemFree:          572592 kB
MemAvailable:    1382188 kB
Buffers:           88640 kB
Cached:           746204 kB
MemTotal:        1844596 kB
MemFree:          572552 kB
MemAvailable:    1382148 kB
Buffers:           88640 kB
Cached:           746204 kB
MemTotal:        1844596 kB
MemFree:          573828 kB
MemAvailable:    1383424 kB
Buffers:           88640 kB
Cached:           746204 kB
MemTotal:        1844596 kB
MemFree:          573616 kB
MemAvailable:    1383212 kB
Buffers:           88640 kB
Cached:           746204 kB
MemTotal:        1844596 kB
MemFree:          572568 kB
MemAvailable:    1382164 kB
Buffers:           88640 kB
Cached:           746204 kB
MemTotal:        1844596 kB
MemFree:          573792 kB
MemAvailable:    1383388 kB
Buffers:           88640 kB
Cached:           746204 kB
MemTotal:        1844596 kB
MemFree:          574044 kB
MemAvailable:    1383640 kB
Buffers:           88640 kB
Cached:           746204 kB
MemTotal:        1844596 kB
MemFree:          573668 kB
MemAvailable:    1383264 kB
Buffers:           88640 kB
Cached:           746204 kB
MemTotal:        1844596 kB
MemFree:          573688 kB
MemAvailable:    1383284 kB
Buffers:           88640 kB
Cached:           746204 kB
MemTotal:        1844596 kB
MemFree:          573600 kB
MemAvailable:    1383196 kB
Buffers:           88640 kB
Cached:           746204 kB
MemTotal:        1844596 kB
MemFree:          572428 kB
MemAvailable:    1382024 kB
Buffers:           88640 kB
Cached:           746204 kB
MemTotal:        1844596 kB
MemFree:          574148 kB
MemAvailable:    1383744 kB
Buffers:           88640 kB
Cached:           746204 kB
MemTotal:        1844596 kB
MemFree:          573184 kB
MemAvailable:    1382780 kB
Buffers:           88640 kB
Cached:           746204 kB
MemTotal:        1844596 kB
MemFree:          574304 kB
MemAvailable:    1383904 kB
Buffers:           88640 kB
Cached:           746208 kB
MemTotal:        1844596 kB
MemFree:          572988 kB
MemAvailable:    1382588 kB
Buffers:           88640 kB
Cached:           746208 kB
MemTotal:        1844596 kB
MemFree:          572732 kB
MemAvailable:    1382332 kB
Buffers:           88640 kB
Cached:           746208 kB
MemTotal:        1844596 kB
MemFree:          573832 kB
MemAvailable:    1383432 kB
Buffers:           88640 kB
Cached:           746208 kB
MemTotal:        1844596 kB
MemFree:          573236 kB
MemAvailable:    1382836 kB
Buffers:           88640 kB
Cached:           746208 kB
MemTotal:        1844596 kB
MemFree:          572604 kB
MemAvailable:    1382204 kB
Buffers:           88640 kB
Cached:           746208 kB
MemTotal:        1844596 kB
MemFree:          574084 kB
MemAvailable:    1383684 kB
Buffers:           88640 kB
Cached:           746208 kB
MemTotal:        1844596 kB
MemFree:          573700 kB
MemAvailable:    1383300 kB
Buffers:           88640 kB
Cached:           746208 kB
MemTotal:        1844596 kB
MemFree:          573784 kB
MemAvailable:    1383384 kB
Buffers:           88640 kB
Cached:           746208 kB
MemTotal:        1844596 kB
MemFree:          572604 kB
MemAvailable:    1382204 kB
Buffers:           88640 kB
Cached:           746208 kB
MemTotal:        1844596 kB
MemFree:          573928 kB
MemAvailable:    1383528 kB
Buffers:           88640 kB
Cached:           746208 kB
MemTotal:        1844596 kB
MemFree:          570632 kB
MemAvailable:    1380232 kB
Buffers:           88640 kB
Cached:           746208 kB
MemTotal:        1844596 kB
MemFree:          567896 kB
MemAvailable:    1377496 kB
Buffers:           88640 kB
Cached:           746208 kB
MemTotal:        1844596 kB
MemFree:          567408 kB
MemAvailable:    1377008 kB
Buffers:           88640 kB
Cached:           746208 kB
MemTotal:        1844596 kB
MemFree:          563420 kB
MemAvailable:    1373020 kB
Buffers:           88640 kB
Cached:           746208 kB
MemTotal:        1844596 kB
MemFree:          559348 kB
MemAvailable:    1368948 kB
Buffers:           88640 kB
Cached:           746208 kB
MemTotal:        1844596 kB
MemFree:          557292 kB
MemAvailable:    1366892 kB
Buffers:           88640 kB
Cached:           746208 kB
MemTotal:        1844596 kB
MemFree:          554884 kB
MemAvailable:    1364488 kB
Buffers:           88640 kB
Cached:           746212 kB
MemTotal:        1844596 kB
MemFree:          553396 kB
MemAvailable:    1363000 kB
Buffers:           88640 kB
Cached:           746212 kB
MemTotal:        1844596 kB
MemFree:          554504 kB
MemAvailable:    1364108 kB
Buffers:           88640 kB
Cached:           746212 kB
MemTotal:        1844596 kB
MemFree:          554504 kB
MemAvailable:    1364108 kB
Buffers:           88640 kB
Cached:           746212 kB
MemTotal:        1844596 kB
MemFree:          554208 kB
MemAvailable:    1363812 kB
Buffers:           88640 kB
Cached:           746212 kB
MemTotal:        1844596 kB
MemFree:          554464 kB
MemAvailable:    1364068 kB
Buffers:           88640 kB
Cached:           746212 kB
MemTotal:        1844596 kB
MemFree:          554196 kB
MemAvailable:    1363800 kB
Buffers:           88640 kB
Cached:           746212 kB
MemTotal:        1844596 kB
MemFree:          554140 kB
MemAvailable:    1363744 kB
Buffers:           88640 kB
Cached:           746212 kB
MemTotal:        1844596 kB
MemFree:          552968 kB
MemAvailable:    1362572 kB
Buffers:           88640 kB
Cached:           746212 kB
MemTotal:        1844596 kB
MemFree:          554688 kB
MemAvailable:    1364292 kB
Buffers:           88640 kB
Cached:           746212 kB
MemTotal:        1844596 kB
MemFree:          553088 kB
MemAvailable:    1362692 kB
Buffers:           88640 kB
Cached:           746212 kB
MemTotal:        1844596 kB
MemFree:          554364 kB
MemAvailable:    1363968 kB
Buffers:           88640 kB
Cached:           746212 kB
MemTotal:        1844596 kB
MemFree:          554616 kB
MemAvailable:    1364220 kB
Buffers:           88640 kB
Cached:           746212 kB
MemTotal:        1844596 kB
MemFree:          554340 kB
MemAvailable:    1363944 kB
Buffers:           88640 kB
Cached:           746212 kB
MemTotal:        1844596 kB
MemFree:          554396 kB
MemAvailable:    1364000 kB
Buffers:           88640 kB
Cached:           746212 kB
MemTotal:        1844596 kB
MemFree:          553396 kB
MemAvailable:    1363000 kB
Buffers:           88640 kB
Cached:           746212 kB
MemTotal:        1844596 kB
MemFree:          554124 kB
MemAvailable:    1363728 kB
Buffers:           88640 kB
Cached:           746212 kB
MemTotal:        1844596 kB
MemFree:          554208 kB
MemAvailable:    1363812 kB
Buffers:           88640 kB
Cached:           746212 kB
MemTotal:        1844596 kB
MemFree:          552888 kB
MemAvailable:    1362492 kB
Buffers:           88640 kB
Cached:           746212 kB
MemTotal:        1844596 kB
MemFree:          552888 kB
MemAvailable:    1362492 kB
Buffers:           88640 kB
Cached:           746212 kB
MemTotal:        1844596 kB
MemFree:          554120 kB
MemAvailable:    1363724 kB
Buffers:           88640 kB
Cached:           746212 kB
MemTotal:        1844596 kB
MemFree:          552632 kB
MemAvailable:    1362236 kB
Buffers:           88640 kB
Cached:           746212 kB
MemTotal:        1844596 kB
MemFree:          554080 kB
MemAvailable:    1363684 kB
Buffers:           88640 kB
Cached:           746212 kB
MemTotal:        1844596 kB
MemFree:          553272 kB
MemAvailable:    1362876 kB
Buffers:           88640 kB
Cached:           746212 kB
MemTotal:        1844596 kB
MemFree:          553872 kB
MemAvailable:    1363476 kB
Buffers:           88640 kB
Cached:           746212 kB
MemTotal:        1844596 kB
MemFree:          554128 kB
MemAvailable:    1363732 kB
Buffers:           88640 kB
Cached:           746212 kB
MemTotal:        1844596 kB
MemFree:          553872 kB
MemAvailable:    1363476 kB
Buffers:           88640 kB
Cached:           746212 kB
MemTotal:        1844596 kB
MemFree:          551900 kB
MemAvailable:    1361504 kB
Buffers:           88640 kB
Cached:           746212 kB
MemTotal:        1844596 kB
MemFree:          548932 kB
MemAvailable:    1358536 kB
Buffers:           88640 kB
Cached:           746212 kB
MemTotal:        1844596 kB
MemFree:          541864 kB
MemAvailable:    1351468 kB
Buffers:           88640 kB
Cached:           746212 kB
MemTotal:        1844596 kB
MemFree:          544080 kB
MemAvailable:    1353684 kB
Buffers:           88640 kB
Cached:           746212 kB
MemTotal:        1844596 kB
MemFree:          544164 kB
MemAvailable:    1353768 kB
Buffers:           88640 kB
Cached:           746212 kB
MemTotal:        1844596 kB
MemFree:          543784 kB
MemAvailable:    1353388 kB
Buffers:           88640 kB
Cached:           746212 kB
MemTotal:        1844596 kB
MemFree:          543784 kB
MemAvailable:    1353388 kB
Buffers:           88640 kB
Cached:           746212 kB
MemTotal:        1844596 kB
MemFree:          540996 kB
MemAvailable:    1350600 kB
Buffers:           88640 kB
Cached:           746212 kB
MemTotal:        1844596 kB
MemFree:          540748 kB
MemAvailable:    1350352 kB
Buffers:           88640 kB
Cached:           746212 kB
MemTotal:        1844596 kB
MemFree:          540748 kB
MemAvailable:    1350352 kB
Buffers:           88640 kB
Cached:           746212 kB
MemTotal:        1844596 kB
MemFree:          540616 kB
MemAvailable:    1350220 kB
Buffers:           88640 kB
Cached:           746212 kB
MemTotal:        1844596 kB
MemFree:          541592 kB
MemAvailable:    1351280 kB
Buffers:           88640 kB
Cached:           746336 kB
MemTotal:        1844596 kB
MemFree:          541592 kB
MemAvailable:    1351280 kB
Buffers:           88640 kB
Cached:           746336 kB
MemTotal:        1844596 kB
MemFree:          541496 kB
MemAvailable:    1351268 kB
Buffers:           88640 kB
Cached:           746460 kB
MemTotal:        1844596 kB
MemFree:          540320 kB
MemAvailable:    1350260 kB
Buffers:           88640 kB
Cached:           746584 kB
MemTotal:        1844596 kB
MemFree:          540444 kB
MemAvailable:    1350468 kB
Buffers:           88640 kB
Cached:           746708 kB
MemTotal:        1844596 kB
MemFree:          540128 kB
MemAvailable:    1350320 kB
Buffers:           88640 kB
Cached:           746832 kB
MemTotal:        1844596 kB
MemFree:          540252 kB
MemAvailable:    1350444 kB
Buffers:           88640 kB
Cached:           746832 kB
MemTotal:        1844596 kB
MemFree:          541304 kB
MemAvailable:    1351580 kB
Buffers:           88640 kB
Cached:           746956 kB
MemTotal:        1844596 kB
MemFree:          539872 kB
MemAvailable:    1350148 kB
Buffers:           88640 kB
Cached:           746956 kB
MemTotal:        1844596 kB
MemFree:          539996 kB
MemAvailable:    1350272 kB
Buffers:           88640 kB
Cached:           746956 kB
MemTotal:        1844596 kB
MemFree:          541104 kB
MemAvailable:    1351380 kB
Buffers:           88640 kB
Cached:           746956 kB
MemTotal:        1844596 kB
MemFree:          541188 kB
MemAvailable:    1351464 kB
Buffers:           88640 kB
Cached:           746956 kB
MemTotal:        1844596 kB
MemFree:          541000 kB
MemAvailable:    1351276 kB
Buffers:           88640 kB
Cached:           746956 kB
MemTotal:        1844596 kB
MemFree:          541044 kB
MemAvailable:    1351404 kB
Buffers:           88640 kB
Cached:           746956 kB
MemTotal:        1844596 kB
MemFree:          540288 kB
MemAvailable:    1349976 kB
Buffers:           88640 kB
Cached:           746324 kB
MemTotal:        1844596 kB
MemFree:          541580 kB
MemAvailable:    1351268 kB
Buffers:           88640 kB
Cached:           746324 kB
MemTotal:        1844596 kB
MemFree:          696688 kB
MemAvailable:    1506376 kB
Buffers:           88640 kB
Cached:           746324 kB
MemTotal:        1844596 kB
MemFree:          696120 kB
MemAvailable:    1505808 kB
Buffers:           88640 kB
Cached:           746324 kB
