MemTotal:        1844596 kB
MemFree:          271404 kB
MemAvailable:    1546296 kB
Buffers:           99596 kB
Cached:          1196416 kB
MemTotal:        1844596 kB
MemFree:          242224 kB
MemAvailable:    1517120 kB
Buffers:           99596 kB
Cached:          1196420 kB
MemTotal:        1844596 kB
MemFree:          241852 kB
MemAvailable:    1516748 kB
Buffers:           99596 kB
Cached:          1196420 kB
MemTotal:        1844596 kB
MemFree:          241496 kB
MemAvailable:    1516392 kB
Buffers:           99596 kB
Cached:          1196420 kB
MemTotal:        1844596 kB
MemFree:          238292 kB
MemAvailable:    1513188 kB
Buffers:           99596 kB
Cached:          1196420 kB
MemTotal:        1844596 kB
MemFree:          238124 kB
MemAvailable:    1513020 kB
Buffers:           99596 kB
Cached:          1196420 kB
MemTotal:        1844596 kB
MemFree:          240000 kB
MemAvailable:    1514896 kB
Buffers:           99596 kB
Cached:          1196420 kB
MemTotal:        1844596 kB
MemFree:          237900 kB
MemAvailable:    1512796 kB
Buffers:           99596 kB
Cached:          1196420 kB
MemTotal:        1844596 kB
MemFree:          235420 kB
MemAvailable:    1510316 kB
Buffers:           99596 kB
Cached:          1196420 kB
MemTotal:        1844596 kB
MemFree:          232692 kB
MemAvailable:    1507588 kB
Buffers:           99596 kB
Cached:          1196420 kB
MemTotal:        1844596 kB
MemFree:          229220 kB
MemAvailable:    1504116 kB
Buffers:           99596 kB
Cached:          1196420 kB
MemTotal:        1844596 kB
MemFree:          231336 kB
MemAvailable:    1506232 kB
Buffers:           99596 kB
Cached:          1196420 kB
MemTotal:        1844596 kB
MemFree:          230160 kB
MemAvailable:    1505056 kB
Buffers:           99596 kB
Cached:          1196420 kB
MemTotal:        1844596 kB
MemFree:          231256 kB
MemAvailable:    1506152 kB
Buffers:           99596 kB
Cached:          1196420 kB
MemTotal:        1844596 kB
MemFree:          231256 kB
MemAvailable:    1506152 kB
Buffers:           99596 kB
Cached:          1196420 kB
MemTotal:        1844596 kB
MemFree:          231188 kB
MemAvailable:    1506084 kB
Buffers:           99596 kB
Cached:          1196420 kB
MemTotal:        1844596 kB
MemFree:          230864 kB
MemAvailable:    1505760 kB
Buffers:           99596 kB
Cached:          1196420 kB
MemTotal:        1844596 kB
MemFree:          231032 kB
MemAvailable:    1505928 kB
Buffers:           99596 kB
Cached:          1196420 kB
MemTotal:        1844596 kB
MemFree:          229700 kB
MemAvailable:    1504600 kB
Buffers:           99596 kB
Cached:          1196424 kB
MemTotal:        1844596 kB
MemFree:          229452 kB
MemAvailable:    1504352 kB
Buffers:           99596 kB
Cached:          1196424 kB
MemTotal:        1844596 kB
MemFree:          230792 kB
MemAvailable:    1505692 kB
Buffers:           99596 kB
Cached:          1196424 kB
MemTotal:        1844596 kB
MemFree:          229420 kB
MemAvailable:    1504320 kB
Buffers:           99596 kB
Cached:          1196424 kB
MemTotal:        1844596 kB
MemFree:          229332 kB
MemAvailable:    1504232 kB
Buffers:           99596 kB
Cached:          1196424 kB
MemTotal:        1844596 kB
MemFree:          229948 kB
MemAvailable:    1504848 kB
Buffers:           99596 kB
Cached:          1196424 kB
MemTotal:        1844596 kB
MemFree:          229948 kB
MemAvailable:    1504848 kB
Buffers:           99596 kB
Cached:          1196424 kB
MemTotal:        1844596 kB
MemFree:          228544 kB
MemAvailable:    1503444 kB
Buffers:           99596 kB
Cached:          1196424 kB
MemTotal:        1844596 kB
MemFree:          228536 kB
MemAvailable:    1503436 kB
Buffers:           99596 kB
Cached:          1196424 kB
MemTotal:        1844596 kB
MemFree:          229892 kB
MemAvailable:    1504792 kB
Buffers:           99596 kB
Cached:          1196424 kB
MemTotal:        1844596 kB
MemFree:          228832 kB
MemAvailable:    1503732 kB
Buffers:           99596 kB
Cached:          1196424 kB
MemTotal:        1844596 kB
MemFree:          227980 kB
MemAvailable:    1502880 kB
Buffers:           99596 kB
Cached:          1196424 kB
MemTotal:        1844596 kB
MemFree:          227220 kB
MemAvailable:    1502120 kB
Buffers:           99596 kB
Cached:          1196424 kB
MemTotal:        1844596 kB
MemFree:          227236 kB
MemAvailable:    1502136 kB
Buffers:           99596 kB
Cached:          1196424 kB
MemTotal:        1844596 kB
MemFree:          228344 kB
MemAvailable:    1503244 kB
Buffers:           99596 kB
Cached:          1196424 kB
MemTotal:        1844596 kB
MemFree:          227228 kB
MemAvailable:    1502128 kB
Buffers:           99596 kB
Cached:          1196424 kB
MemTotal:        1844596 kB
MemFree:          228296 kB
MemAvailable:    1503196 kB
Buffers:           99596 kB
Cached:          1196424 kB
MemTotal:        1844596 kB
MemFree:          228520 kB
MemAvailable:    1503420 kB
Buffers:           99596 kB
Cached:          1196424 kB
MemTotal:        1844596 kB
MemFree:          227476 kB
MemAvailable:    1502376 kB
Buffers:           99604 kB
Cached:          1196416 kB
MemTotal:        1844596 kB
MemFree:          227100 kB
MemAvailable:    1502000 kB
Buffers:           99604 kB
Cached:          1196416 kB
MemTotal:        1844596 kB
MemFree:          227100 kB
MemAvailable:    1502000 kB
Buffers:           99604 kB
Cached:          1196416 kB
MemTotal:        1844596 kB
MemFree:          225304 kB
MemAvailable:    1500204 kB
Buffers:           99604 kB
Cached:          1196416 kB
MemTotal:        1844596 kB
MemFree:          222384 kB
MemAvailable:    1497284 kB
Buffers:           99604 kB
Cached:          1196416 kB
MemTotal:        1844596 kB
MemFree:          223260 kB
MemAvailable:    1498160 kB
Buffers:           99604 kB
Cached:          1196416 kB
MemTotal:        1844596 kB
MemFree:          223200 kB
MemAvailable:    1498100 kB
Buffers:           99604 kB
Cached:          1196416 kB
MemTotal:        1844596 kB
MemFree:          221848 kB
MemAvailable:    1496748 kB
Buffers:           99604 kB
Cached:          1196416 kB
MemTotal:        1844596 kB
MemFree:          221468 kB
MemAvailable:    1496368 kB
Buffers:           99604 kB
Cached:          1196416 kB
MemTotal:        1844596 kB
MemFree:          222744 kB
MemAvailable:    1497644 kB
Buffers:           99604 kB
Cached:          1196416 kB
MemTotal:        1844596 kB
MemFree:          222696 kB
MemAvailable:    1497596 kB
Buffers:           99604 kB
Cached:          1196416 kB
MemTotal:        1844596 kB
MemFree:          222772 kB
MemAvailable:    1497672 kB
Buffers:           99604 kB
Cached:          1196416 kB
MemTotal:        1844596 kB
MemFree:          222436 kB
MemAvailable:    1497336 kB
Buffers:           99604 kB
Cached:          1196416 kB
MemTotal:        1844596 kB
MemFree:          222408 kB
MemAvailable:    1497308 kB
Buffers:           99604 kB
Cached:          1196416 kB
MemTotal:        1844596 kB
MemFree:          222404 kB
MemAvailable:    1497304 kB
Buffers:           99604 kB
Cached:          1196416 kB
MemTotal:        1844596 kB
MemFree:          221224 kB
MemAvailable:    1496124 kB
Buffers:           99604 kB
Cached:          1196416 kB
MemTotal:        1844596 kB
MemFree:          222444 kB
MemAvailable:    1497344 kB
Buffers:           99604 kB
Cached:          1196416 kB
MemTotal:        1844596 kB
MemFree:          221220 kB
MemAvailable:    1496120 kB
Buffers:           99604 kB
Cached:          1196416 kB
MemTotal:        1844596 kB
MemFree:          220524 kB
MemAvailable:    1495424 kB
Buffers:           99604 kB
Cached:          1196416 kB
MemTotal:        1844596 kB
MemFree:          219424 kB
MemAvailable:    1494324 kB
Buffers:           99604 kB
Cached:          1196416 kB
MemTotal:        1844596 kB
MemFree:          216820 kB
MemAvailable:    1491720 kB
Buffers:           99604 kB
Cached:          1196416 kB
MemTotal:        1844596 kB
MemFree:          215580 kB
MemAvailable:    1490480 kB
Buffers:           99604 kB
Cached:          1196416 kB
MemTotal:        1844596 kB
MemFree:          216308 kB
MemAvailable:    1491220 kB
Buffers:           99604 kB
Cached:          1196428 kB
MemTotal:        1844596 kB
MemFree:          215828 kB
MemAvailable:    1490740 kB
Buffers:           99604 kB
Cached:          1196428 kB
MemTotal:        1844596 kB
MemFree:          214572 kB
MemAvailable:    1489484 kB
Buffers:           99604 kB
Cached:          1196428 kB
MemTotal:        1844596 kB
MemFree:          214216 kB
MemAvailable:    1489128 kB
Buffers:           99604 kB
Cached:          1196428 kB
MemTotal:        1844596 kB
MemFree:          213044 kB
MemAvailable:    1487956 kB
Buffers:           99604 kB
Cached:          1196428 kB
MemTotal:        1844596 kB
MemFree:          214320 kB
MemAvailable:    1489232 kB
Buffers:           99604 kB
Cached:          1196428 kB
MemTotal:        1844596 kB
MemFree:          212976 kB
MemAvailable:    1487888 kB
Buffers:           99604 kB
Cached:          1196428 kB
MemTotal:        1844596 kB
MemFree:          213664 kB
MemAvailable:    1488576 kB
Buffers:           99604 kB
Cached:          1196428 kB
MemTotal:        1844596 kB
MemFree:          214000 kB
MemAvailable:    1488912 kB
Buffers:           99604 kB
Cached:          1196428 kB
MemTotal:        1844596 kB
MemFree:          213900 kB
MemAvailable:    1488812 kB
Buffers:           99604 kB
Cached:          1196428 kB
MemTotal:        1844596 kB
MemFree:          212716 kB
MemAvailable:    1487628 kB
Buffers:           99604 kB
Cached:          1196428 kB
MemTotal:        1844596 kB
MemFree:          213956 kB
MemAvailable:    1488868 kB
Buffers:           99604 kB
Cached:          1196428 kB
MemTotal:        1844596 kB
MemFree:          213660 kB
MemAvailable:    1488572 kB
Buffers:           99604 kB
Cached:          1196428 kB
MemTotal:        1844596 kB
MemFree:          213660 kB
MemAvailable:    1488572 kB
Buffers:           99604 kB
Cached:          1196428 kB
MemTotal:        1844596 kB
MemFree:          213672 kB
MemAvailable:    1488584 kB
Buffers:           99604 kB
Cached:          1196428 kB
MemTotal:        1844596 kB
MemFree:          213792 kB
MemAvailable:    1488704 kB
Buffers:           99604 kB
Cached:          1196428 kB
MemTotal:        1844596 kB
MemFree:          213784 kB
MemAvailable:    1488696 kB
Buffers:           99604 kB
Cached:          1196428 kB
MemTotal:        1844596 kB
MemFree:          213404 kB
MemAvailable:    1488316 kB
Buffers:           99604 kB
Cached:          1196428 kB
MemTotal:        1844596 kB
MemFree:          213356 kB
MemAvailable:    1488268 kB
Buffers:           99604 kB
Cached:          1196428 kB
MemTotal:        1844596 kB
MemFree:          213424 kB
MemAvailable:    1488336 kB
Buffers:           99604 kB
Cached:          1196428 kB
MemTotal:        1844596 kB
MemFree:          212180 kB
MemAvailable:    1487092 kB
Buffers:           99604 kB
Cached:          1196428 kB
MemTotal:        1844596 kB
MemFree:          212728 kB
MemAvailable:    1487640 kB
Buffers:           99604 kB
Cached:          1196428 kB
MemTotal:        1844596 kB
MemFree:          213352 kB
MemAvailable:    1488264 kB
Buffers:           99604 kB
Cached:          1196428 kB
MemTotal:        1844596 kB
MemFree:          213432 kB
MemAvailable:    1488344 kB
Buffers:           99604 kB
Cached:          1196428 kB
MemTotal:        1844596 kB
MemFree:          212044 kB
MemAvailable:    1486956 kB
Buffers:           99604 kB
Cached:          1196428 kB
MemTotal:        1844596 kB
MemFree:          208380 kB
MemAvailable:    1483292 kB
Buffers:           99604 kB
Cached:          1196428 kB
MemTotal:        1844596 kB
MemFree:          206588 kB
MemAvailable:    1481500 kB
Buffers:           99604 kB
Cached:          1196428 kB
MemTotal:        1844596 kB
MemFree:          205156 kB
MemAvailable:    1480068 kB
Buffers:           99604 kB
Cached:          1196428 kB
MemTotal:        1844596 kB
MemFree:          205172 kB
MemAvailable:    1480084 kB
Buffers:           99604 kB
Cached:          1196428 kB
MemTotal:        1844596 kB
MemFree:          205052 kB
MemAvailable:    1479964 kB
Buffers:           99604 kB
Cached:          1196428 kB
MemTotal:        1844596 kB
MemFree:          205340 kB
MemAvailable:    1480252 kB
Buffers:           99604 kB
Cached:          1196428 kB
MemTotal:        1844596 kB
MemFree:          205112 kB
MemAvailable:    1480028 kB
Buffers:           99604 kB
Cached:          1196432 kB
MemTotal:        1844596 kB
MemFree:          205040 kB
MemAvailable:    1479956 kB
Buffers:           99604 kB
Cached:          1196432 kB
MemTotal:        1844596 kB
MemFree:          203676 kB
MemAvailable:    1478592 kB
Buffers:           99604 kB
Cached:          1196432 kB
MemTotal:        1844596 kB
MemFree:          204704 kB
MemAvailable:    1479624 kB
Buffers:           99604 kB
Cached:          1196436 kB
MemTotal:        1844596 kB
MemFree:          204676 kB
MemAvailable:    1479596 kB
Buffers:           99604 kB
Cached:          1196436 kB
MemTotal:        1844596 kB
MemFree:          204620 kB
MemAvailable:    1479540 kB
Buffers:           99604 kB
Cached:          1196436 kB
MemTotal:        1844596 kB
MemFree:          204056 kB
MemAvailable:    1478976 kB
Buffers:           99604 kB
Cached:          1196436 kB
MemTotal:        1844596 kB
MemFree:          203792 kB
MemAvailable:    1478712 kB
Buffers:           99604 kB
Cached:          1196436 kB
MemTotal:        1844596 kB
MemFree:          205024 kB
MemAvailable:    1479944 kB
Buffers:           99604 kB
Cached:          1196436 kB
MemTotal:        1844596 kB
MemFree:          203528 kB
MemAvailable:    1478448 kB
Buffers:           99604 kB
Cached:          1196436 kB
MemTotal:        1844596 kB
MemFree:          204892 kB
MemAvailable:    1479812 kB
Buffers:           99604 kB
Cached:          1196436 kB
MemTotal:        1844596 kB
MemFree:          204848 kB
MemAvailable:    1479768 kB
Buffers:           99604 kB
Cached:          1196436 kB
MemTotal:        1844596 kB
MemFree:          204764 kB
MemAvailable:    1479684 kB
Buffers:           99604 kB
Cached:          1196436 kB
MemTotal:        1844596 kB
MemFree:          203640 kB
MemAvailable:    1478560 kB
Buffers:           99604 kB
Cached:          1196436 kB
MemTotal:        1844596 kB
MemFree:          203512 kB
MemAvailable:    1478432 kB
Buffers:           99604 kB
Cached:          1196436 kB
MemTotal:        1844596 kB
MemFree:          203508 kB
MemAvailable:    1478428 kB
Buffers:           99604 kB
Cached:          1196436 kB
MemTotal:        1844596 kB
MemFree:          203376 kB
MemAvailable:    1478296 kB
Buffers:           99604 kB
Cached:          1196436 kB
MemTotal:        1844596 kB
MemFree:          204608 kB
MemAvailable:    1479528 kB
Buffers:           99604 kB
Cached:          1196436 kB
MemTotal:        1844596 kB
MemFree:          204860 kB
MemAvailable:    1479780 kB
Buffers:           99604 kB
Cached:          1196436 kB
MemTotal:        1844596 kB
MemFree:          203240 kB
MemAvailable:    1478160 kB
Buffers:           99604 kB
Cached:          1196436 kB
MemTotal:        1844596 kB
MemFree:          204704 kB
MemAvailable:    1479624 kB
Buffers:           99604 kB
Cached:          1196436 kB
MemTotal:        1844596 kB
MemFree:          204876 kB
MemAvailable:    1479796 kB
Buffers:           99604 kB
Cached:          1196436 kB
MemTotal:        1844596 kB
MemFree:          204748 kB
MemAvailable:    1479668 kB
Buffers:           99604 kB
Cached:          1196436 kB
MemTotal:        1844596 kB
MemFree:          203544 kB
MemAvailable:    1478464 kB
Buffers:           99604 kB
Cached:          1196436 kB
MemTotal:        1844596 kB
MemFree:          204776 kB
MemAvailable:    1479696 kB
Buffers:           99604 kB
Cached:          1196436 kB
MemTotal:        1844596 kB
MemFree:          203372 kB
MemAvailable:    1478292 kB
Buffers:           99604 kB
Cached:          1196436 kB
MemTotal:        1844596 kB
MemFree:          204716 kB
MemAvailable:    1479636 kB
Buffers:           99604 kB
Cached:          1196436 kB
MemTotal:        1844596 kB
MemFree:          203288 kB
MemAvailable:    1478208 kB
Buffers:           99604 kB
Cached:          1196436 kB
MemTotal:        1844596 kB
MemFree:          204744 kB
MemAvailable:    1479664 kB
Buffers:           99604 kB
Cached:          1196436 kB
MemTotal:        1844596 kB
MemFree:          203428 kB
MemAvailable:    1478348 kB
Buffers:           99604 kB
Cached:          1196436 kB
MemTotal:        1844596 kB
MemFree:          204480 kB
MemAvailable:    1479400 kB
Buffers:           99604 kB
Cached:          1196436 kB
MemTotal:        1844596 kB
MemFree:          204544 kB
MemAvailable:    1479464 kB
Buffers:           99604 kB
Cached:          1196436 kB
MemTotal:        1844596 kB
MemFree:          200452 kB
MemAvailable:    1475372 kB
Buffers:           99604 kB
Cached:          1196436 kB
MemTotal:        1844596 kB
MemFree:          197600 kB
MemAvailable:    1472520 kB
Buffers:           99604 kB
Cached:          1196436 kB
MemTotal:        1844596 kB
MemFree:          193988 kB
MemAvailable:    1468908 kB
Buffers:           99604 kB
Cached:          1196436 kB
MemTotal:        1844596 kB
MemFree:          194324 kB
MemAvailable:    1469244 kB
Buffers:           99604 kB
Cached:          1196436 kB
MemTotal:        1844596 kB
MemFree:          193848 kB
MemAvailable:    1468768 kB
Buffers:           99604 kB
Cached:          1196436 kB
MemTotal:        1844596 kB
MemFree:          192996 kB
MemAvailable:    1467916 kB
Buffers:           99604 kB
Cached:          1196436 kB
MemTotal:        1844596 kB
MemFree:          193864 kB
MemAvailable:    1468784 kB
Buffers:           99604 kB
Cached:          1196436 kB
MemTotal:        1844596 kB
MemFree:          192576 kB
MemAvailable:    1467496 kB
Buffers:           99604 kB
Cached:          1196436 kB
MemTotal:        1844596 kB
MemFree:          193872 kB
MemAvailable:    1468792 kB
Buffers:           99604 kB
Cached:          1196436 kB
MemTotal:        1844596 kB
MemFree:          193992 kB
MemAvailable:    1468912 kB
Buffers:           99604 kB
Cached:          1196436 kB
MemTotal:        1844596 kB
MemFree:          194136 kB
MemAvailable:    1469056 kB
Buffers:           99604 kB
Cached:          1196436 kB
MemTotal:        1844596 kB
MemFree:          193892 kB
MemAvailable:    1468812 kB
Buffers:           99604 kB
Cached:          1196436 kB
MemTotal:        1844596 kB
MemFree:          193748 kB
MemAvailable:    1468668 kB
Buffers:           99604 kB
Cached:          1196436 kB
MemTotal:        1844596 kB
MemFree:          194004 kB
MemAvailable:    1468924 kB
Buffers:           99604 kB
Cached:          1196436 kB
MemTotal:        1844596 kB
MemFree:          194012 kB
MemAvailable:    1468932 kB
Buffers:           99604 kB
Cached:          1196436 kB
MemTotal:        1844596 kB
MemFree:          193936 kB
MemAvailable:    1468856 kB
Buffers:           99604 kB
Cached:          1196436 kB
MemTotal:        1844596 kB
MemFree:          192888 kB
MemAvailable:    1467808 kB
Buffers:           99604 kB
Cached:          1196436 kB
MemTotal:        1844596 kB
MemFree:          193012 kB
MemAvailable:    1467932 kB
Buffers:           99604 kB
Cached:          1196436 kB
MemTotal:        1844596 kB
MemFree:          192632 kB
MemAvailable:    1467552 kB
Buffers:           99604 kB
Cached:          1196436 kB
MemTotal:        1844596 kB
MemFree:          193824 kB
MemAvailable:    1468744 kB
Buffers:           99604 kB
Cached:          1196436 kB
MemTotal:        1844596 kB
MemFree:          193268 kB
MemAvailable:    1468188 kB
Buffers:           99604 kB
Cached:          1196436 kB
MemTotal:        1844596 kB
MemFree:          193740 kB
MemAvailable:    1468660 kB
Buffers:           99604 kB
Cached:          1196436 kB
MemTotal:        1844596 kB
MemFree:          193992 kB
MemAvailable:    1468912 kB
Buffers:           99604 kB
Cached:          1196436 kB
MemTotal:        1844596 kB
MemFree:          193868 kB
MemAvailable:    1468788 kB
Buffers:           99604 kB
Cached:          1196436 kB
MemTotal:        1844596 kB
MemFree:          193144 kB
MemAvailable:    1468064 kB
Buffers:           99604 kB
Cached:          1196436 kB
MemTotal:        1844596 kB
MemFree:          193872 kB
MemAvailable:    1468792 kB
Buffers:           99604 kB
Cached:          1196436 kB
MemTotal:        1844596 kB
MemFree:          193764 kB
MemAvailable:    1468684 kB
Buffers:           99604 kB
Cached:          1196436 kB
MemTotal:        1844596 kB
MemFree:          193760 kB
MemAvailable:    1468680 kB
Buffers:           99604 kB
Cached:          1196436 kB
MemTotal:        1844596 kB
MemFree:          193952 kB
MemAvailable:    1468872 kB
Buffers:           99604 kB
Cached:          1196436 kB
MemTotal:        1844596 kB
MemFree:          193792 kB
MemAvailable:    1468712 kB
Buffers:           99604 kB
Cached:          1196436 kB
MemTotal:        1844596 kB
MemFree:          192368 kB
MemAvailable:    1467288 kB
Buffers:           99604 kB
Cached:          1196436 kB
MemTotal:        1844596 kB
MemFree:          192484 kB
MemAvailable:    1467404 kB
Buffers:           99604 kB
Cached:          1196436 kB
MemTotal:        1844596 kB
MemFree:          193940 kB
MemAvailable:    1468860 kB
Buffers:           99604 kB
Cached:          1196436 kB
MemTotal:        1844596 kB
MemFree:          193840 kB
MemAvailable:    1468760 kB
Buffers:           99604 kB
Cached:          1196436 kB
MemTotal:        1844596 kB
MemFree:          193796 kB
MemAvailable:    1468716 kB
Buffers:           99604 kB
Cached:          1196436 kB
MemTotal:        1844596 kB
MemFree:          193964 kB
MemAvailable:    1468884 kB
Buffers:           99604 kB
Cached:          1196436 kB
MemTotal:        1844596 kB
MemFree:          193700 kB
MemAvailable:    1468620 kB
Buffers:           99604 kB
Cached:          1196436 kB
MemTotal:        1844596 kB
MemFree:          193944 kB
MemAvailable:    1468864 kB
Buffers:           99604 kB
Cached:          1196436 kB
MemTotal:        1844596 kB
MemFree:          193936 kB
MemAvailable:    1468856 kB
Buffers:           99604 kB
Cached:          1196436 kB
MemTotal:        1844596 kB
MemFree:          192492 kB
MemAvailable:    1467412 kB
Buffers:           99604 kB
Cached:          1196436 kB
MemTotal:        1844596 kB
MemFree:          192568 kB
MemAvailable:    1467488 kB
Buffers:           99604 kB
Cached:          1196436 kB
MemTotal:        1844596 kB
MemFree:          192568 kB
MemAvailable:    1467488 kB
Buffers:           99604 kB
Cached:          1196436 kB
MemTotal:        1844596 kB
MemFree:          192592 kB
MemAvailable:    1467520 kB
Buffers:           99604 kB
Cached:          1196444 kB
MemTotal:        1844596 kB
MemFree:          192584 kB
MemAvailable:    1467512 kB
Buffers:           99604 kB
Cached:          1196444 kB
MemTotal:        1844596 kB
MemFree:          192460 kB
MemAvailable:    1467388 kB
Buffers:           99604 kB
Cached:          1196444 kB
MemTotal:        1844596 kB
MemFree:          193636 kB
MemAvailable:    1468564 kB
Buffers:           99604 kB
Cached:          1196444 kB
MemTotal:        1844596 kB
MemFree:          193796 kB
MemAvailable:    1468724 kB
Buffers:           99604 kB
Cached:          1196444 kB
MemTotal:        1844596 kB
MemFree:          192620 kB
MemAvailable:    1467548 kB
Buffers:           99604 kB
Cached:          1196444 kB
MemTotal:        1844596 kB
MemFree:          193616 kB
MemAvailable:    1468544 kB
Buffers:           99604 kB
Cached:          1196444 kB
MemTotal:        1844596 kB
MemFree:          193616 kB
MemAvailable:    1468544 kB
Buffers:           99604 kB
Cached:          1196444 kB
MemTotal:        1844596 kB
MemFree:          191764 kB
MemAvailable:    1466692 kB
Buffers:           99604 kB
Cached:          1196444 kB
MemTotal:        1844596 kB
MemFree:          191764 kB
MemAvailable:    1466692 kB
Buffers:           99604 kB
Cached:          1196444 kB
MemTotal:        1844596 kB
MemFree:          192020 kB
MemAvailable:    1466948 kB
Buffers:           99604 kB
Cached:          1196444 kB
MemTotal:        1844596 kB
MemFree:          192020 kB
MemAvailable:    1466948 kB
Buffers:           99604 kB
Cached:          1196444 kB
MemTotal:        1844596 kB
MemFree:          192816 kB
MemAvailable:    1467744 kB
Buffers:           99604 kB
Cached:          1196444 kB
MemTotal:        1844596 kB
MemFree:          191516 kB
MemAvailable:    1466444 kB
Buffers:           99604 kB
Cached:          1196444 kB
MemTotal:        1844596 kB
MemFree:          192520 kB
MemAvailable:    1467448 kB
Buffers:           99604 kB
Cached:          1196444 kB
MemTotal:        1844596 kB
MemFree:          192448 kB
MemAvailable:    1467376 kB
Buffers:           99604 kB
Cached:          1196444 kB
MemTotal:        1844596 kB
MemFree:          192152 kB
MemAvailable:    1467080 kB
Buffers:           99604 kB
Cached:          1196444 kB
MemTotal:        1844596 kB
MemFree:          192468 kB
MemAvailable:    1467396 kB
Buffers:           99604 kB
Cached:          1196444 kB
MemTotal:        1844596 kB
MemFree:          191264 kB
MemAvailable:    1466192 kB
Buffers:           99604 kB
Cached:          1196444 kB
MemTotal:        1844596 kB
MemFree:          192504 kB
MemAvailable:    1467432 kB
Buffers:           99604 kB
Cached:          1196444 kB
MemTotal:        1844596 kB
MemFree:          192496 kB
MemAvailable:    1467424 kB
Buffers:           99604 kB
Cached:          1196444 kB
MemTotal:        1844596 kB
MemFree:          192416 kB
MemAvailable:    1467344 kB
Buffers:           99604 kB
Cached:          1196444 kB
MemTotal:        1844596 kB
MemFree:          192364 kB
MemAvailable:    1467292 kB
Buffers:           99604 kB
Cached:          1196444 kB
MemTotal:        1844596 kB
MemFree:          190960 kB
MemAvailable:    1465888 kB
Buffers:           99604 kB
Cached:          1196444 kB
MemTotal:        1844596 kB
MemFree:          192508 kB
MemAvailable:    1467436 kB
Buffers:           99604 kB
Cached:          1196444 kB
MemTotal:        1844596 kB
MemFree:          192508 kB
MemAvailable:    1467436 kB
Buffers:           99604 kB
Cached:          1196444 kB
MemTotal:        1844596 kB
MemFree:          190992 kB
MemAvailable:    1465920 kB
Buffers:           99604 kB
Cached:          1196444 kB
MemTotal:        1844596 kB
MemFree:          190516 kB
MemAvailable:    1465444 kB
Buffers:           99604 kB
Cached:          1196444 kB
MemTotal:        1844596 kB
MemFree:          190852 kB
MemAvailable:    1465780 kB
Buffers:           99604 kB
Cached:          1196444 kB
MemTotal:        1844596 kB
MemFree:          190976 kB
MemAvailable:    1465904 kB
Buffers:           99604 kB
Cached:          1196444 kB
MemTotal:        1844596 kB
MemFree:          190976 kB
MemAvailable:    1465904 kB
Buffers:           99604 kB
Cached:          1196444 kB
MemTotal:        1844596 kB
MemFree:          189540 kB
MemAvailable:    1464468 kB
Buffers:           99604 kB
Cached:          1196444 kB
MemTotal:        1844596 kB
MemFree:          185820 kB
MemAvailable:    1460748 kB
Buffers:           99604 kB
Cached:          1196444 kB
MemTotal:        1844596 kB
MemFree:          182472 kB
MemAvailable:    1457400 kB
Buffers:           99604 kB
Cached:          1196444 kB
MemTotal:        1844596 kB
MemFree:          181216 kB
MemAvailable:    1456144 kB
Buffers:           99604 kB
Cached:          1196444 kB
MemTotal:        1844596 kB
MemFree:          181232 kB
MemAvailable:    1456160 kB
Buffers:           99604 kB
Cached:          1196444 kB
MemTotal:        1844596 kB
MemFree:          180912 kB
MemAvailable:    1455840 kB
Buffers:           99604 kB
Cached:          1196444 kB
MemTotal:        1844596 kB
MemFree:          179348 kB
MemAvailable:    1454276 kB
Buffers:           99604 kB
Cached:          1196444 kB
MemTotal:        1844596 kB
MemFree:          180596 kB
MemAvailable:    1455524 kB
Buffers:           99604 kB
Cached:          1196444 kB
MemTotal:        1844596 kB
MemFree:          179124 kB
MemAvailable:    1454052 kB
Buffers:           99604 kB
Cached:          1196444 kB
MemTotal:        1844596 kB
MemFree:          178992 kB
MemAvailable:    1453920 kB
Buffers:           99604 kB
Cached:          1196444 kB
MemTotal:        1844596 kB
MemFree:          177760 kB
MemAvailable:    1452688 kB
Buffers:           99604 kB
Cached:          1196444 kB
MemTotal:        1844596 kB
MemFree:          178980 kB
MemAvailable:    1453908 kB
Buffers:           99604 kB
Cached:          1196444 kB
MemTotal:        1844596 kB
MemFree:          177264 kB
MemAvailable:    1452192 kB
Buffers:           99604 kB
Cached:          1196444 kB
MemTotal:        1844596 kB
MemFree:          177248 kB
MemAvailable:    1452180 kB
Buffers:           99604 kB
Cached:          1196448 kB
MemTotal:        1844596 kB
MemFree:          177140 kB
MemAvailable:    1452072 kB
Buffers:           99604 kB
Cached:          1196448 kB
MemTotal:        1844596 kB
MemFree:          176988 kB
MemAvailable:    1451920 kB
Buffers:           99604 kB
Cached:          1196448 kB
MemTotal:        1844596 kB
MemFree:          176892 kB
MemAvailable:    1451824 kB
Buffers:           99604 kB
Cached:          1196448 kB
MemTotal:        1844596 kB
MemFree:          177128 kB
MemAvailable:    1452060 kB
Buffers:           99604 kB
Cached:          1196448 kB
MemTotal:        1844596 kB
MemFree:          177016 kB
MemAvailable:    1451948 kB
Buffers:           99604 kB
Cached:          1196448 kB
MemTotal:        1844596 kB
MemFree:          176280 kB
MemAvailable:    1451212 kB
Buffers:           99604 kB
Cached:          1196448 kB
MemTotal:        1844596 kB
MemFree:          176876 kB
MemAvailable:    1451808 kB
Buffers:           99604 kB
Cached:          1196448 kB
MemTotal:        1844596 kB
MemFree:          177212 kB
MemAvailable:    1452144 kB
Buffers:           99604 kB
Cached:          1196448 kB
MemTotal:        1844596 kB
MemFree:          177088 kB
MemAvailable:    1452020 kB
Buffers:           99604 kB
Cached:          1196448 kB
MemTotal:        1844596 kB
MemFree:          177256 kB
MemAvailable:    1452188 kB
Buffers:           99604 kB
Cached:          1196448 kB
MemTotal:        1844596 kB
MemFree:          175728 kB
MemAvailable:    1450660 kB
Buffers:           99604 kB
Cached:          1196448 kB
MemTotal:        1844596 kB
MemFree:          176968 kB
MemAvailable:    1451900 kB
Buffers:           99604 kB
Cached:          1196448 kB
MemTotal:        1844596 kB
MemFree:          176280 kB
MemAvailable:    1451212 kB
Buffers:           99604 kB
Cached:          1196448 kB
MemTotal:        1844596 kB
MemFree:          176836 kB
MemAvailable:    1451772 kB
Buffers:           99604 kB
Cached:          1196452 kB
MemTotal:        1844596 kB
MemFree:          177088 kB
MemAvailable:    1452024 kB
Buffers:           99604 kB
Cached:          1196452 kB
MemTotal:        1844596 kB
MemFree:          176388 kB
MemAvailable:    1451324 kB
Buffers:           99604 kB
Cached:          1196452 kB
MemTotal:        1844596 kB
MemFree:          176388 kB
MemAvailable:    1451324 kB
Buffers:           99604 kB
Cached:          1196452 kB
MemTotal:        1844596 kB
MemFree:          175156 kB
MemAvailable:    1450092 kB
Buffers:           99604 kB
Cached:          1196452 kB
MemTotal:        1844596 kB
MemFree:          173908 kB
MemAvailable:    1448844 kB
Buffers:           99604 kB
Cached:          1196452 kB
MemTotal:        1844596 kB
MemFree:          173780 kB
MemAvailable:    1448716 kB
Buffers:           99604 kB
Cached:          1196452 kB
MemTotal:        1844596 kB
MemFree:          175136 kB
MemAvailable:    1450072 kB
Buffers:           99604 kB
Cached:          1196452 kB
MemTotal:        1844596 kB
MemFree:          174412 kB
MemAvailable:    1449348 kB
Buffers:           99604 kB
Cached:          1196452 kB
MemTotal:        1844596 kB
MemFree:          174340 kB
MemAvailable:    1449276 kB
Buffers:           99604 kB
Cached:          1196452 kB
MemTotal:        1844596 kB
MemFree:          172428 kB
MemAvailable:    1447364 kB
Buffers:           99604 kB
Cached:          1196452 kB
MemTotal:        1844596 kB
MemFree:          172800 kB
MemAvailable:    1447736 kB
Buffers:           99604 kB
Cached:          1196452 kB
MemTotal:        1844596 kB
MemFree:          173488 kB
MemAvailable:    1448424 kB
Buffers:           99604 kB
Cached:          1196452 kB
MemTotal:        1844596 kB
MemFree:          172924 kB
MemAvailable:    1447860 kB
Buffers:           99604 kB
Cached:          1196452 kB
MemTotal:        1844596 kB
MemFree:          173348 kB
MemAvailable:    1448288 kB
Buffers:           99604 kB
Cached:          1196456 kB
MemTotal:        1844596 kB
MemFree:          172180 kB
MemAvailable:    1447120 kB
Buffers:           99604 kB
Cached:          1196456 kB
MemTotal:        1844596 kB
MemFree:          172056 kB
MemAvailable:    1446996 kB
Buffers:           99604 kB
Cached:          1196456 kB
MemTotal:        1844596 kB
MemFree:          173100 kB
MemAvailable:    1448040 kB
Buffers:           99604 kB
Cached:          1196456 kB
MemTotal:        1844596 kB
MemFree:          171792 kB
MemAvailable:    1446732 kB
Buffers:           99604 kB
Cached:          1196456 kB
MemTotal:        1844596 kB
MemFree:          172852 kB
MemAvailable:    1447792 kB
Buffers:           99604 kB
Cached:          1196456 kB
MemTotal:        1844596 kB
MemFree:          172304 kB
MemAvailable:    1447244 kB
Buffers:           99604 kB
Cached:          1196456 kB
MemTotal:        1844596 kB
MemFree:          172796 kB
MemAvailable:    1447736 kB
Buffers:           99604 kB
Cached:          1196456 kB
MemTotal:        1844596 kB
MemFree:          172928 kB
MemAvailable:    1447868 kB
Buffers:           99604 kB
Cached:          1196456 kB
MemTotal:        1844596 kB
MemFree:          172728 kB
MemAvailable:    1447668 kB
Buffers:           99604 kB
Cached:          1196456 kB
MemTotal:        1844596 kB
MemFree:          172056 kB
MemAvailable:    1446996 kB
Buffers:           99604 kB
Cached:          1196456 kB
MemTotal:        1844596 kB
MemFree:          172716 kB
MemAvailable:    1447656 kB
Buffers:           99604 kB
Cached:          1196456 kB
MemTotal:        1844596 kB
MemFree:          172652 kB
MemAvailable:    1447592 kB
Buffers:           99604 kB
Cached:          1196456 kB
MemTotal:        1844596 kB
MemFree:          172904 kB
MemAvailable:    1447844 kB
Buffers:           99604 kB
Cached:          1196456 kB
MemTotal:        1844596 kB
MemFree:          172544 kB
MemAvailable:    1447484 kB
Buffers:           99604 kB
Cached:          1196456 kB
MemTotal:        1844596 kB
MemFree:          171428 kB
MemAvailable:    1446368 kB
Buffers:           99604 kB
Cached:          1196456 kB
MemTotal:        1844596 kB
MemFree:          172728 kB
MemAvailable:    1447668 kB
Buffers:           99604 kB
Cached:          1196456 kB
MemTotal:        1844596 kB
MemFree:          172608 kB
MemAvailable:    1447548 kB
Buffers:           99604 kB
Cached:          1196456 kB
MemTotal:        1844596 kB
MemFree:          172608 kB
MemAvailable:    1447548 kB
Buffers:           99604 kB
Cached:          1196456 kB
MemTotal:        1844596 kB
MemFree:          171548 kB
MemAvailable:    1446488 kB
Buffers:           99604 kB
Cached:          1196456 kB
MemTotal:        1844596 kB
MemFree:          171548 kB
MemAvailable:    1446488 kB
Buffers:           99604 kB
Cached:          1196456 kB
MemTotal:        1844596 kB
MemFree:          171548 kB
MemAvailable:    1446488 kB
Buffers:           99604 kB
Cached:          1196456 kB
MemTotal:        1844596 kB
MemFree:          171500 kB
MemAvailable:    1446440 kB
Buffers:           99604 kB
Cached:          1196456 kB
MemTotal:        1844596 kB
MemFree:          172712 kB
MemAvailable:    1447652 kB
Buffers:           99604 kB
Cached:          1196456 kB
MemTotal:        1844596 kB
MemFree:          172664 kB
MemAvailable:    1447604 kB
Buffers:           99604 kB
Cached:          1196456 kB
MemTotal:        1844596 kB
MemFree:          170444 kB
MemAvailable:    1445384 kB
Buffers:           99604 kB
Cached:          1196456 kB
MemTotal:        1844596 kB
MemFree:          171428 kB
MemAvailable:    1446368 kB
Buffers:           99604 kB
Cached:          1196456 kB
MemTotal:        1844596 kB
MemFree:          170056 kB
MemAvailable:    1444996 kB
Buffers:           99604 kB
Cached:          1196456 kB
MemTotal:        1844596 kB
MemFree:          171100 kB
MemAvailable:    1446040 kB
Buffers:           99604 kB
Cached:          1196456 kB
MemTotal:        1844596 kB
MemFree:          168948 kB
MemAvailable:    1443888 kB
Buffers:           99604 kB
Cached:          1196456 kB
MemTotal:        1844596 kB
MemFree:          167344 kB
MemAvailable:    1442284 kB
Buffers:           99604 kB
Cached:          1196456 kB
MemTotal:        1844596 kB
MemFree:          164924 kB
MemAvailable:    1439864 kB
Buffers:           99604 kB
Cached:          1196456 kB
MemTotal:        1844596 kB
MemFree:          162632 kB
MemAvailable:    1437572 kB
Buffers:           99604 kB
Cached:          1196456 kB
MemTotal:        1844596 kB
MemFree:          160132 kB
MemAvailable:    1435072 kB
Buffers:           99604 kB
Cached:          1196456 kB
MemTotal:        1844596 kB
MemFree:          156120 kB
MemAvailable:    1431060 kB
Buffers:           99604 kB
Cached:          1196456 kB
MemTotal:        1844596 kB
MemFree:          152944 kB
MemAvailable:    1427884 kB
Buffers:           99604 kB
Cached:          1196456 kB
MemTotal:        1844596 kB
MemFree:          153084 kB
MemAvailable:    1428024 kB
Buffers:           99604 kB
Cached:          1196456 kB
MemTotal:        1844596 kB
MemFree:          152952 kB
MemAvailable:    1427892 kB
Buffers:           99604 kB
Cached:          1196456 kB
MemTotal:        1844596 kB
MemFree:          153028 kB
MemAvailable:    1427968 kB
Buffers:           99604 kB
Cached:          1196456 kB
MemTotal:        1844596 kB
MemFree:          154080 kB
MemAvailable:    1429020 kB
Buffers:           99604 kB
Cached:          1196456 kB
MemTotal:        1844596 kB
MemFree:          152904 kB
MemAvailable:    1427844 kB
Buffers:           99604 kB
Cached:          1196456 kB
MemTotal:        1844596 kB
MemFree:          152648 kB
MemAvailable:    1427588 kB
Buffers:           99604 kB
Cached:          1196456 kB
MemTotal:        1844596 kB
MemFree:          153924 kB
MemAvailable:    1428864 kB
Buffers:           99604 kB
Cached:          1196456 kB
MemTotal:        1844596 kB
MemFree:          153340 kB
MemAvailable:    1428280 kB
Buffers:           99604 kB
Cached:          1196456 kB
MemTotal:        1844596 kB
MemFree:          153904 kB
MemAvailable:    1428844 kB
Buffers:           99604 kB
Cached:          1196456 kB
MemTotal:        1844596 kB
MemFree:          153340 kB
MemAvailable:    1428280 kB
Buffers:           99604 kB
Cached:          1196456 kB
MemTotal:        1844596 kB
MemFree:          153084 kB
MemAvailable:    1428024 kB
Buffers:           99604 kB
Cached:          1196456 kB
MemTotal:        1844596 kB
MemFree:          152836 kB
MemAvailable:    1427776 kB
Buffers:           99604 kB
Cached:          1196456 kB
MemTotal:        1844596 kB
MemFree:          153316 kB
MemAvailable:    1428256 kB
Buffers:           99604 kB
Cached:          1196456 kB
MemTotal:        1844596 kB
MemFree:          152712 kB
MemAvailable:    1427652 kB
Buffers:           99604 kB
Cached:          1196456 kB
MemTotal:        1844596 kB
MemFree:          151788 kB
MemAvailable:    1426728 kB
Buffers:           99604 kB
Cached:          1196456 kB
MemTotal:        1844596 kB
MemFree:          153248 kB
MemAvailable:    1428188 kB
Buffers:           99604 kB
Cached:          1196456 kB
MemTotal:        1844596 kB
MemFree:          153312 kB
MemAvailable:    1428252 kB
Buffers:           99604 kB
Cached:          1196456 kB
MemTotal:        1844596 kB
MemFree:          153076 kB
MemAvailable:    1428016 kB
Buffers:           99604 kB
Cached:          1196456 kB
MemTotal:        1844596 kB
MemFree:          152968 kB
MemAvailable:    1427908 kB
Buffers:           99604 kB
Cached:          1196456 kB
MemTotal:        1844596 kB
MemFree:          151836 kB
MemAvailable:    1426776 kB
Buffers:           99604 kB
Cached:          1196456 kB
MemTotal:        1844596 kB
MemFree:          151920 kB
MemAvailable:    1426860 kB
Buffers:           99604 kB
Cached:          1196456 kB
MemTotal:        1844596 kB
MemFree:          153160 kB
MemAvailable:    1428100 kB
Buffers:           99604 kB
Cached:          1196456 kB
MemTotal:        1844596 kB
MemFree:          151956 kB
MemAvailable:    1426896 kB
Buffers:           99604 kB
Cached:          1196456 kB
MemTotal:        1844596 kB
MemFree:          153188 kB
MemAvailable:    1428128 kB
Buffers:           99604 kB
Cached:          1196456 kB
MemTotal:        1844596 kB
MemFree:          153024 kB
MemAvailable:    1427964 kB
Buffers:           99604 kB
Cached:          1196456 kB
MemTotal:        1844596 kB
MemFree:          151944 kB
MemAvailable:    1426884 kB
Buffers:           99604 kB
Cached:          1196456 kB
MemTotal:        1844596 kB
MemFree:          151812 kB
MemAvailable:    1426752 kB
Buffers:           99604 kB
Cached:          1196456 kB
MemTotal:        1844596 kB
MemFree:          153060 kB
MemAvailable:    1428000 kB
Buffers:           99604 kB
Cached:          1196456 kB
MemTotal:        1844596 kB
MemFree:          153132 kB
MemAvailable:    1428072 kB
Buffers:           99604 kB
Cached:          1196456 kB
MemTotal:        1844596 kB
MemFree:          153300 kB
MemAvailable:    1428240 kB
Buffers:           99604 kB
Cached:          1196456 kB
MemTotal:        1844596 kB
MemFree:          153088 kB
MemAvailable:    1428028 kB
Buffers:           99604 kB
Cached:          1196456 kB
MemTotal:        1844596 kB
MemFree:          152692 kB
MemAvailable:    1427632 kB
Buffers:           99604 kB
Cached:          1196456 kB
MemTotal:        1844596 kB
MemFree:          150364 kB
MemAvailable:    1425304 kB
Buffers:           99604 kB
Cached:          1196456 kB
MemTotal:        1844596 kB
MemFree:          144884 kB
MemAvailable:    1419824 kB
Buffers:           99604 kB
Cached:          1196456 kB
MemTotal:        1844596 kB
MemFree:          144032 kB
MemAvailable:    1418972 kB
Buffers:           99604 kB
Cached:          1196456 kB
MemTotal:        1844596 kB
MemFree:          140684 kB
MemAvailable:    1415624 kB
Buffers:           99604 kB
Cached:          1196456 kB
MemTotal:        1844596 kB
MemFree:          137212 kB
MemAvailable:    1412152 kB
Buffers:           99604 kB
Cached:          1196456 kB
MemTotal:        1844596 kB
MemFree:          135344 kB
MemAvailable:    1410292 kB
Buffers:           99604 kB
Cached:          1196464 kB
MemTotal:        1844596 kB
MemFree:          133732 kB
MemAvailable:    1408680 kB
Buffers:           99604 kB
Cached:          1196464 kB
MemTotal:        1844596 kB
MemFree:          135032 kB
MemAvailable:    1409980 kB
Buffers:           99604 kB
Cached:          1196464 kB
MemTotal:        1844596 kB
MemFree:          133872 kB
MemAvailable:    1408820 kB
Buffers:           99604 kB
Cached:          1196464 kB
MemTotal:        1844596 kB
MemFree:          134840 kB
MemAvailable:    1409788 kB
Buffers:           99604 kB
Cached:          1196464 kB
MemTotal:        1844596 kB
MemFree:          134732 kB
MemAvailable:    1409680 kB
Buffers:           99604 kB
Cached:          1196464 kB
MemTotal:        1844596 kB
MemFree:          133808 kB
MemAvailable:    1408756 kB
Buffers:           99604 kB
Cached:          1196464 kB
MemTotal:        1844596 kB
MemFree:          133808 kB
MemAvailable:    1408756 kB
Buffers:           99604 kB
Cached:          1196464 kB
MemTotal:        1844596 kB
MemFree:          133808 kB
MemAvailable:    1408756 kB
Buffers:           99604 kB
Cached:          1196464 kB
MemTotal:        1844596 kB
MemFree:          133560 kB
MemAvailable:    1408508 kB
Buffers:           99604 kB
Cached:          1196464 kB
MemTotal:        1844596 kB
MemFree:          134792 kB
MemAvailable:    1409740 kB
Buffers:           99604 kB
Cached:          1196464 kB
MemTotal:        1844596 kB
MemFree:          134792 kB
MemAvailable:    1409740 kB
Buffers:           99604 kB
Cached:          1196464 kB
MemTotal:        1844596 kB
MemFree:          133608 kB
MemAvailable:    1408556 kB
Buffers:           99604 kB
Cached:          1196464 kB
MemTotal:        1844596 kB
MemFree:          133692 kB
MemAvailable:    1408640 kB
Buffers:           99604 kB
Cached:          1196464 kB
MemTotal:        1844596 kB
MemFree:          134928 kB
MemAvailable:    1409876 kB
Buffers:           99604 kB
Cached:          1196464 kB
MemTotal:        1844596 kB
MemFree:          133988 kB
MemAvailable:    1408936 kB
Buffers:           99604 kB
Cached:          1196464 kB
MemTotal:        1844596 kB
MemFree:          134592 kB
MemAvailable:    1409540 kB
Buffers:           99604 kB
Cached:          1196464 kB
MemTotal:        1844596 kB
MemFree:          134156 kB
MemAvailable:    1409104 kB
Buffers:           99604 kB
Cached:          1196464 kB
MemTotal:        1844596 kB
MemFree:          134716 kB
MemAvailable:    1409664 kB
Buffers:           99604 kB
Cached:          1196464 kB
MemTotal:        1844596 kB
MemFree:          134732 kB
MemAvailable:    1409680 kB
Buffers:           99604 kB
Cached:          1196464 kB
MemTotal:        1844596 kB
MemFree:          134728 kB
MemAvailable:    1409676 kB
Buffers:           99604 kB
Cached:          1196464 kB
MemTotal:        1844596 kB
MemFree:          134836 kB
MemAvailable:    1409784 kB
Buffers:           99604 kB
Cached:          1196464 kB
MemTotal:        1844596 kB
MemFree:          134864 kB
MemAvailable:    1409812 kB
Buffers:           99604 kB
Cached:          1196464 kB
MemTotal:        1844596 kB
MemFree:          134808 kB
MemAvailable:    1409756 kB
Buffers:           99604 kB
Cached:          1196464 kB
MemTotal:        1844596 kB
MemFree:          133548 kB
MemAvailable:    1408496 kB
Buffers:           99604 kB
Cached:          1196464 kB
MemTotal:        1844596 kB
MemFree:          133600 kB
MemAvailable:    1408548 kB
Buffers:           99604 kB
Cached:          1196464 kB
MemTotal:        1844596 kB
MemFree:          134840 kB
MemAvailable:    1409788 kB
Buffers:           99604 kB
Cached:          1196464 kB
MemTotal:        1844596 kB
MemFree:          135052 kB
MemAvailable:    1410000 kB
Buffers:           99604 kB
Cached:          1196464 kB
MemTotal:        1844596 kB
MemFree:          133560 kB
MemAvailable:    1408508 kB
Buffers:           99604 kB
Cached:          1196464 kB
MemTotal:        1844596 kB
MemFree:          135136 kB
MemAvailable:    1410084 kB
Buffers:           99604 kB
Cached:          1196464 kB
MemTotal:        1844596 kB
MemFree:          134788 kB
MemAvailable:    1409736 kB
Buffers:           99604 kB
Cached:          1196464 kB
MemTotal:        1844596 kB
MemFree:          134608 kB
MemAvailable:    1409556 kB
Buffers:           99604 kB
Cached:          1196464 kB
MemTotal:        1844596 kB
MemFree:          133436 kB
MemAvailable:    1408384 kB
Buffers:           99604 kB
Cached:          1196464 kB
MemTotal:        1844596 kB
MemFree:          134836 kB
MemAvailable:    1409784 kB
Buffers:           99604 kB
Cached:          1196464 kB
MemTotal:        1844596 kB
MemFree:          135088 kB
MemAvailable:    1410036 kB
Buffers:           99604 kB
Cached:          1196464 kB
MemTotal:        1844596 kB
MemFree:          133568 kB
MemAvailable:    1408516 kB
Buffers:           99604 kB
Cached:          1196464 kB
MemTotal:        1844596 kB
MemFree:          131872 kB
MemAvailable:    1406820 kB
Buffers:           99604 kB
Cached:          1196464 kB
MemTotal:        1844596 kB
MemFree:          131392 kB
MemAvailable:    1406340 kB
Buffers:           99604 kB
Cached:          1196464 kB
MemTotal:        1844596 kB
MemFree:          126548 kB
MemAvailable:    1401496 kB
Buffers:           99604 kB
Cached:          1196464 kB
MemTotal:        1844596 kB
MemFree:          122208 kB
MemAvailable:    1397156 kB
Buffers:           99604 kB
Cached:          1196464 kB
MemTotal:        1844596 kB
MemFree:          117612 kB
MemAvailable:    1392560 kB
Buffers:           99604 kB
Cached:          1196464 kB
MemTotal:        1844596 kB
MemFree:          117132 kB
MemAvailable:    1392080 kB
Buffers:           99604 kB
Cached:          1196464 kB
MemTotal:        1844596 kB
MemFree:          117448 kB
MemAvailable:    1392396 kB
Buffers:           99604 kB
Cached:          1196464 kB
MemTotal:        1844596 kB
MemFree:          117420 kB
MemAvailable:    1392368 kB
Buffers:           99604 kB
Cached:          1196464 kB
MemTotal:        1844596 kB
MemFree:          116196 kB
MemAvailable:    1391144 kB
Buffers:           99604 kB
Cached:          1196464 kB
MemTotal:        1844596 kB
MemFree:          116744 kB
MemAvailable:    1391692 kB
Buffers:           99604 kB
Cached:          1196464 kB
MemTotal:        1844596 kB
MemFree:          116744 kB
MemAvailable:    1391692 kB
Buffers:           99604 kB
Cached:          1196464 kB
MemTotal:        1844596 kB
MemFree:          115208 kB
MemAvailable:    1390156 kB
Buffers:           99604 kB
Cached:          1196464 kB
MemTotal:        1844596 kB
MemFree:          115464 kB
MemAvailable:    1390412 kB
Buffers:           99604 kB
Cached:          1196464 kB
MemTotal:        1844596 kB
MemFree:          116516 kB
MemAvailable:    1391464 kB
Buffers:           99604 kB
Cached:          1196464 kB
MemTotal:        1844596 kB
MemFree:          116384 kB
MemAvailable:    1391332 kB
Buffers:           99604 kB
Cached:          1196464 kB
MemTotal:        1844596 kB
MemFree:          115024 kB
MemAvailable:    1389972 kB
Buffers:           99604 kB
Cached:          1196464 kB
MemTotal:        1844596 kB
MemFree:          115876 kB
MemAvailable:    1390824 kB
Buffers:           99604 kB
Cached:          1196464 kB
MemTotal:        1844596 kB
MemFree:          116212 kB
MemAvailable:    1391160 kB
Buffers:           99604 kB
Cached:          1196464 kB
MemTotal:        1844596 kB
MemFree:          115936 kB
MemAvailable:    1390884 kB
Buffers:           99604 kB
Cached:          1196464 kB
MemTotal:        1844596 kB
MemFree:          114396 kB
MemAvailable:    1389344 kB
Buffers:           99604 kB
Cached:          1196464 kB
MemTotal:        1844596 kB
MemFree:          114024 kB
MemAvailable:    1388972 kB
Buffers:           99604 kB
Cached:          1196464 kB
MemTotal:        1844596 kB
MemFree:          114256 kB
MemAvailable:    1389204 kB
Buffers:           99604 kB
Cached:          1196464 kB
MemTotal:        1844596 kB
MemFree:          113776 kB
MemAvailable:    1388724 kB
Buffers:           99604 kB
Cached:          1196464 kB
MemTotal:        1844596 kB
MemFree:          112852 kB
MemAvailable:    1387800 kB
Buffers:           99604 kB
Cached:          1196464 kB
MemTotal:        1844596 kB
MemFree:          112776 kB
MemAvailable:    1387724 kB
Buffers:           99604 kB
Cached:          1196464 kB
MemTotal:        1844596 kB
MemFree:          112288 kB
MemAvailable:    1387236 kB
Buffers:           99604 kB
Cached:          1196464 kB
MemTotal:        1844596 kB
MemFree:          112412 kB
MemAvailable:    1387360 kB
Buffers:           99604 kB
Cached:          1196464 kB
MemTotal:        1844596 kB
MemFree:          110676 kB
MemAvailable:    1385624 kB
Buffers:           99604 kB
Cached:          1196464 kB
MemTotal:        1844596 kB
MemFree:          110288 kB
MemAvailable:    1385236 kB
Buffers:           99604 kB
Cached:          1196464 kB
MemTotal:        1844596 kB
MemFree:          110124 kB
MemAvailable:    1385072 kB
Buffers:           99604 kB
Cached:          1196464 kB
MemTotal:        1844596 kB
MemFree:          110232 kB
MemAvailable:    1385180 kB
Buffers:           99604 kB
Cached:          1196464 kB
MemTotal:        1844596 kB
MemFree:          110312 kB
MemAvailable:    1385260 kB
Buffers:           99604 kB
Cached:          1196464 kB
MemTotal:        1844596 kB
MemFree:          109056 kB
MemAvailable:    1384004 kB
Buffers:           99604 kB
Cached:          1196464 kB
MemTotal:        1844596 kB
MemFree:          109056 kB
MemAvailable:    1384004 kB
Buffers:           99604 kB
Cached:          1196464 kB
MemTotal:        1844596 kB
MemFree:          110484 kB
MemAvailable:    1385440 kB
Buffers:           99604 kB
Cached:          1196472 kB
MemTotal:        1844596 kB
MemFree:          109008 kB
MemAvailable:    1383964 kB
Buffers:           99604 kB
Cached:          1196472 kB
MemTotal:        1844596 kB
MemFree:          109868 kB
MemAvailable:    1384824 kB
Buffers:           99604 kB
Cached:          1196472 kB
MemTotal:        1844596 kB
MemFree:          109000 kB
MemAvailable:    1383956 kB
Buffers:           99604 kB
Cached:          1196472 kB
MemTotal:        1844596 kB
MemFree:          107576 kB
MemAvailable:    1382532 kB
Buffers:           99604 kB
Cached:          1196472 kB
MemTotal:        1844596 kB
MemFree:          108428 kB
MemAvailable:    1383384 kB
Buffers:           99604 kB
Cached:          1196472 kB
MemTotal:        1844596 kB
MemFree:          108116 kB
MemAvailable:    1383072 kB
Buffers:           99604 kB
Cached:          1196472 kB
MemTotal:        1844596 kB
MemFree:          108596 kB
MemAvailable:    1383552 kB
Buffers:           99604 kB
Cached:          1196472 kB
MemTotal:        1844596 kB
MemFree:          108768 kB
MemAvailable:    1383724 kB
Buffers:           99604 kB
Cached:          1196472 kB
MemTotal:        1844596 kB
MemFree:          107452 kB
MemAvailable:    1382408 kB
Buffers:           99604 kB
Cached:          1196472 kB
MemTotal:        1844596 kB
MemFree:          108796 kB
MemAvailable:    1383752 kB
Buffers:           99604 kB
Cached:          1196472 kB
MemTotal:        1844596 kB
MemFree:          108712 kB
MemAvailable:    1383668 kB
Buffers:           99604 kB
Cached:          1196472 kB
MemTotal:        1844596 kB
MemFree:          108644 kB
MemAvailable:    1383600 kB
Buffers:           99604 kB
Cached:          1196472 kB
MemTotal:        1844596 kB
MemFree:          108900 kB
MemAvailable:    1383856 kB
Buffers:           99604 kB
Cached:          1196472 kB
MemTotal:        1844596 kB
MemFree:          107404 kB
MemAvailable:    1382360 kB
Buffers:           99604 kB
Cached:          1196472 kB
MemTotal:        1844596 kB
MemFree:          108644 kB
MemAvailable:    1383600 kB
Buffers:           99604 kB
Cached:          1196472 kB
MemTotal:        1844596 kB
MemFree:          108072 kB
MemAvailable:    1383028 kB
Buffers:           99604 kB
Cached:          1196472 kB
MemTotal:        1844596 kB
MemFree:          108416 kB
MemAvailable:    1383372 kB
Buffers:           99604 kB
Cached:          1196472 kB
MemTotal:        1844596 kB
MemFree:          108752 kB
MemAvailable:    1383708 kB
Buffers:           99604 kB
Cached:          1196472 kB
MemTotal:        1844596 kB
MemFree:          108604 kB
MemAvailable:    1383560 kB
Buffers:           99604 kB
Cached:          1196472 kB
MemTotal:        1844596 kB
MemFree:          108824 kB
MemAvailable:    1383780 kB
Buffers:           99604 kB
Cached:          1196472 kB
MemTotal:        1844596 kB
MemFree:          108744 kB
MemAvailable:    1383700 kB
Buffers:           99608 kB
Cached:          1196468 kB
MemTotal:        1844596 kB
MemFree:          108560 kB
MemAvailable:    1383516 kB
Buffers:           99608 kB
Cached:          1196468 kB
MemTotal:        1844596 kB
MemFree:          108896 kB
MemAvailable:    1383852 kB
Buffers:           99608 kB
Cached:          1196468 kB
MemTotal:        1844596 kB
MemFree:          108580 kB
MemAvailable:    1383536 kB
Buffers:           99608 kB
Cached:          1196468 kB
MemTotal:        1844596 kB
MemFree:          108700 kB
MemAvailable:    1383656 kB
Buffers:           99608 kB
Cached:          1196468 kB
MemTotal:        1844596 kB
MemFree:          107816 kB
MemAvailable:    1382772 kB
Buffers:           99608 kB
Cached:          1196468 kB
MemTotal:        1844596 kB
MemFree:          107700 kB
MemAvailable:    1382664 kB
Buffers:           99608 kB
Cached:          1196476 kB
MemTotal:        1844596 kB
MemFree:          108736 kB
MemAvailable:    1383700 kB
Buffers:           99608 kB
Cached:          1196476 kB
MemTotal:        1844596 kB
MemFree:          108672 kB
MemAvailable:    1383636 kB
Buffers:           99608 kB
Cached:          1196476 kB
MemTotal:        1844596 kB
MemFree:          108672 kB
MemAvailable:    1383636 kB
Buffers:           99608 kB
Cached:          1196476 kB
MemTotal:        1844596 kB
MemFree:          107320 kB
MemAvailable:    1382284 kB
Buffers:           99608 kB
Cached:          1196476 kB
MemTotal:        1844596 kB
MemFree:          107320 kB
MemAvailable:    1382284 kB
Buffers:           99608 kB
Cached:          1196476 kB
MemTotal:        1844596 kB
MemFree:          107444 kB
MemAvailable:    1382408 kB
Buffers:           99608 kB
Cached:          1196476 kB
MemTotal:        1844596 kB
MemFree:          108632 kB
MemAvailable:    1383596 kB
Buffers:           99608 kB
Cached:          1196476 kB
MemTotal:        1844596 kB
MemFree:          108800 kB
MemAvailable:    1383764 kB
Buffers:           99608 kB
Cached:          1196476 kB
MemTotal:        1844596 kB
MemFree:          108572 kB
MemAvailable:    1383536 kB
Buffers:           99608 kB
Cached:          1196476 kB
MemTotal:        1844596 kB
MemFree:          107564 kB
MemAvailable:    1382528 kB
Buffers:           99608 kB
Cached:          1196476 kB
MemTotal:        1844596 kB
MemFree:          108632 kB
MemAvailable:    1383596 kB
Buffers:           99608 kB
Cached:          1196476 kB
MemTotal:        1844596 kB
MemFree:          108576 kB
MemAvailable:    1383540 kB
Buffers:           99608 kB
Cached:          1196476 kB
MemTotal:        1844596 kB
MemFree:          108644 kB
MemAvailable:    1383608 kB
Buffers:           99608 kB
Cached:          1196476 kB
MemTotal:        1844596 kB
MemFree:          108640 kB
MemAvailable:    1383604 kB
Buffers:           99608 kB
Cached:          1196476 kB
MemTotal:        1844596 kB
MemFree:          107956 kB
MemAvailable:    1382920 kB
Buffers:           99608 kB
Cached:          1196476 kB
MemTotal:        1844596 kB
MemFree:          108520 kB
MemAvailable:    1383488 kB
Buffers:           99608 kB
Cached:          1196480 kB
MemTotal:        1844596 kB
MemFree:          108856 kB
MemAvailable:    1383824 kB
Buffers:           99608 kB
Cached:          1196480 kB
MemTotal:        1844596 kB
MemFree:          108692 kB
MemAvailable:    1383660 kB
Buffers:           99608 kB
Cached:          1196480 kB
MemTotal:        1844596 kB
MemFree:          107320 kB
MemAvailable:    1382288 kB
Buffers:           99608 kB
Cached:          1196480 kB
MemTotal:        1844596 kB
MemFree:          104840 kB
MemAvailable:    1379808 kB
Buffers:           99608 kB
Cached:          1196480 kB
MemTotal:        1844596 kB
MemFree:          104840 kB
MemAvailable:    1379808 kB
Buffers:           99608 kB
Cached:          1196480 kB
MemTotal:        1844596 kB
MemFree:          100508 kB
MemAvailable:    1375476 kB
Buffers:           99608 kB
Cached:          1196480 kB
MemTotal:        1844596 kB
MemFree:           96912 kB
MemAvailable:    1371880 kB
Buffers:           99608 kB
Cached:          1196480 kB
MemTotal:        1844596 kB
MemFree:           94984 kB
MemAvailable:    1369952 kB
Buffers:           99608 kB
Cached:          1196480 kB
MemTotal:        1844596 kB
MemFree:           91084 kB
MemAvailable:    1366052 kB
Buffers:           99608 kB
Cached:          1196480 kB
MemTotal:        1844596 kB
MemFree:           88480 kB
MemAvailable:    1363448 kB
Buffers:           99608 kB
Cached:          1196480 kB
MemTotal:        1844596 kB
MemFree:           89656 kB
MemAvailable:    1364624 kB
Buffers:           99608 kB
Cached:          1196480 kB
MemTotal:        1844596 kB
MemFree:           88356 kB
MemAvailable:    1363324 kB
Buffers:           99608 kB
Cached:          1196480 kB
MemTotal:        1844596 kB
MemFree:           89332 kB
MemAvailable:    1364300 kB
Buffers:           99608 kB
Cached:          1196480 kB
MemTotal:        1844596 kB
MemFree:           89100 kB
MemAvailable:    1364068 kB
Buffers:           99608 kB
Cached:          1196480 kB
MemTotal:        1844596 kB
MemFree:           89212 kB
MemAvailable:    1364180 kB
Buffers:           99608 kB
Cached:          1196480 kB
MemTotal:        1844596 kB
MemFree:           89200 kB
MemAvailable:    1364168 kB
Buffers:           99608 kB
Cached:          1196480 kB
MemTotal:        1844596 kB
MemFree:           89200 kB
MemAvailable:    1364168 kB
Buffers:           99608 kB
Cached:          1196480 kB
MemTotal:        1844596 kB
MemFree:           89176 kB
MemAvailable:    1364144 kB
Buffers:           99608 kB
Cached:          1196480 kB
MemTotal:        1844596 kB
MemFree:           89032 kB
MemAvailable:    1364000 kB
Buffers:           99608 kB
Cached:          1196480 kB
MemTotal:        1844596 kB
MemFree:           89100 kB
MemAvailable:    1364068 kB
Buffers:           99608 kB
Cached:          1196480 kB
MemTotal:        1844596 kB
MemFree:           89212 kB
MemAvailable:    1364180 kB
Buffers:           99608 kB
Cached:          1196480 kB
MemTotal:        1844596 kB
MemFree:           89328 kB
MemAvailable:    1364296 kB
Buffers:           99608 kB
Cached:          1196480 kB
MemTotal:        1844596 kB
MemFree:           89072 kB
MemAvailable:    1364040 kB
Buffers:           99608 kB
Cached:          1196480 kB
MemTotal:        1844596 kB
MemFree:           89072 kB
MemAvailable:    1364040 kB
Buffers:           99608 kB
Cached:          1196480 kB
MemTotal:        1844596 kB
MemFree:           87480 kB
MemAvailable:    1362448 kB
Buffers:           99608 kB
Cached:          1196480 kB
MemTotal:        1844596 kB
MemFree:           88788 kB
MemAvailable:    1363756 kB
Buffers:           99608 kB
Cached:          1196480 kB
MemTotal:        1844596 kB
MemFree:           88604 kB
MemAvailable:    1363572 kB
Buffers:           99608 kB
Cached:          1196480 kB
MemTotal:        1844596 kB
MemFree:           88832 kB
MemAvailable:    1363800 kB
Buffers:           99608 kB
Cached:          1196480 kB
MemTotal:        1844596 kB
MemFree:           88860 kB
MemAvailable:    1363828 kB
Buffers:           99608 kB
Cached:          1196480 kB
MemTotal:        1844596 kB
MemFree:           87564 kB
MemAvailable:    1362532 kB
Buffers:           99608 kB
Cached:          1196480 kB
MemTotal:        1844596 kB
MemFree:           88976 kB
MemAvailable:    1363944 kB
Buffers:           99608 kB
Cached:          1196480 kB
MemTotal:        1844596 kB
MemFree:           87696 kB
MemAvailable:    1362668 kB
Buffers:           99608 kB
Cached:          1196484 kB
MemTotal:        1844596 kB
MemFree:           88680 kB
MemAvailable:    1363652 kB
Buffers:           99608 kB
Cached:          1196484 kB
MemTotal:        1844596 kB
MemFree:           87168 kB
MemAvailable:    1362140 kB
Buffers:           99608 kB
Cached:          1196484 kB
MemTotal:        1844596 kB
MemFree:           88540 kB
MemAvailable:    1363512 kB
Buffers:           99608 kB
Cached:          1196484 kB
MemTotal:        1844596 kB
MemFree:           84008 kB
MemAvailable:    1358980 kB
Buffers:           99608 kB
Cached:          1196484 kB
MemTotal:        1844596 kB
MemFree:           84092 kB
MemAvailable:    1359064 kB
Buffers:           99608 kB
Cached:          1196484 kB
MemTotal:        1844596 kB
MemFree:           79560 kB
MemAvailable:    1354532 kB
Buffers:           99608 kB
Cached:          1196484 kB
MemTotal:        1844596 kB
MemFree:           78924 kB
MemAvailable:    1353896 kB
Buffers:           99608 kB
Cached:          1196484 kB
MemTotal:        1844596 kB
MemFree:           79008 kB
MemAvailable:    1353980 kB
Buffers:           99608 kB
Cached:          1196484 kB
MemTotal:        1844596 kB
MemFree:           77644 kB
MemAvailable:    1352616 kB
Buffers:           99608 kB
Cached:          1196484 kB
MemTotal:        1844596 kB
MemFree:           77644 kB
MemAvailable:    1352616 kB
Buffers:           99608 kB
Cached:          1196484 kB
MemTotal:        1844596 kB
MemFree:           76816 kB
MemAvailable:    1351788 kB
Buffers:           99608 kB
Cached:          1196484 kB
MemTotal:        1844596 kB
MemFree:           76900 kB
MemAvailable:    1351872 kB
Buffers:           99608 kB
Cached:          1196484 kB
MemTotal:        1844596 kB
MemFree:           76688 kB
MemAvailable:    1351660 kB
Buffers:           99608 kB
Cached:          1196484 kB
MemTotal:        1844596 kB
MemFree:           77024 kB
MemAvailable:    1351996 kB
Buffers:           99608 kB
Cached:          1196484 kB
MemTotal:        1844596 kB
MemFree:           76728 kB
MemAvailable:    1351700 kB
Buffers:           99608 kB
Cached:          1196484 kB
MemTotal:        1844596 kB
MemFree:           75708 kB
MemAvailable:    1350764 kB
Buffers:           99608 kB
Cached:          1196608 kB
MemTotal:        1844596 kB
MemFree:           76264 kB
MemAvailable:    1351488 kB
Buffers:           99608 kB
Cached:          1196856 kB
MemTotal:        1844596 kB
MemFree:           76520 kB
MemAvailable:    1351744 kB
Buffers:           99608 kB
Cached:          1196856 kB
MemTotal:        1844596 kB
MemFree:           76264 kB
MemAvailable:    1351656 kB
Buffers:           99608 kB
Cached:          1196980 kB
MemTotal:        1844596 kB
MemFree:           76132 kB
MemAvailable:    1351692 kB
Buffers:           99608 kB
Cached:          1197104 kB
MemTotal:        1844596 kB
MemFree:           76468 kB
MemAvailable:    1352028 kB
Buffers:           99608 kB
Cached:          1197104 kB
MemTotal:        1844596 kB
MemFree:           74884 kB
MemAvailable:    1350444 kB
Buffers:           99608 kB
Cached:          1197104 kB
MemTotal:        1844596 kB
MemFree:           76380 kB
MemAvailable:    1352024 kB
Buffers:           99608 kB
Cached:          1197228 kB
MemTotal:        1844596 kB
MemFree:           76184 kB
MemAvailable:    1351828 kB
Buffers:           99608 kB
Cached:          1197228 kB
MemTotal:        1844596 kB
MemFree:           74980 kB
MemAvailable:    1350624 kB
Buffers:           99608 kB
Cached:          1197228 kB
MemTotal:        1844596 kB
MemFree:           75824 kB
MemAvailable:    1351468 kB
Buffers:           99608 kB
Cached:          1197228 kB
MemTotal:        1844596 kB
MemFree:           76160 kB
MemAvailable:    1351804 kB
Buffers:           99608 kB
Cached:          1197228 kB
MemTotal:        1844596 kB
MemFree:           75832 kB
MemAvailable:    1351476 kB
Buffers:           99608 kB
Cached:          1197228 kB
MemTotal:        1844596 kB
MemFree:           76724 kB
MemAvailable:    1351780 kB
Buffers:           99608 kB
Cached:          1196596 kB
MemTotal:        1844596 kB
MemFree:           74460 kB
MemAvailable:    1349516 kB
Buffers:           99608 kB
Cached:          1196596 kB
MemTotal:        1844596 kB
MemFree:          122160 kB
MemAvailable:    1397216 kB
Buffers:           99608 kB
Cached:          1196596 kB
MemTotal:        1844596 kB
MemFree:          268264 kB
MemAvailable:    1543320 kB
Buffers:           99608 kB
Cached:          1196596 kB
