MemTotal:        1844596 kB
MemFree:          262560 kB
MemAvailable:    1545804 kB
Buffers:          106448 kB
Cached:          1189500 kB
MemTotal:        1844596 kB
MemFree:          234620 kB
MemAvailable:    1517872 kB
Buffers:          106448 kB
Cached:          1189504 kB
MemTotal:        1844596 kB
MemFree:          233560 kB
MemAvailable:    1516812 kB
Buffers:          106448 kB
Cached:          1189504 kB
MemTotal:        1844596 kB
MemFree:          233660 kB
MemAvailable:    1516912 kB
Buffers:          106448 kB
Cached:          1189504 kB
MemTotal:        1844596 kB
MemFree:          233552 kB
MemAvailable:    1516804 kB
Buffers:          106448 kB
Cached:          1189504 kB
MemTotal:        1844596 kB
MemFree:          231320 kB
MemAvailable:    1514572 kB
Buffers:          106448 kB
Cached:          1189504 kB
MemTotal:        1844596 kB
MemFree:          231124 kB
MemAvailable:    1514376 kB
Buffers:          106448 kB
Cached:          1189504 kB
MemTotal:        1844596 kB
MemFree:          230088 kB
MemAvailable:    1513340 kB
Buffers:          106448 kB
Cached:          1189504 kB
MemTotal:        1844596 kB
MemFree:          227468 kB
MemAvailable:    1510720 kB
Buffers:          106448 kB
Cached:          1189504 kB
MemTotal:        1844596 kB
MemFree:          227476 kB
MemAvailable:    1510728 kB
Buffers:          106448 kB
Cached:          1189504 kB
MemTotal:        1844596 kB
MemFree:          223064 kB
MemAvailable:    1506316 kB
Buffers:          106448 kB
Cached:          1189504 kB
MemTotal:        1844596 kB
MemFree:          219044 kB
MemAvailable:    1502296 kB
Buffers:          106448 kB
Cached:          1189504 kB
MemTotal:        1844596 kB
MemFree:          221220 kB
MemAvailable:    1504472 kB
Buffers:          106448 kB
Cached:          1189504 kB
MemTotal:        1844596 kB
MemFree:          221772 kB
MemAvailable:    1505024 kB
Buffers:          106448 kB
Cached:          1189504 kB
MemTotal:        1844596 kB
MemFree:          222212 kB
MemAvailable:    1505464 kB
Buffers:          106448 kB
Cached:          1189504 kB
MemTotal:        1844596 kB
MemFree:          222548 kB
MemAvailable:    1505800 kB
Buffers:          106448 kB
Cached:          1189504 kB
MemTotal:        1844596 kB
MemFree:          222260 kB
MemAvailable:    1505512 kB
Buffers:          106448 kB
Cached:          1189504 kB
MemTotal:        1844596 kB
MemFree:          221640 kB
MemAvailable:    1504892 kB
Buffers:          106448 kB
Cached:          1189504 kB
MemTotal:        1844596 kB
MemFree:          222268 kB
MemAvailable:    1505520 kB
Buffers:          106448 kB
Cached:          1189504 kB
MemTotal:        1844596 kB
MemFree:          221028 kB
MemAvailable:    1504280 kB
Buffers:          106448 kB
Cached:          1189504 kB
MemTotal:        1844596 kB
MemFree:          222144 kB
MemAvailable:    1505396 kB
Buffers:          106448 kB
Cached:          1189504 kB
MemTotal:        1844596 kB
MemFree:          221708 kB
MemAvailable:    1504960 kB
Buffers:          106448 kB
Cached:          1189504 kB
MemTotal:        1844596 kB
MemFree:          221792 kB
MemAvailable:    1505044 kB
Buffers:          106448 kB
Cached:          1189504 kB
MemTotal:        1844596 kB
MemFree:          221700 kB
MemAvailable:    1504952 kB
Buffers:          106448 kB
Cached:          1189504 kB
MemTotal:        1844596 kB
MemFree:          221952 kB
MemAvailable:    1505204 kB
Buffers:          106448 kB
Cached:          1189504 kB
MemTotal:        1844596 kB
MemFree:          220400 kB
MemAvailable:    1503652 kB
Buffers:          106448 kB
Cached:          1189504 kB
MemTotal:        1844596 kB
MemFree:          221012 kB
MemAvailable:    1504264 kB
Buffers:          106448 kB
Cached:          1189504 kB
MemTotal:        1844596 kB
MemFree:          220656 kB
MemAvailable:    1503908 kB
Buffers:          106448 kB
Cached:          1189504 kB
MemTotal:        1844596 kB
MemFree:          220752 kB
MemAvailable:    1504004 kB
Buffers:          106448 kB
Cached:          1189504 kB
MemTotal:        1844596 kB
MemFree:          220656 kB
MemAvailable:    1503908 kB
Buffers:          106448 kB
Cached:          1189504 kB
MemTotal:        1844596 kB
MemFree:          220512 kB
MemAvailable:    1503764 kB
Buffers:          106448 kB
Cached:          1189504 kB
MemTotal:        1844596 kB
MemFree:          220768 kB
MemAvailable:    1504020 kB
Buffers:          106448 kB
Cached:          1189504 kB
MemTotal:        1844596 kB
MemFree:          219648 kB
MemAvailable:    1502900 kB
Buffers:          106448 kB
Cached:          1189504 kB
MemTotal:        1844596 kB
MemFree:          219648 kB
MemAvailable:    1502900 kB
Buffers:          106448 kB
Cached:          1189504 kB
MemTotal:        1844596 kB
MemFree:          219484 kB
MemAvailable:    1502736 kB
Buffers:          106448 kB
Cached:          1189504 kB
MemTotal:        1844596 kB
MemFree:          218112 kB
MemAvailable:    1501364 kB
Buffers:          106448 kB
Cached:          1189504 kB
MemTotal:        1844596 kB
MemFree:          219212 kB
MemAvailable:    1502464 kB
Buffers:          106448 kB
Cached:          1189504 kB
MemTotal:        1844596 kB
MemFree:          219464 kB
MemAvailable:    1502716 kB
Buffers:          106448 kB
Cached:          1189504 kB
MemTotal:        1844596 kB
MemFree:          219404 kB
MemAvailable:    1502656 kB
Buffers:          106448 kB
Cached:          1189504 kB
MemTotal:        1844596 kB
MemFree:          219416 kB
MemAvailable:    1502668 kB
Buffers:          106448 kB
Cached:          1189504 kB
MemTotal:        1844596 kB
MemFree:          218548 kB
MemAvailable:    1501800 kB
Buffers:          106448 kB
Cached:          1189504 kB
MemTotal:        1844596 kB
MemFree:          219364 kB
MemAvailable:    1502616 kB
Buffers:          106448 kB
Cached:          1189504 kB
MemTotal:        1844596 kB
MemFree:          217992 kB
MemAvailable:    1501244 kB
Buffers:          106448 kB
Cached:          1189504 kB
MemTotal:        1844596 kB
MemFree:          214812 kB
MemAvailable:    1498064 kB
Buffers:          106448 kB
Cached:          1189504 kB
MemTotal:        1844596 kB
MemFree:          214812 kB
MemAvailable:    1498064 kB
Buffers:          106448 kB
Cached:          1189504 kB
MemTotal:        1844596 kB
MemFree:          213284 kB
MemAvailable:    1496536 kB
Buffers:          106448 kB
Cached:          1189504 kB
MemTotal:        1844596 kB
MemFree:          213092 kB
MemAvailable:    1496344 kB
Buffers:          106448 kB
Cached:          1189504 kB
MemTotal:        1844596 kB
MemFree:          213216 kB
MemAvailable:    1496468 kB
Buffers:          106448 kB
Cached:          1189504 kB
MemTotal:        1844596 kB
MemFree:          214180 kB
MemAvailable:    1497432 kB
Buffers:          106448 kB
Cached:          1189504 kB
MemTotal:        1844596 kB
MemFree:          212968 kB
MemAvailable:    1496220 kB
Buffers:          106448 kB
Cached:          1189504 kB
MemTotal:        1844596 kB
MemFree:          213724 kB
MemAvailable:    1496976 kB
Buffers:          106448 kB
Cached:          1189504 kB
MemTotal:        1844596 kB
MemFree:          213736 kB
MemAvailable:    1496988 kB
Buffers:          106448 kB
Cached:          1189504 kB
MemTotal:        1844596 kB
MemFree:          212304 kB
MemAvailable:    1495556 kB
Buffers:          106448 kB
Cached:          1189504 kB
MemTotal:        1844596 kB
MemFree:          212304 kB
MemAvailable:    1495556 kB
Buffers:          106448 kB
Cached:          1189504 kB
MemTotal:        1844596 kB
MemFree:          213604 kB
MemAvailable:    1496856 kB
Buffers:          106448 kB
Cached:          1189504 kB
MemTotal:        1844596 kB
MemFree:          213668 kB
MemAvailable:    1496920 kB
Buffers:          106448 kB
Cached:          1189504 kB
MemTotal:        1844596 kB
MemFree:          212856 kB
MemAvailable:    1496108 kB
Buffers:          106448 kB
Cached:          1189504 kB
MemTotal:        1844596 kB
MemFree:          213512 kB
MemAvailable:    1496768 kB
Buffers:          106448 kB
Cached:          1189508 kB
MemTotal:        1844596 kB
MemFree:          213856 kB
MemAvailable:    1497112 kB
Buffers:          106448 kB
Cached:          1189508 kB
MemTotal:        1844596 kB
MemFree:          211128 kB
MemAvailable:    1494384 kB
Buffers:          106448 kB
Cached:          1189508 kB
MemTotal:        1844596 kB
MemFree:          207656 kB
MemAvailable:    1490912 kB
Buffers:          106448 kB
Cached:          1189508 kB
MemTotal:        1844596 kB
MemFree:          208028 kB
MemAvailable:    1491284 kB
Buffers:          106448 kB
Cached:          1189508 kB
MemTotal:        1844596 kB
MemFree:          206540 kB
MemAvailable:    1489796 kB
Buffers:          106448 kB
Cached:          1189508 kB
MemTotal:        1844596 kB
MemFree:          207212 kB
MemAvailable:    1490468 kB
Buffers:          106448 kB
Cached:          1189508 kB
MemTotal:        1844596 kB
MemFree:          206052 kB
MemAvailable:    1489308 kB
Buffers:          106448 kB
Cached:          1189508 kB
MemTotal:        1844596 kB
MemFree:          205848 kB
MemAvailable:    1489104 kB
Buffers:          106448 kB
Cached:          1189508 kB
MemTotal:        1844596 kB
MemFree:          204540 kB
MemAvailable:    1487796 kB
Buffers:          106448 kB
Cached:          1189508 kB
MemTotal:        1844596 kB
MemFree:          204044 kB
MemAvailable:    1487300 kB
Buffers:          106448 kB
Cached:          1189508 kB
MemTotal:        1844596 kB
MemFree:          205360 kB
MemAvailable:    1488616 kB
Buffers:          106448 kB
Cached:          1189508 kB
MemTotal:        1844596 kB
MemFree:          205036 kB
MemAvailable:    1488292 kB
Buffers:          106448 kB
Cached:          1189508 kB
MemTotal:        1844596 kB
MemFree:          205036 kB
MemAvailable:    1488292 kB
Buffers:          106448 kB
Cached:          1189508 kB
MemTotal:        1844596 kB
MemFree:          204740 kB
MemAvailable:    1487996 kB
Buffers:          106448 kB
Cached:          1189508 kB
MemTotal:        1844596 kB
MemFree:          204996 kB
MemAvailable:    1488252 kB
Buffers:          106448 kB
Cached:          1189508 kB
MemTotal:        1844596 kB
MemFree:          204836 kB
MemAvailable:    1488092 kB
Buffers:          106448 kB
Cached:          1189508 kB
MemTotal:        1844596 kB
MemFree:          204604 kB
MemAvailable:    1487860 kB
Buffers:          106448 kB
Cached:          1189508 kB
MemTotal:        1844596 kB
MemFree:          204772 kB
MemAvailable:    1488028 kB
Buffers:          106448 kB
Cached:          1189508 kB
MemTotal:        1844596 kB
MemFree:          204816 kB
MemAvailable:    1488072 kB
Buffers:          106448 kB
Cached:          1189508 kB
MemTotal:        1844596 kB
MemFree:          203636 kB
MemAvailable:    1486892 kB
Buffers:          106448 kB
Cached:          1189508 kB
MemTotal:        1844596 kB
MemFree:          204868 kB
MemAvailable:    1488124 kB
Buffers:          106448 kB
Cached:          1189508 kB
MemTotal:        1844596 kB
MemFree:          204620 kB
MemAvailable:    1487876 kB
Buffers:          106448 kB
Cached:          1189508 kB
MemTotal:        1844596 kB
MemFree:          204192 kB
MemAvailable:    1487448 kB
Buffers:          106448 kB
Cached:          1189508 kB
MemTotal:        1844596 kB
MemFree:          204408 kB
MemAvailable:    1487664 kB
Buffers:          106448 kB
Cached:          1189508 kB
MemTotal:        1844596 kB
MemFree:          204744 kB
MemAvailable:    1488000 kB
Buffers:          106448 kB
Cached:          1189508 kB
MemTotal:        1844596 kB
MemFree:          204424 kB
MemAvailable:    1487680 kB
Buffers:          106448 kB
Cached:          1189508 kB
MemTotal:        1844596 kB
MemFree:          204424 kB
MemAvailable:    1487680 kB
Buffers:          106448 kB
Cached:          1189508 kB
MemTotal:        1844596 kB
MemFree:          204372 kB
MemAvailable:    1487628 kB
Buffers:          106448 kB
Cached:          1189508 kB
MemTotal:        1844596 kB
MemFree:          202860 kB
MemAvailable:    1486116 kB
Buffers:          106448 kB
Cached:          1189508 kB
MemTotal:        1844596 kB
MemFree:          200772 kB
MemAvailable:    1484028 kB
Buffers:          106448 kB
Cached:          1189508 kB
MemTotal:        1844596 kB
MemFree:          198832 kB
MemAvailable:    1482088 kB
Buffers:          106448 kB
Cached:          1189508 kB
MemTotal:        1844596 kB
MemFree:          196876 kB
MemAvailable:    1480132 kB
Buffers:          106448 kB
Cached:          1189508 kB
MemTotal:        1844596 kB
MemFree:          196068 kB
MemAvailable:    1479324 kB
Buffers:          106448 kB
Cached:          1189508 kB
MemTotal:        1844596 kB
MemFree:          196152 kB
MemAvailable:    1479408 kB
Buffers:          106448 kB
Cached:          1189508 kB
MemTotal:        1844596 kB
MemFree:          196096 kB
MemAvailable:    1479352 kB
Buffers:          106448 kB
Cached:          1189508 kB
MemTotal:        1844596 kB
MemFree:          196124 kB
MemAvailable:    1479380 kB
Buffers:          106448 kB
Cached:          1189508 kB
MemTotal:        1844596 kB
MemFree:          194744 kB
MemAvailable:    1478000 kB
Buffers:          106448 kB
Cached:          1189508 kB
MemTotal:        1844596 kB
MemFree:          194884 kB
MemAvailable:    1478140 kB
Buffers:          106448 kB
Cached:          1189508 kB
MemTotal:        1844596 kB
MemFree:          195608 kB
MemAvailable:    1478864 kB
Buffers:          106448 kB
Cached:          1189508 kB
MemTotal:        1844596 kB
MemFree:          195944 kB
MemAvailable:    1479200 kB
Buffers:          106448 kB
Cached:          1189508 kB
MemTotal:        1844596 kB
MemFree:          195860 kB
MemAvailable:    1479116 kB
Buffers:          106448 kB
Cached:          1189508 kB
MemTotal:        1844596 kB
MemFree:          195132 kB
MemAvailable:    1478388 kB
Buffers:          106448 kB
Cached:          1189508 kB
MemTotal:        1844596 kB
MemFree:          195608 kB
MemAvailable:    1478864 kB
Buffers:          106448 kB
Cached:          1189508 kB
MemTotal:        1844596 kB
MemFree:          195828 kB
MemAvailable:    1479084 kB
Buffers:          106448 kB
Cached:          1189508 kB
MemTotal:        1844596 kB
MemFree:          194452 kB
MemAvailable:    1477708 kB
Buffers:          106448 kB
Cached:          1189508 kB
MemTotal:        1844596 kB
MemFree:          195976 kB
MemAvailable:    1479232 kB
Buffers:          106448 kB
Cached:          1189508 kB
MemTotal:        1844596 kB
MemFree:          195688 kB
MemAvailable:    1478944 kB
Buffers:          106448 kB
Cached:          1189508 kB
MemTotal:        1844596 kB
MemFree:          195744 kB
MemAvailable:    1479000 kB
Buffers:          106448 kB
Cached:          1189508 kB
MemTotal:        1844596 kB
MemFree:          195788 kB
MemAvailable:    1479044 kB
Buffers:          106448 kB
Cached:          1189508 kB
MemTotal:        1844596 kB
MemFree:          195960 kB
MemAvailable:    1479216 kB
Buffers:          106448 kB
Cached:          1189508 kB
MemTotal:        1844596 kB
MemFree:          195564 kB
MemAvailable:    1478820 kB
Buffers:          106448 kB
Cached:          1189508 kB
MemTotal:        1844596 kB
MemFree:          195900 kB
MemAvailable:    1479156 kB
Buffers:          106448 kB
Cached:          1189508 kB
MemTotal:        1844596 kB
MemFree:          195824 kB
MemAvailable:    1479080 kB
Buffers:          106448 kB
Cached:          1189508 kB
MemTotal:        1844596 kB
MemFree:          195612 kB
MemAvailable:    1478868 kB
Buffers:          106448 kB
Cached:          1189508 kB
MemTotal:        1844596 kB
MemFree:          195736 kB
MemAvailable:    1478992 kB
Buffers:          106448 kB
Cached:          1189508 kB
MemTotal:        1844596 kB
MemFree:          195732 kB
MemAvailable:    1478988 kB
Buffers:          106448 kB
Cached:          1189508 kB
MemTotal:        1844596 kB
MemFree:          194956 kB
MemAvailable:    1478212 kB
Buffers:          106448 kB
Cached:          1189508 kB
MemTotal:        1844596 kB
MemFree:          195808 kB
MemAvailable:    1479064 kB
Buffers:          106448 kB
Cached:          1189508 kB
MemTotal:        1844596 kB
MemFree:          195808 kB
MemAvailable:    1479064 kB
Buffers:          106448 kB
Cached:          1189508 kB
MemTotal:        1844596 kB
MemFree:          195756 kB
MemAvailable:    1479012 kB
Buffers:          106448 kB
Cached:          1189508 kB
MemTotal:        1844596 kB
MemFree:          195632 kB
MemAvailable:    1478888 kB
Buffers:          106448 kB
Cached:          1189508 kB
MemTotal:        1844596 kB
MemFree:          194624 kB
MemAvailable:    1477880 kB
Buffers:          106448 kB
Cached:          1189508 kB
MemTotal:        1844596 kB
MemFree:          195752 kB
MemAvailable:    1479008 kB
Buffers:          106448 kB
Cached:          1189508 kB
MemTotal:        1844596 kB
MemFree:          195140 kB
MemAvailable:    1478396 kB
Buffers:          106448 kB
Cached:          1189508 kB
MemTotal:        1844596 kB
MemFree:          196056 kB
MemAvailable:    1479312 kB
Buffers:          106448 kB
Cached:          1189508 kB
MemTotal:        1844596 kB
MemFree:          194588 kB
MemAvailable:    1477844 kB
Buffers:          106448 kB
Cached:          1189508 kB
MemTotal:        1844596 kB
MemFree:          194464 kB
MemAvailable:    1477720 kB
Buffers:          106448 kB
Cached:          1189508 kB
MemTotal:        1844596 kB
MemFree:          195828 kB
MemAvailable:    1479084 kB
Buffers:          106448 kB
Cached:          1189508 kB
MemTotal:        1844596 kB
MemFree:          195884 kB
MemAvailable:    1479140 kB
Buffers:          106448 kB
Cached:          1189508 kB
MemTotal:        1844596 kB
MemFree:          192704 kB
MemAvailable:    1475960 kB
Buffers:          106448 kB
Cached:          1189508 kB
MemTotal:        1844596 kB
MemFree:          189552 kB
MemAvailable:    1472808 kB
Buffers:          106448 kB
Cached:          1189508 kB
MemTotal:        1844596 kB
MemFree:          187256 kB
MemAvailable:    1470512 kB
Buffers:          106448 kB
Cached:          1189508 kB
MemTotal:        1844596 kB
MemFree:          184956 kB
MemAvailable:    1468212 kB
Buffers:          106448 kB
Cached:          1189508 kB
MemTotal:        1844596 kB
MemFree:          184848 kB
MemAvailable:    1468104 kB
Buffers:          106448 kB
Cached:          1189508 kB
MemTotal:        1844596 kB
MemFree:          184916 kB
MemAvailable:    1468172 kB
Buffers:          106448 kB
Cached:          1189508 kB
MemTotal:        1844596 kB
MemFree:          183924 kB
MemAvailable:    1467188 kB
Buffers:          106448 kB
Cached:          1189516 kB
MemTotal:        1844596 kB
MemFree:          185012 kB
MemAvailable:    1468276 kB
Buffers:          106448 kB
Cached:          1189516 kB
MemTotal:        1844596 kB
MemFree:          185028 kB
MemAvailable:    1468296 kB
Buffers:          106448 kB
Cached:          1189520 kB
MemTotal:        1844596 kB
MemFree:          183720 kB
MemAvailable:    1466988 kB
Buffers:          106448 kB
Cached:          1189520 kB
MemTotal:        1844596 kB
MemFree:          183804 kB
MemAvailable:    1467072 kB
Buffers:          106448 kB
Cached:          1189520 kB
MemTotal:        1844596 kB
MemFree:          183716 kB
MemAvailable:    1466984 kB
Buffers:          106448 kB
Cached:          1189520 kB
MemTotal:        1844596 kB
MemFree:          184928 kB
MemAvailable:    1468196 kB
Buffers:          106448 kB
Cached:          1189520 kB
MemTotal:        1844596 kB
MemFree:          184788 kB
MemAvailable:    1468056 kB
Buffers:          106448 kB
Cached:          1189520 kB
MemTotal:        1844596 kB
MemFree:          184872 kB
MemAvailable:    1468140 kB
Buffers:          106448 kB
Cached:          1189520 kB
MemTotal:        1844596 kB
MemFree:          185028 kB
MemAvailable:    1468296 kB
Buffers:          106448 kB
Cached:          1189520 kB
MemTotal:        1844596 kB
MemFree:          183700 kB
MemAvailable:    1466968 kB
Buffers:          106448 kB
Cached:          1189520 kB
MemTotal:        1844596 kB
MemFree:          183652 kB
MemAvailable:    1466920 kB
Buffers:          106448 kB
Cached:          1189520 kB
MemTotal:        1844596 kB
MemFree:          184892 kB
MemAvailable:    1468160 kB
Buffers:          106448 kB
Cached:          1189520 kB
MemTotal:        1844596 kB
MemFree:          184224 kB
MemAvailable:    1467492 kB
Buffers:          106448 kB
Cached:          1189520 kB
MemTotal:        1844596 kB
MemFree:          185424 kB
MemAvailable:    1468696 kB
Buffers:          106448 kB
Cached:          1189524 kB
MemTotal:        1844596 kB
MemFree:          184100 kB
MemAvailable:    1467372 kB
Buffers:          106448 kB
Cached:          1189524 kB
MemTotal:        1844596 kB
MemFree:          184692 kB
MemAvailable:    1467964 kB
Buffers:          106448 kB
Cached:          1189524 kB
MemTotal:        1844596 kB
MemFree:          185028 kB
MemAvailable:    1468300 kB
Buffers:          106448 kB
Cached:          1189524 kB
MemTotal:        1844596 kB
MemFree:          184880 kB
MemAvailable:    1468152 kB
Buffers:          106448 kB
Cached:          1189524 kB
MemTotal:        1844596 kB
MemFree:          184880 kB
MemAvailable:    1468152 kB
Buffers:          106448 kB
Cached:          1189524 kB
MemTotal:        1844596 kB
MemFree:          184712 kB
MemAvailable:    1467984 kB
Buffers:          106448 kB
Cached:          1189524 kB
MemTotal:        1844596 kB
MemFree:          184796 kB
MemAvailable:    1468068 kB
Buffers:          106452 kB
Cached:          1189520 kB
MemTotal:        1844596 kB
MemFree:          184920 kB
MemAvailable:    1468192 kB
Buffers:          106452 kB
Cached:          1189520 kB
MemTotal:        1844596 kB
MemFree:          185172 kB
MemAvailable:    1468444 kB
Buffers:          106452 kB
Cached:          1189520 kB
MemTotal:        1844596 kB
MemFree:          183588 kB
MemAvailable:    1466860 kB
Buffers:          106452 kB
Cached:          1189520 kB
MemTotal:        1844596 kB
MemFree:          183720 kB
MemAvailable:    1466992 kB
Buffers:          106452 kB
Cached:          1189520 kB
MemTotal:        1844596 kB
MemFree:          184696 kB
MemAvailable:    1467968 kB
Buffers:          106452 kB
Cached:          1189520 kB
MemTotal:        1844596 kB
MemFree:          185032 kB
MemAvailable:    1468304 kB
Buffers:          106452 kB
Cached:          1189520 kB
MemTotal:        1844596 kB
MemFree:          184956 kB
MemAvailable:    1468228 kB
Buffers:          106452 kB
Cached:          1189520 kB
MemTotal:        1844596 kB
MemFree:          184108 kB
MemAvailable:    1467380 kB
Buffers:          106452 kB
Cached:          1189520 kB
MemTotal:        1844596 kB
MemFree:          184952 kB
MemAvailable:    1468224 kB
Buffers:          106452 kB
Cached:          1189520 kB
MemTotal:        1844596 kB
MemFree:          184332 kB
MemAvailable:    1467604 kB
Buffers:          106452 kB
Cached:          1189520 kB
MemTotal:        1844596 kB
MemFree:          183844 kB
MemAvailable:    1467116 kB
Buffers:          106452 kB
Cached:          1189520 kB
MemTotal:        1844596 kB
MemFree:          183976 kB
MemAvailable:    1467248 kB
Buffers:          106452 kB
Cached:          1189520 kB
MemTotal:        1844596 kB
MemFree:          184916 kB
MemAvailable:    1468188 kB
Buffers:          106452 kB
Cached:          1189520 kB
MemTotal:        1844596 kB
MemFree:          183836 kB
MemAvailable:    1467108 kB
Buffers:          106452 kB
Cached:          1189520 kB
MemTotal:        1844596 kB
MemFree:          184904 kB
MemAvailable:    1468176 kB
Buffers:          106452 kB
Cached:          1189520 kB
MemTotal:        1844596 kB
MemFree:          184232 kB
MemAvailable:    1467504 kB
Buffers:          106452 kB
Cached:          1189520 kB
MemTotal:        1844596 kB
MemFree:          185076 kB
MemAvailable:    1468352 kB
Buffers:          106452 kB
Cached:          1189524 kB
MemTotal:        1844596 kB
MemFree:          185412 kB
MemAvailable:    1468688 kB
Buffers:          106452 kB
Cached:          1189524 kB
MemTotal:        1844596 kB
MemFree:          184952 kB
MemAvailable:    1468228 kB
Buffers:          106452 kB
Cached:          1189524 kB
MemTotal:        1844596 kB
MemFree:          185036 kB
MemAvailable:    1468312 kB
Buffers:          106452 kB
Cached:          1189524 kB
MemTotal:        1844596 kB
MemFree:          183596 kB
MemAvailable:    1466872 kB
Buffers:          106452 kB
Cached:          1189524 kB
MemTotal:        1844596 kB
MemFree:          183680 kB
MemAvailable:    1466956 kB
Buffers:          106452 kB
Cached:          1189524 kB
MemTotal:        1844596 kB
MemFree:          183548 kB
MemAvailable:    1466824 kB
Buffers:          106452 kB
Cached:          1189524 kB
MemTotal:        1844596 kB
MemFree:          184848 kB
MemAvailable:    1468124 kB
Buffers:          106452 kB
Cached:          1189524 kB
MemTotal:        1844596 kB
MemFree:          183416 kB
MemAvailable:    1466692 kB
Buffers:          106452 kB
Cached:          1189524 kB
MemTotal:        1844596 kB
MemFree:          184160 kB
MemAvailable:    1467436 kB
Buffers:          106452 kB
Cached:          1189524 kB
MemTotal:        1844596 kB
MemFree:          183836 kB
MemAvailable:    1467112 kB
Buffers:          106452 kB
Cached:          1189524 kB
MemTotal:        1844596 kB
MemFree:          183488 kB
MemAvailable:    1466764 kB
Buffers:          106452 kB
Cached:          1189524 kB
MemTotal:        1844596 kB
MemFree:          183804 kB
MemAvailable:    1467080 kB
Buffers:          106452 kB
Cached:          1189524 kB
MemTotal:        1844596 kB
MemFree:          183576 kB
MemAvailable:    1466852 kB
Buffers:          106452 kB
Cached:          1189524 kB
MemTotal:        1844596 kB
MemFree:          183912 kB
MemAvailable:    1467188 kB
Buffers:          106452 kB
Cached:          1189524 kB
MemTotal:        1844596 kB
MemFree:          183444 kB
MemAvailable:    1466720 kB
Buffers:          106452 kB
Cached:          1189524 kB
MemTotal:        1844596 kB
MemFree:          183696 kB
MemAvailable:    1466972 kB
Buffers:          106452 kB
Cached:          1189524 kB
MemTotal:        1844596 kB
MemFree:          183588 kB
MemAvailable:    1466864 kB
Buffers:          106452 kB
Cached:          1189524 kB
MemTotal:        1844596 kB
MemFree:          183840 kB
MemAvailable:    1467116 kB
Buffers:          106452 kB
Cached:          1189524 kB
MemTotal:        1844596 kB
MemFree:          183484 kB
MemAvailable:    1466760 kB
Buffers:          106452 kB
Cached:          1189524 kB
MemTotal:        1844596 kB
MemFree:          182184 kB
MemAvailable:    1465460 kB
Buffers:          106452 kB
Cached:          1189524 kB
MemTotal:        1844596 kB
MemFree:          182184 kB
MemAvailable:    1465460 kB
Buffers:          106452 kB
Cached:          1189524 kB
MemTotal:        1844596 kB
MemFree:          183548 kB
MemAvailable:    1466824 kB
Buffers:          106452 kB
Cached:          1189524 kB
MemTotal:        1844596 kB
MemFree:          183196 kB
MemAvailable:    1466472 kB
Buffers:          106452 kB
Cached:          1189524 kB
MemTotal:        1844596 kB
MemFree:          183108 kB
MemAvailable:    1466384 kB
Buffers:          106452 kB
Cached:          1189524 kB
MemTotal:        1844596 kB
MemFree:          182228 kB
MemAvailable:    1465504 kB
Buffers:          106452 kB
Cached:          1189524 kB
MemTotal:        1844596 kB
MemFree:          183200 kB
MemAvailable:    1466476 kB
Buffers:          106452 kB
Cached:          1189524 kB
MemTotal:        1844596 kB
MemFree:          183452 kB
MemAvailable:    1466728 kB
Buffers:          106452 kB
Cached:          1189524 kB
MemTotal:        1844596 kB
MemFree:          183288 kB
MemAvailable:    1466564 kB
Buffers:          106452 kB
Cached:          1189524 kB
MemTotal:        1844596 kB
MemFree:          183356 kB
MemAvailable:    1466632 kB
Buffers:          106452 kB
Cached:          1189524 kB
MemTotal:        1844596 kB
MemFree:          183048 kB
MemAvailable:    1466324 kB
Buffers:          106452 kB
Cached:          1189524 kB
MemTotal:        1844596 kB
MemFree:          183048 kB
MemAvailable:    1466324 kB
Buffers:          106452 kB
Cached:          1189524 kB
MemTotal:        1844596 kB
MemFree:          181924 kB
MemAvailable:    1465200 kB
Buffers:          106452 kB
Cached:          1189524 kB
MemTotal:        1844596 kB
MemFree:          183216 kB
MemAvailable:    1466492 kB
Buffers:          106452 kB
Cached:          1189524 kB
MemTotal:        1844596 kB
MemFree:          183060 kB
MemAvailable:    1466336 kB
Buffers:          106452 kB
Cached:          1189524 kB
MemTotal:        1844596 kB
MemFree:          183228 kB
MemAvailable:    1466504 kB
Buffers:          106452 kB
Cached:          1189524 kB
MemTotal:        1844596 kB
MemFree:          177760 kB
MemAvailable:    1461036 kB
Buffers:          106452 kB
Cached:          1189524 kB
MemTotal:        1844596 kB
MemFree:          177528 kB
MemAvailable:    1460804 kB
Buffers:          106452 kB
Cached:          1189524 kB
MemTotal:        1844596 kB
MemFree:          171328 kB
MemAvailable:    1454608 kB
Buffers:          106452 kB
Cached:          1189528 kB
MemTotal:        1844596 kB
MemFree:          172560 kB
MemAvailable:    1455840 kB
Buffers:          106452 kB
Cached:          1189528 kB
MemTotal:        1844596 kB
MemFree:          171768 kB
MemAvailable:    1455052 kB
Buffers:          106452 kB
Cached:          1189532 kB
MemTotal:        1844596 kB
MemFree:          171936 kB
MemAvailable:    1455220 kB
Buffers:          106452 kB
Cached:          1189532 kB
MemTotal:        1844596 kB
MemFree:          171612 kB
MemAvailable:    1454896 kB
Buffers:          106452 kB
Cached:          1189532 kB
MemTotal:        1844596 kB
MemFree:          171488 kB
MemAvailable:    1454772 kB
Buffers:          106452 kB
Cached:          1189532 kB
MemTotal:        1844596 kB
MemFree:          170716 kB
MemAvailable:    1454000 kB
Buffers:          106452 kB
Cached:          1189532 kB
MemTotal:        1844596 kB
MemFree:          170892 kB
MemAvailable:    1454176 kB
Buffers:          106452 kB
Cached:          1189532 kB
MemTotal:        1844596 kB
MemFree:          170780 kB
MemAvailable:    1454064 kB
Buffers:          106452 kB
Cached:          1189532 kB
MemTotal:        1844596 kB
MemFree:          170008 kB
MemAvailable:    1453292 kB
Buffers:          106452 kB
Cached:          1189532 kB
MemTotal:        1844596 kB
MemFree:          168832 kB
MemAvailable:    1452116 kB
Buffers:          106452 kB
Cached:          1189532 kB
MemTotal:        1844596 kB
MemFree:          168352 kB
MemAvailable:    1451636 kB
Buffers:          106452 kB
Cached:          1189532 kB
MemTotal:        1844596 kB
MemFree:          168404 kB
MemAvailable:    1451688 kB
Buffers:          106452 kB
Cached:          1189532 kB
MemTotal:        1844596 kB
MemFree:          168172 kB
MemAvailable:    1451456 kB
Buffers:          106452 kB
Cached:          1189532 kB
MemTotal:        1844596 kB
MemFree:          168172 kB
MemAvailable:    1451456 kB
Buffers:          106452 kB
Cached:          1189532 kB
MemTotal:        1844596 kB
MemFree:          168108 kB
MemAvailable:    1451392 kB
Buffers:          106452 kB
Cached:          1189532 kB
MemTotal:        1844596 kB
MemFree:          168236 kB
MemAvailable:    1451520 kB
Buffers:          106452 kB
Cached:          1189532 kB
MemTotal:        1844596 kB
MemFree:          167600 kB
MemAvailable:    1450884 kB
Buffers:          106452 kB
Cached:          1189532 kB
MemTotal:        1844596 kB
MemFree:          168036 kB
MemAvailable:    1451320 kB
Buffers:          106452 kB
Cached:          1189532 kB
MemTotal:        1844596 kB
MemFree:          167344 kB
MemAvailable:    1450628 kB
Buffers:          106452 kB
Cached:          1189532 kB
MemTotal:        1844596 kB
MemFree:          166804 kB
MemAvailable:    1450088 kB
Buffers:          106452 kB
Cached:          1189532 kB
MemTotal:        1844596 kB
MemFree:          168104 kB
MemAvailable:    1451388 kB
Buffers:          106452 kB
Cached:          1189532 kB
MemTotal:        1844596 kB
MemFree:          168044 kB
MemAvailable:    1451328 kB
Buffers:          106452 kB
Cached:          1189532 kB
MemTotal:        1844596 kB
MemFree:          168296 kB
MemAvailable:    1451580 kB
Buffers:          106452 kB
Cached:          1189532 kB
MemTotal:        1844596 kB
MemFree:          166836 kB
MemAvailable:    1450120 kB
Buffers:          106452 kB
Cached:          1189532 kB
MemTotal:        1844596 kB
MemFree:          166988 kB
MemAvailable:    1450272 kB
Buffers:          106452 kB
Cached:          1189532 kB
MemTotal:        1844596 kB
MemFree:          167288 kB
MemAvailable:    1450572 kB
Buffers:          106452 kB
Cached:          1189532 kB
MemTotal:        1844596 kB
MemFree:          167360 kB
MemAvailable:    1450644 kB
Buffers:          106452 kB
Cached:          1189532 kB
MemTotal:        1844596 kB
MemFree:          165748 kB
MemAvailable:    1449032 kB
Buffers:          106452 kB
Cached:          1189532 kB
MemTotal:        1844596 kB
MemFree:          166368 kB
MemAvailable:    1449652 kB
Buffers:          106452 kB
Cached:          1189532 kB
MemTotal:        1844596 kB
MemFree:          165384 kB
MemAvailable:    1448668 kB
Buffers:          106452 kB
Cached:          1189532 kB
MemTotal:        1844596 kB
MemFree:          165980 kB
MemAvailable:    1449264 kB
Buffers:          106452 kB
Cached:          1189532 kB
MemTotal:        1844596 kB
MemFree:          166316 kB
MemAvailable:    1449600 kB
Buffers:          106452 kB
Cached:          1189532 kB
MemTotal:        1844596 kB
MemFree:          165624 kB
MemAvailable:    1448908 kB
Buffers:          106452 kB
Cached:          1189532 kB
MemTotal:        1844596 kB
MemFree:          164500 kB
MemAvailable:    1447784 kB
Buffers:          106452 kB
Cached:          1189532 kB
MemTotal:        1844596 kB
MemFree:          163764 kB
MemAvailable:    1447048 kB
Buffers:          106452 kB
Cached:          1189532 kB
MemTotal:        1844596 kB
MemFree:          164832 kB
MemAvailable:    1448116 kB
Buffers:          106452 kB
Cached:          1189532 kB
MemTotal:        1844596 kB
MemFree:          163640 kB
MemAvailable:    1446924 kB
Buffers:          106452 kB
Cached:          1189532 kB
MemTotal:        1844596 kB
MemFree:          164128 kB
MemAvailable:    1447412 kB
Buffers:          106452 kB
Cached:          1189532 kB
MemTotal:        1844596 kB
MemFree:          164384 kB
MemAvailable:    1447668 kB
Buffers:          106452 kB
Cached:          1189532 kB
MemTotal:        1844596 kB
MemFree:          163948 kB
MemAvailable:    1447232 kB
Buffers:          106452 kB
Cached:          1189532 kB
MemTotal:        1844596 kB
MemFree:          164200 kB
MemAvailable:    1447484 kB
Buffers:          106452 kB
Cached:          1189532 kB
MemTotal:        1844596 kB
MemFree:          164060 kB
MemAvailable:    1447344 kB
Buffers:          106452 kB
Cached:          1189532 kB
MemTotal:        1844596 kB
MemFree:          164076 kB
MemAvailable:    1447360 kB
Buffers:          106452 kB
Cached:          1189532 kB
MemTotal:        1844596 kB
MemFree:          163392 kB
MemAvailable:    1446676 kB
Buffers:          106452 kB
Cached:          1189532 kB
MemTotal:        1844596 kB
MemFree:          163012 kB
MemAvailable:    1446300 kB
Buffers:          106452 kB
Cached:          1189536 kB
MemTotal:        1844596 kB
MemFree:          163268 kB
MemAvailable:    1446556 kB
Buffers:          106452 kB
Cached:          1189536 kB
MemTotal:        1844596 kB
MemFree:          163840 kB
MemAvailable:    1447128 kB
Buffers:          106452 kB
Cached:          1189536 kB
MemTotal:        1844596 kB
MemFree:          164096 kB
MemAvailable:    1447384 kB
Buffers:          106452 kB
Cached:          1189536 kB
MemTotal:        1844596 kB
MemFree:          163880 kB
MemAvailable:    1447168 kB
Buffers:          106452 kB
Cached:          1189536 kB
MemTotal:        1844596 kB
MemFree:          163964 kB
MemAvailable:    1447252 kB
Buffers:          106452 kB
Cached:          1189536 kB
MemTotal:        1844596 kB
MemFree:          163748 kB
MemAvailable:    1447036 kB
Buffers:          106452 kB
Cached:          1189536 kB
MemTotal:        1844596 kB
MemFree:          163640 kB
MemAvailable:    1446928 kB
Buffers:          106452 kB
Cached:          1189536 kB
MemTotal:        1844596 kB
MemFree:          162468 kB
MemAvailable:    1445756 kB
Buffers:          106452 kB
Cached:          1189536 kB
MemTotal:        1844596 kB
MemFree:          163736 kB
MemAvailable:    1447024 kB
Buffers:          106452 kB
Cached:          1189536 kB
MemTotal:        1844596 kB
MemFree:          163988 kB
MemAvailable:    1447276 kB
Buffers:          106452 kB
Cached:          1189536 kB
MemTotal:        1844596 kB
MemFree:          162384 kB
MemAvailable:    1445672 kB
Buffers:          106452 kB
Cached:          1189536 kB
MemTotal:        1844596 kB
MemFree:          163736 kB
MemAvailable:    1447024 kB
Buffers:          106452 kB
Cached:          1189536 kB
MemTotal:        1844596 kB
MemFree:          163988 kB
MemAvailable:    1447276 kB
Buffers:          106452 kB
Cached:          1189536 kB
MemTotal:        1844596 kB
MemFree:          163876 kB
MemAvailable:    1447164 kB
Buffers:          106452 kB
Cached:          1189536 kB
MemTotal:        1844596 kB
MemFree:          163764 kB
MemAvailable:    1447052 kB
Buffers:          106452 kB
Cached:          1189536 kB
MemTotal:        1844596 kB
MemFree:          163692 kB
MemAvailable:    1446980 kB
Buffers:          106452 kB
Cached:          1189536 kB
MemTotal:        1844596 kB
MemFree:          163772 kB
MemAvailable:    1447060 kB
Buffers:          106452 kB
Cached:          1189536 kB
MemTotal:        1844596 kB
MemFree:          162476 kB
MemAvailable:    1445764 kB
Buffers:          106452 kB
Cached:          1189536 kB
MemTotal:        1844596 kB
MemFree:          162636 kB
MemAvailable:    1445924 kB
Buffers:          106452 kB
Cached:          1189536 kB
MemTotal:        1844596 kB
MemFree:          162636 kB
MemAvailable:    1445924 kB
Buffers:          106452 kB
Cached:          1189536 kB
MemTotal:        1844596 kB
MemFree:          163876 kB
MemAvailable:    1447164 kB
Buffers:          106452 kB
Cached:          1189536 kB
MemTotal:        1844596 kB
MemFree:          162708 kB
MemAvailable:    1445996 kB
Buffers:          106452 kB
Cached:          1189536 kB
MemTotal:        1844596 kB
MemFree:          161912 kB
MemAvailable:    1445200 kB
Buffers:          106452 kB
Cached:          1189536 kB
MemTotal:        1844596 kB
MemFree:          162136 kB
MemAvailable:    1445424 kB
Buffers:          106452 kB
Cached:          1189536 kB
MemTotal:        1844596 kB
MemFree:          162472 kB
MemAvailable:    1445760 kB
Buffers:          106452 kB
Cached:          1189536 kB
MemTotal:        1844596 kB
MemFree:          160664 kB
MemAvailable:    1443952 kB
Buffers:          106452 kB
Cached:          1189536 kB
MemTotal:        1844596 kB
MemFree:          158060 kB
MemAvailable:    1441348 kB
Buffers:          106452 kB
Cached:          1189536 kB
MemTotal:        1844596 kB
MemFree:          155508 kB
MemAvailable:    1438796 kB
Buffers:          106452 kB
Cached:          1189536 kB
MemTotal:        1844596 kB
MemFree:          152844 kB
MemAvailable:    1436132 kB
Buffers:          106452 kB
Cached:          1189536 kB
MemTotal:        1844596 kB
MemFree:          150680 kB
MemAvailable:    1433968 kB
Buffers:          106452 kB
Cached:          1189536 kB
MemTotal:        1844596 kB
MemFree:          146404 kB
MemAvailable:    1429696 kB
Buffers:          106452 kB
Cached:          1189540 kB
MemTotal:        1844596 kB
MemFree:          145800 kB
MemAvailable:    1429092 kB
Buffers:          106452 kB
Cached:          1189540 kB
MemTotal:        1844596 kB
MemFree:          145668 kB
MemAvailable:    1428960 kB
Buffers:          106452 kB
Cached:          1189540 kB
MemTotal:        1844596 kB
MemFree:          144428 kB
MemAvailable:    1427720 kB
Buffers:          106452 kB
Cached:          1189540 kB
MemTotal:        1844596 kB
MemFree:          144676 kB
MemAvailable:    1427968 kB
Buffers:          106452 kB
Cached:          1189540 kB
MemTotal:        1844596 kB
MemFree:          144428 kB
MemAvailable:    1427720 kB
Buffers:          106452 kB
Cached:          1189540 kB
MemTotal:        1844596 kB
MemFree:          145288 kB
MemAvailable:    1428580 kB
Buffers:          106452 kB
Cached:          1189540 kB
MemTotal:        1844596 kB
MemFree:          145372 kB
MemAvailable:    1428664 kB
Buffers:          106452 kB
Cached:          1189540 kB
MemTotal:        1844596 kB
MemFree:          144860 kB
MemAvailable:    1428152 kB
Buffers:          106452 kB
Cached:          1189540 kB
MemTotal:        1844596 kB
MemFree:          145196 kB
MemAvailable:    1428488 kB
Buffers:          106452 kB
Cached:          1189540 kB
MemTotal:        1844596 kB
MemFree:          145172 kB
MemAvailable:    1428464 kB
Buffers:          106452 kB
Cached:          1189540 kB
MemTotal:        1844596 kB
MemFree:          145216 kB
MemAvailable:    1428508 kB
Buffers:          106452 kB
Cached:          1189540 kB
MemTotal:        1844596 kB
MemFree:          145096 kB
MemAvailable:    1428388 kB
Buffers:          106452 kB
Cached:          1189540 kB
MemTotal:        1844596 kB
MemFree:          145096 kB
MemAvailable:    1428388 kB
Buffers:          106452 kB
Cached:          1189540 kB
MemTotal:        1844596 kB
MemFree:          144480 kB
MemAvailable:    1427772 kB
Buffers:          106452 kB
Cached:          1189540 kB
MemTotal:        1844596 kB
MemFree:          143428 kB
MemAvailable:    1426720 kB
Buffers:          106452 kB
Cached:          1189540 kB
MemTotal:        1844596 kB
MemFree:          143172 kB
MemAvailable:    1426464 kB
Buffers:          106452 kB
Cached:          1189540 kB
MemTotal:        1844596 kB
MemFree:          143180 kB
MemAvailable:    1426472 kB
Buffers:          106452 kB
Cached:          1189540 kB
MemTotal:        1844596 kB
MemFree:          144280 kB
MemAvailable:    1427572 kB
Buffers:          106452 kB
Cached:          1189540 kB
MemTotal:        1844596 kB
MemFree:          144364 kB
MemAvailable:    1427656 kB
Buffers:          106452 kB
Cached:          1189540 kB
MemTotal:        1844596 kB
MemFree:          144292 kB
MemAvailable:    1427584 kB
Buffers:          106452 kB
Cached:          1189540 kB
MemTotal:        1844596 kB
MemFree:          143040 kB
MemAvailable:    1426332 kB
Buffers:          106452 kB
Cached:          1189540 kB
MemTotal:        1844596 kB
MemFree:          144172 kB
MemAvailable:    1427464 kB
Buffers:          106452 kB
Cached:          1189540 kB
MemTotal:        1844596 kB
MemFree:          144256 kB
MemAvailable:    1427548 kB
Buffers:          106452 kB
Cached:          1189540 kB
MemTotal:        1844596 kB
MemFree:          143064 kB
MemAvailable:    1426356 kB
Buffers:          106452 kB
Cached:          1189540 kB
MemTotal:        1844596 kB
MemFree:          144408 kB
MemAvailable:    1427700 kB
Buffers:          106452 kB
Cached:          1189540 kB
MemTotal:        1844596 kB
MemFree:          144172 kB
MemAvailable:    1427464 kB
Buffers:          106452 kB
Cached:          1189540 kB
MemTotal:        1844596 kB
MemFree:          144064 kB
MemAvailable:    1427356 kB
Buffers:          106452 kB
Cached:          1189540 kB
MemTotal:        1844596 kB
MemFree:          144304 kB
MemAvailable:    1427596 kB
Buffers:          106452 kB
Cached:          1189540 kB
MemTotal:        1844596 kB
MemFree:          143016 kB
MemAvailable:    1426308 kB
Buffers:          106452 kB
Cached:          1189540 kB
MemTotal:        1844596 kB
MemFree:          142920 kB
MemAvailable:    1426212 kB
Buffers:          106452 kB
Cached:          1189540 kB
MemTotal:        1844596 kB
MemFree:          144040 kB
MemAvailable:    1427332 kB
Buffers:          106452 kB
Cached:          1189540 kB
MemTotal:        1844596 kB
MemFree:          144208 kB
MemAvailable:    1427500 kB
Buffers:          106452 kB
Cached:          1189540 kB
MemTotal:        1844596 kB
MemFree:          144308 kB
MemAvailable:    1427600 kB
Buffers:          106452 kB
Cached:          1189540 kB
MemTotal:        1844596 kB
MemFree:          142692 kB
MemAvailable:    1425984 kB
Buffers:          106452 kB
Cached:          1189540 kB
MemTotal:        1844596 kB
MemFree:          138476 kB
MemAvailable:    1421768 kB
Buffers:          106452 kB
Cached:          1189540 kB
MemTotal:        1844596 kB
MemFree:          135732 kB
MemAvailable:    1419024 kB
Buffers:          106452 kB
Cached:          1189540 kB
MemTotal:        1844596 kB
MemFree:          135128 kB
MemAvailable:    1418420 kB
Buffers:          106452 kB
Cached:          1189540 kB
MemTotal:        1844596 kB
MemFree:          129300 kB
MemAvailable:    1412592 kB
Buffers:          106452 kB
Cached:          1189540 kB
MemTotal:        1844596 kB
MemFree:          127500 kB
MemAvailable:    1410792 kB
Buffers:          106452 kB
Cached:          1189540 kB
MemTotal:        1844596 kB
MemFree:          125340 kB
MemAvailable:    1408632 kB
Buffers:          106452 kB
Cached:          1189540 kB
MemTotal:        1844596 kB
MemFree:          126004 kB
MemAvailable:    1409296 kB
Buffers:          106452 kB
Cached:          1189540 kB
MemTotal:        1844596 kB
MemFree:          126012 kB
MemAvailable:    1409304 kB
Buffers:          106452 kB
Cached:          1189540 kB
MemTotal:        1844596 kB
MemFree:          126152 kB
MemAvailable:    1409444 kB
Buffers:          106452 kB
Cached:          1189540 kB
MemTotal:        1844596 kB
MemFree:          124836 kB
MemAvailable:    1408128 kB
Buffers:          106452 kB
Cached:          1189540 kB
MemTotal:        1844596 kB
MemFree:          125964 kB
MemAvailable:    1409256 kB
Buffers:          106452 kB
Cached:          1189540 kB
MemTotal:        1844596 kB
MemFree:          125988 kB
MemAvailable:    1409280 kB
Buffers:          106452 kB
Cached:          1189540 kB
MemTotal:        1844596 kB
MemFree:          125960 kB
MemAvailable:    1409252 kB
Buffers:          106452 kB
Cached:          1189540 kB
MemTotal:        1844596 kB
MemFree:          125956 kB
MemAvailable:    1409248 kB
Buffers:          106452 kB
Cached:          1189540 kB
MemTotal:        1844596 kB
MemFree:          124908 kB
MemAvailable:    1408200 kB
Buffers:          106452 kB
Cached:          1189540 kB
MemTotal:        1844596 kB
MemFree:          126024 kB
MemAvailable:    1409316 kB
Buffers:          106452 kB
Cached:          1189540 kB
MemTotal:        1844596 kB
MemFree:          124784 kB
MemAvailable:    1408076 kB
Buffers:          106452 kB
Cached:          1189540 kB
MemTotal:        1844596 kB
MemFree:          124784 kB
MemAvailable:    1408076 kB
Buffers:          106452 kB
Cached:          1189540 kB
MemTotal:        1844596 kB
MemFree:          125884 kB
MemAvailable:    1409176 kB
Buffers:          106452 kB
Cached:          1189540 kB
MemTotal:        1844596 kB
MemFree:          126136 kB
MemAvailable:    1409428 kB
Buffers:          106452 kB
Cached:          1189540 kB
MemTotal:        1844596 kB
MemFree:          125952 kB
MemAvailable:    1409244 kB
Buffers:          106452 kB
Cached:          1189540 kB
MemTotal:        1844596 kB
MemFree:          126012 kB
MemAvailable:    1409304 kB
Buffers:          106452 kB
Cached:          1189540 kB
MemTotal:        1844596 kB
MemFree:          124828 kB
MemAvailable:    1408120 kB
Buffers:          106452 kB
Cached:          1189540 kB
MemTotal:        1844596 kB
MemFree:          124912 kB
MemAvailable:    1408204 kB
Buffers:          106452 kB
Cached:          1189540 kB
MemTotal:        1844596 kB
MemFree:          125988 kB
MemAvailable:    1409280 kB
Buffers:          106452 kB
Cached:          1189540 kB
MemTotal:        1844596 kB
MemFree:          125464 kB
MemAvailable:    1408756 kB
Buffers:          106452 kB
Cached:          1189540 kB
MemTotal:        1844596 kB
MemFree:          124828 kB
MemAvailable:    1408120 kB
Buffers:          106452 kB
Cached:          1189540 kB
MemTotal:        1844596 kB
MemFree:          124952 kB
MemAvailable:    1408244 kB
Buffers:          106452 kB
Cached:          1189540 kB
MemTotal:        1844596 kB
MemFree:          124704 kB
MemAvailable:    1407996 kB
Buffers:          106452 kB
Cached:          1189540 kB
MemTotal:        1844596 kB
MemFree:          125888 kB
MemAvailable:    1409180 kB
Buffers:          106452 kB
Cached:          1189540 kB
MemTotal:        1844596 kB
MemFree:          125828 kB
MemAvailable:    1409120 kB
Buffers:          106452 kB
Cached:          1189540 kB
MemTotal:        1844596 kB
MemFree:          126064 kB
MemAvailable:    1409356 kB
Buffers:          106452 kB
Cached:          1189540 kB
MemTotal:        1844596 kB
MemFree:          124652 kB
MemAvailable:    1407944 kB
Buffers:          106452 kB
Cached:          1189540 kB
MemTotal:        1844596 kB
MemFree:          125880 kB
MemAvailable:    1409172 kB
Buffers:          106452 kB
Cached:          1189540 kB
MemTotal:        1844596 kB
MemFree:          126048 kB
MemAvailable:    1409340 kB
Buffers:          106452 kB
Cached:          1189540 kB
MemTotal:        1844596 kB
MemFree:          125964 kB
MemAvailable:    1409256 kB
Buffers:          106452 kB
Cached:          1189540 kB
MemTotal:        1844596 kB
MemFree:          125896 kB
MemAvailable:    1409196 kB
Buffers:          106452 kB
Cached:          1189552 kB
MemTotal:        1844596 kB
MemFree:          126152 kB
MemAvailable:    1409452 kB
Buffers:          106452 kB
Cached:          1189552 kB
MemTotal:        1844596 kB
MemFree:          124692 kB
MemAvailable:    1407992 kB
Buffers:          106452 kB
Cached:          1189552 kB
MemTotal:        1844596 kB
MemFree:          124684 kB
MemAvailable:    1407984 kB
Buffers:          106452 kB
Cached:          1189552 kB
MemTotal:        1844596 kB
MemFree:          123780 kB
MemAvailable:    1407080 kB
Buffers:          106452 kB
Cached:          1189552 kB
MemTotal:        1844596 kB
MemFree:          119752 kB
MemAvailable:    1403052 kB
Buffers:          106452 kB
Cached:          1189552 kB
MemTotal:        1844596 kB
MemFree:          115040 kB
MemAvailable:    1398340 kB
Buffers:          106452 kB
Cached:          1189552 kB
MemTotal:        1844596 kB
MemFree:          110452 kB
MemAvailable:    1393752 kB
Buffers:          106452 kB
Cached:          1189552 kB
MemTotal:        1844596 kB
MemFree:          108096 kB
MemAvailable:    1391396 kB
Buffers:          106452 kB
Cached:          1189552 kB
MemTotal:        1844596 kB
MemFree:          107848 kB
MemAvailable:    1391148 kB
Buffers:          106452 kB
Cached:          1189552 kB
MemTotal:        1844596 kB
MemFree:          107724 kB
MemAvailable:    1391024 kB
Buffers:          106452 kB
Cached:          1189552 kB
MemTotal:        1844596 kB
MemFree:          108096 kB
MemAvailable:    1391396 kB
Buffers:          106452 kB
Cached:          1189552 kB
MemTotal:        1844596 kB
MemFree:          107228 kB
MemAvailable:    1390528 kB
Buffers:          106452 kB
Cached:          1189552 kB
MemTotal:        1844596 kB
MemFree:          106348 kB
MemAvailable:    1389648 kB
Buffers:          106452 kB
Cached:          1189552 kB
MemTotal:        1844596 kB
MemFree:          107640 kB
MemAvailable:    1390940 kB
Buffers:          106452 kB
Cached:          1189552 kB
MemTotal:        1844596 kB
MemFree:          107600 kB
MemAvailable:    1390900 kB
Buffers:          106452 kB
Cached:          1189552 kB
MemTotal:        1844596 kB
MemFree:          107444 kB
MemAvailable:    1390744 kB
Buffers:          106452 kB
Cached:          1189552 kB
MemTotal:        1844596 kB
MemFree:          107696 kB
MemAvailable:    1390996 kB
Buffers:          106452 kB
Cached:          1189552 kB
MemTotal:        1844596 kB
MemFree:          106228 kB
MemAvailable:    1389528 kB
Buffers:          106452 kB
Cached:          1189552 kB
MemTotal:        1844596 kB
MemFree:          106228 kB
MemAvailable:    1389528 kB
Buffers:          106452 kB
Cached:          1189552 kB
MemTotal:        1844596 kB
MemFree:          107272 kB
MemAvailable:    1390572 kB
Buffers:          106452 kB
Cached:          1189552 kB
MemTotal:        1844596 kB
MemFree:          106236 kB
MemAvailable:    1389536 kB
Buffers:          106452 kB
Cached:          1189552 kB
MemTotal:        1844596 kB
MemFree:          106468 kB
MemAvailable:    1389768 kB
Buffers:          106452 kB
Cached:          1189552 kB
MemTotal:        1844596 kB
MemFree:          106804 kB
MemAvailable:    1390104 kB
Buffers:          106452 kB
Cached:          1189552 kB
MemTotal:        1844596 kB
MemFree:          105592 kB
MemAvailable:    1388892 kB
Buffers:          106452 kB
Cached:          1189552 kB
MemTotal:        1844596 kB
MemFree:          104064 kB
MemAvailable:    1387364 kB
Buffers:          106452 kB
Cached:          1189552 kB
MemTotal:        1844596 kB
MemFree:          103880 kB
MemAvailable:    1387180 kB
Buffers:          106452 kB
Cached:          1189552 kB
MemTotal:        1844596 kB
MemFree:          104624 kB
MemAvailable:    1387924 kB
Buffers:          106452 kB
Cached:          1189552 kB
MemTotal:        1844596 kB
MemFree:          104072 kB
MemAvailable:    1387372 kB
Buffers:          106452 kB
Cached:          1189552 kB
MemTotal:        1844596 kB
MemFree:          103756 kB
MemAvailable:    1387056 kB
Buffers:          106452 kB
Cached:          1189552 kB
MemTotal:        1844596 kB
MemFree:          103312 kB
MemAvailable:    1386612 kB
Buffers:          106452 kB
Cached:          1189552 kB
MemTotal:        1844596 kB
MemFree:          101648 kB
MemAvailable:    1384948 kB
Buffers:          106452 kB
Cached:          1189552 kB
MemTotal:        1844596 kB
MemFree:          101584 kB
MemAvailable:    1384884 kB
Buffers:          106452 kB
Cached:          1189552 kB
MemTotal:        1844596 kB
MemFree:          101536 kB
MemAvailable:    1384836 kB
Buffers:          106452 kB
Cached:          1189552 kB
MemTotal:        1844596 kB
MemFree:          101272 kB
MemAvailable:    1384572 kB
Buffers:          106452 kB
Cached:          1189552 kB
MemTotal:        1844596 kB
MemFree:          100228 kB
MemAvailable:    1383528 kB
Buffers:          106452 kB
Cached:          1189552 kB
MemTotal:        1844596 kB
MemFree:          101632 kB
MemAvailable:    1384932 kB
Buffers:          106452 kB
Cached:          1189552 kB
MemTotal:        1844596 kB
MemFree:          101448 kB
MemAvailable:    1384748 kB
Buffers:          106452 kB
Cached:          1189552 kB
MemTotal:        1844596 kB
MemFree:          101500 kB
MemAvailable:    1384800 kB
Buffers:          106452 kB
Cached:          1189552 kB
MemTotal:        1844596 kB
MemFree:          100656 kB
MemAvailable:    1383956 kB
Buffers:          106452 kB
Cached:          1189552 kB
MemTotal:        1844596 kB
MemFree:          100020 kB
MemAvailable:    1383324 kB
Buffers:          106452 kB
Cached:          1189556 kB
MemTotal:        1844596 kB
MemFree:           99540 kB
MemAvailable:    1382844 kB
Buffers:          106452 kB
Cached:          1189556 kB
MemTotal:        1844596 kB
MemFree:           98616 kB
MemAvailable:    1381920 kB
Buffers:          106452 kB
Cached:          1189556 kB
MemTotal:        1844596 kB
MemFree:           99852 kB
MemAvailable:    1383156 kB
Buffers:          106452 kB
Cached:          1189556 kB
MemTotal:        1844596 kB
MemFree:           98920 kB
MemAvailable:    1382224 kB
Buffers:          106452 kB
Cached:          1189556 kB
MemTotal:        1844596 kB
MemFree:           98548 kB
MemAvailable:    1381852 kB
Buffers:          106452 kB
Cached:          1189556 kB
MemTotal:        1844596 kB
MemFree:           98548 kB
MemAvailable:    1381852 kB
Buffers:          106452 kB
Cached:          1189556 kB
MemTotal:        1844596 kB
MemFree:           98748 kB
MemAvailable:    1382052 kB
Buffers:          106452 kB
Cached:          1189556 kB
MemTotal:        1844596 kB
MemFree:           98624 kB
MemAvailable:    1381928 kB
Buffers:          106452 kB
Cached:          1189556 kB
MemTotal:        1844596 kB
MemFree:           99860 kB
MemAvailable:    1383164 kB
Buffers:          106452 kB
Cached:          1189556 kB
MemTotal:        1844596 kB
MemFree:          100000 kB
MemAvailable:    1383304 kB
Buffers:          106452 kB
Cached:          1189556 kB
MemTotal:        1844596 kB
MemFree:           99888 kB
MemAvailable:    1383192 kB
Buffers:          106452 kB
Cached:          1189556 kB
MemTotal:        1844596 kB
MemFree:           98400 kB
MemAvailable:    1381704 kB
Buffers:          106452 kB
Cached:          1189556 kB
MemTotal:        1844596 kB
MemFree:           98608 kB
MemAvailable:    1381912 kB
Buffers:          106452 kB
Cached:          1189556 kB
MemTotal:        1844596 kB
MemFree:           99776 kB
MemAvailable:    1383080 kB
Buffers:          106452 kB
Cached:          1189556 kB
MemTotal:        1844596 kB
MemFree:           98724 kB
MemAvailable:    1382028 kB
Buffers:          106452 kB
Cached:          1189556 kB
MemTotal:        1844596 kB
MemFree:           99884 kB
MemAvailable:    1383188 kB
Buffers:          106452 kB
Cached:          1189556 kB
MemTotal:        1844596 kB
MemFree:           99648 kB
MemAvailable:    1382952 kB
Buffers:          106452 kB
Cached:          1189556 kB
MemTotal:        1844596 kB
MemFree:           98632 kB
MemAvailable:    1381936 kB
Buffers:          106452 kB
Cached:          1189556 kB
MemTotal:        1844596 kB
MemFree:           99788 kB
MemAvailable:    1383092 kB
Buffers:          106452 kB
Cached:          1189556 kB
MemTotal:        1844596 kB
MemFree:           99648 kB
MemAvailable:    1382952 kB
Buffers:          106452 kB
Cached:          1189556 kB
MemTotal:        1844596 kB
MemFree:           99984 kB
MemAvailable:    1383288 kB
Buffers:          106452 kB
Cached:          1189556 kB
MemTotal:        1844596 kB
MemFree:           99720 kB
MemAvailable:    1383024 kB
Buffers:          106452 kB
Cached:          1189556 kB
MemTotal:        1844596 kB
MemFree:           99540 kB
MemAvailable:    1382844 kB
Buffers:          106452 kB
Cached:          1189556 kB
MemTotal:        1844596 kB
MemFree:           99828 kB
MemAvailable:    1383132 kB
Buffers:          106452 kB
Cached:          1189556 kB
MemTotal:        1844596 kB
MemFree:           98604 kB
MemAvailable:    1381908 kB
Buffers:          106452 kB
Cached:          1189556 kB
MemTotal:        1844596 kB
MemFree:           98780 kB
MemAvailable:    1382084 kB
Buffers:          106452 kB
Cached:          1189556 kB
MemTotal:        1844596 kB
MemFree:           98632 kB
MemAvailable:    1381936 kB
Buffers:          106452 kB
Cached:          1189556 kB
MemTotal:        1844596 kB
MemFree:           99748 kB
MemAvailable:    1383056 kB
Buffers:          106452 kB
Cached:          1189560 kB
MemTotal:        1844596 kB
MemFree:           98672 kB
MemAvailable:    1381980 kB
Buffers:          106452 kB
Cached:          1189560 kB
MemTotal:        1844596 kB
MemFree:           98548 kB
MemAvailable:    1381856 kB
Buffers:          106452 kB
Cached:          1189560 kB
MemTotal:        1844596 kB
MemFree:           98664 kB
MemAvailable:    1381972 kB
Buffers:          106452 kB
Cached:          1189560 kB
MemTotal:        1844596 kB
MemFree:           98424 kB
MemAvailable:    1381732 kB
Buffers:          106452 kB
Cached:          1189560 kB
MemTotal:        1844596 kB
MemFree:           99700 kB
MemAvailable:    1383008 kB
Buffers:          106452 kB
Cached:          1189560 kB
MemTotal:        1844596 kB
MemFree:           99972 kB
MemAvailable:    1383280 kB
Buffers:          106452 kB
Cached:          1189560 kB
MemTotal:        1844596 kB
MemFree:           99780 kB
MemAvailable:    1383088 kB
Buffers:          106452 kB
Cached:          1189560 kB
MemTotal:        1844596 kB
MemFree:           99840 kB
MemAvailable:    1383148 kB
Buffers:          106452 kB
Cached:          1189560 kB
MemTotal:        1844596 kB
MemFree:           98756 kB
MemAvailable:    1382064 kB
Buffers:          106452 kB
Cached:          1189560 kB
MemTotal:        1844596 kB
MemFree:           99648 kB
MemAvailable:    1382956 kB
Buffers:          106452 kB
Cached:          1189560 kB
MemTotal:        1844596 kB
MemFree:           99984 kB
MemAvailable:    1383292 kB
Buffers:          106452 kB
Cached:          1189560 kB
MemTotal:        1844596 kB
MemFree:           99724 kB
MemAvailable:    1383032 kB
Buffers:          106452 kB
Cached:          1189560 kB
MemTotal:        1844596 kB
MemFree:           98672 kB
MemAvailable:    1381980 kB
Buffers:          106452 kB
Cached:          1189560 kB
MemTotal:        1844596 kB
MemFree:           99792 kB
MemAvailable:    1383100 kB
Buffers:          106452 kB
Cached:          1189560 kB
MemTotal:        1844596 kB
MemFree:           98796 kB
MemAvailable:    1382104 kB
Buffers:          106452 kB
Cached:          1189560 kB
MemTotal:        1844596 kB
MemFree:           96060 kB
MemAvailable:    1379368 kB
Buffers:          106452 kB
Cached:          1189560 kB
MemTotal:        1844596 kB
MemFree:           95952 kB
MemAvailable:    1379260 kB
Buffers:          106452 kB
Cached:          1189560 kB
MemTotal:        1844596 kB
MemFree:           91340 kB
MemAvailable:    1374648 kB
Buffers:          106452 kB
Cached:          1189560 kB
MemTotal:        1844596 kB
MemFree:           90612 kB
MemAvailable:    1373920 kB
Buffers:          106452 kB
Cached:          1189560 kB
MemTotal:        1844596 kB
MemFree:           87192 kB
MemAvailable:    1370500 kB
Buffers:          106452 kB
Cached:          1189560 kB
MemTotal:        1844596 kB
MemFree:           84992 kB
MemAvailable:    1368300 kB
Buffers:          106452 kB
Cached:          1189560 kB
MemTotal:        1844596 kB
MemFree:           81188 kB
MemAvailable:    1364496 kB
Buffers:          106452 kB
Cached:          1189560 kB
MemTotal:        1844596 kB
MemFree:           79072 kB
MemAvailable:    1362380 kB
Buffers:          106452 kB
Cached:          1189560 kB
MemTotal:        1844596 kB
MemFree:           79196 kB
MemAvailable:    1362504 kB
Buffers:          106452 kB
Cached:          1189560 kB
MemTotal:        1844596 kB
MemFree:           79204 kB
MemAvailable:    1362512 kB
Buffers:          106452 kB
Cached:          1189560 kB
MemTotal:        1844596 kB
MemFree:           80312 kB
MemAvailable:    1363620 kB
Buffers:          106452 kB
Cached:          1189560 kB
MemTotal:        1844596 kB
MemFree:           80568 kB
MemAvailable:    1363876 kB
Buffers:          106452 kB
Cached:          1189560 kB
MemTotal:        1844596 kB
MemFree:           79032 kB
MemAvailable:    1362340 kB
Buffers:          106452 kB
Cached:          1189560 kB
MemTotal:        1844596 kB
MemFree:           79032 kB
MemAvailable:    1362340 kB
Buffers:          106452 kB
Cached:          1189560 kB
MemTotal:        1844596 kB
MemFree:           80444 kB
MemAvailable:    1363752 kB
Buffers:          106452 kB
Cached:          1189560 kB
MemTotal:        1844596 kB
MemFree:           79584 kB
MemAvailable:    1362892 kB
Buffers:          106452 kB
Cached:          1189560 kB
MemTotal:        1844596 kB
MemFree:           80140 kB
MemAvailable:    1363448 kB
Buffers:          106452 kB
Cached:          1189560 kB
MemTotal:        1844596 kB
MemFree:           78908 kB
MemAvailable:    1362216 kB
Buffers:          106452 kB
Cached:          1189560 kB
MemTotal:        1844596 kB
MemFree:           80444 kB
MemAvailable:    1363752 kB
Buffers:          106452 kB
Cached:          1189560 kB
MemTotal:        1844596 kB
MemFree:           80336 kB
MemAvailable:    1363644 kB
Buffers:          106452 kB
Cached:          1189560 kB
MemTotal:        1844596 kB
MemFree:           79196 kB
MemAvailable:    1362504 kB
Buffers:          106452 kB
Cached:          1189560 kB
MemTotal:        1844596 kB
MemFree:           80188 kB
MemAvailable:    1363496 kB
Buffers:          106452 kB
Cached:          1189560 kB
MemTotal:        1844596 kB
MemFree:           80132 kB
MemAvailable:    1363440 kB
Buffers:          106452 kB
Cached:          1189560 kB
MemTotal:        1844596 kB
MemFree:           78892 kB
MemAvailable:    1362200 kB
Buffers:          106452 kB
Cached:          1189560 kB
MemTotal:        1844596 kB
MemFree:           80004 kB
MemAvailable:    1363312 kB
Buffers:          106452 kB
Cached:          1189560 kB
MemTotal:        1844596 kB
MemFree:           80080 kB
MemAvailable:    1363388 kB
Buffers:          106452 kB
Cached:          1189560 kB
MemTotal:        1844596 kB
MemFree:           78652 kB
MemAvailable:    1361960 kB
Buffers:          106452 kB
Cached:          1189560 kB
MemTotal:        1844596 kB
MemFree:           78944 kB
MemAvailable:    1362252 kB
Buffers:          106452 kB
Cached:          1189560 kB
MemTotal:        1844596 kB
MemFree:           78688 kB
MemAvailable:    1361996 kB
Buffers:          106452 kB
Cached:          1189560 kB
MemTotal:        1844596 kB
MemFree:           79020 kB
MemAvailable:    1362328 kB
Buffers:          106452 kB
Cached:          1189560 kB
MemTotal:        1844596 kB
MemFree:           78584 kB
MemAvailable:    1361892 kB
Buffers:          106452 kB
Cached:          1189560 kB
MemTotal:        1844596 kB
MemFree:           79264 kB
MemAvailable:    1362572 kB
Buffers:          106452 kB
Cached:          1189560 kB
MemTotal:        1844596 kB
MemFree:           77832 kB
MemAvailable:    1361140 kB
Buffers:          106452 kB
Cached:          1189560 kB
MemTotal:        1844596 kB
MemFree:           73996 kB
MemAvailable:    1357304 kB
Buffers:          106452 kB
Cached:          1189560 kB
MemTotal:        1844596 kB
MemFree:           68292 kB
MemAvailable:    1351600 kB
Buffers:          106452 kB
Cached:          1189560 kB
MemTotal:        1844596 kB
MemFree:           69036 kB
MemAvailable:    1352344 kB
Buffers:          106452 kB
Cached:          1189560 kB
MemTotal:        1844596 kB
MemFree:           70080 kB
MemAvailable:    1353388 kB
Buffers:          106452 kB
Cached:          1189560 kB
MemTotal:        1844596 kB
MemFree:           68648 kB
MemAvailable:    1351956 kB
Buffers:          106452 kB
Cached:          1189560 kB
MemTotal:        1844596 kB
MemFree:           68648 kB
MemAvailable:    1351956 kB
Buffers:          106452 kB
Cached:          1189560 kB
MemTotal:        1844596 kB
MemFree:           68292 kB
MemAvailable:    1351600 kB
Buffers:          106452 kB
Cached:          1189560 kB
MemTotal:        1844596 kB
MemFree:           65860 kB
MemAvailable:    1349168 kB
Buffers:          106452 kB
Cached:          1189560 kB
MemTotal:        1844596 kB
MemFree:           67100 kB
MemAvailable:    1350408 kB
Buffers:          106452 kB
Cached:          1189560 kB
MemTotal:        1844596 kB
MemFree:           67136 kB
MemAvailable:    1350444 kB
Buffers:          106452 kB
Cached:          1189560 kB
MemTotal:        1844596 kB
MemFree:           65744 kB
MemAvailable:    1349052 kB
Buffers:          106452 kB
Cached:          1189560 kB
MemTotal:        1844596 kB
MemFree:           67088 kB
MemAvailable:    1350480 kB
Buffers:          106452 kB
Cached:          1189684 kB
MemTotal:        1844596 kB
MemFree:           65536 kB
MemAvailable:    1349012 kB
Buffers:          106452 kB
Cached:          1189808 kB
MemTotal:        1844596 kB
MemFree:           66728 kB
MemAvailable:    1350372 kB
Buffers:          106452 kB
Cached:          1189932 kB
MemTotal:        1844596 kB
MemFree:           65508 kB
MemAvailable:    1349152 kB
Buffers:          106452 kB
Cached:          1189932 kB
MemTotal:        1844596 kB
MemFree:           66444 kB
MemAvailable:    1350256 kB
Buffers:          106452 kB
Cached:          1190056 kB
MemTotal:        1844596 kB
MemFree:           65908 kB
MemAvailable:    1349720 kB
Buffers:          106452 kB
Cached:          1190056 kB
MemTotal:        1844596 kB
MemFree:           66204 kB
MemAvailable:    1350068 kB
Buffers:          106452 kB
Cached:          1190072 kB
MemTotal:        1844596 kB
MemFree:           66372 kB
MemAvailable:    1350236 kB
Buffers:          106452 kB
Cached:          1190072 kB
MemTotal:        1844596 kB
MemFree:           66324 kB
MemAvailable:    1350216 kB
Buffers:          106452 kB
Cached:          1190192 kB
MemTotal:        1844596 kB
MemFree:           66320 kB
MemAvailable:    1350212 kB
Buffers:          106452 kB
Cached:          1190192 kB
MemTotal:        1844596 kB
MemFree:           66588 kB
MemAvailable:    1350480 kB
Buffers:          106452 kB
Cached:          1190192 kB
MemTotal:        1844596 kB
MemFree:           65000 kB
MemAvailable:    1348892 kB
Buffers:          106452 kB
Cached:          1190192 kB
MemTotal:        1844596 kB
MemFree:           65128 kB
MemAvailable:    1349020 kB
Buffers:          106452 kB
Cached:          1190192 kB
MemTotal:        1844596 kB
MemFree:           65644 kB
MemAvailable:    1349704 kB
Buffers:          106452 kB
Cached:          1190316 kB
MemTotal:        1844596 kB
MemFree:           66024 kB
MemAvailable:    1350168 kB
Buffers:          106452 kB
Cached:          1190316 kB
MemTotal:        1844596 kB
MemFree:           94524 kB
MemAvailable:    1377996 kB
Buffers:          106452 kB
Cached:          1189560 kB
MemTotal:        1844596 kB
MemFree:          105476 kB
MemAvailable:    1388864 kB
Buffers:          106452 kB
Cached:          1189560 kB
MemTotal:        1844596 kB
MemFree:          258536 kB
MemAvailable:    1541924 kB
Buffers:          106452 kB
Cached:          1189560 kB
