MemTotal:        1844596 kB
MemFree:          772716 kB
MemAvailable:    1547316 kB
Buffers:           87804 kB
Cached:           713468 kB
MemTotal:        1844596 kB
MemFree:          747924 kB
MemAvailable:    1522464 kB
Buffers:           87804 kB
Cached:           713372 kB
MemTotal:        1844596 kB
MemFree:          744072 kB
MemAvailable:    1518612 kB
Buffers:           87804 kB
Cached:           713372 kB
MemTotal:        1844596 kB
MemFree:          743204 kB
MemAvailable:    1517744 kB
Buffers:           87804 kB
Cached:           713372 kB
MemTotal:        1844596 kB
MemFree:          744320 kB
MemAvailable:    1518860 kB
Buffers:           87804 kB
Cached:           713372 kB
MemTotal:        1844596 kB
MemFree:          741636 kB
MemAvailable:    1516176 kB
Buffers:           87804 kB
Cached:           713372 kB
MemTotal:        1844596 kB
MemFree:          741484 kB
MemAvailable:    1516024 kB
Buffers:           87804 kB
Cached:           713372 kB
MemTotal:        1844596 kB
MemFree:          740668 kB
MemAvailable:    1515208 kB
Buffers:           87804 kB
Cached:           713372 kB
MemTotal:        1844596 kB
MemFree:          737376 kB
MemAvailable:    1511916 kB
Buffers:           87804 kB
Cached:           713372 kB
MemTotal:        1844596 kB
MemFree:          734648 kB
MemAvailable:    1509188 kB
Buffers:           87804 kB
Cached:           713372 kB
MemTotal:        1844596 kB
MemFree:          732424 kB
MemAvailable:    1506964 kB
Buffers:           87804 kB
Cached:           713372 kB
MemTotal:        1844596 kB
MemFree:          729440 kB
MemAvailable:    1503980 kB
Buffers:           87804 kB
Cached:           713372 kB
MemTotal:        1844596 kB
MemFree:          733064 kB
MemAvailable:    1507604 kB
Buffers:           87804 kB
Cached:           713372 kB
MemTotal:        1844596 kB
MemFree:          731928 kB
MemAvailable:    1506468 kB
Buffers:           87804 kB
Cached:           713372 kB
MemTotal:        1844596 kB
MemFree:          733044 kB
MemAvailable:    1507584 kB
Buffers:           87804 kB
Cached:           713372 kB
MemTotal:        1844596 kB
MemFree:          731920 kB
MemAvailable:    1506460 kB
Buffers:           87804 kB
Cached:           713372 kB
MemTotal:        1844596 kB
MemFree:          732532 kB
MemAvailable:    1507072 kB
Buffers:           87804 kB
Cached:           713372 kB
MemTotal:        1844596 kB
MemFree:          732868 kB
MemAvailable:    1507408 kB
Buffers:           87804 kB
Cached:           713372 kB
MemTotal:        1844596 kB
MemFree:          732540 kB
MemAvailable:    1507080 kB
Buffers:           87804 kB
Cached:           713372 kB
MemTotal:        1844596 kB
MemFree:          732636 kB
MemAvailable:    1507176 kB
Buffers:           87804 kB
Cached:           713372 kB
MemTotal:        1844596 kB
MemFree:          732616 kB
MemAvailable:    1507156 kB
Buffers:           87804 kB
Cached:           713372 kB
MemTotal:        1844596 kB
MemFree:          732264 kB
MemAvailable:    1506804 kB
Buffers:           87804 kB
Cached:           713372 kB
MemTotal:        1844596 kB
MemFree:          731928 kB
MemAvailable:    1506468 kB
Buffers:           87804 kB
Cached:           713372 kB
MemTotal:        1844596 kB
MemFree:          732304 kB
MemAvailable:    1506844 kB
Buffers:           87804 kB
Cached:           713372 kB
MemTotal:        1844596 kB
MemFree:          730872 kB
MemAvailable:    1505412 kB
Buffers:           87804 kB
Cached:           713372 kB
MemTotal:        1844596 kB
MemFree:          730804 kB
MemAvailable:    1505344 kB
Buffers:           87804 kB
Cached:           713372 kB
MemTotal:        1844596 kB
MemFree:          731168 kB
MemAvailable:    1505708 kB
Buffers:           87804 kB
Cached:           713372 kB
MemTotal:        1844596 kB
MemFree:          731168 kB
MemAvailable:    1505708 kB
Buffers:           87804 kB
Cached:           713372 kB
MemTotal:        1844596 kB
MemFree:          730056 kB
MemAvailable:    1504596 kB
Buffers:           87804 kB
Cached:           713372 kB
MemTotal:        1844596 kB
MemFree:          730056 kB
MemAvailable:    1504596 kB
Buffers:           87804 kB
Cached:           713372 kB
MemTotal:        1844596 kB
MemFree:          730500 kB
MemAvailable:    1505040 kB
Buffers:           87804 kB
Cached:           713372 kB
MemTotal:        1844596 kB
MemFree:          730176 kB
MemAvailable:    1504716 kB
Buffers:           87804 kB
Cached:           713372 kB
MemTotal:        1844596 kB
MemFree:          730432 kB
MemAvailable:    1504972 kB
Buffers:           87804 kB
Cached:           713372 kB
MemTotal:        1844596 kB
MemFree:          729988 kB
MemAvailable:    1504528 kB
Buffers:           87804 kB
Cached:           713372 kB
MemTotal:        1844596 kB
MemFree:          730116 kB
MemAvailable:    1504656 kB
Buffers:           87804 kB
Cached:           713372 kB
MemTotal:        1844596 kB
MemFree:          730044 kB
MemAvailable:    1504584 kB
Buffers:           87804 kB
Cached:           713372 kB
MemTotal:        1844596 kB
MemFree:          730076 kB
MemAvailable:    1504616 kB
Buffers:           87804 kB
Cached:           713372 kB
MemTotal:        1844596 kB
MemFree:          729864 kB
MemAvailable:    1504404 kB
Buffers:           87804 kB
Cached:           713372 kB
MemTotal:        1844596 kB
MemFree:          729996 kB
MemAvailable:    1504536 kB
Buffers:           87804 kB
Cached:           713372 kB
MemTotal:        1844596 kB
MemFree:          728816 kB
MemAvailable:    1503356 kB
Buffers:           87804 kB
Cached:           713372 kB
MemTotal:        1844596 kB
MemFree:          727960 kB
MemAvailable:    1502500 kB
Buffers:           87804 kB
Cached:           713372 kB
MemTotal:        1844596 kB
MemFree:          724488 kB
MemAvailable:    1499028 kB
Buffers:           87804 kB
Cached:           713372 kB
MemTotal:        1844596 kB
MemFree:          724912 kB
MemAvailable:    1499452 kB
Buffers:           87804 kB
Cached:           713372 kB
MemTotal:        1844596 kB
MemFree:          724116 kB
MemAvailable:    1498656 kB
Buffers:           87804 kB
Cached:           713372 kB
MemTotal:        1844596 kB
MemFree:          724484 kB
MemAvailable:    1499024 kB
Buffers:           87804 kB
Cached:           713372 kB
MemTotal:        1844596 kB
MemFree:          724432 kB
MemAvailable:    1498972 kB
Buffers:           87804 kB
Cached:           713372 kB
MemTotal:        1844596 kB
MemFree:          723228 kB
MemAvailable:    1497768 kB
Buffers:           87804 kB
Cached:           713372 kB
MemTotal:        1844596 kB
MemFree:          724652 kB
MemAvailable:    1499192 kB
Buffers:           87804 kB
Cached:           713372 kB
MemTotal:        1844596 kB
MemFree:          723044 kB
MemAvailable:    1497584 kB
Buffers:           87804 kB
Cached:           713372 kB
MemTotal:        1844596 kB
MemFree:          724644 kB
MemAvailable:    1499184 kB
Buffers:           87804 kB
Cached:           713372 kB
MemTotal:        1844596 kB
MemFree:          724532 kB
MemAvailable:    1499072 kB
Buffers:           87804 kB
Cached:           713372 kB
MemTotal:        1844596 kB
MemFree:          722788 kB
MemAvailable:    1497328 kB
Buffers:           87804 kB
Cached:           713372 kB
MemTotal:        1844596 kB
MemFree:          724160 kB
MemAvailable:    1498700 kB
Buffers:           87804 kB
Cached:           713372 kB
MemTotal:        1844596 kB
MemFree:          724012 kB
MemAvailable:    1498552 kB
Buffers:           87804 kB
Cached:           713372 kB
MemTotal:        1844596 kB
MemFree:          723984 kB
MemAvailable:    1498524 kB
Buffers:           87804 kB
Cached:           713372 kB
MemTotal:        1844596 kB
MemFree:          722980 kB
MemAvailable:    1497520 kB
Buffers:           87804 kB
Cached:           713372 kB
MemTotal:        1844596 kB
MemFree:          722848 kB
MemAvailable:    1497388 kB
Buffers:           87804 kB
Cached:           713372 kB
MemTotal:        1844596 kB
MemFree:          718784 kB
MemAvailable:    1493324 kB
Buffers:           87804 kB
Cached:           713372 kB
MemTotal:        1844596 kB
MemFree:          718396 kB
MemAvailable:    1492936 kB
Buffers:           87804 kB
Cached:           713372 kB
MemTotal:        1844596 kB
MemFree:          718040 kB
MemAvailable:    1492580 kB
Buffers:           87804 kB
Cached:           713372 kB
MemTotal:        1844596 kB
MemFree:          716868 kB
MemAvailable:    1491408 kB
Buffers:           87804 kB
Cached:           713372 kB
MemTotal:        1844596 kB
MemFree:          716412 kB
MemAvailable:    1490952 kB
Buffers:           87804 kB
Cached:           713372 kB
MemTotal:        1844596 kB
MemFree:          716304 kB
MemAvailable:    1490844 kB
Buffers:           87804 kB
Cached:           713372 kB
MemTotal:        1844596 kB
MemFree:          714924 kB
MemAvailable:    1489464 kB
Buffers:           87804 kB
Cached:           713372 kB
MemTotal:        1844596 kB
MemFree:          714684 kB
MemAvailable:    1489224 kB
Buffers:           87804 kB
Cached:           713372 kB
MemTotal:        1844596 kB
MemFree:          715612 kB
MemAvailable:    1490152 kB
Buffers:           87804 kB
Cached:           713372 kB
MemTotal:        1844596 kB
MemFree:          714560 kB
MemAvailable:    1489100 kB
Buffers:           87804 kB
Cached:           713372 kB
MemTotal:        1844596 kB
MemFree:          714196 kB
MemAvailable:    1488736 kB
Buffers:           87804 kB
Cached:           713372 kB
MemTotal:        1844596 kB
MemFree:          715420 kB
MemAvailable:    1489960 kB
Buffers:           87804 kB
Cached:           713372 kB
MemTotal:        1844596 kB
MemFree:          714148 kB
MemAvailable:    1488688 kB
Buffers:           87804 kB
Cached:           713372 kB
MemTotal:        1844596 kB
MemFree:          715444 kB
MemAvailable:    1489984 kB
Buffers:           87804 kB
Cached:           713372 kB
MemTotal:        1844596 kB
MemFree:          715500 kB
MemAvailable:    1490040 kB
Buffers:           87804 kB
Cached:           713372 kB
MemTotal:        1844596 kB
MemFree:          714180 kB
MemAvailable:    1488720 kB
Buffers:           87804 kB
Cached:           713372 kB
MemTotal:        1844596 kB
MemFree:          714296 kB
MemAvailable:    1488836 kB
Buffers:           87804 kB
Cached:           713372 kB
MemTotal:        1844596 kB
MemFree:          714256 kB
MemAvailable:    1488796 kB
Buffers:           87804 kB
Cached:           713372 kB
MemTotal:        1844596 kB
MemFree:          714000 kB
MemAvailable:    1488544 kB
Buffers:           87804 kB
Cached:           713376 kB
MemTotal:        1844596 kB
MemFree:          715464 kB
MemAvailable:    1490008 kB
Buffers:           87804 kB
Cached:           713376 kB
MemTotal:        1844596 kB
MemFree:          715464 kB
MemAvailable:    1490008 kB
Buffers:           87804 kB
Cached:           713376 kB
MemTotal:        1844596 kB
MemFree:          715436 kB
MemAvailable:    1489988 kB
Buffers:           87804 kB
Cached:           713384 kB
MemTotal:        1844596 kB
MemFree:          715312 kB
MemAvailable:    1489864 kB
Buffers:           87804 kB
Cached:           713384 kB
MemTotal:        1844596 kB
MemFree:          713768 kB
MemAvailable:    1488320 kB
Buffers:           87804 kB
Cached:           713384 kB
MemTotal:        1844596 kB
MemFree:          715052 kB
MemAvailable:    1489604 kB
Buffers:           87804 kB
Cached:           713384 kB
MemTotal:        1844596 kB
MemFree:          713824 kB
MemAvailable:    1488376 kB
Buffers:           87804 kB
Cached:           713384 kB
MemTotal:        1844596 kB
MemFree:          711156 kB
MemAvailable:    1485708 kB
Buffers:           87804 kB
Cached:           713384 kB
MemTotal:        1844596 kB
MemFree:          707740 kB
MemAvailable:    1482292 kB
Buffers:           87804 kB
Cached:           713384 kB
MemTotal:        1844596 kB
MemFree:          707500 kB
MemAvailable:    1482052 kB
Buffers:           87804 kB
Cached:           713384 kB
MemTotal:        1844596 kB
MemFree:          706872 kB
MemAvailable:    1481424 kB
Buffers:           87804 kB
Cached:           713384 kB
MemTotal:        1844596 kB
MemFree:          706956 kB
MemAvailable:    1481508 kB
Buffers:           87804 kB
Cached:           713384 kB
MemTotal:        1844596 kB
MemFree:          706760 kB
MemAvailable:    1481312 kB
Buffers:           87804 kB
Cached:           713384 kB
MemTotal:        1844596 kB
MemFree:          706612 kB
MemAvailable:    1481164 kB
Buffers:           87804 kB
Cached:           713384 kB
MemTotal:        1844596 kB
MemFree:          706516 kB
MemAvailable:    1481068 kB
Buffers:           87804 kB
Cached:           713384 kB
MemTotal:        1844596 kB
MemFree:          706304 kB
MemAvailable:    1480856 kB
Buffers:           87804 kB
Cached:           713384 kB
MemTotal:        1844596 kB
MemFree:          706500 kB
MemAvailable:    1481052 kB
Buffers:           87804 kB
Cached:           713384 kB
MemTotal:        1844596 kB
MemFree:          706584 kB
MemAvailable:    1481136 kB
Buffers:           87804 kB
Cached:           713384 kB
MemTotal:        1844596 kB
MemFree:          706388 kB
MemAvailable:    1480940 kB
Buffers:           87804 kB
Cached:           713384 kB
MemTotal:        1844596 kB
MemFree:          705076 kB
MemAvailable:    1479628 kB
Buffers:           87804 kB
Cached:           713384 kB
MemTotal:        1844596 kB
MemFree:          706572 kB
MemAvailable:    1481124 kB
Buffers:           87804 kB
Cached:           713384 kB
MemTotal:        1844596 kB
MemFree:          705252 kB
MemAvailable:    1479804 kB
Buffers:           87804 kB
Cached:           713384 kB
MemTotal:        1844596 kB
MemFree:          705120 kB
MemAvailable:    1479672 kB
Buffers:           87804 kB
Cached:           713384 kB
MemTotal:        1844596 kB
MemFree:          705204 kB
MemAvailable:    1479756 kB
Buffers:           87804 kB
Cached:           713384 kB
MemTotal:        1844596 kB
MemFree:          705204 kB
MemAvailable:    1479756 kB
Buffers:           87804 kB
Cached:           713384 kB
MemTotal:        1844596 kB
MemFree:          705372 kB
MemAvailable:    1479924 kB
Buffers:           87804 kB
Cached:           713384 kB
MemTotal:        1844596 kB
MemFree:          705144 kB
MemAvailable:    1479696 kB
Buffers:           87804 kB
Cached:           713384 kB
MemTotal:        1844596 kB
MemFree:          706196 kB
MemAvailable:    1480748 kB
Buffers:           87804 kB
Cached:           713384 kB
MemTotal:        1844596 kB
MemFree:          705712 kB
MemAvailable:    1480264 kB
Buffers:           87804 kB
Cached:           713384 kB
MemTotal:        1844596 kB
MemFree:          706288 kB
MemAvailable:    1480840 kB
Buffers:           87804 kB
Cached:           713384 kB
MemTotal:        1844596 kB
MemFree:          706012 kB
MemAvailable:    1480564 kB
Buffers:           87804 kB
Cached:           713384 kB
MemTotal:        1844596 kB
MemFree:          705212 kB
MemAvailable:    1479764 kB
Buffers:           87804 kB
Cached:           713384 kB
MemTotal:        1844596 kB
MemFree:          705212 kB
MemAvailable:    1479764 kB
Buffers:           87804 kB
Cached:           713384 kB
MemTotal:        1844596 kB
MemFree:          706320 kB
MemAvailable:    1480872 kB
Buffers:           87804 kB
Cached:           713384 kB
MemTotal:        1844596 kB
MemFree:          706392 kB
MemAvailable:    1480944 kB
Buffers:           87804 kB
Cached:           713384 kB
MemTotal:        1844596 kB
MemFree:          706336 kB
MemAvailable:    1480888 kB
Buffers:           87804 kB
Cached:           713384 kB
MemTotal:        1844596 kB
MemFree:          706376 kB
MemAvailable:    1480928 kB
Buffers:           87804 kB
Cached:           713384 kB
MemTotal:        1844596 kB
MemFree:          706268 kB
MemAvailable:    1480820 kB
Buffers:           87804 kB
Cached:           713384 kB
MemTotal:        1844596 kB
MemFree:          706388 kB
MemAvailable:    1480940 kB
Buffers:           87804 kB
Cached:           713384 kB
MemTotal:        1844596 kB
MemFree:          705648 kB
MemAvailable:    1480200 kB
Buffers:           87804 kB
Cached:           713384 kB
MemTotal:        1844596 kB
MemFree:          706204 kB
MemAvailable:    1480756 kB
Buffers:           87804 kB
Cached:           713384 kB
MemTotal:        1844596 kB
MemFree:          706540 kB
MemAvailable:    1481092 kB
Buffers:           87804 kB
Cached:           713384 kB
MemTotal:        1844596 kB
MemFree:          706384 kB
MemAvailable:    1480936 kB
Buffers:           87804 kB
Cached:           713384 kB
MemTotal:        1844596 kB
MemFree:          706508 kB
MemAvailable:    1481060 kB
Buffers:           87804 kB
Cached:           713384 kB
MemTotal:        1844596 kB
MemFree:          706584 kB
MemAvailable:    1481136 kB
Buffers:           87804 kB
Cached:           713384 kB
MemTotal:        1844596 kB
MemFree:          705500 kB
MemAvailable:    1480052 kB
Buffers:           87804 kB
Cached:           713384 kB
MemTotal:        1844596 kB
MemFree:          705152 kB
MemAvailable:    1479704 kB
Buffers:           87804 kB
Cached:           713384 kB
MemTotal:        1844596 kB
MemFree:          701112 kB
MemAvailable:    1475664 kB
Buffers:           87804 kB
Cached:           713384 kB
MemTotal:        1844596 kB
MemFree:          697888 kB
MemAvailable:    1472440 kB
Buffers:           87804 kB
Cached:           713384 kB
MemTotal:        1844596 kB
MemFree:          695580 kB
MemAvailable:    1470132 kB
Buffers:           87804 kB
Cached:           713384 kB
MemTotal:        1844596 kB
MemFree:          695348 kB
MemAvailable:    1469900 kB
Buffers:           87804 kB
Cached:           713384 kB
MemTotal:        1844596 kB
MemFree:          694464 kB
MemAvailable:    1469016 kB
Buffers:           87804 kB
Cached:           713384 kB
MemTotal:        1844596 kB
MemFree:          694464 kB
MemAvailable:    1469016 kB
Buffers:           87804 kB
Cached:           713384 kB
MemTotal:        1844596 kB
MemFree:          695640 kB
MemAvailable:    1470192 kB
Buffers:           87804 kB
Cached:           713384 kB
MemTotal:        1844596 kB
MemFree:          694460 kB
MemAvailable:    1469012 kB
Buffers:           87804 kB
Cached:           713384 kB
MemTotal:        1844596 kB
MemFree:          694204 kB
MemAvailable:    1468756 kB
Buffers:           87804 kB
Cached:           713384 kB
MemTotal:        1844596 kB
MemFree:          695388 kB
MemAvailable:    1469940 kB
Buffers:           87804 kB
Cached:           713384 kB
MemTotal:        1844596 kB
MemFree:          695640 kB
MemAvailable:    1470192 kB
Buffers:           87804 kB
Cached:           713384 kB
MemTotal:        1844596 kB
MemFree:          695636 kB
MemAvailable:    1470188 kB
Buffers:           87804 kB
Cached:           713384 kB
MemTotal:        1844596 kB
MemFree:          694420 kB
MemAvailable:    1468972 kB
Buffers:           87804 kB
Cached:           713384 kB
MemTotal:        1844596 kB
MemFree:          695656 kB
MemAvailable:    1470208 kB
Buffers:           87804 kB
Cached:           713384 kB
MemTotal:        1844596 kB
MemFree:          694284 kB
MemAvailable:    1468836 kB
Buffers:           87804 kB
Cached:           713384 kB
MemTotal:        1844596 kB
MemFree:          694284 kB
MemAvailable:    1468836 kB
Buffers:           87804 kB
Cached:           713384 kB
MemTotal:        1844596 kB
MemFree:          695596 kB
MemAvailable:    1470152 kB
Buffers:           87804 kB
Cached:           713388 kB
MemTotal:        1844596 kB
MemFree:          695780 kB
MemAvailable:    1470336 kB
Buffers:           87804 kB
Cached:           713388 kB
MemTotal:        1844596 kB
MemFree:          695408 kB
MemAvailable:    1469964 kB
Buffers:           87804 kB
Cached:           713388 kB
MemTotal:        1844596 kB
MemFree:          695660 kB
MemAvailable:    1470216 kB
Buffers:           87804 kB
Cached:           713388 kB
MemTotal:        1844596 kB
MemFree:          695668 kB
MemAvailable:    1470224 kB
Buffers:           87804 kB
Cached:           713388 kB
MemTotal:        1844596 kB
MemFree:          694728 kB
MemAvailable:    1469284 kB
Buffers:           87804 kB
Cached:           713388 kB
MemTotal:        1844596 kB
MemFree:          695508 kB
MemAvailable:    1470064 kB
Buffers:           87804 kB
Cached:           713388 kB
MemTotal:        1844596 kB
MemFree:          695232 kB
MemAvailable:    1469788 kB
Buffers:           87804 kB
Cached:           713388 kB
MemTotal:        1844596 kB
MemFree:          694472 kB
MemAvailable:    1469028 kB
Buffers:           87804 kB
Cached:           713388 kB
MemTotal:        1844596 kB
MemFree:          695616 kB
MemAvailable:    1470180 kB
Buffers:           87804 kB
Cached:           713396 kB
MemTotal:        1844596 kB
MemFree:          695680 kB
MemAvailable:    1470244 kB
Buffers:           87804 kB
Cached:           713396 kB
MemTotal:        1844596 kB
MemFree:          694352 kB
MemAvailable:    1468916 kB
Buffers:           87804 kB
Cached:           713396 kB
MemTotal:        1844596 kB
MemFree:          694212 kB
MemAvailable:    1468776 kB
Buffers:           87804 kB
Cached:           713396 kB
MemTotal:        1844596 kB
MemFree:          694256 kB
MemAvailable:    1468820 kB
Buffers:           87804 kB
Cached:           713396 kB
MemTotal:        1844596 kB
MemFree:          694512 kB
MemAvailable:    1469076 kB
Buffers:           87804 kB
Cached:           713396 kB
MemTotal:        1844596 kB
MemFree:          695684 kB
MemAvailable:    1470248 kB
Buffers:           87804 kB
Cached:           713396 kB
MemTotal:        1844596 kB
MemFree:          695740 kB
MemAvailable:    1470304 kB
Buffers:           87804 kB
Cached:           713396 kB
MemTotal:        1844596 kB
MemFree:          694336 kB
MemAvailable:    1468900 kB
Buffers:           87804 kB
Cached:           713396 kB
MemTotal:        1844596 kB
MemFree:          694320 kB
MemAvailable:    1468884 kB
Buffers:           87804 kB
Cached:           713396 kB
MemTotal:        1844596 kB
MemFree:          694328 kB
MemAvailable:    1468892 kB
Buffers:           87804 kB
Cached:           713396 kB
MemTotal:        1844596 kB
MemFree:          694372 kB
MemAvailable:    1468936 kB
Buffers:           87804 kB
Cached:           713396 kB
MemTotal:        1844596 kB
MemFree:          694324 kB
MemAvailable:    1468888 kB
Buffers:           87804 kB
Cached:           713396 kB
MemTotal:        1844596 kB
MemFree:          694440 kB
MemAvailable:    1469004 kB
Buffers:           87804 kB
Cached:           713396 kB
MemTotal:        1844596 kB
MemFree:          694484 kB
MemAvailable:    1469048 kB
Buffers:           87804 kB
Cached:           713396 kB
MemTotal:        1844596 kB
MemFree:          694340 kB
MemAvailable:    1468904 kB
Buffers:           87804 kB
Cached:           713396 kB
MemTotal:        1844596 kB
MemFree:          695576 kB
MemAvailable:    1470140 kB
Buffers:           87804 kB
Cached:           713396 kB
MemTotal:        1844596 kB
MemFree:          695800 kB
MemAvailable:    1470364 kB
Buffers:           87804 kB
Cached:           713396 kB
MemTotal:        1844596 kB
MemFree:          694356 kB
MemAvailable:    1468920 kB
Buffers:           87804 kB
Cached:           713396 kB
MemTotal:        1844596 kB
MemFree:          695352 kB
MemAvailable:    1469916 kB
Buffers:           87804 kB
Cached:           713396 kB
MemTotal:        1844596 kB
MemFree:          694320 kB
MemAvailable:    1468884 kB
Buffers:           87804 kB
Cached:           713396 kB
MemTotal:        1844596 kB
MemFree:          695304 kB
MemAvailable:    1469868 kB
Buffers:           87804 kB
Cached:           713396 kB
MemTotal:        1844596 kB
MemFree:          694396 kB
MemAvailable:    1468960 kB
Buffers:           87804 kB
Cached:           713396 kB
MemTotal:        1844596 kB
MemFree:          695512 kB
MemAvailable:    1470076 kB
Buffers:           87804 kB
Cached:           713396 kB
MemTotal:        1844596 kB
MemFree:          693760 kB
MemAvailable:    1468324 kB
Buffers:           87804 kB
Cached:           713396 kB
MemTotal:        1844596 kB
MemFree:          693504 kB
MemAvailable:    1468068 kB
Buffers:           87804 kB
Cached:           713396 kB
MemTotal:        1844596 kB
MemFree:          694488 kB
MemAvailable:    1469052 kB
Buffers:           87804 kB
Cached:           713396 kB
MemTotal:        1844596 kB
MemFree:          694572 kB
MemAvailable:    1469136 kB
Buffers:           87804 kB
Cached:           713396 kB
MemTotal:        1844596 kB
MemFree:          694252 kB
MemAvailable:    1468816 kB
Buffers:           87804 kB
Cached:           713396 kB
MemTotal:        1844596 kB
MemFree:          694296 kB
MemAvailable:    1468860 kB
Buffers:           87804 kB
Cached:           713396 kB
MemTotal:        1844596 kB
MemFree:          692948 kB
MemAvailable:    1467512 kB
Buffers:           87804 kB
Cached:           713396 kB
MemTotal:        1844596 kB
MemFree:          694248 kB
MemAvailable:    1468812 kB
Buffers:           87804 kB
Cached:           713396 kB
MemTotal:        1844596 kB
MemFree:          694284 kB
MemAvailable:    1468848 kB
Buffers:           87804 kB
Cached:           713396 kB
MemTotal:        1844596 kB
MemFree:          694536 kB
MemAvailable:    1469100 kB
Buffers:           87804 kB
Cached:           713396 kB
MemTotal:        1844596 kB
MemFree:          694536 kB
MemAvailable:    1469100 kB
Buffers:           87804 kB
Cached:           713396 kB
MemTotal:        1844596 kB
MemFree:          693960 kB
MemAvailable:    1468524 kB
Buffers:           87804 kB
Cached:           713396 kB
MemTotal:        1844596 kB
MemFree:          693404 kB
MemAvailable:    1467968 kB
Buffers:           87804 kB
Cached:           713396 kB
MemTotal:        1844596 kB
MemFree:          693896 kB
MemAvailable:    1468460 kB
Buffers:           87804 kB
Cached:           713396 kB
MemTotal:        1844596 kB
MemFree:          692848 kB
MemAvailable:    1467412 kB
Buffers:           87804 kB
Cached:           713396 kB
MemTotal:        1844596 kB
MemFree:          692760 kB
MemAvailable:    1467324 kB
Buffers:           87804 kB
Cached:           713396 kB
MemTotal:        1844596 kB
MemFree:          692712 kB
MemAvailable:    1467276 kB
Buffers:           87804 kB
Cached:           713396 kB
MemTotal:        1844596 kB
MemFree:          692712 kB
MemAvailable:    1467276 kB
Buffers:           87804 kB
Cached:           713396 kB
MemTotal:        1844596 kB
MemFree:          693888 kB
MemAvailable:    1468452 kB
Buffers:           87804 kB
Cached:           713396 kB
MemTotal:        1844596 kB
MemFree:          692704 kB
MemAvailable:    1467268 kB
Buffers:           87804 kB
Cached:           713396 kB
MemTotal:        1844596 kB
MemFree:          693700 kB
MemAvailable:    1468264 kB
Buffers:           87804 kB
Cached:           713396 kB
MemTotal:        1844596 kB
MemFree:          692636 kB
MemAvailable:    1467200 kB
Buffers:           87804 kB
Cached:           713396 kB
MemTotal:        1844596 kB
MemFree:          693876 kB
MemAvailable:    1468440 kB
Buffers:           87804 kB
Cached:           713396 kB
MemTotal:        1844596 kB
MemFree:          692504 kB
MemAvailable:    1467068 kB
Buffers:           87804 kB
Cached:           713396 kB
MemTotal:        1844596 kB
MemFree:          692628 kB
MemAvailable:    1467192 kB
Buffers:           87804 kB
Cached:           713396 kB
MemTotal:        1844596 kB
MemFree:          692216 kB
MemAvailable:    1466780 kB
Buffers:           87804 kB
Cached:           713396 kB
MemTotal:        1844596 kB
MemFree:          687816 kB
MemAvailable:    1462380 kB
Buffers:           87804 kB
Cached:           713396 kB
MemTotal:        1844596 kB
MemFree:          686156 kB
MemAvailable:    1460720 kB
Buffers:           87804 kB
Cached:           713396 kB
MemTotal:        1844596 kB
MemFree:          683280 kB
MemAvailable:    1457844 kB
Buffers:           87804 kB
Cached:           713396 kB
MemTotal:        1844596 kB
MemFree:          682792 kB
MemAvailable:    1457356 kB
Buffers:           87804 kB
Cached:           713396 kB
MemTotal:        1844596 kB
MemFree:          682724 kB
MemAvailable:    1457288 kB
Buffers:           87804 kB
Cached:           713396 kB
MemTotal:        1844596 kB
MemFree:          681236 kB
MemAvailable:    1455800 kB
Buffers:           87804 kB
Cached:           713396 kB
MemTotal:        1844596 kB
MemFree:          681980 kB
MemAvailable:    1456544 kB
Buffers:           87804 kB
Cached:           713396 kB
MemTotal:        1844596 kB
MemFree:          681980 kB
MemAvailable:    1456544 kB
Buffers:           87804 kB
Cached:           713396 kB
MemTotal:        1844596 kB
MemFree:          681784 kB
MemAvailable:    1456348 kB
Buffers:           87804 kB
Cached:           713396 kB
MemTotal:        1844596 kB
MemFree:          679632 kB
MemAvailable:    1454196 kB
Buffers:           87804 kB
Cached:           713396 kB
MemTotal:        1844596 kB
MemFree:          680368 kB
MemAvailable:    1454932 kB
Buffers:           87804 kB
Cached:           713396 kB
MemTotal:        1844596 kB
MemFree:          680012 kB
MemAvailable:    1454576 kB
Buffers:           87804 kB
Cached:           713396 kB
MemTotal:        1844596 kB
MemFree:          678144 kB
MemAvailable:    1452708 kB
Buffers:           87804 kB
Cached:           713396 kB
MemTotal:        1844596 kB
MemFree:          679180 kB
MemAvailable:    1453744 kB
Buffers:           87804 kB
Cached:           713396 kB
MemTotal:        1844596 kB
MemFree:          679136 kB
MemAvailable:    1453700 kB
Buffers:           87804 kB
Cached:           713396 kB
MemTotal:        1844596 kB
MemFree:          677508 kB
MemAvailable:    1452072 kB
Buffers:           87804 kB
Cached:           713396 kB
MemTotal:        1844596 kB
MemFree:          679028 kB
MemAvailable:    1453592 kB
Buffers:           87804 kB
Cached:           713396 kB
MemTotal:        1844596 kB
MemFree:          677496 kB
MemAvailable:    1452060 kB
Buffers:           87804 kB
Cached:           713396 kB
MemTotal:        1844596 kB
MemFree:          677628 kB
MemAvailable:    1452192 kB
Buffers:           87804 kB
Cached:           713396 kB
MemTotal:        1844596 kB
MemFree:          677400 kB
MemAvailable:    1451972 kB
Buffers:           87804 kB
Cached:           713404 kB
MemTotal:        1844596 kB
MemFree:          678848 kB
MemAvailable:    1453420 kB
Buffers:           87804 kB
Cached:           713404 kB
MemTotal:        1844596 kB
MemFree:          677896 kB
MemAvailable:    1452468 kB
Buffers:           87804 kB
Cached:           713404 kB
MemTotal:        1844596 kB
MemFree:          678584 kB
MemAvailable:    1453156 kB
Buffers:           87804 kB
Cached:           713404 kB
MemTotal:        1844596 kB
MemFree:          678920 kB
MemAvailable:    1453492 kB
Buffers:           87804 kB
Cached:           713404 kB
MemTotal:        1844596 kB
MemFree:          677524 kB
MemAvailable:    1452096 kB
Buffers:           87804 kB
Cached:           713404 kB
MemTotal:        1844596 kB
MemFree:          677772 kB
MemAvailable:    1452344 kB
Buffers:           87804 kB
Cached:           713404 kB
MemTotal:        1844596 kB
MemFree:          677020 kB
MemAvailable:    1451592 kB
Buffers:           87804 kB
Cached:           713404 kB
MemTotal:        1844596 kB
MemFree:          677948 kB
MemAvailable:    1452520 kB
Buffers:           87804 kB
Cached:           713404 kB
MemTotal:        1844596 kB
MemFree:          676964 kB
MemAvailable:    1451536 kB
Buffers:           87804 kB
Cached:           713404 kB
MemTotal:        1844596 kB
MemFree:          676640 kB
MemAvailable:    1451212 kB
Buffers:           87804 kB
Cached:           713404 kB
MemTotal:        1844596 kB
MemFree:          676976 kB
MemAvailable:    1451548 kB
Buffers:           87804 kB
Cached:           713404 kB
MemTotal:        1844596 kB
MemFree:          675484 kB
MemAvailable:    1450056 kB
Buffers:           87804 kB
Cached:           713404 kB
MemTotal:        1844596 kB
MemFree:          676408 kB
MemAvailable:    1450980 kB
Buffers:           87804 kB
Cached:           713404 kB
MemTotal:        1844596 kB
MemFree:          674796 kB
MemAvailable:    1449368 kB
Buffers:           87804 kB
Cached:           713404 kB
MemTotal:        1844596 kB
MemFree:          675376 kB
MemAvailable:    1449948 kB
Buffers:           87804 kB
Cached:           713404 kB
MemTotal:        1844596 kB
MemFree:          674176 kB
MemAvailable:    1448748 kB
Buffers:           87804 kB
Cached:           713404 kB
MemTotal:        1844596 kB
MemFree:          675220 kB
MemAvailable:    1449792 kB
Buffers:           87804 kB
Cached:           713404 kB
MemTotal:        1844596 kB
MemFree:          674168 kB
MemAvailable:    1448740 kB
Buffers:           87804 kB
Cached:           713404 kB
MemTotal:        1844596 kB
MemFree:          674672 kB
MemAvailable:    1449244 kB
Buffers:           87804 kB
Cached:           713404 kB
MemTotal:        1844596 kB
MemFree:          673384 kB
MemAvailable:    1447956 kB
Buffers:           87804 kB
Cached:           713404 kB
MemTotal:        1844596 kB
MemFree:          674664 kB
MemAvailable:    1449236 kB
Buffers:           87804 kB
Cached:           713404 kB
MemTotal:        1844596 kB
MemFree:          674060 kB
MemAvailable:    1448632 kB
Buffers:           87804 kB
Cached:           713404 kB
MemTotal:        1844596 kB
MemFree:          673672 kB
MemAvailable:    1448244 kB
Buffers:           87804 kB
Cached:           713404 kB
MemTotal:        1844596 kB
MemFree:          673300 kB
MemAvailable:    1447872 kB
Buffers:           87804 kB
Cached:           713404 kB
MemTotal:        1844596 kB
MemFree:          673300 kB
MemAvailable:    1447872 kB
Buffers:           87804 kB
Cached:           713404 kB
MemTotal:        1844596 kB
MemFree:          674768 kB
MemAvailable:    1449340 kB
Buffers:           87804 kB
Cached:           713404 kB
MemTotal:        1844596 kB
MemFree:          674740 kB
MemAvailable:    1449312 kB
Buffers:           87804 kB
Cached:           713404 kB
MemTotal:        1844596 kB
MemFree:          673252 kB
MemAvailable:    1447824 kB
Buffers:           87804 kB
Cached:           713404 kB
MemTotal:        1844596 kB
MemFree:          674552 kB
MemAvailable:    1449124 kB
Buffers:           87804 kB
Cached:           713404 kB
MemTotal:        1844596 kB
MemFree:          673244 kB
MemAvailable:    1447816 kB
Buffers:           87804 kB
Cached:           713404 kB
MemTotal:        1844596 kB
MemFree:          674352 kB
MemAvailable:    1448924 kB
Buffers:           87804 kB
Cached:           713404 kB
MemTotal:        1844596 kB
MemFree:          674060 kB
MemAvailable:    1448632 kB
Buffers:           87804 kB
Cached:           713404 kB
MemTotal:        1844596 kB
MemFree:          674376 kB
MemAvailable:    1448948 kB
Buffers:           87804 kB
Cached:           713404 kB
MemTotal:        1844596 kB
MemFree:          673256 kB
MemAvailable:    1447828 kB
Buffers:           87804 kB
Cached:           713404 kB
MemTotal:        1844596 kB
MemFree:          674408 kB
MemAvailable:    1448980 kB
Buffers:           87804 kB
Cached:           713404 kB
MemTotal:        1844596 kB
MemFree:          673680 kB
MemAvailable:    1448252 kB
Buffers:           87804 kB
Cached:           713404 kB
MemTotal:        1844596 kB
MemFree:          674424 kB
MemAvailable:    1448996 kB
Buffers:           87804 kB
Cached:           713404 kB
MemTotal:        1844596 kB
MemFree:          674636 kB
MemAvailable:    1449208 kB
Buffers:           87804 kB
Cached:           713404 kB
MemTotal:        1844596 kB
MemFree:          674524 kB
MemAvailable:    1449096 kB
Buffers:           87804 kB
Cached:           713404 kB
MemTotal:        1844596 kB
MemFree:          673120 kB
MemAvailable:    1447692 kB
Buffers:           87804 kB
Cached:           713404 kB
MemTotal:        1844596 kB
MemFree:          673116 kB
MemAvailable:    1447688 kB
Buffers:           87804 kB
Cached:           713404 kB
MemTotal:        1844596 kB
MemFree:          674476 kB
MemAvailable:    1449048 kB
Buffers:           87804 kB
Cached:           713404 kB
MemTotal:        1844596 kB
MemFree:          674384 kB
MemAvailable:    1448956 kB
Buffers:           87804 kB
Cached:           713404 kB
MemTotal:        1844596 kB
MemFree:          673352 kB
MemAvailable:    1447924 kB
Buffers:           87804 kB
Cached:           713404 kB
MemTotal:        1844596 kB
MemFree:          672316 kB
MemAvailable:    1446888 kB
Buffers:           87804 kB
Cached:           713404 kB
MemTotal:        1844596 kB
MemFree:          671808 kB
MemAvailable:    1446380 kB
Buffers:           87804 kB
Cached:           713404 kB
MemTotal:        1844596 kB
MemFree:          673048 kB
MemAvailable:    1447620 kB
Buffers:           87804 kB
Cached:           713404 kB
MemTotal:        1844596 kB
MemFree:          671676 kB
MemAvailable:    1446248 kB
Buffers:           87804 kB
Cached:           713404 kB
MemTotal:        1844596 kB
MemFree:          671988 kB
MemAvailable:    1446560 kB
Buffers:           87804 kB
Cached:           713404 kB
MemTotal:        1844596 kB
MemFree:          669472 kB
MemAvailable:    1444044 kB
Buffers:           87804 kB
Cached:           713404 kB
MemTotal:        1844596 kB
MemFree:          667588 kB
MemAvailable:    1442168 kB
Buffers:           87804 kB
Cached:           713412 kB
MemTotal:        1844596 kB
MemFree:          667232 kB
MemAvailable:    1441812 kB
Buffers:           87804 kB
Cached:           713412 kB
MemTotal:        1844596 kB
MemFree:          664008 kB
MemAvailable:    1438588 kB
Buffers:           87804 kB
Cached:           713412 kB
MemTotal:        1844596 kB
MemFree:          660348 kB
MemAvailable:    1434928 kB
Buffers:           87804 kB
Cached:           713412 kB
MemTotal:        1844596 kB
MemFree:          660232 kB
MemAvailable:    1434812 kB
Buffers:           87804 kB
Cached:           713412 kB
MemTotal:        1844596 kB
MemFree:          654832 kB
MemAvailable:    1429412 kB
Buffers:           87804 kB
Cached:           713412 kB
MemTotal:        1844596 kB
MemFree:          654948 kB
MemAvailable:    1429528 kB
Buffers:           87804 kB
Cached:           713412 kB
MemTotal:        1844596 kB
MemFree:          654824 kB
MemAvailable:    1429404 kB
Buffers:           87804 kB
Cached:           713412 kB
MemTotal:        1844596 kB
MemFree:          655884 kB
MemAvailable:    1430464 kB
Buffers:           87804 kB
Cached:           713412 kB
MemTotal:        1844596 kB
MemFree:          655948 kB
MemAvailable:    1430528 kB
Buffers:           87804 kB
Cached:           713412 kB
MemTotal:        1844596 kB
MemFree:          655820 kB
MemAvailable:    1430400 kB
Buffers:           87804 kB
Cached:           713412 kB
MemTotal:        1844596 kB
MemFree:          654520 kB
MemAvailable:    1429100 kB
Buffers:           87804 kB
Cached:           713412 kB
MemTotal:        1844596 kB
MemFree:          655660 kB
MemAvailable:    1430240 kB
Buffers:           87804 kB
Cached:           713412 kB
MemTotal:        1844596 kB
MemFree:          655912 kB
MemAvailable:    1430492 kB
Buffers:           87804 kB
Cached:           713412 kB
MemTotal:        1844596 kB
MemFree:          654572 kB
MemAvailable:    1429152 kB
Buffers:           87804 kB
Cached:           713412 kB
MemTotal:        1844596 kB
MemFree:          656000 kB
MemAvailable:    1430580 kB
Buffers:           87804 kB
Cached:           713412 kB
MemTotal:        1844596 kB
MemFree:          655692 kB
MemAvailable:    1430272 kB
Buffers:           87804 kB
Cached:           713412 kB
MemTotal:        1844596 kB
MemFree:          655544 kB
MemAvailable:    1430124 kB
Buffers:           87804 kB
Cached:           713412 kB
MemTotal:        1844596 kB
MemFree:          655460 kB
MemAvailable:    1429916 kB
Buffers:           87804 kB
Cached:           713412 kB
MemTotal:        1844596 kB
MemFree:          653824 kB
MemAvailable:    1428404 kB
Buffers:           87804 kB
Cached:           713412 kB
MemTotal:        1844596 kB
MemFree:          655008 kB
MemAvailable:    1429588 kB
Buffers:           87804 kB
Cached:           713412 kB
MemTotal:        1844596 kB
MemFree:          654328 kB
MemAvailable:    1428908 kB
Buffers:           87804 kB
Cached:           713412 kB
MemTotal:        1844596 kB
MemFree:          653528 kB
MemAvailable:    1428108 kB
Buffers:           87804 kB
Cached:           713412 kB
MemTotal:        1844596 kB
MemFree:          654864 kB
MemAvailable:    1429444 kB
Buffers:           87804 kB
Cached:           713412 kB
MemTotal:        1844596 kB
MemFree:          654800 kB
MemAvailable:    1429380 kB
Buffers:           87804 kB
Cached:           713412 kB
MemTotal:        1844596 kB
MemFree:          655052 kB
MemAvailable:    1429632 kB
Buffers:           87804 kB
Cached:           713412 kB
MemTotal:        1844596 kB
MemFree:          654784 kB
MemAvailable:    1429364 kB
Buffers:           87804 kB
Cached:           713412 kB
MemTotal:        1844596 kB
MemFree:          654816 kB
MemAvailable:    1429396 kB
Buffers:           87804 kB
Cached:           713412 kB
MemTotal:        1844596 kB
MemFree:          654816 kB
MemAvailable:    1429396 kB
Buffers:           87804 kB
Cached:           713412 kB
MemTotal:        1844596 kB
MemFree:          653536 kB
MemAvailable:    1428116 kB
Buffers:           87804 kB
Cached:           713412 kB
MemTotal:        1844596 kB
MemFree:          655080 kB
MemAvailable:    1429660 kB
Buffers:           87804 kB
Cached:           713412 kB
MemTotal:        1844596 kB
MemFree:          654096 kB
MemAvailable:    1428676 kB
Buffers:           87804 kB
Cached:           713412 kB
MemTotal:        1844596 kB
MemFree:          653468 kB
MemAvailable:    1428048 kB
Buffers:           87804 kB
Cached:           713412 kB
MemTotal:        1844596 kB
MemFree:          654976 kB
MemAvailable:    1429556 kB
Buffers:           87804 kB
Cached:           713412 kB
MemTotal:        1844596 kB
MemFree:          653964 kB
MemAvailable:    1428544 kB
Buffers:           87804 kB
Cached:           713412 kB
MemTotal:        1844596 kB
MemFree:          653552 kB
MemAvailable:    1428136 kB
Buffers:           87804 kB
Cached:           713416 kB
MemTotal:        1844596 kB
MemFree:          655032 kB
MemAvailable:    1429616 kB
Buffers:           87804 kB
Cached:           713416 kB
MemTotal:        1844596 kB
MemFree:          654660 kB
MemAvailable:    1429244 kB
Buffers:           87804 kB
Cached:           713416 kB
MemTotal:        1844596 kB
MemFree:          654996 kB
MemAvailable:    1429580 kB
Buffers:           87804 kB
Cached:           713416 kB
MemTotal:        1844596 kB
MemFree:          652972 kB
MemAvailable:    1427556 kB
Buffers:           87804 kB
Cached:           713416 kB
MemTotal:        1844596 kB
MemFree:          650112 kB
MemAvailable:    1424696 kB
Buffers:           87804 kB
Cached:           713416 kB
MemTotal:        1844596 kB
MemFree:          646648 kB
MemAvailable:    1421232 kB
Buffers:           87804 kB
Cached:           713416 kB
MemTotal:        1844596 kB
MemFree:          644968 kB
MemAvailable:    1419552 kB
Buffers:           87804 kB
Cached:           713416 kB
MemTotal:        1844596 kB
MemFree:          641944 kB
MemAvailable:    1416528 kB
Buffers:           87804 kB
Cached:           713416 kB
MemTotal:        1844596 kB
MemFree:          638332 kB
MemAvailable:    1412916 kB
Buffers:           87804 kB
Cached:           713416 kB
MemTotal:        1844596 kB
MemFree:          638340 kB
MemAvailable:    1412924 kB
Buffers:           87804 kB
Cached:           713416 kB
MemTotal:        1844596 kB
MemFree:          635480 kB
MemAvailable:    1410064 kB
Buffers:           87804 kB
Cached:           713416 kB
MemTotal:        1844596 kB
MemFree:          635604 kB
MemAvailable:    1410188 kB
Buffers:           87804 kB
Cached:           713416 kB
MemTotal:        1844596 kB
MemFree:          636588 kB
MemAvailable:    1411172 kB
Buffers:           87804 kB
Cached:           713416 kB
MemTotal:        1844596 kB
MemFree:          635868 kB
MemAvailable:    1410452 kB
Buffers:           87804 kB
Cached:           713416 kB
MemTotal:        1844596 kB
MemFree:          636472 kB
MemAvailable:    1411056 kB
Buffers:           87804 kB
Cached:           713416 kB
MemTotal:        1844596 kB
MemFree:          636416 kB
MemAvailable:    1411000 kB
Buffers:           87804 kB
Cached:           713416 kB
MemTotal:        1844596 kB
MemFree:          635860 kB
MemAvailable:    1410444 kB
Buffers:           87804 kB
Cached:           713416 kB
MemTotal:        1844596 kB
MemFree:          635436 kB
MemAvailable:    1410020 kB
Buffers:           87804 kB
Cached:           713416 kB
MemTotal:        1844596 kB
MemFree:          636668 kB
MemAvailable:    1411252 kB
Buffers:           87804 kB
Cached:           713416 kB
MemTotal:        1844596 kB
MemFree:          636472 kB
MemAvailable:    1411056 kB
Buffers:           87804 kB
Cached:           713416 kB
MemTotal:        1844596 kB
MemFree:          636808 kB
MemAvailable:    1411392 kB
Buffers:           87804 kB
Cached:           713416 kB
MemTotal:        1844596 kB
MemFree:          636556 kB
MemAvailable:    1411140 kB
Buffers:           87804 kB
Cached:           713416 kB
MemTotal:        1844596 kB
MemFree:          635436 kB
MemAvailable:    1410020 kB
Buffers:           87804 kB
Cached:           713416 kB
MemTotal:        1844596 kB
MemFree:          635304 kB
MemAvailable:    1409888 kB
Buffers:           87804 kB
Cached:           713416 kB
MemTotal:        1844596 kB
MemFree:          635304 kB
MemAvailable:    1409888 kB
Buffers:           87804 kB
Cached:           713416 kB
MemTotal:        1844596 kB
MemFree:          636604 kB
MemAvailable:    1411188 kB
Buffers:           87804 kB
Cached:           713416 kB
MemTotal:        1844596 kB
MemFree:          636532 kB
MemAvailable:    1411116 kB
Buffers:           87804 kB
Cached:           713416 kB
MemTotal:        1844596 kB
MemFree:          636784 kB
MemAvailable:    1411368 kB
Buffers:           87804 kB
Cached:           713416 kB
MemTotal:        1844596 kB
MemFree:          635356 kB
MemAvailable:    1409940 kB
Buffers:           87804 kB
Cached:           713416 kB
MemTotal:        1844596 kB
MemFree:          635440 kB
MemAvailable:    1410024 kB
Buffers:           87804 kB
Cached:           713416 kB
MemTotal:        1844596 kB
MemFree:          635308 kB
MemAvailable:    1409892 kB
Buffers:           87804 kB
Cached:           713416 kB
MemTotal:        1844596 kB
MemFree:          636672 kB
MemAvailable:    1411256 kB
Buffers:           87804 kB
Cached:           713416 kB
MemTotal:        1844596 kB
MemFree:          635352 kB
MemAvailable:    1409936 kB
Buffers:           87804 kB
Cached:           713416 kB
MemTotal:        1844596 kB
MemFree:          635364 kB
MemAvailable:    1409948 kB
Buffers:           87804 kB
Cached:           713416 kB
MemTotal:        1844596 kB
MemFree:          635656 kB
MemAvailable:    1410240 kB
Buffers:           87804 kB
Cached:           713416 kB
MemTotal:        1844596 kB
MemFree:          635324 kB
MemAvailable:    1409908 kB
Buffers:           87804 kB
Cached:           713416 kB
MemTotal:        1844596 kB
MemFree:          636680 kB
MemAvailable:    1411264 kB
Buffers:           87804 kB
Cached:           713416 kB
MemTotal:        1844596 kB
MemFree:          636588 kB
MemAvailable:    1411172 kB
Buffers:           87804 kB
Cached:           713416 kB
MemTotal:        1844596 kB
MemFree:          636840 kB
MemAvailable:    1411424 kB
Buffers:           87804 kB
Cached:           713416 kB
MemTotal:        1844596 kB
MemFree:          636548 kB
MemAvailable:    1411132 kB
Buffers:           87804 kB
Cached:           713416 kB
MemTotal:        1844596 kB
MemFree:          636672 kB
MemAvailable:    1411256 kB
Buffers:           87804 kB
Cached:           713416 kB
MemTotal:        1844596 kB
MemFree:          635424 kB
MemAvailable:    1410008 kB
Buffers:           87804 kB
Cached:           713416 kB
MemTotal:        1844596 kB
MemFree:          635468 kB
MemAvailable:    1410052 kB
Buffers:           87804 kB
Cached:           713416 kB
MemTotal:        1844596 kB
MemFree:          636668 kB
MemAvailable:    1411252 kB
Buffers:           87804 kB
Cached:           713416 kB
MemTotal:        1844596 kB
MemFree:          635116 kB
MemAvailable:    1409700 kB
Buffers:           87804 kB
Cached:           713416 kB
MemTotal:        1844596 kB
MemFree:          630324 kB
MemAvailable:    1404908 kB
Buffers:           87804 kB
Cached:           713416 kB
MemTotal:        1844596 kB
MemFree:          627800 kB
MemAvailable:    1402384 kB
Buffers:           87804 kB
Cached:           713416 kB
MemTotal:        1844596 kB
MemFree:          621228 kB
MemAvailable:    1395812 kB
Buffers:           87804 kB
Cached:           713416 kB
MemTotal:        1844596 kB
MemFree:          617996 kB
MemAvailable:    1392580 kB
Buffers:           87804 kB
Cached:           713416 kB
MemTotal:        1844596 kB
MemFree:          619064 kB
MemAvailable:    1393648 kB
Buffers:           87804 kB
Cached:           713416 kB
MemTotal:        1844596 kB
MemFree:          619236 kB
MemAvailable:    1393820 kB
Buffers:           87804 kB
Cached:           713416 kB
MemTotal:        1844596 kB
MemFree:          617984 kB
MemAvailable:    1392568 kB
Buffers:           87804 kB
Cached:           713416 kB
MemTotal:        1844596 kB
MemFree:          618436 kB
MemAvailable:    1393020 kB
Buffers:           87804 kB
Cached:           713416 kB
MemTotal:        1844596 kB
MemFree:          618104 kB
MemAvailable:    1392688 kB
Buffers:           87804 kB
Cached:           713416 kB
MemTotal:        1844596 kB
MemFree:          618356 kB
MemAvailable:    1392940 kB
Buffers:           87804 kB
Cached:           713416 kB
MemTotal:        1844596 kB
MemFree:          616820 kB
MemAvailable:    1391408 kB
Buffers:           87804 kB
Cached:           713420 kB
MemTotal:        1844596 kB
MemFree:          617012 kB
MemAvailable:    1391604 kB
Buffers:           87804 kB
Cached:           713424 kB
MemTotal:        1844596 kB
MemFree:          616880 kB
MemAvailable:    1391472 kB
Buffers:           87804 kB
Cached:           713424 kB
MemTotal:        1844596 kB
MemFree:          616764 kB
MemAvailable:    1391356 kB
Buffers:           87804 kB
Cached:           713424 kB
MemTotal:        1844596 kB
MemFree:          616468 kB
MemAvailable:    1391060 kB
Buffers:           87804 kB
Cached:           713424 kB
MemTotal:        1844596 kB
MemFree:          616584 kB
MemAvailable:    1391176 kB
Buffers:           87804 kB
Cached:           713424 kB
MemTotal:        1844596 kB
MemFree:          616584 kB
MemAvailable:    1391176 kB
Buffers:           87804 kB
Cached:           713424 kB
MemTotal:        1844596 kB
MemFree:          615772 kB
MemAvailable:    1390364 kB
Buffers:           87804 kB
Cached:           713424 kB
MemTotal:        1844596 kB
MemFree:          615392 kB
MemAvailable:    1389984 kB
Buffers:           87804 kB
Cached:           713424 kB
MemTotal:        1844596 kB
MemFree:          615028 kB
MemAvailable:    1389620 kB
Buffers:           87804 kB
Cached:           713424 kB
MemTotal:        1844596 kB
MemFree:          614532 kB
MemAvailable:    1389124 kB
Buffers:           87804 kB
Cached:           713424 kB
MemTotal:        1844596 kB
MemFree:          614284 kB
MemAvailable:    1388876 kB
Buffers:           87804 kB
Cached:           713424 kB
MemTotal:        1844596 kB
MemFree:          613500 kB
MemAvailable:    1388092 kB
Buffers:           87804 kB
Cached:           713424 kB
MemTotal:        1844596 kB
MemFree:          612540 kB
MemAvailable:    1387132 kB
Buffers:           87804 kB
Cached:           713424 kB
MemTotal:        1844596 kB
MemFree:          613664 kB
MemAvailable:    1388256 kB
Buffers:           87804 kB
Cached:           713424 kB
MemTotal:        1844596 kB
MemFree:          610936 kB
MemAvailable:    1385528 kB
Buffers:           87804 kB
Cached:           713424 kB
MemTotal:        1844596 kB
MemFree:          611004 kB
MemAvailable:    1385596 kB
Buffers:           87804 kB
Cached:           713424 kB
MemTotal:        1844596 kB
MemFree:          611012 kB
MemAvailable:    1385604 kB
Buffers:           87804 kB
Cached:           713424 kB
MemTotal:        1844596 kB
MemFree:          612056 kB
MemAvailable:    1386648 kB
Buffers:           87804 kB
Cached:           713424 kB
MemTotal:        1844596 kB
MemFree:          610944 kB
MemAvailable:    1385536 kB
Buffers:           87804 kB
Cached:           713424 kB
MemTotal:        1844596 kB
MemFree:          612096 kB
MemAvailable:    1386688 kB
Buffers:           87804 kB
Cached:           713424 kB
MemTotal:        1844596 kB
MemFree:          610936 kB
MemAvailable:    1385528 kB
Buffers:           87804 kB
Cached:           713424 kB
MemTotal:        1844596 kB
MemFree:          610812 kB
MemAvailable:    1385404 kB
Buffers:           87804 kB
Cached:           713424 kB
MemTotal:        1844596 kB
MemFree:          610680 kB
MemAvailable:    1385272 kB
Buffers:           87804 kB
Cached:           713424 kB
MemTotal:        1844596 kB
MemFree:          610448 kB
MemAvailable:    1385040 kB
Buffers:           87804 kB
Cached:           713424 kB
MemTotal:        1844596 kB
MemFree:          610452 kB
MemAvailable:    1385044 kB
Buffers:           87804 kB
Cached:           713424 kB
MemTotal:        1844596 kB
MemFree:          609272 kB
MemAvailable:    1383864 kB
Buffers:           87804 kB
Cached:           713424 kB
MemTotal:        1844596 kB
MemFree:          609140 kB
MemAvailable:    1383732 kB
Buffers:           87804 kB
Cached:           713424 kB
MemTotal:        1844596 kB
MemFree:          609140 kB
MemAvailable:    1383732 kB
Buffers:           87804 kB
Cached:           713424 kB
MemTotal:        1844596 kB
MemFree:          610416 kB
MemAvailable:    1385008 kB
Buffers:           87804 kB
Cached:           713424 kB
MemTotal:        1844596 kB
MemFree:          610076 kB
MemAvailable:    1384668 kB
Buffers:           87804 kB
Cached:           713424 kB
MemTotal:        1844596 kB
MemFree:          610392 kB
MemAvailable:    1384984 kB
Buffers:           87804 kB
Cached:           713424 kB
MemTotal:        1844596 kB
MemFree:          609064 kB
MemAvailable:    1383656 kB
Buffers:           87804 kB
Cached:           713424 kB
MemTotal:        1844596 kB
MemFree:          610488 kB
MemAvailable:    1385080 kB
Buffers:           87804 kB
Cached:           713424 kB
MemTotal:        1844596 kB
MemFree:          609688 kB
MemAvailable:    1384280 kB
Buffers:           87804 kB
Cached:           713424 kB
MemTotal:        1844596 kB
MemFree:          610136 kB
MemAvailable:    1384732 kB
Buffers:           87804 kB
Cached:           713428 kB
MemTotal:        1844596 kB
MemFree:          609492 kB
MemAvailable:    1384088 kB
Buffers:           87804 kB
Cached:           713428 kB
MemTotal:        1844596 kB
MemFree:          610368 kB
MemAvailable:    1384964 kB
Buffers:           87804 kB
Cached:           713428 kB
MemTotal:        1844596 kB
MemFree:          609400 kB
MemAvailable:    1383996 kB
Buffers:           87804 kB
Cached:           713428 kB
MemTotal:        1844596 kB
MemFree:          610320 kB
MemAvailable:    1384916 kB
Buffers:           87804 kB
Cached:           713428 kB
MemTotal:        1844596 kB
MemFree:          609152 kB
MemAvailable:    1383748 kB
Buffers:           87804 kB
Cached:           713428 kB
MemTotal:        1844596 kB
MemFree:          610308 kB
MemAvailable:    1384904 kB
Buffers:           87804 kB
Cached:           713428 kB
MemTotal:        1844596 kB
MemFree:          610448 kB
MemAvailable:    1385044 kB
Buffers:           87804 kB
Cached:           713428 kB
MemTotal:        1844596 kB
MemFree:          610492 kB
MemAvailable:    1385088 kB
Buffers:           87804 kB
Cached:           713428 kB
MemTotal:        1844596 kB
MemFree:          609704 kB
MemAvailable:    1384300 kB
Buffers:           87804 kB
Cached:           713428 kB
MemTotal:        1844596 kB
MemFree:          609076 kB
MemAvailable:    1383672 kB
Buffers:           87804 kB
Cached:           713428 kB
MemTotal:        1844596 kB
MemFree:          609200 kB
MemAvailable:    1383796 kB
Buffers:           87804 kB
Cached:           713428 kB
MemTotal:        1844596 kB
MemFree:          610440 kB
MemAvailable:    1385036 kB
Buffers:           87804 kB
Cached:           713428 kB
MemTotal:        1844596 kB
MemFree:          609068 kB
MemAvailable:    1383664 kB
Buffers:           87804 kB
Cached:           713428 kB
MemTotal:        1844596 kB
MemFree:          610516 kB
MemAvailable:    1385112 kB
Buffers:           87804 kB
Cached:           713428 kB
MemTotal:        1844596 kB
MemFree:          610260 kB
MemAvailable:    1384856 kB
Buffers:           87804 kB
Cached:           713428 kB
MemTotal:        1844596 kB
MemFree:          610320 kB
MemAvailable:    1384916 kB
Buffers:           87804 kB
Cached:           713428 kB
MemTotal:        1844596 kB
MemFree:          610164 kB
MemAvailable:    1384760 kB
Buffers:           87804 kB
Cached:           713428 kB
MemTotal:        1844596 kB
MemFree:          610500 kB
MemAvailable:    1385096 kB
Buffers:           87804 kB
Cached:           713428 kB
MemTotal:        1844596 kB
MemFree:          610368 kB
MemAvailable:    1384964 kB
Buffers:           87804 kB
Cached:           713428 kB
MemTotal:        1844596 kB
MemFree:          610448 kB
MemAvailable:    1385044 kB
Buffers:           87804 kB
Cached:           713428 kB
MemTotal:        1844596 kB
MemFree:          610320 kB
MemAvailable:    1384916 kB
Buffers:           87804 kB
Cached:           713428 kB
MemTotal:        1844596 kB
MemFree:          609704 kB
MemAvailable:    1384300 kB
Buffers:           87804 kB
Cached:           713428 kB
MemTotal:        1844596 kB
MemFree:          610484 kB
MemAvailable:    1385080 kB
Buffers:           87804 kB
Cached:           713428 kB
MemTotal:        1844596 kB
MemFree:          610688 kB
MemAvailable:    1385284 kB
Buffers:           87804 kB
Cached:           713428 kB
MemTotal:        1844596 kB
MemFree:          609076 kB
MemAvailable:    1383672 kB
Buffers:           87804 kB
Cached:           713428 kB
MemTotal:        1844596 kB
MemFree:          609696 kB
MemAvailable:    1384292 kB
Buffers:           87804 kB
Cached:           713428 kB
MemTotal:        1844596 kB
MemFree:          610388 kB
MemAvailable:    1384984 kB
Buffers:           87804 kB
Cached:           713428 kB
MemTotal:        1844596 kB
MemFree:          609828 kB
MemAvailable:    1384424 kB
Buffers:           87804 kB
Cached:           713428 kB
MemTotal:        1844596 kB
MemFree:          610440 kB
MemAvailable:    1385036 kB
Buffers:           87804 kB
Cached:           713428 kB
MemTotal:        1844596 kB
MemFree:          609704 kB
MemAvailable:    1384300 kB
Buffers:           87804 kB
Cached:           713428 kB
MemTotal:        1844596 kB
MemFree:          610440 kB
MemAvailable:    1385036 kB
Buffers:           87804 kB
Cached:           713428 kB
MemTotal:        1844596 kB
MemFree:          609152 kB
MemAvailable:    1383748 kB
Buffers:           87804 kB
Cached:           713428 kB
MemTotal:        1844596 kB
MemFree:          608324 kB
MemAvailable:    1382920 kB
Buffers:           87804 kB
Cached:           713428 kB
MemTotal:        1844596 kB
MemFree:          605664 kB
MemAvailable:    1380260 kB
Buffers:           87804 kB
Cached:           713428 kB
MemTotal:        1844596 kB
MemFree:          602016 kB
MemAvailable:    1376616 kB
Buffers:           87804 kB
Cached:           713432 kB
MemTotal:        1844596 kB
MemFree:          598852 kB
MemAvailable:    1373452 kB
Buffers:           87804 kB
Cached:           713432 kB
MemTotal:        1844596 kB
MemFree:          594940 kB
MemAvailable:    1369540 kB
Buffers:           87804 kB
Cached:           713432 kB
MemTotal:        1844596 kB
MemFree:          594336 kB
MemAvailable:    1368936 kB
Buffers:           87804 kB
Cached:           713432 kB
MemTotal:        1844596 kB
MemFree:          590484 kB
MemAvailable:    1365084 kB
Buffers:           87804 kB
Cached:           713432 kB
MemTotal:        1844596 kB
MemFree:          589864 kB
MemAvailable:    1364464 kB
Buffers:           87804 kB
Cached:           713432 kB
MemTotal:        1844596 kB
MemFree:          591272 kB
MemAvailable:    1365872 kB
Buffers:           87804 kB
Cached:           713432 kB
MemTotal:        1844596 kB
MemFree:          591220 kB
MemAvailable:    1365820 kB
Buffers:           87804 kB
Cached:           713432 kB
MemTotal:        1844596 kB
MemFree:          589732 kB
MemAvailable:    1364332 kB
Buffers:           87804 kB
Cached:           713432 kB
MemTotal:        1844596 kB
MemFree:          590784 kB
MemAvailable:    1365384 kB
Buffers:           87804 kB
Cached:           713432 kB
MemTotal:        1844596 kB
MemFree:          591036 kB
MemAvailable:    1365636 kB
Buffers:           87804 kB
Cached:           713432 kB
MemTotal:        1844596 kB
MemFree:          590792 kB
MemAvailable:    1365392 kB
Buffers:           87804 kB
Cached:           713432 kB
MemTotal:        1844596 kB
MemFree:          590852 kB
MemAvailable:    1365452 kB
Buffers:           87804 kB
Cached:           713432 kB
MemTotal:        1844596 kB
MemFree:          590972 kB
MemAvailable:    1365572 kB
Buffers:           87804 kB
Cached:           713432 kB
MemTotal:        1844596 kB
MemFree:          590368 kB
MemAvailable:    1364968 kB
Buffers:           87804 kB
Cached:           713432 kB
MemTotal:        1844596 kB
MemFree:          589568 kB
MemAvailable:    1364168 kB
Buffers:           87804 kB
Cached:           713432 kB
MemTotal:        1844596 kB
MemFree:          589692 kB
MemAvailable:    1364292 kB
Buffers:           87804 kB
Cached:           713432 kB
MemTotal:        1844596 kB
MemFree:          590992 kB
MemAvailable:    1365592 kB
Buffers:           87804 kB
Cached:           713432 kB
MemTotal:        1844596 kB
MemFree:          590860 kB
MemAvailable:    1365460 kB
Buffers:           87804 kB
Cached:           713432 kB
MemTotal:        1844596 kB
MemFree:          589864 kB
MemAvailable:    1364464 kB
Buffers:           87804 kB
Cached:           713432 kB
MemTotal:        1844596 kB
MemFree:          589356 kB
MemAvailable:    1363956 kB
Buffers:           87804 kB
Cached:           713432 kB
MemTotal:        1844596 kB
MemFree:          590652 kB
MemAvailable:    1365252 kB
Buffers:           87804 kB
Cached:           713432 kB
MemTotal:        1844596 kB
MemFree:          589872 kB
MemAvailable:    1364472 kB
Buffers:           87804 kB
Cached:           713432 kB
MemTotal:        1844596 kB
MemFree:          589608 kB
MemAvailable:    1364208 kB
Buffers:           87804 kB
Cached:           713436 kB
MemTotal:        1844596 kB
MemFree:          590724 kB
MemAvailable:    1365324 kB
Buffers:           87804 kB
Cached:           713436 kB
MemTotal:        1844596 kB
MemFree:          590544 kB
MemAvailable:    1365144 kB
Buffers:           87804 kB
Cached:           713436 kB
MemTotal:        1844596 kB
MemFree:          590616 kB
MemAvailable:    1365216 kB
Buffers:           87804 kB
Cached:           713436 kB
MemTotal:        1844596 kB
MemFree:          590476 kB
MemAvailable:    1365076 kB
Buffers:           87804 kB
Cached:           713436 kB
MemTotal:        1844596 kB
MemFree:          590096 kB
MemAvailable:    1364696 kB
Buffers:           87804 kB
Cached:           713436 kB
MemTotal:        1844596 kB
MemFree:          590096 kB
MemAvailable:    1364696 kB
Buffers:           87804 kB
Cached:           713436 kB
MemTotal:        1844596 kB
MemFree:          588928 kB
MemAvailable:    1363528 kB
Buffers:           87804 kB
Cached:           713436 kB
MemTotal:        1844596 kB
MemFree:          586700 kB
MemAvailable:    1361300 kB
Buffers:           87804 kB
Cached:           713436 kB
MemTotal:        1844596 kB
MemFree:          579556 kB
MemAvailable:    1354156 kB
Buffers:           87804 kB
Cached:           713436 kB
MemTotal:        1844596 kB
MemFree:          579324 kB
MemAvailable:    1353924 kB
Buffers:           87804 kB
Cached:           713436 kB
MemTotal:        1844596 kB
MemFree:          580812 kB
MemAvailable:    1355412 kB
Buffers:           87804 kB
Cached:           713436 kB
MemTotal:        1844596 kB
MemFree:          579696 kB
MemAvailable:    1354296 kB
Buffers:           87804 kB
Cached:           713436 kB
MemTotal:        1844596 kB
MemFree:          580288 kB
MemAvailable:    1354888 kB
Buffers:           87804 kB
Cached:           713436 kB
MemTotal:        1844596 kB
MemFree:          580624 kB
MemAvailable:    1355224 kB
Buffers:           87804 kB
Cached:           713436 kB
MemTotal:        1844596 kB
MemFree:          579140 kB
MemAvailable:    1353740 kB
Buffers:           87804 kB
Cached:           713436 kB
MemTotal:        1844596 kB
MemFree:          580244 kB
MemAvailable:    1354844 kB
Buffers:           87804 kB
Cached:           713436 kB
MemTotal:        1844596 kB
MemFree:          579084 kB
MemAvailable:    1353684 kB
Buffers:           87804 kB
Cached:           713436 kB
MemTotal:        1844596 kB
MemFree:          579928 kB
MemAvailable:    1354528 kB
Buffers:           87804 kB
Cached:           713436 kB
MemTotal:        1844596 kB
MemFree:          579696 kB
MemAvailable:    1354296 kB
Buffers:           87804 kB
Cached:           713436 kB
MemTotal:        1844596 kB
MemFree:          578208 kB
MemAvailable:    1352808 kB
Buffers:           87808 kB
Cached:           713556 kB
MemTotal:        1844596 kB
MemFree:          579068 kB
MemAvailable:    1353836 kB
Buffers:           87808 kB
Cached:           713680 kB
MemTotal:        1844596 kB
MemFree:          579068 kB
MemAvailable:    1353836 kB
Buffers:           87808 kB
Cached:           713680 kB
MemTotal:        1844596 kB
MemFree:          578772 kB
MemAvailable:    1353708 kB
Buffers:           87808 kB
Cached:           713804 kB
MemTotal:        1844596 kB
MemFree:          578940 kB
MemAvailable:    1353876 kB
Buffers:           87808 kB
Cached:           713928 kB
MemTotal:        1844596 kB
MemFree:          577320 kB
MemAvailable:    1352424 kB
Buffers:           87808 kB
Cached:           714052 kB
MemTotal:        1844596 kB
MemFree:          578440 kB
MemAvailable:    1353544 kB
Buffers:           87808 kB
Cached:           714052 kB
MemTotal:        1844596 kB
MemFree:          578548 kB
MemAvailable:    1353736 kB
Buffers:           87808 kB
Cached:           714052 kB
MemTotal:        1844596 kB
MemFree:          577712 kB
MemAvailable:    1352900 kB
Buffers:           87808 kB
Cached:           714052 kB
MemTotal:        1844596 kB
MemFree:          578276 kB
MemAvailable:    1353540 kB
Buffers:           87808 kB
Cached:           714048 kB
MemTotal:        1844596 kB
MemFree:          578612 kB
MemAvailable:    1353876 kB
Buffers:           87808 kB
Cached:           714048 kB
MemTotal:        1844596 kB
MemFree:          578316 kB
MemAvailable:    1353580 kB
Buffers:           87808 kB
Cached:           714048 kB
MemTotal:        1844596 kB
MemFree:          578316 kB
MemAvailable:    1353580 kB
Buffers:           87808 kB
Cached:           714048 kB
MemTotal:        1844596 kB
MemFree:          578436 kB
MemAvailable:    1353784 kB
Buffers:           87808 kB
Cached:           714172 kB
MemTotal:        1844596 kB
MemFree:          578520 kB
MemAvailable:    1353868 kB
Buffers:           87808 kB
Cached:           714172 kB
MemTotal:        1844596 kB
MemFree:          576960 kB
MemAvailable:    1351636 kB
Buffers:           87808 kB
Cached:           713456 kB
MemTotal:        1844596 kB
MemFree:          583764 kB
MemAvailable:    1358440 kB
Buffers:           87808 kB
Cached:           713456 kB
MemTotal:        1844596 kB
MemFree:          728788 kB
MemAvailable:    1503464 kB
Buffers:           87808 kB
Cached:           713456 kB
