MemTotal:        1844596 kB
MemFree:          275516 kB
MemAvailable:    1547204 kB
Buffers:          105216 kB
Cached:          1180956 kB
MemTotal:        1844596 kB
MemFree:          248520 kB
MemAvailable:    1520212 kB
Buffers:          105216 kB
Cached:          1180960 kB
MemTotal:        1844596 kB
MemFree:          245464 kB
MemAvailable:    1517156 kB
Buffers:          105216 kB
Cached:          1180960 kB
MemTotal:        1844596 kB
MemFree:          247272 kB
MemAvailable:    1518964 kB
Buffers:          105216 kB
Cached:          1180960 kB
MemTotal:        1844596 kB
MemFree:          245704 kB
MemAvailable:    1517396 kB
Buffers:          105216 kB
Cached:          1180960 kB
MemTotal:        1844596 kB
MemFree:          243372 kB
MemAvailable:    1515064 kB
Buffers:          105216 kB
Cached:          1180960 kB
MemTotal:        1844596 kB
MemFree:          243240 kB
MemAvailable:    1514932 kB
Buffers:          105216 kB
Cached:          1180960 kB
MemTotal:        1844596 kB
MemFree:          242752 kB
MemAvailable:    1514444 kB
Buffers:          105216 kB
Cached:          1180960 kB
MemTotal:        1844596 kB
MemFree:          240520 kB
MemAvailable:    1512212 kB
Buffers:          105216 kB
Cached:          1180960 kB
MemTotal:        1844596 kB
MemFree:          237728 kB
MemAvailable:    1509420 kB
Buffers:          105216 kB
Cached:          1180960 kB
MemTotal:        1844596 kB
MemFree:          234072 kB
MemAvailable:    1505764 kB
Buffers:          105216 kB
Cached:          1180960 kB
MemTotal:        1844596 kB
MemFree:          235700 kB
MemAvailable:    1507392 kB
Buffers:          105216 kB
Cached:          1180960 kB
MemTotal:        1844596 kB
MemFree:          234644 kB
MemAvailable:    1506336 kB
Buffers:          105216 kB
Cached:          1180960 kB
MemTotal:        1844596 kB
MemFree:          234768 kB
MemAvailable:    1506460 kB
Buffers:          105216 kB
Cached:          1180960 kB
MemTotal:        1844596 kB
MemFree:          235620 kB
MemAvailable:    1507312 kB
Buffers:          105216 kB
Cached:          1180960 kB
MemTotal:        1844596 kB
MemFree:          234940 kB
MemAvailable:    1506632 kB
Buffers:          105216 kB
Cached:          1180960 kB
MemTotal:        1844596 kB
MemFree:          235308 kB
MemAvailable:    1507000 kB
Buffers:          105216 kB
Cached:          1180960 kB
MemTotal:        1844596 kB
MemFree:          235464 kB
MemAvailable:    1507156 kB
Buffers:          105216 kB
Cached:          1180960 kB
MemTotal:        1844596 kB
MemFree:          235380 kB
MemAvailable:    1507072 kB
Buffers:          105216 kB
Cached:          1180960 kB
MemTotal:        1844596 kB
MemFree:          234132 kB
MemAvailable:    1505824 kB
Buffers:          105216 kB
Cached:          1180960 kB
MemTotal:        1844596 kB
MemFree:          235364 kB
MemAvailable:    1507056 kB
Buffers:          105216 kB
Cached:          1180960 kB
MemTotal:        1844596 kB
MemFree:          234380 kB
MemAvailable:    1506072 kB
Buffers:          105216 kB
Cached:          1180960 kB
MemTotal:        1844596 kB
MemFree:          234072 kB
MemAvailable:    1505764 kB
Buffers:          105216 kB
Cached:          1180960 kB
MemTotal:        1844596 kB
MemFree:          233328 kB
MemAvailable:    1505020 kB
Buffers:          105216 kB
Cached:          1180960 kB
MemTotal:        1844596 kB
MemFree:          233064 kB
MemAvailable:    1504756 kB
Buffers:          105216 kB
Cached:          1180960 kB
MemTotal:        1844596 kB
MemFree:          234196 kB
MemAvailable:    1505888 kB
Buffers:          105216 kB
Cached:          1180960 kB
MemTotal:        1844596 kB
MemFree:          232700 kB
MemAvailable:    1504392 kB
Buffers:          105216 kB
Cached:          1180960 kB
MemTotal:        1844596 kB
MemFree:          233568 kB
MemAvailable:    1505260 kB
Buffers:          105216 kB
Cached:          1180960 kB
MemTotal:        1844596 kB
MemFree:          234056 kB
MemAvailable:    1505748 kB
Buffers:          105216 kB
Cached:          1180960 kB
MemTotal:        1844596 kB
MemFree:          231776 kB
MemAvailable:    1503468 kB
Buffers:          105216 kB
Cached:          1180960 kB
MemTotal:        1844596 kB
MemFree:          232444 kB
MemAvailable:    1504136 kB
Buffers:          105216 kB
Cached:          1180960 kB
MemTotal:        1844596 kB
MemFree:          231164 kB
MemAvailable:    1502856 kB
Buffers:          105216 kB
Cached:          1180960 kB
MemTotal:        1844596 kB
MemFree:          232872 kB
MemAvailable:    1504564 kB
Buffers:          105216 kB
Cached:          1180960 kB
MemTotal:        1844596 kB
MemFree:          232556 kB
MemAvailable:    1504248 kB
Buffers:          105216 kB
Cached:          1180960 kB
MemTotal:        1844596 kB
MemFree:          232892 kB
MemAvailable:    1504584 kB
Buffers:          105216 kB
Cached:          1180960 kB
MemTotal:        1844596 kB
MemFree:          232700 kB
MemAvailable:    1504392 kB
Buffers:          105216 kB
Cached:          1180960 kB
MemTotal:        1844596 kB
MemFree:          231964 kB
MemAvailable:    1503656 kB
Buffers:          105216 kB
Cached:          1180960 kB
MemTotal:        1844596 kB
MemFree:          232516 kB
MemAvailable:    1504208 kB
Buffers:          105216 kB
Cached:          1180960 kB
MemTotal:        1844596 kB
MemFree:          231156 kB
MemAvailable:    1502848 kB
Buffers:          105216 kB
Cached:          1180960 kB
MemTotal:        1844596 kB
MemFree:          231272 kB
MemAvailable:    1502964 kB
Buffers:          105216 kB
Cached:          1180960 kB
MemTotal:        1844596 kB
MemFree:          227360 kB
MemAvailable:    1499056 kB
Buffers:          105216 kB
Cached:          1180964 kB
MemTotal:        1844596 kB
MemFree:          227252 kB
MemAvailable:    1498948 kB
Buffers:          105216 kB
Cached:          1180964 kB
MemTotal:        1844596 kB
MemFree:          227316 kB
MemAvailable:    1499012 kB
Buffers:          105216 kB
Cached:          1180964 kB
MemTotal:        1844596 kB
MemFree:          227136 kB
MemAvailable:    1498832 kB
Buffers:          105216 kB
Cached:          1180964 kB
MemTotal:        1844596 kB
MemFree:          225880 kB
MemAvailable:    1497576 kB
Buffers:          105216 kB
Cached:          1180964 kB
MemTotal:        1844596 kB
MemFree:          227368 kB
MemAvailable:    1499064 kB
Buffers:          105216 kB
Cached:          1180964 kB
MemTotal:        1844596 kB
MemFree:          226384 kB
MemAvailable:    1498080 kB
Buffers:          105216 kB
Cached:          1180964 kB
MemTotal:        1844596 kB
MemFree:          227492 kB
MemAvailable:    1499188 kB
Buffers:          105216 kB
Cached:          1180964 kB
MemTotal:        1844596 kB
MemFree:          227368 kB
MemAvailable:    1499064 kB
Buffers:          105216 kB
Cached:          1180964 kB
MemTotal:        1844596 kB
MemFree:          227108 kB
MemAvailable:    1498804 kB
Buffers:          105216 kB
Cached:          1180964 kB
MemTotal:        1844596 kB
MemFree:          226988 kB
MemAvailable:    1498684 kB
Buffers:          105216 kB
Cached:          1180964 kB
MemTotal:        1844596 kB
MemFree:          225592 kB
MemAvailable:    1497288 kB
Buffers:          105216 kB
Cached:          1180964 kB
MemTotal:        1844596 kB
MemFree:          226948 kB
MemAvailable:    1498644 kB
Buffers:          105216 kB
Cached:          1180964 kB
MemTotal:        1844596 kB
MemFree:          226636 kB
MemAvailable:    1498416 kB
Buffers:          105216 kB
Cached:          1180964 kB
MemTotal:        1844596 kB
MemFree:          225740 kB
MemAvailable:    1497436 kB
Buffers:          105216 kB
Cached:          1180964 kB
MemTotal:        1844596 kB
MemFree:          225576 kB
MemAvailable:    1497272 kB
Buffers:          105216 kB
Cached:          1180964 kB
MemTotal:        1844596 kB
MemFree:          224088 kB
MemAvailable:    1495784 kB
Buffers:          105216 kB
Cached:          1180964 kB
MemTotal:        1844596 kB
MemFree:          220936 kB
MemAvailable:    1492632 kB
Buffers:          105216 kB
Cached:          1180964 kB
MemTotal:        1844596 kB
MemFree:          221280 kB
MemAvailable:    1492976 kB
Buffers:          105216 kB
Cached:          1180964 kB
MemTotal:        1844596 kB
MemFree:          220068 kB
MemAvailable:    1491764 kB
Buffers:          105216 kB
Cached:          1180964 kB
MemTotal:        1844596 kB
MemFree:          220608 kB
MemAvailable:    1492304 kB
Buffers:          105216 kB
Cached:          1180964 kB
MemTotal:        1844596 kB
MemFree:          218928 kB
MemAvailable:    1490624 kB
Buffers:          105216 kB
Cached:          1180964 kB
MemTotal:        1844596 kB
MemFree:          219264 kB
MemAvailable:    1490960 kB
Buffers:          105216 kB
Cached:          1180964 kB
MemTotal:        1844596 kB
MemFree:          218316 kB
MemAvailable:    1490012 kB
Buffers:          105216 kB
Cached:          1180964 kB
MemTotal:        1844596 kB
MemFree:          218316 kB
MemAvailable:    1490012 kB
Buffers:          105216 kB
Cached:          1180964 kB
MemTotal:        1844596 kB
MemFree:          218272 kB
MemAvailable:    1489968 kB
Buffers:          105216 kB
Cached:          1180964 kB
MemTotal:        1844596 kB
MemFree:          218128 kB
MemAvailable:    1489824 kB
Buffers:          105216 kB
Cached:          1180964 kB
MemTotal:        1844596 kB
MemFree:          218380 kB
MemAvailable:    1490076 kB
Buffers:          105216 kB
Cached:          1180964 kB
MemTotal:        1844596 kB
MemFree:          216904 kB
MemAvailable:    1488600 kB
Buffers:          105216 kB
Cached:          1180964 kB
MemTotal:        1844596 kB
MemFree:          218228 kB
MemAvailable:    1489924 kB
Buffers:          105216 kB
Cached:          1180964 kB
MemTotal:        1844596 kB
MemFree:          217216 kB
MemAvailable:    1488912 kB
Buffers:          105216 kB
Cached:          1180964 kB
MemTotal:        1844596 kB
MemFree:          216952 kB
MemAvailable:    1488648 kB
Buffers:          105216 kB
Cached:          1180964 kB
MemTotal:        1844596 kB
MemFree:          218316 kB
MemAvailable:    1490012 kB
Buffers:          105216 kB
Cached:          1180964 kB
MemTotal:        1844596 kB
MemFree:          218088 kB
MemAvailable:    1489784 kB
Buffers:          105216 kB
Cached:          1180964 kB
MemTotal:        1844596 kB
MemFree:          216684 kB
MemAvailable:    1488380 kB
Buffers:          105216 kB
Cached:          1180964 kB
MemTotal:        1844596 kB
MemFree:          218180 kB
MemAvailable:    1489876 kB
Buffers:          105216 kB
Cached:          1180964 kB
MemTotal:        1844596 kB
MemFree:          218100 kB
MemAvailable:    1489796 kB
Buffers:          105216 kB
Cached:          1180964 kB
MemTotal:        1844596 kB
MemFree:          216836 kB
MemAvailable:    1488532 kB
Buffers:          105216 kB
Cached:          1180964 kB
MemTotal:        1844596 kB
MemFree:          217656 kB
MemAvailable:    1489352 kB
Buffers:          105216 kB
Cached:          1180964 kB
MemTotal:        1844596 kB
MemFree:          217912 kB
MemAvailable:    1489608 kB
Buffers:          105216 kB
Cached:          1180964 kB
MemTotal:        1844596 kB
MemFree:          216528 kB
MemAvailable:    1488224 kB
Buffers:          105216 kB
Cached:          1180964 kB
MemTotal:        1844596 kB
MemFree:          217900 kB
MemAvailable:    1489596 kB
Buffers:          105216 kB
Cached:          1180964 kB
MemTotal:        1844596 kB
MemFree:          216412 kB
MemAvailable:    1488108 kB
Buffers:          105216 kB
Cached:          1180964 kB
MemTotal:        1844596 kB
MemFree:          215704 kB
MemAvailable:    1487400 kB
Buffers:          105216 kB
Cached:          1180964 kB
MemTotal:        1844596 kB
MemFree:          215596 kB
MemAvailable:    1487292 kB
Buffers:          105216 kB
Cached:          1180964 kB
MemTotal:        1844596 kB
MemFree:          212248 kB
MemAvailable:    1483944 kB
Buffers:          105216 kB
Cached:          1180964 kB
MemTotal:        1844596 kB
MemFree:          209828 kB
MemAvailable:    1481524 kB
Buffers:          105216 kB
Cached:          1180964 kB
MemTotal:        1844596 kB
MemFree:          208660 kB
MemAvailable:    1480356 kB
Buffers:          105216 kB
Cached:          1180964 kB
MemTotal:        1844596 kB
MemFree:          209704 kB
MemAvailable:    1481400 kB
Buffers:          105216 kB
Cached:          1180964 kB
MemTotal:        1844596 kB
MemFree:          208224 kB
MemAvailable:    1479920 kB
Buffers:          105216 kB
Cached:          1180964 kB
MemTotal:        1844596 kB
MemFree:          209588 kB
MemAvailable:    1481284 kB
Buffers:          105216 kB
Cached:          1180964 kB
MemTotal:        1844596 kB
MemFree:          208100 kB
MemAvailable:    1479796 kB
Buffers:          105216 kB
Cached:          1180964 kB
MemTotal:        1844596 kB
MemFree:          209144 kB
MemAvailable:    1480840 kB
Buffers:          105216 kB
Cached:          1180964 kB
MemTotal:        1844596 kB
MemFree:          209136 kB
MemAvailable:    1480832 kB
Buffers:          105216 kB
Cached:          1180964 kB
MemTotal:        1844596 kB
MemFree:          208092 kB
MemAvailable:    1479788 kB
Buffers:          105216 kB
Cached:          1180964 kB
MemTotal:        1844596 kB
MemFree:          209068 kB
MemAvailable:    1480764 kB
Buffers:          105216 kB
Cached:          1180964 kB
MemTotal:        1844596 kB
MemFree:          209068 kB
MemAvailable:    1480764 kB
Buffers:          105216 kB
Cached:          1180964 kB
MemTotal:        1844596 kB
MemFree:          209068 kB
MemAvailable:    1480764 kB
Buffers:          105216 kB
Cached:          1180964 kB
MemTotal:        1844596 kB
MemFree:          209148 kB
MemAvailable:    1480844 kB
Buffers:          105216 kB
Cached:          1180964 kB
MemTotal:        1844596 kB
MemFree:          209008 kB
MemAvailable:    1480704 kB
Buffers:          105216 kB
Cached:          1180964 kB
MemTotal:        1844596 kB
MemFree:          209008 kB
MemAvailable:    1480704 kB
Buffers:          105216 kB
Cached:          1180964 kB
MemTotal:        1844596 kB
MemFree:          208016 kB
MemAvailable:    1479712 kB
Buffers:          105216 kB
Cached:          1180964 kB
MemTotal:        1844596 kB
MemFree:          209356 kB
MemAvailable:    1481052 kB
Buffers:          105216 kB
Cached:          1180964 kB
MemTotal:        1844596 kB
MemFree:          209244 kB
MemAvailable:    1480940 kB
Buffers:          105216 kB
Cached:          1180964 kB
MemTotal:        1844596 kB
MemFree:          209080 kB
MemAvailable:    1480776 kB
Buffers:          105216 kB
Cached:          1180964 kB
MemTotal:        1844596 kB
MemFree:          207832 kB
MemAvailable:    1479528 kB
Buffers:          105216 kB
Cached:          1180964 kB
MemTotal:        1844596 kB
MemFree:          208000 kB
MemAvailable:    1479696 kB
Buffers:          105216 kB
Cached:          1180964 kB
MemTotal:        1844596 kB
MemFree:          209068 kB
MemAvailable:    1480764 kB
Buffers:          105216 kB
Cached:          1180964 kB
MemTotal:        1844596 kB
MemFree:          208928 kB
MemAvailable:    1480624 kB
Buffers:          105216 kB
Cached:          1180964 kB
MemTotal:        1844596 kB
MemFree:          209024 kB
MemAvailable:    1480720 kB
Buffers:          105216 kB
Cached:          1180964 kB
MemTotal:        1844596 kB
MemFree:          207896 kB
MemAvailable:    1479592 kB
Buffers:          105216 kB
Cached:          1180964 kB
MemTotal:        1844596 kB
MemFree:          209088 kB
MemAvailable:    1480784 kB
Buffers:          105216 kB
Cached:          1180964 kB
MemTotal:        1844596 kB
MemFree:          209088 kB
MemAvailable:    1480784 kB
Buffers:          105216 kB
Cached:          1180964 kB
MemTotal:        1844596 kB
MemFree:          209060 kB
MemAvailable:    1480756 kB
Buffers:          105216 kB
Cached:          1180964 kB
MemTotal:        1844596 kB
MemFree:          208536 kB
MemAvailable:    1480232 kB
Buffers:          105216 kB
Cached:          1180964 kB
MemTotal:        1844596 kB
MemFree:          207744 kB
MemAvailable:    1479444 kB
Buffers:          105216 kB
Cached:          1180968 kB
MemTotal:        1844596 kB
MemFree:          208928 kB
MemAvailable:    1480628 kB
Buffers:          105216 kB
Cached:          1180968 kB
MemTotal:        1844596 kB
MemFree:          209264 kB
MemAvailable:    1480964 kB
Buffers:          105216 kB
Cached:          1180968 kB
MemTotal:        1844596 kB
MemFree:          207868 kB
MemAvailable:    1479576 kB
Buffers:          105216 kB
Cached:          1180976 kB
MemTotal:        1844596 kB
MemFree:          209060 kB
MemAvailable:    1480768 kB
Buffers:          105216 kB
Cached:          1180976 kB
MemTotal:        1844596 kB
MemFree:          208536 kB
MemAvailable:    1480244 kB
Buffers:          105216 kB
Cached:          1180976 kB
MemTotal:        1844596 kB
MemFree:          207736 kB
MemAvailable:    1479444 kB
Buffers:          105216 kB
Cached:          1180976 kB
MemTotal:        1844596 kB
MemFree:          209452 kB
MemAvailable:    1481160 kB
Buffers:          105216 kB
Cached:          1180976 kB
MemTotal:        1844596 kB
MemFree:          208536 kB
MemAvailable:    1480244 kB
Buffers:          105216 kB
Cached:          1180976 kB
MemTotal:        1844596 kB
MemFree:          205296 kB
MemAvailable:    1477004 kB
Buffers:          105216 kB
Cached:          1180976 kB
MemTotal:        1844596 kB
MemFree:          204568 kB
MemAvailable:    1476276 kB
Buffers:          105216 kB
Cached:          1180976 kB
MemTotal:        1844596 kB
MemFree:          201460 kB
MemAvailable:    1473168 kB
Buffers:          105216 kB
Cached:          1180976 kB
MemTotal:        1844596 kB
MemFree:          199228 kB
MemAvailable:    1470936 kB
Buffers:          105216 kB
Cached:          1180976 kB
MemTotal:        1844596 kB
MemFree:          197368 kB
MemAvailable:    1469076 kB
Buffers:          105216 kB
Cached:          1180976 kB
MemTotal:        1844596 kB
MemFree:          198588 kB
MemAvailable:    1470296 kB
Buffers:          105216 kB
Cached:          1180976 kB
MemTotal:        1844596 kB
MemFree:          197368 kB
MemAvailable:    1469076 kB
Buffers:          105216 kB
Cached:          1180976 kB
MemTotal:        1844596 kB
MemFree:          197108 kB
MemAvailable:    1468816 kB
Buffers:          105216 kB
Cached:          1180976 kB
MemTotal:        1844596 kB
MemFree:          198300 kB
MemAvailable:    1470008 kB
Buffers:          105216 kB
Cached:          1180976 kB
MemTotal:        1844596 kB
MemFree:          198468 kB
MemAvailable:    1470176 kB
Buffers:          105216 kB
Cached:          1180976 kB
MemTotal:        1844596 kB
MemFree:          198240 kB
MemAvailable:    1469948 kB
Buffers:          105216 kB
Cached:          1180976 kB
MemTotal:        1844596 kB
MemFree:          196928 kB
MemAvailable:    1468636 kB
Buffers:          105216 kB
Cached:          1180976 kB
MemTotal:        1844596 kB
MemFree:          198300 kB
MemAvailable:    1470008 kB
Buffers:          105216 kB
Cached:          1180976 kB
MemTotal:        1844596 kB
MemFree:          198096 kB
MemAvailable:    1469804 kB
Buffers:          105216 kB
Cached:          1180976 kB
MemTotal:        1844596 kB
MemFree:          198236 kB
MemAvailable:    1469944 kB
Buffers:          105216 kB
Cached:          1180976 kB
MemTotal:        1844596 kB
MemFree:          198348 kB
MemAvailable:    1470056 kB
Buffers:          105216 kB
Cached:          1180976 kB
MemTotal:        1844596 kB
MemFree:          197492 kB
MemAvailable:    1469200 kB
Buffers:          105216 kB
Cached:          1180976 kB
MemTotal:        1844596 kB
MemFree:          198092 kB
MemAvailable:    1469800 kB
Buffers:          105216 kB
Cached:          1180976 kB
MemTotal:        1844596 kB
MemFree:          197812 kB
MemAvailable:    1469520 kB
Buffers:          105216 kB
Cached:          1180976 kB
MemTotal:        1844596 kB
MemFree:          198140 kB
MemAvailable:    1469848 kB
Buffers:          105216 kB
Cached:          1180976 kB
MemTotal:        1844596 kB
MemFree:          197988 kB
MemAvailable:    1469696 kB
Buffers:          105216 kB
Cached:          1180976 kB
MemTotal:        1844596 kB
MemFree:          198284 kB
MemAvailable:    1469992 kB
Buffers:          105216 kB
Cached:          1180976 kB
MemTotal:        1844596 kB
MemFree:          198044 kB
MemAvailable:    1469752 kB
Buffers:          105216 kB
Cached:          1180976 kB
MemTotal:        1844596 kB
MemFree:          197600 kB
MemAvailable:    1469308 kB
Buffers:          105216 kB
Cached:          1180976 kB
MemTotal:        1844596 kB
MemFree:          198140 kB
MemAvailable:    1469848 kB
Buffers:          105216 kB
Cached:          1180976 kB
MemTotal:        1844596 kB
MemFree:          198236 kB
MemAvailable:    1469944 kB
Buffers:          105216 kB
Cached:          1180976 kB
MemTotal:        1844596 kB
MemFree:          197916 kB
MemAvailable:    1469624 kB
Buffers:          105216 kB
Cached:          1180976 kB
MemTotal:        1844596 kB
MemFree:          197688 kB
MemAvailable:    1469396 kB
Buffers:          105216 kB
Cached:          1180976 kB
MemTotal:        1844596 kB
MemFree:          196932 kB
MemAvailable:    1468640 kB
Buffers:          105216 kB
Cached:          1180976 kB
MemTotal:        1844596 kB
MemFree:          197092 kB
MemAvailable:    1468800 kB
Buffers:          105216 kB
Cached:          1180976 kB
MemTotal:        1844596 kB
MemFree:          198228 kB
MemAvailable:    1469936 kB
Buffers:          105216 kB
Cached:          1180976 kB
MemTotal:        1844596 kB
MemFree:          197996 kB
MemAvailable:    1469704 kB
Buffers:          105216 kB
Cached:          1180976 kB
MemTotal:        1844596 kB
MemFree:          198188 kB
MemAvailable:    1469896 kB
Buffers:          105216 kB
Cached:          1180976 kB
MemTotal:        1844596 kB
MemFree:          198096 kB
MemAvailable:    1469804 kB
Buffers:          105216 kB
Cached:          1180976 kB
MemTotal:        1844596 kB
MemFree:          197988 kB
MemAvailable:    1469696 kB
Buffers:          105216 kB
Cached:          1180976 kB
MemTotal:        1844596 kB
MemFree:          198276 kB
MemAvailable:    1469984 kB
Buffers:          105216 kB
Cached:          1180976 kB
MemTotal:        1844596 kB
MemFree:          198236 kB
MemAvailable:    1469944 kB
Buffers:          105216 kB
Cached:          1180976 kB
MemTotal:        1844596 kB
MemFree:          197056 kB
MemAvailable:    1468764 kB
Buffers:          105216 kB
Cached:          1180976 kB
MemTotal:        1844596 kB
MemFree:          196924 kB
MemAvailable:    1468632 kB
Buffers:          105216 kB
Cached:          1180976 kB
MemTotal:        1844596 kB
MemFree:          198100 kB
MemAvailable:    1469808 kB
Buffers:          105216 kB
Cached:          1180976 kB
MemTotal:        1844596 kB
MemFree:          196924 kB
MemAvailable:    1468632 kB
Buffers:          105216 kB
Cached:          1180976 kB
MemTotal:        1844596 kB
MemFree:          198224 kB
MemAvailable:    1469932 kB
Buffers:          105216 kB
Cached:          1180976 kB
MemTotal:        1844596 kB
MemFree:          197492 kB
MemAvailable:    1469200 kB
Buffers:          105216 kB
Cached:          1180976 kB
MemTotal:        1844596 kB
MemFree:          198404 kB
MemAvailable:    1470112 kB
Buffers:          105216 kB
Cached:          1180976 kB
MemTotal:        1844596 kB
MemFree:          198280 kB
MemAvailable:    1469988 kB
Buffers:          105216 kB
Cached:          1180976 kB
MemTotal:        1844596 kB
MemFree:          197096 kB
MemAvailable:    1468804 kB
Buffers:          105216 kB
Cached:          1180976 kB
MemTotal:        1844596 kB
MemFree:          197056 kB
MemAvailable:    1468764 kB
Buffers:          105216 kB
Cached:          1180976 kB
MemTotal:        1844596 kB
MemFree:          198032 kB
MemAvailable:    1469740 kB
Buffers:          105216 kB
Cached:          1180976 kB
MemTotal:        1844596 kB
MemFree:          198368 kB
MemAvailable:    1470076 kB
Buffers:          105216 kB
Cached:          1180976 kB
MemTotal:        1844596 kB
MemFree:          198376 kB
MemAvailable:    1470084 kB
Buffers:          105216 kB
Cached:          1180976 kB
MemTotal:        1844596 kB
MemFree:          198076 kB
MemAvailable:    1469784 kB
Buffers:          105216 kB
Cached:          1180976 kB
MemTotal:        1844596 kB
MemFree:          196836 kB
MemAvailable:    1468544 kB
Buffers:          105216 kB
Cached:          1180976 kB
MemTotal:        1844596 kB
MemFree:          197732 kB
MemAvailable:    1469440 kB
Buffers:          105216 kB
Cached:          1180976 kB
MemTotal:        1844596 kB
MemFree:          197864 kB
MemAvailable:    1469572 kB
Buffers:          105216 kB
Cached:          1180976 kB
MemTotal:        1844596 kB
MemFree:          197680 kB
MemAvailable:    1469388 kB
Buffers:          105216 kB
Cached:          1180976 kB
MemTotal:        1844596 kB
MemFree:          197680 kB
MemAvailable:    1469388 kB
Buffers:          105216 kB
Cached:          1180976 kB
MemTotal:        1844596 kB
MemFree:          197096 kB
MemAvailable:    1468804 kB
Buffers:          105216 kB
Cached:          1180976 kB
MemTotal:        1844596 kB
MemFree:          196252 kB
MemAvailable:    1467960 kB
Buffers:          105216 kB
Cached:          1180976 kB
MemTotal:        1844596 kB
MemFree:          196940 kB
MemAvailable:    1468648 kB
Buffers:          105216 kB
Cached:          1180976 kB
MemTotal:        1844596 kB
MemFree:          195860 kB
MemAvailable:    1467568 kB
Buffers:          105216 kB
Cached:          1180976 kB
MemTotal:        1844596 kB
MemFree:          195812 kB
MemAvailable:    1467520 kB
Buffers:          105216 kB
Cached:          1180976 kB
MemTotal:        1844596 kB
MemFree:          196964 kB
MemAvailable:    1468672 kB
Buffers:          105216 kB
Cached:          1180976 kB
MemTotal:        1844596 kB
MemFree:          196756 kB
MemAvailable:    1468464 kB
Buffers:          105216 kB
Cached:          1180976 kB
MemTotal:        1844596 kB
MemFree:          196792 kB
MemAvailable:    1468500 kB
Buffers:          105216 kB
Cached:          1180976 kB
MemTotal:        1844596 kB
MemFree:          196560 kB
MemAvailable:    1468268 kB
Buffers:          105216 kB
Cached:          1180976 kB
MemTotal:        1844596 kB
MemFree:          196812 kB
MemAvailable:    1468520 kB
Buffers:          105216 kB
Cached:          1180976 kB
MemTotal:        1844596 kB
MemFree:          196576 kB
MemAvailable:    1468284 kB
Buffers:          105216 kB
Cached:          1180976 kB
MemTotal:        1844596 kB
MemFree:          196708 kB
MemAvailable:    1468424 kB
Buffers:          105216 kB
Cached:          1180984 kB
MemTotal:        1844596 kB
MemFree:          195888 kB
MemAvailable:    1467604 kB
Buffers:          105216 kB
Cached:          1180984 kB
MemTotal:        1844596 kB
MemFree:          196460 kB
MemAvailable:    1468176 kB
Buffers:          105216 kB
Cached:          1180984 kB
MemTotal:        1844596 kB
MemFree:          196796 kB
MemAvailable:    1468512 kB
Buffers:          105216 kB
Cached:          1180984 kB
MemTotal:        1844596 kB
MemFree:          196584 kB
MemAvailable:    1468300 kB
Buffers:          105216 kB
Cached:          1180984 kB
MemTotal:        1844596 kB
MemFree:          196840 kB
MemAvailable:    1468556 kB
Buffers:          105216 kB
Cached:          1180984 kB
MemTotal:        1844596 kB
MemFree:          195344 kB
MemAvailable:    1467060 kB
Buffers:          105216 kB
Cached:          1180984 kB
MemTotal:        1844596 kB
MemFree:          196412 kB
MemAvailable:    1468128 kB
Buffers:          105216 kB
Cached:          1180984 kB
MemTotal:        1844596 kB
MemFree:          196584 kB
MemAvailable:    1468300 kB
Buffers:          105216 kB
Cached:          1180984 kB
MemTotal:        1844596 kB
MemFree:          195256 kB
MemAvailable:    1466972 kB
Buffers:          105216 kB
Cached:          1180984 kB
MemTotal:        1844596 kB
MemFree:          195380 kB
MemAvailable:    1467096 kB
Buffers:          105216 kB
Cached:          1180984 kB
MemTotal:        1844596 kB
MemFree:          195380 kB
MemAvailable:    1467096 kB
Buffers:          105216 kB
Cached:          1180984 kB
MemTotal:        1844596 kB
MemFree:          193020 kB
MemAvailable:    1464736 kB
Buffers:          105216 kB
Cached:          1180984 kB
MemTotal:        1844596 kB
MemFree:          193020 kB
MemAvailable:    1464736 kB
Buffers:          105216 kB
Cached:          1180984 kB
MemTotal:        1844596 kB
MemFree:          187828 kB
MemAvailable:    1459544 kB
Buffers:          105216 kB
Cached:          1180984 kB
MemTotal:        1844596 kB
MemFree:          185712 kB
MemAvailable:    1457428 kB
Buffers:          105216 kB
Cached:          1180984 kB
MemTotal:        1844596 kB
MemFree:          185712 kB
MemAvailable:    1457428 kB
Buffers:          105216 kB
Cached:          1180984 kB
MemTotal:        1844596 kB
MemFree:          185348 kB
MemAvailable:    1457064 kB
Buffers:          105216 kB
Cached:          1180984 kB
MemTotal:        1844596 kB
MemFree:          185084 kB
MemAvailable:    1456800 kB
Buffers:          105216 kB
Cached:          1180984 kB
MemTotal:        1844596 kB
MemFree:          185084 kB
MemAvailable:    1456800 kB
Buffers:          105216 kB
Cached:          1180984 kB
MemTotal:        1844596 kB
MemFree:          184904 kB
MemAvailable:    1456620 kB
Buffers:          105216 kB
Cached:          1180984 kB
MemTotal:        1844596 kB
MemFree:          184604 kB
MemAvailable:    1456320 kB
Buffers:          105216 kB
Cached:          1180984 kB
MemTotal:        1844596 kB
MemFree:          183240 kB
MemAvailable:    1454956 kB
Buffers:          105216 kB
Cached:          1180984 kB
MemTotal:        1844596 kB
MemFree:          183356 kB
MemAvailable:    1455072 kB
Buffers:          105216 kB
Cached:          1180984 kB
MemTotal:        1844596 kB
MemFree:          183692 kB
MemAvailable:    1455408 kB
Buffers:          105216 kB
Cached:          1180984 kB
MemTotal:        1844596 kB
MemFree:          182496 kB
MemAvailable:    1454212 kB
Buffers:          105216 kB
Cached:          1180984 kB
MemTotal:        1844596 kB
MemFree:          180504 kB
MemAvailable:    1452220 kB
Buffers:          105216 kB
Cached:          1180984 kB
MemTotal:        1844596 kB
MemFree:          181496 kB
MemAvailable:    1453212 kB
Buffers:          105216 kB
Cached:          1180984 kB
MemTotal:        1844596 kB
MemFree:          181264 kB
MemAvailable:    1452980 kB
Buffers:          105216 kB
Cached:          1180984 kB
MemTotal:        1844596 kB
MemFree:          181392 kB
MemAvailable:    1453108 kB
Buffers:          105216 kB
Cached:          1180984 kB
MemTotal:        1844596 kB
MemFree:          180336 kB
MemAvailable:    1452052 kB
Buffers:          105216 kB
Cached:          1180984 kB
MemTotal:        1844596 kB
MemFree:          181240 kB
MemAvailable:    1452956 kB
Buffers:          105216 kB
Cached:          1180984 kB
MemTotal:        1844596 kB
MemFree:          181496 kB
MemAvailable:    1453212 kB
Buffers:          105216 kB
Cached:          1180984 kB
MemTotal:        1844596 kB
MemFree:          181456 kB
MemAvailable:    1453172 kB
Buffers:          105216 kB
Cached:          1180984 kB
MemTotal:        1844596 kB
MemFree:          181312 kB
MemAvailable:    1453028 kB
Buffers:          105216 kB
Cached:          1180984 kB
MemTotal:        1844596 kB
MemFree:          181564 kB
MemAvailable:    1453280 kB
Buffers:          105216 kB
Cached:          1180984 kB
MemTotal:        1844596 kB
MemFree:          180252 kB
MemAvailable:    1451968 kB
Buffers:          105216 kB
Cached:          1180984 kB
MemTotal:        1844596 kB
MemFree:          181444 kB
MemAvailable:    1453160 kB
Buffers:          105216 kB
Cached:          1180984 kB
MemTotal:        1844596 kB
MemFree:          181696 kB
MemAvailable:    1453412 kB
Buffers:          105216 kB
Cached:          1180984 kB
MemTotal:        1844596 kB
MemFree:          180216 kB
MemAvailable:    1451932 kB
Buffers:          105216 kB
Cached:          1180984 kB
MemTotal:        1844596 kB
MemFree:          180868 kB
MemAvailable:    1452584 kB
Buffers:          105216 kB
Cached:          1180984 kB
MemTotal:        1844596 kB
MemFree:          180636 kB
MemAvailable:    1452352 kB
Buffers:          105216 kB
Cached:          1180984 kB
MemTotal:        1844596 kB
MemFree:          179384 kB
MemAvailable:    1451100 kB
Buffers:          105216 kB
Cached:          1180984 kB
MemTotal:        1844596 kB
MemFree:          179628 kB
MemAvailable:    1451344 kB
Buffers:          105216 kB
Cached:          1180984 kB
MemTotal:        1844596 kB
MemFree:          179380 kB
MemAvailable:    1451096 kB
Buffers:          105216 kB
Cached:          1180984 kB
MemTotal:        1844596 kB
MemFree:          179444 kB
MemAvailable:    1451160 kB
Buffers:          105216 kB
Cached:          1180984 kB
MemTotal:        1844596 kB
MemFree:          178124 kB
MemAvailable:    1449840 kB
Buffers:          105216 kB
Cached:          1180984 kB
MemTotal:        1844596 kB
MemFree:          179488 kB
MemAvailable:    1451204 kB
Buffers:          105216 kB
Cached:          1180984 kB
MemTotal:        1844596 kB
MemFree:          178892 kB
MemAvailable:    1450608 kB
Buffers:          105216 kB
Cached:          1180984 kB
MemTotal:        1844596 kB
MemFree:          178288 kB
MemAvailable:    1450004 kB
Buffers:          105216 kB
Cached:          1180984 kB
MemTotal:        1844596 kB
MemFree:          178280 kB
MemAvailable:    1449996 kB
Buffers:          105216 kB
Cached:          1180984 kB
MemTotal:        1844596 kB
MemFree:          176908 kB
MemAvailable:    1448624 kB
Buffers:          105216 kB
Cached:          1180984 kB
MemTotal:        1844596 kB
MemFree:          176900 kB
MemAvailable:    1448616 kB
Buffers:          105216 kB
Cached:          1180984 kB
MemTotal:        1844596 kB
MemFree:          176296 kB
MemAvailable:    1448012 kB
Buffers:          105216 kB
Cached:          1180984 kB
MemTotal:        1844596 kB
MemFree:          177596 kB
MemAvailable:    1449312 kB
Buffers:          105216 kB
Cached:          1180984 kB
MemTotal:        1844596 kB
MemFree:          177272 kB
MemAvailable:    1448988 kB
Buffers:          105216 kB
Cached:          1180984 kB
MemTotal:        1844596 kB
MemFree:          177040 kB
MemAvailable:    1448756 kB
Buffers:          105216 kB
Cached:          1180984 kB
MemTotal:        1844596 kB
MemFree:          177328 kB
MemAvailable:    1449044 kB
Buffers:          105216 kB
Cached:          1180984 kB
MemTotal:        1844596 kB
MemFree:          177132 kB
MemAvailable:    1448848 kB
Buffers:          105216 kB
Cached:          1180984 kB
MemTotal:        1844596 kB
MemFree:          175896 kB
MemAvailable:    1447612 kB
Buffers:          105216 kB
Cached:          1180984 kB
MemTotal:        1844596 kB
MemFree:          177192 kB
MemAvailable:    1448908 kB
Buffers:          105216 kB
Cached:          1180984 kB
MemTotal:        1844596 kB
MemFree:          177040 kB
MemAvailable:    1448756 kB
Buffers:          105216 kB
Cached:          1180984 kB
MemTotal:        1844596 kB
MemFree:          177328 kB
MemAvailable:    1449044 kB
Buffers:          105216 kB
Cached:          1180984 kB
MemTotal:        1844596 kB
MemFree:          176112 kB
MemAvailable:    1447828 kB
Buffers:          105216 kB
Cached:          1180984 kB
MemTotal:        1844596 kB
MemFree:          175988 kB
MemAvailable:    1447704 kB
Buffers:          105216 kB
Cached:          1180984 kB
MemTotal:        1844596 kB
MemFree:          177228 kB
MemAvailable:    1448944 kB
Buffers:          105216 kB
Cached:          1180984 kB
MemTotal:        1844596 kB
MemFree:          176964 kB
MemAvailable:    1448680 kB
Buffers:          105216 kB
Cached:          1180984 kB
MemTotal:        1844596 kB
MemFree:          176924 kB
MemAvailable:    1448640 kB
Buffers:          105216 kB
Cached:          1180984 kB
MemTotal:        1844596 kB
MemFree:          176992 kB
MemAvailable:    1448708 kB
Buffers:          105216 kB
Cached:          1180984 kB
MemTotal:        1844596 kB
MemFree:          176428 kB
MemAvailable:    1448144 kB
Buffers:          105216 kB
Cached:          1180984 kB
MemTotal:        1844596 kB
MemFree:          175792 kB
MemAvailable:    1447508 kB
Buffers:          105216 kB
Cached:          1180984 kB
MemTotal:        1844596 kB
MemFree:          177156 kB
MemAvailable:    1448872 kB
Buffers:          105216 kB
Cached:          1180984 kB
MemTotal:        1844596 kB
MemFree:          176992 kB
MemAvailable:    1448708 kB
Buffers:          105216 kB
Cached:          1180984 kB
MemTotal:        1844596 kB
MemFree:          177284 kB
MemAvailable:    1449000 kB
Buffers:          105216 kB
Cached:          1180984 kB
MemTotal:        1844596 kB
MemFree:          177040 kB
MemAvailable:    1448768 kB
Buffers:          105216 kB
Cached:          1180996 kB
MemTotal:        1844596 kB
MemFree:          177040 kB
MemAvailable:    1448768 kB
Buffers:          105216 kB
Cached:          1180996 kB
MemTotal:        1844596 kB
MemFree:          177032 kB
MemAvailable:    1448760 kB
Buffers:          105216 kB
Cached:          1180996 kB
MemTotal:        1844596 kB
MemFree:          177284 kB
MemAvailable:    1449012 kB
Buffers:          105216 kB
Cached:          1180996 kB
MemTotal:        1844596 kB
MemFree:          175664 kB
MemAvailable:    1447392 kB
Buffers:          105216 kB
Cached:          1180996 kB
MemTotal:        1844596 kB
MemFree:          175788 kB
MemAvailable:    1447516 kB
Buffers:          105216 kB
Cached:          1180996 kB
MemTotal:        1844596 kB
MemFree:          175784 kB
MemAvailable:    1447512 kB
Buffers:          105216 kB
Cached:          1180996 kB
MemTotal:        1844596 kB
MemFree:          175428 kB
MemAvailable:    1447156 kB
Buffers:          105216 kB
Cached:          1180996 kB
MemTotal:        1844596 kB
MemFree:          174256 kB
MemAvailable:    1445984 kB
Buffers:          105216 kB
Cached:          1180996 kB
MemTotal:        1844596 kB
MemFree:          175040 kB
MemAvailable:    1446768 kB
Buffers:          105216 kB
Cached:          1180996 kB
MemTotal:        1844596 kB
MemFree:          174312 kB
MemAvailable:    1446040 kB
Buffers:          105216 kB
Cached:          1180996 kB
MemTotal:        1844596 kB
MemFree:          172576 kB
MemAvailable:    1444304 kB
Buffers:          105216 kB
Cached:          1180996 kB
MemTotal:        1844596 kB
MemFree:          170220 kB
MemAvailable:    1441948 kB
Buffers:          105216 kB
Cached:          1180996 kB
MemTotal:        1844596 kB
MemFree:          167800 kB
MemAvailable:    1439528 kB
Buffers:          105216 kB
Cached:          1180996 kB
MemTotal:        1844596 kB
MemFree:          165004 kB
MemAvailable:    1436732 kB
Buffers:          105216 kB
Cached:          1180996 kB
MemTotal:        1844596 kB
MemFree:          161168 kB
MemAvailable:    1432896 kB
Buffers:          105216 kB
Cached:          1180996 kB
MemTotal:        1844596 kB
MemFree:          158664 kB
MemAvailable:    1430392 kB
Buffers:          105216 kB
Cached:          1180996 kB
MemTotal:        1844596 kB
MemFree:          158748 kB
MemAvailable:    1430476 kB
Buffers:          105216 kB
Cached:          1180996 kB
MemTotal:        1844596 kB
MemFree:          158508 kB
MemAvailable:    1430236 kB
Buffers:          105216 kB
Cached:          1180996 kB
MemTotal:        1844596 kB
MemFree:          158536 kB
MemAvailable:    1430264 kB
Buffers:          105216 kB
Cached:          1180996 kB
MemTotal:        1844596 kB
MemFree:          158440 kB
MemAvailable:    1430168 kB
Buffers:          105216 kB
Cached:          1180996 kB
MemTotal:        1844596 kB
MemFree:          158676 kB
MemAvailable:    1430404 kB
Buffers:          105216 kB
Cached:          1180996 kB
MemTotal:        1844596 kB
MemFree:          157304 kB
MemAvailable:    1429032 kB
Buffers:          105216 kB
Cached:          1180996 kB
MemTotal:        1844596 kB
MemFree:          157296 kB
MemAvailable:    1429024 kB
Buffers:          105216 kB
Cached:          1180996 kB
MemTotal:        1844596 kB
MemFree:          158232 kB
MemAvailable:    1429960 kB
Buffers:          105216 kB
Cached:          1180996 kB
MemTotal:        1844596 kB
MemFree:          157944 kB
MemAvailable:    1429672 kB
Buffers:          105216 kB
Cached:          1180996 kB
MemTotal:        1844596 kB
MemFree:          158260 kB
MemAvailable:    1429988 kB
Buffers:          105216 kB
Cached:          1180996 kB
MemTotal:        1844596 kB
MemFree:          157020 kB
MemAvailable:    1428748 kB
Buffers:          105216 kB
Cached:          1180996 kB
MemTotal:        1844596 kB
MemFree:          158244 kB
MemAvailable:    1429972 kB
Buffers:          105216 kB
Cached:          1180996 kB
MemTotal:        1844596 kB
MemFree:          157944 kB
MemAvailable:    1429672 kB
Buffers:          105216 kB
Cached:          1180996 kB
MemTotal:        1844596 kB
MemFree:          157696 kB
MemAvailable:    1429424 kB
Buffers:          105216 kB
Cached:          1180996 kB
MemTotal:        1844596 kB
MemFree:          156324 kB
MemAvailable:    1428052 kB
Buffers:          105216 kB
Cached:          1180996 kB
MemTotal:        1844596 kB
MemFree:          157556 kB
MemAvailable:    1429284 kB
Buffers:          105216 kB
Cached:          1180996 kB
MemTotal:        1844596 kB
MemFree:          156152 kB
MemAvailable:    1427880 kB
Buffers:          105216 kB
Cached:          1180996 kB
MemTotal:        1844596 kB
MemFree:          157420 kB
MemAvailable:    1429148 kB
Buffers:          105216 kB
Cached:          1180996 kB
MemTotal:        1844596 kB
MemFree:          157572 kB
MemAvailable:    1429300 kB
Buffers:          105216 kB
Cached:          1180996 kB
MemTotal:        1844596 kB
MemFree:          156320 kB
MemAvailable:    1428048 kB
Buffers:          105216 kB
Cached:          1180996 kB
MemTotal:        1844596 kB
MemFree:          156320 kB
MemAvailable:    1428048 kB
Buffers:          105216 kB
Cached:          1180996 kB
MemTotal:        1844596 kB
MemFree:          157512 kB
MemAvailable:    1429240 kB
Buffers:          105216 kB
Cached:          1180996 kB
MemTotal:        1844596 kB
MemFree:          156704 kB
MemAvailable:    1428432 kB
Buffers:          105216 kB
Cached:          1180996 kB
MemTotal:        1844596 kB
MemFree:          157400 kB
MemAvailable:    1429132 kB
Buffers:          105216 kB
Cached:          1181000 kB
MemTotal:        1844596 kB
MemFree:          157736 kB
MemAvailable:    1429468 kB
Buffers:          105216 kB
Cached:          1181000 kB
MemTotal:        1844596 kB
MemFree:          157508 kB
MemAvailable:    1429240 kB
Buffers:          105216 kB
Cached:          1181000 kB
MemTotal:        1844596 kB
MemFree:          156284 kB
MemAvailable:    1428016 kB
Buffers:          105216 kB
Cached:          1181000 kB
MemTotal:        1844596 kB
MemFree:          157508 kB
MemAvailable:    1429240 kB
Buffers:          105216 kB
Cached:          1181000 kB
MemTotal:        1844596 kB
MemFree:          156332 kB
MemAvailable:    1428064 kB
Buffers:          105216 kB
Cached:          1181000 kB
MemTotal:        1844596 kB
MemFree:          156284 kB
MemAvailable:    1428016 kB
Buffers:          105216 kB
Cached:          1181000 kB
MemTotal:        1844596 kB
MemFree:          156152 kB
MemAvailable:    1427884 kB
Buffers:          105216 kB
Cached:          1181000 kB
MemTotal:        1844596 kB
MemFree:          157512 kB
MemAvailable:    1429244 kB
Buffers:          105216 kB
Cached:          1181000 kB
MemTotal:        1844596 kB
MemFree:          157764 kB
MemAvailable:    1429496 kB
Buffers:          105216 kB
Cached:          1181000 kB
MemTotal:        1844596 kB
MemFree:          155216 kB
MemAvailable:    1426948 kB
Buffers:          105216 kB
Cached:          1181000 kB
MemTotal:        1844596 kB
MemFree:          151736 kB
MemAvailable:    1423468 kB
Buffers:          105216 kB
Cached:          1181000 kB
MemTotal:        1844596 kB
MemFree:          151008 kB
MemAvailable:    1422740 kB
Buffers:          105216 kB
Cached:          1181000 kB
MemTotal:        1844596 kB
MemFree:          148148 kB
MemAvailable:    1419880 kB
Buffers:          105216 kB
Cached:          1181000 kB
MemTotal:        1844596 kB
MemFree:          145552 kB
MemAvailable:    1417284 kB
Buffers:          105216 kB
Cached:          1181000 kB
MemTotal:        1844596 kB
MemFree:          142876 kB
MemAvailable:    1414608 kB
Buffers:          105216 kB
Cached:          1181000 kB
MemTotal:        1844596 kB
MemFree:          140336 kB
MemAvailable:    1412068 kB
Buffers:          105216 kB
Cached:          1181000 kB
MemTotal:        1844596 kB
MemFree:          139344 kB
MemAvailable:    1411076 kB
Buffers:          105216 kB
Cached:          1181000 kB
MemTotal:        1844596 kB
MemFree:          138236 kB
MemAvailable:    1409968 kB
Buffers:          105216 kB
Cached:          1181000 kB
MemTotal:        1844596 kB
MemFree:          139080 kB
MemAvailable:    1410812 kB
Buffers:          105216 kB
Cached:          1181000 kB
MemTotal:        1844596 kB
MemFree:          139416 kB
MemAvailable:    1411148 kB
Buffers:          105216 kB
Cached:          1181000 kB
MemTotal:        1844596 kB
MemFree:          139212 kB
MemAvailable:    1410944 kB
Buffers:          105216 kB
Cached:          1181000 kB
MemTotal:        1844596 kB
MemFree:          138484 kB
MemAvailable:    1410216 kB
Buffers:          105216 kB
Cached:          1181000 kB
MemTotal:        1844596 kB
MemFree:          138908 kB
MemAvailable:    1410640 kB
Buffers:          105216 kB
Cached:          1181000 kB
MemTotal:        1844596 kB
MemFree:          138804 kB
MemAvailable:    1410536 kB
Buffers:          105216 kB
Cached:          1181000 kB
MemTotal:        1844596 kB
MemFree:          138092 kB
MemAvailable:    1409824 kB
Buffers:          105216 kB
Cached:          1181000 kB
MemTotal:        1844596 kB
MemFree:          138180 kB
MemAvailable:    1409912 kB
Buffers:          105216 kB
Cached:          1181000 kB
MemTotal:        1844596 kB
MemFree:          137932 kB
MemAvailable:    1409664 kB
Buffers:          105216 kB
Cached:          1181000 kB
MemTotal:        1844596 kB
MemFree:          139204 kB
MemAvailable:    1410936 kB
Buffers:          105216 kB
Cached:          1181000 kB
MemTotal:        1844596 kB
MemFree:          139456 kB
MemAvailable:    1411188 kB
Buffers:          105216 kB
Cached:          1181000 kB
MemTotal:        1844596 kB
MemFree:          137924 kB
MemAvailable:    1409656 kB
Buffers:          105216 kB
Cached:          1181000 kB
MemTotal:        1844596 kB
MemFree:          139200 kB
MemAvailable:    1410932 kB
Buffers:          105216 kB
Cached:          1181000 kB
MemTotal:        1844596 kB
MemFree:          139200 kB
MemAvailable:    1410932 kB
Buffers:          105216 kB
Cached:          1181000 kB
MemTotal:        1844596 kB
MemFree:          137848 kB
MemAvailable:    1409584 kB
Buffers:          105216 kB
Cached:          1181004 kB
MemTotal:        1844596 kB
MemFree:          139204 kB
MemAvailable:    1410940 kB
Buffers:          105216 kB
Cached:          1181004 kB
MemTotal:        1844596 kB
MemFree:          138724 kB
MemAvailable:    1410460 kB
Buffers:          105216 kB
Cached:          1181004 kB
MemTotal:        1844596 kB
MemFree:          137968 kB
MemAvailable:    1409704 kB
Buffers:          105216 kB
Cached:          1181004 kB
MemTotal:        1844596 kB
MemFree:          137960 kB
MemAvailable:    1409696 kB
Buffers:          105216 kB
Cached:          1181004 kB
MemTotal:        1844596 kB
MemFree:          139328 kB
MemAvailable:    1411064 kB
Buffers:          105216 kB
Cached:          1181004 kB
MemTotal:        1844596 kB
MemFree:          138832 kB
MemAvailable:    1410568 kB
Buffers:          105216 kB
Cached:          1181004 kB
MemTotal:        1844596 kB
MemFree:          137804 kB
MemAvailable:    1409540 kB
Buffers:          105216 kB
Cached:          1181004 kB
MemTotal:        1844596 kB
MemFree:          139288 kB
MemAvailable:    1411024 kB
Buffers:          105216 kB
Cached:          1181004 kB
MemTotal:        1844596 kB
MemFree:          139456 kB
MemAvailable:    1411192 kB
Buffers:          105216 kB
Cached:          1181004 kB
MemTotal:        1844596 kB
MemFree:          139224 kB
MemAvailable:    1410960 kB
Buffers:          105216 kB
Cached:          1181004 kB
MemTotal:        1844596 kB
MemFree:          138052 kB
MemAvailable:    1409788 kB
Buffers:          105216 kB
Cached:          1181004 kB
MemTotal:        1844596 kB
MemFree:          139212 kB
MemAvailable:    1410948 kB
Buffers:          105216 kB
Cached:          1181004 kB
MemTotal:        1844596 kB
MemFree:          139464 kB
MemAvailable:    1411200 kB
Buffers:          105216 kB
Cached:          1181004 kB
MemTotal:        1844596 kB
MemFree:          138360 kB
MemAvailable:    1410096 kB
Buffers:          105216 kB
Cached:          1181004 kB
MemTotal:        1844596 kB
MemFree:          139164 kB
MemAvailable:    1410900 kB
Buffers:          105216 kB
Cached:          1181004 kB
MemTotal:        1844596 kB
MemFree:          138972 kB
MemAvailable:    1410708 kB
Buffers:          105216 kB
Cached:          1181004 kB
MemTotal:        1844596 kB
MemFree:          139152 kB
MemAvailable:    1410888 kB
Buffers:          105216 kB
Cached:          1181004 kB
MemTotal:        1844596 kB
MemFree:          139320 kB
MemAvailable:    1411056 kB
Buffers:          105216 kB
Cached:          1181004 kB
MemTotal:        1844596 kB
MemFree:          138092 kB
MemAvailable:    1409828 kB
Buffers:          105216 kB
Cached:          1181004 kB
MemTotal:        1844596 kB
MemFree:          139196 kB
MemAvailable:    1410932 kB
Buffers:          105216 kB
Cached:          1181004 kB
MemTotal:        1844596 kB
MemFree:          139352 kB
MemAvailable:    1411088 kB
Buffers:          105216 kB
Cached:          1181004 kB
MemTotal:        1844596 kB
MemFree:          134136 kB
MemAvailable:    1405872 kB
Buffers:          105216 kB
Cached:          1181004 kB
MemTotal:        1844596 kB
MemFree:          130292 kB
MemAvailable:    1402028 kB
Buffers:          105216 kB
Cached:          1181004 kB
MemTotal:        1844596 kB
MemFree:          126944 kB
MemAvailable:    1398680 kB
Buffers:          105216 kB
Cached:          1181004 kB
MemTotal:        1844596 kB
MemFree:          122604 kB
MemAvailable:    1394340 kB
Buffers:          105216 kB
Cached:          1181004 kB
MemTotal:        1844596 kB
MemFree:          121844 kB
MemAvailable:    1393580 kB
Buffers:          105216 kB
Cached:          1181004 kB
MemTotal:        1844596 kB
MemFree:          121860 kB
MemAvailable:    1393596 kB
Buffers:          105216 kB
Cached:          1181004 kB
MemTotal:        1844596 kB
MemFree:          121732 kB
MemAvailable:    1393468 kB
Buffers:          105216 kB
Cached:          1181004 kB
MemTotal:        1844596 kB
MemFree:          121100 kB
MemAvailable:    1392836 kB
Buffers:          105216 kB
Cached:          1181004 kB
MemTotal:        1844596 kB
MemFree:          121436 kB
MemAvailable:    1393172 kB
Buffers:          105216 kB
Cached:          1181004 kB
MemTotal:        1844596 kB
MemFree:          119860 kB
MemAvailable:    1391596 kB
Buffers:          105216 kB
Cached:          1181004 kB
MemTotal:        1844596 kB
MemFree:          120912 kB
MemAvailable:    1392648 kB
Buffers:          105216 kB
Cached:          1181004 kB
MemTotal:        1844596 kB
MemFree:          120968 kB
MemAvailable:    1392704 kB
Buffers:          105216 kB
Cached:          1181004 kB
MemTotal:        1844596 kB
MemFree:          120488 kB
MemAvailable:    1392224 kB
Buffers:          105216 kB
Cached:          1181004 kB
MemTotal:        1844596 kB
MemFree:          120944 kB
MemAvailable:    1392680 kB
Buffers:          105216 kB
Cached:          1181004 kB
MemTotal:        1844596 kB
MemFree:          119168 kB
MemAvailable:    1390904 kB
Buffers:          105216 kB
Cached:          1181004 kB
MemTotal:        1844596 kB
MemFree:          120460 kB
MemAvailable:    1392196 kB
Buffers:          105216 kB
Cached:          1181004 kB
MemTotal:        1844596 kB
MemFree:          119028 kB
MemAvailable:    1390764 kB
Buffers:          105216 kB
Cached:          1181004 kB
MemTotal:        1844596 kB
MemFree:          119836 kB
MemAvailable:    1391572 kB
Buffers:          105216 kB
Cached:          1181004 kB
MemTotal:        1844596 kB
MemFree:          119728 kB
MemAvailable:    1391464 kB
Buffers:          105216 kB
Cached:          1181004 kB
MemTotal:        1844596 kB
MemFree:          119588 kB
MemAvailable:    1391324 kB
Buffers:          105216 kB
Cached:          1181004 kB
MemTotal:        1844596 kB
MemFree:          118712 kB
MemAvailable:    1390448 kB
Buffers:          105216 kB
Cached:          1181004 kB
MemTotal:        1844596 kB
MemFree:          118356 kB
MemAvailable:    1390092 kB
Buffers:          105216 kB
Cached:          1181004 kB
MemTotal:        1844596 kB
MemFree:          118476 kB
MemAvailable:    1390212 kB
Buffers:          105216 kB
Cached:          1181004 kB
MemTotal:        1844596 kB
MemFree:          118044 kB
MemAvailable:    1389780 kB
Buffers:          105216 kB
Cached:          1181004 kB
MemTotal:        1844596 kB
MemFree:          116744 kB
MemAvailable:    1388480 kB
Buffers:          105216 kB
Cached:          1181004 kB
MemTotal:        1844596 kB
MemFree:          117100 kB
MemAvailable:    1388840 kB
Buffers:          105216 kB
Cached:          1181008 kB
MemTotal:        1844596 kB
MemFree:          117436 kB
MemAvailable:    1389176 kB
Buffers:          105216 kB
Cached:          1181008 kB
MemTotal:        1844596 kB
MemFree:          114760 kB
MemAvailable:    1386500 kB
Buffers:          105216 kB
Cached:          1181008 kB
MemTotal:        1844596 kB
MemFree:          114944 kB
MemAvailable:    1386684 kB
Buffers:          105216 kB
Cached:          1181008 kB
MemTotal:        1844596 kB
MemFree:          114704 kB
MemAvailable:    1386444 kB
Buffers:          105216 kB
Cached:          1181008 kB
MemTotal:        1844596 kB
MemFree:          114644 kB
MemAvailable:    1386384 kB
Buffers:          105216 kB
Cached:          1181008 kB
MemTotal:        1844596 kB
MemFree:          113348 kB
MemAvailable:    1385088 kB
Buffers:          105216 kB
Cached:          1181008 kB
MemTotal:        1844596 kB
MemFree:          114640 kB
MemAvailable:    1386380 kB
Buffers:          105216 kB
Cached:          1181008 kB
MemTotal:        1844596 kB
MemFree:          113340 kB
MemAvailable:    1385080 kB
Buffers:          105216 kB
Cached:          1181008 kB
MemTotal:        1844596 kB
MemFree:          114568 kB
MemAvailable:    1386308 kB
Buffers:          105216 kB
Cached:          1181008 kB
MemTotal:        1844596 kB
MemFree:          114820 kB
MemAvailable:    1386560 kB
Buffers:          105216 kB
Cached:          1181008 kB
MemTotal:        1844596 kB
MemFree:          113384 kB
MemAvailable:    1385124 kB
Buffers:          105216 kB
Cached:          1181008 kB
MemTotal:        1844596 kB
MemFree:          113256 kB
MemAvailable:    1384996 kB
Buffers:          105216 kB
Cached:          1181008 kB
MemTotal:        1844596 kB
MemFree:          113256 kB
MemAvailable:    1384996 kB
Buffers:          105216 kB
Cached:          1181008 kB
MemTotal:        1844596 kB
MemFree:          113136 kB
MemAvailable:    1384876 kB
Buffers:          105216 kB
Cached:          1181008 kB
MemTotal:        1844596 kB
MemFree:          111716 kB
MemAvailable:    1383456 kB
Buffers:          105216 kB
Cached:          1181008 kB
MemTotal:        1844596 kB
MemFree:          113248 kB
MemAvailable:    1384988 kB
Buffers:          105216 kB
Cached:          1181008 kB
MemTotal:        1844596 kB
MemFree:          113084 kB
MemAvailable:    1384824 kB
Buffers:          105216 kB
Cached:          1181008 kB
MemTotal:        1844596 kB
MemFree:          111884 kB
MemAvailable:    1383624 kB
Buffers:          105216 kB
Cached:          1181008 kB
MemTotal:        1844596 kB
MemFree:          113060 kB
MemAvailable:    1384800 kB
Buffers:          105216 kB
Cached:          1181008 kB
MemTotal:        1844596 kB
MemFree:          112660 kB
MemAvailable:    1384400 kB
Buffers:          105216 kB
Cached:          1181008 kB
MemTotal:        1844596 kB
MemFree:          113024 kB
MemAvailable:    1384764 kB
Buffers:          105216 kB
Cached:          1181008 kB
MemTotal:        1844596 kB
MemFree:          111652 kB
MemAvailable:    1383392 kB
Buffers:          105216 kB
Cached:          1181008 kB
MemTotal:        1844596 kB
MemFree:          112752 kB
MemAvailable:    1384496 kB
Buffers:          105216 kB
Cached:          1181012 kB
MemTotal:        1844596 kB
MemFree:          113088 kB
MemAvailable:    1384832 kB
Buffers:          105216 kB
Cached:          1181012 kB
MemTotal:        1844596 kB
MemFree:          112884 kB
MemAvailable:    1384632 kB
Buffers:          105216 kB
Cached:          1181016 kB
MemTotal:        1844596 kB
MemFree:          112776 kB
MemAvailable:    1384524 kB
Buffers:          105216 kB
Cached:          1181016 kB
MemTotal:        1844596 kB
MemFree:          113064 kB
MemAvailable:    1384812 kB
Buffers:          105216 kB
Cached:          1181016 kB
MemTotal:        1844596 kB
MemFree:          111724 kB
MemAvailable:    1383472 kB
Buffers:          105216 kB
Cached:          1181016 kB
MemTotal:        1844596 kB
MemFree:          112280 kB
MemAvailable:    1384028 kB
Buffers:          105216 kB
Cached:          1181016 kB
MemTotal:        1844596 kB
MemFree:          113024 kB
MemAvailable:    1384772 kB
Buffers:          105216 kB
Cached:          1181016 kB
MemTotal:        1844596 kB
MemFree:          112952 kB
MemAvailable:    1384700 kB
Buffers:          105216 kB
Cached:          1181016 kB
MemTotal:        1844596 kB
MemFree:          113024 kB
MemAvailable:    1384772 kB
Buffers:          105216 kB
Cached:          1181016 kB
MemTotal:        1844596 kB
MemFree:          111604 kB
MemAvailable:    1383352 kB
Buffers:          105216 kB
Cached:          1181016 kB
MemTotal:        1844596 kB
MemFree:          112872 kB
MemAvailable:    1384620 kB
Buffers:          105216 kB
Cached:          1181016 kB
MemTotal:        1844596 kB
MemFree:          112528 kB
MemAvailable:    1384276 kB
Buffers:          105216 kB
Cached:          1181016 kB
MemTotal:        1844596 kB
MemFree:          111772 kB
MemAvailable:    1383520 kB
Buffers:          105216 kB
Cached:          1181016 kB
MemTotal:        1844596 kB
MemFree:          112964 kB
MemAvailable:    1384712 kB
Buffers:          105216 kB
Cached:          1181016 kB
MemTotal:        1844596 kB
MemFree:          113032 kB
MemAvailable:    1384780 kB
Buffers:          105216 kB
Cached:          1181016 kB
MemTotal:        1844596 kB
MemFree:          111736 kB
MemAvailable:    1383484 kB
Buffers:          105216 kB
Cached:          1181016 kB
MemTotal:        1844596 kB
MemFree:          113252 kB
MemAvailable:    1385000 kB
Buffers:          105216 kB
Cached:          1181016 kB
MemTotal:        1844596 kB
MemFree:          113016 kB
MemAvailable:    1384764 kB
Buffers:          105216 kB
Cached:          1181016 kB
MemTotal:        1844596 kB
MemFree:          113228 kB
MemAvailable:    1384976 kB
Buffers:          105216 kB
Cached:          1181016 kB
MemTotal:        1844596 kB
MemFree:          111652 kB
MemAvailable:    1383400 kB
Buffers:          105216 kB
Cached:          1181016 kB
MemTotal:        1844596 kB
MemFree:          113120 kB
MemAvailable:    1384868 kB
Buffers:          105216 kB
Cached:          1181016 kB
MemTotal:        1844596 kB
MemFree:          111900 kB
MemAvailable:    1383648 kB
Buffers:          105216 kB
Cached:          1181016 kB
MemTotal:        1844596 kB
MemFree:          111768 kB
MemAvailable:    1383516 kB
Buffers:          105216 kB
Cached:          1181016 kB
MemTotal:        1844596 kB
MemFree:          113132 kB
MemAvailable:    1384880 kB
Buffers:          105216 kB
Cached:          1181016 kB
MemTotal:        1844596 kB
MemFree:          111728 kB
MemAvailable:    1383476 kB
Buffers:          105216 kB
Cached:          1181016 kB
MemTotal:        1844596 kB
MemFree:          112884 kB
MemAvailable:    1384632 kB
Buffers:          105216 kB
Cached:          1181016 kB
MemTotal:        1844596 kB
MemFree:          112652 kB
MemAvailable:    1384400 kB
Buffers:          105216 kB
Cached:          1181016 kB
MemTotal:        1844596 kB
MemFree:          113064 kB
MemAvailable:    1384812 kB
Buffers:          105216 kB
Cached:          1181016 kB
MemTotal:        1844596 kB
MemFree:          113024 kB
MemAvailable:    1384772 kB
Buffers:          105216 kB
Cached:          1181016 kB
MemTotal:        1844596 kB
MemFree:          112272 kB
MemAvailable:    1384020 kB
Buffers:          105216 kB
Cached:          1181016 kB
MemTotal:        1844596 kB
MemFree:          113564 kB
MemAvailable:    1385316 kB
Buffers:          105216 kB
Cached:          1181020 kB
MemTotal:        1844596 kB
MemFree:          112288 kB
MemAvailable:    1384040 kB
Buffers:          105216 kB
Cached:          1181020 kB
MemTotal:        1844596 kB
MemFree:          112884 kB
MemAvailable:    1384636 kB
Buffers:          105216 kB
Cached:          1181020 kB
MemTotal:        1844596 kB
MemFree:          112900 kB
MemAvailable:    1384528 kB
Buffers:          105216 kB
Cached:          1181020 kB
MemTotal:        1844596 kB
MemFree:          111908 kB
MemAvailable:    1383660 kB
Buffers:          105216 kB
Cached:          1181020 kB
MemTotal:        1844596 kB
MemFree:          109860 kB
MemAvailable:    1381612 kB
Buffers:          105216 kB
Cached:          1181020 kB
MemTotal:        1844596 kB
MemFree:          107072 kB
MemAvailable:    1378824 kB
Buffers:          105216 kB
Cached:          1181020 kB
MemTotal:        1844596 kB
MemFree:          104336 kB
MemAvailable:    1376088 kB
Buffers:          105216 kB
Cached:          1181020 kB
MemTotal:        1844596 kB
MemFree:          104096 kB
MemAvailable:    1375848 kB
Buffers:          105216 kB
Cached:          1181020 kB
MemTotal:        1844596 kB
MemFree:           97888 kB
MemAvailable:    1369640 kB
Buffers:          105216 kB
Cached:          1181020 kB
MemTotal:        1844596 kB
MemFree:           97656 kB
MemAvailable:    1369408 kB
Buffers:          105216 kB
Cached:          1181020 kB
MemTotal:        1844596 kB
MemFree:           94360 kB
MemAvailable:    1366112 kB
Buffers:          105216 kB
Cached:          1181020 kB
MemTotal:        1844596 kB
MemFree:           93540 kB
MemAvailable:    1365292 kB
Buffers:          105216 kB
Cached:          1181020 kB
MemTotal:        1844596 kB
MemFree:           92440 kB
MemAvailable:    1364192 kB
Buffers:          105216 kB
Cached:          1181020 kB
MemTotal:        1844596 kB
MemFree:           92260 kB
MemAvailable:    1364012 kB
Buffers:          105216 kB
Cached:          1181020 kB
MemTotal:        1844596 kB
MemFree:           93488 kB
MemAvailable:    1365240 kB
Buffers:          105216 kB
Cached:          1181020 kB
MemTotal:        1844596 kB
MemFree:           93740 kB
MemAvailable:    1365492 kB
Buffers:          105216 kB
Cached:          1181020 kB
MemTotal:        1844596 kB
MemFree:           93404 kB
MemAvailable:    1365156 kB
Buffers:          105216 kB
Cached:          1181020 kB
MemTotal:        1844596 kB
MemFree:           93740 kB
MemAvailable:    1365492 kB
Buffers:          105216 kB
Cached:          1181020 kB
MemTotal:        1844596 kB
MemFree:           93416 kB
MemAvailable:    1365168 kB
Buffers:          105216 kB
Cached:          1181020 kB
MemTotal:        1844596 kB
MemFree:           93416 kB
MemAvailable:    1365168 kB
Buffers:          105216 kB
Cached:          1181020 kB
MemTotal:        1844596 kB
MemFree:           93500 kB
MemAvailable:    1365252 kB
Buffers:          105216 kB
Cached:          1181020 kB
MemTotal:        1844596 kB
MemFree:           92544 kB
MemAvailable:    1364296 kB
Buffers:          105216 kB
Cached:          1181020 kB
MemTotal:        1844596 kB
MemFree:           92420 kB
MemAvailable:    1364172 kB
Buffers:          105216 kB
Cached:          1181020 kB
MemTotal:        1844596 kB
MemFree:           92496 kB
MemAvailable:    1364248 kB
Buffers:          105216 kB
Cached:          1181020 kB
MemTotal:        1844596 kB
MemFree:           93356 kB
MemAvailable:    1365108 kB
Buffers:          105216 kB
Cached:          1181020 kB
MemTotal:        1844596 kB
MemFree:           92820 kB
MemAvailable:    1364572 kB
Buffers:          105216 kB
Cached:          1181020 kB
MemTotal:        1844596 kB
MemFree:           93308 kB
MemAvailable:    1365060 kB
Buffers:          105216 kB
Cached:          1181020 kB
MemTotal:        1844596 kB
MemFree:           93320 kB
MemAvailable:    1365072 kB
Buffers:          105216 kB
Cached:          1181020 kB
MemTotal:        1844596 kB
MemFree:           92440 kB
MemAvailable:    1364192 kB
Buffers:          105216 kB
Cached:          1181020 kB
MemTotal:        1844596 kB
MemFree:           93116 kB
MemAvailable:    1364868 kB
Buffers:          105216 kB
Cached:          1181020 kB
MemTotal:        1844596 kB
MemFree:           93368 kB
MemAvailable:    1365120 kB
Buffers:          105216 kB
Cached:          1181020 kB
MemTotal:        1844596 kB
MemFree:           93356 kB
MemAvailable:    1365108 kB
Buffers:          105216 kB
Cached:          1181020 kB
MemTotal:        1844596 kB
MemFree:           93184 kB
MemAvailable:    1364936 kB
Buffers:          105216 kB
Cached:          1181020 kB
MemTotal:        1844596 kB
MemFree:           93304 kB
MemAvailable:    1365056 kB
Buffers:          105216 kB
Cached:          1181020 kB
MemTotal:        1844596 kB
MemFree:           92812 kB
MemAvailable:    1364564 kB
Buffers:          105216 kB
Cached:          1181020 kB
MemTotal:        1844596 kB
MemFree:           92872 kB
MemAvailable:    1364624 kB
Buffers:          105216 kB
Cached:          1181020 kB
MemTotal:        1844596 kB
MemFree:           91680 kB
MemAvailable:    1363432 kB
Buffers:          105216 kB
Cached:          1181020 kB
MemTotal:        1844596 kB
MemFree:           92228 kB
MemAvailable:    1363980 kB
Buffers:          105216 kB
Cached:          1181020 kB
MemTotal:        1844596 kB
MemFree:           92192 kB
MemAvailable:    1363944 kB
Buffers:          105216 kB
Cached:          1181020 kB
MemTotal:        1844596 kB
MemFree:           85860 kB
MemAvailable:    1357612 kB
Buffers:          105216 kB
Cached:          1181020 kB
MemTotal:        1844596 kB
MemFree:           85008 kB
MemAvailable:    1356760 kB
Buffers:          105216 kB
Cached:          1181020 kB
MemTotal:        1844596 kB
MemFree:           82752 kB
MemAvailable:    1354504 kB
Buffers:          105216 kB
Cached:          1181020 kB
MemTotal:        1844596 kB
MemFree:           83380 kB
MemAvailable:    1355132 kB
Buffers:          105216 kB
Cached:          1181020 kB
MemTotal:        1844596 kB
MemFree:           83248 kB
MemAvailable:    1355000 kB
Buffers:          105216 kB
Cached:          1181020 kB
MemTotal:        1844596 kB
MemFree:           82148 kB
MemAvailable:    1353900 kB
Buffers:          105216 kB
Cached:          1181020 kB
MemTotal:        1844596 kB
MemFree:           82996 kB
MemAvailable:    1354748 kB
Buffers:          105216 kB
Cached:          1181020 kB
MemTotal:        1844596 kB
MemFree:           83252 kB
MemAvailable:    1355004 kB
Buffers:          105216 kB
Cached:          1181020 kB
MemTotal:        1844596 kB
MemFree:           80660 kB
MemAvailable:    1352416 kB
Buffers:          105216 kB
Cached:          1181024 kB
MemTotal:        1844596 kB
MemFree:           81588 kB
MemAvailable:    1353344 kB
Buffers:          105216 kB
Cached:          1181024 kB
MemTotal:        1844596 kB
MemFree:           79976 kB
MemAvailable:    1351732 kB
Buffers:          105216 kB
Cached:          1181024 kB
MemTotal:        1844596 kB
MemFree:           80404 kB
MemAvailable:    1352160 kB
Buffers:          105216 kB
Cached:          1181024 kB
MemTotal:        1844596 kB
MemFree:           80092 kB
MemAvailable:    1351848 kB
Buffers:          105216 kB
Cached:          1181024 kB
MemTotal:        1844596 kB
MemFree:           79984 kB
MemAvailable:    1351740 kB
Buffers:          105216 kB
Cached:          1181024 kB
MemTotal:        1844596 kB
MemFree:           78900 kB
MemAvailable:    1350740 kB
Buffers:          105216 kB
Cached:          1181148 kB
MemTotal:        1844596 kB
MemFree:           80132 kB
MemAvailable:    1352056 kB
Buffers:          105216 kB
Cached:          1181272 kB
MemTotal:        1844596 kB
MemFree:           79884 kB
MemAvailable:    1351976 kB
Buffers:          105216 kB
Cached:          1181396 kB
MemTotal:        1844596 kB
MemFree:           79776 kB
MemAvailable:    1352036 kB
Buffers:          105216 kB
Cached:          1181520 kB
MemTotal:        1844596 kB
MemFree:           79552 kB
MemAvailable:    1351812 kB
Buffers:          105216 kB
Cached:          1181520 kB
MemTotal:        1844596 kB
MemFree:           79480 kB
MemAvailable:    1351824 kB
Buffers:          105216 kB
Cached:          1181644 kB
MemTotal:        1844596 kB
MemFree:           79732 kB
MemAvailable:    1352076 kB
Buffers:          105216 kB
Cached:          1181644 kB
MemTotal:        1844596 kB
MemFree:           78372 kB
MemAvailable:    1350716 kB
Buffers:          105216 kB
Cached:          1181644 kB
MemTotal:        1844596 kB
MemFree:           79396 kB
MemAvailable:    1351740 kB
Buffers:          105216 kB
Cached:          1181644 kB
MemTotal:        1844596 kB
MemFree:           79480 kB
MemAvailable:    1351824 kB
Buffers:          105216 kB
Cached:          1181644 kB
MemTotal:        1844596 kB
MemFree:           78272 kB
MemAvailable:    1350616 kB
Buffers:          105216 kB
Cached:          1181644 kB
MemTotal:        1844596 kB
MemFree:           78924 kB
MemAvailable:    1351268 kB
Buffers:          105216 kB
Cached:          1181644 kB
MemTotal:        1844596 kB
MemFree:           79916 kB
MemAvailable:    1352300 kB
Buffers:          105216 kB
Cached:          1181692 kB
MemTotal:        1844596 kB
MemFree:           79776 kB
MemAvailable:    1352244 kB
Buffers:          105216 kB
Cached:          1181816 kB
MemTotal:        1844596 kB
MemFree:           78092 kB
MemAvailable:    1349888 kB
Buffers:          105216 kB
Cached:          1181100 kB
MemTotal:        1844596 kB
MemFree:           78764 kB
MemAvailable:    1350560 kB
Buffers:          105216 kB
Cached:          1181100 kB
MemTotal:        1844596 kB
MemFree:          195156 kB
MemAvailable:    1466952 kB
Buffers:          105216 kB
Cached:          1181100 kB
MemTotal:        1844596 kB
MemFree:          275044 kB
MemAvailable:    1546840 kB
Buffers:          105216 kB
Cached:          1181100 kB
