MemTotal:        1844596 kB
MemFree:          263756 kB
MemAvailable:    1546520 kB
Buffers:          107228 kB
Cached:          1187024 kB
MemTotal:        1844596 kB
MemFree:          237360 kB
MemAvailable:    1520128 kB
Buffers:          107228 kB
Cached:          1187028 kB
MemTotal:        1844596 kB
MemFree:          235136 kB
MemAvailable:    1517904 kB
Buffers:          107228 kB
Cached:          1187028 kB
MemTotal:        1844596 kB
MemFree:          235384 kB
MemAvailable:    1518152 kB
Buffers:          107228 kB
Cached:          1187028 kB
MemTotal:        1844596 kB
MemFree:          232904 kB
MemAvailable:    1515672 kB
Buffers:          107228 kB
Cached:          1187028 kB
MemTotal:        1844596 kB
MemFree:          232408 kB
MemAvailable:    1515176 kB
Buffers:          107228 kB
Cached:          1187028 kB
MemTotal:        1844596 kB
MemFree:          229928 kB
MemAvailable:    1512696 kB
Buffers:          107228 kB
Cached:          1187028 kB
MemTotal:        1844596 kB
MemFree:          227532 kB
MemAvailable:    1510300 kB
Buffers:          107228 kB
Cached:          1187028 kB
MemTotal:        1844596 kB
MemFree:          226340 kB
MemAvailable:    1509108 kB
Buffers:          107228 kB
Cached:          1187028 kB
MemTotal:        1844596 kB
MemFree:          223916 kB
MemAvailable:    1506684 kB
Buffers:          107228 kB
Cached:          1187028 kB
MemTotal:        1844596 kB
MemFree:          224168 kB
MemAvailable:    1506936 kB
Buffers:          107228 kB
Cached:          1187028 kB
MemTotal:        1844596 kB
MemFree:          223856 kB
MemAvailable:    1506624 kB
Buffers:          107228 kB
Cached:          1187028 kB
MemTotal:        1844596 kB
MemFree:          223892 kB
MemAvailable:    1506660 kB
Buffers:          107228 kB
Cached:          1187028 kB
MemTotal:        1844596 kB
MemFree:          223108 kB
MemAvailable:    1505876 kB
Buffers:          107228 kB
Cached:          1187028 kB
MemTotal:        1844596 kB
MemFree:          223588 kB
MemAvailable:    1506356 kB
Buffers:          107228 kB
Cached:          1187028 kB
MemTotal:        1844596 kB
MemFree:          222736 kB
MemAvailable:    1505504 kB
Buffers:          107228 kB
Cached:          1187028 kB
MemTotal:        1844596 kB
MemFree:          222060 kB
MemAvailable:    1504828 kB
Buffers:          107228 kB
Cached:          1187028 kB
MemTotal:        1844596 kB
MemFree:          223224 kB
MemAvailable:    1505992 kB
Buffers:          107228 kB
Cached:          1187028 kB
MemTotal:        1844596 kB
MemFree:          223476 kB
MemAvailable:    1506244 kB
Buffers:          107228 kB
Cached:          1187028 kB
MemTotal:        1844596 kB
MemFree:          223120 kB
MemAvailable:    1505888 kB
Buffers:          107228 kB
Cached:          1187028 kB
MemTotal:        1844596 kB
MemFree:          221980 kB
MemAvailable:    1504748 kB
Buffers:          107228 kB
Cached:          1187028 kB
MemTotal:        1844596 kB
MemFree:          223048 kB
MemAvailable:    1505816 kB
Buffers:          107228 kB
Cached:          1187028 kB
MemTotal:        1844596 kB
MemFree:          222652 kB
MemAvailable:    1505420 kB
Buffers:          107228 kB
Cached:          1187028 kB
MemTotal:        1844596 kB
MemFree:          221868 kB
MemAvailable:    1504636 kB
Buffers:          107228 kB
Cached:          1187028 kB
MemTotal:        1844596 kB
MemFree:          222432 kB
MemAvailable:    1505200 kB
Buffers:          107228 kB
Cached:          1187028 kB
MemTotal:        1844596 kB
MemFree:          222360 kB
MemAvailable:    1505128 kB
Buffers:          107228 kB
Cached:          1187028 kB
MemTotal:        1844596 kB
MemFree:          221000 kB
MemAvailable:    1503768 kB
Buffers:          107228 kB
Cached:          1187028 kB
MemTotal:        1844596 kB
MemFree:          221976 kB
MemAvailable:    1504744 kB
Buffers:          107228 kB
Cached:          1187028 kB
MemTotal:        1844596 kB
MemFree:          221744 kB
MemAvailable:    1504512 kB
Buffers:          107228 kB
Cached:          1187028 kB
MemTotal:        1844596 kB
MemFree:          221300 kB
MemAvailable:    1504068 kB
Buffers:          107228 kB
Cached:          1187028 kB
MemTotal:        1844596 kB
MemFree:          221176 kB
MemAvailable:    1503944 kB
Buffers:          107228 kB
Cached:          1187028 kB
MemTotal:        1844596 kB
MemFree:          219892 kB
MemAvailable:    1502660 kB
Buffers:          107228 kB
Cached:          1187028 kB
MemTotal:        1844596 kB
MemFree:          220804 kB
MemAvailable:    1503572 kB
Buffers:          107228 kB
Cached:          1187028 kB
MemTotal:        1844596 kB
MemFree:          219464 kB
MemAvailable:    1502232 kB
Buffers:          107228 kB
Cached:          1187028 kB
MemTotal:        1844596 kB
MemFree:          220744 kB
MemAvailable:    1503512 kB
Buffers:          107228 kB
Cached:          1187028 kB
MemTotal:        1844596 kB
MemFree:          220636 kB
MemAvailable:    1503404 kB
Buffers:          107228 kB
Cached:          1187028 kB
MemTotal:        1844596 kB
MemFree:          220704 kB
MemAvailable:    1503472 kB
Buffers:          107228 kB
Cached:          1187028 kB
MemTotal:        1844596 kB
MemFree:          220016 kB
MemAvailable:    1502784 kB
Buffers:          107228 kB
Cached:          1187028 kB
MemTotal:        1844596 kB
MemFree:          219752 kB
MemAvailable:    1502520 kB
Buffers:          107228 kB
Cached:          1187028 kB
MemTotal:        1844596 kB
MemFree:          221036 kB
MemAvailable:    1503804 kB
Buffers:          107228 kB
Cached:          1187028 kB
MemTotal:        1844596 kB
MemFree:          218272 kB
MemAvailable:    1501040 kB
Buffers:          107228 kB
Cached:          1187028 kB
MemTotal:        1844596 kB
MemFree:          214676 kB
MemAvailable:    1497444 kB
Buffers:          107228 kB
Cached:          1187028 kB
MemTotal:        1844596 kB
MemFree:          215364 kB
MemAvailable:    1498132 kB
Buffers:          107228 kB
Cached:          1187028 kB
MemTotal:        1844596 kB
MemFree:          215048 kB
MemAvailable:    1497816 kB
Buffers:          107228 kB
Cached:          1187028 kB
MemTotal:        1844596 kB
MemFree:          215408 kB
MemAvailable:    1498176 kB
Buffers:          107228 kB
Cached:          1187028 kB
MemTotal:        1844596 kB
MemFree:          215228 kB
MemAvailable:    1497996 kB
Buffers:          107228 kB
Cached:          1187028 kB
MemTotal:        1844596 kB
MemFree:          215304 kB
MemAvailable:    1498072 kB
Buffers:          107228 kB
Cached:          1187028 kB
MemTotal:        1844596 kB
MemFree:          213924 kB
MemAvailable:    1496692 kB
Buffers:          107228 kB
Cached:          1187028 kB
MemTotal:        1844596 kB
MemFree:          214048 kB
MemAvailable:    1496816 kB
Buffers:          107228 kB
Cached:          1187028 kB
MemTotal:        1844596 kB
MemFree:          214048 kB
MemAvailable:    1496816 kB
Buffers:          107228 kB
Cached:          1187028 kB
MemTotal:        1844596 kB
MemFree:          214040 kB
MemAvailable:    1496808 kB
Buffers:          107228 kB
Cached:          1187028 kB
MemTotal:        1844596 kB
MemFree:          213916 kB
MemAvailable:    1496684 kB
Buffers:          107228 kB
Cached:          1187028 kB
MemTotal:        1844596 kB
MemFree:          214892 kB
MemAvailable:    1497660 kB
Buffers:          107228 kB
Cached:          1187028 kB
MemTotal:        1844596 kB
MemFree:          214428 kB
MemAvailable:    1497196 kB
Buffers:          107228 kB
Cached:          1187028 kB
MemTotal:        1844596 kB
MemFree:          213672 kB
MemAvailable:    1496440 kB
Buffers:          107228 kB
Cached:          1187028 kB
MemTotal:        1844596 kB
MemFree:          213672 kB
MemAvailable:    1496440 kB
Buffers:          107228 kB
Cached:          1187028 kB
MemTotal:        1844596 kB
MemFree:          212816 kB
MemAvailable:    1495584 kB
Buffers:          107228 kB
Cached:          1187028 kB
MemTotal:        1844596 kB
MemFree:          208724 kB
MemAvailable:    1491492 kB
Buffers:          107228 kB
Cached:          1187028 kB
MemTotal:        1844596 kB
MemFree:          209460 kB
MemAvailable:    1492228 kB
Buffers:          107228 kB
Cached:          1187028 kB
MemTotal:        1844596 kB
MemFree:          208584 kB
MemAvailable:    1491352 kB
Buffers:          107228 kB
Cached:          1187028 kB
MemTotal:        1844596 kB
MemFree:          207980 kB
MemAvailable:    1490748 kB
Buffers:          107228 kB
Cached:          1187028 kB
MemTotal:        1844596 kB
MemFree:          206244 kB
MemAvailable:    1489012 kB
Buffers:          107228 kB
Cached:          1187028 kB
MemTotal:        1844596 kB
MemFree:          207444 kB
MemAvailable:    1490212 kB
Buffers:          107228 kB
Cached:          1187028 kB
MemTotal:        1844596 kB
MemFree:          205624 kB
MemAvailable:    1488392 kB
Buffers:          107228 kB
Cached:          1187028 kB
MemTotal:        1844596 kB
MemFree:          206676 kB
MemAvailable:    1489444 kB
Buffers:          107228 kB
Cached:          1187028 kB
MemTotal:        1844596 kB
MemFree:          206344 kB
MemAvailable:    1489112 kB
Buffers:          107228 kB
Cached:          1187028 kB
MemTotal:        1844596 kB
MemFree:          205996 kB
MemAvailable:    1488764 kB
Buffers:          107228 kB
Cached:          1187028 kB
MemTotal:        1844596 kB
MemFree:          206164 kB
MemAvailable:    1488932 kB
Buffers:          107228 kB
Cached:          1187028 kB
MemTotal:        1844596 kB
MemFree:          205260 kB
MemAvailable:    1488028 kB
Buffers:          107228 kB
Cached:          1187028 kB
MemTotal:        1844596 kB
MemFree:          206024 kB
MemAvailable:    1488800 kB
Buffers:          107228 kB
Cached:          1187036 kB
MemTotal:        1844596 kB
MemFree:          205996 kB
MemAvailable:    1488772 kB
Buffers:          107228 kB
Cached:          1187036 kB
MemTotal:        1844596 kB
MemFree:          206232 kB
MemAvailable:    1489008 kB
Buffers:          107228 kB
Cached:          1187036 kB
MemTotal:        1844596 kB
MemFree:          206244 kB
MemAvailable:    1489020 kB
Buffers:          107228 kB
Cached:          1187036 kB
MemTotal:        1844596 kB
MemFree:          205104 kB
MemAvailable:    1487880 kB
Buffers:          107228 kB
Cached:          1187036 kB
MemTotal:        1844596 kB
MemFree:          206148 kB
MemAvailable:    1488924 kB
Buffers:          107228 kB
Cached:          1187036 kB
MemTotal:        1844596 kB
MemFree:          205100 kB
MemAvailable:    1487876 kB
Buffers:          107228 kB
Cached:          1187036 kB
MemTotal:        1844596 kB
MemFree:          204748 kB
MemAvailable:    1487524 kB
Buffers:          107228 kB
Cached:          1187036 kB
MemTotal:        1844596 kB
MemFree:          206068 kB
MemAvailable:    1488844 kB
Buffers:          107228 kB
Cached:          1187036 kB
MemTotal:        1844596 kB
MemFree:          206100 kB
MemAvailable:    1488876 kB
Buffers:          107228 kB
Cached:          1187036 kB
MemTotal:        1844596 kB
MemFree:          204696 kB
MemAvailable:    1487472 kB
Buffers:          107228 kB
Cached:          1187036 kB
MemTotal:        1844596 kB
MemFree:          205908 kB
MemAvailable:    1488684 kB
Buffers:          107228 kB
Cached:          1187036 kB
MemTotal:        1844596 kB
MemFree:          205056 kB
MemAvailable:    1487832 kB
Buffers:          107228 kB
Cached:          1187036 kB
MemTotal:        1844596 kB
MemFree:          205492 kB
MemAvailable:    1488268 kB
Buffers:          107228 kB
Cached:          1187036 kB
MemTotal:        1844596 kB
MemFree:          205492 kB
MemAvailable:    1488268 kB
Buffers:          107228 kB
Cached:          1187036 kB
MemTotal:        1844596 kB
MemFree:          201468 kB
MemAvailable:    1484244 kB
Buffers:          107228 kB
Cached:          1187036 kB
MemTotal:        1844596 kB
MemFree:          197680 kB
MemAvailable:    1480456 kB
Buffers:          107228 kB
Cached:          1187036 kB
MemTotal:        1844596 kB
MemFree:          197872 kB
MemAvailable:    1480648 kB
Buffers:          107228 kB
Cached:          1187036 kB
MemTotal:        1844596 kB
MemFree:          196812 kB
MemAvailable:    1479588 kB
Buffers:          107228 kB
Cached:          1187036 kB
MemTotal:        1844596 kB
MemFree:          197740 kB
MemAvailable:    1480516 kB
Buffers:          107228 kB
Cached:          1187036 kB
MemTotal:        1844596 kB
MemFree:          196572 kB
MemAvailable:    1479348 kB
Buffers:          107228 kB
Cached:          1187036 kB
MemTotal:        1844596 kB
MemFree:          197176 kB
MemAvailable:    1479956 kB
Buffers:          107228 kB
Cached:          1187040 kB
MemTotal:        1844596 kB
MemFree:          196944 kB
MemAvailable:    1479724 kB
Buffers:          107228 kB
Cached:          1187040 kB
MemTotal:        1844596 kB
MemFree:          196064 kB
MemAvailable:    1478844 kB
Buffers:          107228 kB
Cached:          1187040 kB
MemTotal:        1844596 kB
MemFree:          196064 kB
MemAvailable:    1478844 kB
Buffers:          107228 kB
Cached:          1187040 kB
MemTotal:        1844596 kB
MemFree:          196052 kB
MemAvailable:    1478832 kB
Buffers:          107228 kB
Cached:          1187040 kB
MemTotal:        1844596 kB
MemFree:          197120 kB
MemAvailable:    1479900 kB
Buffers:          107228 kB
Cached:          1187040 kB
MemTotal:        1844596 kB
MemFree:          197288 kB
MemAvailable:    1480068 kB
Buffers:          107228 kB
Cached:          1187040 kB
MemTotal:        1844596 kB
MemFree:          195940 kB
MemAvailable:    1478720 kB
Buffers:          107228 kB
Cached:          1187040 kB
MemTotal:        1844596 kB
MemFree:          197124 kB
MemAvailable:    1479904 kB
Buffers:          107228 kB
Cached:          1187040 kB
MemTotal:        1844596 kB
MemFree:          196820 kB
MemAvailable:    1479600 kB
Buffers:          107228 kB
Cached:          1187040 kB
MemTotal:        1844596 kB
MemFree:          195896 kB
MemAvailable:    1478676 kB
Buffers:          107228 kB
Cached:          1187040 kB
MemTotal:        1844596 kB
MemFree:          195896 kB
MemAvailable:    1478676 kB
Buffers:          107228 kB
Cached:          1187040 kB
MemTotal:        1844596 kB
MemFree:          195896 kB
MemAvailable:    1478676 kB
Buffers:          107228 kB
Cached:          1187040 kB
MemTotal:        1844596 kB
MemFree:          195888 kB
MemAvailable:    1478668 kB
Buffers:          107228 kB
Cached:          1187040 kB
MemTotal:        1844596 kB
MemFree:          195924 kB
MemAvailable:    1478704 kB
Buffers:          107228 kB
Cached:          1187040 kB
MemTotal:        1844596 kB
MemFree:          197116 kB
MemAvailable:    1479896 kB
Buffers:          107228 kB
Cached:          1187040 kB
MemTotal:        1844596 kB
MemFree:          196944 kB
MemAvailable:    1479724 kB
Buffers:          107228 kB
Cached:          1187040 kB
MemTotal:        1844596 kB
MemFree:          197232 kB
MemAvailable:    1480012 kB
Buffers:          107228 kB
Cached:          1187040 kB
MemTotal:        1844596 kB
MemFree:          197256 kB
MemAvailable:    1480036 kB
Buffers:          107228 kB
Cached:          1187040 kB
MemTotal:        1844596 kB
MemFree:          197000 kB
MemAvailable:    1479780 kB
Buffers:          107228 kB
Cached:          1187040 kB
MemTotal:        1844596 kB
MemFree:          195920 kB
MemAvailable:    1478700 kB
Buffers:          107228 kB
Cached:          1187040 kB
MemTotal:        1844596 kB
MemFree:          197112 kB
MemAvailable:    1479892 kB
Buffers:          107228 kB
Cached:          1187040 kB
MemTotal:        1844596 kB
MemFree:          196820 kB
MemAvailable:    1479600 kB
Buffers:          107228 kB
Cached:          1187040 kB
MemTotal:        1844596 kB
MemFree:          195940 kB
MemAvailable:    1478720 kB
Buffers:          107228 kB
Cached:          1187040 kB
MemTotal:        1844596 kB
MemFree:          195940 kB
MemAvailable:    1478720 kB
Buffers:          107228 kB
Cached:          1187040 kB
MemTotal:        1844596 kB
MemFree:          196064 kB
MemAvailable:    1478844 kB
Buffers:          107228 kB
Cached:          1187040 kB
MemTotal:        1844596 kB
MemFree:          197296 kB
MemAvailable:    1480076 kB
Buffers:          107228 kB
Cached:          1187040 kB
MemTotal:        1844596 kB
MemFree:          195892 kB
MemAvailable:    1478672 kB
Buffers:          107228 kB
Cached:          1187040 kB
MemTotal:        1844596 kB
MemFree:          195892 kB
MemAvailable:    1478672 kB
Buffers:          107228 kB
Cached:          1187040 kB
MemTotal:        1844596 kB
MemFree:          197168 kB
MemAvailable:    1479948 kB
Buffers:          107228 kB
Cached:          1187040 kB
MemTotal:        1844596 kB
MemFree:          197192 kB
MemAvailable:    1479972 kB
Buffers:          107228 kB
Cached:          1187040 kB
MemTotal:        1844596 kB
MemFree:          196448 kB
MemAvailable:    1479228 kB
Buffers:          107228 kB
Cached:          1187040 kB
MemTotal:        1844596 kB
MemFree:          197144 kB
MemAvailable:    1479924 kB
Buffers:          107228 kB
Cached:          1187040 kB
MemTotal:        1844596 kB
MemFree:          191548 kB
MemAvailable:    1474328 kB
Buffers:          107228 kB
Cached:          1187040 kB
MemTotal:        1844596 kB
MemFree:          188140 kB
MemAvailable:    1470920 kB
Buffers:          107228 kB
Cached:          1187040 kB
MemTotal:        1844596 kB
MemFree:          186696 kB
MemAvailable:    1469476 kB
Buffers:          107228 kB
Cached:          1187040 kB
MemTotal:        1844596 kB
MemFree:          186644 kB
MemAvailable:    1469424 kB
Buffers:          107228 kB
Cached:          1187040 kB
MemTotal:        1844596 kB
MemFree:          185280 kB
MemAvailable:    1468060 kB
Buffers:          107228 kB
Cached:          1187040 kB
MemTotal:        1844596 kB
MemFree:          185404 kB
MemAvailable:    1468184 kB
Buffers:          107228 kB
Cached:          1187040 kB
MemTotal:        1844596 kB
MemFree:          185108 kB
MemAvailable:    1467888 kB
Buffers:          107228 kB
Cached:          1187040 kB
MemTotal:        1844596 kB
MemFree:          186536 kB
MemAvailable:    1469316 kB
Buffers:          107228 kB
Cached:          1187040 kB
MemTotal:        1844596 kB
MemFree:          186204 kB
MemAvailable:    1468984 kB
Buffers:          107228 kB
Cached:          1187040 kB
MemTotal:        1844596 kB
MemFree:          186540 kB
MemAvailable:    1469320 kB
Buffers:          107228 kB
Cached:          1187040 kB
MemTotal:        1844596 kB
MemFree:          184972 kB
MemAvailable:    1467752 kB
Buffers:          107228 kB
Cached:          1187040 kB
MemTotal:        1844596 kB
MemFree:          185264 kB
MemAvailable:    1468044 kB
Buffers:          107228 kB
Cached:          1187040 kB
MemTotal:        1844596 kB
MemFree:          186464 kB
MemAvailable:    1469244 kB
Buffers:          107228 kB
Cached:          1187040 kB
MemTotal:        1844596 kB
MemFree:          186500 kB
MemAvailable:    1469280 kB
Buffers:          107228 kB
Cached:          1187040 kB
MemTotal:        1844596 kB
MemFree:          186500 kB
MemAvailable:    1469280 kB
Buffers:          107228 kB
Cached:          1187040 kB
MemTotal:        1844596 kB
MemFree:          184964 kB
MemAvailable:    1467744 kB
Buffers:          107228 kB
Cached:          1187040 kB
MemTotal:        1844596 kB
MemFree:          186232 kB
MemAvailable:    1469012 kB
Buffers:          107228 kB
Cached:          1187040 kB
MemTotal:        1844596 kB
MemFree:          186280 kB
MemAvailable:    1469060 kB
Buffers:          107228 kB
Cached:          1187040 kB
MemTotal:        1844596 kB
MemFree:          186476 kB
MemAvailable:    1469256 kB
Buffers:          107228 kB
Cached:          1187040 kB
MemTotal:        1844596 kB
MemFree:          186376 kB
MemAvailable:    1469156 kB
Buffers:          107228 kB
Cached:          1187040 kB
MemTotal:        1844596 kB
MemFree:          186388 kB
MemAvailable:    1469168 kB
Buffers:          107228 kB
Cached:          1187040 kB
MemTotal:        1844596 kB
MemFree:          185660 kB
MemAvailable:    1468440 kB
Buffers:          107228 kB
Cached:          1187040 kB
MemTotal:        1844596 kB
MemFree:          186392 kB
MemAvailable:    1469172 kB
Buffers:          107228 kB
Cached:          1187040 kB
MemTotal:        1844596 kB
MemFree:          184980 kB
MemAvailable:    1467760 kB
Buffers:          107228 kB
Cached:          1187040 kB
MemTotal:        1844596 kB
MemFree:          185016 kB
MemAvailable:    1467796 kB
Buffers:          107228 kB
Cached:          1187040 kB
MemTotal:        1844596 kB
MemFree:          185084 kB
MemAvailable:    1467864 kB
Buffers:          107228 kB
Cached:          1187040 kB
MemTotal:        1844596 kB
MemFree:          185092 kB
MemAvailable:    1467872 kB
Buffers:          107228 kB
Cached:          1187040 kB
MemTotal:        1844596 kB
MemFree:          186236 kB
MemAvailable:    1469016 kB
Buffers:          107228 kB
Cached:          1187040 kB
MemTotal:        1844596 kB
MemFree:          186488 kB
MemAvailable:    1469268 kB
Buffers:          107228 kB
Cached:          1187040 kB
MemTotal:        1844596 kB
MemFree:          186284 kB
MemAvailable:    1469064 kB
Buffers:          107228 kB
Cached:          1187040 kB
MemTotal:        1844596 kB
MemFree:          185108 kB
MemAvailable:    1467888 kB
Buffers:          107228 kB
Cached:          1187040 kB
MemTotal:        1844596 kB
MemFree:          185100 kB
MemAvailable:    1467880 kB
Buffers:          107228 kB
Cached:          1187040 kB
MemTotal:        1844596 kB
MemFree:          185012 kB
MemAvailable:    1467792 kB
Buffers:          107228 kB
Cached:          1187040 kB
MemTotal:        1844596 kB
MemFree:          186224 kB
MemAvailable:    1469008 kB
Buffers:          107228 kB
Cached:          1187044 kB
MemTotal:        1844596 kB
MemFree:          186476 kB
MemAvailable:    1469260 kB
Buffers:          107228 kB
Cached:          1187044 kB
MemTotal:        1844596 kB
MemFree:          185288 kB
MemAvailable:    1468076 kB
Buffers:          107228 kB
Cached:          1187048 kB
MemTotal:        1844596 kB
MemFree:          186316 kB
MemAvailable:    1469104 kB
Buffers:          107228 kB
Cached:          1187048 kB
MemTotal:        1844596 kB
MemFree:          186040 kB
MemAvailable:    1468828 kB
Buffers:          107228 kB
Cached:          1187048 kB
MemTotal:        1844596 kB
MemFree:          185156 kB
MemAvailable:    1467944 kB
Buffers:          107228 kB
Cached:          1187048 kB
MemTotal:        1844596 kB
MemFree:          185156 kB
MemAvailable:    1467944 kB
Buffers:          107228 kB
Cached:          1187048 kB
MemTotal:        1844596 kB
MemFree:          185112 kB
MemAvailable:    1467900 kB
Buffers:          107228 kB
Cached:          1187048 kB
MemTotal:        1844596 kB
MemFree:          186492 kB
MemAvailable:    1469280 kB
Buffers:          107228 kB
Cached:          1187048 kB
MemTotal:        1844596 kB
MemFree:          186380 kB
MemAvailable:    1469168 kB
Buffers:          107228 kB
Cached:          1187048 kB
MemTotal:        1844596 kB
MemFree:          186252 kB
MemAvailable:    1469040 kB
Buffers:          107228 kB
Cached:          1187048 kB
MemTotal:        1844596 kB
MemFree:          186216 kB
MemAvailable:    1469004 kB
Buffers:          107228 kB
Cached:          1187048 kB
MemTotal:        1844596 kB
MemFree:          186548 kB
MemAvailable:    1469336 kB
Buffers:          107228 kB
Cached:          1187048 kB
MemTotal:        1844596 kB
MemFree:          186548 kB
MemAvailable:    1469336 kB
Buffers:          107228 kB
Cached:          1187048 kB
MemTotal:        1844596 kB
MemFree:          186104 kB
MemAvailable:    1468892 kB
Buffers:          107228 kB
Cached:          1187048 kB
MemTotal:        1844596 kB
MemFree:          184892 kB
MemAvailable:    1467680 kB
Buffers:          107228 kB
Cached:          1187048 kB
MemTotal:        1844596 kB
MemFree:          184360 kB
MemAvailable:    1467148 kB
Buffers:          107228 kB
Cached:          1187048 kB
MemTotal:        1844596 kB
MemFree:          184000 kB
MemAvailable:    1466788 kB
Buffers:          107228 kB
Cached:          1187048 kB
MemTotal:        1844596 kB
MemFree:          185280 kB
MemAvailable:    1468068 kB
Buffers:          107228 kB
Cached:          1187048 kB
MemTotal:        1844596 kB
MemFree:          185408 kB
MemAvailable:    1468196 kB
Buffers:          107228 kB
Cached:          1187048 kB
MemTotal:        1844596 kB
MemFree:          183876 kB
MemAvailable:    1466664 kB
Buffers:          107228 kB
Cached:          1187048 kB
MemTotal:        1844596 kB
MemFree:          184976 kB
MemAvailable:    1467764 kB
Buffers:          107228 kB
Cached:          1187048 kB
MemTotal:        1844596 kB
MemFree:          185228 kB
MemAvailable:    1468016 kB
Buffers:          107228 kB
Cached:          1187048 kB
MemTotal:        1844596 kB
MemFree:          185080 kB
MemAvailable:    1467868 kB
Buffers:          107228 kB
Cached:          1187048 kB
MemTotal:        1844596 kB
MemFree:          185104 kB
MemAvailable:    1467892 kB
Buffers:          107228 kB
Cached:          1187048 kB
MemTotal:        1844596 kB
MemFree:          185096 kB
MemAvailable:    1467884 kB
Buffers:          107228 kB
Cached:          1187048 kB
MemTotal:        1844596 kB
MemFree:          183776 kB
MemAvailable:    1466564 kB
Buffers:          107228 kB
Cached:          1187048 kB
MemTotal:        1844596 kB
MemFree:          183636 kB
MemAvailable:    1466424 kB
Buffers:          107228 kB
Cached:          1187048 kB
MemTotal:        1844596 kB
MemFree:          185008 kB
MemAvailable:    1467796 kB
Buffers:          107228 kB
Cached:          1187048 kB
MemTotal:        1844596 kB
MemFree:          184812 kB
MemAvailable:    1467600 kB
Buffers:          107228 kB
Cached:          1187048 kB
MemTotal:        1844596 kB
MemFree:          183768 kB
MemAvailable:    1466556 kB
Buffers:          107228 kB
Cached:          1187048 kB
MemTotal:        1844596 kB
MemFree:          183504 kB
MemAvailable:    1466292 kB
Buffers:          107228 kB
Cached:          1187048 kB
MemTotal:        1844596 kB
MemFree:          183380 kB
MemAvailable:    1466168 kB
Buffers:          107228 kB
Cached:          1187048 kB
MemTotal:        1844596 kB
MemFree:          183552 kB
MemAvailable:    1466340 kB
Buffers:          107228 kB
Cached:          1187048 kB
MemTotal:        1844596 kB
MemFree:          184744 kB
MemAvailable:    1467532 kB
Buffers:          107228 kB
Cached:          1187048 kB
MemTotal:        1844596 kB
MemFree:          184736 kB
MemAvailable:    1467524 kB
Buffers:          107228 kB
Cached:          1187048 kB
MemTotal:        1844596 kB
MemFree:          184528 kB
MemAvailable:    1467316 kB
Buffers:          107228 kB
Cached:          1187048 kB
MemTotal:        1844596 kB
MemFree:          183544 kB
MemAvailable:    1466332 kB
Buffers:          107228 kB
Cached:          1187048 kB
MemTotal:        1844596 kB
MemFree:          184784 kB
MemAvailable:    1467572 kB
Buffers:          107228 kB
Cached:          1187048 kB
MemTotal:        1844596 kB
MemFree:          184056 kB
MemAvailable:    1466844 kB
Buffers:          107228 kB
Cached:          1187048 kB
MemTotal:        1844596 kB
MemFree:          183040 kB
MemAvailable:    1465828 kB
Buffers:          107228 kB
Cached:          1187048 kB
MemTotal:        1844596 kB
MemFree:          181892 kB
MemAvailable:    1464680 kB
Buffers:          107228 kB
Cached:          1187048 kB
MemTotal:        1844596 kB
MemFree:          177336 kB
MemAvailable:    1460124 kB
Buffers:          107228 kB
Cached:          1187048 kB
MemTotal:        1844596 kB
MemFree:          176608 kB
MemAvailable:    1459396 kB
Buffers:          107228 kB
Cached:          1187048 kB
MemTotal:        1844596 kB
MemFree:          174004 kB
MemAvailable:    1456792 kB
Buffers:          107228 kB
Cached:          1187048 kB
MemTotal:        1844596 kB
MemFree:          172632 kB
MemAvailable:    1455420 kB
Buffers:          107228 kB
Cached:          1187048 kB
MemTotal:        1844596 kB
MemFree:          172136 kB
MemAvailable:    1454924 kB
Buffers:          107228 kB
Cached:          1187048 kB
MemTotal:        1844596 kB
MemFree:          173096 kB
MemAvailable:    1455884 kB
Buffers:          107228 kB
Cached:          1187048 kB
MemTotal:        1844596 kB
MemFree:          171724 kB
MemAvailable:    1454512 kB
Buffers:          107228 kB
Cached:          1187048 kB
MemTotal:        1844596 kB
MemFree:          172768 kB
MemAvailable:    1455556 kB
Buffers:          107228 kB
Cached:          1187048 kB
MemTotal:        1844596 kB
MemFree:          171532 kB
MemAvailable:    1454320 kB
Buffers:          107228 kB
Cached:          1187048 kB
MemTotal:        1844596 kB
MemFree:          171276 kB
MemAvailable:    1454064 kB
Buffers:          107228 kB
Cached:          1187048 kB
MemTotal:        1844596 kB
MemFree:          171832 kB
MemAvailable:    1454620 kB
Buffers:          107228 kB
Cached:          1187048 kB
MemTotal:        1844596 kB
MemFree:          170532 kB
MemAvailable:    1453320 kB
Buffers:          107228 kB
Cached:          1187048 kB
MemTotal:        1844596 kB
MemFree:          169540 kB
MemAvailable:    1452328 kB
Buffers:          107228 kB
Cached:          1187048 kB
MemTotal:        1844596 kB
MemFree:          168548 kB
MemAvailable:    1451336 kB
Buffers:          107228 kB
Cached:          1187048 kB
MemTotal:        1844596 kB
MemFree:          168540 kB
MemAvailable:    1451328 kB
Buffers:          107228 kB
Cached:          1187048 kB
MemTotal:        1844596 kB
MemFree:          169988 kB
MemAvailable:    1452776 kB
Buffers:          107228 kB
Cached:          1187048 kB
MemTotal:        1844596 kB
MemFree:          168664 kB
MemAvailable:    1451452 kB
Buffers:          107228 kB
Cached:          1187048 kB
MemTotal:        1844596 kB
MemFree:          168664 kB
MemAvailable:    1451452 kB
Buffers:          107228 kB
Cached:          1187048 kB
MemTotal:        1844596 kB
MemFree:          168664 kB
MemAvailable:    1451452 kB
Buffers:          107228 kB
Cached:          1187048 kB
MemTotal:        1844596 kB
MemFree:          169840 kB
MemAvailable:    1452628 kB
Buffers:          107228 kB
Cached:          1187048 kB
MemTotal:        1844596 kB
MemFree:          168804 kB
MemAvailable:    1451592 kB
Buffers:          107228 kB
Cached:          1187048 kB
MemTotal:        1844596 kB
MemFree:          169608 kB
MemAvailable:    1452396 kB
Buffers:          107228 kB
Cached:          1187048 kB
MemTotal:        1844596 kB
MemFree:          169608 kB
MemAvailable:    1452396 kB
Buffers:          107228 kB
Cached:          1187048 kB
MemTotal:        1844596 kB
MemFree:          169828 kB
MemAvailable:    1452616 kB
Buffers:          107228 kB
Cached:          1187048 kB
MemTotal:        1844596 kB
MemFree:          168480 kB
MemAvailable:    1451268 kB
Buffers:          107228 kB
Cached:          1187048 kB
MemTotal:        1844596 kB
MemFree:          169720 kB
MemAvailable:    1452508 kB
Buffers:          107228 kB
Cached:          1187048 kB
MemTotal:        1844596 kB
MemFree:          167928 kB
MemAvailable:    1450716 kB
Buffers:          107228 kB
Cached:          1187048 kB
MemTotal:        1844596 kB
MemFree:          168044 kB
MemAvailable:    1450832 kB
Buffers:          107228 kB
Cached:          1187048 kB
MemTotal:        1844596 kB
MemFree:          168176 kB
MemAvailable:    1450964 kB
Buffers:          107228 kB
Cached:          1187048 kB
MemTotal:        1844596 kB
MemFree:          167680 kB
MemAvailable:    1450476 kB
Buffers:          107228 kB
Cached:          1187056 kB
MemTotal:        1844596 kB
MemFree:          167692 kB
MemAvailable:    1450488 kB
Buffers:          107228 kB
Cached:          1187056 kB
MemTotal:        1844596 kB
MemFree:          166512 kB
MemAvailable:    1449308 kB
Buffers:          107228 kB
Cached:          1187056 kB
MemTotal:        1844596 kB
MemFree:          167044 kB
MemAvailable:    1449840 kB
Buffers:          107228 kB
Cached:          1187056 kB
MemTotal:        1844596 kB
MemFree:          167128 kB
MemAvailable:    1449924 kB
Buffers:          107228 kB
Cached:          1187056 kB
MemTotal:        1844596 kB
MemFree:          165640 kB
MemAvailable:    1448436 kB
Buffers:          107228 kB
Cached:          1187056 kB
MemTotal:        1844596 kB
MemFree:          166432 kB
MemAvailable:    1449228 kB
Buffers:          107228 kB
Cached:          1187056 kB
MemTotal:        1844596 kB
MemFree:          166516 kB
MemAvailable:    1449312 kB
Buffers:          107228 kB
Cached:          1187056 kB
MemTotal:        1844596 kB
MemFree:          166184 kB
MemAvailable:    1448980 kB
Buffers:          107228 kB
Cached:          1187056 kB
MemTotal:        1844596 kB
MemFree:          165068 kB
MemAvailable:    1447864 kB
Buffers:          107228 kB
Cached:          1187056 kB
MemTotal:        1844596 kB
MemFree:          164580 kB
MemAvailable:    1447376 kB
Buffers:          107228 kB
Cached:          1187056 kB
MemTotal:        1844596 kB
MemFree:          164696 kB
MemAvailable:    1447492 kB
Buffers:          107228 kB
Cached:          1187056 kB
MemTotal:        1844596 kB
MemFree:          165740 kB
MemAvailable:    1448536 kB
Buffers:          107228 kB
Cached:          1187056 kB
MemTotal:        1844596 kB
MemFree:          164712 kB
MemAvailable:    1447508 kB
Buffers:          107228 kB
Cached:          1187056 kB
MemTotal:        1844596 kB
MemFree:          164580 kB
MemAvailable:    1447376 kB
Buffers:          107228 kB
Cached:          1187056 kB
MemTotal:        1844596 kB
MemFree:          165756 kB
MemAvailable:    1448552 kB
Buffers:          107228 kB
Cached:          1187056 kB
MemTotal:        1844596 kB
MemFree:          165708 kB
MemAvailable:    1448504 kB
Buffers:          107228 kB
Cached:          1187056 kB
MemTotal:        1844596 kB
MemFree:          164148 kB
MemAvailable:    1446944 kB
Buffers:          107228 kB
Cached:          1187056 kB
MemTotal:        1844596 kB
MemFree:          164272 kB
MemAvailable:    1447068 kB
Buffers:          107228 kB
Cached:          1187056 kB
MemTotal:        1844596 kB
MemFree:          164264 kB
MemAvailable:    1447060 kB
Buffers:          107228 kB
Cached:          1187056 kB
MemTotal:        1844596 kB
MemFree:          165316 kB
MemAvailable:    1448112 kB
Buffers:          107228 kB
Cached:          1187056 kB
MemTotal:        1844596 kB
MemFree:          164264 kB
MemAvailable:    1447060 kB
Buffers:          107228 kB
Cached:          1187056 kB
MemTotal:        1844596 kB
MemFree:          165416 kB
MemAvailable:    1448212 kB
Buffers:          107228 kB
Cached:          1187056 kB
MemTotal:        1844596 kB
MemFree:          164044 kB
MemAvailable:    1446840 kB
Buffers:          107228 kB
Cached:          1187056 kB
MemTotal:        1844596 kB
MemFree:          165236 kB
MemAvailable:    1448032 kB
Buffers:          107228 kB
Cached:          1187056 kB
MemTotal:        1844596 kB
MemFree:          164960 kB
MemAvailable:    1447756 kB
Buffers:          107228 kB
Cached:          1187056 kB
MemTotal:        1844596 kB
MemFree:          165448 kB
MemAvailable:    1448244 kB
Buffers:          107228 kB
Cached:          1187056 kB
MemTotal:        1844596 kB
MemFree:          165336 kB
MemAvailable:    1448132 kB
Buffers:          107228 kB
Cached:          1187056 kB
MemTotal:        1844596 kB
MemFree:          164196 kB
MemAvailable:    1446992 kB
Buffers:          107228 kB
Cached:          1187056 kB
MemTotal:        1844596 kB
MemFree:          165308 kB
MemAvailable:    1448104 kB
Buffers:          107228 kB
Cached:          1187056 kB
MemTotal:        1844596 kB
MemFree:          165308 kB
MemAvailable:    1448104 kB
Buffers:          107228 kB
Cached:          1187056 kB
MemTotal:        1844596 kB
MemFree:          164060 kB
MemAvailable:    1446856 kB
Buffers:          107228 kB
Cached:          1187056 kB
MemTotal:        1844596 kB
MemFree:          165444 kB
MemAvailable:    1448240 kB
Buffers:          107228 kB
Cached:          1187056 kB
MemTotal:        1844596 kB
MemFree:          165376 kB
MemAvailable:    1448172 kB
Buffers:          107228 kB
Cached:          1187056 kB
MemTotal:        1844596 kB
MemFree:          165348 kB
MemAvailable:    1448144 kB
Buffers:          107228 kB
Cached:          1187056 kB
MemTotal:        1844596 kB
MemFree:          164208 kB
MemAvailable:    1447004 kB
Buffers:          107228 kB
Cached:          1187056 kB
MemTotal:        1844596 kB
MemFree:          164200 kB
MemAvailable:    1446996 kB
Buffers:          107228 kB
Cached:          1187056 kB
MemTotal:        1844596 kB
MemFree:          162828 kB
MemAvailable:    1445624 kB
Buffers:          107228 kB
Cached:          1187056 kB
MemTotal:        1844596 kB
MemFree:          163872 kB
MemAvailable:    1446668 kB
Buffers:          107228 kB
Cached:          1187056 kB
MemTotal:        1844596 kB
MemFree:          162720 kB
MemAvailable:    1445516 kB
Buffers:          107228 kB
Cached:          1187056 kB
MemTotal:        1844596 kB
MemFree:          161720 kB
MemAvailable:    1444516 kB
Buffers:          107228 kB
Cached:          1187056 kB
MemTotal:        1844596 kB
MemFree:          161364 kB
MemAvailable:    1444160 kB
Buffers:          107228 kB
Cached:          1187056 kB
MemTotal:        1844596 kB
MemFree:          159000 kB
MemAvailable:    1441796 kB
Buffers:          107228 kB
Cached:          1187056 kB
MemTotal:        1844596 kB
MemFree:          156892 kB
MemAvailable:    1439688 kB
Buffers:          107228 kB
Cached:          1187056 kB
MemTotal:        1844596 kB
MemFree:          153296 kB
MemAvailable:    1436092 kB
Buffers:          107228 kB
Cached:          1187056 kB
MemTotal:        1844596 kB
MemFree:          149940 kB
MemAvailable:    1432736 kB
Buffers:          107228 kB
Cached:          1187056 kB
MemTotal:        1844596 kB
MemFree:          149584 kB
MemAvailable:    1432380 kB
Buffers:          107228 kB
Cached:          1187056 kB
MemTotal:        1844596 kB
MemFree:          147148 kB
MemAvailable:    1429944 kB
Buffers:          107228 kB
Cached:          1187056 kB
MemTotal:        1844596 kB
MemFree:          147024 kB
MemAvailable:    1429820 kB
Buffers:          107228 kB
Cached:          1187056 kB
MemTotal:        1844596 kB
MemFree:          145980 kB
MemAvailable:    1428776 kB
Buffers:          107228 kB
Cached:          1187056 kB
MemTotal:        1844596 kB
MemFree:          146800 kB
MemAvailable:    1429596 kB
Buffers:          107228 kB
Cached:          1187056 kB
MemTotal:        1844596 kB
MemFree:          147056 kB
MemAvailable:    1429852 kB
Buffers:          107228 kB
Cached:          1187056 kB
MemTotal:        1844596 kB
MemFree:          146904 kB
MemAvailable:    1429700 kB
Buffers:          107228 kB
Cached:          1187056 kB
MemTotal:        1844596 kB
MemFree:          145856 kB
MemAvailable:    1428652 kB
Buffers:          107228 kB
Cached:          1187056 kB
MemTotal:        1844596 kB
MemFree:          146620 kB
MemAvailable:    1429424 kB
Buffers:          107228 kB
Cached:          1187064 kB
MemTotal:        1844596 kB
MemFree:          146656 kB
MemAvailable:    1429460 kB
Buffers:          107228 kB
Cached:          1187064 kB
MemTotal:        1844596 kB
MemFree:          146672 kB
MemAvailable:    1429476 kB
Buffers:          107228 kB
Cached:          1187064 kB
MemTotal:        1844596 kB
MemFree:          146732 kB
MemAvailable:    1429536 kB
Buffers:          107228 kB
Cached:          1187064 kB
MemTotal:        1844596 kB
MemFree:          146676 kB
MemAvailable:    1429480 kB
Buffers:          107228 kB
Cached:          1187064 kB
MemTotal:        1844596 kB
MemFree:          145472 kB
MemAvailable:    1428276 kB
Buffers:          107228 kB
Cached:          1187064 kB
MemTotal:        1844596 kB
MemFree:          145228 kB
MemAvailable:    1428032 kB
Buffers:          107228 kB
Cached:          1187064 kB
MemTotal:        1844596 kB
MemFree:          146096 kB
MemAvailable:    1428900 kB
Buffers:          107228 kB
Cached:          1187064 kB
MemTotal:        1844596 kB
MemFree:          144724 kB
MemAvailable:    1427528 kB
Buffers:          107228 kB
Cached:          1187064 kB
MemTotal:        1844596 kB
MemFree:          144716 kB
MemAvailable:    1427520 kB
Buffers:          107228 kB
Cached:          1187064 kB
MemTotal:        1844596 kB
MemFree:          145840 kB
MemAvailable:    1428644 kB
Buffers:          107228 kB
Cached:          1187064 kB
MemTotal:        1844596 kB
MemFree:          144872 kB
MemAvailable:    1427676 kB
Buffers:          107228 kB
Cached:          1187064 kB
MemTotal:        1844596 kB
MemFree:          145724 kB
MemAvailable:    1428528 kB
Buffers:          107228 kB
Cached:          1187064 kB
MemTotal:        1844596 kB
MemFree:          146060 kB
MemAvailable:    1428864 kB
Buffers:          107228 kB
Cached:          1187064 kB
MemTotal:        1844596 kB
MemFree:          145868 kB
MemAvailable:    1428672 kB
Buffers:          107228 kB
Cached:          1187064 kB
MemTotal:        1844596 kB
MemFree:          144728 kB
MemAvailable:    1427532 kB
Buffers:          107228 kB
Cached:          1187064 kB
MemTotal:        1844596 kB
MemFree:          145920 kB
MemAvailable:    1428724 kB
Buffers:          107228 kB
Cached:          1187064 kB
MemTotal:        1844596 kB
MemFree:          144568 kB
MemAvailable:    1427372 kB
Buffers:          107228 kB
Cached:          1187064 kB
MemTotal:        1844596 kB
MemFree:          144616 kB
MemAvailable:    1427424 kB
Buffers:          107228 kB
Cached:          1187068 kB
MemTotal:        1844596 kB
MemFree:          144568 kB
MemAvailable:    1427376 kB
Buffers:          107228 kB
Cached:          1187068 kB
MemTotal:        1844596 kB
MemFree:          144568 kB
MemAvailable:    1427376 kB
Buffers:          107228 kB
Cached:          1187068 kB
MemTotal:        1844596 kB
MemFree:          145912 kB
MemAvailable:    1428720 kB
Buffers:          107228 kB
Cached:          1187068 kB
MemTotal:        1844596 kB
MemFree:          145672 kB
MemAvailable:    1428480 kB
Buffers:          107228 kB
Cached:          1187068 kB
MemTotal:        1844596 kB
MemFree:          145840 kB
MemAvailable:    1428648 kB
Buffers:          107228 kB
Cached:          1187068 kB
MemTotal:        1844596 kB
MemFree:          144608 kB
MemAvailable:    1427416 kB
Buffers:          107228 kB
Cached:          1187068 kB
MemTotal:        1844596 kB
MemFree:          144692 kB
MemAvailable:    1427500 kB
Buffers:          107228 kB
Cached:          1187068 kB
MemTotal:        1844596 kB
MemFree:          143252 kB
MemAvailable:    1426060 kB
Buffers:          107228 kB
Cached:          1187068 kB
MemTotal:        1844596 kB
MemFree:          140088 kB
MemAvailable:    1422896 kB
Buffers:          107228 kB
Cached:          1187068 kB
MemTotal:        1844596 kB
MemFree:          136044 kB
MemAvailable:    1418852 kB
Buffers:          107228 kB
Cached:          1187068 kB
MemTotal:        1844596 kB
MemFree:          136044 kB
MemAvailable:    1418852 kB
Buffers:          107228 kB
Cached:          1187068 kB
MemTotal:        1844596 kB
MemFree:          131100 kB
MemAvailable:    1413908 kB
Buffers:          107228 kB
Cached:          1187068 kB
MemTotal:        1844596 kB
MemFree:          128108 kB
MemAvailable:    1410916 kB
Buffers:          107228 kB
Cached:          1187068 kB
MemTotal:        1844596 kB
MemFree:          128000 kB
MemAvailable:    1410808 kB
Buffers:          107228 kB
Cached:          1187068 kB
MemTotal:        1844596 kB
MemFree:          127880 kB
MemAvailable:    1410688 kB
Buffers:          107228 kB
Cached:          1187068 kB
MemTotal:        1844596 kB
MemFree:          127424 kB
MemAvailable:    1410232 kB
Buffers:          107228 kB
Cached:          1187068 kB
MemTotal:        1844596 kB
MemFree:          127760 kB
MemAvailable:    1410568 kB
Buffers:          107228 kB
Cached:          1187068 kB
MemTotal:        1844596 kB
MemFree:          127600 kB
MemAvailable:    1410408 kB
Buffers:          107228 kB
Cached:          1187068 kB
MemTotal:        1844596 kB
MemFree:          126644 kB
MemAvailable:    1409452 kB
Buffers:          107228 kB
Cached:          1187068 kB
MemTotal:        1844596 kB
MemFree:          127496 kB
MemAvailable:    1410304 kB
Buffers:          107228 kB
Cached:          1187068 kB
MemTotal:        1844596 kB
MemFree:          127752 kB
MemAvailable:    1410560 kB
Buffers:          107228 kB
Cached:          1187068 kB
MemTotal:        1844596 kB
MemFree:          127488 kB
MemAvailable:    1410296 kB
Buffers:          107228 kB
Cached:          1187068 kB
MemTotal:        1844596 kB
MemFree:          127700 kB
MemAvailable:    1410508 kB
Buffers:          107228 kB
Cached:          1187068 kB
MemTotal:        1844596 kB
MemFree:          127484 kB
MemAvailable:    1410292 kB
Buffers:          107228 kB
Cached:          1187068 kB
MemTotal:        1844596 kB
MemFree:          127740 kB
MemAvailable:    1410548 kB
Buffers:          107228 kB
Cached:          1187068 kB
MemTotal:        1844596 kB
MemFree:          126328 kB
MemAvailable:    1409136 kB
Buffers:          107228 kB
Cached:          1187068 kB
MemTotal:        1844596 kB
MemFree:          127648 kB
MemAvailable:    1410456 kB
Buffers:          107228 kB
Cached:          1187068 kB
MemTotal:        1844596 kB
MemFree:          126892 kB
MemAvailable:    1409700 kB
Buffers:          107228 kB
Cached:          1187068 kB
MemTotal:        1844596 kB
MemFree:          127620 kB
MemAvailable:    1410428 kB
Buffers:          107228 kB
Cached:          1187068 kB
MemTotal:        1844596 kB
MemFree:          127388 kB
MemAvailable:    1410196 kB
Buffers:          107228 kB
Cached:          1187068 kB
MemTotal:        1844596 kB
MemFree:          127508 kB
MemAvailable:    1410316 kB
Buffers:          107228 kB
Cached:          1187068 kB
MemTotal:        1844596 kB
MemFree:          127496 kB
MemAvailable:    1410304 kB
Buffers:          107228 kB
Cached:          1187068 kB
MemTotal:        1844596 kB
MemFree:          127748 kB
MemAvailable:    1410556 kB
Buffers:          107228 kB
Cached:          1187068 kB
MemTotal:        1844596 kB
MemFree:          126216 kB
MemAvailable:    1409024 kB
Buffers:          107228 kB
Cached:          1187068 kB
MemTotal:        1844596 kB
MemFree:          127488 kB
MemAvailable:    1410296 kB
Buffers:          107228 kB
Cached:          1187068 kB
MemTotal:        1844596 kB
MemFree:          127740 kB
MemAvailable:    1410548 kB
Buffers:          107228 kB
Cached:          1187068 kB
MemTotal:        1844596 kB
MemFree:          127616 kB
MemAvailable:    1410424 kB
Buffers:          107228 kB
Cached:          1187068 kB
MemTotal:        1844596 kB
MemFree:          126368 kB
MemAvailable:    1409176 kB
Buffers:          107228 kB
Cached:          1187068 kB
MemTotal:        1844596 kB
MemFree:          127420 kB
MemAvailable:    1410228 kB
Buffers:          107228 kB
Cached:          1187068 kB
MemTotal:        1844596 kB
MemFree:          127556 kB
MemAvailable:    1410364 kB
Buffers:          107228 kB
Cached:          1187068 kB
MemTotal:        1844596 kB
MemFree:          127264 kB
MemAvailable:    1410072 kB
Buffers:          107228 kB
Cached:          1187068 kB
MemTotal:        1844596 kB
MemFree:          127456 kB
MemAvailable:    1410264 kB
Buffers:          107228 kB
Cached:          1187068 kB
MemTotal:        1844596 kB
MemFree:          127804 kB
MemAvailable:    1410612 kB
Buffers:          107228 kB
Cached:          1187068 kB
MemTotal:        1844596 kB
MemFree:          126892 kB
MemAvailable:    1409700 kB
Buffers:          107228 kB
Cached:          1187068 kB
MemTotal:        1844596 kB
MemFree:          127588 kB
MemAvailable:    1410396 kB
Buffers:          107228 kB
Cached:          1187068 kB
MemTotal:        1844596 kB
MemFree:          126388 kB
MemAvailable:    1409196 kB
Buffers:          107228 kB
Cached:          1187068 kB
MemTotal:        1844596 kB
MemFree:          126588 kB
MemAvailable:    1409396 kB
Buffers:          107228 kB
Cached:          1187068 kB
MemTotal:        1844596 kB
MemFree:          126340 kB
MemAvailable:    1409148 kB
Buffers:          107228 kB
Cached:          1187068 kB
MemTotal:        1844596 kB
MemFree:          126376 kB
MemAvailable:    1409184 kB
Buffers:          107228 kB
Cached:          1187068 kB
MemTotal:        1844596 kB
MemFree:          126376 kB
MemAvailable:    1409184 kB
Buffers:          107228 kB
Cached:          1187068 kB
MemTotal:        1844596 kB
MemFree:          127544 kB
MemAvailable:    1410352 kB
Buffers:          107228 kB
Cached:          1187068 kB
MemTotal:        1844596 kB
MemFree:          126024 kB
MemAvailable:    1408832 kB
Buffers:          107228 kB
Cached:          1187068 kB
MemTotal:        1844596 kB
MemFree:          120668 kB
MemAvailable:    1403476 kB
Buffers:          107228 kB
Cached:          1187068 kB
MemTotal:        1844596 kB
MemFree:          119940 kB
MemAvailable:    1402748 kB
Buffers:          107228 kB
Cached:          1187068 kB
MemTotal:        1844596 kB
MemFree:          115724 kB
MemAvailable:    1398532 kB
Buffers:          107228 kB
Cached:          1187068 kB
MemTotal:        1844596 kB
MemFree:          111384 kB
MemAvailable:    1394192 kB
Buffers:          107228 kB
Cached:          1187068 kB
MemTotal:        1844596 kB
MemFree:          110384 kB
MemAvailable:    1393192 kB
Buffers:          107228 kB
Cached:          1187068 kB
MemTotal:        1844596 kB
MemFree:          109408 kB
MemAvailable:    1392216 kB
Buffers:          107228 kB
Cached:          1187068 kB
MemTotal:        1844596 kB
MemFree:          110136 kB
MemAvailable:    1392944 kB
Buffers:          107228 kB
Cached:          1187068 kB
MemTotal:        1844596 kB
MemFree:          110028 kB
MemAvailable:    1392836 kB
Buffers:          107228 kB
Cached:          1187068 kB
MemTotal:        1844596 kB
MemFree:          109524 kB
MemAvailable:    1392332 kB
Buffers:          107228 kB
Cached:          1187068 kB
MemTotal:        1844596 kB
MemFree:          108284 kB
MemAvailable:    1391092 kB
Buffers:          107228 kB
Cached:          1187068 kB
MemTotal:        1844596 kB
MemFree:          109268 kB
MemAvailable:    1392076 kB
Buffers:          107228 kB
Cached:          1187068 kB
MemTotal:        1844596 kB
MemFree:          108160 kB
MemAvailable:    1390968 kB
Buffers:          107228 kB
Cached:          1187068 kB
MemTotal:        1844596 kB
MemFree:          109400 kB
MemAvailable:    1392216 kB
Buffers:          107228 kB
Cached:          1187076 kB
MemTotal:        1844596 kB
MemFree:          109212 kB
MemAvailable:    1392028 kB
Buffers:          107228 kB
Cached:          1187076 kB
MemTotal:        1844596 kB
MemFree:          109136 kB
MemAvailable:    1391952 kB
Buffers:          107228 kB
Cached:          1187076 kB
MemTotal:        1844596 kB
MemFree:          109080 kB
MemAvailable:    1391896 kB
Buffers:          107228 kB
Cached:          1187076 kB
MemTotal:        1844596 kB
MemFree:          109392 kB
MemAvailable:    1392208 kB
Buffers:          107228 kB
Cached:          1187076 kB
MemTotal:        1844596 kB
MemFree:          108772 kB
MemAvailable:    1391588 kB
Buffers:          107228 kB
Cached:          1187076 kB
MemTotal:        1844596 kB
MemFree:          109108 kB
MemAvailable:    1391924 kB
Buffers:          107228 kB
Cached:          1187076 kB
MemTotal:        1844596 kB
MemFree:          107896 kB
MemAvailable:    1390712 kB
Buffers:          107228 kB
Cached:          1187076 kB
MemTotal:        1844596 kB
MemFree:          107292 kB
MemAvailable:    1390108 kB
Buffers:          107228 kB
Cached:          1187076 kB
MemTotal:        1844596 kB
MemFree:          107352 kB
MemAvailable:    1390168 kB
Buffers:          107228 kB
Cached:          1187076 kB
MemTotal:        1844596 kB
MemFree:          106964 kB
MemAvailable:    1389780 kB
Buffers:          107228 kB
Cached:          1187076 kB
MemTotal:        1844596 kB
MemFree:          106788 kB
MemAvailable:    1389604 kB
Buffers:          107228 kB
Cached:          1187076 kB
MemTotal:        1844596 kB
MemFree:          106004 kB
MemAvailable:    1388820 kB
Buffers:          107228 kB
Cached:          1187076 kB
MemTotal:        1844596 kB
MemFree:          106256 kB
MemAvailable:    1389072 kB
Buffers:          107228 kB
Cached:          1187076 kB
MemTotal:        1844596 kB
MemFree:          105368 kB
MemAvailable:    1388184 kB
Buffers:          107228 kB
Cached:          1187076 kB
MemTotal:        1844596 kB
MemFree:          104500 kB
MemAvailable:    1387316 kB
Buffers:          107228 kB
Cached:          1187076 kB
MemTotal:        1844596 kB
MemFree:          103076 kB
MemAvailable:    1385892 kB
Buffers:          107228 kB
Cached:          1187076 kB
MemTotal:        1844596 kB
MemFree:          102084 kB
MemAvailable:    1384904 kB
Buffers:          107228 kB
Cached:          1187080 kB
MemTotal:        1844596 kB
MemFree:          102076 kB
MemAvailable:    1384896 kB
Buffers:          107228 kB
Cached:          1187080 kB
MemTotal:        1844596 kB
MemFree:          101836 kB
MemAvailable:    1384656 kB
Buffers:          107228 kB
Cached:          1187080 kB
MemTotal:        1844596 kB
MemFree:          102936 kB
MemAvailable:    1385756 kB
Buffers:          107228 kB
Cached:          1187080 kB
MemTotal:        1844596 kB
MemFree:          102292 kB
MemAvailable:    1385112 kB
Buffers:          107228 kB
Cached:          1187080 kB
MemTotal:        1844596 kB
MemFree:          103020 kB
MemAvailable:    1385840 kB
Buffers:          107228 kB
Cached:          1187080 kB
MemTotal:        1844596 kB
MemFree:          102836 kB
MemAvailable:    1385656 kB
Buffers:          107228 kB
Cached:          1187080 kB
MemTotal:        1844596 kB
MemFree:          101828 kB
MemAvailable:    1384648 kB
Buffers:          107228 kB
Cached:          1187080 kB
MemTotal:        1844596 kB
MemFree:          102640 kB
MemAvailable:    1385460 kB
Buffers:          107228 kB
Cached:          1187080 kB
MemTotal:        1844596 kB
MemFree:          100340 kB
MemAvailable:    1383160 kB
Buffers:          107228 kB
Cached:          1187080 kB
MemTotal:        1844596 kB
MemFree:          100720 kB
MemAvailable:    1383540 kB
Buffers:          107228 kB
Cached:          1187080 kB
MemTotal:        1844596 kB
MemFree:          100348 kB
MemAvailable:    1383168 kB
Buffers:          107228 kB
Cached:          1187080 kB
MemTotal:        1844596 kB
MemFree:          100348 kB
MemAvailable:    1383168 kB
Buffers:          107228 kB
Cached:          1187080 kB
MemTotal:        1844596 kB
MemFree:          101448 kB
MemAvailable:    1384268 kB
Buffers:          107228 kB
Cached:          1187080 kB
MemTotal:        1844596 kB
MemFree:          101284 kB
MemAvailable:    1384104 kB
Buffers:          107228 kB
Cached:          1187080 kB
MemTotal:        1844596 kB
MemFree:          101148 kB
MemAvailable:    1383968 kB
Buffers:          107228 kB
Cached:          1187080 kB
MemTotal:        1844596 kB
MemFree:          101384 kB
MemAvailable:    1384204 kB
Buffers:          107228 kB
Cached:          1187080 kB
MemTotal:        1844596 kB
MemFree:          101340 kB
MemAvailable:    1384160 kB
Buffers:          107228 kB
Cached:          1187080 kB
MemTotal:        1844596 kB
MemFree:          101336 kB
MemAvailable:    1384156 kB
Buffers:          107228 kB
Cached:          1187080 kB
MemTotal:        1844596 kB
MemFree:          101272 kB
MemAvailable:    1384092 kB
Buffers:          107228 kB
Cached:          1187080 kB
MemTotal:        1844596 kB
MemFree:          101272 kB
MemAvailable:    1384092 kB
Buffers:          107228 kB
Cached:          1187080 kB
MemTotal:        1844596 kB
MemFree:          100052 kB
MemAvailable:    1382872 kB
Buffers:          107228 kB
Cached:          1187080 kB
MemTotal:        1844596 kB
MemFree:          100052 kB
MemAvailable:    1382872 kB
Buffers:          107228 kB
Cached:          1187080 kB
MemTotal:        1844596 kB
MemFree:          101256 kB
MemAvailable:    1384076 kB
Buffers:          107228 kB
Cached:          1187080 kB
MemTotal:        1844596 kB
MemFree:          101188 kB
MemAvailable:    1384008 kB
Buffers:          107228 kB
Cached:          1187080 kB
MemTotal:        1844596 kB
MemFree:          100792 kB
MemAvailable:    1383612 kB
Buffers:          107228 kB
Cached:          1187080 kB
MemTotal:        1844596 kB
MemFree:          101436 kB
MemAvailable:    1384256 kB
Buffers:          107228 kB
Cached:          1187080 kB
MemTotal:        1844596 kB
MemFree:          101288 kB
MemAvailable:    1384108 kB
Buffers:          107228 kB
Cached:          1187080 kB
MemTotal:        1844596 kB
MemFree:          101540 kB
MemAvailable:    1384360 kB
Buffers:          107228 kB
Cached:          1187080 kB
MemTotal:        1844596 kB
MemFree:          101284 kB
MemAvailable:    1384104 kB
Buffers:          107228 kB
Cached:          1187080 kB
MemTotal:        1844596 kB
MemFree:          101140 kB
MemAvailable:    1383960 kB
Buffers:          107228 kB
Cached:          1187080 kB
MemTotal:        1844596 kB
MemFree:          101476 kB
MemAvailable:    1384296 kB
Buffers:          107228 kB
Cached:          1187080 kB
MemTotal:        1844596 kB
MemFree:          101504 kB
MemAvailable:    1384324 kB
Buffers:          107228 kB
Cached:          1187080 kB
MemTotal:        1844596 kB
MemFree:          101204 kB
MemAvailable:    1384024 kB
Buffers:          107228 kB
Cached:          1187080 kB
MemTotal:        1844596 kB
MemFree:          101200 kB
MemAvailable:    1384020 kB
Buffers:          107228 kB
Cached:          1187080 kB
MemTotal:        1844596 kB
MemFree:          101540 kB
MemAvailable:    1384360 kB
Buffers:          107228 kB
Cached:          1187080 kB
MemTotal:        1844596 kB
MemFree:          101452 kB
MemAvailable:    1384272 kB
Buffers:          107228 kB
Cached:          1187080 kB
MemTotal:        1844596 kB
MemFree:          101140 kB
MemAvailable:    1383960 kB
Buffers:          107228 kB
Cached:          1187080 kB
MemTotal:        1844596 kB
MemFree:          101476 kB
MemAvailable:    1384296 kB
Buffers:          107228 kB
Cached:          1187080 kB
MemTotal:        1844596 kB
MemFree:          101268 kB
MemAvailable:    1384088 kB
Buffers:          107228 kB
Cached:          1187080 kB
MemTotal:        1844596 kB
MemFree:          101520 kB
MemAvailable:    1384340 kB
Buffers:          107228 kB
Cached:          1187080 kB
MemTotal:        1844596 kB
MemFree:          101208 kB
MemAvailable:    1384028 kB
Buffers:          107228 kB
Cached:          1187080 kB
MemTotal:        1844596 kB
MemFree:          101400 kB
MemAvailable:    1384220 kB
Buffers:          107228 kB
Cached:          1187080 kB
MemTotal:        1844596 kB
MemFree:          100044 kB
MemAvailable:    1382864 kB
Buffers:          107228 kB
Cached:          1187080 kB
MemTotal:        1844596 kB
MemFree:          100100 kB
MemAvailable:    1382920 kB
Buffers:          107228 kB
Cached:          1187080 kB
MemTotal:        1844596 kB
MemFree:          101400 kB
MemAvailable:    1384220 kB
Buffers:          107228 kB
Cached:          1187080 kB
MemTotal:        1844596 kB
MemFree:          101332 kB
MemAvailable:    1384152 kB
Buffers:          107228 kB
Cached:          1187080 kB
MemTotal:        1844596 kB
MemFree:          101472 kB
MemAvailable:    1384292 kB
Buffers:          107228 kB
Cached:          1187080 kB
MemTotal:        1844596 kB
MemFree:          100052 kB
MemAvailable:    1382872 kB
Buffers:          107228 kB
Cached:          1187080 kB
MemTotal:        1844596 kB
MemFree:          101376 kB
MemAvailable:    1384196 kB
Buffers:          107228 kB
Cached:          1187080 kB
MemTotal:        1844596 kB
MemFree:          101352 kB
MemAvailable:    1384172 kB
Buffers:          107228 kB
Cached:          1187080 kB
MemTotal:        1844596 kB
MemFree:          100948 kB
MemAvailable:    1383768 kB
Buffers:          107228 kB
Cached:          1187080 kB
MemTotal:        1844596 kB
MemFree:           99604 kB
MemAvailable:    1382424 kB
Buffers:          107228 kB
Cached:          1187080 kB
MemTotal:        1844596 kB
MemFree:           96548 kB
MemAvailable:    1379368 kB
Buffers:          107228 kB
Cached:          1187080 kB
MemTotal:        1844596 kB
MemFree:           94768 kB
MemAvailable:    1377588 kB
Buffers:          107228 kB
Cached:          1187080 kB
MemTotal:        1844596 kB
MemFree:           89064 kB
MemAvailable:    1371884 kB
Buffers:          107228 kB
Cached:          1187080 kB
MemTotal:        1844596 kB
MemFree:           85336 kB
MemAvailable:    1368156 kB
Buffers:          107228 kB
Cached:          1187080 kB
MemTotal:        1844596 kB
MemFree:           83420 kB
MemAvailable:    1366240 kB
Buffers:          107228 kB
Cached:          1187080 kB
MemTotal:        1844596 kB
MemFree:           81004 kB
MemAvailable:    1363824 kB
Buffers:          107228 kB
Cached:          1187080 kB
MemTotal:        1844596 kB
MemFree:           81908 kB
MemAvailable:    1364732 kB
Buffers:          107228 kB
Cached:          1187084 kB
MemTotal:        1844596 kB
MemFree:           82128 kB
MemAvailable:    1364952 kB
Buffers:          107228 kB
Cached:          1187084 kB
MemTotal:        1844596 kB
MemFree:           80624 kB
MemAvailable:    1363448 kB
Buffers:          107228 kB
Cached:          1187084 kB
MemTotal:        1844596 kB
MemFree:           82136 kB
MemAvailable:    1364960 kB
Buffers:          107228 kB
Cached:          1187084 kB
MemTotal:        1844596 kB
MemFree:           80744 kB
MemAvailable:    1363568 kB
Buffers:          107228 kB
Cached:          1187084 kB
MemTotal:        1844596 kB
MemFree:           80604 kB
MemAvailable:    1363428 kB
Buffers:          107228 kB
Cached:          1187084 kB
MemTotal:        1844596 kB
MemFree:           81996 kB
MemAvailable:    1364824 kB
Buffers:          107228 kB
Cached:          1187088 kB
MemTotal:        1844596 kB
MemFree:           81004 kB
MemAvailable:    1363832 kB
Buffers:          107228 kB
Cached:          1187088 kB
MemTotal:        1844596 kB
MemFree:           81864 kB
MemAvailable:    1364692 kB
Buffers:          107228 kB
Cached:          1187088 kB
MemTotal:        1844596 kB
MemFree:           82004 kB
MemAvailable:    1364832 kB
Buffers:          107228 kB
Cached:          1187088 kB
MemTotal:        1844596 kB
MemFree:           80584 kB
MemAvailable:    1363412 kB
Buffers:          107228 kB
Cached:          1187088 kB
MemTotal:        1844596 kB
MemFree:           81876 kB
MemAvailable:    1364704 kB
Buffers:          107228 kB
Cached:          1187088 kB
MemTotal:        1844596 kB
MemFree:           80708 kB
MemAvailable:    1363536 kB
Buffers:          107228 kB
Cached:          1187088 kB
MemTotal:        1844596 kB
MemFree:           81884 kB
MemAvailable:    1364712 kB
Buffers:          107228 kB
Cached:          1187088 kB
MemTotal:        1844596 kB
MemFree:           81884 kB
MemAvailable:    1364712 kB
Buffers:          107228 kB
Cached:          1187088 kB
MemTotal:        1844596 kB
MemFree:           81752 kB
MemAvailable:    1364580 kB
Buffers:          107228 kB
Cached:          1187088 kB
MemTotal:        1844596 kB
MemFree:           81596 kB
MemAvailable:    1364424 kB
Buffers:          107228 kB
Cached:          1187088 kB
MemTotal:        1844596 kB
MemFree:           81596 kB
MemAvailable:    1364424 kB
Buffers:          107228 kB
Cached:          1187088 kB
MemTotal:        1844596 kB
MemFree:           81636 kB
MemAvailable:    1364464 kB
Buffers:          107228 kB
Cached:          1187088 kB
MemTotal:        1844596 kB
MemFree:           81432 kB
MemAvailable:    1364260 kB
Buffers:          107228 kB
Cached:          1187088 kB
MemTotal:        1844596 kB
MemFree:           81768 kB
MemAvailable:    1364596 kB
Buffers:          107228 kB
Cached:          1187088 kB
MemTotal:        1844596 kB
MemFree:           80448 kB
MemAvailable:    1363276 kB
Buffers:          107228 kB
Cached:          1187088 kB
MemTotal:        1844596 kB
MemFree:           81300 kB
MemAvailable:    1364128 kB
Buffers:          107228 kB
Cached:          1187088 kB
MemTotal:        1844596 kB
MemFree:           80384 kB
MemAvailable:    1363212 kB
Buffers:          107228 kB
Cached:          1187088 kB
MemTotal:        1844596 kB
MemFree:           79832 kB
MemAvailable:    1362660 kB
Buffers:          107228 kB
Cached:          1187088 kB
MemTotal:        1844596 kB
MemFree:           80616 kB
MemAvailable:    1363444 kB
Buffers:          107228 kB
Cached:          1187088 kB
MemTotal:        1844596 kB
MemFree:           80260 kB
MemAvailable:    1363088 kB
Buffers:          107228 kB
Cached:          1187088 kB
MemTotal:        1844596 kB
MemFree:           74060 kB
MemAvailable:    1356888 kB
Buffers:          107228 kB
Cached:          1187088 kB
MemTotal:        1844596 kB
MemFree:           69472 kB
MemAvailable:    1352300 kB
Buffers:          107228 kB
Cached:          1187088 kB
MemTotal:        1844596 kB
MemFree:           72012 kB
MemAvailable:    1354840 kB
Buffers:          107228 kB
Cached:          1187088 kB
MemTotal:        1844596 kB
MemFree:           72112 kB
MemAvailable:    1354940 kB
Buffers:          107228 kB
Cached:          1187088 kB
MemTotal:        1844596 kB
MemFree:           72068 kB
MemAvailable:    1354896 kB
Buffers:          107228 kB
Cached:          1187088 kB
MemTotal:        1844596 kB
MemFree:           70448 kB
MemAvailable:    1353276 kB
Buffers:          107228 kB
Cached:          1187088 kB
MemTotal:        1844596 kB
MemFree:           69844 kB
MemAvailable:    1352672 kB
Buffers:          107228 kB
Cached:          1187088 kB
MemTotal:        1844596 kB
MemFree:           68480 kB
MemAvailable:    1351308 kB
Buffers:          107228 kB
Cached:          1187088 kB
MemTotal:        1844596 kB
MemFree:           68224 kB
MemAvailable:    1351052 kB
Buffers:          107228 kB
Cached:          1187088 kB
MemTotal:        1844596 kB
MemFree:           68348 kB
MemAvailable:    1351176 kB
Buffers:          107228 kB
Cached:          1187088 kB
MemTotal:        1844596 kB
MemFree:           69216 kB
MemAvailable:    1352212 kB
Buffers:          107228 kB
Cached:          1187212 kB
MemTotal:        1844596 kB
MemFree:           68968 kB
MemAvailable:    1351964 kB
Buffers:          107228 kB
Cached:          1187212 kB
MemTotal:        1844596 kB
MemFree:           68900 kB
MemAvailable:    1352064 kB
Buffers:          107228 kB
Cached:          1187336 kB
MemTotal:        1844596 kB
MemFree:           69236 kB
MemAvailable:    1352400 kB
Buffers:          107228 kB
Cached:          1187336 kB
MemTotal:        1844596 kB
MemFree:           68776 kB
MemAvailable:    1352192 kB
Buffers:          107228 kB
Cached:          1187584 kB
MemTotal:        1844596 kB
MemFree:           68776 kB
MemAvailable:    1352192 kB
Buffers:          107228 kB
Cached:          1187584 kB
MemTotal:        1844596 kB
MemFree:           68540 kB
MemAvailable:    1351956 kB
Buffers:          107228 kB
Cached:          1187708 kB
MemTotal:        1844596 kB
MemFree:           68876 kB
MemAvailable:    1352292 kB
Buffers:          107228 kB
Cached:          1187708 kB
MemTotal:        1844596 kB
MemFree:           68800 kB
MemAvailable:    1352216 kB
Buffers:          107228 kB
Cached:          1187708 kB
MemTotal:        1844596 kB
MemFree:           67992 kB
MemAvailable:    1351408 kB
Buffers:          107228 kB
Cached:          1187708 kB
MemTotal:        1844596 kB
MemFree:           68556 kB
MemAvailable:    1351984 kB
Buffers:          107228 kB
Cached:          1187768 kB
MemTotal:        1844596 kB
MemFree:           68892 kB
MemAvailable:    1352320 kB
Buffers:          107228 kB
Cached:          1187768 kB
MemTotal:        1844596 kB
MemFree:           68720 kB
MemAvailable:    1352148 kB
Buffers:          107228 kB
Cached:          1187768 kB
MemTotal:        1844596 kB
MemFree:           68720 kB
MemAvailable:    1352148 kB
Buffers:          107228 kB
Cached:          1187768 kB
MemTotal:        1844596 kB
MemFree:           68184 kB
MemAvailable:    1351024 kB
Buffers:          107228 kB
Cached:          1187176 kB
MemTotal:        1844596 kB
MemFree:           66976 kB
MemAvailable:    1349816 kB
Buffers:          107228 kB
Cached:          1187176 kB
MemTotal:        1844596 kB
MemFree:          140140 kB
MemAvailable:    1423064 kB
Buffers:          107228 kB
Cached:          1187176 kB
MemTotal:        1844596 kB
MemFree:          263448 kB
MemAvailable:    1546288 kB
Buffers:          107228 kB
Cached:          1187176 kB
