MemTotal:        1844596 kB
MemFree:          708952 kB
MemAvailable:    1547144 kB
Buffers:           89248 kB
Cached:           773056 kB
MemTotal:        1844596 kB
MemFree:          679936 kB
MemAvailable:    1518140 kB
Buffers:           89248 kB
Cached:           773064 kB
MemTotal:        1844596 kB
MemFree:          681292 kB
MemAvailable:    1519496 kB
Buffers:           89248 kB
Cached:           773064 kB
MemTotal:        1844596 kB
MemFree:          678936 kB
MemAvailable:    1517140 kB
Buffers:           89248 kB
Cached:           773064 kB
MemTotal:        1844596 kB
MemFree:          679188 kB
MemAvailable:    1517392 kB
Buffers:           89248 kB
Cached:           773064 kB
MemTotal:        1844596 kB
MemFree:          677564 kB
MemAvailable:    1515768 kB
Buffers:           89248 kB
Cached:           773064 kB
MemTotal:        1844596 kB
MemFree:          677900 kB
MemAvailable:    1516104 kB
Buffers:           89248 kB
Cached:           773064 kB
MemTotal:        1844596 kB
MemFree:          674356 kB
MemAvailable:    1512560 kB
Buffers:           89248 kB
Cached:           773064 kB
MemTotal:        1844596 kB
MemFree:          672664 kB
MemAvailable:    1510868 kB
Buffers:           89248 kB
Cached:           773064 kB
MemTotal:        1844596 kB
MemFree:          670140 kB
MemAvailable:    1508344 kB
Buffers:           89248 kB
Cached:           773064 kB
MemTotal:        1844596 kB
MemFree:          667744 kB
MemAvailable:    1505948 kB
Buffers:           89248 kB
Cached:           773064 kB
MemTotal:        1844596 kB
MemFree:          665312 kB
MemAvailable:    1503516 kB
Buffers:           89248 kB
Cached:           773064 kB
MemTotal:        1844596 kB
MemFree:          668884 kB
MemAvailable:    1507088 kB
Buffers:           89248 kB
Cached:           773064 kB
MemTotal:        1844596 kB
MemFree:          669076 kB
MemAvailable:    1507280 kB
Buffers:           89248 kB
Cached:           773064 kB
MemTotal:        1844596 kB
MemFree:          669148 kB
MemAvailable:    1507352 kB
Buffers:           89248 kB
Cached:           773064 kB
MemTotal:        1844596 kB
MemFree:          668784 kB
MemAvailable:    1506988 kB
Buffers:           89248 kB
Cached:           773064 kB
MemTotal:        1844596 kB
MemFree:          667476 kB
MemAvailable:    1505680 kB
Buffers:           89248 kB
Cached:           773064 kB
MemTotal:        1844596 kB
MemFree:          667660 kB
MemAvailable:    1505864 kB
Buffers:           89248 kB
Cached:           773064 kB
MemTotal:        1844596 kB
MemFree:          668208 kB
MemAvailable:    1506412 kB
Buffers:           89248 kB
Cached:           773064 kB
MemTotal:        1844596 kB
MemFree:          668460 kB
MemAvailable:    1506664 kB
Buffers:           89248 kB
Cached:           773064 kB
MemTotal:        1844596 kB
MemFree:          666976 kB
MemAvailable:    1505180 kB
Buffers:           89248 kB
Cached:           773064 kB
MemTotal:        1844596 kB
MemFree:          668196 kB
MemAvailable:    1506400 kB
Buffers:           89248 kB
Cached:           773064 kB
MemTotal:        1844596 kB
MemFree:          667096 kB
MemAvailable:    1505300 kB
Buffers:           89248 kB
Cached:           773064 kB
MemTotal:        1844596 kB
MemFree:          667220 kB
MemAvailable:    1505424 kB
Buffers:           89248 kB
Cached:           773064 kB
MemTotal:        1844596 kB
MemFree:          666776 kB
MemAvailable:    1504980 kB
Buffers:           89248 kB
Cached:           773064 kB
MemTotal:        1844596 kB
MemFree:          665984 kB
MemAvailable:    1504188 kB
Buffers:           89248 kB
Cached:           773064 kB
MemTotal:        1844596 kB
MemFree:          667460 kB
MemAvailable:    1505664 kB
Buffers:           89248 kB
Cached:           773064 kB
MemTotal:        1844596 kB
MemFree:          667328 kB
MemAvailable:    1505532 kB
Buffers:           89248 kB
Cached:           773064 kB
MemTotal:        1844596 kB
MemFree:          665896 kB
MemAvailable:    1504100 kB
Buffers:           89248 kB
Cached:           773064 kB
MemTotal:        1844596 kB
MemFree:          666020 kB
MemAvailable:    1504224 kB
Buffers:           89248 kB
Cached:           773064 kB
MemTotal:        1844596 kB
MemFree:          666544 kB
MemAvailable:    1504748 kB
Buffers:           89248 kB
Cached:           773064 kB
MemTotal:        1844596 kB
MemFree:          666108 kB
MemAvailable:    1504312 kB
Buffers:           89248 kB
Cached:           773064 kB
MemTotal:        1844596 kB
MemFree:          666040 kB
MemAvailable:    1504244 kB
Buffers:           89248 kB
Cached:           773064 kB
MemTotal:        1844596 kB
MemFree:          664504 kB
MemAvailable:    1502712 kB
Buffers:           89248 kB
Cached:           773068 kB
MemTotal:        1844596 kB
MemFree:          664932 kB
MemAvailable:    1503140 kB
Buffers:           89248 kB
Cached:           773068 kB
MemTotal:        1844596 kB
MemFree:          665924 kB
MemAvailable:    1504132 kB
Buffers:           89248 kB
Cached:           773068 kB
MemTotal:        1844596 kB
MemFree:          664636 kB
MemAvailable:    1502844 kB
Buffers:           89248 kB
Cached:           773068 kB
MemTotal:        1844596 kB
MemFree:          665872 kB
MemAvailable:    1504080 kB
Buffers:           89248 kB
Cached:           773068 kB
MemTotal:        1844596 kB
MemFree:          665644 kB
MemAvailable:    1503852 kB
Buffers:           89248 kB
Cached:           773068 kB
MemTotal:        1844596 kB
MemFree:          665980 kB
MemAvailable:    1504188 kB
Buffers:           89248 kB
Cached:           773068 kB
MemTotal:        1844596 kB
MemFree:          665904 kB
MemAvailable:    1504112 kB
Buffers:           89248 kB
Cached:           773068 kB
MemTotal:        1844596 kB
MemFree:          664656 kB
MemAvailable:    1502864 kB
Buffers:           89248 kB
Cached:           773068 kB
MemTotal:        1844596 kB
MemFree:          660700 kB
MemAvailable:    1498908 kB
Buffers:           89248 kB
Cached:           773068 kB
MemTotal:        1844596 kB
MemFree:          660912 kB
MemAvailable:    1499120 kB
Buffers:           89248 kB
Cached:           773068 kB
MemTotal:        1844596 kB
MemFree:          660452 kB
MemAvailable:    1498660 kB
Buffers:           89248 kB
Cached:           773068 kB
MemTotal:        1844596 kB
MemFree:          660788 kB
MemAvailable:    1498996 kB
Buffers:           89248 kB
Cached:           773068 kB
MemTotal:        1844596 kB
MemFree:          660320 kB
MemAvailable:    1498528 kB
Buffers:           89248 kB
Cached:           773068 kB
MemTotal:        1844596 kB
MemFree:          660088 kB
MemAvailable:    1498296 kB
Buffers:           89248 kB
Cached:           773068 kB
MemTotal:        1844596 kB
MemFree:          660028 kB
MemAvailable:    1498236 kB
Buffers:           89248 kB
Cached:           773068 kB
MemTotal:        1844596 kB
MemFree:          660364 kB
MemAvailable:    1498572 kB
Buffers:           89248 kB
Cached:           773068 kB
MemTotal:        1844596 kB
MemFree:          658780 kB
MemAvailable:    1496988 kB
Buffers:           89248 kB
Cached:           773068 kB
MemTotal:        1844596 kB
MemFree:          660000 kB
MemAvailable:    1498208 kB
Buffers:           89248 kB
Cached:           773068 kB
MemTotal:        1844596 kB
MemFree:          660120 kB
MemAvailable:    1498328 kB
Buffers:           89248 kB
Cached:           773068 kB
MemTotal:        1844596 kB
MemFree:          660116 kB
MemAvailable:    1498324 kB
Buffers:           89248 kB
Cached:           773068 kB
MemTotal:        1844596 kB
MemFree:          660256 kB
MemAvailable:    1498464 kB
Buffers:           89248 kB
Cached:           773068 kB
MemTotal:        1844596 kB
MemFree:          659360 kB
MemAvailable:    1497568 kB
Buffers:           89248 kB
Cached:           773068 kB
MemTotal:        1844596 kB
MemFree:          659228 kB
MemAvailable:    1497436 kB
Buffers:           89248 kB
Cached:           773068 kB
MemTotal:        1844596 kB
MemFree:          659104 kB
MemAvailable:    1497312 kB
Buffers:           89248 kB
Cached:           773068 kB
MemTotal:        1844596 kB
MemFree:          658732 kB
MemAvailable:    1496940 kB
Buffers:           89248 kB
Cached:           773068 kB
MemTotal:        1844596 kB
MemFree:          655320 kB
MemAvailable:    1493528 kB
Buffers:           89248 kB
Cached:           773068 kB
MemTotal:        1844596 kB
MemFree:          654120 kB
MemAvailable:    1492328 kB
Buffers:           89248 kB
Cached:           773068 kB
MemTotal:        1844596 kB
MemFree:          654456 kB
MemAvailable:    1492664 kB
Buffers:           89248 kB
Cached:           773068 kB
MemTotal:        1844596 kB
MemFree:          653648 kB
MemAvailable:    1491856 kB
Buffers:           89248 kB
Cached:           773068 kB
MemTotal:        1844596 kB
MemFree:          653576 kB
MemAvailable:    1491784 kB
Buffers:           89248 kB
Cached:           773068 kB
MemTotal:        1844596 kB
MemFree:          651996 kB
MemAvailable:    1490204 kB
Buffers:           89248 kB
Cached:           773068 kB
MemTotal:        1844596 kB
MemFree:          650872 kB
MemAvailable:    1489080 kB
Buffers:           89248 kB
Cached:           773068 kB
MemTotal:        1844596 kB
MemFree:          651476 kB
MemAvailable:    1489684 kB
Buffers:           89248 kB
Cached:           773068 kB
MemTotal:        1844596 kB
MemFree:          651600 kB
MemAvailable:    1489808 kB
Buffers:           89248 kB
Cached:           773068 kB
MemTotal:        1844596 kB
MemFree:          651368 kB
MemAvailable:    1489576 kB
Buffers:           89248 kB
Cached:           773068 kB
MemTotal:        1844596 kB
MemFree:          651488 kB
MemAvailable:    1489696 kB
Buffers:           89248 kB
Cached:           773068 kB
MemTotal:        1844596 kB
MemFree:          650116 kB
MemAvailable:    1488324 kB
Buffers:           89248 kB
Cached:           773068 kB
MemTotal:        1844596 kB
MemFree:          651460 kB
MemAvailable:    1489668 kB
Buffers:           89248 kB
Cached:           773068 kB
MemTotal:        1844596 kB
MemFree:          651328 kB
MemAvailable:    1489536 kB
Buffers:           89248 kB
Cached:           773068 kB
MemTotal:        1844596 kB
MemFree:          651324 kB
MemAvailable:    1489532 kB
Buffers:           89248 kB
Cached:           773068 kB
MemTotal:        1844596 kB
MemFree:          651300 kB
MemAvailable:    1489508 kB
Buffers:           89248 kB
Cached:           773068 kB
MemTotal:        1844596 kB
MemFree:          651440 kB
MemAvailable:    1489648 kB
Buffers:           89248 kB
Cached:           773068 kB
MemTotal:        1844596 kB
MemFree:          650424 kB
MemAvailable:    1488632 kB
Buffers:           89248 kB
Cached:           773068 kB
MemTotal:        1844596 kB
MemFree:          651148 kB
MemAvailable:    1489356 kB
Buffers:           89248 kB
Cached:           773068 kB
MemTotal:        1844596 kB
MemFree:          651404 kB
MemAvailable:    1489612 kB
Buffers:           89248 kB
Cached:           773068 kB
MemTotal:        1844596 kB
MemFree:          649908 kB
MemAvailable:    1488116 kB
Buffers:           89248 kB
Cached:           773068 kB
MemTotal:        1844596 kB
MemFree:          650176 kB
MemAvailable:    1488384 kB
Buffers:           89248 kB
Cached:           773068 kB
MemTotal:        1844596 kB
MemFree:          651104 kB
MemAvailable:    1489312 kB
Buffers:           89248 kB
Cached:           773068 kB
MemTotal:        1844596 kB
MemFree:          650060 kB
MemAvailable:    1488268 kB
Buffers:           89248 kB
Cached:           773068 kB
MemTotal:        1844596 kB
MemFree:          650980 kB
MemAvailable:    1489188 kB
Buffers:           89248 kB
Cached:           773068 kB
MemTotal:        1844596 kB
MemFree:          649756 kB
MemAvailable:    1487964 kB
Buffers:           89248 kB
Cached:           773068 kB
MemTotal:        1844596 kB
MemFree:          649756 kB
MemAvailable:    1487964 kB
Buffers:           89248 kB
Cached:           773068 kB
MemTotal:        1844596 kB
MemFree:          649880 kB
MemAvailable:    1488088 kB
Buffers:           89248 kB
Cached:           773068 kB
MemTotal:        1844596 kB
MemFree:          649492 kB
MemAvailable:    1487700 kB
Buffers:           89248 kB
Cached:           773068 kB
MemTotal:        1844596 kB
MemFree:          647012 kB
MemAvailable:    1485220 kB
Buffers:           89248 kB
Cached:           773068 kB
MemTotal:        1844596 kB
MemFree:          644728 kB
MemAvailable:    1482936 kB
Buffers:           89248 kB
Cached:           773068 kB
MemTotal:        1844596 kB
MemFree:          643108 kB
MemAvailable:    1481316 kB
Buffers:           89248 kB
Cached:           773068 kB
MemTotal:        1844596 kB
MemFree:          642912 kB
MemAvailable:    1481120 kB
Buffers:           89248 kB
Cached:           773068 kB
MemTotal:        1844596 kB
MemFree:          642780 kB
MemAvailable:    1480988 kB
Buffers:           89248 kB
Cached:           773068 kB
MemTotal:        1844596 kB
MemFree:          641620 kB
MemAvailable:    1479828 kB
Buffers:           89248 kB
Cached:           773068 kB
MemTotal:        1844596 kB
MemFree:          641360 kB
MemAvailable:    1479568 kB
Buffers:           89248 kB
Cached:           773068 kB
MemTotal:        1844596 kB
MemFree:          641732 kB
MemAvailable:    1479940 kB
Buffers:           89248 kB
Cached:           773068 kB
MemTotal:        1844596 kB
MemFree:          642348 kB
MemAvailable:    1480556 kB
Buffers:           89248 kB
Cached:           773068 kB
MemTotal:        1844596 kB
MemFree:          642348 kB
MemAvailable:    1480556 kB
Buffers:           89248 kB
Cached:           773068 kB
MemTotal:        1844596 kB
MemFree:          642364 kB
MemAvailable:    1480572 kB
Buffers:           89248 kB
Cached:           773068 kB
MemTotal:        1844596 kB
MemFree:          641076 kB
MemAvailable:    1479284 kB
Buffers:           89248 kB
Cached:           773068 kB
MemTotal:        1844596 kB
MemFree:          642120 kB
MemAvailable:    1480328 kB
Buffers:           89248 kB
Cached:           773068 kB
MemTotal:        1844596 kB
MemFree:          640936 kB
MemAvailable:    1479144 kB
Buffers:           89248 kB
Cached:           773068 kB
MemTotal:        1844596 kB
MemFree:          640944 kB
MemAvailable:    1479152 kB
Buffers:           89248 kB
Cached:           773068 kB
MemTotal:        1844596 kB
MemFree:          641192 kB
MemAvailable:    1479400 kB
Buffers:           89248 kB
Cached:           773068 kB
MemTotal:        1844596 kB
MemFree:          642308 kB
MemAvailable:    1480516 kB
Buffers:           89248 kB
Cached:           773068 kB
MemTotal:        1844596 kB
MemFree:          642088 kB
MemAvailable:    1480296 kB
Buffers:           89248 kB
Cached:           773068 kB
MemTotal:        1844596 kB
MemFree:          642232 kB
MemAvailable:    1480440 kB
Buffers:           89248 kB
Cached:           773068 kB
MemTotal:        1844596 kB
MemFree:          642328 kB
MemAvailable:    1480536 kB
Buffers:           89248 kB
Cached:           773068 kB
MemTotal:        1844596 kB
MemFree:          641068 kB
MemAvailable:    1479276 kB
Buffers:           89248 kB
Cached:           773068 kB
MemTotal:        1844596 kB
MemFree:          641372 kB
MemAvailable:    1479580 kB
Buffers:           89248 kB
Cached:           773068 kB
MemTotal:        1844596 kB
MemFree:          641236 kB
MemAvailable:    1479444 kB
Buffers:           89248 kB
Cached:           773068 kB
MemTotal:        1844596 kB
MemFree:          642288 kB
MemAvailable:    1480496 kB
Buffers:           89248 kB
Cached:           773068 kB
MemTotal:        1844596 kB
MemFree:          642216 kB
MemAvailable:    1480424 kB
Buffers:           89248 kB
Cached:           773068 kB
MemTotal:        1844596 kB
MemFree:          642488 kB
MemAvailable:    1480704 kB
Buffers:           89248 kB
Cached:           773076 kB
MemTotal:        1844596 kB
MemFree:          642496 kB
MemAvailable:    1480712 kB
Buffers:           89248 kB
Cached:           773076 kB
MemTotal:        1844596 kB
MemFree:          642124 kB
MemAvailable:    1480340 kB
Buffers:           89248 kB
Cached:           773076 kB
MemTotal:        1844596 kB
MemFree:          642060 kB
MemAvailable:    1480276 kB
Buffers:           89248 kB
Cached:           773076 kB
MemTotal:        1844596 kB
MemFree:          642396 kB
MemAvailable:    1480612 kB
Buffers:           89248 kB
Cached:           773076 kB
MemTotal:        1844596 kB
MemFree:          641072 kB
MemAvailable:    1479288 kB
Buffers:           89248 kB
Cached:           773076 kB
MemTotal:        1844596 kB
MemFree:          642284 kB
MemAvailable:    1480500 kB
Buffers:           89248 kB
Cached:           773076 kB
MemTotal:        1844596 kB
MemFree:          642300 kB
MemAvailable:    1480516 kB
Buffers:           89248 kB
Cached:           773076 kB
MemTotal:        1844596 kB
MemFree:          641496 kB
MemAvailable:    1479712 kB
Buffers:           89248 kB
Cached:           773076 kB
MemTotal:        1844596 kB
MemFree:          642232 kB
MemAvailable:    1480448 kB
Buffers:           89248 kB
Cached:           773076 kB
MemTotal:        1844596 kB
MemFree:          642424 kB
MemAvailable:    1480640 kB
Buffers:           89248 kB
Cached:           773076 kB
MemTotal:        1844596 kB
MemFree:          642224 kB
MemAvailable:    1480440 kB
Buffers:           89248 kB
Cached:           773076 kB
MemTotal:        1844596 kB
MemFree:          642224 kB
MemAvailable:    1480440 kB
Buffers:           89248 kB
Cached:           773076 kB
MemTotal:        1844596 kB
MemFree:          642060 kB
MemAvailable:    1480276 kB
Buffers:           89248 kB
Cached:           773076 kB
MemTotal:        1844596 kB
MemFree:          642232 kB
MemAvailable:    1480448 kB
Buffers:           89248 kB
Cached:           773076 kB
MemTotal:        1844596 kB
MemFree:          639256 kB
MemAvailable:    1477472 kB
Buffers:           89248 kB
Cached:           773076 kB
MemTotal:        1844596 kB
MemFree:          639024 kB
MemAvailable:    1477240 kB
Buffers:           89248 kB
Cached:           773076 kB
MemTotal:        1844596 kB
MemFree:          633800 kB
MemAvailable:    1472016 kB
Buffers:           89248 kB
Cached:           773076 kB
MemTotal:        1844596 kB
MemFree:          634012 kB
MemAvailable:    1472228 kB
Buffers:           89248 kB
Cached:           773076 kB
MemTotal:        1844596 kB
MemFree:          630584 kB
MemAvailable:    1468800 kB
Buffers:           89248 kB
Cached:           773076 kB
MemTotal:        1844596 kB
MemFree:          631636 kB
MemAvailable:    1469852 kB
Buffers:           89248 kB
Cached:           773076 kB
MemTotal:        1844596 kB
MemFree:          631464 kB
MemAvailable:    1469680 kB
Buffers:           89248 kB
Cached:           773076 kB
MemTotal:        1844596 kB
MemFree:          630280 kB
MemAvailable:    1468496 kB
Buffers:           89248 kB
Cached:           773076 kB
MemTotal:        1844596 kB
MemFree:          631132 kB
MemAvailable:    1469348 kB
Buffers:           89248 kB
Cached:           773076 kB
MemTotal:        1844596 kB
MemFree:          631468 kB
MemAvailable:    1469684 kB
Buffers:           89248 kB
Cached:           773076 kB
MemTotal:        1844596 kB
MemFree:          630068 kB
MemAvailable:    1468284 kB
Buffers:           89248 kB
Cached:           773076 kB
MemTotal:        1844596 kB
MemFree:          630316 kB
MemAvailable:    1468532 kB
Buffers:           89248 kB
Cached:           773076 kB
MemTotal:        1844596 kB
MemFree:          631492 kB
MemAvailable:    1469708 kB
Buffers:           89248 kB
Cached:           773076 kB
MemTotal:        1844596 kB
MemFree:          630184 kB
MemAvailable:    1468400 kB
Buffers:           89248 kB
Cached:           773076 kB
MemTotal:        1844596 kB
MemFree:          631444 kB
MemAvailable:    1469660 kB
Buffers:           89248 kB
Cached:           773076 kB
MemTotal:        1844596 kB
MemFree:          631480 kB
MemAvailable:    1469696 kB
Buffers:           89248 kB
Cached:           773076 kB
MemTotal:        1844596 kB
MemFree:          631476 kB
MemAvailable:    1469692 kB
Buffers:           89248 kB
Cached:           773076 kB
MemTotal:        1844596 kB
MemFree:          631512 kB
MemAvailable:    1469728 kB
Buffers:           89248 kB
Cached:           773076 kB
MemTotal:        1844596 kB
MemFree:          630204 kB
MemAvailable:    1468420 kB
Buffers:           89248 kB
Cached:           773076 kB
MemTotal:        1844596 kB
MemFree:          631464 kB
MemAvailable:    1469680 kB
Buffers:           89248 kB
Cached:           773076 kB
MemTotal:        1844596 kB
MemFree:          630460 kB
MemAvailable:    1468676 kB
Buffers:           89248 kB
Cached:           773076 kB
MemTotal:        1844596 kB
MemFree:          631400 kB
MemAvailable:    1469616 kB
Buffers:           89248 kB
Cached:           773076 kB
MemTotal:        1844596 kB
MemFree:          631268 kB
MemAvailable:    1469484 kB
Buffers:           89248 kB
Cached:           773076 kB
MemTotal:        1844596 kB
MemFree:          630028 kB
MemAvailable:    1468244 kB
Buffers:           89248 kB
Cached:           773076 kB
MemTotal:        1844596 kB
MemFree:          630152 kB
MemAvailable:    1468368 kB
Buffers:           89248 kB
Cached:           773076 kB
MemTotal:        1844596 kB
MemFree:          630152 kB
MemAvailable:    1468368 kB
Buffers:           89248 kB
Cached:           773076 kB
MemTotal:        1844596 kB
MemFree:          631452 kB
MemAvailable:    1469668 kB
Buffers:           89248 kB
Cached:           773076 kB
MemTotal:        1844596 kB
MemFree:          630592 kB
MemAvailable:    1468808 kB
Buffers:           89248 kB
Cached:           773076 kB
MemTotal:        1844596 kB
MemFree:          631388 kB
MemAvailable:    1469604 kB
Buffers:           89248 kB
Cached:           773076 kB
MemTotal:        1844596 kB
MemFree:          631388 kB
MemAvailable:    1469604 kB
Buffers:           89248 kB
Cached:           773076 kB
MemTotal:        1844596 kB
MemFree:          631188 kB
MemAvailable:    1469404 kB
Buffers:           89248 kB
Cached:           773076 kB
MemTotal:        1844596 kB
MemFree:          631348 kB
MemAvailable:    1469564 kB
Buffers:           89248 kB
Cached:           773076 kB
MemTotal:        1844596 kB
MemFree:          631196 kB
MemAvailable:    1469412 kB
Buffers:           89248 kB
Cached:           773076 kB
MemTotal:        1844596 kB
MemFree:          631452 kB
MemAvailable:    1469668 kB
Buffers:           89248 kB
Cached:           773076 kB
MemTotal:        1844596 kB
MemFree:          631272 kB
MemAvailable:    1469488 kB
Buffers:           89248 kB
Cached:           773076 kB
MemTotal:        1844596 kB
MemFree:          631272 kB
MemAvailable:    1469488 kB
Buffers:           89248 kB
Cached:           773076 kB
MemTotal:        1844596 kB
MemFree:          631440 kB
MemAvailable:    1469656 kB
Buffers:           89248 kB
Cached:           773076 kB
MemTotal:        1844596 kB
MemFree:          631496 kB
MemAvailable:    1469712 kB
Buffers:           89248 kB
Cached:           773076 kB
MemTotal:        1844596 kB
MemFree:          631512 kB
MemAvailable:    1469728 kB
Buffers:           89248 kB
Cached:           773076 kB
MemTotal:        1844596 kB
MemFree:          630716 kB
MemAvailable:    1468932 kB
Buffers:           89248 kB
Cached:           773076 kB
MemTotal:        1844596 kB
MemFree:          631452 kB
MemAvailable:    1469668 kB
Buffers:           89248 kB
Cached:           773076 kB
MemTotal:        1844596 kB
MemFree:          631564 kB
MemAvailable:    1469780 kB
Buffers:           89248 kB
Cached:           773076 kB
MemTotal:        1844596 kB
MemFree:          631244 kB
MemAvailable:    1469460 kB
Buffers:           89248 kB
Cached:           773076 kB
MemTotal:        1844596 kB
MemFree:          631388 kB
MemAvailable:    1469604 kB
Buffers:           89248 kB
Cached:           773076 kB
MemTotal:        1844596 kB
MemFree:          631388 kB
MemAvailable:    1469604 kB
Buffers:           89248 kB
Cached:           773076 kB
MemTotal:        1844596 kB
MemFree:          630164 kB
MemAvailable:    1468380 kB
Buffers:           89248 kB
Cached:           773076 kB
MemTotal:        1844596 kB
MemFree:          631340 kB
MemAvailable:    1469556 kB
Buffers:           89248 kB
Cached:           773076 kB
MemTotal:        1844596 kB
MemFree:          631188 kB
MemAvailable:    1469404 kB
Buffers:           89248 kB
Cached:           773076 kB
MemTotal:        1844596 kB
MemFree:          631444 kB
MemAvailable:    1469660 kB
Buffers:           89248 kB
Cached:           773076 kB
MemTotal:        1844596 kB
MemFree:          631376 kB
MemAvailable:    1469592 kB
Buffers:           89248 kB
Cached:           773076 kB
MemTotal:        1844596 kB
MemFree:          631328 kB
MemAvailable:    1469544 kB
Buffers:           89248 kB
Cached:           773076 kB
MemTotal:        1844596 kB
MemFree:          630592 kB
MemAvailable:    1468808 kB
Buffers:           89248 kB
Cached:           773076 kB
MemTotal:        1844596 kB
MemFree:          631016 kB
MemAvailable:    1469232 kB
Buffers:           89248 kB
Cached:           773076 kB
MemTotal:        1844596 kB
MemFree:          631016 kB
MemAvailable:    1469232 kB
Buffers:           89248 kB
Cached:           773076 kB
MemTotal:        1844596 kB
MemFree:          630552 kB
MemAvailable:    1468768 kB
Buffers:           89248 kB
Cached:           773076 kB
MemTotal:        1844596 kB
MemFree:          630804 kB
MemAvailable:    1469020 kB
Buffers:           89248 kB
Cached:           773076 kB
MemTotal:        1844596 kB
MemFree:          629344 kB
MemAvailable:    1467560 kB
Buffers:           89248 kB
Cached:           773076 kB
MemTotal:        1844596 kB
MemFree:          629088 kB
MemAvailable:    1467304 kB
Buffers:           89248 kB
Cached:           773076 kB
MemTotal:        1844596 kB
MemFree:          630080 kB
MemAvailable:    1468296 kB
Buffers:           89248 kB
Cached:           773076 kB
MemTotal:        1844596 kB
MemFree:          630164 kB
MemAvailable:    1468380 kB
Buffers:           89248 kB
Cached:           773076 kB
MemTotal:        1844596 kB
MemFree:          630288 kB
MemAvailable:    1468504 kB
Buffers:           89248 kB
Cached:           773076 kB
MemTotal:        1844596 kB
MemFree:          630260 kB
MemAvailable:    1468476 kB
Buffers:           89248 kB
Cached:           773076 kB
MemTotal:        1844596 kB
MemFree:          630152 kB
MemAvailable:    1468368 kB
Buffers:           89248 kB
Cached:           773076 kB
MemTotal:        1844596 kB
MemFree:          629896 kB
MemAvailable:    1468112 kB
Buffers:           89248 kB
Cached:           773076 kB
MemTotal:        1844596 kB
MemFree:          629888 kB
MemAvailable:    1468104 kB
Buffers:           89248 kB
Cached:           773076 kB
MemTotal:        1844596 kB
MemFree:          629888 kB
MemAvailable:    1468104 kB
Buffers:           89248 kB
Cached:           773076 kB
MemTotal:        1844596 kB
MemFree:          629792 kB
MemAvailable:    1468012 kB
Buffers:           89248 kB
Cached:           773080 kB
MemTotal:        1844596 kB
MemFree:          628672 kB
MemAvailable:    1466892 kB
Buffers:           89248 kB
Cached:           773080 kB
MemTotal:        1844596 kB
MemFree:          629956 kB
MemAvailable:    1468184 kB
Buffers:           89248 kB
Cached:           773088 kB
MemTotal:        1844596 kB
MemFree:          629668 kB
MemAvailable:    1467896 kB
Buffers:           89248 kB
Cached:           773088 kB
MemTotal:        1844596 kB
MemFree:          629840 kB
MemAvailable:    1468068 kB
Buffers:           89248 kB
Cached:           773088 kB
MemTotal:        1844596 kB
MemFree:          628584 kB
MemAvailable:    1466812 kB
Buffers:           89248 kB
Cached:           773088 kB
MemTotal:        1844596 kB
MemFree:          629824 kB
MemAvailable:    1468052 kB
Buffers:           89248 kB
Cached:           773088 kB
MemTotal:        1844596 kB
MemFree:          629776 kB
MemAvailable:    1468004 kB
Buffers:           89248 kB
Cached:           773088 kB
MemTotal:        1844596 kB
MemFree:          629900 kB
MemAvailable:    1468128 kB
Buffers:           89248 kB
Cached:           773088 kB
MemTotal:        1844596 kB
MemFree:          627964 kB
MemAvailable:    1466192 kB
Buffers:           89248 kB
Cached:           773088 kB
MemTotal:        1844596 kB
MemFree:          629752 kB
MemAvailable:    1467980 kB
Buffers:           89248 kB
Cached:           773088 kB
MemTotal:        1844596 kB
MemFree:          628328 kB
MemAvailable:    1466556 kB
Buffers:           89248 kB
Cached:           773088 kB
MemTotal:        1844596 kB
MemFree:          628452 kB
MemAvailable:    1466680 kB
Buffers:           89248 kB
Cached:           773088 kB
MemTotal:        1844596 kB
MemFree:          628452 kB
MemAvailable:    1466680 kB
Buffers:           89248 kB
Cached:           773088 kB
MemTotal:        1844596 kB
MemFree:          626304 kB
MemAvailable:    1464532 kB
Buffers:           89248 kB
Cached:           773088 kB
MemTotal:        1844596 kB
MemFree:          623392 kB
MemAvailable:    1461620 kB
Buffers:           89248 kB
Cached:           773088 kB
MemTotal:        1844596 kB
MemFree:          620168 kB
MemAvailable:    1458396 kB
Buffers:           89248 kB
Cached:           773088 kB
MemTotal:        1844596 kB
MemFree:          619176 kB
MemAvailable:    1457404 kB
Buffers:           89248 kB
Cached:           773088 kB
MemTotal:        1844596 kB
MemFree:          618620 kB
MemAvailable:    1456848 kB
Buffers:           89248 kB
Cached:           773088 kB
MemTotal:        1844596 kB
MemFree:          617388 kB
MemAvailable:    1455616 kB
Buffers:           89248 kB
Cached:           773088 kB
MemTotal:        1844596 kB
MemFree:          618044 kB
MemAvailable:    1456272 kB
Buffers:           89248 kB
Cached:           773088 kB
MemTotal:        1844596 kB
MemFree:          618380 kB
MemAvailable:    1456608 kB
Buffers:           89248 kB
Cached:           773088 kB
MemTotal:        1844596 kB
MemFree:          618104 kB
MemAvailable:    1456332 kB
Buffers:           89248 kB
Cached:           773088 kB
MemTotal:        1844596 kB
MemFree:          616704 kB
MemAvailable:    1454932 kB
Buffers:           89248 kB
Cached:           773088 kB
MemTotal:        1844596 kB
MemFree:          617300 kB
MemAvailable:    1455532 kB
Buffers:           89248 kB
Cached:           773092 kB
MemTotal:        1844596 kB
MemFree:          617636 kB
MemAvailable:    1455868 kB
Buffers:           89248 kB
Cached:           773092 kB
MemTotal:        1844596 kB
MemFree:          615200 kB
MemAvailable:    1453432 kB
Buffers:           89248 kB
Cached:           773092 kB
MemTotal:        1844596 kB
MemFree:          616192 kB
MemAvailable:    1454424 kB
Buffers:           89248 kB
Cached:           773092 kB
MemTotal:        1844596 kB
MemFree:          614656 kB
MemAvailable:    1452888 kB
Buffers:           89248 kB
Cached:           773092 kB
MemTotal:        1844596 kB
MemFree:          614712 kB
MemAvailable:    1452944 kB
Buffers:           89248 kB
Cached:           773092 kB
MemTotal:        1844596 kB
MemFree:          613332 kB
MemAvailable:    1451564 kB
Buffers:           89248 kB
Cached:           773092 kB
MemTotal:        1844596 kB
MemFree:          613412 kB
MemAvailable:    1451644 kB
Buffers:           89248 kB
Cached:           773092 kB
MemTotal:        1844596 kB
MemFree:          614564 kB
MemAvailable:    1452796 kB
Buffers:           89248 kB
Cached:           773092 kB
MemTotal:        1844596 kB
MemFree:          614712 kB
MemAvailable:    1452944 kB
Buffers:           89248 kB
Cached:           773092 kB
MemTotal:        1844596 kB
MemFree:          613976 kB
MemAvailable:    1452208 kB
Buffers:           89248 kB
Cached:           773092 kB
MemTotal:        1844596 kB
MemFree:          614532 kB
MemAvailable:    1452764 kB
Buffers:           89248 kB
Cached:           773092 kB
MemTotal:        1844596 kB
MemFree:          614784 kB
MemAvailable:    1453016 kB
Buffers:           89248 kB
Cached:           773092 kB
MemTotal:        1844596 kB
MemFree:          613340 kB
MemAvailable:    1451572 kB
Buffers:           89248 kB
Cached:           773092 kB
MemTotal:        1844596 kB
MemFree:          614704 kB
MemAvailable:    1452936 kB
Buffers:           89248 kB
Cached:           773092 kB
MemTotal:        1844596 kB
MemFree:          614840 kB
MemAvailable:    1453072 kB
Buffers:           89248 kB
Cached:           773092 kB
MemTotal:        1844596 kB
MemFree:          614448 kB
MemAvailable:    1452680 kB
Buffers:           89248 kB
Cached:           773092 kB
MemTotal:        1844596 kB
MemFree:          614464 kB
MemAvailable:    1452696 kB
Buffers:           89248 kB
Cached:           773092 kB
MemTotal:        1844596 kB
MemFree:          614460 kB
MemAvailable:    1452692 kB
Buffers:           89248 kB
Cached:           773092 kB
MemTotal:        1844596 kB
MemFree:          612852 kB
MemAvailable:    1451084 kB
Buffers:           89248 kB
Cached:           773092 kB
MemTotal:        1844596 kB
MemFree:          612472 kB
MemAvailable:    1450704 kB
Buffers:           89248 kB
Cached:           773092 kB
MemTotal:        1844596 kB
MemFree:          612780 kB
MemAvailable:    1451012 kB
Buffers:           89248 kB
Cached:           773092 kB
MemTotal:        1844596 kB
MemFree:          611480 kB
MemAvailable:    1449712 kB
Buffers:           89248 kB
Cached:           773092 kB
MemTotal:        1844596 kB
MemFree:          612596 kB
MemAvailable:    1450828 kB
Buffers:           89248 kB
Cached:           773092 kB
MemTotal:        1844596 kB
MemFree:          611488 kB
MemAvailable:    1449720 kB
Buffers:           89248 kB
Cached:           773092 kB
MemTotal:        1844596 kB
MemFree:          611812 kB
MemAvailable:    1450048 kB
Buffers:           89248 kB
Cached:           773096 kB
MemTotal:        1844596 kB
MemFree:          611620 kB
MemAvailable:    1449856 kB
Buffers:           89248 kB
Cached:           773096 kB
MemTotal:        1844596 kB
MemFree:          611728 kB
MemAvailable:    1449964 kB
Buffers:           89248 kB
Cached:           773096 kB
MemTotal:        1844596 kB
MemFree:          610248 kB
MemAvailable:    1448484 kB
Buffers:           89248 kB
Cached:           773096 kB
MemTotal:        1844596 kB
MemFree:          611160 kB
MemAvailable:    1449396 kB
Buffers:           89248 kB
Cached:           773096 kB
MemTotal:        1844596 kB
MemFree:          611100 kB
MemAvailable:    1449336 kB
Buffers:           89248 kB
Cached:           773096 kB
MemTotal:        1844596 kB
MemFree:          611352 kB
MemAvailable:    1449588 kB
Buffers:           89248 kB
Cached:           773096 kB
MemTotal:        1844596 kB
MemFree:          610744 kB
MemAvailable:    1448980 kB
Buffers:           89248 kB
Cached:           773096 kB
MemTotal:        1844596 kB
MemFree:          609620 kB
MemAvailable:    1447856 kB
Buffers:           89248 kB
Cached:           773096 kB
MemTotal:        1844596 kB
MemFree:          610672 kB
MemAvailable:    1448908 kB
Buffers:           89248 kB
Cached:           773096 kB
MemTotal:        1844596 kB
MemFree:          609372 kB
MemAvailable:    1447608 kB
Buffers:           89248 kB
Cached:           773096 kB
MemTotal:        1844596 kB
MemFree:          609620 kB
MemAvailable:    1447856 kB
Buffers:           89248 kB
Cached:           773096 kB
MemTotal:        1844596 kB
MemFree:          610680 kB
MemAvailable:    1448916 kB
Buffers:           89248 kB
Cached:           773096 kB
MemTotal:        1844596 kB
MemFree:          609248 kB
MemAvailable:    1447484 kB
Buffers:           89248 kB
Cached:           773096 kB
MemTotal:        1844596 kB
MemFree:          609372 kB
MemAvailable:    1447608 kB
Buffers:           89248 kB
Cached:           773096 kB
MemTotal:        1844596 kB
MemFree:          609364 kB
MemAvailable:    1447600 kB
Buffers:           89248 kB
Cached:           773096 kB
MemTotal:        1844596 kB
MemFree:          609240 kB
MemAvailable:    1447476 kB
Buffers:           89248 kB
Cached:           773096 kB
MemTotal:        1844596 kB
MemFree:          610432 kB
MemAvailable:    1448668 kB
Buffers:           89248 kB
Cached:           773096 kB
MemTotal:        1844596 kB
MemFree:          610512 kB
MemAvailable:    1448748 kB
Buffers:           89248 kB
Cached:           773096 kB
MemTotal:        1844596 kB
MemFree:          608988 kB
MemAvailable:    1447224 kB
Buffers:           89248 kB
Cached:           773096 kB
MemTotal:        1844596 kB
MemFree:          609080 kB
MemAvailable:    1447316 kB
Buffers:           89248 kB
Cached:           773096 kB
MemTotal:        1844596 kB
MemFree:          610196 kB
MemAvailable:    1448432 kB
Buffers:           89248 kB
Cached:           773096 kB
MemTotal:        1844596 kB
MemFree:          610256 kB
MemAvailable:    1448492 kB
Buffers:           89248 kB
Cached:           773096 kB
MemTotal:        1844596 kB
MemFree:          610100 kB
MemAvailable:    1448340 kB
Buffers:           89248 kB
Cached:           773100 kB
MemTotal:        1844596 kB
MemFree:          608952 kB
MemAvailable:    1447192 kB
Buffers:           89248 kB
Cached:           773100 kB
MemTotal:        1844596 kB
MemFree:          608940 kB
MemAvailable:    1447180 kB
Buffers:           89248 kB
Cached:           773100 kB
MemTotal:        1844596 kB
MemFree:          609008 kB
MemAvailable:    1447248 kB
Buffers:           89248 kB
Cached:           773100 kB
MemTotal:        1844596 kB
MemFree:          610308 kB
MemAvailable:    1448548 kB
Buffers:           89248 kB
Cached:           773100 kB
MemTotal:        1844596 kB
MemFree:          609936 kB
MemAvailable:    1448176 kB
Buffers:           89248 kB
Cached:           773100 kB
MemTotal:        1844596 kB
MemFree:          610272 kB
MemAvailable:    1448512 kB
Buffers:           89248 kB
Cached:           773100 kB
MemTotal:        1844596 kB
MemFree:          610364 kB
MemAvailable:    1448604 kB
Buffers:           89248 kB
Cached:           773100 kB
MemTotal:        1844596 kB
MemFree:          608388 kB
MemAvailable:    1446628 kB
Buffers:           89248 kB
Cached:           773100 kB
MemTotal:        1844596 kB
MemFree:          608684 kB
MemAvailable:    1446924 kB
Buffers:           89248 kB
Cached:           773100 kB
MemTotal:        1844596 kB
MemFree:          608752 kB
MemAvailable:    1446992 kB
Buffers:           89248 kB
Cached:           773100 kB
MemTotal:        1844596 kB
MemFree:          607456 kB
MemAvailable:    1445696 kB
Buffers:           89248 kB
Cached:           773100 kB
MemTotal:        1844596 kB
MemFree:          607024 kB
MemAvailable:    1445264 kB
Buffers:           89248 kB
Cached:           773100 kB
MemTotal:        1844596 kB
MemFree:          606404 kB
MemAvailable:    1444644 kB
Buffers:           89248 kB
Cached:           773100 kB
MemTotal:        1844596 kB
MemFree:          603040 kB
MemAvailable:    1441280 kB
Buffers:           89248 kB
Cached:           773100 kB
MemTotal:        1844596 kB
MemFree:          603056 kB
MemAvailable:    1441296 kB
Buffers:           89248 kB
Cached:           773100 kB
MemTotal:        1844596 kB
MemFree:          599584 kB
MemAvailable:    1437824 kB
Buffers:           89248 kB
Cached:           773100 kB
MemTotal:        1844596 kB
MemFree:          597228 kB
MemAvailable:    1435468 kB
Buffers:           89248 kB
Cached:           773100 kB
MemTotal:        1844596 kB
MemFree:          594756 kB
MemAvailable:    1432996 kB
Buffers:           89248 kB
Cached:           773100 kB
MemTotal:        1844596 kB
MemFree:          592080 kB
MemAvailable:    1430320 kB
Buffers:           89248 kB
Cached:           773100 kB
MemTotal:        1844596 kB
MemFree:          591948 kB
MemAvailable:    1430188 kB
Buffers:           89248 kB
Cached:           773100 kB
MemTotal:        1844596 kB
MemFree:          590508 kB
MemAvailable:    1428748 kB
Buffers:           89248 kB
Cached:           773100 kB
MemTotal:        1844596 kB
MemFree:          590640 kB
MemAvailable:    1428880 kB
Buffers:           89248 kB
Cached:           773100 kB
MemTotal:        1844596 kB
MemFree:          591608 kB
MemAvailable:    1429848 kB
Buffers:           89248 kB
Cached:           773100 kB
MemTotal:        1844596 kB
MemFree:          591944 kB
MemAvailable:    1430184 kB
Buffers:           89248 kB
Cached:           773100 kB
MemTotal:        1844596 kB
MemFree:          591468 kB
MemAvailable:    1429708 kB
Buffers:           89248 kB
Cached:           773100 kB
MemTotal:        1844596 kB
MemFree:          591468 kB
MemAvailable:    1429708 kB
Buffers:           89248 kB
Cached:           773100 kB
MemTotal:        1844596 kB
MemFree:          591504 kB
MemAvailable:    1429744 kB
Buffers:           89248 kB
Cached:           773100 kB
MemTotal:        1844596 kB
MemFree:          591504 kB
MemAvailable:    1429744 kB
Buffers:           89248 kB
Cached:           773100 kB
MemTotal:        1844596 kB
MemFree:          590136 kB
MemAvailable:    1428376 kB
Buffers:           89248 kB
Cached:           773100 kB
MemTotal:        1844596 kB
MemFree:          591520 kB
MemAvailable:    1429760 kB
Buffers:           89248 kB
Cached:           773100 kB
MemTotal:        1844596 kB
MemFree:          591364 kB
MemAvailable:    1429604 kB
Buffers:           89248 kB
Cached:           773100 kB
MemTotal:        1844596 kB
MemFree:          591144 kB
MemAvailable:    1429384 kB
Buffers:           89248 kB
Cached:           773100 kB
MemTotal:        1844596 kB
MemFree:          590968 kB
MemAvailable:    1429208 kB
Buffers:           89248 kB
Cached:           773100 kB
MemTotal:        1844596 kB
MemFree:          589720 kB
MemAvailable:    1427960 kB
Buffers:           89248 kB
Cached:           773100 kB
MemTotal:        1844596 kB
MemFree:          590896 kB
MemAvailable:    1429136 kB
Buffers:           89248 kB
Cached:           773100 kB
MemTotal:        1844596 kB
MemFree:          590572 kB
MemAvailable:    1428812 kB
Buffers:           89248 kB
Cached:           773100 kB
MemTotal:        1844596 kB
MemFree:          590912 kB
MemAvailable:    1429152 kB
Buffers:           89248 kB
Cached:           773100 kB
MemTotal:        1844596 kB
MemFree:          590608 kB
MemAvailable:    1428848 kB
Buffers:           89248 kB
Cached:           773100 kB
MemTotal:        1844596 kB
MemFree:          590788 kB
MemAvailable:    1429028 kB
Buffers:           89248 kB
Cached:           773100 kB
MemTotal:        1844596 kB
MemFree:          589912 kB
MemAvailable:    1428152 kB
Buffers:           89248 kB
Cached:           773100 kB
MemTotal:        1844596 kB
MemFree:          590760 kB
MemAvailable:    1429000 kB
Buffers:           89248 kB
Cached:           773100 kB
MemTotal:        1844596 kB
MemFree:          590676 kB
MemAvailable:    1428916 kB
Buffers:           89248 kB
Cached:           773100 kB
MemTotal:        1844596 kB
MemFree:          590796 kB
MemAvailable:    1429036 kB
Buffers:           89248 kB
Cached:           773100 kB
MemTotal:        1844596 kB
MemFree:          590516 kB
MemAvailable:    1428756 kB
Buffers:           89248 kB
Cached:           773100 kB
MemTotal:        1844596 kB
MemFree:          590852 kB
MemAvailable:    1429092 kB
Buffers:           89248 kB
Cached:           773100 kB
MemTotal:        1844596 kB
MemFree:          589268 kB
MemAvailable:    1427508 kB
Buffers:           89248 kB
Cached:           773100 kB
MemTotal:        1844596 kB
MemFree:          589484 kB
MemAvailable:    1427724 kB
Buffers:           89248 kB
Cached:           773100 kB
MemTotal:        1844596 kB
MemFree:          589476 kB
MemAvailable:    1427716 kB
Buffers:           89248 kB
Cached:           773100 kB
MemTotal:        1844596 kB
MemFree:          590580 kB
MemAvailable:    1428820 kB
Buffers:           89248 kB
Cached:           773100 kB
MemTotal:        1844596 kB
MemFree:          590580 kB
MemAvailable:    1428820 kB
Buffers:           89248 kB
Cached:           773100 kB
MemTotal:        1844596 kB
MemFree:          589276 kB
MemAvailable:    1427516 kB
Buffers:           89248 kB
Cached:           773100 kB
MemTotal:        1844596 kB
MemFree:          589352 kB
MemAvailable:    1427592 kB
Buffers:           89248 kB
Cached:           773100 kB
MemTotal:        1844596 kB
MemFree:          589168 kB
MemAvailable:    1427408 kB
Buffers:           89248 kB
Cached:           773100 kB
MemTotal:        1844596 kB
MemFree:          585308 kB
MemAvailable:    1423548 kB
Buffers:           89248 kB
Cached:           773100 kB
MemTotal:        1844596 kB
MemFree:          584456 kB
MemAvailable:    1422696 kB
Buffers:           89248 kB
Cached:           773100 kB
MemTotal:        1844596 kB
MemFree:          581604 kB
MemAvailable:    1419844 kB
Buffers:           89248 kB
Cached:           773100 kB
MemTotal:        1844596 kB
MemFree:          577620 kB
MemAvailable:    1415860 kB
Buffers:           89248 kB
Cached:           773100 kB
MemTotal:        1844596 kB
MemFree:          575016 kB
MemAvailable:    1413256 kB
Buffers:           89248 kB
Cached:           773100 kB
MemTotal:        1844596 kB
MemFree:          574784 kB
MemAvailable:    1413024 kB
Buffers:           89248 kB
Cached:           773100 kB
MemTotal:        1844596 kB
MemFree:          571436 kB
MemAvailable:    1409676 kB
Buffers:           89248 kB
Cached:           773100 kB
MemTotal:        1844596 kB
MemFree:          572676 kB
MemAvailable:    1410916 kB
Buffers:           89248 kB
Cached:           773100 kB
MemTotal:        1844596 kB
MemFree:          571172 kB
MemAvailable:    1409412 kB
Buffers:           89248 kB
Cached:           773100 kB
MemTotal:        1844596 kB
MemFree:          572536 kB
MemAvailable:    1410776 kB
Buffers:           89248 kB
Cached:           773100 kB
MemTotal:        1844596 kB
MemFree:          571048 kB
MemAvailable:    1409288 kB
Buffers:           89248 kB
Cached:           773100 kB
MemTotal:        1844596 kB
MemFree:          571296 kB
MemAvailable:    1409536 kB
Buffers:           89248 kB
Cached:           773100 kB
MemTotal:        1844596 kB
MemFree:          572364 kB
MemAvailable:    1410604 kB
Buffers:           89248 kB
Cached:           773100 kB
MemTotal:        1844596 kB
MemFree:          571940 kB
MemAvailable:    1410180 kB
Buffers:           89248 kB
Cached:           773100 kB
MemTotal:        1844596 kB
MemFree:          572240 kB
MemAvailable:    1410480 kB
Buffers:           89248 kB
Cached:           773100 kB
MemTotal:        1844596 kB
MemFree:          571508 kB
MemAvailable:    1409748 kB
Buffers:           89248 kB
Cached:           773100 kB
MemTotal:        1844596 kB
MemFree:          572164 kB
MemAvailable:    1410408 kB
Buffers:           89248 kB
Cached:           773104 kB
MemTotal:        1844596 kB
MemFree:          572500 kB
MemAvailable:    1410744 kB
Buffers:           89248 kB
Cached:           773104 kB
MemTotal:        1844596 kB
MemFree:          572296 kB
MemAvailable:    1410540 kB
Buffers:           89248 kB
Cached:           773104 kB
MemTotal:        1844596 kB
MemFree:          572296 kB
MemAvailable:    1410540 kB
Buffers:           89248 kB
Cached:           773104 kB
MemTotal:        1844596 kB
MemFree:          571004 kB
MemAvailable:    1409248 kB
Buffers:           89248 kB
Cached:           773104 kB
MemTotal:        1844596 kB
MemFree:          571128 kB
MemAvailable:    1409372 kB
Buffers:           89248 kB
Cached:           773104 kB
MemTotal:        1844596 kB
MemFree:          572528 kB
MemAvailable:    1410772 kB
Buffers:           89248 kB
Cached:           773104 kB
MemTotal:        1844596 kB
MemFree:          571072 kB
MemAvailable:    1409320 kB
Buffers:           89248 kB
Cached:           773108 kB
MemTotal:        1844596 kB
MemFree:          572364 kB
MemAvailable:    1410612 kB
Buffers:           89248 kB
Cached:           773108 kB
MemTotal:        1844596 kB
MemFree:          571700 kB
MemAvailable:    1409948 kB
Buffers:           89248 kB
Cached:           773108 kB
MemTotal:        1844596 kB
MemFree:          572600 kB
MemAvailable:    1410848 kB
Buffers:           89248 kB
Cached:           773108 kB
MemTotal:        1844596 kB
MemFree:          571188 kB
MemAvailable:    1409436 kB
Buffers:           89248 kB
Cached:           773108 kB
MemTotal:        1844596 kB
MemFree:          572364 kB
MemAvailable:    1410612 kB
Buffers:           89248 kB
Cached:           773108 kB
MemTotal:        1844596 kB
MemFree:          572304 kB
MemAvailable:    1410552 kB
Buffers:           89248 kB
Cached:           773108 kB
MemTotal:        1844596 kB
MemFree:          572428 kB
MemAvailable:    1410676 kB
Buffers:           89248 kB
Cached:           773108 kB
MemTotal:        1844596 kB
MemFree:          571196 kB
MemAvailable:    1409444 kB
Buffers:           89248 kB
Cached:           773108 kB
MemTotal:        1844596 kB
MemFree:          571064 kB
MemAvailable:    1409312 kB
Buffers:           89248 kB
Cached:           773108 kB
MemTotal:        1844596 kB
MemFree:          572428 kB
MemAvailable:    1410676 kB
Buffers:           89248 kB
Cached:           773108 kB
MemTotal:        1844596 kB
MemFree:          572640 kB
MemAvailable:    1410888 kB
Buffers:           89248 kB
Cached:           773108 kB
MemTotal:        1844596 kB
MemFree:          571148 kB
MemAvailable:    1409396 kB
Buffers:           89248 kB
Cached:           773108 kB
MemTotal:        1844596 kB
MemFree:          572324 kB
MemAvailable:    1410572 kB
Buffers:           89248 kB
Cached:           773108 kB
MemTotal:        1844596 kB
MemFree:          572304 kB
MemAvailable:    1410552 kB
Buffers:           89248 kB
Cached:           773108 kB
MemTotal:        1844596 kB
MemFree:          571184 kB
MemAvailable:    1409432 kB
Buffers:           89248 kB
Cached:           773108 kB
MemTotal:        1844596 kB
MemFree:          571052 kB
MemAvailable:    1409300 kB
Buffers:           89248 kB
Cached:           773108 kB
MemTotal:        1844596 kB
MemFree:          572696 kB
MemAvailable:    1410944 kB
Buffers:           89248 kB
Cached:           773108 kB
MemTotal:        1844596 kB
MemFree:          571180 kB
MemAvailable:    1409428 kB
Buffers:           89248 kB
Cached:           773108 kB
MemTotal:        1844596 kB
MemFree:          570824 kB
MemAvailable:    1409072 kB
Buffers:           89248 kB
Cached:           773108 kB
MemTotal:        1844596 kB
MemFree:          567724 kB
MemAvailable:    1405972 kB
Buffers:           89248 kB
Cached:           773108 kB
MemTotal:        1844596 kB
MemFree:          562128 kB
MemAvailable:    1400376 kB
Buffers:           89248 kB
Cached:           773108 kB
MemTotal:        1844596 kB
MemFree:          562216 kB
MemAvailable:    1400464 kB
Buffers:           89248 kB
Cached:           773108 kB
MemTotal:        1844596 kB
MemFree:          555696 kB
MemAvailable:    1393944 kB
Buffers:           89248 kB
Cached:           773108 kB
MemTotal:        1844596 kB
MemFree:          555564 kB
MemAvailable:    1393812 kB
Buffers:           89248 kB
Cached:           773108 kB
MemTotal:        1844596 kB
MemFree:          555252 kB
MemAvailable:    1393500 kB
Buffers:           89248 kB
Cached:           773108 kB
MemTotal:        1844596 kB
MemFree:          553960 kB
MemAvailable:    1392208 kB
Buffers:           89248 kB
Cached:           773108 kB
MemTotal:        1844596 kB
MemFree:          554508 kB
MemAvailable:    1392756 kB
Buffers:           89248 kB
Cached:           773108 kB
MemTotal:        1844596 kB
MemFree:          553224 kB
MemAvailable:    1391348 kB
Buffers:           89248 kB
Cached:           773108 kB
MemTotal:        1844596 kB
MemFree:          553812 kB
MemAvailable:    1392060 kB
Buffers:           89248 kB
Cached:           773108 kB
MemTotal:        1844596 kB
MemFree:          554148 kB
MemAvailable:    1392396 kB
Buffers:           89248 kB
Cached:           773108 kB
MemTotal:        1844596 kB
MemFree:          553964 kB
MemAvailable:    1392212 kB
Buffers:           89248 kB
Cached:           773108 kB
MemTotal:        1844596 kB
MemFree:          554008 kB
MemAvailable:    1392256 kB
Buffers:           89248 kB
Cached:           773108 kB
MemTotal:        1844596 kB
MemFree:          552908 kB
MemAvailable:    1391156 kB
Buffers:           89248 kB
Cached:           773108 kB
MemTotal:        1844596 kB
MemFree:          553764 kB
MemAvailable:    1392012 kB
Buffers:           89248 kB
Cached:           773108 kB
MemTotal:        1844596 kB
MemFree:          553440 kB
MemAvailable:    1391688 kB
Buffers:           89248 kB
Cached:           773108 kB
MemTotal:        1844596 kB
MemFree:          553596 kB
MemAvailable:    1391844 kB
Buffers:           89248 kB
Cached:           773108 kB
MemTotal:        1844596 kB
MemFree:          552176 kB
MemAvailable:    1390424 kB
Buffers:           89248 kB
Cached:           773108 kB
MemTotal:        1844596 kB
MemFree:          553092 kB
MemAvailable:    1391340 kB
Buffers:           89248 kB
Cached:           773108 kB
MemTotal:        1844596 kB
MemFree:          551984 kB
MemAvailable:    1390232 kB
Buffers:           89248 kB
Cached:           773108 kB
MemTotal:        1844596 kB
MemFree:          552324 kB
MemAvailable:    1390572 kB
Buffers:           89248 kB
Cached:           773108 kB
MemTotal:        1844596 kB
MemFree:          551728 kB
MemAvailable:    1389976 kB
Buffers:           89248 kB
Cached:           773108 kB
MemTotal:        1844596 kB
MemFree:          551728 kB
MemAvailable:    1389976 kB
Buffers:           89248 kB
Cached:           773108 kB
MemTotal:        1844596 kB
MemFree:          550604 kB
MemAvailable:    1388852 kB
Buffers:           89248 kB
Cached:           773108 kB
MemTotal:        1844596 kB
MemFree:          550976 kB
MemAvailable:    1389224 kB
Buffers:           89248 kB
Cached:           773108 kB
MemTotal:        1844596 kB
MemFree:          550620 kB
MemAvailable:    1388868 kB
Buffers:           89248 kB
Cached:           773108 kB
MemTotal:        1844596 kB
MemFree:          550240 kB
MemAvailable:    1388488 kB
Buffers:           89248 kB
Cached:           773108 kB
MemTotal:        1844596 kB
MemFree:          548504 kB
MemAvailable:    1386752 kB
Buffers:           89248 kB
Cached:           773108 kB
MemTotal:        1844596 kB
MemFree:          548440 kB
MemAvailable:    1386688 kB
Buffers:           89248 kB
Cached:           773108 kB
MemTotal:        1844596 kB
MemFree:          546892 kB
MemAvailable:    1385140 kB
Buffers:           89248 kB
Cached:           773108 kB
MemTotal:        1844596 kB
MemFree:          547016 kB
MemAvailable:    1385264 kB
Buffers:           89248 kB
Cached:           773108 kB
MemTotal:        1844596 kB
MemFree:          547936 kB
MemAvailable:    1386184 kB
Buffers:           89248 kB
Cached:           773108 kB
MemTotal:        1844596 kB
MemFree:          546892 kB
MemAvailable:    1385140 kB
Buffers:           89248 kB
Cached:           773108 kB
MemTotal:        1844596 kB
MemFree:          547884 kB
MemAvailable:    1386136 kB
Buffers:           89248 kB
Cached:           773112 kB
MemTotal:        1844596 kB
MemFree:          547960 kB
MemAvailable:    1386212 kB
Buffers:           89248 kB
Cached:           773112 kB
MemTotal:        1844596 kB
MemFree:          547936 kB
MemAvailable:    1386188 kB
Buffers:           89248 kB
Cached:           773112 kB
MemTotal:        1844596 kB
MemFree:          546892 kB
MemAvailable:    1385144 kB
Buffers:           89248 kB
Cached:           773112 kB
MemTotal:        1844596 kB
MemFree:          547224 kB
MemAvailable:    1385476 kB
Buffers:           89248 kB
Cached:           773112 kB
MemTotal:        1844596 kB
MemFree:          545288 kB
MemAvailable:    1383540 kB
Buffers:           89248 kB
Cached:           773112 kB
MemTotal:        1844596 kB
MemFree:          546132 kB
MemAvailable:    1384384 kB
Buffers:           89248 kB
Cached:           773112 kB
MemTotal:        1844596 kB
MemFree:          546468 kB
MemAvailable:    1384720 kB
Buffers:           89248 kB
Cached:           773112 kB
MemTotal:        1844596 kB
MemFree:          546092 kB
MemAvailable:    1384344 kB
Buffers:           89248 kB
Cached:           773112 kB
MemTotal:        1844596 kB
MemFree:          546264 kB
MemAvailable:    1384516 kB
Buffers:           89248 kB
Cached:           773112 kB
MemTotal:        1844596 kB
MemFree:          545032 kB
MemAvailable:    1383284 kB
Buffers:           89248 kB
Cached:           773112 kB
MemTotal:        1844596 kB
MemFree:          545108 kB
MemAvailable:    1383360 kB
Buffers:           89248 kB
Cached:           773112 kB
MemTotal:        1844596 kB
MemFree:          544860 kB
MemAvailable:    1383112 kB
Buffers:           89248 kB
Cached:           773112 kB
MemTotal:        1844596 kB
MemFree:          546500 kB
MemAvailable:    1384752 kB
Buffers:           89248 kB
Cached:           773112 kB
MemTotal:        1844596 kB
MemFree:          544984 kB
MemAvailable:    1383236 kB
Buffers:           89248 kB
Cached:           773112 kB
MemTotal:        1844596 kB
MemFree:          544720 kB
MemAvailable:    1382972 kB
Buffers:           89248 kB
Cached:           773112 kB
MemTotal:        1844596 kB
MemFree:          546468 kB
MemAvailable:    1384720 kB
Buffers:           89248 kB
Cached:           773112 kB
MemTotal:        1844596 kB
MemFree:          545528 kB
MemAvailable:    1383780 kB
Buffers:           89248 kB
Cached:           773112 kB
MemTotal:        1844596 kB
MemFree:          546092 kB
MemAvailable:    1384352 kB
Buffers:           89248 kB
Cached:           773120 kB
MemTotal:        1844596 kB
MemFree:          544992 kB
MemAvailable:    1383252 kB
Buffers:           89248 kB
Cached:           773120 kB
MemTotal:        1844596 kB
MemFree:          546292 kB
MemAvailable:    1384552 kB
Buffers:           89248 kB
Cached:           773120 kB
MemTotal:        1844596 kB
MemFree:          545412 kB
MemAvailable:    1383672 kB
Buffers:           89248 kB
Cached:           773120 kB
MemTotal:        1844596 kB
MemFree:          546132 kB
MemAvailable:    1384392 kB
Buffers:           89248 kB
Cached:           773120 kB
MemTotal:        1844596 kB
MemFree:          546384 kB
MemAvailable:    1384644 kB
Buffers:           89248 kB
Cached:           773120 kB
MemTotal:        1844596 kB
MemFree:          546260 kB
MemAvailable:    1384520 kB
Buffers:           89248 kB
Cached:           773120 kB
MemTotal:        1844596 kB
MemFree:          544972 kB
MemAvailable:    1383232 kB
Buffers:           89248 kB
Cached:           773120 kB
MemTotal:        1844596 kB
MemFree:          546184 kB
MemAvailable:    1384444 kB
Buffers:           89248 kB
Cached:           773120 kB
MemTotal:        1844596 kB
MemFree:          545908 kB
MemAvailable:    1384168 kB
Buffers:           89248 kB
Cached:           773120 kB
MemTotal:        1844596 kB
MemFree:          546008 kB
MemAvailable:    1384268 kB
Buffers:           89248 kB
Cached:           773120 kB
MemTotal:        1844596 kB
MemFree:          546344 kB
MemAvailable:    1384604 kB
Buffers:           89248 kB
Cached:           773120 kB
MemTotal:        1844596 kB
MemFree:          544860 kB
MemAvailable:    1383120 kB
Buffers:           89248 kB
Cached:           773120 kB
MemTotal:        1844596 kB
MemFree:          546384 kB
MemAvailable:    1384644 kB
Buffers:           89248 kB
Cached:           773120 kB
MemTotal:        1844596 kB
MemFree:          546232 kB
MemAvailable:    1384492 kB
Buffers:           89248 kB
Cached:           773120 kB
MemTotal:        1844596 kB
MemFree:          545404 kB
MemAvailable:    1383664 kB
Buffers:           89248 kB
Cached:           773120 kB
MemTotal:        1844596 kB
MemFree:          546100 kB
MemAvailable:    1384360 kB
Buffers:           89248 kB
Cached:           773120 kB
MemTotal:        1844596 kB
MemFree:          546356 kB
MemAvailable:    1384616 kB
Buffers:           89248 kB
Cached:           773120 kB
MemTotal:        1844596 kB
MemFree:          546356 kB
MemAvailable:    1384616 kB
Buffers:           89248 kB
Cached:           773120 kB
MemTotal:        1844596 kB
MemFree:          545404 kB
MemAvailable:    1383664 kB
Buffers:           89248 kB
Cached:           773120 kB
MemTotal:        1844596 kB
MemFree:          546016 kB
MemAvailable:    1384276 kB
Buffers:           89248 kB
Cached:           773120 kB
MemTotal:        1844596 kB
MemFree:          546352 kB
MemAvailable:    1384612 kB
Buffers:           89248 kB
Cached:           773120 kB
MemTotal:        1844596 kB
MemFree:          546332 kB
MemAvailable:    1384592 kB
Buffers:           89248 kB
Cached:           773120 kB
MemTotal:        1844596 kB
MemFree:          546476 kB
MemAvailable:    1384736 kB
Buffers:           89248 kB
Cached:           773120 kB
MemTotal:        1844596 kB
MemFree:          545016 kB
MemAvailable:    1383276 kB
Buffers:           89248 kB
Cached:           773120 kB
MemTotal:        1844596 kB
MemFree:          545024 kB
MemAvailable:    1383284 kB
Buffers:           89248 kB
Cached:           773120 kB
MemTotal:        1844596 kB
MemFree:          544992 kB
MemAvailable:    1383252 kB
Buffers:           89248 kB
Cached:           773120 kB
MemTotal:        1844596 kB
MemFree:          546272 kB
MemAvailable:    1384532 kB
Buffers:           89248 kB
Cached:           773120 kB
MemTotal:        1844596 kB
MemFree:          545528 kB
MemAvailable:    1383788 kB
Buffers:           89248 kB
Cached:           773120 kB
MemTotal:        1844596 kB
MemFree:          546052 kB
MemAvailable:    1384316 kB
Buffers:           89248 kB
Cached:           773124 kB
MemTotal:        1844596 kB
MemFree:          546024 kB
MemAvailable:    1384288 kB
Buffers:           89248 kB
Cached:           773124 kB
MemTotal:        1844596 kB
MemFree:          545652 kB
MemAvailable:    1383916 kB
Buffers:           89248 kB
Cached:           773124 kB
MemTotal:        1844596 kB
MemFree:          542116 kB
MemAvailable:    1380380 kB
Buffers:           89248 kB
Cached:           773124 kB
MemTotal:        1844596 kB
MemFree:          541808 kB
MemAvailable:    1380072 kB
Buffers:           89248 kB
Cached:           773124 kB
MemTotal:        1844596 kB
MemFree:          536972 kB
MemAvailable:    1375236 kB
Buffers:           89248 kB
Cached:           773124 kB
MemTotal:        1844596 kB
MemFree:          533120 kB
MemAvailable:    1371384 kB
Buffers:           89248 kB
Cached:           773124 kB
MemTotal:        1844596 kB
MemFree:          530772 kB
MemAvailable:    1369036 kB
Buffers:           89248 kB
Cached:           773124 kB
MemTotal:        1844596 kB
MemFree:          527548 kB
MemAvailable:    1365812 kB
Buffers:           89248 kB
Cached:           773124 kB
MemTotal:        1844596 kB
MemFree:          526864 kB
MemAvailable:    1365128 kB
Buffers:           89248 kB
Cached:           773124 kB
MemTotal:        1844596 kB
MemFree:          525516 kB
MemAvailable:    1363780 kB
Buffers:           89248 kB
Cached:           773124 kB
MemTotal:        1844596 kB
MemFree:          526880 kB
MemAvailable:    1365144 kB
Buffers:           89248 kB
Cached:           773124 kB
MemTotal:        1844596 kB
MemFree:          526888 kB
MemAvailable:    1365152 kB
Buffers:           89248 kB
Cached:           773124 kB
MemTotal:        1844596 kB
MemFree:          525516 kB
MemAvailable:    1363780 kB
Buffers:           89248 kB
Cached:           773124 kB
MemTotal:        1844596 kB
MemFree:          525556 kB
MemAvailable:    1363820 kB
Buffers:           89248 kB
Cached:           773124 kB
MemTotal:        1844596 kB
MemFree:          526920 kB
MemAvailable:    1365184 kB
Buffers:           89248 kB
Cached:           773124 kB
MemTotal:        1844596 kB
MemFree:          525508 kB
MemAvailable:    1363772 kB
Buffers:           89248 kB
Cached:           773124 kB
MemTotal:        1844596 kB
MemFree:          526728 kB
MemAvailable:    1364992 kB
Buffers:           89248 kB
Cached:           773124 kB
MemTotal:        1844596 kB
MemFree:          526848 kB
MemAvailable:    1365112 kB
Buffers:           89248 kB
Cached:           773124 kB
MemTotal:        1844596 kB
MemFree:          525688 kB
MemAvailable:    1363952 kB
Buffers:           89248 kB
Cached:           773124 kB
MemTotal:        1844596 kB
MemFree:          526672 kB
MemAvailable:    1364936 kB
Buffers:           89248 kB
Cached:           773124 kB
MemTotal:        1844596 kB
MemFree:          525440 kB
MemAvailable:    1363704 kB
Buffers:           89248 kB
Cached:           773124 kB
MemTotal:        1844596 kB
MemFree:          525316 kB
MemAvailable:    1363580 kB
Buffers:           89248 kB
Cached:           773124 kB
MemTotal:        1844596 kB
MemFree:          526908 kB
MemAvailable:    1365172 kB
Buffers:           89248 kB
Cached:           773124 kB
MemTotal:        1844596 kB
MemFree:          525688 kB
MemAvailable:    1363952 kB
Buffers:           89248 kB
Cached:           773124 kB
MemTotal:        1844596 kB
MemFree:          526280 kB
MemAvailable:    1364544 kB
Buffers:           89248 kB
Cached:           773124 kB
MemTotal:        1844596 kB
MemFree:          525760 kB
MemAvailable:    1364024 kB
Buffers:           89248 kB
Cached:           773124 kB
MemTotal:        1844596 kB
MemFree:          526168 kB
MemAvailable:    1364432 kB
Buffers:           89248 kB
Cached:           773124 kB
MemTotal:        1844596 kB
MemFree:          526504 kB
MemAvailable:    1364768 kB
Buffers:           89248 kB
Cached:           773124 kB
MemTotal:        1844596 kB
MemFree:          526384 kB
MemAvailable:    1364648 kB
Buffers:           89248 kB
Cached:           773124 kB
MemTotal:        1844596 kB
MemFree:          526636 kB
MemAvailable:    1364900 kB
Buffers:           89248 kB
Cached:           773124 kB
MemTotal:        1844596 kB
MemFree:          525144 kB
MemAvailable:    1363408 kB
Buffers:           89248 kB
Cached:           773124 kB
MemTotal:        1844596 kB
MemFree:          525392 kB
MemAvailable:    1363656 kB
Buffers:           89248 kB
Cached:           773124 kB
MemTotal:        1844596 kB
MemFree:          526120 kB
MemAvailable:    1364384 kB
Buffers:           89248 kB
Cached:           773124 kB
MemTotal:        1844596 kB
MemFree:          525432 kB
MemAvailable:    1363696 kB
Buffers:           89248 kB
Cached:           773124 kB
MemTotal:        1844596 kB
MemFree:          525432 kB
MemAvailable:    1363696 kB
Buffers:           89248 kB
Cached:           773124 kB
MemTotal:        1844596 kB
MemFree:          516636 kB
MemAvailable:    1354900 kB
Buffers:           89248 kB
Cached:           773124 kB
MemTotal:        1844596 kB
MemFree:          515936 kB
MemAvailable:    1354200 kB
Buffers:           89248 kB
Cached:           773124 kB
MemTotal:        1844596 kB
MemFree:          515760 kB
MemAvailable:    1354024 kB
Buffers:           89248 kB
Cached:           773124 kB
MemTotal:        1844596 kB
MemFree:          515504 kB
MemAvailable:    1353768 kB
Buffers:           89248 kB
Cached:           773124 kB
MemTotal:        1844596 kB
MemFree:          515256 kB
MemAvailable:    1353520 kB
Buffers:           89248 kB
Cached:           773124 kB
MemTotal:        1844596 kB
MemFree:          515256 kB
MemAvailable:    1353520 kB
Buffers:           89248 kB
Cached:           773124 kB
MemTotal:        1844596 kB
MemFree:          515124 kB
MemAvailable:    1353388 kB
Buffers:           89248 kB
Cached:           773124 kB
MemTotal:        1844596 kB
MemFree:          516348 kB
MemAvailable:    1354612 kB
Buffers:           89248 kB
Cached:           773124 kB
MemTotal:        1844596 kB
MemFree:          516388 kB
MemAvailable:    1354652 kB
Buffers:           89248 kB
Cached:           773124 kB
MemTotal:        1844596 kB
MemFree:          516184 kB
MemAvailable:    1354448 kB
Buffers:           89248 kB
Cached:           773124 kB
MemTotal:        1844596 kB
MemFree:          516076 kB
MemAvailable:    1354424 kB
Buffers:           89248 kB
Cached:           773248 kB
MemTotal:        1844596 kB
MemFree:          515156 kB
MemAvailable:    1353588 kB
Buffers:           89248 kB
Cached:           773248 kB
MemTotal:        1844596 kB
MemFree:          516100 kB
MemAvailable:    1354616 kB
Buffers:           89248 kB
Cached:           773372 kB
MemTotal:        1844596 kB
MemFree:          515156 kB
MemAvailable:    1353808 kB
Buffers:           89248 kB
Cached:           773512 kB
MemTotal:        1844596 kB
MemFree:          514652 kB
MemAvailable:    1353388 kB
Buffers:           89248 kB
Cached:           773636 kB
MemTotal:        1844596 kB
MemFree:          514396 kB
MemAvailable:    1353216 kB
Buffers:           89248 kB
Cached:           773636 kB
MemTotal:        1844596 kB
MemFree:          515620 kB
MemAvailable:    1354440 kB
Buffers:           89248 kB
Cached:           773760 kB
MemTotal:        1844596 kB
MemFree:          514264 kB
MemAvailable:    1353084 kB
Buffers:           89248 kB
Cached:           773760 kB
MemTotal:        1844596 kB
MemFree:          515440 kB
MemAvailable:    1354344 kB
Buffers:           89248 kB
Cached:           773760 kB
MemTotal:        1844596 kB
MemFree:          514388 kB
MemAvailable:    1353292 kB
Buffers:           89248 kB
Cached:           773760 kB
MemTotal:        1844596 kB
MemFree:          514900 kB
MemAvailable:    1353804 kB
Buffers:           89248 kB
Cached:           773760 kB
MemTotal:        1844596 kB
MemFree:          515376 kB
MemAvailable:    1354280 kB
Buffers:           89248 kB
Cached:           773760 kB
MemTotal:        1844596 kB
MemFree:          515632 kB
MemAvailable:    1354536 kB
Buffers:           89248 kB
Cached:           773760 kB
MemTotal:        1844596 kB
MemFree:          514136 kB
MemAvailable:    1353040 kB
Buffers:           89248 kB
Cached:           773760 kB
MemTotal:        1844596 kB
MemFree:          515604 kB
MemAvailable:    1354676 kB
Buffers:           89248 kB
Cached:           774008 kB
MemTotal:        1844596 kB
MemFree:          515140 kB
MemAvailable:    1353456 kB
Buffers:           89248 kB
Cached:           773168 kB
MemTotal:        1844596 kB
MemFree:          514712 kB
MemAvailable:    1353028 kB
Buffers:           89248 kB
Cached:           773168 kB
MemTotal:        1844596 kB
MemFree:          598492 kB
MemAvailable:    1436808 kB
Buffers:           89248 kB
Cached:           773168 kB
MemTotal:        1844596 kB
MemFree:          706712 kB
MemAvailable:    1545028 kB
Buffers:           89248 kB
Cached:           773168 kB
