MemTotal:        1844596 kB
MemFree:          263652 kB
MemAvailable:    1544448 kB
Buffers:          101392 kB
Cached:          1198652 kB
MemTotal:        1844596 kB
MemFree:          236396 kB
MemAvailable:    1517200 kB
Buffers:          101392 kB
Cached:          1198656 kB
MemTotal:        1844596 kB
MemFree:          234908 kB
MemAvailable:    1515712 kB
Buffers:          101392 kB
Cached:          1198656 kB
MemTotal:        1844596 kB
MemFree:          234404 kB
MemAvailable:    1515208 kB
Buffers:          101392 kB
Cached:          1198656 kB
MemTotal:        1844596 kB
MemFree:          231436 kB
MemAvailable:    1512240 kB
Buffers:          101392 kB
Cached:          1198656 kB
MemTotal:        1844596 kB
MemFree:          232412 kB
MemAvailable:    1513216 kB
Buffers:          101392 kB
Cached:          1198656 kB
MemTotal:        1844596 kB
MemFree:          232496 kB
MemAvailable:    1513300 kB
Buffers:          101392 kB
Cached:          1198656 kB
MemTotal:        1844596 kB
MemFree:          228576 kB
MemAvailable:    1509380 kB
Buffers:          101392 kB
Cached:          1198656 kB
MemTotal:        1844596 kB
MemFree:          226600 kB
MemAvailable:    1507404 kB
Buffers:          101392 kB
Cached:          1198656 kB
MemTotal:        1844596 kB
MemFree:          222632 kB
MemAvailable:    1503436 kB
Buffers:          101392 kB
Cached:          1198656 kB
MemTotal:        1844596 kB
MemFree:          220400 kB
MemAvailable:    1501204 kB
Buffers:          101392 kB
Cached:          1198656 kB
MemTotal:        1844596 kB
MemFree:          222632 kB
MemAvailable:    1503436 kB
Buffers:          101392 kB
Cached:          1198656 kB
MemTotal:        1844596 kB
MemFree:          222576 kB
MemAvailable:    1503380 kB
Buffers:          101392 kB
Cached:          1198656 kB
MemTotal:        1844596 kB
MemFree:          223684 kB
MemAvailable:    1504488 kB
Buffers:          101392 kB
Cached:          1198656 kB
MemTotal:        1844596 kB
MemFree:          223684 kB
MemAvailable:    1504488 kB
Buffers:          101392 kB
Cached:          1198656 kB
MemTotal:        1844596 kB
MemFree:          223496 kB
MemAvailable:    1504300 kB
Buffers:          101392 kB
Cached:          1198656 kB
MemTotal:        1844596 kB
MemFree:          222204 kB
MemAvailable:    1503008 kB
Buffers:          101392 kB
Cached:          1198656 kB
MemTotal:        1844596 kB
MemFree:          222328 kB
MemAvailable:    1503132 kB
Buffers:          101392 kB
Cached:          1198656 kB
MemTotal:        1844596 kB
MemFree:          223372 kB
MemAvailable:    1504176 kB
Buffers:          101392 kB
Cached:          1198656 kB
MemTotal:        1844596 kB
MemFree:          223348 kB
MemAvailable:    1504152 kB
Buffers:          101392 kB
Cached:          1198656 kB
MemTotal:        1844596 kB
MemFree:          222384 kB
MemAvailable:    1503188 kB
Buffers:          101392 kB
Cached:          1198656 kB
MemTotal:        1844596 kB
MemFree:          223500 kB
MemAvailable:    1504304 kB
Buffers:          101392 kB
Cached:          1198656 kB
MemTotal:        1844596 kB
MemFree:          222740 kB
MemAvailable:    1503544 kB
Buffers:          101392 kB
Cached:          1198656 kB
MemTotal:        1844596 kB
MemFree:          222632 kB
MemAvailable:    1503436 kB
Buffers:          101392 kB
Cached:          1198656 kB
MemTotal:        1844596 kB
MemFree:          222628 kB
MemAvailable:    1503432 kB
Buffers:          101392 kB
Cached:          1198656 kB
MemTotal:        1844596 kB
MemFree:          221328 kB
MemAvailable:    1502132 kB
Buffers:          101392 kB
Cached:          1198656 kB
MemTotal:        1844596 kB
MemFree:          221072 kB
MemAvailable:    1501876 kB
Buffers:          101392 kB
Cached:          1198656 kB
MemTotal:        1844596 kB
MemFree:          222004 kB
MemAvailable:    1502808 kB
Buffers:          101392 kB
Cached:          1198656 kB
MemTotal:        1844596 kB
MemFree:          222004 kB
MemAvailable:    1502808 kB
Buffers:          101392 kB
Cached:          1198656 kB
MemTotal:        1844596 kB
MemFree:          221436 kB
MemAvailable:    1502240 kB
Buffers:          101392 kB
Cached:          1198656 kB
MemTotal:        1844596 kB
MemFree:          220880 kB
MemAvailable:    1501684 kB
Buffers:          101392 kB
Cached:          1198656 kB
MemTotal:        1844596 kB
MemFree:          221020 kB
MemAvailable:    1501824 kB
Buffers:          101392 kB
Cached:          1198656 kB
MemTotal:        1844596 kB
MemFree:          219516 kB
MemAvailable:    1500320 kB
Buffers:          101392 kB
Cached:          1198656 kB
MemTotal:        1844596 kB
MemFree:          219640 kB
MemAvailable:    1500444 kB
Buffers:          101392 kB
Cached:          1198656 kB
MemTotal:        1844596 kB
MemFree:          220880 kB
MemAvailable:    1501684 kB
Buffers:          101392 kB
Cached:          1198656 kB
MemTotal:        1844596 kB
MemFree:          221104 kB
MemAvailable:    1501908 kB
Buffers:          101392 kB
Cached:          1198656 kB
MemTotal:        1844596 kB
MemFree:          219580 kB
MemAvailable:    1500384 kB
Buffers:          101392 kB
Cached:          1198656 kB
MemTotal:        1844596 kB
MemFree:          220028 kB
MemAvailable:    1500832 kB
Buffers:          101392 kB
Cached:          1198656 kB
MemTotal:        1844596 kB
MemFree:          220800 kB
MemAvailable:    1501608 kB
Buffers:          101392 kB
Cached:          1198660 kB
MemTotal:        1844596 kB
MemFree:          221020 kB
MemAvailable:    1501828 kB
Buffers:          101392 kB
Cached:          1198660 kB
MemTotal:        1844596 kB
MemFree:          217920 kB
MemAvailable:    1498728 kB
Buffers:          101392 kB
Cached:          1198660 kB
MemTotal:        1844596 kB
MemFree:          215872 kB
MemAvailable:    1496680 kB
Buffers:          101392 kB
Cached:          1198660 kB
MemTotal:        1844596 kB
MemFree:          214448 kB
MemAvailable:    1495256 kB
Buffers:          101392 kB
Cached:          1198660 kB
MemTotal:        1844596 kB
MemFree:          214448 kB
MemAvailable:    1495256 kB
Buffers:          101392 kB
Cached:          1198660 kB
MemTotal:        1844596 kB
MemFree:          215748 kB
MemAvailable:    1496556 kB
Buffers:          101392 kB
Cached:          1198660 kB
MemTotal:        1844596 kB
MemFree:          215292 kB
MemAvailable:    1496100 kB
Buffers:          101392 kB
Cached:          1198660 kB
MemTotal:        1844596 kB
MemFree:          215376 kB
MemAvailable:    1496184 kB
Buffers:          101392 kB
Cached:          1198660 kB
MemTotal:        1844596 kB
MemFree:          215188 kB
MemAvailable:    1495996 kB
Buffers:          101392 kB
Cached:          1198660 kB
MemTotal:        1844596 kB
MemFree:          214056 kB
MemAvailable:    1494864 kB
Buffers:          101392 kB
Cached:          1198660 kB
MemTotal:        1844596 kB
MemFree:          213924 kB
MemAvailable:    1494732 kB
Buffers:          101392 kB
Cached:          1198660 kB
MemTotal:        1844596 kB
MemFree:          214992 kB
MemAvailable:    1495800 kB
Buffers:          101392 kB
Cached:          1198660 kB
MemTotal:        1844596 kB
MemFree:          215076 kB
MemAvailable:    1495884 kB
Buffers:          101392 kB
Cached:          1198660 kB
MemTotal:        1844596 kB
MemFree:          215192 kB
MemAvailable:    1496000 kB
Buffers:          101392 kB
Cached:          1198660 kB
MemTotal:        1844596 kB
MemFree:          215020 kB
MemAvailable:    1495828 kB
Buffers:          101392 kB
Cached:          1198660 kB
MemTotal:        1844596 kB
MemFree:          214456 kB
MemAvailable:    1495264 kB
Buffers:          101392 kB
Cached:          1198660 kB
MemTotal:        1844596 kB
MemFree:          215068 kB
MemAvailable:    1495876 kB
Buffers:          101392 kB
Cached:          1198660 kB
MemTotal:        1844596 kB
MemFree:          211456 kB
MemAvailable:    1492264 kB
Buffers:          101392 kB
Cached:          1198660 kB
MemTotal:        1844596 kB
MemFree:          211420 kB
MemAvailable:    1492228 kB
Buffers:          101392 kB
Cached:          1198660 kB
MemTotal:        1844596 kB
MemFree:          208116 kB
MemAvailable:    1488924 kB
Buffers:          101392 kB
Cached:          1198660 kB
MemTotal:        1844596 kB
MemFree:          208000 kB
MemAvailable:    1488808 kB
Buffers:          101392 kB
Cached:          1198660 kB
MemTotal:        1844596 kB
MemFree:          207496 kB
MemAvailable:    1488304 kB
Buffers:          101392 kB
Cached:          1198660 kB
MemTotal:        1844596 kB
MemFree:          207264 kB
MemAvailable:    1488072 kB
Buffers:          101392 kB
Cached:          1198660 kB
MemTotal:        1844596 kB
MemFree:          207184 kB
MemAvailable:    1487992 kB
Buffers:          101392 kB
Cached:          1198660 kB
MemTotal:        1844596 kB
MemFree:          206572 kB
MemAvailable:    1487380 kB
Buffers:          101392 kB
Cached:          1198660 kB
MemTotal:        1844596 kB
MemFree:          205528 kB
MemAvailable:    1486336 kB
Buffers:          101392 kB
Cached:          1198660 kB
MemTotal:        1844596 kB
MemFree:          206248 kB
MemAvailable:    1487056 kB
Buffers:          101392 kB
Cached:          1198660 kB
MemTotal:        1844596 kB
MemFree:          206584 kB
MemAvailable:    1487392 kB
Buffers:          101392 kB
Cached:          1198660 kB
MemTotal:        1844596 kB
MemFree:          206200 kB
MemAvailable:    1487008 kB
Buffers:          101392 kB
Cached:          1198660 kB
MemTotal:        1844596 kB
MemFree:          206452 kB
MemAvailable:    1487260 kB
Buffers:          101392 kB
Cached:          1198660 kB
MemTotal:        1844596 kB
MemFree:          206376 kB
MemAvailable:    1487184 kB
Buffers:          101392 kB
Cached:          1198660 kB
MemTotal:        1844596 kB
MemFree:          206264 kB
MemAvailable:    1487072 kB
Buffers:          101392 kB
Cached:          1198660 kB
MemTotal:        1844596 kB
MemFree:          205900 kB
MemAvailable:    1486708 kB
Buffers:          101392 kB
Cached:          1198660 kB
MemTotal:        1844596 kB
MemFree:          206124 kB
MemAvailable:    1486932 kB
Buffers:          101392 kB
Cached:          1198660 kB
MemTotal:        1844596 kB
MemFree:          206460 kB
MemAvailable:    1487268 kB
Buffers:          101392 kB
Cached:          1198660 kB
MemTotal:        1844596 kB
MemFree:          204976 kB
MemAvailable:    1485784 kB
Buffers:          101392 kB
Cached:          1198660 kB
MemTotal:        1844596 kB
MemFree:          205136 kB
MemAvailable:    1485944 kB
Buffers:          101392 kB
Cached:          1198660 kB
MemTotal:        1844596 kB
MemFree:          206192 kB
MemAvailable:    1487000 kB
Buffers:          101392 kB
Cached:          1198660 kB
MemTotal:        1844596 kB
MemFree:          206060 kB
MemAvailable:    1486868 kB
Buffers:          101392 kB
Cached:          1198660 kB
MemTotal:        1844596 kB
MemFree:          205148 kB
MemAvailable:    1485956 kB
Buffers:          101392 kB
Cached:          1198660 kB
MemTotal:        1844596 kB
MemFree:          206348 kB
MemAvailable:    1487160 kB
Buffers:          101392 kB
Cached:          1198664 kB
MemTotal:        1844596 kB
MemFree:          205016 kB
MemAvailable:    1485828 kB
Buffers:          101392 kB
Cached:          1198664 kB
MemTotal:        1844596 kB
MemFree:          204736 kB
MemAvailable:    1485548 kB
Buffers:          101392 kB
Cached:          1198664 kB
MemTotal:        1844596 kB
MemFree:          206028 kB
MemAvailable:    1486840 kB
Buffers:          101392 kB
Cached:          1198664 kB
MemTotal:        1844596 kB
MemFree:          205024 kB
MemAvailable:    1485836 kB
Buffers:          101392 kB
Cached:          1198664 kB
MemTotal:        1844596 kB
MemFree:          202356 kB
MemAvailable:    1483168 kB
Buffers:          101392 kB
Cached:          1198664 kB
MemTotal:        1844596 kB
MemFree:          200244 kB
MemAvailable:    1481056 kB
Buffers:          101392 kB
Cached:          1198664 kB
MemTotal:        1844596 kB
MemFree:          198452 kB
MemAvailable:    1479264 kB
Buffers:          101392 kB
Cached:          1198664 kB
MemTotal:        1844596 kB
MemFree:          197652 kB
MemAvailable:    1478464 kB
Buffers:          101392 kB
Cached:          1198664 kB
MemTotal:        1844596 kB
MemFree:          197336 kB
MemAvailable:    1478148 kB
Buffers:          101392 kB
Cached:          1198664 kB
MemTotal:        1844596 kB
MemFree:          196288 kB
MemAvailable:    1477100 kB
Buffers:          101392 kB
Cached:          1198664 kB
MemTotal:        1844596 kB
MemFree:          196280 kB
MemAvailable:    1477092 kB
Buffers:          101392 kB
Cached:          1198664 kB
MemTotal:        1844596 kB
MemFree:          196404 kB
MemAvailable:    1477216 kB
Buffers:          101392 kB
Cached:          1198664 kB
MemTotal:        1844596 kB
MemFree:          196412 kB
MemAvailable:    1477224 kB
Buffers:          101392 kB
Cached:          1198664 kB
MemTotal:        1844596 kB
MemFree:          196404 kB
MemAvailable:    1477216 kB
Buffers:          101392 kB
Cached:          1198664 kB
MemTotal:        1844596 kB
MemFree:          196404 kB
MemAvailable:    1477216 kB
Buffers:          101392 kB
Cached:          1198664 kB
MemTotal:        1844596 kB
MemFree:          197448 kB
MemAvailable:    1478260 kB
Buffers:          101392 kB
Cached:          1198664 kB
MemTotal:        1844596 kB
MemFree:          196344 kB
MemAvailable:    1477156 kB
Buffers:          101392 kB
Cached:          1198664 kB
MemTotal:        1844596 kB
MemFree:          197060 kB
MemAvailable:    1477872 kB
Buffers:          101392 kB
Cached:          1198664 kB
MemTotal:        1844596 kB
MemFree:          195836 kB
MemAvailable:    1476648 kB
Buffers:          101392 kB
Cached:          1198664 kB
MemTotal:        1844596 kB
MemFree:          195960 kB
MemAvailable:    1476772 kB
Buffers:          101392 kB
Cached:          1198664 kB
MemTotal:        1844596 kB
MemFree:          196084 kB
MemAvailable:    1476896 kB
Buffers:          101392 kB
Cached:          1198664 kB
MemTotal:        1844596 kB
MemFree:          195912 kB
MemAvailable:    1476724 kB
Buffers:          101392 kB
Cached:          1198664 kB
MemTotal:        1844596 kB
MemFree:          197312 kB
MemAvailable:    1478124 kB
Buffers:          101392 kB
Cached:          1198664 kB
MemTotal:        1844596 kB
MemFree:          197564 kB
MemAvailable:    1478376 kB
Buffers:          101392 kB
Cached:          1198664 kB
MemTotal:        1844596 kB
MemFree:          197288 kB
MemAvailable:    1478100 kB
Buffers:          101392 kB
Cached:          1198664 kB
MemTotal:        1844596 kB
MemFree:          197344 kB
MemAvailable:    1478156 kB
Buffers:          101392 kB
Cached:          1198664 kB
MemTotal:        1844596 kB
MemFree:          196600 kB
MemAvailable:    1477412 kB
Buffers:          101392 kB
Cached:          1198664 kB
MemTotal:        1844596 kB
MemFree:          197328 kB
MemAvailable:    1478140 kB
Buffers:          101392 kB
Cached:          1198664 kB
MemTotal:        1844596 kB
MemFree:          197540 kB
MemAvailable:    1478352 kB
Buffers:          101392 kB
Cached:          1198664 kB
MemTotal:        1844596 kB
MemFree:          197156 kB
MemAvailable:    1477968 kB
Buffers:          101392 kB
Cached:          1198664 kB
MemTotal:        1844596 kB
MemFree:          196592 kB
MemAvailable:    1477404 kB
Buffers:          101392 kB
Cached:          1198664 kB
MemTotal:        1844596 kB
MemFree:          197440 kB
MemAvailable:    1478252 kB
Buffers:          101392 kB
Cached:          1198664 kB
MemTotal:        1844596 kB
MemFree:          196600 kB
MemAvailable:    1477412 kB
Buffers:          101392 kB
Cached:          1198664 kB
MemTotal:        1844596 kB
MemFree:          197072 kB
MemAvailable:    1477888 kB
Buffers:          101392 kB
Cached:          1198668 kB
MemTotal:        1844596 kB
MemFree:          197408 kB
MemAvailable:    1478224 kB
Buffers:          101392 kB
Cached:          1198668 kB
MemTotal:        1844596 kB
MemFree:          197204 kB
MemAvailable:    1478020 kB
Buffers:          101392 kB
Cached:          1198668 kB
MemTotal:        1844596 kB
MemFree:          197220 kB
MemAvailable:    1478036 kB
Buffers:          101392 kB
Cached:          1198668 kB
MemTotal:        1844596 kB
MemFree:          197132 kB
MemAvailable:    1477948 kB
Buffers:          101392 kB
Cached:          1198668 kB
MemTotal:        1844596 kB
MemFree:          195956 kB
MemAvailable:    1476772 kB
Buffers:          101392 kB
Cached:          1198668 kB
MemTotal:        1844596 kB
MemFree:          197148 kB
MemAvailable:    1477964 kB
Buffers:          101392 kB
Cached:          1198668 kB
MemTotal:        1844596 kB
MemFree:          197400 kB
MemAvailable:    1478216 kB
Buffers:          101392 kB
Cached:          1198668 kB
MemTotal:        1844596 kB
MemFree:          197156 kB
MemAvailable:    1477972 kB
Buffers:          101392 kB
Cached:          1198668 kB
MemTotal:        1844596 kB
MemFree:          194920 kB
MemAvailable:    1475736 kB
Buffers:          101392 kB
Cached:          1198668 kB
MemTotal:        1844596 kB
MemFree:          191580 kB
MemAvailable:    1472396 kB
Buffers:          101392 kB
Cached:          1198668 kB
MemTotal:        1844596 kB
MemFree:          188956 kB
MemAvailable:    1469772 kB
Buffers:          101392 kB
Cached:          1198668 kB
MemTotal:        1844596 kB
MemFree:          186540 kB
MemAvailable:    1467356 kB
Buffers:          101392 kB
Cached:          1198668 kB
MemTotal:        1844596 kB
MemFree:          186876 kB
MemAvailable:    1467692 kB
Buffers:          101392 kB
Cached:          1198668 kB
MemTotal:        1844596 kB
MemFree:          186492 kB
MemAvailable:    1467308 kB
Buffers:          101392 kB
Cached:          1198668 kB
MemTotal:        1844596 kB
MemFree:          186432 kB
MemAvailable:    1467248 kB
Buffers:          101392 kB
Cached:          1198668 kB
MemTotal:        1844596 kB
MemFree:          186236 kB
MemAvailable:    1467052 kB
Buffers:          101392 kB
Cached:          1198668 kB
MemTotal:        1844596 kB
MemFree:          185804 kB
MemAvailable:    1466620 kB
Buffers:          101392 kB
Cached:          1198668 kB
MemTotal:        1844596 kB
MemFree:          186328 kB
MemAvailable:    1467144 kB
Buffers:          101392 kB
Cached:          1198668 kB
MemTotal:        1844596 kB
MemFree:          186424 kB
MemAvailable:    1467240 kB
Buffers:          101392 kB
Cached:          1198668 kB
MemTotal:        1844596 kB
MemFree:          185296 kB
MemAvailable:    1466112 kB
Buffers:          101392 kB
Cached:          1198668 kB
MemTotal:        1844596 kB
MemFree:          186632 kB
MemAvailable:    1467448 kB
Buffers:          101392 kB
Cached:          1198668 kB
MemTotal:        1844596 kB
MemFree:          186520 kB
MemAvailable:    1467336 kB
Buffers:          101392 kB
Cached:          1198668 kB
MemTotal:        1844596 kB
MemFree:          186400 kB
MemAvailable:    1467216 kB
Buffers:          101392 kB
Cached:          1198668 kB
MemTotal:        1844596 kB
MemFree:          186308 kB
MemAvailable:    1467124 kB
Buffers:          101392 kB
Cached:          1198668 kB
MemTotal:        1844596 kB
MemFree:          185176 kB
MemAvailable:    1465992 kB
Buffers:          101392 kB
Cached:          1198668 kB
MemTotal:        1844596 kB
MemFree:          186500 kB
MemAvailable:    1467316 kB
Buffers:          101392 kB
Cached:          1198668 kB
MemTotal:        1844596 kB
MemFree:          185172 kB
MemAvailable:    1465988 kB
Buffers:          101392 kB
Cached:          1198668 kB
MemTotal:        1844596 kB
MemFree:          185048 kB
MemAvailable:    1465864 kB
Buffers:          101392 kB
Cached:          1198668 kB
MemTotal:        1844596 kB
MemFree:          186404 kB
MemAvailable:    1467220 kB
Buffers:          101392 kB
Cached:          1198668 kB
MemTotal:        1844596 kB
MemFree:          186268 kB
MemAvailable:    1467084 kB
Buffers:          101392 kB
Cached:          1198668 kB
MemTotal:        1844596 kB
MemFree:          186520 kB
MemAvailable:    1467336 kB
Buffers:          101392 kB
Cached:          1198668 kB
MemTotal:        1844596 kB
MemFree:          186528 kB
MemAvailable:    1467344 kB
Buffers:          101392 kB
Cached:          1198668 kB
MemTotal:        1844596 kB
MemFree:          186336 kB
MemAvailable:    1467152 kB
Buffers:          101392 kB
Cached:          1198668 kB
MemTotal:        1844596 kB
MemFree:          186680 kB
MemAvailable:    1467496 kB
Buffers:          101392 kB
Cached:          1198668 kB
MemTotal:        1844596 kB
MemFree:          185136 kB
MemAvailable:    1465952 kB
Buffers:          101392 kB
Cached:          1198668 kB
MemTotal:        1844596 kB
MemFree:          186244 kB
MemAvailable:    1467060 kB
Buffers:          101392 kB
Cached:          1198668 kB
MemTotal:        1844596 kB
MemFree:          185760 kB
MemAvailable:    1466576 kB
Buffers:          101392 kB
Cached:          1198668 kB
MemTotal:        1844596 kB
MemFree:          186664 kB
MemAvailable:    1467488 kB
Buffers:          101392 kB
Cached:          1198676 kB
MemTotal:        1844596 kB
MemFree:          186664 kB
MemAvailable:    1467488 kB
Buffers:          101392 kB
Cached:          1198676 kB
MemTotal:        1844596 kB
MemFree:          186376 kB
MemAvailable:    1467200 kB
Buffers:          101392 kB
Cached:          1198676 kB
MemTotal:        1844596 kB
MemFree:          185376 kB
MemAvailable:    1466200 kB
Buffers:          101392 kB
Cached:          1198676 kB
MemTotal:        1844596 kB
MemFree:          185172 kB
MemAvailable:    1465996 kB
Buffers:          101392 kB
Cached:          1198676 kB
MemTotal:        1844596 kB
MemFree:          185296 kB
MemAvailable:    1466120 kB
Buffers:          101392 kB
Cached:          1198676 kB
MemTotal:        1844596 kB
MemFree:          185296 kB
MemAvailable:    1466120 kB
Buffers:          101392 kB
Cached:          1198676 kB
MemTotal:        1844596 kB
MemFree:          186400 kB
MemAvailable:    1467224 kB
Buffers:          101392 kB
Cached:          1198676 kB
MemTotal:        1844596 kB
MemFree:          186652 kB
MemAvailable:    1467476 kB
Buffers:          101392 kB
Cached:          1198676 kB
MemTotal:        1844596 kB
MemFree:          186292 kB
MemAvailable:    1467116 kB
Buffers:          101392 kB
Cached:          1198676 kB
MemTotal:        1844596 kB
MemFree:          186408 kB
MemAvailable:    1467232 kB
Buffers:          101392 kB
Cached:          1198676 kB
MemTotal:        1844596 kB
MemFree:          186408 kB
MemAvailable:    1467232 kB
Buffers:          101392 kB
Cached:          1198676 kB
MemTotal:        1844596 kB
MemFree:          184920 kB
MemAvailable:    1465744 kB
Buffers:          101392 kB
Cached:          1198676 kB
MemTotal:        1844596 kB
MemFree:          185044 kB
MemAvailable:    1465868 kB
Buffers:          101392 kB
Cached:          1198676 kB
MemTotal:        1844596 kB
MemFree:          186396 kB
MemAvailable:    1467220 kB
Buffers:          101392 kB
Cached:          1198676 kB
MemTotal:        1844596 kB
MemFree:          186480 kB
MemAvailable:    1467304 kB
Buffers:          101392 kB
Cached:          1198676 kB
MemTotal:        1844596 kB
MemFree:          185004 kB
MemAvailable:    1465828 kB
Buffers:          101392 kB
Cached:          1198676 kB
MemTotal:        1844596 kB
MemFree:          185128 kB
MemAvailable:    1465952 kB
Buffers:          101396 kB
Cached:          1198672 kB
MemTotal:        1844596 kB
MemFree:          186368 kB
MemAvailable:    1467192 kB
Buffers:          101396 kB
Cached:          1198672 kB
MemTotal:        1844596 kB
MemFree:          184864 kB
MemAvailable:    1465688 kB
Buffers:          101396 kB
Cached:          1198672 kB
MemTotal:        1844596 kB
MemFree:          186228 kB
MemAvailable:    1467052 kB
Buffers:          101396 kB
Cached:          1198672 kB
MemTotal:        1844596 kB
MemFree:          185888 kB
MemAvailable:    1466712 kB
Buffers:          101396 kB
Cached:          1198672 kB
MemTotal:        1844596 kB
MemFree:          184316 kB
MemAvailable:    1465140 kB
Buffers:          101396 kB
Cached:          1198672 kB
MemTotal:        1844596 kB
MemFree:          185300 kB
MemAvailable:    1466124 kB
Buffers:          101396 kB
Cached:          1198672 kB
MemTotal:        1844596 kB
MemFree:          184184 kB
MemAvailable:    1465008 kB
Buffers:          101396 kB
Cached:          1198672 kB
MemTotal:        1844596 kB
MemFree:          185168 kB
MemAvailable:    1465992 kB
Buffers:          101396 kB
Cached:          1198672 kB
MemTotal:        1844596 kB
MemFree:          183944 kB
MemAvailable:    1464768 kB
Buffers:          101396 kB
Cached:          1198672 kB
MemTotal:        1844596 kB
MemFree:          185136 kB
MemAvailable:    1465960 kB
Buffers:          101396 kB
Cached:          1198672 kB
MemTotal:        1844596 kB
MemFree:          184820 kB
MemAvailable:    1465644 kB
Buffers:          101396 kB
Cached:          1198672 kB
MemTotal:        1844596 kB
MemFree:          185044 kB
MemAvailable:    1465868 kB
Buffers:          101396 kB
Cached:          1198672 kB
MemTotal:        1844596 kB
MemFree:          185060 kB
MemAvailable:    1465884 kB
Buffers:          101396 kB
Cached:          1198672 kB
MemTotal:        1844596 kB
MemFree:          185232 kB
MemAvailable:    1466056 kB
Buffers:          101396 kB
Cached:          1198672 kB
MemTotal:        1844596 kB
MemFree:          184976 kB
MemAvailable:    1465800 kB
Buffers:          101396 kB
Cached:          1198672 kB
MemTotal:        1844596 kB
MemFree:          184736 kB
MemAvailable:    1465560 kB
Buffers:          101396 kB
Cached:          1198672 kB
MemTotal:        1844596 kB
MemFree:          184988 kB
MemAvailable:    1465812 kB
Buffers:          101396 kB
Cached:          1198672 kB
MemTotal:        1844596 kB
MemFree:          184700 kB
MemAvailable:    1465524 kB
Buffers:          101396 kB
Cached:          1198672 kB
MemTotal:        1844596 kB
MemFree:          184988 kB
MemAvailable:    1465812 kB
Buffers:          101396 kB
Cached:          1198672 kB
MemTotal:        1844596 kB
MemFree:          184820 kB
MemAvailable:    1465644 kB
Buffers:          101396 kB
Cached:          1198672 kB
MemTotal:        1844596 kB
MemFree:          184688 kB
MemAvailable:    1465512 kB
Buffers:          101396 kB
Cached:          1198672 kB
MemTotal:        1844596 kB
MemFree:          184740 kB
MemAvailable:    1465564 kB
Buffers:          101396 kB
Cached:          1198672 kB
MemTotal:        1844596 kB
MemFree:          184316 kB
MemAvailable:    1465140 kB
Buffers:          101396 kB
Cached:          1198672 kB
MemTotal:        1844596 kB
MemFree:          184852 kB
MemAvailable:    1465676 kB
Buffers:          101396 kB
Cached:          1198672 kB
MemTotal:        1844596 kB
MemFree:          184596 kB
MemAvailable:    1465420 kB
Buffers:          101396 kB
Cached:          1198672 kB
MemTotal:        1844596 kB
MemFree:          184764 kB
MemAvailable:    1465588 kB
Buffers:          101396 kB
Cached:          1198672 kB
MemTotal:        1844596 kB
MemFree:          183428 kB
MemAvailable:    1464252 kB
Buffers:          101396 kB
Cached:          1198672 kB
MemTotal:        1844596 kB
MemFree:          183420 kB
MemAvailable:    1464244 kB
Buffers:          101396 kB
Cached:          1198672 kB
MemTotal:        1844596 kB
MemFree:          184852 kB
MemAvailable:    1465676 kB
Buffers:          101396 kB
Cached:          1198672 kB
MemTotal:        1844596 kB
MemFree:          181216 kB
MemAvailable:    1462040 kB
Buffers:          101396 kB
Cached:          1198672 kB
MemTotal:        1844596 kB
MemFree:          178480 kB
MemAvailable:    1459304 kB
Buffers:          101396 kB
Cached:          1198672 kB
MemTotal:        1844596 kB
MemFree:          174200 kB
MemAvailable:    1455024 kB
Buffers:          101396 kB
Cached:          1198672 kB
MemTotal:        1844596 kB
MemFree:          174076 kB
MemAvailable:    1454900 kB
Buffers:          101396 kB
Cached:          1198672 kB
MemTotal:        1844596 kB
MemFree:          172412 kB
MemAvailable:    1453236 kB
Buffers:          101396 kB
Cached:          1198672 kB
MemTotal:        1844596 kB
MemFree:          172280 kB
MemAvailable:    1453104 kB
Buffers:          101396 kB
Cached:          1198672 kB
MemTotal:        1844596 kB
MemFree:          173148 kB
MemAvailable:    1453972 kB
Buffers:          101396 kB
Cached:          1198672 kB
MemTotal:        1844596 kB
MemFree:          173148 kB
MemAvailable:    1453972 kB
Buffers:          101396 kB
Cached:          1198672 kB
MemTotal:        1844596 kB
MemFree:          171536 kB
MemAvailable:    1452360 kB
Buffers:          101396 kB
Cached:          1198672 kB
MemTotal:        1844596 kB
MemFree:          171728 kB
MemAvailable:    1452552 kB
Buffers:          101396 kB
Cached:          1198672 kB
MemTotal:        1844596 kB
MemFree:          170428 kB
MemAvailable:    1451252 kB
Buffers:          101396 kB
Cached:          1198672 kB
MemTotal:        1844596 kB
MemFree:          170172 kB
MemAvailable:    1450996 kB
Buffers:          101396 kB
Cached:          1198672 kB
MemTotal:        1844596 kB
MemFree:          169188 kB
MemAvailable:    1450012 kB
Buffers:          101396 kB
Cached:          1198672 kB
MemTotal:        1844596 kB
MemFree:          168444 kB
MemAvailable:    1449268 kB
Buffers:          101396 kB
Cached:          1198672 kB
MemTotal:        1844596 kB
MemFree:          168692 kB
MemAvailable:    1449516 kB
Buffers:          101396 kB
Cached:          1198672 kB
MemTotal:        1844596 kB
MemFree:          169744 kB
MemAvailable:    1450568 kB
Buffers:          101396 kB
Cached:          1198672 kB
MemTotal:        1844596 kB
MemFree:          169696 kB
MemAvailable:    1450520 kB
Buffers:          101396 kB
Cached:          1198672 kB
MemTotal:        1844596 kB
MemFree:          168700 kB
MemAvailable:    1449524 kB
Buffers:          101396 kB
Cached:          1198672 kB
MemTotal:        1844596 kB
MemFree:          169552 kB
MemAvailable:    1450376 kB
Buffers:          101396 kB
Cached:          1198672 kB
MemTotal:        1844596 kB
MemFree:          169808 kB
MemAvailable:    1450632 kB
Buffers:          101396 kB
Cached:          1198672 kB
MemTotal:        1844596 kB
MemFree:          169420 kB
MemAvailable:    1450244 kB
Buffers:          101396 kB
Cached:          1198672 kB
MemTotal:        1844596 kB
MemFree:          169676 kB
MemAvailable:    1450500 kB
Buffers:          101396 kB
Cached:          1198672 kB
MemTotal:        1844596 kB
MemFree:          169676 kB
MemAvailable:    1450500 kB
Buffers:          101396 kB
Cached:          1198672 kB
MemTotal:        1844596 kB
MemFree:          169196 kB
MemAvailable:    1450020 kB
Buffers:          101396 kB
Cached:          1198672 kB
MemTotal:        1844596 kB
MemFree:          169564 kB
MemAvailable:    1450388 kB
Buffers:          101396 kB
Cached:          1198672 kB
MemTotal:        1844596 kB
MemFree:          169608 kB
MemAvailable:    1450432 kB
Buffers:          101396 kB
Cached:          1198672 kB
MemTotal:        1844596 kB
MemFree:          168948 kB
MemAvailable:    1449772 kB
Buffers:          101396 kB
Cached:          1198672 kB
MemTotal:        1844596 kB
MemFree:          169124 kB
MemAvailable:    1449948 kB
Buffers:          101396 kB
Cached:          1198672 kB
MemTotal:        1844596 kB
MemFree:          168328 kB
MemAvailable:    1449152 kB
Buffers:          101396 kB
Cached:          1198672 kB
MemTotal:        1844596 kB
MemFree:          168644 kB
MemAvailable:    1449468 kB
Buffers:          101396 kB
Cached:          1198672 kB
MemTotal:        1844596 kB
MemFree:          166832 kB
MemAvailable:    1447656 kB
Buffers:          101396 kB
Cached:          1198672 kB
MemTotal:        1844596 kB
MemFree:          168116 kB
MemAvailable:    1448940 kB
Buffers:          101396 kB
Cached:          1198672 kB
MemTotal:        1844596 kB
MemFree:          166584 kB
MemAvailable:    1447408 kB
Buffers:          101396 kB
Cached:          1198672 kB
MemTotal:        1844596 kB
MemFree:          167204 kB
MemAvailable:    1448032 kB
Buffers:          101396 kB
Cached:          1198676 kB
MemTotal:        1844596 kB
MemFree:          166096 kB
MemAvailable:    1446924 kB
Buffers:          101396 kB
Cached:          1198676 kB
MemTotal:        1844596 kB
MemFree:          165412 kB
MemAvailable:    1446248 kB
Buffers:          101396 kB
Cached:          1198684 kB
MemTotal:        1844596 kB
MemFree:          166520 kB
MemAvailable:    1447356 kB
Buffers:          101396 kB
Cached:          1198684 kB
MemTotal:        1844596 kB
MemFree:          166264 kB
MemAvailable:    1447100 kB
Buffers:          101396 kB
Cached:          1198684 kB
MemTotal:        1844596 kB
MemFree:          165592 kB
MemAvailable:    1446428 kB
Buffers:          101396 kB
Cached:          1198684 kB
MemTotal:        1844596 kB
MemFree:          165832 kB
MemAvailable:    1446668 kB
Buffers:          101396 kB
Cached:          1198684 kB
MemTotal:        1844596 kB
MemFree:          166168 kB
MemAvailable:    1447004 kB
Buffers:          101396 kB
Cached:          1198684 kB
MemTotal:        1844596 kB
MemFree:          165700 kB
MemAvailable:    1446536 kB
Buffers:          101396 kB
Cached:          1198684 kB
MemTotal:        1844596 kB
MemFree:          165700 kB
MemAvailable:    1446536 kB
Buffers:          101396 kB
Cached:          1198684 kB
MemTotal:        1844596 kB
MemFree:          165472 kB
MemAvailable:    1446308 kB
Buffers:          101396 kB
Cached:          1198684 kB
MemTotal:        1844596 kB
MemFree:          164172 kB
MemAvailable:    1445008 kB
Buffers:          101396 kB
Cached:          1198684 kB
MemTotal:        1844596 kB
MemFree:          165400 kB
MemAvailable:    1446236 kB
Buffers:          101396 kB
Cached:          1198684 kB
MemTotal:        1844596 kB
MemFree:          165652 kB
MemAvailable:    1446488 kB
Buffers:          101396 kB
Cached:          1198684 kB
MemTotal:        1844596 kB
MemFree:          165516 kB
MemAvailable:    1446352 kB
Buffers:          101396 kB
Cached:          1198684 kB
MemTotal:        1844596 kB
MemFree:          164332 kB
MemAvailable:    1445168 kB
Buffers:          101396 kB
Cached:          1198684 kB
MemTotal:        1844596 kB
MemFree:          164208 kB
MemAvailable:    1445044 kB
Buffers:          101396 kB
Cached:          1198684 kB
MemTotal:        1844596 kB
MemFree:          165572 kB
MemAvailable:    1446408 kB
Buffers:          101396 kB
Cached:          1198684 kB
MemTotal:        1844596 kB
MemFree:          165400 kB
MemAvailable:    1446236 kB
Buffers:          101396 kB
Cached:          1198684 kB
MemTotal:        1844596 kB
MemFree:          165012 kB
MemAvailable:    1445848 kB
Buffers:          101396 kB
Cached:          1198684 kB
MemTotal:        1844596 kB
MemFree:          165348 kB
MemAvailable:    1446184 kB
Buffers:          101396 kB
Cached:          1198684 kB
MemTotal:        1844596 kB
MemFree:          165048 kB
MemAvailable:    1445884 kB
Buffers:          101396 kB
Cached:          1198684 kB
MemTotal:        1844596 kB
MemFree:          165304 kB
MemAvailable:    1446140 kB
Buffers:          101396 kB
Cached:          1198684 kB
MemTotal:        1844596 kB
MemFree:          165124 kB
MemAvailable:    1445960 kB
Buffers:          101396 kB
Cached:          1198684 kB
MemTotal:        1844596 kB
MemFree:          165124 kB
MemAvailable:    1445960 kB
Buffers:          101396 kB
Cached:          1198684 kB
MemTotal:        1844596 kB
MemFree:          165068 kB
MemAvailable:    1445904 kB
Buffers:          101396 kB
Cached:          1198684 kB
MemTotal:        1844596 kB
MemFree:          164300 kB
MemAvailable:    1445136 kB
Buffers:          101396 kB
Cached:          1198684 kB
MemTotal:        1844596 kB
MemFree:          164040 kB
MemAvailable:    1444876 kB
Buffers:          101396 kB
Cached:          1198684 kB
MemTotal:        1844596 kB
MemFree:          165216 kB
MemAvailable:    1446052 kB
Buffers:          101396 kB
Cached:          1198684 kB
MemTotal:        1844596 kB
MemFree:          165380 kB
MemAvailable:    1446216 kB
Buffers:          101396 kB
Cached:          1198684 kB
MemTotal:        1844596 kB
MemFree:          165124 kB
MemAvailable:    1445960 kB
Buffers:          101396 kB
Cached:          1198684 kB
MemTotal:        1844596 kB
MemFree:          164972 kB
MemAvailable:    1445808 kB
Buffers:          101396 kB
Cached:          1198684 kB
MemTotal:        1844596 kB
MemFree:          163924 kB
MemAvailable:    1444760 kB
Buffers:          101396 kB
Cached:          1198684 kB
MemTotal:        1844596 kB
MemFree:          162988 kB
MemAvailable:    1443824 kB
Buffers:          101396 kB
Cached:          1198684 kB
MemTotal:        1844596 kB
MemFree:          164220 kB
MemAvailable:    1445056 kB
Buffers:          101396 kB
Cached:          1198684 kB
MemTotal:        1844596 kB
MemFree:          163732 kB
MemAvailable:    1444568 kB
Buffers:          101396 kB
Cached:          1198684 kB
MemTotal:        1844596 kB
MemFree:          162120 kB
MemAvailable:    1442956 kB
Buffers:          101396 kB
Cached:          1198684 kB
MemTotal:        1844596 kB
MemFree:          161064 kB
MemAvailable:    1441900 kB
Buffers:          101396 kB
Cached:          1198684 kB
MemTotal:        1844596 kB
MemFree:          158980 kB
MemAvailable:    1439816 kB
Buffers:          101396 kB
Cached:          1198684 kB
MemTotal:        1844596 kB
MemFree:          156408 kB
MemAvailable:    1437244 kB
Buffers:          101396 kB
Cached:          1198684 kB
MemTotal:        1844596 kB
MemFree:          153500 kB
MemAvailable:    1434336 kB
Buffers:          101396 kB
Cached:          1198684 kB
MemTotal:        1844596 kB
MemFree:          150588 kB
MemAvailable:    1431424 kB
Buffers:          101396 kB
Cached:          1198684 kB
MemTotal:        1844596 kB
MemFree:          146820 kB
MemAvailable:    1427656 kB
Buffers:          101396 kB
Cached:          1198684 kB
MemTotal:        1844596 kB
MemFree:          146256 kB
MemAvailable:    1427092 kB
Buffers:          101396 kB
Cached:          1198684 kB
MemTotal:        1844596 kB
MemFree:          146728 kB
MemAvailable:    1427564 kB
Buffers:          101396 kB
Cached:          1198684 kB
MemTotal:        1844596 kB
MemFree:          146372 kB
MemAvailable:    1427208 kB
Buffers:          101396 kB
Cached:          1198684 kB
MemTotal:        1844596 kB
MemFree:          145448 kB
MemAvailable:    1426284 kB
Buffers:          101396 kB
Cached:          1198684 kB
MemTotal:        1844596 kB
MemFree:          146716 kB
MemAvailable:    1427552 kB
Buffers:          101396 kB
Cached:          1198684 kB
MemTotal:        1844596 kB
MemFree:          146248 kB
MemAvailable:    1427084 kB
Buffers:          101396 kB
Cached:          1198684 kB
MemTotal:        1844596 kB
MemFree:          146688 kB
MemAvailable:    1427524 kB
Buffers:          101396 kB
Cached:          1198684 kB
MemTotal:        1844596 kB
MemFree:          146624 kB
MemAvailable:    1427460 kB
Buffers:          101396 kB
Cached:          1198684 kB
MemTotal:        1844596 kB
MemFree:          146788 kB
MemAvailable:    1427624 kB
Buffers:          101396 kB
Cached:          1198684 kB
MemTotal:        1844596 kB
MemFree:          145096 kB
MemAvailable:    1425932 kB
Buffers:          101396 kB
Cached:          1198684 kB
MemTotal:        1844596 kB
MemFree:          145228 kB
MemAvailable:    1426064 kB
Buffers:          101396 kB
Cached:          1198684 kB
MemTotal:        1844596 kB
MemFree:          146604 kB
MemAvailable:    1427440 kB
Buffers:          101396 kB
Cached:          1198684 kB
MemTotal:        1844596 kB
MemFree:          145868 kB
MemAvailable:    1426704 kB
Buffers:          101396 kB
Cached:          1198684 kB
MemTotal:        1844596 kB
MemFree:          145868 kB
MemAvailable:    1426704 kB
Buffers:          101396 kB
Cached:          1198684 kB
MemTotal:        1844596 kB
MemFree:          144380 kB
MemAvailable:    1425216 kB
Buffers:          101396 kB
Cached:          1198684 kB
MemTotal:        1844596 kB
MemFree:          144380 kB
MemAvailable:    1425216 kB
Buffers:          101396 kB
Cached:          1198684 kB
MemTotal:        1844596 kB
MemFree:          145672 kB
MemAvailable:    1426508 kB
Buffers:          101396 kB
Cached:          1198684 kB
MemTotal:        1844596 kB
MemFree:          144628 kB
MemAvailable:    1425464 kB
Buffers:          101396 kB
Cached:          1198684 kB
MemTotal:        1844596 kB
MemFree:          144496 kB
MemAvailable:    1425332 kB
Buffers:          101396 kB
Cached:          1198684 kB
MemTotal:        1844596 kB
MemFree:          145672 kB
MemAvailable:    1426508 kB
Buffers:          101396 kB
Cached:          1198684 kB
MemTotal:        1844596 kB
MemFree:          144488 kB
MemAvailable:    1425324 kB
Buffers:          101396 kB
Cached:          1198684 kB
MemTotal:        1844596 kB
MemFree:          145868 kB
MemAvailable:    1426704 kB
Buffers:          101396 kB
Cached:          1198684 kB
MemTotal:        1844596 kB
MemFree:          144184 kB
MemAvailable:    1425020 kB
Buffers:          101396 kB
Cached:          1198684 kB
MemTotal:        1844596 kB
MemFree:          145680 kB
MemAvailable:    1426516 kB
Buffers:          101396 kB
Cached:          1198684 kB
MemTotal:        1844596 kB
MemFree:          144476 kB
MemAvailable:    1425312 kB
Buffers:          101396 kB
Cached:          1198684 kB
MemTotal:        1844596 kB
MemFree:          145844 kB
MemAvailable:    1426680 kB
Buffers:          101396 kB
Cached:          1198684 kB
MemTotal:        1844596 kB
MemFree:          144884 kB
MemAvailable:    1425720 kB
Buffers:          101396 kB
Cached:          1198684 kB
MemTotal:        1844596 kB
MemFree:          144760 kB
MemAvailable:    1425608 kB
Buffers:          101396 kB
Cached:          1198696 kB
MemTotal:        1844596 kB
MemFree:          145480 kB
MemAvailable:    1426328 kB
Buffers:          101396 kB
Cached:          1198696 kB
MemTotal:        1844596 kB
MemFree:          145648 kB
MemAvailable:    1426496 kB
Buffers:          101396 kB
Cached:          1198696 kB
MemTotal:        1844596 kB
MemFree:          144496 kB
MemAvailable:    1425344 kB
Buffers:          101396 kB
Cached:          1198696 kB
MemTotal:        1844596 kB
MemFree:          144620 kB
MemAvailable:    1425468 kB
Buffers:          101396 kB
Cached:          1198696 kB
MemTotal:        1844596 kB
MemFree:          144504 kB
MemAvailable:    1425352 kB
Buffers:          101396 kB
Cached:          1198696 kB
MemTotal:        1844596 kB
MemFree:          142040 kB
MemAvailable:    1422888 kB
Buffers:          101396 kB
Cached:          1198696 kB
MemTotal:        1844596 kB
MemFree:          136196 kB
MemAvailable:    1417044 kB
Buffers:          101396 kB
Cached:          1198696 kB
MemTotal:        1844596 kB
MemFree:          136212 kB
MemAvailable:    1417060 kB
Buffers:          101396 kB
Cached:          1198696 kB
MemTotal:        1844596 kB
MemFree:          130988 kB
MemAvailable:    1411836 kB
Buffers:          101396 kB
Cached:          1198696 kB
MemTotal:        1844596 kB
MemFree:          131200 kB
MemAvailable:    1412048 kB
Buffers:          101396 kB
Cached:          1198696 kB
MemTotal:        1844596 kB
MemFree:          126416 kB
MemAvailable:    1407264 kB
Buffers:          101396 kB
Cached:          1198696 kB
MemTotal:        1844596 kB
MemFree:          127392 kB
MemAvailable:    1408240 kB
Buffers:          101396 kB
Cached:          1198696 kB
MemTotal:        1844596 kB
MemFree:          127392 kB
MemAvailable:    1408240 kB
Buffers:          101396 kB
Cached:          1198696 kB
MemTotal:        1844596 kB
MemFree:          127380 kB
MemAvailable:    1408228 kB
Buffers:          101396 kB
Cached:          1198696 kB
MemTotal:        1844596 kB
MemFree:          126612 kB
MemAvailable:    1407460 kB
Buffers:          101396 kB
Cached:          1198696 kB
MemTotal:        1844596 kB
MemFree:          127408 kB
MemAvailable:    1408256 kB
Buffers:          101396 kB
Cached:          1198696 kB
MemTotal:        1844596 kB
MemFree:          127392 kB
MemAvailable:    1408240 kB
Buffers:          101396 kB
Cached:          1198696 kB
MemTotal:        1844596 kB
MemFree:          127604 kB
MemAvailable:    1408452 kB
Buffers:          101396 kB
Cached:          1198696 kB
MemTotal:        1844596 kB
MemFree:          126280 kB
MemAvailable:    1407128 kB
Buffers:          101396 kB
Cached:          1198696 kB
MemTotal:        1844596 kB
MemFree:          127520 kB
MemAvailable:    1408368 kB
Buffers:          101396 kB
Cached:          1198696 kB
MemTotal:        1844596 kB
MemFree:          127376 kB
MemAvailable:    1408224 kB
Buffers:          101396 kB
Cached:          1198696 kB
MemTotal:        1844596 kB
MemFree:          127376 kB
MemAvailable:    1408224 kB
Buffers:          101396 kB
Cached:          1198696 kB
MemTotal:        1844596 kB
MemFree:          127352 kB
MemAvailable:    1408200 kB
Buffers:          101396 kB
Cached:          1198696 kB
MemTotal:        1844596 kB
MemFree:          127408 kB
MemAvailable:    1408256 kB
Buffers:          101396 kB
Cached:          1198696 kB
MemTotal:        1844596 kB
MemFree:          126664 kB
MemAvailable:    1407512 kB
Buffers:          101396 kB
Cached:          1198696 kB
MemTotal:        1844596 kB
MemFree:          127524 kB
MemAvailable:    1408376 kB
Buffers:          101396 kB
Cached:          1198700 kB
MemTotal:        1844596 kB
MemFree:          127524 kB
MemAvailable:    1408376 kB
Buffers:          101396 kB
Cached:          1198700 kB
MemTotal:        1844596 kB
MemFree:          127412 kB
MemAvailable:    1408264 kB
Buffers:          101396 kB
Cached:          1198700 kB
MemTotal:        1844596 kB
MemFree:          127456 kB
MemAvailable:    1408308 kB
Buffers:          101396 kB
Cached:          1198700 kB
MemTotal:        1844596 kB
MemFree:          126108 kB
MemAvailable:    1406960 kB
Buffers:          101396 kB
Cached:          1198700 kB
MemTotal:        1844596 kB
MemFree:          127376 kB
MemAvailable:    1408228 kB
Buffers:          101396 kB
Cached:          1198700 kB
MemTotal:        1844596 kB
MemFree:          127628 kB
MemAvailable:    1408480 kB
Buffers:          101396 kB
Cached:          1198700 kB
MemTotal:        1844596 kB
MemFree:          126028 kB
MemAvailable:    1406880 kB
Buffers:          101396 kB
Cached:          1198700 kB
MemTotal:        1844596 kB
MemFree:          126280 kB
MemAvailable:    1407132 kB
Buffers:          101396 kB
Cached:          1198700 kB
MemTotal:        1844596 kB
MemFree:          126108 kB
MemAvailable:    1406960 kB
Buffers:          101396 kB
Cached:          1198700 kB
MemTotal:        1844596 kB
MemFree:          127268 kB
MemAvailable:    1408120 kB
Buffers:          101396 kB
Cached:          1198700 kB
MemTotal:        1844596 kB
MemFree:          127520 kB
MemAvailable:    1408372 kB
Buffers:          101396 kB
Cached:          1198700 kB
MemTotal:        1844596 kB
MemFree:          127256 kB
MemAvailable:    1408108 kB
Buffers:          101396 kB
Cached:          1198700 kB
MemTotal:        1844596 kB
MemFree:          126736 kB
MemAvailable:    1407588 kB
Buffers:          101396 kB
Cached:          1198700 kB
MemTotal:        1844596 kB
MemFree:          126168 kB
MemAvailable:    1407020 kB
Buffers:          101396 kB
Cached:          1198700 kB
MemTotal:        1844596 kB
MemFree:          127484 kB
MemAvailable:    1408336 kB
Buffers:          101396 kB
Cached:          1198700 kB
MemTotal:        1844596 kB
MemFree:          127352 kB
MemAvailable:    1408204 kB
Buffers:          101396 kB
Cached:          1198700 kB
MemTotal:        1844596 kB
MemFree:          126912 kB
MemAvailable:    1407764 kB
Buffers:          101396 kB
Cached:          1198700 kB
MemTotal:        1844596 kB
MemFree:          127220 kB
MemAvailable:    1408072 kB
Buffers:          101396 kB
Cached:          1198700 kB
MemTotal:        1844596 kB
MemFree:          127476 kB
MemAvailable:    1408328 kB
Buffers:          101396 kB
Cached:          1198700 kB
MemTotal:        1844596 kB
MemFree:          126272 kB
MemAvailable:    1407124 kB
Buffers:          101396 kB
Cached:          1198700 kB
MemTotal:        1844596 kB
MemFree:          126228 kB
MemAvailable:    1407080 kB
Buffers:          101396 kB
Cached:          1198700 kB
MemTotal:        1844596 kB
MemFree:          121076 kB
MemAvailable:    1401928 kB
Buffers:          101396 kB
Cached:          1198700 kB
MemTotal:        1844596 kB
MemFree:          120720 kB
MemAvailable:    1401572 kB
Buffers:          101396 kB
Cached:          1198700 kB
MemTotal:        1844596 kB
MemFree:          116000 kB
MemAvailable:    1396852 kB
Buffers:          101396 kB
Cached:          1198700 kB
MemTotal:        1844596 kB
MemFree:          112828 kB
MemAvailable:    1393680 kB
Buffers:          101396 kB
Cached:          1198700 kB
MemTotal:        1844596 kB
MemFree:          109932 kB
MemAvailable:    1390784 kB
Buffers:          101396 kB
Cached:          1198700 kB
MemTotal:        1844596 kB
MemFree:          110156 kB
MemAvailable:    1391008 kB
Buffers:          101396 kB
Cached:          1198700 kB
MemTotal:        1844596 kB
MemFree:          110412 kB
MemAvailable:    1391264 kB
Buffers:          101396 kB
Cached:          1198700 kB
MemTotal:        1844596 kB
MemFree:          109544 kB
MemAvailable:    1390396 kB
Buffers:          101396 kB
Cached:          1198700 kB
MemTotal:        1844596 kB
MemFree:          109628 kB
MemAvailable:    1390480 kB
Buffers:          101396 kB
Cached:          1198700 kB
MemTotal:        1844596 kB
MemFree:          109164 kB
MemAvailable:    1390016 kB
Buffers:          101396 kB
Cached:          1198700 kB
MemTotal:        1844596 kB
MemFree:          108940 kB
MemAvailable:    1389792 kB
Buffers:          101396 kB
Cached:          1198700 kB
MemTotal:        1844596 kB
MemFree:          109008 kB
MemAvailable:    1389860 kB
Buffers:          101396 kB
Cached:          1198700 kB
MemTotal:        1844596 kB
MemFree:          109064 kB
MemAvailable:    1389916 kB
Buffers:          101396 kB
Cached:          1198700 kB
MemTotal:        1844596 kB
MemFree:          108320 kB
MemAvailable:    1389172 kB
Buffers:          101396 kB
Cached:          1198700 kB
MemTotal:        1844596 kB
MemFree:          108752 kB
MemAvailable:    1389604 kB
Buffers:          101396 kB
Cached:          1198700 kB
MemTotal:        1844596 kB
MemFree:          109008 kB
MemAvailable:    1389860 kB
Buffers:          101396 kB
Cached:          1198700 kB
MemTotal:        1844596 kB
MemFree:          108680 kB
MemAvailable:    1389532 kB
Buffers:          101396 kB
Cached:          1198700 kB
MemTotal:        1844596 kB
MemFree:          107380 kB
MemAvailable:    1388232 kB
Buffers:          101396 kB
Cached:          1198700 kB
MemTotal:        1844596 kB
MemFree:          107416 kB
MemAvailable:    1388268 kB
Buffers:          101396 kB
Cached:          1198700 kB
MemTotal:        1844596 kB
MemFree:          108024 kB
MemAvailable:    1388876 kB
Buffers:          101396 kB
Cached:          1198700 kB
MemTotal:        1844596 kB
MemFree:          106700 kB
MemAvailable:    1387552 kB
Buffers:          101396 kB
Cached:          1198700 kB
MemTotal:        1844596 kB
MemFree:          106272 kB
MemAvailable:    1387124 kB
Buffers:          101396 kB
Cached:          1198700 kB
MemTotal:        1844596 kB
MemFree:          106868 kB
MemAvailable:    1387720 kB
Buffers:          101396 kB
Cached:          1198700 kB
MemTotal:        1844596 kB
MemFree:          105584 kB
MemAvailable:    1386436 kB
Buffers:          101396 kB
Cached:          1198700 kB
MemTotal:        1844596 kB
MemFree:          105212 kB
MemAvailable:    1386064 kB
Buffers:          101396 kB
Cached:          1198700 kB
MemTotal:        1844596 kB
MemFree:          104840 kB
MemAvailable:    1385692 kB
Buffers:          101396 kB
Cached:          1198700 kB
MemTotal:        1844596 kB
MemFree:          105824 kB
MemAvailable:    1386676 kB
Buffers:          101396 kB
Cached:          1198700 kB
MemTotal:        1844596 kB
MemFree:          104628 kB
MemAvailable:    1385480 kB
Buffers:          101396 kB
Cached:          1198700 kB
MemTotal:        1844596 kB
MemFree:          102980 kB
MemAvailable:    1383832 kB
Buffers:          101396 kB
Cached:          1198700 kB
MemTotal:        1844596 kB
MemFree:          103088 kB
MemAvailable:    1383944 kB
Buffers:          101396 kB
Cached:          1198704 kB
MemTotal:        1844596 kB
MemFree:          103088 kB
MemAvailable:    1383944 kB
Buffers:          101396 kB
Cached:          1198704 kB
MemTotal:        1844596 kB
MemFree:          101848 kB
MemAvailable:    1382704 kB
Buffers:          101396 kB
Cached:          1198704 kB
MemTotal:        1844596 kB
MemFree:          101700 kB
MemAvailable:    1382556 kB
Buffers:          101396 kB
Cached:          1198708 kB
MemTotal:        1844596 kB
MemFree:          101808 kB
MemAvailable:    1382664 kB
Buffers:          101396 kB
Cached:          1198708 kB
MemTotal:        1844596 kB
MemFree:          101616 kB
MemAvailable:    1382472 kB
Buffers:          101396 kB
Cached:          1198708 kB
MemTotal:        1844596 kB
MemFree:          101616 kB
MemAvailable:    1382472 kB
Buffers:          101396 kB
Cached:          1198708 kB
MemTotal:        1844596 kB
MemFree:          101740 kB
MemAvailable:    1382596 kB
Buffers:          101396 kB
Cached:          1198708 kB
MemTotal:        1844596 kB
MemFree:          101988 kB
MemAvailable:    1382844 kB
Buffers:          101396 kB
Cached:          1198708 kB
MemTotal:        1844596 kB
MemFree:          101368 kB
MemAvailable:    1382224 kB
Buffers:          101396 kB
Cached:          1198708 kB
MemTotal:        1844596 kB
MemFree:          100120 kB
MemAvailable:    1380976 kB
Buffers:          101396 kB
Cached:          1198708 kB
MemTotal:        1844596 kB
MemFree:          100368 kB
MemAvailable:    1381224 kB
Buffers:          101396 kB
Cached:          1198708 kB
MemTotal:        1844596 kB
MemFree:          100244 kB
MemAvailable:    1381100 kB
Buffers:          101396 kB
Cached:          1198708 kB
MemTotal:        1844596 kB
MemFree:          100368 kB
MemAvailable:    1381224 kB
Buffers:          101396 kB
Cached:          1198708 kB
MemTotal:        1844596 kB
MemFree:          100128 kB
MemAvailable:    1380984 kB
Buffers:          101396 kB
Cached:          1198708 kB
MemTotal:        1844596 kB
MemFree:          101188 kB
MemAvailable:    1382044 kB
Buffers:          101396 kB
Cached:          1198708 kB
MemTotal:        1844596 kB
MemFree:          101188 kB
MemAvailable:    1382044 kB
Buffers:          101396 kB
Cached:          1198708 kB
MemTotal:        1844596 kB
MemFree:          101284 kB
MemAvailable:    1382140 kB
Buffers:          101396 kB
Cached:          1198708 kB
MemTotal:        1844596 kB
MemFree:          101244 kB
MemAvailable:    1382100 kB
Buffers:          101396 kB
Cached:          1198708 kB
MemTotal:        1844596 kB
MemFree:          100508 kB
MemAvailable:    1381364 kB
Buffers:          101396 kB
Cached:          1198708 kB
MemTotal:        1844596 kB
MemFree:          101156 kB
MemAvailable:    1382012 kB
Buffers:          101396 kB
Cached:          1198708 kB
MemTotal:        1844596 kB
MemFree:          101500 kB
MemAvailable:    1382356 kB
Buffers:          101396 kB
Cached:          1198708 kB
MemTotal:        1844596 kB
MemFree:           99872 kB
MemAvailable:    1380728 kB
Buffers:          101396 kB
Cached:          1198708 kB
MemTotal:        1844596 kB
MemFree:          101236 kB
MemAvailable:    1382092 kB
Buffers:          101396 kB
Cached:          1198708 kB
MemTotal:        1844596 kB
MemFree:          101376 kB
MemAvailable:    1382232 kB
Buffers:          101396 kB
Cached:          1198708 kB
MemTotal:        1844596 kB
MemFree:          100932 kB
MemAvailable:    1381788 kB
Buffers:          101396 kB
Cached:          1198708 kB
MemTotal:        1844596 kB
MemFree:          101268 kB
MemAvailable:    1382124 kB
Buffers:          101396 kB
Cached:          1198708 kB
MemTotal:        1844596 kB
MemFree:           99952 kB
MemAvailable:    1380808 kB
Buffers:          101396 kB
Cached:          1198708 kB
MemTotal:        1844596 kB
MemFree:          101060 kB
MemAvailable:    1381916 kB
Buffers:          101396 kB
Cached:          1198708 kB
MemTotal:        1844596 kB
MemFree:          101212 kB
MemAvailable:    1382068 kB
Buffers:          101396 kB
Cached:          1198708 kB
MemTotal:        1844596 kB
MemFree:          101368 kB
MemAvailable:    1382224 kB
Buffers:          101396 kB
Cached:          1198708 kB
MemTotal:        1844596 kB
MemFree:           99948 kB
MemAvailable:    1380804 kB
Buffers:          101396 kB
Cached:          1198708 kB
MemTotal:        1844596 kB
MemFree:          101224 kB
MemAvailable:    1382080 kB
Buffers:          101396 kB
Cached:          1198708 kB
MemTotal:        1844596 kB
MemFree:          101476 kB
MemAvailable:    1382332 kB
Buffers:          101396 kB
Cached:          1198708 kB
MemTotal:        1844596 kB
MemFree:          100136 kB
MemAvailable:    1380992 kB
Buffers:          101396 kB
Cached:          1198708 kB
MemTotal:        1844596 kB
MemFree:          101428 kB
MemAvailable:    1382284 kB
Buffers:          101396 kB
Cached:          1198708 kB
MemTotal:        1844596 kB
MemFree:          100880 kB
MemAvailable:    1381736 kB
Buffers:          101396 kB
Cached:          1198708 kB
MemTotal:        1844596 kB
MemFree:          101236 kB
MemAvailable:    1382092 kB
Buffers:          101396 kB
Cached:          1198708 kB
MemTotal:        1844596 kB
MemFree:          101448 kB
MemAvailable:    1382304 kB
Buffers:          101396 kB
Cached:          1198708 kB
MemTotal:        1844596 kB
MemFree:           99872 kB
MemAvailable:    1380728 kB
Buffers:          101396 kB
Cached:          1198708 kB
MemTotal:        1844596 kB
MemFree:          101424 kB
MemAvailable:    1382280 kB
Buffers:          101396 kB
Cached:          1198708 kB
MemTotal:        1844596 kB
MemFree:          100500 kB
MemAvailable:    1381356 kB
Buffers:          101396 kB
Cached:          1198708 kB
MemTotal:        1844596 kB
MemFree:          101228 kB
MemAvailable:    1382088 kB
Buffers:          101396 kB
Cached:          1198708 kB
MemTotal:        1844596 kB
MemFree:          101312 kB
MemAvailable:    1382172 kB
Buffers:          101396 kB
Cached:          1198708 kB
MemTotal:        1844596 kB
MemFree:          101176 kB
MemAvailable:    1382036 kB
Buffers:          101396 kB
Cached:          1198708 kB
MemTotal:        1844596 kB
MemFree:          100872 kB
MemAvailable:    1381732 kB
Buffers:          101396 kB
Cached:          1198708 kB
MemTotal:        1844596 kB
MemFree:           99992 kB
MemAvailable:    1380852 kB
Buffers:          101396 kB
Cached:          1198708 kB
MemTotal:        1844596 kB
MemFree:          101232 kB
MemAvailable:    1382092 kB
Buffers:          101396 kB
Cached:          1198708 kB
MemTotal:        1844596 kB
MemFree:          101172 kB
MemAvailable:    1382032 kB
Buffers:          101396 kB
Cached:          1198708 kB
MemTotal:        1844596 kB
MemFree:          100500 kB
MemAvailable:    1381360 kB
Buffers:          101396 kB
Cached:          1198708 kB
MemTotal:        1844596 kB
MemFree:          101184 kB
MemAvailable:    1382044 kB
Buffers:          101396 kB
Cached:          1198708 kB
MemTotal:        1844596 kB
MemFree:          101184 kB
MemAvailable:    1382044 kB
Buffers:          101396 kB
Cached:          1198708 kB
MemTotal:        1844596 kB
MemFree:          101112 kB
MemAvailable:    1381972 kB
Buffers:          101396 kB
Cached:          1198708 kB
MemTotal:        1844596 kB
MemFree:           97516 kB
MemAvailable:    1378376 kB
Buffers:          101396 kB
Cached:          1198708 kB
MemTotal:        1844596 kB
MemFree:           95964 kB
MemAvailable:    1376824 kB
Buffers:          101396 kB
Cached:          1198708 kB
MemTotal:        1844596 kB
MemFree:           93440 kB
MemAvailable:    1374300 kB
Buffers:          101396 kB
Cached:          1198708 kB
MemTotal:        1844596 kB
MemFree:           90076 kB
MemAvailable:    1370936 kB
Buffers:          101396 kB
Cached:          1198708 kB
MemTotal:        1844596 kB
MemFree:           89472 kB
MemAvailable:    1370332 kB
Buffers:          101396 kB
Cached:          1198708 kB
MemTotal:        1844596 kB
MemFree:           86116 kB
MemAvailable:    1366976 kB
Buffers:          101396 kB
Cached:          1198708 kB
MemTotal:        1844596 kB
MemFree:           84092 kB
MemAvailable:    1364952 kB
Buffers:          101396 kB
Cached:          1198708 kB
MemTotal:        1844596 kB
MemFree:           80908 kB
MemAvailable:    1361768 kB
Buffers:          101396 kB
Cached:          1198708 kB
MemTotal:        1844596 kB
MemFree:           82060 kB
MemAvailable:    1362924 kB
Buffers:          101396 kB
Cached:          1198712 kB
MemTotal:        1844596 kB
MemFree:           82016 kB
MemAvailable:    1362880 kB
Buffers:          101396 kB
Cached:          1198712 kB
MemTotal:        1844596 kB
MemFree:           81728 kB
MemAvailable:    1362592 kB
Buffers:          101396 kB
Cached:          1198712 kB
MemTotal:        1844596 kB
MemFree:           81824 kB
MemAvailable:    1362688 kB
Buffers:          101396 kB
Cached:          1198712 kB
MemTotal:        1844596 kB
MemFree:           80516 kB
MemAvailable:    1361380 kB
Buffers:          101396 kB
Cached:          1198712 kB
MemTotal:        1844596 kB
MemFree:           81776 kB
MemAvailable:    1362640 kB
Buffers:          101396 kB
Cached:          1198712 kB
MemTotal:        1844596 kB
MemFree:           81644 kB
MemAvailable:    1362508 kB
Buffers:          101396 kB
Cached:          1198712 kB
MemTotal:        1844596 kB
MemFree:           80636 kB
MemAvailable:    1361500 kB
Buffers:          101396 kB
Cached:          1198712 kB
MemTotal:        1844596 kB
MemFree:           80628 kB
MemAvailable:    1361492 kB
Buffers:          101396 kB
Cached:          1198712 kB
MemTotal:        1844596 kB
MemFree:           80588 kB
MemAvailable:    1361452 kB
Buffers:          101396 kB
Cached:          1198712 kB
MemTotal:        1844596 kB
MemFree:           80456 kB
MemAvailable:    1361320 kB
Buffers:          101396 kB
Cached:          1198712 kB
MemTotal:        1844596 kB
MemFree:           81684 kB
MemAvailable:    1362548 kB
Buffers:          101396 kB
Cached:          1198712 kB
MemTotal:        1844596 kB
MemFree:           81156 kB
MemAvailable:    1362020 kB
Buffers:          101396 kB
Cached:          1198712 kB
MemTotal:        1844596 kB
MemFree:           81648 kB
MemAvailable:    1362512 kB
Buffers:          101396 kB
Cached:          1198712 kB
MemTotal:        1844596 kB
MemFree:           81524 kB
MemAvailable:    1362388 kB
Buffers:          101396 kB
Cached:          1198712 kB
MemTotal:        1844596 kB
MemFree:           80348 kB
MemAvailable:    1361212 kB
Buffers:          101396 kB
Cached:          1198712 kB
MemTotal:        1844596 kB
MemFree:           81456 kB
MemAvailable:    1362324 kB
Buffers:          101396 kB
Cached:          1198716 kB
MemTotal:        1844596 kB
MemFree:           81288 kB
MemAvailable:    1362156 kB
Buffers:          101396 kB
Cached:          1198716 kB
MemTotal:        1844596 kB
MemFree:           81396 kB
MemAvailable:    1362264 kB
Buffers:          101396 kB
Cached:          1198716 kB
MemTotal:        1844596 kB
MemFree:           81288 kB
MemAvailable:    1362156 kB
Buffers:          101396 kB
Cached:          1198716 kB
MemTotal:        1844596 kB
MemFree:           81448 kB
MemAvailable:    1362316 kB
Buffers:          101396 kB
Cached:          1198716 kB
MemTotal:        1844596 kB
MemFree:           81332 kB
MemAvailable:    1362200 kB
Buffers:          101396 kB
Cached:          1198716 kB
MemTotal:        1844596 kB
MemFree:           81364 kB
MemAvailable:    1362232 kB
Buffers:          101396 kB
Cached:          1198716 kB
MemTotal:        1844596 kB
MemFree:           79908 kB
MemAvailable:    1360776 kB
Buffers:          101396 kB
Cached:          1198716 kB
MemTotal:        1844596 kB
MemFree:           79776 kB
MemAvailable:    1360644 kB
Buffers:          101396 kB
Cached:          1198716 kB
MemTotal:        1844596 kB
MemFree:           77048 kB
MemAvailable:    1357916 kB
Buffers:          101396 kB
Cached:          1198716 kB
MemTotal:        1844596 kB
MemFree:           76444 kB
MemAvailable:    1357312 kB
Buffers:          101396 kB
Cached:          1198716 kB
MemTotal:        1844596 kB
MemFree:           71948 kB
MemAvailable:    1352816 kB
Buffers:          101396 kB
Cached:          1198716 kB
MemTotal:        1844596 kB
MemFree:           70980 kB
MemAvailable:    1351848 kB
Buffers:          101396 kB
Cached:          1198716 kB
MemTotal:        1844596 kB
MemFree:           71324 kB
MemAvailable:    1352192 kB
Buffers:          101396 kB
Cached:          1198716 kB
MemTotal:        1844596 kB
MemFree:           71324 kB
MemAvailable:    1352192 kB
Buffers:          101396 kB
Cached:          1198716 kB
MemTotal:        1844596 kB
MemFree:           70172 kB
MemAvailable:    1351040 kB
Buffers:          101396 kB
Cached:          1198716 kB
MemTotal:        1844596 kB
MemFree:           71472 kB
MemAvailable:    1352340 kB
Buffers:          101396 kB
Cached:          1198716 kB
MemTotal:        1844596 kB
MemFree:           71552 kB
MemAvailable:    1352420 kB
Buffers:          101396 kB
Cached:          1198716 kB
MemTotal:        1844596 kB
MemFree:           70616 kB
MemAvailable:    1351484 kB
Buffers:          101396 kB
Cached:          1198716 kB
MemTotal:        1844596 kB
MemFree:           71180 kB
MemAvailable:    1352048 kB
Buffers:          101396 kB
Cached:          1198716 kB
MemTotal:        1844596 kB
MemFree:           71516 kB
MemAvailable:    1352384 kB
Buffers:          101396 kB
Cached:          1198716 kB
MemTotal:        1844596 kB
MemFree:           71056 kB
MemAvailable:    1352008 kB
Buffers:          101396 kB
Cached:          1198840 kB
MemTotal:        1844596 kB
MemFree:           71056 kB
MemAvailable:    1352008 kB
Buffers:          101396 kB
Cached:          1198840 kB
MemTotal:        1844596 kB
MemFree:           70924 kB
MemAvailable:    1352044 kB
Buffers:          101396 kB
Cached:          1198964 kB
MemTotal:        1844596 kB
MemFree:           70864 kB
MemAvailable:    1351984 kB
Buffers:          101396 kB
Cached:          1198964 kB
MemTotal:        1844596 kB
MemFree:           70860 kB
MemAvailable:    1352148 kB
Buffers:          101396 kB
Cached:          1199088 kB
MemTotal:        1844596 kB
MemFree:           69560 kB
MemAvailable:    1350932 kB
Buffers:          101396 kB
Cached:          1199212 kB
MemTotal:        1844596 kB
MemFree:           70536 kB
MemAvailable:    1351992 kB
Buffers:          101396 kB
Cached:          1199212 kB
MemTotal:        1844596 kB
MemFree:           70788 kB
MemAvailable:    1352244 kB
Buffers:          101396 kB
Cached:          1199212 kB
MemTotal:        1844596 kB
MemFree:           70428 kB
MemAvailable:    1351884 kB
Buffers:          101396 kB
Cached:          1199336 kB
MemTotal:        1844596 kB
MemFree:           70684 kB
MemAvailable:    1352140 kB
Buffers:          101396 kB
Cached:          1199336 kB
MemTotal:        1844596 kB
MemFree:           70428 kB
MemAvailable:    1351884 kB
Buffers:          101396 kB
Cached:          1199336 kB
MemTotal:        1844596 kB
MemFree:           70460 kB
MemAvailable:    1351916 kB
Buffers:          101396 kB
Cached:          1199336 kB
MemTotal:        1844596 kB
MemFree:           70716 kB
MemAvailable:    1352172 kB
Buffers:          101396 kB
Cached:          1199336 kB
MemTotal:        1844596 kB
MemFree:           69304 kB
MemAvailable:    1350760 kB
Buffers:          101396 kB
Cached:          1199336 kB
MemTotal:        1844596 kB
MemFree:           70592 kB
MemAvailable:    1351544 kB
Buffers:          101396 kB
Cached:          1198704 kB
MemTotal:        1844596 kB
MemFree:           70840 kB
MemAvailable:    1351792 kB
Buffers:          101396 kB
Cached:          1198704 kB
MemTotal:        1844596 kB
MemFree:          187292 kB
MemAvailable:    1468244 kB
Buffers:          101396 kB
Cached:          1198704 kB
MemTotal:        1844596 kB
MemFree:          148788 kB
MemAvailable:    1429740 kB
Buffers:          101396 kB
Cached:          1198704 kB
