MemTotal:        1844596 kB
MemFree:          643104 kB
MemAvailable:    1546660 kB
Buffers:           90620 kB
Cached:           834344 kB
MemTotal:        1844596 kB
MemFree:          616964 kB
MemAvailable:    1520528 kB
Buffers:           90620 kB
Cached:           834348 kB
MemTotal:        1844596 kB
MemFree:          614732 kB
MemAvailable:    1518296 kB
Buffers:           90620 kB
Cached:           834348 kB
MemTotal:        1844596 kB
MemFree:          613492 kB
MemAvailable:    1517056 kB
Buffers:           90620 kB
Cached:           834348 kB
MemTotal:        1844596 kB
MemFree:          612056 kB
MemAvailable:    1515620 kB
Buffers:           90620 kB
Cached:           834348 kB
MemTotal:        1844596 kB
MemFree:          610896 kB
MemAvailable:    1514460 kB
Buffers:           90620 kB
Cached:           834348 kB
MemTotal:        1844596 kB
MemFree:          610384 kB
MemAvailable:    1513948 kB
Buffers:           90620 kB
Cached:           834348 kB
MemTotal:        1844596 kB
MemFree:          608036 kB
MemAvailable:    1511600 kB
Buffers:           90620 kB
Cached:           834348 kB
MemTotal:        1844596 kB
MemFree:          605308 kB
MemAvailable:    1508872 kB
Buffers:           90620 kB
Cached:           834348 kB
MemTotal:        1844596 kB
MemFree:          603944 kB
MemAvailable:    1507508 kB
Buffers:           90620 kB
Cached:           834348 kB
MemTotal:        1844596 kB
MemFree:          603260 kB
MemAvailable:    1506824 kB
Buffers:           90620 kB
Cached:           834348 kB
MemTotal:        1844596 kB
MemFree:          602208 kB
MemAvailable:    1505772 kB
Buffers:           90620 kB
Cached:           834348 kB
MemTotal:        1844596 kB
MemFree:          602332 kB
MemAvailable:    1505896 kB
Buffers:           90620 kB
Cached:           834348 kB
MemTotal:        1844596 kB
MemFree:          602084 kB
MemAvailable:    1505648 kB
Buffers:           90620 kB
Cached:           834348 kB
MemTotal:        1844596 kB
MemFree:          603128 kB
MemAvailable:    1506692 kB
Buffers:           90620 kB
Cached:           834348 kB
MemTotal:        1844596 kB
MemFree:          602092 kB
MemAvailable:    1505656 kB
Buffers:           90620 kB
Cached:           834348 kB
MemTotal:        1844596 kB
MemFree:          602516 kB
MemAvailable:    1506080 kB
Buffers:           90620 kB
Cached:           834348 kB
MemTotal:        1844596 kB
MemFree:          602768 kB
MemAvailable:    1506332 kB
Buffers:           90620 kB
Cached:           834348 kB
MemTotal:        1844596 kB
MemFree:          602524 kB
MemAvailable:    1506088 kB
Buffers:           90620 kB
Cached:           834348 kB
MemTotal:        1844596 kB
MemFree:          601400 kB
MemAvailable:    1504964 kB
Buffers:           90620 kB
Cached:           834348 kB
MemTotal:        1844596 kB
MemFree:          602504 kB
MemAvailable:    1506068 kB
Buffers:           90620 kB
Cached:           834348 kB
MemTotal:        1844596 kB
MemFree:          602208 kB
MemAvailable:    1505772 kB
Buffers:           90620 kB
Cached:           834348 kB
MemTotal:        1844596 kB
MemFree:          602260 kB
MemAvailable:    1505824 kB
Buffers:           90620 kB
Cached:           834348 kB
MemTotal:        1844596 kB
MemFree:          601532 kB
MemAvailable:    1505096 kB
Buffers:           90620 kB
Cached:           834348 kB
MemTotal:        1844596 kB
MemFree:          601888 kB
MemAvailable:    1505452 kB
Buffers:           90620 kB
Cached:           834348 kB
MemTotal:        1844596 kB
MemFree:          600324 kB
MemAvailable:    1503888 kB
Buffers:           90620 kB
Cached:           834348 kB
MemTotal:        1844596 kB
MemFree:          600720 kB
MemAvailable:    1504284 kB
Buffers:           90620 kB
Cached:           834348 kB
MemTotal:        1844596 kB
MemFree:          601392 kB
MemAvailable:    1504956 kB
Buffers:           90620 kB
Cached:           834348 kB
MemTotal:        1844596 kB
MemFree:          601464 kB
MemAvailable:    1505028 kB
Buffers:           90620 kB
Cached:           834348 kB
MemTotal:        1844596 kB
MemFree:          600044 kB
MemAvailable:    1503608 kB
Buffers:           90620 kB
Cached:           834348 kB
MemTotal:        1844596 kB
MemFree:          600720 kB
MemAvailable:    1504284 kB
Buffers:           90620 kB
Cached:           834348 kB
MemTotal:        1844596 kB
MemFree:          599604 kB
MemAvailable:    1503168 kB
Buffers:           90620 kB
Cached:           834348 kB
MemTotal:        1844596 kB
MemFree:          600208 kB
MemAvailable:    1503776 kB
Buffers:           90620 kB
Cached:           834352 kB
MemTotal:        1844596 kB
MemFree:          600100 kB
MemAvailable:    1503668 kB
Buffers:           90620 kB
Cached:           834352 kB
MemTotal:        1844596 kB
MemFree:          598840 kB
MemAvailable:    1502408 kB
Buffers:           90620 kB
Cached:           834352 kB
MemTotal:        1844596 kB
MemFree:          598832 kB
MemAvailable:    1502400 kB
Buffers:           90620 kB
Cached:           834352 kB
MemTotal:        1844596 kB
MemFree:          600272 kB
MemAvailable:    1503840 kB
Buffers:           90620 kB
Cached:           834352 kB
MemTotal:        1844596 kB
MemFree:          599736 kB
MemAvailable:    1503304 kB
Buffers:           90620 kB
Cached:           834352 kB
MemTotal:        1844596 kB
MemFree:          600092 kB
MemAvailable:    1503660 kB
Buffers:           90620 kB
Cached:           834352 kB
MemTotal:        1844596 kB
MemFree:          600216 kB
MemAvailable:    1503784 kB
Buffers:           90620 kB
Cached:           834352 kB
MemTotal:        1844596 kB
MemFree:          600100 kB
MemAvailable:    1503668 kB
Buffers:           90620 kB
Cached:           834352 kB
MemTotal:        1844596 kB
MemFree:          597116 kB
MemAvailable:    1500684 kB
Buffers:           90620 kB
Cached:           834352 kB
MemTotal:        1844596 kB
MemFree:          596628 kB
MemAvailable:    1500196 kB
Buffers:           90620 kB
Cached:           834352 kB
MemTotal:        1844596 kB
MemFree:          594884 kB
MemAvailable:    1498452 kB
Buffers:           90620 kB
Cached:           834352 kB
MemTotal:        1844596 kB
MemFree:          594968 kB
MemAvailable:    1498536 kB
Buffers:           90620 kB
Cached:           834352 kB
MemTotal:        1844596 kB
MemFree:          593480 kB
MemAvailable:    1497048 kB
Buffers:           90620 kB
Cached:           834352 kB
MemTotal:        1844596 kB
MemFree:          593480 kB
MemAvailable:    1497048 kB
Buffers:           90620 kB
Cached:           834352 kB
MemTotal:        1844596 kB
MemFree:          594804 kB
MemAvailable:    1498372 kB
Buffers:           90620 kB
Cached:           834352 kB
MemTotal:        1844596 kB
MemFree:          593776 kB
MemAvailable:    1497344 kB
Buffers:           90620 kB
Cached:           834352 kB
MemTotal:        1844596 kB
MemFree:          594504 kB
MemAvailable:    1498072 kB
Buffers:           90620 kB
Cached:           834352 kB
MemTotal:        1844596 kB
MemFree:          594504 kB
MemAvailable:    1498072 kB
Buffers:           90620 kB
Cached:           834352 kB
MemTotal:        1844596 kB
MemFree:          594216 kB
MemAvailable:    1497784 kB
Buffers:           90620 kB
Cached:           834352 kB
MemTotal:        1844596 kB
MemFree:          594264 kB
MemAvailable:    1497832 kB
Buffers:           90620 kB
Cached:           834352 kB
MemTotal:        1844596 kB
MemFree:          594280 kB
MemAvailable:    1497848 kB
Buffers:           90620 kB
Cached:           834352 kB
MemTotal:        1844596 kB
MemFree:          594276 kB
MemAvailable:    1497844 kB
Buffers:           90620 kB
Cached:           834352 kB
MemTotal:        1844596 kB
MemFree:          594468 kB
MemAvailable:    1498036 kB
Buffers:           90620 kB
Cached:           834352 kB
MemTotal:        1844596 kB
MemFree:          593520 kB
MemAvailable:    1497088 kB
Buffers:           90620 kB
Cached:           834352 kB
MemTotal:        1844596 kB
MemFree:          594176 kB
MemAvailable:    1497744 kB
Buffers:           90620 kB
Cached:           834352 kB
MemTotal:        1844596 kB
MemFree:          594272 kB
MemAvailable:    1497840 kB
Buffers:           90620 kB
Cached:           834352 kB
MemTotal:        1844596 kB
MemFree:          591792 kB
MemAvailable:    1495360 kB
Buffers:           90620 kB
Cached:           834352 kB
MemTotal:        1844596 kB
MemFree:          587444 kB
MemAvailable:    1491012 kB
Buffers:           90620 kB
Cached:           834352 kB
MemTotal:        1844596 kB
MemFree:          588172 kB
MemAvailable:    1491740 kB
Buffers:           90620 kB
Cached:           834352 kB
MemTotal:        1844596 kB
MemFree:          588172 kB
MemAvailable:    1491740 kB
Buffers:           90620 kB
Cached:           834352 kB
MemTotal:        1844596 kB
MemFree:          587752 kB
MemAvailable:    1491320 kB
Buffers:           90620 kB
Cached:           834352 kB
MemTotal:        1844596 kB
MemFree:          587088 kB
MemAvailable:    1490656 kB
Buffers:           90620 kB
Cached:           834352 kB
MemTotal:        1844596 kB
MemFree:          586140 kB
MemAvailable:    1489708 kB
Buffers:           90620 kB
Cached:           834352 kB
MemTotal:        1844596 kB
MemFree:          585900 kB
MemAvailable:    1489468 kB
Buffers:           90620 kB
Cached:           834352 kB
MemTotal:        1844596 kB
MemFree:          584552 kB
MemAvailable:    1488120 kB
Buffers:           90620 kB
Cached:           834352 kB
MemTotal:        1844596 kB
MemFree:          585536 kB
MemAvailable:    1489104 kB
Buffers:           90620 kB
Cached:           834352 kB
MemTotal:        1844596 kB
MemFree:          584588 kB
MemAvailable:    1488156 kB
Buffers:           90620 kB
Cached:           834352 kB
MemTotal:        1844596 kB
MemFree:          585612 kB
MemAvailable:    1489180 kB
Buffers:           90620 kB
Cached:           834352 kB
MemTotal:        1844596 kB
MemFree:          585652 kB
MemAvailable:    1489220 kB
Buffers:           90620 kB
Cached:           834352 kB
MemTotal:        1844596 kB
MemFree:          584468 kB
MemAvailable:    1488036 kB
Buffers:           90620 kB
Cached:           834352 kB
MemTotal:        1844596 kB
MemFree:          584304 kB
MemAvailable:    1487872 kB
Buffers:           90620 kB
Cached:           834352 kB
MemTotal:        1844596 kB
MemFree:          585584 kB
MemAvailable:    1489152 kB
Buffers:           90620 kB
Cached:           834352 kB
MemTotal:        1844596 kB
MemFree:          585476 kB
MemAvailable:    1489044 kB
Buffers:           90620 kB
Cached:           834352 kB
MemTotal:        1844596 kB
MemFree:          585472 kB
MemAvailable:    1489040 kB
Buffers:           90620 kB
Cached:           834352 kB
MemTotal:        1844596 kB
MemFree:          584856 kB
MemAvailable:    1488424 kB
Buffers:           90620 kB
Cached:           834352 kB
MemTotal:        1844596 kB
MemFree:          585396 kB
MemAvailable:    1488964 kB
Buffers:           90620 kB
Cached:           834352 kB
MemTotal:        1844596 kB
MemFree:          585272 kB
MemAvailable:    1488840 kB
Buffers:           90620 kB
Cached:           834352 kB
MemTotal:        1844596 kB
MemFree:          584220 kB
MemAvailable:    1487788 kB
Buffers:           90620 kB
Cached:           834352 kB
MemTotal:        1844596 kB
MemFree:          585396 kB
MemAvailable:    1488964 kB
Buffers:           90620 kB
Cached:           834352 kB
MemTotal:        1844596 kB
MemFree:          584336 kB
MemAvailable:    1487904 kB
Buffers:           90620 kB
Cached:           834352 kB
MemTotal:        1844596 kB
MemFree:          585264 kB
MemAvailable:    1488832 kB
Buffers:           90620 kB
Cached:           834352 kB
MemTotal:        1844596 kB
MemFree:          585196 kB
MemAvailable:    1488764 kB
Buffers:           90620 kB
Cached:           834352 kB
MemTotal:        1844596 kB
MemFree:          584476 kB
MemAvailable:    1488044 kB
Buffers:           90620 kB
Cached:           834352 kB
MemTotal:        1844596 kB
MemFree:          582792 kB
MemAvailable:    1486360 kB
Buffers:           90620 kB
Cached:           834352 kB
MemTotal:        1844596 kB
MemFree:          580568 kB
MemAvailable:    1484136 kB
Buffers:           90620 kB
Cached:           834352 kB
MemTotal:        1844596 kB
MemFree:          578028 kB
MemAvailable:    1481596 kB
Buffers:           90620 kB
Cached:           834352 kB
MemTotal:        1844596 kB
MemFree:          577344 kB
MemAvailable:    1480912 kB
Buffers:           90620 kB
Cached:           834352 kB
MemTotal:        1844596 kB
MemFree:          577212 kB
MemAvailable:    1480780 kB
Buffers:           90620 kB
Cached:           834352 kB
MemTotal:        1844596 kB
MemFree:          576424 kB
MemAvailable:    1479992 kB
Buffers:           90620 kB
Cached:           834352 kB
MemTotal:        1844596 kB
MemFree:          576872 kB
MemAvailable:    1480448 kB
Buffers:           90620 kB
Cached:           834360 kB
MemTotal:        1844596 kB
MemFree:          576608 kB
MemAvailable:    1480184 kB
Buffers:           90620 kB
Cached:           834360 kB
MemTotal:        1844596 kB
MemFree:          576776 kB
MemAvailable:    1480352 kB
Buffers:           90620 kB
Cached:           834360 kB
MemTotal:        1844596 kB
MemFree:          576532 kB
MemAvailable:    1480108 kB
Buffers:           90620 kB
Cached:           834360 kB
MemTotal:        1844596 kB
MemFree:          576784 kB
MemAvailable:    1480360 kB
Buffers:           90620 kB
Cached:           834360 kB
MemTotal:        1844596 kB
MemFree:          576592 kB
MemAvailable:    1480168 kB
Buffers:           90620 kB
Cached:           834360 kB
MemTotal:        1844596 kB
MemFree:          576600 kB
MemAvailable:    1480176 kB
Buffers:           90620 kB
Cached:           834360 kB
MemTotal:        1844596 kB
MemFree:          576400 kB
MemAvailable:    1479976 kB
Buffers:           90620 kB
Cached:           834360 kB
MemTotal:        1844596 kB
MemFree:          576736 kB
MemAvailable:    1480312 kB
Buffers:           90620 kB
Cached:           834360 kB
MemTotal:        1844596 kB
MemFree:          575252 kB
MemAvailable:    1478828 kB
Buffers:           90620 kB
Cached:           834360 kB
MemTotal:        1844596 kB
MemFree:          576824 kB
MemAvailable:    1480400 kB
Buffers:           90620 kB
Cached:           834360 kB
MemTotal:        1844596 kB
MemFree:          575920 kB
MemAvailable:    1479496 kB
Buffers:           90620 kB
Cached:           834360 kB
MemTotal:        1844596 kB
MemFree:          575244 kB
MemAvailable:    1478820 kB
Buffers:           90620 kB
Cached:           834360 kB
MemTotal:        1844596 kB
MemFree:          576484 kB
MemAvailable:    1480060 kB
Buffers:           90620 kB
Cached:           834360 kB
MemTotal:        1844596 kB
MemFree:          575488 kB
MemAvailable:    1479064 kB
Buffers:           90620 kB
Cached:           834360 kB
MemTotal:        1844596 kB
MemFree:          575276 kB
MemAvailable:    1478852 kB
Buffers:           90620 kB
Cached:           834360 kB
MemTotal:        1844596 kB
MemFree:          576568 kB
MemAvailable:    1480144 kB
Buffers:           90620 kB
Cached:           834360 kB
MemTotal:        1844596 kB
MemFree:          576568 kB
MemAvailable:    1480144 kB
Buffers:           90620 kB
Cached:           834360 kB
MemTotal:        1844596 kB
MemFree:          575284 kB
MemAvailable:    1478860 kB
Buffers:           90620 kB
Cached:           834360 kB
MemTotal:        1844596 kB
MemFree:          575492 kB
MemAvailable:    1479068 kB
Buffers:           90620 kB
Cached:           834360 kB
MemTotal:        1844596 kB
MemFree:          576580 kB
MemAvailable:    1480156 kB
Buffers:           90620 kB
Cached:           834360 kB
MemTotal:        1844596 kB
MemFree:          575524 kB
MemAvailable:    1479100 kB
Buffers:           90620 kB
Cached:           834360 kB
MemTotal:        1844596 kB
MemFree:          576688 kB
MemAvailable:    1480264 kB
Buffers:           90620 kB
Cached:           834360 kB
MemTotal:        1844596 kB
MemFree:          576584 kB
MemAvailable:    1480160 kB
Buffers:           90620 kB
Cached:           834360 kB
MemTotal:        1844596 kB
MemFree:          576372 kB
MemAvailable:    1479948 kB
Buffers:           90620 kB
Cached:           834360 kB
MemTotal:        1844596 kB
MemFree:          575844 kB
MemAvailable:    1479420 kB
Buffers:           90620 kB
Cached:           834360 kB
MemTotal:        1844596 kB
MemFree:          576644 kB
MemAvailable:    1480220 kB
Buffers:           90620 kB
Cached:           834360 kB
MemTotal:        1844596 kB
MemFree:          575128 kB
MemAvailable:    1478704 kB
Buffers:           90620 kB
Cached:           834360 kB
MemTotal:        1844596 kB
MemFree:          576544 kB
MemAvailable:    1480120 kB
Buffers:           90620 kB
Cached:           834360 kB
MemTotal:        1844596 kB
MemFree:          576292 kB
MemAvailable:    1479868 kB
Buffers:           90620 kB
Cached:           834360 kB
MemTotal:        1844596 kB
MemFree:          576388 kB
MemAvailable:    1479964 kB
Buffers:           90620 kB
Cached:           834360 kB
MemTotal:        1844596 kB
MemFree:          576724 kB
MemAvailable:    1480300 kB
Buffers:           90620 kB
Cached:           834360 kB
MemTotal:        1844596 kB
MemFree:          575656 kB
MemAvailable:    1479232 kB
Buffers:           90620 kB
Cached:           834360 kB
MemTotal:        1844596 kB
MemFree:          575424 kB
MemAvailable:    1479000 kB
Buffers:           90620 kB
Cached:           834360 kB
MemTotal:        1844596 kB
MemFree:          571292 kB
MemAvailable:    1474868 kB
Buffers:           90620 kB
Cached:           834360 kB
MemTotal:        1844596 kB
MemFree:          568108 kB
MemAvailable:    1471684 kB
Buffers:           90620 kB
Cached:           834360 kB
MemTotal:        1844596 kB
MemFree:          565256 kB
MemAvailable:    1468832 kB
Buffers:           90620 kB
Cached:           834360 kB
MemTotal:        1844596 kB
MemFree:          565008 kB
MemAvailable:    1468584 kB
Buffers:           90620 kB
Cached:           834360 kB
MemTotal:        1844596 kB
MemFree:          564884 kB
MemAvailable:    1468460 kB
Buffers:           90620 kB
Cached:           834360 kB
MemTotal:        1844596 kB
MemFree:          565868 kB
MemAvailable:    1469444 kB
Buffers:           90620 kB
Cached:           834360 kB
MemTotal:        1844596 kB
MemFree:          564496 kB
MemAvailable:    1468072 kB
Buffers:           90620 kB
Cached:           834360 kB
MemTotal:        1844596 kB
MemFree:          565680 kB
MemAvailable:    1469256 kB
Buffers:           90620 kB
Cached:           834360 kB
MemTotal:        1844596 kB
MemFree:          565132 kB
MemAvailable:    1468708 kB
Buffers:           90620 kB
Cached:           834360 kB
MemTotal:        1844596 kB
MemFree:          565792 kB
MemAvailable:    1469368 kB
Buffers:           90620 kB
Cached:           834360 kB
MemTotal:        1844596 kB
MemFree:          564576 kB
MemAvailable:    1468152 kB
Buffers:           90620 kB
Cached:           834360 kB
MemTotal:        1844596 kB
MemFree:          564568 kB
MemAvailable:    1468144 kB
Buffers:           90620 kB
Cached:           834360 kB
MemTotal:        1844596 kB
MemFree:          564444 kB
MemAvailable:    1468020 kB
Buffers:           90620 kB
Cached:           834360 kB
MemTotal:        1844596 kB
MemFree:          565588 kB
MemAvailable:    1469164 kB
Buffers:           90620 kB
Cached:           834360 kB
MemTotal:        1844596 kB
MemFree:          565752 kB
MemAvailable:    1469328 kB
Buffers:           90620 kB
Cached:           834360 kB
MemTotal:        1844596 kB
MemFree:          565572 kB
MemAvailable:    1469148 kB
Buffers:           90620 kB
Cached:           834360 kB
MemTotal:        1844596 kB
MemFree:          564456 kB
MemAvailable:    1468032 kB
Buffers:           90620 kB
Cached:           834360 kB
MemTotal:        1844596 kB
MemFree:          565624 kB
MemAvailable:    1469200 kB
Buffers:           90620 kB
Cached:           834360 kB
MemTotal:        1844596 kB
MemFree:          565752 kB
MemAvailable:    1469328 kB
Buffers:           90620 kB
Cached:           834360 kB
MemTotal:        1844596 kB
MemFree:          564692 kB
MemAvailable:    1468268 kB
Buffers:           90620 kB
Cached:           834360 kB
MemTotal:        1844596 kB
MemFree:          565780 kB
MemAvailable:    1469356 kB
Buffers:           90620 kB
Cached:           834360 kB
MemTotal:        1844596 kB
MemFree:          565844 kB
MemAvailable:    1469420 kB
Buffers:           90620 kB
Cached:           834360 kB
MemTotal:        1844596 kB
MemFree:          564440 kB
MemAvailable:    1468016 kB
Buffers:           90620 kB
Cached:           834360 kB
MemTotal:        1844596 kB
MemFree:          565736 kB
MemAvailable:    1469312 kB
Buffers:           90620 kB
Cached:           834360 kB
MemTotal:        1844596 kB
MemFree:          564512 kB
MemAvailable:    1468088 kB
Buffers:           90620 kB
Cached:           834360 kB
MemTotal:        1844596 kB
MemFree:          564512 kB
MemAvailable:    1468088 kB
Buffers:           90620 kB
Cached:           834360 kB
MemTotal:        1844596 kB
MemFree:          565572 kB
MemAvailable:    1469148 kB
Buffers:           90620 kB
Cached:           834360 kB
MemTotal:        1844596 kB
MemFree:          565256 kB
MemAvailable:    1468832 kB
Buffers:           90620 kB
Cached:           834360 kB
MemTotal:        1844596 kB
MemFree:          565740 kB
MemAvailable:    1469316 kB
Buffers:           90620 kB
Cached:           834360 kB
MemTotal:        1844596 kB
MemFree:          564884 kB
MemAvailable:    1468460 kB
Buffers:           90620 kB
Cached:           834360 kB
MemTotal:        1844596 kB
MemFree:          565572 kB
MemAvailable:    1469156 kB
Buffers:           90620 kB
Cached:           834368 kB
MemTotal:        1844596 kB
MemFree:          565504 kB
MemAvailable:    1469088 kB
Buffers:           90620 kB
Cached:           834368 kB
MemTotal:        1844596 kB
MemFree:          565572 kB
MemAvailable:    1469156 kB
Buffers:           90620 kB
Cached:           834368 kB
MemTotal:        1844596 kB
MemFree:          564456 kB
MemAvailable:    1468040 kB
Buffers:           90620 kB
Cached:           834368 kB
MemTotal:        1844596 kB
MemFree:          565752 kB
MemAvailable:    1469336 kB
Buffers:           90620 kB
Cached:           834368 kB
MemTotal:        1844596 kB
MemFree:          565016 kB
MemAvailable:    1468600 kB
Buffers:           90620 kB
Cached:           834368 kB
MemTotal:        1844596 kB
MemFree:          564464 kB
MemAvailable:    1468048 kB
Buffers:           90620 kB
Cached:           834368 kB
MemTotal:        1844596 kB
MemFree:          565768 kB
MemAvailable:    1469352 kB
Buffers:           90620 kB
Cached:           834368 kB
MemTotal:        1844596 kB
MemFree:          565804 kB
MemAvailable:    1469388 kB
Buffers:           90620 kB
Cached:           834368 kB
MemTotal:        1844596 kB
MemFree:          564884 kB
MemAvailable:    1468468 kB
Buffers:           90620 kB
Cached:           834368 kB
MemTotal:        1844596 kB
MemFree:          565532 kB
MemAvailable:    1469116 kB
Buffers:           90620 kB
Cached:           834368 kB
MemTotal:        1844596 kB
MemFree:          565628 kB
MemAvailable:    1469212 kB
Buffers:           90620 kB
Cached:           834368 kB
MemTotal:        1844596 kB
MemFree:          565572 kB
MemAvailable:    1469156 kB
Buffers:           90620 kB
Cached:           834368 kB
MemTotal:        1844596 kB
MemFree:          565732 kB
MemAvailable:    1469316 kB
Buffers:           90620 kB
Cached:           834368 kB
MemTotal:        1844596 kB
MemFree:          565372 kB
MemAvailable:    1468956 kB
Buffers:           90620 kB
Cached:           834368 kB
MemTotal:        1844596 kB
MemFree:          565732 kB
MemAvailable:    1469316 kB
Buffers:           90620 kB
Cached:           834368 kB
MemTotal:        1844596 kB
MemFree:          564444 kB
MemAvailable:    1468028 kB
Buffers:           90620 kB
Cached:           834368 kB
MemTotal:        1844596 kB
MemFree:          564604 kB
MemAvailable:    1468188 kB
Buffers:           90620 kB
Cached:           834368 kB
MemTotal:        1844596 kB
MemFree:          564480 kB
MemAvailable:    1468064 kB
Buffers:           90620 kB
Cached:           834368 kB
MemTotal:        1844596 kB
MemFree:          564388 kB
MemAvailable:    1467972 kB
Buffers:           90620 kB
Cached:           834368 kB
MemTotal:        1844596 kB
MemFree:          564380 kB
MemAvailable:    1467964 kB
Buffers:           90620 kB
Cached:           834368 kB
MemTotal:        1844596 kB
MemFree:          563892 kB
MemAvailable:    1467476 kB
Buffers:           90620 kB
Cached:           834368 kB
MemTotal:        1844596 kB
MemFree:          565008 kB
MemAvailable:    1468592 kB
Buffers:           90620 kB
Cached:           834368 kB
MemTotal:        1844596 kB
MemFree:          564016 kB
MemAvailable:    1467600 kB
Buffers:           90620 kB
Cached:           834368 kB
MemTotal:        1844596 kB
MemFree:          564624 kB
MemAvailable:    1468208 kB
Buffers:           90620 kB
Cached:           834368 kB
MemTotal:        1844596 kB
MemFree:          564444 kB
MemAvailable:    1468028 kB
Buffers:           90620 kB
Cached:           834368 kB
MemTotal:        1844596 kB
MemFree:          564696 kB
MemAvailable:    1468280 kB
Buffers:           90620 kB
Cached:           834368 kB
MemTotal:        1844596 kB
MemFree:          563264 kB
MemAvailable:    1466848 kB
Buffers:           90620 kB
Cached:           834368 kB
MemTotal:        1844596 kB
MemFree:          563264 kB
MemAvailable:    1466848 kB
Buffers:           90620 kB
Cached:           834368 kB
MemTotal:        1844596 kB
MemFree:          563264 kB
MemAvailable:    1466848 kB
Buffers:           90620 kB
Cached:           834368 kB
MemTotal:        1844596 kB
MemFree:          564496 kB
MemAvailable:    1468080 kB
Buffers:           90620 kB
Cached:           834368 kB
MemTotal:        1844596 kB
MemFree:          563008 kB
MemAvailable:    1466592 kB
Buffers:           90620 kB
Cached:           834368 kB
MemTotal:        1844596 kB
MemFree:          563380 kB
MemAvailable:    1466964 kB
Buffers:           90620 kB
Cached:           834368 kB
MemTotal:        1844596 kB
MemFree:          563024 kB
MemAvailable:    1466608 kB
Buffers:           90620 kB
Cached:           834368 kB
MemTotal:        1844596 kB
MemFree:          564348 kB
MemAvailable:    1467932 kB
Buffers:           90620 kB
Cached:           834368 kB
MemTotal:        1844596 kB
MemFree:          563280 kB
MemAvailable:    1466864 kB
Buffers:           90620 kB
Cached:           834368 kB
MemTotal:        1844596 kB
MemFree:          564000 kB
MemAvailable:    1467584 kB
Buffers:           90620 kB
Cached:           834368 kB
MemTotal:        1844596 kB
MemFree:          564336 kB
MemAvailable:    1467920 kB
Buffers:           90620 kB
Cached:           834368 kB
MemTotal:        1844596 kB
MemFree:          564132 kB
MemAvailable:    1467716 kB
Buffers:           90620 kB
Cached:           834368 kB
MemTotal:        1844596 kB
MemFree:          564344 kB
MemAvailable:    1467928 kB
Buffers:           90620 kB
Cached:           834368 kB
MemTotal:        1844596 kB
MemFree:          564200 kB
MemAvailable:    1467784 kB
Buffers:           90620 kB
Cached:           834368 kB
MemTotal:        1844596 kB
MemFree:          562976 kB
MemAvailable:    1466560 kB
Buffers:           90620 kB
Cached:           834368 kB
MemTotal:        1844596 kB
MemFree:          564372 kB
MemAvailable:    1467956 kB
Buffers:           90620 kB
Cached:           834368 kB
MemTotal:        1844596 kB
MemFree:          564372 kB
MemAvailable:    1467956 kB
Buffers:           90620 kB
Cached:           834368 kB
MemTotal:        1844596 kB
MemFree:          562884 kB
MemAvailable:    1466468 kB
Buffers:           90620 kB
Cached:           834368 kB
MemTotal:        1844596 kB
MemFree:          562884 kB
MemAvailable:    1466468 kB
Buffers:           90620 kB
Cached:           834368 kB
MemTotal:        1844596 kB
MemFree:          560900 kB
MemAvailable:    1464484 kB
Buffers:           90620 kB
Cached:           834368 kB
MemTotal:        1844596 kB
MemFree:          560900 kB
MemAvailable:    1464484 kB
Buffers:           90620 kB
Cached:           834368 kB
MemTotal:        1844596 kB
MemFree:          555336 kB
MemAvailable:    1458920 kB
Buffers:           90620 kB
Cached:           834368 kB
MemTotal:        1844596 kB
MemFree:          552104 kB
MemAvailable:    1455688 kB
Buffers:           90620 kB
Cached:           834368 kB
MemTotal:        1844596 kB
MemFree:          552236 kB
MemAvailable:    1455820 kB
Buffers:           90620 kB
Cached:           834368 kB
MemTotal:        1844596 kB
MemFree:          552716 kB
MemAvailable:    1456308 kB
Buffers:           90620 kB
Cached:           834376 kB
MemTotal:        1844596 kB
MemFree:          552608 kB
MemAvailable:    1456200 kB
Buffers:           90620 kB
Cached:           834376 kB
MemTotal:        1844596 kB
MemFree:          552480 kB
MemAvailable:    1456072 kB
Buffers:           90620 kB
Cached:           834376 kB
MemTotal:        1844596 kB
MemFree:          551312 kB
MemAvailable:    1454904 kB
Buffers:           90620 kB
Cached:           834376 kB
MemTotal:        1844596 kB
MemFree:          552164 kB
MemAvailable:    1455756 kB
Buffers:           90620 kB
Cached:           834376 kB
MemTotal:        1844596 kB
MemFree:          550600 kB
MemAvailable:    1454192 kB
Buffers:           90620 kB
Cached:           834376 kB
MemTotal:        1844596 kB
MemFree:          550004 kB
MemAvailable:    1453596 kB
Buffers:           90620 kB
Cached:           834376 kB
MemTotal:        1844596 kB
MemFree:          549508 kB
MemAvailable:    1453100 kB
Buffers:           90620 kB
Cached:           834376 kB
MemTotal:        1844596 kB
MemFree:          549940 kB
MemAvailable:    1453532 kB
Buffers:           90620 kB
Cached:           834376 kB
MemTotal:        1844596 kB
MemFree:          548276 kB
MemAvailable:    1451868 kB
Buffers:           90620 kB
Cached:           834376 kB
MemTotal:        1844596 kB
MemFree:          549004 kB
MemAvailable:    1452596 kB
Buffers:           90620 kB
Cached:           834376 kB
MemTotal:        1844596 kB
MemFree:          549260 kB
MemAvailable:    1452852 kB
Buffers:           90620 kB
Cached:           834376 kB
MemTotal:        1844596 kB
MemFree:          548816 kB
MemAvailable:    1452408 kB
Buffers:           90620 kB
Cached:           834376 kB
MemTotal:        1844596 kB
MemFree:          548632 kB
MemAvailable:    1452224 kB
Buffers:           90620 kB
Cached:           834376 kB
MemTotal:        1844596 kB
MemFree:          548928 kB
MemAvailable:    1452520 kB
Buffers:           90620 kB
Cached:           834376 kB
MemTotal:        1844596 kB
MemFree:          548848 kB
MemAvailable:    1452440 kB
Buffers:           90620 kB
Cached:           834376 kB
MemTotal:        1844596 kB
MemFree:          549012 kB
MemAvailable:    1452604 kB
Buffers:           90620 kB
Cached:           834376 kB
MemTotal:        1844596 kB
MemFree:          549000 kB
MemAvailable:    1452592 kB
Buffers:           90620 kB
Cached:           834376 kB
MemTotal:        1844596 kB
MemFree:          548888 kB
MemAvailable:    1452480 kB
Buffers:           90620 kB
Cached:           834376 kB
MemTotal:        1844596 kB
MemFree:          549120 kB
MemAvailable:    1452712 kB
Buffers:           90620 kB
Cached:           834376 kB
MemTotal:        1844596 kB
MemFree:          548808 kB
MemAvailable:    1452400 kB
Buffers:           90620 kB
Cached:           834376 kB
MemTotal:        1844596 kB
MemFree:          549060 kB
MemAvailable:    1452652 kB
Buffers:           90620 kB
Cached:           834376 kB
MemTotal:        1844596 kB
MemFree:          547592 kB
MemAvailable:    1451184 kB
Buffers:           90620 kB
Cached:           834376 kB
MemTotal:        1844596 kB
MemFree:          548764 kB
MemAvailable:    1452356 kB
Buffers:           90620 kB
Cached:           834376 kB
MemTotal:        1844596 kB
MemFree:          548328 kB
MemAvailable:    1451920 kB
Buffers:           90620 kB
Cached:           834376 kB
MemTotal:        1844596 kB
MemFree:          548196 kB
MemAvailable:    1451788 kB
Buffers:           90620 kB
Cached:           834376 kB
MemTotal:        1844596 kB
MemFree:          546904 kB
MemAvailable:    1450496 kB
Buffers:           90620 kB
Cached:           834376 kB
MemTotal:        1844596 kB
MemFree:          545912 kB
MemAvailable:    1449504 kB
Buffers:           90620 kB
Cached:           834376 kB
MemTotal:        1844596 kB
MemFree:          547136 kB
MemAvailable:    1450728 kB
Buffers:           90620 kB
Cached:           834376 kB
MemTotal:        1844596 kB
MemFree:          547136 kB
MemAvailable:    1450728 kB
Buffers:           90620 kB
Cached:           834376 kB
MemTotal:        1844596 kB
MemFree:          546044 kB
MemAvailable:    1449640 kB
Buffers:           90620 kB
Cached:           834380 kB
MemTotal:        1844596 kB
MemFree:          545540 kB
MemAvailable:    1449136 kB
Buffers:           90620 kB
Cached:           834380 kB
MemTotal:        1844596 kB
MemFree:          544904 kB
MemAvailable:    1448500 kB
Buffers:           90620 kB
Cached:           834380 kB
MemTotal:        1844596 kB
MemFree:          545516 kB
MemAvailable:    1449112 kB
Buffers:           90620 kB
Cached:           834380 kB
MemTotal:        1844596 kB
MemFree:          545516 kB
MemAvailable:    1449112 kB
Buffers:           90620 kB
Cached:           834380 kB
MemTotal:        1844596 kB
MemFree:          545352 kB
MemAvailable:    1448948 kB
Buffers:           90620 kB
Cached:           834380 kB
MemTotal:        1844596 kB
MemFree:          545104 kB
MemAvailable:    1448700 kB
Buffers:           90620 kB
Cached:           834380 kB
MemTotal:        1844596 kB
MemFree:          543804 kB
MemAvailable:    1447400 kB
Buffers:           90620 kB
Cached:           834380 kB
MemTotal:        1844596 kB
MemFree:          544656 kB
MemAvailable:    1448252 kB
Buffers:           90620 kB
Cached:           834380 kB
MemTotal:        1844596 kB
MemFree:          543420 kB
MemAvailable:    1447016 kB
Buffers:           90620 kB
Cached:           834380 kB
MemTotal:        1844596 kB
MemFree:          544736 kB
MemAvailable:    1448332 kB
Buffers:           90620 kB
Cached:           834380 kB
MemTotal:        1844596 kB
MemFree:          544988 kB
MemAvailable:    1448584 kB
Buffers:           90620 kB
Cached:           834380 kB
MemTotal:        1844596 kB
MemFree:          543424 kB
MemAvailable:    1447020 kB
Buffers:           90620 kB
Cached:           834380 kB
MemTotal:        1844596 kB
MemFree:          543632 kB
MemAvailable:    1447228 kB
Buffers:           90620 kB
Cached:           834380 kB
MemTotal:        1844596 kB
MemFree:          543880 kB
MemAvailable:    1447476 kB
Buffers:           90620 kB
Cached:           834380 kB
MemTotal:        1844596 kB
MemFree:          543632 kB
MemAvailable:    1447228 kB
Buffers:           90620 kB
Cached:           834380 kB
MemTotal:        1844596 kB
MemFree:          544976 kB
MemAvailable:    1448572 kB
Buffers:           90620 kB
Cached:           834380 kB
MemTotal:        1844596 kB
MemFree:          544052 kB
MemAvailable:    1447648 kB
Buffers:           90620 kB
Cached:           834380 kB
MemTotal:        1844596 kB
MemFree:          544540 kB
MemAvailable:    1448136 kB
Buffers:           90620 kB
Cached:           834380 kB
MemTotal:        1844596 kB
MemFree:          544792 kB
MemAvailable:    1448388 kB
Buffers:           90620 kB
Cached:           834380 kB
MemTotal:        1844596 kB
MemFree:          544500 kB
MemAvailable:    1448096 kB
Buffers:           90620 kB
Cached:           834380 kB
MemTotal:        1844596 kB
MemFree:          544556 kB
MemAvailable:    1448152 kB
Buffers:           90620 kB
Cached:           834380 kB
MemTotal:        1844596 kB
MemFree:          543812 kB
MemAvailable:    1447408 kB
Buffers:           90620 kB
Cached:           834380 kB
MemTotal:        1844596 kB
MemFree:          543680 kB
MemAvailable:    1447276 kB
Buffers:           90620 kB
Cached:           834380 kB
MemTotal:        1844596 kB
MemFree:          544912 kB
MemAvailable:    1448508 kB
Buffers:           90620 kB
Cached:           834380 kB
MemTotal:        1844596 kB
MemFree:          543424 kB
MemAvailable:    1447020 kB
Buffers:           90620 kB
Cached:           834380 kB
MemTotal:        1844596 kB
MemFree:          544656 kB
MemAvailable:    1448252 kB
Buffers:           90620 kB
Cached:           834380 kB
MemTotal:        1844596 kB
MemFree:          544416 kB
MemAvailable:    1448012 kB
Buffers:           90620 kB
Cached:           834380 kB
MemTotal:        1844596 kB
MemFree:          544516 kB
MemAvailable:    1448112 kB
Buffers:           90620 kB
Cached:           834380 kB
MemTotal:        1844596 kB
MemFree:          544548 kB
MemAvailable:    1448144 kB
Buffers:           90620 kB
Cached:           834380 kB
MemTotal:        1844596 kB
MemFree:          543252 kB
MemAvailable:    1446848 kB
Buffers:           90620 kB
Cached:           834380 kB
MemTotal:        1844596 kB
MemFree:          544520 kB
MemAvailable:    1448116 kB
Buffers:           90620 kB
Cached:           834380 kB
MemTotal:        1844596 kB
MemFree:          544052 kB
MemAvailable:    1447648 kB
Buffers:           90620 kB
Cached:           834380 kB
MemTotal:        1844596 kB
MemFree:          544588 kB
MemAvailable:    1448184 kB
Buffers:           90620 kB
Cached:           834380 kB
MemTotal:        1844596 kB
MemFree:          543424 kB
MemAvailable:    1447020 kB
Buffers:           90620 kB
Cached:           834380 kB
MemTotal:        1844596 kB
MemFree:          542192 kB
MemAvailable:    1445788 kB
Buffers:           90620 kB
Cached:           834380 kB
MemTotal:        1844596 kB
MemFree:          542012 kB
MemAvailable:    1445608 kB
Buffers:           90620 kB
Cached:           834380 kB
MemTotal:        1844596 kB
MemFree:          543164 kB
MemAvailable:    1446760 kB
Buffers:           90620 kB
Cached:           834380 kB
MemTotal:        1844596 kB
MemFree:          542548 kB
MemAvailable:    1446144 kB
Buffers:           90620 kB
Cached:           834380 kB
MemTotal:        1844596 kB
MemFree:          542548 kB
MemAvailable:    1446144 kB
Buffers:           90620 kB
Cached:           834380 kB
MemTotal:        1844596 kB
MemFree:          539704 kB
MemAvailable:    1443300 kB
Buffers:           90620 kB
Cached:           834380 kB
MemTotal:        1844596 kB
MemFree:          539916 kB
MemAvailable:    1443512 kB
Buffers:           90620 kB
Cached:           834380 kB
MemTotal:        1844596 kB
MemFree:          534620 kB
MemAvailable:    1438216 kB
Buffers:           90620 kB
Cached:           834380 kB
MemTotal:        1844596 kB
MemFree:          534704 kB
MemAvailable:    1438300 kB
Buffers:           90620 kB
Cached:           834380 kB
MemTotal:        1844596 kB
MemFree:          529776 kB
MemAvailable:    1433372 kB
Buffers:           90620 kB
Cached:           834380 kB
MemTotal:        1844596 kB
MemFree:          529296 kB
MemAvailable:    1432892 kB
Buffers:           90620 kB
Cached:           834380 kB
MemTotal:        1844596 kB
MemFree:          525204 kB
MemAvailable:    1428800 kB
Buffers:           90620 kB
Cached:           834380 kB
MemTotal:        1844596 kB
MemFree:          525188 kB
MemAvailable:    1428784 kB
Buffers:           90620 kB
Cached:           834380 kB
MemTotal:        1844596 kB
MemFree:          525576 kB
MemAvailable:    1429172 kB
Buffers:           90620 kB
Cached:           834380 kB
MemTotal:        1844596 kB
MemFree:          525328 kB
MemAvailable:    1428924 kB
Buffers:           90620 kB
Cached:           834380 kB
MemTotal:        1844596 kB
MemFree:          525204 kB
MemAvailable:    1428800 kB
Buffers:           90620 kB
Cached:           834380 kB
MemTotal:        1844596 kB
MemFree:          525924 kB
MemAvailable:    1429520 kB
Buffers:           90620 kB
Cached:           834380 kB
MemTotal:        1844596 kB
MemFree:          525888 kB
MemAvailable:    1429484 kB
Buffers:           90620 kB
Cached:           834380 kB
MemTotal:        1844596 kB
MemFree:          525692 kB
MemAvailable:    1429288 kB
Buffers:           90620 kB
Cached:           834380 kB
MemTotal:        1844596 kB
MemFree:          524684 kB
MemAvailable:    1428280 kB
Buffers:           90620 kB
Cached:           834380 kB
MemTotal:        1844596 kB
MemFree:          524544 kB
MemAvailable:    1428140 kB
Buffers:           90620 kB
Cached:           834380 kB
MemTotal:        1844596 kB
MemFree:          524956 kB
MemAvailable:    1428552 kB
Buffers:           90620 kB
Cached:           834380 kB
MemTotal:        1844596 kB
MemFree:          525896 kB
MemAvailable:    1429492 kB
Buffers:           90620 kB
Cached:           834380 kB
MemTotal:        1844596 kB
MemFree:          525180 kB
MemAvailable:    1428776 kB
Buffers:           90620 kB
Cached:           834380 kB
MemTotal:        1844596 kB
MemFree:          525180 kB
MemAvailable:    1428776 kB
Buffers:           90620 kB
Cached:           834380 kB
MemTotal:        1844596 kB
MemFree:          523820 kB
MemAvailable:    1427416 kB
Buffers:           90620 kB
Cached:           834380 kB
MemTotal:        1844596 kB
MemFree:          523820 kB
MemAvailable:    1427416 kB
Buffers:           90620 kB
Cached:           834380 kB
MemTotal:        1844596 kB
MemFree:          525120 kB
MemAvailable:    1428716 kB
Buffers:           90620 kB
Cached:           834380 kB
MemTotal:        1844596 kB
MemFree:          524948 kB
MemAvailable:    1428544 kB
Buffers:           90620 kB
Cached:           834380 kB
MemTotal:        1844596 kB
MemFree:          524876 kB
MemAvailable:    1428472 kB
Buffers:           90620 kB
Cached:           834380 kB
MemTotal:        1844596 kB
MemFree:          524876 kB
MemAvailable:    1428472 kB
Buffers:           90620 kB
Cached:           834380 kB
MemTotal:        1844596 kB
MemFree:          524876 kB
MemAvailable:    1428472 kB
Buffers:           90620 kB
Cached:           834380 kB
MemTotal:        1844596 kB
MemFree:          523832 kB
MemAvailable:    1427428 kB
Buffers:           90620 kB
Cached:           834380 kB
MemTotal:        1844596 kB
MemFree:          523832 kB
MemAvailable:    1427428 kB
Buffers:           90620 kB
Cached:           834380 kB
MemTotal:        1844596 kB
MemFree:          525068 kB
MemAvailable:    1428664 kB
Buffers:           90620 kB
Cached:           834380 kB
MemTotal:        1844596 kB
MemFree:          523696 kB
MemAvailable:    1427292 kB
Buffers:           90620 kB
Cached:           834380 kB
MemTotal:        1844596 kB
MemFree:          524996 kB
MemAvailable:    1428596 kB
Buffers:           90620 kB
Cached:           834384 kB
MemTotal:        1844596 kB
MemFree:          525116 kB
MemAvailable:    1428716 kB
Buffers:           90620 kB
Cached:           834384 kB
MemTotal:        1844596 kB
MemFree:          525060 kB
MemAvailable:    1428664 kB
Buffers:           90620 kB
Cached:           834388 kB
MemTotal:        1844596 kB
MemFree:          523840 kB
MemAvailable:    1427444 kB
Buffers:           90620 kB
Cached:           834388 kB
MemTotal:        1844596 kB
MemFree:          524908 kB
MemAvailable:    1428512 kB
Buffers:           90620 kB
Cached:           834388 kB
MemTotal:        1844596 kB
MemFree:          525088 kB
MemAvailable:    1428692 kB
Buffers:           90620 kB
Cached:           834388 kB
MemTotal:        1844596 kB
MemFree:          523908 kB
MemAvailable:    1427512 kB
Buffers:           90620 kB
Cached:           834388 kB
MemTotal:        1844596 kB
MemFree:          524792 kB
MemAvailable:    1428396 kB
Buffers:           90620 kB
Cached:           834388 kB
MemTotal:        1844596 kB
MemFree:          522352 kB
MemAvailable:    1425956 kB
Buffers:           90620 kB
Cached:           834388 kB
MemTotal:        1844596 kB
MemFree:          517020 kB
MemAvailable:    1420624 kB
Buffers:           90620 kB
Cached:           834388 kB
MemTotal:        1844596 kB
MemFree:          512168 kB
MemAvailable:    1415648 kB
Buffers:           90620 kB
Cached:           834388 kB
MemTotal:        1844596 kB
MemFree:          511192 kB
MemAvailable:    1414796 kB
Buffers:           90620 kB
Cached:           834388 kB
MemTotal:        1844596 kB
MemFree:          508960 kB
MemAvailable:    1412564 kB
Buffers:           90620 kB
Cached:           834388 kB
MemTotal:        1844596 kB
MemFree:          506912 kB
MemAvailable:    1410516 kB
Buffers:           90620 kB
Cached:           834388 kB
MemTotal:        1844596 kB
MemFree:          506672 kB
MemAvailable:    1410276 kB
Buffers:           90620 kB
Cached:           834388 kB
MemTotal:        1844596 kB
MemFree:          506924 kB
MemAvailable:    1410528 kB
Buffers:           90620 kB
Cached:           834388 kB
MemTotal:        1844596 kB
MemFree:          505612 kB
MemAvailable:    1409216 kB
Buffers:           90620 kB
Cached:           834388 kB
MemTotal:        1844596 kB
MemFree:          506852 kB
MemAvailable:    1410456 kB
Buffers:           90620 kB
Cached:           834388 kB
MemTotal:        1844596 kB
MemFree:          506936 kB
MemAvailable:    1410540 kB
Buffers:           90620 kB
Cached:           834388 kB
MemTotal:        1844596 kB
MemFree:          506680 kB
MemAvailable:    1410284 kB
Buffers:           90620 kB
Cached:           834388 kB
MemTotal:        1844596 kB
MemFree:          505476 kB
MemAvailable:    1409080 kB
Buffers:           90620 kB
Cached:           834388 kB
MemTotal:        1844596 kB
MemFree:          506660 kB
MemAvailable:    1410264 kB
Buffers:           90620 kB
Cached:           834388 kB
MemTotal:        1844596 kB
MemFree:          506744 kB
MemAvailable:    1410348 kB
Buffers:           90620 kB
Cached:           834388 kB
MemTotal:        1844596 kB
MemFree:          506704 kB
MemAvailable:    1410308 kB
Buffers:           90620 kB
Cached:           834388 kB
MemTotal:        1844596 kB
MemFree:          506788 kB
MemAvailable:    1410392 kB
Buffers:           90620 kB
Cached:           834388 kB
MemTotal:        1844596 kB
MemFree:          506356 kB
MemAvailable:    1409960 kB
Buffers:           90620 kB
Cached:           834388 kB
MemTotal:        1844596 kB
MemFree:          506668 kB
MemAvailable:    1410272 kB
Buffers:           90620 kB
Cached:           834388 kB
MemTotal:        1844596 kB
MemFree:          506488 kB
MemAvailable:    1410092 kB
Buffers:           90620 kB
Cached:           834388 kB
MemTotal:        1844596 kB
MemFree:          506912 kB
MemAvailable:    1410516 kB
Buffers:           90620 kB
Cached:           834388 kB
MemTotal:        1844596 kB
MemFree:          506804 kB
MemAvailable:    1410408 kB
Buffers:           90620 kB
Cached:           834388 kB
MemTotal:        1844596 kB
MemFree:          506800 kB
MemAvailable:    1410404 kB
Buffers:           90620 kB
Cached:           834388 kB
MemTotal:        1844596 kB
MemFree:          506588 kB
MemAvailable:    1410192 kB
Buffers:           90620 kB
Cached:           834388 kB
MemTotal:        1844596 kB
MemFree:          506728 kB
MemAvailable:    1410332 kB
Buffers:           90620 kB
Cached:           834388 kB
MemTotal:        1844596 kB
MemFree:          505680 kB
MemAvailable:    1409284 kB
Buffers:           90620 kB
Cached:           834388 kB
MemTotal:        1844596 kB
MemFree:          506672 kB
MemAvailable:    1410276 kB
Buffers:           90620 kB
Cached:           834388 kB
MemTotal:        1844596 kB
MemFree:          505556 kB
MemAvailable:    1409160 kB
Buffers:           90620 kB
Cached:           834388 kB
MemTotal:        1844596 kB
MemFree:          506732 kB
MemAvailable:    1410336 kB
Buffers:           90620 kB
Cached:           834388 kB
MemTotal:        1844596 kB
MemFree:          506768 kB
MemAvailable:    1410372 kB
Buffers:           90620 kB
Cached:           834388 kB
MemTotal:        1844596 kB
MemFree:          506696 kB
MemAvailable:    1410300 kB
Buffers:           90620 kB
Cached:           834388 kB
MemTotal:        1844596 kB
MemFree:          506948 kB
MemAvailable:    1410552 kB
Buffers:           90620 kB
Cached:           834388 kB
MemTotal:        1844596 kB
MemFree:          505440 kB
MemAvailable:    1409044 kB
Buffers:           90620 kB
Cached:           834388 kB
MemTotal:        1844596 kB
MemFree:          506588 kB
MemAvailable:    1410192 kB
Buffers:           90620 kB
Cached:           834388 kB
MemTotal:        1844596 kB
MemFree:          506588 kB
MemAvailable:    1410192 kB
Buffers:           90620 kB
Cached:           834388 kB
MemTotal:        1844596 kB
MemFree:          506768 kB
MemAvailable:    1410372 kB
Buffers:           90620 kB
Cached:           834388 kB
MemTotal:        1844596 kB
MemFree:          506728 kB
MemAvailable:    1410332 kB
Buffers:           90620 kB
Cached:           834388 kB
MemTotal:        1844596 kB
MemFree:          505984 kB
MemAvailable:    1409588 kB
Buffers:           90620 kB
Cached:           834388 kB
MemTotal:        1844596 kB
MemFree:          506832 kB
MemAvailable:    1410440 kB
Buffers:           90620 kB
Cached:           834388 kB
MemTotal:        1844596 kB
MemFree:          505488 kB
MemAvailable:    1409096 kB
Buffers:           90620 kB
Cached:           834388 kB
MemTotal:        1844596 kB
MemFree:          505488 kB
MemAvailable:    1409096 kB
Buffers:           90620 kB
Cached:           834388 kB
MemTotal:        1844596 kB
MemFree:          506788 kB
MemAvailable:    1410396 kB
Buffers:           90620 kB
Cached:           834388 kB
MemTotal:        1844596 kB
MemFree:          504248 kB
MemAvailable:    1407856 kB
Buffers:           90620 kB
Cached:           834388 kB
MemTotal:        1844596 kB
MemFree:          499660 kB
MemAvailable:    1403268 kB
Buffers:           90620 kB
Cached:           834388 kB
MemTotal:        1844596 kB
MemFree:          495692 kB
MemAvailable:    1399300 kB
Buffers:           90620 kB
Cached:           834388 kB
MemTotal:        1844596 kB
MemFree:          494452 kB
MemAvailable:    1398060 kB
Buffers:           90620 kB
Cached:           834388 kB
MemTotal:        1844596 kB
MemFree:          489676 kB
MemAvailable:    1393284 kB
Buffers:           90620 kB
Cached:           834388 kB
MemTotal:        1844596 kB
MemFree:          489484 kB
MemAvailable:    1393092 kB
Buffers:           90620 kB
Cached:           834388 kB
MemTotal:        1844596 kB
MemFree:          488880 kB
MemAvailable:    1392488 kB
Buffers:           90620 kB
Cached:           834388 kB
MemTotal:        1844596 kB
MemFree:          489380 kB
MemAvailable:    1392988 kB
Buffers:           90620 kB
Cached:           834388 kB
MemTotal:        1844596 kB
MemFree:          487508 kB
MemAvailable:    1391116 kB
Buffers:           90620 kB
Cached:           834388 kB
MemTotal:        1844596 kB
MemFree:          487384 kB
MemAvailable:    1390992 kB
Buffers:           90620 kB
Cached:           834388 kB
MemTotal:        1844596 kB
MemFree:          488484 kB
MemAvailable:    1392092 kB
Buffers:           90620 kB
Cached:           834388 kB
MemTotal:        1844596 kB
MemFree:          488004 kB
MemAvailable:    1391612 kB
Buffers:           90620 kB
Cached:           834388 kB
MemTotal:        1844596 kB
MemFree:          488248 kB
MemAvailable:    1391856 kB
Buffers:           90620 kB
Cached:           834388 kB
MemTotal:        1844596 kB
MemFree:          487204 kB
MemAvailable:    1390812 kB
Buffers:           90620 kB
Cached:           834388 kB
MemTotal:        1844596 kB
MemFree:          487012 kB
MemAvailable:    1390620 kB
Buffers:           90620 kB
Cached:           834388 kB
MemTotal:        1844596 kB
MemFree:          488128 kB
MemAvailable:    1391736 kB
Buffers:           90620 kB
Cached:           834388 kB
MemTotal:        1844596 kB
MemFree:          486756 kB
MemAvailable:    1390364 kB
Buffers:           90620 kB
Cached:           834388 kB
MemTotal:        1844596 kB
MemFree:          486624 kB
MemAvailable:    1390232 kB
Buffers:           90620 kB
Cached:           834388 kB
MemTotal:        1844596 kB
MemFree:          487376 kB
MemAvailable:    1390984 kB
Buffers:           90620 kB
Cached:           834388 kB
MemTotal:        1844596 kB
MemFree:          487268 kB
MemAvailable:    1390876 kB
Buffers:           90620 kB
Cached:           834388 kB
MemTotal:        1844596 kB
MemFree:          487128 kB
MemAvailable:    1390736 kB
Buffers:           90620 kB
Cached:           834388 kB
MemTotal:        1844596 kB
MemFree:          485524 kB
MemAvailable:    1389132 kB
Buffers:           90620 kB
Cached:           834388 kB
MemTotal:        1844596 kB
MemFree:          485764 kB
MemAvailable:    1389380 kB
Buffers:           90620 kB
Cached:           834396 kB
MemTotal:        1844596 kB
MemFree:          485896 kB
MemAvailable:    1389512 kB
Buffers:           90620 kB
Cached:           834396 kB
MemTotal:        1844596 kB
MemFree:          484128 kB
MemAvailable:    1387744 kB
Buffers:           90620 kB
Cached:           834396 kB
MemTotal:        1844596 kB
MemFree:          485328 kB
MemAvailable:    1388944 kB
Buffers:           90620 kB
Cached:           834396 kB
MemTotal:        1844596 kB
MemFree:          483548 kB
MemAvailable:    1387164 kB
Buffers:           90620 kB
Cached:           834396 kB
MemTotal:        1844596 kB
MemFree:          483664 kB
MemAvailable:    1387284 kB
Buffers:           90620 kB
Cached:           834400 kB
MemTotal:        1844596 kB
MemFree:          483920 kB
MemAvailable:    1387540 kB
Buffers:           90620 kB
Cached:           834400 kB
MemTotal:        1844596 kB
MemFree:          481308 kB
MemAvailable:    1384928 kB
Buffers:           90620 kB
Cached:           834400 kB
MemTotal:        1844596 kB
MemFree:          482548 kB
MemAvailable:    1386168 kB
Buffers:           90620 kB
Cached:           834400 kB
MemTotal:        1844596 kB
MemFree:          482168 kB
MemAvailable:    1385788 kB
Buffers:           90620 kB
Cached:           834400 kB
MemTotal:        1844596 kB
MemFree:          481696 kB
MemAvailable:    1385316 kB
Buffers:           90620 kB
Cached:           834400 kB
MemTotal:        1844596 kB
MemFree:          480896 kB
MemAvailable:    1384516 kB
Buffers:           90620 kB
Cached:           834400 kB
MemTotal:        1844596 kB
MemFree:          482496 kB
MemAvailable:    1386116 kB
Buffers:           90620 kB
Cached:           834400 kB
MemTotal:        1844596 kB
MemFree:          482188 kB
MemAvailable:    1385808 kB
Buffers:           90620 kB
Cached:           834400 kB
MemTotal:        1844596 kB
MemFree:          482232 kB
MemAvailable:    1385852 kB
Buffers:           90620 kB
Cached:           834400 kB
MemTotal:        1844596 kB
MemFree:          481564 kB
MemAvailable:    1385184 kB
Buffers:           90620 kB
Cached:           834400 kB
MemTotal:        1844596 kB
MemFree:          480796 kB
MemAvailable:    1384416 kB
Buffers:           90620 kB
Cached:           834400 kB
MemTotal:        1844596 kB
MemFree:          481132 kB
MemAvailable:    1384752 kB
Buffers:           90620 kB
Cached:           834400 kB
MemTotal:        1844596 kB
MemFree:          480672 kB
MemAvailable:    1384292 kB
Buffers:           90620 kB
Cached:           834400 kB
MemTotal:        1844596 kB
MemFree:          481008 kB
MemAvailable:    1384628 kB
Buffers:           90620 kB
Cached:           834400 kB
MemTotal:        1844596 kB
MemFree:          480680 kB
MemAvailable:    1384300 kB
Buffers:           90620 kB
Cached:           834400 kB
MemTotal:        1844596 kB
MemFree:          479516 kB
MemAvailable:    1383136 kB
Buffers:           90620 kB
Cached:           834400 kB
MemTotal:        1844596 kB
MemFree:          479268 kB
MemAvailable:    1382888 kB
Buffers:           90620 kB
Cached:           834400 kB
MemTotal:        1844596 kB
MemFree:          480564 kB
MemAvailable:    1384184 kB
Buffers:           90620 kB
Cached:           834400 kB
MemTotal:        1844596 kB
MemFree:          479424 kB
MemAvailable:    1383044 kB
Buffers:           90620 kB
Cached:           834400 kB
MemTotal:        1844596 kB
MemFree:          479696 kB
MemAvailable:    1383316 kB
Buffers:           90620 kB
Cached:           834400 kB
MemTotal:        1844596 kB
MemFree:          479264 kB
MemAvailable:    1382884 kB
Buffers:           90620 kB
Cached:           834400 kB
MemTotal:        1844596 kB
MemFree:          480636 kB
MemAvailable:    1384256 kB
Buffers:           90620 kB
Cached:           834400 kB
MemTotal:        1844596 kB
MemFree:          479308 kB
MemAvailable:    1382928 kB
Buffers:           90620 kB
Cached:           834400 kB
MemTotal:        1844596 kB
MemFree:          479424 kB
MemAvailable:    1383044 kB
Buffers:           90620 kB
Cached:           834400 kB
MemTotal:        1844596 kB
MemFree:          479260 kB
MemAvailable:    1382880 kB
Buffers:           90620 kB
Cached:           834400 kB
MemTotal:        1844596 kB
MemFree:          480528 kB
MemAvailable:    1384148 kB
Buffers:           90620 kB
Cached:           834400 kB
MemTotal:        1844596 kB
MemFree:          480200 kB
MemAvailable:    1383820 kB
Buffers:           90620 kB
Cached:           834400 kB
MemTotal:        1844596 kB
MemFree:          480612 kB
MemAvailable:    1384232 kB
Buffers:           90620 kB
Cached:           834400 kB
MemTotal:        1844596 kB
MemFree:          480572 kB
MemAvailable:    1384192 kB
Buffers:           90620 kB
Cached:           834400 kB
MemTotal:        1844596 kB
MemFree:          480568 kB
MemAvailable:    1384188 kB
Buffers:           90620 kB
Cached:           834400 kB
MemTotal:        1844596 kB
MemFree:          480496 kB
MemAvailable:    1384116 kB
Buffers:           90620 kB
Cached:           834400 kB
MemTotal:        1844596 kB
MemFree:          480456 kB
MemAvailable:    1384076 kB
Buffers:           90620 kB
Cached:           834400 kB
MemTotal:        1844596 kB
MemFree:          480440 kB
MemAvailable:    1384060 kB
Buffers:           90620 kB
Cached:           834400 kB
MemTotal:        1844596 kB
MemFree:          480556 kB
MemAvailable:    1384176 kB
Buffers:           90620 kB
Cached:           834400 kB
MemTotal:        1844596 kB
MemFree:          480448 kB
MemAvailable:    1384068 kB
Buffers:           90620 kB
Cached:           834400 kB
MemTotal:        1844596 kB
MemFree:          480612 kB
MemAvailable:    1384232 kB
Buffers:           90620 kB
Cached:           834400 kB
MemTotal:        1844596 kB
MemFree:          480572 kB
MemAvailable:    1384192 kB
Buffers:           90620 kB
Cached:           834400 kB
MemTotal:        1844596 kB
MemFree:          479512 kB
MemAvailable:    1383132 kB
Buffers:           90620 kB
Cached:           834400 kB
MemTotal:        1844596 kB
MemFree:          479308 kB
MemAvailable:    1382928 kB
Buffers:           90620 kB
Cached:           834400 kB
MemTotal:        1844596 kB
MemFree:          480600 kB
MemAvailable:    1384220 kB
Buffers:           90620 kB
Cached:           834400 kB
MemTotal:        1844596 kB
MemFree:          479836 kB
MemAvailable:    1383456 kB
Buffers:           90620 kB
Cached:           834400 kB
MemTotal:        1844596 kB
MemFree:          480680 kB
MemAvailable:    1384300 kB
Buffers:           90620 kB
Cached:           834400 kB
MemTotal:        1844596 kB
MemFree:          480680 kB
MemAvailable:    1384300 kB
Buffers:           90620 kB
Cached:           834400 kB
MemTotal:        1844596 kB
MemFree:          480560 kB
MemAvailable:    1384180 kB
Buffers:           90620 kB
Cached:           834400 kB
MemTotal:        1844596 kB
MemFree:          480740 kB
MemAvailable:    1384360 kB
Buffers:           90620 kB
Cached:           834400 kB
MemTotal:        1844596 kB
MemFree:          479704 kB
MemAvailable:    1383324 kB
Buffers:           90620 kB
Cached:           834400 kB
MemTotal:        1844596 kB
MemFree:          479292 kB
MemAvailable:    1382916 kB
Buffers:           90620 kB
Cached:           834404 kB
MemTotal:        1844596 kB
MemFree:          479292 kB
MemAvailable:    1382916 kB
Buffers:           90620 kB
Cached:           834404 kB
MemTotal:        1844596 kB
MemFree:          479292 kB
MemAvailable:    1382916 kB
Buffers:           90620 kB
Cached:           834404 kB
MemTotal:        1844596 kB
MemFree:          480484 kB
MemAvailable:    1384108 kB
Buffers:           90620 kB
Cached:           834404 kB
MemTotal:        1844596 kB
MemFree:          480448 kB
MemAvailable:    1384072 kB
Buffers:           90624 kB
Cached:           834400 kB
MemTotal:        1844596 kB
MemFree:          480260 kB
MemAvailable:    1383884 kB
Buffers:           90624 kB
Cached:           834400 kB
MemTotal:        1844596 kB
MemFree:          480596 kB
MemAvailable:    1384220 kB
Buffers:           90624 kB
Cached:           834400 kB
MemTotal:        1844596 kB
MemFree:          480516 kB
MemAvailable:    1384140 kB
Buffers:           90624 kB
Cached:           834400 kB
MemTotal:        1844596 kB
MemFree:          480324 kB
MemAvailable:    1383948 kB
Buffers:           90624 kB
Cached:           834400 kB
MemTotal:        1844596 kB
MemFree:          480076 kB
MemAvailable:    1383700 kB
Buffers:           90624 kB
Cached:           834400 kB
MemTotal:        1844596 kB
MemFree:          476728 kB
MemAvailable:    1380352 kB
Buffers:           90624 kB
Cached:           834400 kB
MemTotal:        1844596 kB
MemFree:          475304 kB
MemAvailable:    1378928 kB
Buffers:           90624 kB
Cached:           834400 kB
MemTotal:        1844596 kB
MemFree:          472200 kB
MemAvailable:    1375824 kB
Buffers:           90624 kB
Cached:           834400 kB
MemTotal:        1844596 kB
MemFree:          467992 kB
MemAvailable:    1371616 kB
Buffers:           90624 kB
Cached:           834400 kB
MemTotal:        1844596 kB
MemFree:          467808 kB
MemAvailable:    1371432 kB
Buffers:           90624 kB
Cached:           834400 kB
MemTotal:        1844596 kB
MemFree:          464380 kB
MemAvailable:    1368004 kB
Buffers:           90624 kB
Cached:           834400 kB
MemTotal:        1844596 kB
MemFree:          460600 kB
MemAvailable:    1364224 kB
Buffers:           90624 kB
Cached:           834400 kB
MemTotal:        1844596 kB
MemFree:          461148 kB
MemAvailable:    1364772 kB
Buffers:           90624 kB
Cached:           834400 kB
MemTotal:        1844596 kB
MemFree:          461076 kB
MemAvailable:    1364700 kB
Buffers:           90624 kB
Cached:           834400 kB
MemTotal:        1844596 kB
MemFree:          460980 kB
MemAvailable:    1364604 kB
Buffers:           90624 kB
Cached:           834400 kB
MemTotal:        1844596 kB
MemFree:          461144 kB
MemAvailable:    1364768 kB
Buffers:           90624 kB
Cached:           834400 kB
MemTotal:        1844596 kB
MemFree:          461148 kB
MemAvailable:    1364780 kB
Buffers:           90624 kB
Cached:           834408 kB
MemTotal:        1844596 kB
MemFree:          460368 kB
MemAvailable:    1364000 kB
Buffers:           90624 kB
Cached:           834408 kB
MemTotal:        1844596 kB
MemFree:          460104 kB
MemAvailable:    1363736 kB
Buffers:           90624 kB
Cached:           834408 kB
MemTotal:        1844596 kB
MemFree:          461220 kB
MemAvailable:    1364852 kB
Buffers:           90624 kB
Cached:           834408 kB
MemTotal:        1844596 kB
MemFree:          460104 kB
MemAvailable:    1363736 kB
Buffers:           90624 kB
Cached:           834408 kB
MemTotal:        1844596 kB
MemFree:          461272 kB
MemAvailable:    1364904 kB
Buffers:           90624 kB
Cached:           834408 kB
MemTotal:        1844596 kB
MemFree:          460244 kB
MemAvailable:    1363752 kB
Buffers:           90624 kB
Cached:           834408 kB
MemTotal:        1844596 kB
MemFree:          460964 kB
MemAvailable:    1364596 kB
Buffers:           90624 kB
Cached:           834408 kB
MemTotal:        1844596 kB
MemFree:          461104 kB
MemAvailable:    1364736 kB
Buffers:           90624 kB
Cached:           834408 kB
MemTotal:        1844596 kB
MemFree:          461092 kB
MemAvailable:    1364724 kB
Buffers:           90624 kB
Cached:           834408 kB
MemTotal:        1844596 kB
MemFree:          459580 kB
MemAvailable:    1363212 kB
Buffers:           90624 kB
Cached:           834408 kB
MemTotal:        1844596 kB
MemFree:          459856 kB
MemAvailable:    1363488 kB
Buffers:           90624 kB
Cached:           834408 kB
MemTotal:        1844596 kB
MemFree:          460712 kB
MemAvailable:    1364344 kB
Buffers:           90624 kB
Cached:           834408 kB
MemTotal:        1844596 kB
MemFree:          460772 kB
MemAvailable:    1364404 kB
Buffers:           90624 kB
Cached:           834408 kB
MemTotal:        1844596 kB
MemFree:          460724 kB
MemAvailable:    1364356 kB
Buffers:           90624 kB
Cached:           834408 kB
MemTotal:        1844596 kB
MemFree:          460716 kB
MemAvailable:    1364348 kB
Buffers:           90624 kB
Cached:           834408 kB
MemTotal:        1844596 kB
MemFree:          460968 kB
MemAvailable:    1364600 kB
Buffers:           90624 kB
Cached:           834408 kB
MemTotal:        1844596 kB
MemFree:          459476 kB
MemAvailable:    1363108 kB
Buffers:           90624 kB
Cached:           834408 kB
MemTotal:        1844596 kB
MemFree:          460776 kB
MemAvailable:    1364408 kB
Buffers:           90624 kB
Cached:           834408 kB
MemTotal:        1844596 kB
MemFree:          460728 kB
MemAvailable:    1364360 kB
Buffers:           90624 kB
Cached:           834408 kB
MemTotal:        1844596 kB
MemFree:          459368 kB
MemAvailable:    1363000 kB
Buffers:           90624 kB
Cached:           834408 kB
MemTotal:        1844596 kB
MemFree:          460096 kB
MemAvailable:    1363732 kB
Buffers:           90624 kB
Cached:           834412 kB
MemTotal:        1844596 kB
MemFree:          459740 kB
MemAvailable:    1363376 kB
Buffers:           90624 kB
Cached:           834412 kB
MemTotal:        1844596 kB
MemFree:          458940 kB
MemAvailable:    1362576 kB
Buffers:           90624 kB
Cached:           834412 kB
MemTotal:        1844596 kB
MemFree:          454780 kB
MemAvailable:    1358416 kB
Buffers:           90624 kB
Cached:           834412 kB
MemTotal:        1844596 kB
MemFree:          450132 kB
MemAvailable:    1353768 kB
Buffers:           90624 kB
Cached:           834412 kB
MemTotal:        1844596 kB
MemFree:          449696 kB
MemAvailable:    1353332 kB
Buffers:           90624 kB
Cached:           834412 kB
MemTotal:        1844596 kB
MemFree:          450804 kB
MemAvailable:    1354440 kB
Buffers:           90624 kB
Cached:           834412 kB
MemTotal:        1844596 kB
MemFree:          450492 kB
MemAvailable:    1354128 kB
Buffers:           90624 kB
Cached:           834412 kB
MemTotal:        1844596 kB
MemFree:          450744 kB
MemAvailable:    1354380 kB
Buffers:           90624 kB
Cached:           834412 kB
MemTotal:        1844596 kB
MemFree:          450676 kB
MemAvailable:    1354312 kB
Buffers:           90624 kB
Cached:           834412 kB
MemTotal:        1844596 kB
MemFree:          447712 kB
MemAvailable:    1351348 kB
Buffers:           90624 kB
Cached:           834412 kB
MemTotal:        1844596 kB
MemFree:          447580 kB
MemAvailable:    1351216 kB
Buffers:           90624 kB
Cached:           834412 kB
MemTotal:        1844596 kB
MemFree:          447580 kB
MemAvailable:    1351216 kB
Buffers:           90624 kB
Cached:           834412 kB
MemTotal:        1844596 kB
MemFree:          448564 kB
MemAvailable:    1352200 kB
Buffers:           90624 kB
Cached:           834412 kB
MemTotal:        1844596 kB
MemFree:          448564 kB
MemAvailable:    1352200 kB
Buffers:           90624 kB
Cached:           834412 kB
MemTotal:        1844596 kB
MemFree:          448400 kB
MemAvailable:    1352204 kB
Buffers:           90624 kB
Cached:           834660 kB
MemTotal:        1844596 kB
MemFree:          448004 kB
MemAvailable:    1351892 kB
Buffers:           90624 kB
Cached:           834784 kB
MemTotal:        1844596 kB
MemFree:          448340 kB
MemAvailable:    1352312 kB
Buffers:           90624 kB
Cached:           834784 kB
MemTotal:        1844596 kB
MemFree:          447144 kB
MemAvailable:    1351200 kB
Buffers:           90624 kB
Cached:           834908 kB
MemTotal:        1844596 kB
MemFree:          446896 kB
MemAvailable:    1351036 kB
Buffers:           90624 kB
Cached:           834908 kB
MemTotal:        1844596 kB
MemFree:          446896 kB
MemAvailable:    1351036 kB
Buffers:           90624 kB
Cached:           835032 kB
MemTotal:        1844596 kB
MemFree:          448020 kB
MemAvailable:    1352244 kB
Buffers:           90624 kB
Cached:           835032 kB
MemTotal:        1844596 kB
MemFree:          448188 kB
MemAvailable:    1352412 kB
Buffers:           90624 kB
Cached:           835032 kB
MemTotal:        1844596 kB
MemFree:          447216 kB
MemAvailable:    1351440 kB
Buffers:           90624 kB
Cached:           835032 kB
MemTotal:        1844596 kB
MemFree:          447684 kB
MemAvailable:    1351992 kB
Buffers:           90624 kB
Cached:           835156 kB
MemTotal:        1844596 kB
MemFree:          448020 kB
MemAvailable:    1352328 kB
Buffers:           90624 kB
Cached:           835156 kB
MemTotal:        1844596 kB
MemFree:          446576 kB
MemAvailable:    1350884 kB
Buffers:           90624 kB
Cached:           835156 kB
MemTotal:        1844596 kB
MemFree:          447332 kB
MemAvailable:    1351052 kB
Buffers:           90624 kB
Cached:           834524 kB
MemTotal:        1844596 kB
MemFree:          446588 kB
MemAvailable:    1350308 kB
Buffers:           90624 kB
Cached:           834524 kB
MemTotal:        1844596 kB
MemFree:          504844 kB
MemAvailable:    1408648 kB
Buffers:           90624 kB
Cached:           834524 kB
MemTotal:        1844596 kB
MemFree:          639416 kB
MemAvailable:    1543136 kB
Buffers:           90624 kB
Cached:           834524 kB
