MemTotal:        1844596 kB
MemFree:          269588 kB
MemAvailable:    1540900 kB
Buffers:           94680 kB
Cached:          1202484 kB
MemTotal:        1844596 kB
MemFree:          242012 kB
MemAvailable:    1513328 kB
Buffers:           94680 kB
Cached:          1202488 kB
MemTotal:        1844596 kB
MemFree:          240580 kB
MemAvailable:    1511896 kB
Buffers:           94680 kB
Cached:          1202488 kB
MemTotal:        1844596 kB
MemFree:          239844 kB
MemAvailable:    1511160 kB
Buffers:           94680 kB
Cached:          1202488 kB
MemTotal:        1844596 kB
MemFree:          237240 kB
MemAvailable:    1508556 kB
Buffers:           94680 kB
Cached:          1202488 kB
MemTotal:        1844596 kB
MemFree:          237612 kB
MemAvailable:    1508928 kB
Buffers:           94680 kB
Cached:          1202488 kB
MemTotal:        1844596 kB
MemFree:          236992 kB
MemAvailable:    1508308 kB
Buffers:           94680 kB
Cached:          1202488 kB
MemTotal:        1844596 kB
MemFree:          235068 kB
MemAvailable:    1506384 kB
Buffers:           94680 kB
Cached:          1202488 kB
MemTotal:        1844596 kB
MemFree:          233024 kB
MemAvailable:    1504340 kB
Buffers:           94680 kB
Cached:          1202488 kB
MemTotal:        1844596 kB
MemFree:          228668 kB
MemAvailable:    1499984 kB
Buffers:           94680 kB
Cached:          1202488 kB
MemTotal:        1844596 kB
MemFree:          228064 kB
MemAvailable:    1499380 kB
Buffers:           94680 kB
Cached:          1202488 kB
MemTotal:        1844596 kB
MemFree:          227292 kB
MemAvailable:    1498608 kB
Buffers:           94680 kB
Cached:          1202488 kB
MemTotal:        1844596 kB
MemFree:          227404 kB
MemAvailable:    1498720 kB
Buffers:           94680 kB
Cached:          1202488 kB
MemTotal:        1844596 kB
MemFree:          228636 kB
MemAvailable:    1499952 kB
Buffers:           94680 kB
Cached:          1202488 kB
MemTotal:        1844596 kB
MemFree:          228568 kB
MemAvailable:    1499884 kB
Buffers:           94680 kB
Cached:          1202488 kB
MemTotal:        1844596 kB
MemFree:          227016 kB
MemAvailable:    1498332 kB
Buffers:           94680 kB
Cached:          1202488 kB
MemTotal:        1844596 kB
MemFree:          228116 kB
MemAvailable:    1499432 kB
Buffers:           94680 kB
Cached:          1202488 kB
MemTotal:        1844596 kB
MemFree:          227444 kB
MemAvailable:    1498760 kB
Buffers:           94680 kB
Cached:          1202488 kB
MemTotal:        1844596 kB
MemFree:          227944 kB
MemAvailable:    1499260 kB
Buffers:           94680 kB
Cached:          1202488 kB
MemTotal:        1844596 kB
MemFree:          226768 kB
MemAvailable:    1498084 kB
Buffers:           94680 kB
Cached:          1202488 kB
MemTotal:        1844596 kB
MemFree:          228000 kB
MemAvailable:    1499316 kB
Buffers:           94680 kB
Cached:          1202488 kB
MemTotal:        1844596 kB
MemFree:          227992 kB
MemAvailable:    1499308 kB
Buffers:           94680 kB
Cached:          1202488 kB
MemTotal:        1844596 kB
MemFree:          226328 kB
MemAvailable:    1497644 kB
Buffers:           94680 kB
Cached:          1202488 kB
MemTotal:        1844596 kB
MemFree:          227320 kB
MemAvailable:    1498636 kB
Buffers:           94680 kB
Cached:          1202488 kB
MemTotal:        1844596 kB
MemFree:          226080 kB
MemAvailable:    1497396 kB
Buffers:           94680 kB
Cached:          1202488 kB
MemTotal:        1844596 kB
MemFree:          227032 kB
MemAvailable:    1498348 kB
Buffers:           94680 kB
Cached:          1202488 kB
MemTotal:        1844596 kB
MemFree:          226932 kB
MemAvailable:    1498248 kB
Buffers:           94680 kB
Cached:          1202488 kB
MemTotal:        1844596 kB
MemFree:          225956 kB
MemAvailable:    1497272 kB
Buffers:           94680 kB
Cached:          1202488 kB
MemTotal:        1844596 kB
MemFree:          224576 kB
MemAvailable:    1495892 kB
Buffers:           94680 kB
Cached:          1202488 kB
MemTotal:        1844596 kB
MemFree:          224468 kB
MemAvailable:    1495784 kB
Buffers:           94680 kB
Cached:          1202488 kB
MemTotal:        1844596 kB
MemFree:          225812 kB
MemAvailable:    1497128 kB
Buffers:           94680 kB
Cached:          1202488 kB
MemTotal:        1844596 kB
MemFree:          225700 kB
MemAvailable:    1497016 kB
Buffers:           94680 kB
Cached:          1202488 kB
MemTotal:        1844596 kB
MemFree:          225576 kB
MemAvailable:    1496892 kB
Buffers:           94680 kB
Cached:          1202488 kB
MemTotal:        1844596 kB
MemFree:          225220 kB
MemAvailable:    1496536 kB
Buffers:           94680 kB
Cached:          1202488 kB
MemTotal:        1844596 kB
MemFree:          225464 kB
MemAvailable:    1496780 kB
Buffers:           94680 kB
Cached:          1202488 kB
MemTotal:        1844596 kB
MemFree:          225544 kB
MemAvailable:    1496860 kB
Buffers:           94680 kB
Cached:          1202488 kB
MemTotal:        1844596 kB
MemFree:          226824 kB
MemAvailable:    1498140 kB
Buffers:           94680 kB
Cached:          1202488 kB
MemTotal:        1844596 kB
MemFree:          223708 kB
MemAvailable:    1495024 kB
Buffers:           94680 kB
Cached:          1202488 kB
MemTotal:        1844596 kB
MemFree:          223600 kB
MemAvailable:    1494916 kB
Buffers:           94680 kB
Cached:          1202488 kB
MemTotal:        1844596 kB
MemFree:          220376 kB
MemAvailable:    1491692 kB
Buffers:           94680 kB
Cached:          1202488 kB
MemTotal:        1844596 kB
MemFree:          221920 kB
MemAvailable:    1493236 kB
Buffers:           94680 kB
Cached:          1202488 kB
MemTotal:        1844596 kB
MemFree:          221864 kB
MemAvailable:    1493180 kB
Buffers:           94680 kB
Cached:          1202488 kB
MemTotal:        1844596 kB
MemFree:          221220 kB
MemAvailable:    1492536 kB
Buffers:           94680 kB
Cached:          1202488 kB
MemTotal:        1844596 kB
MemFree:          221120 kB
MemAvailable:    1492436 kB
Buffers:           94680 kB
Cached:          1202488 kB
MemTotal:        1844596 kB
MemFree:          219948 kB
MemAvailable:    1491264 kB
Buffers:           94680 kB
Cached:          1202488 kB
MemTotal:        1844596 kB
MemFree:          220072 kB
MemAvailable:    1491388 kB
Buffers:           94680 kB
Cached:          1202488 kB
MemTotal:        1844596 kB
MemFree:          220960 kB
MemAvailable:    1492276 kB
Buffers:           94680 kB
Cached:          1202488 kB
MemTotal:        1844596 kB
MemFree:          221120 kB
MemAvailable:    1492436 kB
Buffers:           94680 kB
Cached:          1202488 kB
MemTotal:        1844596 kB
MemFree:          219868 kB
MemAvailable:    1491184 kB
Buffers:           94680 kB
Cached:          1202488 kB
MemTotal:        1844596 kB
MemFree:          221060 kB
MemAvailable:    1492376 kB
Buffers:           94680 kB
Cached:          1202488 kB
MemTotal:        1844596 kB
MemFree:          220880 kB
MemAvailable:    1492196 kB
Buffers:           94680 kB
Cached:          1202488 kB
MemTotal:        1844596 kB
MemFree:          221000 kB
MemAvailable:    1492316 kB
Buffers:           94680 kB
Cached:          1202488 kB
MemTotal:        1844596 kB
MemFree:          220940 kB
MemAvailable:    1492256 kB
Buffers:           94680 kB
Cached:          1202488 kB
MemTotal:        1844596 kB
MemFree:          220632 kB
MemAvailable:    1491948 kB
Buffers:           94680 kB
Cached:          1202488 kB
MemTotal:        1844596 kB
MemFree:          216160 kB
MemAvailable:    1487476 kB
Buffers:           94680 kB
Cached:          1202488 kB
MemTotal:        1844596 kB
MemFree:          214176 kB
MemAvailable:    1485492 kB
Buffers:           94680 kB
Cached:          1202488 kB
MemTotal:        1844596 kB
MemFree:          214900 kB
MemAvailable:    1486216 kB
Buffers:           94680 kB
Cached:          1202488 kB
MemTotal:        1844596 kB
MemFree:          214680 kB
MemAvailable:    1485996 kB
Buffers:           94680 kB
Cached:          1202488 kB
MemTotal:        1844596 kB
MemFree:          213300 kB
MemAvailable:    1484616 kB
Buffers:           94680 kB
Cached:          1202488 kB
MemTotal:        1844596 kB
MemFree:          213300 kB
MemAvailable:    1484616 kB
Buffers:           94680 kB
Cached:          1202488 kB
MemTotal:        1844596 kB
MemFree:          212556 kB
MemAvailable:    1483872 kB
Buffers:           94680 kB
Cached:          1202488 kB
MemTotal:        1844596 kB
MemFree:          212640 kB
MemAvailable:    1483956 kB
Buffers:           94680 kB
Cached:          1202488 kB
MemTotal:        1844596 kB
MemFree:          212372 kB
MemAvailable:    1483688 kB
Buffers:           94680 kB
Cached:          1202488 kB
MemTotal:        1844596 kB
MemFree:          211944 kB
MemAvailable:    1483260 kB
Buffers:           94680 kB
Cached:          1202488 kB
MemTotal:        1844596 kB
MemFree:          211188 kB
MemAvailable:    1482504 kB
Buffers:           94680 kB
Cached:          1202488 kB
MemTotal:        1844596 kB
MemFree:          212420 kB
MemAvailable:    1483736 kB
Buffers:           94680 kB
Cached:          1202488 kB
MemTotal:        1844596 kB
MemFree:          212420 kB
MemAvailable:    1483736 kB
Buffers:           94680 kB
Cached:          1202488 kB
MemTotal:        1844596 kB
MemFree:          210904 kB
MemAvailable:    1482220 kB
Buffers:           94680 kB
Cached:          1202488 kB
MemTotal:        1844596 kB
MemFree:          212176 kB
MemAvailable:    1483492 kB
Buffers:           94680 kB
Cached:          1202488 kB
MemTotal:        1844596 kB
MemFree:          212428 kB
MemAvailable:    1483744 kB
Buffers:           94680 kB
Cached:          1202488 kB
MemTotal:        1844596 kB
MemFree:          212124 kB
MemAvailable:    1483440 kB
Buffers:           94680 kB
Cached:          1202488 kB
MemTotal:        1844596 kB
MemFree:          212376 kB
MemAvailable:    1483692 kB
Buffers:           94680 kB
Cached:          1202488 kB
MemTotal:        1844596 kB
MemFree:          212128 kB
MemAvailable:    1483444 kB
Buffers:           94680 kB
Cached:          1202488 kB
MemTotal:        1844596 kB
MemFree:          210756 kB
MemAvailable:    1482072 kB
Buffers:           94680 kB
Cached:          1202488 kB
MemTotal:        1844596 kB
MemFree:          212076 kB
MemAvailable:    1483392 kB
Buffers:           94680 kB
Cached:          1202488 kB
MemTotal:        1844596 kB
MemFree:          211848 kB
MemAvailable:    1483164 kB
Buffers:           94680 kB
Cached:          1202488 kB
MemTotal:        1844596 kB
MemFree:          211696 kB
MemAvailable:    1483012 kB
Buffers:           94680 kB
Cached:          1202488 kB
MemTotal:        1844596 kB
MemFree:          211984 kB
MemAvailable:    1483300 kB
Buffers:           94680 kB
Cached:          1202488 kB
MemTotal:        1844596 kB
MemFree:          210684 kB
MemAvailable:    1482000 kB
Buffers:           94680 kB
Cached:          1202488 kB
MemTotal:        1844596 kB
MemFree:          211920 kB
MemAvailable:    1483236 kB
Buffers:           94680 kB
Cached:          1202488 kB
MemTotal:        1844596 kB
MemFree:          211076 kB
MemAvailable:    1482392 kB
Buffers:           94680 kB
Cached:          1202488 kB
MemTotal:        1844596 kB
MemFree:          207472 kB
MemAvailable:    1478788 kB
Buffers:           94680 kB
Cached:          1202488 kB
MemTotal:        1844596 kB
MemFree:          206868 kB
MemAvailable:    1478184 kB
Buffers:           94680 kB
Cached:          1202488 kB
MemTotal:        1844596 kB
MemFree:          204008 kB
MemAvailable:    1475324 kB
Buffers:           94680 kB
Cached:          1202488 kB
MemTotal:        1844596 kB
MemFree:          202768 kB
MemAvailable:    1474084 kB
Buffers:           94680 kB
Cached:          1202488 kB
MemTotal:        1844596 kB
MemFree:          202508 kB
MemAvailable:    1473824 kB
Buffers:           94680 kB
Cached:          1202488 kB
MemTotal:        1844596 kB
MemFree:          203608 kB
MemAvailable:    1474924 kB
Buffers:           94680 kB
Cached:          1202488 kB
MemTotal:        1844596 kB
MemFree:          203692 kB
MemAvailable:    1475008 kB
Buffers:           94680 kB
Cached:          1202488 kB
MemTotal:        1844596 kB
MemFree:          203424 kB
MemAvailable:    1474740 kB
Buffers:           94680 kB
Cached:          1202488 kB
MemTotal:        1844596 kB
MemFree:          202000 kB
MemAvailable:    1473316 kB
Buffers:           94680 kB
Cached:          1202488 kB
MemTotal:        1844596 kB
MemFree:          202076 kB
MemAvailable:    1473392 kB
Buffers:           94680 kB
Cached:          1202488 kB
MemTotal:        1844596 kB
MemFree:          201952 kB
MemAvailable:    1473268 kB
Buffers:           94680 kB
Cached:          1202488 kB
MemTotal:        1844596 kB
MemFree:          203220 kB
MemAvailable:    1474536 kB
Buffers:           94680 kB
Cached:          1202488 kB
MemTotal:        1844596 kB
MemFree:          203388 kB
MemAvailable:    1474704 kB
Buffers:           94680 kB
Cached:          1202488 kB
MemTotal:        1844596 kB
MemFree:          203304 kB
MemAvailable:    1474620 kB
Buffers:           94680 kB
Cached:          1202488 kB
MemTotal:        1844596 kB
MemFree:          203308 kB
MemAvailable:    1474636 kB
Buffers:           94680 kB
Cached:          1202500 kB
MemTotal:        1844596 kB
MemFree:          203324 kB
MemAvailable:    1474652 kB
Buffers:           94680 kB
Cached:          1202500 kB
MemTotal:        1844596 kB
MemFree:          202148 kB
MemAvailable:    1473476 kB
Buffers:           94680 kB
Cached:          1202500 kB
MemTotal:        1844596 kB
MemFree:          203256 kB
MemAvailable:    1474584 kB
Buffers:           94680 kB
Cached:          1202500 kB
MemTotal:        1844596 kB
MemFree:          201756 kB
MemAvailable:    1473084 kB
Buffers:           94680 kB
Cached:          1202500 kB
MemTotal:        1844596 kB
MemFree:          203348 kB
MemAvailable:    1474676 kB
Buffers:           94680 kB
Cached:          1202500 kB
MemTotal:        1844596 kB
MemFree:          203216 kB
MemAvailable:    1474544 kB
Buffers:           94680 kB
Cached:          1202500 kB
MemTotal:        1844596 kB
MemFree:          203272 kB
MemAvailable:    1474600 kB
Buffers:           94680 kB
Cached:          1202500 kB
MemTotal:        1844596 kB
MemFree:          202132 kB
MemAvailable:    1473460 kB
Buffers:           94680 kB
Cached:          1202500 kB
MemTotal:        1844596 kB
MemFree:          203200 kB
MemAvailable:    1474528 kB
Buffers:           94680 kB
Cached:          1202500 kB
MemTotal:        1844596 kB
MemFree:          202248 kB
MemAvailable:    1473576 kB
Buffers:           94680 kB
Cached:          1202500 kB
MemTotal:        1844596 kB
MemFree:          202008 kB
MemAvailable:    1473336 kB
Buffers:           94680 kB
Cached:          1202500 kB
MemTotal:        1844596 kB
MemFree:          203388 kB
MemAvailable:    1474716 kB
Buffers:           94680 kB
Cached:          1202500 kB
MemTotal:        1844596 kB
MemFree:          202628 kB
MemAvailable:    1473956 kB
Buffers:           94680 kB
Cached:          1202500 kB
MemTotal:        1844596 kB
MemFree:          202592 kB
MemAvailable:    1473920 kB
Buffers:           94680 kB
Cached:          1202500 kB
MemTotal:        1844596 kB
MemFree:          196940 kB
MemAvailable:    1468268 kB
Buffers:           94680 kB
Cached:          1202500 kB
MemTotal:        1844596 kB
MemFree:          194328 kB
MemAvailable:    1465656 kB
Buffers:           94680 kB
Cached:          1202500 kB
MemTotal:        1844596 kB
MemFree:          194328 kB
MemAvailable:    1465656 kB
Buffers:           94680 kB
Cached:          1202500 kB
MemTotal:        1844596 kB
MemFree:          192840 kB
MemAvailable:    1464168 kB
Buffers:           94680 kB
Cached:          1202500 kB
MemTotal:        1844596 kB
MemFree:          192964 kB
MemAvailable:    1464292 kB
Buffers:           94680 kB
Cached:          1202500 kB
MemTotal:        1844596 kB
MemFree:          193716 kB
MemAvailable:    1465044 kB
Buffers:           94680 kB
Cached:          1202500 kB
MemTotal:        1844596 kB
MemFree:          192336 kB
MemAvailable:    1463664 kB
Buffers:           94680 kB
Cached:          1202500 kB
MemTotal:        1844596 kB
MemFree:          192336 kB
MemAvailable:    1463664 kB
Buffers:           94680 kB
Cached:          1202500 kB
MemTotal:        1844596 kB
MemFree:          192104 kB
MemAvailable:    1463432 kB
Buffers:           94680 kB
Cached:          1202500 kB
MemTotal:        1844596 kB
MemFree:          190616 kB
MemAvailable:    1461944 kB
Buffers:           94680 kB
Cached:          1202500 kB
MemTotal:        1844596 kB
MemFree:          190740 kB
MemAvailable:    1462068 kB
Buffers:           94680 kB
Cached:          1202500 kB
MemTotal:        1844596 kB
MemFree:          190864 kB
MemAvailable:    1462192 kB
Buffers:           94680 kB
Cached:          1202500 kB
MemTotal:        1844596 kB
MemFree:          191724 kB
MemAvailable:    1463052 kB
Buffers:           94680 kB
Cached:          1202500 kB
MemTotal:        1844596 kB
MemFree:          190476 kB
MemAvailable:    1461804 kB
Buffers:           94680 kB
Cached:          1202500 kB
MemTotal:        1844596 kB
MemFree:          191668 kB
MemAvailable:    1462996 kB
Buffers:           94680 kB
Cached:          1202500 kB
MemTotal:        1844596 kB
MemFree:          190228 kB
MemAvailable:    1461556 kB
Buffers:           94680 kB
Cached:          1202500 kB
MemTotal:        1844596 kB
MemFree:          190436 kB
MemAvailable:    1461764 kB
Buffers:           94680 kB
Cached:          1202500 kB
MemTotal:        1844596 kB
MemFree:          191588 kB
MemAvailable:    1462916 kB
Buffers:           94680 kB
Cached:          1202500 kB
MemTotal:        1844596 kB
MemFree:          190348 kB
MemAvailable:    1461676 kB
Buffers:           94680 kB
Cached:          1202500 kB
MemTotal:        1844596 kB
MemFree:          191600 kB
MemAvailable:    1462928 kB
Buffers:           94680 kB
Cached:          1202500 kB
MemTotal:        1844596 kB
MemFree:          191672 kB
MemAvailable:    1463000 kB
Buffers:           94680 kB
Cached:          1202500 kB
MemTotal:        1844596 kB
MemFree:          190344 kB
MemAvailable:    1461672 kB
Buffers:           94680 kB
Cached:          1202500 kB
MemTotal:        1844596 kB
MemFree:          191468 kB
MemAvailable:    1462796 kB
Buffers:           94680 kB
Cached:          1202500 kB
MemTotal:        1844596 kB
MemFree:          191720 kB
MemAvailable:    1463048 kB
Buffers:           94680 kB
Cached:          1202500 kB
MemTotal:        1844596 kB
MemFree:          191480 kB
MemAvailable:    1462808 kB
Buffers:           94680 kB
Cached:          1202500 kB
MemTotal:        1844596 kB
MemFree:          191672 kB
MemAvailable:    1463000 kB
Buffers:           94680 kB
Cached:          1202500 kB
MemTotal:        1844596 kB
MemFree:          191664 kB
MemAvailable:    1462992 kB
Buffers:           94680 kB
Cached:          1202500 kB
MemTotal:        1844596 kB
MemFree:          190204 kB
MemAvailable:    1461532 kB
Buffers:           94680 kB
Cached:          1202500 kB
MemTotal:        1844596 kB
MemFree:          191576 kB
MemAvailable:    1462904 kB
Buffers:           94680 kB
Cached:          1202500 kB
MemTotal:        1844596 kB
MemFree:          191440 kB
MemAvailable:    1462768 kB
Buffers:           94680 kB
Cached:          1202500 kB
MemTotal:        1844596 kB
MemFree:          191608 kB
MemAvailable:    1462936 kB
Buffers:           94680 kB
Cached:          1202500 kB
MemTotal:        1844596 kB
MemFree:          191596 kB
MemAvailable:    1462924 kB
Buffers:           94680 kB
Cached:          1202500 kB
MemTotal:        1844596 kB
MemFree:          190740 kB
MemAvailable:    1462068 kB
Buffers:           94680 kB
Cached:          1202500 kB
MemTotal:        1844596 kB
MemFree:          191476 kB
MemAvailable:    1462804 kB
Buffers:           94680 kB
Cached:          1202500 kB
MemTotal:        1844596 kB
MemFree:          191492 kB
MemAvailable:    1462820 kB
Buffers:           94680 kB
Cached:          1202500 kB
MemTotal:        1844596 kB
MemFree:          190196 kB
MemAvailable:    1461524 kB
Buffers:           94680 kB
Cached:          1202500 kB
MemTotal:        1844596 kB
MemFree:          191740 kB
MemAvailable:    1463068 kB
Buffers:           94680 kB
Cached:          1202500 kB
MemTotal:        1844596 kB
MemFree:          190188 kB
MemAvailable:    1461516 kB
Buffers:           94680 kB
Cached:          1202500 kB
MemTotal:        1844596 kB
MemFree:          190188 kB
MemAvailable:    1461516 kB
Buffers:           94680 kB
Cached:          1202500 kB
MemTotal:        1844596 kB
MemFree:          191480 kB
MemAvailable:    1462808 kB
Buffers:           94680 kB
Cached:          1202500 kB
MemTotal:        1844596 kB
MemFree:          191408 kB
MemAvailable:    1462736 kB
Buffers:           94680 kB
Cached:          1202500 kB
MemTotal:        1844596 kB
MemFree:          190988 kB
MemAvailable:    1462316 kB
Buffers:           94680 kB
Cached:          1202500 kB
MemTotal:        1844596 kB
MemFree:          191488 kB
MemAvailable:    1462816 kB
Buffers:           94680 kB
Cached:          1202500 kB
MemTotal:        1844596 kB
MemFree:          190180 kB
MemAvailable:    1461508 kB
Buffers:           94680 kB
Cached:          1202500 kB
MemTotal:        1844596 kB
MemFree:          191552 kB
MemAvailable:    1462880 kB
Buffers:           94680 kB
Cached:          1202500 kB
MemTotal:        1844596 kB
MemFree:          190616 kB
MemAvailable:    1461944 kB
Buffers:           94680 kB
Cached:          1202500 kB
MemTotal:        1844596 kB
MemFree:          190492 kB
MemAvailable:    1461824 kB
Buffers:           94680 kB
Cached:          1202504 kB
MemTotal:        1844596 kB
MemFree:          191716 kB
MemAvailable:    1463048 kB
Buffers:           94680 kB
Cached:          1202504 kB
MemTotal:        1844596 kB
MemFree:          191544 kB
MemAvailable:    1462876 kB
Buffers:           94680 kB
Cached:          1202504 kB
MemTotal:        1844596 kB
MemFree:          191484 kB
MemAvailable:    1462816 kB
Buffers:           94680 kB
Cached:          1202504 kB
MemTotal:        1844596 kB
MemFree:          191480 kB
MemAvailable:    1462812 kB
Buffers:           94680 kB
Cached:          1202504 kB
MemTotal:        1844596 kB
MemFree:          191776 kB
MemAvailable:    1463108 kB
Buffers:           94680 kB
Cached:          1202504 kB
MemTotal:        1844596 kB
MemFree:          190176 kB
MemAvailable:    1461508 kB
Buffers:           94680 kB
Cached:          1202504 kB
MemTotal:        1844596 kB
MemFree:          191576 kB
MemAvailable:    1462908 kB
Buffers:           94680 kB
Cached:          1202504 kB
MemTotal:        1844596 kB
MemFree:          189980 kB
MemAvailable:    1461312 kB
Buffers:           94680 kB
Cached:          1202504 kB
MemTotal:        1844596 kB
MemFree:          191304 kB
MemAvailable:    1462636 kB
Buffers:           94680 kB
Cached:          1202504 kB
MemTotal:        1844596 kB
MemFree:          190244 kB
MemAvailable:    1461576 kB
Buffers:           94680 kB
Cached:          1202504 kB
MemTotal:        1844596 kB
MemFree:          191148 kB
MemAvailable:    1462484 kB
Buffers:           94680 kB
Cached:          1202508 kB
MemTotal:        1844596 kB
MemFree:          191120 kB
MemAvailable:    1462456 kB
Buffers:           94680 kB
Cached:          1202508 kB
MemTotal:        1844596 kB
MemFree:          191064 kB
MemAvailable:    1462400 kB
Buffers:           94680 kB
Cached:          1202508 kB
MemTotal:        1844596 kB
MemFree:          190376 kB
MemAvailable:    1461712 kB
Buffers:           94680 kB
Cached:          1202508 kB
MemTotal:        1844596 kB
MemFree:          190808 kB
MemAvailable:    1462144 kB
Buffers:           94680 kB
Cached:          1202508 kB
MemTotal:        1844596 kB
MemFree:          191064 kB
MemAvailable:    1462400 kB
Buffers:           94680 kB
Cached:          1202508 kB
MemTotal:        1844596 kB
MemFree:          190912 kB
MemAvailable:    1462248 kB
Buffers:           94680 kB
Cached:          1202508 kB
MemTotal:        1844596 kB
MemFree:          189728 kB
MemAvailable:    1461064 kB
Buffers:           94680 kB
Cached:          1202508 kB
MemTotal:        1844596 kB
MemFree:          190904 kB
MemAvailable:    1462240 kB
Buffers:           94680 kB
Cached:          1202508 kB
MemTotal:        1844596 kB
MemFree:          190600 kB
MemAvailable:    1461936 kB
Buffers:           94680 kB
Cached:          1202508 kB
MemTotal:        1844596 kB
MemFree:          190492 kB
MemAvailable:    1461828 kB
Buffers:           94680 kB
Cached:          1202508 kB
MemTotal:        1844596 kB
MemFree:          190616 kB
MemAvailable:    1461952 kB
Buffers:           94680 kB
Cached:          1202508 kB
MemTotal:        1844596 kB
MemFree:          190556 kB
MemAvailable:    1461892 kB
Buffers:           94680 kB
Cached:          1202508 kB
MemTotal:        1844596 kB
MemFree:          190476 kB
MemAvailable:    1461812 kB
Buffers:           94680 kB
Cached:          1202508 kB
MemTotal:        1844596 kB
MemFree:          190492 kB
MemAvailable:    1461828 kB
Buffers:           94680 kB
Cached:          1202508 kB
MemTotal:        1844596 kB
MemFree:          190436 kB
MemAvailable:    1461772 kB
Buffers:           94680 kB
Cached:          1202508 kB
MemTotal:        1844596 kB
MemFree:          189196 kB
MemAvailable:    1460532 kB
Buffers:           94680 kB
Cached:          1202508 kB
MemTotal:        1844596 kB
MemFree:          189312 kB
MemAvailable:    1460648 kB
Buffers:           94680 kB
Cached:          1202508 kB
MemTotal:        1844596 kB
MemFree:          190552 kB
MemAvailable:    1461888 kB
Buffers:           94680 kB
Cached:          1202508 kB
MemTotal:        1844596 kB
MemFree:          190400 kB
MemAvailable:    1461736 kB
Buffers:           94680 kB
Cached:          1202508 kB
MemTotal:        1844596 kB
MemFree:          190600 kB
MemAvailable:    1461936 kB
Buffers:           94680 kB
Cached:          1202508 kB
MemTotal:        1844596 kB
MemFree:          189360 kB
MemAvailable:    1460696 kB
Buffers:           94680 kB
Cached:          1202508 kB
MemTotal:        1844596 kB
MemFree:          189360 kB
MemAvailable:    1460696 kB
Buffers:           94680 kB
Cached:          1202508 kB
MemTotal:        1844596 kB
MemFree:          190236 kB
MemAvailable:    1461572 kB
Buffers:           94680 kB
Cached:          1202508 kB
MemTotal:        1844596 kB
MemFree:          184540 kB
MemAvailable:    1455876 kB
Buffers:           94680 kB
Cached:          1202508 kB
MemTotal:        1844596 kB
MemFree:          180200 kB
MemAvailable:    1451536 kB
Buffers:           94680 kB
Cached:          1202508 kB
MemTotal:        1844596 kB
MemFree:          180004 kB
MemAvailable:    1451340 kB
Buffers:           94680 kB
Cached:          1202508 kB
MemTotal:        1844596 kB
MemFree:          179924 kB
MemAvailable:    1451260 kB
Buffers:           94680 kB
Cached:          1202508 kB
MemTotal:        1844596 kB
MemFree:          180008 kB
MemAvailable:    1451344 kB
Buffers:           94680 kB
Cached:          1202508 kB
MemTotal:        1844596 kB
MemFree:          179432 kB
MemAvailable:    1450768 kB
Buffers:           94680 kB
Cached:          1202508 kB
MemTotal:        1844596 kB
MemFree:          179684 kB
MemAvailable:    1451020 kB
Buffers:           94680 kB
Cached:          1202508 kB
MemTotal:        1844596 kB
MemFree:          179436 kB
MemAvailable:    1450772 kB
Buffers:           94680 kB
Cached:          1202508 kB
MemTotal:        1844596 kB
MemFree:          178064 kB
MemAvailable:    1449400 kB
Buffers:           94680 kB
Cached:          1202508 kB
MemTotal:        1844596 kB
MemFree:          178772 kB
MemAvailable:    1450108 kB
Buffers:           94680 kB
Cached:          1202508 kB
MemTotal:        1844596 kB
MemFree:          177480 kB
MemAvailable:    1448816 kB
Buffers:           94680 kB
Cached:          1202508 kB
MemTotal:        1844596 kB
MemFree:          177524 kB
MemAvailable:    1448860 kB
Buffers:           94680 kB
Cached:          1202508 kB
MemTotal:        1844596 kB
MemFree:          177120 kB
MemAvailable:    1448456 kB
Buffers:           94680 kB
Cached:          1202508 kB
MemTotal:        1844596 kB
MemFree:          177052 kB
MemAvailable:    1448388 kB
Buffers:           94680 kB
Cached:          1202508 kB
MemTotal:        1844596 kB
MemFree:          177108 kB
MemAvailable:    1448444 kB
Buffers:           94680 kB
Cached:          1202508 kB
MemTotal:        1844596 kB
MemFree:          176968 kB
MemAvailable:    1448304 kB
Buffers:           94680 kB
Cached:          1202508 kB
MemTotal:        1844596 kB
MemFree:          175728 kB
MemAvailable:    1447064 kB
Buffers:           94680 kB
Cached:          1202508 kB
MemTotal:        1844596 kB
MemFree:          175976 kB
MemAvailable:    1447312 kB
Buffers:           94680 kB
Cached:          1202508 kB
MemTotal:        1844596 kB
MemFree:          177212 kB
MemAvailable:    1448548 kB
Buffers:           94680 kB
Cached:          1202508 kB
MemTotal:        1844596 kB
MemFree:          176232 kB
MemAvailable:    1447568 kB
Buffers:           94680 kB
Cached:          1202508 kB
MemTotal:        1844596 kB
MemFree:          177472 kB
MemAvailable:    1448816 kB
Buffers:           94680 kB
Cached:          1202516 kB
MemTotal:        1844596 kB
MemFree:          176108 kB
MemAvailable:    1447452 kB
Buffers:           94680 kB
Cached:          1202516 kB
MemTotal:        1844596 kB
MemFree:          177348 kB
MemAvailable:    1448692 kB
Buffers:           94680 kB
Cached:          1202516 kB
MemTotal:        1844596 kB
MemFree:          177152 kB
MemAvailable:    1448496 kB
Buffers:           94680 kB
Cached:          1202516 kB
MemTotal:        1844596 kB
MemFree:          176612 kB
MemAvailable:    1447956 kB
Buffers:           94680 kB
Cached:          1202516 kB
MemTotal:        1844596 kB
MemFree:          176968 kB
MemAvailable:    1448312 kB
Buffers:           94680 kB
Cached:          1202516 kB
MemTotal:        1844596 kB
MemFree:          176108 kB
MemAvailable:    1447452 kB
Buffers:           94680 kB
Cached:          1202516 kB
MemTotal:        1844596 kB
MemFree:          176840 kB
MemAvailable:    1448184 kB
Buffers:           94680 kB
Cached:          1202516 kB
MemTotal:        1844596 kB
MemFree:          175248 kB
MemAvailable:    1446592 kB
Buffers:           94680 kB
Cached:          1202516 kB
MemTotal:        1844596 kB
MemFree:          175100 kB
MemAvailable:    1446444 kB
Buffers:           94680 kB
Cached:          1202516 kB
MemTotal:        1844596 kB
MemFree:          175436 kB
MemAvailable:    1446780 kB
Buffers:           94680 kB
Cached:          1202516 kB
MemTotal:        1844596 kB
MemFree:          174860 kB
MemAvailable:    1446204 kB
Buffers:           94680 kB
Cached:          1202516 kB
MemTotal:        1844596 kB
MemFree:          174860 kB
MemAvailable:    1446204 kB
Buffers:           94680 kB
Cached:          1202516 kB
MemTotal:        1844596 kB
MemFree:          174472 kB
MemAvailable:    1445816 kB
Buffers:           94680 kB
Cached:          1202516 kB
MemTotal:        1844596 kB
MemFree:          174808 kB
MemAvailable:    1446152 kB
Buffers:           94680 kB
Cached:          1202516 kB
MemTotal:        1844596 kB
MemFree:          174300 kB
MemAvailable:    1445644 kB
Buffers:           94680 kB
Cached:          1202516 kB
MemTotal:        1844596 kB
MemFree:          172512 kB
MemAvailable:    1443856 kB
Buffers:           94680 kB
Cached:          1202516 kB
MemTotal:        1844596 kB
MemFree:          171644 kB
MemAvailable:    1442988 kB
Buffers:           94680 kB
Cached:          1202516 kB
MemTotal:        1844596 kB
MemFree:          172688 kB
MemAvailable:    1444032 kB
Buffers:           94680 kB
Cached:          1202516 kB
MemTotal:        1844596 kB
MemFree:          171652 kB
MemAvailable:    1442996 kB
Buffers:           94680 kB
Cached:          1202516 kB
MemTotal:        1844596 kB
MemFree:          171340 kB
MemAvailable:    1442684 kB
Buffers:           94680 kB
Cached:          1202516 kB
MemTotal:        1844596 kB
MemFree:          170652 kB
MemAvailable:    1441996 kB
Buffers:           94680 kB
Cached:          1202516 kB
MemTotal:        1844596 kB
MemFree:          171884 kB
MemAvailable:    1443228 kB
Buffers:           94680 kB
Cached:          1202516 kB
MemTotal:        1844596 kB
MemFree:          172024 kB
MemAvailable:    1443368 kB
Buffers:           94680 kB
Cached:          1202516 kB
MemTotal:        1844596 kB
MemFree:          171876 kB
MemAvailable:    1443220 kB
Buffers:           94680 kB
Cached:          1202516 kB
MemTotal:        1844596 kB
MemFree:          171768 kB
MemAvailable:    1443112 kB
Buffers:           94680 kB
Cached:          1202516 kB
MemTotal:        1844596 kB
MemFree:          171836 kB
MemAvailable:    1443180 kB
Buffers:           94680 kB
Cached:          1202516 kB
MemTotal:        1844596 kB
MemFree:          171836 kB
MemAvailable:    1443180 kB
Buffers:           94680 kB
Cached:          1202516 kB
MemTotal:        1844596 kB
MemFree:          172020 kB
MemAvailable:    1443364 kB
Buffers:           94680 kB
Cached:          1202516 kB
MemTotal:        1844596 kB
MemFree:          171828 kB
MemAvailable:    1443176 kB
Buffers:           94680 kB
Cached:          1202520 kB
MemTotal:        1844596 kB
MemFree:          172080 kB
MemAvailable:    1443428 kB
Buffers:           94680 kB
Cached:          1202520 kB
MemTotal:        1844596 kB
MemFree:          171760 kB
MemAvailable:    1443108 kB
Buffers:           94680 kB
Cached:          1202520 kB
MemTotal:        1844596 kB
MemFree:          171760 kB
MemAvailable:    1443108 kB
Buffers:           94680 kB
Cached:          1202520 kB
MemTotal:        1844596 kB
MemFree:          171016 kB
MemAvailable:    1442364 kB
Buffers:           94680 kB
Cached:          1202520 kB
MemTotal:        1844596 kB
MemFree:          171688 kB
MemAvailable:    1443036 kB
Buffers:           94680 kB
Cached:          1202520 kB
MemTotal:        1844596 kB
MemFree:          171688 kB
MemAvailable:    1443036 kB
Buffers:           94680 kB
Cached:          1202520 kB
MemTotal:        1844596 kB
MemFree:          171808 kB
MemAvailable:    1443156 kB
Buffers:           94680 kB
Cached:          1202520 kB
MemTotal:        1844596 kB
MemFree:          170776 kB
MemAvailable:    1442124 kB
Buffers:           94680 kB
Cached:          1202520 kB
MemTotal:        1844596 kB
MemFree:          171752 kB
MemAvailable:    1443100 kB
Buffers:           94680 kB
Cached:          1202520 kB
MemTotal:        1844596 kB
MemFree:          172088 kB
MemAvailable:    1443436 kB
Buffers:           94680 kB
Cached:          1202520 kB
MemTotal:        1844596 kB
MemFree:          171628 kB
MemAvailable:    1442976 kB
Buffers:           94680 kB
Cached:          1202520 kB
MemTotal:        1844596 kB
MemFree:          171712 kB
MemAvailable:    1443060 kB
Buffers:           94680 kB
Cached:          1202520 kB
MemTotal:        1844596 kB
MemFree:          171564 kB
MemAvailable:    1442912 kB
Buffers:           94680 kB
Cached:          1202520 kB
MemTotal:        1844596 kB
MemFree:          171760 kB
MemAvailable:    1443108 kB
Buffers:           94680 kB
Cached:          1202520 kB
MemTotal:        1844596 kB
MemFree:          171156 kB
MemAvailable:    1442504 kB
Buffers:           94680 kB
Cached:          1202520 kB
MemTotal:        1844596 kB
MemFree:          171564 kB
MemAvailable:    1442912 kB
Buffers:           94680 kB
Cached:          1202520 kB
MemTotal:        1844596 kB
MemFree:          170528 kB
MemAvailable:    1441876 kB
Buffers:           94680 kB
Cached:          1202520 kB
MemTotal:        1844596 kB
MemFree:          170488 kB
MemAvailable:    1441836 kB
Buffers:           94680 kB
Cached:          1202520 kB
MemTotal:        1844596 kB
MemFree:          169156 kB
MemAvailable:    1440504 kB
Buffers:           94680 kB
Cached:          1202520 kB
MemTotal:        1844596 kB
MemFree:          168916 kB
MemAvailable:    1440264 kB
Buffers:           94680 kB
Cached:          1202520 kB
MemTotal:        1844596 kB
MemFree:          167668 kB
MemAvailable:    1439016 kB
Buffers:           94680 kB
Cached:          1202520 kB
MemTotal:        1844596 kB
MemFree:          167312 kB
MemAvailable:    1438660 kB
Buffers:           94680 kB
Cached:          1202520 kB
MemTotal:        1844596 kB
MemFree:          164824 kB
MemAvailable:    1436172 kB
Buffers:           94680 kB
Cached:          1202520 kB
MemTotal:        1844596 kB
MemFree:          162468 kB
MemAvailable:    1433816 kB
Buffers:           94680 kB
Cached:          1202520 kB
MemTotal:        1844596 kB
MemFree:          160600 kB
MemAvailable:    1431948 kB
Buffers:           94680 kB
Cached:          1202520 kB
MemTotal:        1844596 kB
MemFree:          156640 kB
MemAvailable:    1427988 kB
Buffers:           94680 kB
Cached:          1202520 kB
MemTotal:        1844596 kB
MemFree:          153600 kB
MemAvailable:    1424948 kB
Buffers:           94680 kB
Cached:          1202520 kB
MemTotal:        1844596 kB
MemFree:          153228 kB
MemAvailable:    1424576 kB
Buffers:           94680 kB
Cached:          1202520 kB
MemTotal:        1844596 kB
MemFree:          152988 kB
MemAvailable:    1424336 kB
Buffers:           94680 kB
Cached:          1202520 kB
MemTotal:        1844596 kB
MemFree:          153240 kB
MemAvailable:    1424588 kB
Buffers:           94680 kB
Cached:          1202520 kB
MemTotal:        1844596 kB
MemFree:          151756 kB
MemAvailable:    1423104 kB
Buffers:           94680 kB
Cached:          1202520 kB
MemTotal:        1844596 kB
MemFree:          153080 kB
MemAvailable:    1424428 kB
Buffers:           94680 kB
Cached:          1202520 kB
MemTotal:        1844596 kB
MemFree:          152988 kB
MemAvailable:    1424336 kB
Buffers:           94680 kB
Cached:          1202520 kB
MemTotal:        1844596 kB
MemFree:          152792 kB
MemAvailable:    1424140 kB
Buffers:           94680 kB
Cached:          1202520 kB
MemTotal:        1844596 kB
MemFree:          151812 kB
MemAvailable:    1423160 kB
Buffers:           94680 kB
Cached:          1202520 kB
MemTotal:        1844596 kB
MemFree:          152876 kB
MemAvailable:    1424224 kB
Buffers:           94680 kB
Cached:          1202520 kB
MemTotal:        1844596 kB
MemFree:          152524 kB
MemAvailable:    1423872 kB
Buffers:           94680 kB
Cached:          1202520 kB
MemTotal:        1844596 kB
MemFree:          152424 kB
MemAvailable:    1423772 kB
Buffers:           94680 kB
Cached:          1202520 kB
MemTotal:        1844596 kB
MemFree:          152388 kB
MemAvailable:    1423736 kB
Buffers:           94680 kB
Cached:          1202520 kB
MemTotal:        1844596 kB
MemFree:          152036 kB
MemAvailable:    1423384 kB
Buffers:           94680 kB
Cached:          1202520 kB
MemTotal:        1844596 kB
MemFree:          151924 kB
MemAvailable:    1423272 kB
Buffers:           94680 kB
Cached:          1202520 kB
MemTotal:        1844596 kB
MemFree:          151852 kB
MemAvailable:    1423200 kB
Buffers:           94680 kB
Cached:          1202520 kB
MemTotal:        1844596 kB
MemFree:          152104 kB
MemAvailable:    1423452 kB
Buffers:           94680 kB
Cached:          1202520 kB
MemTotal:        1844596 kB
MemFree:          151880 kB
MemAvailable:    1423228 kB
Buffers:           94680 kB
Cached:          1202520 kB
MemTotal:        1844596 kB
MemFree:          152060 kB
MemAvailable:    1423408 kB
Buffers:           94680 kB
Cached:          1202520 kB
MemTotal:        1844596 kB
MemFree:          151184 kB
MemAvailable:    1422532 kB
Buffers:           94680 kB
Cached:          1202520 kB
MemTotal:        1844596 kB
MemFree:          152384 kB
MemAvailable:    1423732 kB
Buffers:           94680 kB
Cached:          1202520 kB
MemTotal:        1844596 kB
MemFree:          151176 kB
MemAvailable:    1422524 kB
Buffers:           94680 kB
Cached:          1202520 kB
MemTotal:        1844596 kB
MemFree:          152176 kB
MemAvailable:    1423524 kB
Buffers:           94680 kB
Cached:          1202520 kB
MemTotal:        1844596 kB
MemFree:          150804 kB
MemAvailable:    1422152 kB
Buffers:           94680 kB
Cached:          1202520 kB
MemTotal:        1844596 kB
MemFree:          152036 kB
MemAvailable:    1423384 kB
Buffers:           94680 kB
Cached:          1202520 kB
MemTotal:        1844596 kB
MemFree:          151900 kB
MemAvailable:    1423248 kB
Buffers:           94680 kB
Cached:          1202520 kB
MemTotal:        1844596 kB
MemFree:          151928 kB
MemAvailable:    1423276 kB
Buffers:           94680 kB
Cached:          1202520 kB
MemTotal:        1844596 kB
MemFree:          152040 kB
MemAvailable:    1423388 kB
Buffers:           94680 kB
Cached:          1202520 kB
MemTotal:        1844596 kB
MemFree:          151928 kB
MemAvailable:    1423276 kB
Buffers:           94680 kB
Cached:          1202520 kB
MemTotal:        1844596 kB
MemFree:          151184 kB
MemAvailable:    1422532 kB
Buffers:           94680 kB
Cached:          1202520 kB
MemTotal:        1844596 kB
MemFree:          151860 kB
MemAvailable:    1423208 kB
Buffers:           94680 kB
Cached:          1202520 kB
MemTotal:        1844596 kB
MemFree:          151860 kB
MemAvailable:    1423208 kB
Buffers:           94680 kB
Cached:          1202520 kB
MemTotal:        1844596 kB
MemFree:          150548 kB
MemAvailable:    1421896 kB
Buffers:           94680 kB
Cached:          1202520 kB
MemTotal:        1844596 kB
MemFree:          150796 kB
MemAvailable:    1422144 kB
Buffers:           94680 kB
Cached:          1202520 kB
MemTotal:        1844596 kB
MemFree:          151780 kB
MemAvailable:    1423128 kB
Buffers:           94680 kB
Cached:          1202520 kB
MemTotal:        1844596 kB
MemFree:          152032 kB
MemAvailable:    1423380 kB
Buffers:           94680 kB
Cached:          1202520 kB
MemTotal:        1844596 kB
MemFree:          150664 kB
MemAvailable:    1422012 kB
Buffers:           94680 kB
Cached:          1202520 kB
MemTotal:        1844596 kB
MemFree:          150368 kB
MemAvailable:    1421716 kB
Buffers:           94680 kB
Cached:          1202520 kB
MemTotal:        1844596 kB
MemFree:          146508 kB
MemAvailable:    1417856 kB
Buffers:           94680 kB
Cached:          1202520 kB
MemTotal:        1844596 kB
MemFree:          143488 kB
MemAvailable:    1414836 kB
Buffers:           94680 kB
Cached:          1202520 kB
MemTotal:        1844596 kB
MemFree:          143256 kB
MemAvailable:    1414604 kB
Buffers:           94680 kB
Cached:          1202520 kB
MemTotal:        1844596 kB
MemFree:          138520 kB
MemAvailable:    1409868 kB
Buffers:           94680 kB
Cached:          1202520 kB
MemTotal:        1844596 kB
MemFree:          138484 kB
MemAvailable:    1409832 kB
Buffers:           94680 kB
Cached:          1202520 kB
MemTotal:        1844596 kB
MemFree:          133072 kB
MemAvailable:    1404420 kB
Buffers:           94680 kB
Cached:          1202520 kB
MemTotal:        1844596 kB
MemFree:          132900 kB
MemAvailable:    1404248 kB
Buffers:           94680 kB
Cached:          1202520 kB
MemTotal:        1844596 kB
MemFree:          134360 kB
MemAvailable:    1405708 kB
Buffers:           94680 kB
Cached:          1202520 kB
MemTotal:        1844596 kB
MemFree:          134248 kB
MemAvailable:    1405596 kB
Buffers:           94680 kB
Cached:          1202520 kB
MemTotal:        1844596 kB
MemFree:          132928 kB
MemAvailable:    1404276 kB
Buffers:           94680 kB
Cached:          1202520 kB
MemTotal:        1844596 kB
MemFree:          132796 kB
MemAvailable:    1404144 kB
Buffers:           94680 kB
Cached:          1202520 kB
MemTotal:        1844596 kB
MemFree:          134140 kB
MemAvailable:    1405500 kB
Buffers:           94680 kB
Cached:          1202528 kB
MemTotal:        1844596 kB
MemFree:          134308 kB
MemAvailable:    1405668 kB
Buffers:           94680 kB
Cached:          1202528 kB
MemTotal:        1844596 kB
MemFree:          134068 kB
MemAvailable:    1405428 kB
Buffers:           94680 kB
Cached:          1202528 kB
MemTotal:        1844596 kB
MemFree:          134076 kB
MemAvailable:    1405436 kB
Buffers:           94680 kB
Cached:          1202528 kB
MemTotal:        1844596 kB
MemFree:          133944 kB
MemAvailable:    1405304 kB
Buffers:           94680 kB
Cached:          1202528 kB
MemTotal:        1844596 kB
MemFree:          133488 kB
MemAvailable:    1404848 kB
Buffers:           94680 kB
Cached:          1202528 kB
MemTotal:        1844596 kB
MemFree:          133824 kB
MemAvailable:    1405184 kB
Buffers:           94680 kB
Cached:          1202528 kB
MemTotal:        1844596 kB
MemFree:          132380 kB
MemAvailable:    1403740 kB
Buffers:           94680 kB
Cached:          1202528 kB
MemTotal:        1844596 kB
MemFree:          132548 kB
MemAvailable:    1403908 kB
Buffers:           94680 kB
Cached:          1202528 kB
MemTotal:        1844596 kB
MemFree:          133736 kB
MemAvailable:    1405096 kB
Buffers:           94680 kB
Cached:          1202528 kB
MemTotal:        1844596 kB
MemFree:          133736 kB
MemAvailable:    1405096 kB
Buffers:           94680 kB
Cached:          1202528 kB
MemTotal:        1844596 kB
MemFree:          132412 kB
MemAvailable:    1403772 kB
Buffers:           94680 kB
Cached:          1202528 kB
MemTotal:        1844596 kB
MemFree:          133704 kB
MemAvailable:    1405064 kB
Buffers:           94680 kB
Cached:          1202528 kB
MemTotal:        1844596 kB
MemFree:          132840 kB
MemAvailable:    1404200 kB
Buffers:           94680 kB
Cached:          1202528 kB
MemTotal:        1844596 kB
MemFree:          133520 kB
MemAvailable:    1404880 kB
Buffers:           94680 kB
Cached:          1202528 kB
MemTotal:        1844596 kB
MemFree:          133856 kB
MemAvailable:    1405216 kB
Buffers:           94680 kB
Cached:          1202528 kB
MemTotal:        1844596 kB
MemFree:          132412 kB
MemAvailable:    1403772 kB
Buffers:           94680 kB
Cached:          1202528 kB
MemTotal:        1844596 kB
MemFree:          132584 kB
MemAvailable:    1403944 kB
Buffers:           94680 kB
Cached:          1202528 kB
MemTotal:        1844596 kB
MemFree:          132956 kB
MemAvailable:    1404316 kB
Buffers:           94680 kB
Cached:          1202528 kB
MemTotal:        1844596 kB
MemFree:          133640 kB
MemAvailable:    1405000 kB
Buffers:           94680 kB
Cached:          1202528 kB
MemTotal:        1844596 kB
MemFree:          133892 kB
MemAvailable:    1405252 kB
Buffers:           94680 kB
Cached:          1202528 kB
MemTotal:        1844596 kB
MemFree:          133824 kB
MemAvailable:    1405184 kB
Buffers:           94680 kB
Cached:          1202528 kB
MemTotal:        1844596 kB
MemFree:          132536 kB
MemAvailable:    1403896 kB
Buffers:           94680 kB
Cached:          1202528 kB
MemTotal:        1844596 kB
MemFree:          132404 kB
MemAvailable:    1403764 kB
Buffers:           94680 kB
Cached:          1202528 kB
MemTotal:        1844596 kB
MemFree:          132404 kB
MemAvailable:    1403764 kB
Buffers:           94680 kB
Cached:          1202528 kB
MemTotal:        1844596 kB
MemFree:          132816 kB
MemAvailable:    1404176 kB
Buffers:           94680 kB
Cached:          1202528 kB
MemTotal:        1844596 kB
MemFree:          132816 kB
MemAvailable:    1404176 kB
Buffers:           94680 kB
Cached:          1202528 kB
MemTotal:        1844596 kB
MemFree:          127188 kB
MemAvailable:    1398548 kB
Buffers:           94680 kB
Cached:          1202528 kB
MemTotal:        1844596 kB
MemFree:          124028 kB
MemAvailable:    1395388 kB
Buffers:           94680 kB
Cached:          1202528 kB
MemTotal:        1844596 kB
MemFree:          119192 kB
MemAvailable:    1390552 kB
Buffers:           94680 kB
Cached:          1202528 kB
MemTotal:        1844596 kB
MemFree:          116208 kB
MemAvailable:    1387568 kB
Buffers:           94680 kB
Cached:          1202528 kB
MemTotal:        1844596 kB
MemFree:          115852 kB
MemAvailable:    1387212 kB
Buffers:           94680 kB
Cached:          1202528 kB
MemTotal:        1844596 kB
MemFree:          116228 kB
MemAvailable:    1387588 kB
Buffers:           94680 kB
Cached:          1202528 kB
MemTotal:        1844596 kB
MemFree:          116288 kB
MemAvailable:    1387648 kB
Buffers:           94680 kB
Cached:          1202528 kB
MemTotal:        1844596 kB
MemFree:          116208 kB
MemAvailable:    1387568 kB
Buffers:           94680 kB
Cached:          1202528 kB
MemTotal:        1844596 kB
MemFree:          116100 kB
MemAvailable:    1387460 kB
Buffers:           94680 kB
Cached:          1202528 kB
MemTotal:        1844596 kB
MemFree:          116168 kB
MemAvailable:    1387528 kB
Buffers:           94680 kB
Cached:          1202528 kB
MemTotal:        1844596 kB
MemFree:          115348 kB
MemAvailable:    1386708 kB
Buffers:           94680 kB
Cached:          1202528 kB
MemTotal:        1844596 kB
MemFree:          116644 kB
MemAvailable:    1388004 kB
Buffers:           94680 kB
Cached:          1202528 kB
MemTotal:        1844596 kB
MemFree:          115084 kB
MemAvailable:    1386444 kB
Buffers:           94680 kB
Cached:          1202528 kB
MemTotal:        1844596 kB
MemFree:          115208 kB
MemAvailable:    1386568 kB
Buffers:           94680 kB
Cached:          1202528 kB
MemTotal:        1844596 kB
MemFree:          115084 kB
MemAvailable:    1386444 kB
Buffers:           94680 kB
Cached:          1202528 kB
MemTotal:        1844596 kB
MemFree:          116192 kB
MemAvailable:    1387552 kB
Buffers:           94680 kB
Cached:          1202528 kB
MemTotal:        1844596 kB
MemFree:          116192 kB
MemAvailable:    1387552 kB
Buffers:           94680 kB
Cached:          1202528 kB
MemTotal:        1844596 kB
MemFree:          114956 kB
MemAvailable:    1386316 kB
Buffers:           94680 kB
Cached:          1202528 kB
MemTotal:        1844596 kB
MemFree:          116252 kB
MemAvailable:    1387612 kB
Buffers:           94680 kB
Cached:          1202528 kB
MemTotal:        1844596 kB
MemFree:          115028 kB
MemAvailable:    1386388 kB
Buffers:           94680 kB
Cached:          1202528 kB
MemTotal:        1844596 kB
MemFree:          116144 kB
MemAvailable:    1387504 kB
Buffers:           94680 kB
Cached:          1202528 kB
MemTotal:        1844596 kB
MemFree:          114940 kB
MemAvailable:    1386300 kB
Buffers:           94680 kB
Cached:          1202528 kB
MemTotal:        1844596 kB
MemFree:          115432 kB
MemAvailable:    1386792 kB
Buffers:           94680 kB
Cached:          1202528 kB
MemTotal:        1844596 kB
MemFree:          114364 kB
MemAvailable:    1385724 kB
Buffers:           94680 kB
Cached:          1202528 kB
MemTotal:        1844596 kB
MemFree:          115208 kB
MemAvailable:    1386568 kB
Buffers:           94680 kB
Cached:          1202528 kB
MemTotal:        1844596 kB
MemFree:          115100 kB
MemAvailable:    1386460 kB
Buffers:           94680 kB
Cached:          1202528 kB
MemTotal:        1844596 kB
MemFree:          115264 kB
MemAvailable:    1386624 kB
Buffers:           94680 kB
Cached:          1202528 kB
MemTotal:        1844596 kB
MemFree:          115288 kB
MemAvailable:    1386648 kB
Buffers:           94680 kB
Cached:          1202528 kB
MemTotal:        1844596 kB
MemFree:          114108 kB
MemAvailable:    1385468 kB
Buffers:           94680 kB
Cached:          1202528 kB
MemTotal:        1844596 kB
MemFree:          114348 kB
MemAvailable:    1385708 kB
Buffers:           94680 kB
Cached:          1202528 kB
MemTotal:        1844596 kB
MemFree:          111564 kB
MemAvailable:    1382924 kB
Buffers:           94680 kB
Cached:          1202528 kB
MemTotal:        1844596 kB
MemFree:          108900 kB
MemAvailable:    1380260 kB
Buffers:           94680 kB
Cached:          1202528 kB
MemTotal:        1844596 kB
MemFree:          106792 kB
MemAvailable:    1378152 kB
Buffers:           94680 kB
Cached:          1202528 kB
MemTotal:        1844596 kB
MemFree:          103320 kB
MemAvailable:    1374680 kB
Buffers:           94680 kB
Cached:          1202528 kB
MemTotal:        1844596 kB
MemFree:          100964 kB
MemAvailable:    1372324 kB
Buffers:           94680 kB
Cached:          1202528 kB
MemTotal:        1844596 kB
MemFree:           99104 kB
MemAvailable:    1370464 kB
Buffers:           94680 kB
Cached:          1202528 kB
MemTotal:        1844596 kB
MemFree:           93640 kB
MemAvailable:    1365000 kB
Buffers:           94680 kB
Cached:          1202528 kB
MemTotal:        1844596 kB
MemFree:           91540 kB
MemAvailable:    1362900 kB
Buffers:           94680 kB
Cached:          1202528 kB
MemTotal:        1844596 kB
MemFree:           89788 kB
MemAvailable:    1361148 kB
Buffers:           94680 kB
Cached:          1202528 kB
MemTotal:        1844596 kB
MemFree:           89788 kB
MemAvailable:    1361148 kB
Buffers:           94680 kB
Cached:          1202528 kB
MemTotal:        1844596 kB
MemFree:           86768 kB
MemAvailable:    1358128 kB
Buffers:           94680 kB
Cached:          1202528 kB
MemTotal:        1844596 kB
MemFree:           83604 kB
MemAvailable:    1354964 kB
Buffers:           94680 kB
Cached:          1202528 kB
MemTotal:        1844596 kB
MemFree:           83192 kB
MemAvailable:    1354552 kB
Buffers:           94680 kB
Cached:          1202528 kB
MemTotal:        1844596 kB
MemFree:           84408 kB
MemAvailable:    1355768 kB
Buffers:           94680 kB
Cached:          1202528 kB
MemTotal:        1844596 kB
MemFree:           83364 kB
MemAvailable:    1354724 kB
Buffers:           94680 kB
Cached:          1202528 kB
MemTotal:        1844596 kB
MemFree:           84076 kB
MemAvailable:    1355436 kB
Buffers:           94680 kB
Cached:          1202528 kB
MemTotal:        1844596 kB
MemFree:           84332 kB
MemAvailable:    1355692 kB
Buffers:           94680 kB
Cached:          1202528 kB
MemTotal:        1844596 kB
MemFree:           84460 kB
MemAvailable:    1355820 kB
Buffers:           94680 kB
Cached:          1202528 kB
MemTotal:        1844596 kB
MemFree:           84176 kB
MemAvailable:    1355548 kB
Buffers:           94680 kB
Cached:          1202540 kB
MemTotal:        1844596 kB
MemFree:           84344 kB
MemAvailable:    1355716 kB
Buffers:           94680 kB
Cached:          1202540 kB
MemTotal:        1844596 kB
MemFree:           83240 kB
MemAvailable:    1354612 kB
Buffers:           94680 kB
Cached:          1202540 kB
MemTotal:        1844596 kB
MemFree:           83800 kB
MemAvailable:    1355172 kB
Buffers:           94680 kB
Cached:          1202540 kB
MemTotal:        1844596 kB
MemFree:           82568 kB
MemAvailable:    1353940 kB
Buffers:           94680 kB
Cached:          1202540 kB
MemTotal:        1844596 kB
MemFree:           83488 kB
MemAvailable:    1354860 kB
Buffers:           94680 kB
Cached:          1202540 kB
MemTotal:        1844596 kB
MemFree:           83092 kB
MemAvailable:    1354464 kB
Buffers:           94680 kB
Cached:          1202540 kB
MemTotal:        1844596 kB
MemFree:           83344 kB
MemAvailable:    1354716 kB
Buffers:           94680 kB
Cached:          1202540 kB
MemTotal:        1844596 kB
MemFree:           82920 kB
MemAvailable:    1354292 kB
Buffers:           94680 kB
Cached:          1202540 kB
MemTotal:        1844596 kB
MemFree:           81988 kB
MemAvailable:    1353360 kB
Buffers:           94680 kB
Cached:          1202540 kB
MemTotal:        1844596 kB
MemFree:           81852 kB
MemAvailable:    1353224 kB
Buffers:           94680 kB
Cached:          1202540 kB
MemTotal:        1844596 kB
MemFree:           81844 kB
MemAvailable:    1353216 kB
Buffers:           94680 kB
Cached:          1202540 kB
MemTotal:        1844596 kB
MemFree:           81976 kB
MemAvailable:    1353348 kB
Buffers:           94680 kB
Cached:          1202540 kB
MemTotal:        1844596 kB
MemFree:           82232 kB
MemAvailable:    1353604 kB
Buffers:           94680 kB
Cached:          1202540 kB
MemTotal:        1844596 kB
MemFree:           82000 kB
MemAvailable:    1353372 kB
Buffers:           94680 kB
Cached:          1202540 kB
MemTotal:        1844596 kB
MemFree:           81596 kB
MemAvailable:    1352968 kB
Buffers:           94680 kB
Cached:          1202540 kB
MemTotal:        1844596 kB
MemFree:           81256 kB
MemAvailable:    1352628 kB
Buffers:           94680 kB
Cached:          1202540 kB
MemTotal:        1844596 kB
MemFree:           80084 kB
MemAvailable:    1351456 kB
Buffers:           94680 kB
Cached:          1202540 kB
MemTotal:        1844596 kB
MemFree:           80564 kB
MemAvailable:    1351936 kB
Buffers:           94680 kB
Cached:          1202540 kB
MemTotal:        1844596 kB
MemFree:           79768 kB
MemAvailable:    1351140 kB
Buffers:           94680 kB
Cached:          1202540 kB
MemTotal:        1844596 kB
MemFree:           80000 kB
MemAvailable:    1351372 kB
Buffers:           94680 kB
Cached:          1202540 kB
MemTotal:        1844596 kB
MemFree:           80252 kB
MemAvailable:    1351624 kB
Buffers:           94680 kB
Cached:          1202540 kB
MemTotal:        1844596 kB
MemFree:           80072 kB
MemAvailable:    1351444 kB
Buffers:           94680 kB
Cached:          1202540 kB
MemTotal:        1844596 kB
MemFree:           80324 kB
MemAvailable:    1351696 kB
Buffers:           94680 kB
Cached:          1202540 kB
MemTotal:        1844596 kB
MemFree:           78960 kB
MemAvailable:    1350332 kB
Buffers:           94680 kB
Cached:          1202540 kB
MemTotal:        1844596 kB
MemFree:           79968 kB
MemAvailable:    1351340 kB
Buffers:           94680 kB
Cached:          1202540 kB
MemTotal:        1844596 kB
MemFree:           80000 kB
MemAvailable:    1351372 kB
Buffers:           94680 kB
Cached:          1202540 kB
MemTotal:        1844596 kB
MemFree:           80336 kB
MemAvailable:    1351708 kB
Buffers:           94680 kB
Cached:          1202540 kB
MemTotal:        1844596 kB
MemFree:           80180 kB
MemAvailable:    1351552 kB
Buffers:           94680 kB
Cached:          1202540 kB
MemTotal:        1844596 kB
MemFree:           80140 kB
MemAvailable:    1351512 kB
Buffers:           94680 kB
Cached:          1202540 kB
MemTotal:        1844596 kB
MemFree:           80136 kB
MemAvailable:    1351508 kB
Buffers:           94680 kB
Cached:          1202540 kB
MemTotal:        1844596 kB
MemFree:           79404 kB
MemAvailable:    1350776 kB
Buffers:           94680 kB
Cached:          1202540 kB
MemTotal:        1844596 kB
MemFree:           80000 kB
MemAvailable:    1351372 kB
Buffers:           94680 kB
Cached:          1202540 kB
MemTotal:        1844596 kB
MemFree:           80084 kB
MemAvailable:    1351456 kB
Buffers:           94680 kB
Cached:          1202540 kB
MemTotal:        1844596 kB
MemFree:           80068 kB
MemAvailable:    1351440 kB
Buffers:           94680 kB
Cached:          1202540 kB
MemTotal:        1844596 kB
MemFree:           79024 kB
MemAvailable:    1350396 kB
Buffers:           94680 kB
Cached:          1202540 kB
MemTotal:        1844596 kB
MemFree:           80068 kB
MemAvailable:    1351440 kB
Buffers:           94680 kB
Cached:          1202540 kB
MemTotal:        1844596 kB
MemFree:           79280 kB
MemAvailable:    1350652 kB
Buffers:           94680 kB
Cached:          1202540 kB
MemTotal:        1844596 kB
MemFree:           80132 kB
MemAvailable:    1351504 kB
Buffers:           94680 kB
Cached:          1202540 kB
MemTotal:        1844596 kB
MemFree:           80132 kB
MemAvailable:    1351504 kB
Buffers:           94680 kB
Cached:          1202540 kB
MemTotal:        1844596 kB
MemFree:           80068 kB
MemAvailable:    1351440 kB
Buffers:           94680 kB
Cached:          1202540 kB
MemTotal:        1844596 kB
MemFree:           79024 kB
MemAvailable:    1350396 kB
Buffers:           94680 kB
Cached:          1202540 kB
MemTotal:        1844596 kB
MemFree:           80140 kB
MemAvailable:    1351512 kB
Buffers:           94680 kB
Cached:          1202540 kB
MemTotal:        1844596 kB
MemFree:           79396 kB
MemAvailable:    1350768 kB
Buffers:           94680 kB
Cached:          1202540 kB
MemTotal:        1844596 kB
MemFree:           80272 kB
MemAvailable:    1351644 kB
Buffers:           94680 kB
Cached:          1202540 kB
MemTotal:        1844596 kB
MemFree:           79396 kB
MemAvailable:    1350768 kB
Buffers:           94680 kB
Cached:          1202540 kB
MemTotal:        1844596 kB
MemFree:           80128 kB
MemAvailable:    1351500 kB
Buffers:           94680 kB
Cached:          1202540 kB
MemTotal:        1844596 kB
MemFree:           78768 kB
MemAvailable:    1350140 kB
Buffers:           94680 kB
Cached:          1202540 kB
MemTotal:        1844596 kB
MemFree:           79396 kB
MemAvailable:    1350768 kB
Buffers:           94680 kB
Cached:          1202540 kB
MemTotal:        1844596 kB
MemFree:           80100 kB
MemAvailable:    1351472 kB
Buffers:           94680 kB
Cached:          1202540 kB
MemTotal:        1844596 kB
MemFree:           80264 kB
MemAvailable:    1351636 kB
Buffers:           94680 kB
Cached:          1202540 kB
MemTotal:        1844596 kB
MemFree:           80348 kB
MemAvailable:    1351720 kB
Buffers:           94680 kB
Cached:          1202540 kB
MemTotal:        1844596 kB
MemFree:           80000 kB
MemAvailable:    1351372 kB
Buffers:           94680 kB
Cached:          1202540 kB
MemTotal:        1844596 kB
MemFree:           80084 kB
MemAvailable:    1351456 kB
Buffers:           94680 kB
Cached:          1202540 kB
MemTotal:        1844596 kB
MemFree:           78720 kB
MemAvailable:    1350092 kB
Buffers:           94680 kB
Cached:          1202540 kB
MemTotal:        1844596 kB
MemFree:           80188 kB
MemAvailable:    1351560 kB
Buffers:           94680 kB
Cached:          1202540 kB
MemTotal:        1844596 kB
MemFree:           80016 kB
MemAvailable:    1351388 kB
Buffers:           94680 kB
Cached:          1202540 kB
MemTotal:        1844596 kB
MemFree:           79884 kB
MemAvailable:    1351256 kB
Buffers:           94680 kB
Cached:          1202540 kB
MemTotal:        1844596 kB
MemFree:           76792 kB
MemAvailable:    1348164 kB
Buffers:           94680 kB
Cached:          1202540 kB
MemTotal:        1844596 kB
MemFree:           77224 kB
MemAvailable:    1348596 kB
Buffers:           94680 kB
Cached:          1202540 kB
MemTotal:        1844596 kB
MemFree:           72832 kB
MemAvailable:    1344204 kB
Buffers:           94680 kB
Cached:          1202540 kB
MemTotal:        1844596 kB
MemFree:           73868 kB
MemAvailable:    1345240 kB
Buffers:           94680 kB
Cached:          1202540 kB
MemTotal:        1844596 kB
MemFree:           72708 kB
MemAvailable:    1344080 kB
Buffers:           94680 kB
Cached:          1202540 kB
MemTotal:        1844596 kB
MemFree:           73620 kB
MemAvailable:    1344992 kB
Buffers:           94680 kB
Cached:          1202540 kB
MemTotal:        1844596 kB
MemFree:           72320 kB
MemAvailable:    1343692 kB
Buffers:           94680 kB
Cached:          1202540 kB
MemTotal:        1844596 kB
MemFree:           73296 kB
MemAvailable:    1344668 kB
Buffers:           94680 kB
Cached:          1202540 kB
MemTotal:        1844596 kB
MemFree:           73512 kB
MemAvailable:    1344884 kB
Buffers:           94680 kB
Cached:          1202540 kB
MemTotal:        1844596 kB
MemFree:           72440 kB
MemAvailable:    1343812 kB
Buffers:           94680 kB
Cached:          1202540 kB
MemTotal:        1844596 kB
MemFree:           72564 kB
MemAvailable:    1343936 kB
Buffers:           94680 kB
Cached:          1202540 kB
MemTotal:        1844596 kB
MemFree:           73548 kB
MemAvailable:    1344920 kB
Buffers:           94680 kB
Cached:          1202540 kB
MemTotal:        1844596 kB
MemFree:           73576 kB
MemAvailable:    1344948 kB
Buffers:           94680 kB
Cached:          1202540 kB
MemTotal:        1844596 kB
MemFree:           72064 kB
MemAvailable:    1343436 kB
Buffers:           94680 kB
Cached:          1202540 kB
MemTotal:        1844596 kB
MemFree:           73572 kB
MemAvailable:    1344944 kB
Buffers:           94680 kB
Cached:          1202540 kB
MemTotal:        1844596 kB
MemFree:           73256 kB
MemAvailable:    1344628 kB
Buffers:           94684 kB
Cached:          1202660 kB
MemTotal:        1844596 kB
MemFree:           73512 kB
MemAvailable:    1344884 kB
Buffers:           94684 kB
Cached:          1202660 kB
MemTotal:        1844596 kB
MemFree:           72008 kB
MemAvailable:    1343548 kB
Buffers:           94684 kB
Cached:          1202784 kB
MemTotal:        1844596 kB
MemFree:           73060 kB
MemAvailable:    1344768 kB
Buffers:           94684 kB
Cached:          1202908 kB
MemTotal:        1844596 kB
MemFree:           73072 kB
MemAvailable:    1344900 kB
Buffers:           94684 kB
Cached:          1203028 kB
MemTotal:        1844596 kB
MemFree:           73132 kB
MemAvailable:    1345044 kB
Buffers:           94684 kB
Cached:          1203152 kB
MemTotal:        1844596 kB
MemFree:           73008 kB
MemAvailable:    1345004 kB
Buffers:           94684 kB
Cached:          1203152 kB
MemTotal:        1844596 kB
MemFree:           71456 kB
MemAvailable:    1343452 kB
Buffers:           94684 kB
Cached:          1203152 kB
MemTotal:        1844596 kB
MemFree:           73008 kB
MemAvailable:    1345004 kB
Buffers:           94684 kB
Cached:          1203152 kB
MemTotal:        1844596 kB
MemFree:           71840 kB
MemAvailable:    1343836 kB
Buffers:           94684 kB
Cached:          1203152 kB
MemTotal:        1844596 kB
MemFree:           72808 kB
MemAvailable:    1344804 kB
Buffers:           94684 kB
Cached:          1203152 kB
MemTotal:        1844596 kB
MemFree:           72808 kB
MemAvailable:    1344804 kB
Buffers:           94684 kB
Cached:          1203152 kB
MemTotal:        1844596 kB
MemFree:           72800 kB
MemAvailable:    1344796 kB
Buffers:           94684 kB
Cached:          1203152 kB
MemTotal:        1844596 kB
MemFree:           72548 kB
MemAvailable:    1344628 kB
Buffers:           94684 kB
Cached:          1203276 kB
MemTotal:        1844596 kB
MemFree:           72540 kB
MemAvailable:    1343948 kB
Buffers:           94684 kB
Cached:          1202560 kB
MemTotal:        1844596 kB
MemFree:           73292 kB
MemAvailable:    1344700 kB
Buffers:           94684 kB
Cached:          1202560 kB
MemTotal:        1844596 kB
MemFree:          216272 kB
MemAvailable:    1487680 kB
Buffers:           94684 kB
Cached:          1202560 kB
MemTotal:        1844596 kB
MemFree:          110888 kB
MemAvailable:    1382296 kB
Buffers:           94684 kB
Cached:          1202560 kB
