MemTotal:        1844596 kB
MemFree:          264580 kB
MemAvailable:    1546528 kB
Buffers:          100436 kB
Cached:          1201656 kB
MemTotal:        1844596 kB
MemFree:          236448 kB
MemAvailable:    1518408 kB
Buffers:          100440 kB
Cached:          1201660 kB
MemTotal:        1844596 kB
MemFree:          236996 kB
MemAvailable:    1518956 kB
Buffers:          100440 kB
Cached:          1201660 kB
MemTotal:        1844596 kB
MemFree:          235076 kB
MemAvailable:    1517036 kB
Buffers:          100440 kB
Cached:          1201660 kB
MemTotal:        1844596 kB
MemFree:          233780 kB
MemAvailable:    1515740 kB
Buffers:          100440 kB
Cached:          1201660 kB
MemTotal:        1844596 kB
MemFree:          233548 kB
MemAvailable:    1515508 kB
Buffers:          100440 kB
Cached:          1201660 kB
MemTotal:        1844596 kB
MemFree:          233604 kB
MemAvailable:    1515564 kB
Buffers:          100440 kB
Cached:          1201660 kB
MemTotal:        1844596 kB
MemFree:          230424 kB
MemAvailable:    1512384 kB
Buffers:          100440 kB
Cached:          1201660 kB
MemTotal:        1844596 kB
MemFree:          228264 kB
MemAvailable:    1510224 kB
Buffers:          100440 kB
Cached:          1201660 kB
MemTotal:        1844596 kB
MemFree:          226776 kB
MemAvailable:    1508736 kB
Buffers:          100440 kB
Cached:          1201660 kB
MemTotal:        1844596 kB
MemFree:          222684 kB
MemAvailable:    1504644 kB
Buffers:          100440 kB
Cached:          1201660 kB
MemTotal:        1844596 kB
MemFree:          224944 kB
MemAvailable:    1506904 kB
Buffers:          100440 kB
Cached:          1201660 kB
MemTotal:        1844596 kB
MemFree:          224792 kB
MemAvailable:    1506752 kB
Buffers:          100440 kB
Cached:          1201660 kB
MemTotal:        1844596 kB
MemFree:          225080 kB
MemAvailable:    1507040 kB
Buffers:          100440 kB
Cached:          1201660 kB
MemTotal:        1844596 kB
MemFree:          225040 kB
MemAvailable:    1507000 kB
Buffers:          100440 kB
Cached:          1201660 kB
MemTotal:        1844596 kB
MemFree:          224172 kB
MemAvailable:    1506132 kB
Buffers:          100440 kB
Cached:          1201660 kB
MemTotal:        1844596 kB
MemFree:          224652 kB
MemAvailable:    1506612 kB
Buffers:          100440 kB
Cached:          1201660 kB
MemTotal:        1844596 kB
MemFree:          224420 kB
MemAvailable:    1506380 kB
Buffers:          100440 kB
Cached:          1201660 kB
MemTotal:        1844596 kB
MemFree:          223248 kB
MemAvailable:    1505208 kB
Buffers:          100440 kB
Cached:          1201660 kB
MemTotal:        1844596 kB
MemFree:          224356 kB
MemAvailable:    1506316 kB
Buffers:          100440 kB
Cached:          1201660 kB
MemTotal:        1844596 kB
MemFree:          224428 kB
MemAvailable:    1506388 kB
Buffers:          100440 kB
Cached:          1201660 kB
MemTotal:        1844596 kB
MemFree:          223048 kB
MemAvailable:    1505008 kB
Buffers:          100440 kB
Cached:          1201660 kB
MemTotal:        1844596 kB
MemFree:          223132 kB
MemAvailable:    1505092 kB
Buffers:          100440 kB
Cached:          1201660 kB
MemTotal:        1844596 kB
MemFree:          224300 kB
MemAvailable:    1506260 kB
Buffers:          100440 kB
Cached:          1201660 kB
MemTotal:        1844596 kB
MemFree:          222932 kB
MemAvailable:    1504892 kB
Buffers:          100440 kB
Cached:          1201660 kB
MemTotal:        1844596 kB
MemFree:          224104 kB
MemAvailable:    1506064 kB
Buffers:          100440 kB
Cached:          1201660 kB
MemTotal:        1844596 kB
MemFree:          222420 kB
MemAvailable:    1504380 kB
Buffers:          100440 kB
Cached:          1201660 kB
MemTotal:        1844596 kB
MemFree:          223156 kB
MemAvailable:    1505116 kB
Buffers:          100440 kB
Cached:          1201660 kB
MemTotal:        1844596 kB
MemFree:          223240 kB
MemAvailable:    1505200 kB
Buffers:          100440 kB
Cached:          1201660 kB
MemTotal:        1844596 kB
MemFree:          221760 kB
MemAvailable:    1503720 kB
Buffers:          100440 kB
Cached:          1201660 kB
MemTotal:        1844596 kB
MemFree:          222296 kB
MemAvailable:    1504256 kB
Buffers:          100440 kB
Cached:          1201660 kB
MemTotal:        1844596 kB
MemFree:          222296 kB
MemAvailable:    1504256 kB
Buffers:          100440 kB
Cached:          1201660 kB
MemTotal:        1844596 kB
MemFree:          220808 kB
MemAvailable:    1502768 kB
Buffers:          100440 kB
Cached:          1201660 kB
MemTotal:        1844596 kB
MemFree:          221876 kB
MemAvailable:    1503836 kB
Buffers:          100440 kB
Cached:          1201660 kB
MemTotal:        1844596 kB
MemFree:          220672 kB
MemAvailable:    1502632 kB
Buffers:          100440 kB
Cached:          1201660 kB
MemTotal:        1844596 kB
MemFree:          220624 kB
MemAvailable:    1502584 kB
Buffers:          100440 kB
Cached:          1201660 kB
MemTotal:        1844596 kB
MemFree:          220700 kB
MemAvailable:    1502664 kB
Buffers:          100440 kB
Cached:          1201664 kB
MemTotal:        1844596 kB
MemFree:          221996 kB
MemAvailable:    1503960 kB
Buffers:          100440 kB
Cached:          1201664 kB
MemTotal:        1844596 kB
MemFree:          222032 kB
MemAvailable:    1503996 kB
Buffers:          100440 kB
Cached:          1201664 kB
MemTotal:        1844596 kB
MemFree:          221956 kB
MemAvailable:    1503920 kB
Buffers:          100440 kB
Cached:          1201664 kB
MemTotal:        1844596 kB
MemFree:          222096 kB
MemAvailable:    1504060 kB
Buffers:          100440 kB
Cached:          1201664 kB
MemTotal:        1844596 kB
MemFree:          218500 kB
MemAvailable:    1500464 kB
Buffers:          100440 kB
Cached:          1201664 kB
MemTotal:        1844596 kB
MemFree:          216700 kB
MemAvailable:    1498664 kB
Buffers:          100440 kB
Cached:          1201664 kB
MemTotal:        1844596 kB
MemFree:          216020 kB
MemAvailable:    1497984 kB
Buffers:          100440 kB
Cached:          1201664 kB
MemTotal:        1844596 kB
MemFree:          216448 kB
MemAvailable:    1498412 kB
Buffers:          100440 kB
Cached:          1201664 kB
MemTotal:        1844596 kB
MemFree:          216700 kB
MemAvailable:    1498664 kB
Buffers:          100440 kB
Cached:          1201664 kB
MemTotal:        1844596 kB
MemFree:          215388 kB
MemAvailable:    1497352 kB
Buffers:          100440 kB
Cached:          1201664 kB
MemTotal:        1844596 kB
MemFree:          215248 kB
MemAvailable:    1497212 kB
Buffers:          100440 kB
Cached:          1201664 kB
MemTotal:        1844596 kB
MemFree:          215256 kB
MemAvailable:    1497220 kB
Buffers:          100440 kB
Cached:          1201664 kB
MemTotal:        1844596 kB
MemFree:          216392 kB
MemAvailable:    1498356 kB
Buffers:          100440 kB
Cached:          1201664 kB
MemTotal:        1844596 kB
MemFree:          215268 kB
MemAvailable:    1497232 kB
Buffers:          100440 kB
Cached:          1201664 kB
MemTotal:        1844596 kB
MemFree:          215944 kB
MemAvailable:    1497908 kB
Buffers:          100440 kB
Cached:          1201664 kB
MemTotal:        1844596 kB
MemFree:          214968 kB
MemAvailable:    1496932 kB
Buffers:          100440 kB
Cached:          1201664 kB
MemTotal:        1844596 kB
MemFree:          216128 kB
MemAvailable:    1498092 kB
Buffers:          100440 kB
Cached:          1201664 kB
MemTotal:        1844596 kB
MemFree:          216340 kB
MemAvailable:    1498304 kB
Buffers:          100440 kB
Cached:          1201664 kB
MemTotal:        1844596 kB
MemFree:          216192 kB
MemAvailable:    1498156 kB
Buffers:          100440 kB
Cached:          1201664 kB
MemTotal:        1844596 kB
MemFree:          216144 kB
MemAvailable:    1498108 kB
Buffers:          100440 kB
Cached:          1201664 kB
MemTotal:        1844596 kB
MemFree:          214712 kB
MemAvailable:    1496676 kB
Buffers:          100440 kB
Cached:          1201664 kB
MemTotal:        1844596 kB
MemFree:          211308 kB
MemAvailable:    1493272 kB
Buffers:          100440 kB
Cached:          1201664 kB
MemTotal:        1844596 kB
MemFree:          209324 kB
MemAvailable:    1491288 kB
Buffers:          100440 kB
Cached:          1201664 kB
MemTotal:        1844596 kB
MemFree:          210128 kB
MemAvailable:    1492092 kB
Buffers:          100440 kB
Cached:          1201664 kB
MemTotal:        1844596 kB
MemFree:          209192 kB
MemAvailable:    1491156 kB
Buffers:          100440 kB
Cached:          1201664 kB
MemTotal:        1844596 kB
MemFree:          209084 kB
MemAvailable:    1491048 kB
Buffers:          100440 kB
Cached:          1201664 kB
MemTotal:        1844596 kB
MemFree:          207216 kB
MemAvailable:    1489180 kB
Buffers:          100440 kB
Cached:          1201664 kB
MemTotal:        1844596 kB
MemFree:          207772 kB
MemAvailable:    1489736 kB
Buffers:          100440 kB
Cached:          1201664 kB
MemTotal:        1844596 kB
MemFree:          206588 kB
MemAvailable:    1488552 kB
Buffers:          100440 kB
Cached:          1201664 kB
MemTotal:        1844596 kB
MemFree:          207640 kB
MemAvailable:    1489604 kB
Buffers:          100440 kB
Cached:          1201664 kB
MemTotal:        1844596 kB
MemFree:          206332 kB
MemAvailable:    1488296 kB
Buffers:          100440 kB
Cached:          1201664 kB
MemTotal:        1844596 kB
MemFree:          206332 kB
MemAvailable:    1488296 kB
Buffers:          100440 kB
Cached:          1201664 kB
MemTotal:        1844596 kB
MemFree:          206200 kB
MemAvailable:    1488164 kB
Buffers:          100440 kB
Cached:          1201664 kB
MemTotal:        1844596 kB
MemFree:          207376 kB
MemAvailable:    1489340 kB
Buffers:          100440 kB
Cached:          1201664 kB
MemTotal:        1844596 kB
MemFree:          207328 kB
MemAvailable:    1489292 kB
Buffers:          100440 kB
Cached:          1201664 kB
MemTotal:        1844596 kB
MemFree:          206348 kB
MemAvailable:    1488312 kB
Buffers:          100440 kB
Cached:          1201664 kB
MemTotal:        1844596 kB
MemFree:          207244 kB
MemAvailable:    1489208 kB
Buffers:          100440 kB
Cached:          1201664 kB
MemTotal:        1844596 kB
MemFree:          207588 kB
MemAvailable:    1489552 kB
Buffers:          100440 kB
Cached:          1201664 kB
MemTotal:        1844596 kB
MemFree:          207452 kB
MemAvailable:    1489416 kB
Buffers:          100440 kB
Cached:          1201664 kB
MemTotal:        1844596 kB
MemFree:          207196 kB
MemAvailable:    1489160 kB
Buffers:          100440 kB
Cached:          1201664 kB
MemTotal:        1844596 kB
MemFree:          207016 kB
MemAvailable:    1488980 kB
Buffers:          100440 kB
Cached:          1201664 kB
MemTotal:        1844596 kB
MemFree:          207268 kB
MemAvailable:    1489232 kB
Buffers:          100440 kB
Cached:          1201664 kB
MemTotal:        1844596 kB
MemFree:          207044 kB
MemAvailable:    1489008 kB
Buffers:          100440 kB
Cached:          1201664 kB
MemTotal:        1844596 kB
MemFree:          205920 kB
MemAvailable:    1487884 kB
Buffers:          100440 kB
Cached:          1201664 kB
MemTotal:        1844596 kB
MemFree:          205796 kB
MemAvailable:    1487760 kB
Buffers:          100440 kB
Cached:          1201664 kB
MemTotal:        1844596 kB
MemFree:          205796 kB
MemAvailable:    1487760 kB
Buffers:          100440 kB
Cached:          1201664 kB
MemTotal:        1844596 kB
MemFree:          205540 kB
MemAvailable:    1487504 kB
Buffers:          100440 kB
Cached:          1201664 kB
MemTotal:        1844596 kB
MemFree:          201744 kB
MemAvailable:    1483708 kB
Buffers:          100440 kB
Cached:          1201664 kB
MemTotal:        1844596 kB
MemFree:          201264 kB
MemAvailable:    1483228 kB
Buffers:          100440 kB
Cached:          1201664 kB
MemTotal:        1844596 kB
MemFree:          198164 kB
MemAvailable:    1480128 kB
Buffers:          100440 kB
Cached:          1201664 kB
MemTotal:        1844596 kB
MemFree:          198900 kB
MemAvailable:    1480864 kB
Buffers:          100440 kB
Cached:          1201664 kB
MemTotal:        1844596 kB
MemFree:          198792 kB
MemAvailable:    1480756 kB
Buffers:          100440 kB
Cached:          1201664 kB
MemTotal:        1844596 kB
MemFree:          198768 kB
MemAvailable:    1480732 kB
Buffers:          100440 kB
Cached:          1201664 kB
MemTotal:        1844596 kB
MemFree:          198660 kB
MemAvailable:    1480624 kB
Buffers:          100440 kB
Cached:          1201664 kB
MemTotal:        1844596 kB
MemFree:          197280 kB
MemAvailable:    1479244 kB
Buffers:          100440 kB
Cached:          1201664 kB
MemTotal:        1844596 kB
MemFree:          198396 kB
MemAvailable:    1480360 kB
Buffers:          100440 kB
Cached:          1201664 kB
MemTotal:        1844596 kB
MemFree:          197280 kB
MemAvailable:    1479244 kB
Buffers:          100440 kB
Cached:          1201664 kB
MemTotal:        1844596 kB
MemFree:          198388 kB
MemAvailable:    1480352 kB
Buffers:          100440 kB
Cached:          1201664 kB
MemTotal:        1844596 kB
MemFree:          198388 kB
MemAvailable:    1480352 kB
Buffers:          100440 kB
Cached:          1201664 kB
MemTotal:        1844596 kB
MemFree:          198364 kB
MemAvailable:    1480328 kB
Buffers:          100440 kB
Cached:          1201664 kB
MemTotal:        1844596 kB
MemFree:          197036 kB
MemAvailable:    1479000 kB
Buffers:          100440 kB
Cached:          1201664 kB
MemTotal:        1844596 kB
MemFree:          198344 kB
MemAvailable:    1480308 kB
Buffers:          100440 kB
Cached:          1201664 kB
MemTotal:        1844596 kB
MemFree:          198596 kB
MemAvailable:    1480560 kB
Buffers:          100440 kB
Cached:          1201664 kB
MemTotal:        1844596 kB
MemFree:          197116 kB
MemAvailable:    1479080 kB
Buffers:          100440 kB
Cached:          1201664 kB
MemTotal:        1844596 kB
MemFree:          198392 kB
MemAvailable:    1480356 kB
Buffers:          100440 kB
Cached:          1201664 kB
MemTotal:        1844596 kB
MemFree:          198644 kB
MemAvailable:    1480608 kB
Buffers:          100440 kB
Cached:          1201664 kB
MemTotal:        1844596 kB
MemFree:          198232 kB
MemAvailable:    1480196 kB
Buffers:          100440 kB
Cached:          1201664 kB
MemTotal:        1844596 kB
MemFree:          197668 kB
MemAvailable:    1479632 kB
Buffers:          100440 kB
Cached:          1201664 kB
MemTotal:        1844596 kB
MemFree:          198348 kB
MemAvailable:    1480312 kB
Buffers:          100440 kB
Cached:          1201664 kB
MemTotal:        1844596 kB
MemFree:          197000 kB
MemAvailable:    1478964 kB
Buffers:          100440 kB
Cached:          1201664 kB
MemTotal:        1844596 kB
MemFree:          198472 kB
MemAvailable:    1480436 kB
Buffers:          100440 kB
Cached:          1201664 kB
MemTotal:        1844596 kB
MemFree:          198364 kB
MemAvailable:    1480328 kB
Buffers:          100440 kB
Cached:          1201664 kB
MemTotal:        1844596 kB
MemFree:          198308 kB
MemAvailable:    1480280 kB
Buffers:          100440 kB
Cached:          1201672 kB
MemTotal:        1844596 kB
MemFree:          198280 kB
MemAvailable:    1480252 kB
Buffers:          100440 kB
Cached:          1201672 kB
MemTotal:        1844596 kB
MemFree:          198296 kB
MemAvailable:    1480268 kB
Buffers:          100440 kB
Cached:          1201672 kB
MemTotal:        1844596 kB
MemFree:          198464 kB
MemAvailable:    1480436 kB
Buffers:          100440 kB
Cached:          1201672 kB
MemTotal:        1844596 kB
MemFree:          198424 kB
MemAvailable:    1480396 kB
Buffers:          100440 kB
Cached:          1201672 kB
MemTotal:        1844596 kB
MemFree:          197544 kB
MemAvailable:    1479516 kB
Buffers:          100440 kB
Cached:          1201672 kB
MemTotal:        1844596 kB
MemFree:          198220 kB
MemAvailable:    1480192 kB
Buffers:          100440 kB
Cached:          1201672 kB
MemTotal:        1844596 kB
MemFree:          198220 kB
MemAvailable:    1480192 kB
Buffers:          100440 kB
Cached:          1201672 kB
MemTotal:        1844596 kB
MemFree:          198260 kB
MemAvailable:    1480232 kB
Buffers:          100440 kB
Cached:          1201672 kB
MemTotal:        1844596 kB
MemFree:          198412 kB
MemAvailable:    1480384 kB
Buffers:          100440 kB
Cached:          1201672 kB
MemTotal:        1844596 kB
MemFree:          198472 kB
MemAvailable:    1480444 kB
Buffers:          100440 kB
Cached:          1201672 kB
MemTotal:        1844596 kB
MemFree:          198352 kB
MemAvailable:    1480324 kB
Buffers:          100440 kB
Cached:          1201672 kB
MemTotal:        1844596 kB
MemFree:          198520 kB
MemAvailable:    1480492 kB
Buffers:          100440 kB
Cached:          1201672 kB
MemTotal:        1844596 kB
MemFree:          196916 kB
MemAvailable:    1478888 kB
Buffers:          100440 kB
Cached:          1201672 kB
MemTotal:        1844596 kB
MemFree:          196488 kB
MemAvailable:    1478460 kB
Buffers:          100440 kB
Cached:          1201672 kB
MemTotal:        1844596 kB
MemFree:          193328 kB
MemAvailable:    1475300 kB
Buffers:          100440 kB
Cached:          1201672 kB
MemTotal:        1844596 kB
MemFree:          191592 kB
MemAvailable:    1473564 kB
Buffers:          100440 kB
Cached:          1201672 kB
MemTotal:        1844596 kB
MemFree:          188988 kB
MemAvailable:    1470960 kB
Buffers:          100440 kB
Cached:          1201672 kB
MemTotal:        1844596 kB
MemFree:          186376 kB
MemAvailable:    1468348 kB
Buffers:          100440 kB
Cached:          1201672 kB
MemTotal:        1844596 kB
MemFree:          187748 kB
MemAvailable:    1469720 kB
Buffers:          100440 kB
Cached:          1201672 kB
MemTotal:        1844596 kB
MemFree:          187512 kB
MemAvailable:    1469484 kB
Buffers:          100440 kB
Cached:          1201672 kB
MemTotal:        1844596 kB
MemFree:          186516 kB
MemAvailable:    1468488 kB
Buffers:          100440 kB
Cached:          1201672 kB
MemTotal:        1844596 kB
MemFree:          187360 kB
MemAvailable:    1469332 kB
Buffers:          100440 kB
Cached:          1201672 kB
MemTotal:        1844596 kB
MemFree:          187696 kB
MemAvailable:    1469668 kB
Buffers:          100440 kB
Cached:          1201672 kB
MemTotal:        1844596 kB
MemFree:          187492 kB
MemAvailable:    1469464 kB
Buffers:          100440 kB
Cached:          1201672 kB
MemTotal:        1844596 kB
MemFree:          187744 kB
MemAvailable:    1469716 kB
Buffers:          100440 kB
Cached:          1201672 kB
MemTotal:        1844596 kB
MemFree:          187452 kB
MemAvailable:    1469424 kB
Buffers:          100440 kB
Cached:          1201672 kB
MemTotal:        1844596 kB
MemFree:          186452 kB
MemAvailable:    1468424 kB
Buffers:          100440 kB
Cached:          1201672 kB
MemTotal:        1844596 kB
MemFree:          186372 kB
MemAvailable:    1468344 kB
Buffers:          100440 kB
Cached:          1201672 kB
MemTotal:        1844596 kB
MemFree:          187540 kB
MemAvailable:    1469512 kB
Buffers:          100440 kB
Cached:          1201672 kB
MemTotal:        1844596 kB
MemFree:          187500 kB
MemAvailable:    1469472 kB
Buffers:          100440 kB
Cached:          1201672 kB
MemTotal:        1844596 kB
MemFree:          186360 kB
MemAvailable:    1468332 kB
Buffers:          100440 kB
Cached:          1201672 kB
MemTotal:        1844596 kB
MemFree:          187536 kB
MemAvailable:    1469508 kB
Buffers:          100440 kB
Cached:          1201672 kB
MemTotal:        1844596 kB
MemFree:          186188 kB
MemAvailable:    1468160 kB
Buffers:          100440 kB
Cached:          1201672 kB
MemTotal:        1844596 kB
MemFree:          187360 kB
MemAvailable:    1469332 kB
Buffers:          100440 kB
Cached:          1201672 kB
MemTotal:        1844596 kB
MemFree:          187696 kB
MemAvailable:    1469668 kB
Buffers:          100440 kB
Cached:          1201672 kB
MemTotal:        1844596 kB
MemFree:          187444 kB
MemAvailable:    1469416 kB
Buffers:          100440 kB
Cached:          1201672 kB
MemTotal:        1844596 kB
MemFree:          187604 kB
MemAvailable:    1469576 kB
Buffers:          100440 kB
Cached:          1201672 kB
MemTotal:        1844596 kB
MemFree:          187468 kB
MemAvailable:    1469440 kB
Buffers:          100440 kB
Cached:          1201672 kB
MemTotal:        1844596 kB
MemFree:          187444 kB
MemAvailable:    1469416 kB
Buffers:          100440 kB
Cached:          1201672 kB
MemTotal:        1844596 kB
MemFree:          187540 kB
MemAvailable:    1469512 kB
Buffers:          100440 kB
Cached:          1201672 kB
MemTotal:        1844596 kB
MemFree:          186364 kB
MemAvailable:    1468336 kB
Buffers:          100440 kB
Cached:          1201672 kB
MemTotal:        1844596 kB
MemFree:          187356 kB
MemAvailable:    1469328 kB
Buffers:          100440 kB
Cached:          1201672 kB
MemTotal:        1844596 kB
MemFree:          187536 kB
MemAvailable:    1469508 kB
Buffers:          100440 kB
Cached:          1201672 kB
MemTotal:        1844596 kB
MemFree:          186228 kB
MemAvailable:    1468200 kB
Buffers:          100440 kB
Cached:          1201672 kB
MemTotal:        1844596 kB
MemFree:          187360 kB
MemAvailable:    1469332 kB
Buffers:          100440 kB
Cached:          1201672 kB
MemTotal:        1844596 kB
MemFree:          187612 kB
MemAvailable:    1469584 kB
Buffers:          100440 kB
Cached:          1201672 kB
MemTotal:        1844596 kB
MemFree:          187180 kB
MemAvailable:    1469152 kB
Buffers:          100440 kB
Cached:          1201672 kB
MemTotal:        1844596 kB
MemFree:          187516 kB
MemAvailable:    1469488 kB
Buffers:          100440 kB
Cached:          1201672 kB
MemTotal:        1844596 kB
MemFree:          187308 kB
MemAvailable:    1469280 kB
Buffers:          100440 kB
Cached:          1201672 kB
MemTotal:        1844596 kB
MemFree:          187368 kB
MemAvailable:    1469340 kB
Buffers:          100440 kB
Cached:          1201672 kB
MemTotal:        1844596 kB
MemFree:          187380 kB
MemAvailable:    1469352 kB
Buffers:          100440 kB
Cached:          1201672 kB
MemTotal:        1844596 kB
MemFree:          186332 kB
MemAvailable:    1468304 kB
Buffers:          100440 kB
Cached:          1201672 kB
MemTotal:        1844596 kB
MemFree:          187280 kB
MemAvailable:    1469252 kB
Buffers:          100440 kB
Cached:          1201672 kB
MemTotal:        1844596 kB
MemFree:          187528 kB
MemAvailable:    1469500 kB
Buffers:          100440 kB
Cached:          1201672 kB
MemTotal:        1844596 kB
MemFree:          187448 kB
MemAvailable:    1469420 kB
Buffers:          100440 kB
Cached:          1201672 kB
MemTotal:        1844596 kB
MemFree:          186756 kB
MemAvailable:    1468728 kB
Buffers:          100440 kB
Cached:          1201672 kB
MemTotal:        1844596 kB
MemFree:          187348 kB
MemAvailable:    1469320 kB
Buffers:          100440 kB
Cached:          1201672 kB
MemTotal:        1844596 kB
MemFree:          187568 kB
MemAvailable:    1469540 kB
Buffers:          100440 kB
Cached:          1201672 kB
MemTotal:        1844596 kB
MemFree:          187444 kB
MemAvailable:    1469416 kB
Buffers:          100440 kB
Cached:          1201672 kB
MemTotal:        1844596 kB
MemFree:          187540 kB
MemAvailable:    1469512 kB
Buffers:          100440 kB
Cached:          1201672 kB
MemTotal:        1844596 kB
MemFree:          187336 kB
MemAvailable:    1469308 kB
Buffers:          100440 kB
Cached:          1201672 kB
MemTotal:        1844596 kB
MemFree:          187588 kB
MemAvailable:    1469560 kB
Buffers:          100440 kB
Cached:          1201672 kB
MemTotal:        1844596 kB
MemFree:          186080 kB
MemAvailable:    1468052 kB
Buffers:          100440 kB
Cached:          1201672 kB
MemTotal:        1844596 kB
MemFree:          187320 kB
MemAvailable:    1469292 kB
Buffers:          100440 kB
Cached:          1201672 kB
MemTotal:        1844596 kB
MemFree:          186872 kB
MemAvailable:    1468844 kB
Buffers:          100440 kB
Cached:          1201672 kB
MemTotal:        1844596 kB
MemFree:          186872 kB
MemAvailable:    1468844 kB
Buffers:          100440 kB
Cached:          1201672 kB
MemTotal:        1844596 kB
MemFree:          186804 kB
MemAvailable:    1468776 kB
Buffers:          100440 kB
Cached:          1201672 kB
MemTotal:        1844596 kB
MemFree:          186428 kB
MemAvailable:    1468400 kB
Buffers:          100440 kB
Cached:          1201672 kB
MemTotal:        1844596 kB
MemFree:          186548 kB
MemAvailable:    1468520 kB
Buffers:          100440 kB
Cached:          1201672 kB
MemTotal:        1844596 kB
MemFree:          185392 kB
MemAvailable:    1467364 kB
Buffers:          100440 kB
Cached:          1201672 kB
MemTotal:        1844596 kB
MemFree:          186108 kB
MemAvailable:    1468080 kB
Buffers:          100440 kB
Cached:          1201672 kB
MemTotal:        1844596 kB
MemFree:          186300 kB
MemAvailable:    1468272 kB
Buffers:          100440 kB
Cached:          1201672 kB
MemTotal:        1844596 kB
MemFree:          184948 kB
MemAvailable:    1466920 kB
Buffers:          100440 kB
Cached:          1201672 kB
MemTotal:        1844596 kB
MemFree:          185524 kB
MemAvailable:    1467496 kB
Buffers:          100440 kB
Cached:          1201672 kB
MemTotal:        1844596 kB
MemFree:          186128 kB
MemAvailable:    1468100 kB
Buffers:          100440 kB
Cached:          1201672 kB
MemTotal:        1844596 kB
MemFree:          186384 kB
MemAvailable:    1468356 kB
Buffers:          100440 kB
Cached:          1201672 kB
MemTotal:        1844596 kB
MemFree:          186128 kB
MemAvailable:    1468100 kB
Buffers:          100440 kB
Cached:          1201672 kB
MemTotal:        1844596 kB
MemFree:          185932 kB
MemAvailable:    1467904 kB
Buffers:          100440 kB
Cached:          1201672 kB
MemTotal:        1844596 kB
MemFree:          184648 kB
MemAvailable:    1466632 kB
Buffers:          100440 kB
Cached:          1201684 kB
MemTotal:        1844596 kB
MemFree:          184772 kB
MemAvailable:    1466756 kB
Buffers:          100440 kB
Cached:          1201684 kB
MemTotal:        1844596 kB
MemFree:          185840 kB
MemAvailable:    1467824 kB
Buffers:          100440 kB
Cached:          1201684 kB
MemTotal:        1844596 kB
MemFree:          184720 kB
MemAvailable:    1466704 kB
Buffers:          100440 kB
Cached:          1201684 kB
MemTotal:        1844596 kB
MemFree:          185020 kB
MemAvailable:    1467004 kB
Buffers:          100440 kB
Cached:          1201684 kB
MemTotal:        1844596 kB
MemFree:          186188 kB
MemAvailable:    1468172 kB
Buffers:          100440 kB
Cached:          1201684 kB
MemTotal:        1844596 kB
MemFree:          185956 kB
MemAvailable:    1467940 kB
Buffers:          100440 kB
Cached:          1201684 kB
MemTotal:        1844596 kB
MemFree:          186020 kB
MemAvailable:    1468004 kB
Buffers:          100440 kB
Cached:          1201684 kB
MemTotal:        1844596 kB
MemFree:          185768 kB
MemAvailable:    1467752 kB
Buffers:          100440 kB
Cached:          1201684 kB
MemTotal:        1844596 kB
MemFree:          185832 kB
MemAvailable:    1467816 kB
Buffers:          100440 kB
Cached:          1201684 kB
MemTotal:        1844596 kB
MemFree:          184468 kB
MemAvailable:    1466452 kB
Buffers:          100440 kB
Cached:          1201684 kB
MemTotal:        1844596 kB
MemFree:          184592 kB
MemAvailable:    1466576 kB
Buffers:          100440 kB
Cached:          1201684 kB
MemTotal:        1844596 kB
MemFree:          185128 kB
MemAvailable:    1467112 kB
Buffers:          100440 kB
Cached:          1201684 kB
MemTotal:        1844596 kB
MemFree:          185128 kB
MemAvailable:    1467112 kB
Buffers:          100440 kB
Cached:          1201684 kB
MemTotal:        1844596 kB
MemFree:          179872 kB
MemAvailable:    1461856 kB
Buffers:          100440 kB
Cached:          1201684 kB
MemTotal:        1844596 kB
MemFree:          176896 kB
MemAvailable:    1458880 kB
Buffers:          100440 kB
Cached:          1201684 kB
MemTotal:        1844596 kB
MemFree:          174364 kB
MemAvailable:    1456348 kB
Buffers:          100440 kB
Cached:          1201684 kB
MemTotal:        1844596 kB
MemFree:          174780 kB
MemAvailable:    1456764 kB
Buffers:          100440 kB
Cached:          1201684 kB
MemTotal:        1844596 kB
MemFree:          174524 kB
MemAvailable:    1456508 kB
Buffers:          100440 kB
Cached:          1201684 kB
MemTotal:        1844596 kB
MemFree:          172952 kB
MemAvailable:    1454936 kB
Buffers:          100440 kB
Cached:          1201684 kB
MemTotal:        1844596 kB
MemFree:          174324 kB
MemAvailable:    1456308 kB
Buffers:          100440 kB
Cached:          1201684 kB
MemTotal:        1844596 kB
MemFree:          173596 kB
MemAvailable:    1455580 kB
Buffers:          100440 kB
Cached:          1201684 kB
MemTotal:        1844596 kB
MemFree:          173612 kB
MemAvailable:    1455596 kB
Buffers:          100440 kB
Cached:          1201684 kB
MemTotal:        1844596 kB
MemFree:          172868 kB
MemAvailable:    1454852 kB
Buffers:          100440 kB
Cached:          1201684 kB
MemTotal:        1844596 kB
MemFree:          172680 kB
MemAvailable:    1454664 kB
Buffers:          100440 kB
Cached:          1201684 kB
MemTotal:        1844596 kB
MemFree:          171372 kB
MemAvailable:    1453356 kB
Buffers:          100440 kB
Cached:          1201684 kB
MemTotal:        1844596 kB
MemFree:          170388 kB
MemAvailable:    1452372 kB
Buffers:          100440 kB
Cached:          1201684 kB
MemTotal:        1844596 kB
MemFree:          170016 kB
MemAvailable:    1452000 kB
Buffers:          100440 kB
Cached:          1201684 kB
MemTotal:        1844596 kB
MemFree:          169636 kB
MemAvailable:    1451620 kB
Buffers:          100440 kB
Cached:          1201684 kB
MemTotal:        1844596 kB
MemFree:          170696 kB
MemAvailable:    1452680 kB
Buffers:          100440 kB
Cached:          1201684 kB
MemTotal:        1844596 kB
MemFree:          170864 kB
MemAvailable:    1452848 kB
Buffers:          100440 kB
Cached:          1201684 kB
MemTotal:        1844596 kB
MemFree:          170632 kB
MemAvailable:    1452616 kB
Buffers:          100440 kB
Cached:          1201684 kB
MemTotal:        1844596 kB
MemFree:          170632 kB
MemAvailable:    1452616 kB
Buffers:          100440 kB
Cached:          1201684 kB
MemTotal:        1844596 kB
MemFree:          170952 kB
MemAvailable:    1452936 kB
Buffers:          100440 kB
Cached:          1201684 kB
MemTotal:        1844596 kB
MemFree:          170572 kB
MemAvailable:    1452556 kB
Buffers:          100440 kB
Cached:          1201684 kB
MemTotal:        1844596 kB
MemFree:          170740 kB
MemAvailable:    1452724 kB
Buffers:          100440 kB
Cached:          1201684 kB
MemTotal:        1844596 kB
MemFree:          170628 kB
MemAvailable:    1452612 kB
Buffers:          100440 kB
Cached:          1201684 kB
MemTotal:        1844596 kB
MemFree:          170820 kB
MemAvailable:    1452804 kB
Buffers:          100440 kB
Cached:          1201684 kB
MemTotal:        1844596 kB
MemFree:          170628 kB
MemAvailable:    1452612 kB
Buffers:          100440 kB
Cached:          1201684 kB
MemTotal:        1844596 kB
MemFree:          170964 kB
MemAvailable:    1452948 kB
Buffers:          100440 kB
Cached:          1201684 kB
MemTotal:        1844596 kB
MemFree:          170124 kB
MemAvailable:    1452108 kB
Buffers:          100440 kB
Cached:          1201684 kB
MemTotal:        1844596 kB
MemFree:          170124 kB
MemAvailable:    1452108 kB
Buffers:          100440 kB
Cached:          1201684 kB
MemTotal:        1844596 kB
MemFree:          169900 kB
MemAvailable:    1451884 kB
Buffers:          100440 kB
Cached:          1201684 kB
MemTotal:        1844596 kB
MemFree:          169084 kB
MemAvailable:    1451068 kB
Buffers:          100440 kB
Cached:          1201684 kB
MemTotal:        1844596 kB
MemFree:          168900 kB
MemAvailable:    1450884 kB
Buffers:          100440 kB
Cached:          1201684 kB
MemTotal:        1844596 kB
MemFree:          168636 kB
MemAvailable:    1450620 kB
Buffers:          100440 kB
Cached:          1201684 kB
MemTotal:        1844596 kB
MemFree:          168720 kB
MemAvailable:    1450704 kB
Buffers:          100440 kB
Cached:          1201684 kB
MemTotal:        1844596 kB
MemFree:          168148 kB
MemAvailable:    1450132 kB
Buffers:          100440 kB
Cached:          1201684 kB
MemTotal:        1844596 kB
MemFree:          166916 kB
MemAvailable:    1448900 kB
Buffers:          100440 kB
Cached:          1201684 kB
MemTotal:        1844596 kB
MemFree:          166172 kB
MemAvailable:    1448156 kB
Buffers:          100440 kB
Cached:          1201684 kB
MemTotal:        1844596 kB
MemFree:          167156 kB
MemAvailable:    1449140 kB
Buffers:          100440 kB
Cached:          1201684 kB
MemTotal:        1844596 kB
MemFree:          166908 kB
MemAvailable:    1448892 kB
Buffers:          100440 kB
Cached:          1201684 kB
MemTotal:        1844596 kB
MemFree:          166840 kB
MemAvailable:    1448824 kB
Buffers:          100440 kB
Cached:          1201684 kB
MemTotal:        1844596 kB
MemFree:          167176 kB
MemAvailable:    1449160 kB
Buffers:          100440 kB
Cached:          1201684 kB
MemTotal:        1844596 kB
MemFree:          166716 kB
MemAvailable:    1448700 kB
Buffers:          100440 kB
Cached:          1201684 kB
MemTotal:        1844596 kB
MemFree:          166716 kB
MemAvailable:    1448700 kB
Buffers:          100440 kB
Cached:          1201684 kB
MemTotal:        1844596 kB
MemFree:          166528 kB
MemAvailable:    1448512 kB
Buffers:          100440 kB
Cached:          1201684 kB
MemTotal:        1844596 kB
MemFree:          166420 kB
MemAvailable:    1448404 kB
Buffers:          100440 kB
Cached:          1201684 kB
MemTotal:        1844596 kB
MemFree:          166656 kB
MemAvailable:    1448640 kB
Buffers:          100440 kB
Cached:          1201684 kB
MemTotal:        1844596 kB
MemFree:          166544 kB
MemAvailable:    1448528 kB
Buffers:          100440 kB
Cached:          1201684 kB
MemTotal:        1844596 kB
MemFree:          166180 kB
MemAvailable:    1448164 kB
Buffers:          100440 kB
Cached:          1201684 kB
MemTotal:        1844596 kB
MemFree:          166404 kB
MemAvailable:    1448388 kB
Buffers:          100440 kB
Cached:          1201684 kB
MemTotal:        1844596 kB
MemFree:          165676 kB
MemAvailable:    1447660 kB
Buffers:          100440 kB
Cached:          1201684 kB
MemTotal:        1844596 kB
MemFree:          166508 kB
MemAvailable:    1448492 kB
Buffers:          100440 kB
Cached:          1201684 kB
MemTotal:        1844596 kB
MemFree:          166488 kB
MemAvailable:    1448472 kB
Buffers:          100440 kB
Cached:          1201684 kB
MemTotal:        1844596 kB
MemFree:          166360 kB
MemAvailable:    1448344 kB
Buffers:          100440 kB
Cached:          1201684 kB
MemTotal:        1844596 kB
MemFree:          166360 kB
MemAvailable:    1448344 kB
Buffers:          100440 kB
Cached:          1201684 kB
MemTotal:        1844596 kB
MemFree:          165048 kB
MemAvailable:    1447032 kB
Buffers:          100440 kB
Cached:          1201684 kB
MemTotal:        1844596 kB
MemFree:          166600 kB
MemAvailable:    1448584 kB
Buffers:          100440 kB
Cached:          1201684 kB
MemTotal:        1844596 kB
MemFree:          166488 kB
MemAvailable:    1448472 kB
Buffers:          100440 kB
Cached:          1201684 kB
MemTotal:        1844596 kB
MemFree:          165240 kB
MemAvailable:    1447224 kB
Buffers:          100440 kB
Cached:          1201684 kB
MemTotal:        1844596 kB
MemFree:          165124 kB
MemAvailable:    1447108 kB
Buffers:          100440 kB
Cached:          1201684 kB
MemTotal:        1844596 kB
MemFree:          165120 kB
MemAvailable:    1447104 kB
Buffers:          100440 kB
Cached:          1201684 kB
MemTotal:        1844596 kB
MemFree:          166372 kB
MemAvailable:    1448364 kB
Buffers:          100440 kB
Cached:          1201692 kB
MemTotal:        1844596 kB
MemFree:          166372 kB
MemAvailable:    1448364 kB
Buffers:          100440 kB
Cached:          1201692 kB
MemTotal:        1844596 kB
MemFree:          166380 kB
MemAvailable:    1448372 kB
Buffers:          100440 kB
Cached:          1201692 kB
MemTotal:        1844596 kB
MemFree:          166280 kB
MemAvailable:    1448272 kB
Buffers:          100440 kB
Cached:          1201692 kB
MemTotal:        1844596 kB
MemFree:          166420 kB
MemAvailable:    1448412 kB
Buffers:          100440 kB
Cached:          1201692 kB
MemTotal:        1844596 kB
MemFree:          164908 kB
MemAvailable:    1446900 kB
Buffers:          100440 kB
Cached:          1201692 kB
MemTotal:        1844596 kB
MemFree:          165240 kB
MemAvailable:    1447232 kB
Buffers:          100440 kB
Cached:          1201692 kB
MemTotal:        1844596 kB
MemFree:          165172 kB
MemAvailable:    1447164 kB
Buffers:          100440 kB
Cached:          1201692 kB
MemTotal:        1844596 kB
MemFree:          164072 kB
MemAvailable:    1446064 kB
Buffers:          100440 kB
Cached:          1201692 kB
MemTotal:        1844596 kB
MemFree:          164552 kB
MemAvailable:    1446548 kB
Buffers:          100440 kB
Cached:          1201696 kB
MemTotal:        1844596 kB
MemFree:          164764 kB
MemAvailable:    1446760 kB
Buffers:          100440 kB
Cached:          1201696 kB
MemTotal:        1844596 kB
MemFree:          161460 kB
MemAvailable:    1443456 kB
Buffers:          100440 kB
Cached:          1201696 kB
MemTotal:        1844596 kB
MemFree:          158980 kB
MemAvailable:    1440976 kB
Buffers:          100440 kB
Cached:          1201696 kB
MemTotal:        1844596 kB
MemFree:          157576 kB
MemAvailable:    1439572 kB
Buffers:          100440 kB
Cached:          1201696 kB
MemTotal:        1844596 kB
MemFree:          154764 kB
MemAvailable:    1436760 kB
Buffers:          100440 kB
Cached:          1201696 kB
MemTotal:        1844596 kB
MemFree:          151856 kB
MemAvailable:    1433852 kB
Buffers:          100440 kB
Cached:          1201696 kB
MemTotal:        1844596 kB
MemFree:          149556 kB
MemAvailable:    1431552 kB
Buffers:          100440 kB
Cached:          1201696 kB
MemTotal:        1844596 kB
MemFree:          147724 kB
MemAvailable:    1429720 kB
Buffers:          100440 kB
Cached:          1201696 kB
MemTotal:        1844596 kB
MemFree:          147724 kB
MemAvailable:    1429720 kB
Buffers:          100440 kB
Cached:          1201696 kB
MemTotal:        1844596 kB
MemFree:          146692 kB
MemAvailable:    1428688 kB
Buffers:          100440 kB
Cached:          1201696 kB
MemTotal:        1844596 kB
MemFree:          147800 kB
MemAvailable:    1429796 kB
Buffers:          100440 kB
Cached:          1201696 kB
MemTotal:        1844596 kB
MemFree:          146652 kB
MemAvailable:    1428648 kB
Buffers:          100440 kB
Cached:          1201696 kB
MemTotal:        1844596 kB
MemFree:          147616 kB
MemAvailable:    1429612 kB
Buffers:          100440 kB
Cached:          1201696 kB
MemTotal:        1844596 kB
MemFree:          147952 kB
MemAvailable:    1429948 kB
Buffers:          100440 kB
Cached:          1201696 kB
MemTotal:        1844596 kB
MemFree:          147660 kB
MemAvailable:    1429656 kB
Buffers:          100440 kB
Cached:          1201696 kB
MemTotal:        1844596 kB
MemFree:          147912 kB
MemAvailable:    1429908 kB
Buffers:          100440 kB
Cached:          1201696 kB
MemTotal:        1844596 kB
MemFree:          146448 kB
MemAvailable:    1428444 kB
Buffers:          100440 kB
Cached:          1201696 kB
MemTotal:        1844596 kB
MemFree:          146532 kB
MemAvailable:    1428528 kB
Buffers:          100440 kB
Cached:          1201696 kB
MemTotal:        1844596 kB
MemFree:          147764 kB
MemAvailable:    1429760 kB
Buffers:          100440 kB
Cached:          1201696 kB
MemTotal:        1844596 kB
MemFree:          146944 kB
MemAvailable:    1428940 kB
Buffers:          100440 kB
Cached:          1201696 kB
MemTotal:        1844596 kB
MemFree:          147028 kB
MemAvailable:    1429024 kB
Buffers:          100440 kB
Cached:          1201696 kB
MemTotal:        1844596 kB
MemFree:          146780 kB
MemAvailable:    1428776 kB
Buffers:          100440 kB
Cached:          1201696 kB
MemTotal:        1844596 kB
MemFree:          146836 kB
MemAvailable:    1428832 kB
Buffers:          100440 kB
Cached:          1201696 kB
MemTotal:        1844596 kB
MemFree:          146820 kB
MemAvailable:    1428816 kB
Buffers:          100440 kB
Cached:          1201696 kB
MemTotal:        1844596 kB
MemFree:          146820 kB
MemAvailable:    1428816 kB
Buffers:          100440 kB
Cached:          1201696 kB
MemTotal:        1844596 kB
MemFree:          146704 kB
MemAvailable:    1428700 kB
Buffers:          100440 kB
Cached:          1201696 kB
MemTotal:        1844596 kB
MemFree:          145448 kB
MemAvailable:    1427444 kB
Buffers:          100440 kB
Cached:          1201696 kB
MemTotal:        1844596 kB
MemFree:          146888 kB
MemAvailable:    1428884 kB
Buffers:          100440 kB
Cached:          1201696 kB
MemTotal:        1844596 kB
MemFree:          146772 kB
MemAvailable:    1428768 kB
Buffers:          100440 kB
Cached:          1201696 kB
MemTotal:        1844596 kB
MemFree:          147028 kB
MemAvailable:    1429024 kB
Buffers:          100440 kB
Cached:          1201696 kB
MemTotal:        1844596 kB
MemFree:          146748 kB
MemAvailable:    1428744 kB
Buffers:          100440 kB
Cached:          1201696 kB
MemTotal:        1844596 kB
MemFree:          145448 kB
MemAvailable:    1427444 kB
Buffers:          100440 kB
Cached:          1201696 kB
MemTotal:        1844596 kB
MemFree:          145812 kB
MemAvailable:    1427808 kB
Buffers:          100440 kB
Cached:          1201696 kB
MemTotal:        1844596 kB
MemFree:          145572 kB
MemAvailable:    1427568 kB
Buffers:          100440 kB
Cached:          1201696 kB
MemTotal:        1844596 kB
MemFree:          146068 kB
MemAvailable:    1428064 kB
Buffers:          100440 kB
Cached:          1201696 kB
MemTotal:        1844596 kB
MemFree:          146672 kB
MemAvailable:    1428668 kB
Buffers:          100440 kB
Cached:          1201696 kB
MemTotal:        1844596 kB
MemFree:          146924 kB
MemAvailable:    1428920 kB
Buffers:          100440 kB
Cached:          1201696 kB
MemTotal:        1844596 kB
MemFree:          146684 kB
MemAvailable:    1428680 kB
Buffers:          100440 kB
Cached:          1201696 kB
MemTotal:        1844596 kB
MemFree:          145452 kB
MemAvailable:    1427448 kB
Buffers:          100440 kB
Cached:          1201696 kB
MemTotal:        1844596 kB
MemFree:          143472 kB
MemAvailable:    1425468 kB
Buffers:          100440 kB
Cached:          1201696 kB
MemTotal:        1844596 kB
MemFree:          142496 kB
MemAvailable:    1424492 kB
Buffers:          100440 kB
Cached:          1201696 kB
MemTotal:        1844596 kB
MemFree:          139936 kB
MemAvailable:    1421932 kB
Buffers:          100440 kB
Cached:          1201696 kB
MemTotal:        1844596 kB
MemFree:          137340 kB
MemAvailable:    1419336 kB
Buffers:          100440 kB
Cached:          1201696 kB
MemTotal:        1844596 kB
MemFree:          134296 kB
MemAvailable:    1416292 kB
Buffers:          100440 kB
Cached:          1201696 kB
MemTotal:        1844596 kB
MemFree:          132620 kB
MemAvailable:    1414616 kB
Buffers:          100440 kB
Cached:          1201696 kB
MemTotal:        1844596 kB
MemFree:          128832 kB
MemAvailable:    1410828 kB
Buffers:          100440 kB
Cached:          1201696 kB
MemTotal:        1844596 kB
MemFree:          128104 kB
MemAvailable:    1410100 kB
Buffers:          100440 kB
Cached:          1201696 kB
MemTotal:        1844596 kB
MemFree:          128528 kB
MemAvailable:    1410524 kB
Buffers:          100440 kB
Cached:          1201696 kB
MemTotal:        1844596 kB
MemFree:          128864 kB
MemAvailable:    1410860 kB
Buffers:          100440 kB
Cached:          1201696 kB
MemTotal:        1844596 kB
MemFree:          128404 kB
MemAvailable:    1410400 kB
Buffers:          100440 kB
Cached:          1201696 kB
MemTotal:        1844596 kB
MemFree:          128572 kB
MemAvailable:    1410568 kB
Buffers:          100440 kB
Cached:          1201696 kB
MemTotal:        1844596 kB
MemFree:          128288 kB
MemAvailable:    1410284 kB
Buffers:          100440 kB
Cached:          1201696 kB
MemTotal:        1844596 kB
MemFree:          128624 kB
MemAvailable:    1410620 kB
Buffers:          100440 kB
Cached:          1201696 kB
MemTotal:        1844596 kB
MemFree:          128408 kB
MemAvailable:    1410404 kB
Buffers:          100440 kB
Cached:          1201696 kB
MemTotal:        1844596 kB
MemFree:          128660 kB
MemAvailable:    1410656 kB
Buffers:          100440 kB
Cached:          1201696 kB
MemTotal:        1844596 kB
MemFree:          128280 kB
MemAvailable:    1410276 kB
Buffers:          100440 kB
Cached:          1201696 kB
MemTotal:        1844596 kB
MemFree:          128616 kB
MemAvailable:    1410612 kB
Buffers:          100440 kB
Cached:          1201696 kB
MemTotal:        1844596 kB
MemFree:          128540 kB
MemAvailable:    1410536 kB
Buffers:          100440 kB
Cached:          1201696 kB
MemTotal:        1844596 kB
MemFree:          128512 kB
MemAvailable:    1410508 kB
Buffers:          100440 kB
Cached:          1201696 kB
MemTotal:        1844596 kB
MemFree:          128704 kB
MemAvailable:    1410700 kB
Buffers:          100440 kB
Cached:          1201696 kB
MemTotal:        1844596 kB
MemFree:          127864 kB
MemAvailable:    1409860 kB
Buffers:          100440 kB
Cached:          1201696 kB
MemTotal:        1844596 kB
MemFree:          128848 kB
MemAvailable:    1410848 kB
Buffers:          100440 kB
Cached:          1201700 kB
MemTotal:        1844596 kB
MemFree:          127740 kB
MemAvailable:    1409740 kB
Buffers:          100440 kB
Cached:          1201700 kB
MemTotal:        1844596 kB
MemFree:          128468 kB
MemAvailable:    1410468 kB
Buffers:          100440 kB
Cached:          1201700 kB
MemTotal:        1844596 kB
MemFree:          128724 kB
MemAvailable:    1410724 kB
Buffers:          100440 kB
Cached:          1201700 kB
MemTotal:        1844596 kB
MemFree:          128204 kB
MemAvailable:    1410204 kB
Buffers:          100440 kB
Cached:          1201700 kB
MemTotal:        1844596 kB
MemFree:          128544 kB
MemAvailable:    1410544 kB
Buffers:          100440 kB
Cached:          1201700 kB
MemTotal:        1844596 kB
MemFree:          127492 kB
MemAvailable:    1409496 kB
Buffers:          100440 kB
Cached:          1201704 kB
MemTotal:        1844596 kB
MemFree:          128544 kB
MemAvailable:    1410548 kB
Buffers:          100440 kB
Cached:          1201704 kB
MemTotal:        1844596 kB
MemFree:          127492 kB
MemAvailable:    1409496 kB
Buffers:          100440 kB
Cached:          1201704 kB
MemTotal:        1844596 kB
MemFree:          128560 kB
MemAvailable:    1410564 kB
Buffers:          100440 kB
Cached:          1201704 kB
MemTotal:        1844596 kB
MemFree:          127864 kB
MemAvailable:    1409868 kB
Buffers:          100440 kB
Cached:          1201704 kB
MemTotal:        1844596 kB
MemFree:          128524 kB
MemAvailable:    1410528 kB
Buffers:          100440 kB
Cached:          1201704 kB
MemTotal:        1844596 kB
MemFree:          127168 kB
MemAvailable:    1409172 kB
Buffers:          100440 kB
Cached:          1201704 kB
MemTotal:        1844596 kB
MemFree:          128476 kB
MemAvailable:    1410480 kB
Buffers:          100440 kB
Cached:          1201704 kB
MemTotal:        1844596 kB
MemFree:          128812 kB
MemAvailable:    1410816 kB
Buffers:          100440 kB
Cached:          1201704 kB
MemTotal:        1844596 kB
MemFree:          128296 kB
MemAvailable:    1410300 kB
Buffers:          100440 kB
Cached:          1201704 kB
MemTotal:        1844596 kB
MemFree:          128632 kB
MemAvailable:    1410636 kB
Buffers:          100440 kB
Cached:          1201704 kB
MemTotal:        1844596 kB
MemFree:          127932 kB
MemAvailable:    1409936 kB
Buffers:          100440 kB
Cached:          1201704 kB
MemTotal:        1844596 kB
MemFree:          128656 kB
MemAvailable:    1410660 kB
Buffers:          100440 kB
Cached:          1201704 kB
MemTotal:        1844596 kB
MemFree:          127740 kB
MemAvailable:    1409744 kB
Buffers:          100440 kB
Cached:          1201704 kB
MemTotal:        1844596 kB
MemFree:          128340 kB
MemAvailable:    1410344 kB
Buffers:          100440 kB
Cached:          1201704 kB
MemTotal:        1844596 kB
MemFree:          128560 kB
MemAvailable:    1410564 kB
Buffers:          100444 kB
Cached:          1201700 kB
MemTotal:        1844596 kB
MemFree:          123400 kB
MemAvailable:    1405404 kB
Buffers:          100444 kB
Cached:          1201700 kB
MemTotal:        1844596 kB
MemFree:          118176 kB
MemAvailable:    1400180 kB
Buffers:          100444 kB
Cached:          1201700 kB
MemTotal:        1844596 kB
MemFree:          117456 kB
MemAvailable:    1399460 kB
Buffers:          100444 kB
Cached:          1201700 kB
MemTotal:        1844596 kB
MemFree:          113232 kB
MemAvailable:    1395236 kB
Buffers:          100444 kB
Cached:          1201700 kB
MemTotal:        1844596 kB
MemFree:          111240 kB
MemAvailable:    1393244 kB
Buffers:          100444 kB
Cached:          1201700 kB
MemTotal:        1844596 kB
MemFree:          111324 kB
MemAvailable:    1393328 kB
Buffers:          100444 kB
Cached:          1201700 kB
MemTotal:        1844596 kB
MemFree:          111128 kB
MemAvailable:    1393132 kB
Buffers:          100444 kB
Cached:          1201700 kB
MemTotal:        1844596 kB
MemFree:          109996 kB
MemAvailable:    1392000 kB
Buffers:          100444 kB
Cached:          1201700 kB
MemTotal:        1844596 kB
MemFree:          110440 kB
MemAvailable:    1392444 kB
Buffers:          100444 kB
Cached:          1201700 kB
MemTotal:        1844596 kB
MemFree:          110608 kB
MemAvailable:    1392612 kB
Buffers:          100444 kB
Cached:          1201700 kB
MemTotal:        1844596 kB
MemFree:          110116 kB
MemAvailable:    1392120 kB
Buffers:          100444 kB
Cached:          1201700 kB
MemTotal:        1844596 kB
MemFree:          110140 kB
MemAvailable:    1392144 kB
Buffers:          100444 kB
Cached:          1201700 kB
MemTotal:        1844596 kB
MemFree:          108760 kB
MemAvailable:    1390764 kB
Buffers:          100444 kB
Cached:          1201700 kB
MemTotal:        1844596 kB
MemFree:          109744 kB
MemAvailable:    1391748 kB
Buffers:          100444 kB
Cached:          1201700 kB
MemTotal:        1844596 kB
MemFree:          109704 kB
MemAvailable:    1391708 kB
Buffers:          100444 kB
Cached:          1201700 kB
MemTotal:        1844596 kB
MemFree:          109556 kB
MemAvailable:    1391560 kB
Buffers:          100444 kB
Cached:          1201700 kB
MemTotal:        1844596 kB
MemFree:          109808 kB
MemAvailable:    1391812 kB
Buffers:          100444 kB
Cached:          1201700 kB
MemTotal:        1844596 kB
MemFree:          108340 kB
MemAvailable:    1390344 kB
Buffers:          100444 kB
Cached:          1201700 kB
MemTotal:        1844596 kB
MemFree:          108464 kB
MemAvailable:    1390468 kB
Buffers:          100444 kB
Cached:          1201700 kB
MemTotal:        1844596 kB
MemFree:          108024 kB
MemAvailable:    1390028 kB
Buffers:          100444 kB
Cached:          1201700 kB
MemTotal:        1844596 kB
MemFree:          108024 kB
MemAvailable:    1390028 kB
Buffers:          100444 kB
Cached:          1201700 kB
MemTotal:        1844596 kB
MemFree:          108008 kB
MemAvailable:    1390012 kB
Buffers:          100444 kB
Cached:          1201700 kB
MemTotal:        1844596 kB
MemFree:          108008 kB
MemAvailable:    1390012 kB
Buffers:          100444 kB
Cached:          1201700 kB
MemTotal:        1844596 kB
MemFree:          107456 kB
MemAvailable:    1389460 kB
Buffers:          100444 kB
Cached:          1201700 kB
MemTotal:        1844596 kB
MemFree:          106040 kB
MemAvailable:    1388044 kB
Buffers:          100444 kB
Cached:          1201700 kB
MemTotal:        1844596 kB
MemFree:          105420 kB
MemAvailable:    1387424 kB
Buffers:          100444 kB
Cached:          1201700 kB
MemTotal:        1844596 kB
MemFree:          104924 kB
MemAvailable:    1386928 kB
Buffers:          100444 kB
Cached:          1201700 kB
MemTotal:        1844596 kB
MemFree:          104412 kB
MemAvailable:    1386416 kB
Buffers:          100444 kB
Cached:          1201700 kB
MemTotal:        1844596 kB
MemFree:          104428 kB
MemAvailable:    1386432 kB
Buffers:          100444 kB
Cached:          1201700 kB
MemTotal:        1844596 kB
MemFree:          104048 kB
MemAvailable:    1386052 kB
Buffers:          100444 kB
Cached:          1201700 kB
MemTotal:        1844596 kB
MemFree:          104304 kB
MemAvailable:    1386308 kB
Buffers:          100444 kB
Cached:          1201700 kB
MemTotal:        1844596 kB
MemFree:          103056 kB
MemAvailable:    1385060 kB
Buffers:          100444 kB
Cached:          1201700 kB
MemTotal:        1844596 kB
MemFree:          102808 kB
MemAvailable:    1384812 kB
Buffers:          100444 kB
Cached:          1201700 kB
MemTotal:        1844596 kB
MemFree:          104124 kB
MemAvailable:    1386128 kB
Buffers:          100444 kB
Cached:          1201700 kB
MemTotal:        1844596 kB
MemFree:          103864 kB
MemAvailable:    1385868 kB
Buffers:          100444 kB
Cached:          1201700 kB
MemTotal:        1844596 kB
MemFree:          103864 kB
MemAvailable:    1385868 kB
Buffers:          100444 kB
Cached:          1201700 kB
MemTotal:        1844596 kB
MemFree:          103312 kB
MemAvailable:    1385316 kB
Buffers:          100444 kB
Cached:          1201700 kB
MemTotal:        1844596 kB
MemFree:          102568 kB
MemAvailable:    1384572 kB
Buffers:          100444 kB
Cached:          1201700 kB
MemTotal:        1844596 kB
MemFree:          101576 kB
MemAvailable:    1383580 kB
Buffers:          100444 kB
Cached:          1201700 kB
MemTotal:        1844596 kB
MemFree:          102296 kB
MemAvailable:    1384300 kB
Buffers:          100444 kB
Cached:          1201700 kB
MemTotal:        1844596 kB
MemFree:          102444 kB
MemAvailable:    1384448 kB
Buffers:          100444 kB
Cached:          1201700 kB
MemTotal:        1844596 kB
MemFree:          102368 kB
MemAvailable:    1384372 kB
Buffers:          100444 kB
Cached:          1201700 kB
MemTotal:        1844596 kB
MemFree:          101060 kB
MemAvailable:    1383064 kB
Buffers:          100444 kB
Cached:          1201700 kB
MemTotal:        1844596 kB
MemFree:          102288 kB
MemAvailable:    1384292 kB
Buffers:          100444 kB
Cached:          1201700 kB
MemTotal:        1844596 kB
MemFree:          102516 kB
MemAvailable:    1384520 kB
Buffers:          100444 kB
Cached:          1201700 kB
MemTotal:        1844596 kB
MemFree:          102252 kB
MemAvailable:    1384256 kB
Buffers:          100444 kB
Cached:          1201700 kB
MemTotal:        1844596 kB
MemFree:          102504 kB
MemAvailable:    1384508 kB
Buffers:          100444 kB
Cached:          1201700 kB
MemTotal:        1844596 kB
MemFree:          102252 kB
MemAvailable:    1384256 kB
Buffers:          100444 kB
Cached:          1201700 kB
MemTotal:        1844596 kB
MemFree:          102420 kB
MemAvailable:    1384424 kB
Buffers:          100444 kB
Cached:          1201700 kB
MemTotal:        1844596 kB
MemFree:          102168 kB
MemAvailable:    1384172 kB
Buffers:          100444 kB
Cached:          1201700 kB
MemTotal:        1844596 kB
MemFree:          102504 kB
MemAvailable:    1384508 kB
Buffers:          100444 kB
Cached:          1201700 kB
MemTotal:        1844596 kB
MemFree:          101020 kB
MemAvailable:    1383024 kB
Buffers:          100444 kB
Cached:          1201700 kB
MemTotal:        1844596 kB
MemFree:          102316 kB
MemAvailable:    1384320 kB
Buffers:          100444 kB
Cached:          1201700 kB
MemTotal:        1844596 kB
MemFree:          101132 kB
MemAvailable:    1383136 kB
Buffers:          100444 kB
Cached:          1201700 kB
MemTotal:        1844596 kB
MemFree:          101176 kB
MemAvailable:    1383180 kB
Buffers:          100444 kB
Cached:          1201700 kB
MemTotal:        1844596 kB
MemFree:          102244 kB
MemAvailable:    1384248 kB
Buffers:          100444 kB
Cached:          1201700 kB
MemTotal:        1844596 kB
MemFree:          102272 kB
MemAvailable:    1384276 kB
Buffers:          100444 kB
Cached:          1201700 kB
MemTotal:        1844596 kB
MemFree:          102384 kB
MemAvailable:    1384388 kB
Buffers:          100444 kB
Cached:          1201700 kB
MemTotal:        1844596 kB
MemFree:          102256 kB
MemAvailable:    1384260 kB
Buffers:          100444 kB
Cached:          1201700 kB
MemTotal:        1844596 kB
MemFree:          102340 kB
MemAvailable:    1384360 kB
Buffers:          100444 kB
Cached:          1201716 kB
MemTotal:        1844596 kB
MemFree:          101956 kB
MemAvailable:    1383976 kB
Buffers:          100444 kB
Cached:          1201716 kB
MemTotal:        1844596 kB
MemFree:          102304 kB
MemAvailable:    1384324 kB
Buffers:          100444 kB
Cached:          1201716 kB
MemTotal:        1844596 kB
MemFree:          102516 kB
MemAvailable:    1384536 kB
Buffers:          100444 kB
Cached:          1201716 kB
MemTotal:        1844596 kB
MemFree:          102252 kB
MemAvailable:    1384272 kB
Buffers:          100444 kB
Cached:          1201716 kB
MemTotal:        1844596 kB
MemFree:          102320 kB
MemAvailable:    1384340 kB
Buffers:          100444 kB
Cached:          1201716 kB
MemTotal:        1844596 kB
MemFree:          101068 kB
MemAvailable:    1383088 kB
Buffers:          100444 kB
Cached:          1201716 kB
MemTotal:        1844596 kB
MemFree:          100928 kB
MemAvailable:    1382948 kB
Buffers:          100444 kB
Cached:          1201716 kB
MemTotal:        1844596 kB
MemFree:          101184 kB
MemAvailable:    1383204 kB
Buffers:          100444 kB
Cached:          1201716 kB
MemTotal:        1844596 kB
MemFree:          102544 kB
MemAvailable:    1384564 kB
Buffers:          100444 kB
Cached:          1201716 kB
MemTotal:        1844596 kB
MemFree:          101576 kB
MemAvailable:    1383596 kB
Buffers:          100444 kB
Cached:          1201716 kB
MemTotal:        1844596 kB
MemFree:          102436 kB
MemAvailable:    1384456 kB
Buffers:          100444 kB
Cached:          1201716 kB
MemTotal:        1844596 kB
MemFree:          102436 kB
MemAvailable:    1384456 kB
Buffers:          100444 kB
Cached:          1201716 kB
MemTotal:        1844596 kB
MemFree:          102304 kB
MemAvailable:    1384324 kB
Buffers:          100444 kB
Cached:          1201716 kB
MemTotal:        1844596 kB
MemFree:          102196 kB
MemAvailable:    1384216 kB
Buffers:          100444 kB
Cached:          1201716 kB
MemTotal:        1844596 kB
MemFree:          102132 kB
MemAvailable:    1384152 kB
Buffers:          100444 kB
Cached:          1201716 kB
MemTotal:        1844596 kB
MemFree:          102388 kB
MemAvailable:    1384408 kB
Buffers:          100444 kB
Cached:          1201716 kB
MemTotal:        1844596 kB
MemFree:          101144 kB
MemAvailable:    1383164 kB
Buffers:          100444 kB
Cached:          1201716 kB
MemTotal:        1844596 kB
MemFree:          101808 kB
MemAvailable:    1383828 kB
Buffers:          100444 kB
Cached:          1201716 kB
MemTotal:        1844596 kB
MemFree:          102292 kB
MemAvailable:    1384312 kB
Buffers:          100444 kB
Cached:          1201716 kB
MemTotal:        1844596 kB
MemFree:          102292 kB
MemAvailable:    1384312 kB
Buffers:          100444 kB
Cached:          1201716 kB
MemTotal:        1844596 kB
MemFree:          100948 kB
MemAvailable:    1382968 kB
Buffers:          100444 kB
Cached:          1201716 kB
MemTotal:        1844596 kB
MemFree:          101032 kB
MemAvailable:    1383052 kB
Buffers:          100444 kB
Cached:          1201716 kB
MemTotal:        1844596 kB
MemFree:           96352 kB
MemAvailable:    1378372 kB
Buffers:          100444 kB
Cached:          1201716 kB
MemTotal:        1844596 kB
MemFree:           95872 kB
MemAvailable:    1377892 kB
Buffers:          100444 kB
Cached:          1201716 kB
MemTotal:        1844596 kB
MemFree:           92772 kB
MemAvailable:    1374792 kB
Buffers:          100444 kB
Cached:          1201716 kB
MemTotal:        1844596 kB
MemFree:           90352 kB
MemAvailable:    1372372 kB
Buffers:          100444 kB
Cached:          1201716 kB
MemTotal:        1844596 kB
MemFree:           87564 kB
MemAvailable:    1369584 kB
Buffers:          100444 kB
Cached:          1201716 kB
MemTotal:        1844596 kB
MemFree:           83836 kB
MemAvailable:    1365856 kB
Buffers:          100444 kB
Cached:          1201716 kB
MemTotal:        1844596 kB
MemFree:           83836 kB
MemAvailable:    1365856 kB
Buffers:          100444 kB
Cached:          1201716 kB
MemTotal:        1844596 kB
MemFree:           81736 kB
MemAvailable:    1363756 kB
Buffers:          100444 kB
Cached:          1201716 kB
MemTotal:        1844596 kB
MemFree:           82864 kB
MemAvailable:    1364884 kB
Buffers:          100444 kB
Cached:          1201716 kB
MemTotal:        1844596 kB
MemFree:           82900 kB
MemAvailable:    1364920 kB
Buffers:          100444 kB
Cached:          1201716 kB
MemTotal:        1844596 kB
MemFree:           82896 kB
MemAvailable:    1364916 kB
Buffers:          100444 kB
Cached:          1201716 kB
MemTotal:        1844596 kB
MemFree:           81984 kB
MemAvailable:    1364004 kB
Buffers:          100444 kB
Cached:          1201716 kB
MemTotal:        1844596 kB
MemFree:           82700 kB
MemAvailable:    1364720 kB
Buffers:          100444 kB
Cached:          1201716 kB
MemTotal:        1844596 kB
MemFree:           83036 kB
MemAvailable:    1365056 kB
Buffers:          100444 kB
Cached:          1201716 kB
MemTotal:        1844596 kB
MemFree:           81612 kB
MemAvailable:    1363632 kB
Buffers:          100444 kB
Cached:          1201716 kB
MemTotal:        1844596 kB
MemFree:           82712 kB
MemAvailable:    1364732 kB
Buffers:          100444 kB
Cached:          1201716 kB
MemTotal:        1844596 kB
MemFree:           82836 kB
MemAvailable:    1364856 kB
Buffers:          100444 kB
Cached:          1201716 kB
MemTotal:        1844596 kB
MemFree:           82832 kB
MemAvailable:    1364852 kB
Buffers:          100444 kB
Cached:          1201716 kB
MemTotal:        1844596 kB
MemFree:           82984 kB
MemAvailable:    1365004 kB
Buffers:          100444 kB
Cached:          1201716 kB
MemTotal:        1844596 kB
MemFree:           81480 kB
MemAvailable:    1363500 kB
Buffers:          100444 kB
Cached:          1201716 kB
MemTotal:        1844596 kB
MemFree:           82844 kB
MemAvailable:    1364864 kB
Buffers:          100444 kB
Cached:          1201716 kB
MemTotal:        1844596 kB
MemFree:           82844 kB
MemAvailable:    1364864 kB
Buffers:          100444 kB
Cached:          1201716 kB
MemTotal:        1844596 kB
MemFree:           82588 kB
MemAvailable:    1364608 kB
Buffers:          100444 kB
Cached:          1201716 kB
MemTotal:        1844596 kB
MemFree:           82232 kB
MemAvailable:    1364252 kB
Buffers:          100444 kB
Cached:          1201716 kB
MemTotal:        1844596 kB
MemFree:           82592 kB
MemAvailable:    1364612 kB
Buffers:          100444 kB
Cached:          1201716 kB
MemTotal:        1844596 kB
MemFree:           81364 kB
MemAvailable:    1363384 kB
Buffers:          100444 kB
Cached:          1201716 kB
MemTotal:        1844596 kB
MemFree:           82464 kB
MemAvailable:    1364484 kB
Buffers:          100444 kB
Cached:          1201716 kB
MemTotal:        1844596 kB
MemFree:           82464 kB
MemAvailable:    1364484 kB
Buffers:          100444 kB
Cached:          1201716 kB
MemTotal:        1844596 kB
MemFree:           81108 kB
MemAvailable:    1363128 kB
Buffers:          100444 kB
Cached:          1201716 kB
MemTotal:        1844596 kB
MemFree:           82540 kB
MemAvailable:    1364560 kB
Buffers:          100444 kB
Cached:          1201716 kB
MemTotal:        1844596 kB
MemFree:           81316 kB
MemAvailable:    1363336 kB
Buffers:          100444 kB
Cached:          1201716 kB
MemTotal:        1844596 kB
MemFree:           81968 kB
MemAvailable:    1363988 kB
Buffers:          100444 kB
Cached:          1201716 kB
MemTotal:        1844596 kB
MemFree:           82052 kB
MemAvailable:    1364072 kB
Buffers:          100444 kB
Cached:          1201716 kB
MemTotal:        1844596 kB
MemFree:           78620 kB
MemAvailable:    1360640 kB
Buffers:          100444 kB
Cached:          1201716 kB
MemTotal:        1844596 kB
MemFree:           78140 kB
MemAvailable:    1360160 kB
Buffers:          100444 kB
Cached:          1201716 kB
MemTotal:        1844596 kB
MemFree:           71816 kB
MemAvailable:    1353836 kB
Buffers:          100444 kB
Cached:          1201716 kB
MemTotal:        1844596 kB
MemFree:           72860 kB
MemAvailable:    1354880 kB
Buffers:          100444 kB
Cached:          1201716 kB
MemTotal:        1844596 kB
MemFree:           72992 kB
MemAvailable:    1355012 kB
Buffers:          100444 kB
Cached:          1201716 kB
MemTotal:        1844596 kB
MemFree:           72064 kB
MemAvailable:    1354084 kB
Buffers:          100444 kB
Cached:          1201716 kB
MemTotal:        1844596 kB
MemFree:           72284 kB
MemAvailable:    1354304 kB
Buffers:          100444 kB
Cached:          1201716 kB
MemTotal:        1844596 kB
MemFree:           72620 kB
MemAvailable:    1354640 kB
Buffers:          100444 kB
Cached:          1201716 kB
MemTotal:        1844596 kB
MemFree:           70692 kB
MemAvailable:    1352712 kB
Buffers:          100444 kB
Cached:          1201716 kB
MemTotal:        1844596 kB
MemFree:           70692 kB
MemAvailable:    1352712 kB
Buffers:          100444 kB
Cached:          1201716 kB
MemTotal:        1844596 kB
MemFree:           70444 kB
MemAvailable:    1352464 kB
Buffers:          100444 kB
Cached:          1201716 kB
MemTotal:        1844596 kB
MemFree:           70696 kB
MemAvailable:    1352716 kB
Buffers:          100444 kB
Cached:          1201716 kB
MemTotal:        1844596 kB
MemFree:           69164 kB
MemAvailable:    1351184 kB
Buffers:          100444 kB
Cached:          1201716 kB
MemTotal:        1844596 kB
MemFree:           70396 kB
MemAvailable:    1352500 kB
Buffers:          100444 kB
Cached:          1201840 kB
MemTotal:        1844596 kB
MemFree:           70200 kB
MemAvailable:    1352472 kB
Buffers:          100444 kB
Cached:          1201964 kB
MemTotal:        1844596 kB
MemFree:           70332 kB
MemAvailable:    1352688 kB
Buffers:          100444 kB
Cached:          1202088 kB
MemTotal:        1844596 kB
MemFree:           69096 kB
MemAvailable:    1351536 kB
Buffers:          100444 kB
Cached:          1202088 kB
MemTotal:        1844596 kB
MemFree:           68544 kB
MemAvailable:    1351068 kB
Buffers:          100444 kB
Cached:          1202212 kB
MemTotal:        1844596 kB
MemFree:           69784 kB
MemAvailable:    1352392 kB
Buffers:          100444 kB
Cached:          1202212 kB
MemTotal:        1844596 kB
MemFree:           69880 kB
MemAvailable:    1352488 kB
Buffers:          100444 kB
Cached:          1202212 kB
MemTotal:        1844596 kB
MemFree:           69508 kB
MemAvailable:    1352116 kB
Buffers:          100444 kB
Cached:          1202336 kB
MemTotal:        1844596 kB
MemFree:           69072 kB
MemAvailable:    1351680 kB
Buffers:          100444 kB
Cached:          1202336 kB
MemTotal:        1844596 kB
MemFree:           69608 kB
MemAvailable:    1352216 kB
Buffers:          100444 kB
Cached:          1202336 kB
MemTotal:        1844596 kB
MemFree:           69720 kB
MemAvailable:    1352348 kB
Buffers:          100444 kB
Cached:          1202404 kB
MemTotal:        1844596 kB
MemFree:           68840 kB
MemAvailable:    1351468 kB
Buffers:          100444 kB
Cached:          1202404 kB
MemTotal:        1844596 kB
MemFree:           69432 kB
MemAvailable:    1352132 kB
Buffers:          100444 kB
Cached:          1202396 kB
MemTotal:        1844596 kB
MemFree:           69652 kB
MemAvailable:    1352352 kB
Buffers:          100444 kB
Cached:          1202396 kB
MemTotal:        1844596 kB
MemFree:           69868 kB
MemAvailable:    1351980 kB
Buffers:          100444 kB
Cached:          1201764 kB
MemTotal:        1844596 kB
MemFree:           70204 kB
MemAvailable:    1352316 kB
Buffers:          100444 kB
Cached:          1201764 kB
MemTotal:        1844596 kB
MemFree:           68964 kB
MemAvailable:    1351076 kB
Buffers:          100444 kB
Cached:          1201764 kB
MemTotal:        1844596 kB
MemFree:          185136 kB
MemAvailable:    1467248 kB
Buffers:          100444 kB
Cached:          1201764 kB
MemTotal:        1844596 kB
MemFree:          263348 kB
MemAvailable:    1545460 kB
Buffers:          100444 kB
Cached:          1201764 kB
