MemTotal:        1844596 kB
MemFree:          600804 kB
MemAvailable:    1545436 kB
Buffers:           91484 kB
Cached:           872632 kB
MemTotal:        1844596 kB
MemFree:          571880 kB
MemAvailable:    1516516 kB
Buffers:           91484 kB
Cached:           872636 kB
MemTotal:        1844596 kB
MemFree:          572312 kB
MemAvailable:    1516948 kB
Buffers:           91484 kB
Cached:           872636 kB
MemTotal:        1844596 kB
MemFree:          572056 kB
MemAvailable:    1516692 kB
Buffers:           91484 kB
Cached:           872636 kB
MemTotal:        1844596 kB
MemFree:          568160 kB
MemAvailable:    1512796 kB
Buffers:           91484 kB
Cached:           872636 kB
MemTotal:        1844596 kB
MemFree:          569476 kB
MemAvailable:    1514112 kB
Buffers:           91484 kB
Cached:           872636 kB
MemTotal:        1844596 kB
MemFree:          568292 kB
MemAvailable:    1512928 kB
Buffers:           91484 kB
Cached:           872636 kB
MemTotal:        1844596 kB
MemFree:          567228 kB
MemAvailable:    1511864 kB
Buffers:           91484 kB
Cached:           872636 kB
MemTotal:        1844596 kB
MemFree:          565060 kB
MemAvailable:    1509696 kB
Buffers:           91484 kB
Cached:           872636 kB
MemTotal:        1844596 kB
MemFree:          562456 kB
MemAvailable:    1507092 kB
Buffers:           91484 kB
Cached:           872636 kB
MemTotal:        1844596 kB
MemFree:          563252 kB
MemAvailable:    1507888 kB
Buffers:           91484 kB
Cached:           872636 kB
MemTotal:        1844596 kB
MemFree:          560640 kB
MemAvailable:    1505276 kB
Buffers:           91484 kB
Cached:           872636 kB
MemTotal:        1844596 kB
MemFree:          560456 kB
MemAvailable:    1505092 kB
Buffers:           91484 kB
Cached:           872636 kB
MemTotal:        1844596 kB
MemFree:          560624 kB
MemAvailable:    1505260 kB
Buffers:           91484 kB
Cached:           872636 kB
MemTotal:        1844596 kB
MemFree:          560568 kB
MemAvailable:    1505204 kB
Buffers:           91484 kB
Cached:           872636 kB
MemTotal:        1844596 kB
MemFree:          560904 kB
MemAvailable:    1505540 kB
Buffers:           91484 kB
Cached:           872636 kB
MemTotal:        1844596 kB
MemFree:          559336 kB
MemAvailable:    1503972 kB
Buffers:           91484 kB
Cached:           872636 kB
MemTotal:        1844596 kB
MemFree:          559356 kB
MemAvailable:    1503992 kB
Buffers:           91484 kB
Cached:           872636 kB
MemTotal:        1844596 kB
MemFree:          559232 kB
MemAvailable:    1503868 kB
Buffers:           91484 kB
Cached:           872636 kB
MemTotal:        1844596 kB
MemFree:          560348 kB
MemAvailable:    1504984 kB
Buffers:           91484 kB
Cached:           872636 kB
MemTotal:        1844596 kB
MemFree:          560224 kB
MemAvailable:    1504860 kB
Buffers:           91484 kB
Cached:           872636 kB
MemTotal:        1844596 kB
MemFree:          560408 kB
MemAvailable:    1505044 kB
Buffers:           91484 kB
Cached:           872636 kB
MemTotal:        1844596 kB
MemFree:          560320 kB
MemAvailable:    1504956 kB
Buffers:           91484 kB
Cached:           872636 kB
MemTotal:        1844596 kB
MemFree:          559472 kB
MemAvailable:    1504108 kB
Buffers:           91484 kB
Cached:           872636 kB
MemTotal:        1844596 kB
MemFree:          559808 kB
MemAvailable:    1504444 kB
Buffers:           91484 kB
Cached:           872636 kB
MemTotal:        1844596 kB
MemFree:          559292 kB
MemAvailable:    1503928 kB
Buffers:           91484 kB
Cached:           872636 kB
MemTotal:        1844596 kB
MemFree:          557944 kB
MemAvailable:    1502580 kB
Buffers:           91484 kB
Cached:           872636 kB
MemTotal:        1844596 kB
MemFree:          559176 kB
MemAvailable:    1503812 kB
Buffers:           91484 kB
Cached:           872636 kB
MemTotal:        1844596 kB
MemFree:          558564 kB
MemAvailable:    1503200 kB
Buffers:           91484 kB
Cached:           872636 kB
MemTotal:        1844596 kB
MemFree:          558564 kB
MemAvailable:    1503200 kB
Buffers:           91484 kB
Cached:           872636 kB
MemTotal:        1844596 kB
MemFree:          557844 kB
MemAvailable:    1502480 kB
Buffers:           91484 kB
Cached:           872636 kB
MemTotal:        1844596 kB
MemFree:          558180 kB
MemAvailable:    1502816 kB
Buffers:           91484 kB
Cached:           872636 kB
MemTotal:        1844596 kB
MemFree:          556868 kB
MemAvailable:    1501504 kB
Buffers:           91484 kB
Cached:           872636 kB
MemTotal:        1844596 kB
MemFree:          557804 kB
MemAvailable:    1502440 kB
Buffers:           91484 kB
Cached:           872636 kB
MemTotal:        1844596 kB
MemFree:          557632 kB
MemAvailable:    1502268 kB
Buffers:           91484 kB
Cached:           872636 kB
MemTotal:        1844596 kB
MemFree:          557468 kB
MemAvailable:    1502104 kB
Buffers:           91484 kB
Cached:           872636 kB
MemTotal:        1844596 kB
MemFree:          557692 kB
MemAvailable:    1502328 kB
Buffers:           91484 kB
Cached:           872636 kB
MemTotal:        1844596 kB
MemFree:          557596 kB
MemAvailable:    1502232 kB
Buffers:           91484 kB
Cached:           872636 kB
MemTotal:        1844596 kB
MemFree:          557932 kB
MemAvailable:    1502568 kB
Buffers:           91484 kB
Cached:           872636 kB
MemTotal:        1844596 kB
MemFree:          557472 kB
MemAvailable:    1502108 kB
Buffers:           91484 kB
Cached:           872636 kB
MemTotal:        1844596 kB
MemFree:          557808 kB
MemAvailable:    1502444 kB
Buffers:           91484 kB
Cached:           872636 kB
MemTotal:        1844596 kB
MemFree:          553396 kB
MemAvailable:    1498032 kB
Buffers:           91484 kB
Cached:           872636 kB
MemTotal:        1844596 kB
MemFree:          552164 kB
MemAvailable:    1496676 kB
Buffers:           91484 kB
Cached:           872636 kB
MemTotal:        1844596 kB
MemFree:          552404 kB
MemAvailable:    1497040 kB
Buffers:           91484 kB
Cached:           872636 kB
MemTotal:        1844596 kB
MemFree:          552740 kB
MemAvailable:    1497376 kB
Buffers:           91484 kB
Cached:           872636 kB
MemTotal:        1844596 kB
MemFree:          552572 kB
MemAvailable:    1497208 kB
Buffers:           91484 kB
Cached:           872636 kB
MemTotal:        1844596 kB
MemFree:          551288 kB
MemAvailable:    1495924 kB
Buffers:           91484 kB
Cached:           872636 kB
MemTotal:        1844596 kB
MemFree:          551172 kB
MemAvailable:    1495812 kB
Buffers:           91484 kB
Cached:           872640 kB
MemTotal:        1844596 kB
MemFree:          552224 kB
MemAvailable:    1496864 kB
Buffers:           91484 kB
Cached:           872640 kB
MemTotal:        1844596 kB
MemFree:          551784 kB
MemAvailable:    1496424 kB
Buffers:           91484 kB
Cached:           872640 kB
MemTotal:        1844596 kB
MemFree:          551660 kB
MemAvailable:    1496300 kB
Buffers:           91484 kB
Cached:           872640 kB
MemTotal:        1844596 kB
MemFree:          551908 kB
MemAvailable:    1496548 kB
Buffers:           91484 kB
Cached:           872640 kB
MemTotal:        1844596 kB
MemFree:          551048 kB
MemAvailable:    1495688 kB
Buffers:           91484 kB
Cached:           872640 kB
MemTotal:        1844596 kB
MemFree:          552092 kB
MemAvailable:    1496732 kB
Buffers:           91484 kB
Cached:           872640 kB
MemTotal:        1844596 kB
MemFree:          551892 kB
MemAvailable:    1496532 kB
Buffers:           91484 kB
Cached:           872640 kB
MemTotal:        1844596 kB
MemFree:          551784 kB
MemAvailable:    1496424 kB
Buffers:           91484 kB
Cached:           872640 kB
MemTotal:        1844596 kB
MemFree:          551632 kB
MemAvailable:    1496272 kB
Buffers:           91484 kB
Cached:           872640 kB
MemTotal:        1844596 kB
MemFree:          551968 kB
MemAvailable:    1496608 kB
Buffers:           91484 kB
Cached:           872640 kB
MemTotal:        1844596 kB
MemFree:          551724 kB
MemAvailable:    1496364 kB
Buffers:           91484 kB
Cached:           872640 kB
MemTotal:        1844596 kB
MemFree:          548444 kB
MemAvailable:    1493084 kB
Buffers:           91484 kB
Cached:           872640 kB
MemTotal:        1844596 kB
MemFree:          546268 kB
MemAvailable:    1490908 kB
Buffers:           91484 kB
Cached:           872640 kB
MemTotal:        1844596 kB
MemFree:          545692 kB
MemAvailable:    1490332 kB
Buffers:           91484 kB
Cached:           872640 kB
MemTotal:        1844596 kB
MemFree:          545776 kB
MemAvailable:    1490416 kB
Buffers:           91484 kB
Cached:           872640 kB
MemTotal:        1844596 kB
MemFree:          544212 kB
MemAvailable:    1488852 kB
Buffers:           91484 kB
Cached:           872640 kB
MemTotal:        1844596 kB
MemFree:          544344 kB
MemAvailable:    1488984 kB
Buffers:           91484 kB
Cached:           872640 kB
MemTotal:        1844596 kB
MemFree:          542740 kB
MemAvailable:    1487380 kB
Buffers:           91484 kB
Cached:           872640 kB
MemTotal:        1844596 kB
MemFree:          543420 kB
MemAvailable:    1488060 kB
Buffers:           91484 kB
Cached:           872640 kB
MemTotal:        1844596 kB
MemFree:          542112 kB
MemAvailable:    1486752 kB
Buffers:           91484 kB
Cached:           872640 kB
MemTotal:        1844596 kB
MemFree:          542120 kB
MemAvailable:    1486760 kB
Buffers:           91484 kB
Cached:           872640 kB
MemTotal:        1844596 kB
MemFree:          542244 kB
MemAvailable:    1486884 kB
Buffers:           91484 kB
Cached:           872640 kB
MemTotal:        1844596 kB
MemFree:          542360 kB
MemAvailable:    1487004 kB
Buffers:           91484 kB
Cached:           872644 kB
MemTotal:        1844596 kB
MemFree:          543112 kB
MemAvailable:    1487756 kB
Buffers:           91484 kB
Cached:           872644 kB
MemTotal:        1844596 kB
MemFree:          541996 kB
MemAvailable:    1486640 kB
Buffers:           91484 kB
Cached:           872644 kB
MemTotal:        1844596 kB
MemFree:          541996 kB
MemAvailable:    1486640 kB
Buffers:           91484 kB
Cached:           872644 kB
MemTotal:        1844596 kB
MemFree:          541740 kB
MemAvailable:    1486384 kB
Buffers:           91484 kB
Cached:           872644 kB
MemTotal:        1844596 kB
MemFree:          543040 kB
MemAvailable:    1487684 kB
Buffers:           91484 kB
Cached:           872644 kB
MemTotal:        1844596 kB
MemFree:          542980 kB
MemAvailable:    1487624 kB
Buffers:           91484 kB
Cached:           872644 kB
MemTotal:        1844596 kB
MemFree:          542972 kB
MemAvailable:    1487616 kB
Buffers:           91484 kB
Cached:           872644 kB
MemTotal:        1844596 kB
MemFree:          543228 kB
MemAvailable:    1487872 kB
Buffers:           91484 kB
Cached:           872644 kB
MemTotal:        1844596 kB
MemFree:          542768 kB
MemAvailable:    1487412 kB
Buffers:           91484 kB
Cached:           872644 kB
MemTotal:        1844596 kB
MemFree:          542940 kB
MemAvailable:    1487584 kB
Buffers:           91484 kB
Cached:           872644 kB
MemTotal:        1844596 kB
MemFree:          542736 kB
MemAvailable:    1487380 kB
Buffers:           91484 kB
Cached:           872644 kB
MemTotal:        1844596 kB
MemFree:          542780 kB
MemAvailable:    1487424 kB
Buffers:           91484 kB
Cached:           872644 kB
MemTotal:        1844596 kB
MemFree:          542776 kB
MemAvailable:    1487420 kB
Buffers:           91484 kB
Cached:           872644 kB
MemTotal:        1844596 kB
MemFree:          542528 kB
MemAvailable:    1487172 kB
Buffers:           91484 kB
Cached:           872644 kB
MemTotal:        1844596 kB
MemFree:          542864 kB
MemAvailable:    1487508 kB
Buffers:           91484 kB
Cached:           872644 kB
MemTotal:        1844596 kB
MemFree:          542236 kB
MemAvailable:    1486880 kB
Buffers:           91484 kB
Cached:           872644 kB
MemTotal:        1844596 kB
MemFree:          542244 kB
MemAvailable:    1486888 kB
Buffers:           91484 kB
Cached:           872644 kB
MemTotal:        1844596 kB
MemFree:          537408 kB
MemAvailable:    1482052 kB
Buffers:           91484 kB
Cached:           872644 kB
MemTotal:        1844596 kB
MemFree:          535052 kB
MemAvailable:    1479696 kB
Buffers:           91484 kB
Cached:           872644 kB
MemTotal:        1844596 kB
MemFree:          534740 kB
MemAvailable:    1479384 kB
Buffers:           91484 kB
Cached:           872644 kB
MemTotal:        1844596 kB
MemFree:          534492 kB
MemAvailable:    1479136 kB
Buffers:           91484 kB
Cached:           872644 kB
MemTotal:        1844596 kB
MemFree:          534360 kB
MemAvailable:    1479004 kB
Buffers:           91484 kB
Cached:           872644 kB
MemTotal:        1844596 kB
MemFree:          534548 kB
MemAvailable:    1479192 kB
Buffers:           91484 kB
Cached:           872644 kB
MemTotal:        1844596 kB
MemFree:          533192 kB
MemAvailable:    1477836 kB
Buffers:           91484 kB
Cached:           872644 kB
MemTotal:        1844596 kB
MemFree:          534112 kB
MemAvailable:    1478756 kB
Buffers:           91484 kB
Cached:           872644 kB
MemTotal:        1844596 kB
MemFree:          533856 kB
MemAvailable:    1478500 kB
Buffers:           91484 kB
Cached:           872644 kB
MemTotal:        1844596 kB
MemFree:          533856 kB
MemAvailable:    1478500 kB
Buffers:           91484 kB
Cached:           872644 kB
MemTotal:        1844596 kB
MemFree:          533780 kB
MemAvailable:    1478424 kB
Buffers:           91484 kB
Cached:           872644 kB
MemTotal:        1844596 kB
MemFree:          533552 kB
MemAvailable:    1478196 kB
Buffers:           91484 kB
Cached:           872644 kB
MemTotal:        1844596 kB
MemFree:          533764 kB
MemAvailable:    1478408 kB
Buffers:           91484 kB
Cached:           872644 kB
MemTotal:        1844596 kB
MemFree:          532996 kB
MemAvailable:    1477640 kB
Buffers:           91484 kB
Cached:           872644 kB
MemTotal:        1844596 kB
MemFree:          534028 kB
MemAvailable:    1478672 kB
Buffers:           91484 kB
Cached:           872644 kB
MemTotal:        1844596 kB
MemFree:          534060 kB
MemAvailable:    1478704 kB
Buffers:           91484 kB
Cached:           872644 kB
MemTotal:        1844596 kB
MemFree:          534012 kB
MemAvailable:    1478656 kB
Buffers:           91484 kB
Cached:           872644 kB
MemTotal:        1844596 kB
MemFree:          534012 kB
MemAvailable:    1478656 kB
Buffers:           91484 kB
Cached:           872644 kB
MemTotal:        1844596 kB
MemFree:          533880 kB
MemAvailable:    1478524 kB
Buffers:           91484 kB
Cached:           872644 kB
MemTotal:        1844596 kB
MemFree:          534216 kB
MemAvailable:    1478860 kB
Buffers:           91484 kB
Cached:           872644 kB
MemTotal:        1844596 kB
MemFree:          532800 kB
MemAvailable:    1477444 kB
Buffers:           91484 kB
Cached:           872644 kB
MemTotal:        1844596 kB
MemFree:          534124 kB
MemAvailable:    1478768 kB
Buffers:           91484 kB
Cached:           872644 kB
MemTotal:        1844596 kB
MemFree:          534096 kB
MemAvailable:    1478740 kB
Buffers:           91484 kB
Cached:           872644 kB
MemTotal:        1844596 kB
MemFree:          533864 kB
MemAvailable:    1478508 kB
Buffers:           91484 kB
Cached:           872644 kB
MemTotal:        1844596 kB
MemFree:          534120 kB
MemAvailable:    1478764 kB
Buffers:           91484 kB
Cached:           872644 kB
MemTotal:        1844596 kB
MemFree:          534156 kB
MemAvailable:    1478800 kB
Buffers:           91484 kB
Cached:           872644 kB
MemTotal:        1844596 kB
MemFree:          533448 kB
MemAvailable:    1478092 kB
Buffers:           91484 kB
Cached:           872644 kB
MemTotal:        1844596 kB
MemFree:          534168 kB
MemAvailable:    1478816 kB
Buffers:           91484 kB
Cached:           872648 kB
MemTotal:        1844596 kB
MemFree:          534300 kB
MemAvailable:    1478948 kB
Buffers:           91484 kB
Cached:           872648 kB
MemTotal:        1844596 kB
MemFree:          534056 kB
MemAvailable:    1478704 kB
Buffers:           91484 kB
Cached:           872648 kB
MemTotal:        1844596 kB
MemFree:          533200 kB
MemAvailable:    1477848 kB
Buffers:           91484 kB
Cached:           872648 kB
MemTotal:        1844596 kB
MemFree:          533888 kB
MemAvailable:    1478536 kB
Buffers:           91484 kB
Cached:           872648 kB
MemTotal:        1844596 kB
MemFree:          534072 kB
MemAvailable:    1478720 kB
Buffers:           91484 kB
Cached:           872648 kB
MemTotal:        1844596 kB
MemFree:          532884 kB
MemAvailable:    1477532 kB
Buffers:           91484 kB
Cached:           872648 kB
MemTotal:        1844596 kB
MemFree:          533936 kB
MemAvailable:    1478584 kB
Buffers:           91484 kB
Cached:           872648 kB
MemTotal:        1844596 kB
MemFree:          533904 kB
MemAvailable:    1478552 kB
Buffers:           91484 kB
Cached:           872648 kB
MemTotal:        1844596 kB
MemFree:          533936 kB
MemAvailable:    1478584 kB
Buffers:           91484 kB
Cached:           872648 kB
MemTotal:        1844596 kB
MemFree:          533920 kB
MemAvailable:    1478568 kB
Buffers:           91484 kB
Cached:           872648 kB
MemTotal:        1844596 kB
MemFree:          533920 kB
MemAvailable:    1478568 kB
Buffers:           91484 kB
Cached:           872648 kB
MemTotal:        1844596 kB
MemFree:          530944 kB
MemAvailable:    1475592 kB
Buffers:           91484 kB
Cached:           872648 kB
MemTotal:        1844596 kB
MemFree:          530908 kB
MemAvailable:    1475556 kB
Buffers:           91484 kB
Cached:           872648 kB
MemTotal:        1844596 kB
MemFree:          526424 kB
MemAvailable:    1471072 kB
Buffers:           91484 kB
Cached:           872648 kB
MemTotal:        1844596 kB
MemFree:          523892 kB
MemAvailable:    1468540 kB
Buffers:           91484 kB
Cached:           872648 kB
MemTotal:        1844596 kB
MemFree:          523644 kB
MemAvailable:    1468296 kB
Buffers:           91484 kB
Cached:           872652 kB
MemTotal:        1844596 kB
MemFree:          523372 kB
MemAvailable:    1468024 kB
Buffers:           91484 kB
Cached:           872652 kB
MemTotal:        1844596 kB
MemFree:          523372 kB
MemAvailable:    1468024 kB
Buffers:           91484 kB
Cached:           872652 kB
MemTotal:        1844596 kB
MemFree:          523204 kB
MemAvailable:    1467856 kB
Buffers:           91484 kB
Cached:           872652 kB
MemTotal:        1844596 kB
MemFree:          523372 kB
MemAvailable:    1468024 kB
Buffers:           91484 kB
Cached:           872652 kB
MemTotal:        1844596 kB
MemFree:          522960 kB
MemAvailable:    1467612 kB
Buffers:           91484 kB
Cached:           872652 kB
MemTotal:        1844596 kB
MemFree:          523296 kB
MemAvailable:    1467948 kB
Buffers:           91484 kB
Cached:           872652 kB
MemTotal:        1844596 kB
MemFree:          521980 kB
MemAvailable:    1466632 kB
Buffers:           91484 kB
Cached:           872652 kB
MemTotal:        1844596 kB
MemFree:          522520 kB
MemAvailable:    1467172 kB
Buffers:           91484 kB
Cached:           872652 kB
MemTotal:        1844596 kB
MemFree:          523248 kB
MemAvailable:    1467900 kB
Buffers:           91484 kB
Cached:           872652 kB
MemTotal:        1844596 kB
MemFree:          523584 kB
MemAvailable:    1468236 kB
Buffers:           91484 kB
Cached:           872652 kB
MemTotal:        1844596 kB
MemFree:          523256 kB
MemAvailable:    1467908 kB
Buffers:           91484 kB
Cached:           872652 kB
MemTotal:        1844596 kB
MemFree:          523108 kB
MemAvailable:    1467760 kB
Buffers:           91484 kB
Cached:           872652 kB
MemTotal:        1844596 kB
MemFree:          523108 kB
MemAvailable:    1467760 kB
Buffers:           91484 kB
Cached:           872652 kB
MemTotal:        1844596 kB
MemFree:          523120 kB
MemAvailable:    1467772 kB
Buffers:           91484 kB
Cached:           872652 kB
MemTotal:        1844596 kB
MemFree:          523376 kB
MemAvailable:    1468028 kB
Buffers:           91484 kB
Cached:           872652 kB
MemTotal:        1844596 kB
MemFree:          521832 kB
MemAvailable:    1466484 kB
Buffers:           91484 kB
Cached:           872652 kB
MemTotal:        1844596 kB
MemFree:          522280 kB
MemAvailable:    1466932 kB
Buffers:           91484 kB
Cached:           872652 kB
MemTotal:        1844596 kB
MemFree:          523396 kB
MemAvailable:    1468048 kB
Buffers:           91484 kB
Cached:           872652 kB
MemTotal:        1844596 kB
MemFree:          523200 kB
MemAvailable:    1467852 kB
Buffers:           91484 kB
Cached:           872652 kB
MemTotal:        1844596 kB
MemFree:          523324 kB
MemAvailable:    1467976 kB
Buffers:           91484 kB
Cached:           872652 kB
MemTotal:        1844596 kB
MemFree:          522156 kB
MemAvailable:    1466808 kB
Buffers:           91484 kB
Cached:           872652 kB
MemTotal:        1844596 kB
MemFree:          523080 kB
MemAvailable:    1467732 kB
Buffers:           91484 kB
Cached:           872652 kB
MemTotal:        1844596 kB
MemFree:          523220 kB
MemAvailable:    1467872 kB
Buffers:           91484 kB
Cached:           872652 kB
MemTotal:        1844596 kB
MemFree:          523008 kB
MemAvailable:    1467660 kB
Buffers:           91484 kB
Cached:           872652 kB
MemTotal:        1844596 kB
MemFree:          522828 kB
MemAvailable:    1467480 kB
Buffers:           91484 kB
Cached:           872652 kB
MemTotal:        1844596 kB
MemFree:          523164 kB
MemAvailable:    1467816 kB
Buffers:           91484 kB
Cached:           872652 kB
MemTotal:        1844596 kB
MemFree:          521848 kB
MemAvailable:    1466500 kB
Buffers:           91484 kB
Cached:           872652 kB
MemTotal:        1844596 kB
MemFree:          522404 kB
MemAvailable:    1467056 kB
Buffers:           91484 kB
Cached:           872652 kB
MemTotal:        1844596 kB
MemFree:          522396 kB
MemAvailable:    1467052 kB
Buffers:           91484 kB
Cached:           872656 kB
MemTotal:        1844596 kB
MemFree:          523264 kB
MemAvailable:    1467920 kB
Buffers:           91484 kB
Cached:           872656 kB
MemTotal:        1844596 kB
MemFree:          523600 kB
MemAvailable:    1468256 kB
Buffers:           91484 kB
Cached:           872656 kB
MemTotal:        1844596 kB
MemFree:          523264 kB
MemAvailable:    1467920 kB
Buffers:           91484 kB
Cached:           872656 kB
MemTotal:        1844596 kB
MemFree:          523152 kB
MemAvailable:    1467808 kB
Buffers:           91484 kB
Cached:           872656 kB
MemTotal:        1844596 kB
MemFree:          523020 kB
MemAvailable:    1467676 kB
Buffers:           91484 kB
Cached:           872656 kB
MemTotal:        1844596 kB
MemFree:          523188 kB
MemAvailable:    1467844 kB
Buffers:           91484 kB
Cached:           872656 kB
MemTotal:        1844596 kB
MemFree:          522536 kB
MemAvailable:    1467192 kB
Buffers:           91484 kB
Cached:           872656 kB
MemTotal:        1844596 kB
MemFree:          523016 kB
MemAvailable:    1467672 kB
Buffers:           91484 kB
Cached:           872656 kB
MemTotal:        1844596 kB
MemFree:          523272 kB
MemAvailable:    1467928 kB
Buffers:           91484 kB
Cached:           872656 kB
MemTotal:        1844596 kB
MemFree:          521908 kB
MemAvailable:    1466564 kB
Buffers:           91484 kB
Cached:           872656 kB
MemTotal:        1844596 kB
MemFree:          521908 kB
MemAvailable:    1466564 kB
Buffers:           91484 kB
Cached:           872656 kB
MemTotal:        1844596 kB
MemFree:          523076 kB
MemAvailable:    1467732 kB
Buffers:           91484 kB
Cached:           872656 kB
MemTotal:        1844596 kB
MemFree:          521908 kB
MemAvailable:    1466564 kB
Buffers:           91484 kB
Cached:           872656 kB
MemTotal:        1844596 kB
MemFree:          523148 kB
MemAvailable:    1467804 kB
Buffers:           91484 kB
Cached:           872656 kB
MemTotal:        1844596 kB
MemFree:          522836 kB
MemAvailable:    1467492 kB
Buffers:           91484 kB
Cached:           872656 kB
MemTotal:        1844596 kB
MemFree:          523092 kB
MemAvailable:    1467748 kB
Buffers:           91484 kB
Cached:           872656 kB
MemTotal:        1844596 kB
MemFree:          523052 kB
MemAvailable:    1467708 kB
Buffers:           91484 kB
Cached:           872656 kB
MemTotal:        1844596 kB
MemFree:          523388 kB
MemAvailable:    1468044 kB
Buffers:           91484 kB
Cached:           872656 kB
MemTotal:        1844596 kB
MemFree:          523176 kB
MemAvailable:    1467832 kB
Buffers:           91484 kB
Cached:           872656 kB
MemTotal:        1844596 kB
MemFree:          522836 kB
MemAvailable:    1467492 kB
Buffers:           91484 kB
Cached:           872656 kB
MemTotal:        1844596 kB
MemFree:          523044 kB
MemAvailable:    1467700 kB
Buffers:           91484 kB
Cached:           872656 kB
MemTotal:        1844596 kB
MemFree:          522380 kB
MemAvailable:    1467036 kB
Buffers:           91484 kB
Cached:           872656 kB
MemTotal:        1844596 kB
MemFree:          522380 kB
MemAvailable:    1467036 kB
Buffers:           91484 kB
Cached:           872656 kB
MemTotal:        1844596 kB
MemFree:          522092 kB
MemAvailable:    1466748 kB
Buffers:           91484 kB
Cached:           872656 kB
MemTotal:        1844596 kB
MemFree:          522092 kB
MemAvailable:    1466748 kB
Buffers:           91484 kB
Cached:           872656 kB
MemTotal:        1844596 kB
MemFree:          521824 kB
MemAvailable:    1466480 kB
Buffers:           91484 kB
Cached:           872656 kB
MemTotal:        1844596 kB
MemFree:          521992 kB
MemAvailable:    1466648 kB
Buffers:           91484 kB
Cached:           872656 kB
MemTotal:        1844596 kB
MemFree:          521924 kB
MemAvailable:    1466580 kB
Buffers:           91484 kB
Cached:           872656 kB
MemTotal:        1844596 kB
MemFree:          521932 kB
MemAvailable:    1466588 kB
Buffers:           91484 kB
Cached:           872656 kB
MemTotal:        1844596 kB
MemFree:          521172 kB
MemAvailable:    1465828 kB
Buffers:           91484 kB
Cached:           872656 kB
MemTotal:        1844596 kB
MemFree:          521908 kB
MemAvailable:    1466564 kB
Buffers:           91484 kB
Cached:           872656 kB
MemTotal:        1844596 kB
MemFree:          521712 kB
MemAvailable:    1466368 kB
Buffers:           91484 kB
Cached:           872656 kB
MemTotal:        1844596 kB
MemFree:          521844 kB
MemAvailable:    1466500 kB
Buffers:           91484 kB
Cached:           872656 kB
MemTotal:        1844596 kB
MemFree:          521464 kB
MemAvailable:    1466120 kB
Buffers:           91484 kB
Cached:           872656 kB
MemTotal:        1844596 kB
MemFree:          521548 kB
MemAvailable:    1466204 kB
Buffers:           91484 kB
Cached:           872656 kB
MemTotal:        1844596 kB
MemFree:          521812 kB
MemAvailable:    1466468 kB
Buffers:           91484 kB
Cached:           872656 kB
MemTotal:        1844596 kB
MemFree:          521652 kB
MemAvailable:    1466308 kB
Buffers:           91484 kB
Cached:           872656 kB
MemTotal:        1844596 kB
MemFree:          521528 kB
MemAvailable:    1466184 kB
Buffers:           91484 kB
Cached:           872656 kB
MemTotal:        1844596 kB
MemFree:          521780 kB
MemAvailable:    1466436 kB
Buffers:           91484 kB
Cached:           872656 kB
MemTotal:        1844596 kB
MemFree:          521660 kB
MemAvailable:    1466316 kB
Buffers:           91484 kB
Cached:           872656 kB
MemTotal:        1844596 kB
MemFree:          521548 kB
MemAvailable:    1466204 kB
Buffers:           91484 kB
Cached:           872656 kB
MemTotal:        1844596 kB
MemFree:          520488 kB
MemAvailable:    1465144 kB
Buffers:           91484 kB
Cached:           872656 kB
MemTotal:        1844596 kB
MemFree:          521440 kB
MemAvailable:    1466096 kB
Buffers:           91484 kB
Cached:           872656 kB
MemTotal:        1844596 kB
MemFree:          521780 kB
MemAvailable:    1466436 kB
Buffers:           91484 kB
Cached:           872656 kB
MemTotal:        1844596 kB
MemFree:          520164 kB
MemAvailable:    1464820 kB
Buffers:           91484 kB
Cached:           872656 kB
MemTotal:        1844596 kB
MemFree:          520116 kB
MemAvailable:    1464772 kB
Buffers:           91484 kB
Cached:           872656 kB
MemTotal:        1844596 kB
MemFree:          521584 kB
MemAvailable:    1466240 kB
Buffers:           91484 kB
Cached:           872656 kB
MemTotal:        1844596 kB
MemFree:          520152 kB
MemAvailable:    1464808 kB
Buffers:           91484 kB
Cached:           872656 kB
MemTotal:        1844596 kB
MemFree:          521164 kB
MemAvailable:    1465820 kB
Buffers:           91484 kB
Cached:           872656 kB
MemTotal:        1844596 kB
MemFree:          519924 kB
MemAvailable:    1464580 kB
Buffers:           91484 kB
Cached:           872656 kB
MemTotal:        1844596 kB
MemFree:          512840 kB
MemAvailable:    1457496 kB
Buffers:           91484 kB
Cached:           872656 kB
MemTotal:        1844596 kB
MemFree:          512924 kB
MemAvailable:    1457580 kB
Buffers:           91484 kB
Cached:           872656 kB
MemTotal:        1844596 kB
MemFree:          510676 kB
MemAvailable:    1455340 kB
Buffers:           91484 kB
Cached:           872664 kB
MemTotal:        1844596 kB
MemFree:          509260 kB
MemAvailable:    1453924 kB
Buffers:           91484 kB
Cached:           872664 kB
MemTotal:        1844596 kB
MemFree:          510056 kB
MemAvailable:    1454720 kB
Buffers:           91484 kB
Cached:           872664 kB
MemTotal:        1844596 kB
MemFree:          509708 kB
MemAvailable:    1454372 kB
Buffers:           91484 kB
Cached:           872664 kB
MemTotal:        1844596 kB
MemFree:          509708 kB
MemAvailable:    1454372 kB
Buffers:           91484 kB
Cached:           872664 kB
MemTotal:        1844596 kB
MemFree:          508384 kB
MemAvailable:    1453048 kB
Buffers:           91484 kB
Cached:           872664 kB
MemTotal:        1844596 kB
MemFree:          508252 kB
MemAvailable:    1452916 kB
Buffers:           91484 kB
Cached:           872664 kB
MemTotal:        1844596 kB
MemFree:          508576 kB
MemAvailable:    1453240 kB
Buffers:           91484 kB
Cached:           872664 kB
MemTotal:        1844596 kB
MemFree:          508600 kB
MemAvailable:    1453264 kB
Buffers:           91484 kB
Cached:           872664 kB
MemTotal:        1844596 kB
MemFree:          507824 kB
MemAvailable:    1452488 kB
Buffers:           91484 kB
Cached:           872664 kB
MemTotal:        1844596 kB
MemFree:          506516 kB
MemAvailable:    1451180 kB
Buffers:           91484 kB
Cached:           872664 kB
MemTotal:        1844596 kB
MemFree:          506600 kB
MemAvailable:    1451264 kB
Buffers:           91484 kB
Cached:           872664 kB
MemTotal:        1844596 kB
MemFree:          506448 kB
MemAvailable:    1451112 kB
Buffers:           91484 kB
Cached:           872664 kB
MemTotal:        1844596 kB
MemFree:          506408 kB
MemAvailable:    1451072 kB
Buffers:           91484 kB
Cached:           872664 kB
MemTotal:        1844596 kB
MemFree:          505100 kB
MemAvailable:    1449764 kB
Buffers:           91484 kB
Cached:           872664 kB
MemTotal:        1844596 kB
MemFree:          506244 kB
MemAvailable:    1450908 kB
Buffers:           91484 kB
Cached:           872664 kB
MemTotal:        1844596 kB
MemFree:          506580 kB
MemAvailable:    1451244 kB
Buffers:           91484 kB
Cached:           872664 kB
MemTotal:        1844596 kB
MemFree:          506336 kB
MemAvailable:    1451000 kB
Buffers:           91484 kB
Cached:           872664 kB
MemTotal:        1844596 kB
MemFree:          506392 kB
MemAvailable:    1451056 kB
Buffers:           91484 kB
Cached:           872664 kB
MemTotal:        1844596 kB
MemFree:          506428 kB
MemAvailable:    1451092 kB
Buffers:           91484 kB
Cached:           872664 kB
MemTotal:        1844596 kB
MemFree:          506144 kB
MemAvailable:    1450808 kB
Buffers:           91484 kB
Cached:           872664 kB
MemTotal:        1844596 kB
MemFree:          505708 kB
MemAvailable:    1450372 kB
Buffers:           91484 kB
Cached:           872664 kB
MemTotal:        1844596 kB
MemFree:          506344 kB
MemAvailable:    1451008 kB
Buffers:           91484 kB
Cached:           872664 kB
MemTotal:        1844596 kB
MemFree:          505672 kB
MemAvailable:    1450336 kB
Buffers:           91484 kB
Cached:           872664 kB
MemTotal:        1844596 kB
MemFree:          506336 kB
MemAvailable:    1451000 kB
Buffers:           91484 kB
Cached:           872664 kB
MemTotal:        1844596 kB
MemFree:          505904 kB
MemAvailable:    1450568 kB
Buffers:           91484 kB
Cached:           872664 kB
MemTotal:        1844596 kB
MemFree:          506240 kB
MemAvailable:    1450904 kB
Buffers:           91484 kB
Cached:           872664 kB
MemTotal:        1844596 kB
MemFree:          505532 kB
MemAvailable:    1450196 kB
Buffers:           91484 kB
Cached:           872664 kB
MemTotal:        1844596 kB
MemFree:          505532 kB
MemAvailable:    1450196 kB
Buffers:           91484 kB
Cached:           872664 kB
MemTotal:        1844596 kB
MemFree:          504548 kB
MemAvailable:    1449212 kB
Buffers:           91484 kB
Cached:           872664 kB
MemTotal:        1844596 kB
MemFree:          504476 kB
MemAvailable:    1449140 kB
Buffers:           91484 kB
Cached:           872664 kB
MemTotal:        1844596 kB
MemFree:          504220 kB
MemAvailable:    1448884 kB
Buffers:           91484 kB
Cached:           872664 kB
MemTotal:        1844596 kB
MemFree:          504300 kB
MemAvailable:    1448964 kB
Buffers:           91484 kB
Cached:           872664 kB
MemTotal:        1844596 kB
MemFree:          503740 kB
MemAvailable:    1448404 kB
Buffers:           91484 kB
Cached:           872664 kB
MemTotal:        1844596 kB
MemFree:          503508 kB
MemAvailable:    1448172 kB
Buffers:           91484 kB
Cached:           872664 kB
MemTotal:        1844596 kB
MemFree:          502796 kB
MemAvailable:    1447460 kB
Buffers:           91484 kB
Cached:           872664 kB
MemTotal:        1844596 kB
MemFree:          502880 kB
MemAvailable:    1447544 kB
Buffers:           91484 kB
Cached:           872664 kB
MemTotal:        1844596 kB
MemFree:          502936 kB
MemAvailable:    1447600 kB
Buffers:           91484 kB
Cached:           872664 kB
MemTotal:        1844596 kB
MemFree:          502948 kB
MemAvailable:    1447612 kB
Buffers:           91484 kB
Cached:           872664 kB
MemTotal:        1844596 kB
MemFree:          502260 kB
MemAvailable:    1446924 kB
Buffers:           91484 kB
Cached:           872664 kB
MemTotal:        1844596 kB
MemFree:          502136 kB
MemAvailable:    1446800 kB
Buffers:           91484 kB
Cached:           872664 kB
MemTotal:        1844596 kB
MemFree:          502292 kB
MemAvailable:    1446956 kB
Buffers:           91484 kB
Cached:           872664 kB
MemTotal:        1844596 kB
MemFree:          501128 kB
MemAvailable:    1445792 kB
Buffers:           91484 kB
Cached:           872664 kB
MemTotal:        1844596 kB
MemFree:          500864 kB
MemAvailable:    1445528 kB
Buffers:           91484 kB
Cached:           872664 kB
MemTotal:        1844596 kB
MemFree:          500872 kB
MemAvailable:    1445536 kB
Buffers:           91484 kB
Cached:           872664 kB
MemTotal:        1844596 kB
MemFree:          502440 kB
MemAvailable:    1447104 kB
Buffers:           91484 kB
Cached:           872664 kB
MemTotal:        1844596 kB
MemFree:          502172 kB
MemAvailable:    1446836 kB
Buffers:           91484 kB
Cached:           872664 kB
MemTotal:        1844596 kB
MemFree:          502508 kB
MemAvailable:    1447172 kB
Buffers:           91484 kB
Cached:           872664 kB
MemTotal:        1844596 kB
MemFree:          501056 kB
MemAvailable:    1445720 kB
Buffers:           91484 kB
Cached:           872664 kB
MemTotal:        1844596 kB
MemFree:          502232 kB
MemAvailable:    1446896 kB
Buffers:           91484 kB
Cached:           872664 kB
MemTotal:        1844596 kB
MemFree:          502164 kB
MemAvailable:    1446828 kB
Buffers:           91484 kB
Cached:           872664 kB
MemTotal:        1844596 kB
MemFree:          502164 kB
MemAvailable:    1446828 kB
Buffers:           91484 kB
Cached:           872664 kB
MemTotal:        1844596 kB
MemFree:          502036 kB
MemAvailable:    1446700 kB
Buffers:           91484 kB
Cached:           872664 kB
MemTotal:        1844596 kB
MemFree:          500788 kB
MemAvailable:    1445452 kB
Buffers:           91484 kB
Cached:           872664 kB
MemTotal:        1844596 kB
MemFree:          501964 kB
MemAvailable:    1446628 kB
Buffers:           91484 kB
Cached:           872664 kB
MemTotal:        1844596 kB
MemFree:          501848 kB
MemAvailable:    1446512 kB
Buffers:           91484 kB
Cached:           872664 kB
MemTotal:        1844596 kB
MemFree:          501932 kB
MemAvailable:    1446596 kB
Buffers:           91484 kB
Cached:           872664 kB
MemTotal:        1844596 kB
MemFree:          501972 kB
MemAvailable:    1446636 kB
Buffers:           91484 kB
Cached:           872664 kB
MemTotal:        1844596 kB
MemFree:          500756 kB
MemAvailable:    1445420 kB
Buffers:           91484 kB
Cached:           872664 kB
MemTotal:        1844596 kB
MemFree:          500880 kB
MemAvailable:    1445544 kB
Buffers:           91484 kB
Cached:           872664 kB
MemTotal:        1844596 kB
MemFree:          502056 kB
MemAvailable:    1446720 kB
Buffers:           91484 kB
Cached:           872664 kB
MemTotal:        1844596 kB
MemFree:          500748 kB
MemAvailable:    1445412 kB
Buffers:           91484 kB
Cached:           872664 kB
MemTotal:        1844596 kB
MemFree:          501892 kB
MemAvailable:    1446556 kB
Buffers:           91484 kB
Cached:           872664 kB
MemTotal:        1844596 kB
MemFree:          501976 kB
MemAvailable:    1446640 kB
Buffers:           91484 kB
Cached:           872664 kB
MemTotal:        1844596 kB
MemFree:          500704 kB
MemAvailable:    1445368 kB
Buffers:           91484 kB
Cached:           872664 kB
MemTotal:        1844596 kB
MemFree:          501996 kB
MemAvailable:    1446660 kB
Buffers:           91484 kB
Cached:           872664 kB
MemTotal:        1844596 kB
MemFree:          502128 kB
MemAvailable:    1446792 kB
Buffers:           91484 kB
Cached:           872664 kB
MemTotal:        1844596 kB
MemFree:          501136 kB
MemAvailable:    1445800 kB
Buffers:           91484 kB
Cached:           872664 kB
MemTotal:        1844596 kB
MemFree:          500688 kB
MemAvailable:    1445352 kB
Buffers:           91484 kB
Cached:           872664 kB
MemTotal:        1844596 kB
MemFree:          500772 kB
MemAvailable:    1445436 kB
Buffers:           91484 kB
Cached:           872664 kB
MemTotal:        1844596 kB
MemFree:          498936 kB
MemAvailable:    1443600 kB
Buffers:           91484 kB
Cached:           872664 kB
MemTotal:        1844596 kB
MemFree:          498688 kB
MemAvailable:    1443352 kB
Buffers:           91484 kB
Cached:           872664 kB
MemTotal:        1844596 kB
MemFree:          498276 kB
MemAvailable:    1442940 kB
Buffers:           91484 kB
Cached:           872664 kB
MemTotal:        1844596 kB
MemFree:          496240 kB
MemAvailable:    1440904 kB
Buffers:           91484 kB
Cached:           872664 kB
MemTotal:        1844596 kB
MemFree:          493008 kB
MemAvailable:    1437672 kB
Buffers:           91484 kB
Cached:           872664 kB
MemTotal:        1844596 kB
MemFree:          492232 kB
MemAvailable:    1436896 kB
Buffers:           91484 kB
Cached:           872664 kB
MemTotal:        1844596 kB
MemFree:          486180 kB
MemAvailable:    1430844 kB
Buffers:           91484 kB
Cached:           872664 kB
MemTotal:        1844596 kB
MemFree:          485824 kB
MemAvailable:    1430488 kB
Buffers:           91484 kB
Cached:           872664 kB
MemTotal:        1844596 kB
MemFree:          483452 kB
MemAvailable:    1428116 kB
Buffers:           91484 kB
Cached:           872664 kB
MemTotal:        1844596 kB
MemFree:          483788 kB
MemAvailable:    1428452 kB
Buffers:           91484 kB
Cached:           872664 kB
MemTotal:        1844596 kB
MemFree:          483604 kB
MemAvailable:    1428272 kB
Buffers:           91484 kB
Cached:           872668 kB
MemTotal:        1844596 kB
MemFree:          483592 kB
MemAvailable:    1428260 kB
Buffers:           91484 kB
Cached:           872668 kB
MemTotal:        1844596 kB
MemFree:          483336 kB
MemAvailable:    1428012 kB
Buffers:           91484 kB
Cached:           872676 kB
MemTotal:        1844596 kB
MemFree:          483576 kB
MemAvailable:    1428252 kB
Buffers:           91484 kB
Cached:           872676 kB
MemTotal:        1844596 kB
MemFree:          483776 kB
MemAvailable:    1428452 kB
Buffers:           91484 kB
Cached:           872676 kB
MemTotal:        1844596 kB
MemFree:          482220 kB
MemAvailable:    1426896 kB
Buffers:           91484 kB
Cached:           872676 kB
MemTotal:        1844596 kB
MemFree:          482344 kB
MemAvailable:    1427020 kB
Buffers:           91484 kB
Cached:           872676 kB
MemTotal:        1844596 kB
MemFree:          483644 kB
MemAvailable:    1428320 kB
Buffers:           91484 kB
Cached:           872676 kB
MemTotal:        1844596 kB
MemFree:          482056 kB
MemAvailable:    1426732 kB
Buffers:           91484 kB
Cached:           872676 kB
MemTotal:        1844596 kB
MemFree:          483520 kB
MemAvailable:    1428196 kB
Buffers:           91484 kB
Cached:           872676 kB
MemTotal:        1844596 kB
MemFree:          483204 kB
MemAvailable:    1427880 kB
Buffers:           91484 kB
Cached:           872676 kB
MemTotal:        1844596 kB
MemFree:          482552 kB
MemAvailable:    1427228 kB
Buffers:           91484 kB
Cached:           872676 kB
MemTotal:        1844596 kB
MemFree:          482848 kB
MemAvailable:    1427524 kB
Buffers:           91484 kB
Cached:           872676 kB
MemTotal:        1844596 kB
MemFree:          482412 kB
MemAvailable:    1427088 kB
Buffers:           91484 kB
Cached:           872676 kB
MemTotal:        1844596 kB
MemFree:          482220 kB
MemAvailable:    1426896 kB
Buffers:           91484 kB
Cached:           872676 kB
MemTotal:        1844596 kB
MemFree:          482316 kB
MemAvailable:    1426992 kB
Buffers:           91484 kB
Cached:           872676 kB
MemTotal:        1844596 kB
MemFree:          481920 kB
MemAvailable:    1426596 kB
Buffers:           91484 kB
Cached:           872676 kB
MemTotal:        1844596 kB
MemFree:          480892 kB
MemAvailable:    1425568 kB
Buffers:           91484 kB
Cached:           872676 kB
MemTotal:        1844596 kB
MemFree:          482528 kB
MemAvailable:    1427204 kB
Buffers:           91484 kB
Cached:           872676 kB
MemTotal:        1844596 kB
MemFree:          482468 kB
MemAvailable:    1427144 kB
Buffers:           91484 kB
Cached:           872676 kB
MemTotal:        1844596 kB
MemFree:          481100 kB
MemAvailable:    1425776 kB
Buffers:           91484 kB
Cached:           872676 kB
MemTotal:        1844596 kB
MemFree:          481100 kB
MemAvailable:    1425776 kB
Buffers:           91484 kB
Cached:           872676 kB
MemTotal:        1844596 kB
MemFree:          482304 kB
MemAvailable:    1426980 kB
Buffers:           91484 kB
Cached:           872676 kB
MemTotal:        1844596 kB
MemFree:          481484 kB
MemAvailable:    1426160 kB
Buffers:           91484 kB
Cached:           872676 kB
MemTotal:        1844596 kB
MemFree:          482460 kB
MemAvailable:    1427136 kB
Buffers:           91484 kB
Cached:           872676 kB
MemTotal:        1844596 kB
MemFree:          482712 kB
MemAvailable:    1427388 kB
Buffers:           91484 kB
Cached:           872676 kB
MemTotal:        1844596 kB
MemFree:          482388 kB
MemAvailable:    1427064 kB
Buffers:           91484 kB
Cached:           872676 kB
MemTotal:        1844596 kB
MemFree:          482724 kB
MemAvailable:    1427400 kB
Buffers:           91484 kB
Cached:           872676 kB
MemTotal:        1844596 kB
MemFree:          482296 kB
MemAvailable:    1426972 kB
Buffers:           91484 kB
Cached:           872676 kB
MemTotal:        1844596 kB
MemFree:          482468 kB
MemAvailable:    1427144 kB
Buffers:           91484 kB
Cached:           872676 kB
MemTotal:        1844596 kB
MemFree:          481236 kB
MemAvailable:    1425912 kB
Buffers:           91484 kB
Cached:           872676 kB
MemTotal:        1844596 kB
MemFree:          482404 kB
MemAvailable:    1427080 kB
Buffers:           91484 kB
Cached:           872676 kB
MemTotal:        1844596 kB
MemFree:          482536 kB
MemAvailable:    1427212 kB
Buffers:           91484 kB
Cached:           872676 kB
MemTotal:        1844596 kB
MemFree:          482412 kB
MemAvailable:    1427088 kB
Buffers:           91484 kB
Cached:           872676 kB
MemTotal:        1844596 kB
MemFree:          482344 kB
MemAvailable:    1427020 kB
Buffers:           91484 kB
Cached:           872676 kB
MemTotal:        1844596 kB
MemFree:          482600 kB
MemAvailable:    1427276 kB
Buffers:           91484 kB
Cached:           872676 kB
MemTotal:        1844596 kB
MemFree:          477376 kB
MemAvailable:    1422052 kB
Buffers:           91484 kB
Cached:           872676 kB
MemTotal:        1844596 kB
MemFree:          477268 kB
MemAvailable:    1421944 kB
Buffers:           91484 kB
Cached:           872676 kB
MemTotal:        1844596 kB
MemFree:          472548 kB
MemAvailable:    1417224 kB
Buffers:           91484 kB
Cached:           872676 kB
MemTotal:        1844596 kB
MemFree:          472632 kB
MemAvailable:    1417308 kB
Buffers:           91484 kB
Cached:           872676 kB
MemTotal:        1844596 kB
MemFree:          469168 kB
MemAvailable:    1413844 kB
Buffers:           91484 kB
Cached:           872676 kB
MemTotal:        1844596 kB
MemFree:          467160 kB
MemAvailable:    1411836 kB
Buffers:           91484 kB
Cached:           872676 kB
MemTotal:        1844596 kB
MemFree:          464432 kB
MemAvailable:    1409108 kB
Buffers:           91484 kB
Cached:           872676 kB
MemTotal:        1844596 kB
MemFree:          464512 kB
MemAvailable:    1409188 kB
Buffers:           91484 kB
Cached:           872676 kB
MemTotal:        1844596 kB
MemFree:          463328 kB
MemAvailable:    1408004 kB
Buffers:           91484 kB
Cached:           872676 kB
MemTotal:        1844596 kB
MemFree:          464248 kB
MemAvailable:    1408928 kB
Buffers:           91484 kB
Cached:           872680 kB
MemTotal:        1844596 kB
MemFree:          464248 kB
MemAvailable:    1408928 kB
Buffers:           91484 kB
Cached:           872680 kB
MemTotal:        1844596 kB
MemFree:          464192 kB
MemAvailable:    1408872 kB
Buffers:           91484 kB
Cached:           872680 kB
MemTotal:        1844596 kB
MemFree:          464000 kB
MemAvailable:    1408680 kB
Buffers:           91484 kB
Cached:           872680 kB
MemTotal:        1844596 kB
MemFree:          464228 kB
MemAvailable:    1408908 kB
Buffers:           91484 kB
Cached:           872680 kB
MemTotal:        1844596 kB
MemFree:          464480 kB
MemAvailable:    1409160 kB
Buffers:           91484 kB
Cached:           872680 kB
MemTotal:        1844596 kB
MemFree:          462960 kB
MemAvailable:    1407640 kB
Buffers:           91484 kB
Cached:           872680 kB
MemTotal:        1844596 kB
MemFree:          463504 kB
MemAvailable:    1408184 kB
Buffers:           91484 kB
Cached:           872680 kB
MemTotal:        1844596 kB
MemFree:          464548 kB
MemAvailable:    1409228 kB
Buffers:           91484 kB
Cached:           872680 kB
MemTotal:        1844596 kB
MemFree:          464356 kB
MemAvailable:    1409036 kB
Buffers:           91484 kB
Cached:           872680 kB
MemTotal:        1844596 kB
MemFree:          464292 kB
MemAvailable:    1408972 kB
Buffers:           91484 kB
Cached:           872680 kB
MemTotal:        1844596 kB
MemFree:          464232 kB
MemAvailable:    1408912 kB
Buffers:           91484 kB
Cached:           872680 kB
MemTotal:        1844596 kB
MemFree:          464112 kB
MemAvailable:    1408792 kB
Buffers:           91484 kB
Cached:           872680 kB
MemTotal:        1844596 kB
MemFree:          462980 kB
MemAvailable:    1407660 kB
Buffers:           91484 kB
Cached:           872680 kB
MemTotal:        1844596 kB
MemFree:          464148 kB
MemAvailable:    1408828 kB
Buffers:           91484 kB
Cached:           872680 kB
MemTotal:        1844596 kB
MemFree:          464088 kB
MemAvailable:    1408768 kB
Buffers:           91484 kB
Cached:           872680 kB
MemTotal:        1844596 kB
MemFree:          464172 kB
MemAvailable:    1408852 kB
Buffers:           91484 kB
Cached:           872680 kB
MemTotal:        1844596 kB
MemFree:          463904 kB
MemAvailable:    1408584 kB
Buffers:           91484 kB
Cached:           872680 kB
MemTotal:        1844596 kB
MemFree:          464156 kB
MemAvailable:    1408836 kB
Buffers:           91484 kB
Cached:           872680 kB
MemTotal:        1844596 kB
MemFree:          462828 kB
MemAvailable:    1407508 kB
Buffers:           91484 kB
Cached:           872680 kB
MemTotal:        1844596 kB
MemFree:          464120 kB
MemAvailable:    1408800 kB
Buffers:           91484 kB
Cached:           872680 kB
MemTotal:        1844596 kB
MemFree:          462988 kB
MemAvailable:    1407668 kB
Buffers:           91484 kB
Cached:           872680 kB
MemTotal:        1844596 kB
MemFree:          463964 kB
MemAvailable:    1408644 kB
Buffers:           91484 kB
Cached:           872680 kB
MemTotal:        1844596 kB
MemFree:          463196 kB
MemAvailable:    1407876 kB
Buffers:           91484 kB
Cached:           872680 kB
MemTotal:        1844596 kB
MemFree:          463060 kB
MemAvailable:    1407740 kB
Buffers:           91484 kB
Cached:           872680 kB
MemTotal:        1844596 kB
MemFree:          464164 kB
MemAvailable:    1408844 kB
Buffers:           91484 kB
Cached:           872680 kB
MemTotal:        1844596 kB
MemFree:          464332 kB
MemAvailable:    1409012 kB
Buffers:           91484 kB
Cached:           872680 kB
MemTotal:        1844596 kB
MemFree:          462928 kB
MemAvailable:    1407608 kB
Buffers:           91484 kB
Cached:           872680 kB
MemTotal:        1844596 kB
MemFree:          464328 kB
MemAvailable:    1409008 kB
Buffers:           91484 kB
Cached:           872680 kB
MemTotal:        1844596 kB
MemFree:          462964 kB
MemAvailable:    1407644 kB
Buffers:           91484 kB
Cached:           872680 kB
MemTotal:        1844596 kB
MemFree:          462960 kB
MemAvailable:    1407640 kB
Buffers:           91484 kB
Cached:           872680 kB
MemTotal:        1844596 kB
MemFree:          464196 kB
MemAvailable:    1408876 kB
Buffers:           91484 kB
Cached:           872680 kB
MemTotal:        1844596 kB
MemFree:          464052 kB
MemAvailable:    1408732 kB
Buffers:           91484 kB
Cached:           872680 kB
MemTotal:        1844596 kB
MemFree:          464304 kB
MemAvailable:    1408984 kB
Buffers:           91484 kB
Cached:           872680 kB
MemTotal:        1844596 kB
MemFree:          464200 kB
MemAvailable:    1408880 kB
Buffers:           91484 kB
Cached:           872680 kB
MemTotal:        1844596 kB
MemFree:          464200 kB
MemAvailable:    1408880 kB
Buffers:           91484 kB
Cached:           872680 kB
MemTotal:        1844596 kB
MemFree:          459520 kB
MemAvailable:    1404200 kB
Buffers:           91484 kB
Cached:           872680 kB
MemTotal:        1844596 kB
MemFree:          459412 kB
MemAvailable:    1404092 kB
Buffers:           91484 kB
Cached:           872680 kB
MemTotal:        1844596 kB
MemFree:          454080 kB
MemAvailable:    1398764 kB
Buffers:           91484 kB
Cached:           872684 kB
MemTotal:        1844596 kB
MemFree:          450484 kB
MemAvailable:    1395168 kB
Buffers:           91484 kB
Cached:           872684 kB
MemTotal:        1844596 kB
MemFree:          447508 kB
MemAvailable:    1392192 kB
Buffers:           91484 kB
Cached:           872684 kB
MemTotal:        1844596 kB
MemFree:          447072 kB
MemAvailable:    1391756 kB
Buffers:           91484 kB
Cached:           872684 kB
MemTotal:        1844596 kB
MemFree:          446948 kB
MemAvailable:    1391632 kB
Buffers:           91484 kB
Cached:           872684 kB
MemTotal:        1844596 kB
MemFree:          445772 kB
MemAvailable:    1390456 kB
Buffers:           91484 kB
Cached:           872684 kB
MemTotal:        1844596 kB
MemFree:          445276 kB
MemAvailable:    1389960 kB
Buffers:           91484 kB
Cached:           872684 kB
MemTotal:        1844596 kB
MemFree:          444656 kB
MemAvailable:    1389340 kB
Buffers:           91484 kB
Cached:           872684 kB
MemTotal:        1844596 kB
MemFree:          445716 kB
MemAvailable:    1390400 kB
Buffers:           91484 kB
Cached:           872684 kB
MemTotal:        1844596 kB
MemFree:          445972 kB
MemAvailable:    1390656 kB
Buffers:           91484 kB
Cached:           872684 kB
MemTotal:        1844596 kB
MemFree:          445944 kB
MemAvailable:    1390628 kB
Buffers:           91484 kB
Cached:           872684 kB
MemTotal:        1844596 kB
MemFree:          445772 kB
MemAvailable:    1390456 kB
Buffers:           91484 kB
Cached:           872684 kB
MemTotal:        1844596 kB
MemFree:          445808 kB
MemAvailable:    1390492 kB
Buffers:           91484 kB
Cached:           872684 kB
MemTotal:        1844596 kB
MemFree:          445636 kB
MemAvailable:    1390320 kB
Buffers:           91484 kB
Cached:           872684 kB
MemTotal:        1844596 kB
MemFree:          444328 kB
MemAvailable:    1389012 kB
Buffers:           91484 kB
Cached:           872684 kB
MemTotal:        1844596 kB
MemFree:          445304 kB
MemAvailable:    1389988 kB
Buffers:           91484 kB
Cached:           872684 kB
MemTotal:        1844596 kB
MemFree:          445388 kB
MemAvailable:    1390072 kB
Buffers:           91484 kB
Cached:           872684 kB
MemTotal:        1844596 kB
MemFree:          445332 kB
MemAvailable:    1390016 kB
Buffers:           91484 kB
Cached:           872684 kB
MemTotal:        1844596 kB
MemFree:          444716 kB
MemAvailable:    1389400 kB
Buffers:           91484 kB
Cached:           872684 kB
MemTotal:        1844596 kB
MemFree:          444144 kB
MemAvailable:    1388828 kB
Buffers:           91484 kB
Cached:           872684 kB
MemTotal:        1844596 kB
MemFree:          444356 kB
MemAvailable:    1389040 kB
Buffers:           91484 kB
Cached:           872684 kB
MemTotal:        1844596 kB
MemFree:          443112 kB
MemAvailable:    1387796 kB
Buffers:           91484 kB
Cached:           872684 kB
MemTotal:        1844596 kB
MemFree:          442988 kB
MemAvailable:    1387672 kB
Buffers:           91484 kB
Cached:           872684 kB
MemTotal:        1844596 kB
MemFree:          442836 kB
MemAvailable:    1387520 kB
Buffers:           91484 kB
Cached:           872684 kB
MemTotal:        1844596 kB
MemFree:          442836 kB
MemAvailable:    1387520 kB
Buffers:           91484 kB
Cached:           872684 kB
MemTotal:        1844596 kB
MemFree:          442260 kB
MemAvailable:    1386944 kB
Buffers:           91484 kB
Cached:           872684 kB
MemTotal:        1844596 kB
MemFree:          441360 kB
MemAvailable:    1386044 kB
Buffers:           91484 kB
Cached:           872684 kB
MemTotal:        1844596 kB
MemFree:          440184 kB
MemAvailable:    1384868 kB
Buffers:           91484 kB
Cached:           872684 kB
MemTotal:        1844596 kB
MemFree:          439408 kB
MemAvailable:    1384092 kB
Buffers:           91484 kB
Cached:           872684 kB
MemTotal:        1844596 kB
MemFree:          438900 kB
MemAvailable:    1383584 kB
Buffers:           91484 kB
Cached:           872684 kB
MemTotal:        1844596 kB
MemFree:          439556 kB
MemAvailable:    1384240 kB
Buffers:           91484 kB
Cached:           872684 kB
MemTotal:        1844596 kB
MemFree:          439160 kB
MemAvailable:    1383844 kB
Buffers:           91484 kB
Cached:           872684 kB
MemTotal:        1844596 kB
MemFree:          439504 kB
MemAvailable:    1384188 kB
Buffers:           91484 kB
Cached:           872684 kB
MemTotal:        1844596 kB
MemFree:          439756 kB
MemAvailable:    1384440 kB
Buffers:           91484 kB
Cached:           872684 kB
MemTotal:        1844596 kB
MemFree:          439692 kB
MemAvailable:    1384376 kB
Buffers:           91484 kB
Cached:           872684 kB
MemTotal:        1844596 kB
MemFree:          439736 kB
MemAvailable:    1384420 kB
Buffers:           91484 kB
Cached:           872684 kB
MemTotal:        1844596 kB
MemFree:          439060 kB
MemAvailable:    1383744 kB
Buffers:           91484 kB
Cached:           872684 kB
MemTotal:        1844596 kB
MemFree:          439396 kB
MemAvailable:    1384080 kB
Buffers:           91484 kB
Cached:           872684 kB
MemTotal:        1844596 kB
MemFree:          438260 kB
MemAvailable:    1382944 kB
Buffers:           91484 kB
Cached:           872684 kB
MemTotal:        1844596 kB
MemFree:          437944 kB
MemAvailable:    1382628 kB
Buffers:           91484 kB
Cached:           872684 kB
MemTotal:        1844596 kB
MemFree:          437168 kB
MemAvailable:    1381852 kB
Buffers:           91484 kB
Cached:           872684 kB
MemTotal:        1844596 kB
MemFree:          436784 kB
MemAvailable:    1381468 kB
Buffers:           91484 kB
Cached:           872684 kB
MemTotal:        1844596 kB
MemFree:          438060 kB
MemAvailable:    1382744 kB
Buffers:           91484 kB
Cached:           872684 kB
MemTotal:        1844596 kB
MemFree:          438060 kB
MemAvailable:    1382744 kB
Buffers:           91484 kB
Cached:           872684 kB
MemTotal:        1844596 kB
MemFree:          438076 kB
MemAvailable:    1382760 kB
Buffers:           91484 kB
Cached:           872684 kB
MemTotal:        1844596 kB
MemFree:          438216 kB
MemAvailable:    1382900 kB
Buffers:           91484 kB
Cached:           872684 kB
MemTotal:        1844596 kB
MemFree:          437944 kB
MemAvailable:    1382628 kB
Buffers:           91484 kB
Cached:           872684 kB
MemTotal:        1844596 kB
MemFree:          438196 kB
MemAvailable:    1382880 kB
Buffers:           91484 kB
Cached:           872684 kB
MemTotal:        1844596 kB
MemFree:          437940 kB
MemAvailable:    1382624 kB
Buffers:           91484 kB
Cached:           872684 kB
MemTotal:        1844596 kB
MemFree:          438196 kB
MemAvailable:    1382880 kB
Buffers:           91484 kB
Cached:           872684 kB
MemTotal:        1844596 kB
MemFree:          437932 kB
MemAvailable:    1382616 kB
Buffers:           91484 kB
Cached:           872684 kB
MemTotal:        1844596 kB
MemFree:          436824 kB
MemAvailable:    1381508 kB
Buffers:           91484 kB
Cached:           872684 kB
MemTotal:        1844596 kB
MemFree:          438252 kB
MemAvailable:    1382936 kB
Buffers:           91484 kB
Cached:           872684 kB
MemTotal:        1844596 kB
MemFree:          438188 kB
MemAvailable:    1382872 kB
Buffers:           91484 kB
Cached:           872684 kB
MemTotal:        1844596 kB
MemFree:          436532 kB
MemAvailable:    1381216 kB
Buffers:           91484 kB
Cached:           872684 kB
MemTotal:        1844596 kB
MemFree:          437972 kB
MemAvailable:    1382656 kB
Buffers:           91484 kB
Cached:           872684 kB
MemTotal:        1844596 kB
MemFree:          436920 kB
MemAvailable:    1381604 kB
Buffers:           91484 kB
Cached:           872684 kB
MemTotal:        1844596 kB
MemFree:          438384 kB
MemAvailable:    1383076 kB
Buffers:           91484 kB
Cached:           872692 kB
MemTotal:        1844596 kB
MemFree:          437076 kB
MemAvailable:    1381768 kB
Buffers:           91484 kB
Cached:           872692 kB
MemTotal:        1844596 kB
MemFree:          438252 kB
MemAvailable:    1382944 kB
Buffers:           91484 kB
Cached:           872692 kB
MemTotal:        1844596 kB
MemFree:          436820 kB
MemAvailable:    1381512 kB
Buffers:           91484 kB
Cached:           872692 kB
MemTotal:        1844596 kB
MemFree:          437092 kB
MemAvailable:    1381784 kB
Buffers:           91484 kB
Cached:           872692 kB
MemTotal:        1844596 kB
MemFree:          437808 kB
MemAvailable:    1382500 kB
Buffers:           91484 kB
Cached:           872692 kB
MemTotal:        1844596 kB
MemFree:          438144 kB
MemAvailable:    1382836 kB
Buffers:           91484 kB
Cached:           872692 kB
MemTotal:        1844596 kB
MemFree:          436828 kB
MemAvailable:    1381520 kB
Buffers:           91484 kB
Cached:           872692 kB
MemTotal:        1844596 kB
MemFree:          436696 kB
MemAvailable:    1381388 kB
Buffers:           91484 kB
Cached:           872692 kB
MemTotal:        1844596 kB
MemFree:          436944 kB
MemAvailable:    1381636 kB
Buffers:           91484 kB
Cached:           872692 kB
MemTotal:        1844596 kB
MemFree:          436944 kB
MemAvailable:    1381636 kB
Buffers:           91484 kB
Cached:           872692 kB
MemTotal:        1844596 kB
MemFree:          436944 kB
MemAvailable:    1381636 kB
Buffers:           91484 kB
Cached:           872692 kB
MemTotal:        1844596 kB
MemFree:          437812 kB
MemAvailable:    1382504 kB
Buffers:           91484 kB
Cached:           872692 kB
MemTotal:        1844596 kB
MemFree:          437980 kB
MemAvailable:    1382672 kB
Buffers:           91484 kB
Cached:           872692 kB
MemTotal:        1844596 kB
MemFree:          438020 kB
MemAvailable:    1382712 kB
Buffers:           91484 kB
Cached:           872692 kB
MemTotal:        1844596 kB
MemFree:          437340 kB
MemAvailable:    1382032 kB
Buffers:           91484 kB
Cached:           872692 kB
MemTotal:        1844596 kB
MemFree:          437808 kB
MemAvailable:    1382500 kB
Buffers:           91484 kB
Cached:           872692 kB
MemTotal:        1844596 kB
MemFree:          438144 kB
MemAvailable:    1382836 kB
Buffers:           91484 kB
Cached:           872692 kB
MemTotal:        1844596 kB
MemFree:          436568 kB
MemAvailable:    1381260 kB
Buffers:           91484 kB
Cached:           872692 kB
MemTotal:        1844596 kB
MemFree:          438000 kB
MemAvailable:    1382692 kB
Buffers:           91484 kB
Cached:           872692 kB
MemTotal:        1844596 kB
MemFree:          437940 kB
MemAvailable:    1382632 kB
Buffers:           91484 kB
Cached:           872692 kB
MemTotal:        1844596 kB
MemFree:          437876 kB
MemAvailable:    1382568 kB
Buffers:           91484 kB
Cached:           872692 kB
MemTotal:        1844596 kB
MemFree:          438128 kB
MemAvailable:    1382820 kB
Buffers:           91484 kB
Cached:           872692 kB
MemTotal:        1844596 kB
MemFree:          437996 kB
MemAvailable:    1382688 kB
Buffers:           91484 kB
Cached:           872692 kB
MemTotal:        1844596 kB
MemFree:          438168 kB
MemAvailable:    1382860 kB
Buffers:           91484 kB
Cached:           872692 kB
MemTotal:        1844596 kB
MemFree:          436688 kB
MemAvailable:    1381384 kB
Buffers:           91484 kB
Cached:           872696 kB
MemTotal:        1844596 kB
MemFree:          437276 kB
MemAvailable:    1381972 kB
Buffers:           91484 kB
Cached:           872696 kB
MemTotal:        1844596 kB
MemFree:          433488 kB
MemAvailable:    1378184 kB
Buffers:           91484 kB
Cached:           872696 kB
MemTotal:        1844596 kB
MemFree:          433256 kB
MemAvailable:    1377952 kB
Buffers:           91484 kB
Cached:           872696 kB
MemTotal:        1844596 kB
MemFree:          430148 kB
MemAvailable:    1374844 kB
Buffers:           91484 kB
Cached:           872696 kB
MemTotal:        1844596 kB
MemFree:          427612 kB
MemAvailable:    1372308 kB
Buffers:           91484 kB
Cached:           872696 kB
MemTotal:        1844596 kB
MemFree:          425080 kB
MemAvailable:    1369776 kB
Buffers:           91484 kB
Cached:           872696 kB
MemTotal:        1844596 kB
MemFree:          421212 kB
MemAvailable:    1365908 kB
Buffers:           91484 kB
Cached:           872696 kB
MemTotal:        1844596 kB
MemFree:          421176 kB
MemAvailable:    1365872 kB
Buffers:           91484 kB
Cached:           872696 kB
MemTotal:        1844596 kB
MemFree:          418748 kB
MemAvailable:    1363444 kB
Buffers:           91484 kB
Cached:           872696 kB
MemTotal:        1844596 kB
MemFree:          417500 kB
MemAvailable:    1362196 kB
Buffers:           91484 kB
Cached:           872696 kB
MemTotal:        1844596 kB
MemFree:          417500 kB
MemAvailable:    1362196 kB
Buffers:           91484 kB
Cached:           872696 kB
MemTotal:        1844596 kB
MemFree:          417632 kB
MemAvailable:    1362328 kB
Buffers:           91484 kB
Cached:           872696 kB
MemTotal:        1844596 kB
MemFree:          418348 kB
MemAvailable:    1363044 kB
Buffers:           91484 kB
Cached:           872696 kB
MemTotal:        1844596 kB
MemFree:          418684 kB
MemAvailable:    1363380 kB
Buffers:           91484 kB
Cached:           872696 kB
MemTotal:        1844596 kB
MemFree:          418468 kB
MemAvailable:    1363164 kB
Buffers:           91484 kB
Cached:           872696 kB
MemTotal:        1844596 kB
MemFree:          418468 kB
MemAvailable:    1363164 kB
Buffers:           91484 kB
Cached:           872696 kB
MemTotal:        1844596 kB
MemFree:          417112 kB
MemAvailable:    1361808 kB
Buffers:           91484 kB
Cached:           872696 kB
MemTotal:        1844596 kB
MemFree:          417188 kB
MemAvailable:    1361884 kB
Buffers:           91484 kB
Cached:           872696 kB
MemTotal:        1844596 kB
MemFree:          418560 kB
MemAvailable:    1363256 kB
Buffers:           91484 kB
Cached:           872696 kB
MemTotal:        1844596 kB
MemFree:          418424 kB
MemAvailable:    1363120 kB
Buffers:           91484 kB
Cached:           872696 kB
MemTotal:        1844596 kB
MemFree:          418676 kB
MemAvailable:    1363372 kB
Buffers:           91484 kB
Cached:           872696 kB
MemTotal:        1844596 kB
MemFree:          418412 kB
MemAvailable:    1363108 kB
Buffers:           91484 kB
Cached:           872696 kB
MemTotal:        1844596 kB
MemFree:          418288 kB
MemAvailable:    1362984 kB
Buffers:           91484 kB
Cached:           872696 kB
MemTotal:        1844596 kB
MemFree:          417260 kB
MemAvailable:    1361956 kB
Buffers:           91484 kB
Cached:           872696 kB
MemTotal:        1844596 kB
MemFree:          418616 kB
MemAvailable:    1363312 kB
Buffers:           91484 kB
Cached:           872696 kB
MemTotal:        1844596 kB
MemFree:          417384 kB
MemAvailable:    1362080 kB
Buffers:           91484 kB
Cached:           872696 kB
MemTotal:        1844596 kB
MemFree:          418184 kB
MemAvailable:    1362880 kB
Buffers:           91484 kB
Cached:           872696 kB
MemTotal:        1844596 kB
MemFree:          417880 kB
MemAvailable:    1362576 kB
Buffers:           91484 kB
Cached:           872696 kB
MemTotal:        1844596 kB
MemFree:          418292 kB
MemAvailable:    1362988 kB
Buffers:           91484 kB
Cached:           872696 kB
MemTotal:        1844596 kB
MemFree:          418252 kB
MemAvailable:    1362948 kB
Buffers:           91484 kB
Cached:           872696 kB
MemTotal:        1844596 kB
MemFree:          418312 kB
MemAvailable:    1363008 kB
Buffers:           91484 kB
Cached:           872696 kB
MemTotal:        1844596 kB
MemFree:          417508 kB
MemAvailable:    1362204 kB
Buffers:           91484 kB
Cached:           872696 kB
MemTotal:        1844596 kB
MemFree:          418544 kB
MemAvailable:    1363240 kB
Buffers:           91484 kB
Cached:           872696 kB
MemTotal:        1844596 kB
MemFree:          416888 kB
MemAvailable:    1361584 kB
Buffers:           91484 kB
Cached:           872696 kB
MemTotal:        1844596 kB
MemFree:          417748 kB
MemAvailable:    1362444 kB
Buffers:           91484 kB
Cached:           872696 kB
MemTotal:        1844596 kB
MemFree:          417748 kB
MemAvailable:    1362444 kB
Buffers:           91484 kB
Cached:           872696 kB
MemTotal:        1844596 kB
MemFree:          416136 kB
MemAvailable:    1360832 kB
Buffers:           91484 kB
Cached:           872696 kB
MemTotal:        1844596 kB
MemFree:          407208 kB
MemAvailable:    1351904 kB
Buffers:           91484 kB
Cached:           872696 kB
MemTotal:        1844596 kB
MemFree:          406852 kB
MemAvailable:    1351548 kB
Buffers:           91484 kB
Cached:           872696 kB
MemTotal:        1844596 kB
MemFree:          408508 kB
MemAvailable:    1353204 kB
Buffers:           91484 kB
Cached:           872696 kB
MemTotal:        1844596 kB
MemFree:          408384 kB
MemAvailable:    1353080 kB
Buffers:           91484 kB
Cached:           872696 kB
MemTotal:        1844596 kB
MemFree:          407216 kB
MemAvailable:    1351912 kB
Buffers:           91484 kB
Cached:           872696 kB
MemTotal:        1844596 kB
MemFree:          407932 kB
MemAvailable:    1352628 kB
Buffers:           91484 kB
Cached:           872696 kB
MemTotal:        1844596 kB
MemFree:          408268 kB
MemAvailable:    1352964 kB
Buffers:           91484 kB
Cached:           872696 kB
MemTotal:        1844596 kB
MemFree:          407884 kB
MemAvailable:    1352580 kB
Buffers:           91484 kB
Cached:           872696 kB
MemTotal:        1844596 kB
MemFree:          408220 kB
MemAvailable:    1352916 kB
Buffers:           91484 kB
Cached:           872696 kB
MemTotal:        1844596 kB
MemFree:          407712 kB
MemAvailable:    1352408 kB
Buffers:           91484 kB
Cached:           872696 kB
MemTotal:        1844596 kB
MemFree:          407664 kB
MemAvailable:    1352360 kB
Buffers:           91484 kB
Cached:           872696 kB
MemTotal:        1844596 kB
MemFree:          407028 kB
MemAvailable:    1351808 kB
Buffers:           91484 kB
Cached:           872820 kB
MemTotal:        1844596 kB
MemFree:          406980 kB
MemAvailable:    1351928 kB
Buffers:           91484 kB
Cached:           872944 kB
MemTotal:        1844596 kB
MemFree:          407144 kB
MemAvailable:    1352176 kB
Buffers:           91484 kB
Cached:           873068 kB
MemTotal:        1844596 kB
MemFree:          407144 kB
MemAvailable:    1352260 kB
Buffers:           91484 kB
Cached:           873068 kB
MemTotal:        1844596 kB
MemFree:          406596 kB
MemAvailable:    1351880 kB
Buffers:           91484 kB
Cached:           873316 kB
MemTotal:        1844596 kB
MemFree:          405488 kB
MemAvailable:    1350772 kB
Buffers:           91484 kB
Cached:           873316 kB
MemTotal:        1844596 kB
MemFree:          406548 kB
MemAvailable:    1351832 kB
Buffers:           91484 kB
Cached:           873316 kB
MemTotal:        1844596 kB
MemFree:          406716 kB
MemAvailable:    1352000 kB
Buffers:           91484 kB
Cached:           873316 kB
MemTotal:        1844596 kB
MemFree:          406392 kB
MemAvailable:    1351676 kB
Buffers:           91484 kB
Cached:           873316 kB
MemTotal:        1844596 kB
MemFree:          406392 kB
MemAvailable:    1351676 kB
Buffers:           91484 kB
Cached:           873316 kB
MemTotal:        1844596 kB
MemFree:          406548 kB
MemAvailable:    1351832 kB
Buffers:           91484 kB
Cached:           873316 kB
MemTotal:        1844596 kB
MemFree:          405468 kB
MemAvailable:    1350752 kB
Buffers:           91484 kB
Cached:           873316 kB
MemTotal:        1844596 kB
MemFree:          406464 kB
MemAvailable:    1351748 kB
Buffers:           91484 kB
Cached:           873316 kB
MemTotal:        1844596 kB
MemFree:          405612 kB
MemAvailable:    1350980 kB
Buffers:           91484 kB
Cached:           873440 kB
MemTotal:        1844596 kB
MemFree:          406284 kB
MemAvailable:    1351036 kB
Buffers:           91484 kB
Cached:           872780 kB
MemTotal:        1844596 kB
MemFree:          406456 kB
MemAvailable:    1351208 kB
Buffers:           91484 kB
Cached:           872780 kB
MemTotal:        1844596 kB
MemFree:          444520 kB
MemAvailable:    1389272 kB
Buffers:           91484 kB
Cached:           872780 kB
MemTotal:        1844596 kB
MemFree:          522488 kB
MemAvailable:    1467240 kB
Buffers:           91484 kB
Cached:           872780 kB
MemTotal:        1844596 kB
MemFree:          599320 kB
MemAvailable:    1544072 kB
Buffers:           91484 kB
Cached:           872780 kB
