MemTotal:        1844596 kB
MemFree:          263932 kB
MemAvailable:    1545124 kB
Buffers:           98656 kB
Cached:          1204564 kB
MemTotal:        1844596 kB
MemFree:          236164 kB
MemAvailable:    1517364 kB
Buffers:           98656 kB
Cached:          1204568 kB
MemTotal:        1844596 kB
MemFree:          234760 kB
MemAvailable:    1515960 kB
Buffers:           98656 kB
Cached:          1204568 kB
MemTotal:        1844596 kB
MemFree:          235744 kB
MemAvailable:    1516944 kB
Buffers:           98656 kB
Cached:          1204568 kB
MemTotal:        1844596 kB
MemFree:          232692 kB
MemAvailable:    1513892 kB
Buffers:           98656 kB
Cached:          1204568 kB
MemTotal:        1844596 kB
MemFree:          232860 kB
MemAvailable:    1514060 kB
Buffers:           98656 kB
Cached:          1204568 kB
MemTotal:        1844596 kB
MemFree:          230296 kB
MemAvailable:    1511496 kB
Buffers:           98656 kB
Cached:          1204568 kB
MemTotal:        1844596 kB
MemFree:          229732 kB
MemAvailable:    1510932 kB
Buffers:           98656 kB
Cached:          1204568 kB
MemTotal:        1844596 kB
MemFree:          229072 kB
MemAvailable:    1510272 kB
Buffers:           98656 kB
Cached:          1204568 kB
MemTotal:        1844596 kB
MemFree:          223896 kB
MemAvailable:    1505096 kB
Buffers:           98656 kB
Cached:          1204568 kB
MemTotal:        1844596 kB
MemFree:          223780 kB
MemAvailable:    1504980 kB
Buffers:           98656 kB
Cached:          1204568 kB
MemTotal:        1844596 kB
MemFree:          224320 kB
MemAvailable:    1505520 kB
Buffers:           98656 kB
Cached:          1204568 kB
MemTotal:        1844596 kB
MemFree:          224420 kB
MemAvailable:    1505620 kB
Buffers:           98656 kB
Cached:          1204568 kB
MemTotal:        1844596 kB
MemFree:          223028 kB
MemAvailable:    1504228 kB
Buffers:           98656 kB
Cached:          1204568 kB
MemTotal:        1844596 kB
MemFree:          224228 kB
MemAvailable:    1505428 kB
Buffers:           98656 kB
Cached:          1204568 kB
MemTotal:        1844596 kB
MemFree:          224228 kB
MemAvailable:    1505428 kB
Buffers:           98656 kB
Cached:          1204568 kB
MemTotal:        1844596 kB
MemFree:          223352 kB
MemAvailable:    1504552 kB
Buffers:           98656 kB
Cached:          1204568 kB
MemTotal:        1844596 kB
MemFree:          222664 kB
MemAvailable:    1503864 kB
Buffers:           98656 kB
Cached:          1204568 kB
MemTotal:        1844596 kB
MemFree:          224028 kB
MemAvailable:    1505228 kB
Buffers:           98656 kB
Cached:          1204568 kB
MemTotal:        1844596 kB
MemFree:          222796 kB
MemAvailable:    1503996 kB
Buffers:           98656 kB
Cached:          1204568 kB
MemTotal:        1844596 kB
MemFree:          223524 kB
MemAvailable:    1504724 kB
Buffers:           98656 kB
Cached:          1204568 kB
MemTotal:        1844596 kB
MemFree:          223860 kB
MemAvailable:    1505060 kB
Buffers:           98656 kB
Cached:          1204568 kB
MemTotal:        1844596 kB
MemFree:          222284 kB
MemAvailable:    1503484 kB
Buffers:           98656 kB
Cached:          1204568 kB
MemTotal:        1844596 kB
MemFree:          222268 kB
MemAvailable:    1503468 kB
Buffers:           98656 kB
Cached:          1204568 kB
MemTotal:        1844596 kB
MemFree:          223344 kB
MemAvailable:    1504544 kB
Buffers:           98656 kB
Cached:          1204568 kB
MemTotal:        1844596 kB
MemFree:          223096 kB
MemAvailable:    1504296 kB
Buffers:           98656 kB
Cached:          1204568 kB
MemTotal:        1844596 kB
MemFree:          222516 kB
MemAvailable:    1503716 kB
Buffers:           98656 kB
Cached:          1204568 kB
MemTotal:        1844596 kB
MemFree:          222516 kB
MemAvailable:    1503716 kB
Buffers:           98656 kB
Cached:          1204568 kB
MemTotal:        1844596 kB
MemFree:          222220 kB
MemAvailable:    1503420 kB
Buffers:           98656 kB
Cached:          1204568 kB
MemTotal:        1844596 kB
MemFree:          221912 kB
MemAvailable:    1503112 kB
Buffers:           98656 kB
Cached:          1204568 kB
MemTotal:        1844596 kB
MemFree:          220556 kB
MemAvailable:    1501756 kB
Buffers:           98656 kB
Cached:          1204568 kB
MemTotal:        1844596 kB
MemFree:          221416 kB
MemAvailable:    1502616 kB
Buffers:           98656 kB
Cached:          1204568 kB
MemTotal:        1844596 kB
MemFree:          221416 kB
MemAvailable:    1502616 kB
Buffers:           98656 kB
Cached:          1204568 kB
MemTotal:        1844596 kB
MemFree:          221292 kB
MemAvailable:    1502492 kB
Buffers:           98656 kB
Cached:          1204568 kB
MemTotal:        1844596 kB
MemFree:          221544 kB
MemAvailable:    1502744 kB
Buffers:           98656 kB
Cached:          1204568 kB
MemTotal:        1844596 kB
MemFree:          221000 kB
MemAvailable:    1502208 kB
Buffers:           98656 kB
Cached:          1204572 kB
MemTotal:        1844596 kB
MemFree:          219764 kB
MemAvailable:    1500972 kB
Buffers:           98656 kB
Cached:          1204572 kB
MemTotal:        1844596 kB
MemFree:          220012 kB
MemAvailable:    1501220 kB
Buffers:           98656 kB
Cached:          1204572 kB
MemTotal:        1844596 kB
MemFree:          221156 kB
MemAvailable:    1502364 kB
Buffers:           98656 kB
Cached:          1204572 kB
MemTotal:        1844596 kB
MemFree:          220932 kB
MemAvailable:    1502140 kB
Buffers:           98656 kB
Cached:          1204572 kB
MemTotal:        1844596 kB
MemFree:          219568 kB
MemAvailable:    1500776 kB
Buffers:           98656 kB
Cached:          1204572 kB
MemTotal:        1844596 kB
MemFree:          216700 kB
MemAvailable:    1497908 kB
Buffers:           98656 kB
Cached:          1204572 kB
MemTotal:        1844596 kB
MemFree:          216468 kB
MemAvailable:    1497676 kB
Buffers:           98656 kB
Cached:          1204572 kB
MemTotal:        1844596 kB
MemFree:          215956 kB
MemAvailable:    1497164 kB
Buffers:           98656 kB
Cached:          1204572 kB
MemTotal:        1844596 kB
MemFree:          216292 kB
MemAvailable:    1497500 kB
Buffers:           98656 kB
Cached:          1204572 kB
MemTotal:        1844596 kB
MemFree:          214724 kB
MemAvailable:    1495932 kB
Buffers:           98656 kB
Cached:          1204572 kB
MemTotal:        1844596 kB
MemFree:          214592 kB
MemAvailable:    1495800 kB
Buffers:           98656 kB
Cached:          1204572 kB
MemTotal:        1844596 kB
MemFree:          215572 kB
MemAvailable:    1496780 kB
Buffers:           98656 kB
Cached:          1204572 kB
MemTotal:        1844596 kB
MemFree:          215908 kB
MemAvailable:    1497116 kB
Buffers:           98656 kB
Cached:          1204572 kB
MemTotal:        1844596 kB
MemFree:          215632 kB
MemAvailable:    1496840 kB
Buffers:           98656 kB
Cached:          1204572 kB
MemTotal:        1844596 kB
MemFree:          215260 kB
MemAvailable:    1496468 kB
Buffers:           98656 kB
Cached:          1204572 kB
MemTotal:        1844596 kB
MemFree:          215476 kB
MemAvailable:    1496684 kB
Buffers:           98656 kB
Cached:          1204572 kB
MemTotal:        1844596 kB
MemFree:          215416 kB
MemAvailable:    1496624 kB
Buffers:           98656 kB
Cached:          1204572 kB
MemTotal:        1844596 kB
MemFree:          215584 kB
MemAvailable:    1496792 kB
Buffers:           98656 kB
Cached:          1204572 kB
MemTotal:        1844596 kB
MemFree:          215524 kB
MemAvailable:    1496732 kB
Buffers:           98656 kB
Cached:          1204572 kB
MemTotal:        1844596 kB
MemFree:          214100 kB
MemAvailable:    1495308 kB
Buffers:           98656 kB
Cached:          1204572 kB
MemTotal:        1844596 kB
MemFree:          214472 kB
MemAvailable:    1495680 kB
Buffers:           98656 kB
Cached:          1204572 kB
MemTotal:        1844596 kB
MemFree:          211748 kB
MemAvailable:    1492956 kB
Buffers:           98656 kB
Cached:          1204572 kB
MemTotal:        1844596 kB
MemFree:          210476 kB
MemAvailable:    1491684 kB
Buffers:           98656 kB
Cached:          1204572 kB
MemTotal:        1844596 kB
MemFree:          209632 kB
MemAvailable:    1490840 kB
Buffers:           98656 kB
Cached:          1204572 kB
MemTotal:        1844596 kB
MemFree:          209524 kB
MemAvailable:    1490732 kB
Buffers:           98656 kB
Cached:          1204572 kB
MemTotal:        1844596 kB
MemFree:          208104 kB
MemAvailable:    1489312 kB
Buffers:           98656 kB
Cached:          1204572 kB
MemTotal:        1844596 kB
MemFree:          207848 kB
MemAvailable:    1489056 kB
Buffers:           98656 kB
Cached:          1204572 kB
MemTotal:        1844596 kB
MemFree:          207724 kB
MemAvailable:    1488932 kB
Buffers:           98656 kB
Cached:          1204572 kB
MemTotal:        1844596 kB
MemFree:          205928 kB
MemAvailable:    1487136 kB
Buffers:           98656 kB
Cached:          1204572 kB
MemTotal:        1844596 kB
MemFree:          205804 kB
MemAvailable:    1487012 kB
Buffers:           98656 kB
Cached:          1204572 kB
MemTotal:        1844596 kB
MemFree:          205796 kB
MemAvailable:    1487004 kB
Buffers:           98656 kB
Cached:          1204572 kB
MemTotal:        1844596 kB
MemFree:          206772 kB
MemAvailable:    1487980 kB
Buffers:           98656 kB
Cached:          1204572 kB
MemTotal:        1844596 kB
MemFree:          206920 kB
MemAvailable:    1488128 kB
Buffers:           98656 kB
Cached:          1204572 kB
MemTotal:        1844596 kB
MemFree:          205500 kB
MemAvailable:    1486708 kB
Buffers:           98656 kB
Cached:          1204572 kB
MemTotal:        1844596 kB
MemFree:          206608 kB
MemAvailable:    1487816 kB
Buffers:           98656 kB
Cached:          1204572 kB
MemTotal:        1844596 kB
MemFree:          206608 kB
MemAvailable:    1487816 kB
Buffers:           98656 kB
Cached:          1204572 kB
MemTotal:        1844596 kB
MemFree:          205384 kB
MemAvailable:    1486592 kB
Buffers:           98656 kB
Cached:          1204572 kB
MemTotal:        1844596 kB
MemFree:          205420 kB
MemAvailable:    1486628 kB
Buffers:           98656 kB
Cached:          1204572 kB
MemTotal:        1844596 kB
MemFree:          206612 kB
MemAvailable:    1487820 kB
Buffers:           98656 kB
Cached:          1204572 kB
MemTotal:        1844596 kB
MemFree:          206612 kB
MemAvailable:    1487820 kB
Buffers:           98656 kB
Cached:          1204572 kB
MemTotal:        1844596 kB
MemFree:          206408 kB
MemAvailable:    1487616 kB
Buffers:           98656 kB
Cached:          1204572 kB
MemTotal:        1844596 kB
MemFree:          206664 kB
MemAvailable:    1487872 kB
Buffers:           98656 kB
Cached:          1204572 kB
MemTotal:        1844596 kB
MemFree:          206344 kB
MemAvailable:    1487552 kB
Buffers:           98656 kB
Cached:          1204572 kB
MemTotal:        1844596 kB
MemFree:          206584 kB
MemAvailable:    1487792 kB
Buffers:           98656 kB
Cached:          1204572 kB
MemTotal:        1844596 kB
MemFree:          205116 kB
MemAvailable:    1486324 kB
Buffers:           98656 kB
Cached:          1204572 kB
MemTotal:        1844596 kB
MemFree:          206412 kB
MemAvailable:    1487620 kB
Buffers:           98656 kB
Cached:          1204572 kB
MemTotal:        1844596 kB
MemFree:          206088 kB
MemAvailable:    1487296 kB
Buffers:           98656 kB
Cached:          1204572 kB
MemTotal:        1844596 kB
MemFree:          205024 kB
MemAvailable:    1486232 kB
Buffers:           98656 kB
Cached:          1204572 kB
MemTotal:        1844596 kB
MemFree:          204556 kB
MemAvailable:    1485764 kB
Buffers:           98656 kB
Cached:          1204572 kB
MemTotal:        1844596 kB
MemFree:          200332 kB
MemAvailable:    1481540 kB
Buffers:           98656 kB
Cached:          1204572 kB
MemTotal:        1844596 kB
MemFree:          199976 kB
MemAvailable:    1481184 kB
Buffers:           98656 kB
Cached:          1204572 kB
MemTotal:        1844596 kB
MemFree:          198224 kB
MemAvailable:    1479432 kB
Buffers:           98656 kB
Cached:          1204572 kB
MemTotal:        1844596 kB
MemFree:          198560 kB
MemAvailable:    1479768 kB
Buffers:           98656 kB
Cached:          1204572 kB
MemTotal:        1844596 kB
MemFree:          198100 kB
MemAvailable:    1479308 kB
Buffers:           98656 kB
Cached:          1204572 kB
MemTotal:        1844596 kB
MemFree:          198436 kB
MemAvailable:    1479644 kB
Buffers:           98656 kB
Cached:          1204572 kB
MemTotal:        1844596 kB
MemFree:          197612 kB
MemAvailable:    1478820 kB
Buffers:           98656 kB
Cached:          1204572 kB
MemTotal:        1844596 kB
MemFree:          197868 kB
MemAvailable:    1479076 kB
Buffers:           98656 kB
Cached:          1204572 kB
MemTotal:        1844596 kB
MemFree:          197432 kB
MemAvailable:    1478640 kB
Buffers:           98656 kB
Cached:          1204572 kB
MemTotal:        1844596 kB
MemFree:          197768 kB
MemAvailable:    1478976 kB
Buffers:           98656 kB
Cached:          1204572 kB
MemTotal:        1844596 kB
MemFree:          196200 kB
MemAvailable:    1477408 kB
Buffers:           98656 kB
Cached:          1204572 kB
MemTotal:        1844596 kB
MemFree:          197616 kB
MemAvailable:    1478824 kB
Buffers:           98656 kB
Cached:          1204572 kB
MemTotal:        1844596 kB
MemFree:          196636 kB
MemAvailable:    1477844 kB
Buffers:           98656 kB
Cached:          1204572 kB
MemTotal:        1844596 kB
MemFree:          197480 kB
MemAvailable:    1478688 kB
Buffers:           98656 kB
Cached:          1204572 kB
MemTotal:        1844596 kB
MemFree:          197672 kB
MemAvailable:    1478880 kB
Buffers:           98656 kB
Cached:          1204572 kB
MemTotal:        1844596 kB
MemFree:          197604 kB
MemAvailable:    1478812 kB
Buffers:           98656 kB
Cached:          1204572 kB
MemTotal:        1844596 kB
MemFree:          197620 kB
MemAvailable:    1478828 kB
Buffers:           98656 kB
Cached:          1204572 kB
MemTotal:        1844596 kB
MemFree:          196324 kB
MemAvailable:    1477532 kB
Buffers:           98656 kB
Cached:          1204572 kB
MemTotal:        1844596 kB
MemFree:          197624 kB
MemAvailable:    1478832 kB
Buffers:           98656 kB
Cached:          1204572 kB
MemTotal:        1844596 kB
MemFree:          196448 kB
MemAvailable:    1477656 kB
Buffers:           98656 kB
Cached:          1204572 kB
MemTotal:        1844596 kB
MemFree:          196316 kB
MemAvailable:    1477524 kB
Buffers:           98656 kB
Cached:          1204572 kB
MemTotal:        1844596 kB
MemFree:          197676 kB
MemAvailable:    1478884 kB
Buffers:           98656 kB
Cached:          1204572 kB
MemTotal:        1844596 kB
MemFree:          197676 kB
MemAvailable:    1478884 kB
Buffers:           98656 kB
Cached:          1204572 kB
MemTotal:        1844596 kB
MemFree:          197792 kB
MemAvailable:    1479000 kB
Buffers:           98656 kB
Cached:          1204572 kB
MemTotal:        1844596 kB
MemFree:          197480 kB
MemAvailable:    1478688 kB
Buffers:           98656 kB
Cached:          1204572 kB
MemTotal:        1844596 kB
MemFree:          197816 kB
MemAvailable:    1479024 kB
Buffers:           98656 kB
Cached:          1204572 kB
MemTotal:        1844596 kB
MemFree:          197468 kB
MemAvailable:    1478676 kB
Buffers:           98656 kB
Cached:          1204572 kB
MemTotal:        1844596 kB
MemFree:          197804 kB
MemAvailable:    1479012 kB
Buffers:           98656 kB
Cached:          1204572 kB
MemTotal:        1844596 kB
MemFree:          197480 kB
MemAvailable:    1478696 kB
Buffers:           98656 kB
Cached:          1204580 kB
MemTotal:        1844596 kB
MemFree:          197648 kB
MemAvailable:    1478864 kB
Buffers:           98656 kB
Cached:          1204580 kB
MemTotal:        1844596 kB
MemFree:          196324 kB
MemAvailable:    1477540 kB
Buffers:           98656 kB
Cached:          1204580 kB
MemTotal:        1844596 kB
MemFree:          197792 kB
MemAvailable:    1479008 kB
Buffers:           98656 kB
Cached:          1204580 kB
MemTotal:        1844596 kB
MemFree:          197872 kB
MemAvailable:    1479088 kB
Buffers:           98656 kB
Cached:          1204580 kB
MemTotal:        1844596 kB
MemFree:          197872 kB
MemAvailable:    1479088 kB
Buffers:           98656 kB
Cached:          1204580 kB
MemTotal:        1844596 kB
MemFree:          197648 kB
MemAvailable:    1478864 kB
Buffers:           98656 kB
Cached:          1204580 kB
MemTotal:        1844596 kB
MemFree:          197584 kB
MemAvailable:    1478800 kB
Buffers:           98656 kB
Cached:          1204580 kB
MemTotal:        1844596 kB
MemFree:          197836 kB
MemAvailable:    1479052 kB
Buffers:           98656 kB
Cached:          1204580 kB
MemTotal:        1844596 kB
MemFree:          195620 kB
MemAvailable:    1476836 kB
Buffers:           98656 kB
Cached:          1204580 kB
MemTotal:        1844596 kB
MemFree:          195708 kB
MemAvailable:    1476924 kB
Buffers:           98656 kB
Cached:          1204580 kB
MemTotal:        1844596 kB
MemFree:          190296 kB
MemAvailable:    1471512 kB
Buffers:           98656 kB
Cached:          1204580 kB
MemTotal:        1844596 kB
MemFree:          186948 kB
MemAvailable:    1468164 kB
Buffers:           98656 kB
Cached:          1204580 kB
MemTotal:        1844596 kB
MemFree:          187196 kB
MemAvailable:    1468412 kB
Buffers:           98656 kB
Cached:          1204580 kB
MemTotal:        1844596 kB
MemFree:          186808 kB
MemAvailable:    1468024 kB
Buffers:           98656 kB
Cached:          1204580 kB
MemTotal:        1844596 kB
MemFree:          186808 kB
MemAvailable:    1468024 kB
Buffers:           98656 kB
Cached:          1204580 kB
MemTotal:        1844596 kB
MemFree:          186800 kB
MemAvailable:    1468016 kB
Buffers:           98656 kB
Cached:          1204580 kB
MemTotal:        1844596 kB
MemFree:          187052 kB
MemAvailable:    1468268 kB
Buffers:           98656 kB
Cached:          1204580 kB
MemTotal:        1844596 kB
MemFree:          186812 kB
MemAvailable:    1468028 kB
Buffers:           98656 kB
Cached:          1204580 kB
MemTotal:        1844596 kB
MemFree:          187064 kB
MemAvailable:    1468280 kB
Buffers:           98656 kB
Cached:          1204580 kB
MemTotal:        1844596 kB
MemFree:          186816 kB
MemAvailable:    1468032 kB
Buffers:           98656 kB
Cached:          1204580 kB
MemTotal:        1844596 kB
MemFree:          186956 kB
MemAvailable:    1468172 kB
Buffers:           98656 kB
Cached:          1204580 kB
MemTotal:        1844596 kB
MemFree:          186812 kB
MemAvailable:    1468028 kB
Buffers:           98656 kB
Cached:          1204580 kB
MemTotal:        1844596 kB
MemFree:          186344 kB
MemAvailable:    1467560 kB
Buffers:           98656 kB
Cached:          1204580 kB
MemTotal:        1844596 kB
MemFree:          186824 kB
MemAvailable:    1468040 kB
Buffers:           98656 kB
Cached:          1204580 kB
MemTotal:        1844596 kB
MemFree:          187076 kB
MemAvailable:    1468292 kB
Buffers:           98656 kB
Cached:          1204580 kB
MemTotal:        1844596 kB
MemFree:          186784 kB
MemAvailable:    1468000 kB
Buffers:           98656 kB
Cached:          1204580 kB
MemTotal:        1844596 kB
MemFree:          186756 kB
MemAvailable:    1467972 kB
Buffers:           98656 kB
Cached:          1204580 kB
MemTotal:        1844596 kB
MemFree:          186700 kB
MemAvailable:    1467916 kB
Buffers:           98656 kB
Cached:          1204580 kB
MemTotal:        1844596 kB
MemFree:          186700 kB
MemAvailable:    1467916 kB
Buffers:           98656 kB
Cached:          1204580 kB
MemTotal:        1844596 kB
MemFree:          186520 kB
MemAvailable:    1467736 kB
Buffers:           98656 kB
Cached:          1204580 kB
MemTotal:        1844596 kB
MemFree:          186856 kB
MemAvailable:    1468072 kB
Buffers:           98656 kB
Cached:          1204580 kB
MemTotal:        1844596 kB
MemFree:          186640 kB
MemAvailable:    1467856 kB
Buffers:           98656 kB
Cached:          1204580 kB
MemTotal:        1844596 kB
MemFree:          186892 kB
MemAvailable:    1468108 kB
Buffers:           98656 kB
Cached:          1204580 kB
MemTotal:        1844596 kB
MemFree:          186680 kB
MemAvailable:    1467896 kB
Buffers:           98656 kB
Cached:          1204580 kB
MemTotal:        1844596 kB
MemFree:          186832 kB
MemAvailable:    1468048 kB
Buffers:           98656 kB
Cached:          1204580 kB
MemTotal:        1844596 kB
MemFree:          185412 kB
MemAvailable:    1466628 kB
Buffers:           98656 kB
Cached:          1204580 kB
MemTotal:        1844596 kB
MemFree:          185536 kB
MemAvailable:    1466752 kB
Buffers:           98656 kB
Cached:          1204580 kB
MemTotal:        1844596 kB
MemFree:          185660 kB
MemAvailable:    1466876 kB
Buffers:           98656 kB
Cached:          1204580 kB
MemTotal:        1844596 kB
MemFree:          186900 kB
MemAvailable:    1468116 kB
Buffers:           98656 kB
Cached:          1204580 kB
MemTotal:        1844596 kB
MemFree:          185660 kB
MemAvailable:    1466876 kB
Buffers:           98656 kB
Cached:          1204580 kB
MemTotal:        1844596 kB
MemFree:          185784 kB
MemAvailable:    1467000 kB
Buffers:           98656 kB
Cached:          1204580 kB
MemTotal:        1844596 kB
MemFree:          185784 kB
MemAvailable:    1467000 kB
Buffers:           98656 kB
Cached:          1204580 kB
MemTotal:        1844596 kB
MemFree:          187084 kB
MemAvailable:    1468300 kB
Buffers:           98656 kB
Cached:          1204580 kB
MemTotal:        1844596 kB
MemFree:          186792 kB
MemAvailable:    1468008 kB
Buffers:           98656 kB
Cached:          1204580 kB
MemTotal:        1844596 kB
MemFree:          185528 kB
MemAvailable:    1466744 kB
Buffers:           98656 kB
Cached:          1204580 kB
MemTotal:        1844596 kB
MemFree:          186504 kB
MemAvailable:    1467720 kB
Buffers:           98656 kB
Cached:          1204580 kB
MemTotal:        1844596 kB
MemFree:          186672 kB
MemAvailable:    1467888 kB
Buffers:           98656 kB
Cached:          1204580 kB
MemTotal:        1844596 kB
MemFree:          186568 kB
MemAvailable:    1467784 kB
Buffers:           98656 kB
Cached:          1204580 kB
MemTotal:        1844596 kB
MemFree:          186812 kB
MemAvailable:    1468028 kB
Buffers:           98656 kB
Cached:          1204580 kB
MemTotal:        1844596 kB
MemFree:          186812 kB
MemAvailable:    1468028 kB
Buffers:           98656 kB
Cached:          1204580 kB
MemTotal:        1844596 kB
MemFree:          186652 kB
MemAvailable:    1467868 kB
Buffers:           98656 kB
Cached:          1204580 kB
MemTotal:        1844596 kB
MemFree:          186908 kB
MemAvailable:    1468124 kB
Buffers:           98656 kB
Cached:          1204580 kB
MemTotal:        1844596 kB
MemFree:          185536 kB
MemAvailable:    1466752 kB
Buffers:           98656 kB
Cached:          1204580 kB
MemTotal:        1844596 kB
MemFree:          186680 kB
MemAvailable:    1467896 kB
Buffers:           98656 kB
Cached:          1204580 kB
MemTotal:        1844596 kB
MemFree:          186764 kB
MemAvailable:    1467980 kB
Buffers:           98656 kB
Cached:          1204580 kB
MemTotal:        1844596 kB
MemFree:          186736 kB
MemAvailable:    1467952 kB
Buffers:           98656 kB
Cached:          1204580 kB
MemTotal:        1844596 kB
MemFree:          185172 kB
MemAvailable:    1466388 kB
Buffers:           98656 kB
Cached:          1204580 kB
MemTotal:        1844596 kB
MemFree:          185428 kB
MemAvailable:    1466644 kB
Buffers:           98656 kB
Cached:          1204580 kB
MemTotal:        1844596 kB
MemFree:          186320 kB
MemAvailable:    1467536 kB
Buffers:           98656 kB
Cached:          1204580 kB
MemTotal:        1844596 kB
MemFree:          186320 kB
MemAvailable:    1467536 kB
Buffers:           98656 kB
Cached:          1204580 kB
MemTotal:        1844596 kB
MemFree:          184668 kB
MemAvailable:    1465884 kB
Buffers:           98656 kB
Cached:          1204580 kB
MemTotal:        1844596 kB
MemFree:          185776 kB
MemAvailable:    1466992 kB
Buffers:           98656 kB
Cached:          1204580 kB
MemTotal:        1844596 kB
MemFree:          185512 kB
MemAvailable:    1466728 kB
Buffers:           98656 kB
Cached:          1204580 kB
MemTotal:        1844596 kB
MemFree:          185768 kB
MemAvailable:    1466984 kB
Buffers:           98656 kB
Cached:          1204580 kB
MemTotal:        1844596 kB
MemFree:          184396 kB
MemAvailable:    1465612 kB
Buffers:           98656 kB
Cached:          1204580 kB
MemTotal:        1844596 kB
MemFree:          184264 kB
MemAvailable:    1465480 kB
Buffers:           98656 kB
Cached:          1204580 kB
MemTotal:        1844596 kB
MemFree:          185572 kB
MemAvailable:    1466788 kB
Buffers:           98656 kB
Cached:          1204580 kB
MemTotal:        1844596 kB
MemFree:          185760 kB
MemAvailable:    1466976 kB
Buffers:           98656 kB
Cached:          1204580 kB
MemTotal:        1844596 kB
MemFree:          185752 kB
MemAvailable:    1466968 kB
Buffers:           98656 kB
Cached:          1204580 kB
MemTotal:        1844596 kB
MemFree:          185232 kB
MemAvailable:    1466448 kB
Buffers:           98656 kB
Cached:          1204580 kB
MemTotal:        1844596 kB
MemFree:          184236 kB
MemAvailable:    1465328 kB
Buffers:           98656 kB
Cached:          1204580 kB
MemTotal:        1844596 kB
MemFree:          185232 kB
MemAvailable:    1466456 kB
Buffers:           98656 kB
Cached:          1204588 kB
MemTotal:        1844596 kB
MemFree:          184236 kB
MemAvailable:    1465460 kB
Buffers:           98656 kB
Cached:          1204588 kB
MemTotal:        1844596 kB
MemFree:          185204 kB
MemAvailable:    1466428 kB
Buffers:           98656 kB
Cached:          1204588 kB
MemTotal:        1844596 kB
MemFree:          185456 kB
MemAvailable:    1466680 kB
Buffers:           98656 kB
Cached:          1204588 kB
MemTotal:        1844596 kB
MemFree:          185224 kB
MemAvailable:    1466448 kB
Buffers:           98656 kB
Cached:          1204588 kB
MemTotal:        1844596 kB
MemFree:          184024 kB
MemAvailable:    1465252 kB
Buffers:           98656 kB
Cached:          1204592 kB
MemTotal:        1844596 kB
MemFree:          185048 kB
MemAvailable:    1466276 kB
Buffers:           98656 kB
Cached:          1204592 kB
MemTotal:        1844596 kB
MemFree:          185304 kB
MemAvailable:    1466532 kB
Buffers:           98656 kB
Cached:          1204592 kB
MemTotal:        1844596 kB
MemFree:          183980 kB
MemAvailable:    1465208 kB
Buffers:           98656 kB
Cached:          1204592 kB
MemTotal:        1844596 kB
MemFree:          183804 kB
MemAvailable:    1465032 kB
Buffers:           98656 kB
Cached:          1204592 kB
MemTotal:        1844596 kB
MemFree:          185200 kB
MemAvailable:    1466428 kB
Buffers:           98656 kB
Cached:          1204592 kB
MemTotal:        1844596 kB
MemFree:          183712 kB
MemAvailable:    1464940 kB
Buffers:           98656 kB
Cached:          1204592 kB
MemTotal:        1844596 kB
MemFree:          183836 kB
MemAvailable:    1465064 kB
Buffers:           98656 kB
Cached:          1204592 kB
MemTotal:        1844596 kB
MemFree:          183296 kB
MemAvailable:    1464524 kB
Buffers:           98656 kB
Cached:          1204592 kB
MemTotal:        1844596 kB
MemFree:          178384 kB
MemAvailable:    1459612 kB
Buffers:           98656 kB
Cached:          1204592 kB
MemTotal:        1844596 kB
MemFree:          177780 kB
MemAvailable:    1459008 kB
Buffers:           98656 kB
Cached:          1204592 kB
MemTotal:        1844596 kB
MemFree:          174492 kB
MemAvailable:    1455720 kB
Buffers:           98656 kB
Cached:          1204592 kB
MemTotal:        1844596 kB
MemFree:          173796 kB
MemAvailable:    1455024 kB
Buffers:           98656 kB
Cached:          1204592 kB
MemTotal:        1844596 kB
MemFree:          173756 kB
MemAvailable:    1454984 kB
Buffers:           98656 kB
Cached:          1204592 kB
MemTotal:        1844596 kB
MemFree:          172424 kB
MemAvailable:    1453652 kB
Buffers:           98656 kB
Cached:          1204592 kB
MemTotal:        1844596 kB
MemFree:          172292 kB
MemAvailable:    1453520 kB
Buffers:           98656 kB
Cached:          1204592 kB
MemTotal:        1844596 kB
MemFree:          173376 kB
MemAvailable:    1454604 kB
Buffers:           98656 kB
Cached:          1204592 kB
MemTotal:        1844596 kB
MemFree:          173044 kB
MemAvailable:    1454272 kB
Buffers:           98656 kB
Cached:          1204592 kB
MemTotal:        1844596 kB
MemFree:          172572 kB
MemAvailable:    1453800 kB
Buffers:           98656 kB
Cached:          1204592 kB
MemTotal:        1844596 kB
MemFree:          172076 kB
MemAvailable:    1453304 kB
Buffers:           98656 kB
Cached:          1204592 kB
MemTotal:        1844596 kB
MemFree:          170464 kB
MemAvailable:    1451692 kB
Buffers:           98656 kB
Cached:          1204592 kB
MemTotal:        1844596 kB
MemFree:          170572 kB
MemAvailable:    1451800 kB
Buffers:           98656 kB
Cached:          1204592 kB
MemTotal:        1844596 kB
MemFree:          169968 kB
MemAvailable:    1451196 kB
Buffers:           98656 kB
Cached:          1204592 kB
MemTotal:        1844596 kB
MemFree:          169168 kB
MemAvailable:    1450396 kB
Buffers:           98656 kB
Cached:          1204592 kB
MemTotal:        1844596 kB
MemFree:          169160 kB
MemAvailable:    1450388 kB
Buffers:           98656 kB
Cached:          1204592 kB
MemTotal:        1844596 kB
MemFree:          168912 kB
MemAvailable:    1450140 kB
Buffers:           98656 kB
Cached:          1204592 kB
MemTotal:        1844596 kB
MemFree:          168904 kB
MemAvailable:    1450132 kB
Buffers:           98656 kB
Cached:          1204592 kB
MemTotal:        1844596 kB
MemFree:          170056 kB
MemAvailable:    1451284 kB
Buffers:           98656 kB
Cached:          1204592 kB
MemTotal:        1844596 kB
MemFree:          169728 kB
MemAvailable:    1450956 kB
Buffers:           98656 kB
Cached:          1204592 kB
MemTotal:        1844596 kB
MemFree:          169888 kB
MemAvailable:    1451116 kB
Buffers:           98656 kB
Cached:          1204592 kB
MemTotal:        1844596 kB
MemFree:          170084 kB
MemAvailable:    1451312 kB
Buffers:           98656 kB
Cached:          1204592 kB
MemTotal:        1844596 kB
MemFree:          170168 kB
MemAvailable:    1451396 kB
Buffers:           98656 kB
Cached:          1204592 kB
MemTotal:        1844596 kB
MemFree:          169888 kB
MemAvailable:    1451116 kB
Buffers:           98656 kB
Cached:          1204592 kB
MemTotal:        1844596 kB
MemFree:          169896 kB
MemAvailable:    1451124 kB
Buffers:           98656 kB
Cached:          1204592 kB
MemTotal:        1844596 kB
MemFree:          170208 kB
MemAvailable:    1451436 kB
Buffers:           98656 kB
Cached:          1204592 kB
MemTotal:        1844596 kB
MemFree:          169960 kB
MemAvailable:    1451188 kB
Buffers:           98656 kB
Cached:          1204592 kB
MemTotal:        1844596 kB
MemFree:          169340 kB
MemAvailable:    1450568 kB
Buffers:           98656 kB
Cached:          1204592 kB
MemTotal:        1844596 kB
MemFree:          168736 kB
MemAvailable:    1449964 kB
Buffers:           98656 kB
Cached:          1204592 kB
MemTotal:        1844596 kB
MemFree:          168604 kB
MemAvailable:    1449832 kB
Buffers:           98656 kB
Cached:          1204592 kB
MemTotal:        1844596 kB
MemFree:          168168 kB
MemAvailable:    1449396 kB
Buffers:           98656 kB
Cached:          1204592 kB
MemTotal:        1844596 kB
MemFree:          168100 kB
MemAvailable:    1449328 kB
Buffers:           98656 kB
Cached:          1204592 kB
MemTotal:        1844596 kB
MemFree:          167968 kB
MemAvailable:    1449196 kB
Buffers:           98656 kB
Cached:          1204592 kB
MemTotal:        1844596 kB
MemFree:          167968 kB
MemAvailable:    1449196 kB
Buffers:           98656 kB
Cached:          1204592 kB
MemTotal:        1844596 kB
MemFree:          167540 kB
MemAvailable:    1448768 kB
Buffers:           98656 kB
Cached:          1204592 kB
MemTotal:        1844596 kB
MemFree:          166744 kB
MemAvailable:    1447972 kB
Buffers:           98656 kB
Cached:          1204592 kB
MemTotal:        1844596 kB
MemFree:          166548 kB
MemAvailable:    1447776 kB
Buffers:           98656 kB
Cached:          1204592 kB
MemTotal:        1844596 kB
MemFree:          166488 kB
MemAvailable:    1447716 kB
Buffers:           98656 kB
Cached:          1204592 kB
MemTotal:        1844596 kB
MemFree:          166308 kB
MemAvailable:    1447536 kB
Buffers:           98656 kB
Cached:          1204592 kB
MemTotal:        1844596 kB
MemFree:          166124 kB
MemAvailable:    1447352 kB
Buffers:           98656 kB
Cached:          1204592 kB
MemTotal:        1844596 kB
MemFree:          166184 kB
MemAvailable:    1447412 kB
Buffers:           98656 kB
Cached:          1204592 kB
MemTotal:        1844596 kB
MemFree:          164752 kB
MemAvailable:    1445980 kB
Buffers:           98656 kB
Cached:          1204592 kB
MemTotal:        1844596 kB
MemFree:          164752 kB
MemAvailable:    1445980 kB
Buffers:           98656 kB
Cached:          1204592 kB
MemTotal:        1844596 kB
MemFree:          166052 kB
MemAvailable:    1447280 kB
Buffers:           98656 kB
Cached:          1204592 kB
MemTotal:        1844596 kB
MemFree:          165992 kB
MemAvailable:    1447220 kB
Buffers:           98656 kB
Cached:          1204592 kB
MemTotal:        1844596 kB
MemFree:          164884 kB
MemAvailable:    1446112 kB
Buffers:           98656 kB
Cached:          1204592 kB
MemTotal:        1844596 kB
MemFree:          165868 kB
MemAvailable:    1447096 kB
Buffers:           98656 kB
Cached:          1204592 kB
MemTotal:        1844596 kB
MemFree:          165868 kB
MemAvailable:    1447096 kB
Buffers:           98656 kB
Cached:          1204592 kB
MemTotal:        1844596 kB
MemFree:          164492 kB
MemAvailable:    1445720 kB
Buffers:           98656 kB
Cached:          1204592 kB
MemTotal:        1844596 kB
MemFree:          164628 kB
MemAvailable:    1445856 kB
Buffers:           98656 kB
Cached:          1204592 kB
MemTotal:        1844596 kB
MemFree:          165488 kB
MemAvailable:    1446716 kB
Buffers:           98656 kB
Cached:          1204592 kB
MemTotal:        1844596 kB
MemFree:          165380 kB
MemAvailable:    1446608 kB
Buffers:           98656 kB
Cached:          1204592 kB
MemTotal:        1844596 kB
MemFree:          164376 kB
MemAvailable:    1445604 kB
Buffers:           98656 kB
Cached:          1204592 kB
MemTotal:        1844596 kB
MemFree:          165668 kB
MemAvailable:    1446896 kB
Buffers:           98656 kB
Cached:          1204592 kB
MemTotal:        1844596 kB
MemFree:          164500 kB
MemAvailable:    1445728 kB
Buffers:           98656 kB
Cached:          1204592 kB
MemTotal:        1844596 kB
MemFree:          165560 kB
MemAvailable:    1446788 kB
Buffers:           98656 kB
Cached:          1204592 kB
MemTotal:        1844596 kB
MemFree:          165560 kB
MemAvailable:    1446788 kB
Buffers:           98656 kB
Cached:          1204592 kB
MemTotal:        1844596 kB
MemFree:          165752 kB
MemAvailable:    1446980 kB
Buffers:           98656 kB
Cached:          1204592 kB
MemTotal:        1844596 kB
MemFree:          165728 kB
MemAvailable:    1446956 kB
Buffers:           98656 kB
Cached:          1204592 kB
MemTotal:        1844596 kB
MemFree:          164472 kB
MemAvailable:    1445700 kB
Buffers:           98656 kB
Cached:          1204592 kB
MemTotal:        1844596 kB
MemFree:          165704 kB
MemAvailable:    1446932 kB
Buffers:           98656 kB
Cached:          1204592 kB
MemTotal:        1844596 kB
MemFree:          164388 kB
MemAvailable:    1445616 kB
Buffers:           98656 kB
Cached:          1204592 kB
MemTotal:        1844596 kB
MemFree:          165488 kB
MemAvailable:    1446716 kB
Buffers:           98656 kB
Cached:          1204592 kB
MemTotal:        1844596 kB
MemFree:          165488 kB
MemAvailable:    1446716 kB
Buffers:           98656 kB
Cached:          1204592 kB
MemTotal:        1844596 kB
MemFree:          164380 kB
MemAvailable:    1445608 kB
Buffers:           98656 kB
Cached:          1204592 kB
MemTotal:        1844596 kB
MemFree:          164636 kB
MemAvailable:    1445864 kB
Buffers:           98656 kB
Cached:          1204592 kB
MemTotal:        1844596 kB
MemFree:          164124 kB
MemAvailable:    1445356 kB
Buffers:           98656 kB
Cached:          1204596 kB
MemTotal:        1844596 kB
MemFree:          164124 kB
MemAvailable:    1445356 kB
Buffers:           98656 kB
Cached:          1204596 kB
MemTotal:        1844596 kB
MemFree:          163200 kB
MemAvailable:    1444440 kB
Buffers:           98656 kB
Cached:          1204604 kB
MemTotal:        1844596 kB
MemFree:          160288 kB
MemAvailable:    1441528 kB
Buffers:           98656 kB
Cached:          1204604 kB
MemTotal:        1844596 kB
MemFree:          158520 kB
MemAvailable:    1439760 kB
Buffers:           98656 kB
Cached:          1204604 kB
MemTotal:        1844596 kB
MemFree:          156080 kB
MemAvailable:    1437320 kB
Buffers:           98656 kB
Cached:          1204604 kB
MemTotal:        1844596 kB
MemFree:          152848 kB
MemAvailable:    1434088 kB
Buffers:           98656 kB
Cached:          1204604 kB
MemTotal:        1844596 kB
MemFree:          152616 kB
MemAvailable:    1433856 kB
Buffers:           98656 kB
Cached:          1204604 kB
MemTotal:        1844596 kB
MemFree:          148144 kB
MemAvailable:    1429384 kB
Buffers:           98656 kB
Cached:          1204604 kB
MemTotal:        1844596 kB
MemFree:          147268 kB
MemAvailable:    1428508 kB
Buffers:           98656 kB
Cached:          1204604 kB
MemTotal:        1844596 kB
MemFree:          146788 kB
MemAvailable:    1428028 kB
Buffers:           98656 kB
Cached:          1204604 kB
MemTotal:        1844596 kB
MemFree:          147156 kB
MemAvailable:    1428396 kB
Buffers:           98656 kB
Cached:          1204604 kB
MemTotal:        1844596 kB
MemFree:          147284 kB
MemAvailable:    1428524 kB
Buffers:           98656 kB
Cached:          1204604 kB
MemTotal:        1844596 kB
MemFree:          146408 kB
MemAvailable:    1427648 kB
Buffers:           98656 kB
Cached:          1204604 kB
MemTotal:        1844596 kB
MemFree:          146980 kB
MemAvailable:    1428220 kB
Buffers:           98656 kB
Cached:          1204604 kB
MemTotal:        1844596 kB
MemFree:          147148 kB
MemAvailable:    1428388 kB
Buffers:           98656 kB
Cached:          1204604 kB
MemTotal:        1844596 kB
MemFree:          146908 kB
MemAvailable:    1428148 kB
Buffers:           98656 kB
Cached:          1204604 kB
MemTotal:        1844596 kB
MemFree:          145860 kB
MemAvailable:    1427100 kB
Buffers:           98656 kB
Cached:          1204604 kB
MemTotal:        1844596 kB
MemFree:          146976 kB
MemAvailable:    1428216 kB
Buffers:           98656 kB
Cached:          1204604 kB
MemTotal:        1844596 kB
MemFree:          146844 kB
MemAvailable:    1428084 kB
Buffers:           98656 kB
Cached:          1204604 kB
MemTotal:        1844596 kB
MemFree:          146160 kB
MemAvailable:    1427400 kB
Buffers:           98656 kB
Cached:          1204604 kB
MemTotal:        1844596 kB
MemFree:          146720 kB
MemAvailable:    1427960 kB
Buffers:           98656 kB
Cached:          1204604 kB
MemTotal:        1844596 kB
MemFree:          146720 kB
MemAvailable:    1427960 kB
Buffers:           98656 kB
Cached:          1204604 kB
MemTotal:        1844596 kB
MemFree:          145100 kB
MemAvailable:    1426340 kB
Buffers:           98656 kB
Cached:          1204604 kB
MemTotal:        1844596 kB
MemFree:          146208 kB
MemAvailable:    1427448 kB
Buffers:           98656 kB
Cached:          1204604 kB
MemTotal:        1844596 kB
MemFree:          146208 kB
MemAvailable:    1427448 kB
Buffers:           98656 kB
Cached:          1204604 kB
MemTotal:        1844596 kB
MemFree:          146200 kB
MemAvailable:    1427440 kB
Buffers:           98656 kB
Cached:          1204604 kB
MemTotal:        1844596 kB
MemFree:          145424 kB
MemAvailable:    1426664 kB
Buffers:           98656 kB
Cached:          1204604 kB
MemTotal:        1844596 kB
MemFree:          146040 kB
MemAvailable:    1427280 kB
Buffers:           98656 kB
Cached:          1204604 kB
MemTotal:        1844596 kB
MemFree:          146168 kB
MemAvailable:    1427408 kB
Buffers:           98656 kB
Cached:          1204604 kB
MemTotal:        1844596 kB
MemFree:          145880 kB
MemAvailable:    1427120 kB
Buffers:           98656 kB
Cached:          1204604 kB
MemTotal:        1844596 kB
MemFree:          146216 kB
MemAvailable:    1427456 kB
Buffers:           98656 kB
Cached:          1204604 kB
MemTotal:        1844596 kB
MemFree:          145832 kB
MemAvailable:    1427072 kB
Buffers:           98656 kB
Cached:          1204604 kB
MemTotal:        1844596 kB
MemFree:          146168 kB
MemAvailable:    1427408 kB
Buffers:           98656 kB
Cached:          1204604 kB
MemTotal:        1844596 kB
MemFree:          144724 kB
MemAvailable:    1425964 kB
Buffers:           98656 kB
Cached:          1204604 kB
MemTotal:        1844596 kB
MemFree:          144892 kB
MemAvailable:    1426132 kB
Buffers:           98656 kB
Cached:          1204604 kB
MemTotal:        1844596 kB
MemFree:          146060 kB
MemAvailable:    1427300 kB
Buffers:           98656 kB
Cached:          1204604 kB
MemTotal:        1844596 kB
MemFree:          145300 kB
MemAvailable:    1426540 kB
Buffers:           98656 kB
Cached:          1204604 kB
MemTotal:        1844596 kB
MemFree:          146596 kB
MemAvailable:    1427836 kB
Buffers:           98656 kB
Cached:          1204604 kB
MemTotal:        1844596 kB
MemFree:          144904 kB
MemAvailable:    1426144 kB
Buffers:           98656 kB
Cached:          1204604 kB
MemTotal:        1844596 kB
MemFree:          146080 kB
MemAvailable:    1427320 kB
Buffers:           98656 kB
Cached:          1204604 kB
MemTotal:        1844596 kB
MemFree:          146032 kB
MemAvailable:    1427272 kB
Buffers:           98656 kB
Cached:          1204604 kB
MemTotal:        1844596 kB
MemFree:          143120 kB
MemAvailable:    1424360 kB
Buffers:           98656 kB
Cached:          1204604 kB
MemTotal:        1844596 kB
MemFree:          139168 kB
MemAvailable:    1420408 kB
Buffers:           98656 kB
Cached:          1204604 kB
MemTotal:        1844596 kB
MemFree:          139420 kB
MemAvailable:    1420660 kB
Buffers:           98656 kB
Cached:          1204604 kB
MemTotal:        1844596 kB
MemFree:          134876 kB
MemAvailable:    1416116 kB
Buffers:           98656 kB
Cached:          1204604 kB
MemTotal:        1844596 kB
MemFree:          132520 kB
MemAvailable:    1413760 kB
Buffers:           98656 kB
Cached:          1204604 kB
MemTotal:        1844596 kB
MemFree:          128660 kB
MemAvailable:    1409900 kB
Buffers:           98656 kB
Cached:          1204604 kB
MemTotal:        1844596 kB
MemFree:          128180 kB
MemAvailable:    1409420 kB
Buffers:           98656 kB
Cached:          1204604 kB
MemTotal:        1844596 kB
MemFree:          128108 kB
MemAvailable:    1409348 kB
Buffers:           98656 kB
Cached:          1204604 kB
MemTotal:        1844596 kB
MemFree:          127984 kB
MemAvailable:    1409224 kB
Buffers:           98656 kB
Cached:          1204604 kB
MemTotal:        1844596 kB
MemFree:          126816 kB
MemAvailable:    1408056 kB
Buffers:           98656 kB
Cached:          1204604 kB
MemTotal:        1844596 kB
MemFree:          127800 kB
MemAvailable:    1409040 kB
Buffers:           98656 kB
Cached:          1204604 kB
MemTotal:        1844596 kB
MemFree:          127800 kB
MemAvailable:    1409040 kB
Buffers:           98656 kB
Cached:          1204604 kB
MemTotal:        1844596 kB
MemFree:          126516 kB
MemAvailable:    1407756 kB
Buffers:           98656 kB
Cached:          1204604 kB
MemTotal:        1844596 kB
MemFree:          127756 kB
MemAvailable:    1408996 kB
Buffers:           98656 kB
Cached:          1204604 kB
MemTotal:        1844596 kB
MemFree:          126684 kB
MemAvailable:    1407924 kB
Buffers:           98656 kB
Cached:          1204604 kB
MemTotal:        1844596 kB
MemFree:          126512 kB
MemAvailable:    1407752 kB
Buffers:           98656 kB
Cached:          1204604 kB
MemTotal:        1844596 kB
MemFree:          126940 kB
MemAvailable:    1408180 kB
Buffers:           98656 kB
Cached:          1204604 kB
MemTotal:        1844596 kB
MemFree:          126388 kB
MemAvailable:    1407628 kB
Buffers:           98656 kB
Cached:          1204604 kB
MemTotal:        1844596 kB
MemFree:          127848 kB
MemAvailable:    1409088 kB
Buffers:           98656 kB
Cached:          1204604 kB
MemTotal:        1844596 kB
MemFree:          127784 kB
MemAvailable:    1409024 kB
Buffers:           98656 kB
Cached:          1204604 kB
MemTotal:        1844596 kB
MemFree:          127784 kB
MemAvailable:    1409024 kB
Buffers:           98656 kB
Cached:          1204604 kB
MemTotal:        1844596 kB
MemFree:          126520 kB
MemAvailable:    1407760 kB
Buffers:           98656 kB
Cached:          1204604 kB
MemTotal:        1844596 kB
MemFree:          128128 kB
MemAvailable:    1409368 kB
Buffers:           98656 kB
Cached:          1204604 kB
MemTotal:        1844596 kB
MemFree:          127996 kB
MemAvailable:    1409236 kB
Buffers:           98656 kB
Cached:          1204604 kB
MemTotal:        1844596 kB
MemFree:          127748 kB
MemAvailable:    1408988 kB
Buffers:           98656 kB
Cached:          1204604 kB
MemTotal:        1844596 kB
MemFree:          127808 kB
MemAvailable:    1409048 kB
Buffers:           98656 kB
Cached:          1204604 kB
MemTotal:        1844596 kB
MemFree:          127912 kB
MemAvailable:    1409152 kB
Buffers:           98656 kB
Cached:          1204604 kB
MemTotal:        1844596 kB
MemFree:          126532 kB
MemAvailable:    1407772 kB
Buffers:           98656 kB
Cached:          1204604 kB
MemTotal:        1844596 kB
MemFree:          127888 kB
MemAvailable:    1409128 kB
Buffers:           98656 kB
Cached:          1204604 kB
MemTotal:        1844596 kB
MemFree:          127892 kB
MemAvailable:    1409132 kB
Buffers:           98656 kB
Cached:          1204604 kB
MemTotal:        1844596 kB
MemFree:          127064 kB
MemAvailable:    1408304 kB
Buffers:           98656 kB
Cached:          1204604 kB
MemTotal:        1844596 kB
MemFree:          128240 kB
MemAvailable:    1409484 kB
Buffers:           98656 kB
Cached:          1204608 kB
MemTotal:        1844596 kB
MemFree:          127312 kB
MemAvailable:    1408556 kB
Buffers:           98656 kB
Cached:          1204608 kB
MemTotal:        1844596 kB
MemFree:          127532 kB
MemAvailable:    1408776 kB
Buffers:           98656 kB
Cached:          1204608 kB
MemTotal:        1844596 kB
MemFree:          127868 kB
MemAvailable:    1409112 kB
Buffers:           98656 kB
Cached:          1204608 kB
MemTotal:        1844596 kB
MemFree:          127560 kB
MemAvailable:    1408808 kB
Buffers:           98656 kB
Cached:          1204612 kB
MemTotal:        1844596 kB
MemFree:          127896 kB
MemAvailable:    1409144 kB
Buffers:           98656 kB
Cached:          1204612 kB
MemTotal:        1844596 kB
MemFree:          127824 kB
MemAvailable:    1409072 kB
Buffers:           98656 kB
Cached:          1204612 kB
MemTotal:        1844596 kB
MemFree:          127212 kB
MemAvailable:    1408460 kB
Buffers:           98656 kB
Cached:          1204612 kB
MemTotal:        1844596 kB
MemFree:          127808 kB
MemAvailable:    1409056 kB
Buffers:           98656 kB
Cached:          1204612 kB
MemTotal:        1844596 kB
MemFree:          128060 kB
MemAvailable:    1409308 kB
Buffers:           98656 kB
Cached:          1204612 kB
MemTotal:        1844596 kB
MemFree:          127712 kB
MemAvailable:    1408960 kB
Buffers:           98656 kB
Cached:          1204612 kB
MemTotal:        1844596 kB
MemFree:          124536 kB
MemAvailable:    1405784 kB
Buffers:           98656 kB
Cached:          1204612 kB
MemTotal:        1844596 kB
MemFree:          121128 kB
MemAvailable:    1402376 kB
Buffers:           98656 kB
Cached:          1204612 kB
MemTotal:        1844596 kB
MemFree:          115540 kB
MemAvailable:    1396788 kB
Buffers:           98656 kB
Cached:          1204612 kB
MemTotal:        1844596 kB
MemFree:          115540 kB
MemAvailable:    1396788 kB
Buffers:           98656 kB
Cached:          1204612 kB
MemTotal:        1844596 kB
MemFree:          110640 kB
MemAvailable:    1391888 kB
Buffers:           98656 kB
Cached:          1204612 kB
MemTotal:        1844596 kB
MemFree:          109340 kB
MemAvailable:    1390588 kB
Buffers:           98656 kB
Cached:          1204612 kB
MemTotal:        1844596 kB
MemFree:          110636 kB
MemAvailable:    1391884 kB
Buffers:           98656 kB
Cached:          1204612 kB
MemTotal:        1844596 kB
MemFree:          110380 kB
MemAvailable:    1391628 kB
Buffers:           98656 kB
Cached:          1204612 kB
MemTotal:        1844596 kB
MemFree:          109780 kB
MemAvailable:    1391028 kB
Buffers:           98656 kB
Cached:          1204612 kB
MemTotal:        1844596 kB
MemFree:          109284 kB
MemAvailable:    1390532 kB
Buffers:           98656 kB
Cached:          1204612 kB
MemTotal:        1844596 kB
MemFree:          109620 kB
MemAvailable:    1390868 kB
Buffers:           98656 kB
Cached:          1204612 kB
MemTotal:        1844596 kB
MemFree:          108052 kB
MemAvailable:    1389300 kB
Buffers:           98656 kB
Cached:          1204612 kB
MemTotal:        1844596 kB
MemFree:          108424 kB
MemAvailable:    1389672 kB
Buffers:           98656 kB
Cached:          1204612 kB
MemTotal:        1844596 kB
MemFree:          109476 kB
MemAvailable:    1390724 kB
Buffers:           98656 kB
Cached:          1204612 kB
MemTotal:        1844596 kB
MemFree:          108928 kB
MemAvailable:    1390176 kB
Buffers:           98656 kB
Cached:          1204612 kB
MemTotal:        1844596 kB
MemFree:          108612 kB
MemAvailable:    1389860 kB
Buffers:           98656 kB
Cached:          1204612 kB
MemTotal:        1844596 kB
MemFree:          109028 kB
MemAvailable:    1390276 kB
Buffers:           98656 kB
Cached:          1204612 kB
MemTotal:        1844596 kB
MemFree:          107688 kB
MemAvailable:    1388936 kB
Buffers:           98656 kB
Cached:          1204612 kB
MemTotal:        1844596 kB
MemFree:          108108 kB
MemAvailable:    1389356 kB
Buffers:           98656 kB
Cached:          1204612 kB
MemTotal:        1844596 kB
MemFree:          108604 kB
MemAvailable:    1389856 kB
Buffers:           98656 kB
Cached:          1204616 kB
MemTotal:        1844596 kB
MemFree:          106976 kB
MemAvailable:    1388228 kB
Buffers:           98656 kB
Cached:          1204616 kB
MemTotal:        1844596 kB
MemFree:          108348 kB
MemAvailable:    1389600 kB
Buffers:           98656 kB
Cached:          1204616 kB
MemTotal:        1844596 kB
MemFree:          106984 kB
MemAvailable:    1388236 kB
Buffers:           98656 kB
Cached:          1204616 kB
MemTotal:        1844596 kB
MemFree:          106984 kB
MemAvailable:    1388236 kB
Buffers:           98656 kB
Cached:          1204616 kB
MemTotal:        1844596 kB
MemFree:          106488 kB
MemAvailable:    1387740 kB
Buffers:           98656 kB
Cached:          1204616 kB
MemTotal:        1844596 kB
MemFree:          106744 kB
MemAvailable:    1387996 kB
Buffers:           98656 kB
Cached:          1204616 kB
MemTotal:        1844596 kB
MemFree:          104760 kB
MemAvailable:    1386012 kB
Buffers:           98656 kB
Cached:          1204616 kB
MemTotal:        1844596 kB
MemFree:          105068 kB
MemAvailable:    1386320 kB
Buffers:           98656 kB
Cached:          1204616 kB
MemTotal:        1844596 kB
MemFree:          103024 kB
MemAvailable:    1384276 kB
Buffers:           98656 kB
Cached:          1204616 kB
MemTotal:        1844596 kB
MemFree:          102528 kB
MemAvailable:    1383780 kB
Buffers:           98656 kB
Cached:          1204616 kB
MemTotal:        1844596 kB
MemFree:          103768 kB
MemAvailable:    1385020 kB
Buffers:           98656 kB
Cached:          1204616 kB
MemTotal:        1844596 kB
MemFree:          102280 kB
MemAvailable:    1383532 kB
Buffers:           98656 kB
Cached:          1204616 kB
MemTotal:        1844596 kB
MemFree:          102280 kB
MemAvailable:    1383532 kB
Buffers:           98656 kB
Cached:          1204616 kB
MemTotal:        1844596 kB
MemFree:          102404 kB
MemAvailable:    1383656 kB
Buffers:           98656 kB
Cached:          1204616 kB
MemTotal:        1844596 kB
MemFree:          103256 kB
MemAvailable:    1384508 kB
Buffers:           98656 kB
Cached:          1204616 kB
MemTotal:        1844596 kB
MemFree:          103508 kB
MemAvailable:    1384760 kB
Buffers:           98656 kB
Cached:          1204616 kB
MemTotal:        1844596 kB
MemFree:          102652 kB
MemAvailable:    1383904 kB
Buffers:           98656 kB
Cached:          1204616 kB
MemTotal:        1844596 kB
MemFree:          100668 kB
MemAvailable:    1381920 kB
Buffers:           98656 kB
Cached:          1204616 kB
MemTotal:        1844596 kB
MemFree:          100536 kB
MemAvailable:    1381788 kB
Buffers:           98656 kB
Cached:          1204616 kB
MemTotal:        1844596 kB
MemFree:          101512 kB
MemAvailable:    1382764 kB
Buffers:           98656 kB
Cached:          1204616 kB
MemTotal:        1844596 kB
MemFree:          101848 kB
MemAvailable:    1383100 kB
Buffers:           98656 kB
Cached:          1204616 kB
MemTotal:        1844596 kB
MemFree:          101664 kB
MemAvailable:    1382916 kB
Buffers:           98656 kB
Cached:          1204616 kB
MemTotal:        1844596 kB
MemFree:          100660 kB
MemAvailable:    1381912 kB
Buffers:           98656 kB
Cached:          1204616 kB
MemTotal:        1844596 kB
MemFree:          101480 kB
MemAvailable:    1382732 kB
Buffers:           98656 kB
Cached:          1204616 kB
MemTotal:        1844596 kB
MemFree:          101564 kB
MemAvailable:    1382816 kB
Buffers:           98656 kB
Cached:          1204616 kB
MemTotal:        1844596 kB
MemFree:          101456 kB
MemAvailable:    1382708 kB
Buffers:           98656 kB
Cached:          1204616 kB
MemTotal:        1844596 kB
MemFree:          101708 kB
MemAvailable:    1382960 kB
Buffers:           98656 kB
Cached:          1204616 kB
MemTotal:        1844596 kB
MemFree:          100408 kB
MemAvailable:    1381660 kB
Buffers:           98656 kB
Cached:          1204616 kB
MemTotal:        1844596 kB
MemFree:          100524 kB
MemAvailable:    1381776 kB
Buffers:           98656 kB
Cached:          1204616 kB
MemTotal:        1844596 kB
MemFree:          101520 kB
MemAvailable:    1382772 kB
Buffers:           98656 kB
Cached:          1204616 kB
MemTotal:        1844596 kB
MemFree:          101660 kB
MemAvailable:    1382912 kB
Buffers:           98656 kB
Cached:          1204616 kB
MemTotal:        1844596 kB
MemFree:          101592 kB
MemAvailable:    1382844 kB
Buffers:           98656 kB
Cached:          1204616 kB
MemTotal:        1844596 kB
MemFree:          101164 kB
MemAvailable:    1382416 kB
Buffers:           98656 kB
Cached:          1204616 kB
MemTotal:        1844596 kB
MemFree:          101592 kB
MemAvailable:    1382844 kB
Buffers:           98656 kB
Cached:          1204616 kB
MemTotal:        1844596 kB
MemFree:          101760 kB
MemAvailable:    1383012 kB
Buffers:           98656 kB
Cached:          1204616 kB
MemTotal:        1844596 kB
MemFree:          101508 kB
MemAvailable:    1382760 kB
Buffers:           98656 kB
Cached:          1204616 kB
MemTotal:        1844596 kB
MemFree:          101536 kB
MemAvailable:    1382788 kB
Buffers:           98656 kB
Cached:          1204616 kB
MemTotal:        1844596 kB
MemFree:          100408 kB
MemAvailable:    1381660 kB
Buffers:           98656 kB
Cached:          1204616 kB
MemTotal:        1844596 kB
MemFree:          101528 kB
MemAvailable:    1382780 kB
Buffers:           98656 kB
Cached:          1204616 kB
MemTotal:        1844596 kB
MemFree:          101656 kB
MemAvailable:    1382908 kB
Buffers:           98656 kB
Cached:          1204616 kB
MemTotal:        1844596 kB
MemFree:          101524 kB
MemAvailable:    1382776 kB
Buffers:           98656 kB
Cached:          1204616 kB
MemTotal:        1844596 kB
MemFree:          101944 kB
MemAvailable:    1383196 kB
Buffers:           98656 kB
Cached:          1204616 kB
MemTotal:        1844596 kB
MemFree:          101776 kB
MemAvailable:    1383028 kB
Buffers:           98656 kB
Cached:          1204616 kB
MemTotal:        1844596 kB
MemFree:          100792 kB
MemAvailable:    1382044 kB
Buffers:           98656 kB
Cached:          1204616 kB
MemTotal:        1844596 kB
MemFree:          101960 kB
MemAvailable:    1383216 kB
Buffers:           98656 kB
Cached:          1204620 kB
MemTotal:        1844596 kB
MemFree:          100800 kB
MemAvailable:    1382056 kB
Buffers:           98656 kB
Cached:          1204620 kB
MemTotal:        1844596 kB
MemFree:          101836 kB
MemAvailable:    1383092 kB
Buffers:           98656 kB
Cached:          1204620 kB
MemTotal:        1844596 kB
MemFree:          100668 kB
MemAvailable:    1381924 kB
Buffers:           98656 kB
Cached:          1204620 kB
MemTotal:        1844596 kB
MemFree:          101468 kB
MemAvailable:    1382724 kB
Buffers:           98656 kB
Cached:          1204620 kB
MemTotal:        1844596 kB
MemFree:          101552 kB
MemAvailable:    1382808 kB
Buffers:           98656 kB
Cached:          1204620 kB
MemTotal:        1844596 kB
MemFree:          101084 kB
MemAvailable:    1382340 kB
Buffers:           98656 kB
Cached:          1204620 kB
MemTotal:        1844596 kB
MemFree:          100172 kB
MemAvailable:    1381432 kB
Buffers:           98656 kB
Cached:          1204624 kB
MemTotal:        1844596 kB
MemFree:          100376 kB
MemAvailable:    1381636 kB
Buffers:           98656 kB
Cached:          1204624 kB
MemTotal:        1844596 kB
MemFree:          100872 kB
MemAvailable:    1382132 kB
Buffers:           98656 kB
Cached:          1204624 kB
MemTotal:        1844596 kB
MemFree:          100364 kB
MemAvailable:    1381624 kB
Buffers:           98656 kB
Cached:          1204624 kB
MemTotal:        1844596 kB
MemFree:          101668 kB
MemAvailable:    1382928 kB
Buffers:           98656 kB
Cached:          1204624 kB
MemTotal:        1844596 kB
MemFree:          101704 kB
MemAvailable:    1382964 kB
Buffers:           98656 kB
Cached:          1204624 kB
MemTotal:        1844596 kB
MemFree:          101500 kB
MemAvailable:    1382760 kB
Buffers:           98656 kB
Cached:          1204624 kB
MemTotal:        1844596 kB
MemFree:          101500 kB
MemAvailable:    1382760 kB
Buffers:           98656 kB
Cached:          1204624 kB
MemTotal:        1844596 kB
MemFree:          101600 kB
MemAvailable:    1382860 kB
Buffers:           98656 kB
Cached:          1204624 kB
MemTotal:        1844596 kB
MemFree:          101420 kB
MemAvailable:    1382680 kB
Buffers:           98656 kB
Cached:          1204624 kB
MemTotal:        1844596 kB
MemFree:          100288 kB
MemAvailable:    1381548 kB
Buffers:           98656 kB
Cached:          1204624 kB
MemTotal:        1844596 kB
MemFree:           98624 kB
MemAvailable:    1379884 kB
Buffers:           98656 kB
Cached:          1204624 kB
MemTotal:        1844596 kB
MemFree:           95212 kB
MemAvailable:    1376472 kB
Buffers:           98656 kB
Cached:          1204624 kB
MemTotal:        1844596 kB
MemFree:           91856 kB
MemAvailable:    1373116 kB
Buffers:           98656 kB
Cached:          1204624 kB
MemTotal:        1844596 kB
MemFree:           91856 kB
MemAvailable:    1373116 kB
Buffers:           98656 kB
Cached:          1204624 kB
MemTotal:        1844596 kB
MemFree:           87152 kB
MemAvailable:    1368412 kB
Buffers:           98656 kB
Cached:          1204624 kB
MemTotal:        1844596 kB
MemFree:           83416 kB
MemAvailable:    1364676 kB
Buffers:           98656 kB
Cached:          1204624 kB
MemTotal:        1844596 kB
MemFree:           83500 kB
MemAvailable:    1364760 kB
Buffers:           98656 kB
Cached:          1204624 kB
MemTotal:        1844596 kB
MemFree:           82316 kB
MemAvailable:    1363576 kB
Buffers:           98656 kB
Cached:          1204624 kB
MemTotal:        1844596 kB
MemFree:           80944 kB
MemAvailable:    1362204 kB
Buffers:           98656 kB
Cached:          1204624 kB
MemTotal:        1844596 kB
MemFree:           82244 kB
MemAvailable:    1363504 kB
Buffers:           98656 kB
Cached:          1204624 kB
MemTotal:        1844596 kB
MemFree:           80812 kB
MemAvailable:    1362072 kB
Buffers:           98656 kB
Cached:          1204624 kB
MemTotal:        1844596 kB
MemFree:           80936 kB
MemAvailable:    1362196 kB
Buffers:           98656 kB
Cached:          1204624 kB
MemTotal:        1844596 kB
MemFree:           82112 kB
MemAvailable:    1363372 kB
Buffers:           98656 kB
Cached:          1204624 kB
MemTotal:        1844596 kB
MemFree:           81084 kB
MemAvailable:    1362344 kB
Buffers:           98656 kB
Cached:          1204624 kB
MemTotal:        1844596 kB
MemFree:           82316 kB
MemAvailable:    1363576 kB
Buffers:           98656 kB
Cached:          1204624 kB
MemTotal:        1844596 kB
MemFree:           81076 kB
MemAvailable:    1362336 kB
Buffers:           98656 kB
Cached:          1204624 kB
MemTotal:        1844596 kB
MemFree:           82192 kB
MemAvailable:    1363452 kB
Buffers:           98656 kB
Cached:          1204624 kB
MemTotal:        1844596 kB
MemFree:           81456 kB
MemAvailable:    1362716 kB
Buffers:           98656 kB
Cached:          1204624 kB
MemTotal:        1844596 kB
MemFree:           82060 kB
MemAvailable:    1363320 kB
Buffers:           98656 kB
Cached:          1204624 kB
MemTotal:        1844596 kB
MemFree:           82316 kB
MemAvailable:    1363576 kB
Buffers:           98656 kB
Cached:          1204624 kB
MemTotal:        1844596 kB
MemFree:           81988 kB
MemAvailable:    1363248 kB
Buffers:           98656 kB
Cached:          1204624 kB
MemTotal:        1844596 kB
MemFree:           81988 kB
MemAvailable:    1363248 kB
Buffers:           98656 kB
Cached:          1204624 kB
MemTotal:        1844596 kB
MemFree:           80944 kB
MemAvailable:    1362204 kB
Buffers:           98656 kB
Cached:          1204624 kB
MemTotal:        1844596 kB
MemFree:           82112 kB
MemAvailable:    1363372 kB
Buffers:           98656 kB
Cached:          1204624 kB
MemTotal:        1844596 kB
MemFree:           81324 kB
MemAvailable:    1362584 kB
Buffers:           98656 kB
Cached:          1204624 kB
MemTotal:        1844596 kB
MemFree:           81676 kB
MemAvailable:    1362936 kB
Buffers:           98656 kB
Cached:          1204624 kB
MemTotal:        1844596 kB
MemFree:           81932 kB
MemAvailable:    1363192 kB
Buffers:           98656 kB
Cached:          1204624 kB
MemTotal:        1844596 kB
MemFree:           80436 kB
MemAvailable:    1361696 kB
Buffers:           98656 kB
Cached:          1204624 kB
MemTotal:        1844596 kB
MemFree:           81736 kB
MemAvailable:    1362996 kB
Buffers:           98656 kB
Cached:          1204624 kB
MemTotal:        1844596 kB
MemFree:           81536 kB
MemAvailable:    1362796 kB
Buffers:           98656 kB
Cached:          1204624 kB
MemTotal:        1844596 kB
MemFree:           81448 kB
MemAvailable:    1362708 kB
Buffers:           98656 kB
Cached:          1204624 kB
MemTotal:        1844596 kB
MemFree:           81196 kB
MemAvailable:    1362456 kB
Buffers:           98656 kB
Cached:          1204624 kB
MemTotal:        1844596 kB
MemFree:           81072 kB
MemAvailable:    1362332 kB
Buffers:           98656 kB
Cached:          1204624 kB
MemTotal:        1844596 kB
MemFree:           77044 kB
MemAvailable:    1358304 kB
Buffers:           98656 kB
Cached:          1204624 kB
MemTotal:        1844596 kB
MemFree:           70720 kB
MemAvailable:    1351980 kB
Buffers:           98656 kB
Cached:          1204624 kB
MemTotal:        1844596 kB
MemFree:           72332 kB
MemAvailable:    1353592 kB
Buffers:           98656 kB
Cached:          1204624 kB
MemTotal:        1844596 kB
MemFree:           70916 kB
MemAvailable:    1352176 kB
Buffers:           98656 kB
Cached:          1204624 kB
MemTotal:        1844596 kB
MemFree:           71504 kB
MemAvailable:    1352764 kB
Buffers:           98656 kB
Cached:          1204624 kB
MemTotal:        1844596 kB
MemFree:           71760 kB
MemAvailable:    1353020 kB
Buffers:           98656 kB
Cached:          1204624 kB
MemTotal:        1844596 kB
MemFree:           70396 kB
MemAvailable:    1351656 kB
Buffers:           98656 kB
Cached:          1204624 kB
MemTotal:        1844596 kB
MemFree:           69976 kB
MemAvailable:    1351236 kB
Buffers:           98656 kB
Cached:          1204624 kB
MemTotal:        1844596 kB
MemFree:           68468 kB
MemAvailable:    1349728 kB
Buffers:           98656 kB
Cached:          1204624 kB
MemTotal:        1844596 kB
MemFree:           69824 kB
MemAvailable:    1351084 kB
Buffers:           98656 kB
Cached:          1204624 kB
MemTotal:        1844596 kB
MemFree:           69668 kB
MemAvailable:    1350928 kB
Buffers:           98656 kB
Cached:          1204624 kB
MemTotal:        1844596 kB
MemFree:           68228 kB
MemAvailable:    1349488 kB
Buffers:           98656 kB
Cached:          1204624 kB
MemTotal:        1844596 kB
MemFree:           69292 kB
MemAvailable:    1350720 kB
Buffers:           98656 kB
Cached:          1204872 kB
MemTotal:        1844596 kB
MemFree:           69104 kB
MemAvailable:    1350532 kB
Buffers:           98656 kB
Cached:          1204872 kB
MemTotal:        1844596 kB
MemFree:           69152 kB
MemAvailable:    1350664 kB
Buffers:           98656 kB
Cached:          1204996 kB
MemTotal:        1844596 kB
MemFree:           69432 kB
MemAvailable:    1351028 kB
Buffers:           98656 kB
Cached:          1204996 kB
MemTotal:        1844596 kB
MemFree:           68532 kB
MemAvailable:    1350212 kB
Buffers:           98656 kB
Cached:          1205120 kB
MemTotal:        1844596 kB
MemFree:           68956 kB
MemAvailable:    1350804 kB
Buffers:           98656 kB
Cached:          1205244 kB
MemTotal:        1844596 kB
MemFree:           69208 kB
MemAvailable:    1351056 kB
Buffers:           98656 kB
Cached:          1205244 kB
MemTotal:        1844596 kB
MemFree:           67432 kB
MemAvailable:    1349280 kB
Buffers:           98656 kB
Cached:          1205368 kB
MemTotal:        1844596 kB
MemFree:           68884 kB
MemAvailable:    1350816 kB
Buffers:           98656 kB
Cached:          1205368 kB
MemTotal:        1844596 kB
MemFree:           68668 kB
MemAvailable:    1350600 kB
Buffers:           98656 kB
Cached:          1205368 kB
MemTotal:        1844596 kB
MemFree:           68836 kB
MemAvailable:    1350768 kB
Buffers:           98656 kB
Cached:          1205368 kB
MemTotal:        1844596 kB
MemFree:           67604 kB
MemAvailable:    1349536 kB
Buffers:           98656 kB
Cached:          1205368 kB
MemTotal:        1844596 kB
MemFree:           68288 kB
MemAvailable:    1350220 kB
Buffers:           98656 kB
Cached:          1205368 kB
MemTotal:        1844596 kB
MemFree:           68160 kB
MemAvailable:    1350092 kB
Buffers:           98656 kB
Cached:          1205368 kB
MemTotal:        1844596 kB
MemFree:           68508 kB
MemAvailable:    1349852 kB
Buffers:           98656 kB
Cached:          1204736 kB
MemTotal:        1844596 kB
MemFree:           68508 kB
MemAvailable:    1349852 kB
Buffers:           98656 kB
Cached:          1204736 kB
MemTotal:        1844596 kB
MemFree:          107440 kB
MemAvailable:    1388868 kB
Buffers:           98656 kB
Cached:          1204736 kB
MemTotal:        1844596 kB
MemFree:          224844 kB
MemAvailable:    1506188 kB
Buffers:           98656 kB
Cached:          1204736 kB
