MemTotal:        1844596 kB
MemFree:          267332 kB
MemAvailable:    1545164 kB
Buffers:          103740 kB
Cached:          1190560 kB
MemTotal:        1844596 kB
MemFree:          240112 kB
MemAvailable:    1517952 kB
Buffers:          103740 kB
Cached:          1190564 kB
MemTotal:        1844596 kB
MemFree:          238788 kB
MemAvailable:    1516628 kB
Buffers:          103740 kB
Cached:          1190564 kB
MemTotal:        1844596 kB
MemFree:          239144 kB
MemAvailable:    1516984 kB
Buffers:          103740 kB
Cached:          1190564 kB
MemTotal:        1844596 kB
MemFree:          237616 kB
MemAvailable:    1515456 kB
Buffers:          103740 kB
Cached:          1190564 kB
MemTotal:        1844596 kB
MemFree:          236556 kB
MemAvailable:    1514396 kB
Buffers:          103740 kB
Cached:          1190564 kB
MemTotal:        1844596 kB
MemFree:          236360 kB
MemAvailable:    1514200 kB
Buffers:          103740 kB
Cached:          1190564 kB
MemTotal:        1844596 kB
MemFree:          234704 kB
MemAvailable:    1512544 kB
Buffers:          103740 kB
Cached:          1190564 kB
MemTotal:        1844596 kB
MemFree:          232216 kB
MemAvailable:    1510056 kB
Buffers:          103740 kB
Cached:          1190564 kB
MemTotal:        1844596 kB
MemFree:          229852 kB
MemAvailable:    1507692 kB
Buffers:          103740 kB
Cached:          1190564 kB
MemTotal:        1844596 kB
MemFree:          229496 kB
MemAvailable:    1507336 kB
Buffers:          103740 kB
Cached:          1190564 kB
MemTotal:        1844596 kB
MemFree:          225396 kB
MemAvailable:    1503236 kB
Buffers:          103740 kB
Cached:          1190564 kB
MemTotal:        1844596 kB
MemFree:          228076 kB
MemAvailable:    1505916 kB
Buffers:          103740 kB
Cached:          1190564 kB
MemTotal:        1844596 kB
MemFree:          226624 kB
MemAvailable:    1504464 kB
Buffers:          103740 kB
Cached:          1190564 kB
MemTotal:        1844596 kB
MemFree:          226492 kB
MemAvailable:    1504332 kB
Buffers:          103740 kB
Cached:          1190564 kB
MemTotal:        1844596 kB
MemFree:          226492 kB
MemAvailable:    1504332 kB
Buffers:          103740 kB
Cached:          1190564 kB
MemTotal:        1844596 kB
MemFree:          227972 kB
MemAvailable:    1505812 kB
Buffers:          103740 kB
Cached:          1190564 kB
MemTotal:        1844596 kB
MemFree:          227868 kB
MemAvailable:    1505708 kB
Buffers:          103740 kB
Cached:          1190564 kB
MemTotal:        1844596 kB
MemFree:          227608 kB
MemAvailable:    1505448 kB
Buffers:          103740 kB
Cached:          1190564 kB
MemTotal:        1844596 kB
MemFree:          227496 kB
MemAvailable:    1505336 kB
Buffers:          103740 kB
Cached:          1190564 kB
MemTotal:        1844596 kB
MemFree:          227300 kB
MemAvailable:    1505140 kB
Buffers:          103740 kB
Cached:          1190564 kB
MemTotal:        1844596 kB
MemFree:          226000 kB
MemAvailable:    1503840 kB
Buffers:          103740 kB
Cached:          1190564 kB
MemTotal:        1844596 kB
MemFree:          226248 kB
MemAvailable:    1504088 kB
Buffers:          103740 kB
Cached:          1190564 kB
MemTotal:        1844596 kB
MemFree:          225760 kB
MemAvailable:    1503600 kB
Buffers:          103740 kB
Cached:          1190564 kB
MemTotal:        1844596 kB
MemFree:          226444 kB
MemAvailable:    1504284 kB
Buffers:          103740 kB
Cached:          1190564 kB
MemTotal:        1844596 kB
MemFree:          226436 kB
MemAvailable:    1504276 kB
Buffers:          103740 kB
Cached:          1190564 kB
MemTotal:        1844596 kB
MemFree:          225952 kB
MemAvailable:    1503792 kB
Buffers:          103740 kB
Cached:          1190564 kB
MemTotal:        1844596 kB
MemFree:          224908 kB
MemAvailable:    1502748 kB
Buffers:          103740 kB
Cached:          1190564 kB
MemTotal:        1844596 kB
MemFree:          225712 kB
MemAvailable:    1503552 kB
Buffers:          103740 kB
Cached:          1190564 kB
MemTotal:        1844596 kB
MemFree:          226048 kB
MemAvailable:    1503888 kB
Buffers:          103740 kB
Cached:          1190564 kB
MemTotal:        1844596 kB
MemFree:          225324 kB
MemAvailable:    1503164 kB
Buffers:          103740 kB
Cached:          1190564 kB
MemTotal:        1844596 kB
MemFree:          224892 kB
MemAvailable:    1502732 kB
Buffers:          103740 kB
Cached:          1190564 kB
MemTotal:        1844596 kB
MemFree:          224976 kB
MemAvailable:    1502816 kB
Buffers:          103740 kB
Cached:          1190564 kB
MemTotal:        1844596 kB
MemFree:          223488 kB
MemAvailable:    1501328 kB
Buffers:          103740 kB
Cached:          1190564 kB
MemTotal:        1844596 kB
MemFree:          223524 kB
MemAvailable:    1501364 kB
Buffers:          103740 kB
Cached:          1190564 kB
MemTotal:        1844596 kB
MemFree:          224716 kB
MemAvailable:    1502556 kB
Buffers:          103740 kB
Cached:          1190564 kB
MemTotal:        1844596 kB
MemFree:          224968 kB
MemAvailable:    1502808 kB
Buffers:          103740 kB
Cached:          1190564 kB
MemTotal:        1844596 kB
MemFree:          224664 kB
MemAvailable:    1502504 kB
Buffers:          103740 kB
Cached:          1190564 kB
MemTotal:        1844596 kB
MemFree:          223608 kB
MemAvailable:    1501448 kB
Buffers:          103740 kB
Cached:          1190564 kB
MemTotal:        1844596 kB
MemFree:          224016 kB
MemAvailable:    1501856 kB
Buffers:          103740 kB
Cached:          1190564 kB
MemTotal:        1844596 kB
MemFree:          224100 kB
MemAvailable:    1501940 kB
Buffers:          103740 kB
Cached:          1190564 kB
MemTotal:        1844596 kB
MemFree:          220436 kB
MemAvailable:    1498276 kB
Buffers:          103740 kB
Cached:          1190564 kB
MemTotal:        1844596 kB
MemFree:          219612 kB
MemAvailable:    1497452 kB
Buffers:          103740 kB
Cached:          1190564 kB
MemTotal:        1844596 kB
MemFree:          218452 kB
MemAvailable:    1496292 kB
Buffers:          103740 kB
Cached:          1190564 kB
MemTotal:        1844596 kB
MemFree:          219264 kB
MemAvailable:    1497108 kB
Buffers:          103740 kB
Cached:          1190568 kB
MemTotal:        1844596 kB
MemFree:          219516 kB
MemAvailable:    1497360 kB
Buffers:          103740 kB
Cached:          1190568 kB
MemTotal:        1844596 kB
MemFree:          219180 kB
MemAvailable:    1497024 kB
Buffers:          103740 kB
Cached:          1190568 kB
MemTotal:        1844596 kB
MemFree:          219264 kB
MemAvailable:    1497108 kB
Buffers:          103740 kB
Cached:          1190568 kB
MemTotal:        1844596 kB
MemFree:          219068 kB
MemAvailable:    1496912 kB
Buffers:          103740 kB
Cached:          1190568 kB
MemTotal:        1844596 kB
MemFree:          218060 kB
MemAvailable:    1495904 kB
Buffers:          103740 kB
Cached:          1190568 kB
MemTotal:        1844596 kB
MemFree:          218912 kB
MemAvailable:    1496756 kB
Buffers:          103740 kB
Cached:          1190568 kB
MemTotal:        1844596 kB
MemFree:          218996 kB
MemAvailable:    1496840 kB
Buffers:          103740 kB
Cached:          1190568 kB
MemTotal:        1844596 kB
MemFree:          218796 kB
MemAvailable:    1496640 kB
Buffers:          103740 kB
Cached:          1190568 kB
MemTotal:        1844596 kB
MemFree:          219048 kB
MemAvailable:    1496892 kB
Buffers:          103740 kB
Cached:          1190568 kB
MemTotal:        1844596 kB
MemFree:          218884 kB
MemAvailable:    1496728 kB
Buffers:          103740 kB
Cached:          1190568 kB
MemTotal:        1844596 kB
MemFree:          217584 kB
MemAvailable:    1495428 kB
Buffers:          103740 kB
Cached:          1190568 kB
MemTotal:        1844596 kB
MemFree:          218776 kB
MemAvailable:    1496620 kB
Buffers:          103740 kB
Cached:          1190568 kB
MemTotal:        1844596 kB
MemFree:          216780 kB
MemAvailable:    1494624 kB
Buffers:          103740 kB
Cached:          1190568 kB
MemTotal:        1844596 kB
MemFree:          212624 kB
MemAvailable:    1490468 kB
Buffers:          103740 kB
Cached:          1190568 kB
MemTotal:        1844596 kB
MemFree:          213172 kB
MemAvailable:    1491016 kB
Buffers:          103740 kB
Cached:          1190568 kB
MemTotal:        1844596 kB
MemFree:          211756 kB
MemAvailable:    1489600 kB
Buffers:          103740 kB
Cached:          1190568 kB
MemTotal:        1844596 kB
MemFree:          212864 kB
MemAvailable:    1490708 kB
Buffers:          103740 kB
Cached:          1190568 kB
MemTotal:        1844596 kB
MemFree:          211196 kB
MemAvailable:    1489040 kB
Buffers:          103740 kB
Cached:          1190568 kB
MemTotal:        1844596 kB
MemFree:          210376 kB
MemAvailable:    1488220 kB
Buffers:          103740 kB
Cached:          1190568 kB
MemTotal:        1844596 kB
MemFree:          210588 kB
MemAvailable:    1488432 kB
Buffers:          103740 kB
Cached:          1190568 kB
MemTotal:        1844596 kB
MemFree:          210312 kB
MemAvailable:    1488156 kB
Buffers:          103740 kB
Cached:          1190568 kB
MemTotal:        1844596 kB
MemFree:          210440 kB
MemAvailable:    1488284 kB
Buffers:          103740 kB
Cached:          1190568 kB
MemTotal:        1844596 kB
MemFree:          210068 kB
MemAvailable:    1487912 kB
Buffers:          103740 kB
Cached:          1190568 kB
MemTotal:        1844596 kB
MemFree:          209648 kB
MemAvailable:    1487492 kB
Buffers:          103740 kB
Cached:          1190568 kB
MemTotal:        1844596 kB
MemFree:          210132 kB
MemAvailable:    1487976 kB
Buffers:          103740 kB
Cached:          1190568 kB
MemTotal:        1844596 kB
MemFree:          210144 kB
MemAvailable:    1487988 kB
Buffers:          103740 kB
Cached:          1190568 kB
MemTotal:        1844596 kB
MemFree:          209400 kB
MemAvailable:    1487244 kB
Buffers:          103740 kB
Cached:          1190568 kB
MemTotal:        1844596 kB
MemFree:          210756 kB
MemAvailable:    1488600 kB
Buffers:          103740 kB
Cached:          1190568 kB
MemTotal:        1844596 kB
MemFree:          209408 kB
MemAvailable:    1487252 kB
Buffers:          103740 kB
Cached:          1190568 kB
MemTotal:        1844596 kB
MemFree:          210048 kB
MemAvailable:    1487892 kB
Buffers:          103740 kB
Cached:          1190568 kB
MemTotal:        1844596 kB
MemFree:          210048 kB
MemAvailable:    1487892 kB
Buffers:          103740 kB
Cached:          1190568 kB
MemTotal:        1844596 kB
MemFree:          208716 kB
MemAvailable:    1486560 kB
Buffers:          103740 kB
Cached:          1190568 kB
MemTotal:        1844596 kB
MemFree:          210148 kB
MemAvailable:    1487992 kB
Buffers:          103740 kB
Cached:          1190568 kB
MemTotal:        1844596 kB
MemFree:          208904 kB
MemAvailable:    1486748 kB
Buffers:          103740 kB
Cached:          1190568 kB
MemTotal:        1844596 kB
MemFree:          209800 kB
MemAvailable:    1487644 kB
Buffers:          103740 kB
Cached:          1190568 kB
MemTotal:        1844596 kB
MemFree:          209648 kB
MemAvailable:    1487492 kB
Buffers:          103740 kB
Cached:          1190568 kB
MemTotal:        1844596 kB
MemFree:          209936 kB
MemAvailable:    1487780 kB
Buffers:          103740 kB
Cached:          1190568 kB
MemTotal:        1844596 kB
MemFree:          209896 kB
MemAvailable:    1487740 kB
Buffers:          103740 kB
Cached:          1190568 kB
MemTotal:        1844596 kB
MemFree:          209160 kB
MemAvailable:    1487004 kB
Buffers:          103740 kB
Cached:          1190568 kB
MemTotal:        1844596 kB
MemFree:          208772 kB
MemAvailable:    1486616 kB
Buffers:          103740 kB
Cached:          1190568 kB
MemTotal:        1844596 kB
MemFree:          210136 kB
MemAvailable:    1487980 kB
Buffers:          103740 kB
Cached:          1190568 kB
MemTotal:        1844596 kB
MemFree:          206168 kB
MemAvailable:    1484012 kB
Buffers:          103740 kB
Cached:          1190568 kB
MemTotal:        1844596 kB
MemFree:          205672 kB
MemAvailable:    1483516 kB
Buffers:          103740 kB
Cached:          1190568 kB
MemTotal:        1844596 kB
MemFree:          202448 kB
MemAvailable:    1480292 kB
Buffers:          103740 kB
Cached:          1190568 kB
MemTotal:        1844596 kB
MemFree:          200340 kB
MemAvailable:    1478184 kB
Buffers:          103740 kB
Cached:          1190568 kB
MemTotal:        1844596 kB
MemFree:          200720 kB
MemAvailable:    1478564 kB
Buffers:          103740 kB
Cached:          1190568 kB
MemTotal:        1844596 kB
MemFree:          201504 kB
MemAvailable:    1479348 kB
Buffers:          103740 kB
Cached:          1190568 kB
MemTotal:        1844596 kB
MemFree:          201264 kB
MemAvailable:    1479112 kB
Buffers:          103740 kB
Cached:          1190572 kB
MemTotal:        1844596 kB
MemFree:          200544 kB
MemAvailable:    1478392 kB
Buffers:          103740 kB
Cached:          1190572 kB
MemTotal:        1844596 kB
MemFree:          200828 kB
MemAvailable:    1478680 kB
Buffers:          103740 kB
Cached:          1190576 kB
MemTotal:        1844596 kB
MemFree:          201164 kB
MemAvailable:    1479016 kB
Buffers:          103740 kB
Cached:          1190576 kB
MemTotal:        1844596 kB
MemFree:          201224 kB
MemAvailable:    1479076 kB
Buffers:          103740 kB
Cached:          1190576 kB
MemTotal:        1844596 kB
MemFree:          199800 kB
MemAvailable:    1477652 kB
Buffers:          103740 kB
Cached:          1190576 kB
MemTotal:        1844596 kB
MemFree:          200048 kB
MemAvailable:    1477900 kB
Buffers:          103740 kB
Cached:          1190576 kB
MemTotal:        1844596 kB
MemFree:          199916 kB
MemAvailable:    1477768 kB
Buffers:          103740 kB
Cached:          1190576 kB
MemTotal:        1844596 kB
MemFree:          201156 kB
MemAvailable:    1479008 kB
Buffers:          103740 kB
Cached:          1190576 kB
MemTotal:        1844596 kB
MemFree:          201128 kB
MemAvailable:    1478980 kB
Buffers:          103740 kB
Cached:          1190576 kB
MemTotal:        1844596 kB
MemFree:          200080 kB
MemAvailable:    1477932 kB
Buffers:          103740 kB
Cached:          1190576 kB
MemTotal:        1844596 kB
MemFree:          199928 kB
MemAvailable:    1477780 kB
Buffers:          103740 kB
Cached:          1190576 kB
MemTotal:        1844596 kB
MemFree:          200100 kB
MemAvailable:    1477952 kB
Buffers:          103740 kB
Cached:          1190576 kB
MemTotal:        1844596 kB
MemFree:          201104 kB
MemAvailable:    1478956 kB
Buffers:          103740 kB
Cached:          1190576 kB
MemTotal:        1844596 kB
MemFree:          200480 kB
MemAvailable:    1478332 kB
Buffers:          103740 kB
Cached:          1190576 kB
MemTotal:        1844596 kB
MemFree:          200996 kB
MemAvailable:    1478848 kB
Buffers:          103740 kB
Cached:          1190576 kB
MemTotal:        1844596 kB
MemFree:          201332 kB
MemAvailable:    1479184 kB
Buffers:          103740 kB
Cached:          1190576 kB
MemTotal:        1844596 kB
MemFree:          201204 kB
MemAvailable:    1479056 kB
Buffers:          103740 kB
Cached:          1190576 kB
MemTotal:        1844596 kB
MemFree:          201092 kB
MemAvailable:    1478944 kB
Buffers:          103740 kB
Cached:          1190576 kB
MemTotal:        1844596 kB
MemFree:          201152 kB
MemAvailable:    1479004 kB
Buffers:          103740 kB
Cached:          1190576 kB
MemTotal:        1844596 kB
MemFree:          201152 kB
MemAvailable:    1479004 kB
Buffers:          103740 kB
Cached:          1190576 kB
MemTotal:        1844596 kB
MemFree:          199928 kB
MemAvailable:    1477780 kB
Buffers:          103740 kB
Cached:          1190576 kB
MemTotal:        1844596 kB
MemFree:          199804 kB
MemAvailable:    1477656 kB
Buffers:          103740 kB
Cached:          1190576 kB
MemTotal:        1844596 kB
MemFree:          200904 kB
MemAvailable:    1478756 kB
Buffers:          103740 kB
Cached:          1190576 kB
MemTotal:        1844596 kB
MemFree:          201160 kB
MemAvailable:    1479012 kB
Buffers:          103740 kB
Cached:          1190576 kB
MemTotal:        1844596 kB
MemFree:          201120 kB
MemAvailable:    1478972 kB
Buffers:          103740 kB
Cached:          1190576 kB
MemTotal:        1844596 kB
MemFree:          201216 kB
MemAvailable:    1479068 kB
Buffers:          103740 kB
Cached:          1190576 kB
MemTotal:        1844596 kB
MemFree:          201088 kB
MemAvailable:    1478940 kB
Buffers:          103740 kB
Cached:          1190576 kB
MemTotal:        1844596 kB
MemFree:          200040 kB
MemAvailable:    1477892 kB
Buffers:          103740 kB
Cached:          1190576 kB
MemTotal:        1844596 kB
MemFree:          199944 kB
MemAvailable:    1477796 kB
Buffers:          103740 kB
Cached:          1190576 kB
MemTotal:        1844596 kB
MemFree:          201080 kB
MemAvailable:    1478932 kB
Buffers:          103740 kB
Cached:          1190576 kB
MemTotal:        1844596 kB
MemFree:          200480 kB
MemAvailable:    1478332 kB
Buffers:          103740 kB
Cached:          1190576 kB
MemTotal:        1844596 kB
MemFree:          200912 kB
MemAvailable:    1478768 kB
Buffers:          103740 kB
Cached:          1190580 kB
MemTotal:        1844596 kB
MemFree:          200912 kB
MemAvailable:    1478768 kB
Buffers:          103740 kB
Cached:          1190580 kB
MemTotal:        1844596 kB
MemFree:          196256 kB
MemAvailable:    1474112 kB
Buffers:          103740 kB
Cached:          1190580 kB
MemTotal:        1844596 kB
MemFree:          193952 kB
MemAvailable:    1471808 kB
Buffers:          103740 kB
Cached:          1190580 kB
MemTotal:        1844596 kB
MemFree:          190736 kB
MemAvailable:    1468592 kB
Buffers:          103740 kB
Cached:          1190580 kB
MemTotal:        1844596 kB
MemFree:          189428 kB
MemAvailable:    1467284 kB
Buffers:          103740 kB
Cached:          1190580 kB
MemTotal:        1844596 kB
MemFree:          189312 kB
MemAvailable:    1467168 kB
Buffers:          103740 kB
Cached:          1190580 kB
MemTotal:        1844596 kB
MemFree:          190288 kB
MemAvailable:    1468144 kB
Buffers:          103740 kB
Cached:          1190580 kB
MemTotal:        1844596 kB
MemFree:          190624 kB
MemAvailable:    1468480 kB
Buffers:          103740 kB
Cached:          1190580 kB
MemTotal:        1844596 kB
MemFree:          190380 kB
MemAvailable:    1468236 kB
Buffers:          103740 kB
Cached:          1190580 kB
MemTotal:        1844596 kB
MemFree:          190276 kB
MemAvailable:    1468132 kB
Buffers:          103740 kB
Cached:          1190580 kB
MemTotal:        1844596 kB
MemFree:          190528 kB
MemAvailable:    1468384 kB
Buffers:          103740 kB
Cached:          1190580 kB
MemTotal:        1844596 kB
MemFree:          190296 kB
MemAvailable:    1468152 kB
Buffers:          103740 kB
Cached:          1190580 kB
MemTotal:        1844596 kB
MemFree:          190340 kB
MemAvailable:    1468196 kB
Buffers:          103740 kB
Cached:          1190580 kB
MemTotal:        1844596 kB
MemFree:          190292 kB
MemAvailable:    1468148 kB
Buffers:          103740 kB
Cached:          1190580 kB
MemTotal:        1844596 kB
MemFree:          190372 kB
MemAvailable:    1468228 kB
Buffers:          103740 kB
Cached:          1190580 kB
MemTotal:        1844596 kB
MemFree:          189144 kB
MemAvailable:    1467000 kB
Buffers:          103740 kB
Cached:          1190580 kB
MemTotal:        1844596 kB
MemFree:          190324 kB
MemAvailable:    1468180 kB
Buffers:          103740 kB
Cached:          1190580 kB
MemTotal:        1844596 kB
MemFree:          189016 kB
MemAvailable:    1466872 kB
Buffers:          103740 kB
Cached:          1190580 kB
MemTotal:        1844596 kB
MemFree:          190164 kB
MemAvailable:    1468020 kB
Buffers:          103740 kB
Cached:          1190580 kB
MemTotal:        1844596 kB
MemFree:          190416 kB
MemAvailable:    1468272 kB
Buffers:          103740 kB
Cached:          1190580 kB
MemTotal:        1844596 kB
MemFree:          190292 kB
MemAvailable:    1468148 kB
Buffers:          103740 kB
Cached:          1190580 kB
MemTotal:        1844596 kB
MemFree:          190304 kB
MemAvailable:    1468160 kB
Buffers:          103740 kB
Cached:          1190580 kB
MemTotal:        1844596 kB
MemFree:          189560 kB
MemAvailable:    1467416 kB
Buffers:          103740 kB
Cached:          1190580 kB
MemTotal:        1844596 kB
MemFree:          190736 kB
MemAvailable:    1468592 kB
Buffers:          103740 kB
Cached:          1190580 kB
MemTotal:        1844596 kB
MemFree:          189436 kB
MemAvailable:    1467292 kB
Buffers:          103740 kB
Cached:          1190580 kB
MemTotal:        1844596 kB
MemFree:          189428 kB
MemAvailable:    1467284 kB
Buffers:          103740 kB
Cached:          1190580 kB
MemTotal:        1844596 kB
MemFree:          189304 kB
MemAvailable:    1467160 kB
Buffers:          103740 kB
Cached:          1190580 kB
MemTotal:        1844596 kB
MemFree:          189172 kB
MemAvailable:    1467028 kB
Buffers:          103740 kB
Cached:          1190580 kB
MemTotal:        1844596 kB
MemFree:          189172 kB
MemAvailable:    1467028 kB
Buffers:          103740 kB
Cached:          1190580 kB
MemTotal:        1844596 kB
MemFree:          189436 kB
MemAvailable:    1467292 kB
Buffers:          103740 kB
Cached:          1190580 kB
MemTotal:        1844596 kB
MemFree:          190020 kB
MemAvailable:    1467876 kB
Buffers:          103740 kB
Cached:          1190580 kB
MemTotal:        1844596 kB
MemFree:          190356 kB
MemAvailable:    1468212 kB
Buffers:          103740 kB
Cached:          1190580 kB
MemTotal:        1844596 kB
MemFree:          190148 kB
MemAvailable:    1468004 kB
Buffers:          103740 kB
Cached:          1190580 kB
MemTotal:        1844596 kB
MemFree:          190400 kB
MemAvailable:    1468256 kB
Buffers:          103740 kB
Cached:          1190580 kB
MemTotal:        1844596 kB
MemFree:          190492 kB
MemAvailable:    1468348 kB
Buffers:          103740 kB
Cached:          1190580 kB
MemTotal:        1844596 kB
MemFree:          190208 kB
MemAvailable:    1468064 kB
Buffers:          103740 kB
Cached:          1190580 kB
MemTotal:        1844596 kB
MemFree:          190380 kB
MemAvailable:    1468236 kB
Buffers:          103740 kB
Cached:          1190580 kB
MemTotal:        1844596 kB
MemFree:          190152 kB
MemAvailable:    1468008 kB
Buffers:          103740 kB
Cached:          1190580 kB
MemTotal:        1844596 kB
MemFree:          188928 kB
MemAvailable:    1466784 kB
Buffers:          103740 kB
Cached:          1190580 kB
MemTotal:        1844596 kB
MemFree:          190480 kB
MemAvailable:    1468336 kB
Buffers:          103740 kB
Cached:          1190580 kB
MemTotal:        1844596 kB
MemFree:          188920 kB
MemAvailable:    1466776 kB
Buffers:          103740 kB
Cached:          1190580 kB
MemTotal:        1844596 kB
MemFree:          189292 kB
MemAvailable:    1467148 kB
Buffers:          103740 kB
Cached:          1190580 kB
MemTotal:        1844596 kB
MemFree:          189064 kB
MemAvailable:    1466924 kB
Buffers:          103740 kB
Cached:          1190584 kB
MemTotal:        1844596 kB
MemFree:          190016 kB
MemAvailable:    1467876 kB
Buffers:          103740 kB
Cached:          1190584 kB
MemTotal:        1844596 kB
MemFree:          189064 kB
MemAvailable:    1466924 kB
Buffers:          103740 kB
Cached:          1190584 kB
MemTotal:        1844596 kB
MemFree:          189140 kB
MemAvailable:    1467000 kB
Buffers:          103740 kB
Cached:          1190584 kB
MemTotal:        1844596 kB
MemFree:          189016 kB
MemAvailable:    1466876 kB
Buffers:          103740 kB
Cached:          1190584 kB
MemTotal:        1844596 kB
MemFree:          189052 kB
MemAvailable:    1466912 kB
Buffers:          103740 kB
Cached:          1190584 kB
MemTotal:        1844596 kB
MemFree:          190304 kB
MemAvailable:    1468164 kB
Buffers:          103740 kB
Cached:          1190584 kB
MemTotal:        1844596 kB
MemFree:          189900 kB
MemAvailable:    1467760 kB
Buffers:          103740 kB
Cached:          1190584 kB
MemTotal:        1844596 kB
MemFree:          190236 kB
MemAvailable:    1468096 kB
Buffers:          103740 kB
Cached:          1190584 kB
MemTotal:        1844596 kB
MemFree:          189296 kB
MemAvailable:    1467156 kB
Buffers:          103740 kB
Cached:          1190584 kB
MemTotal:        1844596 kB
MemFree:          188196 kB
MemAvailable:    1466056 kB
Buffers:          103740 kB
Cached:          1190584 kB
MemTotal:        1844596 kB
MemFree:          189248 kB
MemAvailable:    1467108 kB
Buffers:          103740 kB
Cached:          1190584 kB
MemTotal:        1844596 kB
MemFree:          189036 kB
MemAvailable:    1466896 kB
Buffers:          103740 kB
Cached:          1190584 kB
MemTotal:        1844596 kB
MemFree:          189372 kB
MemAvailable:    1467232 kB
Buffers:          103740 kB
Cached:          1190584 kB
MemTotal:        1844596 kB
MemFree:          188052 kB
MemAvailable:    1465912 kB
Buffers:          103740 kB
Cached:          1190584 kB
MemTotal:        1844596 kB
MemFree:          189036 kB
MemAvailable:    1466896 kB
Buffers:          103740 kB
Cached:          1190584 kB
MemTotal:        1844596 kB
MemFree:          188452 kB
MemAvailable:    1466312 kB
Buffers:          103740 kB
Cached:          1190584 kB
MemTotal:        1844596 kB
MemFree:          188944 kB
MemAvailable:    1466804 kB
Buffers:          103740 kB
Cached:          1190584 kB
MemTotal:        1844596 kB
MemFree:          187892 kB
MemAvailable:    1465752 kB
Buffers:          103740 kB
Cached:          1190584 kB
MemTotal:        1844596 kB
MemFree:          187644 kB
MemAvailable:    1465504 kB
Buffers:          103740 kB
Cached:          1190584 kB
MemTotal:        1844596 kB
MemFree:          188800 kB
MemAvailable:    1466660 kB
Buffers:          103740 kB
Cached:          1190584 kB
MemTotal:        1844596 kB
MemFree:          188640 kB
MemAvailable:    1466500 kB
Buffers:          103740 kB
Cached:          1190584 kB
MemTotal:        1844596 kB
MemFree:          188196 kB
MemAvailable:    1466056 kB
Buffers:          103740 kB
Cached:          1190584 kB
MemTotal:        1844596 kB
MemFree:          187272 kB
MemAvailable:    1465132 kB
Buffers:          103740 kB
Cached:          1190584 kB
MemTotal:        1844596 kB
MemFree:          188504 kB
MemAvailable:    1466364 kB
Buffers:          103740 kB
Cached:          1190584 kB
MemTotal:        1844596 kB
MemFree:          188760 kB
MemAvailable:    1466620 kB
Buffers:          103740 kB
Cached:          1190584 kB
MemTotal:        1844596 kB
MemFree:          188492 kB
MemAvailable:    1466352 kB
Buffers:          103740 kB
Cached:          1190584 kB
MemTotal:        1844596 kB
MemFree:          188492 kB
MemAvailable:    1466352 kB
Buffers:          103740 kB
Cached:          1190584 kB
MemTotal:        1844596 kB
MemFree:          188540 kB
MemAvailable:    1466400 kB
Buffers:          103740 kB
Cached:          1190584 kB
MemTotal:        1844596 kB
MemFree:          188020 kB
MemAvailable:    1465880 kB
Buffers:          103740 kB
Cached:          1190584 kB
MemTotal:        1844596 kB
MemFree:          187152 kB
MemAvailable:    1465012 kB
Buffers:          103740 kB
Cached:          1190584 kB
MemTotal:        1844596 kB
MemFree:          187276 kB
MemAvailable:    1465136 kB
Buffers:          103740 kB
Cached:          1190584 kB
MemTotal:        1844596 kB
MemFree:          187524 kB
MemAvailable:    1465384 kB
Buffers:          103740 kB
Cached:          1190584 kB
MemTotal:        1844596 kB
MemFree:          188700 kB
MemAvailable:    1466560 kB
Buffers:          103740 kB
Cached:          1190584 kB
MemTotal:        1844596 kB
MemFree:          185832 kB
MemAvailable:    1463692 kB
Buffers:          103740 kB
Cached:          1190584 kB
MemTotal:        1844596 kB
MemFree:          181624 kB
MemAvailable:    1459484 kB
Buffers:          103740 kB
Cached:          1190584 kB
MemTotal:        1844596 kB
MemFree:          177408 kB
MemAvailable:    1455268 kB
Buffers:          103740 kB
Cached:          1190584 kB
MemTotal:        1844596 kB
MemFree:          176664 kB
MemAvailable:    1454524 kB
Buffers:          103740 kB
Cached:          1190584 kB
MemTotal:        1844596 kB
MemFree:          177400 kB
MemAvailable:    1455260 kB
Buffers:          103740 kB
Cached:          1190584 kB
MemTotal:        1844596 kB
MemFree:          177484 kB
MemAvailable:    1455344 kB
Buffers:          103740 kB
Cached:          1190584 kB
MemTotal:        1844596 kB
MemFree:          175912 kB
MemAvailable:    1453772 kB
Buffers:          103740 kB
Cached:          1190584 kB
MemTotal:        1844596 kB
MemFree:          175656 kB
MemAvailable:    1453516 kB
Buffers:          103740 kB
Cached:          1190584 kB
MemTotal:        1844596 kB
MemFree:          176524 kB
MemAvailable:    1454384 kB
Buffers:          103740 kB
Cached:          1190584 kB
MemTotal:        1844596 kB
MemFree:          176524 kB
MemAvailable:    1454384 kB
Buffers:          103740 kB
Cached:          1190584 kB
MemTotal:        1844596 kB
MemFree:          176220 kB
MemAvailable:    1454080 kB
Buffers:          103740 kB
Cached:          1190584 kB
MemTotal:        1844596 kB
MemFree:          175160 kB
MemAvailable:    1453020 kB
Buffers:          103740 kB
Cached:          1190584 kB
MemTotal:        1844596 kB
MemFree:          174688 kB
MemAvailable:    1452548 kB
Buffers:          103740 kB
Cached:          1190584 kB
MemTotal:        1844596 kB
MemFree:          174608 kB
MemAvailable:    1452468 kB
Buffers:          103740 kB
Cached:          1190584 kB
MemTotal:        1844596 kB
MemFree:          172572 kB
MemAvailable:    1450432 kB
Buffers:          103740 kB
Cached:          1190584 kB
MemTotal:        1844596 kB
MemFree:          172572 kB
MemAvailable:    1450432 kB
Buffers:          103740 kB
Cached:          1190584 kB
MemTotal:        1844596 kB
MemFree:          172448 kB
MemAvailable:    1450308 kB
Buffers:          103740 kB
Cached:          1190584 kB
MemTotal:        1844596 kB
MemFree:          173492 kB
MemAvailable:    1451352 kB
Buffers:          103740 kB
Cached:          1190584 kB
MemTotal:        1844596 kB
MemFree:          173412 kB
MemAvailable:    1451272 kB
Buffers:          103740 kB
Cached:          1190584 kB
MemTotal:        1844596 kB
MemFree:          173664 kB
MemAvailable:    1451524 kB
Buffers:          103740 kB
Cached:          1190584 kB
MemTotal:        1844596 kB
MemFree:          173244 kB
MemAvailable:    1451104 kB
Buffers:          103740 kB
Cached:          1190584 kB
MemTotal:        1844596 kB
MemFree:          173580 kB
MemAvailable:    1451440 kB
Buffers:          103740 kB
Cached:          1190584 kB
MemTotal:        1844596 kB
MemFree:          173504 kB
MemAvailable:    1451364 kB
Buffers:          103740 kB
Cached:          1190584 kB
MemTotal:        1844596 kB
MemFree:          173476 kB
MemAvailable:    1451336 kB
Buffers:          103740 kB
Cached:          1190584 kB
MemTotal:        1844596 kB
MemFree:          173500 kB
MemAvailable:    1451360 kB
Buffers:          103740 kB
Cached:          1190584 kB
MemTotal:        1844596 kB
MemFree:          172820 kB
MemAvailable:    1450680 kB
Buffers:          103740 kB
Cached:          1190584 kB
MemTotal:        1844596 kB
MemFree:          173812 kB
MemAvailable:    1451680 kB
Buffers:          103740 kB
Cached:          1190588 kB
MemTotal:        1844596 kB
MemFree:          172572 kB
MemAvailable:    1450440 kB
Buffers:          103740 kB
Cached:          1190588 kB
MemTotal:        1844596 kB
MemFree:          173060 kB
MemAvailable:    1450928 kB
Buffers:          103740 kB
Cached:          1190588 kB
MemTotal:        1844596 kB
MemFree:          171960 kB
MemAvailable:    1449828 kB
Buffers:          103740 kB
Cached:          1190588 kB
MemTotal:        1844596 kB
MemFree:          172524 kB
MemAvailable:    1450392 kB
Buffers:          103740 kB
Cached:          1190588 kB
MemTotal:        1844596 kB
MemFree:          171012 kB
MemAvailable:    1448880 kB
Buffers:          103740 kB
Cached:          1190588 kB
MemTotal:        1844596 kB
MemFree:          171640 kB
MemAvailable:    1449508 kB
Buffers:          103744 kB
Cached:          1190584 kB
MemTotal:        1844596 kB
MemFree:          170208 kB
MemAvailable:    1448076 kB
Buffers:          103744 kB
Cached:          1190584 kB
MemTotal:        1844596 kB
MemFree:          170332 kB
MemAvailable:    1448200 kB
Buffers:          103744 kB
Cached:          1190584 kB
MemTotal:        1844596 kB
MemFree:          171084 kB
MemAvailable:    1448952 kB
Buffers:          103744 kB
Cached:          1190584 kB
MemTotal:        1844596 kB
MemFree:          170880 kB
MemAvailable:    1448748 kB
Buffers:          103744 kB
Cached:          1190584 kB
MemTotal:        1844596 kB
MemFree:          169720 kB
MemAvailable:    1447588 kB
Buffers:          103744 kB
Cached:          1190584 kB
MemTotal:        1844596 kB
MemFree:          169828 kB
MemAvailable:    1447708 kB
Buffers:          103744 kB
Cached:          1190596 kB
MemTotal:        1844596 kB
MemFree:          169996 kB
MemAvailable:    1447876 kB
Buffers:          103744 kB
Cached:          1190596 kB
MemTotal:        1844596 kB
MemFree:          168852 kB
MemAvailable:    1446732 kB
Buffers:          103744 kB
Cached:          1190596 kB
MemTotal:        1844596 kB
MemFree:          168844 kB
MemAvailable:    1446724 kB
Buffers:          103744 kB
Cached:          1190596 kB
MemTotal:        1844596 kB
MemFree:          168364 kB
MemAvailable:    1446244 kB
Buffers:          103744 kB
Cached:          1190596 kB
MemTotal:        1844596 kB
MemFree:          169564 kB
MemAvailable:    1447444 kB
Buffers:          103744 kB
Cached:          1190596 kB
MemTotal:        1844596 kB
MemFree:          169416 kB
MemAvailable:    1447296 kB
Buffers:          103744 kB
Cached:          1190596 kB
MemTotal:        1844596 kB
MemFree:          169368 kB
MemAvailable:    1447248 kB
Buffers:          103744 kB
Cached:          1190596 kB
MemTotal:        1844596 kB
MemFree:          168188 kB
MemAvailable:    1446068 kB
Buffers:          103744 kB
Cached:          1190596 kB
MemTotal:        1844596 kB
MemFree:          169420 kB
MemAvailable:    1447300 kB
Buffers:          103744 kB
Cached:          1190596 kB
MemTotal:        1844596 kB
MemFree:          169200 kB
MemAvailable:    1447080 kB
Buffers:          103744 kB
Cached:          1190596 kB
MemTotal:        1844596 kB
MemFree:          169284 kB
MemAvailable:    1447164 kB
Buffers:          103744 kB
Cached:          1190596 kB
MemTotal:        1844596 kB
MemFree:          168228 kB
MemAvailable:    1446108 kB
Buffers:          103744 kB
Cached:          1190596 kB
MemTotal:        1844596 kB
MemFree:          168344 kB
MemAvailable:    1446224 kB
Buffers:          103744 kB
Cached:          1190596 kB
MemTotal:        1844596 kB
MemFree:          169396 kB
MemAvailable:    1447276 kB
Buffers:          103744 kB
Cached:          1190596 kB
MemTotal:        1844596 kB
MemFree:          167964 kB
MemAvailable:    1445844 kB
Buffers:          103744 kB
Cached:          1190596 kB
MemTotal:        1844596 kB
MemFree:          169264 kB
MemAvailable:    1447144 kB
Buffers:          103744 kB
Cached:          1190596 kB
MemTotal:        1844596 kB
MemFree:          169092 kB
MemAvailable:    1446972 kB
Buffers:          103744 kB
Cached:          1190596 kB
MemTotal:        1844596 kB
MemFree:          169012 kB
MemAvailable:    1446892 kB
Buffers:          103744 kB
Cached:          1190596 kB
MemTotal:        1844596 kB
MemFree:          169348 kB
MemAvailable:    1447228 kB
Buffers:          103744 kB
Cached:          1190596 kB
MemTotal:        1844596 kB
MemFree:          169088 kB
MemAvailable:    1446968 kB
Buffers:          103744 kB
Cached:          1190596 kB
MemTotal:        1844596 kB
MemFree:          168992 kB
MemAvailable:    1446872 kB
Buffers:          103744 kB
Cached:          1190596 kB
MemTotal:        1844596 kB
MemFree:          167820 kB
MemAvailable:    1445700 kB
Buffers:          103744 kB
Cached:          1190596 kB
MemTotal:        1844596 kB
MemFree:          168364 kB
MemAvailable:    1446244 kB
Buffers:          103744 kB
Cached:          1190596 kB
MemTotal:        1844596 kB
MemFree:          168916 kB
MemAvailable:    1446796 kB
Buffers:          103744 kB
Cached:          1190596 kB
MemTotal:        1844596 kB
MemFree:          169252 kB
MemAvailable:    1447132 kB
Buffers:          103744 kB
Cached:          1190596 kB
MemTotal:        1844596 kB
MemFree:          167852 kB
MemAvailable:    1445732 kB
Buffers:          103744 kB
Cached:          1190596 kB
MemTotal:        1844596 kB
MemFree:          169044 kB
MemAvailable:    1446924 kB
Buffers:          103744 kB
Cached:          1190596 kB
MemTotal:        1844596 kB
MemFree:          168968 kB
MemAvailable:    1446848 kB
Buffers:          103744 kB
Cached:          1190596 kB
MemTotal:        1844596 kB
MemFree:          168968 kB
MemAvailable:    1446848 kB
Buffers:          103744 kB
Cached:          1190596 kB
MemTotal:        1844596 kB
MemFree:          168044 kB
MemAvailable:    1445924 kB
Buffers:          103744 kB
Cached:          1190596 kB
MemTotal:        1844596 kB
MemFree:          166744 kB
MemAvailable:    1444624 kB
Buffers:          103744 kB
Cached:          1190596 kB
MemTotal:        1844596 kB
MemFree:          167604 kB
MemAvailable:    1445484 kB
Buffers:          103744 kB
Cached:          1190596 kB
MemTotal:        1844596 kB
MemFree:          167688 kB
MemAvailable:    1445568 kB
Buffers:          103744 kB
Cached:          1190596 kB
MemTotal:        1844596 kB
MemFree:          166628 kB
MemAvailable:    1444508 kB
Buffers:          103744 kB
Cached:          1190596 kB
MemTotal:        1844596 kB
MemFree:          164396 kB
MemAvailable:    1442276 kB
Buffers:          103744 kB
Cached:          1190596 kB
MemTotal:        1844596 kB
MemFree:          164148 kB
MemAvailable:    1442028 kB
Buffers:          103744 kB
Cached:          1190596 kB
MemTotal:        1844596 kB
MemFree:          157932 kB
MemAvailable:    1435812 kB
Buffers:          103744 kB
Cached:          1190596 kB
MemTotal:        1844596 kB
MemFree:          158020 kB
MemAvailable:    1435900 kB
Buffers:          103744 kB
Cached:          1190596 kB
MemTotal:        1844596 kB
MemFree:          153536 kB
MemAvailable:    1431416 kB
Buffers:          103744 kB
Cached:          1190596 kB
MemTotal:        1844596 kB
MemFree:          150640 kB
MemAvailable:    1428520 kB
Buffers:          103744 kB
Cached:          1190596 kB
MemTotal:        1844596 kB
MemFree:          150756 kB
MemAvailable:    1428640 kB
Buffers:          103744 kB
Cached:          1190600 kB
MemTotal:        1844596 kB
MemFree:          150616 kB
MemAvailable:    1428500 kB
Buffers:          103744 kB
Cached:          1190600 kB
MemTotal:        1844596 kB
MemFree:          150868 kB
MemAvailable:    1428752 kB
Buffers:          103744 kB
Cached:          1190600 kB
MemTotal:        1844596 kB
MemFree:          150744 kB
MemAvailable:    1428628 kB
Buffers:          103744 kB
Cached:          1190600 kB
MemTotal:        1844596 kB
MemFree:          150632 kB
MemAvailable:    1428516 kB
Buffers:          103744 kB
Cached:          1190600 kB
MemTotal:        1844596 kB
MemFree:          149516 kB
MemAvailable:    1427400 kB
Buffers:          103744 kB
Cached:          1190600 kB
MemTotal:        1844596 kB
MemFree:          150376 kB
MemAvailable:    1428260 kB
Buffers:          103744 kB
Cached:          1190600 kB
MemTotal:        1844596 kB
MemFree:          150568 kB
MemAvailable:    1428452 kB
Buffers:          103744 kB
Cached:          1190600 kB
MemTotal:        1844596 kB
MemFree:          150368 kB
MemAvailable:    1428252 kB
Buffers:          103744 kB
Cached:          1190600 kB
MemTotal:        1844596 kB
MemFree:          150368 kB
MemAvailable:    1428252 kB
Buffers:          103744 kB
Cached:          1190600 kB
MemTotal:        1844596 kB
MemFree:          150368 kB
MemAvailable:    1428252 kB
Buffers:          103744 kB
Cached:          1190600 kB
MemTotal:        1844596 kB
MemFree:          150508 kB
MemAvailable:    1428392 kB
Buffers:          103744 kB
Cached:          1190600 kB
MemTotal:        1844596 kB
MemFree:          150496 kB
MemAvailable:    1428380 kB
Buffers:          103744 kB
Cached:          1190600 kB
MemTotal:        1844596 kB
MemFree:          150300 kB
MemAvailable:    1428184 kB
Buffers:          103744 kB
Cached:          1190600 kB
MemTotal:        1844596 kB
MemFree:          148780 kB
MemAvailable:    1426664 kB
Buffers:          103744 kB
Cached:          1190600 kB
MemTotal:        1844596 kB
MemFree:          149376 kB
MemAvailable:    1427260 kB
Buffers:          103744 kB
Cached:          1190600 kB
MemTotal:        1844596 kB
MemFree:          149712 kB
MemAvailable:    1427596 kB
Buffers:          103744 kB
Cached:          1190600 kB
MemTotal:        1844596 kB
MemFree:          148352 kB
MemAvailable:    1426236 kB
Buffers:          103744 kB
Cached:          1190600 kB
MemTotal:        1844596 kB
MemFree:          149600 kB
MemAvailable:    1427484 kB
Buffers:          103744 kB
Cached:          1190600 kB
MemTotal:        1844596 kB
MemFree:          148772 kB
MemAvailable:    1426656 kB
Buffers:          103744 kB
Cached:          1190600 kB
MemTotal:        1844596 kB
MemFree:          149972 kB
MemAvailable:    1427860 kB
Buffers:          103744 kB
Cached:          1190604 kB
MemTotal:        1844596 kB
MemFree:          148640 kB
MemAvailable:    1426528 kB
Buffers:          103744 kB
Cached:          1190604 kB
MemTotal:        1844596 kB
MemFree:          149932 kB
MemAvailable:    1427820 kB
Buffers:          103744 kB
Cached:          1190604 kB
MemTotal:        1844596 kB
MemFree:          148772 kB
MemAvailable:    1426660 kB
Buffers:          103744 kB
Cached:          1190604 kB
MemTotal:        1844596 kB
MemFree:          149808 kB
MemAvailable:    1427696 kB
Buffers:          103744 kB
Cached:          1190604 kB
MemTotal:        1844596 kB
MemFree:          148648 kB
MemAvailable:    1426536 kB
Buffers:          103744 kB
Cached:          1190604 kB
MemTotal:        1844596 kB
MemFree:          149336 kB
MemAvailable:    1427224 kB
Buffers:          103744 kB
Cached:          1190604 kB
MemTotal:        1844596 kB
MemFree:          149672 kB
MemAvailable:    1427560 kB
Buffers:          103744 kB
Cached:          1190604 kB
MemTotal:        1844596 kB
MemFree:          149460 kB
MemAvailable:    1427348 kB
Buffers:          103744 kB
Cached:          1190604 kB
MemTotal:        1844596 kB
MemFree:          149716 kB
MemAvailable:    1427604 kB
Buffers:          103744 kB
Cached:          1190604 kB
MemTotal:        1844596 kB
MemFree:          148256 kB
MemAvailable:    1426144 kB
Buffers:          103744 kB
Cached:          1190604 kB
MemTotal:        1844596 kB
MemFree:          148512 kB
MemAvailable:    1426400 kB
Buffers:          103744 kB
Cached:          1190604 kB
MemTotal:        1844596 kB
MemFree:          149516 kB
MemAvailable:    1427404 kB
Buffers:          103744 kB
Cached:          1190604 kB
MemTotal:        1844596 kB
MemFree:          148772 kB
MemAvailable:    1426660 kB
Buffers:          103744 kB
Cached:          1190604 kB
MemTotal:        1844596 kB
MemFree:          149364 kB
MemAvailable:    1427252 kB
Buffers:          103744 kB
Cached:          1190604 kB
MemTotal:        1844596 kB
MemFree:          149700 kB
MemAvailable:    1427588 kB
Buffers:          103744 kB
Cached:          1190604 kB
MemTotal:        1844596 kB
MemFree:          147728 kB
MemAvailable:    1425616 kB
Buffers:          103744 kB
Cached:          1190604 kB
MemTotal:        1844596 kB
MemFree:          145292 kB
MemAvailable:    1423180 kB
Buffers:          103744 kB
Cached:          1190604 kB
MemTotal:        1844596 kB
MemFree:          140208 kB
MemAvailable:    1418096 kB
Buffers:          103744 kB
Cached:          1190604 kB
MemTotal:        1844596 kB
MemFree:          139348 kB
MemAvailable:    1417236 kB
Buffers:          103744 kB
Cached:          1190604 kB
MemTotal:        1844596 kB
MemFree:          135008 kB
MemAvailable:    1412896 kB
Buffers:          103744 kB
Cached:          1190604 kB
MemTotal:        1844596 kB
MemFree:          133396 kB
MemAvailable:    1411284 kB
Buffers:          103744 kB
Cached:          1190604 kB
MemTotal:        1844596 kB
MemFree:          131280 kB
MemAvailable:    1409168 kB
Buffers:          103744 kB
Cached:          1190604 kB
MemTotal:        1844596 kB
MemFree:          131532 kB
MemAvailable:    1409420 kB
Buffers:          103744 kB
Cached:          1190604 kB
MemTotal:        1844596 kB
MemFree:          130000 kB
MemAvailable:    1407888 kB
Buffers:          103744 kB
Cached:          1190604 kB
MemTotal:        1844596 kB
MemFree:          130036 kB
MemAvailable:    1407924 kB
Buffers:          103744 kB
Cached:          1190604 kB
MemTotal:        1844596 kB
MemFree:          131144 kB
MemAvailable:    1409032 kB
Buffers:          103744 kB
Cached:          1190604 kB
MemTotal:        1844596 kB
MemFree:          131228 kB
MemAvailable:    1409116 kB
Buffers:          103744 kB
Cached:          1190604 kB
MemTotal:        1844596 kB
MemFree:          130028 kB
MemAvailable:    1407916 kB
Buffers:          103744 kB
Cached:          1190604 kB
MemTotal:        1844596 kB
MemFree:          131460 kB
MemAvailable:    1409348 kB
Buffers:          103744 kB
Cached:          1190604 kB
MemTotal:        1844596 kB
MemFree:          131372 kB
MemAvailable:    1409260 kB
Buffers:          103744 kB
Cached:          1190604 kB
MemTotal:        1844596 kB
MemFree:          131216 kB
MemAvailable:    1409104 kB
Buffers:          103744 kB
Cached:          1190604 kB
MemTotal:        1844596 kB
MemFree:          129916 kB
MemAvailable:    1407804 kB
Buffers:          103744 kB
Cached:          1190604 kB
MemTotal:        1844596 kB
MemFree:          131300 kB
MemAvailable:    1409188 kB
Buffers:          103744 kB
Cached:          1190604 kB
MemTotal:        1844596 kB
MemFree:          130552 kB
MemAvailable:    1408440 kB
Buffers:          103744 kB
Cached:          1190604 kB
MemTotal:        1844596 kB
MemFree:          131288 kB
MemAvailable:    1409176 kB
Buffers:          103744 kB
Cached:          1190604 kB
MemTotal:        1844596 kB
MemFree:          131224 kB
MemAvailable:    1409112 kB
Buffers:          103744 kB
Cached:          1190604 kB
MemTotal:        1844596 kB
MemFree:          130544 kB
MemAvailable:    1408432 kB
Buffers:          103744 kB
Cached:          1190604 kB
MemTotal:        1844596 kB
MemFree:          131136 kB
MemAvailable:    1409024 kB
Buffers:          103744 kB
Cached:          1190604 kB
MemTotal:        1844596 kB
MemFree:          131472 kB
MemAvailable:    1409360 kB
Buffers:          103744 kB
Cached:          1190604 kB
MemTotal:        1844596 kB
MemFree:          130028 kB
MemAvailable:    1407916 kB
Buffers:          103744 kB
Cached:          1190604 kB
MemTotal:        1844596 kB
MemFree:          131288 kB
MemAvailable:    1409176 kB
Buffers:          103744 kB
Cached:          1190604 kB
MemTotal:        1844596 kB
MemFree:          130024 kB
MemAvailable:    1407912 kB
Buffers:          103744 kB
Cached:          1190604 kB
MemTotal:        1844596 kB
MemFree:          131264 kB
MemAvailable:    1409152 kB
Buffers:          103744 kB
Cached:          1190604 kB
MemTotal:        1844596 kB
MemFree:          130132 kB
MemAvailable:    1408020 kB
Buffers:          103744 kB
Cached:          1190604 kB
MemTotal:        1844596 kB
MemFree:          130000 kB
MemAvailable:    1407888 kB
Buffers:          103744 kB
Cached:          1190604 kB
MemTotal:        1844596 kB
MemFree:          131176 kB
MemAvailable:    1409064 kB
Buffers:          103744 kB
Cached:          1190604 kB
MemTotal:        1844596 kB
MemFree:          131296 kB
MemAvailable:    1409184 kB
Buffers:          103744 kB
Cached:          1190604 kB
MemTotal:        1844596 kB
MemFree:          131164 kB
MemAvailable:    1409052 kB
Buffers:          103744 kB
Cached:          1190604 kB
MemTotal:        1844596 kB
MemFree:          130156 kB
MemAvailable:    1408044 kB
Buffers:          103744 kB
Cached:          1190604 kB
MemTotal:        1844596 kB
MemFree:          131292 kB
MemAvailable:    1409180 kB
Buffers:          103744 kB
Cached:          1190604 kB
MemTotal:        1844596 kB
MemFree:          130116 kB
MemAvailable:    1408004 kB
Buffers:          103744 kB
Cached:          1190604 kB
MemTotal:        1844596 kB
MemFree:          131168 kB
MemAvailable:    1409056 kB
Buffers:          103744 kB
Cached:          1190604 kB
MemTotal:        1844596 kB
MemFree:          131148 kB
MemAvailable:    1409036 kB
Buffers:          103744 kB
Cached:          1190604 kB
MemTotal:        1844596 kB
MemFree:          131400 kB
MemAvailable:    1409288 kB
Buffers:          103744 kB
Cached:          1190604 kB
MemTotal:        1844596 kB
MemFree:          131136 kB
MemAvailable:    1409024 kB
Buffers:          103744 kB
Cached:          1190604 kB
MemTotal:        1844596 kB
MemFree:          131472 kB
MemAvailable:    1409360 kB
Buffers:          103744 kB
Cached:          1190604 kB
MemTotal:        1844596 kB
MemFree:          130792 kB
MemAvailable:    1408680 kB
Buffers:          103744 kB
Cached:          1190604 kB
MemTotal:        1844596 kB
MemFree:          127504 kB
MemAvailable:    1405392 kB
Buffers:          103744 kB
Cached:          1190604 kB
MemTotal:        1844596 kB
MemFree:          123972 kB
MemAvailable:    1401860 kB
Buffers:          103744 kB
Cached:          1190604 kB
MemTotal:        1844596 kB
MemFree:          119568 kB
MemAvailable:    1397456 kB
Buffers:          103744 kB
Cached:          1190604 kB
MemTotal:        1844596 kB
MemFree:          116220 kB
MemAvailable:    1394108 kB
Buffers:          103744 kB
Cached:          1190604 kB
MemTotal:        1844596 kB
MemFree:          113832 kB
MemAvailable:    1391720 kB
Buffers:          103744 kB
Cached:          1190604 kB
MemTotal:        1844596 kB
MemFree:          113556 kB
MemAvailable:    1391444 kB
Buffers:          103744 kB
Cached:          1190604 kB
MemTotal:        1844596 kB
MemFree:          113776 kB
MemAvailable:    1391664 kB
Buffers:          103744 kB
Cached:          1190604 kB
MemTotal:        1844596 kB
MemFree:          114112 kB
MemAvailable:    1392000 kB
Buffers:          103744 kB
Cached:          1190604 kB
MemTotal:        1844596 kB
MemFree:          113052 kB
MemAvailable:    1390940 kB
Buffers:          103744 kB
Cached:          1190604 kB
MemTotal:        1844596 kB
MemFree:          113052 kB
MemAvailable:    1390940 kB
Buffers:          103744 kB
Cached:          1190604 kB
MemTotal:        1844596 kB
MemFree:          112888 kB
MemAvailable:    1390776 kB
Buffers:          103744 kB
Cached:          1190604 kB
MemTotal:        1844596 kB
MemFree:          112944 kB
MemAvailable:    1390832 kB
Buffers:          103744 kB
Cached:          1190604 kB
MemTotal:        1844596 kB
MemFree:          112928 kB
MemAvailable:    1390816 kB
Buffers:          103744 kB
Cached:          1190604 kB
MemTotal:        1844596 kB
MemFree:          112804 kB
MemAvailable:    1390692 kB
Buffers:          103744 kB
Cached:          1190604 kB
MemTotal:        1844596 kB
MemFree:          112688 kB
MemAvailable:    1390576 kB
Buffers:          103744 kB
Cached:          1190604 kB
MemTotal:        1844596 kB
MemFree:          111564 kB
MemAvailable:    1389452 kB
Buffers:          103744 kB
Cached:          1190604 kB
MemTotal:        1844596 kB
MemFree:          111440 kB
MemAvailable:    1389328 kB
Buffers:          103744 kB
Cached:          1190604 kB
MemTotal:        1844596 kB
MemFree:          112616 kB
MemAvailable:    1390504 kB
Buffers:          103744 kB
Cached:          1190604 kB
MemTotal:        1844596 kB
MemFree:          111076 kB
MemAvailable:    1388964 kB
Buffers:          103744 kB
Cached:          1190604 kB
MemTotal:        1844596 kB
MemFree:          111516 kB
MemAvailable:    1389404 kB
Buffers:          103744 kB
Cached:          1190604 kB
MemTotal:        1844596 kB
MemFree:          111572 kB
MemAvailable:    1389460 kB
Buffers:          103744 kB
Cached:          1190604 kB
MemTotal:        1844596 kB
MemFree:          110880 kB
MemAvailable:    1388768 kB
Buffers:          103744 kB
Cached:          1190604 kB
MemTotal:        1844596 kB
MemFree:          110516 kB
MemAvailable:    1388404 kB
Buffers:          103744 kB
Cached:          1190604 kB
MemTotal:        1844596 kB
MemFree:          108968 kB
MemAvailable:    1386856 kB
Buffers:          103744 kB
Cached:          1190604 kB
MemTotal:        1844596 kB
MemFree:          108720 kB
MemAvailable:    1386608 kB
Buffers:          103744 kB
Cached:          1190604 kB
MemTotal:        1844596 kB
MemFree:          109580 kB
MemAvailable:    1387468 kB
Buffers:          103744 kB
Cached:          1190604 kB
MemTotal:        1844596 kB
MemFree:          107968 kB
MemAvailable:    1385856 kB
Buffers:          103744 kB
Cached:          1190604 kB
MemTotal:        1844596 kB
MemFree:          107488 kB
MemAvailable:    1385376 kB
Buffers:          103744 kB
Cached:          1190604 kB
MemTotal:        1844596 kB
MemFree:          105984 kB
MemAvailable:    1383872 kB
Buffers:          103744 kB
Cached:          1190604 kB
MemTotal:        1844596 kB
MemFree:          106984 kB
MemAvailable:    1384872 kB
Buffers:          103744 kB
Cached:          1190604 kB
MemTotal:        1844596 kB
MemFree:          105876 kB
MemAvailable:    1383764 kB
Buffers:          103744 kB
Cached:          1190604 kB
MemTotal:        1844596 kB
MemFree:          106596 kB
MemAvailable:    1384484 kB
Buffers:          103744 kB
Cached:          1190604 kB
MemTotal:        1844596 kB
MemFree:          106932 kB
MemAvailable:    1384820 kB
Buffers:          103744 kB
Cached:          1190604 kB
MemTotal:        1844596 kB
MemFree:          106720 kB
MemAvailable:    1384608 kB
Buffers:          103744 kB
Cached:          1190604 kB
MemTotal:        1844596 kB
MemFree:          106932 kB
MemAvailable:    1384820 kB
Buffers:          103744 kB
Cached:          1190604 kB
MemTotal:        1844596 kB
MemFree:          106748 kB
MemAvailable:    1384644 kB
Buffers:          103744 kB
Cached:          1190612 kB
MemTotal:        1844596 kB
MemFree:          106796 kB
MemAvailable:    1384692 kB
Buffers:          103744 kB
Cached:          1190612 kB
MemTotal:        1844596 kB
MemFree:          105256 kB
MemAvailable:    1383152 kB
Buffers:          103744 kB
Cached:          1190612 kB
MemTotal:        1844596 kB
MemFree:          105548 kB
MemAvailable:    1383448 kB
Buffers:          103744 kB
Cached:          1190616 kB
MemTotal:        1844596 kB
MemFree:          105496 kB
MemAvailable:    1383396 kB
Buffers:          103744 kB
Cached:          1190616 kB
MemTotal:        1844596 kB
MemFree:          105432 kB
MemAvailable:    1383332 kB
Buffers:          103744 kB
Cached:          1190616 kB
MemTotal:        1844596 kB
MemFree:          104380 kB
MemAvailable:    1382280 kB
Buffers:          103744 kB
Cached:          1190616 kB
MemTotal:        1844596 kB
MemFree:          105680 kB
MemAvailable:    1383580 kB
Buffers:          103744 kB
Cached:          1190616 kB
MemTotal:        1844596 kB
MemFree:          105232 kB
MemAvailable:    1383132 kB
Buffers:          103744 kB
Cached:          1190616 kB
MemTotal:        1844596 kB
MemFree:          105232 kB
MemAvailable:    1383132 kB
Buffers:          103744 kB
Cached:          1190616 kB
MemTotal:        1844596 kB
MemFree:          105164 kB
MemAvailable:    1383064 kB
Buffers:          103744 kB
Cached:          1190616 kB
MemTotal:        1844596 kB
MemFree:          105124 kB
MemAvailable:    1383024 kB
Buffers:          103744 kB
Cached:          1190616 kB
MemTotal:        1844596 kB
MemFree:          105120 kB
MemAvailable:    1383020 kB
Buffers:          103744 kB
Cached:          1190616 kB
MemTotal:        1844596 kB
MemFree:          104388 kB
MemAvailable:    1382288 kB
Buffers:          103744 kB
Cached:          1190616 kB
MemTotal:        1844596 kB
MemFree:          105116 kB
MemAvailable:    1383016 kB
Buffers:          103744 kB
Cached:          1190616 kB
MemTotal:        1844596 kB
MemFree:          105248 kB
MemAvailable:    1383148 kB
Buffers:          103744 kB
Cached:          1190616 kB
MemTotal:        1844596 kB
MemFree:          105000 kB
MemAvailable:    1382900 kB
Buffers:          103744 kB
Cached:          1190616 kB
MemTotal:        1844596 kB
MemFree:          103712 kB
MemAvailable:    1381612 kB
Buffers:          103744 kB
Cached:          1190616 kB
MemTotal:        1844596 kB
MemFree:          105012 kB
MemAvailable:    1382912 kB
Buffers:          103744 kB
Cached:          1190616 kB
MemTotal:        1844596 kB
MemFree:          104984 kB
MemAvailable:    1382884 kB
Buffers:          103744 kB
Cached:          1190616 kB
MemTotal:        1844596 kB
MemFree:          105000 kB
MemAvailable:    1382900 kB
Buffers:          103744 kB
Cached:          1190616 kB
MemTotal:        1844596 kB
MemFree:          105064 kB
MemAvailable:    1382964 kB
Buffers:          103744 kB
Cached:          1190616 kB
MemTotal:        1844596 kB
MemFree:          105316 kB
MemAvailable:    1383216 kB
Buffers:          103744 kB
Cached:          1190616 kB
MemTotal:        1844596 kB
MemFree:          103688 kB
MemAvailable:    1381588 kB
Buffers:          103744 kB
Cached:          1190616 kB
MemTotal:        1844596 kB
MemFree:          104068 kB
MemAvailable:    1381968 kB
Buffers:          103744 kB
Cached:          1190616 kB
MemTotal:        1844596 kB
MemFree:          104992 kB
MemAvailable:    1382892 kB
Buffers:          103744 kB
Cached:          1190616 kB
MemTotal:        1844596 kB
MemFree:          104884 kB
MemAvailable:    1382784 kB
Buffers:          103744 kB
Cached:          1190616 kB
MemTotal:        1844596 kB
MemFree:          103752 kB
MemAvailable:    1381652 kB
Buffers:          103744 kB
Cached:          1190616 kB
MemTotal:        1844596 kB
MemFree:          103836 kB
MemAvailable:    1381736 kB
Buffers:          103744 kB
Cached:          1190616 kB
MemTotal:        1844596 kB
MemFree:          105192 kB
MemAvailable:    1383092 kB
Buffers:          103744 kB
Cached:          1190616 kB
MemTotal:        1844596 kB
MemFree:          104972 kB
MemAvailable:    1382872 kB
Buffers:          103744 kB
Cached:          1190616 kB
MemTotal:        1844596 kB
MemFree:          105056 kB
MemAvailable:    1382956 kB
Buffers:          103744 kB
Cached:          1190616 kB
MemTotal:        1844596 kB
MemFree:          103744 kB
MemAvailable:    1381644 kB
Buffers:          103744 kB
Cached:          1190616 kB
MemTotal:        1844596 kB
MemFree:          105128 kB
MemAvailable:    1383028 kB
Buffers:          103744 kB
Cached:          1190616 kB
MemTotal:        1844596 kB
MemFree:          105056 kB
MemAvailable:    1382956 kB
Buffers:          103744 kB
Cached:          1190616 kB
MemTotal:        1844596 kB
MemFree:          105056 kB
MemAvailable:    1382956 kB
Buffers:          103744 kB
Cached:          1190616 kB
MemTotal:        1844596 kB
MemFree:          105012 kB
MemAvailable:    1382912 kB
Buffers:          103744 kB
Cached:          1190616 kB
MemTotal:        1844596 kB
MemFree:          105172 kB
MemAvailable:    1383072 kB
Buffers:          103744 kB
Cached:          1190616 kB
MemTotal:        1844596 kB
MemFree:          103868 kB
MemAvailable:    1381768 kB
Buffers:          103744 kB
Cached:          1190616 kB
MemTotal:        1844596 kB
MemFree:          104992 kB
MemAvailable:    1382892 kB
Buffers:          103744 kB
Cached:          1190616 kB
MemTotal:        1844596 kB
MemFree:          105328 kB
MemAvailable:    1383228 kB
Buffers:          103744 kB
Cached:          1190616 kB
MemTotal:        1844596 kB
MemFree:          105108 kB
MemAvailable:    1383008 kB
Buffers:          103744 kB
Cached:          1190616 kB
MemTotal:        1844596 kB
MemFree:          105000 kB
MemAvailable:    1382900 kB
Buffers:          103744 kB
Cached:          1190616 kB
MemTotal:        1844596 kB
MemFree:          104936 kB
MemAvailable:    1382836 kB
Buffers:          103744 kB
Cached:          1190616 kB
MemTotal:        1844596 kB
MemFree:          105192 kB
MemAvailable:    1383092 kB
Buffers:          103744 kB
Cached:          1190616 kB
MemTotal:        1844596 kB
MemFree:          104840 kB
MemAvailable:    1382740 kB
Buffers:          103744 kB
Cached:          1190616 kB
MemTotal:        1844596 kB
MemFree:          105008 kB
MemAvailable:    1382908 kB
Buffers:          103744 kB
Cached:          1190616 kB
MemTotal:        1844596 kB
MemFree:          101900 kB
MemAvailable:    1379800 kB
Buffers:          103744 kB
Cached:          1190616 kB
MemTotal:        1844596 kB
MemFree:           99348 kB
MemAvailable:    1377248 kB
Buffers:          103744 kB
Cached:          1190616 kB
MemTotal:        1844596 kB
MemFree:           97500 kB
MemAvailable:    1375400 kB
Buffers:          103744 kB
Cached:          1190616 kB
MemTotal:        1844596 kB
MemFree:           95400 kB
MemAvailable:    1373300 kB
Buffers:          103744 kB
Cached:          1190616 kB
MemTotal:        1844596 kB
MemFree:           89748 kB
MemAvailable:    1367648 kB
Buffers:          103744 kB
Cached:          1190616 kB
MemTotal:        1844596 kB
MemFree:           87444 kB
MemAvailable:    1365344 kB
Buffers:          103744 kB
Cached:          1190616 kB
MemTotal:        1844596 kB
MemFree:           85676 kB
MemAvailable:    1363576 kB
Buffers:          103744 kB
Cached:          1190616 kB
MemTotal:        1844596 kB
MemFree:           84796 kB
MemAvailable:    1362696 kB
Buffers:          103744 kB
Cached:          1190616 kB
MemTotal:        1844596 kB
MemFree:           85524 kB
MemAvailable:    1363424 kB
Buffers:          103744 kB
Cached:          1190616 kB
MemTotal:        1844596 kB
MemFree:           85780 kB
MemAvailable:    1363680 kB
Buffers:          103744 kB
Cached:          1190616 kB
MemTotal:        1844596 kB
MemFree:           84408 kB
MemAvailable:    1362308 kB
Buffers:          103744 kB
Cached:          1190616 kB
MemTotal:        1844596 kB
MemFree:           84408 kB
MemAvailable:    1362308 kB
Buffers:          103744 kB
Cached:          1190616 kB
MemTotal:        1844596 kB
MemFree:           85648 kB
MemAvailable:    1363548 kB
Buffers:          103744 kB
Cached:          1190616 kB
MemTotal:        1844596 kB
MemFree:           85600 kB
MemAvailable:    1363500 kB
Buffers:          103744 kB
Cached:          1190616 kB
MemTotal:        1844596 kB
MemFree:           85292 kB
MemAvailable:    1363192 kB
Buffers:          103744 kB
Cached:          1190616 kB
MemTotal:        1844596 kB
MemFree:           84284 kB
MemAvailable:    1362184 kB
Buffers:          103744 kB
Cached:          1190616 kB
MemTotal:        1844596 kB
MemFree:           85668 kB
MemAvailable:    1363568 kB
Buffers:          103744 kB
Cached:          1190616 kB
MemTotal:        1844596 kB
MemFree:           84920 kB
MemAvailable:    1362820 kB
Buffers:          103744 kB
Cached:          1190616 kB
MemTotal:        1844596 kB
MemFree:           85764 kB
MemAvailable:    1363668 kB
Buffers:          103744 kB
Cached:          1190620 kB
MemTotal:        1844596 kB
MemFree:           85532 kB
MemAvailable:    1363436 kB
Buffers:          103744 kB
Cached:          1190620 kB
MemTotal:        1844596 kB
MemFree:           85336 kB
MemAvailable:    1363240 kB
Buffers:          103744 kB
Cached:          1190620 kB
MemTotal:        1844596 kB
MemFree:           85672 kB
MemAvailable:    1363576 kB
Buffers:          103744 kB
Cached:          1190620 kB
MemTotal:        1844596 kB
MemFree:           85344 kB
MemAvailable:    1363248 kB
Buffers:          103744 kB
Cached:          1190620 kB
MemTotal:        1844596 kB
MemFree:           84264 kB
MemAvailable:    1362168 kB
Buffers:          103744 kB
Cached:          1190620 kB
MemTotal:        1844596 kB
MemFree:           85236 kB
MemAvailable:    1363140 kB
Buffers:          103744 kB
Cached:          1190620 kB
MemTotal:        1844596 kB
MemFree:           85236 kB
MemAvailable:    1363140 kB
Buffers:          103744 kB
Cached:          1190620 kB
MemTotal:        1844596 kB
MemFree:           85260 kB
MemAvailable:    1363164 kB
Buffers:          103744 kB
Cached:          1190620 kB
MemTotal:        1844596 kB
MemFree:           85272 kB
MemAvailable:    1363176 kB
Buffers:          103744 kB
Cached:          1190620 kB
MemTotal:        1844596 kB
MemFree:           85376 kB
MemAvailable:    1363280 kB
Buffers:          103744 kB
Cached:          1190620 kB
MemTotal:        1844596 kB
MemFree:           85220 kB
MemAvailable:    1363124 kB
Buffers:          103744 kB
Cached:          1190620 kB
MemTotal:        1844596 kB
MemFree:           83788 kB
MemAvailable:    1361692 kB
Buffers:          103744 kB
Cached:          1190620 kB
MemTotal:        1844596 kB
MemFree:           84460 kB
MemAvailable:    1362372 kB
Buffers:          103744 kB
Cached:          1190628 kB
MemTotal:        1844596 kB
MemFree:           83160 kB
MemAvailable:    1361072 kB
Buffers:          103744 kB
Cached:          1190628 kB
MemTotal:        1844596 kB
MemFree:           76588 kB
MemAvailable:    1354500 kB
Buffers:          103744 kB
Cached:          1190628 kB
MemTotal:        1844596 kB
MemFree:           76588 kB
MemAvailable:    1354500 kB
Buffers:          103744 kB
Cached:          1190628 kB
MemTotal:        1844596 kB
MemFree:           75788 kB
MemAvailable:    1353700 kB
Buffers:          103744 kB
Cached:          1190628 kB
MemTotal:        1844596 kB
MemFree:           75548 kB
MemAvailable:    1353460 kB
Buffers:          103744 kB
Cached:          1190628 kB
MemTotal:        1844596 kB
MemFree:           75460 kB
MemAvailable:    1353372 kB
Buffers:          103744 kB
Cached:          1190628 kB
MemTotal:        1844596 kB
MemFree:           74248 kB
MemAvailable:    1352160 kB
Buffers:          103744 kB
Cached:          1190628 kB
MemTotal:        1844596 kB
MemFree:           73372 kB
MemAvailable:    1351284 kB
Buffers:          103744 kB
Cached:          1190628 kB
MemTotal:        1844596 kB
MemFree:           71520 kB
MemAvailable:    1349432 kB
Buffers:          103744 kB
Cached:          1190628 kB
MemTotal:        1844596 kB
MemFree:           71520 kB
MemAvailable:    1349432 kB
Buffers:          103744 kB
Cached:          1190628 kB
MemTotal:        1844596 kB
MemFree:           72440 kB
MemAvailable:    1350352 kB
Buffers:          103744 kB
Cached:          1190628 kB
MemTotal:        1844596 kB
MemFree:           71132 kB
MemAvailable:    1349044 kB
Buffers:          103744 kB
Cached:          1190628 kB
MemTotal:        1844596 kB
MemFree:           72108 kB
MemAvailable:    1350020 kB
Buffers:          103744 kB
Cached:          1190628 kB
MemTotal:        1844596 kB
MemFree:           72444 kB
MemAvailable:    1350356 kB
Buffers:          103744 kB
Cached:          1190628 kB
MemTotal:        1844596 kB
MemFree:           71876 kB
MemAvailable:    1350040 kB
Buffers:          103744 kB
Cached:          1191000 kB
MemTotal:        1844596 kB
MemFree:           72212 kB
MemAvailable:    1350376 kB
Buffers:          103744 kB
Cached:          1191000 kB
MemTotal:        1844596 kB
MemFree:           71720 kB
MemAvailable:    1350136 kB
Buffers:          103744 kB
Cached:          1191124 kB
MemTotal:        1844596 kB
MemFree:           71816 kB
MemAvailable:    1350232 kB
Buffers:          103744 kB
Cached:          1191248 kB
MemTotal:        1844596 kB
MemFree:           71588 kB
MemAvailable:    1350088 kB
Buffers:          103744 kB
Cached:          1191248 kB
MemTotal:        1844596 kB
MemFree:           71588 kB
MemAvailable:    1350088 kB
Buffers:          103744 kB
Cached:          1191248 kB
MemTotal:        1844596 kB
MemFree:           71448 kB
MemAvailable:    1349948 kB
Buffers:          103744 kB
Cached:          1191248 kB
MemTotal:        1844596 kB
MemFree:           71784 kB
MemAvailable:    1350284 kB
Buffers:          103744 kB
Cached:          1191248 kB
MemTotal:        1844596 kB
MemFree:           70384 kB
MemAvailable:    1348884 kB
Buffers:          103744 kB
Cached:          1191248 kB
MemTotal:        1844596 kB
MemFree:           71564 kB
MemAvailable:    1350064 kB
Buffers:          103744 kB
Cached:          1191248 kB
MemTotal:        1844596 kB
MemFree:           71564 kB
MemAvailable:    1350064 kB
Buffers:          103744 kB
Cached:          1191248 kB
MemTotal:        1844596 kB
MemFree:           71524 kB
MemAvailable:    1350024 kB
Buffers:          103744 kB
Cached:          1191248 kB
MemTotal:        1844596 kB
MemFree:           70404 kB
MemAvailable:    1349072 kB
Buffers:          103744 kB
Cached:          1191372 kB
MemTotal:        1844596 kB
MemFree:           71916 kB
MemAvailable:    1349828 kB
Buffers:          103744 kB
Cached:          1190656 kB
MemTotal:        1844596 kB
MemFree:           72336 kB
MemAvailable:    1350248 kB
Buffers:          103744 kB
Cached:          1190656 kB
MemTotal:        1844596 kB
MemFree:          253384 kB
MemAvailable:    1531344 kB
Buffers:          103744 kB
Cached:          1190704 kB
