MemTotal:        1844596 kB
MemFree:          688280 kB
MemAvailable:    1548196 kB
Buffers:           89636 kB
Cached:           793524 kB
MemTotal:        1844596 kB
MemFree:          659784 kB
MemAvailable:    1519712 kB
Buffers:           89636 kB
Cached:           793532 kB
MemTotal:        1844596 kB
MemFree:          659288 kB
MemAvailable:    1519216 kB
Buffers:           89636 kB
Cached:           793532 kB
MemTotal:        1844596 kB
MemFree:          658544 kB
MemAvailable:    1518472 kB
Buffers:           89636 kB
Cached:           793532 kB
MemTotal:        1844596 kB
MemFree:          657056 kB
MemAvailable:    1516984 kB
Buffers:           89636 kB
Cached:           793532 kB
MemTotal:        1844596 kB
MemFree:          655816 kB
MemAvailable:    1515744 kB
Buffers:           89636 kB
Cached:           793532 kB
MemTotal:        1844596 kB
MemFree:          655296 kB
MemAvailable:    1515224 kB
Buffers:           89636 kB
Cached:           793532 kB
MemTotal:        1844596 kB
MemFree:          655188 kB
MemAvailable:    1515116 kB
Buffers:           89636 kB
Cached:           793532 kB
MemTotal:        1844596 kB
MemFree:          652520 kB
MemAvailable:    1512448 kB
Buffers:           89636 kB
Cached:           793532 kB
MemTotal:        1844596 kB
MemFree:          648980 kB
MemAvailable:    1508908 kB
Buffers:           89636 kB
Cached:           793532 kB
MemTotal:        1844596 kB
MemFree:          645516 kB
MemAvailable:    1505444 kB
Buffers:           89636 kB
Cached:           793532 kB
MemTotal:        1844596 kB
MemFree:          648120 kB
MemAvailable:    1508048 kB
Buffers:           89636 kB
Cached:           793532 kB
MemTotal:        1844596 kB
MemFree:          648136 kB
MemAvailable:    1508064 kB
Buffers:           89636 kB
Cached:           793532 kB
MemTotal:        1844596 kB
MemFree:          648048 kB
MemAvailable:    1507976 kB
Buffers:           89636 kB
Cached:           793532 kB
MemTotal:        1844596 kB
MemFree:          648072 kB
MemAvailable:    1508000 kB
Buffers:           89636 kB
Cached:           793532 kB
MemTotal:        1844596 kB
MemFree:          648408 kB
MemAvailable:    1508336 kB
Buffers:           89636 kB
Cached:           793532 kB
MemTotal:        1844596 kB
MemFree:          646832 kB
MemAvailable:    1506760 kB
Buffers:           89636 kB
Cached:           793532 kB
MemTotal:        1844596 kB
MemFree:          646640 kB
MemAvailable:    1506568 kB
Buffers:           89636 kB
Cached:           793532 kB
MemTotal:        1844596 kB
MemFree:          647484 kB
MemAvailable:    1507412 kB
Buffers:           89636 kB
Cached:           793532 kB
MemTotal:        1844596 kB
MemFree:          647484 kB
MemAvailable:    1507412 kB
Buffers:           89636 kB
Cached:           793532 kB
MemTotal:        1844596 kB
MemFree:          646124 kB
MemAvailable:    1506052 kB
Buffers:           89636 kB
Cached:           793532 kB
MemTotal:        1844596 kB
MemFree:          647440 kB
MemAvailable:    1507368 kB
Buffers:           89636 kB
Cached:           793532 kB
MemTotal:        1844596 kB
MemFree:          647692 kB
MemAvailable:    1507620 kB
Buffers:           89636 kB
Cached:           793532 kB
MemTotal:        1844596 kB
MemFree:          646136 kB
MemAvailable:    1506064 kB
Buffers:           89636 kB
Cached:           793532 kB
MemTotal:        1844596 kB
MemFree:          647260 kB
MemAvailable:    1507188 kB
Buffers:           89636 kB
Cached:           793532 kB
MemTotal:        1844596 kB
MemFree:          646500 kB
MemAvailable:    1506428 kB
Buffers:           89636 kB
Cached:           793532 kB
MemTotal:        1844596 kB
MemFree:          646836 kB
MemAvailable:    1506764 kB
Buffers:           89636 kB
Cached:           793532 kB
MemTotal:        1844596 kB
MemFree:          646592 kB
MemAvailable:    1506520 kB
Buffers:           89636 kB
Cached:           793532 kB
MemTotal:        1844596 kB
MemFree:          645152 kB
MemAvailable:    1505080 kB
Buffers:           89636 kB
Cached:           793532 kB
MemTotal:        1844596 kB
MemFree:          645516 kB
MemAvailable:    1505444 kB
Buffers:           89636 kB
Cached:           793532 kB
MemTotal:        1844596 kB
MemFree:          645772 kB
MemAvailable:    1505700 kB
Buffers:           89636 kB
Cached:           793532 kB
MemTotal:        1844596 kB
MemFree:          645144 kB
MemAvailable:    1505072 kB
Buffers:           89636 kB
Cached:           793532 kB
MemTotal:        1844596 kB
MemFree:          645144 kB
MemAvailable:    1505072 kB
Buffers:           89636 kB
Cached:           793532 kB
MemTotal:        1844596 kB
MemFree:          643860 kB
MemAvailable:    1503788 kB
Buffers:           89636 kB
Cached:           793532 kB
MemTotal:        1844596 kB
MemFree:          645136 kB
MemAvailable:    1505064 kB
Buffers:           89636 kB
Cached:           793532 kB
MemTotal:        1844596 kB
MemFree:          645088 kB
MemAvailable:    1505016 kB
Buffers:           89636 kB
Cached:           793532 kB
MemTotal:        1844596 kB
MemFree:          645144 kB
MemAvailable:    1505072 kB
Buffers:           89636 kB
Cached:           793532 kB
MemTotal:        1844596 kB
MemFree:          645396 kB
MemAvailable:    1505324 kB
Buffers:           89636 kB
Cached:           793532 kB
MemTotal:        1844596 kB
MemFree:          645020 kB
MemAvailable:    1504948 kB
Buffers:           89636 kB
Cached:           793532 kB
MemTotal:        1844596 kB
MemFree:          643664 kB
MemAvailable:    1503592 kB
Buffers:           89636 kB
Cached:           793532 kB
MemTotal:        1844596 kB
MemFree:          640432 kB
MemAvailable:    1500360 kB
Buffers:           89636 kB
Cached:           793532 kB
MemTotal:        1844596 kB
MemFree:          640124 kB
MemAvailable:    1500052 kB
Buffers:           89636 kB
Cached:           793532 kB
MemTotal:        1844596 kB
MemFree:          638564 kB
MemAvailable:    1498492 kB
Buffers:           89636 kB
Cached:           793532 kB
MemTotal:        1844596 kB
MemFree:          639680 kB
MemAvailable:    1499608 kB
Buffers:           89636 kB
Cached:           793532 kB
MemTotal:        1844596 kB
MemFree:          639692 kB
MemAvailable:    1499620 kB
Buffers:           89636 kB
Cached:           793532 kB
MemTotal:        1844596 kB
MemFree:          639404 kB
MemAvailable:    1499332 kB
Buffers:           89636 kB
Cached:           793532 kB
MemTotal:        1844596 kB
MemFree:          639404 kB
MemAvailable:    1499332 kB
Buffers:           89636 kB
Cached:           793532 kB
MemTotal:        1844596 kB
MemFree:          638276 kB
MemAvailable:    1498204 kB
Buffers:           89636 kB
Cached:           793532 kB
MemTotal:        1844596 kB
MemFree:          638276 kB
MemAvailable:    1498204 kB
Buffers:           89636 kB
Cached:           793532 kB
MemTotal:        1844596 kB
MemFree:          638524 kB
MemAvailable:    1498452 kB
Buffers:           89636 kB
Cached:           793532 kB
MemTotal:        1844596 kB
MemFree:          638400 kB
MemAvailable:    1498328 kB
Buffers:           89636 kB
Cached:           793532 kB
MemTotal:        1844596 kB
MemFree:          638144 kB
MemAvailable:    1498072 kB
Buffers:           89636 kB
Cached:           793532 kB
MemTotal:        1844596 kB
MemFree:          638076 kB
MemAvailable:    1498008 kB
Buffers:           89636 kB
Cached:           793536 kB
MemTotal:        1844596 kB
MemFree:          639384 kB
MemAvailable:    1499316 kB
Buffers:           89636 kB
Cached:           793536 kB
MemTotal:        1844596 kB
MemFree:          638944 kB
MemAvailable:    1498876 kB
Buffers:           89636 kB
Cached:           793536 kB
MemTotal:        1844596 kB
MemFree:          638944 kB
MemAvailable:    1498876 kB
Buffers:           89636 kB
Cached:           793536 kB
MemTotal:        1844596 kB
MemFree:          633744 kB
MemAvailable:    1493676 kB
Buffers:           89636 kB
Cached:           793536 kB
MemTotal:        1844596 kB
MemFree:          632504 kB
MemAvailable:    1492436 kB
Buffers:           89636 kB
Cached:           793536 kB
MemTotal:        1844596 kB
MemFree:          633424 kB
MemAvailable:    1493356 kB
Buffers:           89636 kB
Cached:           793536 kB
MemTotal:        1844596 kB
MemFree:          632868 kB
MemAvailable:    1492800 kB
Buffers:           89636 kB
Cached:           793536 kB
MemTotal:        1844596 kB
MemFree:          632636 kB
MemAvailable:    1492568 kB
Buffers:           89636 kB
Cached:           793536 kB
MemTotal:        1844596 kB
MemFree:          630388 kB
MemAvailable:    1490320 kB
Buffers:           89636 kB
Cached:           793536 kB
MemTotal:        1844596 kB
MemFree:          630024 kB
MemAvailable:    1489956 kB
Buffers:           89636 kB
Cached:           793536 kB
MemTotal:        1844596 kB
MemFree:          629900 kB
MemAvailable:    1489832 kB
Buffers:           89636 kB
Cached:           793536 kB
MemTotal:        1844596 kB
MemFree:          629520 kB
MemAvailable:    1489452 kB
Buffers:           89636 kB
Cached:           793536 kB
MemTotal:        1844596 kB
MemFree:          630868 kB
MemAvailable:    1490800 kB
Buffers:           89636 kB
Cached:           793536 kB
MemTotal:        1844596 kB
MemFree:          629472 kB
MemAvailable:    1489404 kB
Buffers:           89636 kB
Cached:           793536 kB
MemTotal:        1844596 kB
MemFree:          630456 kB
MemAvailable:    1490388 kB
Buffers:           89636 kB
Cached:           793536 kB
MemTotal:        1844596 kB
MemFree:          630624 kB
MemAvailable:    1490556 kB
Buffers:           89636 kB
Cached:           793536 kB
MemTotal:        1844596 kB
MemFree:          629232 kB
MemAvailable:    1489164 kB
Buffers:           89636 kB
Cached:           793536 kB
MemTotal:        1844596 kB
MemFree:          630504 kB
MemAvailable:    1490436 kB
Buffers:           89636 kB
Cached:           793536 kB
MemTotal:        1844596 kB
MemFree:          630008 kB
MemAvailable:    1489940 kB
Buffers:           89636 kB
Cached:           793536 kB
MemTotal:        1844596 kB
MemFree:          631132 kB
MemAvailable:    1491064 kB
Buffers:           89636 kB
Cached:           793536 kB
MemTotal:        1844596 kB
MemFree:          629776 kB
MemAvailable:    1489708 kB
Buffers:           89636 kB
Cached:           793536 kB
MemTotal:        1844596 kB
MemFree:          630340 kB
MemAvailable:    1490272 kB
Buffers:           89636 kB
Cached:           793536 kB
MemTotal:        1844596 kB
MemFree:          630676 kB
MemAvailable:    1490608 kB
Buffers:           89636 kB
Cached:           793536 kB
MemTotal:        1844596 kB
MemFree:          629480 kB
MemAvailable:    1489412 kB
Buffers:           89636 kB
Cached:           793536 kB
MemTotal:        1844596 kB
MemFree:          629232 kB
MemAvailable:    1489164 kB
Buffers:           89636 kB
Cached:           793536 kB
MemTotal:        1844596 kB
MemFree:          629100 kB
MemAvailable:    1489032 kB
Buffers:           89636 kB
Cached:           793536 kB
MemTotal:        1844596 kB
MemFree:          630464 kB
MemAvailable:    1490396 kB
Buffers:           89636 kB
Cached:           793536 kB
MemTotal:        1844596 kB
MemFree:          629952 kB
MemAvailable:    1489884 kB
Buffers:           89636 kB
Cached:           793536 kB
MemTotal:        1844596 kB
MemFree:          628584 kB
MemAvailable:    1488516 kB
Buffers:           89636 kB
Cached:           793536 kB
MemTotal:        1844596 kB
MemFree:          630368 kB
MemAvailable:    1490300 kB
Buffers:           89636 kB
Cached:           793536 kB
MemTotal:        1844596 kB
MemFree:          626924 kB
MemAvailable:    1486856 kB
Buffers:           89636 kB
Cached:           793536 kB
MemTotal:        1844596 kB
MemFree:          623940 kB
MemAvailable:    1483872 kB
Buffers:           89636 kB
Cached:           793536 kB
MemTotal:        1844596 kB
MemFree:          623692 kB
MemAvailable:    1483624 kB
Buffers:           89636 kB
Cached:           793536 kB
MemTotal:        1844596 kB
MemFree:          622336 kB
MemAvailable:    1482268 kB
Buffers:           89636 kB
Cached:           793536 kB
MemTotal:        1844596 kB
MemFree:          622204 kB
MemAvailable:    1482136 kB
Buffers:           89636 kB
Cached:           793536 kB
MemTotal:        1844596 kB
MemFree:          622196 kB
MemAvailable:    1482128 kB
Buffers:           89636 kB
Cached:           793536 kB
MemTotal:        1844596 kB
MemFree:          621816 kB
MemAvailable:    1481748 kB
Buffers:           89636 kB
Cached:           793536 kB
MemTotal:        1844596 kB
MemFree:          621104 kB
MemAvailable:    1481036 kB
Buffers:           89636 kB
Cached:           793536 kB
MemTotal:        1844596 kB
MemFree:          621512 kB
MemAvailable:    1481444 kB
Buffers:           89636 kB
Cached:           793536 kB
MemTotal:        1844596 kB
MemFree:          621640 kB
MemAvailable:    1481572 kB
Buffers:           89636 kB
Cached:           793536 kB
MemTotal:        1844596 kB
MemFree:          620732 kB
MemAvailable:    1480664 kB
Buffers:           89636 kB
Cached:           793536 kB
MemTotal:        1844596 kB
MemFree:          621420 kB
MemAvailable:    1481360 kB
Buffers:           89636 kB
Cached:           793544 kB
MemTotal:        1844596 kB
MemFree:          621676 kB
MemAvailable:    1481616 kB
Buffers:           89636 kB
Cached:           793544 kB
MemTotal:        1844596 kB
MemFree:          620352 kB
MemAvailable:    1480292 kB
Buffers:           89636 kB
Cached:           793544 kB
MemTotal:        1844596 kB
MemFree:          621668 kB
MemAvailable:    1481608 kB
Buffers:           89636 kB
Cached:           793544 kB
MemTotal:        1844596 kB
MemFree:          621468 kB
MemAvailable:    1481408 kB
Buffers:           89636 kB
Cached:           793544 kB
MemTotal:        1844596 kB
MemFree:          621652 kB
MemAvailable:    1481592 kB
Buffers:           89636 kB
Cached:           793544 kB
MemTotal:        1844596 kB
MemFree:          621452 kB
MemAvailable:    1481392 kB
Buffers:           89636 kB
Cached:           793544 kB
MemTotal:        1844596 kB
MemFree:          621704 kB
MemAvailable:    1481644 kB
Buffers:           89636 kB
Cached:           793544 kB
MemTotal:        1844596 kB
MemFree:          620080 kB
MemAvailable:    1480020 kB
Buffers:           89636 kB
Cached:           793544 kB
MemTotal:        1844596 kB
MemFree:          621764 kB
MemAvailable:    1481704 kB
Buffers:           89636 kB
Cached:           793544 kB
MemTotal:        1844596 kB
MemFree:          620716 kB
MemAvailable:    1480656 kB
Buffers:           89636 kB
Cached:           793544 kB
MemTotal:        1844596 kB
MemFree:          621884 kB
MemAvailable:    1481824 kB
Buffers:           89636 kB
Cached:           793544 kB
MemTotal:        1844596 kB
MemFree:          620592 kB
MemAvailable:    1480532 kB
Buffers:           89636 kB
Cached:           793544 kB
MemTotal:        1844596 kB
MemFree:          620468 kB
MemAvailable:    1480408 kB
Buffers:           89636 kB
Cached:           793544 kB
MemTotal:        1844596 kB
MemFree:          621832 kB
MemAvailable:    1481772 kB
Buffers:           89636 kB
Cached:           793544 kB
MemTotal:        1844596 kB
MemFree:          620344 kB
MemAvailable:    1480284 kB
Buffers:           89636 kB
Cached:           793544 kB
MemTotal:        1844596 kB
MemFree:          621644 kB
MemAvailable:    1481584 kB
Buffers:           89636 kB
Cached:           793544 kB
MemTotal:        1844596 kB
MemFree:          621576 kB
MemAvailable:    1481516 kB
Buffers:           89636 kB
Cached:           793544 kB
MemTotal:        1844596 kB
MemFree:          620964 kB
MemAvailable:    1480904 kB
Buffers:           89636 kB
Cached:           793544 kB
MemTotal:        1844596 kB
MemFree:          620332 kB
MemAvailable:    1480272 kB
Buffers:           89636 kB
Cached:           793544 kB
MemTotal:        1844596 kB
MemFree:          621524 kB
MemAvailable:    1481464 kB
Buffers:           89636 kB
Cached:           793544 kB
MemTotal:        1844596 kB
MemFree:          621600 kB
MemAvailable:    1481540 kB
Buffers:           89636 kB
Cached:           793544 kB
MemTotal:        1844596 kB
MemFree:          621472 kB
MemAvailable:    1481412 kB
Buffers:           89636 kB
Cached:           793544 kB
MemTotal:        1844596 kB
MemFree:          620856 kB
MemAvailable:    1480796 kB
Buffers:           89636 kB
Cached:           793544 kB
MemTotal:        1844596 kB
MemFree:          621328 kB
MemAvailable:    1481268 kB
Buffers:           89636 kB
Cached:           793544 kB
MemTotal:        1844596 kB
MemFree:          621664 kB
MemAvailable:    1481604 kB
Buffers:           89636 kB
Cached:           793544 kB
MemTotal:        1844596 kB
MemFree:          621472 kB
MemAvailable:    1481412 kB
Buffers:           89636 kB
Cached:           793544 kB
MemTotal:        1844596 kB
MemFree:          620340 kB
MemAvailable:    1480280 kB
Buffers:           89636 kB
Cached:           793544 kB
MemTotal:        1844596 kB
MemFree:          621280 kB
MemAvailable:    1481220 kB
Buffers:           89636 kB
Cached:           793544 kB
MemTotal:        1844596 kB
MemFree:          621344 kB
MemAvailable:    1481284 kB
Buffers:           89636 kB
Cached:           793544 kB
MemTotal:        1844596 kB
MemFree:          617552 kB
MemAvailable:    1477492 kB
Buffers:           89636 kB
Cached:           793544 kB
MemTotal:        1844596 kB
MemFree:          613640 kB
MemAvailable:    1473580 kB
Buffers:           89636 kB
Cached:           793544 kB
MemTotal:        1844596 kB
MemFree:          611796 kB
MemAvailable:    1471740 kB
Buffers:           89636 kB
Cached:           793548 kB
MemTotal:        1844596 kB
MemFree:          610624 kB
MemAvailable:    1470568 kB
Buffers:           89636 kB
Cached:           793548 kB
MemTotal:        1844596 kB
MemFree:          610432 kB
MemAvailable:    1470376 kB
Buffers:           89636 kB
Cached:           793548 kB
MemTotal:        1844596 kB
MemFree:          610792 kB
MemAvailable:    1470736 kB
Buffers:           89636 kB
Cached:           793548 kB
MemTotal:        1844596 kB
MemFree:          609812 kB
MemAvailable:    1469756 kB
Buffers:           89636 kB
Cached:           793548 kB
MemTotal:        1844596 kB
MemFree:          610620 kB
MemAvailable:    1470564 kB
Buffers:           89636 kB
Cached:           793548 kB
MemTotal:        1844596 kB
MemFree:          610876 kB
MemAvailable:    1470820 kB
Buffers:           89636 kB
Cached:           793548 kB
MemTotal:        1844596 kB
MemFree:          610532 kB
MemAvailable:    1470476 kB
Buffers:           89636 kB
Cached:           793548 kB
MemTotal:        1844596 kB
MemFree:          610672 kB
MemAvailable:    1470616 kB
Buffers:           89636 kB
Cached:           793548 kB
MemTotal:        1844596 kB
MemFree:          609500 kB
MemAvailable:    1469444 kB
Buffers:           89636 kB
Cached:           793548 kB
MemTotal:        1844596 kB
MemFree:          609500 kB
MemAvailable:    1469444 kB
Buffers:           89636 kB
Cached:           793548 kB
MemTotal:        1844596 kB
MemFree:          609500 kB
MemAvailable:    1469444 kB
Buffers:           89636 kB
Cached:           793548 kB
MemTotal:        1844596 kB
MemFree:          609376 kB
MemAvailable:    1469320 kB
Buffers:           89636 kB
Cached:           793548 kB
MemTotal:        1844596 kB
MemFree:          609784 kB
MemAvailable:    1469728 kB
Buffers:           89636 kB
Cached:           793548 kB
MemTotal:        1844596 kB
MemFree:          609784 kB
MemAvailable:    1469728 kB
Buffers:           89636 kB
Cached:           793548 kB
MemTotal:        1844596 kB
MemFree:          609536 kB
MemAvailable:    1469480 kB
Buffers:           89636 kB
Cached:           793548 kB
MemTotal:        1844596 kB
MemFree:          610704 kB
MemAvailable:    1470648 kB
Buffers:           89636 kB
Cached:           793548 kB
MemTotal:        1844596 kB
MemFree:          609528 kB
MemAvailable:    1469472 kB
Buffers:           89636 kB
Cached:           793548 kB
MemTotal:        1844596 kB
MemFree:          609404 kB
MemAvailable:    1469348 kB
Buffers:           89636 kB
Cached:           793548 kB
MemTotal:        1844596 kB
MemFree:          610588 kB
MemAvailable:    1470532 kB
Buffers:           89636 kB
Cached:           793548 kB
MemTotal:        1844596 kB
MemFree:          610060 kB
MemAvailable:    1470004 kB
Buffers:           89636 kB
Cached:           793548 kB
MemTotal:        1844596 kB
MemFree:          609672 kB
MemAvailable:    1469616 kB
Buffers:           89636 kB
Cached:           793548 kB
MemTotal:        1844596 kB
MemFree:          610844 kB
MemAvailable:    1470788 kB
Buffers:           89636 kB
Cached:           793548 kB
MemTotal:        1844596 kB
MemFree:          610740 kB
MemAvailable:    1470684 kB
Buffers:           89636 kB
Cached:           793548 kB
MemTotal:        1844596 kB
MemFree:          609420 kB
MemAvailable:    1469364 kB
Buffers:           89636 kB
Cached:           793548 kB
MemTotal:        1844596 kB
MemFree:          610648 kB
MemAvailable:    1470592 kB
Buffers:           89636 kB
Cached:           793548 kB
MemTotal:        1844596 kB
MemFree:          610556 kB
MemAvailable:    1470500 kB
Buffers:           89636 kB
Cached:           793548 kB
MemTotal:        1844596 kB
MemFree:          610720 kB
MemAvailable:    1470664 kB
Buffers:           89636 kB
Cached:           793548 kB
MemTotal:        1844596 kB
MemFree:          610680 kB
MemAvailable:    1470624 kB
Buffers:           89636 kB
Cached:           793548 kB
MemTotal:        1844596 kB
MemFree:          610608 kB
MemAvailable:    1470552 kB
Buffers:           89636 kB
Cached:           793548 kB
MemTotal:        1844596 kB
MemFree:          610300 kB
MemAvailable:    1470244 kB
Buffers:           89636 kB
Cached:           793548 kB
MemTotal:        1844596 kB
MemFree:          610492 kB
MemAvailable:    1470436 kB
Buffers:           89636 kB
Cached:           793548 kB
MemTotal:        1844596 kB
MemFree:          609500 kB
MemAvailable:    1469444 kB
Buffers:           89636 kB
Cached:           793548 kB
MemTotal:        1844596 kB
MemFree:          609500 kB
MemAvailable:    1469444 kB
Buffers:           89636 kB
Cached:           793548 kB
MemTotal:        1844596 kB
MemFree:          609404 kB
MemAvailable:    1469348 kB
Buffers:           89636 kB
Cached:           793548 kB
MemTotal:        1844596 kB
MemFree:          610592 kB
MemAvailable:    1470536 kB
Buffers:           89636 kB
Cached:           793548 kB
MemTotal:        1844596 kB
MemFree:          609148 kB
MemAvailable:    1469092 kB
Buffers:           89636 kB
Cached:           793548 kB
MemTotal:        1844596 kB
MemFree:          610700 kB
MemAvailable:    1470644 kB
Buffers:           89636 kB
Cached:           793548 kB
MemTotal:        1844596 kB
MemFree:          609944 kB
MemAvailable:    1469888 kB
Buffers:           89636 kB
Cached:           793548 kB
MemTotal:        1844596 kB
MemFree:          610540 kB
MemAvailable:    1470484 kB
Buffers:           89636 kB
Cached:           793548 kB
MemTotal:        1844596 kB
MemFree:          610876 kB
MemAvailable:    1470820 kB
Buffers:           89636 kB
Cached:           793548 kB
MemTotal:        1844596 kB
MemFree:          609556 kB
MemAvailable:    1469500 kB
Buffers:           89636 kB
Cached:           793548 kB
MemTotal:        1844596 kB
MemFree:          609300 kB
MemAvailable:    1469244 kB
Buffers:           89636 kB
Cached:           793548 kB
MemTotal:        1844596 kB
MemFree:          610852 kB
MemAvailable:    1470796 kB
Buffers:           89636 kB
Cached:           793548 kB
MemTotal:        1844596 kB
MemFree:          609300 kB
MemAvailable:    1469244 kB
Buffers:           89636 kB
Cached:           793548 kB
MemTotal:        1844596 kB
MemFree:          609384 kB
MemAvailable:    1469328 kB
Buffers:           89636 kB
Cached:           793548 kB
MemTotal:        1844596 kB
MemFree:          609632 kB
MemAvailable:    1469576 kB
Buffers:           89636 kB
Cached:           793548 kB
MemTotal:        1844596 kB
MemFree:          610492 kB
MemAvailable:    1470436 kB
Buffers:           89636 kB
Cached:           793548 kB
MemTotal:        1844596 kB
MemFree:          609440 kB
MemAvailable:    1469384 kB
Buffers:           89636 kB
Cached:           793548 kB
MemTotal:        1844596 kB
MemFree:          609740 kB
MemAvailable:    1469684 kB
Buffers:           89636 kB
Cached:           793548 kB
MemTotal:        1844596 kB
MemFree:          610076 kB
MemAvailable:    1470020 kB
Buffers:           89636 kB
Cached:           793548 kB
MemTotal:        1844596 kB
MemFree:          609608 kB
MemAvailable:    1469552 kB
Buffers:           89636 kB
Cached:           793548 kB
MemTotal:        1844596 kB
MemFree:          609776 kB
MemAvailable:    1469720 kB
Buffers:           89636 kB
Cached:           793548 kB
MemTotal:        1844596 kB
MemFree:          609508 kB
MemAvailable:    1469452 kB
Buffers:           89636 kB
Cached:           793548 kB
MemTotal:        1844596 kB
MemFree:          609280 kB
MemAvailable:    1469224 kB
Buffers:           89636 kB
Cached:           793548 kB
MemTotal:        1844596 kB
MemFree:          609532 kB
MemAvailable:    1469476 kB
Buffers:           89636 kB
Cached:           793548 kB
MemTotal:        1844596 kB
MemFree:          608188 kB
MemAvailable:    1468132 kB
Buffers:           89636 kB
Cached:           793548 kB
MemTotal:        1844596 kB
MemFree:          609288 kB
MemAvailable:    1469232 kB
Buffers:           89636 kB
Cached:           793548 kB
MemTotal:        1844596 kB
MemFree:          609624 kB
MemAvailable:    1469568 kB
Buffers:           89636 kB
Cached:           793548 kB
MemTotal:        1844596 kB
MemFree:          609296 kB
MemAvailable:    1469240 kB
Buffers:           89636 kB
Cached:           793548 kB
MemTotal:        1844596 kB
MemFree:          608296 kB
MemAvailable:    1468240 kB
Buffers:           89636 kB
Cached:           793548 kB
MemTotal:        1844596 kB
MemFree:          608048 kB
MemAvailable:    1467992 kB
Buffers:           89636 kB
Cached:           793548 kB
MemTotal:        1844596 kB
MemFree:          609044 kB
MemAvailable:    1468988 kB
Buffers:           89636 kB
Cached:           793548 kB
MemTotal:        1844596 kB
MemFree:          608084 kB
MemAvailable:    1468028 kB
Buffers:           89636 kB
Cached:           793548 kB
MemTotal:        1844596 kB
MemFree:          609020 kB
MemAvailable:    1468964 kB
Buffers:           89636 kB
Cached:           793548 kB
MemTotal:        1844596 kB
MemFree:          609276 kB
MemAvailable:    1469220 kB
Buffers:           89636 kB
Cached:           793548 kB
MemTotal:        1844596 kB
MemFree:          607696 kB
MemAvailable:    1467640 kB
Buffers:           89636 kB
Cached:           793548 kB
MemTotal:        1844596 kB
MemFree:          608076 kB
MemAvailable:    1468020 kB
Buffers:           89636 kB
Cached:           793548 kB
MemTotal:        1844596 kB
MemFree:          607780 kB
MemAvailable:    1467724 kB
Buffers:           89636 kB
Cached:           793548 kB
MemTotal:        1844596 kB
MemFree:          607780 kB
MemAvailable:    1467724 kB
Buffers:           89636 kB
Cached:           793548 kB
MemTotal:        1844596 kB
MemFree:          607316 kB
MemAvailable:    1467264 kB
Buffers:           89636 kB
Cached:           793552 kB
MemTotal:        1844596 kB
MemFree:          607652 kB
MemAvailable:    1467600 kB
Buffers:           89636 kB
Cached:           793552 kB
MemTotal:        1844596 kB
MemFree:          607776 kB
MemAvailable:    1467724 kB
Buffers:           89636 kB
Cached:           793552 kB
MemTotal:        1844596 kB
MemFree:          607520 kB
MemAvailable:    1467472 kB
Buffers:           89636 kB
Cached:           793556 kB
MemTotal:        1844596 kB
MemFree:          607636 kB
MemAvailable:    1467588 kB
Buffers:           89636 kB
Cached:           793556 kB
MemTotal:        1844596 kB
MemFree:          604864 kB
MemAvailable:    1464816 kB
Buffers:           89636 kB
Cached:           793556 kB
MemTotal:        1844596 kB
MemFree:          601876 kB
MemAvailable:    1461828 kB
Buffers:           89636 kB
Cached:           793556 kB
MemTotal:        1844596 kB
MemFree:          598032 kB
MemAvailable:    1457984 kB
Buffers:           89636 kB
Cached:           793556 kB
MemTotal:        1844596 kB
MemFree:          596924 kB
MemAvailable:    1456876 kB
Buffers:           89636 kB
Cached:           793556 kB
MemTotal:        1844596 kB
MemFree:          597728 kB
MemAvailable:    1457680 kB
Buffers:           89636 kB
Cached:           793556 kB
MemTotal:        1844596 kB
MemFree:          597728 kB
MemAvailable:    1457680 kB
Buffers:           89636 kB
Cached:           793556 kB
MemTotal:        1844596 kB
MemFree:          597404 kB
MemAvailable:    1457356 kB
Buffers:           89636 kB
Cached:           793556 kB
MemTotal:        1844596 kB
MemFree:          597208 kB
MemAvailable:    1457160 kB
Buffers:           89636 kB
Cached:           793556 kB
MemTotal:        1844596 kB
MemFree:          595924 kB
MemAvailable:    1455876 kB
Buffers:           89636 kB
Cached:           793556 kB
MemTotal:        1844596 kB
MemFree:          596528 kB
MemAvailable:    1456480 kB
Buffers:           89636 kB
Cached:           793556 kB
MemTotal:        1844596 kB
MemFree:          596528 kB
MemAvailable:    1456480 kB
Buffers:           89636 kB
Cached:           793556 kB
MemTotal:        1844596 kB
MemFree:          594560 kB
MemAvailable:    1454512 kB
Buffers:           89636 kB
Cached:           793556 kB
MemTotal:        1844596 kB
MemFree:          594744 kB
MemAvailable:    1454696 kB
Buffers:           89636 kB
Cached:           793556 kB
MemTotal:        1844596 kB
MemFree:          594124 kB
MemAvailable:    1454076 kB
Buffers:           89636 kB
Cached:           793556 kB
MemTotal:        1844596 kB
MemFree:          594128 kB
MemAvailable:    1454080 kB
Buffers:           89636 kB
Cached:           793556 kB
MemTotal:        1844596 kB
MemFree:          592652 kB
MemAvailable:    1452604 kB
Buffers:           89636 kB
Cached:           793556 kB
MemTotal:        1844596 kB
MemFree:          593828 kB
MemAvailable:    1453780 kB
Buffers:           89636 kB
Cached:           793556 kB
MemTotal:        1844596 kB
MemFree:          593864 kB
MemAvailable:    1453816 kB
Buffers:           89636 kB
Cached:           793556 kB
MemTotal:        1844596 kB
MemFree:          592808 kB
MemAvailable:    1452760 kB
Buffers:           89636 kB
Cached:           793556 kB
MemTotal:        1844596 kB
MemFree:          592676 kB
MemAvailable:    1452628 kB
Buffers:           89636 kB
Cached:           793556 kB
MemTotal:        1844596 kB
MemFree:          592636 kB
MemAvailable:    1452588 kB
Buffers:           89636 kB
Cached:           793556 kB
MemTotal:        1844596 kB
MemFree:          593904 kB
MemAvailable:    1453856 kB
Buffers:           89636 kB
Cached:           793556 kB
MemTotal:        1844596 kB
MemFree:          593904 kB
MemAvailable:    1453856 kB
Buffers:           89636 kB
Cached:           793556 kB
MemTotal:        1844596 kB
MemFree:          592644 kB
MemAvailable:    1452596 kB
Buffers:           89636 kB
Cached:           793556 kB
MemTotal:        1844596 kB
MemFree:          593820 kB
MemAvailable:    1453772 kB
Buffers:           89636 kB
Cached:           793556 kB
MemTotal:        1844596 kB
MemFree:          592680 kB
MemAvailable:    1452632 kB
Buffers:           89636 kB
Cached:           793556 kB
MemTotal:        1844596 kB
MemFree:          593544 kB
MemAvailable:    1453496 kB
Buffers:           89636 kB
Cached:           793556 kB
MemTotal:        1844596 kB
MemFree:          593544 kB
MemAvailable:    1453496 kB
Buffers:           89636 kB
Cached:           793556 kB
MemTotal:        1844596 kB
MemFree:          593048 kB
MemAvailable:    1453000 kB
Buffers:           89636 kB
Cached:           793556 kB
MemTotal:        1844596 kB
MemFree:          591512 kB
MemAvailable:    1451464 kB
Buffers:           89636 kB
Cached:           793556 kB
MemTotal:        1844596 kB
MemFree:          590840 kB
MemAvailable:    1450792 kB
Buffers:           89636 kB
Cached:           793556 kB
MemTotal:        1844596 kB
MemFree:          592140 kB
MemAvailable:    1452092 kB
Buffers:           89636 kB
Cached:           793556 kB
MemTotal:        1844596 kB
MemFree:          591776 kB
MemAvailable:    1451728 kB
Buffers:           89636 kB
Cached:           793556 kB
MemTotal:        1844596 kB
MemFree:          592028 kB
MemAvailable:    1451980 kB
Buffers:           89636 kB
Cached:           793556 kB
MemTotal:        1844596 kB
MemFree:          591460 kB
MemAvailable:    1451412 kB
Buffers:           89636 kB
Cached:           793556 kB
MemTotal:        1844596 kB
MemFree:          591196 kB
MemAvailable:    1451148 kB
Buffers:           89636 kB
Cached:           793556 kB
MemTotal:        1844596 kB
MemFree:          590592 kB
MemAvailable:    1450544 kB
Buffers:           89636 kB
Cached:           793556 kB
MemTotal:        1844596 kB
MemFree:          589352 kB
MemAvailable:    1449304 kB
Buffers:           89636 kB
Cached:           793556 kB
MemTotal:        1844596 kB
MemFree:          590452 kB
MemAvailable:    1450404 kB
Buffers:           89636 kB
Cached:           793556 kB
MemTotal:        1844596 kB
MemFree:          590536 kB
MemAvailable:    1450488 kB
Buffers:           89636 kB
Cached:           793556 kB
MemTotal:        1844596 kB
MemFree:          589048 kB
MemAvailable:    1449000 kB
Buffers:           89636 kB
Cached:           793556 kB
MemTotal:        1844596 kB
MemFree:          588856 kB
MemAvailable:    1448808 kB
Buffers:           89636 kB
Cached:           793556 kB
MemTotal:        1844596 kB
MemFree:          589892 kB
MemAvailable:    1449844 kB
Buffers:           89636 kB
Cached:           793556 kB
MemTotal:        1844596 kB
MemFree:          589652 kB
MemAvailable:    1449604 kB
Buffers:           89636 kB
Cached:           793556 kB
MemTotal:        1844596 kB
MemFree:          589724 kB
MemAvailable:    1449676 kB
Buffers:           89636 kB
Cached:           793556 kB
MemTotal:        1844596 kB
MemFree:          589704 kB
MemAvailable:    1449656 kB
Buffers:           89636 kB
Cached:           793556 kB
MemTotal:        1844596 kB
MemFree:          588472 kB
MemAvailable:    1448424 kB
Buffers:           89636 kB
Cached:           793556 kB
MemTotal:        1844596 kB
MemFree:          589704 kB
MemAvailable:    1449656 kB
Buffers:           89636 kB
Cached:           793556 kB
MemTotal:        1844596 kB
MemFree:          588548 kB
MemAvailable:    1448500 kB
Buffers:           89636 kB
Cached:           793556 kB
MemTotal:        1844596 kB
MemFree:          588544 kB
MemAvailable:    1448496 kB
Buffers:           89636 kB
Cached:           793556 kB
MemTotal:        1844596 kB
MemFree:          589868 kB
MemAvailable:    1449820 kB
Buffers:           89636 kB
Cached:           793556 kB
MemTotal:        1844596 kB
MemFree:          588544 kB
MemAvailable:    1448496 kB
Buffers:           89636 kB
Cached:           793556 kB
MemTotal:        1844596 kB
MemFree:          590096 kB
MemAvailable:    1450048 kB
Buffers:           89636 kB
Cached:           793556 kB
MemTotal:        1844596 kB
MemFree:          590096 kB
MemAvailable:    1450048 kB
Buffers:           89636 kB
Cached:           793556 kB
MemTotal:        1844596 kB
MemFree:          588412 kB
MemAvailable:    1448364 kB
Buffers:           89636 kB
Cached:           793556 kB
MemTotal:        1844596 kB
MemFree:          588520 kB
MemAvailable:    1448472 kB
Buffers:           89636 kB
Cached:           793556 kB
MemTotal:        1844596 kB
MemFree:          588404 kB
MemAvailable:    1448356 kB
Buffers:           89636 kB
Cached:           793556 kB
MemTotal:        1844596 kB
MemFree:          588316 kB
MemAvailable:    1448268 kB
Buffers:           89636 kB
Cached:           793556 kB
MemTotal:        1844596 kB
MemFree:          589640 kB
MemAvailable:    1449592 kB
Buffers:           89636 kB
Cached:           793556 kB
MemTotal:        1844596 kB
MemFree:          588608 kB
MemAvailable:    1448560 kB
Buffers:           89636 kB
Cached:           793556 kB
MemTotal:        1844596 kB
MemFree:          588320 kB
MemAvailable:    1448280 kB
Buffers:           89636 kB
Cached:           793564 kB
MemTotal:        1844596 kB
MemFree:          589676 kB
MemAvailable:    1449636 kB
Buffers:           89636 kB
Cached:           793564 kB
MemTotal:        1844596 kB
MemFree:          589600 kB
MemAvailable:    1449560 kB
Buffers:           89636 kB
Cached:           793564 kB
MemTotal:        1844596 kB
MemFree:          589468 kB
MemAvailable:    1449428 kB
Buffers:           89636 kB
Cached:           793564 kB
MemTotal:        1844596 kB
MemFree:          588312 kB
MemAvailable:    1448272 kB
Buffers:           89636 kB
Cached:           793564 kB
MemTotal:        1844596 kB
MemFree:          589468 kB
MemAvailable:    1449428 kB
Buffers:           89636 kB
Cached:           793564 kB
MemTotal:        1844596 kB
MemFree:          589360 kB
MemAvailable:    1449320 kB
Buffers:           89636 kB
Cached:           793564 kB
MemTotal:        1844596 kB
MemFree:          588360 kB
MemAvailable:    1448320 kB
Buffers:           89636 kB
Cached:           793564 kB
MemTotal:        1844596 kB
MemFree:          588456 kB
MemAvailable:    1448416 kB
Buffers:           89636 kB
Cached:           793564 kB
MemTotal:        1844596 kB
MemFree:          588352 kB
MemAvailable:    1448312 kB
Buffers:           89636 kB
Cached:           793564 kB
MemTotal:        1844596 kB
MemFree:          586500 kB
MemAvailable:    1446464 kB
Buffers:           89636 kB
Cached:           793568 kB
MemTotal:        1844596 kB
MemFree:          585252 kB
MemAvailable:    1445216 kB
Buffers:           89636 kB
Cached:           793568 kB
MemTotal:        1844596 kB
MemFree:          584896 kB
MemAvailable:    1444860 kB
Buffers:           89636 kB
Cached:           793568 kB
MemTotal:        1844596 kB
MemFree:          582284 kB
MemAvailable:    1442248 kB
Buffers:           89636 kB
Cached:           793568 kB
MemTotal:        1844596 kB
MemFree:          578416 kB
MemAvailable:    1438380 kB
Buffers:           89636 kB
Cached:           793568 kB
MemTotal:        1844596 kB
MemFree:          578416 kB
MemAvailable:    1438380 kB
Buffers:           89636 kB
Cached:           793568 kB
MemTotal:        1844596 kB
MemFree:          574348 kB
MemAvailable:    1434312 kB
Buffers:           89636 kB
Cached:           793568 kB
MemTotal:        1844596 kB
MemFree:          571232 kB
MemAvailable:    1431196 kB
Buffers:           89636 kB
Cached:           793568 kB
MemTotal:        1844596 kB
MemFree:          571000 kB
MemAvailable:    1430964 kB
Buffers:           89636 kB
Cached:           793568 kB
MemTotal:        1844596 kB
MemFree:          570984 kB
MemAvailable:    1430948 kB
Buffers:           89636 kB
Cached:           793568 kB
MemTotal:        1844596 kB
MemFree:          571044 kB
MemAvailable:    1431008 kB
Buffers:           89636 kB
Cached:           793568 kB
MemTotal:        1844596 kB
MemFree:          570996 kB
MemAvailable:    1430960 kB
Buffers:           89636 kB
Cached:           793568 kB
MemTotal:        1844596 kB
MemFree:          570872 kB
MemAvailable:    1430836 kB
Buffers:           89636 kB
Cached:           793568 kB
MemTotal:        1844596 kB
MemFree:          569732 kB
MemAvailable:    1429696 kB
Buffers:           89636 kB
Cached:           793568 kB
MemTotal:        1844596 kB
MemFree:          570652 kB
MemAvailable:    1430616 kB
Buffers:           89636 kB
Cached:           793568 kB
MemTotal:        1844596 kB
MemFree:          569684 kB
MemAvailable:    1429648 kB
Buffers:           89636 kB
Cached:           793568 kB
MemTotal:        1844596 kB
MemFree:          569684 kB
MemAvailable:    1429648 kB
Buffers:           89636 kB
Cached:           793568 kB
MemTotal:        1844596 kB
MemFree:          571048 kB
MemAvailable:    1431012 kB
Buffers:           89636 kB
Cached:           793568 kB
MemTotal:        1844596 kB
MemFree:          570660 kB
MemAvailable:    1430624 kB
Buffers:           89636 kB
Cached:           793568 kB
MemTotal:        1844596 kB
MemFree:          570132 kB
MemAvailable:    1430096 kB
Buffers:           89636 kB
Cached:           793568 kB
MemTotal:        1844596 kB
MemFree:          570256 kB
MemAvailable:    1430220 kB
Buffers:           89636 kB
Cached:           793568 kB
MemTotal:        1844596 kB
MemFree:          570184 kB
MemAvailable:    1430148 kB
Buffers:           89636 kB
Cached:           793568 kB
MemTotal:        1844596 kB
MemFree:          569016 kB
MemAvailable:    1428980 kB
Buffers:           89636 kB
Cached:           793568 kB
MemTotal:        1844596 kB
MemFree:          569732 kB
MemAvailable:    1429696 kB
Buffers:           89636 kB
Cached:           793568 kB
MemTotal:        1844596 kB
MemFree:          570068 kB
MemAvailable:    1430032 kB
Buffers:           89636 kB
Cached:           793568 kB
MemTotal:        1844596 kB
MemFree:          569884 kB
MemAvailable:    1429848 kB
Buffers:           89636 kB
Cached:           793568 kB
MemTotal:        1844596 kB
MemFree:          569272 kB
MemAvailable:    1429236 kB
Buffers:           89636 kB
Cached:           793568 kB
MemTotal:        1844596 kB
MemFree:          569876 kB
MemAvailable:    1429840 kB
Buffers:           89636 kB
Cached:           793568 kB
MemTotal:        1844596 kB
MemFree:          570132 kB
MemAvailable:    1430096 kB
Buffers:           89636 kB
Cached:           793568 kB
MemTotal:        1844596 kB
MemFree:          568884 kB
MemAvailable:    1428848 kB
Buffers:           89636 kB
Cached:           793568 kB
MemTotal:        1844596 kB
MemFree:          568760 kB
MemAvailable:    1428724 kB
Buffers:           89636 kB
Cached:           793568 kB
MemTotal:        1844596 kB
MemFree:          568760 kB
MemAvailable:    1428724 kB
Buffers:           89636 kB
Cached:           793568 kB
MemTotal:        1844596 kB
MemFree:          570000 kB
MemAvailable:    1429964 kB
Buffers:           89636 kB
Cached:           793568 kB
MemTotal:        1844596 kB
MemFree:          570012 kB
MemAvailable:    1429976 kB
Buffers:           89636 kB
Cached:           793568 kB
MemTotal:        1844596 kB
MemFree:          569264 kB
MemAvailable:    1429228 kB
Buffers:           89636 kB
Cached:           793568 kB
MemTotal:        1844596 kB
MemFree:          569732 kB
MemAvailable:    1429696 kB
Buffers:           89636 kB
Cached:           793568 kB
MemTotal:        1844596 kB
MemFree:          570068 kB
MemAvailable:    1430032 kB
Buffers:           89636 kB
Cached:           793568 kB
MemTotal:        1844596 kB
MemFree:          568584 kB
MemAvailable:    1428548 kB
Buffers:           89636 kB
Cached:           793568 kB
MemTotal:        1844596 kB
MemFree:          569876 kB
MemAvailable:    1429840 kB
Buffers:           89636 kB
Cached:           793568 kB
MemTotal:        1844596 kB
MemFree:          569884 kB
MemAvailable:    1429848 kB
Buffers:           89636 kB
Cached:           793568 kB
MemTotal:        1844596 kB
MemFree:          568952 kB
MemAvailable:    1428916 kB
Buffers:           89636 kB
Cached:           793568 kB
MemTotal:        1844596 kB
MemFree:          565668 kB
MemAvailable:    1425632 kB
Buffers:           89636 kB
Cached:           793568 kB
MemTotal:        1844596 kB
MemFree:          561676 kB
MemAvailable:    1421640 kB
Buffers:           89636 kB
Cached:           793568 kB
MemTotal:        1844596 kB
MemFree:          561640 kB
MemAvailable:    1421604 kB
Buffers:           89636 kB
Cached:           793568 kB
MemTotal:        1844596 kB
MemFree:          556616 kB
MemAvailable:    1416580 kB
Buffers:           89636 kB
Cached:           793568 kB
MemTotal:        1844596 kB
MemFree:          553700 kB
MemAvailable:    1413664 kB
Buffers:           89636 kB
Cached:           793568 kB
MemTotal:        1844596 kB
MemFree:          550788 kB
MemAvailable:    1410752 kB
Buffers:           89636 kB
Cached:           793568 kB
MemTotal:        1844596 kB
MemFree:          551708 kB
MemAvailable:    1411672 kB
Buffers:           89636 kB
Cached:           793568 kB
MemTotal:        1844596 kB
MemFree:          551920 kB
MemAvailable:    1411884 kB
Buffers:           89636 kB
Cached:           793568 kB
MemTotal:        1844596 kB
MemFree:          552088 kB
MemAvailable:    1412052 kB
Buffers:           89636 kB
Cached:           793568 kB
MemTotal:        1844596 kB
MemFree:          551812 kB
MemAvailable:    1411776 kB
Buffers:           89636 kB
Cached:           793568 kB
MemTotal:        1844596 kB
MemFree:          550664 kB
MemAvailable:    1410628 kB
Buffers:           89636 kB
Cached:           793568 kB
MemTotal:        1844596 kB
MemFree:          551732 kB
MemAvailable:    1411700 kB
Buffers:           89636 kB
Cached:           793572 kB
MemTotal:        1844596 kB
MemFree:          551732 kB
MemAvailable:    1411700 kB
Buffers:           89636 kB
Cached:           793572 kB
MemTotal:        1844596 kB
MemFree:          551660 kB
MemAvailable:    1411628 kB
Buffers:           89636 kB
Cached:           793572 kB
MemTotal:        1844596 kB
MemFree:          550652 kB
MemAvailable:    1410620 kB
Buffers:           89636 kB
Cached:           793572 kB
MemTotal:        1844596 kB
MemFree:          550528 kB
MemAvailable:    1410496 kB
Buffers:           89636 kB
Cached:           793572 kB
MemTotal:        1844596 kB
MemFree:          550528 kB
MemAvailable:    1410496 kB
Buffers:           89636 kB
Cached:           793572 kB
MemTotal:        1844596 kB
MemFree:          551720 kB
MemAvailable:    1411688 kB
Buffers:           89636 kB
Cached:           793572 kB
MemTotal:        1844596 kB
MemFree:          551664 kB
MemAvailable:    1411632 kB
Buffers:           89636 kB
Cached:           793572 kB
MemTotal:        1844596 kB
MemFree:          551660 kB
MemAvailable:    1411628 kB
Buffers:           89636 kB
Cached:           793572 kB
MemTotal:        1844596 kB
MemFree:          551596 kB
MemAvailable:    1411564 kB
Buffers:           89636 kB
Cached:           793572 kB
MemTotal:        1844596 kB
MemFree:          551848 kB
MemAvailable:    1411816 kB
Buffers:           89636 kB
Cached:           793572 kB
MemTotal:        1844596 kB
MemFree:          551780 kB
MemAvailable:    1411748 kB
Buffers:           89636 kB
Cached:           793572 kB
MemTotal:        1844596 kB
MemFree:          551292 kB
MemAvailable:    1411260 kB
Buffers:           89636 kB
Cached:           793572 kB
MemTotal:        1844596 kB
MemFree:          550368 kB
MemAvailable:    1410336 kB
Buffers:           89636 kB
Cached:           793572 kB
MemTotal:        1844596 kB
MemFree:          550360 kB
MemAvailable:    1410328 kB
Buffers:           89636 kB
Cached:           793572 kB
MemTotal:        1844596 kB
MemFree:          550368 kB
MemAvailable:    1410336 kB
Buffers:           89636 kB
Cached:           793572 kB
MemTotal:        1844596 kB
MemFree:          551640 kB
MemAvailable:    1411608 kB
Buffers:           89636 kB
Cached:           793572 kB
MemTotal:        1844596 kB
MemFree:          551892 kB
MemAvailable:    1411860 kB
Buffers:           89636 kB
Cached:           793572 kB
MemTotal:        1844596 kB
MemFree:          550276 kB
MemAvailable:    1410244 kB
Buffers:           89636 kB
Cached:           793572 kB
MemTotal:        1844596 kB
MemFree:          550400 kB
MemAvailable:    1410368 kB
Buffers:           89636 kB
Cached:           793572 kB
MemTotal:        1844596 kB
MemFree:          550648 kB
MemAvailable:    1410616 kB
Buffers:           89636 kB
Cached:           793572 kB
MemTotal:        1844596 kB
MemFree:          551608 kB
MemAvailable:    1411580 kB
Buffers:           89636 kB
Cached:           793576 kB
MemTotal:        1844596 kB
MemFree:          551416 kB
MemAvailable:    1411388 kB
Buffers:           89636 kB
Cached:           793576 kB
MemTotal:        1844596 kB
MemFree:          551644 kB
MemAvailable:    1411616 kB
Buffers:           89636 kB
Cached:           793576 kB
MemTotal:        1844596 kB
MemFree:          551900 kB
MemAvailable:    1411872 kB
Buffers:           89636 kB
Cached:           793576 kB
MemTotal:        1844596 kB
MemFree:          551656 kB
MemAvailable:    1411628 kB
Buffers:           89636 kB
Cached:           793576 kB
MemTotal:        1844596 kB
MemFree:          551700 kB
MemAvailable:    1411672 kB
Buffers:           89636 kB
Cached:           793576 kB
MemTotal:        1844596 kB
MemFree:          550520 kB
MemAvailable:    1410492 kB
Buffers:           89636 kB
Cached:           793576 kB
MemTotal:        1844596 kB
MemFree:          551748 kB
MemAvailable:    1411720 kB
Buffers:           89636 kB
Cached:           793576 kB
MemTotal:        1844596 kB
MemFree:          551516 kB
MemAvailable:    1411488 kB
Buffers:           89636 kB
Cached:           793576 kB
MemTotal:        1844596 kB
MemFree:          551852 kB
MemAvailable:    1411824 kB
Buffers:           89636 kB
Cached:           793576 kB
MemTotal:        1844596 kB
MemFree:          548564 kB
MemAvailable:    1408536 kB
Buffers:           89636 kB
Cached:           793576 kB
MemTotal:        1844596 kB
MemFree:          546084 kB
MemAvailable:    1406056 kB
Buffers:           89636 kB
Cached:           793576 kB
MemTotal:        1844596 kB
MemFree:          539256 kB
MemAvailable:    1399228 kB
Buffers:           89636 kB
Cached:           793576 kB
MemTotal:        1844596 kB
MemFree:          535968 kB
MemAvailable:    1395940 kB
Buffers:           89636 kB
Cached:           793576 kB
MemTotal:        1844596 kB
MemFree:          533436 kB
MemAvailable:    1393408 kB
Buffers:           89636 kB
Cached:           793576 kB
MemTotal:        1844596 kB
MemFree:          534552 kB
MemAvailable:    1394524 kB
Buffers:           89636 kB
Cached:           793576 kB
MemTotal:        1844596 kB
MemFree:          533180 kB
MemAvailable:    1393152 kB
Buffers:           89636 kB
Cached:           793576 kB
MemTotal:        1844596 kB
MemFree:          533428 kB
MemAvailable:    1393400 kB
Buffers:           89636 kB
Cached:           793576 kB
MemTotal:        1844596 kB
MemFree:          533196 kB
MemAvailable:    1393168 kB
Buffers:           89636 kB
Cached:           793576 kB
MemTotal:        1844596 kB
MemFree:          531940 kB
MemAvailable:    1391912 kB
Buffers:           89636 kB
Cached:           793576 kB
MemTotal:        1844596 kB
MemFree:          532064 kB
MemAvailable:    1392036 kB
Buffers:           89636 kB
Cached:           793576 kB
MemTotal:        1844596 kB
MemFree:          532304 kB
MemAvailable:    1392276 kB
Buffers:           89636 kB
Cached:           793576 kB
MemTotal:        1844596 kB
MemFree:          532188 kB
MemAvailable:    1392160 kB
Buffers:           89636 kB
Cached:           793576 kB
MemTotal:        1844596 kB
MemFree:          533356 kB
MemAvailable:    1393328 kB
Buffers:           89636 kB
Cached:           793576 kB
MemTotal:        1844596 kB
MemFree:          532072 kB
MemAvailable:    1392044 kB
Buffers:           89636 kB
Cached:           793576 kB
MemTotal:        1844596 kB
MemFree:          532644 kB
MemAvailable:    1392620 kB
Buffers:           89636 kB
Cached:           793580 kB
MemTotal:        1844596 kB
MemFree:          532900 kB
MemAvailable:    1392876 kB
Buffers:           89636 kB
Cached:           793580 kB
MemTotal:        1844596 kB
MemFree:          532676 kB
MemAvailable:    1392652 kB
Buffers:           89636 kB
Cached:           793580 kB
MemTotal:        1844596 kB
MemFree:          532204 kB
MemAvailable:    1392180 kB
Buffers:           89636 kB
Cached:           793580 kB
MemTotal:        1844596 kB
MemFree:          532196 kB
MemAvailable:    1392172 kB
Buffers:           89636 kB
Cached:           793580 kB
MemTotal:        1844596 kB
MemFree:          532064 kB
MemAvailable:    1392040 kB
Buffers:           89636 kB
Cached:           793580 kB
MemTotal:        1844596 kB
MemFree:          530336 kB
MemAvailable:    1390312 kB
Buffers:           89636 kB
Cached:           793580 kB
MemTotal:        1844596 kB
MemFree:          530824 kB
MemAvailable:    1390800 kB
Buffers:           89636 kB
Cached:           793580 kB
MemTotal:        1844596 kB
MemFree:          531080 kB
MemAvailable:    1391056 kB
Buffers:           89636 kB
Cached:           793580 kB
MemTotal:        1844596 kB
MemFree:          530396 kB
MemAvailable:    1390372 kB
Buffers:           89636 kB
Cached:           793580 kB
MemTotal:        1844596 kB
MemFree:          529840 kB
MemAvailable:    1389816 kB
Buffers:           89636 kB
Cached:           793580 kB
MemTotal:        1844596 kB
MemFree:          528980 kB
MemAvailable:    1388956 kB
Buffers:           89636 kB
Cached:           793580 kB
MemTotal:        1844596 kB
MemFree:          527484 kB
MemAvailable:    1387460 kB
Buffers:           89636 kB
Cached:           793580 kB
MemTotal:        1844596 kB
MemFree:          526608 kB
MemAvailable:    1386584 kB
Buffers:           89636 kB
Cached:           793580 kB
MemTotal:        1844596 kB
MemFree:          526120 kB
MemAvailable:    1386096 kB
Buffers:           89636 kB
Cached:           793580 kB
MemTotal:        1844596 kB
MemFree:          527484 kB
MemAvailable:    1387460 kB
Buffers:           89636 kB
Cached:           793580 kB
MemTotal:        1844596 kB
MemFree:          526244 kB
MemAvailable:    1386220 kB
Buffers:           89636 kB
Cached:           793580 kB
MemTotal:        1844596 kB
MemFree:          527044 kB
MemAvailable:    1387020 kB
Buffers:           89636 kB
Cached:           793580 kB
MemTotal:        1844596 kB
MemFree:          527296 kB
MemAvailable:    1387272 kB
Buffers:           89636 kB
Cached:           793580 kB
MemTotal:        1844596 kB
MemFree:          525816 kB
MemAvailable:    1385792 kB
Buffers:           89636 kB
Cached:           793580 kB
MemTotal:        1844596 kB
MemFree:          525940 kB
MemAvailable:    1385916 kB
Buffers:           89636 kB
Cached:           793580 kB
MemTotal:        1844596 kB
MemFree:          527368 kB
MemAvailable:    1387344 kB
Buffers:           89636 kB
Cached:           793580 kB
MemTotal:        1844596 kB
MemFree:          526676 kB
MemAvailable:    1386652 kB
Buffers:           89636 kB
Cached:           793580 kB
MemTotal:        1844596 kB
MemFree:          524756 kB
MemAvailable:    1384732 kB
Buffers:           89636 kB
Cached:           793580 kB
MemTotal:        1844596 kB
MemFree:          525608 kB
MemAvailable:    1385584 kB
Buffers:           89636 kB
Cached:           793580 kB
MemTotal:        1844596 kB
MemFree:          525692 kB
MemAvailable:    1385668 kB
Buffers:           89636 kB
Cached:           793580 kB
MemTotal:        1844596 kB
MemFree:          523840 kB
MemAvailable:    1383816 kB
Buffers:           89636 kB
Cached:           793580 kB
MemTotal:        1844596 kB
MemFree:          525412 kB
MemAvailable:    1385388 kB
Buffers:           89636 kB
Cached:           793580 kB
MemTotal:        1844596 kB
MemFree:          525096 kB
MemAvailable:    1385072 kB
Buffers:           89636 kB
Cached:           793580 kB
MemTotal:        1844596 kB
MemFree:          524500 kB
MemAvailable:    1384476 kB
Buffers:           89636 kB
Cached:           793580 kB
MemTotal:        1844596 kB
MemFree:          525608 kB
MemAvailable:    1385584 kB
Buffers:           89636 kB
Cached:           793580 kB
MemTotal:        1844596 kB
MemFree:          525492 kB
MemAvailable:    1385468 kB
Buffers:           89636 kB
Cached:           793580 kB
MemTotal:        1844596 kB
MemFree:          525436 kB
MemAvailable:    1385412 kB
Buffers:           89636 kB
Cached:           793580 kB
MemTotal:        1844596 kB
MemFree:          525452 kB
MemAvailable:    1385428 kB
Buffers:           89636 kB
Cached:           793580 kB
MemTotal:        1844596 kB
MemFree:          525708 kB
MemAvailable:    1385684 kB
Buffers:           89636 kB
Cached:           793580 kB
MemTotal:        1844596 kB
MemFree:          524212 kB
MemAvailable:    1384188 kB
Buffers:           89636 kB
Cached:           793580 kB
MemTotal:        1844596 kB
MemFree:          524212 kB
MemAvailable:    1384188 kB
Buffers:           89636 kB
Cached:           793580 kB
MemTotal:        1844596 kB
MemFree:          524384 kB
MemAvailable:    1384360 kB
Buffers:           89636 kB
Cached:           793580 kB
MemTotal:        1844596 kB
MemFree:          525404 kB
MemAvailable:    1385380 kB
Buffers:           89636 kB
Cached:           793580 kB
MemTotal:        1844596 kB
MemFree:          525576 kB
MemAvailable:    1385552 kB
Buffers:           89636 kB
Cached:           793580 kB
MemTotal:        1844596 kB
MemFree:          524248 kB
MemAvailable:    1384224 kB
Buffers:           89636 kB
Cached:           793580 kB
MemTotal:        1844596 kB
MemFree:          525112 kB
MemAvailable:    1385088 kB
Buffers:           89636 kB
Cached:           793580 kB
MemTotal:        1844596 kB
MemFree:          524580 kB
MemAvailable:    1384556 kB
Buffers:           89636 kB
Cached:           793580 kB
MemTotal:        1844596 kB
MemFree:          524340 kB
MemAvailable:    1384324 kB
Buffers:           89636 kB
Cached:           793588 kB
MemTotal:        1844596 kB
MemFree:          524076 kB
MemAvailable:    1384060 kB
Buffers:           89636 kB
Cached:           793588 kB
MemTotal:        1844596 kB
MemFree:          524200 kB
MemAvailable:    1384184 kB
Buffers:           89636 kB
Cached:           793588 kB
MemTotal:        1844596 kB
MemFree:          525608 kB
MemAvailable:    1385592 kB
Buffers:           89636 kB
Cached:           793588 kB
MemTotal:        1844596 kB
MemFree:          525428 kB
MemAvailable:    1385412 kB
Buffers:           89636 kB
Cached:           793588 kB
MemTotal:        1844596 kB
MemFree:          524460 kB
MemAvailable:    1384444 kB
Buffers:           89636 kB
Cached:           793588 kB
MemTotal:        1844596 kB
MemFree:          524260 kB
MemAvailable:    1384244 kB
Buffers:           89636 kB
Cached:           793588 kB
MemTotal:        1844596 kB
MemFree:          525504 kB
MemAvailable:    1385488 kB
Buffers:           89636 kB
Cached:           793588 kB
MemTotal:        1844596 kB
MemFree:          525696 kB
MemAvailable:    1385680 kB
Buffers:           89636 kB
Cached:           793588 kB
MemTotal:        1844596 kB
MemFree:          525252 kB
MemAvailable:    1385236 kB
Buffers:           89636 kB
Cached:           793588 kB
MemTotal:        1844596 kB
MemFree:          525480 kB
MemAvailable:    1385464 kB
Buffers:           89636 kB
Cached:           793588 kB
MemTotal:        1844596 kB
MemFree:          525480 kB
MemAvailable:    1385464 kB
Buffers:           89636 kB
Cached:           793588 kB
MemTotal:        1844596 kB
MemFree:          525492 kB
MemAvailable:    1385476 kB
Buffers:           89636 kB
Cached:           793588 kB
MemTotal:        1844596 kB
MemFree:          525508 kB
MemAvailable:    1385492 kB
Buffers:           89636 kB
Cached:           793588 kB
MemTotal:        1844596 kB
MemFree:          525452 kB
MemAvailable:    1385436 kB
Buffers:           89636 kB
Cached:           793588 kB
MemTotal:        1844596 kB
MemFree:          525360 kB
MemAvailable:    1385344 kB
Buffers:           89636 kB
Cached:           793588 kB
MemTotal:        1844596 kB
MemFree:          525128 kB
MemAvailable:    1385112 kB
Buffers:           89636 kB
Cached:           793588 kB
MemTotal:        1844596 kB
MemFree:          525372 kB
MemAvailable:    1385356 kB
Buffers:           89636 kB
Cached:           793588 kB
MemTotal:        1844596 kB
MemFree:          525312 kB
MemAvailable:    1385296 kB
Buffers:           89636 kB
Cached:           793588 kB
MemTotal:        1844596 kB
MemFree:          525568 kB
MemAvailable:    1385552 kB
Buffers:           89636 kB
Cached:           793588 kB
MemTotal:        1844596 kB
MemFree:          525424 kB
MemAvailable:    1385408 kB
Buffers:           89636 kB
Cached:           793588 kB
MemTotal:        1844596 kB
MemFree:          525424 kB
MemAvailable:    1385408 kB
Buffers:           89636 kB
Cached:           793588 kB
MemTotal:        1844596 kB
MemFree:          525496 kB
MemAvailable:    1385480 kB
Buffers:           89636 kB
Cached:           793588 kB
MemTotal:        1844596 kB
MemFree:          524872 kB
MemAvailable:    1384856 kB
Buffers:           89636 kB
Cached:           793588 kB
MemTotal:        1844596 kB
MemFree:          525084 kB
MemAvailable:    1385068 kB
Buffers:           89636 kB
Cached:           793588 kB
MemTotal:        1844596 kB
MemFree:          521276 kB
MemAvailable:    1381260 kB
Buffers:           89636 kB
Cached:           793588 kB
MemTotal:        1844596 kB
MemFree:          519432 kB
MemAvailable:    1379416 kB
Buffers:           89636 kB
Cached:           793588 kB
MemTotal:        1844596 kB
MemFree:          513772 kB
MemAvailable:    1373756 kB
Buffers:           89636 kB
Cached:           793588 kB
MemTotal:        1844596 kB
MemFree:          512604 kB
MemAvailable:    1372588 kB
Buffers:           89636 kB
Cached:           793588 kB
MemTotal:        1844596 kB
MemFree:          510300 kB
MemAvailable:    1370284 kB
Buffers:           89636 kB
Cached:           793588 kB
MemTotal:        1844596 kB
MemFree:          507900 kB
MemAvailable:    1367884 kB
Buffers:           89636 kB
Cached:           793588 kB
MemTotal:        1844596 kB
MemFree:          506140 kB
MemAvailable:    1366124 kB
Buffers:           89636 kB
Cached:           793588 kB
MemTotal:        1844596 kB
MemFree:          506476 kB
MemAvailable:    1366460 kB
Buffers:           89636 kB
Cached:           793588 kB
MemTotal:        1844596 kB
MemFree:          506148 kB
MemAvailable:    1366132 kB
Buffers:           89636 kB
Cached:           793588 kB
MemTotal:        1844596 kB
MemFree:          506136 kB
MemAvailable:    1366120 kB
Buffers:           89636 kB
Cached:           793588 kB
MemTotal:        1844596 kB
MemFree:          506080 kB
MemAvailable:    1366064 kB
Buffers:           89636 kB
Cached:           793588 kB
MemTotal:        1844596 kB
MemFree:          506068 kB
MemAvailable:    1366052 kB
Buffers:           89636 kB
Cached:           793588 kB
MemTotal:        1844596 kB
MemFree:          506004 kB
MemAvailable:    1365988 kB
Buffers:           89636 kB
Cached:           793588 kB
MemTotal:        1844596 kB
MemFree:          504576 kB
MemAvailable:    1364560 kB
Buffers:           89636 kB
Cached:           793588 kB
MemTotal:        1844596 kB
MemFree:          506156 kB
MemAvailable:    1366140 kB
Buffers:           89636 kB
Cached:           793588 kB
MemTotal:        1844596 kB
MemFree:          506076 kB
MemAvailable:    1366060 kB
Buffers:           89636 kB
Cached:           793588 kB
MemTotal:        1844596 kB
MemFree:          504668 kB
MemAvailable:    1364652 kB
Buffers:           89636 kB
Cached:           793588 kB
MemTotal:        1844596 kB
MemFree:          505984 kB
MemAvailable:    1365968 kB
Buffers:           89636 kB
Cached:           793588 kB
MemTotal:        1844596 kB
MemFree:          506240 kB
MemAvailable:    1366224 kB
Buffers:           89636 kB
Cached:           793588 kB
MemTotal:        1844596 kB
MemFree:          505900 kB
MemAvailable:    1365884 kB
Buffers:           89636 kB
Cached:           793588 kB
MemTotal:        1844596 kB
MemFree:          505828 kB
MemAvailable:    1365812 kB
Buffers:           89636 kB
Cached:           793588 kB
MemTotal:        1844596 kB
MemFree:          504668 kB
MemAvailable:    1364652 kB
Buffers:           89636 kB
Cached:           793588 kB
MemTotal:        1844596 kB
MemFree:          505572 kB
MemAvailable:    1365556 kB
Buffers:           89636 kB
Cached:           793588 kB
MemTotal:        1844596 kB
MemFree:          505668 kB
MemAvailable:    1365652 kB
Buffers:           89636 kB
Cached:           793588 kB
MemTotal:        1844596 kB
MemFree:          505612 kB
MemAvailable:    1365596 kB
Buffers:           89636 kB
Cached:           793588 kB
MemTotal:        1844596 kB
MemFree:          504352 kB
MemAvailable:    1364336 kB
Buffers:           89636 kB
Cached:           793588 kB
MemTotal:        1844596 kB
MemFree:          505724 kB
MemAvailable:    1365708 kB
Buffers:           89636 kB
Cached:           793588 kB
MemTotal:        1844596 kB
MemFree:          505768 kB
MemAvailable:    1365752 kB
Buffers:           89636 kB
Cached:           793588 kB
MemTotal:        1844596 kB
MemFree:          505040 kB
MemAvailable:    1365024 kB
Buffers:           89636 kB
Cached:           793588 kB
MemTotal:        1844596 kB
MemFree:          504660 kB
MemAvailable:    1364644 kB
Buffers:           89636 kB
Cached:           793588 kB
MemTotal:        1844596 kB
MemFree:          505908 kB
MemAvailable:    1365892 kB
Buffers:           89636 kB
Cached:           793588 kB
MemTotal:        1844596 kB
MemFree:          505288 kB
MemAvailable:    1365272 kB
Buffers:           89636 kB
Cached:           793588 kB
MemTotal:        1844596 kB
MemFree:          503552 kB
MemAvailable:    1363536 kB
Buffers:           89636 kB
Cached:           793588 kB
MemTotal:        1844596 kB
MemFree:          501816 kB
MemAvailable:    1361800 kB
Buffers:           89636 kB
Cached:           793588 kB
MemTotal:        1844596 kB
MemFree:          496236 kB
MemAvailable:    1356220 kB
Buffers:           89636 kB
Cached:           793588 kB
MemTotal:        1844596 kB
MemFree:          495924 kB
MemAvailable:    1355908 kB
Buffers:           89636 kB
Cached:           793588 kB
MemTotal:        1844596 kB
MemFree:          494352 kB
MemAvailable:    1354336 kB
Buffers:           89636 kB
Cached:           793588 kB
MemTotal:        1844596 kB
MemFree:          494740 kB
MemAvailable:    1354724 kB
Buffers:           89636 kB
Cached:           793588 kB
MemTotal:        1844596 kB
MemFree:          495244 kB
MemAvailable:    1355228 kB
Buffers:           89636 kB
Cached:           793588 kB
MemTotal:        1844596 kB
MemFree:          492268 kB
MemAvailable:    1352252 kB
Buffers:           89636 kB
Cached:           793588 kB
MemTotal:        1844596 kB
MemFree:          493376 kB
MemAvailable:    1353360 kB
Buffers:           89636 kB
Cached:           793588 kB
MemTotal:        1844596 kB
MemFree:          492384 kB
MemAvailable:    1352368 kB
Buffers:           89636 kB
Cached:           793588 kB
MemTotal:        1844596 kB
MemFree:          493204 kB
MemAvailable:    1353196 kB
Buffers:           89636 kB
Cached:           793596 kB
MemTotal:        1844596 kB
MemFree:          493540 kB
MemAvailable:    1353532 kB
Buffers:           89636 kB
Cached:           793596 kB
MemTotal:        1844596 kB
MemFree:          493180 kB
MemAvailable:    1353172 kB
Buffers:           89636 kB
Cached:           793596 kB
MemTotal:        1844596 kB
MemFree:          493056 kB
MemAvailable:    1353048 kB
Buffers:           89636 kB
Cached:           793596 kB
MemTotal:        1844596 kB
MemFree:          491748 kB
MemAvailable:    1351824 kB
Buffers:           89636 kB
Cached:           793720 kB
MemTotal:        1844596 kB
MemFree:          492700 kB
MemAvailable:    1352944 kB
Buffers:           89636 kB
Cached:           793844 kB
MemTotal:        1844596 kB
MemFree:          491476 kB
MemAvailable:    1351804 kB
Buffers:           89636 kB
Cached:           793968 kB
MemTotal:        1844596 kB
MemFree:          492500 kB
MemAvailable:    1352996 kB
Buffers:           89636 kB
Cached:           794092 kB
MemTotal:        1844596 kB
MemFree:          492500 kB
MemAvailable:    1352996 kB
Buffers:           89636 kB
Cached:           794092 kB
MemTotal:        1844596 kB
MemFree:          492244 kB
MemAvailable:    1352816 kB
Buffers:           89636 kB
Cached:           794172 kB
MemTotal:        1844596 kB
MemFree:          492496 kB
MemAvailable:    1353068 kB
Buffers:           89636 kB
Cached:           794172 kB
MemTotal:        1844596 kB
MemFree:          492336 kB
MemAvailable:    1352992 kB
Buffers:           89636 kB
Cached:           794296 kB
MemTotal:        1844596 kB
MemFree:          492296 kB
MemAvailable:    1352964 kB
Buffers:           89636 kB
Cached:           794268 kB
MemTotal:        1844596 kB
MemFree:          492468 kB
MemAvailable:    1353136 kB
Buffers:           89636 kB
Cached:           794268 kB
MemTotal:        1844596 kB
MemFree:          492264 kB
MemAvailable:    1352932 kB
Buffers:           89636 kB
Cached:           794268 kB
MemTotal:        1844596 kB
MemFree:          492364 kB
MemAvailable:    1353032 kB
Buffers:           89636 kB
Cached:           794268 kB
MemTotal:        1844596 kB
MemFree:          492616 kB
MemAvailable:    1353284 kB
Buffers:           89636 kB
Cached:           794268 kB
MemTotal:        1844596 kB
MemFree:          492872 kB
MemAvailable:    1352952 kB
Buffers:           89636 kB
Cached:           793676 kB
MemTotal:        1844596 kB
MemFree:          493124 kB
MemAvailable:    1353204 kB
Buffers:           89636 kB
Cached:           793676 kB
MemTotal:        1844596 kB
MemFree:          491596 kB
MemAvailable:    1351676 kB
Buffers:           89636 kB
Cached:           793676 kB
MemTotal:        1844596 kB
MemFree:          531744 kB
MemAvailable:    1391824 kB
Buffers:           89636 kB
Cached:           793676 kB
MemTotal:        1844596 kB
MemFree:          686072 kB
MemAvailable:    1546152 kB
Buffers:           89636 kB
Cached:           793676 kB
