MemTotal:        1844596 kB
MemFree:          323040 kB
MemAvailable:    1545724 kB
Buffers:           91952 kB
Cached:          1160064 kB
MemTotal:        1844596 kB
MemFree:          298496 kB
MemAvailable:    1521188 kB
Buffers:           91952 kB
Cached:          1160068 kB
MemTotal:        1844596 kB
MemFree:          294396 kB
MemAvailable:    1517088 kB
Buffers:           91952 kB
Cached:          1160068 kB
MemTotal:        1844596 kB
MemFree:          293148 kB
MemAvailable:    1515840 kB
Buffers:           91952 kB
Cached:          1160068 kB
MemTotal:        1844596 kB
MemFree:          293040 kB
MemAvailable:    1515732 kB
Buffers:           91952 kB
Cached:          1160068 kB
MemTotal:        1844596 kB
MemFree:          291784 kB
MemAvailable:    1514476 kB
Buffers:           91952 kB
Cached:          1160068 kB
MemTotal:        1844596 kB
MemFree:          291868 kB
MemAvailable:    1514560 kB
Buffers:           91952 kB
Cached:          1160068 kB
MemTotal:        1844596 kB
MemFree:          288932 kB
MemAvailable:    1511624 kB
Buffers:           91952 kB
Cached:          1160068 kB
MemTotal:        1844596 kB
MemFree:          288452 kB
MemAvailable:    1511144 kB
Buffers:           91952 kB
Cached:          1160068 kB
MemTotal:        1844596 kB
MemFree:          285972 kB
MemAvailable:    1508664 kB
Buffers:           91952 kB
Cached:          1160068 kB
MemTotal:        1844596 kB
MemFree:          282808 kB
MemAvailable:    1505500 kB
Buffers:           91952 kB
Cached:          1160068 kB
MemTotal:        1844596 kB
MemFree:          279516 kB
MemAvailable:    1502208 kB
Buffers:           91952 kB
Cached:          1160068 kB
MemTotal:        1844596 kB
MemFree:          280684 kB
MemAvailable:    1503376 kB
Buffers:           91952 kB
Cached:          1160068 kB
MemTotal:        1844596 kB
MemFree:          281696 kB
MemAvailable:    1504388 kB
Buffers:           91952 kB
Cached:          1160068 kB
MemTotal:        1844596 kB
MemFree:          281756 kB
MemAvailable:    1504448 kB
Buffers:           91952 kB
Cached:          1160068 kB
MemTotal:        1844596 kB
MemFree:          281568 kB
MemAvailable:    1504260 kB
Buffers:           91952 kB
Cached:          1160068 kB
MemTotal:        1844596 kB
MemFree:          281020 kB
MemAvailable:    1503712 kB
Buffers:           91952 kB
Cached:          1160068 kB
MemTotal:        1844596 kB
MemFree:          281252 kB
MemAvailable:    1503944 kB
Buffers:           91952 kB
Cached:          1160068 kB
MemTotal:        1844596 kB
MemFree:          280400 kB
MemAvailable:    1503092 kB
Buffers:           91952 kB
Cached:          1160068 kB
MemTotal:        1844596 kB
MemFree:          279980 kB
MemAvailable:    1502672 kB
Buffers:           91952 kB
Cached:          1160068 kB
MemTotal:        1844596 kB
MemFree:          281072 kB
MemAvailable:    1503764 kB
Buffers:           91952 kB
Cached:          1160068 kB
MemTotal:        1844596 kB
MemFree:          280392 kB
MemAvailable:    1503084 kB
Buffers:           91952 kB
Cached:          1160068 kB
MemTotal:        1844596 kB
MemFree:          280984 kB
MemAvailable:    1503676 kB
Buffers:           91952 kB
Cached:          1160068 kB
MemTotal:        1844596 kB
MemFree:          281320 kB
MemAvailable:    1504012 kB
Buffers:           91952 kB
Cached:          1160068 kB
MemTotal:        1844596 kB
MemFree:          279752 kB
MemAvailable:    1502444 kB
Buffers:           91952 kB
Cached:          1160068 kB
MemTotal:        1844596 kB
MemFree:          280516 kB
MemAvailable:    1503208 kB
Buffers:           91952 kB
Cached:          1160068 kB
MemTotal:        1844596 kB
MemFree:          278848 kB
MemAvailable:    1501540 kB
Buffers:           91952 kB
Cached:          1160068 kB
MemTotal:        1844596 kB
MemFree:          279096 kB
MemAvailable:    1501788 kB
Buffers:           91952 kB
Cached:          1160068 kB
MemTotal:        1844596 kB
MemFree:          280272 kB
MemAvailable:    1502964 kB
Buffers:           91952 kB
Cached:          1160068 kB
MemTotal:        1844596 kB
MemFree:          280184 kB
MemAvailable:    1502876 kB
Buffers:           91952 kB
Cached:          1160068 kB
MemTotal:        1844596 kB
MemFree:          279524 kB
MemAvailable:    1502216 kB
Buffers:           91952 kB
Cached:          1160068 kB
MemTotal:        1844596 kB
MemFree:          277788 kB
MemAvailable:    1500480 kB
Buffers:           91952 kB
Cached:          1160068 kB
MemTotal:        1844596 kB
MemFree:          277540 kB
MemAvailable:    1500236 kB
Buffers:           91952 kB
Cached:          1160072 kB
MemTotal:        1844596 kB
MemFree:          277780 kB
MemAvailable:    1500476 kB
Buffers:           91952 kB
Cached:          1160072 kB
MemTotal:        1844596 kB
MemFree:          277532 kB
MemAvailable:    1500228 kB
Buffers:           91952 kB
Cached:          1160072 kB
MemTotal:        1844596 kB
MemFree:          278828 kB
MemAvailable:    1501524 kB
Buffers:           91952 kB
Cached:          1160072 kB
MemTotal:        1844596 kB
MemFree:          277480 kB
MemAvailable:    1500176 kB
Buffers:           91952 kB
Cached:          1160072 kB
MemTotal:        1844596 kB
MemFree:          280092 kB
MemAvailable:    1502788 kB
Buffers:           91952 kB
Cached:          1160072 kB
MemTotal:        1844596 kB
MemFree:          279656 kB
MemAvailable:    1502352 kB
Buffers:           91952 kB
Cached:          1160072 kB
MemTotal:        1844596 kB
MemFree:          279136 kB
MemAvailable:    1501832 kB
Buffers:           91952 kB
Cached:          1160072 kB
MemTotal:        1844596 kB
MemFree:          279100 kB
MemAvailable:    1501796 kB
Buffers:           91952 kB
Cached:          1160072 kB
MemTotal:        1844596 kB
MemFree:          274796 kB
MemAvailable:    1497492 kB
Buffers:           91952 kB
Cached:          1160072 kB
MemTotal:        1844596 kB
MemFree:          274192 kB
MemAvailable:    1496888 kB
Buffers:           91952 kB
Cached:          1160072 kB
MemTotal:        1844596 kB
MemFree:          274668 kB
MemAvailable:    1497364 kB
Buffers:           91952 kB
Cached:          1160072 kB
MemTotal:        1844596 kB
MemFree:          274920 kB
MemAvailable:    1497616 kB
Buffers:           91952 kB
Cached:          1160072 kB
MemTotal:        1844596 kB
MemFree:          273376 kB
MemAvailable:    1496072 kB
Buffers:           91952 kB
Cached:          1160072 kB
MemTotal:        1844596 kB
MemFree:          273500 kB
MemAvailable:    1496196 kB
Buffers:           91952 kB
Cached:          1160072 kB
MemTotal:        1844596 kB
MemFree:          274552 kB
MemAvailable:    1497248 kB
Buffers:           91952 kB
Cached:          1160072 kB
MemTotal:        1844596 kB
MemFree:          273500 kB
MemAvailable:    1496196 kB
Buffers:           91952 kB
Cached:          1160072 kB
MemTotal:        1844596 kB
MemFree:          274676 kB
MemAvailable:    1497372 kB
Buffers:           91952 kB
Cached:          1160072 kB
MemTotal:        1844596 kB
MemFree:          273500 kB
MemAvailable:    1496196 kB
Buffers:           91952 kB
Cached:          1160072 kB
MemTotal:        1844596 kB
MemFree:          273624 kB
MemAvailable:    1496320 kB
Buffers:           91952 kB
Cached:          1160072 kB
MemTotal:        1844596 kB
MemFree:          274344 kB
MemAvailable:    1497040 kB
Buffers:           91952 kB
Cached:          1160072 kB
MemTotal:        1844596 kB
MemFree:          274680 kB
MemAvailable:    1497376 kB
Buffers:           91952 kB
Cached:          1160072 kB
MemTotal:        1844596 kB
MemFree:          273112 kB
MemAvailable:    1495808 kB
Buffers:           91952 kB
Cached:          1160072 kB
MemTotal:        1844596 kB
MemFree:          271340 kB
MemAvailable:    1494036 kB
Buffers:           91952 kB
Cached:          1160072 kB
MemTotal:        1844596 kB
MemFree:          267240 kB
MemAvailable:    1489936 kB
Buffers:           91952 kB
Cached:          1160072 kB
MemTotal:        1844596 kB
MemFree:          267936 kB
MemAvailable:    1490632 kB
Buffers:           91952 kB
Cached:          1160072 kB
MemTotal:        1844596 kB
MemFree:          267936 kB
MemAvailable:    1490632 kB
Buffers:           91952 kB
Cached:          1160072 kB
MemTotal:        1844596 kB
MemFree:          266736 kB
MemAvailable:    1489432 kB
Buffers:           91952 kB
Cached:          1160072 kB
MemTotal:        1844596 kB
MemFree:          266440 kB
MemAvailable:    1489136 kB
Buffers:           91956 kB
Cached:          1160068 kB
MemTotal:        1844596 kB
MemFree:          264504 kB
MemAvailable:    1487200 kB
Buffers:           91956 kB
Cached:          1160068 kB
MemTotal:        1844596 kB
MemFree:          265628 kB
MemAvailable:    1488324 kB
Buffers:           91956 kB
Cached:          1160068 kB
MemTotal:        1844596 kB
MemFree:          265616 kB
MemAvailable:    1488312 kB
Buffers:           91956 kB
Cached:          1160068 kB
MemTotal:        1844596 kB
MemFree:          265872 kB
MemAvailable:    1488568 kB
Buffers:           91956 kB
Cached:          1160068 kB
MemTotal:        1844596 kB
MemFree:          264376 kB
MemAvailable:    1487072 kB
Buffers:           91956 kB
Cached:          1160068 kB
MemTotal:        1844596 kB
MemFree:          265700 kB
MemAvailable:    1488396 kB
Buffers:           91956 kB
Cached:          1160068 kB
MemTotal:        1844596 kB
MemFree:          265572 kB
MemAvailable:    1488268 kB
Buffers:           91956 kB
Cached:          1160068 kB
MemTotal:        1844596 kB
MemFree:          264528 kB
MemAvailable:    1487224 kB
Buffers:           91956 kB
Cached:          1160068 kB
MemTotal:        1844596 kB
MemFree:          265372 kB
MemAvailable:    1488068 kB
Buffers:           91956 kB
Cached:          1160068 kB
MemTotal:        1844596 kB
MemFree:          265464 kB
MemAvailable:    1488160 kB
Buffers:           91956 kB
Cached:          1160068 kB
MemTotal:        1844596 kB
MemFree:          264256 kB
MemAvailable:    1486952 kB
Buffers:           91956 kB
Cached:          1160068 kB
MemTotal:        1844596 kB
MemFree:          265200 kB
MemAvailable:    1487896 kB
Buffers:           91956 kB
Cached:          1160068 kB
MemTotal:        1844596 kB
MemFree:          265200 kB
MemAvailable:    1487896 kB
Buffers:           91956 kB
Cached:          1160068 kB
MemTotal:        1844596 kB
MemFree:          265252 kB
MemAvailable:    1487948 kB
Buffers:           91956 kB
Cached:          1160068 kB
MemTotal:        1844596 kB
MemFree:          264004 kB
MemAvailable:    1486700 kB
Buffers:           91956 kB
Cached:          1160068 kB
MemTotal:        1844596 kB
MemFree:          265232 kB
MemAvailable:    1487928 kB
Buffers:           91956 kB
Cached:          1160068 kB
MemTotal:        1844596 kB
MemFree:          265140 kB
MemAvailable:    1487836 kB
Buffers:           91956 kB
Cached:          1160068 kB
MemTotal:        1844596 kB
MemFree:          265304 kB
MemAvailable:    1488000 kB
Buffers:           91956 kB
Cached:          1160068 kB
MemTotal:        1844596 kB
MemFree:          265180 kB
MemAvailable:    1487876 kB
Buffers:           91956 kB
Cached:          1160068 kB
MemTotal:        1844596 kB
MemFree:          263512 kB
MemAvailable:    1486208 kB
Buffers:           91956 kB
Cached:          1160068 kB
MemTotal:        1844596 kB
MemFree:          263156 kB
MemAvailable:    1485852 kB
Buffers:           91956 kB
Cached:          1160068 kB
MemTotal:        1844596 kB
MemFree:          260108 kB
MemAvailable:    1482804 kB
Buffers:           91956 kB
Cached:          1160068 kB
MemTotal:        1844596 kB
MemFree:          257196 kB
MemAvailable:    1479892 kB
Buffers:           91956 kB
Cached:          1160068 kB
MemTotal:        1844596 kB
MemFree:          257196 kB
MemAvailable:    1479892 kB
Buffers:           91956 kB
Cached:          1160068 kB
MemTotal:        1844596 kB
MemFree:          256876 kB
MemAvailable:    1479572 kB
Buffers:           91956 kB
Cached:          1160068 kB
MemTotal:        1844596 kB
MemFree:          256876 kB
MemAvailable:    1479572 kB
Buffers:           91956 kB
Cached:          1160068 kB
MemTotal:        1844596 kB
MemFree:          255832 kB
MemAvailable:    1478528 kB
Buffers:           91956 kB
Cached:          1160068 kB
MemTotal:        1844596 kB
MemFree:          256892 kB
MemAvailable:    1479588 kB
Buffers:           91956 kB
Cached:          1160068 kB
MemTotal:        1844596 kB
MemFree:          255460 kB
MemAvailable:    1478156 kB
Buffers:           91956 kB
Cached:          1160068 kB
MemTotal:        1844596 kB
MemFree:          256760 kB
MemAvailable:    1479456 kB
Buffers:           91956 kB
Cached:          1160068 kB
MemTotal:        1844596 kB
MemFree:          256512 kB
MemAvailable:    1479208 kB
Buffers:           91956 kB
Cached:          1160068 kB
MemTotal:        1844596 kB
MemFree:          256460 kB
MemAvailable:    1479156 kB
Buffers:           91956 kB
Cached:          1160068 kB
MemTotal:        1844596 kB
MemFree:          256372 kB
MemAvailable:    1479068 kB
Buffers:           91956 kB
Cached:          1160068 kB
MemTotal:        1844596 kB
MemFree:          256500 kB
MemAvailable:    1479196 kB
Buffers:           91956 kB
Cached:          1160068 kB
MemTotal:        1844596 kB
MemFree:          256460 kB
MemAvailable:    1479156 kB
Buffers:           91956 kB
Cached:          1160068 kB
MemTotal:        1844596 kB
MemFree:          256580 kB
MemAvailable:    1479276 kB
Buffers:           91956 kB
Cached:          1160068 kB
MemTotal:        1844596 kB
MemFree:          256376 kB
MemAvailable:    1479072 kB
Buffers:           91956 kB
Cached:          1160068 kB
MemTotal:        1844596 kB
MemFree:          256628 kB
MemAvailable:    1479324 kB
Buffers:           91956 kB
Cached:          1160068 kB
MemTotal:        1844596 kB
MemFree:          256632 kB
MemAvailable:    1479328 kB
Buffers:           91956 kB
Cached:          1160068 kB
MemTotal:        1844596 kB
MemFree:          256460 kB
MemAvailable:    1479156 kB
Buffers:           91956 kB
Cached:          1160068 kB
MemTotal:        1844596 kB
MemFree:          255848 kB
MemAvailable:    1478544 kB
Buffers:           91956 kB
Cached:          1160068 kB
MemTotal:        1844596 kB
MemFree:          255592 kB
MemAvailable:    1478300 kB
Buffers:           91956 kB
Cached:          1160080 kB
MemTotal:        1844596 kB
MemFree:          256560 kB
MemAvailable:    1479268 kB
Buffers:           91956 kB
Cached:          1160080 kB
MemTotal:        1844596 kB
MemFree:          256644 kB
MemAvailable:    1479352 kB
Buffers:           91956 kB
Cached:          1160080 kB
MemTotal:        1844596 kB
MemFree:          255164 kB
MemAvailable:    1477872 kB
Buffers:           91956 kB
Cached:          1160080 kB
MemTotal:        1844596 kB
MemFree:          256404 kB
MemAvailable:    1479112 kB
Buffers:           91956 kB
Cached:          1160080 kB
MemTotal:        1844596 kB
MemFree:          255324 kB
MemAvailable:    1478032 kB
Buffers:           91956 kB
Cached:          1160080 kB
MemTotal:        1844596 kB
MemFree:          256564 kB
MemAvailable:    1479272 kB
Buffers:           91956 kB
Cached:          1160080 kB
MemTotal:        1844596 kB
MemFree:          255840 kB
MemAvailable:    1478548 kB
Buffers:           91956 kB
Cached:          1160080 kB
MemTotal:        1844596 kB
MemFree:          251112 kB
MemAvailable:    1473820 kB
Buffers:           91956 kB
Cached:          1160080 kB
MemTotal:        1844596 kB
MemFree:          250880 kB
MemAvailable:    1473588 kB
Buffers:           91956 kB
Cached:          1160080 kB
MemTotal:        1844596 kB
MemFree:          247160 kB
MemAvailable:    1469868 kB
Buffers:           91956 kB
Cached:          1160080 kB
MemTotal:        1844596 kB
MemFree:          247392 kB
MemAvailable:    1470100 kB
Buffers:           91956 kB
Cached:          1160080 kB
MemTotal:        1844596 kB
MemFree:          247648 kB
MemAvailable:    1470356 kB
Buffers:           91956 kB
Cached:          1160080 kB
MemTotal:        1844596 kB
MemFree:          246772 kB
MemAvailable:    1469480 kB
Buffers:           91956 kB
Cached:          1160080 kB
MemTotal:        1844596 kB
MemFree:          246540 kB
MemAvailable:    1469248 kB
Buffers:           91956 kB
Cached:          1160080 kB
MemTotal:        1844596 kB
MemFree:          245656 kB
MemAvailable:    1468364 kB
Buffers:           91956 kB
Cached:          1160080 kB
MemTotal:        1844596 kB
MemFree:          244680 kB
MemAvailable:    1467388 kB
Buffers:           91956 kB
Cached:          1160080 kB
MemTotal:        1844596 kB
MemFree:          244128 kB
MemAvailable:    1466836 kB
Buffers:           91956 kB
Cached:          1160080 kB
MemTotal:        1844596 kB
MemFree:          244988 kB
MemAvailable:    1467696 kB
Buffers:           91956 kB
Cached:          1160080 kB
MemTotal:        1844596 kB
MemFree:          244796 kB
MemAvailable:    1467504 kB
Buffers:           91956 kB
Cached:          1160080 kB
MemTotal:        1844596 kB
MemFree:          244192 kB
MemAvailable:    1466900 kB
Buffers:           91956 kB
Cached:          1160080 kB
MemTotal:        1844596 kB
MemFree:          244632 kB
MemAvailable:    1467340 kB
Buffers:           91956 kB
Cached:          1160080 kB
MemTotal:        1844596 kB
MemFree:          244752 kB
MemAvailable:    1467460 kB
Buffers:           91956 kB
Cached:          1160080 kB
MemTotal:        1844596 kB
MemFree:          244744 kB
MemAvailable:    1467452 kB
Buffers:           91956 kB
Cached:          1160080 kB
MemTotal:        1844596 kB
MemFree:          244664 kB
MemAvailable:    1467372 kB
Buffers:           91956 kB
Cached:          1160080 kB
MemTotal:        1844596 kB
MemFree:          244916 kB
MemAvailable:    1467624 kB
Buffers:           91956 kB
Cached:          1160080 kB
MemTotal:        1844596 kB
MemFree:          244852 kB
MemAvailable:    1467560 kB
Buffers:           91956 kB
Cached:          1160080 kB
MemTotal:        1844596 kB
MemFree:          243668 kB
MemAvailable:    1466376 kB
Buffers:           91956 kB
Cached:          1160080 kB
MemTotal:        1844596 kB
MemFree:          244720 kB
MemAvailable:    1467428 kB
Buffers:           91956 kB
Cached:          1160080 kB
MemTotal:        1844596 kB
MemFree:          244716 kB
MemAvailable:    1467424 kB
Buffers:           91956 kB
Cached:          1160080 kB
MemTotal:        1844596 kB
MemFree:          243944 kB
MemAvailable:    1466652 kB
Buffers:           91956 kB
Cached:          1160080 kB
MemTotal:        1844596 kB
MemFree:          244548 kB
MemAvailable:    1467256 kB
Buffers:           91956 kB
Cached:          1160080 kB
MemTotal:        1844596 kB
MemFree:          244804 kB
MemAvailable:    1467512 kB
Buffers:           91956 kB
Cached:          1160080 kB
MemTotal:        1844596 kB
MemFree:          244568 kB
MemAvailable:    1467276 kB
Buffers:           91956 kB
Cached:          1160080 kB
MemTotal:        1844596 kB
MemFree:          243512 kB
MemAvailable:    1466220 kB
Buffers:           91956 kB
Cached:          1160080 kB
MemTotal:        1844596 kB
MemFree:          244664 kB
MemAvailable:    1467372 kB
Buffers:           91956 kB
Cached:          1160080 kB
MemTotal:        1844596 kB
MemFree:          243936 kB
MemAvailable:    1466644 kB
Buffers:           91956 kB
Cached:          1160080 kB
MemTotal:        1844596 kB
MemFree:          244596 kB
MemAvailable:    1467304 kB
Buffers:           91956 kB
Cached:          1160080 kB
MemTotal:        1844596 kB
MemFree:          244724 kB
MemAvailable:    1467432 kB
Buffers:           91956 kB
Cached:          1160080 kB
MemTotal:        1844596 kB
MemFree:          244676 kB
MemAvailable:    1467384 kB
Buffers:           91956 kB
Cached:          1160080 kB
MemTotal:        1844596 kB
MemFree:          243936 kB
MemAvailable:    1466644 kB
Buffers:           91956 kB
Cached:          1160080 kB
MemTotal:        1844596 kB
MemFree:          245168 kB
MemAvailable:    1467880 kB
Buffers:           91956 kB
Cached:          1160084 kB
MemTotal:        1844596 kB
MemFree:          245044 kB
MemAvailable:    1467756 kB
Buffers:           91956 kB
Cached:          1160084 kB
MemTotal:        1844596 kB
MemFree:          244532 kB
MemAvailable:    1467244 kB
Buffers:           91956 kB
Cached:          1160084 kB
MemTotal:        1844596 kB
MemFree:          244784 kB
MemAvailable:    1467496 kB
Buffers:           91956 kB
Cached:          1160084 kB
MemTotal:        1844596 kB
MemFree:          244668 kB
MemAvailable:    1467380 kB
Buffers:           91956 kB
Cached:          1160084 kB
MemTotal:        1844596 kB
MemFree:          243412 kB
MemAvailable:    1466124 kB
Buffers:           91956 kB
Cached:          1160084 kB
MemTotal:        1844596 kB
MemFree:          244648 kB
MemAvailable:    1467360 kB
Buffers:           91956 kB
Cached:          1160084 kB
MemTotal:        1844596 kB
MemFree:          244556 kB
MemAvailable:    1467268 kB
Buffers:           91956 kB
Cached:          1160084 kB
MemTotal:        1844596 kB
MemFree:          244668 kB
MemAvailable:    1467380 kB
Buffers:           91956 kB
Cached:          1160084 kB
MemTotal:        1844596 kB
MemFree:          243668 kB
MemAvailable:    1466380 kB
Buffers:           91956 kB
Cached:          1160084 kB
MemTotal:        1844596 kB
MemFree:          244480 kB
MemAvailable:    1467192 kB
Buffers:           91956 kB
Cached:          1160084 kB
MemTotal:        1844596 kB
MemFree:          244184 kB
MemAvailable:    1466896 kB
Buffers:           91956 kB
Cached:          1160084 kB
MemTotal:        1844596 kB
MemFree:          244560 kB
MemAvailable:    1467272 kB
Buffers:           91956 kB
Cached:          1160084 kB
MemTotal:        1844596 kB
MemFree:          244528 kB
MemAvailable:    1467240 kB
Buffers:           91956 kB
Cached:          1160084 kB
MemTotal:        1844596 kB
MemFree:          244680 kB
MemAvailable:    1467392 kB
Buffers:           91956 kB
Cached:          1160084 kB
MemTotal:        1844596 kB
MemFree:          244668 kB
MemAvailable:    1467380 kB
Buffers:           91956 kB
Cached:          1160084 kB
MemTotal:        1844596 kB
MemFree:          244620 kB
MemAvailable:    1467332 kB
Buffers:           91956 kB
Cached:          1160084 kB
MemTotal:        1844596 kB
MemFree:          243936 kB
MemAvailable:    1466648 kB
Buffers:           91956 kB
Cached:          1160084 kB
MemTotal:        1844596 kB
MemFree:          244488 kB
MemAvailable:    1467200 kB
Buffers:           91956 kB
Cached:          1160084 kB
MemTotal:        1844596 kB
MemFree:          244488 kB
MemAvailable:    1467200 kB
Buffers:           91956 kB
Cached:          1160084 kB
MemTotal:        1844596 kB
MemFree:          243376 kB
MemAvailable:    1466088 kB
Buffers:           91956 kB
Cached:          1160084 kB
MemTotal:        1844596 kB
MemFree:          243376 kB
MemAvailable:    1466088 kB
Buffers:           91956 kB
Cached:          1160084 kB
MemTotal:        1844596 kB
MemFree:          244544 kB
MemAvailable:    1467256 kB
Buffers:           91956 kB
Cached:          1160084 kB
MemTotal:        1844596 kB
MemFree:          243944 kB
MemAvailable:    1466656 kB
Buffers:           91956 kB
Cached:          1160084 kB
MemTotal:        1844596 kB
MemFree:          244376 kB
MemAvailable:    1467088 kB
Buffers:           91956 kB
Cached:          1160084 kB
MemTotal:        1844596 kB
MemFree:          244632 kB
MemAvailable:    1467344 kB
Buffers:           91956 kB
Cached:          1160084 kB
MemTotal:        1844596 kB
MemFree:          244112 kB
MemAvailable:    1466824 kB
Buffers:           91956 kB
Cached:          1160084 kB
MemTotal:        1844596 kB
MemFree:          244112 kB
MemAvailable:    1466824 kB
Buffers:           91956 kB
Cached:          1160084 kB
MemTotal:        1844596 kB
MemFree:          244296 kB
MemAvailable:    1467008 kB
Buffers:           91956 kB
Cached:          1160084 kB
MemTotal:        1844596 kB
MemFree:          244224 kB
MemAvailable:    1466936 kB
Buffers:           91956 kB
Cached:          1160084 kB
MemTotal:        1844596 kB
MemFree:          244020 kB
MemAvailable:    1466732 kB
Buffers:           91956 kB
Cached:          1160084 kB
MemTotal:        1844596 kB
MemFree:          244272 kB
MemAvailable:    1466984 kB
Buffers:           91956 kB
Cached:          1160084 kB
MemTotal:        1844596 kB
MemFree:          244040 kB
MemAvailable:    1466752 kB
Buffers:           91956 kB
Cached:          1160084 kB
MemTotal:        1844596 kB
MemFree:          244068 kB
MemAvailable:    1466780 kB
Buffers:           91956 kB
Cached:          1160084 kB
MemTotal:        1844596 kB
MemFree:          244044 kB
MemAvailable:    1466760 kB
Buffers:           91956 kB
Cached:          1160088 kB
MemTotal:        1844596 kB
MemFree:          243936 kB
MemAvailable:    1466652 kB
Buffers:           91956 kB
Cached:          1160088 kB
MemTotal:        1844596 kB
MemFree:          242556 kB
MemAvailable:    1465272 kB
Buffers:           91956 kB
Cached:          1160088 kB
MemTotal:        1844596 kB
MemFree:          244004 kB
MemAvailable:    1466724 kB
Buffers:           91956 kB
Cached:          1160092 kB
MemTotal:        1844596 kB
MemFree:          243724 kB
MemAvailable:    1466444 kB
Buffers:           91956 kB
Cached:          1160092 kB
MemTotal:        1844596 kB
MemFree:          242500 kB
MemAvailable:    1465220 kB
Buffers:           91956 kB
Cached:          1160092 kB
MemTotal:        1844596 kB
MemFree:          243612 kB
MemAvailable:    1466332 kB
Buffers:           91956 kB
Cached:          1160092 kB
MemTotal:        1844596 kB
MemFree:          243864 kB
MemAvailable:    1466584 kB
Buffers:           91956 kB
Cached:          1160092 kB
MemTotal:        1844596 kB
MemFree:          243548 kB
MemAvailable:    1466268 kB
Buffers:           91956 kB
Cached:          1160092 kB
MemTotal:        1844596 kB
MemFree:          243800 kB
MemAvailable:    1466520 kB
Buffers:           91956 kB
Cached:          1160092 kB
MemTotal:        1844596 kB
MemFree:          243552 kB
MemAvailable:    1466272 kB
Buffers:           91956 kB
Cached:          1160092 kB
MemTotal:        1844596 kB
MemFree:          243732 kB
MemAvailable:    1466452 kB
Buffers:           91956 kB
Cached:          1160092 kB
MemTotal:        1844596 kB
MemFree:          242408 kB
MemAvailable:    1465128 kB
Buffers:           91956 kB
Cached:          1160092 kB
MemTotal:        1844596 kB
MemFree:          242524 kB
MemAvailable:    1465244 kB
Buffers:           91956 kB
Cached:          1160092 kB
MemTotal:        1844596 kB
MemFree:          243996 kB
MemAvailable:    1466716 kB
Buffers:           91956 kB
Cached:          1160092 kB
MemTotal:        1844596 kB
MemFree:          244060 kB
MemAvailable:    1466780 kB
Buffers:           91956 kB
Cached:          1160092 kB
MemTotal:        1844596 kB
MemFree:          244008 kB
MemAvailable:    1466728 kB
Buffers:           91956 kB
Cached:          1160092 kB
MemTotal:        1844596 kB
MemFree:          244176 kB
MemAvailable:    1466896 kB
Buffers:           91956 kB
Cached:          1160092 kB
MemTotal:        1844596 kB
MemFree:          244028 kB
MemAvailable:    1466748 kB
Buffers:           91956 kB
Cached:          1160092 kB
MemTotal:        1844596 kB
MemFree:          242572 kB
MemAvailable:    1465292 kB
Buffers:           91956 kB
Cached:          1160092 kB
MemTotal:        1844596 kB
MemFree:          239896 kB
MemAvailable:    1462616 kB
Buffers:           91956 kB
Cached:          1160092 kB
MemTotal:        1844596 kB
MemFree:          233628 kB
MemAvailable:    1456348 kB
Buffers:           91956 kB
Cached:          1160092 kB
MemTotal:        1844596 kB
MemFree:          232900 kB
MemAvailable:    1455620 kB
Buffers:           91956 kB
Cached:          1160092 kB
MemTotal:        1844596 kB
MemFree:          233340 kB
MemAvailable:    1456060 kB
Buffers:           91956 kB
Cached:          1160092 kB
MemTotal:        1844596 kB
MemFree:          232092 kB
MemAvailable:    1454812 kB
Buffers:           91956 kB
Cached:          1160092 kB
MemTotal:        1844596 kB
MemFree:          231660 kB
MemAvailable:    1454380 kB
Buffers:           91956 kB
Cached:          1160092 kB
MemTotal:        1844596 kB
MemFree:          232644 kB
MemAvailable:    1455364 kB
Buffers:           91956 kB
Cached:          1160092 kB
MemTotal:        1844596 kB
MemFree:          231536 kB
MemAvailable:    1454256 kB
Buffers:           91956 kB
Cached:          1160092 kB
MemTotal:        1844596 kB
MemFree:          232016 kB
MemAvailable:    1454740 kB
Buffers:           91956 kB
Cached:          1160096 kB
MemTotal:        1844596 kB
MemFree:          232156 kB
MemAvailable:    1454880 kB
Buffers:           91956 kB
Cached:          1160096 kB
MemTotal:        1844596 kB
MemFree:          231836 kB
MemAvailable:    1454560 kB
Buffers:           91956 kB
Cached:          1160096 kB
MemTotal:        1844596 kB
MemFree:          231980 kB
MemAvailable:    1454704 kB
Buffers:           91956 kB
Cached:          1160096 kB
MemTotal:        1844596 kB
MemFree:          230288 kB
MemAvailable:    1453012 kB
Buffers:           91956 kB
Cached:          1160096 kB
MemTotal:        1844596 kB
MemFree:          230372 kB
MemAvailable:    1453096 kB
Buffers:           91956 kB
Cached:          1160096 kB
MemTotal:        1844596 kB
MemFree:          230052 kB
MemAvailable:    1452776 kB
Buffers:           91956 kB
Cached:          1160096 kB
MemTotal:        1844596 kB
MemFree:          229896 kB
MemAvailable:    1452620 kB
Buffers:           91956 kB
Cached:          1160096 kB
MemTotal:        1844596 kB
MemFree:          230232 kB
MemAvailable:    1452956 kB
Buffers:           91956 kB
Cached:          1160096 kB
MemTotal:        1844596 kB
MemFree:          230208 kB
MemAvailable:    1452932 kB
Buffers:           91956 kB
Cached:          1160096 kB
MemTotal:        1844596 kB
MemFree:          230272 kB
MemAvailable:    1452996 kB
Buffers:           91956 kB
Cached:          1160096 kB
MemTotal:        1844596 kB
MemFree:          230040 kB
MemAvailable:    1452764 kB
Buffers:           91956 kB
Cached:          1160096 kB
MemTotal:        1844596 kB
MemFree:          230180 kB
MemAvailable:    1452904 kB
Buffers:           91956 kB
Cached:          1160096 kB
MemTotal:        1844596 kB
MemFree:          230296 kB
MemAvailable:    1453020 kB
Buffers:           91956 kB
Cached:          1160096 kB
MemTotal:        1844596 kB
MemFree:          228924 kB
MemAvailable:    1451648 kB
Buffers:           91956 kB
Cached:          1160096 kB
MemTotal:        1844596 kB
MemFree:          228924 kB
MemAvailable:    1451648 kB
Buffers:           91956 kB
Cached:          1160096 kB
MemTotal:        1844596 kB
MemFree:          230108 kB
MemAvailable:    1452832 kB
Buffers:           91956 kB
Cached:          1160096 kB
MemTotal:        1844596 kB
MemFree:          230276 kB
MemAvailable:    1453000 kB
Buffers:           91956 kB
Cached:          1160096 kB
MemTotal:        1844596 kB
MemFree:          230044 kB
MemAvailable:    1452768 kB
Buffers:           91956 kB
Cached:          1160096 kB
MemTotal:        1844596 kB
MemFree:          229736 kB
MemAvailable:    1452460 kB
Buffers:           91956 kB
Cached:          1160096 kB
MemTotal:        1844596 kB
MemFree:          228800 kB
MemAvailable:    1451524 kB
Buffers:           91956 kB
Cached:          1160096 kB
MemTotal:        1844596 kB
MemFree:          228692 kB
MemAvailable:    1451292 kB
Buffers:           91956 kB
Cached:          1160096 kB
MemTotal:        1844596 kB
MemFree:          228180 kB
MemAvailable:    1450904 kB
Buffers:           91956 kB
Cached:          1160096 kB
MemTotal:        1844596 kB
MemFree:          227568 kB
MemAvailable:    1450292 kB
Buffers:           91956 kB
Cached:          1160096 kB
MemTotal:        1844596 kB
MemFree:          227936 kB
MemAvailable:    1450660 kB
Buffers:           91956 kB
Cached:          1160096 kB
MemTotal:        1844596 kB
MemFree:          226948 kB
MemAvailable:    1449672 kB
Buffers:           91956 kB
Cached:          1160096 kB
MemTotal:        1844596 kB
MemFree:          227056 kB
MemAvailable:    1449780 kB
Buffers:           91956 kB
Cached:          1160096 kB
MemTotal:        1844596 kB
MemFree:          227072 kB
MemAvailable:    1449796 kB
Buffers:           91956 kB
Cached:          1160096 kB
MemTotal:        1844596 kB
MemFree:          227136 kB
MemAvailable:    1449860 kB
Buffers:           91956 kB
Cached:          1160096 kB
MemTotal:        1844596 kB
MemFree:          226956 kB
MemAvailable:    1449680 kB
Buffers:           91956 kB
Cached:          1160096 kB
MemTotal:        1844596 kB
MemFree:          226008 kB
MemAvailable:    1448732 kB
Buffers:           91956 kB
Cached:          1160096 kB
MemTotal:        1844596 kB
MemFree:          224708 kB
MemAvailable:    1447432 kB
Buffers:           91956 kB
Cached:          1160096 kB
MemTotal:        1844596 kB
MemFree:          224576 kB
MemAvailable:    1447300 kB
Buffers:           91956 kB
Cached:          1160096 kB
MemTotal:        1844596 kB
MemFree:          224956 kB
MemAvailable:    1447680 kB
Buffers:           91956 kB
Cached:          1160096 kB
MemTotal:        1844596 kB
MemFree:          224848 kB
MemAvailable:    1447572 kB
Buffers:           91956 kB
Cached:          1160096 kB
MemTotal:        1844596 kB
MemFree:          224892 kB
MemAvailable:    1447616 kB
Buffers:           91956 kB
Cached:          1160096 kB
MemTotal:        1844596 kB
MemFree:          225040 kB
MemAvailable:    1447764 kB
Buffers:           91956 kB
Cached:          1160096 kB
MemTotal:        1844596 kB
MemFree:          223712 kB
MemAvailable:    1446436 kB
Buffers:           91956 kB
Cached:          1160096 kB
MemTotal:        1844596 kB
MemFree:          224904 kB
MemAvailable:    1447628 kB
Buffers:           91956 kB
Cached:          1160096 kB
MemTotal:        1844596 kB
MemFree:          224904 kB
MemAvailable:    1447628 kB
Buffers:           91956 kB
Cached:          1160096 kB
MemTotal:        1844596 kB
MemFree:          224832 kB
MemAvailable:    1447556 kB
Buffers:           91956 kB
Cached:          1160096 kB
MemTotal:        1844596 kB
MemFree:          224832 kB
MemAvailable:    1447556 kB
Buffers:           91956 kB
Cached:          1160096 kB
MemTotal:        1844596 kB
MemFree:          224900 kB
MemAvailable:    1447624 kB
Buffers:           91956 kB
Cached:          1160096 kB
MemTotal:        1844596 kB
MemFree:          225152 kB
MemAvailable:    1447876 kB
Buffers:           91956 kB
Cached:          1160096 kB
MemTotal:        1844596 kB
MemFree:          224648 kB
MemAvailable:    1447372 kB
Buffers:           91956 kB
Cached:          1160096 kB
MemTotal:        1844596 kB
MemFree:          224900 kB
MemAvailable:    1447624 kB
Buffers:           91956 kB
Cached:          1160096 kB
MemTotal:        1844596 kB
MemFree:          224700 kB
MemAvailable:    1447424 kB
Buffers:           91956 kB
Cached:          1160096 kB
MemTotal:        1844596 kB
MemFree:          224952 kB
MemAvailable:    1447676 kB
Buffers:           91956 kB
Cached:          1160096 kB
MemTotal:        1844596 kB
MemFree:          224460 kB
MemAvailable:    1447188 kB
Buffers:           91956 kB
Cached:          1160100 kB
MemTotal:        1844596 kB
MemFree:          224796 kB
MemAvailable:    1447524 kB
Buffers:           91956 kB
Cached:          1160100 kB
MemTotal:        1844596 kB
MemFree:          224628 kB
MemAvailable:    1447356 kB
Buffers:           91956 kB
Cached:          1160100 kB
MemTotal:        1844596 kB
MemFree:          224964 kB
MemAvailable:    1447692 kB
Buffers:           91956 kB
Cached:          1160100 kB
MemTotal:        1844596 kB
MemFree:          224708 kB
MemAvailable:    1447436 kB
Buffers:           91956 kB
Cached:          1160100 kB
MemTotal:        1844596 kB
MemFree:          224960 kB
MemAvailable:    1447576 kB
Buffers:           91956 kB
Cached:          1160100 kB
MemTotal:        1844596 kB
MemFree:          224728 kB
MemAvailable:    1447456 kB
Buffers:           91956 kB
Cached:          1160100 kB
MemTotal:        1844596 kB
MemFree:          223588 kB
MemAvailable:    1446316 kB
Buffers:           91956 kB
Cached:          1160100 kB
MemTotal:        1844596 kB
MemFree:          224764 kB
MemAvailable:    1447492 kB
Buffers:           91956 kB
Cached:          1160100 kB
MemTotal:        1844596 kB
MemFree:          224564 kB
MemAvailable:    1447292 kB
Buffers:           91956 kB
Cached:          1160100 kB
MemTotal:        1844596 kB
MemFree:          224816 kB
MemAvailable:    1447544 kB
Buffers:           91956 kB
Cached:          1160100 kB
MemTotal:        1844596 kB
MemFree:          223468 kB
MemAvailable:    1446196 kB
Buffers:           91956 kB
Cached:          1160100 kB
MemTotal:        1844596 kB
MemFree:          222864 kB
MemAvailable:    1445592 kB
Buffers:           91956 kB
Cached:          1160100 kB
MemTotal:        1844596 kB
MemFree:          223180 kB
MemAvailable:    1445908 kB
Buffers:           91956 kB
Cached:          1160100 kB
MemTotal:        1844596 kB
MemFree:          223276 kB
MemAvailable:    1446004 kB
Buffers:           91956 kB
Cached:          1160100 kB
MemTotal:        1844596 kB
MemFree:          221600 kB
MemAvailable:    1444328 kB
Buffers:           91956 kB
Cached:          1160100 kB
MemTotal:        1844596 kB
MemFree:          221600 kB
MemAvailable:    1444328 kB
Buffers:           91956 kB
Cached:          1160100 kB
MemTotal:        1844596 kB
MemFree:          218748 kB
MemAvailable:    1441476 kB
Buffers:           91956 kB
Cached:          1160100 kB
MemTotal:        1844596 kB
MemFree:          218392 kB
MemAvailable:    1441120 kB
Buffers:           91956 kB
Cached:          1160100 kB
MemTotal:        1844596 kB
MemFree:          214160 kB
MemAvailable:    1436888 kB
Buffers:           91956 kB
Cached:          1160100 kB
MemTotal:        1844596 kB
MemFree:          214160 kB
MemAvailable:    1436888 kB
Buffers:           91956 kB
Cached:          1160100 kB
MemTotal:        1844596 kB
MemFree:          209560 kB
MemAvailable:    1432288 kB
Buffers:           91956 kB
Cached:          1160100 kB
MemTotal:        1844596 kB
MemFree:          205248 kB
MemAvailable:    1427976 kB
Buffers:           91956 kB
Cached:          1160100 kB
MemTotal:        1844596 kB
MemFree:          206552 kB
MemAvailable:    1429280 kB
Buffers:           91956 kB
Cached:          1160100 kB
MemTotal:        1844596 kB
MemFree:          204860 kB
MemAvailable:    1427588 kB
Buffers:           91956 kB
Cached:          1160100 kB
MemTotal:        1844596 kB
MemFree:          205968 kB
MemAvailable:    1428696 kB
Buffers:           91956 kB
Cached:          1160100 kB
MemTotal:        1844596 kB
MemFree:          205968 kB
MemAvailable:    1428696 kB
Buffers:           91956 kB
Cached:          1160100 kB
MemTotal:        1844596 kB
MemFree:          204732 kB
MemAvailable:    1427460 kB
Buffers:           91956 kB
Cached:          1160100 kB
MemTotal:        1844596 kB
MemFree:          204600 kB
MemAvailable:    1427328 kB
Buffers:           91956 kB
Cached:          1160100 kB
MemTotal:        1844596 kB
MemFree:          205660 kB
MemAvailable:    1428388 kB
Buffers:           91956 kB
Cached:          1160100 kB
MemTotal:        1844596 kB
MemFree:          205000 kB
MemAvailable:    1427728 kB
Buffers:           91956 kB
Cached:          1160100 kB
MemTotal:        1844596 kB
MemFree:          205940 kB
MemAvailable:    1428668 kB
Buffers:           91956 kB
Cached:          1160100 kB
MemTotal:        1844596 kB
MemFree:          205684 kB
MemAvailable:    1428412 kB
Buffers:           91956 kB
Cached:          1160100 kB
MemTotal:        1844596 kB
MemFree:          204132 kB
MemAvailable:    1426860 kB
Buffers:           91956 kB
Cached:          1160100 kB
MemTotal:        1844596 kB
MemFree:          205068 kB
MemAvailable:    1427796 kB
Buffers:           91956 kB
Cached:          1160100 kB
MemTotal:        1844596 kB
MemFree:          205068 kB
MemAvailable:    1427796 kB
Buffers:           91956 kB
Cached:          1160100 kB
MemTotal:        1844596 kB
MemFree:          204944 kB
MemAvailable:    1427672 kB
Buffers:           91956 kB
Cached:          1160100 kB
MemTotal:        1844596 kB
MemFree:          205124 kB
MemAvailable:    1427852 kB
Buffers:           91956 kB
Cached:          1160100 kB
MemTotal:        1844596 kB
MemFree:          204256 kB
MemAvailable:    1426984 kB
Buffers:           91956 kB
Cached:          1160100 kB
MemTotal:        1844596 kB
MemFree:          204848 kB
MemAvailable:    1427576 kB
Buffers:           91956 kB
Cached:          1160100 kB
MemTotal:        1844596 kB
MemFree:          205184 kB
MemAvailable:    1427912 kB
Buffers:           91956 kB
Cached:          1160100 kB
MemTotal:        1844596 kB
MemFree:          205000 kB
MemAvailable:    1427728 kB
Buffers:           91956 kB
Cached:          1160100 kB
MemTotal:        1844596 kB
MemFree:          205060 kB
MemAvailable:    1427788 kB
Buffers:           91956 kB
Cached:          1160100 kB
MemTotal:        1844596 kB
MemFree:          203752 kB
MemAvailable:    1426480 kB
Buffers:           91956 kB
Cached:          1160100 kB
MemTotal:        1844596 kB
MemFree:          204992 kB
MemAvailable:    1427720 kB
Buffers:           91956 kB
Cached:          1160100 kB
MemTotal:        1844596 kB
MemFree:          204760 kB
MemAvailable:    1427488 kB
Buffers:           91956 kB
Cached:          1160100 kB
MemTotal:        1844596 kB
MemFree:          205004 kB
MemAvailable:    1427732 kB
Buffers:           91956 kB
Cached:          1160100 kB
MemTotal:        1844596 kB
MemFree:          205280 kB
MemAvailable:    1428008 kB
Buffers:           91956 kB
Cached:          1160100 kB
MemTotal:        1844596 kB
MemFree:          204876 kB
MemAvailable:    1427604 kB
Buffers:           91956 kB
Cached:          1160100 kB
MemTotal:        1844596 kB
MemFree:          203700 kB
MemAvailable:    1426428 kB
Buffers:           91956 kB
Cached:          1160100 kB
MemTotal:        1844596 kB
MemFree:          203824 kB
MemAvailable:    1426552 kB
Buffers:           91956 kB
Cached:          1160100 kB
MemTotal:        1844596 kB
MemFree:          203736 kB
MemAvailable:    1426464 kB
Buffers:           91956 kB
Cached:          1160100 kB
MemTotal:        1844596 kB
MemFree:          203860 kB
MemAvailable:    1426588 kB
Buffers:           91956 kB
Cached:          1160100 kB
MemTotal:        1844596 kB
MemFree:          203860 kB
MemAvailable:    1426588 kB
Buffers:           91956 kB
Cached:          1160100 kB
MemTotal:        1844596 kB
MemFree:          203860 kB
MemAvailable:    1426588 kB
Buffers:           91956 kB
Cached:          1160100 kB
MemTotal:        1844596 kB
MemFree:          205176 kB
MemAvailable:    1427904 kB
Buffers:           91956 kB
Cached:          1160100 kB
MemTotal:        1844596 kB
MemFree:          205064 kB
MemAvailable:    1427792 kB
Buffers:           91956 kB
Cached:          1160100 kB
MemTotal:        1844596 kB
MemFree:          205008 kB
MemAvailable:    1427736 kB
Buffers:           91956 kB
Cached:          1160100 kB
MemTotal:        1844596 kB
MemFree:          201776 kB
MemAvailable:    1424504 kB
Buffers:           91956 kB
Cached:          1160100 kB
MemTotal:        1844596 kB
MemFree:          199524 kB
MemAvailable:    1422252 kB
Buffers:           91956 kB
Cached:          1160100 kB
MemTotal:        1844596 kB
MemFree:          196444 kB
MemAvailable:    1419172 kB
Buffers:           91956 kB
Cached:          1160100 kB
MemTotal:        1844596 kB
MemFree:          193832 kB
MemAvailable:    1416560 kB
Buffers:           91956 kB
Cached:          1160100 kB
MemTotal:        1844596 kB
MemFree:          193600 kB
MemAvailable:    1416328 kB
Buffers:           91956 kB
Cached:          1160100 kB
MemTotal:        1844596 kB
MemFree:          189004 kB
MemAvailable:    1411732 kB
Buffers:           91956 kB
Cached:          1160100 kB
MemTotal:        1844596 kB
MemFree:          187376 kB
MemAvailable:    1410104 kB
Buffers:           91956 kB
Cached:          1160100 kB
MemTotal:        1844596 kB
MemFree:          187268 kB
MemAvailable:    1409996 kB
Buffers:           91956 kB
Cached:          1160100 kB
MemTotal:        1844596 kB
MemFree:          185972 kB
MemAvailable:    1408700 kB
Buffers:           91956 kB
Cached:          1160100 kB
MemTotal:        1844596 kB
MemFree:          187608 kB
MemAvailable:    1410336 kB
Buffers:           91956 kB
Cached:          1160100 kB
MemTotal:        1844596 kB
MemFree:          186532 kB
MemAvailable:    1409260 kB
Buffers:           91956 kB
Cached:          1160100 kB
MemTotal:        1844596 kB
MemFree:          187640 kB
MemAvailable:    1410372 kB
Buffers:           91956 kB
Cached:          1160104 kB
MemTotal:        1844596 kB
MemFree:          186400 kB
MemAvailable:    1409132 kB
Buffers:           91956 kB
Cached:          1160104 kB
MemTotal:        1844596 kB
MemFree:          186268 kB
MemAvailable:    1409000 kB
Buffers:           91956 kB
Cached:          1160104 kB
MemTotal:        1844596 kB
MemFree:          187012 kB
MemAvailable:    1409744 kB
Buffers:           91956 kB
Cached:          1160104 kB
MemTotal:        1844596 kB
MemFree:          187096 kB
MemAvailable:    1409828 kB
Buffers:           91956 kB
Cached:          1160104 kB
MemTotal:        1844596 kB
MemFree:          186716 kB
MemAvailable:    1409448 kB
Buffers:           91956 kB
Cached:          1160104 kB
MemTotal:        1844596 kB
MemFree:          186972 kB
MemAvailable:    1409704 kB
Buffers:           91956 kB
Cached:          1160104 kB
MemTotal:        1844596 kB
MemFree:          186716 kB
MemAvailable:    1409456 kB
Buffers:           91956 kB
Cached:          1160112 kB
MemTotal:        1844596 kB
MemFree:          186716 kB
MemAvailable:    1409456 kB
Buffers:           91956 kB
Cached:          1160112 kB
MemTotal:        1844596 kB
MemFree:          186744 kB
MemAvailable:    1409484 kB
Buffers:           91956 kB
Cached:          1160112 kB
MemTotal:        1844596 kB
MemFree:          187080 kB
MemAvailable:    1409820 kB
Buffers:           91956 kB
Cached:          1160112 kB
MemTotal:        1844596 kB
MemFree:          185504 kB
MemAvailable:    1408244 kB
Buffers:           91956 kB
Cached:          1160112 kB
MemTotal:        1844596 kB
MemFree:          185720 kB
MemAvailable:    1408460 kB
Buffers:           91956 kB
Cached:          1160112 kB
MemTotal:        1844596 kB
MemFree:          185464 kB
MemAvailable:    1408204 kB
Buffers:           91956 kB
Cached:          1160112 kB
MemTotal:        1844596 kB
MemFree:          186564 kB
MemAvailable:    1409304 kB
Buffers:           91956 kB
Cached:          1160112 kB
MemTotal:        1844596 kB
MemFree:          186900 kB
MemAvailable:    1409640 kB
Buffers:           91956 kB
Cached:          1160112 kB
MemTotal:        1844596 kB
MemFree:          186896 kB
MemAvailable:    1409636 kB
Buffers:           91956 kB
Cached:          1160112 kB
MemTotal:        1844596 kB
MemFree:          187148 kB
MemAvailable:    1409888 kB
Buffers:           91956 kB
Cached:          1160112 kB
MemTotal:        1844596 kB
MemFree:          186856 kB
MemAvailable:    1409596 kB
Buffers:           91956 kB
Cached:          1160112 kB
MemTotal:        1844596 kB
MemFree:          186952 kB
MemAvailable:    1409692 kB
Buffers:           91956 kB
Cached:          1160112 kB
MemTotal:        1844596 kB
MemFree:          186712 kB
MemAvailable:    1409452 kB
Buffers:           91956 kB
Cached:          1160112 kB
MemTotal:        1844596 kB
MemFree:          185728 kB
MemAvailable:    1408468 kB
Buffers:           91956 kB
Cached:          1160112 kB
MemTotal:        1844596 kB
MemFree:          186764 kB
MemAvailable:    1409504 kB
Buffers:           91956 kB
Cached:          1160112 kB
MemTotal:        1844596 kB
MemFree:          187016 kB
MemAvailable:    1409756 kB
Buffers:           91956 kB
Cached:          1160112 kB
MemTotal:        1844596 kB
MemFree:          186892 kB
MemAvailable:    1409632 kB
Buffers:           91956 kB
Cached:          1160112 kB
MemTotal:        1844596 kB
MemFree:          187072 kB
MemAvailable:    1409812 kB
Buffers:           91956 kB
Cached:          1160112 kB
MemTotal:        1844596 kB
MemFree:          186292 kB
MemAvailable:    1409032 kB
Buffers:           91956 kB
Cached:          1160112 kB
MemTotal:        1844596 kB
MemFree:          186020 kB
MemAvailable:    1408760 kB
Buffers:           91956 kB
Cached:          1160112 kB
MemTotal:        1844596 kB
MemFree:          185292 kB
MemAvailable:    1408032 kB
Buffers:           91956 kB
Cached:          1160112 kB
MemTotal:        1844596 kB
MemFree:          180828 kB
MemAvailable:    1403568 kB
Buffers:           91956 kB
Cached:          1160112 kB
MemTotal:        1844596 kB
MemFree:          176240 kB
MemAvailable:    1398980 kB
Buffers:           91956 kB
Cached:          1160112 kB
MemTotal:        1844596 kB
MemFree:          170892 kB
MemAvailable:    1393632 kB
Buffers:           91956 kB
Cached:          1160112 kB
MemTotal:        1844596 kB
MemFree:          170660 kB
MemAvailable:    1393400 kB
Buffers:           91956 kB
Cached:          1160112 kB
MemTotal:        1844596 kB
MemFree:          168304 kB
MemAvailable:    1391044 kB
Buffers:           91956 kB
Cached:          1160112 kB
MemTotal:        1844596 kB
MemFree:          169288 kB
MemAvailable:    1392028 kB
Buffers:           91956 kB
Cached:          1160112 kB
MemTotal:        1844596 kB
MemFree:          169276 kB
MemAvailable:    1392016 kB
Buffers:           91956 kB
Cached:          1160112 kB
MemTotal:        1844596 kB
MemFree:          169528 kB
MemAvailable:    1392268 kB
Buffers:           91956 kB
Cached:          1160112 kB
MemTotal:        1844596 kB
MemFree:          167924 kB
MemAvailable:    1390664 kB
Buffers:           91956 kB
Cached:          1160112 kB
MemTotal:        1844596 kB
MemFree:          168048 kB
MemAvailable:    1390788 kB
Buffers:           91956 kB
Cached:          1160112 kB
MemTotal:        1844596 kB
MemFree:          168172 kB
MemAvailable:    1390912 kB
Buffers:           91956 kB
Cached:          1160112 kB
MemTotal:        1844596 kB
MemFree:          169372 kB
MemAvailable:    1392112 kB
Buffers:           91956 kB
Cached:          1160112 kB
MemTotal:        1844596 kB
MemFree:          168428 kB
MemAvailable:    1391168 kB
Buffers:           91956 kB
Cached:          1160112 kB
MemTotal:        1844596 kB
MemFree:          169152 kB
MemAvailable:    1391892 kB
Buffers:           91956 kB
Cached:          1160112 kB
MemTotal:        1844596 kB
MemFree:          169408 kB
MemAvailable:    1392148 kB
Buffers:           91956 kB
Cached:          1160112 kB
MemTotal:        1844596 kB
MemFree:          169296 kB
MemAvailable:    1392036 kB
Buffers:           91956 kB
Cached:          1160112 kB
MemTotal:        1844596 kB
MemFree:          169356 kB
MemAvailable:    1392096 kB
Buffers:           91956 kB
Cached:          1160112 kB
MemTotal:        1844596 kB
MemFree:          168048 kB
MemAvailable:    1390788 kB
Buffers:           91956 kB
Cached:          1160112 kB
MemTotal:        1844596 kB
MemFree:          168132 kB
MemAvailable:    1390872 kB
Buffers:           91956 kB
Cached:          1160112 kB
MemTotal:        1844596 kB
MemFree:          168008 kB
MemAvailable:    1390748 kB
Buffers:           91956 kB
Cached:          1160112 kB
MemTotal:        1844596 kB
MemFree:          169108 kB
MemAvailable:    1391848 kB
Buffers:           91956 kB
Cached:          1160112 kB
MemTotal:        1844596 kB
MemFree:          169276 kB
MemAvailable:    1392016 kB
Buffers:           91956 kB
Cached:          1160112 kB
MemTotal:        1844596 kB
MemFree:          168412 kB
MemAvailable:    1391152 kB
Buffers:           91956 kB
Cached:          1160112 kB
MemTotal:        1844596 kB
MemFree:          167552 kB
MemAvailable:    1390292 kB
Buffers:           91956 kB
Cached:          1160112 kB
MemTotal:        1844596 kB
MemFree:          168452 kB
MemAvailable:    1391192 kB
Buffers:           91956 kB
Cached:          1160112 kB
MemTotal:        1844596 kB
MemFree:          167684 kB
MemAvailable:    1390424 kB
Buffers:           91956 kB
Cached:          1160112 kB
MemTotal:        1844596 kB
MemFree:          168152 kB
MemAvailable:    1390892 kB
Buffers:           91956 kB
Cached:          1160112 kB
MemTotal:        1844596 kB
MemFree:          168180 kB
MemAvailable:    1390920 kB
Buffers:           91956 kB
Cached:          1160112 kB
MemTotal:        1844596 kB
MemFree:          167992 kB
MemAvailable:    1390732 kB
Buffers:           91956 kB
Cached:          1160112 kB
MemTotal:        1844596 kB
MemFree:          166744 kB
MemAvailable:    1389484 kB
Buffers:           91956 kB
Cached:          1160112 kB
MemTotal:        1844596 kB
MemFree:          164468 kB
MemAvailable:    1387208 kB
Buffers:           91956 kB
Cached:          1160112 kB
MemTotal:        1844596 kB
MemFree:          163388 kB
MemAvailable:    1386132 kB
Buffers:           91956 kB
Cached:          1160116 kB
MemTotal:        1844596 kB
MemFree:          161732 kB
MemAvailable:    1384476 kB
Buffers:           91956 kB
Cached:          1160116 kB
MemTotal:        1844596 kB
MemFree:          157320 kB
MemAvailable:    1380064 kB
Buffers:           91956 kB
Cached:          1160116 kB
MemTotal:        1844596 kB
MemFree:          153052 kB
MemAvailable:    1375796 kB
Buffers:           91956 kB
Cached:          1160116 kB
MemTotal:        1844596 kB
MemFree:          149688 kB
MemAvailable:    1372432 kB
Buffers:           91956 kB
Cached:          1160116 kB
MemTotal:        1844596 kB
MemFree:          149704 kB
MemAvailable:    1372448 kB
Buffers:           91956 kB
Cached:          1160116 kB
MemTotal:        1844596 kB
MemFree:          145976 kB
MemAvailable:    1368720 kB
Buffers:           91956 kB
Cached:          1160116 kB
MemTotal:        1844596 kB
MemFree:          144116 kB
MemAvailable:    1366860 kB
Buffers:           91956 kB
Cached:          1160116 kB
MemTotal:        1844596 kB
MemFree:          142264 kB
MemAvailable:    1365008 kB
Buffers:           91956 kB
Cached:          1160116 kB
MemTotal:        1844596 kB
MemFree:          140960 kB
MemAvailable:    1363704 kB
Buffers:           91956 kB
Cached:          1160116 kB
MemTotal:        1844596 kB
MemFree:          137428 kB
MemAvailable:    1360172 kB
Buffers:           91956 kB
Cached:          1160116 kB
MemTotal:        1844596 kB
MemFree:          137668 kB
MemAvailable:    1360412 kB
Buffers:           91956 kB
Cached:          1160116 kB
MemTotal:        1844596 kB
MemFree:          137588 kB
MemAvailable:    1360332 kB
Buffers:           91956 kB
Cached:          1160116 kB
MemTotal:        1844596 kB
MemFree:          137544 kB
MemAvailable:    1360288 kB
Buffers:           91956 kB
Cached:          1160116 kB
MemTotal:        1844596 kB
MemFree:          136436 kB
MemAvailable:    1359180 kB
Buffers:           91956 kB
Cached:          1160116 kB
MemTotal:        1844596 kB
MemFree:          137276 kB
MemAvailable:    1360020 kB
Buffers:           91956 kB
Cached:          1160116 kB
MemTotal:        1844596 kB
MemFree:          137612 kB
MemAvailable:    1360356 kB
Buffers:           91956 kB
Cached:          1160116 kB
MemTotal:        1844596 kB
MemFree:          137228 kB
MemAvailable:    1359972 kB
Buffers:           91956 kB
Cached:          1160116 kB
MemTotal:        1844596 kB
MemFree:          136876 kB
MemAvailable:    1359620 kB
Buffers:           91956 kB
Cached:          1160116 kB
MemTotal:        1844596 kB
MemFree:          136544 kB
MemAvailable:    1359288 kB
Buffers:           91956 kB
Cached:          1160116 kB
MemTotal:        1844596 kB
MemFree:          136880 kB
MemAvailable:    1359624 kB
Buffers:           91956 kB
Cached:          1160116 kB
MemTotal:        1844596 kB
MemFree:          136420 kB
MemAvailable:    1359168 kB
Buffers:           91956 kB
Cached:          1160120 kB
MemTotal:        1844596 kB
MemFree:          136420 kB
MemAvailable:    1359168 kB
Buffers:           91956 kB
Cached:          1160120 kB
MemTotal:        1844596 kB
MemFree:          136352 kB
MemAvailable:    1359100 kB
Buffers:           91956 kB
Cached:          1160120 kB
MemTotal:        1844596 kB
MemFree:          136180 kB
MemAvailable:    1358928 kB
Buffers:           91956 kB
Cached:          1160120 kB
MemTotal:        1844596 kB
MemFree:          136180 kB
MemAvailable:    1358928 kB
Buffers:           91956 kB
Cached:          1160120 kB
MemTotal:        1844596 kB
MemFree:          136108 kB
MemAvailable:    1358856 kB
Buffers:           91956 kB
Cached:          1160120 kB
MemTotal:        1844596 kB
MemFree:          135984 kB
MemAvailable:    1358732 kB
Buffers:           91956 kB
Cached:          1160120 kB
MemTotal:        1844596 kB
MemFree:          134956 kB
MemAvailable:    1357704 kB
Buffers:           91956 kB
Cached:          1160120 kB
MemTotal:        1844596 kB
MemFree:          135504 kB
MemAvailable:    1358252 kB
Buffers:           91956 kB
Cached:          1160120 kB
MemTotal:        1844596 kB
MemFree:          135320 kB
MemAvailable:    1358068 kB
Buffers:           91956 kB
Cached:          1160120 kB
MemTotal:        1844596 kB
MemFree:          135380 kB
MemAvailable:    1358128 kB
Buffers:           91956 kB
Cached:          1160120 kB
MemTotal:        1844596 kB
MemFree:          134684 kB
MemAvailable:    1357432 kB
Buffers:           91956 kB
Cached:          1160120 kB
MemTotal:        1844596 kB
MemFree:          134576 kB
MemAvailable:    1357324 kB
Buffers:           91956 kB
Cached:          1160120 kB
MemTotal:        1844596 kB
MemFree:          133940 kB
MemAvailable:    1356688 kB
Buffers:           91956 kB
Cached:          1160120 kB
MemTotal:        1844596 kB
MemFree:          133940 kB
MemAvailable:    1356688 kB
Buffers:           91956 kB
Cached:          1160120 kB
MemTotal:        1844596 kB
MemFree:          133388 kB
MemAvailable:    1356136 kB
Buffers:           91956 kB
Cached:          1160120 kB
MemTotal:        1844596 kB
MemFree:          132088 kB
MemAvailable:    1354836 kB
Buffers:           91956 kB
Cached:          1160120 kB
MemTotal:        1844596 kB
MemFree:          131916 kB
MemAvailable:    1354664 kB
Buffers:           91956 kB
Cached:          1160120 kB
MemTotal:        1844596 kB
MemFree:          132040 kB
MemAvailable:    1354788 kB
Buffers:           91956 kB
Cached:          1160120 kB
MemTotal:        1844596 kB
MemFree:          133340 kB
MemAvailable:    1356088 kB
Buffers:           91956 kB
Cached:          1160120 kB
MemTotal:        1844596 kB
MemFree:          132088 kB
MemAvailable:    1354836 kB
Buffers:           91956 kB
Cached:          1160120 kB
MemTotal:        1844596 kB
MemFree:          133032 kB
MemAvailable:    1355784 kB
Buffers:           91956 kB
Cached:          1160124 kB
MemTotal:        1844596 kB
MemFree:          133368 kB
MemAvailable:    1356120 kB
Buffers:           91956 kB
Cached:          1160124 kB
MemTotal:        1844596 kB
MemFree:          133156 kB
MemAvailable:    1355908 kB
Buffers:           91956 kB
Cached:          1160124 kB
MemTotal:        1844596 kB
MemFree:          133408 kB
MemAvailable:    1356160 kB
Buffers:           91956 kB
Cached:          1160124 kB
MemTotal:        1844596 kB
MemFree:          133216 kB
MemAvailable:    1355968 kB
Buffers:           91956 kB
Cached:          1160124 kB
MemTotal:        1844596 kB
MemFree:          133344 kB
MemAvailable:    1356096 kB
Buffers:           91956 kB
Cached:          1160124 kB
MemTotal:        1844596 kB
MemFree:          132468 kB
MemAvailable:    1355220 kB
Buffers:           91956 kB
Cached:          1160124 kB
MemTotal:        1844596 kB
MemFree:          133152 kB
MemAvailable:    1355904 kB
Buffers:           91956 kB
Cached:          1160124 kB
MemTotal:        1844596 kB
MemFree:          133408 kB
MemAvailable:    1356160 kB
Buffers:           91956 kB
Cached:          1160124 kB
MemTotal:        1844596 kB
MemFree:          132204 kB
MemAvailable:    1354956 kB
Buffers:           91956 kB
Cached:          1160124 kB
MemTotal:        1844596 kB
MemFree:          133008 kB
MemAvailable:    1355760 kB
Buffers:           91956 kB
Cached:          1160124 kB
MemTotal:        1844596 kB
MemFree:          133260 kB
MemAvailable:    1356012 kB
Buffers:           91956 kB
Cached:          1160124 kB
MemTotal:        1844596 kB
MemFree:          133116 kB
MemAvailable:    1355868 kB
Buffers:           91956 kB
Cached:          1160124 kB
MemTotal:        1844596 kB
MemFree:          133460 kB
MemAvailable:    1356212 kB
Buffers:           91956 kB
Cached:          1160124 kB
MemTotal:        1844596 kB
MemFree:          133324 kB
MemAvailable:    1356076 kB
Buffers:           91956 kB
Cached:          1160124 kB
MemTotal:        1844596 kB
MemFree:          133316 kB
MemAvailable:    1356068 kB
Buffers:           91960 kB
Cached:          1160120 kB
MemTotal:        1844596 kB
MemFree:          133180 kB
MemAvailable:    1355932 kB
Buffers:           91960 kB
Cached:          1160120 kB
MemTotal:        1844596 kB
MemFree:          133432 kB
MemAvailable:    1356184 kB
Buffers:           91960 kB
Cached:          1160120 kB
MemTotal:        1844596 kB
MemFree:          132076 kB
MemAvailable:    1354828 kB
Buffers:           91960 kB
Cached:          1160120 kB
MemTotal:        1844596 kB
MemFree:          133276 kB
MemAvailable:    1356028 kB
Buffers:           91960 kB
Cached:          1160120 kB
MemTotal:        1844596 kB
MemFree:          133276 kB
MemAvailable:    1356028 kB
Buffers:           91960 kB
Cached:          1160120 kB
MemTotal:        1844596 kB
MemFree:          131924 kB
MemAvailable:    1354676 kB
Buffers:           91960 kB
Cached:          1160120 kB
MemTotal:        1844596 kB
MemFree:          133216 kB
MemAvailable:    1355968 kB
Buffers:           91960 kB
Cached:          1160120 kB
MemTotal:        1844596 kB
MemFree:          132048 kB
MemAvailable:    1354800 kB
Buffers:           91960 kB
Cached:          1160120 kB
MemTotal:        1844596 kB
MemFree:          133328 kB
MemAvailable:    1356080 kB
Buffers:           91960 kB
Cached:          1160120 kB
MemTotal:        1844596 kB
MemFree:          133328 kB
MemAvailable:    1356080 kB
Buffers:           91960 kB
Cached:          1160120 kB
MemTotal:        1844596 kB
MemFree:          133144 kB
MemAvailable:    1355896 kB
Buffers:           91960 kB
Cached:          1160120 kB
MemTotal:        1844596 kB
MemFree:          133088 kB
MemAvailable:    1355840 kB
Buffers:           91960 kB
Cached:          1160120 kB
MemTotal:        1844596 kB
MemFree:          133324 kB
MemAvailable:    1356076 kB
Buffers:           91960 kB
Cached:          1160120 kB
MemTotal:        1844596 kB
MemFree:          131952 kB
MemAvailable:    1354704 kB
Buffers:           91960 kB
Cached:          1160120 kB
MemTotal:        1844596 kB
MemFree:          133148 kB
MemAvailable:    1355900 kB
Buffers:           91960 kB
Cached:          1160120 kB
MemTotal:        1844596 kB
MemFree:          131908 kB
MemAvailable:    1354660 kB
Buffers:           91960 kB
Cached:          1160120 kB
MemTotal:        1844596 kB
MemFree:          129128 kB
MemAvailable:    1351880 kB
Buffers:           91960 kB
Cached:          1160120 kB
MemTotal:        1844596 kB
MemFree:          126748 kB
MemAvailable:    1349500 kB
Buffers:           91960 kB
Cached:          1160120 kB
MemTotal:        1844596 kB
MemFree:          127084 kB
MemAvailable:    1349836 kB
Buffers:           91960 kB
Cached:          1160120 kB
MemTotal:        1844596 kB
MemFree:          126816 kB
MemAvailable:    1349568 kB
Buffers:           91960 kB
Cached:          1160120 kB
MemTotal:        1844596 kB
MemFree:          126360 kB
MemAvailable:    1349112 kB
Buffers:           91960 kB
Cached:          1160120 kB
MemTotal:        1844596 kB
MemFree:          126528 kB
MemAvailable:    1349280 kB
Buffers:           91960 kB
Cached:          1160120 kB
MemTotal:        1844596 kB
MemFree:          125500 kB
MemAvailable:    1348252 kB
Buffers:           91960 kB
Cached:          1160120 kB
MemTotal:        1844596 kB
MemFree:          126608 kB
MemAvailable:    1349360 kB
Buffers:           91960 kB
Cached:          1160120 kB
MemTotal:        1844596 kB
MemFree:          126472 kB
MemAvailable:    1349224 kB
Buffers:           91960 kB
Cached:          1160120 kB
MemTotal:        1844596 kB
MemFree:          126724 kB
MemAvailable:    1349476 kB
Buffers:           91960 kB
Cached:          1160120 kB
MemTotal:        1844596 kB
MemFree:          125388 kB
MemAvailable:    1348140 kB
Buffers:           91960 kB
Cached:          1160120 kB
MemTotal:        1844596 kB
MemFree:          126516 kB
MemAvailable:    1349268 kB
Buffers:           91960 kB
Cached:          1160120 kB
MemTotal:        1844596 kB
MemFree:          125904 kB
MemAvailable:    1348656 kB
Buffers:           91960 kB
Cached:          1160120 kB
MemTotal:        1844596 kB
MemFree:          126552 kB
MemAvailable:    1349304 kB
Buffers:           91960 kB
Cached:          1160120 kB
MemTotal:        1844596 kB
MemFree:          126528 kB
MemAvailable:    1349364 kB
Buffers:           91960 kB
Cached:          1160244 kB
MemTotal:        1844596 kB
MemFree:          125648 kB
MemAvailable:    1348484 kB
Buffers:           91960 kB
Cached:          1160244 kB
MemTotal:        1844596 kB
MemFree:          126072 kB
MemAvailable:    1348992 kB
Buffers:           91960 kB
Cached:          1160368 kB
MemTotal:        1844596 kB
MemFree:          126324 kB
MemAvailable:    1349244 kB
Buffers:           91960 kB
Cached:          1160368 kB
MemTotal:        1844596 kB
MemFree:          126160 kB
MemAvailable:    1349248 kB
Buffers:           91960 kB
Cached:          1160492 kB
MemTotal:        1844596 kB
MemFree:          126156 kB
MemAvailable:    1349328 kB
Buffers:           91960 kB
Cached:          1160616 kB
MemTotal:        1844596 kB
MemFree:          125028 kB
MemAvailable:    1348284 kB
Buffers:           91960 kB
Cached:          1160740 kB
MemTotal:        1844596 kB
MemFree:          125756 kB
MemAvailable:    1349104 kB
Buffers:           91960 kB
Cached:          1160708 kB
MemTotal:        1844596 kB
MemFree:          125840 kB
MemAvailable:    1349188 kB
Buffers:           91960 kB
Cached:          1160708 kB
MemTotal:        1844596 kB
MemFree:          125748 kB
MemAvailable:    1349180 kB
Buffers:           91960 kB
Cached:          1160832 kB
MemTotal:        1844596 kB
MemFree:          125716 kB
MemAvailable:    1349148 kB
Buffers:           91960 kB
Cached:          1160832 kB
MemTotal:        1844596 kB
MemFree:          125632 kB
MemAvailable:    1349076 kB
Buffers:           91960 kB
Cached:          1160804 kB
MemTotal:        1844596 kB
MemFree:          125772 kB
MemAvailable:    1349216 kB
Buffers:           91960 kB
Cached:          1160804 kB
MemTotal:        1844596 kB
MemFree:          124520 kB
MemAvailable:    1347964 kB
Buffers:           91960 kB
Cached:          1160804 kB
MemTotal:        1844596 kB
MemFree:          124396 kB
MemAvailable:    1347840 kB
Buffers:           91960 kB
Cached:          1160804 kB
MemTotal:        1844596 kB
MemFree:          125688 kB
MemAvailable:    1349132 kB
Buffers:           91960 kB
Cached:          1160804 kB
MemTotal:        1844596 kB
MemFree:          124788 kB
MemAvailable:    1348316 kB
Buffers:           91960 kB
Cached:          1160928 kB
MemTotal:        1844596 kB
MemFree:          124320 kB
MemAvailable:    1347092 kB
Buffers:           91960 kB
Cached:          1160172 kB
MemTotal:        1844596 kB
MemFree:          165816 kB
MemAvailable:    1388588 kB
Buffers:           91960 kB
Cached:          1160172 kB
MemTotal:        1844596 kB
MemFree:          320036 kB
MemAvailable:    1542892 kB
Buffers:           91960 kB
Cached:          1160172 kB
