MemTotal:        1844596 kB
MemFree:          270100 kB
MemAvailable:    1547024 kB
Buffers:          107496 kB
Cached:          1180684 kB
MemTotal:        1844596 kB
MemFree:          242744 kB
MemAvailable:    1519676 kB
Buffers:          107496 kB
Cached:          1180688 kB
MemTotal:        1844596 kB
MemFree:          241152 kB
MemAvailable:    1518084 kB
Buffers:          107496 kB
Cached:          1180688 kB
MemTotal:        1844596 kB
MemFree:          241632 kB
MemAvailable:    1518564 kB
Buffers:          107496 kB
Cached:          1180688 kB
MemTotal:        1844596 kB
MemFree:          241884 kB
MemAvailable:    1518816 kB
Buffers:          107496 kB
Cached:          1180688 kB
MemTotal:        1844596 kB
MemFree:          238052 kB
MemAvailable:    1514984 kB
Buffers:          107496 kB
Cached:          1180688 kB
MemTotal:        1844596 kB
MemFree:          239044 kB
MemAvailable:    1515976 kB
Buffers:          107496 kB
Cached:          1180688 kB
MemTotal:        1844596 kB
MemFree:          235936 kB
MemAvailable:    1512868 kB
Buffers:          107496 kB
Cached:          1180688 kB
MemTotal:        1844596 kB
MemFree:          233952 kB
MemAvailable:    1510884 kB
Buffers:          107496 kB
Cached:          1180688 kB
MemTotal:        1844596 kB
MemFree:          230844 kB
MemAvailable:    1507776 kB
Buffers:          107496 kB
Cached:          1180688 kB
MemTotal:        1844596 kB
MemFree:          230736 kB
MemAvailable:    1507668 kB
Buffers:          107496 kB
Cached:          1180688 kB
MemTotal:        1844596 kB
MemFree:          230240 kB
MemAvailable:    1507172 kB
Buffers:          107496 kB
Cached:          1180688 kB
MemTotal:        1844596 kB
MemFree:          230100 kB
MemAvailable:    1507032 kB
Buffers:          107496 kB
Cached:          1180688 kB
MemTotal:        1844596 kB
MemFree:          230352 kB
MemAvailable:    1507284 kB
Buffers:          107496 kB
Cached:          1180688 kB
MemTotal:        1844596 kB
MemFree:          228944 kB
MemAvailable:    1505876 kB
Buffers:          107496 kB
Cached:          1180688 kB
MemTotal:        1844596 kB
MemFree:          228944 kB
MemAvailable:    1505876 kB
Buffers:          107496 kB
Cached:          1180688 kB
MemTotal:        1844596 kB
MemFree:          229860 kB
MemAvailable:    1506792 kB
Buffers:          107496 kB
Cached:          1180688 kB
MemTotal:        1844596 kB
MemFree:          229380 kB
MemAvailable:    1506312 kB
Buffers:          107496 kB
Cached:          1180688 kB
MemTotal:        1844596 kB
MemFree:          229488 kB
MemAvailable:    1506420 kB
Buffers:          107496 kB
Cached:          1180688 kB
MemTotal:        1844596 kB
MemFree:          228372 kB
MemAvailable:    1505304 kB
Buffers:          107496 kB
Cached:          1180688 kB
MemTotal:        1844596 kB
MemFree:          229480 kB
MemAvailable:    1506412 kB
Buffers:          107496 kB
Cached:          1180688 kB
MemTotal:        1844596 kB
MemFree:          229480 kB
MemAvailable:    1506412 kB
Buffers:          107496 kB
Cached:          1180688 kB
MemTotal:        1844596 kB
MemFree:          229364 kB
MemAvailable:    1506296 kB
Buffers:          107496 kB
Cached:          1180688 kB
MemTotal:        1844596 kB
MemFree:          228200 kB
MemAvailable:    1505132 kB
Buffers:          107496 kB
Cached:          1180688 kB
MemTotal:        1844596 kB
MemFree:          228736 kB
MemAvailable:    1505668 kB
Buffers:          107496 kB
Cached:          1180688 kB
MemTotal:        1844596 kB
MemFree:          228132 kB
MemAvailable:    1505064 kB
Buffers:          107496 kB
Cached:          1180688 kB
MemTotal:        1844596 kB
MemFree:          228740 kB
MemAvailable:    1505672 kB
Buffers:          107496 kB
Cached:          1180688 kB
MemTotal:        1844596 kB
MemFree:          228796 kB
MemAvailable:    1505728 kB
Buffers:          107496 kB
Cached:          1180688 kB
MemTotal:        1844596 kB
MemFree:          227708 kB
MemAvailable:    1504640 kB
Buffers:          107496 kB
Cached:          1180688 kB
MemTotal:        1844596 kB
MemFree:          227992 kB
MemAvailable:    1504924 kB
Buffers:          107496 kB
Cached:          1180688 kB
MemTotal:        1844596 kB
MemFree:          227884 kB
MemAvailable:    1504816 kB
Buffers:          107496 kB
Cached:          1180688 kB
MemTotal:        1844596 kB
MemFree:          226464 kB
MemAvailable:    1503396 kB
Buffers:          107496 kB
Cached:          1180688 kB
MemTotal:        1844596 kB
MemFree:          227324 kB
MemAvailable:    1504256 kB
Buffers:          107496 kB
Cached:          1180688 kB
MemTotal:        1844596 kB
MemFree:          227276 kB
MemAvailable:    1504208 kB
Buffers:          107496 kB
Cached:          1180688 kB
MemTotal:        1844596 kB
MemFree:          227188 kB
MemAvailable:    1504120 kB
Buffers:          107496 kB
Cached:          1180688 kB
MemTotal:        1844596 kB
MemFree:          226156 kB
MemAvailable:    1503088 kB
Buffers:          107496 kB
Cached:          1180688 kB
MemTotal:        1844596 kB
MemFree:          227000 kB
MemAvailable:    1503932 kB
Buffers:          107496 kB
Cached:          1180688 kB
MemTotal:        1844596 kB
MemFree:          227336 kB
MemAvailable:    1504268 kB
Buffers:          107496 kB
Cached:          1180688 kB
MemTotal:        1844596 kB
MemFree:          227092 kB
MemAvailable:    1504024 kB
Buffers:          107496 kB
Cached:          1180688 kB
MemTotal:        1844596 kB
MemFree:          226396 kB
MemAvailable:    1503328 kB
Buffers:          107496 kB
Cached:          1180688 kB
MemTotal:        1844596 kB
MemFree:          227000 kB
MemAvailable:    1503932 kB
Buffers:          107496 kB
Cached:          1180688 kB
MemTotal:        1844596 kB
MemFree:          227252 kB
MemAvailable:    1504184 kB
Buffers:          107496 kB
Cached:          1180688 kB
MemTotal:        1844596 kB
MemFree:          223396 kB
MemAvailable:    1500328 kB
Buffers:          107496 kB
Cached:          1180688 kB
MemTotal:        1844596 kB
MemFree:          222552 kB
MemAvailable:    1499484 kB
Buffers:          107496 kB
Cached:          1180688 kB
MemTotal:        1844596 kB
MemFree:          220940 kB
MemAvailable:    1497872 kB
Buffers:          107496 kB
Cached:          1180688 kB
MemTotal:        1844596 kB
MemFree:          222056 kB
MemAvailable:    1498988 kB
Buffers:          107496 kB
Cached:          1180688 kB
MemTotal:        1844596 kB
MemFree:          220560 kB
MemAvailable:    1497492 kB
Buffers:          107496 kB
Cached:          1180688 kB
MemTotal:        1844596 kB
MemFree:          220932 kB
MemAvailable:    1497864 kB
Buffers:          107496 kB
Cached:          1180688 kB
MemTotal:        1844596 kB
MemFree:          221744 kB
MemAvailable:    1498676 kB
Buffers:          107496 kB
Cached:          1180688 kB
MemTotal:        1844596 kB
MemFree:          221780 kB
MemAvailable:    1498712 kB
Buffers:          107496 kB
Cached:          1180688 kB
MemTotal:        1844596 kB
MemFree:          221668 kB
MemAvailable:    1498600 kB
Buffers:          107496 kB
Cached:          1180688 kB
MemTotal:        1844596 kB
MemFree:          221280 kB
MemAvailable:    1498212 kB
Buffers:          107496 kB
Cached:          1180688 kB
MemTotal:        1844596 kB
MemFree:          220692 kB
MemAvailable:    1497624 kB
Buffers:          107496 kB
Cached:          1180688 kB
MemTotal:        1844596 kB
MemFree:          221256 kB
MemAvailable:    1498188 kB
Buffers:          107496 kB
Cached:          1180688 kB
MemTotal:        1844596 kB
MemFree:          220444 kB
MemAvailable:    1497376 kB
Buffers:          107496 kB
Cached:          1180688 kB
MemTotal:        1844596 kB
MemFree:          221428 kB
MemAvailable:    1498360 kB
Buffers:          107496 kB
Cached:          1180688 kB
MemTotal:        1844596 kB
MemFree:          221216 kB
MemAvailable:    1498148 kB
Buffers:          107496 kB
Cached:          1180688 kB
MemTotal:        1844596 kB
MemFree:          220816 kB
MemAvailable:    1497748 kB
Buffers:          107496 kB
Cached:          1180688 kB
MemTotal:        1844596 kB
MemFree:          220060 kB
MemAvailable:    1496992 kB
Buffers:          107496 kB
Cached:          1180688 kB
MemTotal:        1844596 kB
MemFree:          216840 kB
MemAvailable:    1493772 kB
Buffers:          107496 kB
Cached:          1180688 kB
MemTotal:        1844596 kB
MemFree:          215980 kB
MemAvailable:    1492912 kB
Buffers:          107496 kB
Cached:          1180688 kB
MemTotal:        1844596 kB
MemFree:          214104 kB
MemAvailable:    1491036 kB
Buffers:          107496 kB
Cached:          1180688 kB
MemTotal:        1844596 kB
MemFree:          214120 kB
MemAvailable:    1491052 kB
Buffers:          107496 kB
Cached:          1180688 kB
MemTotal:        1844596 kB
MemFree:          213612 kB
MemAvailable:    1490544 kB
Buffers:          107496 kB
Cached:          1180688 kB
MemTotal:        1844596 kB
MemFree:          213624 kB
MemAvailable:    1490556 kB
Buffers:          107496 kB
Cached:          1180688 kB
MemTotal:        1844596 kB
MemFree:          212864 kB
MemAvailable:    1489796 kB
Buffers:          107496 kB
Cached:          1180688 kB
MemTotal:        1844596 kB
MemFree:          213200 kB
MemAvailable:    1490132 kB
Buffers:          107496 kB
Cached:          1180688 kB
MemTotal:        1844596 kB
MemFree:          211632 kB
MemAvailable:    1488564 kB
Buffers:          107496 kB
Cached:          1180688 kB
MemTotal:        1844596 kB
MemFree:          212964 kB
MemAvailable:    1489896 kB
Buffers:          107496 kB
Cached:          1180688 kB
MemTotal:        1844596 kB
MemFree:          211764 kB
MemAvailable:    1488696 kB
Buffers:          107496 kB
Cached:          1180688 kB
MemTotal:        1844596 kB
MemFree:          212480 kB
MemAvailable:    1489412 kB
Buffers:          107496 kB
Cached:          1180688 kB
MemTotal:        1844596 kB
MemFree:          212384 kB
MemAvailable:    1489316 kB
Buffers:          107496 kB
Cached:          1180688 kB
MemTotal:        1844596 kB
MemFree:          212512 kB
MemAvailable:    1489444 kB
Buffers:          107496 kB
Cached:          1180688 kB
MemTotal:        1844596 kB
MemFree:          211212 kB
MemAvailable:    1488144 kB
Buffers:          107496 kB
Cached:          1180688 kB
MemTotal:        1844596 kB
MemFree:          212660 kB
MemAvailable:    1489592 kB
Buffers:          107496 kB
Cached:          1180688 kB
MemTotal:        1844596 kB
MemFree:          211640 kB
MemAvailable:    1488572 kB
Buffers:          107496 kB
Cached:          1180688 kB
MemTotal:        1844596 kB
MemFree:          212448 kB
MemAvailable:    1489380 kB
Buffers:          107496 kB
Cached:          1180688 kB
MemTotal:        1844596 kB
MemFree:          212700 kB
MemAvailable:    1489632 kB
Buffers:          107496 kB
Cached:          1180688 kB
MemTotal:        1844596 kB
MemFree:          212376 kB
MemAvailable:    1489308 kB
Buffers:          107496 kB
Cached:          1180688 kB
MemTotal:        1844596 kB
MemFree:          212452 kB
MemAvailable:    1489384 kB
Buffers:          107496 kB
Cached:          1180688 kB
MemTotal:        1844596 kB
MemFree:          212184 kB
MemAvailable:    1489116 kB
Buffers:          107496 kB
Cached:          1180688 kB
MemTotal:        1844596 kB
MemFree:          211764 kB
MemAvailable:    1488696 kB
Buffers:          107496 kB
Cached:          1180688 kB
MemTotal:        1844596 kB
MemFree:          210964 kB
MemAvailable:    1487896 kB
Buffers:          107496 kB
Cached:          1180688 kB
MemTotal:        1844596 kB
MemFree:          210964 kB
MemAvailable:    1487896 kB
Buffers:          107496 kB
Cached:          1180688 kB
MemTotal:        1844596 kB
MemFree:          212432 kB
MemAvailable:    1489364 kB
Buffers:          107496 kB
Cached:          1180688 kB
MemTotal:        1844596 kB
MemFree:          212260 kB
MemAvailable:    1489192 kB
Buffers:          107496 kB
Cached:          1180688 kB
MemTotal:        1844596 kB
MemFree:          211876 kB
MemAvailable:    1488808 kB
Buffers:          107496 kB
Cached:          1180688 kB
MemTotal:        1844596 kB
MemFree:          208044 kB
MemAvailable:    1484976 kB
Buffers:          107496 kB
Cached:          1180688 kB
MemTotal:        1844596 kB
MemFree:          206484 kB
MemAvailable:    1483416 kB
Buffers:          107496 kB
Cached:          1180688 kB
MemTotal:        1844596 kB
MemFree:          203828 kB
MemAvailable:    1480760 kB
Buffers:          107496 kB
Cached:          1180688 kB
MemTotal:        1844596 kB
MemFree:          204704 kB
MemAvailable:    1481644 kB
Buffers:          107496 kB
Cached:          1180696 kB
MemTotal:        1844596 kB
MemFree:          203084 kB
MemAvailable:    1480024 kB
Buffers:          107496 kB
Cached:          1180696 kB
MemTotal:        1844596 kB
MemFree:          204324 kB
MemAvailable:    1481264 kB
Buffers:          107496 kB
Cached:          1180696 kB
MemTotal:        1844596 kB
MemFree:          202952 kB
MemAvailable:    1479892 kB
Buffers:          107496 kB
Cached:          1180696 kB
MemTotal:        1844596 kB
MemFree:          202456 kB
MemAvailable:    1479396 kB
Buffers:          107496 kB
Cached:          1180696 kB
MemTotal:        1844596 kB
MemFree:          203820 kB
MemAvailable:    1480760 kB
Buffers:          107496 kB
Cached:          1180696 kB
MemTotal:        1844596 kB
MemFree:          203572 kB
MemAvailable:    1480512 kB
Buffers:          107496 kB
Cached:          1180696 kB
MemTotal:        1844596 kB
MemFree:          203460 kB
MemAvailable:    1480400 kB
Buffers:          107496 kB
Cached:          1180696 kB
MemTotal:        1844596 kB
MemFree:          202276 kB
MemAvailable:    1479216 kB
Buffers:          107496 kB
Cached:          1180696 kB
MemTotal:        1844596 kB
MemFree:          202444 kB
MemAvailable:    1479384 kB
Buffers:          107496 kB
Cached:          1180696 kB
MemTotal:        1844596 kB
MemFree:          202320 kB
MemAvailable:    1479260 kB
Buffers:          107496 kB
Cached:          1180696 kB
MemTotal:        1844596 kB
MemFree:          202692 kB
MemAvailable:    1479632 kB
Buffers:          107496 kB
Cached:          1180696 kB
MemTotal:        1844596 kB
MemFree:          202444 kB
MemAvailable:    1479384 kB
Buffers:          107496 kB
Cached:          1180696 kB
MemTotal:        1844596 kB
MemFree:          203552 kB
MemAvailable:    1480492 kB
Buffers:          107496 kB
Cached:          1180696 kB
MemTotal:        1844596 kB
MemFree:          203712 kB
MemAvailable:    1480652 kB
Buffers:          107496 kB
Cached:          1180696 kB
MemTotal:        1844596 kB
MemFree:          203540 kB
MemAvailable:    1480484 kB
Buffers:          107496 kB
Cached:          1180700 kB
MemTotal:        1844596 kB
MemFree:          202292 kB
MemAvailable:    1479236 kB
Buffers:          107496 kB
Cached:          1180700 kB
MemTotal:        1844596 kB
MemFree:          202340 kB
MemAvailable:    1479284 kB
Buffers:          107496 kB
Cached:          1180700 kB
MemTotal:        1844596 kB
MemFree:          202340 kB
MemAvailable:    1479284 kB
Buffers:          107496 kB
Cached:          1180700 kB
MemTotal:        1844596 kB
MemFree:          203440 kB
MemAvailable:    1480384 kB
Buffers:          107496 kB
Cached:          1180700 kB
MemTotal:        1844596 kB
MemFree:          203692 kB
MemAvailable:    1480636 kB
Buffers:          107496 kB
Cached:          1180700 kB
MemTotal:        1844596 kB
MemFree:          203568 kB
MemAvailable:    1480512 kB
Buffers:          107496 kB
Cached:          1180700 kB
MemTotal:        1844596 kB
MemFree:          203624 kB
MemAvailable:    1480568 kB
Buffers:          107496 kB
Cached:          1180700 kB
MemTotal:        1844596 kB
MemFree:          203672 kB
MemAvailable:    1480616 kB
Buffers:          107496 kB
Cached:          1180700 kB
MemTotal:        1844596 kB
MemFree:          202192 kB
MemAvailable:    1479136 kB
Buffers:          107496 kB
Cached:          1180700 kB
MemTotal:        1844596 kB
MemFree:          203500 kB
MemAvailable:    1480444 kB
Buffers:          107496 kB
Cached:          1180700 kB
MemTotal:        1844596 kB
MemFree:          203500 kB
MemAvailable:    1480444 kB
Buffers:          107496 kB
Cached:          1180700 kB
MemTotal:        1844596 kB
MemFree:          203556 kB
MemAvailable:    1480500 kB
Buffers:          107496 kB
Cached:          1180700 kB
MemTotal:        1844596 kB
MemFree:          203612 kB
MemAvailable:    1480556 kB
Buffers:          107496 kB
Cached:          1180700 kB
MemTotal:        1844596 kB
MemFree:          202836 kB
MemAvailable:    1479780 kB
Buffers:          107496 kB
Cached:          1180700 kB
MemTotal:        1844596 kB
MemFree:          202092 kB
MemAvailable:    1479036 kB
Buffers:          107496 kB
Cached:          1180700 kB
MemTotal:        1844596 kB
MemFree:          203600 kB
MemAvailable:    1480544 kB
Buffers:          107496 kB
Cached:          1180700 kB
MemTotal:        1844596 kB
MemFree:          202712 kB
MemAvailable:    1479656 kB
Buffers:          107496 kB
Cached:          1180700 kB
MemTotal:        1844596 kB
MemFree:          203492 kB
MemAvailable:    1480440 kB
Buffers:          107496 kB
Cached:          1180704 kB
MemTotal:        1844596 kB
MemFree:          203340 kB
MemAvailable:    1480288 kB
Buffers:          107496 kB
Cached:          1180704 kB
MemTotal:        1844596 kB
MemFree:          203460 kB
MemAvailable:    1480408 kB
Buffers:          107496 kB
Cached:          1180704 kB
MemTotal:        1844596 kB
MemFree:          202772 kB
MemAvailable:    1479720 kB
Buffers:          107496 kB
Cached:          1180704 kB
MemTotal:        1844596 kB
MemFree:          200108 kB
MemAvailable:    1477056 kB
Buffers:          107496 kB
Cached:          1180704 kB
MemTotal:        1844596 kB
MemFree:          197796 kB
MemAvailable:    1474744 kB
Buffers:          107496 kB
Cached:          1180704 kB
MemTotal:        1844596 kB
MemFree:          194156 kB
MemAvailable:    1471104 kB
Buffers:          107496 kB
Cached:          1180704 kB
MemTotal:        1844596 kB
MemFree:          191800 kB
MemAvailable:    1468748 kB
Buffers:          107496 kB
Cached:          1180704 kB
MemTotal:        1844596 kB
MemFree:          191544 kB
MemAvailable:    1468492 kB
Buffers:          107496 kB
Cached:          1180704 kB
MemTotal:        1844596 kB
MemFree:          191496 kB
MemAvailable:    1468444 kB
Buffers:          107496 kB
Cached:          1180704 kB
MemTotal:        1844596 kB
MemFree:          192640 kB
MemAvailable:    1469588 kB
Buffers:          107496 kB
Cached:          1180704 kB
MemTotal:        1844596 kB
MemFree:          192668 kB
MemAvailable:    1469616 kB
Buffers:          107496 kB
Cached:          1180704 kB
MemTotal:        1844596 kB
MemFree:          191540 kB
MemAvailable:    1468488 kB
Buffers:          107496 kB
Cached:          1180704 kB
MemTotal:        1844596 kB
MemFree:          192724 kB
MemAvailable:    1469672 kB
Buffers:          107496 kB
Cached:          1180704 kB
MemTotal:        1844596 kB
MemFree:          192420 kB
MemAvailable:    1469244 kB
Buffers:          107496 kB
Cached:          1180704 kB
MemTotal:        1844596 kB
MemFree:          191372 kB
MemAvailable:    1468320 kB
Buffers:          107496 kB
Cached:          1180704 kB
MemTotal:        1844596 kB
MemFree:          192640 kB
MemAvailable:    1469588 kB
Buffers:          107496 kB
Cached:          1180704 kB
MemTotal:        1844596 kB
MemFree:          192420 kB
MemAvailable:    1469368 kB
Buffers:          107496 kB
Cached:          1180704 kB
MemTotal:        1844596 kB
MemFree:          192540 kB
MemAvailable:    1469488 kB
Buffers:          107496 kB
Cached:          1180704 kB
MemTotal:        1844596 kB
MemFree:          191496 kB
MemAvailable:    1468444 kB
Buffers:          107496 kB
Cached:          1180704 kB
MemTotal:        1844596 kB
MemFree:          192672 kB
MemAvailable:    1469620 kB
Buffers:          107496 kB
Cached:          1180704 kB
MemTotal:        1844596 kB
MemFree:          192708 kB
MemAvailable:    1469656 kB
Buffers:          107496 kB
Cached:          1180704 kB
MemTotal:        1844596 kB
MemFree:          191808 kB
MemAvailable:    1468756 kB
Buffers:          107496 kB
Cached:          1180704 kB
MemTotal:        1844596 kB
MemFree:          192572 kB
MemAvailable:    1469520 kB
Buffers:          107496 kB
Cached:          1180704 kB
MemTotal:        1844596 kB
MemFree:          192668 kB
MemAvailable:    1469616 kB
Buffers:          107496 kB
Cached:          1180704 kB
MemTotal:        1844596 kB
MemFree:          191412 kB
MemAvailable:    1468360 kB
Buffers:          107496 kB
Cached:          1180704 kB
MemTotal:        1844596 kB
MemFree:          192672 kB
MemAvailable:    1469620 kB
Buffers:          107496 kB
Cached:          1180704 kB
MemTotal:        1844596 kB
MemFree:          192592 kB
MemAvailable:    1469540 kB
Buffers:          107496 kB
Cached:          1180704 kB
MemTotal:        1844596 kB
MemFree:          192844 kB
MemAvailable:    1469792 kB
Buffers:          107496 kB
Cached:          1180704 kB
MemTotal:        1844596 kB
MemFree:          192528 kB
MemAvailable:    1469476 kB
Buffers:          107496 kB
Cached:          1180704 kB
MemTotal:        1844596 kB
MemFree:          191412 kB
MemAvailable:    1468360 kB
Buffers:          107496 kB
Cached:          1180704 kB
MemTotal:        1844596 kB
MemFree:          192604 kB
MemAvailable:    1469552 kB
Buffers:          107496 kB
Cached:          1180704 kB
MemTotal:        1844596 kB
MemFree:          192180 kB
MemAvailable:    1469128 kB
Buffers:          107496 kB
Cached:          1180704 kB
MemTotal:        1844596 kB
MemFree:          192728 kB
MemAvailable:    1469676 kB
Buffers:          107496 kB
Cached:          1180704 kB
MemTotal:        1844596 kB
MemFree:          191240 kB
MemAvailable:    1468188 kB
Buffers:          107496 kB
Cached:          1180704 kB
MemTotal:        1844596 kB
MemFree:          192392 kB
MemAvailable:    1469340 kB
Buffers:          107496 kB
Cached:          1180704 kB
MemTotal:        1844596 kB
MemFree:          192612 kB
MemAvailable:    1469560 kB
Buffers:          107496 kB
Cached:          1180704 kB
MemTotal:        1844596 kB
MemFree:          192548 kB
MemAvailable:    1469496 kB
Buffers:          107496 kB
Cached:          1180704 kB
MemTotal:        1844596 kB
MemFree:          192480 kB
MemAvailable:    1469428 kB
Buffers:          107496 kB
Cached:          1180704 kB
MemTotal:        1844596 kB
MemFree:          192816 kB
MemAvailable:    1469764 kB
Buffers:          107496 kB
Cached:          1180704 kB
MemTotal:        1844596 kB
MemFree:          192600 kB
MemAvailable:    1469548 kB
Buffers:          107496 kB
Cached:          1180704 kB
MemTotal:        1844596 kB
MemFree:          192676 kB
MemAvailable:    1469624 kB
Buffers:          107496 kB
Cached:          1180704 kB
MemTotal:        1844596 kB
MemFree:          192620 kB
MemAvailable:    1469568 kB
Buffers:          107496 kB
Cached:          1180704 kB
MemTotal:        1844596 kB
MemFree:          192612 kB
MemAvailable:    1469560 kB
Buffers:          107496 kB
Cached:          1180704 kB
MemTotal:        1844596 kB
MemFree:          192668 kB
MemAvailable:    1469616 kB
Buffers:          107496 kB
Cached:          1180704 kB
MemTotal:        1844596 kB
MemFree:          191416 kB
MemAvailable:    1468364 kB
Buffers:          107496 kB
Cached:          1180704 kB
MemTotal:        1844596 kB
MemFree:          192656 kB
MemAvailable:    1469604 kB
Buffers:          107496 kB
Cached:          1180704 kB
MemTotal:        1844596 kB
MemFree:          191932 kB
MemAvailable:    1468880 kB
Buffers:          107496 kB
Cached:          1180704 kB
MemTotal:        1844596 kB
MemFree:          192528 kB
MemAvailable:    1469476 kB
Buffers:          107496 kB
Cached:          1180704 kB
MemTotal:        1844596 kB
MemFree:          192864 kB
MemAvailable:    1469812 kB
Buffers:          107496 kB
Cached:          1180704 kB
MemTotal:        1844596 kB
MemFree:          192488 kB
MemAvailable:    1469436 kB
Buffers:          107496 kB
Cached:          1180704 kB
MemTotal:        1844596 kB
MemFree:          192172 kB
MemAvailable:    1469120 kB
Buffers:          107496 kB
Cached:          1180704 kB
MemTotal:        1844596 kB
MemFree:          192580 kB
MemAvailable:    1469532 kB
Buffers:          107496 kB
Cached:          1180708 kB
MemTotal:        1844596 kB
MemFree:          192428 kB
MemAvailable:    1469380 kB
Buffers:          107496 kB
Cached:          1180708 kB
MemTotal:        1844596 kB
MemFree:          191256 kB
MemAvailable:    1468208 kB
Buffers:          107496 kB
Cached:          1180708 kB
MemTotal:        1844596 kB
MemFree:          192404 kB
MemAvailable:    1469360 kB
Buffers:          107496 kB
Cached:          1180712 kB
MemTotal:        1844596 kB
MemFree:          192304 kB
MemAvailable:    1469260 kB
Buffers:          107496 kB
Cached:          1180712 kB
MemTotal:        1844596 kB
MemFree:          190800 kB
MemAvailable:    1467756 kB
Buffers:          107496 kB
Cached:          1180712 kB
MemTotal:        1844596 kB
MemFree:          191660 kB
MemAvailable:    1468616 kB
Buffers:          107496 kB
Cached:          1180712 kB
MemTotal:        1844596 kB
MemFree:          191744 kB
MemAvailable:    1468700 kB
Buffers:          107496 kB
Cached:          1180712 kB
MemTotal:        1844596 kB
MemFree:          190380 kB
MemAvailable:    1467336 kB
Buffers:          107496 kB
Cached:          1180712 kB
MemTotal:        1844596 kB
MemFree:          190248 kB
MemAvailable:    1467204 kB
Buffers:          107496 kB
Cached:          1180712 kB
MemTotal:        1844596 kB
MemFree:          191356 kB
MemAvailable:    1468312 kB
Buffers:          107496 kB
Cached:          1180712 kB
MemTotal:        1844596 kB
MemFree:          191180 kB
MemAvailable:    1468136 kB
Buffers:          107496 kB
Cached:          1180712 kB
MemTotal:        1844596 kB
MemFree:          191276 kB
MemAvailable:    1468232 kB
Buffers:          107496 kB
Cached:          1180712 kB
MemTotal:        1844596 kB
MemFree:          191528 kB
MemAvailable:    1468484 kB
Buffers:          107496 kB
Cached:          1180712 kB
MemTotal:        1844596 kB
MemFree:          191248 kB
MemAvailable:    1468204 kB
Buffers:          107496 kB
Cached:          1180712 kB
MemTotal:        1844596 kB
MemFree:          191108 kB
MemAvailable:    1468064 kB
Buffers:          107496 kB
Cached:          1180712 kB
MemTotal:        1844596 kB
MemFree:          191444 kB
MemAvailable:    1468400 kB
Buffers:          107496 kB
Cached:          1180712 kB
MemTotal:        1844596 kB
MemFree:          190976 kB
MemAvailable:    1467932 kB
Buffers:          107496 kB
Cached:          1180712 kB
MemTotal:        1844596 kB
MemFree:          190932 kB
MemAvailable:    1467888 kB
Buffers:          107496 kB
Cached:          1180712 kB
MemTotal:        1844596 kB
MemFree:          191096 kB
MemAvailable:    1468052 kB
Buffers:          107496 kB
Cached:          1180712 kB
MemTotal:        1844596 kB
MemFree:          190972 kB
MemAvailable:    1467928 kB
Buffers:          107496 kB
Cached:          1180712 kB
MemTotal:        1844596 kB
MemFree:          190004 kB
MemAvailable:    1466960 kB
Buffers:          107496 kB
Cached:          1180712 kB
MemTotal:        1844596 kB
MemFree:          191092 kB
MemAvailable:    1468048 kB
Buffers:          107496 kB
Cached:          1180712 kB
MemTotal:        1844596 kB
MemFree:          190920 kB
MemAvailable:    1467876 kB
Buffers:          107496 kB
Cached:          1180712 kB
MemTotal:        1844596 kB
MemFree:          190840 kB
MemAvailable:    1467796 kB
Buffers:          107496 kB
Cached:          1180712 kB
MemTotal:        1844596 kB
MemFree:          191176 kB
MemAvailable:    1468132 kB
Buffers:          107496 kB
Cached:          1180712 kB
MemTotal:        1844596 kB
MemFree:          189180 kB
MemAvailable:    1466136 kB
Buffers:          107496 kB
Cached:          1180712 kB
MemTotal:        1844596 kB
MemFree:          189684 kB
MemAvailable:    1466640 kB
Buffers:          107496 kB
Cached:          1180712 kB
MemTotal:        1844596 kB
MemFree:          189808 kB
MemAvailable:    1466764 kB
Buffers:          107496 kB
Cached:          1180712 kB
MemTotal:        1844596 kB
MemFree:          189808 kB
MemAvailable:    1466764 kB
Buffers:          107496 kB
Cached:          1180712 kB
MemTotal:        1844596 kB
MemFree:          188948 kB
MemAvailable:    1465904 kB
Buffers:          107496 kB
Cached:          1180712 kB
MemTotal:        1844596 kB
MemFree:          185600 kB
MemAvailable:    1462556 kB
Buffers:          107496 kB
Cached:          1180712 kB
MemTotal:        1844596 kB
MemFree:          182252 kB
MemAvailable:    1459208 kB
Buffers:          107496 kB
Cached:          1180712 kB
MemTotal:        1844596 kB
MemFree:          180268 kB
MemAvailable:    1457224 kB
Buffers:          107496 kB
Cached:          1180712 kB
MemTotal:        1844596 kB
MemFree:          179028 kB
MemAvailable:    1455984 kB
Buffers:          107496 kB
Cached:          1180712 kB
MemTotal:        1844596 kB
MemFree:          178400 kB
MemAvailable:    1455356 kB
Buffers:          107496 kB
Cached:          1180712 kB
MemTotal:        1844596 kB
MemFree:          179400 kB
MemAvailable:    1456356 kB
Buffers:          107496 kB
Cached:          1180712 kB
MemTotal:        1844596 kB
MemFree:          179204 kB
MemAvailable:    1456160 kB
Buffers:          107496 kB
Cached:          1180712 kB
MemTotal:        1844596 kB
MemFree:          177980 kB
MemAvailable:    1454936 kB
Buffers:          107496 kB
Cached:          1180712 kB
MemTotal:        1844596 kB
MemFree:          178676 kB
MemAvailable:    1455632 kB
Buffers:          107496 kB
Cached:          1180712 kB
MemTotal:        1844596 kB
MemFree:          178544 kB
MemAvailable:    1455500 kB
Buffers:          107496 kB
Cached:          1180712 kB
MemTotal:        1844596 kB
MemFree:          176672 kB
MemAvailable:    1453628 kB
Buffers:          107496 kB
Cached:          1180712 kB
MemTotal:        1844596 kB
MemFree:          177160 kB
MemAvailable:    1454116 kB
Buffers:          107496 kB
Cached:          1180712 kB
MemTotal:        1844596 kB
MemFree:          177372 kB
MemAvailable:    1454328 kB
Buffers:          107496 kB
Cached:          1180712 kB
MemTotal:        1844596 kB
MemFree:          174936 kB
MemAvailable:    1451892 kB
Buffers:          107496 kB
Cached:          1180712 kB
MemTotal:        1844596 kB
MemFree:          174936 kB
MemAvailable:    1451892 kB
Buffers:          107496 kB
Cached:          1180712 kB
MemTotal:        1844596 kB
MemFree:          175912 kB
MemAvailable:    1452868 kB
Buffers:          107496 kB
Cached:          1180712 kB
MemTotal:        1844596 kB
MemFree:          175996 kB
MemAvailable:    1452952 kB
Buffers:          107496 kB
Cached:          1180712 kB
MemTotal:        1844596 kB
MemFree:          175916 kB
MemAvailable:    1452872 kB
Buffers:          107496 kB
Cached:          1180712 kB
MemTotal:        1844596 kB
MemFree:          175796 kB
MemAvailable:    1452752 kB
Buffers:          107496 kB
Cached:          1180712 kB
MemTotal:        1844596 kB
MemFree:          175192 kB
MemAvailable:    1452148 kB
Buffers:          107496 kB
Cached:          1180712 kB
MemTotal:        1844596 kB
MemFree:          175664 kB
MemAvailable:    1452620 kB
Buffers:          107496 kB
Cached:          1180712 kB
MemTotal:        1844596 kB
MemFree:          175832 kB
MemAvailable:    1452788 kB
Buffers:          107496 kB
Cached:          1180712 kB
MemTotal:        1844596 kB
MemFree:          174688 kB
MemAvailable:    1451644 kB
Buffers:          107496 kB
Cached:          1180712 kB
MemTotal:        1844596 kB
MemFree:          174640 kB
MemAvailable:    1451596 kB
Buffers:          107496 kB
Cached:          1180712 kB
MemTotal:        1844596 kB
MemFree:          175912 kB
MemAvailable:    1452868 kB
Buffers:          107496 kB
Cached:          1180712 kB
MemTotal:        1844596 kB
MemFree:          175928 kB
MemAvailable:    1452884 kB
Buffers:          107496 kB
Cached:          1180712 kB
MemTotal:        1844596 kB
MemFree:          174548 kB
MemAvailable:    1451504 kB
Buffers:          107496 kB
Cached:          1180712 kB
MemTotal:        1844596 kB
MemFree:          175368 kB
MemAvailable:    1452324 kB
Buffers:          107496 kB
Cached:          1180712 kB
MemTotal:        1844596 kB
MemFree:          174060 kB
MemAvailable:    1451016 kB
Buffers:          107496 kB
Cached:          1180712 kB
MemTotal:        1844596 kB
MemFree:          175432 kB
MemAvailable:    1452388 kB
Buffers:          107496 kB
Cached:          1180712 kB
MemTotal:        1844596 kB
MemFree:          174060 kB
MemAvailable:    1451016 kB
Buffers:          107496 kB
Cached:          1180712 kB
MemTotal:        1844596 kB
MemFree:          173952 kB
MemAvailable:    1450908 kB
Buffers:          107496 kB
Cached:          1180712 kB
MemTotal:        1844596 kB
MemFree:          172448 kB
MemAvailable:    1449404 kB
Buffers:          107496 kB
Cached:          1180712 kB
MemTotal:        1844596 kB
MemFree:          173192 kB
MemAvailable:    1450148 kB
Buffers:          107496 kB
Cached:          1180712 kB
MemTotal:        1844596 kB
MemFree:          172340 kB
MemAvailable:    1449296 kB
Buffers:          107496 kB
Cached:          1180712 kB
MemTotal:        1844596 kB
MemFree:          173028 kB
MemAvailable:    1449984 kB
Buffers:          107496 kB
Cached:          1180712 kB
MemTotal:        1844596 kB
MemFree:          171712 kB
MemAvailable:    1448668 kB
Buffers:          107496 kB
Cached:          1180712 kB
MemTotal:        1844596 kB
MemFree:          172572 kB
MemAvailable:    1449528 kB
Buffers:          107496 kB
Cached:          1180712 kB
MemTotal:        1844596 kB
MemFree:          172572 kB
MemAvailable:    1449528 kB
Buffers:          107496 kB
Cached:          1180712 kB
MemTotal:        1844596 kB
MemFree:          171328 kB
MemAvailable:    1448284 kB
Buffers:          107496 kB
Cached:          1180712 kB
MemTotal:        1844596 kB
MemFree:          170836 kB
MemAvailable:    1447792 kB
Buffers:          107496 kB
Cached:          1180712 kB
MemTotal:        1844596 kB
MemFree:          171880 kB
MemAvailable:    1448836 kB
Buffers:          107496 kB
Cached:          1180712 kB
MemTotal:        1844596 kB
MemFree:          171808 kB
MemAvailable:    1448764 kB
Buffers:          107496 kB
Cached:          1180712 kB
MemTotal:        1844596 kB
MemFree:          171892 kB
MemAvailable:    1448848 kB
Buffers:          107496 kB
Cached:          1180712 kB
MemTotal:        1844596 kB
MemFree:          170432 kB
MemAvailable:    1447396 kB
Buffers:          107496 kB
Cached:          1180720 kB
MemTotal:        1844596 kB
MemFree:          171704 kB
MemAvailable:    1448668 kB
Buffers:          107496 kB
Cached:          1180720 kB
MemTotal:        1844596 kB
MemFree:          171956 kB
MemAvailable:    1448920 kB
Buffers:          107496 kB
Cached:          1180720 kB
MemTotal:        1844596 kB
MemFree:          170592 kB
MemAvailable:    1447556 kB
Buffers:          107496 kB
Cached:          1180720 kB
MemTotal:        1844596 kB
MemFree:          171784 kB
MemAvailable:    1448748 kB
Buffers:          107496 kB
Cached:          1180720 kB
MemTotal:        1844596 kB
MemFree:          171784 kB
MemAvailable:    1448748 kB
Buffers:          107496 kB
Cached:          1180720 kB
MemTotal:        1844596 kB
MemFree:          170420 kB
MemAvailable:    1447384 kB
Buffers:          107496 kB
Cached:          1180720 kB
MemTotal:        1844596 kB
MemFree:          171784 kB
MemAvailable:    1448748 kB
Buffers:          107496 kB
Cached:          1180720 kB
MemTotal:        1844596 kB
MemFree:          170412 kB
MemAvailable:    1447376 kB
Buffers:          107496 kB
Cached:          1180720 kB
MemTotal:        1844596 kB
MemFree:          171432 kB
MemAvailable:    1448396 kB
Buffers:          107496 kB
Cached:          1180720 kB
MemTotal:        1844596 kB
MemFree:          171472 kB
MemAvailable:    1448436 kB
Buffers:          107496 kB
Cached:          1180720 kB
MemTotal:        1844596 kB
MemFree:          171584 kB
MemAvailable:    1448548 kB
Buffers:          107496 kB
Cached:          1180720 kB
MemTotal:        1844596 kB
MemFree:          170232 kB
MemAvailable:    1447196 kB
Buffers:          107496 kB
Cached:          1180720 kB
MemTotal:        1844596 kB
MemFree:          171664 kB
MemAvailable:    1448628 kB
Buffers:          107496 kB
Cached:          1180720 kB
MemTotal:        1844596 kB
MemFree:          171532 kB
MemAvailable:    1448496 kB
Buffers:          107496 kB
Cached:          1180720 kB
MemTotal:        1844596 kB
MemFree:          171532 kB
MemAvailable:    1448496 kB
Buffers:          107496 kB
Cached:          1180720 kB
MemTotal:        1844596 kB
MemFree:          170308 kB
MemAvailable:    1447272 kB
Buffers:          107496 kB
Cached:          1180720 kB
MemTotal:        1844596 kB
MemFree:          171456 kB
MemAvailable:    1448420 kB
Buffers:          107496 kB
Cached:          1180720 kB
MemTotal:        1844596 kB
MemFree:          171708 kB
MemAvailable:    1448672 kB
Buffers:          107496 kB
Cached:          1180720 kB
MemTotal:        1844596 kB
MemFree:          171824 kB
MemAvailable:    1448788 kB
Buffers:          107496 kB
Cached:          1180720 kB
MemTotal:        1844596 kB
MemFree:          171700 kB
MemAvailable:    1448664 kB
Buffers:          107496 kB
Cached:          1180720 kB
MemTotal:        1844596 kB
MemFree:          171440 kB
MemAvailable:    1448404 kB
Buffers:          107496 kB
Cached:          1180720 kB
MemTotal:        1844596 kB
MemFree:          171440 kB
MemAvailable:    1448404 kB
Buffers:          107496 kB
Cached:          1180720 kB
MemTotal:        1844596 kB
MemFree:          170224 kB
MemAvailable:    1447188 kB
Buffers:          107496 kB
Cached:          1180720 kB
MemTotal:        1844596 kB
MemFree:          169868 kB
MemAvailable:    1446832 kB
Buffers:          107496 kB
Cached:          1180720 kB
MemTotal:        1844596 kB
MemFree:          168820 kB
MemAvailable:    1445784 kB
Buffers:          107496 kB
Cached:          1180720 kB
MemTotal:        1844596 kB
MemFree:          168688 kB
MemAvailable:    1445652 kB
Buffers:          107496 kB
Cached:          1180720 kB
MemTotal:        1844596 kB
MemFree:          167868 kB
MemAvailable:    1444832 kB
Buffers:          107496 kB
Cached:          1180720 kB
MemTotal:        1844596 kB
MemFree:          166636 kB
MemAvailable:    1443600 kB
Buffers:          107496 kB
Cached:          1180720 kB
MemTotal:        1844596 kB
MemFree:          163536 kB
MemAvailable:    1440500 kB
Buffers:          107496 kB
Cached:          1180720 kB
MemTotal:        1844596 kB
MemFree:          160808 kB
MemAvailable:    1437772 kB
Buffers:          107496 kB
Cached:          1180720 kB
MemTotal:        1844596 kB
MemFree:          156824 kB
MemAvailable:    1433788 kB
Buffers:          107496 kB
Cached:          1180720 kB
MemTotal:        1844596 kB
MemFree:          156824 kB
MemAvailable:    1433788 kB
Buffers:          107496 kB
Cached:          1180720 kB
MemTotal:        1844596 kB
MemFree:          153228 kB
MemAvailable:    1430192 kB
Buffers:          107496 kB
Cached:          1180720 kB
MemTotal:        1844596 kB
MemFree:          152624 kB
MemAvailable:    1429588 kB
Buffers:          107496 kB
Cached:          1180720 kB
MemTotal:        1844596 kB
MemFree:          153052 kB
MemAvailable:    1430016 kB
Buffers:          107496 kB
Cached:          1180720 kB
MemTotal:        1844596 kB
MemFree:          152996 kB
MemAvailable:    1429960 kB
Buffers:          107496 kB
Cached:          1180720 kB
MemTotal:        1844596 kB
MemFree:          152940 kB
MemAvailable:    1429904 kB
Buffers:          107496 kB
Cached:          1180720 kB
MemTotal:        1844596 kB
MemFree:          152932 kB
MemAvailable:    1429896 kB
Buffers:          107496 kB
Cached:          1180720 kB
MemTotal:        1844596 kB
MemFree:          152756 kB
MemAvailable:    1429720 kB
Buffers:          107496 kB
Cached:          1180720 kB
MemTotal:        1844596 kB
MemFree:          152824 kB
MemAvailable:    1429788 kB
Buffers:          107496 kB
Cached:          1180720 kB
MemTotal:        1844596 kB
MemFree:          151868 kB
MemAvailable:    1428832 kB
Buffers:          107496 kB
Cached:          1180720 kB
MemTotal:        1844596 kB
MemFree:          152920 kB
MemAvailable:    1429884 kB
Buffers:          107496 kB
Cached:          1180720 kB
MemTotal:        1844596 kB
MemFree:          152664 kB
MemAvailable:    1429628 kB
Buffers:          107496 kB
Cached:          1180720 kB
MemTotal:        1844596 kB
MemFree:          152788 kB
MemAvailable:    1429752 kB
Buffers:          107496 kB
Cached:          1180720 kB
MemTotal:        1844596 kB
MemFree:          151488 kB
MemAvailable:    1428452 kB
Buffers:          107496 kB
Cached:          1180720 kB
MemTotal:        1844596 kB
MemFree:          151384 kB
MemAvailable:    1428348 kB
Buffers:          107496 kB
Cached:          1180720 kB
MemTotal:        1844596 kB
MemFree:          151012 kB
MemAvailable:    1427976 kB
Buffers:          107496 kB
Cached:          1180720 kB
MemTotal:        1844596 kB
MemFree:          152312 kB
MemAvailable:    1429276 kB
Buffers:          107496 kB
Cached:          1180720 kB
MemTotal:        1844596 kB
MemFree:          151508 kB
MemAvailable:    1428472 kB
Buffers:          107496 kB
Cached:          1180720 kB
MemTotal:        1844596 kB
MemFree:          151728 kB
MemAvailable:    1428692 kB
Buffers:          107496 kB
Cached:          1180720 kB
MemTotal:        1844596 kB
MemFree:          151812 kB
MemAvailable:    1428776 kB
Buffers:          107496 kB
Cached:          1180720 kB
MemTotal:        1844596 kB
MemFree:          150580 kB
MemAvailable:    1427544 kB
Buffers:          107496 kB
Cached:          1180720 kB
MemTotal:        1844596 kB
MemFree:          150872 kB
MemAvailable:    1427836 kB
Buffers:          107496 kB
Cached:          1180720 kB
MemTotal:        1844596 kB
MemFree:          150640 kB
MemAvailable:    1427604 kB
Buffers:          107496 kB
Cached:          1180720 kB
MemTotal:        1844596 kB
MemFree:          151964 kB
MemAvailable:    1428928 kB
Buffers:          107496 kB
Cached:          1180720 kB
MemTotal:        1844596 kB
MemFree:          151268 kB
MemAvailable:    1428232 kB
Buffers:          107496 kB
Cached:          1180720 kB
MemTotal:        1844596 kB
MemFree:          151872 kB
MemAvailable:    1428836 kB
Buffers:          107496 kB
Cached:          1180720 kB
MemTotal:        1844596 kB
MemFree:          152128 kB
MemAvailable:    1429092 kB
Buffers:          107496 kB
Cached:          1180720 kB
MemTotal:        1844596 kB
MemFree:          151864 kB
MemAvailable:    1428828 kB
Buffers:          107496 kB
Cached:          1180720 kB
MemTotal:        1844596 kB
MemFree:          151864 kB
MemAvailable:    1428828 kB
Buffers:          107496 kB
Cached:          1180720 kB
MemTotal:        1844596 kB
MemFree:          151992 kB
MemAvailable:    1428956 kB
Buffers:          107500 kB
Cached:          1180716 kB
MemTotal:        1844596 kB
MemFree:          152004 kB
MemAvailable:    1428968 kB
Buffers:          107500 kB
Cached:          1180716 kB
MemTotal:        1844596 kB
MemFree:          151800 kB
MemAvailable:    1428764 kB
Buffers:          107500 kB
Cached:          1180716 kB
MemTotal:        1844596 kB
MemFree:          152052 kB
MemAvailable:    1429016 kB
Buffers:          107500 kB
Cached:          1180716 kB
MemTotal:        1844596 kB
MemFree:          151936 kB
MemAvailable:    1428900 kB
Buffers:          107500 kB
Cached:          1180716 kB
MemTotal:        1844596 kB
MemFree:          152004 kB
MemAvailable:    1428968 kB
Buffers:          107500 kB
Cached:          1180716 kB
MemTotal:        1844596 kB
MemFree:          150020 kB
MemAvailable:    1426984 kB
Buffers:          107500 kB
Cached:          1180716 kB
MemTotal:        1844596 kB
MemFree:          146160 kB
MemAvailable:    1423124 kB
Buffers:          107500 kB
Cached:          1180716 kB
MemTotal:        1844596 kB
MemFree:          145804 kB
MemAvailable:    1422768 kB
Buffers:          107500 kB
Cached:          1180716 kB
MemTotal:        1844596 kB
MemFree:          142384 kB
MemAvailable:    1419348 kB
Buffers:          107500 kB
Cached:          1180716 kB
MemTotal:        1844596 kB
MemFree:          138356 kB
MemAvailable:    1415320 kB
Buffers:          107500 kB
Cached:          1180716 kB
MemTotal:        1844596 kB
MemFree:          136132 kB
MemAvailable:    1413096 kB
Buffers:          107500 kB
Cached:          1180716 kB
MemTotal:        1844596 kB
MemFree:          134084 kB
MemAvailable:    1411064 kB
Buffers:          107500 kB
Cached:          1180732 kB
MemTotal:        1844596 kB
MemFree:          133952 kB
MemAvailable:    1410932 kB
Buffers:          107500 kB
Cached:          1180732 kB
MemTotal:        1844596 kB
MemFree:          132784 kB
MemAvailable:    1409764 kB
Buffers:          107500 kB
Cached:          1180732 kB
MemTotal:        1844596 kB
MemFree:          133508 kB
MemAvailable:    1410488 kB
Buffers:          107500 kB
Cached:          1180732 kB
MemTotal:        1844596 kB
MemFree:          133844 kB
MemAvailable:    1410824 kB
Buffers:          107500 kB
Cached:          1180732 kB
MemTotal:        1844596 kB
MemFree:          133676 kB
MemAvailable:    1410656 kB
Buffers:          107500 kB
Cached:          1180732 kB
MemTotal:        1844596 kB
MemFree:          132476 kB
MemAvailable:    1409456 kB
Buffers:          107500 kB
Cached:          1180732 kB
MemTotal:        1844596 kB
MemFree:          133620 kB
MemAvailable:    1410600 kB
Buffers:          107500 kB
Cached:          1180732 kB
MemTotal:        1844596 kB
MemFree:          133620 kB
MemAvailable:    1410600 kB
Buffers:          107500 kB
Cached:          1180732 kB
MemTotal:        1844596 kB
MemFree:          133632 kB
MemAvailable:    1410612 kB
Buffers:          107500 kB
Cached:          1180732 kB
MemTotal:        1844596 kB
MemFree:          133888 kB
MemAvailable:    1410868 kB
Buffers:          107500 kB
Cached:          1180732 kB
MemTotal:        1844596 kB
MemFree:          133652 kB
MemAvailable:    1410632 kB
Buffers:          107500 kB
Cached:          1180732 kB
MemTotal:        1844596 kB
MemFree:          133580 kB
MemAvailable:    1410560 kB
Buffers:          107500 kB
Cached:          1180732 kB
MemTotal:        1844596 kB
MemFree:          133660 kB
MemAvailable:    1410640 kB
Buffers:          107500 kB
Cached:          1180732 kB
MemTotal:        1844596 kB
MemFree:          132280 kB
MemAvailable:    1409260 kB
Buffers:          107500 kB
Cached:          1180732 kB
MemTotal:        1844596 kB
MemFree:          133956 kB
MemAvailable:    1410936 kB
Buffers:          107500 kB
Cached:          1180732 kB
MemTotal:        1844596 kB
MemFree:          133584 kB
MemAvailable:    1410564 kB
Buffers:          107500 kB
Cached:          1180732 kB
MemTotal:        1844596 kB
MemFree:          133528 kB
MemAvailable:    1410384 kB
Buffers:          107500 kB
Cached:          1180732 kB
MemTotal:        1844596 kB
MemFree:          133824 kB
MemAvailable:    1410804 kB
Buffers:          107500 kB
Cached:          1180732 kB
MemTotal:        1844596 kB
MemFree:          133652 kB
MemAvailable:    1410632 kB
Buffers:          107500 kB
Cached:          1180732 kB
MemTotal:        1844596 kB
MemFree:          133040 kB
MemAvailable:    1410020 kB
Buffers:          107500 kB
Cached:          1180732 kB
MemTotal:        1844596 kB
MemFree:          133596 kB
MemAvailable:    1410576 kB
Buffers:          107500 kB
Cached:          1180732 kB
MemTotal:        1844596 kB
MemFree:          133848 kB
MemAvailable:    1410828 kB
Buffers:          107500 kB
Cached:          1180732 kB
MemTotal:        1844596 kB
MemFree:          133764 kB
MemAvailable:    1410744 kB
Buffers:          107500 kB
Cached:          1180732 kB
MemTotal:        1844596 kB
MemFree:          133820 kB
MemAvailable:    1410800 kB
Buffers:          107500 kB
Cached:          1180732 kB
MemTotal:        1844596 kB
MemFree:          133040 kB
MemAvailable:    1410020 kB
Buffers:          107500 kB
Cached:          1180732 kB
MemTotal:        1844596 kB
MemFree:          133644 kB
MemAvailable:    1410624 kB
Buffers:          107500 kB
Cached:          1180732 kB
MemTotal:        1844596 kB
MemFree:          133980 kB
MemAvailable:    1410960 kB
Buffers:          107500 kB
Cached:          1180732 kB
MemTotal:        1844596 kB
MemFree:          133664 kB
MemAvailable:    1410644 kB
Buffers:          107500 kB
Cached:          1180732 kB
MemTotal:        1844596 kB
MemFree:          132356 kB
MemAvailable:    1409336 kB
Buffers:          107500 kB
Cached:          1180732 kB
MemTotal:        1844596 kB
MemFree:          132524 kB
MemAvailable:    1409504 kB
Buffers:          107500 kB
Cached:          1180732 kB
MemTotal:        1844596 kB
MemFree:          132392 kB
MemAvailable:    1409372 kB
Buffers:          107500 kB
Cached:          1180732 kB
MemTotal:        1844596 kB
MemFree:          133904 kB
MemAvailable:    1410884 kB
Buffers:          107500 kB
Cached:          1180732 kB
MemTotal:        1844596 kB
MemFree:          132752 kB
MemAvailable:    1409732 kB
Buffers:          107500 kB
Cached:          1180732 kB
MemTotal:        1844596 kB
MemFree:          132464 kB
MemAvailable:    1409444 kB
Buffers:          107500 kB
Cached:          1180732 kB
MemTotal:        1844596 kB
MemFree:          132464 kB
MemAvailable:    1409444 kB
Buffers:          107500 kB
Cached:          1180732 kB
MemTotal:        1844596 kB
MemFree:          133800 kB
MemAvailable:    1410780 kB
Buffers:          107500 kB
Cached:          1180732 kB
MemTotal:        1844596 kB
MemFree:          133696 kB
MemAvailable:    1410676 kB
Buffers:          107500 kB
Cached:          1180732 kB
MemTotal:        1844596 kB
MemFree:          128444 kB
MemAvailable:    1405424 kB
Buffers:          107500 kB
Cached:          1180732 kB
MemTotal:        1844596 kB
MemFree:          127196 kB
MemAvailable:    1404176 kB
Buffers:          107500 kB
Cached:          1180732 kB
MemTotal:        1844596 kB
MemFree:          119872 kB
MemAvailable:    1396852 kB
Buffers:          107500 kB
Cached:          1180732 kB
MemTotal:        1844596 kB
MemFree:          119020 kB
MemAvailable:    1396000 kB
Buffers:          107500 kB
Cached:          1180732 kB
MemTotal:        1844596 kB
MemFree:          115424 kB
MemAvailable:    1392404 kB
Buffers:          107500 kB
Cached:          1180732 kB
MemTotal:        1844596 kB
MemFree:          116400 kB
MemAvailable:    1393380 kB
Buffers:          107500 kB
Cached:          1180732 kB
MemTotal:        1844596 kB
MemFree:          116484 kB
MemAvailable:    1393464 kB
Buffers:          107500 kB
Cached:          1180732 kB
MemTotal:        1844596 kB
MemFree:          116172 kB
MemAvailable:    1393152 kB
Buffers:          107500 kB
Cached:          1180732 kB
MemTotal:        1844596 kB
MemFree:          115608 kB
MemAvailable:    1392588 kB
Buffers:          107500 kB
Cached:          1180732 kB
MemTotal:        1844596 kB
MemFree:          114440 kB
MemAvailable:    1391420 kB
Buffers:          107500 kB
Cached:          1180732 kB
MemTotal:        1844596 kB
MemFree:          115284 kB
MemAvailable:    1392264 kB
Buffers:          107500 kB
Cached:          1180732 kB
MemTotal:        1844596 kB
MemFree:          115496 kB
MemAvailable:    1392476 kB
Buffers:          107500 kB
Cached:          1180732 kB
MemTotal:        1844596 kB
MemFree:          115348 kB
MemAvailable:    1392328 kB
Buffers:          107500 kB
Cached:          1180732 kB
MemTotal:        1844596 kB
MemFree:          115300 kB
MemAvailable:    1392280 kB
Buffers:          107500 kB
Cached:          1180732 kB
MemTotal:        1844596 kB
MemFree:          114440 kB
MemAvailable:    1391420 kB
Buffers:          107500 kB
Cached:          1180732 kB
MemTotal:        1844596 kB
MemFree:          113936 kB
MemAvailable:    1390916 kB
Buffers:          107500 kB
Cached:          1180732 kB
MemTotal:        1844596 kB
MemFree:          114432 kB
MemAvailable:    1391412 kB
Buffers:          107500 kB
Cached:          1180732 kB
MemTotal:        1844596 kB
MemFree:          113556 kB
MemAvailable:    1390536 kB
Buffers:          107500 kB
Cached:          1180732 kB
MemTotal:        1844596 kB
MemFree:          114652 kB
MemAvailable:    1391632 kB
Buffers:          107500 kB
Cached:          1180732 kB
MemTotal:        1844596 kB
MemFree:          114652 kB
MemAvailable:    1391632 kB
Buffers:          107500 kB
Cached:          1180732 kB
MemTotal:        1844596 kB
MemFree:          114112 kB
MemAvailable:    1391092 kB
Buffers:          107500 kB
Cached:          1180732 kB
MemTotal:        1844596 kB
MemFree:          112688 kB
MemAvailable:    1389668 kB
Buffers:          107500 kB
Cached:          1180732 kB
MemTotal:        1844596 kB
MemFree:          113688 kB
MemAvailable:    1390668 kB
Buffers:          107500 kB
Cached:          1180732 kB
MemTotal:        1844596 kB
MemFree:          112432 kB
MemAvailable:    1389412 kB
Buffers:          107500 kB
Cached:          1180732 kB
MemTotal:        1844596 kB
MemFree:          112324 kB
MemAvailable:    1389304 kB
Buffers:          107500 kB
Cached:          1180732 kB
MemTotal:        1844596 kB
MemFree:          111068 kB
MemAvailable:    1388048 kB
Buffers:          107500 kB
Cached:          1180732 kB
MemTotal:        1844596 kB
MemFree:          111184 kB
MemAvailable:    1388164 kB
Buffers:          107500 kB
Cached:          1180732 kB
MemTotal:        1844596 kB
MemFree:          110332 kB
MemAvailable:    1387312 kB
Buffers:          107500 kB
Cached:          1180732 kB
MemTotal:        1844596 kB
MemFree:          109472 kB
MemAvailable:    1386452 kB
Buffers:          107500 kB
Cached:          1180732 kB
MemTotal:        1844596 kB
MemFree:          108232 kB
MemAvailable:    1385212 kB
Buffers:          107500 kB
Cached:          1180732 kB
MemTotal:        1844596 kB
MemFree:          108216 kB
MemAvailable:    1385196 kB
Buffers:          107500 kB
Cached:          1180732 kB
MemTotal:        1844596 kB
MemFree:          107860 kB
MemAvailable:    1384840 kB
Buffers:          107500 kB
Cached:          1180732 kB
MemTotal:        1844596 kB
MemFree:          109268 kB
MemAvailable:    1386248 kB
Buffers:          107500 kB
Cached:          1180732 kB
MemTotal:        1844596 kB
MemFree:          108116 kB
MemAvailable:    1385096 kB
Buffers:          107500 kB
Cached:          1180732 kB
MemTotal:        1844596 kB
MemFree:          109052 kB
MemAvailable:    1386036 kB
Buffers:          107500 kB
Cached:          1180736 kB
MemTotal:        1844596 kB
MemFree:          109308 kB
MemAvailable:    1386292 kB
Buffers:          107500 kB
Cached:          1180736 kB
MemTotal:        1844596 kB
MemFree:          108176 kB
MemAvailable:    1385164 kB
Buffers:          107500 kB
Cached:          1180740 kB
MemTotal:        1844596 kB
MemFree:          107488 kB
MemAvailable:    1384476 kB
Buffers:          107500 kB
Cached:          1180740 kB
MemTotal:        1844596 kB
MemFree:          107912 kB
MemAvailable:    1384900 kB
Buffers:          107500 kB
Cached:          1180740 kB
MemTotal:        1844596 kB
MemFree:          107456 kB
MemAvailable:    1384444 kB
Buffers:          107500 kB
Cached:          1180740 kB
MemTotal:        1844596 kB
MemFree:          107612 kB
MemAvailable:    1384600 kB
Buffers:          107500 kB
Cached:          1180740 kB
MemTotal:        1844596 kB
MemFree:          107660 kB
MemAvailable:    1384648 kB
Buffers:          107500 kB
Cached:          1180740 kB
MemTotal:        1844596 kB
MemFree:          106228 kB
MemAvailable:    1383216 kB
Buffers:          107500 kB
Cached:          1180740 kB
MemTotal:        1844596 kB
MemFree:          106312 kB
MemAvailable:    1383300 kB
Buffers:          107500 kB
Cached:          1180740 kB
MemTotal:        1844596 kB
MemFree:          106472 kB
MemAvailable:    1383460 kB
Buffers:          107500 kB
Cached:          1180740 kB
MemTotal:        1844596 kB
MemFree:          106176 kB
MemAvailable:    1383164 kB
Buffers:          107500 kB
Cached:          1180740 kB
MemTotal:        1844596 kB
MemFree:          106868 kB
MemAvailable:    1383856 kB
Buffers:          107500 kB
Cached:          1180740 kB
MemTotal:        1844596 kB
MemFree:          107336 kB
MemAvailable:    1384324 kB
Buffers:          107500 kB
Cached:          1180740 kB
MemTotal:        1844596 kB
MemFree:          106568 kB
MemAvailable:    1383556 kB
Buffers:          107500 kB
Cached:          1180740 kB
MemTotal:        1844596 kB
MemFree:          106220 kB
MemAvailable:    1383208 kB
Buffers:          107500 kB
Cached:          1180740 kB
MemTotal:        1844596 kB
MemFree:          107456 kB
MemAvailable:    1384444 kB
Buffers:          107500 kB
Cached:          1180740 kB
MemTotal:        1844596 kB
MemFree:          107000 kB
MemAvailable:    1383988 kB
Buffers:          107500 kB
Cached:          1180740 kB
MemTotal:        1844596 kB
MemFree:          107308 kB
MemAvailable:    1384296 kB
Buffers:          107500 kB
Cached:          1180740 kB
MemTotal:        1844596 kB
MemFree:          106620 kB
MemAvailable:    1383608 kB
Buffers:          107500 kB
Cached:          1180740 kB
MemTotal:        1844596 kB
MemFree:          107392 kB
MemAvailable:    1384380 kB
Buffers:          107500 kB
Cached:          1180740 kB
MemTotal:        1844596 kB
MemFree:          107736 kB
MemAvailable:    1384724 kB
Buffers:          107500 kB
Cached:          1180740 kB
MemTotal:        1844596 kB
MemFree:          107600 kB
MemAvailable:    1384588 kB
Buffers:          107500 kB
Cached:          1180740 kB
MemTotal:        1844596 kB
MemFree:          107748 kB
MemAvailable:    1384736 kB
Buffers:          107500 kB
Cached:          1180740 kB
MemTotal:        1844596 kB
MemFree:          107660 kB
MemAvailable:    1384648 kB
Buffers:          107500 kB
Cached:          1180740 kB
MemTotal:        1844596 kB
MemFree:          107416 kB
MemAvailable:    1384404 kB
Buffers:          107500 kB
Cached:          1180740 kB
MemTotal:        1844596 kB
MemFree:          107496 kB
MemAvailable:    1384484 kB
Buffers:          107500 kB
Cached:          1180740 kB
MemTotal:        1844596 kB
MemFree:          106240 kB
MemAvailable:    1383228 kB
Buffers:          107500 kB
Cached:          1180740 kB
MemTotal:        1844596 kB
MemFree:          106240 kB
MemAvailable:    1383228 kB
Buffers:          107500 kB
Cached:          1180740 kB
MemTotal:        1844596 kB
MemFree:          107476 kB
MemAvailable:    1384464 kB
Buffers:          107500 kB
Cached:          1180740 kB
MemTotal:        1844596 kB
MemFree:          106316 kB
MemAvailable:    1383304 kB
Buffers:          107500 kB
Cached:          1180740 kB
MemTotal:        1844596 kB
MemFree:          106360 kB
MemAvailable:    1383348 kB
Buffers:          107500 kB
Cached:          1180740 kB
MemTotal:        1844596 kB
MemFree:          107488 kB
MemAvailable:    1384476 kB
Buffers:          107500 kB
Cached:          1180740 kB
MemTotal:        1844596 kB
MemFree:          106752 kB
MemAvailable:    1383740 kB
Buffers:          107500 kB
Cached:          1180740 kB
MemTotal:        1844596 kB
MemFree:          107308 kB
MemAvailable:    1384300 kB
Buffers:          107500 kB
Cached:          1180744 kB
MemTotal:        1844596 kB
MemFree:          107644 kB
MemAvailable:    1384636 kB
Buffers:          107500 kB
Cached:          1180744 kB
MemTotal:        1844596 kB
MemFree:          107440 kB
MemAvailable:    1384432 kB
Buffers:          107500 kB
Cached:          1180744 kB
MemTotal:        1844596 kB
MemFree:          107248 kB
MemAvailable:    1384240 kB
Buffers:          107500 kB
Cached:          1180744 kB
MemTotal:        1844596 kB
MemFree:          107440 kB
MemAvailable:    1384432 kB
Buffers:          107500 kB
Cached:          1180744 kB
MemTotal:        1844596 kB
MemFree:          106320 kB
MemAvailable:    1383312 kB
Buffers:          107500 kB
Cached:          1180744 kB
MemTotal:        1844596 kB
MemFree:          107436 kB
MemAvailable:    1384428 kB
Buffers:          107500 kB
Cached:          1180744 kB
MemTotal:        1844596 kB
MemFree:          106224 kB
MemAvailable:    1383216 kB
Buffers:          107500 kB
Cached:          1180744 kB
MemTotal:        1844596 kB
MemFree:          106556 kB
MemAvailable:    1383548 kB
Buffers:          107500 kB
Cached:          1180744 kB
MemTotal:        1844596 kB
MemFree:          106308 kB
MemAvailable:    1383300 kB
Buffers:          107500 kB
Cached:          1180744 kB
MemTotal:        1844596 kB
MemFree:          107460 kB
MemAvailable:    1384452 kB
Buffers:          107500 kB
Cached:          1180744 kB
MemTotal:        1844596 kB
MemFree:          107496 kB
MemAvailable:    1384488 kB
Buffers:          107500 kB
Cached:          1180744 kB
MemTotal:        1844596 kB
MemFree:          107612 kB
MemAvailable:    1384604 kB
Buffers:          107500 kB
Cached:          1180744 kB
MemTotal:        1844596 kB
MemFree:          107348 kB
MemAvailable:    1384340 kB
Buffers:          107500 kB
Cached:          1180744 kB
MemTotal:        1844596 kB
MemFree:          107364 kB
MemAvailable:    1384356 kB
Buffers:          107500 kB
Cached:          1180744 kB
MemTotal:        1844596 kB
MemFree:          106248 kB
MemAvailable:    1383240 kB
Buffers:          107500 kB
Cached:          1180744 kB
MemTotal:        1844596 kB
MemFree:          104636 kB
MemAvailable:    1381628 kB
Buffers:          107500 kB
Cached:          1180744 kB
MemTotal:        1844596 kB
MemFree:           99428 kB
MemAvailable:    1376296 kB
Buffers:          107500 kB
Cached:          1180744 kB
MemTotal:        1844596 kB
MemFree:           95940 kB
MemAvailable:    1372932 kB
Buffers:          107500 kB
Cached:          1180744 kB
MemTotal:        1844596 kB
MemFree:           95832 kB
MemAvailable:    1372824 kB
Buffers:          107500 kB
Cached:          1180744 kB
MemTotal:        1844596 kB
MemFree:           91864 kB
MemAvailable:    1368856 kB
Buffers:          107500 kB
Cached:          1180744 kB
MemTotal:        1844596 kB
MemFree:           88136 kB
MemAvailable:    1365128 kB
Buffers:          107500 kB
Cached:          1180744 kB
MemTotal:        1844596 kB
MemFree:           88392 kB
MemAvailable:    1365384 kB
Buffers:          107500 kB
Cached:          1180744 kB
MemTotal:        1844596 kB
MemFree:           88072 kB
MemAvailable:    1365064 kB
Buffers:          107500 kB
Cached:          1180744 kB
MemTotal:        1844596 kB
MemFree:           86708 kB
MemAvailable:    1363700 kB
Buffers:          107500 kB
Cached:          1180744 kB
MemTotal:        1844596 kB
MemFree:           88012 kB
MemAvailable:    1365004 kB
Buffers:          107500 kB
Cached:          1180744 kB
MemTotal:        1844596 kB
MemFree:           88056 kB
MemAvailable:    1365048 kB
Buffers:          107500 kB
Cached:          1180744 kB
MemTotal:        1844596 kB
MemFree:           87124 kB
MemAvailable:    1364116 kB
Buffers:          107500 kB
Cached:          1180744 kB
MemTotal:        1844596 kB
MemFree:           86828 kB
MemAvailable:    1363820 kB
Buffers:          107500 kB
Cached:          1180744 kB
MemTotal:        1844596 kB
MemFree:           86740 kB
MemAvailable:    1363732 kB
Buffers:          107500 kB
Cached:          1180744 kB
MemTotal:        1844596 kB
MemFree:           88040 kB
MemAvailable:    1365032 kB
Buffers:          107500 kB
Cached:          1180744 kB
MemTotal:        1844596 kB
MemFree:           87908 kB
MemAvailable:    1364900 kB
Buffers:          107500 kB
Cached:          1180744 kB
MemTotal:        1844596 kB
MemFree:           86904 kB
MemAvailable:    1363896 kB
Buffers:          107500 kB
Cached:          1180744 kB
MemTotal:        1844596 kB
MemFree:           87972 kB
MemAvailable:    1364964 kB
Buffers:          107500 kB
Cached:          1180744 kB
MemTotal:        1844596 kB
MemFree:           87284 kB
MemAvailable:    1364276 kB
Buffers:          107500 kB
Cached:          1180744 kB
MemTotal:        1844596 kB
MemFree:           87756 kB
MemAvailable:    1364748 kB
Buffers:          107500 kB
Cached:          1180744 kB
MemTotal:        1844596 kB
MemFree:           87840 kB
MemAvailable:    1364832 kB
Buffers:          107500 kB
Cached:          1180744 kB
MemTotal:        1844596 kB
MemFree:           86476 kB
MemAvailable:    1363468 kB
Buffers:          107500 kB
Cached:          1180744 kB
MemTotal:        1844596 kB
MemFree:           86476 kB
MemAvailable:    1363468 kB
Buffers:          107500 kB
Cached:          1180744 kB
MemTotal:        1844596 kB
MemFree:           86592 kB
MemAvailable:    1363584 kB
Buffers:          107500 kB
Cached:          1180744 kB
MemTotal:        1844596 kB
MemFree:           86636 kB
MemAvailable:    1363628 kB
Buffers:          107500 kB
Cached:          1180744 kB
MemTotal:        1844596 kB
MemFree:           87752 kB
MemAvailable:    1364748 kB
Buffers:          107500 kB
Cached:          1180748 kB
MemTotal:        1844596 kB
MemFree:           86532 kB
MemAvailable:    1363528 kB
Buffers:          107500 kB
Cached:          1180748 kB
MemTotal:        1844596 kB
MemFree:           86532 kB
MemAvailable:    1363528 kB
Buffers:          107500 kB
Cached:          1180748 kB
MemTotal:        1844596 kB
MemFree:           87724 kB
MemAvailable:    1364720 kB
Buffers:          107500 kB
Cached:          1180748 kB
MemTotal:        1844596 kB
MemFree:           86228 kB
MemAvailable:    1363224 kB
Buffers:          107500 kB
Cached:          1180748 kB
MemTotal:        1844596 kB
MemFree:           87336 kB
MemAvailable:    1364332 kB
Buffers:          107500 kB
Cached:          1180748 kB
MemTotal:        1844596 kB
MemFree:           85788 kB
MemAvailable:    1362784 kB
Buffers:          107500 kB
Cached:          1180748 kB
MemTotal:        1844596 kB
MemFree:           82556 kB
MemAvailable:    1359552 kB
Buffers:          107500 kB
Cached:          1180748 kB
MemTotal:        1844596 kB
MemFree:           80084 kB
MemAvailable:    1357080 kB
Buffers:          107500 kB
Cached:          1180748 kB
MemTotal:        1844596 kB
MemFree:           77912 kB
MemAvailable:    1354908 kB
Buffers:          107500 kB
Cached:          1180748 kB
MemTotal:        1844596 kB
MemFree:           76604 kB
MemAvailable:    1353600 kB
Buffers:          107500 kB
Cached:          1180748 kB
MemTotal:        1844596 kB
MemFree:           76596 kB
MemAvailable:    1353592 kB
Buffers:          107500 kB
Cached:          1180748 kB
MemTotal:        1844596 kB
MemFree:           76472 kB
MemAvailable:    1353468 kB
Buffers:          107500 kB
Cached:          1180748 kB
MemTotal:        1844596 kB
MemFree:           76556 kB
MemAvailable:    1353552 kB
Buffers:          107500 kB
Cached:          1180748 kB
MemTotal:        1844596 kB
MemFree:           76344 kB
MemAvailable:    1353340 kB
Buffers:          107500 kB
Cached:          1180748 kB
MemTotal:        1844596 kB
MemFree:           74628 kB
MemAvailable:    1351624 kB
Buffers:          107500 kB
Cached:          1180748 kB
MemTotal:        1844596 kB
MemFree:           73752 kB
MemAvailable:    1350748 kB
Buffers:          107500 kB
Cached:          1180748 kB
MemTotal:        1844596 kB
MemFree:           73868 kB
MemAvailable:    1350864 kB
Buffers:          107500 kB
Cached:          1180748 kB
MemTotal:        1844596 kB
MemFree:           73868 kB
MemAvailable:    1350864 kB
Buffers:          107500 kB
Cached:          1180748 kB
MemTotal:        1844596 kB
MemFree:           74688 kB
MemAvailable:    1351768 kB
Buffers:          107500 kB
Cached:          1180872 kB
MemTotal:        1844596 kB
MemFree:           73504 kB
MemAvailable:    1350668 kB
Buffers:          107500 kB
Cached:          1180996 kB
MemTotal:        1844596 kB
MemFree:           74248 kB
MemAvailable:    1351664 kB
Buffers:          107500 kB
Cached:          1181120 kB
MemTotal:        1844596 kB
MemFree:           73272 kB
MemAvailable:    1350688 kB
Buffers:          107500 kB
Cached:          1181120 kB
MemTotal:        1844596 kB
MemFree:           72844 kB
MemAvailable:    1350344 kB
Buffers:          107500 kB
Cached:          1181244 kB
MemTotal:        1844596 kB
MemFree:           73944 kB
MemAvailable:    1351528 kB
Buffers:          107500 kB
Cached:          1181244 kB
MemTotal:        1844596 kB
MemFree:           74028 kB
MemAvailable:    1351612 kB
Buffers:          107500 kB
Cached:          1181244 kB
MemTotal:        1844596 kB
MemFree:           72876 kB
MemAvailable:    1350460 kB
Buffers:          107500 kB
Cached:          1181368 kB
MemTotal:        1844596 kB
MemFree:           72876 kB
MemAvailable:    1350460 kB
Buffers:          107500 kB
Cached:          1181368 kB
MemTotal:        1844596 kB
MemFree:           74044 kB
MemAvailable:    1351628 kB
Buffers:          107500 kB
Cached:          1181368 kB
MemTotal:        1844596 kB
MemFree:           73768 kB
MemAvailable:    1351352 kB
Buffers:          107500 kB
Cached:          1181368 kB
MemTotal:        1844596 kB
MemFree:           73820 kB
MemAvailable:    1351404 kB
Buffers:          107500 kB
Cached:          1181368 kB
MemTotal:        1844596 kB
MemFree:           74156 kB
MemAvailable:    1351740 kB
Buffers:          107500 kB
Cached:          1181368 kB
MemTotal:        1844596 kB
MemFree:           74164 kB
MemAvailable:    1351832 kB
Buffers:          107500 kB
Cached:          1181492 kB
MemTotal:        1844596 kB
MemFree:           74752 kB
MemAvailable:    1351748 kB
Buffers:          107500 kB
Cached:          1180776 kB
MemTotal:        1844596 kB
MemFree:           73172 kB
MemAvailable:    1350168 kB
Buffers:          107500 kB
Cached:          1180776 kB
MemTotal:        1844596 kB
MemFree:          150808 kB
MemAvailable:    1427804 kB
Buffers:          107500 kB
Cached:          1180776 kB
MemTotal:        1844596 kB
MemFree:          269780 kB
MemAvailable:    1546776 kB
Buffers:          107500 kB
Cached:          1180776 kB
