MemTotal:        1844596 kB
MemFree:          309788 kB
MemAvailable:    1546244 kB
Buffers:           92864 kB
Cached:          1171936 kB
MemTotal:        1844596 kB
MemFree:          282028 kB
MemAvailable:    1518492 kB
Buffers:           92864 kB
Cached:          1171944 kB
MemTotal:        1844596 kB
MemFree:          279780 kB
MemAvailable:    1516244 kB
Buffers:           92864 kB
Cached:          1171944 kB
MemTotal:        1844596 kB
MemFree:          280116 kB
MemAvailable:    1516580 kB
Buffers:           92864 kB
Cached:          1171944 kB
MemTotal:        1844596 kB
MemFree:          278424 kB
MemAvailable:    1514888 kB
Buffers:           92864 kB
Cached:          1171944 kB
MemTotal:        1844596 kB
MemFree:          278424 kB
MemAvailable:    1514888 kB
Buffers:           92864 kB
Cached:          1171944 kB
MemTotal:        1844596 kB
MemFree:          276448 kB
MemAvailable:    1512912 kB
Buffers:           92864 kB
Cached:          1171944 kB
MemTotal:        1844596 kB
MemFree:          273720 kB
MemAvailable:    1510184 kB
Buffers:           92864 kB
Cached:          1171944 kB
MemTotal:        1844596 kB
MemFree:          270860 kB
MemAvailable:    1507324 kB
Buffers:           92864 kB
Cached:          1171944 kB
MemTotal:        1844596 kB
MemFree:          267340 kB
MemAvailable:    1503804 kB
Buffers:           92864 kB
Cached:          1171944 kB
MemTotal:        1844596 kB
MemFree:          267272 kB
MemAvailable:    1503736 kB
Buffers:           92864 kB
Cached:          1171944 kB
MemTotal:        1844596 kB
MemFree:          267148 kB
MemAvailable:    1503612 kB
Buffers:           92864 kB
Cached:          1171944 kB
MemTotal:        1844596 kB
MemFree:          267356 kB
MemAvailable:    1503820 kB
Buffers:           92864 kB
Cached:          1171944 kB
MemTotal:        1844596 kB
MemFree:          267348 kB
MemAvailable:    1503812 kB
Buffers:           92864 kB
Cached:          1171944 kB
MemTotal:        1844596 kB
MemFree:          267348 kB
MemAvailable:    1503812 kB
Buffers:           92864 kB
Cached:          1171944 kB
MemTotal:        1844596 kB
MemFree:          268124 kB
MemAvailable:    1504588 kB
Buffers:           92864 kB
Cached:          1171944 kB
MemTotal:        1844596 kB
MemFree:          266504 kB
MemAvailable:    1502968 kB
Buffers:           92864 kB
Cached:          1171944 kB
MemTotal:        1844596 kB
MemFree:          266624 kB
MemAvailable:    1503088 kB
Buffers:           92864 kB
Cached:          1171944 kB
MemTotal:        1844596 kB
MemFree:          266776 kB
MemAvailable:    1503244 kB
Buffers:           92864 kB
Cached:          1171944 kB
MemTotal:        1844596 kB
MemFree:          266860 kB
MemAvailable:    1503328 kB
Buffers:           92864 kB
Cached:          1171944 kB
MemTotal:        1844596 kB
MemFree:          266728 kB
MemAvailable:    1503196 kB
Buffers:           92864 kB
Cached:          1171944 kB
MemTotal:        1844596 kB
MemFree:          266396 kB
MemAvailable:    1502864 kB
Buffers:           92864 kB
Cached:          1171944 kB
MemTotal:        1844596 kB
MemFree:          267396 kB
MemAvailable:    1503864 kB
Buffers:           92864 kB
Cached:          1171944 kB
MemTotal:        1844596 kB
MemFree:          266528 kB
MemAvailable:    1502996 kB
Buffers:           92864 kB
Cached:          1171944 kB
MemTotal:        1844596 kB
MemFree:          266964 kB
MemAvailable:    1503432 kB
Buffers:           92864 kB
Cached:          1171944 kB
MemTotal:        1844596 kB
MemFree:          267220 kB
MemAvailable:    1503688 kB
Buffers:           92864 kB
Cached:          1171944 kB
MemTotal:        1844596 kB
MemFree:          266456 kB
MemAvailable:    1502924 kB
Buffers:           92864 kB
Cached:          1171944 kB
MemTotal:        1844596 kB
MemFree:          264916 kB
MemAvailable:    1501384 kB
Buffers:           92864 kB
Cached:          1171944 kB
MemTotal:        1844596 kB
MemFree:          265520 kB
MemAvailable:    1501988 kB
Buffers:           92864 kB
Cached:          1171944 kB
MemTotal:        1844596 kB
MemFree:          265604 kB
MemAvailable:    1502072 kB
Buffers:           92864 kB
Cached:          1171944 kB
MemTotal:        1844596 kB
MemFree:          264284 kB
MemAvailable:    1500752 kB
Buffers:           92864 kB
Cached:          1171944 kB
MemTotal:        1844596 kB
MemFree:          264284 kB
MemAvailable:    1500752 kB
Buffers:           92864 kB
Cached:          1171944 kB
MemTotal:        1844596 kB
MemFree:          264152 kB
MemAvailable:    1500620 kB
Buffers:           92864 kB
Cached:          1171944 kB
MemTotal:        1844596 kB
MemFree:          264360 kB
MemAvailable:    1500828 kB
Buffers:           92864 kB
Cached:          1171944 kB
MemTotal:        1844596 kB
MemFree:          265512 kB
MemAvailable:    1501980 kB
Buffers:           92864 kB
Cached:          1171944 kB
MemTotal:        1844596 kB
MemFree:          266828 kB
MemAvailable:    1503296 kB
Buffers:           92864 kB
Cached:          1171944 kB
MemTotal:        1844596 kB
MemFree:          265660 kB
MemAvailable:    1502128 kB
Buffers:           92864 kB
Cached:          1171944 kB
MemTotal:        1844596 kB
MemFree:          262676 kB
MemAvailable:    1499144 kB
Buffers:           92864 kB
Cached:          1171944 kB
MemTotal:        1844596 kB
MemFree:          262760 kB
MemAvailable:    1499228 kB
Buffers:           92864 kB
Cached:          1171944 kB
MemTotal:        1844596 kB
MemFree:          261692 kB
MemAvailable:    1498160 kB
Buffers:           92864 kB
Cached:          1171944 kB
MemTotal:        1844596 kB
MemFree:          261496 kB
MemAvailable:    1497964 kB
Buffers:           92864 kB
Cached:          1171944 kB
MemTotal:        1844596 kB
MemFree:          260460 kB
MemAvailable:    1496928 kB
Buffers:           92864 kB
Cached:          1171944 kB
MemTotal:        1844596 kB
MemFree:          261256 kB
MemAvailable:    1497724 kB
Buffers:           92864 kB
Cached:          1171944 kB
MemTotal:        1844596 kB
MemFree:          261340 kB
MemAvailable:    1497808 kB
Buffers:           92864 kB
Cached:          1171944 kB
MemTotal:        1844596 kB
MemFree:          261308 kB
MemAvailable:    1497776 kB
Buffers:           92864 kB
Cached:          1171944 kB
MemTotal:        1844596 kB
MemFree:          260008 kB
MemAvailable:    1496476 kB
Buffers:           92864 kB
Cached:          1171944 kB
MemTotal:        1844596 kB
MemFree:          260984 kB
MemAvailable:    1497452 kB
Buffers:           92864 kB
Cached:          1171944 kB
MemTotal:        1844596 kB
MemFree:          261152 kB
MemAvailable:    1497620 kB
Buffers:           92864 kB
Cached:          1171944 kB
MemTotal:        1844596 kB
MemFree:          261004 kB
MemAvailable:    1497472 kB
Buffers:           92864 kB
Cached:          1171944 kB
MemTotal:        1844596 kB
MemFree:          260700 kB
MemAvailable:    1497168 kB
Buffers:           92864 kB
Cached:          1171944 kB
MemTotal:        1844596 kB
MemFree:          261112 kB
MemAvailable:    1497580 kB
Buffers:           92864 kB
Cached:          1171944 kB
MemTotal:        1844596 kB
MemFree:          261072 kB
MemAvailable:    1497540 kB
Buffers:           92864 kB
Cached:          1171944 kB
MemTotal:        1844596 kB
MemFree:          261236 kB
MemAvailable:    1497704 kB
Buffers:           92864 kB
Cached:          1171944 kB
MemTotal:        1844596 kB
MemFree:          260080 kB
MemAvailable:    1496548 kB
Buffers:           92864 kB
Cached:          1171944 kB
MemTotal:        1844596 kB
MemFree:          255228 kB
MemAvailable:    1491696 kB
Buffers:           92864 kB
Cached:          1171944 kB
MemTotal:        1844596 kB
MemFree:          255120 kB
MemAvailable:    1491588 kB
Buffers:           92864 kB
Cached:          1171944 kB
MemTotal:        1844596 kB
MemFree:          253948 kB
MemAvailable:    1490416 kB
Buffers:           92864 kB
Cached:          1171944 kB
MemTotal:        1844596 kB
MemFree:          253756 kB
MemAvailable:    1490224 kB
Buffers:           92864 kB
Cached:          1171944 kB
MemTotal:        1844596 kB
MemFree:          253384 kB
MemAvailable:    1489852 kB
Buffers:           92864 kB
Cached:          1171944 kB
MemTotal:        1844596 kB
MemFree:          253072 kB
MemAvailable:    1489540 kB
Buffers:           92864 kB
Cached:          1171944 kB
MemTotal:        1844596 kB
MemFree:          252436 kB
MemAvailable:    1488904 kB
Buffers:           92864 kB
Cached:          1171944 kB
MemTotal:        1844596 kB
MemFree:          252356 kB
MemAvailable:    1488824 kB
Buffers:           92864 kB
Cached:          1171944 kB
MemTotal:        1844596 kB
MemFree:          252336 kB
MemAvailable:    1488804 kB
Buffers:           92864 kB
Cached:          1171944 kB
MemTotal:        1844596 kB
MemFree:          252312 kB
MemAvailable:    1488780 kB
Buffers:           92864 kB
Cached:          1171944 kB
MemTotal:        1844596 kB
MemFree:          252144 kB
MemAvailable:    1488612 kB
Buffers:           92864 kB
Cached:          1171944 kB
MemTotal:        1844596 kB
MemFree:          251096 kB
MemAvailable:    1487564 kB
Buffers:           92864 kB
Cached:          1171944 kB
MemTotal:        1844596 kB
MemFree:          251220 kB
MemAvailable:    1487688 kB
Buffers:           92872 kB
Cached:          1171936 kB
MemTotal:        1844596 kB
MemFree:          252520 kB
MemAvailable:    1488988 kB
Buffers:           92872 kB
Cached:          1171936 kB
MemTotal:        1844596 kB
MemFree:          251772 kB
MemAvailable:    1488240 kB
Buffers:           92872 kB
Cached:          1171936 kB
MemTotal:        1844596 kB
MemFree:          252128 kB
MemAvailable:    1488596 kB
Buffers:           92872 kB
Cached:          1171936 kB
MemTotal:        1844596 kB
MemFree:          252020 kB
MemAvailable:    1488488 kB
Buffers:           92872 kB
Cached:          1171936 kB
MemTotal:        1844596 kB
MemFree:          250848 kB
MemAvailable:    1487316 kB
Buffers:           92872 kB
Cached:          1171936 kB
MemTotal:        1844596 kB
MemFree:          250972 kB
MemAvailable:    1487440 kB
Buffers:           92872 kB
Cached:          1171936 kB
MemTotal:        1844596 kB
MemFree:          252072 kB
MemAvailable:    1488540 kB
Buffers:           92872 kB
Cached:          1171936 kB
MemTotal:        1844596 kB
MemFree:          252072 kB
MemAvailable:    1488540 kB
Buffers:           92872 kB
Cached:          1171936 kB
MemTotal:        1844596 kB
MemFree:          252008 kB
MemAvailable:    1488476 kB
Buffers:           92872 kB
Cached:          1171936 kB
MemTotal:        1844596 kB
MemFree:          250760 kB
MemAvailable:    1487228 kB
Buffers:           92872 kB
Cached:          1171936 kB
MemTotal:        1844596 kB
MemFree:          250844 kB
MemAvailable:    1487312 kB
Buffers:           92872 kB
Cached:          1171936 kB
MemTotal:        1844596 kB
MemFree:          251820 kB
MemAvailable:    1488288 kB
Buffers:           92872 kB
Cached:          1171936 kB
MemTotal:        1844596 kB
MemFree:          251988 kB
MemAvailable:    1488456 kB
Buffers:           92872 kB
Cached:          1171936 kB
MemTotal:        1844596 kB
MemFree:          249416 kB
MemAvailable:    1485884 kB
Buffers:           92872 kB
Cached:          1171936 kB
MemTotal:        1844596 kB
MemFree:          246440 kB
MemAvailable:    1482908 kB
Buffers:           92872 kB
Cached:          1171936 kB
MemTotal:        1844596 kB
MemFree:          243340 kB
MemAvailable:    1479808 kB
Buffers:           92872 kB
Cached:          1171936 kB
MemTotal:        1844596 kB
MemFree:          242472 kB
MemAvailable:    1478940 kB
Buffers:           92872 kB
Cached:          1171936 kB
MemTotal:        1844596 kB
MemFree:          243572 kB
MemAvailable:    1480040 kB
Buffers:           92872 kB
Cached:          1171936 kB
MemTotal:        1844596 kB
MemFree:          243824 kB
MemAvailable:    1480292 kB
Buffers:           92872 kB
Cached:          1171936 kB
MemTotal:        1844596 kB
MemFree:          242292 kB
MemAvailable:    1478760 kB
Buffers:           92872 kB
Cached:          1171936 kB
MemTotal:        1844596 kB
MemFree:          243076 kB
MemAvailable:    1479544 kB
Buffers:           92872 kB
Cached:          1171936 kB
MemTotal:        1844596 kB
MemFree:          242472 kB
MemAvailable:    1478940 kB
Buffers:           92872 kB
Cached:          1171936 kB
MemTotal:        1844596 kB
MemFree:          242012 kB
MemAvailable:    1478496 kB
Buffers:           92872 kB
Cached:          1171952 kB
MemTotal:        1844596 kB
MemFree:          241976 kB
MemAvailable:    1478460 kB
Buffers:           92872 kB
Cached:          1171952 kB
MemTotal:        1844596 kB
MemFree:          242100 kB
MemAvailable:    1478588 kB
Buffers:           92872 kB
Cached:          1171956 kB
MemTotal:        1844596 kB
MemFree:          243300 kB
MemAvailable:    1479788 kB
Buffers:           92872 kB
Cached:          1171956 kB
MemTotal:        1844596 kB
MemFree:          242224 kB
MemAvailable:    1478712 kB
Buffers:           92872 kB
Cached:          1171956 kB
MemTotal:        1844596 kB
MemFree:          243464 kB
MemAvailable:    1479952 kB
Buffers:           92872 kB
Cached:          1171956 kB
MemTotal:        1844596 kB
MemFree:          243456 kB
MemAvailable:    1479944 kB
Buffers:           92872 kB
Cached:          1171956 kB
MemTotal:        1844596 kB
MemFree:          243460 kB
MemAvailable:    1479948 kB
Buffers:           92872 kB
Cached:          1171956 kB
MemTotal:        1844596 kB
MemFree:          243408 kB
MemAvailable:    1479896 kB
Buffers:           92872 kB
Cached:          1171956 kB
MemTotal:        1844596 kB
MemFree:          243120 kB
MemAvailable:    1479608 kB
Buffers:           92872 kB
Cached:          1171956 kB
MemTotal:        1844596 kB
MemFree:          243388 kB
MemAvailable:    1479876 kB
Buffers:           92872 kB
Cached:          1171956 kB
MemTotal:        1844596 kB
MemFree:          243184 kB
MemAvailable:    1479672 kB
Buffers:           92872 kB
Cached:          1171956 kB
MemTotal:        1844596 kB
MemFree:          243436 kB
MemAvailable:    1479924 kB
Buffers:           92872 kB
Cached:          1171956 kB
MemTotal:        1844596 kB
MemFree:          243388 kB
MemAvailable:    1479876 kB
Buffers:           92872 kB
Cached:          1171956 kB
MemTotal:        1844596 kB
MemFree:          243216 kB
MemAvailable:    1479704 kB
Buffers:           92872 kB
Cached:          1171956 kB
MemTotal:        1844596 kB
MemFree:          242480 kB
MemAvailable:    1478968 kB
Buffers:           92872 kB
Cached:          1171956 kB
MemTotal:        1844596 kB
MemFree:          243076 kB
MemAvailable:    1479564 kB
Buffers:           92872 kB
Cached:          1171956 kB
MemTotal:        1844596 kB
MemFree:          243328 kB
MemAvailable:    1479816 kB
Buffers:           92872 kB
Cached:          1171956 kB
MemTotal:        1844596 kB
MemFree:          241976 kB
MemAvailable:    1478464 kB
Buffers:           92872 kB
Cached:          1171956 kB
MemTotal:        1844596 kB
MemFree:          240356 kB
MemAvailable:    1476844 kB
Buffers:           92872 kB
Cached:          1171956 kB
MemTotal:        1844596 kB
MemFree:          238140 kB
MemAvailable:    1474628 kB
Buffers:           92872 kB
Cached:          1171956 kB
MemTotal:        1844596 kB
MemFree:          234272 kB
MemAvailable:    1470760 kB
Buffers:           92872 kB
Cached:          1171956 kB
MemTotal:        1844596 kB
MemFree:          234608 kB
MemAvailable:    1471096 kB
Buffers:           92872 kB
Cached:          1171956 kB
MemTotal:        1844596 kB
MemFree:          233040 kB
MemAvailable:    1469528 kB
Buffers:           92872 kB
Cached:          1171956 kB
MemTotal:        1844596 kB
MemFree:          234032 kB
MemAvailable:    1470520 kB
Buffers:           92872 kB
Cached:          1171956 kB
MemTotal:        1844596 kB
MemFree:          232676 kB
MemAvailable:    1469164 kB
Buffers:           92872 kB
Cached:          1171956 kB
MemTotal:        1844596 kB
MemFree:          232660 kB
MemAvailable:    1469148 kB
Buffers:           92872 kB
Cached:          1171956 kB
MemTotal:        1844596 kB
MemFree:          232428 kB
MemAvailable:    1468916 kB
Buffers:           92872 kB
Cached:          1171956 kB
MemTotal:        1844596 kB
MemFree:          232240 kB
MemAvailable:    1468728 kB
Buffers:           92872 kB
Cached:          1171956 kB
MemTotal:        1844596 kB
MemFree:          230436 kB
MemAvailable:    1466924 kB
Buffers:           92872 kB
Cached:          1171956 kB
MemTotal:        1844596 kB
MemFree:          230560 kB
MemAvailable:    1467048 kB
Buffers:           92872 kB
Cached:          1171956 kB
MemTotal:        1844596 kB
MemFree:          230560 kB
MemAvailable:    1467048 kB
Buffers:           92872 kB
Cached:          1171956 kB
MemTotal:        1844596 kB
MemFree:          231736 kB
MemAvailable:    1468224 kB
Buffers:           92872 kB
Cached:          1171956 kB
MemTotal:        1844596 kB
MemFree:          230700 kB
MemAvailable:    1467188 kB
Buffers:           92872 kB
Cached:          1171956 kB
MemTotal:        1844596 kB
MemFree:          231544 kB
MemAvailable:    1468036 kB
Buffers:           92872 kB
Cached:          1171960 kB
MemTotal:        1844596 kB
MemFree:          231628 kB
MemAvailable:    1468120 kB
Buffers:           92872 kB
Cached:          1171960 kB
MemTotal:        1844596 kB
MemFree:          230264 kB
MemAvailable:    1466756 kB
Buffers:           92872 kB
Cached:          1171960 kB
MemTotal:        1844596 kB
MemFree:          230264 kB
MemAvailable:    1466756 kB
Buffers:           92872 kB
Cached:          1171960 kB
MemTotal:        1844596 kB
MemFree:          231416 kB
MemAvailable:    1467908 kB
Buffers:           92872 kB
Cached:          1171960 kB
MemTotal:        1844596 kB
MemFree:          231272 kB
MemAvailable:    1467764 kB
Buffers:           92872 kB
Cached:          1171960 kB
MemTotal:        1844596 kB
MemFree:          231524 kB
MemAvailable:    1468016 kB
Buffers:           92872 kB
Cached:          1171960 kB
MemTotal:        1844596 kB
MemFree:          230184 kB
MemAvailable:    1466676 kB
Buffers:           92872 kB
Cached:          1171960 kB
MemTotal:        1844596 kB
MemFree:          231424 kB
MemAvailable:    1467916 kB
Buffers:           92872 kB
Cached:          1171960 kB
MemTotal:        1844596 kB
MemFree:          230308 kB
MemAvailable:    1466800 kB
Buffers:           92872 kB
Cached:          1171960 kB
MemTotal:        1844596 kB
MemFree:          231284 kB
MemAvailable:    1467776 kB
Buffers:           92872 kB
Cached:          1171960 kB
MemTotal:        1844596 kB
MemFree:          231536 kB
MemAvailable:    1468028 kB
Buffers:           92872 kB
Cached:          1171960 kB
MemTotal:        1844596 kB
MemFree:          230016 kB
MemAvailable:    1466508 kB
Buffers:           92872 kB
Cached:          1171960 kB
MemTotal:        1844596 kB
MemFree:          230000 kB
MemAvailable:    1466492 kB
Buffers:           92872 kB
Cached:          1171960 kB
MemTotal:        1844596 kB
MemFree:          231376 kB
MemAvailable:    1467868 kB
Buffers:           92872 kB
Cached:          1171960 kB
MemTotal:        1844596 kB
MemFree:          231364 kB
MemAvailable:    1467856 kB
Buffers:           92872 kB
Cached:          1171960 kB
MemTotal:        1844596 kB
MemFree:          231616 kB
MemAvailable:    1468108 kB
Buffers:           92872 kB
Cached:          1171960 kB
MemTotal:        1844596 kB
MemFree:          230148 kB
MemAvailable:    1466640 kB
Buffers:           92872 kB
Cached:          1171960 kB
MemTotal:        1844596 kB
MemFree:          231380 kB
MemAvailable:    1467872 kB
Buffers:           92872 kB
Cached:          1171960 kB
MemTotal:        1844596 kB
MemFree:          231632 kB
MemAvailable:    1468124 kB
Buffers:           92872 kB
Cached:          1171960 kB
MemTotal:        1844596 kB
MemFree:          231424 kB
MemAvailable:    1467916 kB
Buffers:           92872 kB
Cached:          1171960 kB
MemTotal:        1844596 kB
MemFree:          231420 kB
MemAvailable:    1467912 kB
Buffers:           92872 kB
Cached:          1171960 kB
MemTotal:        1844596 kB
MemFree:          231536 kB
MemAvailable:    1468028 kB
Buffers:           92872 kB
Cached:          1171960 kB
MemTotal:        1844596 kB
MemFree:          231288 kB
MemAvailable:    1467780 kB
Buffers:           92872 kB
Cached:          1171960 kB
MemTotal:        1844596 kB
MemFree:          231232 kB
MemAvailable:    1467724 kB
Buffers:           92872 kB
Cached:          1171960 kB
MemTotal:        1844596 kB
MemFree:          231312 kB
MemAvailable:    1467804 kB
Buffers:           92872 kB
Cached:          1171960 kB
MemTotal:        1844596 kB
MemFree:          231256 kB
MemAvailable:    1467748 kB
Buffers:           92872 kB
Cached:          1171960 kB
MemTotal:        1844596 kB
MemFree:          230140 kB
MemAvailable:    1466632 kB
Buffers:           92872 kB
Cached:          1171960 kB
MemTotal:        1844596 kB
MemFree:          230300 kB
MemAvailable:    1466792 kB
Buffers:           92872 kB
Cached:          1171960 kB
MemTotal:        1844596 kB
MemFree:          230176 kB
MemAvailable:    1466668 kB
Buffers:           92872 kB
Cached:          1171960 kB
MemTotal:        1844596 kB
MemFree:          230300 kB
MemAvailable:    1466792 kB
Buffers:           92872 kB
Cached:          1171960 kB
MemTotal:        1844596 kB
MemFree:          230176 kB
MemAvailable:    1466668 kB
Buffers:           92872 kB
Cached:          1171960 kB
MemTotal:        1844596 kB
MemFree:          230176 kB
MemAvailable:    1466668 kB
Buffers:           92872 kB
Cached:          1171960 kB
MemTotal:        1844596 kB
MemFree:          231476 kB
MemAvailable:    1467968 kB
Buffers:           92872 kB
Cached:          1171960 kB
MemTotal:        1844596 kB
MemFree:          230044 kB
MemAvailable:    1466536 kB
Buffers:           92872 kB
Cached:          1171960 kB
MemTotal:        1844596 kB
MemFree:          231220 kB
MemAvailable:    1467712 kB
Buffers:           92872 kB
Cached:          1171960 kB
MemTotal:        1844596 kB
MemFree:          231492 kB
MemAvailable:    1467984 kB
Buffers:           92872 kB
Cached:          1171960 kB
MemTotal:        1844596 kB
MemFree:          231356 kB
MemAvailable:    1467848 kB
Buffers:           92872 kB
Cached:          1171960 kB
MemTotal:        1844596 kB
MemFree:          231072 kB
MemAvailable:    1467564 kB
Buffers:           92872 kB
Cached:          1171960 kB
MemTotal:        1844596 kB
MemFree:          231124 kB
MemAvailable:    1467616 kB
Buffers:           92872 kB
Cached:          1171960 kB
MemTotal:        1844596 kB
MemFree:          231460 kB
MemAvailable:    1467952 kB
Buffers:           92872 kB
Cached:          1171960 kB
MemTotal:        1844596 kB
MemFree:          230992 kB
MemAvailable:    1467488 kB
Buffers:           92872 kB
Cached:          1171964 kB
MemTotal:        1844596 kB
MemFree:          230940 kB
MemAvailable:    1467436 kB
Buffers:           92872 kB
Cached:          1171964 kB
MemTotal:        1844596 kB
MemFree:          231008 kB
MemAvailable:    1467504 kB
Buffers:           92872 kB
Cached:          1171964 kB
MemTotal:        1844596 kB
MemFree:          231064 kB
MemAvailable:    1467560 kB
Buffers:           92872 kB
Cached:          1171964 kB
MemTotal:        1844596 kB
MemFree:          230328 kB
MemAvailable:    1466824 kB
Buffers:           92872 kB
Cached:          1171964 kB
MemTotal:        1844596 kB
MemFree:          230876 kB
MemAvailable:    1467372 kB
Buffers:           92872 kB
Cached:          1171964 kB
MemTotal:        1844596 kB
MemFree:          231048 kB
MemAvailable:    1467544 kB
Buffers:           92872 kB
Cached:          1171964 kB
MemTotal:        1844596 kB
MemFree:          230984 kB
MemAvailable:    1467480 kB
Buffers:           92872 kB
Cached:          1171964 kB
MemTotal:        1844596 kB
MemFree:          230752 kB
MemAvailable:    1467248 kB
Buffers:           92872 kB
Cached:          1171964 kB
MemTotal:        1844596 kB
MemFree:          230740 kB
MemAvailable:    1467236 kB
Buffers:           92872 kB
Cached:          1171964 kB
MemTotal:        1844596 kB
MemFree:          230908 kB
MemAvailable:    1467404 kB
Buffers:           92872 kB
Cached:          1171964 kB
MemTotal:        1844596 kB
MemFree:          230612 kB
MemAvailable:    1467108 kB
Buffers:           92872 kB
Cached:          1171964 kB
MemTotal:        1844596 kB
MemFree:          229304 kB
MemAvailable:    1465800 kB
Buffers:           92872 kB
Cached:          1171964 kB
MemTotal:        1844596 kB
MemFree:          229312 kB
MemAvailable:    1465808 kB
Buffers:           92872 kB
Cached:          1171964 kB
MemTotal:        1844596 kB
MemFree:          230420 kB
MemAvailable:    1466916 kB
Buffers:           92872 kB
Cached:          1171964 kB
MemTotal:        1844596 kB
MemFree:          230672 kB
MemAvailable:    1467168 kB
Buffers:           92872 kB
Cached:          1171964 kB
MemTotal:        1844596 kB
MemFree:          230376 kB
MemAvailable:    1466872 kB
Buffers:           92872 kB
Cached:          1171964 kB
MemTotal:        1844596 kB
MemFree:          230364 kB
MemAvailable:    1466860 kB
Buffers:           92872 kB
Cached:          1171964 kB
MemTotal:        1844596 kB
MemFree:          230700 kB
MemAvailable:    1467196 kB
Buffers:           92872 kB
Cached:          1171964 kB
MemTotal:        1844596 kB
MemFree:          229156 kB
MemAvailable:    1465652 kB
Buffers:           92872 kB
Cached:          1171964 kB
MemTotal:        1844596 kB
MemFree:          230256 kB
MemAvailable:    1466752 kB
Buffers:           92872 kB
Cached:          1171964 kB
MemTotal:        1844596 kB
MemFree:          230072 kB
MemAvailable:    1466568 kB
Buffers:           92872 kB
Cached:          1171964 kB
MemTotal:        1844596 kB
MemFree:          230356 kB
MemAvailable:    1466852 kB
Buffers:           92872 kB
Cached:          1171964 kB
MemTotal:        1844596 kB
MemFree:          230700 kB
MemAvailable:    1467196 kB
Buffers:           92872 kB
Cached:          1171964 kB
MemTotal:        1844596 kB
MemFree:          229072 kB
MemAvailable:    1465568 kB
Buffers:           92872 kB
Cached:          1171964 kB
MemTotal:        1844596 kB
MemFree:          229196 kB
MemAvailable:    1465692 kB
Buffers:           92872 kB
Cached:          1171964 kB
MemTotal:        1844596 kB
MemFree:          229196 kB
MemAvailable:    1465692 kB
Buffers:           92872 kB
Cached:          1171964 kB
MemTotal:        1844596 kB
MemFree:          225856 kB
MemAvailable:    1462352 kB
Buffers:           92872 kB
Cached:          1171964 kB
MemTotal:        1844596 kB
MemFree:          223128 kB
MemAvailable:    1459624 kB
Buffers:           92872 kB
Cached:          1171964 kB
MemTotal:        1844596 kB
MemFree:          220896 kB
MemAvailable:    1457392 kB
Buffers:           92872 kB
Cached:          1171964 kB
MemTotal:        1844596 kB
MemFree:          218788 kB
MemAvailable:    1455284 kB
Buffers:           92872 kB
Cached:          1171964 kB
MemTotal:        1844596 kB
MemFree:          218780 kB
MemAvailable:    1455276 kB
Buffers:           92872 kB
Cached:          1171964 kB
MemTotal:        1844596 kB
MemFree:          219400 kB
MemAvailable:    1455896 kB
Buffers:           92872 kB
Cached:          1171964 kB
MemTotal:        1844596 kB
MemFree:          219408 kB
MemAvailable:    1455904 kB
Buffers:           92872 kB
Cached:          1171964 kB
MemTotal:        1844596 kB
MemFree:          219212 kB
MemAvailable:    1455708 kB
Buffers:           92872 kB
Cached:          1171964 kB
MemTotal:        1844596 kB
MemFree:          217904 kB
MemAvailable:    1454400 kB
Buffers:           92872 kB
Cached:          1171964 kB
MemTotal:        1844596 kB
MemFree:          218408 kB
MemAvailable:    1454904 kB
Buffers:           92872 kB
Cached:          1171964 kB
MemTotal:        1844596 kB
MemFree:          217804 kB
MemAvailable:    1454300 kB
Buffers:           92872 kB
Cached:          1171964 kB
MemTotal:        1844596 kB
MemFree:          217600 kB
MemAvailable:    1454096 kB
Buffers:           92872 kB
Cached:          1171964 kB
MemTotal:        1844596 kB
MemFree:          217112 kB
MemAvailable:    1453608 kB
Buffers:           92872 kB
Cached:          1171964 kB
MemTotal:        1844596 kB
MemFree:          216068 kB
MemAvailable:    1452564 kB
Buffers:           92872 kB
Cached:          1171964 kB
MemTotal:        1844596 kB
MemFree:          216872 kB
MemAvailable:    1453372 kB
Buffers:           92872 kB
Cached:          1171968 kB
MemTotal:        1844596 kB
MemFree:          216556 kB
MemAvailable:    1453056 kB
Buffers:           92872 kB
Cached:          1171968 kB
MemTotal:        1844596 kB
MemFree:          216800 kB
MemAvailable:    1453300 kB
Buffers:           92872 kB
Cached:          1171968 kB
MemTotal:        1844596 kB
MemFree:          216908 kB
MemAvailable:    1453408 kB
Buffers:           92872 kB
Cached:          1171968 kB
MemTotal:        1844596 kB
MemFree:          216564 kB
MemAvailable:    1453064 kB
Buffers:           92872 kB
Cached:          1171968 kB
MemTotal:        1844596 kB
MemFree:          216988 kB
MemAvailable:    1453488 kB
Buffers:           92872 kB
Cached:          1171968 kB
MemTotal:        1844596 kB
MemFree:          217004 kB
MemAvailable:    1453504 kB
Buffers:           92872 kB
Cached:          1171968 kB
MemTotal:        1844596 kB
MemFree:          216184 kB
MemAvailable:    1452684 kB
Buffers:           92872 kB
Cached:          1171968 kB
MemTotal:        1844596 kB
MemFree:          217036 kB
MemAvailable:    1453536 kB
Buffers:           92872 kB
Cached:          1171968 kB
MemTotal:        1844596 kB
MemFree:          217036 kB
MemAvailable:    1453536 kB
Buffers:           92872 kB
Cached:          1171968 kB
MemTotal:        1844596 kB
MemFree:          216776 kB
MemAvailable:    1453276 kB
Buffers:           92872 kB
Cached:          1171968 kB
MemTotal:        1844596 kB
MemFree:          216172 kB
MemAvailable:    1452672 kB
Buffers:           92872 kB
Cached:          1171968 kB
MemTotal:        1844596 kB
MemFree:          217056 kB
MemAvailable:    1453556 kB
Buffers:           92872 kB
Cached:          1171968 kB
MemTotal:        1844596 kB
MemFree:          215664 kB
MemAvailable:    1452164 kB
Buffers:           92872 kB
Cached:          1171968 kB
MemTotal:        1844596 kB
MemFree:          215564 kB
MemAvailable:    1452064 kB
Buffers:           92872 kB
Cached:          1171968 kB
MemTotal:        1844596 kB
MemFree:          215748 kB
MemAvailable:    1452248 kB
Buffers:           92872 kB
Cached:          1171968 kB
MemTotal:        1844596 kB
MemFree:          215252 kB
MemAvailable:    1451752 kB
Buffers:           92872 kB
Cached:          1171968 kB
MemTotal:        1844596 kB
MemFree:          214944 kB
MemAvailable:    1451444 kB
Buffers:           92872 kB
Cached:          1171968 kB
MemTotal:        1844596 kB
MemFree:          214804 kB
MemAvailable:    1451304 kB
Buffers:           92872 kB
Cached:          1171968 kB
MemTotal:        1844596 kB
MemFree:          214448 kB
MemAvailable:    1450948 kB
Buffers:           92872 kB
Cached:          1171968 kB
MemTotal:        1844596 kB
MemFree:          213316 kB
MemAvailable:    1449816 kB
Buffers:           92872 kB
Cached:          1171968 kB
MemTotal:        1844596 kB
MemFree:          212960 kB
MemAvailable:    1449460 kB
Buffers:           92872 kB
Cached:          1171968 kB
MemTotal:        1844596 kB
MemFree:          212704 kB
MemAvailable:    1449204 kB
Buffers:           92872 kB
Cached:          1171968 kB
MemTotal:        1844596 kB
MemFree:          212960 kB
MemAvailable:    1449460 kB
Buffers:           92872 kB
Cached:          1171968 kB
MemTotal:        1844596 kB
MemFree:          211844 kB
MemAvailable:    1448344 kB
Buffers:           92872 kB
Cached:          1171968 kB
MemTotal:        1844596 kB
MemFree:          212404 kB
MemAvailable:    1448904 kB
Buffers:           92872 kB
Cached:          1171968 kB
MemTotal:        1844596 kB
MemFree:          212656 kB
MemAvailable:    1449156 kB
Buffers:           92872 kB
Cached:          1171968 kB
MemTotal:        1844596 kB
MemFree:          210852 kB
MemAvailable:    1447352 kB
Buffers:           92872 kB
Cached:          1171968 kB
MemTotal:        1844596 kB
MemFree:          212092 kB
MemAvailable:    1448592 kB
Buffers:           92872 kB
Cached:          1171968 kB
MemTotal:        1844596 kB
MemFree:          211896 kB
MemAvailable:    1448396 kB
Buffers:           92872 kB
Cached:          1171968 kB
MemTotal:        1844596 kB
MemFree:          211828 kB
MemAvailable:    1448328 kB
Buffers:           92872 kB
Cached:          1171968 kB
MemTotal:        1844596 kB
MemFree:          211828 kB
MemAvailable:    1448328 kB
Buffers:           92872 kB
Cached:          1171968 kB
MemTotal:        1844596 kB
MemFree:          211820 kB
MemAvailable:    1448320 kB
Buffers:           92872 kB
Cached:          1171968 kB
MemTotal:        1844596 kB
MemFree:          212072 kB
MemAvailable:    1448572 kB
Buffers:           92872 kB
Cached:          1171968 kB
MemTotal:        1844596 kB
MemFree:          211796 kB
MemAvailable:    1448296 kB
Buffers:           92872 kB
Cached:          1171968 kB
MemTotal:        1844596 kB
MemFree:          211764 kB
MemAvailable:    1448272 kB
Buffers:           92872 kB
Cached:          1171976 kB
MemTotal:        1844596 kB
MemFree:          211108 kB
MemAvailable:    1447616 kB
Buffers:           92872 kB
Cached:          1171976 kB
MemTotal:        1844596 kB
MemFree:          211712 kB
MemAvailable:    1448220 kB
Buffers:           92872 kB
Cached:          1171976 kB
MemTotal:        1844596 kB
MemFree:          211464 kB
MemAvailable:    1447972 kB
Buffers:           92872 kB
Cached:          1171976 kB
MemTotal:        1844596 kB
MemFree:          211396 kB
MemAvailable:    1447904 kB
Buffers:           92872 kB
Cached:          1171976 kB
MemTotal:        1844596 kB
MemFree:          211648 kB
MemAvailable:    1448156 kB
Buffers:           92872 kB
Cached:          1171976 kB
MemTotal:        1844596 kB
MemFree:          210344 kB
MemAvailable:    1446852 kB
Buffers:           92872 kB
Cached:          1171976 kB
MemTotal:        1844596 kB
MemFree:          211520 kB
MemAvailable:    1448028 kB
Buffers:           92872 kB
Cached:          1171976 kB
MemTotal:        1844596 kB
MemFree:          211536 kB
MemAvailable:    1448044 kB
Buffers:           92872 kB
Cached:          1171976 kB
MemTotal:        1844596 kB
MemFree:          211604 kB
MemAvailable:    1448112 kB
Buffers:           92872 kB
Cached:          1171976 kB
MemTotal:        1844596 kB
MemFree:          211400 kB
MemAvailable:    1447908 kB
Buffers:           92872 kB
Cached:          1171976 kB
MemTotal:        1844596 kB
MemFree:          211424 kB
MemAvailable:    1447932 kB
Buffers:           92872 kB
Cached:          1171976 kB
MemTotal:        1844596 kB
MemFree:          211556 kB
MemAvailable:    1448064 kB
Buffers:           92872 kB
Cached:          1171976 kB
MemTotal:        1844596 kB
MemFree:          211676 kB
MemAvailable:    1448184 kB
Buffers:           92872 kB
Cached:          1171976 kB
MemTotal:        1844596 kB
MemFree:          211628 kB
MemAvailable:    1448136 kB
Buffers:           92872 kB
Cached:          1171976 kB
MemTotal:        1844596 kB
MemFree:          210240 kB
MemAvailable:    1446748 kB
Buffers:           92872 kB
Cached:          1171976 kB
MemTotal:        1844596 kB
MemFree:          211604 kB
MemAvailable:    1448112 kB
Buffers:           92872 kB
Cached:          1171976 kB
MemTotal:        1844596 kB
MemFree:          211460 kB
MemAvailable:    1447968 kB
Buffers:           92872 kB
Cached:          1171976 kB
MemTotal:        1844596 kB
MemFree:          211712 kB
MemAvailable:    1448220 kB
Buffers:           92872 kB
Cached:          1171976 kB
MemTotal:        1844596 kB
MemFree:          210256 kB
MemAvailable:    1446764 kB
Buffers:           92872 kB
Cached:          1171976 kB
MemTotal:        1844596 kB
MemFree:          210592 kB
MemAvailable:    1447100 kB
Buffers:           92872 kB
Cached:          1171976 kB
MemTotal:        1844596 kB
MemFree:          209760 kB
MemAvailable:    1446268 kB
Buffers:           92872 kB
Cached:          1171976 kB
MemTotal:        1844596 kB
MemFree:          209760 kB
MemAvailable:    1446268 kB
Buffers:           92872 kB
Cached:          1171976 kB
MemTotal:        1844596 kB
MemFree:          207412 kB
MemAvailable:    1443920 kB
Buffers:           92872 kB
Cached:          1171976 kB
MemTotal:        1844596 kB
MemFree:          205428 kB
MemAvailable:    1441936 kB
Buffers:           92872 kB
Cached:          1171976 kB
MemTotal:        1844596 kB
MemFree:          203196 kB
MemAvailable:    1439704 kB
Buffers:           92872 kB
Cached:          1171976 kB
MemTotal:        1844596 kB
MemFree:          201440 kB
MemAvailable:    1437948 kB
Buffers:           92872 kB
Cached:          1171976 kB
MemTotal:        1844596 kB
MemFree:          197120 kB
MemAvailable:    1433628 kB
Buffers:           92872 kB
Cached:          1171976 kB
MemTotal:        1844596 kB
MemFree:          193584 kB
MemAvailable:    1430092 kB
Buffers:           92872 kB
Cached:          1171976 kB
MemTotal:        1844596 kB
MemFree:          191732 kB
MemAvailable:    1428240 kB
Buffers:           92872 kB
Cached:          1171976 kB
MemTotal:        1844596 kB
MemFree:          191644 kB
MemAvailable:    1428152 kB
Buffers:           92872 kB
Cached:          1171976 kB
MemTotal:        1844596 kB
MemFree:          192844 kB
MemAvailable:    1429352 kB
Buffers:           92872 kB
Cached:          1171976 kB
MemTotal:        1844596 kB
MemFree:          193156 kB
MemAvailable:    1429664 kB
Buffers:           92872 kB
Cached:          1171976 kB
MemTotal:        1844596 kB
MemFree:          191984 kB
MemAvailable:    1428492 kB
Buffers:           92872 kB
Cached:          1171976 kB
MemTotal:        1844596 kB
MemFree:          192572 kB
MemAvailable:    1429080 kB
Buffers:           92872 kB
Cached:          1171976 kB
MemTotal:        1844596 kB
MemFree:          192284 kB
MemAvailable:    1428792 kB
Buffers:           92872 kB
Cached:          1171976 kB
MemTotal:        1844596 kB
MemFree:          192476 kB
MemAvailable:    1428984 kB
Buffers:           92872 kB
Cached:          1171976 kB
MemTotal:        1844596 kB
MemFree:          192552 kB
MemAvailable:    1429060 kB
Buffers:           92872 kB
Cached:          1171976 kB
MemTotal:        1844596 kB
MemFree:          192568 kB
MemAvailable:    1429076 kB
Buffers:           92872 kB
Cached:          1171976 kB
MemTotal:        1844596 kB
MemFree:          192740 kB
MemAvailable:    1429248 kB
Buffers:           92872 kB
Cached:          1171976 kB
MemTotal:        1844596 kB
MemFree:          192088 kB
MemAvailable:    1428596 kB
Buffers:           92872 kB
Cached:          1171976 kB
MemTotal:        1844596 kB
MemFree:          191964 kB
MemAvailable:    1428472 kB
Buffers:           92872 kB
Cached:          1171976 kB
MemTotal:        1844596 kB
MemFree:          190796 kB
MemAvailable:    1427304 kB
Buffers:           92872 kB
Cached:          1171976 kB
MemTotal:        1844596 kB
MemFree:          191720 kB
MemAvailable:    1428228 kB
Buffers:           92872 kB
Cached:          1171976 kB
MemTotal:        1844596 kB
MemFree:          192056 kB
MemAvailable:    1428564 kB
Buffers:           92872 kB
Cached:          1171976 kB
MemTotal:        1844596 kB
MemFree:          191728 kB
MemAvailable:    1428236 kB
Buffers:           92872 kB
Cached:          1171976 kB
MemTotal:        1844596 kB
MemFree:          190612 kB
MemAvailable:    1427120 kB
Buffers:           92872 kB
Cached:          1171976 kB
MemTotal:        1844596 kB
MemFree:          190648 kB
MemAvailable:    1427156 kB
Buffers:           92872 kB
Cached:          1171976 kB
MemTotal:        1844596 kB
MemFree:          191840 kB
MemAvailable:    1428348 kB
Buffers:           92872 kB
Cached:          1171976 kB
MemTotal:        1844596 kB
MemFree:          191796 kB
MemAvailable:    1428304 kB
Buffers:           92872 kB
Cached:          1171976 kB
MemTotal:        1844596 kB
MemFree:          190540 kB
MemAvailable:    1427048 kB
Buffers:           92872 kB
Cached:          1171976 kB
MemTotal:        1844596 kB
MemFree:          191904 kB
MemAvailable:    1428412 kB
Buffers:           92872 kB
Cached:          1171976 kB
MemTotal:        1844596 kB
MemFree:          191988 kB
MemAvailable:    1428496 kB
Buffers:           92872 kB
Cached:          1171976 kB
MemTotal:        1844596 kB
MemFree:          191792 kB
MemAvailable:    1428300 kB
Buffers:           92872 kB
Cached:          1171976 kB
MemTotal:        1844596 kB
MemFree:          191728 kB
MemAvailable:    1428236 kB
Buffers:           92872 kB
Cached:          1171976 kB
MemTotal:        1844596 kB
MemFree:          191780 kB
MemAvailable:    1428288 kB
Buffers:           92872 kB
Cached:          1171976 kB
MemTotal:        1844596 kB
MemFree:          190664 kB
MemAvailable:    1427172 kB
Buffers:           92872 kB
Cached:          1171976 kB
MemTotal:        1844596 kB
MemFree:          191176 kB
MemAvailable:    1427684 kB
Buffers:           92872 kB
Cached:          1171976 kB
MemTotal:        1844596 kB
MemFree:          191780 kB
MemAvailable:    1428288 kB
Buffers:           92872 kB
Cached:          1171976 kB
MemTotal:        1844596 kB
MemFree:          192116 kB
MemAvailable:    1428624 kB
Buffers:           92872 kB
Cached:          1171976 kB
MemTotal:        1844596 kB
MemFree:          190540 kB
MemAvailable:    1427048 kB
Buffers:           92872 kB
Cached:          1171976 kB
MemTotal:        1844596 kB
MemFree:          190616 kB
MemAvailable:    1427124 kB
Buffers:           92872 kB
Cached:          1171976 kB
MemTotal:        1844596 kB
MemFree:          191900 kB
MemAvailable:    1428408 kB
Buffers:           92872 kB
Cached:          1171976 kB
MemTotal:        1844596 kB
MemFree:          191848 kB
MemAvailable:    1428356 kB
Buffers:           92872 kB
Cached:          1171976 kB
MemTotal:        1844596 kB
MemFree:          191176 kB
MemAvailable:    1427684 kB
Buffers:           92872 kB
Cached:          1171976 kB
MemTotal:        1844596 kB
MemFree:          188804 kB
MemAvailable:    1425312 kB
Buffers:           92872 kB
Cached:          1171976 kB
MemTotal:        1844596 kB
MemFree:          188696 kB
MemAvailable:    1425204 kB
Buffers:           92872 kB
Cached:          1171976 kB
MemTotal:        1844596 kB
MemFree:          183976 kB
MemAvailable:    1420484 kB
Buffers:           92872 kB
Cached:          1171976 kB
MemTotal:        1844596 kB
MemFree:          183596 kB
MemAvailable:    1420104 kB
Buffers:           92872 kB
Cached:          1171976 kB
MemTotal:        1844596 kB
MemFree:          177760 kB
MemAvailable:    1414268 kB
Buffers:           92872 kB
Cached:          1171976 kB
MemTotal:        1844596 kB
MemFree:          177652 kB
MemAvailable:    1414160 kB
Buffers:           92872 kB
Cached:          1171976 kB
MemTotal:        1844596 kB
MemFree:          174428 kB
MemAvailable:    1410936 kB
Buffers:           92872 kB
Cached:          1171976 kB
MemTotal:        1844596 kB
MemFree:          173180 kB
MemAvailable:    1409688 kB
Buffers:           92872 kB
Cached:          1171976 kB
MemTotal:        1844596 kB
MemFree:          174524 kB
MemAvailable:    1411032 kB
Buffers:           92872 kB
Cached:          1171976 kB
MemTotal:        1844596 kB
MemFree:          173312 kB
MemAvailable:    1409820 kB
Buffers:           92872 kB
Cached:          1171976 kB
MemTotal:        1844596 kB
MemFree:          173052 kB
MemAvailable:    1409560 kB
Buffers:           92872 kB
Cached:          1171976 kB
MemTotal:        1844596 kB
MemFree:          173992 kB
MemAvailable:    1410504 kB
Buffers:           92872 kB
Cached:          1171984 kB
MemTotal:        1844596 kB
MemFree:          172900 kB
MemAvailable:    1409412 kB
Buffers:           92872 kB
Cached:          1171984 kB
MemTotal:        1844596 kB
MemFree:          172892 kB
MemAvailable:    1409404 kB
Buffers:           92872 kB
Cached:          1171984 kB
MemTotal:        1844596 kB
MemFree:          173784 kB
MemAvailable:    1410296 kB
Buffers:           92872 kB
Cached:          1171984 kB
MemTotal:        1844596 kB
MemFree:          173188 kB
MemAvailable:    1409700 kB
Buffers:           92872 kB
Cached:          1171984 kB
MemTotal:        1844596 kB
MemFree:          173616 kB
MemAvailable:    1410128 kB
Buffers:           92872 kB
Cached:          1171984 kB
MemTotal:        1844596 kB
MemFree:          173312 kB
MemAvailable:    1409824 kB
Buffers:           92872 kB
Cached:          1171984 kB
MemTotal:        1844596 kB
MemFree:          172432 kB
MemAvailable:    1408944 kB
Buffers:           92872 kB
Cached:          1171984 kB
MemTotal:        1844596 kB
MemFree:          173672 kB
MemAvailable:    1410184 kB
Buffers:           92872 kB
Cached:          1171984 kB
MemTotal:        1844596 kB
MemFree:          173532 kB
MemAvailable:    1410044 kB
Buffers:           92872 kB
Cached:          1171984 kB
MemTotal:        1844596 kB
MemFree:          173868 kB
MemAvailable:    1410380 kB
Buffers:           92872 kB
Cached:          1171984 kB
MemTotal:        1844596 kB
MemFree:          173660 kB
MemAvailable:    1410172 kB
Buffers:           92872 kB
Cached:          1171984 kB
MemTotal:        1844596 kB
MemFree:          173888 kB
MemAvailable:    1410400 kB
Buffers:           92872 kB
Cached:          1171984 kB
MemTotal:        1844596 kB
MemFree:          173504 kB
MemAvailable:    1410016 kB
Buffers:           92872 kB
Cached:          1171984 kB
MemTotal:        1844596 kB
MemFree:          172692 kB
MemAvailable:    1409204 kB
Buffers:           92872 kB
Cached:          1171984 kB
MemTotal:        1844596 kB
MemFree:          173684 kB
MemAvailable:    1410196 kB
Buffers:           92872 kB
Cached:          1171984 kB
MemTotal:        1844596 kB
MemFree:          172940 kB
MemAvailable:    1409452 kB
Buffers:           92872 kB
Cached:          1171984 kB
MemTotal:        1844596 kB
MemFree:          173800 kB
MemAvailable:    1410312 kB
Buffers:           92872 kB
Cached:          1171984 kB
MemTotal:        1844596 kB
MemFree:          174136 kB
MemAvailable:    1410648 kB
Buffers:           92872 kB
Cached:          1171984 kB
MemTotal:        1844596 kB
MemFree:          173860 kB
MemAvailable:    1410372 kB
Buffers:           92872 kB
Cached:          1171984 kB
MemTotal:        1844596 kB
MemFree:          173800 kB
MemAvailable:    1410312 kB
Buffers:           92872 kB
Cached:          1171984 kB
MemTotal:        1844596 kB
MemFree:          172676 kB
MemAvailable:    1409188 kB
Buffers:           92872 kB
Cached:          1171984 kB
MemTotal:        1844596 kB
MemFree:          172800 kB
MemAvailable:    1409312 kB
Buffers:           92872 kB
Cached:          1171984 kB
MemTotal:        1844596 kB
MemFree:          172676 kB
MemAvailable:    1409188 kB
Buffers:           92872 kB
Cached:          1171984 kB
MemTotal:        1844596 kB
MemFree:          173792 kB
MemAvailable:    1410304 kB
Buffers:           92872 kB
Cached:          1171984 kB
MemTotal:        1844596 kB
MemFree:          172504 kB
MemAvailable:    1409016 kB
Buffers:           92872 kB
Cached:          1171984 kB
MemTotal:        1844596 kB
MemFree:          173656 kB
MemAvailable:    1410168 kB
Buffers:           92872 kB
Cached:          1171984 kB
MemTotal:        1844596 kB
MemFree:          173544 kB
MemAvailable:    1410056 kB
Buffers:           92872 kB
Cached:          1171984 kB
MemTotal:        1844596 kB
MemFree:          170088 kB
MemAvailable:    1406600 kB
Buffers:           92872 kB
Cached:          1171984 kB
MemTotal:        1844596 kB
MemFree:          165560 kB
MemAvailable:    1402072 kB
Buffers:           92872 kB
Cached:          1171984 kB
MemTotal:        1844596 kB
MemFree:          162276 kB
MemAvailable:    1398788 kB
Buffers:           92872 kB
Cached:          1171984 kB
MemTotal:        1844596 kB
MemFree:          158928 kB
MemAvailable:    1395440 kB
Buffers:           92872 kB
Cached:          1171984 kB
MemTotal:        1844596 kB
MemFree:          156160 kB
MemAvailable:    1392672 kB
Buffers:           92872 kB
Cached:          1171984 kB
MemTotal:        1844596 kB
MemFree:          154912 kB
MemAvailable:    1391424 kB
Buffers:           92872 kB
Cached:          1171984 kB
MemTotal:        1844596 kB
MemFree:          154960 kB
MemAvailable:    1391472 kB
Buffers:           92872 kB
Cached:          1171984 kB
MemTotal:        1844596 kB
MemFree:          156080 kB
MemAvailable:    1392592 kB
Buffers:           92872 kB
Cached:          1171984 kB
MemTotal:        1844596 kB
MemFree:          156292 kB
MemAvailable:    1392804 kB
Buffers:           92872 kB
Cached:          1171984 kB
MemTotal:        1844596 kB
MemFree:          156016 kB
MemAvailable:    1392528 kB
Buffers:           92872 kB
Cached:          1171984 kB
MemTotal:        1844596 kB
MemFree:          156004 kB
MemAvailable:    1392516 kB
Buffers:           92872 kB
Cached:          1171984 kB
MemTotal:        1844596 kB
MemFree:          155160 kB
MemAvailable:    1391672 kB
Buffers:           92872 kB
Cached:          1171984 kB
MemTotal:        1844596 kB
MemFree:          155944 kB
MemAvailable:    1392456 kB
Buffers:           92872 kB
Cached:          1171984 kB
MemTotal:        1844596 kB
MemFree:          156200 kB
MemAvailable:    1392712 kB
Buffers:           92872 kB
Cached:          1171984 kB
MemTotal:        1844596 kB
MemFree:          156020 kB
MemAvailable:    1392532 kB
Buffers:           92872 kB
Cached:          1171984 kB
MemTotal:        1844596 kB
MemFree:          156020 kB
MemAvailable:    1392532 kB
Buffers:           92872 kB
Cached:          1171984 kB
MemTotal:        1844596 kB
MemFree:          156248 kB
MemAvailable:    1392760 kB
Buffers:           92872 kB
Cached:          1171984 kB
MemTotal:        1844596 kB
MemFree:          154816 kB
MemAvailable:    1391328 kB
Buffers:           92872 kB
Cached:          1171984 kB
MemTotal:        1844596 kB
MemFree:          154960 kB
MemAvailable:    1391472 kB
Buffers:           92872 kB
Cached:          1171984 kB
MemTotal:        1844596 kB
MemFree:          156200 kB
MemAvailable:    1392712 kB
Buffers:           92872 kB
Cached:          1171984 kB
MemTotal:        1844596 kB
MemFree:          155332 kB
MemAvailable:    1391844 kB
Buffers:           92872 kB
Cached:          1171984 kB
MemTotal:        1844596 kB
MemFree:          155924 kB
MemAvailable:    1392436 kB
Buffers:           92872 kB
Cached:          1171984 kB
MemTotal:        1844596 kB
MemFree:          156260 kB
MemAvailable:    1392772 kB
Buffers:           92872 kB
Cached:          1171984 kB
MemTotal:        1844596 kB
MemFree:          155192 kB
MemAvailable:    1391704 kB
Buffers:           92872 kB
Cached:          1171984 kB
MemTotal:        1844596 kB
MemFree:          155192 kB
MemAvailable:    1391704 kB
Buffers:           92872 kB
Cached:          1171984 kB
MemTotal:        1844596 kB
MemFree:          155008 kB
MemAvailable:    1391520 kB
Buffers:           92872 kB
Cached:          1171984 kB
MemTotal:        1844596 kB
MemFree:          155260 kB
MemAvailable:    1391772 kB
Buffers:           92872 kB
Cached:          1171984 kB
MemTotal:        1844596 kB
MemFree:          155028 kB
MemAvailable:    1391540 kB
Buffers:           92872 kB
Cached:          1171984 kB
MemTotal:        1844596 kB
MemFree:          154832 kB
MemAvailable:    1391344 kB
Buffers:           92872 kB
Cached:          1171984 kB
MemTotal:        1844596 kB
MemFree:          153348 kB
MemAvailable:    1389860 kB
Buffers:           92872 kB
Cached:          1171984 kB
MemTotal:        1844596 kB
MemFree:          150488 kB
MemAvailable:    1387000 kB
Buffers:           92872 kB
Cached:          1171984 kB
MemTotal:        1844596 kB
MemFree:          150488 kB
MemAvailable:    1387000 kB
Buffers:           92872 kB
Cached:          1171984 kB
MemTotal:        1844596 kB
MemFree:          146952 kB
MemAvailable:    1383464 kB
Buffers:           92872 kB
Cached:          1171984 kB
MemTotal:        1844596 kB
MemFree:          144604 kB
MemAvailable:    1381116 kB
Buffers:           92872 kB
Cached:          1171984 kB
MemTotal:        1844596 kB
MemFree:          141824 kB
MemAvailable:    1378336 kB
Buffers:           92872 kB
Cached:          1171984 kB
MemTotal:        1844596 kB
MemFree:          139504 kB
MemAvailable:    1376016 kB
Buffers:           92872 kB
Cached:          1171984 kB
MemTotal:        1844596 kB
MemFree:          135740 kB
MemAvailable:    1372252 kB
Buffers:           92872 kB
Cached:          1171984 kB
MemTotal:        1844596 kB
MemFree:          133872 kB
MemAvailable:    1370384 kB
Buffers:           92872 kB
Cached:          1171984 kB
MemTotal:        1844596 kB
MemFree:          132624 kB
MemAvailable:    1369136 kB
Buffers:           92872 kB
Cached:          1171984 kB
MemTotal:        1844596 kB
MemFree:          129028 kB
MemAvailable:    1365540 kB
Buffers:           92872 kB
Cached:          1171984 kB
MemTotal:        1844596 kB
MemFree:          129028 kB
MemAvailable:    1365540 kB
Buffers:           92872 kB
Cached:          1171984 kB
MemTotal:        1844596 kB
MemFree:          124448 kB
MemAvailable:    1360960 kB
Buffers:           92872 kB
Cached:          1171984 kB
MemTotal:        1844596 kB
MemFree:          123844 kB
MemAvailable:    1360356 kB
Buffers:           92872 kB
Cached:          1171984 kB
MemTotal:        1844596 kB
MemFree:          124020 kB
MemAvailable:    1360532 kB
Buffers:           92872 kB
Cached:          1171984 kB
MemTotal:        1844596 kB
MemFree:          124356 kB
MemAvailable:    1360868 kB
Buffers:           92872 kB
Cached:          1171984 kB
MemTotal:        1844596 kB
MemFree:          124192 kB
MemAvailable:    1360704 kB
Buffers:           92872 kB
Cached:          1171984 kB
MemTotal:        1844596 kB
MemFree:          124192 kB
MemAvailable:    1360704 kB
Buffers:           92872 kB
Cached:          1171984 kB
MemTotal:        1844596 kB
MemFree:          122904 kB
MemAvailable:    1359424 kB
Buffers:           92872 kB
Cached:          1171992 kB
MemTotal:        1844596 kB
MemFree:          123072 kB
MemAvailable:    1359592 kB
Buffers:           92872 kB
Cached:          1171992 kB
MemTotal:        1844596 kB
MemFree:          124284 kB
MemAvailable:    1360808 kB
Buffers:           92872 kB
Cached:          1171996 kB
MemTotal:        1844596 kB
MemFree:          124540 kB
MemAvailable:    1361064 kB
Buffers:           92872 kB
Cached:          1171996 kB
MemTotal:        1844596 kB
MemFree:          123208 kB
MemAvailable:    1359732 kB
Buffers:           92872 kB
Cached:          1171996 kB
MemTotal:        1844596 kB
MemFree:          123208 kB
MemAvailable:    1359732 kB
Buffers:           92872 kB
Cached:          1171996 kB
MemTotal:        1844596 kB
MemFree:          123096 kB
MemAvailable:    1359620 kB
Buffers:           92872 kB
Cached:          1171996 kB
MemTotal:        1844596 kB
MemFree:          121920 kB
MemAvailable:    1358444 kB
Buffers:           92872 kB
Cached:          1171996 kB
MemTotal:        1844596 kB
MemFree:          123024 kB
MemAvailable:    1359548 kB
Buffers:           92872 kB
Cached:          1171996 kB
MemTotal:        1844596 kB
MemFree:          122224 kB
MemAvailable:    1358748 kB
Buffers:           92872 kB
Cached:          1171996 kB
MemTotal:        1844596 kB
MemFree:          122948 kB
MemAvailable:    1359472 kB
Buffers:           92872 kB
Cached:          1171996 kB
MemTotal:        1844596 kB
MemFree:          122604 kB
MemAvailable:    1359128 kB
Buffers:           92872 kB
Cached:          1171996 kB
MemTotal:        1844596 kB
MemFree:          122756 kB
MemAvailable:    1359280 kB
Buffers:           92872 kB
Cached:          1171996 kB
MemTotal:        1844596 kB
MemFree:          122588 kB
MemAvailable:    1359112 kB
Buffers:           92872 kB
Cached:          1171996 kB
MemTotal:        1844596 kB
MemFree:          121304 kB
MemAvailable:    1357828 kB
Buffers:           92872 kB
Cached:          1171996 kB
MemTotal:        1844596 kB
MemFree:          121552 kB
MemAvailable:    1358076 kB
Buffers:           92872 kB
Cached:          1171996 kB
MemTotal:        1844596 kB
MemFree:          120860 kB
MemAvailable:    1357384 kB
Buffers:           92872 kB
Cached:          1171996 kB
MemTotal:        1844596 kB
MemFree:          121728 kB
MemAvailable:    1358252 kB
Buffers:           92872 kB
Cached:          1171996 kB
MemTotal:        1844596 kB
MemFree:          121356 kB
MemAvailable:    1357880 kB
Buffers:           92872 kB
Cached:          1171996 kB
MemTotal:        1844596 kB
MemFree:          120348 kB
MemAvailable:    1356872 kB
Buffers:           92872 kB
Cached:          1171996 kB
MemTotal:        1844596 kB
MemFree:          119744 kB
MemAvailable:    1356268 kB
Buffers:           92872 kB
Cached:          1171996 kB
MemTotal:        1844596 kB
MemFree:          118820 kB
MemAvailable:    1355344 kB
Buffers:           92872 kB
Cached:          1171996 kB
MemTotal:        1844596 kB
MemFree:          118688 kB
MemAvailable:    1355212 kB
Buffers:           92872 kB
Cached:          1171996 kB
MemTotal:        1844596 kB
MemFree:          118812 kB
MemAvailable:    1355336 kB
Buffers:           92872 kB
Cached:          1171996 kB
MemTotal:        1844596 kB
MemFree:          118680 kB
MemAvailable:    1355204 kB
Buffers:           92872 kB
Cached:          1171996 kB
MemTotal:        1844596 kB
MemFree:          120112 kB
MemAvailable:    1356636 kB
Buffers:           92872 kB
Cached:          1171996 kB
MemTotal:        1844596 kB
MemFree:          119000 kB
MemAvailable:    1355524 kB
Buffers:           92872 kB
Cached:          1171996 kB
MemTotal:        1844596 kB
MemFree:          119924 kB
MemAvailable:    1356448 kB
Buffers:           92872 kB
Cached:          1171996 kB
MemTotal:        1844596 kB
MemFree:          120260 kB
MemAvailable:    1356784 kB
Buffers:           92872 kB
Cached:          1171996 kB
MemTotal:        1844596 kB
MemFree:          120100 kB
MemAvailable:    1356624 kB
Buffers:           92872 kB
Cached:          1171996 kB
MemTotal:        1844596 kB
MemFree:          118812 kB
MemAvailable:    1355336 kB
Buffers:           92872 kB
Cached:          1171996 kB
MemTotal:        1844596 kB
MemFree:          120044 kB
MemAvailable:    1356568 kB
Buffers:           92872 kB
Cached:          1171996 kB
MemTotal:        1844596 kB
MemFree:          120048 kB
MemAvailable:    1356572 kB
Buffers:           92872 kB
Cached:          1171996 kB
MemTotal:        1844596 kB
MemFree:          120172 kB
MemAvailable:    1356696 kB
Buffers:           92872 kB
Cached:          1171996 kB
MemTotal:        1844596 kB
MemFree:          119976 kB
MemAvailable:    1356500 kB
Buffers:           92872 kB
Cached:          1171996 kB
MemTotal:        1844596 kB
MemFree:          120228 kB
MemAvailable:    1356752 kB
Buffers:           92872 kB
Cached:          1171996 kB
MemTotal:        1844596 kB
MemFree:          118836 kB
MemAvailable:    1355360 kB
Buffers:           92872 kB
Cached:          1171996 kB
MemTotal:        1844596 kB
MemFree:          120076 kB
MemAvailable:    1356600 kB
Buffers:           92872 kB
Cached:          1171996 kB
MemTotal:        1844596 kB
MemFree:          120072 kB
MemAvailable:    1356596 kB
Buffers:           92872 kB
Cached:          1171996 kB
MemTotal:        1844596 kB
MemFree:          120168 kB
MemAvailable:    1356692 kB
Buffers:           92872 kB
Cached:          1171996 kB
MemTotal:        1844596 kB
MemFree:          119248 kB
MemAvailable:    1355772 kB
Buffers:           92872 kB
Cached:          1171996 kB
MemTotal:        1844596 kB
MemFree:          120188 kB
MemAvailable:    1356712 kB
Buffers:           92872 kB
Cached:          1171996 kB
MemTotal:        1844596 kB
MemFree:          120180 kB
MemAvailable:    1356704 kB
Buffers:           92872 kB
Cached:          1171996 kB
MemTotal:        1844596 kB
MemFree:          120288 kB
MemAvailable:    1356812 kB
Buffers:           92872 kB
Cached:          1171996 kB
MemTotal:        1844596 kB
MemFree:          118688 kB
MemAvailable:    1355212 kB
Buffers:           92872 kB
Cached:          1171996 kB
MemTotal:        1844596 kB
MemFree:          120096 kB
MemAvailable:    1356620 kB
Buffers:           92872 kB
Cached:          1171996 kB
MemTotal:        1844596 kB
MemFree:          119984 kB
MemAvailable:    1356508 kB
Buffers:           92872 kB
Cached:          1171996 kB
MemTotal:        1844596 kB
MemFree:          119876 kB
MemAvailable:    1356400 kB
Buffers:           92872 kB
Cached:          1171996 kB
MemTotal:        1844596 kB
MemFree:          119996 kB
MemAvailable:    1356520 kB
Buffers:           92872 kB
Cached:          1171996 kB
MemTotal:        1844596 kB
MemFree:          120040 kB
MemAvailable:    1356564 kB
Buffers:           92872 kB
Cached:          1171996 kB
MemTotal:        1844596 kB
MemFree:          120040 kB
MemAvailable:    1356564 kB
Buffers:           92872 kB
Cached:          1171996 kB
MemTotal:        1844596 kB
MemFree:          118816 kB
MemAvailable:    1355340 kB
Buffers:           92872 kB
Cached:          1171996 kB
MemTotal:        1844596 kB
MemFree:          120180 kB
MemAvailable:    1356704 kB
Buffers:           92872 kB
Cached:          1171996 kB
MemTotal:        1844596 kB
MemFree:          119960 kB
MemAvailable:    1356484 kB
Buffers:           92872 kB
Cached:          1171996 kB
MemTotal:        1844596 kB
MemFree:          120212 kB
MemAvailable:    1356736 kB
Buffers:           92872 kB
Cached:          1171996 kB
MemTotal:        1844596 kB
MemFree:          119936 kB
MemAvailable:    1356460 kB
Buffers:           92872 kB
Cached:          1171996 kB
MemTotal:        1844596 kB
MemFree:          117620 kB
MemAvailable:    1354144 kB
Buffers:           92872 kB
Cached:          1171996 kB
MemTotal:        1844596 kB
MemFree:          117216 kB
MemAvailable:    1353740 kB
Buffers:           92872 kB
Cached:          1171996 kB
MemTotal:        1844596 kB
MemFree:          113652 kB
MemAvailable:    1350176 kB
Buffers:           92872 kB
Cached:          1171996 kB
MemTotal:        1844596 kB
MemFree:          113172 kB
MemAvailable:    1349696 kB
Buffers:           92872 kB
Cached:          1171996 kB
MemTotal:        1844596 kB
MemFree:          113364 kB
MemAvailable:    1349888 kB
Buffers:           92872 kB
Cached:          1171996 kB
MemTotal:        1844596 kB
MemFree:          112160 kB
MemAvailable:    1348684 kB
Buffers:           92872 kB
Cached:          1171996 kB
MemTotal:        1844596 kB
MemFree:          113460 kB
MemAvailable:    1349984 kB
Buffers:           92872 kB
Cached:          1171996 kB
MemTotal:        1844596 kB
MemFree:          113456 kB
MemAvailable:    1349980 kB
Buffers:           92872 kB
Cached:          1171996 kB
MemTotal:        1844596 kB
MemFree:          112560 kB
MemAvailable:    1349084 kB
Buffers:           92872 kB
Cached:          1171996 kB
MemTotal:        1844596 kB
MemFree:          113712 kB
MemAvailable:    1350244 kB
Buffers:           92872 kB
Cached:          1172004 kB
MemTotal:        1844596 kB
MemFree:          112428 kB
MemAvailable:    1348960 kB
Buffers:           92872 kB
Cached:          1172004 kB
MemTotal:        1844596 kB
MemFree:          113272 kB
MemAvailable:    1349804 kB
Buffers:           92872 kB
Cached:          1172004 kB
MemTotal:        1844596 kB
MemFree:          113420 kB
MemAvailable:    1349952 kB
Buffers:           92872 kB
Cached:          1172004 kB
MemTotal:        1844596 kB
MemFree:          113408 kB
MemAvailable:    1349940 kB
Buffers:           92872 kB
Cached:          1172004 kB
MemTotal:        1844596 kB
MemFree:          113296 kB
MemAvailable:    1349828 kB
Buffers:           92872 kB
Cached:          1172004 kB
MemTotal:        1844596 kB
MemFree:          112684 kB
MemAvailable:    1349216 kB
Buffers:           92872 kB
Cached:          1172004 kB
MemTotal:        1844596 kB
MemFree:          113156 kB
MemAvailable:    1349688 kB
Buffers:           92872 kB
Cached:          1172004 kB
MemTotal:        1844596 kB
MemFree:          113240 kB
MemAvailable:    1349772 kB
Buffers:           92872 kB
Cached:          1172004 kB
MemTotal:        1844596 kB
MemFree:          113116 kB
MemAvailable:    1349732 kB
Buffers:           92872 kB
Cached:          1172128 kB
MemTotal:        1844596 kB
MemFree:          111744 kB
MemAvailable:    1348444 kB
Buffers:           92872 kB
Cached:          1172252 kB
MemTotal:        1844596 kB
MemFree:          112852 kB
MemAvailable:    1349884 kB
Buffers:           92872 kB
Cached:          1172456 kB
MemTotal:        1844596 kB
MemFree:          112852 kB
MemAvailable:    1349884 kB
Buffers:           92872 kB
Cached:          1172456 kB
MemTotal:        1844596 kB
MemFree:          112620 kB
MemAvailable:    1349780 kB
Buffers:           92872 kB
Cached:          1172632 kB
MemTotal:        1844596 kB
MemFree:          112620 kB
MemAvailable:    1349780 kB
Buffers:           92872 kB
Cached:          1172632 kB
MemTotal:        1844596 kB
MemFree:          112688 kB
MemAvailable:    1349848 kB
Buffers:           92872 kB
Cached:          1172632 kB
MemTotal:        1844596 kB
MemFree:          112360 kB
MemAvailable:    1349520 kB
Buffers:           92872 kB
Cached:          1172632 kB
MemTotal:        1844596 kB
MemFree:          111128 kB
MemAvailable:    1348288 kB
Buffers:           92872 kB
Cached:          1172632 kB
MemTotal:        1844596 kB
MemFree:          112488 kB
MemAvailable:    1349648 kB
Buffers:           92872 kB
Cached:          1172632 kB
MemTotal:        1844596 kB
MemFree:          112740 kB
MemAvailable:    1349900 kB
Buffers:           92872 kB
Cached:          1172632 kB
MemTotal:        1844596 kB
MemFree:          112372 kB
MemAvailable:    1349532 kB
Buffers:           92872 kB
Cached:          1172632 kB
MemTotal:        1844596 kB
MemFree:          112708 kB
MemAvailable:    1349868 kB
Buffers:           92872 kB
Cached:          1172632 kB
MemTotal:        1844596 kB
MemFree:          111844 kB
MemAvailable:    1348416 kB
Buffers:           92872 kB
Cached:          1172000 kB
MemTotal:        1844596 kB
MemFree:          112520 kB
MemAvailable:    1349092 kB
Buffers:           92872 kB
Cached:          1172000 kB
MemTotal:        1844596 kB
MemFree:          177532 kB
MemAvailable:    1414188 kB
Buffers:           92872 kB
Cached:          1172000 kB
MemTotal:        1844596 kB
MemFree:          306232 kB
MemAvailable:    1542804 kB
Buffers:           92872 kB
Cached:          1172000 kB
