MemTotal:        1844596 kB
MemFree:          311924 kB
MemAvailable:    1545932 kB
Buffers:           92720 kB
Cached:          1169824 kB
MemTotal:        1844596 kB
MemFree:          283792 kB
MemAvailable:    1517804 kB
Buffers:           92720 kB
Cached:          1169828 kB
MemTotal:        1844596 kB
MemFree:          283420 kB
MemAvailable:    1517432 kB
Buffers:           92720 kB
Cached:          1169828 kB
MemTotal:        1844596 kB
MemFree:          281188 kB
MemAvailable:    1515200 kB
Buffers:           92720 kB
Cached:          1169828 kB
MemTotal:        1844596 kB
MemFree:          279700 kB
MemAvailable:    1513712 kB
Buffers:           92720 kB
Cached:          1169828 kB
MemTotal:        1844596 kB
MemFree:          280684 kB
MemAvailable:    1514696 kB
Buffers:           92720 kB
Cached:          1169828 kB
MemTotal:        1844596 kB
MemFree:          280936 kB
MemAvailable:    1514948 kB
Buffers:           92720 kB
Cached:          1169828 kB
MemTotal:        1844596 kB
MemFree:          276724 kB
MemAvailable:    1510736 kB
Buffers:           92720 kB
Cached:          1169828 kB
MemTotal:        1844596 kB
MemFree:          273996 kB
MemAvailable:    1508008 kB
Buffers:           92720 kB
Cached:          1169828 kB
MemTotal:        1844596 kB
MemFree:          271268 kB
MemAvailable:    1505280 kB
Buffers:           92720 kB
Cached:          1169828 kB
MemTotal:        1844596 kB
MemFree:          270928 kB
MemAvailable:    1504940 kB
Buffers:           92720 kB
Cached:          1169828 kB
MemTotal:        1844596 kB
MemFree:          270932 kB
MemAvailable:    1504944 kB
Buffers:           92720 kB
Cached:          1169828 kB
MemTotal:        1844596 kB
MemFree:          270656 kB
MemAvailable:    1504668 kB
Buffers:           92720 kB
Cached:          1169828 kB
MemTotal:        1844596 kB
MemFree:          270888 kB
MemAvailable:    1504900 kB
Buffers:           92720 kB
Cached:          1169828 kB
MemTotal:        1844596 kB
MemFree:          269656 kB
MemAvailable:    1503668 kB
Buffers:           92720 kB
Cached:          1169828 kB
MemTotal:        1844596 kB
MemFree:          270640 kB
MemAvailable:    1504652 kB
Buffers:           92720 kB
Cached:          1169828 kB
MemTotal:        1844596 kB
MemFree:          269408 kB
MemAvailable:    1503420 kB
Buffers:           92720 kB
Cached:          1169828 kB
MemTotal:        1844596 kB
MemFree:          270328 kB
MemAvailable:    1504340 kB
Buffers:           92720 kB
Cached:          1169828 kB
MemTotal:        1844596 kB
MemFree:          270288 kB
MemAvailable:    1504300 kB
Buffers:           92720 kB
Cached:          1169828 kB
MemTotal:        1844596 kB
MemFree:          270216 kB
MemAvailable:    1504228 kB
Buffers:           92720 kB
Cached:          1169828 kB
MemTotal:        1844596 kB
MemFree:          270468 kB
MemAvailable:    1504480 kB
Buffers:           92720 kB
Cached:          1169828 kB
MemTotal:        1844596 kB
MemFree:          268988 kB
MemAvailable:    1503000 kB
Buffers:           92720 kB
Cached:          1169828 kB
MemTotal:        1844596 kB
MemFree:          270144 kB
MemAvailable:    1504156 kB
Buffers:           92720 kB
Cached:          1169828 kB
MemTotal:        1844596 kB
MemFree:          268540 kB
MemAvailable:    1502552 kB
Buffers:           92720 kB
Cached:          1169828 kB
MemTotal:        1844596 kB
MemFree:          269584 kB
MemAvailable:    1503596 kB
Buffers:           92720 kB
Cached:          1169828 kB
MemTotal:        1844596 kB
MemFree:          268408 kB
MemAvailable:    1502420 kB
Buffers:           92720 kB
Cached:          1169828 kB
MemTotal:        1844596 kB
MemFree:          268292 kB
MemAvailable:    1502304 kB
Buffers:           92720 kB
Cached:          1169828 kB
MemTotal:        1844596 kB
MemFree:          269220 kB
MemAvailable:    1503232 kB
Buffers:           92720 kB
Cached:          1169828 kB
MemTotal:        1844596 kB
MemFree:          267548 kB
MemAvailable:    1501560 kB
Buffers:           92720 kB
Cached:          1169828 kB
MemTotal:        1844596 kB
MemFree:          268036 kB
MemAvailable:    1502048 kB
Buffers:           92720 kB
Cached:          1169828 kB
MemTotal:        1844596 kB
MemFree:          267928 kB
MemAvailable:    1501940 kB
Buffers:           92720 kB
Cached:          1169828 kB
MemTotal:        1844596 kB
MemFree:          267872 kB
MemAvailable:    1501884 kB
Buffers:           92720 kB
Cached:          1169828 kB
MemTotal:        1844596 kB
MemFree:          267928 kB
MemAvailable:    1501940 kB
Buffers:           92720 kB
Cached:          1169828 kB
MemTotal:        1844596 kB
MemFree:          267184 kB
MemAvailable:    1501196 kB
Buffers:           92720 kB
Cached:          1169828 kB
MemTotal:        1844596 kB
MemFree:          268028 kB
MemAvailable:    1502044 kB
Buffers:           92720 kB
Cached:          1169832 kB
MemTotal:        1844596 kB
MemFree:          268364 kB
MemAvailable:    1502380 kB
Buffers:           92720 kB
Cached:          1169832 kB
MemTotal:        1844596 kB
MemFree:          266796 kB
MemAvailable:    1500812 kB
Buffers:           92720 kB
Cached:          1169832 kB
MemTotal:        1844596 kB
MemFree:          269220 kB
MemAvailable:    1503236 kB
Buffers:           92720 kB
Cached:          1169832 kB
MemTotal:        1844596 kB
MemFree:          269236 kB
MemAvailable:    1503252 kB
Buffers:           92720 kB
Cached:          1169832 kB
MemTotal:        1844596 kB
MemFree:          264060 kB
MemAvailable:    1498076 kB
Buffers:           92720 kB
Cached:          1169832 kB
MemTotal:        1844596 kB
MemFree:          263208 kB
MemAvailable:    1497224 kB
Buffers:           92720 kB
Cached:          1169832 kB
MemTotal:        1844596 kB
MemFree:          263772 kB
MemAvailable:    1497788 kB
Buffers:           92720 kB
Cached:          1169832 kB
MemTotal:        1844596 kB
MemFree:          263952 kB
MemAvailable:    1497968 kB
Buffers:           92720 kB
Cached:          1169832 kB
MemTotal:        1844596 kB
MemFree:          262952 kB
MemAvailable:    1496968 kB
Buffers:           92720 kB
Cached:          1169832 kB
MemTotal:        1844596 kB
MemFree:          264324 kB
MemAvailable:    1498340 kB
Buffers:           92720 kB
Cached:          1169832 kB
MemTotal:        1844596 kB
MemFree:          263680 kB
MemAvailable:    1497696 kB
Buffers:           92720 kB
Cached:          1169832 kB
MemTotal:        1844596 kB
MemFree:          263332 kB
MemAvailable:    1497348 kB
Buffers:           92720 kB
Cached:          1169832 kB
MemTotal:        1844596 kB
MemFree:          263524 kB
MemAvailable:    1497540 kB
Buffers:           92720 kB
Cached:          1169832 kB
MemTotal:        1844596 kB
MemFree:          263452 kB
MemAvailable:    1497468 kB
Buffers:           92720 kB
Cached:          1169832 kB
MemTotal:        1844596 kB
MemFree:          262588 kB
MemAvailable:    1496604 kB
Buffers:           92720 kB
Cached:          1169832 kB
MemTotal:        1844596 kB
MemFree:          263448 kB
MemAvailable:    1497464 kB
Buffers:           92720 kB
Cached:          1169832 kB
MemTotal:        1844596 kB
MemFree:          263464 kB
MemAvailable:    1497480 kB
Buffers:           92720 kB
Cached:          1169832 kB
MemTotal:        1844596 kB
MemFree:          263416 kB
MemAvailable:    1497432 kB
Buffers:           92720 kB
Cached:          1169832 kB
MemTotal:        1844596 kB
MemFree:          263188 kB
MemAvailable:    1497204 kB
Buffers:           92720 kB
Cached:          1169832 kB
MemTotal:        1844596 kB
MemFree:          263524 kB
MemAvailable:    1497540 kB
Buffers:           92720 kB
Cached:          1169832 kB
MemTotal:        1844596 kB
MemFree:          263616 kB
MemAvailable:    1497632 kB
Buffers:           92720 kB
Cached:          1169832 kB
MemTotal:        1844596 kB
MemFree:          259240 kB
MemAvailable:    1493256 kB
Buffers:           92720 kB
Cached:          1169832 kB
MemTotal:        1844596 kB
MemFree:          256636 kB
MemAvailable:    1490652 kB
Buffers:           92720 kB
Cached:          1169832 kB
MemTotal:        1844596 kB
MemFree:          257564 kB
MemAvailable:    1491580 kB
Buffers:           92720 kB
Cached:          1169832 kB
MemTotal:        1844596 kB
MemFree:          256140 kB
MemAvailable:    1490156 kB
Buffers:           92720 kB
Cached:          1169832 kB
MemTotal:        1844596 kB
MemFree:          255636 kB
MemAvailable:    1489652 kB
Buffers:           92720 kB
Cached:          1169832 kB
MemTotal:        1844596 kB
MemFree:          255972 kB
MemAvailable:    1489988 kB
Buffers:           92720 kB
Cached:          1169832 kB
MemTotal:        1844596 kB
MemFree:          253908 kB
MemAvailable:    1487924 kB
Buffers:           92720 kB
Cached:          1169832 kB
MemTotal:        1844596 kB
MemFree:          255016 kB
MemAvailable:    1489032 kB
Buffers:           92720 kB
Cached:          1169832 kB
MemTotal:        1844596 kB
MemFree:          254704 kB
MemAvailable:    1488720 kB
Buffers:           92720 kB
Cached:          1169832 kB
MemTotal:        1844596 kB
MemFree:          254032 kB
MemAvailable:    1488048 kB
Buffers:           92720 kB
Cached:          1169832 kB
MemTotal:        1844596 kB
MemFree:          253480 kB
MemAvailable:    1487496 kB
Buffers:           92720 kB
Cached:          1169832 kB
MemTotal:        1844596 kB
MemFree:          253472 kB
MemAvailable:    1487488 kB
Buffers:           92720 kB
Cached:          1169832 kB
MemTotal:        1844596 kB
MemFree:          254844 kB
MemAvailable:    1488860 kB
Buffers:           92720 kB
Cached:          1169832 kB
MemTotal:        1844596 kB
MemFree:          254816 kB
MemAvailable:    1488832 kB
Buffers:           92720 kB
Cached:          1169832 kB
MemTotal:        1844596 kB
MemFree:          253596 kB
MemAvailable:    1487612 kB
Buffers:           92720 kB
Cached:          1169832 kB
MemTotal:        1844596 kB
MemFree:          253596 kB
MemAvailable:    1487612 kB
Buffers:           92720 kB
Cached:          1169832 kB
MemTotal:        1844596 kB
MemFree:          254704 kB
MemAvailable:    1488720 kB
Buffers:           92720 kB
Cached:          1169832 kB
MemTotal:        1844596 kB
MemFree:          254536 kB
MemAvailable:    1488552 kB
Buffers:           92720 kB
Cached:          1169832 kB
MemTotal:        1844596 kB
MemFree:          254520 kB
MemAvailable:    1488536 kB
Buffers:           92720 kB
Cached:          1169832 kB
MemTotal:        1844596 kB
MemFree:          254332 kB
MemAvailable:    1488348 kB
Buffers:           92720 kB
Cached:          1169832 kB
MemTotal:        1844596 kB
MemFree:          254584 kB
MemAvailable:    1488600 kB
Buffers:           92720 kB
Cached:          1169832 kB
MemTotal:        1844596 kB
MemFree:          253108 kB
MemAvailable:    1487124 kB
Buffers:           92720 kB
Cached:          1169832 kB
MemTotal:        1844596 kB
MemFree:          254432 kB
MemAvailable:    1488448 kB
Buffers:           92720 kB
Cached:          1169832 kB
MemTotal:        1844596 kB
MemFree:          253232 kB
MemAvailable:    1487248 kB
Buffers:           92720 kB
Cached:          1169832 kB
MemTotal:        1844596 kB
MemFree:          254208 kB
MemAvailable:    1488224 kB
Buffers:           92720 kB
Cached:          1169832 kB
MemTotal:        1844596 kB
MemFree:          253784 kB
MemAvailable:    1487800 kB
Buffers:           92720 kB
Cached:          1169832 kB
MemTotal:        1844596 kB
MemFree:          252224 kB
MemAvailable:    1486240 kB
Buffers:           92720 kB
Cached:          1169832 kB
MemTotal:        1844596 kB
MemFree:          249256 kB
MemAvailable:    1483272 kB
Buffers:           92720 kB
Cached:          1169832 kB
MemTotal:        1844596 kB
MemFree:          246328 kB
MemAvailable:    1480344 kB
Buffers:           92720 kB
Cached:          1169832 kB
MemTotal:        1844596 kB
MemFree:          246580 kB
MemAvailable:    1480596 kB
Buffers:           92720 kB
Cached:          1169832 kB
MemTotal:        1844596 kB
MemFree:          246040 kB
MemAvailable:    1480056 kB
Buffers:           92720 kB
Cached:          1169832 kB
MemTotal:        1844596 kB
MemFree:          245724 kB
MemAvailable:    1479740 kB
Buffers:           92720 kB
Cached:          1169832 kB
MemTotal:        1844596 kB
MemFree:          244676 kB
MemAvailable:    1478692 kB
Buffers:           92720 kB
Cached:          1169832 kB
MemTotal:        1844596 kB
MemFree:          246164 kB
MemAvailable:    1480180 kB
Buffers:           92720 kB
Cached:          1169832 kB
MemTotal:        1844596 kB
MemFree:          244668 kB
MemAvailable:    1478684 kB
Buffers:           92720 kB
Cached:          1169832 kB
MemTotal:        1844596 kB
MemFree:          244544 kB
MemAvailable:    1478560 kB
Buffers:           92720 kB
Cached:          1169832 kB
MemTotal:        1844596 kB
MemFree:          244536 kB
MemAvailable:    1478552 kB
Buffers:           92720 kB
Cached:          1169832 kB
MemTotal:        1844596 kB
MemFree:          245712 kB
MemAvailable:    1479728 kB
Buffers:           92720 kB
Cached:          1169832 kB
MemTotal:        1844596 kB
MemFree:          245848 kB
MemAvailable:    1479864 kB
Buffers:           92720 kB
Cached:          1169832 kB
MemTotal:        1844596 kB
MemFree:          244360 kB
MemAvailable:    1478376 kB
Buffers:           92720 kB
Cached:          1169832 kB
MemTotal:        1844596 kB
MemFree:          245808 kB
MemAvailable:    1479824 kB
Buffers:           92720 kB
Cached:          1169832 kB
MemTotal:        1844596 kB
MemFree:          245800 kB
MemAvailable:    1479816 kB
Buffers:           92720 kB
Cached:          1169832 kB
MemTotal:        1844596 kB
MemFree:          245724 kB
MemAvailable:    1479740 kB
Buffers:           92720 kB
Cached:          1169832 kB
MemTotal:        1844596 kB
MemFree:          244560 kB
MemAvailable:    1478576 kB
Buffers:           92720 kB
Cached:          1169832 kB
MemTotal:        1844596 kB
MemFree:          244432 kB
MemAvailable:    1478448 kB
Buffers:           92720 kB
Cached:          1169832 kB
MemTotal:        1844596 kB
MemFree:          244468 kB
MemAvailable:    1478484 kB
Buffers:           92720 kB
Cached:          1169832 kB
MemTotal:        1844596 kB
MemFree:          245644 kB
MemAvailable:    1479660 kB
Buffers:           92720 kB
Cached:          1169832 kB
MemTotal:        1844596 kB
MemFree:          244420 kB
MemAvailable:    1478436 kB
Buffers:           92720 kB
Cached:          1169832 kB
MemTotal:        1844596 kB
MemFree:          245592 kB
MemAvailable:    1479608 kB
Buffers:           92720 kB
Cached:          1169832 kB
MemTotal:        1844596 kB
MemFree:          245844 kB
MemAvailable:    1479860 kB
Buffers:           92720 kB
Cached:          1169832 kB
MemTotal:        1844596 kB
MemFree:          245604 kB
MemAvailable:    1479620 kB
Buffers:           92720 kB
Cached:          1169832 kB
MemTotal:        1844596 kB
MemFree:          245584 kB
MemAvailable:    1479600 kB
Buffers:           92720 kB
Cached:          1169832 kB
MemTotal:        1844596 kB
MemFree:          245352 kB
MemAvailable:    1479368 kB
Buffers:           92720 kB
Cached:          1169832 kB
MemTotal:        1844596 kB
MemFree:          245596 kB
MemAvailable:    1479612 kB
Buffers:           92720 kB
Cached:          1169832 kB
MemTotal:        1844596 kB
MemFree:          244864 kB
MemAvailable:    1478880 kB
Buffers:           92720 kB
Cached:          1169832 kB
MemTotal:        1844596 kB
MemFree:          240748 kB
MemAvailable:    1474764 kB
Buffers:           92720 kB
Cached:          1169832 kB
MemTotal:        1844596 kB
MemFree:          240392 kB
MemAvailable:    1474408 kB
Buffers:           92720 kB
Cached:          1169832 kB
MemTotal:        1844596 kB
MemFree:          236672 kB
MemAvailable:    1470688 kB
Buffers:           92720 kB
Cached:          1169832 kB
MemTotal:        1844596 kB
MemFree:          235424 kB
MemAvailable:    1469440 kB
Buffers:           92720 kB
Cached:          1169832 kB
MemTotal:        1844596 kB
MemFree:          235120 kB
MemAvailable:    1469136 kB
Buffers:           92720 kB
Cached:          1169832 kB
MemTotal:        1844596 kB
MemFree:          235120 kB
MemAvailable:    1469136 kB
Buffers:           92720 kB
Cached:          1169832 kB
MemTotal:        1844596 kB
MemFree:          234812 kB
MemAvailable:    1468828 kB
Buffers:           92720 kB
Cached:          1169832 kB
MemTotal:        1844596 kB
MemFree:          234300 kB
MemAvailable:    1468316 kB
Buffers:           92720 kB
Cached:          1169832 kB
MemTotal:        1844596 kB
MemFree:          234636 kB
MemAvailable:    1468652 kB
Buffers:           92720 kB
Cached:          1169832 kB
MemTotal:        1844596 kB
MemFree:          233724 kB
MemAvailable:    1467740 kB
Buffers:           92720 kB
Cached:          1169832 kB
MemTotal:        1844596 kB
MemFree:          233572 kB
MemAvailable:    1467588 kB
Buffers:           92720 kB
Cached:          1169832 kB
MemTotal:        1844596 kB
MemFree:          233992 kB
MemAvailable:    1468008 kB
Buffers:           92720 kB
Cached:          1169832 kB
MemTotal:        1844596 kB
MemFree:          232644 kB
MemAvailable:    1466660 kB
Buffers:           92720 kB
Cached:          1169832 kB
MemTotal:        1844596 kB
MemFree:          233880 kB
MemAvailable:    1467908 kB
Buffers:           92720 kB
Cached:          1169844 kB
MemTotal:        1844596 kB
MemFree:          233076 kB
MemAvailable:    1467104 kB
Buffers:           92720 kB
Cached:          1169844 kB
MemTotal:        1844596 kB
MemFree:          234192 kB
MemAvailable:    1468220 kB
Buffers:           92720 kB
Cached:          1169844 kB
MemTotal:        1844596 kB
MemFree:          233564 kB
MemAvailable:    1467592 kB
Buffers:           92720 kB
Cached:          1169844 kB
MemTotal:        1844596 kB
MemFree:          233928 kB
MemAvailable:    1467956 kB
Buffers:           92720 kB
Cached:          1169844 kB
MemTotal:        1844596 kB
MemFree:          232828 kB
MemAvailable:    1466856 kB
Buffers:           92720 kB
Cached:          1169844 kB
MemTotal:        1844596 kB
MemFree:          233760 kB
MemAvailable:    1467788 kB
Buffers:           92720 kB
Cached:          1169844 kB
MemTotal:        1844596 kB
MemFree:          232528 kB
MemAvailable:    1466556 kB
Buffers:           92720 kB
Cached:          1169844 kB
MemTotal:        1844596 kB
MemFree:          232776 kB
MemAvailable:    1466804 kB
Buffers:           92720 kB
Cached:          1169844 kB
MemTotal:        1844596 kB
MemFree:          232900 kB
MemAvailable:    1466928 kB
Buffers:           92720 kB
Cached:          1169844 kB
MemTotal:        1844596 kB
MemFree:          232776 kB
MemAvailable:    1466804 kB
Buffers:           92720 kB
Cached:          1169844 kB
MemTotal:        1844596 kB
MemFree:          233788 kB
MemAvailable:    1467816 kB
Buffers:           92720 kB
Cached:          1169844 kB
MemTotal:        1844596 kB
MemFree:          233872 kB
MemAvailable:    1467900 kB
Buffers:           92720 kB
Cached:          1169844 kB
MemTotal:        1844596 kB
MemFree:          233860 kB
MemAvailable:    1467888 kB
Buffers:           92720 kB
Cached:          1169844 kB
MemTotal:        1844596 kB
MemFree:          232960 kB
MemAvailable:    1466988 kB
Buffers:           92720 kB
Cached:          1169844 kB
MemTotal:        1844596 kB
MemFree:          233772 kB
MemAvailable:    1467800 kB
Buffers:           92720 kB
Cached:          1169844 kB
MemTotal:        1844596 kB
MemFree:          233332 kB
MemAvailable:    1467360 kB
Buffers:           92720 kB
Cached:          1169844 kB
MemTotal:        1844596 kB
MemFree:          232572 kB
MemAvailable:    1466600 kB
Buffers:           92720 kB
Cached:          1169844 kB
MemTotal:        1844596 kB
MemFree:          232564 kB
MemAvailable:    1466592 kB
Buffers:           92720 kB
Cached:          1169844 kB
MemTotal:        1844596 kB
MemFree:          232696 kB
MemAvailable:    1466724 kB
Buffers:           92720 kB
Cached:          1169844 kB
MemTotal:        1844596 kB
MemFree:          232524 kB
MemAvailable:    1466552 kB
Buffers:           92720 kB
Cached:          1169844 kB
MemTotal:        1844596 kB
MemFree:          233796 kB
MemAvailable:    1467824 kB
Buffers:           92720 kB
Cached:          1169844 kB
MemTotal:        1844596 kB
MemFree:          234048 kB
MemAvailable:    1468076 kB
Buffers:           92720 kB
Cached:          1169844 kB
MemTotal:        1844596 kB
MemFree:          232572 kB
MemAvailable:    1466600 kB
Buffers:           92720 kB
Cached:          1169844 kB
MemTotal:        1844596 kB
MemFree:          233832 kB
MemAvailable:    1467860 kB
Buffers:           92720 kB
Cached:          1169844 kB
MemTotal:        1844596 kB
MemFree:          233760 kB
MemAvailable:    1467788 kB
Buffers:           92720 kB
Cached:          1169844 kB
MemTotal:        1844596 kB
MemFree:          234012 kB
MemAvailable:    1468040 kB
Buffers:           92720 kB
Cached:          1169844 kB
MemTotal:        1844596 kB
MemFree:          232572 kB
MemAvailable:    1466600 kB
Buffers:           92720 kB
Cached:          1169844 kB
MemTotal:        1844596 kB
MemFree:          232656 kB
MemAvailable:    1466684 kB
Buffers:           92720 kB
Cached:          1169844 kB
MemTotal:        1844596 kB
MemFree:          232560 kB
MemAvailable:    1466588 kB
Buffers:           92720 kB
Cached:          1169844 kB
MemTotal:        1844596 kB
MemFree:          233756 kB
MemAvailable:    1467784 kB
Buffers:           92720 kB
Cached:          1169844 kB
MemTotal:        1844596 kB
MemFree:          232704 kB
MemAvailable:    1466732 kB
Buffers:           92720 kB
Cached:          1169844 kB
MemTotal:        1844596 kB
MemFree:          233924 kB
MemAvailable:    1467952 kB
Buffers:           92720 kB
Cached:          1169844 kB
MemTotal:        1844596 kB
MemFree:          232400 kB
MemAvailable:    1466428 kB
Buffers:           92720 kB
Cached:          1169844 kB
MemTotal:        1844596 kB
MemFree:          232532 kB
MemAvailable:    1466560 kB
Buffers:           92720 kB
Cached:          1169844 kB
MemTotal:        1844596 kB
MemFree:          234000 kB
MemAvailable:    1468028 kB
Buffers:           92720 kB
Cached:          1169844 kB
MemTotal:        1844596 kB
MemFree:          232656 kB
MemAvailable:    1466684 kB
Buffers:           92720 kB
Cached:          1169844 kB
MemTotal:        1844596 kB
MemFree:          232532 kB
MemAvailable:    1466560 kB
Buffers:           92720 kB
Cached:          1169844 kB
MemTotal:        1844596 kB
MemFree:          232524 kB
MemAvailable:    1466552 kB
Buffers:           92720 kB
Cached:          1169844 kB
MemTotal:        1844596 kB
MemFree:          233744 kB
MemAvailable:    1467772 kB
Buffers:           92720 kB
Cached:          1169844 kB
MemTotal:        1844596 kB
MemFree:          233496 kB
MemAvailable:    1467524 kB
Buffers:           92720 kB
Cached:          1169844 kB
MemTotal:        1844596 kB
MemFree:          233324 kB
MemAvailable:    1467352 kB
Buffers:           92720 kB
Cached:          1169844 kB
MemTotal:        1844596 kB
MemFree:          232276 kB
MemAvailable:    1466304 kB
Buffers:           92720 kB
Cached:          1169844 kB
MemTotal:        1844596 kB
MemFree:          233384 kB
MemAvailable:    1467412 kB
Buffers:           92720 kB
Cached:          1169844 kB
MemTotal:        1844596 kB
MemFree:          233332 kB
MemAvailable:    1467360 kB
Buffers:           92720 kB
Cached:          1169844 kB
MemTotal:        1844596 kB
MemFree:          233460 kB
MemAvailable:    1467488 kB
Buffers:           92720 kB
Cached:          1169844 kB
MemTotal:        1844596 kB
MemFree:          232064 kB
MemAvailable:    1466092 kB
Buffers:           92720 kB
Cached:          1169844 kB
MemTotal:        1844596 kB
MemFree:          233428 kB
MemAvailable:    1467456 kB
Buffers:           92720 kB
Cached:          1169844 kB
MemTotal:        1844596 kB
MemFree:          231940 kB
MemAvailable:    1465968 kB
Buffers:           92720 kB
Cached:          1169844 kB
MemTotal:        1844596 kB
MemFree:          233124 kB
MemAvailable:    1467152 kB
Buffers:           92720 kB
Cached:          1169844 kB
MemTotal:        1844596 kB
MemFree:          233376 kB
MemAvailable:    1467404 kB
Buffers:           92720 kB
Cached:          1169844 kB
MemTotal:        1844596 kB
MemFree:          233204 kB
MemAvailable:    1467232 kB
Buffers:           92720 kB
Cached:          1169844 kB
MemTotal:        1844596 kB
MemFree:          232916 kB
MemAvailable:    1466944 kB
Buffers:           92720 kB
Cached:          1169844 kB
MemTotal:        1844596 kB
MemFree:          232916 kB
MemAvailable:    1466944 kB
Buffers:           92720 kB
Cached:          1169844 kB
MemTotal:        1844596 kB
MemFree:          232868 kB
MemAvailable:    1466896 kB
Buffers:           92720 kB
Cached:          1169844 kB
MemTotal:        1844596 kB
MemFree:          231652 kB
MemAvailable:    1465680 kB
Buffers:           92720 kB
Cached:          1169844 kB
MemTotal:        1844596 kB
MemFree:          232804 kB
MemAvailable:    1466832 kB
Buffers:           92720 kB
Cached:          1169844 kB
MemTotal:        1844596 kB
MemFree:          231516 kB
MemAvailable:    1465544 kB
Buffers:           92720 kB
Cached:          1169844 kB
MemTotal:        1844596 kB
MemFree:          231800 kB
MemAvailable:    1465828 kB
Buffers:           92720 kB
Cached:          1169844 kB
MemTotal:        1844596 kB
MemFree:          231552 kB
MemAvailable:    1465580 kB
Buffers:           92720 kB
Cached:          1169844 kB
MemTotal:        1844596 kB
MemFree:          232744 kB
MemAvailable:    1466772 kB
Buffers:           92720 kB
Cached:          1169844 kB
MemTotal:        1844596 kB
MemFree:          233084 kB
MemAvailable:    1467112 kB
Buffers:           92720 kB
Cached:          1169844 kB
MemTotal:        1844596 kB
MemFree:          232780 kB
MemAvailable:    1466808 kB
Buffers:           92720 kB
Cached:          1169844 kB
MemTotal:        1844596 kB
MemFree:          231660 kB
MemAvailable:    1465688 kB
Buffers:           92720 kB
Cached:          1169844 kB
MemTotal:        1844596 kB
MemFree:          232352 kB
MemAvailable:    1466380 kB
Buffers:           92720 kB
Cached:          1169844 kB
MemTotal:        1844596 kB
MemFree:          232604 kB
MemAvailable:    1466632 kB
Buffers:           92720 kB
Cached:          1169844 kB
MemTotal:        1844596 kB
MemFree:          232688 kB
MemAvailable:    1466716 kB
Buffers:           92720 kB
Cached:          1169844 kB
MemTotal:        1844596 kB
MemFree:          231388 kB
MemAvailable:    1465416 kB
Buffers:           92720 kB
Cached:          1169844 kB
MemTotal:        1844596 kB
MemFree:          230100 kB
MemAvailable:    1464128 kB
Buffers:           92720 kB
Cached:          1169844 kB
MemTotal:        1844596 kB
MemFree:          227124 kB
MemAvailable:    1461152 kB
Buffers:           92720 kB
Cached:          1169844 kB
MemTotal:        1844596 kB
MemFree:          224280 kB
MemAvailable:    1458192 kB
Buffers:           92720 kB
Cached:          1169852 kB
MemTotal:        1844596 kB
MemFree:          221296 kB
MemAvailable:    1455332 kB
Buffers:           92720 kB
Cached:          1169852 kB
MemTotal:        1844596 kB
MemFree:          221296 kB
MemAvailable:    1455332 kB
Buffers:           92720 kB
Cached:          1169852 kB
MemTotal:        1844596 kB
MemFree:          222224 kB
MemAvailable:    1456260 kB
Buffers:           92720 kB
Cached:          1169852 kB
MemTotal:        1844596 kB
MemFree:          221296 kB
MemAvailable:    1455332 kB
Buffers:           92720 kB
Cached:          1169852 kB
MemTotal:        1844596 kB
MemFree:          221648 kB
MemAvailable:    1455684 kB
Buffers:           92720 kB
Cached:          1169852 kB
MemTotal:        1844596 kB
MemFree:          221120 kB
MemAvailable:    1455156 kB
Buffers:           92720 kB
Cached:          1169852 kB
MemTotal:        1844596 kB
MemFree:          220364 kB
MemAvailable:    1454400 kB
Buffers:           92720 kB
Cached:          1169852 kB
MemTotal:        1844596 kB
MemFree:          220916 kB
MemAvailable:    1454952 kB
Buffers:           92720 kB
Cached:          1169852 kB
MemTotal:        1844596 kB
MemFree:          220916 kB
MemAvailable:    1454952 kB
Buffers:           92720 kB
Cached:          1169852 kB
MemTotal:        1844596 kB
MemFree:          219860 kB
MemAvailable:    1453896 kB
Buffers:           92720 kB
Cached:          1169852 kB
MemTotal:        1844596 kB
MemFree:          219560 kB
MemAvailable:    1453596 kB
Buffers:           92720 kB
Cached:          1169852 kB
MemTotal:        1844596 kB
MemFree:          219552 kB
MemAvailable:    1453588 kB
Buffers:           92720 kB
Cached:          1169852 kB
MemTotal:        1844596 kB
MemFree:          219364 kB
MemAvailable:    1453400 kB
Buffers:           92720 kB
Cached:          1169852 kB
MemTotal:        1844596 kB
MemFree:          218064 kB
MemAvailable:    1452100 kB
Buffers:           92720 kB
Cached:          1169852 kB
MemTotal:        1844596 kB
MemFree:          219248 kB
MemAvailable:    1453284 kB
Buffers:           92720 kB
Cached:          1169852 kB
MemTotal:        1844596 kB
MemFree:          219064 kB
MemAvailable:    1453100 kB
Buffers:           92720 kB
Cached:          1169852 kB
MemTotal:        1844596 kB
MemFree:          219484 kB
MemAvailable:    1453520 kB
Buffers:           92720 kB
Cached:          1169852 kB
MemTotal:        1844596 kB
MemFree:          219312 kB
MemAvailable:    1453348 kB
Buffers:           92720 kB
Cached:          1169852 kB
MemTotal:        1844596 kB
MemFree:          219348 kB
MemAvailable:    1453384 kB
Buffers:           92720 kB
Cached:          1169852 kB
MemTotal:        1844596 kB
MemFree:          218124 kB
MemAvailable:    1452160 kB
Buffers:           92720 kB
Cached:          1169852 kB
MemTotal:        1844596 kB
MemFree:          219300 kB
MemAvailable:    1453336 kB
Buffers:           92720 kB
Cached:          1169852 kB
MemTotal:        1844596 kB
MemFree:          219176 kB
MemAvailable:    1453212 kB
Buffers:           92720 kB
Cached:          1169852 kB
MemTotal:        1844596 kB
MemFree:          219172 kB
MemAvailable:    1453208 kB
Buffers:           92720 kB
Cached:          1169852 kB
MemTotal:        1844596 kB
MemFree:          218568 kB
MemAvailable:    1452604 kB
Buffers:           92720 kB
Cached:          1169852 kB
MemTotal:        1844596 kB
MemFree:          217892 kB
MemAvailable:    1451928 kB
Buffers:           92720 kB
Cached:          1169852 kB
MemTotal:        1844596 kB
MemFree:          218620 kB
MemAvailable:    1452656 kB
Buffers:           92720 kB
Cached:          1169852 kB
MemTotal:        1844596 kB
MemFree:          217636 kB
MemAvailable:    1451672 kB
Buffers:           92720 kB
Cached:          1169852 kB
MemTotal:        1844596 kB
MemFree:          217208 kB
MemAvailable:    1451244 kB
Buffers:           92720 kB
Cached:          1169852 kB
MemTotal:        1844596 kB
MemFree:          217112 kB
MemAvailable:    1451148 kB
Buffers:           92720 kB
Cached:          1169852 kB
MemTotal:        1844596 kB
MemFree:          216088 kB
MemAvailable:    1450124 kB
Buffers:           92720 kB
Cached:          1169852 kB
MemTotal:        1844596 kB
MemFree:          216908 kB
MemAvailable:    1450944 kB
Buffers:           92720 kB
Cached:          1169852 kB
MemTotal:        1844596 kB
MemFree:          217164 kB
MemAvailable:    1451200 kB
Buffers:           92720 kB
Cached:          1169852 kB
MemTotal:        1844596 kB
MemFree:          216644 kB
MemAvailable:    1450680 kB
Buffers:           92720 kB
Cached:          1169852 kB
MemTotal:        1844596 kB
MemFree:          216388 kB
MemAvailable:    1450424 kB
Buffers:           92720 kB
Cached:          1169852 kB
MemTotal:        1844596 kB
MemFree:          215088 kB
MemAvailable:    1449124 kB
Buffers:           92720 kB
Cached:          1169852 kB
MemTotal:        1844596 kB
MemFree:          214716 kB
MemAvailable:    1448752 kB
Buffers:           92720 kB
Cached:          1169852 kB
MemTotal:        1844596 kB
MemFree:          214788 kB
MemAvailable:    1448824 kB
Buffers:           92720 kB
Cached:          1169852 kB
MemTotal:        1844596 kB
MemFree:          214968 kB
MemAvailable:    1449004 kB
Buffers:           92720 kB
Cached:          1169852 kB
MemTotal:        1844596 kB
MemFree:          214336 kB
MemAvailable:    1448372 kB
Buffers:           92720 kB
Cached:          1169852 kB
MemTotal:        1844596 kB
MemFree:          214420 kB
MemAvailable:    1448456 kB
Buffers:           92720 kB
Cached:          1169852 kB
MemTotal:        1844596 kB
MemFree:          214232 kB
MemAvailable:    1448268 kB
Buffers:           92720 kB
Cached:          1169852 kB
MemTotal:        1844596 kB
MemFree:          214028 kB
MemAvailable:    1448064 kB
Buffers:           92720 kB
Cached:          1169852 kB
MemTotal:        1844596 kB
MemFree:          214280 kB
MemAvailable:    1448316 kB
Buffers:           92720 kB
Cached:          1169852 kB
MemTotal:        1844596 kB
MemFree:          214216 kB
MemAvailable:    1448252 kB
Buffers:           92720 kB
Cached:          1169852 kB
MemTotal:        1844596 kB
MemFree:          214228 kB
MemAvailable:    1448264 kB
Buffers:           92720 kB
Cached:          1169852 kB
MemTotal:        1844596 kB
MemFree:          213484 kB
MemAvailable:    1447520 kB
Buffers:           92720 kB
Cached:          1169852 kB
MemTotal:        1844596 kB
MemFree:          214780 kB
MemAvailable:    1448820 kB
Buffers:           92720 kB
Cached:          1169856 kB
MemTotal:        1844596 kB
MemFree:          213492 kB
MemAvailable:    1447532 kB
Buffers:           92720 kB
Cached:          1169856 kB
MemTotal:        1844596 kB
MemFree:          214180 kB
MemAvailable:    1448220 kB
Buffers:           92720 kB
Cached:          1169856 kB
MemTotal:        1844596 kB
MemFree:          213984 kB
MemAvailable:    1448024 kB
Buffers:           92720 kB
Cached:          1169856 kB
MemTotal:        1844596 kB
MemFree:          212676 kB
MemAvailable:    1446716 kB
Buffers:           92720 kB
Cached:          1169856 kB
MemTotal:        1844596 kB
MemFree:          213820 kB
MemAvailable:    1447860 kB
Buffers:           92720 kB
Cached:          1169856 kB
MemTotal:        1844596 kB
MemFree:          214072 kB
MemAvailable:    1448112 kB
Buffers:           92720 kB
Cached:          1169856 kB
MemTotal:        1844596 kB
MemFree:          212728 kB
MemAvailable:    1446768 kB
Buffers:           92720 kB
Cached:          1169856 kB
MemTotal:        1844596 kB
MemFree:          214136 kB
MemAvailable:    1448176 kB
Buffers:           92720 kB
Cached:          1169856 kB
MemTotal:        1844596 kB
MemFree:          213360 kB
MemAvailable:    1447276 kB
Buffers:           92720 kB
Cached:          1169856 kB
MemTotal:        1844596 kB
MemFree:          213800 kB
MemAvailable:    1447840 kB
Buffers:           92720 kB
Cached:          1169856 kB
MemTotal:        1844596 kB
MemFree:          212728 kB
MemAvailable:    1446768 kB
Buffers:           92720 kB
Cached:          1169856 kB
MemTotal:        1844596 kB
MemFree:          212556 kB
MemAvailable:    1446596 kB
Buffers:           92720 kB
Cached:          1169856 kB
MemTotal:        1844596 kB
MemFree:          212680 kB
MemAvailable:    1446720 kB
Buffers:           92720 kB
Cached:          1169856 kB
MemTotal:        1844596 kB
MemFree:          212716 kB
MemAvailable:    1446756 kB
Buffers:           92720 kB
Cached:          1169856 kB
MemTotal:        1844596 kB
MemFree:          214016 kB
MemAvailable:    1448056 kB
Buffers:           92720 kB
Cached:          1169856 kB
MemTotal:        1844596 kB
MemFree:          212668 kB
MemAvailable:    1446708 kB
Buffers:           92720 kB
Cached:          1169856 kB
MemTotal:        1844596 kB
MemFree:          213904 kB
MemAvailable:    1447944 kB
Buffers:           92720 kB
Cached:          1169856 kB
MemTotal:        1844596 kB
MemFree:          211748 kB
MemAvailable:    1445788 kB
Buffers:           92720 kB
Cached:          1169856 kB
MemTotal:        1844596 kB
MemFree:          212600 kB
MemAvailable:    1446640 kB
Buffers:           92720 kB
Cached:          1169856 kB
MemTotal:        1844596 kB
MemFree:          212684 kB
MemAvailable:    1446724 kB
Buffers:           92720 kB
Cached:          1169856 kB
MemTotal:        1844596 kB
MemFree:          212296 kB
MemAvailable:    1446336 kB
Buffers:           92720 kB
Cached:          1169856 kB
MemTotal:        1844596 kB
MemFree:          210816 kB
MemAvailable:    1444856 kB
Buffers:           92720 kB
Cached:          1169856 kB
MemTotal:        1844596 kB
MemFree:          208896 kB
MemAvailable:    1442936 kB
Buffers:           92720 kB
Cached:          1169856 kB
MemTotal:        1844596 kB
MemFree:          206896 kB
MemAvailable:    1440936 kB
Buffers:           92720 kB
Cached:          1169856 kB
MemTotal:        1844596 kB
MemFree:          204928 kB
MemAvailable:    1438968 kB
Buffers:           92720 kB
Cached:          1169856 kB
MemTotal:        1844596 kB
MemFree:          203896 kB
MemAvailable:    1437936 kB
Buffers:           92720 kB
Cached:          1169856 kB
MemTotal:        1844596 kB
MemFree:          201704 kB
MemAvailable:    1435744 kB
Buffers:           92720 kB
Cached:          1169856 kB
MemTotal:        1844596 kB
MemFree:          195620 kB
MemAvailable:    1429668 kB
Buffers:           92720 kB
Cached:          1169864 kB
MemTotal:        1844596 kB
MemFree:          195016 kB
MemAvailable:    1429064 kB
Buffers:           92720 kB
Cached:          1169864 kB
MemTotal:        1844596 kB
MemFree:          195424 kB
MemAvailable:    1429472 kB
Buffers:           92720 kB
Cached:          1169864 kB
MemTotal:        1844596 kB
MemFree:          194000 kB
MemAvailable:    1428048 kB
Buffers:           92720 kB
Cached:          1169864 kB
MemTotal:        1844596 kB
MemFree:          195100 kB
MemAvailable:    1429148 kB
Buffers:           92720 kB
Cached:          1169864 kB
MemTotal:        1844596 kB
MemFree:          195256 kB
MemAvailable:    1429304 kB
Buffers:           92720 kB
Cached:          1169864 kB
MemTotal:        1844596 kB
MemFree:          193836 kB
MemAvailable:    1427884 kB
Buffers:           92720 kB
Cached:          1169864 kB
MemTotal:        1844596 kB
MemFree:          194936 kB
MemAvailable:    1428984 kB
Buffers:           92720 kB
Cached:          1169864 kB
MemTotal:        1844596 kB
MemFree:          195104 kB
MemAvailable:    1429152 kB
Buffers:           92720 kB
Cached:          1169864 kB
MemTotal:        1844596 kB
MemFree:          194880 kB
MemAvailable:    1428928 kB
Buffers:           92720 kB
Cached:          1169864 kB
MemTotal:        1844596 kB
MemFree:          194876 kB
MemAvailable:    1428924 kB
Buffers:           92720 kB
Cached:          1169864 kB
MemTotal:        1844596 kB
MemFree:          194876 kB
MemAvailable:    1428924 kB
Buffers:           92720 kB
Cached:          1169864 kB
MemTotal:        1844596 kB
MemFree:          194564 kB
MemAvailable:    1428612 kB
Buffers:           92720 kB
Cached:          1169864 kB
MemTotal:        1844596 kB
MemFree:          193272 kB
MemAvailable:    1427320 kB
Buffers:           92720 kB
Cached:          1169864 kB
MemTotal:        1844596 kB
MemFree:          194572 kB
MemAvailable:    1428620 kB
Buffers:           92720 kB
Cached:          1169864 kB
MemTotal:        1844596 kB
MemFree:          194504 kB
MemAvailable:    1428552 kB
Buffers:           92720 kB
Cached:          1169864 kB
MemTotal:        1844596 kB
MemFree:          194424 kB
MemAvailable:    1428472 kB
Buffers:           92720 kB
Cached:          1169864 kB
MemTotal:        1844596 kB
MemFree:          194440 kB
MemAvailable:    1428488 kB
Buffers:           92720 kB
Cached:          1169864 kB
MemTotal:        1844596 kB
MemFree:          194524 kB
MemAvailable:    1428572 kB
Buffers:           92720 kB
Cached:          1169864 kB
MemTotal:        1844596 kB
MemFree:          193084 kB
MemAvailable:    1427132 kB
Buffers:           92720 kB
Cached:          1169864 kB
MemTotal:        1844596 kB
MemFree:          194436 kB
MemAvailable:    1428484 kB
Buffers:           92720 kB
Cached:          1169864 kB
MemTotal:        1844596 kB
MemFree:          194496 kB
MemAvailable:    1428544 kB
Buffers:           92720 kB
Cached:          1169864 kB
MemTotal:        1844596 kB
MemFree:          194236 kB
MemAvailable:    1428284 kB
Buffers:           92720 kB
Cached:          1169864 kB
MemTotal:        1844596 kB
MemFree:          194024 kB
MemAvailable:    1428072 kB
Buffers:           92720 kB
Cached:          1169864 kB
MemTotal:        1844596 kB
MemFree:          194144 kB
MemAvailable:    1428192 kB
Buffers:           92720 kB
Cached:          1169864 kB
MemTotal:        1844596 kB
MemFree:          194272 kB
MemAvailable:    1428320 kB
Buffers:           92720 kB
Cached:          1169864 kB
MemTotal:        1844596 kB
MemFree:          193132 kB
MemAvailable:    1427180 kB
Buffers:           92720 kB
Cached:          1169864 kB
MemTotal:        1844596 kB
MemFree:          194368 kB
MemAvailable:    1428416 kB
Buffers:           92720 kB
Cached:          1169864 kB
MemTotal:        1844596 kB
MemFree:          194340 kB
MemAvailable:    1428388 kB
Buffers:           92720 kB
Cached:          1169864 kB
MemTotal:        1844596 kB
MemFree:          192884 kB
MemAvailable:    1426932 kB
Buffers:           92720 kB
Cached:          1169864 kB
MemTotal:        1844596 kB
MemFree:          194256 kB
MemAvailable:    1428304 kB
Buffers:           92720 kB
Cached:          1169864 kB
MemTotal:        1844596 kB
MemFree:          194144 kB
MemAvailable:    1428192 kB
Buffers:           92720 kB
Cached:          1169864 kB
MemTotal:        1844596 kB
MemFree:          192832 kB
MemAvailable:    1426880 kB
Buffers:           92720 kB
Cached:          1169864 kB
MemTotal:        1844596 kB
MemFree:          192832 kB
MemAvailable:    1426880 kB
Buffers:           92720 kB
Cached:          1169864 kB
MemTotal:        1844596 kB
MemFree:          194428 kB
MemAvailable:    1428476 kB
Buffers:           92720 kB
Cached:          1169864 kB
MemTotal:        1844596 kB
MemFree:          192520 kB
MemAvailable:    1426568 kB
Buffers:           92720 kB
Cached:          1169864 kB
MemTotal:        1844596 kB
MemFree:          189860 kB
MemAvailable:    1423908 kB
Buffers:           92720 kB
Cached:          1169864 kB
MemTotal:        1844596 kB
MemFree:          187452 kB
MemAvailable:    1421500 kB
Buffers:           92720 kB
Cached:          1169864 kB
MemTotal:        1844596 kB
MemFree:          183716 kB
MemAvailable:    1417764 kB
Buffers:           92720 kB
Cached:          1169864 kB
MemTotal:        1844596 kB
MemFree:          183848 kB
MemAvailable:    1417896 kB
Buffers:           92720 kB
Cached:          1169864 kB
MemTotal:        1844596 kB
MemFree:          179728 kB
MemAvailable:    1413776 kB
Buffers:           92720 kB
Cached:          1169864 kB
MemTotal:        1844596 kB
MemFree:          175416 kB
MemAvailable:    1409464 kB
Buffers:           92720 kB
Cached:          1169864 kB
MemTotal:        1844596 kB
MemFree:          176708 kB
MemAvailable:    1410756 kB
Buffers:           92720 kB
Cached:          1169864 kB
MemTotal:        1844596 kB
MemFree:          175548 kB
MemAvailable:    1409596 kB
Buffers:           92720 kB
Cached:          1169864 kB
MemTotal:        1844596 kB
MemFree:          176268 kB
MemAvailable:    1410316 kB
Buffers:           92720 kB
Cached:          1169864 kB
MemTotal:        1844596 kB
MemFree:          176604 kB
MemAvailable:    1410652 kB
Buffers:           92720 kB
Cached:          1169864 kB
MemTotal:        1844596 kB
MemFree:          176544 kB
MemAvailable:    1410592 kB
Buffers:           92720 kB
Cached:          1169864 kB
MemTotal:        1844596 kB
MemFree:          176592 kB
MemAvailable:    1410640 kB
Buffers:           92720 kB
Cached:          1169864 kB
MemTotal:        1844596 kB
MemFree:          175368 kB
MemAvailable:    1409416 kB
Buffers:           92720 kB
Cached:          1169864 kB
MemTotal:        1844596 kB
MemFree:          176336 kB
MemAvailable:    1410384 kB
Buffers:           92720 kB
Cached:          1169864 kB
MemTotal:        1844596 kB
MemFree:          176012 kB
MemAvailable:    1410060 kB
Buffers:           92720 kB
Cached:          1169864 kB
MemTotal:        1844596 kB
MemFree:          176096 kB
MemAvailable:    1410144 kB
Buffers:           92720 kB
Cached:          1169864 kB
MemTotal:        1844596 kB
MemFree:          175956 kB
MemAvailable:    1410004 kB
Buffers:           92720 kB
Cached:          1169864 kB
MemTotal:        1844596 kB
MemFree:          175896 kB
MemAvailable:    1409944 kB
Buffers:           92720 kB
Cached:          1169864 kB
MemTotal:        1844596 kB
MemFree:          175416 kB
MemAvailable:    1409464 kB
Buffers:           92720 kB
Cached:          1169864 kB
MemTotal:        1844596 kB
MemFree:          174616 kB
MemAvailable:    1408664 kB
Buffers:           92720 kB
Cached:          1169864 kB
MemTotal:        1844596 kB
MemFree:          176064 kB
MemAvailable:    1410112 kB
Buffers:           92720 kB
Cached:          1169864 kB
MemTotal:        1844596 kB
MemFree:          176140 kB
MemAvailable:    1410188 kB
Buffers:           92720 kB
Cached:          1169864 kB
MemTotal:        1844596 kB
MemFree:          176028 kB
MemAvailable:    1410076 kB
Buffers:           92720 kB
Cached:          1169864 kB
MemTotal:        1844596 kB
MemFree:          174852 kB
MemAvailable:    1408900 kB
Buffers:           92720 kB
Cached:          1169864 kB
MemTotal:        1844596 kB
MemFree:          174896 kB
MemAvailable:    1408944 kB
Buffers:           92720 kB
Cached:          1169864 kB
MemTotal:        1844596 kB
MemFree:          176136 kB
MemAvailable:    1410184 kB
Buffers:           92720 kB
Cached:          1169864 kB
MemTotal:        1844596 kB
MemFree:          176196 kB
MemAvailable:    1410244 kB
Buffers:           92720 kB
Cached:          1169864 kB
MemTotal:        1844596 kB
MemFree:          176036 kB
MemAvailable:    1410084 kB
Buffers:           92720 kB
Cached:          1169864 kB
MemTotal:        1844596 kB
MemFree:          175044 kB
MemAvailable:    1409092 kB
Buffers:           92720 kB
Cached:          1169864 kB
MemTotal:        1844596 kB
MemFree:          174912 kB
MemAvailable:    1408960 kB
Buffers:           92720 kB
Cached:          1169864 kB
MemTotal:        1844596 kB
MemFree:          174912 kB
MemAvailable:    1408960 kB
Buffers:           92720 kB
Cached:          1169864 kB
MemTotal:        1844596 kB
MemFree:          175980 kB
MemAvailable:    1410028 kB
Buffers:           92720 kB
Cached:          1169864 kB
MemTotal:        1844596 kB
MemFree:          174900 kB
MemAvailable:    1408948 kB
Buffers:           92720 kB
Cached:          1169864 kB
MemTotal:        1844596 kB
MemFree:          174900 kB
MemAvailable:    1408948 kB
Buffers:           92720 kB
Cached:          1169864 kB
MemTotal:        1844596 kB
MemFree:          174968 kB
MemAvailable:    1409016 kB
Buffers:           92720 kB
Cached:          1169864 kB
MemTotal:        1844596 kB
MemFree:          174796 kB
MemAvailable:    1408852 kB
Buffers:           92720 kB
Cached:          1169872 kB
MemTotal:        1844596 kB
MemFree:          169820 kB
MemAvailable:    1403876 kB
Buffers:           92720 kB
Cached:          1169872 kB
MemTotal:        1844596 kB
MemFree:          169340 kB
MemAvailable:    1403396 kB
Buffers:           92720 kB
Cached:          1169872 kB
MemTotal:        1844596 kB
MemFree:          164876 kB
MemAvailable:    1398932 kB
Buffers:           92720 kB
Cached:          1169872 kB
MemTotal:        1844596 kB
MemFree:          158916 kB
MemAvailable:    1392972 kB
Buffers:           92720 kB
Cached:          1169872 kB
MemTotal:        1844596 kB
MemFree:          158924 kB
MemAvailable:    1392980 kB
Buffers:           92720 kB
Cached:          1169872 kB
MemTotal:        1844596 kB
MemFree:          158792 kB
MemAvailable:    1392848 kB
Buffers:           92720 kB
Cached:          1169872 kB
MemTotal:        1844596 kB
MemFree:          157296 kB
MemAvailable:    1391352 kB
Buffers:           92720 kB
Cached:          1169872 kB
MemTotal:        1844596 kB
MemFree:          157296 kB
MemAvailable:    1391352 kB
Buffers:           92720 kB
Cached:          1169872 kB
MemTotal:        1844596 kB
MemFree:          158488 kB
MemAvailable:    1392544 kB
Buffers:           92720 kB
Cached:          1169872 kB
MemTotal:        1844596 kB
MemFree:          158560 kB
MemAvailable:    1392616 kB
Buffers:           92720 kB
Cached:          1169872 kB
MemTotal:        1844596 kB
MemFree:          157180 kB
MemAvailable:    1391236 kB
Buffers:           92720 kB
Cached:          1169872 kB
MemTotal:        1844596 kB
MemFree:          157304 kB
MemAvailable:    1391360 kB
Buffers:           92720 kB
Cached:          1169872 kB
MemTotal:        1844596 kB
MemFree:          158480 kB
MemAvailable:    1392536 kB
Buffers:           92720 kB
Cached:          1169872 kB
MemTotal:        1844596 kB
MemFree:          157816 kB
MemAvailable:    1391872 kB
Buffers:           92720 kB
Cached:          1169872 kB
MemTotal:        1844596 kB
MemFree:          158372 kB
MemAvailable:    1392428 kB
Buffers:           92720 kB
Cached:          1169872 kB
MemTotal:        1844596 kB
MemFree:          158428 kB
MemAvailable:    1392484 kB
Buffers:           92720 kB
Cached:          1169872 kB
MemTotal:        1844596 kB
MemFree:          158372 kB
MemAvailable:    1392428 kB
Buffers:           92720 kB
Cached:          1169872 kB
MemTotal:        1844596 kB
MemFree:          157124 kB
MemAvailable:    1391180 kB
Buffers:           92720 kB
Cached:          1169872 kB
MemTotal:        1844596 kB
MemFree:          157380 kB
MemAvailable:    1391436 kB
Buffers:           92720 kB
Cached:          1169872 kB
MemTotal:        1844596 kB
MemFree:          157256 kB
MemAvailable:    1391312 kB
Buffers:           92720 kB
Cached:          1169872 kB
MemTotal:        1844596 kB
MemFree:          158496 kB
MemAvailable:    1392552 kB
Buffers:           92720 kB
Cached:          1169872 kB
MemTotal:        1844596 kB
MemFree:          157292 kB
MemAvailable:    1391348 kB
Buffers:           92720 kB
Cached:          1169872 kB
MemTotal:        1844596 kB
MemFree:          157552 kB
MemAvailable:    1391608 kB
Buffers:           92720 kB
Cached:          1169872 kB
MemTotal:        1844596 kB
MemFree:          157552 kB
MemAvailable:    1391608 kB
Buffers:           92720 kB
Cached:          1169872 kB
MemTotal:        1844596 kB
MemFree:          157440 kB
MemAvailable:    1391496 kB
Buffers:           92720 kB
Cached:          1169872 kB
MemTotal:        1844596 kB
MemFree:          157428 kB
MemAvailable:    1391484 kB
Buffers:           92720 kB
Cached:          1169872 kB
MemTotal:        1844596 kB
MemFree:          157680 kB
MemAvailable:    1391736 kB
Buffers:           92720 kB
Cached:          1169872 kB
MemTotal:        1844596 kB
MemFree:          156064 kB
MemAvailable:    1390120 kB
Buffers:           92720 kB
Cached:          1169872 kB
MemTotal:        1844596 kB
MemFree:          155948 kB
MemAvailable:    1390004 kB
Buffers:           92720 kB
Cached:          1169872 kB
MemTotal:        1844596 kB
MemFree:          155760 kB
MemAvailable:    1389816 kB
Buffers:           92720 kB
Cached:          1169872 kB
MemTotal:        1844596 kB
MemFree:          153344 kB
MemAvailable:    1387400 kB
Buffers:           92720 kB
Cached:          1169872 kB
MemTotal:        1844596 kB
MemFree:          150916 kB
MemAvailable:    1384972 kB
Buffers:           92720 kB
Cached:          1169872 kB
MemTotal:        1844596 kB
MemFree:          147260 kB
MemAvailable:    1381316 kB
Buffers:           92720 kB
Cached:          1169872 kB
MemTotal:        1844596 kB
MemFree:          146656 kB
MemAvailable:    1380712 kB
Buffers:           92720 kB
Cached:          1169872 kB
MemTotal:        1844596 kB
MemFree:          143176 kB
MemAvailable:    1377232 kB
Buffers:           92720 kB
Cached:          1169872 kB
MemTotal:        1844596 kB
MemFree:          140884 kB
MemAvailable:    1374940 kB
Buffers:           92720 kB
Cached:          1169872 kB
MemTotal:        1844596 kB
MemFree:          139032 kB
MemAvailable:    1373088 kB
Buffers:           92720 kB
Cached:          1169872 kB
MemTotal:        1844596 kB
MemFree:          134488 kB
MemAvailable:    1368544 kB
Buffers:           92720 kB
Cached:          1169872 kB
MemTotal:        1844596 kB
MemFree:          134380 kB
MemAvailable:    1368436 kB
Buffers:           92720 kB
Cached:          1169872 kB
MemTotal:        1844596 kB
MemFree:          131884 kB
MemAvailable:    1365940 kB
Buffers:           92720 kB
Cached:          1169872 kB
MemTotal:        1844596 kB
MemFree:          131156 kB
MemAvailable:    1365212 kB
Buffers:           92720 kB
Cached:          1169872 kB
MemTotal:        1844596 kB
MemFree:          128048 kB
MemAvailable:    1362104 kB
Buffers:           92720 kB
Cached:          1169872 kB
MemTotal:        1844596 kB
MemFree:          127676 kB
MemAvailable:    1361732 kB
Buffers:           92720 kB
Cached:          1169872 kB
MemTotal:        1844596 kB
MemFree:          125568 kB
MemAvailable:    1359624 kB
Buffers:           92720 kB
Cached:          1169872 kB
MemTotal:        1844596 kB
MemFree:          126808 kB
MemAvailable:    1360864 kB
Buffers:           92720 kB
Cached:          1169872 kB
MemTotal:        1844596 kB
MemFree:          126064 kB
MemAvailable:    1360120 kB
Buffers:           92720 kB
Cached:          1169872 kB
MemTotal:        1844596 kB
MemFree:          126492 kB
MemAvailable:    1360548 kB
Buffers:           92720 kB
Cached:          1169872 kB
MemTotal:        1844596 kB
MemFree:          126312 kB
MemAvailable:    1360368 kB
Buffers:           92720 kB
Cached:          1169872 kB
MemTotal:        1844596 kB
MemFree:          125432 kB
MemAvailable:    1359488 kB
Buffers:           92720 kB
Cached:          1169872 kB
MemTotal:        1844596 kB
MemFree:          125292 kB
MemAvailable:    1359348 kB
Buffers:           92720 kB
Cached:          1169872 kB
MemTotal:        1844596 kB
MemFree:          126492 kB
MemAvailable:    1360548 kB
Buffers:           92720 kB
Cached:          1169872 kB
MemTotal:        1844596 kB
MemFree:          125948 kB
MemAvailable:    1360004 kB
Buffers:           92720 kB
Cached:          1169872 kB
MemTotal:        1844596 kB
MemFree:          125692 kB
MemAvailable:    1359748 kB
Buffers:           92720 kB
Cached:          1169872 kB
MemTotal:        1844596 kB
MemFree:          124444 kB
MemAvailable:    1358500 kB
Buffers:           92720 kB
Cached:          1169872 kB
MemTotal:        1844596 kB
MemFree:          125656 kB
MemAvailable:    1359712 kB
Buffers:           92720 kB
Cached:          1169872 kB
MemTotal:        1844596 kB
MemFree:          124576 kB
MemAvailable:    1358632 kB
Buffers:           92720 kB
Cached:          1169872 kB
MemTotal:        1844596 kB
MemFree:          124024 kB
MemAvailable:    1358080 kB
Buffers:           92720 kB
Cached:          1169872 kB
MemTotal:        1844596 kB
MemFree:          125392 kB
MemAvailable:    1359448 kB
Buffers:           92720 kB
Cached:          1169872 kB
MemTotal:        1844596 kB
MemFree:          125196 kB
MemAvailable:    1359252 kB
Buffers:           92720 kB
Cached:          1169872 kB
MemTotal:        1844596 kB
MemFree:          124020 kB
MemAvailable:    1358076 kB
Buffers:           92720 kB
Cached:          1169872 kB
MemTotal:        1844596 kB
MemFree:          124012 kB
MemAvailable:    1358068 kB
Buffers:           92720 kB
Cached:          1169872 kB
MemTotal:        1844596 kB
MemFree:          125012 kB
MemAvailable:    1359068 kB
Buffers:           92720 kB
Cached:          1169872 kB
MemTotal:        1844596 kB
MemFree:          124628 kB
MemAvailable:    1358684 kB
Buffers:           92720 kB
Cached:          1169872 kB
MemTotal:        1844596 kB
MemFree:          122964 kB
MemAvailable:    1357020 kB
Buffers:           92720 kB
Cached:          1169872 kB
MemTotal:        1844596 kB
MemFree:          123768 kB
MemAvailable:    1357824 kB
Buffers:           92720 kB
Cached:          1169872 kB
MemTotal:        1844596 kB
MemFree:          122948 kB
MemAvailable:    1357004 kB
Buffers:           92720 kB
Cached:          1169872 kB
MemTotal:        1844596 kB
MemFree:          123200 kB
MemAvailable:    1357256 kB
Buffers:           92720 kB
Cached:          1169872 kB
MemTotal:        1844596 kB
MemFree:          122576 kB
MemAvailable:    1356632 kB
Buffers:           92720 kB
Cached:          1169872 kB
MemTotal:        1844596 kB
MemFree:          122096 kB
MemAvailable:    1356152 kB
Buffers:           92720 kB
Cached:          1169872 kB
MemTotal:        1844596 kB
MemFree:          121088 kB
MemAvailable:    1355144 kB
Buffers:           92720 kB
Cached:          1169872 kB
MemTotal:        1844596 kB
MemFree:          122328 kB
MemAvailable:    1356384 kB
Buffers:           92720 kB
Cached:          1169872 kB
MemTotal:        1844596 kB
MemFree:          122272 kB
MemAvailable:    1356328 kB
Buffers:           92720 kB
Cached:          1169872 kB
MemTotal:        1844596 kB
MemFree:          121848 kB
MemAvailable:    1355904 kB
Buffers:           92720 kB
Cached:          1169872 kB
MemTotal:        1844596 kB
MemFree:          122408 kB
MemAvailable:    1356468 kB
Buffers:           92720 kB
Cached:          1169876 kB
MemTotal:        1844596 kB
MemFree:          122352 kB
MemAvailable:    1356412 kB
Buffers:           92720 kB
Cached:          1169876 kB
MemTotal:        1844596 kB
MemFree:          121096 kB
MemAvailable:    1355156 kB
Buffers:           92720 kB
Cached:          1169876 kB
MemTotal:        1844596 kB
MemFree:          122396 kB
MemAvailable:    1356464 kB
Buffers:           92720 kB
Cached:          1169884 kB
MemTotal:        1844596 kB
MemFree:          122420 kB
MemAvailable:    1356488 kB
Buffers:           92720 kB
Cached:          1169884 kB
MemTotal:        1844596 kB
MemFree:          121600 kB
MemAvailable:    1355668 kB
Buffers:           92720 kB
Cached:          1169884 kB
MemTotal:        1844596 kB
MemFree:          122840 kB
MemAvailable:    1356908 kB
Buffers:           92720 kB
Cached:          1169884 kB
MemTotal:        1844596 kB
MemFree:          122900 kB
MemAvailable:    1356968 kB
Buffers:           92720 kB
Cached:          1169884 kB
MemTotal:        1844596 kB
MemFree:          122776 kB
MemAvailable:    1356844 kB
Buffers:           92720 kB
Cached:          1169884 kB
MemTotal:        1844596 kB
MemFree:          121220 kB
MemAvailable:    1355288 kB
Buffers:           92720 kB
Cached:          1169884 kB
MemTotal:        1844596 kB
MemFree:          121468 kB
MemAvailable:    1355536 kB
Buffers:           92720 kB
Cached:          1169884 kB
MemTotal:        1844596 kB
MemFree:          122568 kB
MemAvailable:    1356636 kB
Buffers:           92720 kB
Cached:          1169884 kB
MemTotal:        1844596 kB
MemFree:          121848 kB
MemAvailable:    1355916 kB
Buffers:           92720 kB
Cached:          1169884 kB
MemTotal:        1844596 kB
MemFree:          122412 kB
MemAvailable:    1356480 kB
Buffers:           92720 kB
Cached:          1169884 kB
MemTotal:        1844596 kB
MemFree:          121292 kB
MemAvailable:    1355360 kB
Buffers:           92720 kB
Cached:          1169884 kB
MemTotal:        1844596 kB
MemFree:          122276 kB
MemAvailable:    1356344 kB
Buffers:           92720 kB
Cached:          1169884 kB
MemTotal:        1844596 kB
MemFree:          121160 kB
MemAvailable:    1355228 kB
Buffers:           92720 kB
Cached:          1169884 kB
MemTotal:        1844596 kB
MemFree:          122396 kB
MemAvailable:    1356464 kB
Buffers:           92720 kB
Cached:          1169884 kB
MemTotal:        1844596 kB
MemFree:          122492 kB
MemAvailable:    1356560 kB
Buffers:           92720 kB
Cached:          1169884 kB
MemTotal:        1844596 kB
MemFree:          122556 kB
MemAvailable:    1356624 kB
Buffers:           92720 kB
Cached:          1169884 kB
MemTotal:        1844596 kB
MemFree:          122176 kB
MemAvailable:    1356244 kB
Buffers:           92720 kB
Cached:          1169884 kB
MemTotal:        1844596 kB
MemFree:          122552 kB
MemAvailable:    1356620 kB
Buffers:           92720 kB
Cached:          1169884 kB
MemTotal:        1844596 kB
MemFree:          121096 kB
MemAvailable:    1355164 kB
Buffers:           92720 kB
Cached:          1169884 kB
MemTotal:        1844596 kB
MemFree:          122272 kB
MemAvailable:    1356340 kB
Buffers:           92720 kB
Cached:          1169884 kB
MemTotal:        1844596 kB
MemFree:          121220 kB
MemAvailable:    1355288 kB
Buffers:           92720 kB
Cached:          1169884 kB
MemTotal:        1844596 kB
MemFree:          122404 kB
MemAvailable:    1356472 kB
Buffers:           92720 kB
Cached:          1169884 kB
MemTotal:        1844596 kB
MemFree:          122404 kB
MemAvailable:    1356472 kB
Buffers:           92720 kB
Cached:          1169884 kB
MemTotal:        1844596 kB
MemFree:          122340 kB
MemAvailable:    1356408 kB
Buffers:           92720 kB
Cached:          1169884 kB
MemTotal:        1844596 kB
MemFree:          122468 kB
MemAvailable:    1356536 kB
Buffers:           92720 kB
Cached:          1169884 kB
MemTotal:        1844596 kB
MemFree:          121476 kB
MemAvailable:    1355544 kB
Buffers:           92720 kB
Cached:          1169884 kB
MemTotal:        1844596 kB
MemFree:          122272 kB
MemAvailable:    1356340 kB
Buffers:           92720 kB
Cached:          1169884 kB
MemTotal:        1844596 kB
MemFree:          122080 kB
MemAvailable:    1356148 kB
Buffers:           92720 kB
Cached:          1169884 kB
MemTotal:        1844596 kB
MemFree:          121036 kB
MemAvailable:    1355104 kB
Buffers:           92720 kB
Cached:          1169884 kB
MemTotal:        1844596 kB
MemFree:          121036 kB
MemAvailable:    1355104 kB
Buffers:           92720 kB
Cached:          1169884 kB
MemTotal:        1844596 kB
MemFree:          116144 kB
MemAvailable:    1350212 kB
Buffers:           92720 kB
Cached:          1169884 kB
MemTotal:        1844596 kB
MemFree:          115948 kB
MemAvailable:    1350016 kB
Buffers:           92720 kB
Cached:          1169884 kB
MemTotal:        1844596 kB
MemFree:          114912 kB
MemAvailable:    1348980 kB
Buffers:           92720 kB
Cached:          1169884 kB
MemTotal:        1844596 kB
MemFree:          115724 kB
MemAvailable:    1349792 kB
Buffers:           92720 kB
Cached:          1169884 kB
MemTotal:        1844596 kB
MemFree:          115724 kB
MemAvailable:    1349792 kB
Buffers:           92720 kB
Cached:          1169884 kB
MemTotal:        1844596 kB
MemFree:          114484 kB
MemAvailable:    1348552 kB
Buffers:           92720 kB
Cached:          1169884 kB
MemTotal:        1844596 kB
MemFree:          114484 kB
MemAvailable:    1348552 kB
Buffers:           92720 kB
Cached:          1169884 kB
MemTotal:        1844596 kB
MemFree:          114520 kB
MemAvailable:    1348588 kB
Buffers:           92720 kB
Cached:          1169884 kB
MemTotal:        1844596 kB
MemFree:          115820 kB
MemAvailable:    1349888 kB
Buffers:           92720 kB
Cached:          1169884 kB
MemTotal:        1844596 kB
MemFree:          114512 kB
MemAvailable:    1348580 kB
Buffers:           92720 kB
Cached:          1169884 kB
MemTotal:        1844596 kB
MemFree:          114596 kB
MemAvailable:    1348664 kB
Buffers:           92720 kB
Cached:          1169884 kB
MemTotal:        1844596 kB
MemFree:          115580 kB
MemAvailable:    1349648 kB
Buffers:           92724 kB
Cached:          1170004 kB
MemTotal:        1844596 kB
MemFree:          115580 kB
MemAvailable:    1349648 kB
Buffers:           92724 kB
Cached:          1170004 kB
MemTotal:        1844596 kB
MemFree:          115576 kB
MemAvailable:    1349728 kB
Buffers:           92724 kB
Cached:          1170128 kB
MemTotal:        1844596 kB
MemFree:          114144 kB
MemAvailable:    1348380 kB
Buffers:           92724 kB
Cached:          1170252 kB
MemTotal:        1844596 kB
MemFree:          115244 kB
MemAvailable:    1349732 kB
Buffers:           92724 kB
Cached:          1170376 kB
MemTotal:        1844596 kB
MemFree:          115152 kB
MemAvailable:    1349640 kB
Buffers:           92724 kB
Cached:          1170376 kB
MemTotal:        1844596 kB
MemFree:          115096 kB
MemAvailable:    1349752 kB
Buffers:           92724 kB
Cached:          1170376 kB
MemTotal:        1844596 kB
MemFree:          115068 kB
MemAvailable:    1349724 kB
Buffers:           92724 kB
Cached:          1170376 kB
MemTotal:        1844596 kB
MemFree:          114044 kB
MemAvailable:    1348700 kB
Buffers:           92724 kB
Cached:          1170500 kB
MemTotal:        1844596 kB
MemFree:          115020 kB
MemAvailable:    1349676 kB
Buffers:           92724 kB
Cached:          1170500 kB
MemTotal:        1844596 kB
MemFree:          115152 kB
MemAvailable:    1349808 kB
Buffers:           92724 kB
Cached:          1170500 kB
MemTotal:        1844596 kB
MemFree:          115072 kB
MemAvailable:    1349728 kB
Buffers:           92724 kB
Cached:          1170500 kB
MemTotal:        1844596 kB
MemFree:          114292 kB
MemAvailable:    1348948 kB
Buffers:           92724 kB
Cached:          1170500 kB
MemTotal:        1844596 kB
MemFree:          115328 kB
MemAvailable:    1350048 kB
Buffers:           92724 kB
Cached:          1170484 kB
MemTotal:        1844596 kB
MemFree:          115004 kB
MemAvailable:    1349808 kB
Buffers:           92724 kB
Cached:          1170608 kB
MemTotal:        1844596 kB
MemFree:          115088 kB
MemAvailable:    1349892 kB
Buffers:           92724 kB
Cached:          1170608 kB
MemTotal:        1844596 kB
MemFree:          114196 kB
MemAvailable:    1348328 kB
Buffers:           92724 kB
Cached:          1169892 kB
MemTotal:        1844596 kB
MemFree:          162884 kB
MemAvailable:    1397016 kB
Buffers:           92724 kB
Cached:          1169892 kB
MemTotal:        1844596 kB
MemFree:          192392 kB
MemAvailable:    1426524 kB
Buffers:           92724 kB
Cached:          1169892 kB
MemTotal:        1844596 kB
MemFree:          311592 kB
MemAvailable:    1545724 kB
Buffers:           92724 kB
Cached:          1169892 kB
