MemTotal:        1844596 kB
MemFree:          682036 kB
MemAvailable:    1548232 kB
Buffers:           89768 kB
Cached:           799424 kB
MemTotal:        1844596 kB
MemFree:          654152 kB
MemAvailable:    1520352 kB
Buffers:           89768 kB
Cached:           799428 kB
MemTotal:        1844596 kB
MemFree:          653640 kB
MemAvailable:    1519840 kB
Buffers:           89768 kB
Cached:           799428 kB
MemTotal:        1844596 kB
MemFree:          652028 kB
MemAvailable:    1518228 kB
Buffers:           89768 kB
Cached:           799428 kB
MemTotal:        1844596 kB
MemFree:          650872 kB
MemAvailable:    1517072 kB
Buffers:           89768 kB
Cached:           799428 kB
MemTotal:        1844596 kB
MemFree:          650556 kB
MemAvailable:    1516756 kB
Buffers:           89768 kB
Cached:           799428 kB
MemTotal:        1844596 kB
MemFree:          650664 kB
MemAvailable:    1516864 kB
Buffers:           89768 kB
Cached:           799428 kB
MemTotal:        1844596 kB
MemFree:          648944 kB
MemAvailable:    1515144 kB
Buffers:           89768 kB
Cached:           799428 kB
MemTotal:        1844596 kB
MemFree:          647464 kB
MemAvailable:    1513664 kB
Buffers:           89768 kB
Cached:           799428 kB
MemTotal:        1844596 kB
MemFree:          641208 kB
MemAvailable:    1507408 kB
Buffers:           89768 kB
Cached:           799428 kB
MemTotal:        1844596 kB
MemFree:          641264 kB
MemAvailable:    1507464 kB
Buffers:           89768 kB
Cached:           799428 kB
MemTotal:        1844596 kB
MemFree:          642248 kB
MemAvailable:    1508448 kB
Buffers:           89768 kB
Cached:           799428 kB
MemTotal:        1844596 kB
MemFree:          642240 kB
MemAvailable:    1508440 kB
Buffers:           89768 kB
Cached:           799428 kB
MemTotal:        1844596 kB
MemFree:          642240 kB
MemAvailable:    1508440 kB
Buffers:           89768 kB
Cached:           799428 kB
MemTotal:        1844596 kB
MemFree:          642200 kB
MemAvailable:    1508400 kB
Buffers:           89768 kB
Cached:           799428 kB
MemTotal:        1844596 kB
MemFree:          640952 kB
MemAvailable:    1507152 kB
Buffers:           89768 kB
Cached:           799428 kB
MemTotal:        1844596 kB
MemFree:          640952 kB
MemAvailable:    1507152 kB
Buffers:           89768 kB
Cached:           799428 kB
MemTotal:        1844596 kB
MemFree:          640696 kB
MemAvailable:    1506896 kB
Buffers:           89768 kB
Cached:           799428 kB
MemTotal:        1844596 kB
MemFree:          640696 kB
MemAvailable:    1506896 kB
Buffers:           89768 kB
Cached:           799428 kB
MemTotal:        1844596 kB
MemFree:          641812 kB
MemAvailable:    1508012 kB
Buffers:           89768 kB
Cached:           799428 kB
MemTotal:        1844596 kB
MemFree:          641480 kB
MemAvailable:    1507680 kB
Buffers:           89768 kB
Cached:           799428 kB
MemTotal:        1844596 kB
MemFree:          641732 kB
MemAvailable:    1507932 kB
Buffers:           89768 kB
Cached:           799428 kB
MemTotal:        1844596 kB
MemFree:          641116 kB
MemAvailable:    1507316 kB
Buffers:           89768 kB
Cached:           799428 kB
MemTotal:        1844596 kB
MemFree:          641116 kB
MemAvailable:    1507316 kB
Buffers:           89768 kB
Cached:           799428 kB
MemTotal:        1844596 kB
MemFree:          640820 kB
MemAvailable:    1507020 kB
Buffers:           89768 kB
Cached:           799428 kB
MemTotal:        1844596 kB
MemFree:          639596 kB
MemAvailable:    1505796 kB
Buffers:           89768 kB
Cached:           799428 kB
MemTotal:        1844596 kB
MemFree:          640448 kB
MemAvailable:    1506648 kB
Buffers:           89768 kB
Cached:           799428 kB
MemTotal:        1844596 kB
MemFree:          640256 kB
MemAvailable:    1506456 kB
Buffers:           89768 kB
Cached:           799428 kB
MemTotal:        1844596 kB
MemFree:          640064 kB
MemAvailable:    1506264 kB
Buffers:           89768 kB
Cached:           799428 kB
MemTotal:        1844596 kB
MemFree:          640400 kB
MemAvailable:    1506600 kB
Buffers:           89768 kB
Cached:           799428 kB
MemTotal:        1844596 kB
MemFree:          639248 kB
MemAvailable:    1505448 kB
Buffers:           89768 kB
Cached:           799428 kB
MemTotal:        1844596 kB
MemFree:          639332 kB
MemAvailable:    1505532 kB
Buffers:           89768 kB
Cached:           799428 kB
MemTotal:        1844596 kB
MemFree:          638084 kB
MemAvailable:    1504284 kB
Buffers:           89768 kB
Cached:           799428 kB
MemTotal:        1844596 kB
MemFree:          639144 kB
MemAvailable:    1505344 kB
Buffers:           89768 kB
Cached:           799428 kB
MemTotal:        1844596 kB
MemFree:          637836 kB
MemAvailable:    1504036 kB
Buffers:           89768 kB
Cached:           799428 kB
MemTotal:        1844596 kB
MemFree:          639376 kB
MemAvailable:    1505576 kB
Buffers:           89768 kB
Cached:           799428 kB
MemTotal:        1844596 kB
MemFree:          638280 kB
MemAvailable:    1504480 kB
Buffers:           89768 kB
Cached:           799428 kB
MemTotal:        1844596 kB
MemFree:          639132 kB
MemAvailable:    1505336 kB
Buffers:           89768 kB
Cached:           799428 kB
MemTotal:        1844596 kB
MemFree:          639272 kB
MemAvailable:    1505476 kB
Buffers:           89768 kB
Cached:           799428 kB
MemTotal:        1844596 kB
MemFree:          637472 kB
MemAvailable:    1503676 kB
Buffers:           89768 kB
Cached:           799428 kB
MemTotal:        1844596 kB
MemFree:          634248 kB
MemAvailable:    1500452 kB
Buffers:           89768 kB
Cached:           799428 kB
MemTotal:        1844596 kB
MemFree:          632816 kB
MemAvailable:    1499020 kB
Buffers:           89768 kB
Cached:           799428 kB
MemTotal:        1844596 kB
MemFree:          634000 kB
MemAvailable:    1500204 kB
Buffers:           89768 kB
Cached:           799428 kB
MemTotal:        1844596 kB
MemFree:          633760 kB
MemAvailable:    1499964 kB
Buffers:           89768 kB
Cached:           799428 kB
MemTotal:        1844596 kB
MemFree:          633700 kB
MemAvailable:    1499904 kB
Buffers:           89768 kB
Cached:           799428 kB
MemTotal:        1844596 kB
MemFree:          632452 kB
MemAvailable:    1498660 kB
Buffers:           89768 kB
Cached:           799432 kB
MemTotal:        1844596 kB
MemFree:          633512 kB
MemAvailable:    1499720 kB
Buffers:           89768 kB
Cached:           799432 kB
MemTotal:        1844596 kB
MemFree:          633764 kB
MemAvailable:    1499972 kB
Buffers:           89768 kB
Cached:           799432 kB
MemTotal:        1844596 kB
MemFree:          633140 kB
MemAvailable:    1499348 kB
Buffers:           89768 kB
Cached:           799432 kB
MemTotal:        1844596 kB
MemFree:          633284 kB
MemAvailable:    1499492 kB
Buffers:           89768 kB
Cached:           799432 kB
MemTotal:        1844596 kB
MemFree:          633264 kB
MemAvailable:    1499472 kB
Buffers:           89768 kB
Cached:           799432 kB
MemTotal:        1844596 kB
MemFree:          633296 kB
MemAvailable:    1499504 kB
Buffers:           89768 kB
Cached:           799432 kB
MemTotal:        1844596 kB
MemFree:          633380 kB
MemAvailable:    1499588 kB
Buffers:           89768 kB
Cached:           799432 kB
MemTotal:        1844596 kB
MemFree:          633488 kB
MemAvailable:    1499696 kB
Buffers:           89768 kB
Cached:           799432 kB
MemTotal:        1844596 kB
MemFree:          632700 kB
MemAvailable:    1498908 kB
Buffers:           89768 kB
Cached:           799432 kB
MemTotal:        1844596 kB
MemFree:          633140 kB
MemAvailable:    1499348 kB
Buffers:           89768 kB
Cached:           799432 kB
MemTotal:        1844596 kB
MemFree:          633224 kB
MemAvailable:    1499432 kB
Buffers:           89768 kB
Cached:           799432 kB
MemTotal:        1844596 kB
MemFree:          627244 kB
MemAvailable:    1493452 kB
Buffers:           89768 kB
Cached:           799432 kB
MemTotal:        1844596 kB
MemFree:          627676 kB
MemAvailable:    1493884 kB
Buffers:           89768 kB
Cached:           799432 kB
MemTotal:        1844596 kB
MemFree:          626128 kB
MemAvailable:    1492336 kB
Buffers:           89768 kB
Cached:           799432 kB
MemTotal:        1844596 kB
MemFree:          626856 kB
MemAvailable:    1493064 kB
Buffers:           89768 kB
Cached:           799432 kB
MemTotal:        1844596 kB
MemFree:          626856 kB
MemAvailable:    1493064 kB
Buffers:           89768 kB
Cached:           799432 kB
MemTotal:        1844596 kB
MemFree:          625508 kB
MemAvailable:    1491716 kB
Buffers:           89768 kB
Cached:           799432 kB
MemTotal:        1844596 kB
MemFree:          623772 kB
MemAvailable:    1489980 kB
Buffers:           89768 kB
Cached:           799432 kB
MemTotal:        1844596 kB
MemFree:          624816 kB
MemAvailable:    1491024 kB
Buffers:           89768 kB
Cached:           799432 kB
MemTotal:        1844596 kB
MemFree:          624832 kB
MemAvailable:    1491040 kB
Buffers:           89768 kB
Cached:           799432 kB
MemTotal:        1844596 kB
MemFree:          624576 kB
MemAvailable:    1490784 kB
Buffers:           89768 kB
Cached:           799432 kB
MemTotal:        1844596 kB
MemFree:          623336 kB
MemAvailable:    1489544 kB
Buffers:           89768 kB
Cached:           799432 kB
MemTotal:        1844596 kB
MemFree:          624628 kB
MemAvailable:    1490836 kB
Buffers:           89768 kB
Cached:           799432 kB
MemTotal:        1844596 kB
MemFree:          623532 kB
MemAvailable:    1489740 kB
Buffers:           89768 kB
Cached:           799432 kB
MemTotal:        1844596 kB
MemFree:          624500 kB
MemAvailable:    1490712 kB
Buffers:           89768 kB
Cached:           799436 kB
MemTotal:        1844596 kB
MemFree:          624268 kB
MemAvailable:    1490480 kB
Buffers:           89768 kB
Cached:           799436 kB
MemTotal:        1844596 kB
MemFree:          623468 kB
MemAvailable:    1489680 kB
Buffers:           89768 kB
Cached:           799436 kB
MemTotal:        1844596 kB
MemFree:          623344 kB
MemAvailable:    1489556 kB
Buffers:           89768 kB
Cached:           799436 kB
MemTotal:        1844596 kB
MemFree:          623344 kB
MemAvailable:    1489556 kB
Buffers:           89768 kB
Cached:           799436 kB
MemTotal:        1844596 kB
MemFree:          624644 kB
MemAvailable:    1490856 kB
Buffers:           89768 kB
Cached:           799436 kB
MemTotal:        1844596 kB
MemFree:          623212 kB
MemAvailable:    1489424 kB
Buffers:           89768 kB
Cached:           799436 kB
MemTotal:        1844596 kB
MemFree:          624512 kB
MemAvailable:    1490724 kB
Buffers:           89768 kB
Cached:           799436 kB
MemTotal:        1844596 kB
MemFree:          624380 kB
MemAvailable:    1490592 kB
Buffers:           89768 kB
Cached:           799436 kB
MemTotal:        1844596 kB
MemFree:          624176 kB
MemAvailable:    1490388 kB
Buffers:           89768 kB
Cached:           799436 kB
MemTotal:        1844596 kB
MemFree:          624176 kB
MemAvailable:    1490388 kB
Buffers:           89768 kB
Cached:           799436 kB
MemTotal:        1844596 kB
MemFree:          624128 kB
MemAvailable:    1490340 kB
Buffers:           89768 kB
Cached:           799436 kB
MemTotal:        1844596 kB
MemFree:          622888 kB
MemAvailable:    1489100 kB
Buffers:           89768 kB
Cached:           799436 kB
MemTotal:        1844596 kB
MemFree:          622408 kB
MemAvailable:    1488620 kB
Buffers:           89768 kB
Cached:           799436 kB
MemTotal:        1844596 kB
MemFree:          619556 kB
MemAvailable:    1485768 kB
Buffers:           89768 kB
Cached:           799436 kB
MemTotal:        1844596 kB
MemFree:          617384 kB
MemAvailable:    1483596 kB
Buffers:           89768 kB
Cached:           799436 kB
MemTotal:        1844596 kB
MemFree:          615092 kB
MemAvailable:    1481304 kB
Buffers:           89768 kB
Cached:           799436 kB
MemTotal:        1844596 kB
MemFree:          616252 kB
MemAvailable:    1482464 kB
Buffers:           89768 kB
Cached:           799436 kB
MemTotal:        1844596 kB
MemFree:          614960 kB
MemAvailable:    1481172 kB
Buffers:           89768 kB
Cached:           799436 kB
MemTotal:        1844596 kB
MemFree:          616168 kB
MemAvailable:    1482380 kB
Buffers:           89768 kB
Cached:           799436 kB
MemTotal:        1844596 kB
MemFree:          614836 kB
MemAvailable:    1481048 kB
Buffers:           89768 kB
Cached:           799436 kB
MemTotal:        1844596 kB
MemFree:          615668 kB
MemAvailable:    1481880 kB
Buffers:           89768 kB
Cached:           799436 kB
MemTotal:        1844596 kB
MemFree:          615580 kB
MemAvailable:    1481792 kB
Buffers:           89768 kB
Cached:           799436 kB
MemTotal:        1844596 kB
MemFree:          614160 kB
MemAvailable:    1480372 kB
Buffers:           89768 kB
Cached:           799436 kB
MemTotal:        1844596 kB
MemFree:          614536 kB
MemAvailable:    1480748 kB
Buffers:           89768 kB
Cached:           799436 kB
MemTotal:        1844596 kB
MemFree:          614156 kB
MemAvailable:    1480368 kB
Buffers:           89768 kB
Cached:           799436 kB
MemTotal:        1844596 kB
MemFree:          614280 kB
MemAvailable:    1480492 kB
Buffers:           89768 kB
Cached:           799436 kB
MemTotal:        1844596 kB
MemFree:          615580 kB
MemAvailable:    1481792 kB
Buffers:           89768 kB
Cached:           799436 kB
MemTotal:        1844596 kB
MemFree:          615508 kB
MemAvailable:    1481720 kB
Buffers:           89768 kB
Cached:           799436 kB
MemTotal:        1844596 kB
MemFree:          615596 kB
MemAvailable:    1481808 kB
Buffers:           89768 kB
Cached:           799436 kB
MemTotal:        1844596 kB
MemFree:          615456 kB
MemAvailable:    1481668 kB
Buffers:           89768 kB
Cached:           799436 kB
MemTotal:        1844596 kB
MemFree:          615572 kB
MemAvailable:    1481784 kB
Buffers:           89768 kB
Cached:           799436 kB
MemTotal:        1844596 kB
MemFree:          615092 kB
MemAvailable:    1481304 kB
Buffers:           89768 kB
Cached:           799436 kB
MemTotal:        1844596 kB
MemFree:          614336 kB
MemAvailable:    1480548 kB
Buffers:           89768 kB
Cached:           799436 kB
MemTotal:        1844596 kB
MemFree:          614452 kB
MemAvailable:    1480664 kB
Buffers:           89768 kB
Cached:           799436 kB
MemTotal:        1844596 kB
MemFree:          615588 kB
MemAvailable:    1481800 kB
Buffers:           89768 kB
Cached:           799436 kB
MemTotal:        1844596 kB
MemFree:          615508 kB
MemAvailable:    1481720 kB
Buffers:           89768 kB
Cached:           799436 kB
MemTotal:        1844596 kB
MemFree:          615760 kB
MemAvailable:    1481972 kB
Buffers:           89768 kB
Cached:           799436 kB
MemTotal:        1844596 kB
MemFree:          614292 kB
MemAvailable:    1480504 kB
Buffers:           89768 kB
Cached:           799436 kB
MemTotal:        1844596 kB
MemFree:          614292 kB
MemAvailable:    1480504 kB
Buffers:           89768 kB
Cached:           799436 kB
MemTotal:        1844596 kB
MemFree:          615592 kB
MemAvailable:    1481804 kB
Buffers:           89768 kB
Cached:           799436 kB
MemTotal:        1844596 kB
MemFree:          614720 kB
MemAvailable:    1480932 kB
Buffers:           89768 kB
Cached:           799436 kB
MemTotal:        1844596 kB
MemFree:          614588 kB
MemAvailable:    1480804 kB
Buffers:           89768 kB
Cached:           799440 kB
MemTotal:        1844596 kB
MemFree:          614720 kB
MemAvailable:    1480936 kB
Buffers:           89768 kB
Cached:           799440 kB
MemTotal:        1844596 kB
MemFree:          614336 kB
MemAvailable:    1480552 kB
Buffers:           89768 kB
Cached:           799440 kB
MemTotal:        1844596 kB
MemFree:          615576 kB
MemAvailable:    1481792 kB
Buffers:           89768 kB
Cached:           799440 kB
MemTotal:        1844596 kB
MemFree:          615588 kB
MemAvailable:    1481804 kB
Buffers:           89768 kB
Cached:           799440 kB
MemTotal:        1844596 kB
MemFree:          615680 kB
MemAvailable:    1481896 kB
Buffers:           89768 kB
Cached:           799440 kB
MemTotal:        1844596 kB
MemFree:          615516 kB
MemAvailable:    1481732 kB
Buffers:           89768 kB
Cached:           799440 kB
MemTotal:        1844596 kB
MemFree:          615648 kB
MemAvailable:    1481864 kB
Buffers:           89768 kB
Cached:           799440 kB
MemTotal:        1844596 kB
MemFree:          614976 kB
MemAvailable:    1481196 kB
Buffers:           89768 kB
Cached:           799444 kB
MemTotal:        1844596 kB
MemFree:          614224 kB
MemAvailable:    1480444 kB
Buffers:           89768 kB
Cached:           799444 kB
MemTotal:        1844596 kB
MemFree:          614348 kB
MemAvailable:    1480568 kB
Buffers:           89768 kB
Cached:           799444 kB
MemTotal:        1844596 kB
MemFree:          615216 kB
MemAvailable:    1481436 kB
Buffers:           89768 kB
Cached:           799444 kB
MemTotal:        1844596 kB
MemFree:          613664 kB
MemAvailable:    1479884 kB
Buffers:           89768 kB
Cached:           799444 kB
MemTotal:        1844596 kB
MemFree:          611496 kB
MemAvailable:    1477716 kB
Buffers:           89768 kB
Cached:           799444 kB
MemTotal:        1844596 kB
MemFree:          605908 kB
MemAvailable:    1472128 kB
Buffers:           89768 kB
Cached:           799444 kB
MemTotal:        1844596 kB
MemFree:          604932 kB
MemAvailable:    1471152 kB
Buffers:           89768 kB
Cached:           799444 kB
MemTotal:        1844596 kB
MemFree:          605048 kB
MemAvailable:    1471268 kB
Buffers:           89768 kB
Cached:           799444 kB
MemTotal:        1844596 kB
MemFree:          603552 kB
MemAvailable:    1469772 kB
Buffers:           89768 kB
Cached:           799444 kB
MemTotal:        1844596 kB
MemFree:          603800 kB
MemAvailable:    1470020 kB
Buffers:           89768 kB
Cached:           799444 kB
MemTotal:        1844596 kB
MemFree:          603540 kB
MemAvailable:    1469760 kB
Buffers:           89768 kB
Cached:           799444 kB
MemTotal:        1844596 kB
MemFree:          604732 kB
MemAvailable:    1470952 kB
Buffers:           89768 kB
Cached:           799444 kB
MemTotal:        1844596 kB
MemFree:          604436 kB
MemAvailable:    1470656 kB
Buffers:           89768 kB
Cached:           799444 kB
MemTotal:        1844596 kB
MemFree:          604860 kB
MemAvailable:    1471080 kB
Buffers:           89768 kB
Cached:           799444 kB
MemTotal:        1844596 kB
MemFree:          604064 kB
MemAvailable:    1470284 kB
Buffers:           89768 kB
Cached:           799444 kB
MemTotal:        1844596 kB
MemFree:          604736 kB
MemAvailable:    1470956 kB
Buffers:           89768 kB
Cached:           799444 kB
MemTotal:        1844596 kB
MemFree:          604420 kB
MemAvailable:    1470640 kB
Buffers:           89768 kB
Cached:           799444 kB
MemTotal:        1844596 kB
MemFree:          604716 kB
MemAvailable:    1470936 kB
Buffers:           89768 kB
Cached:           799444 kB
MemTotal:        1844596 kB
MemFree:          603492 kB
MemAvailable:    1469712 kB
Buffers:           89768 kB
Cached:           799444 kB
MemTotal:        1844596 kB
MemFree:          604764 kB
MemAvailable:    1470984 kB
Buffers:           89768 kB
Cached:           799444 kB
MemTotal:        1844596 kB
MemFree:          605004 kB
MemAvailable:    1471224 kB
Buffers:           89768 kB
Cached:           799444 kB
MemTotal:        1844596 kB
MemFree:          604680 kB
MemAvailable:    1470900 kB
Buffers:           89768 kB
Cached:           799444 kB
MemTotal:        1844596 kB
MemFree:          604808 kB
MemAvailable:    1471028 kB
Buffers:           89768 kB
Cached:           799444 kB
MemTotal:        1844596 kB
MemFree:          603544 kB
MemAvailable:    1469764 kB
Buffers:           89768 kB
Cached:           799444 kB
MemTotal:        1844596 kB
MemFree:          603520 kB
MemAvailable:    1469740 kB
Buffers:           89768 kB
Cached:           799444 kB
MemTotal:        1844596 kB
MemFree:          603380 kB
MemAvailable:    1469600 kB
Buffers:           89768 kB
Cached:           799444 kB
MemTotal:        1844596 kB
MemFree:          603684 kB
MemAvailable:    1469904 kB
Buffers:           89768 kB
Cached:           799444 kB
MemTotal:        1844596 kB
MemFree:          603436 kB
MemAvailable:    1469656 kB
Buffers:           89768 kB
Cached:           799444 kB
MemTotal:        1844596 kB
MemFree:          604904 kB
MemAvailable:    1471124 kB
Buffers:           89768 kB
Cached:           799444 kB
MemTotal:        1844596 kB
MemFree:          604744 kB
MemAvailable:    1470964 kB
Buffers:           89768 kB
Cached:           799444 kB
MemTotal:        1844596 kB
MemFree:          603516 kB
MemAvailable:    1469736 kB
Buffers:           89768 kB
Cached:           799444 kB
MemTotal:        1844596 kB
MemFree:          604552 kB
MemAvailable:    1470772 kB
Buffers:           89768 kB
Cached:           799444 kB
MemTotal:        1844596 kB
MemFree:          603384 kB
MemAvailable:    1469604 kB
Buffers:           89768 kB
Cached:           799444 kB
MemTotal:        1844596 kB
MemFree:          603376 kB
MemAvailable:    1469596 kB
Buffers:           89768 kB
Cached:           799444 kB
MemTotal:        1844596 kB
MemFree:          604684 kB
MemAvailable:    1470904 kB
Buffers:           89768 kB
Cached:           799444 kB
MemTotal:        1844596 kB
MemFree:          604908 kB
MemAvailable:    1471128 kB
Buffers:           89768 kB
Cached:           799444 kB
MemTotal:        1844596 kB
MemFree:          604668 kB
MemAvailable:    1470888 kB
Buffers:           89768 kB
Cached:           799444 kB
MemTotal:        1844596 kB
MemFree:          604188 kB
MemAvailable:    1470408 kB
Buffers:           89768 kB
Cached:           799444 kB
MemTotal:        1844596 kB
MemFree:          604628 kB
MemAvailable:    1470848 kB
Buffers:           89768 kB
Cached:           799444 kB
MemTotal:        1844596 kB
MemFree:          604936 kB
MemAvailable:    1471156 kB
Buffers:           89768 kB
Cached:           799444 kB
MemTotal:        1844596 kB
MemFree:          604492 kB
MemAvailable:    1470712 kB
Buffers:           89768 kB
Cached:           799444 kB
MemTotal:        1844596 kB
MemFree:          603436 kB
MemAvailable:    1469656 kB
Buffers:           89768 kB
Cached:           799444 kB
MemTotal:        1844596 kB
MemFree:          603636 kB
MemAvailable:    1469856 kB
Buffers:           89768 kB
Cached:           799444 kB
MemTotal:        1844596 kB
MemFree:          603560 kB
MemAvailable:    1469780 kB
Buffers:           89768 kB
Cached:           799444 kB
MemTotal:        1844596 kB
MemFree:          604792 kB
MemAvailable:    1471012 kB
Buffers:           89768 kB
Cached:           799444 kB
MemTotal:        1844596 kB
MemFree:          604792 kB
MemAvailable:    1471012 kB
Buffers:           89768 kB
Cached:           799444 kB
MemTotal:        1844596 kB
MemFree:          604680 kB
MemAvailable:    1470900 kB
Buffers:           89768 kB
Cached:           799444 kB
MemTotal:        1844596 kB
MemFree:          604532 kB
MemAvailable:    1470752 kB
Buffers:           89768 kB
Cached:           799444 kB
MemTotal:        1844596 kB
MemFree:          603892 kB
MemAvailable:    1470112 kB
Buffers:           89768 kB
Cached:           799444 kB
MemTotal:        1844596 kB
MemFree:          603376 kB
MemAvailable:    1469596 kB
Buffers:           89768 kB
Cached:           799444 kB
MemTotal:        1844596 kB
MemFree:          604612 kB
MemAvailable:    1470832 kB
Buffers:           89768 kB
Cached:           799444 kB
MemTotal:        1844596 kB
MemFree:          604536 kB
MemAvailable:    1470756 kB
Buffers:           89768 kB
Cached:           799444 kB
MemTotal:        1844596 kB
MemFree:          604872 kB
MemAvailable:    1471092 kB
Buffers:           89768 kB
Cached:           799444 kB
MemTotal:        1844596 kB
MemFree:          604552 kB
MemAvailable:    1470772 kB
Buffers:           89768 kB
Cached:           799444 kB
MemTotal:        1844596 kB
MemFree:          603320 kB
MemAvailable:    1469540 kB
Buffers:           89768 kB
Cached:           799444 kB
MemTotal:        1844596 kB
MemFree:          603792 kB
MemAvailable:    1470020 kB
Buffers:           89768 kB
Cached:           799452 kB
MemTotal:        1844596 kB
MemFree:          603560 kB
MemAvailable:    1469788 kB
Buffers:           89768 kB
Cached:           799452 kB
MemTotal:        1844596 kB
MemFree:          603724 kB
MemAvailable:    1469952 kB
Buffers:           89768 kB
Cached:           799452 kB
MemTotal:        1844596 kB
MemFree:          603492 kB
MemAvailable:    1469720 kB
Buffers:           89768 kB
Cached:           799452 kB
MemTotal:        1844596 kB
MemFree:          603748 kB
MemAvailable:    1469976 kB
Buffers:           89768 kB
Cached:           799452 kB
MemTotal:        1844596 kB
MemFree:          602120 kB
MemAvailable:    1468348 kB
Buffers:           89768 kB
Cached:           799452 kB
MemTotal:        1844596 kB
MemFree:          603348 kB
MemAvailable:    1469576 kB
Buffers:           89768 kB
Cached:           799452 kB
MemTotal:        1844596 kB
MemFree:          603600 kB
MemAvailable:    1469828 kB
Buffers:           89768 kB
Cached:           799452 kB
MemTotal:        1844596 kB
MemFree:          602284 kB
MemAvailable:    1468512 kB
Buffers:           89768 kB
Cached:           799452 kB
MemTotal:        1844596 kB
MemFree:          602196 kB
MemAvailable:    1468424 kB
Buffers:           89768 kB
Cached:           799452 kB
MemTotal:        1844596 kB
MemFree:          603316 kB
MemAvailable:    1469544 kB
Buffers:           89768 kB
Cached:           799452 kB
MemTotal:        1844596 kB
MemFree:          601892 kB
MemAvailable:    1468120 kB
Buffers:           89768 kB
Cached:           799452 kB
MemTotal:        1844596 kB
MemFree:          603132 kB
MemAvailable:    1469360 kB
Buffers:           89768 kB
Cached:           799452 kB
MemTotal:        1844596 kB
MemFree:          601884 kB
MemAvailable:    1468112 kB
Buffers:           89768 kB
Cached:           799452 kB
MemTotal:        1844596 kB
MemFree:          602064 kB
MemAvailable:    1468292 kB
Buffers:           89768 kB
Cached:           799452 kB
MemTotal:        1844596 kB
MemFree:          602196 kB
MemAvailable:    1468424 kB
Buffers:           89768 kB
Cached:           799452 kB
MemTotal:        1844596 kB
MemFree:          602444 kB
MemAvailable:    1468672 kB
Buffers:           89768 kB
Cached:           799452 kB
MemTotal:        1844596 kB
MemFree:          603048 kB
MemAvailable:    1469276 kB
Buffers:           89768 kB
Cached:           799452 kB
MemTotal:        1844596 kB
MemFree:          603300 kB
MemAvailable:    1469528 kB
Buffers:           89768 kB
Cached:           799452 kB
MemTotal:        1844596 kB
MemFree:          603128 kB
MemAvailable:    1469356 kB
Buffers:           89768 kB
Cached:           799452 kB
MemTotal:        1844596 kB
MemFree:          602824 kB
MemAvailable:    1469052 kB
Buffers:           89768 kB
Cached:           799452 kB
MemTotal:        1844596 kB
MemFree:          601648 kB
MemAvailable:    1467876 kB
Buffers:           89768 kB
Cached:           799452 kB
MemTotal:        1844596 kB
MemFree:          601772 kB
MemAvailable:    1468000 kB
Buffers:           89768 kB
Cached:           799452 kB
MemTotal:        1844596 kB
MemFree:          603116 kB
MemAvailable:    1469344 kB
Buffers:           89768 kB
Cached:           799452 kB
MemTotal:        1844596 kB
MemFree:          601676 kB
MemAvailable:    1467904 kB
Buffers:           89768 kB
Cached:           799452 kB
MemTotal:        1844596 kB
MemFree:          598972 kB
MemAvailable:    1465200 kB
Buffers:           89768 kB
Cached:           799452 kB
MemTotal:        1844596 kB
MemFree:          596056 kB
MemAvailable:    1462284 kB
Buffers:           89768 kB
Cached:           799452 kB
MemTotal:        1844596 kB
MemFree:          592136 kB
MemAvailable:    1458364 kB
Buffers:           89768 kB
Cached:           799452 kB
MemTotal:        1844596 kB
MemFree:          591780 kB
MemAvailable:    1458008 kB
Buffers:           89768 kB
Cached:           799452 kB
MemTotal:        1844596 kB
MemFree:          590408 kB
MemAvailable:    1456636 kB
Buffers:           89768 kB
Cached:           799452 kB
MemTotal:        1844596 kB
MemFree:          591772 kB
MemAvailable:    1458000 kB
Buffers:           89768 kB
Cached:           799452 kB
MemTotal:        1844596 kB
MemFree:          590648 kB
MemAvailable:    1456876 kB
Buffers:           89768 kB
Cached:           799452 kB
MemTotal:        1844596 kB
MemFree:          590116 kB
MemAvailable:    1456344 kB
Buffers:           89768 kB
Cached:           799452 kB
MemTotal:        1844596 kB
MemFree:          590756 kB
MemAvailable:    1456984 kB
Buffers:           89768 kB
Cached:           799452 kB
MemTotal:        1844596 kB
MemFree:          590656 kB
MemAvailable:    1456884 kB
Buffers:           89768 kB
Cached:           799452 kB
MemTotal:        1844596 kB
MemFree:          590724 kB
MemAvailable:    1456952 kB
Buffers:           89768 kB
Cached:           799452 kB
MemTotal:        1844596 kB
MemFree:          589920 kB
MemAvailable:    1456148 kB
Buffers:           89768 kB
Cached:           799452 kB
MemTotal:        1844596 kB
MemFree:          588556 kB
MemAvailable:    1454784 kB
Buffers:           89768 kB
Cached:           799452 kB
MemTotal:        1844596 kB
MemFree:          588672 kB
MemAvailable:    1454900 kB
Buffers:           89768 kB
Cached:           799452 kB
MemTotal:        1844596 kB
MemFree:          588928 kB
MemAvailable:    1455156 kB
Buffers:           89768 kB
Cached:           799452 kB
MemTotal:        1844596 kB
MemFree:          588044 kB
MemAvailable:    1454272 kB
Buffers:           89768 kB
Cached:           799452 kB
MemTotal:        1844596 kB
MemFree:          587564 kB
MemAvailable:    1453792 kB
Buffers:           89768 kB
Cached:           799452 kB
MemTotal:        1844596 kB
MemFree:          586640 kB
MemAvailable:    1452868 kB
Buffers:           89768 kB
Cached:           799452 kB
MemTotal:        1844596 kB
MemFree:          587932 kB
MemAvailable:    1454160 kB
Buffers:           89768 kB
Cached:           799452 kB
MemTotal:        1844596 kB
MemFree:          586756 kB
MemAvailable:    1452984 kB
Buffers:           89768 kB
Cached:           799452 kB
MemTotal:        1844596 kB
MemFree:          586632 kB
MemAvailable:    1452860 kB
Buffers:           89768 kB
Cached:           799452 kB
MemTotal:        1844596 kB
MemFree:          586800 kB
MemAvailable:    1453028 kB
Buffers:           89768 kB
Cached:           799452 kB
MemTotal:        1844596 kB
MemFree:          587048 kB
MemAvailable:    1453276 kB
Buffers:           89768 kB
Cached:           799452 kB
MemTotal:        1844596 kB
MemFree:          588100 kB
MemAvailable:    1454328 kB
Buffers:           89768 kB
Cached:           799452 kB
MemTotal:        1844596 kB
MemFree:          587968 kB
MemAvailable:    1454196 kB
Buffers:           89768 kB
Cached:           799452 kB
MemTotal:        1844596 kB
MemFree:          587984 kB
MemAvailable:    1454212 kB
Buffers:           89768 kB
Cached:           799452 kB
MemTotal:        1844596 kB
MemFree:          586664 kB
MemAvailable:    1452892 kB
Buffers:           89768 kB
Cached:           799452 kB
MemTotal:        1844596 kB
MemFree:          587740 kB
MemAvailable:    1453968 kB
Buffers:           89768 kB
Cached:           799452 kB
MemTotal:        1844596 kB
MemFree:          586696 kB
MemAvailable:    1452924 kB
Buffers:           89768 kB
Cached:           799452 kB
MemTotal:        1844596 kB
MemFree:          586916 kB
MemAvailable:    1453144 kB
Buffers:           89768 kB
Cached:           799452 kB
MemTotal:        1844596 kB
MemFree:          585208 kB
MemAvailable:    1451436 kB
Buffers:           89768 kB
Cached:           799452 kB
MemTotal:        1844596 kB
MemFree:          585456 kB
MemAvailable:    1451684 kB
Buffers:           89768 kB
Cached:           799452 kB
MemTotal:        1844596 kB
MemFree:          586060 kB
MemAvailable:    1452288 kB
Buffers:           89768 kB
Cached:           799452 kB
MemTotal:        1844596 kB
MemFree:          585216 kB
MemAvailable:    1451444 kB
Buffers:           89768 kB
Cached:           799452 kB
MemTotal:        1844596 kB
MemFree:          585384 kB
MemAvailable:    1451612 kB
Buffers:           89768 kB
Cached:           799452 kB
MemTotal:        1844596 kB
MemFree:          583960 kB
MemAvailable:    1450188 kB
Buffers:           89768 kB
Cached:           799452 kB
MemTotal:        1844596 kB
MemFree:          584588 kB
MemAvailable:    1450816 kB
Buffers:           89768 kB
Cached:           799452 kB
MemTotal:        1844596 kB
MemFree:          584600 kB
MemAvailable:    1450828 kB
Buffers:           89768 kB
Cached:           799452 kB
MemTotal:        1844596 kB
MemFree:          583168 kB
MemAvailable:    1449396 kB
Buffers:           89768 kB
Cached:           799452 kB
MemTotal:        1844596 kB
MemFree:          584408 kB
MemAvailable:    1450636 kB
Buffers:           89768 kB
Cached:           799452 kB
MemTotal:        1844596 kB
MemFree:          583864 kB
MemAvailable:    1450092 kB
Buffers:           89768 kB
Cached:           799452 kB
MemTotal:        1844596 kB
MemFree:          583796 kB
MemAvailable:    1450024 kB
Buffers:           89768 kB
Cached:           799452 kB
MemTotal:        1844596 kB
MemFree:          584052 kB
MemAvailable:    1450280 kB
Buffers:           89768 kB
Cached:           799452 kB
MemTotal:        1844596 kB
MemFree:          582472 kB
MemAvailable:    1448700 kB
Buffers:           89768 kB
Cached:           799452 kB
MemTotal:        1844596 kB
MemFree:          583656 kB
MemAvailable:    1449884 kB
Buffers:           89768 kB
Cached:           799452 kB
MemTotal:        1844596 kB
MemFree:          583348 kB
MemAvailable:    1449576 kB
Buffers:           89768 kB
Cached:           799452 kB
MemTotal:        1844596 kB
MemFree:          583748 kB
MemAvailable:    1449976 kB
Buffers:           89768 kB
Cached:           799452 kB
MemTotal:        1844596 kB
MemFree:          582548 kB
MemAvailable:    1448776 kB
Buffers:           89768 kB
Cached:           799452 kB
MemTotal:        1844596 kB
MemFree:          582672 kB
MemAvailable:    1448900 kB
Buffers:           89768 kB
Cached:           799452 kB
MemTotal:        1844596 kB
MemFree:          583772 kB
MemAvailable:    1450000 kB
Buffers:           89768 kB
Cached:           799452 kB
MemTotal:        1844596 kB
MemFree:          582292 kB
MemAvailable:    1448520 kB
Buffers:           89768 kB
Cached:           799452 kB
MemTotal:        1844596 kB
MemFree:          582416 kB
MemAvailable:    1448644 kB
Buffers:           89768 kB
Cached:           799452 kB
MemTotal:        1844596 kB
MemFree:          582788 kB
MemAvailable:    1449016 kB
Buffers:           89768 kB
Cached:           799452 kB
MemTotal:        1844596 kB
MemFree:          582540 kB
MemAvailable:    1448768 kB
Buffers:           89768 kB
Cached:           799452 kB
MemTotal:        1844596 kB
MemFree:          582664 kB
MemAvailable:    1448892 kB
Buffers:           89768 kB
Cached:           799452 kB
MemTotal:        1844596 kB
MemFree:          582540 kB
MemAvailable:    1448768 kB
Buffers:           89768 kB
Cached:           799452 kB
MemTotal:        1844596 kB
MemFree:          582284 kB
MemAvailable:    1448512 kB
Buffers:           89768 kB
Cached:           799452 kB
MemTotal:        1844596 kB
MemFree:          582152 kB
MemAvailable:    1448380 kB
Buffers:           89768 kB
Cached:           799452 kB
MemTotal:        1844596 kB
MemFree:          582528 kB
MemAvailable:    1448756 kB
Buffers:           89768 kB
Cached:           799452 kB
MemTotal:        1844596 kB
MemFree:          582232 kB
MemAvailable:    1448468 kB
Buffers:           89768 kB
Cached:           799460 kB
MemTotal:        1844596 kB
MemFree:          582440 kB
MemAvailable:    1448676 kB
Buffers:           89768 kB
Cached:           799460 kB
MemTotal:        1844596 kB
MemFree:          582356 kB
MemAvailable:    1448592 kB
Buffers:           89768 kB
Cached:           799460 kB
MemTotal:        1844596 kB
MemFree:          583596 kB
MemAvailable:    1449832 kB
Buffers:           89768 kB
Cached:           799460 kB
MemTotal:        1844596 kB
MemFree:          583608 kB
MemAvailable:    1449844 kB
Buffers:           89768 kB
Cached:           799460 kB
MemTotal:        1844596 kB
MemFree:          582340 kB
MemAvailable:    1448576 kB
Buffers:           89768 kB
Cached:           799460 kB
MemTotal:        1844596 kB
MemFree:          582108 kB
MemAvailable:    1448344 kB
Buffers:           89768 kB
Cached:           799460 kB
MemTotal:        1844596 kB
MemFree:          582052 kB
MemAvailable:    1448288 kB
Buffers:           89768 kB
Cached:           799460 kB
MemTotal:        1844596 kB
MemFree:          581912 kB
MemAvailable:    1448148 kB
Buffers:           89768 kB
Cached:           799460 kB
MemTotal:        1844596 kB
MemFree:          582248 kB
MemAvailable:    1448484 kB
Buffers:           89768 kB
Cached:           799460 kB
MemTotal:        1844596 kB
MemFree:          579860 kB
MemAvailable:    1446096 kB
Buffers:           89768 kB
Cached:           799460 kB
MemTotal:        1844596 kB
MemFree:          579944 kB
MemAvailable:    1446180 kB
Buffers:           89768 kB
Cached:           799460 kB
MemTotal:        1844596 kB
MemFree:          575776 kB
MemAvailable:    1442012 kB
Buffers:           89768 kB
Cached:           799460 kB
MemTotal:        1844596 kB
MemFree:          573552 kB
MemAvailable:    1439788 kB
Buffers:           89768 kB
Cached:           799460 kB
MemTotal:        1844596 kB
MemFree:          570824 kB
MemAvailable:    1437060 kB
Buffers:           89768 kB
Cached:           799460 kB
MemTotal:        1844596 kB
MemFree:          568676 kB
MemAvailable:    1434912 kB
Buffers:           89768 kB
Cached:           799460 kB
MemTotal:        1844596 kB
MemFree:          566120 kB
MemAvailable:    1432356 kB
Buffers:           89768 kB
Cached:           799460 kB
MemTotal:        1844596 kB
MemFree:          565368 kB
MemAvailable:    1431608 kB
Buffers:           89768 kB
Cached:           799464 kB
MemTotal:        1844596 kB
MemFree:          564120 kB
MemAvailable:    1430360 kB
Buffers:           89768 kB
Cached:           799464 kB
MemTotal:        1844596 kB
MemFree:          563996 kB
MemAvailable:    1430236 kB
Buffers:           89768 kB
Cached:           799464 kB
MemTotal:        1844596 kB
MemFree:          563996 kB
MemAvailable:    1430236 kB
Buffers:           89768 kB
Cached:           799464 kB
MemTotal:        1844596 kB
MemFree:          563988 kB
MemAvailable:    1430228 kB
Buffers:           89768 kB
Cached:           799464 kB
MemTotal:        1844596 kB
MemFree:          563756 kB
MemAvailable:    1429996 kB
Buffers:           89768 kB
Cached:           799464 kB
MemTotal:        1844596 kB
MemFree:          563748 kB
MemAvailable:    1429988 kB
Buffers:           89768 kB
Cached:           799464 kB
MemTotal:        1844596 kB
MemFree:          565112 kB
MemAvailable:    1431352 kB
Buffers:           89768 kB
Cached:           799464 kB
MemTotal:        1844596 kB
MemFree:          565056 kB
MemAvailable:    1431296 kB
Buffers:           89768 kB
Cached:           799464 kB
MemTotal:        1844596 kB
MemFree:          565068 kB
MemAvailable:    1431308 kB
Buffers:           89768 kB
Cached:           799464 kB
MemTotal:        1844596 kB
MemFree:          565172 kB
MemAvailable:    1431412 kB
Buffers:           89768 kB
Cached:           799464 kB
MemTotal:        1844596 kB
MemFree:          564840 kB
MemAvailable:    1431080 kB
Buffers:           89768 kB
Cached:           799464 kB
MemTotal:        1844596 kB
MemFree:          564748 kB
MemAvailable:    1430988 kB
Buffers:           89768 kB
Cached:           799464 kB
MemTotal:        1844596 kB
MemFree:          564188 kB
MemAvailable:    1430428 kB
Buffers:           89768 kB
Cached:           799464 kB
MemTotal:        1844596 kB
MemFree:          564224 kB
MemAvailable:    1430464 kB
Buffers:           89768 kB
Cached:           799464 kB
MemTotal:        1844596 kB
MemFree:          563384 kB
MemAvailable:    1429624 kB
Buffers:           89768 kB
Cached:           799464 kB
MemTotal:        1844596 kB
MemFree:          562744 kB
MemAvailable:    1428984 kB
Buffers:           89768 kB
Cached:           799464 kB
MemTotal:        1844596 kB
MemFree:          564044 kB
MemAvailable:    1430284 kB
Buffers:           89768 kB
Cached:           799464 kB
MemTotal:        1844596 kB
MemFree:          563972 kB
MemAvailable:    1430212 kB
Buffers:           89768 kB
Cached:           799464 kB
MemTotal:        1844596 kB
MemFree:          564224 kB
MemAvailable:    1430464 kB
Buffers:           89768 kB
Cached:           799464 kB
MemTotal:        1844596 kB
MemFree:          563864 kB
MemAvailable:    1430104 kB
Buffers:           89768 kB
Cached:           799464 kB
MemTotal:        1844596 kB
MemFree:          562832 kB
MemAvailable:    1429072 kB
Buffers:           89768 kB
Cached:           799464 kB
MemTotal:        1844596 kB
MemFree:          563808 kB
MemAvailable:    1430048 kB
Buffers:           89768 kB
Cached:           799464 kB
MemTotal:        1844596 kB
MemFree:          563000 kB
MemAvailable:    1429240 kB
Buffers:           89768 kB
Cached:           799464 kB
MemTotal:        1844596 kB
MemFree:          563864 kB
MemAvailable:    1430104 kB
Buffers:           89768 kB
Cached:           799464 kB
MemTotal:        1844596 kB
MemFree:          564116 kB
MemAvailable:    1430356 kB
Buffers:           89768 kB
Cached:           799464 kB
MemTotal:        1844596 kB
MemFree:          562752 kB
MemAvailable:    1428992 kB
Buffers:           89768 kB
Cached:           799464 kB
MemTotal:        1844596 kB
MemFree:          564044 kB
MemAvailable:    1430284 kB
Buffers:           89768 kB
Cached:           799464 kB
MemTotal:        1844596 kB
MemFree:          562696 kB
MemAvailable:    1428936 kB
Buffers:           89768 kB
Cached:           799464 kB
MemTotal:        1844596 kB
MemFree:          563944 kB
MemAvailable:    1430184 kB
Buffers:           89768 kB
Cached:           799464 kB
MemTotal:        1844596 kB
MemFree:          562944 kB
MemAvailable:    1429184 kB
Buffers:           89768 kB
Cached:           799464 kB
MemTotal:        1844596 kB
MemFree:          564032 kB
MemAvailable:    1430272 kB
Buffers:           89768 kB
Cached:           799464 kB
MemTotal:        1844596 kB
MemFree:          562732 kB
MemAvailable:    1428972 kB
Buffers:           89768 kB
Cached:           799464 kB
MemTotal:        1844596 kB
MemFree:          560028 kB
MemAvailable:    1426268 kB
Buffers:           89768 kB
Cached:           799464 kB
MemTotal:        1844596 kB
MemFree:          558424 kB
MemAvailable:    1424664 kB
Buffers:           89768 kB
Cached:           799464 kB
MemTotal:        1844596 kB
MemFree:          552720 kB
MemAvailable:    1418960 kB
Buffers:           89768 kB
Cached:           799464 kB
MemTotal:        1844596 kB
MemFree:          550548 kB
MemAvailable:    1416788 kB
Buffers:           89768 kB
Cached:           799464 kB
MemTotal:        1844596 kB
MemFree:          547008 kB
MemAvailable:    1413248 kB
Buffers:           89768 kB
Cached:           799464 kB
MemTotal:        1844596 kB
MemFree:          546652 kB
MemAvailable:    1412892 kB
Buffers:           89768 kB
Cached:           799464 kB
MemTotal:        1844596 kB
MemFree:          544784 kB
MemAvailable:    1411024 kB
Buffers:           89768 kB
Cached:           799464 kB
MemTotal:        1844596 kB
MemFree:          546024 kB
MemAvailable:    1412264 kB
Buffers:           89768 kB
Cached:           799464 kB
MemTotal:        1844596 kB
MemFree:          545976 kB
MemAvailable:    1412216 kB
Buffers:           89768 kB
Cached:           799464 kB
MemTotal:        1844596 kB
MemFree:          545764 kB
MemAvailable:    1412004 kB
Buffers:           89768 kB
Cached:           799464 kB
MemTotal:        1844596 kB
MemFree:          545752 kB
MemAvailable:    1411992 kB
Buffers:           89768 kB
Cached:           799464 kB
MemTotal:        1844596 kB
MemFree:          545164 kB
MemAvailable:    1411404 kB
Buffers:           89768 kB
Cached:           799464 kB
MemTotal:        1844596 kB
MemFree:          545900 kB
MemAvailable:    1412140 kB
Buffers:           89768 kB
Cached:           799464 kB
MemTotal:        1844596 kB
MemFree:          545164 kB
MemAvailable:    1411404 kB
Buffers:           89768 kB
Cached:           799464 kB
MemTotal:        1844596 kB
MemFree:          545960 kB
MemAvailable:    1412200 kB
Buffers:           89768 kB
Cached:           799464 kB
MemTotal:        1844596 kB
MemFree:          544480 kB
MemAvailable:    1410720 kB
Buffers:           89768 kB
Cached:           799464 kB
MemTotal:        1844596 kB
MemFree:          544524 kB
MemAvailable:    1410764 kB
Buffers:           89768 kB
Cached:           799464 kB
MemTotal:        1844596 kB
MemFree:          545768 kB
MemAvailable:    1412008 kB
Buffers:           89768 kB
Cached:           799464 kB
MemTotal:        1844596 kB
MemFree:          546020 kB
MemAvailable:    1412260 kB
Buffers:           89768 kB
Cached:           799464 kB
MemTotal:        1844596 kB
MemFree:          545728 kB
MemAvailable:    1411968 kB
Buffers:           89768 kB
Cached:           799464 kB
MemTotal:        1844596 kB
MemFree:          544476 kB
MemAvailable:    1410716 kB
Buffers:           89768 kB
Cached:           799464 kB
MemTotal:        1844596 kB
MemFree:          545760 kB
MemAvailable:    1412000 kB
Buffers:           89768 kB
Cached:           799464 kB
MemTotal:        1844596 kB
MemFree:          545512 kB
MemAvailable:    1411760 kB
Buffers:           89768 kB
Cached:           799472 kB
MemTotal:        1844596 kB
MemFree:          545848 kB
MemAvailable:    1412096 kB
Buffers:           89768 kB
Cached:           799472 kB
MemTotal:        1844596 kB
MemFree:          545636 kB
MemAvailable:    1411884 kB
Buffers:           89768 kB
Cached:           799472 kB
MemTotal:        1844596 kB
MemFree:          544908 kB
MemAvailable:    1411156 kB
Buffers:           89768 kB
Cached:           799472 kB
MemTotal:        1844596 kB
MemFree:          544536 kB
MemAvailable:    1410784 kB
Buffers:           89768 kB
Cached:           799472 kB
MemTotal:        1844596 kB
MemFree:          544404 kB
MemAvailable:    1410652 kB
Buffers:           89768 kB
Cached:           799472 kB
MemTotal:        1844596 kB
MemFree:          544488 kB
MemAvailable:    1410736 kB
Buffers:           89768 kB
Cached:           799472 kB
MemTotal:        1844596 kB
MemFree:          544660 kB
MemAvailable:    1410908 kB
Buffers:           89768 kB
Cached:           799472 kB
MemTotal:        1844596 kB
MemFree:          545512 kB
MemAvailable:    1411760 kB
Buffers:           89768 kB
Cached:           799472 kB
MemTotal:        1844596 kB
MemFree:          544360 kB
MemAvailable:    1410608 kB
Buffers:           89768 kB
Cached:           799472 kB
MemTotal:        1844596 kB
MemFree:          545964 kB
MemAvailable:    1412212 kB
Buffers:           89768 kB
Cached:           799472 kB
MemTotal:        1844596 kB
MemFree:          546048 kB
MemAvailable:    1412296 kB
Buffers:           89768 kB
Cached:           799472 kB
MemTotal:        1844596 kB
MemFree:          545728 kB
MemAvailable:    1411976 kB
Buffers:           89768 kB
Cached:           799472 kB
MemTotal:        1844596 kB
MemFree:          545288 kB
MemAvailable:    1411536 kB
Buffers:           89768 kB
Cached:           799472 kB
MemTotal:        1844596 kB
MemFree:          545900 kB
MemAvailable:    1412148 kB
Buffers:           89768 kB
Cached:           799472 kB
MemTotal:        1844596 kB
MemFree:          544488 kB
MemAvailable:    1410736 kB
Buffers:           89768 kB
Cached:           799472 kB
MemTotal:        1844596 kB
MemFree:          545760 kB
MemAvailable:    1412008 kB
Buffers:           89768 kB
Cached:           799472 kB
MemTotal:        1844596 kB
MemFree:          546012 kB
MemAvailable:    1412260 kB
Buffers:           89768 kB
Cached:           799472 kB
MemTotal:        1844596 kB
MemFree:          544400 kB
MemAvailable:    1410648 kB
Buffers:           89768 kB
Cached:           799472 kB
MemTotal:        1844596 kB
MemFree:          545764 kB
MemAvailable:    1412012 kB
Buffers:           89768 kB
Cached:           799472 kB
MemTotal:        1844596 kB
MemFree:          542304 kB
MemAvailable:    1408552 kB
Buffers:           89768 kB
Cached:           799472 kB
MemTotal:        1844596 kB
MemFree:          537468 kB
MemAvailable:    1403716 kB
Buffers:           89768 kB
Cached:           799472 kB
MemTotal:        1844596 kB
MemFree:          532872 kB
MemAvailable:    1399120 kB
Buffers:           89768 kB
Cached:           799472 kB
MemTotal:        1844596 kB
MemFree:          532144 kB
MemAvailable:    1398392 kB
Buffers:           89768 kB
Cached:           799472 kB
MemTotal:        1844596 kB
MemFree:          528664 kB
MemAvailable:    1394912 kB
Buffers:           89768 kB
Cached:           799472 kB
MemTotal:        1844596 kB
MemFree:          528468 kB
MemAvailable:    1394716 kB
Buffers:           89768 kB
Cached:           799472 kB
MemTotal:        1844596 kB
MemFree:          528396 kB
MemAvailable:    1394644 kB
Buffers:           89768 kB
Cached:           799472 kB
MemTotal:        1844596 kB
MemFree:          528648 kB
MemAvailable:    1394896 kB
Buffers:           89768 kB
Cached:           799472 kB
MemTotal:        1844596 kB
MemFree:          526928 kB
MemAvailable:    1393176 kB
Buffers:           89768 kB
Cached:           799472 kB
MemTotal:        1844596 kB
MemFree:          526556 kB
MemAvailable:    1392804 kB
Buffers:           89768 kB
Cached:           799472 kB
MemTotal:        1844596 kB
MemFree:          526300 kB
MemAvailable:    1392548 kB
Buffers:           89768 kB
Cached:           799472 kB
MemTotal:        1844596 kB
MemFree:          527468 kB
MemAvailable:    1393716 kB
Buffers:           89768 kB
Cached:           799472 kB
MemTotal:        1844596 kB
MemFree:          527540 kB
MemAvailable:    1393788 kB
Buffers:           89768 kB
Cached:           799472 kB
MemTotal:        1844596 kB
MemFree:          526044 kB
MemAvailable:    1392292 kB
Buffers:           89768 kB
Cached:           799472 kB
MemTotal:        1844596 kB
MemFree:          525804 kB
MemAvailable:    1392052 kB
Buffers:           89768 kB
Cached:           799472 kB
MemTotal:        1844596 kB
MemFree:          525796 kB
MemAvailable:    1392044 kB
Buffers:           89768 kB
Cached:           799472 kB
MemTotal:        1844596 kB
MemFree:          525792 kB
MemAvailable:    1392040 kB
Buffers:           89768 kB
Cached:           799472 kB
MemTotal:        1844596 kB
MemFree:          525544 kB
MemAvailable:    1391792 kB
Buffers:           89768 kB
Cached:           799472 kB
MemTotal:        1844596 kB
MemFree:          526120 kB
MemAvailable:    1392368 kB
Buffers:           89768 kB
Cached:           799472 kB
MemTotal:        1844596 kB
MemFree:          524780 kB
MemAvailable:    1391028 kB
Buffers:           89768 kB
Cached:           799472 kB
MemTotal:        1844596 kB
MemFree:          525144 kB
MemAvailable:    1391392 kB
Buffers:           89768 kB
Cached:           799472 kB
MemTotal:        1844596 kB
MemFree:          525076 kB
MemAvailable:    1391324 kB
Buffers:           89768 kB
Cached:           799472 kB
MemTotal:        1844596 kB
MemFree:          524068 kB
MemAvailable:    1390316 kB
Buffers:           89768 kB
Cached:           799472 kB
MemTotal:        1844596 kB
MemFree:          524392 kB
MemAvailable:    1390640 kB
Buffers:           89768 kB
Cached:           799472 kB
MemTotal:        1844596 kB
MemFree:          522960 kB
MemAvailable:    1389208 kB
Buffers:           89768 kB
Cached:           799472 kB
MemTotal:        1844596 kB
MemFree:          523060 kB
MemAvailable:    1389308 kB
Buffers:           89768 kB
Cached:           799472 kB
MemTotal:        1844596 kB
MemFree:          522332 kB
MemAvailable:    1388580 kB
Buffers:           89768 kB
Cached:           799472 kB
MemTotal:        1844596 kB
MemFree:          522152 kB
MemAvailable:    1388400 kB
Buffers:           89768 kB
Cached:           799472 kB
MemTotal:        1844596 kB
MemFree:          520612 kB
MemAvailable:    1386860 kB
Buffers:           89768 kB
Cached:           799472 kB
MemTotal:        1844596 kB
MemFree:          520108 kB
MemAvailable:    1386364 kB
Buffers:           89768 kB
Cached:           799480 kB
MemTotal:        1844596 kB
MemFree:          521588 kB
MemAvailable:    1387844 kB
Buffers:           89768 kB
Cached:           799480 kB
MemTotal:        1844596 kB
MemFree:          521472 kB
MemAvailable:    1387728 kB
Buffers:           89768 kB
Cached:           799480 kB
MemTotal:        1844596 kB
MemFree:          521228 kB
MemAvailable:    1387484 kB
Buffers:           89768 kB
Cached:           799480 kB
MemTotal:        1844596 kB
MemFree:          520052 kB
MemAvailable:    1386308 kB
Buffers:           89768 kB
Cached:           799480 kB
MemTotal:        1844596 kB
MemFree:          520096 kB
MemAvailable:    1386352 kB
Buffers:           89768 kB
Cached:           799480 kB
MemTotal:        1844596 kB
MemFree:          521272 kB
MemAvailable:    1387528 kB
Buffers:           89768 kB
Cached:           799480 kB
MemTotal:        1844596 kB
MemFree:          519604 kB
MemAvailable:    1385860 kB
Buffers:           89768 kB
Cached:           799480 kB
MemTotal:        1844596 kB
MemFree:          519604 kB
MemAvailable:    1385860 kB
Buffers:           89768 kB
Cached:           799480 kB
MemTotal:        1844596 kB
MemFree:          519564 kB
MemAvailable:    1385820 kB
Buffers:           89768 kB
Cached:           799480 kB
MemTotal:        1844596 kB
MemFree:          518444 kB
MemAvailable:    1384700 kB
Buffers:           89768 kB
Cached:           799480 kB
MemTotal:        1844596 kB
MemFree:          518356 kB
MemAvailable:    1384612 kB
Buffers:           89768 kB
Cached:           799480 kB
MemTotal:        1844596 kB
MemFree:          519472 kB
MemAvailable:    1385728 kB
Buffers:           89768 kB
Cached:           799480 kB
MemTotal:        1844596 kB
MemFree:          519808 kB
MemAvailable:    1386064 kB
Buffers:           89768 kB
Cached:           799480 kB
MemTotal:        1844596 kB
MemFree:          519660 kB
MemAvailable:    1385916 kB
Buffers:           89768 kB
Cached:           799480 kB
MemTotal:        1844596 kB
MemFree:          519472 kB
MemAvailable:    1385728 kB
Buffers:           89768 kB
Cached:           799480 kB
MemTotal:        1844596 kB
MemFree:          519808 kB
MemAvailable:    1386064 kB
Buffers:           89768 kB
Cached:           799480 kB
MemTotal:        1844596 kB
MemFree:          519492 kB
MemAvailable:    1385748 kB
Buffers:           89768 kB
Cached:           799480 kB
MemTotal:        1844596 kB
MemFree:          519552 kB
MemAvailable:    1385808 kB
Buffers:           89768 kB
Cached:           799480 kB
MemTotal:        1844596 kB
MemFree:          519540 kB
MemAvailable:    1385796 kB
Buffers:           89768 kB
Cached:           799480 kB
MemTotal:        1844596 kB
MemFree:          519792 kB
MemAvailable:    1386048 kB
Buffers:           89768 kB
Cached:           799480 kB
MemTotal:        1844596 kB
MemFree:          518324 kB
MemAvailable:    1384580 kB
Buffers:           89768 kB
Cached:           799480 kB
MemTotal:        1844596 kB
MemFree:          518324 kB
MemAvailable:    1384580 kB
Buffers:           89768 kB
Cached:           799480 kB
MemTotal:        1844596 kB
MemFree:          519788 kB
MemAvailable:    1386044 kB
Buffers:           89768 kB
Cached:           799480 kB
MemTotal:        1844596 kB
MemFree:          519676 kB
MemAvailable:    1385932 kB
Buffers:           89768 kB
Cached:           799480 kB
MemTotal:        1844596 kB
MemFree:          518480 kB
MemAvailable:    1384736 kB
Buffers:           89768 kB
Cached:           799480 kB
MemTotal:        1844596 kB
MemFree:          519844 kB
MemAvailable:    1386100 kB
Buffers:           89768 kB
Cached:           799480 kB
MemTotal:        1844596 kB
MemFree:          519672 kB
MemAvailable:    1385928 kB
Buffers:           89768 kB
Cached:           799480 kB
MemTotal:        1844596 kB
MemFree:          518860 kB
MemAvailable:    1385116 kB
Buffers:           89768 kB
Cached:           799480 kB
MemTotal:        1844596 kB
MemFree:          519544 kB
MemAvailable:    1385800 kB
Buffers:           89768 kB
Cached:           799480 kB
MemTotal:        1844596 kB
MemFree:          519604 kB
MemAvailable:    1385860 kB
Buffers:           89768 kB
Cached:           799480 kB
MemTotal:        1844596 kB
MemFree:          518032 kB
MemAvailable:    1384288 kB
Buffers:           89768 kB
Cached:           799480 kB
MemTotal:        1844596 kB
MemFree:          519356 kB
MemAvailable:    1385612 kB
Buffers:           89768 kB
Cached:           799480 kB
MemTotal:        1844596 kB
MemFree:          519692 kB
MemAvailable:    1385948 kB
Buffers:           89768 kB
Cached:           799480 kB
MemTotal:        1844596 kB
MemFree:          519780 kB
MemAvailable:    1386036 kB
Buffers:           89768 kB
Cached:           799480 kB
MemTotal:        1844596 kB
MemFree:          519300 kB
MemAvailable:    1385556 kB
Buffers:           89768 kB
Cached:           799480 kB
MemTotal:        1844596 kB
MemFree:          519636 kB
MemAvailable:    1385892 kB
Buffers:           89768 kB
Cached:           799480 kB
MemTotal:        1844596 kB
MemFree:          518224 kB
MemAvailable:    1384480 kB
Buffers:           89768 kB
Cached:           799480 kB
MemTotal:        1844596 kB
MemFree:          519616 kB
MemAvailable:    1385872 kB
Buffers:           89768 kB
Cached:           799480 kB
MemTotal:        1844596 kB
MemFree:          519484 kB
MemAvailable:    1385740 kB
Buffers:           89768 kB
Cached:           799480 kB
MemTotal:        1844596 kB
MemFree:          518476 kB
MemAvailable:    1384732 kB
Buffers:           89768 kB
Cached:           799480 kB
MemTotal:        1844596 kB
MemFree:          519616 kB
MemAvailable:    1385872 kB
Buffers:           89768 kB
Cached:           799480 kB
MemTotal:        1844596 kB
MemFree:          519744 kB
MemAvailable:    1386000 kB
Buffers:           89768 kB
Cached:           799480 kB
MemTotal:        1844596 kB
MemFree:          518184 kB
MemAvailable:    1384440 kB
Buffers:           89768 kB
Cached:           799480 kB
MemTotal:        1844596 kB
MemFree:          518248 kB
MemAvailable:    1384504 kB
Buffers:           89768 kB
Cached:           799480 kB
MemTotal:        1844596 kB
MemFree:          519508 kB
MemAvailable:    1385764 kB
Buffers:           89768 kB
Cached:           799480 kB
MemTotal:        1844596 kB
MemFree:          518372 kB
MemAvailable:    1384628 kB
Buffers:           89768 kB
Cached:           799480 kB
MemTotal:        1844596 kB
MemFree:          519564 kB
MemAvailable:    1385820 kB
Buffers:           89768 kB
Cached:           799480 kB
MemTotal:        1844596 kB
MemFree:          519420 kB
MemAvailable:    1385676 kB
Buffers:           89768 kB
Cached:           799480 kB
MemTotal:        1844596 kB
MemFree:          519672 kB
MemAvailable:    1385928 kB
Buffers:           89768 kB
Cached:           799480 kB
MemTotal:        1844596 kB
MemFree:          518496 kB
MemAvailable:    1384752 kB
Buffers:           89768 kB
Cached:           799480 kB
MemTotal:        1844596 kB
MemFree:          515148 kB
MemAvailable:    1381404 kB
Buffers:           89768 kB
Cached:           799480 kB
MemTotal:        1844596 kB
MemFree:          513040 kB
MemAvailable:    1379296 kB
Buffers:           89768 kB
Cached:           799480 kB
MemTotal:        1844596 kB
MemFree:          509816 kB
MemAvailable:    1376072 kB
Buffers:           89768 kB
Cached:           799480 kB
MemTotal:        1844596 kB
MemFree:          506212 kB
MemAvailable:    1372468 kB
Buffers:           89768 kB
Cached:           799480 kB
MemTotal:        1844596 kB
MemFree:          503856 kB
MemAvailable:    1370112 kB
Buffers:           89768 kB
Cached:           799480 kB
MemTotal:        1844596 kB
MemFree:          500020 kB
MemAvailable:    1366276 kB
Buffers:           89768 kB
Cached:           799480 kB
MemTotal:        1844596 kB
MemFree:          498904 kB
MemAvailable:    1365160 kB
Buffers:           89768 kB
Cached:           799480 kB
MemTotal:        1844596 kB
MemFree:          500096 kB
MemAvailable:    1366352 kB
Buffers:           89768 kB
Cached:           799480 kB
MemTotal:        1844596 kB
MemFree:          499400 kB
MemAvailable:    1365656 kB
Buffers:           89768 kB
Cached:           799480 kB
MemTotal:        1844596 kB
MemFree:          499868 kB
MemAvailable:    1366124 kB
Buffers:           89768 kB
Cached:           799480 kB
MemTotal:        1844596 kB
MemFree:          499952 kB
MemAvailable:    1366208 kB
Buffers:           89768 kB
Cached:           799480 kB
MemTotal:        1844596 kB
MemFree:          498844 kB
MemAvailable:    1365100 kB
Buffers:           89768 kB
Cached:           799480 kB
MemTotal:        1844596 kB
MemFree:          498844 kB
MemAvailable:    1365100 kB
Buffers:           89768 kB
Cached:           799480 kB
MemTotal:        1844596 kB
MemFree:          500132 kB
MemAvailable:    1366388 kB
Buffers:           89768 kB
Cached:           799480 kB
MemTotal:        1844596 kB
MemFree:          498832 kB
MemAvailable:    1365088 kB
Buffers:           89768 kB
Cached:           799480 kB
MemTotal:        1844596 kB
MemFree:          500012 kB
MemAvailable:    1366268 kB
Buffers:           89768 kB
Cached:           799480 kB
MemTotal:        1844596 kB
MemFree:          500136 kB
MemAvailable:    1366392 kB
Buffers:           89768 kB
Cached:           799480 kB
MemTotal:        1844596 kB
MemFree:          500136 kB
MemAvailable:    1366392 kB
Buffers:           89768 kB
Cached:           799480 kB
MemTotal:        1844596 kB
MemFree:          500028 kB
MemAvailable:    1366284 kB
Buffers:           89768 kB
Cached:           799480 kB
MemTotal:        1844596 kB
MemFree:          500012 kB
MemAvailable:    1366268 kB
Buffers:           89768 kB
Cached:           799480 kB
MemTotal:        1844596 kB
MemFree:          500072 kB
MemAvailable:    1366328 kB
Buffers:           89768 kB
Cached:           799480 kB
MemTotal:        1844596 kB
MemFree:          498904 kB
MemAvailable:    1365160 kB
Buffers:           89768 kB
Cached:           799480 kB
MemTotal:        1844596 kB
MemFree:          499884 kB
MemAvailable:    1366140 kB
Buffers:           89768 kB
Cached:           799480 kB
MemTotal:        1844596 kB
MemFree:          498380 kB
MemAvailable:    1364636 kB
Buffers:           89768 kB
Cached:           799480 kB
MemTotal:        1844596 kB
MemFree:          499836 kB
MemAvailable:    1366092 kB
Buffers:           89768 kB
Cached:           799480 kB
MemTotal:        1844596 kB
MemFree:          499808 kB
MemAvailable:    1366064 kB
Buffers:           89768 kB
Cached:           799480 kB
MemTotal:        1844596 kB
MemFree:          499568 kB
MemAvailable:    1365824 kB
Buffers:           89768 kB
Cached:           799480 kB
MemTotal:        1844596 kB
MemFree:          499904 kB
MemAvailable:    1366160 kB
Buffers:           89768 kB
Cached:           799480 kB
MemTotal:        1844596 kB
MemFree:          499596 kB
MemAvailable:    1365852 kB
Buffers:           89768 kB
Cached:           799480 kB
MemTotal:        1844596 kB
MemFree:          499152 kB
MemAvailable:    1365408 kB
Buffers:           89768 kB
Cached:           799480 kB
MemTotal:        1844596 kB
MemFree:          498020 kB
MemAvailable:    1364276 kB
Buffers:           89768 kB
Cached:           799480 kB
MemTotal:        1844596 kB
MemFree:          498764 kB
MemAvailable:    1365020 kB
Buffers:           89768 kB
Cached:           799480 kB
MemTotal:        1844596 kB
MemFree:          498848 kB
MemAvailable:    1365104 kB
Buffers:           89768 kB
Cached:           799480 kB
MemTotal:        1844596 kB
MemFree:          492952 kB
MemAvailable:    1359208 kB
Buffers:           89768 kB
Cached:           799480 kB
MemTotal:        1844596 kB
MemFree:          487620 kB
MemAvailable:    1353876 kB
Buffers:           89768 kB
Cached:           799480 kB
MemTotal:        1844596 kB
MemFree:          489968 kB
MemAvailable:    1356224 kB
Buffers:           89768 kB
Cached:           799480 kB
MemTotal:        1844596 kB
MemFree:          488860 kB
MemAvailable:    1355116 kB
Buffers:           89768 kB
Cached:           799480 kB
MemTotal:        1844596 kB
MemFree:          489652 kB
MemAvailable:    1355908 kB
Buffers:           89768 kB
Cached:           799480 kB
MemTotal:        1844596 kB
MemFree:          487612 kB
MemAvailable:    1353868 kB
Buffers:           89768 kB
Cached:           799480 kB
MemTotal:        1844596 kB
MemFree:          487696 kB
MemAvailable:    1353952 kB
Buffers:           89768 kB
Cached:           799480 kB
MemTotal:        1844596 kB
MemFree:          487556 kB
MemAvailable:    1353824 kB
Buffers:           89768 kB
Cached:           799492 kB
MemTotal:        1844596 kB
MemFree:          486340 kB
MemAvailable:    1352608 kB
Buffers:           89768 kB
Cached:           799492 kB
MemTotal:        1844596 kB
MemFree:          487420 kB
MemAvailable:    1353688 kB
Buffers:           89768 kB
Cached:           799492 kB
MemTotal:        1844596 kB
MemFree:          486624 kB
MemAvailable:    1352892 kB
Buffers:           89768 kB
Cached:           799492 kB
MemTotal:        1844596 kB
MemFree:          486264 kB
MemAvailable:    1352532 kB
Buffers:           89768 kB
Cached:           799492 kB
MemTotal:        1844596 kB
MemFree:          486016 kB
MemAvailable:    1352452 kB
Buffers:           89768 kB
Cached:           799740 kB
MemTotal:        1844596 kB
MemFree:          486992 kB
MemAvailable:    1353596 kB
Buffers:           89768 kB
Cached:           799864 kB
MemTotal:        1844596 kB
MemFree:          486884 kB
MemAvailable:    1353488 kB
Buffers:           89768 kB
Cached:           799864 kB
MemTotal:        1844596 kB
MemFree:          485380 kB
MemAvailable:    1352068 kB
Buffers:           89768 kB
Cached:           799988 kB
MemTotal:        1844596 kB
MemFree:          485380 kB
MemAvailable:    1352152 kB
Buffers:           89768 kB
Cached:           800112 kB
MemTotal:        1844596 kB
MemFree:          485364 kB
MemAvailable:    1352136 kB
Buffers:           89768 kB
Cached:           800112 kB
MemTotal:        1844596 kB
MemFree:          486548 kB
MemAvailable:    1353404 kB
Buffers:           89768 kB
Cached:           800112 kB
MemTotal:        1844596 kB
MemFree:          485364 kB
MemAvailable:    1352220 kB
Buffers:           89768 kB
Cached:           800112 kB
MemTotal:        1844596 kB
MemFree:          486476 kB
MemAvailable:    1353332 kB
Buffers:           89768 kB
Cached:           800112 kB
MemTotal:        1844596 kB
MemFree:          485900 kB
MemAvailable:    1352756 kB
Buffers:           89768 kB
Cached:           800112 kB
MemTotal:        1844596 kB
MemFree:          486564 kB
MemAvailable:    1353420 kB
Buffers:           89768 kB
Cached:           800112 kB
MemTotal:        1844596 kB
MemFree:          485388 kB
MemAvailable:    1352244 kB
Buffers:           89768 kB
Cached:           800112 kB
MemTotal:        1844596 kB
MemFree:          486440 kB
MemAvailable:    1353464 kB
Buffers:           89768 kB
Cached:           800236 kB
MemTotal:        1844596 kB
MemFree:          486440 kB
MemAvailable:    1352708 kB
Buffers:           89768 kB
Cached:           799520 kB
MemTotal:        1844596 kB
MemFree:          525508 kB
MemAvailable:    1391776 kB
Buffers:           89768 kB
Cached:           799520 kB
MemTotal:        1844596 kB
MemFree:          642132 kB
MemAvailable:    1508400 kB
Buffers:           89768 kB
Cached:           799520 kB
MemTotal:        1844596 kB
MemFree:          681704 kB
MemAvailable:    1547972 kB
Buffers:           89768 kB
Cached:           799520 kB
