MemTotal:        1844596 kB
MemFree:          402220 kB
MemAvailable:    1522152 kB
Buffers:           84784 kB
Cached:          1071376 kB
MemTotal:        1844596 kB
MemFree:          374472 kB
MemAvailable:    1494408 kB
Buffers:           84784 kB
Cached:          1071380 kB
MemTotal:        1844596 kB
MemFree:          374340 kB
MemAvailable:    1494276 kB
Buffers:           84784 kB
Cached:          1071380 kB
MemTotal:        1844596 kB
MemFree:          372312 kB
MemAvailable:    1492248 kB
Buffers:           84784 kB
Cached:          1071380 kB
MemTotal:        1844596 kB
MemFree:          371860 kB
MemAvailable:    1491796 kB
Buffers:           84784 kB
Cached:          1071380 kB
MemTotal:        1844596 kB
MemFree:          370924 kB
MemAvailable:    1490860 kB
Buffers:           84784 kB
Cached:          1071380 kB
MemTotal:        1844596 kB
MemFree:          371176 kB
MemAvailable:    1491112 kB
Buffers:           84784 kB
Cached:          1071380 kB
MemTotal:        1844596 kB
MemFree:          369388 kB
MemAvailable:    1489324 kB
Buffers:           84784 kB
Cached:          1071380 kB
MemTotal:        1844596 kB
MemFree:          367924 kB
MemAvailable:    1487860 kB
Buffers:           84784 kB
Cached:          1071380 kB
MemTotal:        1844596 kB
MemFree:          365484 kB
MemAvailable:    1485420 kB
Buffers:           84784 kB
Cached:          1071380 kB
MemTotal:        1844596 kB
MemFree:          364428 kB
MemAvailable:    1484364 kB
Buffers:           84784 kB
Cached:          1071380 kB
MemTotal:        1844596 kB
MemFree:          359648 kB
MemAvailable:    1479584 kB
Buffers:           84784 kB
Cached:          1071380 kB
MemTotal:        1844596 kB
MemFree:          359416 kB
MemAvailable:    1479352 kB
Buffers:           84784 kB
Cached:          1071380 kB
MemTotal:        1844596 kB
MemFree:          360800 kB
MemAvailable:    1480736 kB
Buffers:           84784 kB
Cached:          1071380 kB
MemTotal:        1844596 kB
MemFree:          361136 kB
MemAvailable:    1481072 kB
Buffers:           84784 kB
Cached:          1071380 kB
MemTotal:        1844596 kB
MemFree:          359648 kB
MemAvailable:    1479584 kB
Buffers:           84784 kB
Cached:          1071380 kB
MemTotal:        1844596 kB
MemFree:          360824 kB
MemAvailable:    1480760 kB
Buffers:           84784 kB
Cached:          1071380 kB
MemTotal:        1844596 kB
MemFree:          360692 kB
MemAvailable:    1480628 kB
Buffers:           84784 kB
Cached:          1071380 kB
MemTotal:        1844596 kB
MemFree:          358996 kB
MemAvailable:    1478932 kB
Buffers:           84784 kB
Cached:          1071380 kB
MemTotal:        1844596 kB
MemFree:          360420 kB
MemAvailable:    1480356 kB
Buffers:           84784 kB
Cached:          1071380 kB
MemTotal:        1844596 kB
MemFree:          360480 kB
MemAvailable:    1480416 kB
Buffers:           84784 kB
Cached:          1071380 kB
MemTotal:        1844596 kB
MemFree:          360216 kB
MemAvailable:    1480152 kB
Buffers:           84784 kB
Cached:          1071380 kB
MemTotal:        1844596 kB
MemFree:          360468 kB
MemAvailable:    1480404 kB
Buffers:           84784 kB
Cached:          1071380 kB
MemTotal:        1844596 kB
MemFree:          360128 kB
MemAvailable:    1480064 kB
Buffers:           84784 kB
Cached:          1071380 kB
MemTotal:        1844596 kB
MemFree:          360152 kB
MemAvailable:    1480088 kB
Buffers:           84784 kB
Cached:          1071380 kB
MemTotal:        1844596 kB
MemFree:          359956 kB
MemAvailable:    1479892 kB
Buffers:           84784 kB
Cached:          1071380 kB
MemTotal:        1844596 kB
MemFree:          360208 kB
MemAvailable:    1480144 kB
Buffers:           84784 kB
Cached:          1071380 kB
MemTotal:        1844596 kB
MemFree:          359508 kB
MemAvailable:    1479444 kB
Buffers:           84784 kB
Cached:          1071380 kB
MemTotal:        1844596 kB
MemFree:          359508 kB
MemAvailable:    1479444 kB
Buffers:           84784 kB
Cached:          1071380 kB
MemTotal:        1844596 kB
MemFree:          359212 kB
MemAvailable:    1479148 kB
Buffers:           84784 kB
Cached:          1071380 kB
MemTotal:        1844596 kB
MemFree:          359212 kB
MemAvailable:    1479148 kB
Buffers:           84784 kB
Cached:          1071380 kB
MemTotal:        1844596 kB
MemFree:          358532 kB
MemAvailable:    1478468 kB
Buffers:           84784 kB
Cached:          1071380 kB
MemTotal:        1844596 kB
MemFree:          358532 kB
MemAvailable:    1478468 kB
Buffers:           84784 kB
Cached:          1071380 kB
MemTotal:        1844596 kB
MemFree:          356912 kB
MemAvailable:    1476848 kB
Buffers:           84784 kB
Cached:          1071380 kB
MemTotal:        1844596 kB
MemFree:          358284 kB
MemAvailable:    1478220 kB
Buffers:           84784 kB
Cached:          1071380 kB
MemTotal:        1844596 kB
MemFree:          357896 kB
MemAvailable:    1477832 kB
Buffers:           84784 kB
Cached:          1071380 kB
MemTotal:        1844596 kB
MemFree:          358152 kB
MemAvailable:    1478088 kB
Buffers:           84784 kB
Cached:          1071380 kB
MemTotal:        1844596 kB
MemFree:          356516 kB
MemAvailable:    1476452 kB
Buffers:           84784 kB
Cached:          1071380 kB
MemTotal:        1844596 kB
MemFree:          357028 kB
MemAvailable:    1476964 kB
Buffers:           84784 kB
Cached:          1071380 kB
MemTotal:        1844596 kB
MemFree:          356780 kB
MemAvailable:    1476716 kB
Buffers:           84784 kB
Cached:          1071380 kB
MemTotal:        1844596 kB
MemFree:          358292 kB
MemAvailable:    1478228 kB
Buffers:           84784 kB
Cached:          1071380 kB
MemTotal:        1844596 kB
MemFree:          359284 kB
MemAvailable:    1479220 kB
Buffers:           84784 kB
Cached:          1071380 kB
MemTotal:        1844596 kB
MemFree:          357920 kB
MemAvailable:    1477856 kB
Buffers:           84784 kB
Cached:          1071380 kB
MemTotal:        1844596 kB
MemFree:          356112 kB
MemAvailable:    1476048 kB
Buffers:           84784 kB
Cached:          1071380 kB
MemTotal:        1844596 kB
MemFree:          353936 kB
MemAvailable:    1473872 kB
Buffers:           84784 kB
Cached:          1071380 kB
MemTotal:        1844596 kB
MemFree:          354272 kB
MemAvailable:    1474208 kB
Buffers:           84784 kB
Cached:          1071380 kB
MemTotal:        1844596 kB
MemFree:          353944 kB
MemAvailable:    1473880 kB
Buffers:           84784 kB
Cached:          1071380 kB
MemTotal:        1844596 kB
MemFree:          352572 kB
MemAvailable:    1472508 kB
Buffers:           84784 kB
Cached:          1071380 kB
MemTotal:        1844596 kB
MemFree:          353564 kB
MemAvailable:    1473504 kB
Buffers:           84784 kB
Cached:          1071384 kB
MemTotal:        1844596 kB
MemFree:          353764 kB
MemAvailable:    1473704 kB
Buffers:           84784 kB
Cached:          1071384 kB
MemTotal:        1844596 kB
MemFree:          349984 kB
MemAvailable:    1469924 kB
Buffers:           84784 kB
Cached:          1071384 kB
MemTotal:        1844596 kB
MemFree:          349604 kB
MemAvailable:    1469544 kB
Buffers:           84784 kB
Cached:          1071384 kB
MemTotal:        1844596 kB
MemFree:          349364 kB
MemAvailable:    1469304 kB
Buffers:           84784 kB
Cached:          1071384 kB
MemTotal:        1844596 kB
MemFree:          347620 kB
MemAvailable:    1467560 kB
Buffers:           84784 kB
Cached:          1071384 kB
MemTotal:        1844596 kB
MemFree:          342544 kB
MemAvailable:    1462484 kB
Buffers:           84784 kB
Cached:          1071384 kB
MemTotal:        1844596 kB
MemFree:          337212 kB
MemAvailable:    1457152 kB
Buffers:           84784 kB
Cached:          1071384 kB
MemTotal:        1844596 kB
MemFree:          333940 kB
MemAvailable:    1453880 kB
Buffers:           84784 kB
Cached:          1071384 kB
MemTotal:        1844596 kB
MemFree:          334792 kB
MemAvailable:    1454732 kB
Buffers:           84784 kB
Cached:          1071384 kB
MemTotal:        1844596 kB
MemFree:          333608 kB
MemAvailable:    1453548 kB
Buffers:           84784 kB
Cached:          1071384 kB
MemTotal:        1844596 kB
MemFree:          333608 kB
MemAvailable:    1453548 kB
Buffers:           84784 kB
Cached:          1071384 kB
MemTotal:        1844596 kB
MemFree:          328764 kB
MemAvailable:    1448704 kB
Buffers:           84784 kB
Cached:          1071384 kB
MemTotal:        1844596 kB
MemFree:          328532 kB
MemAvailable:    1448472 kB
Buffers:           84784 kB
Cached:          1071384 kB
MemTotal:        1844596 kB
MemFree:          328528 kB
MemAvailable:    1448468 kB
Buffers:           84784 kB
Cached:          1071384 kB
MemTotal:        1844596 kB
MemFree:          327796 kB
MemAvailable:    1447736 kB
Buffers:           84784 kB
Cached:          1071384 kB
MemTotal:        1844596 kB
MemFree:          328172 kB
MemAvailable:    1448112 kB
Buffers:           84784 kB
Cached:          1071384 kB
MemTotal:        1844596 kB
MemFree:          327044 kB
MemAvailable:    1446984 kB
Buffers:           84784 kB
Cached:          1071384 kB
MemTotal:        1844596 kB
MemFree:          326872 kB
MemAvailable:    1446812 kB
Buffers:           84784 kB
Cached:          1071384 kB
MemTotal:        1844596 kB
MemFree:          324812 kB
MemAvailable:    1444752 kB
Buffers:           84784 kB
Cached:          1071384 kB
MemTotal:        1844596 kB
MemFree:          326136 kB
MemAvailable:    1446076 kB
Buffers:           84784 kB
Cached:          1071384 kB
MemTotal:        1844596 kB
MemFree:          326012 kB
MemAvailable:    1445952 kB
Buffers:           84784 kB
Cached:          1071384 kB
MemTotal:        1844596 kB
MemFree:          325092 kB
MemAvailable:    1445032 kB
Buffers:           84784 kB
Cached:          1071384 kB
MemTotal:        1844596 kB
MemFree:          325808 kB
MemAvailable:    1445748 kB
Buffers:           84784 kB
Cached:          1071384 kB
MemTotal:        1844596 kB
MemFree:          326144 kB
MemAvailable:    1446084 kB
Buffers:           84784 kB
Cached:          1071384 kB
MemTotal:        1844596 kB
MemFree:          324576 kB
MemAvailable:    1444516 kB
Buffers:           84784 kB
Cached:          1071384 kB
MemTotal:        1844596 kB
MemFree:          324444 kB
MemAvailable:    1444384 kB
Buffers:           84784 kB
Cached:          1071384 kB
MemTotal:        1844596 kB
MemFree:          325628 kB
MemAvailable:    1445568 kB
Buffers:           84784 kB
Cached:          1071384 kB
MemTotal:        1844596 kB
MemFree:          325880 kB
MemAvailable:    1445820 kB
Buffers:           84784 kB
Cached:          1071384 kB
MemTotal:        1844596 kB
MemFree:          324540 kB
MemAvailable:    1444480 kB
Buffers:           84784 kB
Cached:          1071384 kB
MemTotal:        1844596 kB
MemFree:          324664 kB
MemAvailable:    1444604 kB
Buffers:           84784 kB
Cached:          1071384 kB
MemTotal:        1844596 kB
MemFree:          325840 kB
MemAvailable:    1445780 kB
Buffers:           84784 kB
Cached:          1071384 kB
MemTotal:        1844596 kB
MemFree:          324968 kB
MemAvailable:    1444908 kB
Buffers:           84784 kB
Cached:          1071384 kB
MemTotal:        1844596 kB
MemFree:          325312 kB
MemAvailable:    1445252 kB
Buffers:           84784 kB
Cached:          1071384 kB
MemTotal:        1844596 kB
MemFree:          325480 kB
MemAvailable:    1445420 kB
Buffers:           84784 kB
Cached:          1071384 kB
MemTotal:        1844596 kB
MemFree:          325460 kB
MemAvailable:    1445400 kB
Buffers:           84784 kB
Cached:          1071384 kB
MemTotal:        1844596 kB
MemFree:          324092 kB
MemAvailable:    1444032 kB
Buffers:           84784 kB
Cached:          1071384 kB
MemTotal:        1844596 kB
MemFree:          325448 kB
MemAvailable:    1445388 kB
Buffers:           84784 kB
Cached:          1071384 kB
MemTotal:        1844596 kB
MemFree:          320364 kB
MemAvailable:    1440304 kB
Buffers:           84784 kB
Cached:          1071384 kB
MemTotal:        1844596 kB
MemFree:          316076 kB
MemAvailable:    1436016 kB
Buffers:           84784 kB
Cached:          1071384 kB
MemTotal:        1844596 kB
MemFree:          311560 kB
MemAvailable:    1431500 kB
Buffers:           84784 kB
Cached:          1071384 kB
MemTotal:        1844596 kB
MemFree:          308948 kB
MemAvailable:    1428888 kB
Buffers:           84784 kB
Cached:          1071384 kB
MemTotal:        1844596 kB
MemFree:          310372 kB
MemAvailable:    1430312 kB
Buffers:           84784 kB
Cached:          1071384 kB
MemTotal:        1844596 kB
MemFree:          309088 kB
MemAvailable:    1429028 kB
Buffers:           84784 kB
Cached:          1071384 kB
MemTotal:        1844596 kB
MemFree:          310140 kB
MemAvailable:    1430080 kB
Buffers:           84784 kB
Cached:          1071384 kB
MemTotal:        1844596 kB
MemFree:          308568 kB
MemAvailable:    1428508 kB
Buffers:           84784 kB
Cached:          1071384 kB
MemTotal:        1844596 kB
MemFree:          308336 kB
MemAvailable:    1428276 kB
Buffers:           84784 kB
Cached:          1071384 kB
MemTotal:        1844596 kB
MemFree:          308460 kB
MemAvailable:    1428400 kB
Buffers:           84784 kB
Cached:          1071384 kB
MemTotal:        1844596 kB
MemFree:          308336 kB
MemAvailable:    1428276 kB
Buffers:           84784 kB
Cached:          1071384 kB
MemTotal:        1844596 kB
MemFree:          308308 kB
MemAvailable:    1428248 kB
Buffers:           84784 kB
Cached:          1071384 kB
MemTotal:        1844596 kB
MemFree:          310016 kB
MemAvailable:    1429956 kB
Buffers:           84784 kB
Cached:          1071384 kB
MemTotal:        1844596 kB
MemFree:          308652 kB
MemAvailable:    1428592 kB
Buffers:           84784 kB
Cached:          1071384 kB
MemTotal:        1844596 kB
MemFree:          309452 kB
MemAvailable:    1429392 kB
Buffers:           84784 kB
Cached:          1071384 kB
MemTotal:        1844596 kB
MemFree:          310172 kB
MemAvailable:    1430112 kB
Buffers:           84784 kB
Cached:          1071384 kB
MemTotal:        1844596 kB
MemFree:          308832 kB
MemAvailable:    1428772 kB
Buffers:           84784 kB
Cached:          1071384 kB
MemTotal:        1844596 kB
MemFree:          308444 kB
MemAvailable:    1428384 kB
Buffers:           84784 kB
Cached:          1071384 kB
MemTotal:        1844596 kB
MemFree:          308328 kB
MemAvailable:    1428276 kB
Buffers:           84784 kB
Cached:          1071392 kB
MemTotal:        1844596 kB
MemFree:          308564 kB
MemAvailable:    1428512 kB
Buffers:           84784 kB
Cached:          1071392 kB
MemTotal:        1844596 kB
MemFree:          304740 kB
MemAvailable:    1424688 kB
Buffers:           84784 kB
Cached:          1071392 kB
MemTotal:        1844596 kB
MemFree:          300020 kB
MemAvailable:    1419968 kB
Buffers:           84784 kB
Cached:          1071392 kB
MemTotal:        1844596 kB
MemFree:          299648 kB
MemAvailable:    1419596 kB
Buffers:           84784 kB
Cached:          1071392 kB
MemTotal:        1844596 kB
MemFree:          299020 kB
MemAvailable:    1418968 kB
Buffers:           84784 kB
Cached:          1071392 kB
MemTotal:        1844596 kB
MemFree:          299400 kB
MemAvailable:    1419348 kB
Buffers:           84784 kB
Cached:          1071392 kB
MemTotal:        1844596 kB
MemFree:          296992 kB
MemAvailable:    1416940 kB
Buffers:           84784 kB
Cached:          1071392 kB
MemTotal:        1844596 kB
MemFree:          297360 kB
MemAvailable:    1417308 kB
Buffers:           84784 kB
Cached:          1071392 kB
MemTotal:        1844596 kB
MemFree:          296992 kB
MemAvailable:    1416940 kB
Buffers:           84784 kB
Cached:          1071392 kB
MemTotal:        1844596 kB
MemFree:          295432 kB
MemAvailable:    1415380 kB
Buffers:           84784 kB
Cached:          1071392 kB
MemTotal:        1844596 kB
MemFree:          296728 kB
MemAvailable:    1416676 kB
Buffers:           84784 kB
Cached:          1071392 kB
MemTotal:        1844596 kB
MemFree:          297176 kB
MemAvailable:    1417124 kB
Buffers:           84784 kB
Cached:          1071392 kB
MemTotal:        1844596 kB
MemFree:          296920 kB
MemAvailable:    1416868 kB
Buffers:           84784 kB
Cached:          1071392 kB
MemTotal:        1844596 kB
MemFree:          296928 kB
MemAvailable:    1416960 kB
Buffers:           84784 kB
Cached:          1071392 kB
MemTotal:        1844596 kB
MemFree:          296920 kB
MemAvailable:    1416868 kB
Buffers:           84784 kB
Cached:          1071392 kB
MemTotal:        1844596 kB
MemFree:          296920 kB
MemAvailable:    1416868 kB
Buffers:           84784 kB
Cached:          1071392 kB
MemTotal:        1844596 kB
MemFree:          296424 kB
MemAvailable:    1416372 kB
Buffers:           84792 kB
Cached:          1071384 kB
MemTotal:        1844596 kB
MemFree:          296424 kB
MemAvailable:    1416372 kB
Buffers:           84792 kB
Cached:          1071384 kB
MemTotal:        1844596 kB
MemFree:          296424 kB
MemAvailable:    1416372 kB
Buffers:           84792 kB
Cached:          1071384 kB
MemTotal:        1844596 kB
MemFree:          296564 kB
MemAvailable:    1416512 kB
Buffers:           84792 kB
Cached:          1071384 kB
MemTotal:        1844596 kB
MemFree:          294944 kB
MemAvailable:    1414892 kB
Buffers:           84792 kB
Cached:          1071384 kB
MemTotal:        1844596 kB
MemFree:          296628 kB
MemAvailable:    1416576 kB
Buffers:           84792 kB
Cached:          1071384 kB
MemTotal:        1844596 kB
MemFree:          296432 kB
MemAvailable:    1416380 kB
Buffers:           84792 kB
Cached:          1071384 kB
MemTotal:        1844596 kB
MemFree:          296432 kB
MemAvailable:    1416380 kB
Buffers:           84792 kB
Cached:          1071384 kB
MemTotal:        1844596 kB
MemFree:          296556 kB
MemAvailable:    1416504 kB
Buffers:           84792 kB
Cached:          1071384 kB
MemTotal:        1844596 kB
MemFree:          294812 kB
MemAvailable:    1414760 kB
Buffers:           84792 kB
Cached:          1071384 kB
MemTotal:        1844596 kB
MemFree:          294812 kB
MemAvailable:    1414760 kB
Buffers:           84792 kB
Cached:          1071384 kB
MemTotal:        1844596 kB
MemFree:          296424 kB
MemAvailable:    1416372 kB
Buffers:           84792 kB
Cached:          1071384 kB
MemTotal:        1844596 kB
MemFree:          296424 kB
MemAvailable:    1416372 kB
Buffers:           84792 kB
Cached:          1071384 kB
MemTotal:        1844596 kB
MemFree:          296300 kB
MemAvailable:    1416248 kB
Buffers:           84792 kB
Cached:          1071384 kB
MemTotal:        1844596 kB
MemFree:          296424 kB
MemAvailable:    1416336 kB
Buffers:           84792 kB
Cached:          1071396 kB
MemTotal:        1844596 kB
MemFree:          294944 kB
MemAvailable:    1414856 kB
Buffers:           84792 kB
Cached:          1071396 kB
MemTotal:        1844596 kB
MemFree:          296432 kB
MemAvailable:    1416344 kB
Buffers:           84792 kB
Cached:          1071396 kB
MemTotal:        1844596 kB
MemFree:          295888 kB
MemAvailable:    1415800 kB
Buffers:           84792 kB
Cached:          1071396 kB
MemTotal:        1844596 kB
MemFree:          296300 kB
MemAvailable:    1416212 kB
Buffers:           84792 kB
Cached:          1071396 kB
MemTotal:        1844596 kB
MemFree:          296300 kB
MemAvailable:    1416212 kB
Buffers:           84792 kB
Cached:          1071396 kB
MemTotal:        1844596 kB
MemFree:          296052 kB
MemAvailable:    1415964 kB
Buffers:           84792 kB
Cached:          1071396 kB
MemTotal:        1844596 kB
MemFree:          296052 kB
MemAvailable:    1415964 kB
Buffers:           84792 kB
Cached:          1071396 kB
MemTotal:        1844596 kB
MemFree:          296052 kB
MemAvailable:    1415964 kB
Buffers:           84792 kB
Cached:          1071396 kB
MemTotal:        1844596 kB
MemFree:          296052 kB
MemAvailable:    1415964 kB
Buffers:           84792 kB
Cached:          1071396 kB
MemTotal:        1844596 kB
MemFree:          294456 kB
MemAvailable:    1414368 kB
Buffers:           84792 kB
Cached:          1071396 kB
MemTotal:        1844596 kB
MemFree:          295812 kB
MemAvailable:    1415724 kB
Buffers:           84792 kB
Cached:          1071396 kB
MemTotal:        1844596 kB
MemFree:          295680 kB
MemAvailable:    1415592 kB
Buffers:           84792 kB
Cached:          1071396 kB
MemTotal:        1844596 kB
MemFree:          295688 kB
MemAvailable:    1415600 kB
Buffers:           84792 kB
Cached:          1071396 kB
MemTotal:        1844596 kB
MemFree:          294076 kB
MemAvailable:    1413988 kB
Buffers:           84792 kB
Cached:          1071396 kB
MemTotal:        1844596 kB
MemFree:          295508 kB
MemAvailable:    1415420 kB
Buffers:           84792 kB
Cached:          1071396 kB
MemTotal:        1844596 kB
MemFree:          295184 kB
MemAvailable:    1415096 kB
Buffers:           84792 kB
Cached:          1071396 kB
MemTotal:        1844596 kB
MemFree:          293696 kB
MemAvailable:    1413608 kB
Buffers:           84792 kB
Cached:          1071396 kB
MemTotal:        1844596 kB
MemFree:          294748 kB
MemAvailable:    1414660 kB
Buffers:           84792 kB
Cached:          1071396 kB
MemTotal:        1844596 kB
MemFree:          295128 kB
MemAvailable:    1415040 kB
Buffers:           84792 kB
Cached:          1071396 kB
MemTotal:        1844596 kB
MemFree:          293952 kB
MemAvailable:    1413864 kB
Buffers:           84792 kB
Cached:          1071396 kB
MemTotal:        1844596 kB
MemFree:          294936 kB
MemAvailable:    1414848 kB
Buffers:           84792 kB
Cached:          1071396 kB
MemTotal:        1844596 kB
MemFree:          295308 kB
MemAvailable:    1415220 kB
Buffers:           84792 kB
Cached:          1071396 kB
MemTotal:        1844596 kB
MemFree:          295192 kB
MemAvailable:    1415104 kB
Buffers:           84792 kB
Cached:          1071396 kB
MemTotal:        1844596 kB
MemFree:          285396 kB
MemAvailable:    1405308 kB
Buffers:           84792 kB
Cached:          1071396 kB
MemTotal:        1844596 kB
MemFree:          284900 kB
MemAvailable:    1404812 kB
Buffers:           84792 kB
Cached:          1071396 kB
MemTotal:        1844596 kB
MemFree:          284652 kB
MemAvailable:    1404564 kB
Buffers:           84792 kB
Cached:          1071396 kB
MemTotal:        1844596 kB
MemFree:          282792 kB
MemAvailable:    1402704 kB
Buffers:           84792 kB
Cached:          1071396 kB
MemTotal:        1844596 kB
MemFree:          282660 kB
MemAvailable:    1402572 kB
Buffers:           84792 kB
Cached:          1071396 kB
MemTotal:        1844596 kB
MemFree:          283100 kB
MemAvailable:    1403012 kB
Buffers:           84792 kB
Cached:          1071396 kB
MemTotal:        1844596 kB
MemFree:          281976 kB
MemAvailable:    1401888 kB
Buffers:           84792 kB
Cached:          1071396 kB
MemTotal:        1844596 kB
MemFree:          281792 kB
MemAvailable:    1401704 kB
Buffers:           84792 kB
Cached:          1071396 kB
MemTotal:        1844596 kB
MemFree:          281916 kB
MemAvailable:    1401832 kB
Buffers:           84792 kB
Cached:          1071400 kB
MemTotal:        1844596 kB
MemFree:          281924 kB
MemAvailable:    1401840 kB
Buffers:           84792 kB
Cached:          1071400 kB
MemTotal:        1844596 kB
MemFree:          281924 kB
MemAvailable:    1401840 kB
Buffers:           84792 kB
Cached:          1071400 kB
MemTotal:        1844596 kB
MemFree:          281924 kB
MemAvailable:    1401840 kB
Buffers:           84792 kB
Cached:          1071400 kB
MemTotal:        1844596 kB
MemFree:          281924 kB
MemAvailable:    1401840 kB
Buffers:           84792 kB
Cached:          1071400 kB
MemTotal:        1844596 kB
MemFree:          280312 kB
MemAvailable:    1400228 kB
Buffers:           84792 kB
Cached:          1071400 kB
MemTotal:        1844596 kB
MemFree:          281304 kB
MemAvailable:    1401220 kB
Buffers:           84792 kB
Cached:          1071400 kB
MemTotal:        1844596 kB
MemFree:          278948 kB
MemAvailable:    1398864 kB
Buffers:           84792 kB
Cached:          1071400 kB
MemTotal:        1844596 kB
MemFree:          279808 kB
MemAvailable:    1399724 kB
Buffers:           84792 kB
Cached:          1071400 kB
MemTotal:        1844596 kB
MemFree:          279380 kB
MemAvailable:    1399296 kB
Buffers:           84792 kB
Cached:          1071400 kB
MemTotal:        1844596 kB
MemFree:          279136 kB
MemAvailable:    1399052 kB
Buffers:           84792 kB
Cached:          1071400 kB
MemTotal:        1844596 kB
MemFree:          278576 kB
MemAvailable:    1398492 kB
Buffers:           84792 kB
Cached:          1071400 kB
MemTotal:        1844596 kB
MemFree:          277164 kB
MemAvailable:    1397080 kB
Buffers:           84792 kB
Cached:          1071400 kB
MemTotal:        1844596 kB
MemFree:          277460 kB
MemAvailable:    1397376 kB
Buffers:           84792 kB
Cached:          1071400 kB
MemTotal:        1844596 kB
MemFree:          276716 kB
MemAvailable:    1396632 kB
Buffers:           84792 kB
Cached:          1071400 kB
MemTotal:        1844596 kB
MemFree:          275228 kB
MemAvailable:    1395144 kB
Buffers:           84792 kB
Cached:          1071400 kB
MemTotal:        1844596 kB
MemFree:          276912 kB
MemAvailable:    1396828 kB
Buffers:           84792 kB
Cached:          1071400 kB
MemTotal:        1844596 kB
MemFree:          276972 kB
MemAvailable:    1396888 kB
Buffers:           84792 kB
Cached:          1071400 kB
MemTotal:        1844596 kB
MemFree:          276840 kB
MemAvailable:    1396756 kB
Buffers:           84792 kB
Cached:          1071400 kB
MemTotal:        1844596 kB
MemFree:          276716 kB
MemAvailable:    1396632 kB
Buffers:           84792 kB
Cached:          1071400 kB
MemTotal:        1844596 kB
MemFree:          274980 kB
MemAvailable:    1394896 kB
Buffers:           84792 kB
Cached:          1071400 kB
MemTotal:        1844596 kB
MemFree:          276584 kB
MemAvailable:    1396500 kB
Buffers:           84792 kB
Cached:          1071400 kB
MemTotal:        1844596 kB
MemFree:          274972 kB
MemAvailable:    1394888 kB
Buffers:           84792 kB
Cached:          1071400 kB
MemTotal:        1844596 kB
MemFree:          276460 kB
MemAvailable:    1396376 kB
Buffers:           84792 kB
Cached:          1071400 kB
MemTotal:        1844596 kB
MemFree:          275900 kB
MemAvailable:    1395816 kB
Buffers:           84792 kB
Cached:          1071400 kB
MemTotal:        1844596 kB
MemFree:          276280 kB
MemAvailable:    1396196 kB
Buffers:           84792 kB
Cached:          1071400 kB
MemTotal:        1844596 kB
MemFree:          276584 kB
MemAvailable:    1396500 kB
Buffers:           84792 kB
Cached:          1071400 kB
MemTotal:        1844596 kB
MemFree:          273864 kB
MemAvailable:    1393780 kB
Buffers:           84792 kB
Cached:          1071400 kB
MemTotal:        1844596 kB
MemFree:          275104 kB
MemAvailable:    1395020 kB
Buffers:           84792 kB
Cached:          1071400 kB
MemTotal:        1844596 kB
MemFree:          273368 kB
MemAvailable:    1393284 kB
Buffers:           84792 kB
Cached:          1071400 kB
MemTotal:        1844596 kB
MemFree:          273360 kB
MemAvailable:    1393276 kB
Buffers:           84792 kB
Cached:          1071400 kB
MemTotal:        1844596 kB
MemFree:          270144 kB
MemAvailable:    1390056 kB
Buffers:           84792 kB
Cached:          1071400 kB
MemTotal:        1844596 kB
MemFree:          264812 kB
MemAvailable:    1384724 kB
Buffers:           84792 kB
Cached:          1071404 kB
MemTotal:        1844596 kB
MemFree:          258860 kB
MemAvailable:    1378772 kB
Buffers:           84792 kB
Cached:          1071404 kB
MemTotal:        1844596 kB
MemFree:          257860 kB
MemAvailable:    1377772 kB
Buffers:           84792 kB
Cached:          1071404 kB
MemTotal:        1844596 kB
MemFree:          257308 kB
MemAvailable:    1377220 kB
Buffers:           84792 kB
Cached:          1071404 kB
MemTotal:        1844596 kB
MemFree:          257316 kB
MemAvailable:    1377228 kB
Buffers:           84792 kB
Cached:          1071404 kB
MemTotal:        1844596 kB
MemFree:          256936 kB
MemAvailable:    1376848 kB
Buffers:           84792 kB
Cached:          1071404 kB
MemTotal:        1844596 kB
MemFree:          257364 kB
MemAvailable:    1377276 kB
Buffers:           84792 kB
Cached:          1071404 kB
MemTotal:        1844596 kB
MemFree:          256876 kB
MemAvailable:    1376788 kB
Buffers:           84792 kB
Cached:          1071404 kB
MemTotal:        1844596 kB
MemFree:          256744 kB
MemAvailable:    1376656 kB
Buffers:           84792 kB
Cached:          1071404 kB
MemTotal:        1844596 kB
MemFree:          256744 kB
MemAvailable:    1376656 kB
Buffers:           84792 kB
Cached:          1071404 kB
MemTotal:        1844596 kB
MemFree:          255256 kB
MemAvailable:    1375168 kB
Buffers:           84792 kB
Cached:          1071404 kB
MemTotal:        1844596 kB
MemFree:          256744 kB
MemAvailable:    1376656 kB
Buffers:           84792 kB
Cached:          1071404 kB
MemTotal:        1844596 kB
MemFree:          256752 kB
MemAvailable:    1376664 kB
Buffers:           84792 kB
Cached:          1071404 kB
MemTotal:        1844596 kB
MemFree:          256620 kB
MemAvailable:    1376532 kB
Buffers:           84792 kB
Cached:          1071404 kB
MemTotal:        1844596 kB
MemFree:          256744 kB
MemAvailable:    1376656 kB
Buffers:           84792 kB
Cached:          1071404 kB
MemTotal:        1844596 kB
MemFree:          256620 kB
MemAvailable:    1376532 kB
Buffers:           84792 kB
Cached:          1071404 kB
MemTotal:        1844596 kB
MemFree:          256628 kB
MemAvailable:    1376540 kB
Buffers:           84792 kB
Cached:          1071404 kB
MemTotal:        1844596 kB
MemFree:          256224 kB
MemAvailable:    1376136 kB
Buffers:           84792 kB
Cached:          1071404 kB
MemTotal:        1844596 kB
MemFree:          256100 kB
MemAvailable:    1376012 kB
Buffers:           84792 kB
Cached:          1071404 kB
MemTotal:        1844596 kB
MemFree:          256652 kB
MemAvailable:    1376564 kB
Buffers:           84792 kB
Cached:          1071404 kB
MemTotal:        1844596 kB
MemFree:          256660 kB
MemAvailable:    1376572 kB
Buffers:           84792 kB
Cached:          1071404 kB
MemTotal:        1844596 kB
MemFree:          251824 kB
MemAvailable:    1371736 kB
Buffers:           84792 kB
Cached:          1071404 kB
MemTotal:        1844596 kB
MemFree:          251776 kB
MemAvailable:    1371772 kB
Buffers:           84792 kB
Cached:          1071404 kB
MemTotal:        1844596 kB
MemFree:          248048 kB
MemAvailable:    1367960 kB
Buffers:           84792 kB
Cached:          1071404 kB
MemTotal:        1844596 kB
MemFree:          246120 kB
MemAvailable:    1366032 kB
Buffers:           84792 kB
Cached:          1071404 kB
MemTotal:        1844596 kB
MemFree:          241160 kB
MemAvailable:    1361072 kB
Buffers:           84792 kB
Cached:          1071404 kB
MemTotal:        1844596 kB
MemFree:          239868 kB
MemAvailable:    1359780 kB
Buffers:           84792 kB
Cached:          1071404 kB
MemTotal:        1844596 kB
MemFree:          238928 kB
MemAvailable:    1358840 kB
Buffers:           84792 kB
Cached:          1071404 kB
MemTotal:        1844596 kB
MemFree:          238432 kB
MemAvailable:    1358344 kB
Buffers:           84792 kB
Cached:          1071404 kB
MemTotal:        1844596 kB
MemFree:          238508 kB
MemAvailable:    1358420 kB
Buffers:           84792 kB
Cached:          1071404 kB
MemTotal:        1844596 kB
MemFree:          238928 kB
MemAvailable:    1358844 kB
Buffers:           84792 kB
Cached:          1071408 kB
MemTotal:        1844596 kB
MemFree:          238812 kB
MemAvailable:    1358728 kB
Buffers:           84792 kB
Cached:          1071408 kB
MemTotal:        1844596 kB
MemFree:          236944 kB
MemAvailable:    1356860 kB
Buffers:           84792 kB
Cached:          1071408 kB
MemTotal:        1844596 kB
MemFree:          238556 kB
MemAvailable:    1358472 kB
Buffers:           84792 kB
Cached:          1071408 kB
MemTotal:        1844596 kB
MemFree:          238556 kB
MemAvailable:    1358472 kB
Buffers:           84792 kB
Cached:          1071408 kB
MemTotal:        1844596 kB
MemFree:          237572 kB
MemAvailable:    1357488 kB
Buffers:           84792 kB
Cached:          1071408 kB
MemTotal:        1844596 kB
MemFree:          238308 kB
MemAvailable:    1358224 kB
Buffers:           84792 kB
Cached:          1071408 kB
MemTotal:        1844596 kB
MemFree:          238636 kB
MemAvailable:    1358552 kB
Buffers:           84792 kB
Cached:          1071408 kB
MemTotal:        1844596 kB
MemFree:          238572 kB
MemAvailable:    1358488 kB
Buffers:           84792 kB
Cached:          1071408 kB
MemTotal:        1844596 kB
MemFree:          238308 kB
MemAvailable:    1358224 kB
Buffers:           84792 kB
Cached:          1071408 kB
MemTotal:        1844596 kB
MemFree:          238432 kB
MemAvailable:    1358348 kB
Buffers:           84792 kB
Cached:          1071408 kB
MemTotal:        1844596 kB
MemFree:          237936 kB
MemAvailable:    1357852 kB
Buffers:           84792 kB
Cached:          1071408 kB
MemTotal:        1844596 kB
MemFree:          238020 kB
MemAvailable:    1357936 kB
Buffers:           84792 kB
Cached:          1071408 kB
MemTotal:        1844596 kB
MemFree:          237192 kB
MemAvailable:    1357108 kB
Buffers:           84792 kB
Cached:          1071408 kB
MemTotal:        1844596 kB
MemFree:          231248 kB
MemAvailable:    1351164 kB
Buffers:           84792 kB
Cached:          1071408 kB
MemTotal:        1844596 kB
MemFree:          223560 kB
MemAvailable:    1343476 kB
Buffers:           84792 kB
Cached:          1071408 kB
MemTotal:        1844596 kB
MemFree:          221328 kB
MemAvailable:    1341244 kB
Buffers:           84792 kB
Cached:          1071408 kB
MemTotal:        1844596 kB
MemFree:          219220 kB
MemAvailable:    1339136 kB
Buffers:           84792 kB
Cached:          1071408 kB
MemTotal:        1844596 kB
MemFree:          219220 kB
MemAvailable:    1339136 kB
Buffers:           84792 kB
Cached:          1071408 kB
MemTotal:        1844596 kB
MemFree:          219336 kB
MemAvailable:    1339128 kB
Buffers:           84792 kB
Cached:          1071408 kB
MemTotal:        1844596 kB
MemFree:          220824 kB
MemAvailable:    1340740 kB
Buffers:           84792 kB
Cached:          1071408 kB
MemTotal:        1844596 kB
MemFree:          220824 kB
MemAvailable:    1340740 kB
Buffers:           84792 kB
Cached:          1071408 kB
MemTotal:        1844596 kB
MemFree:          219336 kB
MemAvailable:    1339252 kB
Buffers:           84792 kB
Cached:          1071408 kB
MemTotal:        1844596 kB
MemFree:          220964 kB
MemAvailable:    1340880 kB
Buffers:           84792 kB
Cached:          1071408 kB
MemTotal:        1844596 kB
MemFree:          220824 kB
MemAvailable:    1340740 kB
Buffers:           84792 kB
Cached:          1071408 kB
MemTotal:        1844596 kB
MemFree:          220824 kB
MemAvailable:    1340740 kB
Buffers:           84792 kB
Cached:          1071408 kB
MemTotal:        1844596 kB
MemFree:          219956 kB
MemAvailable:    1339872 kB
Buffers:           84792 kB
Cached:          1071408 kB
MemTotal:        1844596 kB
MemFree:          219956 kB
MemAvailable:    1339872 kB
Buffers:           84792 kB
Cached:          1071408 kB
MemTotal:        1844596 kB
MemFree:          219956 kB
MemAvailable:    1339872 kB
Buffers:           84792 kB
Cached:          1071408 kB
MemTotal:        1844596 kB
MemFree:          219592 kB
MemAvailable:    1339508 kB
Buffers:           84792 kB
Cached:          1071408 kB
MemTotal:        1844596 kB
MemFree:          215376 kB
MemAvailable:    1335288 kB
Buffers:           84792 kB
Cached:          1071412 kB
MemTotal:        1844596 kB
MemFree:          208928 kB
MemAvailable:    1328840 kB
Buffers:           84792 kB
Cached:          1071412 kB
MemTotal:        1844596 kB
MemFree:          206076 kB
MemAvailable:    1325988 kB
Buffers:           84792 kB
Cached:          1071412 kB
MemTotal:        1844596 kB
MemFree:          202728 kB
MemAvailable:    1322640 kB
Buffers:           84792 kB
Cached:          1071412 kB
MemTotal:        1844596 kB
MemFree:          198140 kB
MemAvailable:    1318052 kB
Buffers:           84792 kB
Cached:          1071412 kB
MemTotal:        1844596 kB
MemFree:          193552 kB
MemAvailable:    1313464 kB
Buffers:           84792 kB
Cached:          1071412 kB
MemTotal:        1844596 kB
MemFree:          192172 kB
MemAvailable:    1312084 kB
Buffers:           84792 kB
Cached:          1071412 kB
MemTotal:        1844596 kB
MemFree:          188956 kB
MemAvailable:    1308868 kB
Buffers:           84792 kB
Cached:          1071412 kB
MemTotal:        1844596 kB
MemFree:          188956 kB
MemAvailable:    1308868 kB
Buffers:           84792 kB
Cached:          1071412 kB
MemTotal:        1844596 kB
MemFree:          189080 kB
MemAvailable:    1308992 kB
Buffers:           84792 kB
Cached:          1071412 kB
MemTotal:        1844596 kB
MemFree:          187600 kB
MemAvailable:    1307512 kB
Buffers:           84792 kB
Cached:          1071412 kB
MemTotal:        1844596 kB
MemFree:          188840 kB
MemAvailable:    1308752 kB
Buffers:           84792 kB
Cached:          1071412 kB
MemTotal:        1844596 kB
MemFree:          187848 kB
MemAvailable:    1307760 kB
Buffers:           84792 kB
Cached:          1071412 kB
MemTotal:        1844596 kB
MemFree:          187972 kB
MemAvailable:    1307884 kB
Buffers:           84792 kB
Cached:          1071412 kB
MemTotal:        1844596 kB
MemFree:          187840 kB
MemAvailable:    1307752 kB
Buffers:           84792 kB
Cached:          1071412 kB
MemTotal:        1844596 kB
MemFree:          185864 kB
MemAvailable:    1305776 kB
Buffers:           84792 kB
Cached:          1071412 kB
MemTotal:        1844596 kB
MemFree:          185864 kB
MemAvailable:    1305776 kB
Buffers:           84796 kB
Cached:          1071408 kB
MemTotal:        1844596 kB
MemFree:          187104 kB
MemAvailable:    1307016 kB
Buffers:           84796 kB
Cached:          1071408 kB
MemTotal:        1844596 kB
MemFree:          186352 kB
MemAvailable:    1306264 kB
Buffers:           84796 kB
Cached:          1071408 kB
MemTotal:        1844596 kB
MemFree:          185368 kB
MemAvailable:    1305280 kB
Buffers:           84796 kB
Cached:          1071408 kB
MemTotal:        1844596 kB
MemFree:          184988 kB
MemAvailable:    1304900 kB
Buffers:           84796 kB
Cached:          1071408 kB
MemTotal:        1844596 kB
MemFree:          184996 kB
MemAvailable:    1304908 kB
Buffers:           84796 kB
Cached:          1071408 kB
MemTotal:        1844596 kB
MemFree:          185004 kB
MemAvailable:    1304916 kB
Buffers:           84796 kB
Cached:          1071408 kB
MemTotal:        1844596 kB
MemFree:          183516 kB
MemAvailable:    1303428 kB
Buffers:           84796 kB
Cached:          1071408 kB
MemTotal:        1844596 kB
MemFree:          184996 kB
MemAvailable:    1304908 kB
Buffers:           84796 kB
Cached:          1071408 kB
MemTotal:        1844596 kB
MemFree:          183384 kB
MemAvailable:    1303296 kB
Buffers:           84796 kB
Cached:          1071408 kB
MemTotal:        1844596 kB
MemFree:          184872 kB
MemAvailable:    1304784 kB
Buffers:           84796 kB
Cached:          1071408 kB
MemTotal:        1844596 kB
MemFree:          184436 kB
MemAvailable:    1304348 kB
Buffers:           84796 kB
Cached:          1071408 kB
MemTotal:        1844596 kB
MemFree:          184568 kB
MemAvailable:    1304480 kB
Buffers:           84796 kB
Cached:          1071408 kB
MemTotal:        1844596 kB
MemFree:          184428 kB
MemAvailable:    1304348 kB
Buffers:           84796 kB
Cached:          1071416 kB
MemTotal:        1844596 kB
MemFree:          185004 kB
MemAvailable:    1304924 kB
Buffers:           84796 kB
Cached:          1071416 kB
MemTotal:        1844596 kB
MemFree:          183252 kB
MemAvailable:    1303172 kB
Buffers:           84796 kB
Cached:          1071416 kB
MemTotal:        1844596 kB
MemFree:          184508 kB
MemAvailable:    1304428 kB
Buffers:           84796 kB
Cached:          1071416 kB
MemTotal:        1844596 kB
MemFree:          184368 kB
MemAvailable:    1304288 kB
Buffers:           84796 kB
Cached:          1071416 kB
MemTotal:        1844596 kB
MemFree:          182824 kB
MemAvailable:    1302744 kB
Buffers:           84796 kB
Cached:          1071416 kB
MemTotal:        1844596 kB
MemFree:          184672 kB
MemAvailable:    1304592 kB
Buffers:           84796 kB
Cached:          1071416 kB
MemTotal:        1844596 kB
MemFree:          183376 kB
MemAvailable:    1303296 kB
Buffers:           84796 kB
Cached:          1071416 kB
MemTotal:        1844596 kB
MemFree:          183376 kB
MemAvailable:    1303296 kB
Buffers:           84796 kB
Cached:          1071416 kB
MemTotal:        1844596 kB
MemFree:          184864 kB
MemAvailable:    1304784 kB
Buffers:           84796 kB
Cached:          1071416 kB
MemTotal:        1844596 kB
MemFree:          184872 kB
MemAvailable:    1304792 kB
Buffers:           84796 kB
Cached:          1071416 kB
MemTotal:        1844596 kB
MemFree:          183136 kB
MemAvailable:    1303056 kB
Buffers:           84796 kB
Cached:          1071416 kB
MemTotal:        1844596 kB
MemFree:          182640 kB
MemAvailable:    1302560 kB
Buffers:           84796 kB
Cached:          1071416 kB
MemTotal:        1844596 kB
MemFree:          178672 kB
MemAvailable:    1298592 kB
Buffers:           84796 kB
Cached:          1071416 kB
MemTotal:        1844596 kB
MemFree:          177740 kB
MemAvailable:    1297660 kB
Buffers:           84796 kB
Cached:          1071416 kB
MemTotal:        1844596 kB
MemFree:          177732 kB
MemAvailable:    1297652 kB
Buffers:           84796 kB
Cached:          1071416 kB
MemTotal:        1844596 kB
MemFree:          178300 kB
MemAvailable:    1298220 kB
Buffers:           84796 kB
Cached:          1071416 kB
MemTotal:        1844596 kB
MemFree:          178044 kB
MemAvailable:    1297964 kB
Buffers:           84796 kB
Cached:          1071416 kB
MemTotal:        1844596 kB
MemFree:          176680 kB
MemAvailable:    1296600 kB
Buffers:           84796 kB
Cached:          1071416 kB
MemTotal:        1844596 kB
MemFree:          178292 kB
MemAvailable:    1298212 kB
Buffers:           84796 kB
Cached:          1071416 kB
MemTotal:        1844596 kB
MemFree:          178292 kB
MemAvailable:    1298212 kB
Buffers:           84796 kB
Cached:          1071416 kB
MemTotal:        1844596 kB
MemFree:          178044 kB
MemAvailable:    1298300 kB
Buffers:           84796 kB
Cached:          1071664 kB
MemTotal:        1844596 kB
MemFree:          176308 kB
MemAvailable:    1296648 kB
Buffers:           84796 kB
Cached:          1071788 kB
MemTotal:        1844596 kB
MemFree:          177672 kB
MemAvailable:    1298096 kB
Buffers:           84796 kB
Cached:          1071912 kB
MemTotal:        1844596 kB
MemFree:          176060 kB
MemAvailable:    1296568 kB
Buffers:           84796 kB
Cached:          1072036 kB
MemTotal:        1844596 kB
MemFree:          176068 kB
MemAvailable:    1296576 kB
Buffers:           84796 kB
Cached:          1072036 kB
MemTotal:        1844596 kB
MemFree:          177424 kB
MemAvailable:    1297932 kB
Buffers:           84796 kB
Cached:          1072036 kB
MemTotal:        1844596 kB
MemFree:          177424 kB
MemAvailable:    1297932 kB
Buffers:           84796 kB
Cached:          1072036 kB
MemTotal:        1844596 kB
MemFree:          177548 kB
MemAvailable:    1298056 kB
Buffers:           84796 kB
Cached:          1072036 kB
MemTotal:        1844596 kB
MemFree:          175936 kB
MemAvailable:    1296528 kB
Buffers:           84796 kB
Cached:          1072036 kB
MemTotal:        1844596 kB
MemFree:          178128 kB
MemAvailable:    1298132 kB
Buffers:           84796 kB
Cached:          1071444 kB
MemTotal:        1844596 kB
MemFree:          373916 kB
MemAvailable:    1493920 kB
Buffers:           84796 kB
Cached:          1071444 kB
