MemTotal:        1844596 kB
MemFree:          260296 kB
MemAvailable:    1547316 kB
Buffers:          102868 kB
Cached:          1201572 kB
MemTotal:        1844596 kB
MemFree:          232928 kB
MemAvailable:    1519952 kB
Buffers:          102868 kB
Cached:          1201576 kB
MemTotal:        1844596 kB
MemFree:          231372 kB
MemAvailable:    1518396 kB
Buffers:          102868 kB
Cached:          1201576 kB
MemTotal:        1844596 kB
MemFree:          230744 kB
MemAvailable:    1517768 kB
Buffers:          102868 kB
Cached:          1201576 kB
MemTotal:        1844596 kB
MemFree:          229216 kB
MemAvailable:    1516240 kB
Buffers:          102868 kB
Cached:          1201576 kB
MemTotal:        1844596 kB
MemFree:          228652 kB
MemAvailable:    1515676 kB
Buffers:          102868 kB
Cached:          1201576 kB
MemTotal:        1844596 kB
MemFree:          228960 kB
MemAvailable:    1515984 kB
Buffers:          102868 kB
Cached:          1201576 kB
MemTotal:        1844596 kB
MemFree:          226976 kB
MemAvailable:    1514000 kB
Buffers:          102868 kB
Cached:          1201576 kB
MemTotal:        1844596 kB
MemFree:          224816 kB
MemAvailable:    1511840 kB
Buffers:          102868 kB
Cached:          1201576 kB
MemTotal:        1844596 kB
MemFree:          222444 kB
MemAvailable:    1509468 kB
Buffers:          102868 kB
Cached:          1201576 kB
MemTotal:        1844596 kB
MemFree:          222212 kB
MemAvailable:    1509236 kB
Buffers:          102868 kB
Cached:          1201576 kB
MemTotal:        1844596 kB
MemFree:          217368 kB
MemAvailable:    1504392 kB
Buffers:          102868 kB
Cached:          1201576 kB
MemTotal:        1844596 kB
MemFree:          219420 kB
MemAvailable:    1506444 kB
Buffers:          102868 kB
Cached:          1201576 kB
MemTotal:        1844596 kB
MemFree:          220852 kB
MemAvailable:    1507876 kB
Buffers:          102868 kB
Cached:          1201576 kB
MemTotal:        1844596 kB
MemFree:          219972 kB
MemAvailable:    1506996 kB
Buffers:          102868 kB
Cached:          1201576 kB
MemTotal:        1844596 kB
MemFree:          220396 kB
MemAvailable:    1507420 kB
Buffers:          102868 kB
Cached:          1201576 kB
MemTotal:        1844596 kB
MemFree:          220732 kB
MemAvailable:    1507756 kB
Buffers:          102868 kB
Cached:          1201576 kB
MemTotal:        1844596 kB
MemFree:          220644 kB
MemAvailable:    1507668 kB
Buffers:          102868 kB
Cached:          1201576 kB
MemTotal:        1844596 kB
MemFree:          220464 kB
MemAvailable:    1507488 kB
Buffers:          102868 kB
Cached:          1201576 kB
MemTotal:        1844596 kB
MemFree:          220040 kB
MemAvailable:    1507064 kB
Buffers:          102868 kB
Cached:          1201576 kB
MemTotal:        1844596 kB
MemFree:          220292 kB
MemAvailable:    1507120 kB
Buffers:          102868 kB
Cached:          1201576 kB
MemTotal:        1844596 kB
MemFree:          220136 kB
MemAvailable:    1507160 kB
Buffers:          102868 kB
Cached:          1201576 kB
MemTotal:        1844596 kB
MemFree:          220012 kB
MemAvailable:    1507036 kB
Buffers:          102868 kB
Cached:          1201576 kB
MemTotal:        1844596 kB
MemFree:          219112 kB
MemAvailable:    1506136 kB
Buffers:          102868 kB
Cached:          1201576 kB
MemTotal:        1844596 kB
MemFree:          219460 kB
MemAvailable:    1506484 kB
Buffers:          102868 kB
Cached:          1201576 kB
MemTotal:        1844596 kB
MemFree:          219460 kB
MemAvailable:    1506484 kB
Buffers:          102868 kB
Cached:          1201576 kB
MemTotal:        1844596 kB
MemFree:          217932 kB
MemAvailable:    1504956 kB
Buffers:          102868 kB
Cached:          1201576 kB
MemTotal:        1844596 kB
MemFree:          219040 kB
MemAvailable:    1506064 kB
Buffers:          102868 kB
Cached:          1201576 kB
MemTotal:        1844596 kB
MemFree:          219040 kB
MemAvailable:    1506064 kB
Buffers:          102868 kB
Cached:          1201576 kB
MemTotal:        1844596 kB
MemFree:          218776 kB
MemAvailable:    1505800 kB
Buffers:          102868 kB
Cached:          1201576 kB
MemTotal:        1844596 kB
MemFree:          218172 kB
MemAvailable:    1505196 kB
Buffers:          102868 kB
Cached:          1201576 kB
MemTotal:        1844596 kB
MemFree:          217376 kB
MemAvailable:    1504400 kB
Buffers:          102868 kB
Cached:          1201576 kB
MemTotal:        1844596 kB
MemFree:          217676 kB
MemAvailable:    1504700 kB
Buffers:          102868 kB
Cached:          1201576 kB
MemTotal:        1844596 kB
MemFree:          217928 kB
MemAvailable:    1504952 kB
Buffers:          102868 kB
Cached:          1201576 kB
MemTotal:        1844596 kB
MemFree:          217684 kB
MemAvailable:    1504708 kB
Buffers:          102868 kB
Cached:          1201576 kB
MemTotal:        1844596 kB
MemFree:          217540 kB
MemAvailable:    1504564 kB
Buffers:          102868 kB
Cached:          1201576 kB
MemTotal:        1844596 kB
MemFree:          217792 kB
MemAvailable:    1504816 kB
Buffers:          102868 kB
Cached:          1201576 kB
MemTotal:        1844596 kB
MemFree:          217728 kB
MemAvailable:    1504752 kB
Buffers:          102868 kB
Cached:          1201576 kB
MemTotal:        1844596 kB
MemFree:          217616 kB
MemAvailable:    1504640 kB
Buffers:          102868 kB
Cached:          1201576 kB
MemTotal:        1844596 kB
MemFree:          216996 kB
MemAvailable:    1504020 kB
Buffers:          102868 kB
Cached:          1201576 kB
MemTotal:        1844596 kB
MemFree:          217520 kB
MemAvailable:    1504548 kB
Buffers:          102868 kB
Cached:          1201580 kB
MemTotal:        1844596 kB
MemFree:          217616 kB
MemAvailable:    1504644 kB
Buffers:          102868 kB
Cached:          1201580 kB
MemTotal:        1844596 kB
MemFree:          215012 kB
MemAvailable:    1502040 kB
Buffers:          102868 kB
Cached:          1201580 kB
MemTotal:        1844596 kB
MemFree:          211416 kB
MemAvailable:    1498444 kB
Buffers:          102868 kB
Cached:          1201580 kB
MemTotal:        1844596 kB
MemFree:          212400 kB
MemAvailable:    1499428 kB
Buffers:          102868 kB
Cached:          1201580 kB
MemTotal:        1844596 kB
MemFree:          212388 kB
MemAvailable:    1499416 kB
Buffers:          102868 kB
Cached:          1201580 kB
MemTotal:        1844596 kB
MemFree:          212472 kB
MemAvailable:    1499500 kB
Buffers:          102868 kB
Cached:          1201580 kB
MemTotal:        1844596 kB
MemFree:          212152 kB
MemAvailable:    1499180 kB
Buffers:          102868 kB
Cached:          1201580 kB
MemTotal:        1844596 kB
MemFree:          210988 kB
MemAvailable:    1498016 kB
Buffers:          102868 kB
Cached:          1201580 kB
MemTotal:        1844596 kB
MemFree:          211972 kB
MemAvailable:    1499000 kB
Buffers:          102868 kB
Cached:          1201580 kB
MemTotal:        1844596 kB
MemFree:          212224 kB
MemAvailable:    1499252 kB
Buffers:          102868 kB
Cached:          1201580 kB
MemTotal:        1844596 kB
MemFree:          210976 kB
MemAvailable:    1498004 kB
Buffers:          102868 kB
Cached:          1201580 kB
MemTotal:        1844596 kB
MemFree:          211904 kB
MemAvailable:    1498932 kB
Buffers:          102868 kB
Cached:          1201580 kB
MemTotal:        1844596 kB
MemFree:          210928 kB
MemAvailable:    1497956 kB
Buffers:          102868 kB
Cached:          1201580 kB
MemTotal:        1844596 kB
MemFree:          210796 kB
MemAvailable:    1497824 kB
Buffers:          102868 kB
Cached:          1201580 kB
MemTotal:        1844596 kB
MemFree:          210664 kB
MemAvailable:    1497692 kB
Buffers:          102868 kB
Cached:          1201580 kB
MemTotal:        1844596 kB
MemFree:          211964 kB
MemAvailable:    1498992 kB
Buffers:          102868 kB
Cached:          1201580 kB
MemTotal:        1844596 kB
MemFree:          210788 kB
MemAvailable:    1497816 kB
Buffers:          102868 kB
Cached:          1201580 kB
MemTotal:        1844596 kB
MemFree:          210680 kB
MemAvailable:    1497708 kB
Buffers:          102868 kB
Cached:          1201580 kB
MemTotal:        1844596 kB
MemFree:          205216 kB
MemAvailable:    1492244 kB
Buffers:          102868 kB
Cached:          1201580 kB
MemTotal:        1844596 kB
MemFree:          205696 kB
MemAvailable:    1492724 kB
Buffers:          102868 kB
Cached:          1201580 kB
MemTotal:        1844596 kB
MemFree:          206032 kB
MemAvailable:    1493060 kB
Buffers:          102868 kB
Cached:          1201580 kB
MemTotal:        1844596 kB
MemFree:          204084 kB
MemAvailable:    1491112 kB
Buffers:          102868 kB
Cached:          1201580 kB
MemTotal:        1844596 kB
MemFree:          203976 kB
MemAvailable:    1491004 kB
Buffers:          102868 kB
Cached:          1201580 kB
MemTotal:        1844596 kB
MemFree:          203972 kB
MemAvailable:    1491000 kB
Buffers:          102868 kB
Cached:          1201580 kB
MemTotal:        1844596 kB
MemFree:          203664 kB
MemAvailable:    1490692 kB
Buffers:          102868 kB
Cached:          1201580 kB
MemTotal:        1844596 kB
MemFree:          202496 kB
MemAvailable:    1489524 kB
Buffers:          102868 kB
Cached:          1201580 kB
MemTotal:        1844596 kB
MemFree:          203356 kB
MemAvailable:    1490384 kB
Buffers:          102868 kB
Cached:          1201580 kB
MemTotal:        1844596 kB
MemFree:          201984 kB
MemAvailable:    1489012 kB
Buffers:          102868 kB
Cached:          1201580 kB
MemTotal:        1844596 kB
MemFree:          203284 kB
MemAvailable:    1490312 kB
Buffers:          102868 kB
Cached:          1201580 kB
MemTotal:        1844596 kB
MemFree:          202372 kB
MemAvailable:    1489400 kB
Buffers:          102868 kB
Cached:          1201580 kB
MemTotal:        1844596 kB
MemFree:          202108 kB
MemAvailable:    1489136 kB
Buffers:          102868 kB
Cached:          1201580 kB
MemTotal:        1844596 kB
MemFree:          203284 kB
MemAvailable:    1490312 kB
Buffers:          102868 kB
Cached:          1201580 kB
MemTotal:        1844596 kB
MemFree:          201992 kB
MemAvailable:    1489024 kB
Buffers:          102868 kB
Cached:          1201584 kB
MemTotal:        1844596 kB
MemFree:          203092 kB
MemAvailable:    1490124 kB
Buffers:          102868 kB
Cached:          1201584 kB
MemTotal:        1844596 kB
MemFree:          203092 kB
MemAvailable:    1490124 kB
Buffers:          102868 kB
Cached:          1201584 kB
MemTotal:        1844596 kB
MemFree:          203108 kB
MemAvailable:    1490140 kB
Buffers:          102868 kB
Cached:          1201584 kB
MemTotal:        1844596 kB
MemFree:          202372 kB
MemAvailable:    1489404 kB
Buffers:          102868 kB
Cached:          1201584 kB
MemTotal:        1844596 kB
MemFree:          202804 kB
MemAvailable:    1489836 kB
Buffers:          102868 kB
Cached:          1201584 kB
MemTotal:        1844596 kB
MemFree:          202496 kB
MemAvailable:    1489528 kB
Buffers:          102868 kB
Cached:          1201584 kB
MemTotal:        1844596 kB
MemFree:          201736 kB
MemAvailable:    1488768 kB
Buffers:          102868 kB
Cached:          1201584 kB
MemTotal:        1844596 kB
MemFree:          201612 kB
MemAvailable:    1488644 kB
Buffers:          102868 kB
Cached:          1201584 kB
MemTotal:        1844596 kB
MemFree:          202996 kB
MemAvailable:    1490028 kB
Buffers:          102868 kB
Cached:          1201584 kB
MemTotal:        1844596 kB
MemFree:          202708 kB
MemAvailable:    1489740 kB
Buffers:          102868 kB
Cached:          1201584 kB
MemTotal:        1844596 kB
MemFree:          202612 kB
MemAvailable:    1489644 kB
Buffers:          102868 kB
Cached:          1201584 kB
MemTotal:        1844596 kB
MemFree:          202608 kB
MemAvailable:    1489640 kB
Buffers:          102868 kB
Cached:          1201584 kB
MemTotal:        1844596 kB
MemFree:          198768 kB
MemAvailable:    1485800 kB
Buffers:          102868 kB
Cached:          1201584 kB
MemTotal:        1844596 kB
MemFree:          195768 kB
MemAvailable:    1482800 kB
Buffers:          102868 kB
Cached:          1201584 kB
MemTotal:        1844596 kB
MemFree:          195048 kB
MemAvailable:    1482080 kB
Buffers:          102868 kB
Cached:          1201584 kB
MemTotal:        1844596 kB
MemFree:          193560 kB
MemAvailable:    1480592 kB
Buffers:          102868 kB
Cached:          1201584 kB
MemTotal:        1844596 kB
MemFree:          194988 kB
MemAvailable:    1482020 kB
Buffers:          102868 kB
Cached:          1201584 kB
MemTotal:        1844596 kB
MemFree:          194544 kB
MemAvailable:    1481576 kB
Buffers:          102868 kB
Cached:          1201584 kB
MemTotal:        1844596 kB
MemFree:          194364 kB
MemAvailable:    1481396 kB
Buffers:          102868 kB
Cached:          1201584 kB
MemTotal:        1844596 kB
MemFree:          194064 kB
MemAvailable:    1481096 kB
Buffers:          102868 kB
Cached:          1201584 kB
MemTotal:        1844596 kB
MemFree:          192932 kB
MemAvailable:    1479964 kB
Buffers:          102868 kB
Cached:          1201584 kB
MemTotal:        1844596 kB
MemFree:          192932 kB
MemAvailable:    1479964 kB
Buffers:          102868 kB
Cached:          1201584 kB
MemTotal:        1844596 kB
MemFree:          194120 kB
MemAvailable:    1481152 kB
Buffers:          102868 kB
Cached:          1201584 kB
MemTotal:        1844596 kB
MemFree:          194288 kB
MemAvailable:    1481320 kB
Buffers:          102868 kB
Cached:          1201584 kB
MemTotal:        1844596 kB
MemFree:          192768 kB
MemAvailable:    1479800 kB
Buffers:          102868 kB
Cached:          1201584 kB
MemTotal:        1844596 kB
MemFree:          192768 kB
MemAvailable:    1479800 kB
Buffers:          102868 kB
Cached:          1201584 kB
MemTotal:        1844596 kB
MemFree:          194128 kB
MemAvailable:    1481160 kB
Buffers:          102868 kB
Cached:          1201584 kB
MemTotal:        1844596 kB
MemFree:          194164 kB
MemAvailable:    1481196 kB
Buffers:          102868 kB
Cached:          1201584 kB
MemTotal:        1844596 kB
MemFree:          193932 kB
MemAvailable:    1480964 kB
Buffers:          102868 kB
Cached:          1201584 kB
MemTotal:        1844596 kB
MemFree:          193048 kB
MemAvailable:    1480080 kB
Buffers:          102872 kB
Cached:          1201580 kB
MemTotal:        1844596 kB
MemFree:          193048 kB
MemAvailable:    1480080 kB
Buffers:          102872 kB
Cached:          1201580 kB
MemTotal:        1844596 kB
MemFree:          192924 kB
MemAvailable:    1479956 kB
Buffers:          102872 kB
Cached:          1201580 kB
MemTotal:        1844596 kB
MemFree:          192792 kB
MemAvailable:    1479824 kB
Buffers:          102872 kB
Cached:          1201580 kB
MemTotal:        1844596 kB
MemFree:          194160 kB
MemAvailable:    1481192 kB
Buffers:          102872 kB
Cached:          1201580 kB
MemTotal:        1844596 kB
MemFree:          194148 kB
MemAvailable:    1481180 kB
Buffers:          102872 kB
Cached:          1201580 kB
MemTotal:        1844596 kB
MemFree:          194312 kB
MemAvailable:    1481344 kB
Buffers:          102872 kB
Cached:          1201580 kB
MemTotal:        1844596 kB
MemFree:          194060 kB
MemAvailable:    1481092 kB
Buffers:          102872 kB
Cached:          1201580 kB
MemTotal:        1844596 kB
MemFree:          194104 kB
MemAvailable:    1481136 kB
Buffers:          102872 kB
Cached:          1201580 kB
MemTotal:        1844596 kB
MemFree:          192884 kB
MemAvailable:    1479916 kB
Buffers:          102872 kB
Cached:          1201580 kB
MemTotal:        1844596 kB
MemFree:          192760 kB
MemAvailable:    1479792 kB
Buffers:          102872 kB
Cached:          1201580 kB
MemTotal:        1844596 kB
MemFree:          192796 kB
MemAvailable:    1479828 kB
Buffers:          102872 kB
Cached:          1201580 kB
MemTotal:        1844596 kB
MemFree:          194160 kB
MemAvailable:    1481192 kB
Buffers:          102872 kB
Cached:          1201580 kB
MemTotal:        1844596 kB
MemFree:          192756 kB
MemAvailable:    1479788 kB
Buffers:          102872 kB
Cached:          1201580 kB
MemTotal:        1844596 kB
MemFree:          194048 kB
MemAvailable:    1481080 kB
Buffers:          102872 kB
Cached:          1201580 kB
MemTotal:        1844596 kB
MemFree:          194300 kB
MemAvailable:    1481332 kB
Buffers:          102872 kB
Cached:          1201580 kB
MemTotal:        1844596 kB
MemFree:          194064 kB
MemAvailable:    1481096 kB
Buffers:          102872 kB
Cached:          1201580 kB
MemTotal:        1844596 kB
MemFree:          192800 kB
MemAvailable:    1479832 kB
Buffers:          102872 kB
Cached:          1201580 kB
MemTotal:        1844596 kB
MemFree:          194048 kB
MemAvailable:    1481080 kB
Buffers:          102872 kB
Cached:          1201580 kB
MemTotal:        1844596 kB
MemFree:          193856 kB
MemAvailable:    1480888 kB
Buffers:          102872 kB
Cached:          1201580 kB
MemTotal:        1844596 kB
MemFree:          193868 kB
MemAvailable:    1480900 kB
Buffers:          102872 kB
Cached:          1201580 kB
MemTotal:        1844596 kB
MemFree:          194120 kB
MemAvailable:    1481152 kB
Buffers:          102872 kB
Cached:          1201580 kB
MemTotal:        1844596 kB
MemFree:          189592 kB
MemAvailable:    1476624 kB
Buffers:          102872 kB
Cached:          1201580 kB
MemTotal:        1844596 kB
MemFree:          186492 kB
MemAvailable:    1473524 kB
Buffers:          102872 kB
Cached:          1201580 kB
MemTotal:        1844596 kB
MemFree:          184508 kB
MemAvailable:    1471540 kB
Buffers:          102872 kB
Cached:          1201580 kB
MemTotal:        1844596 kB
MemFree:          182276 kB
MemAvailable:    1469308 kB
Buffers:          102872 kB
Cached:          1201580 kB
MemTotal:        1844596 kB
MemFree:          183384 kB
MemAvailable:    1470416 kB
Buffers:          102872 kB
Cached:          1201580 kB
MemTotal:        1844596 kB
MemFree:          183028 kB
MemAvailable:    1470060 kB
Buffers:          102872 kB
Cached:          1201580 kB
MemTotal:        1844596 kB
MemFree:          183220 kB
MemAvailable:    1470252 kB
Buffers:          102872 kB
Cached:          1201580 kB
MemTotal:        1844596 kB
MemFree:          182656 kB
MemAvailable:    1469688 kB
Buffers:          102872 kB
Cached:          1201580 kB
MemTotal:        1844596 kB
MemFree:          183252 kB
MemAvailable:    1470292 kB
Buffers:          102872 kB
Cached:          1201588 kB
MemTotal:        1844596 kB
MemFree:          182896 kB
MemAvailable:    1469936 kB
Buffers:          102872 kB
Cached:          1201588 kB
MemTotal:        1844596 kB
MemFree:          181964 kB
MemAvailable:    1469004 kB
Buffers:          102872 kB
Cached:          1201588 kB
MemTotal:        1844596 kB
MemFree:          182096 kB
MemAvailable:    1469136 kB
Buffers:          102872 kB
Cached:          1201588 kB
MemTotal:        1844596 kB
MemFree:          182092 kB
MemAvailable:    1469132 kB
Buffers:          102872 kB
Cached:          1201588 kB
MemTotal:        1844596 kB
MemFree:          183244 kB
MemAvailable:    1470284 kB
Buffers:          102872 kB
Cached:          1201588 kB
MemTotal:        1844596 kB
MemFree:          182532 kB
MemAvailable:    1469572 kB
Buffers:          102872 kB
Cached:          1201588 kB
MemTotal:        1844596 kB
MemFree:          183280 kB
MemAvailable:    1470320 kB
Buffers:          102872 kB
Cached:          1201588 kB
MemTotal:        1844596 kB
MemFree:          182152 kB
MemAvailable:    1469192 kB
Buffers:          102872 kB
Cached:          1201588 kB
MemTotal:        1844596 kB
MemFree:          183260 kB
MemAvailable:    1470300 kB
Buffers:          102872 kB
Cached:          1201588 kB
MemTotal:        1844596 kB
MemFree:          183152 kB
MemAvailable:    1470192 kB
Buffers:          102872 kB
Cached:          1201588 kB
MemTotal:        1844596 kB
MemFree:          181856 kB
MemAvailable:    1468896 kB
Buffers:          102872 kB
Cached:          1201588 kB
MemTotal:        1844596 kB
MemFree:          183572 kB
MemAvailable:    1470612 kB
Buffers:          102872 kB
Cached:          1201588 kB
MemTotal:        1844596 kB
MemFree:          183280 kB
MemAvailable:    1470320 kB
Buffers:          102872 kB
Cached:          1201588 kB
MemTotal:        1844596 kB
MemFree:          183164 kB
MemAvailable:    1470212 kB
Buffers:          102872 kB
Cached:          1201596 kB
MemTotal:        1844596 kB
MemFree:          182028 kB
MemAvailable:    1469076 kB
Buffers:          102872 kB
Cached:          1201596 kB
MemTotal:        1844596 kB
MemFree:          183268 kB
MemAvailable:    1470316 kB
Buffers:          102872 kB
Cached:          1201596 kB
MemTotal:        1844596 kB
MemFree:          182648 kB
MemAvailable:    1469696 kB
Buffers:          102872 kB
Cached:          1201596 kB
MemTotal:        1844596 kB
MemFree:          182992 kB
MemAvailable:    1470040 kB
Buffers:          102872 kB
Cached:          1201596 kB
MemTotal:        1844596 kB
MemFree:          183076 kB
MemAvailable:    1470124 kB
Buffers:          102872 kB
Cached:          1201596 kB
MemTotal:        1844596 kB
MemFree:          183012 kB
MemAvailable:    1470060 kB
Buffers:          102872 kB
Cached:          1201596 kB
MemTotal:        1844596 kB
MemFree:          183348 kB
MemAvailable:    1470396 kB
Buffers:          102872 kB
Cached:          1201596 kB
MemTotal:        1844596 kB
MemFree:          183136 kB
MemAvailable:    1470184 kB
Buffers:          102872 kB
Cached:          1201596 kB
MemTotal:        1844596 kB
MemFree:          183276 kB
MemAvailable:    1470324 kB
Buffers:          102872 kB
Cached:          1201596 kB
MemTotal:        1844596 kB
MemFree:          183128 kB
MemAvailable:    1470176 kB
Buffers:          102872 kB
Cached:          1201596 kB
MemTotal:        1844596 kB
MemFree:          182896 kB
MemAvailable:    1469944 kB
Buffers:          102872 kB
Cached:          1201596 kB
MemTotal:        1844596 kB
MemFree:          182016 kB
MemAvailable:    1469064 kB
Buffers:          102872 kB
Cached:          1201596 kB
MemTotal:        1844596 kB
MemFree:          183208 kB
MemAvailable:    1470256 kB
Buffers:          102872 kB
Cached:          1201596 kB
MemTotal:        1844596 kB
MemFree:          183460 kB
MemAvailable:    1470508 kB
Buffers:          102872 kB
Cached:          1201596 kB
MemTotal:        1844596 kB
MemFree:          183400 kB
MemAvailable:    1470448 kB
Buffers:          102872 kB
Cached:          1201596 kB
MemTotal:        1844596 kB
MemFree:          182020 kB
MemAvailable:    1469068 kB
Buffers:          102872 kB
Cached:          1201596 kB
MemTotal:        1844596 kB
MemFree:          182020 kB
MemAvailable:    1469068 kB
Buffers:          102872 kB
Cached:          1201596 kB
MemTotal:        1844596 kB
MemFree:          181980 kB
MemAvailable:    1469028 kB
Buffers:          102872 kB
Cached:          1201596 kB
MemTotal:        1844596 kB
MemFree:          183272 kB
MemAvailable:    1470320 kB
Buffers:          102872 kB
Cached:          1201596 kB
MemTotal:        1844596 kB
MemFree:          182408 kB
MemAvailable:    1469456 kB
Buffers:          102872 kB
Cached:          1201596 kB
MemTotal:        1844596 kB
MemFree:          183136 kB
MemAvailable:    1470184 kB
Buffers:          102872 kB
Cached:          1201596 kB
MemTotal:        1844596 kB
MemFree:          183392 kB
MemAvailable:    1470440 kB
Buffers:          102872 kB
Cached:          1201596 kB
MemTotal:        1844596 kB
MemFree:          183220 kB
MemAvailable:    1470268 kB
Buffers:          102872 kB
Cached:          1201596 kB
MemTotal:        1844596 kB
MemFree:          182524 kB
MemAvailable:    1469572 kB
Buffers:          102872 kB
Cached:          1201596 kB
MemTotal:        1844596 kB
MemFree:          183252 kB
MemAvailable:    1470300 kB
Buffers:          102872 kB
Cached:          1201596 kB
MemTotal:        1844596 kB
MemFree:          183588 kB
MemAvailable:    1470636 kB
Buffers:          102872 kB
Cached:          1201596 kB
MemTotal:        1844596 kB
MemFree:          182144 kB
MemAvailable:    1469192 kB
Buffers:          102872 kB
Cached:          1201596 kB
MemTotal:        1844596 kB
MemFree:          182028 kB
MemAvailable:    1469076 kB
Buffers:          102872 kB
Cached:          1201596 kB
MemTotal:        1844596 kB
MemFree:          182948 kB
MemAvailable:    1469996 kB
Buffers:          102872 kB
Cached:          1201596 kB
MemTotal:        1844596 kB
MemFree:          182648 kB
MemAvailable:    1469696 kB
Buffers:          102872 kB
Cached:          1201596 kB
MemTotal:        1844596 kB
MemFree:          181284 kB
MemAvailable:    1468332 kB
Buffers:          102872 kB
Cached:          1201596 kB
MemTotal:        1844596 kB
MemFree:          181964 kB
MemAvailable:    1469012 kB
Buffers:          102872 kB
Cached:          1201596 kB
MemTotal:        1844596 kB
MemFree:          182132 kB
MemAvailable:    1469180 kB
Buffers:          102872 kB
Cached:          1201596 kB
MemTotal:        1844596 kB
MemFree:          182020 kB
MemAvailable:    1469068 kB
Buffers:          102872 kB
Cached:          1201596 kB
MemTotal:        1844596 kB
MemFree:          180780 kB
MemAvailable:    1467828 kB
Buffers:          102872 kB
Cached:          1201596 kB
MemTotal:        1844596 kB
MemFree:          180608 kB
MemAvailable:    1467656 kB
Buffers:          102872 kB
Cached:          1201596 kB
MemTotal:        1844596 kB
MemFree:          181972 kB
MemAvailable:    1469020 kB
Buffers:          102872 kB
Cached:          1201596 kB
MemTotal:        1844596 kB
MemFree:          181896 kB
MemAvailable:    1468944 kB
Buffers:          102872 kB
Cached:          1201596 kB
MemTotal:        1844596 kB
MemFree:          181896 kB
MemAvailable:    1468944 kB
Buffers:          102872 kB
Cached:          1201596 kB
MemTotal:        1844596 kB
MemFree:          180532 kB
MemAvailable:    1467580 kB
Buffers:          102872 kB
Cached:          1201596 kB
MemTotal:        1844596 kB
MemFree:          180656 kB
MemAvailable:    1467704 kB
Buffers:          102872 kB
Cached:          1201596 kB
MemTotal:        1844596 kB
MemFree:          181460 kB
MemAvailable:    1468508 kB
Buffers:          102872 kB
Cached:          1201596 kB
MemTotal:        1844596 kB
MemFree:          181532 kB
MemAvailable:    1468580 kB
Buffers:          102872 kB
Cached:          1201596 kB
MemTotal:        1844596 kB
MemFree:          181644 kB
MemAvailable:    1468692 kB
Buffers:          102872 kB
Cached:          1201596 kB
MemTotal:        1844596 kB
MemFree:          181656 kB
MemAvailable:    1468704 kB
Buffers:          102872 kB
Cached:          1201596 kB
MemTotal:        1844596 kB
MemFree:          180912 kB
MemAvailable:    1467960 kB
Buffers:          102872 kB
Cached:          1201596 kB
MemTotal:        1844596 kB
MemFree:          181600 kB
MemAvailable:    1468648 kB
Buffers:          102872 kB
Cached:          1201596 kB
MemTotal:        1844596 kB
MemFree:          181600 kB
MemAvailable:    1468648 kB
Buffers:          102872 kB
Cached:          1201596 kB
MemTotal:        1844596 kB
MemFree:          181524 kB
MemAvailable:    1468572 kB
Buffers:          102872 kB
Cached:          1201596 kB
MemTotal:        1844596 kB
MemFree:          181860 kB
MemAvailable:    1468908 kB
Buffers:          102872 kB
Cached:          1201596 kB
MemTotal:        1844596 kB
MemFree:          181668 kB
MemAvailable:    1468716 kB
Buffers:          102872 kB
Cached:          1201596 kB
MemTotal:        1844596 kB
MemFree:          179780 kB
MemAvailable:    1466828 kB
Buffers:          102872 kB
Cached:          1201596 kB
MemTotal:        1844596 kB
MemFree:          181668 kB
MemAvailable:    1468716 kB
Buffers:          102872 kB
Cached:          1201596 kB
MemTotal:        1844596 kB
MemFree:          180228 kB
MemAvailable:    1467276 kB
Buffers:          102872 kB
Cached:          1201596 kB
MemTotal:        1844596 kB
MemFree:          180360 kB
MemAvailable:    1467408 kB
Buffers:          102872 kB
Cached:          1201596 kB
MemTotal:        1844596 kB
MemFree:          179672 kB
MemAvailable:    1466720 kB
Buffers:          102872 kB
Cached:          1201596 kB
MemTotal:        1844596 kB
MemFree:          176448 kB
MemAvailable:    1463496 kB
Buffers:          102872 kB
Cached:          1201596 kB
MemTotal:        1844596 kB
MemFree:          173532 kB
MemAvailable:    1460580 kB
Buffers:          102872 kB
Cached:          1201596 kB
MemTotal:        1844596 kB
MemFree:          169504 kB
MemAvailable:    1456552 kB
Buffers:          102872 kB
Cached:          1201596 kB
MemTotal:        1844596 kB
MemFree:          169628 kB
MemAvailable:    1456676 kB
Buffers:          102872 kB
Cached:          1201596 kB
MemTotal:        1844596 kB
MemFree:          169008 kB
MemAvailable:    1456056 kB
Buffers:          102872 kB
Cached:          1201596 kB
MemTotal:        1844596 kB
MemFree:          170240 kB
MemAvailable:    1457288 kB
Buffers:          102872 kB
Cached:          1201596 kB
MemTotal:        1844596 kB
MemFree:          169972 kB
MemAvailable:    1457020 kB
Buffers:          102872 kB
Cached:          1201596 kB
MemTotal:        1844596 kB
MemFree:          169524 kB
MemAvailable:    1456572 kB
Buffers:          102872 kB
Cached:          1201596 kB
MemTotal:        1844596 kB
MemFree:          169084 kB
MemAvailable:    1456132 kB
Buffers:          102872 kB
Cached:          1201596 kB
MemTotal:        1844596 kB
MemFree:          168892 kB
MemAvailable:    1455940 kB
Buffers:          102872 kB
Cached:          1201596 kB
MemTotal:        1844596 kB
MemFree:          168388 kB
MemAvailable:    1455436 kB
Buffers:          102872 kB
Cached:          1201596 kB
MemTotal:        1844596 kB
MemFree:          167016 kB
MemAvailable:    1454064 kB
Buffers:          102872 kB
Cached:          1201596 kB
MemTotal:        1844596 kB
MemFree:          166644 kB
MemAvailable:    1453692 kB
Buffers:          102872 kB
Cached:          1201596 kB
MemTotal:        1844596 kB
MemFree:          166536 kB
MemAvailable:    1453584 kB
Buffers:          102872 kB
Cached:          1201596 kB
MemTotal:        1844596 kB
MemFree:          166480 kB
MemAvailable:    1453528 kB
Buffers:          102872 kB
Cached:          1201596 kB
MemTotal:        1844596 kB
MemFree:          165232 kB
MemAvailable:    1452280 kB
Buffers:          102872 kB
Cached:          1201596 kB
MemTotal:        1844596 kB
MemFree:          165108 kB
MemAvailable:    1452156 kB
Buffers:          102872 kB
Cached:          1201596 kB
MemTotal:        1844596 kB
MemFree:          165268 kB
MemAvailable:    1452316 kB
Buffers:          102872 kB
Cached:          1201596 kB
MemTotal:        1844596 kB
MemFree:          165240 kB
MemAvailable:    1452296 kB
Buffers:          102872 kB
Cached:          1201604 kB
MemTotal:        1844596 kB
MemFree:          166520 kB
MemAvailable:    1453576 kB
Buffers:          102872 kB
Cached:          1201604 kB
MemTotal:        1844596 kB
MemFree:          166732 kB
MemAvailable:    1453788 kB
Buffers:          102872 kB
Cached:          1201604 kB
MemTotal:        1844596 kB
MemFree:          166216 kB
MemAvailable:    1453272 kB
Buffers:          102872 kB
Cached:          1201604 kB
MemTotal:        1844596 kB
MemFree:          166552 kB
MemAvailable:    1453608 kB
Buffers:          102872 kB
Cached:          1201604 kB
MemTotal:        1844596 kB
MemFree:          166336 kB
MemAvailable:    1453392 kB
Buffers:          102872 kB
Cached:          1201604 kB
MemTotal:        1844596 kB
MemFree:          166588 kB
MemAvailable:    1453644 kB
Buffers:          102872 kB
Cached:          1201604 kB
MemTotal:        1844596 kB
MemFree:          166576 kB
MemAvailable:    1453632 kB
Buffers:          102872 kB
Cached:          1201604 kB
MemTotal:        1844596 kB
MemFree:          165768 kB
MemAvailable:    1452824 kB
Buffers:          102872 kB
Cached:          1201604 kB
MemTotal:        1844596 kB
MemFree:          165604 kB
MemAvailable:    1452660 kB
Buffers:          102872 kB
Cached:          1201604 kB
MemTotal:        1844596 kB
MemFree:          165396 kB
MemAvailable:    1452452 kB
Buffers:          102872 kB
Cached:          1201604 kB
MemTotal:        1844596 kB
MemFree:          164976 kB
MemAvailable:    1452032 kB
Buffers:          102872 kB
Cached:          1201604 kB
MemTotal:        1844596 kB
MemFree:          163428 kB
MemAvailable:    1450484 kB
Buffers:          102872 kB
Cached:          1201604 kB
MemTotal:        1844596 kB
MemFree:          164268 kB
MemAvailable:    1451324 kB
Buffers:          102872 kB
Cached:          1201604 kB
MemTotal:        1844596 kB
MemFree:          164520 kB
MemAvailable:    1451576 kB
Buffers:          102872 kB
Cached:          1201604 kB
MemTotal:        1844596 kB
MemFree:          164144 kB
MemAvailable:    1451200 kB
Buffers:          102872 kB
Cached:          1201604 kB
MemTotal:        1844596 kB
MemFree:          164040 kB
MemAvailable:    1451096 kB
Buffers:          102872 kB
Cached:          1201604 kB
MemTotal:        1844596 kB
MemFree:          163172 kB
MemAvailable:    1450228 kB
Buffers:          102872 kB
Cached:          1201604 kB
MemTotal:        1844596 kB
MemFree:          163256 kB
MemAvailable:    1450312 kB
Buffers:          102872 kB
Cached:          1201604 kB
MemTotal:        1844596 kB
MemFree:          162944 kB
MemAvailable:    1450000 kB
Buffers:          102872 kB
Cached:          1201604 kB
MemTotal:        1844596 kB
MemFree:          162980 kB
MemAvailable:    1450036 kB
Buffers:          102872 kB
Cached:          1201604 kB
MemTotal:        1844596 kB
MemFree:          162320 kB
MemAvailable:    1449376 kB
Buffers:          102872 kB
Cached:          1201604 kB
MemTotal:        1844596 kB
MemFree:          161436 kB
MemAvailable:    1448496 kB
Buffers:          102872 kB
Cached:          1201608 kB
MemTotal:        1844596 kB
MemFree:          162800 kB
MemAvailable:    1449860 kB
Buffers:          102872 kB
Cached:          1201608 kB
MemTotal:        1844596 kB
MemFree:          162612 kB
MemAvailable:    1449672 kB
Buffers:          102872 kB
Cached:          1201608 kB
MemTotal:        1844596 kB
MemFree:          162412 kB
MemAvailable:    1449472 kB
Buffers:          102872 kB
Cached:          1201608 kB
MemTotal:        1844596 kB
MemFree:          161692 kB
MemAvailable:    1448752 kB
Buffers:          102872 kB
Cached:          1201608 kB
MemTotal:        1844596 kB
MemFree:          162424 kB
MemAvailable:    1449484 kB
Buffers:          102872 kB
Cached:          1201608 kB
MemTotal:        1844596 kB
MemFree:          161136 kB
MemAvailable:    1448196 kB
Buffers:          102872 kB
Cached:          1201608 kB
MemTotal:        1844596 kB
MemFree:          161384 kB
MemAvailable:    1448444 kB
Buffers:          102872 kB
Cached:          1201608 kB
MemTotal:        1844596 kB
MemFree:          162312 kB
MemAvailable:    1449372 kB
Buffers:          102872 kB
Cached:          1201608 kB
MemTotal:        1844596 kB
MemFree:          162312 kB
MemAvailable:    1449372 kB
Buffers:          102872 kB
Cached:          1201608 kB
MemTotal:        1844596 kB
MemFree:          161260 kB
MemAvailable:    1448320 kB
Buffers:          102872 kB
Cached:          1201608 kB
MemTotal:        1844596 kB
MemFree:          162244 kB
MemAvailable:    1449304 kB
Buffers:          102872 kB
Cached:          1201608 kB
MemTotal:        1844596 kB
MemFree:          162112 kB
MemAvailable:    1449172 kB
Buffers:          102872 kB
Cached:          1201608 kB
MemTotal:        1844596 kB
MemFree:          161196 kB
MemAvailable:    1448256 kB
Buffers:          102872 kB
Cached:          1201608 kB
MemTotal:        1844596 kB
MemFree:          161884 kB
MemAvailable:    1448944 kB
Buffers:          102872 kB
Cached:          1201608 kB
MemTotal:        1844596 kB
MemFree:          162220 kB
MemAvailable:    1449280 kB
Buffers:          102872 kB
Cached:          1201608 kB
MemTotal:        1844596 kB
MemFree:          162008 kB
MemAvailable:    1449068 kB
Buffers:          102872 kB
Cached:          1201608 kB
MemTotal:        1844596 kB
MemFree:          161940 kB
MemAvailable:    1449000 kB
Buffers:          102872 kB
Cached:          1201608 kB
MemTotal:        1844596 kB
MemFree:          162176 kB
MemAvailable:    1449236 kB
Buffers:          102872 kB
Cached:          1201608 kB
MemTotal:        1844596 kB
MemFree:          161980 kB
MemAvailable:    1449040 kB
Buffers:          102872 kB
Cached:          1201608 kB
MemTotal:        1844596 kB
MemFree:          160928 kB
MemAvailable:    1447988 kB
Buffers:          102872 kB
Cached:          1201608 kB
MemTotal:        1844596 kB
MemFree:          162116 kB
MemAvailable:    1449176 kB
Buffers:          102872 kB
Cached:          1201608 kB
MemTotal:        1844596 kB
MemFree:          162284 kB
MemAvailable:    1449344 kB
Buffers:          102872 kB
Cached:          1201608 kB
MemTotal:        1844596 kB
MemFree:          162068 kB
MemAvailable:    1449128 kB
Buffers:          102872 kB
Cached:          1201608 kB
MemTotal:        1844596 kB
MemFree:          160804 kB
MemAvailable:    1447864 kB
Buffers:          102872 kB
Cached:          1201608 kB
MemTotal:        1844596 kB
MemFree:          162108 kB
MemAvailable:    1449168 kB
Buffers:          102872 kB
Cached:          1201608 kB
MemTotal:        1844596 kB
MemFree:          161300 kB
MemAvailable:    1448360 kB
Buffers:          102872 kB
Cached:          1201608 kB
MemTotal:        1844596 kB
MemFree:          159964 kB
MemAvailable:    1447024 kB
Buffers:          102872 kB
Cached:          1201608 kB
MemTotal:        1844596 kB
MemFree:          160436 kB
MemAvailable:    1447496 kB
Buffers:          102872 kB
Cached:          1201608 kB
MemTotal:        1844596 kB
MemFree:          160772 kB
MemAvailable:    1447832 kB
Buffers:          102872 kB
Cached:          1201608 kB
MemTotal:        1844596 kB
MemFree:          159692 kB
MemAvailable:    1446752 kB
Buffers:          102872 kB
Cached:          1201608 kB
MemTotal:        1844596 kB
MemFree:          158964 kB
MemAvailable:    1446024 kB
Buffers:          102872 kB
Cached:          1201608 kB
MemTotal:        1844596 kB
MemFree:          156856 kB
MemAvailable:    1443916 kB
Buffers:          102872 kB
Cached:          1201608 kB
MemTotal:        1844596 kB
MemFree:          154128 kB
MemAvailable:    1441188 kB
Buffers:          102872 kB
Cached:          1201608 kB
MemTotal:        1844596 kB
MemFree:          152764 kB
MemAvailable:    1439824 kB
Buffers:          102872 kB
Cached:          1201608 kB
MemTotal:        1844596 kB
MemFree:          148408 kB
MemAvailable:    1435468 kB
Buffers:          102872 kB
Cached:          1201608 kB
MemTotal:        1844596 kB
MemFree:          146192 kB
MemAvailable:    1433252 kB
Buffers:          102872 kB
Cached:          1201608 kB
MemTotal:        1844596 kB
MemFree:          144020 kB
MemAvailable:    1430956 kB
Buffers:          102872 kB
Cached:          1201608 kB
MemTotal:        1844596 kB
MemFree:          143664 kB
MemAvailable:    1430724 kB
Buffers:          102872 kB
Cached:          1201608 kB
MemTotal:        1844596 kB
MemFree:          143348 kB
MemAvailable:    1430408 kB
Buffers:          102872 kB
Cached:          1201608 kB
MemTotal:        1844596 kB
MemFree:          142300 kB
MemAvailable:    1429360 kB
Buffers:          102872 kB
Cached:          1201608 kB
MemTotal:        1844596 kB
MemFree:          143400 kB
MemAvailable:    1430460 kB
Buffers:          102872 kB
Cached:          1201608 kB
MemTotal:        1844596 kB
MemFree:          143736 kB
MemAvailable:    1430796 kB
Buffers:          102872 kB
Cached:          1201608 kB
MemTotal:        1844596 kB
MemFree:          143728 kB
MemAvailable:    1430788 kB
Buffers:          102872 kB
Cached:          1201608 kB
MemTotal:        1844596 kB
MemFree:          143640 kB
MemAvailable:    1430700 kB
Buffers:          102872 kB
Cached:          1201608 kB
MemTotal:        1844596 kB
MemFree:          143396 kB
MemAvailable:    1430456 kB
Buffers:          102872 kB
Cached:          1201608 kB
MemTotal:        1844596 kB
MemFree:          143648 kB
MemAvailable:    1430708 kB
Buffers:          102872 kB
Cached:          1201608 kB
MemTotal:        1844596 kB
MemFree:          143448 kB
MemAvailable:    1430508 kB
Buffers:          102872 kB
Cached:          1201608 kB
MemTotal:        1844596 kB
MemFree:          143464 kB
MemAvailable:    1430524 kB
Buffers:          102872 kB
Cached:          1201608 kB
MemTotal:        1844596 kB
MemFree:          143408 kB
MemAvailable:    1430468 kB
Buffers:          102872 kB
Cached:          1201608 kB
MemTotal:        1844596 kB
MemFree:          142036 kB
MemAvailable:    1429096 kB
Buffers:          102872 kB
Cached:          1201608 kB
MemTotal:        1844596 kB
MemFree:          142588 kB
MemAvailable:    1429648 kB
Buffers:          102872 kB
Cached:          1201608 kB
MemTotal:        1844596 kB
MemFree:          142480 kB
MemAvailable:    1429540 kB
Buffers:          102872 kB
Cached:          1201608 kB
MemTotal:        1844596 kB
MemFree:          142556 kB
MemAvailable:    1429620 kB
Buffers:          102872 kB
Cached:          1201612 kB
MemTotal:        1844596 kB
MemFree:          142552 kB
MemAvailable:    1429616 kB
Buffers:          102872 kB
Cached:          1201612 kB
MemTotal:        1844596 kB
MemFree:          141860 kB
MemAvailable:    1428928 kB
Buffers:          102872 kB
Cached:          1201616 kB
MemTotal:        1844596 kB
MemFree:          142424 kB
MemAvailable:    1429492 kB
Buffers:          102872 kB
Cached:          1201616 kB
MemTotal:        1844596 kB
MemFree:          142680 kB
MemAvailable:    1429748 kB
Buffers:          102872 kB
Cached:          1201616 kB
MemTotal:        1844596 kB
MemFree:          141356 kB
MemAvailable:    1428424 kB
Buffers:          102872 kB
Cached:          1201616 kB
MemTotal:        1844596 kB
MemFree:          141348 kB
MemAvailable:    1428416 kB
Buffers:          102872 kB
Cached:          1201616 kB
MemTotal:        1844596 kB
MemFree:          142464 kB
MemAvailable:    1429532 kB
Buffers:          102872 kB
Cached:          1201616 kB
MemTotal:        1844596 kB
MemFree:          142800 kB
MemAvailable:    1429868 kB
Buffers:          102872 kB
Cached:          1201616 kB
MemTotal:        1844596 kB
MemFree:          142588 kB
MemAvailable:    1429656 kB
Buffers:          102872 kB
Cached:          1201616 kB
MemTotal:        1844596 kB
MemFree:          142840 kB
MemAvailable:    1429908 kB
Buffers:          102872 kB
Cached:          1201616 kB
MemTotal:        1844596 kB
MemFree:          142284 kB
MemAvailable:    1429352 kB
Buffers:          102872 kB
Cached:          1201616 kB
MemTotal:        1844596 kB
MemFree:          142620 kB
MemAvailable:    1429688 kB
Buffers:          102872 kB
Cached:          1201616 kB
MemTotal:        1844596 kB
MemFree:          141220 kB
MemAvailable:    1428288 kB
Buffers:          102872 kB
Cached:          1201616 kB
MemTotal:        1844596 kB
MemFree:          142580 kB
MemAvailable:    1429648 kB
Buffers:          102872 kB
Cached:          1201616 kB
MemTotal:        1844596 kB
MemFree:          141208 kB
MemAvailable:    1428276 kB
Buffers:          102872 kB
Cached:          1201616 kB
MemTotal:        1844596 kB
MemFree:          142464 kB
MemAvailable:    1429532 kB
Buffers:          102872 kB
Cached:          1201616 kB
MemTotal:        1844596 kB
MemFree:          142716 kB
MemAvailable:    1429784 kB
Buffers:          102872 kB
Cached:          1201616 kB
MemTotal:        1844596 kB
MemFree:          139976 kB
MemAvailable:    1427044 kB
Buffers:          102872 kB
Cached:          1201616 kB
MemTotal:        1844596 kB
MemFree:          139940 kB
MemAvailable:    1427008 kB
Buffers:          102872 kB
Cached:          1201616 kB
MemTotal:        1844596 kB
MemFree:          134396 kB
MemAvailable:    1421464 kB
Buffers:          102872 kB
Cached:          1201616 kB
MemTotal:        1844596 kB
MemFree:          134480 kB
MemAvailable:    1421548 kB
Buffers:          102872 kB
Cached:          1201616 kB
MemTotal:        1844596 kB
MemFree:          130796 kB
MemAvailable:    1417864 kB
Buffers:          102872 kB
Cached:          1201616 kB
MemTotal:        1844596 kB
MemFree:          126848 kB
MemAvailable:    1413916 kB
Buffers:          102872 kB
Cached:          1201616 kB
MemTotal:        1844596 kB
MemFree:          124360 kB
MemAvailable:    1411428 kB
Buffers:          102872 kB
Cached:          1201616 kB
MemTotal:        1844596 kB
MemFree:          124252 kB
MemAvailable:    1411320 kB
Buffers:          102872 kB
Cached:          1201616 kB
MemTotal:        1844596 kB
MemFree:          124196 kB
MemAvailable:    1411264 kB
Buffers:          102872 kB
Cached:          1201616 kB
MemTotal:        1844596 kB
MemFree:          123116 kB
MemAvailable:    1410184 kB
Buffers:          102872 kB
Cached:          1201616 kB
MemTotal:        1844596 kB
MemFree:          124176 kB
MemAvailable:    1411244 kB
Buffers:          102872 kB
Cached:          1201616 kB
MemTotal:        1844596 kB
MemFree:          124428 kB
MemAvailable:    1411496 kB
Buffers:          102872 kB
Cached:          1201616 kB
MemTotal:        1844596 kB
MemFree:          124056 kB
MemAvailable:    1411124 kB
Buffers:          102872 kB
Cached:          1201616 kB
MemTotal:        1844596 kB
MemFree:          124312 kB
MemAvailable:    1411380 kB
Buffers:          102872 kB
Cached:          1201616 kB
MemTotal:        1844596 kB
MemFree:          124236 kB
MemAvailable:    1411304 kB
Buffers:          102872 kB
Cached:          1201616 kB
MemTotal:        1844596 kB
MemFree:          124488 kB
MemAvailable:    1411556 kB
Buffers:          102872 kB
Cached:          1201616 kB
MemTotal:        1844596 kB
MemFree:          124228 kB
MemAvailable:    1411296 kB
Buffers:          102872 kB
Cached:          1201616 kB
MemTotal:        1844596 kB
MemFree:          124228 kB
MemAvailable:    1411296 kB
Buffers:          102872 kB
Cached:          1201616 kB
MemTotal:        1844596 kB
MemFree:          124356 kB
MemAvailable:    1411424 kB
Buffers:          102872 kB
Cached:          1201616 kB
MemTotal:        1844596 kB
MemFree:          123068 kB
MemAvailable:    1410136 kB
Buffers:          102872 kB
Cached:          1201616 kB
MemTotal:        1844596 kB
MemFree:          124172 kB
MemAvailable:    1411240 kB
Buffers:          102872 kB
Cached:          1201616 kB
MemTotal:        1844596 kB
MemFree:          124172 kB
MemAvailable:    1411240 kB
Buffers:          102872 kB
Cached:          1201616 kB
MemTotal:        1844596 kB
MemFree:          124056 kB
MemAvailable:    1411124 kB
Buffers:          102872 kB
Cached:          1201616 kB
MemTotal:        1844596 kB
MemFree:          124392 kB
MemAvailable:    1411460 kB
Buffers:          102872 kB
Cached:          1201616 kB
MemTotal:        1844596 kB
MemFree:          124184 kB
MemAvailable:    1411252 kB
Buffers:          102872 kB
Cached:          1201616 kB
MemTotal:        1844596 kB
MemFree:          124436 kB
MemAvailable:    1411504 kB
Buffers:          102872 kB
Cached:          1201616 kB
MemTotal:        1844596 kB
MemFree:          122872 kB
MemAvailable:    1409940 kB
Buffers:          102872 kB
Cached:          1201616 kB
MemTotal:        1844596 kB
MemFree:          123080 kB
MemAvailable:    1410148 kB
Buffers:          102872 kB
Cached:          1201616 kB
MemTotal:        1844596 kB
MemFree:          124232 kB
MemAvailable:    1411300 kB
Buffers:          102872 kB
Cached:          1201616 kB
MemTotal:        1844596 kB
MemFree:          123500 kB
MemAvailable:    1410568 kB
Buffers:          102872 kB
Cached:          1201616 kB
MemTotal:        1844596 kB
MemFree:          124176 kB
MemAvailable:    1411244 kB
Buffers:          102872 kB
Cached:          1201616 kB
MemTotal:        1844596 kB
MemFree:          124428 kB
MemAvailable:    1411496 kB
Buffers:          102872 kB
Cached:          1201616 kB
MemTotal:        1844596 kB
MemFree:          124088 kB
MemAvailable:    1411156 kB
Buffers:          102872 kB
Cached:          1201616 kB
MemTotal:        1844596 kB
MemFree:          124288 kB
MemAvailable:    1411356 kB
Buffers:          102872 kB
Cached:          1201616 kB
MemTotal:        1844596 kB
MemFree:          124264 kB
MemAvailable:    1411332 kB
Buffers:          102872 kB
Cached:          1201616 kB
MemTotal:        1844596 kB
MemFree:          123252 kB
MemAvailable:    1410320 kB
Buffers:          102872 kB
Cached:          1201616 kB
MemTotal:        1844596 kB
MemFree:          124188 kB
MemAvailable:    1411256 kB
Buffers:          102872 kB
Cached:          1201616 kB
MemTotal:        1844596 kB
MemFree:          124188 kB
MemAvailable:    1411256 kB
Buffers:          102872 kB
Cached:          1201616 kB
MemTotal:        1844596 kB
MemFree:          124188 kB
MemAvailable:    1411256 kB
Buffers:          102872 kB
Cached:          1201616 kB
MemTotal:        1844596 kB
MemFree:          124348 kB
MemAvailable:    1411416 kB
Buffers:          102872 kB
Cached:          1201616 kB
MemTotal:        1844596 kB
MemFree:          124044 kB
MemAvailable:    1411112 kB
Buffers:          102872 kB
Cached:          1201616 kB
MemTotal:        1844596 kB
MemFree:          124188 kB
MemAvailable:    1411256 kB
Buffers:          102872 kB
Cached:          1201616 kB
MemTotal:        1844596 kB
MemFree:          123608 kB
MemAvailable:    1410676 kB
Buffers:          102872 kB
Cached:          1201616 kB
MemTotal:        1844596 kB
MemFree:          123252 kB
MemAvailable:    1410320 kB
Buffers:          102872 kB
Cached:          1201616 kB
MemTotal:        1844596 kB
MemFree:          118664 kB
MemAvailable:    1405732 kB
Buffers:          102872 kB
Cached:          1201616 kB
MemTotal:        1844596 kB
MemFree:          115564 kB
MemAvailable:    1402632 kB
Buffers:          102872 kB
Cached:          1201616 kB
MemTotal:        1844596 kB
MemFree:          110356 kB
MemAvailable:    1397424 kB
Buffers:          102872 kB
Cached:          1201616 kB
MemTotal:        1844596 kB
MemFree:          106992 kB
MemAvailable:    1394060 kB
Buffers:          102872 kB
Cached:          1201616 kB
MemTotal:        1844596 kB
MemFree:          107076 kB
MemAvailable:    1394144 kB
Buffers:          102872 kB
Cached:          1201616 kB
MemTotal:        1844596 kB
MemFree:          106856 kB
MemAvailable:    1393924 kB
Buffers:          102872 kB
Cached:          1201616 kB
MemTotal:        1844596 kB
MemFree:          106636 kB
MemAvailable:    1393704 kB
Buffers:          102872 kB
Cached:          1201616 kB
MemTotal:        1844596 kB
MemFree:          106388 kB
MemAvailable:    1393456 kB
Buffers:          102872 kB
Cached:          1201616 kB
MemTotal:        1844596 kB
MemFree:          104900 kB
MemAvailable:    1391968 kB
Buffers:          102872 kB
Cached:          1201616 kB
MemTotal:        1844596 kB
MemFree:          104768 kB
MemAvailable:    1391836 kB
Buffers:          102872 kB
Cached:          1201616 kB
MemTotal:        1844596 kB
MemFree:          105744 kB
MemAvailable:    1392812 kB
Buffers:          102872 kB
Cached:          1201616 kB
MemTotal:        1844596 kB
MemFree:          105024 kB
MemAvailable:    1392092 kB
Buffers:          102872 kB
Cached:          1201616 kB
MemTotal:        1844596 kB
MemFree:          105880 kB
MemAvailable:    1392948 kB
Buffers:          102872 kB
Cached:          1201616 kB
MemTotal:        1844596 kB
MemFree:          105788 kB
MemAvailable:    1392860 kB
Buffers:          102872 kB
Cached:          1201620 kB
MemTotal:        1844596 kB
MemFree:          104660 kB
MemAvailable:    1391732 kB
Buffers:          102872 kB
Cached:          1201620 kB
MemTotal:        1844596 kB
MemFree:          105388 kB
MemAvailable:    1392464 kB
Buffers:          102872 kB
Cached:          1201624 kB
MemTotal:        1844596 kB
MemFree:          105640 kB
MemAvailable:    1392716 kB
Buffers:          102872 kB
Cached:          1201624 kB
MemTotal:        1844596 kB
MemFree:          105324 kB
MemAvailable:    1392400 kB
Buffers:          102872 kB
Cached:          1201624 kB
MemTotal:        1844596 kB
MemFree:          104884 kB
MemAvailable:    1391960 kB
Buffers:          102872 kB
Cached:          1201624 kB
MemTotal:        1844596 kB
MemFree:          104968 kB
MemAvailable:    1392044 kB
Buffers:          102872 kB
Cached:          1201624 kB
MemTotal:        1844596 kB
MemFree:          104656 kB
MemAvailable:    1391732 kB
Buffers:          102872 kB
Cached:          1201624 kB
MemTotal:        1844596 kB
MemFree:          103348 kB
MemAvailable:    1390424 kB
Buffers:          102872 kB
Cached:          1201624 kB
MemTotal:        1844596 kB
MemFree:          104024 kB
MemAvailable:    1391100 kB
Buffers:          102872 kB
Cached:          1201624 kB
MemTotal:        1844596 kB
MemFree:          102908 kB
MemAvailable:    1389984 kB
Buffers:          102872 kB
Cached:          1201624 kB
MemTotal:        1844596 kB
MemFree:          102552 kB
MemAvailable:    1389628 kB
Buffers:          102872 kB
Cached:          1201624 kB
MemTotal:        1844596 kB
MemFree:          102712 kB
MemAvailable:    1389788 kB
Buffers:          102872 kB
Cached:          1201624 kB
MemTotal:        1844596 kB
MemFree:          102232 kB
MemAvailable:    1389308 kB
Buffers:          102872 kB
Cached:          1201624 kB
MemTotal:        1844596 kB
MemFree:          100940 kB
MemAvailable:    1388016 kB
Buffers:          102872 kB
Cached:          1201624 kB
MemTotal:        1844596 kB
MemFree:          100420 kB
MemAvailable:    1387496 kB
Buffers:          102872 kB
Cached:          1201624 kB
MemTotal:        1844596 kB
MemFree:          100632 kB
MemAvailable:    1387708 kB
Buffers:          102872 kB
Cached:          1201624 kB
MemTotal:        1844596 kB
MemFree:           98700 kB
MemAvailable:    1385776 kB
Buffers:          102872 kB
Cached:          1201624 kB
MemTotal:        1844596 kB
MemFree:           99800 kB
MemAvailable:    1386876 kB
Buffers:          102872 kB
Cached:          1201624 kB
MemTotal:        1844596 kB
MemFree:           99884 kB
MemAvailable:    1386960 kB
Buffers:          102872 kB
Cached:          1201624 kB
MemTotal:        1844596 kB
MemFree:           98436 kB
MemAvailable:    1385512 kB
Buffers:          102872 kB
Cached:          1201624 kB
MemTotal:        1844596 kB
MemFree:           99756 kB
MemAvailable:    1386832 kB
Buffers:          102872 kB
Cached:          1201624 kB
MemTotal:        1844596 kB
MemFree:           99072 kB
MemAvailable:    1386148 kB
Buffers:          102872 kB
Cached:          1201624 kB
MemTotal:        1844596 kB
MemFree:           99704 kB
MemAvailable:    1386784 kB
Buffers:          102872 kB
Cached:          1201628 kB
MemTotal:        1844596 kB
MemFree:           98700 kB
MemAvailable:    1385780 kB
Buffers:          102872 kB
Cached:          1201628 kB
MemTotal:        1844596 kB
MemFree:           98320 kB
MemAvailable:    1385400 kB
Buffers:          102872 kB
Cached:          1201628 kB
MemTotal:        1844596 kB
MemFree:           98212 kB
MemAvailable:    1385292 kB
Buffers:          102872 kB
Cached:          1201628 kB
MemTotal:        1844596 kB
MemFree:           98064 kB
MemAvailable:    1385144 kB
Buffers:          102872 kB
Cached:          1201628 kB
MemTotal:        1844596 kB
MemFree:           97832 kB
MemAvailable:    1384912 kB
Buffers:          102872 kB
Cached:          1201628 kB
MemTotal:        1844596 kB
MemFree:           96952 kB
MemAvailable:    1384032 kB
Buffers:          102872 kB
Cached:          1201628 kB
MemTotal:        1844596 kB
MemFree:           98432 kB
MemAvailable:    1385512 kB
Buffers:          102872 kB
Cached:          1201628 kB
MemTotal:        1844596 kB
MemFree:           97076 kB
MemAvailable:    1384156 kB
Buffers:          102872 kB
Cached:          1201628 kB
MemTotal:        1844596 kB
MemFree:           98052 kB
MemAvailable:    1385132 kB
Buffers:          102872 kB
Cached:          1201628 kB
MemTotal:        1844596 kB
MemFree:           97956 kB
MemAvailable:    1385036 kB
Buffers:          102872 kB
Cached:          1201628 kB
MemTotal:        1844596 kB
MemFree:           98192 kB
MemAvailable:    1385272 kB
Buffers:          102872 kB
Cached:          1201628 kB
MemTotal:        1844596 kB
MemFree:           98144 kB
MemAvailable:    1385224 kB
Buffers:          102872 kB
Cached:          1201628 kB
MemTotal:        1844596 kB
MemFree:           98148 kB
MemAvailable:    1385228 kB
Buffers:          102872 kB
Cached:          1201628 kB
MemTotal:        1844596 kB
MemFree:           97956 kB
MemAvailable:    1385036 kB
Buffers:          102872 kB
Cached:          1201628 kB
MemTotal:        1844596 kB
MemFree:           96700 kB
MemAvailable:    1383780 kB
Buffers:          102872 kB
Cached:          1201628 kB
MemTotal:        1844596 kB
MemFree:           96824 kB
MemAvailable:    1383904 kB
Buffers:          102872 kB
Cached:          1201628 kB
MemTotal:        1844596 kB
MemFree:           98268 kB
MemAvailable:    1385348 kB
Buffers:          102872 kB
Cached:          1201628 kB
MemTotal:        1844596 kB
MemFree:           98176 kB
MemAvailable:    1385256 kB
Buffers:          102872 kB
Cached:          1201628 kB
MemTotal:        1844596 kB
MemFree:           98012 kB
MemAvailable:    1385092 kB
Buffers:          102872 kB
Cached:          1201628 kB
MemTotal:        1844596 kB
MemFree:           96892 kB
MemAvailable:    1383972 kB
Buffers:          102872 kB
Cached:          1201628 kB
MemTotal:        1844596 kB
MemFree:           97868 kB
MemAvailable:    1384948 kB
Buffers:          102872 kB
Cached:          1201628 kB
MemTotal:        1844596 kB
MemFree:           97708 kB
MemAvailable:    1384788 kB
Buffers:          102872 kB
Cached:          1201628 kB
MemTotal:        1844596 kB
MemFree:           98068 kB
MemAvailable:    1385148 kB
Buffers:          102872 kB
Cached:          1201628 kB
MemTotal:        1844596 kB
MemFree:           96840 kB
MemAvailable:    1383920 kB
Buffers:          102872 kB
Cached:          1201628 kB
MemTotal:        1844596 kB
MemFree:           96916 kB
MemAvailable:    1383996 kB
Buffers:          102872 kB
Cached:          1201628 kB
MemTotal:        1844596 kB
MemFree:           96916 kB
MemAvailable:    1383996 kB
Buffers:          102872 kB
Cached:          1201628 kB
MemTotal:        1844596 kB
MemFree:           96792 kB
MemAvailable:    1383872 kB
Buffers:          102872 kB
Cached:          1201628 kB
MemTotal:        1844596 kB
MemFree:           96948 kB
MemAvailable:    1384028 kB
Buffers:          102872 kB
Cached:          1201628 kB
MemTotal:        1844596 kB
MemFree:           96704 kB
MemAvailable:    1383784 kB
Buffers:          102872 kB
Cached:          1201628 kB
MemTotal:        1844596 kB
MemFree:           96964 kB
MemAvailable:    1384044 kB
Buffers:          102872 kB
Cached:          1201628 kB
MemTotal:        1844596 kB
MemFree:           96916 kB
MemAvailable:    1383996 kB
Buffers:          102872 kB
Cached:          1201628 kB
MemTotal:        1844596 kB
MemFree:           98032 kB
MemAvailable:    1385112 kB
Buffers:          102872 kB
Cached:          1201628 kB
MemTotal:        1844596 kB
MemFree:           96964 kB
MemAvailable:    1384044 kB
Buffers:          102872 kB
Cached:          1201628 kB
MemTotal:        1844596 kB
MemFree:           96792 kB
MemAvailable:    1383872 kB
Buffers:          102872 kB
Cached:          1201628 kB
MemTotal:        1844596 kB
MemFree:           98164 kB
MemAvailable:    1385244 kB
Buffers:          102872 kB
Cached:          1201628 kB
MemTotal:        1844596 kB
MemFree:           96840 kB
MemAvailable:    1383920 kB
Buffers:          102872 kB
Cached:          1201628 kB
MemTotal:        1844596 kB
MemFree:           98288 kB
MemAvailable:    1385368 kB
Buffers:          102872 kB
Cached:          1201628 kB
MemTotal:        1844596 kB
MemFree:           98140 kB
MemAvailable:    1385220 kB
Buffers:          102872 kB
Cached:          1201628 kB
MemTotal:        1844596 kB
MemFree:           98064 kB
MemAvailable:    1385144 kB
Buffers:          102872 kB
Cached:          1201628 kB
MemTotal:        1844596 kB
MemFree:           97708 kB
MemAvailable:    1384788 kB
Buffers:          102872 kB
Cached:          1201628 kB
MemTotal:        1844596 kB
MemFree:           97952 kB
MemAvailable:    1385032 kB
Buffers:          102872 kB
Cached:          1201628 kB
MemTotal:        1844596 kB
MemFree:           98084 kB
MemAvailable:    1385164 kB
Buffers:          102872 kB
Cached:          1201628 kB
MemTotal:        1844596 kB
MemFree:           97028 kB
MemAvailable:    1384108 kB
Buffers:          102872 kB
Cached:          1201628 kB
MemTotal:        1844596 kB
MemFree:           98284 kB
MemAvailable:    1385364 kB
Buffers:          102872 kB
Cached:          1201628 kB
MemTotal:        1844596 kB
MemFree:           98172 kB
MemAvailable:    1385252 kB
Buffers:          102872 kB
Cached:          1201628 kB
MemTotal:        1844596 kB
MemFree:           93492 kB
MemAvailable:    1380572 kB
Buffers:          102872 kB
Cached:          1201628 kB
MemTotal:        1844596 kB
MemFree:           91592 kB
MemAvailable:    1378672 kB
Buffers:          102872 kB
Cached:          1201628 kB
MemTotal:        1844596 kB
MemFree:           89152 kB
MemAvailable:    1376232 kB
Buffers:          102872 kB
Cached:          1201628 kB
MemTotal:        1844596 kB
MemFree:           85912 kB
MemAvailable:    1372992 kB
Buffers:          102872 kB
Cached:          1201628 kB
MemTotal:        1844596 kB
MemFree:           85556 kB
MemAvailable:    1372636 kB
Buffers:          102872 kB
Cached:          1201628 kB
MemTotal:        1844596 kB
MemFree:           81588 kB
MemAvailable:    1368668 kB
Buffers:          102872 kB
Cached:          1201628 kB
MemTotal:        1844596 kB
MemFree:           78928 kB
MemAvailable:    1366016 kB
Buffers:          102872 kB
Cached:          1201636 kB
MemTotal:        1844596 kB
MemFree:           78964 kB
MemAvailable:    1366052 kB
Buffers:          102872 kB
Cached:          1201636 kB
MemTotal:        1844596 kB
MemFree:           78852 kB
MemAvailable:    1365940 kB
Buffers:          102872 kB
Cached:          1201636 kB
MemTotal:        1844596 kB
MemFree:           78592 kB
MemAvailable:    1365680 kB
Buffers:          102872 kB
Cached:          1201636 kB
MemTotal:        1844596 kB
MemFree:           78676 kB
MemAvailable:    1365764 kB
Buffers:          102872 kB
Cached:          1201636 kB
MemTotal:        1844596 kB
MemFree:           78660 kB
MemAvailable:    1365748 kB
Buffers:          102872 kB
Cached:          1201636 kB
MemTotal:        1844596 kB
MemFree:           77484 kB
MemAvailable:    1364572 kB
Buffers:          102872 kB
Cached:          1201636 kB
MemTotal:        1844596 kB
MemFree:           78588 kB
MemAvailable:    1365676 kB
Buffers:          102872 kB
Cached:          1201636 kB
MemTotal:        1844596 kB
MemFree:           78620 kB
MemAvailable:    1365708 kB
Buffers:          102872 kB
Cached:          1201636 kB
MemTotal:        1844596 kB
MemFree:           78660 kB
MemAvailable:    1365748 kB
Buffers:          102872 kB
Cached:          1201636 kB
MemTotal:        1844596 kB
MemFree:           77608 kB
MemAvailable:    1364696 kB
Buffers:          102872 kB
Cached:          1201636 kB
MemTotal:        1844596 kB
MemFree:           77320 kB
MemAvailable:    1364408 kB
Buffers:          102872 kB
Cached:          1201636 kB
MemTotal:        1844596 kB
MemFree:           78604 kB
MemAvailable:    1365692 kB
Buffers:          102872 kB
Cached:          1201636 kB
MemTotal:        1844596 kB
MemFree:           78604 kB
MemAvailable:    1365692 kB
Buffers:          102872 kB
Cached:          1201636 kB
MemTotal:        1844596 kB
MemFree:           78288 kB
MemAvailable:    1365376 kB
Buffers:          102872 kB
Cached:          1201636 kB
MemTotal:        1844596 kB
MemFree:           78000 kB
MemAvailable:    1365088 kB
Buffers:          102872 kB
Cached:          1201636 kB
MemTotal:        1844596 kB
MemFree:           78192 kB
MemAvailable:    1365280 kB
Buffers:          102872 kB
Cached:          1201636 kB
MemTotal:        1844596 kB
MemFree:           78252 kB
MemAvailable:    1365340 kB
Buffers:          102872 kB
Cached:          1201636 kB
MemTotal:        1844596 kB
MemFree:           77196 kB
MemAvailable:    1364284 kB
Buffers:          102872 kB
Cached:          1201636 kB
MemTotal:        1844596 kB
MemFree:           78168 kB
MemAvailable:    1365256 kB
Buffers:          102872 kB
Cached:          1201636 kB
MemTotal:        1844596 kB
MemFree:           78420 kB
MemAvailable:    1365508 kB
Buffers:          102872 kB
Cached:          1201636 kB
MemTotal:        1844596 kB
MemFree:           78360 kB
MemAvailable:    1365448 kB
Buffers:          102872 kB
Cached:          1201636 kB
MemTotal:        1844596 kB
MemFree:           77112 kB
MemAvailable:    1364200 kB
Buffers:          102872 kB
Cached:          1201636 kB
MemTotal:        1844596 kB
MemFree:           77072 kB
MemAvailable:    1364160 kB
Buffers:          102872 kB
Cached:          1201636 kB
MemTotal:        1844596 kB
MemFree:           78000 kB
MemAvailable:    1365088 kB
Buffers:          102872 kB
Cached:          1201636 kB
MemTotal:        1844596 kB
MemFree:           76884 kB
MemAvailable:    1363972 kB
Buffers:          102872 kB
Cached:          1201636 kB
MemTotal:        1844596 kB
MemFree:           77364 kB
MemAvailable:    1364452 kB
Buffers:          102872 kB
Cached:          1201636 kB
MemTotal:        1844596 kB
MemFree:           77364 kB
MemAvailable:    1364452 kB
Buffers:          102872 kB
Cached:          1201636 kB
MemTotal:        1844596 kB
MemFree:           70488 kB
MemAvailable:    1357576 kB
Buffers:          102872 kB
Cached:          1201636 kB
MemTotal:        1844596 kB
MemFree:           67796 kB
MemAvailable:    1354884 kB
Buffers:          102872 kB
Cached:          1201636 kB
MemTotal:        1844596 kB
MemFree:           68808 kB
MemAvailable:    1355896 kB
Buffers:          102872 kB
Cached:          1201636 kB
MemTotal:        1844596 kB
MemFree:           67312 kB
MemAvailable:    1354400 kB
Buffers:          102872 kB
Cached:          1201636 kB
MemTotal:        1844596 kB
MemFree:           68276 kB
MemAvailable:    1355364 kB
Buffers:          102872 kB
Cached:          1201636 kB
MemTotal:        1844596 kB
MemFree:           67824 kB
MemAvailable:    1354912 kB
Buffers:          102872 kB
Cached:          1201636 kB
MemTotal:        1844596 kB
MemFree:           68256 kB
MemAvailable:    1355344 kB
Buffers:          102872 kB
Cached:          1201636 kB
MemTotal:        1844596 kB
MemFree:           68336 kB
MemAvailable:    1355424 kB
Buffers:          102872 kB
Cached:          1201636 kB
MemTotal:        1844596 kB
MemFree:           67360 kB
MemAvailable:    1354448 kB
Buffers:          102872 kB
Cached:          1201636 kB
MemTotal:        1844596 kB
MemFree:           68004 kB
MemAvailable:    1355096 kB
Buffers:          102872 kB
Cached:          1201640 kB
MemTotal:        1844596 kB
MemFree:           68340 kB
MemAvailable:    1355432 kB
Buffers:          102872 kB
Cached:          1201640 kB
MemTotal:        1844596 kB
MemFree:           67972 kB
MemAvailable:    1355148 kB
Buffers:          102872 kB
Cached:          1201764 kB
MemTotal:        1844596 kB
MemFree:           67972 kB
MemAvailable:    1355148 kB
Buffers:          102872 kB
Cached:          1201764 kB
MemTotal:        1844596 kB
MemFree:           67816 kB
MemAvailable:    1355076 kB
Buffers:          102872 kB
Cached:          1201888 kB
MemTotal:        1844596 kB
MemFree:           67796 kB
MemAvailable:    1355224 kB
Buffers:          102872 kB
Cached:          1202012 kB
MemTotal:        1844596 kB
MemFree:           67808 kB
MemAvailable:    1355320 kB
Buffers:          102872 kB
Cached:          1202136 kB
MemTotal:        1844596 kB
MemFree:           66300 kB
MemAvailable:    1353896 kB
Buffers:          102872 kB
Cached:          1202260 kB
MemTotal:        1844596 kB
MemFree:           67216 kB
MemAvailable:    1354872 kB
Buffers:          102872 kB
Cached:          1202280 kB
MemTotal:        1844596 kB
MemFree:           67668 kB
MemAvailable:    1355324 kB
Buffers:          102872 kB
Cached:          1202280 kB
MemTotal:        1844596 kB
MemFree:           66312 kB
MemAvailable:    1353968 kB
Buffers:          102872 kB
Cached:          1202280 kB
MemTotal:        1844596 kB
MemFree:           66136 kB
MemAvailable:    1353792 kB
Buffers:          102872 kB
Cached:          1202280 kB
MemTotal:        1844596 kB
MemFree:           66940 kB
MemAvailable:    1354596 kB
Buffers:          102872 kB
Cached:          1202280 kB
MemTotal:        1844596 kB
MemFree:           67392 kB
MemAvailable:    1355048 kB
Buffers:          102872 kB
Cached:          1202280 kB
MemTotal:        1844596 kB
MemFree:           67040 kB
MemAvailable:    1354696 kB
Buffers:          102872 kB
Cached:          1202280 kB
MemTotal:        1844596 kB
MemFree:           67424 kB
MemAvailable:    1355164 kB
Buffers:          102872 kB
Cached:          1202404 kB
MemTotal:        1844596 kB
MemFree:           65908 kB
MemAvailable:    1353732 kB
Buffers:          102872 kB
Cached:          1202404 kB
MemTotal:        1844596 kB
MemFree:           65804 kB
MemAvailable:    1352872 kB
Buffers:          102872 kB
Cached:          1201688 kB
MemTotal:        1844596 kB
MemFree:          210704 kB
MemAvailable:    1497856 kB
Buffers:          102872 kB
Cached:          1201688 kB
MemTotal:        1844596 kB
MemFree:          105448 kB
MemAvailable:    1392516 kB
Buffers:          102872 kB
Cached:          1201688 kB
