MemTotal:        1844596 kB
MemFree:          692320 kB
MemAvailable:    1547876 kB
Buffers:           89580 kB
Cached:           789392 kB
MemTotal:        1844596 kB
MemFree:          663304 kB
MemAvailable:    1518864 kB
Buffers:           89580 kB
Cached:           789396 kB
MemTotal:        1844596 kB
MemFree:          663420 kB
MemAvailable:    1518980 kB
Buffers:           89580 kB
Cached:           789396 kB
MemTotal:        1844596 kB
MemFree:          662436 kB
MemAvailable:    1517996 kB
Buffers:           89580 kB
Cached:           789396 kB
MemTotal:        1844596 kB
MemFree:          660072 kB
MemAvailable:    1515632 kB
Buffers:           89580 kB
Cached:           789396 kB
MemTotal:        1844596 kB
MemFree:          659448 kB
MemAvailable:    1515008 kB
Buffers:           89580 kB
Cached:           789396 kB
MemTotal:        1844596 kB
MemFree:          659212 kB
MemAvailable:    1514772 kB
Buffers:           89580 kB
Cached:           789396 kB
MemTotal:        1844596 kB
MemFree:          656600 kB
MemAvailable:    1512160 kB
Buffers:           89580 kB
Cached:           789396 kB
MemTotal:        1844596 kB
MemFree:          656492 kB
MemAvailable:    1512052 kB
Buffers:           89580 kB
Cached:           789396 kB
MemTotal:        1844596 kB
MemFree:          652896 kB
MemAvailable:    1508456 kB
Buffers:           89580 kB
Cached:           789396 kB
MemTotal:        1844596 kB
MemFree:          648680 kB
MemAvailable:    1504240 kB
Buffers:           89580 kB
Cached:           789396 kB
MemTotal:        1844596 kB
MemFree:          652220 kB
MemAvailable:    1507780 kB
Buffers:           89580 kB
Cached:           789396 kB
MemTotal:        1844596 kB
MemFree:          652476 kB
MemAvailable:    1508036 kB
Buffers:           89580 kB
Cached:           789396 kB
MemTotal:        1844596 kB
MemFree:          651104 kB
MemAvailable:    1506664 kB
Buffers:           89580 kB
Cached:           789396 kB
MemTotal:        1844596 kB
MemFree:          651104 kB
MemAvailable:    1506664 kB
Buffers:           89580 kB
Cached:           789396 kB
MemTotal:        1844596 kB
MemFree:          652148 kB
MemAvailable:    1507708 kB
Buffers:           89580 kB
Cached:           789396 kB
MemTotal:        1844596 kB
MemFree:          650840 kB
MemAvailable:    1506400 kB
Buffers:           89580 kB
Cached:           789396 kB
MemTotal:        1844596 kB
MemFree:          650964 kB
MemAvailable:    1506524 kB
Buffers:           89580 kB
Cached:           789396 kB
MemTotal:        1844596 kB
MemFree:          650540 kB
MemAvailable:    1506100 kB
Buffers:           89580 kB
Cached:           789396 kB
MemTotal:        1844596 kB
MemFree:          651640 kB
MemAvailable:    1507200 kB
Buffers:           89580 kB
Cached:           789396 kB
MemTotal:        1844596 kB
MemFree:          651656 kB
MemAvailable:    1507216 kB
Buffers:           89580 kB
Cached:           789396 kB
MemTotal:        1844596 kB
MemFree:          651600 kB
MemAvailable:    1507160 kB
Buffers:           89580 kB
Cached:           789396 kB
MemTotal:        1844596 kB
MemFree:          651460 kB
MemAvailable:    1507020 kB
Buffers:           89580 kB
Cached:           789396 kB
MemTotal:        1844596 kB
MemFree:          650664 kB
MemAvailable:    1506224 kB
Buffers:           89580 kB
Cached:           789396 kB
MemTotal:        1844596 kB
MemFree:          649864 kB
MemAvailable:    1505424 kB
Buffers:           89580 kB
Cached:           789396 kB
MemTotal:        1844596 kB
MemFree:          650972 kB
MemAvailable:    1506532 kB
Buffers:           89580 kB
Cached:           789396 kB
MemTotal:        1844596 kB
MemFree:          650176 kB
MemAvailable:    1505736 kB
Buffers:           89580 kB
Cached:           789396 kB
MemTotal:        1844596 kB
MemFree:          650656 kB
MemAvailable:    1506216 kB
Buffers:           89580 kB
Cached:           789396 kB
MemTotal:        1844596 kB
MemFree:          650728 kB
MemAvailable:    1506288 kB
Buffers:           89580 kB
Cached:           789396 kB
MemTotal:        1844596 kB
MemFree:          648548 kB
MemAvailable:    1504108 kB
Buffers:           89580 kB
Cached:           789396 kB
MemTotal:        1844596 kB
MemFree:          648556 kB
MemAvailable:    1504116 kB
Buffers:           89580 kB
Cached:           789396 kB
MemTotal:        1844596 kB
MemFree:          648432 kB
MemAvailable:    1503992 kB
Buffers:           89580 kB
Cached:           789396 kB
MemTotal:        1844596 kB
MemFree:          648184 kB
MemAvailable:    1503744 kB
Buffers:           89580 kB
Cached:           789396 kB
MemTotal:        1844596 kB
MemFree:          649672 kB
MemAvailable:    1505232 kB
Buffers:           89580 kB
Cached:           789396 kB
MemTotal:        1844596 kB
MemFree:          649112 kB
MemAvailable:    1504672 kB
Buffers:           89580 kB
Cached:           789396 kB
MemTotal:        1844596 kB
MemFree:          648804 kB
MemAvailable:    1504364 kB
Buffers:           89580 kB
Cached:           789396 kB
MemTotal:        1844596 kB
MemFree:          648048 kB
MemAvailable:    1503608 kB
Buffers:           89580 kB
Cached:           789396 kB
MemTotal:        1844596 kB
MemFree:          649528 kB
MemAvailable:    1505088 kB
Buffers:           89580 kB
Cached:           789396 kB
MemTotal:        1844596 kB
MemFree:          649344 kB
MemAvailable:    1504904 kB
Buffers:           89580 kB
Cached:           789396 kB
MemTotal:        1844596 kB
MemFree:          648908 kB
MemAvailable:    1504468 kB
Buffers:           89580 kB
Cached:           789396 kB
MemTotal:        1844596 kB
MemFree:          645084 kB
MemAvailable:    1500644 kB
Buffers:           89580 kB
Cached:           789396 kB
MemTotal:        1844596 kB
MemFree:          644268 kB
MemAvailable:    1499828 kB
Buffers:           89580 kB
Cached:           789396 kB
MemTotal:        1844596 kB
MemFree:          642968 kB
MemAvailable:    1498528 kB
Buffers:           89580 kB
Cached:           789396 kB
MemTotal:        1844596 kB
MemFree:          642968 kB
MemAvailable:    1498532 kB
Buffers:           89580 kB
Cached:           789400 kB
MemTotal:        1844596 kB
MemFree:          642844 kB
MemAvailable:    1498408 kB
Buffers:           89580 kB
Cached:           789400 kB
MemTotal:        1844596 kB
MemFree:          642604 kB
MemAvailable:    1498168 kB
Buffers:           89580 kB
Cached:           789400 kB
MemTotal:        1844596 kB
MemFree:          643704 kB
MemAvailable:    1499268 kB
Buffers:           89580 kB
Cached:           789400 kB
MemTotal:        1844596 kB
MemFree:          644040 kB
MemAvailable:    1499604 kB
Buffers:           89580 kB
Cached:           789400 kB
MemTotal:        1844596 kB
MemFree:          642232 kB
MemAvailable:    1497796 kB
Buffers:           89580 kB
Cached:           789400 kB
MemTotal:        1844596 kB
MemFree:          643580 kB
MemAvailable:    1499144 kB
Buffers:           89580 kB
Cached:           789400 kB
MemTotal:        1844596 kB
MemFree:          642184 kB
MemAvailable:    1497748 kB
Buffers:           89580 kB
Cached:           789400 kB
MemTotal:        1844596 kB
MemFree:          643448 kB
MemAvailable:    1499012 kB
Buffers:           89580 kB
Cached:           789400 kB
MemTotal:        1844596 kB
MemFree:          643448 kB
MemAvailable:    1499012 kB
Buffers:           89580 kB
Cached:           789400 kB
MemTotal:        1844596 kB
MemFree:          643584 kB
MemAvailable:    1499148 kB
Buffers:           89580 kB
Cached:           789400 kB
MemTotal:        1844596 kB
MemFree:          642164 kB
MemAvailable:    1497728 kB
Buffers:           89580 kB
Cached:           789400 kB
MemTotal:        1844596 kB
MemFree:          642596 kB
MemAvailable:    1498160 kB
Buffers:           89580 kB
Cached:           789400 kB
MemTotal:        1844596 kB
MemFree:          639248 kB
MemAvailable:    1494812 kB
Buffers:           89580 kB
Cached:           789400 kB
MemTotal:        1844596 kB
MemFree:          637828 kB
MemAvailable:    1493392 kB
Buffers:           89580 kB
Cached:           789400 kB
MemTotal:        1844596 kB
MemFree:          636264 kB
MemAvailable:    1491828 kB
Buffers:           89580 kB
Cached:           789400 kB
MemTotal:        1844596 kB
MemFree:          637016 kB
MemAvailable:    1492580 kB
Buffers:           89580 kB
Cached:           789400 kB
MemTotal:        1844596 kB
MemFree:          637016 kB
MemAvailable:    1492580 kB
Buffers:           89580 kB
Cached:           789400 kB
MemTotal:        1844596 kB
MemFree:          635412 kB
MemAvailable:    1490976 kB
Buffers:           89580 kB
Cached:           789400 kB
MemTotal:        1844596 kB
MemFree:          634288 kB
MemAvailable:    1489852 kB
Buffers:           89580 kB
Cached:           789400 kB
MemTotal:        1844596 kB
MemFree:          634916 kB
MemAvailable:    1490480 kB
Buffers:           89580 kB
Cached:           789400 kB
MemTotal:        1844596 kB
MemFree:          634116 kB
MemAvailable:    1489680 kB
Buffers:           89580 kB
Cached:           789400 kB
MemTotal:        1844596 kB
MemFree:          633552 kB
MemAvailable:    1489116 kB
Buffers:           89580 kB
Cached:           789400 kB
MemTotal:        1844596 kB
MemFree:          634604 kB
MemAvailable:    1490172 kB
Buffers:           89580 kB
Cached:           789404 kB
MemTotal:        1844596 kB
MemFree:          634048 kB
MemAvailable:    1489616 kB
Buffers:           89580 kB
Cached:           789404 kB
MemTotal:        1844596 kB
MemFree:          634612 kB
MemAvailable:    1490180 kB
Buffers:           89580 kB
Cached:           789404 kB
MemTotal:        1844596 kB
MemFree:          634672 kB
MemAvailable:    1490240 kB
Buffers:           89580 kB
Cached:           789404 kB
MemTotal:        1844596 kB
MemFree:          633364 kB
MemAvailable:    1488932 kB
Buffers:           89580 kB
Cached:           789404 kB
MemTotal:        1844596 kB
MemFree:          633532 kB
MemAvailable:    1489100 kB
Buffers:           89580 kB
Cached:           789404 kB
MemTotal:        1844596 kB
MemFree:          634828 kB
MemAvailable:    1490396 kB
Buffers:           89580 kB
Cached:           789404 kB
MemTotal:        1844596 kB
MemFree:          633104 kB
MemAvailable:    1488672 kB
Buffers:           89580 kB
Cached:           789404 kB
MemTotal:        1844596 kB
MemFree:          634636 kB
MemAvailable:    1490204 kB
Buffers:           89580 kB
Cached:           789404 kB
MemTotal:        1844596 kB
MemFree:          633264 kB
MemAvailable:    1488832 kB
Buffers:           89580 kB
Cached:           789404 kB
MemTotal:        1844596 kB
MemFree:          633172 kB
MemAvailable:    1488740 kB
Buffers:           89580 kB
Cached:           789404 kB
MemTotal:        1844596 kB
MemFree:          634536 kB
MemAvailable:    1490104 kB
Buffers:           89580 kB
Cached:           789404 kB
MemTotal:        1844596 kB
MemFree:          634412 kB
MemAvailable:    1489980 kB
Buffers:           89580 kB
Cached:           789404 kB
MemTotal:        1844596 kB
MemFree:          632912 kB
MemAvailable:    1488480 kB
Buffers:           89580 kB
Cached:           789404 kB
MemTotal:        1844596 kB
MemFree:          633180 kB
MemAvailable:    1488748 kB
Buffers:           89580 kB
Cached:           789404 kB
MemTotal:        1844596 kB
MemFree:          634476 kB
MemAvailable:    1490044 kB
Buffers:           89580 kB
Cached:           789404 kB
MemTotal:        1844596 kB
MemFree:          634364 kB
MemAvailable:    1489932 kB
Buffers:           89580 kB
Cached:           789404 kB
MemTotal:        1844596 kB
MemFree:          630452 kB
MemAvailable:    1486020 kB
Buffers:           89580 kB
Cached:           789404 kB
MemTotal:        1844596 kB
MemFree:          626716 kB
MemAvailable:    1482284 kB
Buffers:           89580 kB
Cached:           789404 kB
MemTotal:        1844596 kB
MemFree:          626608 kB
MemAvailable:    1482176 kB
Buffers:           89580 kB
Cached:           789404 kB
MemTotal:        1844596 kB
MemFree:          625244 kB
MemAvailable:    1480812 kB
Buffers:           89580 kB
Cached:           789404 kB
MemTotal:        1844596 kB
MemFree:          625120 kB
MemAvailable:    1480688 kB
Buffers:           89580 kB
Cached:           789404 kB
MemTotal:        1844596 kB
MemFree:          626104 kB
MemAvailable:    1481672 kB
Buffers:           89580 kB
Cached:           789404 kB
MemTotal:        1844596 kB
MemFree:          626188 kB
MemAvailable:    1481756 kB
Buffers:           89580 kB
Cached:           789404 kB
MemTotal:        1844596 kB
MemFree:          624616 kB
MemAvailable:    1480184 kB
Buffers:           89580 kB
Cached:           789404 kB
MemTotal:        1844596 kB
MemFree:          625908 kB
MemAvailable:    1481476 kB
Buffers:           89580 kB
Cached:           789404 kB
MemTotal:        1844596 kB
MemFree:          624732 kB
MemAvailable:    1480300 kB
Buffers:           89580 kB
Cached:           789404 kB
MemTotal:        1844596 kB
MemFree:          624600 kB
MemAvailable:    1480168 kB
Buffers:           89580 kB
Cached:           789404 kB
MemTotal:        1844596 kB
MemFree:          624484 kB
MemAvailable:    1480052 kB
Buffers:           89580 kB
Cached:           789404 kB
MemTotal:        1844596 kB
MemFree:          625848 kB
MemAvailable:    1481416 kB
Buffers:           89580 kB
Cached:           789404 kB
MemTotal:        1844596 kB
MemFree:          625904 kB
MemAvailable:    1481472 kB
Buffers:           89580 kB
Cached:           789404 kB
MemTotal:        1844596 kB
MemFree:          624748 kB
MemAvailable:    1480316 kB
Buffers:           89580 kB
Cached:           789404 kB
MemTotal:        1844596 kB
MemFree:          625568 kB
MemAvailable:    1481136 kB
Buffers:           89580 kB
Cached:           789404 kB
MemTotal:        1844596 kB
MemFree:          625824 kB
MemAvailable:    1481392 kB
Buffers:           89580 kB
Cached:           789404 kB
MemTotal:        1844596 kB
MemFree:          624328 kB
MemAvailable:    1479896 kB
Buffers:           89580 kB
Cached:           789404 kB
MemTotal:        1844596 kB
MemFree:          625968 kB
MemAvailable:    1481536 kB
Buffers:           89580 kB
Cached:           789404 kB
MemTotal:        1844596 kB
MemFree:          624996 kB
MemAvailable:    1480564 kB
Buffers:           89580 kB
Cached:           789404 kB
MemTotal:        1844596 kB
MemFree:          625568 kB
MemAvailable:    1481140 kB
Buffers:           89580 kB
Cached:           789408 kB
MemTotal:        1844596 kB
MemFree:          625824 kB
MemAvailable:    1481396 kB
Buffers:           89580 kB
Cached:           789408 kB
MemTotal:        1844596 kB
MemFree:          624376 kB
MemAvailable:    1479948 kB
Buffers:           89580 kB
Cached:           789408 kB
MemTotal:        1844596 kB
MemFree:          624452 kB
MemAvailable:    1480024 kB
Buffers:           89580 kB
Cached:           789408 kB
MemTotal:        1844596 kB
MemFree:          625732 kB
MemAvailable:    1481304 kB
Buffers:           89580 kB
Cached:           789408 kB
MemTotal:        1844596 kB
MemFree:          625944 kB
MemAvailable:    1481516 kB
Buffers:           89580 kB
Cached:           789408 kB
MemTotal:        1844596 kB
MemFree:          625560 kB
MemAvailable:    1481132 kB
Buffers:           89580 kB
Cached:           789408 kB
MemTotal:        1844596 kB
MemFree:          624328 kB
MemAvailable:    1479900 kB
Buffers:           89580 kB
Cached:           789408 kB
MemTotal:        1844596 kB
MemFree:          625692 kB
MemAvailable:    1481264 kB
Buffers:           89580 kB
Cached:           789408 kB
MemTotal:        1844596 kB
MemFree:          624444 kB
MemAvailable:    1480016 kB
Buffers:           89580 kB
Cached:           789408 kB
MemTotal:        1844596 kB
MemFree:          624612 kB
MemAvailable:    1480184 kB
Buffers:           89580 kB
Cached:           789408 kB
MemTotal:        1844596 kB
MemFree:          625740 kB
MemAvailable:    1481312 kB
Buffers:           89580 kB
Cached:           789408 kB
MemTotal:        1844596 kB
MemFree:          624500 kB
MemAvailable:    1480072 kB
Buffers:           89580 kB
Cached:           789408 kB
MemTotal:        1844596 kB
MemFree:          625732 kB
MemAvailable:    1481304 kB
Buffers:           89580 kB
Cached:           789408 kB
MemTotal:        1844596 kB
MemFree:          625600 kB
MemAvailable:    1481172 kB
Buffers:           89580 kB
Cached:           789408 kB
MemTotal:        1844596 kB
MemFree:          625492 kB
MemAvailable:    1481064 kB
Buffers:           89580 kB
Cached:           789408 kB
MemTotal:        1844596 kB
MemFree:          624488 kB
MemAvailable:    1480060 kB
Buffers:           89580 kB
Cached:           789408 kB
MemTotal:        1844596 kB
MemFree:          625728 kB
MemAvailable:    1481300 kB
Buffers:           89580 kB
Cached:           789408 kB
MemTotal:        1844596 kB
MemFree:          623808 kB
MemAvailable:    1479380 kB
Buffers:           89580 kB
Cached:           789408 kB
MemTotal:        1844596 kB
MemFree:          620840 kB
MemAvailable:    1476412 kB
Buffers:           89580 kB
Cached:           789408 kB
MemTotal:        1844596 kB
MemFree:          618308 kB
MemAvailable:    1473880 kB
Buffers:           89580 kB
Cached:           789408 kB
MemTotal:        1844596 kB
MemFree:          615068 kB
MemAvailable:    1470640 kB
Buffers:           89580 kB
Cached:           789408 kB
MemTotal:        1844596 kB
MemFree:          615404 kB
MemAvailable:    1470976 kB
Buffers:           89580 kB
Cached:           789408 kB
MemTotal:        1844596 kB
MemFree:          614936 kB
MemAvailable:    1470508 kB
Buffers:           89580 kB
Cached:           789408 kB
MemTotal:        1844596 kB
MemFree:          615020 kB
MemAvailable:    1470592 kB
Buffers:           89580 kB
Cached:           789408 kB
MemTotal:        1844596 kB
MemFree:          615144 kB
MemAvailable:    1470716 kB
Buffers:           89580 kB
Cached:           789408 kB
MemTotal:        1844596 kB
MemFree:          614944 kB
MemAvailable:    1470516 kB
Buffers:           89580 kB
Cached:           789408 kB
MemTotal:        1844596 kB
MemFree:          615028 kB
MemAvailable:    1470600 kB
Buffers:           89580 kB
Cached:           789408 kB
MemTotal:        1844596 kB
MemFree:          614940 kB
MemAvailable:    1470512 kB
Buffers:           89580 kB
Cached:           789408 kB
MemTotal:        1844596 kB
MemFree:          614828 kB
MemAvailable:    1470400 kB
Buffers:           89580 kB
Cached:           789408 kB
MemTotal:        1844596 kB
MemFree:          614092 kB
MemAvailable:    1469664 kB
Buffers:           89580 kB
Cached:           789408 kB
MemTotal:        1844596 kB
MemFree:          614688 kB
MemAvailable:    1470260 kB
Buffers:           89580 kB
Cached:           789408 kB
MemTotal:        1844596 kB
MemFree:          615024 kB
MemAvailable:    1470596 kB
Buffers:           89580 kB
Cached:           789408 kB
MemTotal:        1844596 kB
MemFree:          614780 kB
MemAvailable:    1470352 kB
Buffers:           89580 kB
Cached:           789408 kB
MemTotal:        1844596 kB
MemFree:          614864 kB
MemAvailable:    1470436 kB
Buffers:           89580 kB
Cached:           789408 kB
MemTotal:        1844596 kB
MemFree:          615036 kB
MemAvailable:    1470608 kB
Buffers:           89580 kB
Cached:           789408 kB
MemTotal:        1844596 kB
MemFree:          614832 kB
MemAvailable:    1470404 kB
Buffers:           89580 kB
Cached:           789408 kB
MemTotal:        1844596 kB
MemFree:          613700 kB
MemAvailable:    1469272 kB
Buffers:           89580 kB
Cached:           789408 kB
MemTotal:        1844596 kB
MemFree:          614876 kB
MemAvailable:    1470448 kB
Buffers:           89580 kB
Cached:           789408 kB
MemTotal:        1844596 kB
MemFree:          614828 kB
MemAvailable:    1470400 kB
Buffers:           89580 kB
Cached:           789408 kB
MemTotal:        1844596 kB
MemFree:          614324 kB
MemAvailable:    1469896 kB
Buffers:           89580 kB
Cached:           789408 kB
MemTotal:        1844596 kB
MemFree:          614828 kB
MemAvailable:    1470400 kB
Buffers:           89580 kB
Cached:           789408 kB
MemTotal:        1844596 kB
MemFree:          614448 kB
MemAvailable:    1470020 kB
Buffers:           89580 kB
Cached:           789408 kB
MemTotal:        1844596 kB
MemFree:          613400 kB
MemAvailable:    1468972 kB
Buffers:           89580 kB
Cached:           789408 kB
MemTotal:        1844596 kB
MemFree:          614824 kB
MemAvailable:    1470396 kB
Buffers:           89580 kB
Cached:           789408 kB
MemTotal:        1844596 kB
MemFree:          613648 kB
MemAvailable:    1469220 kB
Buffers:           89580 kB
Cached:           789408 kB
MemTotal:        1844596 kB
MemFree:          613648 kB
MemAvailable:    1469220 kB
Buffers:           89580 kB
Cached:           789408 kB
MemTotal:        1844596 kB
MemFree:          614764 kB
MemAvailable:    1470336 kB
Buffers:           89580 kB
Cached:           789408 kB
MemTotal:        1844596 kB
MemFree:          613968 kB
MemAvailable:    1469540 kB
Buffers:           89580 kB
Cached:           789408 kB
MemTotal:        1844596 kB
MemFree:          613836 kB
MemAvailable:    1469412 kB
Buffers:           89580 kB
Cached:           789412 kB
MemTotal:        1844596 kB
MemFree:          615068 kB
MemAvailable:    1470644 kB
Buffers:           89580 kB
Cached:           789412 kB
MemTotal:        1844596 kB
MemFree:          615040 kB
MemAvailable:    1470616 kB
Buffers:           89580 kB
Cached:           789412 kB
MemTotal:        1844596 kB
MemFree:          613836 kB
MemAvailable:    1469412 kB
Buffers:           89580 kB
Cached:           789412 kB
MemTotal:        1844596 kB
MemFree:          613580 kB
MemAvailable:    1469156 kB
Buffers:           89580 kB
Cached:           789412 kB
MemTotal:        1844596 kB
MemFree:          614944 kB
MemAvailable:    1470520 kB
Buffers:           89580 kB
Cached:           789412 kB
MemTotal:        1844596 kB
MemFree:          614780 kB
MemAvailable:    1470356 kB
Buffers:           89580 kB
Cached:           789412 kB
MemTotal:        1844596 kB
MemFree:          614768 kB
MemAvailable:    1470344 kB
Buffers:           89580 kB
Cached:           789412 kB
MemTotal:        1844596 kB
MemFree:          615020 kB
MemAvailable:    1470596 kB
Buffers:           89580 kB
Cached:           789412 kB
MemTotal:        1844596 kB
MemFree:          614780 kB
MemAvailable:    1470356 kB
Buffers:           89580 kB
Cached:           789412 kB
MemTotal:        1844596 kB
MemFree:          614764 kB
MemAvailable:    1470340 kB
Buffers:           89580 kB
Cached:           789412 kB
MemTotal:        1844596 kB
MemFree:          614932 kB
MemAvailable:    1470508 kB
Buffers:           89580 kB
Cached:           789412 kB
MemTotal:        1844596 kB
MemFree:          614752 kB
MemAvailable:    1470328 kB
Buffers:           89580 kB
Cached:           789412 kB
MemTotal:        1844596 kB
MemFree:          614580 kB
MemAvailable:    1470156 kB
Buffers:           89580 kB
Cached:           789412 kB
MemTotal:        1844596 kB
MemFree:          613576 kB
MemAvailable:    1469152 kB
Buffers:           89580 kB
Cached:           789412 kB
MemTotal:        1844596 kB
MemFree:          614868 kB
MemAvailable:    1470444 kB
Buffers:           89580 kB
Cached:           789412 kB
MemTotal:        1844596 kB
MemFree:          614688 kB
MemAvailable:    1470264 kB
Buffers:           89580 kB
Cached:           789412 kB
MemTotal:        1844596 kB
MemFree:          614940 kB
MemAvailable:    1470516 kB
Buffers:           89580 kB
Cached:           789412 kB
MemTotal:        1844596 kB
MemFree:          613532 kB
MemAvailable:    1469108 kB
Buffers:           89580 kB
Cached:           789412 kB
MemTotal:        1844596 kB
MemFree:          613532 kB
MemAvailable:    1469108 kB
Buffers:           89580 kB
Cached:           789412 kB
MemTotal:        1844596 kB
MemFree:          614632 kB
MemAvailable:    1470208 kB
Buffers:           89580 kB
Cached:           789412 kB
MemTotal:        1844596 kB
MemFree:          614632 kB
MemAvailable:    1470208 kB
Buffers:           89580 kB
Cached:           789412 kB
MemTotal:        1844596 kB
MemFree:          614276 kB
MemAvailable:    1469852 kB
Buffers:           89580 kB
Cached:           789412 kB
MemTotal:        1844596 kB
MemFree:          614204 kB
MemAvailable:    1469780 kB
Buffers:           89580 kB
Cached:           789412 kB
MemTotal:        1844596 kB
MemFree:          612844 kB
MemAvailable:    1468420 kB
Buffers:           89580 kB
Cached:           789412 kB
MemTotal:        1844596 kB
MemFree:          612712 kB
MemAvailable:    1468292 kB
Buffers:           89580 kB
Cached:           789416 kB
MemTotal:        1844596 kB
MemFree:          613756 kB
MemAvailable:    1469336 kB
Buffers:           89580 kB
Cached:           789416 kB
MemTotal:        1844596 kB
MemFree:          612456 kB
MemAvailable:    1468036 kB
Buffers:           89580 kB
Cached:           789416 kB
MemTotal:        1844596 kB
MemFree:          613524 kB
MemAvailable:    1469104 kB
Buffers:           89580 kB
Cached:           789416 kB
MemTotal:        1844596 kB
MemFree:          612320 kB
MemAvailable:    1467900 kB
Buffers:           89580 kB
Cached:           789416 kB
MemTotal:        1844596 kB
MemFree:          613428 kB
MemAvailable:    1469008 kB
Buffers:           89580 kB
Cached:           789416 kB
MemTotal:        1844596 kB
MemFree:          613684 kB
MemAvailable:    1469264 kB
Buffers:           89580 kB
Cached:           789416 kB
MemTotal:        1844596 kB
MemFree:          612304 kB
MemAvailable:    1467884 kB
Buffers:           89580 kB
Cached:           789416 kB
MemTotal:        1844596 kB
MemFree:          612060 kB
MemAvailable:    1467640 kB
Buffers:           89580 kB
Cached:           789416 kB
MemTotal:        1844596 kB
MemFree:          611936 kB
MemAvailable:    1467516 kB
Buffers:           89580 kB
Cached:           789416 kB
MemTotal:        1844596 kB
MemFree:          611936 kB
MemAvailable:    1467520 kB
Buffers:           89580 kB
Cached:           789420 kB
MemTotal:        1844596 kB
MemFree:          613128 kB
MemAvailable:    1468712 kB
Buffers:           89580 kB
Cached:           789420 kB
MemTotal:        1844596 kB
MemFree:          613100 kB
MemAvailable:    1468684 kB
Buffers:           89580 kB
Cached:           789420 kB
MemTotal:        1844596 kB
MemFree:          611852 kB
MemAvailable:    1467436 kB
Buffers:           89580 kB
Cached:           789420 kB
MemTotal:        1844596 kB
MemFree:          612224 kB
MemAvailable:    1467808 kB
Buffers:           89580 kB
Cached:           789420 kB
MemTotal:        1844596 kB
MemFree:          612100 kB
MemAvailable:    1467684 kB
Buffers:           89580 kB
Cached:           789420 kB
MemTotal:        1844596 kB
MemFree:          613160 kB
MemAvailable:    1468744 kB
Buffers:           89580 kB
Cached:           789420 kB
MemTotal:        1844596 kB
MemFree:          613412 kB
MemAvailable:    1468996 kB
Buffers:           89580 kB
Cached:           789420 kB
MemTotal:        1844596 kB
MemFree:          613084 kB
MemAvailable:    1468668 kB
Buffers:           89580 kB
Cached:           789420 kB
MemTotal:        1844596 kB
MemFree:          613264 kB
MemAvailable:    1468848 kB
Buffers:           89580 kB
Cached:           789420 kB
MemTotal:        1844596 kB
MemFree:          613316 kB
MemAvailable:    1468900 kB
Buffers:           89580 kB
Cached:           789420 kB
MemTotal:        1844596 kB
MemFree:          613200 kB
MemAvailable:    1468784 kB
Buffers:           89580 kB
Cached:           789420 kB
MemTotal:        1844596 kB
MemFree:          612656 kB
MemAvailable:    1468240 kB
Buffers:           89580 kB
Cached:           789420 kB
MemTotal:        1844596 kB
MemFree:          609372 kB
MemAvailable:    1464956 kB
Buffers:           89580 kB
Cached:           789420 kB
MemTotal:        1844596 kB
MemFree:          605776 kB
MemAvailable:    1461360 kB
Buffers:           89580 kB
Cached:           789420 kB
MemTotal:        1844596 kB
MemFree:          602860 kB
MemAvailable:    1458444 kB
Buffers:           89580 kB
Cached:           789420 kB
MemTotal:        1844596 kB
MemFree:          602256 kB
MemAvailable:    1457840 kB
Buffers:           89580 kB
Cached:           789420 kB
MemTotal:        1844596 kB
MemFree:          602256 kB
MemAvailable:    1457840 kB
Buffers:           89580 kB
Cached:           789420 kB
MemTotal:        1844596 kB
MemFree:          601288 kB
MemAvailable:    1456872 kB
Buffers:           89580 kB
Cached:           789420 kB
MemTotal:        1844596 kB
MemFree:          600756 kB
MemAvailable:    1456340 kB
Buffers:           89580 kB
Cached:           789420 kB
MemTotal:        1844596 kB
MemFree:          601904 kB
MemAvailable:    1457488 kB
Buffers:           89580 kB
Cached:           789420 kB
MemTotal:        1844596 kB
MemFree:          601304 kB
MemAvailable:    1456888 kB
Buffers:           89580 kB
Cached:           789420 kB
MemTotal:        1844596 kB
MemFree:          600576 kB
MemAvailable:    1456160 kB
Buffers:           89580 kB
Cached:           789420 kB
MemTotal:        1844596 kB
MemFree:          601108 kB
MemAvailable:    1456692 kB
Buffers:           89580 kB
Cached:           789420 kB
MemTotal:        1844596 kB
MemFree:          600876 kB
MemAvailable:    1456460 kB
Buffers:           89580 kB
Cached:           789420 kB
MemTotal:        1844596 kB
MemFree:          599684 kB
MemAvailable:    1455268 kB
Buffers:           89580 kB
Cached:           789420 kB
MemTotal:        1844596 kB
MemFree:          599768 kB
MemAvailable:    1455352 kB
Buffers:           89580 kB
Cached:           789420 kB
MemTotal:        1844596 kB
MemFree:          598196 kB
MemAvailable:    1453780 kB
Buffers:           89580 kB
Cached:           789420 kB
MemTotal:        1844596 kB
MemFree:          597964 kB
MemAvailable:    1453548 kB
Buffers:           89580 kB
Cached:           789420 kB
MemTotal:        1844596 kB
MemFree:          598156 kB
MemAvailable:    1453740 kB
Buffers:           89580 kB
Cached:           789420 kB
MemTotal:        1844596 kB
MemFree:          596908 kB
MemAvailable:    1452492 kB
Buffers:           89580 kB
Cached:           789420 kB
MemTotal:        1844596 kB
MemFree:          596908 kB
MemAvailable:    1452492 kB
Buffers:           89580 kB
Cached:           789420 kB
MemTotal:        1844596 kB
MemFree:          598208 kB
MemAvailable:    1453792 kB
Buffers:           89580 kB
Cached:           789420 kB
MemTotal:        1844596 kB
MemFree:          598120 kB
MemAvailable:    1453704 kB
Buffers:           89580 kB
Cached:           789420 kB
MemTotal:        1844596 kB
MemFree:          596688 kB
MemAvailable:    1452272 kB
Buffers:           89580 kB
Cached:           789420 kB
MemTotal:        1844596 kB
MemFree:          598052 kB
MemAvailable:    1453636 kB
Buffers:           89580 kB
Cached:           789420 kB
MemTotal:        1844596 kB
MemFree:          596812 kB
MemAvailable:    1452396 kB
Buffers:           89580 kB
Cached:           789420 kB
MemTotal:        1844596 kB
MemFree:          598088 kB
MemAvailable:    1453672 kB
Buffers:           89580 kB
Cached:           789420 kB
MemTotal:        1844596 kB
MemFree:          598212 kB
MemAvailable:    1453796 kB
Buffers:           89580 kB
Cached:           789420 kB
MemTotal:        1844596 kB
MemFree:          596972 kB
MemAvailable:    1452556 kB
Buffers:           89580 kB
Cached:           789420 kB
MemTotal:        1844596 kB
MemFree:          596972 kB
MemAvailable:    1452556 kB
Buffers:           89580 kB
Cached:           789420 kB
MemTotal:        1844596 kB
MemFree:          598148 kB
MemAvailable:    1453732 kB
Buffers:           89580 kB
Cached:           789420 kB
MemTotal:        1844596 kB
MemFree:          597520 kB
MemAvailable:    1453104 kB
Buffers:           89580 kB
Cached:           789420 kB
MemTotal:        1844596 kB
MemFree:          597204 kB
MemAvailable:    1452788 kB
Buffers:           89580 kB
Cached:           789420 kB
MemTotal:        1844596 kB
MemFree:          597204 kB
MemAvailable:    1452788 kB
Buffers:           89580 kB
Cached:           789420 kB
MemTotal:        1844596 kB
MemFree:          596088 kB
MemAvailable:    1451672 kB
Buffers:           89580 kB
Cached:           789420 kB
MemTotal:        1844596 kB
MemFree:          595964 kB
MemAvailable:    1451548 kB
Buffers:           89580 kB
Cached:           789420 kB
MemTotal:        1844596 kB
MemFree:          596008 kB
MemAvailable:    1451592 kB
Buffers:           89580 kB
Cached:           789420 kB
MemTotal:        1844596 kB
MemFree:          596104 kB
MemAvailable:    1451688 kB
Buffers:           89580 kB
Cached:           789420 kB
MemTotal:        1844596 kB
MemFree:          595592 kB
MemAvailable:    1451176 kB
Buffers:           89580 kB
Cached:           789420 kB
MemTotal:        1844596 kB
MemFree:          595592 kB
MemAvailable:    1451176 kB
Buffers:           89580 kB
Cached:           789420 kB
MemTotal:        1844596 kB
MemFree:          595216 kB
MemAvailable:    1450800 kB
Buffers:           89580 kB
Cached:           789420 kB
MemTotal:        1844596 kB
MemFree:          595468 kB
MemAvailable:    1451052 kB
Buffers:           89580 kB
Cached:           789420 kB
MemTotal:        1844596 kB
MemFree:          594864 kB
MemAvailable:    1450448 kB
Buffers:           89580 kB
Cached:           789420 kB
MemTotal:        1844596 kB
MemFree:          594692 kB
MemAvailable:    1450276 kB
Buffers:           89580 kB
Cached:           789420 kB
MemTotal:        1844596 kB
MemFree:          594980 kB
MemAvailable:    1450564 kB
Buffers:           89580 kB
Cached:           789420 kB
MemTotal:        1844596 kB
MemFree:          593988 kB
MemAvailable:    1449572 kB
Buffers:           89580 kB
Cached:           789420 kB
MemTotal:        1844596 kB
MemFree:          594240 kB
MemAvailable:    1449824 kB
Buffers:           89580 kB
Cached:           789420 kB
MemTotal:        1844596 kB
MemFree:          592624 kB
MemAvailable:    1448208 kB
Buffers:           89580 kB
Cached:           789420 kB
MemTotal:        1844596 kB
MemFree:          592624 kB
MemAvailable:    1448208 kB
Buffers:           89580 kB
Cached:           789420 kB
MemTotal:        1844596 kB
MemFree:          592624 kB
MemAvailable:    1448208 kB
Buffers:           89580 kB
Cached:           789420 kB
MemTotal:        1844596 kB
MemFree:          593128 kB
MemAvailable:    1448712 kB
Buffers:           89580 kB
Cached:           789420 kB
MemTotal:        1844596 kB
MemFree:          593804 kB
MemAvailable:    1449388 kB
Buffers:           89580 kB
Cached:           789420 kB
MemTotal:        1844596 kB
MemFree:          593500 kB
MemAvailable:    1449084 kB
Buffers:           89580 kB
Cached:           789420 kB
MemTotal:        1844596 kB
MemFree:          593984 kB
MemAvailable:    1449568 kB
Buffers:           89580 kB
Cached:           789420 kB
MemTotal:        1844596 kB
MemFree:          594040 kB
MemAvailable:    1449624 kB
Buffers:           89580 kB
Cached:           789420 kB
MemTotal:        1844596 kB
MemFree:          594096 kB
MemAvailable:    1449680 kB
Buffers:           89580 kB
Cached:           789420 kB
MemTotal:        1844596 kB
MemFree:          593848 kB
MemAvailable:    1449432 kB
Buffers:           89580 kB
Cached:           789420 kB
MemTotal:        1844596 kB
MemFree:          593652 kB
MemAvailable:    1449236 kB
Buffers:           89580 kB
Cached:           789420 kB
MemTotal:        1844596 kB
MemFree:          592468 kB
MemAvailable:    1448052 kB
Buffers:           89580 kB
Cached:           789420 kB
MemTotal:        1844596 kB
MemFree:          593648 kB
MemAvailable:    1449232 kB
Buffers:           89580 kB
Cached:           789420 kB
MemTotal:        1844596 kB
MemFree:          593564 kB
MemAvailable:    1449148 kB
Buffers:           89580 kB
Cached:           789420 kB
MemTotal:        1844596 kB
MemFree:          592508 kB
MemAvailable:    1448092 kB
Buffers:           89580 kB
Cached:           789420 kB
MemTotal:        1844596 kB
MemFree:          593792 kB
MemAvailable:    1449376 kB
Buffers:           89580 kB
Cached:           789420 kB
MemTotal:        1844596 kB
MemFree:          593004 kB
MemAvailable:    1448588 kB
Buffers:           89580 kB
Cached:           789420 kB
MemTotal:        1844596 kB
MemFree:          592488 kB
MemAvailable:    1448072 kB
Buffers:           89580 kB
Cached:           789420 kB
MemTotal:        1844596 kB
MemFree:          593852 kB
MemAvailable:    1449436 kB
Buffers:           89580 kB
Cached:           789420 kB
MemTotal:        1844596 kB
MemFree:          593476 kB
MemAvailable:    1449068 kB
Buffers:           89580 kB
Cached:           789428 kB
MemTotal:        1844596 kB
MemFree:          593812 kB
MemAvailable:    1449404 kB
Buffers:           89580 kB
Cached:           789428 kB
MemTotal:        1844596 kB
MemFree:          593728 kB
MemAvailable:    1449320 kB
Buffers:           89580 kB
Cached:           789428 kB
MemTotal:        1844596 kB
MemFree:          593584 kB
MemAvailable:    1449176 kB
Buffers:           89580 kB
Cached:           789428 kB
MemTotal:        1844596 kB
MemFree:          593624 kB
MemAvailable:    1449216 kB
Buffers:           89580 kB
Cached:           789428 kB
MemTotal:        1844596 kB
MemFree:          593708 kB
MemAvailable:    1449300 kB
Buffers:           89580 kB
Cached:           789428 kB
MemTotal:        1844596 kB
MemFree:          592376 kB
MemAvailable:    1447968 kB
Buffers:           89580 kB
Cached:           789428 kB
MemTotal:        1844596 kB
MemFree:          592692 kB
MemAvailable:    1448284 kB
Buffers:           89580 kB
Cached:           789428 kB
MemTotal:        1844596 kB
MemFree:          591632 kB
MemAvailable:    1447224 kB
Buffers:           89580 kB
Cached:           789428 kB
MemTotal:        1844596 kB
MemFree:          591384 kB
MemAvailable:    1446976 kB
Buffers:           89580 kB
Cached:           789428 kB
MemTotal:        1844596 kB
MemFree:          591144 kB
MemAvailable:    1446736 kB
Buffers:           89580 kB
Cached:           789428 kB
MemTotal:        1844596 kB
MemFree:          590772 kB
MemAvailable:    1446364 kB
Buffers:           89580 kB
Cached:           789428 kB
MemTotal:        1844596 kB
MemFree:          588716 kB
MemAvailable:    1444308 kB
Buffers:           89580 kB
Cached:           789428 kB
MemTotal:        1844596 kB
MemFree:          585936 kB
MemAvailable:    1441528 kB
Buffers:           89580 kB
Cached:           789428 kB
MemTotal:        1844596 kB
MemFree:          584076 kB
MemAvailable:    1439668 kB
Buffers:           89580 kB
Cached:           789428 kB
MemTotal:        1844596 kB
MemFree:          580356 kB
MemAvailable:    1435948 kB
Buffers:           89580 kB
Cached:           789428 kB
MemTotal:        1844596 kB
MemFree:          576504 kB
MemAvailable:    1432096 kB
Buffers:           89580 kB
Cached:           789428 kB
MemTotal:        1844596 kB
MemFree:          575636 kB
MemAvailable:    1431228 kB
Buffers:           89580 kB
Cached:           789428 kB
MemTotal:        1844596 kB
MemFree:          575644 kB
MemAvailable:    1431240 kB
Buffers:           89580 kB
Cached:           789432 kB
MemTotal:        1844596 kB
MemFree:          574016 kB
MemAvailable:    1429612 kB
Buffers:           89580 kB
Cached:           789432 kB
MemTotal:        1844596 kB
MemFree:          575256 kB
MemAvailable:    1430852 kB
Buffers:           89580 kB
Cached:           789432 kB
MemTotal:        1844596 kB
MemFree:          575256 kB
MemAvailable:    1430852 kB
Buffers:           89580 kB
Cached:           789432 kB
MemTotal:        1844596 kB
MemFree:          575256 kB
MemAvailable:    1430852 kB
Buffers:           89580 kB
Cached:           789432 kB
MemTotal:        1844596 kB
MemFree:          575340 kB
MemAvailable:    1430936 kB
Buffers:           89580 kB
Cached:           789432 kB
MemTotal:        1844596 kB
MemFree:          575316 kB
MemAvailable:    1430912 kB
Buffers:           89580 kB
Cached:           789432 kB
MemTotal:        1844596 kB
MemFree:          573776 kB
MemAvailable:    1429372 kB
Buffers:           89580 kB
Cached:           789432 kB
MemTotal:        1844596 kB
MemFree:          574968 kB
MemAvailable:    1430564 kB
Buffers:           89580 kB
Cached:           789432 kB
MemTotal:        1844596 kB
MemFree:          574968 kB
MemAvailable:    1430564 kB
Buffers:           89580 kB
Cached:           789432 kB
MemTotal:        1844596 kB
MemFree:          574976 kB
MemAvailable:    1430572 kB
Buffers:           89580 kB
Cached:           789432 kB
MemTotal:        1844596 kB
MemFree:          574948 kB
MemAvailable:    1430544 kB
Buffers:           89580 kB
Cached:           789432 kB
MemTotal:        1844596 kB
MemFree:          574884 kB
MemAvailable:    1430480 kB
Buffers:           89580 kB
Cached:           789432 kB
MemTotal:        1844596 kB
MemFree:          575024 kB
MemAvailable:    1430620 kB
Buffers:           89580 kB
Cached:           789432 kB
MemTotal:        1844596 kB
MemFree:          573156 kB
MemAvailable:    1428752 kB
Buffers:           89580 kB
Cached:           789432 kB
MemTotal:        1844596 kB
MemFree:          574404 kB
MemAvailable:    1430000 kB
Buffers:           89580 kB
Cached:           789432 kB
MemTotal:        1844596 kB
MemFree:          573156 kB
MemAvailable:    1428752 kB
Buffers:           89580 kB
Cached:           789432 kB
MemTotal:        1844596 kB
MemFree:          574100 kB
MemAvailable:    1429696 kB
Buffers:           89580 kB
Cached:           789432 kB
MemTotal:        1844596 kB
MemFree:          572728 kB
MemAvailable:    1428324 kB
Buffers:           89580 kB
Cached:           789432 kB
MemTotal:        1844596 kB
MemFree:          572888 kB
MemAvailable:    1428484 kB
Buffers:           89580 kB
Cached:           789432 kB
MemTotal:        1844596 kB
MemFree:          574136 kB
MemAvailable:    1429732 kB
Buffers:           89580 kB
Cached:           789432 kB
MemTotal:        1844596 kB
MemFree:          573296 kB
MemAvailable:    1428892 kB
Buffers:           89580 kB
Cached:           789432 kB
MemTotal:        1844596 kB
MemFree:          573040 kB
MemAvailable:    1428640 kB
Buffers:           89580 kB
Cached:           789436 kB
MemTotal:        1844596 kB
MemFree:          574272 kB
MemAvailable:    1429872 kB
Buffers:           89580 kB
Cached:           789436 kB
MemTotal:        1844596 kB
MemFree:          573968 kB
MemAvailable:    1429568 kB
Buffers:           89580 kB
Cached:           789436 kB
MemTotal:        1844596 kB
MemFree:          574220 kB
MemAvailable:    1429820 kB
Buffers:           89580 kB
Cached:           789436 kB
MemTotal:        1844596 kB
MemFree:          572904 kB
MemAvailable:    1428504 kB
Buffers:           89580 kB
Cached:           789436 kB
MemTotal:        1844596 kB
MemFree:          574144 kB
MemAvailable:    1429744 kB
Buffers:           89580 kB
Cached:           789436 kB
MemTotal:        1844596 kB
MemFree:          572980 kB
MemAvailable:    1428580 kB
Buffers:           89580 kB
Cached:           789436 kB
MemTotal:        1844596 kB
MemFree:          574132 kB
MemAvailable:    1429732 kB
Buffers:           89580 kB
Cached:           789436 kB
MemTotal:        1844596 kB
MemFree:          574164 kB
MemAvailable:    1429764 kB
Buffers:           89580 kB
Cached:           789436 kB
MemTotal:        1844596 kB
MemFree:          573288 kB
MemAvailable:    1428888 kB
Buffers:           89580 kB
Cached:           789436 kB
MemTotal:        1844596 kB
MemFree:          574092 kB
MemAvailable:    1429692 kB
Buffers:           89580 kB
Cached:           789436 kB
MemTotal:        1844596 kB
MemFree:          574156 kB
MemAvailable:    1429756 kB
Buffers:           89580 kB
Cached:           789436 kB
MemTotal:        1844596 kB
MemFree:          572792 kB
MemAvailable:    1428392 kB
Buffers:           89580 kB
Cached:           789436 kB
MemTotal:        1844596 kB
MemFree:          571428 kB
MemAvailable:    1427028 kB
Buffers:           89580 kB
Cached:           789436 kB
MemTotal:        1844596 kB
MemFree:          568576 kB
MemAvailable:    1424176 kB
Buffers:           89580 kB
Cached:           789436 kB
MemTotal:        1844596 kB
MemFree:          565104 kB
MemAvailable:    1420704 kB
Buffers:           89580 kB
Cached:           789436 kB
MemTotal:        1844596 kB
MemFree:          561756 kB
MemAvailable:    1417356 kB
Buffers:           89580 kB
Cached:           789436 kB
MemTotal:        1844596 kB
MemFree:          558904 kB
MemAvailable:    1414504 kB
Buffers:           89580 kB
Cached:           789436 kB
MemTotal:        1844596 kB
MemFree:          557644 kB
MemAvailable:    1413244 kB
Buffers:           89580 kB
Cached:           789436 kB
MemTotal:        1844596 kB
MemFree:          554936 kB
MemAvailable:    1410536 kB
Buffers:           89580 kB
Cached:           789436 kB
MemTotal:        1844596 kB
MemFree:          555708 kB
MemAvailable:    1411312 kB
Buffers:           89580 kB
Cached:           789440 kB
MemTotal:        1844596 kB
MemFree:          556044 kB
MemAvailable:    1411648 kB
Buffers:           89580 kB
Cached:           789440 kB
MemTotal:        1844596 kB
MemFree:          554648 kB
MemAvailable:    1410252 kB
Buffers:           89580 kB
Cached:           789440 kB
MemTotal:        1844596 kB
MemFree:          554764 kB
MemAvailable:    1410368 kB
Buffers:           89580 kB
Cached:           789440 kB
MemTotal:        1844596 kB
MemFree:          554764 kB
MemAvailable:    1410368 kB
Buffers:           89580 kB
Cached:           789440 kB
MemTotal:        1844596 kB
MemFree:          554640 kB
MemAvailable:    1410244 kB
Buffers:           89580 kB
Cached:           789440 kB
MemTotal:        1844596 kB
MemFree:          555940 kB
MemAvailable:    1411544 kB
Buffers:           89580 kB
Cached:           789440 kB
MemTotal:        1844596 kB
MemFree:          555928 kB
MemAvailable:    1411532 kB
Buffers:           89580 kB
Cached:           789440 kB
MemTotal:        1844596 kB
MemFree:          555548 kB
MemAvailable:    1411152 kB
Buffers:           89580 kB
Cached:           789440 kB
MemTotal:        1844596 kB
MemFree:          555908 kB
MemAvailable:    1411512 kB
Buffers:           89580 kB
Cached:           789440 kB
MemTotal:        1844596 kB
MemFree:          554788 kB
MemAvailable:    1410392 kB
Buffers:           89580 kB
Cached:           789440 kB
MemTotal:        1844596 kB
MemFree:          554656 kB
MemAvailable:    1410260 kB
Buffers:           89580 kB
Cached:           789440 kB
MemTotal:        1844596 kB
MemFree:          554656 kB
MemAvailable:    1410260 kB
Buffers:           89580 kB
Cached:           789440 kB
MemTotal:        1844596 kB
MemFree:          554688 kB
MemAvailable:    1410292 kB
Buffers:           89580 kB
Cached:           789440 kB
MemTotal:        1844596 kB
MemFree:          555724 kB
MemAvailable:    1411328 kB
Buffers:           89580 kB
Cached:           789440 kB
MemTotal:        1844596 kB
MemFree:          555940 kB
MemAvailable:    1411544 kB
Buffers:           89580 kB
Cached:           789440 kB
MemTotal:        1844596 kB
MemFree:          554676 kB
MemAvailable:    1410280 kB
Buffers:           89580 kB
Cached:           789440 kB
MemTotal:        1844596 kB
MemFree:          554552 kB
MemAvailable:    1410156 kB
Buffers:           89580 kB
Cached:           789440 kB
MemTotal:        1844596 kB
MemFree:          554572 kB
MemAvailable:    1410176 kB
Buffers:           89580 kB
Cached:           789440 kB
MemTotal:        1844596 kB
MemFree:          555848 kB
MemAvailable:    1411452 kB
Buffers:           89580 kB
Cached:           789440 kB
MemTotal:        1844596 kB
MemFree:          555820 kB
MemAvailable:    1411424 kB
Buffers:           89580 kB
Cached:           789440 kB
MemTotal:        1844596 kB
MemFree:          555908 kB
MemAvailable:    1411512 kB
Buffers:           89580 kB
Cached:           789440 kB
MemTotal:        1844596 kB
MemFree:          554944 kB
MemAvailable:    1410548 kB
Buffers:           89580 kB
Cached:           789440 kB
MemTotal:        1844596 kB
MemFree:          554696 kB
MemAvailable:    1410300 kB
Buffers:           89580 kB
Cached:           789440 kB
MemTotal:        1844596 kB
MemFree:          554696 kB
MemAvailable:    1410300 kB
Buffers:           89580 kB
Cached:           789440 kB
MemTotal:        1844596 kB
MemFree:          554556 kB
MemAvailable:    1410160 kB
Buffers:           89580 kB
Cached:           789440 kB
MemTotal:        1844596 kB
MemFree:          555920 kB
MemAvailable:    1411524 kB
Buffers:           89580 kB
Cached:           789440 kB
MemTotal:        1844596 kB
MemFree:          555812 kB
MemAvailable:    1411416 kB
Buffers:           89580 kB
Cached:           789440 kB
MemTotal:        1844596 kB
MemFree:          554516 kB
MemAvailable:    1410120 kB
Buffers:           89580 kB
Cached:           789440 kB
MemTotal:        1844596 kB
MemFree:          555784 kB
MemAvailable:    1411388 kB
Buffers:           89580 kB
Cached:           789440 kB
MemTotal:        1844596 kB
MemFree:          555936 kB
MemAvailable:    1411540 kB
Buffers:           89580 kB
Cached:           789440 kB
MemTotal:        1844596 kB
MemFree:          554696 kB
MemAvailable:    1410300 kB
Buffers:           89580 kB
Cached:           789440 kB
MemTotal:        1844596 kB
MemFree:          555864 kB
MemAvailable:    1411468 kB
Buffers:           89580 kB
Cached:           789440 kB
MemTotal:        1844596 kB
MemFree:          555324 kB
MemAvailable:    1410928 kB
Buffers:           89580 kB
Cached:           789440 kB
MemTotal:        1844596 kB
MemFree:          555756 kB
MemAvailable:    1411360 kB
Buffers:           89580 kB
Cached:           789440 kB
MemTotal:        1844596 kB
MemFree:          555688 kB
MemAvailable:    1411292 kB
Buffers:           89580 kB
Cached:           789440 kB
MemTotal:        1844596 kB
MemFree:          551464 kB
MemAvailable:    1407068 kB
Buffers:           89580 kB
Cached:           789440 kB
MemTotal:        1844596 kB
MemFree:          550356 kB
MemAvailable:    1405960 kB
Buffers:           89580 kB
Cached:           789440 kB
MemTotal:        1844596 kB
MemFree:          544644 kB
MemAvailable:    1400248 kB
Buffers:           89580 kB
Cached:           789440 kB
MemTotal:        1844596 kB
MemFree:          544040 kB
MemAvailable:    1399644 kB
Buffers:           89580 kB
Cached:           789440 kB
MemTotal:        1844596 kB
MemFree:          539940 kB
MemAvailable:    1395544 kB
Buffers:           89580 kB
Cached:           789440 kB
MemTotal:        1844596 kB
MemFree:          537460 kB
MemAvailable:    1393064 kB
Buffers:           89580 kB
Cached:           789440 kB
MemTotal:        1844596 kB
MemFree:          538808 kB
MemAvailable:    1394412 kB
Buffers:           89580 kB
Cached:           789440 kB
MemTotal:        1844596 kB
MemFree:          538756 kB
MemAvailable:    1394360 kB
Buffers:           89580 kB
Cached:           789440 kB
MemTotal:        1844596 kB
MemFree:          537584 kB
MemAvailable:    1393188 kB
Buffers:           89580 kB
Cached:           789440 kB
MemTotal:        1844596 kB
MemFree:          537832 kB
MemAvailable:    1393436 kB
Buffers:           89580 kB
Cached:           789440 kB
MemTotal:        1844596 kB
MemFree:          536220 kB
MemAvailable:    1391824 kB
Buffers:           89580 kB
Cached:           789440 kB
MemTotal:        1844596 kB
MemFree:          537660 kB
MemAvailable:    1393264 kB
Buffers:           89580 kB
Cached:           789440 kB
MemTotal:        1844596 kB
MemFree:          537584 kB
MemAvailable:    1393188 kB
Buffers:           89580 kB
Cached:           789440 kB
MemTotal:        1844596 kB
MemFree:          537272 kB
MemAvailable:    1392876 kB
Buffers:           89580 kB
Cached:           789440 kB
MemTotal:        1844596 kB
MemFree:          537000 kB
MemAvailable:    1392604 kB
Buffers:           89580 kB
Cached:           789440 kB
MemTotal:        1844596 kB
MemFree:          537000 kB
MemAvailable:    1392604 kB
Buffers:           89580 kB
Cached:           789440 kB
MemTotal:        1844596 kB
MemFree:          536868 kB
MemAvailable:    1392472 kB
Buffers:           89580 kB
Cached:           789440 kB
MemTotal:        1844596 kB
MemFree:          537212 kB
MemAvailable:    1392816 kB
Buffers:           89580 kB
Cached:           789440 kB
MemTotal:        1844596 kB
MemFree:          536700 kB
MemAvailable:    1392304 kB
Buffers:           89580 kB
Cached:           789440 kB
MemTotal:        1844596 kB
MemFree:          536716 kB
MemAvailable:    1392320 kB
Buffers:           89580 kB
Cached:           789440 kB
MemTotal:        1844596 kB
MemFree:          536088 kB
MemAvailable:    1391692 kB
Buffers:           89580 kB
Cached:           789440 kB
MemTotal:        1844596 kB
MemFree:          535980 kB
MemAvailable:    1391584 kB
Buffers:           89580 kB
Cached:           789440 kB
MemTotal:        1844596 kB
MemFree:          534360 kB
MemAvailable:    1389964 kB
Buffers:           89580 kB
Cached:           789440 kB
MemTotal:        1844596 kB
MemFree:          534236 kB
MemAvailable:    1389840 kB
Buffers:           89580 kB
Cached:           789440 kB
MemTotal:        1844596 kB
MemFree:          534592 kB
MemAvailable:    1390204 kB
Buffers:           89580 kB
Cached:           789448 kB
MemTotal:        1844596 kB
MemFree:          534732 kB
MemAvailable:    1390344 kB
Buffers:           89580 kB
Cached:           789448 kB
MemTotal:        1844596 kB
MemFree:          533916 kB
MemAvailable:    1389528 kB
Buffers:           89580 kB
Cached:           789448 kB
MemTotal:        1844596 kB
MemFree:          533552 kB
MemAvailable:    1389164 kB
Buffers:           89580 kB
Cached:           789448 kB
MemTotal:        1844596 kB
MemFree:          532636 kB
MemAvailable:    1388248 kB
Buffers:           89580 kB
Cached:           789448 kB
MemTotal:        1844596 kB
MemFree:          531144 kB
MemAvailable:    1386756 kB
Buffers:           89580 kB
Cached:           789448 kB
MemTotal:        1844596 kB
MemFree:          531212 kB
MemAvailable:    1386824 kB
Buffers:           89580 kB
Cached:           789448 kB
MemTotal:        1844596 kB
MemFree:          531320 kB
MemAvailable:    1386932 kB
Buffers:           89580 kB
Cached:           789448 kB
MemTotal:        1844596 kB
MemFree:          530096 kB
MemAvailable:    1385708 kB
Buffers:           89580 kB
Cached:           789448 kB
MemTotal:        1844596 kB
MemFree:          531336 kB
MemAvailable:    1386948 kB
Buffers:           89580 kB
Cached:           789448 kB
MemTotal:        1844596 kB
MemFree:          531308 kB
MemAvailable:    1386920 kB
Buffers:           89580 kB
Cached:           789448 kB
MemTotal:        1844596 kB
MemFree:          531228 kB
MemAvailable:    1386840 kB
Buffers:           89580 kB
Cached:           789448 kB
MemTotal:        1844596 kB
MemFree:          531328 kB
MemAvailable:    1386940 kB
Buffers:           89580 kB
Cached:           789448 kB
MemTotal:        1844596 kB
MemFree:          531244 kB
MemAvailable:    1386856 kB
Buffers:           89580 kB
Cached:           789448 kB
MemTotal:        1844596 kB
MemFree:          531260 kB
MemAvailable:    1386872 kB
Buffers:           89580 kB
Cached:           789448 kB
MemTotal:        1844596 kB
MemFree:          529524 kB
MemAvailable:    1385136 kB
Buffers:           89580 kB
Cached:           789448 kB
MemTotal:        1844596 kB
MemFree:          528772 kB
MemAvailable:    1384384 kB
Buffers:           89580 kB
Cached:           789448 kB
MemTotal:        1844596 kB
MemFree:          529756 kB
MemAvailable:    1385368 kB
Buffers:           89580 kB
Cached:           789448 kB
MemTotal:        1844596 kB
MemFree:          529276 kB
MemAvailable:    1384888 kB
Buffers:           89580 kB
Cached:           789448 kB
MemTotal:        1844596 kB
MemFree:          529760 kB
MemAvailable:    1385372 kB
Buffers:           89580 kB
Cached:           789448 kB
MemTotal:        1844596 kB
MemFree:          529640 kB
MemAvailable:    1385252 kB
Buffers:           89580 kB
Cached:           789448 kB
MemTotal:        1844596 kB
MemFree:          529568 kB
MemAvailable:    1385180 kB
Buffers:           89580 kB
Cached:           789448 kB
MemTotal:        1844596 kB
MemFree:          529524 kB
MemAvailable:    1385136 kB
Buffers:           89580 kB
Cached:           789448 kB
MemTotal:        1844596 kB
MemFree:          529732 kB
MemAvailable:    1385344 kB
Buffers:           89580 kB
Cached:           789448 kB
MemTotal:        1844596 kB
MemFree:          529716 kB
MemAvailable:    1385328 kB
Buffers:           89580 kB
Cached:           789448 kB
MemTotal:        1844596 kB
MemFree:          529260 kB
MemAvailable:    1384872 kB
Buffers:           89580 kB
Cached:           789448 kB
MemTotal:        1844596 kB
MemFree:          529660 kB
MemAvailable:    1385276 kB
Buffers:           89580 kB
Cached:           789452 kB
MemTotal:        1844596 kB
MemFree:          528492 kB
MemAvailable:    1384108 kB
Buffers:           89580 kB
Cached:           789452 kB
MemTotal:        1844596 kB
MemFree:          529728 kB
MemAvailable:    1385344 kB
Buffers:           89580 kB
Cached:           789452 kB
MemTotal:        1844596 kB
MemFree:          528904 kB
MemAvailable:    1384520 kB
Buffers:           89580 kB
Cached:           789452 kB
MemTotal:        1844596 kB
MemFree:          529560 kB
MemAvailable:    1385176 kB
Buffers:           89580 kB
Cached:           789452 kB
MemTotal:        1844596 kB
MemFree:          529284 kB
MemAvailable:    1384900 kB
Buffers:           89580 kB
Cached:           789452 kB
MemTotal:        1844596 kB
MemFree:          528268 kB
MemAvailable:    1383884 kB
Buffers:           89580 kB
Cached:           789452 kB
MemTotal:        1844596 kB
MemFree:          528484 kB
MemAvailable:    1384100 kB
Buffers:           89580 kB
Cached:           789452 kB
MemTotal:        1844596 kB
MemFree:          529648 kB
MemAvailable:    1385264 kB
Buffers:           89580 kB
Cached:           789452 kB
MemTotal:        1844596 kB
MemFree:          529600 kB
MemAvailable:    1385216 kB
Buffers:           89580 kB
Cached:           789452 kB
MemTotal:        1844596 kB
MemFree:          529856 kB
MemAvailable:    1385472 kB
Buffers:           89580 kB
Cached:           789452 kB
MemTotal:        1844596 kB
MemFree:          528284 kB
MemAvailable:    1383900 kB
Buffers:           89580 kB
Cached:           789452 kB
MemTotal:        1844596 kB
MemFree:          529668 kB
MemAvailable:    1385284 kB
Buffers:           89580 kB
Cached:           789452 kB
MemTotal:        1844596 kB
MemFree:          529600 kB
MemAvailable:    1385216 kB
Buffers:           89580 kB
Cached:           789452 kB
MemTotal:        1844596 kB
MemFree:          529856 kB
MemAvailable:    1385472 kB
Buffers:           89580 kB
Cached:           789452 kB
MemTotal:        1844596 kB
MemFree:          529660 kB
MemAvailable:    1385276 kB
Buffers:           89580 kB
Cached:           789452 kB
MemTotal:        1844596 kB
MemFree:          529824 kB
MemAvailable:    1385440 kB
Buffers:           89580 kB
Cached:           789452 kB
MemTotal:        1844596 kB
MemFree:          528896 kB
MemAvailable:    1384512 kB
Buffers:           89580 kB
Cached:           789452 kB
MemTotal:        1844596 kB
MemFree:          529476 kB
MemAvailable:    1385092 kB
Buffers:           89580 kB
Cached:           789452 kB
MemTotal:        1844596 kB
MemFree:          529812 kB
MemAvailable:    1385428 kB
Buffers:           89580 kB
Cached:           789452 kB
MemTotal:        1844596 kB
MemFree:          529516 kB
MemAvailable:    1385132 kB
Buffers:           89580 kB
Cached:           789452 kB
MemTotal:        1844596 kB
MemFree:          529600 kB
MemAvailable:    1385216 kB
Buffers:           89580 kB
Cached:           789452 kB
MemTotal:        1844596 kB
MemFree:          529600 kB
MemAvailable:    1385216 kB
Buffers:           89580 kB
Cached:           789452 kB
MemTotal:        1844596 kB
MemFree:          529696 kB
MemAvailable:    1385312 kB
Buffers:           89580 kB
Cached:           789452 kB
MemTotal:        1844596 kB
MemFree:          528472 kB
MemAvailable:    1384088 kB
Buffers:           89580 kB
Cached:           789452 kB
MemTotal:        1844596 kB
MemFree:          528348 kB
MemAvailable:    1383964 kB
Buffers:           89580 kB
Cached:           789452 kB
MemTotal:        1844596 kB
MemFree:          528720 kB
MemAvailable:    1384336 kB
Buffers:           89580 kB
Cached:           789452 kB
MemTotal:        1844596 kB
MemFree:          528368 kB
MemAvailable:    1383984 kB
Buffers:           89580 kB
Cached:           789452 kB
MemTotal:        1844596 kB
MemFree:          528360 kB
MemAvailable:    1383976 kB
Buffers:           89580 kB
Cached:           789452 kB
MemTotal:        1844596 kB
MemFree:          528360 kB
MemAvailable:    1383980 kB
Buffers:           89580 kB
Cached:           789456 kB
MemTotal:        1844596 kB
MemFree:          529660 kB
MemAvailable:    1385280 kB
Buffers:           89580 kB
Cached:           789456 kB
MemTotal:        1844596 kB
MemFree:          529720 kB
MemAvailable:    1385340 kB
Buffers:           89580 kB
Cached:           789456 kB
MemTotal:        1844596 kB
MemFree:          528904 kB
MemAvailable:    1384524 kB
Buffers:           89580 kB
Cached:           789456 kB
MemTotal:        1844596 kB
MemFree:          530104 kB
MemAvailable:    1385724 kB
Buffers:           89580 kB
Cached:           789456 kB
MemTotal:        1844596 kB
MemFree:          528780 kB
MemAvailable:    1384400 kB
Buffers:           89580 kB
Cached:           789456 kB
MemTotal:        1844596 kB
MemFree:          529896 kB
MemAvailable:    1385516 kB
Buffers:           89580 kB
Cached:           789456 kB
MemTotal:        1844596 kB
MemFree:          527664 kB
MemAvailable:    1383284 kB
Buffers:           89580 kB
Cached:           789456 kB
MemTotal:        1844596 kB
MemFree:          526476 kB
MemAvailable:    1382096 kB
Buffers:           89580 kB
Cached:           789456 kB
MemTotal:        1844596 kB
MemFree:          522448 kB
MemAvailable:    1378068 kB
Buffers:           89580 kB
Cached:           789456 kB
MemTotal:        1844596 kB
MemFree:          520100 kB
MemAvailable:    1375720 kB
Buffers:           89580 kB
Cached:           789456 kB
MemTotal:        1844596 kB
MemFree:          515248 kB
MemAvailable:    1370868 kB
Buffers:           89580 kB
Cached:           789456 kB
MemTotal:        1844596 kB
MemFree:          514768 kB
MemAvailable:    1370388 kB
Buffers:           89580 kB
Cached:           789456 kB
MemTotal:        1844596 kB
MemFree:          510164 kB
MemAvailable:    1365784 kB
Buffers:           89580 kB
Cached:           789456 kB
MemTotal:        1844596 kB
MemFree:          508636 kB
MemAvailable:    1364256 kB
Buffers:           89580 kB
Cached:           789456 kB
MemTotal:        1844596 kB
MemFree:          510312 kB
MemAvailable:    1365932 kB
Buffers:           89580 kB
Cached:           789456 kB
MemTotal:        1844596 kB
MemFree:          510224 kB
MemAvailable:    1365844 kB
Buffers:           89580 kB
Cached:           789456 kB
MemTotal:        1844596 kB
MemFree:          508916 kB
MemAvailable:    1364536 kB
Buffers:           89580 kB
Cached:           789456 kB
MemTotal:        1844596 kB
MemFree:          510144 kB
MemAvailable:    1365764 kB
Buffers:           89580 kB
Cached:           789456 kB
MemTotal:        1844596 kB
MemFree:          510228 kB
MemAvailable:    1365848 kB
Buffers:           89580 kB
Cached:           789456 kB
MemTotal:        1844596 kB
MemFree:          510192 kB
MemAvailable:    1365812 kB
Buffers:           89580 kB
Cached:           789456 kB
MemTotal:        1844596 kB
MemFree:          510040 kB
MemAvailable:    1365660 kB
Buffers:           89580 kB
Cached:           789456 kB
MemTotal:        1844596 kB
MemFree:          510376 kB
MemAvailable:    1365996 kB
Buffers:           89580 kB
Cached:           789456 kB
MemTotal:        1844596 kB
MemFree:          508808 kB
MemAvailable:    1364428 kB
Buffers:           89580 kB
Cached:           789456 kB
MemTotal:        1844596 kB
MemFree:          508924 kB
MemAvailable:    1364544 kB
Buffers:           89580 kB
Cached:           789456 kB
MemTotal:        1844596 kB
MemFree:          510116 kB
MemAvailable:    1365736 kB
Buffers:           89580 kB
Cached:           789456 kB
MemTotal:        1844596 kB
MemFree:          510368 kB
MemAvailable:    1365988 kB
Buffers:           89580 kB
Cached:           789456 kB
MemTotal:        1844596 kB
MemFree:          510052 kB
MemAvailable:    1365672 kB
Buffers:           89580 kB
Cached:           789456 kB
MemTotal:        1844596 kB
MemFree:          509928 kB
MemAvailable:    1365548 kB
Buffers:           89580 kB
Cached:           789456 kB
MemTotal:        1844596 kB
MemFree:          508752 kB
MemAvailable:    1364372 kB
Buffers:           89580 kB
Cached:           789456 kB
MemTotal:        1844596 kB
MemFree:          508496 kB
MemAvailable:    1364116 kB
Buffers:           89580 kB
Cached:           789456 kB
MemTotal:        1844596 kB
MemFree:          509736 kB
MemAvailable:    1365356 kB
Buffers:           89580 kB
Cached:           789456 kB
MemTotal:        1844596 kB
MemFree:          509832 kB
MemAvailable:    1365452 kB
Buffers:           89580 kB
Cached:           789456 kB
MemTotal:        1844596 kB
MemFree:          509952 kB
MemAvailable:    1365572 kB
Buffers:           89580 kB
Cached:           789456 kB
MemTotal:        1844596 kB
MemFree:          510120 kB
MemAvailable:    1365740 kB
Buffers:           89580 kB
Cached:           789456 kB
MemTotal:        1844596 kB
MemFree:          509136 kB
MemAvailable:    1364756 kB
Buffers:           89580 kB
Cached:           789456 kB
MemTotal:        1844596 kB
MemFree:          509628 kB
MemAvailable:    1365248 kB
Buffers:           89580 kB
Cached:           789456 kB
MemTotal:        1844596 kB
MemFree:          509712 kB
MemAvailable:    1365332 kB
Buffers:           89580 kB
Cached:           789456 kB
MemTotal:        1844596 kB
MemFree:          509288 kB
MemAvailable:    1364908 kB
Buffers:           89580 kB
Cached:           789456 kB
MemTotal:        1844596 kB
MemFree:          509372 kB
MemAvailable:    1364992 kB
Buffers:           89580 kB
Cached:           789456 kB
MemTotal:        1844596 kB
MemFree:          509000 kB
MemAvailable:    1364620 kB
Buffers:           89580 kB
Cached:           789456 kB
MemTotal:        1844596 kB
MemFree:          506916 kB
MemAvailable:    1362412 kB
Buffers:           89580 kB
Cached:           789456 kB
MemTotal:        1844596 kB
MemFree:          498020 kB
MemAvailable:    1353640 kB
Buffers:           89580 kB
Cached:           789456 kB
MemTotal:        1844596 kB
MemFree:          498896 kB
MemAvailable:    1354516 kB
Buffers:           89580 kB
Cached:           789456 kB
MemTotal:        1844596 kB
MemFree:          500128 kB
MemAvailable:    1355748 kB
Buffers:           89580 kB
Cached:           789456 kB
MemTotal:        1844596 kB
MemFree:          497648 kB
MemAvailable:    1353272 kB
Buffers:           89580 kB
Cached:           789460 kB
MemTotal:        1844596 kB
MemFree:          497292 kB
MemAvailable:    1352916 kB
Buffers:           89580 kB
Cached:           789460 kB
MemTotal:        1844596 kB
MemFree:          497484 kB
MemAvailable:    1353108 kB
Buffers:           89580 kB
Cached:           789460 kB
MemTotal:        1844596 kB
MemFree:          497292 kB
MemAvailable:    1352916 kB
Buffers:           89580 kB
Cached:           789460 kB
MemTotal:        1844596 kB
MemFree:          497516 kB
MemAvailable:    1353140 kB
Buffers:           89580 kB
Cached:           789460 kB
MemTotal:        1844596 kB
MemFree:          497516 kB
MemAvailable:    1353140 kB
Buffers:           89580 kB
Cached:           789460 kB
MemTotal:        1844596 kB
MemFree:          496244 kB
MemAvailable:    1351868 kB
Buffers:           89580 kB
Cached:           789460 kB
MemTotal:        1844596 kB
MemFree:          495988 kB
MemAvailable:    1351612 kB
Buffers:           89580 kB
Cached:           789460 kB
MemTotal:        1844596 kB
MemFree:          497228 kB
MemAvailable:    1352852 kB
Buffers:           89580 kB
Cached:           789460 kB
MemTotal:        1844596 kB
MemFree:          497396 kB
MemAvailable:    1353020 kB
Buffers:           89580 kB
Cached:           789460 kB
MemTotal:        1844596 kB
MemFree:          495656 kB
MemAvailable:    1351364 kB
Buffers:           89580 kB
Cached:           789584 kB
MemTotal:        1844596 kB
MemFree:          496972 kB
MemAvailable:    1352848 kB
Buffers:           89580 kB
Cached:           789708 kB
MemTotal:        1844596 kB
MemFree:          496840 kB
MemAvailable:    1352800 kB
Buffers:           89580 kB
Cached:           789832 kB
MemTotal:        1844596 kB
MemFree:          496668 kB
MemAvailable:    1352712 kB
Buffers:           89580 kB
Cached:           789956 kB
MemTotal:        1844596 kB
MemFree:          495556 kB
MemAvailable:    1351684 kB
Buffers:           89580 kB
Cached:           789956 kB
MemTotal:        1844596 kB
MemFree:          495424 kB
MemAvailable:    1351632 kB
Buffers:           89580 kB
Cached:           790036 kB
MemTotal:        1844596 kB
MemFree:          496484 kB
MemAvailable:    1352776 kB
Buffers:           89580 kB
Cached:           790160 kB
MemTotal:        1844596 kB
MemFree:          496484 kB
MemAvailable:    1352776 kB
Buffers:           89580 kB
Cached:           790160 kB
MemTotal:        1844596 kB
MemFree:          496368 kB
MemAvailable:    1352660 kB
Buffers:           89580 kB
Cached:           790160 kB
MemTotal:        1844596 kB
MemFree:          496704 kB
MemAvailable:    1352996 kB
Buffers:           89580 kB
Cached:           790160 kB
MemTotal:        1844596 kB
MemFree:          495424 kB
MemAvailable:    1351716 kB
Buffers:           89580 kB
Cached:           790160 kB
MemTotal:        1844596 kB
MemFree:          495920 kB
MemAvailable:    1352212 kB
Buffers:           89580 kB
Cached:           790160 kB
MemTotal:        1844596 kB
MemFree:          496264 kB
MemAvailable:    1352556 kB
Buffers:           89580 kB
Cached:           790160 kB
MemTotal:        1844596 kB
MemFree:          496572 kB
MemAvailable:    1352948 kB
Buffers:           89580 kB
Cached:           790160 kB
MemTotal:        1844596 kB
MemFree:          495416 kB
MemAvailable:    1351120 kB
Buffers:           89580 kB
Cached:           789528 kB
MemTotal:        1844596 kB
MemFree:          535536 kB
MemAvailable:    1391240 kB
Buffers:           89580 kB
Cached:           789528 kB
MemTotal:        1844596 kB
MemFree:          613348 kB
MemAvailable:    1469052 kB
Buffers:           89580 kB
Cached:           789528 kB
MemTotal:        1844596 kB
MemFree:          692196 kB
MemAvailable:    1547900 kB
Buffers:           89580 kB
Cached:           789528 kB
