MemTotal:        1844596 kB
MemFree:          320232 kB
MemAvailable:    1545396 kB
Buffers:           92148 kB
Cached:          1162160 kB
MemTotal:        1844596 kB
MemFree:          291796 kB
MemAvailable:    1517052 kB
Buffers:           92148 kB
Cached:          1162248 kB
MemTotal:        1844596 kB
MemFree:          289812 kB
MemAvailable:    1515068 kB
Buffers:           92148 kB
Cached:          1162248 kB
MemTotal:        1844596 kB
MemFree:          288316 kB
MemAvailable:    1513572 kB
Buffers:           92148 kB
Cached:          1162248 kB
MemTotal:        1844596 kB
MemFree:          287904 kB
MemAvailable:    1513160 kB
Buffers:           92148 kB
Cached:          1162248 kB
MemTotal:        1844596 kB
MemFree:          288072 kB
MemAvailable:    1513328 kB
Buffers:           92148 kB
Cached:          1162248 kB
MemTotal:        1844596 kB
MemFree:          287464 kB
MemAvailable:    1512720 kB
Buffers:           92148 kB
Cached:          1162248 kB
MemTotal:        1844596 kB
MemFree:          284116 kB
MemAvailable:    1509372 kB
Buffers:           92148 kB
Cached:          1162248 kB
MemTotal:        1844596 kB
MemFree:          282008 kB
MemAvailable:    1507264 kB
Buffers:           92148 kB
Cached:          1162248 kB
MemTotal:        1844596 kB
MemFree:          279456 kB
MemAvailable:    1504712 kB
Buffers:           92148 kB
Cached:          1162248 kB
MemTotal:        1844596 kB
MemFree:          279412 kB
MemAvailable:    1504668 kB
Buffers:           92148 kB
Cached:          1162248 kB
MemTotal:        1844596 kB
MemFree:          278156 kB
MemAvailable:    1503412 kB
Buffers:           92148 kB
Cached:          1162248 kB
MemTotal:        1844596 kB
MemFree:          279660 kB
MemAvailable:    1504916 kB
Buffers:           92148 kB
Cached:          1162248 kB
MemTotal:        1844596 kB
MemFree:          279252 kB
MemAvailable:    1504508 kB
Buffers:           92148 kB
Cached:          1162248 kB
MemTotal:        1844596 kB
MemFree:          278536 kB
MemAvailable:    1503792 kB
Buffers:           92148 kB
Cached:          1162248 kB
MemTotal:        1844596 kB
MemFree:          279072 kB
MemAvailable:    1504328 kB
Buffers:           92148 kB
Cached:          1162248 kB
MemTotal:        1844596 kB
MemFree:          278948 kB
MemAvailable:    1504204 kB
Buffers:           92148 kB
Cached:          1162248 kB
MemTotal:        1844596 kB
MemFree:          278420 kB
MemAvailable:    1503676 kB
Buffers:           92148 kB
Cached:          1162248 kB
MemTotal:        1844596 kB
MemFree:          278604 kB
MemAvailable:    1503860 kB
Buffers:           92148 kB
Cached:          1162248 kB
MemTotal:        1844596 kB
MemFree:          278860 kB
MemAvailable:    1504116 kB
Buffers:           92148 kB
Cached:          1162248 kB
MemTotal:        1844596 kB
MemFree:          278772 kB
MemAvailable:    1504028 kB
Buffers:           92148 kB
Cached:          1162248 kB
MemTotal:        1844596 kB
MemFree:          277484 kB
MemAvailable:    1502740 kB
Buffers:           92148 kB
Cached:          1162248 kB
MemTotal:        1844596 kB
MemFree:          277600 kB
MemAvailable:    1502856 kB
Buffers:           92148 kB
Cached:          1162248 kB
MemTotal:        1844596 kB
MemFree:          276924 kB
MemAvailable:    1502180 kB
Buffers:           92148 kB
Cached:          1162248 kB
MemTotal:        1844596 kB
MemFree:          277968 kB
MemAvailable:    1503224 kB
Buffers:           92148 kB
Cached:          1162248 kB
MemTotal:        1844596 kB
MemFree:          276932 kB
MemAvailable:    1502188 kB
Buffers:           92148 kB
Cached:          1162248 kB
MemTotal:        1844596 kB
MemFree:          277744 kB
MemAvailable:    1503000 kB
Buffers:           92148 kB
Cached:          1162248 kB
MemTotal:        1844596 kB
MemFree:          277288 kB
MemAvailable:    1502544 kB
Buffers:           92148 kB
Cached:          1162248 kB
MemTotal:        1844596 kB
MemFree:          277056 kB
MemAvailable:    1502312 kB
Buffers:           92148 kB
Cached:          1162248 kB
MemTotal:        1844596 kB
MemFree:          276660 kB
MemAvailable:    1501916 kB
Buffers:           92148 kB
Cached:          1162248 kB
MemTotal:        1844596 kB
MemFree:          275808 kB
MemAvailable:    1501064 kB
Buffers:           92148 kB
Cached:          1162248 kB
MemTotal:        1844596 kB
MemFree:          276540 kB
MemAvailable:    1501796 kB
Buffers:           92148 kB
Cached:          1162248 kB
MemTotal:        1844596 kB
MemFree:          275436 kB
MemAvailable:    1500692 kB
Buffers:           92148 kB
Cached:          1162248 kB
MemTotal:        1844596 kB
MemFree:          276420 kB
MemAvailable:    1501684 kB
Buffers:           92148 kB
Cached:          1162252 kB
MemTotal:        1844596 kB
MemFree:          276504 kB
MemAvailable:    1501768 kB
Buffers:           92148 kB
Cached:          1162252 kB
MemTotal:        1844596 kB
MemFree:          276308 kB
MemAvailable:    1501572 kB
Buffers:           92148 kB
Cached:          1162252 kB
MemTotal:        1844596 kB
MemFree:          276436 kB
MemAvailable:    1501700 kB
Buffers:           92148 kB
Cached:          1162252 kB
MemTotal:        1844596 kB
MemFree:          277040 kB
MemAvailable:    1502304 kB
Buffers:           92148 kB
Cached:          1162252 kB
MemTotal:        1844596 kB
MemFree:          277612 kB
MemAvailable:    1502876 kB
Buffers:           92148 kB
Cached:          1162252 kB
MemTotal:        1844596 kB
MemFree:          277864 kB
MemAvailable:    1503128 kB
Buffers:           92148 kB
Cached:          1162252 kB
MemTotal:        1844596 kB
MemFree:          272568 kB
MemAvailable:    1497832 kB
Buffers:           92148 kB
Cached:          1162252 kB
MemTotal:        1844596 kB
MemFree:          272088 kB
MemAvailable:    1497352 kB
Buffers:           92148 kB
Cached:          1162252 kB
MemTotal:        1844596 kB
MemFree:          272280 kB
MemAvailable:    1497544 kB
Buffers:           92148 kB
Cached:          1162252 kB
MemTotal:        1844596 kB
MemFree:          272376 kB
MemAvailable:    1497640 kB
Buffers:           92148 kB
Cached:          1162252 kB
MemTotal:        1844596 kB
MemFree:          271468 kB
MemAvailable:    1496732 kB
Buffers:           92148 kB
Cached:          1162252 kB
MemTotal:        1844596 kB
MemFree:          272156 kB
MemAvailable:    1497420 kB
Buffers:           92148 kB
Cached:          1162252 kB
MemTotal:        1844596 kB
MemFree:          272408 kB
MemAvailable:    1497672 kB
Buffers:           92148 kB
Cached:          1162252 kB
MemTotal:        1844596 kB
MemFree:          270792 kB
MemAvailable:    1496056 kB
Buffers:           92148 kB
Cached:          1162252 kB
MemTotal:        1844596 kB
MemFree:          272016 kB
MemAvailable:    1497280 kB
Buffers:           92148 kB
Cached:          1162252 kB
MemTotal:        1844596 kB
MemFree:          272268 kB
MemAvailable:    1497532 kB
Buffers:           92148 kB
Cached:          1162252 kB
MemTotal:        1844596 kB
MemFree:          270652 kB
MemAvailable:    1495916 kB
Buffers:           92148 kB
Cached:          1162252 kB
MemTotal:        1844596 kB
MemFree:          270908 kB
MemAvailable:    1496172 kB
Buffers:           92148 kB
Cached:          1162252 kB
MemTotal:        1844596 kB
MemFree:          270652 kB
MemAvailable:    1495916 kB
Buffers:           92148 kB
Cached:          1162252 kB
MemTotal:        1844596 kB
MemFree:          271760 kB
MemAvailable:    1497024 kB
Buffers:           92148 kB
Cached:          1162252 kB
MemTotal:        1844596 kB
MemFree:          271928 kB
MemAvailable:    1497192 kB
Buffers:           92148 kB
Cached:          1162252 kB
MemTotal:        1844596 kB
MemFree:          270768 kB
MemAvailable:    1496032 kB
Buffers:           92148 kB
Cached:          1162252 kB
MemTotal:        1844596 kB
MemFree:          267252 kB
MemAvailable:    1492516 kB
Buffers:           92148 kB
Cached:          1162252 kB
MemTotal:        1844596 kB
MemFree:          266500 kB
MemAvailable:    1491764 kB
Buffers:           92148 kB
Cached:          1162252 kB
MemTotal:        1844596 kB
MemFree:          265624 kB
MemAvailable:    1490888 kB
Buffers:           92148 kB
Cached:          1162252 kB
MemTotal:        1844596 kB
MemFree:          264772 kB
MemAvailable:    1490036 kB
Buffers:           92148 kB
Cached:          1162252 kB
MemTotal:        1844596 kB
MemFree:          265520 kB
MemAvailable:    1490784 kB
Buffers:           92148 kB
Cached:          1162252 kB
MemTotal:        1844596 kB
MemFree:          264088 kB
MemAvailable:    1489352 kB
Buffers:           92148 kB
Cached:          1162252 kB
MemTotal:        1844596 kB
MemFree:          263392 kB
MemAvailable:    1488656 kB
Buffers:           92148 kB
Cached:          1162252 kB
MemTotal:        1844596 kB
MemFree:          263476 kB
MemAvailable:    1488740 kB
Buffers:           92148 kB
Cached:          1162252 kB
MemTotal:        1844596 kB
MemFree:          263396 kB
MemAvailable:    1488660 kB
Buffers:           92148 kB
Cached:          1162252 kB
MemTotal:        1844596 kB
MemFree:          263284 kB
MemAvailable:    1488548 kB
Buffers:           92148 kB
Cached:          1162252 kB
MemTotal:        1844596 kB
MemFree:          263044 kB
MemAvailable:    1488308 kB
Buffers:           92148 kB
Cached:          1162252 kB
MemTotal:        1844596 kB
MemFree:          261864 kB
MemAvailable:    1487128 kB
Buffers:           92148 kB
Cached:          1162252 kB
MemTotal:        1844596 kB
MemFree:          263228 kB
MemAvailable:    1488492 kB
Buffers:           92148 kB
Cached:          1162252 kB
MemTotal:        1844596 kB
MemFree:          263092 kB
MemAvailable:    1488356 kB
Buffers:           92148 kB
Cached:          1162252 kB
MemTotal:        1844596 kB
MemFree:          263344 kB
MemAvailable:    1488608 kB
Buffers:           92148 kB
Cached:          1162252 kB
MemTotal:        1844596 kB
MemFree:          263140 kB
MemAvailable:    1488404 kB
Buffers:           92148 kB
Cached:          1162252 kB
MemTotal:        1844596 kB
MemFree:          263392 kB
MemAvailable:    1488656 kB
Buffers:           92148 kB
Cached:          1162252 kB
MemTotal:        1844596 kB
MemFree:          263096 kB
MemAvailable:    1488360 kB
Buffers:           92148 kB
Cached:          1162252 kB
MemTotal:        1844596 kB
MemFree:          262016 kB
MemAvailable:    1487280 kB
Buffers:           92148 kB
Cached:          1162252 kB
MemTotal:        1844596 kB
MemFree:          261884 kB
MemAvailable:    1487148 kB
Buffers:           92148 kB
Cached:          1162252 kB
MemTotal:        1844596 kB
MemFree:          261760 kB
MemAvailable:    1487024 kB
Buffers:           92148 kB
Cached:          1162252 kB
MemTotal:        1844596 kB
MemFree:          263084 kB
MemAvailable:    1488348 kB
Buffers:           92148 kB
Cached:          1162252 kB
MemTotal:        1844596 kB
MemFree:          261636 kB
MemAvailable:    1486900 kB
Buffers:           92148 kB
Cached:          1162252 kB
MemTotal:        1844596 kB
MemFree:          261628 kB
MemAvailable:    1486892 kB
Buffers:           92148 kB
Cached:          1162252 kB
MemTotal:        1844596 kB
MemFree:          261752 kB
MemAvailable:    1487016 kB
Buffers:           92148 kB
Cached:          1162252 kB
MemTotal:        1844596 kB
MemFree:          261732 kB
MemAvailable:    1486996 kB
Buffers:           92148 kB
Cached:          1162252 kB
MemTotal:        1844596 kB
MemFree:          259120 kB
MemAvailable:    1484384 kB
Buffers:           92148 kB
Cached:          1162252 kB
MemTotal:        1844596 kB
MemFree:          256712 kB
MemAvailable:    1481976 kB
Buffers:           92148 kB
Cached:          1162252 kB
MemTotal:        1844596 kB
MemFree:          254680 kB
MemAvailable:    1479944 kB
Buffers:           92148 kB
Cached:          1162252 kB
MemTotal:        1844596 kB
MemFree:          254484 kB
MemAvailable:    1479748 kB
Buffers:           92148 kB
Cached:          1162252 kB
MemTotal:        1844596 kB
MemFree:          253176 kB
MemAvailable:    1478440 kB
Buffers:           92148 kB
Cached:          1162252 kB
MemTotal:        1844596 kB
MemFree:          254320 kB
MemAvailable:    1479584 kB
Buffers:           92148 kB
Cached:          1162252 kB
MemTotal:        1844596 kB
MemFree:          254356 kB
MemAvailable:    1479620 kB
Buffers:           92148 kB
Cached:          1162252 kB
MemTotal:        1844596 kB
MemFree:          253060 kB
MemAvailable:    1478324 kB
Buffers:           92148 kB
Cached:          1162252 kB
MemTotal:        1844596 kB
MemFree:          253184 kB
MemAvailable:    1478448 kB
Buffers:           92148 kB
Cached:          1162252 kB
MemTotal:        1844596 kB
MemFree:          254028 kB
MemAvailable:    1479292 kB
Buffers:           92148 kB
Cached:          1162252 kB
MemTotal:        1844596 kB
MemFree:          253928 kB
MemAvailable:    1479192 kB
Buffers:           92148 kB
Cached:          1162252 kB
MemTotal:        1844596 kB
MemFree:          254168 kB
MemAvailable:    1479432 kB
Buffers:           92148 kB
Cached:          1162252 kB
MemTotal:        1844596 kB
MemFree:          254140 kB
MemAvailable:    1479404 kB
Buffers:           92148 kB
Cached:          1162252 kB
MemTotal:        1844596 kB
MemFree:          253372 kB
MemAvailable:    1478636 kB
Buffers:           92148 kB
Cached:          1162252 kB
MemTotal:        1844596 kB
MemFree:          254348 kB
MemAvailable:    1479612 kB
Buffers:           92148 kB
Cached:          1162252 kB
MemTotal:        1844596 kB
MemFree:          254604 kB
MemAvailable:    1479868 kB
Buffers:           92148 kB
Cached:          1162252 kB
MemTotal:        1844596 kB
MemFree:          254084 kB
MemAvailable:    1479348 kB
Buffers:           92148 kB
Cached:          1162252 kB
MemTotal:        1844596 kB
MemFree:          254168 kB
MemAvailable:    1479432 kB
Buffers:           92148 kB
Cached:          1162252 kB
MemTotal:        1844596 kB
MemFree:          252856 kB
MemAvailable:    1478120 kB
Buffers:           92148 kB
Cached:          1162252 kB
MemTotal:        1844596 kB
MemFree:          254040 kB
MemAvailable:    1479304 kB
Buffers:           92148 kB
Cached:          1162252 kB
MemTotal:        1844596 kB
MemFree:          254292 kB
MemAvailable:    1479556 kB
Buffers:           92148 kB
Cached:          1162252 kB
MemTotal:        1844596 kB
MemFree:          252812 kB
MemAvailable:    1478076 kB
Buffers:           92148 kB
Cached:          1162252 kB
MemTotal:        1844596 kB
MemFree:          252936 kB
MemAvailable:    1478200 kB
Buffers:           92148 kB
Cached:          1162252 kB
MemTotal:        1844596 kB
MemFree:          252848 kB
MemAvailable:    1478112 kB
Buffers:           92148 kB
Cached:          1162252 kB
MemTotal:        1844596 kB
MemFree:          254040 kB
MemAvailable:    1479304 kB
Buffers:           92148 kB
Cached:          1162252 kB
MemTotal:        1844596 kB
MemFree:          253604 kB
MemAvailable:    1478868 kB
Buffers:           92148 kB
Cached:          1162252 kB
MemTotal:        1844596 kB
MemFree:          252828 kB
MemAvailable:    1478092 kB
Buffers:           92148 kB
Cached:          1162252 kB
MemTotal:        1844596 kB
MemFree:          254068 kB
MemAvailable:    1479332 kB
Buffers:           92148 kB
Cached:          1162252 kB
MemTotal:        1844596 kB
MemFree:          252868 kB
MemAvailable:    1478132 kB
Buffers:           92148 kB
Cached:          1162252 kB
MemTotal:        1844596 kB
MemFree:          252036 kB
MemAvailable:    1477300 kB
Buffers:           92148 kB
Cached:          1162252 kB
MemTotal:        1844596 kB
MemFree:          248588 kB
MemAvailable:    1473852 kB
Buffers:           92148 kB
Cached:          1162252 kB
MemTotal:        1844596 kB
MemFree:          244908 kB
MemAvailable:    1470172 kB
Buffers:           92148 kB
Cached:          1162252 kB
MemTotal:        1844596 kB
MemFree:          244436 kB
MemAvailable:    1469700 kB
Buffers:           92148 kB
Cached:          1162252 kB
MemTotal:        1844596 kB
MemFree:          244972 kB
MemAvailable:    1470236 kB
Buffers:           92148 kB
Cached:          1162252 kB
MemTotal:        1844596 kB
MemFree:          243408 kB
MemAvailable:    1468672 kB
Buffers:           92148 kB
Cached:          1162252 kB
MemTotal:        1844596 kB
MemFree:          244584 kB
MemAvailable:    1469848 kB
Buffers:           92148 kB
Cached:          1162252 kB
MemTotal:        1844596 kB
MemFree:          243876 kB
MemAvailable:    1469140 kB
Buffers:           92148 kB
Cached:          1162252 kB
MemTotal:        1844596 kB
MemFree:          243124 kB
MemAvailable:    1468388 kB
Buffers:           92148 kB
Cached:          1162252 kB
MemTotal:        1844596 kB
MemFree:          241460 kB
MemAvailable:    1466724 kB
Buffers:           92148 kB
Cached:          1162252 kB
MemTotal:        1844596 kB
MemFree:          242288 kB
MemAvailable:    1467552 kB
Buffers:           92148 kB
Cached:          1162252 kB
MemTotal:        1844596 kB
MemFree:          242148 kB
MemAvailable:    1467412 kB
Buffers:           92148 kB
Cached:          1162252 kB
MemTotal:        1844596 kB
MemFree:          241832 kB
MemAvailable:    1467096 kB
Buffers:           92148 kB
Cached:          1162252 kB
MemTotal:        1844596 kB
MemFree:          242148 kB
MemAvailable:    1467412 kB
Buffers:           92148 kB
Cached:          1162252 kB
MemTotal:        1844596 kB
MemFree:          241200 kB
MemAvailable:    1466464 kB
Buffers:           92148 kB
Cached:          1162252 kB
MemTotal:        1844596 kB
MemFree:          242176 kB
MemAvailable:    1467440 kB
Buffers:           92148 kB
Cached:          1162252 kB
MemTotal:        1844596 kB
MemFree:          242428 kB
MemAvailable:    1467692 kB
Buffers:           92148 kB
Cached:          1162252 kB
MemTotal:        1844596 kB
MemFree:          241048 kB
MemAvailable:    1466324 kB
Buffers:           92148 kB
Cached:          1162264 kB
MemTotal:        1844596 kB
MemFree:          241860 kB
MemAvailable:    1467136 kB
Buffers:           92148 kB
Cached:          1162264 kB
MemTotal:        1844596 kB
MemFree:          240792 kB
MemAvailable:    1466068 kB
Buffers:           92148 kB
Cached:          1162264 kB
MemTotal:        1844596 kB
MemFree:          241040 kB
MemAvailable:    1466316 kB
Buffers:           92148 kB
Cached:          1162264 kB
MemTotal:        1844596 kB
MemFree:          241040 kB
MemAvailable:    1466316 kB
Buffers:           92148 kB
Cached:          1162264 kB
MemTotal:        1844596 kB
MemFree:          242188 kB
MemAvailable:    1467464 kB
Buffers:           92148 kB
Cached:          1162264 kB
MemTotal:        1844596 kB
MemFree:          242440 kB
MemAvailable:    1467716 kB
Buffers:           92148 kB
Cached:          1162264 kB
MemTotal:        1844596 kB
MemFree:          242208 kB
MemAvailable:    1467484 kB
Buffers:           92148 kB
Cached:          1162264 kB
MemTotal:        1844596 kB
MemFree:          241032 kB
MemAvailable:    1466308 kB
Buffers:           92148 kB
Cached:          1162264 kB
MemTotal:        1844596 kB
MemFree:          241148 kB
MemAvailable:    1466424 kB
Buffers:           92148 kB
Cached:          1162264 kB
MemTotal:        1844596 kB
MemFree:          242140 kB
MemAvailable:    1467416 kB
Buffers:           92148 kB
Cached:          1162264 kB
MemTotal:        1844596 kB
MemFree:          241024 kB
MemAvailable:    1466300 kB
Buffers:           92148 kB
Cached:          1162264 kB
MemTotal:        1844596 kB
MemFree:          242200 kB
MemAvailable:    1467476 kB
Buffers:           92148 kB
Cached:          1162264 kB
MemTotal:        1844596 kB
MemFree:          242132 kB
MemAvailable:    1467408 kB
Buffers:           92148 kB
Cached:          1162264 kB
MemTotal:        1844596 kB
MemFree:          241964 kB
MemAvailable:    1467240 kB
Buffers:           92148 kB
Cached:          1162264 kB
MemTotal:        1844596 kB
MemFree:          242328 kB
MemAvailable:    1467604 kB
Buffers:           92148 kB
Cached:          1162264 kB
MemTotal:        1844596 kB
MemFree:          240900 kB
MemAvailable:    1466176 kB
Buffers:           92148 kB
Cached:          1162264 kB
MemTotal:        1844596 kB
MemFree:          242272 kB
MemAvailable:    1467548 kB
Buffers:           92148 kB
Cached:          1162264 kB
MemTotal:        1844596 kB
MemFree:          242064 kB
MemAvailable:    1467340 kB
Buffers:           92148 kB
Cached:          1162264 kB
MemTotal:        1844596 kB
MemFree:          242080 kB
MemAvailable:    1467356 kB
Buffers:           92148 kB
Cached:          1162264 kB
MemTotal:        1844596 kB
MemFree:          241032 kB
MemAvailable:    1466308 kB
Buffers:           92148 kB
Cached:          1162264 kB
MemTotal:        1844596 kB
MemFree:          242176 kB
MemAvailable:    1467452 kB
Buffers:           92148 kB
Cached:          1162264 kB
MemTotal:        1844596 kB
MemFree:          241956 kB
MemAvailable:    1467232 kB
Buffers:           92148 kB
Cached:          1162264 kB
MemTotal:        1844596 kB
MemFree:          241076 kB
MemAvailable:    1466352 kB
Buffers:           92148 kB
Cached:          1162264 kB
MemTotal:        1844596 kB
MemFree:          242316 kB
MemAvailable:    1467592 kB
Buffers:           92148 kB
Cached:          1162264 kB
MemTotal:        1844596 kB
MemFree:          241028 kB
MemAvailable:    1466304 kB
Buffers:           92148 kB
Cached:          1162264 kB
MemTotal:        1844596 kB
MemFree:          242480 kB
MemAvailable:    1467756 kB
Buffers:           92148 kB
Cached:          1162264 kB
MemTotal:        1844596 kB
MemFree:          241040 kB
MemAvailable:    1466316 kB
Buffers:           92148 kB
Cached:          1162264 kB
MemTotal:        1844596 kB
MemFree:          241212 kB
MemAvailable:    1466488 kB
Buffers:           92148 kB
Cached:          1162264 kB
MemTotal:        1844596 kB
MemFree:          241032 kB
MemAvailable:    1466308 kB
Buffers:           92148 kB
Cached:          1162264 kB
MemTotal:        1844596 kB
MemFree:          240916 kB
MemAvailable:    1466192 kB
Buffers:           92148 kB
Cached:          1162264 kB
MemTotal:        1844596 kB
MemFree:          242188 kB
MemAvailable:    1467464 kB
Buffers:           92148 kB
Cached:          1162264 kB
MemTotal:        1844596 kB
MemFree:          242188 kB
MemAvailable:    1467464 kB
Buffers:           92148 kB
Cached:          1162264 kB
MemTotal:        1844596 kB
MemFree:          240964 kB
MemAvailable:    1466240 kB
Buffers:           92148 kB
Cached:          1162264 kB
MemTotal:        1844596 kB
MemFree:          242516 kB
MemAvailable:    1467792 kB
Buffers:           92148 kB
Cached:          1162264 kB
MemTotal:        1844596 kB
MemFree:          242412 kB
MemAvailable:    1467688 kB
Buffers:           92148 kB
Cached:          1162264 kB
MemTotal:        1844596 kB
MemFree:          241692 kB
MemAvailable:    1466968 kB
Buffers:           92148 kB
Cached:          1162264 kB
MemTotal:        1844596 kB
MemFree:          240780 kB
MemAvailable:    1466056 kB
Buffers:           92148 kB
Cached:          1162264 kB
MemTotal:        1844596 kB
MemFree:          242084 kB
MemAvailable:    1467360 kB
Buffers:           92148 kB
Cached:          1162264 kB
MemTotal:        1844596 kB
MemFree:          240908 kB
MemAvailable:    1466184 kB
Buffers:           92148 kB
Cached:          1162264 kB
MemTotal:        1844596 kB
MemFree:          242016 kB
MemAvailable:    1467292 kB
Buffers:           92148 kB
Cached:          1162264 kB
MemTotal:        1844596 kB
MemFree:          242184 kB
MemAvailable:    1467460 kB
Buffers:           92148 kB
Cached:          1162264 kB
MemTotal:        1844596 kB
MemFree:          240668 kB
MemAvailable:    1465944 kB
Buffers:           92148 kB
Cached:          1162264 kB
MemTotal:        1844596 kB
MemFree:          241776 kB
MemAvailable:    1467052 kB
Buffers:           92148 kB
Cached:          1162264 kB
MemTotal:        1844596 kB
MemFree:          241944 kB
MemAvailable:    1467220 kB
Buffers:           92148 kB
Cached:          1162264 kB
MemTotal:        1844596 kB
MemFree:          240420 kB
MemAvailable:    1465696 kB
Buffers:           92148 kB
Cached:          1162264 kB
MemTotal:        1844596 kB
MemFree:          241700 kB
MemAvailable:    1466976 kB
Buffers:           92148 kB
Cached:          1162264 kB
MemTotal:        1844596 kB
MemFree:          241784 kB
MemAvailable:    1467060 kB
Buffers:           92148 kB
Cached:          1162264 kB
MemTotal:        1844596 kB
MemFree:          241588 kB
MemAvailable:    1466864 kB
Buffers:           92148 kB
Cached:          1162264 kB
MemTotal:        1844596 kB
MemFree:          241632 kB
MemAvailable:    1466908 kB
Buffers:           92148 kB
Cached:          1162264 kB
MemTotal:        1844596 kB
MemFree:          241588 kB
MemAvailable:    1466864 kB
Buffers:           92148 kB
Cached:          1162264 kB
MemTotal:        1844596 kB
MemFree:          240344 kB
MemAvailable:    1465620 kB
Buffers:           92148 kB
Cached:          1162264 kB
MemTotal:        1844596 kB
MemFree:          240220 kB
MemAvailable:    1465500 kB
Buffers:           92148 kB
Cached:          1162268 kB
MemTotal:        1844596 kB
MemFree:          241256 kB
MemAvailable:    1466536 kB
Buffers:           92148 kB
Cached:          1162268 kB
MemTotal:        1844596 kB
MemFree:          241276 kB
MemAvailable:    1466556 kB
Buffers:           92148 kB
Cached:          1162268 kB
MemTotal:        1844596 kB
MemFree:          241344 kB
MemAvailable:    1466624 kB
Buffers:           92148 kB
Cached:          1162268 kB
MemTotal:        1844596 kB
MemFree:          241132 kB
MemAvailable:    1466412 kB
Buffers:           92148 kB
Cached:          1162268 kB
MemTotal:        1844596 kB
MemFree:          239956 kB
MemAvailable:    1465236 kB
Buffers:           92148 kB
Cached:          1162268 kB
MemTotal:        1844596 kB
MemFree:          241256 kB
MemAvailable:    1466536 kB
Buffers:           92148 kB
Cached:          1162268 kB
MemTotal:        1844596 kB
MemFree:          241384 kB
MemAvailable:    1466664 kB
Buffers:           92148 kB
Cached:          1162268 kB
MemTotal:        1844596 kB
MemFree:          241312 kB
MemAvailable:    1466592 kB
Buffers:           92148 kB
Cached:          1162268 kB
MemTotal:        1844596 kB
MemFree:          241456 kB
MemAvailable:    1466736 kB
Buffers:           92148 kB
Cached:          1162268 kB
MemTotal:        1844596 kB
MemFree:          239796 kB
MemAvailable:    1465076 kB
Buffers:           92148 kB
Cached:          1162268 kB
MemTotal:        1844596 kB
MemFree:          239920 kB
MemAvailable:    1465200 kB
Buffers:           92148 kB
Cached:          1162268 kB
MemTotal:        1844596 kB
MemFree:          241212 kB
MemAvailable:    1466492 kB
Buffers:           92148 kB
Cached:          1162268 kB
MemTotal:        1844596 kB
MemFree:          240600 kB
MemAvailable:    1465880 kB
Buffers:           92148 kB
Cached:          1162268 kB
MemTotal:        1844596 kB
MemFree:          236608 kB
MemAvailable:    1461888 kB
Buffers:           92148 kB
Cached:          1162268 kB
MemTotal:        1844596 kB
MemFree:          235756 kB
MemAvailable:    1461036 kB
Buffers:           92148 kB
Cached:          1162268 kB
MemTotal:        1844596 kB
MemFree:          231540 kB
MemAvailable:    1456820 kB
Buffers:           92148 kB
Cached:          1162268 kB
MemTotal:        1844596 kB
MemFree:          230920 kB
MemAvailable:    1456200 kB
Buffers:           92148 kB
Cached:          1162268 kB
MemTotal:        1844596 kB
MemFree:          230848 kB
MemAvailable:    1456128 kB
Buffers:           92148 kB
Cached:          1162268 kB
MemTotal:        1844596 kB
MemFree:          229688 kB
MemAvailable:    1454968 kB
Buffers:           92148 kB
Cached:          1162268 kB
MemTotal:        1844596 kB
MemFree:          230368 kB
MemAvailable:    1455648 kB
Buffers:           92148 kB
Cached:          1162268 kB
MemTotal:        1844596 kB
MemFree:          230184 kB
MemAvailable:    1455464 kB
Buffers:           92148 kB
Cached:          1162268 kB
MemTotal:        1844596 kB
MemFree:          230052 kB
MemAvailable:    1455336 kB
Buffers:           92148 kB
Cached:          1162272 kB
MemTotal:        1844596 kB
MemFree:          229888 kB
MemAvailable:    1455172 kB
Buffers:           92148 kB
Cached:          1162272 kB
MemTotal:        1844596 kB
MemFree:          229208 kB
MemAvailable:    1454492 kB
Buffers:           92148 kB
Cached:          1162272 kB
MemTotal:        1844596 kB
MemFree:          229616 kB
MemAvailable:    1454900 kB
Buffers:           92148 kB
Cached:          1162272 kB
MemTotal:        1844596 kB
MemFree:          227200 kB
MemAvailable:    1452484 kB
Buffers:           92148 kB
Cached:          1162272 kB
MemTotal:        1844596 kB
MemFree:          228572 kB
MemAvailable:    1453856 kB
Buffers:           92148 kB
Cached:          1162272 kB
MemTotal:        1844596 kB
MemFree:          227572 kB
MemAvailable:    1452856 kB
Buffers:           92148 kB
Cached:          1162272 kB
MemTotal:        1844596 kB
MemFree:          226336 kB
MemAvailable:    1451620 kB
Buffers:           92148 kB
Cached:          1162272 kB
MemTotal:        1844596 kB
MemFree:          227684 kB
MemAvailable:    1452968 kB
Buffers:           92148 kB
Cached:          1162272 kB
MemTotal:        1844596 kB
MemFree:          227936 kB
MemAvailable:    1453220 kB
Buffers:           92148 kB
Cached:          1162272 kB
MemTotal:        1844596 kB
MemFree:          227824 kB
MemAvailable:    1453108 kB
Buffers:           92148 kB
Cached:          1162272 kB
MemTotal:        1844596 kB
MemFree:          227100 kB
MemAvailable:    1452384 kB
Buffers:           92148 kB
Cached:          1162272 kB
MemTotal:        1844596 kB
MemFree:          228304 kB
MemAvailable:    1453588 kB
Buffers:           92148 kB
Cached:          1162276 kB
MemTotal:        1844596 kB
MemFree:          227952 kB
MemAvailable:    1453236 kB
Buffers:           92148 kB
Cached:          1162276 kB
MemTotal:        1844596 kB
MemFree:          226532 kB
MemAvailable:    1451816 kB
Buffers:           92148 kB
Cached:          1162276 kB
MemTotal:        1844596 kB
MemFree:          226408 kB
MemAvailable:    1451692 kB
Buffers:           92148 kB
Cached:          1162276 kB
MemTotal:        1844596 kB
MemFree:          227676 kB
MemAvailable:    1452960 kB
Buffers:           92148 kB
Cached:          1162276 kB
MemTotal:        1844596 kB
MemFree:          227928 kB
MemAvailable:    1453212 kB
Buffers:           92148 kB
Cached:          1162276 kB
MemTotal:        1844596 kB
MemFree:          227824 kB
MemAvailable:    1453108 kB
Buffers:           92148 kB
Cached:          1162276 kB
MemTotal:        1844596 kB
MemFree:          227644 kB
MemAvailable:    1452928 kB
Buffers:           92148 kB
Cached:          1162276 kB
MemTotal:        1844596 kB
MemFree:          227644 kB
MemAvailable:    1452928 kB
Buffers:           92148 kB
Cached:          1162276 kB
MemTotal:        1844596 kB
MemFree:          227092 kB
MemAvailable:    1452376 kB
Buffers:           92148 kB
Cached:          1162276 kB
MemTotal:        1844596 kB
MemFree:          225728 kB
MemAvailable:    1451012 kB
Buffers:           92148 kB
Cached:          1162276 kB
MemTotal:        1844596 kB
MemFree:          226036 kB
MemAvailable:    1451320 kB
Buffers:           92148 kB
Cached:          1162276 kB
MemTotal:        1844596 kB
MemFree:          225904 kB
MemAvailable:    1451188 kB
Buffers:           92148 kB
Cached:          1162276 kB
MemTotal:        1844596 kB
MemFree:          225648 kB
MemAvailable:    1450932 kB
Buffers:           92148 kB
Cached:          1162276 kB
MemTotal:        1844596 kB
MemFree:          224496 kB
MemAvailable:    1449780 kB
Buffers:           92148 kB
Cached:          1162276 kB
MemTotal:        1844596 kB
MemFree:          225092 kB
MemAvailable:    1450376 kB
Buffers:           92148 kB
Cached:          1162276 kB
MemTotal:        1844596 kB
MemFree:          225428 kB
MemAvailable:    1450712 kB
Buffers:           92148 kB
Cached:          1162276 kB
MemTotal:        1844596 kB
MemFree:          225100 kB
MemAvailable:    1450384 kB
Buffers:           92148 kB
Cached:          1162276 kB
MemTotal:        1844596 kB
MemFree:          223612 kB
MemAvailable:    1448896 kB
Buffers:           92148 kB
Cached:          1162276 kB
MemTotal:        1844596 kB
MemFree:          223008 kB
MemAvailable:    1448292 kB
Buffers:           92148 kB
Cached:          1162276 kB
MemTotal:        1844596 kB
MemFree:          223384 kB
MemAvailable:    1448668 kB
Buffers:           92148 kB
Cached:          1162276 kB
MemTotal:        1844596 kB
MemFree:          222860 kB
MemAvailable:    1448144 kB
Buffers:           92148 kB
Cached:          1162276 kB
MemTotal:        1844596 kB
MemFree:          222944 kB
MemAvailable:    1448228 kB
Buffers:           92148 kB
Cached:          1162276 kB
MemTotal:        1844596 kB
MemFree:          222740 kB
MemAvailable:    1448024 kB
Buffers:           92148 kB
Cached:          1162276 kB
MemTotal:        1844596 kB
MemFree:          222628 kB
MemAvailable:    1447912 kB
Buffers:           92148 kB
Cached:          1162276 kB
MemTotal:        1844596 kB
MemFree:          221892 kB
MemAvailable:    1447176 kB
Buffers:           92148 kB
Cached:          1162276 kB
MemTotal:        1844596 kB
MemFree:          222488 kB
MemAvailable:    1447772 kB
Buffers:           92148 kB
Cached:          1162276 kB
MemTotal:        1844596 kB
MemFree:          222824 kB
MemAvailable:    1448108 kB
Buffers:           92148 kB
Cached:          1162276 kB
MemTotal:        1844596 kB
MemFree:          221340 kB
MemAvailable:    1446624 kB
Buffers:           92148 kB
Cached:          1162276 kB
MemTotal:        1844596 kB
MemFree:          222628 kB
MemAvailable:    1447912 kB
Buffers:           92148 kB
Cached:          1162276 kB
MemTotal:        1844596 kB
MemFree:          222488 kB
MemAvailable:    1447772 kB
Buffers:           92148 kB
Cached:          1162276 kB
MemTotal:        1844596 kB
MemFree:          222504 kB
MemAvailable:    1447788 kB
Buffers:           92148 kB
Cached:          1162276 kB
MemTotal:        1844596 kB
MemFree:          222500 kB
MemAvailable:    1447784 kB
Buffers:           92148 kB
Cached:          1162276 kB
MemTotal:        1844596 kB
MemFree:          221208 kB
MemAvailable:    1446492 kB
Buffers:           92148 kB
Cached:          1162276 kB
MemTotal:        1844596 kB
MemFree:          222632 kB
MemAvailable:    1447916 kB
Buffers:           92148 kB
Cached:          1162276 kB
MemTotal:        1844596 kB
MemFree:          221324 kB
MemAvailable:    1446608 kB
Buffers:           92148 kB
Cached:          1162276 kB
MemTotal:        1844596 kB
MemFree:          221324 kB
MemAvailable:    1446608 kB
Buffers:           92148 kB
Cached:          1162276 kB
MemTotal:        1844596 kB
MemFree:          222368 kB
MemAvailable:    1447652 kB
Buffers:           92148 kB
Cached:          1162276 kB
MemTotal:        1844596 kB
MemFree:          222620 kB
MemAvailable:    1447904 kB
Buffers:           92148 kB
Cached:          1162276 kB
MemTotal:        1844596 kB
MemFree:          222208 kB
MemAvailable:    1447492 kB
Buffers:           92148 kB
Cached:          1162276 kB
MemTotal:        1844596 kB
MemFree:          222292 kB
MemAvailable:    1447576 kB
Buffers:           92148 kB
Cached:          1162276 kB
MemTotal:        1844596 kB
MemFree:          221100 kB
MemAvailable:    1446384 kB
Buffers:           92148 kB
Cached:          1162276 kB
MemTotal:        1844596 kB
MemFree:          222392 kB
MemAvailable:    1447676 kB
Buffers:           92148 kB
Cached:          1162276 kB
MemTotal:        1844596 kB
MemFree:          221348 kB
MemAvailable:    1446632 kB
Buffers:           92148 kB
Cached:          1162276 kB
MemTotal:        1844596 kB
MemFree:          221092 kB
MemAvailable:    1446376 kB
Buffers:           92148 kB
Cached:          1162276 kB
MemTotal:        1844596 kB
MemFree:          221636 kB
MemAvailable:    1446920 kB
Buffers:           92148 kB
Cached:          1162276 kB
MemTotal:        1844596 kB
MemFree:          222200 kB
MemAvailable:    1447488 kB
Buffers:           92148 kB
Cached:          1162280 kB
MemTotal:        1844596 kB
MemFree:          222536 kB
MemAvailable:    1447824 kB
Buffers:           92148 kB
Cached:          1162280 kB
MemTotal:        1844596 kB
MemFree:          221132 kB
MemAvailable:    1446420 kB
Buffers:           92148 kB
Cached:          1162280 kB
MemTotal:        1844596 kB
MemFree:          221132 kB
MemAvailable:    1446420 kB
Buffers:           92148 kB
Cached:          1162280 kB
MemTotal:        1844596 kB
MemFree:          220704 kB
MemAvailable:    1445992 kB
Buffers:           92148 kB
Cached:          1162280 kB
MemTotal:        1844596 kB
MemFree:          219216 kB
MemAvailable:    1444504 kB
Buffers:           92148 kB
Cached:          1162280 kB
MemTotal:        1844596 kB
MemFree:          217172 kB
MemAvailable:    1442336 kB
Buffers:           92148 kB
Cached:          1162280 kB
MemTotal:        1844596 kB
MemFree:          216968 kB
MemAvailable:    1442260 kB
Buffers:           92148 kB
Cached:          1162284 kB
MemTotal:        1844596 kB
MemFree:          213948 kB
MemAvailable:    1439240 kB
Buffers:           92148 kB
Cached:          1162284 kB
MemTotal:        1844596 kB
MemFree:          211956 kB
MemAvailable:    1437248 kB
Buffers:           92148 kB
Cached:          1162284 kB
MemTotal:        1844596 kB
MemFree:          209228 kB
MemAvailable:    1434520 kB
Buffers:           92148 kB
Cached:          1162284 kB
MemTotal:        1844596 kB
MemFree:          205824 kB
MemAvailable:    1431116 kB
Buffers:           92148 kB
Cached:          1162284 kB
MemTotal:        1844596 kB
MemFree:          202912 kB
MemAvailable:    1428204 kB
Buffers:           92148 kB
Cached:          1162284 kB
MemTotal:        1844596 kB
MemFree:          202788 kB
MemAvailable:    1428080 kB
Buffers:           92148 kB
Cached:          1162284 kB
MemTotal:        1844596 kB
MemFree:          203832 kB
MemAvailable:    1429124 kB
Buffers:           92148 kB
Cached:          1162284 kB
MemTotal:        1844596 kB
MemFree:          202656 kB
MemAvailable:    1427948 kB
Buffers:           92148 kB
Cached:          1162284 kB
MemTotal:        1844596 kB
MemFree:          203524 kB
MemAvailable:    1428816 kB
Buffers:           92148 kB
Cached:          1162284 kB
MemTotal:        1844596 kB
MemFree:          203524 kB
MemAvailable:    1428816 kB
Buffers:           92148 kB
Cached:          1162284 kB
MemTotal:        1844596 kB
MemFree:          203396 kB
MemAvailable:    1428688 kB
Buffers:           92160 kB
Cached:          1162272 kB
MemTotal:        1844596 kB
MemFree:          202424 kB
MemAvailable:    1427716 kB
Buffers:           92160 kB
Cached:          1162272 kB
MemTotal:        1844596 kB
MemFree:          203268 kB
MemAvailable:    1428560 kB
Buffers:           92160 kB
Cached:          1162272 kB
MemTotal:        1844596 kB
MemFree:          203604 kB
MemAvailable:    1428896 kB
Buffers:           92160 kB
Cached:          1162272 kB
MemTotal:        1844596 kB
MemFree:          203036 kB
MemAvailable:    1428328 kB
Buffers:           92160 kB
Cached:          1162272 kB
MemTotal:        1844596 kB
MemFree:          201664 kB
MemAvailable:    1426956 kB
Buffers:           92160 kB
Cached:          1162272 kB
MemTotal:        1844596 kB
MemFree:          201664 kB
MemAvailable:    1426956 kB
Buffers:           92160 kB
Cached:          1162272 kB
MemTotal:        1844596 kB
MemFree:          201664 kB
MemAvailable:    1426956 kB
Buffers:           92160 kB
Cached:          1162272 kB
MemTotal:        1844596 kB
MemFree:          201788 kB
MemAvailable:    1427080 kB
Buffers:           92160 kB
Cached:          1162272 kB
MemTotal:        1844596 kB
MemFree:          201796 kB
MemAvailable:    1427088 kB
Buffers:           92160 kB
Cached:          1162272 kB
MemTotal:        1844596 kB
MemFree:          201664 kB
MemAvailable:    1426956 kB
Buffers:           92160 kB
Cached:          1162272 kB
MemTotal:        1844596 kB
MemFree:          202840 kB
MemAvailable:    1428132 kB
Buffers:           92160 kB
Cached:          1162272 kB
MemTotal:        1844596 kB
MemFree:          202708 kB
MemAvailable:    1428000 kB
Buffers:           92160 kB
Cached:          1162272 kB
MemTotal:        1844596 kB
MemFree:          202828 kB
MemAvailable:    1428120 kB
Buffers:           92160 kB
Cached:          1162272 kB
MemTotal:        1844596 kB
MemFree:          201672 kB
MemAvailable:    1426964 kB
Buffers:           92160 kB
Cached:          1162272 kB
MemTotal:        1844596 kB
MemFree:          202956 kB
MemAvailable:    1428264 kB
Buffers:           92160 kB
Cached:          1162288 kB
MemTotal:        1844596 kB
MemFree:          202904 kB
MemAvailable:    1428212 kB
Buffers:           92160 kB
Cached:          1162288 kB
MemTotal:        1844596 kB
MemFree:          202648 kB
MemAvailable:    1427956 kB
Buffers:           92160 kB
Cached:          1162288 kB
MemTotal:        1844596 kB
MemFree:          202788 kB
MemAvailable:    1428096 kB
Buffers:           92160 kB
Cached:          1162288 kB
MemTotal:        1844596 kB
MemFree:          201412 kB
MemAvailable:    1426720 kB
Buffers:           92160 kB
Cached:          1162288 kB
MemTotal:        1844596 kB
MemFree:          201784 kB
MemAvailable:    1427092 kB
Buffers:           92160 kB
Cached:          1162288 kB
MemTotal:        1844596 kB
MemFree:          201536 kB
MemAvailable:    1426844 kB
Buffers:           92160 kB
Cached:          1162288 kB
MemTotal:        1844596 kB
MemFree:          201536 kB
MemAvailable:    1426844 kB
Buffers:           92160 kB
Cached:          1162288 kB
MemTotal:        1844596 kB
MemFree:          202644 kB
MemAvailable:    1427952 kB
Buffers:           92160 kB
Cached:          1162288 kB
MemTotal:        1844596 kB
MemFree:          202896 kB
MemAvailable:    1428204 kB
Buffers:           92160 kB
Cached:          1162288 kB
MemTotal:        1844596 kB
MemFree:          202616 kB
MemAvailable:    1427924 kB
Buffers:           92160 kB
Cached:          1162288 kB
MemTotal:        1844596 kB
MemFree:          202672 kB
MemAvailable:    1427980 kB
Buffers:           92160 kB
Cached:          1162288 kB
MemTotal:        1844596 kB
MemFree:          201488 kB
MemAvailable:    1426796 kB
Buffers:           92160 kB
Cached:          1162288 kB
MemTotal:        1844596 kB
MemFree:          201176 kB
MemAvailable:    1426484 kB
Buffers:           92160 kB
Cached:          1162288 kB
MemTotal:        1844596 kB
MemFree:          197440 kB
MemAvailable:    1422748 kB
Buffers:           92160 kB
Cached:          1162288 kB
MemTotal:        1844596 kB
MemFree:          197440 kB
MemAvailable:    1422748 kB
Buffers:           92160 kB
Cached:          1162288 kB
MemTotal:        1844596 kB
MemFree:          192604 kB
MemAvailable:    1417912 kB
Buffers:           92160 kB
Cached:          1162288 kB
MemTotal:        1844596 kB
MemFree:          192124 kB
MemAvailable:    1417432 kB
Buffers:           92160 kB
Cached:          1162288 kB
MemTotal:        1844596 kB
MemFree:          189076 kB
MemAvailable:    1414384 kB
Buffers:           92160 kB
Cached:          1162288 kB
MemTotal:        1844596 kB
MemFree:          185984 kB
MemAvailable:    1411292 kB
Buffers:           92160 kB
Cached:          1162288 kB
MemTotal:        1844596 kB
MemFree:          183940 kB
MemAvailable:    1409248 kB
Buffers:           92160 kB
Cached:          1162288 kB
MemTotal:        1844596 kB
MemFree:          184916 kB
MemAvailable:    1410224 kB
Buffers:           92160 kB
Cached:          1162288 kB
MemTotal:        1844596 kB
MemFree:          185000 kB
MemAvailable:    1410308 kB
Buffers:           92160 kB
Cached:          1162288 kB
MemTotal:        1844596 kB
MemFree:          184612 kB
MemAvailable:    1409920 kB
Buffers:           92160 kB
Cached:          1162288 kB
MemTotal:        1844596 kB
MemFree:          184260 kB
MemAvailable:    1409568 kB
Buffers:           92160 kB
Cached:          1162288 kB
MemTotal:        1844596 kB
MemFree:          183692 kB
MemAvailable:    1409000 kB
Buffers:           92160 kB
Cached:          1162288 kB
MemTotal:        1844596 kB
MemFree:          184932 kB
MemAvailable:    1410240 kB
Buffers:           92160 kB
Cached:          1162288 kB
MemTotal:        1844596 kB
MemFree:          184800 kB
MemAvailable:    1410108 kB
Buffers:           92160 kB
Cached:          1162288 kB
MemTotal:        1844596 kB
MemFree:          184800 kB
MemAvailable:    1410108 kB
Buffers:           92160 kB
Cached:          1162288 kB
MemTotal:        1844596 kB
MemFree:          184552 kB
MemAvailable:    1409860 kB
Buffers:           92160 kB
Cached:          1162288 kB
MemTotal:        1844596 kB
MemFree:          184684 kB
MemAvailable:    1409992 kB
Buffers:           92160 kB
Cached:          1162288 kB
MemTotal:        1844596 kB
MemFree:          183292 kB
MemAvailable:    1408600 kB
Buffers:           92160 kB
Cached:          1162288 kB
MemTotal:        1844596 kB
MemFree:          184404 kB
MemAvailable:    1409712 kB
Buffers:           92160 kB
Cached:          1162288 kB
MemTotal:        1844596 kB
MemFree:          184404 kB
MemAvailable:    1409712 kB
Buffers:           92160 kB
Cached:          1162288 kB
MemTotal:        1844596 kB
MemFree:          184388 kB
MemAvailable:    1409696 kB
Buffers:           92160 kB
Cached:          1162288 kB
MemTotal:        1844596 kB
MemFree:          183308 kB
MemAvailable:    1408616 kB
Buffers:           92160 kB
Cached:          1162288 kB
MemTotal:        1844596 kB
MemFree:          183308 kB
MemAvailable:    1408616 kB
Buffers:           92160 kB
Cached:          1162288 kB
MemTotal:        1844596 kB
MemFree:          183308 kB
MemAvailable:    1408616 kB
Buffers:           92160 kB
Cached:          1162288 kB
MemTotal:        1844596 kB
MemFree:          183308 kB
MemAvailable:    1408616 kB
Buffers:           92160 kB
Cached:          1162288 kB
MemTotal:        1844596 kB
MemFree:          184672 kB
MemAvailable:    1409980 kB
Buffers:           92160 kB
Cached:          1162288 kB
MemTotal:        1844596 kB
MemFree:          184672 kB
MemAvailable:    1409980 kB
Buffers:           92160 kB
Cached:          1162288 kB
MemTotal:        1844596 kB
MemFree:          184436 kB
MemAvailable:    1409744 kB
Buffers:           92160 kB
Cached:          1162288 kB
MemTotal:        1844596 kB
MemFree:          183576 kB
MemAvailable:    1408884 kB
Buffers:           92160 kB
Cached:          1162288 kB
MemTotal:        1844596 kB
MemFree:          184892 kB
MemAvailable:    1410204 kB
Buffers:           92160 kB
Cached:          1162292 kB
MemTotal:        1844596 kB
MemFree:          183568 kB
MemAvailable:    1408880 kB
Buffers:           92160 kB
Cached:          1162292 kB
MemTotal:        1844596 kB
MemFree:          184744 kB
MemAvailable:    1410056 kB
Buffers:           92160 kB
Cached:          1162292 kB
MemTotal:        1844596 kB
MemFree:          183436 kB
MemAvailable:    1408748 kB
Buffers:           92160 kB
Cached:          1162292 kB
MemTotal:        1844596 kB
MemFree:          184560 kB
MemAvailable:    1409872 kB
Buffers:           92160 kB
Cached:          1162292 kB
MemTotal:        1844596 kB
MemFree:          184620 kB
MemAvailable:    1409932 kB
Buffers:           92160 kB
Cached:          1162292 kB
MemTotal:        1844596 kB
MemFree:          184672 kB
MemAvailable:    1409984 kB
Buffers:           92160 kB
Cached:          1162292 kB
MemTotal:        1844596 kB
MemFree:          183308 kB
MemAvailable:    1408620 kB
Buffers:           92160 kB
Cached:          1162292 kB
MemTotal:        1844596 kB
MemFree:          184672 kB
MemAvailable:    1409984 kB
Buffers:           92160 kB
Cached:          1162292 kB
MemTotal:        1844596 kB
MemFree:          183248 kB
MemAvailable:    1408560 kB
Buffers:           92160 kB
Cached:          1162292 kB
MemTotal:        1844596 kB
MemFree:          179972 kB
MemAvailable:    1405284 kB
Buffers:           92160 kB
Cached:          1162292 kB
MemTotal:        1844596 kB
MemFree:          176624 kB
MemAvailable:    1401936 kB
Buffers:           92160 kB
Cached:          1162292 kB
MemTotal:        1844596 kB
MemFree:          171284 kB
MemAvailable:    1396596 kB
Buffers:           92160 kB
Cached:          1162292 kB
MemTotal:        1844596 kB
MemFree:          170804 kB
MemAvailable:    1396116 kB
Buffers:           92160 kB
Cached:          1162292 kB
MemTotal:        1844596 kB
MemFree:          167076 kB
MemAvailable:    1392388 kB
Buffers:           92160 kB
Cached:          1162292 kB
MemTotal:        1844596 kB
MemFree:          167012 kB
MemAvailable:    1392324 kB
Buffers:           92160 kB
Cached:          1162292 kB
MemTotal:        1844596 kB
MemFree:          165960 kB
MemAvailable:    1391272 kB
Buffers:           92160 kB
Cached:          1162292 kB
MemTotal:        1844596 kB
MemFree:          166688 kB
MemAvailable:    1392000 kB
Buffers:           92160 kB
Cached:          1162292 kB
MemTotal:        1844596 kB
MemFree:          167024 kB
MemAvailable:    1392336 kB
Buffers:           92160 kB
Cached:          1162292 kB
MemTotal:        1844596 kB
MemFree:          165588 kB
MemAvailable:    1390900 kB
Buffers:           92160 kB
Cached:          1162292 kB
MemTotal:        1844596 kB
MemFree:          166772 kB
MemAvailable:    1392084 kB
Buffers:           92160 kB
Cached:          1162292 kB
MemTotal:        1844596 kB
MemFree:          166856 kB
MemAvailable:    1392168 kB
Buffers:           92160 kB
Cached:          1162292 kB
MemTotal:        1844596 kB
MemFree:          165448 kB
MemAvailable:    1390760 kB
Buffers:           92160 kB
Cached:          1162292 kB
MemTotal:        1844596 kB
MemFree:          165696 kB
MemAvailable:    1391008 kB
Buffers:           92160 kB
Cached:          1162292 kB
MemTotal:        1844596 kB
MemFree:          166812 kB
MemAvailable:    1392124 kB
Buffers:           92160 kB
Cached:          1162292 kB
MemTotal:        1844596 kB
MemFree:          166812 kB
MemAvailable:    1392124 kB
Buffers:           92160 kB
Cached:          1162292 kB
MemTotal:        1844596 kB
MemFree:          166888 kB
MemAvailable:    1392200 kB
Buffers:           92160 kB
Cached:          1162292 kB
MemTotal:        1844596 kB
MemFree:          166464 kB
MemAvailable:    1391776 kB
Buffers:           92160 kB
Cached:          1162292 kB
MemTotal:        1844596 kB
MemFree:          166832 kB
MemAvailable:    1392144 kB
Buffers:           92160 kB
Cached:          1162292 kB
MemTotal:        1844596 kB
MemFree:          165784 kB
MemAvailable:    1391096 kB
Buffers:           92160 kB
Cached:          1162292 kB
MemTotal:        1844596 kB
MemFree:          166688 kB
MemAvailable:    1392000 kB
Buffers:           92160 kB
Cached:          1162292 kB
MemTotal:        1844596 kB
MemFree:          166688 kB
MemAvailable:    1392000 kB
Buffers:           92160 kB
Cached:          1162292 kB
MemTotal:        1844596 kB
MemFree:          166772 kB
MemAvailable:    1392084 kB
Buffers:           92160 kB
Cached:          1162292 kB
MemTotal:        1844596 kB
MemFree:          166012 kB
MemAvailable:    1391324 kB
Buffers:           92160 kB
Cached:          1162292 kB
MemTotal:        1844596 kB
MemFree:          164852 kB
MemAvailable:    1390164 kB
Buffers:           92160 kB
Cached:          1162292 kB
MemTotal:        1844596 kB
MemFree:          165884 kB
MemAvailable:    1391196 kB
Buffers:           92160 kB
Cached:          1162292 kB
MemTotal:        1844596 kB
MemFree:          166020 kB
MemAvailable:    1391332 kB
Buffers:           92160 kB
Cached:          1162292 kB
MemTotal:        1844596 kB
MemFree:          164532 kB
MemAvailable:    1389844 kB
Buffers:           92160 kB
Cached:          1162292 kB
MemTotal:        1844596 kB
MemFree:          164584 kB
MemAvailable:    1389896 kB
Buffers:           92160 kB
Cached:          1162292 kB
MemTotal:        1844596 kB
MemFree:          164696 kB
MemAvailable:    1390008 kB
Buffers:           92160 kB
Cached:          1162292 kB
MemTotal:        1844596 kB
MemFree:          164696 kB
MemAvailable:    1390008 kB
Buffers:           92160 kB
Cached:          1162292 kB
MemTotal:        1844596 kB
MemFree:          161300 kB
MemAvailable:    1386612 kB
Buffers:           92160 kB
Cached:          1162292 kB
MemTotal:        1844596 kB
MemFree:          158024 kB
MemAvailable:    1383336 kB
Buffers:           92160 kB
Cached:          1162292 kB
MemTotal:        1844596 kB
MemFree:          155668 kB
MemAvailable:    1380980 kB
Buffers:           92160 kB
Cached:          1162292 kB
MemTotal:        1844596 kB
MemFree:          153124 kB
MemAvailable:    1378436 kB
Buffers:           92160 kB
Cached:          1162292 kB
MemTotal:        1844596 kB
MemFree:          148964 kB
MemAvailable:    1374276 kB
Buffers:           92160 kB
Cached:          1162292 kB
MemTotal:        1844596 kB
MemFree:          148608 kB
MemAvailable:    1373920 kB
Buffers:           92160 kB
Cached:          1162292 kB
MemTotal:        1844596 kB
MemFree:          145128 kB
MemAvailable:    1370440 kB
Buffers:           92160 kB
Cached:          1162292 kB
MemTotal:        1844596 kB
MemFree:          142276 kB
MemAvailable:    1367588 kB
Buffers:           92160 kB
Cached:          1162292 kB
MemTotal:        1844596 kB
MemFree:          141160 kB
MemAvailable:    1366472 kB
Buffers:           92160 kB
Cached:          1162292 kB
MemTotal:        1844596 kB
MemFree:          138300 kB
MemAvailable:    1363612 kB
Buffers:           92160 kB
Cached:          1162292 kB
MemTotal:        1844596 kB
MemFree:          138308 kB
MemAvailable:    1363620 kB
Buffers:           92160 kB
Cached:          1162292 kB
MemTotal:        1844596 kB
MemFree:          135068 kB
MemAvailable:    1360380 kB
Buffers:           92160 kB
Cached:          1162292 kB
MemTotal:        1844596 kB
MemFree:          135404 kB
MemAvailable:    1360716 kB
Buffers:           92160 kB
Cached:          1162292 kB
MemTotal:        1844596 kB
MemFree:          134936 kB
MemAvailable:    1360248 kB
Buffers:           92160 kB
Cached:          1162292 kB
MemTotal:        1844596 kB
MemFree:          135272 kB
MemAvailable:    1360584 kB
Buffers:           92160 kB
Cached:          1162292 kB
MemTotal:        1844596 kB
MemFree:          133828 kB
MemAvailable:    1359140 kB
Buffers:           92160 kB
Cached:          1162292 kB
MemTotal:        1844596 kB
MemFree:          133828 kB
MemAvailable:    1359140 kB
Buffers:           92160 kB
Cached:          1162292 kB
MemTotal:        1844596 kB
MemFree:          135128 kB
MemAvailable:    1360440 kB
Buffers:           92160 kB
Cached:          1162292 kB
MemTotal:        1844596 kB
MemFree:          133952 kB
MemAvailable:    1359264 kB
Buffers:           92160 kB
Cached:          1162292 kB
MemTotal:        1844596 kB
MemFree:          134020 kB
MemAvailable:    1359332 kB
Buffers:           92160 kB
Cached:          1162292 kB
MemTotal:        1844596 kB
MemFree:          133836 kB
MemAvailable:    1359148 kB
Buffers:           92160 kB
Cached:          1162292 kB
MemTotal:        1844596 kB
MemFree:          133728 kB
MemAvailable:    1359040 kB
Buffers:           92160 kB
Cached:          1162292 kB
MemTotal:        1844596 kB
MemFree:          133796 kB
MemAvailable:    1359108 kB
Buffers:           92160 kB
Cached:          1162292 kB
MemTotal:        1844596 kB
MemFree:          132800 kB
MemAvailable:    1358112 kB
Buffers:           92160 kB
Cached:          1162292 kB
MemTotal:        1844596 kB
MemFree:          133888 kB
MemAvailable:    1359200 kB
Buffers:           92160 kB
Cached:          1162292 kB
MemTotal:        1844596 kB
MemFree:          133108 kB
MemAvailable:    1358420 kB
Buffers:           92160 kB
Cached:          1162292 kB
MemTotal:        1844596 kB
MemFree:          133532 kB
MemAvailable:    1358844 kB
Buffers:           92160 kB
Cached:          1162292 kB
MemTotal:        1844596 kB
MemFree:          133868 kB
MemAvailable:    1359180 kB
Buffers:           92160 kB
Cached:          1162292 kB
MemTotal:        1844596 kB
MemFree:          133208 kB
MemAvailable:    1358520 kB
Buffers:           92160 kB
Cached:          1162292 kB
MemTotal:        1844596 kB
MemFree:          133208 kB
MemAvailable:    1358520 kB
Buffers:           92160 kB
Cached:          1162292 kB
MemTotal:        1844596 kB
MemFree:          132464 kB
MemAvailable:    1357776 kB
Buffers:           92160 kB
Cached:          1162292 kB
MemTotal:        1844596 kB
MemFree:          131860 kB
MemAvailable:    1357172 kB
Buffers:           92160 kB
Cached:          1162292 kB
MemTotal:        1844596 kB
MemFree:          131184 kB
MemAvailable:    1356496 kB
Buffers:           92160 kB
Cached:          1162292 kB
MemTotal:        1844596 kB
MemFree:          132036 kB
MemAvailable:    1357348 kB
Buffers:           92160 kB
Cached:          1162292 kB
MemTotal:        1844596 kB
MemFree:          130984 kB
MemAvailable:    1356296 kB
Buffers:           92160 kB
Cached:          1162292 kB
MemTotal:        1844596 kB
MemFree:          131124 kB
MemAvailable:    1356436 kB
Buffers:           92160 kB
Cached:          1162292 kB
MemTotal:        1844596 kB
MemFree:          130812 kB
MemAvailable:    1356124 kB
Buffers:           92160 kB
Cached:          1162292 kB
MemTotal:        1844596 kB
MemFree:          131064 kB
MemAvailable:    1356376 kB
Buffers:           92160 kB
Cached:          1162292 kB
MemTotal:        1844596 kB
MemFree:          129496 kB
MemAvailable:    1354808 kB
Buffers:           92160 kB
Cached:          1162292 kB
MemTotal:        1844596 kB
MemFree:          129704 kB
MemAvailable:    1355016 kB
Buffers:           92160 kB
Cached:          1162292 kB
MemTotal:        1844596 kB
MemFree:          130872 kB
MemAvailable:    1356184 kB
Buffers:           92160 kB
Cached:          1162292 kB
MemTotal:        1844596 kB
MemFree:          129740 kB
MemAvailable:    1355052 kB
Buffers:           92160 kB
Cached:          1162292 kB
MemTotal:        1844596 kB
MemFree:          130912 kB
MemAvailable:    1356224 kB
Buffers:           92160 kB
Cached:          1162292 kB
MemTotal:        1844596 kB
MemFree:          130132 kB
MemAvailable:    1355444 kB
Buffers:           92160 kB
Cached:          1162292 kB
MemTotal:        1844596 kB
MemFree:          130728 kB
MemAvailable:    1356040 kB
Buffers:           92160 kB
Cached:          1162292 kB
MemTotal:        1844596 kB
MemFree:          130728 kB
MemAvailable:    1356040 kB
Buffers:           92160 kB
Cached:          1162292 kB
MemTotal:        1844596 kB
MemFree:          130740 kB
MemAvailable:    1356052 kB
Buffers:           92160 kB
Cached:          1162292 kB
MemTotal:        1844596 kB
MemFree:          129608 kB
MemAvailable:    1354920 kB
Buffers:           92160 kB
Cached:          1162292 kB
MemTotal:        1844596 kB
MemFree:          130820 kB
MemAvailable:    1356144 kB
Buffers:           92160 kB
Cached:          1162304 kB
MemTotal:        1844596 kB
MemFree:          131076 kB
MemAvailable:    1356400 kB
Buffers:           92160 kB
Cached:          1162304 kB
MemTotal:        1844596 kB
MemFree:          130820 kB
MemAvailable:    1356144 kB
Buffers:           92160 kB
Cached:          1162304 kB
MemTotal:        1844596 kB
MemFree:          130752 kB
MemAvailable:    1356076 kB
Buffers:           92160 kB
Cached:          1162304 kB
MemTotal:        1844596 kB
MemFree:          130820 kB
MemAvailable:    1356144 kB
Buffers:           92160 kB
Cached:          1162304 kB
MemTotal:        1844596 kB
MemFree:          130876 kB
MemAvailable:    1356200 kB
Buffers:           92160 kB
Cached:          1162304 kB
MemTotal:        1844596 kB
MemFree:          130720 kB
MemAvailable:    1356044 kB
Buffers:           92160 kB
Cached:          1162304 kB
MemTotal:        1844596 kB
MemFree:          129628 kB
MemAvailable:    1354952 kB
Buffers:           92160 kB
Cached:          1162304 kB
MemTotal:        1844596 kB
MemFree:          130772 kB
MemAvailable:    1356096 kB
Buffers:           92160 kB
Cached:          1162304 kB
MemTotal:        1844596 kB
MemFree:          130944 kB
MemAvailable:    1356268 kB
Buffers:           92160 kB
Cached:          1162304 kB
MemTotal:        1844596 kB
MemFree:          130604 kB
MemAvailable:    1355928 kB
Buffers:           92160 kB
Cached:          1162304 kB
MemTotal:        1844596 kB
MemFree:          130772 kB
MemAvailable:    1356096 kB
Buffers:           92160 kB
Cached:          1162304 kB
MemTotal:        1844596 kB
MemFree:          130736 kB
MemAvailable:    1356060 kB
Buffers:           92160 kB
Cached:          1162304 kB
MemTotal:        1844596 kB
MemFree:          130752 kB
MemAvailable:    1356076 kB
Buffers:           92160 kB
Cached:          1162304 kB
MemTotal:        1844596 kB
MemFree:          129580 kB
MemAvailable:    1354904 kB
Buffers:           92160 kB
Cached:          1162304 kB
MemTotal:        1844596 kB
MemFree:          130880 kB
MemAvailable:    1356204 kB
Buffers:           92160 kB
Cached:          1162304 kB
MemTotal:        1844596 kB
MemFree:          129700 kB
MemAvailable:    1355024 kB
Buffers:           92160 kB
Cached:          1162304 kB
MemTotal:        1844596 kB
MemFree:          130852 kB
MemAvailable:    1356176 kB
Buffers:           92160 kB
Cached:          1162304 kB
MemTotal:        1844596 kB
MemFree:          130000 kB
MemAvailable:    1355324 kB
Buffers:           92160 kB
Cached:          1162304 kB
MemTotal:        1844596 kB
MemFree:          130976 kB
MemAvailable:    1356300 kB
Buffers:           92160 kB
Cached:          1162304 kB
MemTotal:        1844596 kB
MemFree:          130976 kB
MemAvailable:    1356300 kB
Buffers:           92160 kB
Cached:          1162304 kB
MemTotal:        1844596 kB
MemFree:          129364 kB
MemAvailable:    1354688 kB
Buffers:           92160 kB
Cached:          1162304 kB
MemTotal:        1844596 kB
MemFree:          130788 kB
MemAvailable:    1356112 kB
Buffers:           92160 kB
Cached:          1162304 kB
MemTotal:        1844596 kB
MemFree:          129612 kB
MemAvailable:    1354936 kB
Buffers:           92160 kB
Cached:          1162304 kB
MemTotal:        1844596 kB
MemFree:          130480 kB
MemAvailable:    1355804 kB
Buffers:           92160 kB
Cached:          1162304 kB
MemTotal:        1844596 kB
MemFree:          130480 kB
MemAvailable:    1355804 kB
Buffers:           92160 kB
Cached:          1162304 kB
MemTotal:        1844596 kB
MemFree:          127272 kB
MemAvailable:    1352596 kB
Buffers:           92160 kB
Cached:          1162304 kB
MemTotal:        1844596 kB
MemFree:          128204 kB
MemAvailable:    1353528 kB
Buffers:           92160 kB
Cached:          1162304 kB
MemTotal:        1844596 kB
MemFree:          123304 kB
MemAvailable:    1348628 kB
Buffers:           92160 kB
Cached:          1162304 kB
MemTotal:        1844596 kB
MemFree:          123172 kB
MemAvailable:    1348496 kB
Buffers:           92160 kB
Cached:          1162304 kB
MemTotal:        1844596 kB
MemFree:          124148 kB
MemAvailable:    1349472 kB
Buffers:           92160 kB
Cached:          1162304 kB
MemTotal:        1844596 kB
MemFree:          124232 kB
MemAvailable:    1349556 kB
Buffers:           92160 kB
Cached:          1162304 kB
MemTotal:        1844596 kB
MemFree:          124020 kB
MemAvailable:    1349344 kB
Buffers:           92160 kB
Cached:          1162304 kB
MemTotal:        1844596 kB
MemFree:          124172 kB
MemAvailable:    1349496 kB
Buffers:           92160 kB
Cached:          1162304 kB
MemTotal:        1844596 kB
MemFree:          124160 kB
MemAvailable:    1349484 kB
Buffers:           92160 kB
Cached:          1162304 kB
MemTotal:        1844596 kB
MemFree:          124048 kB
MemAvailable:    1349372 kB
Buffers:           92160 kB
Cached:          1162304 kB
MemTotal:        1844596 kB
MemFree:          124032 kB
MemAvailable:    1349356 kB
Buffers:           92160 kB
Cached:          1162304 kB
MemTotal:        1844596 kB
MemFree:          124284 kB
MemAvailable:    1349608 kB
Buffers:           92160 kB
Cached:          1162304 kB
MemTotal:        1844596 kB
MemFree:          124044 kB
MemAvailable:    1349368 kB
Buffers:           92160 kB
Cached:          1162304 kB
MemTotal:        1844596 kB
MemFree:          124172 kB
MemAvailable:    1349496 kB
Buffers:           92160 kB
Cached:          1162304 kB
MemTotal:        1844596 kB
MemFree:          123312 kB
MemAvailable:    1348636 kB
Buffers:           92164 kB
Cached:          1162300 kB
MemTotal:        1844596 kB
MemFree:          123784 kB
MemAvailable:    1349196 kB
Buffers:           92164 kB
Cached:          1162428 kB
MemTotal:        1844596 kB
MemFree:          124120 kB
MemAvailable:    1349532 kB
Buffers:           92164 kB
Cached:          1162428 kB
MemTotal:        1844596 kB
MemFree:          123844 kB
MemAvailable:    1349508 kB
Buffers:           92164 kB
Cached:          1162676 kB
MemTotal:        1844596 kB
MemFree:          123528 kB
MemAvailable:    1349360 kB
Buffers:           92164 kB
Cached:          1162800 kB
MemTotal:        1844596 kB
MemFree:          123684 kB
MemAvailable:    1349516 kB
Buffers:           92164 kB
Cached:          1162800 kB
MemTotal:        1844596 kB
MemFree:          122180 kB
MemAvailable:    1348096 kB
Buffers:           92164 kB
Cached:          1162924 kB
MemTotal:        1844596 kB
MemFree:          122008 kB
MemAvailable:    1347924 kB
Buffers:           92164 kB
Cached:          1162924 kB
MemTotal:        1844596 kB
MemFree:          123240 kB
MemAvailable:    1349156 kB
Buffers:           92164 kB
Cached:          1162924 kB
MemTotal:        1844596 kB
MemFree:          123496 kB
MemAvailable:    1349412 kB
Buffers:           92164 kB
Cached:          1162924 kB
MemTotal:        1844596 kB
MemFree:          122000 kB
MemAvailable:    1347916 kB
Buffers:           92164 kB
Cached:          1162924 kB
MemTotal:        1844596 kB
MemFree:          123300 kB
MemAvailable:    1349216 kB
Buffers:           92164 kB
Cached:          1162924 kB
MemTotal:        1844596 kB
MemFree:          122444 kB
MemAvailable:    1348360 kB
Buffers:           92164 kB
Cached:          1162924 kB
MemTotal:        1844596 kB
MemFree:          123040 kB
MemAvailable:    1348956 kB
Buffers:           92164 kB
Cached:          1163048 kB
MemTotal:        1844596 kB
MemFree:          123376 kB
MemAvailable:    1349292 kB
Buffers:           92164 kB
Cached:          1163048 kB
MemTotal:        1844596 kB
MemFree:          122900 kB
MemAvailable:    1348228 kB
Buffers:           92164 kB
Cached:          1162292 kB
MemTotal:        1844596 kB
MemFree:          122848 kB
MemAvailable:    1348176 kB
Buffers:           92164 kB
Cached:          1162292 kB
MemTotal:        1844596 kB
MemFree:          279048 kB
MemAvailable:    1504376 kB
Buffers:           92164 kB
Cached:          1162292 kB
MemTotal:        1844596 kB
MemFree:          318924 kB
MemAvailable:    1544252 kB
Buffers:           92164 kB
Cached:          1162292 kB
