MemTotal:        1844596 kB
MemFree:          805456 kB
MemAvailable:    1546000 kB
Buffers:           87124 kB
Cached:           681432 kB
MemTotal:        1844596 kB
MemFree:          778136 kB
MemAvailable:    1518688 kB
Buffers:           87124 kB
Cached:           681436 kB
MemTotal:        1844596 kB
MemFree:          776844 kB
MemAvailable:    1517396 kB
Buffers:           87124 kB
Cached:           681436 kB
MemTotal:        1844596 kB
MemFree:          777192 kB
MemAvailable:    1517744 kB
Buffers:           87124 kB
Cached:           681436 kB
MemTotal:        1844596 kB
MemFree:          777528 kB
MemAvailable:    1518080 kB
Buffers:           87124 kB
Cached:           681436 kB
MemTotal:        1844596 kB
MemFree:          773364 kB
MemAvailable:    1513916 kB
Buffers:           87124 kB
Cached:           681436 kB
MemTotal:        1844596 kB
MemFree:          773488 kB
MemAvailable:    1514040 kB
Buffers:           87124 kB
Cached:           681436 kB
MemTotal:        1844596 kB
MemFree:          771008 kB
MemAvailable:    1511560 kB
Buffers:           87124 kB
Cached:           681436 kB
MemTotal:        1844596 kB
MemFree:          768032 kB
MemAvailable:    1508584 kB
Buffers:           87124 kB
Cached:           681436 kB
MemTotal:        1844596 kB
MemFree:          766792 kB
MemAvailable:    1507344 kB
Buffers:           87124 kB
Cached:           681436 kB
MemTotal:        1844596 kB
MemFree:          765720 kB
MemAvailable:    1506272 kB
Buffers:           87124 kB
Cached:           681436 kB
MemTotal:        1844596 kB
MemFree:          765852 kB
MemAvailable:    1506404 kB
Buffers:           87124 kB
Cached:           681436 kB
MemTotal:        1844596 kB
MemFree:          765660 kB
MemAvailable:    1506212 kB
Buffers:           87124 kB
Cached:           681436 kB
MemTotal:        1844596 kB
MemFree:          765428 kB
MemAvailable:    1505980 kB
Buffers:           87124 kB
Cached:           681436 kB
MemTotal:        1844596 kB
MemFree:          765672 kB
MemAvailable:    1506224 kB
Buffers:           87124 kB
Cached:           681436 kB
MemTotal:        1844596 kB
MemFree:          764372 kB
MemAvailable:    1504924 kB
Buffers:           87124 kB
Cached:           681436 kB
MemTotal:        1844596 kB
MemFree:          765164 kB
MemAvailable:    1505716 kB
Buffers:           87124 kB
Cached:           681436 kB
MemTotal:        1844596 kB
MemFree:          765304 kB
MemAvailable:    1505856 kB
Buffers:           87124 kB
Cached:           681436 kB
MemTotal:        1844596 kB
MemFree:          765028 kB
MemAvailable:    1505580 kB
Buffers:           87124 kB
Cached:           681436 kB
MemTotal:        1844596 kB
MemFree:          765056 kB
MemAvailable:    1505608 kB
Buffers:           87124 kB
Cached:           681436 kB
MemTotal:        1844596 kB
MemFree:          763928 kB
MemAvailable:    1504480 kB
Buffers:           87124 kB
Cached:           681436 kB
MemTotal:        1844596 kB
MemFree:          765036 kB
MemAvailable:    1505588 kB
Buffers:           87124 kB
Cached:           681436 kB
MemTotal:        1844596 kB
MemFree:          765036 kB
MemAvailable:    1505588 kB
Buffers:           87124 kB
Cached:           681436 kB
MemTotal:        1844596 kB
MemFree:          764668 kB
MemAvailable:    1505220 kB
Buffers:           87124 kB
Cached:           681436 kB
MemTotal:        1844596 kB
MemFree:          764188 kB
MemAvailable:    1504740 kB
Buffers:           87124 kB
Cached:           681436 kB
MemTotal:        1844596 kB
MemFree:          764240 kB
MemAvailable:    1504792 kB
Buffers:           87124 kB
Cached:           681436 kB
MemTotal:        1844596 kB
MemFree:          764576 kB
MemAvailable:    1505128 kB
Buffers:           87124 kB
Cached:           681436 kB
MemTotal:        1844596 kB
MemFree:          764252 kB
MemAvailable:    1504804 kB
Buffers:           87124 kB
Cached:           681436 kB
MemTotal:        1844596 kB
MemFree:          763792 kB
MemAvailable:    1504344 kB
Buffers:           87124 kB
Cached:           681436 kB
MemTotal:        1844596 kB
MemFree:          762432 kB
MemAvailable:    1502984 kB
Buffers:           87124 kB
Cached:           681436 kB
MemTotal:        1844596 kB
MemFree:          763320 kB
MemAvailable:    1503872 kB
Buffers:           87124 kB
Cached:           681436 kB
MemTotal:        1844596 kB
MemFree:          762644 kB
MemAvailable:    1503196 kB
Buffers:           87124 kB
Cached:           681436 kB
MemTotal:        1844596 kB
MemFree:          762080 kB
MemAvailable:    1502632 kB
Buffers:           87124 kB
Cached:           681436 kB
MemTotal:        1844596 kB
MemFree:          762632 kB
MemAvailable:    1503184 kB
Buffers:           87124 kB
Cached:           681436 kB
MemTotal:        1844596 kB
MemFree:          762632 kB
MemAvailable:    1503184 kB
Buffers:           87124 kB
Cached:           681436 kB
MemTotal:        1844596 kB
MemFree:          761320 kB
MemAvailable:    1501872 kB
Buffers:           87124 kB
Cached:           681436 kB
MemTotal:        1844596 kB
MemFree:          762692 kB
MemAvailable:    1503244 kB
Buffers:           87124 kB
Cached:           681436 kB
MemTotal:        1844596 kB
MemFree:          762692 kB
MemAvailable:    1503244 kB
Buffers:           87124 kB
Cached:           681436 kB
MemTotal:        1844596 kB
MemFree:          762652 kB
MemAvailable:    1503204 kB
Buffers:           87124 kB
Cached:           681436 kB
MemTotal:        1844596 kB
MemFree:          761656 kB
MemAvailable:    1502208 kB
Buffers:           87124 kB
Cached:           681436 kB
MemTotal:        1844596 kB
MemFree:          762744 kB
MemAvailable:    1503296 kB
Buffers:           87124 kB
Cached:           681436 kB
MemTotal:        1844596 kB
MemFree:          759972 kB
MemAvailable:    1500524 kB
Buffers:           87124 kB
Cached:           681436 kB
MemTotal:        1844596 kB
MemFree:          759476 kB
MemAvailable:    1500028 kB
Buffers:           87124 kB
Cached:           681436 kB
MemTotal:        1844596 kB
MemFree:          757492 kB
MemAvailable:    1498044 kB
Buffers:           87124 kB
Cached:           681436 kB
MemTotal:        1844596 kB
MemFree:          757616 kB
MemAvailable:    1498168 kB
Buffers:           87124 kB
Cached:           681436 kB
MemTotal:        1844596 kB
MemFree:          756500 kB
MemAvailable:    1497052 kB
Buffers:           87124 kB
Cached:           681436 kB
MemTotal:        1844596 kB
MemFree:          757224 kB
MemAvailable:    1497776 kB
Buffers:           87124 kB
Cached:           681436 kB
MemTotal:        1844596 kB
MemFree:          757480 kB
MemAvailable:    1498032 kB
Buffers:           87124 kB
Cached:           681436 kB
MemTotal:        1844596 kB
MemFree:          757224 kB
MemAvailable:    1497776 kB
Buffers:           87124 kB
Cached:           681436 kB
MemTotal:        1844596 kB
MemFree:          757432 kB
MemAvailable:    1497984 kB
Buffers:           87124 kB
Cached:           681436 kB
MemTotal:        1844596 kB
MemFree:          756128 kB
MemAvailable:    1496680 kB
Buffers:           87124 kB
Cached:           681436 kB
MemTotal:        1844596 kB
MemFree:          757120 kB
MemAvailable:    1497672 kB
Buffers:           87124 kB
Cached:           681436 kB
MemTotal:        1844596 kB
MemFree:          755880 kB
MemAvailable:    1496432 kB
Buffers:           87124 kB
Cached:           681436 kB
MemTotal:        1844596 kB
MemFree:          756732 kB
MemAvailable:    1497284 kB
Buffers:           87124 kB
Cached:           681436 kB
MemTotal:        1844596 kB
MemFree:          756732 kB
MemAvailable:    1497284 kB
Buffers:           87124 kB
Cached:           681436 kB
MemTotal:        1844596 kB
MemFree:          756920 kB
MemAvailable:    1497472 kB
Buffers:           87124 kB
Cached:           681436 kB
MemTotal:        1844596 kB
MemFree:          755736 kB
MemAvailable:    1496288 kB
Buffers:           87124 kB
Cached:           681436 kB
MemTotal:        1844596 kB
MemFree:          756936 kB
MemAvailable:    1497488 kB
Buffers:           87124 kB
Cached:           681436 kB
MemTotal:        1844596 kB
MemFree:          755632 kB
MemAvailable:    1496184 kB
Buffers:           87124 kB
Cached:           681436 kB
MemTotal:        1844596 kB
MemFree:          751276 kB
MemAvailable:    1491828 kB
Buffers:           87124 kB
Cached:           681436 kB
MemTotal:        1844596 kB
MemFree:          751276 kB
MemAvailable:    1491828 kB
Buffers:           87124 kB
Cached:           681436 kB
MemTotal:        1844596 kB
MemFree:          750780 kB
MemAvailable:    1491332 kB
Buffers:           87124 kB
Cached:           681436 kB
MemTotal:        1844596 kB
MemFree:          749532 kB
MemAvailable:    1490084 kB
Buffers:           87124 kB
Cached:           681436 kB
MemTotal:        1844596 kB
MemFree:          749300 kB
MemAvailable:    1489852 kB
Buffers:           87124 kB
Cached:           681436 kB
MemTotal:        1844596 kB
MemFree:          748764 kB
MemAvailable:    1489316 kB
Buffers:           87124 kB
Cached:           681436 kB
MemTotal:        1844596 kB
MemFree:          748696 kB
MemAvailable:    1489248 kB
Buffers:           87124 kB
Cached:           681436 kB
MemTotal:        1844596 kB
MemFree:          747316 kB
MemAvailable:    1487868 kB
Buffers:           87124 kB
Cached:           681436 kB
MemTotal:        1844596 kB
MemFree:          747324 kB
MemAvailable:    1487876 kB
Buffers:           87124 kB
Cached:           681436 kB
MemTotal:        1844596 kB
MemFree:          747324 kB
MemAvailable:    1487876 kB
Buffers:           87124 kB
Cached:           681436 kB
MemTotal:        1844596 kB
MemFree:          748308 kB
MemAvailable:    1488860 kB
Buffers:           87124 kB
Cached:           681436 kB
MemTotal:        1844596 kB
MemFree:          747076 kB
MemAvailable:    1487628 kB
Buffers:           87124 kB
Cached:           681436 kB
MemTotal:        1844596 kB
MemFree:          748008 kB
MemAvailable:    1488560 kB
Buffers:           87124 kB
Cached:           681436 kB
MemTotal:        1844596 kB
MemFree:          748260 kB
MemAvailable:    1488812 kB
Buffers:           87124 kB
Cached:           681436 kB
MemTotal:        1844596 kB
MemFree:          748072 kB
MemAvailable:    1488624 kB
Buffers:           87124 kB
Cached:           681436 kB
MemTotal:        1844596 kB
MemFree:          747924 kB
MemAvailable:    1488476 kB
Buffers:           87124 kB
Cached:           681436 kB
MemTotal:        1844596 kB
MemFree:          748060 kB
MemAvailable:    1488612 kB
Buffers:           87124 kB
Cached:           681436 kB
MemTotal:        1844596 kB
MemFree:          746780 kB
MemAvailable:    1487332 kB
Buffers:           87124 kB
Cached:           681436 kB
MemTotal:        1844596 kB
MemFree:          748072 kB
MemAvailable:    1488624 kB
Buffers:           87124 kB
Cached:           681436 kB
MemTotal:        1844596 kB
MemFree:          748012 kB
MemAvailable:    1488564 kB
Buffers:           87124 kB
Cached:           681436 kB
MemTotal:        1844596 kB
MemFree:          747704 kB
MemAvailable:    1488256 kB
Buffers:           87124 kB
Cached:           681436 kB
MemTotal:        1844596 kB
MemFree:          747812 kB
MemAvailable:    1488364 kB
Buffers:           87124 kB
Cached:           681436 kB
MemTotal:        1844596 kB
MemFree:          748064 kB
MemAvailable:    1488616 kB
Buffers:           87124 kB
Cached:           681436 kB
MemTotal:        1844596 kB
MemFree:          747772 kB
MemAvailable:    1488324 kB
Buffers:           87124 kB
Cached:           681436 kB
MemTotal:        1844596 kB
MemFree:          746692 kB
MemAvailable:    1487244 kB
Buffers:           87124 kB
Cached:           681436 kB
MemTotal:        1844596 kB
MemFree:          747868 kB
MemAvailable:    1488420 kB
Buffers:           87124 kB
Cached:           681436 kB
MemTotal:        1844596 kB
MemFree:          748056 kB
MemAvailable:    1488608 kB
Buffers:           87124 kB
Cached:           681436 kB
MemTotal:        1844596 kB
MemFree:          744720 kB
MemAvailable:    1485272 kB
Buffers:           87124 kB
Cached:           681436 kB
MemTotal:        1844596 kB
MemFree:          742984 kB
MemAvailable:    1483536 kB
Buffers:           87124 kB
Cached:           681436 kB
MemTotal:        1844596 kB
MemFree:          740752 kB
MemAvailable:    1481304 kB
Buffers:           87124 kB
Cached:           681436 kB
MemTotal:        1844596 kB
MemFree:          738760 kB
MemAvailable:    1479312 kB
Buffers:           87124 kB
Cached:           681436 kB
MemTotal:        1844596 kB
MemFree:          739752 kB
MemAvailable:    1480304 kB
Buffers:           87124 kB
Cached:           681436 kB
MemTotal:        1844596 kB
MemFree:          739752 kB
MemAvailable:    1480304 kB
Buffers:           87124 kB
Cached:           681436 kB
MemTotal:        1844596 kB
MemFree:          739464 kB
MemAvailable:    1480016 kB
Buffers:           87124 kB
Cached:           681436 kB
MemTotal:        1844596 kB
MemFree:          739436 kB
MemAvailable:    1479988 kB
Buffers:           87124 kB
Cached:           681436 kB
MemTotal:        1844596 kB
MemFree:          738148 kB
MemAvailable:    1478700 kB
Buffers:           87124 kB
Cached:           681436 kB
MemTotal:        1844596 kB
MemFree:          738016 kB
MemAvailable:    1478572 kB
Buffers:           87124 kB
Cached:           681440 kB
MemTotal:        1844596 kB
MemFree:          739380 kB
MemAvailable:    1479936 kB
Buffers:           87124 kB
Cached:           681440 kB
MemTotal:        1844596 kB
MemFree:          737892 kB
MemAvailable:    1478448 kB
Buffers:           87124 kB
Cached:           681440 kB
MemTotal:        1844596 kB
MemFree:          739256 kB
MemAvailable:    1479812 kB
Buffers:           87124 kB
Cached:           681440 kB
MemTotal:        1844596 kB
MemFree:          739120 kB
MemAvailable:    1479676 kB
Buffers:           87124 kB
Cached:           681440 kB
MemTotal:        1844596 kB
MemFree:          739148 kB
MemAvailable:    1479704 kB
Buffers:           87124 kB
Cached:           681440 kB
MemTotal:        1844596 kB
MemFree:          737768 kB
MemAvailable:    1478324 kB
Buffers:           87124 kB
Cached:           681440 kB
MemTotal:        1844596 kB
MemFree:          739044 kB
MemAvailable:    1479600 kB
Buffers:           87124 kB
Cached:           681440 kB
MemTotal:        1844596 kB
MemFree:          739044 kB
MemAvailable:    1479600 kB
Buffers:           87124 kB
Cached:           681440 kB
MemTotal:        1844596 kB
MemFree:          737844 kB
MemAvailable:    1478400 kB
Buffers:           87124 kB
Cached:           681440 kB
MemTotal:        1844596 kB
MemFree:          737852 kB
MemAvailable:    1478416 kB
Buffers:           87124 kB
Cached:           681448 kB
MemTotal:        1844596 kB
MemFree:          739176 kB
MemAvailable:    1479740 kB
Buffers:           87124 kB
Cached:           681448 kB
MemTotal:        1844596 kB
MemFree:          738272 kB
MemAvailable:    1478836 kB
Buffers:           87124 kB
Cached:           681448 kB
MemTotal:        1844596 kB
MemFree:          739556 kB
MemAvailable:    1480120 kB
Buffers:           87124 kB
Cached:           681448 kB
MemTotal:        1844596 kB
MemFree:          738272 kB
MemAvailable:    1478836 kB
Buffers:           87124 kB
Cached:           681448 kB
MemTotal:        1844596 kB
MemFree:          739472 kB
MemAvailable:    1480036 kB
Buffers:           87124 kB
Cached:           681448 kB
MemTotal:        1844596 kB
MemFree:          738148 kB
MemAvailable:    1478712 kB
Buffers:           87124 kB
Cached:           681448 kB
MemTotal:        1844596 kB
MemFree:          739264 kB
MemAvailable:    1479828 kB
Buffers:           87124 kB
Cached:           681448 kB
MemTotal:        1844596 kB
MemFree:          738148 kB
MemAvailable:    1478712 kB
Buffers:           87124 kB
Cached:           681448 kB
MemTotal:        1844596 kB
MemFree:          738996 kB
MemAvailable:    1479560 kB
Buffers:           87124 kB
Cached:           681448 kB
MemTotal:        1844596 kB
MemFree:          739252 kB
MemAvailable:    1479816 kB
Buffers:           87124 kB
Cached:           681448 kB
MemTotal:        1844596 kB
MemFree:          739008 kB
MemAvailable:    1479572 kB
Buffers:           87124 kB
Cached:           681448 kB
MemTotal:        1844596 kB
MemFree:          739136 kB
MemAvailable:    1479700 kB
Buffers:           87124 kB
Cached:           681448 kB
MemTotal:        1844596 kB
MemFree:          737704 kB
MemAvailable:    1478268 kB
Buffers:           87124 kB
Cached:           681448 kB
MemTotal:        1844596 kB
MemFree:          738844 kB
MemAvailable:    1479408 kB
Buffers:           87124 kB
Cached:           681448 kB
MemTotal:        1844596 kB
MemFree:          739000 kB
MemAvailable:    1479564 kB
Buffers:           87124 kB
Cached:           681448 kB
MemTotal:        1844596 kB
MemFree:          737776 kB
MemAvailable:    1478340 kB
Buffers:           87124 kB
Cached:           681448 kB
MemTotal:        1844596 kB
MemFree:          739140 kB
MemAvailable:    1479704 kB
Buffers:           87124 kB
Cached:           681448 kB
MemTotal:        1844596 kB
MemFree:          739308 kB
MemAvailable:    1479872 kB
Buffers:           87124 kB
Cached:           681448 kB
MemTotal:        1844596 kB
MemFree:          737892 kB
MemAvailable:    1478456 kB
Buffers:           87124 kB
Cached:           681448 kB
MemTotal:        1844596 kB
MemFree:          739044 kB
MemAvailable:    1479608 kB
Buffers:           87124 kB
Cached:           681448 kB
MemTotal:        1844596 kB
MemFree:          739216 kB
MemAvailable:    1479780 kB
Buffers:           87124 kB
Cached:           681448 kB
MemTotal:        1844596 kB
MemFree:          736908 kB
MemAvailable:    1477472 kB
Buffers:           87124 kB
Cached:           681448 kB
MemTotal:        1844596 kB
MemFree:          734960 kB
MemAvailable:    1475524 kB
Buffers:           87124 kB
Cached:           681448 kB
MemTotal:        1844596 kB
MemFree:          733064 kB
MemAvailable:    1473628 kB
Buffers:           87124 kB
Cached:           681448 kB
MemTotal:        1844596 kB
MemFree:          728352 kB
MemAvailable:    1468916 kB
Buffers:           87124 kB
Cached:           681448 kB
MemTotal:        1844596 kB
MemFree:          727188 kB
MemAvailable:    1467752 kB
Buffers:           87124 kB
Cached:           681448 kB
MemTotal:        1844596 kB
MemFree:          728436 kB
MemAvailable:    1469000 kB
Buffers:           87124 kB
Cached:           681448 kB
MemTotal:        1844596 kB
MemFree:          727352 kB
MemAvailable:    1467916 kB
Buffers:           87124 kB
Cached:           681448 kB
MemTotal:        1844596 kB
MemFree:          728572 kB
MemAvailable:    1469140 kB
Buffers:           87124 kB
Cached:           681452 kB
MemTotal:        1844596 kB
MemFree:          727236 kB
MemAvailable:    1467804 kB
Buffers:           87124 kB
Cached:           681452 kB
MemTotal:        1844596 kB
MemFree:          728048 kB
MemAvailable:    1468616 kB
Buffers:           87124 kB
Cached:           681452 kB
MemTotal:        1844596 kB
MemFree:          728384 kB
MemAvailable:    1468952 kB
Buffers:           87124 kB
Cached:           681452 kB
MemTotal:        1844596 kB
MemFree:          728056 kB
MemAvailable:    1468624 kB
Buffers:           87124 kB
Cached:           681452 kB
MemTotal:        1844596 kB
MemFree:          726808 kB
MemAvailable:    1467376 kB
Buffers:           87124 kB
Cached:           681452 kB
MemTotal:        1844596 kB
MemFree:          726940 kB
MemAvailable:    1467508 kB
Buffers:           87124 kB
Cached:           681452 kB
MemTotal:        1844596 kB
MemFree:          728220 kB
MemAvailable:    1468788 kB
Buffers:           87124 kB
Cached:           681452 kB
MemTotal:        1844596 kB
MemFree:          728280 kB
MemAvailable:    1468848 kB
Buffers:           87124 kB
Cached:           681452 kB
MemTotal:        1844596 kB
MemFree:          726972 kB
MemAvailable:    1467540 kB
Buffers:           87124 kB
Cached:           681452 kB
MemTotal:        1844596 kB
MemFree:          728316 kB
MemAvailable:    1468884 kB
Buffers:           87124 kB
Cached:           681452 kB
MemTotal:        1844596 kB
MemFree:          727180 kB
MemAvailable:    1467748 kB
Buffers:           87124 kB
Cached:           681452 kB
MemTotal:        1844596 kB
MemFree:          728208 kB
MemAvailable:    1468776 kB
Buffers:           87124 kB
Cached:           681452 kB
MemTotal:        1844596 kB
MemFree:          728288 kB
MemAvailable:    1468856 kB
Buffers:           87124 kB
Cached:           681452 kB
MemTotal:        1844596 kB
MemFree:          727616 kB
MemAvailable:    1468184 kB
Buffers:           87124 kB
Cached:           681452 kB
MemTotal:        1844596 kB
MemFree:          728684 kB
MemAvailable:    1469252 kB
Buffers:           87124 kB
Cached:           681452 kB
MemTotal:        1844596 kB
MemFree:          727484 kB
MemAvailable:    1468052 kB
Buffers:           87124 kB
Cached:           681452 kB
MemTotal:        1844596 kB
MemFree:          728048 kB
MemAvailable:    1468616 kB
Buffers:           87124 kB
Cached:           681452 kB
MemTotal:        1844596 kB
MemFree:          728384 kB
MemAvailable:    1468952 kB
Buffers:           87124 kB
Cached:           681452 kB
MemTotal:        1844596 kB
MemFree:          728180 kB
MemAvailable:    1468748 kB
Buffers:           87124 kB
Cached:           681452 kB
MemTotal:        1844596 kB
MemFree:          728180 kB
MemAvailable:    1468748 kB
Buffers:           87124 kB
Cached:           681452 kB
MemTotal:        1844596 kB
MemFree:          728220 kB
MemAvailable:    1468788 kB
Buffers:           87124 kB
Cached:           681452 kB
MemTotal:        1844596 kB
MemFree:          728472 kB
MemAvailable:    1469040 kB
Buffers:           87124 kB
Cached:           681452 kB
MemTotal:        1844596 kB
MemFree:          727112 kB
MemAvailable:    1467680 kB
Buffers:           87124 kB
Cached:           681452 kB
MemTotal:        1844596 kB
MemFree:          727104 kB
MemAvailable:    1467672 kB
Buffers:           87124 kB
Cached:           681452 kB
MemTotal:        1844596 kB
MemFree:          728280 kB
MemAvailable:    1468848 kB
Buffers:           87124 kB
Cached:           681452 kB
MemTotal:        1844596 kB
MemFree:          726980 kB
MemAvailable:    1467548 kB
Buffers:           87124 kB
Cached:           681452 kB
MemTotal:        1844596 kB
MemFree:          727104 kB
MemAvailable:    1467672 kB
Buffers:           87124 kB
Cached:           681452 kB
MemTotal:        1844596 kB
MemFree:          728040 kB
MemAvailable:    1468608 kB
Buffers:           87124 kB
Cached:           681452 kB
MemTotal:        1844596 kB
MemFree:          728208 kB
MemAvailable:    1468776 kB
Buffers:           87124 kB
Cached:           681452 kB
MemTotal:        1844596 kB
MemFree:          726940 kB
MemAvailable:    1467508 kB
Buffers:           87124 kB
Cached:           681452 kB
MemTotal:        1844596 kB
MemFree:          728220 kB
MemAvailable:    1468788 kB
Buffers:           87124 kB
Cached:           681452 kB
MemTotal:        1844596 kB
MemFree:          728472 kB
MemAvailable:    1469040 kB
Buffers:           87124 kB
Cached:           681452 kB
MemTotal:        1844596 kB
MemFree:          728096 kB
MemAvailable:    1468664 kB
Buffers:           87124 kB
Cached:           681452 kB
MemTotal:        1844596 kB
MemFree:          727964 kB
MemAvailable:    1468532 kB
Buffers:           87124 kB
Cached:           681452 kB
MemTotal:        1844596 kB
MemFree:          726684 kB
MemAvailable:    1467252 kB
Buffers:           87124 kB
Cached:           681452 kB
MemTotal:        1844596 kB
MemFree:          728048 kB
MemAvailable:    1468616 kB
Buffers:           87124 kB
Cached:           681452 kB
MemTotal:        1844596 kB
MemFree:          727100 kB
MemAvailable:    1467668 kB
Buffers:           87124 kB
Cached:           681452 kB
MemTotal:        1844596 kB
MemFree:          728180 kB
MemAvailable:    1468748 kB
Buffers:           87124 kB
Cached:           681452 kB
MemTotal:        1844596 kB
MemFree:          728436 kB
MemAvailable:    1469004 kB
Buffers:           87124 kB
Cached:           681452 kB
MemTotal:        1844596 kB
MemFree:          728048 kB
MemAvailable:    1468616 kB
Buffers:           87124 kB
Cached:           681452 kB
MemTotal:        1844596 kB
MemFree:          727608 kB
MemAvailable:    1468176 kB
Buffers:           87124 kB
Cached:           681452 kB
MemTotal:        1844596 kB
MemFree:          726852 kB
MemAvailable:    1467420 kB
Buffers:           87124 kB
Cached:           681452 kB
MemTotal:        1844596 kB
MemFree:          727112 kB
MemAvailable:    1467680 kB
Buffers:           87124 kB
Cached:           681452 kB
MemTotal:        1844596 kB
MemFree:          726988 kB
MemAvailable:    1467556 kB
Buffers:           87124 kB
Cached:           681452 kB
MemTotal:        1844596 kB
MemFree:          727732 kB
MemAvailable:    1468308 kB
Buffers:           87124 kB
Cached:           681460 kB
MemTotal:        1844596 kB
MemFree:          727484 kB
MemAvailable:    1468060 kB
Buffers:           87124 kB
Cached:           681460 kB
MemTotal:        1844596 kB
MemFree:          726112 kB
MemAvailable:    1466688 kB
Buffers:           87124 kB
Cached:           681460 kB
MemTotal:        1844596 kB
MemFree:          727108 kB
MemAvailable:    1467684 kB
Buffers:           87124 kB
Cached:           681460 kB
MemTotal:        1844596 kB
MemFree:          726252 kB
MemAvailable:    1466828 kB
Buffers:           87124 kB
Cached:           681460 kB
MemTotal:        1844596 kB
MemFree:          726972 kB
MemAvailable:    1467548 kB
Buffers:           87124 kB
Cached:           681460 kB
MemTotal:        1844596 kB
MemFree:          727056 kB
MemAvailable:    1467632 kB
Buffers:           87124 kB
Cached:           681460 kB
MemTotal:        1844596 kB
MemFree:          725692 kB
MemAvailable:    1466268 kB
Buffers:           87124 kB
Cached:           681460 kB
MemTotal:        1844596 kB
MemFree:          727160 kB
MemAvailable:    1467736 kB
Buffers:           87124 kB
Cached:           681460 kB
MemTotal:        1844596 kB
MemFree:          726252 kB
MemAvailable:    1466828 kB
Buffers:           87124 kB
Cached:           681460 kB
MemTotal:        1844596 kB
MemFree:          726676 kB
MemAvailable:    1467252 kB
Buffers:           87124 kB
Cached:           681460 kB
MemTotal:        1844596 kB
MemFree:          726200 kB
MemAvailable:    1466776 kB
Buffers:           87124 kB
Cached:           681460 kB
MemTotal:        1844596 kB
MemFree:          726776 kB
MemAvailable:    1467352 kB
Buffers:           87124 kB
Cached:           681460 kB
MemTotal:        1844596 kB
MemFree:          725468 kB
MemAvailable:    1466044 kB
Buffers:           87124 kB
Cached:           681460 kB
MemTotal:        1844596 kB
MemFree:          725468 kB
MemAvailable:    1466044 kB
Buffers:           87124 kB
Cached:           681460 kB
MemTotal:        1844596 kB
MemFree:          725476 kB
MemAvailable:    1466052 kB
Buffers:           87124 kB
Cached:           681460 kB
MemTotal:        1844596 kB
MemFree:          726584 kB
MemAvailable:    1467160 kB
Buffers:           87124 kB
Cached:           681460 kB
MemTotal:        1844596 kB
MemFree:          726528 kB
MemAvailable:    1467104 kB
Buffers:           87124 kB
Cached:           681460 kB
MemTotal:        1844596 kB
MemFree:          726740 kB
MemAvailable:    1467316 kB
Buffers:           87124 kB
Cached:           681460 kB
MemTotal:        1844596 kB
MemFree:          726464 kB
MemAvailable:    1467040 kB
Buffers:           87124 kB
Cached:           681460 kB
MemTotal:        1844596 kB
MemFree:          725232 kB
MemAvailable:    1465808 kB
Buffers:           87124 kB
Cached:           681460 kB
MemTotal:        1844596 kB
MemFree:          725736 kB
MemAvailable:    1466312 kB
Buffers:           87124 kB
Cached:           681460 kB
MemTotal:        1844596 kB
MemFree:          726592 kB
MemAvailable:    1467168 kB
Buffers:           87124 kB
Cached:           681460 kB
MemTotal:        1844596 kB
MemFree:          726844 kB
MemAvailable:    1467420 kB
Buffers:           87124 kB
Cached:           681460 kB
MemTotal:        1844596 kB
MemFree:          725240 kB
MemAvailable:    1465816 kB
Buffers:           87124 kB
Cached:           681460 kB
MemTotal:        1844596 kB
MemFree:          726604 kB
MemAvailable:    1467180 kB
Buffers:           87124 kB
Cached:           681460 kB
MemTotal:        1844596 kB
MemFree:          725108 kB
MemAvailable:    1465684 kB
Buffers:           87124 kB
Cached:           681460 kB
MemTotal:        1844596 kB
MemFree:          722028 kB
MemAvailable:    1462604 kB
Buffers:           87124 kB
Cached:           681460 kB
MemTotal:        1844596 kB
MemFree:          718308 kB
MemAvailable:    1458884 kB
Buffers:           87124 kB
Cached:           681460 kB
MemTotal:        1844596 kB
MemFree:          714960 kB
MemAvailable:    1455536 kB
Buffers:           87124 kB
Cached:           681460 kB
MemTotal:        1844596 kB
MemFree:          716068 kB
MemAvailable:    1456644 kB
Buffers:           87124 kB
Cached:           681460 kB
MemTotal:        1844596 kB
MemFree:          714216 kB
MemAvailable:    1454792 kB
Buffers:           87124 kB
Cached:           681460 kB
MemTotal:        1844596 kB
MemFree:          714904 kB
MemAvailable:    1455484 kB
Buffers:           87124 kB
Cached:           681464 kB
MemTotal:        1844596 kB
MemFree:          715240 kB
MemAvailable:    1455820 kB
Buffers:           87124 kB
Cached:           681464 kB
MemTotal:        1844596 kB
MemFree:          714912 kB
MemAvailable:    1455492 kB
Buffers:           87124 kB
Cached:           681464 kB
MemTotal:        1844596 kB
MemFree:          714772 kB
MemAvailable:    1455352 kB
Buffers:           87124 kB
Cached:           681464 kB
MemTotal:        1844596 kB
MemFree:          713160 kB
MemAvailable:    1453740 kB
Buffers:           87124 kB
Cached:           681464 kB
MemTotal:        1844596 kB
MemFree:          713208 kB
MemAvailable:    1453788 kB
Buffers:           87124 kB
Cached:           681464 kB
MemTotal:        1844596 kB
MemFree:          712976 kB
MemAvailable:    1453556 kB
Buffers:           87124 kB
Cached:           681464 kB
MemTotal:        1844596 kB
MemFree:          711488 kB
MemAvailable:    1452068 kB
Buffers:           87124 kB
Cached:           681464 kB
MemTotal:        1844596 kB
MemFree:          711924 kB
MemAvailable:    1452504 kB
Buffers:           87124 kB
Cached:           681464 kB
MemTotal:        1844596 kB
MemFree:          710356 kB
MemAvailable:    1450936 kB
Buffers:           87124 kB
Cached:           681464 kB
MemTotal:        1844596 kB
MemFree:          711428 kB
MemAvailable:    1452008 kB
Buffers:           87124 kB
Cached:           681464 kB
MemTotal:        1844596 kB
MemFree:          711680 kB
MemAvailable:    1452260 kB
Buffers:           87124 kB
Cached:           681464 kB
MemTotal:        1844596 kB
MemFree:          711440 kB
MemAvailable:    1452020 kB
Buffers:           87124 kB
Cached:           681464 kB
MemTotal:        1844596 kB
MemFree:          711604 kB
MemAvailable:    1452184 kB
Buffers:           87124 kB
Cached:           681464 kB
MemTotal:        1844596 kB
MemFree:          711552 kB
MemAvailable:    1452132 kB
Buffers:           87124 kB
Cached:           681464 kB
MemTotal:        1844596 kB
MemFree:          711408 kB
MemAvailable:    1451988 kB
Buffers:           87124 kB
Cached:           681464 kB
MemTotal:        1844596 kB
MemFree:          711424 kB
MemAvailable:    1452004 kB
Buffers:           87124 kB
Cached:           681464 kB
MemTotal:        1844596 kB
MemFree:          711548 kB
MemAvailable:    1452128 kB
Buffers:           87124 kB
Cached:           681464 kB
MemTotal:        1844596 kB
MemFree:          710620 kB
MemAvailable:    1451200 kB
Buffers:           87124 kB
Cached:           681464 kB
MemTotal:        1844596 kB
MemFree:          711212 kB
MemAvailable:    1451792 kB
Buffers:           87124 kB
Cached:           681464 kB
MemTotal:        1844596 kB
MemFree:          711548 kB
MemAvailable:    1452128 kB
Buffers:           87124 kB
Cached:           681464 kB
MemTotal:        1844596 kB
MemFree:          710124 kB
MemAvailable:    1450704 kB
Buffers:           87124 kB
Cached:           681464 kB
MemTotal:        1844596 kB
MemFree:          709868 kB
MemAvailable:    1450448 kB
Buffers:           87124 kB
Cached:           681464 kB
MemTotal:        1844596 kB
MemFree:          709876 kB
MemAvailable:    1450456 kB
Buffers:           87124 kB
Cached:           681464 kB
MemTotal:        1844596 kB
MemFree:          709752 kB
MemAvailable:    1450332 kB
Buffers:           87124 kB
Cached:           681464 kB
MemTotal:        1844596 kB
MemFree:          709356 kB
MemAvailable:    1449936 kB
Buffers:           87124 kB
Cached:           681464 kB
MemTotal:        1844596 kB
MemFree:          709256 kB
MemAvailable:    1449836 kB
Buffers:           87124 kB
Cached:           681464 kB
MemTotal:        1844596 kB
MemFree:          709492 kB
MemAvailable:    1450072 kB
Buffers:           87124 kB
Cached:           681464 kB
MemTotal:        1844596 kB
MemFree:          708884 kB
MemAvailable:    1449464 kB
Buffers:           87124 kB
Cached:           681464 kB
MemTotal:        1844596 kB
MemFree:          707636 kB
MemAvailable:    1448216 kB
Buffers:           87124 kB
Cached:           681464 kB
MemTotal:        1844596 kB
MemFree:          708132 kB
MemAvailable:    1448712 kB
Buffers:           87124 kB
Cached:           681464 kB
MemTotal:        1844596 kB
MemFree:          708216 kB
MemAvailable:    1448796 kB
Buffers:           87124 kB
Cached:           681464 kB
MemTotal:        1844596 kB
MemFree:          707884 kB
MemAvailable:    1448464 kB
Buffers:           87124 kB
Cached:           681464 kB
MemTotal:        1844596 kB
MemFree:          706764 kB
MemAvailable:    1447344 kB
Buffers:           87124 kB
Cached:           681464 kB
MemTotal:        1844596 kB
MemFree:          707808 kB
MemAvailable:    1448388 kB
Buffers:           87124 kB
Cached:           681464 kB
MemTotal:        1844596 kB
MemFree:          707388 kB
MemAvailable:    1447968 kB
Buffers:           87124 kB
Cached:           681464 kB
MemTotal:        1844596 kB
MemFree:          707280 kB
MemAvailable:    1447860 kB
Buffers:           87124 kB
Cached:           681464 kB
MemTotal:        1844596 kB
MemFree:          705984 kB
MemAvailable:    1446564 kB
Buffers:           87124 kB
Cached:           681464 kB
MemTotal:        1844596 kB
MemFree:          705976 kB
MemAvailable:    1446556 kB
Buffers:           87124 kB
Cached:           681464 kB
MemTotal:        1844596 kB
MemFree:          707348 kB
MemAvailable:    1447928 kB
Buffers:           87124 kB
Cached:           681464 kB
MemTotal:        1844596 kB
MemFree:          706528 kB
MemAvailable:    1447108 kB
Buffers:           87124 kB
Cached:           681464 kB
MemTotal:        1844596 kB
MemFree:          707420 kB
MemAvailable:    1448004 kB
Buffers:           87124 kB
Cached:           681468 kB
MemTotal:        1844596 kB
MemFree:          706156 kB
MemAvailable:    1446740 kB
Buffers:           87124 kB
Cached:           681468 kB
MemTotal:        1844596 kB
MemFree:          706156 kB
MemAvailable:    1446740 kB
Buffers:           87124 kB
Cached:           681468 kB
MemTotal:        1844596 kB
MemFree:          706032 kB
MemAvailable:    1446616 kB
Buffers:           87124 kB
Cached:           681468 kB
MemTotal:        1844596 kB
MemFree:          707440 kB
MemAvailable:    1448024 kB
Buffers:           87124 kB
Cached:           681468 kB
MemTotal:        1844596 kB
MemFree:          707388 kB
MemAvailable:    1447972 kB
Buffers:           87124 kB
Cached:           681468 kB
MemTotal:        1844596 kB
MemFree:          705900 kB
MemAvailable:    1446484 kB
Buffers:           87124 kB
Cached:           681468 kB
MemTotal:        1844596 kB
MemFree:          707280 kB
MemAvailable:    1447864 kB
Buffers:           87124 kB
Cached:           681468 kB
MemTotal:        1844596 kB
MemFree:          705888 kB
MemAvailable:    1446472 kB
Buffers:           87124 kB
Cached:           681468 kB
MemTotal:        1844596 kB
MemFree:          705888 kB
MemAvailable:    1446472 kB
Buffers:           87124 kB
Cached:           681468 kB
MemTotal:        1844596 kB
MemFree:          705756 kB
MemAvailable:    1446340 kB
Buffers:           87124 kB
Cached:           681468 kB
MemTotal:        1844596 kB
MemFree:          706088 kB
MemAvailable:    1446672 kB
Buffers:           87124 kB
Cached:           681468 kB
MemTotal:        1844596 kB
MemFree:          705840 kB
MemAvailable:    1446424 kB
Buffers:           87124 kB
Cached:           681468 kB
MemTotal:        1844596 kB
MemFree:          706984 kB
MemAvailable:    1447568 kB
Buffers:           87124 kB
Cached:           681468 kB
MemTotal:        1844596 kB
MemFree:          706652 kB
MemAvailable:    1447236 kB
Buffers:           87124 kB
Cached:           681468 kB
MemTotal:        1844596 kB
MemFree:          705896 kB
MemAvailable:    1446480 kB
Buffers:           87124 kB
Cached:           681468 kB
MemTotal:        1844596 kB
MemFree:          705896 kB
MemAvailable:    1446480 kB
Buffers:           87124 kB
Cached:           681468 kB
MemTotal:        1844596 kB
MemFree:          707136 kB
MemAvailable:    1447720 kB
Buffers:           87124 kB
Cached:           681468 kB
MemTotal:        1844596 kB
MemFree:          705724 kB
MemAvailable:    1446308 kB
Buffers:           87124 kB
Cached:           681468 kB
MemTotal:        1844596 kB
MemFree:          705892 kB
MemAvailable:    1446476 kB
Buffers:           87124 kB
Cached:           681468 kB
MemTotal:        1844596 kB
MemFree:          705892 kB
MemAvailable:    1446476 kB
Buffers:           87124 kB
Cached:           681468 kB
MemTotal:        1844596 kB
MemFree:          705604 kB
MemAvailable:    1446188 kB
Buffers:           87124 kB
Cached:           681468 kB
MemTotal:        1844596 kB
MemFree:          705464 kB
MemAvailable:    1446048 kB
Buffers:           87124 kB
Cached:           681468 kB
MemTotal:        1844596 kB
MemFree:          704916 kB
MemAvailable:    1445500 kB
Buffers:           87124 kB
Cached:           681468 kB
MemTotal:        1844596 kB
MemFree:          703800 kB
MemAvailable:    1444384 kB
Buffers:           87124 kB
Cached:           681468 kB
MemTotal:        1844596 kB
MemFree:          702188 kB
MemAvailable:    1442772 kB
Buffers:           87124 kB
Cached:           681468 kB
MemTotal:        1844596 kB
MemFree:          701752 kB
MemAvailable:    1442336 kB
Buffers:           87124 kB
Cached:           681468 kB
MemTotal:        1844596 kB
MemFree:          698848 kB
MemAvailable:    1439432 kB
Buffers:           87124 kB
Cached:           681468 kB
MemTotal:        1844596 kB
MemFree:          695972 kB
MemAvailable:    1436556 kB
Buffers:           87124 kB
Cached:           681468 kB
MemTotal:        1844596 kB
MemFree:          695492 kB
MemAvailable:    1436076 kB
Buffers:           87124 kB
Cached:           681468 kB
MemTotal:        1844596 kB
MemFree:          690772 kB
MemAvailable:    1431356 kB
Buffers:           87124 kB
Cached:           681468 kB
MemTotal:        1844596 kB
MemFree:          690292 kB
MemAvailable:    1430876 kB
Buffers:           87124 kB
Cached:           681468 kB
MemTotal:        1844596 kB
MemFree:          687928 kB
MemAvailable:    1428512 kB
Buffers:           87124 kB
Cached:           681468 kB
MemTotal:        1844596 kB
MemFree:          688920 kB
MemAvailable:    1429504 kB
Buffers:           87124 kB
Cached:           681468 kB
MemTotal:        1844596 kB
MemFree:          687680 kB
MemAvailable:    1428264 kB
Buffers:           87124 kB
Cached:           681468 kB
MemTotal:        1844596 kB
MemFree:          688788 kB
MemAvailable:    1429372 kB
Buffers:           87124 kB
Cached:           681468 kB
MemTotal:        1844596 kB
MemFree:          688680 kB
MemAvailable:    1429264 kB
Buffers:           87124 kB
Cached:           681468 kB
MemTotal:        1844596 kB
MemFree:          688476 kB
MemAvailable:    1429060 kB
Buffers:           87124 kB
Cached:           681468 kB
MemTotal:        1844596 kB
MemFree:          688404 kB
MemAvailable:    1428988 kB
Buffers:           87124 kB
Cached:           681468 kB
MemTotal:        1844596 kB
MemFree:          688432 kB
MemAvailable:    1429016 kB
Buffers:           87124 kB
Cached:           681468 kB
MemTotal:        1844596 kB
MemFree:          688220 kB
MemAvailable:    1428804 kB
Buffers:           87124 kB
Cached:           681468 kB
MemTotal:        1844596 kB
MemFree:          688416 kB
MemAvailable:    1429000 kB
Buffers:           87124 kB
Cached:           681468 kB
MemTotal:        1844596 kB
MemFree:          688308 kB
MemAvailable:    1428892 kB
Buffers:           87124 kB
Cached:           681468 kB
MemTotal:        1844596 kB
MemFree:          688304 kB
MemAvailable:    1428888 kB
Buffers:           87124 kB
Cached:           681468 kB
MemTotal:        1844596 kB
MemFree:          687864 kB
MemAvailable:    1428448 kB
Buffers:           87124 kB
Cached:           681468 kB
MemTotal:        1844596 kB
MemFree:          686556 kB
MemAvailable:    1427140 kB
Buffers:           87124 kB
Cached:           681468 kB
MemTotal:        1844596 kB
MemFree:          687732 kB
MemAvailable:    1428316 kB
Buffers:           87124 kB
Cached:           681468 kB
MemTotal:        1844596 kB
MemFree:          686424 kB
MemAvailable:    1427008 kB
Buffers:           87124 kB
Cached:           681468 kB
MemTotal:        1844596 kB
MemFree:          687428 kB
MemAvailable:    1428012 kB
Buffers:           87124 kB
Cached:           681468 kB
MemTotal:        1844596 kB
MemFree:          686128 kB
MemAvailable:    1426712 kB
Buffers:           87124 kB
Cached:           681468 kB
MemTotal:        1844596 kB
MemFree:          687420 kB
MemAvailable:    1428004 kB
Buffers:           87124 kB
Cached:           681468 kB
MemTotal:        1844596 kB
MemFree:          686372 kB
MemAvailable:    1426956 kB
Buffers:           87124 kB
Cached:           681468 kB
MemTotal:        1844596 kB
MemFree:          687620 kB
MemAvailable:    1428204 kB
Buffers:           87124 kB
Cached:           681468 kB
MemTotal:        1844596 kB
MemFree:          687412 kB
MemAvailable:    1427996 kB
Buffers:           87124 kB
Cached:           681468 kB
MemTotal:        1844596 kB
MemFree:          686104 kB
MemAvailable:    1426688 kB
Buffers:           87124 kB
Cached:           681468 kB
MemTotal:        1844596 kB
MemFree:          686360 kB
MemAvailable:    1426944 kB
Buffers:           87124 kB
Cached:           681468 kB
MemTotal:        1844596 kB
MemFree:          686360 kB
MemAvailable:    1426944 kB
Buffers:           87124 kB
Cached:           681468 kB
MemTotal:        1844596 kB
MemFree:          687672 kB
MemAvailable:    1428256 kB
Buffers:           87124 kB
Cached:           681468 kB
MemTotal:        1844596 kB
MemFree:          686316 kB
MemAvailable:    1426900 kB
Buffers:           87124 kB
Cached:           681468 kB
MemTotal:        1844596 kB
MemFree:          686276 kB
MemAvailable:    1426860 kB
Buffers:           87124 kB
Cached:           681468 kB
MemTotal:        1844596 kB
MemFree:          687640 kB
MemAvailable:    1428224 kB
Buffers:           87124 kB
Cached:           681468 kB
MemTotal:        1844596 kB
MemFree:          686564 kB
MemAvailable:    1427148 kB
Buffers:           87124 kB
Cached:           681468 kB
MemTotal:        1844596 kB
MemFree:          687504 kB
MemAvailable:    1428088 kB
Buffers:           87124 kB
Cached:           681468 kB
MemTotal:        1844596 kB
MemFree:          687364 kB
MemAvailable:    1427948 kB
Buffers:           87124 kB
Cached:           681468 kB
MemTotal:        1844596 kB
MemFree:          686424 kB
MemAvailable:    1427008 kB
Buffers:           87124 kB
Cached:           681468 kB
MemTotal:        1844596 kB
MemFree:          687184 kB
MemAvailable:    1427768 kB
Buffers:           87124 kB
Cached:           681468 kB
MemTotal:        1844596 kB
MemFree:          680860 kB
MemAvailable:    1421444 kB
Buffers:           87124 kB
Cached:           681468 kB
MemTotal:        1844596 kB
MemFree:          679684 kB
MemAvailable:    1420268 kB
Buffers:           87124 kB
Cached:           681468 kB
MemTotal:        1844596 kB
MemFree:          677584 kB
MemAvailable:    1418168 kB
Buffers:           87124 kB
Cached:           681468 kB
MemTotal:        1844596 kB
MemFree:          671304 kB
MemAvailable:    1411888 kB
Buffers:           87124 kB
Cached:           681468 kB
MemTotal:        1844596 kB
MemFree:          671388 kB
MemAvailable:    1411972 kB
Buffers:           87124 kB
Cached:           681468 kB
MemTotal:        1844596 kB
MemFree:          669504 kB
MemAvailable:    1410088 kB
Buffers:           87124 kB
Cached:           681468 kB
MemTotal:        1844596 kB
MemFree:          669180 kB
MemAvailable:    1409764 kB
Buffers:           87124 kB
Cached:           681468 kB
MemTotal:        1844596 kB
MemFree:          669516 kB
MemAvailable:    1410100 kB
Buffers:           87124 kB
Cached:           681468 kB
MemTotal:        1844596 kB
MemFree:          669348 kB
MemAvailable:    1409944 kB
Buffers:           87124 kB
Cached:           681480 kB
MemTotal:        1844596 kB
MemFree:          668212 kB
MemAvailable:    1408808 kB
Buffers:           87124 kB
Cached:           681480 kB
MemTotal:        1844596 kB
MemFree:          667964 kB
MemAvailable:    1408560 kB
Buffers:           87124 kB
Cached:           681480 kB
MemTotal:        1844596 kB
MemFree:          667916 kB
MemAvailable:    1408512 kB
Buffers:           87124 kB
Cached:           681480 kB
MemTotal:        1844596 kB
MemFree:          669188 kB
MemAvailable:    1409784 kB
Buffers:           87124 kB
Cached:           681480 kB
MemTotal:        1844596 kB
MemFree:          669440 kB
MemAvailable:    1410036 kB
Buffers:           87124 kB
Cached:           681480 kB
MemTotal:        1844596 kB
MemFree:          667952 kB
MemAvailable:    1408548 kB
Buffers:           87124 kB
Cached:           681480 kB
MemTotal:        1844596 kB
MemFree:          668324 kB
MemAvailable:    1408920 kB
Buffers:           87124 kB
Cached:           681480 kB
MemTotal:        1844596 kB
MemFree:          668048 kB
MemAvailable:    1408644 kB
Buffers:           87124 kB
Cached:           681480 kB
MemTotal:        1844596 kB
MemFree:          668048 kB
MemAvailable:    1408644 kB
Buffers:           87124 kB
Cached:           681480 kB
MemTotal:        1844596 kB
MemFree:          668048 kB
MemAvailable:    1408644 kB
Buffers:           87124 kB
Cached:           681480 kB
MemTotal:        1844596 kB
MemFree:          668132 kB
MemAvailable:    1408728 kB
Buffers:           87124 kB
Cached:           681480 kB
MemTotal:        1844596 kB
MemFree:          669248 kB
MemAvailable:    1409844 kB
Buffers:           87124 kB
Cached:           681480 kB
MemTotal:        1844596 kB
MemFree:          668000 kB
MemAvailable:    1408596 kB
Buffers:           87124 kB
Cached:           681480 kB
MemTotal:        1844596 kB
MemFree:          669108 kB
MemAvailable:    1409704 kB
Buffers:           87124 kB
Cached:           681480 kB
MemTotal:        1844596 kB
MemFree:          669444 kB
MemAvailable:    1410040 kB
Buffers:           87124 kB
Cached:           681480 kB
MemTotal:        1844596 kB
MemFree:          668032 kB
MemAvailable:    1408628 kB
Buffers:           87124 kB
Cached:           681480 kB
MemTotal:        1844596 kB
MemFree:          669208 kB
MemAvailable:    1409804 kB
Buffers:           87124 kB
Cached:           681480 kB
MemTotal:        1844596 kB
MemFree:          667888 kB
MemAvailable:    1408484 kB
Buffers:           87124 kB
Cached:           681480 kB
MemTotal:        1844596 kB
MemFree:          669136 kB
MemAvailable:    1409732 kB
Buffers:           87124 kB
Cached:           681480 kB
MemTotal:        1844596 kB
MemFree:          668020 kB
MemAvailable:    1408616 kB
Buffers:           87124 kB
Cached:           681480 kB
MemTotal:        1844596 kB
MemFree:          669196 kB
MemAvailable:    1409792 kB
Buffers:           87124 kB
Cached:           681480 kB
MemTotal:        1844596 kB
MemFree:          669196 kB
MemAvailable:    1409792 kB
Buffers:           87124 kB
Cached:           681480 kB
MemTotal:        1844596 kB
MemFree:          667904 kB
MemAvailable:    1408500 kB
Buffers:           87124 kB
Cached:           681480 kB
MemTotal:        1844596 kB
MemFree:          668072 kB
MemAvailable:    1408668 kB
Buffers:           87124 kB
Cached:           681480 kB
MemTotal:        1844596 kB
MemFree:          667964 kB
MemAvailable:    1408560 kB
Buffers:           87124 kB
Cached:           681480 kB
MemTotal:        1844596 kB
MemFree:          668048 kB
MemAvailable:    1408644 kB
Buffers:           87124 kB
Cached:           681480 kB
MemTotal:        1844596 kB
MemFree:          667964 kB
MemAvailable:    1408560 kB
Buffers:           87124 kB
Cached:           681480 kB
MemTotal:        1844596 kB
MemFree:          667964 kB
MemAvailable:    1408560 kB
Buffers:           87124 kB
Cached:           681480 kB
MemTotal:        1844596 kB
MemFree:          669256 kB
MemAvailable:    1409852 kB
Buffers:           87124 kB
Cached:           681480 kB
MemTotal:        1844596 kB
MemFree:          668592 kB
MemAvailable:    1409188 kB
Buffers:           87124 kB
Cached:           681480 kB
MemTotal:        1844596 kB
MemFree:          667964 kB
MemAvailable:    1408560 kB
Buffers:           87124 kB
Cached:           681480 kB
MemTotal:        1844596 kB
MemFree:          665412 kB
MemAvailable:    1406008 kB
Buffers:           87124 kB
Cached:           681480 kB
MemTotal:        1844596 kB
MemFree:          662392 kB
MemAvailable:    1402988 kB
Buffers:           87124 kB
Cached:           681480 kB
MemTotal:        1844596 kB
MemFree:          658276 kB
MemAvailable:    1398872 kB
Buffers:           87124 kB
Cached:           681480 kB
MemTotal:        1844596 kB
MemFree:          657548 kB
MemAvailable:    1398144 kB
Buffers:           87124 kB
Cached:           681480 kB
MemTotal:        1844596 kB
MemFree:          653084 kB
MemAvailable:    1393680 kB
Buffers:           87124 kB
Cached:           681480 kB
MemTotal:        1844596 kB
MemFree:          650976 kB
MemAvailable:    1391572 kB
Buffers:           87124 kB
Cached:           681480 kB
MemTotal:        1844596 kB
MemFree:          651888 kB
MemAvailable:    1392484 kB
Buffers:           87124 kB
Cached:           681480 kB
MemTotal:        1844596 kB
MemFree:          650844 kB
MemAvailable:    1391440 kB
Buffers:           87124 kB
Cached:           681480 kB
MemTotal:        1844596 kB
MemFree:          650728 kB
MemAvailable:    1391324 kB
Buffers:           87124 kB
Cached:           681480 kB
MemTotal:        1844596 kB
MemFree:          650836 kB
MemAvailable:    1391432 kB
Buffers:           87124 kB
Cached:           681480 kB
MemTotal:        1844596 kB
MemFree:          651088 kB
MemAvailable:    1391684 kB
Buffers:           87124 kB
Cached:           681480 kB
MemTotal:        1844596 kB
MemFree:          649476 kB
MemAvailable:    1390072 kB
Buffers:           87124 kB
Cached:           681480 kB
MemTotal:        1844596 kB
MemFree:          649848 kB
MemAvailable:    1390444 kB
Buffers:           87124 kB
Cached:           681480 kB
MemTotal:        1844596 kB
MemFree:          649600 kB
MemAvailable:    1390196 kB
Buffers:           87124 kB
Cached:           681480 kB
MemTotal:        1844596 kB
MemFree:          650300 kB
MemAvailable:    1390896 kB
Buffers:           87124 kB
Cached:           681480 kB
MemTotal:        1844596 kB
MemFree:          650468 kB
MemAvailable:    1390952 kB
Buffers:           87124 kB
Cached:           681480 kB
MemTotal:        1844596 kB
MemFree:          650396 kB
MemAvailable:    1390992 kB
Buffers:           87124 kB
Cached:           681480 kB
MemTotal:        1844596 kB
MemFree:          649180 kB
MemAvailable:    1389776 kB
Buffers:           87124 kB
Cached:           681480 kB
MemTotal:        1844596 kB
MemFree:          650268 kB
MemAvailable:    1390864 kB
Buffers:           87124 kB
Cached:           681480 kB
MemTotal:        1844596 kB
MemFree:          649920 kB
MemAvailable:    1390516 kB
Buffers:           87124 kB
Cached:           681480 kB
MemTotal:        1844596 kB
MemFree:          648364 kB
MemAvailable:    1388960 kB
Buffers:           87124 kB
Cached:           681480 kB
MemTotal:        1844596 kB
MemFree:          648736 kB
MemAvailable:    1389332 kB
Buffers:           87124 kB
Cached:           681480 kB
MemTotal:        1844596 kB
MemFree:          648736 kB
MemAvailable:    1389332 kB
Buffers:           87124 kB
Cached:           681480 kB
MemTotal:        1844596 kB
MemFree:          648176 kB
MemAvailable:    1388772 kB
Buffers:           87124 kB
Cached:           681480 kB
MemTotal:        1844596 kB
MemFree:          648228 kB
MemAvailable:    1388824 kB
Buffers:           87124 kB
Cached:           681480 kB
MemTotal:        1844596 kB
MemFree:          647440 kB
MemAvailable:    1388036 kB
Buffers:           87124 kB
Cached:           681480 kB
MemTotal:        1844596 kB
MemFree:          645396 kB
MemAvailable:    1385992 kB
Buffers:           87124 kB
Cached:           681480 kB
MemTotal:        1844596 kB
MemFree:          645148 kB
MemAvailable:    1385744 kB
Buffers:           87124 kB
Cached:           681480 kB
MemTotal:        1844596 kB
MemFree:          643784 kB
MemAvailable:    1384380 kB
Buffers:           87124 kB
Cached:           681480 kB
MemTotal:        1844596 kB
MemFree:          644892 kB
MemAvailable:    1385488 kB
Buffers:           87124 kB
Cached:           681480 kB
MemTotal:        1844596 kB
MemFree:          644892 kB
MemAvailable:    1385488 kB
Buffers:           87124 kB
Cached:           681480 kB
MemTotal:        1844596 kB
MemFree:          643488 kB
MemAvailable:    1384084 kB
Buffers:           87124 kB
Cached:           681480 kB
MemTotal:        1844596 kB
MemFree:          644724 kB
MemAvailable:    1385320 kB
Buffers:           87124 kB
Cached:           681480 kB
MemTotal:        1844596 kB
MemFree:          644040 kB
MemAvailable:    1384636 kB
Buffers:           87124 kB
Cached:           681480 kB
MemTotal:        1844596 kB
MemFree:          644644 kB
MemAvailable:    1385240 kB
Buffers:           87124 kB
Cached:           681480 kB
MemTotal:        1844596 kB
MemFree:          643412 kB
MemAvailable:    1384008 kB
Buffers:           87124 kB
Cached:           681480 kB
MemTotal:        1844596 kB
MemFree:          643412 kB
MemAvailable:    1384008 kB
Buffers:           87124 kB
Cached:           681480 kB
MemTotal:        1844596 kB
MemFree:          643280 kB
MemAvailable:    1383884 kB
Buffers:           87124 kB
Cached:           681488 kB
MemTotal:        1844596 kB
MemFree:          643280 kB
MemAvailable:    1383884 kB
Buffers:           87124 kB
Cached:           681488 kB
MemTotal:        1844596 kB
MemFree:          643224 kB
MemAvailable:    1383828 kB
Buffers:           87124 kB
Cached:           681488 kB
MemTotal:        1844596 kB
MemFree:          643104 kB
MemAvailable:    1383708 kB
Buffers:           87124 kB
Cached:           681488 kB
MemTotal:        1844596 kB
MemFree:          643104 kB
MemAvailable:    1383708 kB
Buffers:           87124 kB
Cached:           681488 kB
MemTotal:        1844596 kB
MemFree:          642960 kB
MemAvailable:    1383564 kB
Buffers:           87124 kB
Cached:           681488 kB
MemTotal:        1844596 kB
MemFree:          641792 kB
MemAvailable:    1382396 kB
Buffers:           87124 kB
Cached:           681488 kB
MemTotal:        1844596 kB
MemFree:          643032 kB
MemAvailable:    1383636 kB
Buffers:           87124 kB
Cached:           681488 kB
MemTotal:        1844596 kB
MemFree:          642304 kB
MemAvailable:    1382908 kB
Buffers:           87124 kB
Cached:           681488 kB
MemTotal:        1844596 kB
MemFree:          643260 kB
MemAvailable:    1383864 kB
Buffers:           87124 kB
Cached:           681488 kB
MemTotal:        1844596 kB
MemFree:          641876 kB
MemAvailable:    1382480 kB
Buffers:           87124 kB
Cached:           681488 kB
MemTotal:        1844596 kB
MemFree:          641872 kB
MemAvailable:    1382476 kB
Buffers:           87124 kB
Cached:           681488 kB
MemTotal:        1844596 kB
MemFree:          643084 kB
MemAvailable:    1383688 kB
Buffers:           87124 kB
Cached:           681488 kB
MemTotal:        1844596 kB
MemFree:          643204 kB
MemAvailable:    1383808 kB
Buffers:           87124 kB
Cached:           681488 kB
MemTotal:        1844596 kB
MemFree:          642428 kB
MemAvailable:    1383032 kB
Buffers:           87124 kB
Cached:           681488 kB
MemTotal:        1844596 kB
MemFree:          642860 kB
MemAvailable:    1383468 kB
Buffers:           87124 kB
Cached:           681492 kB
MemTotal:        1844596 kB
MemFree:          643196 kB
MemAvailable:    1383804 kB
Buffers:           87124 kB
Cached:           681492 kB
MemTotal:        1844596 kB
MemFree:          643024 kB
MemAvailable:    1383632 kB
Buffers:           87124 kB
Cached:           681492 kB
MemTotal:        1844596 kB
MemFree:          643236 kB
MemAvailable:    1383844 kB
Buffers:           87124 kB
Cached:           681492 kB
MemTotal:        1844596 kB
MemFree:          641780 kB
MemAvailable:    1382388 kB
Buffers:           87124 kB
Cached:           681492 kB
MemTotal:        1844596 kB
MemFree:          642964 kB
MemAvailable:    1383572 kB
Buffers:           87124 kB
Cached:           681492 kB
MemTotal:        1844596 kB
MemFree:          643132 kB
MemAvailable:    1383740 kB
Buffers:           87124 kB
Cached:           681492 kB
MemTotal:        1844596 kB
MemFree:          643072 kB
MemAvailable:    1383680 kB
Buffers:           87124 kB
Cached:           681492 kB
MemTotal:        1844596 kB
MemFree:          643224 kB
MemAvailable:    1383832 kB
Buffers:           87124 kB
Cached:           681492 kB
MemTotal:        1844596 kB
MemFree:          642296 kB
MemAvailable:    1382904 kB
Buffers:           87124 kB
Cached:           681492 kB
MemTotal:        1844596 kB
MemFree:          643348 kB
MemAvailable:    1383956 kB
Buffers:           87124 kB
Cached:           681492 kB
MemTotal:        1844596 kB
MemFree:          642040 kB
MemAvailable:    1382648 kB
Buffers:           87124 kB
Cached:           681492 kB
MemTotal:        1844596 kB
MemFree:          643148 kB
MemAvailable:    1383756 kB
Buffers:           87124 kB
Cached:           681492 kB
MemTotal:        1844596 kB
MemFree:          642412 kB
MemAvailable:    1383020 kB
Buffers:           87124 kB
Cached:           681492 kB
MemTotal:        1844596 kB
MemFree:          641760 kB
MemAvailable:    1382368 kB
Buffers:           87124 kB
Cached:           681492 kB
MemTotal:        1844596 kB
MemFree:          642172 kB
MemAvailable:    1382780 kB
Buffers:           87124 kB
Cached:           681492 kB
MemTotal:        1844596 kB
MemFree:          642860 kB
MemAvailable:    1383468 kB
Buffers:           87124 kB
Cached:           681492 kB
MemTotal:        1844596 kB
MemFree:          643196 kB
MemAvailable:    1383804 kB
Buffers:           87124 kB
Cached:           681492 kB
MemTotal:        1844596 kB
MemFree:          642900 kB
MemAvailable:    1383508 kB
Buffers:           87124 kB
Cached:           681492 kB
MemTotal:        1844596 kB
MemFree:          643236 kB
MemAvailable:    1383844 kB
Buffers:           87124 kB
Cached:           681492 kB
MemTotal:        1844596 kB
MemFree:          643088 kB
MemAvailable:    1383696 kB
Buffers:           87124 kB
Cached:           681492 kB
MemTotal:        1844596 kB
MemFree:          642152 kB
MemAvailable:    1382760 kB
Buffers:           87124 kB
Cached:           681492 kB
MemTotal:        1844596 kB
MemFree:          641780 kB
MemAvailable:    1382388 kB
Buffers:           87124 kB
Cached:           681492 kB
MemTotal:        1844596 kB
MemFree:          643104 kB
MemAvailable:    1383712 kB
Buffers:           87124 kB
Cached:           681492 kB
MemTotal:        1844596 kB
MemFree:          641900 kB
MemAvailable:    1382508 kB
Buffers:           87124 kB
Cached:           681492 kB
MemTotal:        1844596 kB
MemFree:          641900 kB
MemAvailable:    1382508 kB
Buffers:           87124 kB
Cached:           681492 kB
MemTotal:        1844596 kB
MemFree:          641768 kB
MemAvailable:    1382376 kB
Buffers:           87124 kB
Cached:           681492 kB
MemTotal:        1844596 kB
MemFree:          643084 kB
MemAvailable:    1383692 kB
Buffers:           87124 kB
Cached:           681492 kB
MemTotal:        1844596 kB
MemFree:          641668 kB
MemAvailable:    1382276 kB
Buffers:           87124 kB
Cached:           681492 kB
MemTotal:        1844596 kB
MemFree:          643116 kB
MemAvailable:    1383724 kB
Buffers:           87124 kB
Cached:           681492 kB
MemTotal:        1844596 kB
MemFree:          639560 kB
MemAvailable:    1380168 kB
Buffers:           87124 kB
Cached:           681492 kB
MemTotal:        1844596 kB
MemFree:          639452 kB
MemAvailable:    1380060 kB
Buffers:           87124 kB
Cached:           681492 kB
MemTotal:        1844596 kB
MemFree:          635724 kB
MemAvailable:    1376332 kB
Buffers:           87124 kB
Cached:           681492 kB
MemTotal:        1844596 kB
MemFree:          633428 kB
MemAvailable:    1374036 kB
Buffers:           87124 kB
Cached:           681492 kB
MemTotal:        1844596 kB
MemFree:          630516 kB
MemAvailable:    1371124 kB
Buffers:           87124 kB
Cached:           681492 kB
MemTotal:        1844596 kB
MemFree:          626904 kB
MemAvailable:    1367512 kB
Buffers:           87124 kB
Cached:           681492 kB
MemTotal:        1844596 kB
MemFree:          626988 kB
MemAvailable:    1367596 kB
Buffers:           87124 kB
Cached:           681492 kB
MemTotal:        1844596 kB
MemFree:          623872 kB
MemAvailable:    1364480 kB
Buffers:           87124 kB
Cached:           681492 kB
MemTotal:        1844596 kB
MemFree:          623880 kB
MemAvailable:    1364488 kB
Buffers:           87124 kB
Cached:           681492 kB
MemTotal:        1844596 kB
MemFree:          622704 kB
MemAvailable:    1363312 kB
Buffers:           87124 kB
Cached:           681492 kB
MemTotal:        1844596 kB
MemFree:          623880 kB
MemAvailable:    1364488 kB
Buffers:           87124 kB
Cached:           681492 kB
MemTotal:        1844596 kB
MemFree:          623556 kB
MemAvailable:    1364164 kB
Buffers:           87124 kB
Cached:           681492 kB
MemTotal:        1844596 kB
MemFree:          623580 kB
MemAvailable:    1364188 kB
Buffers:           87124 kB
Cached:           681492 kB
MemTotal:        1844596 kB
MemFree:          623564 kB
MemAvailable:    1364172 kB
Buffers:           87124 kB
Cached:           681492 kB
MemTotal:        1844596 kB
MemFree:          623816 kB
MemAvailable:    1364424 kB
Buffers:           87124 kB
Cached:           681492 kB
MemTotal:        1844596 kB
MemFree:          623384 kB
MemAvailable:    1363992 kB
Buffers:           87124 kB
Cached:           681492 kB
MemTotal:        1844596 kB
MemFree:          623720 kB
MemAvailable:    1364328 kB
Buffers:           87124 kB
Cached:           681492 kB
MemTotal:        1844596 kB
MemFree:          623512 kB
MemAvailable:    1364120 kB
Buffers:           87124 kB
Cached:           681492 kB
MemTotal:        1844596 kB
MemFree:          623764 kB
MemAvailable:    1364372 kB
Buffers:           87124 kB
Cached:           681492 kB
MemTotal:        1844596 kB
MemFree:          623556 kB
MemAvailable:    1364164 kB
Buffers:           87124 kB
Cached:           681492 kB
MemTotal:        1844596 kB
MemFree:          623808 kB
MemAvailable:    1364416 kB
Buffers:           87124 kB
Cached:           681492 kB
MemTotal:        1844596 kB
MemFree:          622192 kB
MemAvailable:    1362800 kB
Buffers:           87124 kB
Cached:           681492 kB
MemTotal:        1844596 kB
MemFree:          621944 kB
MemAvailable:    1362552 kB
Buffers:           87128 kB
Cached:           681488 kB
MemTotal:        1844596 kB
MemFree:          623236 kB
MemAvailable:    1363844 kB
Buffers:           87128 kB
Cached:           681488 kB
MemTotal:        1844596 kB
MemFree:          622340 kB
MemAvailable:    1362948 kB
Buffers:           87128 kB
Cached:           681488 kB
MemTotal:        1844596 kB
MemFree:          623060 kB
MemAvailable:    1363668 kB
Buffers:           87128 kB
Cached:           681488 kB
MemTotal:        1844596 kB
MemFree:          623228 kB
MemAvailable:    1363836 kB
Buffers:           87128 kB
Cached:           681488 kB
MemTotal:        1844596 kB
MemFree:          623252 kB
MemAvailable:    1363860 kB
Buffers:           87128 kB
Cached:           681488 kB
MemTotal:        1844596 kB
MemFree:          622464 kB
MemAvailable:    1363072 kB
Buffers:           87128 kB
Cached:           681488 kB
MemTotal:        1844596 kB
MemFree:          623152 kB
MemAvailable:    1363760 kB
Buffers:           87128 kB
Cached:           681488 kB
MemTotal:        1844596 kB
MemFree:          623408 kB
MemAvailable:    1364016 kB
Buffers:           87128 kB
Cached:           681488 kB
MemTotal:        1844596 kB
MemFree:          621828 kB
MemAvailable:    1362436 kB
Buffers:           87128 kB
Cached:           681488 kB
MemTotal:        1844596 kB
MemFree:          622688 kB
MemAvailable:    1363308 kB
Buffers:           87128 kB
Cached:           681500 kB
MemTotal:        1844596 kB
MemFree:          622836 kB
MemAvailable:    1363456 kB
Buffers:           87128 kB
Cached:           681500 kB
MemTotal:        1844596 kB
MemFree:          622400 kB
MemAvailable:    1363020 kB
Buffers:           87128 kB
Cached:           681500 kB
MemTotal:        1844596 kB
MemFree:          619176 kB
MemAvailable:    1359796 kB
Buffers:           87128 kB
Cached:           681500 kB
MemTotal:        1844596 kB
MemFree:          613520 kB
MemAvailable:    1354140 kB
Buffers:           87128 kB
Cached:           681500 kB
MemTotal:        1844596 kB
MemFree:          610932 kB
MemAvailable:    1351552 kB
Buffers:           87128 kB
Cached:           681500 kB
MemTotal:        1844596 kB
MemFree:          613272 kB
MemAvailable:    1353892 kB
Buffers:           87128 kB
Cached:           681500 kB
MemTotal:        1844596 kB
MemFree:          613608 kB
MemAvailable:    1354228 kB
Buffers:           87128 kB
Cached:           681500 kB
MemTotal:        1844596 kB
MemFree:          612288 kB
MemAvailable:    1352908 kB
Buffers:           87128 kB
Cached:           681500 kB
MemTotal:        1844596 kB
MemFree:          612164 kB
MemAvailable:    1352784 kB
Buffers:           87128 kB
Cached:           681500 kB
MemTotal:        1844596 kB
MemFree:          613140 kB
MemAvailable:    1353760 kB
Buffers:           87128 kB
Cached:           681500 kB
MemTotal:        1844596 kB
MemFree:          613224 kB
MemAvailable:    1353844 kB
Buffers:           87128 kB
Cached:           681500 kB
MemTotal:        1844596 kB
MemFree:          612720 kB
MemAvailable:    1353340 kB
Buffers:           87128 kB
Cached:           681500 kB
MemTotal:        1844596 kB
MemFree:          611612 kB
MemAvailable:    1352232 kB
Buffers:           87128 kB
Cached:           681500 kB
MemTotal:        1844596 kB
MemFree:          610560 kB
MemAvailable:    1351180 kB
Buffers:           87128 kB
Cached:           681500 kB
MemTotal:        1844596 kB
MemFree:          611160 kB
MemAvailable:    1351864 kB
Buffers:           87128 kB
Cached:           681624 kB
MemTotal:        1844596 kB
MemFree:          611244 kB
MemAvailable:    1351948 kB
Buffers:           87128 kB
Cached:           681624 kB
MemTotal:        1844596 kB
MemFree:          610784 kB
MemAvailable:    1351656 kB
Buffers:           87128 kB
Cached:           681748 kB
MemTotal:        1844596 kB
MemFree:          610932 kB
MemAvailable:    1351804 kB
Buffers:           87128 kB
Cached:           681748 kB
MemTotal:        1844596 kB
MemFree:          609512 kB
MemAvailable:    1350468 kB
Buffers:           87128 kB
Cached:           681872 kB
MemTotal:        1844596 kB
MemFree:          609636 kB
MemAvailable:    1350676 kB
Buffers:           87128 kB
Cached:           681996 kB
MemTotal:        1844596 kB
MemFree:          609636 kB
MemAvailable:    1350844 kB
Buffers:           87128 kB
Cached:           681996 kB
MemTotal:        1844596 kB
MemFree:          609752 kB
MemAvailable:    1350960 kB
Buffers:           87128 kB
Cached:           681996 kB
MemTotal:        1844596 kB
MemFree:          609760 kB
MemAvailable:    1350968 kB
Buffers:           87128 kB
Cached:           682120 kB
MemTotal:        1844596 kB
MemFree:          609816 kB
MemAvailable:    1351024 kB
Buffers:           87128 kB
Cached:           682120 kB
MemTotal:        1844596 kB
MemFree:          610408 kB
MemAvailable:    1351616 kB
Buffers:           87128 kB
Cached:           682120 kB
MemTotal:        1844596 kB
MemFree:          610744 kB
MemAvailable:    1351952 kB
Buffers:           87128 kB
Cached:           682120 kB
MemTotal:        1844596 kB
MemFree:          610536 kB
MemAvailable:    1351744 kB
Buffers:           87128 kB
Cached:           682120 kB
MemTotal:        1844596 kB
MemFree:          610536 kB
MemAvailable:    1351744 kB
Buffers:           87128 kB
Cached:           682120 kB
MemTotal:        1844596 kB
MemFree:          610288 kB
MemAvailable:    1351664 kB
Buffers:           87128 kB
Cached:           682244 kB
MemTotal:        1844596 kB
MemFree:          610064 kB
MemAvailable:    1351440 kB
Buffers:           87128 kB
Cached:           682244 kB
MemTotal:        1844596 kB
MemFree:          610624 kB
MemAvailable:    1351244 kB
Buffers:           87128 kB
Cached:           681528 kB
MemTotal:        1844596 kB
MemFree:          648612 kB
MemAvailable:    1389232 kB
Buffers:           87128 kB
Cached:           681528 kB
MemTotal:        1844596 kB
MemFree:          780588 kB
MemAvailable:    1521292 kB
Buffers:           87128 kB
Cached:           681528 kB
