MemTotal:        1844596 kB
MemFree:          258276 kB
MemAvailable:    1544356 kB
Buffers:          103044 kB
Cached:          1200304 kB
MemTotal:        1844596 kB
MemFree:          230832 kB
MemAvailable:    1516920 kB
Buffers:          103044 kB
Cached:          1200308 kB
MemTotal:        1844596 kB
MemFree:          229400 kB
MemAvailable:    1515488 kB
Buffers:          103044 kB
Cached:          1200308 kB
MemTotal:        1844596 kB
MemFree:          228912 kB
MemAvailable:    1515000 kB
Buffers:          103044 kB
Cached:          1200308 kB
MemTotal:        1844596 kB
MemFree:          226060 kB
MemAvailable:    1512148 kB
Buffers:          103044 kB
Cached:          1200308 kB
MemTotal:        1844596 kB
MemFree:          227460 kB
MemAvailable:    1513548 kB
Buffers:          103044 kB
Cached:          1200308 kB
MemTotal:        1844596 kB
MemFree:          227416 kB
MemAvailable:    1513504 kB
Buffers:          103044 kB
Cached:          1200308 kB
MemTotal:        1844596 kB
MemFree:          223044 kB
MemAvailable:    1509132 kB
Buffers:          103044 kB
Cached:          1200308 kB
MemTotal:        1844596 kB
MemFree:          220112 kB
MemAvailable:    1506200 kB
Buffers:          103044 kB
Cached:          1200308 kB
MemTotal:        1844596 kB
MemFree:          216392 kB
MemAvailable:    1502480 kB
Buffers:          103044 kB
Cached:          1200308 kB
MemTotal:        1844596 kB
MemFree:          218704 kB
MemAvailable:    1504792 kB
Buffers:          103044 kB
Cached:          1200308 kB
MemTotal:        1844596 kB
MemFree:          218956 kB
MemAvailable:    1505044 kB
Buffers:          103044 kB
Cached:          1200308 kB
MemTotal:        1844596 kB
MemFree:          218708 kB
MemAvailable:    1504796 kB
Buffers:          103044 kB
Cached:          1200308 kB
MemTotal:        1844596 kB
MemFree:          218680 kB
MemAvailable:    1504768 kB
Buffers:          103044 kB
Cached:          1200308 kB
MemTotal:        1844596 kB
MemFree:          218632 kB
MemAvailable:    1504720 kB
Buffers:          103044 kB
Cached:          1200308 kB
MemTotal:        1844596 kB
MemFree:          217524 kB
MemAvailable:    1503612 kB
Buffers:          103044 kB
Cached:          1200308 kB
MemTotal:        1844596 kB
MemFree:          217392 kB
MemAvailable:    1503480 kB
Buffers:          103044 kB
Cached:          1200308 kB
MemTotal:        1844596 kB
MemFree:          218500 kB
MemAvailable:    1504588 kB
Buffers:          103044 kB
Cached:          1200308 kB
MemTotal:        1844596 kB
MemFree:          217996 kB
MemAvailable:    1504084 kB
Buffers:          103044 kB
Cached:          1200308 kB
MemTotal:        1844596 kB
MemFree:          217888 kB
MemAvailable:    1503976 kB
Buffers:          103044 kB
Cached:          1200308 kB
MemTotal:        1844596 kB
MemFree:          216760 kB
MemAvailable:    1502848 kB
Buffers:          103044 kB
Cached:          1200308 kB
MemTotal:        1844596 kB
MemFree:          216752 kB
MemAvailable:    1502840 kB
Buffers:          103044 kB
Cached:          1200308 kB
MemTotal:        1844596 kB
MemFree:          217992 kB
MemAvailable:    1504080 kB
Buffers:          103044 kB
Cached:          1200308 kB
MemTotal:        1844596 kB
MemFree:          217992 kB
MemAvailable:    1504080 kB
Buffers:          103044 kB
Cached:          1200308 kB
MemTotal:        1844596 kB
MemFree:          217444 kB
MemAvailable:    1503532 kB
Buffers:          103044 kB
Cached:          1200308 kB
MemTotal:        1844596 kB
MemFree:          217320 kB
MemAvailable:    1503408 kB
Buffers:          103044 kB
Cached:          1200308 kB
MemTotal:        1844596 kB
MemFree:          216284 kB
MemAvailable:    1502372 kB
Buffers:          103044 kB
Cached:          1200308 kB
MemTotal:        1844596 kB
MemFree:          216880 kB
MemAvailable:    1502968 kB
Buffers:          103044 kB
Cached:          1200308 kB
MemTotal:        1844596 kB
MemFree:          217216 kB
MemAvailable:    1503304 kB
Buffers:          103044 kB
Cached:          1200308 kB
MemTotal:        1844596 kB
MemFree:          216012 kB
MemAvailable:    1502100 kB
Buffers:          103044 kB
Cached:          1200308 kB
MemTotal:        1844596 kB
MemFree:          215408 kB
MemAvailable:    1501496 kB
Buffers:          103044 kB
Cached:          1200308 kB
MemTotal:        1844596 kB
MemFree:          215776 kB
MemAvailable:    1501864 kB
Buffers:          103044 kB
Cached:          1200308 kB
MemTotal:        1844596 kB
MemFree:          215652 kB
MemAvailable:    1501740 kB
Buffers:          103044 kB
Cached:          1200308 kB
MemTotal:        1844596 kB
MemFree:          214664 kB
MemAvailable:    1500752 kB
Buffers:          103044 kB
Cached:          1200308 kB
MemTotal:        1844596 kB
MemFree:          215600 kB
MemAvailable:    1501688 kB
Buffers:          103044 kB
Cached:          1200308 kB
MemTotal:        1844596 kB
MemFree:          215768 kB
MemAvailable:    1501856 kB
Buffers:          103044 kB
Cached:          1200308 kB
MemTotal:        1844596 kB
MemFree:          215508 kB
MemAvailable:    1501596 kB
Buffers:          103044 kB
Cached:          1200308 kB
MemTotal:        1844596 kB
MemFree:          215760 kB
MemAvailable:    1501848 kB
Buffers:          103044 kB
Cached:          1200308 kB
MemTotal:        1844596 kB
MemFree:          215644 kB
MemAvailable:    1501732 kB
Buffers:          103044 kB
Cached:          1200308 kB
MemTotal:        1844596 kB
MemFree:          215532 kB
MemAvailable:    1501620 kB
Buffers:          103044 kB
Cached:          1200308 kB
MemTotal:        1844596 kB
MemFree:          214392 kB
MemAvailable:    1500480 kB
Buffers:          103044 kB
Cached:          1200308 kB
MemTotal:        1844596 kB
MemFree:          211068 kB
MemAvailable:    1497156 kB
Buffers:          103044 kB
Cached:          1200308 kB
MemTotal:        1844596 kB
MemFree:          210440 kB
MemAvailable:    1496528 kB
Buffers:          103044 kB
Cached:          1200308 kB
MemTotal:        1844596 kB
MemFree:          210440 kB
MemAvailable:    1496528 kB
Buffers:          103044 kB
Cached:          1200308 kB
MemTotal:        1844596 kB
MemFree:          208912 kB
MemAvailable:    1495000 kB
Buffers:          103044 kB
Cached:          1200308 kB
MemTotal:        1844596 kB
MemFree:          210184 kB
MemAvailable:    1496272 kB
Buffers:          103044 kB
Cached:          1200308 kB
MemTotal:        1844596 kB
MemFree:          210076 kB
MemAvailable:    1496164 kB
Buffers:          103044 kB
Cached:          1200308 kB
MemTotal:        1844596 kB
MemFree:          210144 kB
MemAvailable:    1496232 kB
Buffers:          103044 kB
Cached:          1200308 kB
MemTotal:        1844596 kB
MemFree:          209084 kB
MemAvailable:    1495172 kB
Buffers:          103044 kB
Cached:          1200308 kB
MemTotal:        1844596 kB
MemFree:          209820 kB
MemAvailable:    1495912 kB
Buffers:          103044 kB
Cached:          1200312 kB
MemTotal:        1844596 kB
MemFree:          209464 kB
MemAvailable:    1495556 kB
Buffers:          103044 kB
Cached:          1200312 kB
MemTotal:        1844596 kB
MemFree:          209656 kB
MemAvailable:    1495748 kB
Buffers:          103044 kB
Cached:          1200312 kB
MemTotal:        1844596 kB
MemFree:          209684 kB
MemAvailable:    1495776 kB
Buffers:          103044 kB
Cached:          1200312 kB
MemTotal:        1844596 kB
MemFree:          209340 kB
MemAvailable:    1495432 kB
Buffers:          103044 kB
Cached:          1200312 kB
MemTotal:        1844596 kB
MemFree:          209884 kB
MemAvailable:    1495976 kB
Buffers:          103044 kB
Cached:          1200312 kB
MemTotal:        1844596 kB
MemFree:          208968 kB
MemAvailable:    1495060 kB
Buffers:          103044 kB
Cached:          1200312 kB
MemTotal:        1844596 kB
MemFree:          209644 kB
MemAvailable:    1495736 kB
Buffers:          103044 kB
Cached:          1200312 kB
MemTotal:        1844596 kB
MemFree:          209980 kB
MemAvailable:    1496072 kB
Buffers:          103044 kB
Cached:          1200312 kB
MemTotal:        1844596 kB
MemFree:          206116 kB
MemAvailable:    1492208 kB
Buffers:          103044 kB
Cached:          1200312 kB
MemTotal:        1844596 kB
MemFree:          203016 kB
MemAvailable:    1489108 kB
Buffers:          103044 kB
Cached:          1200312 kB
MemTotal:        1844596 kB
MemFree:          204068 kB
MemAvailable:    1490160 kB
Buffers:          103044 kB
Cached:          1200312 kB
MemTotal:        1844596 kB
MemFree:          203372 kB
MemAvailable:    1489464 kB
Buffers:          103044 kB
Cached:          1200312 kB
MemTotal:        1844596 kB
MemFree:          203140 kB
MemAvailable:    1489232 kB
Buffers:          103044 kB
Cached:          1200312 kB
MemTotal:        1844596 kB
MemFree:          202024 kB
MemAvailable:    1488116 kB
Buffers:          103044 kB
Cached:          1200312 kB
MemTotal:        1844596 kB
MemFree:          201464 kB
MemAvailable:    1487556 kB
Buffers:          103044 kB
Cached:          1200312 kB
MemTotal:        1844596 kB
MemFree:          200156 kB
MemAvailable:    1486248 kB
Buffers:          103044 kB
Cached:          1200312 kB
MemTotal:        1844596 kB
MemFree:          201132 kB
MemAvailable:    1487224 kB
Buffers:          103044 kB
Cached:          1200312 kB
MemTotal:        1844596 kB
MemFree:          201280 kB
MemAvailable:    1487372 kB
Buffers:          103044 kB
Cached:          1200312 kB
MemTotal:        1844596 kB
MemFree:          201328 kB
MemAvailable:    1487420 kB
Buffers:          103044 kB
Cached:          1200312 kB
MemTotal:        1844596 kB
MemFree:          200956 kB
MemAvailable:    1487048 kB
Buffers:          103044 kB
Cached:          1200312 kB
MemTotal:        1844596 kB
MemFree:          201124 kB
MemAvailable:    1487216 kB
Buffers:          103044 kB
Cached:          1200312 kB
MemTotal:        1844596 kB
MemFree:          201072 kB
MemAvailable:    1487164 kB
Buffers:          103044 kB
Cached:          1200312 kB
MemTotal:        1844596 kB
MemFree:          199592 kB
MemAvailable:    1485684 kB
Buffers:          103044 kB
Cached:          1200312 kB
MemTotal:        1844596 kB
MemFree:          199728 kB
MemAvailable:    1485820 kB
Buffers:          103044 kB
Cached:          1200312 kB
MemTotal:        1844596 kB
MemFree:          200976 kB
MemAvailable:    1487068 kB
Buffers:          103044 kB
Cached:          1200312 kB
MemTotal:        1844596 kB
MemFree:          200908 kB
MemAvailable:    1487000 kB
Buffers:          103044 kB
Cached:          1200312 kB
MemTotal:        1844596 kB
MemFree:          199736 kB
MemAvailable:    1485828 kB
Buffers:          103044 kB
Cached:          1200312 kB
MemTotal:        1844596 kB
MemFree:          199736 kB
MemAvailable:    1485828 kB
Buffers:          103044 kB
Cached:          1200312 kB
MemTotal:        1844596 kB
MemFree:          200976 kB
MemAvailable:    1487068 kB
Buffers:          103044 kB
Cached:          1200312 kB
MemTotal:        1844596 kB
MemFree:          199604 kB
MemAvailable:    1485696 kB
Buffers:          103044 kB
Cached:          1200312 kB
MemTotal:        1844596 kB
MemFree:          200756 kB
MemAvailable:    1486848 kB
Buffers:          103044 kB
Cached:          1200312 kB
MemTotal:        1844596 kB
MemFree:          200816 kB
MemAvailable:    1486908 kB
Buffers:          103044 kB
Cached:          1200312 kB
MemTotal:        1844596 kB
MemFree:          200612 kB
MemAvailable:    1486704 kB
Buffers:          103044 kB
Cached:          1200312 kB
MemTotal:        1844596 kB
MemFree:          200300 kB
MemAvailable:    1486392 kB
Buffers:          103044 kB
Cached:          1200312 kB
MemTotal:        1844596 kB
MemFree:          200548 kB
MemAvailable:    1486644 kB
Buffers:          103044 kB
Cached:          1200316 kB
MemTotal:        1844596 kB
MemFree:          197820 kB
MemAvailable:    1483916 kB
Buffers:          103044 kB
Cached:          1200316 kB
MemTotal:        1844596 kB
MemFree:          195152 kB
MemAvailable:    1481248 kB
Buffers:          103044 kB
Cached:          1200316 kB
MemTotal:        1844596 kB
MemFree:          192860 kB
MemAvailable:    1478956 kB
Buffers:          103044 kB
Cached:          1200316 kB
MemTotal:        1844596 kB
MemFree:          191248 kB
MemAvailable:    1477344 kB
Buffers:          103044 kB
Cached:          1200316 kB
MemTotal:        1844596 kB
MemFree:          192348 kB
MemAvailable:    1478444 kB
Buffers:          103044 kB
Cached:          1200316 kB
MemTotal:        1844596 kB
MemFree:          192116 kB
MemAvailable:    1478212 kB
Buffers:          103044 kB
Cached:          1200316 kB
MemTotal:        1844596 kB
MemFree:          191192 kB
MemAvailable:    1477288 kB
Buffers:          103044 kB
Cached:          1200316 kB
MemTotal:        1844596 kB
MemFree:          191316 kB
MemAvailable:    1477412 kB
Buffers:          103044 kB
Cached:          1200316 kB
MemTotal:        1844596 kB
MemFree:          192036 kB
MemAvailable:    1478132 kB
Buffers:          103044 kB
Cached:          1200316 kB
MemTotal:        1844596 kB
MemFree:          191620 kB
MemAvailable:    1477716 kB
Buffers:          103044 kB
Cached:          1200316 kB
MemTotal:        1844596 kB
MemFree:          190944 kB
MemAvailable:    1477040 kB
Buffers:          103044 kB
Cached:          1200316 kB
MemTotal:        1844596 kB
MemFree:          190696 kB
MemAvailable:    1476792 kB
Buffers:          103044 kB
Cached:          1200316 kB
MemTotal:        1844596 kB
MemFree:          191964 kB
MemAvailable:    1478060 kB
Buffers:          103044 kB
Cached:          1200316 kB
MemTotal:        1844596 kB
MemFree:          191992 kB
MemAvailable:    1478088 kB
Buffers:          103044 kB
Cached:          1200316 kB
MemTotal:        1844596 kB
MemFree:          192164 kB
MemAvailable:    1478260 kB
Buffers:          103044 kB
Cached:          1200316 kB
MemTotal:        1844596 kB
MemFree:          190732 kB
MemAvailable:    1476828 kB
Buffers:          103044 kB
Cached:          1200316 kB
MemTotal:        1844596 kB
MemFree:          192180 kB
MemAvailable:    1478276 kB
Buffers:          103044 kB
Cached:          1200316 kB
MemTotal:        1844596 kB
MemFree:          192180 kB
MemAvailable:    1478276 kB
Buffers:          103044 kB
Cached:          1200316 kB
MemTotal:        1844596 kB
MemFree:          191912 kB
MemAvailable:    1478008 kB
Buffers:          103044 kB
Cached:          1200316 kB
MemTotal:        1844596 kB
MemFree:          192164 kB
MemAvailable:    1478260 kB
Buffers:          103044 kB
Cached:          1200316 kB
MemTotal:        1844596 kB
MemFree:          192040 kB
MemAvailable:    1478136 kB
Buffers:          103044 kB
Cached:          1200316 kB
MemTotal:        1844596 kB
MemFree:          190468 kB
MemAvailable:    1476564 kB
Buffers:          103044 kB
Cached:          1200316 kB
MemTotal:        1844596 kB
MemFree:          191972 kB
MemAvailable:    1478068 kB
Buffers:          103044 kB
Cached:          1200316 kB
MemTotal:        1844596 kB
MemFree:          192116 kB
MemAvailable:    1478212 kB
Buffers:          103044 kB
Cached:          1200316 kB
MemTotal:        1844596 kB
MemFree:          192036 kB
MemAvailable:    1478132 kB
Buffers:          103044 kB
Cached:          1200316 kB
MemTotal:        1844596 kB
MemFree:          192288 kB
MemAvailable:    1478384 kB
Buffers:          103044 kB
Cached:          1200316 kB
MemTotal:        1844596 kB
MemFree:          191996 kB
MemAvailable:    1478092 kB
Buffers:          103044 kB
Cached:          1200316 kB
MemTotal:        1844596 kB
MemFree:          192032 kB
MemAvailable:    1478128 kB
Buffers:          103044 kB
Cached:          1200316 kB
MemTotal:        1844596 kB
MemFree:          190808 kB
MemAvailable:    1476904 kB
Buffers:          103044 kB
Cached:          1200316 kB
MemTotal:        1844596 kB
MemFree:          190808 kB
MemAvailable:    1476904 kB
Buffers:          103044 kB
Cached:          1200316 kB
MemTotal:        1844596 kB
MemFree:          190684 kB
MemAvailable:    1476780 kB
Buffers:          103044 kB
Cached:          1200316 kB
MemTotal:        1844596 kB
MemFree:          192044 kB
MemAvailable:    1478140 kB
Buffers:          103044 kB
Cached:          1200316 kB
MemTotal:        1844596 kB
MemFree:          191808 kB
MemAvailable:    1477904 kB
Buffers:          103044 kB
Cached:          1200316 kB
MemTotal:        1844596 kB
MemFree:          191172 kB
MemAvailable:    1477268 kB
Buffers:          103044 kB
Cached:          1200316 kB
MemTotal:        1844596 kB
MemFree:          190752 kB
MemAvailable:    1476848 kB
Buffers:          103044 kB
Cached:          1200316 kB
MemTotal:        1844596 kB
MemFree:          190752 kB
MemAvailable:    1476848 kB
Buffers:          103044 kB
Cached:          1200316 kB
MemTotal:        1844596 kB
MemFree:          192028 kB
MemAvailable:    1478124 kB
Buffers:          103044 kB
Cached:          1200316 kB
MemTotal:        1844596 kB
MemFree:          192200 kB
MemAvailable:    1478296 kB
Buffers:          103044 kB
Cached:          1200316 kB
MemTotal:        1844596 kB
MemFree:          188892 kB
MemAvailable:    1474988 kB
Buffers:          103044 kB
Cached:          1200316 kB
MemTotal:        1844596 kB
MemFree:          184800 kB
MemAvailable:    1470896 kB
Buffers:          103044 kB
Cached:          1200316 kB
MemTotal:        1844596 kB
MemFree:          182692 kB
MemAvailable:    1468788 kB
Buffers:          103044 kB
Cached:          1200316 kB
MemTotal:        1844596 kB
MemFree:          180336 kB
MemAvailable:    1466432 kB
Buffers:          103044 kB
Cached:          1200316 kB
MemTotal:        1844596 kB
MemFree:          180336 kB
MemAvailable:    1466432 kB
Buffers:          103044 kB
Cached:          1200316 kB
MemTotal:        1844596 kB
MemFree:          179956 kB
MemAvailable:    1466052 kB
Buffers:          103044 kB
Cached:          1200316 kB
MemTotal:        1844596 kB
MemFree:          179956 kB
MemAvailable:    1466052 kB
Buffers:          103044 kB
Cached:          1200316 kB
MemTotal:        1844596 kB
MemFree:          179908 kB
MemAvailable:    1466004 kB
Buffers:          103044 kB
Cached:          1200316 kB
MemTotal:        1844596 kB
MemFree:          179784 kB
MemAvailable:    1465880 kB
Buffers:          103044 kB
Cached:          1200316 kB
MemTotal:        1844596 kB
MemFree:          181052 kB
MemAvailable:    1467148 kB
Buffers:          103044 kB
Cached:          1200316 kB
MemTotal:        1844596 kB
MemFree:          180904 kB
MemAvailable:    1467000 kB
Buffers:          103044 kB
Cached:          1200316 kB
MemTotal:        1844596 kB
MemFree:          180068 kB
MemAvailable:    1466164 kB
Buffers:          103044 kB
Cached:          1200316 kB
MemTotal:        1844596 kB
MemFree:          181164 kB
MemAvailable:    1467260 kB
Buffers:          103044 kB
Cached:          1200316 kB
MemTotal:        1844596 kB
MemFree:          181416 kB
MemAvailable:    1467512 kB
Buffers:          103044 kB
Cached:          1200316 kB
MemTotal:        1844596 kB
MemFree:          181244 kB
MemAvailable:    1467340 kB
Buffers:          103044 kB
Cached:          1200316 kB
MemTotal:        1844596 kB
MemFree:          179888 kB
MemAvailable:    1465984 kB
Buffers:          103044 kB
Cached:          1200316 kB
MemTotal:        1844596 kB
MemFree:          181260 kB
MemAvailable:    1467356 kB
Buffers:          103044 kB
Cached:          1200316 kB
MemTotal:        1844596 kB
MemFree:          181368 kB
MemAvailable:    1467464 kB
Buffers:          103044 kB
Cached:          1200316 kB
MemTotal:        1844596 kB
MemFree:          179768 kB
MemAvailable:    1465864 kB
Buffers:          103044 kB
Cached:          1200316 kB
MemTotal:        1844596 kB
MemFree:          181228 kB
MemAvailable:    1467324 kB
Buffers:          103044 kB
Cached:          1200316 kB
MemTotal:        1844596 kB
MemFree:          180832 kB
MemAvailable:    1466928 kB
Buffers:          103044 kB
Cached:          1200316 kB
MemTotal:        1844596 kB
MemFree:          181192 kB
MemAvailable:    1467288 kB
Buffers:          103044 kB
Cached:          1200316 kB
MemTotal:        1844596 kB
MemFree:          179940 kB
MemAvailable:    1466036 kB
Buffers:          103044 kB
Cached:          1200316 kB
MemTotal:        1844596 kB
MemFree:          181280 kB
MemAvailable:    1467376 kB
Buffers:          103044 kB
Cached:          1200316 kB
MemTotal:        1844596 kB
MemFree:          181072 kB
MemAvailable:    1467168 kB
Buffers:          103044 kB
Cached:          1200316 kB
MemTotal:        1844596 kB
MemFree:          181408 kB
MemAvailable:    1467504 kB
Buffers:          103044 kB
Cached:          1200316 kB
MemTotal:        1844596 kB
MemFree:          181092 kB
MemAvailable:    1467188 kB
Buffers:          103044 kB
Cached:          1200316 kB
MemTotal:        1844596 kB
MemFree:          181072 kB
MemAvailable:    1467168 kB
Buffers:          103044 kB
Cached:          1200316 kB
MemTotal:        1844596 kB
MemFree:          181324 kB
MemAvailable:    1467420 kB
Buffers:          103044 kB
Cached:          1200316 kB
MemTotal:        1844596 kB
MemFree:          179792 kB
MemAvailable:    1465888 kB
Buffers:          103044 kB
Cached:          1200316 kB
MemTotal:        1844596 kB
MemFree:          181036 kB
MemAvailable:    1467144 kB
Buffers:          103044 kB
Cached:          1200328 kB
MemTotal:        1844596 kB
MemFree:          181292 kB
MemAvailable:    1467400 kB
Buffers:          103044 kB
Cached:          1200328 kB
MemTotal:        1844596 kB
MemFree:          181204 kB
MemAvailable:    1467312 kB
Buffers:          103044 kB
Cached:          1200328 kB
MemTotal:        1844596 kB
MemFree:          181060 kB
MemAvailable:    1467168 kB
Buffers:          103044 kB
Cached:          1200328 kB
MemTotal:        1844596 kB
MemFree:          181216 kB
MemAvailable:    1467324 kB
Buffers:          103044 kB
Cached:          1200328 kB
MemTotal:        1844596 kB
MemFree:          179964 kB
MemAvailable:    1466072 kB
Buffers:          103044 kB
Cached:          1200328 kB
MemTotal:        1844596 kB
MemFree:          181204 kB
MemAvailable:    1467312 kB
Buffers:          103044 kB
Cached:          1200328 kB
MemTotal:        1844596 kB
MemFree:          179916 kB
MemAvailable:    1466024 kB
Buffers:          103044 kB
Cached:          1200328 kB
MemTotal:        1844596 kB
MemFree:          179960 kB
MemAvailable:    1466068 kB
Buffers:          103044 kB
Cached:          1200328 kB
MemTotal:        1844596 kB
MemFree:          181196 kB
MemAvailable:    1467304 kB
Buffers:          103044 kB
Cached:          1200328 kB
MemTotal:        1844596 kB
MemFree:          181076 kB
MemAvailable:    1467184 kB
Buffers:          103044 kB
Cached:          1200328 kB
MemTotal:        1844596 kB
MemFree:          181328 kB
MemAvailable:    1467436 kB
Buffers:          103044 kB
Cached:          1200328 kB
MemTotal:        1844596 kB
MemFree:          181144 kB
MemAvailable:    1467252 kB
Buffers:          103044 kB
Cached:          1200328 kB
MemTotal:        1844596 kB
MemFree:          179928 kB
MemAvailable:    1466036 kB
Buffers:          103044 kB
Cached:          1200328 kB
MemTotal:        1844596 kB
MemFree:          181076 kB
MemAvailable:    1467184 kB
Buffers:          103044 kB
Cached:          1200328 kB
MemTotal:        1844596 kB
MemFree:          181328 kB
MemAvailable:    1467436 kB
Buffers:          103044 kB
Cached:          1200328 kB
MemTotal:        1844596 kB
MemFree:          181204 kB
MemAvailable:    1467312 kB
Buffers:          103044 kB
Cached:          1200328 kB
MemTotal:        1844596 kB
MemFree:          180892 kB
MemAvailable:    1467000 kB
Buffers:          103044 kB
Cached:          1200328 kB
MemTotal:        1844596 kB
MemFree:          180892 kB
MemAvailable:    1467000 kB
Buffers:          103044 kB
Cached:          1200328 kB
MemTotal:        1844596 kB
MemFree:          180912 kB
MemAvailable:    1467020 kB
Buffers:          103044 kB
Cached:          1200328 kB
MemTotal:        1844596 kB
MemFree:          180332 kB
MemAvailable:    1466440 kB
Buffers:          103044 kB
Cached:          1200328 kB
MemTotal:        1844596 kB
MemFree:          180584 kB
MemAvailable:    1466692 kB
Buffers:          103044 kB
Cached:          1200328 kB
MemTotal:        1844596 kB
MemFree:          179348 kB
MemAvailable:    1465456 kB
Buffers:          103044 kB
Cached:          1200328 kB
MemTotal:        1844596 kB
MemFree:          178984 kB
MemAvailable:    1465092 kB
Buffers:          103044 kB
Cached:          1200328 kB
MemTotal:        1844596 kB
MemFree:          179960 kB
MemAvailable:    1466068 kB
Buffers:          103044 kB
Cached:          1200328 kB
MemTotal:        1844596 kB
MemFree:          179852 kB
MemAvailable:    1465960 kB
Buffers:          103044 kB
Cached:          1200328 kB
MemTotal:        1844596 kB
MemFree:          178724 kB
MemAvailable:    1464832 kB
Buffers:          103044 kB
Cached:          1200328 kB
MemTotal:        1844596 kB
MemFree:          179832 kB
MemAvailable:    1465940 kB
Buffers:          103044 kB
Cached:          1200328 kB
MemTotal:        1844596 kB
MemFree:          180084 kB
MemAvailable:    1466192 kB
Buffers:          103044 kB
Cached:          1200328 kB
MemTotal:        1844596 kB
MemFree:          179720 kB
MemAvailable:    1465828 kB
Buffers:          103044 kB
Cached:          1200328 kB
MemTotal:        1844596 kB
MemFree:          178688 kB
MemAvailable:    1464796 kB
Buffers:          103044 kB
Cached:          1200328 kB
MemTotal:        1844596 kB
MemFree:          178804 kB
MemAvailable:    1464912 kB
Buffers:          103044 kB
Cached:          1200328 kB
MemTotal:        1844596 kB
MemFree:          178680 kB
MemAvailable:    1464788 kB
Buffers:          103044 kB
Cached:          1200328 kB
MemTotal:        1844596 kB
MemFree:          179600 kB
MemAvailable:    1465708 kB
Buffers:          103044 kB
Cached:          1200328 kB
MemTotal:        1844596 kB
MemFree:          178416 kB
MemAvailable:    1464524 kB
Buffers:          103044 kB
Cached:          1200328 kB
MemTotal:        1844596 kB
MemFree:          178292 kB
MemAvailable:    1464400 kB
Buffers:          103044 kB
Cached:          1200328 kB
MemTotal:        1844596 kB
MemFree:          179760 kB
MemAvailable:    1465868 kB
Buffers:          103044 kB
Cached:          1200328 kB
MemTotal:        1844596 kB
MemFree:          178984 kB
MemAvailable:    1465092 kB
Buffers:          103044 kB
Cached:          1200328 kB
MemTotal:        1844596 kB
MemFree:          179652 kB
MemAvailable:    1465760 kB
Buffers:          103044 kB
Cached:          1200328 kB
MemTotal:        1844596 kB
MemFree:          178472 kB
MemAvailable:    1464580 kB
Buffers:          103044 kB
Cached:          1200328 kB
MemTotal:        1844596 kB
MemFree:          177860 kB
MemAvailable:    1463968 kB
Buffers:          103044 kB
Cached:          1200328 kB
MemTotal:        1844596 kB
MemFree:          179488 kB
MemAvailable:    1465596 kB
Buffers:          103044 kB
Cached:          1200328 kB
MemTotal:        1844596 kB
MemFree:          178180 kB
MemAvailable:    1464288 kB
Buffers:          103044 kB
Cached:          1200328 kB
MemTotal:        1844596 kB
MemFree:          178188 kB
MemAvailable:    1464296 kB
Buffers:          103044 kB
Cached:          1200328 kB
MemTotal:        1844596 kB
MemFree:          178612 kB
MemAvailable:    1464720 kB
Buffers:          103044 kB
Cached:          1200328 kB
MemTotal:        1844596 kB
MemFree:          173636 kB
MemAvailable:    1459744 kB
Buffers:          103044 kB
Cached:          1200328 kB
MemTotal:        1844596 kB
MemFree:          172908 kB
MemAvailable:    1459016 kB
Buffers:          103044 kB
Cached:          1200328 kB
MemTotal:        1844596 kB
MemFree:          169436 kB
MemAvailable:    1455544 kB
Buffers:          103044 kB
Cached:          1200328 kB
MemTotal:        1844596 kB
MemFree:          168436 kB
MemAvailable:    1454544 kB
Buffers:          103044 kB
Cached:          1200328 kB
MemTotal:        1844596 kB
MemFree:          168196 kB
MemAvailable:    1454304 kB
Buffers:          103044 kB
Cached:          1200328 kB
MemTotal:        1844596 kB
MemFree:          166940 kB
MemAvailable:    1453048 kB
Buffers:          103044 kB
Cached:          1200328 kB
MemTotal:        1844596 kB
MemFree:          168112 kB
MemAvailable:    1454220 kB
Buffers:          103044 kB
Cached:          1200328 kB
MemTotal:        1844596 kB
MemFree:          166904 kB
MemAvailable:    1453012 kB
Buffers:          103044 kB
Cached:          1200328 kB
MemTotal:        1844596 kB
MemFree:          166392 kB
MemAvailable:    1452500 kB
Buffers:          103044 kB
Cached:          1200328 kB
MemTotal:        1844596 kB
MemFree:          166080 kB
MemAvailable:    1452188 kB
Buffers:          103044 kB
Cached:          1200328 kB
MemTotal:        1844596 kB
MemFree:          167320 kB
MemAvailable:    1453428 kB
Buffers:          103044 kB
Cached:          1200328 kB
MemTotal:        1844596 kB
MemFree:          165708 kB
MemAvailable:    1451816 kB
Buffers:          103044 kB
Cached:          1200328 kB
MemTotal:        1844596 kB
MemFree:          165352 kB
MemAvailable:    1451460 kB
Buffers:          103044 kB
Cached:          1200328 kB
MemTotal:        1844596 kB
MemFree:          163732 kB
MemAvailable:    1449840 kB
Buffers:          103044 kB
Cached:          1200328 kB
MemTotal:        1844596 kB
MemFree:          164460 kB
MemAvailable:    1450568 kB
Buffers:          103044 kB
Cached:          1200328 kB
MemTotal:        1844596 kB
MemFree:          164104 kB
MemAvailable:    1450212 kB
Buffers:          103044 kB
Cached:          1200328 kB
MemTotal:        1844596 kB
MemFree:          164464 kB
MemAvailable:    1450572 kB
Buffers:          103044 kB
Cached:          1200328 kB
MemTotal:        1844596 kB
MemFree:          164604 kB
MemAvailable:    1450712 kB
Buffers:          103044 kB
Cached:          1200328 kB
MemTotal:        1844596 kB
MemFree:          164380 kB
MemAvailable:    1450488 kB
Buffers:          103044 kB
Cached:          1200328 kB
MemTotal:        1844596 kB
MemFree:          164388 kB
MemAvailable:    1450496 kB
Buffers:          103044 kB
Cached:          1200328 kB
MemTotal:        1844596 kB
MemFree:          164388 kB
MemAvailable:    1450496 kB
Buffers:          103044 kB
Cached:          1200328 kB
MemTotal:        1844596 kB
MemFree:          164520 kB
MemAvailable:    1450628 kB
Buffers:          103044 kB
Cached:          1200328 kB
MemTotal:        1844596 kB
MemFree:          163188 kB
MemAvailable:    1449296 kB
Buffers:          103044 kB
Cached:          1200328 kB
MemTotal:        1844596 kB
MemFree:          163056 kB
MemAvailable:    1449164 kB
Buffers:          103044 kB
Cached:          1200328 kB
MemTotal:        1844596 kB
MemFree:          164336 kB
MemAvailable:    1450444 kB
Buffers:          103044 kB
Cached:          1200328 kB
MemTotal:        1844596 kB
MemFree:          164588 kB
MemAvailable:    1450696 kB
Buffers:          103044 kB
Cached:          1200328 kB
MemTotal:        1844596 kB
MemFree:          164400 kB
MemAvailable:    1450508 kB
Buffers:          103044 kB
Cached:          1200328 kB
MemTotal:        1844596 kB
MemFree:          163840 kB
MemAvailable:    1449956 kB
Buffers:          103044 kB
Cached:          1200336 kB
MemTotal:        1844596 kB
MemFree:          164176 kB
MemAvailable:    1450292 kB
Buffers:          103044 kB
Cached:          1200336 kB
MemTotal:        1844596 kB
MemFree:          163360 kB
MemAvailable:    1449476 kB
Buffers:          103044 kB
Cached:          1200336 kB
MemTotal:        1844596 kB
MemFree:          161500 kB
MemAvailable:    1447616 kB
Buffers:          103044 kB
Cached:          1200336 kB
MemTotal:        1844596 kB
MemFree:          162928 kB
MemAvailable:    1449044 kB
Buffers:          103044 kB
Cached:          1200336 kB
MemTotal:        1844596 kB
MemFree:          162068 kB
MemAvailable:    1448184 kB
Buffers:          103044 kB
Cached:          1200336 kB
MemTotal:        1844596 kB
MemFree:          162352 kB
MemAvailable:    1448468 kB
Buffers:          103044 kB
Cached:          1200336 kB
MemTotal:        1844596 kB
MemFree:          161988 kB
MemAvailable:    1448104 kB
Buffers:          103044 kB
Cached:          1200336 kB
MemTotal:        1844596 kB
MemFree:          161128 kB
MemAvailable:    1447244 kB
Buffers:          103044 kB
Cached:          1200336 kB
MemTotal:        1844596 kB
MemFree:          160012 kB
MemAvailable:    1446128 kB
Buffers:          103044 kB
Cached:          1200336 kB
MemTotal:        1844596 kB
MemFree:          161056 kB
MemAvailable:    1447172 kB
Buffers:          103044 kB
Cached:          1200336 kB
MemTotal:        1844596 kB
MemFree:          160020 kB
MemAvailable:    1446136 kB
Buffers:          103044 kB
Cached:          1200336 kB
MemTotal:        1844596 kB
MemFree:          160624 kB
MemAvailable:    1446740 kB
Buffers:          103044 kB
Cached:          1200336 kB
MemTotal:        1844596 kB
MemFree:          160960 kB
MemAvailable:    1447076 kB
Buffers:          103044 kB
Cached:          1200336 kB
MemTotal:        1844596 kB
MemFree:          160492 kB
MemAvailable:    1446608 kB
Buffers:          103044 kB
Cached:          1200336 kB
MemTotal:        1844596 kB
MemFree:          159880 kB
MemAvailable:    1445996 kB
Buffers:          103044 kB
Cached:          1200336 kB
MemTotal:        1844596 kB
MemFree:          160560 kB
MemAvailable:    1446676 kB
Buffers:          103044 kB
Cached:          1200336 kB
MemTotal:        1844596 kB
MemFree:          160500 kB
MemAvailable:    1446616 kB
Buffers:          103044 kB
Cached:          1200336 kB
MemTotal:        1844596 kB
MemFree:          159212 kB
MemAvailable:    1445328 kB
Buffers:          103044 kB
Cached:          1200336 kB
MemTotal:        1844596 kB
MemFree:          159000 kB
MemAvailable:    1445116 kB
Buffers:          103044 kB
Cached:          1200336 kB
MemTotal:        1844596 kB
MemFree:          160448 kB
MemAvailable:    1446564 kB
Buffers:          103044 kB
Cached:          1200336 kB
MemTotal:        1844596 kB
MemFree:          160180 kB
MemAvailable:    1446296 kB
Buffers:          103044 kB
Cached:          1200336 kB
MemTotal:        1844596 kB
MemFree:          159888 kB
MemAvailable:    1446004 kB
Buffers:          103044 kB
Cached:          1200336 kB
MemTotal:        1844596 kB
MemFree:          160132 kB
MemAvailable:    1446248 kB
Buffers:          103044 kB
Cached:          1200336 kB
MemTotal:        1844596 kB
MemFree:          159816 kB
MemAvailable:    1445932 kB
Buffers:          103044 kB
Cached:          1200336 kB
MemTotal:        1844596 kB
MemFree:          160152 kB
MemAvailable:    1446268 kB
Buffers:          103044 kB
Cached:          1200336 kB
MemTotal:        1844596 kB
MemFree:          160128 kB
MemAvailable:    1446244 kB
Buffers:          103044 kB
Cached:          1200336 kB
MemTotal:        1844596 kB
MemFree:          159144 kB
MemAvailable:    1445260 kB
Buffers:          103044 kB
Cached:          1200336 kB
MemTotal:        1844596 kB
MemFree:          158592 kB
MemAvailable:    1444708 kB
Buffers:          103044 kB
Cached:          1200336 kB
MemTotal:        1844596 kB
MemFree:          159944 kB
MemAvailable:    1446060 kB
Buffers:          103044 kB
Cached:          1200336 kB
MemTotal:        1844596 kB
MemFree:          160196 kB
MemAvailable:    1446312 kB
Buffers:          103044 kB
Cached:          1200336 kB
MemTotal:        1844596 kB
MemFree:          160460 kB
MemAvailable:    1446580 kB
Buffers:          103044 kB
Cached:          1200340 kB
MemTotal:        1844596 kB
MemFree:          160252 kB
MemAvailable:    1446372 kB
Buffers:          103044 kB
Cached:          1200340 kB
MemTotal:        1844596 kB
MemFree:          160252 kB
MemAvailable:    1446372 kB
Buffers:          103044 kB
Cached:          1200340 kB
MemTotal:        1844596 kB
MemFree:          160336 kB
MemAvailable:    1446456 kB
Buffers:          103044 kB
Cached:          1200340 kB
MemTotal:        1844596 kB
MemFree:          160384 kB
MemAvailable:    1446504 kB
Buffers:          103044 kB
Cached:          1200340 kB
MemTotal:        1844596 kB
MemFree:          160212 kB
MemAvailable:    1446332 kB
Buffers:          103044 kB
Cached:          1200340 kB
MemTotal:        1844596 kB
MemFree:          160120 kB
MemAvailable:    1446240 kB
Buffers:          103044 kB
Cached:          1200340 kB
MemTotal:        1844596 kB
MemFree:          159984 kB
MemAvailable:    1446104 kB
Buffers:          103044 kB
Cached:          1200340 kB
MemTotal:        1844596 kB
MemFree:          160236 kB
MemAvailable:    1446356 kB
Buffers:          103044 kB
Cached:          1200340 kB
MemTotal:        1844596 kB
MemFree:          158956 kB
MemAvailable:    1445076 kB
Buffers:          103044 kB
Cached:          1200340 kB
MemTotal:        1844596 kB
MemFree:          158972 kB
MemAvailable:    1445092 kB
Buffers:          103044 kB
Cached:          1200340 kB
MemTotal:        1844596 kB
MemFree:          157904 kB
MemAvailable:    1444024 kB
Buffers:          103044 kB
Cached:          1200340 kB
MemTotal:        1844596 kB
MemFree:          158468 kB
MemAvailable:    1444588 kB
Buffers:          103044 kB
Cached:          1200340 kB
MemTotal:        1844596 kB
MemFree:          156152 kB
MemAvailable:    1442272 kB
Buffers:          103044 kB
Cached:          1200340 kB
MemTotal:        1844596 kB
MemFree:          156152 kB
MemAvailable:    1442272 kB
Buffers:          103044 kB
Cached:          1200340 kB
MemTotal:        1844596 kB
MemFree:          153068 kB
MemAvailable:    1439188 kB
Buffers:          103044 kB
Cached:          1200340 kB
MemTotal:        1844596 kB
MemFree:          149588 kB
MemAvailable:    1435708 kB
Buffers:          103044 kB
Cached:          1200340 kB
MemTotal:        1844596 kB
MemFree:          148860 kB
MemAvailable:    1434980 kB
Buffers:          103044 kB
Cached:          1200340 kB
MemTotal:        1844596 kB
MemFree:          145804 kB
MemAvailable:    1431924 kB
Buffers:          103044 kB
Cached:          1200340 kB
MemTotal:        1844596 kB
MemFree:          143128 kB
MemAvailable:    1429248 kB
Buffers:          103044 kB
Cached:          1200340 kB
MemTotal:        1844596 kB
MemFree:          142024 kB
MemAvailable:    1428144 kB
Buffers:          103044 kB
Cached:          1200340 kB
MemTotal:        1844596 kB
MemFree:          140412 kB
MemAvailable:    1426532 kB
Buffers:          103044 kB
Cached:          1200340 kB
MemTotal:        1844596 kB
MemFree:          140652 kB
MemAvailable:    1426772 kB
Buffers:          103044 kB
Cached:          1200340 kB
MemTotal:        1844596 kB
MemFree:          140280 kB
MemAvailable:    1426400 kB
Buffers:          103044 kB
Cached:          1200340 kB
MemTotal:        1844596 kB
MemFree:          141232 kB
MemAvailable:    1427352 kB
Buffers:          103044 kB
Cached:          1200340 kB
MemTotal:        1844596 kB
MemFree:          141164 kB
MemAvailable:    1427284 kB
Buffers:          103044 kB
Cached:          1200340 kB
MemTotal:        1844596 kB
MemFree:          141400 kB
MemAvailable:    1427520 kB
Buffers:          103044 kB
Cached:          1200340 kB
MemTotal:        1844596 kB
MemFree:          141352 kB
MemAvailable:    1427472 kB
Buffers:          103044 kB
Cached:          1200340 kB
MemTotal:        1844596 kB
MemFree:          140668 kB
MemAvailable:    1426788 kB
Buffers:          103044 kB
Cached:          1200340 kB
MemTotal:        1844596 kB
MemFree:          141192 kB
MemAvailable:    1427316 kB
Buffers:          103044 kB
Cached:          1200344 kB
MemTotal:        1844596 kB
MemFree:          141164 kB
MemAvailable:    1427288 kB
Buffers:          103044 kB
Cached:          1200344 kB
MemTotal:        1844596 kB
MemFree:          141316 kB
MemAvailable:    1427440 kB
Buffers:          103044 kB
Cached:          1200344 kB
MemTotal:        1844596 kB
MemFree:          140116 kB
MemAvailable:    1426240 kB
Buffers:          103044 kB
Cached:          1200344 kB
MemTotal:        1844596 kB
MemFree:          140888 kB
MemAvailable:    1427012 kB
Buffers:          103044 kB
Cached:          1200344 kB
MemTotal:        1844596 kB
MemFree:          139420 kB
MemAvailable:    1425544 kB
Buffers:          103044 kB
Cached:          1200344 kB
MemTotal:        1844596 kB
MemFree:          140488 kB
MemAvailable:    1426612 kB
Buffers:          103044 kB
Cached:          1200344 kB
MemTotal:        1844596 kB
MemFree:          140452 kB
MemAvailable:    1426576 kB
Buffers:          103044 kB
Cached:          1200344 kB
MemTotal:        1844596 kB
MemFree:          139404 kB
MemAvailable:    1425528 kB
Buffers:          103044 kB
Cached:          1200344 kB
MemTotal:        1844596 kB
MemFree:          140472 kB
MemAvailable:    1426596 kB
Buffers:          103044 kB
Cached:          1200344 kB
MemTotal:        1844596 kB
MemFree:          139228 kB
MemAvailable:    1425352 kB
Buffers:          103044 kB
Cached:          1200344 kB
MemTotal:        1844596 kB
MemFree:          139304 kB
MemAvailable:    1425428 kB
Buffers:          103044 kB
Cached:          1200344 kB
MemTotal:        1844596 kB
MemFree:          139428 kB
MemAvailable:    1425552 kB
Buffers:          103044 kB
Cached:          1200344 kB
MemTotal:        1844596 kB
MemFree:          139132 kB
MemAvailable:    1425256 kB
Buffers:          103044 kB
Cached:          1200344 kB
MemTotal:        1844596 kB
MemFree:          140424 kB
MemAvailable:    1426548 kB
Buffers:          103044 kB
Cached:          1200344 kB
MemTotal:        1844596 kB
MemFree:          139428 kB
MemAvailable:    1425556 kB
Buffers:          103044 kB
Cached:          1200348 kB
MemTotal:        1844596 kB
MemFree:          139428 kB
MemAvailable:    1425556 kB
Buffers:          103044 kB
Cached:          1200348 kB
MemTotal:        1844596 kB
MemFree:          139428 kB
MemAvailable:    1425556 kB
Buffers:          103044 kB
Cached:          1200348 kB
MemTotal:        1844596 kB
MemFree:          139752 kB
MemAvailable:    1425880 kB
Buffers:          103044 kB
Cached:          1200348 kB
MemTotal:        1844596 kB
MemFree:          139168 kB
MemAvailable:    1425296 kB
Buffers:          103044 kB
Cached:          1200348 kB
MemTotal:        1844596 kB
MemFree:          139132 kB
MemAvailable:    1425260 kB
Buffers:          103044 kB
Cached:          1200348 kB
MemTotal:        1844596 kB
MemFree:          139540 kB
MemAvailable:    1425668 kB
Buffers:          103044 kB
Cached:          1200348 kB
MemTotal:        1844596 kB
MemFree:          138312 kB
MemAvailable:    1424440 kB
Buffers:          103044 kB
Cached:          1200348 kB
MemTotal:        1844596 kB
MemFree:          134840 kB
MemAvailable:    1420968 kB
Buffers:          103044 kB
Cached:          1200348 kB
MemTotal:        1844596 kB
MemFree:          133456 kB
MemAvailable:    1419584 kB
Buffers:          103044 kB
Cached:          1200348 kB
MemTotal:        1844596 kB
MemFree:          131368 kB
MemAvailable:    1417496 kB
Buffers:          103044 kB
Cached:          1200348 kB
MemTotal:        1844596 kB
MemFree:          125416 kB
MemAvailable:    1411544 kB
Buffers:          103044 kB
Cached:          1200348 kB
MemTotal:        1844596 kB
MemFree:          125168 kB
MemAvailable:    1411296 kB
Buffers:          103044 kB
Cached:          1200348 kB
MemTotal:        1844596 kB
MemFree:          122368 kB
MemAvailable:    1408496 kB
Buffers:          103044 kB
Cached:          1200348 kB
MemTotal:        1844596 kB
MemFree:          121192 kB
MemAvailable:    1407320 kB
Buffers:          103044 kB
Cached:          1200348 kB
MemTotal:        1844596 kB
MemFree:          121068 kB
MemAvailable:    1407196 kB
Buffers:          103044 kB
Cached:          1200348 kB
MemTotal:        1844596 kB
MemFree:          121192 kB
MemAvailable:    1407320 kB
Buffers:          103044 kB
Cached:          1200348 kB
MemTotal:        1844596 kB
MemFree:          122120 kB
MemAvailable:    1408248 kB
Buffers:          103044 kB
Cached:          1200348 kB
MemTotal:        1844596 kB
MemFree:          122372 kB
MemAvailable:    1408500 kB
Buffers:          103044 kB
Cached:          1200348 kB
MemTotal:        1844596 kB
MemFree:          120896 kB
MemAvailable:    1407024 kB
Buffers:          103044 kB
Cached:          1200348 kB
MemTotal:        1844596 kB
MemFree:          122172 kB
MemAvailable:    1408300 kB
Buffers:          103044 kB
Cached:          1200348 kB
MemTotal:        1844596 kB
MemFree:          122424 kB
MemAvailable:    1408552 kB
Buffers:          103044 kB
Cached:          1200348 kB
MemTotal:        1844596 kB
MemFree:          122060 kB
MemAvailable:    1408188 kB
Buffers:          103044 kB
Cached:          1200348 kB
MemTotal:        1844596 kB
MemFree:          121076 kB
MemAvailable:    1407204 kB
Buffers:          103044 kB
Cached:          1200348 kB
MemTotal:        1844596 kB
MemFree:          120904 kB
MemAvailable:    1407032 kB
Buffers:          103044 kB
Cached:          1200348 kB
MemTotal:        1844596 kB
MemFree:          122176 kB
MemAvailable:    1408304 kB
Buffers:          103044 kB
Cached:          1200348 kB
MemTotal:        1844596 kB
MemFree:          122176 kB
MemAvailable:    1408304 kB
Buffers:          103044 kB
Cached:          1200348 kB
MemTotal:        1844596 kB
MemFree:          122304 kB
MemAvailable:    1408432 kB
Buffers:          103044 kB
Cached:          1200348 kB
MemTotal:        1844596 kB
MemFree:          121180 kB
MemAvailable:    1407308 kB
Buffers:          103044 kB
Cached:          1200348 kB
MemTotal:        1844596 kB
MemFree:          122108 kB
MemAvailable:    1408236 kB
Buffers:          103044 kB
Cached:          1200348 kB
MemTotal:        1844596 kB
MemFree:          122352 kB
MemAvailable:    1408480 kB
Buffers:          103044 kB
Cached:          1200348 kB
MemTotal:        1844596 kB
MemFree:          121004 kB
MemAvailable:    1407132 kB
Buffers:          103044 kB
Cached:          1200348 kB
MemTotal:        1844596 kB
MemFree:          122184 kB
MemAvailable:    1408312 kB
Buffers:          103044 kB
Cached:          1200348 kB
MemTotal:        1844596 kB
MemFree:          122324 kB
MemAvailable:    1408452 kB
Buffers:          103044 kB
Cached:          1200348 kB
MemTotal:        1844596 kB
MemFree:          122112 kB
MemAvailable:    1408240 kB
Buffers:          103044 kB
Cached:          1200348 kB
MemTotal:        1844596 kB
MemFree:          120936 kB
MemAvailable:    1407064 kB
Buffers:          103044 kB
Cached:          1200348 kB
MemTotal:        1844596 kB
MemFree:          121068 kB
MemAvailable:    1407196 kB
Buffers:          103044 kB
Cached:          1200348 kB
MemTotal:        1844596 kB
MemFree:          122184 kB
MemAvailable:    1408312 kB
Buffers:          103044 kB
Cached:          1200348 kB
MemTotal:        1844596 kB
MemFree:          121456 kB
MemAvailable:    1407584 kB
Buffers:          103044 kB
Cached:          1200348 kB
MemTotal:        1844596 kB
MemFree:          122136 kB
MemAvailable:    1408264 kB
Buffers:          103044 kB
Cached:          1200348 kB
MemTotal:        1844596 kB
MemFree:          122136 kB
MemAvailable:    1408264 kB
Buffers:          103044 kB
Cached:          1200348 kB
MemTotal:        1844596 kB
MemFree:          120896 kB
MemAvailable:    1407024 kB
Buffers:          103044 kB
Cached:          1200348 kB
MemTotal:        1844596 kB
MemFree:          122448 kB
MemAvailable:    1408576 kB
Buffers:          103044 kB
Cached:          1200348 kB
MemTotal:        1844596 kB
MemFree:          120932 kB
MemAvailable:    1407060 kB
Buffers:          103044 kB
Cached:          1200348 kB
MemTotal:        1844596 kB
MemFree:          122256 kB
MemAvailable:    1408384 kB
Buffers:          103044 kB
Cached:          1200348 kB
MemTotal:        1844596 kB
MemFree:          121820 kB
MemAvailable:    1407824 kB
Buffers:          103044 kB
Cached:          1200348 kB
MemTotal:        1844596 kB
MemFree:          122432 kB
MemAvailable:    1408560 kB
Buffers:          103044 kB
Cached:          1200348 kB
MemTotal:        1844596 kB
MemFree:          121184 kB
MemAvailable:    1407312 kB
Buffers:          103044 kB
Cached:          1200348 kB
MemTotal:        1844596 kB
MemFree:          118704 kB
MemAvailable:    1404832 kB
Buffers:          103044 kB
Cached:          1200348 kB
MemTotal:        1844596 kB
MemFree:          118100 kB
MemAvailable:    1404228 kB
Buffers:          103044 kB
Cached:          1200348 kB
MemTotal:        1844596 kB
MemFree:          113936 kB
MemAvailable:    1400064 kB
Buffers:          103044 kB
Cached:          1200348 kB
MemTotal:        1844596 kB
MemFree:          110916 kB
MemAvailable:    1397044 kB
Buffers:          103044 kB
Cached:          1200348 kB
MemTotal:        1844596 kB
MemFree:          106808 kB
MemAvailable:    1392940 kB
Buffers:          103044 kB
Cached:          1200352 kB
MemTotal:        1844596 kB
MemFree:          106080 kB
MemAvailable:    1392212 kB
Buffers:          103044 kB
Cached:          1200352 kB
MemTotal:        1844596 kB
MemFree:          103964 kB
MemAvailable:    1390096 kB
Buffers:          103044 kB
Cached:          1200352 kB
MemTotal:        1844596 kB
MemFree:          103964 kB
MemAvailable:    1390096 kB
Buffers:          103044 kB
Cached:          1200352 kB
MemTotal:        1844596 kB
MemFree:          105140 kB
MemAvailable:    1391272 kB
Buffers:          103044 kB
Cached:          1200352 kB
MemTotal:        1844596 kB
MemFree:          102972 kB
MemAvailable:    1389104 kB
Buffers:          103044 kB
Cached:          1200352 kB
MemTotal:        1844596 kB
MemFree:          104272 kB
MemAvailable:    1390404 kB
Buffers:          103044 kB
Cached:          1200352 kB
MemTotal:        1844596 kB
MemFree:          102840 kB
MemAvailable:    1388972 kB
Buffers:          103044 kB
Cached:          1200352 kB
MemTotal:        1844596 kB
MemFree:          103784 kB
MemAvailable:    1389916 kB
Buffers:          103044 kB
Cached:          1200352 kB
MemTotal:        1844596 kB
MemFree:          103096 kB
MemAvailable:    1389228 kB
Buffers:          103044 kB
Cached:          1200352 kB
MemTotal:        1844596 kB
MemFree:          103656 kB
MemAvailable:    1389788 kB
Buffers:          103044 kB
Cached:          1200352 kB
MemTotal:        1844596 kB
MemFree:          103724 kB
MemAvailable:    1389856 kB
Buffers:          103044 kB
Cached:          1200352 kB
MemTotal:        1844596 kB
MemFree:          102344 kB
MemAvailable:    1388476 kB
Buffers:          103044 kB
Cached:          1200352 kB
MemTotal:        1844596 kB
MemFree:          102468 kB
MemAvailable:    1388600 kB
Buffers:          103044 kB
Cached:          1200352 kB
MemTotal:        1844596 kB
MemFree:          103536 kB
MemAvailable:    1389668 kB
Buffers:          103044 kB
Cached:          1200352 kB
MemTotal:        1844596 kB
MemFree:          102352 kB
MemAvailable:    1388484 kB
Buffers:          103044 kB
Cached:          1200352 kB
MemTotal:        1844596 kB
MemFree:          101848 kB
MemAvailable:    1387980 kB
Buffers:          103044 kB
Cached:          1200352 kB
MemTotal:        1844596 kB
MemFree:          101856 kB
MemAvailable:    1387988 kB
Buffers:          103044 kB
Cached:          1200352 kB
MemTotal:        1844596 kB
MemFree:          102480 kB
MemAvailable:    1388612 kB
Buffers:          103044 kB
Cached:          1200352 kB
MemTotal:        1844596 kB
MemFree:          101592 kB
MemAvailable:    1387728 kB
Buffers:          103044 kB
Cached:          1200356 kB
MemTotal:        1844596 kB
MemFree:          101676 kB
MemAvailable:    1387812 kB
Buffers:          103044 kB
Cached:          1200356 kB
MemTotal:        1844596 kB
MemFree:          100312 kB
MemAvailable:    1386448 kB
Buffers:          103044 kB
Cached:          1200356 kB
MemTotal:        1844596 kB
MemFree:           99996 kB
MemAvailable:    1386132 kB
Buffers:          103044 kB
Cached:          1200356 kB
MemTotal:        1844596 kB
MemFree:           99120 kB
MemAvailable:    1385256 kB
Buffers:          103044 kB
Cached:          1200356 kB
MemTotal:        1844596 kB
MemFree:           99004 kB
MemAvailable:    1385140 kB
Buffers:          103044 kB
Cached:          1200356 kB
MemTotal:        1844596 kB
MemFree:           99252 kB
MemAvailable:    1385388 kB
Buffers:          103044 kB
Cached:          1200356 kB
MemTotal:        1844596 kB
MemFree:           97392 kB
MemAvailable:    1383528 kB
Buffers:          103044 kB
Cached:          1200356 kB
MemTotal:        1844596 kB
MemFree:           97020 kB
MemAvailable:    1383156 kB
Buffers:          103044 kB
Cached:          1200356 kB
MemTotal:        1844596 kB
MemFree:           96896 kB
MemAvailable:    1383032 kB
Buffers:          103044 kB
Cached:          1200356 kB
MemTotal:        1844596 kB
MemFree:           96772 kB
MemAvailable:    1382908 kB
Buffers:          103044 kB
Cached:          1200356 kB
MemTotal:        1844596 kB
MemFree:           98056 kB
MemAvailable:    1384192 kB
Buffers:          103044 kB
Cached:          1200356 kB
MemTotal:        1844596 kB
MemFree:           96896 kB
MemAvailable:    1383032 kB
Buffers:          103044 kB
Cached:          1200356 kB
MemTotal:        1844596 kB
MemFree:           97680 kB
MemAvailable:    1383816 kB
Buffers:          103044 kB
Cached:          1200356 kB
MemTotal:        1844596 kB
MemFree:           97700 kB
MemAvailable:    1383836 kB
Buffers:          103044 kB
Cached:          1200356 kB
MemTotal:        1844596 kB
MemFree:           96888 kB
MemAvailable:    1383024 kB
Buffers:          103044 kB
Cached:          1200356 kB
MemTotal:        1844596 kB
MemFree:           96392 kB
MemAvailable:    1382528 kB
Buffers:          103044 kB
Cached:          1200356 kB
MemTotal:        1844596 kB
MemFree:           96160 kB
MemAvailable:    1382296 kB
Buffers:          103044 kB
Cached:          1200356 kB
MemTotal:        1844596 kB
MemFree:           96032 kB
MemAvailable:    1382168 kB
Buffers:          103044 kB
Cached:          1200356 kB
MemTotal:        1844596 kB
MemFree:           96160 kB
MemAvailable:    1382296 kB
Buffers:          103044 kB
Cached:          1200356 kB
MemTotal:        1844596 kB
MemFree:           94896 kB
MemAvailable:    1381032 kB
Buffers:          103044 kB
Cached:          1200356 kB
MemTotal:        1844596 kB
MemFree:           95848 kB
MemAvailable:    1381984 kB
Buffers:          103044 kB
Cached:          1200356 kB
MemTotal:        1844596 kB
MemFree:           96184 kB
MemAvailable:    1382320 kB
Buffers:          103044 kB
Cached:          1200356 kB
MemTotal:        1844596 kB
MemFree:           95848 kB
MemAvailable:    1381984 kB
Buffers:          103044 kB
Cached:          1200356 kB
MemTotal:        1844596 kB
MemFree:           94616 kB
MemAvailable:    1380752 kB
Buffers:          103044 kB
Cached:          1200356 kB
MemTotal:        1844596 kB
MemFree:           94904 kB
MemAvailable:    1381040 kB
Buffers:          103044 kB
Cached:          1200356 kB
MemTotal:        1844596 kB
MemFree:           95980 kB
MemAvailable:    1382116 kB
Buffers:          103044 kB
Cached:          1200356 kB
MemTotal:        1844596 kB
MemFree:           95968 kB
MemAvailable:    1382104 kB
Buffers:          103044 kB
Cached:          1200356 kB
MemTotal:        1844596 kB
MemFree:           96220 kB
MemAvailable:    1382356 kB
Buffers:          103044 kB
Cached:          1200356 kB
MemTotal:        1844596 kB
MemFree:           94780 kB
MemAvailable:    1380916 kB
Buffers:          103044 kB
Cached:          1200356 kB
MemTotal:        1844596 kB
MemFree:           94988 kB
MemAvailable:    1381124 kB
Buffers:          103044 kB
Cached:          1200356 kB
MemTotal:        1844596 kB
MemFree:           95960 kB
MemAvailable:    1382096 kB
Buffers:          103044 kB
Cached:          1200356 kB
MemTotal:        1844596 kB
MemFree:           96212 kB
MemAvailable:    1382348 kB
Buffers:          103044 kB
Cached:          1200356 kB
MemTotal:        1844596 kB
MemFree:           94600 kB
MemAvailable:    1380736 kB
Buffers:          103044 kB
Cached:          1200356 kB
MemTotal:        1844596 kB
MemFree:           95840 kB
MemAvailable:    1381976 kB
Buffers:          103044 kB
Cached:          1200356 kB
MemTotal:        1844596 kB
MemFree:           96096 kB
MemAvailable:    1382232 kB
Buffers:          103044 kB
Cached:          1200356 kB
MemTotal:        1844596 kB
MemFree:           95996 kB
MemAvailable:    1382132 kB
Buffers:          103044 kB
Cached:          1200356 kB
MemTotal:        1844596 kB
MemFree:           95904 kB
MemAvailable:    1382040 kB
Buffers:          103044 kB
Cached:          1200356 kB
MemTotal:        1844596 kB
MemFree:           96068 kB
MemAvailable:    1382204 kB
Buffers:          103044 kB
Cached:          1200356 kB
MemTotal:        1844596 kB
MemFree:           94852 kB
MemAvailable:    1380988 kB
Buffers:          103044 kB
Cached:          1200356 kB
MemTotal:        1844596 kB
MemFree:           94848 kB
MemAvailable:    1380984 kB
Buffers:          103044 kB
Cached:          1200356 kB
MemTotal:        1844596 kB
MemFree:           95888 kB
MemAvailable:    1382024 kB
Buffers:          103044 kB
Cached:          1200356 kB
MemTotal:        1844596 kB
MemFree:           96224 kB
MemAvailable:    1382360 kB
Buffers:          103044 kB
Cached:          1200356 kB
MemTotal:        1844596 kB
MemFree:           95908 kB
MemAvailable:    1382044 kB
Buffers:          103044 kB
Cached:          1200356 kB
MemTotal:        1844596 kB
MemFree:           94856 kB
MemAvailable:    1380992 kB
Buffers:          103044 kB
Cached:          1200356 kB
MemTotal:        1844596 kB
MemFree:           96024 kB
MemAvailable:    1382160 kB
Buffers:          103044 kB
Cached:          1200356 kB
MemTotal:        1844596 kB
MemFree:           95168 kB
MemAvailable:    1381304 kB
Buffers:          103044 kB
Cached:          1200356 kB
MemTotal:        1844596 kB
MemFree:           95940 kB
MemAvailable:    1382076 kB
Buffers:          103044 kB
Cached:          1200356 kB
MemTotal:        1844596 kB
MemFree:           94912 kB
MemAvailable:    1381048 kB
Buffers:          103044 kB
Cached:          1200356 kB
MemTotal:        1844596 kB
MemFree:           95932 kB
MemAvailable:    1382068 kB
Buffers:          103044 kB
Cached:          1200356 kB
MemTotal:        1844596 kB
MemFree:           95932 kB
MemAvailable:    1382068 kB
Buffers:          103044 kB
Cached:          1200356 kB
MemTotal:        1844596 kB
MemFree:           94868 kB
MemAvailable:    1381004 kB
Buffers:          103044 kB
Cached:          1200356 kB
MemTotal:        1844596 kB
MemFree:           94780 kB
MemAvailable:    1380916 kB
Buffers:          103044 kB
Cached:          1200356 kB
MemTotal:        1844596 kB
MemFree:           96028 kB
MemAvailable:    1382164 kB
Buffers:          103044 kB
Cached:          1200356 kB
MemTotal:        1844596 kB
MemFree:           94788 kB
MemAvailable:    1380924 kB
Buffers:          103044 kB
Cached:          1200356 kB
MemTotal:        1844596 kB
MemFree:           96144 kB
MemAvailable:    1382280 kB
Buffers:          103044 kB
Cached:          1200356 kB
MemTotal:        1844596 kB
MemFree:           96020 kB
MemAvailable:    1382156 kB
Buffers:          103044 kB
Cached:          1200356 kB
MemTotal:        1844596 kB
MemFree:           95664 kB
MemAvailable:    1381800 kB
Buffers:          103044 kB
Cached:          1200356 kB
MemTotal:        1844596 kB
MemFree:           96212 kB
MemAvailable:    1382348 kB
Buffers:          103044 kB
Cached:          1200356 kB
MemTotal:        1844596 kB
MemFree:           95136 kB
MemAvailable:    1381272 kB
Buffers:          103044 kB
Cached:          1200356 kB
MemTotal:        1844596 kB
MemFree:           94416 kB
MemAvailable:    1380552 kB
Buffers:          103044 kB
Cached:          1200356 kB
MemTotal:        1844596 kB
MemFree:           91812 kB
MemAvailable:    1377948 kB
Buffers:          103044 kB
Cached:          1200356 kB
MemTotal:        1844596 kB
MemFree:           88216 kB
MemAvailable:    1374352 kB
Buffers:          103044 kB
Cached:          1200356 kB
MemTotal:        1844596 kB
MemFree:           84852 kB
MemAvailable:    1370988 kB
Buffers:          103044 kB
Cached:          1200356 kB
MemTotal:        1844596 kB
MemFree:           84248 kB
MemAvailable:    1370384 kB
Buffers:          103044 kB
Cached:          1200356 kB
MemTotal:        1844596 kB
MemFree:           80900 kB
MemAvailable:    1367036 kB
Buffers:          103044 kB
Cached:          1200356 kB
MemTotal:        1844596 kB
MemFree:           77552 kB
MemAvailable:    1363688 kB
Buffers:          103044 kB
Cached:          1200356 kB
MemTotal:        1844596 kB
MemFree:           75684 kB
MemAvailable:    1361820 kB
Buffers:          103044 kB
Cached:          1200356 kB
MemTotal:        1844596 kB
MemFree:           75444 kB
MemAvailable:    1361580 kB
Buffers:          103044 kB
Cached:          1200356 kB
MemTotal:        1844596 kB
MemFree:           76512 kB
MemAvailable:    1362648 kB
Buffers:          103044 kB
Cached:          1200356 kB
MemTotal:        1844596 kB
MemFree:           75308 kB
MemAvailable:    1361444 kB
Buffers:          103044 kB
Cached:          1200356 kB
MemTotal:        1844596 kB
MemFree:           75392 kB
MemAvailable:    1361528 kB
Buffers:          103044 kB
Cached:          1200356 kB
MemTotal:        1844596 kB
MemFree:           76676 kB
MemAvailable:    1362816 kB
Buffers:          103044 kB
Cached:          1200360 kB
MemTotal:        1844596 kB
MemFree:           75272 kB
MemAvailable:    1361420 kB
Buffers:          103044 kB
Cached:          1200368 kB
MemTotal:        1844596 kB
MemFree:           75520 kB
MemAvailable:    1361668 kB
Buffers:          103044 kB
Cached:          1200368 kB
MemTotal:        1844596 kB
MemFree:           75272 kB
MemAvailable:    1361420 kB
Buffers:          103044 kB
Cached:          1200368 kB
MemTotal:        1844596 kB
MemFree:           76564 kB
MemAvailable:    1362712 kB
Buffers:          103044 kB
Cached:          1200368 kB
MemTotal:        1844596 kB
MemFree:           75300 kB
MemAvailable:    1361448 kB
Buffers:          103044 kB
Cached:          1200368 kB
MemTotal:        1844596 kB
MemFree:           75428 kB
MemAvailable:    1361576 kB
Buffers:          103044 kB
Cached:          1200368 kB
MemTotal:        1844596 kB
MemFree:           75660 kB
MemAvailable:    1361808 kB
Buffers:          103044 kB
Cached:          1200368 kB
MemTotal:        1844596 kB
MemFree:           74876 kB
MemAvailable:    1361024 kB
Buffers:          103044 kB
Cached:          1200368 kB
MemTotal:        1844596 kB
MemFree:           76088 kB
MemAvailable:    1362236 kB
Buffers:          103044 kB
Cached:          1200368 kB
MemTotal:        1844596 kB
MemFree:           74996 kB
MemAvailable:    1361144 kB
Buffers:          103044 kB
Cached:          1200368 kB
MemTotal:        1844596 kB
MemFree:           76208 kB
MemAvailable:    1362356 kB
Buffers:          103044 kB
Cached:          1200368 kB
MemTotal:        1844596 kB
MemFree:           76328 kB
MemAvailable:    1362476 kB
Buffers:          103044 kB
Cached:          1200368 kB
MemTotal:        1844596 kB
MemFree:           74896 kB
MemAvailable:    1361044 kB
Buffers:          103044 kB
Cached:          1200368 kB
MemTotal:        1844596 kB
MemFree:           75020 kB
MemAvailable:    1361168 kB
Buffers:          103044 kB
Cached:          1200368 kB
MemTotal:        1844596 kB
MemFree:           76364 kB
MemAvailable:    1362512 kB
Buffers:          103044 kB
Cached:          1200368 kB
MemTotal:        1844596 kB
MemFree:           76192 kB
MemAvailable:    1362340 kB
Buffers:          103044 kB
Cached:          1200368 kB
MemTotal:        1844596 kB
MemFree:           75008 kB
MemAvailable:    1361156 kB
Buffers:          103044 kB
Cached:          1200368 kB
MemTotal:        1844596 kB
MemFree:           76184 kB
MemAvailable:    1362332 kB
Buffers:          103044 kB
Cached:          1200368 kB
MemTotal:        1844596 kB
MemFree:           75304 kB
MemAvailable:    1361452 kB
Buffers:          103044 kB
Cached:          1200368 kB
MemTotal:        1844596 kB
MemFree:           74824 kB
MemAvailable:    1360972 kB
Buffers:          103044 kB
Cached:          1200368 kB
MemTotal:        1844596 kB
MemFree:           65432 kB
MemAvailable:    1351580 kB
Buffers:          103044 kB
Cached:          1200368 kB
MemTotal:        1844596 kB
MemFree:           65444 kB
MemAvailable:    1351592 kB
Buffers:          103044 kB
Cached:          1200368 kB
MemTotal:        1844596 kB
MemFree:           65668 kB
MemAvailable:    1351816 kB
Buffers:          103044 kB
Cached:          1200368 kB
MemTotal:        1844596 kB
MemFree:           65420 kB
MemAvailable:    1351568 kB
Buffers:          103044 kB
Cached:          1200368 kB
MemTotal:        1844596 kB
MemFree:           66464 kB
MemAvailable:    1352612 kB
Buffers:          103044 kB
Cached:          1200368 kB
MemTotal:        1844596 kB
MemFree:           66060 kB
MemAvailable:    1352208 kB
Buffers:          103044 kB
Cached:          1200368 kB
MemTotal:        1844596 kB
MemFree:           65884 kB
MemAvailable:    1352032 kB
Buffers:          103044 kB
Cached:          1200368 kB
MemTotal:        1844596 kB
MemFree:           66200 kB
MemAvailable:    1352348 kB
Buffers:          103044 kB
Cached:          1200368 kB
MemTotal:        1844596 kB
MemFree:           65288 kB
MemAvailable:    1351436 kB
Buffers:          103044 kB
Cached:          1200368 kB
MemTotal:        1844596 kB
MemFree:           65008 kB
MemAvailable:    1351160 kB
Buffers:          103044 kB
Cached:          1200372 kB
MemTotal:        1844596 kB
MemFree:           66100 kB
MemAvailable:    1352252 kB
Buffers:          103044 kB
Cached:          1200372 kB
MemTotal:        1844596 kB
MemFree:           66100 kB
MemAvailable:    1352252 kB
Buffers:          103044 kB
Cached:          1200372 kB
MemTotal:        1844596 kB
MemFree:           65968 kB
MemAvailable:    1352288 kB
Buffers:          103044 kB
Cached:          1200620 kB
MemTotal:        1844596 kB
MemFree:           65916 kB
MemAvailable:    1352404 kB
Buffers:          103044 kB
Cached:          1200744 kB
MemTotal:        1844596 kB
MemFree:           64468 kB
MemAvailable:    1350956 kB
Buffers:          103044 kB
Cached:          1200744 kB
MemTotal:        1844596 kB
MemFree:           65676 kB
MemAvailable:    1352332 kB
Buffers:          103044 kB
Cached:          1200868 kB
MemTotal:        1844596 kB
MemFree:           65504 kB
MemAvailable:    1352160 kB
Buffers:          103044 kB
Cached:          1200868 kB
MemTotal:        1844596 kB
MemFree:           64048 kB
MemAvailable:    1350704 kB
Buffers:          103044 kB
Cached:          1200992 kB
MemTotal:        1844596 kB
MemFree:           65380 kB
MemAvailable:    1352120 kB
Buffers:          103044 kB
Cached:          1200992 kB
MemTotal:        1844596 kB
MemFree:           64520 kB
MemAvailable:    1351260 kB
Buffers:          103044 kB
Cached:          1200992 kB
MemTotal:        1844596 kB
MemFree:           65080 kB
MemAvailable:    1351820 kB
Buffers:          103044 kB
Cached:          1200992 kB
MemTotal:        1844596 kB
MemFree:           65492 kB
MemAvailable:    1352232 kB
Buffers:          103044 kB
Cached:          1200992 kB
MemTotal:        1844596 kB
MemFree:           64192 kB
MemAvailable:    1350932 kB
Buffers:          103044 kB
Cached:          1200992 kB
MemTotal:        1844596 kB
MemFree:           65280 kB
MemAvailable:    1352020 kB
Buffers:          103044 kB
Cached:          1200992 kB
MemTotal:        1844596 kB
MemFree:           65468 kB
MemAvailable:    1352208 kB
Buffers:          103044 kB
Cached:          1200992 kB
MemTotal:        1844596 kB
MemFree:           65232 kB
MemAvailable:    1352140 kB
Buffers:          103044 kB
Cached:          1201240 kB
MemTotal:        1844596 kB
MemFree:           64660 kB
MemAvailable:    1350812 kB
Buffers:          103044 kB
Cached:          1200400 kB
MemTotal:        1844596 kB
MemFree:           64540 kB
MemAvailable:    1350692 kB
Buffers:          103044 kB
Cached:          1200400 kB
MemTotal:        1844596 kB
MemFree:          206664 kB
MemAvailable:    1492900 kB
Buffers:          103044 kB
Cached:          1200400 kB
MemTotal:        1844596 kB
MemFree:          257988 kB
MemAvailable:    1544140 kB
Buffers:          103044 kB
Cached:          1200400 kB
