MemTotal:        1844596 kB
MemFree:          365564 kB
MemAvailable:    1545032 kB
Buffers:           89136 kB
Cached:          1122708 kB
MemTotal:        1844596 kB
MemFree:          339228 kB
MemAvailable:    1518708 kB
Buffers:           89140 kB
Cached:          1122712 kB
MemTotal:        1844596 kB
MemFree:          338216 kB
MemAvailable:    1517696 kB
Buffers:           89140 kB
Cached:          1122712 kB
MemTotal:        1844596 kB
MemFree:          338320 kB
MemAvailable:    1517800 kB
Buffers:           89140 kB
Cached:          1122712 kB
MemTotal:        1844596 kB
MemFree:          335028 kB
MemAvailable:    1514508 kB
Buffers:           89140 kB
Cached:          1122712 kB
MemTotal:        1844596 kB
MemFree:          334284 kB
MemAvailable:    1513764 kB
Buffers:           89140 kB
Cached:          1122712 kB
MemTotal:        1844596 kB
MemFree:          334840 kB
MemAvailable:    1514320 kB
Buffers:           89140 kB
Cached:          1122712 kB
MemTotal:        1844596 kB
MemFree:          332920 kB
MemAvailable:    1512400 kB
Buffers:           89140 kB
Cached:          1122712 kB
MemTotal:        1844596 kB
MemFree:          330688 kB
MemAvailable:    1510168 kB
Buffers:           89140 kB
Cached:          1122712 kB
MemTotal:        1844596 kB
MemFree:          328208 kB
MemAvailable:    1507688 kB
Buffers:           89140 kB
Cached:          1122712 kB
MemTotal:        1844596 kB
MemFree:          323984 kB
MemAvailable:    1503464 kB
Buffers:           89140 kB
Cached:          1122712 kB
MemTotal:        1844596 kB
MemFree:          323628 kB
MemAvailable:    1503108 kB
Buffers:           89140 kB
Cached:          1122712 kB
MemTotal:        1844596 kB
MemFree:          324656 kB
MemAvailable:    1504136 kB
Buffers:           89140 kB
Cached:          1122712 kB
MemTotal:        1844596 kB
MemFree:          323372 kB
MemAvailable:    1502852 kB
Buffers:           89140 kB
Cached:          1122712 kB
MemTotal:        1844596 kB
MemFree:          324516 kB
MemAvailable:    1503996 kB
Buffers:           89140 kB
Cached:          1122712 kB
MemTotal:        1844596 kB
MemFree:          324736 kB
MemAvailable:    1504216 kB
Buffers:           89140 kB
Cached:          1122712 kB
MemTotal:        1844596 kB
MemFree:          324616 kB
MemAvailable:    1504096 kB
Buffers:           89140 kB
Cached:          1122712 kB
MemTotal:        1844596 kB
MemFree:          323440 kB
MemAvailable:    1502920 kB
Buffers:           89140 kB
Cached:          1122712 kB
MemTotal:        1844596 kB
MemFree:          323248 kB
MemAvailable:    1502728 kB
Buffers:           89140 kB
Cached:          1122712 kB
MemTotal:        1844596 kB
MemFree:          323000 kB
MemAvailable:    1502480 kB
Buffers:           89140 kB
Cached:          1122712 kB
MemTotal:        1844596 kB
MemFree:          324192 kB
MemAvailable:    1503672 kB
Buffers:           89140 kB
Cached:          1122712 kB
MemTotal:        1844596 kB
MemFree:          324092 kB
MemAvailable:    1503572 kB
Buffers:           89140 kB
Cached:          1122712 kB
MemTotal:        1844596 kB
MemFree:          322612 kB
MemAvailable:    1502092 kB
Buffers:           89140 kB
Cached:          1122712 kB
MemTotal:        1844596 kB
MemFree:          322504 kB
MemAvailable:    1501984 kB
Buffers:           89140 kB
Cached:          1122712 kB
MemTotal:        1844596 kB
MemFree:          323108 kB
MemAvailable:    1502588 kB
Buffers:           89140 kB
Cached:          1122712 kB
MemTotal:        1844596 kB
MemFree:          322876 kB
MemAvailable:    1502356 kB
Buffers:           89140 kB
Cached:          1122712 kB
MemTotal:        1844596 kB
MemFree:          321872 kB
MemAvailable:    1501352 kB
Buffers:           89140 kB
Cached:          1122712 kB
MemTotal:        1844596 kB
MemFree:          323164 kB
MemAvailable:    1502644 kB
Buffers:           89140 kB
Cached:          1122712 kB
MemTotal:        1844596 kB
MemFree:          322848 kB
MemAvailable:    1502328 kB
Buffers:           89140 kB
Cached:          1122712 kB
MemTotal:        1844596 kB
MemFree:          322932 kB
MemAvailable:    1502412 kB
Buffers:           89140 kB
Cached:          1122712 kB
MemTotal:        1844596 kB
MemFree:          322132 kB
MemAvailable:    1501612 kB
Buffers:           89140 kB
Cached:          1122712 kB
MemTotal:        1844596 kB
MemFree:          321620 kB
MemAvailable:    1501100 kB
Buffers:           89140 kB
Cached:          1122712 kB
MemTotal:        1844596 kB
MemFree:          321388 kB
MemAvailable:    1500868 kB
Buffers:           89140 kB
Cached:          1122712 kB
MemTotal:        1844596 kB
MemFree:          321624 kB
MemAvailable:    1501104 kB
Buffers:           89140 kB
Cached:          1122712 kB
MemTotal:        1844596 kB
MemFree:          320204 kB
MemAvailable:    1499684 kB
Buffers:           89140 kB
Cached:          1122712 kB
MemTotal:        1844596 kB
MemFree:          321568 kB
MemAvailable:    1501048 kB
Buffers:           89140 kB
Cached:          1122712 kB
MemTotal:        1844596 kB
MemFree:          320248 kB
MemAvailable:    1499728 kB
Buffers:           89140 kB
Cached:          1122712 kB
MemTotal:        1844596 kB
MemFree:          321440 kB
MemAvailable:    1500920 kB
Buffers:           89140 kB
Cached:          1122712 kB
MemTotal:        1844596 kB
MemFree:          321692 kB
MemAvailable:    1501172 kB
Buffers:           89140 kB
Cached:          1122712 kB
MemTotal:        1844596 kB
MemFree:          322796 kB
MemAvailable:    1502276 kB
Buffers:           89140 kB
Cached:          1122712 kB
MemTotal:        1844596 kB
MemFree:          321460 kB
MemAvailable:    1500940 kB
Buffers:           89140 kB
Cached:          1122712 kB
MemTotal:        1844596 kB
MemFree:          318892 kB
MemAvailable:    1498372 kB
Buffers:           89140 kB
Cached:          1122712 kB
MemTotal:        1844596 kB
MemFree:          317916 kB
MemAvailable:    1497396 kB
Buffers:           89140 kB
Cached:          1122712 kB
MemTotal:        1844596 kB
MemFree:          317852 kB
MemAvailable:    1497332 kB
Buffers:           89140 kB
Cached:          1122712 kB
MemTotal:        1844596 kB
MemFree:          316420 kB
MemAvailable:    1495900 kB
Buffers:           89140 kB
Cached:          1122712 kB
MemTotal:        1844596 kB
MemFree:          316288 kB
MemAvailable:    1495768 kB
Buffers:           89140 kB
Cached:          1122712 kB
MemTotal:        1844596 kB
MemFree:          316412 kB
MemAvailable:    1495892 kB
Buffers:           89140 kB
Cached:          1122712 kB
MemTotal:        1844596 kB
MemFree:          317460 kB
MemAvailable:    1496940 kB
Buffers:           89140 kB
Cached:          1122712 kB
MemTotal:        1844596 kB
MemFree:          317284 kB
MemAvailable:    1496764 kB
Buffers:           89140 kB
Cached:          1122712 kB
MemTotal:        1844596 kB
MemFree:          317284 kB
MemAvailable:    1496764 kB
Buffers:           89140 kB
Cached:          1122712 kB
MemTotal:        1844596 kB
MemFree:          316992 kB
MemAvailable:    1496472 kB
Buffers:           89140 kB
Cached:          1122712 kB
MemTotal:        1844596 kB
MemFree:          316676 kB
MemAvailable:    1496156 kB
Buffers:           89140 kB
Cached:          1122712 kB
MemTotal:        1844596 kB
MemFree:          317088 kB
MemAvailable:    1496568 kB
Buffers:           89140 kB
Cached:          1122712 kB
MemTotal:        1844596 kB
MemFree:          316188 kB
MemAvailable:    1495668 kB
Buffers:           89140 kB
Cached:          1122712 kB
MemTotal:        1844596 kB
MemFree:          316992 kB
MemAvailable:    1496472 kB
Buffers:           89140 kB
Cached:          1122712 kB
MemTotal:        1844596 kB
MemFree:          316800 kB
MemAvailable:    1496280 kB
Buffers:           89140 kB
Cached:          1122712 kB
MemTotal:        1844596 kB
MemFree:          315752 kB
MemAvailable:    1495232 kB
Buffers:           89140 kB
Cached:          1122712 kB
MemTotal:        1844596 kB
MemFree:          315800 kB
MemAvailable:    1495284 kB
Buffers:           89140 kB
Cached:          1122716 kB
MemTotal:        1844596 kB
MemFree:          313948 kB
MemAvailable:    1493432 kB
Buffers:           89140 kB
Cached:          1122716 kB
MemTotal:        1844596 kB
MemFree:          311212 kB
MemAvailable:    1490696 kB
Buffers:           89140 kB
Cached:          1122716 kB
MemTotal:        1844596 kB
MemFree:          311468 kB
MemAvailable:    1490952 kB
Buffers:           89140 kB
Cached:          1122716 kB
MemTotal:        1844596 kB
MemFree:          310784 kB
MemAvailable:    1490268 kB
Buffers:           89140 kB
Cached:          1122716 kB
MemTotal:        1844596 kB
MemFree:          309352 kB
MemAvailable:    1488836 kB
Buffers:           89140 kB
Cached:          1122716 kB
MemTotal:        1844596 kB
MemFree:          308848 kB
MemAvailable:    1488332 kB
Buffers:           89140 kB
Cached:          1122716 kB
MemTotal:        1844596 kB
MemFree:          308368 kB
MemAvailable:    1487852 kB
Buffers:           89140 kB
Cached:          1122716 kB
MemTotal:        1844596 kB
MemFree:          307692 kB
MemAvailable:    1487176 kB
Buffers:           89140 kB
Cached:          1122716 kB
MemTotal:        1844596 kB
MemFree:          307692 kB
MemAvailable:    1487176 kB
Buffers:           89140 kB
Cached:          1122716 kB
MemTotal:        1844596 kB
MemFree:          308668 kB
MemAvailable:    1488152 kB
Buffers:           89140 kB
Cached:          1122716 kB
MemTotal:        1844596 kB
MemFree:          308244 kB
MemAvailable:    1487728 kB
Buffers:           89140 kB
Cached:          1122716 kB
MemTotal:        1844596 kB
MemFree:          307072 kB
MemAvailable:    1486556 kB
Buffers:           89140 kB
Cached:          1122716 kB
MemTotal:        1844596 kB
MemFree:          308172 kB
MemAvailable:    1487656 kB
Buffers:           89140 kB
Cached:          1122716 kB
MemTotal:        1844596 kB
MemFree:          307624 kB
MemAvailable:    1487108 kB
Buffers:           89140 kB
Cached:          1122716 kB
MemTotal:        1844596 kB
MemFree:          308356 kB
MemAvailable:    1487840 kB
Buffers:           89140 kB
Cached:          1122716 kB
MemTotal:        1844596 kB
MemFree:          307508 kB
MemAvailable:    1486992 kB
Buffers:           89140 kB
Cached:          1122716 kB
MemTotal:        1844596 kB
MemFree:          308388 kB
MemAvailable:    1487876 kB
Buffers:           89140 kB
Cached:          1122720 kB
MemTotal:        1844596 kB
MemFree:          308304 kB
MemAvailable:    1487792 kB
Buffers:           89140 kB
Cached:          1122720 kB
MemTotal:        1844596 kB
MemFree:          307080 kB
MemAvailable:    1486568 kB
Buffers:           89140 kB
Cached:          1122720 kB
MemTotal:        1844596 kB
MemFree:          307080 kB
MemAvailable:    1486568 kB
Buffers:           89140 kB
Cached:          1122720 kB
MemTotal:        1844596 kB
MemFree:          308056 kB
MemAvailable:    1487544 kB
Buffers:           89140 kB
Cached:          1122720 kB
MemTotal:        1844596 kB
MemFree:          308120 kB
MemAvailable:    1487608 kB
Buffers:           89140 kB
Cached:          1122720 kB
MemTotal:        1844596 kB
MemFree:          306868 kB
MemAvailable:    1486356 kB
Buffers:           89140 kB
Cached:          1122720 kB
MemTotal:        1844596 kB
MemFree:          308108 kB
MemAvailable:    1487596 kB
Buffers:           89140 kB
Cached:          1122720 kB
MemTotal:        1844596 kB
MemFree:          306736 kB
MemAvailable:    1486224 kB
Buffers:           89140 kB
Cached:          1122720 kB
MemTotal:        1844596 kB
MemFree:          307748 kB
MemAvailable:    1487236 kB
Buffers:           89140 kB
Cached:          1122720 kB
MemTotal:        1844596 kB
MemFree:          307976 kB
MemAvailable:    1487464 kB
Buffers:           89140 kB
Cached:          1122720 kB
MemTotal:        1844596 kB
MemFree:          308060 kB
MemAvailable:    1487548 kB
Buffers:           89140 kB
Cached:          1122720 kB
MemTotal:        1844596 kB
MemFree:          304328 kB
MemAvailable:    1483816 kB
Buffers:           89140 kB
Cached:          1122720 kB
MemTotal:        1844596 kB
MemFree:          303788 kB
MemAvailable:    1483276 kB
Buffers:           89140 kB
Cached:          1122720 kB
MemTotal:        1844596 kB
MemFree:          298696 kB
MemAvailable:    1478184 kB
Buffers:           89140 kB
Cached:          1122720 kB
MemTotal:        1844596 kB
MemFree:          299888 kB
MemAvailable:    1479376 kB
Buffers:           89140 kB
Cached:          1122720 kB
MemTotal:        1844596 kB
MemFree:          299788 kB
MemAvailable:    1479276 kB
Buffers:           89140 kB
Cached:          1122720 kB
MemTotal:        1844596 kB
MemFree:          298516 kB
MemAvailable:    1478004 kB
Buffers:           89140 kB
Cached:          1122720 kB
MemTotal:        1844596 kB
MemFree:          299300 kB
MemAvailable:    1478788 kB
Buffers:           89140 kB
Cached:          1122720 kB
MemTotal:        1844596 kB
MemFree:          299200 kB
MemAvailable:    1478688 kB
Buffers:           89140 kB
Cached:          1122720 kB
MemTotal:        1844596 kB
MemFree:          299328 kB
MemAvailable:    1478816 kB
Buffers:           89140 kB
Cached:          1122720 kB
MemTotal:        1844596 kB
MemFree:          299388 kB
MemAvailable:    1478876 kB
Buffers:           89140 kB
Cached:          1122720 kB
MemTotal:        1844596 kB
MemFree:          299308 kB
MemAvailable:    1478796 kB
Buffers:           89140 kB
Cached:          1122720 kB
MemTotal:        1844596 kB
MemFree:          299176 kB
MemAvailable:    1478664 kB
Buffers:           89140 kB
Cached:          1122720 kB
MemTotal:        1844596 kB
MemFree:          298944 kB
MemAvailable:    1478432 kB
Buffers:           89140 kB
Cached:          1122720 kB
MemTotal:        1844596 kB
MemFree:          297936 kB
MemAvailable:    1477424 kB
Buffers:           89140 kB
Cached:          1122720 kB
MemTotal:        1844596 kB
MemFree:          298020 kB
MemAvailable:    1477508 kB
Buffers:           89140 kB
Cached:          1122720 kB
MemTotal:        1844596 kB
MemFree:          299288 kB
MemAvailable:    1478776 kB
Buffers:           89140 kB
Cached:          1122720 kB
MemTotal:        1844596 kB
MemFree:          299372 kB
MemAvailable:    1478860 kB
Buffers:           89140 kB
Cached:          1122720 kB
MemTotal:        1844596 kB
MemFree:          298144 kB
MemAvailable:    1477632 kB
Buffers:           89140 kB
Cached:          1122720 kB
MemTotal:        1844596 kB
MemFree:          298144 kB
MemAvailable:    1477632 kB
Buffers:           89140 kB
Cached:          1122720 kB
MemTotal:        1844596 kB
MemFree:          299248 kB
MemAvailable:    1478736 kB
Buffers:           89140 kB
Cached:          1122720 kB
MemTotal:        1844596 kB
MemFree:          298828 kB
MemAvailable:    1478316 kB
Buffers:           89140 kB
Cached:          1122720 kB
MemTotal:        1844596 kB
MemFree:          299244 kB
MemAvailable:    1478732 kB
Buffers:           89140 kB
Cached:          1122720 kB
MemTotal:        1844596 kB
MemFree:          298152 kB
MemAvailable:    1477640 kB
Buffers:           89140 kB
Cached:          1122720 kB
MemTotal:        1844596 kB
MemFree:          298020 kB
MemAvailable:    1477508 kB
Buffers:           89140 kB
Cached:          1122720 kB
MemTotal:        1844596 kB
MemFree:          298020 kB
MemAvailable:    1477508 kB
Buffers:           89140 kB
Cached:          1122720 kB
MemTotal:        1844596 kB
MemFree:          298020 kB
MemAvailable:    1477508 kB
Buffers:           89140 kB
Cached:          1122720 kB
MemTotal:        1844596 kB
MemFree:          298144 kB
MemAvailable:    1477632 kB
Buffers:           89140 kB
Cached:          1122720 kB
MemTotal:        1844596 kB
MemFree:          297896 kB
MemAvailable:    1477384 kB
Buffers:           89140 kB
Cached:          1122720 kB
MemTotal:        1844596 kB
MemFree:          299128 kB
MemAvailable:    1478616 kB
Buffers:           89140 kB
Cached:          1122720 kB
MemTotal:        1844596 kB
MemFree:          298952 kB
MemAvailable:    1478440 kB
Buffers:           89140 kB
Cached:          1122720 kB
MemTotal:        1844596 kB
MemFree:          293596 kB
MemAvailable:    1473084 kB
Buffers:           89140 kB
Cached:          1122720 kB
MemTotal:        1844596 kB
MemFree:          293596 kB
MemAvailable:    1473084 kB
Buffers:           89140 kB
Cached:          1122720 kB
MemTotal:        1844596 kB
MemFree:          290140 kB
MemAvailable:    1469628 kB
Buffers:           89140 kB
Cached:          1122720 kB
MemTotal:        1844596 kB
MemFree:          289272 kB
MemAvailable:    1468760 kB
Buffers:           89140 kB
Cached:          1122720 kB
MemTotal:        1844596 kB
MemFree:          289024 kB
MemAvailable:    1468512 kB
Buffers:           89140 kB
Cached:          1122720 kB
MemTotal:        1844596 kB
MemFree:          288768 kB
MemAvailable:    1468256 kB
Buffers:           89140 kB
Cached:          1122720 kB
MemTotal:        1844596 kB
MemFree:          288396 kB
MemAvailable:    1467884 kB
Buffers:           89140 kB
Cached:          1122720 kB
MemTotal:        1844596 kB
MemFree:          287412 kB
MemAvailable:    1466900 kB
Buffers:           89140 kB
Cached:          1122720 kB
MemTotal:        1844596 kB
MemFree:          286784 kB
MemAvailable:    1466276 kB
Buffers:           89140 kB
Cached:          1122724 kB
MemTotal:        1844596 kB
MemFree:          287528 kB
MemAvailable:    1467020 kB
Buffers:           89140 kB
Cached:          1122724 kB
MemTotal:        1844596 kB
MemFree:          287528 kB
MemAvailable:    1467020 kB
Buffers:           89140 kB
Cached:          1122724 kB
MemTotal:        1844596 kB
MemFree:          287496 kB
MemAvailable:    1466992 kB
Buffers:           89140 kB
Cached:          1122728 kB
MemTotal:        1844596 kB
MemFree:          286296 kB
MemAvailable:    1465792 kB
Buffers:           89140 kB
Cached:          1122728 kB
MemTotal:        1844596 kB
MemFree:          287596 kB
MemAvailable:    1467092 kB
Buffers:           89140 kB
Cached:          1122728 kB
MemTotal:        1844596 kB
MemFree:          286800 kB
MemAvailable:    1466296 kB
Buffers:           89140 kB
Cached:          1122728 kB
MemTotal:        1844596 kB
MemFree:          287596 kB
MemAvailable:    1467092 kB
Buffers:           89140 kB
Cached:          1122728 kB
MemTotal:        1844596 kB
MemFree:          287724 kB
MemAvailable:    1467220 kB
Buffers:           89140 kB
Cached:          1122728 kB
MemTotal:        1844596 kB
MemFree:          287612 kB
MemAvailable:    1467108 kB
Buffers:           89140 kB
Cached:          1122728 kB
MemTotal:        1844596 kB
MemFree:          287404 kB
MemAvailable:    1466900 kB
Buffers:           89140 kB
Cached:          1122728 kB
MemTotal:        1844596 kB
MemFree:          287420 kB
MemAvailable:    1466916 kB
Buffers:           89140 kB
Cached:          1122728 kB
MemTotal:        1844596 kB
MemFree:          287332 kB
MemAvailable:    1466828 kB
Buffers:           89140 kB
Cached:          1122728 kB
MemTotal:        1844596 kB
MemFree:          286164 kB
MemAvailable:    1465660 kB
Buffers:           89140 kB
Cached:          1122728 kB
MemTotal:        1844596 kB
MemFree:          287480 kB
MemAvailable:    1466976 kB
Buffers:           89140 kB
Cached:          1122728 kB
MemTotal:        1844596 kB
MemFree:          287452 kB
MemAvailable:    1466948 kB
Buffers:           89140 kB
Cached:          1122728 kB
MemTotal:        1844596 kB
MemFree:          287212 kB
MemAvailable:    1466708 kB
Buffers:           89140 kB
Cached:          1122728 kB
MemTotal:        1844596 kB
MemFree:          287548 kB
MemAvailable:    1467044 kB
Buffers:           89140 kB
Cached:          1122728 kB
MemTotal:        1844596 kB
MemFree:          287340 kB
MemAvailable:    1466836 kB
Buffers:           89140 kB
Cached:          1122728 kB
MemTotal:        1844596 kB
MemFree:          287048 kB
MemAvailable:    1466544 kB
Buffers:           89140 kB
Cached:          1122728 kB
MemTotal:        1844596 kB
MemFree:          286288 kB
MemAvailable:    1465784 kB
Buffers:           89140 kB
Cached:          1122728 kB
MemTotal:        1844596 kB
MemFree:          286288 kB
MemAvailable:    1465784 kB
Buffers:           89140 kB
Cached:          1122728 kB
MemTotal:        1844596 kB
MemFree:          286412 kB
MemAvailable:    1465908 kB
Buffers:           89140 kB
Cached:          1122728 kB
MemTotal:        1844596 kB
MemFree:          286108 kB
MemAvailable:    1465604 kB
Buffers:           89140 kB
Cached:          1122728 kB
MemTotal:        1844596 kB
MemFree:          286108 kB
MemAvailable:    1465604 kB
Buffers:           89140 kB
Cached:          1122728 kB
MemTotal:        1844596 kB
MemFree:          286112 kB
MemAvailable:    1465608 kB
Buffers:           89140 kB
Cached:          1122728 kB
MemTotal:        1844596 kB
MemFree:          286236 kB
MemAvailable:    1465732 kB
Buffers:           89140 kB
Cached:          1122728 kB
MemTotal:        1844596 kB
MemFree:          287404 kB
MemAvailable:    1466900 kB
Buffers:           89140 kB
Cached:          1122728 kB
MemTotal:        1844596 kB
MemFree:          286280 kB
MemAvailable:    1465776 kB
Buffers:           89140 kB
Cached:          1122728 kB
MemTotal:        1844596 kB
MemFree:          287488 kB
MemAvailable:    1466984 kB
Buffers:           89140 kB
Cached:          1122728 kB
MemTotal:        1844596 kB
MemFree:          287460 kB
MemAvailable:    1466956 kB
Buffers:           89140 kB
Cached:          1122728 kB
MemTotal:        1844596 kB
MemFree:          287412 kB
MemAvailable:    1466908 kB
Buffers:           89140 kB
Cached:          1122728 kB
MemTotal:        1844596 kB
MemFree:          287448 kB
MemAvailable:    1466944 kB
Buffers:           89140 kB
Cached:          1122728 kB
MemTotal:        1844596 kB
MemFree:          287356 kB
MemAvailable:    1466852 kB
Buffers:           89140 kB
Cached:          1122728 kB
MemTotal:        1844596 kB
MemFree:          287040 kB
MemAvailable:    1466536 kB
Buffers:           89140 kB
Cached:          1122728 kB
MemTotal:        1844596 kB
MemFree:          286116 kB
MemAvailable:    1465612 kB
Buffers:           89140 kB
Cached:          1122728 kB
MemTotal:        1844596 kB
MemFree:          286108 kB
MemAvailable:    1465604 kB
Buffers:           89140 kB
Cached:          1122728 kB
MemTotal:        1844596 kB
MemFree:          287416 kB
MemAvailable:    1466912 kB
Buffers:           89140 kB
Cached:          1122728 kB
MemTotal:        1844596 kB
MemFree:          287344 kB
MemAvailable:    1466840 kB
Buffers:           89140 kB
Cached:          1122728 kB
MemTotal:        1844596 kB
MemFree:          287404 kB
MemAvailable:    1466900 kB
Buffers:           89140 kB
Cached:          1122728 kB
MemTotal:        1844596 kB
MemFree:          286264 kB
MemAvailable:    1465760 kB
Buffers:           89140 kB
Cached:          1122728 kB
MemTotal:        1844596 kB
MemFree:          287040 kB
MemAvailable:    1466536 kB
Buffers:           89140 kB
Cached:          1122728 kB
MemTotal:        1844596 kB
MemFree:          286248 kB
MemAvailable:    1465744 kB
Buffers:           89140 kB
Cached:          1122728 kB
MemTotal:        1844596 kB
MemFree:          287272 kB
MemAvailable:    1466768 kB
Buffers:           89140 kB
Cached:          1122728 kB
MemTotal:        1844596 kB
MemFree:          287524 kB
MemAvailable:    1467020 kB
Buffers:           89140 kB
Cached:          1122728 kB
MemTotal:        1844596 kB
MemFree:          287284 kB
MemAvailable:    1466780 kB
Buffers:           89140 kB
Cached:          1122728 kB
MemTotal:        1844596 kB
MemFree:          286116 kB
MemAvailable:    1465612 kB
Buffers:           89140 kB
Cached:          1122728 kB
MemTotal:        1844596 kB
MemFree:          287392 kB
MemAvailable:    1466888 kB
Buffers:           89140 kB
Cached:          1122728 kB
MemTotal:        1844596 kB
MemFree:          287644 kB
MemAvailable:    1467140 kB
Buffers:           89140 kB
Cached:          1122728 kB
MemTotal:        1844596 kB
MemFree:          286040 kB
MemAvailable:    1465536 kB
Buffers:           89140 kB
Cached:          1122728 kB
MemTotal:        1844596 kB
MemFree:          286164 kB
MemAvailable:    1465660 kB
Buffers:           89140 kB
Cached:          1122728 kB
MemTotal:        1844596 kB
MemFree:          287148 kB
MemAvailable:    1466644 kB
Buffers:           89140 kB
Cached:          1122728 kB
MemTotal:        1844596 kB
MemFree:          287232 kB
MemAvailable:    1466728 kB
Buffers:           89140 kB
Cached:          1122728 kB
MemTotal:        1844596 kB
MemFree:          285752 kB
MemAvailable:    1465248 kB
Buffers:           89140 kB
Cached:          1122728 kB
MemTotal:        1844596 kB
MemFree:          286852 kB
MemAvailable:    1466348 kB
Buffers:           89140 kB
Cached:          1122728 kB
MemTotal:        1844596 kB
MemFree:          286296 kB
MemAvailable:    1465792 kB
Buffers:           89140 kB
Cached:          1122728 kB
MemTotal:        1844596 kB
MemFree:          286788 kB
MemAvailable:    1466284 kB
Buffers:           89140 kB
Cached:          1122728 kB
MemTotal:        1844596 kB
MemFree:          285656 kB
MemAvailable:    1465152 kB
Buffers:           89140 kB
Cached:          1122728 kB
MemTotal:        1844596 kB
MemFree:          285608 kB
MemAvailable:    1465104 kB
Buffers:           89140 kB
Cached:          1122728 kB
MemTotal:        1844596 kB
MemFree:          285608 kB
MemAvailable:    1465104 kB
Buffers:           89140 kB
Cached:          1122728 kB
MemTotal:        1844596 kB
MemFree:          285608 kB
MemAvailable:    1465104 kB
Buffers:           89140 kB
Cached:          1122728 kB
MemTotal:        1844596 kB
MemFree:          286652 kB
MemAvailable:    1466148 kB
Buffers:           89140 kB
Cached:          1122728 kB
MemTotal:        1844596 kB
MemFree:          285428 kB
MemAvailable:    1464924 kB
Buffers:           89140 kB
Cached:          1122728 kB
MemTotal:        1844596 kB
MemFree:          286364 kB
MemAvailable:    1465860 kB
Buffers:           89140 kB
Cached:          1122728 kB
MemTotal:        1844596 kB
MemFree:          286616 kB
MemAvailable:    1466112 kB
Buffers:           89140 kB
Cached:          1122728 kB
MemTotal:        1844596 kB
MemFree:          284996 kB
MemAvailable:    1464492 kB
Buffers:           89140 kB
Cached:          1122728 kB
MemTotal:        1844596 kB
MemFree:          286488 kB
MemAvailable:    1465984 kB
Buffers:           89144 kB
Cached:          1122724 kB
MemTotal:        1844596 kB
MemFree:          284984 kB
MemAvailable:    1464480 kB
Buffers:           89144 kB
Cached:          1122724 kB
MemTotal:        1844596 kB
MemFree:          286392 kB
MemAvailable:    1465888 kB
Buffers:           89144 kB
Cached:          1122724 kB
MemTotal:        1844596 kB
MemFree:          286644 kB
MemAvailable:    1466140 kB
Buffers:           89144 kB
Cached:          1122724 kB
MemTotal:        1844596 kB
MemFree:          285428 kB
MemAvailable:    1464928 kB
Buffers:           89144 kB
Cached:          1122728 kB
MemTotal:        1844596 kB
MemFree:          285124 kB
MemAvailable:    1464624 kB
Buffers:           89144 kB
Cached:          1122728 kB
MemTotal:        1844596 kB
MemFree:          286468 kB
MemAvailable:    1465968 kB
Buffers:           89144 kB
Cached:          1122728 kB
MemTotal:        1844596 kB
MemFree:          284676 kB
MemAvailable:    1464184 kB
Buffers:           89144 kB
Cached:          1122736 kB
MemTotal:        1844596 kB
MemFree:          286428 kB
MemAvailable:    1465936 kB
Buffers:           89144 kB
Cached:          1122736 kB
MemTotal:        1844596 kB
MemFree:          285056 kB
MemAvailable:    1464564 kB
Buffers:           89144 kB
Cached:          1122736 kB
MemTotal:        1844596 kB
MemFree:          285180 kB
MemAvailable:    1464688 kB
Buffers:           89144 kB
Cached:          1122736 kB
MemTotal:        1844596 kB
MemFree:          283328 kB
MemAvailable:    1462836 kB
Buffers:           89144 kB
Cached:          1122736 kB
MemTotal:        1844596 kB
MemFree:          279484 kB
MemAvailable:    1458992 kB
Buffers:           89144 kB
Cached:          1122736 kB
MemTotal:        1844596 kB
MemFree:          276072 kB
MemAvailable:    1455580 kB
Buffers:           89144 kB
Cached:          1122736 kB
MemTotal:        1844596 kB
MemFree:          274632 kB
MemAvailable:    1454140 kB
Buffers:           89144 kB
Cached:          1122736 kB
MemTotal:        1844596 kB
MemFree:          274508 kB
MemAvailable:    1454016 kB
Buffers:           89144 kB
Cached:          1122736 kB
MemTotal:        1844596 kB
MemFree:          274276 kB
MemAvailable:    1453784 kB
Buffers:           89144 kB
Cached:          1122736 kB
MemTotal:        1844596 kB
MemFree:          275252 kB
MemAvailable:    1454760 kB
Buffers:           89144 kB
Cached:          1122736 kB
MemTotal:        1844596 kB
MemFree:          274524 kB
MemAvailable:    1454032 kB
Buffers:           89144 kB
Cached:          1122736 kB
MemTotal:        1844596 kB
MemFree:          275212 kB
MemAvailable:    1454720 kB
Buffers:           89144 kB
Cached:          1122736 kB
MemTotal:        1844596 kB
MemFree:          273840 kB
MemAvailable:    1453348 kB
Buffers:           89144 kB
Cached:          1122736 kB
MemTotal:        1844596 kB
MemFree:          274376 kB
MemAvailable:    1453884 kB
Buffers:           89144 kB
Cached:          1122736 kB
MemTotal:        1844596 kB
MemFree:          274376 kB
MemAvailable:    1453884 kB
Buffers:           89144 kB
Cached:          1122736 kB
MemTotal:        1844596 kB
MemFree:          273656 kB
MemAvailable:    1453164 kB
Buffers:           89144 kB
Cached:          1122736 kB
MemTotal:        1844596 kB
MemFree:          272052 kB
MemAvailable:    1451560 kB
Buffers:           89144 kB
Cached:          1122736 kB
MemTotal:        1844596 kB
MemFree:          272864 kB
MemAvailable:    1452376 kB
Buffers:           89144 kB
Cached:          1122740 kB
MemTotal:        1844596 kB
MemFree:          273120 kB
MemAvailable:    1452432 kB
Buffers:           89144 kB
Cached:          1122740 kB
MemTotal:        1844596 kB
MemFree:          272864 kB
MemAvailable:    1452376 kB
Buffers:           89144 kB
Cached:          1122740 kB
MemTotal:        1844596 kB
MemFree:          273044 kB
MemAvailable:    1452556 kB
Buffers:           89144 kB
Cached:          1122740 kB
MemTotal:        1844596 kB
MemFree:          272772 kB
MemAvailable:    1452284 kB
Buffers:           89144 kB
Cached:          1122740 kB
MemTotal:        1844596 kB
MemFree:          272788 kB
MemAvailable:    1452300 kB
Buffers:           89144 kB
Cached:          1122740 kB
MemTotal:        1844596 kB
MemFree:          273084 kB
MemAvailable:    1452596 kB
Buffers:           89144 kB
Cached:          1122740 kB
MemTotal:        1844596 kB
MemFree:          272044 kB
MemAvailable:    1451556 kB
Buffers:           89144 kB
Cached:          1122740 kB
MemTotal:        1844596 kB
MemFree:          272768 kB
MemAvailable:    1452280 kB
Buffers:           89144 kB
Cached:          1122740 kB
MemTotal:        1844596 kB
MemFree:          272624 kB
MemAvailable:    1452136 kB
Buffers:           89144 kB
Cached:          1122740 kB
MemTotal:        1844596 kB
MemFree:          273048 kB
MemAvailable:    1452560 kB
Buffers:           89144 kB
Cached:          1122740 kB
MemTotal:        1844596 kB
MemFree:          271796 kB
MemAvailable:    1451308 kB
Buffers:           89144 kB
Cached:          1122740 kB
MemTotal:        1844596 kB
MemFree:          271664 kB
MemAvailable:    1451176 kB
Buffers:           89144 kB
Cached:          1122740 kB
MemTotal:        1844596 kB
MemFree:          272964 kB
MemAvailable:    1452476 kB
Buffers:           89144 kB
Cached:          1122740 kB
MemTotal:        1844596 kB
MemFree:          273036 kB
MemAvailable:    1452548 kB
Buffers:           89144 kB
Cached:          1122740 kB
MemTotal:        1844596 kB
MemFree:          272028 kB
MemAvailable:    1451540 kB
Buffers:           89144 kB
Cached:          1122740 kB
MemTotal:        1844596 kB
MemFree:          271424 kB
MemAvailable:    1450936 kB
Buffers:           89144 kB
Cached:          1122740 kB
MemTotal:        1844596 kB
MemFree:          270624 kB
MemAvailable:    1450136 kB
Buffers:           89144 kB
Cached:          1122740 kB
MemTotal:        1844596 kB
MemFree:          269936 kB
MemAvailable:    1449448 kB
Buffers:           89144 kB
Cached:          1122740 kB
MemTotal:        1844596 kB
MemFree:          270912 kB
MemAvailable:    1450424 kB
Buffers:           89144 kB
Cached:          1122740 kB
MemTotal:        1844596 kB
MemFree:          270912 kB
MemAvailable:    1450424 kB
Buffers:           89144 kB
Cached:          1122740 kB
MemTotal:        1844596 kB
MemFree:          270928 kB
MemAvailable:    1450440 kB
Buffers:           89144 kB
Cached:          1122740 kB
MemTotal:        1844596 kB
MemFree:          269548 kB
MemAvailable:    1449060 kB
Buffers:           89144 kB
Cached:          1122740 kB
MemTotal:        1844596 kB
MemFree:          269632 kB
MemAvailable:    1449144 kB
Buffers:           89144 kB
Cached:          1122740 kB
MemTotal:        1844596 kB
MemFree:          270292 kB
MemAvailable:    1449804 kB
Buffers:           89144 kB
Cached:          1122740 kB
MemTotal:        1844596 kB
MemFree:          268748 kB
MemAvailable:    1448260 kB
Buffers:           89144 kB
Cached:          1122740 kB
MemTotal:        1844596 kB
MemFree:          268424 kB
MemAvailable:    1447936 kB
Buffers:           89144 kB
Cached:          1122740 kB
MemTotal:        1844596 kB
MemFree:          268676 kB
MemAvailable:    1448188 kB
Buffers:           89144 kB
Cached:          1122740 kB
MemTotal:        1844596 kB
MemFree:          266836 kB
MemAvailable:    1446348 kB
Buffers:           89144 kB
Cached:          1122740 kB
MemTotal:        1844596 kB
MemFree:          267936 kB
MemAvailable:    1447448 kB
Buffers:           89144 kB
Cached:          1122740 kB
MemTotal:        1844596 kB
MemFree:          267456 kB
MemAvailable:    1446968 kB
Buffers:           89144 kB
Cached:          1122740 kB
MemTotal:        1844596 kB
MemFree:          267832 kB
MemAvailable:    1447344 kB
Buffers:           89144 kB
Cached:          1122740 kB
MemTotal:        1844596 kB
MemFree:          266656 kB
MemAvailable:    1446168 kB
Buffers:           89144 kB
Cached:          1122740 kB
MemTotal:        1844596 kB
MemFree:          267832 kB
MemAvailable:    1447344 kB
Buffers:           89144 kB
Cached:          1122740 kB
MemTotal:        1844596 kB
MemFree:          266780 kB
MemAvailable:    1446292 kB
Buffers:           89144 kB
Cached:          1122740 kB
MemTotal:        1844596 kB
MemFree:          267764 kB
MemAvailable:    1447276 kB
Buffers:           89144 kB
Cached:          1122740 kB
MemTotal:        1844596 kB
MemFree:          268020 kB
MemAvailable:    1447532 kB
Buffers:           89144 kB
Cached:          1122740 kB
MemTotal:        1844596 kB
MemFree:          266524 kB
MemAvailable:    1446036 kB
Buffers:           89144 kB
Cached:          1122740 kB
MemTotal:        1844596 kB
MemFree:          267736 kB
MemAvailable:    1447248 kB
Buffers:           89144 kB
Cached:          1122740 kB
MemTotal:        1844596 kB
MemFree:          266428 kB
MemAvailable:    1445940 kB
Buffers:           89144 kB
Cached:          1122740 kB
MemTotal:        1844596 kB
MemFree:          267604 kB
MemAvailable:    1447116 kB
Buffers:           89144 kB
Cached:          1122740 kB
MemTotal:        1844596 kB
MemFree:          267524 kB
MemAvailable:    1447036 kB
Buffers:           89144 kB
Cached:          1122740 kB
MemTotal:        1844596 kB
MemFree:          267084 kB
MemAvailable:    1446596 kB
Buffers:           89144 kB
Cached:          1122740 kB
MemTotal:        1844596 kB
MemFree:          267620 kB
MemAvailable:    1447132 kB
Buffers:           89144 kB
Cached:          1122740 kB
MemTotal:        1844596 kB
MemFree:          266404 kB
MemAvailable:    1445916 kB
Buffers:           89144 kB
Cached:          1122740 kB
MemTotal:        1844596 kB
MemFree:          266272 kB
MemAvailable:    1445784 kB
Buffers:           89144 kB
Cached:          1122740 kB
MemTotal:        1844596 kB
MemFree:          267500 kB
MemAvailable:    1447012 kB
Buffers:           89144 kB
Cached:          1122740 kB
MemTotal:        1844596 kB
MemFree:          267752 kB
MemAvailable:    1447264 kB
Buffers:           89144 kB
Cached:          1122740 kB
MemTotal:        1844596 kB
MemFree:          267508 kB
MemAvailable:    1447020 kB
Buffers:           89144 kB
Cached:          1122740 kB
MemTotal:        1844596 kB
MemFree:          266416 kB
MemAvailable:    1445928 kB
Buffers:           89144 kB
Cached:          1122740 kB
MemTotal:        1844596 kB
MemFree:          267820 kB
MemAvailable:    1447332 kB
Buffers:           89144 kB
Cached:          1122740 kB
MemTotal:        1844596 kB
MemFree:          266424 kB
MemAvailable:    1445944 kB
Buffers:           89144 kB
Cached:          1122748 kB
MemTotal:        1844596 kB
MemFree:          267484 kB
MemAvailable:    1447004 kB
Buffers:           89144 kB
Cached:          1122748 kB
MemTotal:        1844596 kB
MemFree:          267456 kB
MemAvailable:    1446976 kB
Buffers:           89144 kB
Cached:          1122748 kB
MemTotal:        1844596 kB
MemFree:          266516 kB
MemAvailable:    1446036 kB
Buffers:           89144 kB
Cached:          1122748 kB
MemTotal:        1844596 kB
MemFree:          265084 kB
MemAvailable:    1444604 kB
Buffers:           89144 kB
Cached:          1122748 kB
MemTotal:        1844596 kB
MemFree:          265836 kB
MemAvailable:    1445356 kB
Buffers:           89144 kB
Cached:          1122748 kB
MemTotal:        1844596 kB
MemFree:          265836 kB
MemAvailable:    1445356 kB
Buffers:           89144 kB
Cached:          1122748 kB
MemTotal:        1844596 kB
MemFree:          264540 kB
MemAvailable:    1444060 kB
Buffers:           89144 kB
Cached:          1122748 kB
MemTotal:        1844596 kB
MemFree:          262868 kB
MemAvailable:    1442388 kB
Buffers:           89144 kB
Cached:          1122748 kB
MemTotal:        1844596 kB
MemFree:          262240 kB
MemAvailable:    1441760 kB
Buffers:           89144 kB
Cached:          1122748 kB
MemTotal:        1844596 kB
MemFree:          257288 kB
MemAvailable:    1436808 kB
Buffers:           89144 kB
Cached:          1122748 kB
MemTotal:        1844596 kB
MemFree:          254744 kB
MemAvailable:    1434264 kB
Buffers:           89144 kB
Cached:          1122748 kB
MemTotal:        1844596 kB
MemFree:          251088 kB
MemAvailable:    1430608 kB
Buffers:           89144 kB
Cached:          1122748 kB
MemTotal:        1844596 kB
MemFree:          249000 kB
MemAvailable:    1428520 kB
Buffers:           89144 kB
Cached:          1122748 kB
MemTotal:        1844596 kB
MemFree:          247872 kB
MemAvailable:    1427392 kB
Buffers:           89144 kB
Cached:          1122748 kB
MemTotal:        1844596 kB
MemFree:          249160 kB
MemAvailable:    1428680 kB
Buffers:           89144 kB
Cached:          1122748 kB
MemTotal:        1844596 kB
MemFree:          247568 kB
MemAvailable:    1427088 kB
Buffers:           89144 kB
Cached:          1122748 kB
MemTotal:        1844596 kB
MemFree:          248668 kB
MemAvailable:    1428188 kB
Buffers:           89144 kB
Cached:          1122748 kB
MemTotal:        1844596 kB
MemFree:          248360 kB
MemAvailable:    1427756 kB
Buffers:           89144 kB
Cached:          1122748 kB
MemTotal:        1844596 kB
MemFree:          248676 kB
MemAvailable:    1428196 kB
Buffers:           89144 kB
Cached:          1122748 kB
MemTotal:        1844596 kB
MemFree:          248772 kB
MemAvailable:    1428292 kB
Buffers:           89144 kB
Cached:          1122748 kB
MemTotal:        1844596 kB
MemFree:          247616 kB
MemAvailable:    1427136 kB
Buffers:           89144 kB
Cached:          1122748 kB
MemTotal:        1844596 kB
MemFree:          248436 kB
MemAvailable:    1427956 kB
Buffers:           89144 kB
Cached:          1122748 kB
MemTotal:        1844596 kB
MemFree:          248692 kB
MemAvailable:    1428212 kB
Buffers:           89144 kB
Cached:          1122748 kB
MemTotal:        1844596 kB
MemFree:          248344 kB
MemAvailable:    1427864 kB
Buffers:           89144 kB
Cached:          1122748 kB
MemTotal:        1844596 kB
MemFree:          248428 kB
MemAvailable:    1427948 kB
Buffers:           89144 kB
Cached:          1122748 kB
MemTotal:        1844596 kB
MemFree:          248048 kB
MemAvailable:    1427568 kB
Buffers:           89144 kB
Cached:          1122748 kB
MemTotal:        1844596 kB
MemFree:          247500 kB
MemAvailable:    1427020 kB
Buffers:           89144 kB
Cached:          1122748 kB
MemTotal:        1844596 kB
MemFree:          246492 kB
MemAvailable:    1426012 kB
Buffers:           89144 kB
Cached:          1122748 kB
MemTotal:        1844596 kB
MemFree:          248044 kB
MemAvailable:    1427564 kB
Buffers:           89144 kB
Cached:          1122748 kB
MemTotal:        1844596 kB
MemFree:          247804 kB
MemAvailable:    1427324 kB
Buffers:           89144 kB
Cached:          1122748 kB
MemTotal:        1844596 kB
MemFree:          248056 kB
MemAvailable:    1427576 kB
Buffers:           89144 kB
Cached:          1122748 kB
MemTotal:        1844596 kB
MemFree:          246492 kB
MemAvailable:    1426012 kB
Buffers:           89144 kB
Cached:          1122748 kB
MemTotal:        1844596 kB
MemFree:          247848 kB
MemAvailable:    1427368 kB
Buffers:           89144 kB
Cached:          1122748 kB
MemTotal:        1844596 kB
MemFree:          247932 kB
MemAvailable:    1427452 kB
Buffers:           89144 kB
Cached:          1122748 kB
MemTotal:        1844596 kB
MemFree:          247736 kB
MemAvailable:    1427256 kB
Buffers:           89144 kB
Cached:          1122748 kB
MemTotal:        1844596 kB
MemFree:          246736 kB
MemAvailable:    1426256 kB
Buffers:           89144 kB
Cached:          1122748 kB
MemTotal:        1844596 kB
MemFree:          247648 kB
MemAvailable:    1427168 kB
Buffers:           89144 kB
Cached:          1122748 kB
MemTotal:        1844596 kB
MemFree:          247780 kB
MemAvailable:    1427300 kB
Buffers:           89144 kB
Cached:          1122748 kB
MemTotal:        1844596 kB
MemFree:          246604 kB
MemAvailable:    1426124 kB
Buffers:           89144 kB
Cached:          1122748 kB
MemTotal:        1844596 kB
MemFree:          246680 kB
MemAvailable:    1426200 kB
Buffers:           89144 kB
Cached:          1122748 kB
MemTotal:        1844596 kB
MemFree:          247832 kB
MemAvailable:    1427352 kB
Buffers:           89144 kB
Cached:          1122748 kB
MemTotal:        1844596 kB
MemFree:          248084 kB
MemAvailable:    1427604 kB
Buffers:           89144 kB
Cached:          1122748 kB
MemTotal:        1844596 kB
MemFree:          247856 kB
MemAvailable:    1427376 kB
Buffers:           89144 kB
Cached:          1122748 kB
MemTotal:        1844596 kB
MemFree:          248108 kB
MemAvailable:    1427628 kB
Buffers:           89144 kB
Cached:          1122748 kB
MemTotal:        1844596 kB
MemFree:          246576 kB
MemAvailable:    1426096 kB
Buffers:           89144 kB
Cached:          1122748 kB
MemTotal:        1844596 kB
MemFree:          247976 kB
MemAvailable:    1427496 kB
Buffers:           89144 kB
Cached:          1122748 kB
MemTotal:        1844596 kB
MemFree:          247788 kB
MemAvailable:    1427308 kB
Buffers:           89144 kB
Cached:          1122748 kB
MemTotal:        1844596 kB
MemFree:          247804 kB
MemAvailable:    1427324 kB
Buffers:           89144 kB
Cached:          1122748 kB
MemTotal:        1844596 kB
MemFree:          248056 kB
MemAvailable:    1427576 kB
Buffers:           89144 kB
Cached:          1122748 kB
MemTotal:        1844596 kB
MemFree:          246616 kB
MemAvailable:    1426136 kB
Buffers:           89144 kB
Cached:          1122748 kB
MemTotal:        1844596 kB
MemFree:          245888 kB
MemAvailable:    1425408 kB
Buffers:           89144 kB
Cached:          1122748 kB
MemTotal:        1844596 kB
MemFree:          242348 kB
MemAvailable:    1421868 kB
Buffers:           89144 kB
Cached:          1122748 kB
MemTotal:        1844596 kB
MemFree:          239988 kB
MemAvailable:    1419508 kB
Buffers:           89144 kB
Cached:          1122748 kB
MemTotal:        1844596 kB
MemFree:          236332 kB
MemAvailable:    1415852 kB
Buffers:           89144 kB
Cached:          1122748 kB
MemTotal:        1844596 kB
MemFree:          233332 kB
MemAvailable:    1412852 kB
Buffers:           89144 kB
Cached:          1122748 kB
MemTotal:        1844596 kB
MemFree:          231248 kB
MemAvailable:    1410768 kB
Buffers:           89144 kB
Cached:          1122748 kB
MemTotal:        1844596 kB
MemFree:          228892 kB
MemAvailable:    1408412 kB
Buffers:           89144 kB
Cached:          1122748 kB
MemTotal:        1844596 kB
MemFree:          230216 kB
MemAvailable:    1409736 kB
Buffers:           89144 kB
Cached:          1122748 kB
MemTotal:        1844596 kB
MemFree:          229024 kB
MemAvailable:    1408544 kB
Buffers:           89144 kB
Cached:          1122748 kB
MemTotal:        1844596 kB
MemFree:          229868 kB
MemAvailable:    1409392 kB
Buffers:           89144 kB
Cached:          1122752 kB
MemTotal:        1844596 kB
MemFree:          230036 kB
MemAvailable:    1409560 kB
Buffers:           89144 kB
Cached:          1122752 kB
MemTotal:        1844596 kB
MemFree:          228620 kB
MemAvailable:    1408144 kB
Buffers:           89144 kB
Cached:          1122752 kB
MemTotal:        1844596 kB
MemFree:          230264 kB
MemAvailable:    1409788 kB
Buffers:           89144 kB
Cached:          1122752 kB
MemTotal:        1844596 kB
MemFree:          229932 kB
MemAvailable:    1409456 kB
Buffers:           89144 kB
Cached:          1122752 kB
MemTotal:        1844596 kB
MemFree:          229388 kB
MemAvailable:    1408912 kB
Buffers:           89144 kB
Cached:          1122752 kB
MemTotal:        1844596 kB
MemFree:          230012 kB
MemAvailable:    1409536 kB
Buffers:           89144 kB
Cached:          1122752 kB
MemTotal:        1844596 kB
MemFree:          229756 kB
MemAvailable:    1409280 kB
Buffers:           89144 kB
Cached:          1122752 kB
MemTotal:        1844596 kB
MemFree:          228776 kB
MemAvailable:    1408300 kB
Buffers:           89144 kB
Cached:          1122752 kB
MemTotal:        1844596 kB
MemFree:          229620 kB
MemAvailable:    1409144 kB
Buffers:           89144 kB
Cached:          1122752 kB
MemTotal:        1844596 kB
MemFree:          229620 kB
MemAvailable:    1409144 kB
Buffers:           89144 kB
Cached:          1122752 kB
MemTotal:        1844596 kB
MemFree:          229616 kB
MemAvailable:    1409140 kB
Buffers:           89144 kB
Cached:          1122752 kB
MemTotal:        1844596 kB
MemFree:          229868 kB
MemAvailable:    1409392 kB
Buffers:           89144 kB
Cached:          1122752 kB
MemTotal:        1844596 kB
MemFree:          228348 kB
MemAvailable:    1407872 kB
Buffers:           89144 kB
Cached:          1122752 kB
MemTotal:        1844596 kB
MemFree:          229588 kB
MemAvailable:    1409112 kB
Buffers:           89144 kB
Cached:          1122752 kB
MemTotal:        1844596 kB
MemFree:          229620 kB
MemAvailable:    1409148 kB
Buffers:           89144 kB
Cached:          1122756 kB
MemTotal:        1844596 kB
MemFree:          229512 kB
MemAvailable:    1409040 kB
Buffers:           89144 kB
Cached:          1122756 kB
MemTotal:        1844596 kB
MemFree:          229748 kB
MemAvailable:    1409276 kB
Buffers:           89144 kB
Cached:          1122756 kB
MemTotal:        1844596 kB
MemFree:          229636 kB
MemAvailable:    1409164 kB
Buffers:           89144 kB
Cached:          1122756 kB
MemTotal:        1844596 kB
MemFree:          228900 kB
MemAvailable:    1408428 kB
Buffers:           89144 kB
Cached:          1122756 kB
MemTotal:        1844596 kB
MemFree:          228472 kB
MemAvailable:    1408000 kB
Buffers:           89144 kB
Cached:          1122756 kB
MemTotal:        1844596 kB
MemFree:          229988 kB
MemAvailable:    1409516 kB
Buffers:           89144 kB
Cached:          1122756 kB
MemTotal:        1844596 kB
MemFree:          229024 kB
MemAvailable:    1408552 kB
Buffers:           89144 kB
Cached:          1122756 kB
MemTotal:        1844596 kB
MemFree:          229876 kB
MemAvailable:    1409404 kB
Buffers:           89144 kB
Cached:          1122756 kB
MemTotal:        1844596 kB
MemFree:          229876 kB
MemAvailable:    1409404 kB
Buffers:           89144 kB
Cached:          1122756 kB
MemTotal:        1844596 kB
MemFree:          229616 kB
MemAvailable:    1409144 kB
Buffers:           89144 kB
Cached:          1122756 kB
MemTotal:        1844596 kB
MemFree:          229868 kB
MemAvailable:    1409396 kB
Buffers:           89144 kB
Cached:          1122756 kB
MemTotal:        1844596 kB
MemFree:          228256 kB
MemAvailable:    1407784 kB
Buffers:           89144 kB
Cached:          1122756 kB
MemTotal:        1844596 kB
MemFree:          228512 kB
MemAvailable:    1408040 kB
Buffers:           89144 kB
Cached:          1122756 kB
MemTotal:        1844596 kB
MemFree:          229580 kB
MemAvailable:    1409108 kB
Buffers:           89144 kB
Cached:          1122756 kB
MemTotal:        1844596 kB
MemFree:          229832 kB
MemAvailable:    1409360 kB
Buffers:           89144 kB
Cached:          1122756 kB
MemTotal:        1844596 kB
MemFree:          228884 kB
MemAvailable:    1408412 kB
Buffers:           89144 kB
Cached:          1122756 kB
MemTotal:        1844596 kB
MemFree:          228848 kB
MemAvailable:    1408376 kB
Buffers:           89144 kB
Cached:          1122756 kB
MemTotal:        1844596 kB
MemFree:          223560 kB
MemAvailable:    1403088 kB
Buffers:           89144 kB
Cached:          1122756 kB
MemTotal:        1844596 kB
MemFree:          221080 kB
MemAvailable:    1400608 kB
Buffers:           89144 kB
Cached:          1122756 kB
MemTotal:        1844596 kB
MemFree:          214196 kB
MemAvailable:    1393724 kB
Buffers:           89144 kB
Cached:          1122756 kB
MemTotal:        1844596 kB
MemFree:          210904 kB
MemAvailable:    1390432 kB
Buffers:           89144 kB
Cached:          1122756 kB
MemTotal:        1844596 kB
MemFree:          212260 kB
MemAvailable:    1391788 kB
Buffers:           89144 kB
Cached:          1122756 kB
MemTotal:        1844596 kB
MemFree:          212164 kB
MemAvailable:    1391692 kB
Buffers:           89144 kB
Cached:          1122756 kB
MemTotal:        1844596 kB
MemFree:          211532 kB
MemAvailable:    1391060 kB
Buffers:           89144 kB
Cached:          1122756 kB
MemTotal:        1844596 kB
MemFree:          211876 kB
MemAvailable:    1391404 kB
Buffers:           89144 kB
Cached:          1122756 kB
MemTotal:        1844596 kB
MemFree:          212212 kB
MemAvailable:    1391740 kB
Buffers:           89144 kB
Cached:          1122756 kB
MemTotal:        1844596 kB
MemFree:          212088 kB
MemAvailable:    1391616 kB
Buffers:           89144 kB
Cached:          1122756 kB
MemTotal:        1844596 kB
MemFree:          212088 kB
MemAvailable:    1391616 kB
Buffers:           89144 kB
Cached:          1122756 kB
MemTotal:        1844596 kB
MemFree:          212032 kB
MemAvailable:    1391560 kB
Buffers:           89144 kB
Cached:          1122756 kB
MemTotal:        1844596 kB
MemFree:          212076 kB
MemAvailable:    1391604 kB
Buffers:           89144 kB
Cached:          1122756 kB
MemTotal:        1844596 kB
MemFree:          211020 kB
MemAvailable:    1390548 kB
Buffers:           89144 kB
Cached:          1122756 kB
MemTotal:        1844596 kB
MemFree:          212024 kB
MemAvailable:    1391552 kB
Buffers:           89144 kB
Cached:          1122756 kB
MemTotal:        1844596 kB
MemFree:          211896 kB
MemAvailable:    1391424 kB
Buffers:           89144 kB
Cached:          1122756 kB
MemTotal:        1844596 kB
MemFree:          212232 kB
MemAvailable:    1391760 kB
Buffers:           89144 kB
Cached:          1122756 kB
MemTotal:        1844596 kB
MemFree:          212212 kB
MemAvailable:    1391740 kB
Buffers:           89144 kB
Cached:          1122756 kB
MemTotal:        1844596 kB
MemFree:          210864 kB
MemAvailable:    1390392 kB
Buffers:           89144 kB
Cached:          1122756 kB
MemTotal:        1844596 kB
MemFree:          212028 kB
MemAvailable:    1391556 kB
Buffers:           89144 kB
Cached:          1122756 kB
MemTotal:        1844596 kB
MemFree:          211152 kB
MemAvailable:    1390680 kB
Buffers:           89144 kB
Cached:          1122756 kB
MemTotal:        1844596 kB
MemFree:          212360 kB
MemAvailable:    1391888 kB
Buffers:           89144 kB
Cached:          1122756 kB
MemTotal:        1844596 kB
MemFree:          210920 kB
MemAvailable:    1390448 kB
Buffers:           89144 kB
Cached:          1122756 kB
MemTotal:        1844596 kB
MemFree:          211144 kB
MemAvailable:    1390672 kB
Buffers:           89144 kB
Cached:          1122756 kB
MemTotal:        1844596 kB
MemFree:          211144 kB
MemAvailable:    1390672 kB
Buffers:           89144 kB
Cached:          1122756 kB
MemTotal:        1844596 kB
MemFree:          210840 kB
MemAvailable:    1390368 kB
Buffers:           89144 kB
Cached:          1122756 kB
MemTotal:        1844596 kB
MemFree:          211176 kB
MemAvailable:    1390704 kB
Buffers:           89144 kB
Cached:          1122756 kB
MemTotal:        1844596 kB
MemFree:          210960 kB
MemAvailable:    1390488 kB
Buffers:           89144 kB
Cached:          1122756 kB
MemTotal:        1844596 kB
MemFree:          210960 kB
MemAvailable:    1390488 kB
Buffers:           89144 kB
Cached:          1122756 kB
MemTotal:        1844596 kB
MemFree:          209424 kB
MemAvailable:    1388952 kB
Buffers:           89144 kB
Cached:          1122756 kB
MemTotal:        1844596 kB
MemFree:          208184 kB
MemAvailable:    1387712 kB
Buffers:           89144 kB
Cached:          1122756 kB
MemTotal:        1844596 kB
MemFree:          204820 kB
MemAvailable:    1384348 kB
Buffers:           89144 kB
Cached:          1122756 kB
MemTotal:        1844596 kB
MemFree:          204464 kB
MemAvailable:    1383992 kB
Buffers:           89144 kB
Cached:          1122756 kB
MemTotal:        1844596 kB
MemFree:          200976 kB
MemAvailable:    1380504 kB
Buffers:           89144 kB
Cached:          1122756 kB
MemTotal:        1844596 kB
MemFree:          200496 kB
MemAvailable:    1379900 kB
Buffers:           89144 kB
Cached:          1122756 kB
MemTotal:        1844596 kB
MemFree:          196652 kB
MemAvailable:    1376180 kB
Buffers:           89144 kB
Cached:          1122756 kB
MemTotal:        1844596 kB
MemFree:          194232 kB
MemAvailable:    1373760 kB
Buffers:           89144 kB
Cached:          1122756 kB
MemTotal:        1844596 kB
MemFree:          191824 kB
MemAvailable:    1371352 kB
Buffers:           89144 kB
Cached:          1122756 kB
MemTotal:        1844596 kB
MemFree:          188576 kB
MemAvailable:    1368104 kB
Buffers:           89144 kB
Cached:          1122756 kB
MemTotal:        1844596 kB
MemFree:          188664 kB
MemAvailable:    1368192 kB
Buffers:           89144 kB
Cached:          1122756 kB
MemTotal:        1844596 kB
MemFree:          186236 kB
MemAvailable:    1365764 kB
Buffers:           89144 kB
Cached:          1122756 kB
MemTotal:        1844596 kB
MemFree:          182756 kB
MemAvailable:    1362284 kB
Buffers:           89144 kB
Cached:          1122756 kB
MemTotal:        1844596 kB
MemFree:          182764 kB
MemAvailable:    1362292 kB
Buffers:           89144 kB
Cached:          1122756 kB
MemTotal:        1844596 kB
MemFree:          180268 kB
MemAvailable:    1359796 kB
Buffers:           89144 kB
Cached:          1122756 kB
MemTotal:        1844596 kB
MemFree:          180352 kB
MemAvailable:    1359880 kB
Buffers:           89144 kB
Cached:          1122756 kB
MemTotal:        1844596 kB
MemFree:          180332 kB
MemAvailable:    1359860 kB
Buffers:           89144 kB
Cached:          1122756 kB
MemTotal:        1844596 kB
MemFree:          179024 kB
MemAvailable:    1358552 kB
Buffers:           89144 kB
Cached:          1122756 kB
MemTotal:        1844596 kB
MemFree:          180284 kB
MemAvailable:    1359812 kB
Buffers:           89144 kB
Cached:          1122756 kB
MemTotal:        1844596 kB
MemFree:          180280 kB
MemAvailable:    1359808 kB
Buffers:           89144 kB
Cached:          1122756 kB
MemTotal:        1844596 kB
MemFree:          178972 kB
MemAvailable:    1358500 kB
Buffers:           89144 kB
Cached:          1122756 kB
MemTotal:        1844596 kB
MemFree:          180240 kB
MemAvailable:    1359768 kB
Buffers:           89144 kB
Cached:          1122756 kB
MemTotal:        1844596 kB
MemFree:          180492 kB
MemAvailable:    1360020 kB
Buffers:           89144 kB
Cached:          1122756 kB
MemTotal:        1844596 kB
MemFree:          179160 kB
MemAvailable:    1358688 kB
Buffers:           89144 kB
Cached:          1122756 kB
MemTotal:        1844596 kB
MemFree:          179416 kB
MemAvailable:    1358944 kB
Buffers:           89144 kB
Cached:          1122756 kB
MemTotal:        1844596 kB
MemFree:          179088 kB
MemAvailable:    1358616 kB
Buffers:           89144 kB
Cached:          1122756 kB
MemTotal:        1844596 kB
MemFree:          177732 kB
MemAvailable:    1357260 kB
Buffers:           89144 kB
Cached:          1122756 kB
MemTotal:        1844596 kB
MemFree:          177616 kB
MemAvailable:    1357144 kB
Buffers:           89144 kB
Cached:          1122756 kB
MemTotal:        1844596 kB
MemFree:          179252 kB
MemAvailable:    1358780 kB
Buffers:           89144 kB
Cached:          1122756 kB
MemTotal:        1844596 kB
MemFree:          178532 kB
MemAvailable:    1358060 kB
Buffers:           89144 kB
Cached:          1122756 kB
MemTotal:        1844596 kB
MemFree:          178300 kB
MemAvailable:    1357828 kB
Buffers:           89144 kB
Cached:          1122756 kB
MemTotal:        1844596 kB
MemFree:          178660 kB
MemAvailable:    1358188 kB
Buffers:           89144 kB
Cached:          1122756 kB
MemTotal:        1844596 kB
MemFree:          178568 kB
MemAvailable:    1358108 kB
Buffers:           89144 kB
Cached:          1122768 kB
MemTotal:        1844596 kB
MemFree:          178352 kB
MemAvailable:    1357892 kB
Buffers:           89144 kB
Cached:          1122768 kB
MemTotal:        1844596 kB
MemFree:          177192 kB
MemAvailable:    1356732 kB
Buffers:           89144 kB
Cached:          1122768 kB
MemTotal:        1844596 kB
MemFree:          176516 kB
MemAvailable:    1356056 kB
Buffers:           89144 kB
Cached:          1122768 kB
MemTotal:        1844596 kB
MemFree:          176508 kB
MemAvailable:    1356048 kB
Buffers:           89144 kB
Cached:          1122768 kB
MemTotal:        1844596 kB
MemFree:          176996 kB
MemAvailable:    1356536 kB
Buffers:           89144 kB
Cached:          1122768 kB
MemTotal:        1844596 kB
MemFree:          176184 kB
MemAvailable:    1355724 kB
Buffers:           89144 kB
Cached:          1122768 kB
MemTotal:        1844596 kB
MemFree:          176076 kB
MemAvailable:    1355616 kB
Buffers:           89144 kB
Cached:          1122768 kB
MemTotal:        1844596 kB
MemFree:          176188 kB
MemAvailable:    1355728 kB
Buffers:           89144 kB
Cached:          1122768 kB
MemTotal:        1844596 kB
MemFree:          176136 kB
MemAvailable:    1355676 kB
Buffers:           89144 kB
Cached:          1122768 kB
MemTotal:        1844596 kB
MemFree:          176140 kB
MemAvailable:    1355680 kB
Buffers:           89144 kB
Cached:          1122768 kB
MemTotal:        1844596 kB
MemFree:          175200 kB
MemAvailable:    1354740 kB
Buffers:           89144 kB
Cached:          1122768 kB
MemTotal:        1844596 kB
MemFree:          176316 kB
MemAvailable:    1355856 kB
Buffers:           89144 kB
Cached:          1122768 kB
MemTotal:        1844596 kB
MemFree:          176044 kB
MemAvailable:    1355584 kB
Buffers:           89144 kB
Cached:          1122768 kB
MemTotal:        1844596 kB
MemFree:          176296 kB
MemAvailable:    1355836 kB
Buffers:           89144 kB
Cached:          1122768 kB
MemTotal:        1844596 kB
MemFree:          176200 kB
MemAvailable:    1355740 kB
Buffers:           89144 kB
Cached:          1122768 kB
MemTotal:        1844596 kB
MemFree:          174508 kB
MemAvailable:    1354048 kB
Buffers:           89144 kB
Cached:          1122768 kB
MemTotal:        1844596 kB
MemFree:          176108 kB
MemAvailable:    1355648 kB
Buffers:           89144 kB
Cached:          1122768 kB
MemTotal:        1844596 kB
MemFree:          175736 kB
MemAvailable:    1355276 kB
Buffers:           89144 kB
Cached:          1122768 kB
MemTotal:        1844596 kB
MemFree:          175904 kB
MemAvailable:    1355444 kB
Buffers:           89144 kB
Cached:          1122768 kB
MemTotal:        1844596 kB
MemFree:          174564 kB
MemAvailable:    1354104 kB
Buffers:           89144 kB
Cached:          1122768 kB
MemTotal:        1844596 kB
MemFree:          175880 kB
MemAvailable:    1355420 kB
Buffers:           89144 kB
Cached:          1122768 kB
MemTotal:        1844596 kB
MemFree:          176048 kB
MemAvailable:    1355588 kB
Buffers:           89144 kB
Cached:          1122768 kB
MemTotal:        1844596 kB
MemFree:          176080 kB
MemAvailable:    1355620 kB
Buffers:           89144 kB
Cached:          1122768 kB
MemTotal:        1844596 kB
MemFree:          174648 kB
MemAvailable:    1354188 kB
Buffers:           89144 kB
Cached:          1122768 kB
MemTotal:        1844596 kB
MemFree:          175948 kB
MemAvailable:    1355488 kB
Buffers:           89144 kB
Cached:          1122768 kB
MemTotal:        1844596 kB
MemFree:          175948 kB
MemAvailable:    1355488 kB
Buffers:           89144 kB
Cached:          1122768 kB
MemTotal:        1844596 kB
MemFree:          174640 kB
MemAvailable:    1354180 kB
Buffers:           89144 kB
Cached:          1122768 kB
MemTotal:        1844596 kB
MemFree:          176000 kB
MemAvailable:    1355540 kB
Buffers:           89144 kB
Cached:          1122768 kB
MemTotal:        1844596 kB
MemFree:          176252 kB
MemAvailable:    1355792 kB
Buffers:           89144 kB
Cached:          1122768 kB
MemTotal:        1844596 kB
MemFree:          174572 kB
MemAvailable:    1354112 kB
Buffers:           89144 kB
Cached:          1122768 kB
MemTotal:        1844596 kB
MemFree:          174820 kB
MemAvailable:    1354360 kB
Buffers:           89144 kB
Cached:          1122768 kB
MemTotal:        1844596 kB
MemFree:          176080 kB
MemAvailable:    1355620 kB
Buffers:           89144 kB
Cached:          1122768 kB
MemTotal:        1844596 kB
MemFree:          175992 kB
MemAvailable:    1355532 kB
Buffers:           89144 kB
Cached:          1122768 kB
MemTotal:        1844596 kB
MemFree:          175580 kB
MemAvailable:    1355120 kB
Buffers:           89144 kB
Cached:          1122768 kB
MemTotal:        1844596 kB
MemFree:          175928 kB
MemAvailable:    1355468 kB
Buffers:           89144 kB
Cached:          1122768 kB
MemTotal:        1844596 kB
MemFree:          175944 kB
MemAvailable:    1355484 kB
Buffers:           89144 kB
Cached:          1122768 kB
MemTotal:        1844596 kB
MemFree:          175984 kB
MemAvailable:    1355524 kB
Buffers:           89144 kB
Cached:          1122768 kB
MemTotal:        1844596 kB
MemFree:          174800 kB
MemAvailable:    1354340 kB
Buffers:           89144 kB
Cached:          1122768 kB
MemTotal:        1844596 kB
MemFree:          174684 kB
MemAvailable:    1354224 kB
Buffers:           89144 kB
Cached:          1122768 kB
MemTotal:        1844596 kB
MemFree:          175984 kB
MemAvailable:    1355524 kB
Buffers:           89144 kB
Cached:          1122768 kB
MemTotal:        1844596 kB
MemFree:          175704 kB
MemAvailable:    1355244 kB
Buffers:           89144 kB
Cached:          1122768 kB
MemTotal:        1844596 kB
MemFree:          175804 kB
MemAvailable:    1355344 kB
Buffers:           89144 kB
Cached:          1122768 kB
MemTotal:        1844596 kB
MemFree:          175804 kB
MemAvailable:    1355344 kB
Buffers:           89144 kB
Cached:          1122768 kB
MemTotal:        1844596 kB
MemFree:          175760 kB
MemAvailable:    1355300 kB
Buffers:           89144 kB
Cached:          1122768 kB
MemTotal:        1844596 kB
MemFree:          175208 kB
MemAvailable:    1354748 kB
Buffers:           89144 kB
Cached:          1122768 kB
MemTotal:        1844596 kB
MemFree:          172828 kB
MemAvailable:    1352368 kB
Buffers:           89144 kB
Cached:          1122768 kB
MemTotal:        1844596 kB
MemFree:          172224 kB
MemAvailable:    1351764 kB
Buffers:           89144 kB
Cached:          1122768 kB
MemTotal:        1844596 kB
MemFree:          169672 kB
MemAvailable:    1349212 kB
Buffers:           89144 kB
Cached:          1122768 kB
MemTotal:        1844596 kB
MemFree:          169548 kB
MemAvailable:    1349088 kB
Buffers:           89144 kB
Cached:          1122768 kB
MemTotal:        1844596 kB
MemFree:          168380 kB
MemAvailable:    1347920 kB
Buffers:           89144 kB
Cached:          1122768 kB
MemTotal:        1844596 kB
MemFree:          168244 kB
MemAvailable:    1347784 kB
Buffers:           89144 kB
Cached:          1122768 kB
MemTotal:        1844596 kB
MemFree:          168120 kB
MemAvailable:    1347660 kB
Buffers:           89144 kB
Cached:          1122768 kB
MemTotal:        1844596 kB
MemFree:          169352 kB
MemAvailable:    1348892 kB
Buffers:           89144 kB
Cached:          1122768 kB
MemTotal:        1844596 kB
MemFree:          169216 kB
MemAvailable:    1348756 kB
Buffers:           89144 kB
Cached:          1122768 kB
MemTotal:        1844596 kB
MemFree:          169216 kB
MemAvailable:    1348756 kB
Buffers:           89144 kB
Cached:          1122768 kB
MemTotal:        1844596 kB
MemFree:          169412 kB
MemAvailable:    1348952 kB
Buffers:           89144 kB
Cached:          1122768 kB
MemTotal:        1844596 kB
MemFree:          169372 kB
MemAvailable:    1348912 kB
Buffers:           89144 kB
Cached:          1122768 kB
MemTotal:        1844596 kB
MemFree:          168876 kB
MemAvailable:    1348416 kB
Buffers:           89144 kB
Cached:          1122768 kB
MemTotal:        1844596 kB
MemFree:          169180 kB
MemAvailable:    1348720 kB
Buffers:           89144 kB
Cached:          1122768 kB
MemTotal:        1844596 kB
MemFree:          169516 kB
MemAvailable:    1349056 kB
Buffers:           89144 kB
Cached:          1122768 kB
MemTotal:        1844596 kB
MemFree:          169248 kB
MemAvailable:    1348788 kB
Buffers:           89144 kB
Cached:          1122892 kB
MemTotal:        1844596 kB
MemFree:          167940 kB
MemAvailable:    1347648 kB
Buffers:           89144 kB
Cached:          1122892 kB
MemTotal:        1844596 kB
MemFree:          167816 kB
MemAvailable:    1347608 kB
Buffers:           89144 kB
Cached:          1123016 kB
MemTotal:        1844596 kB
MemFree:          169116 kB
MemAvailable:    1349076 kB
Buffers:           89144 kB
Cached:          1123264 kB
MemTotal:        1844596 kB
MemFree:          168984 kB
MemAvailable:    1349028 kB
Buffers:           89144 kB
Cached:          1123264 kB
MemTotal:        1844596 kB
MemFree:          167512 kB
MemAvailable:    1347556 kB
Buffers:           89144 kB
Cached:          1123388 kB
MemTotal:        1844596 kB
MemFree:          168476 kB
MemAvailable:    1348520 kB
Buffers:           89144 kB
Cached:          1123388 kB
MemTotal:        1844596 kB
MemFree:          168700 kB
MemAvailable:    1348744 kB
Buffers:           89144 kB
Cached:          1123388 kB
MemTotal:        1844596 kB
MemFree:          168564 kB
MemAvailable:    1348692 kB
Buffers:           89144 kB
Cached:          1123512 kB
MemTotal:        1844596 kB
MemFree:          168588 kB
MemAvailable:    1348716 kB
Buffers:           89144 kB
Cached:          1123512 kB
MemTotal:        1844596 kB
MemFree:          167760 kB
MemAvailable:    1347888 kB
Buffers:           89144 kB
Cached:          1123512 kB
MemTotal:        1844596 kB
MemFree:          168376 kB
MemAvailable:    1348504 kB
Buffers:           89144 kB
Cached:          1123512 kB
MemTotal:        1844596 kB
MemFree:          168628 kB
MemAvailable:    1348756 kB
Buffers:           89144 kB
Cached:          1123512 kB
MemTotal:        1844596 kB
MemFree:          168548 kB
MemAvailable:    1348676 kB
Buffers:           89144 kB
Cached:          1123512 kB
MemTotal:        1844596 kB
MemFree:          168500 kB
MemAvailable:    1348712 kB
Buffers:           89144 kB
Cached:          1123512 kB
MemTotal:        1844596 kB
MemFree:          168008 kB
MemAvailable:    1348304 kB
Buffers:           89144 kB
Cached:          1123636 kB
MemTotal:        1844596 kB
MemFree:          167000 kB
MemAvailable:    1346540 kB
Buffers:           89144 kB
Cached:          1122796 kB
MemTotal:        1844596 kB
MemFree:          206564 kB
MemAvailable:    1386112 kB
Buffers:           89144 kB
Cached:          1122776 kB
MemTotal:        1844596 kB
MemFree:          297652 kB
MemAvailable:    1477284 kB
Buffers:           89144 kB
Cached:          1122776 kB
