MemTotal:        1844596 kB
MemFree:          723488 kB
MemAvailable:    1546324 kB
Buffers:           88928 kB
Cached:           758644 kB
MemTotal:        1844596 kB
MemFree:          695356 kB
MemAvailable:    1518196 kB
Buffers:           88928 kB
Cached:           758648 kB
MemTotal:        1844596 kB
MemFree:          694976 kB
MemAvailable:    1517816 kB
Buffers:           88928 kB
Cached:           758648 kB
MemTotal:        1844596 kB
MemFree:          693992 kB
MemAvailable:    1516832 kB
Buffers:           88928 kB
Cached:           758648 kB
MemTotal:        1844596 kB
MemFree:          691264 kB
MemAvailable:    1514104 kB
Buffers:           88928 kB
Cached:           758648 kB
MemTotal:        1844596 kB
MemFree:          692620 kB
MemAvailable:    1515460 kB
Buffers:           88928 kB
Cached:           758648 kB
MemTotal:        1844596 kB
MemFree:          690380 kB
MemAvailable:    1513220 kB
Buffers:           88928 kB
Cached:           758648 kB
MemTotal:        1844596 kB
MemFree:          690032 kB
MemAvailable:    1512872 kB
Buffers:           88928 kB
Cached:           758648 kB
MemTotal:        1844596 kB
MemFree:          686676 kB
MemAvailable:    1509516 kB
Buffers:           88928 kB
Cached:           758648 kB
MemTotal:        1844596 kB
MemFree:          684436 kB
MemAvailable:    1507276 kB
Buffers:           88928 kB
Cached:           758648 kB
MemTotal:        1844596 kB
MemFree:          681468 kB
MemAvailable:    1504308 kB
Buffers:           88928 kB
Cached:           758648 kB
MemTotal:        1844596 kB
MemFree:          682668 kB
MemAvailable:    1505508 kB
Buffers:           88928 kB
Cached:           758648 kB
MemTotal:        1844596 kB
MemFree:          683992 kB
MemAvailable:    1506832 kB
Buffers:           88928 kB
Cached:           758648 kB
MemTotal:        1844596 kB
MemFree:          683204 kB
MemAvailable:    1506044 kB
Buffers:           88928 kB
Cached:           758648 kB
MemTotal:        1844596 kB
MemFree:          683776 kB
MemAvailable:    1506616 kB
Buffers:           88928 kB
Cached:           758648 kB
MemTotal:        1844596 kB
MemFree:          683212 kB
MemAvailable:    1506052 kB
Buffers:           88928 kB
Cached:           758648 kB
MemTotal:        1844596 kB
MemFree:          682320 kB
MemAvailable:    1505160 kB
Buffers:           88928 kB
Cached:           758648 kB
MemTotal:        1844596 kB
MemFree:          682328 kB
MemAvailable:    1505168 kB
Buffers:           88928 kB
Cached:           758648 kB
MemTotal:        1844596 kB
MemFree:          683380 kB
MemAvailable:    1506220 kB
Buffers:           88928 kB
Cached:           758648 kB
MemTotal:        1844596 kB
MemFree:          682576 kB
MemAvailable:    1505416 kB
Buffers:           88928 kB
Cached:           758648 kB
MemTotal:        1844596 kB
MemFree:          682068 kB
MemAvailable:    1504908 kB
Buffers:           88928 kB
Cached:           758648 kB
MemTotal:        1844596 kB
MemFree:          683040 kB
MemAvailable:    1505880 kB
Buffers:           88928 kB
Cached:           758648 kB
MemTotal:        1844596 kB
MemFree:          683292 kB
MemAvailable:    1506132 kB
Buffers:           88928 kB
Cached:           758648 kB
MemTotal:        1844596 kB
MemFree:          682948 kB
MemAvailable:    1505788 kB
Buffers:           88928 kB
Cached:           758648 kB
MemTotal:        1844596 kB
MemFree:          682320 kB
MemAvailable:    1505160 kB
Buffers:           88928 kB
Cached:           758648 kB
MemTotal:        1844596 kB
MemFree:          682572 kB
MemAvailable:    1505412 kB
Buffers:           88928 kB
Cached:           758648 kB
MemTotal:        1844596 kB
MemFree:          681080 kB
MemAvailable:    1503920 kB
Buffers:           88928 kB
Cached:           758648 kB
MemTotal:        1844596 kB
MemFree:          681080 kB
MemAvailable:    1503920 kB
Buffers:           88928 kB
Cached:           758648 kB
MemTotal:        1844596 kB
MemFree:          681700 kB
MemAvailable:    1504540 kB
Buffers:           88928 kB
Cached:           758648 kB
MemTotal:        1844596 kB
MemFree:          680724 kB
MemAvailable:    1503564 kB
Buffers:           88928 kB
Cached:           758648 kB
MemTotal:        1844596 kB
MemFree:          681080 kB
MemAvailable:    1503920 kB
Buffers:           88928 kB
Cached:           758648 kB
MemTotal:        1844596 kB
MemFree:          681080 kB
MemAvailable:    1503920 kB
Buffers:           88928 kB
Cached:           758648 kB
MemTotal:        1844596 kB
MemFree:          679716 kB
MemAvailable:    1502556 kB
Buffers:           88928 kB
Cached:           758648 kB
MemTotal:        1844596 kB
MemFree:          679716 kB
MemAvailable:    1502556 kB
Buffers:           88928 kB
Cached:           758648 kB
MemTotal:        1844596 kB
MemFree:          681144 kB
MemAvailable:    1503984 kB
Buffers:           88928 kB
Cached:           758648 kB
MemTotal:        1844596 kB
MemFree:          680760 kB
MemAvailable:    1503600 kB
Buffers:           88928 kB
Cached:           758648 kB
MemTotal:        1844596 kB
MemFree:          680764 kB
MemAvailable:    1503604 kB
Buffers:           88928 kB
Cached:           758648 kB
MemTotal:        1844596 kB
MemFree:          680680 kB
MemAvailable:    1503520 kB
Buffers:           88928 kB
Cached:           758648 kB
MemTotal:        1844596 kB
MemFree:          680784 kB
MemAvailable:    1503624 kB
Buffers:           88928 kB
Cached:           758648 kB
MemTotal:        1844596 kB
MemFree:          680536 kB
MemAvailable:    1503376 kB
Buffers:           88928 kB
Cached:           758648 kB
MemTotal:        1844596 kB
MemFree:          678404 kB
MemAvailable:    1501248 kB
Buffers:           88928 kB
Cached:           758652 kB
MemTotal:        1844596 kB
MemFree:          676640 kB
MemAvailable:    1499484 kB
Buffers:           88928 kB
Cached:           758652 kB
MemTotal:        1844596 kB
MemFree:          674276 kB
MemAvailable:    1497120 kB
Buffers:           88928 kB
Cached:           758652 kB
MemTotal:        1844596 kB
MemFree:          675468 kB
MemAvailable:    1498312 kB
Buffers:           88928 kB
Cached:           758652 kB
MemTotal:        1844596 kB
MemFree:          674400 kB
MemAvailable:    1497244 kB
Buffers:           88928 kB
Cached:           758652 kB
MemTotal:        1844596 kB
MemFree:          675268 kB
MemAvailable:    1498112 kB
Buffers:           88928 kB
Cached:           758652 kB
MemTotal:        1844596 kB
MemFree:          673896 kB
MemAvailable:    1496740 kB
Buffers:           88928 kB
Cached:           758652 kB
MemTotal:        1844596 kB
MemFree:          675196 kB
MemAvailable:    1498040 kB
Buffers:           88928 kB
Cached:           758652 kB
MemTotal:        1844596 kB
MemFree:          674012 kB
MemAvailable:    1496856 kB
Buffers:           88928 kB
Cached:           758652 kB
MemTotal:        1844596 kB
MemFree:          674012 kB
MemAvailable:    1496856 kB
Buffers:           88928 kB
Cached:           758652 kB
MemTotal:        1844596 kB
MemFree:          673772 kB
MemAvailable:    1496616 kB
Buffers:           88928 kB
Cached:           758652 kB
MemTotal:        1844596 kB
MemFree:          673780 kB
MemAvailable:    1496624 kB
Buffers:           88928 kB
Cached:           758652 kB
MemTotal:        1844596 kB
MemFree:          675136 kB
MemAvailable:    1497980 kB
Buffers:           88928 kB
Cached:           758652 kB
MemTotal:        1844596 kB
MemFree:          675012 kB
MemAvailable:    1497856 kB
Buffers:           88928 kB
Cached:           758652 kB
MemTotal:        1844596 kB
MemFree:          674532 kB
MemAvailable:    1497376 kB
Buffers:           88928 kB
Cached:           758652 kB
MemTotal:        1844596 kB
MemFree:          674584 kB
MemAvailable:    1497428 kB
Buffers:           88928 kB
Cached:           758652 kB
MemTotal:        1844596 kB
MemFree:          670044 kB
MemAvailable:    1492888 kB
Buffers:           88928 kB
Cached:           758652 kB
MemTotal:        1844596 kB
MemFree:          669300 kB
MemAvailable:    1492144 kB
Buffers:           88928 kB
Cached:           758652 kB
MemTotal:        1844596 kB
MemFree:          668556 kB
MemAvailable:    1491400 kB
Buffers:           88928 kB
Cached:           758652 kB
MemTotal:        1844596 kB
MemFree:          667952 kB
MemAvailable:    1490796 kB
Buffers:           88928 kB
Cached:           758652 kB
MemTotal:        1844596 kB
MemFree:          667524 kB
MemAvailable:    1490368 kB
Buffers:           88928 kB
Cached:           758652 kB
MemTotal:        1844596 kB
MemFree:          665968 kB
MemAvailable:    1488812 kB
Buffers:           88928 kB
Cached:           758652 kB
MemTotal:        1844596 kB
MemFree:          666440 kB
MemAvailable:    1489284 kB
Buffers:           88928 kB
Cached:           758652 kB
MemTotal:        1844596 kB
MemFree:          666092 kB
MemAvailable:    1488812 kB
Buffers:           88928 kB
Cached:           758652 kB
MemTotal:        1844596 kB
MemFree:          666388 kB
MemAvailable:    1489232 kB
Buffers:           88928 kB
Cached:           758652 kB
MemTotal:        1844596 kB
MemFree:          665164 kB
MemAvailable:    1488008 kB
Buffers:           88928 kB
Cached:           758652 kB
MemTotal:        1844596 kB
MemFree:          665288 kB
MemAvailable:    1488132 kB
Buffers:           88928 kB
Cached:           758652 kB
MemTotal:        1844596 kB
MemFree:          664820 kB
MemAvailable:    1487664 kB
Buffers:           88928 kB
Cached:           758652 kB
MemTotal:        1844596 kB
MemFree:          666276 kB
MemAvailable:    1489120 kB
Buffers:           88928 kB
Cached:           758652 kB
MemTotal:        1844596 kB
MemFree:          666048 kB
MemAvailable:    1488892 kB
Buffers:           88928 kB
Cached:           758652 kB
MemTotal:        1844596 kB
MemFree:          666384 kB
MemAvailable:    1489228 kB
Buffers:           88928 kB
Cached:           758652 kB
MemTotal:        1844596 kB
MemFree:          665024 kB
MemAvailable:    1487868 kB
Buffers:           88928 kB
Cached:           758652 kB
MemTotal:        1844596 kB
MemFree:          666176 kB
MemAvailable:    1489020 kB
Buffers:           88928 kB
Cached:           758652 kB
MemTotal:        1844596 kB
MemFree:          665976 kB
MemAvailable:    1488820 kB
Buffers:           88928 kB
Cached:           758652 kB
MemTotal:        1844596 kB
MemFree:          666104 kB
MemAvailable:    1488948 kB
Buffers:           88928 kB
Cached:           758652 kB
MemTotal:        1844596 kB
MemFree:          664964 kB
MemAvailable:    1487808 kB
Buffers:           88928 kB
Cached:           758652 kB
MemTotal:        1844596 kB
MemFree:          664964 kB
MemAvailable:    1487808 kB
Buffers:           88928 kB
Cached:           758652 kB
MemTotal:        1844596 kB
MemFree:          666008 kB
MemAvailable:    1488852 kB
Buffers:           88928 kB
Cached:           758652 kB
MemTotal:        1844596 kB
MemFree:          664700 kB
MemAvailable:    1487544 kB
Buffers:           88928 kB
Cached:           758652 kB
MemTotal:        1844596 kB
MemFree:          665960 kB
MemAvailable:    1488804 kB
Buffers:           88928 kB
Cached:           758652 kB
MemTotal:        1844596 kB
MemFree:          665892 kB
MemAvailable:    1488736 kB
Buffers:           88928 kB
Cached:           758652 kB
MemTotal:        1844596 kB
MemFree:          665100 kB
MemAvailable:    1487944 kB
Buffers:           88928 kB
Cached:           758652 kB
MemTotal:        1844596 kB
MemFree:          664232 kB
MemAvailable:    1487076 kB
Buffers:           88928 kB
Cached:           758652 kB
MemTotal:        1844596 kB
MemFree:          660884 kB
MemAvailable:    1483728 kB
Buffers:           88928 kB
Cached:           758652 kB
MemTotal:        1844596 kB
MemFree:          659208 kB
MemAvailable:    1482052 kB
Buffers:           88928 kB
Cached:           758652 kB
MemTotal:        1844596 kB
MemFree:          657712 kB
MemAvailable:    1480556 kB
Buffers:           88928 kB
Cached:           758652 kB
MemTotal:        1844596 kB
MemFree:          656784 kB
MemAvailable:    1479628 kB
Buffers:           88928 kB
Cached:           758652 kB
MemTotal:        1844596 kB
MemFree:          657640 kB
MemAvailable:    1480484 kB
Buffers:           88928 kB
Cached:           758652 kB
MemTotal:        1844596 kB
MemFree:          656792 kB
MemAvailable:    1479636 kB
Buffers:           88928 kB
Cached:           758652 kB
MemTotal:        1844596 kB
MemFree:          656544 kB
MemAvailable:    1479392 kB
Buffers:           88928 kB
Cached:           758656 kB
MemTotal:        1844596 kB
MemFree:          657464 kB
MemAvailable:    1480312 kB
Buffers:           88928 kB
Cached:           758656 kB
MemTotal:        1844596 kB
MemFree:          656296 kB
MemAvailable:    1479144 kB
Buffers:           88928 kB
Cached:           758656 kB
MemTotal:        1844596 kB
MemFree:          656156 kB
MemAvailable:    1479004 kB
Buffers:           88928 kB
Cached:           758656 kB
MemTotal:        1844596 kB
MemFree:          656164 kB
MemAvailable:    1479012 kB
Buffers:           88928 kB
Cached:           758656 kB
MemTotal:        1844596 kB
MemFree:          657232 kB
MemAvailable:    1480080 kB
Buffers:           88928 kB
Cached:           758656 kB
MemTotal:        1844596 kB
MemFree:          656108 kB
MemAvailable:    1478956 kB
Buffers:           88928 kB
Cached:           758656 kB
MemTotal:        1844596 kB
MemFree:          656152 kB
MemAvailable:    1479000 kB
Buffers:           88928 kB
Cached:           758656 kB
MemTotal:        1844596 kB
MemFree:          657400 kB
MemAvailable:    1480248 kB
Buffers:           88928 kB
Cached:           758656 kB
MemTotal:        1844596 kB
MemFree:          655840 kB
MemAvailable:    1478688 kB
Buffers:           88928 kB
Cached:           758656 kB
MemTotal:        1844596 kB
MemFree:          656016 kB
MemAvailable:    1478864 kB
Buffers:           88928 kB
Cached:           758656 kB
MemTotal:        1844596 kB
MemFree:          656008 kB
MemAvailable:    1478856 kB
Buffers:           88928 kB
Cached:           758656 kB
MemTotal:        1844596 kB
MemFree:          655884 kB
MemAvailable:    1478732 kB
Buffers:           88928 kB
Cached:           758656 kB
MemTotal:        1844596 kB
MemFree:          656092 kB
MemAvailable:    1478940 kB
Buffers:           88928 kB
Cached:           758656 kB
MemTotal:        1844596 kB
MemFree:          656008 kB
MemAvailable:    1478856 kB
Buffers:           88928 kB
Cached:           758656 kB
MemTotal:        1844596 kB
MemFree:          657416 kB
MemAvailable:    1480264 kB
Buffers:           88928 kB
Cached:           758656 kB
MemTotal:        1844596 kB
MemFree:          656288 kB
MemAvailable:    1479136 kB
Buffers:           88928 kB
Cached:           758656 kB
MemTotal:        1844596 kB
MemFree:          657200 kB
MemAvailable:    1480048 kB
Buffers:           88928 kB
Cached:           758656 kB
MemTotal:        1844596 kB
MemFree:          656924 kB
MemAvailable:    1479772 kB
Buffers:           88928 kB
Cached:           758656 kB
MemTotal:        1844596 kB
MemFree:          655876 kB
MemAvailable:    1478724 kB
Buffers:           88928 kB
Cached:           758656 kB
MemTotal:        1844596 kB
MemFree:          657284 kB
MemAvailable:    1480132 kB
Buffers:           88928 kB
Cached:           758656 kB
MemTotal:        1844596 kB
MemFree:          656792 kB
MemAvailable:    1479640 kB
Buffers:           88928 kB
Cached:           758656 kB
MemTotal:        1844596 kB
MemFree:          656008 kB
MemAvailable:    1478856 kB
Buffers:           88928 kB
Cached:           758656 kB
MemTotal:        1844596 kB
MemFree:          657408 kB
MemAvailable:    1480256 kB
Buffers:           88928 kB
Cached:           758656 kB
MemTotal:        1844596 kB
MemFree:          655876 kB
MemAvailable:    1478728 kB
Buffers:           88928 kB
Cached:           758660 kB
MemTotal:        1844596 kB
MemFree:          656048 kB
MemAvailable:    1478900 kB
Buffers:           88928 kB
Cached:           758660 kB
MemTotal:        1844596 kB
MemFree:          657300 kB
MemAvailable:    1480152 kB
Buffers:           88928 kB
Cached:           758660 kB
MemTotal:        1844596 kB
MemFree:          656420 kB
MemAvailable:    1479272 kB
Buffers:           88928 kB
Cached:           758660 kB
MemTotal:        1844596 kB
MemFree:          656992 kB
MemAvailable:    1479844 kB
Buffers:           88928 kB
Cached:           758660 kB
MemTotal:        1844596 kB
MemFree:          657328 kB
MemAvailable:    1480180 kB
Buffers:           88928 kB
Cached:           758660 kB
MemTotal:        1844596 kB
MemFree:          656172 kB
MemAvailable:    1479024 kB
Buffers:           88928 kB
Cached:           758660 kB
MemTotal:        1844596 kB
MemFree:          655924 kB
MemAvailable:    1478776 kB
Buffers:           88928 kB
Cached:           758660 kB
MemTotal:        1844596 kB
MemFree:          654676 kB
MemAvailable:    1477528 kB
Buffers:           88928 kB
Cached:           758660 kB
MemTotal:        1844596 kB
MemFree:          653940 kB
MemAvailable:    1476792 kB
Buffers:           88928 kB
Cached:           758660 kB
MemTotal:        1844596 kB
MemFree:          648360 kB
MemAvailable:    1471212 kB
Buffers:           88928 kB
Cached:           758660 kB
MemTotal:        1844596 kB
MemFree:          646812 kB
MemAvailable:    1469664 kB
Buffers:           88928 kB
Cached:           758660 kB
MemTotal:        1844596 kB
MemFree:          646812 kB
MemAvailable:    1469664 kB
Buffers:           88928 kB
Cached:           758660 kB
MemTotal:        1844596 kB
MemFree:          646688 kB
MemAvailable:    1469540 kB
Buffers:           88928 kB
Cached:           758660 kB
MemTotal:        1844596 kB
MemFree:          646688 kB
MemAvailable:    1469540 kB
Buffers:           88928 kB
Cached:           758660 kB
MemTotal:        1844596 kB
MemFree:          646448 kB
MemAvailable:    1469300 kB
Buffers:           88928 kB
Cached:           758660 kB
MemTotal:        1844596 kB
MemFree:          645236 kB
MemAvailable:    1468088 kB
Buffers:           88928 kB
Cached:           758660 kB
MemTotal:        1844596 kB
MemFree:          645072 kB
MemAvailable:    1467924 kB
Buffers:           88928 kB
Cached:           758660 kB
MemTotal:        1844596 kB
MemFree:          645224 kB
MemAvailable:    1468076 kB
Buffers:           88928 kB
Cached:           758660 kB
MemTotal:        1844596 kB
MemFree:          646236 kB
MemAvailable:    1469088 kB
Buffers:           88928 kB
Cached:           758660 kB
MemTotal:        1844596 kB
MemFree:          646252 kB
MemAvailable:    1469104 kB
Buffers:           88928 kB
Cached:           758660 kB
MemTotal:        1844596 kB
MemFree:          645080 kB
MemAvailable:    1467932 kB
Buffers:           88928 kB
Cached:           758660 kB
MemTotal:        1844596 kB
MemFree:          645080 kB
MemAvailable:    1467932 kB
Buffers:           88928 kB
Cached:           758660 kB
MemTotal:        1844596 kB
MemFree:          645116 kB
MemAvailable:    1467968 kB
Buffers:           88928 kB
Cached:           758660 kB
MemTotal:        1844596 kB
MemFree:          646416 kB
MemAvailable:    1469268 kB
Buffers:           88928 kB
Cached:           758660 kB
MemTotal:        1844596 kB
MemFree:          646204 kB
MemAvailable:    1469056 kB
Buffers:           88928 kB
Cached:           758660 kB
MemTotal:        1844596 kB
MemFree:          646456 kB
MemAvailable:    1469308 kB
Buffers:           88928 kB
Cached:           758660 kB
MemTotal:        1844596 kB
MemFree:          646356 kB
MemAvailable:    1469208 kB
Buffers:           88928 kB
Cached:           758660 kB
MemTotal:        1844596 kB
MemFree:          646244 kB
MemAvailable:    1469096 kB
Buffers:           88928 kB
Cached:           758660 kB
MemTotal:        1844596 kB
MemFree:          645188 kB
MemAvailable:    1468040 kB
Buffers:           88928 kB
Cached:           758660 kB
MemTotal:        1844596 kB
MemFree:          645064 kB
MemAvailable:    1467916 kB
Buffers:           88928 kB
Cached:           758660 kB
MemTotal:        1844596 kB
MemFree:          644932 kB
MemAvailable:    1467784 kB
Buffers:           88928 kB
Cached:           758660 kB
MemTotal:        1844596 kB
MemFree:          645056 kB
MemAvailable:    1467908 kB
Buffers:           88928 kB
Cached:           758660 kB
MemTotal:        1844596 kB
MemFree:          646376 kB
MemAvailable:    1469228 kB
Buffers:           88928 kB
Cached:           758660 kB
MemTotal:        1844596 kB
MemFree:          645640 kB
MemAvailable:    1468492 kB
Buffers:           88928 kB
Cached:           758660 kB
MemTotal:        1844596 kB
MemFree:          646204 kB
MemAvailable:    1469056 kB
Buffers:           88928 kB
Cached:           758660 kB
MemTotal:        1844596 kB
MemFree:          646236 kB
MemAvailable:    1469088 kB
Buffers:           88928 kB
Cached:           758660 kB
MemTotal:        1844596 kB
MemFree:          646376 kB
MemAvailable:    1469228 kB
Buffers:           88928 kB
Cached:           758660 kB
MemTotal:        1844596 kB
MemFree:          646364 kB
MemAvailable:    1469216 kB
Buffers:           88928 kB
Cached:           758660 kB
MemTotal:        1844596 kB
MemFree:          645076 kB
MemAvailable:    1467928 kB
Buffers:           88928 kB
Cached:           758660 kB
MemTotal:        1844596 kB
MemFree:          645316 kB
MemAvailable:    1468168 kB
Buffers:           88928 kB
Cached:           758660 kB
MemTotal:        1844596 kB
MemFree:          645076 kB
MemAvailable:    1467928 kB
Buffers:           88928 kB
Cached:           758660 kB
MemTotal:        1844596 kB
MemFree:          646316 kB
MemAvailable:    1469168 kB
Buffers:           88928 kB
Cached:           758660 kB
MemTotal:        1844596 kB
MemFree:          645632 kB
MemAvailable:    1468484 kB
Buffers:           88928 kB
Cached:           758660 kB
MemTotal:        1844596 kB
MemFree:          646072 kB
MemAvailable:    1468928 kB
Buffers:           88928 kB
Cached:           758664 kB
MemTotal:        1844596 kB
MemFree:          646408 kB
MemAvailable:    1469264 kB
Buffers:           88928 kB
Cached:           758664 kB
MemTotal:        1844596 kB
MemFree:          645004 kB
MemAvailable:    1467860 kB
Buffers:           88928 kB
Cached:           758664 kB
MemTotal:        1844596 kB
MemFree:          646452 kB
MemAvailable:    1469308 kB
Buffers:           88928 kB
Cached:           758664 kB
MemTotal:        1844596 kB
MemFree:          646376 kB
MemAvailable:    1469232 kB
Buffers:           88928 kB
Cached:           758664 kB
MemTotal:        1844596 kB
MemFree:          645252 kB
MemAvailable:    1468108 kB
Buffers:           88928 kB
Cached:           758664 kB
MemTotal:        1844596 kB
MemFree:          645088 kB
MemAvailable:    1467944 kB
Buffers:           88928 kB
Cached:           758664 kB
MemTotal:        1844596 kB
MemFree:          646244 kB
MemAvailable:    1469100 kB
Buffers:           88928 kB
Cached:           758664 kB
MemTotal:        1844596 kB
MemFree:          646580 kB
MemAvailable:    1469436 kB
Buffers:           88928 kB
Cached:           758664 kB
MemTotal:        1844596 kB
MemFree:          646328 kB
MemAvailable:    1469184 kB
Buffers:           88928 kB
Cached:           758664 kB
MemTotal:        1844596 kB
MemFree:          646184 kB
MemAvailable:    1469040 kB
Buffers:           88928 kB
Cached:           758664 kB
MemTotal:        1844596 kB
MemFree:          646128 kB
MemAvailable:    1468984 kB
Buffers:           88928 kB
Cached:           758664 kB
MemTotal:        1844596 kB
MemFree:          646196 kB
MemAvailable:    1469052 kB
Buffers:           88928 kB
Cached:           758664 kB
MemTotal:        1844596 kB
MemFree:          646168 kB
MemAvailable:    1469024 kB
Buffers:           88928 kB
Cached:           758664 kB
MemTotal:        1844596 kB
MemFree:          644860 kB
MemAvailable:    1467716 kB
Buffers:           88928 kB
Cached:           758664 kB
MemTotal:        1844596 kB
MemFree:          644384 kB
MemAvailable:    1467240 kB
Buffers:           88928 kB
Cached:           758664 kB
MemTotal:        1844596 kB
MemFree:          645312 kB
MemAvailable:    1468168 kB
Buffers:           88928 kB
Cached:           758664 kB
MemTotal:        1844596 kB
MemFree:          645184 kB
MemAvailable:    1468040 kB
Buffers:           88928 kB
Cached:           758664 kB
MemTotal:        1844596 kB
MemFree:          644880 kB
MemAvailable:    1467736 kB
Buffers:           88928 kB
Cached:           758664 kB
MemTotal:        1844596 kB
MemFree:          643956 kB
MemAvailable:    1466812 kB
Buffers:           88928 kB
Cached:           758664 kB
MemTotal:        1844596 kB
MemFree:          645060 kB
MemAvailable:    1467916 kB
Buffers:           88928 kB
Cached:           758664 kB
MemTotal:        1844596 kB
MemFree:          644772 kB
MemAvailable:    1467628 kB
Buffers:           88928 kB
Cached:           758664 kB
MemTotal:        1844596 kB
MemFree:          645016 kB
MemAvailable:    1467872 kB
Buffers:           88928 kB
Cached:           758664 kB
MemTotal:        1844596 kB
MemFree:          644944 kB
MemAvailable:    1467800 kB
Buffers:           88928 kB
Cached:           758664 kB
MemTotal:        1844596 kB
MemFree:          644944 kB
MemAvailable:    1467800 kB
Buffers:           88928 kB
Cached:           758664 kB
MemTotal:        1844596 kB
MemFree:          644956 kB
MemAvailable:    1467812 kB
Buffers:           88928 kB
Cached:           758664 kB
MemTotal:        1844596 kB
MemFree:          644860 kB
MemAvailable:    1467716 kB
Buffers:           88928 kB
Cached:           758664 kB
MemTotal:        1844596 kB
MemFree:          644648 kB
MemAvailable:    1467504 kB
Buffers:           88928 kB
Cached:           758664 kB
MemTotal:        1844596 kB
MemFree:          643640 kB
MemAvailable:    1466504 kB
Buffers:           88928 kB
Cached:           758672 kB
MemTotal:        1844596 kB
MemFree:          643600 kB
MemAvailable:    1466464 kB
Buffers:           88928 kB
Cached:           758672 kB
MemTotal:        1844596 kB
MemFree:          644748 kB
MemAvailable:    1467612 kB
Buffers:           88928 kB
Cached:           758672 kB
MemTotal:        1844596 kB
MemFree:          644392 kB
MemAvailable:    1467256 kB
Buffers:           88928 kB
Cached:           758672 kB
MemTotal:        1844596 kB
MemFree:          644584 kB
MemAvailable:    1467448 kB
Buffers:           88928 kB
Cached:           758672 kB
MemTotal:        1844596 kB
MemFree:          643468 kB
MemAvailable:    1466332 kB
Buffers:           88928 kB
Cached:           758672 kB
MemTotal:        1844596 kB
MemFree:          644912 kB
MemAvailable:    1467776 kB
Buffers:           88928 kB
Cached:           758672 kB
MemTotal:        1844596 kB
MemFree:          643896 kB
MemAvailable:    1466760 kB
Buffers:           88928 kB
Cached:           758672 kB
MemTotal:        1844596 kB
MemFree:          643484 kB
MemAvailable:    1466348 kB
Buffers:           88928 kB
Cached:           758672 kB
MemTotal:        1844596 kB
MemFree:          643012 kB
MemAvailable:    1465876 kB
Buffers:           88928 kB
Cached:           758672 kB
MemTotal:        1844596 kB
MemFree:          643392 kB
MemAvailable:    1466256 kB
Buffers:           88928 kB
Cached:           758672 kB
MemTotal:        1844596 kB
MemFree:          643392 kB
MemAvailable:    1466256 kB
Buffers:           88928 kB
Cached:           758672 kB
MemTotal:        1844596 kB
MemFree:          644840 kB
MemAvailable:    1467704 kB
Buffers:           88928 kB
Cached:           758672 kB
MemTotal:        1844596 kB
MemFree:          642716 kB
MemAvailable:    1465580 kB
Buffers:           88928 kB
Cached:           758672 kB
MemTotal:        1844596 kB
MemFree:          638564 kB
MemAvailable:    1461428 kB
Buffers:           88928 kB
Cached:           758672 kB
MemTotal:        1844596 kB
MemFree:          634596 kB
MemAvailable:    1457460 kB
Buffers:           88928 kB
Cached:           758672 kB
MemTotal:        1844596 kB
MemFree:          632572 kB
MemAvailable:    1455436 kB
Buffers:           88928 kB
Cached:           758672 kB
MemTotal:        1844596 kB
MemFree:          633484 kB
MemAvailable:    1456348 kB
Buffers:           88928 kB
Cached:           758672 kB
MemTotal:        1844596 kB
MemFree:          631944 kB
MemAvailable:    1454808 kB
Buffers:           88928 kB
Cached:           758672 kB
MemTotal:        1844596 kB
MemFree:          631828 kB
MemAvailable:    1454692 kB
Buffers:           88928 kB
Cached:           758672 kB
MemTotal:        1844596 kB
MemFree:          633052 kB
MemAvailable:    1455916 kB
Buffers:           88928 kB
Cached:           758672 kB
MemTotal:        1844596 kB
MemFree:          631332 kB
MemAvailable:    1454196 kB
Buffers:           88928 kB
Cached:           758672 kB
MemTotal:        1844596 kB
MemFree:          631124 kB
MemAvailable:    1453988 kB
Buffers:           88928 kB
Cached:           758672 kB
MemTotal:        1844596 kB
MemFree:          632428 kB
MemAvailable:    1455292 kB
Buffers:           88928 kB
Cached:           758672 kB
MemTotal:        1844596 kB
MemFree:          630820 kB
MemAvailable:    1453684 kB
Buffers:           88928 kB
Cached:           758672 kB
MemTotal:        1844596 kB
MemFree:          630752 kB
MemAvailable:    1453616 kB
Buffers:           88928 kB
Cached:           758672 kB
MemTotal:        1844596 kB
MemFree:          629944 kB
MemAvailable:    1452808 kB
Buffers:           88928 kB
Cached:           758672 kB
MemTotal:        1844596 kB
MemFree:          628512 kB
MemAvailable:    1451376 kB
Buffers:           88928 kB
Cached:           758672 kB
MemTotal:        1844596 kB
MemFree:          629628 kB
MemAvailable:    1452492 kB
Buffers:           88928 kB
Cached:           758672 kB
MemTotal:        1844596 kB
MemFree:          629396 kB
MemAvailable:    1452260 kB
Buffers:           88928 kB
Cached:           758672 kB
MemTotal:        1844596 kB
MemFree:          628512 kB
MemAvailable:    1451376 kB
Buffers:           88928 kB
Cached:           758672 kB
MemTotal:        1844596 kB
MemFree:          629628 kB
MemAvailable:    1452492 kB
Buffers:           88928 kB
Cached:           758672 kB
MemTotal:        1844596 kB
MemFree:          629652 kB
MemAvailable:    1452516 kB
Buffers:           88928 kB
Cached:           758672 kB
MemTotal:        1844596 kB
MemFree:          629752 kB
MemAvailable:    1452616 kB
Buffers:           88928 kB
Cached:           758672 kB
MemTotal:        1844596 kB
MemFree:          629744 kB
MemAvailable:    1452608 kB
Buffers:           88928 kB
Cached:           758672 kB
MemTotal:        1844596 kB
MemFree:          628272 kB
MemAvailable:    1451136 kB
Buffers:           88928 kB
Cached:           758672 kB
MemTotal:        1844596 kB
MemFree:          628388 kB
MemAvailable:    1451252 kB
Buffers:           88928 kB
Cached:           758672 kB
MemTotal:        1844596 kB
MemFree:          629620 kB
MemAvailable:    1452484 kB
Buffers:           88928 kB
Cached:           758672 kB
MemTotal:        1844596 kB
MemFree:          629388 kB
MemAvailable:    1452128 kB
Buffers:           88928 kB
Cached:           758672 kB
MemTotal:        1844596 kB
MemFree:          628208 kB
MemAvailable:    1451072 kB
Buffers:           88928 kB
Cached:           758672 kB
MemTotal:        1844596 kB
MemFree:          629244 kB
MemAvailable:    1452108 kB
Buffers:           88928 kB
Cached:           758672 kB
MemTotal:        1844596 kB
MemFree:          627892 kB
MemAvailable:    1450756 kB
Buffers:           88928 kB
Cached:           758672 kB
MemTotal:        1844596 kB
MemFree:          628256 kB
MemAvailable:    1451124 kB
Buffers:           88928 kB
Cached:           758676 kB
MemTotal:        1844596 kB
MemFree:          627528 kB
MemAvailable:    1450396 kB
Buffers:           88928 kB
Cached:           758676 kB
MemTotal:        1844596 kB
MemFree:          627604 kB
MemAvailable:    1450472 kB
Buffers:           88928 kB
Cached:           758676 kB
MemTotal:        1844596 kB
MemFree:          627164 kB
MemAvailable:    1450032 kB
Buffers:           88928 kB
Cached:           758676 kB
MemTotal:        1844596 kB
MemFree:          627396 kB
MemAvailable:    1450264 kB
Buffers:           88928 kB
Cached:           758676 kB
MemTotal:        1844596 kB
MemFree:          625916 kB
MemAvailable:    1448784 kB
Buffers:           88928 kB
Cached:           758676 kB
MemTotal:        1844596 kB
MemFree:          625660 kB
MemAvailable:    1448528 kB
Buffers:           88928 kB
Cached:           758676 kB
MemTotal:        1844596 kB
MemFree:          626224 kB
MemAvailable:    1449092 kB
Buffers:           88928 kB
Cached:           758676 kB
MemTotal:        1844596 kB
MemFree:          625984 kB
MemAvailable:    1448852 kB
Buffers:           88928 kB
Cached:           758676 kB
MemTotal:        1844596 kB
MemFree:          626048 kB
MemAvailable:    1448916 kB
Buffers:           88928 kB
Cached:           758676 kB
MemTotal:        1844596 kB
MemFree:          624792 kB
MemAvailable:    1447660 kB
Buffers:           88928 kB
Cached:           758676 kB
MemTotal:        1844596 kB
MemFree:          625728 kB
MemAvailable:    1448596 kB
Buffers:           88928 kB
Cached:           758676 kB
MemTotal:        1844596 kB
MemFree:          624156 kB
MemAvailable:    1447024 kB
Buffers:           88928 kB
Cached:           758676 kB
MemTotal:        1844596 kB
MemFree:          625652 kB
MemAvailable:    1448520 kB
Buffers:           88928 kB
Cached:           758676 kB
MemTotal:        1844596 kB
MemFree:          625656 kB
MemAvailable:    1448524 kB
Buffers:           88928 kB
Cached:           758676 kB
MemTotal:        1844596 kB
MemFree:          624684 kB
MemAvailable:    1447552 kB
Buffers:           88928 kB
Cached:           758676 kB
MemTotal:        1844596 kB
MemFree:          625288 kB
MemAvailable:    1448156 kB
Buffers:           88928 kB
Cached:           758676 kB
MemTotal:        1844596 kB
MemFree:          625536 kB
MemAvailable:    1448404 kB
Buffers:           88928 kB
Cached:           758676 kB
MemTotal:        1844596 kB
MemFree:          624932 kB
MemAvailable:    1447800 kB
Buffers:           88928 kB
Cached:           758676 kB
MemTotal:        1844596 kB
MemFree:          624504 kB
MemAvailable:    1447372 kB
Buffers:           88928 kB
Cached:           758676 kB
MemTotal:        1844596 kB
MemFree:          625492 kB
MemAvailable:    1448360 kB
Buffers:           88928 kB
Cached:           758676 kB
MemTotal:        1844596 kB
MemFree:          625464 kB
MemAvailable:    1448332 kB
Buffers:           88928 kB
Cached:           758676 kB
MemTotal:        1844596 kB
MemFree:          624280 kB
MemAvailable:    1447148 kB
Buffers:           88928 kB
Cached:           758676 kB
MemTotal:        1844596 kB
MemFree:          625332 kB
MemAvailable:    1448200 kB
Buffers:           88928 kB
Cached:           758676 kB
MemTotal:        1844596 kB
MemFree:          625200 kB
MemAvailable:    1448068 kB
Buffers:           88928 kB
Cached:           758676 kB
MemTotal:        1844596 kB
MemFree:          624020 kB
MemAvailable:    1446888 kB
Buffers:           88928 kB
Cached:           758676 kB
MemTotal:        1844596 kB
MemFree:          625232 kB
MemAvailable:    1448100 kB
Buffers:           88928 kB
Cached:           758676 kB
MemTotal:        1844596 kB
MemFree:          624560 kB
MemAvailable:    1447428 kB
Buffers:           88928 kB
Cached:           758676 kB
MemTotal:        1844596 kB
MemFree:          625132 kB
MemAvailable:    1448004 kB
Buffers:           88928 kB
Cached:           758680 kB
MemTotal:        1844596 kB
MemFree:          623916 kB
MemAvailable:    1446788 kB
Buffers:           88928 kB
Cached:           758680 kB
MemTotal:        1844596 kB
MemFree:          625288 kB
MemAvailable:    1448160 kB
Buffers:           88928 kB
Cached:           758680 kB
MemTotal:        1844596 kB
MemFree:          623884 kB
MemAvailable:    1446756 kB
Buffers:           88928 kB
Cached:           758680 kB
MemTotal:        1844596 kB
MemFree:          624132 kB
MemAvailable:    1447004 kB
Buffers:           88928 kB
Cached:           758680 kB
MemTotal:        1844596 kB
MemFree:          623932 kB
MemAvailable:    1446804 kB
Buffers:           88928 kB
Cached:           758680 kB
MemTotal:        1844596 kB
MemFree:          625256 kB
MemAvailable:    1448128 kB
Buffers:           88928 kB
Cached:           758680 kB
MemTotal:        1844596 kB
MemFree:          625156 kB
MemAvailable:    1448028 kB
Buffers:           88928 kB
Cached:           758680 kB
MemTotal:        1844596 kB
MemFree:          625172 kB
MemAvailable:    1448044 kB
Buffers:           88928 kB
Cached:           758680 kB
MemTotal:        1844596 kB
MemFree:          624000 kB
MemAvailable:    1446872 kB
Buffers:           88928 kB
Cached:           758680 kB
MemTotal:        1844596 kB
MemFree:          623188 kB
MemAvailable:    1446060 kB
Buffers:           88928 kB
Cached:           758680 kB
MemTotal:        1844596 kB
MemFree:          623064 kB
MemAvailable:    1445936 kB
Buffers:           88928 kB
Cached:           758680 kB
MemTotal:        1844596 kB
MemFree:          624304 kB
MemAvailable:    1447176 kB
Buffers:           88928 kB
Cached:           758680 kB
MemTotal:        1844596 kB
MemFree:          621328 kB
MemAvailable:    1444200 kB
Buffers:           88928 kB
Cached:           758680 kB
MemTotal:        1844596 kB
MemFree:          620812 kB
MemAvailable:    1443684 kB
Buffers:           88928 kB
Cached:           758680 kB
MemTotal:        1844596 kB
MemFree:          617732 kB
MemAvailable:    1440604 kB
Buffers:           88928 kB
Cached:           758680 kB
MemTotal:        1844596 kB
MemFree:          615112 kB
MemAvailable:    1437984 kB
Buffers:           88928 kB
Cached:           758680 kB
MemTotal:        1844596 kB
MemFree:          615076 kB
MemAvailable:    1437948 kB
Buffers:           88928 kB
Cached:           758680 kB
MemTotal:        1844596 kB
MemFree:          610096 kB
MemAvailable:    1432968 kB
Buffers:           88928 kB
Cached:           758680 kB
MemTotal:        1844596 kB
MemFree:          607376 kB
MemAvailable:    1430248 kB
Buffers:           88928 kB
Cached:           758680 kB
MemTotal:        1844596 kB
MemFree:          606672 kB
MemAvailable:    1429544 kB
Buffers:           88928 kB
Cached:           758680 kB
MemTotal:        1844596 kB
MemFree:          605312 kB
MemAvailable:    1428184 kB
Buffers:           88928 kB
Cached:           758680 kB
MemTotal:        1844596 kB
MemFree:          605520 kB
MemAvailable:    1428392 kB
Buffers:           88928 kB
Cached:           758680 kB
MemTotal:        1844596 kB
MemFree:          606564 kB
MemAvailable:    1429436 kB
Buffers:           88928 kB
Cached:           758680 kB
MemTotal:        1844596 kB
MemFree:          605380 kB
MemAvailable:    1428252 kB
Buffers:           88928 kB
Cached:           758680 kB
MemTotal:        1844596 kB
MemFree:          605388 kB
MemAvailable:    1428260 kB
Buffers:           88928 kB
Cached:           758680 kB
MemTotal:        1844596 kB
MemFree:          605380 kB
MemAvailable:    1428252 kB
Buffers:           88928 kB
Cached:           758680 kB
MemTotal:        1844596 kB
MemFree:          606488 kB
MemAvailable:    1429360 kB
Buffers:           88928 kB
Cached:           758680 kB
MemTotal:        1844596 kB
MemFree:          605388 kB
MemAvailable:    1428260 kB
Buffers:           88928 kB
Cached:           758680 kB
MemTotal:        1844596 kB
MemFree:          605416 kB
MemAvailable:    1428288 kB
Buffers:           88928 kB
Cached:           758680 kB
MemTotal:        1844596 kB
MemFree:          605168 kB
MemAvailable:    1428040 kB
Buffers:           88928 kB
Cached:           758680 kB
MemTotal:        1844596 kB
MemFree:          606252 kB
MemAvailable:    1429124 kB
Buffers:           88928 kB
Cached:           758680 kB
MemTotal:        1844596 kB
MemFree:          604712 kB
MemAvailable:    1427584 kB
Buffers:           88928 kB
Cached:           758680 kB
MemTotal:        1844596 kB
MemFree:          605432 kB
MemAvailable:    1428308 kB
Buffers:           88928 kB
Cached:           758684 kB
MemTotal:        1844596 kB
MemFree:          605768 kB
MemAvailable:    1428644 kB
Buffers:           88928 kB
Cached:           758684 kB
MemTotal:        1844596 kB
MemFree:          604452 kB
MemAvailable:    1427328 kB
Buffers:           88928 kB
Cached:           758684 kB
MemTotal:        1844596 kB
MemFree:          604576 kB
MemAvailable:    1427452 kB
Buffers:           88928 kB
Cached:           758684 kB
MemTotal:        1844596 kB
MemFree:          604576 kB
MemAvailable:    1427452 kB
Buffers:           88928 kB
Cached:           758684 kB
MemTotal:        1844596 kB
MemFree:          605552 kB
MemAvailable:    1428428 kB
Buffers:           88928 kB
Cached:           758684 kB
MemTotal:        1844596 kB
MemFree:          605804 kB
MemAvailable:    1428680 kB
Buffers:           88928 kB
Cached:           758684 kB
MemTotal:        1844596 kB
MemFree:          604452 kB
MemAvailable:    1427328 kB
Buffers:           88928 kB
Cached:           758684 kB
MemTotal:        1844596 kB
MemFree:          605692 kB
MemAvailable:    1428568 kB
Buffers:           88928 kB
Cached:           758684 kB
MemTotal:        1844596 kB
MemFree:          604844 kB
MemAvailable:    1427720 kB
Buffers:           88928 kB
Cached:           758684 kB
MemTotal:        1844596 kB
MemFree:          605572 kB
MemAvailable:    1428448 kB
Buffers:           88928 kB
Cached:           758684 kB
MemTotal:        1844596 kB
MemFree:          605572 kB
MemAvailable:    1428448 kB
Buffers:           88928 kB
Cached:           758684 kB
MemTotal:        1844596 kB
MemFree:          604332 kB
MemAvailable:    1427208 kB
Buffers:           88928 kB
Cached:           758684 kB
MemTotal:        1844596 kB
MemFree:          604960 kB
MemAvailable:    1427836 kB
Buffers:           88928 kB
Cached:           758684 kB
MemTotal:        1844596 kB
MemFree:          606076 kB
MemAvailable:    1428956 kB
Buffers:           88928 kB
Cached:           758688 kB
MemTotal:        1844596 kB
MemFree:          604580 kB
MemAvailable:    1427460 kB
Buffers:           88928 kB
Cached:           758688 kB
MemTotal:        1844596 kB
MemFree:          604580 kB
MemAvailable:    1427460 kB
Buffers:           88928 kB
Cached:           758688 kB
MemTotal:        1844596 kB
MemFree:          605680 kB
MemAvailable:    1428560 kB
Buffers:           88928 kB
Cached:           758688 kB
MemTotal:        1844596 kB
MemFree:          605764 kB
MemAvailable:    1428644 kB
Buffers:           88928 kB
Cached:           758688 kB
MemTotal:        1844596 kB
MemFree:          605692 kB
MemAvailable:    1428572 kB
Buffers:           88928 kB
Cached:           758688 kB
MemTotal:        1844596 kB
MemFree:          604588 kB
MemAvailable:    1427468 kB
Buffers:           88928 kB
Cached:           758688 kB
MemTotal:        1844596 kB
MemFree:          600000 kB
MemAvailable:    1422880 kB
Buffers:           88928 kB
Cached:           758688 kB
MemTotal:        1844596 kB
MemFree:          596644 kB
MemAvailable:    1419524 kB
Buffers:           88928 kB
Cached:           758688 kB
MemTotal:        1844596 kB
MemFree:          596644 kB
MemAvailable:    1419524 kB
Buffers:           88928 kB
Cached:           758688 kB
MemTotal:        1844596 kB
MemFree:          590932 kB
MemAvailable:    1413812 kB
Buffers:           88928 kB
Cached:           758688 kB
MemTotal:        1844596 kB
MemFree:          590204 kB
MemAvailable:    1413084 kB
Buffers:           88928 kB
Cached:           758688 kB
MemTotal:        1844596 kB
MemFree:          587460 kB
MemAvailable:    1410340 kB
Buffers:           88928 kB
Cached:           758688 kB
MemTotal:        1844596 kB
MemFree:          587352 kB
MemAvailable:    1410232 kB
Buffers:           88928 kB
Cached:           758688 kB
MemTotal:        1844596 kB
MemFree:          586224 kB
MemAvailable:    1409104 kB
Buffers:           88928 kB
Cached:           758688 kB
MemTotal:        1844596 kB
MemFree:          587548 kB
MemAvailable:    1410428 kB
Buffers:           88928 kB
Cached:           758688 kB
MemTotal:        1844596 kB
MemFree:          587540 kB
MemAvailable:    1410420 kB
Buffers:           88928 kB
Cached:           758688 kB
MemTotal:        1844596 kB
MemFree:          587336 kB
MemAvailable:    1410216 kB
Buffers:           88928 kB
Cached:           758688 kB
MemTotal:        1844596 kB
MemFree:          587588 kB
MemAvailable:    1410468 kB
Buffers:           88928 kB
Cached:           758688 kB
MemTotal:        1844596 kB
MemFree:          586056 kB
MemAvailable:    1408936 kB
Buffers:           88928 kB
Cached:           758688 kB
MemTotal:        1844596 kB
MemFree:          586180 kB
MemAvailable:    1409060 kB
Buffers:           88928 kB
Cached:           758688 kB
MemTotal:        1844596 kB
MemFree:          586296 kB
MemAvailable:    1409176 kB
Buffers:           88928 kB
Cached:           758688 kB
MemTotal:        1844596 kB
MemFree:          587480 kB
MemAvailable:    1410360 kB
Buffers:           88928 kB
Cached:           758688 kB
MemTotal:        1844596 kB
MemFree:          587516 kB
MemAvailable:    1410396 kB
Buffers:           88928 kB
Cached:           758688 kB
MemTotal:        1844596 kB
MemFree:          587144 kB
MemAvailable:    1410024 kB
Buffers:           88928 kB
Cached:           758688 kB
MemTotal:        1844596 kB
MemFree:          587312 kB
MemAvailable:    1410192 kB
Buffers:           88928 kB
Cached:           758688 kB
MemTotal:        1844596 kB
MemFree:          587228 kB
MemAvailable:    1410112 kB
Buffers:           88928 kB
Cached:           758692 kB
MemTotal:        1844596 kB
MemFree:          587288 kB
MemAvailable:    1410172 kB
Buffers:           88928 kB
Cached:           758692 kB
MemTotal:        1844596 kB
MemFree:          586236 kB
MemAvailable:    1409120 kB
Buffers:           88928 kB
Cached:           758692 kB
MemTotal:        1844596 kB
MemFree:          587436 kB
MemAvailable:    1410320 kB
Buffers:           88928 kB
Cached:           758692 kB
MemTotal:        1844596 kB
MemFree:          586616 kB
MemAvailable:    1409500 kB
Buffers:           88928 kB
Cached:           758692 kB
MemTotal:        1844596 kB
MemFree:          587460 kB
MemAvailable:    1410344 kB
Buffers:           88928 kB
Cached:           758692 kB
MemTotal:        1844596 kB
MemFree:          587672 kB
MemAvailable:    1410556 kB
Buffers:           88928 kB
Cached:           758692 kB
MemTotal:        1844596 kB
MemFree:          586180 kB
MemAvailable:    1409064 kB
Buffers:           88928 kB
Cached:           758692 kB
MemTotal:        1844596 kB
MemFree:          587448 kB
MemAvailable:    1410332 kB
Buffers:           88928 kB
Cached:           758692 kB
MemTotal:        1844596 kB
MemFree:          587448 kB
MemAvailable:    1410332 kB
Buffers:           88928 kB
Cached:           758692 kB
MemTotal:        1844596 kB
MemFree:          586172 kB
MemAvailable:    1409056 kB
Buffers:           88928 kB
Cached:           758692 kB
MemTotal:        1844596 kB
MemFree:          587344 kB
MemAvailable:    1410228 kB
Buffers:           88928 kB
Cached:           758692 kB
MemTotal:        1844596 kB
MemFree:          587344 kB
MemAvailable:    1410228 kB
Buffers:           88928 kB
Cached:           758692 kB
MemTotal:        1844596 kB
MemFree:          587380 kB
MemAvailable:    1410264 kB
Buffers:           88928 kB
Cached:           758692 kB
MemTotal:        1844596 kB
MemFree:          586980 kB
MemAvailable:    1409864 kB
Buffers:           88928 kB
Cached:           758692 kB
MemTotal:        1844596 kB
MemFree:          586180 kB
MemAvailable:    1409064 kB
Buffers:           88928 kB
Cached:           758692 kB
MemTotal:        1844596 kB
MemFree:          587580 kB
MemAvailable:    1410464 kB
Buffers:           88928 kB
Cached:           758692 kB
MemTotal:        1844596 kB
MemFree:          587336 kB
MemAvailable:    1410220 kB
Buffers:           88928 kB
Cached:           758692 kB
MemTotal:        1844596 kB
MemFree:          587476 kB
MemAvailable:    1410360 kB
Buffers:           88928 kB
Cached:           758692 kB
MemTotal:        1844596 kB
MemFree:          587156 kB
MemAvailable:    1410040 kB
Buffers:           88928 kB
Cached:           758692 kB
MemTotal:        1844596 kB
MemFree:          587492 kB
MemAvailable:    1410376 kB
Buffers:           88928 kB
Cached:           758692 kB
MemTotal:        1844596 kB
MemFree:          586216 kB
MemAvailable:    1409100 kB
Buffers:           88928 kB
Cached:           758692 kB
MemTotal:        1844596 kB
MemFree:          586220 kB
MemAvailable:    1409104 kB
Buffers:           88928 kB
Cached:           758692 kB
MemTotal:        1844596 kB
MemFree:          585244 kB
MemAvailable:    1408128 kB
Buffers:           88928 kB
Cached:           758692 kB
MemTotal:        1844596 kB
MemFree:          581524 kB
MemAvailable:    1404408 kB
Buffers:           88928 kB
Cached:           758692 kB
MemTotal:        1844596 kB
MemFree:          576052 kB
MemAvailable:    1398936 kB
Buffers:           88928 kB
Cached:           758692 kB
MemTotal:        1844596 kB
MemFree:          576052 kB
MemAvailable:    1398936 kB
Buffers:           88928 kB
Cached:           758692 kB
MemTotal:        1844596 kB
MemFree:          570232 kB
MemAvailable:    1393116 kB
Buffers:           88928 kB
Cached:           758692 kB
MemTotal:        1844596 kB
MemFree:          569860 kB
MemAvailable:    1392620 kB
Buffers:           88928 kB
Cached:           758692 kB
MemTotal:        1844596 kB
MemFree:          568692 kB
MemAvailable:    1391576 kB
Buffers:           88928 kB
Cached:           758692 kB
MemTotal:        1844596 kB
MemFree:          568816 kB
MemAvailable:    1391700 kB
Buffers:           88928 kB
Cached:           758692 kB
MemTotal:        1844596 kB
MemFree:          568752 kB
MemAvailable:    1391636 kB
Buffers:           88928 kB
Cached:           758692 kB
MemTotal:        1844596 kB
MemFree:          568248 kB
MemAvailable:    1391132 kB
Buffers:           88928 kB
Cached:           758692 kB
MemTotal:        1844596 kB
MemFree:          568256 kB
MemAvailable:    1391140 kB
Buffers:           88928 kB
Cached:           758692 kB
MemTotal:        1844596 kB
MemFree:          568248 kB
MemAvailable:    1391132 kB
Buffers:           88928 kB
Cached:           758692 kB
MemTotal:        1844596 kB
MemFree:          568124 kB
MemAvailable:    1391008 kB
Buffers:           88928 kB
Cached:           758692 kB
MemTotal:        1844596 kB
MemFree:          567884 kB
MemAvailable:    1390768 kB
Buffers:           88928 kB
Cached:           758692 kB
MemTotal:        1844596 kB
MemFree:          567628 kB
MemAvailable:    1390512 kB
Buffers:           88928 kB
Cached:           758692 kB
MemTotal:        1844596 kB
MemFree:          567628 kB
MemAvailable:    1390512 kB
Buffers:           88928 kB
Cached:           758692 kB
MemTotal:        1844596 kB
MemFree:          568812 kB
MemAvailable:    1391696 kB
Buffers:           88928 kB
Cached:           758692 kB
MemTotal:        1844596 kB
MemFree:          567380 kB
MemAvailable:    1390264 kB
Buffers:           88928 kB
Cached:           758692 kB
MemTotal:        1844596 kB
MemFree:          567820 kB
MemAvailable:    1390704 kB
Buffers:           88928 kB
Cached:           758692 kB
MemTotal:        1844596 kB
MemFree:          567688 kB
MemAvailable:    1390572 kB
Buffers:           88928 kB
Cached:           758692 kB
MemTotal:        1844596 kB
MemFree:          566148 kB
MemAvailable:    1389032 kB
Buffers:           88928 kB
Cached:           758692 kB
MemTotal:        1844596 kB
MemFree:          565404 kB
MemAvailable:    1388288 kB
Buffers:           88928 kB
Cached:           758692 kB
MemTotal:        1844596 kB
MemFree:          565272 kB
MemAvailable:    1388156 kB
Buffers:           88928 kB
Cached:           758692 kB
MemTotal:        1844596 kB
MemFree:          564784 kB
MemAvailable:    1387668 kB
Buffers:           88928 kB
Cached:           758692 kB
MemTotal:        1844596 kB
MemFree:          564040 kB
MemAvailable:    1386924 kB
Buffers:           88928 kB
Cached:           758692 kB
MemTotal:        1844596 kB
MemFree:          563536 kB
MemAvailable:    1386420 kB
Buffers:           88928 kB
Cached:           758692 kB
MemTotal:        1844596 kB
MemFree:          563480 kB
MemAvailable:    1386364 kB
Buffers:           88928 kB
Cached:           758692 kB
MemTotal:        1844596 kB
MemFree:          561684 kB
MemAvailable:    1384568 kB
Buffers:           88928 kB
Cached:           758692 kB
MemTotal:        1844596 kB
MemFree:          561676 kB
MemAvailable:    1384560 kB
Buffers:           88928 kB
Cached:           758692 kB
MemTotal:        1844596 kB
MemFree:          561676 kB
MemAvailable:    1384560 kB
Buffers:           88928 kB
Cached:           758692 kB
MemTotal:        1844596 kB
MemFree:          561676 kB
MemAvailable:    1384560 kB
Buffers:           88928 kB
Cached:           758692 kB
MemTotal:        1844596 kB
MemFree:          563080 kB
MemAvailable:    1385964 kB
Buffers:           88928 kB
Cached:           758692 kB
MemTotal:        1844596 kB
MemFree:          561808 kB
MemAvailable:    1384692 kB
Buffers:           88928 kB
Cached:           758692 kB
MemTotal:        1844596 kB
MemFree:          562836 kB
MemAvailable:    1385724 kB
Buffers:           88928 kB
Cached:           758696 kB
MemTotal:        1844596 kB
MemFree:          563056 kB
MemAvailable:    1385944 kB
Buffers:           88928 kB
Cached:           758696 kB
MemTotal:        1844596 kB
MemFree:          561064 kB
MemAvailable:    1383952 kB
Buffers:           88928 kB
Cached:           758696 kB
MemTotal:        1844596 kB
MemFree:          561428 kB
MemAvailable:    1384316 kB
Buffers:           88928 kB
Cached:           758696 kB
MemTotal:        1844596 kB
MemFree:          561072 kB
MemAvailable:    1383960 kB
Buffers:           88928 kB
Cached:           758696 kB
MemTotal:        1844596 kB
MemFree:          559892 kB
MemAvailable:    1382780 kB
Buffers:           88928 kB
Cached:           758696 kB
MemTotal:        1844596 kB
MemFree:          561172 kB
MemAvailable:    1384060 kB
Buffers:           88928 kB
Cached:           758696 kB
MemTotal:        1844596 kB
MemFree:          561424 kB
MemAvailable:    1384312 kB
Buffers:           88928 kB
Cached:           758696 kB
MemTotal:        1844596 kB
MemFree:          559892 kB
MemAvailable:    1382780 kB
Buffers:           88928 kB
Cached:           758696 kB
MemTotal:        1844596 kB
MemFree:          561192 kB
MemAvailable:    1384080 kB
Buffers:           88928 kB
Cached:           758696 kB
MemTotal:        1844596 kB
MemFree:          560136 kB
MemAvailable:    1383024 kB
Buffers:           88928 kB
Cached:           758696 kB
MemTotal:        1844596 kB
MemFree:          560120 kB
MemAvailable:    1383008 kB
Buffers:           88928 kB
Cached:           758696 kB
MemTotal:        1844596 kB
MemFree:          559880 kB
MemAvailable:    1382768 kB
Buffers:           88928 kB
Cached:           758696 kB
MemTotal:        1844596 kB
MemFree:          561156 kB
MemAvailable:    1384044 kB
Buffers:           88928 kB
Cached:           758696 kB
MemTotal:        1844596 kB
MemFree:          561320 kB
MemAvailable:    1384208 kB
Buffers:           88928 kB
Cached:           758696 kB
MemTotal:        1844596 kB
MemFree:          561232 kB
MemAvailable:    1384120 kB
Buffers:           88928 kB
Cached:           758696 kB
MemTotal:        1844596 kB
MemFree:          560032 kB
MemAvailable:    1382920 kB
Buffers:           88928 kB
Cached:           758696 kB
MemTotal:        1844596 kB
MemFree:          560024 kB
MemAvailable:    1382912 kB
Buffers:           88928 kB
Cached:           758696 kB
MemTotal:        1844596 kB
MemFree:          559948 kB
MemAvailable:    1382840 kB
Buffers:           88928 kB
Cached:           758700 kB
MemTotal:        1844596 kB
MemFree:          560032 kB
MemAvailable:    1382924 kB
Buffers:           88928 kB
Cached:           758700 kB
MemTotal:        1844596 kB
MemFree:          561132 kB
MemAvailable:    1384024 kB
Buffers:           88928 kB
Cached:           758700 kB
MemTotal:        1844596 kB
MemFree:          561384 kB
MemAvailable:    1384276 kB
Buffers:           88928 kB
Cached:           758700 kB
MemTotal:        1844596 kB
MemFree:          560140 kB
MemAvailable:    1383032 kB
Buffers:           88928 kB
Cached:           758700 kB
MemTotal:        1844596 kB
MemFree:          560264 kB
MemAvailable:    1383156 kB
Buffers:           88928 kB
Cached:           758700 kB
MemTotal:        1844596 kB
MemFree:          560140 kB
MemAvailable:    1383032 kB
Buffers:           88928 kB
Cached:           758700 kB
MemTotal:        1844596 kB
MemFree:          561356 kB
MemAvailable:    1384248 kB
Buffers:           88928 kB
Cached:           758700 kB
MemTotal:        1844596 kB
MemFree:          561120 kB
MemAvailable:    1384012 kB
Buffers:           88928 kB
Cached:           758700 kB
MemTotal:        1844596 kB
MemFree:          560452 kB
MemAvailable:    1383344 kB
Buffers:           88928 kB
Cached:           758700 kB
MemTotal:        1844596 kB
MemFree:          561040 kB
MemAvailable:    1383932 kB
Buffers:           88928 kB
Cached:           758700 kB
MemTotal:        1844596 kB
MemFree:          561292 kB
MemAvailable:    1384184 kB
Buffers:           88928 kB
Cached:           758700 kB
MemTotal:        1844596 kB
MemFree:          559884 kB
MemAvailable:    1382776 kB
Buffers:           88928 kB
Cached:           758700 kB
MemTotal:        1844596 kB
MemFree:          559876 kB
MemAvailable:    1382768 kB
Buffers:           88928 kB
Cached:           758700 kB
MemTotal:        1844596 kB
MemFree:          560972 kB
MemAvailable:    1383864 kB
Buffers:           88928 kB
Cached:           758700 kB
MemTotal:        1844596 kB
MemFree:          561224 kB
MemAvailable:    1384116 kB
Buffers:           88928 kB
Cached:           758700 kB
MemTotal:        1844596 kB
MemFree:          561080 kB
MemAvailable:    1383972 kB
Buffers:           88928 kB
Cached:           758700 kB
MemTotal:        1844596 kB
MemFree:          559824 kB
MemAvailable:    1382716 kB
Buffers:           88928 kB
Cached:           758700 kB
MemTotal:        1844596 kB
MemFree:          560188 kB
MemAvailable:    1383080 kB
Buffers:           88928 kB
Cached:           758700 kB
MemTotal:        1844596 kB
MemFree:          560032 kB
MemAvailable:    1382924 kB
Buffers:           88928 kB
Cached:           758700 kB
MemTotal:        1844596 kB
MemFree:          559768 kB
MemAvailable:    1382660 kB
Buffers:           88928 kB
Cached:           758700 kB
MemTotal:        1844596 kB
MemFree:          561200 kB
MemAvailable:    1384092 kB
Buffers:           88928 kB
Cached:           758700 kB
MemTotal:        1844596 kB
MemFree:          561388 kB
MemAvailable:    1384280 kB
Buffers:           88928 kB
Cached:           758700 kB
MemTotal:        1844596 kB
MemFree:          561172 kB
MemAvailable:    1384064 kB
Buffers:           88928 kB
Cached:           758700 kB
MemTotal:        1844596 kB
MemFree:          560940 kB
MemAvailable:    1383832 kB
Buffers:           88928 kB
Cached:           758700 kB
MemTotal:        1844596 kB
MemFree:          561236 kB
MemAvailable:    1384128 kB
Buffers:           88928 kB
Cached:           758700 kB
MemTotal:        1844596 kB
MemFree:          559796 kB
MemAvailable:    1382688 kB
Buffers:           88928 kB
Cached:           758700 kB
MemTotal:        1844596 kB
MemFree:          558768 kB
MemAvailable:    1381660 kB
Buffers:           88928 kB
Cached:           758700 kB
MemTotal:        1844596 kB
MemFree:          556344 kB
MemAvailable:    1379236 kB
Buffers:           88928 kB
Cached:           758700 kB
MemTotal:        1844596 kB
MemFree:          553624 kB
MemAvailable:    1376520 kB
Buffers:           88928 kB
Cached:           758704 kB
MemTotal:        1844596 kB
MemFree:          553376 kB
MemAvailable:    1376272 kB
Buffers:           88928 kB
Cached:           758704 kB
MemTotal:        1844596 kB
MemFree:          547672 kB
MemAvailable:    1370568 kB
Buffers:           88928 kB
Cached:           758704 kB
MemTotal:        1844596 kB
MemFree:          544184 kB
MemAvailable:    1367080 kB
Buffers:           88928 kB
Cached:           758704 kB
MemTotal:        1844596 kB
MemFree:          542340 kB
MemAvailable:    1365236 kB
Buffers:           88928 kB
Cached:           758704 kB
MemTotal:        1844596 kB
MemFree:          541720 kB
MemAvailable:    1364616 kB
Buffers:           88928 kB
Cached:           758704 kB
MemTotal:        1844596 kB
MemFree:          541904 kB
MemAvailable:    1364800 kB
Buffers:           88928 kB
Cached:           758704 kB
MemTotal:        1844596 kB
MemFree:          541704 kB
MemAvailable:    1364600 kB
Buffers:           88928 kB
Cached:           758704 kB
MemTotal:        1844596 kB
MemFree:          541540 kB
MemAvailable:    1364436 kB
Buffers:           88928 kB
Cached:           758704 kB
MemTotal:        1844596 kB
MemFree:          540456 kB
MemAvailable:    1363352 kB
Buffers:           88928 kB
Cached:           758704 kB
MemTotal:        1844596 kB
MemFree:          541696 kB
MemAvailable:    1364592 kB
Buffers:           88928 kB
Cached:           758704 kB
MemTotal:        1844596 kB
MemFree:          540532 kB
MemAvailable:    1363428 kB
Buffers:           88928 kB
Cached:           758704 kB
MemTotal:        1844596 kB
MemFree:          540408 kB
MemAvailable:    1363304 kB
Buffers:           88928 kB
Cached:           758704 kB
MemTotal:        1844596 kB
MemFree:          541684 kB
MemAvailable:    1364580 kB
Buffers:           88928 kB
Cached:           758704 kB
MemTotal:        1844596 kB
MemFree:          541936 kB
MemAvailable:    1364832 kB
Buffers:           88928 kB
Cached:           758704 kB
MemTotal:        1844596 kB
MemFree:          541588 kB
MemAvailable:    1364484 kB
Buffers:           88928 kB
Cached:           758704 kB
MemTotal:        1844596 kB
MemFree:          540604 kB
MemAvailable:    1363500 kB
Buffers:           88928 kB
Cached:           758704 kB
MemTotal:        1844596 kB
MemFree:          540432 kB
MemAvailable:    1363328 kB
Buffers:           88928 kB
Cached:           758704 kB
MemTotal:        1844596 kB
MemFree:          541540 kB
MemAvailable:    1364436 kB
Buffers:           88928 kB
Cached:           758704 kB
MemTotal:        1844596 kB
MemFree:          541852 kB
MemAvailable:    1364748 kB
Buffers:           88928 kB
Cached:           758704 kB
MemTotal:        1844596 kB
MemFree:          540160 kB
MemAvailable:    1363056 kB
Buffers:           88928 kB
Cached:           758704 kB
MemTotal:        1844596 kB
MemFree:          541268 kB
MemAvailable:    1364164 kB
Buffers:           88928 kB
Cached:           758704 kB
MemTotal:        1844596 kB
MemFree:          541520 kB
MemAvailable:    1364416 kB
Buffers:           88928 kB
Cached:           758704 kB
MemTotal:        1844596 kB
MemFree:          541292 kB
MemAvailable:    1364188 kB
Buffers:           88928 kB
Cached:           758704 kB
MemTotal:        1844596 kB
MemFree:          540336 kB
MemAvailable:    1363232 kB
Buffers:           88928 kB
Cached:           758704 kB
MemTotal:        1844596 kB
MemFree:          540212 kB
MemAvailable:    1363108 kB
Buffers:           88928 kB
Cached:           758704 kB
MemTotal:        1844596 kB
MemFree:          540212 kB
MemAvailable:    1363108 kB
Buffers:           88928 kB
Cached:           758704 kB
MemTotal:        1844596 kB
MemFree:          540328 kB
MemAvailable:    1363224 kB
Buffers:           88928 kB
Cached:           758704 kB
MemTotal:        1844596 kB
MemFree:          539860 kB
MemAvailable:    1362756 kB
Buffers:           88928 kB
Cached:           758704 kB
MemTotal:        1844596 kB
MemFree:          541152 kB
MemAvailable:    1364048 kB
Buffers:           88928 kB
Cached:           758704 kB
MemTotal:        1844596 kB
MemFree:          539364 kB
MemAvailable:    1362260 kB
Buffers:           88928 kB
Cached:           758704 kB
MemTotal:        1844596 kB
MemFree:          533528 kB
MemAvailable:    1356424 kB
Buffers:           88928 kB
Cached:           758704 kB
MemTotal:        1844596 kB
MemFree:          533420 kB
MemAvailable:    1356316 kB
Buffers:           88928 kB
Cached:           758704 kB
MemTotal:        1844596 kB
MemFree:          531604 kB
MemAvailable:    1354500 kB
Buffers:           88928 kB
Cached:           758704 kB
MemTotal:        1844596 kB
MemFree:          531280 kB
MemAvailable:    1354176 kB
Buffers:           88928 kB
Cached:           758704 kB
MemTotal:        1844596 kB
MemFree:          531616 kB
MemAvailable:    1354512 kB
Buffers:           88928 kB
Cached:           758704 kB
MemTotal:        1844596 kB
MemFree:          531280 kB
MemAvailable:    1354176 kB
Buffers:           88928 kB
Cached:           758704 kB
MemTotal:        1844596 kB
MemFree:          530932 kB
MemAvailable:    1353828 kB
Buffers:           88928 kB
Cached:           758704 kB
MemTotal:        1844596 kB
MemFree:          531344 kB
MemAvailable:    1354240 kB
Buffers:           88928 kB
Cached:           758704 kB
MemTotal:        1844596 kB
MemFree:          531304 kB
MemAvailable:    1354200 kB
Buffers:           88928 kB
Cached:           758704 kB
MemTotal:        1844596 kB
MemFree:          530620 kB
MemAvailable:    1353516 kB
Buffers:           88928 kB
Cached:           758704 kB
MemTotal:        1844596 kB
MemFree:          529552 kB
MemAvailable:    1352448 kB
Buffers:           88928 kB
Cached:           758704 kB
MemTotal:        1844596 kB
MemFree:          529552 kB
MemAvailable:    1352448 kB
Buffers:           88928 kB
Cached:           758704 kB
MemTotal:        1844596 kB
MemFree:          529232 kB
MemAvailable:    1352220 kB
Buffers:           88928 kB
Cached:           758836 kB
MemTotal:        1844596 kB
MemFree:          529204 kB
MemAvailable:    1352192 kB
Buffers:           88928 kB
Cached:           758836 kB
MemTotal:        1844596 kB
MemFree:          529304 kB
MemAvailable:    1352292 kB
Buffers:           88928 kB
Cached:           758960 kB
MemTotal:        1844596 kB
MemFree:          529116 kB
MemAvailable:    1352356 kB
Buffers:           88928 kB
Cached:           759084 kB
MemTotal:        1844596 kB
MemFree:          528940 kB
MemAvailable:    1352264 kB
Buffers:           88928 kB
Cached:           759208 kB
MemTotal:        1844596 kB
MemFree:          529196 kB
MemAvailable:    1352520 kB
Buffers:           88928 kB
Cached:           759208 kB
MemTotal:        1844596 kB
MemFree:          528676 kB
MemAvailable:    1352168 kB
Buffers:           88928 kB
Cached:           759332 kB
MemTotal:        1844596 kB
MemFree:          528676 kB
MemAvailable:    1352168 kB
Buffers:           88928 kB
Cached:           759332 kB
MemTotal:        1844596 kB
MemFree:          528632 kB
MemAvailable:    1352124 kB
Buffers:           88928 kB
Cached:           759332 kB
MemTotal:        1844596 kB
MemFree:          528576 kB
MemAvailable:    1352068 kB
Buffers:           88928 kB
Cached:           759332 kB
MemTotal:        1844596 kB
MemFree:          528632 kB
MemAvailable:    1352124 kB
Buffers:           88928 kB
Cached:           759332 kB
MemTotal:        1844596 kB
MemFree:          528328 kB
MemAvailable:    1351820 kB
Buffers:           88928 kB
Cached:           759332 kB
MemTotal:        1844596 kB
MemFree:          528520 kB
MemAvailable:    1352012 kB
Buffers:           88928 kB
Cached:           759332 kB
MemTotal:        1844596 kB
MemFree:          528704 kB
MemAvailable:    1352196 kB
Buffers:           88928 kB
Cached:           759332 kB
MemTotal:        1844596 kB
MemFree:          527708 kB
MemAvailable:    1351284 kB
Buffers:           88928 kB
Cached:           759456 kB
MemTotal:        1844596 kB
MemFree:          528672 kB
MemAvailable:    1351576 kB
Buffers:           88928 kB
Cached:           758824 kB
MemTotal:        1844596 kB
MemFree:          528620 kB
MemAvailable:    1351524 kB
Buffers:           88928 kB
Cached:           758824 kB
MemTotal:        1844596 kB
MemFree:          626164 kB
MemAvailable:    1449068 kB
Buffers:           88928 kB
Cached:           758824 kB
MemTotal:        1844596 kB
MemFree:          682620 kB
MemAvailable:    1505524 kB
Buffers:           88928 kB
Cached:           758824 kB
