MemTotal:        1844596 kB
MemFree:          267040 kB
MemAvailable:    1545412 kB
Buffers:          106264 kB
Cached:          1185136 kB
MemTotal:        1844596 kB
MemFree:          240768 kB
MemAvailable:    1519148 kB
Buffers:          106264 kB
Cached:          1185140 kB
MemTotal:        1844596 kB
MemFree:          238164 kB
MemAvailable:    1516544 kB
Buffers:          106264 kB
Cached:          1185140 kB
MemTotal:        1844596 kB
MemFree:          238720 kB
MemAvailable:    1517100 kB
Buffers:          106264 kB
Cached:          1185140 kB
MemTotal:        1844596 kB
MemFree:          235668 kB
MemAvailable:    1513924 kB
Buffers:          106264 kB
Cached:          1185140 kB
MemTotal:        1844596 kB
MemFree:          234264 kB
MemAvailable:    1512644 kB
Buffers:          106264 kB
Cached:          1185140 kB
MemTotal:        1844596 kB
MemFree:          233452 kB
MemAvailable:    1511832 kB
Buffers:          106264 kB
Cached:          1185140 kB
MemTotal:        1844596 kB
MemFree:          232540 kB
MemAvailable:    1510920 kB
Buffers:          106264 kB
Cached:          1185140 kB
MemTotal:        1844596 kB
MemFree:          230724 kB
MemAvailable:    1509104 kB
Buffers:          106264 kB
Cached:          1185140 kB
MemTotal:        1844596 kB
MemFree:          224772 kB
MemAvailable:    1503152 kB
Buffers:          106264 kB
Cached:          1185140 kB
MemTotal:        1844596 kB
MemFree:          226008 kB
MemAvailable:    1504388 kB
Buffers:          106264 kB
Cached:          1185140 kB
MemTotal:        1844596 kB
MemFree:          227088 kB
MemAvailable:    1505468 kB
Buffers:          106264 kB
Cached:          1185140 kB
MemTotal:        1844596 kB
MemFree:          226384 kB
MemAvailable:    1504764 kB
Buffers:          106264 kB
Cached:          1185140 kB
MemTotal:        1844596 kB
MemFree:          225764 kB
MemAvailable:    1504144 kB
Buffers:          106264 kB
Cached:          1185140 kB
MemTotal:        1844596 kB
MemFree:          226956 kB
MemAvailable:    1505336 kB
Buffers:          106264 kB
Cached:          1185140 kB
MemTotal:        1844596 kB
MemFree:          225584 kB
MemAvailable:    1503964 kB
Buffers:          106264 kB
Cached:          1185140 kB
MemTotal:        1844596 kB
MemFree:          225376 kB
MemAvailable:    1503756 kB
Buffers:          106264 kB
Cached:          1185140 kB
MemTotal:        1844596 kB
MemFree:          226740 kB
MemAvailable:    1505120 kB
Buffers:          106264 kB
Cached:          1185140 kB
MemTotal:        1844596 kB
MemFree:          225252 kB
MemAvailable:    1503632 kB
Buffers:          106264 kB
Cached:          1185140 kB
MemTotal:        1844596 kB
MemFree:          225376 kB
MemAvailable:    1503756 kB
Buffers:          106264 kB
Cached:          1185140 kB
MemTotal:        1844596 kB
MemFree:          226468 kB
MemAvailable:    1504848 kB
Buffers:          106264 kB
Cached:          1185140 kB
MemTotal:        1844596 kB
MemFree:          225772 kB
MemAvailable:    1504152 kB
Buffers:          106264 kB
Cached:          1185140 kB
MemTotal:        1844596 kB
MemFree:          226212 kB
MemAvailable:    1504592 kB
Buffers:          106264 kB
Cached:          1185140 kB
MemTotal:        1844596 kB
MemFree:          224964 kB
MemAvailable:    1503344 kB
Buffers:          106264 kB
Cached:          1185140 kB
MemTotal:        1844596 kB
MemFree:          224648 kB
MemAvailable:    1503028 kB
Buffers:          106264 kB
Cached:          1185140 kB
MemTotal:        1844596 kB
MemFree:          225392 kB
MemAvailable:    1503772 kB
Buffers:          106264 kB
Cached:          1185140 kB
MemTotal:        1844596 kB
MemFree:          225516 kB
MemAvailable:    1503896 kB
Buffers:          106264 kB
Cached:          1185140 kB
MemTotal:        1844596 kB
MemFree:          224764 kB
MemAvailable:    1503144 kB
Buffers:          106264 kB
Cached:          1185140 kB
MemTotal:        1844596 kB
MemFree:          224764 kB
MemAvailable:    1503144 kB
Buffers:          106264 kB
Cached:          1185140 kB
MemTotal:        1844596 kB
MemFree:          224524 kB
MemAvailable:    1502904 kB
Buffers:          106264 kB
Cached:          1185140 kB
MemTotal:        1844596 kB
MemFree:          224212 kB
MemAvailable:    1502592 kB
Buffers:          106264 kB
Cached:          1185140 kB
MemTotal:        1844596 kB
MemFree:          223044 kB
MemAvailable:    1501424 kB
Buffers:          106264 kB
Cached:          1185140 kB
MemTotal:        1844596 kB
MemFree:          222912 kB
MemAvailable:    1501292 kB
Buffers:          106264 kB
Cached:          1185140 kB
MemTotal:        1844596 kB
MemFree:          223956 kB
MemAvailable:    1502336 kB
Buffers:          106264 kB
Cached:          1185140 kB
MemTotal:        1844596 kB
MemFree:          223036 kB
MemAvailable:    1501416 kB
Buffers:          106264 kB
Cached:          1185140 kB
MemTotal:        1844596 kB
MemFree:          222780 kB
MemAvailable:    1501160 kB
Buffers:          106264 kB
Cached:          1185140 kB
MemTotal:        1844596 kB
MemFree:          222780 kB
MemAvailable:    1501160 kB
Buffers:          106264 kB
Cached:          1185140 kB
MemTotal:        1844596 kB
MemFree:          224308 kB
MemAvailable:    1502688 kB
Buffers:          106264 kB
Cached:          1185140 kB
MemTotal:        1844596 kB
MemFree:          224256 kB
MemAvailable:    1502636 kB
Buffers:          106264 kB
Cached:          1185140 kB
MemTotal:        1844596 kB
MemFree:          220372 kB
MemAvailable:    1498752 kB
Buffers:          106264 kB
Cached:          1185140 kB
MemTotal:        1844596 kB
MemFree:          217696 kB
MemAvailable:    1496076 kB
Buffers:          106264 kB
Cached:          1185140 kB
MemTotal:        1844596 kB
MemFree:          217580 kB
MemAvailable:    1495960 kB
Buffers:          106264 kB
Cached:          1185140 kB
MemTotal:        1844596 kB
MemFree:          217448 kB
MemAvailable:    1495828 kB
Buffers:          106264 kB
Cached:          1185140 kB
MemTotal:        1844596 kB
MemFree:          218812 kB
MemAvailable:    1497192 kB
Buffers:          106264 kB
Cached:          1185140 kB
MemTotal:        1844596 kB
MemFree:          217332 kB
MemAvailable:    1495712 kB
Buffers:          106264 kB
Cached:          1185140 kB
MemTotal:        1844596 kB
MemFree:          218440 kB
MemAvailable:    1496820 kB
Buffers:          106264 kB
Cached:          1185140 kB
MemTotal:        1844596 kB
MemFree:          218332 kB
MemAvailable:    1496712 kB
Buffers:          106264 kB
Cached:          1185140 kB
MemTotal:        1844596 kB
MemFree:          218376 kB
MemAvailable:    1496756 kB
Buffers:          106264 kB
Cached:          1185140 kB
MemTotal:        1844596 kB
MemFree:          218176 kB
MemAvailable:    1496556 kB
Buffers:          106264 kB
Cached:          1185140 kB
MemTotal:        1844596 kB
MemFree:          217952 kB
MemAvailable:    1496332 kB
Buffers:          106264 kB
Cached:          1185140 kB
MemTotal:        1844596 kB
MemFree:          218372 kB
MemAvailable:    1496752 kB
Buffers:          106264 kB
Cached:          1185140 kB
MemTotal:        1844596 kB
MemFree:          217580 kB
MemAvailable:    1495960 kB
Buffers:          106264 kB
Cached:          1185140 kB
MemTotal:        1844596 kB
MemFree:          218188 kB
MemAvailable:    1496568 kB
Buffers:          106264 kB
Cached:          1185140 kB
MemTotal:        1844596 kB
MemFree:          217032 kB
MemAvailable:    1495412 kB
Buffers:          106264 kB
Cached:          1185140 kB
MemTotal:        1844596 kB
MemFree:          217076 kB
MemAvailable:    1495456 kB
Buffers:          106264 kB
Cached:          1185140 kB
MemTotal:        1844596 kB
MemFree:          216844 kB
MemAvailable:    1495224 kB
Buffers:          106264 kB
Cached:          1185140 kB
MemTotal:        1844596 kB
MemFree:          212680 kB
MemAvailable:    1491060 kB
Buffers:          106264 kB
Cached:          1185140 kB
MemTotal:        1844596 kB
MemFree:          211380 kB
MemAvailable:    1489760 kB
Buffers:          106264 kB
Cached:          1185140 kB
MemTotal:        1844596 kB
MemFree:          212116 kB
MemAvailable:    1490496 kB
Buffers:          106264 kB
Cached:          1185140 kB
MemTotal:        1844596 kB
MemFree:          211636 kB
MemAvailable:    1490016 kB
Buffers:          106264 kB
Cached:          1185140 kB
MemTotal:        1844596 kB
MemFree:          211316 kB
MemAvailable:    1489696 kB
Buffers:          106264 kB
Cached:          1185140 kB
MemTotal:        1844596 kB
MemFree:          210248 kB
MemAvailable:    1488628 kB
Buffers:          106264 kB
Cached:          1185140 kB
MemTotal:        1844596 kB
MemFree:          209644 kB
MemAvailable:    1488024 kB
Buffers:          106264 kB
Cached:          1185140 kB
MemTotal:        1844596 kB
MemFree:          210012 kB
MemAvailable:    1488392 kB
Buffers:          106264 kB
Cached:          1185140 kB
MemTotal:        1844596 kB
MemFree:          208712 kB
MemAvailable:    1487092 kB
Buffers:          106264 kB
Cached:          1185140 kB
MemTotal:        1844596 kB
MemFree:          208952 kB
MemAvailable:    1487332 kB
Buffers:          106264 kB
Cached:          1185140 kB
MemTotal:        1844596 kB
MemFree:          208712 kB
MemAvailable:    1487092 kB
Buffers:          106264 kB
Cached:          1185140 kB
MemTotal:        1844596 kB
MemFree:          208396 kB
MemAvailable:    1486776 kB
Buffers:          106264 kB
Cached:          1185140 kB
MemTotal:        1844596 kB
MemFree:          209572 kB
MemAvailable:    1487952 kB
Buffers:          106264 kB
Cached:          1185140 kB
MemTotal:        1844596 kB
MemFree:          209500 kB
MemAvailable:    1487880 kB
Buffers:          106264 kB
Cached:          1185140 kB
MemTotal:        1844596 kB
MemFree:          209584 kB
MemAvailable:    1487964 kB
Buffers:          106264 kB
Cached:          1185140 kB
MemTotal:        1844596 kB
MemFree:          208108 kB
MemAvailable:    1486488 kB
Buffers:          106264 kB
Cached:          1185140 kB
MemTotal:        1844596 kB
MemFree:          209568 kB
MemAvailable:    1487948 kB
Buffers:          106264 kB
Cached:          1185140 kB
MemTotal:        1844596 kB
MemFree:          208652 kB
MemAvailable:    1487032 kB
Buffers:          106264 kB
Cached:          1185140 kB
MemTotal:        1844596 kB
MemFree:          208116 kB
MemAvailable:    1486500 kB
Buffers:          106264 kB
Cached:          1185144 kB
MemTotal:        1844596 kB
MemFree:          208108 kB
MemAvailable:    1486492 kB
Buffers:          106264 kB
Cached:          1185144 kB
MemTotal:        1844596 kB
MemFree:          208108 kB
MemAvailable:    1486492 kB
Buffers:          106264 kB
Cached:          1185144 kB
MemTotal:        1844596 kB
MemFree:          208108 kB
MemAvailable:    1486492 kB
Buffers:          106264 kB
Cached:          1185144 kB
MemTotal:        1844596 kB
MemFree:          209152 kB
MemAvailable:    1487536 kB
Buffers:          106264 kB
Cached:          1185144 kB
MemTotal:        1844596 kB
MemFree:          209188 kB
MemAvailable:    1487572 kB
Buffers:          106264 kB
Cached:          1185144 kB
MemTotal:        1844596 kB
MemFree:          208132 kB
MemAvailable:    1486516 kB
Buffers:          106264 kB
Cached:          1185144 kB
MemTotal:        1844596 kB
MemFree:          209044 kB
MemAvailable:    1487428 kB
Buffers:          106264 kB
Cached:          1185144 kB
MemTotal:        1844596 kB
MemFree:          207704 kB
MemAvailable:    1486088 kB
Buffers:          106264 kB
Cached:          1185144 kB
MemTotal:        1844596 kB
MemFree:          206492 kB
MemAvailable:    1484876 kB
Buffers:          106264 kB
Cached:          1185144 kB
MemTotal:        1844596 kB
MemFree:          203808 kB
MemAvailable:    1482192 kB
Buffers:          106264 kB
Cached:          1185144 kB
MemTotal:        1844596 kB
MemFree:          201336 kB
MemAvailable:    1479720 kB
Buffers:          106264 kB
Cached:          1185144 kB
MemTotal:        1844596 kB
MemFree:          200948 kB
MemAvailable:    1479332 kB
Buffers:          106264 kB
Cached:          1185144 kB
MemTotal:        1844596 kB
MemFree:          200592 kB
MemAvailable:    1478976 kB
Buffers:          106264 kB
Cached:          1185144 kB
MemTotal:        1844596 kB
MemFree:          200908 kB
MemAvailable:    1479300 kB
Buffers:          106264 kB
Cached:          1185152 kB
MemTotal:        1844596 kB
MemFree:          200716 kB
MemAvailable:    1479108 kB
Buffers:          106264 kB
Cached:          1185152 kB
MemTotal:        1844596 kB
MemFree:          200644 kB
MemAvailable:    1479036 kB
Buffers:          106264 kB
Cached:          1185152 kB
MemTotal:        1844596 kB
MemFree:          200688 kB
MemAvailable:    1479080 kB
Buffers:          106264 kB
Cached:          1185152 kB
MemTotal:        1844596 kB
MemFree:          200668 kB
MemAvailable:    1479060 kB
Buffers:          106264 kB
Cached:          1185152 kB
MemTotal:        1844596 kB
MemFree:          200400 kB
MemAvailable:    1478792 kB
Buffers:          106264 kB
Cached:          1185152 kB
MemTotal:        1844596 kB
MemFree:          200568 kB
MemAvailable:    1478960 kB
Buffers:          106264 kB
Cached:          1185152 kB
MemTotal:        1844596 kB
MemFree:          200508 kB
MemAvailable:    1478900 kB
Buffers:          106264 kB
Cached:          1185152 kB
MemTotal:        1844596 kB
MemFree:          199168 kB
MemAvailable:    1477560 kB
Buffers:          106264 kB
Cached:          1185152 kB
MemTotal:        1844596 kB
MemFree:          200568 kB
MemAvailable:    1478960 kB
Buffers:          106264 kB
Cached:          1185152 kB
MemTotal:        1844596 kB
MemFree:          199156 kB
MemAvailable:    1477548 kB
Buffers:          106264 kB
Cached:          1185152 kB
MemTotal:        1844596 kB
MemFree:          199724 kB
MemAvailable:    1478116 kB
Buffers:          106264 kB
Cached:          1185152 kB
MemTotal:        1844596 kB
MemFree:          200380 kB
MemAvailable:    1478772 kB
Buffers:          106264 kB
Cached:          1185152 kB
MemTotal:        1844596 kB
MemFree:          200716 kB
MemAvailable:    1479108 kB
Buffers:          106264 kB
Cached:          1185152 kB
MemTotal:        1844596 kB
MemFree:          200420 kB
MemAvailable:    1478812 kB
Buffers:          106264 kB
Cached:          1185152 kB
MemTotal:        1844596 kB
MemFree:          199340 kB
MemAvailable:    1477732 kB
Buffers:          106264 kB
Cached:          1185152 kB
MemTotal:        1844596 kB
MemFree:          199216 kB
MemAvailable:    1477608 kB
Buffers:          106264 kB
Cached:          1185152 kB
MemTotal:        1844596 kB
MemFree:          199168 kB
MemAvailable:    1477560 kB
Buffers:          106264 kB
Cached:          1185152 kB
MemTotal:        1844596 kB
MemFree:          199292 kB
MemAvailable:    1477684 kB
Buffers:          106264 kB
Cached:          1185152 kB
MemTotal:        1844596 kB
MemFree:          199160 kB
MemAvailable:    1477552 kB
Buffers:          106264 kB
Cached:          1185152 kB
MemTotal:        1844596 kB
MemFree:          200396 kB
MemAvailable:    1478788 kB
Buffers:          106264 kB
Cached:          1185152 kB
MemTotal:        1844596 kB
MemFree:          200648 kB
MemAvailable:    1479040 kB
Buffers:          106264 kB
Cached:          1185152 kB
MemTotal:        1844596 kB
MemFree:          200420 kB
MemAvailable:    1478812 kB
Buffers:          106264 kB
Cached:          1185152 kB
MemTotal:        1844596 kB
MemFree:          200328 kB
MemAvailable:    1478720 kB
Buffers:          106264 kB
Cached:          1185152 kB
MemTotal:        1844596 kB
MemFree:          200580 kB
MemAvailable:    1478972 kB
Buffers:          106264 kB
Cached:          1185152 kB
MemTotal:        1844596 kB
MemFree:          200400 kB
MemAvailable:    1478792 kB
Buffers:          106264 kB
Cached:          1185152 kB
MemTotal:        1844596 kB
MemFree:          200220 kB
MemAvailable:    1478612 kB
Buffers:          106264 kB
Cached:          1185152 kB
MemTotal:        1844596 kB
MemFree:          199420 kB
MemAvailable:    1477812 kB
Buffers:          106264 kB
Cached:          1185152 kB
MemTotal:        1844596 kB
MemFree:          199296 kB
MemAvailable:    1477688 kB
Buffers:          106264 kB
Cached:          1185152 kB
MemTotal:        1844596 kB
MemFree:          199340 kB
MemAvailable:    1477732 kB
Buffers:          106264 kB
Cached:          1185152 kB
MemTotal:        1844596 kB
MemFree:          199168 kB
MemAvailable:    1477560 kB
Buffers:          106264 kB
Cached:          1185152 kB
MemTotal:        1844596 kB
MemFree:          200468 kB
MemAvailable:    1478860 kB
Buffers:          106264 kB
Cached:          1185152 kB
MemTotal:        1844596 kB
MemFree:          200464 kB
MemAvailable:    1478856 kB
Buffers:          106264 kB
Cached:          1185152 kB
MemTotal:        1844596 kB
MemFree:          200212 kB
MemAvailable:    1478604 kB
Buffers:          106264 kB
Cached:          1185152 kB
MemTotal:        1844596 kB
MemFree:          200212 kB
MemAvailable:    1478604 kB
Buffers:          106264 kB
Cached:          1185152 kB
MemTotal:        1844596 kB
MemFree:          195436 kB
MemAvailable:    1473828 kB
Buffers:          106264 kB
Cached:          1185152 kB
MemTotal:        1844596 kB
MemFree:          191788 kB
MemAvailable:    1470180 kB
Buffers:          106264 kB
Cached:          1185152 kB
MemTotal:        1844596 kB
MemFree:          189788 kB
MemAvailable:    1468180 kB
Buffers:          106264 kB
Cached:          1185152 kB
MemTotal:        1844596 kB
MemFree:          189308 kB
MemAvailable:    1467700 kB
Buffers:          106264 kB
Cached:          1185152 kB
MemTotal:        1844596 kB
MemFree:          189668 kB
MemAvailable:    1468060 kB
Buffers:          106264 kB
Cached:          1185152 kB
MemTotal:        1844596 kB
MemFree:          189556 kB
MemAvailable:    1467948 kB
Buffers:          106264 kB
Cached:          1185152 kB
MemTotal:        1844596 kB
MemFree:          188500 kB
MemAvailable:    1466892 kB
Buffers:          106264 kB
Cached:          1185152 kB
MemTotal:        1844596 kB
MemFree:          189652 kB
MemAvailable:    1468044 kB
Buffers:          106264 kB
Cached:          1185152 kB
MemTotal:        1844596 kB
MemFree:          188812 kB
MemAvailable:    1467204 kB
Buffers:          106264 kB
Cached:          1185152 kB
MemTotal:        1844596 kB
MemFree:          189540 kB
MemAvailable:    1467932 kB
Buffers:          106264 kB
Cached:          1185152 kB
MemTotal:        1844596 kB
MemFree:          189432 kB
MemAvailable:    1467824 kB
Buffers:          106264 kB
Cached:          1185152 kB
MemTotal:        1844596 kB
MemFree:          189552 kB
MemAvailable:    1467944 kB
Buffers:          106264 kB
Cached:          1185152 kB
MemTotal:        1844596 kB
MemFree:          189680 kB
MemAvailable:    1468072 kB
Buffers:          106264 kB
Cached:          1185152 kB
MemTotal:        1844596 kB
MemFree:          188416 kB
MemAvailable:    1466808 kB
Buffers:          106264 kB
Cached:          1185152 kB
MemTotal:        1844596 kB
MemFree:          189584 kB
MemAvailable:    1467976 kB
Buffers:          106264 kB
Cached:          1185152 kB
MemTotal:        1844596 kB
MemFree:          188944 kB
MemAvailable:    1467336 kB
Buffers:          106264 kB
Cached:          1185152 kB
MemTotal:        1844596 kB
MemFree:          188812 kB
MemAvailable:    1467208 kB
Buffers:          106264 kB
Cached:          1185156 kB
MemTotal:        1844596 kB
MemFree:          190044 kB
MemAvailable:    1468440 kB
Buffers:          106264 kB
Cached:          1185156 kB
MemTotal:        1844596 kB
MemFree:          189656 kB
MemAvailable:    1468052 kB
Buffers:          106264 kB
Cached:          1185156 kB
MemTotal:        1844596 kB
MemFree:          189740 kB
MemAvailable:    1468136 kB
Buffers:          106264 kB
Cached:          1185156 kB
MemTotal:        1844596 kB
MemFree:          188128 kB
MemAvailable:    1466524 kB
Buffers:          106264 kB
Cached:          1185156 kB
MemTotal:        1844596 kB
MemFree:          189792 kB
MemAvailable:    1468188 kB
Buffers:          106264 kB
Cached:          1185156 kB
MemTotal:        1844596 kB
MemFree:          189784 kB
MemAvailable:    1468180 kB
Buffers:          106264 kB
Cached:          1185156 kB
MemTotal:        1844596 kB
MemFree:          188172 kB
MemAvailable:    1466568 kB
Buffers:          106264 kB
Cached:          1185156 kB
MemTotal:        1844596 kB
MemFree:          189404 kB
MemAvailable:    1467800 kB
Buffers:          106264 kB
Cached:          1185156 kB
MemTotal:        1844596 kB
MemFree:          189660 kB
MemAvailable:    1468056 kB
Buffers:          106264 kB
Cached:          1185156 kB
MemTotal:        1844596 kB
MemFree:          188416 kB
MemAvailable:    1466812 kB
Buffers:          106264 kB
Cached:          1185156 kB
MemTotal:        1844596 kB
MemFree:          189544 kB
MemAvailable:    1467940 kB
Buffers:          106264 kB
Cached:          1185156 kB
MemTotal:        1844596 kB
MemFree:          188404 kB
MemAvailable:    1466800 kB
Buffers:          106264 kB
Cached:          1185156 kB
MemTotal:        1844596 kB
MemFree:          188556 kB
MemAvailable:    1466952 kB
Buffers:          106264 kB
Cached:          1185156 kB
MemTotal:        1844596 kB
MemFree:          188392 kB
MemAvailable:    1466788 kB
Buffers:          106264 kB
Cached:          1185156 kB
MemTotal:        1844596 kB
MemFree:          188388 kB
MemAvailable:    1466784 kB
Buffers:          106264 kB
Cached:          1185156 kB
MemTotal:        1844596 kB
MemFree:          189600 kB
MemAvailable:    1467996 kB
Buffers:          106264 kB
Cached:          1185156 kB
MemTotal:        1844596 kB
MemFree:          188820 kB
MemAvailable:    1467216 kB
Buffers:          106264 kB
Cached:          1185156 kB
MemTotal:        1844596 kB
MemFree:          188192 kB
MemAvailable:    1466592 kB
Buffers:          106264 kB
Cached:          1185160 kB
MemTotal:        1844596 kB
MemFree:          188400 kB
MemAvailable:    1466800 kB
Buffers:          106264 kB
Cached:          1185160 kB
MemTotal:        1844596 kB
MemFree:          189576 kB
MemAvailable:    1467976 kB
Buffers:          106264 kB
Cached:          1185160 kB
MemTotal:        1844596 kB
MemFree:          189568 kB
MemAvailable:    1467968 kB
Buffers:          106264 kB
Cached:          1185160 kB
MemTotal:        1844596 kB
MemFree:          188388 kB
MemAvailable:    1466788 kB
Buffers:          106264 kB
Cached:          1185160 kB
MemTotal:        1844596 kB
MemFree:          189416 kB
MemAvailable:    1467816 kB
Buffers:          106264 kB
Cached:          1185160 kB
MemTotal:        1844596 kB
MemFree:          189432 kB
MemAvailable:    1467832 kB
Buffers:          106264 kB
Cached:          1185160 kB
MemTotal:        1844596 kB
MemFree:          188428 kB
MemAvailable:    1466828 kB
Buffers:          106264 kB
Cached:          1185160 kB
MemTotal:        1844596 kB
MemFree:          189488 kB
MemAvailable:    1467888 kB
Buffers:          106264 kB
Cached:          1185160 kB
MemTotal:        1844596 kB
MemFree:          189656 kB
MemAvailable:    1468056 kB
Buffers:          106264 kB
Cached:          1185160 kB
MemTotal:        1844596 kB
MemFree:          188304 kB
MemAvailable:    1466704 kB
Buffers:          106264 kB
Cached:          1185160 kB
MemTotal:        1844596 kB
MemFree:          188304 kB
MemAvailable:    1466704 kB
Buffers:          106264 kB
Cached:          1185160 kB
MemTotal:        1844596 kB
MemFree:          189496 kB
MemAvailable:    1467896 kB
Buffers:          106264 kB
Cached:          1185160 kB
MemTotal:        1844596 kB
MemFree:          189592 kB
MemAvailable:    1467992 kB
Buffers:          106264 kB
Cached:          1185160 kB
MemTotal:        1844596 kB
MemFree:          188160 kB
MemAvailable:    1466560 kB
Buffers:          106264 kB
Cached:          1185160 kB
MemTotal:        1844596 kB
MemFree:          188152 kB
MemAvailable:    1466552 kB
Buffers:          106264 kB
Cached:          1185160 kB
MemTotal:        1844596 kB
MemFree:          189360 kB
MemAvailable:    1467760 kB
Buffers:          106264 kB
Cached:          1185160 kB
MemTotal:        1844596 kB
MemFree:          187936 kB
MemAvailable:    1466336 kB
Buffers:          106264 kB
Cached:          1185160 kB
MemTotal:        1844596 kB
MemFree:          187564 kB
MemAvailable:    1465964 kB
Buffers:          106264 kB
Cached:          1185160 kB
MemTotal:        1844596 kB
MemFree:          187448 kB
MemAvailable:    1465848 kB
Buffers:          106264 kB
Cached:          1185160 kB
MemTotal:        1844596 kB
MemFree:          188556 kB
MemAvailable:    1466956 kB
Buffers:          106264 kB
Cached:          1185160 kB
MemTotal:        1844596 kB
MemFree:          188448 kB
MemAvailable:    1466848 kB
Buffers:          106264 kB
Cached:          1185160 kB
MemTotal:        1844596 kB
MemFree:          188308 kB
MemAvailable:    1466708 kB
Buffers:          106264 kB
Cached:          1185160 kB
MemTotal:        1844596 kB
MemFree:          187020 kB
MemAvailable:    1465420 kB
Buffers:          106264 kB
Cached:          1185160 kB
MemTotal:        1844596 kB
MemFree:          187012 kB
MemAvailable:    1465412 kB
Buffers:          106264 kB
Cached:          1185160 kB
MemTotal:        1844596 kB
MemFree:          188444 kB
MemAvailable:    1466844 kB
Buffers:          106264 kB
Cached:          1185160 kB
MemTotal:        1844596 kB
MemFree:          187324 kB
MemAvailable:    1465724 kB
Buffers:          106264 kB
Cached:          1185160 kB
MemTotal:        1844596 kB
MemFree:          188360 kB
MemAvailable:    1466760 kB
Buffers:          106264 kB
Cached:          1185160 kB
MemTotal:        1844596 kB
MemFree:          187028 kB
MemAvailable:    1465428 kB
Buffers:          106264 kB
Cached:          1185160 kB
MemTotal:        1844596 kB
MemFree:          188204 kB
MemAvailable:    1466604 kB
Buffers:          106264 kB
Cached:          1185160 kB
MemTotal:        1844596 kB
MemFree:          187872 kB
MemAvailable:    1466272 kB
Buffers:          106264 kB
Cached:          1185160 kB
MemTotal:        1844596 kB
MemFree:          187956 kB
MemAvailable:    1466356 kB
Buffers:          106264 kB
Cached:          1185160 kB
MemTotal:        1844596 kB
MemFree:          188056 kB
MemAvailable:    1466456 kB
Buffers:          106264 kB
Cached:          1185160 kB
MemTotal:        1844596 kB
MemFree:          187208 kB
MemAvailable:    1465608 kB
Buffers:          106264 kB
Cached:          1185160 kB
MemTotal:        1844596 kB
MemFree:          187076 kB
MemAvailable:    1465476 kB
Buffers:          106264 kB
Cached:          1185160 kB
MemTotal:        1844596 kB
MemFree:          188308 kB
MemAvailable:    1466708 kB
Buffers:          106264 kB
Cached:          1185160 kB
MemTotal:        1844596 kB
MemFree:          188228 kB
MemAvailable:    1466628 kB
Buffers:          106264 kB
Cached:          1185160 kB
MemTotal:        1844596 kB
MemFree:          186688 kB
MemAvailable:    1465088 kB
Buffers:          106264 kB
Cached:          1185160 kB
MemTotal:        1844596 kB
MemFree:          186640 kB
MemAvailable:    1465040 kB
Buffers:          106264 kB
Cached:          1185160 kB
MemTotal:        1844596 kB
MemFree:          187760 kB
MemAvailable:    1466160 kB
Buffers:          106264 kB
Cached:          1185160 kB
MemTotal:        1844596 kB
MemFree:          186644 kB
MemAvailable:    1465044 kB
Buffers:          106264 kB
Cached:          1185160 kB
MemTotal:        1844596 kB
MemFree:          187856 kB
MemAvailable:    1466256 kB
Buffers:          106264 kB
Cached:          1185160 kB
MemTotal:        1844596 kB
MemFree:          186680 kB
MemAvailable:    1465080 kB
Buffers:          106264 kB
Cached:          1185160 kB
MemTotal:        1844596 kB
MemFree:          184780 kB
MemAvailable:    1463180 kB
Buffers:          106264 kB
Cached:          1185160 kB
MemTotal:        1844596 kB
MemFree:          180380 kB
MemAvailable:    1458780 kB
Buffers:          106264 kB
Cached:          1185160 kB
MemTotal:        1844596 kB
MemFree:          177044 kB
MemAvailable:    1455444 kB
Buffers:          106264 kB
Cached:          1185160 kB
MemTotal:        1844596 kB
MemFree:          175652 kB
MemAvailable:    1454052 kB
Buffers:          106264 kB
Cached:          1185160 kB
MemTotal:        1844596 kB
MemFree:          177024 kB
MemAvailable:    1455424 kB
Buffers:          106264 kB
Cached:          1185160 kB
MemTotal:        1844596 kB
MemFree:          176424 kB
MemAvailable:    1454824 kB
Buffers:          106264 kB
Cached:          1185160 kB
MemTotal:        1844596 kB
MemFree:          176300 kB
MemAvailable:    1454700 kB
Buffers:          106264 kB
Cached:          1185160 kB
MemTotal:        1844596 kB
MemFree:          176260 kB
MemAvailable:    1454660 kB
Buffers:          106264 kB
Cached:          1185160 kB
MemTotal:        1844596 kB
MemFree:          174800 kB
MemAvailable:    1453200 kB
Buffers:          106264 kB
Cached:          1185160 kB
MemTotal:        1844596 kB
MemFree:          175736 kB
MemAvailable:    1454136 kB
Buffers:          106264 kB
Cached:          1185160 kB
MemTotal:        1844596 kB
MemFree:          174660 kB
MemAvailable:    1453060 kB
Buffers:          106264 kB
Cached:          1185160 kB
MemTotal:        1844596 kB
MemFree:          174428 kB
MemAvailable:    1452828 kB
Buffers:          106264 kB
Cached:          1185160 kB
MemTotal:        1844596 kB
MemFree:          174232 kB
MemAvailable:    1452632 kB
Buffers:          106264 kB
Cached:          1185160 kB
MemTotal:        1844596 kB
MemFree:          173056 kB
MemAvailable:    1451456 kB
Buffers:          106264 kB
Cached:          1185160 kB
MemTotal:        1844596 kB
MemFree:          172328 kB
MemAvailable:    1450728 kB
Buffers:          106264 kB
Cached:          1185160 kB
MemTotal:        1844596 kB
MemFree:          172684 kB
MemAvailable:    1451084 kB
Buffers:          106264 kB
Cached:          1185160 kB
MemTotal:        1844596 kB
MemFree:          172800 kB
MemAvailable:    1451200 kB
Buffers:          106264 kB
Cached:          1185160 kB
MemTotal:        1844596 kB
MemFree:          172444 kB
MemAvailable:    1450844 kB
Buffers:          106264 kB
Cached:          1185160 kB
MemTotal:        1844596 kB
MemFree:          172856 kB
MemAvailable:    1451256 kB
Buffers:          106264 kB
Cached:          1185160 kB
MemTotal:        1844596 kB
MemFree:          172080 kB
MemAvailable:    1450480 kB
Buffers:          106264 kB
Cached:          1185160 kB
MemTotal:        1844596 kB
MemFree:          171824 kB
MemAvailable:    1450232 kB
Buffers:          106264 kB
Cached:          1185168 kB
MemTotal:        1844596 kB
MemFree:          172868 kB
MemAvailable:    1451276 kB
Buffers:          106264 kB
Cached:          1185168 kB
MemTotal:        1844596 kB
MemFree:          171644 kB
MemAvailable:    1450052 kB
Buffers:          106264 kB
Cached:          1185168 kB
MemTotal:        1844596 kB
MemFree:          171948 kB
MemAvailable:    1450356 kB
Buffers:          106264 kB
Cached:          1185168 kB
MemTotal:        1844596 kB
MemFree:          171688 kB
MemAvailable:    1450096 kB
Buffers:          106264 kB
Cached:          1185168 kB
MemTotal:        1844596 kB
MemFree:          171516 kB
MemAvailable:    1449924 kB
Buffers:          106264 kB
Cached:          1185168 kB
MemTotal:        1844596 kB
MemFree:          172784 kB
MemAvailable:    1451192 kB
Buffers:          106264 kB
Cached:          1185168 kB
MemTotal:        1844596 kB
MemFree:          173036 kB
MemAvailable:    1451444 kB
Buffers:          106264 kB
Cached:          1185168 kB
MemTotal:        1844596 kB
MemFree:          171436 kB
MemAvailable:    1449844 kB
Buffers:          106264 kB
Cached:          1185168 kB
MemTotal:        1844596 kB
MemFree:          172320 kB
MemAvailable:    1450728 kB
Buffers:          106264 kB
Cached:          1185168 kB
MemTotal:        1844596 kB
MemFree:          171212 kB
MemAvailable:    1449620 kB
Buffers:          106264 kB
Cached:          1185168 kB
MemTotal:        1844596 kB
MemFree:          171312 kB
MemAvailable:    1449720 kB
Buffers:          106264 kB
Cached:          1185168 kB
MemTotal:        1844596 kB
MemFree:          170088 kB
MemAvailable:    1448496 kB
Buffers:          106264 kB
Cached:          1185168 kB
MemTotal:        1844596 kB
MemFree:          170912 kB
MemAvailable:    1449320 kB
Buffers:          106264 kB
Cached:          1185168 kB
MemTotal:        1844596 kB
MemFree:          169840 kB
MemAvailable:    1448248 kB
Buffers:          106264 kB
Cached:          1185168 kB
MemTotal:        1844596 kB
MemFree:          170612 kB
MemAvailable:    1449024 kB
Buffers:          106264 kB
Cached:          1185172 kB
MemTotal:        1844596 kB
MemFree:          170584 kB
MemAvailable:    1448996 kB
Buffers:          106264 kB
Cached:          1185172 kB
MemTotal:        1844596 kB
MemFree:          170264 kB
MemAvailable:    1448676 kB
Buffers:          106264 kB
Cached:          1185172 kB
MemTotal:        1844596 kB
MemFree:          169468 kB
MemAvailable:    1447880 kB
Buffers:          106264 kB
Cached:          1185172 kB
MemTotal:        1844596 kB
MemFree:          169460 kB
MemAvailable:    1447872 kB
Buffers:          106264 kB
Cached:          1185172 kB
MemTotal:        1844596 kB
MemFree:          169104 kB
MemAvailable:    1447516 kB
Buffers:          106264 kB
Cached:          1185172 kB
MemTotal:        1844596 kB
MemFree:          168096 kB
MemAvailable:    1446508 kB
Buffers:          106264 kB
Cached:          1185172 kB
MemTotal:        1844596 kB
MemFree:          168096 kB
MemAvailable:    1446508 kB
Buffers:          106264 kB
Cached:          1185172 kB
MemTotal:        1844596 kB
MemFree:          167856 kB
MemAvailable:    1446268 kB
Buffers:          106264 kB
Cached:          1185172 kB
MemTotal:        1844596 kB
MemFree:          169096 kB
MemAvailable:    1447508 kB
Buffers:          106264 kB
Cached:          1185172 kB
MemTotal:        1844596 kB
MemFree:          169096 kB
MemAvailable:    1447508 kB
Buffers:          106264 kB
Cached:          1185172 kB
MemTotal:        1844596 kB
MemFree:          168840 kB
MemAvailable:    1447252 kB
Buffers:          106264 kB
Cached:          1185172 kB
MemTotal:        1844596 kB
MemFree:          168360 kB
MemAvailable:    1446772 kB
Buffers:          106264 kB
Cached:          1185172 kB
MemTotal:        1844596 kB
MemFree:          167352 kB
MemAvailable:    1445764 kB
Buffers:          106264 kB
Cached:          1185172 kB
MemTotal:        1844596 kB
MemFree:          167352 kB
MemAvailable:    1445764 kB
Buffers:          106264 kB
Cached:          1185172 kB
MemTotal:        1844596 kB
MemFree:          168716 kB
MemAvailable:    1447128 kB
Buffers:          106264 kB
Cached:          1185172 kB
MemTotal:        1844596 kB
MemFree:          168800 kB
MemAvailable:    1447212 kB
Buffers:          106264 kB
Cached:          1185172 kB
MemTotal:        1844596 kB
MemFree:          167352 kB
MemAvailable:    1445764 kB
Buffers:          106264 kB
Cached:          1185172 kB
MemTotal:        1844596 kB
MemFree:          167344 kB
MemAvailable:    1445756 kB
Buffers:          106264 kB
Cached:          1185172 kB
MemTotal:        1844596 kB
MemFree:          168280 kB
MemAvailable:    1446692 kB
Buffers:          106264 kB
Cached:          1185172 kB
MemTotal:        1844596 kB
MemFree:          168280 kB
MemAvailable:    1446692 kB
Buffers:          106264 kB
Cached:          1185172 kB
MemTotal:        1844596 kB
MemFree:          168416 kB
MemAvailable:    1446828 kB
Buffers:          106264 kB
Cached:          1185172 kB
MemTotal:        1844596 kB
MemFree:          168236 kB
MemAvailable:    1446648 kB
Buffers:          106264 kB
Cached:          1185172 kB
MemTotal:        1844596 kB
MemFree:          168356 kB
MemAvailable:    1446768 kB
Buffers:          106264 kB
Cached:          1185172 kB
MemTotal:        1844596 kB
MemFree:          167740 kB
MemAvailable:    1446152 kB
Buffers:          106264 kB
Cached:          1185172 kB
MemTotal:        1844596 kB
MemFree:          168336 kB
MemAvailable:    1446748 kB
Buffers:          106264 kB
Cached:          1185172 kB
MemTotal:        1844596 kB
MemFree:          168588 kB
MemAvailable:    1447000 kB
Buffers:          106264 kB
Cached:          1185172 kB
MemTotal:        1844596 kB
MemFree:          167056 kB
MemAvailable:    1445468 kB
Buffers:          106264 kB
Cached:          1185172 kB
MemTotal:        1844596 kB
MemFree:          168420 kB
MemAvailable:    1446832 kB
Buffers:          106264 kB
Cached:          1185172 kB
MemTotal:        1844596 kB
MemFree:          167048 kB
MemAvailable:    1445460 kB
Buffers:          106264 kB
Cached:          1185172 kB
MemTotal:        1844596 kB
MemFree:          167216 kB
MemAvailable:    1445628 kB
Buffers:          106264 kB
Cached:          1185172 kB
MemTotal:        1844596 kB
MemFree:          167464 kB
MemAvailable:    1445876 kB
Buffers:          106264 kB
Cached:          1185172 kB
MemTotal:        1844596 kB
MemFree:          167340 kB
MemAvailable:    1445752 kB
Buffers:          106264 kB
Cached:          1185172 kB
MemTotal:        1844596 kB
MemFree:          167168 kB
MemAvailable:    1445580 kB
Buffers:          106264 kB
Cached:          1185172 kB
MemTotal:        1844596 kB
MemFree:          167288 kB
MemAvailable:    1445700 kB
Buffers:          106264 kB
Cached:          1185172 kB
MemTotal:        1844596 kB
MemFree:          165856 kB
MemAvailable:    1444268 kB
Buffers:          106264 kB
Cached:          1185172 kB
MemTotal:        1844596 kB
MemFree:          165724 kB
MemAvailable:    1444136 kB
Buffers:          106264 kB
Cached:          1185172 kB
MemTotal:        1844596 kB
MemFree:          165932 kB
MemAvailable:    1444344 kB
Buffers:          106264 kB
Cached:          1185172 kB
MemTotal:        1844596 kB
MemFree:          164128 kB
MemAvailable:    1442540 kB
Buffers:          106264 kB
Cached:          1185172 kB
MemTotal:        1844596 kB
MemFree:          163772 kB
MemAvailable:    1442184 kB
Buffers:          106264 kB
Cached:          1185172 kB
MemTotal:        1844596 kB
MemFree:          161036 kB
MemAvailable:    1439448 kB
Buffers:          106264 kB
Cached:          1185172 kB
MemTotal:        1844596 kB
MemFree:          157060 kB
MemAvailable:    1435472 kB
Buffers:          106264 kB
Cached:          1185172 kB
MemTotal:        1844596 kB
MemFree:          157068 kB
MemAvailable:    1435480 kB
Buffers:          106264 kB
Cached:          1185172 kB
MemTotal:        1844596 kB
MemFree:          151736 kB
MemAvailable:    1430148 kB
Buffers:          106264 kB
Cached:          1185172 kB
MemTotal:        1844596 kB
MemFree:          150248 kB
MemAvailable:    1428660 kB
Buffers:          106264 kB
Cached:          1185172 kB
MemTotal:        1844596 kB
MemFree:          150240 kB
MemAvailable:    1428652 kB
Buffers:          106264 kB
Cached:          1185172 kB
MemTotal:        1844596 kB
MemFree:          149984 kB
MemAvailable:    1428396 kB
Buffers:          106264 kB
Cached:          1185172 kB
MemTotal:        1844596 kB
MemFree:          149628 kB
MemAvailable:    1428040 kB
Buffers:          106264 kB
Cached:          1185172 kB
MemTotal:        1844596 kB
MemFree:          149988 kB
MemAvailable:    1428400 kB
Buffers:          106264 kB
Cached:          1185172 kB
MemTotal:        1844596 kB
MemFree:          148616 kB
MemAvailable:    1427028 kB
Buffers:          106264 kB
Cached:          1185172 kB
MemTotal:        1844596 kB
MemFree:          148608 kB
MemAvailable:    1427020 kB
Buffers:          106264 kB
Cached:          1185172 kB
MemTotal:        1844596 kB
MemFree:          148484 kB
MemAvailable:    1426896 kB
Buffers:          106264 kB
Cached:          1185172 kB
MemTotal:        1844596 kB
MemFree:          148476 kB
MemAvailable:    1426888 kB
Buffers:          106264 kB
Cached:          1185172 kB
MemTotal:        1844596 kB
MemFree:          148484 kB
MemAvailable:    1426896 kB
Buffers:          106264 kB
Cached:          1185172 kB
MemTotal:        1844596 kB
MemFree:          148476 kB
MemAvailable:    1426888 kB
Buffers:          106264 kB
Cached:          1185172 kB
MemTotal:        1844596 kB
MemFree:          148560 kB
MemAvailable:    1426972 kB
Buffers:          106264 kB
Cached:          1185172 kB
MemTotal:        1844596 kB
MemFree:          148868 kB
MemAvailable:    1427280 kB
Buffers:          106264 kB
Cached:          1185172 kB
MemTotal:        1844596 kB
MemFree:          148388 kB
MemAvailable:    1426800 kB
Buffers:          106264 kB
Cached:          1185172 kB
MemTotal:        1844596 kB
MemFree:          148872 kB
MemAvailable:    1427284 kB
Buffers:          106264 kB
Cached:          1185172 kB
MemTotal:        1844596 kB
MemFree:          149072 kB
MemAvailable:    1427484 kB
Buffers:          106264 kB
Cached:          1185172 kB
MemTotal:        1844596 kB
MemFree:          147596 kB
MemAvailable:    1426008 kB
Buffers:          106264 kB
Cached:          1185172 kB
MemTotal:        1844596 kB
MemFree:          147596 kB
MemAvailable:    1426008 kB
Buffers:          106264 kB
Cached:          1185172 kB
MemTotal:        1844596 kB
MemFree:          149004 kB
MemAvailable:    1427416 kB
Buffers:          106264 kB
Cached:          1185172 kB
MemTotal:        1844596 kB
MemFree:          148608 kB
MemAvailable:    1427020 kB
Buffers:          106264 kB
Cached:          1185172 kB
MemTotal:        1844596 kB
MemFree:          148744 kB
MemAvailable:    1427156 kB
Buffers:          106264 kB
Cached:          1185172 kB
MemTotal:        1844596 kB
MemFree:          147520 kB
MemAvailable:    1425932 kB
Buffers:          106264 kB
Cached:          1185172 kB
MemTotal:        1844596 kB
MemFree:          147604 kB
MemAvailable:    1426016 kB
Buffers:          106264 kB
Cached:          1185172 kB
MemTotal:        1844596 kB
MemFree:          148884 kB
MemAvailable:    1427296 kB
Buffers:          106264 kB
Cached:          1185172 kB
MemTotal:        1844596 kB
MemFree:          148876 kB
MemAvailable:    1427288 kB
Buffers:          106264 kB
Cached:          1185172 kB
MemTotal:        1844596 kB
MemFree:          149128 kB
MemAvailable:    1427540 kB
Buffers:          106264 kB
Cached:          1185172 kB
MemTotal:        1844596 kB
MemFree:          147604 kB
MemAvailable:    1426024 kB
Buffers:          106264 kB
Cached:          1185180 kB
MemTotal:        1844596 kB
MemFree:          147604 kB
MemAvailable:    1426024 kB
Buffers:          106264 kB
Cached:          1185180 kB
MemTotal:        1844596 kB
MemFree:          147728 kB
MemAvailable:    1426148 kB
Buffers:          106264 kB
Cached:          1185180 kB
MemTotal:        1844596 kB
MemFree:          148836 kB
MemAvailable:    1427256 kB
Buffers:          106264 kB
Cached:          1185180 kB
MemTotal:        1844596 kB
MemFree:          149092 kB
MemAvailable:    1427512 kB
Buffers:          106264 kB
Cached:          1185180 kB
MemTotal:        1844596 kB
MemFree:          148836 kB
MemAvailable:    1427256 kB
Buffers:          106264 kB
Cached:          1185180 kB
MemTotal:        1844596 kB
MemFree:          148764 kB
MemAvailable:    1427184 kB
Buffers:          106264 kB
Cached:          1185180 kB
MemTotal:        1844596 kB
MemFree:          145536 kB
MemAvailable:    1423956 kB
Buffers:          106264 kB
Cached:          1185180 kB
MemTotal:        1844596 kB
MemFree:          143232 kB
MemAvailable:    1421652 kB
Buffers:          106264 kB
Cached:          1185180 kB
MemTotal:        1844596 kB
MemFree:          140080 kB
MemAvailable:    1418500 kB
Buffers:          106264 kB
Cached:          1185180 kB
MemTotal:        1844596 kB
MemFree:          137288 kB
MemAvailable:    1415708 kB
Buffers:          106264 kB
Cached:          1185180 kB
MemTotal:        1844596 kB
MemFree:          135492 kB
MemAvailable:    1413912 kB
Buffers:          106264 kB
Cached:          1185180 kB
MemTotal:        1844596 kB
MemFree:          131384 kB
MemAvailable:    1409804 kB
Buffers:          106264 kB
Cached:          1185180 kB
MemTotal:        1844596 kB
MemFree:          131472 kB
MemAvailable:    1409892 kB
Buffers:          106264 kB
Cached:          1185180 kB
MemTotal:        1844596 kB
MemFree:          130904 kB
MemAvailable:    1409324 kB
Buffers:          106264 kB
Cached:          1185180 kB
MemTotal:        1844596 kB
MemFree:          129780 kB
MemAvailable:    1408200 kB
Buffers:          106264 kB
Cached:          1185180 kB
MemTotal:        1844596 kB
MemFree:          129656 kB
MemAvailable:    1408076 kB
Buffers:          106264 kB
Cached:          1185180 kB
MemTotal:        1844596 kB
MemFree:          129400 kB
MemAvailable:    1407820 kB
Buffers:          106264 kB
Cached:          1185180 kB
MemTotal:        1844596 kB
MemFree:          129400 kB
MemAvailable:    1407820 kB
Buffers:          106264 kB
Cached:          1185180 kB
MemTotal:        1844596 kB
MemFree:          129400 kB
MemAvailable:    1407820 kB
Buffers:          106264 kB
Cached:          1185180 kB
MemTotal:        1844596 kB
MemFree:          130640 kB
MemAvailable:    1409060 kB
Buffers:          106264 kB
Cached:          1185180 kB
MemTotal:        1844596 kB
MemFree:          130588 kB
MemAvailable:    1409008 kB
Buffers:          106264 kB
Cached:          1185180 kB
MemTotal:        1844596 kB
MemFree:          130416 kB
MemAvailable:    1408836 kB
Buffers:          106264 kB
Cached:          1185180 kB
MemTotal:        1844596 kB
MemFree:          130536 kB
MemAvailable:    1408956 kB
Buffers:          106264 kB
Cached:          1185180 kB
MemTotal:        1844596 kB
MemFree:          129224 kB
MemAvailable:    1407644 kB
Buffers:          106264 kB
Cached:          1185180 kB
MemTotal:        1844596 kB
MemFree:          129912 kB
MemAvailable:    1408332 kB
Buffers:          106264 kB
Cached:          1185180 kB
MemTotal:        1844596 kB
MemFree:          130724 kB
MemAvailable:    1409144 kB
Buffers:          106264 kB
Cached:          1185180 kB
MemTotal:        1844596 kB
MemFree:          130644 kB
MemAvailable:    1409064 kB
Buffers:          106264 kB
Cached:          1185180 kB
MemTotal:        1844596 kB
MemFree:          129272 kB
MemAvailable:    1407692 kB
Buffers:          106264 kB
Cached:          1185180 kB
MemTotal:        1844596 kB
MemFree:          130656 kB
MemAvailable:    1409076 kB
Buffers:          106264 kB
Cached:          1185180 kB
MemTotal:        1844596 kB
MemFree:          129348 kB
MemAvailable:    1407768 kB
Buffers:          106264 kB
Cached:          1185180 kB
MemTotal:        1844596 kB
MemFree:          129392 kB
MemAvailable:    1407812 kB
Buffers:          106264 kB
Cached:          1185180 kB
MemTotal:        1844596 kB
MemFree:          129392 kB
MemAvailable:    1407812 kB
Buffers:          106264 kB
Cached:          1185180 kB
MemTotal:        1844596 kB
MemFree:          129640 kB
MemAvailable:    1408060 kB
Buffers:          106264 kB
Cached:          1185180 kB
MemTotal:        1844596 kB
MemFree:          129408 kB
MemAvailable:    1407828 kB
Buffers:          106264 kB
Cached:          1185180 kB
MemTotal:        1844596 kB
MemFree:          130732 kB
MemAvailable:    1409152 kB
Buffers:          106264 kB
Cached:          1185180 kB
MemTotal:        1844596 kB
MemFree:          129796 kB
MemAvailable:    1408216 kB
Buffers:          106264 kB
Cached:          1185180 kB
MemTotal:        1844596 kB
MemFree:          130648 kB
MemAvailable:    1409072 kB
Buffers:          106264 kB
Cached:          1185184 kB
MemTotal:        1844596 kB
MemFree:          130904 kB
MemAvailable:    1409328 kB
Buffers:          106264 kB
Cached:          1185184 kB
MemTotal:        1844596 kB
MemFree:          130468 kB
MemAvailable:    1408892 kB
Buffers:          106264 kB
Cached:          1185184 kB
MemTotal:        1844596 kB
MemFree:          130720 kB
MemAvailable:    1409144 kB
Buffers:          106264 kB
Cached:          1185184 kB
MemTotal:        1844596 kB
MemFree:          130704 kB
MemAvailable:    1409128 kB
Buffers:          106264 kB
Cached:          1185184 kB
MemTotal:        1844596 kB
MemFree:          130700 kB
MemAvailable:    1409124 kB
Buffers:          106264 kB
Cached:          1185184 kB
MemTotal:        1844596 kB
MemFree:          129920 kB
MemAvailable:    1408344 kB
Buffers:          106264 kB
Cached:          1185184 kB
MemTotal:        1844596 kB
MemFree:          129416 kB
MemAvailable:    1407840 kB
Buffers:          106264 kB
Cached:          1185184 kB
MemTotal:        1844596 kB
MemFree:          129236 kB
MemAvailable:    1407660 kB
Buffers:          106264 kB
Cached:          1185184 kB
MemTotal:        1844596 kB
MemFree:          130692 kB
MemAvailable:    1409116 kB
Buffers:          106264 kB
Cached:          1185184 kB
MemTotal:        1844596 kB
MemFree:          129280 kB
MemAvailable:    1407704 kB
Buffers:          106264 kB
Cached:          1185184 kB
MemTotal:        1844596 kB
MemFree:          130720 kB
MemAvailable:    1409144 kB
Buffers:          106264 kB
Cached:          1185184 kB
MemTotal:        1844596 kB
MemFree:          126184 kB
MemAvailable:    1404608 kB
Buffers:          106264 kB
Cached:          1185184 kB
MemTotal:        1844596 kB
MemFree:          126184 kB
MemAvailable:    1404608 kB
Buffers:          106264 kB
Cached:          1185184 kB
MemTotal:        1844596 kB
MemFree:          120796 kB
MemAvailable:    1399220 kB
Buffers:          106264 kB
Cached:          1185184 kB
MemTotal:        1844596 kB
MemFree:          117636 kB
MemAvailable:    1396060 kB
Buffers:          106264 kB
Cached:          1185184 kB
MemTotal:        1844596 kB
MemFree:          114288 kB
MemAvailable:    1392712 kB
Buffers:          106264 kB
Cached:          1185184 kB
MemTotal:        1844596 kB
MemFree:          113412 kB
MemAvailable:    1391836 kB
Buffers:          106264 kB
Cached:          1185184 kB
MemTotal:        1844596 kB
MemFree:          113668 kB
MemAvailable:    1392092 kB
Buffers:          106264 kB
Cached:          1185184 kB
MemTotal:        1844596 kB
MemFree:          112172 kB
MemAvailable:    1390596 kB
Buffers:          106264 kB
Cached:          1185184 kB
MemTotal:        1844596 kB
MemFree:          112736 kB
MemAvailable:    1391160 kB
Buffers:          106264 kB
Cached:          1185184 kB
MemTotal:        1844596 kB
MemFree:          111188 kB
MemAvailable:    1389612 kB
Buffers:          106264 kB
Cached:          1185184 kB
MemTotal:        1844596 kB
MemFree:          111436 kB
MemAvailable:    1389860 kB
Buffers:          106264 kB
Cached:          1185184 kB
MemTotal:        1844596 kB
MemFree:          111064 kB
MemAvailable:    1389488 kB
Buffers:          106264 kB
Cached:          1185184 kB
MemTotal:        1844596 kB
MemFree:          112164 kB
MemAvailable:    1390588 kB
Buffers:          106264 kB
Cached:          1185184 kB
MemTotal:        1844596 kB
MemFree:          112180 kB
MemAvailable:    1390604 kB
Buffers:          106264 kB
Cached:          1185184 kB
MemTotal:        1844596 kB
MemFree:          112184 kB
MemAvailable:    1390608 kB
Buffers:          106264 kB
Cached:          1185184 kB
MemTotal:        1844596 kB
MemFree:          111568 kB
MemAvailable:    1389992 kB
Buffers:          106264 kB
Cached:          1185184 kB
MemTotal:        1844596 kB
MemFree:          110560 kB
MemAvailable:    1388988 kB
Buffers:          106264 kB
Cached:          1185188 kB
MemTotal:        1844596 kB
MemFree:          111932 kB
MemAvailable:    1390360 kB
Buffers:          106264 kB
Cached:          1185188 kB
MemTotal:        1844596 kB
MemFree:          111412 kB
MemAvailable:    1389840 kB
Buffers:          106264 kB
Cached:          1185188 kB
MemTotal:        1844596 kB
MemFree:          110940 kB
MemAvailable:    1389368 kB
Buffers:          106264 kB
Cached:          1185188 kB
MemTotal:        1844596 kB
MemFree:          111064 kB
MemAvailable:    1389492 kB
Buffers:          106264 kB
Cached:          1185188 kB
MemTotal:        1844596 kB
MemFree:          111016 kB
MemAvailable:    1389444 kB
Buffers:          106264 kB
Cached:          1185188 kB
MemTotal:        1844596 kB
MemFree:          109576 kB
MemAvailable:    1388004 kB
Buffers:          106264 kB
Cached:          1185188 kB
MemTotal:        1844596 kB
MemFree:          108956 kB
MemAvailable:    1387384 kB
Buffers:          106264 kB
Cached:          1185188 kB
MemTotal:        1844596 kB
MemFree:          108460 kB
MemAvailable:    1386888 kB
Buffers:          106264 kB
Cached:          1185188 kB
MemTotal:        1844596 kB
MemFree:          109508 kB
MemAvailable:    1387936 kB
Buffers:          106264 kB
Cached:          1185188 kB
MemTotal:        1844596 kB
MemFree:          107956 kB
MemAvailable:    1386384 kB
Buffers:          106264 kB
Cached:          1185188 kB
MemTotal:        1844596 kB
MemFree:          107220 kB
MemAvailable:    1385648 kB
Buffers:          106264 kB
Cached:          1185188 kB
MemTotal:        1844596 kB
MemFree:          107404 kB
MemAvailable:    1385832 kB
Buffers:          106264 kB
Cached:          1185188 kB
MemTotal:        1844596 kB
MemFree:          106912 kB
MemAvailable:    1385340 kB
Buffers:          106264 kB
Cached:          1185188 kB
MemTotal:        1844596 kB
MemFree:          105964 kB
MemAvailable:    1384392 kB
Buffers:          106264 kB
Cached:          1185188 kB
MemTotal:        1844596 kB
MemFree:          105964 kB
MemAvailable:    1384392 kB
Buffers:          106264 kB
Cached:          1185188 kB
MemTotal:        1844596 kB
MemFree:          106084 kB
MemAvailable:    1384512 kB
Buffers:          106264 kB
Cached:          1185188 kB
MemTotal:        1844596 kB
MemFree:          105616 kB
MemAvailable:    1384044 kB
Buffers:          106264 kB
Cached:          1185188 kB
MemTotal:        1844596 kB
MemFree:          104816 kB
MemAvailable:    1383244 kB
Buffers:          106264 kB
Cached:          1185188 kB
MemTotal:        1844596 kB
MemFree:          105964 kB
MemAvailable:    1384392 kB
Buffers:          106264 kB
Cached:          1185188 kB
MemTotal:        1844596 kB
MemFree:          105964 kB
MemAvailable:    1384392 kB
Buffers:          106264 kB
Cached:          1185188 kB
MemTotal:        1844596 kB
MemFree:          104852 kB
MemAvailable:    1383280 kB
Buffers:          106264 kB
Cached:          1185188 kB
MemTotal:        1844596 kB
MemFree:          105732 kB
MemAvailable:    1384160 kB
Buffers:          106264 kB
Cached:          1185188 kB
MemTotal:        1844596 kB
MemFree:          104600 kB
MemAvailable:    1383028 kB
Buffers:          106264 kB
Cached:          1185188 kB
MemTotal:        1844596 kB
MemFree:          103872 kB
MemAvailable:    1382300 kB
Buffers:          106264 kB
Cached:          1185188 kB
MemTotal:        1844596 kB
MemFree:          104480 kB
MemAvailable:    1382908 kB
Buffers:          106264 kB
Cached:          1185188 kB
MemTotal:        1844596 kB
MemFree:          104492 kB
MemAvailable:    1382920 kB
Buffers:          106264 kB
Cached:          1185188 kB
MemTotal:        1844596 kB
MemFree:          103060 kB
MemAvailable:    1381488 kB
Buffers:          106264 kB
Cached:          1185188 kB
MemTotal:        1844596 kB
MemFree:          104696 kB
MemAvailable:    1383124 kB
Buffers:          106264 kB
Cached:          1185188 kB
MemTotal:        1844596 kB
MemFree:          104420 kB
MemAvailable:    1382848 kB
Buffers:          106264 kB
Cached:          1185188 kB
MemTotal:        1844596 kB
MemFree:          104192 kB
MemAvailable:    1382620 kB
Buffers:          106264 kB
Cached:          1185188 kB
MemTotal:        1844596 kB
MemFree:          104360 kB
MemAvailable:    1382788 kB
Buffers:          106264 kB
Cached:          1185188 kB
MemTotal:        1844596 kB
MemFree:          104312 kB
MemAvailable:    1382740 kB
Buffers:          106264 kB
Cached:          1185188 kB
MemTotal:        1844596 kB
MemFree:          104340 kB
MemAvailable:    1382768 kB
Buffers:          106264 kB
Cached:          1185188 kB
MemTotal:        1844596 kB
MemFree:          104592 kB
MemAvailable:    1383020 kB
Buffers:          106264 kB
Cached:          1185188 kB
MemTotal:        1844596 kB
MemFree:          103064 kB
MemAvailable:    1381492 kB
Buffers:          106264 kB
Cached:          1185188 kB
MemTotal:        1844596 kB
MemFree:          103196 kB
MemAvailable:    1381624 kB
Buffers:          106264 kB
Cached:          1185188 kB
MemTotal:        1844596 kB
MemFree:          103196 kB
MemAvailable:    1381624 kB
Buffers:          106264 kB
Cached:          1185188 kB
MemTotal:        1844596 kB
MemFree:          103196 kB
MemAvailable:    1381624 kB
Buffers:          106264 kB
Cached:          1185188 kB
MemTotal:        1844596 kB
MemFree:          104516 kB
MemAvailable:    1382944 kB
Buffers:          106264 kB
Cached:          1185188 kB
MemTotal:        1844596 kB
MemFree:          103624 kB
MemAvailable:    1382052 kB
Buffers:          106264 kB
Cached:          1185188 kB
MemTotal:        1844596 kB
MemFree:          104320 kB
MemAvailable:    1382748 kB
Buffers:          106264 kB
Cached:          1185188 kB
MemTotal:        1844596 kB
MemFree:          104128 kB
MemAvailable:    1382556 kB
Buffers:          106264 kB
Cached:          1185188 kB
MemTotal:        1844596 kB
MemFree:          104320 kB
MemAvailable:    1382748 kB
Buffers:          106264 kB
Cached:          1185188 kB
MemTotal:        1844596 kB
MemFree:          103632 kB
MemAvailable:    1382060 kB
Buffers:          106264 kB
Cached:          1185188 kB
MemTotal:        1844596 kB
MemFree:          104228 kB
MemAvailable:    1382656 kB
Buffers:          106264 kB
Cached:          1185188 kB
MemTotal:        1844596 kB
MemFree:          104564 kB
MemAvailable:    1382992 kB
Buffers:          106264 kB
Cached:          1185188 kB
MemTotal:        1844596 kB
MemFree:          103196 kB
MemAvailable:    1381624 kB
Buffers:          106264 kB
Cached:          1185188 kB
MemTotal:        1844596 kB
MemFree:          103196 kB
MemAvailable:    1381624 kB
Buffers:          106264 kB
Cached:          1185188 kB
MemTotal:        1844596 kB
MemFree:          104396 kB
MemAvailable:    1382824 kB
Buffers:          106264 kB
Cached:          1185188 kB
MemTotal:        1844596 kB
MemFree:          103632 kB
MemAvailable:    1382060 kB
Buffers:          106264 kB
Cached:          1185188 kB
MemTotal:        1844596 kB
MemFree:          104476 kB
MemAvailable:    1382904 kB
Buffers:          106264 kB
Cached:          1185188 kB
MemTotal:        1844596 kB
MemFree:          104812 kB
MemAvailable:    1383240 kB
Buffers:          106264 kB
Cached:          1185188 kB
MemTotal:        1844596 kB
MemFree:          103244 kB
MemAvailable:    1381672 kB
Buffers:          106264 kB
Cached:          1185188 kB
MemTotal:        1844596 kB
MemFree:          104732 kB
MemAvailable:    1383160 kB
Buffers:          106264 kB
Cached:          1185188 kB
MemTotal:        1844596 kB
MemFree:          104600 kB
MemAvailable:    1383028 kB
Buffers:          106264 kB
Cached:          1185188 kB
MemTotal:        1844596 kB
MemFree:          104464 kB
MemAvailable:    1382892 kB
Buffers:          106264 kB
Cached:          1185188 kB
MemTotal:        1844596 kB
MemFree:          104120 kB
MemAvailable:    1382548 kB
Buffers:          106264 kB
Cached:          1185188 kB
MemTotal:        1844596 kB
MemFree:          104480 kB
MemAvailable:    1382908 kB
Buffers:          106264 kB
Cached:          1185188 kB
MemTotal:        1844596 kB
MemFree:          103604 kB
MemAvailable:    1382032 kB
Buffers:          106264 kB
Cached:          1185188 kB
MemTotal:        1844596 kB
MemFree:          104668 kB
MemAvailable:    1383096 kB
Buffers:          106264 kB
Cached:          1185188 kB
MemTotal:        1844596 kB
MemFree:          104580 kB
MemAvailable:    1383008 kB
Buffers:          106264 kB
Cached:          1185188 kB
MemTotal:        1844596 kB
MemFree:          104336 kB
MemAvailable:    1382764 kB
Buffers:          106264 kB
Cached:          1185188 kB
MemTotal:        1844596 kB
MemFree:          104376 kB
MemAvailable:    1382804 kB
Buffers:          106264 kB
Cached:          1185188 kB
MemTotal:        1844596 kB
MemFree:          104320 kB
MemAvailable:    1382748 kB
Buffers:          106264 kB
Cached:          1185188 kB
MemTotal:        1844596 kB
MemFree:          104376 kB
MemAvailable:    1382804 kB
Buffers:          106264 kB
Cached:          1185188 kB
MemTotal:        1844596 kB
MemFree:          103632 kB
MemAvailable:    1382060 kB
Buffers:          106264 kB
Cached:          1185188 kB
MemTotal:        1844596 kB
MemFree:          102376 kB
MemAvailable:    1380804 kB
Buffers:          106264 kB
Cached:          1185188 kB
MemTotal:        1844596 kB
MemFree:          102260 kB
MemAvailable:    1380688 kB
Buffers:          106264 kB
Cached:          1185188 kB
MemTotal:        1844596 kB
MemFree:           96912 kB
MemAvailable:    1375340 kB
Buffers:          106264 kB
Cached:          1185188 kB
MemTotal:        1844596 kB
MemFree:           96804 kB
MemAvailable:    1375232 kB
Buffers:          106264 kB
Cached:          1185188 kB
MemTotal:        1844596 kB
MemFree:           92464 kB
MemAvailable:    1370892 kB
Buffers:          106264 kB
Cached:          1185188 kB
MemTotal:        1844596 kB
MemFree:           87736 kB
MemAvailable:    1366164 kB
Buffers:          106264 kB
Cached:          1185188 kB
MemTotal:        1844596 kB
MemFree:           86760 kB
MemAvailable:    1365188 kB
Buffers:          106264 kB
Cached:          1185188 kB
MemTotal:        1844596 kB
MemFree:           84520 kB
MemAvailable:    1362948 kB
Buffers:          106264 kB
Cached:          1185188 kB
MemTotal:        1844596 kB
MemFree:           84024 kB
MemAvailable:    1362452 kB
Buffers:          106264 kB
Cached:          1185188 kB
MemTotal:        1844596 kB
MemFree:           85208 kB
MemAvailable:    1363636 kB
Buffers:          106264 kB
Cached:          1185188 kB
MemTotal:        1844596 kB
MemFree:           84032 kB
MemAvailable:    1362460 kB
Buffers:          106264 kB
Cached:          1185188 kB
MemTotal:        1844596 kB
MemFree:           85008 kB
MemAvailable:    1363436 kB
Buffers:          106264 kB
Cached:          1185188 kB
MemTotal:        1844596 kB
MemFree:           85092 kB
MemAvailable:    1363520 kB
Buffers:          106264 kB
Cached:          1185188 kB
MemTotal:        1844596 kB
MemFree:           83908 kB
MemAvailable:    1362348 kB
Buffers:          106264 kB
Cached:          1185200 kB
MemTotal:        1844596 kB
MemFree:           85148 kB
MemAvailable:    1363588 kB
Buffers:          106264 kB
Cached:          1185200 kB
MemTotal:        1844596 kB
MemFree:           84164 kB
MemAvailable:    1362604 kB
Buffers:          106264 kB
Cached:          1185200 kB
MemTotal:        1844596 kB
MemFree:           85008 kB
MemAvailable:    1363448 kB
Buffers:          106264 kB
Cached:          1185200 kB
MemTotal:        1844596 kB
MemFree:           85220 kB
MemAvailable:    1363660 kB
Buffers:          106264 kB
Cached:          1185200 kB
MemTotal:        1844596 kB
MemFree:           84704 kB
MemAvailable:    1363144 kB
Buffers:          106264 kB
Cached:          1185200 kB
MemTotal:        1844596 kB
MemFree:           85040 kB
MemAvailable:    1363480 kB
Buffers:          106264 kB
Cached:          1185200 kB
MemTotal:        1844596 kB
MemFree:           84740 kB
MemAvailable:    1363180 kB
Buffers:          106264 kB
Cached:          1185200 kB
MemTotal:        1844596 kB
MemFree:           84992 kB
MemAvailable:    1363432 kB
Buffers:          106264 kB
Cached:          1185200 kB
MemTotal:        1844596 kB
MemFree:           83480 kB
MemAvailable:    1361920 kB
Buffers:          106264 kB
Cached:          1185200 kB
MemTotal:        1844596 kB
MemFree:           84516 kB
MemAvailable:    1362956 kB
Buffers:          106264 kB
Cached:          1185200 kB
MemTotal:        1844596 kB
MemFree:           83792 kB
MemAvailable:    1362232 kB
Buffers:          106264 kB
Cached:          1185200 kB
MemTotal:        1844596 kB
MemFree:           84472 kB
MemAvailable:    1362912 kB
Buffers:          106264 kB
Cached:          1185200 kB
MemTotal:        1844596 kB
MemFree:           84728 kB
MemAvailable:    1363168 kB
Buffers:          106264 kB
Cached:          1185200 kB
MemTotal:        1844596 kB
MemFree:           83400 kB
MemAvailable:    1361840 kB
Buffers:          106264 kB
Cached:          1185200 kB
MemTotal:        1844596 kB
MemFree:           84508 kB
MemAvailable:    1362948 kB
Buffers:          106264 kB
Cached:          1185200 kB
MemTotal:        1844596 kB
MemFree:           84592 kB
MemAvailable:    1363032 kB
Buffers:          106264 kB
Cached:          1185200 kB
MemTotal:        1844596 kB
MemFree:           84388 kB
MemAvailable:    1362828 kB
Buffers:          106264 kB
Cached:          1185200 kB
MemTotal:        1844596 kB
MemFree:           84640 kB
MemAvailable:    1363080 kB
Buffers:          106264 kB
Cached:          1185200 kB
MemTotal:        1844596 kB
MemFree:           84216 kB
MemAvailable:    1362656 kB
Buffers:          106264 kB
Cached:          1185200 kB
MemTotal:        1844596 kB
MemFree:           82660 kB
MemAvailable:    1361100 kB
Buffers:          106264 kB
Cached:          1185200 kB
MemTotal:        1844596 kB
MemFree:           82544 kB
MemAvailable:    1360984 kB
Buffers:          106264 kB
Cached:          1185200 kB
MemTotal:        1844596 kB
MemFree:           76576 kB
MemAvailable:    1355016 kB
Buffers:          106264 kB
Cached:          1185200 kB
MemTotal:        1844596 kB
MemFree:           76664 kB
MemAvailable:    1355104 kB
Buffers:          106264 kB
Cached:          1185200 kB
MemTotal:        1844596 kB
MemFree:           74900 kB
MemAvailable:    1353340 kB
Buffers:          106264 kB
Cached:          1185200 kB
MemTotal:        1844596 kB
MemFree:           74840 kB
MemAvailable:    1353280 kB
Buffers:          106264 kB
Cached:          1185200 kB
MemTotal:        1844596 kB
MemFree:           74600 kB
MemAvailable:    1353040 kB
Buffers:          106264 kB
Cached:          1185200 kB
MemTotal:        1844596 kB
MemFree:           73624 kB
MemAvailable:    1352064 kB
Buffers:          106264 kB
Cached:          1185200 kB
MemTotal:        1844596 kB
MemFree:           74428 kB
MemAvailable:    1352868 kB
Buffers:          106264 kB
Cached:          1185200 kB
MemTotal:        1844596 kB
MemFree:           74684 kB
MemAvailable:    1353124 kB
Buffers:          106264 kB
Cached:          1185200 kB
MemTotal:        1844596 kB
MemFree:           70764 kB
MemAvailable:    1349204 kB
Buffers:          106264 kB
Cached:          1185200 kB
MemTotal:        1844596 kB
MemFree:           70888 kB
MemAvailable:    1349328 kB
Buffers:          106264 kB
Cached:          1185200 kB
MemTotal:        1844596 kB
MemFree:           70368 kB
MemAvailable:    1348808 kB
Buffers:          106264 kB
Cached:          1185200 kB
MemTotal:        1844596 kB
MemFree:           70508 kB
MemAvailable:    1348948 kB
Buffers:          106264 kB
Cached:          1185200 kB
MemTotal:        1844596 kB
MemFree:           70376 kB
MemAvailable:    1348816 kB
Buffers:          106264 kB
Cached:          1185200 kB
MemTotal:        1844596 kB
MemFree:           71740 kB
MemAvailable:    1350264 kB
Buffers:          106264 kB
Cached:          1185324 kB
MemTotal:        1844596 kB
MemFree:           71120 kB
MemAvailable:    1349896 kB
Buffers:          106264 kB
Cached:          1185572 kB
MemTotal:        1844596 kB
MemFree:           71204 kB
MemAvailable:    1349980 kB
Buffers:          106264 kB
Cached:          1185572 kB
MemTotal:        1844596 kB
MemFree:           70252 kB
MemAvailable:    1349196 kB
Buffers:          106264 kB
Cached:          1185696 kB
MemTotal:        1844596 kB
MemFree:           69720 kB
MemAvailable:    1348664 kB
Buffers:          106264 kB
Cached:          1185696 kB
MemTotal:        1844596 kB
MemFree:           70700 kB
MemAvailable:    1349648 kB
Buffers:          106264 kB
Cached:          1185700 kB
MemTotal:        1844596 kB
MemFree:           71036 kB
MemAvailable:    1349984 kB
Buffers:          106264 kB
Cached:          1185700 kB
MemTotal:        1844596 kB
MemFree:           70960 kB
MemAvailable:    1349992 kB
Buffers:          106264 kB
Cached:          1185824 kB
MemTotal:        1844596 kB
MemFree:           70276 kB
MemAvailable:    1349308 kB
Buffers:          106264 kB
Cached:          1185824 kB
MemTotal:        1844596 kB
MemFree:           70996 kB
MemAvailable:    1350028 kB
Buffers:          106264 kB
Cached:          1185824 kB
MemTotal:        1844596 kB
MemFree:           71136 kB
MemAvailable:    1350168 kB
Buffers:          106264 kB
Cached:          1185824 kB
MemTotal:        1844596 kB
MemFree:           69716 kB
MemAvailable:    1348748 kB
Buffers:          106264 kB
Cached:          1185824 kB
MemTotal:        1844596 kB
MemFree:           70948 kB
MemAvailable:    1349980 kB
Buffers:          106264 kB
Cached:          1185824 kB
MemTotal:        1844596 kB
MemFree:           71448 kB
MemAvailable:    1349892 kB
Buffers:          106264 kB
Cached:          1185316 kB
MemTotal:        1844596 kB
MemFree:           71448 kB
MemAvailable:    1349892 kB
Buffers:          106264 kB
Cached:          1185316 kB
MemTotal:        1844596 kB
MemFree:          117828 kB
MemAvailable:    1396356 kB
Buffers:          106264 kB
Cached:          1185316 kB
MemTotal:        1844596 kB
MemFree:          148016 kB
MemAvailable:    1426460 kB
Buffers:          106264 kB
Cached:          1185316 kB
MemTotal:        1844596 kB
MemFree:          266448 kB
MemAvailable:    1544892 kB
Buffers:          106264 kB
Cached:          1185316 kB
