MemTotal:        1844596 kB
MemFree:          307452 kB
MemAvailable:    1546156 kB
Buffers:           92988 kB
Cached:          1173904 kB
MemTotal:        1844596 kB
MemFree:          279884 kB
MemAvailable:    1518592 kB
Buffers:           92988 kB
Cached:          1173908 kB
MemTotal:        1844596 kB
MemFree:          277040 kB
MemAvailable:    1515748 kB
Buffers:           92988 kB
Cached:          1173908 kB
MemTotal:        1844596 kB
MemFree:          275412 kB
MemAvailable:    1514120 kB
Buffers:           92988 kB
Cached:          1173908 kB
MemTotal:        1844596 kB
MemFree:          274876 kB
MemAvailable:    1513584 kB
Buffers:           92988 kB
Cached:          1173908 kB
MemTotal:        1844596 kB
MemFree:          276284 kB
MemAvailable:    1514992 kB
Buffers:           92988 kB
Cached:          1173908 kB
MemTotal:        1844596 kB
MemFree:          273064 kB
MemAvailable:    1511772 kB
Buffers:           92988 kB
Cached:          1173908 kB
MemTotal:        1844596 kB
MemFree:          273148 kB
MemAvailable:    1511856 kB
Buffers:           92988 kB
Cached:          1173908 kB
MemTotal:        1844596 kB
MemFree:          269724 kB
MemAvailable:    1508432 kB
Buffers:           92988 kB
Cached:          1173908 kB
MemTotal:        1844596 kB
MemFree:          266500 kB
MemAvailable:    1505208 kB
Buffers:           92988 kB
Cached:          1173908 kB
MemTotal:        1844596 kB
MemFree:          266492 kB
MemAvailable:    1505200 kB
Buffers:           92988 kB
Cached:          1173908 kB
MemTotal:        1844596 kB
MemFree:          266508 kB
MemAvailable:    1505216 kB
Buffers:           92988 kB
Cached:          1173908 kB
MemTotal:        1844596 kB
MemFree:          266452 kB
MemAvailable:    1505160 kB
Buffers:           92988 kB
Cached:          1173908 kB
MemTotal:        1844596 kB
MemFree:          265108 kB
MemAvailable:    1503816 kB
Buffers:           92988 kB
Cached:          1173908 kB
MemTotal:        1844596 kB
MemFree:          266292 kB
MemAvailable:    1505000 kB
Buffers:           92988 kB
Cached:          1173908 kB
MemTotal:        1844596 kB
MemFree:          266160 kB
MemAvailable:    1504868 kB
Buffers:           92988 kB
Cached:          1173908 kB
MemTotal:        1844596 kB
MemFree:          264888 kB
MemAvailable:    1503596 kB
Buffers:           92988 kB
Cached:          1173908 kB
MemTotal:        1844596 kB
MemFree:          265688 kB
MemAvailable:    1504396 kB
Buffers:           92988 kB
Cached:          1173908 kB
MemTotal:        1844596 kB
MemFree:          265688 kB
MemAvailable:    1504396 kB
Buffers:           92988 kB
Cached:          1173908 kB
MemTotal:        1844596 kB
MemFree:          264504 kB
MemAvailable:    1503212 kB
Buffers:           92988 kB
Cached:          1173908 kB
MemTotal:        1844596 kB
MemFree:          265604 kB
MemAvailable:    1504312 kB
Buffers:           92988 kB
Cached:          1173908 kB
MemTotal:        1844596 kB
MemFree:          265604 kB
MemAvailable:    1504312 kB
Buffers:           92988 kB
Cached:          1173908 kB
MemTotal:        1844596 kB
MemFree:          265608 kB
MemAvailable:    1504316 kB
Buffers:           92988 kB
Cached:          1173908 kB
MemTotal:        1844596 kB
MemFree:          264360 kB
MemAvailable:    1503068 kB
Buffers:           92988 kB
Cached:          1173908 kB
MemTotal:        1844596 kB
MemFree:          263888 kB
MemAvailable:    1502600 kB
Buffers:           92988 kB
Cached:          1173912 kB
MemTotal:        1844596 kB
MemFree:          264888 kB
MemAvailable:    1503600 kB
Buffers:           92988 kB
Cached:          1173912 kB
MemTotal:        1844596 kB
MemFree:          264756 kB
MemAvailable:    1503468 kB
Buffers:           92988 kB
Cached:          1173912 kB
MemTotal:        1844596 kB
MemFree:          263880 kB
MemAvailable:    1502592 kB
Buffers:           92988 kB
Cached:          1173912 kB
MemTotal:        1844596 kB
MemFree:          262904 kB
MemAvailable:    1501616 kB
Buffers:           92988 kB
Cached:          1173912 kB
MemTotal:        1844596 kB
MemFree:          263384 kB
MemAvailable:    1502096 kB
Buffers:           92988 kB
Cached:          1173912 kB
MemTotal:        1844596 kB
MemFree:          263384 kB
MemAvailable:    1502096 kB
Buffers:           92988 kB
Cached:          1173912 kB
MemTotal:        1844596 kB
MemFree:          262108 kB
MemAvailable:    1500820 kB
Buffers:           92988 kB
Cached:          1173912 kB
MemTotal:        1844596 kB
MemFree:          263348 kB
MemAvailable:    1502060 kB
Buffers:           92988 kB
Cached:          1173912 kB
MemTotal:        1844596 kB
MemFree:          262416 kB
MemAvailable:    1501128 kB
Buffers:           92988 kB
Cached:          1173912 kB
MemTotal:        1844596 kB
MemFree:          263344 kB
MemAvailable:    1502056 kB
Buffers:           92988 kB
Cached:          1173912 kB
MemTotal:        1844596 kB
MemFree:          263260 kB
MemAvailable:    1501972 kB
Buffers:           92988 kB
Cached:          1173912 kB
MemTotal:        1844596 kB
MemFree:          262024 kB
MemAvailable:    1500736 kB
Buffers:           92988 kB
Cached:          1173912 kB
MemTotal:        1844596 kB
MemFree:          263444 kB
MemAvailable:    1502156 kB
Buffers:           92988 kB
Cached:          1173912 kB
MemTotal:        1844596 kB
MemFree:          263444 kB
MemAvailable:    1502156 kB
Buffers:           92988 kB
Cached:          1173912 kB
MemTotal:        1844596 kB
MemFree:          260672 kB
MemAvailable:    1499384 kB
Buffers:           92988 kB
Cached:          1173912 kB
MemTotal:        1844596 kB
MemFree:          259616 kB
MemAvailable:    1498328 kB
Buffers:           92988 kB
Cached:          1173912 kB
MemTotal:        1844596 kB
MemFree:          258448 kB
MemAvailable:    1497160 kB
Buffers:           92988 kB
Cached:          1173912 kB
MemTotal:        1844596 kB
MemFree:          259292 kB
MemAvailable:    1498004 kB
Buffers:           92988 kB
Cached:          1173912 kB
MemTotal:        1844596 kB
MemFree:          259628 kB
MemAvailable:    1498340 kB
Buffers:           92988 kB
Cached:          1173912 kB
MemTotal:        1844596 kB
MemFree:          259268 kB
MemAvailable:    1497980 kB
Buffers:           92988 kB
Cached:          1173912 kB
MemTotal:        1844596 kB
MemFree:          258448 kB
MemAvailable:    1497160 kB
Buffers:           92988 kB
Cached:          1173912 kB
MemTotal:        1844596 kB
MemFree:          259052 kB
MemAvailable:    1497764 kB
Buffers:           92988 kB
Cached:          1173912 kB
MemTotal:        1844596 kB
MemFree:          259308 kB
MemAvailable:    1498020 kB
Buffers:           92988 kB
Cached:          1173912 kB
MemTotal:        1844596 kB
MemFree:          258788 kB
MemAvailable:    1497500 kB
Buffers:           92988 kB
Cached:          1173912 kB
MemTotal:        1844596 kB
MemFree:          258564 kB
MemAvailable:    1497276 kB
Buffers:           92988 kB
Cached:          1173912 kB
MemTotal:        1844596 kB
MemFree:          258924 kB
MemAvailable:    1497636 kB
Buffers:           92988 kB
Cached:          1173912 kB
MemTotal:        1844596 kB
MemFree:          258812 kB
MemAvailable:    1497524 kB
Buffers:           92988 kB
Cached:          1173912 kB
MemTotal:        1844596 kB
MemFree:          257796 kB
MemAvailable:    1496508 kB
Buffers:           92988 kB
Cached:          1173912 kB
MemTotal:        1844596 kB
MemFree:          258044 kB
MemAvailable:    1496756 kB
Buffers:           92988 kB
Cached:          1173912 kB
MemTotal:        1844596 kB
MemFree:          257068 kB
MemAvailable:    1495780 kB
Buffers:           92988 kB
Cached:          1173912 kB
MemTotal:        1844596 kB
MemFree:          252604 kB
MemAvailable:    1491316 kB
Buffers:           92988 kB
Cached:          1173912 kB
MemTotal:        1844596 kB
MemFree:          251860 kB
MemAvailable:    1490572 kB
Buffers:           92988 kB
Cached:          1173912 kB
MemTotal:        1844596 kB
MemFree:          252612 kB
MemAvailable:    1491324 kB
Buffers:           92988 kB
Cached:          1173912 kB
MemTotal:        1844596 kB
MemFree:          250984 kB
MemAvailable:    1489696 kB
Buffers:           92988 kB
Cached:          1173912 kB
MemTotal:        1844596 kB
MemFree:          250876 kB
MemAvailable:    1489588 kB
Buffers:           92988 kB
Cached:          1173912 kB
MemTotal:        1844596 kB
MemFree:          249704 kB
MemAvailable:    1488416 kB
Buffers:           92988 kB
Cached:          1173912 kB
MemTotal:        1844596 kB
MemFree:          250372 kB
MemAvailable:    1489084 kB
Buffers:           92988 kB
Cached:          1173912 kB
MemTotal:        1844596 kB
MemFree:          250456 kB
MemAvailable:    1489168 kB
Buffers:           92988 kB
Cached:          1173912 kB
MemTotal:        1844596 kB
MemFree:          248968 kB
MemAvailable:    1487680 kB
Buffers:           92988 kB
Cached:          1173912 kB
MemTotal:        1844596 kB
MemFree:          250240 kB
MemAvailable:    1488952 kB
Buffers:           92988 kB
Cached:          1173912 kB
MemTotal:        1844596 kB
MemFree:          250132 kB
MemAvailable:    1488844 kB
Buffers:           92988 kB
Cached:          1173912 kB
MemTotal:        1844596 kB
MemFree:          250200 kB
MemAvailable:    1488912 kB
Buffers:           92988 kB
Cached:          1173912 kB
MemTotal:        1844596 kB
MemFree:          250172 kB
MemAvailable:    1488884 kB
Buffers:           92988 kB
Cached:          1173912 kB
MemTotal:        1844596 kB
MemFree:          249140 kB
MemAvailable:    1487852 kB
Buffers:           92988 kB
Cached:          1173912 kB
MemTotal:        1844596 kB
MemFree:          250044 kB
MemAvailable:    1488764 kB
Buffers:           92988 kB
Cached:          1173920 kB
MemTotal:        1844596 kB
MemFree:          250016 kB
MemAvailable:    1488736 kB
Buffers:           92988 kB
Cached:          1173920 kB
MemTotal:        1844596 kB
MemFree:          250144 kB
MemAvailable:    1488864 kB
Buffers:           92988 kB
Cached:          1173920 kB
MemTotal:        1844596 kB
MemFree:          250140 kB
MemAvailable:    1488860 kB
Buffers:           92988 kB
Cached:          1173920 kB
MemTotal:        1844596 kB
MemFree:          249272 kB
MemAvailable:    1487992 kB
Buffers:           92988 kB
Cached:          1173920 kB
MemTotal:        1844596 kB
MemFree:          249868 kB
MemAvailable:    1488588 kB
Buffers:           92988 kB
Cached:          1173920 kB
MemTotal:        1844596 kB
MemFree:          250204 kB
MemAvailable:    1488924 kB
Buffers:           92988 kB
Cached:          1173920 kB
MemTotal:        1844596 kB
MemFree:          249828 kB
MemAvailable:    1488548 kB
Buffers:           92988 kB
Cached:          1173920 kB
MemTotal:        1844596 kB
MemFree:          249644 kB
MemAvailable:    1488364 kB
Buffers:           92988 kB
Cached:          1173920 kB
MemTotal:        1844596 kB
MemFree:          249764 kB
MemAvailable:    1488484 kB
Buffers:           92988 kB
Cached:          1173920 kB
MemTotal:        1844596 kB
MemFree:          249808 kB
MemAvailable:    1488528 kB
Buffers:           92988 kB
Cached:          1173920 kB
MemTotal:        1844596 kB
MemFree:          249808 kB
MemAvailable:    1488528 kB
Buffers:           92988 kB
Cached:          1173920 kB
MemTotal:        1844596 kB
MemFree:          248900 kB
MemAvailable:    1487620 kB
Buffers:           92988 kB
Cached:          1173920 kB
MemTotal:        1844596 kB
MemFree:          246892 kB
MemAvailable:    1485612 kB
Buffers:           92988 kB
Cached:          1173920 kB
MemTotal:        1844596 kB
MemFree:          246412 kB
MemAvailable:    1485132 kB
Buffers:           92988 kB
Cached:          1173920 kB
MemTotal:        1844596 kB
MemFree:          241932 kB
MemAvailable:    1480652 kB
Buffers:           92988 kB
Cached:          1173920 kB
MemTotal:        1844596 kB
MemFree:          242016 kB
MemAvailable:    1480736 kB
Buffers:           92988 kB
Cached:          1173920 kB
MemTotal:        1844596 kB
MemFree:          241768 kB
MemAvailable:    1480488 kB
Buffers:           92988 kB
Cached:          1173920 kB
MemTotal:        1844596 kB
MemFree:          241628 kB
MemAvailable:    1480348 kB
Buffers:           92988 kB
Cached:          1173920 kB
MemTotal:        1844596 kB
MemFree:          241204 kB
MemAvailable:    1479924 kB
Buffers:           92988 kB
Cached:          1173920 kB
MemTotal:        1844596 kB
MemFree:          241396 kB
MemAvailable:    1480116 kB
Buffers:           92988 kB
Cached:          1173920 kB
MemTotal:        1844596 kB
MemFree:          240024 kB
MemAvailable:    1478744 kB
Buffers:           92988 kB
Cached:          1173920 kB
MemTotal:        1844596 kB
MemFree:          241068 kB
MemAvailable:    1479788 kB
Buffers:           92988 kB
Cached:          1173920 kB
MemTotal:        1844596 kB
MemFree:          240212 kB
MemAvailable:    1478932 kB
Buffers:           92988 kB
Cached:          1173920 kB
MemTotal:        1844596 kB
MemFree:          241092 kB
MemAvailable:    1479816 kB
Buffers:           92988 kB
Cached:          1173924 kB
MemTotal:        1844596 kB
MemFree:          239964 kB
MemAvailable:    1478688 kB
Buffers:           92988 kB
Cached:          1173924 kB
MemTotal:        1844596 kB
MemFree:          240692 kB
MemAvailable:    1479416 kB
Buffers:           92988 kB
Cached:          1173924 kB
MemTotal:        1844596 kB
MemFree:          239704 kB
MemAvailable:    1478428 kB
Buffers:           92988 kB
Cached:          1173924 kB
MemTotal:        1844596 kB
MemFree:          239788 kB
MemAvailable:    1478512 kB
Buffers:           92988 kB
Cached:          1173924 kB
MemTotal:        1844596 kB
MemFree:          239840 kB
MemAvailable:    1478564 kB
Buffers:           92988 kB
Cached:          1173924 kB
MemTotal:        1844596 kB
MemFree:          241288 kB
MemAvailable:    1480012 kB
Buffers:           92988 kB
Cached:          1173924 kB
MemTotal:        1844596 kB
MemFree:          239840 kB
MemAvailable:    1478564 kB
Buffers:           92988 kB
Cached:          1173924 kB
MemTotal:        1844596 kB
MemFree:          240940 kB
MemAvailable:    1479664 kB
Buffers:           92988 kB
Cached:          1173924 kB
MemTotal:        1844596 kB
MemFree:          241276 kB
MemAvailable:    1480000 kB
Buffers:           92988 kB
Cached:          1173924 kB
MemTotal:        1844596 kB
MemFree:          239956 kB
MemAvailable:    1478680 kB
Buffers:           92988 kB
Cached:          1173924 kB
MemTotal:        1844596 kB
MemFree:          239916 kB
MemAvailable:    1478640 kB
Buffers:           92988 kB
Cached:          1173924 kB
MemTotal:        1844596 kB
MemFree:          241188 kB
MemAvailable:    1479912 kB
Buffers:           92988 kB
Cached:          1173924 kB
MemTotal:        1844596 kB
MemFree:          241188 kB
MemAvailable:    1479912 kB
Buffers:           92988 kB
Cached:          1173924 kB
MemTotal:        1844596 kB
MemFree:          241176 kB
MemAvailable:    1479900 kB
Buffers:           92988 kB
Cached:          1173924 kB
MemTotal:        1844596 kB
MemFree:          241080 kB
MemAvailable:    1479804 kB
Buffers:           92988 kB
Cached:          1173924 kB
MemTotal:        1844596 kB
MemFree:          241076 kB
MemAvailable:    1479800 kB
Buffers:           92988 kB
Cached:          1173924 kB
MemTotal:        1844596 kB
MemFree:          240344 kB
MemAvailable:    1479068 kB
Buffers:           92988 kB
Cached:          1173924 kB
MemTotal:        1844596 kB
MemFree:          239824 kB
MemAvailable:    1478548 kB
Buffers:           92988 kB
Cached:          1173924 kB
MemTotal:        1844596 kB
MemFree:          239788 kB
MemAvailable:    1478512 kB
Buffers:           92988 kB
Cached:          1173924 kB
MemTotal:        1844596 kB
MemFree:          233996 kB
MemAvailable:    1472720 kB
Buffers:           92988 kB
Cached:          1173924 kB
MemTotal:        1844596 kB
MemFree:          233888 kB
MemAvailable:    1472612 kB
Buffers:           92988 kB
Cached:          1173924 kB
MemTotal:        1844596 kB
MemFree:          232212 kB
MemAvailable:    1470936 kB
Buffers:           92988 kB
Cached:          1173924 kB
MemTotal:        1844596 kB
MemFree:          232104 kB
MemAvailable:    1470828 kB
Buffers:           92988 kB
Cached:          1173924 kB
MemTotal:        1844596 kB
MemFree:          230664 kB
MemAvailable:    1469388 kB
Buffers:           92988 kB
Cached:          1173924 kB
MemTotal:        1844596 kB
MemFree:          231020 kB
MemAvailable:    1469744 kB
Buffers:           92988 kB
Cached:          1173924 kB
MemTotal:        1844596 kB
MemFree:          230912 kB
MemAvailable:    1469636 kB
Buffers:           92988 kB
Cached:          1173924 kB
MemTotal:        1844596 kB
MemFree:          229788 kB
MemAvailable:    1468512 kB
Buffers:           92988 kB
Cached:          1173924 kB
MemTotal:        1844596 kB
MemFree:          230044 kB
MemAvailable:    1468768 kB
Buffers:           92988 kB
Cached:          1173924 kB
MemTotal:        1844596 kB
MemFree:          229376 kB
MemAvailable:    1468100 kB
Buffers:           92988 kB
Cached:          1173924 kB
MemTotal:        1844596 kB
MemFree:          229432 kB
MemAvailable:    1468156 kB
Buffers:           92988 kB
Cached:          1173924 kB
MemTotal:        1844596 kB
MemFree:          229220 kB
MemAvailable:    1467944 kB
Buffers:           92988 kB
Cached:          1173924 kB
MemTotal:        1844596 kB
MemFree:          228044 kB
MemAvailable:    1466768 kB
Buffers:           92988 kB
Cached:          1173924 kB
MemTotal:        1844596 kB
MemFree:          229292 kB
MemAvailable:    1468016 kB
Buffers:           92988 kB
Cached:          1173924 kB
MemTotal:        1844596 kB
MemFree:          229236 kB
MemAvailable:    1467960 kB
Buffers:           92988 kB
Cached:          1173924 kB
MemTotal:        1844596 kB
MemFree:          228556 kB
MemAvailable:    1467280 kB
Buffers:           92988 kB
Cached:          1173924 kB
MemTotal:        1844596 kB
MemFree:          227880 kB
MemAvailable:    1466604 kB
Buffers:           92988 kB
Cached:          1173924 kB
MemTotal:        1844596 kB
MemFree:          229424 kB
MemAvailable:    1468148 kB
Buffers:           92988 kB
Cached:          1173924 kB
MemTotal:        1844596 kB
MemFree:          228040 kB
MemAvailable:    1466764 kB
Buffers:           92988 kB
Cached:          1173924 kB
MemTotal:        1844596 kB
MemFree:          229340 kB
MemAvailable:    1468064 kB
Buffers:           92988 kB
Cached:          1173924 kB
MemTotal:        1844596 kB
MemFree:          229464 kB
MemAvailable:    1468188 kB
Buffers:           92988 kB
Cached:          1173924 kB
MemTotal:        1844596 kB
MemFree:          229272 kB
MemAvailable:    1467996 kB
Buffers:           92988 kB
Cached:          1173924 kB
MemTotal:        1844596 kB
MemFree:          228936 kB
MemAvailable:    1467660 kB
Buffers:           92988 kB
Cached:          1173924 kB
MemTotal:        1844596 kB
MemFree:          228052 kB
MemAvailable:    1466776 kB
Buffers:           92988 kB
Cached:          1173924 kB
MemTotal:        1844596 kB
MemFree:          229312 kB
MemAvailable:    1468036 kB
Buffers:           92988 kB
Cached:          1173924 kB
MemTotal:        1844596 kB
MemFree:          227880 kB
MemAvailable:    1466604 kB
Buffers:           92988 kB
Cached:          1173924 kB
MemTotal:        1844596 kB
MemFree:          229240 kB
MemAvailable:    1467964 kB
Buffers:           92988 kB
Cached:          1173924 kB
MemTotal:        1844596 kB
MemFree:          228688 kB
MemAvailable:    1467412 kB
Buffers:           92988 kB
Cached:          1173924 kB
MemTotal:        1844596 kB
MemFree:          229352 kB
MemAvailable:    1468076 kB
Buffers:           92988 kB
Cached:          1173924 kB
MemTotal:        1844596 kB
MemFree:          229312 kB
MemAvailable:    1468036 kB
Buffers:           92988 kB
Cached:          1173924 kB
MemTotal:        1844596 kB
MemFree:          228432 kB
MemAvailable:    1467156 kB
Buffers:           92988 kB
Cached:          1173924 kB
MemTotal:        1844596 kB
MemFree:          228300 kB
MemAvailable:    1467024 kB
Buffers:           92988 kB
Cached:          1173924 kB
MemTotal:        1844596 kB
MemFree:          228168 kB
MemAvailable:    1466892 kB
Buffers:           92988 kB
Cached:          1173924 kB
MemTotal:        1844596 kB
MemFree:          229276 kB
MemAvailable:    1468000 kB
Buffers:           92988 kB
Cached:          1173924 kB
MemTotal:        1844596 kB
MemFree:          229360 kB
MemAvailable:    1468084 kB
Buffers:           92988 kB
Cached:          1173924 kB
MemTotal:        1844596 kB
MemFree:          229288 kB
MemAvailable:    1468012 kB
Buffers:           92988 kB
Cached:          1173924 kB
MemTotal:        1844596 kB
MemFree:          227860 kB
MemAvailable:    1466584 kB
Buffers:           92988 kB
Cached:          1173924 kB
MemTotal:        1844596 kB
MemFree:          229212 kB
MemAvailable:    1467936 kB
Buffers:           92988 kB
Cached:          1173924 kB
MemTotal:        1844596 kB
MemFree:          229204 kB
MemAvailable:    1467928 kB
Buffers:           92988 kB
Cached:          1173924 kB
MemTotal:        1844596 kB
MemFree:          229176 kB
MemAvailable:    1467900 kB
Buffers:           92988 kB
Cached:          1173924 kB
MemTotal:        1844596 kB
MemFree:          227880 kB
MemAvailable:    1466604 kB
Buffers:           92988 kB
Cached:          1173924 kB
MemTotal:        1844596 kB
MemFree:          228980 kB
MemAvailable:    1467704 kB
Buffers:           92988 kB
Cached:          1173924 kB
MemTotal:        1844596 kB
MemFree:          229316 kB
MemAvailable:    1468040 kB
Buffers:           92988 kB
Cached:          1173924 kB
MemTotal:        1844596 kB
MemFree:          229268 kB
MemAvailable:    1467992 kB
Buffers:           92988 kB
Cached:          1173924 kB
MemTotal:        1844596 kB
MemFree:          229412 kB
MemAvailable:    1468136 kB
Buffers:           92988 kB
Cached:          1173924 kB
MemTotal:        1844596 kB
MemFree:          227880 kB
MemAvailable:    1466604 kB
Buffers:           92988 kB
Cached:          1173924 kB
MemTotal:        1844596 kB
MemFree:          229340 kB
MemAvailable:    1468064 kB
Buffers:           92988 kB
Cached:          1173924 kB
MemTotal:        1844596 kB
MemFree:          228164 kB
MemAvailable:    1466888 kB
Buffers:           92988 kB
Cached:          1173924 kB
MemTotal:        1844596 kB
MemFree:          227916 kB
MemAvailable:    1466640 kB
Buffers:           92988 kB
Cached:          1173924 kB
MemTotal:        1844596 kB
MemFree:          229100 kB
MemAvailable:    1467824 kB
Buffers:           92988 kB
Cached:          1173924 kB
MemTotal:        1844596 kB
MemFree:          229352 kB
MemAvailable:    1468076 kB
Buffers:           92988 kB
Cached:          1173924 kB
MemTotal:        1844596 kB
MemFree:          229288 kB
MemAvailable:    1468012 kB
Buffers:           92988 kB
Cached:          1173924 kB
MemTotal:        1844596 kB
MemFree:          229300 kB
MemAvailable:    1468024 kB
Buffers:           92988 kB
Cached:          1173924 kB
MemTotal:        1844596 kB
MemFree:          228804 kB
MemAvailable:    1467528 kB
Buffers:           92988 kB
Cached:          1173924 kB
MemTotal:        1844596 kB
MemFree:          229024 kB
MemAvailable:    1467748 kB
Buffers:           92988 kB
Cached:          1173924 kB
MemTotal:        1844596 kB
MemFree:          229052 kB
MemAvailable:    1467776 kB
Buffers:           92988 kB
Cached:          1173924 kB
MemTotal:        1844596 kB
MemFree:          229056 kB
MemAvailable:    1467780 kB
Buffers:           92988 kB
Cached:          1173924 kB
MemTotal:        1844596 kB
MemFree:          228768 kB
MemAvailable:    1467492 kB
Buffers:           92988 kB
Cached:          1173924 kB
MemTotal:        1844596 kB
MemFree:          229020 kB
MemAvailable:    1467744 kB
Buffers:           92988 kB
Cached:          1173924 kB
MemTotal:        1844596 kB
MemFree:          227512 kB
MemAvailable:    1466244 kB
Buffers:           92988 kB
Cached:          1173932 kB
MemTotal:        1844596 kB
MemFree:          227260 kB
MemAvailable:    1465992 kB
Buffers:           92988 kB
Cached:          1173932 kB
MemTotal:        1844596 kB
MemFree:          228796 kB
MemAvailable:    1467528 kB
Buffers:           92988 kB
Cached:          1173932 kB
MemTotal:        1844596 kB
MemFree:          228688 kB
MemAvailable:    1467420 kB
Buffers:           92988 kB
Cached:          1173932 kB
MemTotal:        1844596 kB
MemFree:          228632 kB
MemAvailable:    1467364 kB
Buffers:           92988 kB
Cached:          1173932 kB
MemTotal:        1844596 kB
MemFree:          228728 kB
MemAvailable:    1467460 kB
Buffers:           92988 kB
Cached:          1173932 kB
MemTotal:        1844596 kB
MemFree:          227688 kB
MemAvailable:    1466420 kB
Buffers:           92988 kB
Cached:          1173932 kB
MemTotal:        1844596 kB
MemFree:          229176 kB
MemAvailable:    1467908 kB
Buffers:           92988 kB
Cached:          1173932 kB
MemTotal:        1844596 kB
MemFree:          228748 kB
MemAvailable:    1467480 kB
Buffers:           92988 kB
Cached:          1173932 kB
MemTotal:        1844596 kB
MemFree:          228300 kB
MemAvailable:    1467032 kB
Buffers:           92988 kB
Cached:          1173932 kB
MemTotal:        1844596 kB
MemFree:          227696 kB
MemAvailable:    1466428 kB
Buffers:           92988 kB
Cached:          1173932 kB
MemTotal:        1844596 kB
MemFree:          228304 kB
MemAvailable:    1467036 kB
Buffers:           92988 kB
Cached:          1173932 kB
MemTotal:        1844596 kB
MemFree:          226944 kB
MemAvailable:    1465676 kB
Buffers:           92988 kB
Cached:          1173932 kB
MemTotal:        1844596 kB
MemFree:          228276 kB
MemAvailable:    1467008 kB
Buffers:           92988 kB
Cached:          1173932 kB
MemTotal:        1844596 kB
MemFree:          227152 kB
MemAvailable:    1465884 kB
Buffers:           92988 kB
Cached:          1173932 kB
MemTotal:        1844596 kB
MemFree:          228204 kB
MemAvailable:    1466936 kB
Buffers:           92988 kB
Cached:          1173932 kB
MemTotal:        1844596 kB
MemFree:          228124 kB
MemAvailable:    1466856 kB
Buffers:           92988 kB
Cached:          1173932 kB
MemTotal:        1844596 kB
MemFree:          228460 kB
MemAvailable:    1467192 kB
Buffers:           92988 kB
Cached:          1173932 kB
MemTotal:        1844596 kB
MemFree:          227060 kB
MemAvailable:    1465792 kB
Buffers:           92988 kB
Cached:          1173932 kB
MemTotal:        1844596 kB
MemFree:          228328 kB
MemAvailable:    1467060 kB
Buffers:           92988 kB
Cached:          1173932 kB
MemTotal:        1844596 kB
MemFree:          227820 kB
MemAvailable:    1466552 kB
Buffers:           92988 kB
Cached:          1173932 kB
MemTotal:        1844596 kB
MemFree:          226944 kB
MemAvailable:    1465676 kB
Buffers:           92988 kB
Cached:          1173932 kB
MemTotal:        1844596 kB
MemFree:          226944 kB
MemAvailable:    1465676 kB
Buffers:           92988 kB
Cached:          1173932 kB
MemTotal:        1844596 kB
MemFree:          228128 kB
MemAvailable:    1466860 kB
Buffers:           92988 kB
Cached:          1173932 kB
MemTotal:        1844596 kB
MemFree:          223976 kB
MemAvailable:    1462708 kB
Buffers:           92988 kB
Cached:          1173932 kB
MemTotal:        1844596 kB
MemFree:          220812 kB
MemAvailable:    1459544 kB
Buffers:           92988 kB
Cached:          1173932 kB
MemTotal:        1844596 kB
MemFree:          217836 kB
MemAvailable:    1456568 kB
Buffers:           92988 kB
Cached:          1173932 kB
MemTotal:        1844596 kB
MemFree:          216528 kB
MemAvailable:    1455260 kB
Buffers:           92988 kB
Cached:          1173932 kB
MemTotal:        1844596 kB
MemFree:          217764 kB
MemAvailable:    1456496 kB
Buffers:           92988 kB
Cached:          1173932 kB
MemTotal:        1844596 kB
MemFree:          216164 kB
MemAvailable:    1454896 kB
Buffers:           92988 kB
Cached:          1173932 kB
MemTotal:        1844596 kB
MemFree:          217392 kB
MemAvailable:    1456124 kB
Buffers:           92988 kB
Cached:          1173932 kB
MemTotal:        1844596 kB
MemFree:          215980 kB
MemAvailable:    1454712 kB
Buffers:           92988 kB
Cached:          1173932 kB
MemTotal:        1844596 kB
MemFree:          216956 kB
MemAvailable:    1455688 kB
Buffers:           92988 kB
Cached:          1173932 kB
MemTotal:        1844596 kB
MemFree:          217040 kB
MemAvailable:    1455772 kB
Buffers:           92988 kB
Cached:          1173932 kB
MemTotal:        1844596 kB
MemFree:          216536 kB
MemAvailable:    1455268 kB
Buffers:           92988 kB
Cached:          1173932 kB
MemTotal:        1844596 kB
MemFree:          215604 kB
MemAvailable:    1454336 kB
Buffers:           92988 kB
Cached:          1173932 kB
MemTotal:        1844596 kB
MemFree:          214312 kB
MemAvailable:    1453044 kB
Buffers:           92988 kB
Cached:          1173932 kB
MemTotal:        1844596 kB
MemFree:          214908 kB
MemAvailable:    1453640 kB
Buffers:           92988 kB
Cached:          1173932 kB
MemTotal:        1844596 kB
MemFree:          214992 kB
MemAvailable:    1453724 kB
Buffers:           92988 kB
Cached:          1173932 kB
MemTotal:        1844596 kB
MemFree:          214620 kB
MemAvailable:    1453352 kB
Buffers:           92988 kB
Cached:          1173932 kB
MemTotal:        1844596 kB
MemFree:          214876 kB
MemAvailable:    1453608 kB
Buffers:           92988 kB
Cached:          1173932 kB
MemTotal:        1844596 kB
MemFree:          214608 kB
MemAvailable:    1453340 kB
Buffers:           92988 kB
Cached:          1173932 kB
MemTotal:        1844596 kB
MemFree:          214860 kB
MemAvailable:    1453592 kB
Buffers:           92988 kB
Cached:          1173932 kB
MemTotal:        1844596 kB
MemFree:          214788 kB
MemAvailable:    1453520 kB
Buffers:           92988 kB
Cached:          1173932 kB
MemTotal:        1844596 kB
MemFree:          214800 kB
MemAvailable:    1453532 kB
Buffers:           92988 kB
Cached:          1173932 kB
MemTotal:        1844596 kB
MemFree:          214056 kB
MemAvailable:    1452788 kB
Buffers:           92988 kB
Cached:          1173932 kB
MemTotal:        1844596 kB
MemFree:          214660 kB
MemAvailable:    1453392 kB
Buffers:           92988 kB
Cached:          1173932 kB
MemTotal:        1844596 kB
MemFree:          214660 kB
MemAvailable:    1453392 kB
Buffers:           92988 kB
Cached:          1173932 kB
MemTotal:        1844596 kB
MemFree:          213672 kB
MemAvailable:    1452404 kB
Buffers:           92988 kB
Cached:          1173932 kB
MemTotal:        1844596 kB
MemFree:          213788 kB
MemAvailable:    1452520 kB
Buffers:           92988 kB
Cached:          1173932 kB
MemTotal:        1844596 kB
MemFree:          214732 kB
MemAvailable:    1453464 kB
Buffers:           92988 kB
Cached:          1173932 kB
MemTotal:        1844596 kB
MemFree:          214560 kB
MemAvailable:    1453292 kB
Buffers:           92988 kB
Cached:          1173932 kB
MemTotal:        1844596 kB
MemFree:          214040 kB
MemAvailable:    1452772 kB
Buffers:           92988 kB
Cached:          1173932 kB
MemTotal:        1844596 kB
MemFree:          213064 kB
MemAvailable:    1451796 kB
Buffers:           92988 kB
Cached:          1173932 kB
MemTotal:        1844596 kB
MemFree:          212868 kB
MemAvailable:    1451600 kB
Buffers:           92988 kB
Cached:          1173932 kB
MemTotal:        1844596 kB
MemFree:          212744 kB
MemAvailable:    1451476 kB
Buffers:           92988 kB
Cached:          1173932 kB
MemTotal:        1844596 kB
MemFree:          211576 kB
MemAvailable:    1450308 kB
Buffers:           92988 kB
Cached:          1173932 kB
MemTotal:        1844596 kB
MemFree:          212436 kB
MemAvailable:    1451168 kB
Buffers:           92988 kB
Cached:          1173932 kB
MemTotal:        1844596 kB
MemFree:          212692 kB
MemAvailable:    1451424 kB
Buffers:           92988 kB
Cached:          1173932 kB
MemTotal:        1844596 kB
MemFree:          212380 kB
MemAvailable:    1451112 kB
Buffers:           92988 kB
Cached:          1173932 kB
MemTotal:        1844596 kB
MemFree:          211948 kB
MemAvailable:    1450680 kB
Buffers:           92988 kB
Cached:          1173932 kB
MemTotal:        1844596 kB
MemFree:          210824 kB
MemAvailable:    1449556 kB
Buffers:           92988 kB
Cached:          1173932 kB
MemTotal:        1844596 kB
MemFree:          210700 kB
MemAvailable:    1449432 kB
Buffers:           92988 kB
Cached:          1173932 kB
MemTotal:        1844596 kB
MemFree:          210320 kB
MemAvailable:    1449052 kB
Buffers:           92988 kB
Cached:          1173932 kB
MemTotal:        1844596 kB
MemFree:          210572 kB
MemAvailable:    1449304 kB
Buffers:           92988 kB
Cached:          1173932 kB
MemTotal:        1844596 kB
MemFree:          209700 kB
MemAvailable:    1448432 kB
Buffers:           92988 kB
Cached:          1173932 kB
MemTotal:        1844596 kB
MemFree:          209784 kB
MemAvailable:    1448516 kB
Buffers:           92988 kB
Cached:          1173932 kB
MemTotal:        1844596 kB
MemFree:          209588 kB
MemAvailable:    1448320 kB
Buffers:           92988 kB
Cached:          1173932 kB
MemTotal:        1844596 kB
MemFree:          208420 kB
MemAvailable:    1447152 kB
Buffers:           92988 kB
Cached:          1173932 kB
MemTotal:        1844596 kB
MemFree:          208544 kB
MemAvailable:    1447276 kB
Buffers:           92988 kB
Cached:          1173932 kB
MemTotal:        1844596 kB
MemFree:          209844 kB
MemAvailable:    1448576 kB
Buffers:           92988 kB
Cached:          1173932 kB
MemTotal:        1844596 kB
MemFree:          209784 kB
MemAvailable:    1448516 kB
Buffers:           92988 kB
Cached:          1173932 kB
MemTotal:        1844596 kB
MemFree:          208668 kB
MemAvailable:    1447400 kB
Buffers:           92988 kB
Cached:          1173932 kB
MemTotal:        1844596 kB
MemFree:          209768 kB
MemAvailable:    1448500 kB
Buffers:           92988 kB
Cached:          1173932 kB
MemTotal:        1844596 kB
MemFree:          209660 kB
MemAvailable:    1448392 kB
Buffers:           92988 kB
Cached:          1173932 kB
MemTotal:        1844596 kB
MemFree:          208228 kB
MemAvailable:    1446972 kB
Buffers:           92988 kB
Cached:          1173944 kB
MemTotal:        1844596 kB
MemFree:          209544 kB
MemAvailable:    1448288 kB
Buffers:           92988 kB
Cached:          1173944 kB
MemTotal:        1844596 kB
MemFree:          209408 kB
MemAvailable:    1448152 kB
Buffers:           92988 kB
Cached:          1173944 kB
MemTotal:        1844596 kB
MemFree:          209352 kB
MemAvailable:    1448096 kB
Buffers:           92988 kB
Cached:          1173944 kB
MemTotal:        1844596 kB
MemFree:          209264 kB
MemAvailable:    1448008 kB
Buffers:           92988 kB
Cached:          1173944 kB
MemTotal:        1844596 kB
MemFree:          209328 kB
MemAvailable:    1448072 kB
Buffers:           92988 kB
Cached:          1173944 kB
MemTotal:        1844596 kB
MemFree:          209468 kB
MemAvailable:    1448212 kB
Buffers:           92988 kB
Cached:          1173944 kB
MemTotal:        1844596 kB
MemFree:          208048 kB
MemAvailable:    1446792 kB
Buffers:           92988 kB
Cached:          1173944 kB
MemTotal:        1844596 kB
MemFree:          208048 kB
MemAvailable:    1446792 kB
Buffers:           92988 kB
Cached:          1173944 kB
MemTotal:        1844596 kB
MemFree:          209348 kB
MemAvailable:    1448092 kB
Buffers:           92988 kB
Cached:          1173944 kB
MemTotal:        1844596 kB
MemFree:          209440 kB
MemAvailable:    1448184 kB
Buffers:           92988 kB
Cached:          1173944 kB
MemTotal:        1844596 kB
MemFree:          209344 kB
MemAvailable:    1448088 kB
Buffers:           92988 kB
Cached:          1173944 kB
MemTotal:        1844596 kB
MemFree:          209508 kB
MemAvailable:    1448252 kB
Buffers:           92988 kB
Cached:          1173944 kB
MemTotal:        1844596 kB
MemFree:          208076 kB
MemAvailable:    1446820 kB
Buffers:           92988 kB
Cached:          1173944 kB
MemTotal:        1844596 kB
MemFree:          209268 kB
MemAvailable:    1448012 kB
Buffers:           92988 kB
Cached:          1173944 kB
MemTotal:        1844596 kB
MemFree:          209268 kB
MemAvailable:    1448012 kB
Buffers:           92988 kB
Cached:          1173944 kB
MemTotal:        1844596 kB
MemFree:          208396 kB
MemAvailable:    1447140 kB
Buffers:           92988 kB
Cached:          1173944 kB
MemTotal:        1844596 kB
MemFree:          206856 kB
MemAvailable:    1445600 kB
Buffers:           92988 kB
Cached:          1173944 kB
MemTotal:        1844596 kB
MemFree:          207980 kB
MemAvailable:    1446724 kB
Buffers:           92988 kB
Cached:          1173944 kB
MemTotal:        1844596 kB
MemFree:          206748 kB
MemAvailable:    1445492 kB
Buffers:           92988 kB
Cached:          1173944 kB
MemTotal:        1844596 kB
MemFree:          206368 kB
MemAvailable:    1445112 kB
Buffers:           92988 kB
Cached:          1173944 kB
MemTotal:        1844596 kB
MemFree:          203888 kB
MemAvailable:    1442632 kB
Buffers:           92988 kB
Cached:          1173944 kB
MemTotal:        1844596 kB
MemFree:          201268 kB
MemAvailable:    1440012 kB
Buffers:           92988 kB
Cached:          1173944 kB
MemTotal:        1844596 kB
MemFree:          201160 kB
MemAvailable:    1439904 kB
Buffers:           92988 kB
Cached:          1173944 kB
MemTotal:        1844596 kB
MemFree:          197564 kB
MemAvailable:    1436308 kB
Buffers:           92988 kB
Cached:          1173944 kB
MemTotal:        1844596 kB
MemFree:          194712 kB
MemAvailable:    1433456 kB
Buffers:           92988 kB
Cached:          1173944 kB
MemTotal:        1844596 kB
MemFree:          190852 kB
MemAvailable:    1429596 kB
Buffers:           92988 kB
Cached:          1173944 kB
MemTotal:        1844596 kB
MemFree:          190496 kB
MemAvailable:    1429240 kB
Buffers:           92988 kB
Cached:          1173944 kB
MemTotal:        1844596 kB
MemFree:          190808 kB
MemAvailable:    1429552 kB
Buffers:           92988 kB
Cached:          1173944 kB
MemTotal:        1844596 kB
MemFree:          190876 kB
MemAvailable:    1429620 kB
Buffers:           92988 kB
Cached:          1173944 kB
MemTotal:        1844596 kB
MemFree:          190556 kB
MemAvailable:    1429300 kB
Buffers:           92988 kB
Cached:          1173944 kB
MemTotal:        1844596 kB
MemFree:          190892 kB
MemAvailable:    1429636 kB
Buffers:           92988 kB
Cached:          1173944 kB
MemTotal:        1844596 kB
MemFree:          190732 kB
MemAvailable:    1429476 kB
Buffers:           92988 kB
Cached:          1173944 kB
MemTotal:        1844596 kB
MemFree:          190468 kB
MemAvailable:    1429212 kB
Buffers:           92988 kB
Cached:          1173944 kB
MemTotal:        1844596 kB
MemFree:          190720 kB
MemAvailable:    1429464 kB
Buffers:           92988 kB
Cached:          1173944 kB
MemTotal:        1844596 kB
MemFree:          190636 kB
MemAvailable:    1429380 kB
Buffers:           92988 kB
Cached:          1173944 kB
MemTotal:        1844596 kB
MemFree:          190192 kB
MemAvailable:    1428936 kB
Buffers:           92988 kB
Cached:          1173944 kB
MemTotal:        1844596 kB
MemFree:          189992 kB
MemAvailable:    1428736 kB
Buffers:           92988 kB
Cached:          1173944 kB
MemTotal:        1844596 kB
MemFree:          190248 kB
MemAvailable:    1428992 kB
Buffers:           92988 kB
Cached:          1173944 kB
MemTotal:        1844596 kB
MemFree:          190116 kB
MemAvailable:    1428860 kB
Buffers:           92988 kB
Cached:          1173944 kB
MemTotal:        1844596 kB
MemFree:          188496 kB
MemAvailable:    1427240 kB
Buffers:           92988 kB
Cached:          1173944 kB
MemTotal:        1844596 kB
MemFree:          188620 kB
MemAvailable:    1427364 kB
Buffers:           92988 kB
Cached:          1173944 kB
MemTotal:        1844596 kB
MemFree:          188620 kB
MemAvailable:    1427364 kB
Buffers:           92988 kB
Cached:          1173944 kB
MemTotal:        1844596 kB
MemFree:          189244 kB
MemAvailable:    1427988 kB
Buffers:           92988 kB
Cached:          1173944 kB
MemTotal:        1844596 kB
MemFree:          189752 kB
MemAvailable:    1428496 kB
Buffers:           92988 kB
Cached:          1173944 kB
MemTotal:        1844596 kB
MemFree:          189464 kB
MemAvailable:    1428208 kB
Buffers:           92988 kB
Cached:          1173944 kB
MemTotal:        1844596 kB
MemFree:          189800 kB
MemAvailable:    1428544 kB
Buffers:           92988 kB
Cached:          1173944 kB
MemTotal:        1844596 kB
MemFree:          189964 kB
MemAvailable:    1428708 kB
Buffers:           92988 kB
Cached:          1173944 kB
MemTotal:        1844596 kB
MemFree:          189008 kB
MemAvailable:    1427752 kB
Buffers:           92988 kB
Cached:          1173944 kB
MemTotal:        1844596 kB
MemFree:          189908 kB
MemAvailable:    1428652 kB
Buffers:           92988 kB
Cached:          1173944 kB
MemTotal:        1844596 kB
MemFree:          189596 kB
MemAvailable:    1428340 kB
Buffers:           92988 kB
Cached:          1173944 kB
MemTotal:        1844596 kB
MemFree:          189848 kB
MemAvailable:    1428592 kB
Buffers:           92988 kB
Cached:          1173944 kB
MemTotal:        1844596 kB
MemFree:          188332 kB
MemAvailable:    1427076 kB
Buffers:           92988 kB
Cached:          1173944 kB
MemTotal:        1844596 kB
MemFree:          189624 kB
MemAvailable:    1428368 kB
Buffers:           92988 kB
Cached:          1173944 kB
MemTotal:        1844596 kB
MemFree:          189264 kB
MemAvailable:    1428008 kB
Buffers:           92988 kB
Cached:          1173944 kB
MemTotal:        1844596 kB
MemFree:          189488 kB
MemAvailable:    1428232 kB
Buffers:           92988 kB
Cached:          1173944 kB
MemTotal:        1844596 kB
MemFree:          189824 kB
MemAvailable:    1428568 kB
Buffers:           92988 kB
Cached:          1173944 kB
MemTotal:        1844596 kB
MemFree:          188464 kB
MemAvailable:    1427208 kB
Buffers:           92988 kB
Cached:          1173944 kB
MemTotal:        1844596 kB
MemFree:          189572 kB
MemAvailable:    1428316 kB
Buffers:           92988 kB
Cached:          1173944 kB
MemTotal:        1844596 kB
MemFree:          189504 kB
MemAvailable:    1428248 kB
Buffers:           92988 kB
Cached:          1173944 kB
MemTotal:        1844596 kB
MemFree:          189740 kB
MemAvailable:    1428484 kB
Buffers:           92988 kB
Cached:          1173944 kB
MemTotal:        1844596 kB
MemFree:          189628 kB
MemAvailable:    1428372 kB
Buffers:           92988 kB
Cached:          1173944 kB
MemTotal:        1844596 kB
MemFree:          188884 kB
MemAvailable:    1427628 kB
Buffers:           92988 kB
Cached:          1173944 kB
MemTotal:        1844596 kB
MemFree:          186768 kB
MemAvailable:    1425524 kB
Buffers:           92988 kB
Cached:          1173952 kB
MemTotal:        1844596 kB
MemFree:          185296 kB
MemAvailable:    1424052 kB
Buffers:           92988 kB
Cached:          1173952 kB
MemTotal:        1844596 kB
MemFree:          181436 kB
MemAvailable:    1420192 kB
Buffers:           92988 kB
Cached:          1173952 kB
MemTotal:        1844596 kB
MemFree:          181444 kB
MemAvailable:    1420200 kB
Buffers:           92988 kB
Cached:          1173952 kB
MemTotal:        1844596 kB
MemFree:          177404 kB
MemAvailable:    1416160 kB
Buffers:           92988 kB
Cached:          1173952 kB
MemTotal:        1844596 kB
MemFree:          174632 kB
MemAvailable:    1413388 kB
Buffers:           92988 kB
Cached:          1173952 kB
MemTotal:        1844596 kB
MemFree:          172196 kB
MemAvailable:    1410952 kB
Buffers:           92988 kB
Cached:          1173952 kB
MemTotal:        1844596 kB
MemFree:          171880 kB
MemAvailable:    1410636 kB
Buffers:           92988 kB
Cached:          1173952 kB
MemTotal:        1844596 kB
MemFree:          172028 kB
MemAvailable:    1410784 kB
Buffers:           92988 kB
Cached:          1173952 kB
MemTotal:        1844596 kB
MemFree:          171716 kB
MemAvailable:    1410472 kB
Buffers:           92988 kB
Cached:          1173952 kB
MemTotal:        1844596 kB
MemFree:          172052 kB
MemAvailable:    1410808 kB
Buffers:           92988 kB
Cached:          1173952 kB
MemTotal:        1844596 kB
MemFree:          171888 kB
MemAvailable:    1410644 kB
Buffers:           92988 kB
Cached:          1173952 kB
MemTotal:        1844596 kB
MemFree:          171888 kB
MemAvailable:    1410644 kB
Buffers:           92988 kB
Cached:          1173952 kB
MemTotal:        1844596 kB
MemFree:          170608 kB
MemAvailable:    1409368 kB
Buffers:           92996 kB
Cached:          1173948 kB
MemTotal:        1844596 kB
MemFree:          170600 kB
MemAvailable:    1409360 kB
Buffers:           92996 kB
Cached:          1173948 kB
MemTotal:        1844596 kB
MemFree:          171632 kB
MemAvailable:    1410400 kB
Buffers:           92996 kB
Cached:          1173956 kB
MemTotal:        1844596 kB
MemFree:          171716 kB
MemAvailable:    1410484 kB
Buffers:           92996 kB
Cached:          1173956 kB
MemTotal:        1844596 kB
MemFree:          171468 kB
MemAvailable:    1410236 kB
Buffers:           92996 kB
Cached:          1173956 kB
MemTotal:        1844596 kB
MemFree:          171440 kB
MemAvailable:    1410208 kB
Buffers:           92996 kB
Cached:          1173956 kB
MemTotal:        1844596 kB
MemFree:          171452 kB
MemAvailable:    1410220 kB
Buffers:           92996 kB
Cached:          1173956 kB
MemTotal:        1844596 kB
MemFree:          171452 kB
MemAvailable:    1410220 kB
Buffers:           92996 kB
Cached:          1173956 kB
MemTotal:        1844596 kB
MemFree:          171412 kB
MemAvailable:    1410180 kB
Buffers:           92996 kB
Cached:          1173956 kB
MemTotal:        1844596 kB
MemFree:          171248 kB
MemAvailable:    1410016 kB
Buffers:           92996 kB
Cached:          1173956 kB
MemTotal:        1844596 kB
MemFree:          171584 kB
MemAvailable:    1410352 kB
Buffers:           92996 kB
Cached:          1173956 kB
MemTotal:        1844596 kB
MemFree:          171508 kB
MemAvailable:    1410276 kB
Buffers:           92996 kB
Cached:          1173956 kB
MemTotal:        1844596 kB
MemFree:          171496 kB
MemAvailable:    1410264 kB
Buffers:           92996 kB
Cached:          1173956 kB
MemTotal:        1844596 kB
MemFree:          171748 kB
MemAvailable:    1410516 kB
Buffers:           92996 kB
Cached:          1173956 kB
MemTotal:        1844596 kB
MemFree:          171344 kB
MemAvailable:    1410112 kB
Buffers:           92996 kB
Cached:          1173956 kB
MemTotal:        1844596 kB
MemFree:          171600 kB
MemAvailable:    1410368 kB
Buffers:           92996 kB
Cached:          1173956 kB
MemTotal:        1844596 kB
MemFree:          171332 kB
MemAvailable:    1410100 kB
Buffers:           92996 kB
Cached:          1173956 kB
MemTotal:        1844596 kB
MemFree:          171332 kB
MemAvailable:    1410100 kB
Buffers:           92996 kB
Cached:          1173956 kB
MemTotal:        1844596 kB
MemFree:          171464 kB
MemAvailable:    1410232 kB
Buffers:           92996 kB
Cached:          1173956 kB
MemTotal:        1844596 kB
MemFree:          171408 kB
MemAvailable:    1410176 kB
Buffers:           92996 kB
Cached:          1173956 kB
MemTotal:        1844596 kB
MemFree:          171212 kB
MemAvailable:    1409980 kB
Buffers:           92996 kB
Cached:          1173956 kB
MemTotal:        1844596 kB
MemFree:          171548 kB
MemAvailable:    1410316 kB
Buffers:           92996 kB
Cached:          1173956 kB
MemTotal:        1844596 kB
MemFree:          170396 kB
MemAvailable:    1409164 kB
Buffers:           92996 kB
Cached:          1173956 kB
MemTotal:        1844596 kB
MemFree:          170396 kB
MemAvailable:    1409164 kB
Buffers:           92996 kB
Cached:          1173956 kB
MemTotal:        1844596 kB
MemFree:          171608 kB
MemAvailable:    1410376 kB
Buffers:           92996 kB
Cached:          1173956 kB
MemTotal:        1844596 kB
MemFree:          170244 kB
MemAvailable:    1409012 kB
Buffers:           92996 kB
Cached:          1173956 kB
MemTotal:        1844596 kB
MemFree:          168672 kB
MemAvailable:    1407440 kB
Buffers:           92996 kB
Cached:          1173956 kB
MemTotal:        1844596 kB
MemFree:          164084 kB
MemAvailable:    1402852 kB
Buffers:           92996 kB
Cached:          1173956 kB
MemTotal:        1844596 kB
MemFree:          160736 kB
MemAvailable:    1399504 kB
Buffers:           92996 kB
Cached:          1173956 kB
MemTotal:        1844596 kB
MemFree:          155776 kB
MemAvailable:    1394544 kB
Buffers:           92996 kB
Cached:          1173956 kB
MemTotal:        1844596 kB
MemFree:          154032 kB
MemAvailable:    1392800 kB
Buffers:           92996 kB
Cached:          1173956 kB
MemTotal:        1844596 kB
MemFree:          154116 kB
MemAvailable:    1392884 kB
Buffers:           92996 kB
Cached:          1173956 kB
MemTotal:        1844596 kB
MemFree:          153868 kB
MemAvailable:    1392636 kB
Buffers:           92996 kB
Cached:          1173956 kB
MemTotal:        1844596 kB
MemFree:          153856 kB
MemAvailable:    1392624 kB
Buffers:           92996 kB
Cached:          1173956 kB
MemTotal:        1844596 kB
MemFree:          153856 kB
MemAvailable:    1392624 kB
Buffers:           92996 kB
Cached:          1173956 kB
MemTotal:        1844596 kB
MemFree:          153728 kB
MemAvailable:    1392496 kB
Buffers:           92996 kB
Cached:          1173956 kB
MemTotal:        1844596 kB
MemFree:          154064 kB
MemAvailable:    1392832 kB
Buffers:           92996 kB
Cached:          1173956 kB
MemTotal:        1844596 kB
MemFree:          154072 kB
MemAvailable:    1392840 kB
Buffers:           92996 kB
Cached:          1173956 kB
MemTotal:        1844596 kB
MemFree:          152532 kB
MemAvailable:    1391300 kB
Buffers:           92996 kB
Cached:          1173956 kB
MemTotal:        1844596 kB
MemFree:          153716 kB
MemAvailable:    1392484 kB
Buffers:           92996 kB
Cached:          1173956 kB
MemTotal:        1844596 kB
MemFree:          153968 kB
MemAvailable:    1392736 kB
Buffers:           92996 kB
Cached:          1173956 kB
MemTotal:        1844596 kB
MemFree:          153920 kB
MemAvailable:    1392688 kB
Buffers:           92996 kB
Cached:          1173956 kB
MemTotal:        1844596 kB
MemFree:          152656 kB
MemAvailable:    1391424 kB
Buffers:           92996 kB
Cached:          1173956 kB
MemTotal:        1844596 kB
MemFree:          154084 kB
MemAvailable:    1392852 kB
Buffers:           92996 kB
Cached:          1173956 kB
MemTotal:        1844596 kB
MemFree:          152900 kB
MemAvailable:    1391668 kB
Buffers:           92996 kB
Cached:          1173956 kB
MemTotal:        1844596 kB
MemFree:          152728 kB
MemAvailable:    1391496 kB
Buffers:           92996 kB
Cached:          1173956 kB
MemTotal:        1844596 kB
MemFree:          152596 kB
MemAvailable:    1391364 kB
Buffers:           92996 kB
Cached:          1173956 kB
MemTotal:        1844596 kB
MemFree:          152852 kB
MemAvailable:    1391620 kB
Buffers:           92996 kB
Cached:          1173956 kB
MemTotal:        1844596 kB
MemFree:          152056 kB
MemAvailable:    1390824 kB
Buffers:           92996 kB
Cached:          1173956 kB
MemTotal:        1844596 kB
MemFree:          152304 kB
MemAvailable:    1391072 kB
Buffers:           92996 kB
Cached:          1173956 kB
MemTotal:        1844596 kB
MemFree:          153032 kB
MemAvailable:    1391800 kB
Buffers:           92996 kB
Cached:          1173956 kB
MemTotal:        1844596 kB
MemFree:          152304 kB
MemAvailable:    1391072 kB
Buffers:           92996 kB
Cached:          1173956 kB
MemTotal:        1844596 kB
MemFree:          152772 kB
MemAvailable:    1391540 kB
Buffers:           92996 kB
Cached:          1173956 kB
MemTotal:        1844596 kB
MemFree:          152800 kB
MemAvailable:    1391568 kB
Buffers:           92996 kB
Cached:          1173956 kB
MemTotal:        1844596 kB
MemFree:          152552 kB
MemAvailable:    1391320 kB
Buffers:           92996 kB
Cached:          1173956 kB
MemTotal:        1844596 kB
MemFree:          151064 kB
MemAvailable:    1389832 kB
Buffers:           92996 kB
Cached:          1173956 kB
MemTotal:        1844596 kB
MemFree:          148328 kB
MemAvailable:    1387096 kB
Buffers:           92996 kB
Cached:          1173956 kB
MemTotal:        1844596 kB
MemFree:          148416 kB
MemAvailable:    1387184 kB
Buffers:           92996 kB
Cached:          1173956 kB
MemTotal:        1844596 kB
MemFree:          144368 kB
MemAvailable:    1383136 kB
Buffers:           92996 kB
Cached:          1173956 kB
MemTotal:        1844596 kB
MemFree:          141084 kB
MemAvailable:    1379852 kB
Buffers:           92996 kB
Cached:          1173956 kB
MemTotal:        1844596 kB
MemFree:          137548 kB
MemAvailable:    1376316 kB
Buffers:           92996 kB
Cached:          1173956 kB
MemTotal:        1844596 kB
MemFree:          133820 kB
MemAvailable:    1372588 kB
Buffers:           92996 kB
Cached:          1173956 kB
MemTotal:        1844596 kB
MemFree:          133588 kB
MemAvailable:    1372356 kB
Buffers:           92996 kB
Cached:          1173956 kB
MemTotal:        1844596 kB
MemFree:          130356 kB
MemAvailable:    1369124 kB
Buffers:           92996 kB
Cached:          1173956 kB
MemTotal:        1844596 kB
MemFree:          129424 kB
MemAvailable:    1368192 kB
Buffers:           92996 kB
Cached:          1173956 kB
MemTotal:        1844596 kB
MemFree:          127132 kB
MemAvailable:    1365900 kB
Buffers:           92996 kB
Cached:          1173956 kB
MemTotal:        1844596 kB
MemFree:          125944 kB
MemAvailable:    1364712 kB
Buffers:           92996 kB
Cached:          1173956 kB
MemTotal:        1844596 kB
MemFree:          123596 kB
MemAvailable:    1362364 kB
Buffers:           92996 kB
Cached:          1173956 kB
MemTotal:        1844596 kB
MemFree:          121056 kB
MemAvailable:    1359824 kB
Buffers:           92996 kB
Cached:          1173956 kB
MemTotal:        1844596 kB
MemFree:          122172 kB
MemAvailable:    1360944 kB
Buffers:           92996 kB
Cached:          1173960 kB
MemTotal:        1844596 kB
MemFree:          121188 kB
MemAvailable:    1359960 kB
Buffers:           92996 kB
Cached:          1173960 kB
MemTotal:        1844596 kB
MemFree:          122040 kB
MemAvailable:    1360812 kB
Buffers:           92996 kB
Cached:          1173960 kB
MemTotal:        1844596 kB
MemFree:          122296 kB
MemAvailable:    1361068 kB
Buffers:           92996 kB
Cached:          1173960 kB
MemTotal:        1844596 kB
MemFree:          121968 kB
MemAvailable:    1360740 kB
Buffers:           92996 kB
Cached:          1173960 kB
MemTotal:        1844596 kB
MemFree:          122124 kB
MemAvailable:    1360900 kB
Buffers:           92996 kB
Cached:          1173964 kB
MemTotal:        1844596 kB
MemFree:          122292 kB
MemAvailable:    1361068 kB
Buffers:           92996 kB
Cached:          1173964 kB
MemTotal:        1844596 kB
MemFree:          122172 kB
MemAvailable:    1360948 kB
Buffers:           92996 kB
Cached:          1173964 kB
MemTotal:        1844596 kB
MemFree:          121048 kB
MemAvailable:    1359824 kB
Buffers:           92996 kB
Cached:          1173964 kB
MemTotal:        1844596 kB
MemFree:          121040 kB
MemAvailable:    1359816 kB
Buffers:           92996 kB
Cached:          1173964 kB
MemTotal:        1844596 kB
MemFree:          120932 kB
MemAvailable:    1359708 kB
Buffers:           92996 kB
Cached:          1173964 kB
MemTotal:        1844596 kB
MemFree:          120788 kB
MemAvailable:    1359564 kB
Buffers:           92996 kB
Cached:          1173964 kB
MemTotal:        1844596 kB
MemFree:          120012 kB
MemAvailable:    1358788 kB
Buffers:           92996 kB
Cached:          1173964 kB
MemTotal:        1844596 kB
MemFree:          120964 kB
MemAvailable:    1359740 kB
Buffers:           92996 kB
Cached:          1173964 kB
MemTotal:        1844596 kB
MemFree:          120320 kB
MemAvailable:    1359096 kB
Buffers:           92996 kB
Cached:          1173964 kB
MemTotal:        1844596 kB
MemFree:          120760 kB
MemAvailable:    1359536 kB
Buffers:           92996 kB
Cached:          1173964 kB
MemTotal:        1844596 kB
MemFree:          120564 kB
MemAvailable:    1359340 kB
Buffers:           92996 kB
Cached:          1173964 kB
MemTotal:        1844596 kB
MemFree:          119576 kB
MemAvailable:    1358352 kB
Buffers:           92996 kB
Cached:          1173964 kB
MemTotal:        1844596 kB
MemFree:          120396 kB
MemAvailable:    1359176 kB
Buffers:           92996 kB
Cached:          1173968 kB
MemTotal:        1844596 kB
MemFree:          120240 kB
MemAvailable:    1359020 kB
Buffers:           92996 kB
Cached:          1173968 kB
MemTotal:        1844596 kB
MemFree:          119984 kB
MemAvailable:    1358764 kB
Buffers:           92996 kB
Cached:          1173968 kB
MemTotal:        1844596 kB
MemFree:          119428 kB
MemAvailable:    1358208 kB
Buffers:           92996 kB
Cached:          1173968 kB
MemTotal:        1844596 kB
MemFree:          118452 kB
MemAvailable:    1357232 kB
Buffers:           92996 kB
Cached:          1173968 kB
MemTotal:        1844596 kB
MemFree:          117900 kB
MemAvailable:    1356680 kB
Buffers:           92996 kB
Cached:          1173968 kB
MemTotal:        1844596 kB
MemFree:          117196 kB
MemAvailable:    1355976 kB
Buffers:           92996 kB
Cached:          1173968 kB
MemTotal:        1844596 kB
MemFree:          118320 kB
MemAvailable:    1357100 kB
Buffers:           92996 kB
Cached:          1173968 kB
MemTotal:        1844596 kB
MemFree:          118072 kB
MemAvailable:    1356852 kB
Buffers:           92996 kB
Cached:          1173968 kB
MemTotal:        1844596 kB
MemFree:          116700 kB
MemAvailable:    1355480 kB
Buffers:           92996 kB
Cached:          1173968 kB
MemTotal:        1844596 kB
MemFree:          117932 kB
MemAvailable:    1356712 kB
Buffers:           92996 kB
Cached:          1173968 kB
MemTotal:        1844596 kB
MemFree:          117796 kB
MemAvailable:    1356576 kB
Buffers:           92996 kB
Cached:          1173968 kB
MemTotal:        1844596 kB
MemFree:          118048 kB
MemAvailable:    1356828 kB
Buffers:           92996 kB
Cached:          1173968 kB
MemTotal:        1844596 kB
MemFree:          116564 kB
MemAvailable:    1355344 kB
Buffers:           92996 kB
Cached:          1173968 kB
MemTotal:        1844596 kB
MemFree:          117936 kB
MemAvailable:    1356716 kB
Buffers:           92996 kB
Cached:          1173968 kB
MemTotal:        1844596 kB
MemFree:          117824 kB
MemAvailable:    1356604 kB
Buffers:           92996 kB
Cached:          1173968 kB
MemTotal:        1844596 kB
MemFree:          118016 kB
MemAvailable:    1356796 kB
Buffers:           92996 kB
Cached:          1173968 kB
MemTotal:        1844596 kB
MemFree:          117212 kB
MemAvailable:    1355992 kB
Buffers:           92996 kB
Cached:          1173968 kB
MemTotal:        1844596 kB
MemFree:          118132 kB
MemAvailable:    1356912 kB
Buffers:           92996 kB
Cached:          1173968 kB
MemTotal:        1844596 kB
MemFree:          117096 kB
MemAvailable:    1355876 kB
Buffers:           92996 kB
Cached:          1173968 kB
MemTotal:        1844596 kB
MemFree:          117784 kB
MemAvailable:    1356564 kB
Buffers:           92996 kB
Cached:          1173968 kB
MemTotal:        1844596 kB
MemFree:          118040 kB
MemAvailable:    1356820 kB
Buffers:           92996 kB
Cached:          1173968 kB
MemTotal:        1844596 kB
MemFree:          117784 kB
MemAvailable:    1356564 kB
Buffers:           92996 kB
Cached:          1173968 kB
MemTotal:        1844596 kB
MemFree:          117964 kB
MemAvailable:    1356744 kB
Buffers:           92996 kB
Cached:          1173968 kB
MemTotal:        1844596 kB
MemFree:          117088 kB
MemAvailable:    1355868 kB
Buffers:           92996 kB
Cached:          1173968 kB
MemTotal:        1844596 kB
MemFree:          117688 kB
MemAvailable:    1356468 kB
Buffers:           92996 kB
Cached:          1173968 kB
MemTotal:        1844596 kB
MemFree:          118024 kB
MemAvailable:    1356804 kB
Buffers:           92996 kB
Cached:          1173968 kB
MemTotal:        1844596 kB
MemFree:          117868 kB
MemAvailable:    1356648 kB
Buffers:           92996 kB
Cached:          1173968 kB
MemTotal:        1844596 kB
MemFree:          118040 kB
MemAvailable:    1356820 kB
Buffers:           92996 kB
Cached:          1173968 kB
MemTotal:        1844596 kB
MemFree:          117940 kB
MemAvailable:    1356720 kB
Buffers:           92996 kB
Cached:          1173968 kB
MemTotal:        1844596 kB
MemFree:          116460 kB
MemAvailable:    1355240 kB
Buffers:           92996 kB
Cached:          1173968 kB
MemTotal:        1844596 kB
MemFree:          117968 kB
MemAvailable:    1356748 kB
Buffers:           92996 kB
Cached:          1173968 kB
MemTotal:        1844596 kB
MemFree:          116660 kB
MemAvailable:    1355440 kB
Buffers:           92996 kB
Cached:          1173968 kB
MemTotal:        1844596 kB
MemFree:          118004 kB
MemAvailable:    1356784 kB
Buffers:           92996 kB
Cached:          1173968 kB
MemTotal:        1844596 kB
MemFree:          116656 kB
MemAvailable:    1355436 kB
Buffers:           92996 kB
Cached:          1173968 kB
MemTotal:        1844596 kB
MemFree:          116524 kB
MemAvailable:    1355304 kB
Buffers:           92996 kB
Cached:          1173968 kB
MemTotal:        1844596 kB
MemFree:          116692 kB
MemAvailable:    1355472 kB
Buffers:           92996 kB
Cached:          1173968 kB
MemTotal:        1844596 kB
MemFree:          117736 kB
MemAvailable:    1356516 kB
Buffers:           92996 kB
Cached:          1173968 kB
MemTotal:        1844596 kB
MemFree:          116560 kB
MemAvailable:    1355340 kB
Buffers:           92996 kB
Cached:          1173968 kB
MemTotal:        1844596 kB
MemFree:          116684 kB
MemAvailable:    1355464 kB
Buffers:           92996 kB
Cached:          1173968 kB
MemTotal:        1844596 kB
MemFree:          116684 kB
MemAvailable:    1355464 kB
Buffers:           92996 kB
Cached:          1173968 kB
MemTotal:        1844596 kB
MemFree:          116684 kB
MemAvailable:    1355464 kB
Buffers:           92996 kB
Cached:          1173968 kB
MemTotal:        1844596 kB
MemFree:          117568 kB
MemAvailable:    1356348 kB
Buffers:           92996 kB
Cached:          1173968 kB
MemTotal:        1844596 kB
MemFree:          117568 kB
MemAvailable:    1356348 kB
Buffers:           92996 kB
Cached:          1173968 kB
MemTotal:        1844596 kB
MemFree:          113740 kB
MemAvailable:    1352520 kB
Buffers:           92996 kB
Cached:          1173968 kB
MemTotal:        1844596 kB
MemFree:          111368 kB
MemAvailable:    1350148 kB
Buffers:           92996 kB
Cached:          1173968 kB
MemTotal:        1844596 kB
MemFree:          111368 kB
MemAvailable:    1350148 kB
Buffers:           92996 kB
Cached:          1173968 kB
MemTotal:        1844596 kB
MemFree:          111192 kB
MemAvailable:    1349972 kB
Buffers:           92996 kB
Cached:          1173968 kB
MemTotal:        1844596 kB
MemFree:          111360 kB
MemAvailable:    1350140 kB
Buffers:           92996 kB
Cached:          1173968 kB
MemTotal:        1844596 kB
MemFree:          111248 kB
MemAvailable:    1350028 kB
Buffers:           92996 kB
Cached:          1173968 kB
MemTotal:        1844596 kB
MemFree:          111260 kB
MemAvailable:    1350040 kB
Buffers:           92996 kB
Cached:          1173968 kB
MemTotal:        1844596 kB
MemFree:          111296 kB
MemAvailable:    1350076 kB
Buffers:           92996 kB
Cached:          1173968 kB
MemTotal:        1844596 kB
MemFree:          110516 kB
MemAvailable:    1349296 kB
Buffers:           92996 kB
Cached:          1173968 kB
MemTotal:        1844596 kB
MemFree:          111260 kB
MemAvailable:    1350040 kB
Buffers:           92996 kB
Cached:          1173968 kB
MemTotal:        1844596 kB
MemFree:          111424 kB
MemAvailable:    1350204 kB
Buffers:           92996 kB
Cached:          1173968 kB
MemTotal:        1844596 kB
MemFree:          109872 kB
MemAvailable:    1348652 kB
Buffers:           92996 kB
Cached:          1173968 kB
MemTotal:        1844596 kB
MemFree:          111172 kB
MemAvailable:    1349952 kB
Buffers:           92996 kB
Cached:          1173968 kB
MemTotal:        1844596 kB
MemFree:          111296 kB
MemAvailable:    1350076 kB
Buffers:           92996 kB
Cached:          1173968 kB
MemTotal:        1844596 kB
MemFree:          109948 kB
MemAvailable:    1348728 kB
Buffers:           93000 kB
Cached:          1173964 kB
MemTotal:        1844596 kB
MemFree:          109816 kB
MemAvailable:    1348680 kB
Buffers:           93000 kB
Cached:          1174088 kB
MemTotal:        1844596 kB
MemFree:          110992 kB
MemAvailable:    1349940 kB
Buffers:           93000 kB
Cached:          1174212 kB
MemTotal:        1844596 kB
MemFree:          110948 kB
MemAvailable:    1350064 kB
Buffers:           93000 kB
Cached:          1174336 kB
MemTotal:        1844596 kB
MemFree:          110816 kB
MemAvailable:    1350016 kB
Buffers:           93000 kB
Cached:          1174460 kB
MemTotal:        1844596 kB
MemFree:          110560 kB
MemAvailable:    1349844 kB
Buffers:           93000 kB
Cached:          1174584 kB
MemTotal:        1844596 kB
MemFree:          110468 kB
MemAvailable:    1349836 kB
Buffers:           93000 kB
Cached:          1174584 kB
MemTotal:        1844596 kB
MemFree:          110468 kB
MemAvailable:    1349836 kB
Buffers:           93000 kB
Cached:          1174584 kB
MemTotal:        1844596 kB
MemFree:          110644 kB
MemAvailable:    1350060 kB
Buffers:           93000 kB
Cached:          1174648 kB
MemTotal:        1844596 kB
MemFree:          110516 kB
MemAvailable:    1349932 kB
Buffers:           93000 kB
Cached:          1174648 kB
MemTotal:        1844596 kB
MemFree:          110488 kB
MemAvailable:    1349904 kB
Buffers:           93000 kB
Cached:          1174648 kB
MemTotal:        1844596 kB
MemFree:          110508 kB
MemAvailable:    1349924 kB
Buffers:           93000 kB
Cached:          1174648 kB
MemTotal:        1844596 kB
MemFree:          110508 kB
MemAvailable:    1349924 kB
Buffers:           93000 kB
Cached:          1174648 kB
MemTotal:        1844596 kB
MemFree:          110336 kB
MemAvailable:    1349752 kB
Buffers:           93000 kB
Cached:          1174648 kB
MemTotal:        1844596 kB
MemFree:          110592 kB
MemAvailable:    1350008 kB
Buffers:           93000 kB
Cached:          1174648 kB
MemTotal:        1844596 kB
MemFree:          109988 kB
MemAvailable:    1348816 kB
Buffers:           93000 kB
Cached:          1174016 kB
MemTotal:        1844596 kB
MemFree:          110156 kB
MemAvailable:    1348984 kB
Buffers:           93000 kB
Cached:          1174016 kB
MemTotal:        1844596 kB
MemFree:          206904 kB
MemAvailable:    1445816 kB
Buffers:           93000 kB
Cached:          1174016 kB
MemTotal:        1844596 kB
MemFree:          306136 kB
MemAvailable:    1544964 kB
Buffers:           93000 kB
Cached:          1174016 kB
