MemTotal:        1844596 kB
MemFree:          266780 kB
MemAvailable:    1547212 kB
Buffers:          102452 kB
Cached:          1196116 kB
MemTotal:        1844596 kB
MemFree:          241332 kB
MemAvailable:    1521772 kB
Buffers:          102452 kB
Cached:          1196124 kB
MemTotal:        1844596 kB
MemFree:          238488 kB
MemAvailable:    1518928 kB
Buffers:          102452 kB
Cached:          1196124 kB
MemTotal:        1844596 kB
MemFree:          238840 kB
MemAvailable:    1519280 kB
Buffers:          102452 kB
Cached:          1196124 kB
MemTotal:        1844596 kB
MemFree:          238036 kB
MemAvailable:    1518476 kB
Buffers:          102452 kB
Cached:          1196124 kB
MemTotal:        1844596 kB
MemFree:          237796 kB
MemAvailable:    1518236 kB
Buffers:          102452 kB
Cached:          1196124 kB
MemTotal:        1844596 kB
MemFree:          233812 kB
MemAvailable:    1514252 kB
Buffers:          102452 kB
Cached:          1196124 kB
MemTotal:        1844596 kB
MemFree:          234508 kB
MemAvailable:    1514948 kB
Buffers:          102452 kB
Cached:          1196124 kB
MemTotal:        1844596 kB
MemFree:          231920 kB
MemAvailable:    1512360 kB
Buffers:          102452 kB
Cached:          1196124 kB
MemTotal:        1844596 kB
MemFree:          231712 kB
MemAvailable:    1512152 kB
Buffers:          102452 kB
Cached:          1196124 kB
MemTotal:        1844596 kB
MemFree:          228248 kB
MemAvailable:    1508688 kB
Buffers:          102452 kB
Cached:          1196124 kB
MemTotal:        1844596 kB
MemFree:          225024 kB
MemAvailable:    1505464 kB
Buffers:          102452 kB
Cached:          1196124 kB
MemTotal:        1844596 kB
MemFree:          226752 kB
MemAvailable:    1507192 kB
Buffers:          102452 kB
Cached:          1196124 kB
MemTotal:        1844596 kB
MemFree:          227088 kB
MemAvailable:    1507528 kB
Buffers:          102452 kB
Cached:          1196124 kB
MemTotal:        1844596 kB
MemFree:          226744 kB
MemAvailable:    1507184 kB
Buffers:          102452 kB
Cached:          1196124 kB
MemTotal:        1844596 kB
MemFree:          226996 kB
MemAvailable:    1507436 kB
Buffers:          102452 kB
Cached:          1196124 kB
MemTotal:        1844596 kB
MemFree:          225464 kB
MemAvailable:    1505904 kB
Buffers:          102452 kB
Cached:          1196124 kB
MemTotal:        1844596 kB
MemFree:          226448 kB
MemAvailable:    1506888 kB
Buffers:          102452 kB
Cached:          1196124 kB
MemTotal:        1844596 kB
MemFree:          225324 kB
MemAvailable:    1505764 kB
Buffers:          102452 kB
Cached:          1196124 kB
MemTotal:        1844596 kB
MemFree:          225076 kB
MemAvailable:    1505516 kB
Buffers:          102452 kB
Cached:          1196124 kB
MemTotal:        1844596 kB
MemFree:          225060 kB
MemAvailable:    1505500 kB
Buffers:          102452 kB
Cached:          1196124 kB
MemTotal:        1844596 kB
MemFree:          226044 kB
MemAvailable:    1506484 kB
Buffers:          102452 kB
Cached:          1196124 kB
MemTotal:        1844596 kB
MemFree:          225644 kB
MemAvailable:    1506084 kB
Buffers:          102452 kB
Cached:          1196124 kB
MemTotal:        1844596 kB
MemFree:          225960 kB
MemAvailable:    1506400 kB
Buffers:          102452 kB
Cached:          1196124 kB
MemTotal:        1844596 kB
MemFree:          224880 kB
MemAvailable:    1505320 kB
Buffers:          102452 kB
Cached:          1196124 kB
MemTotal:        1844596 kB
MemFree:          225380 kB
MemAvailable:    1505820 kB
Buffers:          102452 kB
Cached:          1196124 kB
MemTotal:        1844596 kB
MemFree:          225716 kB
MemAvailable:    1506156 kB
Buffers:          102452 kB
Cached:          1196124 kB
MemTotal:        1844596 kB
MemFree:          224272 kB
MemAvailable:    1504712 kB
Buffers:          102452 kB
Cached:          1196124 kB
MemTotal:        1844596 kB
MemFree:          225008 kB
MemAvailable:    1505448 kB
Buffers:          102452 kB
Cached:          1196124 kB
MemTotal:        1844596 kB
MemFree:          225092 kB
MemAvailable:    1505532 kB
Buffers:          102452 kB
Cached:          1196124 kB
MemTotal:        1844596 kB
MemFree:          224208 kB
MemAvailable:    1504648 kB
Buffers:          102452 kB
Cached:          1196124 kB
MemTotal:        1844596 kB
MemFree:          222908 kB
MemAvailable:    1503348 kB
Buffers:          102452 kB
Cached:          1196124 kB
MemTotal:        1844596 kB
MemFree:          223032 kB
MemAvailable:    1503472 kB
Buffers:          102452 kB
Cached:          1196124 kB
MemTotal:        1844596 kB
MemFree:          223644 kB
MemAvailable:    1504084 kB
Buffers:          102452 kB
Cached:          1196124 kB
MemTotal:        1844596 kB
MemFree:          223164 kB
MemAvailable:    1503604 kB
Buffers:          102452 kB
Cached:          1196124 kB
MemTotal:        1844596 kB
MemFree:          223724 kB
MemAvailable:    1504164 kB
Buffers:          102452 kB
Cached:          1196124 kB
MemTotal:        1844596 kB
MemFree:          223792 kB
MemAvailable:    1504232 kB
Buffers:          102452 kB
Cached:          1196124 kB
MemTotal:        1844596 kB
MemFree:          223580 kB
MemAvailable:    1504020 kB
Buffers:          102452 kB
Cached:          1196124 kB
MemTotal:        1844596 kB
MemFree:          223588 kB
MemAvailable:    1504028 kB
Buffers:          102452 kB
Cached:          1196124 kB
MemTotal:        1844596 kB
MemFree:          222536 kB
MemAvailable:    1502976 kB
Buffers:          102452 kB
Cached:          1196124 kB
MemTotal:        1844596 kB
MemFree:          223772 kB
MemAvailable:    1504212 kB
Buffers:          102452 kB
Cached:          1196124 kB
MemTotal:        1844596 kB
MemFree:          221924 kB
MemAvailable:    1502364 kB
Buffers:          102452 kB
Cached:          1196124 kB
MemTotal:        1844596 kB
MemFree:          218692 kB
MemAvailable:    1499132 kB
Buffers:          102452 kB
Cached:          1196124 kB
MemTotal:        1844596 kB
MemFree:          218692 kB
MemAvailable:    1499132 kB
Buffers:          102452 kB
Cached:          1196124 kB
MemTotal:        1844596 kB
MemFree:          217072 kB
MemAvailable:    1497512 kB
Buffers:          102452 kB
Cached:          1196124 kB
MemTotal:        1844596 kB
MemFree:          218372 kB
MemAvailable:    1498812 kB
Buffers:          102452 kB
Cached:          1196124 kB
MemTotal:        1844596 kB
MemFree:          218372 kB
MemAvailable:    1498812 kB
Buffers:          102452 kB
Cached:          1196124 kB
MemTotal:        1844596 kB
MemFree:          218312 kB
MemAvailable:    1498752 kB
Buffers:          102452 kB
Cached:          1196124 kB
MemTotal:        1844596 kB
MemFree:          218564 kB
MemAvailable:    1499004 kB
Buffers:          102452 kB
Cached:          1196124 kB
MemTotal:        1844596 kB
MemFree:          217816 kB
MemAvailable:    1498256 kB
Buffers:          102452 kB
Cached:          1196124 kB
MemTotal:        1844596 kB
MemFree:          218152 kB
MemAvailable:    1498592 kB
Buffers:          102452 kB
Cached:          1196124 kB
MemTotal:        1844596 kB
MemFree:          217768 kB
MemAvailable:    1498208 kB
Buffers:          102452 kB
Cached:          1196124 kB
MemTotal:        1844596 kB
MemFree:          217708 kB
MemAvailable:    1498148 kB
Buffers:          102452 kB
Cached:          1196124 kB
MemTotal:        1844596 kB
MemFree:          217944 kB
MemAvailable:    1498384 kB
Buffers:          102452 kB
Cached:          1196124 kB
MemTotal:        1844596 kB
MemFree:          217832 kB
MemAvailable:    1498272 kB
Buffers:          102452 kB
Cached:          1196124 kB
MemTotal:        1844596 kB
MemFree:          216940 kB
MemAvailable:    1497380 kB
Buffers:          102452 kB
Cached:          1196124 kB
MemTotal:        1844596 kB
MemFree:          216684 kB
MemAvailable:    1497124 kB
Buffers:          102452 kB
Cached:          1196124 kB
MemTotal:        1844596 kB
MemFree:          215536 kB
MemAvailable:    1495976 kB
Buffers:          102452 kB
Cached:          1196124 kB
MemTotal:        1844596 kB
MemFree:          211260 kB
MemAvailable:    1491700 kB
Buffers:          102452 kB
Cached:          1196124 kB
MemTotal:        1844596 kB
MemFree:          212328 kB
MemAvailable:    1492768 kB
Buffers:          102452 kB
Cached:          1196124 kB
MemTotal:        1844596 kB
MemFree:          210764 kB
MemAvailable:    1491204 kB
Buffers:          102452 kB
Cached:          1196124 kB
MemTotal:        1844596 kB
MemFree:          211568 kB
MemAvailable:    1492012 kB
Buffers:          102452 kB
Cached:          1196124 kB
MemTotal:        1844596 kB
MemFree:          210268 kB
MemAvailable:    1490712 kB
Buffers:          102452 kB
Cached:          1196124 kB
MemTotal:        1844596 kB
MemFree:          210012 kB
MemAvailable:    1490456 kB
Buffers:          102452 kB
Cached:          1196124 kB
MemTotal:        1844596 kB
MemFree:          210268 kB
MemAvailable:    1490712 kB
Buffers:          102452 kB
Cached:          1196124 kB
MemTotal:        1844596 kB
MemFree:          208408 kB
MemAvailable:    1488852 kB
Buffers:          102452 kB
Cached:          1196124 kB
MemTotal:        1844596 kB
MemFree:          208780 kB
MemAvailable:    1489224 kB
Buffers:          102452 kB
Cached:          1196124 kB
MemTotal:        1844596 kB
MemFree:          209708 kB
MemAvailable:    1490152 kB
Buffers:          102452 kB
Cached:          1196124 kB
MemTotal:        1844596 kB
MemFree:          208532 kB
MemAvailable:    1488984 kB
Buffers:          102452 kB
Cached:          1196132 kB
MemTotal:        1844596 kB
MemFree:          208160 kB
MemAvailable:    1488612 kB
Buffers:          102452 kB
Cached:          1196132 kB
MemTotal:        1844596 kB
MemFree:          209400 kB
MemAvailable:    1489852 kB
Buffers:          102452 kB
Cached:          1196132 kB
MemTotal:        1844596 kB
MemFree:          208160 kB
MemAvailable:    1488612 kB
Buffers:          102452 kB
Cached:          1196132 kB
MemTotal:        1844596 kB
MemFree:          209276 kB
MemAvailable:    1489728 kB
Buffers:          102452 kB
Cached:          1196132 kB
MemTotal:        1844596 kB
MemFree:          209292 kB
MemAvailable:    1489744 kB
Buffers:          102452 kB
Cached:          1196132 kB
MemTotal:        1844596 kB
MemFree:          207600 kB
MemAvailable:    1488052 kB
Buffers:          102452 kB
Cached:          1196132 kB
MemTotal:        1844596 kB
MemFree:          209008 kB
MemAvailable:    1489460 kB
Buffers:          102452 kB
Cached:          1196132 kB
MemTotal:        1844596 kB
MemFree:          209264 kB
MemAvailable:    1489716 kB
Buffers:          102452 kB
Cached:          1196132 kB
MemTotal:        1844596 kB
MemFree:          208876 kB
MemAvailable:    1489328 kB
Buffers:          102452 kB
Cached:          1196132 kB
MemTotal:        1844596 kB
MemFree:          209188 kB
MemAvailable:    1489640 kB
Buffers:          102452 kB
Cached:          1196132 kB
MemTotal:        1844596 kB
MemFree:          209276 kB
MemAvailable:    1489728 kB
Buffers:          102452 kB
Cached:          1196132 kB
MemTotal:        1844596 kB
MemFree:          209520 kB
MemAvailable:    1489972 kB
Buffers:          102452 kB
Cached:          1196132 kB
MemTotal:        1844596 kB
MemFree:          209452 kB
MemAvailable:    1489904 kB
Buffers:          102452 kB
Cached:          1196132 kB
MemTotal:        1844596 kB
MemFree:          207656 kB
MemAvailable:    1488108 kB
Buffers:          102452 kB
Cached:          1196132 kB
MemTotal:        1844596 kB
MemFree:          207480 kB
MemAvailable:    1487932 kB
Buffers:          102452 kB
Cached:          1196132 kB
MemTotal:        1844596 kB
MemFree:          207540 kB
MemAvailable:    1487992 kB
Buffers:          102452 kB
Cached:          1196132 kB
MemTotal:        1844596 kB
MemFree:          204688 kB
MemAvailable:    1485140 kB
Buffers:          102452 kB
Cached:          1196132 kB
MemTotal:        1844596 kB
MemFree:          202828 kB
MemAvailable:    1483280 kB
Buffers:          102452 kB
Cached:          1196132 kB
MemTotal:        1844596 kB
MemFree:          199604 kB
MemAvailable:    1480056 kB
Buffers:          102452 kB
Cached:          1196132 kB
MemTotal:        1844596 kB
MemFree:          200588 kB
MemAvailable:    1481040 kB
Buffers:          102452 kB
Cached:          1196132 kB
MemTotal:        1844596 kB
MemFree:          199340 kB
MemAvailable:    1479792 kB
Buffers:          102452 kB
Cached:          1196132 kB
MemTotal:        1844596 kB
MemFree:          199300 kB
MemAvailable:    1479752 kB
Buffers:          102452 kB
Cached:          1196132 kB
MemTotal:        1844596 kB
MemFree:          199044 kB
MemAvailable:    1479496 kB
Buffers:          102452 kB
Cached:          1196132 kB
MemTotal:        1844596 kB
MemFree:          200224 kB
MemAvailable:    1480676 kB
Buffers:          102452 kB
Cached:          1196132 kB
MemTotal:        1844596 kB
MemFree:          198984 kB
MemAvailable:    1479436 kB
Buffers:          102452 kB
Cached:          1196132 kB
MemTotal:        1844596 kB
MemFree:          200176 kB
MemAvailable:    1480628 kB
Buffers:          102452 kB
Cached:          1196132 kB
MemTotal:        1844596 kB
MemFree:          200176 kB
MemAvailable:    1480628 kB
Buffers:          102452 kB
Cached:          1196132 kB
MemTotal:        1844596 kB
MemFree:          200084 kB
MemAvailable:    1480536 kB
Buffers:          102452 kB
Cached:          1196132 kB
MemTotal:        1844596 kB
MemFree:          199728 kB
MemAvailable:    1480180 kB
Buffers:          102452 kB
Cached:          1196132 kB
MemTotal:        1844596 kB
MemFree:          198964 kB
MemAvailable:    1479416 kB
Buffers:          102452 kB
Cached:          1196132 kB
MemTotal:        1844596 kB
MemFree:          198840 kB
MemAvailable:    1479292 kB
Buffers:          102452 kB
Cached:          1196132 kB
MemTotal:        1844596 kB
MemFree:          198840 kB
MemAvailable:    1479292 kB
Buffers:          102452 kB
Cached:          1196132 kB
MemTotal:        1844596 kB
MemFree:          198956 kB
MemAvailable:    1479408 kB
Buffers:          102452 kB
Cached:          1196132 kB
MemTotal:        1844596 kB
MemFree:          200060 kB
MemAvailable:    1480512 kB
Buffers:          102452 kB
Cached:          1196132 kB
MemTotal:        1844596 kB
MemFree:          200060 kB
MemAvailable:    1480512 kB
Buffers:          102452 kB
Cached:          1196132 kB
MemTotal:        1844596 kB
MemFree:          200164 kB
MemAvailable:    1480616 kB
Buffers:          102452 kB
Cached:          1196132 kB
MemTotal:        1844596 kB
MemFree:          200332 kB
MemAvailable:    1480784 kB
Buffers:          102452 kB
Cached:          1196132 kB
MemTotal:        1844596 kB
MemFree:          199464 kB
MemAvailable:    1479916 kB
Buffers:          102452 kB
Cached:          1196132 kB
MemTotal:        1844596 kB
MemFree:          199056 kB
MemAvailable:    1479508 kB
Buffers:          102452 kB
Cached:          1196132 kB
MemTotal:        1844596 kB
MemFree:          199960 kB
MemAvailable:    1480416 kB
Buffers:          102452 kB
Cached:          1196136 kB
MemTotal:        1844596 kB
MemFree:          200296 kB
MemAvailable:    1480752 kB
Buffers:          102452 kB
Cached:          1196136 kB
MemTotal:        1844596 kB
MemFree:          200268 kB
MemAvailable:    1480724 kB
Buffers:          102452 kB
Cached:          1196136 kB
MemTotal:        1844596 kB
MemFree:          199960 kB
MemAvailable:    1480416 kB
Buffers:          102452 kB
Cached:          1196136 kB
MemTotal:        1844596 kB
MemFree:          199976 kB
MemAvailable:    1480432 kB
Buffers:          102452 kB
Cached:          1196136 kB
MemTotal:        1844596 kB
MemFree:          200212 kB
MemAvailable:    1480668 kB
Buffers:          102452 kB
Cached:          1196136 kB
MemTotal:        1844596 kB
MemFree:          200100 kB
MemAvailable:    1480556 kB
Buffers:          102452 kB
Cached:          1196136 kB
MemTotal:        1844596 kB
MemFree:          199860 kB
MemAvailable:    1480316 kB
Buffers:          102452 kB
Cached:          1196136 kB
MemTotal:        1844596 kB
MemFree:          199960 kB
MemAvailable:    1480416 kB
Buffers:          102452 kB
Cached:          1196136 kB
MemTotal:        1844596 kB
MemFree:          200100 kB
MemAvailable:    1480556 kB
Buffers:          102452 kB
Cached:          1196136 kB
MemTotal:        1844596 kB
MemFree:          198804 kB
MemAvailable:    1479260 kB
Buffers:          102452 kB
Cached:          1196136 kB
MemTotal:        1844596 kB
MemFree:          198928 kB
MemAvailable:    1479384 kB
Buffers:          102452 kB
Cached:          1196136 kB
MemTotal:        1844596 kB
MemFree:          200164 kB
MemAvailable:    1480620 kB
Buffers:          102452 kB
Cached:          1196136 kB
MemTotal:        1844596 kB
MemFree:          198828 kB
MemAvailable:    1479284 kB
Buffers:          102452 kB
Cached:          1196136 kB
MemTotal:        1844596 kB
MemFree:          200100 kB
MemAvailable:    1480556 kB
Buffers:          102452 kB
Cached:          1196136 kB
MemTotal:        1844596 kB
MemFree:          200044 kB
MemAvailable:    1480500 kB
Buffers:          102452 kB
Cached:          1196136 kB
MemTotal:        1844596 kB
MemFree:          200300 kB
MemAvailable:    1480756 kB
Buffers:          102452 kB
Cached:          1196136 kB
MemTotal:        1844596 kB
MemFree:          197488 kB
MemAvailable:    1477944 kB
Buffers:          102452 kB
Cached:          1196136 kB
MemTotal:        1844596 kB
MemFree:          193016 kB
MemAvailable:    1473472 kB
Buffers:          102452 kB
Cached:          1196136 kB
MemTotal:        1844596 kB
MemFree:          193016 kB
MemAvailable:    1473472 kB
Buffers:          102452 kB
Cached:          1196136 kB
MemTotal:        1844596 kB
MemFree:          188692 kB
MemAvailable:    1469148 kB
Buffers:          102452 kB
Cached:          1196136 kB
MemTotal:        1844596 kB
MemFree:          188056 kB
MemAvailable:    1468512 kB
Buffers:          102452 kB
Cached:          1196136 kB
MemTotal:        1844596 kB
MemFree:          189488 kB
MemAvailable:    1469944 kB
Buffers:          102452 kB
Cached:          1196136 kB
MemTotal:        1844596 kB
MemFree:          189284 kB
MemAvailable:    1469740 kB
Buffers:          102452 kB
Cached:          1196136 kB
MemTotal:        1844596 kB
MemFree:          189312 kB
MemAvailable:    1469768 kB
Buffers:          102452 kB
Cached:          1196136 kB
MemTotal:        1844596 kB
MemFree:          188016 kB
MemAvailable:    1468472 kB
Buffers:          102452 kB
Cached:          1196136 kB
MemTotal:        1844596 kB
MemFree:          189292 kB
MemAvailable:    1469748 kB
Buffers:          102452 kB
Cached:          1196136 kB
MemTotal:        1844596 kB
MemFree:          189292 kB
MemAvailable:    1469748 kB
Buffers:          102452 kB
Cached:          1196136 kB
MemTotal:        1844596 kB
MemFree:          189240 kB
MemAvailable:    1469696 kB
Buffers:          102452 kB
Cached:          1196136 kB
MemTotal:        1844596 kB
MemFree:          189372 kB
MemAvailable:    1469828 kB
Buffers:          102452 kB
Cached:          1196136 kB
MemTotal:        1844596 kB
MemFree:          188436 kB
MemAvailable:    1468892 kB
Buffers:          102452 kB
Cached:          1196136 kB
MemTotal:        1844596 kB
MemFree:          189216 kB
MemAvailable:    1469676 kB
Buffers:          102452 kB
Cached:          1196140 kB
MemTotal:        1844596 kB
MemFree:          189436 kB
MemAvailable:    1469896 kB
Buffers:          102452 kB
Cached:          1196140 kB
MemTotal:        1844596 kB
MemFree:          189300 kB
MemAvailable:    1469760 kB
Buffers:          102452 kB
Cached:          1196140 kB
MemTotal:        1844596 kB
MemFree:          189228 kB
MemAvailable:    1469688 kB
Buffers:          102452 kB
Cached:          1196140 kB
MemTotal:        1844596 kB
MemFree:          189208 kB
MemAvailable:    1469668 kB
Buffers:          102452 kB
Cached:          1196140 kB
MemTotal:        1844596 kB
MemFree:          187948 kB
MemAvailable:    1468408 kB
Buffers:          102452 kB
Cached:          1196140 kB
MemTotal:        1844596 kB
MemFree:          188024 kB
MemAvailable:    1468484 kB
Buffers:          102452 kB
Cached:          1196140 kB
MemTotal:        1844596 kB
MemFree:          187948 kB
MemAvailable:    1468408 kB
Buffers:          102452 kB
Cached:          1196140 kB
MemTotal:        1844596 kB
MemFree:          189224 kB
MemAvailable:    1469684 kB
Buffers:          102452 kB
Cached:          1196140 kB
MemTotal:        1844596 kB
MemFree:          189224 kB
MemAvailable:    1469684 kB
Buffers:          102452 kB
Cached:          1196140 kB
MemTotal:        1844596 kB
MemFree:          187948 kB
MemAvailable:    1468408 kB
Buffers:          102452 kB
Cached:          1196140 kB
MemTotal:        1844596 kB
MemFree:          189272 kB
MemAvailable:    1469732 kB
Buffers:          102452 kB
Cached:          1196140 kB
MemTotal:        1844596 kB
MemFree:          189416 kB
MemAvailable:    1469876 kB
Buffers:          102452 kB
Cached:          1196140 kB
MemTotal:        1844596 kB
MemFree:          188568 kB
MemAvailable:    1469028 kB
Buffers:          102452 kB
Cached:          1196140 kB
MemTotal:        1844596 kB
MemFree:          189140 kB
MemAvailable:    1469604 kB
Buffers:          102452 kB
Cached:          1196144 kB
MemTotal:        1844596 kB
MemFree:          189476 kB
MemAvailable:    1469940 kB
Buffers:          102452 kB
Cached:          1196144 kB
MemTotal:        1844596 kB
MemFree:          189312 kB
MemAvailable:    1469776 kB
Buffers:          102452 kB
Cached:          1196144 kB
MemTotal:        1844596 kB
MemFree:          189000 kB
MemAvailable:    1469464 kB
Buffers:          102452 kB
Cached:          1196144 kB
MemTotal:        1844596 kB
MemFree:          189336 kB
MemAvailable:    1469800 kB
Buffers:          102452 kB
Cached:          1196144 kB
MemTotal:        1844596 kB
MemFree:          189428 kB
MemAvailable:    1469892 kB
Buffers:          102452 kB
Cached:          1196144 kB
MemTotal:        1844596 kB
MemFree:          189248 kB
MemAvailable:    1469712 kB
Buffers:          102452 kB
Cached:          1196144 kB
MemTotal:        1844596 kB
MemFree:          189072 kB
MemAvailable:    1469536 kB
Buffers:          102452 kB
Cached:          1196144 kB
MemTotal:        1844596 kB
MemFree:          189116 kB
MemAvailable:    1469580 kB
Buffers:          102452 kB
Cached:          1196144 kB
MemTotal:        1844596 kB
MemFree:          187940 kB
MemAvailable:    1468404 kB
Buffers:          102452 kB
Cached:          1196144 kB
MemTotal:        1844596 kB
MemFree:          188024 kB
MemAvailable:    1468488 kB
Buffers:          102452 kB
Cached:          1196144 kB
MemTotal:        1844596 kB
MemFree:          188140 kB
MemAvailable:    1468604 kB
Buffers:          102452 kB
Cached:          1196144 kB
MemTotal:        1844596 kB
MemFree:          188184 kB
MemAvailable:    1468648 kB
Buffers:          102452 kB
Cached:          1196144 kB
MemTotal:        1844596 kB
MemFree:          189416 kB
MemAvailable:    1469880 kB
Buffers:          102452 kB
Cached:          1196144 kB
MemTotal:        1844596 kB
MemFree:          188176 kB
MemAvailable:    1468640 kB
Buffers:          102452 kB
Cached:          1196144 kB
MemTotal:        1844596 kB
MemFree:          189172 kB
MemAvailable:    1469636 kB
Buffers:          102452 kB
Cached:          1196144 kB
MemTotal:        1844596 kB
MemFree:          189424 kB
MemAvailable:    1469888 kB
Buffers:          102452 kB
Cached:          1196144 kB
MemTotal:        1844596 kB
MemFree:          189184 kB
MemAvailable:    1469648 kB
Buffers:          102452 kB
Cached:          1196144 kB
MemTotal:        1844596 kB
MemFree:          188176 kB
MemAvailable:    1468640 kB
Buffers:          102452 kB
Cached:          1196144 kB
MemTotal:        1844596 kB
MemFree:          189228 kB
MemAvailable:    1469692 kB
Buffers:          102452 kB
Cached:          1196144 kB
MemTotal:        1844596 kB
MemFree:          188052 kB
MemAvailable:    1468516 kB
Buffers:          102452 kB
Cached:          1196144 kB
MemTotal:        1844596 kB
MemFree:          188176 kB
MemAvailable:    1468640 kB
Buffers:          102452 kB
Cached:          1196144 kB
MemTotal:        1844596 kB
MemFree:          187700 kB
MemAvailable:    1468164 kB
Buffers:          102452 kB
Cached:          1196144 kB
MemTotal:        1844596 kB
MemFree:          188932 kB
MemAvailable:    1469396 kB
Buffers:          102452 kB
Cached:          1196144 kB
MemTotal:        1844596 kB
MemFree:          188180 kB
MemAvailable:    1468644 kB
Buffers:          102452 kB
Cached:          1196144 kB
MemTotal:        1844596 kB
MemFree:          188196 kB
MemAvailable:    1468660 kB
Buffers:          102452 kB
Cached:          1196144 kB
MemTotal:        1844596 kB
MemFree:          188236 kB
MemAvailable:    1468700 kB
Buffers:          102452 kB
Cached:          1196144 kB
MemTotal:        1844596 kB
MemFree:          188112 kB
MemAvailable:    1468576 kB
Buffers:          102452 kB
Cached:          1196144 kB
MemTotal:        1844596 kB
MemFree:          188064 kB
MemAvailable:    1468528 kB
Buffers:          102452 kB
Cached:          1196144 kB
MemTotal:        1844596 kB
MemFree:          186632 kB
MemAvailable:    1467096 kB
Buffers:          102452 kB
Cached:          1196144 kB
MemTotal:        1844596 kB
MemFree:          187900 kB
MemAvailable:    1468364 kB
Buffers:          102452 kB
Cached:          1196144 kB
MemTotal:        1844596 kB
MemFree:          188152 kB
MemAvailable:    1468616 kB
Buffers:          102452 kB
Cached:          1196144 kB
MemTotal:        1844596 kB
MemFree:          186652 kB
MemAvailable:    1467116 kB
Buffers:          102452 kB
Cached:          1196144 kB
MemTotal:        1844596 kB
MemFree:          186644 kB
MemAvailable:    1467108 kB
Buffers:          102452 kB
Cached:          1196144 kB
MemTotal:        1844596 kB
MemFree:          187884 kB
MemAvailable:    1468348 kB
Buffers:          102452 kB
Cached:          1196144 kB
MemTotal:        1844596 kB
MemFree:          187688 kB
MemAvailable:    1468152 kB
Buffers:          102452 kB
Cached:          1196144 kB
MemTotal:        1844596 kB
MemFree:          186636 kB
MemAvailable:    1467100 kB
Buffers:          102452 kB
Cached:          1196144 kB
MemTotal:        1844596 kB
MemFree:          186388 kB
MemAvailable:    1466852 kB
Buffers:          102452 kB
Cached:          1196144 kB
MemTotal:        1844596 kB
MemFree:          187664 kB
MemAvailable:    1468128 kB
Buffers:          102452 kB
Cached:          1196144 kB
MemTotal:        1844596 kB
MemFree:          187584 kB
MemAvailable:    1468048 kB
Buffers:          102452 kB
Cached:          1196144 kB
MemTotal:        1844596 kB
MemFree:          186412 kB
MemAvailable:    1466876 kB
Buffers:          102452 kB
Cached:          1196144 kB
MemTotal:        1844596 kB
MemFree:          187692 kB
MemAvailable:    1468156 kB
Buffers:          102452 kB
Cached:          1196144 kB
MemTotal:        1844596 kB
MemFree:          187944 kB
MemAvailable:    1468408 kB
Buffers:          102452 kB
Cached:          1196144 kB
MemTotal:        1844596 kB
MemFree:          187444 kB
MemAvailable:    1467908 kB
Buffers:          102452 kB
Cached:          1196144 kB
MemTotal:        1844596 kB
MemFree:          187520 kB
MemAvailable:    1467984 kB
Buffers:          102452 kB
Cached:          1196144 kB
MemTotal:        1844596 kB
MemFree:          187776 kB
MemAvailable:    1468240 kB
Buffers:          102452 kB
Cached:          1196144 kB
MemTotal:        1844596 kB
MemFree:          187628 kB
MemAvailable:    1468092 kB
Buffers:          102452 kB
Cached:          1196144 kB
MemTotal:        1844596 kB
MemFree:          186576 kB
MemAvailable:    1467040 kB
Buffers:          102452 kB
Cached:          1196144 kB
MemTotal:        1844596 kB
MemFree:          185592 kB
MemAvailable:    1466056 kB
Buffers:          102452 kB
Cached:          1196144 kB
MemTotal:        1844596 kB
MemFree:          182616 kB
MemAvailable:    1463080 kB
Buffers:          102452 kB
Cached:          1196144 kB
MemTotal:        1844596 kB
MemFree:          178948 kB
MemAvailable:    1459412 kB
Buffers:          102452 kB
Cached:          1196144 kB
MemTotal:        1844596 kB
MemFree:          178648 kB
MemAvailable:    1459112 kB
Buffers:          102452 kB
Cached:          1196144 kB
MemTotal:        1844596 kB
MemFree:          176716 kB
MemAvailable:    1457180 kB
Buffers:          102452 kB
Cached:          1196144 kB
MemTotal:        1844596 kB
MemFree:          176228 kB
MemAvailable:    1456692 kB
Buffers:          102452 kB
Cached:          1196144 kB
MemTotal:        1844596 kB
MemFree:          174880 kB
MemAvailable:    1455344 kB
Buffers:          102452 kB
Cached:          1196144 kB
MemTotal:        1844596 kB
MemFree:          175924 kB
MemAvailable:    1456388 kB
Buffers:          102452 kB
Cached:          1196144 kB
MemTotal:        1844596 kB
MemFree:          174556 kB
MemAvailable:    1455020 kB
Buffers:          102452 kB
Cached:          1196144 kB
MemTotal:        1844596 kB
MemFree:          175384 kB
MemAvailable:    1455848 kB
Buffers:          102452 kB
Cached:          1196144 kB
MemTotal:        1844596 kB
MemFree:          174012 kB
MemAvailable:    1454476 kB
Buffers:          102452 kB
Cached:          1196144 kB
MemTotal:        1844596 kB
MemFree:          174244 kB
MemAvailable:    1454708 kB
Buffers:          102452 kB
Cached:          1196144 kB
MemTotal:        1844596 kB
MemFree:          172656 kB
MemAvailable:    1453120 kB
Buffers:          102452 kB
Cached:          1196144 kB
MemTotal:        1844596 kB
MemFree:          172432 kB
MemAvailable:    1452896 kB
Buffers:          102452 kB
Cached:          1196144 kB
MemTotal:        1844596 kB
MemFree:          172432 kB
MemAvailable:    1452896 kB
Buffers:          102452 kB
Cached:          1196144 kB
MemTotal:        1844596 kB
MemFree:          172392 kB
MemAvailable:    1452856 kB
Buffers:          102452 kB
Cached:          1196144 kB
MemTotal:        1844596 kB
MemFree:          172636 kB
MemAvailable:    1453100 kB
Buffers:          102452 kB
Cached:          1196144 kB
MemTotal:        1844596 kB
MemFree:          172376 kB
MemAvailable:    1452848 kB
Buffers:          102452 kB
Cached:          1196152 kB
MemTotal:        1844596 kB
MemFree:          171332 kB
MemAvailable:    1451804 kB
Buffers:          102452 kB
Cached:          1196152 kB
MemTotal:        1844596 kB
MemFree:          171332 kB
MemAvailable:    1451804 kB
Buffers:          102452 kB
Cached:          1196152 kB
MemTotal:        1844596 kB
MemFree:          171200 kB
MemAvailable:    1451672 kB
Buffers:          102452 kB
Cached:          1196152 kB
MemTotal:        1844596 kB
MemFree:          172648 kB
MemAvailable:    1453120 kB
Buffers:          102452 kB
Cached:          1196152 kB
MemTotal:        1844596 kB
MemFree:          172440 kB
MemAvailable:    1452912 kB
Buffers:          102452 kB
Cached:          1196152 kB
MemTotal:        1844596 kB
MemFree:          172456 kB
MemAvailable:    1452928 kB
Buffers:          102452 kB
Cached:          1196152 kB
MemTotal:        1844596 kB
MemFree:          172400 kB
MemAvailable:    1452872 kB
Buffers:          102452 kB
Cached:          1196152 kB
MemTotal:        1844596 kB
MemFree:          172580 kB
MemAvailable:    1453052 kB
Buffers:          102452 kB
Cached:          1196152 kB
MemTotal:        1844596 kB
MemFree:          171704 kB
MemAvailable:    1452176 kB
Buffers:          102452 kB
Cached:          1196152 kB
MemTotal:        1844596 kB
MemFree:          171936 kB
MemAvailable:    1452408 kB
Buffers:          102452 kB
Cached:          1196152 kB
MemTotal:        1844596 kB
MemFree:          172272 kB
MemAvailable:    1452744 kB
Buffers:          102452 kB
Cached:          1196152 kB
MemTotal:        1844596 kB
MemFree:          170332 kB
MemAvailable:    1450804 kB
Buffers:          102452 kB
Cached:          1196152 kB
MemTotal:        1844596 kB
MemFree:          170712 kB
MemAvailable:    1451184 kB
Buffers:          102452 kB
Cached:          1196152 kB
MemTotal:        1844596 kB
MemFree:          169472 kB
MemAvailable:    1449944 kB
Buffers:          102452 kB
Cached:          1196152 kB
MemTotal:        1844596 kB
MemFree:          169348 kB
MemAvailable:    1449820 kB
Buffers:          102452 kB
Cached:          1196152 kB
MemTotal:        1844596 kB
MemFree:          169208 kB
MemAvailable:    1449680 kB
Buffers:          102452 kB
Cached:          1196152 kB
MemTotal:        1844596 kB
MemFree:          168728 kB
MemAvailable:    1449200 kB
Buffers:          102452 kB
Cached:          1196152 kB
MemTotal:        1844596 kB
MemFree:          168524 kB
MemAvailable:    1449000 kB
Buffers:          102452 kB
Cached:          1196156 kB
MemTotal:        1844596 kB
MemFree:          168356 kB
MemAvailable:    1448832 kB
Buffers:          102452 kB
Cached:          1196156 kB
MemTotal:        1844596 kB
MemFree:          168232 kB
MemAvailable:    1448708 kB
Buffers:          102452 kB
Cached:          1196156 kB
MemTotal:        1844596 kB
MemFree:          169300 kB
MemAvailable:    1449776 kB
Buffers:          102452 kB
Cached:          1196156 kB
MemTotal:        1844596 kB
MemFree:          168100 kB
MemAvailable:    1448576 kB
Buffers:          102452 kB
Cached:          1196156 kB
MemTotal:        1844596 kB
MemFree:          168464 kB
MemAvailable:    1448940 kB
Buffers:          102452 kB
Cached:          1196156 kB
MemTotal:        1844596 kB
MemFree:          168548 kB
MemAvailable:    1449024 kB
Buffers:          102452 kB
Cached:          1196156 kB
MemTotal:        1844596 kB
MemFree:          168468 kB
MemAvailable:    1448944 kB
Buffers:          102452 kB
Cached:          1196156 kB
MemTotal:        1844596 kB
MemFree:          168156 kB
MemAvailable:    1448632 kB
Buffers:          102452 kB
Cached:          1196156 kB
MemTotal:        1844596 kB
MemFree:          168492 kB
MemAvailable:    1448968 kB
Buffers:          102452 kB
Cached:          1196156 kB
MemTotal:        1844596 kB
MemFree:          168248 kB
MemAvailable:    1448724 kB
Buffers:          102452 kB
Cached:          1196156 kB
MemTotal:        1844596 kB
MemFree:          167216 kB
MemAvailable:    1447692 kB
Buffers:          102452 kB
Cached:          1196156 kB
MemTotal:        1844596 kB
MemFree:          168384 kB
MemAvailable:    1448860 kB
Buffers:          102452 kB
Cached:          1196156 kB
MemTotal:        1844596 kB
MemFree:          168456 kB
MemAvailable:    1448932 kB
Buffers:          102452 kB
Cached:          1196156 kB
MemTotal:        1844596 kB
MemFree:          168144 kB
MemAvailable:    1448620 kB
Buffers:          102452 kB
Cached:          1196156 kB
MemTotal:        1844596 kB
MemFree:          168144 kB
MemAvailable:    1448620 kB
Buffers:          102452 kB
Cached:          1196156 kB
MemTotal:        1844596 kB
MemFree:          168088 kB
MemAvailable:    1448564 kB
Buffers:          102452 kB
Cached:          1196156 kB
MemTotal:        1844596 kB
MemFree:          168116 kB
MemAvailable:    1448592 kB
Buffers:          102452 kB
Cached:          1196156 kB
MemTotal:        1844596 kB
MemFree:          168232 kB
MemAvailable:    1448708 kB
Buffers:          102452 kB
Cached:          1196156 kB
MemTotal:        1844596 kB
MemFree:          168372 kB
MemAvailable:    1448848 kB
Buffers:          102452 kB
Cached:          1196156 kB
MemTotal:        1844596 kB
MemFree:          168168 kB
MemAvailable:    1448644 kB
Buffers:          102452 kB
Cached:          1196156 kB
MemTotal:        1844596 kB
MemFree:          168096 kB
MemAvailable:    1448572 kB
Buffers:          102452 kB
Cached:          1196156 kB
MemTotal:        1844596 kB
MemFree:          168108 kB
MemAvailable:    1448584 kB
Buffers:          102452 kB
Cached:          1196156 kB
MemTotal:        1844596 kB
MemFree:          166820 kB
MemAvailable:    1447296 kB
Buffers:          102452 kB
Cached:          1196156 kB
MemTotal:        1844596 kB
MemFree:          167928 kB
MemAvailable:    1448404 kB
Buffers:          102452 kB
Cached:          1196156 kB
MemTotal:        1844596 kB
MemFree:          168264 kB
MemAvailable:    1448740 kB
Buffers:          102452 kB
Cached:          1196156 kB
MemTotal:        1844596 kB
MemFree:          168100 kB
MemAvailable:    1448576 kB
Buffers:          102452 kB
Cached:          1196156 kB
MemTotal:        1844596 kB
MemFree:          167744 kB
MemAvailable:    1448220 kB
Buffers:          102452 kB
Cached:          1196156 kB
MemTotal:        1844596 kB
MemFree:          167976 kB
MemAvailable:    1448452 kB
Buffers:          102452 kB
Cached:          1196156 kB
MemTotal:        1844596 kB
MemFree:          166860 kB
MemAvailable:    1447336 kB
Buffers:          102452 kB
Cached:          1196156 kB
MemTotal:        1844596 kB
MemFree:          166852 kB
MemAvailable:    1447328 kB
Buffers:          102452 kB
Cached:          1196156 kB
MemTotal:        1844596 kB
MemFree:          166744 kB
MemAvailable:    1447220 kB
Buffers:          102452 kB
Cached:          1196156 kB
MemTotal:        1844596 kB
MemFree:          166784 kB
MemAvailable:    1447260 kB
Buffers:          102452 kB
Cached:          1196156 kB
MemTotal:        1844596 kB
MemFree:          165608 kB
MemAvailable:    1446084 kB
Buffers:          102452 kB
Cached:          1196156 kB
MemTotal:        1844596 kB
MemFree:          165744 kB
MemAvailable:    1446220 kB
Buffers:          102452 kB
Cached:          1196156 kB
MemTotal:        1844596 kB
MemFree:          165264 kB
MemAvailable:    1445740 kB
Buffers:          102452 kB
Cached:          1196156 kB
MemTotal:        1844596 kB
MemFree:          162900 kB
MemAvailable:    1443376 kB
Buffers:          102452 kB
Cached:          1196156 kB
MemTotal:        1844596 kB
MemFree:          160976 kB
MemAvailable:    1441452 kB
Buffers:          102452 kB
Cached:          1196156 kB
MemTotal:        1844596 kB
MemFree:          157568 kB
MemAvailable:    1438044 kB
Buffers:          102452 kB
Cached:          1196156 kB
MemTotal:        1844596 kB
MemFree:          153848 kB
MemAvailable:    1434324 kB
Buffers:          102452 kB
Cached:          1196156 kB
MemTotal:        1844596 kB
MemFree:          151368 kB
MemAvailable:    1431844 kB
Buffers:          102452 kB
Cached:          1196156 kB
MemTotal:        1844596 kB
MemFree:          148888 kB
MemAvailable:    1429364 kB
Buffers:          102452 kB
Cached:          1196156 kB
MemTotal:        1844596 kB
MemFree:          149940 kB
MemAvailable:    1430416 kB
Buffers:          102452 kB
Cached:          1196156 kB
MemTotal:        1844596 kB
MemFree:          148632 kB
MemAvailable:    1429108 kB
Buffers:          102452 kB
Cached:          1196156 kB
MemTotal:        1844596 kB
MemFree:          149608 kB
MemAvailable:    1430084 kB
Buffers:          102452 kB
Cached:          1196156 kB
MemTotal:        1844596 kB
MemFree:          149136 kB
MemAvailable:    1429612 kB
Buffers:          102452 kB
Cached:          1196156 kB
MemTotal:        1844596 kB
MemFree:          148336 kB
MemAvailable:    1428812 kB
Buffers:          102452 kB
Cached:          1196156 kB
MemTotal:        1844596 kB
MemFree:          149444 kB
MemAvailable:    1429920 kB
Buffers:          102452 kB
Cached:          1196156 kB
MemTotal:        1844596 kB
MemFree:          149696 kB
MemAvailable:    1430172 kB
Buffers:          102452 kB
Cached:          1196156 kB
MemTotal:        1844596 kB
MemFree:          149460 kB
MemAvailable:    1429936 kB
Buffers:          102452 kB
Cached:          1196156 kB
MemTotal:        1844596 kB
MemFree:          148216 kB
MemAvailable:    1428692 kB
Buffers:          102452 kB
Cached:          1196156 kB
MemTotal:        1844596 kB
MemFree:          148084 kB
MemAvailable:    1428560 kB
Buffers:          102452 kB
Cached:          1196156 kB
MemTotal:        1844596 kB
MemFree:          148208 kB
MemAvailable:    1428684 kB
Buffers:          102452 kB
Cached:          1196156 kB
MemTotal:        1844596 kB
MemFree:          148748 kB
MemAvailable:    1429224 kB
Buffers:          102452 kB
Cached:          1196156 kB
MemTotal:        1844596 kB
MemFree:          148584 kB
MemAvailable:    1429060 kB
Buffers:          102452 kB
Cached:          1196156 kB
MemTotal:        1844596 kB
MemFree:          148344 kB
MemAvailable:    1428824 kB
Buffers:          102452 kB
Cached:          1196160 kB
MemTotal:        1844596 kB
MemFree:          148680 kB
MemAvailable:    1429160 kB
Buffers:          102452 kB
Cached:          1196160 kB
MemTotal:        1844596 kB
MemFree:          148468 kB
MemAvailable:    1428948 kB
Buffers:          102452 kB
Cached:          1196160 kB
MemTotal:        1844596 kB
MemFree:          148724 kB
MemAvailable:    1429204 kB
Buffers:          102452 kB
Cached:          1196160 kB
MemTotal:        1844596 kB
MemFree:          148576 kB
MemAvailable:    1429056 kB
Buffers:          102452 kB
Cached:          1196160 kB
MemTotal:        1844596 kB
MemFree:          148584 kB
MemAvailable:    1429064 kB
Buffers:          102452 kB
Cached:          1196160 kB
MemTotal:        1844596 kB
MemFree:          148468 kB
MemAvailable:    1428948 kB
Buffers:          102452 kB
Cached:          1196160 kB
MemTotal:        1844596 kB
MemFree:          148524 kB
MemAvailable:    1429004 kB
Buffers:          102452 kB
Cached:          1196160 kB
MemTotal:        1844596 kB
MemFree:          148636 kB
MemAvailable:    1429116 kB
Buffers:          102452 kB
Cached:          1196160 kB
MemTotal:        1844596 kB
MemFree:          148508 kB
MemAvailable:    1428988 kB
Buffers:          102452 kB
Cached:          1196160 kB
MemTotal:        1844596 kB
MemFree:          148844 kB
MemAvailable:    1429324 kB
Buffers:          102452 kB
Cached:          1196160 kB
MemTotal:        1844596 kB
MemFree:          148592 kB
MemAvailable:    1429072 kB
Buffers:          102452 kB
Cached:          1196160 kB
MemTotal:        1844596 kB
MemFree:          147340 kB
MemAvailable:    1427820 kB
Buffers:          102452 kB
Cached:          1196160 kB
MemTotal:        1844596 kB
MemFree:          148624 kB
MemAvailable:    1429104 kB
Buffers:          102452 kB
Cached:          1196160 kB
MemTotal:        1844596 kB
MemFree:          147284 kB
MemAvailable:    1427764 kB
Buffers:          102452 kB
Cached:          1196160 kB
MemTotal:        1844596 kB
MemFree:          148516 kB
MemAvailable:    1428996 kB
Buffers:          102452 kB
Cached:          1196160 kB
MemTotal:        1844596 kB
MemFree:          148516 kB
MemAvailable:    1428996 kB
Buffers:          102452 kB
Cached:          1196160 kB
MemTotal:        1844596 kB
MemFree:          148528 kB
MemAvailable:    1429008 kB
Buffers:          102452 kB
Cached:          1196160 kB
MemTotal:        1844596 kB
MemFree:          146400 kB
MemAvailable:    1426880 kB
Buffers:          102452 kB
Cached:          1196160 kB
MemTotal:        1844596 kB
MemFree:          146168 kB
MemAvailable:    1426648 kB
Buffers:          102452 kB
Cached:          1196160 kB
MemTotal:        1844596 kB
MemFree:          142448 kB
MemAvailable:    1422928 kB
Buffers:          102452 kB
Cached:          1196160 kB
MemTotal:        1844596 kB
MemFree:          138340 kB
MemAvailable:    1418820 kB
Buffers:          102452 kB
Cached:          1196160 kB
MemTotal:        1844596 kB
MemFree:          137984 kB
MemAvailable:    1418464 kB
Buffers:          102452 kB
Cached:          1196160 kB
MemTotal:        1844596 kB
MemFree:          134264 kB
MemAvailable:    1414744 kB
Buffers:          102452 kB
Cached:          1196160 kB
MemTotal:        1844596 kB
MemFree:          130916 kB
MemAvailable:    1411396 kB
Buffers:          102460 kB
Cached:          1196152 kB
MemTotal:        1844596 kB
MemFree:          130404 kB
MemAvailable:    1410884 kB
Buffers:          102460 kB
Cached:          1196152 kB
MemTotal:        1844596 kB
MemFree:          130488 kB
MemAvailable:    1410968 kB
Buffers:          102460 kB
Cached:          1196152 kB
MemTotal:        1844596 kB
MemFree:          130408 kB
MemAvailable:    1410888 kB
Buffers:          102460 kB
Cached:          1196152 kB
MemTotal:        1844596 kB
MemFree:          130296 kB
MemAvailable:    1410776 kB
Buffers:          102460 kB
Cached:          1196152 kB
MemTotal:        1844596 kB
MemFree:          129116 kB
MemAvailable:    1409596 kB
Buffers:          102460 kB
Cached:          1196152 kB
MemTotal:        1844596 kB
MemFree:          130160 kB
MemAvailable:    1410640 kB
Buffers:          102460 kB
Cached:          1196152 kB
MemTotal:        1844596 kB
MemFree:          129152 kB
MemAvailable:    1409632 kB
Buffers:          102460 kB
Cached:          1196152 kB
MemTotal:        1844596 kB
MemFree:          129020 kB
MemAvailable:    1409500 kB
Buffers:          102460 kB
Cached:          1196152 kB
MemTotal:        1844596 kB
MemFree:          130404 kB
MemAvailable:    1410884 kB
Buffers:          102460 kB
Cached:          1196152 kB
MemTotal:        1844596 kB
MemFree:          130316 kB
MemAvailable:    1410796 kB
Buffers:          102460 kB
Cached:          1196152 kB
MemTotal:        1844596 kB
MemFree:          130240 kB
MemAvailable:    1410720 kB
Buffers:          102460 kB
Cached:          1196152 kB
MemTotal:        1844596 kB
MemFree:          130048 kB
MemAvailable:    1410528 kB
Buffers:          102460 kB
Cached:          1196152 kB
MemTotal:        1844596 kB
MemFree:          130468 kB
MemAvailable:    1410948 kB
Buffers:          102460 kB
Cached:          1196152 kB
MemTotal:        1844596 kB
MemFree:          130212 kB
MemAvailable:    1410692 kB
Buffers:          102460 kB
Cached:          1196152 kB
MemTotal:        1844596 kB
MemFree:          129160 kB
MemAvailable:    1409640 kB
Buffers:          102460 kB
Cached:          1196152 kB
MemTotal:        1844596 kB
MemFree:          129160 kB
MemAvailable:    1409640 kB
Buffers:          102460 kB
Cached:          1196152 kB
MemTotal:        1844596 kB
MemFree:          130288 kB
MemAvailable:    1410768 kB
Buffers:          102460 kB
Cached:          1196152 kB
MemTotal:        1844596 kB
MemFree:          129024 kB
MemAvailable:    1409504 kB
Buffers:          102460 kB
Cached:          1196152 kB
MemTotal:        1844596 kB
MemFree:          130324 kB
MemAvailable:    1410804 kB
Buffers:          102460 kB
Cached:          1196152 kB
MemTotal:        1844596 kB
MemFree:          129100 kB
MemAvailable:    1409580 kB
Buffers:          102460 kB
Cached:          1196152 kB
MemTotal:        1844596 kB
MemFree:          130244 kB
MemAvailable:    1410724 kB
Buffers:          102460 kB
Cached:          1196152 kB
MemTotal:        1844596 kB
MemFree:          130496 kB
MemAvailable:    1410976 kB
Buffers:          102460 kB
Cached:          1196152 kB
MemTotal:        1844596 kB
MemFree:          129168 kB
MemAvailable:    1409648 kB
Buffers:          102460 kB
Cached:          1196152 kB
MemTotal:        1844596 kB
MemFree:          130408 kB
MemAvailable:    1410888 kB
Buffers:          102460 kB
Cached:          1196152 kB
MemTotal:        1844596 kB
MemFree:          130264 kB
MemAvailable:    1410744 kB
Buffers:          102460 kB
Cached:          1196152 kB
MemTotal:        1844596 kB
MemFree:          130516 kB
MemAvailable:    1410996 kB
Buffers:          102460 kB
Cached:          1196152 kB
MemTotal:        1844596 kB
MemFree:          130240 kB
MemAvailable:    1410720 kB
Buffers:          102460 kB
Cached:          1196152 kB
MemTotal:        1844596 kB
MemFree:          130420 kB
MemAvailable:    1410900 kB
Buffers:          102460 kB
Cached:          1196152 kB
MemTotal:        1844596 kB
MemFree:          129032 kB
MemAvailable:    1409512 kB
Buffers:          102460 kB
Cached:          1196152 kB
MemTotal:        1844596 kB
MemFree:          129156 kB
MemAvailable:    1409636 kB
Buffers:          102460 kB
Cached:          1196152 kB
MemTotal:        1844596 kB
MemFree:          129016 kB
MemAvailable:    1409496 kB
Buffers:          102460 kB
Cached:          1196152 kB
MemTotal:        1844596 kB
MemFree:          129148 kB
MemAvailable:    1409628 kB
Buffers:          102460 kB
Cached:          1196152 kB
MemTotal:        1844596 kB
MemFree:          129232 kB
MemAvailable:    1409712 kB
Buffers:          102460 kB
Cached:          1196152 kB
MemTotal:        1844596 kB
MemFree:          128852 kB
MemAvailable:    1409332 kB
Buffers:          102460 kB
Cached:          1196152 kB
MemTotal:        1844596 kB
MemFree:          127684 kB
MemAvailable:    1408164 kB
Buffers:          102460 kB
Cached:          1196152 kB
MemTotal:        1844596 kB
MemFree:          124776 kB
MemAvailable:    1405256 kB
Buffers:          102460 kB
Cached:          1196152 kB
MemTotal:        1844596 kB
MemFree:          121872 kB
MemAvailable:    1402352 kB
Buffers:          102460 kB
Cached:          1196152 kB
MemTotal:        1844596 kB
MemFree:          117012 kB
MemAvailable:    1397492 kB
Buffers:          102460 kB
Cached:          1196152 kB
MemTotal:        1844596 kB
MemFree:          116408 kB
MemAvailable:    1396888 kB
Buffers:          102460 kB
Cached:          1196152 kB
MemTotal:        1844596 kB
MemFree:          112192 kB
MemAvailable:    1392672 kB
Buffers:          102460 kB
Cached:          1196152 kB
MemTotal:        1844596 kB
MemFree:          112192 kB
MemAvailable:    1392672 kB
Buffers:          102460 kB
Cached:          1196152 kB
MemTotal:        1844596 kB
MemFree:          113176 kB
MemAvailable:    1393656 kB
Buffers:          102460 kB
Cached:          1196152 kB
MemTotal:        1844596 kB
MemFree:          112564 kB
MemAvailable:    1393044 kB
Buffers:          102460 kB
Cached:          1196152 kB
MemTotal:        1844596 kB
MemFree:          110952 kB
MemAvailable:    1391432 kB
Buffers:          102460 kB
Cached:          1196152 kB
MemTotal:        1844596 kB
MemFree:          110696 kB
MemAvailable:    1391176 kB
Buffers:          102460 kB
Cached:          1196152 kB
MemTotal:        1844596 kB
MemFree:          110440 kB
MemAvailable:    1390920 kB
Buffers:          102460 kB
Cached:          1196152 kB
MemTotal:        1844596 kB
MemFree:          110268 kB
MemAvailable:    1390748 kB
Buffers:          102460 kB
Cached:          1196152 kB
MemTotal:        1844596 kB
MemFree:          110704 kB
MemAvailable:    1391204 kB
Buffers:          102460 kB
Cached:          1196172 kB
MemTotal:        1844596 kB
MemFree:          111688 kB
MemAvailable:    1392188 kB
Buffers:          102460 kB
Cached:          1196172 kB
MemTotal:        1844596 kB
MemFree:          110960 kB
MemAvailable:    1391460 kB
Buffers:          102460 kB
Cached:          1196172 kB
MemTotal:        1844596 kB
MemFree:          111400 kB
MemAvailable:    1391900 kB
Buffers:          102460 kB
Cached:          1196172 kB
MemTotal:        1844596 kB
MemFree:          110140 kB
MemAvailable:    1390640 kB
Buffers:          102460 kB
Cached:          1196172 kB
MemTotal:        1844596 kB
MemFree:          110192 kB
MemAvailable:    1390692 kB
Buffers:          102460 kB
Cached:          1196172 kB
MemTotal:        1844596 kB
MemFree:          111004 kB
MemAvailable:    1391504 kB
Buffers:          102460 kB
Cached:          1196172 kB
MemTotal:        1844596 kB
MemFree:          109324 kB
MemAvailable:    1389824 kB
Buffers:          102460 kB
Cached:          1196172 kB
MemTotal:        1844596 kB
MemFree:          110392 kB
MemAvailable:    1390892 kB
Buffers:          102460 kB
Cached:          1196172 kB
MemTotal:        1844596 kB
MemFree:          109416 kB
MemAvailable:    1389916 kB
Buffers:          102460 kB
Cached:          1196172 kB
MemTotal:        1844596 kB
MemFree:          109084 kB
MemAvailable:    1389584 kB
Buffers:          102460 kB
Cached:          1196172 kB
MemTotal:        1844596 kB
MemFree:          109216 kB
MemAvailable:    1389716 kB
Buffers:          102460 kB
Cached:          1196172 kB
MemTotal:        1844596 kB
MemFree:          108580 kB
MemAvailable:    1389080 kB
Buffers:          102460 kB
Cached:          1196172 kB
MemTotal:        1844596 kB
MemFree:          108580 kB
MemAvailable:    1389080 kB
Buffers:          102460 kB
Cached:          1196172 kB
MemTotal:        1844596 kB
MemFree:          107480 kB
MemAvailable:    1387980 kB
Buffers:          102460 kB
Cached:          1196172 kB
MemTotal:        1844596 kB
MemFree:          106920 kB
MemAvailable:    1387420 kB
Buffers:          102460 kB
Cached:          1196172 kB
MemTotal:        1844596 kB
MemFree:          105124 kB
MemAvailable:    1385624 kB
Buffers:          102460 kB
Cached:          1196172 kB
MemTotal:        1844596 kB
MemFree:          106044 kB
MemAvailable:    1386544 kB
Buffers:          102460 kB
Cached:          1196172 kB
MemTotal:        1844596 kB
MemFree:          104736 kB
MemAvailable:    1385236 kB
Buffers:          102460 kB
Cached:          1196172 kB
MemTotal:        1844596 kB
MemFree:          105840 kB
MemAvailable:    1386340 kB
Buffers:          102460 kB
Cached:          1196172 kB
MemTotal:        1844596 kB
MemFree:          105924 kB
MemAvailable:    1386424 kB
Buffers:          102460 kB
Cached:          1196172 kB
MemTotal:        1844596 kB
MemFree:          104496 kB
MemAvailable:    1384996 kB
Buffers:          102460 kB
Cached:          1196172 kB
MemTotal:        1844596 kB
MemFree:          105860 kB
MemAvailable:    1386360 kB
Buffers:          102460 kB
Cached:          1196172 kB
MemTotal:        1844596 kB
MemFree:          105944 kB
MemAvailable:    1386444 kB
Buffers:          102460 kB
Cached:          1196172 kB
MemTotal:        1844596 kB
MemFree:          105748 kB
MemAvailable:    1386248 kB
Buffers:          102460 kB
Cached:          1196172 kB
MemTotal:        1844596 kB
MemFree:          104812 kB
MemAvailable:    1385312 kB
Buffers:          102460 kB
Cached:          1196172 kB
MemTotal:        1844596 kB
MemFree:          103272 kB
MemAvailable:    1383772 kB
Buffers:          102460 kB
Cached:          1196172 kB
MemTotal:        1844596 kB
MemFree:          104116 kB
MemAvailable:    1384616 kB
Buffers:          102460 kB
Cached:          1196172 kB
MemTotal:        1844596 kB
MemFree:          104368 kB
MemAvailable:    1384868 kB
Buffers:          102460 kB
Cached:          1196172 kB
MemTotal:        1844596 kB
MemFree:          103992 kB
MemAvailable:    1384492 kB
Buffers:          102460 kB
Cached:          1196172 kB
MemTotal:        1844596 kB
MemFree:          104116 kB
MemAvailable:    1384616 kB
Buffers:          102460 kB
Cached:          1196172 kB
MemTotal:        1844596 kB
MemFree:          104244 kB
MemAvailable:    1384744 kB
Buffers:          102460 kB
Cached:          1196172 kB
MemTotal:        1844596 kB
MemFree:          102872 kB
MemAvailable:    1383372 kB
Buffers:          102460 kB
Cached:          1196172 kB
MemTotal:        1844596 kB
MemFree:          103980 kB
MemAvailable:    1384480 kB
Buffers:          102460 kB
Cached:          1196172 kB
MemTotal:        1844596 kB
MemFree:          104236 kB
MemAvailable:    1384736 kB
Buffers:          102460 kB
Cached:          1196172 kB
MemTotal:        1844596 kB
MemFree:          104412 kB
MemAvailable:    1384912 kB
Buffers:          102460 kB
Cached:          1196172 kB
MemTotal:        1844596 kB
MemFree:          104096 kB
MemAvailable:    1384596 kB
Buffers:          102460 kB
Cached:          1196172 kB
MemTotal:        1844596 kB
MemFree:          104264 kB
MemAvailable:    1384764 kB
Buffers:          102460 kB
Cached:          1196172 kB
MemTotal:        1844596 kB
MemFree:          102760 kB
MemAvailable:    1383260 kB
Buffers:          102460 kB
Cached:          1196172 kB
MemTotal:        1844596 kB
MemFree:          104396 kB
MemAvailable:    1384896 kB
Buffers:          102460 kB
Cached:          1196172 kB
MemTotal:        1844596 kB
MemFree:          102880 kB
MemAvailable:    1383380 kB
Buffers:          102460 kB
Cached:          1196172 kB
MemTotal:        1844596 kB
MemFree:          104064 kB
MemAvailable:    1384564 kB
Buffers:          102460 kB
Cached:          1196172 kB
MemTotal:        1844596 kB
MemFree:          104064 kB
MemAvailable:    1384564 kB
Buffers:          102460 kB
Cached:          1196172 kB
MemTotal:        1844596 kB
MemFree:          104180 kB
MemAvailable:    1384680 kB
Buffers:          102460 kB
Cached:          1196172 kB
MemTotal:        1844596 kB
MemFree:          103272 kB
MemAvailable:    1383772 kB
Buffers:          102460 kB
Cached:          1196172 kB
MemTotal:        1844596 kB
MemFree:          103992 kB
MemAvailable:    1384492 kB
Buffers:          102460 kB
Cached:          1196172 kB
MemTotal:        1844596 kB
MemFree:          104244 kB
MemAvailable:    1384744 kB
Buffers:          102460 kB
Cached:          1196172 kB
MemTotal:        1844596 kB
MemFree:          104036 kB
MemAvailable:    1384536 kB
Buffers:          102460 kB
Cached:          1196172 kB
MemTotal:        1844596 kB
MemFree:          103512 kB
MemAvailable:    1384012 kB
Buffers:          102460 kB
Cached:          1196172 kB
MemTotal:        1844596 kB
MemFree:          102880 kB
MemAvailable:    1383380 kB
Buffers:          102460 kB
Cached:          1196172 kB
MemTotal:        1844596 kB
MemFree:          104064 kB
MemAvailable:    1384564 kB
Buffers:          102460 kB
Cached:          1196172 kB
MemTotal:        1844596 kB
MemFree:          104232 kB
MemAvailable:    1384732 kB
Buffers:          102460 kB
Cached:          1196172 kB
MemTotal:        1844596 kB
MemFree:          102712 kB
MemAvailable:    1383212 kB
Buffers:          102460 kB
Cached:          1196172 kB
MemTotal:        1844596 kB
MemFree:          103936 kB
MemAvailable:    1384436 kB
Buffers:          102460 kB
Cached:          1196172 kB
MemTotal:        1844596 kB
MemFree:          104104 kB
MemAvailable:    1384604 kB
Buffers:          102460 kB
Cached:          1196172 kB
MemTotal:        1844596 kB
MemFree:          104076 kB
MemAvailable:    1384576 kB
Buffers:          102460 kB
Cached:          1196172 kB
MemTotal:        1844596 kB
MemFree:          104172 kB
MemAvailable:    1384672 kB
Buffers:          102460 kB
Cached:          1196172 kB
MemTotal:        1844596 kB
MemFree:          103264 kB
MemAvailable:    1383764 kB
Buffers:          102460 kB
Cached:          1196172 kB
MemTotal:        1844596 kB
MemFree:          103992 kB
MemAvailable:    1384492 kB
Buffers:          102460 kB
Cached:          1196172 kB
MemTotal:        1844596 kB
MemFree:          104244 kB
MemAvailable:    1384744 kB
Buffers:          102460 kB
Cached:          1196172 kB
MemTotal:        1844596 kB
MemFree:          102836 kB
MemAvailable:    1383336 kB
Buffers:          102460 kB
Cached:          1196172 kB
MemTotal:        1844596 kB
MemFree:          102836 kB
MemAvailable:    1383336 kB
Buffers:          102460 kB
Cached:          1196172 kB
MemTotal:        1844596 kB
MemFree:          104132 kB
MemAvailable:    1384632 kB
Buffers:          102460 kB
Cached:          1196172 kB
MemTotal:        1844596 kB
MemFree:          104060 kB
MemAvailable:    1384560 kB
Buffers:          102460 kB
Cached:          1196172 kB
MemTotal:        1844596 kB
MemFree:          104228 kB
MemAvailable:    1384728 kB
Buffers:          102460 kB
Cached:          1196172 kB
MemTotal:        1844596 kB
MemFree:          102844 kB
MemAvailable:    1383344 kB
Buffers:          102460 kB
Cached:          1196172 kB
MemTotal:        1844596 kB
MemFree:          104084 kB
MemAvailable:    1384584 kB
Buffers:          102460 kB
Cached:          1196172 kB
MemTotal:        1844596 kB
MemFree:          103388 kB
MemAvailable:    1383888 kB
Buffers:          102460 kB
Cached:          1196172 kB
MemTotal:        1844596 kB
MemFree:          104248 kB
MemAvailable:    1384752 kB
Buffers:          102460 kB
Cached:          1196176 kB
MemTotal:        1844596 kB
MemFree:          104140 kB
MemAvailable:    1384644 kB
Buffers:          102460 kB
Cached:          1196176 kB
MemTotal:        1844596 kB
MemFree:          101652 kB
MemAvailable:    1382156 kB
Buffers:          102460 kB
Cached:          1196176 kB
MemTotal:        1844596 kB
MemFree:           99960 kB
MemAvailable:    1380464 kB
Buffers:          102460 kB
Cached:          1196176 kB
MemTotal:        1844596 kB
MemFree:           98180 kB
MemAvailable:    1378684 kB
Buffers:          102460 kB
Cached:          1196176 kB
MemTotal:        1844596 kB
MemFree:           94020 kB
MemAvailable:    1374524 kB
Buffers:          102460 kB
Cached:          1196176 kB
MemTotal:        1844596 kB
MemFree:           91244 kB
MemAvailable:    1371748 kB
Buffers:          102460 kB
Cached:          1196176 kB
MemTotal:        1844596 kB
MemFree:           88196 kB
MemAvailable:    1368700 kB
Buffers:          102460 kB
Cached:          1196176 kB
MemTotal:        1844596 kB
MemFree:           84772 kB
MemAvailable:    1365284 kB
Buffers:          102460 kB
Cached:          1196184 kB
MemTotal:        1844596 kB
MemFree:           84664 kB
MemAvailable:    1365176 kB
Buffers:          102460 kB
Cached:          1196184 kB
MemTotal:        1844596 kB
MemFree:           84524 kB
MemAvailable:    1365036 kB
Buffers:          102460 kB
Cached:          1196184 kB
MemTotal:        1844596 kB
MemFree:           84468 kB
MemAvailable:    1364980 kB
Buffers:          102460 kB
Cached:          1196184 kB
MemTotal:        1844596 kB
MemFree:           84112 kB
MemAvailable:    1364624 kB
Buffers:          102460 kB
Cached:          1196184 kB
MemTotal:        1844596 kB
MemFree:           83236 kB
MemAvailable:    1363748 kB
Buffers:          102460 kB
Cached:          1196184 kB
MemTotal:        1844596 kB
MemFree:           83528 kB
MemAvailable:    1364040 kB
Buffers:          102460 kB
Cached:          1196184 kB
MemTotal:        1844596 kB
MemFree:           83356 kB
MemAvailable:    1363868 kB
Buffers:          102460 kB
Cached:          1196184 kB
MemTotal:        1844596 kB
MemFree:           84624 kB
MemAvailable:    1365136 kB
Buffers:          102460 kB
Cached:          1196184 kB
MemTotal:        1844596 kB
MemFree:           84624 kB
MemAvailable:    1365136 kB
Buffers:          102460 kB
Cached:          1196184 kB
MemTotal:        1844596 kB
MemFree:           84728 kB
MemAvailable:    1365240 kB
Buffers:          102460 kB
Cached:          1196184 kB
MemTotal:        1844596 kB
MemFree:           84672 kB
MemAvailable:    1365184 kB
Buffers:          102460 kB
Cached:          1196184 kB
MemTotal:        1844596 kB
MemFree:           84656 kB
MemAvailable:    1365168 kB
Buffers:          102460 kB
Cached:          1196184 kB
MemTotal:        1844596 kB
MemFree:           84672 kB
MemAvailable:    1365184 kB
Buffers:          102460 kB
Cached:          1196184 kB
MemTotal:        1844596 kB
MemFree:           84484 kB
MemAvailable:    1364996 kB
Buffers:          102460 kB
Cached:          1196184 kB
MemTotal:        1844596 kB
MemFree:           84300 kB
MemAvailable:    1364812 kB
Buffers:          102460 kB
Cached:          1196184 kB
MemTotal:        1844596 kB
MemFree:           83044 kB
MemAvailable:    1363556 kB
Buffers:          102460 kB
Cached:          1196184 kB
MemTotal:        1844596 kB
MemFree:           84360 kB
MemAvailable:    1364872 kB
Buffers:          102460 kB
Cached:          1196184 kB
MemTotal:        1844596 kB
MemFree:           84528 kB
MemAvailable:    1365040 kB
Buffers:          102460 kB
Cached:          1196184 kB
MemTotal:        1844596 kB
MemFree:           84296 kB
MemAvailable:    1364808 kB
Buffers:          102460 kB
Cached:          1196184 kB
MemTotal:        1844596 kB
MemFree:           84488 kB
MemAvailable:    1365000 kB
Buffers:          102460 kB
Cached:          1196184 kB
MemTotal:        1844596 kB
MemFree:           83672 kB
MemAvailable:    1364184 kB
Buffers:          102460 kB
Cached:          1196184 kB
MemTotal:        1844596 kB
MemFree:           84348 kB
MemAvailable:    1364860 kB
Buffers:          102460 kB
Cached:          1196184 kB
MemTotal:        1844596 kB
MemFree:           84416 kB
MemAvailable:    1364928 kB
Buffers:          102460 kB
Cached:          1196184 kB
MemTotal:        1844596 kB
MemFree:           84096 kB
MemAvailable:    1364608 kB
Buffers:          102460 kB
Cached:          1196184 kB
MemTotal:        1844596 kB
MemFree:           84044 kB
MemAvailable:    1364556 kB
Buffers:          102460 kB
Cached:          1196184 kB
MemTotal:        1844596 kB
MemFree:           83972 kB
MemAvailable:    1364484 kB
Buffers:          102460 kB
Cached:          1196184 kB
MemTotal:        1844596 kB
MemFree:           82880 kB
MemAvailable:    1363392 kB
Buffers:          102460 kB
Cached:          1196184 kB
MemTotal:        1844596 kB
MemFree:           81300 kB
MemAvailable:    1361812 kB
Buffers:          102460 kB
Cached:          1196184 kB
MemTotal:        1844596 kB
MemFree:           80768 kB
MemAvailable:    1361280 kB
Buffers:          102460 kB
Cached:          1196184 kB
MemTotal:        1844596 kB
MemFree:           75224 kB
MemAvailable:    1355736 kB
Buffers:          102460 kB
Cached:          1196184 kB
MemTotal:        1844596 kB
MemFree:           73372 kB
MemAvailable:    1353884 kB
Buffers:          102460 kB
Cached:          1196184 kB
MemTotal:        1844596 kB
MemFree:           73240 kB
MemAvailable:    1353752 kB
Buffers:          102460 kB
Cached:          1196184 kB
MemTotal:        1844596 kB
MemFree:           73124 kB
MemAvailable:    1353636 kB
Buffers:          102460 kB
Cached:          1196184 kB
MemTotal:        1844596 kB
MemFree:           73016 kB
MemAvailable:    1353528 kB
Buffers:          102460 kB
Cached:          1196184 kB
MemTotal:        1844596 kB
MemFree:           72636 kB
MemAvailable:    1353148 kB
Buffers:          102460 kB
Cached:          1196184 kB
MemTotal:        1844596 kB
MemFree:           71512 kB
MemAvailable:    1352024 kB
Buffers:          102460 kB
Cached:          1196184 kB
MemTotal:        1844596 kB
MemFree:           71148 kB
MemAvailable:    1351660 kB
Buffers:          102460 kB
Cached:          1196184 kB
MemTotal:        1844596 kB
MemFree:           71644 kB
MemAvailable:    1352156 kB
Buffers:          102460 kB
Cached:          1196184 kB
MemTotal:        1844596 kB
MemFree:           70536 kB
MemAvailable:    1351048 kB
Buffers:          102460 kB
Cached:          1196184 kB
MemTotal:        1844596 kB
MemFree:           71340 kB
MemAvailable:    1351852 kB
Buffers:          102460 kB
Cached:          1196184 kB
MemTotal:        1844596 kB
MemFree:           71592 kB
MemAvailable:    1352104 kB
Buffers:          102460 kB
Cached:          1196184 kB
MemTotal:        1844596 kB
MemFree:           71264 kB
MemAvailable:    1351860 kB
Buffers:          102460 kB
Cached:          1196308 kB
MemTotal:        1844596 kB
MemFree:           70016 kB
MemAvailable:    1350612 kB
Buffers:          102460 kB
Cached:          1196432 kB
MemTotal:        1844596 kB
MemFree:           71192 kB
MemAvailable:    1352040 kB
Buffers:          102460 kB
Cached:          1196556 kB
MemTotal:        1844596 kB
MemFree:           69884 kB
MemAvailable:    1350732 kB
Buffers:          102460 kB
Cached:          1196556 kB
MemTotal:        1844596 kB
MemFree:           71024 kB
MemAvailable:    1352124 kB
Buffers:          102460 kB
Cached:          1196804 kB
MemTotal:        1844596 kB
MemFree:           70720 kB
MemAvailable:    1351820 kB
Buffers:          102460 kB
Cached:          1196804 kB
MemTotal:        1844596 kB
MemFree:           70972 kB
MemAvailable:    1352072 kB
Buffers:          102460 kB
Cached:          1196804 kB
MemTotal:        1844596 kB
MemFree:           69480 kB
MemAvailable:    1350664 kB
Buffers:          102460 kB
Cached:          1196928 kB
MemTotal:        1844596 kB
MemFree:           69400 kB
MemAvailable:    1350584 kB
Buffers:          102460 kB
Cached:          1196928 kB
MemTotal:        1844596 kB
MemFree:           70032 kB
MemAvailable:    1351216 kB
Buffers:          102460 kB
Cached:          1196928 kB
MemTotal:        1844596 kB
MemFree:           70556 kB
MemAvailable:    1351744 kB
Buffers:          102460 kB
Cached:          1196900 kB
MemTotal:        1844596 kB
MemFree:           70556 kB
MemAvailable:    1351744 kB
Buffers:          102460 kB
Cached:          1196900 kB
MemTotal:        1844596 kB
MemFree:           70624 kB
MemAvailable:    1351812 kB
Buffers:          102460 kB
Cached:          1196900 kB
MemTotal:        1844596 kB
MemFree:           70960 kB
MemAvailable:    1352148 kB
Buffers:          102460 kB
Cached:          1196900 kB
MemTotal:        1844596 kB
MemFree:           70688 kB
MemAvailable:    1351288 kB
Buffers:          102460 kB
Cached:          1196268 kB
MemTotal:        1844596 kB
MemFree:           70636 kB
MemAvailable:    1351236 kB
Buffers:          102460 kB
Cached:          1196268 kB
MemTotal:        1844596 kB
MemFree:          221120 kB
MemAvailable:    1501804 kB
Buffers:          102460 kB
Cached:          1196268 kB
MemTotal:        1844596 kB
MemFree:          148852 kB
MemAvailable:    1429452 kB
Buffers:          102460 kB
Cached:          1196268 kB
MemTotal:        1844596 kB
MemFree:          265596 kB
MemAvailable:    1546200 kB
Buffers:          102460 kB
Cached:          1196272 kB
