MemTotal:        1844596 kB
MemFree:          264396 kB
MemAvailable:    1545736 kB
Buffers:           99108 kB
Cached:          1203704 kB
MemTotal:        1844596 kB
MemFree:          237224 kB
MemAvailable:    1518572 kB
Buffers:           99108 kB
Cached:          1203708 kB
MemTotal:        1844596 kB
MemFree:          236184 kB
MemAvailable:    1517532 kB
Buffers:           99108 kB
Cached:          1203708 kB
MemTotal:        1844596 kB
MemFree:          234480 kB
MemAvailable:    1515828 kB
Buffers:           99108 kB
Cached:          1203708 kB
MemTotal:        1844596 kB
MemFree:          232016 kB
MemAvailable:    1513364 kB
Buffers:           99108 kB
Cached:          1203708 kB
MemTotal:        1844596 kB
MemFree:          231884 kB
MemAvailable:    1513232 kB
Buffers:           99108 kB
Cached:          1203708 kB
MemTotal:        1844596 kB
MemFree:          230148 kB
MemAvailable:    1511496 kB
Buffers:           99108 kB
Cached:          1203708 kB
MemTotal:        1844596 kB
MemFree:          229544 kB
MemAvailable:    1510892 kB
Buffers:           99108 kB
Cached:          1203708 kB
MemTotal:        1844596 kB
MemFree:          226544 kB
MemAvailable:    1507892 kB
Buffers:           99108 kB
Cached:          1203708 kB
MemTotal:        1844596 kB
MemFree:          225520 kB
MemAvailable:    1506868 kB
Buffers:           99108 kB
Cached:          1203708 kB
MemTotal:        1844596 kB
MemFree:          221228 kB
MemAvailable:    1502576 kB
Buffers:           99108 kB
Cached:          1203708 kB
MemTotal:        1844596 kB
MemFree:          224636 kB
MemAvailable:    1505984 kB
Buffers:           99108 kB
Cached:          1203708 kB
MemTotal:        1844596 kB
MemFree:          224588 kB
MemAvailable:    1505936 kB
Buffers:           99108 kB
Cached:          1203708 kB
MemTotal:        1844596 kB
MemFree:          224560 kB
MemAvailable:    1505908 kB
Buffers:           99108 kB
Cached:          1203708 kB
MemTotal:        1844596 kB
MemFree:          224644 kB
MemAvailable:    1505992 kB
Buffers:           99108 kB
Cached:          1203708 kB
MemTotal:        1844596 kB
MemFree:          224244 kB
MemAvailable:    1505592 kB
Buffers:           99108 kB
Cached:          1203708 kB
MemTotal:        1844596 kB
MemFree:          224580 kB
MemAvailable:    1505928 kB
Buffers:           99108 kB
Cached:          1203708 kB
MemTotal:        1844596 kB
MemFree:          223012 kB
MemAvailable:    1504360 kB
Buffers:           99108 kB
Cached:          1203708 kB
MemTotal:        1844596 kB
MemFree:          224140 kB
MemAvailable:    1505488 kB
Buffers:           99108 kB
Cached:          1203708 kB
MemTotal:        1844596 kB
MemFree:          224008 kB
MemAvailable:    1505356 kB
Buffers:           99108 kB
Cached:          1203708 kB
MemTotal:        1844596 kB
MemFree:          223888 kB
MemAvailable:    1505236 kB
Buffers:           99108 kB
Cached:          1203708 kB
MemTotal:        1844596 kB
MemFree:          223888 kB
MemAvailable:    1505236 kB
Buffers:           99108 kB
Cached:          1203708 kB
MemTotal:        1844596 kB
MemFree:          222568 kB
MemAvailable:    1503916 kB
Buffers:           99108 kB
Cached:          1203708 kB
MemTotal:        1844596 kB
MemFree:          223072 kB
MemAvailable:    1504420 kB
Buffers:           99108 kB
Cached:          1203708 kB
MemTotal:        1844596 kB
MemFree:          222840 kB
MemAvailable:    1504188 kB
Buffers:           99108 kB
Cached:          1203708 kB
MemTotal:        1844596 kB
MemFree:          223152 kB
MemAvailable:    1504500 kB
Buffers:           99108 kB
Cached:          1203708 kB
MemTotal:        1844596 kB
MemFree:          221824 kB
MemAvailable:    1503172 kB
Buffers:           99108 kB
Cached:          1203708 kB
MemTotal:        1844596 kB
MemFree:          223468 kB
MemAvailable:    1504816 kB
Buffers:           99108 kB
Cached:          1203708 kB
MemTotal:        1844596 kB
MemFree:          223460 kB
MemAvailable:    1504808 kB
Buffers:           99108 kB
Cached:          1203708 kB
MemTotal:        1844596 kB
MemFree:          223336 kB
MemAvailable:    1504684 kB
Buffers:           99108 kB
Cached:          1203708 kB
MemTotal:        1844596 kB
MemFree:          222644 kB
MemAvailable:    1503992 kB
Buffers:           99108 kB
Cached:          1203708 kB
MemTotal:        1844596 kB
MemFree:          222336 kB
MemAvailable:    1503684 kB
Buffers:           99108 kB
Cached:          1203708 kB
MemTotal:        1844596 kB
MemFree:          220856 kB
MemAvailable:    1502204 kB
Buffers:           99108 kB
Cached:          1203708 kB
MemTotal:        1844596 kB
MemFree:          221840 kB
MemAvailable:    1503188 kB
Buffers:           99108 kB
Cached:          1203708 kB
MemTotal:        1844596 kB
MemFree:          221840 kB
MemAvailable:    1503188 kB
Buffers:           99108 kB
Cached:          1203708 kB
MemTotal:        1844596 kB
MemFree:          221472 kB
MemAvailable:    1502820 kB
Buffers:           99108 kB
Cached:          1203708 kB
MemTotal:        1844596 kB
MemFree:          221600 kB
MemAvailable:    1502948 kB
Buffers:           99108 kB
Cached:          1203708 kB
MemTotal:        1844596 kB
MemFree:          220168 kB
MemAvailable:    1501516 kB
Buffers:           99108 kB
Cached:          1203708 kB
MemTotal:        1844596 kB
MemFree:          221468 kB
MemAvailable:    1502816 kB
Buffers:           99108 kB
Cached:          1203708 kB
MemTotal:        1844596 kB
MemFree:          221720 kB
MemAvailable:    1503068 kB
Buffers:           99108 kB
Cached:          1203708 kB
MemTotal:        1844596 kB
MemFree:          221160 kB
MemAvailable:    1502508 kB
Buffers:           99108 kB
Cached:          1203708 kB
MemTotal:        1844596 kB
MemFree:          219244 kB
MemAvailable:    1500592 kB
Buffers:           99108 kB
Cached:          1203708 kB
MemTotal:        1844596 kB
MemFree:          216392 kB
MemAvailable:    1497740 kB
Buffers:           99108 kB
Cached:          1203708 kB
MemTotal:        1844596 kB
MemFree:          216280 kB
MemAvailable:    1497628 kB
Buffers:           99108 kB
Cached:          1203708 kB
MemTotal:        1844596 kB
MemFree:          216208 kB
MemAvailable:    1497556 kB
Buffers:           99108 kB
Cached:          1203708 kB
MemTotal:        1844596 kB
MemFree:          216208 kB
MemAvailable:    1497556 kB
Buffers:           99108 kB
Cached:          1203708 kB
MemTotal:        1844596 kB
MemFree:          216072 kB
MemAvailable:    1497420 kB
Buffers:           99108 kB
Cached:          1203708 kB
MemTotal:        1844596 kB
MemFree:          215940 kB
MemAvailable:    1497288 kB
Buffers:           99108 kB
Cached:          1203708 kB
MemTotal:        1844596 kB
MemFree:          214756 kB
MemAvailable:    1496104 kB
Buffers:           99108 kB
Cached:          1203708 kB
MemTotal:        1844596 kB
MemFree:          215916 kB
MemAvailable:    1497264 kB
Buffers:           99108 kB
Cached:          1203708 kB
MemTotal:        1844596 kB
MemFree:          215532 kB
MemAvailable:    1496880 kB
Buffers:           99108 kB
Cached:          1203708 kB
MemTotal:        1844596 kB
MemFree:          215896 kB
MemAvailable:    1497248 kB
Buffers:           99108 kB
Cached:          1203712 kB
MemTotal:        1844596 kB
MemFree:          215880 kB
MemAvailable:    1497232 kB
Buffers:           99108 kB
Cached:          1203712 kB
MemTotal:        1844596 kB
MemFree:          215880 kB
MemAvailable:    1497232 kB
Buffers:           99108 kB
Cached:          1203712 kB
MemTotal:        1844596 kB
MemFree:          215744 kB
MemAvailable:    1497096 kB
Buffers:           99108 kB
Cached:          1203712 kB
MemTotal:        1844596 kB
MemFree:          215996 kB
MemAvailable:    1497348 kB
Buffers:           99108 kB
Cached:          1203712 kB
MemTotal:        1844596 kB
MemFree:          215584 kB
MemAvailable:    1496936 kB
Buffers:           99108 kB
Cached:          1203712 kB
MemTotal:        1844596 kB
MemFree:          210796 kB
MemAvailable:    1492148 kB
Buffers:           99108 kB
Cached:          1203712 kB
MemTotal:        1844596 kB
MemFree:          210316 kB
MemAvailable:    1491668 kB
Buffers:           99108 kB
Cached:          1203712 kB
MemTotal:        1844596 kB
MemFree:          210120 kB
MemAvailable:    1491472 kB
Buffers:           99108 kB
Cached:          1203712 kB
MemTotal:        1844596 kB
MemFree:          209756 kB
MemAvailable:    1491108 kB
Buffers:           99108 kB
Cached:          1203712 kB
MemTotal:        1844596 kB
MemFree:          208200 kB
MemAvailable:    1489552 kB
Buffers:           99108 kB
Cached:          1203712 kB
MemTotal:        1844596 kB
MemFree:          207968 kB
MemAvailable:    1489320 kB
Buffers:           99108 kB
Cached:          1203712 kB
MemTotal:        1844596 kB
MemFree:          207828 kB
MemAvailable:    1489180 kB
Buffers:           99108 kB
Cached:          1203712 kB
MemTotal:        1844596 kB
MemFree:          207208 kB
MemAvailable:    1488560 kB
Buffers:           99108 kB
Cached:          1203712 kB
MemTotal:        1844596 kB
MemFree:          207208 kB
MemAvailable:    1488560 kB
Buffers:           99108 kB
Cached:          1203712 kB
MemTotal:        1844596 kB
MemFree:          205928 kB
MemAvailable:    1487280 kB
Buffers:           99108 kB
Cached:          1203712 kB
MemTotal:        1844596 kB
MemFree:          207168 kB
MemAvailable:    1488520 kB
Buffers:           99108 kB
Cached:          1203712 kB
MemTotal:        1844596 kB
MemFree:          206052 kB
MemAvailable:    1487404 kB
Buffers:           99108 kB
Cached:          1203712 kB
MemTotal:        1844596 kB
MemFree:          207028 kB
MemAvailable:    1488380 kB
Buffers:           99108 kB
Cached:          1203712 kB
MemTotal:        1844596 kB
MemFree:          207364 kB
MemAvailable:    1488716 kB
Buffers:           99108 kB
Cached:          1203712 kB
MemTotal:        1844596 kB
MemFree:          206904 kB
MemAvailable:    1488256 kB
Buffers:           99108 kB
Cached:          1203712 kB
MemTotal:        1844596 kB
MemFree:          207156 kB
MemAvailable:    1488508 kB
Buffers:           99108 kB
Cached:          1203712 kB
MemTotal:        1844596 kB
MemFree:          205596 kB
MemAvailable:    1486948 kB
Buffers:           99108 kB
Cached:          1203712 kB
MemTotal:        1844596 kB
MemFree:          205588 kB
MemAvailable:    1486940 kB
Buffers:           99108 kB
Cached:          1203712 kB
MemTotal:        1844596 kB
MemFree:          206780 kB
MemAvailable:    1488132 kB
Buffers:           99108 kB
Cached:          1203712 kB
MemTotal:        1844596 kB
MemFree:          207032 kB
MemAvailable:    1488384 kB
Buffers:           99108 kB
Cached:          1203712 kB
MemTotal:        1844596 kB
MemFree:          205424 kB
MemAvailable:    1486776 kB
Buffers:           99108 kB
Cached:          1203712 kB
MemTotal:        1844596 kB
MemFree:          206892 kB
MemAvailable:    1488244 kB
Buffers:           99108 kB
Cached:          1203712 kB
MemTotal:        1844596 kB
MemFree:          206520 kB
MemAvailable:    1487872 kB
Buffers:           99108 kB
Cached:          1203712 kB
MemTotal:        1844596 kB
MemFree:          206772 kB
MemAvailable:    1488124 kB
Buffers:           99108 kB
Cached:          1203712 kB
MemTotal:        1844596 kB
MemFree:          206600 kB
MemAvailable:    1487952 kB
Buffers:           99108 kB
Cached:          1203712 kB
MemTotal:        1844596 kB
MemFree:          206636 kB
MemAvailable:    1487988 kB
Buffers:           99108 kB
Cached:          1203712 kB
MemTotal:        1844596 kB
MemFree:          204248 kB
MemAvailable:    1485600 kB
Buffers:           99108 kB
Cached:          1203712 kB
MemTotal:        1844596 kB
MemFree:          201124 kB
MemAvailable:    1482480 kB
Buffers:           99108 kB
Cached:          1203716 kB
MemTotal:        1844596 kB
MemFree:          200644 kB
MemAvailable:    1482000 kB
Buffers:           99108 kB
Cached:          1203716 kB
MemTotal:        1844596 kB
MemFree:          197544 kB
MemAvailable:    1478900 kB
Buffers:           99108 kB
Cached:          1203716 kB
MemTotal:        1844596 kB
MemFree:          197420 kB
MemAvailable:    1478776 kB
Buffers:           99108 kB
Cached:          1203716 kB
MemTotal:        1844596 kB
MemFree:          197288 kB
MemAvailable:    1478644 kB
Buffers:           99108 kB
Cached:          1203716 kB
MemTotal:        1844596 kB
MemFree:          198396 kB
MemAvailable:    1479752 kB
Buffers:           99108 kB
Cached:          1203716 kB
MemTotal:        1844596 kB
MemFree:          198296 kB
MemAvailable:    1479652 kB
Buffers:           99108 kB
Cached:          1203716 kB
MemTotal:        1844596 kB
MemFree:          198156 kB
MemAvailable:    1479512 kB
Buffers:           99108 kB
Cached:          1203716 kB
MemTotal:        1844596 kB
MemFree:          197844 kB
MemAvailable:    1479200 kB
Buffers:           99108 kB
Cached:          1203716 kB
MemTotal:        1844596 kB
MemFree:          197844 kB
MemAvailable:    1479200 kB
Buffers:           99108 kB
Cached:          1203716 kB
MemTotal:        1844596 kB
MemFree:          198028 kB
MemAvailable:    1479384 kB
Buffers:           99108 kB
Cached:          1203716 kB
MemTotal:        1844596 kB
MemFree:          196772 kB
MemAvailable:    1478128 kB
Buffers:           99108 kB
Cached:          1203716 kB
MemTotal:        1844596 kB
MemFree:          198040 kB
MemAvailable:    1479396 kB
Buffers:           99108 kB
Cached:          1203716 kB
MemTotal:        1844596 kB
MemFree:          197968 kB
MemAvailable:    1479324 kB
Buffers:           99108 kB
Cached:          1203716 kB
MemTotal:        1844596 kB
MemFree:          198048 kB
MemAvailable:    1479404 kB
Buffers:           99108 kB
Cached:          1203716 kB
MemTotal:        1844596 kB
MemFree:          198092 kB
MemAvailable:    1479448 kB
Buffers:           99108 kB
Cached:          1203716 kB
MemTotal:        1844596 kB
MemFree:          198052 kB
MemAvailable:    1479408 kB
Buffers:           99108 kB
Cached:          1203716 kB
MemTotal:        1844596 kB
MemFree:          197944 kB
MemAvailable:    1479300 kB
Buffers:           99108 kB
Cached:          1203716 kB
MemTotal:        1844596 kB
MemFree:          197944 kB
MemAvailable:    1479300 kB
Buffers:           99108 kB
Cached:          1203716 kB
MemTotal:        1844596 kB
MemFree:          197888 kB
MemAvailable:    1479244 kB
Buffers:           99108 kB
Cached:          1203716 kB
MemTotal:        1844596 kB
MemFree:          198140 kB
MemAvailable:    1479496 kB
Buffers:           99108 kB
Cached:          1203716 kB
MemTotal:        1844596 kB
MemFree:          196620 kB
MemAvailable:    1477976 kB
Buffers:           99108 kB
Cached:          1203716 kB
MemTotal:        1844596 kB
MemFree:          197720 kB
MemAvailable:    1479076 kB
Buffers:           99108 kB
Cached:          1203716 kB
MemTotal:        1844596 kB
MemFree:          198056 kB
MemAvailable:    1479412 kB
Buffers:           99108 kB
Cached:          1203716 kB
MemTotal:        1844596 kB
MemFree:          196596 kB
MemAvailable:    1477952 kB
Buffers:           99108 kB
Cached:          1203716 kB
MemTotal:        1844596 kB
MemFree:          197420 kB
MemAvailable:    1478776 kB
Buffers:           99108 kB
Cached:          1203716 kB
MemTotal:        1844596 kB
MemFree:          197848 kB
MemAvailable:    1479204 kB
Buffers:           99108 kB
Cached:          1203716 kB
MemTotal:        1844596 kB
MemFree:          198100 kB
MemAvailable:    1479456 kB
Buffers:           99108 kB
Cached:          1203716 kB
MemTotal:        1844596 kB
MemFree:          197852 kB
MemAvailable:    1479208 kB
Buffers:           99108 kB
Cached:          1203716 kB
MemTotal:        1844596 kB
MemFree:          197912 kB
MemAvailable:    1479268 kB
Buffers:           99108 kB
Cached:          1203716 kB
MemTotal:        1844596 kB
MemFree:          196772 kB
MemAvailable:    1478128 kB
Buffers:           99108 kB
Cached:          1203716 kB
MemTotal:        1844596 kB
MemFree:          196772 kB
MemAvailable:    1478128 kB
Buffers:           99108 kB
Cached:          1203716 kB
MemTotal:        1844596 kB
MemFree:          197900 kB
MemAvailable:    1479256 kB
Buffers:           99108 kB
Cached:          1203716 kB
MemTotal:        1844596 kB
MemFree:          198020 kB
MemAvailable:    1479376 kB
Buffers:           99108 kB
Cached:          1203716 kB
MemTotal:        1844596 kB
MemFree:          196676 kB
MemAvailable:    1478032 kB
Buffers:           99108 kB
Cached:          1203716 kB
MemTotal:        1844596 kB
MemFree:          196884 kB
MemAvailable:    1478240 kB
Buffers:           99108 kB
Cached:          1203716 kB
MemTotal:        1844596 kB
MemFree:          198208 kB
MemAvailable:    1479564 kB
Buffers:           99108 kB
Cached:          1203716 kB
MemTotal:        1844596 kB
MemFree:          198164 kB
MemAvailable:    1479520 kB
Buffers:           99108 kB
Cached:          1203716 kB
MemTotal:        1844596 kB
MemFree:          195120 kB
MemAvailable:    1476476 kB
Buffers:           99108 kB
Cached:          1203716 kB
MemTotal:        1844596 kB
MemFree:          191156 kB
MemAvailable:    1472512 kB
Buffers:           99108 kB
Cached:          1203716 kB
MemTotal:        1844596 kB
MemFree:          187376 kB
MemAvailable:    1468732 kB
Buffers:           99108 kB
Cached:          1203716 kB
MemTotal:        1844596 kB
MemFree:          186260 kB
MemAvailable:    1467616 kB
Buffers:           99108 kB
Cached:          1203716 kB
MemTotal:        1844596 kB
MemFree:          187104 kB
MemAvailable:    1468460 kB
Buffers:           99108 kB
Cached:          1203716 kB
MemTotal:        1844596 kB
MemFree:          187104 kB
MemAvailable:    1468460 kB
Buffers:           99108 kB
Cached:          1203716 kB
MemTotal:        1844596 kB
MemFree:          187100 kB
MemAvailable:    1468456 kB
Buffers:           99108 kB
Cached:          1203716 kB
MemTotal:        1844596 kB
MemFree:          186756 kB
MemAvailable:    1468112 kB
Buffers:           99108 kB
Cached:          1203716 kB
MemTotal:        1844596 kB
MemFree:          187240 kB
MemAvailable:    1468596 kB
Buffers:           99108 kB
Cached:          1203716 kB
MemTotal:        1844596 kB
MemFree:          187112 kB
MemAvailable:    1468476 kB
Buffers:           99108 kB
Cached:          1203724 kB
MemTotal:        1844596 kB
MemFree:          187448 kB
MemAvailable:    1468812 kB
Buffers:           99108 kB
Cached:          1203724 kB
MemTotal:        1844596 kB
MemFree:          185996 kB
MemAvailable:    1467360 kB
Buffers:           99108 kB
Cached:          1203724 kB
MemTotal:        1844596 kB
MemFree:          185864 kB
MemAvailable:    1467228 kB
Buffers:           99108 kB
Cached:          1203724 kB
MemTotal:        1844596 kB
MemFree:          187232 kB
MemAvailable:    1468596 kB
Buffers:           99108 kB
Cached:          1203724 kB
MemTotal:        1844596 kB
MemFree:          186260 kB
MemAvailable:    1467624 kB
Buffers:           99108 kB
Cached:          1203724 kB
MemTotal:        1844596 kB
MemFree:          186956 kB
MemAvailable:    1468320 kB
Buffers:           99108 kB
Cached:          1203724 kB
MemTotal:        1844596 kB
MemFree:          187292 kB
MemAvailable:    1468656 kB
Buffers:           99108 kB
Cached:          1203724 kB
MemTotal:        1844596 kB
MemFree:          187124 kB
MemAvailable:    1468488 kB
Buffers:           99108 kB
Cached:          1203724 kB
MemTotal:        1844596 kB
MemFree:          186988 kB
MemAvailable:    1468352 kB
Buffers:           99108 kB
Cached:          1203724 kB
MemTotal:        1844596 kB
MemFree:          186880 kB
MemAvailable:    1468244 kB
Buffers:           99108 kB
Cached:          1203724 kB
MemTotal:        1844596 kB
MemFree:          185876 kB
MemAvailable:    1467240 kB
Buffers:           99108 kB
Cached:          1203724 kB
MemTotal:        1844596 kB
MemFree:          186000 kB
MemAvailable:    1467364 kB
Buffers:           99108 kB
Cached:          1203724 kB
MemTotal:        1844596 kB
MemFree:          187108 kB
MemAvailable:    1468472 kB
Buffers:           99108 kB
Cached:          1203724 kB
MemTotal:        1844596 kB
MemFree:          187360 kB
MemAvailable:    1468724 kB
Buffers:           99108 kB
Cached:          1203724 kB
MemTotal:        1844596 kB
MemFree:          186996 kB
MemAvailable:    1468360 kB
Buffers:           99108 kB
Cached:          1203724 kB
MemTotal:        1844596 kB
MemFree:          185964 kB
MemAvailable:    1467328 kB
Buffers:           99108 kB
Cached:          1203724 kB
MemTotal:        1844596 kB
MemFree:          185832 kB
MemAvailable:    1467196 kB
Buffers:           99108 kB
Cached:          1203724 kB
MemTotal:        1844596 kB
MemFree:          185832 kB
MemAvailable:    1467196 kB
Buffers:           99108 kB
Cached:          1203724 kB
MemTotal:        1844596 kB
MemFree:          187344 kB
MemAvailable:    1468708 kB
Buffers:           99108 kB
Cached:          1203724 kB
MemTotal:        1844596 kB
MemFree:          187232 kB
MemAvailable:    1468596 kB
Buffers:           99108 kB
Cached:          1203724 kB
MemTotal:        1844596 kB
MemFree:          185744 kB
MemAvailable:    1467108 kB
Buffers:           99108 kB
Cached:          1203724 kB
MemTotal:        1844596 kB
MemFree:          187168 kB
MemAvailable:    1468532 kB
Buffers:           99108 kB
Cached:          1203724 kB
MemTotal:        1844596 kB
MemFree:          185868 kB
MemAvailable:    1467232 kB
Buffers:           99108 kB
Cached:          1203724 kB
MemTotal:        1844596 kB
MemFree:          185868 kB
MemAvailable:    1467232 kB
Buffers:           99108 kB
Cached:          1203724 kB
MemTotal:        1844596 kB
MemFree:          185820 kB
MemAvailable:    1467184 kB
Buffers:           99108 kB
Cached:          1203724 kB
MemTotal:        1844596 kB
MemFree:          187048 kB
MemAvailable:    1468412 kB
Buffers:           99108 kB
Cached:          1203724 kB
MemTotal:        1844596 kB
MemFree:          187216 kB
MemAvailable:    1468580 kB
Buffers:           99108 kB
Cached:          1203724 kB
MemTotal:        1844596 kB
MemFree:          185876 kB
MemAvailable:    1467240 kB
Buffers:           99108 kB
Cached:          1203724 kB
MemTotal:        1844596 kB
MemFree:          187284 kB
MemAvailable:    1468648 kB
Buffers:           99108 kB
Cached:          1203724 kB
MemTotal:        1844596 kB
MemFree:          187232 kB
MemAvailable:    1468596 kB
Buffers:           99108 kB
Cached:          1203724 kB
MemTotal:        1844596 kB
MemFree:          187068 kB
MemAvailable:    1468432 kB
Buffers:           99108 kB
Cached:          1203724 kB
MemTotal:        1844596 kB
MemFree:          185864 kB
MemAvailable:    1467228 kB
Buffers:           99108 kB
Cached:          1203724 kB
MemTotal:        1844596 kB
MemFree:          187164 kB
MemAvailable:    1468528 kB
Buffers:           99108 kB
Cached:          1203724 kB
MemTotal:        1844596 kB
MemFree:          186960 kB
MemAvailable:    1468324 kB
Buffers:           99108 kB
Cached:          1203724 kB
MemTotal:        1844596 kB
MemFree:          187212 kB
MemAvailable:    1468576 kB
Buffers:           99108 kB
Cached:          1203724 kB
MemTotal:        1844596 kB
MemFree:          185876 kB
MemAvailable:    1467240 kB
Buffers:           99108 kB
Cached:          1203724 kB
MemTotal:        1844596 kB
MemFree:          187068 kB
MemAvailable:    1468432 kB
Buffers:           99108 kB
Cached:          1203724 kB
MemTotal:        1844596 kB
MemFree:          187068 kB
MemAvailable:    1468432 kB
Buffers:           99108 kB
Cached:          1203724 kB
MemTotal:        1844596 kB
MemFree:          186864 kB
MemAvailable:    1468228 kB
Buffers:           99108 kB
Cached:          1203724 kB
MemTotal:        1844596 kB
MemFree:          187120 kB
MemAvailable:    1468484 kB
Buffers:           99108 kB
Cached:          1203724 kB
MemTotal:        1844596 kB
MemFree:          185144 kB
MemAvailable:    1466508 kB
Buffers:           99108 kB
Cached:          1203724 kB
MemTotal:        1844596 kB
MemFree:          185144 kB
MemAvailable:    1466508 kB
Buffers:           99108 kB
Cached:          1203724 kB
MemTotal:        1844596 kB
MemFree:          185860 kB
MemAvailable:    1467224 kB
Buffers:           99108 kB
Cached:          1203724 kB
MemTotal:        1844596 kB
MemFree:          186196 kB
MemAvailable:    1467560 kB
Buffers:           99108 kB
Cached:          1203724 kB
MemTotal:        1844596 kB
MemFree:          185812 kB
MemAvailable:    1467176 kB
Buffers:           99108 kB
Cached:          1203724 kB
MemTotal:        1844596 kB
MemFree:          185980 kB
MemAvailable:    1467344 kB
Buffers:           99108 kB
Cached:          1203724 kB
MemTotal:        1844596 kB
MemFree:          185928 kB
MemAvailable:    1467292 kB
Buffers:           99108 kB
Cached:          1203724 kB
MemTotal:        1844596 kB
MemFree:          185888 kB
MemAvailable:    1467252 kB
Buffers:           99108 kB
Cached:          1203724 kB
MemTotal:        1844596 kB
MemFree:          186052 kB
MemAvailable:    1467416 kB
Buffers:           99108 kB
Cached:          1203724 kB
MemTotal:        1844596 kB
MemFree:          186136 kB
MemAvailable:    1467500 kB
Buffers:           99108 kB
Cached:          1203724 kB
MemTotal:        1844596 kB
MemFree:          184444 kB
MemAvailable:    1465808 kB
Buffers:           99108 kB
Cached:          1203724 kB
MemTotal:        1844596 kB
MemFree:          184364 kB
MemAvailable:    1465728 kB
Buffers:           99108 kB
Cached:          1203724 kB
MemTotal:        1844596 kB
MemFree:          184488 kB
MemAvailable:    1465852 kB
Buffers:           99108 kB
Cached:          1203724 kB
MemTotal:        1844596 kB
MemFree:          185532 kB
MemAvailable:    1466896 kB
Buffers:           99108 kB
Cached:          1203724 kB
MemTotal:        1844596 kB
MemFree:          185004 kB
MemAvailable:    1466368 kB
Buffers:           99108 kB
Cached:          1203724 kB
MemTotal:        1844596 kB
MemFree:          184388 kB
MemAvailable:    1465752 kB
Buffers:           99108 kB
Cached:          1203724 kB
MemTotal:        1844596 kB
MemFree:          185252 kB
MemAvailable:    1466616 kB
Buffers:           99108 kB
Cached:          1203724 kB
MemTotal:        1844596 kB
MemFree:          184692 kB
MemAvailable:    1466056 kB
Buffers:           99108 kB
Cached:          1203724 kB
MemTotal:        1844596 kB
MemFree:          185444 kB
MemAvailable:    1466808 kB
Buffers:           99108 kB
Cached:          1203724 kB
MemTotal:        1844596 kB
MemFree:          185660 kB
MemAvailable:    1467024 kB
Buffers:           99108 kB
Cached:          1203724 kB
MemTotal:        1844596 kB
MemFree:          185724 kB
MemAvailable:    1467088 kB
Buffers:           99108 kB
Cached:          1203724 kB
MemTotal:        1844596 kB
MemFree:          184144 kB
MemAvailable:    1465508 kB
Buffers:           99108 kB
Cached:          1203724 kB
MemTotal:        1844596 kB
MemFree:          184144 kB
MemAvailable:    1465508 kB
Buffers:           99108 kB
Cached:          1203724 kB
MemTotal:        1844596 kB
MemFree:          185136 kB
MemAvailable:    1466500 kB
Buffers:           99108 kB
Cached:          1203724 kB
MemTotal:        1844596 kB
MemFree:          185396 kB
MemAvailable:    1466760 kB
Buffers:           99108 kB
Cached:          1203724 kB
MemTotal:        1844596 kB
MemFree:          184532 kB
MemAvailable:    1465896 kB
Buffers:           99108 kB
Cached:          1203724 kB
MemTotal:        1844596 kB
MemFree:          178928 kB
MemAvailable:    1460292 kB
Buffers:           99108 kB
Cached:          1203724 kB
MemTotal:        1844596 kB
MemFree:          179016 kB
MemAvailable:    1460380 kB
Buffers:           99108 kB
Cached:          1203724 kB
MemTotal:        1844596 kB
MemFree:          174728 kB
MemAvailable:    1456092 kB
Buffers:           99108 kB
Cached:          1203724 kB
MemTotal:        1844596 kB
MemFree:          173612 kB
MemAvailable:    1454976 kB
Buffers:           99108 kB
Cached:          1203724 kB
MemTotal:        1844596 kB
MemFree:          174348 kB
MemAvailable:    1455716 kB
Buffers:           99108 kB
Cached:          1203728 kB
MemTotal:        1844596 kB
MemFree:          174604 kB
MemAvailable:    1455972 kB
Buffers:           99108 kB
Cached:          1203728 kB
MemTotal:        1844596 kB
MemFree:          173844 kB
MemAvailable:    1455216 kB
Buffers:           99108 kB
Cached:          1203732 kB
MemTotal:        1844596 kB
MemFree:          173488 kB
MemAvailable:    1454860 kB
Buffers:           99108 kB
Cached:          1203732 kB
MemTotal:        1844596 kB
MemFree:          173484 kB
MemAvailable:    1454856 kB
Buffers:           99108 kB
Cached:          1203732 kB
MemTotal:        1844596 kB
MemFree:          172184 kB
MemAvailable:    1453556 kB
Buffers:           99108 kB
Cached:          1203732 kB
MemTotal:        1844596 kB
MemFree:          172248 kB
MemAvailable:    1453620 kB
Buffers:           99108 kB
Cached:          1203732 kB
MemTotal:        1844596 kB
MemFree:          172000 kB
MemAvailable:    1453372 kB
Buffers:           99108 kB
Cached:          1203732 kB
MemTotal:        1844596 kB
MemFree:          170224 kB
MemAvailable:    1451596 kB
Buffers:           99108 kB
Cached:          1203732 kB
MemTotal:        1844596 kB
MemFree:          170324 kB
MemAvailable:    1451696 kB
Buffers:           99108 kB
Cached:          1203732 kB
MemTotal:        1844596 kB
MemFree:          170404 kB
MemAvailable:    1451776 kB
Buffers:           99108 kB
Cached:          1203732 kB
MemTotal:        1844596 kB
MemFree:          169280 kB
MemAvailable:    1450652 kB
Buffers:           99108 kB
Cached:          1203732 kB
MemTotal:        1844596 kB
MemFree:          170348 kB
MemAvailable:    1451724 kB
Buffers:           99108 kB
Cached:          1203736 kB
MemTotal:        1844596 kB
MemFree:          170264 kB
MemAvailable:    1451640 kB
Buffers:           99108 kB
Cached:          1203736 kB
MemTotal:        1844596 kB
MemFree:          170448 kB
MemAvailable:    1451824 kB
Buffers:           99108 kB
Cached:          1203736 kB
MemTotal:        1844596 kB
MemFree:          170388 kB
MemAvailable:    1451764 kB
Buffers:           99108 kB
Cached:          1203736 kB
MemTotal:        1844596 kB
MemFree:          169644 kB
MemAvailable:    1451020 kB
Buffers:           99108 kB
Cached:          1203736 kB
MemTotal:        1844596 kB
MemFree:          170348 kB
MemAvailable:    1451724 kB
Buffers:           99108 kB
Cached:          1203736 kB
MemTotal:        1844596 kB
MemFree:          168976 kB
MemAvailable:    1450352 kB
Buffers:           99108 kB
Cached:          1203736 kB
MemTotal:        1844596 kB
MemFree:          170328 kB
MemAvailable:    1451704 kB
Buffers:           99108 kB
Cached:          1203736 kB
MemTotal:        1844596 kB
MemFree:          170248 kB
MemAvailable:    1451624 kB
Buffers:           99108 kB
Cached:          1203736 kB
MemTotal:        1844596 kB
MemFree:          170140 kB
MemAvailable:    1451516 kB
Buffers:           99108 kB
Cached:          1203736 kB
MemTotal:        1844596 kB
MemFree:          170376 kB
MemAvailable:    1451752 kB
Buffers:           99108 kB
Cached:          1203736 kB
MemTotal:        1844596 kB
MemFree:          168900 kB
MemAvailable:    1450276 kB
Buffers:           99108 kB
Cached:          1203736 kB
MemTotal:        1844596 kB
MemFree:          169704 kB
MemAvailable:    1451080 kB
Buffers:           99108 kB
Cached:          1203736 kB
MemTotal:        1844596 kB
MemFree:          168132 kB
MemAvailable:    1449508 kB
Buffers:           99108 kB
Cached:          1203736 kB
MemTotal:        1844596 kB
MemFree:          167908 kB
MemAvailable:    1449284 kB
Buffers:           99108 kB
Cached:          1203736 kB
MemTotal:        1844596 kB
MemFree:          168464 kB
MemAvailable:    1449840 kB
Buffers:           99108 kB
Cached:          1203736 kB
MemTotal:        1844596 kB
MemFree:          167156 kB
MemAvailable:    1448532 kB
Buffers:           99108 kB
Cached:          1203736 kB
MemTotal:        1844596 kB
MemFree:          167156 kB
MemAvailable:    1448532 kB
Buffers:           99108 kB
Cached:          1203736 kB
MemTotal:        1844596 kB
MemFree:          167588 kB
MemAvailable:    1448964 kB
Buffers:           99108 kB
Cached:          1203736 kB
MemTotal:        1844596 kB
MemFree:          167032 kB
MemAvailable:    1448408 kB
Buffers:           99108 kB
Cached:          1203736 kB
MemTotal:        1844596 kB
MemFree:          167164 kB
MemAvailable:    1448540 kB
Buffers:           99108 kB
Cached:          1203736 kB
MemTotal:        1844596 kB
MemFree:          167032 kB
MemAvailable:    1448408 kB
Buffers:           99108 kB
Cached:          1203736 kB
MemTotal:        1844596 kB
MemFree:          165800 kB
MemAvailable:    1447176 kB
Buffers:           99108 kB
Cached:          1203736 kB
MemTotal:        1844596 kB
MemFree:          166916 kB
MemAvailable:    1448292 kB
Buffers:           99108 kB
Cached:          1203736 kB
MemTotal:        1844596 kB
MemFree:          166356 kB
MemAvailable:    1447732 kB
Buffers:           99108 kB
Cached:          1203736 kB
MemTotal:        1844596 kB
MemFree:          165048 kB
MemAvailable:    1446424 kB
Buffers:           99108 kB
Cached:          1203736 kB
MemTotal:        1844596 kB
MemFree:          166224 kB
MemAvailable:    1447600 kB
Buffers:           99108 kB
Cached:          1203736 kB
MemTotal:        1844596 kB
MemFree:          166228 kB
MemAvailable:    1447604 kB
Buffers:           99108 kB
Cached:          1203736 kB
MemTotal:        1844596 kB
MemFree:          166480 kB
MemAvailable:    1447856 kB
Buffers:           99108 kB
Cached:          1203736 kB
MemTotal:        1844596 kB
MemFree:          166092 kB
MemAvailable:    1447468 kB
Buffers:           99108 kB
Cached:          1203736 kB
MemTotal:        1844596 kB
MemFree:          166024 kB
MemAvailable:    1447400 kB
Buffers:           99108 kB
Cached:          1203736 kB
MemTotal:        1844596 kB
MemFree:          166360 kB
MemAvailable:    1447736 kB
Buffers:           99108 kB
Cached:          1203736 kB
MemTotal:        1844596 kB
MemFree:          166228 kB
MemAvailable:    1447604 kB
Buffers:           99108 kB
Cached:          1203736 kB
MemTotal:        1844596 kB
MemFree:          164644 kB
MemAvailable:    1446020 kB
Buffers:           99108 kB
Cached:          1203736 kB
MemTotal:        1844596 kB
MemFree:          166032 kB
MemAvailable:    1447408 kB
Buffers:           99108 kB
Cached:          1203736 kB
MemTotal:        1844596 kB
MemFree:          165188 kB
MemAvailable:    1446564 kB
Buffers:           99108 kB
Cached:          1203736 kB
MemTotal:        1844596 kB
MemFree:          165784 kB
MemAvailable:    1447160 kB
Buffers:           99108 kB
Cached:          1203736 kB
MemTotal:        1844596 kB
MemFree:          166120 kB
MemAvailable:    1447496 kB
Buffers:           99108 kB
Cached:          1203736 kB
MemTotal:        1844596 kB
MemFree:          165876 kB
MemAvailable:    1447252 kB
Buffers:           99108 kB
Cached:          1203736 kB
MemTotal:        1844596 kB
MemFree:          166056 kB
MemAvailable:    1447432 kB
Buffers:           99108 kB
Cached:          1203736 kB
MemTotal:        1844596 kB
MemFree:          165908 kB
MemAvailable:    1447284 kB
Buffers:           99108 kB
Cached:          1203736 kB
MemTotal:        1844596 kB
MemFree:          164744 kB
MemAvailable:    1446120 kB
Buffers:           99108 kB
Cached:          1203736 kB
MemTotal:        1844596 kB
MemFree:          166108 kB
MemAvailable:    1447484 kB
Buffers:           99108 kB
Cached:          1203736 kB
MemTotal:        1844596 kB
MemFree:          165888 kB
MemAvailable:    1447264 kB
Buffers:           99108 kB
Cached:          1203736 kB
MemTotal:        1844596 kB
MemFree:          166140 kB
MemAvailable:    1447516 kB
Buffers:           99108 kB
Cached:          1203736 kB
MemTotal:        1844596 kB
MemFree:          165860 kB
MemAvailable:    1447236 kB
Buffers:           99108 kB
Cached:          1203736 kB
MemTotal:        1844596 kB
MemFree:          164628 kB
MemAvailable:    1446004 kB
Buffers:           99108 kB
Cached:          1203736 kB
MemTotal:        1844596 kB
MemFree:          164668 kB
MemAvailable:    1446044 kB
Buffers:           99108 kB
Cached:          1203736 kB
MemTotal:        1844596 kB
MemFree:          165876 kB
MemAvailable:    1447252 kB
Buffers:           99108 kB
Cached:          1203736 kB
MemTotal:        1844596 kB
MemFree:          164756 kB
MemAvailable:    1446132 kB
Buffers:           99108 kB
Cached:          1203736 kB
MemTotal:        1844596 kB
MemFree:          164736 kB
MemAvailable:    1446112 kB
Buffers:           99108 kB
Cached:          1203736 kB
MemTotal:        1844596 kB
MemFree:          163560 kB
MemAvailable:    1444936 kB
Buffers:           99108 kB
Cached:          1203736 kB
MemTotal:        1844596 kB
MemFree:          163552 kB
MemAvailable:    1444928 kB
Buffers:           99108 kB
Cached:          1203736 kB
MemTotal:        1844596 kB
MemFree:          162576 kB
MemAvailable:    1443952 kB
Buffers:           99108 kB
Cached:          1203736 kB
MemTotal:        1844596 kB
MemFree:          162248 kB
MemAvailable:    1443624 kB
Buffers:           99108 kB
Cached:          1203736 kB
MemTotal:        1844596 kB
MemFree:          159352 kB
MemAvailable:    1440728 kB
Buffers:           99108 kB
Cached:          1203736 kB
MemTotal:        1844596 kB
MemFree:          156120 kB
MemAvailable:    1437496 kB
Buffers:           99108 kB
Cached:          1203736 kB
MemTotal:        1844596 kB
MemFree:          152400 kB
MemAvailable:    1433776 kB
Buffers:           99108 kB
Cached:          1203736 kB
MemTotal:        1844596 kB
MemFree:          152400 kB
MemAvailable:    1433776 kB
Buffers:           99108 kB
Cached:          1203736 kB
MemTotal:        1844596 kB
MemFree:          148068 kB
MemAvailable:    1429444 kB
Buffers:           99108 kB
Cached:          1203736 kB
MemTotal:        1844596 kB
MemFree:          147632 kB
MemAvailable:    1429008 kB
Buffers:           99108 kB
Cached:          1203736 kB
MemTotal:        1844596 kB
MemFree:          147564 kB
MemAvailable:    1428940 kB
Buffers:           99108 kB
Cached:          1203736 kB
MemTotal:        1844596 kB
MemFree:          147580 kB
MemAvailable:    1428956 kB
Buffers:           99108 kB
Cached:          1203736 kB
MemTotal:        1844596 kB
MemFree:          147576 kB
MemAvailable:    1428960 kB
Buffers:           99108 kB
Cached:          1203744 kB
MemTotal:        1844596 kB
MemFree:          147696 kB
MemAvailable:    1429080 kB
Buffers:           99108 kB
Cached:          1203744 kB
MemTotal:        1844596 kB
MemFree:          146208 kB
MemAvailable:    1427592 kB
Buffers:           99108 kB
Cached:          1203744 kB
MemTotal:        1844596 kB
MemFree:          146076 kB
MemAvailable:    1427460 kB
Buffers:           99108 kB
Cached:          1203744 kB
MemTotal:        1844596 kB
MemFree:          147376 kB
MemAvailable:    1428760 kB
Buffers:           99108 kB
Cached:          1203744 kB
MemTotal:        1844596 kB
MemFree:          145944 kB
MemAvailable:    1427328 kB
Buffers:           99108 kB
Cached:          1203744 kB
MemTotal:        1844596 kB
MemFree:          147296 kB
MemAvailable:    1428680 kB
Buffers:           99108 kB
Cached:          1203744 kB
MemTotal:        1844596 kB
MemFree:          147380 kB
MemAvailable:    1428764 kB
Buffers:           99108 kB
Cached:          1203744 kB
MemTotal:        1844596 kB
MemFree:          145820 kB
MemAvailable:    1427204 kB
Buffers:           99108 kB
Cached:          1203744 kB
MemTotal:        1844596 kB
MemFree:          146780 kB
MemAvailable:    1428164 kB
Buffers:           99108 kB
Cached:          1203744 kB
MemTotal:        1844596 kB
MemFree:          146448 kB
MemAvailable:    1427832 kB
Buffers:           99108 kB
Cached:          1203744 kB
MemTotal:        1844596 kB
MemFree:          146532 kB
MemAvailable:    1427916 kB
Buffers:           99108 kB
Cached:          1203744 kB
MemTotal:        1844596 kB
MemFree:          146388 kB
MemAvailable:    1427772 kB
Buffers:           99108 kB
Cached:          1203744 kB
MemTotal:        1844596 kB
MemFree:          146640 kB
MemAvailable:    1428024 kB
Buffers:           99108 kB
Cached:          1203744 kB
MemTotal:        1844596 kB
MemFree:          146400 kB
MemAvailable:    1427784 kB
Buffers:           99108 kB
Cached:          1203744 kB
MemTotal:        1844596 kB
MemFree:          146456 kB
MemAvailable:    1427840 kB
Buffers:           99108 kB
Cached:          1203744 kB
MemTotal:        1844596 kB
MemFree:          145720 kB
MemAvailable:    1427104 kB
Buffers:           99108 kB
Cached:          1203744 kB
MemTotal:        1844596 kB
MemFree:          146440 kB
MemAvailable:    1427824 kB
Buffers:           99108 kB
Cached:          1203744 kB
MemTotal:        1844596 kB
MemFree:          146208 kB
MemAvailable:    1427592 kB
Buffers:           99108 kB
Cached:          1203744 kB
MemTotal:        1844596 kB
MemFree:          146312 kB
MemAvailable:    1427696 kB
Buffers:           99108 kB
Cached:          1203744 kB
MemTotal:        1844596 kB
MemFree:          146648 kB
MemAvailable:    1428032 kB
Buffers:           99108 kB
Cached:          1203744 kB
MemTotal:        1844596 kB
MemFree:          146396 kB
MemAvailable:    1427780 kB
Buffers:           99108 kB
Cached:          1203744 kB
MemTotal:        1844596 kB
MemFree:          145024 kB
MemAvailable:    1426408 kB
Buffers:           99108 kB
Cached:          1203744 kB
MemTotal:        1844596 kB
MemFree:          145192 kB
MemAvailable:    1426576 kB
Buffers:           99108 kB
Cached:          1203744 kB
MemTotal:        1844596 kB
MemFree:          145192 kB
MemAvailable:    1426576 kB
Buffers:           99108 kB
Cached:          1203744 kB
MemTotal:        1844596 kB
MemFree:          145192 kB
MemAvailable:    1426576 kB
Buffers:           99108 kB
Cached:          1203744 kB
MemTotal:        1844596 kB
MemFree:          146368 kB
MemAvailable:    1427752 kB
Buffers:           99108 kB
Cached:          1203744 kB
MemTotal:        1844596 kB
MemFree:          146320 kB
MemAvailable:    1427704 kB
Buffers:           99108 kB
Cached:          1203744 kB
MemTotal:        1844596 kB
MemFree:          144656 kB
MemAvailable:    1426040 kB
Buffers:           99108 kB
Cached:          1203744 kB
MemTotal:        1844596 kB
MemFree:          141372 kB
MemAvailable:    1422756 kB
Buffers:           99108 kB
Cached:          1203744 kB
MemTotal:        1844596 kB
MemFree:          138828 kB
MemAvailable:    1420212 kB
Buffers:           99108 kB
Cached:          1203744 kB
MemTotal:        1844596 kB
MemFree:          136048 kB
MemAvailable:    1417432 kB
Buffers:           99108 kB
Cached:          1203744 kB
MemTotal:        1844596 kB
MemFree:          131808 kB
MemAvailable:    1413192 kB
Buffers:           99108 kB
Cached:          1203744 kB
MemTotal:        1844596 kB
MemFree:          132020 kB
MemAvailable:    1413404 kB
Buffers:           99108 kB
Cached:          1203744 kB
MemTotal:        1844596 kB
MemFree:          127112 kB
MemAvailable:    1408496 kB
Buffers:           99108 kB
Cached:          1203744 kB
MemTotal:        1844596 kB
MemFree:          128404 kB
MemAvailable:    1409788 kB
Buffers:           99108 kB
Cached:          1203744 kB
MemTotal:        1844596 kB
MemFree:          127244 kB
MemAvailable:    1408628 kB
Buffers:           99108 kB
Cached:          1203744 kB
MemTotal:        1844596 kB
MemFree:          126980 kB
MemAvailable:    1408364 kB
Buffers:           99108 kB
Cached:          1203744 kB
MemTotal:        1844596 kB
MemFree:          127964 kB
MemAvailable:    1409348 kB
Buffers:           99108 kB
Cached:          1203744 kB
MemTotal:        1844596 kB
MemFree:          128300 kB
MemAvailable:    1409684 kB
Buffers:           99108 kB
Cached:          1203744 kB
MemTotal:        1844596 kB
MemFree:          128216 kB
MemAvailable:    1409600 kB
Buffers:           99108 kB
Cached:          1203744 kB
MemTotal:        1844596 kB
MemFree:          128196 kB
MemAvailable:    1409580 kB
Buffers:           99108 kB
Cached:          1203744 kB
MemTotal:        1844596 kB
MemFree:          128448 kB
MemAvailable:    1409832 kB
Buffers:           99108 kB
Cached:          1203744 kB
MemTotal:        1844596 kB
MemFree:          127908 kB
MemAvailable:    1409292 kB
Buffers:           99108 kB
Cached:          1203744 kB
MemTotal:        1844596 kB
MemFree:          128244 kB
MemAvailable:    1409628 kB
Buffers:           99108 kB
Cached:          1203744 kB
MemTotal:        1844596 kB
MemFree:          126836 kB
MemAvailable:    1408220 kB
Buffers:           99108 kB
Cached:          1203744 kB
MemTotal:        1844596 kB
MemFree:          128284 kB
MemAvailable:    1409668 kB
Buffers:           99108 kB
Cached:          1203744 kB
MemTotal:        1844596 kB
MemFree:          128204 kB
MemAvailable:    1409588 kB
Buffers:           99108 kB
Cached:          1203744 kB
MemTotal:        1844596 kB
MemFree:          126832 kB
MemAvailable:    1408216 kB
Buffers:           99108 kB
Cached:          1203744 kB
MemTotal:        1844596 kB
MemFree:          128216 kB
MemAvailable:    1409600 kB
Buffers:           99108 kB
Cached:          1203744 kB
MemTotal:        1844596 kB
MemFree:          126908 kB
MemAvailable:    1408292 kB
Buffers:           99108 kB
Cached:          1203744 kB
MemTotal:        1844596 kB
MemFree:          128084 kB
MemAvailable:    1409468 kB
Buffers:           99108 kB
Cached:          1203744 kB
MemTotal:        1844596 kB
MemFree:          128184 kB
MemAvailable:    1409568 kB
Buffers:           99108 kB
Cached:          1203744 kB
MemTotal:        1844596 kB
MemFree:          128184 kB
MemAvailable:    1409568 kB
Buffers:           99108 kB
Cached:          1203744 kB
MemTotal:        1844596 kB
MemFree:          128108 kB
MemAvailable:    1409492 kB
Buffers:           99108 kB
Cached:          1203744 kB
MemTotal:        1844596 kB
MemFree:          127368 kB
MemAvailable:    1408752 kB
Buffers:           99108 kB
Cached:          1203744 kB
MemTotal:        1844596 kB
MemFree:          128088 kB
MemAvailable:    1409472 kB
Buffers:           99108 kB
Cached:          1203744 kB
MemTotal:        1844596 kB
MemFree:          128340 kB
MemAvailable:    1409724 kB
Buffers:           99108 kB
Cached:          1203744 kB
MemTotal:        1844596 kB
MemFree:          128216 kB
MemAvailable:    1409600 kB
Buffers:           99108 kB
Cached:          1203744 kB
MemTotal:        1844596 kB
MemFree:          128072 kB
MemAvailable:    1409456 kB
Buffers:           99108 kB
Cached:          1203744 kB
MemTotal:        1844596 kB
MemFree:          128324 kB
MemAvailable:    1409708 kB
Buffers:           99108 kB
Cached:          1203744 kB
MemTotal:        1844596 kB
MemFree:          128276 kB
MemAvailable:    1409660 kB
Buffers:           99108 kB
Cached:          1203744 kB
MemTotal:        1844596 kB
MemFree:          128104 kB
MemAvailable:    1409488 kB
Buffers:           99108 kB
Cached:          1203744 kB
MemTotal:        1844596 kB
MemFree:          127484 kB
MemAvailable:    1408868 kB
Buffers:           99108 kB
Cached:          1203744 kB
MemTotal:        1844596 kB
MemFree:          128228 kB
MemAvailable:    1409612 kB
Buffers:           99108 kB
Cached:          1203744 kB
MemTotal:        1844596 kB
MemFree:          127856 kB
MemAvailable:    1409240 kB
Buffers:           99108 kB
Cached:          1203744 kB
MemTotal:        1844596 kB
MemFree:          128652 kB
MemAvailable:    1410040 kB
Buffers:           99108 kB
Cached:          1203748 kB
MemTotal:        1844596 kB
MemFree:          128296 kB
MemAvailable:    1409684 kB
Buffers:           99108 kB
Cached:          1203748 kB
MemTotal:        1844596 kB
MemFree:          128212 kB
MemAvailable:    1409600 kB
Buffers:           99108 kB
Cached:          1203748 kB
MemTotal:        1844596 kB
MemFree:          126924 kB
MemAvailable:    1408312 kB
Buffers:           99108 kB
Cached:          1203748 kB
MemTotal:        1844596 kB
MemFree:          123624 kB
MemAvailable:    1405012 kB
Buffers:           99108 kB
Cached:          1203748 kB
MemTotal:        1844596 kB
MemFree:          123392 kB
MemAvailable:    1404780 kB
Buffers:           99108 kB
Cached:          1203748 kB
MemTotal:        1844596 kB
MemFree:          118308 kB
MemAvailable:    1399696 kB
Buffers:           99108 kB
Cached:          1203748 kB
MemTotal:        1844596 kB
MemFree:          113084 kB
MemAvailable:    1394472 kB
Buffers:           99108 kB
Cached:          1203748 kB
MemTotal:        1844596 kB
MemFree:          112976 kB
MemAvailable:    1394364 kB
Buffers:           99108 kB
Cached:          1203748 kB
MemTotal:        1844596 kB
MemFree:          109752 kB
MemAvailable:    1391140 kB
Buffers:           99108 kB
Cached:          1203748 kB
MemTotal:        1844596 kB
MemFree:          110860 kB
MemAvailable:    1392256 kB
Buffers:           99108 kB
Cached:          1203756 kB
MemTotal:        1844596 kB
MemFree:          110008 kB
MemAvailable:    1391404 kB
Buffers:           99108 kB
Cached:          1203756 kB
MemTotal:        1844596 kB
MemFree:          109372 kB
MemAvailable:    1390768 kB
Buffers:           99108 kB
Cached:          1203756 kB
MemTotal:        1844596 kB
MemFree:          110176 kB
MemAvailable:    1391572 kB
Buffers:           99108 kB
Cached:          1203756 kB
MemTotal:        1844596 kB
MemFree:          109868 kB
MemAvailable:    1391264 kB
Buffers:           99108 kB
Cached:          1203756 kB
MemTotal:        1844596 kB
MemFree:          109512 kB
MemAvailable:    1390908 kB
Buffers:           99108 kB
Cached:          1203756 kB
MemTotal:        1844596 kB
MemFree:          109876 kB
MemAvailable:    1391272 kB
Buffers:           99108 kB
Cached:          1203756 kB
MemTotal:        1844596 kB
MemFree:          109764 kB
MemAvailable:    1391160 kB
Buffers:           99108 kB
Cached:          1203756 kB
MemTotal:        1844596 kB
MemFree:          109016 kB
MemAvailable:    1390412 kB
Buffers:           99108 kB
Cached:          1203756 kB
MemTotal:        1844596 kB
MemFree:          109496 kB
MemAvailable:    1390892 kB
Buffers:           99108 kB
Cached:          1203756 kB
MemTotal:        1844596 kB
MemFree:          109496 kB
MemAvailable:    1390892 kB
Buffers:           99108 kB
Cached:          1203756 kB
MemTotal:        1844596 kB
MemFree:          109208 kB
MemAvailable:    1390604 kB
Buffers:           99108 kB
Cached:          1203756 kB
MemTotal:        1844596 kB
MemFree:          109388 kB
MemAvailable:    1390784 kB
Buffers:           99108 kB
Cached:          1203756 kB
MemTotal:        1844596 kB
MemFree:          108512 kB
MemAvailable:    1389908 kB
Buffers:           99108 kB
Cached:          1203756 kB
MemTotal:        1844596 kB
MemFree:          109092 kB
MemAvailable:    1390488 kB
Buffers:           99108 kB
Cached:          1203756 kB
MemTotal:        1844596 kB
MemFree:          107644 kB
MemAvailable:    1389040 kB
Buffers:           99108 kB
Cached:          1203756 kB
MemTotal:        1844596 kB
MemFree:          108008 kB
MemAvailable:    1389404 kB
Buffers:           99108 kB
Cached:          1203756 kB
MemTotal:        1844596 kB
MemFree:          107900 kB
MemAvailable:    1389296 kB
Buffers:           99108 kB
Cached:          1203756 kB
MemTotal:        1844596 kB
MemFree:          107324 kB
MemAvailable:    1388720 kB
Buffers:           99108 kB
Cached:          1203756 kB
MemTotal:        1844596 kB
MemFree:          105908 kB
MemAvailable:    1387304 kB
Buffers:           99108 kB
Cached:          1203756 kB
MemTotal:        1844596 kB
MemFree:          106264 kB
MemAvailable:    1387660 kB
Buffers:           99108 kB
Cached:          1203756 kB
MemTotal:        1844596 kB
MemFree:          106264 kB
MemAvailable:    1387660 kB
Buffers:           99108 kB
Cached:          1203756 kB
MemTotal:        1844596 kB
MemFree:          104412 kB
MemAvailable:    1385808 kB
Buffers:           99108 kB
Cached:          1203756 kB
MemTotal:        1844596 kB
MemFree:          104480 kB
MemAvailable:    1385876 kB
Buffers:           99108 kB
Cached:          1203756 kB
MemTotal:        1844596 kB
MemFree:          102932 kB
MemAvailable:    1384328 kB
Buffers:           99108 kB
Cached:          1203756 kB
MemTotal:        1844596 kB
MemFree:          102436 kB
MemAvailable:    1383832 kB
Buffers:           99108 kB
Cached:          1203756 kB
MemTotal:        1844596 kB
MemFree:          103536 kB
MemAvailable:    1384932 kB
Buffers:           99108 kB
Cached:          1203756 kB
MemTotal:        1844596 kB
MemFree:          103676 kB
MemAvailable:    1385072 kB
Buffers:           99108 kB
Cached:          1203756 kB
MemTotal:        1844596 kB
MemFree:          103664 kB
MemAvailable:    1385060 kB
Buffers:           99108 kB
Cached:          1203756 kB
MemTotal:        1844596 kB
MemFree:          103700 kB
MemAvailable:    1385096 kB
Buffers:           99108 kB
Cached:          1203756 kB
MemTotal:        1844596 kB
MemFree:          103608 kB
MemAvailable:    1385004 kB
Buffers:           99108 kB
Cached:          1203756 kB
MemTotal:        1844596 kB
MemFree:          103420 kB
MemAvailable:    1384816 kB
Buffers:           99108 kB
Cached:          1203756 kB
MemTotal:        1844596 kB
MemFree:          102372 kB
MemAvailable:    1383768 kB
Buffers:           99108 kB
Cached:          1203756 kB
MemTotal:        1844596 kB
MemFree:          101196 kB
MemAvailable:    1382592 kB
Buffers:           99108 kB
Cached:          1203756 kB
MemTotal:        1844596 kB
MemFree:          101064 kB
MemAvailable:    1382460 kB
Buffers:           99108 kB
Cached:          1203756 kB
MemTotal:        1844596 kB
MemFree:          101876 kB
MemAvailable:    1383272 kB
Buffers:           99108 kB
Cached:          1203756 kB
MemTotal:        1844596 kB
MemFree:          101700 kB
MemAvailable:    1383096 kB
Buffers:           99108 kB
Cached:          1203756 kB
MemTotal:        1844596 kB
MemFree:          101892 kB
MemAvailable:    1383288 kB
Buffers:           99108 kB
Cached:          1203756 kB
MemTotal:        1844596 kB
MemFree:          101932 kB
MemAvailable:    1383328 kB
Buffers:           99108 kB
Cached:          1203756 kB
MemTotal:        1844596 kB
MemFree:          101932 kB
MemAvailable:    1383328 kB
Buffers:           99108 kB
Cached:          1203756 kB
MemTotal:        1844596 kB
MemFree:          101868 kB
MemAvailable:    1383264 kB
Buffers:           99108 kB
Cached:          1203756 kB
MemTotal:        1844596 kB
MemFree:          100692 kB
MemAvailable:    1382088 kB
Buffers:           99108 kB
Cached:          1203756 kB
MemTotal:        1844596 kB
MemFree:          101984 kB
MemAvailable:    1383380 kB
Buffers:           99108 kB
Cached:          1203756 kB
MemTotal:        1844596 kB
MemFree:          100560 kB
MemAvailable:    1381956 kB
Buffers:           99108 kB
Cached:          1203756 kB
MemTotal:        1844596 kB
MemFree:          101944 kB
MemAvailable:    1383340 kB
Buffers:           99108 kB
Cached:          1203756 kB
MemTotal:        1844596 kB
MemFree:          101872 kB
MemAvailable:    1383268 kB
Buffers:           99108 kB
Cached:          1203756 kB
MemTotal:        1844596 kB
MemFree:          102124 kB
MemAvailable:    1383520 kB
Buffers:           99108 kB
Cached:          1203756 kB
MemTotal:        1844596 kB
MemFree:          100568 kB
MemAvailable:    1381964 kB
Buffers:           99108 kB
Cached:          1203756 kB
MemTotal:        1844596 kB
MemFree:          100776 kB
MemAvailable:    1382172 kB
Buffers:           99108 kB
Cached:          1203756 kB
MemTotal:        1844596 kB
MemFree:          101760 kB
MemAvailable:    1383156 kB
Buffers:           99108 kB
Cached:          1203756 kB
MemTotal:        1844596 kB
MemFree:          102240 kB
MemAvailable:    1383636 kB
Buffers:           99108 kB
Cached:          1203756 kB
MemTotal:        1844596 kB
MemFree:          102240 kB
MemAvailable:    1383636 kB
Buffers:           99108 kB
Cached:          1203756 kB
MemTotal:        1844596 kB
MemFree:          101916 kB
MemAvailable:    1383312 kB
Buffers:           99108 kB
Cached:          1203756 kB
MemTotal:        1844596 kB
MemFree:          102168 kB
MemAvailable:    1383564 kB
Buffers:           99108 kB
Cached:          1203756 kB
MemTotal:        1844596 kB
MemFree:          101760 kB
MemAvailable:    1383156 kB
Buffers:           99108 kB
Cached:          1203756 kB
MemTotal:        1844596 kB
MemFree:          102016 kB
MemAvailable:    1383412 kB
Buffers:           99108 kB
Cached:          1203756 kB
MemTotal:        1844596 kB
MemFree:          101948 kB
MemAvailable:    1383344 kB
Buffers:           99108 kB
Cached:          1203756 kB
MemTotal:        1844596 kB
MemFree:          100388 kB
MemAvailable:    1381784 kB
Buffers:           99108 kB
Cached:          1203756 kB
MemTotal:        1844596 kB
MemFree:          101920 kB
MemAvailable:    1383316 kB
Buffers:           99108 kB
Cached:          1203756 kB
MemTotal:        1844596 kB
MemFree:          101676 kB
MemAvailable:    1383072 kB
Buffers:           99108 kB
Cached:          1203756 kB
MemTotal:        1844596 kB
MemFree:          102012 kB
MemAvailable:    1383408 kB
Buffers:           99108 kB
Cached:          1203756 kB
MemTotal:        1844596 kB
MemFree:          100652 kB
MemAvailable:    1382048 kB
Buffers:           99108 kB
Cached:          1203756 kB
MemTotal:        1844596 kB
MemFree:          101932 kB
MemAvailable:    1383328 kB
Buffers:           99108 kB
Cached:          1203756 kB
MemTotal:        1844596 kB
MemFree:          102184 kB
MemAvailable:    1383580 kB
Buffers:           99108 kB
Cached:          1203756 kB
MemTotal:        1844596 kB
MemFree:          100692 kB
MemAvailable:    1382088 kB
Buffers:           99108 kB
Cached:          1203756 kB
MemTotal:        1844596 kB
MemFree:          101952 kB
MemAvailable:    1383348 kB
Buffers:           99108 kB
Cached:          1203756 kB
MemTotal:        1844596 kB
MemFree:          101796 kB
MemAvailable:    1383192 kB
Buffers:           99108 kB
Cached:          1203756 kB
MemTotal:        1844596 kB
MemFree:          101880 kB
MemAvailable:    1383276 kB
Buffers:           99108 kB
Cached:          1203756 kB
MemTotal:        1844596 kB
MemFree:          101880 kB
MemAvailable:    1383276 kB
Buffers:           99108 kB
Cached:          1203756 kB
MemTotal:        1844596 kB
MemFree:          100764 kB
MemAvailable:    1382160 kB
Buffers:           99108 kB
Cached:          1203756 kB
MemTotal:        1844596 kB
MemFree:          101892 kB
MemAvailable:    1383288 kB
Buffers:           99108 kB
Cached:          1203756 kB
MemTotal:        1844596 kB
MemFree:          101892 kB
MemAvailable:    1383288 kB
Buffers:           99108 kB
Cached:          1203756 kB
MemTotal:        1844596 kB
MemFree:          101488 kB
MemAvailable:    1382884 kB
Buffers:           99108 kB
Cached:          1203756 kB
MemTotal:        1844596 kB
MemFree:           99272 kB
MemAvailable:    1380676 kB
Buffers:           99108 kB
Cached:          1203764 kB
MemTotal:        1844596 kB
MemFree:           95616 kB
MemAvailable:    1377020 kB
Buffers:           99108 kB
Cached:          1203764 kB
MemTotal:        1844596 kB
MemFree:           92260 kB
MemAvailable:    1373664 kB
Buffers:           99108 kB
Cached:          1203764 kB
MemTotal:        1844596 kB
MemFree:           92144 kB
MemAvailable:    1373548 kB
Buffers:           99108 kB
Cached:          1203764 kB
MemTotal:        1844596 kB
MemFree:           85804 kB
MemAvailable:    1367208 kB
Buffers:           99108 kB
Cached:          1203764 kB
MemTotal:        1844596 kB
MemFree:           85820 kB
MemAvailable:    1367224 kB
Buffers:           99108 kB
Cached:          1203764 kB
MemTotal:        1844596 kB
MemFree:           81728 kB
MemAvailable:    1363132 kB
Buffers:           99108 kB
Cached:          1203764 kB
MemTotal:        1844596 kB
MemFree:           82720 kB
MemAvailable:    1364124 kB
Buffers:           99108 kB
Cached:          1203764 kB
MemTotal:        1844596 kB
MemFree:           81348 kB
MemAvailable:    1362752 kB
Buffers:           99108 kB
Cached:          1203764 kB
MemTotal:        1844596 kB
MemFree:           82448 kB
MemAvailable:    1363852 kB
Buffers:           99108 kB
Cached:          1203764 kB
MemTotal:        1844596 kB
MemFree:           82332 kB
MemAvailable:    1363736 kB
Buffers:           99108 kB
Cached:          1203764 kB
MemTotal:        1844596 kB
MemFree:           82448 kB
MemAvailable:    1363852 kB
Buffers:           99108 kB
Cached:          1203764 kB
MemTotal:        1844596 kB
MemFree:           82504 kB
MemAvailable:    1363908 kB
Buffers:           99108 kB
Cached:          1203764 kB
MemTotal:        1844596 kB
MemFree:           82532 kB
MemAvailable:    1363936 kB
Buffers:           99108 kB
Cached:          1203764 kB
MemTotal:        1844596 kB
MemFree:           82376 kB
MemAvailable:    1363780 kB
Buffers:           99108 kB
Cached:          1203764 kB
MemTotal:        1844596 kB
MemFree:           82596 kB
MemAvailable:    1364000 kB
Buffers:           99108 kB
Cached:          1203764 kB
MemTotal:        1844596 kB
MemFree:           82512 kB
MemAvailable:    1363916 kB
Buffers:           99108 kB
Cached:          1203764 kB
MemTotal:        1844596 kB
MemFree:           82472 kB
MemAvailable:    1363876 kB
Buffers:           99108 kB
Cached:          1203764 kB
MemTotal:        1844596 kB
MemFree:           82636 kB
MemAvailable:    1364040 kB
Buffers:           99108 kB
Cached:          1203764 kB
MemTotal:        1844596 kB
MemFree:           81036 kB
MemAvailable:    1362440 kB
Buffers:           99108 kB
Cached:          1203764 kB
MemTotal:        1844596 kB
MemFree:           81284 kB
MemAvailable:    1362688 kB
Buffers:           99108 kB
Cached:          1203764 kB
MemTotal:        1844596 kB
MemFree:           82260 kB
MemAvailable:    1363664 kB
Buffers:           99108 kB
Cached:          1203764 kB
MemTotal:        1844596 kB
MemFree:           82224 kB
MemAvailable:    1363628 kB
Buffers:           99108 kB
Cached:          1203764 kB
MemTotal:        1844596 kB
MemFree:           82164 kB
MemAvailable:    1363568 kB
Buffers:           99108 kB
Cached:          1203764 kB
MemTotal:        1844596 kB
MemFree:           82232 kB
MemAvailable:    1363636 kB
Buffers:           99108 kB
Cached:          1203764 kB
MemTotal:        1844596 kB
MemFree:           82084 kB
MemAvailable:    1363488 kB
Buffers:           99108 kB
Cached:          1203764 kB
MemTotal:        1844596 kB
MemFree:           82336 kB
MemAvailable:    1363740 kB
Buffers:           99108 kB
Cached:          1203764 kB
MemTotal:        1844596 kB
MemFree:           80804 kB
MemAvailable:    1362208 kB
Buffers:           99108 kB
Cached:          1203764 kB
MemTotal:        1844596 kB
MemFree:           80804 kB
MemAvailable:    1362208 kB
Buffers:           99108 kB
Cached:          1203764 kB
MemTotal:        1844596 kB
MemFree:           82036 kB
MemAvailable:    1363440 kB
Buffers:           99108 kB
Cached:          1203764 kB
MemTotal:        1844596 kB
MemFree:           82036 kB
MemAvailable:    1363440 kB
Buffers:           99108 kB
Cached:          1203764 kB
MemTotal:        1844596 kB
MemFree:           81524 kB
MemAvailable:    1362928 kB
Buffers:           99108 kB
Cached:          1203764 kB
MemTotal:        1844596 kB
MemFree:           80744 kB
MemAvailable:    1362148 kB
Buffers:           99108 kB
Cached:          1203764 kB
MemTotal:        1844596 kB
MemFree:           78504 kB
MemAvailable:    1359908 kB
Buffers:           99108 kB
Cached:          1203764 kB
MemTotal:        1844596 kB
MemFree:           74536 kB
MemAvailable:    1355940 kB
Buffers:           99108 kB
Cached:          1203764 kB
MemTotal:        1844596 kB
MemFree:           71852 kB
MemAvailable:    1353256 kB
Buffers:           99108 kB
Cached:          1203764 kB
MemTotal:        1844596 kB
MemFree:           71056 kB
MemAvailable:    1352460 kB
Buffers:           99108 kB
Cached:          1203764 kB
MemTotal:        1844596 kB
MemFree:           71180 kB
MemAvailable:    1352584 kB
Buffers:           99108 kB
Cached:          1203764 kB
MemTotal:        1844596 kB
MemFree:           71048 kB
MemAvailable:    1352452 kB
Buffers:           99108 kB
Cached:          1203764 kB
MemTotal:        1844596 kB
MemFree:           70180 kB
MemAvailable:    1351584 kB
Buffers:           99108 kB
Cached:          1203764 kB
MemTotal:        1844596 kB
MemFree:           70264 kB
MemAvailable:    1351668 kB
Buffers:           99108 kB
Cached:          1203764 kB
MemTotal:        1844596 kB
MemFree:           69652 kB
MemAvailable:    1351056 kB
Buffers:           99108 kB
Cached:          1203764 kB
MemTotal:        1844596 kB
MemFree:           68460 kB
MemAvailable:    1349864 kB
Buffers:           99108 kB
Cached:          1203764 kB
MemTotal:        1844596 kB
MemFree:           67948 kB
MemAvailable:    1349352 kB
Buffers:           99108 kB
Cached:          1203764 kB
MemTotal:        1844596 kB
MemFree:           69220 kB
MemAvailable:    1350624 kB
Buffers:           99108 kB
Cached:          1203764 kB
MemTotal:        1844596 kB
MemFree:           68176 kB
MemAvailable:    1349580 kB
Buffers:           99108 kB
Cached:          1203764 kB
MemTotal:        1844596 kB
MemFree:           68716 kB
MemAvailable:    1350288 kB
Buffers:           99108 kB
Cached:          1204012 kB
MemTotal:        1844596 kB
MemFree:           69052 kB
MemAvailable:    1350624 kB
Buffers:           99108 kB
Cached:          1204012 kB
MemTotal:        1844596 kB
MemFree:           68628 kB
MemAvailable:    1350284 kB
Buffers:           99108 kB
Cached:          1204136 kB
MemTotal:        1844596 kB
MemFree:           68640 kB
MemAvailable:    1350548 kB
Buffers:           99108 kB
Cached:          1204260 kB
MemTotal:        1844596 kB
MemFree:           68724 kB
MemAvailable:    1350632 kB
Buffers:           99108 kB
Cached:          1204260 kB
MemTotal:        1844596 kB
MemFree:           68472 kB
MemAvailable:    1350464 kB
Buffers:           99108 kB
Cached:          1204384 kB
MemTotal:        1844596 kB
MemFree:           68508 kB
MemAvailable:    1350500 kB
Buffers:           99108 kB
Cached:          1204384 kB
MemTotal:        1844596 kB
MemFree:           67404 kB
MemAvailable:    1349396 kB
Buffers:           99108 kB
Cached:          1204384 kB
MemTotal:        1844596 kB
MemFree:           68268 kB
MemAvailable:    1350260 kB
Buffers:           99108 kB
Cached:          1204384 kB
MemTotal:        1844596 kB
MemFree:           68524 kB
MemAvailable:    1350516 kB
Buffers:           99108 kB
Cached:          1204384 kB
MemTotal:        1844596 kB
MemFree:           68216 kB
MemAvailable:    1350208 kB
Buffers:           99108 kB
Cached:          1204384 kB
MemTotal:        1844596 kB
MemFree:           68388 kB
MemAvailable:    1350380 kB
Buffers:           99108 kB
Cached:          1204384 kB
MemTotal:        1844596 kB
MemFree:           68640 kB
MemAvailable:    1350632 kB
Buffers:           99108 kB
Cached:          1204384 kB
MemTotal:        1844596 kB
MemFree:           68232 kB
MemAvailable:    1350392 kB
Buffers:           99108 kB
Cached:          1204508 kB
MemTotal:        1844596 kB
MemFree:           68224 kB
MemAvailable:    1349628 kB
Buffers:           99108 kB
Cached:          1203752 kB
MemTotal:        1844596 kB
MemFree:           67916 kB
MemAvailable:    1349320 kB
Buffers:           99108 kB
Cached:          1203752 kB
MemTotal:        1844596 kB
MemFree:          251668 kB
MemAvailable:    1533072 kB
Buffers:           99108 kB
Cached:          1203752 kB
MemTotal:        1844596 kB
MemFree:          263880 kB
MemAvailable:    1545284 kB
Buffers:           99108 kB
Cached:          1203752 kB
