MemTotal:        1844596 kB
MemFree:          261808 kB
MemAvailable:    1546756 kB
Buffers:          100592 kB
Cached:          1204304 kB
MemTotal:        1844596 kB
MemFree:          234460 kB
MemAvailable:    1519412 kB
Buffers:          100592 kB
Cached:          1204308 kB
MemTotal:        1844596 kB
MemFree:          233220 kB
MemAvailable:    1518172 kB
Buffers:          100592 kB
Cached:          1204308 kB
MemTotal:        1844596 kB
MemFree:          233576 kB
MemAvailable:    1518528 kB
Buffers:          100592 kB
Cached:          1204308 kB
MemTotal:        1844596 kB
MemFree:          233576 kB
MemAvailable:    1518528 kB
Buffers:          100592 kB
Cached:          1204308 kB
MemTotal:        1844596 kB
MemFree:          231112 kB
MemAvailable:    1516064 kB
Buffers:          100592 kB
Cached:          1204308 kB
MemTotal:        1844596 kB
MemFree:          230492 kB
MemAvailable:    1515444 kB
Buffers:          100592 kB
Cached:          1204308 kB
MemTotal:        1844596 kB
MemFree:          229064 kB
MemAvailable:    1514016 kB
Buffers:          100592 kB
Cached:          1204308 kB
MemTotal:        1844596 kB
MemFree:          226276 kB
MemAvailable:    1511228 kB
Buffers:          100592 kB
Cached:          1204308 kB
MemTotal:        1844596 kB
MemFree:          224592 kB
MemAvailable:    1509544 kB
Buffers:          100592 kB
Cached:          1204308 kB
MemTotal:        1844596 kB
MemFree:          222812 kB
MemAvailable:    1507764 kB
Buffers:          100592 kB
Cached:          1204308 kB
MemTotal:        1844596 kB
MemFree:          219980 kB
MemAvailable:    1504932 kB
Buffers:          100592 kB
Cached:          1204308 kB
MemTotal:        1844596 kB
MemFree:          221468 kB
MemAvailable:    1506420 kB
Buffers:          100592 kB
Cached:          1204308 kB
MemTotal:        1844596 kB
MemFree:          222284 kB
MemAvailable:    1507236 kB
Buffers:          100592 kB
Cached:          1204308 kB
MemTotal:        1844596 kB
MemFree:          221468 kB
MemAvailable:    1506420 kB
Buffers:          100592 kB
Cached:          1204308 kB
MemTotal:        1844596 kB
MemFree:          221044 kB
MemAvailable:    1505996 kB
Buffers:          100592 kB
Cached:          1204308 kB
MemTotal:        1844596 kB
MemFree:          222088 kB
MemAvailable:    1507040 kB
Buffers:          100592 kB
Cached:          1204308 kB
MemTotal:        1844596 kB
MemFree:          220780 kB
MemAvailable:    1505732 kB
Buffers:          100592 kB
Cached:          1204308 kB
MemTotal:        1844596 kB
MemFree:          221888 kB
MemAvailable:    1506840 kB
Buffers:          100592 kB
Cached:          1204308 kB
MemTotal:        1844596 kB
MemFree:          221888 kB
MemAvailable:    1506840 kB
Buffers:          100592 kB
Cached:          1204308 kB
MemTotal:        1844596 kB
MemFree:          220344 kB
MemAvailable:    1505296 kB
Buffers:          100592 kB
Cached:          1204308 kB
MemTotal:        1844596 kB
MemFree:          220228 kB
MemAvailable:    1505180 kB
Buffers:          100592 kB
Cached:          1204308 kB
MemTotal:        1844596 kB
MemFree:          221424 kB
MemAvailable:    1506376 kB
Buffers:          100592 kB
Cached:          1204308 kB
MemTotal:        1844596 kB
MemFree:          221760 kB
MemAvailable:    1506712 kB
Buffers:          100592 kB
Cached:          1204308 kB
MemTotal:        1844596 kB
MemFree:          220308 kB
MemAvailable:    1505260 kB
Buffers:          100592 kB
Cached:          1204308 kB
MemTotal:        1844596 kB
MemFree:          220712 kB
MemAvailable:    1505664 kB
Buffers:          100592 kB
Cached:          1204308 kB
MemTotal:        1844596 kB
MemFree:          220712 kB
MemAvailable:    1505664 kB
Buffers:          100592 kB
Cached:          1204308 kB
MemTotal:        1844596 kB
MemFree:          219560 kB
MemAvailable:    1504512 kB
Buffers:          100592 kB
Cached:          1204308 kB
MemTotal:        1844596 kB
MemFree:          220544 kB
MemAvailable:    1505496 kB
Buffers:          100592 kB
Cached:          1204308 kB
MemTotal:        1844596 kB
MemFree:          219620 kB
MemAvailable:    1504572 kB
Buffers:          100592 kB
Cached:          1204308 kB
MemTotal:        1844596 kB
MemFree:          219616 kB
MemAvailable:    1504568 kB
Buffers:          100592 kB
Cached:          1204308 kB
MemTotal:        1844596 kB
MemFree:          219616 kB
MemAvailable:    1504568 kB
Buffers:          100592 kB
Cached:          1204308 kB
MemTotal:        1844596 kB
MemFree:          219188 kB
MemAvailable:    1504140 kB
Buffers:          100592 kB
Cached:          1204308 kB
MemTotal:        1844596 kB
MemFree:          219136 kB
MemAvailable:    1504088 kB
Buffers:          100592 kB
Cached:          1204308 kB
MemTotal:        1844596 kB
MemFree:          219200 kB
MemAvailable:    1504152 kB
Buffers:          100592 kB
Cached:          1204308 kB
MemTotal:        1844596 kB
MemFree:          219368 kB
MemAvailable:    1504320 kB
Buffers:          100592 kB
Cached:          1204308 kB
MemTotal:        1844596 kB
MemFree:          217848 kB
MemAvailable:    1502800 kB
Buffers:          100592 kB
Cached:          1204308 kB
MemTotal:        1844596 kB
MemFree:          219372 kB
MemAvailable:    1504324 kB
Buffers:          100592 kB
Cached:          1204308 kB
MemTotal:        1844596 kB
MemFree:          219120 kB
MemAvailable:    1504072 kB
Buffers:          100592 kB
Cached:          1204308 kB
MemTotal:        1844596 kB
MemFree:          219236 kB
MemAvailable:    1504188 kB
Buffers:          100592 kB
Cached:          1204308 kB
MemTotal:        1844596 kB
MemFree:          219132 kB
MemAvailable:    1504084 kB
Buffers:          100592 kB
Cached:          1204308 kB
MemTotal:        1844596 kB
MemFree:          216648 kB
MemAvailable:    1501600 kB
Buffers:          100592 kB
Cached:          1204308 kB
MemTotal:        1844596 kB
MemFree:          216732 kB
MemAvailable:    1501684 kB
Buffers:          100592 kB
Cached:          1204308 kB
MemTotal:        1844596 kB
MemFree:          214052 kB
MemAvailable:    1499004 kB
Buffers:          100592 kB
Cached:          1204308 kB
MemTotal:        1844596 kB
MemFree:          213856 kB
MemAvailable:    1498808 kB
Buffers:          100592 kB
Cached:          1204308 kB
MemTotal:        1844596 kB
MemFree:          212680 kB
MemAvailable:    1497632 kB
Buffers:          100592 kB
Cached:          1204308 kB
MemTotal:        1844596 kB
MemFree:          212804 kB
MemAvailable:    1497756 kB
Buffers:          100592 kB
Cached:          1204308 kB
MemTotal:        1844596 kB
MemFree:          213484 kB
MemAvailable:    1498436 kB
Buffers:          100592 kB
Cached:          1204308 kB
MemTotal:        1844596 kB
MemFree:          213740 kB
MemAvailable:    1498692 kB
Buffers:          100592 kB
Cached:          1204308 kB
MemTotal:        1844596 kB
MemFree:          213484 kB
MemAvailable:    1498436 kB
Buffers:          100592 kB
Cached:          1204308 kB
MemTotal:        1844596 kB
MemFree:          212316 kB
MemAvailable:    1497268 kB
Buffers:          100592 kB
Cached:          1204308 kB
MemTotal:        1844596 kB
MemFree:          213440 kB
MemAvailable:    1498392 kB
Buffers:          100592 kB
Cached:          1204308 kB
MemTotal:        1844596 kB
MemFree:          212200 kB
MemAvailable:    1497152 kB
Buffers:          100592 kB
Cached:          1204308 kB
MemTotal:        1844596 kB
MemFree:          213248 kB
MemAvailable:    1498200 kB
Buffers:          100592 kB
Cached:          1204308 kB
MemTotal:        1844596 kB
MemFree:          213520 kB
MemAvailable:    1498472 kB
Buffers:          100592 kB
Cached:          1204308 kB
MemTotal:        1844596 kB
MemFree:          212036 kB
MemAvailable:    1496988 kB
Buffers:          100592 kB
Cached:          1204308 kB
MemTotal:        1844596 kB
MemFree:          213312 kB
MemAvailable:    1498264 kB
Buffers:          100592 kB
Cached:          1204308 kB
MemTotal:        1844596 kB
MemFree:          213564 kB
MemAvailable:    1498516 kB
Buffers:          100592 kB
Cached:          1204308 kB
MemTotal:        1844596 kB
MemFree:          211848 kB
MemAvailable:    1496800 kB
Buffers:          100592 kB
Cached:          1204308 kB
MemTotal:        1844596 kB
MemFree:          207500 kB
MemAvailable:    1492452 kB
Buffers:          100592 kB
Cached:          1204308 kB
MemTotal:        1844596 kB
MemFree:          207500 kB
MemAvailable:    1492452 kB
Buffers:          100592 kB
Cached:          1204308 kB
MemTotal:        1844596 kB
MemFree:          207180 kB
MemAvailable:    1492132 kB
Buffers:          100592 kB
Cached:          1204308 kB
MemTotal:        1844596 kB
MemFree:          207056 kB
MemAvailable:    1492008 kB
Buffers:          100592 kB
Cached:          1204308 kB
MemTotal:        1844596 kB
MemFree:          205772 kB
MemAvailable:    1490724 kB
Buffers:          100592 kB
Cached:          1204308 kB
MemTotal:        1844596 kB
MemFree:          204780 kB
MemAvailable:    1489732 kB
Buffers:          100592 kB
Cached:          1204308 kB
MemTotal:        1844596 kB
MemFree:          204036 kB
MemAvailable:    1488988 kB
Buffers:          100592 kB
Cached:          1204308 kB
MemTotal:        1844596 kB
MemFree:          205080 kB
MemAvailable:    1490032 kB
Buffers:          100592 kB
Cached:          1204308 kB
MemTotal:        1844596 kB
MemFree:          204948 kB
MemAvailable:    1489900 kB
Buffers:          100592 kB
Cached:          1204308 kB
MemTotal:        1844596 kB
MemFree:          204744 kB
MemAvailable:    1489696 kB
Buffers:          100592 kB
Cached:          1204308 kB
MemTotal:        1844596 kB
MemFree:          204744 kB
MemAvailable:    1489696 kB
Buffers:          100592 kB
Cached:          1204308 kB
MemTotal:        1844596 kB
MemFree:          204460 kB
MemAvailable:    1489412 kB
Buffers:          100592 kB
Cached:          1204308 kB
MemTotal:        1844596 kB
MemFree:          204160 kB
MemAvailable:    1489112 kB
Buffers:          100592 kB
Cached:          1204308 kB
MemTotal:        1844596 kB
MemFree:          204572 kB
MemAvailable:    1489524 kB
Buffers:          100592 kB
Cached:          1204308 kB
MemTotal:        1844596 kB
MemFree:          204532 kB
MemAvailable:    1489484 kB
Buffers:          100592 kB
Cached:          1204308 kB
MemTotal:        1844596 kB
MemFree:          203268 kB
MemAvailable:    1488220 kB
Buffers:          100592 kB
Cached:          1204308 kB
MemTotal:        1844596 kB
MemFree:          204716 kB
MemAvailable:    1489668 kB
Buffers:          100592 kB
Cached:          1204308 kB
MemTotal:        1844596 kB
MemFree:          204636 kB
MemAvailable:    1489588 kB
Buffers:          100592 kB
Cached:          1204308 kB
MemTotal:        1844596 kB
MemFree:          204608 kB
MemAvailable:    1489560 kB
Buffers:          100592 kB
Cached:          1204308 kB
MemTotal:        1844596 kB
MemFree:          204220 kB
MemAvailable:    1489172 kB
Buffers:          100592 kB
Cached:          1204308 kB
MemTotal:        1844596 kB
MemFree:          204472 kB
MemAvailable:    1489424 kB
Buffers:          100592 kB
Cached:          1204308 kB
MemTotal:        1844596 kB
MemFree:          204396 kB
MemAvailable:    1489348 kB
Buffers:          100592 kB
Cached:          1204308 kB
MemTotal:        1844596 kB
MemFree:          204284 kB
MemAvailable:    1489236 kB
Buffers:          100592 kB
Cached:          1204308 kB
MemTotal:        1844596 kB
MemFree:          203540 kB
MemAvailable:    1488492 kB
Buffers:          100592 kB
Cached:          1204308 kB
MemTotal:        1844596 kB
MemFree:          204216 kB
MemAvailable:    1489168 kB
Buffers:          100592 kB
Cached:          1204308 kB
MemTotal:        1844596 kB
MemFree:          204160 kB
MemAvailable:    1489112 kB
Buffers:          100592 kB
Cached:          1204308 kB
MemTotal:        1844596 kB
MemFree:          204020 kB
MemAvailable:    1488972 kB
Buffers:          100592 kB
Cached:          1204308 kB
MemTotal:        1844596 kB
MemFree:          200564 kB
MemAvailable:    1485516 kB
Buffers:          100592 kB
Cached:          1204308 kB
MemTotal:        1844596 kB
MemFree:          198208 kB
MemAvailable:    1483160 kB
Buffers:          100592 kB
Cached:          1204308 kB
MemTotal:        1844596 kB
MemFree:          195244 kB
MemAvailable:    1480196 kB
Buffers:          100592 kB
Cached:          1204308 kB
MemTotal:        1844596 kB
MemFree:          196296 kB
MemAvailable:    1481248 kB
Buffers:          100592 kB
Cached:          1204308 kB
MemTotal:        1844596 kB
MemFree:          196172 kB
MemAvailable:    1481136 kB
Buffers:          100592 kB
Cached:          1204320 kB
MemTotal:        1844596 kB
MemFree:          196224 kB
MemAvailable:    1481188 kB
Buffers:          100592 kB
Cached:          1204320 kB
MemTotal:        1844596 kB
MemFree:          195600 kB
MemAvailable:    1480564 kB
Buffers:          100592 kB
Cached:          1204320 kB
MemTotal:        1844596 kB
MemFree:          195492 kB
MemAvailable:    1480456 kB
Buffers:          100592 kB
Cached:          1204320 kB
MemTotal:        1844596 kB
MemFree:          195604 kB
MemAvailable:    1480568 kB
Buffers:          100592 kB
Cached:          1204320 kB
MemTotal:        1844596 kB
MemFree:          195764 kB
MemAvailable:    1480728 kB
Buffers:          100592 kB
Cached:          1204320 kB
MemTotal:        1844596 kB
MemFree:          195840 kB
MemAvailable:    1480804 kB
Buffers:          100592 kB
Cached:          1204320 kB
MemTotal:        1844596 kB
MemFree:          195560 kB
MemAvailable:    1480524 kB
Buffers:          100592 kB
Cached:          1204320 kB
MemTotal:        1844596 kB
MemFree:          195728 kB
MemAvailable:    1480692 kB
Buffers:          100592 kB
Cached:          1204320 kB
MemTotal:        1844596 kB
MemFree:          195464 kB
MemAvailable:    1480428 kB
Buffers:          100592 kB
Cached:          1204320 kB
MemTotal:        1844596 kB
MemFree:          195616 kB
MemAvailable:    1480580 kB
Buffers:          100592 kB
Cached:          1204320 kB
MemTotal:        1844596 kB
MemFree:          195556 kB
MemAvailable:    1480520 kB
Buffers:          100592 kB
Cached:          1204320 kB
MemTotal:        1844596 kB
MemFree:          195556 kB
MemAvailable:    1480520 kB
Buffers:          100592 kB
Cached:          1204320 kB
MemTotal:        1844596 kB
MemFree:          195504 kB
MemAvailable:    1480468 kB
Buffers:          100592 kB
Cached:          1204320 kB
MemTotal:        1844596 kB
MemFree:          195624 kB
MemAvailable:    1480588 kB
Buffers:          100592 kB
Cached:          1204320 kB
MemTotal:        1844596 kB
MemFree:          195004 kB
MemAvailable:    1479968 kB
Buffers:          100592 kB
Cached:          1204320 kB
MemTotal:        1844596 kB
MemFree:          194344 kB
MemAvailable:    1479308 kB
Buffers:          100592 kB
Cached:          1204320 kB
MemTotal:        1844596 kB
MemFree:          194460 kB
MemAvailable:    1479424 kB
Buffers:          100592 kB
Cached:          1204320 kB
MemTotal:        1844596 kB
MemFree:          195548 kB
MemAvailable:    1480512 kB
Buffers:          100592 kB
Cached:          1204320 kB
MemTotal:        1844596 kB
MemFree:          194384 kB
MemAvailable:    1479348 kB
Buffers:          100592 kB
Cached:          1204320 kB
MemTotal:        1844596 kB
MemFree:          194212 kB
MemAvailable:    1479176 kB
Buffers:          100592 kB
Cached:          1204320 kB
MemTotal:        1844596 kB
MemFree:          194260 kB
MemAvailable:    1479224 kB
Buffers:          100592 kB
Cached:          1204320 kB
MemTotal:        1844596 kB
MemFree:          194336 kB
MemAvailable:    1479300 kB
Buffers:          100592 kB
Cached:          1204320 kB
MemTotal:        1844596 kB
MemFree:          195512 kB
MemAvailable:    1480476 kB
Buffers:          100592 kB
Cached:          1204320 kB
MemTotal:        1844596 kB
MemFree:          194460 kB
MemAvailable:    1479424 kB
Buffers:          100592 kB
Cached:          1204320 kB
MemTotal:        1844596 kB
MemFree:          194372 kB
MemAvailable:    1479336 kB
Buffers:          100592 kB
Cached:          1204320 kB
MemTotal:        1844596 kB
MemFree:          195500 kB
MemAvailable:    1480464 kB
Buffers:          100592 kB
Cached:          1204320 kB
MemTotal:        1844596 kB
MemFree:          195492 kB
MemAvailable:    1480456 kB
Buffers:          100592 kB
Cached:          1204320 kB
MemTotal:        1844596 kB
MemFree:          195384 kB
MemAvailable:    1480348 kB
Buffers:          100592 kB
Cached:          1204320 kB
MemTotal:        1844596 kB
MemFree:          194252 kB
MemAvailable:    1479216 kB
Buffers:          100592 kB
Cached:          1204320 kB
MemTotal:        1844596 kB
MemFree:          195636 kB
MemAvailable:    1480600 kB
Buffers:          100592 kB
Cached:          1204320 kB
MemTotal:        1844596 kB
MemFree:          195432 kB
MemAvailable:    1480396 kB
Buffers:          100592 kB
Cached:          1204320 kB
MemTotal:        1844596 kB
MemFree:          195500 kB
MemAvailable:    1480464 kB
Buffers:          100592 kB
Cached:          1204320 kB
MemTotal:        1844596 kB
MemFree:          195480 kB
MemAvailable:    1480444 kB
Buffers:          100592 kB
Cached:          1204320 kB
MemTotal:        1844596 kB
MemFree:          195736 kB
MemAvailable:    1480700 kB
Buffers:          100592 kB
Cached:          1204320 kB
MemTotal:        1844596 kB
MemFree:          190912 kB
MemAvailable:    1475876 kB
Buffers:          100592 kB
Cached:          1204320 kB
MemTotal:        1844596 kB
MemFree:          188308 kB
MemAvailable:    1473272 kB
Buffers:          100592 kB
Cached:          1204320 kB
MemTotal:        1844596 kB
MemFree:          184828 kB
MemAvailable:    1469792 kB
Buffers:          100592 kB
Cached:          1204320 kB
MemTotal:        1844596 kB
MemFree:          184828 kB
MemAvailable:    1469792 kB
Buffers:          100592 kB
Cached:          1204320 kB
MemTotal:        1844596 kB
MemFree:          184884 kB
MemAvailable:    1469848 kB
Buffers:          100592 kB
Cached:          1204320 kB
MemTotal:        1844596 kB
MemFree:          183968 kB
MemAvailable:    1468932 kB
Buffers:          100592 kB
Cached:          1204320 kB
MemTotal:        1844596 kB
MemFree:          184824 kB
MemAvailable:    1469788 kB
Buffers:          100592 kB
Cached:          1204320 kB
MemTotal:        1844596 kB
MemFree:          183968 kB
MemAvailable:    1468932 kB
Buffers:          100592 kB
Cached:          1204320 kB
MemTotal:        1844596 kB
MemFree:          184616 kB
MemAvailable:    1469584 kB
Buffers:          100592 kB
Cached:          1204324 kB
MemTotal:        1844596 kB
MemFree:          184588 kB
MemAvailable:    1469556 kB
Buffers:          100592 kB
Cached:          1204324 kB
MemTotal:        1844596 kB
MemFree:          183584 kB
MemAvailable:    1468552 kB
Buffers:          100592 kB
Cached:          1204324 kB
MemTotal:        1844596 kB
MemFree:          184824 kB
MemAvailable:    1469792 kB
Buffers:          100592 kB
Cached:          1204324 kB
MemTotal:        1844596 kB
MemFree:          184804 kB
MemAvailable:    1469772 kB
Buffers:          100592 kB
Cached:          1204324 kB
MemTotal:        1844596 kB
MemFree:          184888 kB
MemAvailable:    1469856 kB
Buffers:          100592 kB
Cached:          1204324 kB
MemTotal:        1844596 kB
MemFree:          183580 kB
MemAvailable:    1468548 kB
Buffers:          100592 kB
Cached:          1204324 kB
MemTotal:        1844596 kB
MemFree:          184696 kB
MemAvailable:    1469664 kB
Buffers:          100592 kB
Cached:          1204324 kB
MemTotal:        1844596 kB
MemFree:          183580 kB
MemAvailable:    1468548 kB
Buffers:          100592 kB
Cached:          1204324 kB
MemTotal:        1844596 kB
MemFree:          184820 kB
MemAvailable:    1469788 kB
Buffers:          100592 kB
Cached:          1204324 kB
MemTotal:        1844596 kB
MemFree:          184932 kB
MemAvailable:    1469900 kB
Buffers:          100592 kB
Cached:          1204324 kB
MemTotal:        1844596 kB
MemFree:          184644 kB
MemAvailable:    1469612 kB
Buffers:          100592 kB
Cached:          1204324 kB
MemTotal:        1844596 kB
MemFree:          184776 kB
MemAvailable:    1469744 kB
Buffers:          100592 kB
Cached:          1204324 kB
MemTotal:        1844596 kB
MemFree:          184508 kB
MemAvailable:    1469476 kB
Buffers:          100592 kB
Cached:          1204324 kB
MemTotal:        1844596 kB
MemFree:          183392 kB
MemAvailable:    1468360 kB
Buffers:          100592 kB
Cached:          1204324 kB
MemTotal:        1844596 kB
MemFree:          183384 kB
MemAvailable:    1468352 kB
Buffers:          100592 kB
Cached:          1204324 kB
MemTotal:        1844596 kB
MemFree:          184660 kB
MemAvailable:    1469628 kB
Buffers:          100592 kB
Cached:          1204324 kB
MemTotal:        1844596 kB
MemFree:          184216 kB
MemAvailable:    1469184 kB
Buffers:          100592 kB
Cached:          1204324 kB
MemTotal:        1844596 kB
MemFree:          184752 kB
MemAvailable:    1469720 kB
Buffers:          100592 kB
Cached:          1204324 kB
MemTotal:        1844596 kB
MemFree:          184816 kB
MemAvailable:    1469784 kB
Buffers:          100592 kB
Cached:          1204324 kB
MemTotal:        1844596 kB
MemFree:          183404 kB
MemAvailable:    1468372 kB
Buffers:          100592 kB
Cached:          1204324 kB
MemTotal:        1844596 kB
MemFree:          184688 kB
MemAvailable:    1469656 kB
Buffers:          100592 kB
Cached:          1204324 kB
MemTotal:        1844596 kB
MemFree:          184844 kB
MemAvailable:    1469812 kB
Buffers:          100592 kB
Cached:          1204324 kB
MemTotal:        1844596 kB
MemFree:          184640 kB
MemAvailable:    1469608 kB
Buffers:          100592 kB
Cached:          1204324 kB
MemTotal:        1844596 kB
MemFree:          183464 kB
MemAvailable:    1468432 kB
Buffers:          100592 kB
Cached:          1204324 kB
MemTotal:        1844596 kB
MemFree:          183588 kB
MemAvailable:    1468556 kB
Buffers:          100592 kB
Cached:          1204324 kB
MemTotal:        1844596 kB
MemFree:          183416 kB
MemAvailable:    1468384 kB
Buffers:          100592 kB
Cached:          1204324 kB
MemTotal:        1844596 kB
MemFree:          184776 kB
MemAvailable:    1469744 kB
Buffers:          100592 kB
Cached:          1204324 kB
MemTotal:        1844596 kB
MemFree:          183468 kB
MemAvailable:    1468440 kB
Buffers:          100592 kB
Cached:          1204328 kB
MemTotal:        1844596 kB
MemFree:          184940 kB
MemAvailable:    1469912 kB
Buffers:          100592 kB
Cached:          1204328 kB
MemTotal:        1844596 kB
MemFree:          184816 kB
MemAvailable:    1469788 kB
Buffers:          100592 kB
Cached:          1204328 kB
MemTotal:        1844596 kB
MemFree:          184696 kB
MemAvailable:    1469668 kB
Buffers:          100592 kB
Cached:          1204328 kB
MemTotal:        1844596 kB
MemFree:          184756 kB
MemAvailable:    1469728 kB
Buffers:          100592 kB
Cached:          1204328 kB
MemTotal:        1844596 kB
MemFree:          183460 kB
MemAvailable:    1468432 kB
Buffers:          100592 kB
Cached:          1204328 kB
MemTotal:        1844596 kB
MemFree:          183460 kB
MemAvailable:    1468432 kB
Buffers:          100592 kB
Cached:          1204328 kB
MemTotal:        1844596 kB
MemFree:          184604 kB
MemAvailable:    1469576 kB
Buffers:          100592 kB
Cached:          1204328 kB
MemTotal:        1844596 kB
MemFree:          184756 kB
MemAvailable:    1469728 kB
Buffers:          100592 kB
Cached:          1204328 kB
MemTotal:        1844596 kB
MemFree:          183504 kB
MemAvailable:    1468476 kB
Buffers:          100592 kB
Cached:          1204328 kB
MemTotal:        1844596 kB
MemFree:          184932 kB
MemAvailable:    1469904 kB
Buffers:          100592 kB
Cached:          1204328 kB
MemTotal:        1844596 kB
MemFree:          183620 kB
MemAvailable:    1468592 kB
Buffers:          100592 kB
Cached:          1204328 kB
MemTotal:        1844596 kB
MemFree:          184748 kB
MemAvailable:    1469720 kB
Buffers:          100592 kB
Cached:          1204328 kB
MemTotal:        1844596 kB
MemFree:          183888 kB
MemAvailable:    1468860 kB
Buffers:          100592 kB
Cached:          1204328 kB
MemTotal:        1844596 kB
MemFree:          184376 kB
MemAvailable:    1469348 kB
Buffers:          100592 kB
Cached:          1204328 kB
MemTotal:        1844596 kB
MemFree:          184020 kB
MemAvailable:    1468992 kB
Buffers:          100592 kB
Cached:          1204328 kB
MemTotal:        1844596 kB
MemFree:          184064 kB
MemAvailable:    1469036 kB
Buffers:          100592 kB
Cached:          1204328 kB
MemTotal:        1844596 kB
MemFree:          183948 kB
MemAvailable:    1468920 kB
Buffers:          100592 kB
Cached:          1204328 kB
MemTotal:        1844596 kB
MemFree:          184068 kB
MemAvailable:    1469040 kB
Buffers:          100592 kB
Cached:          1204328 kB
MemTotal:        1844596 kB
MemFree:          183684 kB
MemAvailable:    1468656 kB
Buffers:          100592 kB
Cached:          1204328 kB
MemTotal:        1844596 kB
MemFree:          182336 kB
MemAvailable:    1467308 kB
Buffers:          100592 kB
Cached:          1204328 kB
MemTotal:        1844596 kB
MemFree:          182204 kB
MemAvailable:    1467176 kB
Buffers:          100592 kB
Cached:          1204328 kB
MemTotal:        1844596 kB
MemFree:          183488 kB
MemAvailable:    1468460 kB
Buffers:          100592 kB
Cached:          1204328 kB
MemTotal:        1844596 kB
MemFree:          183544 kB
MemAvailable:    1468516 kB
Buffers:          100592 kB
Cached:          1204328 kB
MemTotal:        1844596 kB
MemFree:          183452 kB
MemAvailable:    1468424 kB
Buffers:          100592 kB
Cached:          1204328 kB
MemTotal:        1844596 kB
MemFree:          183204 kB
MemAvailable:    1468176 kB
Buffers:          100592 kB
Cached:          1204328 kB
MemTotal:        1844596 kB
MemFree:          183540 kB
MemAvailable:    1468512 kB
Buffers:          100592 kB
Cached:          1204328 kB
MemTotal:        1844596 kB
MemFree:          183248 kB
MemAvailable:    1468220 kB
Buffers:          100592 kB
Cached:          1204328 kB
MemTotal:        1844596 kB
MemFree:          183332 kB
MemAvailable:    1468304 kB
Buffers:          100592 kB
Cached:          1204328 kB
MemTotal:        1844596 kB
MemFree:          183136 kB
MemAvailable:    1468108 kB
Buffers:          100592 kB
Cached:          1204328 kB
MemTotal:        1844596 kB
MemFree:          183276 kB
MemAvailable:    1468248 kB
Buffers:          100592 kB
Cached:          1204328 kB
MemTotal:        1844596 kB
MemFree:          183072 kB
MemAvailable:    1468044 kB
Buffers:          100592 kB
Cached:          1204328 kB
MemTotal:        1844596 kB
MemFree:          181980 kB
MemAvailable:    1466952 kB
Buffers:          100592 kB
Cached:          1204328 kB
MemTotal:        1844596 kB
MemFree:          183128 kB
MemAvailable:    1468100 kB
Buffers:          100592 kB
Cached:          1204328 kB
MemTotal:        1844596 kB
MemFree:          182524 kB
MemAvailable:    1467496 kB
Buffers:          100592 kB
Cached:          1204328 kB
MemTotal:        1844596 kB
MemFree:          182096 kB
MemAvailable:    1467068 kB
Buffers:          100592 kB
Cached:          1204328 kB
MemTotal:        1844596 kB
MemFree:          182016 kB
MemAvailable:    1466988 kB
Buffers:          100592 kB
Cached:          1204328 kB
MemTotal:        1844596 kB
MemFree:          182784 kB
MemAvailable:    1467756 kB
Buffers:          100592 kB
Cached:          1204328 kB
MemTotal:        1844596 kB
MemFree:          181856 kB
MemAvailable:    1466828 kB
Buffers:          100592 kB
Cached:          1204328 kB
MemTotal:        1844596 kB
MemFree:          181856 kB
MemAvailable:    1466828 kB
Buffers:          100592 kB
Cached:          1204328 kB
MemTotal:        1844596 kB
MemFree:          183068 kB
MemAvailable:    1468040 kB
Buffers:          100592 kB
Cached:          1204328 kB
MemTotal:        1844596 kB
MemFree:          181780 kB
MemAvailable:    1466752 kB
Buffers:          100592 kB
Cached:          1204328 kB
MemTotal:        1844596 kB
MemFree:          178432 kB
MemAvailable:    1463404 kB
Buffers:          100592 kB
Cached:          1204328 kB
MemTotal:        1844596 kB
MemFree:          173828 kB
MemAvailable:    1458800 kB
Buffers:          100592 kB
Cached:          1204328 kB
MemTotal:        1844596 kB
MemFree:          173596 kB
MemAvailable:    1458568 kB
Buffers:          100592 kB
Cached:          1204328 kB
MemTotal:        1844596 kB
MemFree:          172480 kB
MemAvailable:    1457452 kB
Buffers:          100592 kB
Cached:          1204328 kB
MemTotal:        1844596 kB
MemFree:          171720 kB
MemAvailable:    1456692 kB
Buffers:          100592 kB
Cached:          1204328 kB
MemTotal:        1844596 kB
MemFree:          171488 kB
MemAvailable:    1456460 kB
Buffers:          100592 kB
Cached:          1204328 kB
MemTotal:        1844596 kB
MemFree:          171484 kB
MemAvailable:    1456456 kB
Buffers:          100592 kB
Cached:          1204328 kB
MemTotal:        1844596 kB
MemFree:          170184 kB
MemAvailable:    1455156 kB
Buffers:          100592 kB
Cached:          1204328 kB
MemTotal:        1844596 kB
MemFree:          171384 kB
MemAvailable:    1456356 kB
Buffers:          100592 kB
Cached:          1204328 kB
MemTotal:        1844596 kB
MemFree:          170000 kB
MemAvailable:    1454972 kB
Buffers:          100592 kB
Cached:          1204328 kB
MemTotal:        1844596 kB
MemFree:          170784 kB
MemAvailable:    1455756 kB
Buffers:          100592 kB
Cached:          1204328 kB
MemTotal:        1844596 kB
MemFree:          168884 kB
MemAvailable:    1453856 kB
Buffers:          100592 kB
Cached:          1204328 kB
MemTotal:        1844596 kB
MemFree:          169124 kB
MemAvailable:    1454096 kB
Buffers:          100592 kB
Cached:          1204328 kB
MemTotal:        1844596 kB
MemFree:          168396 kB
MemAvailable:    1453368 kB
Buffers:          100592 kB
Cached:          1204328 kB
MemTotal:        1844596 kB
MemFree:          168264 kB
MemAvailable:    1453236 kB
Buffers:          100592 kB
Cached:          1204328 kB
MemTotal:        1844596 kB
MemFree:          167024 kB
MemAvailable:    1451996 kB
Buffers:          100592 kB
Cached:          1204328 kB
MemTotal:        1844596 kB
MemFree:          166900 kB
MemAvailable:    1451872 kB
Buffers:          100592 kB
Cached:          1204328 kB
MemTotal:        1844596 kB
MemFree:          168000 kB
MemAvailable:    1452972 kB
Buffers:          100592 kB
Cached:          1204328 kB
MemTotal:        1844596 kB
MemFree:          167644 kB
MemAvailable:    1452616 kB
Buffers:          100592 kB
Cached:          1204328 kB
MemTotal:        1844596 kB
MemFree:          168064 kB
MemAvailable:    1453036 kB
Buffers:          100592 kB
Cached:          1204328 kB
MemTotal:        1844596 kB
MemFree:          166716 kB
MemAvailable:    1451688 kB
Buffers:          100592 kB
Cached:          1204328 kB
MemTotal:        1844596 kB
MemFree:          167812 kB
MemAvailable:    1452784 kB
Buffers:          100592 kB
Cached:          1204328 kB
MemTotal:        1844596 kB
MemFree:          168148 kB
MemAvailable:    1453120 kB
Buffers:          100592 kB
Cached:          1204328 kB
MemTotal:        1844596 kB
MemFree:          168016 kB
MemAvailable:    1452988 kB
Buffers:          100592 kB
Cached:          1204328 kB
MemTotal:        1844596 kB
MemFree:          168220 kB
MemAvailable:    1453192 kB
Buffers:          100592 kB
Cached:          1204328 kB
MemTotal:        1844596 kB
MemFree:          166768 kB
MemAvailable:    1451740 kB
Buffers:          100592 kB
Cached:          1204328 kB
MemTotal:        1844596 kB
MemFree:          166776 kB
MemAvailable:    1451748 kB
Buffers:          100592 kB
Cached:          1204328 kB
MemTotal:        1844596 kB
MemFree:          167760 kB
MemAvailable:    1452740 kB
Buffers:          100592 kB
Cached:          1204336 kB
MemTotal:        1844596 kB
MemFree:          166280 kB
MemAvailable:    1451260 kB
Buffers:          100592 kB
Cached:          1204336 kB
MemTotal:        1844596 kB
MemFree:          167004 kB
MemAvailable:    1451984 kB
Buffers:          100592 kB
Cached:          1204336 kB
MemTotal:        1844596 kB
MemFree:          166784 kB
MemAvailable:    1451764 kB
Buffers:          100592 kB
Cached:          1204336 kB
MemTotal:        1844596 kB
MemFree:          166216 kB
MemAvailable:    1451196 kB
Buffers:          100592 kB
Cached:          1204336 kB
MemTotal:        1844596 kB
MemFree:          165048 kB
MemAvailable:    1450028 kB
Buffers:          100592 kB
Cached:          1204336 kB
MemTotal:        1844596 kB
MemFree:          165900 kB
MemAvailable:    1450880 kB
Buffers:          100592 kB
Cached:          1204336 kB
MemTotal:        1844596 kB
MemFree:          165916 kB
MemAvailable:    1450896 kB
Buffers:          100592 kB
Cached:          1204336 kB
MemTotal:        1844596 kB
MemFree:          165412 kB
MemAvailable:    1450392 kB
Buffers:          100592 kB
Cached:          1204336 kB
MemTotal:        1844596 kB
MemFree:          164040 kB
MemAvailable:    1449020 kB
Buffers:          100592 kB
Cached:          1204336 kB
MemTotal:        1844596 kB
MemFree:          164652 kB
MemAvailable:    1449632 kB
Buffers:          100592 kB
Cached:          1204336 kB
MemTotal:        1844596 kB
MemFree:          164048 kB
MemAvailable:    1449028 kB
Buffers:          100592 kB
Cached:          1204336 kB
MemTotal:        1844596 kB
MemFree:          164392 kB
MemAvailable:    1449372 kB
Buffers:          100592 kB
Cached:          1204336 kB
MemTotal:        1844596 kB
MemFree:          164644 kB
MemAvailable:    1449624 kB
Buffers:          100592 kB
Cached:          1204336 kB
MemTotal:        1844596 kB
MemFree:          163372 kB
MemAvailable:    1448352 kB
Buffers:          100592 kB
Cached:          1204336 kB
MemTotal:        1844596 kB
MemFree:          163372 kB
MemAvailable:    1448352 kB
Buffers:          100592 kB
Cached:          1204336 kB
MemTotal:        1844596 kB
MemFree:          163304 kB
MemAvailable:    1448284 kB
Buffers:          100592 kB
Cached:          1204336 kB
MemTotal:        1844596 kB
MemFree:          163056 kB
MemAvailable:    1448036 kB
Buffers:          100592 kB
Cached:          1204336 kB
MemTotal:        1844596 kB
MemFree:          162932 kB
MemAvailable:    1447912 kB
Buffers:          100592 kB
Cached:          1204336 kB
MemTotal:        1844596 kB
MemFree:          162932 kB
MemAvailable:    1447912 kB
Buffers:          100592 kB
Cached:          1204336 kB
MemTotal:        1844596 kB
MemFree:          163776 kB
MemAvailable:    1448756 kB
Buffers:          100592 kB
Cached:          1204336 kB
MemTotal:        1844596 kB
MemFree:          163800 kB
MemAvailable:    1448780 kB
Buffers:          100592 kB
Cached:          1204336 kB
MemTotal:        1844596 kB
MemFree:          163612 kB
MemAvailable:    1448592 kB
Buffers:          100592 kB
Cached:          1204336 kB
MemTotal:        1844596 kB
MemFree:          163948 kB
MemAvailable:    1448928 kB
Buffers:          100592 kB
Cached:          1204336 kB
MemTotal:        1844596 kB
MemFree:          162624 kB
MemAvailable:    1447604 kB
Buffers:          100592 kB
Cached:          1204336 kB
MemTotal:        1844596 kB
MemFree:          163732 kB
MemAvailable:    1448712 kB
Buffers:          100592 kB
Cached:          1204336 kB
MemTotal:        1844596 kB
MemFree:          163188 kB
MemAvailable:    1448168 kB
Buffers:          100592 kB
Cached:          1204336 kB
MemTotal:        1844596 kB
MemFree:          162304 kB
MemAvailable:    1447284 kB
Buffers:          100592 kB
Cached:          1204336 kB
MemTotal:        1844596 kB
MemFree:          162388 kB
MemAvailable:    1447368 kB
Buffers:          100592 kB
Cached:          1204336 kB
MemTotal:        1844596 kB
MemFree:          162300 kB
MemAvailable:    1447280 kB
Buffers:          100592 kB
Cached:          1204336 kB
MemTotal:        1844596 kB
MemFree:          163612 kB
MemAvailable:    1448592 kB
Buffers:          100592 kB
Cached:          1204336 kB
MemTotal:        1844596 kB
MemFree:          163780 kB
MemAvailable:    1448760 kB
Buffers:          100592 kB
Cached:          1204336 kB
MemTotal:        1844596 kB
MemFree:          163504 kB
MemAvailable:    1448484 kB
Buffers:          100592 kB
Cached:          1204336 kB
MemTotal:        1844596 kB
MemFree:          162508 kB
MemAvailable:    1447488 kB
Buffers:          100592 kB
Cached:          1204336 kB
MemTotal:        1844596 kB
MemFree:          163776 kB
MemAvailable:    1448756 kB
Buffers:          100592 kB
Cached:          1204336 kB
MemTotal:        1844596 kB
MemFree:          163612 kB
MemAvailable:    1448592 kB
Buffers:          100592 kB
Cached:          1204336 kB
MemTotal:        1844596 kB
MemFree:          162436 kB
MemAvailable:    1447416 kB
Buffers:          100592 kB
Cached:          1204336 kB
MemTotal:        1844596 kB
MemFree:          162264 kB
MemAvailable:    1447244 kB
Buffers:          100592 kB
Cached:          1204336 kB
MemTotal:        1844596 kB
MemFree:          163536 kB
MemAvailable:    1448516 kB
Buffers:          100592 kB
Cached:          1204336 kB
MemTotal:        1844596 kB
MemFree:          163788 kB
MemAvailable:    1448768 kB
Buffers:          100592 kB
Cached:          1204336 kB
MemTotal:        1844596 kB
MemFree:          161436 kB
MemAvailable:    1446416 kB
Buffers:          100592 kB
Cached:          1204336 kB
MemTotal:        1844596 kB
MemFree:          162684 kB
MemAvailable:    1447664 kB
Buffers:          100592 kB
Cached:          1204336 kB
MemTotal:        1844596 kB
MemFree:          161064 kB
MemAvailable:    1446044 kB
Buffers:          100592 kB
Cached:          1204336 kB
MemTotal:        1844596 kB
MemFree:          160948 kB
MemAvailable:    1445928 kB
Buffers:          100592 kB
Cached:          1204336 kB
MemTotal:        1844596 kB
MemFree:          161132 kB
MemAvailable:    1446112 kB
Buffers:          100592 kB
Cached:          1204336 kB
MemTotal:        1844596 kB
MemFree:          159220 kB
MemAvailable:    1444200 kB
Buffers:          100592 kB
Cached:          1204336 kB
MemTotal:        1844596 kB
MemFree:          157600 kB
MemAvailable:    1442580 kB
Buffers:          100592 kB
Cached:          1204336 kB
MemTotal:        1844596 kB
MemFree:          154616 kB
MemAvailable:    1439596 kB
Buffers:          100592 kB
Cached:          1204336 kB
MemTotal:        1844596 kB
MemFree:          153072 kB
MemAvailable:    1438052 kB
Buffers:          100592 kB
Cached:          1204336 kB
MemTotal:        1844596 kB
MemFree:          151144 kB
MemAvailable:    1436124 kB
Buffers:          100592 kB
Cached:          1204336 kB
MemTotal:        1844596 kB
MemFree:          145324 kB
MemAvailable:    1430304 kB
Buffers:          100592 kB
Cached:          1204336 kB
MemTotal:        1844596 kB
MemFree:          145508 kB
MemAvailable:    1430488 kB
Buffers:          100592 kB
Cached:          1204336 kB
MemTotal:        1844596 kB
MemFree:          144068 kB
MemAvailable:    1429048 kB
Buffers:          100592 kB
Cached:          1204336 kB
MemTotal:        1844596 kB
MemFree:          145004 kB
MemAvailable:    1429984 kB
Buffers:          100592 kB
Cached:          1204336 kB
MemTotal:        1844596 kB
MemFree:          145256 kB
MemAvailable:    1430236 kB
Buffers:          100592 kB
Cached:          1204336 kB
MemTotal:        1844596 kB
MemFree:          145188 kB
MemAvailable:    1430168 kB
Buffers:          100592 kB
Cached:          1204336 kB
MemTotal:        1844596 kB
MemFree:          143960 kB
MemAvailable:    1428940 kB
Buffers:          100592 kB
Cached:          1204336 kB
MemTotal:        1844596 kB
MemFree:          144880 kB
MemAvailable:    1429864 kB
Buffers:          100592 kB
Cached:          1204340 kB
MemTotal:        1844596 kB
MemFree:          145012 kB
MemAvailable:    1429996 kB
Buffers:          100592 kB
Cached:          1204340 kB
MemTotal:        1844596 kB
MemFree:          144208 kB
MemAvailable:    1429192 kB
Buffers:          100592 kB
Cached:          1204340 kB
MemTotal:        1844596 kB
MemFree:          144860 kB
MemAvailable:    1429848 kB
Buffers:          100592 kB
Cached:          1204344 kB
MemTotal:        1844596 kB
MemFree:          144584 kB
MemAvailable:    1429572 kB
Buffers:          100592 kB
Cached:          1204344 kB
MemTotal:        1844596 kB
MemFree:          143660 kB
MemAvailable:    1428648 kB
Buffers:          100592 kB
Cached:          1204344 kB
MemTotal:        1844596 kB
MemFree:          143660 kB
MemAvailable:    1428648 kB
Buffers:          100592 kB
Cached:          1204344 kB
MemTotal:        1844596 kB
MemFree:          145128 kB
MemAvailable:    1430116 kB
Buffers:          100592 kB
Cached:          1204344 kB
MemTotal:        1844596 kB
MemFree:          144584 kB
MemAvailable:    1429572 kB
Buffers:          100592 kB
Cached:          1204344 kB
MemTotal:        1844596 kB
MemFree:          144256 kB
MemAvailable:    1429244 kB
Buffers:          100592 kB
Cached:          1204344 kB
MemTotal:        1844596 kB
MemFree:          143204 kB
MemAvailable:    1428192 kB
Buffers:          100592 kB
Cached:          1204344 kB
MemTotal:        1844596 kB
MemFree:          144196 kB
MemAvailable:    1429184 kB
Buffers:          100592 kB
Cached:          1204344 kB
MemTotal:        1844596 kB
MemFree:          143956 kB
MemAvailable:    1428944 kB
Buffers:          100592 kB
Cached:          1204344 kB
MemTotal:        1844596 kB
MemFree:          144212 kB
MemAvailable:    1429200 kB
Buffers:          100592 kB
Cached:          1204344 kB
MemTotal:        1844596 kB
MemFree:          144072 kB
MemAvailable:    1429064 kB
Buffers:          100592 kB
Cached:          1204348 kB
MemTotal:        1844596 kB
MemFree:          143592 kB
MemAvailable:    1428584 kB
Buffers:          100592 kB
Cached:          1204348 kB
MemTotal:        1844596 kB
MemFree:          144280 kB
MemAvailable:    1429272 kB
Buffers:          100592 kB
Cached:          1204348 kB
MemTotal:        1844596 kB
MemFree:          144088 kB
MemAvailable:    1429080 kB
Buffers:          100592 kB
Cached:          1204348 kB
MemTotal:        1844596 kB
MemFree:          143344 kB
MemAvailable:    1428336 kB
Buffers:          100592 kB
Cached:          1204348 kB
MemTotal:        1844596 kB
MemFree:          144076 kB
MemAvailable:    1429068 kB
Buffers:          100592 kB
Cached:          1204348 kB
MemTotal:        1844596 kB
MemFree:          142708 kB
MemAvailable:    1427700 kB
Buffers:          100592 kB
Cached:          1204348 kB
MemTotal:        1844596 kB
MemFree:          144088 kB
MemAvailable:    1429080 kB
Buffers:          100592 kB
Cached:          1204348 kB
MemTotal:        1844596 kB
MemFree:          142848 kB
MemAvailable:    1427840 kB
Buffers:          100592 kB
Cached:          1204348 kB
MemTotal:        1844596 kB
MemFree:          142848 kB
MemAvailable:    1427840 kB
Buffers:          100592 kB
Cached:          1204348 kB
MemTotal:        1844596 kB
MemFree:          142848 kB
MemAvailable:    1427840 kB
Buffers:          100592 kB
Cached:          1204348 kB
MemTotal:        1844596 kB
MemFree:          142972 kB
MemAvailable:    1427964 kB
Buffers:          100592 kB
Cached:          1204348 kB
MemTotal:        1844596 kB
MemFree:          142840 kB
MemAvailable:    1427832 kB
Buffers:          100592 kB
Cached:          1204348 kB
MemTotal:        1844596 kB
MemFree:          140120 kB
MemAvailable:    1425112 kB
Buffers:          100592 kB
Cached:          1204348 kB
MemTotal:        1844596 kB
MemFree:          137576 kB
MemAvailable:    1422568 kB
Buffers:          100592 kB
Cached:          1204348 kB
MemTotal:        1844596 kB
MemFree:          135408 kB
MemAvailable:    1420400 kB
Buffers:          100592 kB
Cached:          1204348 kB
MemTotal:        1844596 kB
MemFree:          131740 kB
MemAvailable:    1416732 kB
Buffers:          100592 kB
Cached:          1204348 kB
MemTotal:        1844596 kB
MemFree:          128092 kB
MemAvailable:    1413084 kB
Buffers:          100592 kB
Cached:          1204348 kB
MemTotal:        1844596 kB
MemFree:          125844 kB
MemAvailable:    1410836 kB
Buffers:          100592 kB
Cached:          1204348 kB
MemTotal:        1844596 kB
MemFree:          125116 kB
MemAvailable:    1410108 kB
Buffers:          100592 kB
Cached:          1204348 kB
MemTotal:        1844596 kB
MemFree:          125740 kB
MemAvailable:    1410732 kB
Buffers:          100592 kB
Cached:          1204348 kB
MemTotal:        1844596 kB
MemFree:          124688 kB
MemAvailable:    1409680 kB
Buffers:          100592 kB
Cached:          1204348 kB
MemTotal:        1844596 kB
MemFree:          124688 kB
MemAvailable:    1409680 kB
Buffers:          100592 kB
Cached:          1204348 kB
MemTotal:        1844596 kB
MemFree:          124688 kB
MemAvailable:    1409680 kB
Buffers:          100592 kB
Cached:          1204348 kB
MemTotal:        1844596 kB
MemFree:          125672 kB
MemAvailable:    1410664 kB
Buffers:          100592 kB
Cached:          1204348 kB
MemTotal:        1844596 kB
MemFree:          125124 kB
MemAvailable:    1410116 kB
Buffers:          100592 kB
Cached:          1204348 kB
MemTotal:        1844596 kB
MemFree:          125860 kB
MemAvailable:    1410852 kB
Buffers:          100592 kB
Cached:          1204348 kB
MemTotal:        1844596 kB
MemFree:          125124 kB
MemAvailable:    1410116 kB
Buffers:          100592 kB
Cached:          1204348 kB
MemTotal:        1844596 kB
MemFree:          125880 kB
MemAvailable:    1410872 kB
Buffers:          100592 kB
Cached:          1204348 kB
MemTotal:        1844596 kB
MemFree:          125796 kB
MemAvailable:    1410788 kB
Buffers:          100592 kB
Cached:          1204348 kB
MemTotal:        1844596 kB
MemFree:          125796 kB
MemAvailable:    1410788 kB
Buffers:          100592 kB
Cached:          1204348 kB
MemTotal:        1844596 kB
MemFree:          125804 kB
MemAvailable:    1410796 kB
Buffers:          100592 kB
Cached:          1204348 kB
MemTotal:        1844596 kB
MemFree:          124620 kB
MemAvailable:    1409612 kB
Buffers:          100592 kB
Cached:          1204348 kB
MemTotal:        1844596 kB
MemFree:          124448 kB
MemAvailable:    1409440 kB
Buffers:          100592 kB
Cached:          1204348 kB
MemTotal:        1844596 kB
MemFree:          124608 kB
MemAvailable:    1409600 kB
Buffers:          100592 kB
Cached:          1204348 kB
MemTotal:        1844596 kB
MemFree:          125748 kB
MemAvailable:    1410740 kB
Buffers:          100592 kB
Cached:          1204348 kB
MemTotal:        1844596 kB
MemFree:          124568 kB
MemAvailable:    1409560 kB
Buffers:          100592 kB
Cached:          1204348 kB
MemTotal:        1844596 kB
MemFree:          124436 kB
MemAvailable:    1409428 kB
Buffers:          100592 kB
Cached:          1204348 kB
MemTotal:        1844596 kB
MemFree:          125868 kB
MemAvailable:    1410860 kB
Buffers:          100592 kB
Cached:          1204348 kB
MemTotal:        1844596 kB
MemFree:          125928 kB
MemAvailable:    1410920 kB
Buffers:          100592 kB
Cached:          1204348 kB
MemTotal:        1844596 kB
MemFree:          124680 kB
MemAvailable:    1409672 kB
Buffers:          100592 kB
Cached:          1204348 kB
MemTotal:        1844596 kB
MemFree:          125820 kB
MemAvailable:    1410812 kB
Buffers:          100592 kB
Cached:          1204348 kB
MemTotal:        1844596 kB
MemFree:          124992 kB
MemAvailable:    1409984 kB
Buffers:          100592 kB
Cached:          1204348 kB
MemTotal:        1844596 kB
MemFree:          124496 kB
MemAvailable:    1409492 kB
Buffers:          100592 kB
Cached:          1204352 kB
MemTotal:        1844596 kB
MemFree:          124580 kB
MemAvailable:    1409576 kB
Buffers:          100592 kB
Cached:          1204352 kB
MemTotal:        1844596 kB
MemFree:          124704 kB
MemAvailable:    1409700 kB
Buffers:          100592 kB
Cached:          1204352 kB
MemTotal:        1844596 kB
MemFree:          124612 kB
MemAvailable:    1409608 kB
Buffers:          100592 kB
Cached:          1204352 kB
MemTotal:        1844596 kB
MemFree:          124608 kB
MemAvailable:    1409604 kB
Buffers:          100592 kB
Cached:          1204352 kB
MemTotal:        1844596 kB
MemFree:          124436 kB
MemAvailable:    1409432 kB
Buffers:          100592 kB
Cached:          1204352 kB
MemTotal:        1844596 kB
MemFree:          124560 kB
MemAvailable:    1409556 kB
Buffers:          100592 kB
Cached:          1204352 kB
MemTotal:        1844596 kB
MemFree:          125800 kB
MemAvailable:    1410796 kB
Buffers:          100592 kB
Cached:          1204352 kB
MemTotal:        1844596 kB
MemFree:          125656 kB
MemAvailable:    1410652 kB
Buffers:          100592 kB
Cached:          1204352 kB
MemTotal:        1844596 kB
MemFree:          125488 kB
MemAvailable:    1410484 kB
Buffers:          100592 kB
Cached:          1204352 kB
MemTotal:        1844596 kB
MemFree:          123812 kB
MemAvailable:    1408808 kB
Buffers:          100592 kB
Cached:          1204352 kB
MemTotal:        1844596 kB
MemFree:          119744 kB
MemAvailable:    1404740 kB
Buffers:          100592 kB
Cached:          1204352 kB
MemTotal:        1844596 kB
MemFree:          115196 kB
MemAvailable:    1400192 kB
Buffers:          100592 kB
Cached:          1204352 kB
MemTotal:        1844596 kB
MemFree:          110608 kB
MemAvailable:    1395604 kB
Buffers:          100592 kB
Cached:          1204352 kB
MemTotal:        1844596 kB
MemFree:          107244 kB
MemAvailable:    1392240 kB
Buffers:          100592 kB
Cached:          1204352 kB
MemTotal:        1844596 kB
MemFree:          108484 kB
MemAvailable:    1393480 kB
Buffers:          100592 kB
Cached:          1204352 kB
MemTotal:        1844596 kB
MemFree:          108136 kB
MemAvailable:    1393132 kB
Buffers:          100592 kB
Cached:          1204352 kB
MemTotal:        1844596 kB
MemFree:          108380 kB
MemAvailable:    1393376 kB
Buffers:          100592 kB
Cached:          1204352 kB
MemTotal:        1844596 kB
MemFree:          107268 kB
MemAvailable:    1392264 kB
Buffers:          100592 kB
Cached:          1204352 kB
MemTotal:        1844596 kB
MemFree:          107616 kB
MemAvailable:    1392612 kB
Buffers:          100592 kB
Cached:          1204352 kB
MemTotal:        1844596 kB
MemFree:          107952 kB
MemAvailable:    1392948 kB
Buffers:          100592 kB
Cached:          1204352 kB
MemTotal:        1844596 kB
MemFree:          107616 kB
MemAvailable:    1392612 kB
Buffers:          100592 kB
Cached:          1204352 kB
MemTotal:        1844596 kB
MemFree:          107428 kB
MemAvailable:    1392428 kB
Buffers:          100592 kB
Cached:          1204356 kB
MemTotal:        1844596 kB
MemFree:          107384 kB
MemAvailable:    1392384 kB
Buffers:          100592 kB
Cached:          1204356 kB
MemTotal:        1844596 kB
MemFree:          107188 kB
MemAvailable:    1392188 kB
Buffers:          100592 kB
Cached:          1204356 kB
MemTotal:        1844596 kB
MemFree:          106028 kB
MemAvailable:    1391028 kB
Buffers:          100592 kB
Cached:          1204356 kB
MemTotal:        1844596 kB
MemFree:          106712 kB
MemAvailable:    1391712 kB
Buffers:          100592 kB
Cached:          1204356 kB
MemTotal:        1844596 kB
MemFree:          107048 kB
MemAvailable:    1392048 kB
Buffers:          100592 kB
Cached:          1204356 kB
MemTotal:        1844596 kB
MemFree:          105604 kB
MemAvailable:    1390604 kB
Buffers:          100592 kB
Cached:          1204356 kB
MemTotal:        1844596 kB
MemFree:          105404 kB
MemAvailable:    1390404 kB
Buffers:          100592 kB
Cached:          1204356 kB
MemTotal:        1844596 kB
MemFree:          105032 kB
MemAvailable:    1390032 kB
Buffers:          100592 kB
Cached:          1204356 kB
MemTotal:        1844596 kB
MemFree:          106024 kB
MemAvailable:    1391024 kB
Buffers:          100592 kB
Cached:          1204356 kB
MemTotal:        1844596 kB
MemFree:          105520 kB
MemAvailable:    1390520 kB
Buffers:          100592 kB
Cached:          1204356 kB
MemTotal:        1844596 kB
MemFree:          104660 kB
MemAvailable:    1389660 kB
Buffers:          100592 kB
Cached:          1204356 kB
MemTotal:        1844596 kB
MemFree:          103428 kB
MemAvailable:    1388428 kB
Buffers:          100592 kB
Cached:          1204356 kB
MemTotal:        1844596 kB
MemFree:          104280 kB
MemAvailable:    1389280 kB
Buffers:          100592 kB
Cached:          1204356 kB
MemTotal:        1844596 kB
MemFree:          102676 kB
MemAvailable:    1387676 kB
Buffers:          100592 kB
Cached:          1204356 kB
MemTotal:        1844596 kB
MemFree:          103276 kB
MemAvailable:    1388276 kB
Buffers:          100592 kB
Cached:          1204356 kB
MemTotal:        1844596 kB
MemFree:          102800 kB
MemAvailable:    1387800 kB
Buffers:          100592 kB
Cached:          1204356 kB
MemTotal:        1844596 kB
MemFree:          101436 kB
MemAvailable:    1386436 kB
Buffers:          100592 kB
Cached:          1204356 kB
MemTotal:        1844596 kB
MemFree:          100064 kB
MemAvailable:    1385064 kB
Buffers:          100592 kB
Cached:          1204356 kB
MemTotal:        1844596 kB
MemFree:          100196 kB
MemAvailable:    1385196 kB
Buffers:          100592 kB
Cached:          1204356 kB
MemTotal:        1844596 kB
MemFree:          101324 kB
MemAvailable:    1386324 kB
Buffers:          100592 kB
Cached:          1204356 kB
MemTotal:        1844596 kB
MemFree:          100328 kB
MemAvailable:    1385328 kB
Buffers:          100592 kB
Cached:          1204356 kB
MemTotal:        1844596 kB
MemFree:          101180 kB
MemAvailable:    1386180 kB
Buffers:          100592 kB
Cached:          1204356 kB
MemTotal:        1844596 kB
MemFree:          101180 kB
MemAvailable:    1386180 kB
Buffers:          100592 kB
Cached:          1204356 kB
MemTotal:        1844596 kB
MemFree:           99948 kB
MemAvailable:    1384948 kB
Buffers:          100592 kB
Cached:          1204356 kB
MemTotal:        1844596 kB
MemFree:          100444 kB
MemAvailable:    1385444 kB
Buffers:          100592 kB
Cached:          1204356 kB
MemTotal:        1844596 kB
MemFree:           98832 kB
MemAvailable:    1383832 kB
Buffers:          100592 kB
Cached:          1204356 kB
MemTotal:        1844596 kB
MemFree:           99684 kB
MemAvailable:    1384684 kB
Buffers:          100592 kB
Cached:          1204356 kB
MemTotal:        1844596 kB
MemFree:           99452 kB
MemAvailable:    1384452 kB
Buffers:          100592 kB
Cached:          1204356 kB
MemTotal:        1844596 kB
MemFree:           99688 kB
MemAvailable:    1384688 kB
Buffers:          100592 kB
Cached:          1204356 kB
MemTotal:        1844596 kB
MemFree:           98400 kB
MemAvailable:    1383400 kB
Buffers:          100592 kB
Cached:          1204356 kB
MemTotal:        1844596 kB
MemFree:           98400 kB
MemAvailable:    1383400 kB
Buffers:          100592 kB
Cached:          1204356 kB
MemTotal:        1844596 kB
MemFree:           99568 kB
MemAvailable:    1384568 kB
Buffers:          100592 kB
Cached:          1204356 kB
MemTotal:        1844596 kB
MemFree:           98268 kB
MemAvailable:    1383268 kB
Buffers:          100592 kB
Cached:          1204356 kB
MemTotal:        1844596 kB
MemFree:           99604 kB
MemAvailable:    1384604 kB
Buffers:          100592 kB
Cached:          1204356 kB
MemTotal:        1844596 kB
MemFree:           98388 kB
MemAvailable:    1383388 kB
Buffers:          100592 kB
Cached:          1204356 kB
MemTotal:        1844596 kB
MemFree:           98380 kB
MemAvailable:    1383380 kB
Buffers:          100592 kB
Cached:          1204356 kB
MemTotal:        1844596 kB
MemFree:           98504 kB
MemAvailable:    1383504 kB
Buffers:          100592 kB
Cached:          1204356 kB
MemTotal:        1844596 kB
MemFree:           99892 kB
MemAvailable:    1384892 kB
Buffers:          100592 kB
Cached:          1204356 kB
MemTotal:        1844596 kB
MemFree:           98832 kB
MemAvailable:    1383832 kB
Buffers:          100592 kB
Cached:          1204356 kB
MemTotal:        1844596 kB
MemFree:           98164 kB
MemAvailable:    1383164 kB
Buffers:          100592 kB
Cached:          1204356 kB
MemTotal:        1844596 kB
MemFree:           98584 kB
MemAvailable:    1383584 kB
Buffers:          100592 kB
Cached:          1204356 kB
MemTotal:        1844596 kB
MemFree:           98412 kB
MemAvailable:    1383412 kB
Buffers:          100592 kB
Cached:          1204356 kB
MemTotal:        1844596 kB
MemFree:           99436 kB
MemAvailable:    1384436 kB
Buffers:          100592 kB
Cached:          1204356 kB
MemTotal:        1844596 kB
MemFree:           98160 kB
MemAvailable:    1383160 kB
Buffers:          100592 kB
Cached:          1204356 kB
MemTotal:        1844596 kB
MemFree:           98316 kB
MemAvailable:    1383316 kB
Buffers:          100592 kB
Cached:          1204356 kB
MemTotal:        1844596 kB
MemFree:           98444 kB
MemAvailable:    1383444 kB
Buffers:          100592 kB
Cached:          1204356 kB
MemTotal:        1844596 kB
MemFree:           99636 kB
MemAvailable:    1384636 kB
Buffers:          100592 kB
Cached:          1204356 kB
MemTotal:        1844596 kB
MemFree:           98288 kB
MemAvailable:    1383288 kB
Buffers:          100592 kB
Cached:          1204356 kB
MemTotal:        1844596 kB
MemFree:           99568 kB
MemAvailable:    1384568 kB
Buffers:          100592 kB
Cached:          1204356 kB
MemTotal:        1844596 kB
MemFree:           99336 kB
MemAvailable:    1384336 kB
Buffers:          100592 kB
Cached:          1204356 kB
MemTotal:        1844596 kB
MemFree:           99444 kB
MemAvailable:    1384444 kB
Buffers:          100592 kB
Cached:          1204356 kB
MemTotal:        1844596 kB
MemFree:           99588 kB
MemAvailable:    1384588 kB
Buffers:          100592 kB
Cached:          1204356 kB
MemTotal:        1844596 kB
MemFree:           99516 kB
MemAvailable:    1384516 kB
Buffers:          100592 kB
Cached:          1204356 kB
MemTotal:        1844596 kB
MemFree:           99768 kB
MemAvailable:    1384768 kB
Buffers:          100592 kB
Cached:          1204356 kB
MemTotal:        1844596 kB
MemFree:           99528 kB
MemAvailable:    1384528 kB
Buffers:          100592 kB
Cached:          1204356 kB
MemTotal:        1844596 kB
MemFree:           98400 kB
MemAvailable:    1383400 kB
Buffers:          100592 kB
Cached:          1204356 kB
MemTotal:        1844596 kB
MemFree:           99436 kB
MemAvailable:    1384436 kB
Buffers:          100596 kB
Cached:          1204352 kB
MemTotal:        1844596 kB
MemFree:           99204 kB
MemAvailable:    1384204 kB
Buffers:          100596 kB
Cached:          1204352 kB
MemTotal:        1844596 kB
MemFree:           99508 kB
MemAvailable:    1384508 kB
Buffers:          100596 kB
Cached:          1204352 kB
MemTotal:        1844596 kB
MemFree:           99576 kB
MemAvailable:    1384576 kB
Buffers:          100596 kB
Cached:          1204352 kB
MemTotal:        1844596 kB
MemFree:           98448 kB
MemAvailable:    1383448 kB
Buffers:          100596 kB
Cached:          1204352 kB
MemTotal:        1844596 kB
MemFree:           98448 kB
MemAvailable:    1383448 kB
Buffers:          100596 kB
Cached:          1204352 kB
MemTotal:        1844596 kB
MemFree:           98316 kB
MemAvailable:    1383316 kB
Buffers:          100596 kB
Cached:          1204352 kB
MemTotal:        1844596 kB
MemFree:           98688 kB
MemAvailable:    1383688 kB
Buffers:          100596 kB
Cached:          1204352 kB
MemTotal:        1844596 kB
MemFree:           99436 kB
MemAvailable:    1384436 kB
Buffers:          100596 kB
Cached:          1204352 kB
MemTotal:        1844596 kB
MemFree:           99328 kB
MemAvailable:    1384328 kB
Buffers:          100596 kB
Cached:          1204352 kB
MemTotal:        1844596 kB
MemFree:           99616 kB
MemAvailable:    1384616 kB
Buffers:          100596 kB
Cached:          1204352 kB
MemTotal:        1844596 kB
MemFree:           97848 kB
MemAvailable:    1382848 kB
Buffers:          100596 kB
Cached:          1204352 kB
MemTotal:        1844596 kB
MemFree:           95104 kB
MemAvailable:    1380108 kB
Buffers:          100596 kB
Cached:          1204356 kB
MemTotal:        1844596 kB
MemFree:           92748 kB
MemAvailable:    1377752 kB
Buffers:          100596 kB
Cached:          1204356 kB
MemTotal:        1844596 kB
MemFree:           89284 kB
MemAvailable:    1374296 kB
Buffers:          100596 kB
Cached:          1204364 kB
MemTotal:        1844596 kB
MemFree:           88804 kB
MemAvailable:    1373816 kB
Buffers:          100596 kB
Cached:          1204364 kB
MemTotal:        1844596 kB
MemFree:           84952 kB
MemAvailable:    1369964 kB
Buffers:          100596 kB
Cached:          1204364 kB
MemTotal:        1844596 kB
MemFree:           82596 kB
MemAvailable:    1367608 kB
Buffers:          100596 kB
Cached:          1204364 kB
MemTotal:        1844596 kB
MemFree:           79124 kB
MemAvailable:    1364136 kB
Buffers:          100596 kB
Cached:          1204364 kB
MemTotal:        1844596 kB
MemFree:           79000 kB
MemAvailable:    1364012 kB
Buffers:          100596 kB
Cached:          1204364 kB
MemTotal:        1844596 kB
MemFree:           80292 kB
MemAvailable:    1365304 kB
Buffers:          100596 kB
Cached:          1204364 kB
MemTotal:        1844596 kB
MemFree:           80252 kB
MemAvailable:    1365264 kB
Buffers:          100596 kB
Cached:          1204364 kB
MemTotal:        1844596 kB
MemFree:           80248 kB
MemAvailable:    1365260 kB
Buffers:          100596 kB
Cached:          1204364 kB
MemTotal:        1844596 kB
MemFree:           79248 kB
MemAvailable:    1364260 kB
Buffers:          100596 kB
Cached:          1204364 kB
MemTotal:        1844596 kB
MemFree:           80156 kB
MemAvailable:    1365168 kB
Buffers:          100596 kB
Cached:          1204364 kB
MemTotal:        1844596 kB
MemFree:           78856 kB
MemAvailable:    1363868 kB
Buffers:          100596 kB
Cached:          1204364 kB
MemTotal:        1844596 kB
MemFree:           78940 kB
MemAvailable:    1363952 kB
Buffers:          100596 kB
Cached:          1204364 kB
MemTotal:        1844596 kB
MemFree:           79056 kB
MemAvailable:    1364068 kB
Buffers:          100596 kB
Cached:          1204364 kB
MemTotal:        1844596 kB
MemFree:           79056 kB
MemAvailable:    1364068 kB
Buffers:          100596 kB
Cached:          1204364 kB
MemTotal:        1844596 kB
MemFree:           80048 kB
MemAvailable:    1365060 kB
Buffers:          100596 kB
Cached:          1204364 kB
MemTotal:        1844596 kB
MemFree:           79380 kB
MemAvailable:    1364392 kB
Buffers:          100596 kB
Cached:          1204364 kB
MemTotal:        1844596 kB
MemFree:           78828 kB
MemAvailable:    1363840 kB
Buffers:          100596 kB
Cached:          1204364 kB
MemTotal:        1844596 kB
MemFree:           78952 kB
MemAvailable:    1363964 kB
Buffers:          100596 kB
Cached:          1204364 kB
MemTotal:        1844596 kB
MemFree:           79324 kB
MemAvailable:    1364336 kB
Buffers:          100596 kB
Cached:          1204364 kB
MemTotal:        1844596 kB
MemFree:           80276 kB
MemAvailable:    1365288 kB
Buffers:          100596 kB
Cached:          1204364 kB
MemTotal:        1844596 kB
MemFree:           80232 kB
MemAvailable:    1365244 kB
Buffers:          100596 kB
Cached:          1204364 kB
MemTotal:        1844596 kB
MemFree:           78612 kB
MemAvailable:    1363624 kB
Buffers:          100596 kB
Cached:          1204364 kB
MemTotal:        1844596 kB
MemFree:           79912 kB
MemAvailable:    1364924 kB
Buffers:          100596 kB
Cached:          1204364 kB
MemTotal:        1844596 kB
MemFree:           79664 kB
MemAvailable:    1364676 kB
Buffers:          100596 kB
Cached:          1204364 kB
MemTotal:        1844596 kB
MemFree:           79916 kB
MemAvailable:    1364928 kB
Buffers:          100596 kB
Cached:          1204364 kB
MemTotal:        1844596 kB
MemFree:           78612 kB
MemAvailable:    1363624 kB
Buffers:          100596 kB
Cached:          1204364 kB
MemTotal:        1844596 kB
MemFree:           78504 kB
MemAvailable:    1363516 kB
Buffers:          100596 kB
Cached:          1204364 kB
MemTotal:        1844596 kB
MemFree:           78736 kB
MemAvailable:    1363748 kB
Buffers:          100596 kB
Cached:          1204364 kB
MemTotal:        1844596 kB
MemFree:           78820 kB
MemAvailable:    1363832 kB
Buffers:          100596 kB
Cached:          1204364 kB
MemTotal:        1844596 kB
MemFree:           73224 kB
MemAvailable:    1358236 kB
Buffers:          100596 kB
Cached:          1204364 kB
MemTotal:        1844596 kB
MemFree:           67840 kB
MemAvailable:    1352852 kB
Buffers:          100596 kB
Cached:          1204364 kB
MemTotal:        1844596 kB
MemFree:           70008 kB
MemAvailable:    1355020 kB
Buffers:          100596 kB
Cached:          1204364 kB
MemTotal:        1844596 kB
MemFree:           68964 kB
MemAvailable:    1353976 kB
Buffers:          100596 kB
Cached:          1204364 kB
MemTotal:        1844596 kB
MemFree:           69560 kB
MemAvailable:    1354572 kB
Buffers:          100596 kB
Cached:          1204364 kB
MemTotal:        1844596 kB
MemFree:           69328 kB
MemAvailable:    1354340 kB
Buffers:          100596 kB
Cached:          1204364 kB
MemTotal:        1844596 kB
MemFree:           67948 kB
MemAvailable:    1352960 kB
Buffers:          100596 kB
Cached:          1204364 kB
MemTotal:        1844596 kB
MemFree:           67716 kB
MemAvailable:    1352728 kB
Buffers:          100596 kB
Cached:          1204364 kB
MemTotal:        1844596 kB
MemFree:           66652 kB
MemAvailable:    1351664 kB
Buffers:          100596 kB
Cached:          1204364 kB
MemTotal:        1844596 kB
MemFree:           66496 kB
MemAvailable:    1351508 kB
Buffers:          100596 kB
Cached:          1204364 kB
MemTotal:        1844596 kB
MemFree:           66076 kB
MemAvailable:    1351088 kB
Buffers:          100596 kB
Cached:          1204364 kB
MemTotal:        1844596 kB
MemFree:           67464 kB
MemAvailable:    1352560 kB
Buffers:          100596 kB
Cached:          1204488 kB
MemTotal:        1844596 kB
MemFree:           67096 kB
MemAvailable:    1352192 kB
Buffers:          100596 kB
Cached:          1204488 kB
MemTotal:        1844596 kB
MemFree:           67216 kB
MemAvailable:    1352396 kB
Buffers:          100596 kB
Cached:          1204612 kB
MemTotal:        1844596 kB
MemFree:           65704 kB
MemAvailable:    1350968 kB
Buffers:          100596 kB
Cached:          1204736 kB
MemTotal:        1844596 kB
MemFree:           66952 kB
MemAvailable:    1352384 kB
Buffers:          100596 kB
Cached:          1204860 kB
MemTotal:        1844596 kB
MemFree:           66972 kB
MemAvailable:    1352488 kB
Buffers:          100596 kB
Cached:          1204984 kB
MemTotal:        1844596 kB
MemFree:           66976 kB
MemAvailable:    1352492 kB
Buffers:          100596 kB
Cached:          1204984 kB
MemTotal:        1844596 kB
MemFree:           66880 kB
MemAvailable:    1352480 kB
Buffers:          100596 kB
Cached:          1204984 kB
MemTotal:        1844596 kB
MemFree:           66984 kB
MemAvailable:    1352584 kB
Buffers:          100596 kB
Cached:          1204984 kB
MemTotal:        1844596 kB
MemFree:           66780 kB
MemAvailable:    1352380 kB
Buffers:          100596 kB
Cached:          1204984 kB
MemTotal:        1844596 kB
MemFree:           67024 kB
MemAvailable:    1352624 kB
Buffers:          100596 kB
Cached:          1204984 kB
MemTotal:        1844596 kB
MemFree:           66844 kB
MemAvailable:    1352444 kB
Buffers:          100596 kB
Cached:          1204984 kB
MemTotal:        1844596 kB
MemFree:           66800 kB
MemAvailable:    1352400 kB
Buffers:          100596 kB
Cached:          1204984 kB
MemTotal:        1844596 kB
MemFree:           65728 kB
MemAvailable:    1351328 kB
Buffers:          100596 kB
Cached:          1204984 kB
MemTotal:        1844596 kB
MemFree:           65356 kB
MemAvailable:    1351040 kB
Buffers:          100596 kB
Cached:          1205108 kB
MemTotal:        1844596 kB
MemFree:           67572 kB
MemAvailable:    1352584 kB
Buffers:          100596 kB
Cached:          1204392 kB
MemTotal:        1844596 kB
MemFree:           66528 kB
MemAvailable:    1351540 kB
Buffers:          100596 kB
Cached:          1204392 kB
MemTotal:        1844596 kB
MemFree:          182476 kB
MemAvailable:    1467488 kB
Buffers:          100596 kB
Cached:          1204392 kB
MemTotal:        1844596 kB
MemFree:          260344 kB
MemAvailable:    1545356 kB
Buffers:          100596 kB
Cached:          1204392 kB
